Mode: 0 (MANUAL)
MANUAL: _ZN15AP_Arming_Rover14pre_arm_checksEb @ 0x5bfbf0
MANUAL: _ZN9AP_Arming16barometer_checksEb @ 0x5bff00
MANUAL: _ZN9AP_Arming10ins_checksEb @ 0x5c0010
MANUAL: _ZN15AP_Arming_Rover10gps_checksEb @ 0x5c0400
MANUAL: _ZN9AP_Arming20board_voltage_checksEb @ 0x5c05d0
MANUAL: _ZN15AP_Arming_Rover21rc_calibration_checksEb @ 0x5c0780
MANUAL: _ZN9AP_Arming14mission_checksEb @ 0x5c0930
MANUAL: _ZNK9AP_Arming25terrain_database_requiredEv @ 0x5c0d40
MANUAL: _ZN9AP_Arming13system_checksEb @ 0x5c0dd0
MANUAL: _ZNK9AP_Arming16proximity_checksEb @ 0x5c1380
MANUAL: _ZN9AP_Arming18opendroneid_checksEb @ 0x5c1540
MANUAL: _ZN9AP_Arming23rc_in_calibration_checkEb @ 0x5c1630
MANUAL: _ZN9AP_Arming22serial_protocol_checksEb @ 0x5c16e0
MANUAL: _ZN2AP13serialmanagerEv @ 0x5c1810
MANUAL: _ZNK16AP_SerialManager11have_serialENS_14SerialProtocolEh @ 0x5c1850
MANUAL: _ZN16AP_SerialManager14pre_arm_checksEPch @ 0x5c1b20
MANUAL: _ZNK9AP_ParamTIiL11ap_var_type3EEcvRKiEv @ 0xa21b60
MANUAL: _ZN6AP_HAL4Util8snprintfEPcmPKcz @ 0x5c1c80
MANUAL: _ZN6AP_HAL4Util9vsnprintfEPcmPKcP13__va_list_tag @ 0x5c1e60
MANUAL: _ZN13BufferPrinterC2EPcm @ 0xa21bb0
MANUAL: _Z13print_vprintfPN6AP_HAL12BetterStreamEPKcP13__va_list_tag @ 0x5c1fa0
MANUAL: _Z11ftoa_enginefPchh @ 0x5c37f0
MANUAL: _Z12ultoa_invertjPch @ 0x5c3e30
MANUAL: _ZN6AP_HAL12BetterStreamC2Ev @ 0xa21c60
MANUAL: _ZN6AP_HAL12BetterStream6printfEPKcz @ 0x5c4000
MANUAL: _ZN6AP_HAL12BetterStream7vprintfEPKcP13__va_list_tag @ 0x5c41b0
MANUAL: _ZN13BufferPrinter5writeEh @ 0xa21cc0
MANUAL: _Z3gcsv @ 0x5c4420
MANUAL: _ZN3GCS10send_textvE12MAV_SEVERITYPKcP13__va_list_tag @ 0x5c4460
MANUAL: _ZNK3GCS28statustext_send_channel_maskEv @ 0x5c4530
MANUAL: _ZN11GCS_MAVLINK19active_channel_maskEv @ 0xa21f60
MANUAL: _ZN11GCS_MAVLINK22streaming_channel_maskEv @ 0xa21fa0
MANUAL: _ZN11GCS_MAVLINK20private_channel_maskEv @ 0xa21fe0
MANUAL: _ZN3GCS13get_singletonEv @ 0xa22020
MANUAL: _ZNK16AP_SerialManager22find_protocol_instanceENS_14SerialProtocolEh @ 0x5c45c0
MANUAL: _ZNK13AP_ParamTBaseIaL11ap_var_type1EE3getEv @ 0xa22060
MANUAL: _ZNK16AP_SerialManager14protocol_matchENS_14SerialProtocolES0_ @ 0x5c4760
MANUAL: _ZN16AP_SerialManager13get_singletonEv @ 0xa220b0
MANUAL: _Z2rcv @ 0x5c4860
MANUAL: _ZN11RC_Channels11calibratingEv @ 0xa220f0
MANUAL: _ZNK9AP_Arming12check_failedENS_5CheckEbPKcz @ 0x5c48a0
MANUAL: _ZNK9AP_Arming13check_enabledENS_5CheckE @ 0x5c4b30
MANUAL: _ZN11RC_Channels13get_singletonEv @ 0xa22150
MANUAL: _ZN2AP11opendroneidEv @ 0x5c4be0
MANUAL: _ZN14AP_OpenDroneID13pre_arm_checkEPch @ 0x5c4c20
MANUAL: _ZNK14AP_OpenDroneID14option_enabledENS_7OptionsE @ 0xa22190
MANUAL: _ZNK9AP_ParamTIaL11ap_var_type1EEcvRKaEv @ 0xa22220
MANUAL: _ZN6AP_HAL6millisEv @ 0x5c4ee0
MANUAL: _ZN13WithSemaphoreD2Ev @ 0x5c4f20
MANUAL: _ZN6AP_HAL8millis64Ev @ 0x5c4f80
MANUAL: _ZN6AP_HAL8micros64Ev @ 0x5c4fc0
MANUAL: _ZL14uint64_div1000m @ 0x5c5060
MANUAL: _ZN7HALSITL9Scheduler4fromEPN6AP_HAL9SchedulerE @ 0xa22270
MANUAL: _ZNK7HALSITL9Scheduler18stopped_clock_usecEv @ 0xa222c0
MANUAL: _ZN6AP_HALL10ts_to_nsecER8timespec @ 0x5c5150
MANUAL: _ZNK13AP_ParamTBaseIsL11ap_var_type2EE3getEv @ 0xa22310
MANUAL: _ZN13WithSemaphoreC2ERN6AP_HAL9SemaphoreEj @ 0x5c51b0
MANUAL: _ZN14AP_OpenDroneID13get_singletonEv @ 0xa22360
MANUAL: _ZN2AP9proximityEv @ 0x5c5290
MANUAL: _ZNK12AP_Proximity14prearm_healthyEPch @ 0x5c52d0
MANUAL: _ZN12AP_Proximity13get_singletonEv @ 0xa223a0
MANUAL: _ZN8AP_Param15get_eeprom_fullEv @ 0xa223e0
MANUAL: _ZN2AP9schedulerEv @ 0x5c55b0
MANUAL: _ZN12AP_Scheduler25get_filtered_loop_rate_hzEv @ 0xa22420
MANUAL: _ZN12AP_Scheduler16get_loop_rate_hzEv @ 0xa22470
MANUAL: _ZN10AP_Terrain13get_singletonEv @ 0xa22500
MANUAL: _ZN12AP_Scripting13get_singletonEv @ 0xa225a0
MANUAL: _ZNK12AP_Scripting13arming_checksEmPc @ 0x5c55f0
MANUAL: _ZN2AP4ADSBEv @ 0x5c58e0
MANUAL: _ZN2AP13internalerrorEv @ 0x5c5920
MANUAL: _ZNK16AP_InternalError6errorsEv @ 0xa22700
MANUAL: _ZN2AP3rpmEv @ 0x5c5ab0
MANUAL: _ZNK6AP_RPM13arming_checksEmPc @ 0x5c5af0
MANUAL: _ZN2AP5relayEv @ 0x5c5e20
MANUAL: _ZNK8AP_Relay13arming_checksEmPc @ 0x5c5e60
MANUAL: _ZN2AP9parachuteEv @ 0x5c61b0
MANUAL: _ZN2AP6buttonEv @ 0x5c6390
MANUAL: _ZNK9AP_Button13arming_checksEmPc @ 0x5c63d0
MANUAL: _ZN9AP_Button13get_singletonEv @ 0xa227a0
MANUAL: _ZN12SRV_Channels17function_assignedEN11SRV_Channel8FunctionE @ 0x5c6660
MANUAL: _ZNK7AP_EnumIN15AP_Relay_Params8FUNCTIONEEcvKS1_Ev @ 0xa227e0
MANUAL: _ZNK9AP_ParamTIsL11ap_var_type2EEcvRKsEv @ 0xa22830
MANUAL: _ZN12SRV_Channels25update_aux_servo_functionEv @ 0x5c67b0
MANUAL: _ZNK7BitmaskILt190EE3getEt @ 0xa22880
MANUAL: _ZNK7BitmaskILt190EE8validateEt @ 0xa22950
MANUAL: _ZN7BitmaskILt190EE8clearallEv @ 0xa229e0
MANUAL: _ZNK11SRV_Channel14valid_functionEv @ 0xa22a40
MANUAL: _ZN11SRV_Channel24aux_servo_function_setupEv @ 0x5c72b0
MANUAL: _ZN7BitmaskILt190EE3setEt @ 0xa22aa0
MANUAL: _ZN11SRV_Channel9set_angleEs @ 0x5c7450
MANUAL: _ZNK9AP_Enum16IN11SRV_Channel8FunctionEEcvKS1_Ev @ 0xa22b60
MANUAL: _ZN11SRV_Channel14valid_functionENS_8FunctionE @ 0xa22bb0
MANUAL: _ZN12AP_Parachute13get_singletonEv @ 0xa22c20
MANUAL: _ZNK8AP_Relay14function_validEN15AP_Relay_Params8FUNCTIONE @ 0x5c74d0
MANUAL: _ZNK8AP_Relay8DroneCAN9valid_pinEs @ 0x5c7540
MANUAL: _ZN8AP_Relay13get_singletonEv @ 0xa22c60
MANUAL: _ZN6AP_RPM13get_singletonEv @ 0xa22ca0
MANUAL: _ZN7AP_ADSB13get_singletonEv @ 0xa22ce0
MANUAL: _ZNK12AP_Scripting7enabledEv @ 0xa22d20
MANUAL: _ZNK12AP_Scripting13option_is_setENS_11DebugOptionE @ 0xa22d90
MANUAL: _ZNK13AP_ParamTBaseIiL11ap_var_type3EE3getEv @ 0xa22e90
MANUAL: _ZNK2AP8PerfInfo25get_filtered_loop_rate_hzEv @ 0x5c76a0
MANUAL: _ZNK2AP8PerfInfo17get_filtered_timeEv @ 0x5c7730
MANUAL: _ZN12AP_Scheduler13get_singletonEv @ 0x5c7780
MANUAL: _ZN2AP7missionEv @ 0x5c77c0
MANUAL: _ZN10AP_Mission26contains_terrain_alt_itemsEv @ 0x5c7800
MANUAL: _ZNK10AP_Mission36calculate_contains_terrain_alt_itemsEv @ 0x5c7890
MANUAL: _ZNK10AP_Mission12num_commandsEv @ 0xa22ee0
MANUAL: _ZNK10AP_Mission14get_command_idEt @ 0x5c79a0
MANUAL: _ZN10AP_Mission18stored_in_locationEt @ 0x5c7aa0
MANUAL: _ZN10AP_Mission15Mission_CommandC2Ev @ 0xa22f40
MANUAL: _ZNK10AP_Mission21read_cmd_from_storageEtRNS_15Mission_CommandE @ 0x5c7c30
MANUAL: _ZN10AP_Mission7ContentC2Ev @ 0xa22fa0
MANUAL: _ZN2AP4ahrsEv @ 0x5c80f0
MANUAL: _ZNK7AP_AHRS8get_homeEv @ 0xa22ff0
MANUAL: _ZNK13StorageAccess9read_byteEt @ 0x5c8130
MANUAL: _ZNK13StorageAccess11read_uint16Et @ 0x5c81a0
MANUAL: _ZNK13StorageAccess10read_blockEPvtm @ 0x5c8220
MANUAL: _ZN7AP_AHRS13get_singletonEv @ 0xa23040
MANUAL: _ZN8LocationC2Ev @ 0xa23080
MANUAL: _ZN8Location4zeroEv @ 0x5c8750
MANUAL: _ZN10AP_Mission13get_singletonEv @ 0xa230d0
MANUAL: _ZN2AP5rallyEv @ 0x5c88b0
MANUAL: _ZNK7AP_AHRS12get_locationER8Location @ 0x5c88f0
MANUAL: _ZNK10AP_Mission21failed_sdcard_storageEv @ 0xa23110
MANUAL: _ZN14StorageManager14storage_failedEv @ 0xa23170
MANUAL: _ZN2AP7vehicleEv @ 0x5c8b60
MANUAL: _ZNK10AP_Mission7presentEv @ 0xa231b0
MANUAL: _ZN10AP_Vehicle13get_singletonEv @ 0x5c8ba0
MANUAL: _ZNK8Location12get_distanceERKS_ @ 0x5c8dc0
MANUAL: _ZNK9AP_ParamTIfL11ap_var_type4EEcvRKfILb1EEEv @ 0xa23220
MANUAL: _ZN8Location14diff_longitudeEii @ 0x5c8e90
MANUAL: _ZN8Location15longitude_scaleEi @ 0x5c8f70
MANUAL: _Z4normIddJEEdT_T0_DpKT1_ @ 0xa23270
MANUAL: _Z2sqIdJdEEdT_DpKT0_ @ 0xa232e0
MANUAL: _Z2sqIdEdT_ @ 0xa23360
MANUAL: _ZL3MAXIdfEDTqugtfp_fp0_fp_fp0_ERKT_RKT0_ @ 0x5c9010
MANUAL: _ZN8LocationC2EiiiNS_8AltFrameE @ 0x5c90b0
MANUAL: _ZN8Location10set_alt_cmEiNS_8AltFrameE @ 0x5c9150
MANUAL: _ZN8AP_Rally13get_singletonEv @ 0xa233c0
MANUAL: _ZNK10RC_Channel13get_radio_minEv @ 0xa23400
MANUAL: _ZNK10RC_Channel13get_radio_maxEv @ 0xa23460
MANUAL: _ZN9AP_Arming21rc_calibration_checksEb @ 0x5c9240
MANUAL: _ZN11RC_Channels23get_valid_channel_countEv @ 0x5c93f0
MANUAL: _ZNK10RC_Channel12has_overrideEv @ 0x5c9460
MANUAL: _ZNK10RC_Channel14get_radio_trimEv @ 0xa234c0
MANUAL: _ZNK13AP_ParamTBaseIfL11ap_var_type4EE3getEv @ 0xa23600
MANUAL: _Z11is_positiveIfEbT_ @ 0xa23650
MANUAL: _Z7is_zerof @ 0xa236b0
MANUAL: _ZL3MINIihEDTqultfp_fp0_fp_fp0_ERKT_RKT0_.6275 @ 0x5c9520
MANUAL: _ZN14AP_BoardConfig25get_minimum_board_voltageEv @ 0xa23720
MANUAL: _ZN14AP_BoardConfig25get_minimum_servo_voltageEv @ 0xa237a0
MANUAL: _ZNK7AP_AHRS17have_inertial_navEv @ 0x5c9f80
MANUAL: _ZNK9AP_Arming8is_armedEv @ 0x5ca110
MANUAL: _ZNK9AP_Arming15arming_requiredEv @ 0x5ca190
MANUAL: _ZNK14AP_OpenDroneID7enabledEv @ 0xa23820
MANUAL: _ZNK7AP_EnumIN9AP_Arming8RequiredEEcvKS1_Ev @ 0xa23890
MANUAL: _ZNK7AP_AHRS8ekf_typeEv @ 0x5ca260
MANUAL: _ZNK7NavEKF315getFilterStatusER17nav_filter_status @ 0x5ca3f0
MANUAL: _ZN2AP12externalAHRSEv @ 0x5ca6e0
MANUAL: _ZNK15AP_ExternalAHRS17get_filter_statusER17nav_filter_status @ 0x5ca720
MANUAL: _ZN15AP_ExternalAHRS13get_singletonEv @ 0xa23940
MANUAL: _ZNK12NavEKF3_core15getFilterStatusER17nav_filter_status @ 0x5ca8b0
MANUAL: _ZNK7AP_AHRS14always_use_EKFEv @ 0xa23980
MANUAL: _ZNK7AP_AHRS15active_EKF_typeEv @ 0xa239e0
MANUAL: _ZNK7AP_AHRS7healthyEv @ 0x5ca990
MANUAL: _ZN2AP7compassEv @ 0x5cb430
MANUAL: _ZNK7Compass11use_for_yawEv @ 0x5cb470
MANUAL: _ZNK16AP_NavEKF_Source12getYawSourceEh @ 0x5cc2e0
MANUAL: _ZNK6AP_DAL8snprintfEPcmPKcz @ 0x5cc3c0
MANUAL: _ZNK12NavEKF3_core7healthyEv @ 0x5cc5a0
MANUAL: _ZNK16AP_NavEKF_Source14useVelXYSourceENS_8SourceXYEh @ 0x5cc960
MANUAL: _ZNK16AP_NavEKF_Source18getActiveSourceSetEh @ 0xa23a30
MANUAL: _ZNK7AP_EnumIN16AP_NavEKF_Source8SourceXYEEcvKS1_Ev @ 0xa23ae0
MANUAL: _ZNK16AP_NavEKF_Source13option_is_setENS_13SourceOptionsE @ 0xa23b30
MANUAL: _ZNK12NavEKF3_core15getFilterFaultsERt @ 0x5cca90
MANUAL: _ZNK11QuaternionTIdE6is_nanEv @ 0xa23bb0
MANUAL: _ZNK7Vector3IdE6is_nanEv @ 0xa23cb0
MANUAL: _ZNK7AP_EnumIN16AP_NavEKF_Source9SourceYawEEcvKS1_Ev @ 0xa23d80
MANUAL: _ZN2AP3dalEv @ 0x5ccbb0
MANUAL: _ZN6AP_DAL7compassEv @ 0xa23dd0
MANUAL: _ZNK14AP_DAL_Compass15get_num_enabledEv @ 0xa23e20
MANUAL: _ZN6AP_DAL13get_singletonEv @ 0xa23e70
MANUAL: _ZnwmRKSt9nothrow_t @ 0x5ccbf0
MANUAL: _ZN6AP_DALC2Ev @ 0xa23f10
MANUAL: _ZN8log_RFRNC2Ev @ 0xa24030
MANUAL: _ZN8log_ROFHC2Ev @ 0xa24090
MANUAL: _ZN8log_REPHC2Ev @ 0xa24110
MANUAL: _ZN8log_REVHC2Ev @ 0xa24180
MANUAL: _ZN8log_RWOHC2Ev @ 0xa241d0
MANUAL: _ZN8log_RBOHC2Ev @ 0xa24230
MANUAL: _ZN7Matrix3IfEC2Ev @ 0xa242b0
MANUAL: _ZN14AP_DAL_CompassC2Ev @ 0x5ccc70
MANUAL: _ZN8log_RMGIC2Ev @ 0xa24330
MANUAL: _ZN7Vector3IfEC2Ev @ 0xa243a0
MANUAL: _ZN10AP_DAL_GPSC2Ev @ 0x5ccd40
MANUAL: _ZN8log_RGPIC2Ev @ 0xa24400
MANUAL: _ZN8log_RGPJC2Ev @ 0xa24450
MANUAL: _ZN11AP_DAL_BaroC2Ev @ 0x5cceb0
MANUAL: _ZN21AP_DAL_InertialSensorC2Ev @ 0x5ccf40
MANUAL: _ZN8log_RISIC2Ev @ 0xa244b0
MANUAL: _ZN11QuaternionTIfEC2Ev @ 0xa24520
MANUAL: _ZN7Vector2IfEC2Ev @ 0xa24590
MANUAL: _ZN6AP_DAL4baroEv @ 0xa245f0
MANUAL: _ZN6AP_DAL6beaconEv @ 0xa24690
MANUAL: _ZN6AP_DAL3gpsEv @ 0xa24750
MANUAL: _ZNK6AP_DAL19opticalflow_enabledEv @ 0xa247f0
MANUAL: _ZN6AP_DAL11rangefinderEv @ 0xa24860
MANUAL: _ZN6AP_DAL10visualodomEv @ 0xa248b0
MANUAL: _ZNK7Compass7healthyEh @ 0x5cd520
MANUAL: _ZNK7Compass11use_for_yawEh @ 0x5cd5c0
MANUAL: _ZNK7Compass9availableEv @ 0xa249d0
MANUAL: _ZN14typesafe_indexIh12TAG_PriorityEC2Eh @ 0xa24a50
MANUAL: _ZNK19RestrictIDTypeArrayI9AP_ParamTIaL11ap_var_type1EELj3E14typesafe_indexIh12TAG_PriorityEEixERKS5_ @ 0xa24ab0
MANUAL: _ZNK7AP_EnumIN7Compass9LearnTypeEEcvKS1_Ev @ 0xa24b30
MANUAL: _ZNK14typesafe_indexIh12TAG_PriorityE7get_intEv @ 0xa24b80
MANUAL: _ZNK7Compass10_get_stateE14typesafe_indexIh12TAG_PriorityE @ 0xa24bd0
MANUAL: _ZNK7Compass13_get_state_idE14typesafe_indexIh12TAG_PriorityE @ 0x5cd6a0
MANUAL: _ZNK19RestrictIDTypeArrayIN7Compass9mag_stateELj4E14typesafe_indexIh14TAG_StateIndexEEixERKS4_ @ 0xa24c50
MANUAL: _ZNK14typesafe_indexIh14TAG_StateIndexE7get_intEv @ 0xa24cd0
MANUAL: _ZNK19RestrictIDTypeArrayIiLj3E14typesafe_indexIh12TAG_PriorityEEixERKS2_ @ 0xa24d20
MANUAL: _ZN14typesafe_indexIh14TAG_StateIndexEC2Eh @ 0xa24da0
MANUAL: _ZNK14typesafe_indexIh14TAG_StateIndexEltERKh @ 0xa24e00
MANUAL: _ZN14typesafe_indexIh14TAG_StateIndexEppEi @ 0xa24e70
MANUAL: _ZN7Compass13get_singletonEv @ 0xa24ee0
MANUAL: _ZN11QuaternionTIfE20from_rotation_matrixERK7Matrix3IfE @ 0xa25410
MANUAL: _ZNK12NavEKF3_core11use_compassEv @ 0x5cdd30
MANUAL: _ZNK14AP_DAL_Compass11use_for_yawEh @ 0xa25920
MANUAL: _ZNK12NavEKF3_core20getRotationBodyToNEDER7Matrix3IfE @ 0x5cde00
MANUAL: _ZNK11QuaternionTIdE15rotation_matrixER7Matrix3IfE @ 0xa25990
MANUAL: _ZNK6AP_DAL43get_rotation_vehicle_body_to_autopilot_bodyEv @ 0xa25ba0
MANUAL: _ZNK7Matrix3IfEmlERKS0_ @ 0xa25bf0
MANUAL: _ZN7Vector3IfEC2Efff @ 0xa25e60
MANUAL: _ZN7Matrix3IfEC2ERK7Vector3IfES4_S4_ @ 0xa25ef0
MANUAL: _ZN7Vector3IfEdVEf @ 0xa25fa0
MANUAL: _Z7wrap_PId @ 0x5cdf10
MANUAL: _ZN7Vector3IfEmLEf @ 0xa26030
MANUAL: _Z8wrap_2PId @ 0x5cdfa0
MANUAL: _ZN11QuaternionTIfEC2Effff @ 0xa26370
MANUAL: _ZNK11QuaternionTIfE15rotation_matrixER7Matrix3IfE @ 0xa26420
MANUAL: _ZNK7Matrix3IfE13mul_transposeERK7Vector3IfE @ 0xa26610
MANUAL: _ZNK7Vector3IfEmiERKS0_ @ 0xa26720
MANUAL: _ZNK7Vector3IfE6lengthEv @ 0xa267d0
MANUAL: _Z20constrain_value_lineIfET_S0_S0_S0_j @ 0xa26830
MANUAL: _Z4normIffJfEEdT_T0_DpKT1_ @ 0xa26950
MANUAL: _Z2sqIfJffEEdT_DpKT0_ @ 0xa269d0
MANUAL: _ZL2sqf.3424 @ 0x5ce090
MANUAL: _Z2sqIfJfEEdT_DpKT0_ @ 0xa26a70
MANUAL: _ZL2sqf.1606 @ 0x5ce0e0
MANUAL: _ZNK7AP_AHRS24get_rotation_body_to_nedEv @ 0xa26af0
MANUAL: _ZN2AP3gpsEv @ 0x5ce1f0
MANUAL: _ZNK6AP_GPS8get_typeEh @ 0xa26be0
MANUAL: _ZNK7AP_EnumIN6AP_GPS8GPS_TypeEEcvKS1_Ev @ 0xa26c70
MANUAL: _ZN6AP_GPS13get_singletonEv @ 0xa26cc0
MANUAL: _ZNK7AP_EnumIN15AP_ExternalAHRS7DevTypeEEcvKS1_Ev @ 0xa26d00
MANUAL: _ZNK7NavEKF37healthyEv @ 0x5ce340
MANUAL: _ZNK6AP_GPS11num_sensorsEv @ 0x5ce650
MANUAL: _ZNK6AP_GPS14primary_sensorEv @ 0xa26da0
MANUAL: _ZNK6AP_GPS6statusEh @ 0xa26df0
MANUAL: _ZNK6AP_GPS10is_healthyEh @ 0x5ce6d0
MANUAL: _ZNK7AP_AHRS11home_is_setEv @ 0xa26eb0
MANUAL: _ZNK6AP_GPS8locationEv @ 0xa26f10
MANUAL: _ZNK6AP_GPS22first_unconfigured_gpsERh @ 0x5ce990
MANUAL: _ZN3GCS9send_textE12MAV_SEVERITYPKcz @ 0x5ceb60
MANUAL: _ZNK6AP_GPS8locationEh @ 0xa26f70
MANUAL: _ZNK6AP_GPS12is_rtk_roverEh @ 0x5cee40
MANUAL: _ZN2AP3insEv @ 0x5cf1a0
MANUAL: _ZNK17AP_InertialSensor19get_gyro_health_allEv @ 0x5cf1e0
MANUAL: _ZNK17AP_InertialSensor22gyro_calibrated_ok_allEv @ 0x5cf2a0
MANUAL: _ZNK17AP_InertialSensor20get_accel_health_allEv @ 0x5cf3b0
MANUAL: _ZNK17AP_InertialSensor23accel_calibrated_ok_allEv @ 0x5cf470
MANUAL: _ZNK17AP_InertialSensor25accel_cal_requires_rebootEv @ 0xa27060
MANUAL: _ZN9AP_Arming21ins_accels_consistentERK17AP_InertialSensor @ 0x5cf740
MANUAL: _ZN9AP_Arming20ins_gyros_consistentERK17AP_InertialSensor @ 0x5cf840
MANUAL: _ZNK17AP_InertialSensor23temperature_cal_runningEv @ 0x5cf930
MANUAL: _ZNK17AP_InertialSensor12BatchSampler7enabledEv @ 0xa270c0
MANUAL: _ZNK17AP_InertialSensor12BatchSampler14is_initialisedEv @ 0xa27130
MANUAL: _ZNK17AP_InertialSensor34pre_arm_check_gyro_backend_rate_hzEPct @ 0x5cf9d0
MANUAL: _ZN2AP3fftEv @ 0x5cfb80
MANUAL: _ZN10AP_GyroFFT13pre_arm_checkEPch @ 0x5cfbc0
MANUAL: _ZNK10AP_GyroFFT16analysis_enabledEv @ 0xa27190
MANUAL: _ZN11ExpectDelayD2Ev @ 0x5d0310
MANUAL: _ZN12ObjectBufferIfEC2Ej @ 0xa27220
MANUAL: _ZdlPv @ 0x5d0890
MANUAL: _ZN7Vector3IfEixEh @ 0xa27520
MANUAL: _Z15constrain_int16sss @ 0xa27e80
MANUAL: _Z15constrain_valueIsET_S0_S0_S0_ @ 0xa27f10
MANUAL: _ZNK10ByteBuffer5spaceEv @ 0x5d20b0
MANUAL: _ZN10ByteBuffer5writeEPKhj @ 0x5d2310
MANUAL: _ZN10ByteBuffer7reserveEPNS_5IoVecEj @ 0x5d2430
MANUAL: _ZN10ByteBuffer6commitEj @ 0x5d2660
MANUAL: _ZN10ByteBuffer5clearEv @ 0x5d2820
MANUAL: _ZNK10ByteBuffer8get_sizeEv @ 0xa27fc0
MANUAL: _ZN10ByteBufferC2Ej @ 0x5d29a0
MANUAL: _ZN11ExpectDelayC2Ej @ 0x5d2ad0
MANUAL: _ZN10AP_GyroFFT13get_singletonEv @ 0xa28010
MANUAL: _ZNK17AP_InertialSensor14get_gyro_countEv @ 0xa28050
MANUAL: _ZNK17AP_InertialSensor4_useEh @ 0xa280c0
MANUAL: _ZNK17AP_InertialSensor8_gyro_idEh @ 0xa28120
MANUAL: _ZN17AP_InertialSensor8_gyro_idEh @ 0xa28180
MANUAL: _ZN17AP_InertialSensor4_useEh @ 0xa281f0
MANUAL: _ZL3MINIihEDTqultfp_fp0_fp_fp0_ERKT_RKT0_.3043 @ 0x5d2b90
MANUAL: _ZNK17AP_InertialSensor4tcalEh @ 0xa28260
MANUAL: _ZNK7AP_EnumIN22AP_InertialSensor_TCal6EnableEEcvKS1_Ev @ 0xa282c0
MANUAL: _ZN17AP_InertialSensor4tcalEh @ 0xa28310
MANUAL: _ZNK17AP_InertialSensor16gyros_consistentEh @ 0x5d2c20
MANUAL: _ZNK17AP_InertialSensor8get_gyroEv @ 0xa28380
MANUAL: _ZNK17AP_InertialSensor8use_gyroEh @ 0x5d2d50
MANUAL: _ZNK17AP_InertialSensor8get_gyroEh @ 0xa283e0
MANUAL: _ZL7radiansi.3111 @ 0x5d2e10
MANUAL: _ZNK17AP_InertialSensor15get_gyro_healthEh @ 0xa28450
MANUAL: _ZNK17AP_InertialSensor17accels_consistentEf @ 0x5d2e70
MANUAL: _ZNK17AP_InertialSensor15get_accel_countEv @ 0xa284f0
MANUAL: _ZL3MINIihEDTqultfp_fp0_fp_fp0_ERKT_RKT0_ @ 0x5d2fd0
MANUAL: _ZNK17AP_InertialSensor9get_accelEv @ 0xa28560
MANUAL: _ZNK17AP_InertialSensor9use_accelEh @ 0x5d3060
MANUAL: _ZNK17AP_InertialSensor9get_accelEh @ 0xa285c0
MANUAL: _ZNK17AP_InertialSensor16get_accel_healthEh @ 0xa28630
MANUAL: _ZNK17AP_InertialSensor13_accel_offsetEh @ 0xa286d0
MANUAL: _ZNK9AP_ParamVI7Vector3IfEL11ap_var_type5EE3getEv @ 0xa28730
MANUAL: _ZNK7Vector3IfE7is_zeroEv @ 0xa28780
MANUAL: _ZNK17AP_InertialSensor12_accel_scaleEh @ 0xa28830
MANUAL: _ZNK17AP_InertialSensor9_accel_idEh @ 0xa28890
MANUAL: _Z8is_equalIffENSt3__19enable_ifIXsr3std17is_floating_pointINS0_11common_typeIJT_T0_EE4typeEEE5valueEbE4typeES3_S4_ @ 0xa288f0
MANUAL: _ZN17AP_InertialSensor9_accel_idEh @ 0xa28970
MANUAL: _ZN17AP_InertialSensor12_accel_scaleEh @ 0xa289e0
MANUAL: _ZN17AP_InertialSensor13_accel_offsetEh @ 0xa28a50
MANUAL: _ZNK17AP_InertialSensor18gyro_calibrated_okEh @ 0xa28ac0
MANUAL: _ZN17AP_InertialSensor13get_singletonEv @ 0x5d3120
MANUAL: _ZN17AP_InertialSensorC2Ev @ 0x5d31c0
MANUAL: _ZN18AP_AccelCal_ClientC2Ev @ 0xa28b30
MANUAL: _ZN17AP_InertialSensor12BatchSamplerC2ERKS_ @ 0xa28b90
MANUAL: _ZN17AP_InertialSensor13HarmonicNotchC2Ev @ 0xa28c60
MANUAL: _ZN9AP_ParamTIiL11ap_var_type3EEC2Ev @ 0xa28cb0
MANUAL: _ZN9AP_ParamVI7Vector3IfEL11ap_var_type5EEC2Ev @ 0xa28d00
MANUAL: _ZN9AP_ParamTIsL11ap_var_type2EEC2Ev @ 0xa28d60
MANUAL: _ZN9AP_ParamTIaL11ap_var_type1EEC2Ev @ 0xa28db0
MANUAL: _ZN13LowPassFilterI7Vector3IfEEC2Ev @ 0xa28e00
MANUAL: _ZN9AP_ParamTIfL11ap_var_type4EEC2Ev @ 0xa28e50
MANUAL: _ZN22AP_InertialSensor_TCalC2Ev @ 0xa28ea0
MANUAL: _ZN8AP_Param21setup_object_defaultsEPKvPKNS_9GroupInfoE @ 0x5d3dd0
MANUAL: _ZN13LowPassFilterI7Vector3IfEE20set_cutoff_frequencyERKf @ 0xa28fc0
MANUAL: _ZN11AP_AccelCal15register_clientEP18AP_AccelCal_Client @ 0x5d3f60
MANUAL: _ZN8AP_Param17get_default_valueEPKS_RKNS_9GroupInfoE @ 0x5d4040
MANUAL: _ZN8AP_Param9set_valueE11ap_var_typePvf @ 0x5d4150
MANUAL: _ZN9AP_ParamVI7Vector3IfEL11ap_var_type5EE3setERKS1_ @ 0xa29030
MANUAL: _ZN13AP_ParamTBaseIaL11ap_var_type1EE3setERKa @ 0xa290a0
MANUAL: _ZN13AP_ParamTBaseIsL11ap_var_type2EE3setERKs @ 0xa29100
MANUAL: _ZN13AP_ParamTBaseIiL11ap_var_type3EE3setERKi @ 0xa29170
MANUAL: _ZN13AP_ParamTBaseIfL11ap_var_type4EE3setERKf @ 0xa291d0
MANUAL: _ZN7AP_EnumIN22AP_InertialSensor_TCal6EnableEEC2Ev @ 0xa29240
MANUAL: _ZN13AP_ParamTBaseIfL11ap_var_type4EEC2Ev @ 0xa29290
MANUAL: _ZN8AP_ParamC2Ev @ 0xa292e0
MANUAL: _ZN10DigitalLPFI7Vector3IfEEC2Ev @ 0xa29330
MANUAL: _ZN13AP_ParamTBaseIaL11ap_var_type1EEC2Ev @ 0xa293a0
MANUAL: _ZN13AP_ParamTBaseIsL11ap_var_type2EEC2Ev @ 0xa293f0
MANUAL: _ZN13AP_ParamTBaseIiL11ap_var_type3EEC2Ev @ 0xa29440
MANUAL: _ZN15LowPassFilter2pI7Vector3IfEEC2Ev @ 0xa29490
MANUAL: _ZN19DigitalBiquadFilterI7Vector3IfEEC2Ev @ 0xa29500
MANUAL: _ZN25HarmonicNotchFilterParamsC2Ev @ 0x5d4250
MANUAL: _ZN17NotchFilterParamsC2Ev @ 0xa295a0
MANUAL: _ZNK7Vector3IfEneERKS0_ @ 0xa29900
MANUAL: _ZNK8AP_Param6notifyEv @ 0x5d4a60
MANUAL: _ZNK8AP_Param13find_var_infoEPjRPKNS_9GroupInfoERNS_12GroupNestingEPh @ 0x5d4b90
MANUAL: _ZNK8AP_Param14copy_name_infoEPKNS_4InfoEPKNS_9GroupInfoERKNS_12GroupNestingEhPcmb @ 0x5d4e10
MANUAL: _ZNK8AP_Param14send_parameterEPKc11ap_var_typeh @ 0x5d5070
MANUAL: _ZNK8AP_Param13cast_to_floatE11ap_var_type @ 0x5d5210
MANUAL: _ZN3GCS20send_parameter_valueEPKc11ap_var_typef @ 0x5d5300
MANUAL: _ZL3MINImmEDTqultfp_fp0_fp_fp0_ERKT_RKT0_.5959 @ 0x5d5440
MANUAL: _ZN11GCS_MAVLINK14mav_param_typeE11ap_var_type @ 0x5d54c0
MANUAL: _ZN8AP_Param16count_parametersEv @ 0x5d5550
MANUAL: _ZN3GCS23send_to_active_channelsEjPKc @ 0x5d5700
MANUAL: _ZN9AP_Logger13get_singletonEv @ 0xa299d0
MANUAL: _ZN9AP_Logger15Write_ParameterEPKcf @ 0x5d5820
MANUAL: _ZNK9AP_Logger10quiet_nanfEv @ 0xa29a10
MANUAL: _ZN17AP_Logger_Backend15Write_ParameterEPKcff @ 0x5d5910
MANUAL: _Z14strncpy_notermPcPKcm @ 0x5d5a30
MANUAL: _ZN17AP_Logger_Backend18WriteCriticalBlockEPKvt @ 0xa29a60
MANUAL: _ZN17AP_Logger_Backend21WritePrioritisedBlockEPKvtbb @ 0x5d5ae0
MANUAL: _ZN17AP_Logger_Backend30validate_WritePrioritisedBlockEPKvt @ 0x5d5cb0
MANUAL: _ZN17AP_Logger_Backend9ShouldLogEb @ 0x5d5ea0
MANUAL: _ZNK17AP_Logger_Backend23message_type_from_blockEPKvtR11LogMessages @ 0x5d6460
MANUAL: _ZNK17AP_Logger_Backend28have_emitted_format_for_typeE11LogMessages @ 0xa29ae0
MANUAL: _ZN17AP_Logger_Backend12Write_FormatEPK12LogStructure @ 0x5d6a10
MANUAL: _ZN17AP_Logger_Backend11Fill_FormatEPK12LogStructureR10log_Format @ 0x5d6c70
MANUAL: _ZN7BitmaskILt256EE3setEt @ 0xa29b50
MANUAL: _ZNK7BitmaskILt256EE8validateEt @ 0xa29c10
MANUAL: _ZNK9AP_Logger22structure_for_msg_typeEh @ 0x5d6da0
MANUAL: _ZNK9AP_Logger9structureEt @ 0x5d6ef0
MANUAL: _ZNK7BitmaskILt256EE3getEt @ 0xa29ca0
MANUAL: _ZNK6AP_HAL4Util14get_soft_armedEv @ 0xa29d70
MANUAL: _ZN2AP6loggerEv @ 0x5d6f60
MANUAL: _ZNK9AP_Logger18in_log_persistanceEv @ 0x5d6fa0
MANUAL: _Z7is_zeroI9AP_ParamTIfL11ap_var_type4EEEbT_ @ 0xa29dd0
MANUAL: _ZNK12AP_Scheduler5ticksEv @ 0xa29e30
MANUAL: _ZN6AP_HAL8millis16Ev @ 0x5d71b0
MANUAL: _ZNK6AP_HAL4Util21get_last_armed_changeEv @ 0xa29f40
MANUAL: _ZNK9AP_Logger13WritesEnabledEv @ 0xa29f90
MANUAL: _ZNK19LoggerMessageWriter8finishedEv @ 0xa29ff0
MANUAL: _ZNK9AP_Logger15in_log_downloadEv @ 0x5d71f0
MANUAL: _ZNK9AP_Logger16vehicle_is_armedEv @ 0xa2a050
MANUAL: _ZNK9AP_Logger18log_while_disarmedEv @ 0x5d7290
MANUAL: _ZNK7AP_EnumIN9AP_Logger11LogDisarmedEEcvKS1_Ev @ 0xa2a0b0
MANUAL: _ZNK9AP_Logger26log_write_fmt_for_msg_typeEh @ 0x5d7390
MANUAL: mavlink_get_msg_entry @ 0x5d7440
MANUAL: _ZNK3GCS7num_gcsEv @ 0xa2a100
MANUAL: _ZNK11GCS_MAVLINK10is_privateEv @ 0xa2a150
MANUAL: _ZNK11GCS_MAVLINK9is_activeEv @ 0xa2a1b0
MANUAL: _ZN11GCS_MAVLINK12send_messageEPKcPK19__mavlink_msg_entry @ 0xa2a230
MANUAL: _ZN11GCS_MAVLINK18check_payload_sizeEt @ 0x5d7560
MANUAL: _mav_finalize_message_chan_send @ 0x5d7610
MANUAL: _Z26mavlink_get_channel_statush @ 0x5d7960
MANUAL: _Z17_mav_trim_payloadPKch @ 0x5d7a40
MANUAL: _ZL13crc_calculatePKht @ 0x5d7ae0
MANUAL: _ZL21crc_accumulate_bufferPtPKct @ 0x5d7b80
MANUAL: _ZL14crc_accumulatehPt @ 0x5d7c20
MANUAL: _Z14comm_send_lock17mavlink_channel_tt @ 0x5d7eb0
MANUAL: _mavlink_send_uart @ 0x5d7f70
MANUAL: _Z16comm_send_unlock17mavlink_channel_t @ 0x5d7ff0
MANUAL: _Z16comm_send_buffer17mavlink_channel_tPKhh @ 0x5d8070
MANUAL: _ZL13valid_channel17mavlink_channel_t @ 0x5d81e0
MANUAL: _Z24gcs_out_of_space_to_send17mavlink_channel_t @ 0x5d8290
MANUAL: _ZN11GCS_MAVLINK20out_of_space_to_sendEv @ 0xa2a370
MANUAL: _ZL8crc_initPt @ 0x5d8bc0
MANUAL: _ZN11GCS_MAVLINK14channel_statusEv @ 0xa2a3d0
MANUAL: _ZNK11GCS_MAVLINK7txspaceEv @ 0xa2a420
MANUAL: _ZNK11GCS_MAVLINK15packet_overheadEv @ 0xa2a4c0
MANUAL: _ZN11GCS_MAVLINK20packet_overhead_chanE17mavlink_channel_t @ 0x5d8c10
MANUAL: _ZL3MINIjjEDTqultfp_fp0_fp_fp0_ERKT_RKT0_.5950 @ 0x5d8cf0
MANUAL: _ZN11GCS_MAVLINK10is_privateE17mavlink_channel_t @ 0xa2a520
MANUAL: _ZN8AP_Param5firstEPNS_10ParamTokenEP11ap_var_typePf @ 0x5d8d70
MANUAL: _ZN8AP_Param11next_scalarEPNS_10ParamTokenEP11ap_var_typePf @ 0x5d8eb0
MANUAL: _ZN8AP_Param4nextEPNS_10ParamTokenEP11ap_var_typebPf @ 0x5d8fa0
MANUAL: _ZN8AP_Param13check_defaultEPS_Pf @ 0x5d92e0
MANUAL: _ZN8AP_Param8var_infoEt @ 0xa2a590
MANUAL: _ZN8AP_Param17get_default_valueEPKS_RKNS_4InfoE @ 0x5d93c0
MANUAL: _ZN8AP_Param16check_frame_typeEt @ 0x5d94d0
MANUAL: _ZN8AP_Param14get_group_infoERKNS_4InfoE @ 0x5d9570
MANUAL: _ZN8AP_Param10next_groupEtPKNS_9GroupInfoEPbjhlPNS_10ParamTokenEP11ap_var_typebPf @ 0x5d95f0
MANUAL: _ZN8AP_Param14get_group_infoERKNS_9GroupInfoE @ 0x5d9b90
MANUAL: _ZN8AP_Param19adjust_group_offsetEtRKNS_9GroupInfoERl @ 0x5d9c10
MANUAL: _ZN8AP_Param8group_idEPKNS_9GroupInfoEjhh @ 0x5d9d30
MANUAL: _ZN8AP_Param8get_baseERKNS_4InfoERl @ 0x5d9e30
MANUAL: _ZNK13AP_ParamTBaseIaL11ap_var_type1EE13cast_to_floatEv @ 0xa2a630
MANUAL: _ZNK13AP_ParamTBaseIsL11ap_var_type2EE13cast_to_floatEv @ 0xa2a680
MANUAL: _ZNK13AP_ParamTBaseIiL11ap_var_type3EE13cast_to_floatEv @ 0xa2a6d0
MANUAL: _ZNK13AP_ParamTBaseIfL11ap_var_type4EE13cast_to_floatEv @ 0xa2a720
MANUAL: _ZNK8AP_Param19add_vector3f_suffixEPcmh @ 0x5d9ee0
MANUAL: _ZNK8AP_Param19find_var_info_groupEPKNS_9GroupInfoEtjhlPjRS2_RNS_12GroupNestingEPh @ 0x5d9fc0
MANUAL: _ZN9AP_ParamVI7Vector3IfEL11ap_var_type5EE12set_and_saveERKS1_ @ 0xa2a7c0
MANUAL: _ZN8AP_Param4saveEb @ 0x5da4c0
MANUAL: _ZN17AP_InertialSensor13caltemp_accelEh @ 0xa2a850
MANUAL: _ZNK17AP_InertialSensor15get_temperatureEh @ 0xa2a8c0
MANUAL: _ZN13AP_ParamTBaseIfL11ap_var_type4EE12set_and_saveERKf @ 0xa2a920
MANUAL: _ZN13AP_ParamTBaseIiL11ap_var_type3EE12set_and_saveERKi @ 0xa2a9d0
MANUAL: _ZN13AP_ParamTBaseIfL11ap_var_type4EE22set_and_save_ifchangedERKf @ 0xa2aa80
MANUAL: _ZN7Vector3IfE4zeroEv @ 0xa2ab20
MANUAL: _ZNK7Vector3IfErmERKS0_ @ 0xa2ab80
MANUAL: _ZNK7Vector3IfEmlERKS0_ @ 0xa2ac60
MANUAL: _Z9safe_sqrtIfEfT_ @ 0xa2acf0
MANUAL: _ZNK11QuaternionTIfE14get_euler_rollEv @ 0xa2ae80
MANUAL: _ZNK11QuaternionTIfE15get_euler_pitchEv @ 0xa2af30
MANUAL: _Z9safe_asinIfEfT_ @ 0xa2afa0
MANUAL: _ZN7Vector3IfE6rotateE8Rotation @ 0xa2b190
MANUAL: _ZNK7Matrix3IfEmlERK7Vector3IfE @ 0xa2c170
MANUAL: _ZN13AP_ParamTBaseIaL11ap_var_type1EE22set_and_save_ifchangedERKa @ 0xa2c280
MANUAL: _ZN7Matrix3IfE10from_eulerEfff @ 0xa2c310
MANUAL: _ZN7Matrix3IfEC2Efffffffff @ 0xa2c540
MANUAL: _ZNK7Vector3IfEplERKS0_ @ 0xa2c670
MANUAL: _ZNK7Vector3IfEdvEf @ 0xa2c720
MANUAL: _Z4normIffJEEdT_T0_DpKT1_ @ 0xa2c7c0
MANUAL: _ZL3MINIhiEDTqultfp_fp0_fp_fp0_ERKT_RKT0_.3117 @ 0x5db3f0
MANUAL: _ZN7Vector3IfEpLERKS0_ @ 0xa2c830
MANUAL: _ZN15ObjectBuffer_TSIN8AP_Param10param_saveEE4peekERS1_ @ 0xa2c8d0
MANUAL: _ZN15ObjectBuffer_TSIN8AP_Param10param_saveEE4pushERKS1_ @ 0xa2c980
MANUAL: _ZN10ByteBuffer9peekbytesEPhj @ 0x5db470
MANUAL: _ZN10ByteBuffer9peekiovecEPNS_5IoVecEj @ 0x5db580
MANUAL: _ZNK10ByteBuffer9availableEv @ 0x5db6d0
MANUAL: _ZN10ByteBuffer7readptrERj @ 0x5db9b0
MANUAL: _ZNK7Vector3IfEngEv @ 0xa2ca60
MANUAL: _ZN2AP4sitlEv @ 0x5dbdb0
MANUAL: _ZN2AP4baroEv @ 0x5dbdf0
MANUAL: _ZNK7AP_Baro13arming_checksEmPc @ 0x5dbe30
MANUAL: _ZNK7AP_Baro11all_healthyEv @ 0x5dbef0
MANUAL: _ZNK7AP_Baro7healthyEh @ 0x5dbfa0
MANUAL: _ZN7AP_Baro13get_singletonEv @ 0xa2cb40
MANUAL: _ZN4SITL3SIM13get_singletonEv @ 0xa2cb80
MANUAL: _ZNK9AP_Logger15logging_presentEv @ 0x5dc680
MANUAL: _ZNK9AP_Logger15logging_startedEv @ 0x5dc770
MANUAL: _ZNK11RC_Channels17option_is_enabledENS_6OptionE @ 0xa2cc10
MANUAL: _ZNK11RC_Channels16get_roll_channelEv @ 0x5dc9d0
MANUAL: _ZNK11RC_Channels15get_yaw_channelEv @ 0x5dcab0
MANUAL: _ZNK10RC_Channel14get_control_inEv @ 0xa2cc90
MANUAL: _ZNK11RC_Channels20get_throttle_channelEv @ 0x5dcb20
MANUAL: _ZN11RC_Channels23find_channel_for_optionEN10RC_Channel8AUX_FUNCE @ 0x5dcb90
MANUAL: _ZN2AP5rcmapEv @ 0x5dce10
MANUAL: _ZNK8RCMapper8throttleEv @ 0xa2cd40
MANUAL: _ZNK11RC_Channels25get_rcmap_channel_nonnullEh @ 0x5dce50
MANUAL: _ZN11RC_Channels10rc_channelEh @ 0xa2cda0
MANUAL: _ZN8RCMapper13get_singletonEv @ 0xa2ce00
MANUAL: _ZNK8RCMapper3yawEv @ 0xa2ce40
MANUAL: _ZNK8RCMapper4rollEv @ 0xa2cf00
MANUAL: _ZNK11RC_Channels19flight_mode_channelEv @ 0x5dcee0
MANUAL: _ZNK8Sailboat12sail_enabledEv @ 0xa2d270
MANUAL: _ZNK11AP_WindVane7enabledEv @ 0x5dcf80
MANUAL: _ZN9AP_Arming14pre_arm_checksEb @ 0x5dcfe0
MANUAL: _ZN15AP_Arming_Rover12motor_checksEb @ 0x5dd4f0
MANUAL: _ZN15AP_Arming_Rover8oa_checkEb @ 0x5dd5f0
MANUAL: _ZN15AP_Arming_Rover16parameter_checksEb @ 0x5dd6f0
MANUAL: _ZN15AP_Arming_Rover11mode_checksEb @ 0x5dd7d0
MANUAL: _ZNK8AR_WPNav17get_default_speedEv @ 0xa2d2d0
MANUAL: _ZNK16AP_OAPathPlanner13pre_arm_checkEPch @ 0x5dd880
MANUAL: _ZNK12AP_MotorsUGV13pre_arm_checkEb @ 0x5dda20
MANUAL: _ZN11AP_Torqeedo13get_singletonEv @ 0x5ddec0
MANUAL: _ZN11AP_Torqeedo14pre_arm_checksEPch @ 0x5ddf00
MANUAL: _ZNK11AP_Torqeedo7enabledEv @ 0x5ddfc0
MANUAL: _ZNK11AP_Torqeedo12get_instanceEh @ 0x5de150
MANUAL: _ZNK11AP_Torqeedo7enabledEh @ 0x5de1e0
MANUAL: _ZNK12AP_MotorsUGV8has_sailEv @ 0x5de2b0
MANUAL: _ZNK12AP_MotorsUGV7is_omniEv @ 0xa2d330
MANUAL: _ZN12SRV_Channels18get_motor_functionEh @ 0xa2d3b0
MANUAL: _ZN9AP_Arming21hardware_safety_checkEb @ 0x5de340
MANUAL: _ZN9AP_Arming14compass_checksEb @ 0x5de410
MANUAL: _ZN9AP_Arming14battery_checksEb @ 0x5deb00
MANUAL: _ZN9AP_Arming14logging_checksEb @ 0x5debf0
MANUAL: _ZN9AP_Arming25manual_transmitter_checksEb @ 0x5ded60
MANUAL: _ZN9AP_Arming18rangefinder_checksEb @ 0x5dee60
MANUAL: _ZNK9AP_Arming12servo_checksEb @ 0x5def50
MANUAL: _ZNK9AP_Arming14terrain_checksEb @ 0x5df1a0
MANUAL: _ZN9AP_Arming10can_checksEb @ 0x5df2f0
MANUAL: _ZNK9AP_Arming16generator_checksEb @ 0x5df5c0
MANUAL: _ZN9AP_Arming13camera_checksEb @ 0x5df6c0
MANUAL: _ZNK9AP_Arming10osd_checksEb @ 0x5df7b0
MANUAL: _ZNK9AP_Arming12mount_checksEb @ 0x5df8a0
MANUAL: _ZNK9AP_Arming13fettec_checksEb @ 0x5df9b0
MANUAL: _ZNK9AP_Arming14visodom_checksEb @ 0x5dfa80
MANUAL: _ZN9AP_Arming15aux_auth_checksEb @ 0x5dfb70
MANUAL: _ZNK9AP_Arming20disarm_switch_checksEb @ 0x5dfdd0
MANUAL: _ZN9AP_Arming12fence_checksEb @ 0x5dfe90
MANUAL: _ZN9AP_Arming12estop_checksEb @ 0x5dffb0
MANUAL: _ZN12SRV_Channels18get_emergency_stopEv @ 0xa2d440
MANUAL: _ZNK10RC_Channel16read_3pos_switchERNS_12AuxSwitchPosE @ 0x5e0100
MANUAL: _ZNK10RC_Channel12get_radio_inEv @ 0xa2d480
MANUAL: _ZN2AP5fenceEv @ 0x5e0260
MANUAL: _ZNK8AC_Fence13pre_arm_checkEPch @ 0x5e02a0
MANUAL: _ZNK8AC_Fence7presentEv @ 0x5e0840
MANUAL: _ZNK8AC_Fence7enabledEv @ 0xa2d590
MANUAL: _ZN15ExpandingStringD2Ev @ 0x5e0e80
MANUAL: _ZNK19AC_PolyFence_loader17total_fence_countEv @ 0xa2d850
MANUAL: _ZNK7Vector2IfEmiERKS0_ @ 0xa2df80
MANUAL: _ZNK7Vector2IfEmlERKS0_ @ 0xa2e1f0
MANUAL: _ZNK7Vector2IfEmlEf @ 0xa2e270
MANUAL: _ZN7Vector2IfEC2Eff @ 0xa2e2f0
MANUAL: _ZNK19AC_PolyFence_loader27get_exclusion_polygon_countEv @ 0xa2e420
MANUAL: _ZNK19AC_PolyFence_loader27get_inclusion_polygon_countEv @ 0xa2e470
MANUAL: _ZNK19AC_PolyFence_loader26get_exclusion_circle_countEv @ 0xa2e4c0
MANUAL: _ZNK19AC_PolyFence_loader26get_inclusion_circle_countEv @ 0xa2e510
MANUAL: _ZN8AC_Fence13get_singletonEv @ 0xa2e560
MANUAL: _ZN2AP10visualodomEv @ 0x5e2080
MANUAL: _ZNK13AP_VisualOdom13pre_arm_checkEPch @ 0x5e20c0
MANUAL: _ZNK13AP_VisualOdom7enabledEv @ 0x5e21f0
MANUAL: _ZNK7AP_EnumIN13AP_VisualOdom15VisualOdom_TypeEEcvKS1_Ev @ 0xa2e5a0
MANUAL: _ZN13AP_VisualOdom13get_singletonEv @ 0xa2e5f0
MANUAL: _ZN16AP_FETtecOneWire13get_singletonEv @ 0xa2e630
MANUAL: _ZNK16AP_FETtecOneWire13pre_arm_checkEPch @ 0x5e2360
MANUAL: _ZN6AP_HAL6microsEv @ 0x5e2660
MANUAL: _ZN2AP5mountEv @ 0x5e26a0
MANUAL: _ZN8AP_Mount14pre_arm_checksEPch @ 0x5e26e0
MANUAL: _ZNK8AP_Mount14get_mount_typeEh @ 0x5e2870
MANUAL: _ZN8AP_Mount13get_singletonEv @ 0xa2e670
MANUAL: _ZN2AP3osdEv @ 0x5e2900
MANUAL: _ZNK6AP_OSD13pre_arm_checkEPch @ 0x5e2940
MANUAL: _ZNK6AP_OSD18is_readonly_screenEv @ 0xa2e6b0
MANUAL: _ZN6AP_OSD13get_singletonEv @ 0xa2e710
MANUAL: _ZN2AP6runcamEv @ 0x5e2a70
MANUAL: _ZN9AP_RunCam13get_singletonEv @ 0xa2e7c0
MANUAL: _ZN2AP9generatorEv @ 0x5e2c50
MANUAL: _ZNK12AP_Generator13pre_arm_checkEPch @ 0x5e2c90
MANUAL: _ZNK12AP_Generator4typeEv @ 0x5e2db0
MANUAL: _ZN12AP_Generator13get_singletonEv @ 0x5e2e10
MANUAL: _ZN2AP3canEv @ 0x5e2e50
MANUAL: _ZNK13AP_CANManager15get_num_driversEv @ 0xa2e800
MANUAL: _ZNK13AP_CANManager15get_driver_typeEh @ 0xa2e850
MANUAL: _ZN13AP_CANManager13get_singletonEv @ 0xa2ea50
MANUAL: _ZN12SRV_Channels11srv_channelEh @ 0xa2eb10
MANUAL: _ZNK11SRV_Channel12get_functionEv @ 0xa2eb90
MANUAL: _ZNK11SRV_Channel8get_trimEv @ 0xa2ebf0
MANUAL: _ZNK11SRV_Channel14get_output_minEv @ 0xa2ec50
MANUAL: _ZNK11SRV_Channel14get_output_maxEv @ 0xa2eca0
MANUAL: _ZN12SRV_Channels25get_disabled_channel_maskEv @ 0xa2ed00
MANUAL: _ZN11SRV_Channel13should_e_stopENS_8FunctionE @ 0x5e3c10
MANUAL: _ZN11RangeFinder13get_singletonEv @ 0xa2ed40
MANUAL: _ZNK11RangeFinder14prearm_healthyEPch @ 0x5e3c90
MANUAL: _ZNK9AP_Logger14logging_failedEv @ 0x5e4240
MANUAL: _ZN9AP_Logger12CardInsertedEv @ 0x5e4310
MANUAL: _ZN2AP7batteryEv @ 0x5e43c0
MANUAL: _ZNK14AP_BattMonitor13arming_checksEmPc @ 0x5e4400
MANUAL: _ZNK14AP_BattMonitor15configured_typeEh @ 0xa2ee30
MANUAL: _ZNK14AP_BattMonitor14allocated_typeEh @ 0xa2eea0
MANUAL: _ZNK22AP_BattMonitor_Backend13arming_checksEPcm @ 0x5e4600
MANUAL: _ZNK22AP_BattMonitor_Backend20check_failsafe_typesERbS0_S0_S0_ @ 0x5e4af0
MANUAL: _Z11is_positiveI9AP_ParamTIfL11ap_var_type4EEEbT_ @ 0xa2ef10
MANUAL: _ZL12update_checkmPcbPKc @ 0x5e4df0
MANUAL: _ZNK21AP_BattMonitor_Params23failsafe_voltage_sourceEv @ 0xa2eff0
MANUAL: _ZN14AP_BattMonitor13get_singletonEv @ 0xa2f050
MANUAL: _ZNK7Compass14is_calibratingEv @ 0x5e4f80
MANUAL: _ZNK7Compass27compass_cal_requires_rebootEv @ 0xa2f090
MANUAL: _ZNK7Compass7healthyEv @ 0xa2f0f0
MANUAL: _ZNK7Compass21learn_offsets_enabledEv @ 0xa2f150
MANUAL: _ZN7Compass10configuredEPch @ 0x5e50b0
MANUAL: _ZNK7Compass11get_offsetsEv @ 0xa2f1c0
MANUAL: _ZNK7Compass15get_offsets_maxEv @ 0xa2f220
MANUAL: _ZNK7Compass9get_fieldEv @ 0xa2f280
MANUAL: _ZNK7Compass10consistentEv @ 0x5e5340
MANUAL: _ZN7AP_AHRS11use_compassEv @ 0x5e5500
MANUAL: _ZN14AP_Declination18get_earth_field_gaERK8Location @ 0x5e55e0
MANUAL: _ZNK7Vector3IfEmlEf @ 0xa2f2e0
MANUAL: _ZL3MAXIffEDTqugtfp_fp0_fp_fp0_ERKT_RKT0_.10694 @ 0x5e5760
MANUAL: _ZN14AP_Declination16get_mag_field_efEffRfS0_S0_ @ 0x5e5880
MANUAL: _ZL7radiansf.2451 @ 0x5e5e80
MANUAL: _Z15constrain_int32iii @ 0xa2f380
MANUAL: _Z15constrain_valueIiET_S0_S0_S0_ @ 0xa2f3f0
MANUAL: _ZNK7NavEKF311use_compassEv @ 0x5e5f60
MANUAL: _ZN11AP_AHRS_DCM11use_compassEv @ 0x5e5ff0
MANUAL: _ZNK7AP_AHRS15get_fly_forwardEv @ 0xa2f4e0
MANUAL: _ZNK11AP_AHRS_DCM8have_gpsEv @ 0x5e61a0
MANUAL: _ZNK6AP_GPS12ground_speedEv @ 0xa2f540
MANUAL: _ZL7degreesf.1595 @ 0x5e6230
MANUAL: _ZNK6AP_GPS13ground_courseEv @ 0xa2f5a0
MANUAL: _Z8wrap_180IfET_S0_ @ 0xa2f600
MANUAL: _Z8wrap_360f @ 0x5e6280
MANUAL: _ZNK6AP_GPS13ground_courseEh @ 0xa2f690
MANUAL: _ZNK6AP_GPS12ground_speedEh @ 0xa2f700
MANUAL: _ZNK7AP_EnumI6GPSUseEcvKS0_Ev @ 0xa2f770
MANUAL: _ZNK6AP_GPS6statusEv @ 0xa2f7c0
MANUAL: _ZNK7Vector3IfE2xyEv @ 0xa2f820
MANUAL: _ZNK7Compass9get_countEv @ 0xa2f870
MANUAL: _ZNK7Compass9get_fieldEh @ 0xa2f8c0
MANUAL: _ZNK7Vector2IfE7is_zeroEv @ 0xa2f940
MANUAL: _ZNK7Vector3IfE5angleERKS0_ @ 0xa2f9d0
MANUAL: _ZL7radiansf.2166 @ 0x5e63a0
MANUAL: _ZNK7Vector2IfE5angleERKS0_ @ 0xa2fae0
MANUAL: _ZNK7Vector2IfE6lengthEv @ 0xa2fc00
MANUAL: _ZNK7Compass11get_offsetsEh @ 0xa2fc60
MANUAL: _ZNK9AP_ParamVI7Vector3IfEL11ap_var_type5EEcvRKS1_Ev @ 0xa2fce0
MANUAL: _ZNK14typesafe_indexIh12TAG_PriorityEltERKh @ 0xa2fd30
MANUAL: _ZN19RestrictIDTypeArrayIiLj3E14typesafe_indexIh12TAG_PriorityEEixERKS2_ @ 0xa2fda0
MANUAL: _ZNK14typesafe_indexIh12TAG_PriorityEcvhEv @ 0xa2fe20
MANUAL: _ZNK14typesafe_indexIh12TAG_PriorityEplERKh @ 0xa2fe70
MANUAL: _ZN19RestrictIDTypeArrayI9AP_ParamTIiL11ap_var_type3EELj3E14typesafe_indexIh12TAG_PriorityEEixERKS5_ @ 0xa2fef0
MANUAL: _ZN14typesafe_indexIh12TAG_PriorityEppEi @ 0xa2ff70
MANUAL: _ZN7Compass10configuredEh @ 0x5e63f0
MANUAL: _ZN19RestrictIDTypeArrayIN7Compass9mag_stateELj4E14typesafe_indexIh14TAG_StateIndexEEixERKS4_ @ 0xa2ffe0
MANUAL: _ZNK14typesafe_indexIh14TAG_StateIndexEeqERKh @ 0xa30060
MANUAL: _ZN8AP_Param4loadEv @ 0x5e6600
MANUAL: _ZN8AP_Param7set_keyERNS_12Param_headerEt @ 0x5e6900
MANUAL: _ZN8AP_Param4scanEPKNS_12Param_headerEPt @ 0x5e6990
MANUAL: _ZN8AP_Param9type_sizeE11ap_var_type @ 0x5e6b20
MANUAL: _ZNK13StorageAccess4sizeEv @ 0xa300d0
MANUAL: _ZN8AP_Param7get_keyERKNS_12Param_headerE @ 0x5e6bc0
MANUAL: _ZN8AP_Param11is_sentinalERKNS_12Param_headerE @ 0x5e6c30
MANUAL: _ZNK19RestrictIDTypeArrayIP17CompassCalibratorLj3E14typesafe_indexIh12TAG_PriorityEEixERKS4_ @ 0xa30120
MANUAL: _ZNK12AP_MotorsUGV6activeEv @ 0x5e6d80
MANUAL: _ZN15AP_Arming_Rover17update_soft_armedEv @ 0x5e70a0
MANUAL: _ZNK9AP_Arming14option_enabledENS_6OptionE @ 0xa301a0
MANUAL: _ZN9AP_Logger17set_vehicle_armedEb @ 0x5e7220
MANUAL: _ZN10AP_Mission18init_jump_trackingEv @ 0x5e7310
MANUAL: _ZNK9AP_Arming22get_rudder_arming_typeEv @ 0xa30220
MANUAL: _ZN14AP_BoardConfig13get_singletonEv @ 0xa30280
MANUAL: _ZN9AP_Logger11Write_EventE8LogEvent @ 0x5e7a50
MANUAL: _ZN8AC_Fence12clear_breachEh @ 0x5e7ae0
MANUAL: _ZN9AP_Logger18WriteCriticalBlockEPKvt @ 0x5e7b50
MANUAL: _ZNK12AP_MotorsUGV12get_throttleEv @ 0xa30390
MANUAL: _ZNK12AP_MotorsUGV18have_skid_steeringEv @ 0x5e7c00
MANUAL: _ZN11AP_SmartRTL8set_homeEb @ 0x5e7f10
MANUAL: _ZNK7AP_AHRS11get_yaw_radEv @ 0xa30430
MANUAL: _ZNK7AP_AHRS38get_relative_position_NED_origin_floatER7Vector3IfE @ 0x5e80a0
MANUAL: _ZN11AP_SmartRTL8set_homeEbRK7Vector3IfE @ 0x5e8160
MANUAL: _ZN11AP_SmartRTL20reset_simplificationEv @ 0x5e8240
MANUAL: _ZN11AP_SmartRTL13reset_pruningEv @ 0x5e82a0
MANUAL: _ZN11AP_SmartRTL9add_pointERK7Vector3IfE @ 0x5e8310
MANUAL: _ZN7HALSITL9Semaphore16take_nonblockingEv @ 0x5e84d0
MANUAL: _ZNK11AP_SmartRTL10log_actionENS_6ActionERK7Vector3IfE @ 0x5e8560
MANUAL: _ZNK7Vector3IfE16distance_squaredERKS0_ @ 0xa30480
MANUAL: _ZL2sqf.11254 @ 0x5e8620
MANUAL: _ZN7HALSITL9Semaphore4giveEv @ 0x5e8670
MANUAL: _ZN9AP_Logger10Write_SRTLEbtthRK7Vector3IfE @ 0x5e8720
MANUAL: _ZN9AP_Logger10WriteBlockEPKvt @ 0x5e8840
MANUAL: _ZN17AP_Logger_Backend10WriteBlockEPKvt @ 0xa30540
MANUAL: _ZN11AP_SmartRTL15restart_pruningEt @ 0x5e88f0
MANUAL: _ZN11AP_SmartRTL22restart_simplificationEt @ 0x5e89a0
MANUAL: _ZN7BitmaskILt500EE6setallEv @ 0xa305d0
MANUAL: _ZN7Vector3IdEC2Ev @ 0xa30680
MANUAL: _ZNK7AP_AHRS32get_relative_position_NED_originER7Vector3IdE @ 0x5e8a30
MANUAL: _ZNK7Vector3IdE7tofloatEv @ 0xa306e0
MANUAL: _ZNK11AP_AHRS_DCM32get_relative_position_NED_originER7Vector3IdE @ 0x5e8c30
MANUAL: _ZN7Vector2IdEC2Ev @ 0xa30760
MANUAL: _ZNK7NavEKF38getPosNEER7Vector2IdE @ 0x5e8e50
MANUAL: _ZNK7NavEKF37getPosDERd @ 0x5e8ef0
MANUAL: _ZN15AP_ExternalAHRS10get_originER8Location @ 0x5e9220
MANUAL: _ZN7Vector3IdEC2Eddd @ 0xa307c0
MANUAL: _ZNK8Location11initialisedEv @ 0xa30850
MANUAL: _ZNK7Vector3IfE8todoubleEv @ 0xa308e0
MANUAL: _ZN7Vector3IdEmLEd @ 0xa30960
MANUAL: _ZN8Location13offset_latlngERiS0_dd @ 0x5e9560
MANUAL: _ZN8Location15limit_lattitudeEi @ 0x5e9660
MANUAL: _ZN8Location14wrap_longitudeEl @ 0x5e9700
MANUAL: _ZNK11AP_AHRS_SIM12get_locationER8Location @ 0x5e97a0
MANUAL: _ZNK8Location23get_distance_NE_postypeERKS_ @ 0x5e9890
MANUAL: _ZN7Vector2IdEC2Edd @ 0xa309f0
MANUAL: _ZNK12NavEKF3_core7getPosDERd @ 0x5e9980
MANUAL: _ZNK12NavEKF3_core13getPosD_localERd @ 0x5e9a50
MANUAL: _ZNK12NavEKF3_core12getOriginLLHER8Location @ 0x5e9ae0
MANUAL: _ZNK12NavEKF3_core8getPosNEER7Vector2IdE @ 0x5e9bd0
MANUAL: _ZNK7Vector3IdE2xyEv @ 0xa30a70
MANUAL: _ZNK7Vector2IdE8todoubleEv @ 0xa30ac0
MANUAL: _ZNK7Vector2IdEplERKS0_ @ 0xa30b20
MANUAL: _ZNK10AP_DAL_GPS6statusEh @ 0xa30bb0
MANUAL: _ZNK10AP_DAL_GPS8locationEh @ 0xa30c20
MANUAL: _ZN7Vector2IdE4zeroEv @ 0xa30c90
MANUAL: _ZNK10AP_DAL_GPS14primary_sensorEv @ 0xa30cf0
MANUAL: _ZNK10AP_DAL_GPS8locationEv @ 0xa30d40
MANUAL: _ZNK11AP_AHRS_DCM10get_originER8Location @ 0x5ea160
MANUAL: _ZNK11AP_AHRS_DCM12get_locationER8Location @ 0x5ea220
MANUAL: _ZNK8Location24get_distance_NED_postypeERKS_ @ 0x5ea420
MANUAL: _ZNK7AP_Baro12get_altitudeEv @ 0xa30da0
MANUAL: _ZN8Location6offsetEdd @ 0x5ea550
MANUAL: _ZNK6AP_GPS7get_lagERf @ 0xa30e00
MANUAL: _ZNK6AP_GPS7get_lagEhRf @ 0x5ea5e0
MANUAL: _ZNK7AP_Baro12get_altitudeEh @ 0xa30e80
MANUAL: _ZNK8Location7is_zeroEv @ 0x5ea7f0
MANUAL: _ZNK7AP_AHRS16get_velocity_NEDER7Vector3IfE @ 0x5eabc0
MANUAL: _ZNK9AP_ParamTIfL11ap_var_type4EEngEv @ 0xa30f50
MANUAL: _ZNK8Location10get_alt_cmENS_8AltFrameERi @ 0x5eb2c0
MANUAL: _ZNK8Location13get_alt_frameEv @ 0x5eb600
MANUAL: _ZNK7AP_AHRS10get_originER8Location @ 0x5eb6e0
MANUAL: _ZNK9AP_Arming18get_enabled_checksEv @ 0x5ec150
MANUAL: _GLOBAL__sub_I_AP_Arming_Rover.cpp @ 0x58bd00
MANUAL: _GLOBAL__sub_I_AP_ExternalControl_Rover.cpp @ 0x58bd40
MANUAL: _GLOBAL__sub_I_AP_Rally.cpp @ 0x58bd80
MANUAL: _GLOBAL__sub_I_GCS_MAVLink_Rover.cpp @ 0x58bdc0
MANUAL: _GLOBAL__sub_I_GCS_Rover.cpp @ 0x58be00
MANUAL: _GLOBAL__sub_I_Log.cpp @ 0x58be40
MANUAL: _GLOBAL__sub_I_Parameters.cpp @ 0x58be80
MANUAL: _GLOBAL__sub_I_RC_Channel_Rover.cpp @ 0x58bec0
MANUAL: _GLOBAL__sub_I_Rover.cpp @ 0x58bf00
MANUAL: _GLOBAL__sub_I_Steering.cpp @ 0x58bf40
MANUAL: _GLOBAL__sub_I_afs_rover.cpp @ 0x58bf80
MANUAL: _GLOBAL__sub_I_balance_bot.cpp @ 0x58bfc0
MANUAL: _GLOBAL__sub_I_commands.cpp @ 0x58c000
MANUAL: _GLOBAL__sub_I_crash_check.cpp @ 0x58c040
MANUAL: _GLOBAL__sub_I_cruise_learn.cpp @ 0x58c080
MANUAL: _GLOBAL__sub_I_ekf_check.cpp @ 0x58c0c0
MANUAL: _GLOBAL__sub_I_failsafe.cpp @ 0x58c100
MANUAL: _GLOBAL__sub_I_fence.cpp @ 0x58c140
MANUAL: _GLOBAL__sub_I_mode.cpp @ 0x58c180
MANUAL: _GLOBAL__sub_I_mode_acro.cpp @ 0x58c1c0
MANUAL: _GLOBAL__sub_I_mode_auto.cpp @ 0x58c200
MANUAL: _GLOBAL__sub_I_mode_circle.cpp @ 0x58c240
MANUAL: _GLOBAL__sub_I_mode_dock.cpp @ 0x58c280
MANUAL: _GLOBAL__sub_I_mode_follow.cpp @ 0x58c2c0
MANUAL: _GLOBAL__sub_I_mode_guided.cpp @ 0x58c300
MANUAL: _GLOBAL__sub_I_mode_hold.cpp @ 0x58c340
MANUAL: _GLOBAL__sub_I_mode_loiter.cpp @ 0x58c380
MANUAL: _GLOBAL__sub_I_mode_manual.cpp @ 0x58c3c0
MANUAL: _GLOBAL__sub_I_mode_rtl.cpp @ 0x58c400
MANUAL: _GLOBAL__sub_I_mode_simple.cpp @ 0x58c440
MANUAL: _GLOBAL__sub_I_mode_smart_rtl.cpp @ 0x58c480
MANUAL: _GLOBAL__sub_I_mode_steering.cpp @ 0x58c4c0
MANUAL: _GLOBAL__sub_I_motor_test.cpp @ 0x58c500
MANUAL: _GLOBAL__sub_I_precision_landing.cpp @ 0x58c540
MANUAL: _GLOBAL__sub_I_radio.cpp @ 0x58c580
MANUAL: _GLOBAL__sub_I_sailboat.cpp @ 0x58c5c0
MANUAL: _GLOBAL__sub_I_sensors.cpp @ 0x58c600
MANUAL: _GLOBAL__sub_I_system.cpp @ 0x58c640
MANUAL: _GLOBAL__sub_I_AP_AHRS_Logging.cpp @ 0x58c680
MANUAL: _GLOBAL__sub_I_AP_AHRS.cpp @ 0x58c6c0
MANUAL: _GLOBAL__sub_I_AP_AHRS_Backend.cpp @ 0x58c700
MANUAL: _GLOBAL__sub_I_AP_AHRS_DCM.cpp @ 0x58c740
MANUAL: _GLOBAL__sub_I_AP_Airspeed.cpp @ 0x58c780
MANUAL: _GLOBAL__sub_I_AP_Airspeed_NMEA.cpp @ 0x58c7c0
MANUAL: _GLOBAL__sub_I_AP_Airspeed_Params.cpp @ 0x58c800
MANUAL: _GLOBAL__sub_I_AP_Baro_atmosphere.cpp @ 0x58c840
MANUAL: _GLOBAL__sub_I_AP_Baro.cpp @ 0x58c880
MANUAL: _GLOBAL__sub_I_AP_Baro_SITL.cpp @ 0x58c8c0
MANUAL: _GLOBAL__sub_I_AP_BattMonitor.cpp @ 0x58c900
MANUAL: _GLOBAL__sub_I_AP_BattMonitor_Params.cpp @ 0x58c940
MANUAL: _GLOBAL__sub_I_AP_BoardConfig.cpp @ 0x58c980
MANUAL: _GLOBAL__sub_I_AP_Camera.cpp @ 0x58c9c0
MANUAL: _GLOBAL__sub_I_AP_Camera_Backend.cpp @ 0x58ca00
MANUAL: _GLOBAL__sub_I_AP_Camera_Logging.cpp @ 0x58ca40
MANUAL: _GLOBAL__sub_I_AP_Camera_MAVLink.cpp @ 0x58ca80
MANUAL: _GLOBAL__sub_I_AP_Camera_MAVLinkCamV2.cpp @ 0x58cac0
MANUAL: _GLOBAL__sub_I_AP_Camera_Mount.cpp @ 0x58cb00
MANUAL: _GLOBAL__sub_I_AP_Camera_Params.cpp @ 0x58cb40
MANUAL: _GLOBAL__sub_I_AP_Camera_Relay.cpp @ 0x58cb80
MANUAL: _GLOBAL__sub_I_AP_Camera_Scripting.cpp @ 0x58cbc0
MANUAL: _GLOBAL__sub_I_AP_Camera_Servo.cpp @ 0x58cc00
MANUAL: _GLOBAL__sub_I_AP_Camera_SoloGimbal.cpp @ 0x58cc40
MANUAL: _GLOBAL__sub_I_AP_RunCam.cpp @ 0x58cc80
MANUAL: _GLOBAL__sub_I_Location.cpp @ 0x58ccc0
MANUAL: _GLOBAL__sub_I_AP_Compass.cpp @ 0x58cd00
MANUAL: _GLOBAL__sub_I_AP_Compass_AK09916.cpp @ 0x58cd40
MANUAL: _GLOBAL__sub_I_AP_Compass_BMM150.cpp @ 0x58cd80
MANUAL: _GLOBAL__sub_I_AP_Compass_BMM350.cpp @ 0x58cdc0
MANUAL: _GLOBAL__sub_I_AP_Compass_Backend.cpp @ 0x58ce00
MANUAL: _GLOBAL__sub_I_AP_Compass_Calibration.cpp @ 0x58ce40
MANUAL: _GLOBAL__sub_I_AP_Compass_DroneCAN.cpp @ 0x58ce80
MANUAL: _GLOBAL__sub_I_AP_Compass_ExternalAHRS.cpp @ 0x58cec0
MANUAL: _GLOBAL__sub_I_AP_Compass_HMC5843.cpp @ 0x58cf00
MANUAL: _GLOBAL__sub_I_AP_Compass_IST8308.cpp @ 0x58cf40
MANUAL: _GLOBAL__sub_I_AP_Compass_IST8310.cpp @ 0x58cf80
MANUAL: _GLOBAL__sub_I_AP_Compass_LIS3MDL.cpp @ 0x58cfc0
MANUAL: _GLOBAL__sub_I_AP_Compass_MMC3416.cpp @ 0x58d000
MANUAL: _GLOBAL__sub_I_AP_Compass_MSP.cpp @ 0x58d040
MANUAL: _GLOBAL__sub_I_AP_Compass_QMC5883L.cpp @ 0x58d080
MANUAL: _GLOBAL__sub_I_AP_Compass_QMC5883P.cpp @ 0x58d0c0
MANUAL: _GLOBAL__sub_I_AP_Compass_RM3100.cpp @ 0x58d100
MANUAL: _GLOBAL__sub_I_AP_Compass_SITL.cpp @ 0x58d140
MANUAL: _GLOBAL__sub_I_CompassCalibrator.cpp @ 0x58d180
MANUAL: _GLOBAL__sub_I_Compass_PerMotor.cpp @ 0x58d1c0
MANUAL: _GLOBAL__sub_I_Compass_learn.cpp @ 0x58d200
MANUAL: _GLOBAL__sub_I_AP_Declination.cpp @ 0x58d240
MANUAL: _GLOBAL__sub_I_tables.cpp @ 0x58d280
MANUAL: _GLOBAL__sub_I_AP_GPS.cpp @ 0x58d2c0
MANUAL: _GLOBAL__sub_I_AP_GPS_Blended.cpp @ 0x58d300
MANUAL: _GLOBAL__sub_I_AP_GPS_DroneCAN.cpp @ 0x58d340
MANUAL: _GLOBAL__sub_I_AP_GPS_ERB.cpp @ 0x58d380
MANUAL: _GLOBAL__sub_I_AP_GPS_ExternalAHRS.cpp @ 0x58d3c0
MANUAL: _GLOBAL__sub_I_AP_GPS_GSOF.cpp @ 0x58d400
MANUAL: _GLOBAL__sub_I_AP_GPS_MAV.cpp @ 0x58d440
MANUAL: _GLOBAL__sub_I_AP_GPS_MSP.cpp @ 0x58d480
MANUAL: _GLOBAL__sub_I_AP_GPS_NMEA.cpp @ 0x58d4c0
MANUAL: _GLOBAL__sub_I_AP_GPS_NOVA.cpp @ 0x58d500
MANUAL: _GLOBAL__sub_I_AP_GPS_Params.cpp @ 0x58d540
MANUAL: _GLOBAL__sub_I_AP_GPS_SBF.cpp @ 0x58d580
MANUAL: _GLOBAL__sub_I_AP_GPS_SBP.cpp @ 0x58d5c0
MANUAL: _GLOBAL__sub_I_AP_GPS_SBP2.cpp @ 0x58d600
MANUAL: _GLOBAL__sub_I_AP_GPS_SIRF.cpp @ 0x58d640
MANUAL: _GLOBAL__sub_I_AP_GPS_SITL.cpp @ 0x58d680
MANUAL: _GLOBAL__sub_I_AP_GPS_UBLOX.cpp @ 0x58d6c0
MANUAL: _GLOBAL__sub_I_GPS_Backend.cpp @ 0x58d700
MANUAL: _GLOBAL__sub_I_MovingBase.cpp @ 0x58d740
MANUAL: _GLOBAL__sub_I_RTCM3_Parser.cpp @ 0x58d780
MANUAL: _GLOBAL__sub_I_AP_GSOF.cpp @ 0x58d7c0
MANUAL: _GLOBAL__sub_I_GPIO.cpp @ 0x58d800
MANUAL: _GLOBAL__sub_I_UARTDriver.cpp @ 0x58d840
MANUAL: _GLOBAL__sub_I_Util.cpp @ 0x58d880
MANUAL: _GLOBAL__sub_I_AP_InertialSensor_Logging.cpp @ 0x58d8c0
MANUAL: _GLOBAL__sub_I_AP_InertialSensor.cpp @ 0x58d900
MANUAL: _GLOBAL__sub_I_AP_GeodesicGrid.cpp @ 0x58d940
MANUAL: _GLOBAL__sub_I_AP_Math.cpp @ 0x58d980
MANUAL: _GLOBAL__sub_I_control.cpp @ 0x58d9c0
MANUAL: _GLOBAL__sub_I_location.cpp @ 0x58da00
MANUAL: _GLOBAL__sub_I_matrix3.cpp @ 0x58da40
MANUAL: _GLOBAL__sub_I_matrix_alg.cpp @ 0x58da80
MANUAL: _GLOBAL__sub_I_quaternion.cpp @ 0x58dac0
MANUAL: _GLOBAL__sub_I_vector2.cpp @ 0x58db00
MANUAL: _GLOBAL__sub_I_vector3.cpp @ 0x58db40
MANUAL: _GLOBAL__sub_I_AP_Mission_ChangeDetector.cpp @ 0x58db80
MANUAL: _GLOBAL__sub_I_AP_Mission.cpp @ 0x58dbc0
MANUAL: _GLOBAL__sub_I_EKFGSF_yaw.cpp @ 0x58dc00
MANUAL: _GLOBAL__sub_I_AP_NavEKF2_Logging.cpp @ 0x58dc40
MANUAL: _GLOBAL__sub_I_AP_NavEKF2_Outputs.cpp @ 0x58dc80
MANUAL: _GLOBAL__sub_I_AP_NavEKF2.cpp @ 0x58dcc0
MANUAL: _GLOBAL__sub_I_AP_NavEKF3.cpp @ 0x58dd00
MANUAL: _GLOBAL__sub_I_AP_NavEKF3_Control.cpp @ 0x58dd40
MANUAL: _GLOBAL__sub_I_AP_NavEKF3_GyroBias.cpp @ 0x58dd80
MANUAL: _GLOBAL__sub_I_AP_NavEKF3_Logging.cpp @ 0x58ddc0
MANUAL: _GLOBAL__sub_I_AP_NavEKF3_MagFusion.cpp @ 0x58de00
MANUAL: _GLOBAL__sub_I_AP_NavEKF3_Measurements.cpp @ 0x58de40
MANUAL: _GLOBAL__sub_I_AP_NavEKF3_OptFlowFusion.cpp @ 0x58de80
MANUAL: _GLOBAL__sub_I_AP_NavEKF3_Outputs.cpp @ 0x58dec0
MANUAL: _GLOBAL__sub_I_AP_NavEKF3_PosVelFusion.cpp @ 0x58df00
MANUAL: _GLOBAL__sub_I_AP_NavEKF3_VehicleStatus.cpp @ 0x58df40
MANUAL: _GLOBAL__sub_I_AP_NavEKF3_core.cpp @ 0x58df80
MANUAL: _GLOBAL__sub_I_AP_Notify.cpp @ 0x58dfc0
MANUAL: _GLOBAL__sub_I_Display.cpp @ 0x58e000
MANUAL: _GLOBAL__sub_I_DroneCAN_RGB_LED.cpp @ 0x58e040
MANUAL: _GLOBAL__sub_I_NeoPixel.cpp @ 0x58e080
MANUAL: _GLOBAL__sub_I_ProfiLED.cpp @ 0x58e0c0
MANUAL: _GLOBAL__sub_I_RGBLed.cpp @ 0x58e100
MANUAL: _GLOBAL__sub_I_ToneAlarm.cpp @ 0x58e140
MANUAL: _GLOBAL__sub_I_AP_OpticalFlow.cpp @ 0x58e180
MANUAL: _GLOBAL__sub_I_AP_OpticalFlow_Backend.cpp @ 0x58e1c0
MANUAL: _GLOBAL__sub_I_AP_OpticalFlow_CXOF.cpp @ 0x58e200
MANUAL: _GLOBAL__sub_I_AP_OpticalFlow_Calibrator.cpp @ 0x58e240
MANUAL: _GLOBAL__sub_I_AP_OpticalFlow_HereFlow.cpp @ 0x58e280
MANUAL: _GLOBAL__sub_I_AP_OpticalFlow_MAV.cpp @ 0x58e2c0
MANUAL: _GLOBAL__sub_I_AP_OpticalFlow_MSP.cpp @ 0x58e300
MANUAL: _GLOBAL__sub_I_AP_OpticalFlow_PX4Flow.cpp @ 0x58e340
MANUAL: _GLOBAL__sub_I_AP_OpticalFlow_Pixart.cpp @ 0x58e380
MANUAL: _GLOBAL__sub_I_AP_OpticalFlow_SITL.cpp @ 0x58e3c0
MANUAL: _GLOBAL__sub_I_AP_OpticalFlow_UPFLOW.cpp @ 0x58e400
MANUAL: _GLOBAL__sub_I_AP_Param.cpp @ 0x58e440
MANUAL: _GLOBAL__sub_I_AP_ParamT.cpp @ 0x58e490
MANUAL: _GLOBAL__sub_I_AP_Rally.cpp.4792 @ 0x58e4d0
MANUAL: _GLOBAL__sub_I_AP_RangeFinder.cpp @ 0x58e510
MANUAL: _GLOBAL__sub_I_AP_RangeFinder_Ainstein_LR_D1.cpp @ 0x58e550
MANUAL: _GLOBAL__sub_I_AP_RangeFinder_BLPing.cpp @ 0x58e590
MANUAL: _GLOBAL__sub_I_AP_RangeFinder_Backend.cpp @ 0x58e5d0
MANUAL: _GLOBAL__sub_I_AP_RangeFinder_Backend_CAN.cpp @ 0x58e610
MANUAL: _GLOBAL__sub_I_AP_RangeFinder_Backend_Serial.cpp @ 0x58e650
MANUAL: _GLOBAL__sub_I_AP_RangeFinder_Benewake.cpp @ 0x58e690
MANUAL: _GLOBAL__sub_I_AP_RangeFinder_Benewake_CAN.cpp @ 0x58e6d0
MANUAL: _GLOBAL__sub_I_AP_RangeFinder_Benewake_TFMiniPlus.cpp @ 0x58e710
MANUAL: _GLOBAL__sub_I_AP_RangeFinder_GYUS42v2.cpp @ 0x58e750
MANUAL: _GLOBAL__sub_I_AP_RangeFinder_HC_SR04.cpp @ 0x58e790
MANUAL: _GLOBAL__sub_I_AP_RangeFinder_JRE_Serial.cpp @ 0x58e7d0
MANUAL: _GLOBAL__sub_I_AP_RangeFinder_Lanbao.cpp @ 0x58e810
MANUAL: _GLOBAL__sub_I_AP_RangeFinder_LeddarOne.cpp @ 0x58e850
MANUAL: _GLOBAL__sub_I_AP_RangeFinder_LeddarVu8.cpp @ 0x58e890
MANUAL: _GLOBAL__sub_I_AP_RangeFinder_LightWareI2C.cpp @ 0x58e8d0
MANUAL: _GLOBAL__sub_I_AP_RangeFinder_LightWareSerial.cpp @ 0x58e910
MANUAL: _GLOBAL__sub_I_AP_RangeFinder_Lua.cpp @ 0x58e950
MANUAL: _GLOBAL__sub_I_AP_RangeFinder_MAVLink.cpp @ 0x58e990
MANUAL: _GLOBAL__sub_I_AP_RangeFinder_MSP.cpp @ 0x58e9d0
MANUAL: _GLOBAL__sub_I_AP_RangeFinder_MaxsonarI2CXL.cpp @ 0x58ea10
MANUAL: _GLOBAL__sub_I_AP_RangeFinder_MaxsonarSerialLV.cpp @ 0x58ea50
MANUAL: _GLOBAL__sub_I_AP_RangeFinder_NMEA.cpp @ 0x58ea90
MANUAL: _GLOBAL__sub_I_AP_RangeFinder_NRA24_CAN.cpp @ 0x58ead0
MANUAL: _GLOBAL__sub_I_AP_RangeFinder_NoopLoop.cpp @ 0x58eb10
MANUAL: _GLOBAL__sub_I_AP_RangeFinder_Params.cpp @ 0x58eb50
MANUAL: _GLOBAL__sub_I_AP_RangeFinder_PulsedLightLRF.cpp @ 0x58eb90
MANUAL: _GLOBAL__sub_I_AP_RangeFinder_RDS02UF.cpp @ 0x58ebd0
MANUAL: _GLOBAL__sub_I_AP_RangeFinder_SITL.cpp @ 0x58ec10
MANUAL: _GLOBAL__sub_I_AP_RangeFinder_TOFSenseF_I2C.cpp @ 0x58ec50
MANUAL: _GLOBAL__sub_I_AP_RangeFinder_TOFSenseP_CAN.cpp @ 0x58ec90
MANUAL: _GLOBAL__sub_I_AP_RangeFinder_TeraRangerI2C.cpp @ 0x58ecd0
MANUAL: _GLOBAL__sub_I_AP_RangeFinder_TeraRanger_Serial.cpp @ 0x58ed10
MANUAL: _GLOBAL__sub_I_AP_RangeFinder_USD1_CAN.cpp @ 0x58ed50
MANUAL: _GLOBAL__sub_I_AP_RangeFinder_USD1_Serial.cpp @ 0x58ed90
MANUAL: _GLOBAL__sub_I_AP_RangeFinder_VL53L0X.cpp @ 0x58edd0
MANUAL: _GLOBAL__sub_I_AP_RangeFinder_VL53L1X.cpp @ 0x58ee10
MANUAL: _GLOBAL__sub_I_AP_RangeFinder_Wasp.cpp @ 0x58ee50
MANUAL: _GLOBAL__sub_I_AP_RangeFinder_analog.cpp @ 0x58ee90
MANUAL: _GLOBAL__sub_I_PerfInfo.cpp @ 0x58eed0
MANUAL: _GLOBAL__sub_I_AP_Scheduler.cpp @ 0x58ef10
MANUAL: _GLOBAL__sub_I_AP_SerialManager.cpp @ 0x58ef50
MANUAL: _GLOBAL__sub_I_AP_Terrain.cpp @ 0x58ef90
MANUAL: _GLOBAL__sub_I_Parameters.cpp.5368 @ 0x58efd0
MANUAL: _GLOBAL__sub_I_AP_Vehicle.cpp @ 0x58f010
MANUAL: _GLOBAL__sub_I_LogFile.cpp @ 0x58f050
MANUAL: _GLOBAL__sub_I_AP_Logger.cpp @ 0x58f090
MANUAL: _GLOBAL__sub_I_AP_Logger_Backend.cpp @ 0x58f0d0
MANUAL: _GLOBAL__sub_I_AP_Logger_File.cpp @ 0x58f110
MANUAL: _GLOBAL__sub_I_LoggerMessageWriter.cpp @ 0x58f150
MANUAL: _GLOBAL__sub_I_AP_Filter.cpp @ 0x58f190
MANUAL: _GLOBAL__sub_I_AP_Filter_params.cpp @ 0x58f1d0
MANUAL: _GLOBAL__sub_I_AP_NotchFilter_params.cpp @ 0x58f210
MANUAL: _GLOBAL__sub_I_DerivativeFilter.cpp @ 0x58f250
MANUAL: _GLOBAL__sub_I_LowPassFilter.cpp @ 0x58f290
MANUAL: _GLOBAL__sub_I_LowPassFilter2p.cpp @ 0x58f2d0
MANUAL: _GLOBAL__sub_I_NotchFilter.cpp @ 0x58f310
MANUAL: _GLOBAL__sub_I_HarmonicNotchFilter.cpp @ 0x58f350
MANUAL: _GLOBAL__sub_I_GCS_MAVLink.cpp @ 0x58f390
MANUAL: _GLOBAL__sub_I_GCS_Param.cpp @ 0x58f3d0
MANUAL: _GLOBAL__sub_I_GCS_Signing.cpp @ 0x58f410
MANUAL: _GLOBAL__sub_I_MAVLink_routing.cpp @ 0x58f450
MANUAL: _GLOBAL__sub_I_GCS.cpp @ 0x58f490
MANUAL: _GLOBAL__sub_I_GCS_Common.cpp @ 0x58f4d0
MANUAL: _GLOBAL__sub_I_GCS_Fence.cpp @ 0x58f510
MANUAL: _GLOBAL__sub_I_GCS_MAVLink_Parameters.cpp @ 0x58f550
MANUAL: _GLOBAL__sub_I_RC_Channels.cpp @ 0x58f590
MANUAL: _GLOBAL__sub_I_RC_Channel.cpp @ 0x58f5d0
MANUAL: _GLOBAL__sub_I_SRV_Channel_aux.cpp @ 0x58f610
MANUAL: _GLOBAL__sub_I_SRV_Channels.cpp @ 0x58f650
MANUAL: _GLOBAL__sub_I_StorageManager.cpp @ 0x58f690
MANUAL: _GLOBAL__sub_I_AP_RPM.cpp @ 0x58f6d0
MANUAL: _GLOBAL__sub_I_AP_RPM_Params.cpp @ 0x58f710
MANUAL: _GLOBAL__sub_I_RPM_Backend.cpp @ 0x58f750
MANUAL: _GLOBAL__sub_I_RPM_DroneCAN.cpp @ 0x58f790
MANUAL: _GLOBAL__sub_I_RPM_EFI.cpp @ 0x58f7d0
MANUAL: _GLOBAL__sub_I_RPM_ESC_Telem.cpp @ 0x58f810
MANUAL: _GLOBAL__sub_I_RPM_Generator.cpp @ 0x58f850
MANUAL: _GLOBAL__sub_I_RPM_HarmonicNotch.cpp @ 0x58f890
MANUAL: _GLOBAL__sub_I_RPM_Pin.cpp @ 0x58f8d0
MANUAL: _GLOBAL__sub_I_RPM_SITL.cpp @ 0x58f910
MANUAL: _GLOBAL__sub_I_AP_RSSI.cpp @ 0x58f950
MANUAL: _GLOBAL__sub_I_AP_Mount.cpp @ 0x58f990
MANUAL: _GLOBAL__sub_I_AP_Mount_Alexmos.cpp @ 0x58f9d0
MANUAL: _GLOBAL__sub_I_AP_Mount_Backend.cpp @ 0x58fa10
MANUAL: _GLOBAL__sub_I_AP_Mount_Backend_Serial.cpp @ 0x58fa50
MANUAL: _GLOBAL__sub_I_AP_Mount_CADDX.cpp @ 0x58fa90
MANUAL: _GLOBAL__sub_I_AP_Mount_Gremsy.cpp @ 0x58fad0
MANUAL: _GLOBAL__sub_I_AP_Mount_Params.cpp @ 0x58fb10
MANUAL: _GLOBAL__sub_I_AP_Mount_SToRM32.cpp @ 0x58fb50
MANUAL: _GLOBAL__sub_I_AP_Mount_SToRM32_serial.cpp @ 0x58fb90
MANUAL: _GLOBAL__sub_I_AP_Mount_Scripting.cpp @ 0x58fbd0
MANUAL: _GLOBAL__sub_I_AP_Mount_Servo.cpp @ 0x58fc10
MANUAL: _GLOBAL__sub_I_AP_Mount_Siyi.cpp @ 0x58fc50
MANUAL: _GLOBAL__sub_I_AP_Mount_SoloGimbal.cpp @ 0x58fc90
MANUAL: _GLOBAL__sub_I_AP_Mount_Topotek.cpp @ 0x58fcd0
MANUAL: _GLOBAL__sub_I_AP_Mount_Viewpro.cpp @ 0x58fd10
MANUAL: _GLOBAL__sub_I_AP_Mount_XFRobot.cpp @ 0x58fd50
MANUAL: _GLOBAL__sub_I_AP_Mount_Xacti.cpp @ 0x58fd90
MANUAL: _GLOBAL__sub_I_SoloGimbal.cpp @ 0x58fdd0
MANUAL: _GLOBAL__sub_I_SoloGimbalEKF.cpp @ 0x58fe10
MANUAL: _GLOBAL__sub_I_SoloGimbal_Parameters.cpp @ 0x58fe50
MANUAL: _GLOBAL__sub_I_AP_Button.cpp @ 0x58fe90
MANUAL: _GLOBAL__sub_I_AP_Frsky_Telem.cpp @ 0x58fed0
MANUAL: _GLOBAL__sub_I_AP_Frsky_SPort_Passthrough.cpp @ 0x58ff10
MANUAL: _GLOBAL__sub_I_AP_IBus_Telem.cpp @ 0x58ff50
MANUAL: _GLOBAL__sub_I_AP_Relay.cpp @ 0x58ff90
MANUAL: _GLOBAL__sub_I_AP_ServoRelayEvents.cpp @ 0x58ffd0
MANUAL: _GLOBAL__sub_I_AP_Volz_Protocol.cpp @ 0x590010
MANUAL: _GLOBAL__sub_I_AP_SBusOut.cpp @ 0x590050
MANUAL: _GLOBAL__sub_I_AP_Parachute.cpp @ 0x590090
MANUAL: _GLOBAL__sub_I_AP_RCProtocol.cpp @ 0x5900d0
MANUAL: _GLOBAL__sub_I_AP_RCProtocol_CRSF.cpp @ 0x590110
MANUAL: _GLOBAL__sub_I_AP_RCProtocol_FPort.cpp @ 0x590150
MANUAL: _GLOBAL__sub_I_AP_RCProtocol_FPort2.cpp @ 0x590190
MANUAL: _GLOBAL__sub_I_AP_RCProtocol_GHST.cpp @ 0x5901d0
MANUAL: _GLOBAL__sub_I_AP_RCProtocol_SRXL2.cpp @ 0x590210
MANUAL: _GLOBAL__sub_I_AP_RCProtocol_UDP.cpp @ 0x590250
MANUAL: _GLOBAL__sub_I_AP_VisualOdom.cpp @ 0x590290
MANUAL: _GLOBAL__sub_I_AP_VisualOdom_Backend.cpp @ 0x5902d0
MANUAL: _GLOBAL__sub_I_AP_VisualOdom_IntelT265.cpp @ 0x590310
MANUAL: _GLOBAL__sub_I_AP_VisualOdom_Logging.cpp @ 0x590350
MANUAL: _GLOBAL__sub_I_AP_VisualOdom_MAV.cpp @ 0x590390
MANUAL: _GLOBAL__sub_I_AP_Proximity.cpp @ 0x5903d0
MANUAL: _GLOBAL__sub_I_AP_Proximity_AirSimSITL.cpp @ 0x590410
MANUAL: _GLOBAL__sub_I_AP_Proximity_Backend.cpp @ 0x590450
MANUAL: _GLOBAL__sub_I_AP_Proximity_Backend_Serial.cpp @ 0x590490
MANUAL: _GLOBAL__sub_I_AP_Proximity_Boundary_3D.cpp @ 0x5904d0
MANUAL: _GLOBAL__sub_I_AP_Proximity_Cygbot_D1.cpp @ 0x590510
MANUAL: _GLOBAL__sub_I_AP_Proximity_LD06.cpp @ 0x590550
MANUAL: _GLOBAL__sub_I_AP_Proximity_LightWareSF40C.cpp @ 0x590590
MANUAL: _GLOBAL__sub_I_AP_Proximity_LightWareSF45B.cpp @ 0x5905d0
MANUAL: _GLOBAL__sub_I_AP_Proximity_LightWareSerial.cpp @ 0x590610
MANUAL: _GLOBAL__sub_I_AP_Proximity_MAV.cpp @ 0x590650
MANUAL: _GLOBAL__sub_I_AP_Proximity_MR72_CAN.cpp @ 0x590690
MANUAL: _GLOBAL__sub_I_AP_Proximity_Params.cpp @ 0x5906d0
MANUAL: _GLOBAL__sub_I_AP_Proximity_RPLidarA2.cpp @ 0x590710
MANUAL: _GLOBAL__sub_I_AP_Proximity_RangeFinder.cpp @ 0x590750
MANUAL: _GLOBAL__sub_I_AP_Proximity_SITL.cpp @ 0x590790
MANUAL: _GLOBAL__sub_I_AP_Proximity_Scripting.cpp @ 0x5907d0
MANUAL: _GLOBAL__sub_I_AP_Proximity_TeraRangerTower.cpp @ 0x590810
MANUAL: _GLOBAL__sub_I_AP_Proximity_TeraRangerTowerEvo.cpp @ 0x590850
MANUAL: _GLOBAL__sub_I_AP_Proximity_Utils.cpp @ 0x590890
MANUAL: _GLOBAL__sub_I_AP_Gripper_Backend.cpp @ 0x5908d0
MANUAL: _GLOBAL__sub_I_AP_Gripper_EPM.cpp @ 0x590910
MANUAL: _GLOBAL__sub_I_AP_Gripper_Servo.cpp @ 0x590950
MANUAL: _GLOBAL__sub_I_AP_RTC.cpp @ 0x590990
MANUAL: _GLOBAL__sub_I_AC_Sprayer.cpp @ 0x5909d0
MANUAL: _GLOBAL__sub_I_AC_Fence.cpp @ 0x590a10
MANUAL: _GLOBAL__sub_I_AC_PolyFence_loader.cpp @ 0x590a50
MANUAL: _GLOBAL__sub_I_AP_OAPathPlanner.cpp @ 0x590a90
MANUAL: _GLOBAL__sub_I_AC_Avoid.cpp @ 0x590ad0
MANUAL: _GLOBAL__sub_I_AP_OABendyRuler.cpp @ 0x590b10
MANUAL: _GLOBAL__sub_I_AP_OADatabase.cpp @ 0x590b50
MANUAL: _GLOBAL__sub_I_AP_RobotisServo.cpp @ 0x590b90
MANUAL: _GLOBAL__sub_I_AP_NMEA_Output.cpp @ 0x590bd0
MANUAL: _GLOBAL__sub_I_AP_OSD.cpp @ 0x590c10
MANUAL: _GLOBAL__sub_I_AP_OSD_MSP.cpp @ 0x590c50
MANUAL: _GLOBAL__sub_I_AP_OSD_MSP_DisplayPort.cpp @ 0x590c90
MANUAL: _GLOBAL__sub_I_AP_OSD_ParamScreen.cpp @ 0x590cd0
MANUAL: _GLOBAL__sub_I_AP_OSD_ParamSetting.cpp @ 0x590d10
MANUAL: _GLOBAL__sub_I_AP_OSD_Screen.cpp @ 0x590d50
MANUAL: _GLOBAL__sub_I_AP_Filesystem.cpp @ 0x590d90
MANUAL: _GLOBAL__sub_I_AP_Filesystem_Mission.cpp @ 0x590de0
MANUAL: _GLOBAL__sub_I_AP_Filesystem_Param.cpp @ 0x590e20
MANUAL: _GLOBAL__sub_I_AP_Filesystem_ROMFS.cpp @ 0x590e60
MANUAL: _GLOBAL__sub_I_AP_Filesystem_Sys.cpp @ 0x590ea0
MANUAL: _GLOBAL__sub_I_AP_ADSB.cpp @ 0x590ee0
MANUAL: _GLOBAL__sub_I_AP_ADSB_Sagetech_MXS.cpp @ 0x590f20
MANUAL: _GLOBAL__sub_I_AP_SerialLED.cpp @ 0x590f60
MANUAL: _GLOBAL__sub_I_AP_EFI.cpp @ 0x590fa0
MANUAL: _GLOBAL__sub_I_AP_EFI_Backend.cpp @ 0x590fe0
MANUAL: _GLOBAL__sub_I_AP_EFI_Currawong_ECU.cpp @ 0x591020
MANUAL: _GLOBAL__sub_I_AP_EFI_DroneCAN.cpp @ 0x591060
MANUAL: _GLOBAL__sub_I_AP_EFI_Loweheiser.cpp @ 0x5910a0
MANUAL: _GLOBAL__sub_I_AP_EFI_MAV.cpp @ 0x5910e0
MANUAL: _GLOBAL__sub_I_AP_EFI_NWPMU.cpp @ 0x591120
MANUAL: _GLOBAL__sub_I_AP_EFI_Scripting.cpp @ 0x591160
MANUAL: _GLOBAL__sub_I_AP_EFI_Serial_Hirth.cpp @ 0x5911a0
MANUAL: _GLOBAL__sub_I_AP_EFI_Serial_Lutan.cpp @ 0x5911e0
MANUAL: _GLOBAL__sub_I_AP_EFI_Serial_MS.cpp @ 0x591220
MANUAL: _GLOBAL__sub_I_AP_EFI_ThrottleLinearisation.cpp @ 0x591260
MANUAL: _GLOBAL__sub_I_AP_Hott_Telem.cpp @ 0x5912a0
MANUAL: _GLOBAL__sub_I_AP_ESC_Telem.cpp @ 0x5912e0
MANUAL: _GLOBAL__sub_I_AP_ESC_Telem_Backend.cpp @ 0x591320
MANUAL: _GLOBAL__sub_I_AP_Servo_Telem.cpp @ 0x591360
MANUAL: _GLOBAL__sub_I_AP_Stats.cpp @ 0x5913a0
MANUAL: _GLOBAL__sub_I_AP_GyroFFT.cpp @ 0x5913e0
MANUAL: _GLOBAL__sub_I_AP_GHST_Telem.cpp @ 0x591420
MANUAL: _GLOBAL__sub_I_AP_Spektrum_Telem.cpp @ 0x591460
MANUAL: _GLOBAL__sub_I_AP_CRSF_Telem.cpp @ 0x5914a0
MANUAL: _GLOBAL__sub_I_AP_RCTelemetry.cpp @ 0x5914e0
MANUAL: _GLOBAL__sub_I_AP_Generator.cpp @ 0x591520
MANUAL: _GLOBAL__sub_I_AP_Generator_Backend.cpp @ 0x591560
MANUAL: _GLOBAL__sub_I_AP_Generator_IE_2400.cpp @ 0x5915a0
MANUAL: _GLOBAL__sub_I_AP_Generator_IE_650_800.cpp @ 0x5915e0
MANUAL: _GLOBAL__sub_I_AP_Generator_IE_FuelCell.cpp @ 0x591620
MANUAL: _GLOBAL__sub_I_AP_Generator_Loweheiser.cpp @ 0x591660
MANUAL: _GLOBAL__sub_I_AP_Generator_RichenPower.cpp @ 0x5916a0
MANUAL: _GLOBAL__sub_I_AP_MSP.cpp @ 0x5916e0
MANUAL: _GLOBAL__sub_I_AP_MSP_Telem_Backend.cpp @ 0x591720
MANUAL: _GLOBAL__sub_I_AP_MSP_Telem_DJI.cpp @ 0x591760
MANUAL: _GLOBAL__sub_I_AP_MSP_Telem_DisplayPort.cpp @ 0x5917a0
MANUAL: _GLOBAL__sub_I_msp.cpp @ 0x5917e0
MANUAL: _GLOBAL__sub_I_msp_sbuf.cpp @ 0x591820
MANUAL: _GLOBAL__sub_I_AP_OLC.cpp @ 0x591860
MANUAL: _GLOBAL__sub_I_AP_WheelEncoder.cpp @ 0x5918b0
MANUAL: _GLOBAL__sub_I_AP_WheelRateControl.cpp @ 0x5918f0
MANUAL: _GLOBAL__sub_I_WheelEncoder_Backend.cpp @ 0x591930
MANUAL: _GLOBAL__sub_I_WheelEncoder_SITL_Quadrature.cpp @ 0x591970
MANUAL: _GLOBAL__sub_I_AP_ExternalAHRS.cpp @ 0x5919b0
MANUAL: _GLOBAL__sub_I_AP_ExternalAHRS_MicroStrain5.cpp @ 0x5919f0
MANUAL: _GLOBAL__sub_I_AP_ExternalAHRS_MicroStrain7.cpp @ 0x591a30
MANUAL: _GLOBAL__sub_I_AP_ExternalAHRS_VectorNav.cpp @ 0x591a70
MANUAL: _GLOBAL__sub_I_AP_ExternalAHRS_backend.cpp @ 0x591ab0
MANUAL: _GLOBAL__sub_I_MicroStrain_common.cpp @ 0x591af0
MANUAL: _GLOBAL__sub_I_AP_ExternalAHRS_InertialLabs.cpp @ 0x591b30
MANUAL: _GLOBAL__sub_I_AP_SmartAudio.cpp @ 0x591b70
MANUAL: _GLOBAL__sub_I_AP_Tramp.cpp @ 0x591bb0
MANUAL: _GLOBAL__sub_I_AP_VideoTX.cpp @ 0x591bf0
MANUAL: _GLOBAL__sub_I_AP_FETtecOneWire.cpp @ 0x591c30
MANUAL: _GLOBAL__sub_I_AP_TemperatureSensor.cpp @ 0x591c70
MANUAL: _GLOBAL__sub_I_AP_Torqeedo.cpp @ 0x591cb0
MANUAL: _GLOBAL__sub_I_AP_Torqeedo_Backend.cpp @ 0x591cf0
MANUAL: _GLOBAL__sub_I_AP_Torqeedo_Params.cpp @ 0x591d30
MANUAL: _GLOBAL__sub_I_AP_Torqeedo_TQBus.cpp @ 0x591d70
MANUAL: _GLOBAL__sub_I_AP_CustomRotations.cpp @ 0x591db0
MANUAL: _GLOBAL__sub_I_AP_CustomRotations_params.cpp @ 0x591df0
MANUAL: _GLOBAL__sub_I_AP_AIS.cpp @ 0x591e30
MANUAL: _GLOBAL__sub_I_AP_OpenDroneID.cpp @ 0x591e70
MANUAL: _GLOBAL__sub_I_AP_OpenDroneID_DroneCAN.cpp @ 0x591eb0
MANUAL: _GLOBAL__sub_I_AP_ExternalControl.cpp @ 0x591ef0
MANUAL: _GLOBAL__sub_I_AP_Beacon.cpp @ 0x591f30
MANUAL: _GLOBAL__sub_I_AP_Beacon_Backend.cpp @ 0x591f70
MANUAL: _GLOBAL__sub_I_AP_Beacon_Marvelmind.cpp @ 0x591fb0
MANUAL: _GLOBAL__sub_I_AP_Beacon_Nooploop.cpp @ 0x591ff0
MANUAL: _GLOBAL__sub_I_AP_Beacon_Pozyx.cpp @ 0x592030
MANUAL: _GLOBAL__sub_I_AP_Beacon_SITL.cpp @ 0x592070
MANUAL: _GLOBAL__sub_I_AP_Arming.cpp @ 0x5920b0
MANUAL: _GLOBAL__sub_I_AP_Follow.cpp @ 0x5920f0
MANUAL: _GLOBAL__sub_I_AP_CANManager.cpp @ 0x592130
MANUAL: _GLOBAL__sub_I_AP_CANManager_CANDriver_Params.cpp @ 0x592170
MANUAL: _GLOBAL__sub_I_AP_CANSensor.cpp @ 0x5921b0
MANUAL: _GLOBAL__sub_I_AP_MAVLinkCAN.cpp @ 0x5921f0
MANUAL: _GLOBAL__sub_I_AP_KDECAN.cpp @ 0x592230
MANUAL: _GLOBAL__sub_I_AP_PiccoloCAN.cpp @ 0x592270
MANUAL: _GLOBAL__sub_I_AP_PiccoloCAN_ESC.cpp @ 0x5922b0
MANUAL: _GLOBAL__sub_I_AP_PiccoloCAN_Servo.cpp @ 0x5922f0
MANUAL: _GLOBAL__sub_I_AR_AttitudeControl.cpp @ 0x592330
MANUAL: _GLOBAL__sub_I_AR_PosControl.cpp @ 0x592370
MANUAL: _GLOBAL__sub_I_AR_WPNav.cpp @ 0x5923b0
MANUAL: _GLOBAL__sub_I_AR_WPNav_OA.cpp @ 0x5923f0
MANUAL: _GLOBAL__sub_I_AP_AdvancedFailsafe.cpp @ 0x592430
MANUAL: _GLOBAL__sub_I_AP_SmartRTL.cpp @ 0x592470
MANUAL: _GLOBAL__sub_I_AC_PosControl_Logging.cpp @ 0x5924b0
MANUAL: _GLOBAL__sub_I_AP_LTM_Telem.cpp @ 0x5924f0
MANUAL: _GLOBAL__sub_I_AP_WindVane.cpp @ 0x592530
MANUAL: _GLOBAL__sub_I_AP_WindVane_Airspeed.cpp @ 0x592570
MANUAL: _GLOBAL__sub_I_AP_WindVane_Analog.cpp @ 0x5925b0
MANUAL: _GLOBAL__sub_I_AP_WindVane_Backend.cpp @ 0x5925f0
MANUAL: _GLOBAL__sub_I_AP_WindVane_Home.cpp @ 0x592630
MANUAL: _GLOBAL__sub_I_AP_WindVane_ModernDevice.cpp @ 0x592670
MANUAL: _GLOBAL__sub_I_AP_WindVane_NMEA.cpp @ 0x5926b0
MANUAL: _GLOBAL__sub_I_AP_WindVane_RPM.cpp @ 0x5926f0
MANUAL: _GLOBAL__sub_I_AP_WindVane_SITL.cpp @ 0x592730
MANUAL: _GLOBAL__sub_I_AP_MotorsUGV.cpp @ 0x592770
MANUAL: _GLOBAL__sub_I_AC_PrecLand.cpp @ 0x5927b0
MANUAL: _GLOBAL__sub_I_AP_Canard_iface.cpp @ 0x5927f0
MANUAL: _GLOBAL__sub_I_AP_DroneCAN.cpp @ 0x592830
MANUAL: _GLOBAL__sub_I_AP_DroneCAN_DNA_Server.cpp @ 0x592870
MANUAL: _GLOBAL__sub_I_AP_DroneCAN_serial.cpp @ 0x5928b0
MANUAL: _GLOBAL__sub_I_CANSocketIface.cpp @ 0x5928f0
MANUAL: _GLOBAL__sub_I_CAN_Multicast.cpp @ 0x592930
MANUAL: _GLOBAL__sub_I_CAN_SocketCAN.cpp @ 0x592970
MANUAL: _GLOBAL__sub_I_HAL_SITL_Class.cpp @ 0x5929b0
MANUAL: _GLOBAL__sub_I_I2CDevice.cpp @ 0x592a60
MANUAL: _GLOBAL__sub_I_RCInput.cpp @ 0x592aa0
MANUAL: _GLOBAL__sub_I_RCOutput.cpp @ 0x592ae0
MANUAL: _GLOBAL__sub_I_SITL_State.cpp @ 0x592b20
MANUAL: _GLOBAL__sub_I_SITL_State_common.cpp @ 0x592b60
MANUAL: _GLOBAL__sub_I_SPIDevice.cpp @ 0x592ba0
MANUAL: _GLOBAL__sub_I_Scheduler.cpp @ 0x592be0
MANUAL: _GLOBAL__sub_I_Util.cpp.11970 @ 0x592c20
MANUAL: _GLOBAL__sub_I_sitl_airspeed.cpp @ 0x592c60
MANUAL: _GLOBAL__sub_I_sitl_rangefinder.cpp @ 0x592ca0
MANUAL: _GLOBAL__sub_I_SITL_cmdline.cpp @ 0x592ce0
MANUAL: _GLOBAL__sub_I_Storage.cpp @ 0x592d20
MANUAL: _GLOBAL__sub_I_UARTDriver.cpp.12280 @ 0x592d60
MANUAL: _GLOBAL__sub_I_SIM_ADSB.cpp @ 0x592da0
MANUAL: _GLOBAL__sub_I_SIM_ADSB_Sagetech_MXS.cpp @ 0x592de0
MANUAL: _GLOBAL__sub_I_SIM_AIS.cpp @ 0x592e20
MANUAL: _GLOBAL__sub_I_SIM_AirSim.cpp @ 0x592e60
MANUAL: _GLOBAL__sub_I_SIM_BalanceBot.cpp @ 0x592ea0
MANUAL: _GLOBAL__sub_I_SIM_Balloon.cpp @ 0x592ee0
MANUAL: _GLOBAL__sub_I_SIM_Blimp.cpp @ 0x592f20
MANUAL: _GLOBAL__sub_I_SIM_Buzzer.cpp @ 0x592f60
MANUAL: _GLOBAL__sub_I_SIM_CRRCSim.cpp @ 0x592fa0
MANUAL: _GLOBAL__sub_I_SIM_CRSF.cpp @ 0x592fe0
MANUAL: _GLOBAL__sub_I_SIM_Calibration.cpp @ 0x593020
MANUAL: _GLOBAL__sub_I_SIM_EFI_Hirth.cpp @ 0x593060
MANUAL: _GLOBAL__sub_I_SIM_EFI_MegaSquirt.cpp @ 0x5930a0
MANUAL: _GLOBAL__sub_I_SIM_ELRS.cpp @ 0x5930e0
MANUAL: _GLOBAL__sub_I_SIM_FETtecOneWireESC.cpp @ 0x593120
MANUAL: _GLOBAL__sub_I_SIM_FlightAxis.cpp @ 0x593160
MANUAL: _GLOBAL__sub_I_SIM_Frsky_D.cpp @ 0x5931a0
MANUAL: _GLOBAL__sub_I_SIM_GPS.cpp @ 0x5931e0
MANUAL: _GLOBAL__sub_I_SIM_GPS_FILE.cpp @ 0x593220
MANUAL: _GLOBAL__sub_I_SIM_GPS_MSP.cpp @ 0x593260
MANUAL: _GLOBAL__sub_I_SIM_GPS_NMEA.cpp @ 0x5932a0
MANUAL: _GLOBAL__sub_I_SIM_GPS_NOVA.cpp @ 0x5932e0
MANUAL: _GLOBAL__sub_I_SIM_GPS_SBF.cpp @ 0x593320
MANUAL: _GLOBAL__sub_I_SIM_GPS_SBP.cpp @ 0x593360
MANUAL: _GLOBAL__sub_I_SIM_GPS_SBP2.cpp @ 0x5933a0
MANUAL: _GLOBAL__sub_I_SIM_GPS_Trimble.cpp @ 0x5933e0
MANUAL: _GLOBAL__sub_I_SIM_GPS_UBLOX.cpp @ 0x593420
MANUAL: _GLOBAL__sub_I_SIM_Gazebo.cpp @ 0x593460
MANUAL: _GLOBAL__sub_I_SIM_Glider.cpp @ 0x5934a0
MANUAL: _GLOBAL__sub_I_SIM_Gripper_EPM.cpp @ 0x5934e0
MANUAL: _GLOBAL__sub_I_SIM_Gripper_Servo.cpp @ 0x593520
MANUAL: _GLOBAL__sub_I_SIM_Helicopter.cpp @ 0x593560
MANUAL: _GLOBAL__sub_I_SIM_I2C.cpp @ 0x5935a0
MANUAL: _GLOBAL__sub_I_SIM_I2CDevice.cpp @ 0x593640
MANUAL: _GLOBAL__sub_I_SIM_INA3221.cpp @ 0x593680
MANUAL: _GLOBAL__sub_I_SIM_IS31FL3195.cpp @ 0x5936c0
MANUAL: _GLOBAL__sub_I_SIM_InertialLabs.cpp @ 0x593700
MANUAL: _GLOBAL__sub_I_SIM_IntelligentEnergy24.cpp @ 0x593740
MANUAL: _GLOBAL__sub_I_SIM_Invensense_v3.cpp @ 0x593780
MANUAL: _GLOBAL__sub_I_SIM_JSBSim.cpp @ 0x5937c0
MANUAL: _GLOBAL__sub_I_SIM_JSON.cpp @ 0x593800
MANUAL: _GLOBAL__sub_I_SIM_JSON_Master.cpp @ 0x593840
MANUAL: _GLOBAL__sub_I_SIM_LM2755.cpp @ 0x593880
MANUAL: _GLOBAL__sub_I_SIM_LP5562.cpp @ 0x5938c0
MANUAL: _GLOBAL__sub_I_SIM_Loweheiser.cpp @ 0x593900
MANUAL: _GLOBAL__sub_I_SIM_MS5525.cpp @ 0x593940
MANUAL: _GLOBAL__sub_I_SIM_MS5611.cpp @ 0x593980
MANUAL: _GLOBAL__sub_I_SIM_MS5XXX.cpp @ 0x5939c0
MANUAL: _GLOBAL__sub_I_SIM_MicroStrain.cpp @ 0x593a00
MANUAL: _GLOBAL__sub_I_SIM_MicroStrain7.cpp @ 0x593a40
MANUAL: _GLOBAL__sub_I_SIM_Morse.cpp @ 0x593a80
MANUAL: _GLOBAL__sub_I_SIM_Multicopter.cpp @ 0x593ac0
MANUAL: _GLOBAL__sub_I_SIM_PS_LD06.cpp @ 0x593b00
MANUAL: _GLOBAL__sub_I_SIM_PS_LightWare_SF45B.cpp @ 0x593b40
MANUAL: _GLOBAL__sub_I_SIM_PS_RPLidar.cpp @ 0x593b80
MANUAL: _GLOBAL__sub_I_SIM_PS_TeraRangerTower.cpp @ 0x593bc0
MANUAL: _GLOBAL__sub_I_SIM_Parachute.cpp @ 0x593c00
MANUAL: _GLOBAL__sub_I_SIM_Plane.cpp @ 0x593c40
MANUAL: _GLOBAL__sub_I_SIM_Precland.cpp @ 0x593c80
MANUAL: _GLOBAL__sub_I_SIM_QMC5883L.cpp @ 0x593cc0
MANUAL: _GLOBAL__sub_I_SIM_QuadPlane.cpp @ 0x593d00
MANUAL: _GLOBAL__sub_I_SIM_RF_Ainstein_LR_D1.cpp @ 0x593d40
MANUAL: _GLOBAL__sub_I_SIM_RF_BLping.cpp @ 0x593d80
MANUAL: _GLOBAL__sub_I_SIM_RF_Benewake.cpp @ 0x593dc0
MANUAL: _GLOBAL__sub_I_SIM_RF_GYUS42v2.cpp @ 0x593e00
MANUAL: _GLOBAL__sub_I_SIM_RF_JRE.cpp @ 0x593e40
MANUAL: _GLOBAL__sub_I_SIM_RF_Lanbao.cpp @ 0x593e80
MANUAL: _GLOBAL__sub_I_SIM_RF_LeddarOne.cpp @ 0x593ec0
MANUAL: _GLOBAL__sub_I_SIM_RF_LightWareSerial.cpp @ 0x593f00
MANUAL: _GLOBAL__sub_I_SIM_RF_LightWareSerialBinary.cpp @ 0x593f40
MANUAL: _GLOBAL__sub_I_SIM_RF_MAVLink.cpp @ 0x593f80
MANUAL: _GLOBAL__sub_I_SIM_RF_MaxsonarSerialLV.cpp @ 0x593fc0
MANUAL: _GLOBAL__sub_I_SIM_RF_NMEA.cpp @ 0x594000
MANUAL: _GLOBAL__sub_I_SIM_RF_NoopLoop.cpp @ 0x594040
MANUAL: _GLOBAL__sub_I_SIM_RF_RDS02UF.cpp @ 0x594080
MANUAL: _GLOBAL__sub_I_SIM_RF_TeraRanger_Serial.cpp @ 0x5940c0
MANUAL: _GLOBAL__sub_I_SIM_RF_USD1_v0.cpp @ 0x594100
MANUAL: _GLOBAL__sub_I_SIM_RF_USD1_v1.cpp @ 0x594140
MANUAL: _GLOBAL__sub_I_SIM_RF_Wasp.cpp @ 0x594180
MANUAL: _GLOBAL__sub_I_SIM_RichenPower.cpp @ 0x5941c0
MANUAL: _GLOBAL__sub_I_SIM_Rover.cpp @ 0x594200
MANUAL: _GLOBAL__sub_I_SIM_SPI.cpp @ 0x594240
MANUAL: _GLOBAL__sub_I_SIM_Sailboat.cpp @ 0x594280
MANUAL: _GLOBAL__sub_I_SIM_Scrimmage.cpp @ 0x5942c0
MANUAL: _GLOBAL__sub_I_SIM_SerialDevice.cpp @ 0x594300
MANUAL: _GLOBAL__sub_I_SIM_SerialProximitySensor.cpp @ 0x594340
MANUAL: _GLOBAL__sub_I_SIM_SerialRangeFinder.cpp @ 0x594380
MANUAL: _GLOBAL__sub_I_SIM_Ship.cpp @ 0x5943c0
MANUAL: _GLOBAL__sub_I_SIM_SilentWings.cpp @ 0x594400
MANUAL: _GLOBAL__sub_I_SIM_SingleCopter.cpp @ 0x594440
MANUAL: _GLOBAL__sub_I_SIM_SlungPayload.cpp @ 0x594480
MANUAL: _GLOBAL__sub_I_SIM_SoloGimbal.cpp @ 0x5944c0
MANUAL: _GLOBAL__sub_I_SIM_Sprayer.cpp @ 0x594500
MANUAL: _GLOBAL__sub_I_SIM_StratoBlimp.cpp @ 0x594540
MANUAL: _GLOBAL__sub_I_SIM_Submarine.cpp @ 0x594580
MANUAL: _GLOBAL__sub_I_SIM_Temperature_MCP9600.cpp @ 0x5945c0
MANUAL: _GLOBAL__sub_I_SIM_Temperature_SHT3x.cpp @ 0x594600
MANUAL: _GLOBAL__sub_I_SIM_Temperature_TSYS01.cpp @ 0x594640
MANUAL: _GLOBAL__sub_I_SIM_Temperature_TSYS03.cpp @ 0x594680
MANUAL: _GLOBAL__sub_I_SIM_TeraRangerI2C.cpp @ 0x5946c0
MANUAL: _GLOBAL__sub_I_SIM_Tether.cpp @ 0x594700
MANUAL: _GLOBAL__sub_I_SIM_ToneAlarm.cpp @ 0x594740
MANUAL: _GLOBAL__sub_I_SIM_ToshibaLED.cpp @ 0x594780
MANUAL: _GLOBAL__sub_I_SIM_Tracker.cpp @ 0x5947c0
MANUAL: _GLOBAL__sub_I_SIM_VectorNav.cpp @ 0x594800
MANUAL: _GLOBAL__sub_I_SIM_Vicon.cpp @ 0x594840
MANUAL: _GLOBAL__sub_I_SIM_Volz.cpp @ 0x594880
MANUAL: _GLOBAL__sub_I_SIM_Webots.cpp @ 0x5948c0
MANUAL: _GLOBAL__sub_I_SIM_Webots_Python.cpp @ 0x594900
MANUAL: _GLOBAL__sub_I_SIM_last_letter.cpp @ 0x594940
MANUAL: _GLOBAL__sub_I_SITL_Airspeed.cpp @ 0x594980
MANUAL: _GLOBAL__sub_I_SITL_Baro.cpp @ 0x5949c0
MANUAL: _GLOBAL__sub_I_ServoModel.cpp @ 0x594a00
MANUAL: _GLOBAL__sub_I_SIM_Aircraft.cpp @ 0x594a40
MANUAL: _GLOBAL__sub_I_SIM_XPlane.cpp @ 0x594a80
MANUAL: _GLOBAL__sub_I_SITL.cpp @ 0x594ac0
MANUAL: _GLOBAL__sub_I_AP_Scripting.cpp @ 0x594b00
MANUAL: _GLOBAL__sub_I_AP_Scripting_SerialDevice.cpp @ 0x594b40
MANUAL: _GLOBAL__sub_I_lua_scripts.cpp @ 0x594b80
MANUAL: _GLOBAL__sub_I_lua_generated_bindings.cpp @ 0x594bc0
MANUAL: _GLOBAL__sub_I_AP_AccelCal.cpp @ 0x594c00
MANUAL: _GLOBAL__sub_I_AccelCalibrator.cpp @ 0x594c40
MANUAL: _GLOBAL__sub_I_AP_AHRS_External.cpp @ 0x594c80
MANUAL: _GLOBAL__sub_I_AP_AHRS_SIM.cpp @ 0x594cc0
MANUAL: _GLOBAL__sub_I_AP_AHRS_View.cpp @ 0x594d00
MANUAL: _GLOBAL__sub_I_AP_Airspeed_ASP5033.cpp @ 0x594d40
MANUAL: _GLOBAL__sub_I_AP_Airspeed_AUAV.cpp @ 0x594d80
MANUAL: _GLOBAL__sub_I_AP_Airspeed_Backend.cpp @ 0x594dc0
MANUAL: _GLOBAL__sub_I_AP_Airspeed_DLVR.cpp @ 0x594e00
MANUAL: _GLOBAL__sub_I_AP_Airspeed_DroneCAN.cpp @ 0x594e40
MANUAL: _GLOBAL__sub_I_AP_Airspeed_External.cpp @ 0x594e80
MANUAL: _GLOBAL__sub_I_AP_Airspeed_Health.cpp @ 0x594ec0
MANUAL: _GLOBAL__sub_I_AP_Airspeed_MS4525.cpp @ 0x594f00
MANUAL: _GLOBAL__sub_I_AP_Airspeed_MS5525.cpp @ 0x594f40
MANUAL: _GLOBAL__sub_I_AP_Airspeed_MSP.cpp @ 0x594f80
MANUAL: _GLOBAL__sub_I_AP_Airspeed_SDP3X.cpp @ 0x594fc0
MANUAL: _GLOBAL__sub_I_AP_Airspeed_SITL.cpp @ 0x595000
MANUAL: _GLOBAL__sub_I_AP_Airspeed_analog.cpp @ 0x595040
MANUAL: _GLOBAL__sub_I_Airspeed_Calibration.cpp @ 0x595080
MANUAL: _GLOBAL__sub_I_AP_Baro_AUAV.cpp @ 0x5950c0
MANUAL: _GLOBAL__sub_I_AP_Baro_BMP085.cpp @ 0x595100
MANUAL: _GLOBAL__sub_I_AP_Baro_BMP280.cpp @ 0x595140
MANUAL: _GLOBAL__sub_I_AP_Baro_BMP388.cpp @ 0x595180
MANUAL: _GLOBAL__sub_I_AP_Baro_BMP581.cpp @ 0x5951c0
MANUAL: _GLOBAL__sub_I_AP_Baro_Backend.cpp @ 0x595200
MANUAL: _GLOBAL__sub_I_AP_Baro_DPS280.cpp @ 0x595240
MANUAL: _GLOBAL__sub_I_AP_Baro_DroneCAN.cpp @ 0x595280
MANUAL: _GLOBAL__sub_I_AP_Baro_ExternalAHRS.cpp @ 0x5952c0
MANUAL: _GLOBAL__sub_I_AP_Baro_FBM320.cpp @ 0x595300
MANUAL: _GLOBAL__sub_I_AP_Baro_HIL.cpp @ 0x595340
MANUAL: _GLOBAL__sub_I_AP_Baro_LPS2XH.cpp @ 0x595380
MANUAL: _GLOBAL__sub_I_AP_Baro_Logging.cpp @ 0x5953c0
MANUAL: _GLOBAL__sub_I_AP_Baro_MS5611.cpp @ 0x595400
MANUAL: _GLOBAL__sub_I_AP_Baro_SPL06.cpp @ 0x595440
MANUAL: _GLOBAL__sub_I_AP_Baro_Wind.cpp @ 0x595480
MANUAL: _GLOBAL__sub_I_AP_BattMonitor_AD7091R5.cpp @ 0x5954c0
MANUAL: _GLOBAL__sub_I_AP_BattMonitor_Analog.cpp @ 0x595500
MANUAL: _GLOBAL__sub_I_AP_BattMonitor_Backend.cpp @ 0x595540
MANUAL: _GLOBAL__sub_I_AP_BattMonitor_DroneCAN.cpp @ 0x595580
MANUAL: _GLOBAL__sub_I_AP_BattMonitor_EFI.cpp @ 0x5955c0
MANUAL: _GLOBAL__sub_I_AP_BattMonitor_ESC.cpp @ 0x595600
MANUAL: _GLOBAL__sub_I_AP_BattMonitor_FuelFlow.cpp @ 0x595640
MANUAL: _GLOBAL__sub_I_AP_BattMonitor_FuelLevel_Analog.cpp @ 0x595680
MANUAL: _GLOBAL__sub_I_AP_BattMonitor_FuelLevel_PWM.cpp @ 0x5956c0
MANUAL: _GLOBAL__sub_I_AP_BattMonitor_Generator.cpp @ 0x595700
MANUAL: _GLOBAL__sub_I_AP_BattMonitor_INA2xx.cpp @ 0x595740
MANUAL: _GLOBAL__sub_I_AP_BattMonitor_INA3221.cpp @ 0x595780
MANUAL: _GLOBAL__sub_I_AP_BattMonitor_Logging.cpp @ 0x5957c0
MANUAL: _GLOBAL__sub_I_AP_BattMonitor_SMBus.cpp @ 0x595800
MANUAL: _GLOBAL__sub_I_AP_BattMonitor_SMBus_Generic.cpp @ 0x595840
MANUAL: _GLOBAL__sub_I_AP_BattMonitor_SMBus_NeoDesign.cpp @ 0x595880
MANUAL: _GLOBAL__sub_I_AP_BattMonitor_SMBus_Rotoye.cpp @ 0x5958c0
MANUAL: _GLOBAL__sub_I_AP_BattMonitor_SMBus_SUI.cpp @ 0x595900
MANUAL: _GLOBAL__sub_I_AP_BattMonitor_Scripting.cpp @ 0x595940
MANUAL: _GLOBAL__sub_I_AP_BattMonitor_Sum.cpp @ 0x595980
MANUAL: _GLOBAL__sub_I_AP_BattMonitor_Synthetic_Current.cpp @ 0x5959c0
MANUAL: _GLOBAL__sub_I_AP_BattMonitor_Torqeedo.cpp @ 0x595a00
MANUAL: _GLOBAL__sub_I_board_drivers.cpp @ 0x595a40
MANUAL: _GLOBAL__sub_I_DSP.cpp @ 0x595a80
MANUAL: _GLOBAL__sub_I_Storage.cpp.17247 @ 0x595ac0
MANUAL: _GLOBAL__sub_I_AP_InertialSensor_ExternalAHRS.cpp @ 0x595b00
MANUAL: _GLOBAL__sub_I_AP_InertialSensor_SITL.cpp @ 0x595b40
MANUAL: _GLOBAL__sub_I_AP_InertialSensor_tempcal.cpp @ 0x595b80
MANUAL: _GLOBAL__sub_I_BatchSampler.cpp @ 0x595bc0
MANUAL: _GLOBAL__sub_I_AP_InertialSensor_Backend.cpp @ 0x595c00
MANUAL: _GLOBAL__sub_I_polyfit.cpp @ 0x595c40
MANUAL: _GLOBAL__sub_I_polygon.cpp @ 0x595c80
MANUAL: _GLOBAL__sub_I_SCurve.cpp @ 0x595cc0
MANUAL: _GLOBAL__sub_I_AP_Mission_Commands.cpp @ 0x595d00
MANUAL: _GLOBAL__sub_I_AP_DAL_Baro.cpp @ 0x595d40
MANUAL: _GLOBAL__sub_I_AP_DAL.cpp @ 0x595d80
MANUAL: _GLOBAL__sub_I_AP_DAL_Beacon.cpp @ 0x595dc0
MANUAL: _GLOBAL__sub_I_AP_DAL_RangeFinder.cpp @ 0x595e00
MANUAL: _GLOBAL__sub_I_AP_DAL_VisualOdom.cpp @ 0x595e40
MANUAL: _GLOBAL__sub_I_AP_NavEKF_Source.cpp @ 0x595e80
MANUAL: _GLOBAL__sub_I_AP_NavEKF_core_common.cpp @ 0x595ec0
MANUAL: _GLOBAL__sub_I_EKFGSF_Logging.cpp @ 0x595f00
MANUAL: _GLOBAL__sub_I_AP_NavEKF2_Control.cpp @ 0x595f40
MANUAL: _GLOBAL__sub_I_AP_NavEKF2_MagFusion.cpp @ 0x595f80
MANUAL: _GLOBAL__sub_I_AP_NavEKF2_Measurements.cpp @ 0x595fc0
MANUAL: _GLOBAL__sub_I_AP_NavEKF2_PosVelFusion.cpp @ 0x596000
MANUAL: _GLOBAL__sub_I_AP_NavEKF2_VehicleStatus.cpp @ 0x596040
MANUAL: _GLOBAL__sub_I_AP_NavEKF2_core.cpp @ 0x596080
MANUAL: _GLOBAL__sub_I_AP_NavEKF_GyroBias.cpp @ 0x5960c0
MANUAL: _GLOBAL__sub_I_AP_NavEKF2_OptFlowFusion.cpp @ 0x596100
MANUAL: _GLOBAL__sub_I_AP_NavEKF3_AirDataFusion.cpp @ 0x596140
MANUAL: _GLOBAL__sub_I_AP_NavEKF3_RngBcnFusion.cpp @ 0x596180
MANUAL: _GLOBAL__sub_I_MMLPlayer.cpp @ 0x5961c0
MANUAL: _GLOBAL__sub_I_AP_RangeFinder_DroneCAN.cpp @ 0x596200
MANUAL: _GLOBAL__sub_I_TerrainGCS.cpp @ 0x596240
MANUAL: _GLOBAL__sub_I_TerrainIO.cpp @ 0x596280
MANUAL: _GLOBAL__sub_I_TerrainMission.cpp @ 0x5962c0
MANUAL: _GLOBAL__sub_I_TerrainUtil.cpp @ 0x596300
MANUAL: _GLOBAL__sub_I_AP_Logger_Block.cpp @ 0x596340
MANUAL: _GLOBAL__sub_I_AP_Logger_Flash_JEDEC.cpp @ 0x596380
MANUAL: _GLOBAL__sub_I_AP_Logger_MAVLink.cpp @ 0x5963c0
MANUAL: _GLOBAL__sub_I_AP_Logger_MAVLinkLogTransfer.cpp @ 0x596400
MANUAL: _GLOBAL__sub_I_GCS_DeviceOp.cpp @ 0x596440
MANUAL: _GLOBAL__sub_I_GCS_FTP.cpp @ 0x596480
MANUAL: _GLOBAL__sub_I_GCS_Rally.cpp @ 0x5964c0
MANUAL: _GLOBAL__sub_I_GCS_ServoRelay.cpp @ 0x596500
MANUAL: _GLOBAL__sub_I_GCS_serial_control.cpp @ 0x596540
MANUAL: _GLOBAL__sub_I_MissionItemProtocol.cpp @ 0x596580
MANUAL: _GLOBAL__sub_I_MissionItemProtocol_Fence.cpp @ 0x5965c0
MANUAL: _GLOBAL__sub_I_MissionItemProtocol_Rally.cpp @ 0x596600
MANUAL: _GLOBAL__sub_I_MissionItemProtocol_Waypoints.cpp @ 0x596640
MANUAL: _GLOBAL__sub_I_SRV_Channel.cpp @ 0x596680
MANUAL: _GLOBAL__sub_I_AP_ICEngine.cpp @ 0x5966c0
MANUAL: _GLOBAL__sub_I_AP_ICEngine_TCA9554.cpp @ 0x596700
MANUAL: _GLOBAL__sub_I_AP_Frsky_Backend.cpp @ 0x596740
MANUAL: _GLOBAL__sub_I_AP_Frsky_D.cpp @ 0x596780
MANUAL: _GLOBAL__sub_I_AP_Frsky_MAVliteMsgHandler.cpp @ 0x5967c0
MANUAL: _GLOBAL__sub_I_AP_Frsky_MAVlite_Message.cpp @ 0x596800
MANUAL: _GLOBAL__sub_I_AP_Frsky_SPort.cpp @ 0x596840
MANUAL: _GLOBAL__sub_I_AP_FlashStorage.cpp @ 0x596880
MANUAL: _GLOBAL__sub_I_AP_RAMTRON.cpp @ 0x5968c0
MANUAL: _GLOBAL__sub_I_AP_RCProtocol_Backend.cpp @ 0x596900
MANUAL: _GLOBAL__sub_I_AP_RCProtocol_DSM.cpp @ 0x596940
MANUAL: _GLOBAL__sub_I_AP_RCProtocol_DroneCAN.cpp @ 0x596980
MANUAL: _GLOBAL__sub_I_AP_RCProtocol_FDM.cpp @ 0x5969c0
MANUAL: _GLOBAL__sub_I_AP_RCProtocol_IBUS.cpp @ 0x596a00
MANUAL: _GLOBAL__sub_I_AP_RCProtocol_MAVLinkRadio.cpp @ 0x596a40
MANUAL: _GLOBAL__sub_I_AP_RCProtocol_PPMSum.cpp @ 0x596a80
MANUAL: _GLOBAL__sub_I_AP_RCProtocol_SBUS.cpp @ 0x596ac0
MANUAL: _GLOBAL__sub_I_AP_RCProtocol_SRXL.cpp @ 0x596b00
MANUAL: _GLOBAL__sub_I_AP_RCProtocol_ST24.cpp @ 0x596b40
MANUAL: _GLOBAL__sub_I_AP_RCProtocol_SUMD.cpp @ 0x596b80
MANUAL: _GLOBAL__sub_I_SoftSerial.cpp @ 0x596bc0
MANUAL: _GLOBAL__sub_I_AP_Proximity_DroneCAN.cpp @ 0x596c00
MANUAL: _GLOBAL__sub_I_AC_Avoidance_Logging.cpp @ 0x596c40
MANUAL: _GLOBAL__sub_I_AP_OADijkstra.cpp @ 0x596c80
MANUAL: _GLOBAL__sub_I_AP_OSD_Backend.cpp @ 0x596cc0
MANUAL: _GLOBAL__sub_I_AP_OSD_Setting.cpp @ 0x596d00
MANUAL: _GLOBAL__sub_I_posix_compat.cpp @ 0x596d40
MANUAL: _GLOBAL__sub_I_AP_ADSB_Backend.cpp @ 0x596d80
MANUAL: _GLOBAL__sub_I_AP_ADSB_Sagetech.cpp @ 0x596dc0
MANUAL: _GLOBAL__sub_I_AP_ADSB_uAvionix_MAVLink.cpp @ 0x596e00
MANUAL: _GLOBAL__sub_I_AP_ADSB_uAvionix_UCP.cpp @ 0x596e40
MANUAL: _GLOBAL__sub_I_AC_P.cpp @ 0x596e80
MANUAL: _GLOBAL__sub_I_AC_PID.cpp @ 0x596ec0
MANUAL: _GLOBAL__sub_I_AC_PID_2D.cpp @ 0x596f00
MANUAL: _GLOBAL__sub_I_AC_P_2D.cpp @ 0x596f40
MANUAL: _GLOBAL__sub_I_AP_ESC_Telem_SITL.cpp @ 0x596f80
MANUAL: _GLOBAL__sub_I_AP_TemperatureSensor_Backend.cpp @ 0x596fc0
MANUAL: _GLOBAL__sub_I_AP_TemperatureSensor_DroneCAN.cpp @ 0x597000
MANUAL: _GLOBAL__sub_I_AP_TemperatureSensor_MAX31865.cpp @ 0x597040
MANUAL: _GLOBAL__sub_I_AP_TemperatureSensor_MCP9600.cpp @ 0x597080
MANUAL: _GLOBAL__sub_I_AP_TemperatureSensor_MLX90614.cpp @ 0x5970c0
MANUAL: _GLOBAL__sub_I_AP_TemperatureSensor_SHT3x.cpp @ 0x597100
MANUAL: _GLOBAL__sub_I_AP_TemperatureSensor_TSYS01.cpp @ 0x597140
MANUAL: _GLOBAL__sub_I_AP_TemperatureSensor_TSYS03.cpp @ 0x597180
MANUAL: _GLOBAL__sub_I_AP_JSON.cpp @ 0x5971c0
MANUAL: _GLOBAL__sub_I_AP_MultiHeap.cpp @ 0x597200
MANUAL: _GLOBAL__sub_I_AP_CANIfaceParams.cpp @ 0x597240
MANUAL: _GLOBAL__sub_I_AP_PiccoloCAN_ECU.cpp @ 0x597280
MANUAL: _GLOBAL__sub_I_AR_PivotTurn.cpp @ 0x5972c0
MANUAL: _GLOBAL__sub_I_AC_PrecLand_IRLock.cpp @ 0x597300
MANUAL: _GLOBAL__sub_I_AC_PrecLand_MAVLink.cpp @ 0x597340
MANUAL: _GLOBAL__sub_I_AC_PrecLand_SITL.cpp @ 0x597380
MANUAL: _GLOBAL__sub_I_AC_PrecLand_SITL_Gazebo.cpp @ 0x5973c0
MANUAL: _GLOBAL__sub_I_AP_IRLock.cpp @ 0x597400
MANUAL: _GLOBAL__sub_I_AP_IRLock_SITL.cpp @ 0x597440
MANUAL: _GLOBAL__sub_I_AP_IRLock_SITL_Gazebo.cpp @ 0x597480
MANUAL: _GLOBAL__sub_I_AnalogIn.cpp @ 0x5974c0
MANUAL: _GLOBAL__sub_I_DSP.cpp.19186 @ 0x597500
MANUAL: _GLOBAL__sub_I_GPIO.cpp.19194 @ 0x597540
MANUAL: _GLOBAL__sub_I_SIM_AS5600.cpp @ 0x597580
MANUAL: _GLOBAL__sub_I_SIM_Airspeed_DLVR.cpp @ 0x5975c0
MANUAL: _GLOBAL__sub_I_SIM_BattMonitor_SMBus_Generic.cpp @ 0x597600
MANUAL: _GLOBAL__sub_I_SIM_BattMonitor_SMBus_Maxell.cpp @ 0x597640
MANUAL: _GLOBAL__sub_I_SIM_BattMonitor_SMBus_Rotoye.cpp @ 0x597680
MANUAL: _GLOBAL__sub_I_SIM_Battery.cpp @ 0x5976c0
MANUAL: _GLOBAL__sub_I_SIM_Frame.cpp @ 0x597700
MANUAL: _GLOBAL__sub_I_SIM_Frsky.cpp @ 0x5977d0
MANUAL: _GLOBAL__sub_I_SIM_GeneratorEngine.cpp @ 0x597810
MANUAL: _GLOBAL__sub_I_SIM_Gimbal.cpp @ 0x597850
MANUAL: _GLOBAL__sub_I_SIM_ICEngine.cpp @ 0x597890
MANUAL: _GLOBAL__sub_I_SIM_JEDEC.cpp @ 0x5978d0
MANUAL: _GLOBAL__sub_I_SIM_JEDEC_MX25L3206E.cpp @ 0x597910
MANUAL: _GLOBAL__sub_I_SIM_Motor.cpp @ 0x597950
MANUAL: _GLOBAL__sub_I_SIM_RAMTRON.cpp @ 0x597990
MANUAL: _GLOBAL__sub_I_SIM_RAMTRON_FM25V02.cpp @ 0x5979d0
MANUAL: _GLOBAL__sub_I_SIM_SMBusDevice.cpp @ 0x597a10
MANUAL: _GLOBAL__sub_I_AP_Scripting_CANSensor.cpp @ 0x597a50
MANUAL: _GLOBAL__sub_I_AP_Scripting_SerialAccess.cpp @ 0x597a90
MANUAL: _GLOBAL__sub_I_AP_Scripting_CRSFMenu.cpp @ 0x597ad0
MANUAL: _GLOBAL__sub_I_AP_Scripting_helpers.cpp @ 0x597b10
MANUAL: _GLOBAL__sub_I_lua_bindings.cpp @ 0x597b50
MANUAL: _GLOBAL__sub_I_lua_boxed_numerics.cpp @ 0x597b90
MANUAL: _GLOBAL__sub_I_AP_DAL_Airspeed.cpp @ 0x597bd0
MANUAL: _GLOBAL__sub_I_AP_DAL_Compass.cpp @ 0x597c10
MANUAL: _GLOBAL__sub_I_AP_DAL_GPS.cpp @ 0x597c50
MANUAL: _GLOBAL__sub_I_AP_DAL_InertialSensor.cpp @ 0x597c90
MANUAL: _GLOBAL__sub_I_AP_NavEKF2_AirDataFusion.cpp @ 0x597cd0
MANUAL: _GLOBAL__sub_I_AP_NavEKF2_RngBcnFusion.cpp @ 0x597d10
MANUAL: _GLOBAL__sub_I_SlewLimiter.cpp @ 0x597d50
MANUAL: _GLOBAL__sub_I_SIM_BattMonitor_SMBus.cpp @ 0x597d90
MANUAL: __cxx_global_var_init.20008 @ 0x597dd0
MANUAL: __cxx_global_var_init.1.20009 @ 0x597e30
MANUAL: __cxx_global_var_init.19994 @ 0x597e80
MANUAL: __cxx_global_var_init.1.19995 @ 0x597ee0
MANUAL: __cxx_global_var_init.19984 @ 0x597f30
MANUAL: __cxx_global_var_init.1.19985 @ 0x597f90
MANUAL: __cxx_global_var_init.19974 @ 0x597fe0
MANUAL: __cxx_global_var_init.1.19975 @ 0x598040
MANUAL: __cxx_global_var_init.19965 @ 0x598090
MANUAL: __cxx_global_var_init.1.19966 @ 0x5980f0
MANUAL: __cxx_global_var_init.19956 @ 0x598140
MANUAL: __cxx_global_var_init.1.19957 @ 0x5981a0
MANUAL: __cxx_global_var_init.19947 @ 0x5981f0
MANUAL: __cxx_global_var_init.1.19948 @ 0x598250
MANUAL: __cxx_global_var_init.19938 @ 0x5982a0
MANUAL: __cxx_global_var_init.1.19939 @ 0x598300
MANUAL: __cxx_global_var_init.19729 @ 0x598350
MANUAL: __cxx_global_var_init.1.19730 @ 0x5983b0
MANUAL: __cxx_global_var_init.19614 @ 0x598400
MANUAL: __cxx_global_var_init.1.19615 @ 0x598460
MANUAL: __cxx_global_var_init.19577 @ 0x5984b0
MANUAL: __cxx_global_var_init.1.19578 @ 0x598510
MANUAL: __cxx_global_var_init.19555 @ 0x598560
MANUAL: __cxx_global_var_init.1.19556 @ 0x5985c0
MANUAL: __cxx_global_var_init.19536 @ 0x598610
MANUAL: __cxx_global_var_init.1.19537 @ 0x598670
MANUAL: __cxx_global_var_init.19525 @ 0x5986c0
MANUAL: __cxx_global_var_init.1.19526 @ 0x598720
MANUAL: __cxx_global_var_init.19515 @ 0x598770
MANUAL: __cxx_global_var_init.1.19516 @ 0x5987d0
MANUAL: __cxx_global_var_init.19503 @ 0x598820
MANUAL: __cxx_global_var_init.1.19504 @ 0x598880
MANUAL: __cxx_global_var_init.19495 @ 0x5988d0
MANUAL: __cxx_global_var_init.1.19496 @ 0x598930
MANUAL: __cxx_global_var_init.19471 @ 0x598980
MANUAL: __cxx_global_var_init.1.19472 @ 0x5989e0
MANUAL: __cxx_global_var_init.19466 @ 0x598a30
MANUAL: __cxx_global_var_init.1.19467 @ 0x598a90
MANUAL: __cxx_global_var_init.19458 @ 0x598ae0
MANUAL: __cxx_global_var_init.1.19459 @ 0x598b40
MANUAL: __cxx_global_var_init.19432 @ 0x598b90
MANUAL: __cxx_global_var_init.1.19433 @ 0x598bf0
MANUAL: __cxx_global_var_init.19423 @ 0x598c40
MANUAL: __cxx_global_var_init.1.19424 @ 0x598ca0
MANUAL: __cxx_global_var_init.19412 @ 0x598cf0
MANUAL: __cxx_global_var_init.1.19413 @ 0x598d50
MANUAL: __cxx_global_var_init.19386 @ 0x598da0
MANUAL: __cxx_global_var_init.1.19387 @ 0x598e00
MANUAL: __cxx_global_var_init.19279 @ 0x598e50
MANUAL: __cxx_global_var_init.1.19280 @ 0x598eb0
MANUAL: __cxx_global_var_init.2.19281 @ 0x598f00
MANUAL: __cxx_global_var_init.3.19282 @ 0x598fe0
MANUAL: __cxx_global_var_init.4.19283 @ 0x5990d0
MANUAL: __cxx_global_var_init.5.19284 @ 0x5991c0
MANUAL: __cxx_global_var_init.6.19285 @ 0x5992b0
MANUAL: __cxx_global_var_init.7.19286 @ 0x5993a0
MANUAL: __cxx_global_var_init.8.19287 @ 0x599490
MANUAL: __cxx_global_var_init.9.19288 @ 0x599af0
MANUAL: __cxx_global_var_init.10.19289 @ 0x599c80
MANUAL: __cxx_global_var_init.11.19290 @ 0x599dc0
MANUAL: __cxx_global_var_init.12.19291 @ 0x599f10
MANUAL: __cxx_global_var_init.13.19292 @ 0x59a060
MANUAL: __cxx_global_var_init.14.19293 @ 0x59a1b0
MANUAL: __cxx_global_var_init.15.19294 @ 0x59a300
MANUAL: __cxx_global_var_init.16.19295 @ 0x59a4b0
MANUAL: __cxx_global_var_init.17.19296 @ 0x59a660
MANUAL: __cxx_global_var_init.18.19297 @ 0x59a810
MANUAL: __cxx_global_var_init.19.19298 @ 0x59a9c0
MANUAL: __cxx_global_var_init.20.19299 @ 0x59ab70
MANUAL: __cxx_global_var_init.21.19300 @ 0x59adf0
MANUAL: __cxx_global_var_init.22.19301 @ 0x59b130
MANUAL: __cxx_global_var_init.23.19302 @ 0x59b470
MANUAL: __cxx_global_var_init.24 @ 0x59b680
MANUAL: __cxx_global_var_init.25.19303 @ 0x59b8a0
MANUAL: __cxx_global_var_init.26 @ 0x59b990
MANUAL: __cxx_global_var_init.27 @ 0x59bac0
MANUAL: __cxx_global_var_init.28 @ 0x59bbd0
MANUAL: __cxx_global_var_init.29 @ 0x59bd20
MANUAL: __cxx_global_var_init.30 @ 0x59bf10
MANUAL: _ZN4SITL5FrameC2EPKchPNS_5MotorE @ 0xa30fb0
MANUAL: _ZN4SITL5Frame5ModelC2Ev @ 0xa31060
MANUAL: _ZN4SITL5MotorC2Ehffh @ 0xa312f0
MANUAL: _ZN4SITL5MotorC2Ehffhaffaff @ 0xa31440
MANUAL: _ZL7radiansf.19334 @ 0x5ec1b0
MANUAL: __cxx_global_var_init.19271 @ 0x59c500
MANUAL: __cxx_global_var_init.1.19272 @ 0x59c560
MANUAL: __cxx_global_var_init.19261 @ 0x59c5b0
MANUAL: __cxx_global_var_init.1.19262 @ 0x59c610
MANUAL: __cxx_global_var_init.19250 @ 0x59c660
MANUAL: __cxx_global_var_init.1.19251 @ 0x59c6c0
MANUAL: __cxx_global_var_init.19242 @ 0x59c710
MANUAL: __cxx_global_var_init.1.19243 @ 0x59c770
MANUAL: __cxx_global_var_init.19221 @ 0x59c7c0
MANUAL: __cxx_global_var_init.1.19222 @ 0x59c820
MANUAL: __cxx_global_var_init.19212 @ 0x59c870
MANUAL: __cxx_global_var_init.1.19213 @ 0x59c8d0
MANUAL: __cxx_global_var_init.19195 @ 0x59c920
MANUAL: __cxx_global_var_init.1.19196 @ 0x59c980
MANUAL: __cxx_global_var_init.19187 @ 0x59c9d0
MANUAL: __cxx_global_var_init.1.19188 @ 0x59ca30
MANUAL: __cxx_global_var_init.19178 @ 0x59ca80
MANUAL: __cxx_global_var_init.1.19179 @ 0x59cae0
MANUAL: __cxx_global_var_init.19169 @ 0x59cb30
MANUAL: __cxx_global_var_init.1.19170 @ 0x59cb90
MANUAL: __cxx_global_var_init.19156 @ 0x59cbe0
MANUAL: __cxx_global_var_init.1.19157 @ 0x59cc40
MANUAL: __cxx_global_var_init.19143 @ 0x59cc90
MANUAL: __cxx_global_var_init.1.19144 @ 0x59ccf0
MANUAL: __cxx_global_var_init.19128 @ 0x59cd40
MANUAL: __cxx_global_var_init.1.19129 @ 0x59cda0
MANUAL: __cxx_global_var_init.19123 @ 0x59cdf0
MANUAL: __cxx_global_var_init.1.19124 @ 0x59ce50
MANUAL: __cxx_global_var_init.19116 @ 0x59cea0
MANUAL: __cxx_global_var_init.1.19117 @ 0x59cf00
MANUAL: __cxx_global_var_init.19105 @ 0x59cf50
MANUAL: __cxx_global_var_init.1.19106 @ 0x59cfb0
MANUAL: __cxx_global_var_init.19086 @ 0x59d000
MANUAL: __cxx_global_var_init.1.19087 @ 0x59d060
MANUAL: __cxx_global_var_init.18997 @ 0x59d0b0
MANUAL: __cxx_global_var_init.1.18998 @ 0x59d110
MANUAL: __cxx_global_var_init.18992 @ 0x59d160
MANUAL: __cxx_global_var_init.1.18993 @ 0x59d1c0
MANUAL: __cxx_global_var_init.18957 @ 0x59d210
MANUAL: __cxx_global_var_init.1.18958 @ 0x59d270
MANUAL: __cxx_global_var_init.18903 @ 0x59d2c0
MANUAL: __cxx_global_var_init.1.18904 @ 0x59d320
MANUAL: __cxx_global_var_init.18898 @ 0x59d370
MANUAL: __cxx_global_var_init.1.18899 @ 0x59d3d0
MANUAL: __cxx_global_var_init.18888 @ 0x59d420
MANUAL: __cxx_global_var_init.1.18889 @ 0x59d480
MANUAL: __cxx_global_var_init.18877 @ 0x59d4d0
MANUAL: __cxx_global_var_init.1.18878 @ 0x59d530
MANUAL: __cxx_global_var_init.18856 @ 0x59d580
MANUAL: __cxx_global_var_init.1.18857 @ 0x59d5e0
MANUAL: __cxx_global_var_init.18849 @ 0x59d630
MANUAL: __cxx_global_var_init.1.18850 @ 0x59d690
MANUAL: __cxx_global_var_init.18837 @ 0x59d6e0
MANUAL: __cxx_global_var_init.1.18838 @ 0x59d740
MANUAL: __cxx_global_var_init.18822 @ 0x59d790
MANUAL: __cxx_global_var_init.1.18823 @ 0x59d7f0
MANUAL: __cxx_global_var_init.2.18824 @ 0x59d840
MANUAL: _ZN7HALSITL9SemaphoreD2Ev @ 0xa31620
MANUAL: _ZN6AP_HAL9SemaphoreD2Ev @ 0xa31670
MANUAL: _ZN7HALSITL9SemaphoreC2Ev @ 0x5ec210
MANUAL: _ZN6AP_HAL9SemaphoreC2Ev @ 0xa316c0
MANUAL: _ZN7HALSITL9Semaphore4takeEj @ 0x5ec2b0
MANUAL: _ZN6AP_HAL9Semaphore13take_blockingEv @ 0xa31720
MANUAL: __cxx_global_var_init.18804 @ 0x59d8b0
MANUAL: __cxx_global_var_init.1.18805 @ 0x59d910
MANUAL: __cxx_global_var_init.18780 @ 0x59d960
MANUAL: __cxx_global_var_init.1.18781 @ 0x59d9c0
MANUAL: __cxx_global_var_init.18768 @ 0x59da10
MANUAL: __cxx_global_var_init.1.18769 @ 0x59da70
MANUAL: __cxx_global_var_init.18749 @ 0x59dac0
MANUAL: __cxx_global_var_init.1.18750 @ 0x59db20
MANUAL: __cxx_global_var_init.18716 @ 0x59db70
MANUAL: __cxx_global_var_init.1.18717 @ 0x59dbd0
MANUAL: __cxx_global_var_init.18693 @ 0x59dc20
MANUAL: __cxx_global_var_init.1.18694 @ 0x59dc80
MANUAL: __cxx_global_var_init.18672 @ 0x59dcd0
MANUAL: __cxx_global_var_init.1.18673 @ 0x59dd30
MANUAL: __cxx_global_var_init.18653 @ 0x59dd80
MANUAL: __cxx_global_var_init.1.18654 @ 0x59dde0
MANUAL: __cxx_global_var_init.18641 @ 0x59de30
MANUAL: __cxx_global_var_init.1.18642 @ 0x59de90
MANUAL: __cxx_global_var_init.18618 @ 0x59dee0
MANUAL: __cxx_global_var_init.1.18619 @ 0x59df40
MANUAL: __cxx_global_var_init.18573 @ 0x59df90
MANUAL: __cxx_global_var_init.1.18574 @ 0x59dff0
MANUAL: __cxx_global_var_init.18566 @ 0x59e040
MANUAL: __cxx_global_var_init.1.18567 @ 0x59e0a0
MANUAL: __cxx_global_var_init.18554 @ 0x59e0f0
MANUAL: __cxx_global_var_init.1.18555 @ 0x59e150
MANUAL: __cxx_global_var_init.18514 @ 0x59e1a0
MANUAL: __cxx_global_var_init.1.18515 @ 0x59e200
MANUAL: __cxx_global_var_init.18502 @ 0x59e250
MANUAL: __cxx_global_var_init.1.18503 @ 0x59e2b0
MANUAL: __cxx_global_var_init.2.18504 @ 0x59e300
MANUAL: __cxx_global_var_init.18492 @ 0x59e350
MANUAL: __cxx_global_var_init.1.18493 @ 0x59e3b0
MANUAL: __cxx_global_var_init.2.18494 @ 0x59e400
MANUAL: _ZN15ObjectBuffer_TSIN21AP_Proximity_DroneCAN12ObstacleItemEEC2Ej @ 0xa31880
MANUAL: __cxx_global_var_init.18471 @ 0x59e480
MANUAL: __cxx_global_var_init.1.18472 @ 0x59e4e0
MANUAL: __cxx_global_var_init.18466 @ 0x59e530
MANUAL: __cxx_global_var_init.1.18467 @ 0x59e590
MANUAL: __cxx_global_var_init.18459 @ 0x59e5e0
MANUAL: __cxx_global_var_init.1.18460 @ 0x59e640
MANUAL: __cxx_global_var_init.18452 @ 0x59e690
MANUAL: __cxx_global_var_init.1.18453 @ 0x59e6f0
MANUAL: __cxx_global_var_init.18442 @ 0x59e740
MANUAL: __cxx_global_var_init.1.18443 @ 0x59e7a0
MANUAL: __cxx_global_var_init.18437 @ 0x59e7f0
MANUAL: __cxx_global_var_init.1.18438 @ 0x59e850
MANUAL: __cxx_global_var_init.18430 @ 0x59e8a0
MANUAL: __cxx_global_var_init.1.18431 @ 0x59e900
MANUAL: __cxx_global_var_init.18422 @ 0x59e950
MANUAL: __cxx_global_var_init.1.18423 @ 0x59e9b0
MANUAL: __cxx_global_var_init.18415 @ 0x59ea00
MANUAL: __cxx_global_var_init.1.18416 @ 0x59ea60
MANUAL: __cxx_global_var_init.18403 @ 0x59eab0
MANUAL: __cxx_global_var_init.1.18404 @ 0x59eb10
MANUAL: __cxx_global_var_init.2.18405 @ 0x59eb60
MANUAL: _ZN22AP_RCProtocol_DroneCAN8RegistryC2Ev @ 0xa319d0
MANUAL: __cxx_global_var_init.18394 @ 0x59ebd0
MANUAL: __cxx_global_var_init.1.18395 @ 0x59ec30
MANUAL: __cxx_global_var_init.18365 @ 0x59ec80
MANUAL: __cxx_global_var_init.1.18366 @ 0x59ece0
MANUAL: __cxx_global_var_init.18350 @ 0x59ed30
MANUAL: __cxx_global_var_init.1.18351 @ 0x59ed90
MANUAL: __cxx_global_var_init.18327 @ 0x59ede0
MANUAL: __cxx_global_var_init.1.18328 @ 0x59ee40
MANUAL: __cxx_global_var_init.18312 @ 0x59ee90
MANUAL: __cxx_global_var_init.1.18313 @ 0x59eef0
MANUAL: __cxx_global_var_init.18281 @ 0x59ef40
MANUAL: __cxx_global_var_init.1.18282 @ 0x59efa0
MANUAL: __cxx_global_var_init.18267 @ 0x59eff0
MANUAL: __cxx_global_var_init.1.18268 @ 0x59f050
MANUAL: __cxx_global_var_init.18262 @ 0x59f0a0
MANUAL: __cxx_global_var_init.1.18263 @ 0x59f100
MANUAL: __cxx_global_var_init.18255 @ 0x59f150
MANUAL: __cxx_global_var_init.1.18256 @ 0x59f1b0
MANUAL: __cxx_global_var_init.18241 @ 0x59f200
MANUAL: __cxx_global_var_init.1.18242 @ 0x59f260
MANUAL: __cxx_global_var_init.18218 @ 0x59f2b0
MANUAL: __cxx_global_var_init.1.18219 @ 0x59f310
MANUAL: __cxx_global_var_init.18171 @ 0x59f360
MANUAL: __cxx_global_var_init.1.18172 @ 0x59f3c0
MANUAL: __cxx_global_var_init.18156 @ 0x59f410
MANUAL: __cxx_global_var_init.1.18157 @ 0x59f470
MANUAL: __cxx_global_var_init.18147 @ 0x59f4c0
MANUAL: __cxx_global_var_init.1.18148 @ 0x59f520
MANUAL: __cxx_global_var_init.18135 @ 0x59f570
MANUAL: __cxx_global_var_init.1.18136 @ 0x59f5d0
MANUAL: __cxx_global_var_init.18095 @ 0x59f620
MANUAL: __cxx_global_var_init.1.18096 @ 0x59f680
MANUAL: __cxx_global_var_init.18087 @ 0x59f6d0
MANUAL: __cxx_global_var_init.1.18088 @ 0x59f730
MANUAL: __cxx_global_var_init.18080 @ 0x59f780
MANUAL: __cxx_global_var_init.1.18081 @ 0x59f7e0
MANUAL: __cxx_global_var_init.18068 @ 0x59f830
MANUAL: __cxx_global_var_init.1.18069 @ 0x59f890
MANUAL: __cxx_global_var_init.18043 @ 0x59f8e0
MANUAL: __cxx_global_var_init.1.18044 @ 0x59f940
MANUAL: __cxx_global_var_init.18033 @ 0x59f990
MANUAL: __cxx_global_var_init.1.18034 @ 0x59f9f0
MANUAL: __cxx_global_var_init.18010 @ 0x59fa40
MANUAL: __cxx_global_var_init.1.18011 @ 0x59faa0
MANUAL: __cxx_global_var_init.18003 @ 0x59faf0
MANUAL: __cxx_global_var_init.1.18004 @ 0x59fb50
MANUAL: __cxx_global_var_init.17997 @ 0x59fba0
MANUAL: __cxx_global_var_init.1.17998 @ 0x59fc00
MANUAL: __cxx_global_var_init.17972 @ 0x59fc50
MANUAL: __cxx_global_var_init.1.17973 @ 0x59fcb0
MANUAL: __cxx_global_var_init.17944 @ 0x59fd00
MANUAL: __cxx_global_var_init.1.17945 @ 0x59fd60
MANUAL: __cxx_global_var_init.17935 @ 0x59fdb0
MANUAL: __cxx_global_var_init.1.17936 @ 0x59fe10
MANUAL: __cxx_global_var_init.17925 @ 0x59fe60
MANUAL: __cxx_global_var_init.1.17926 @ 0x59fec0
MANUAL: __cxx_global_var_init.17918 @ 0x59ff10
MANUAL: __cxx_global_var_init.1.17919 @ 0x59ff70
MANUAL: __cxx_global_var_init.17910 @ 0x59ffc0
MANUAL: __cxx_global_var_init.1.17911 @ 0x5a0020
MANUAL: __cxx_global_var_init.17899 @ 0x5a0070
MANUAL: __cxx_global_var_init.1.17900 @ 0x5a00d0
MANUAL: __cxx_global_var_init.17887 @ 0x5a0120
MANUAL: __cxx_global_var_init.1.17888 @ 0x5a0180
MANUAL: __cxx_global_var_init.17876 @ 0x5a01d0
MANUAL: __cxx_global_var_init.1.17877 @ 0x5a0230
MANUAL: __cxx_global_var_init.17863 @ 0x5a0280
MANUAL: __cxx_global_var_init.1.17864 @ 0x5a02e0
MANUAL: __cxx_global_var_init.17853 @ 0x5a0330
MANUAL: __cxx_global_var_init.1.17854 @ 0x5a0390
MANUAL: __cxx_global_var_init.17804 @ 0x5a03e0
MANUAL: __cxx_global_var_init.1.17805 @ 0x5a0440
MANUAL: __cxx_global_var_init.17777 @ 0x5a0490
MANUAL: __cxx_global_var_init.1.17778 @ 0x5a04f0
MANUAL: __cxx_global_var_init.17757 @ 0x5a0540
MANUAL: __cxx_global_var_init.1.17758 @ 0x5a05a0
MANUAL: __cxx_global_var_init.17728 @ 0x5a05f0
MANUAL: __cxx_global_var_init.1.17729 @ 0x5a0650
MANUAL: __cxx_global_var_init.17706 @ 0x5a06a0
MANUAL: __cxx_global_var_init.1.17707 @ 0x5a0700
MANUAL: __cxx_global_var_init.17682 @ 0x5a0750
MANUAL: __cxx_global_var_init.1.17683 @ 0x5a07b0
MANUAL: __cxx_global_var_init.17651 @ 0x5a0800
MANUAL: __cxx_global_var_init.1.17652 @ 0x5a0860
MANUAL: __cxx_global_var_init.17644 @ 0x5a08b0
MANUAL: __cxx_global_var_init.1.17645 @ 0x5a0910
MANUAL: __cxx_global_var_init.17587 @ 0x5a0960
MANUAL: __cxx_global_var_init.1.17588 @ 0x5a09c0
MANUAL: __cxx_global_var_init.17561 @ 0x5a0a10
MANUAL: __cxx_global_var_init.1.17562 @ 0x5a0a70
MANUAL: __cxx_global_var_init.17545 @ 0x5a0ac0
MANUAL: __cxx_global_var_init.1.17546 @ 0x5a0b20
MANUAL: __cxx_global_var_init.17536 @ 0x5a0b70
MANUAL: __cxx_global_var_init.1.17537 @ 0x5a0bd0
MANUAL: __cxx_global_var_init.17484 @ 0x5a0c20
MANUAL: __cxx_global_var_init.1.17485 @ 0x5a0c80
MANUAL: __cxx_global_var_init.17477 @ 0x5a0cd0
MANUAL: __cxx_global_var_init.1.17478 @ 0x5a0d30
MANUAL: __cxx_global_var_init.17444 @ 0x5a0d80
MANUAL: __cxx_global_var_init.1.17445 @ 0x5a0de0
MANUAL: __cxx_global_var_init.17412 @ 0x5a0e30
MANUAL: __cxx_global_var_init.1.17413 @ 0x5a0e90
MANUAL: __cxx_global_var_init.17398 @ 0x5a0ee0
MANUAL: __cxx_global_var_init.1.17399 @ 0x5a0f40
MANUAL: __cxx_global_var_init.17389 @ 0x5a0f90
MANUAL: __cxx_global_var_init.1.17390 @ 0x5a0ff0
MANUAL: __cxx_global_var_init.17361 @ 0x5a1040
MANUAL: __cxx_global_var_init.1.17362 @ 0x5a10a0
MANUAL: __cxx_global_var_init.17349 @ 0x5a10f0
MANUAL: __cxx_global_var_init.1.17350 @ 0x5a1150
MANUAL: __cxx_global_var_init.17306 @ 0x5a11a0
MANUAL: __cxx_global_var_init.1.17307 @ 0x5a1200
MANUAL: __cxx_global_var_init.17287 @ 0x5a1250
MANUAL: __cxx_global_var_init.1.17288 @ 0x5a12b0
MANUAL: __cxx_global_var_init.17271 @ 0x5a1300
MANUAL: __cxx_global_var_init.1.17272 @ 0x5a1360
MANUAL: __cxx_global_var_init.17248 @ 0x5a13b0
MANUAL: __cxx_global_var_init.1.17249 @ 0x5a1410
MANUAL: __cxx_global_var_init.17225 @ 0x5a1460
MANUAL: __cxx_global_var_init.1.17226 @ 0x5a14c0
MANUAL: __cxx_global_var_init.17164 @ 0x5a1510
MANUAL: __cxx_global_var_init.1.17165 @ 0x5a1570
MANUAL: __cxx_global_var_init.17159 @ 0x5a15c0
MANUAL: __cxx_global_var_init.1.17160 @ 0x5a1620
MANUAL: __cxx_global_var_init.17150 @ 0x5a1670
MANUAL: __cxx_global_var_init.1.17151 @ 0x5a16d0
MANUAL: __cxx_global_var_init.17140 @ 0x5a1720
MANUAL: __cxx_global_var_init.1.17141 @ 0x5a1780
MANUAL: __cxx_global_var_init.17133 @ 0x5a17d0
MANUAL: __cxx_global_var_init.1.17134 @ 0x5a1830
MANUAL: __cxx_global_var_init.17123 @ 0x5a1880
MANUAL: __cxx_global_var_init.1.17124 @ 0x5a18e0
MANUAL: __cxx_global_var_init.17116 @ 0x5a1930
MANUAL: __cxx_global_var_init.1.17117 @ 0x5a1990
MANUAL: __cxx_global_var_init.17106 @ 0x5a19e0
MANUAL: __cxx_global_var_init.1.17107 @ 0x5a1a40
MANUAL: __cxx_global_var_init.17097 @ 0x5a1a90
MANUAL: __cxx_global_var_init.1.17098 @ 0x5a1af0
MANUAL: __cxx_global_var_init.17085 @ 0x5a1b40
MANUAL: __cxx_global_var_init.1.17086 @ 0x5a1ba0
MANUAL: __cxx_global_var_init.17057 @ 0x5a1bf0
MANUAL: __cxx_global_var_init.1.17058 @ 0x5a1c50
MANUAL: __cxx_global_var_init.6.17059 @ 0x5a1ca0
MANUAL: __cxx_global_var_init.17050 @ 0x5a1cf0
MANUAL: __cxx_global_var_init.1.17051 @ 0x5a1d50
MANUAL: __cxx_global_var_init.17037 @ 0x5a1da0
MANUAL: __cxx_global_var_init.1.17038 @ 0x5a1e00
MANUAL: __cxx_global_var_init.17025 @ 0x5a1e50
MANUAL: __cxx_global_var_init.1.17026 @ 0x5a1eb0
MANUAL: __cxx_global_var_init.17014 @ 0x5a1f00
MANUAL: __cxx_global_var_init.1.17015 @ 0x5a1f60
MANUAL: __cxx_global_var_init.17006 @ 0x5a1fb0
MANUAL: __cxx_global_var_init.1.17007 @ 0x5a2010
MANUAL: __cxx_global_var_init.16990 @ 0x5a2060
MANUAL: __cxx_global_var_init.1.16991 @ 0x5a20c0
MANUAL: __cxx_global_var_init.16982 @ 0x5a2110
MANUAL: __cxx_global_var_init.1.16983 @ 0x5a2170
MANUAL: __cxx_global_var_init.16975 @ 0x5a21c0
MANUAL: __cxx_global_var_init.1.16976 @ 0x5a2220
MANUAL: __cxx_global_var_init.16960 @ 0x5a2270
MANUAL: __cxx_global_var_init.1.16961 @ 0x5a22d0
MANUAL: __cxx_global_var_init.16932 @ 0x5a2320
MANUAL: __cxx_global_var_init.1.16933 @ 0x5a2380
MANUAL: __cxx_global_var_init.16906 @ 0x5a23d0
MANUAL: __cxx_global_var_init.1.16907 @ 0x5a2430
MANUAL: __cxx_global_var_init.16892 @ 0x5a2480
MANUAL: __cxx_global_var_init.1.16893 @ 0x5a24e0
MANUAL: __cxx_global_var_init.16877 @ 0x5a2530
MANUAL: __cxx_global_var_init.1.16878 @ 0x5a2590
MANUAL: __cxx_global_var_init.16859 @ 0x5a25e0
MANUAL: __cxx_global_var_init.1.16860 @ 0x5a2640
MANUAL: __cxx_global_var_init.16848 @ 0x5a2690
MANUAL: __cxx_global_var_init.1.16849 @ 0x5a26f0
MANUAL: __cxx_global_var_init.16835 @ 0x5a2740
MANUAL: __cxx_global_var_init.1.16836 @ 0x5a27a0
MANUAL: __cxx_global_var_init.16826 @ 0x5a27f0
MANUAL: __cxx_global_var_init.1.16827 @ 0x5a2850
MANUAL: __cxx_global_var_init.16819 @ 0x5a28a0
MANUAL: __cxx_global_var_init.1.16820 @ 0x5a2900
MANUAL: __cxx_global_var_init.16811 @ 0x5a2950
MANUAL: __cxx_global_var_init.1.16812 @ 0x5a29b0
MANUAL: __cxx_global_var_init.16804 @ 0x5a2a00
MANUAL: __cxx_global_var_init.1.16805 @ 0x5a2a60
MANUAL: __cxx_global_var_init.16791 @ 0x5a2ab0
MANUAL: __cxx_global_var_init.1.16792 @ 0x5a2b10
MANUAL: __cxx_global_var_init.2.16793 @ 0x5a2b60
MANUAL: __cxx_global_var_init.16784 @ 0x5a2bd0
MANUAL: __cxx_global_var_init.1.16785 @ 0x5a2c30
MANUAL: __cxx_global_var_init.16771 @ 0x5a2c80
MANUAL: __cxx_global_var_init.1.16772 @ 0x5a2ce0
MANUAL: __cxx_global_var_init.16760 @ 0x5a2d30
MANUAL: __cxx_global_var_init.1.16761 @ 0x5a2d90
MANUAL: __cxx_global_var_init.16752 @ 0x5a2de0
MANUAL: __cxx_global_var_init.1.16753 @ 0x5a2e40
MANUAL: __cxx_global_var_init.16745 @ 0x5a2e90
MANUAL: __cxx_global_var_init.1.16746 @ 0x5a2ef0
MANUAL: __cxx_global_var_init.16738 @ 0x5a2f40
MANUAL: __cxx_global_var_init.1.16739 @ 0x5a2fa0
MANUAL: __cxx_global_var_init.16731 @ 0x5a2ff0
MANUAL: __cxx_global_var_init.1.16732 @ 0x5a3050
MANUAL: __cxx_global_var_init.16718 @ 0x5a30a0
MANUAL: __cxx_global_var_init.1.16719 @ 0x5a3100
MANUAL: __cxx_global_var_init.16711 @ 0x5a3150
MANUAL: __cxx_global_var_init.1.16712 @ 0x5a31b0
MANUAL: __cxx_global_var_init.16706 @ 0x5a3200
MANUAL: __cxx_global_var_init.1.16707 @ 0x5a3260
MANUAL: __cxx_global_var_init.16699 @ 0x5a32b0
MANUAL: __cxx_global_var_init.1.16700 @ 0x5a3310
MANUAL: __cxx_global_var_init.16688 @ 0x5a3360
MANUAL: __cxx_global_var_init.1.16689 @ 0x5a33c0
MANUAL: __cxx_global_var_init.16681 @ 0x5a3410
MANUAL: __cxx_global_var_init.1.16682 @ 0x5a3470
MANUAL: __cxx_global_var_init.16671 @ 0x5a34c0
MANUAL: __cxx_global_var_init.1.16672 @ 0x5a3520
MANUAL: __cxx_global_var_init.16655 @ 0x5a3570
MANUAL: __cxx_global_var_init.1.16656 @ 0x5a35d0
MANUAL: __cxx_global_var_init.16648 @ 0x5a3620
MANUAL: __cxx_global_var_init.1.16649 @ 0x5a3680
MANUAL: __cxx_global_var_init.16635 @ 0x5a36d0
MANUAL: __cxx_global_var_init.1.16636 @ 0x5a3730
MANUAL: __cxx_global_var_init.2.16637 @ 0x5a3780
MANUAL: __cxx_global_var_init.16628 @ 0x5a37f0
MANUAL: __cxx_global_var_init.1.16629 @ 0x5a3850
MANUAL: __cxx_global_var_init.16617 @ 0x5a38a0
MANUAL: __cxx_global_var_init.1.16618 @ 0x5a3900
MANUAL: __cxx_global_var_init.16610 @ 0x5a3950
MANUAL: __cxx_global_var_init.1.16611 @ 0x5a39b0
MANUAL: __cxx_global_var_init.16603 @ 0x5a3a00
MANUAL: __cxx_global_var_init.1.16604 @ 0x5a3a60
MANUAL: __cxx_global_var_init.16589 @ 0x5a3ab0
MANUAL: __cxx_global_var_init.1.16590 @ 0x5a3b10
MANUAL: __cxx_global_var_init.16584 @ 0x5a3b60
MANUAL: __cxx_global_var_init.1.16585 @ 0x5a3bc0
MANUAL: __cxx_global_var_init.16541 @ 0x5a3c10
MANUAL: __cxx_global_var_init.1.16542 @ 0x5a3c70
MANUAL: __cxx_global_var_init.16485 @ 0x5a3cc0
MANUAL: __cxx_global_var_init.1.16486 @ 0x5a3d20
MANUAL: __cxx_global_var_init.16453 @ 0x5a3d70
MANUAL: __cxx_global_var_init.1.16454 @ 0x5a3dd0
MANUAL: __cxx_global_var_init.14964 @ 0x5a3e20
MANUAL: __cxx_global_var_init.1.14965 @ 0x5a3e80
MANUAL: __cxx_global_var_init.14910 @ 0x5a3ed0
MANUAL: __cxx_global_var_init.1.14911 @ 0x5a3f30
MANUAL: __cxx_global_var_init.2.14912 @ 0x5a3f80
MANUAL: __cxx_global_var_init.3.14913 @ 0x5a3ff0
MANUAL: __cxx_global_var_init.14895 @ 0x5a4060
MANUAL: __cxx_global_var_init.1.14896 @ 0x5a40c0
MANUAL: __cxx_global_var_init.14853 @ 0x5a4110
MANUAL: __cxx_global_var_init.1.14854 @ 0x5a4170
MANUAL: __cxx_global_var_init.14800 @ 0x5a41c0
MANUAL: __cxx_global_var_init.1.14801 @ 0x5a4220
MANUAL: __cxx_global_var_init.196 @ 0x5a4270
MANUAL: __cxx_global_var_init.14582 @ 0x5a42d0
MANUAL: __cxx_global_var_init.1.14583 @ 0x5a4330
MANUAL: __cxx_global_var_init.14468 @ 0x5a4380
MANUAL: __cxx_global_var_init.1.14469 @ 0x5a43e0
MANUAL: __cxx_global_var_init.14448 @ 0x5a4430
MANUAL: __cxx_global_var_init.1.14449 @ 0x5a4490
MANUAL: __cxx_global_var_init.14437 @ 0x5a44e0
MANUAL: __cxx_global_var_init.1.14438 @ 0x5a4540
MANUAL: __cxx_global_var_init.14417 @ 0x5a4590
MANUAL: __cxx_global_var_init.1.14418 @ 0x5a45f0
MANUAL: __cxx_global_var_init.14395 @ 0x5a4640
MANUAL: __cxx_global_var_init.1.14396 @ 0x5a46a0
MANUAL: __cxx_global_var_init.14386 @ 0x5a46f0
MANUAL: __cxx_global_var_init.1.14387 @ 0x5a4750
MANUAL: __cxx_global_var_init.14309 @ 0x5a47a0
MANUAL: __cxx_global_var_init.1.14310 @ 0x5a4800
MANUAL: __cxx_global_var_init.14273 @ 0x5a4850
MANUAL: __cxx_global_var_init.1.14274 @ 0x5a48b0
MANUAL: __cxx_global_var_init.14253 @ 0x5a4900
MANUAL: __cxx_global_var_init.1.14254 @ 0x5a4960
MANUAL: __cxx_global_var_init.14225 @ 0x5a49b0
MANUAL: __cxx_global_var_init.1.14226 @ 0x5a4a10
MANUAL: __cxx_global_var_init.14220 @ 0x5a4a60
MANUAL: __cxx_global_var_init.1.14221 @ 0x5a4ac0
MANUAL: __cxx_global_var_init.14210 @ 0x5a4b10
MANUAL: __cxx_global_var_init.1.14211 @ 0x5a4b70
MANUAL: __cxx_global_var_init.14199 @ 0x5a4bc0
MANUAL: __cxx_global_var_init.1.14200 @ 0x5a4c20
MANUAL: __cxx_global_var_init.14174 @ 0x5a4c70
MANUAL: __cxx_global_var_init.1.14175 @ 0x5a4cd0
MANUAL: __cxx_global_var_init.14161 @ 0x5a4d20
MANUAL: __cxx_global_var_init.1.14162 @ 0x5a4d80
MANUAL: __cxx_global_var_init.14144 @ 0x5a4dd0
MANUAL: __cxx_global_var_init.1.14145 @ 0x5a4e30
MANUAL: __cxx_global_var_init.14128 @ 0x5a4e80
MANUAL: __cxx_global_var_init.1.14129 @ 0x5a4ee0
MANUAL: __cxx_global_var_init.14111 @ 0x5a4f30
MANUAL: __cxx_global_var_init.1.14112 @ 0x5a4f90
MANUAL: __cxx_global_var_init.14097 @ 0x5a4fe0
MANUAL: __cxx_global_var_init.1.14098 @ 0x5a5040
MANUAL: __cxx_global_var_init.14076 @ 0x5a5090
MANUAL: __cxx_global_var_init.1.14077 @ 0x5a50f0
MANUAL: __cxx_global_var_init.2.14078 @ 0x5a5140
MANUAL: __cxx_global_var_init.3.14079 @ 0x5a5320
MANUAL: _ZN4SITL8ThrusterC2Eaffffff @ 0xa31a90
MANUAL: __cxx_global_var_init.14069 @ 0x5a5590
MANUAL: __cxx_global_var_init.1.14070 @ 0x5a55f0
MANUAL: __cxx_global_var_init.14041 @ 0x5a5640
MANUAL: __cxx_global_var_init.1.14042 @ 0x5a56a0
MANUAL: __cxx_global_var_init.13999 @ 0x5a56f0
MANUAL: __cxx_global_var_init.1.14000 @ 0x5a5750
MANUAL: __cxx_global_var_init.13975 @ 0x5a57a0
MANUAL: __cxx_global_var_init.1.13976 @ 0x5a5800
MANUAL: __cxx_global_var_init.13959 @ 0x5a5850
MANUAL: __cxx_global_var_init.1.13960 @ 0x5a58b0
MANUAL: __cxx_global_var_init.13933 @ 0x5a5900
MANUAL: __cxx_global_var_init.1.13934 @ 0x5a5960
MANUAL: __cxx_global_var_init.13904 @ 0x5a59b0
MANUAL: __cxx_global_var_init.1.13905 @ 0x5a5a10
MANUAL: __cxx_global_var_init.13892 @ 0x5a5a60
MANUAL: __cxx_global_var_init.1.13893 @ 0x5a5ac0
MANUAL: __cxx_global_var_init.13881 @ 0x5a5b10
MANUAL: __cxx_global_var_init.1.13882 @ 0x5a5b70
MANUAL: __cxx_global_var_init.13860 @ 0x5a5bc0
MANUAL: __cxx_global_var_init.1.13861 @ 0x5a5c20
MANUAL: __cxx_global_var_init.13849 @ 0x5a5c70
MANUAL: __cxx_global_var_init.1.13850 @ 0x5a5cd0
MANUAL: __cxx_global_var_init.13835 @ 0x5a5d20
MANUAL: __cxx_global_var_init.1.13836 @ 0x5a5d80
MANUAL: __cxx_global_var_init.13815 @ 0x5a5dd0
MANUAL: __cxx_global_var_init.1.13816 @ 0x5a5e30
MANUAL: __cxx_global_var_init.2.13817 @ 0x5a5e80
MANUAL: __cxx_global_var_init.3.13818 @ 0x5a5ec0
MANUAL: _ZN4SITL16JEDEC_MX25L3206EC2Ev @ 0xa31bd0
MANUAL: _ZN4SITL5JEDECC2Ev @ 0xa31c40
MANUAL: _ZN4SITL9SPIDeviceC2Ev @ 0xa32050
MANUAL: _ZN4SITL15RAMTRON_FM25V02C2Ev @ 0xa320b0
MANUAL: _ZN4SITL7RAMTRONC2Ev @ 0xa32140
MANUAL: __cxx_global_var_init.13802 @ 0x5a5f00
MANUAL: __cxx_global_var_init.1.13803 @ 0x5a5f60
MANUAL: __cxx_global_var_init.13787 @ 0x5a5fb0
MANUAL: __cxx_global_var_init.1.13788 @ 0x5a6010
MANUAL: __cxx_global_var_init.13777 @ 0x5a6060
MANUAL: __cxx_global_var_init.1.13778 @ 0x5a60c0
MANUAL: __cxx_global_var_init.13763 @ 0x5a6110
MANUAL: __cxx_global_var_init.1.13764 @ 0x5a6170
MANUAL: __cxx_global_var_init.13756 @ 0x5a61c0
MANUAL: __cxx_global_var_init.1.13757 @ 0x5a6220
MANUAL: __cxx_global_var_init.13749 @ 0x5a6270
MANUAL: __cxx_global_var_init.1.13750 @ 0x5a62d0
MANUAL: __cxx_global_var_init.13742 @ 0x5a6320
MANUAL: __cxx_global_var_init.1.13743 @ 0x5a6380
MANUAL: __cxx_global_var_init.13734 @ 0x5a63d0
MANUAL: __cxx_global_var_init.1.13735 @ 0x5a6430
MANUAL: __cxx_global_var_init.13727 @ 0x5a6480
MANUAL: __cxx_global_var_init.1.13728 @ 0x5a64e0
MANUAL: __cxx_global_var_init.13717 @ 0x5a6530
MANUAL: __cxx_global_var_init.1.13718 @ 0x5a6590
MANUAL: __cxx_global_var_init.13709 @ 0x5a65e0
MANUAL: __cxx_global_var_init.1.13710 @ 0x5a6640
MANUAL: __cxx_global_var_init.13700 @ 0x5a6690
MANUAL: __cxx_global_var_init.1.13701 @ 0x5a66f0
MANUAL: __cxx_global_var_init.13693 @ 0x5a6740
MANUAL: __cxx_global_var_init.1.13694 @ 0x5a67a0
MANUAL: __cxx_global_var_init.13683 @ 0x5a67f0
MANUAL: __cxx_global_var_init.1.13684 @ 0x5a6850
MANUAL: __cxx_global_var_init.13676 @ 0x5a68a0
MANUAL: __cxx_global_var_init.1.13677 @ 0x5a6900
MANUAL: __cxx_global_var_init.13669 @ 0x5a6950
MANUAL: __cxx_global_var_init.1.13670 @ 0x5a69b0
MANUAL: __cxx_global_var_init.13662 @ 0x5a6a00
MANUAL: __cxx_global_var_init.1.13663 @ 0x5a6a60
MANUAL: __cxx_global_var_init.13655 @ 0x5a6ab0
MANUAL: __cxx_global_var_init.1.13656 @ 0x5a6b10
MANUAL: __cxx_global_var_init.13644 @ 0x5a6b60
MANUAL: __cxx_global_var_init.1.13645 @ 0x5a6bc0
MANUAL: __cxx_global_var_init.13637 @ 0x5a6c10
MANUAL: __cxx_global_var_init.1.13638 @ 0x5a6c70
MANUAL: __cxx_global_var_init.13600 @ 0x5a6cc0
MANUAL: __cxx_global_var_init.1.13601 @ 0x5a6d20
MANUAL: __cxx_global_var_init.13593 @ 0x5a6d70
MANUAL: __cxx_global_var_init.1.13594 @ 0x5a6dd0
MANUAL: __cxx_global_var_init.13583 @ 0x5a6e20
MANUAL: __cxx_global_var_init.1.13584 @ 0x5a6e80
MANUAL: __cxx_global_var_init.13499 @ 0x5a6ed0
MANUAL: __cxx_global_var_init.1.13500 @ 0x5a6f30
MANUAL: __cxx_global_var_init.13491 @ 0x5a6f80
MANUAL: __cxx_global_var_init.1.13492 @ 0x5a6fe0
MANUAL: __cxx_global_var_init.13481 @ 0x5a7030
MANUAL: __cxx_global_var_init.1.13482 @ 0x5a7090
MANUAL: __cxx_global_var_init.13472 @ 0x5a70e0
MANUAL: __cxx_global_var_init.1.13473 @ 0x5a7140
MANUAL: __cxx_global_var_init.13453 @ 0x5a7190
MANUAL: __cxx_global_var_init.1.13454 @ 0x5a71f0
MANUAL: __cxx_global_var_init.13442 @ 0x5a7240
MANUAL: __cxx_global_var_init.1.13443 @ 0x5a72a0
MANUAL: __cxx_global_var_init.13429 @ 0x5a72f0
MANUAL: __cxx_global_var_init.1.13430 @ 0x5a7350
MANUAL: __cxx_global_var_init.13360 @ 0x5a73a0
MANUAL: __cxx_global_var_init.1.13361 @ 0x5a7400
MANUAL: __cxx_global_var_init.13335 @ 0x5a7450
MANUAL: __cxx_global_var_init.1.13336 @ 0x5a74b0
MANUAL: __cxx_global_var_init.13323 @ 0x5a7500
MANUAL: __cxx_global_var_init.1.13324 @ 0x5a7560
MANUAL: __cxx_global_var_init.13312 @ 0x5a75b0
MANUAL: __cxx_global_var_init.1.13313 @ 0x5a7610
MANUAL: __cxx_global_var_init.13292 @ 0x5a7660
MANUAL: __cxx_global_var_init.1.13293 @ 0x5a76c0
MANUAL: __cxx_global_var_init.13282 @ 0x5a7710
MANUAL: __cxx_global_var_init.1.13283 @ 0x5a7770
MANUAL: __cxx_global_var_init.13263 @ 0x5a77c0
MANUAL: __cxx_global_var_init.1.13264 @ 0x5a7820
MANUAL: __cxx_global_var_init.13258 @ 0x5a7870
MANUAL: __cxx_global_var_init.1.13259 @ 0x5a78d0
MANUAL: __cxx_global_var_init.13236 @ 0x5a7920
MANUAL: __cxx_global_var_init.1.13237 @ 0x5a7980
MANUAL: __cxx_global_var_init.13178 @ 0x5a79d0
MANUAL: __cxx_global_var_init.1.13179 @ 0x5a7a30
MANUAL: __cxx_global_var_init.13119 @ 0x5a7a80
MANUAL: __cxx_global_var_init.1.13120 @ 0x5a7ae0
MANUAL: __cxx_global_var_init.13084 @ 0x5a7b30
MANUAL: __cxx_global_var_init.35 @ 0x5a7b90
MANUAL: __cxx_global_var_init.1.13085 @ 0x5a7be0
MANUAL: __cxx_global_var_init.13038 @ 0x5a7c30
MANUAL: __cxx_global_var_init.1.13039 @ 0x5a7c90
MANUAL: __cxx_global_var_init.13010 @ 0x5a7ce0
MANUAL: __cxx_global_var_init.1.13011 @ 0x5a7d40
MANUAL: __cxx_global_var_init.12989 @ 0x5a7d90
MANUAL: __cxx_global_var_init.1.12990 @ 0x5a7df0
MANUAL: __cxx_global_var_init.12982 @ 0x5a7e40
MANUAL: __cxx_global_var_init.1.12983 @ 0x5a7ea0
MANUAL: __cxx_global_var_init.12961 @ 0x5a7ef0
MANUAL: __cxx_global_var_init.1.12962 @ 0x5a7f50
MANUAL: __cxx_global_var_init.12941 @ 0x5a7fa0
MANUAL: __cxx_global_var_init.1.12942 @ 0x5a8000
MANUAL: __cxx_global_var_init.12886 @ 0x5a8050
MANUAL: __cxx_global_var_init.1.12887 @ 0x5a80b0
MANUAL: __cxx_global_var_init.2.12888 @ 0x5a8100
MANUAL: __cxx_global_var_init.3.12889 @ 0x5a8140
MANUAL: __cxx_global_var_init.4.12890 @ 0x5a8180
MANUAL: __cxx_global_var_init.5.12891 @ 0x5a81c0
MANUAL: __cxx_global_var_init.6.12892 @ 0x5a8200
MANUAL: __cxx_global_var_init.7.12893 @ 0x5a8240
MANUAL: __cxx_global_var_init.8.12894 @ 0x5a8280
MANUAL: __cxx_global_var_init.9.12895 @ 0x5a82c0
MANUAL: __cxx_global_var_init.10.12896 @ 0x5a8300
MANUAL: __cxx_global_var_init.11.12897 @ 0x5a8340
MANUAL: __cxx_global_var_init.12.12898 @ 0x5a8380
MANUAL: __cxx_global_var_init.13.12899 @ 0x5a83c0
MANUAL: __cxx_global_var_init.14.12900 @ 0x5a8400
MANUAL: __cxx_global_var_init.15.12901 @ 0x5a8440
MANUAL: __cxx_global_var_init.16.12902 @ 0x5a8480
MANUAL: __cxx_global_var_init.17.12903 @ 0x5a84c0
MANUAL: __cxx_global_var_init.18.12904 @ 0x5a8500
MANUAL: __cxx_global_var_init.19.12905 @ 0x5a8540
MANUAL: __cxx_global_var_init.20.12906 @ 0x5a8580
MANUAL: __cxx_global_var_init.21.12907 @ 0x5a85c0
MANUAL: __cxx_global_var_init.22.12908 @ 0x5a8600
MANUAL: _ZN4SITL6AS5600C2Ev @ 0xa32300
MANUAL: _ZN4SITL9I2CDeviceC2Ev @ 0xa32390
MANUAL: _ZN4SITL17I2CRegisters_8BitC2Ev @ 0xa323f0
MANUAL: _ZN4SITL6AS56004initEv @ 0x5ed6d0
MANUAL: _ZN4SITL6AS56006updateERKNS_8AircraftE @ 0x5ed7d0
MANUAL: _ZN4SITL17I2CRegisters_8Bit25rdwr_store_register_valueEhh @ 0xa32540
MANUAL: _ZN4SITL17I2CRegisters_8Bit4rdwrERPNS_3I2C19i2c_rdwr_ioctl_dataE @ 0x5ed8c0
MANUAL: _ZNK4SITL8Aircraft12get_attitudeER11QuaternionTIfE @ 0xa325c0
MANUAL: _ZL7degreesf.19207 @ 0x5edba0
MANUAL: _ZN4SITL17I2CRegisters_8Bit12set_registerEhh @ 0x5edc00
MANUAL: _ZN4SITL12I2CRegisters12add_registerEPKchNS0_7RegModeE @ 0x5edca0
MANUAL: _ZN4SITL12I2CRegistersC2Ev @ 0xa32630
MANUAL: _ZN7BitmaskILt256EEC2Ev @ 0xa326b0
MANUAL: _ZN7BitmaskILt256EE8clearallEv @ 0xa32700
MANUAL: _ZN4SITL9I2CDevice4initEv @ 0xa32760
MANUAL: _ZN4SITL9I2CDevice6updateERKNS_8AircraftE @ 0xa327b0
MANUAL: _ZN4SITL13TeraRangerI2CC2Ev @ 0xa32810
MANUAL: _ZN4SITL13TeraRangerI2C4initEv @ 0xa328a0
MANUAL: _ZN4SITL13TeraRangerI2C6updateERKNS_8AircraftE @ 0xa32950
MANUAL: _ZNK4SITL8Aircraft17rangefinder_rangeEv @ 0x5ee2c0
MANUAL: _ZL7radiansf.14466 @ 0x5ee7a0
MANUAL: _Z10rand_floatv @ 0x5ee800
MANUAL: _ZN4SITL7INA3221C2Ev @ 0x5ee870
MANUAL: _ZN4SITL7INA32215resetEv @ 0x5eea10
MANUAL: _ZN4SITL7INA32216updateERKNS_8AircraftE @ 0x5eeae0
MANUAL: _ZL15convert_voltagef @ 0x5eef60
MANUAL: _ZL15convert_currentf @ 0x5ef030
MANUAL: _ZN4SITL8QMC5883LC2Ev @ 0x5ef110
MANUAL: _ZN4SITL8QMC5883L5resetEv @ 0x5ef220
MANUAL: _ZN4SITL8QMC5883L6updateERKNS_8AircraftE @ 0x5ef290
MANUAL: _ZN7Vector3IfE14rotate_inverseE8Rotation @ 0xa329c0
MANUAL: _ZL7htole16t.13591 @ 0x5ef6a0
MANUAL: _ZN7Vector3IsEC2Esss @ 0xa32b70
MANUAL: _ZN4SITL10IS31FL3195C2Ev @ 0xa32c10
MANUAL: _ZN10SIM_RGBLEDC2EPKc @ 0xa32cb0
MANUAL: _ZN4SITL10IS31FL31954initEv @ 0x5ef6f0
MANUAL: _ZN4SITL10IS31FL31956updateERKNS_8AircraftE @ 0x5ef910
MANUAL: _ZN4SITL10IS31FL31954rdwrERPNS_3I2C19i2c_rdwr_ioctl_dataE @ 0x5efa40
MANUAL: _ZN4SITL10IS31FL319525rdwr_store_register_valueEhh @ 0x5efab0
MANUAL: _ZThn8_N4SITL10IS31FL319525rdwr_store_register_valueEhh @ 0x5efbd0
MANUAL: _ZN4SITL17I2CRegisters_8Bit12get_registerEh @ 0xa32d10
MANUAL: _ZN4SITL10IS31FL319515reset_registersEv @ 0x5efc60
MANUAL: _ZN10SIM_RGBLED11set_coloursEhhh @ 0xa32d70
MANUAL: _ZN10SIM_RGBLED4initEv @ 0x5efda0
MANUAL: _ZN4SITL6LM2755C2Ev @ 0xa32e00
MANUAL: _ZN4SITL6LM27554initEv @ 0x5efdf0
MANUAL: _ZN4SITL6LM27556updateERKNS_8AircraftE @ 0x5f05f0
MANUAL: _ZNK4SITL6LM275510LEDChannel13current_valueEv @ 0xa32f80
MANUAL: _ZN4SITL6LM275510LEDChannelC2ERhS2_S2_S2_S2_S2_S2_ @ 0xa32fd0
MANUAL: _ZN4SITL6LP5562C2Ev @ 0xa33080
MANUAL: _ZN4SITL6LP55624initEv @ 0x5f0850
MANUAL: _ZN4SITL6LP55626updateERKNS_8AircraftE @ 0x5f0ba0
MANUAL: _ZN4SITL6LP55624rdwrERPNS_3I2C19i2c_rdwr_ioctl_dataE @ 0xa33120
MANUAL: _ZN4SITL6LP556215reset_registersEv @ 0x5f0de0
MANUAL: _ZN4SITL6LP556210LEDChannel6updateEv @ 0x5f0eb0
MANUAL: _ZNK4SITL6LP556210LEDChannel13current_valueEv @ 0xa33200
MANUAL: _ZN4SITL6LP556210LEDChannelC2ERh @ 0xa33250
MANUAL: _ZN4SITL6MS5611C2Ev @ 0xa332b0
MANUAL: _ZN4SITL6MS5XXXC2Ev @ 0x5f0f00
MANUAL: _ZN4SITL6MS5XXX6updateERKNS_8AircraftE @ 0x5f0f90
MANUAL: _ZN7AP_Baro37get_pressure_temperature_for_alt_amslEfRfS0_ @ 0x5f1f40
MANUAL: _ZN7AP_Baro29geometric_alt_to_geopotentialEf @ 0x5f2120
MANUAL: _ZL33find_atmosphere_layer_by_altitudef @ 0x5f2180
MANUAL: _ZN7AP_Baro33get_temperature_by_altitude_layerEfa @ 0x5f2230
MANUAL: _ZN4SITL6MS5525C2Ev @ 0xa33450
MANUAL: _ZN7AP_Baro29get_temperatureC_for_alt_amslEf @ 0x5f2db0
MANUAL: _ZN4SITL8ICM40609C2Ev @ 0xa33590
MANUAL: _ZN4SITL12InvensenseV3C2Ev @ 0xa33610
MANUAL: _ZN4SITL8ICM406094initEv @ 0xa336e0
MANUAL: _ZN4SITL12InvensenseV36updateERKNS_8AircraftE @ 0x5f2e20
MANUAL: _ZNK4SITL8ICM4060911accel_scaleEv @ 0xa33750
MANUAL: _ZN4SITL12InvensenseV319update_sample_countEv @ 0x5f3670
MANUAL: _ZN4SITL12InvensenseV39set_blockEhPhh @ 0x5f3710
MANUAL: _ZL7radiansd.13033 @ 0x5f38e0
MANUAL: _ZNK4SITL12InvensenseV310gyro_scaleEv @ 0xa337a0
MANUAL: _ZN4SITL12InvensenseV313write_to_fifoEhPhh @ 0x5f3930
MANUAL: _ZN4SITL12InvensenseV34initEv @ 0xa337f0
MANUAL: _ZN4SITL12InvensenseV39add_blockEPKchhNS_12I2CRegisters7RegModeE @ 0x5f3ac0
MANUAL: _ZN4SITL12InvensenseV38add_fifoEPKchNS_12I2CRegisters7RegModeE @ 0x5f3c10
MANUAL: _ZN4SITL7MCP9600C2Ev @ 0xa339a0
MANUAL: _ZN4SITL31I2CRegisters_ConfigurableLengthC2Ev @ 0xa33a40
MANUAL: _ZN4SITL7MCP96004initEv @ 0x5f3d40
MANUAL: _ZN4SITL7MCP96006updateERKNS_8AircraftE @ 0x5f3e90
MANUAL: _ZL7htobe16t.12937 @ 0x5f4460
MANUAL: _ZL10__bswap_16t.12939 @ 0x5f44b0
MANUAL: _ZNK4SITL31I2CRegisters_ConfigurableLength13get_reg_valueEhRh @ 0x5f4520
MANUAL: _ZN4SITL31I2CRegisters_ConfigurableLength12set_registerEhh @ 0x5f4760
MANUAL: _ZN4SITL12I2CRegisters9set_debugEb @ 0xa33ab0
MANUAL: _ZN4SITL31I2CRegisters_ConfigurableLength12add_registerEPKchhNS_12I2CRegisters7RegModeE @ 0x5f48a0
MANUAL: _ZN4SITL6TSYS03C2Ev @ 0xa33b10
MANUAL: _ZN4SITL6TSYS036updateERKNS_8AircraftE @ 0x5f4970
MANUAL: _ZN4SITL6TSYS039set_stateENS0_5StateE @ 0xa33b90
MANUAL: _ZNK4SITL6TSYS0316time_in_state_msEv @ 0xa33c00
MANUAL: _ZN4SITL6TSYS01C2Ev @ 0xa33d10
MANUAL: _ZN4SITL6TSYS016updateERKNS_8AircraftE @ 0x5f53c0
MANUAL: _ZN4SITL6TSYS019set_stateENS0_5StateE @ 0xa33d90
MANUAL: _ZNK4SITL6TSYS0116time_in_state_msEv @ 0xa33e00
MANUAL: _ZN4SITL5SHT3xC2Ev @ 0x5f5ef0
MANUAL: _ZN4SITL5SHT3x5resetEv @ 0x5f5f80
MANUAL: _ZN4SITL5SHT3x6updateERKNS_8AircraftE @ 0x5f5ff0
MANUAL: _ZN4SITL5SHT3x9set_stateENS0_5StateE @ 0xa33e60
MANUAL: _ZNK4SITL5SHT3x16time_in_state_msEv @ 0xa33ed0
MANUAL: _ZN4SITL13Airspeed_DLVRC2Ev @ 0xa33f30
MANUAL: _ZN4SITL13Airspeed_DLVR6updateERKNS_8AircraftE @ 0x5f6870
MANUAL: _ZN4SITL29SIM_BattMonitor_SMBus_GenericC2Ev @ 0x5f6b40
MANUAL: _ZN4SITL21SIM_BattMonitor_SMBusC2Ev @ 0x5f6be0
MANUAL: _ZN4SITL11SMBusDevice9set_blockEhPKc @ 0xa33fa0
MANUAL: _ZN4SITL11SMBusDevice9set_blockEhPhh @ 0x5f6fb0
MANUAL: _ZN4SITL29SIM_BattMonitor_SMBus_Generic4initEv @ 0x5f70f0
MANUAL: _ZN4SITL29SIM_BattMonitor_SMBus_Generic6updateERKNS_8AircraftE @ 0x5f7350
MANUAL: _ZNK4SITL29SIM_BattMonitor_SMBus_Generic9cellcountEv @ 0xa34040
MANUAL: _ZNK4SITL29SIM_BattMonitor_SMBus_Generic15connected_cellsEv @ 0xa34090
MANUAL: _ZN4SITL21SIM_BattMonitor_SMBus6updateERKNS_8AircraftE @ 0x5f7bb0
MANUAL: _ZNK4SITL8Aircraft19get_battery_voltageEv @ 0xa340e0
MANUAL: _ZN4SITL11SMBusDevice12set_registerEht @ 0xa34130
MANUAL: _ZN4SITL18I2CRegisters_16Bit12set_registerEht @ 0x5f7cc0
MANUAL: _ZN4SITL11SMBusDevice12set_registerEhs @ 0xa341b0
MANUAL: _ZN4SITL18I2CRegisters_16Bit12set_registerEhs @ 0x5f7d70
MANUAL: _ZN4SITL11SMBusDevice12add_registerEPKchNS_12I2CRegisters7RegModeE @ 0xa34230
MANUAL: _ZN4SITL11SMBusDeviceC2Ev @ 0xa342c0
MANUAL: _ZN4SITL11SMBusDevice9add_blockEPKchNS_12I2CRegisters7RegModeE @ 0x5f7e20
MANUAL: _ZN4SITL18I2CRegisters_16BitC2Ev @ 0xa343a0
MANUAL: _ZN4SITL6RotoyeC2Ev @ 0x5f7f00
MANUAL: _ZN4SITL6Rotoye6updateERKNS_8AircraftE @ 0x5f8010
MANUAL: _ZNK4SITL6Rotoye9cellcountEv @ 0xa34410
MANUAL: _ZN4SITL11SMBusDevice13get_reg_valueEh @ 0xa34460
MANUAL: _ZN4SITL18I2CRegisters_16Bit13get_reg_valueEh @ 0xa344d0
MANUAL: _ZL7be16toht.19258 @ 0x5f80e0
MANUAL: _ZL10__bswap_16t.19259 @ 0x5f8130
MANUAL: _ZN4SITL6MaxellC2Ev @ 0x5f81a0
MANUAL: _ZNK4SITL6Maxell9cellcountEv @ 0xa34540
MANUAL: _ZNK4SITL6Maxell15connected_cellsEv @ 0xa34590
MANUAL: _ZN4SITL13MaxSonarI2CXLC2Ev @ 0xa345e0
MANUAL: _ZN4SITL24I2CCommandResponseDeviceC2Ev @ 0xa34670
MANUAL: _ZN4SITL13MaxSonarI2CXL6updateERKNS_8AircraftE @ 0xa346d0
MANUAL: _ZN4SITL10ToshibaLEDC2Ev @ 0xa34950
MANUAL: _ZN4SITL10ToshibaLED4initEv @ 0xa349f0
MANUAL: _ZN4SITL10ToshibaLED6updateERKNS_8AircraftE @ 0x5f83f0
MANUAL: _ZN4SITL10ToshibaLED4rdwrERPNS_3I2C19i2c_rdwr_ioctl_dataE @ 0xa34ae0
MANUAL: __cxx_global_var_init.12873 @ 0x5a8640
MANUAL: __cxx_global_var_init.1.12874 @ 0x5a86a0
MANUAL: __cxx_global_var_init.12866 @ 0x5a86f0
MANUAL: __cxx_global_var_init.1.12867 @ 0x5a8750
MANUAL: __cxx_global_var_init.12850 @ 0x5a87a0
MANUAL: __cxx_global_var_init.1.12851 @ 0x5a8800
MANUAL: __cxx_global_var_init.12838 @ 0x5a8850
MANUAL: __cxx_global_var_init.1.12839 @ 0x5a88b0
MANUAL: __cxx_global_var_init.12811 @ 0x5a8900
MANUAL: __cxx_global_var_init.1.12812 @ 0x5a8960
MANUAL: __cxx_global_var_init.12797 @ 0x5a89b0
MANUAL: __cxx_global_var_init.1.12798 @ 0x5a8a10
MANUAL: __cxx_global_var_init.2.12799 @ 0x5a8a60
MANUAL: __cxx_global_var_init.12786 @ 0x5a8ab0
MANUAL: __cxx_global_var_init.1.12787 @ 0x5a8b10
MANUAL: __cxx_global_var_init.12769 @ 0x5a8b60
MANUAL: __cxx_global_var_init.1.12770 @ 0x5a8bc0
MANUAL: __cxx_global_var_init.12762 @ 0x5a8c10
MANUAL: __cxx_global_var_init.1.12763 @ 0x5a8c70
MANUAL: __cxx_global_var_init.12755 @ 0x5a8cc0
MANUAL: __cxx_global_var_init.1.12756 @ 0x5a8d20
MANUAL: __cxx_global_var_init.12745 @ 0x5a8d70
MANUAL: __cxx_global_var_init.1.12746 @ 0x5a8dd0
MANUAL: __cxx_global_var_init.12737 @ 0x5a8e20
MANUAL: __cxx_global_var_init.1.12738 @ 0x5a8e80
MANUAL: __cxx_global_var_init.12719 @ 0x5a8ed0
MANUAL: __cxx_global_var_init.1.12720 @ 0x5a8f30
MANUAL: __cxx_global_var_init.12711 @ 0x5a8f80
MANUAL: __cxx_global_var_init.1.12712 @ 0x5a8fe0
MANUAL: __cxx_global_var_init.12694 @ 0x5a9030
MANUAL: __cxx_global_var_init.1.12695 @ 0x5a9090
MANUAL: __cxx_global_var_init.12669 @ 0x5a90e0
MANUAL: __cxx_global_var_init.1.12670 @ 0x5a9140
MANUAL: __cxx_global_var_init.12565 @ 0x5a9190
MANUAL: __cxx_global_var_init.1.12566 @ 0x5a91f0
MANUAL: __cxx_global_var_init.12515 @ 0x5a9240
MANUAL: __cxx_global_var_init.1.12516 @ 0x5a92a0
MANUAL: __cxx_global_var_init.12500 @ 0x5a92f0
MANUAL: __cxx_global_var_init.1.12501 @ 0x5a9350
MANUAL: __cxx_global_var_init.12485 @ 0x5a93a0
MANUAL: __cxx_global_var_init.1.12486 @ 0x5a9400
MANUAL: __cxx_global_var_init.12471 @ 0x5a9450
MANUAL: __cxx_global_var_init.1.12472 @ 0x5a94b0
MANUAL: __cxx_global_var_init.12464 @ 0x5a9500
MANUAL: __cxx_global_var_init.1.12465 @ 0x5a9560
MANUAL: __cxx_global_var_init.12454 @ 0x5a95b0
MANUAL: __cxx_global_var_init.1.12455 @ 0x5a9610
MANUAL: __cxx_global_var_init.12446 @ 0x5a9660
MANUAL: __cxx_global_var_init.1.12447 @ 0x5a96c0
MANUAL: __cxx_global_var_init.12438 @ 0x5a9710
MANUAL: __cxx_global_var_init.1.12439 @ 0x5a9770
MANUAL: __cxx_global_var_init.12429 @ 0x5a97c0
MANUAL: __cxx_global_var_init.1.12430 @ 0x5a9820
MANUAL: __cxx_global_var_init.12404 @ 0x5a9870
MANUAL: __cxx_global_var_init.1.12405 @ 0x5a98d0
MANUAL: __cxx_global_var_init.12392 @ 0x5a9920
MANUAL: __cxx_global_var_init.1.12393 @ 0x5a9980
MANUAL: __cxx_global_var_init.12357 @ 0x5a99d0
MANUAL: __cxx_global_var_init.1.12358 @ 0x5a9a30
MANUAL: __cxx_global_var_init.12314 @ 0x5a9a80
MANUAL: __cxx_global_var_init.1.12315 @ 0x5a9ae0
MANUAL: __cxx_global_var_init.12300 @ 0x5a9b30
MANUAL: __cxx_global_var_init.1.12301 @ 0x5a9b90
MANUAL: __cxx_global_var_init.12288 @ 0x5a9be0
MANUAL: __cxx_global_var_init.1.12289 @ 0x5a9c40
MANUAL: __cxx_global_var_init.12281 @ 0x5a9c90
MANUAL: __cxx_global_var_init.1.12282 @ 0x5a9cf0
MANUAL: __cxx_global_var_init.12191 @ 0x5a9d40
MANUAL: __cxx_global_var_init.1.12192 @ 0x5a9da0
MANUAL: __cxx_global_var_init.12026 @ 0x5a9df0
MANUAL: __cxx_global_var_init.1.12027 @ 0x5a9e50
MANUAL: __cxx_global_var_init.11984 @ 0x5a9ea0
MANUAL: __cxx_global_var_init.1.11985 @ 0x5a9f00
MANUAL: __cxx_global_var_init.11976 @ 0x5a9f50
MANUAL: __cxx_global_var_init.1.11977 @ 0x5a9fb0
MANUAL: __cxx_global_var_init.11971 @ 0x5aa000
MANUAL: __cxx_global_var_init.1.11972 @ 0x5aa060
MANUAL: __cxx_global_var_init.11929 @ 0x5aa0b0
MANUAL: __cxx_global_var_init.1.11930 @ 0x5aa110
MANUAL: __cxx_global_var_init.2.11931 @ 0x5aa160
MANUAL: __cxx_global_var_init.11914 @ 0x5aa1d0
MANUAL: __cxx_global_var_init.1.11915 @ 0x5aa230
MANUAL: __cxx_global_var_init.2.11916 @ 0x5aa280
MANUAL: _ZN7HALSITL7SPIDescC2EPKchh @ 0xa34bc0
MANUAL: __cxx_global_var_init.11831 @ 0x5aa300
MANUAL: __cxx_global_var_init.1.11832 @ 0x5aa360
MANUAL: __cxx_global_var_init.11807 @ 0x5aa3b0
MANUAL: __cxx_global_var_init.1.11808 @ 0x5aa410
MANUAL: __cxx_global_var_init.11800 @ 0x5aa460
MANUAL: __cxx_global_var_init.1.11801 @ 0x5aa4c0
MANUAL: __cxx_global_var_init.11793 @ 0x5aa510
MANUAL: __cxx_global_var_init.1.11794 @ 0x5aa570
MANUAL: __cxx_global_var_init.11781 @ 0x5aa5c0
MANUAL: __cxx_global_var_init.1.11782 @ 0x5aa620
MANUAL: __cxx_global_var_init.2.11783 @ 0x5aa670
MANUAL: _ZN6I2CBusC2Ev @ 0xa34c50
MANUAL: __cxx_global_var_init.11749 @ 0x5aa7a0
MANUAL: __cxx_global_var_init.1.11750 @ 0x5aa800
MANUAL: __cxx_global_var_init.2.11751 @ 0x5aa850
MANUAL: __cxx_global_var_init.3.11752 @ 0x5aa890
MANUAL: __cxx_global_var_init.4.11753 @ 0x5aa8d0
MANUAL: __cxx_global_var_init.5.11754 @ 0x5aa940
MANUAL: __cxx_global_var_init.6.11755 @ 0x5aa990
MANUAL: __cxx_global_var_init.7.11756 @ 0x5aa9d0
MANUAL: __cxx_global_var_init.8 @ 0x5aaa20
MANUAL: __cxx_global_var_init.9.11757 @ 0x5aaa70
MANUAL: __cxx_global_var_init.10 @ 0x5aaac0
MANUAL: __cxx_global_var_init.11.11758 @ 0x5aab40
MANUAL: __cxx_global_var_init.12 @ 0x5aabc0
MANUAL: __cxx_global_var_init.13 @ 0x5aac40
MANUAL: __cxx_global_var_init.14 @ 0x5aacc0
MANUAL: __cxx_global_var_init.15 @ 0x5aad40
MANUAL: __cxx_global_var_init.16 @ 0x5aadc0
MANUAL: __cxx_global_var_init.17 @ 0x5aae40
MANUAL: __cxx_global_var_init.18.11759 @ 0x5aaec0
MANUAL: __cxx_global_var_init.19 @ 0x5aaf40
MANUAL: __cxx_global_var_init.20.11760 @ 0x5aafc0
MANUAL: __cxx_global_var_init.21 @ 0x5ab030
MANUAL: __cxx_global_var_init.22 @ 0x5ab070
MANUAL: __cxx_global_var_init.32 @ 0x5ab0c0
MANUAL: _ZN8HAL_SITLC2Ev @ 0x5f8630
MANUAL: _ZN6AP_HAL3HALC2EPNS_10UARTDriverES2_S2_S2_S2_S2_S2_S2_S2_S2_PNS_16I2CDeviceManagerEPNS_16SPIDeviceManagerEPNS_17WSPIDeviceManagerEPNS_8AnalogInEPNS_7StorageES2_PNS_4GPIOEPNS_7RCInputEPNS_8RCOutputEPNS_9SchedulerEPNS_4UtilEPNS_11OpticalFlowEPNS_5FlashEPNS_3DSPEPPNS_8CANIfaceE @ 0xa34d30
MANUAL: _ZNK8HAL_SITL3runEiPKPcPN6AP_HAL3HAL9CallbacksE @ 0x5f8860
MANUAL: _ZN7HALSITL4Util4initEiPKPc @ 0xa35090
MANUAL: _ZNK6AP_HAL3HAL6serialEh @ 0xa35110
MANUAL: _ZN6AP_HAL10UARTDriver5beginEj @ 0x5f8d80
MANUAL: _ZL14fill_stack_nanv @ 0x5f8eb0
MANUAL: _ZN14AP_BoardConfig16watchdog_enabledEv @ 0xa351a0
MANUAL: _ZNK8HAL_SITL21setup_signal_handlersEv @ 0x5f9170
MANUAL: _ZN7HALSITL9Scheduler13_run_io_procsEv @ 0x5f9230
MANUAL: _ZNK7FunctorIvJEEcvbEv @ 0xa35220
MANUAL: _ZNK7FunctorIvJEEclEv @ 0xa35280
MANUAL: _ZN7HALSITL16I2CDeviceManager11_timer_tickEv @ 0x5f9440
MANUAL: _ZN2AP2RCEv @ 0x5f94e0
MANUAL: _ZN13AP_RCProtocol6updateEv @ 0x5f9590
MANUAL: _ZN13AP_RCProtocol16check_added_uartEv @ 0x5f95e0
MANUAL: _ZNK13AP_RCProtocol13should_searchEj @ 0x5f9850
MANUAL: _ZNK11RC_Channels17enabled_protocolsEv @ 0x5f9a50
MANUAL: _ZNK13AP_RCProtocol16protocol_enabledENS_12rcprotocol_tE @ 0x5f9f60
MANUAL: _ZN21AP_RCProtocol_Backend9new_inputEv @ 0x5fa010
MANUAL: _ZN6AP_HAL10UARTDriver5beginEjtt @ 0x5fa090
MANUAL: _ZNK17AP_RCProtocol_FDM6activeEv @ 0xa35520
MANUAL: _ZN13AP_RCProtocolC2Ev @ 0xa35580
MANUAL: _ZN6I2CBus11_timer_tickEv @ 0x5fa220
MANUAL: _ZN9AP_Logger6WriteVEPKcS1_S1_S1_S1_P13__va_list_tagbb @ 0x5fa350
MANUAL: _ZN9AP_Logger16msg_fmt_for_nameEPKcS1_S1_S1_S1_bb @ 0x5fa550
MANUAL: _ZN17AP_Logger_Backend5WriteEhP13__va_list_tagbb @ 0x5fae40
MANUAL: _ZNK9AP_Logger24assert_same_fmt_for_nameEPKNS_13log_write_fmtEPKcS4_S4_S4_S4_ @ 0x5fb9c0
MANUAL: _ZNK9AP_Logger18find_free_msg_typeEv @ 0x5fbe70
MANUAL: _ZNK9AP_Logger18Write_calc_msg_lenEPKc @ 0x5fbf20
MANUAL: _ZL3MINImmEDTqultfp_fp0_fp_fp0_ERKT_RKT0_.5665 @ 0x5fc1b0
MANUAL: _ZN9AP_Logger18validate_structureEPK12LogStructures @ 0x5fc230
MANUAL: _ZN3GCS14update_receiveEv @ 0x5fcd30
MANUAL: _ZN3GCS11update_sendEv @ 0x5fcde0
MANUAL: _ZN29MissionItemProtocol_WaypointsC2ER10AP_Mission @ 0xa355d0
MANUAL: _ZN25MissionItemProtocol_RallyC2ER8AP_Rally @ 0xa35660
MANUAL: _ZN25MissionItemProtocol_FenceC2ER8AC_Fence @ 0xa356f0
MANUAL: _ZN19MissionItemProtocol6updateEv @ 0x5fd120
MANUAL: _ZN11GCS_MAVLINK11update_sendEv @ 0x5fd2f0
MANUAL: _ZN3GCS18service_statustextEv @ 0x5fd6d0
MANUAL: _ZN3GCS15StatusTextQueue9semaphoreEv @ 0xa35780
MANUAL: _ZNK11ObjectArrayIN3GCS12statustext_tEE8is_emptyEv @ 0xa357d0
MANUAL: _ZN11GCS_MAVLINK18service_statustextEv @ 0x5fd840
MANUAL: _ZN3GCS15StatusTextQueue5pruneEv @ 0x5fda80
MANUAL: _ZNK11ObjectArrayIN3GCS12statustext_tEE9availableEv @ 0xa35830
MANUAL: _ZN11ObjectArrayIN3GCS12statustext_tEEixEt @ 0xa35880
MANUAL: _ZN11ObjectArrayIN3GCS12statustext_tEE6removeEt @ 0xa35920
MANUAL: _ZN11ObjectArrayIN3GCS12statustext_tEE3popEv @ 0xa35a70
MANUAL: _ZN3GCS16statustext_queueEv @ 0xa35b20
MANUAL: _Z14comm_chan_lock17mavlink_channel_t @ 0x5fdbb0
MANUAL: _ZL27mavlink_msg_statustext_send17mavlink_channel_thPKcth @ 0x5fdc10
MANUAL: _ZL16mav_array_memcpyPvPKvm.6113 @ 0x5fdcf0
MANUAL: _ZN9AP_Logger15handle_log_sendEv @ 0x5fdd90
MANUAL: _ZN11GCS_MAVLINK45initialise_message_intervals_from_streamratesEv @ 0x5fdec0
MANUAL: _ZN11GCS_MAVLINK46initialise_message_intervals_from_config_filesEv @ 0x5fdfa0
MANUAL: _ZN22GCS_MAVLINK_InProgress11check_tasksEv @ 0x5fe460
MANUAL: _ZNK3GCS11out_of_timeEv @ 0x5fe650
MANUAL: _ZN11GCS_MAVLINK30deferred_message_to_send_indexEt @ 0x5fe730
MANUAL: _ZN11GCS_MAVLINK19do_try_send_messageE10ap_message @ 0x5fe910
MANUAL: _ZNK7BitmaskILt91EE9first_setEv @ 0xa35b70
MANUAL: _ZN7BitmaskILt91EE5clearEt @ 0xa35c40
MANUAL: _ZN11GCS_MAVLINK36next_deferred_bucket_message_to_sendEt @ 0x5fea40
MANUAL: _ZNK7BitmaskILt91EE5countEv @ 0xa35d00
MANUAL: _ZNK11GCS_MAVLINK26get_reschedule_interval_msERKNS_25deferred_message_bucket_tE @ 0x5feb70
MANUAL: _ZN11GCS_MAVLINK24find_next_bucket_to_sendEt @ 0x5fec70
MANUAL: _ZN7BitmaskILt91EEaSERKS0_ @ 0xa35dd0
MANUAL: _ZN7BitmaskILt91EE8clearallEv @ 0xa35e40
MANUAL: _ZNK11GCS_MAVLINK24requesting_mission_itemsEv @ 0x5fee40
MANUAL: _ZN7GCS_FTP16get_last_send_msE17mavlink_channel_t @ 0x5fef30
MANUAL: _ZNK19MissionItemProtocol14active_link_isEPK11GCS_MAVLINK @ 0xa35ea0
MANUAL: _ZNK7BitmaskILt91EE8validateEt @ 0xa35f10
MANUAL: _ZNK11GCS_MAVLINK37should_send_message_in_delay_callbackE10ap_message @ 0x5ff020
MANUAL: _ZNK11GCS_MAVLINK17telemetry_delayedEv @ 0x5ff0d0
MANUAL: _ZNK3GCS11telem_delayEv @ 0xa35fa0
MANUAL: _ZN14AP_BoardConfig15in_config_errorEv @ 0xa36000
MANUAL: _ZNK12AP_Scheduler19time_available_usecEv @ 0x5ff1a0
MANUAL: _ZN11AP_Airspeed13get_singletonEv @ 0xa36040
MANUAL: _ZN2AP2FSEv @ 0x5ff420
MANUAL: _ZN19AP_Filesystem_Posix4openEPKcib @ 0x5ff4c0
MANUAL: _ZN19AP_Filesystem_Posix5closeEi @ 0x5ff650
MANUAL: _ZN19AP_Filesystem_Posix4readEiPvj @ 0x5ff6f0
MANUAL: _ZN19AP_Filesystem_Posix5lseekEiii @ 0x5ff930
MANUAL: _ZN19AP_Filesystem_Posix4statEPKcP4stat @ 0x5ffa00
MANUAL: _ZN19AP_Filesystem_Posix7opendirEPKc @ 0x5ffc90
MANUAL: _ZN19AP_Filesystem_Posix7readdirEPv @ 0x5ffd60
MANUAL: _ZN19AP_Filesystem_Posix8closedirEPv @ 0x5ffe10
MANUAL: _ZN19AP_Filesystem_Posix9disk_freeEPKc @ 0x5fffb0
MANUAL: _ZN21AP_Filesystem_Backend9load_fileEPKc @ 0x6002f0
MANUAL: _ZN21AP_Filesystem_Backend11unload_fileEP8FileData @ 0x6005f0
MANUAL: _ZN8FileDataC2EPv @ 0xa36210
MANUAL: _ZN8FileDataD2Ev @ 0x600670
MANUAL: _ZNK21AP_Filesystem_Backend15file_op_allowedEv @ 0x6006e0
MANUAL: _ZL12map_filenamePKc @ 0x600780
MANUAL: _ZL17map_filename_freePKc @ 0x600820
MANUAL: _Z16comm_get_txspace17mavlink_channel_t @ 0x600970
MANUAL: _ZL28mavlink_msg_command_ack_send17mavlink_channel_tthhihh @ 0x600a00
MANUAL: _ZNK11AP_Airspeed7enabledEh @ 0x600af0
MANUAL: _ZNK11AP_Airspeed11lib_enabledEv @ 0x600bb0
MANUAL: _ZN13AP_Filesystem4statEPKcP4stat @ 0x600c10
MANUAL: _ZN11GCS_MAVLINK23set_ap_message_intervalE10ap_messaget @ 0x600f90
MANUAL: _ZNK11GCS_MAVLINK20cap_message_intervalEt @ 0x6013b0
MANUAL: _ZNK11GCS_MAVLINK26get_deferred_message_indexE10ap_message @ 0x601480
MANUAL: _ZNK7BitmaskILt91EE3getEt @ 0xa362c0
MANUAL: _ZN11GCS_MAVLINK26remove_message_from_bucketEa10ap_message @ 0x601540
MANUAL: _ZN7BitmaskILt91EE3setEt @ 0xa36390
MANUAL: _ZN12AP_Scheduler18get_loop_period_usEv @ 0xa36450
MANUAL: _ZdaPv @ 0x601770
MANUAL: _ZN13AP_Filesystem4openEPKcib @ 0x6017d0
MANUAL: _ZN13AP_Filesystem5fgetsEPchi @ 0x601900
MANUAL: _ZNK11GCS_MAVLINK27mavlink_id_to_ap_message_idEj @ 0x601aa0
MANUAL: _ZN13AP_Filesystem5closeEi @ 0x601c80
MANUAL: _ZNK13AP_Filesystem13backend_by_fdERi @ 0x601d00
MANUAL: _ZNK13AP_Filesystem15backend_by_pathERPKc @ 0x601dd0
MANUAL: _ZnamRKSt9nothrow_t @ 0x602040
MANUAL: _ZN11GCS_MAVLINK39initialise_message_intervals_for_streamENS_7streamsE @ 0x6020c0
MANUAL: _ZN11GCS_MAVLINK31set_mavlink_message_id_intervalEjt @ 0x6021e0
MANUAL: _ZNK11GCS_MAVLINK23get_interval_for_streamENS_7streamsE @ 0x6022c0
MANUAL: _ZNK11GCS_MAVLINK8get_chanEv @ 0xa364f0
MANUAL: _ZL28mavlink_msg_mission_ack_send17mavlink_channel_thhhh.18101 @ 0x602ca0
MANUAL: _ZNK11GCS_MAVLINK22get_stream_slowdown_msEv @ 0xa36590
MANUAL: _ZN11GCS_MAVLINK12send_messageE10ap_message @ 0x602d70
MANUAL: _ZN11GCS_MAVLINK22save_signing_timestampEb @ 0x602e80
MANUAL: _ZNK11GCS_MAVLINK12is_streamingEv @ 0xa365e0
MANUAL: _ZN11GCS_MAVLINK16signing_key_loadER10SigningKey @ 0x602fb0
MANUAL: _ZNK13StorageAccess11write_blockEtPKvm @ 0x603110
MANUAL: _ZN19MissionItemProtocolC2Ev @ 0xa36640
MANUAL: _ZNK11GCS_MAVLINK9send_textE12MAV_SEVERITYPKcz @ 0x603d10
MANUAL: _ZN19AC_PolyFence_loader6formatEv @ 0x604be0
MANUAL: _ZN19AC_PolyFence_loader21write_type_to_storageERt16AC_PolyFenceType @ 0x604ca0
MANUAL: _ZNK13StorageAccess11write_uint8Eth @ 0xa36750
MANUAL: _ZN19AC_PolyFence_loader20write_eos_to_storageERt @ 0x604e90
MANUAL: _ZN19AC_PolyFence_loader12index_eepromEv @ 0x604f30
MANUAL: _ZN19AC_PolyFence_loader10void_indexEv @ 0xa367d0
MANUAL: _ZN13AP_ParamTBaseIaL11ap_var_type1EE12set_and_saveERKa @ 0xa36860
MANUAL: _ZNK19AC_PolyFence_loader9formattedEv @ 0x605360
MANUAL: _ZN19AC_PolyFence_loader19count_eeprom_fencesEv @ 0x605450
MANUAL: _ZN19AC_PolyFence_loader11scan_eepromE7FunctorIvJK16AC_PolyFenceTypetEE @ 0x6054e0
MANUAL: _ZNK13StorageAccess10read_uint8Et @ 0xa36970
MANUAL: _ZNK7FunctorIvJK16AC_PolyFenceTypetEEclES0_t @ 0xa369d0
MANUAL: _ZN7FunctorIvJK16AC_PolyFenceTypetEEC2EPvPFvS3_S0_tE @ 0xa36b20
MANUAL: _ZN7FunctorIvJK16AC_PolyFenceTypetEE4bindI19AC_PolyFence_loaderXadL_ZNS4_24scan_eeprom_count_fencesES0_tEEEES2_PT_ @ 0xa36ba0
MANUAL: _ZN19AC_PolyFence_loader24scan_eeprom_count_fencesE16AC_PolyFenceTypet @ 0x605870
MANUAL: _ZN7FunctorIvJK16AC_PolyFenceTypetEE14method_wrapperI19AC_PolyFence_loaderXadL_ZNS4_24scan_eeprom_count_fencesES0_tEEEEvPvS0_t @ 0xa36c00
MANUAL: _ZNK13StorageAccess12write_uint32Etj @ 0x6059c0
MANUAL: _ZNK13StorageAccess10write_byteEth @ 0x605a40
MANUAL: _Z9check_lati @ 0x605b40
MANUAL: _Z9check_lngi @ 0x605bb0
MANUAL: _ZN19AC_PolyFence_loader13check_indexedEv @ 0x605c20
MANUAL: _ZNK13StorageAccess11read_uint32Et @ 0x606040
MANUAL: _ZN19MissionItemProtocol26allocate_receive_resourcesEt @ 0xa36e50
MANUAL: _ZN19MissionItemProtocol21free_upload_resourcesEv @ 0xa36f00
MANUAL: _ZNK29MissionItemProtocol_Waypoints12mission_typeEv @ 0xa37190
MANUAL: _ZNK29MissionItemProtocol_Waypoints23next_item_ap_message_idEv @ 0xa371e0
MANUAL: _ZN29MissionItemProtocol_Waypoints8truncateERK25__mavlink_mission_count_t @ 0x607580
MANUAL: _ZNK29MissionItemProtocol_Waypoints10item_countEv @ 0x607730
MANUAL: _ZNK29MissionItemProtocol_Waypoints9max_itemsEv @ 0x607790
MANUAL: _ZN29MissionItemProtocol_Waypoints12replace_itemERK28__mavlink_mission_item_int_t @ 0x6077f0
MANUAL: _ZN29MissionItemProtocol_Waypoints11append_itemERK28__mavlink_mission_item_int_t @ 0x607950
MANUAL: _ZN29MissionItemProtocol_Waypoints8completeERK11GCS_MAVLINK @ 0x607aa0
MANUAL: _ZN9AP_Logger19Write_EntireMissionEv @ 0x607b80
MANUAL: _ZN17AP_Logger_Backend19Write_EntireMissionEv @ 0x607c10
MANUAL: _ZN30LoggerMessageWriter_DFLogStart18writeentiremissionEv @ 0x607c70
MANUAL: _ZN10AP_Mission26mavlink_int_to_mission_cmdERK28__mavlink_mission_item_int_tRNS_15Mission_CommandE @ 0x607d70
MANUAL: _ZN10AP_Mission7add_cmdERNS_15Mission_CommandE @ 0x6095f0
MANUAL: _ZN10AP_Mission21write_home_to_storageEv @ 0x609700
MANUAL: _ZN10AP_Mission20write_cmd_to_storageEtRKNS_15Mission_CommandE @ 0x609800
MANUAL: _ZN13AP_ParamTBaseIsL11ap_var_type2EE12set_and_saveERKs @ 0xa37230
MANUAL: _ZNK10AP_Mission16num_commands_maxEv @ 0xa372f0
MANUAL: _ZNK13StorageAccess12write_uint16Ett @ 0x609b80
MANUAL: _ZN10AP_Mission19sanity_check_paramsERK28__mavlink_mission_item_int_t @ 0x609c10
MANUAL: _Z11is_negativeIfEbT_ @ 0xa37340
MANUAL: _ZN10AP_Mission11replace_cmdEtRKNS_15Mission_CommandE @ 0x609fe0
MANUAL: _ZN10AP_Mission8truncateEt @ 0x60b630
MANUAL: _ZN10AP_Mission5clearEv @ 0x60b6e0
MANUAL: _ZN11GCS_MAVLINK14update_receiveEj @ 0x60b7a0
MANUAL: _ZN3GCS15update_passthruEv @ 0x60bc70
MANUAL: _ZN16AP_SerialManager12get_passthruERPN6AP_HAL10UARTDriverES3_RhRjS5_ @ 0x60c1a0
MANUAL: _ZN13AP_ParamTBaseIaL11ap_var_type1EE14set_and_notifyERKa @ 0xa37460
MANUAL: _ZN7FunctorIvJEEC2EPvPFvS1_E @ 0xa375a0
MANUAL: _ZN6AP_HAL10UARTDriver11read_lockedEPhmj @ 0x60cc20
MANUAL: _ZNK16AP_SerialManager9UARTState8baudrateEv @ 0xa37620
MANUAL: _ZN16AP_SerialManager12map_baudrateEi @ 0x60d050
MANUAL: _ZNK11GCS_MAVLINK6lockedEv @ 0xa37680
MANUAL: _ZNK7FunctorIbJhPN6AP_HAL10UARTDriverEEEcvbEv @ 0xa376e0
MANUAL: _ZN11GCS_MAVLINK14channel_bufferEv @ 0xa377c0
MANUAL: mavlink_frame_char_buffer @ 0x60d300
MANUAL: _ZN12AP_Scripting14handle_messageERK17__mavlink_message17mavlink_channel_t @ 0x60dba0
MANUAL: _ZN11GCS_MAVLINK13send_timesyncEv @ 0x60dd90
MANUAL: _ZN11GCS_MAVLINK17log_mavlink_statsEv @ 0x60de00
MANUAL: _ZNK11GCS_MAVLINK15signing_enabledEv @ 0x60df80
MANUAL: _ZNK11GCS_MAVLINK21timesync_timestamp_nsEv @ 0x60e020
MANUAL: _ZL25mavlink_msg_timesync_send17mavlink_channel_tll @ 0x60e080
MANUAL: mavlink_start_checksum @ 0x60e120
MANUAL: mavlink_update_checksum @ 0x60e180
MANUAL: _ZL12count_commasPKc @ 0x60e650
MANUAL: _ZNK9AP_Logger21labels_string_is_goodEPKc @ 0x60e6f0
MANUAL: _ZNK9AP_Logger15msg_type_in_useEh @ 0x60eac0
MANUAL: _Z9fill_nanfPft @ 0x60ebc0
MANUAL: _ZN6AP_HAL4initEv @ 0x60ecc0
MANUAL: _ZN10ByteBuffer7advanceEj @ 0x611c50
MANUAL: _ZN5Empty11OpticalFlow9push_gyroEfff @ 0xa38690
MANUAL: _ZN5Empty11OpticalFlow14push_gyro_biasEff @ 0xa38700
MANUAL: _ZN7HALSITL4UtilC2EPNS_10SITL_StateE @ 0xa388e0
MANUAL: _ZN6AP_HAL4UtilC2Ev @ 0xa38970
MANUAL: _ZN6AP_HAL4Util14set_soft_armedEb @ 0x612770
MANUAL: _ZNK7HALSITL4Util18was_watchdog_resetEv @ 0xa389d0
MANUAL: _ZNK6AP_HAL4Util24get_custom_log_directoryEv @ 0xa38a40
MANUAL: _ZNK7HALSITL4Util24get_custom_defaults_fileEv @ 0xa38b30
MANUAL: _ZN7HALSITL4Util22set_cmdline_parametersEv @ 0x612820
MANUAL: _ZN7HALSITL4Util19safety_switch_stateEv @ 0x612900
MANUAL: _ZN7HALSITL4Util10set_hw_rtcEm @ 0xa38b90
MANUAL: _ZNK7HALSITL4Util10get_hw_rtcEv @ 0x612960
MANUAL: _ZN7HALSITL4Util13get_system_idEPc @ 0x6129f0
MANUAL: _ZN7HALSITL4Util25get_system_id_unformattedEPhRh @ 0x612a70
MANUAL: _ZN6AP_HAL4Util14toneAlarm_initEh @ 0xa38c40
MANUAL: _ZN6AP_HAL4Util11malloc_typeEmNS0_11Memory_TypeE @ 0xa38dd0
MANUAL: _ZN7HALSITL4Util16available_memoryEv @ 0xa38ec0
MANUAL: _ZN7HALSITL4Util8uart_logEv @ 0x612ee0
MANUAL: _ZN6AP_HAL4Util14log_stack_infoEv @ 0xa39260
MANUAL: _ZN6AP_HAL10UARTDriver9log_statsEhRNS0_12StatsTrackerEj @ 0x6130b0
MANUAL: _ZN6AP_HAL10UARTDriver12StatsTracker11ByteTracker6updateEj @ 0x613250
MANUAL: _ZNK7HALSITL10SITL_State12get_instanceEv @ 0xa392b0
MANUAL: _ZN7HALSITL8RCOutput20_safety_switch_stateEv @ 0xa39300
MANUAL: _ZNK11ObjectArrayIN8AP_Param21defaults_table_structEE9availableEv @ 0xa39350
MANUAL: _ZN11ObjectArrayIN8AP_Param21defaults_table_structEEixEt @ 0xa393a0
MANUAL: _ZN8AP_Param19set_default_by_nameEPKcf @ 0x6132c0
MANUAL: _ZN8AP_Param4findEPKcP11ap_var_typePt @ 0x613400
MANUAL: _ZN13AP_ParamTBaseIaL11ap_var_type1EE11set_defaultERKa @ 0xa39440
MANUAL: _ZN13AP_ParamTBaseIsL11ap_var_type2EE11set_defaultERKs @ 0xa394e0
MANUAL: _ZN13AP_ParamTBaseIfL11ap_var_type4EE11set_defaultERKf @ 0xa39610
MANUAL: _ZN8AP_Param11add_defaultEPS_f @ 0x613690
MANUAL: _ZNK8AP_Param10configuredEv @ 0x613820
MANUAL: _ZNK8AP_Param27configured_in_defaults_fileERb @ 0x6138a0
MANUAL: _ZNK8AP_Param21configured_in_storageEv @ 0x613a00
MANUAL: _ZN8AP_Param10find_groupEPKctlPKNS_9GroupInfoEP11ap_var_type @ 0x613b70
MANUAL: _ZN7HALSITL16SPIDeviceManagerC2Ev @ 0x613fe0
MANUAL: _ZN6AP_HAL16SPIDeviceManagerC2Ev @ 0xa39ae0
MANUAL: _ZN6AP_HAL6Device14set_device_busEh @ 0xa39d40
MANUAL: _ZN6AP_HAL6Device18set_device_addressEh @ 0xa39db0
MANUAL: _ZN7FunctorIbJhEEC2EPvPFbS1_hE @ 0xa3a650
MANUAL: _ZN7FunctorIvJEEC2Ev @ 0xa3a730
MANUAL: _ZNK7HALSITL9Semaphore11check_ownerEv @ 0x614810
MANUAL: _ZN6AP_HAL6DeviceD2Ev @ 0xa3a930
MANUAL: _ZN6AP_HAL6DeviceC2ENS0_7BusTypeE @ 0xa3aa80
MANUAL: _ZN7FunctorIbJhEEC2Ev @ 0xa3ac00
MANUAL: _ZN7FunctorIvJhPhjbEEC2Ev @ 0xa3ac60
MANUAL: _ZN7FunctorIvJhPhjbEEC2EPvPFvS2_hS0_jbE @ 0xa3acc0
MANUAL: _ZN7HALSITL16I2CDeviceManagerC2Ev @ 0x614ba0
MANUAL: _ZN6AP_HAL16I2CDeviceManagerC2Ev @ 0xa3ad90
MANUAL: _ZN7HALSITL16I2CDeviceManager14get_device_ptrEhhjbj @ 0x614c50
MANUAL: _ZNK6AP_HAL16I2CDeviceManager12get_bus_maskEv @ 0xa3adf0
MANUAL: _ZNK6AP_HAL16I2CDeviceManager21get_bus_mask_externalEv @ 0xa3ae40
MANUAL: _ZNK6AP_HAL16I2CDeviceManager21get_bus_mask_internalEv @ 0xa3ae90
MANUAL: _ZN7HALSITL9I2CDeviceC2ER6I2CBush @ 0x614d60
MANUAL: _ZN6AP_HAL9I2CDeviceC2Ev @ 0xa3aee0
MANUAL: _ZN7HALSITL9I2CDeviceD2Ev @ 0xa3af50
MANUAL: _ZN7HALSITL9I2CDeviceD0Ev @ 0xa3afa0
MANUAL: _ZN7HALSITL9I2CDevice8transferEPKhjPhj @ 0x614e20
MANUAL: _ZN7HALSITL9I2CDevice13get_semaphoreEv @ 0x614ed0
MANUAL: _ZN7HALSITL9I2CDevice26register_periodic_callbackEj7FunctorIvJEE @ 0x614f30
MANUAL: _ZN7HALSITL9I2CDevice11set_retriesEh @ 0xa3b0c0
MANUAL: _ZN6I2CBus26register_periodic_callbackEj7FunctorIvJEE @ 0x6150f0
MANUAL: _ZN6I2CBus13callback_infoC2Ev @ 0xa3b180
MANUAL: _ZN7HALSITL9I2CDevice9_transferEPKhjPhj @ 0x615220
MANUAL: _ZN6I2CBus5ioctlEhPv @ 0xa3b1e0
MANUAL: _ZN6I2CBus6_ioctlEhPv @ 0x6154f0
MANUAL: _ZN4SITL3SIM9i2c_ioctlEhPv @ 0xa3b260
MANUAL: _ZN4SITL3I2C5ioctlEhPv @ 0x615570
MANUAL: _ZN4SITL3I2C10ioctl_rdwrEPNS0_19i2c_rdwr_ioctl_dataE @ 0x615600
MANUAL: _ZN16IgnoredI2CDevice4rdwrERPN4SITL3I2C19i2c_rdwr_ioctl_dataE @ 0xa3b2e0
MANUAL: _ZN6AP_HAL9I2CDeviceD2Ev @ 0xa3b340
MANUAL: _ZN7HALSITL10UARTDriverC2EhPNS_10SITL_StateE @ 0xa3b420
MANUAL: _ZN6AP_HAL10UARTDriver5writeEh @ 0x615710
MANUAL: _ZN6AP_HAL10UARTDriver5writeEPKhm @ 0x615780
MANUAL: _ZN6AP_HAL10UARTDriver9availableEv @ 0x6158c0
MANUAL: _ZN6AP_HAL10UARTDriver4readEv @ 0x615940
MANUAL: _ZN6AP_HAL10UARTDriver4readERh @ 0x6159c0
MANUAL: _ZN6AP_HAL10UARTDriver4readEPht @ 0x615ac0
MANUAL: _ZN7HALSITL10UARTDriver7txspaceEv @ 0x615b30
MANUAL: _ZN6AP_HAL10UARTDriver11set_optionsEt @ 0xa3b670
MANUAL: _ZN6AP_HAL10UARTDriver16set_flow_controlENS0_12flow_controlE @ 0xa3b730
MANUAL: _ZN7HALSITL10UARTDriver16get_flow_controlEv @ 0xa3b780
MANUAL: _ZN7HALSITL10UARTDriver11_timer_tickEv @ 0x615eb0
MANUAL: _ZN7HALSITL10UARTDriver26receive_time_constraint_usEt @ 0x615f10
MANUAL: _ZNK7HALSITL10UARTDriver13get_baud_rateEv @ 0xa3b840
MANUAL: _ZNK6AP_HAL10UARTDriver12disable_rxtxEv @ 0xa3ba40
MANUAL: _ZN7HALSITL10UARTDriver6_beginEjtt @ 0x616240
MANUAL: _ZN7HALSITL10UARTDriver6_writeEPKhm @ 0x616b40
MANUAL: _ZN7HALSITL10UARTDriver5_readEPht @ 0x616d10
MANUAL: _ZN7HALSITL10UARTDriver10_availableEv @ 0x616f00
MANUAL: _ZNK7HALSITL10UARTDriver18get_total_tx_bytesEv @ 0xa3ba90
MANUAL: _ZNK7HALSITL10UARTDriver18get_total_rx_bytesEv @ 0xa3bae0
MANUAL: _ZNK6AP_HAL10UARTDriver26get_total_dropped_rx_bytesEv @ 0xa3bb30
MANUAL: _ZN7HALSITL10UARTDriver17_check_connectionEv @ 0x616ff0
MANUAL: _ZN7HALSITL10UARTDriver13_select_checkEi @ 0x617130
MANUAL: _ZN10ByteBuffer4readEPhj @ 0x617340
MANUAL: _ZN7HALSITL10UARTDriver41handle_writing_from_writebuffer_to_deviceEv @ 0x6173e0
MANUAL: _ZN7HALSITL10UARTDriver16_check_reconnectEv @ 0x617790
MANUAL: _ZL3MINIjjEDTqultfp_fp0_fp_fp0_ERKT_RKT0_.12221 @ 0x617b90
MANUAL: _ZNK4SITL12SerialDevice15write_to_deviceEPKcm @ 0x617c10
MANUAL: _ZN10ByteBuffer8set_sizeEj @ 0x618020
MANUAL: _ZN7HALSITL17SITL_State_Common17create_serial_simEPKcS2_h @ 0x618380
MANUAL: _ZN7HALSITL10UARTDriver21_tcp_start_connectionEtb @ 0x619710
MANUAL: _ZN4SITL12SerialDevice18set_autopilot_baudEj @ 0xa3bbe0
MANUAL: _ZN7HALSITL10UARTDriver16_set_nonblockingEi @ 0x61a610
MANUAL: _ZNK7HALSITL10SITL_State9base_portEv @ 0xa3bc40
MANUAL: _ZN4SITL12SerialDeviceC2Ett @ 0x61a820
MANUAL: _ZNK16SocketAPM_native12reuseaddressEv @ 0x61a950
MANUAL: _ZN16SocketAPM_native4bindEPKct @ 0x61a9f0
MANUAL: _ZNK16SocketAPM_native12set_blockingEb @ 0x61ab50
MANUAL: _ZN16SocketAPM_native13make_sockaddrEPKctR11sockaddr_in @ 0x61ace0
MANUAL: _ZN16SocketAPM_native16inet_str_to_addrEPKc @ 0x61ad90
MANUAL: _ZN16SocketAPM_nativeC2Eb @ 0x61ae00
MANUAL: _ZN16SocketAPM_nativeC2Ebi @ 0x61aea0
MANUAL: _ZNK4SITL12SerialDevice18write_to_autopilotEPKcm @ 0x61af70
MANUAL: _ZNK4SITL12SerialDevice13is_match_baudEv @ 0x61b030
MANUAL: _ZN4SITL3GPSC2Eh @ 0x61b0d0
MANUAL: _ZNK4SITL3GPS18write_to_autopilotEPKcm @ 0x61b160
MANUAL: _ZNK4SITL3GPS11device_baudEv @ 0x61b380
MANUAL: _Z8wrap_180IdET_S0_ @ 0xa3d120
MANUAL: _Z8wrap_360d @ 0x61e210
MANUAL: _ZNK4SITL12SerialDevice19read_from_autopilotEPcm @ 0x61e2b0
MANUAL: _Z7is_zerod @ 0xa3f250
MANUAL: _ZN7HALSITL10UARTDriver40handle_reading_from_device_to_readbufferEv @ 0x623ba0
MANUAL: _ZNK4SITL12SerialDevice16read_from_deviceEPcm @ 0x624030
MANUAL: _ZN6AP_HAL10UARTDriverC2Ev @ 0xa401a0
MANUAL: _ZN7HALSITL10UARTDriverUt0_C2Ev @ 0xa40210
MANUAL: _ZN12AP_CSVReaderC2EPhhh @ 0xa40290
MANUAL: _ZN7HALSITL8AnalogInC2EPNS_10SITL_StateE @ 0xa40670
MANUAL: _ZN6AP_HAL8AnalogInC2Ev @ 0xa40700
MANUAL: _ZN7HALSITL8AnalogIn4initEv @ 0x624a10
MANUAL: _ZN7HALSITL8AnalogIn7channelEs @ 0x624a60
MANUAL: _ZN7HALSITL8AnalogIn13board_voltageEv @ 0xa40760
MANUAL: _ZN6AP_HAL8AnalogIn17servorail_voltageEv @ 0xa407b0
MANUAL: _ZN6AP_HAL8AnalogIn18power_status_flagsEv @ 0xa40800
MANUAL: _ZN7HALSITL9ADCSourceC2EPNS_10SITL_StateEs @ 0x624b10
MANUAL: _ZN6AP_HAL12AnalogSourceC2Ev @ 0xa408a0
MANUAL: _ZN7HALSITL9ADCSource7set_pinEh @ 0x624c70
MANUAL: _ZN7HALSITL9ADCSource15voltage_averageEv @ 0x624cf0
MANUAL: _ZN7HALSITL9ADCSource14voltage_latestEv @ 0x624d40
MANUAL: _ZN7HALSITL4GPIOC2EPNS_10SITL_StateE @ 0xa40950
MANUAL: _ZN6AP_HAL4GPIOC2Ev @ 0xa409e0
MANUAL: _ZN7HALSITL4GPIO7pinModeEhh @ 0x624f50
MANUAL: _ZN7HALSITL4GPIO4readEh @ 0x625010
MANUAL: _ZN7HALSITL4GPIO5writeEhh @ 0x625170
MANUAL: _ZNK7HALSITL4GPIO9valid_pinEh @ 0xa40ab0
MANUAL: _ZN7HALSITL4GPIO13usb_connectedEv @ 0x6254a0
MANUAL: _ZNK6AP_HAL4GPIO13arming_checksEmPc @ 0xa40e30
MANUAL: _ZN13AP_ParamTBaseIsL11ap_var_type2EE14set_and_notifyERKs @ 0xa40f00
MANUAL: _ZN7HALSITL8RCOutputC2EPNS_10SITL_StateE @ 0xa40ff0
MANUAL: _ZN6AP_HAL8RCOutputC2Ev @ 0xa41080
MANUAL: _ZN7HALSITL8RCOutput4initEv @ 0x625780
MANUAL: _ZN7HALSITL8RCOutput9enable_chEh @ 0x6258a0
MANUAL: _ZN7HALSITL8RCOutput10disable_chEh @ 0x625930
MANUAL: _ZN7HALSITL8RCOutput5writeEht @ 0x6259c0
MANUAL: _ZN6AP_HAL8RCOutput20update_channel_masksEv @ 0xa411e0
MANUAL: _ZN7HALSITL8RCOutput4corkEv @ 0x625af0
MANUAL: _ZN7HALSITL8RCOutput4pushEv @ 0x625b80
MANUAL: _ZN7HALSITL8RCOutput4readEPth @ 0x625d40
MANUAL: _ZN6AP_HAL8RCOutput16set_failsafe_pwmEjt @ 0xa413c0
MANUAL: _ZN7HALSITL8RCOutput16force_safety_offEv @ 0xa41480
MANUAL: _ZNK6AP_HAL8RCOutput22get_output_mode_bannerEPch @ 0xa419c0
MANUAL: _ZN6AP_HAL8RCOutput16set_default_rateEt @ 0xa41a80
MANUAL: _ZN6AP_HAL8RCOutput14set_dshot_rateEht @ 0xa41bc0
MANUAL: _ZN6AP_HAL8RCOutput18set_dshot_esc_typeENS0_12DshotEscTypeE @ 0xa41cd0
MANUAL: _ZN17AP_ESC_Telem_SITL6updateEv @ 0x626160
MANUAL: _ZN17AP_ESC_Telem_SITLC2Ev @ 0x626990
MANUAL: _ZN20AP_ESC_Telem_BackendC2Ev @ 0x6269e0
MANUAL: _ZNK14AP_BoardConfig15get_safety_maskEv @ 0xa420c0
MANUAL: _ZN7HALSITL7RCInputC2Ev @ 0xa42350
MANUAL: _ZN6AP_HAL7RCInputC2Ev @ 0xa423c0
MANUAL: _ZN7HALSITL7RCInput4initEv @ 0x626a50
MANUAL: _ZN7HALSITL7RCInput9new_inputEv @ 0x626aa0
MANUAL: _ZN7HALSITL7RCInput12num_channelsEv @ 0x626b00
MANUAL: _ZN7HALSITL7RCInput4readEh @ 0x626b60
MANUAL: _ZN13AP_RCProtocol4readEh @ 0x626e10
MANUAL: _ZN21AP_RCProtocol_Backend4readEh @ 0x626ea0
MANUAL: _ZN13AP_RCProtocol12num_channelsEv @ 0x626f00
MANUAL: _ZNK21AP_RCProtocol_Backend12num_channelsEv @ 0x626f80
MANUAL: _ZN13AP_RCProtocol9new_inputEv @ 0x626fd0
MANUAL: _ZN13AP_RCProtocol21detect_async_protocolENS_12rcprotocol_tE @ 0x627190
MANUAL: _ZNK13AP_RCProtocol10using_uartEv @ 0xa425b0
MANUAL: _ZN13AP_RCProtocol17announce_detectedEv @ 0x6272b0
MANUAL: _ZNK13AP_RCProtocol22detected_protocol_nameEv @ 0x627370
MANUAL: _ZN13AP_RCProtocol27protocol_name_from_protocolENS_12rcprotocol_tE @ 0x6273c0
MANUAL: _ZN13AP_RCProtocol4initEv @ 0x627590
MANUAL: _ZN20AP_RCProtocol_PPMSumC2ER13AP_RCProtocol @ 0xa42610
MANUAL: _ZN18AP_RCProtocol_IBUSCI221AP_RCProtocol_BackendER13AP_RCProtocol @ 0xa42690
MANUAL: _ZN17AP_RCProtocol_DSMC2ER13AP_RCProtocol @ 0xa42730
MANUAL: _ZN18AP_RCProtocol_SUMDC2ER13AP_RCProtocol @ 0xa427d0
MANUAL: _ZN18AP_RCProtocol_SRXLC2ER13AP_RCProtocol @ 0xa42870
MANUAL: _ZN18AP_RCProtocol_ST24C2ER13AP_RCProtocol @ 0xa42980
MANUAL: _ZN22AP_RCProtocol_DroneCANC2ER13AP_RCProtocol @ 0xa42a20
MANUAL: _ZN26AP_RCProtocol_MAVLinkRadioCI221AP_RCProtocol_BackendER13AP_RCProtocol @ 0xa42ac0
MANUAL: _ZN17AP_RCProtocol_UDPCI221AP_RCProtocol_BackendER13AP_RCProtocol @ 0xa42b40
MANUAL: _ZN17AP_RCProtocol_FDMCI221AP_RCProtocol_BackendER13AP_RCProtocol @ 0xa42be0
MANUAL: _ZN17AP_RCProtocol_UDP15set_fdm_backendEP17AP_RCProtocol_FDM @ 0xa42c60
MANUAL: _ZN21AP_RCProtocol_BackendC2ER13AP_RCProtocol @ 0x627d40
MANUAL: _ZN17AP_RCProtocol_FDM6updateEv @ 0x627de0
MANUAL: _ZN21AP_RCProtocol_Backend9add_inputEhPtbss @ 0x627fc0
MANUAL: _ZL3MINIhiEDTqultfp_fp0_fp_fp0_ERKT_RKT0_.18381 @ 0x628120
MANUAL: _ZN13AP_RCProtocol19set_failsafe_activeEb @ 0xa42f80
MANUAL: _ZN21AP_RCProtocol_Backend6updateEv @ 0xa43090
MANUAL: _ZN17AP_RCProtocol_UDP6updateEv @ 0x6281a0
MANUAL: _ZN17AP_RCProtocol_UDP4initEv @ 0x6282e0
MANUAL: _ZN17AP_RCProtocol_UDP21read_all_socket_inputEv @ 0x628400
MANUAL: _ZN16SocketAPM_native4recvEPvmj @ 0x6286a0
MANUAL: _ZN16SocketAPM_native6pollinEj @ 0x6288d0
MANUAL: _ZNK16SocketAPM_native11get_read_fdEv @ 0xa431c0
MANUAL: _ZNK16SocketAPM_native11set_cloexecEv @ 0x628aa0
MANUAL: _ZN17AP_RCProtocol_UDP28set_default_pwm_input_valuesEv @ 0x628b30
MANUAL: _ZN18AP_RCProtocol_GHSTC2ER13AP_RCProtocol @ 0x628de0
MANUAL: _ZL3MINIhhEDTqultfp_fp0_fp_fp0_ERKT_RKT0_.7571 @ 0x628ec0
MANUAL: _ZN18AP_RCProtocol_GHST10LinkStatusC2Ev @ 0xa432e0
MANUAL: _ZN18AP_RCProtocol_GHST6updateEv @ 0x629140
MANUAL: _ZNK12NavEKF3_core12getVariancesERfS0_S0_R7Vector3IfES0_R7Vector2IfE @ 0x62b250
MANUAL: _ZL3MAXIddEDTqugtfp_fp0_fp_fp0_ERKT_RKT0_.4222 @ 0x62b450
MANUAL: _ZNK7Vector2IdE7tofloatEv @ 0xa438f0
MANUAL: _ZN3GCS23get_sensor_status_flagsERjS0_S0_ @ 0x62b7c0
MANUAL: _ZN3GCS26update_sensor_status_flagsEv @ 0x62b880
MANUAL: _ZNK7AP_AHRS11initialisedEv @ 0x62c040
MANUAL: _ZNK7AP_Baro13num_instancesEv @ 0xa43950
MANUAL: _ZNK6AP_GPS10is_healthyEv @ 0xa439a0
MANUAL: _ZNK14AP_BattMonitor13num_instancesEv @ 0xa43a00
MANUAL: _ZNK14AP_BattMonitor7healthyEv @ 0x62c170
MANUAL: _ZNK14AP_BattMonitor13has_failsafedEv @ 0xa43a50
MANUAL: _ZNK17AP_InertialSensor11calibratingEv @ 0x62c260
MANUAL: _ZNK9AP_Logger15logging_enabledEv @ 0x62c330
MANUAL: _ZNK6AP_GPS15logging_presentEv @ 0xa43ab0
MANUAL: _ZNK6AP_GPS15logging_enabledEv @ 0xa43b20
MANUAL: _ZNK6AP_GPS14logging_failedEv @ 0x62c400
MANUAL: _ZNK7AP_AHRS12get_ekf_typeEv @ 0xa43b90
MANUAL: _ZNK8AC_Fence18sys_status_enabledEv @ 0x62c4e0
MANUAL: _ZNK8AC_Fence18sys_status_presentEv @ 0x62c580
MANUAL: _ZNK8AC_Fence17sys_status_failedEv @ 0x62c5e0
MANUAL: _ZNK11AP_Airspeed7enabledEv @ 0xa43bf0
MANUAL: _ZNK11AP_Airspeed3useEv @ 0xa43c50
MANUAL: _ZN2AP11opticalflowEv @ 0x62c730
MANUAL: _ZNK14AP_OpticalFlow7enabledEv @ 0xa43d00
MANUAL: _ZNK14AP_OpticalFlow7healthyEv @ 0xa43d70
MANUAL: _ZN2AP6armingEv @ 0x62c770
MANUAL: _ZNK11RC_Channels22has_ever_seen_rc_inputEv @ 0xa43df0
MANUAL: _ZN9AP_Arming13get_singletonEv @ 0x62c7b0
MANUAL: _ZNK7AP_EnumIN14AP_OpticalFlow4TypeEEcvKS1_Ev @ 0xa43e50
MANUAL: _ZN14AP_OpticalFlow13get_singletonEv @ 0xa43ea0
MANUAL: _ZNK11AP_Airspeed7healthyEh @ 0x62c7f0
MANUAL: _ZN15AP_AHRS_Backend23airspeed_sensor_enabledEv @ 0xa43f30
MANUAL: _ZN2AP8airspeedEv @ 0x62c970
MANUAL: _ZNK11AP_Airspeed7healthyEv @ 0xa43fc0
MANUAL: _ZNK11AP_Airspeed3useEh @ 0x62c9b0
MANUAL: _ZN12SRV_Channels17get_output_scaledEN11SRV_Channel8FunctionE @ 0x62cae0
MANUAL: _ZNK8AC_Fence12get_breachesEv @ 0xa44020
MANUAL: _ZNK7AP_EnumIN8AC_Fence6ActionEEcvKS1_Ev @ 0xa44070
MANUAL: _ZNK14AP_BattMonitor7healthyEh @ 0x62cbe0
MANUAL: _ZN14AP_RCTelemetryC2Eh @ 0xa440c0
MANUAL: _ZNK6AP_GPS8num_satsEv @ 0xa44280
MANUAL: _ZNK6AP_GPS8num_satsEh @ 0xa44360
MANUAL: _ZNK14AP_BattMonitor12current_ampsERfh @ 0x62dad0
MANUAL: _ZNK14AP_BattMonitor12consumed_mahERfh @ 0x62dbc0
MANUAL: _ZNK7Compass17calculate_headingERK7Matrix3IfE @ 0xa443d0
MANUAL: _ZNK7Compass17calculate_headingERK7Matrix3IfEh @ 0x62dd40
MANUAL: _ZN2AP9fwversionEv @ 0x62dfc0
MANUAL: _ZN12AP_FWVersion10get_fwverzEv @ 0xa445b0
MANUAL: _ZN14AP_RCTelemetryUt0_C2Ev @ 0xa44950
MANUAL: _ZN12ObjectBufferI22__mavlink_statustext_tEC2Ej @ 0xa449c0
MANUAL: _ZN9AP_Logger14WriteStreamingEPKcS1_S1_z @ 0x62e8e0
MANUAL: _ZN22AP_RCProtocol_DroneCANUt_C2Ev @ 0xa44c90
MANUAL: _ZN22AP_RCProtocol_DroneCAN6updateEv @ 0x62eb40
MANUAL: _ZN19AP_RCProtocol_FPortC2ER13AP_RCProtocolb @ 0x62ec90
MANUAL: _ZN19AP_RCProtocol_FPortUt0_C2Ev @ 0xa44e30
MANUAL: _ZN10SoftSerialC2EjNS_13serial_configE @ 0x62ed60
MANUAL: _ZN14AP_Frsky_Telem4initEb @ 0x62fcb0
MANUAL: _ZNK16AP_SerialManager11find_serialENS_14SerialProtocolEh @ 0x62ff30
MANUAL: _ZN7AP_Baro18update_calibrationEv @ 0x632d00
MANUAL: _ZNK7AP_Baro12get_pressureEh @ 0xa45fb0
MANUAL: _ZNK7AP_Baro21get_sealevel_pressureEff @ 0x633120
MANUAL: _ZNK7AP_Baro24get_external_temperatureEv @ 0xa46020
MANUAL: _ZNK7AP_Baro24get_external_temperatureEh @ 0x6332b0
MANUAL: _ZNK7AP_Baro15get_temperatureEh @ 0xa46100
MANUAL: _ZL3MINIffEDTqultfp_fp0_fp_fp0_ERKT_RKT0_.1752 @ 0x6333e0
MANUAL: _ZNK7AP_Baro23get_altitude_differenceEff @ 0x633550
MANUAL: _ZNK7AP_Baro26get_altitude_from_pressureEf @ 0x6335f0
MANUAL: _ZL33find_atmosphere_layer_by_pressuref @ 0x633850
MANUAL: _ZNK7AP_Baro17get_altitude_AMSLEv @ 0xa46170
MANUAL: _ZN7AP_Baro29geopotential_alt_to_geometricEf @ 0x633900
MANUAL: _ZNK7AP_Baro17get_altitude_AMSLEh @ 0xa461d0
MANUAL: _ZN9AP_Notify6updateEv @ 0x633b40
MANUAL: _ZN8AP_Param5flushEv @ 0x633c00
MANUAL: _ZN15ObjectBuffer_TSIN8AP_Param10param_saveEE9availableEv @ 0xa46240
MANUAL: _ZN2AP3srvEv @ 0x633ce0
MANUAL: _ZN12SRV_Channels4corkEv @ 0x633d20
MANUAL: _ZN12SRV_Channels4pushEv @ 0x633d80
MANUAL: _ZN16AP_Volz_Protocol6updateEv @ 0x633f30
MANUAL: _ZN10AP_SBusOut6updateEv @ 0x634200
MANUAL: _ZN15AP_RobotisServo6updateEv @ 0x634380
MANUAL: _ZN16AP_FETtecOneWire6updateEv @ 0x6345f0
MANUAL: _ZN2AP6kdecanEv @ 0x6348e0
MANUAL: _ZN9AP_KDECAN6updateEv @ 0x634920
MANUAL: _ZN12SRV_Channels12find_channelEN11SRV_Channel8FunctionERh @ 0x635300
MANUAL: _ZN11SRV_Channel8calc_pwmEf @ 0x6353d0
MANUAL: _ZNK11SRV_Channel21pwm_from_scaled_valueEf @ 0x6354c0
MANUAL: _ZNK11SRV_Channel14pwm_from_angleEf @ 0x635560
MANUAL: _ZN9AP_KDECAN13get_singletonEv @ 0xa46f50
MANUAL: _ZN16AP_FETtecOneWire4initEv @ 0x637090
MANUAL: _ZN16AP_FETtecOneWire9init_uartEv @ 0x638660
MANUAL: _ZN15AP_RobotisServo4initEv @ 0x6389f0
MANUAL: _ZN10AP_SBusOut4initEv @ 0x639920
MANUAL: _ZN16AP_Volz_Protocol4initEv @ 0x639ee0
MANUAL: _ZN12SRV_Channels13get_singletonEv @ 0xa479b0
MANUAL: _ZNK10AP_Mission21get_current_nav_indexEv @ 0xa47d40
MANUAL: _ZNK6AP_GPS8get_hdopEh @ 0xa48010
MANUAL: _ZNK7AP_AHRS11groundspeedEv @ 0xa48110
MANUAL: _ZN7AP_Baro14get_climb_rateEv @ 0x63d900
MANUAL: _ZN16DerivativeFilterIfLh7EE5slopeEv @ 0xa481b0
MANUAL: _ZNK11RangeFinder11get_backendEh @ 0x63db50
MANUAL: _ZNK7AP_AHRS11get_yaw_degEv @ 0xa48d30
MANUAL: _ZNK7AP_AHRS28get_relative_position_D_homeERf @ 0x63f730
MANUAL: _ZNK7AP_AHRS30get_relative_position_D_originERd @ 0x63f980
MANUAL: _ZNK7AP_AHRS11_get_originER8Location @ 0x63fac0
MANUAL: _ZNK7AP_AHRS11_get_originENS_7EKFTypeER8Location @ 0x63fba0
MANUAL: _ZNK7NavEKF312getOriginLLHER8Location @ 0x63fdb0
MANUAL: _ZNK16AP_AHRS_External10get_originER8Location @ 0x63ff30
MANUAL: _ZNK11AP_AHRS_DCM30get_relative_position_D_originERd @ 0x640080
MANUAL: _ZN14AP_Frsky_TelemC2Ev @ 0x640840
MANUAL: _ZN20AP_RCProtocol_FPort2C2ER13AP_RCProtocolb @ 0x641970
MANUAL: _ZN18AP_RCProtocol_CRSFC2ER13AP_RCProtocol @ 0x6423b0
MANUAL: _ZL3MINIhhEDTqultfp_fp0_fp_fp0_ERKT_RKT0_.7537 @ 0x6424e0
MANUAL: _ZN18AP_RCProtocol_CRSF10LinkStatusC2Ev @ 0xa490d0
MANUAL: _ZN18AP_RCProtocol_CRSF6updateEv @ 0x6428e0
MANUAL: _ZN13AP_CRSF_Telem13get_singletonEv @ 0x642f10
MANUAL: _ZN13AP_CRSF_TelemC2Ev @ 0x643820
MANUAL: _ZN13AP_CRSF_Telem12ScriptedMenuC2Ev @ 0xa495a0
MANUAL: _ZN12ObjectBufferIN13AP_CRSF_Telem22ScriptedParameterWriteEEC2Ej @ 0xa495f0
MANUAL: _ZN13AP_CRSF_TelemUt_C2Ev @ 0xa496c0
MANUAL: _ZN13AP_CRSF_TelemUt0_C2Ev @ 0xa49710
MANUAL: _ZN13AP_CRSF_Telem13queue_messageE12MAV_SEVERITYPKc @ 0x643960
MANUAL: _ZN13AP_CRSF_Telem4initEv @ 0x643a00
MANUAL: _ZN9AP_Notify13get_singletonEv @ 0xa499a0
MANUAL: _ZN2AP3vtxEv @ 0x6460c0
MANUAL: _ZNK10AP_VideoTX11get_enabledEv @ 0xa49a30
MANUAL: _ZN2AP10crsf_telemEv @ 0x6466b0
MANUAL: _ZN10AP_VideoTX13get_singletonEv @ 0xa4a150
MANUAL: _ZNK7AP_AHRS12get_roll_radEv @ 0xa4a190
MANUAL: _ZNK7AP_AHRS13get_pitch_radEv @ 0xa4a1e0
MANUAL: _ZNK8AP_Param15copy_name_tokenERKNS_10ParamTokenEPcmb @ 0x6481c0
MANUAL: _ZNK8AP_Param19find_var_info_tokenERKNS_10ParamTokenEPjRPKNS_9GroupInfoERNS_12GroupNestingEPh @ 0x648330
MANUAL: _ZN19AP_RCProtocol_SRXL2C2ER13AP_RCProtocol @ 0x64c140
MANUAL: _ZN19AP_RCProtocol_SRXL26updateEv @ 0x64c4d0
MANUAL: _Z11crc16_ccittPKhjt @ 0x64d090
MANUAL: _ZNK14AP_BattMonitor15get_temperatureERfh @ 0x64f5b0
MANUAL: _ZN2AP3rtcEv @ 0x64f680
MANUAL: _ZNK6AP_RTC12get_utc_usecERm @ 0x64f7a0
MANUAL: _ZN6AP_RTC13get_singletonEv @ 0xa4adf0
MANUAL: _ZN2AP9esc_telemEv @ 0x64fb00
MANUAL: _ZN12AP_ESC_Telem13get_singletonEv @ 0x64ffb0
MANUAL: _ZN17AP_RCProtocol_DSM6updateEv @ 0x6534c0
MANUAL: _ZN18AP_RCProtocol_SBUSC2ER13AP_RCProtocolbj @ 0x654070
MANUAL: _ZN7HALSITL9SchedulerC2EPNS_10SITL_StateE @ 0x654cc0
MANUAL: _ZN6AP_HAL9SchedulerC2Ev @ 0xa4b570
MANUAL: _ZN7HALSITL9Scheduler4initEv @ 0x654d50
MANUAL: _ZN7HALSITL9Scheduler5delayEt @ 0x654db0
MANUAL: _ZN7HALSITL9Scheduler18delay_microsecondsEt @ 0x654ea0
MANUAL: _ZN6AP_HAL9Scheduler24delay_microseconds_boostEt @ 0xa4b5d0
MANUAL: _ZN6AP_HAL9Scheduler15expect_delay_msEj @ 0xa4b640
MANUAL: _ZN6AP_HAL9Scheduler9boost_endEv @ 0xa4b6e0
MANUAL: _ZN6AP_HAL9Scheduler23register_delay_callbackEPFvvEt @ 0x654fa0
MANUAL: _ZNK6AP_HAL9Scheduler17in_delay_callbackEv @ 0xa4b730
MANUAL: _ZN7HALSITL9Scheduler22register_timer_processE7FunctorIvJEE @ 0x655020
MANUAL: _ZN7HALSITL9Scheduler19register_io_processE7FunctorIvJEE @ 0x655140
MANUAL: _ZN7HALSITL9Scheduler23register_timer_failsafeEPFvvEj @ 0x655260
MANUAL: _ZN7HALSITL9Scheduler22set_system_initializedEv @ 0x6552d0
MANUAL: _ZN7HALSITL9Scheduler21is_system_initializedEv @ 0xa4b790
MANUAL: _ZN7HALSITL9Scheduler10stop_clockEm @ 0x655410
MANUAL: _ZNK7HALSITL9Scheduler14in_main_threadEv @ 0x6554b0
MANUAL: _ZN6AP_HAL9Scheduler13call_delay_cbEv @ 0x655540
MANUAL: _ZN7HALSITL9Scheduler13thread_createE7FunctorIvJEEPKcjN6AP_HAL9Scheduler13priority_baseEa @ 0x6555e0
MANUAL: _ZL3MAXImjEDTqugtfp_fp0_fp_fp0_ERKT_RKT0_ @ 0x655920
MANUAL: _ZN7HALSITL9Scheduler24thread_create_trampolineEPv @ 0x6559b0
MANUAL: _ZN7FunctorIvJEEeqERKS0_ @ 0xa4b8a0
MANUAL: _ZN7HALSITL10SITL_State10wait_clockEm @ 0x655b70
MANUAL: _ZNK4SITL8Aircraft11get_speedupEv @ 0xa4b940
MANUAL: _ZNK7HALSITL9Scheduler28semaphore_wait_hack_requiredEv @ 0x655d20
MANUAL: _ZN7HALSITL10SITL_State15_fdm_input_stepEv @ 0x655da0
MANUAL: _ZN7HALSITL10SITL_State16_fdm_input_localEv @ 0x655ef0
MANUAL: _ZNK7HALSITL9Scheduler22interrupts_are_blockedEv @ 0xa4b990
MANUAL: _ZN7HALSITL9Scheduler17sitl_begin_atomicEv @ 0xa4b9f0
MANUAL: _ZN7HALSITL9Scheduler11timer_eventEv @ 0xa4ba50
MANUAL: _ZN7HALSITL9Scheduler15sitl_end_atomicEv @ 0x656090
MANUAL: _ZN7HALSITL10SITL_State16_update_airspeedEf @ 0x656130
MANUAL: _ZN7HALSITL10SITL_State19_update_rangefinderEv @ 0x6564a0
MANUAL: _ZNK7HALSITL10SITL_State18_sonar_pin_voltageEv @ 0x656500
MANUAL: _ZN7AP_Baro24get_EAS2TAS_for_alt_amslEf @ 0x656670
MANUAL: _ZL2sqf.11982 @ 0x6566f0
MANUAL: _ZN7AP_Baro28get_air_density_for_alt_amslEf @ 0x656740
MANUAL: _ZL3MAXIffEDTqugtfp_fp0_fp_fp0_ERKT_RKT0_.1713 @ 0x656910
MANUAL: _ZN7HALSITL9Scheduler16_run_timer_procsEv @ 0x656990
MANUAL: _ZN7HALSITL10SITL_State17_simulator_servosER10sitl_input @ 0x656a90
MANUAL: _ZN4SITL11JSON_Master7receiveER10sitl_input @ 0x657720
MANUAL: _ZN7HALSITL10SITL_State22multicast_servo_updateER10sitl_input @ 0x657bc0
MANUAL: _ZN4SITL8Aircraft11update_homeEv @ 0x657ca0
MANUAL: _ZN4SITL8Aircraft12update_modelERK10sitl_input @ 0x657e00
MANUAL: _ZN4SITL8Aircraft8fill_fdmERNS_8sitl_fdmE @ 0x657ea0
MANUAL: _ZN7HALSITL8CANIface14num_interfacesEv @ 0xa4baf0
MANUAL: _ZNK4SITL8Aircraft20get_position_relhomeEv @ 0x658a70
MANUAL: _ZN4SITL11JSON_Master4sendERKNS_8sitl_fdmERK7Vector3IdE @ 0x658b30
MANUAL: _ZN7HALSITL17SITL_State_Common10sim_updateEv @ 0x658dd0
MANUAL: _ZN7HALSITL10SITL_State14set_height_aglEv @ 0x659620
MANUAL: _ZNK4SITL8Aircraft15get_velocity_efEv @ 0xa4bb80
MANUAL: _ZN4SITL3GPS6updateEv @ 0x65a9f0
MANUAL: _ZN4SITL12SerialDevice17init_sitl_pointerEv @ 0x65c140
MANUAL: _ZN4SITL3GPS24check_backend_allocationEv @ 0x65c1d0
MANUAL: _ZN4SITL3GPS16interpolate_dataERKNS_8GPS_DataEj @ 0x65c7e0
MANUAL: _ZL3MAXIifEDTqugtfp_fp0_fp_fp0_ERKT_RKT0_.12703 @ 0x65d170
MANUAL: _ZN4SITL9GPS_UBloxCI2NS_11GPS_BackendEERNS_3GPSEh @ 0xa4bbd0
MANUAL: _ZN4SITL11GPS_BackendC2ERNS_3GPSEh @ 0x65d200
MANUAL: _ZNK4SITL11GPS_Backend11device_baudEv @ 0xa4c1a0
MANUAL: _ZN4SITL11GPS_Backend11update_readEv @ 0x65d2f0
MANUAL: _ZNK4SITL11GPS_Backend18write_to_autopilotEPKcm @ 0x65d640
MANUAL: _ZNK4SITL11GPS_Backend19read_from_autopilotEPcm @ 0x65d6c0
MANUAL: _ZN4SITL11GPS_Backend8gps_timeEv @ 0x65e160
MANUAL: _ZNK7Vector2IdE6lengthEv @ 0xa4c3c0
MANUAL: _ZN4SITL11GPS_Backend18simulation_timevalEP7timeval @ 0x65ea90
MANUAL: _ZN4SITL9GPS_UBlox7publishEPKNS_8GPS_DataE @ 0x661960
MANUAL: _Z4normIddJdEEdT_T0_DpKT1_ @ 0xa4ca60
MANUAL: _ZL7degreesf.12791 @ 0x662430
MANUAL: _ZN4SITL9GPS_UBlox8send_ubxEhPht @ 0x662960
MANUAL: _ZL3MAXIiiEDTqugtfp_fp0_fp_fp0_ERKT_RKT0_.12792 @ 0x662b30
MANUAL: _ZNK7Vector3IfE6is_nanEv @ 0xa4cae0
MANUAL: _ZN7Matrix3IfE6rotateERK7Vector3IfE @ 0xa4cbb0
MANUAL: _ZN7Matrix3IfEpLERKS0_ @ 0xa4cdd0
MANUAL: _ZNK7Matrix3IfEplERKS0_ @ 0xa4ce60
MANUAL: _Z2sqIdJddEEdT_DpKT0_ @ 0xa4cf80
MANUAL: _ZNK11QuaternionTIfE8to_eulerERfS1_S1_ @ 0xa4d020
MANUAL: _ZNK11QuaternionTIfE13get_euler_yawEv @ 0xa4d130
MANUAL: _ZNK7Vector3IdEplERKS0_ @ 0xa4db30
MANUAL: _ZN7Vector3IdEpLERKS0_ @ 0xa4dbd0
MANUAL: _ZN7Matrix3IdEC2Ev @ 0xa4dc70
MANUAL: _ZN7Matrix3IdE10from_eulerEddd @ 0xa4dcf0
MANUAL: _ZNK7Matrix3IdEmlERK7Vector3IdE @ 0xa4deb0
MANUAL: _ZNK7Vector3IdEmiERKS0_ @ 0xa4e6a0
MANUAL: _ZNK7Vector3IdE6lengthEv @ 0xa4e800
MANUAL: _ZN7Vector3IdE4zeroEv @ 0xa4e860
MANUAL: _ZNK7Vector3IdEmlEd @ 0xa4e8c0
MANUAL: _ZNK7Matrix3IfE10transposedEv @ 0xa4ea90
MANUAL: _ZN7Matrix3IfE9normalizeEv @ 0xa4ec60
MANUAL: _ZNK8Location22get_distance_NE_doubleERKS_ @ 0x66fc00
MANUAL: _ZN7Vector3IdE2xyEv @ 0xa4ef30
MANUAL: _ZN7Vector2IdEpLERKS0_ @ 0xa4ef80
MANUAL: _ZL7degreesf.14500 @ 0x670b50
MANUAL: _ZNK7Matrix3IfE8to_eulerEPfS1_S1_ @ 0xa4f000
MANUAL: _ZNK7AP_EnumI8RotationEcvKS0_Ev @ 0xa4f120
MANUAL: _ZN7Matrix3IfE13from_rotationE8Rotation @ 0xa4f170
MANUAL: _ZN4SITL8Aircraft11set_speedupEf @ 0x670bb0
MANUAL: _ZNK8HAL_SITL32get_uart_output_full_queue_countEv @ 0x670c20
MANUAL: _ZN4SITL8Aircraft16setup_frame_timeEff @ 0x670c80
MANUAL: _ZNK4SITL8Aircraft16get_wall_time_usEv @ 0x670d60
MANUAL: _ZN7Matrix3IfE9transposeEv @ 0xa4f290
MANUAL: _ZNK7Vector3IdEdvEd @ 0xa4f300
MANUAL: _ZN4SITL8Aircraft12time_advanceEv @ 0x670de0
MANUAL: _ZN4SITL8Aircraft15sync_frame_timeEv @ 0x670e80
MANUAL: _ZN9AP_Logger14WriteStreamingEPKcS1_S1_S1_S1_z @ 0x671180
MANUAL: _ZL3MAXI9AP_ParamTIfL11ap_var_type4EEdEDTqugtfp_fp0_fp_fp0_ERKT_RKT0_.11827 @ 0x6714f0
MANUAL: _Z21calc_lowpass_alpha_dtff @ 0x671590
MANUAL: _ZL3MAXIfiEDTqugtfp_fp0_fp_fp0_ERKT_RKT0_.11828 @ 0x6716c0
MANUAL: _ZNK4SITL16FETtecOneWireESC7enabledEv @ 0xa4f6c0
MANUAL: _ZNK4SITL4Volz7enabledEv @ 0xa4f730
MANUAL: _ZN7HALSITL17SITL_State_Common22update_voltage_currentER10sitl_inputf @ 0x671990
MANUAL: _ZN7HALSITL10SITL_StateC2Ev @ 0xa4f930
MANUAL: _ZN7HALSITL10SITL_State4initEiPKPc @ 0x671be0
MANUAL: _ZN7HALSITL10SITL_State19_parse_command_lineEiPKPc @ 0x671c80
MANUAL: _ZNK7HALSITL10SITL_State20_set_signal_handlersEv @ 0x672b50
MANUAL: _ZN10GetOptLong9getoptionEv @ 0x672cd0
MANUAL: _ZN11ObjectArrayIN8AP_Param21defaults_table_structEE4pushERKS1_ @ 0xa4fc80
MANUAL: _ZN4SITL8Aircraft12set_instanceEh @ 0xa4fd60
MANUAL: _ZN4SITL8Aircraft16set_autotest_dirEPKc @ 0xa4fdf0
MANUAL: _ZN8HAL_SITL25set_storage_posix_enabledEb @ 0xa4fe50
MANUAL: _ZN8HAL_SITL25set_storage_flash_enabledEb @ 0xa4feb0
MANUAL: _ZN8HAL_SITL24set_storage_fram_enabledEb @ 0xa4ff10
MANUAL: _ZN8AP_Param9erase_allEv @ 0x673c60
MANUAL: _ZN8HAL_SITL16set_wipe_storageEb @ 0xa4ff70
MANUAL: _ZN7HALSITL10SITL_State11_sitl_setupEv @ 0x673cd0
MANUAL: _ZN4SITL8Aircraft10set_buzzerEPNS_6BuzzerE @ 0xa50070
MANUAL: _ZN4SITL8Aircraft11set_sprayerEPNS_7SprayerE @ 0xa500d0
MANUAL: _ZN4SITL8Aircraft17set_gripper_servoEPNS_13Gripper_ServoE @ 0xa50130
MANUAL: _ZN4SITL8Aircraft15set_gripper_epmEPNS_11Gripper_EPME @ 0xa50190
MANUAL: _ZN4SITL8Aircraft13set_parachuteEPNS_9ParachuteE @ 0xa501f0
MANUAL: _ZN4SITL8Aircraft12set_preclandEPNS_12SIM_PreclandE @ 0x673fb0
MANUAL: _ZN4SITL3I2C4initEv @ 0x674080
MANUAL: _ZN4SITL8Aircraft7set_i2cEPNS_3I2CE @ 0xa50250
MANUAL: _ZN4SITL10IS31FL319514set_product_idEh @ 0x674200
MANUAL: _ZNK4SITL8Aircraft12get_home_yawEv @ 0xa502b0
MANUAL: _ZN4SITL12SIM_Precland20set_default_locationEffs @ 0x674270
MANUAL: _ZN8AP_Param18eeprom_write_checkEPKvth @ 0x6743c0
MANUAL: _ZN8AP_Param14write_sentinalEt @ 0x674450
MANUAL: _ZN13AP_Filesystem9load_fileEPKc @ 0x6744f0
MANUAL: _ZN4SITL8SimRover6createEPKc @ 0xa50750
MANUAL: _ZN4SITL8AircraftC2EPKc @ 0x674760
MANUAL: _ZN4SITL8Aircraft18set_start_locationERK8Locationf @ 0x674b20
MANUAL: _ZN4SITL8Aircraft19set_interface_portsEPKcii @ 0xa51560
MANUAL: _ZN4SITL8Aircraft10set_configEPKc @ 0xa515d0
MANUAL: _ZNK4SITL8Aircraft22rangefinder_beam_widthEv @ 0xa51630
MANUAL: _ZNK4SITL8Aircraft45perpendicular_distance_to_rangefinder_surfaceEv @ 0x6750e0
MANUAL: _ZN4SITL8Aircraft23update_external_payloadERK10sitl_input @ 0x676c00
MANUAL: _ZN4SITL8Aircraft15update_positionEv @ 0x677090
MANUAL: _ZN4SITL8Aircraft19update_mag_field_bfEv @ 0x6776b0
MANUAL: _ZN7Vector2IdEmIERKS0_ @ 0xa51680
MANUAL: _ZNK4SITL7Sprayer10is_enabledEv @ 0xa51710
MANUAL: _ZN4SITL3I2C6updateERKNS_8AircraftE @ 0x678480
MANUAL: _ZNK4SITL6Buzzer10is_enabledEv @ 0xa517c0
MANUAL: _ZNK4SITL13Gripper_Servo10is_enabledEv @ 0xa51820
MANUAL: _ZNK4SITL11Gripper_EPM10is_enabledEv @ 0xa518e0
MANUAL: _ZNK4SITL9Parachute10is_enabledEv @ 0xa51990
MANUAL: _ZNK4SITL12SIM_Precland10is_enabledEv @ 0xa519f0
MANUAL: _ZN4SITL7ShipSim6updateEv @ 0x679450
MANUAL: _ZN4SITL16FETtecOneWireESC3ESCUt_C2Ev @ 0xa52a10
MANUAL: _ZN8Location16change_alt_frameENS_8AltFrameE @ 0x67ebd0
MANUAL: _ZNK7Vector3IdE14length_squaredEv @ 0xa53aa0
MANUAL: _ZNK7Vector3IdEmlERKS0_ @ 0xa53c10
MANUAL: _ZNK7AP_AHRS11get_EAS2TASEv @ 0x67f4b0
MANUAL: _ZNK7Vector3IdE7is_zeroEv @ 0xa53dc0
MANUAL: _ZN7Vector3IfE2xyEv @ 0xa53e70
MANUAL: _ZN7Vector3IfEmIERKS0_ @ 0xa53f20
MANUAL: _ZNK9AP_ParamTIfL11ap_var_type4EEplERKS1_ @ 0xa541d0
MANUAL: _ZL3MINIffEDTqultfp_fp0_fp_fp0_ERKT_RKT0_.5867 @ 0x683de0
MANUAL: _ZN13LowPassFilterIfE20set_cutoff_frequencyERKf @ 0xa548f0
MANUAL: _ZN10ServoModelC2Ev @ 0xa54a00
MANUAL: _ZN4SITL7BatteryC2Ev @ 0xa54a80
MANUAL: _ZN4SITL8AircraftUt1_C2Ev @ 0xa54b00
MANUAL: _ZN4SITL7BatteryUt_C2Ev @ 0xa54bb0
MANUAL: _ZN13LowPassFilterIfEC2ERKf @ 0xa54c10
MANUAL: _ZN10DigitalLPFIfEC2Ev @ 0xa54c90
MANUAL: _ZN13LowPassFilterIfEC2Ev @ 0xa54ce0
MANUAL: _ZN15LowPassFilter2pIfEC2Ev @ 0xa54d30
MANUAL: _ZN19DigitalBiquadFilterIfEC2Ev @ 0xa54da0
MANUAL: _Z11is_positived @ 0xa55070
MANUAL: _ZN7Vector3IfE9normalizeEv @ 0xa55850
MANUAL: _ZN7Matrix3IfE8identityEv @ 0xa558b0
MANUAL: _ZN7Matrix3IfE4zeroEv @ 0xa55b40
MANUAL: _ZN8AP_Param18load_defaults_fileEPKcb @ 0x693980
MANUAL: _ZN8AP_Param22count_defaults_in_fileEPKcRt @ 0x693c50
MANUAL: _ZN8AP_Param24read_param_defaults_fileEPKcbRt @ 0x693d90
MANUAL: _ZN8AP_Param16parse_param_lineEPcPS0_RfRb @ 0x694010
MANUAL: _ZN8AP_Param9set_floatEf11ap_var_type @ 0x6941d0
MANUAL: _ZN13AP_Filesystem4readEiPvj @ 0x6965a0
MANUAL: _ZN7Vector3IdEmIERKS0_ @ 0xa5fad0
MANUAL: _ZL7radiansd.14806 @ 0x6a3b10
MANUAL: _ZN4SITL8SimRoverC2EPKc @ 0x6a6fd0
MANUAL: _ZN4SITL8SimRover6updateERK10sitl_input @ 0x6a7200
MANUAL: _ZN4SITL8SimRover24update_ackermann_or_skidERK10sitl_inputf @ 0x6a7920
MANUAL: _ZL7radiansf.13800 @ 0x6a7d60
MANUAL: _ZN4SITL8SimRover13calc_yaw_rateEff @ 0x6a7dc0
MANUAL: _ZN10DigitalLPFIfE5resetERKf @ 0xa600b0
MANUAL: _ZN4SITL11JSON_Master11socket_listC2Ev @ 0xa60350
MANUAL: _ZNK11ObjectArrayIN8AP_Param21defaults_table_structEE5spaceEv @ 0xa603c0
MANUAL: _ZN10GetOptLongC2EiPKPcPKcPKNS_6optionE @ 0x6b48b0
MANUAL: _ZN7HALSITL17SITL_State_CommonC2Ev @ 0xa60420
MANUAL: _ZN11ObjectArrayIN8AP_Param21defaults_table_structEEC2Et @ 0xa604d0
MANUAL: _ZN7VectorNIN7HALSITL10SITL_State13readings_windELh50EEC2Ev @ 0xa605a0
MANUAL: _ZN4SITL11JSON_MasterC2Ev @ 0xa60630
MANUAL: _ZN7HALSITL7StorageC2Ev @ 0xa60680
MANUAL: _ZN6AP_HAL7StorageC2Ev @ 0xa607d0
MANUAL: _ZN7BitmaskILt2048EEC2Ev @ 0xa60830
MANUAL: _ZN7FunctorIbJhjPKhtEE4bindIN7HALSITL7StorageEXadL_ZNS5_17_flash_write_dataEhjS1_tEEEES2_PT_ @ 0xa60880
MANUAL: _ZN7FunctorIbJhjPhtEE4bindIN7HALSITL7StorageEXadL_ZNS4_16_flash_read_dataEhjS0_tEEEES1_PT_ @ 0xa608e0
MANUAL: _ZN7FunctorIbJhEE4bindIN7HALSITL7StorageEXadL_ZNS3_19_flash_erase_sectorEhEEEES0_PT_ @ 0xa60940
MANUAL: _ZN7FunctorIbJEE4bindIN7HALSITL7StorageEXadL_ZNS3_15_flash_erase_okEvEEEES0_PT_ @ 0xa609a0
MANUAL: _ZN10AP_RAMTRONC2Ev @ 0xa60a00
MANUAL: _ZN15AP_FlashStorageC2EPhj7FunctorIbJhjPKhtEES1_IbJhjS0_tEES1_IbJhEES1_IbJEE @ 0x6b4a60
MANUAL: _ZN7FunctorIbJEEC2EPvPFbS1_E @ 0xa60b00
MANUAL: _ZN7FunctorIbJhjPhtEEC2EPvPFbS2_hjS0_tE @ 0xa60d50
MANUAL: _ZN7FunctorIbJhjPKhtEEC2EPvPFbS3_hjS1_tE @ 0xa60ee0
MANUAL: _ZN7BitmaskILt2048EE8clearallEv @ 0xa61190
MANUAL: _ZN6AP_HAL7Storage5eraseEv @ 0x6b6310
MANUAL: _ZN7HALSITL7Storage10read_blockEPvtm @ 0x6b63f0
MANUAL: _ZN7HALSITL7Storage11write_blockEtPKvm @ 0x6b64c0
MANUAL: _ZN7HALSITL7Storage11_timer_tickEv @ 0x6b65e0
MANUAL: _ZN7HALSITL7Storage7healthyEv @ 0x6b6810
MANUAL: _ZNK7BitmaskILt2048EE5emptyEv @ 0xa61240
MANUAL: _ZNK7BitmaskILt2048EE3getEt @ 0xa612e0
MANUAL: _ZN10AP_RAMTRON5writeEjPKhj @ 0x6b6950
MANUAL: _ZN7BitmaskILt2048EE5clearEt @ 0xa613b0
MANUAL: _ZNK8HAL_SITL25get_storage_posix_enabledEv @ 0xa61470
MANUAL: _ZNK8HAL_SITL25get_storage_flash_enabledEv @ 0xa614d0
MANUAL: _ZNK7BitmaskILt2048EE8validateEt @ 0xa61530
MANUAL: _ZNK10AP_RAMTRON8get_sizeEv @ 0xa615c0
MANUAL: _ZN13WithSemaphoreC2EPN6AP_HAL9SemaphoreEj @ 0x6b6f60
MANUAL: _ZN7HALSITL7Storage13_storage_openEv @ 0x6b6fd0
MANUAL: _ZN7HALSITL7Storage11_mark_dirtyEtt @ 0x6b72e0
MANUAL: _ZN7BitmaskILt2048EE3setEt @ 0xa61660
MANUAL: _ZNK8HAL_SITL24get_storage_fram_enabledEv @ 0xa61720
MANUAL: _ZN6AP_HAL6Device14read_registersEhPhj @ 0x6b8140
MANUAL: _ZN7FunctorIvJhPhjbEEC2EDn @ 0xa61780
MANUAL: _ZN7FunctorIvJhPhjbEEneERKS1_ @ 0xa617f0
MANUAL: _ZL3MINImjEDTqultfp_fp0_fp_fp0_ERKT_RKT0_.17245 @ 0x6b8280
MANUAL: _ZN6AP_HAL15get_HAL_mutableEv @ 0x6b8310
MANUAL: __cxx_global_var_init.11733 @ 0x5ab100
MANUAL: __cxx_global_var_init.1.11734 @ 0x5ab160
MANUAL: __cxx_global_var_init.11725 @ 0x5ab1b0
MANUAL: __cxx_global_var_init.1.11726 @ 0x5ab210
MANUAL: __cxx_global_var_init.11718 @ 0x5ab260
MANUAL: __cxx_global_var_init.1.11719 @ 0x5ab2c0
MANUAL: __cxx_global_var_init.11654 @ 0x5ab310
MANUAL: __cxx_global_var_init.1.11655 @ 0x5ab370
MANUAL: __cxx_global_var_init.11625 @ 0x5ab3c0
MANUAL: __cxx_global_var_init.1.11626 @ 0x5ab420
MANUAL: __cxx_global_var_init.2.11627 @ 0x5ab470
MANUAL: _ZN22AP_DroneCAN_DNA_Server8DatabaseC2Ev @ 0xa61a40
MANUAL: _ZN7BitmaskILt128EEC2Ev @ 0xa61b10
MANUAL: _ZN7BitmaskILt128EE8clearallEv @ 0xa61b60
MANUAL: __cxx_global_var_init.11597 @ 0x5ab4e0
MANUAL: __cxx_global_var_init.1.11598 @ 0x5ab540
MANUAL: __cxx_global_var_init.11536 @ 0x5ab590
MANUAL: __cxx_global_var_init.1.11537 @ 0x5ab5f0
MANUAL: __cxx_global_var_init.2.11538 @ 0x5ab640
MANUAL: __cxx_global_var_init.3.11539 @ 0x5ab6e0
MANUAL: __cxx_global_var_init.11502 @ 0x5ab8a0
MANUAL: __cxx_global_var_init.1.11503 @ 0x5ab900
MANUAL: __cxx_global_var_init.11422 @ 0x5ab950
MANUAL: __cxx_global_var_init.1.11423 @ 0x5ab9b0
MANUAL: __cxx_global_var_init.11402 @ 0x5aba00
MANUAL: __cxx_global_var_init.1.11403 @ 0x5aba60
MANUAL: __cxx_global_var_init.11394 @ 0x5abab0
MANUAL: __cxx_global_var_init.1.11395 @ 0x5abb10
MANUAL: __cxx_global_var_init.11387 @ 0x5abb60
MANUAL: __cxx_global_var_init.1.11388 @ 0x5abbc0
MANUAL: __cxx_global_var_init.11376 @ 0x5abc10
MANUAL: __cxx_global_var_init.1.11377 @ 0x5abc70
MANUAL: __cxx_global_var_init.11370 @ 0x5abcc0
MANUAL: __cxx_global_var_init.1.11371 @ 0x5abd20
MANUAL: __cxx_global_var_init.11360 @ 0x5abd70
MANUAL: __cxx_global_var_init.1.11361 @ 0x5abdd0
MANUAL: __cxx_global_var_init.11348 @ 0x5abe20
MANUAL: __cxx_global_var_init.1.11349 @ 0x5abe80
MANUAL: __cxx_global_var_init.11337 @ 0x5abed0
MANUAL: __cxx_global_var_init.1.11338 @ 0x5abf30
MANUAL: __cxx_global_var_init.11298 @ 0x5abf80
MANUAL: __cxx_global_var_init.1.11299 @ 0x5abfe0
MANUAL: __cxx_global_var_init.11273 @ 0x5ac030
MANUAL: __cxx_global_var_init.1.11274 @ 0x5ac090
MANUAL: __cxx_global_var_init.11264 @ 0x5ac0e0
MANUAL: __cxx_global_var_init.1.11265 @ 0x5ac140
MANUAL: __cxx_global_var_init.11238 @ 0x5ac190
MANUAL: __cxx_global_var_init.1.11239 @ 0x5ac1f0
MANUAL: __cxx_global_var_init.11210 @ 0x5ac240
MANUAL: __cxx_global_var_init.1.11211 @ 0x5ac2a0
MANUAL: __cxx_global_var_init.11183 @ 0x5ac2f0
MANUAL: __cxx_global_var_init.1.11184 @ 0x5ac350
MANUAL: __cxx_global_var_init.11146 @ 0x5ac3a0
MANUAL: __cxx_global_var_init.1.11147 @ 0x5ac400
MANUAL: __cxx_global_var_init.11105 @ 0x5ac450
MANUAL: __cxx_global_var_init.1.11106 @ 0x5ac4b0
MANUAL: __cxx_global_var_init.11055 @ 0x5ac500
MANUAL: __cxx_global_var_init.1.11056 @ 0x5ac560
MANUAL: __cxx_global_var_init.10946 @ 0x5ac5b0
MANUAL: __cxx_global_var_init.1.10947 @ 0x5ac610
MANUAL: __cxx_global_var_init.10939 @ 0x5ac660
MANUAL: __cxx_global_var_init.1.10940 @ 0x5ac6c0
MANUAL: __cxx_global_var_init.10920 @ 0x5ac710
MANUAL: __cxx_global_var_init.1.10921 @ 0x5ac770
MANUAL: __cxx_global_var_init.10880 @ 0x5ac7c0
MANUAL: __cxx_global_var_init.1.10881 @ 0x5ac820
MANUAL: __cxx_global_var_init.10863 @ 0x5ac870
MANUAL: __cxx_global_var_init.1.10864 @ 0x5ac8d0
MANUAL: __cxx_global_var_init.10847 @ 0x5ac920
MANUAL: __cxx_global_var_init.1.10848 @ 0x5ac980
MANUAL: __cxx_global_var_init.10827 @ 0x5ac9d0
MANUAL: __cxx_global_var_init.1.10828 @ 0x5aca30
MANUAL: __cxx_global_var_init.10789 @ 0x5aca80
MANUAL: __cxx_global_var_init.1.10790 @ 0x5acae0
MANUAL: __cxx_global_var_init.10755 @ 0x5acb30
MANUAL: __cxx_global_var_init.1.10756 @ 0x5acb90
MANUAL: __cxx_global_var_init.10706 @ 0x5acbe0
MANUAL: __cxx_global_var_init.1.10707 @ 0x5acc40
MANUAL: __cxx_global_var_init.10555 @ 0x5acc90
MANUAL: __cxx_global_var_init.1.10556 @ 0x5accf0
MANUAL: __cxx_global_var_init.10550 @ 0x5acd40
MANUAL: __cxx_global_var_init.1.10551 @ 0x5acda0
MANUAL: __cxx_global_var_init.10543 @ 0x5acdf0
MANUAL: __cxx_global_var_init.1.10544 @ 0x5ace50
MANUAL: __cxx_global_var_init.10533 @ 0x5acea0
MANUAL: __cxx_global_var_init.1.10534 @ 0x5acf00
MANUAL: __cxx_global_var_init.10522 @ 0x5acf50
MANUAL: __cxx_global_var_init.1.10523 @ 0x5acfb0
MANUAL: __cxx_global_var_init.10504 @ 0x5ad000
MANUAL: __cxx_global_var_init.1.10505 @ 0x5ad060
MANUAL: __cxx_global_var_init.10489 @ 0x5ad0b0
MANUAL: __cxx_global_var_init.1.10490 @ 0x5ad110
MANUAL: __cxx_global_var_init.10472 @ 0x5ad160
MANUAL: __cxx_global_var_init.1.10473 @ 0x5ad1c0
MANUAL: __cxx_global_var_init.10440 @ 0x5ad210
MANUAL: __cxx_global_var_init.1.10441 @ 0x5ad270
MANUAL: __cxx_global_var_init.10410 @ 0x5ad2c0
MANUAL: __cxx_global_var_init.1.10411 @ 0x5ad320
MANUAL: __cxx_global_var_init.10396 @ 0x5ad370
MANUAL: __cxx_global_var_init.1.10397 @ 0x5ad3d0
MANUAL: __cxx_global_var_init.10366 @ 0x5ad420
MANUAL: __cxx_global_var_init.1.10367 @ 0x5ad480
MANUAL: __cxx_global_var_init.10355 @ 0x5ad4d0
MANUAL: __cxx_global_var_init.1.10356 @ 0x5ad530
MANUAL: __cxx_global_var_init.10282 @ 0x5ad580
MANUAL: __cxx_global_var_init.1.10283 @ 0x5ad5e0
MANUAL: __cxx_global_var_init.10264 @ 0x5ad630
MANUAL: __cxx_global_var_init.1.10265 @ 0x5ad690
MANUAL: __cxx_global_var_init.10248 @ 0x5ad6e0
MANUAL: __cxx_global_var_init.1.10249 @ 0x5ad740
MANUAL: __cxx_global_var_init.10231 @ 0x5ad790
MANUAL: __cxx_global_var_init.1.10232 @ 0x5ad7f0
MANUAL: __cxx_global_var_init.10202 @ 0x5ad840
MANUAL: __cxx_global_var_init.1.10203 @ 0x5ad8a0
MANUAL: __cxx_global_var_init.10143 @ 0x5ad8f0
MANUAL: __cxx_global_var_init.1.10144 @ 0x5ad950
MANUAL: __cxx_global_var_init.10105 @ 0x5ad9a0
MANUAL: __cxx_global_var_init.1.10106 @ 0x5ada00
MANUAL: __cxx_global_var_init.10092 @ 0x5ada50
MANUAL: __cxx_global_var_init.1.10093 @ 0x5adab0
MANUAL: __cxx_global_var_init.10082 @ 0x5adb00
MANUAL: __cxx_global_var_init.1.10083 @ 0x5adb60
MANUAL: __cxx_global_var_init.9961 @ 0x5adbb0
MANUAL: __cxx_global_var_init.1.9962 @ 0x5adc10
MANUAL: __cxx_global_var_init.9950 @ 0x5adc60
MANUAL: __cxx_global_var_init.1.9951 @ 0x5adcc0
MANUAL: __cxx_global_var_init.9921 @ 0x5add10
MANUAL: __cxx_global_var_init.1.9922 @ 0x5add70
MANUAL: __cxx_global_var_init.9888 @ 0x5addc0
MANUAL: __cxx_global_var_init.1.9889 @ 0x5ade20
MANUAL: __cxx_global_var_init.9869 @ 0x5ade70
MANUAL: __cxx_global_var_init.1.9870 @ 0x5aded0
MANUAL: __cxx_global_var_init.9830 @ 0x5adf20
MANUAL: __cxx_global_var_init.1.9831 @ 0x5adf80
MANUAL: __cxx_global_var_init.9817 @ 0x5adfd0
MANUAL: __cxx_global_var_init.1.9818 @ 0x5ae030
MANUAL: __cxx_global_var_init.9804 @ 0x5ae080
MANUAL: __cxx_global_var_init.1.9805 @ 0x5ae0e0
MANUAL: __cxx_global_var_init.9792 @ 0x5ae130
MANUAL: __cxx_global_var_init.1.9793 @ 0x5ae190
MANUAL: __cxx_global_var_init.9762 @ 0x5ae1e0
MANUAL: __cxx_global_var_init.1.9763 @ 0x5ae240
MANUAL: __cxx_global_var_init.9736 @ 0x5ae290
MANUAL: __cxx_global_var_init.1.9737 @ 0x5ae2f0
MANUAL: __cxx_global_var_init.2.9738 @ 0x5ae340
MANUAL: __cxx_global_var_init.3.9739 @ 0x5ae3c0
MANUAL: __cxx_global_var_init.4.9740 @ 0x5ae440
MANUAL: __cxx_global_var_init.9723 @ 0x5ae4a0
MANUAL: __cxx_global_var_init.1.9724 @ 0x5ae500
MANUAL: __cxx_global_var_init.9714 @ 0x5ae550
MANUAL: __cxx_global_var_init.1.9715 @ 0x5ae5b0
MANUAL: __cxx_global_var_init.9709 @ 0x5ae600
MANUAL: __cxx_global_var_init.1.9710 @ 0x5ae660
MANUAL: __cxx_global_var_init.9700 @ 0x5ae6b0
MANUAL: __cxx_global_var_init.1.9701 @ 0x5ae710
MANUAL: __cxx_global_var_init.9680 @ 0x5ae760
MANUAL: __cxx_global_var_init.1.9681 @ 0x5ae7c0
MANUAL: __cxx_global_var_init.9567 @ 0x5ae810
MANUAL: __cxx_global_var_init.1.9568 @ 0x5ae870
MANUAL: __cxx_global_var_init.9557 @ 0x5ae8c0
MANUAL: __cxx_global_var_init.1.9558 @ 0x5ae920
MANUAL: __cxx_global_var_init.9526 @ 0x5ae970
MANUAL: __cxx_global_var_init.1.9527 @ 0x5ae9d0
MANUAL: __cxx_global_var_init.9482 @ 0x5aea20
MANUAL: __cxx_global_var_init.1.9483 @ 0x5aea80
MANUAL: __cxx_global_var_init.9449 @ 0x5aead0
MANUAL: __cxx_global_var_init.1.9450 @ 0x5aeb30
MANUAL: __cxx_global_var_init.9441 @ 0x5aeb80
MANUAL: __cxx_global_var_init.1.9442 @ 0x5aebe0
MANUAL: __cxx_global_var_init.9405 @ 0x5aec30
MANUAL: __cxx_global_var_init.1.9406 @ 0x5aec90
MANUAL: __cxx_global_var_init.9373 @ 0x5aece0
MANUAL: __cxx_global_var_init.1.9374 @ 0x5aed40
MANUAL: __cxx_global_var_init.9337 @ 0x5aed90
MANUAL: __cxx_global_var_init.1.9338 @ 0x5aedf0
MANUAL: __cxx_global_var_init.9312 @ 0x5aee40
MANUAL: __cxx_global_var_init.1.9313 @ 0x5aeea0
MANUAL: __cxx_global_var_init.9280 @ 0x5aeef0
MANUAL: __cxx_global_var_init.1.9281 @ 0x5aef50
MANUAL: __cxx_global_var_init.9261 @ 0x5aefa0
MANUAL: __cxx_global_var_init.1.9262 @ 0x5af000
MANUAL: __cxx_global_var_init.9181 @ 0x5af050
MANUAL: __cxx_global_var_init.1.9182 @ 0x5af0b0
MANUAL: __cxx_global_var_init.9146 @ 0x5af100
MANUAL: __cxx_global_var_init.1.9147 @ 0x5af160
MANUAL: __cxx_global_var_init.9121 @ 0x5af1b0
MANUAL: __cxx_global_var_init.1.9122 @ 0x5af210
MANUAL: __cxx_global_var_init.2.9123 @ 0x5af260
MANUAL: __cxx_global_var_init.9111 @ 0x5af2b0
MANUAL: __cxx_global_var_init.1.9112 @ 0x5af310
MANUAL: __cxx_global_var_init.9069 @ 0x5af360
MANUAL: __cxx_global_var_init.1.9070 @ 0x5af3c0
MANUAL: __cxx_global_var_init.9.9071 @ 0x5af410
MANUAL: __cxx_global_var_init.9043 @ 0x5af460
MANUAL: __cxx_global_var_init.1.9044 @ 0x5af4c0
MANUAL: __cxx_global_var_init.9034 @ 0x5af510
MANUAL: __cxx_global_var_init.1.9035 @ 0x5af570
MANUAL: __cxx_global_var_init.9019 @ 0x5af5c0
MANUAL: __cxx_global_var_init.1.9020 @ 0x5af620
MANUAL: __cxx_global_var_init.9012 @ 0x5af670
MANUAL: __cxx_global_var_init.1.9013 @ 0x5af6d0
MANUAL: __cxx_global_var_init.8999 @ 0x5af720
MANUAL: __cxx_global_var_init.1.9000 @ 0x5af780
MANUAL: __cxx_global_var_init.8989 @ 0x5af7d0
MANUAL: __cxx_global_var_init.1.8990 @ 0x5af830
MANUAL: __cxx_global_var_init.8979 @ 0x5af880
MANUAL: __cxx_global_var_init.1.8980 @ 0x5af8e0
MANUAL: __cxx_global_var_init.8973 @ 0x5af930
MANUAL: __cxx_global_var_init.1.8974 @ 0x5af990
MANUAL: __cxx_global_var_init.8966 @ 0x5af9e0
MANUAL: __cxx_global_var_init.1.8967 @ 0x5afa40
MANUAL: __cxx_global_var_init.8957 @ 0x5afa90
MANUAL: __cxx_global_var_init.1.8958 @ 0x5afaf0
MANUAL: __cxx_global_var_init.8950 @ 0x5afb40
MANUAL: __cxx_global_var_init.1.8951 @ 0x5afba0
MANUAL: __cxx_global_var_init.8943 @ 0x5afbf0
MANUAL: __cxx_global_var_init.1.8944 @ 0x5afc50
MANUAL: __cxx_global_var_init.8910 @ 0x5afca0
MANUAL: __cxx_global_var_init.1.8911 @ 0x5afd00
MANUAL: __cxx_global_var_init.8887 @ 0x5afd50
MANUAL: __cxx_global_var_init.1.8888 @ 0x5afdb0
MANUAL: __cxx_global_var_init.8828 @ 0x5afe00
MANUAL: __cxx_global_var_init.1.8829 @ 0x5afe60
MANUAL: __cxx_global_var_init.8786 @ 0x5afeb0
MANUAL: __cxx_global_var_init.1.8787 @ 0x5aff10
MANUAL: __cxx_global_var_init.8751 @ 0x5aff60
MANUAL: __cxx_global_var_init.1.8752 @ 0x5affc0
MANUAL: __cxx_global_var_init.8730 @ 0x5b0010
MANUAL: __cxx_global_var_init.1.8731 @ 0x5b0070
MANUAL: __cxx_global_var_init.8722 @ 0x5b00c0
MANUAL: __cxx_global_var_init.1.8723 @ 0x5b0120
MANUAL: __cxx_global_var_init.8708 @ 0x5b0170
MANUAL: __cxx_global_var_init.1.8709 @ 0x5b01d0
MANUAL: __cxx_global_var_init.8649 @ 0x5b0220
MANUAL: __cxx_global_var_init.1.8650 @ 0x5b0280
MANUAL: __cxx_global_var_init.2.8651 @ 0x5b02d0
MANUAL: __cxx_global_var_init.3.8652 @ 0x5b0310
MANUAL: __cxx_global_var_init.4.8653 @ 0x5b0380
MANUAL: __cxx_global_var_init.5.8654 @ 0x5b03c0
MANUAL: __cxx_global_var_init.6.8655 @ 0x5b0400
MANUAL: _ZN21AP_Filesystem_MissionC2Ev @ 0xa61bc0
MANUAL: _ZN21AP_Filesystem_BackendC2Ev @ 0xa61c30
MANUAL: _ZNK15ExpandingString10get_lengthEv @ 0xa620b0
MANUAL: _ZN15ExpandingStringC2Ev @ 0xa621a0
MANUAL: _ZN17AP_Filesystem_SysC2Ev @ 0xa624a0
MANUAL: _ZN17AP_Filesystem_Sys4openEPKcib @ 0x6ba160
MANUAL: _ZN17AP_Filesystem_Sys13file_in_sysfsEPKc @ 0x6baed0
MANUAL: _ZNK15ExpandingString21has_failed_allocationEv @ 0xa62510
MANUAL: _ZN19AP_Filesystem_ParamC2Ev @ 0xa62620
MANUAL: _ZN19AP_Filesystem_Param4openEPKcib @ 0x6bb6a0
MANUAL: _ZN19AP_Filesystem_Param5closeEi @ 0x6bbb80
MANUAL: _ZN19AP_Filesystem_Param4readEiPvj @ 0x6bbcf0
MANUAL: _ZN19AP_Filesystem_Param5lseekEiii @ 0x6bc6e0
MANUAL: _ZN19AP_Filesystem_Param4statEPKcP4stat @ 0x6bc830
MANUAL: _ZN19AP_Filesystem_Param15check_file_nameEPKc @ 0x6bc900
MANUAL: _ZN19AP_Filesystem_Param6headerC2Ev @ 0xa62690
MANUAL: _ZL3MINIjjEDTqultfp_fp0_fp_fp0_ERKT_RKT0_.8715 @ 0x6bc9b0
MANUAL: _ZL3MINImjEDTqultfp_fp0_fp_fp0_ERKT_RKT0_.8716 @ 0x6bca30
MANUAL: _ZL3MINIhjEDTqultfp_fp0_fp_fp0_ERKT_RKT0_.8717 @ 0x6bcd30
MANUAL: _ZN19AP_Filesystem_Param10pack_paramERKNS_5rfileERNS_6cursorEPh @ 0x6bcdb0
MANUAL: _ZN8AP_Param16invalidate_countEv @ 0x6bd370
MANUAL: _ZN8AP_Param9save_syncEbb @ 0x6bda50
MANUAL: _ZN19AP_Filesystem_ROMFSC2Ev @ 0xa62740
MANUAL: _ZN19AP_Filesystem_ROMFS4statEPKcP4stat @ 0x6be760
MANUAL: _ZN8AP_ROMFS9find_fileEPKc @ 0x6bf370
MANUAL: _ZN8AP_ROMFS9find_sizeEPKcRj @ 0x6c0940
MANUAL: _ZN13AP_FilesystemC2Ev @ 0xa62820
MANUAL: __cxx_global_var_init.8636 @ 0x5b0440
MANUAL: __cxx_global_var_init.1.8637 @ 0x5b04a0
MANUAL: __cxx_global_var_init.8497 @ 0x5b04f0
MANUAL: __cxx_global_var_init.1.8498 @ 0x5b0550
MANUAL: __cxx_global_var_init.8468 @ 0x5b05a0
MANUAL: __cxx_global_var_init.1.8469 @ 0x5b0600
MANUAL: __cxx_global_var_init.8433 @ 0x5b0650
MANUAL: __cxx_global_var_init.1.8434 @ 0x5b06b0
MANUAL: __cxx_global_var_init.8423 @ 0x5b0700
MANUAL: __cxx_global_var_init.1.8424 @ 0x5b0760
MANUAL: __cxx_global_var_init.8401 @ 0x5b07b0
MANUAL: __cxx_global_var_init.1.8402 @ 0x5b0810
MANUAL: __cxx_global_var_init.8351 @ 0x5b0860
MANUAL: __cxx_global_var_init.1.8352 @ 0x5b08c0
MANUAL: __cxx_global_var_init.8334 @ 0x5b0910
MANUAL: __cxx_global_var_init.1.8335 @ 0x5b0970
MANUAL: __cxx_global_var_init.8300 @ 0x5b09c0
MANUAL: __cxx_global_var_init.1.8301 @ 0x5b0a20
MANUAL: __cxx_global_var_init.8274 @ 0x5b0a70
MANUAL: __cxx_global_var_init.1.8275 @ 0x5b0ad0
MANUAL: __cxx_global_var_init.8249 @ 0x5b0b20
MANUAL: __cxx_global_var_init.1.8250 @ 0x5b0b80
MANUAL: __cxx_global_var_init.8218 @ 0x5b0bd0
MANUAL: __cxx_global_var_init.1.8219 @ 0x5b0c30
MANUAL: __cxx_global_var_init.8144 @ 0x5b0c80
MANUAL: __cxx_global_var_init.1.8145 @ 0x5b0ce0
MANUAL: __cxx_global_var_init.2.8146 @ 0x5b0d30
MANUAL: _ZN13StorageAccessC2EN14StorageManager11StorageTypeE @ 0x6c0a50
MANUAL: __cxx_global_var_init.8082 @ 0x5b0d70
MANUAL: __cxx_global_var_init.1.8083 @ 0x5b0dd0
MANUAL: __cxx_global_var_init.8050 @ 0x5b0e20
MANUAL: __cxx_global_var_init.1.8051 @ 0x5b0e80
MANUAL: __cxx_global_var_init.8019 @ 0x5b0ed0
MANUAL: __cxx_global_var_init.1.8020 @ 0x5b0f30
MANUAL: __cxx_global_var_init.8009 @ 0x5b0f80
MANUAL: __cxx_global_var_init.1.8010 @ 0x5b0fe0
MANUAL: __cxx_global_var_init.7996 @ 0x5b1030
MANUAL: __cxx_global_var_init.1.7997 @ 0x5b1090
MANUAL: __cxx_global_var_init.7985 @ 0x5b10e0
MANUAL: __cxx_global_var_init.1.7986 @ 0x5b1140
MANUAL: __cxx_global_var_init.7954 @ 0x5b1190
MANUAL: __cxx_global_var_init.1.7955 @ 0x5b11f0
MANUAL: __cxx_global_var_init.7949 @ 0x5b1240
MANUAL: __cxx_global_var_init.1.7950 @ 0x5b12a0
MANUAL: __cxx_global_var_init.7942 @ 0x5b12f0
MANUAL: __cxx_global_var_init.1.7943 @ 0x5b1350
MANUAL: __cxx_global_var_init.7935 @ 0x5b13a0
MANUAL: __cxx_global_var_init.1.7936 @ 0x5b1400
MANUAL: __cxx_global_var_init.7923 @ 0x5b1450
MANUAL: __cxx_global_var_init.1.7924 @ 0x5b14b0
MANUAL: __cxx_global_var_init.7917 @ 0x5b1500
MANUAL: __cxx_global_var_init.1.7918 @ 0x5b1560
MANUAL: __cxx_global_var_init.7910 @ 0x5b15b0
MANUAL: __cxx_global_var_init.1.7911 @ 0x5b1610
MANUAL: __cxx_global_var_init.7894 @ 0x5b1660
MANUAL: __cxx_global_var_init.1.7895 @ 0x5b16c0
MANUAL: __cxx_global_var_init.7867 @ 0x5b1710
MANUAL: __cxx_global_var_init.1.7868 @ 0x5b1770
MANUAL: __cxx_global_var_init.7860 @ 0x5b17c0
MANUAL: __cxx_global_var_init.1.7861 @ 0x5b1820
MANUAL: __cxx_global_var_init.7846 @ 0x5b1870
MANUAL: __cxx_global_var_init.1.7847 @ 0x5b18d0
MANUAL: __cxx_global_var_init.7841 @ 0x5b1920
MANUAL: __cxx_global_var_init.1.7842 @ 0x5b1980
MANUAL: __cxx_global_var_init.7833 @ 0x5b19d0
MANUAL: __cxx_global_var_init.1.7834 @ 0x5b1a30
MANUAL: __cxx_global_var_init.7825 @ 0x5b1a80
MANUAL: __cxx_global_var_init.1.7826 @ 0x5b1ae0
MANUAL: __cxx_global_var_init.7818 @ 0x5b1b30
MANUAL: __cxx_global_var_init.1.7819 @ 0x5b1b90
MANUAL: __cxx_global_var_init.7780 @ 0x5b1be0
MANUAL: __cxx_global_var_init.1.7781 @ 0x5b1c40
MANUAL: __cxx_global_var_init.7771 @ 0x5b1c90
MANUAL: __cxx_global_var_init.1.7772 @ 0x5b1cf0
MANUAL: __cxx_global_var_init.7760 @ 0x5b1d40
MANUAL: __cxx_global_var_init.1.7761 @ 0x5b1da0
MANUAL: __cxx_global_var_init.7755 @ 0x5b1df0
MANUAL: __cxx_global_var_init.1.7756 @ 0x5b1e50
MANUAL: __cxx_global_var_init.7718 @ 0x5b1ea0
MANUAL: __cxx_global_var_init.1.7719 @ 0x5b1f00
MANUAL: __cxx_global_var_init.7678 @ 0x5b1f50
MANUAL: __cxx_global_var_init.1.7679 @ 0x5b1fb0
MANUAL: __cxx_global_var_init.7664 @ 0x5b2000
MANUAL: __cxx_global_var_init.1.7665 @ 0x5b2060
MANUAL: __cxx_global_var_init.7659 @ 0x5b20b0
MANUAL: __cxx_global_var_init.1.7660 @ 0x5b2110
MANUAL: __cxx_global_var_init.7638 @ 0x5b2160
MANUAL: __cxx_global_var_init.1.7639 @ 0x5b21c0
MANUAL: __cxx_global_var_init.7610 @ 0x5b2210
MANUAL: __cxx_global_var_init.1.7611 @ 0x5b2270
MANUAL: __cxx_global_var_init.7593 @ 0x5b22c0
MANUAL: __cxx_global_var_init.1.7594 @ 0x5b2320
MANUAL: __cxx_global_var_init.7579 @ 0x5b2370
MANUAL: __cxx_global_var_init.1.7580 @ 0x5b23d0
MANUAL: __cxx_global_var_init.7567 @ 0x5b2420
MANUAL: __cxx_global_var_init.1.7568 @ 0x5b2480
MANUAL: __cxx_global_var_init.7560 @ 0x5b24d0
MANUAL: __cxx_global_var_init.1.7561 @ 0x5b2530
MANUAL: __cxx_global_var_init.7551 @ 0x5b2580
MANUAL: __cxx_global_var_init.1.7552 @ 0x5b25e0
MANUAL: __cxx_global_var_init.7539 @ 0x5b2630
MANUAL: __cxx_global_var_init.1.7540 @ 0x5b2690
MANUAL: __cxx_global_var_init.7501 @ 0x5b26e0
MANUAL: __cxx_global_var_init.1.7502 @ 0x5b2740
MANUAL: __cxx_global_var_init.7488 @ 0x5b2790
MANUAL: __cxx_global_var_init.1.7489 @ 0x5b27f0
MANUAL: __cxx_global_var_init.7467 @ 0x5b2840
MANUAL: __cxx_global_var_init.1.7468 @ 0x5b28a0
MANUAL: __cxx_global_var_init.7451 @ 0x5b28f0
MANUAL: __cxx_global_var_init.1.7452 @ 0x5b2950
MANUAL: __cxx_global_var_init.7434 @ 0x5b29a0
MANUAL: __cxx_global_var_init.1.7435 @ 0x5b2a00
MANUAL: __cxx_global_var_init.7405 @ 0x5b2a50
MANUAL: __cxx_global_var_init.1.7406 @ 0x5b2ab0
MANUAL: __cxx_global_var_init.7388 @ 0x5b2b00
MANUAL: __cxx_global_var_init.1.7389 @ 0x5b2b60
MANUAL: __cxx_global_var_init.7381 @ 0x5b2bb0
MANUAL: __cxx_global_var_init.1.7382 @ 0x5b2c10
MANUAL: __cxx_global_var_init.7361 @ 0x5b2c60
MANUAL: __cxx_global_var_init.1.7362 @ 0x5b2cc0
MANUAL: __cxx_global_var_init.7337 @ 0x5b2d10
MANUAL: __cxx_global_var_init.1.7338 @ 0x5b2d70
MANUAL: __cxx_global_var_init.7260 @ 0x5b2dc0
MANUAL: __cxx_global_var_init.1.7261 @ 0x5b2e20
MANUAL: __cxx_global_var_init.7240 @ 0x5b2e70
MANUAL: __cxx_global_var_init.1.7241 @ 0x5b2ed0
MANUAL: __cxx_global_var_init.7213 @ 0x5b2f20
MANUAL: __cxx_global_var_init.1.7214 @ 0x5b2f80
MANUAL: __cxx_global_var_init.7168 @ 0x5b2fd0
MANUAL: __cxx_global_var_init.1.7169 @ 0x5b3030
MANUAL: __cxx_global_var_init.52 @ 0x5b3080
MANUAL: __cxx_global_var_init.2.7170 @ 0x5b30d0
MANUAL: __cxx_global_var_init.7138 @ 0x5b3140
MANUAL: __cxx_global_var_init.1.7139 @ 0x5b31a0
MANUAL: __cxx_global_var_init.7118 @ 0x5b31f0
MANUAL: __cxx_global_var_init.1.7119 @ 0x5b3250
MANUAL: __cxx_global_var_init.11 @ 0x5b32a0
MANUAL: __cxx_global_var_init.7062 @ 0x5b32f0
MANUAL: __cxx_global_var_init.1.7063 @ 0x5b3350
MANUAL: __cxx_global_var_init.43 @ 0x5b33a0
MANUAL: __cxx_global_var_init.7012 @ 0x5b33f0
MANUAL: __cxx_global_var_init.1.7013 @ 0x5b3450
MANUAL: __cxx_global_var_init.7006 @ 0x5b34a0
MANUAL: __cxx_global_var_init.1.7007 @ 0x5b3500
MANUAL: __cxx_global_var_init.23 @ 0x5b3550
MANUAL: __cxx_global_var_init.6969 @ 0x5b35a0
MANUAL: __cxx_global_var_init.1.6970 @ 0x5b3600
MANUAL: __cxx_global_var_init.6960 @ 0x5b3650
MANUAL: __cxx_global_var_init.1.6961 @ 0x5b36b0
MANUAL: __cxx_global_var_init.6952 @ 0x5b3700
MANUAL: __cxx_global_var_init.1.6953 @ 0x5b3760
MANUAL: __cxx_global_var_init.6940 @ 0x5b37b0
MANUAL: __cxx_global_var_init.1.6941 @ 0x5b3810
MANUAL: __cxx_global_var_init.6928 @ 0x5b3860
MANUAL: __cxx_global_var_init.1.6929 @ 0x5b38c0
MANUAL: __cxx_global_var_init.6904 @ 0x5b3910
MANUAL: __cxx_global_var_init.1.6905 @ 0x5b3970
MANUAL: __cxx_global_var_init.6895 @ 0x5b39c0
MANUAL: __cxx_global_var_init.1.6896 @ 0x5b3a20
MANUAL: __cxx_global_var_init.6888 @ 0x5b3a70
MANUAL: __cxx_global_var_init.1.6889 @ 0x5b3ad0
MANUAL: __cxx_global_var_init.6825 @ 0x5b3b20
MANUAL: __cxx_global_var_init.1.6826 @ 0x5b3b80
MANUAL: __cxx_global_var_init.7.6827 @ 0x5b3bd0
MANUAL: __cxx_global_var_init.6804 @ 0x5b3c20
MANUAL: __cxx_global_var_init.1.6805 @ 0x5b3c80
MANUAL: __cxx_global_var_init.6709 @ 0x5b3cd0
MANUAL: __cxx_global_var_init.1.6710 @ 0x5b3d30
MANUAL: __cxx_global_var_init.6683 @ 0x5b3d80
MANUAL: __cxx_global_var_init.1.6684 @ 0x5b3de0
MANUAL: __cxx_global_var_init.6666 @ 0x5b3e30
MANUAL: __cxx_global_var_init.1.6667 @ 0x5b3e90
MANUAL: __cxx_global_var_init.6661 @ 0x5b3ee0
MANUAL: __cxx_global_var_init.1.6662 @ 0x5b3f40
MANUAL: __cxx_global_var_init.6653 @ 0x5b3f90
MANUAL: __cxx_global_var_init.1.6654 @ 0x5b3ff0
MANUAL: __cxx_global_var_init.6646 @ 0x5b4040
MANUAL: __cxx_global_var_init.1.6647 @ 0x5b40a0
MANUAL: __cxx_global_var_init.6639 @ 0x5b40f0
MANUAL: __cxx_global_var_init.1.6640 @ 0x5b4150
MANUAL: __cxx_global_var_init.6632 @ 0x5b41a0
MANUAL: __cxx_global_var_init.1.6633 @ 0x5b4200
MANUAL: __cxx_global_var_init.6622 @ 0x5b4250
MANUAL: __cxx_global_var_init.1.6623 @ 0x5b42b0
MANUAL: __cxx_global_var_init.2.6624 @ 0x5b4300
MANUAL: __cxx_global_var_init.6613 @ 0x5b4370
MANUAL: __cxx_global_var_init.1.6614 @ 0x5b43d0
MANUAL: __cxx_global_var_init.6606 @ 0x5b4420
MANUAL: __cxx_global_var_init.1.6607 @ 0x5b4480
MANUAL: __cxx_global_var_init.6573 @ 0x5b44d0
MANUAL: __cxx_global_var_init.1.6574 @ 0x5b4530
MANUAL: __cxx_global_var_init.6534 @ 0x5b4580
MANUAL: __cxx_global_var_init.1.6535 @ 0x5b45e0
MANUAL: __cxx_global_var_init.6518 @ 0x5b4630
MANUAL: __cxx_global_var_init.1.6519 @ 0x5b4690
MANUAL: __cxx_global_var_init.2.6520 @ 0x5b46e0
MANUAL: _ZN7BitmaskILt190EEC2Ev @ 0xa62870
MANUAL: __cxx_global_var_init.6420 @ 0x5b4720
MANUAL: __cxx_global_var_init.1.6421 @ 0x5b4780
MANUAL: __cxx_global_var_init.6374 @ 0x5b47d0
MANUAL: __cxx_global_var_init.1.6375 @ 0x5b4830
MANUAL: __cxx_global_var_init.6252 @ 0x5b4880
MANUAL: __cxx_global_var_init.1.6253 @ 0x5b48e0
MANUAL: __cxx_global_var_init.2.6254 @ 0x5b4930
MANUAL: _ZN10RC_ChannelC2Ev @ 0x6c0b30
MANUAL: _ZN10RC_ChannelUt_C2Ev @ 0xa628c0
MANUAL: _ZN10RC_Channel17init_aux_functionENS_8AUX_FUNCENS_12AuxSwitchPosE @ 0x6c0c20
MANUAL: _ZN9AP_Camera13get_singletonEv @ 0xa62b80
MANUAL: _ZN6AP_DAL10log_event3ENS_5EventE @ 0x6c3630
MANUAL: _ZN6AP_DAL9end_frameEv @ 0x6c3710
MANUAL: _ZN6AP_DAL15WriteLogMessageE11LogMessagesPvPKvh @ 0x6c3790
MANUAL: _ZNK9AP_Logger10log_replayEv @ 0xa62dc0
MANUAL: _ZN6AP_DAL10log_event2ENS_5EventE @ 0x6c3a50
MANUAL: _ZNK7NavEKF317option_is_enabledENS_6OptionE @ 0xa62e20
MANUAL: _ZNK6AP_DAL6millisEv @ 0xa62ea0
MANUAL: _ZNK12NavEKF3_core14getEulerAnglesER7Vector3IfE @ 0x6c4860
MANUAL: _ZNK11QuaternionTIdE8to_eulerER7Vector3IfE @ 0xa63040
MANUAL: _ZNK6AP_DAL8get_trimEv @ 0xa630c0
MANUAL: _ZNK11QuaternionTIdE8to_eulerERfS1_S1_ @ 0xa63120
MANUAL: _ZNK11QuaternionTIdE14get_euler_rollEv @ 0xa631e0
MANUAL: _ZNK11QuaternionTIdE15get_euler_pitchEv @ 0xa63290
MANUAL: _ZNK11QuaternionTIdE13get_euler_yawEv @ 0xa63310
MANUAL: _Z9safe_asinIdEfT_ @ 0xa633c0
MANUAL: _ZNK12NavEKF3_core20assume_zero_sideslipEv @ 0x6c49c0
MANUAL: _ZN6AP_DAL8airspeedEv @ 0xa634a0
MANUAL: _ZNK6AP_DAL15get_fly_forwardEv @ 0xa63540
MANUAL: _ZN19RestrictIDTypeArrayIP17CompassCalibratorLj3E14typesafe_indexIh12TAG_PriorityEEixERKS4_ @ 0xa636c0
MANUAL: _ZNK7Compass10option_setENS_6OptionE @ 0xa63740
MANUAL: _ZN2AP6cameraEv @ 0x6cda90
MANUAL: _ZNK9AP_Logger10should_logEj @ 0x6ce910
MANUAL: _ZN3GCS12send_messageE10ap_message @ 0x6cf1b0
MANUAL: _ZNK6AP_GPS15time_epoch_usecEh @ 0x6cf260
MANUAL: _ZNK14AP_GPS_Backend16get_last_itow_msEv @ 0x6cf3d0
MANUAL: _ZN6AP_GPS23istate_time_to_epoch_msEtj @ 0x6cf490
MANUAL: _ZN10AC_Sprayer3runEb @ 0x6cf9a0
MANUAL: _ZN12SRV_Channels16set_output_limitEN11SRV_Channel8FunctionENS0_5LimitE @ 0x6cfaf0
MANUAL: _ZNK11SRV_Channel13get_limit_pwmENS_5LimitE @ 0x6cfc20
MANUAL: _ZN11SRV_Channel14set_output_pwmEtb @ 0x6cfd70
MANUAL: _ZNK7Vector2IfE6is_nanEv @ 0xa650b0
MANUAL: _ZN13AP_ParamTBaseIiL11ap_var_type3EE14set_and_notifyERKi @ 0xa651c0
MANUAL: _ZN8AP_Relay19set_pin_by_instanceEhb @ 0x6dce60
MANUAL: _ZNK8AP_Relay7get_pinEs @ 0x6dd030
MANUAL: _ZN8AP_Relay7set_pinEsb @ 0x6dd150
MANUAL: _ZN9AP_Logger5WriteEPKcS1_S1_S1_S1_z @ 0x6dd280
MANUAL: _ZN2AP7gripperEv @ 0x6dd930
MANUAL: _ZNK10AP_Gripper7enabledEv @ 0xa65c60
MANUAL: _ZN10AP_Gripper13get_singletonEv @ 0x6dda70
MANUAL: __cxx_global_var_init.6241 @ 0x5b4970
MANUAL: __cxx_global_var_init.1.6242 @ 0x5b49d0
MANUAL: __cxx_global_var_init.6210 @ 0x5b4a20
MANUAL: __cxx_global_var_init.1.6211 @ 0x5b4a80
MANUAL: __cxx_global_var_init.6173 @ 0x5b4ad0
MANUAL: __cxx_global_var_init.1.6174 @ 0x5b4b30
MANUAL: __cxx_global_var_init.2.6175 @ 0x5b4b80
MANUAL: _ZN11GCS_MAVLINK15LastRadioStatusC2Ev @ 0xa65f70
MANUAL: __cxx_global_var_init.6006 @ 0x5b4bc0
MANUAL: __cxx_global_var_init.1.6007 @ 0x5b4c20
MANUAL: __cxx_global_var_init.5974 @ 0x5b4c70
MANUAL: __cxx_global_var_init.1.5975 @ 0x5b4cd0
MANUAL: __cxx_global_var_init.5964 @ 0x5b4d20
MANUAL: __cxx_global_var_init.1.5965 @ 0x5b4d80
MANUAL: __cxx_global_var_init.2.5966 @ 0x5b4dd0
MANUAL: __cxx_global_var_init.5952 @ 0x5b4e10
MANUAL: __cxx_global_var_init.1.5953 @ 0x5b4e70
MANUAL: __cxx_global_var_init.2.5954 @ 0x5b4ec0
MANUAL: __cxx_global_var_init.3.5955 @ 0x5b4f40
MANUAL: _ZN12ObjectBufferIN11GCS_MAVLINK19pending_param_replyEEC2Ej @ 0xa65fc0
MANUAL: _ZN12ObjectBufferIN11GCS_MAVLINK21pending_param_requestEEC2Ej @ 0xa66110
MANUAL: __cxx_global_var_init.5935 @ 0x5b4fc0
MANUAL: __cxx_global_var_init.1.5936 @ 0x5b5020
MANUAL: __cxx_global_var_init.2.5937 @ 0x5b5070
MANUAL: __cxx_global_var_init.3.5938 @ 0x5b5110
MANUAL: _ZN15MAVLink_routingC2Ev @ 0x6ddd60
MANUAL: __cxx_global_var_init.5894 @ 0x5b51e0
MANUAL: __cxx_global_var_init.1.5895 @ 0x5b5240
MANUAL: __cxx_global_var_init.5871 @ 0x5b5290
MANUAL: __cxx_global_var_init.1.5872 @ 0x5b52f0
MANUAL: __cxx_global_var_init.2.5873 @ 0x5b5340
MANUAL: __cxx_global_var_init.5863 @ 0x5b5390
MANUAL: __cxx_global_var_init.1.5864 @ 0x5b53f0
MANUAL: __cxx_global_var_init.5834 @ 0x5b5440
MANUAL: __cxx_global_var_init.1.5835 @ 0x5b54a0
MANUAL: __cxx_global_var_init.5823 @ 0x5b54f0
MANUAL: __cxx_global_var_init.1.5824 @ 0x5b5550
MANUAL: __cxx_global_var_init.5816 @ 0x5b55a0
MANUAL: __cxx_global_var_init.1.5817 @ 0x5b5600
MANUAL: __cxx_global_var_init.5803 @ 0x5b5650
MANUAL: __cxx_global_var_init.1.5804 @ 0x5b56b0
MANUAL: __cxx_global_var_init.5787 @ 0x5b5700
MANUAL: __cxx_global_var_init.1.5788 @ 0x5b5760
MANUAL: __cxx_global_var_init.5763 @ 0x5b57b0
MANUAL: __cxx_global_var_init.1.5764 @ 0x5b5810
MANUAL: __cxx_global_var_init.9 @ 0x5b5860
MANUAL: __cxx_global_var_init.5737 @ 0x5b58b0
MANUAL: __cxx_global_var_init.1.5738 @ 0x5b5910
MANUAL: __cxx_global_var_init.5691 @ 0x5b5960
MANUAL: __cxx_global_var_init.1.5692 @ 0x5b59c0
MANUAL: __cxx_global_var_init.5543 @ 0x5b5a10
MANUAL: __cxx_global_var_init.1.5544 @ 0x5b5a70
MANUAL: __cxx_global_var_init.111 @ 0x5b5ac0
MANUAL: __cxx_global_var_init.5508 @ 0x5b5b10
MANUAL: __cxx_global_var_init.1.5509 @ 0x5b5b70
MANUAL: __cxx_global_var_init.5427 @ 0x5b5bc0
MANUAL: __cxx_global_var_init.1.5428 @ 0x5b5c20
MANUAL: __cxx_global_var_init.31 @ 0x5b5c70
MANUAL: _ZN7FunctorIvJEE4bindI10AP_GyroFFTXadL_ZNS2_12sample_gyrosEvEEEES0_PT_ @ 0xa66260
MANUAL: _ZN7FunctorIvJEE4bindI11AP_AirspeedXadL_ZNS2_6updateEvEEEES0_PT_ @ 0xa662c0
MANUAL: _ZN7FunctorIvJEE4bindI7CompassXadL_ZNS2_10cal_updateEvEEEES0_PT_ @ 0xa66320
MANUAL: _ZN7FunctorIvJEE4bindI9AP_NotifyXadL_ZNS2_6updateEvEEEES0_PT_ @ 0xa66380
MANUAL: _ZN7FunctorIvJEE4bindI14AP_NMEA_OutputXadL_ZNS2_6updateEvEEEES0_PT_ @ 0xa663e0
MANUAL: _ZN7FunctorIvJEE4bindI10AP_GyroFFTXadL_ZNS2_6updateEvEEEES0_PT_ @ 0xa66440
MANUAL: _ZN7FunctorIvJEE4bindI10AP_GyroFFTXadL_ZNS2_17update_parametersEvEEEES0_PT_ @ 0xa664a0
MANUAL: _ZN7FunctorIvJEE4bindI10AP_VehicleXadL_ZNS2_38update_dynamic_notch_at_specified_rateEvEEEES0_PT_ @ 0xa66500
MANUAL: _ZN7FunctorIvJEE4bindI10AP_VideoTXXadL_ZNS2_6updateEvEEEES0_PT_ @ 0xa66560
MANUAL: _ZN7FunctorIvJEE4bindI8AP_TrampXadL_ZNS2_6updateEvEEEES0_PT_ @ 0xa665c0
MANUAL: _ZN7FunctorIvJEE4bindI10AP_VehicleXadL_ZNS2_30send_watchdog_reset_statustextEvEEEES0_PT_ @ 0xa66620
MANUAL: _ZN7FunctorIvJEE4bindI12AP_ESC_TelemXadL_ZNS2_6updateEvEEEES0_PT_ @ 0xa66680
MANUAL: _ZN7FunctorIvJEE4bindI14AP_Servo_TelemXadL_ZNS2_6updateEvEEEES0_PT_ @ 0xa666e0
MANUAL: _ZN7FunctorIvJEE4bindI12AP_GeneratorXadL_ZNS2_6updateEvEEEES0_PT_ @ 0xa66740
MANUAL: _ZN7FunctorIvJEE4bindI14AP_OpenDroneIDXadL_ZNS2_6updateEvEEEES0_PT_ @ 0xa667a0
MANUAL: _ZN7FunctorIvJEE4bindI6AP_RPMXadL_ZNS2_6updateEvEEEES0_PT_ @ 0xa66800
MANUAL: _ZN7FunctorIvJEE4bindI10AP_VehicleXadL_ZNS2_16publish_osd_infoEvEEEES0_PT_ @ 0xa66860
MANUAL: _ZN7FunctorIvJEE4bindI20AP_TemperatureSensorXadL_ZNS2_6updateEvEEEES0_PT_ @ 0xa668c0
MANUAL: _ZN7FunctorIvJEE4bindI10AP_VehicleXadL_ZNS2_16accel_cal_updateEvEEEES0_PT_ @ 0xa66920
MANUAL: _ZN7FunctorIvJEE4bindI8AC_FenceXadL_ZNS2_6updateEvEEEES0_PT_ @ 0xa66980
MANUAL: _ZN7FunctorIvJEE4bindI6AP_AISXadL_ZNS2_6updateEvEEEES0_PT_ @ 0xa669e0
MANUAL: _ZN7FunctorIvJEE4bindI6AP_EFIXadL_ZNS2_6updateEvEEEES0_PT_ @ 0xa66a40
MANUAL: _ZN7FunctorIvJEE4bindI10AP_GripperXadL_ZNS2_6updateEvEEEES0_PT_ @ 0xa66aa0
MANUAL: _ZN7FunctorIvJEE4bindI10AP_VehicleXadL_ZNS2_13one_Hz_updateEvEEEES0_PT_ @ 0xa66b00
MANUAL: _ZN7FunctorIvJEE4bindI10AP_VehicleXadL_ZNS2_17check_motor_noiseEvEEEES0_PT_ @ 0xa66b60
MANUAL: _ZN7FunctorIvJEE4bindI10AP_FiltersXadL_ZNS2_6updateEvEEEES0_PT_ @ 0xa66bc0
MANUAL: _ZN7FunctorIvJEE4bindI8AP_StatsXadL_ZNS2_6updateEvEEEES0_PT_ @ 0xa66c20
MANUAL: _ZN7FunctorIvJEE4bindI10AP_VehicleXadL_ZNS2_13update_armingEvEEEES0_PT_ @ 0xa66c80
MANUAL: _ZN10AP_Vehicle13update_armingEv @ 0x6dddb0
MANUAL: _ZN7FunctorIvJEE14method_wrapperI10AP_VehicleXadL_ZNS2_13update_armingEvEEEEvPv @ 0xa66ce0
MANUAL: _ZN9AP_Arming6updateEv @ 0x6dde00
MANUAL: _ZN8AP_Stats6updateEv @ 0x6ddef0
MANUAL: _ZN7FunctorIvJEE14method_wrapperI8AP_StatsXadL_ZNS2_6updateEvEEEEvPv @ 0xa66d90
MANUAL: _ZN8AP_Stats17update_flighttimeEv @ 0x6de0a0
MANUAL: _ZN8AP_Stats14update_runtimeEv @ 0x6de170
MANUAL: _ZN8AP_Stats5flushEv @ 0x6de210
MANUAL: _ZN13AP_ParamTBaseIiL11ap_var_type3EE22set_and_save_ifchangedERKi @ 0xa66e40
MANUAL: _ZN8AP_Stats30copy_variables_from_parametersEv @ 0x6de2d0
MANUAL: _ZN10AP_Filters6updateEv @ 0x6de390
MANUAL: _ZN7FunctorIvJEE14method_wrapperI10AP_FiltersXadL_ZNS2_6updateEvEEEEvPv @ 0xa66ed0
MANUAL: _ZNK7AP_EnumIN9AP_Filter10FilterTypeEEcvKS1_Ev @ 0xa66f80
MANUAL: _ZN8AP_Param23load_object_from_eepromEPKvPKNS_9GroupInfoE @ 0x6de530
MANUAL: _ZN8AP_Param19find_key_by_pointerEPKvRt @ 0x6de820
MANUAL: _ZN8AP_Param14find_by_headerENS_12Param_headerEPPv @ 0x6de970
MANUAL: _ZN8AP_Param20reload_defaults_fileEb @ 0x6deb10
MANUAL: _ZN8AP_Param34load_defaults_file_from_filesystemEPKcb @ 0x6deba0
MANUAL: _ZN8AP_Param20find_by_header_groupENS_12Param_headerEPPvtPKNS_9GroupInfoEjhl @ 0x6dec40
MANUAL: _ZN8AP_Param25find_key_by_pointer_groupEPKvtPKNS_9GroupInfoElRt @ 0x6def20
MANUAL: _ZN10AP_Vehicle17check_motor_noiseEv @ 0x6df4d0
MANUAL: _ZN7FunctorIvJEE14method_wrapperI10AP_VehicleXadL_ZNS2_17check_motor_noiseEvEEEEvPv @ 0xa67780
MANUAL: _ZNK17NotchFilterParams7enabledEv @ 0xa67a60
MANUAL: _ZN10AP_Vehicle13one_Hz_updateEv @ 0x6dfbb0
MANUAL: _ZN7FunctorIvJEE14method_wrapperI10AP_VehicleXadL_ZNS2_13one_Hz_updateEvEEEEvPv @ 0xa67ab0
MANUAL: _ZN12AP_Scripting6updateEv @ 0x6dfc90
MANUAL: _ZN16AP_SerialManager20registered_ports_logEv @ 0x6dfce0
MANUAL: _ZN12AP_Scripting13save_checksumEv @ 0x6dfdc0
MANUAL: _ZN10AP_Gripper6updateEv @ 0x6dfec0
MANUAL: _ZN7FunctorIvJEE14method_wrapperI10AP_GripperXadL_ZNS2_6updateEvEEEEvPv @ 0xa67bf0
MANUAL: _ZN6AP_EFI6updateEv @ 0x6e0030
MANUAL: _ZN7FunctorIvJEE14method_wrapperI6AP_EFIXadL_ZNS2_6updateEvEEEEvPv @ 0xa67ca0
MANUAL: _ZN6AP_AIS6updateEv @ 0x6e04b0
MANUAL: _ZN7FunctorIvJEE14method_wrapperI6AP_AISXadL_ZNS2_6updateEvEEEEvPv @ 0xa67d50
MANUAL: _ZNK6AP_AIS7enabledEv @ 0x6e0d10
MANUAL: _ZN2AP10oadatabaseEv @ 0x6e35d0
MANUAL: _ZNK13AP_OADatabase7healthyEv @ 0xa67f10
MANUAL: _ZNK8Location29get_vector_from_origin_NEU_cmI7Vector3IfEEEbRT_ @ 0xa680d0
MANUAL: _ZN13AP_OADatabase13get_singletonEv @ 0xa681a0
MANUAL: _ZN8AC_Fence6updateEv @ 0x6e4310
MANUAL: _ZN7FunctorIvJEE14method_wrapperI8AC_FenceXadL_ZNS2_6updateEvEEEEvPv @ 0xa681e0
MANUAL: _ZN19AC_PolyFence_loader6updateEv @ 0x6e4440
MANUAL: _ZN19AC_PolyFence_loader17load_from_storageEv @ 0x6e4530
MANUAL: _ZN19AC_PolyFence_loader26get_loaded_fence_semaphoreEv @ 0xa68290
MANUAL: _ZN19AC_PolyFence_loader6unloadEv @ 0x6e54e0
MANUAL: _ZN10AP_Vehicle16accel_cal_updateEv @ 0x6e5990
MANUAL: _ZN7FunctorIvJEE14method_wrapperI10AP_VehicleXadL_ZNS2_16accel_cal_updateEvEEEEvPv @ 0xa683c0
MANUAL: _ZN17AP_InertialSensor11acal_updateEv @ 0x6e5a60
MANUAL: _ZN17AP_InertialSensor12get_new_trimER7Vector3IfE @ 0x6e5b30
MANUAL: _ZN20AP_TemperatureSensor6updateEv @ 0x6e7130
MANUAL: _ZN7FunctorIvJEE14method_wrapperI20AP_TemperatureSensorXadL_ZNS2_6updateEvEEEEvPv @ 0xa684c0
MANUAL: _ZNK20AP_TemperatureSensor8get_typeEh @ 0x6e7290
MANUAL: _ZN10AP_Vehicle16publish_osd_infoEv @ 0x6e73f0
MANUAL: _ZN7FunctorIvJEE14method_wrapperI10AP_VehicleXadL_ZNS2_16publish_osd_infoEvEEEEvPv @ 0xa68610
MANUAL: _ZN6AP_RPM6updateEv @ 0x6e7580
MANUAL: _ZN7FunctorIvJEE14method_wrapperI6AP_RPMXadL_ZNS2_6updateEvEEEEvPv @ 0xa686c0
MANUAL: _ZNK6AP_RPM7Log_RPMEv @ 0x6e7760
MANUAL: _ZNK6AP_RPM7enabledEh @ 0x6e7880
MANUAL: _ZN14AP_OpenDroneID6updateEv @ 0x6e7930
MANUAL: _ZN7FunctorIvJEE14method_wrapperI14AP_OpenDroneIDXadL_ZNS2_6updateEvEEEEvPv @ 0xa687e0
MANUAL: _ZNK6AP_GPS8velocityEv @ 0xa6a080
MANUAL: _ZNK6AP_HAL4Util18was_watchdog_armedEv @ 0xa6a0e0
MANUAL: _ZNK7AP_AHRS18groundspeed_vectorEv @ 0xa6a160
MANUAL: _ZNK8Location12check_latlngEv @ 0x6ebfc0
MANUAL: _ZNK6AP_GPS14speed_accuracyEhRf @ 0x6ec620
MANUAL: _ZNK6AP_GPS17vertical_accuracyEhRf @ 0x6ec6f0
MANUAL: _ZNK6AP_GPS19horizontal_accuracyEhRf @ 0x6ec7c0
MANUAL: _ZNK6AP_GPS14get_undulationEhRf @ 0x6ec890
MANUAL: _ZNK6AP_GPS8velocityEh @ 0xa6a3c0
MANUAL: _ZNK3GCS14sysid_this_mavEv @ 0xa6a430
MANUAL: _ZN12AP_Generator6updateEv @ 0x6ec960
MANUAL: _ZN7FunctorIvJEE14method_wrapperI12AP_GeneratorXadL_ZNS2_6updateEvEEEEvPv @ 0xa6a490
MANUAL: _ZN14AP_Servo_Telem6updateEv @ 0x6ec9d0
MANUAL: _ZN7FunctorIvJEE14method_wrapperI14AP_Servo_TelemXadL_ZNS2_6updateEvEEEEvPv @ 0xa6a540
MANUAL: _ZN14AP_Servo_Telem9write_logEv @ 0x6eca20
MANUAL: _ZN12AP_ESC_Telem6updateEv @ 0x6eced0
MANUAL: _ZN7FunctorIvJEE14method_wrapperI12AP_ESC_TelemXadL_ZNS2_6updateEvEEEEvPv @ 0xa6a5f0
MANUAL: _ZN6AP_HAL15timeout_expiredIjjmEEbT_T0_T1_ @ 0xa6a6a0
MANUAL: _ZN10AP_Vehicle30send_watchdog_reset_statustextEv @ 0x6ed3e0
MANUAL: _ZN7FunctorIvJEE14method_wrapperI10AP_VehicleXadL_ZNS2_30send_watchdog_reset_statustextEvEEEEvPv @ 0xa6a720
MANUAL: _ZN8AP_Tramp6updateEv @ 0x6ed540
MANUAL: _ZN7FunctorIvJEE14method_wrapperI8AP_TrampXadL_ZNS2_6updateEvEEEEvPv @ 0xa6a7d0
MANUAL: _ZN10AP_VideoTX6updateEv @ 0x6ee520
MANUAL: _ZN7FunctorIvJEE14method_wrapperI10AP_VideoTXXadL_ZNS2_6updateEvEEEEvPv @ 0xa6aa00
MANUAL: _ZN10AP_Vehicle38update_dynamic_notch_at_specified_rateEv @ 0x6ee750
MANUAL: _ZN7FunctorIvJEE14method_wrapperI10AP_VehicleXadL_ZNS2_38update_dynamic_notch_at_specified_rateEvEEEEvPv @ 0xa6aab0
MANUAL: _ZNK25HarmonicNotchFilterParams9hasOptionENS_7OptionsE @ 0xa6ab60
MANUAL: _ZN10AP_Vehicle20update_dynamic_notchERN17AP_InertialSensor13HarmonicNotchE @ 0x6ee8a0
MANUAL: _ZN2AP10motors_ugvEv @ 0x6ef740
MANUAL: _ZN12AP_MotorsUGV13get_singletonEv @ 0xa6aec0
MANUAL: _ZN10AP_GyroFFT17update_parametersEv @ 0xa6af00
MANUAL: _ZN7FunctorIvJEE14method_wrapperI10AP_GyroFFTXadL_ZNS2_17update_parametersEvEEEEvPv @ 0xa6af50
MANUAL: _ZN10AP_GyroFFT17update_parametersEb @ 0x6ef810
MANUAL: _ZN10AP_GyroFFT6updateEv @ 0x6efbb0
MANUAL: _ZN7FunctorIvJEE14method_wrapperI10AP_GyroFFTXadL_ZNS2_6updateEvEEEEvPv @ 0xa6b000
MANUAL: _ZN14AP_NMEA_Output6updateEv @ 0x6efd40
MANUAL: _ZN7FunctorIvJEE14method_wrapperI14AP_NMEA_OutputXadL_ZNS2_6updateEvEEEEvPv @ 0xa6b0b0
MANUAL: _ZN7FunctorIvJEE14method_wrapperI9AP_NotifyXadL_ZNS2_6updateEvEEEEvPv @ 0xa6b160
MANUAL: _ZN7Compass10cal_updateEv @ 0x6f0db0
MANUAL: _ZN7FunctorIvJEE14method_wrapperI7CompassXadL_ZNS2_10cal_updateEvEEEEvPv @ 0xa6b210
MANUAL: _ZN11AP_Airspeed6updateEv @ 0x6f1900
MANUAL: _ZN7FunctorIvJEE14method_wrapperI11AP_AirspeedXadL_ZNS2_6updateEvEEEEvPv @ 0xa6b320
MANUAL: _ZNK11AP_Airspeed11get_primaryEv @ 0xa6b4b0
MANUAL: _ZN10AP_GyroFFT12sample_gyrosEv @ 0x6f3bb0
MANUAL: _ZN7FunctorIvJEE14method_wrapperI10AP_GyroFFTXadL_ZNS2_12sample_gyrosEvEEEEvPv @ 0xa6b500
MANUAL: __cxx_global_var_init.5369 @ 0x5b6650
MANUAL: __cxx_global_var_init.1.5370 @ 0x5b66b0
MANUAL: __cxx_global_var_init.5354 @ 0x5b6700
MANUAL: __cxx_global_var_init.1.5355 @ 0x5b6760
MANUAL: __cxx_global_var_init.5328 @ 0x5b67b0
MANUAL: __cxx_global_var_init.1.5329 @ 0x5b6810
MANUAL: __cxx_global_var_init.5281 @ 0x5b6860
MANUAL: __cxx_global_var_init.1.5282 @ 0x5b68c0
MANUAL: __cxx_global_var_init.5262 @ 0x5b6910
MANUAL: __cxx_global_var_init.1.5263 @ 0x5b6970
MANUAL: __cxx_global_var_init.5253 @ 0x5b69c0
MANUAL: __cxx_global_var_init.1.5254 @ 0x5b6a20
MANUAL: __cxx_global_var_init.5246 @ 0x5b6a70
MANUAL: __cxx_global_var_init.1.5247 @ 0x5b6ad0
MANUAL: __cxx_global_var_init.5206 @ 0x5b6b20
MANUAL: __cxx_global_var_init.1.5207 @ 0x5b6b80
MANUAL: __cxx_global_var_init.5192 @ 0x5b6bd0
MANUAL: __cxx_global_var_init.1.5193 @ 0x5b6c30
MANUAL: __cxx_global_var_init.5187 @ 0x5b6c80
MANUAL: __cxx_global_var_init.1.5188 @ 0x5b6ce0
MANUAL: __cxx_global_var_init.5180 @ 0x5b6d30
MANUAL: __cxx_global_var_init.1.5181 @ 0x5b6d90
MANUAL: __cxx_global_var_init.5173 @ 0x5b6de0
MANUAL: __cxx_global_var_init.1.5174 @ 0x5b6e40
MANUAL: __cxx_global_var_init.5163 @ 0x5b6e90
MANUAL: __cxx_global_var_init.1.5164 @ 0x5b6ef0
MANUAL: __cxx_global_var_init.5158 @ 0x5b6f40
MANUAL: __cxx_global_var_init.1.5159 @ 0x5b6fa0
MANUAL: __cxx_global_var_init.5148 @ 0x5b6ff0
MANUAL: __cxx_global_var_init.1.5149 @ 0x5b7050
MANUAL: __cxx_global_var_init.5141 @ 0x5b70a0
MANUAL: __cxx_global_var_init.1.5142 @ 0x5b7100
MANUAL: __cxx_global_var_init.5135 @ 0x5b7150
MANUAL: __cxx_global_var_init.1.5136 @ 0x5b71b0
MANUAL: __cxx_global_var_init.5120 @ 0x5b7200
MANUAL: __cxx_global_var_init.1.5121 @ 0x5b7260
MANUAL: __cxx_global_var_init.5111 @ 0x5b72b0
MANUAL: __cxx_global_var_init.1.5112 @ 0x5b7310
MANUAL: __cxx_global_var_init.5089 @ 0x5b7360
MANUAL: __cxx_global_var_init.1.5090 @ 0x5b73c0
MANUAL: __cxx_global_var_init.5082 @ 0x5b7410
MANUAL: __cxx_global_var_init.1.5083 @ 0x5b7470
MANUAL: __cxx_global_var_init.5075 @ 0x5b74c0
MANUAL: __cxx_global_var_init.1.5076 @ 0x5b7520
MANUAL: __cxx_global_var_init.5062 @ 0x5b7570
MANUAL: __cxx_global_var_init.1.5063 @ 0x5b75d0
MANUAL: __cxx_global_var_init.5053 @ 0x5b7620
MANUAL: __cxx_global_var_init.1.5054 @ 0x5b7680
MANUAL: __cxx_global_var_init.5044 @ 0x5b76d0
MANUAL: __cxx_global_var_init.1.5045 @ 0x5b7730
MANUAL: __cxx_global_var_init.5039 @ 0x5b7780
MANUAL: __cxx_global_var_init.1.5040 @ 0x5b77e0
MANUAL: __cxx_global_var_init.5028 @ 0x5b7830
MANUAL: __cxx_global_var_init.1.5029 @ 0x5b7890
MANUAL: __cxx_global_var_init.5023 @ 0x5b78e0
MANUAL: __cxx_global_var_init.1.5024 @ 0x5b7940
MANUAL: __cxx_global_var_init.4985 @ 0x5b7990
MANUAL: __cxx_global_var_init.1.4986 @ 0x5b79f0
MANUAL: __cxx_global_var_init.4980 @ 0x5b7a40
MANUAL: __cxx_global_var_init.1.4981 @ 0x5b7aa0
MANUAL: __cxx_global_var_init.4972 @ 0x5b7af0
MANUAL: __cxx_global_var_init.1.4973 @ 0x5b7b50
MANUAL: __cxx_global_var_init.4965 @ 0x5b7ba0
MANUAL: __cxx_global_var_init.1.4966 @ 0x5b7c00
MANUAL: __cxx_global_var_init.4958 @ 0x5b7c50
MANUAL: __cxx_global_var_init.1.4959 @ 0x5b7cb0
MANUAL: __cxx_global_var_init.4944 @ 0x5b7d00
MANUAL: __cxx_global_var_init.1.4945 @ 0x5b7d60
MANUAL: __cxx_global_var_init.4938 @ 0x5b7db0
MANUAL: __cxx_global_var_init.1.4939 @ 0x5b7e10
MANUAL: __cxx_global_var_init.4925 @ 0x5b7e60
MANUAL: __cxx_global_var_init.1.4926 @ 0x5b7ec0
MANUAL: __cxx_global_var_init.4920 @ 0x5b7f10
MANUAL: __cxx_global_var_init.1.4921 @ 0x5b7f70
MANUAL: __cxx_global_var_init.4913 @ 0x5b7fc0
MANUAL: __cxx_global_var_init.1.4914 @ 0x5b8020
MANUAL: __cxx_global_var_init.4899 @ 0x5b8070
MANUAL: __cxx_global_var_init.1.4900 @ 0x5b80d0
MANUAL: __cxx_global_var_init.4883 @ 0x5b8120
MANUAL: __cxx_global_var_init.1.4884 @ 0x5b8180
MANUAL: __cxx_global_var_init.4867 @ 0x5b81d0
MANUAL: __cxx_global_var_init.1.4868 @ 0x5b8230
MANUAL: __cxx_global_var_init.4862 @ 0x5b8280
MANUAL: __cxx_global_var_init.1.4863 @ 0x5b82e0
MANUAL: __cxx_global_var_init.4855 @ 0x5b8330
MANUAL: __cxx_global_var_init.1.4856 @ 0x5b8390
MANUAL: __cxx_global_var_init.4819 @ 0x5b83e0
MANUAL: __cxx_global_var_init.1.4820 @ 0x5b8440
MANUAL: __cxx_global_var_init.4793 @ 0x5b8490
MANUAL: __cxx_global_var_init.1.4794 @ 0x5b84f0
MANUAL: __cxx_global_var_init.2.4795 @ 0x5b8540
MANUAL: __cxx_global_var_init.4737 @ 0x5b8580
MANUAL: __cxx_global_var_init.1.4738 @ 0x5b85e0
MANUAL: __cxx_global_var_init.4671 @ 0x5b8630
MANUAL: __cxx_global_var_init.1.4672 @ 0x5b8690
MANUAL: __cxx_global_var_init.2.4673 @ 0x5b86e0
MANUAL: __cxx_global_var_init.3.4674 @ 0x5b8750
MANUAL: __cxx_global_var_init.4.4675 @ 0x5b87d0
MANUAL: __cxx_global_var_init.5.4676 @ 0x5b8810
MANUAL: _ZN15ObjectBuffer_TSIN8AP_Param10param_saveEEC2Ej @ 0xa6b620
MANUAL: __cxx_global_var_init.4654 @ 0x5b8850
MANUAL: __cxx_global_var_init.1.4655 @ 0x5b88b0
MANUAL: __cxx_global_var_init.4648 @ 0x5b8900
MANUAL: __cxx_global_var_init.1.4649 @ 0x5b8960
MANUAL: __cxx_global_var_init.4629 @ 0x5b89b0
MANUAL: __cxx_global_var_init.1.4630 @ 0x5b8a10
MANUAL: __cxx_global_var_init.4621 @ 0x5b8a60
MANUAL: __cxx_global_var_init.1.4622 @ 0x5b8ac0
MANUAL: __cxx_global_var_init.4614 @ 0x5b8b10
MANUAL: __cxx_global_var_init.1.4615 @ 0x5b8b70
MANUAL: __cxx_global_var_init.4607 @ 0x5b8bc0
MANUAL: __cxx_global_var_init.1.4608 @ 0x5b8c20
MANUAL: __cxx_global_var_init.4599 @ 0x5b8c70
MANUAL: __cxx_global_var_init.1.4600 @ 0x5b8cd0
MANUAL: __cxx_global_var_init.4564 @ 0x5b8d20
MANUAL: __cxx_global_var_init.1.4565 @ 0x5b8d80
MANUAL: __cxx_global_var_init.4557 @ 0x5b8dd0
MANUAL: __cxx_global_var_init.1.4558 @ 0x5b8e30
MANUAL: __cxx_global_var_init.4550 @ 0x5b8e80
MANUAL: __cxx_global_var_init.1.4551 @ 0x5b8ee0
MANUAL: __cxx_global_var_init.4535 @ 0x5b8f30
MANUAL: __cxx_global_var_init.1.4536 @ 0x5b8f90
MANUAL: __cxx_global_var_init.4516 @ 0x5b8fe0
MANUAL: __cxx_global_var_init.1.4517 @ 0x5b9040
MANUAL: __cxx_global_var_init.4462 @ 0x5b9090
MANUAL: __cxx_global_var_init.1.4463 @ 0x5b90f0
MANUAL: __cxx_global_var_init.4445 @ 0x5b9140
MANUAL: __cxx_global_var_init.1.4446 @ 0x5b91a0
MANUAL: __cxx_global_var_init.4436 @ 0x5b91f0
MANUAL: __cxx_global_var_init.1.4437 @ 0x5b9250
MANUAL: __cxx_global_var_init.4423 @ 0x5b92a0
MANUAL: __cxx_global_var_init.1.4424 @ 0x5b9300
MANUAL: __cxx_global_var_init.4413 @ 0x5b9350
MANUAL: __cxx_global_var_init.1.4414 @ 0x5b93b0
MANUAL: __cxx_global_var_init.4377 @ 0x5b9400
MANUAL: __cxx_global_var_init.1.4378 @ 0x5b9460
MANUAL: __cxx_global_var_init.4303 @ 0x5b94b0
MANUAL: __cxx_global_var_init.1.4304 @ 0x5b9510
MANUAL: __cxx_global_var_init.4275 @ 0x5b9560
MANUAL: __cxx_global_var_init.1.4276 @ 0x5b95c0
MANUAL: __cxx_global_var_init.4249 @ 0x5b9610
MANUAL: __cxx_global_var_init.1.4250 @ 0x5b9670
MANUAL: __cxx_global_var_init.4163 @ 0x5b96c0
MANUAL: __cxx_global_var_init.1.4164 @ 0x5b9720
MANUAL: __cxx_global_var_init.4149 @ 0x5b9770
MANUAL: __cxx_global_var_init.1.4150 @ 0x5b97d0
MANUAL: __cxx_global_var_init.4113 @ 0x5b9820
MANUAL: __cxx_global_var_init.1.4114 @ 0x5b9880
MANUAL: __cxx_global_var_init.4088 @ 0x5b98d0
MANUAL: __cxx_global_var_init.1.4089 @ 0x5b9930
MANUAL: __cxx_global_var_init.4077 @ 0x5b9980
MANUAL: __cxx_global_var_init.1.4078 @ 0x5b99e0
MANUAL: __cxx_global_var_init.4067 @ 0x5b9a30
MANUAL: __cxx_global_var_init.1.4068 @ 0x5b9a90
MANUAL: __cxx_global_var_init.4037 @ 0x5b9ae0
MANUAL: __cxx_global_var_init.1.4038 @ 0x5b9b40
MANUAL: __cxx_global_var_init.3894 @ 0x5b9b90
MANUAL: __cxx_global_var_init.1.3895 @ 0x5b9bf0
MANUAL: __cxx_global_var_init.3711 @ 0x5b9c40
MANUAL: __cxx_global_var_init.1.3712 @ 0x5b9ca0
MANUAL: __cxx_global_var_init.3610 @ 0x5b9cf0
MANUAL: __cxx_global_var_init.1.3611 @ 0x5b9d50
MANUAL: __cxx_global_var_init.3602 @ 0x5b9da0
MANUAL: __cxx_global_var_init.1.3603 @ 0x5b9e00
MANUAL: __cxx_global_var_init.3592 @ 0x5b9e50
MANUAL: __cxx_global_var_init.1.3593 @ 0x5b9eb0
MANUAL: __cxx_global_var_init.3483 @ 0x5b9f00
MANUAL: __cxx_global_var_init.1.3484 @ 0x5b9f60
MANUAL: __cxx_global_var_init.5.3485 @ 0x5b9fb0
MANUAL: __cxx_global_var_init.6 @ 0x5b9ff0
MANUAL: __cxx_global_var_init.3468 @ 0x5ba060
MANUAL: __cxx_global_var_init.1.3469 @ 0x5ba0c0
MANUAL: __cxx_global_var_init.3386 @ 0x5ba110
MANUAL: __cxx_global_var_init.1.3387 @ 0x5ba170
MANUAL: __cxx_global_var_init.3321 @ 0x5ba1c0
MANUAL: __cxx_global_var_init.1.3322 @ 0x5ba220
MANUAL: __cxx_global_var_init.3289 @ 0x5ba270
MANUAL: __cxx_global_var_init.1.3290 @ 0x5ba2d0
MANUAL: __cxx_global_var_init.3282 @ 0x5ba320
MANUAL: __cxx_global_var_init.1.3283 @ 0x5ba380
MANUAL: __cxx_global_var_init.3253 @ 0x5ba3d0
MANUAL: __cxx_global_var_init.1.3254 @ 0x5ba430
MANUAL: __cxx_global_var_init.3241 @ 0x5ba480
MANUAL: __cxx_global_var_init.1.3242 @ 0x5ba4e0
MANUAL: __cxx_global_var_init.3220 @ 0x5ba530
MANUAL: __cxx_global_var_init.1.3221 @ 0x5ba590
MANUAL: __cxx_global_var_init.3175 @ 0x5ba5e0
MANUAL: __cxx_global_var_init.1.3176 @ 0x5ba640
MANUAL: __cxx_global_var_init.3168 @ 0x5ba690
MANUAL: __cxx_global_var_init.1.3169 @ 0x5ba6f0
MANUAL: __cxx_global_var_init.3119 @ 0x5ba740
MANUAL: __cxx_global_var_init.1.3120 @ 0x5ba7a0
MANUAL: __cxx_global_var_init.3037 @ 0x5ba7f0
MANUAL: __cxx_global_var_init.1.3038 @ 0x5ba850
MANUAL: __cxx_global_var_init.2993 @ 0x5ba8a0
MANUAL: __cxx_global_var_init.1.2994 @ 0x5ba900
MANUAL: __cxx_global_var_init.2982 @ 0x5ba950
MANUAL: __cxx_global_var_init.1.2983 @ 0x5ba9b0
MANUAL: __cxx_global_var_init.2949 @ 0x5baa00
MANUAL: __cxx_global_var_init.1.2950 @ 0x5baa60
MANUAL: __cxx_global_var_init.2923 @ 0x5baab0
MANUAL: __cxx_global_var_init.1.2924 @ 0x5bab10
MANUAL: __cxx_global_var_init.2908 @ 0x5bab60
MANUAL: __cxx_global_var_init.1.2909 @ 0x5babc0
MANUAL: __cxx_global_var_init.2901 @ 0x5bac10
MANUAL: __cxx_global_var_init.1.2902 @ 0x5bac70
MANUAL: __cxx_global_var_init.2857 @ 0x5bacc0
MANUAL: __cxx_global_var_init.1.2858 @ 0x5bad20
MANUAL: __cxx_global_var_init.2837 @ 0x5bad70
MANUAL: __cxx_global_var_init.1.2838 @ 0x5badd0
MANUAL: __cxx_global_var_init.2785 @ 0x5bae20
MANUAL: __cxx_global_var_init.1.2786 @ 0x5bae80
MANUAL: __cxx_global_var_init.2773 @ 0x5baed0
MANUAL: __cxx_global_var_init.1.2774 @ 0x5baf30
MANUAL: __cxx_global_var_init.2761 @ 0x5baf80
MANUAL: __cxx_global_var_init.1.2762 @ 0x5bafe0
MANUAL: __cxx_global_var_init.2746 @ 0x5bb030
MANUAL: __cxx_global_var_init.1.2747 @ 0x5bb090
MANUAL: __cxx_global_var_init.2734 @ 0x5bb0e0
MANUAL: __cxx_global_var_init.46 @ 0x5bb140
MANUAL: __cxx_global_var_init.1.2735 @ 0x5bb190
MANUAL: __cxx_global_var_init.2679 @ 0x5bb1e0
MANUAL: __cxx_global_var_init.1.2680 @ 0x5bb240
MANUAL: __cxx_global_var_init.2660 @ 0x5bb290
MANUAL: __cxx_global_var_init.1.2661 @ 0x5bb2f0
MANUAL: __cxx_global_var_init.2648 @ 0x5bb340
MANUAL: __cxx_global_var_init.1.2649 @ 0x5bb3a0
MANUAL: __cxx_global_var_init.2620 @ 0x5bb3f0
MANUAL: __cxx_global_var_init.1.2621 @ 0x5bb450
MANUAL: __cxx_global_var_init.2612 @ 0x5bb4a0
MANUAL: __cxx_global_var_init.1.2613 @ 0x5bb500
MANUAL: __cxx_global_var_init.2600 @ 0x5bb550
MANUAL: __cxx_global_var_init.3 @ 0x5bb5b0
MANUAL: __cxx_global_var_init.1.2601 @ 0x5bb600
MANUAL: __cxx_global_var_init.2593 @ 0x5bb650
MANUAL: __cxx_global_var_init.1.2594 @ 0x5bb6b0
MANUAL: __cxx_global_var_init.2582 @ 0x5bb700
MANUAL: __cxx_global_var_init.1.2583 @ 0x5bb760
MANUAL: __cxx_global_var_init.2559 @ 0x5bb7b0
MANUAL: __cxx_global_var_init.1.2560 @ 0x5bb810
MANUAL: __cxx_global_var_init.2.2561 @ 0x5bb860
MANUAL: __cxx_global_var_init.2543 @ 0x5bb8d0
MANUAL: __cxx_global_var_init.1.2544 @ 0x5bb930
MANUAL: __cxx_global_var_init.2491 @ 0x5bb980
MANUAL: __cxx_global_var_init.1.2492 @ 0x5bb9e0
MANUAL: __cxx_global_var_init.2469 @ 0x5bba30
MANUAL: __cxx_global_var_init.1.2470 @ 0x5bba90
MANUAL: __cxx_global_var_init.2443 @ 0x5bbae0
MANUAL: __cxx_global_var_init.1.2444 @ 0x5bbb40
MANUAL: __cxx_global_var_init.2429 @ 0x5bbb90
MANUAL: __cxx_global_var_init.1.2430 @ 0x5bbbf0
MANUAL: __cxx_global_var_init.2420 @ 0x5bbc40
MANUAL: __cxx_global_var_init.1.2421 @ 0x5bbca0
MANUAL: __cxx_global_var_init.2379 @ 0x5bbcf0
MANUAL: __cxx_global_var_init.1.2380 @ 0x5bbd50
MANUAL: __cxx_global_var_init.2369 @ 0x5bbda0
MANUAL: __cxx_global_var_init.1.2370 @ 0x5bbe00
MANUAL: __cxx_global_var_init.2361 @ 0x5bbe50
MANUAL: __cxx_global_var_init.1.2362 @ 0x5bbeb0
MANUAL: __cxx_global_var_init.2349 @ 0x5bbf00
MANUAL: __cxx_global_var_init.1.2350 @ 0x5bbf60
MANUAL: __cxx_global_var_init.2336 @ 0x5bbfb0
MANUAL: __cxx_global_var_init.1.2337 @ 0x5bc010
MANUAL: __cxx_global_var_init.2329 @ 0x5bc060
MANUAL: __cxx_global_var_init.1.2330 @ 0x5bc0c0
MANUAL: __cxx_global_var_init.2321 @ 0x5bc110
MANUAL: __cxx_global_var_init.1.2322 @ 0x5bc170
MANUAL: __cxx_global_var_init.2313 @ 0x5bc1c0
MANUAL: __cxx_global_var_init.1.2314 @ 0x5bc220
MANUAL: __cxx_global_var_init.2301 @ 0x5bc270
MANUAL: __cxx_global_var_init.1.2302 @ 0x5bc2d0
MANUAL: __cxx_global_var_init.2289 @ 0x5bc320
MANUAL: __cxx_global_var_init.1.2290 @ 0x5bc380
MANUAL: __cxx_global_var_init.2274 @ 0x5bc3d0
MANUAL: __cxx_global_var_init.1.2275 @ 0x5bc430
MANUAL: __cxx_global_var_init.2267 @ 0x5bc480
MANUAL: __cxx_global_var_init.1.2268 @ 0x5bc4e0
MANUAL: __cxx_global_var_init.2256 @ 0x5bc530
MANUAL: __cxx_global_var_init.1.2257 @ 0x5bc590
MANUAL: __cxx_global_var_init.2.2258 @ 0x5bc5e0
MANUAL: __cxx_global_var_init.2235 @ 0x5bc650
MANUAL: __cxx_global_var_init.1.2236 @ 0x5bc6b0
MANUAL: __cxx_global_var_init.2216 @ 0x5bc700
MANUAL: __cxx_global_var_init.1.2217 @ 0x5bc760
MANUAL: __cxx_global_var_init.2209 @ 0x5bc7b0
MANUAL: __cxx_global_var_init.1.2210 @ 0x5bc810
MANUAL: __cxx_global_var_init.2200 @ 0x5bc860
MANUAL: __cxx_global_var_init.1.2201 @ 0x5bc8c0
MANUAL: __cxx_global_var_init.2187 @ 0x5bc910
MANUAL: __cxx_global_var_init.1.2188 @ 0x5bc970
MANUAL: __cxx_global_var_init.2157 @ 0x5bc9c0
MANUAL: __cxx_global_var_init.1.2158 @ 0x5bca20
MANUAL: __cxx_global_var_init.2051 @ 0x5bca70
MANUAL: __cxx_global_var_init.1.2052 @ 0x5bcad0
MANUAL: __cxx_global_var_init.2.2053 @ 0x5bcb20
MANUAL: __cxx_global_var_init.2036 @ 0x5bcb60
MANUAL: __cxx_global_var_init.1.2037 @ 0x5bcbc0
MANUAL: __cxx_global_var_init.18 @ 0x5bcc10
MANUAL: __cxx_global_var_init.2010 @ 0x5bcc60
MANUAL: __cxx_global_var_init.1.2011 @ 0x5bccc0
MANUAL: __cxx_global_var_init.1994 @ 0x5bcd10
MANUAL: __cxx_global_var_init.1.1995 @ 0x5bcd70
MANUAL: __cxx_global_var_init.1986 @ 0x5bcdc0
MANUAL: __cxx_global_var_init.1.1987 @ 0x5bce20
MANUAL: __cxx_global_var_init.1979 @ 0x5bce70
MANUAL: __cxx_global_var_init.1.1980 @ 0x5bced0
MANUAL: __cxx_global_var_init.1970 @ 0x5bcf20
MANUAL: __cxx_global_var_init.1.1971 @ 0x5bcf80
MANUAL: __cxx_global_var_init.1949 @ 0x5bcfd0
MANUAL: __cxx_global_var_init.1.1950 @ 0x5bd030
MANUAL: __cxx_global_var_init.1942 @ 0x5bd080
MANUAL: __cxx_global_var_init.1.1943 @ 0x5bd0e0
MANUAL: __cxx_global_var_init.1933 @ 0x5bd130
MANUAL: __cxx_global_var_init.1.1934 @ 0x5bd190
MANUAL: __cxx_global_var_init.1922 @ 0x5bd1e0
MANUAL: __cxx_global_var_init.1.1923 @ 0x5bd240
MANUAL: __cxx_global_var_init.1899 @ 0x5bd290
MANUAL: __cxx_global_var_init.1.1900 @ 0x5bd2f0
MANUAL: __cxx_global_var_init.5 @ 0x5bd340
MANUAL: __cxx_global_var_init.1875 @ 0x5bd390
MANUAL: __cxx_global_var_init.1.1876 @ 0x5bd3f0
MANUAL: __cxx_global_var_init.1852 @ 0x5bd440
MANUAL: __cxx_global_var_init.1.1853 @ 0x5bd4a0
MANUAL: __cxx_global_var_init.1831 @ 0x5bd4f0
MANUAL: __cxx_global_var_init.1.1832 @ 0x5bd550
MANUAL: __cxx_global_var_init.1794 @ 0x5bd5a0
MANUAL: __cxx_global_var_init.1.1795 @ 0x5bd600
MANUAL: __cxx_global_var_init.1773 @ 0x5bd650
MANUAL: __cxx_global_var_init.1.1774 @ 0x5bd6b0
MANUAL: __cxx_global_var_init.1737 @ 0x5bd700
MANUAL: __cxx_global_var_init.1.1738 @ 0x5bd760
MANUAL: __cxx_global_var_init.1709 @ 0x5bd7b0
MANUAL: __cxx_global_var_init.1.1710 @ 0x5bd810
MANUAL: __cxx_global_var_init.1702 @ 0x5bd860
MANUAL: __cxx_global_var_init.1.1703 @ 0x5bd8c0
MANUAL: __cxx_global_var_init.1683 @ 0x5bd910
MANUAL: __cxx_global_var_init.1.1684 @ 0x5bd970
MANUAL: __cxx_global_var_init.1630 @ 0x5bd9c0
MANUAL: __cxx_global_var_init.1.1631 @ 0x5bda20
MANUAL: __cxx_global_var_init.1611 @ 0x5bda70
MANUAL: __cxx_global_var_init.1.1612 @ 0x5bdad0
MANUAL: __cxx_global_var_init.1539 @ 0x5bdb20
MANUAL: __cxx_global_var_init.1.1540 @ 0x5bdb80
MANUAL: __cxx_global_var_init.1468 @ 0x5bdbd0
MANUAL: __cxx_global_var_init.1.1469 @ 0x5bdc30
MANUAL: __cxx_global_var_init.1441 @ 0x5bdc80
MANUAL: __cxx_global_var_init.1.1442 @ 0x5bdce0
MANUAL: __cxx_global_var_init.2.1443 @ 0x5bdd30
MANUAL: __cxx_global_var_init.1416 @ 0x5bdd80
MANUAL: __cxx_global_var_init.1.1417 @ 0x5bdde0
MANUAL: __cxx_global_var_init.1405 @ 0x5bde30
MANUAL: __cxx_global_var_init.1.1406 @ 0x5bde90
MANUAL: __cxx_global_var_init.1362 @ 0x5bdee0
MANUAL: __cxx_global_var_init.1.1363 @ 0x5bdf40
MANUAL: __cxx_global_var_init.1340 @ 0x5bdf90
MANUAL: __cxx_global_var_init.1.1341 @ 0x5bdff0
MANUAL: __cxx_global_var_init.1333 @ 0x5be040
MANUAL: __cxx_global_var_init.1.1334 @ 0x5be0a0
MANUAL: __cxx_global_var_init.1317 @ 0x5be0f0
MANUAL: __cxx_global_var_init.1.1318 @ 0x5be150
MANUAL: __cxx_global_var_init.1312 @ 0x5be1a0
MANUAL: __cxx_global_var_init.1.1313 @ 0x5be200
MANUAL: __cxx_global_var_init.1300 @ 0x5be250
MANUAL: __cxx_global_var_init.1.1301 @ 0x5be2b0
MANUAL: __cxx_global_var_init.1288 @ 0x5be300
MANUAL: __cxx_global_var_init.1.1289 @ 0x5be360
MANUAL: __cxx_global_var_init.1280 @ 0x5be3b0
MANUAL: __cxx_global_var_init.1.1281 @ 0x5be410
MANUAL: __cxx_global_var_init.1263 @ 0x5be460
MANUAL: __cxx_global_var_init.1.1264 @ 0x5be4c0
MANUAL: __cxx_global_var_init.1255 @ 0x5be510
MANUAL: __cxx_global_var_init.1.1256 @ 0x5be570
MANUAL: __cxx_global_var_init.1240 @ 0x5be5c0
MANUAL: __cxx_global_var_init.1.1241 @ 0x5be620
MANUAL: __cxx_global_var_init.1218 @ 0x5be670
MANUAL: __cxx_global_var_init.1.1219 @ 0x5be6d0
MANUAL: __cxx_global_var_init.1187 @ 0x5be720
MANUAL: __cxx_global_var_init.1.1188 @ 0x5be780
MANUAL: __cxx_global_var_init.1175 @ 0x5be7d0
MANUAL: __cxx_global_var_init.1.1176 @ 0x5be830
MANUAL: __cxx_global_var_init.1147 @ 0x5be880
MANUAL: __cxx_global_var_init.1.1148 @ 0x5be8e0
MANUAL: __cxx_global_var_init.1097 @ 0x5be930
MANUAL: __cxx_global_var_init.1.1098 @ 0x5be990
MANUAL: __cxx_global_var_init.1083 @ 0x5be9e0
MANUAL: __cxx_global_var_init.1.1084 @ 0x5bea40
MANUAL: __cxx_global_var_init.1066 @ 0x5bea90
MANUAL: __cxx_global_var_init.1.1067 @ 0x5beaf0
MANUAL: __cxx_global_var_init.1041 @ 0x5beb40
MANUAL: __cxx_global_var_init.1.1042 @ 0x5beba0
MANUAL: __cxx_global_var_init.1029 @ 0x5bebf0
MANUAL: __cxx_global_var_init.1.1030 @ 0x5bec50
MANUAL: __cxx_global_var_init.1017 @ 0x5beca0
MANUAL: __cxx_global_var_init.1.1018 @ 0x5bed00
MANUAL: __cxx_global_var_init.1001 @ 0x5bed50
MANUAL: __cxx_global_var_init.1.1002 @ 0x5bedb0
MANUAL: __cxx_global_var_init.992 @ 0x5bee00
MANUAL: __cxx_global_var_init.1.993 @ 0x5bee60
MANUAL: __cxx_global_var_init.980 @ 0x5beeb0
MANUAL: __cxx_global_var_init.1.981 @ 0x5bef10
MANUAL: __cxx_global_var_init.973 @ 0x5bef60
MANUAL: __cxx_global_var_init.1.974 @ 0x5befc0
MANUAL: __cxx_global_var_init.968 @ 0x5bf010
MANUAL: __cxx_global_var_init.1.969 @ 0x5bf070
MANUAL: __cxx_global_var_init.961 @ 0x5bf0c0
MANUAL: __cxx_global_var_init.1.962 @ 0x5bf120
MANUAL: __cxx_global_var_init.950 @ 0x5bf170
MANUAL: __cxx_global_var_init.1.951 @ 0x5bf1d0
MANUAL: __cxx_global_var_init.4 @ 0x5bf220
MANUAL: __cxx_global_var_init.42 @ 0x5bf260
MANUAL: _ZN10AP_Vehicle5setupEv @ 0x6f3f30
MANUAL: _ZN10AP_Vehicle4loopEv @ 0x6f4430
MANUAL: _ZN12AP_Scheduler4loopEv @ 0x6f46d0
MANUAL: _ZN12AP_Scheduler17get_loop_period_sEv @ 0xa6e3e0
MANUAL: _ZN14AP_BoardConfig11init_safetyEv @ 0x6f49d0
MANUAL: _ZN14AP_BoardConfig17board_init_safetyEv @ 0x6f4ad0
MANUAL: _ZN14AP_BoardConfig16board_init_debugEv @ 0x6f4c20
MANUAL: _ZN17AP_InertialSensor15wait_for_sampleEv @ 0x6f4c70
MANUAL: _ZN12AP_Scheduler4tickEv @ 0x6f51b0
MANUAL: _ZN12AP_Scheduler3runEj @ 0x6f5210
MANUAL: _ZN2AP8PerfInfo15check_loop_timeEj @ 0x6f57c0
MANUAL: _ZL15fill_nanf_stackv @ 0x6f5950
MANUAL: _ZN2AP8PerfInfo16update_task_infoEhtb @ 0x6f59a0
MANUAL: _ZN8AP_Param21setup_sketch_defaultsEv @ 0x6f5c90
MANUAL: _ZN16AP_SerialManager12init_consoleEv @ 0x6f5d70
MANUAL: _Z20check_firmware_printv @ 0x6f5e00
MANUAL: _ZN8AP_Param14check_var_infoEv @ 0x6f5e80
MANUAL: _ZN12AP_Scheduler4initEPKNS_4TaskEhj @ 0x6f6030
MANUAL: _ZN3GCS4initEv @ 0x6f63c0
MANUAL: _ZN16AP_SerialManager4initEv @ 0x6f6420
MANUAL: _ZN3GCS13setup_consoleEv @ 0x6f6a60
MANUAL: _ZN12AP_Scripting23init_serialdevice_portsEv @ 0x6f6ae0
MANUAL: _ZN10AP_Vehicle24scheduler_delay_callbackEv @ 0x6f6b60
MANUAL: _ZN15AP_ExternalAHRS4initEv @ 0x6f6cd0
MANUAL: _ZN12AP_Generator4initEv @ 0x6f6f70
MANUAL: _ZN8AP_Stats4initEv @ 0x6f71c0
MANUAL: _ZN14AP_BoardConfig4initEv @ 0x6f7250
MANUAL: _ZN13AP_CANManager4initEv @ 0x6f7380
MANUAL: _ZN6AP_MSP4initEv @ 0x6f7b20
MANUAL: _ZN9AP_Logger4initERK9AP_ParamTIiL11ap_var_type3EEPK12LogStructureh @ 0x6f7d20
MANUAL: _ZN10AP_Gripper4initEv @ 0x6f8000
MANUAL: _ZN12AP_Scripting4initEv @ 0x6f81a0
MANUAL: _ZN11AP_Airspeed4initEv @ 0x6f83c0
MANUAL: _ZN12SRV_Channels4initEjN6AP_HAL8RCOutput11output_modeE @ 0x6f84c0
MANUAL: _ZN10AP_GyroFFT4initEt @ 0x6f8580
MANUAL: _ZN13AP_Hott_Telem4initEv @ 0x6f93b0
MANUAL: _ZN13AP_VisualOdom4initEv @ 0x6f94d0
MANUAL: _ZN10AP_VideoTX4initEv @ 0x6f9610
MANUAL: _ZN13AP_SmartAudio4initEv @ 0x6f9810
MANUAL: _ZN8AP_Tramp4initEv @ 0x6f9a00
MANUAL: _ZN14AP_OpenDroneID4initEv @ 0x6f9b60
MANUAL: _ZN6AP_EFI4initEv @ 0x6f9c10
MANUAL: _ZN20AP_TemperatureSensor4initEv @ 0x6fa0c0
MANUAL: _ZN9AP_KDECAN4initEv @ 0x6fa770
MANUAL: _ZN6AP_AIS4initEv @ 0x6fa860
MANUAL: _ZN14AP_NMEA_Output4initEv @ 0x6fa920
MANUAL: _ZN8AC_Fence4initEv @ 0xa6e5b0
MANUAL: _ZN10AP_Vehicle10fence_initEv @ 0x6fa9e0
MANUAL: _ZN18AP_CustomRotations4initEv @ 0x6faa60
MANUAL: _ZN10AP_Filters4initEv @ 0x6fab20
MANUAL: _ZN6AP_RPM4initEv @ 0x6fab70
MANUAL: _ZN13AP_IBus_Telem4initEv @ 0x6fb090
MANUAL: _ZNK7AP_AHRS24_get_primary_accel_indexEv @ 0x6fc370
MANUAL: _ZNK7AP_AHRS22_get_primary_IMU_indexEv @ 0x6fc3c0
MANUAL: _ZNK7NavEKF322getPrimaryCoreIMUIndexEv @ 0x6fc520
MANUAL: _ZNK17AP_InertialSensor21get_first_usable_gyroEv @ 0xa6e850
MANUAL: _ZNK12NavEKF3_core11getIMUIndexEv @ 0xa6e8a0
MANUAL: _ZNK14AP_BattMonitor17has_cell_voltagesEh @ 0x6fc650
MANUAL: _ZN2AP3EFIEv @ 0x6fcea0
MANUAL: _ZN6AP_EFI13get_singletonEv @ 0xa6f230
MANUAL: _ZN6FilterIfEC2Ev @ 0xa6f7d0
MANUAL: _ZN7FunctorIvJEE4bindI10AP_VehicleXadL_ZNS2_18fence_checks_asyncEvEEEES0_PT_ @ 0xa6fb70
MANUAL: _ZN7FunctorIvJEE14method_wrapperI10AP_VehicleXadL_ZNS2_18fence_checks_asyncEvEEEEvPv @ 0xa6fbd0
MANUAL: _ZN19AC_PolyFence_loader4initEv @ 0x6fd5c0
MANUAL: _ZN2AP11boardConfigEv @ 0x6fd6d0
MANUAL: _ZN14AP_BoardConfig19get_sdcard_fence_kbEv @ 0xa6fc70
MANUAL: _ZN13AP_Filesystem5lseekEiii @ 0x6fdf10
MANUAL: _ZN9CANSensor15get_driver_typeEh @ 0xa6fea0
MANUAL: _ZN6AP_HAL6Device14write_registerEhhb @ 0x703bc0
MANUAL: _ZNK7FunctorIvJhPhjbEEcvbEv @ 0xa728e0
MANUAL: _ZN9EFI_StateC2Ev @ 0xa72f30
MANUAL: _ZN2AP3iceEv @ 0x705b00
MANUAL: _ZN11AP_ICEngine13get_singletonEv @ 0xa73160
MANUAL: _ZN8AP_Param23convert_parameter_widthE11ap_var_typef @ 0xa73ed0
MANUAL: _ZN8AP_Param24_convert_parameter_widthE11ap_var_typefb @ 0x70a960
MANUAL: _ZL3MAXIjjEDTqugtfp_fp0_fp_fp0_ERKT_RKT0_.4125 @ 0x70c160
MANUAL: _ZN12NavEKF3_core20ext_nav_vel_elementsC2Ev @ 0xa74280
MANUAL: _ZN15ekf_ring_buffer4pushEPKv @ 0x70c1e0
MANUAL: _ZNK15ekf_ring_buffer10get_offsetEh @ 0x70c2e0
MANUAL: _ZN12NavEKF3_core16ext_nav_elementsC2Ev @ 0xa74600
MANUAL: _ZL7radiansf.4130 @ 0x70d680
MANUAL: _ZN11QuaternionTIdEC2Edddd @ 0xa74a00
MANUAL: _ZN11QuaternionTIfEmLERKS0_ @ 0xa74ab0
MANUAL: _ZN2AP5statsEv @ 0x70fde0
MANUAL: _ZN8AP_Stats13get_singletonEv @ 0xa759a0
MANUAL: _ZN11AP_Airspeed20convert_per_instanceEv @ 0x710b80
MANUAL: _ZN6AP_HAL6Device11make_bus_idENS0_7BusTypeEhhh @ 0x7130f0
MANUAL: _ZL3MINIiiEDTqultfp_fp0_fp_fp0_ERKT_RKT0_ @ 0x718410
MANUAL: _ZN8AP_Param21convert_old_parameterEPKNS_14ConversionInfoEfh @ 0x718490
MANUAL: _ZN8AP_Param18find_old_parameterEPKNS_14ConversionInfoEPS_ @ 0x7187a0
MANUAL: _ZN13AP_Filesystem7opendirEPKc @ 0x731f60
MANUAL: _ZN13AP_Filesystem7readdirEPNS_9DirHandleE @ 0x732180
MANUAL: _ZN13AP_Filesystem8closedirEPNS_9DirHandleE @ 0x732850
MANUAL: _ZN6AP_HAL9PWMSourceC2Ev @ 0xa780c0
MANUAL: _ZNK7AP_AHRS8get_gyroEv @ 0xa78420
MANUAL: _ZNK7AP_AHRS17airspeed_estimateERf @ 0x73b660
MANUAL: _ZNK17AP_InertialSensor20get_vibration_levelsEv @ 0xa784e0
MANUAL: _ZNK17AP_InertialSensor20get_vibration_levelsEh @ 0x73b760
MANUAL: _ZNK10DigitalLPFI7Vector3IfEE3getEv @ 0xa78560
MANUAL: _ZN7AP_AHRS8set_homeERK8Location @ 0x73c070
MANUAL: _ZN7AP_AHRS25Log_Write_Home_And_OriginEv @ 0x73c260
MANUAL: _ZNK7AP_AHRS12Write_OriginENS_13LogOriginTypeERK8Location @ 0x73c330
MANUAL: _ZN7NavEKF212setOriginLLHERK8Location @ 0x73c590
MANUAL: _ZN15AP_AHRS_Backend10set_originERK8Location @ 0xa785b0
MANUAL: _ZN12NavEKF3_core9setOriginERK8Location @ 0x73c910
MANUAL: _ZNK12NavEKF3_core16calcEarthRateNEDER7Vector3IdEi @ 0x73caa0
MANUAL: _ZNK11QuaternionTIdE7is_zeroEv @ 0xa78610
MANUAL: _ZN12NavEKF3_core24alignMagStateDeclinationEv @ 0x73cb90
MANUAL: _ZN12NavEKF3_core25setEarthFieldFromLocationERK8Location @ 0x73cd30
MANUAL: _ZNK14AP_DAL_Compass17have_scale_factorEh @ 0xa786e0
MANUAL: _ZNK14AP_DAL_Compass24auto_declination_enabledEv @ 0xa78750
MANUAL: _ZN12NavEKF3_core18getEarthFieldTableERK8Location @ 0x73ce30
MANUAL: _ZN14AP_Declination15get_declinationEff @ 0x73cf30
MANUAL: _ZNK12NavEKF3_core14MagDeclinationEv @ 0x73cfc0
MANUAL: _ZN12NavEKF3_core8zeroRowsERA24_A24_dhh @ 0x73d0a0
MANUAL: _ZN12NavEKF3_core8zeroColsERA24_A24_dhh @ 0x73d160
MANUAL: _ZN18NavEKF_core_common10zero_rangeEPdhh @ 0xa787b0
MANUAL: _ZN12NavEKF3_core13ForceSymmetryEv @ 0x73e280
MANUAL: _ZN12NavEKF3_core18ConstrainVariancesEv @ 0x73e3d0
MANUAL: _ZN11QuaternionTIdE9normalizeEv @ 0xa78840
MANUAL: _ZNK11QuaternionTIdE6lengthEv @ 0xa78920
MANUAL: _Z20constrain_value_lineIdET_S0_S0_S0_j @ 0xa789e0
MANUAL: _Z2sqI9AP_ParamTIfL11ap_var_type4EEEdT_ @ 0xa78b00
MANUAL: _ZNK9AP_ParamTIfL11ap_var_type4EEcvdEv @ 0xa78b60
MANUAL: _ZNK14AP_DAL_Compass15get_declinationEv @ 0xa78bb0
MANUAL: _ZL7radiansf.4333 @ 0x73ee40
MANUAL: _ZN6AP_DAL17log_SetOriginLLH2ERK8Location @ 0x73ee90
MANUAL: _ZL2sqf.4255 @ 0x73f960
MANUAL: _ZNK8Location21get_distance_NE_ftypeERKS_ @ 0x73fab0
MANUAL: _ZNK7Vector2IdEmlEd @ 0xa78c00
MANUAL: _ZN16EKF_IMU_buffer_tIN12NavEKF3_core15output_elementsEEixEj @ 0xa78c80
MANUAL: _ZNK14ekf_imu_buffer3getEh @ 0x73fd60
MANUAL: _ZNK14ekf_imu_buffer10get_offsetEh @ 0x73fdc0
MANUAL: _ZNK14AP_BattMonitor11consumed_whERfh @ 0x741960
MANUAL: _ZNK6AP_GPS8get_vdopEh @ 0xa78de0
MANUAL: _ZNK6AP_GPS16last_fix_time_msEh @ 0xa78e50
MANUAL: _ZNK6AP_GPS20last_message_time_msEh @ 0xa78ec0
MANUAL: _ZNK6AP_GPS22have_vertical_velocityEh @ 0xa78f30
MANUAL: _ZNK6AP_GPS18get_antenna_offsetEh @ 0x743ad0
MANUAL: _ZNK14AP_GPS_Blended18get_antenna_offsetEv @ 0xa78fb0
MANUAL: _ZNK6AP_GPS11gps_yaw_degEhRfS0_Rj @ 0x743ba0
MANUAL: _ZNK6AP_GPS11is_rtk_baseEh @ 0x743d90
MANUAL: _ZNK6AP_GPS12have_gps_yawEh @ 0xa79000
MANUAL: _ZNK12AP_Proximity10get_statusEv @ 0x744ad0
MANUAL: _ZNK12AP_Proximity11num_sensorsEv @ 0xa790a0
MANUAL: _ZNK11RangeFinder11num_sensorsEv @ 0xa790f0
MANUAL: _ZNK10AP_Vehicle18get_time_flying_msEv @ 0xa795b0
MANUAL: _ZN12SRV_Channels23get_output_channel_maskEN11SRV_Channel8FunctionE @ 0x74b8f0
MANUAL: _ZN11SRV_Channel9output_chEv @ 0x74c710
MANUAL: _ZN11SRV_Channel12set_overrideEb @ 0xa797b0
MANUAL: _ZN12SRV_Channels17set_output_scaledEN11SRV_Channel8FunctionEf @ 0x74d030
MANUAL: _ZN12SRV_Channels9set_angleEN11SRV_Channel8FunctionEt @ 0x74d2d0
MANUAL: _ZN12SRV_Channels9set_rangeEN11SRV_Channel8FunctionEt @ 0x74d390
MANUAL: _ZNK10AP_Mission5stateEv @ 0xa79b70
MANUAL: _ZN19AP_ServoRelayEvents13update_eventsEv @ 0x756040
MANUAL: _Z16constrain_uint16ttt @ 0xa7a0f0
MANUAL: _Z15constrain_valueItET_S0_S0_S0_ @ 0xa7a180
MANUAL: _ZNK10AP_Mission13option_is_setENS_6OptionE @ 0xa7a230
MANUAL: _ZNK9AP_Follow11have_targetEv @ 0x75a5e0
MANUAL: _ZN9AP_Follow13get_singletonEv @ 0xa7a950
MANUAL: _ZN12AP_Scripting19is_handling_commandEt @ 0x75ef60
MANUAL: _ZNK7Vector3IfE6is_infEv @ 0xa7b410
MANUAL: _ZN7Vector2IfE9normalizeEv @ 0xa7b740
MANUAL: _ZN7Vector2IfEdVEf @ 0xa7b7a0
MANUAL: _ZNK7Vector2IfE6is_infEv @ 0xa7b820
MANUAL: _ZN9AP_Logger19validate_structuresEPK12LogStructureh @ 0x790ef0
MANUAL: _ZN9AP_Logger15dump_structuresEPK12LogStructureh @ 0x791340
MANUAL: _ZN30LoggerMessageWriter_DFLogStartC2Ev @ 0xa7c660
MANUAL: _ZN9AP_Logger15start_io_threadEv @ 0x7913a0
MANUAL: _ZN9AP_Logger12EnableWritesEb @ 0xa7c780
MANUAL: _ZN7FunctorIvJEE4bindI9AP_LoggerXadL_ZNS2_9io_threadEvEEEES0_PT_ @ 0xa7c7f0
MANUAL: _ZN9AP_Logger9io_threadEv @ 0x7914c0
MANUAL: _ZN7FunctorIvJEE14method_wrapperI9AP_LoggerXadL_ZNS2_9io_threadEvEEEEvPv @ 0xa7c850
MANUAL: _ZL3MAXIjjEDTqugtfp_fp0_fp_fp0_ERKT_RKT0_.5595 @ 0x791640
MANUAL: _ZN9AP_Logger21check_crash_dump_saveEv @ 0x7916c0
MANUAL: _ZN9AP_Logger19file_content_updateEv @ 0x791840
MANUAL: _ZN9AP_Logger19file_content_updateERNS_11FileContentE @ 0x7919a0
MANUAL: _ZN19LoggerMessageWriterC2Ev @ 0xa7c900
MANUAL: _ZN32LoggerMessageWriter_WriteSysInfoC2Ev @ 0xa7c970
MANUAL: _ZN38LoggerMessageWriter_WriteEntireMissionC2Ev @ 0xa7c9e0
MANUAL: _ZN39LoggerMessageWriter_WriteAllRallyPointsC2Ev @ 0xa7ca50
MANUAL: _ZN35LoggerMessageWriter_Write_PolyfenceC2Ev @ 0xa7cad0
MANUAL: _ZN19LoggerMessageWriter18set_logger_backendEP17AP_Logger_Backend @ 0xa7cb40
MANUAL: _ZN17AP_Logger_Backend13Write_MessageEPKc @ 0x7921e0
MANUAL: _ZN30LoggerMessageWriter_DFLogStart7processEv @ 0x792fa0
MANUAL: _ZN30LoggerMessageWriter_DFLogStart18set_logger_backendEP17AP_Logger_Backend @ 0xa7cc20
MANUAL: _ZNK30LoggerMessageWriter_DFLogStart35out_of_time_for_writing_messages_dfEv @ 0x7935a0
MANUAL: _ZNK17AP_Logger_Backend9num_typesEv @ 0x793630
MANUAL: _ZNK17AP_Logger_Backend9structureEh @ 0x793680
MANUAL: _ZN14AP_Logger_File5probeER9AP_LoggerP30LoggerMessageWriter_DFLogStart @ 0xa7cce0
MANUAL: _ZN17AP_Logger_BackendC2ER9AP_LoggerP30LoggerMessageWriter_DFLogStart @ 0x793d70
MANUAL: _ZN17AP_Logger_Backend14periodic_tasksEv @ 0x794200
MANUAL: _ZN17AP_Logger_Backend24WriteMoreStartupMessagesEv @ 0x7946d0
MANUAL: _ZNK17AP_Logger_Backend15logging_enabledEv @ 0x7966f0
MANUAL: _ZN17AP_Logger_Backend13periodic_10HzEj @ 0x796820
MANUAL: _ZN17AP_Logger_Backend12periodic_1HzEv @ 0x796870
MANUAL: _ZN17AP_Logger_Backend15push_log_blocksEv @ 0x796900
MANUAL: _ZN17AP_Logger_Backend12df_stats_logEv @ 0x796960
MANUAL: _ZN17AP_Logger_Backend26Write_AP_Logger_Stats_FileERKNS_8df_statsE @ 0x7969d0
MANUAL: _ZN17AP_Logger_Backend14df_stats_clearEv @ 0x796ae0
MANUAL: _ZNK17AP_Logger_Backend31critical_message_reserved_spaceEj @ 0xa7d8f0
MANUAL: _ZN9AP_Logger16get_max_num_logsEv @ 0x79ab00
MANUAL: _ZN14AP_Logger_FileC2ER9AP_LoggerP30LoggerMessageWriter_DFLogStart @ 0x79abd0
MANUAL: _ZNK14AP_Logger_File12CardInsertedEv @ 0x79ad00
MANUAL: _ZN14AP_Logger_File13find_last_logEv @ 0x79ae30
MANUAL: _ZN14AP_Logger_File15find_oldest_logEv @ 0x79b7b0
MANUAL: _ZNK14AP_Logger_File15logging_startedEv @ 0xa7dd80
MANUAL: _ZN14AP_Logger_File4InitEv @ 0x79ba30
MANUAL: _ZN14AP_Logger_File21bufferspace_availableEv @ 0x79bcb0
MANUAL: _ZNK14AP_Logger_File14logging_failedEv @ 0x79c2c0
MANUAL: _ZN14AP_Logger_File8io_timerEv @ 0x79c380
MANUAL: _ZN14AP_Logger_File12periodic_1HzEv @ 0x79c950
MANUAL: _ZN14AP_Logger_File17periodic_fullrateEv @ 0x79cc00
MANUAL: _ZN7AP_AHRS6updateEb @ 0x79d100
MANUAL: _ZN7AP_AHRS18update_orientationEv @ 0x79d440
MANUAL: _ZN17AP_InertialSensor6updateEv @ 0x79d540
MANUAL: _ZN7AP_AHRS18load_watchdog_homeEv @ 0x79da90
MANUAL: _ZN7AP_AHRS29update_trim_rotation_matricesEv @ 0x79dbb0
MANUAL: _ZN7AP_AHRS10update_DCMEv @ 0x79dcc0
MANUAL: _ZN7AP_AHRS12update_flagsEv @ 0x79dd60
MANUAL: _ZN7AP_AHRS11update_SITLEv @ 0x79de20
MANUAL: _ZN7AP_AHRS15update_externalEv @ 0x79ded0
MANUAL: _ZN7AP_AHRS11update_EKF2Ev @ 0x79dff0
MANUAL: _ZN7AP_AHRS11update_EKF3Ev @ 0x79e4e0
MANUAL: _ZNK7AP_AHRS14get_gyro_driftEv @ 0xa7dde0
MANUAL: _ZN7AP_AHRS14update_AOA_SSAEv @ 0x79ecd0
MANUAL: _ZNK7AP_AHRS16_active_EKF_typeEv @ 0x79ed20
MANUAL: _ZN7AP_AHRS12update_stateEv @ 0x79f250
MANUAL: _ZNK7AP_AHRS23_get_primary_gyro_indexEv @ 0x79f4f0
MANUAL: _ZNK7AP_AHRS23_get_primary_core_indexEv @ 0x79f5a0
MANUAL: _ZNK7AP_AHRS14_wind_estimateER7Vector3IfE @ 0x79f670
MANUAL: _ZN15AP_AHRS_Backend11get_EAS2TASEv @ 0x79f7a0
MANUAL: _ZNK7AP_AHRS13_airspeed_EASERfRNS_20AirspeedEstimateTypeE @ 0x79f7e0
MANUAL: _ZNK7AP_AHRS13_airspeed_TASERf @ 0x79fd60
MANUAL: _ZNK7AP_AHRS13_airspeed_TASER7Vector3IfE @ 0x79fe70
MANUAL: _ZNK7AP_AHRS15_get_quaternionER11QuaternionTIfE @ 0x79ff50
MANUAL: _ZNK7AP_AHRS23_get_secondary_attitudeER7Vector3IfE @ 0x7a0110
MANUAL: _ZNK7AP_AHRS25_get_secondary_quaternionER11QuaternionTIfE @ 0x7a0310
MANUAL: _ZNK7AP_AHRS13_get_locationER8Location @ 0x7a04c0
MANUAL: _ZNK7AP_AHRS23_get_secondary_positionER8Location @ 0x7a0640
MANUAL: _ZN7AP_AHRS19_groundspeed_vectorEv @ 0x7a0790
MANUAL: _ZN7AP_AHRS12_groundspeedEv @ 0x7a08c0
MANUAL: _ZNK7AP_AHRS29_getCorrectedDeltaVelocityNEDER7Vector3IfERf @ 0x7a0990
MANUAL: _ZNK7AP_AHRS17_get_velocity_NEDER7Vector3IfE @ 0x7a0c20
MANUAL: _ZNK7NavEKF39getVelNEDER7Vector3IfE @ 0x7a0de0
MANUAL: _ZNK11AP_AHRS_DCM16get_velocity_NEDER7Vector3IfE @ 0x7a0fb0
MANUAL: _ZNK12NavEKF3_core9getVelNEDER7Vector3IfE @ 0x7a1110
MANUAL: _ZNK7NavEKF312getAccelBiasEaR7Vector3IfE @ 0x7a1300
MANUAL: _ZNK17AP_InertialSensor18get_delta_velocityER7Vector3IfERf @ 0xa7de40
MANUAL: _ZNK17AP_InertialSensor18get_delta_velocityEhR7Vector3IfERf @ 0x7a13d0
MANUAL: _ZNK7AP_AHRS43get_rotation_autopilot_body_to_vehicle_bodyEv @ 0xa7ded0
MANUAL: _ZNK17AP_InertialSensor14get_delta_timeEv @ 0xa7df20
MANUAL: _ZL3MINIffEDTqultfp_fp0_fp_fp0_ERKT_RKT0_.3149 @ 0x7a1580
MANUAL: _ZL3MINIffEDTqultfp_fp0_fp_fp0_ERKT_RKT0_.1609 @ 0x7a1610
MANUAL: _ZNK12NavEKF3_core12getAccelBiasER7Vector3IfE @ 0x7a16a0
MANUAL: _ZN15AP_AHRS_Backend11groundspeedEv @ 0xa7df90
MANUAL: _ZN11AP_AHRS_DCM18groundspeed_vectorEv @ 0x7a1820
MANUAL: _ZNK15AP_AHRS_Backend12airspeed_TASERf @ 0xa7dff0
MANUAL: _ZL7radiansf.1596 @ 0x7a1d90
MANUAL: _ZNK7AP_AHRS23_get_secondary_EKF_typeERNS_7EKFTypeE @ 0x7a1de0
MANUAL: _ZNK7NavEKF36getLLHER8Location @ 0x7a1fd0
MANUAL: _ZNK15AP_AHRS_Backend9Estimates12get_locationER8Location @ 0xa7e110
MANUAL: _ZNK12NavEKF3_core6getLLHER8Location @ 0x7a2070
MANUAL: _ZNK12NavEKF3_core9getGPSLLHER8Location @ 0x7a2300
MANUAL: _ZNK7AP_AHRS24fallback_active_EKF_typeEv @ 0x7a2640
MANUAL: _ZNK11AP_AHRS_DCM14get_quaternionER11QuaternionTIfE @ 0x7a2690
MANUAL: _ZNK7NavEKF313getQuaternionER11QuaternionTIfE @ 0x7a2790
MANUAL: _ZN11QuaternionTIfE6rotateERK7Vector3IfE @ 0xa7e200
MANUAL: _ZN11QuaternionTIfE15from_axis_angleE7Vector3IfE @ 0xa7e2b0
MANUAL: _ZN15AP_ExternalAHRS14get_quaternionER11QuaternionTIfE @ 0x7a2890
MANUAL: _ZNK12NavEKF3_core13getQuaternionER11QuaternionTIfE @ 0x7a2940
MANUAL: _ZNK11QuaternionTIdE7tofloatEv @ 0xa7e390
MANUAL: _ZNK7NavEKF314getEulerAnglesER7Vector3IfE @ 0x7a2af0
MANUAL: _ZNK7NavEKF312getAirSpdVecER7Vector3IfE @ 0x7a2cd0
MANUAL: _ZNK12NavEKF3_core12getAirSpdVecER7Vector3IfE @ 0x7a2d70
MANUAL: _ZNK11QuaternionTIdE7inverseEv @ 0xa7e410
MANUAL: _ZNK7AP_AHRS25get_active_airspeed_indexEv @ 0x7a3170
MANUAL: _ZNK7AP_AHRS27_should_use_airspeed_sensorEh @ 0x7a3270
MANUAL: _ZNK7AP_AHRS27get_wind_estimation_enabledEv @ 0xa7e4c0
MANUAL: _ZNK11AP_AHRS_DCM12airspeed_EASEhRf @ 0x7a3390
MANUAL: _ZNK7NavEKF37getWindER7Vector3IfE @ 0x7a3580
MANUAL: _ZNK12NavEKF3_core7getWindER7Vector3IfE @ 0x7a36a0
MANUAL: _ZNK11AP_AHRS_DCM30get_unconstrained_airspeed_EASEhRf @ 0x7a3740
MANUAL: _ZN15AP_AHRS_Backend23airspeed_sensor_enabledEh @ 0xa7e580
MANUAL: _ZN15AP_AHRS_Backend11get_TAS2EASEv @ 0xa7e620
MANUAL: _ZNK7AP_AHRS23airspeed_sensor_enabledEh @ 0xa7e660
MANUAL: _ZNK7AP_AHRS10option_setENS_7OptionsE @ 0xa7e6c0
MANUAL: _ZNK7NavEKF317getActiveAirspeedEv @ 0x7a3870
MANUAL: _ZNK12NavEKF3_core17getActiveAirspeedEv @ 0x7a3900
MANUAL: _ZNK7AP_Baro12_get_EAS2TASEv @ 0x7a3950
MANUAL: _ZNK7AP_Baro20get_EAS2TAS_extendedEf @ 0x7a39c0
MANUAL: _ZNK11AP_AHRS_DCM13wind_estimateER7Vector3IfE @ 0xa7e740
MANUAL: _ZNK7NavEKF319getPrimaryCoreIndexEv @ 0x7a3c90
MANUAL: _ZNK7NavEKF326configuredToUseGPSForPosXYEv @ 0x7a3eb0
MANUAL: _ZNK11AP_AHRS_DCM20yaw_source_availableEv @ 0x7a3f30
MANUAL: _ZNK16AP_NavEKF_Source14getPosXYSourceEh @ 0xa7e820
MANUAL: _ZNK7AP_AHRS9calc_trigERK7Matrix3IfERfS4_S4_S4_S4_S4_ @ 0x7a3fe0
MANUAL: _ZNK9AP_Logger15allow_start_ekfEv @ 0x7a43d0
MANUAL: _ZN7NavEKF316InitialiseFilterEv @ 0x7a44a0
MANUAL: _ZN7NavEKF312UpdateFilterEv @ 0x7a4aa0
MANUAL: _ZNK7NavEKF320getRotationBodyToNEDER7Matrix3IfE @ 0x7a5070
MANUAL: _ZN7AP_AHRS16update_cd_valuesEv @ 0x7a5100
MANUAL: _ZN7AP_AHRS11update_trigEv @ 0x7a5240
MANUAL: _ZNK17AP_InertialSensor22get_first_usable_accelEv @ 0xa7e8a0
MANUAL: _ZNK7NavEKF311getGyroBiasEaR7Vector3IfE @ 0x7a5320
MANUAL: _ZN7AP_AHRS32update_notify_from_filter_statusERK17nav_filter_status @ 0x7a53f0
MANUAL: _ZNK12NavEKF3_core11getGyroBiasER7Vector3IfE @ 0x7a54a0
MANUAL: _ZL7degreesf.1550 @ 0x7a5580
MANUAL: _ZN6AP_DAL11start_frameENS_9FrameTypeE @ 0x7a55d0
MANUAL: _ZNK6AP_DAL8micros64Ev @ 0xa7e8f0
MANUAL: _ZNK12NavEKF3_core21getFramesSincePredictEv @ 0x7a5ab0
MANUAL: _ZN6AP_DAL22ekf_low_time_remainingENS_7EKFTypeEh @ 0x7a5b10
MANUAL: _ZN12NavEKF3_core12UpdateFilterEb @ 0x7a5c50
MANUAL: _ZNK6AP_DAL9get_armedEv @ 0xa7e940
MANUAL: _ZN7NavEKF315resetCoreErrorsEv @ 0x7a6250
MANUAL: _ZN16AP_NavEKF_Source22align_inactive_sourcesEv @ 0x7a62e0
MANUAL: _ZNK16AP_NavEKF_Source14getVelXYSourceEh @ 0xa7e9a0
MANUAL: _ZNK16AP_NavEKF_Source13getPosZSourceEh @ 0x7a6590
MANUAL: _ZNK7AP_EnumIN16AP_NavEKF_Source7SourceZEEcvKS1_Ev @ 0xa7ea20
MANUAL: _ZN18NavEKF_core_common22fill_scratch_variablesEv @ 0x7a6800
MANUAL: _ZN12NavEKF3_core23update_sensor_selectionEv @ 0x7a68a0
MANUAL: _ZN12NavEKF3_core18controlFilterModesEv @ 0x7a6910
MANUAL: _ZN12NavEKF3_core11readIMUDataEb @ 0x7a69e0
MANUAL: _ZN12NavEKF3_core27UpdateStrapdownEquationsNEDEv @ 0x7a72b0
MANUAL: _ZN12NavEKF3_core20CovariancePredictionEP7Vector3IdE @ 0x7a7790
MANUAL: _ZN12NavEKF3_core25runYawEstimatorPredictionEv @ 0x7b1f80
MANUAL: _ZN12NavEKF3_core15SelectMagFusionEv @ 0x7b20e0
MANUAL: _ZN12NavEKF3_core18SelectVelPosFusionEv @ 0x7b2e10
MANUAL: _ZN12NavEKF3_core25runYawEstimatorCorrectionEv @ 0x7b37d0
MANUAL: _ZN12NavEKF3_core18SelectRngBcnFusionEv @ 0x7b39c0
MANUAL: _ZN12NavEKF3_core16SelectFlowFusionEv @ 0x7b3af0
MANUAL: _ZN12NavEKF3_core20SelectBodyOdomFusionEv @ 0x7b3dd0
MANUAL: _ZN12NavEKF3_core15SelectTasFusionEv @ 0x7b4080
MANUAL: _ZN12NavEKF3_core20SelectBetaDragFusionEv @ 0x7b4180
MANUAL: _ZN12NavEKF3_core18updateFilterStatusEv @ 0x7b4440
MANUAL: _ZN12NavEKF3_core13moveEKFOriginEv @ 0x7b4d80
MANUAL: _ZN12NavEKF3_core21checkUpdateEarthFieldEv @ 0x7b4f30
MANUAL: _ZN12NavEKF3_core16calcOutputStatesEv @ 0x7b4ff0
MANUAL: _ZN12NavEKF3_core25InitialiseFilterBootstrapEv @ 0x7b5ef0
MANUAL: _ZN12NavEKF3_core11readMagDataEv @ 0x7b6340
MANUAL: _ZN12NavEKF3_core11readGpsDataEv @ 0x7b6850
MANUAL: _ZN12NavEKF3_core14readGpsYawDataEv @ 0x7b71e0
MANUAL: _ZN12NavEKF3_core12readBaroDataEv @ 0x7b7310
MANUAL: _ZNK16EKF_IMU_buffer_tIN12NavEKF3_core12imu_elementsEE9is_filledEv @ 0xa7ea70
MANUAL: _ZN12NavEKF3_core19InitialiseVariablesEv @ 0x7b7480
MANUAL: _ZN6AP_DAL3insEv @ 0xa7ead0
MANUAL: _ZNK21AP_DAL_InertialSensor9get_accelEh @ 0xa7eb20
MANUAL: _ZN7Vector3IdE9normalizeEv @ 0xa7eb90
MANUAL: _ZN11QuaternionTIdE10from_eulerEddd @ 0xa7ebf0
MANUAL: _ZN12NavEKF3_core13ResetVelocityENS_15resetDataSourceE @ 0x7b81b0
MANUAL: _ZN12NavEKF3_core13ResetPositionENS_15resetDataSourceE @ 0x7b85b0
MANUAL: _ZN12NavEKF3_core11ResetHeightEv @ 0x7b8b40
MANUAL: _ZNK6AP_DAL8get_homeEv @ 0xa7eda0
MANUAL: _ZN12NavEKF3_core14CovarianceInitEv @ 0x7b8f40
MANUAL: _ZN12NavEKF3_core16StoreOutputResetEv @ 0x7b91e0
MANUAL: _ZL2sqf.4316 @ 0x7b9340
MANUAL: _ZNK12NavEKF3_core26InitialGyroBiasUncertaintyEv @ 0x7b9390
MANUAL: _ZL7radiansd.4328 @ 0x7b93e0
MANUAL: _ZNK16AP_NavEKF_Source13useVelZSourceENS_7SourceZEh @ 0x7b94b0
MANUAL: _ZNK12NavEKF3_core26CorrectGPSForAntennaOffsetERNS_12gps_elementsE @ 0x7b95e0
MANUAL: _ZL3MAXId9AP_ParamTIfL11ap_var_type4EEEDTqugtfp_fp0_fp_fp0_ERKT_RKT0_.4258 @ 0x7b97f0
MANUAL: _ZNK10AP_DAL_GPS18get_antenna_offsetEh @ 0xa7edf0
MANUAL: _ZNK7Vector3IdErmERKS0_ @ 0xa7ee60
MANUAL: _ZNK7Matrix3IdE13mul_transposeERK7Vector3IdE @ 0xa7ef40
MANUAL: _ZL3MAXI9AP_ParamTIfL11ap_var_type4EEdEDTqugtfp_fp0_fp_fp0_ERKT_RKT0_ @ 0x7b98a0
MANUAL: _ZN7Vector3IdEdVEd @ 0xa7f050
MANUAL: _ZNK21AP_DAL_InertialSensor16get_loop_delta_tEv @ 0xa7f0e0
MANUAL: _ZL3MAXIhhEDTqugtfp_fp0_fp_fp0_ERKT_RKT0_.4315 @ 0x7b9940
MANUAL: _ZN7Matrix3IdE4zeroEv @ 0xa7f130
MANUAL: _ZN12NavEKF3_core12BeaconFusion19InitialiseVariablesEv @ 0x7b99c0
MANUAL: _ZN16EKF_IMU_buffer_tIN12NavEKF3_core12imu_elementsEE5resetEv @ 0xa7f190
MANUAL: _ZN16EKF_obs_buffer_tIN12NavEKF3_core12gps_elementsEE5resetEv @ 0xa7f1e0
MANUAL: _ZN16EKF_obs_buffer_tIN12NavEKF3_core13baro_elementsEE5resetEv @ 0xa7f230
MANUAL: _ZN16EKF_obs_buffer_tIN12NavEKF3_core12tas_elementsEE5resetEv @ 0xa7f280
MANUAL: _ZN16EKF_obs_buffer_tIN12NavEKF3_core14range_elementsEE5resetEv @ 0xa7f2d0
MANUAL: _ZN16EKF_IMU_buffer_tIN12NavEKF3_core15output_elementsEE5resetEv @ 0xa7f320
MANUAL: _ZN16EKF_obs_buffer_tIN12NavEKF3_core16rng_bcn_elementsEE5resetEv @ 0xa7f370
MANUAL: _ZN16EKF_obs_buffer_tIN12NavEKF3_core16vel_odm_elementsEE5resetEv @ 0xa7f3c0
MANUAL: _ZN16EKF_obs_buffer_tIN12NavEKF3_core18wheel_odm_elementsEE5resetEv @ 0xa7f410
MANUAL: _ZN16EKF_obs_buffer_tIN12NavEKF3_core16ext_nav_elementsEE5resetEv @ 0xa7f460
MANUAL: _ZN16EKF_obs_buffer_tIN12NavEKF3_core20ext_nav_vel_elementsEE5resetEv @ 0xa7f4b0
MANUAL: _ZN12NavEKF3_core22InitialiseVariablesMagEv @ 0x7b9cd0
MANUAL: _ZNK12NavEKF3_core16effective_magCalEv @ 0x7b9e40
MANUAL: _ZNK14AP_DAL_Compass16get_first_usableEv @ 0xa7f500
MANUAL: _ZN11QuaternionTIdE10initialiseEv @ 0xa7f550
MANUAL: _ZN16EKF_obs_buffer_tIN12NavEKF3_core12mag_elementsEE5resetEv @ 0xa7f5c0
MANUAL: _ZN16EKF_obs_buffer_tIN12NavEKF3_core12yaw_elementsEE5resetEv @ 0xa7f610
MANUAL: _ZN15ekf_ring_buffer5resetEv @ 0x7b9f20
MANUAL: _ZN14ekf_imu_buffer5resetEv @ 0x7b9f70
MANUAL: _ZNK14ekf_imu_buffer9is_filledEv @ 0xa7f710
MANUAL: _ZNK11AP_DAL_Baro15get_last_updateEh @ 0xa7f770
MANUAL: _ZNK11AP_DAL_Baro12get_altitudeEh @ 0xa7f7e0
MANUAL: _ZN16EKF_obs_buffer_tIN12NavEKF3_core13baro_elementsEE4pushERKS1_ @ 0xa7f850
MANUAL: _ZNK10AP_DAL_GPS11gps_yaw_degEhRfS0_Rj @ 0xa7f8c0
MANUAL: _ZL3MAXIfdEDTqugtfp_fp0_fp_fp0_ERKT_RKT0_ @ 0x7b9fe0
MANUAL: _ZNK10AP_DAL_GPS20last_message_time_msEh @ 0xa7f9e0
MANUAL: _ZNK10AP_DAL_GPS7get_lagEhRf @ 0xa7fa50
MANUAL: _ZL3MINIjjEDTqultfp_fp0_fp_fp0_ERKT_RKT0_.4133 @ 0x7ba1e0
MANUAL: _ZNK10AP_DAL_GPS8velocityEh @ 0xa7fb00
MANUAL: _ZNK10AP_DAL_GPS22have_vertical_velocityEh @ 0xa7fb70
MANUAL: _ZNK10AP_DAL_GPS14speed_accuracyEhRf @ 0xa7fbf0
MANUAL: _ZL3MAXIdfEDTqugtfp_fp0_fp_fp0_ERKT_RKT0_.4129 @ 0x7ba260
MANUAL: _ZL3MINIdfEDTqultfp_fp0_fp_fp0_ERKT_RKT0_ @ 0x7ba300
MANUAL: _ZL3MAXId9AP_ParamTIfL11ap_var_type4EEEDTqugtfp_fp0_fp_fp0_ERKT_RKT0_ @ 0x7ba3a0
MANUAL: _ZNK10AP_DAL_GPS19horizontal_accuracyEhRf @ 0xa7fca0
MANUAL: _ZNK10AP_DAL_GPS17vertical_accuracyEhRf @ 0xa7fd50
MANUAL: _ZNK10AP_DAL_GPS8num_satsEh @ 0xa7fe00
MANUAL: _ZN12NavEKF3_core18calcGpsGoodToAlignEv @ 0x7ba450
MANUAL: _ZN12NavEKF3_core20calcGpsGoodForFlightEv @ 0x7bb3b0
MANUAL: _ZN16EKF_obs_buffer_tIN12NavEKF3_core12gps_elementsEE4pushERKS1_ @ 0xa7fe70
MANUAL: _ZL3MAXIddEDTqugtfp_fp0_fp_fp0_ERKT_RKT0_.4294 @ 0x7bb870
MANUAL: _ZL3MINIdfEDTqultfp_fp0_fp_fp0_ERKT_RKT0_.4281 @ 0x7bb8f0
MANUAL: _ZNK10AP_DAL_GPS8get_hdopEh @ 0xa7fee0
MANUAL: _ZNK14AP_DAL_Compass9availableEv @ 0xa7ff50
MANUAL: _ZNK14AP_DAL_Compass9get_countEv @ 0xa7ffb0
MANUAL: _ZNK14AP_DAL_Compass21learn_offsets_enabledEv @ 0xa80000
MANUAL: _ZNK14AP_DAL_Compass7healthyEh @ 0xa80060
MANUAL: _ZNK14AP_DAL_Compass16last_update_usecEh @ 0xa800d0
MANUAL: _ZNK14AP_DAL_Compass11get_offsetsEh @ 0xa80140
MANUAL: _ZNK7Vector3IdEneERKS0_ @ 0xa801b0
MANUAL: _ZN12NavEKF3_core12mag_elementsC2Ev @ 0xa80280
MANUAL: _ZNK14AP_DAL_Compass9get_fieldEh @ 0xa802e0
MANUAL: _ZNK14AP_DAL_Compass10consistentEv @ 0xa80350
MANUAL: _ZN16EKF_obs_buffer_tIN12NavEKF3_core12mag_elementsEE4pushERKS1_ @ 0xa803b0
MANUAL: _Z8is_equalIddENSt3__19enable_ifIXsr3std17is_floating_pointINS0_11common_typeIJT_T0_EE4typeEEE5valueEbE4typeES3_S4_ @ 0xa80420
MANUAL: _ZN12NavEKF3_core17correctDeltaAngleER7Vector3IdEdh @ 0x7bbbd0
MANUAL: _ZN12NavEKF3_core20correctDeltaVelocityER7Vector3IdEdh @ 0x7bbc90
MANUAL: _ZN11QuaternionTIdEC2Ev @ 0xa804a0
MANUAL: _ZN11QuaternionTIdE15from_axis_angleE7Vector3IdE @ 0xa80510
MANUAL: _ZN11QuaternionTIdEmLERKS0_ @ 0xa805d0
MANUAL: _ZNK11QuaternionTIdE15rotation_matrixER7Matrix3IdE @ 0xa80770
MANUAL: _ZNK21AP_DAL_InertialSensor8get_gyroEh @ 0xa80960
MANUAL: _ZNK7Vector3IdEngEv @ 0xa809d0
MANUAL: _ZNK6AP_DAL20get_takeoff_expectedEv @ 0xa80a70
MANUAL: _ZN16EKF_IMU_buffer_tIN12NavEKF3_core12imu_elementsEE18get_youngest_indexEv @ 0xa80ae0
MANUAL: _ZN16EKF_IMU_buffer_tIN12NavEKF3_core12imu_elementsEE16get_oldest_indexEv @ 0xa80b40
MANUAL: _ZNK11QuaternionTIdEdvERKS0_ @ 0xa80ba0
MANUAL: _ZN11QuaternionTIdEixEh @ 0xa80dc0
MANUAL: _ZL3MAXIddEDTqugtfp_fp0_fp_fp0_ERKT_RKT0_.4344 @ 0x7bbdb0
MANUAL: _ZN12NavEKF3_core15output_elementsC2Ev @ 0xa80e30
MANUAL: _ZNK14ekf_imu_buffer16get_oldest_indexEv @ 0xa80eb0
MANUAL: _ZNK14ekf_imu_buffer18get_youngest_indexEv @ 0xa80f00
MANUAL: _ZN11QuaternionTIdE15from_axis_angleERK7Vector3IdEd @ 0xa80f50
MANUAL: _ZNK6AP_DAL22get_touchdown_expectedEv @ 0xa81070
MANUAL: _ZNK6AP_DAL11get_EAS2TASEv @ 0xa81150
MANUAL: _ZN7Vector3IdEixEh @ 0xa81210
MANUAL: _ZNK7Vector3IdEixEh @ 0xa81280
MANUAL: _ZN7Vector2IdEixEh @ 0xa812f0
MANUAL: _ZN15ekf_ring_buffer6recallEPvj @ 0x7c2910
MANUAL: _ZNK15ekf_ring_buffer7time_msEh @ 0x7c2a70
MANUAL: _ZN12NavEKF3_core14readAirSpdDataEv @ 0x7c2ae0
MANUAL: _ZNK12NavEKF3_core11useAirspeedEv @ 0x7c47b0
MANUAL: _ZNK6AP_DAL23airspeed_sensor_enabledEv @ 0xa81610
MANUAL: _ZN16EKF_obs_buffer_tIN12NavEKF3_core16vel_odm_elementsEE6recallERS1_j @ 0xa81680
MANUAL: _ZN16EKF_obs_buffer_tIN12NavEKF3_core18wheel_odm_elementsEE6recallERS1_j @ 0xa81700
MANUAL: _ZN12NavEKF3_core11of_elementsC2Ev @ 0xa81780
MANUAL: _ZN16EKF_obs_buffer_tIN12NavEKF3_core11of_elementsEE6recallERS1_j @ 0xa81810
MANUAL: _ZN12NavEKF3_core14readRngBcnDataEv @ 0x7d1700
MANUAL: _ZN12NavEKF3_core16rng_bcn_elementsC2Ev @ 0xa819f0
MANUAL: _ZN12NavEKF3_core17bestRotationOrderERNS_13rotationOrderE @ 0x7d5b50
MANUAL: _ZN12NavEKF3_core21resetQuatStateYawOnlyEddNS_13rotationOrderE @ 0x7d5c40
MANUAL: _ZN12NavEKF3_core24recordYawResetsCompletedEv @ 0x7d5f10
MANUAL: _ZNK11QuaternionTIdE8to_eulerERdS1_S1_ @ 0xa81d60
MANUAL: _ZNK11QuaternionTIdE12to_vector312Ev @ 0xa81e10
MANUAL: _ZN12NavEKF3_core15StoreQuatRotateERK11QuaternionTIdE @ 0x7d5f90
MANUAL: _ZNK11QuaternionTIdEmlERKS0_ @ 0xa81f60
MANUAL: _ZN7Matrix3IdE13from_euler312Eddd @ 0xa82150
MANUAL: _ZNK7Matrix3IdE11to_euler312Ev @ 0xa827f0
MANUAL: _ZN7Matrix3IdEixEh @ 0xa828e0
MANUAL: _ZN16EKF_obs_buffer_tIN12NavEKF3_core16ext_nav_elementsEE6recallERS1_j @ 0xa82a50
MANUAL: _ZN16EKF_obs_buffer_tIN12NavEKF3_core20ext_nav_vel_elementsEE6recallERS1_j @ 0xa82ad0
MANUAL: _ZNK12NavEKF3_core35CalculateVelInnovationsAndVariancesERK7Vector3IdEddRS1_S4_ @ 0x7d84d0
MANUAL: _ZN16EKF_obs_buffer_tIN12NavEKF3_core12gps_elementsEE6recallERS1_j @ 0xa82b50
MANUAL: _ZN12NavEKF3_core21selectHeightForFusionEv @ 0x7d8b10
MANUAL: _ZN12NavEKF3_core13FuseVelPosNEDEv @ 0x7da010
MANUAL: _ZL3MAXIdfEDTqugtfp_fp0_fp_fp0_ERKT_RKT0_.4269 @ 0x7dc360
MANUAL: _ZL3MAXI9AP_ParamTIfL11ap_var_type4EEfEDTqugtfp_fp0_fp_fp0_ERKT_RKT0_.4270 @ 0x7dc400
MANUAL: _ZN12NavEKF3_core15readRangeFinderEv @ 0x7dc490
MANUAL: _ZN16EKF_obs_buffer_tIN12NavEKF3_core14range_elementsEE6recallERS1_j @ 0xa82bd0
MANUAL: _ZN16EKF_obs_buffer_tIN12NavEKF3_core13baro_elementsEE6recallERS1_j @ 0xa82ca0
MANUAL: _ZN2AP11rangefinderEv @ 0x7dcf70
MANUAL: _ZL3MAXIddEDTqugtfp_fp0_fp_fp0_ERKT_RKT0_.4118 @ 0x7dd060
MANUAL: _ZL3MAXI9AP_ParamTIfL11ap_var_type4EEfEDTqugtfp_fp0_fp_fp0_ERKT_RKT0_.4107 @ 0x7dd230
MANUAL: _ZN12NavEKF3_core12fuseEulerYawENS_15yawFusionMethodE @ 0x7dd2c0
MANUAL: _ZN16EKF_obs_buffer_tIN12NavEKF3_core12yaw_elementsEE6recallERS1_j @ 0xa82f30
MANUAL: _ZN16EKF_obs_buffer_tIN12NavEKF3_core12mag_elementsEE6recallERS1_j @ 0xa82fb0
MANUAL: _ZN12NavEKF3_core18controlMagYawResetEv @ 0x7df260
MANUAL: _ZN7Matrix3IdEC2Eddddddddd @ 0xa83030
MANUAL: _ZNK7Matrix3IdEixEh @ 0xa83180
MANUAL: _ZL3MAXIdfEDTqugtfp_fp0_fp_fp0_ERKT_RKT0_.4105 @ 0x7e60b0
MANUAL: _ZN12NavEKF3_core17MagTableConstrainEv @ 0x7e6150
MANUAL: _ZNK11QuaternionTIdE13to_axis_angleER7Vector3IdE @ 0xa831f0
MANUAL: _ZN12NavEKF3_core13setYawFromMagEv @ 0x7e6280
MANUAL: _ZN12NavEKF3_core19resetMagFieldStatesEv @ 0x7e64b0
MANUAL: _ZNK7Matrix3IdE10transposedEv @ 0xa83330
MANUAL: _ZN12NavEKF3_core14recordMagResetEv @ 0x7e66e0
MANUAL: _ZN7Matrix3IdEC2ERK7Vector3IdES4_S4_ @ 0xa833f0
MANUAL: _ZNK11QuaternionTIdE8to_eulerER7Vector3IdE @ 0xa834c0
MANUAL: _ZL3MAXI9AP_ParamTIfL11ap_var_type4EEfEDTqugtfp_fp0_fp_fp0_ERKT_RKT0_.4355 @ 0x7e67a0
MANUAL: _ZN10EKFGSF_yaw6updateERK7Vector3IdES3_ddbd @ 0x7e68d0
MANUAL: _ZN10EKFGSF_yaw9alignTiltEv @ 0x7e70f0
MANUAL: _ZN10EKFGSF_yaw7predictEh @ 0x7e7360
MANUAL: _ZN10EKFGSF_yaw11predictAHRSEh @ 0x7e7eb0
MANUAL: _ZL7radiansf.3596 @ 0x7e8430
MANUAL: _ZL2sqf.3597 @ 0x7e8480
MANUAL: _ZNK10EKFGSF_yaw12updateRotMatERK7Matrix3IdERK7Vector3IdE @ 0x7e84d0
MANUAL: _ZNK7Matrix3IdEmlERKS0_ @ 0xa83540
MANUAL: _ZN12NavEKF3_core21calcTiltErrorVarianceEv @ 0x7e8db0
MANUAL: _ZN12NavEKF3_core23verifyTiltErrorVarianceEv @ 0x7e9490
MANUAL: _ZL3MINIffEDTqultfp_fp0_fp_fp0_ERKT_RKT0_.4336 @ 0x7e9890
MANUAL: _ZN11QuaternionTIdE6rotateERK7Vector3IdE @ 0xa837b0
MANUAL: _ZN12NavEKF3_core15ConstrainStatesEv @ 0x7e9920
MANUAL: _ZNK21AP_DAL_InertialSensor9use_accelEh @ 0xa83870
MANUAL: _ZNK21AP_DAL_InertialSensor8use_gyroEh @ 0xa83940
MANUAL: _ZN12NavEKF3_core19learnInactiveBiasesEv @ 0x7e9d60
MANUAL: _ZN12NavEKF3_core19updateMovementCheckEv @ 0x7ea2d0
MANUAL: _ZN12NavEKF3_core17readDeltaVelocityEhR7Vector3IdERd @ 0x7eab70
MANUAL: _ZNK21AP_DAL_InertialSensor18get_imu_pos_offsetEh @ 0xa83a10
MANUAL: _ZN12NavEKF3_core14readDeltaAngleEhR7Vector3IdERd @ 0x7eacc0
MANUAL: _ZN16EKF_IMU_buffer_tIN12NavEKF3_core12imu_elementsEE21push_youngest_elementES1_ @ 0xa83a80
MANUAL: _ZN12NavEKF3_core14SampleDragDataERKNS_12imu_elementsE @ 0x7eade0
MANUAL: _ZN16EKF_IMU_buffer_tIN12NavEKF3_core12imu_elementsEE18get_oldest_elementEv @ 0xa83ae0
MANUAL: _ZN12NavEKF3_core22updateTimingStatisticsEv @ 0x7eb090
MANUAL: _ZL3MINIfdEDTqultfp_fp0_fp_fp0_ERKT_RKT0_ @ 0x7eb340
MANUAL: _ZN12NavEKF3_core12imu_elementsC2Ev @ 0xa83b60
MANUAL: _ZN14ekf_imu_buffer18get_oldest_elementEPv @ 0x7eb3e0
MANUAL: _ZN14ekf_imu_buffer21push_youngest_elementEPKv @ 0x7eb4a0
MANUAL: _ZNK21AP_DAL_InertialSensor14get_gyro_countEv @ 0xa83c40
MANUAL: _ZNK21AP_DAL_InertialSensor15get_delta_angleEhR7Vector3IfERf @ 0xa83c90
MANUAL: _ZNK21AP_DAL_InertialSensor15get_accel_countEv @ 0xa83d90
MANUAL: _ZNK21AP_DAL_InertialSensor18get_delta_velocityEhR7Vector3IfERf @ 0xa83de0
MANUAL: _ZL7radiansi.4131 @ 0x7eb590
MANUAL: _ZN12NavEKF3_core12detectFlightEv @ 0x7eb5f0
MANUAL: _ZN12NavEKF3_core27setWindMagStateLearningModeEv @ 0x7ebab0
MANUAL: _ZN12NavEKF3_core28checkAttitudeAlignmentStatusEv @ 0x7ec350
MANUAL: _ZN12NavEKF3_core13setAidingModeEv @ 0x7ec460
MANUAL: _ZN12NavEKF3_core12setYawSourceEv @ 0x7ed3d0
MANUAL: _ZN12NavEKF3_core18checkGyroCalStatusEv @ 0x7ed4a0
MANUAL: _ZNK12NavEKF3_core13readyToUseGPSEv @ 0x7ed660
MANUAL: _ZNK12NavEKF3_core21readyToUseRangeBeaconEv @ 0x7ed780
MANUAL: _ZNK12NavEKF3_core16readyToUseExtNavEv @ 0x7ed870
MANUAL: _ZNK12NavEKF3_core17readyToUseOptFlowEv @ 0x7ed920
MANUAL: _ZNK12NavEKF3_core17readyToUseBodyOdmEv @ 0x7eda20
MANUAL: _ZL3MINIttEDTqultfp_fp0_fp_fp0_ERKT_RKT0_ @ 0x7edb80
MANUAL: _ZL7radiansd.4050 @ 0x7edc00
MANUAL: _ZL7radiansf.4053 @ 0x7edc50
MANUAL: _ZL2sqf.4054 @ 0x7edca0
MANUAL: _ZN12NavEKF3_core19updateStateIndexLimEv @ 0x7edcf0
MANUAL: _ZN12NavEKF3_core20update_gps_selectionEv @ 0x7edee0
MANUAL: _ZN12NavEKF3_core20update_mag_selectionEv @ 0x7edfe0
MANUAL: _ZN12NavEKF3_core21update_baro_selectionEv @ 0x7ee120
MANUAL: _ZN12NavEKF3_core25update_airspeed_selectionEv @ 0x7ee200
MANUAL: _ZNK11AP_DAL_Baro11get_primaryEv @ 0xa83f70
MANUAL: _Z9fill_nanfPdt @ 0x7ee310
MANUAL: _ZNK17AP_InertialSensor20get_last_update_usecEv @ 0xa84030
MANUAL: _ZNK17AP_InertialSensor16get_loop_delta_tEv @ 0xa84080
MANUAL: _ZN6AP_DAL12init_sensorsEv @ 0x7ee410
MANUAL: _ZNK7AP_AHRS17get_vehicle_classEv @ 0xa840d0
MANUAL: _ZNK7AP_AHRS20get_takeoff_expectedEv @ 0xa84120
MANUAL: _ZNK7AP_AHRS22get_touchdown_expectedEv @ 0xa84180
MANUAL: _ZNK7AP_AHRS8get_trimEv @ 0xa841e0
MANUAL: _ZN2AP12wheelencoderEv @ 0x7ee730
MANUAL: _ZNK15AP_WheelEncoder11num_sensorsEv @ 0xa84240
MANUAL: _ZNK7AP_AHRS43get_rotation_vehicle_body_to_autopilot_bodyEv @ 0xa84290
MANUAL: _ZN21AP_DAL_InertialSensor11start_frameEv @ 0x7ee770
MANUAL: _ZN11AP_DAL_Baro11start_frameEv @ 0x7ee9f0
MANUAL: _ZN10AP_DAL_GPS11start_frameEv @ 0x7eeb60
MANUAL: _ZN14AP_DAL_Compass11start_frameEv @ 0x7eef60
MANUAL: _ZN2AP6beaconEv @ 0x7ef770
MANUAL: _ZNK9AP_Beacon7enabledEv @ 0x7efa10
MANUAL: _ZNK9AP_Beacon12device_readyEv @ 0x7efd50
MANUAL: _ZNK7AP_EnumIN9AP_Beacon4TypeEEcvKS1_Ev @ 0xa84340
MANUAL: _ZN9AP_Beacon13get_singletonEv @ 0xa84390
MANUAL: _ZNK11AP_Airspeed15get_num_sensorsEv @ 0xa843d0
MANUAL: _ZNK7Compass24auto_declination_enabledEv @ 0xa84490
MANUAL: _ZNK7Compass15get_declinationEv @ 0x7efec0
MANUAL: _ZNK7Compass15get_num_enabledEv @ 0x7eff20
MANUAL: _ZNK7Compass16get_first_usableEv @ 0xa84500
MANUAL: _ZNK7Compass17have_scale_factorEh @ 0x7effe0
MANUAL: _ZNK7Compass16last_update_usecEh @ 0xa84550
MANUAL: _ZNK14typesafe_indexIh14TAG_StateIndexEgeERKh @ 0xa845d0
MANUAL: _ZNK7AP_Baro11get_primaryEv @ 0xa84640
MANUAL: _ZNK7AP_Baro15get_last_updateEh @ 0xa84690
MANUAL: _ZNK17AP_InertialSensor16get_loop_rate_hzEv @ 0xa84700
MANUAL: _ZNK17AP_InertialSensor15get_delta_angleEhR7Vector3IfERf @ 0x7f0120
MANUAL: _ZN21AP_DAL_InertialSensor15update_filteredEh @ 0x7f02f0
MANUAL: _ZNK17AP_InertialSensor18get_imu_pos_offsetEh @ 0xa84750
MANUAL: _ZNK17AP_InertialSensor10_accel_posEh @ 0xa847b0
MANUAL: _ZN17AP_InertialSensor10_accel_posEh @ 0xa84810
MANUAL: _ZN15AP_WheelEncoder13get_singletonEv @ 0xa84880
MANUAL: _ZNK21AP_DAL_InertialSensor16get_loop_rate_hzEv @ 0xa84a60
MANUAL: _ZN7NavEKF318convert_parametersEv @ 0x7f0ac0
MANUAL: _ZN13AP_ParamTBaseIaL11ap_var_type1EE15set_and_defaultERKa @ 0xa84ab0
MANUAL: _ZNK6AP_DAL16available_memoryEv @ 0xa84b40
MANUAL: _ZNK6AP_DAL11malloc_typeEmNS_10MemoryTypeE @ 0x7f0ef0
MANUAL: _ZN12NavEKF3_core10setup_coreEhh @ 0x7f0f70
MANUAL: _ZL3MAXIdfEDTqugtfp_fp0_fp_fp0_ERKT_RKT0_.4309 @ 0x7f1960
MANUAL: _ZL3MAXIttEDTqugtfp_fp0_fp_fp0_ERKT_RKT0_ @ 0x7f1a00
MANUAL: _ZL3MAXI9AP_ParamTIaL11ap_var_type1EEtEDTqugtfp_fp0_fp_fp0_ERKT_RKT0_ @ 0x7f1a80
MANUAL: _ZL3MAXI9AP_ParamTIsL11ap_var_type2EEtEDTqugtfp_fp0_fp_fp0_ERKT_RKT0_ @ 0x7f1b20
MANUAL: _ZNK16AP_NavEKF_Source8usingGPSEh @ 0x7f1bc0
MANUAL: _ZL3MINItiEDTqultfp_fp0_fp_fp0_ERKT_RKT0_ @ 0x7f1ca0
MANUAL: _ZL3MAXItiEDTqugtfp_fp0_fp_fp0_ERKT_RKT0_ @ 0x7f1d20
MANUAL: _ZL3MINIhhEDTqultfp_fp0_fp_fp0_ERKT_RKT0_.4311 @ 0x7f1da0
MANUAL: _ZL3MINIihEDTqultfp_fp0_fp_fp0_ERKT_RKT0_.4312 @ 0x7f1e20
MANUAL: _ZN16EKF_obs_buffer_tIN12NavEKF3_core12gps_elementsEE4initEh @ 0xa84c00
MANUAL: _ZN16EKF_obs_buffer_tIN12NavEKF3_core12mag_elementsEE4initEh @ 0xa84c60
MANUAL: _ZN16EKF_obs_buffer_tIN12NavEKF3_core13baro_elementsEE4initEh @ 0xa84cc0
MANUAL: _ZNK16AP_NavEKF_Source15ext_nav_enabledEv @ 0x7f1eb0
MANUAL: _ZNK16AP_NavEKF_Source21wheel_encoder_enabledEv @ 0x7f1fe0
MANUAL: _ZNK16AP_NavEKF_Source15gps_yaw_enabledEv @ 0x7f2090
MANUAL: _ZN16EKF_IMU_buffer_tIN12NavEKF3_core12imu_elementsEE4initEh @ 0xa85080
MANUAL: _ZN16EKF_IMU_buffer_tIN12NavEKF3_core15output_elementsEE4initEh @ 0xa850f0
MANUAL: _ZN16EKF_obs_buffer_tIN12NavEKF3_core13drag_elementsEE4initEh @ 0xa85160
MANUAL: _ZN10EKFGSF_yawC2Ev @ 0x7f2160
MANUAL: _ZN10EKFGSF_yaw11ahrs_structC2Ev @ 0xa851c0
MANUAL: _ZN15ekf_ring_buffer4initEh @ 0x7f2260
MANUAL: _ZN14ekf_imu_buffer4initEj @ 0x7f2320
MANUAL: _ZN12NavEKF3_coreC2EP7NavEKF3R6AP_DAL @ 0x7f23f0
MANUAL: _ZN12NavEKF3_coreUt0_C2Ev @ 0xa852b0
MANUAL: _ZN16EKF_IMU_buffer_tIN12NavEKF3_core12imu_elementsEEC2Ev @ 0xa85320
MANUAL: _ZN16EKF_obs_buffer_tIN12NavEKF3_core12gps_elementsEEC2Ev @ 0xa85380
MANUAL: _ZN16EKF_obs_buffer_tIN12NavEKF3_core12mag_elementsEEC2Ev @ 0xa853e0
MANUAL: _ZN16EKF_obs_buffer_tIN12NavEKF3_core13baro_elementsEEC2Ev @ 0xa85440
MANUAL: _ZN16EKF_obs_buffer_tIN12NavEKF3_core12tas_elementsEEC2Ev @ 0xa854a0
MANUAL: _ZN16EKF_obs_buffer_tIN12NavEKF3_core14range_elementsEEC2Ev @ 0xa85500
MANUAL: _ZN16EKF_IMU_buffer_tIN12NavEKF3_core15output_elementsEEC2Ev @ 0xa85560
MANUAL: _ZN12NavEKF3_core12gps_elementsC2Ev @ 0xa855c0
MANUAL: _ZN16EKF_obs_buffer_tIN12NavEKF3_core11of_elementsEEC2Ev @ 0xa85620
MANUAL: _ZN12NavEKF3_coreUt2_C2Ev @ 0xa85680
MANUAL: _ZN16EKF_obs_buffer_tIN12NavEKF3_core16vel_odm_elementsEEC2Ev @ 0xa85700
MANUAL: _ZN12NavEKF3_core16vel_odm_elementsC2Ev @ 0xa85760
MANUAL: _ZN16EKF_obs_buffer_tIN12NavEKF3_core18wheel_odm_elementsEEC2Ev @ 0xa857e0
MANUAL: _ZN12NavEKF3_core18wheel_odm_elementsC2Ev @ 0xa85840
MANUAL: _ZN16EKF_obs_buffer_tIN12NavEKF3_core12yaw_elementsEEC2Ev @ 0xa858a0
MANUAL: _ZN12NavEKF3_core12BeaconFusionC2ER6AP_DAL @ 0xa85900
MANUAL: _ZN16EKF_obs_buffer_tIN12NavEKF3_core13drag_elementsEEC2Ev @ 0xa859d0
MANUAL: _ZN12NavEKF3_core13drag_elementsC2Ev @ 0xa85a30
MANUAL: _ZN16EKF_obs_buffer_tIN12NavEKF3_core16ext_nav_elementsEEC2Ev @ 0xa85a90
MANUAL: _ZN16EKF_obs_buffer_tIN12NavEKF3_core20ext_nav_vel_elementsEEC2Ev @ 0xa85af0
MANUAL: _ZN15ekf_ring_bufferC2Eh @ 0x7f2a50
MANUAL: _ZN16EKF_obs_buffer_tIN12NavEKF3_core16rng_bcn_elementsEEC2Ev @ 0xa85b50
MANUAL: _ZN14ekf_imu_bufferC2Eh @ 0x7f2ab0
MANUAL: _ZN16AP_NavEKF_Source10configuredEv @ 0x7f2b10
MANUAL: _ZN8AP_Param29find_top_level_key_by_pointerEPKvRt @ 0x7f2ba0
MANUAL: _ZN16AP_NavEKF_Source15mark_configuredEv @ 0x7f2c80
MANUAL: _ZN7NavEKF216InitialiseFilterEv @ 0x7f2d80
MANUAL: _ZNK6AP_DAL12get_ekf_typeEv @ 0xa87070
MANUAL: _ZN16AP_AHRS_External6updateEv @ 0x826160
MANUAL: _ZN16AP_AHRS_External11get_resultsERN15AP_AHRS_Backend9EstimatesE @ 0x8261b0
MANUAL: _ZN7AP_AHRS37copy_estimates_from_backend_estimatesERKN15AP_AHRS_Backend9EstimatesE @ 0x826400
MANUAL: _ZN15AP_ExternalAHRS6updateEv @ 0x8266e0
MANUAL: _ZL7degreesf.9850 @ 0x826a10
MANUAL: _ZN11AP_AHRS_SIM6updateEv @ 0xa87c30
MANUAL: _ZN11AP_AHRS_SIM11get_resultsERN15AP_AHRS_Backend9EstimatesE @ 0x826a60
MANUAL: _ZN11AP_AHRS_DCM6updateEv @ 0x827640
MANUAL: _ZN11AP_AHRS_DCM11get_resultsERN15AP_AHRS_Backend9EstimatesE @ 0x827960
MANUAL: _ZN11AP_AHRS_DCM13matrix_updateEv @ 0x827a80
MANUAL: _ZN11AP_AHRS_DCM9normalizeEv @ 0x827cd0
MANUAL: _ZN11AP_AHRS_DCM16drift_correctionEf @ 0x827ef0
MANUAL: _ZN11AP_AHRS_DCM12check_matrixEv @ 0x829250
MANUAL: _ZN11AP_AHRS_DCM15backup_attitudeEv @ 0x829350
MANUAL: _ZNK11AP_AHRS_DCM12get_error_rpEv @ 0xa87cf0
MANUAL: _ZNK11AP_AHRS_DCM13get_error_yawEv @ 0xa87d40
MANUAL: _ZN7Matrix3IfE6is_nanEv @ 0xa87d90
MANUAL: _ZN11AP_AHRS_DCM5resetEb @ 0x8293e0
MANUAL: _ZN11AP_AHRS_DCM20drift_correction_yawEv @ 0x829840
MANUAL: _ZNK7Matrix3IfE4colxEv @ 0xa87e30
MANUAL: _ZNK6AP_GPS16last_fix_time_msEv @ 0xa87ea0
MANUAL: _ZL3MAXIfiEDTqugtfp_fp0_fp_fp0_ERKT_RKT0_.1607 @ 0x829d60
MANUAL: _ZNK11AP_AHRS_DCM26should_correct_centrifugalEv @ 0x829e00
MANUAL: _ZN11AP_AHRS_DCM10ra_delayedEhRK7Vector3IfE @ 0x829e50
MANUAL: _ZNK17AP_InertialSensor7healthyEv @ 0xa87f00
MANUAL: _ZN11AP_AHRS_DCM7_P_gainEf @ 0x829f50
MANUAL: _ZNK11AP_AHRS_DCM14use_fast_gainsEv @ 0x82a030
MANUAL: _ZL7radiansi.1608 @ 0x82a0c0
MANUAL: _ZNK17AP_InertialSensor19get_gyro_drift_rateEv @ 0xa87f80
MANUAL: _ZNK17AP_InertialSensor15get_gyro_healthEv @ 0xa87fd0
MANUAL: _ZNK17AP_InertialSensor16get_accel_healthEv @ 0xa88030
MANUAL: _ZNK7Compass16last_update_usecEv @ 0xa88090
MANUAL: _ZN7Compass4readEv @ 0x82a120
MANUAL: _ZN11AP_AHRS_DCM17yaw_error_compassER7Compass @ 0x82a4f0
MANUAL: _ZNK11AP_AHRS_DCM9_yaw_gainEv @ 0x82a670
MANUAL: _ZNK7Matrix3IfE5mulXYERK7Vector3IfE @ 0xa880f0
MANUAL: _ZNK7Vector2IfErmERKS0_ @ 0xa881c0
MANUAL: _ZN7Compass24try_set_initial_locationEv @ 0x82a720
MANUAL: _ZN7Compass15_detect_runtimeEv @ 0x82a820
MANUAL: _ZN19RestrictIDTypeArrayI9AP_ParamTIaL11ap_var_type1EELj3E14typesafe_indexIh12TAG_PriorityEEixERKS5_ @ 0xa88240
MANUAL: _ZN7Matrix3IfE6invertEv @ 0xa884a0
MANUAL: _ZNK7Matrix3IfE7inverseERS0_ @ 0xa88530
MANUAL: _ZNK7Matrix3IfE3detEv @ 0xa88720
MANUAL: _ZN7Compass15_driver_enabledENS_10DriverTypeE @ 0x82bba0
MANUAL: _ZN19AP_Compass_DroneCAN5probeEh @ 0x82bc40
MANUAL: _ZN7Compass12_add_backendEP18AP_Compass_Backend @ 0x82beb0
MANUAL: _ZNK18AP_Compass_Backend16register_compassEiRh @ 0x82c060
MANUAL: _ZN18AP_Compass_Backend10set_dev_idEhj @ 0x82c0e0
MANUAL: _ZN18AP_Compass_Backend12set_externalEhb @ 0x82c1c0
MANUAL: _ZN7Compass16register_compassEiRh @ 0x82c2b0
MANUAL: _ZN7Compass21_update_priority_listEi @ 0x82c780
MANUAL: _ZNK14typesafe_indexIh14TAG_StateIndexEcvhEv @ 0xa88870
MANUAL: _ZNK14typesafe_indexIh12TAG_PriorityEgeERKh @ 0xa888c0
MANUAL: _ZN18AP_Compass_BackendC2Ev @ 0x82ca40
MANUAL: _ZN18AP_Compass_Backend25drain_accumulated_samplesEhPK7Vector3IfE @ 0x82cb20
MANUAL: _ZN18AP_Compass_Backend22publish_filtered_fieldERK7Vector3IfEh @ 0x82cca0
MANUAL: _ZN11AP_AHRS_DCM6renormERK7Vector3IfERS1_ @ 0x82cd60
MANUAL: _ZNK17AP_InertialSensor15get_delta_angleER7Vector3IfERf @ 0xa88b40
MANUAL: _ZNK7Vector3IfEeqERKS0_ @ 0xa88bd0
MANUAL: _ZN17AP_InertialSensor21set_board_orientationE8Rotation @ 0xa88ca0
MANUAL: _ZN7Compass21set_board_orientationE8Rotation @ 0xa88d00
MANUAL: _ZNK14AP_Logger_File17recent_open_errorEv @ 0x82d110
MANUAL: _ZNK14AP_Logger_File15io_thread_aliveEv @ 0x82d1a0
MANUAL: _ZN14AP_Logger_File16disk_space_availEv @ 0x82d530
MANUAL: _ZN13AP_Filesystem9disk_freeEPKc @ 0x82d710
MANUAL: _ZNK14AP_Logger_File18_lastlog_file_nameEv @ 0x82d790
MANUAL: _ZN14AP_Logger_File13Prep_MinSpaceEv @ 0x82dbc0
MANUAL: _ZNK14AP_Logger_File17dirent_to_log_numEPK6direntRt @ 0x82e000
MANUAL: _ZN2AP4rssiEv @ 0x834950
MANUAL: _ZNK7AP_RSSI7enabledEv @ 0xa89480
MANUAL: _ZN7AP_RSSI13get_singletonEv @ 0x835180
MANUAL: _ZN7FunctorIvJEE4bindI13AP_CANManagerXadL_ZNS2_20check_logging_enableEvEEEES0_PT_ @ 0xa89a50
MANUAL: _ZN13AP_CANManager20check_logging_enableEv @ 0x836140
MANUAL: _ZN7FunctorIvJEE14method_wrapperI13AP_CANManagerXadL_ZNS2_20check_logging_enableEvEEEEvPv @ 0xa89ab0
MANUAL: _ZNK13AP_CANManager15CANIface_Params13option_is_setENS0_7OptionsE @ 0xa89b60
MANUAL: _ZN9AP_Logger13Write_MessageEPKc @ 0x840d30
MANUAL: _ZN16AP_SerialManager14RegisteredPortC2Ev @ 0xa90940
MANUAL: _ZN16AP_SerialManager9UARTStateC2Ev @ 0xa90cb0
MANUAL: _ZN7Vector3IfE14offset_bearingEfff @ 0xa97db0
MANUAL: _ZL7radiansf.3433 @ 0x8534f0
MANUAL: _ZNK22AP_BattMonitor_Backend13option_is_setEN21AP_BattMonitor_Params7OptionsE @ 0xa9b9e0
MANUAL: _ZN22AP_BattMonitor_Backend15update_consumedERN14AP_BattMonitor17BattMonitor_StateEj @ 0x858240
MANUAL: _ZN22AP_BattMonitor_Backend13calculate_mahEff @ 0xa9ba70
MANUAL: _ZN18AP_Compass_Backend17accumulate_sampleER7Vector3IfEhj @ 0x85a550
MANUAL: _ZN18AP_Compass_Backend12rotate_fieldER7Vector3IfEh @ 0x85a6d0
MANUAL: _ZN18AP_Compass_Backend17publish_raw_fieldERK7Vector3IfEh @ 0x85a7c0
MANUAL: _ZN18AP_Compass_Backend13correct_fieldER7Vector3IfEh @ 0x85a8d0
MANUAL: _ZN18AP_Compass_Backend8field_okERK7Vector3IfE @ 0x85acd0
MANUAL: _ZNK7Compass16get_filter_rangeEv @ 0xa9dd90
MANUAL: _ZNK16Compass_PerMotor7enabledEv @ 0xa9ddf0
MANUAL: _ZN7Compass13_get_priorityE14typesafe_indexIh14TAG_StateIndexE @ 0xa9de60
MANUAL: _ZL7degreesf.2872 @ 0x85cb50
MANUAL: _ZN14AP_GPS_Backend15set_alt_amsl_cmERN6AP_GPS9GPS_StateEi @ 0x85f3a0
MANUAL: _ZN16JitterCorrection31correct_offboard_timestamp_usecEmm @ 0x85f5b0
MANUAL: _ZN14AP_GPS_Backend24velocity_to_speed_courseERN6AP_GPS9GPS_StateE @ 0x85f720
MANUAL: _ZNK14AP_GPS_Backend10option_setEN6AP_GPS13DriverOptionsE @ 0xaa0ff0
MANUAL: _ZNK6AP_GPS10option_setENS_13DriverOptionsE @ 0xaa1060
MANUAL: _ZN14AP_BoardConfig11board_setupEv @ 0x85ffc0
MANUAL: _ZN6AP_RTC12set_utc_usecEmNS_11source_typeE @ 0x860020
MANUAL: _ZN11GCS_MAVLINK24update_signing_timestampEm @ 0x8601d0
MANUAL: _ZN14AP_BoardConfig16board_setup_uartEv @ 0x8602f0
MANUAL: _ZN14AP_BoardConfig16board_setup_sbusEv @ 0x860340
MANUAL: _ZN3GCS26create_gcs_mavlink_backendERN6AP_HAL10UARTDriverE @ 0x871a60
MANUAL: _ZN11GCS_MAVLINK4initEh @ 0x871bc0
MANUAL: _ZL13valid_channel17mavlink_channel_t.6180 @ 0x871f10
MANUAL: _ZNK6AP_HAL10UARTDriver13option_is_setENS0_6OptionE @ 0xaa3300
MANUAL: _ZNK11GCS_MAVLINK14option_enabledENS_6OptionE @ 0xaa34f0
MANUAL: _ZNK16AP_SerialManager9UARTState12get_protocolEv @ 0xaa3570
MANUAL: _ZN11GCS_MAVLINK16load_signing_keyEv @ 0x871fd0
MANUAL: _ZN16AP_SerialManager18convert_parametersEv @ 0x872230
MANUAL: _ZN16AP_SerialManager11set_optionsEt @ 0x8722e0
MANUAL: _ZN10AP_Vehicle26get_common_scheduler_tasksERPKN12AP_Scheduler4TaskERh @ 0x8724c0
MANUAL: _ZN2AP8PerfInfo13set_loop_rateEt @ 0x872540
MANUAL: _ZN2AP8PerfInfo5resetEv @ 0x872600
MANUAL: _ZN8AP_Param16check_group_infoEPKNS_9GroupInfoEPthh @ 0x8727c0
MANUAL: _ZN8AP_Param13duplicate_keyEtt @ 0x872ab0
MANUAL: _ZN8AP_Param5setupEv @ 0x872b80
MANUAL: _ZN3GCS10send_textvE12MAV_SEVERITYPKcP13__va_list_tagh @ 0x872c30
MANUAL: _ZNK3GCS43min_loop_time_remaining_for_message_send_usEv @ 0xaa3d30
MANUAL: _ZNK3GCS26min_status_for_gps_healthyEv @ 0xaa3ec0
MANUAL: _ZL3MINImmEDTqultfp_fp0_fp_fp0_ERKT_RKT0_.6171 @ 0x873140
MANUAL: _ZN11ObjectArrayIN3GCS12statustext_tEE10push_forceERKS1_ @ 0xaa3f10
MANUAL: _ZN2AP11frsky_telemEv @ 0x8731c0
MANUAL: _ZN2AP14spektrum_telemEv @ 0x873200
MANUAL: _ZN9AP_Notify9send_textEPKc @ 0x873240
MANUAL: _ZN17AP_Spektrum_Telem13get_singletonEv @ 0xaa4050
MANUAL: _ZN14AP_Frsky_Telem13get_singletonEv @ 0xaa4090
MANUAL: _ZNK11ObjectArrayIN3GCS12statustext_tEE5spaceEv @ 0xaa40d0
MANUAL: _ZN11ObjectArrayIN3GCS12statustext_tEE4pushERKS1_ @ 0xaa4130
MANUAL: _ZN5Rover8set_modeEh10ModeReason @ 0x8732e0
MANUAL: _ZNK5Rover29current_mode_requires_missionEv @ 0xaa4270
MANUAL: _ZN5Rover19get_scheduler_tasksERPKN12AP_Scheduler4TaskERhRj @ 0x873360
MANUAL: _ZNK5Rover17get_wp_distance_mERf @ 0x873dc0
MANUAL: _ZN5Rover28set_home_to_current_locationEb @ 0x873fd0
MANUAL: _ZN5Rover14init_ardupilotEv @ 0x874210
MANUAL: _ZN5Rover15load_parametersEv @ 0x8746b0
MANUAL: _ZN5Rover20set_control_channelsEv @ 0x874c20
MANUAL: _ZN5Rover15get_log_bitmaskEv @ 0xaa42e0
MANUAL: _ZNK5Rover18get_log_structuresEv @ 0xaa4340
MANUAL: _ZNK5Rover22get_num_log_structuresEv @ 0x874eb0
MANUAL: _ZN5Rover18fence_checks_asyncEv @ 0x874f00
MANUAL: _ZN6AP_HAL15timeout_expiredIjjjEEbT_T0_T1_ @ 0xaa4390
MANUAL: _ZN8AC_Fence5checkEb @ 0x875020
MANUAL: _ZN8AC_Fence19clear_margin_breachEh @ 0x875430
MANUAL: _ZN5Rover2rcEv @ 0xaa44e0
MANUAL: _ZN10RC_Channel9set_angleEt @ 0x876170
MANUAL: _ZN10RC_Channel21set_default_dead_zoneEs @ 0x8761e0
MANUAL: _ZN8Sailboat10init_rc_inEv @ 0x876260
MANUAL: _ZN12AP_MotorsUGV18setup_servo_outputEv @ 0x876310
MANUAL: _ZN12AP_MotorsUGV19setup_safety_outputEv @ 0x876400
MANUAL: _ZN6AP_HAL8RCOutput15set_esc_scalingEtt @ 0xaa4530
MANUAL: _ZN12SRV_Channels19set_esc_scaling_forEN11SRV_Channel8FunctionE @ 0x8764c0
MANUAL: _ZN12SRV_Channels18set_failsafe_limitEN11SRV_Channel8FunctionENS0_5LimitE @ 0x8766d0
MANUAL: _ZN10AP_Vehicle15load_parametersER9AP_ParamTIsL11ap_var_type2EEt @ 0x8767d0
MANUAL: _ZN8AP_Param22convert_old_parametersEPKNS_14ConversionInfoEhh @ 0x8768f0
MANUAL: _ZN8AP_Param20set_frame_type_flagsEt @ 0xaa4620
MANUAL: _ZN12SRV_Channels20set_default_functionEhN11SRV_Channel8FunctionE @ 0x876970
MANUAL: _ZNK5Rover13is_balancebotEv @ 0x876aa0
MANUAL: _ZN12SRV_Channels18upgrade_parametersEv @ 0x876b10
MANUAL: _ZN8AP_Param18convert_g2_objectsEPKvPKNS_18G2ObjectConversionEh @ 0x876ba0
MANUAL: _ZN8AP_Param13convert_classEtPvPKNS_9GroupInfoEtbb @ 0x876c80
MANUAL: _ZN8AP_Param24convert_toplevel_objectsEPKNS_24TopLevelObjectConversionEh @ 0x876fb0
MANUAL: _ZN8AP_Param29convert_old_parameters_scaledEPKNS_14ConversionInfoEhfh @ 0x877060
MANUAL: _ZN14StorageManager5eraseEv @ 0x877120
MANUAL: _ZN8AP_Param8load_allEv @ 0x877190
MANUAL: _ZN7FunctorIvJEE4bindI8AP_ParamXadL_ZNS2_15save_io_handlerEvEEEES0_PT_ @ 0xaa4680
MANUAL: _ZN8AP_Param15save_io_handlerEv @ 0x877350
MANUAL: _ZN7FunctorIvJEE14method_wrapperI8AP_ParamXadL_ZNS2_15save_io_handlerEvEEEEvPv @ 0xaa46e0
MANUAL: _ZN15ObjectBuffer_TSIN8AP_Param10param_saveEE3popERS1_ @ 0xaa4790
MANUAL: _ZN9AP_Notify4initEv @ 0x877400
MANUAL: _ZN5Rover11notify_modeEPK4Mode @ 0x877450
MANUAL: _ZN14AP_BattMonitor4initEv @ 0x877510
MANUAL: _ZN7AP_RSSI4initEv @ 0x8786e0
MANUAL: _ZN11AP_WindVane4initERK16AP_SerialManager @ 0x878750
MANUAL: _ZN7AP_Baro4initEv @ 0x878c70
MANUAL: _ZN5Rover3gcsEv @ 0xaa4870
MANUAL: _ZN3GCS11setup_uartsEv @ 0x879100
MANUAL: _ZN6AP_OSD4initEv @ 0x879270
MANUAL: _ZN7Compass11set_log_bitEj @ 0xaa48c0
MANUAL: _ZN7Compass4initEv @ 0x8793c0
MANUAL: _ZN11AP_Airspeed11set_log_bitEj @ 0xaa4920
MANUAL: _ZN11RangeFinder16set_log_rfnd_bitEj @ 0xaa4980
MANUAL: _ZN11RangeFinder4initE8Rotation @ 0x879d40
MANUAL: _ZN12AP_Proximity4initEv @ 0x879ef0
MANUAL: _ZN9AP_Beacon4initEv @ 0x87ac90
MANUAL: _ZN7AP_Baro16set_log_baro_bitEj @ 0xaa49e0
MANUAL: _ZN7AP_Baro9calibrateEb @ 0x87ae90
MANUAL: _ZN6AP_GPS15set_log_gps_bitEj @ 0xaa4a40
MANUAL: _ZN6AP_GPS4initEv @ 0x87b350
MANUAL: _ZN17AP_InertialSensor15set_log_raw_bitEj @ 0xaa4aa0
MANUAL: _ZN5Rover10init_rc_inEv @ 0x87b650
MANUAL: _ZNK5Rover14get_frame_typeEv @ 0xaa4b00
MANUAL: _ZN12AP_MotorsUGV4initEh @ 0x87b6f0
MANUAL: _ZN12SRV_Channels17enable_aux_servosEv @ 0x87b780
MANUAL: _ZN15AP_WheelEncoder4initEv @ 0x87b9c0
MANUAL: _ZN11AP_Torqeedo4initEv @ 0x87bb50
MANUAL: _ZN14AP_OpticalFlow4initEj @ 0x87bd00
MANUAL: _ZN8AP_Relay4initEv @ 0x87bf40
MANUAL: _ZN8AP_Mount4initEv @ 0x87c0c0
MANUAL: _ZN9AP_Camera4initEv @ 0x87cc00
MANUAL: _ZN5Rover13init_preclandEv @ 0x87d280
MANUAL: _ZL21failsafe_check_staticv @ 0x87d310
MANUAL: _ZN11AP_SmartRTL4initEv @ 0x87d350
MANUAL: _ZN16AP_OAPathPlanner4initEv @ 0x87d600
MANUAL: _ZN5Rover8set_modeER4Mode10ModeReason @ 0x87d8a0
MANUAL: _ZN5Rover11startup_INSEv @ 0x87dac0
MANUAL: _ZN10AP_Mission4initEv @ 0x87dbd0
MANUAL: _ZN10AP_Mission30set_log_start_mission_item_bitEj @ 0xaa4b60
MANUAL: _ZN7FunctorIvJEE4bindI5RoverXadL_ZNS2_34Log_Write_Vehicle_Startup_MessagesEvEEEES0_PT_ @ 0xaa4bc0
MANUAL: _ZN9AP_Logger25setVehicle_Startup_WriterE7FunctorIvJEE @ 0x87dd90
MANUAL: _ZN5Rover18mode_from_mode_numEN4Mode6NumberE @ 0x87de10
MANUAL: _ZN11RC_Channels15convert_optionsEN10RC_Channel8AUX_FUNCES1_ @ 0x87dfb0
MANUAL: _ZN11RC_Channels4initEv @ 0x87e0a0
MANUAL: _ZN8Sailboat4initEv @ 0x87e140
MANUAL: _ZNK5Rover7is_boatEv @ 0x87e250
MANUAL: _ZNK8Sailboat12tack_enabledEv @ 0x87e2c0
MANUAL: _ZN8Sailboat15set_motor_stateENS_8UseMotorEb @ 0x87e370
MANUAL: _ZN11RC_Channels12init_aux_allEv @ 0x87e600
MANUAL: _ZN10RC_Channel8init_auxEv @ 0x87e6a0
MANUAL: _ZN11RC_Channels17reset_mode_switchEv @ 0x87e730
MANUAL: _ZN10RC_Channel17reset_mode_switchEv @ 0x87e7a0
MANUAL: _ZN10RC_Channel16read_mode_switchEv @ 0x87e800
MANUAL: _ZN10RC_Channel16read_6pos_switchERa @ 0x87e880
MANUAL: _ZN10RC_Channel18debounce_completedEa @ 0x87e9e0
MANUAL: _ZN9AP_Logger10Write_ModeEh10ModeReason @ 0x87eb80
MANUAL: _ZN17AP_Logger_Backend10Write_ModeEh10ModeReason @ 0x87ed10
MANUAL: _ZN14AP_BoardConfig21get_sdcard_mission_kbEv @ 0xaa4d30
MANUAL: _ZN10AP_Mission20check_eeprom_versionEv @ 0x87edc0
MANUAL: _ZN7AP_AHRS4initEv @ 0x87ee60
MANUAL: _ZN7AP_AHRS15set_fly_forwardEb @ 0xaa4db0
MANUAL: _ZN7AP_AHRS17set_vehicle_classENS_12VehicleClassE @ 0xaa4e10
MANUAL: _ZN17AP_InertialSensor4initEt @ 0x87f090
MANUAL: _ZN7AP_AHRS5resetEv @ 0x87f7f0
MANUAL: _ZN11AP_AHRS_DCM5resetEv @ 0xaa4e70
MANUAL: _ZN11AP_AHRS_SIM5resetEv @ 0xaa4ec0
MANUAL: _ZN16AP_AHRS_External5resetEv @ 0xaa4f10
MANUAL: _ZN25HarmonicNotchFilterParams4initEv @ 0x87f8f0
MANUAL: _ZN17AP_InertialSensor15_start_backendsEv @ 0x87f950
MANUAL: _ZN17AP_InertialSensor23gyro_calibration_timingEv @ 0x87fa80
MANUAL: _ZN17AP_InertialSensor9init_gyroEv @ 0x87fb20
MANUAL: _ZN17AP_InertialSensor12BatchSampler4initEv @ 0x87fb80
MANUAL: _ZNK10AP_GyroFFT7enabledEv @ 0xaa4f60
MANUAL: _ZN17AP_InertialSensor12BatchSampler21rotate_to_next_sensorEv @ 0x87fec0
MANUAL: _ZN17AP_InertialSensor12BatchSampler32update_doing_sensor_rate_loggingEv @ 0x880110
MANUAL: _ZNK17AP_InertialSensor12BatchSampler10has_optionENS0_11batch_opt_tE @ 0xaa6240
MANUAL: _ZN17AP_InertialSensor10_init_gyroEv @ 0x8802d0
MANUAL: _ZN17AP_InertialSensor22_save_gyro_calibrationEv @ 0x8811c0
MANUAL: _ZN17AP_InertialSensor12_gyro_offsetEh @ 0xaa62c0
MANUAL: _ZN17AP_InertialSensor12caltemp_gyroEh @ 0xaa6330
MANUAL: _ZL7radiansf.3139 @ 0x881310
MANUAL: _ZN17AP_InertialSensor15detect_backendsEv @ 0x881360
MANUAL: _ZNK15AP_ExternalAHRS8get_portENS_15AvailableSensorE @ 0x8815b0
MANUAL: _ZN17AP_InertialSensor12_add_backendEP25AP_InertialSensor_Backend @ 0x881650
MANUAL: _ZN22AP_InertialSensor_SITL6detectER17AP_InertialSensorPKt @ 0x881720
MANUAL: _ZN22AP_InertialSensor_SITL11init_sensorEv @ 0x881830
MANUAL: _ZN22AP_InertialSensor_SITLC2ER17AP_InertialSensorPKt @ 0x8818b0
MANUAL: _ZN25AP_InertialSensor_BackendC2ER17AP_InertialSensor @ 0x881970
MANUAL: _ZN22AP_InertialSensor_SITL6updateEv @ 0x881a10
MANUAL: _ZN25AP_InertialSensor_Backend10accumulateEv @ 0xaa6450
MANUAL: _ZN22AP_InertialSensor_SITL5startEv @ 0x881a90
MANUAL: _ZN25AP_InertialSensor_Backend17get_output_bannerEPch @ 0xaa64f0
MANUAL: _ZNK25AP_InertialSensor_Backend24get_gyro_backend_rate_hzEv @ 0xaa65c0
MANUAL: _ZN25AP_InertialSensor_Backend11set_primaryEb @ 0xaa6620
MANUAL: _ZNK25AP_InertialSensor_Backend21_gyro_raw_sample_rateEh @ 0xaa6670
MANUAL: _ZN17AP_InertialSensor13register_gyroERhtj @ 0x881cf0
MANUAL: _ZN17AP_InertialSensor14register_accelERhtj @ 0x881f30
MANUAL: _ZN7FunctorIvJEE4bindI22AP_InertialSensor_SITLXadL_ZNS2_12timer_updateEvEEEES0_PT_ @ 0xaa66e0
MANUAL: _ZN22AP_InertialSensor_SITL12timer_updateEv @ 0x882190
MANUAL: _ZN7FunctorIvJEE14method_wrapperI22AP_InertialSensor_SITLXadL_ZNS2_12timer_updateEvEEEEvPv @ 0xaa6740
MANUAL: _ZN22AP_InertialSensor_SITL14generate_accelEv @ 0x882660
MANUAL: _ZN22AP_InertialSensor_SITL13generate_gyroEv @ 0x883640
MANUAL: _ZNK25AP_InertialSensor_Backend20enable_fast_samplingEh @ 0xaa67f0
MANUAL: _ZNK22AP_InertialSensor_SITL10gyro_driftEv @ 0x8840a0
MANUAL: _ZL7radiansd.17279 @ 0x8842a0
MANUAL: _ZL7radiansf.17280 @ 0x8842f0
MANUAL: _ZN22AP_InertialSensor_SITL15get_temperatureEv @ 0x8843d0
MANUAL: _ZNK22AP_InertialSensor_TCal15sitl_apply_gyroEfR7Vector3IfE @ 0x884570
MANUAL: _ZN25AP_InertialSensor_Backend35_notify_new_gyro_sensor_rate_sampleEhRK7Vector3IfE @ 0x884650
MANUAL: _ZN25AP_InertialSensor_Backend24_rotate_and_correct_gyroEhR7Vector3IfE @ 0x884850
MANUAL: _ZN25AP_InertialSensor_Backend27_notify_new_gyro_raw_sampleEhRK7Vector3IfEm @ 0x8849e0
MANUAL: _ZNK25AP_InertialSensor_Backend15has_been_killedEh @ 0xaa6880
MANUAL: _ZNK25AP_InertialSensor_Backend19_update_sensor_rateERtRjRf @ 0x885080
MANUAL: _ZN25AP_InertialSensor_Backend18apply_gyro_filtersEhRK7Vector3IfE @ 0x885250
MANUAL: _ZN25AP_InertialSensor_Backend12log_gyro_rawEhmRK7Vector3IfES3_ @ 0x885610
MANUAL: _ZN25AP_InertialSensor_Backend14update_primaryEv @ 0x8858a0
MANUAL: _ZNK17AP_InertialSensor22raw_logging_option_setENS_18RAW_LOGGING_OPTIONE @ 0xaa6900
MANUAL: _ZNK25AP_InertialSensor_Backend18should_log_imu_rawEv @ 0x885980
MANUAL: _ZNK17AP_InertialSensor12BatchSampler25doing_sensor_rate_loggingEv @ 0xaa6980
MANUAL: _ZNK17AP_InertialSensor12BatchSampler25doing_post_filter_loggingEv @ 0xaa69e0
MANUAL: _ZN17AP_InertialSensor12BatchSampler6sampleEhNS_15IMU_SENSOR_TYPEEmRK7Vector3IfE @ 0x885b90
MANUAL: _ZN17AP_InertialSensor12BatchSampler10should_logEhNS_15IMU_SENSOR_TYPEE @ 0x885ce0
MANUAL: _ZN25AP_InertialSensor_Backend16save_gyro_windowEhRK7Vector3IfEh @ 0x885e20
MANUAL: _ZN15LowPassFilter2pI7Vector3IfEE5applyERKS1_ @ 0xaa6cc0
MANUAL: _ZN19DigitalBiquadFilterI7Vector3IfEE5applyERKS1_RKNS2_13biquad_paramsE @ 0xaa6e10
MANUAL: _ZN19DigitalBiquadFilterI7Vector3IfEE5resetERKS1_RKNS2_13biquad_paramsE @ 0xaa7170
MANUAL: _ZNK25AP_InertialSensor_Backend18sensors_convergingEv @ 0x8860e0
MANUAL: _ZNK22AP_InertialSensor_TCal12correct_gyroEffR7Vector3IfE @ 0x886210
MANUAL: _ZNK22AP_InertialSensor_TCal14correct_sensorEffPK9AP_ParamVI7Vector3IfEL11ap_var_type5EERS2_ @ 0x8862b0
MANUAL: _ZNK22AP_InertialSensor_TCal15polynomial_evalEfPK9AP_ParamVI7Vector3IfEL11ap_var_type5EE @ 0x8864c0
MANUAL: _ZNK22AP_InertialSensor_TCal16sitl_apply_accelEfR7Vector3IfE @ 0x889470
MANUAL: _ZN25AP_InertialSensor_Backend36_notify_new_accel_sensor_rate_sampleEhRK7Vector3IfE @ 0x889550
MANUAL: _ZN25AP_InertialSensor_Backend25_rotate_and_correct_accelEhR7Vector3IfE @ 0x889750
MANUAL: _ZN25AP_InertialSensor_Backend28_notify_new_accel_raw_sampleEhRK7Vector3IfEmb @ 0x889970
MANUAL: _ZN25AP_InertialSensor_Backend20_publish_temperatureEhf @ 0x889f20
MANUAL: _ZN17AP_InertialSensor27calc_vibration_and_clippingEhRK7Vector3IfEf @ 0x889fc0
MANUAL: _ZN17AP_InertialSensor19set_accel_peak_holdEhRK7Vector3IfE @ 0x88a240
MANUAL: _ZN25AP_InertialSensor_Backend13log_accel_rawEhmRK7Vector3IfE @ 0x88a320
MANUAL: _ZNK25AP_InertialSensor_Backend14get_clip_limitEv @ 0xaa7e30
MANUAL: _ZN13LowPassFilterI7Vector3IfEE5applyERKS1_RKf @ 0xaa7e80
MANUAL: _ZN10DigitalLPFI7Vector3IfEE6_applyERKS1_RKf @ 0xaa7f40
MANUAL: _ZNK22AP_InertialSensor_TCal13correct_accelEffR7Vector3IfE @ 0x88a700
MANUAL: _ZN25AP_InertialSensor_Backend12update_accelEh @ 0x88ab80
MANUAL: _ZN25AP_InertialSensor_Backend11update_gyroEh @ 0x88aca0
MANUAL: _ZN25AP_InertialSensor_Backend13_publish_gyroEhRK7Vector3IfE @ 0x88ae00
MANUAL: _ZN25AP_InertialSensor_Backend19update_gyro_filtersEh @ 0x88af70
MANUAL: _ZNK25AP_InertialSensor_Backend19_gyro_filter_cutoffEv @ 0xaa8210
MANUAL: _ZN15LowPassFilter2pI7Vector3IfEE20set_cutoff_frequencyEff @ 0xaa8270
MANUAL: _ZN19DigitalBiquadFilterI7Vector3IfEE14compute_paramsEffRNS2_13biquad_paramsE @ 0xaa82f0
MANUAL: _ZN25AP_InertialSensor_Backend14_publish_accelEhRK7Vector3IfE @ 0x88b3b0
MANUAL: _ZN25AP_InertialSensor_Backend20update_accel_filtersEh @ 0x88b5e0
MANUAL: _ZNK25AP_InertialSensor_Backend20_accel_filter_cutoffEv @ 0xaa84f0
MANUAL: _ZNK25AP_InertialSensor_Backend22_accel_raw_sample_rateEh @ 0xaa8550
MANUAL: _ZN8AP_Param31convert_bitmask_parameter_widthE11ap_var_type @ 0xaa8840
MANUAL: _ZN15AP_AHRS_Backend4initEv @ 0x88cfe0
MANUAL: _ZN4Mode5enterEv @ 0x88d1f0
MANUAL: _ZN8AC_Fence21manual_recovery_startEv @ 0x88d380
MANUAL: _ZN9AP_Camera16set_is_auto_modeEb @ 0xaa8990
MANUAL: _ZN4Mode4exitEv @ 0x88d410
MANUAL: _ZN8Sailboat10clear_tackEv @ 0x88d470
MANUAL: _ZNK7AP_EnumIN13AP_OADatabase11OutputLevelEEcvKS1_Ev @ 0xaa9fb0
MANUAL: _ZN24AP_ExpandingArrayGenericC2Ett @ 0xaaa4c0
MANUAL: _ZN7FunctorIvJEE4bindI11AP_SmartRTLXadL_ZNS2_22run_background_cleanupEvEEEES0_PT_ @ 0xaaa5b0
MANUAL: _ZN11AP_SmartRTL22run_background_cleanupEv @ 0x895f40
MANUAL: _ZN7FunctorIvJEE14method_wrapperI11AP_SmartRTLXadL_ZNS2_22run_background_cleanupEvEEEEvPv @ 0xaaa610
MANUAL: _ZN11AP_SmartRTL15routine_cleanupEtt @ 0x896210
MANUAL: _ZN11AP_SmartRTL22detect_simplificationsEv @ 0x8963e0
MANUAL: _ZN11AP_SmartRTL29restart_pruning_if_new_pointsEv @ 0x896930
MANUAL: _ZN11AP_SmartRTL12detect_loopsEv @ 0x8969a0
MANUAL: _ZN5Rover14failsafe_checkEv @ 0x897b00
MANUAL: _ZL3MINIitEDTqultfp_fp0_fp_fp0_ERKT_RKT0_ @ 0x897c00
MANUAL: _ZN11AC_PrecLand4initEt @ 0x897c90
MANUAL: _ZL3MAXItiEDTqugtfp_fp0_fp_fp0_ERKT_RKT0_.11509 @ 0x898090
MANUAL: _ZN11ObjectArrayIN11AC_PrecLand21inertial_data_frame_sEEC2Et @ 0xaaaad0
MANUAL: _ZN11AC_PrecLand21inertial_data_frame_sC2Ev @ 0xaab710
MANUAL: _ZN9AP_Camera14convert_paramsEv @ 0x899250
MANUAL: _ZN8AP_Param18get_param_by_indexEPvh11ap_var_typeS0_ @ 0x8a1a70
MANUAL: _ZN8AP_Mount14convert_paramsEv @ 0x8a1b40
MANUAL: _ZN8AP_Relay12set_defaultsEv @ 0x8c57d0
MANUAL: _ZN8AP_Relay14convert_paramsEv @ 0x8c58d0
MANUAL: _ZNK7AP_EnumIN15AP_Relay_Params12DefaultStateEEcvKS1_Ev @ 0xab0c40
MANUAL: _ZN8AP_Relay8DroneCAN10enable_pinEs @ 0x8c5cc0
MANUAL: _ZNK9AP_Camera22get_legacy_relay_indexERa @ 0x8c5ee0
MANUAL: _ZNK12AP_MotorsUGV22get_legacy_relay_indexERaS0_S0_S0_ @ 0x8c5fa0
MANUAL: _ZL3MINImjEDTqultfp_fp0_fp_fp0_ERKT_RKT0_.7410 @ 0x8c60c0
MANUAL: _ZN7AP_EnumIN15AP_Relay_Params8FUNCTIONEE12set_and_saveES1_ @ 0xab0c90
MANUAL: _ZL3MINImmEDTqultfp_fp0_fp_fp0_ERKT_RKT0_.7411 @ 0x8c6150
MANUAL: _ZN14AP_OpticalFlow17OpticalFlow_stateC2Ev @ 0xab0e90
MANUAL: _ZN6AP_HAL16I2CDeviceManager10get_deviceEhhjbj @ 0xab2180
MANUAL: _ZN6AP_HAL6OwnPtrINS_6DeviceEEC2INS_9I2CDeviceEEEONS0_IT_EE @ 0xab2280
MANUAL: _ZN6AP_HAL6OwnPtrINS_9I2CDeviceEED2Ev @ 0xab22f0
MANUAL: _ZNK6AP_HAL6OwnPtrINS_6DeviceEEntEv @ 0xab2360
MANUAL: _ZN6AP_HAL6OwnPtrINS_6DeviceEED2Ev @ 0xab2460
MANUAL: _ZN6AP_HAL6OwnPtrINS_6DeviceEE4leakEv @ 0xab24d0
MANUAL: _ZN6AP_HAL6OwnPtrINS_9I2CDeviceEE4leakEv @ 0xab2530
MANUAL: _ZN6AP_HAL6OwnPtrINS_9I2CDeviceEEC2EPS1_ @ 0xab2590
MANUAL: _ZN6AP_HAL6OwnPtrINS_9I2CDeviceEEC2IS1_EEONS0_IT_EE @ 0xab25f0
MANUAL: _ZN12AP_MotorsUGV14setup_pwm_typeEv @ 0x8cf6a0
MANUAL: _ZN12SRV_Channels18get_dshot_esc_typeEv @ 0xab2d80
MANUAL: _ZN6AP_GPS18convert_parametersEv @ 0x8cfe20
MANUAL: _ZNK6AP_GPS10needs_uartENS_8GPS_TypeE @ 0x8d02b0
MANUAL: _ZN14AP_GPS_BlendedC2ER6AP_GPSRNS0_6ParamsERNS0_9GPS_StateERNS0_10GPS_timingE @ 0xab2dd0
MANUAL: _ZN14AP_GPS_BackendC2ER6AP_GPSRNS0_6ParamsERNS0_9GPS_StateEPN6AP_HAL10UARTDriverE @ 0x8d03a0
MANUAL: _ZNK14AP_GPS_Backend32supports_mavlink_gps_rtk_messageEv @ 0xab3050
MANUAL: _ZNK14AP_GPS_Blended7get_lagERf @ 0x8d0780
MANUAL: _ZN14AP_GPS_Backend20set_pps_desired_freqEh @ 0xab3480
MANUAL: _ZNK14AP_GPS_Backend18_detection_messageEPch @ 0x8d0870
MANUAL: _ZN16JitterCorrectionC2Ett @ 0x8d0d50
MANUAL: _ZL3MINIiiEDTqultfp_fp0_fp_fp0_ERKT_RKT0_.2514 @ 0x8d0dd0
MANUAL: _ZN7AP_Baro6updateEv @ 0x8d0e50
MANUAL: _ZNK7AP_Baro7healthyEv @ 0xab3620
MANUAL: _ZN15AP_Baro_Backend14backend_updateEh @ 0x8d1570
MANUAL: _ZN7AP_Baro24wind_pressure_correctionEh @ 0x8d15f0
MANUAL: _ZNK7AP_Baro15get_last_updateEv @ 0xab3680
MANUAL: _ZN16DerivativeFilterIfLh7EE6updateEfj @ 0xab36e0
MANUAL: _ZN7AP_Baro22update_field_elevationEv @ 0x8d1930
MANUAL: _ZNK7AP_Baro10should_logEv @ 0x8d1bb0
MANUAL: _ZN7AP_AHRS16resetHeightDatumEv @ 0x8d1fb0
MANUAL: _ZN7NavEKF316resetHeightDatumEv @ 0x8d2120
MANUAL: _ZN7NavEKF216resetHeightDatumEv @ 0x8d2200
MANUAL: _ZN11AP_DAL_Baro18update_calibrationEv @ 0x8d2450
MANUAL: _ZN8Location13copy_alt_fromERKS_ @ 0x8d24a0
MANUAL: _ZN12NavEKF3_core16resetHeightDatumEv @ 0x8d2570
MANUAL: _ZN16FilterWithBufferIfLh7EE5applyEf @ 0xab3940
MANUAL: _ZNK12AP_Proximity8get_typeEh @ 0x8d57c0
MANUAL: _ZN11RangeFinder14convert_paramsEv @ 0x8de100
MANUAL: _ZN11RangeFinder15detect_instanceEhRh @ 0x8de1a0
MANUAL: _ZNK6AP_HAL6OwnPtrINS_9I2CDeviceEEntEv @ 0xab82f0
MANUAL: _ZNK6AP_HAL6OwnPtrINS_9I2CDeviceEEptEv @ 0xab8350
MANUAL: _ZN21AP_RangeFinder_Params22convert_min_max_paramsEv @ 0x8eff00
MANUAL: _ZN7Compass16_detect_backendsEv @ 0x8f02e0
MANUAL: _ZN7Compass24probe_dronecan_compassesEv @ 0x8f0610
MANUAL: _ZN7Compass23probe_i2c_spi_compassesEv @ 0x8f0a80
MANUAL: _ZN15AP_Compass_SITLC2Ev @ 0x8f0f80
MANUAL: _ZN7VectorNIN15AP_Compass_SITL16readings_compassELh50EEC2Ev @ 0xabc480
MANUAL: _ZN18AP_Compass_Backend11save_dev_idEh @ 0x8f12d0
MANUAL: _ZN18AP_Compass_Backend12set_rotationEh8Rotation @ 0x8f1360
MANUAL: _ZN7Compass11set_offsetsEhRK7Vector3IfE @ 0x8f1400
MANUAL: _ZN7FunctorIvJEE4bindI15AP_Compass_SITLXadL_ZNS2_6_timerEvEEEES0_PT_ @ 0xabc560
MANUAL: _ZN15AP_Compass_SITL6_timerEv @ 0x8f14d0
MANUAL: _ZN7FunctorIvJEE14method_wrapperI15AP_Compass_SITLXadL_ZNS2_6_timerEvEEEEvPv @ 0xabc5c0
MANUAL: _Z10rand_vec3fv @ 0x8f1a00
MANUAL: _ZN7VectorNIN15AP_Compass_SITL16readings_compassELh50EEixEh @ 0xabc670
MANUAL: _ZN15AP_Compass_SITL26_setup_eliptical_correcionEh @ 0x8f1a80
MANUAL: _ZNK18AP_Compass_Backend21get_board_orientationEv @ 0x8f1cb0
MANUAL: _ZN15AP_Compass_SITL16readings_compassC2Ev @ 0xabc6d0
MANUAL: _ZN15AP_Compass_SITL4readEv @ 0x8f1d00
MANUAL: _ZN7Compass9mag_stateC2Ev @ 0xabc890
MANUAL: _ZN6AP_OSD12init_backendENS_9osd_typesEh @ 0x8f2110
MANUAL: _ZN12AP_LTM_Telem4initEv @ 0x8f44b0
MANUAL: _ZN14AP_Frsky_TelemD2Ev @ 0x8f4e40
MANUAL: _ZN7AP_Baro12_add_backendEP15AP_Baro_Backend @ 0x8f4e90
MANUAL: _ZN16AP_Baro_DroneCAN5probeER7AP_Baro @ 0x8f4f50
MANUAL: _ZNK7AP_Baro16_have_i2c_driverEhh @ 0x8f5260
MANUAL: _ZN14AP_Baro_MS56115probeER7AP_BaroN6AP_HAL6OwnPtrINS2_6DeviceEEE @ 0x8f5350
MANUAL: _ZNK7AP_Baro14option_enabledENS_7OptionsE @ 0xabd620
MANUAL: _ZN6AP_HAL6OwnPtrINS_6DeviceEEC2IS1_EEONS0_IT_EE @ 0xabd6a0
MANUAL: _ZN14AP_Baro_MS56XX6_probeER7AP_BaroPS_ @ 0x8f5540
MANUAL: _ZN14AP_Baro_MS5611CI214AP_Baro_MS56XXER7AP_BaroN6AP_HAL6OwnPtrINS2_6DeviceEEE @ 0xabd7a0
MANUAL: _ZN14AP_Baro_MS56XXC2ER7AP_BaroN6AP_HAL6OwnPtrINS2_6DeviceEEE @ 0x8f55f0
MANUAL: _ZN14AP_Baro_MS5611D2Ev @ 0xabd830
MANUAL: _ZN14AP_Baro_MS5611D0Ev @ 0xabd880
MANUAL: _ZN14AP_Baro_MS56XX5_initEv @ 0x8f59c0
MANUAL: _ZN15AP_Baro_Backend17_copy_to_frontendEhff @ 0x8f60a0
MANUAL: _ZN7AP_Baro15register_sensorEv @ 0x8f6410
MANUAL: _ZN15AP_Baro_Backend10set_bus_idEhj @ 0xabdab0
MANUAL: _ZN14AP_Baro_MS56XXD2Ev @ 0xabdcb0
MANUAL: _ZN15AP_Baro_BackendD2Ev @ 0xabdd30
MANUAL: _ZN15AP_Baro_BackendC2ER7AP_Baro @ 0x8f6a00
MANUAL: _ZN6AP_HAL6Device13change_bus_idEjh @ 0x8f6d20
MANUAL: _ZN12AP_Baro_SITLC2ER7AP_Baro @ 0x8f71f0
MANUAL: _ZN7VectorNIN12AP_Baro_SITL13readings_baroELh50EEC2Ev @ 0xabe150
MANUAL: _ZN7FunctorIvJEE4bindI12AP_Baro_SITLXadL_ZNS2_6_timerEvEEEES0_PT_ @ 0xabe1e0
MANUAL: _ZN12AP_Baro_SITL6_timerEv @ 0x8f7330
MANUAL: _ZN7FunctorIvJEE14method_wrapperI12AP_Baro_SITLXadL_ZNS2_6_timerEvEEEEvPv @ 0xabe240
MANUAL: _ZN7VectorNIN12AP_Baro_SITL13readings_baroELh50EEixEh @ 0xabe2f0
MANUAL: _ZN12AP_Baro_SITL22temperature_adjustmentERfS0_ @ 0x8f7720
MANUAL: _ZN12AP_Baro_SITL24wind_pressure_correctionEh @ 0x8f7910
MANUAL: _ZL2sqf.1777 @ 0x8f7b20
MANUAL: _ZN7AP_Baro22_get_air_density_ratioEv @ 0x8f7b70
MANUAL: _ZL2sqf.1757 @ 0x8f7c10
MANUAL: _ZN12AP_Baro_SITL6updateEv @ 0x8f7d00
MANUAL: _ZN12AP_Baro_SITL19update_healthy_flagEh @ 0xabe400
MANUAL: _ZN12AP_Baro_SITL7healthyEh @ 0x8f7db0
MANUAL: _ZN22AP_BattMonitor_BackendC2ER14AP_BattMonitorRNS0_17BattMonitor_StateER21AP_BattMonitor_Params @ 0x8f96f0
MANUAL: _ZNK22AP_BattMonitor_Backend17has_cell_voltagesEv @ 0xabf520
MANUAL: _ZNK22AP_BattMonitor_Backend15has_temperatureEv @ 0xabf570
MANUAL: _ZNK22AP_BattMonitor_Backend15get_temperatureERf @ 0x8f9d50
MANUAL: _ZNK22AP_BattMonitor_Backend22capacity_remaining_pctERh @ 0x8f9e10
MANUAL: _ZN22AP_BattMonitor_Backend26update_resistance_estimateEv @ 0x8f9f90
MANUAL: _ZNK22AP_BattMonitor_Backend25get_mavlink_fault_bitmaskEv @ 0xabf620
MANUAL: _ZN21AP_BattMonitor_AnalogC2ER14AP_BattMonitorRNS0_17BattMonitor_StateER21AP_BattMonitor_Params @ 0x8fbe30
MANUAL: _ZNK7AP_EnumIN21AP_BattMonitor_Params4TypeEEcvKS1_Ev @ 0xac0210
MANUAL: _ZN21AP_BattMonitor_Analog4initEv @ 0xac02c0
MANUAL: _ZN21AP_BattMonitor_Analog4readEv @ 0x8fc2a0
MANUAL: _ZNK21AP_BattMonitor_Analog19has_consumed_energyEv @ 0xac0310
MANUAL: _ZNK21AP_BattMonitor_Analog11has_currentEv @ 0x8fc4a0
MANUAL: _ZN9AP_Notify19set_flight_mode_strEPKc @ 0x902ab0
MANUAL: _ZN9AP_Notify12add_backendsEv @ 0x902b40
MANUAL: _ZN9AP_Notify18add_backend_helperEP12NotifyDevice @ 0x9038a0
MANUAL: _ZN7DisplayC2Ev @ 0xac28d0
MANUAL: _ZN6BuzzerC2Ev @ 0xac2940
MANUAL: _ZN12AP_ToneAlarmC2Ev @ 0xac29b0
MANUAL: _ZN12NotifyDeviceC2Ev @ 0xac2a30
MANUAL: _ZN12AP_ToneAlarmD2Ev @ 0xac2a90
MANUAL: _ZN12AP_ToneAlarmD0Ev @ 0xac2b00
MANUAL: _ZN12AP_ToneAlarm4initEv @ 0x9039a0
MANUAL: _ZNK9AP_Notify16get_buzzer_typesEv @ 0xac2dd0
MANUAL: _ZNK9AP_Notify14buzzer_enabledEv @ 0xac2ff0
MANUAL: _ZN12NotifyDeviceD2Ev @ 0xac3170
MANUAL: _ZN6BuzzerD2Ev @ 0xac3260
MANUAL: _ZN6BuzzerD0Ev @ 0xac32b0
MANUAL: _ZN6Buzzer4initEv @ 0x9059e0
MANUAL: _ZNK9AP_Notify12get_buzz_pinEv @ 0xac3370
MANUAL: _ZN7DisplayD2Ev @ 0xac33d0
MANUAL: _ZN7DisplayD0Ev @ 0xac3420
MANUAL: _ZN7Display4initEv @ 0x906010
MANUAL: _ZN10IS31FL3195C2Ehh @ 0x9082b0
MANUAL: _ZN6RGBLedC2Ehhhh @ 0x908360
MANUAL: _ZN10IS31FL3195D2Ev @ 0xac3870
MANUAL: _ZN10IS31FL3195D0Ev @ 0xac3900
MANUAL: _ZN10IS31FL31954initEv @ 0x908480
MANUAL: _ZN6RGBLed6updateEv @ 0x908700
MANUAL: _ZN10IS31FL319510hw_set_rgbEhhh @ 0x908a90
MANUAL: _ZN6RGBLed8_set_rgbEhhh @ 0x908b30
MANUAL: _ZNK6RGBLed10rgb_sourceEv @ 0x908c40
MANUAL: _ZNK6RGBLed19get_colour_sequenceEv @ 0x908ea0
MANUAL: _ZNK6RGBLed14get_brightnessEv @ 0x909290
MANUAL: _ZN6RGBLed7set_rgbEhhh @ 0x909390
MANUAL: _ZN7FunctorIvJEE4bindI10IS31FL3195XadL_ZNS2_6_timerEvEEEES0_PT_ @ 0xac3960
MANUAL: _ZN10IS31FL31956_timerEv @ 0x909450
MANUAL: _ZN7FunctorIvJEE14method_wrapperI10IS31FL3195XadL_ZNS2_6_timerEvEEEEvPv @ 0xac39c0
MANUAL: _ZN6RGBLedD2Ev @ 0xac3a70
MANUAL: _ZN6LP5562C2Ehh @ 0x909530
MANUAL: _ZN6AP_HAL6OwnPtrINS_9I2CDeviceEEC2Ev @ 0xac3b00
MANUAL: _ZN6LP5562D2Ev @ 0xac3b50
MANUAL: _ZN6LP5562D0Ev @ 0xac3bd0
MANUAL: _ZN6LP55624initEv @ 0x9095f0
MANUAL: _ZN6LP556210hw_set_rgbEhhh @ 0x909940
MANUAL: _ZN6AP_HAL6OwnPtrINS_9I2CDeviceEEaSIS1_EERS2_ONS0_IT_EE @ 0xac3c30
MANUAL: _ZN7FunctorIvJEE4bindI6LP5562XadL_ZNS2_6_timerEvEEEES0_PT_ @ 0xac3cd0
MANUAL: _ZN6LP55626_timerEv @ 0x9099e0
MANUAL: _ZN7FunctorIvJEE14method_wrapperI6LP5562XadL_ZNS2_6_timerEvEEEEvPv @ 0xac3d30
MANUAL: _ZN7NCP5623C2Eh @ 0x90ae80
MANUAL: _ZN7NCP5623D2Ev @ 0xac4700
MANUAL: _ZN7NCP5623D0Ev @ 0xac4780
MANUAL: _ZN7NCP56234initEv @ 0x90af20
MANUAL: _ZN7NCP56235writeEhh @ 0x90b290
MANUAL: _ZN14ToshibaLED_I2CC2Eh @ 0x90b4e0
MANUAL: _ZN14ToshibaLED_I2CD2Ev @ 0xac48f0
MANUAL: _ZN14ToshibaLED_I2CD0Ev @ 0xac4980
MANUAL: _ZN14ToshibaLED_I2C4initEv @ 0x90b570
MANUAL: _ZN14ToshibaLED_I2C10hw_set_rgbEhhh @ 0x90b760
MANUAL: _ZN7FunctorIvJEE4bindI14ToshibaLED_I2CXadL_ZNS2_6_timerEvEEEES0_PT_ @ 0xac49e0
MANUAL: _ZN14ToshibaLED_I2C6_timerEv @ 0x90b810
MANUAL: _ZN7FunctorIvJEE14method_wrapperI14ToshibaLED_I2CXadL_ZNS2_6_timerEvEEEEvPv @ 0xac4a40
MANUAL: _ZN6SCurve4initEv @ 0x90d1b0
MANUAL: _ZN6SCurve11add_segmentERhfNS_11SegmentTypeEffff @ 0x90fc50
MANUAL: _ZN7FunctorIvJEE14method_wrapperI5RoverXadL_ZNS2_10read_radioEvEEEEvPv @ 0xac4f70
MANUAL: _ZN7FunctorIvJEE14method_wrapperI5RoverXadL_ZNS2_11ahrs_updateEvEEEEvPv @ 0xac5020
MANUAL: _ZN7FunctorIvJEE14method_wrapperI5RoverXadL_ZNS2_17read_rangefindersEvEEEEvPv @ 0xac50d0
MANUAL: _ZN7FunctorIvJEE14method_wrapperI14AP_OpticalFlowXadL_ZNS2_6updateEvEEEEvPv @ 0xac5180
MANUAL: _ZN7FunctorIvJEE14method_wrapperI5RoverXadL_ZNS2_19update_current_modeEvEEEEvPv @ 0xac5230
MANUAL: _ZN7FunctorIvJEE14method_wrapperI5RoverXadL_ZNS2_10set_servosEvEEEEvPv @ 0xac52e0
MANUAL: _ZN7FunctorIvJEE14method_wrapperI6AP_GPSXadL_ZNS2_6updateEvEEEEvPv @ 0xac5390
MANUAL: _ZN7FunctorIvJEE14method_wrapperI7AP_BaroXadL_ZNS2_6updateEvEEEEvPv @ 0xac5440
MANUAL: _ZN7FunctorIvJEE14method_wrapperI9AP_BeaconXadL_ZNS2_6updateEvEEEEvPv @ 0xac54f0
MANUAL: _ZN7FunctorIvJEE14method_wrapperI12AP_ProximityXadL_ZNS2_6updateEvEEEEvPv @ 0xac55a0
MANUAL: _ZN7FunctorIvJEE14method_wrapperI11AP_WindVaneXadL_ZNS2_6updateEvEEEEvPv @ 0xac5650
MANUAL: _ZN7FunctorIvJEE14method_wrapperI5RoverXadL_ZNS2_20update_wheel_encoderEvEEEEvPv @ 0xac5700
MANUAL: _ZN7FunctorIvJEE14method_wrapperI5RoverXadL_ZNS2_14update_compassEvEEEEvPv @ 0xac57b0
MANUAL: _ZN7FunctorIvJEE14method_wrapperI5RoverXadL_ZNS2_15update_logging1EvEEEEvPv @ 0xac5860
MANUAL: _ZN7FunctorIvJEE14method_wrapperI5RoverXadL_ZNS2_15update_logging2EvEEEEvPv @ 0xac5910
MANUAL: _ZN7FunctorIvJEE14method_wrapperI3GCSXadL_ZNS2_14update_receiveEvEEEEvPv @ 0xac59c0
MANUAL: _ZN7FunctorIvJEE14method_wrapperI3GCSXadL_ZNS2_11update_sendEvEEEEvPv @ 0xac5a70
MANUAL: _ZN7FunctorIvJEE14method_wrapperI11RC_ChannelsXadL_ZNS2_16read_mode_switchEvEEEEvPv @ 0xac5b20
MANUAL: _ZN7FunctorIvJEE14method_wrapperI11RC_ChannelsXadL_ZNS2_12read_aux_allEvEEEEvPv @ 0xac5bc0
MANUAL: _ZN7FunctorIvJEE14method_wrapperI14AP_BattMonitorXadL_ZNS2_4readEvEEEEvPv @ 0xac5c70
MANUAL: _ZN7FunctorIvJEE14method_wrapperI19AP_ServoRelayEventsXadL_ZNS2_13update_eventsEvEEEEvPv @ 0xac5d20
MANUAL: _ZN7FunctorIvJEE14method_wrapperI5RoverXadL_ZNS2_15update_preclandEvEEEEvPv @ 0xac5dd0
MANUAL: _ZN7FunctorIvJEE14method_wrapperI8AP_MountXadL_ZNS2_6updateEvEEEEvPv @ 0xac5e80
MANUAL: _ZN7FunctorIvJEE14method_wrapperI9AP_CameraXadL_ZNS2_6updateEvEEEEvPv @ 0xac5f30
MANUAL: _ZN7FunctorIvJEE14method_wrapperI5RoverXadL_ZNS2_18gcs_failsafe_checkEvEEEEvPv @ 0xac5fe0
MANUAL: _ZN7FunctorIvJEE14method_wrapperI5RoverXadL_ZNS2_11fence_checkEvEEEEvPv @ 0xac6090
MANUAL: _ZN7FunctorIvJEE14method_wrapperI5RoverXadL_ZNS2_9ekf_checkEvEEEEvPv @ 0xac6140
MANUAL: _ZN7FunctorIvJEE14method_wrapperI12ModeSmartRTLXadL_ZNS2_13save_positionEvEEEEvPv @ 0xac61f0
MANUAL: _ZN7FunctorIvJEE14method_wrapperI5RoverXadL_ZNS2_15one_second_loopEvEEEEvPv @ 0xac62a0
MANUAL: _ZN7FunctorIvJEE14method_wrapperI10AC_SprayerXadL_ZNS2_6updateEvEEEEvPv @ 0xac6350
MANUAL: _ZN7FunctorIvJEE14method_wrapperI9AP_LoggerXadL_ZNS2_14periodic_tasksEvEEEEvPv @ 0xac6400
MANUAL: _ZN7FunctorIvJEE14method_wrapperI17AP_InertialSensorXadL_ZNS2_8periodicEvEEEEvPv @ 0xac64b0
MANUAL: _ZN7FunctorIvJEE14method_wrapperI12AP_SchedulerXadL_ZNS2_14update_loggingEvEEEEvPv @ 0xac6560
MANUAL: _ZN7FunctorIvJEE14method_wrapperI9AP_ButtonXadL_ZNS2_6updateEvEEEEvPv @ 0xac6610
MANUAL: _ZN7FunctorIvJEE14method_wrapperI5RoverXadL_ZNS2_11crash_checkEvEEEEvPv @ 0xac66c0
MANUAL: _ZN7FunctorIvJEE14method_wrapperI5RoverXadL_ZNS2_19cruise_learn_updateEvEEEEvPv @ 0xac6770
MANUAL: _ZN5Rover19cruise_learn_updateEv @ 0x910a00
MANUAL: _ZNK18AR_AttitudeControl17get_forward_speedERf @ 0x910b60
MANUAL: _ZNK7AP_AHRS7cos_yawEv @ 0xac6890
MANUAL: _ZNK7AP_AHRS7sin_yawEv @ 0xac68e0
MANUAL: _ZN5Rover11crash_checkEv @ 0x910f70
MANUAL: _ZN9AP_Button6updateEv @ 0x911350
MANUAL: _ZN12AP_Scheduler14update_loggingEv @ 0x911fd0
MANUAL: _ZN12AP_Scheduler11debug_flagsEv @ 0xac6ac0
MANUAL: _ZN2AP8PerfInfo13has_task_infoEv @ 0xac6b20
MANUAL: _ZN12AP_Scheduler12load_averageEv @ 0x912540
MANUAL: _ZNK16AP_InternalError5countEv @ 0xac6b80
MANUAL: _ZN17AP_InertialSensor8periodicEv @ 0x912780
MANUAL: _ZN17AP_InertialSensor12BatchSampler8periodicEv @ 0x9127e0
MANUAL: _ZN17AP_InertialSensor12BatchSampler16push_data_to_logEv @ 0x912860
MANUAL: _ZN9AP_Logger14periodic_tasksEv @ 0x912e00
MANUAL: _ZN10AC_Sprayer6updateEv @ 0x912ea0
MANUAL: _ZN5Rover15one_second_loopEv @ 0x9132f0
MANUAL: _ZN5Rover20handle_auto_arm_onceEv @ 0x913530
MANUAL: _ZN5Rover11update_homeEv @ 0x9136a0
MANUAL: _ZN10AP_Vehicle17set_likely_flyingEb @ 0xac6c90
MANUAL: _ZN8AR_WPNav15set_turn_paramsEfb @ 0x9137d0
MANUAL: _ZN13AR_PosControl15set_turn_paramsEfb @ 0x913880
MANUAL: _ZN19AP_WheelRateControl21set_notch_sample_rateEf @ 0x913920
MANUAL: _ZN8AP_Stats10set_flyingEb @ 0x9139b0
MANUAL: _ZN6AC_PID21set_notch_sample_rateEf @ 0x913a80
MANUAL: _ZN12AR_PivotTurn6enableEb @ 0x913e60
MANUAL: _ZNK7AP_AHRS14home_is_lockedEv @ 0xac6d60
MANUAL: _ZN12ModeSmartRTL13save_positionEv @ 0x913ed0
MANUAL: _ZN11AP_SmartRTL6updateEbb @ 0x913f60
MANUAL: _ZN11AP_SmartRTL6updateEbRK7Vector3IfE @ 0x914060
MANUAL: _ZN5Rover9ekf_checkEv @ 0x914190
MANUAL: _ZN5Rover22failsafe_ekf_off_eventEv @ 0x9143f0
MANUAL: _ZN5Rover11fence_checkEv @ 0x914800
MANUAL: _ZN5Rover18gcs_failsafe_checkEv @ 0x914ab0
MANUAL: _ZN5Rover16failsafe_triggerEhPKcb @ 0x914be0
MANUAL: _ZN9AP_Camera6updateEv @ 0x915070
MANUAL: _ZN8AP_Mount6updateEv @ 0x915130
MANUAL: _ZN5Rover15update_preclandEv @ 0x9151e0
MANUAL: _ZN11AC_PrecLand6updateEfb @ 0x915240
MANUAL: _ZN14AP_BattMonitor4readEv @ 0x9178c0
MANUAL: _ZN14AP_BattMonitor15check_failsafesEv @ 0x917fe0
MANUAL: _ZN14AP_BattMonitor16checkPoweringOffEv @ 0x9182f0
MANUAL: _ZN11RC_Channels12read_aux_allEv @ 0x9184e0
MANUAL: _ZN10RC_Channel8read_auxEv @ 0x9185d0
MANUAL: _ZN11RC_Channels12get_radio_inEPth @ 0x9189c0
MANUAL: _ZL3MINIhiEDTqultfp_fp0_fp_fp0_ERKT_RKT0_.6266 @ 0x918b70
MANUAL: _ZN5Rover15update_logging2Ev @ 0x918f80
MANUAL: _ZN5Rover10should_logEj @ 0x919090
MANUAL: _ZNK17AP_InertialSensor20get_accel_clip_countEh @ 0x919c50
MANUAL: _ZN5Rover15update_logging1Ev @ 0x91a880
MANUAL: _ZNK12AP_Proximity12distance_maxEv @ 0x91b980
MANUAL: _ZNK12AP_Proximity19get_upward_distanceERf @ 0x91bc40
MANUAL: _ZNK18AR_AttitudeControl20speed_control_activeEv @ 0x91c4b0
MANUAL: _ZNK7AP_AHRS22get_secondary_attitudeER7Vector3IfE @ 0xac7bf0
MANUAL: _ZNK7AP_AHRS22get_secondary_positionER8Location @ 0xac7c70
MANUAL: _ZN5Rover14update_compassEv @ 0x921070
MANUAL: _ZN5Rover20update_wheel_encoderEv @ 0x9210d0
MANUAL: _ZN11AP_WindVane6updateEv @ 0x921a10
MANUAL: _ZN12AP_Proximity6updateEv @ 0x922630
MANUAL: _ZNK12AP_Proximity15get_filter_freqEv @ 0xac7e80
MANUAL: _ZN24AP_Proximity_Boundary_3D15set_filter_freqEf @ 0xac7ee0
MANUAL: _ZN24AP_Proximity_Boundary_3D18check_face_timeoutEv @ 0x922700
MANUAL: _ZN9AP_Beacon6updateEv @ 0x922860
MANUAL: _ZN6AP_GPS6updateEv @ 0x922f70
MANUAL: _ZN6AP_GPS15update_instanceEh @ 0x9230f0
MANUAL: _ZN6AP_GPS14update_primaryEv @ 0x923890
MANUAL: _ZN14AP_GPS_Blended19zero_health_counterEv @ 0xac7f50
MANUAL: _ZNK6AP_GPS10should_logEv @ 0x925540
MANUAL: _ZNK6AP_GPS11get_rate_msEh @ 0x926330
MANUAL: _ZL3MINI9AP_ParamTIsL11ap_var_type2EEiEDTqultfp_fp0_fp_fp0_ERKT_RKT0_ @ 0x9264d0
MANUAL: _ZN6AP_GPS15detect_instanceEh @ 0x926560
MANUAL: _ZN6AP_GPS16send_blob_updateEh @ 0x9266c0
MANUAL: _ZL3MINIjtEDTqultfp_fp0_fp_fp0_ERKT_RKT0_ @ 0x926860
MANUAL: _ZN6AP_GPS16_detect_instanceEh @ 0x9268f0
MANUAL: _ZNK14AP_GPS_Backend18broadcast_gps_typeEv @ 0x927a60
MANUAL: _ZN6AP_GPS15send_blob_startEh @ 0x928450
MANUAL: _ZL3MINIjjEDTqultfp_fp0_fp_fp0_ERKT_RKT0_.2517 @ 0x928620
MANUAL: _ZN12AP_GPS_UBLOX7_detectER18UBLOX_detect_stateh @ 0x9286a0
MANUAL: _ZN11AP_GPS_SBP27_detectER17SBP2_detect_stateh @ 0x928910
MANUAL: _ZN10AP_GPS_SBP7_detectER16SBP_detect_stateh @ 0x928c00
MANUAL: _ZN11AP_GPS_SIRF7_detectER17SIRF_detect_stateh @ 0x928ef0
MANUAL: _ZN10AP_GPS_ERB7_detectER16ERB_detect_stateh @ 0x9290d0
MANUAL: _ZN14AP_GPS_Backend14check_new_itowEjj @ 0x92b410
MANUAL: _ZN6AP_GPS15send_blob_startEhPKct @ 0x92d000
MANUAL: _ZN12AP_GPS_UBLOXC2ER6AP_GPSRNS0_6ParamsERNS0_9GPS_StateEPN6AP_HAL10UARTDriverENS0_8GPS_RoleE @ 0x92f3c0
MANUAL: _ZN12AP_GPS_UBLOX20_request_next_configEv @ 0x92f600
MANUAL: _ZN12AP_GPS_UBLOX21_request_message_rateEhh @ 0x9300a0
MANUAL: _ZN12AP_GPS_UBLOX13_request_portEv @ 0x930160
MANUAL: _ZN12AP_GPS_UBLOX13_send_messageEhhPKvt @ 0x9301f0
MANUAL: _ZN12AP_GPS_UBLOX16_update_checksumEPhtRhS1_ @ 0x9310b0
MANUAL: _ZN12AP_GPS_UBLOX4readEv @ 0x9311e0
MANUAL: _ZNK12AP_GPS_UBLOX13is_configuredEv @ 0xac8e80
MANUAL: _ZNK12AP_GPS_UBLOX7get_lagERf @ 0x9318c0
MANUAL: _ZNK12AP_GPS_UBLOX10is_healthyEv @ 0x931a50
MANUAL: _ZNK12AP_GPS_UBLOX4nameEv @ 0xac8ed0
MANUAL: _ZL3MINIjjEDTqultfp_fp0_fp_fp0_ERKT_RKT0_.2814 @ 0x931ea0
MANUAL: _ZN12AP_GPS_UBLOXUt_ixEm @ 0xac8f90
MANUAL: _ZN12AP_GPS_UBLOX10_parse_gpsEv @ 0x931f20
MANUAL: _ZN12AP_GPS_UBLOX15_check_new_itowEj @ 0x9353e0
MANUAL: _ZN12AP_GPS_UBLOX23_configure_message_rateEhhh @ 0x935460
MANUAL: _ZN5Rover10set_servosEv @ 0x93ca60
MANUAL: _ZN12AP_MotorsUGV6outputEbff @ 0x93cd40
MANUAL: _ZN12AP_MotorsUGV23sanity_check_parametersEv @ 0x93ceb0
MANUAL: _ZN12AP_MotorsUGV19slew_limit_throttleEf @ 0x93cfd0
MANUAL: _ZN12AP_MotorsUGV14output_regularEbfff @ 0x93d0b0
MANUAL: _ZN12AP_MotorsUGV20output_skid_steeringEbfff @ 0x93d510
MANUAL: _ZN12AP_MotorsUGV11output_omniEbfff @ 0x93dc50
MANUAL: _ZN12AP_MotorsUGV11output_sailEv @ 0x93dfe0
MANUAL: _ZN12SRV_Channels8calc_pwmEv @ 0x93e080
MANUAL: _ZN12SRV_Channels13output_ch_allEv @ 0x93e2a0
MANUAL: _ZN12AP_MotorsUGV21set_limits_from_inputEbff @ 0x93e350
MANUAL: _ZNK12AP_MotorsUGV25get_slew_limited_throttleEff @ 0x940590
MANUAL: _ZN5Rover19update_current_modeEv @ 0x940d30
MANUAL: _ZN14AP_OpticalFlow6updateEv @ 0x940e40
MANUAL: _ZN5Rover17read_rangefindersEv @ 0x9423f0
MANUAL: _ZN11RangeFinder6updateEv @ 0x942460
MANUAL: _ZN5Rover15Log_Write_DepthEv @ 0x942580
MANUAL: _ZNK11RangeFinder8Log_RFNDEv @ 0x9427e0
MANUAL: _ZN5Rover11ahrs_updateEv @ 0x942920
MANUAL: _ZN5Rover22update_ahrs_flyforwardEv @ 0x942b30
MANUAL: _ZN9AP_Follow16update_estimatesEv @ 0x942d20
MANUAL: _ZN9AP_Follow32clear_dist_and_bearing_to_targetEv @ 0x943f70
MANUAL: _ZL3MINIffEDTqultfp_fp0_fp_fp0_ERKT_RKT0_.1431 @ 0x945810
MANUAL: _ZN5Rover10read_radioEv @ 0x9458a0
MANUAL: _ZN11RC_Channels10read_inputEv @ 0x945950
MANUAL: _ZN5Rover20radio_failsafe_checkEt @ 0x945a80
MANUAL: _ZN10RC_Channel6updateEv @ 0x945b80
MANUAL: _ZN11RC_Channels23rudder_arm_disarm_checkEv @ 0x945cf0
MANUAL: _ZNK11RC_Channels19has_had_rc_receiverEv @ 0xacad90
MANUAL: _ZNK10RC_Channel12pwm_to_angleEv @ 0x945f60
MANUAL: _ZNK10RC_Channel15pwm_to_angle_dzEt @ 0x945fd0
MANUAL: _ZNK10RC_Channel20pwm_to_angle_dz_trimEtt @ 0x946060
MANUAL: _ZN5Rover8set_modeEN4Mode6NumberE10ModeReason @ 0x946450
MANUAL: _ZN5RoverC2Ev @ 0x9465b0
MANUAL: _ZN10AP_VehicleC2Ev @ 0xacadf0
MANUAL: _ZN8AP_ParamC2EPKNS_4InfoE @ 0xacb230
MANUAL: _ZN10ParametersC2Ev @ 0xacb320
MANUAL: _ZN15AP_Arming_RoverC2Ev @ 0xacb510
MANUAL: _ZN24AP_ExternalControl_RoverC2Ev @ 0xacb580
MANUAL: _ZN9GCS_RoverC2Ev @ 0xacb5f0
MANUAL: _ZN7FunctorIvJPKcKaEE4bindI5RoverXadL_ZNS5_23handle_battery_failsafeES1_aEEEES3_PT_ @ 0xacb660
MANUAL: _ZN16ModeInitializingC2Ev @ 0xacb6c0
MANUAL: _ZN8ModeHoldC2Ev @ 0xacb730
MANUAL: _ZN10ModeManualC2Ev @ 0xacb7a0
MANUAL: _ZN8ModeAcroC2Ev @ 0xacb810
MANUAL: _ZN10ModeGuidedC2Ev @ 0xacb880
MANUAL: _ZN8ModeAutoC2Ev @ 0xacb900
MANUAL: _ZN10ModeLoiterC2Ev @ 0xacba00
MANUAL: _ZN12ModeSteeringC2Ev @ 0xacba80
MANUAL: _ZN7ModeRTLC2Ev @ 0xacbaf0
MANUAL: _ZN12ModeSmartRTLC2Ev @ 0xacbb60
MANUAL: _ZN10ModeFollowC2Ev @ 0xacbbd0
MANUAL: _ZN10ModeSimpleC2Ev @ 0xacbc40
MANUAL: _ZN5Rover14cruise_learn_tC2Ev @ 0xacbcb0
MANUAL: _ZN8ModeDockC2Ev @ 0x946880
MANUAL: _ZN4ModeC2Ev @ 0x9469a0
MANUAL: _ZNK4Mode13allows_armingEv @ 0xacbee0
MANUAL: _ZNK4Mode20get_desired_locationER8Location @ 0xacc0c0
MANUAL: _ZN4Mode18init_reversed_flagEv @ 0xacc1d0
MANUAL: _ZN4Mode5_exitEv @ 0xacc240
MANUAL: _ZN12AP_MotorsUGV12set_throttleEf @ 0x9488d0
MANUAL: _ZN12AP_MotorsUGV12set_mainsailEf @ 0x949980
MANUAL: _ZN12AP_MotorsUGV12set_wingsailEf @ 0x949a90
MANUAL: _ZN12AP_MotorsUGV17set_mast_rotationEf @ 0x949ba0
MANUAL: _ZN12AP_MotorsUGV12set_steeringEfb @ 0x950b70
MANUAL: _ZNK4Mode17is_autopilot_modeEv @ 0xacd720
MANUAL: _ZN4Mode6_enterEv @ 0xacd7c0
MANUAL: _ZNK4Mode15get_pilot_inputERfS0_ @ 0x95ba80
MANUAL: _ZN7FunctorIbJRKN10AP_Mission15Mission_CommandEEE4bindI8ModeAutoXadL_ZNS6_13start_commandES3_EEEES4_PT_ @ 0xacea90
MANUAL: _ZN7FunctorIbJRKN10AP_Mission15Mission_CommandEEE4bindI8ModeAutoXadL_ZNS6_23verify_command_callbackES3_EEEES4_PT_ @ 0xaceaf0
MANUAL: _ZN7FunctorIvJEE4bindI8ModeAutoXadL_ZNS2_12exit_missionEvEEEES0_PT_ @ 0xaceb50
MANUAL: _ZN10AP_MissionC2E7FunctorIbJRKNS_15Mission_CommandEEES4_S0_IvJEE @ 0xacebb0
MANUAL: _ZN8ModeAutoUt_C2Ev @ 0xaced70
MANUAL: _ZN25AP_Mission_ChangeDetectorC2Ev @ 0xacedc0
MANUAL: _ZN25AP_Mission_ChangeDetectorUt_C2Ev @ 0xacee10
MANUAL: _ZN7FunctorIbJRKN10AP_Mission15Mission_CommandEEEC2EPvPFbS5_S3_E @ 0xacf060
MANUAL: _ZN10ModeGuidedUt_C2Ev @ 0xacf9b0
MANUAL: _ZNK4Mode39get_pilot_desired_steering_and_throttleERfS0_ @ 0x963ee0
MANUAL: _ZNK10ModeManual11mode_numberEv @ 0xacfc90
MANUAL: _ZNK10ModeManual5name4Ev @ 0xacfce0
MANUAL: _ZN10ModeManual6updateEv @ 0x964240
MANUAL: _ZNK10ModeManual16has_manual_inputEv @ 0xacfd30
MANUAL: _ZNK10ModeManual19attitude_stabilizedEv @ 0xacfd80
MANUAL: _ZNK10ModeManual17requires_positionEv @ 0xacfdd0
MANUAL: _ZNK10ModeManual17requires_velocityEv @ 0xacfe20
MANUAL: _ZN12AP_MotorsUGV11set_lateralEf @ 0x9644b0
MANUAL: _ZNK4Mode25get_pilot_desired_lateralERf @ 0x964540
MANUAL: _Z10input_expoff @ 0x9645f0
MANUAL: _ZNK4Mode32get_pilot_desired_roll_and_pitchERfS0_ @ 0x9646d0
MANUAL: _ZNK4Mode32get_pilot_desired_walking_heightERf @ 0x9647b0
MANUAL: _ZN12AP_MotorsUGV8set_rollEf @ 0x964840
MANUAL: _ZN12AP_MotorsUGV9set_pitchEf @ 0x9648d0
MANUAL: _ZN12AP_MotorsUGV18set_walking_heightEf @ 0x964960
MANUAL: _ZN8Sailboat26set_pilot_desired_mainsailEv @ 0x9649f0
MANUAL: _ZNK16ModeInitializing11mode_numberEv @ 0xad0000
MANUAL: _ZNK16ModeInitializing5name4Ev @ 0xad0050
MANUAL: _ZNK16ModeInitializing16has_manual_inputEv @ 0xad0140
MANUAL: _ZN14AP_BattMonitorC2Ej7FunctorIvJPKcKaEEPS3_ @ 0x964c30
MANUAL: _ZN21AP_BattMonitor_ParamsC2Ev @ 0x964d80
MANUAL: _ZN7AP_EnumIN21AP_BattMonitor_Params4TypeEEC2Ev @ 0xad0230
MANUAL: _ZNK14AP_BattMonitor22capacity_remaining_pctERhh @ 0x964ed0
MANUAL: _ZN7FunctorIvJPKcKaEEC2EPvPFvS4_S1_aE @ 0xad0350
MANUAL: _ZN8AP_MountC2Ev @ 0x965170
MANUAL: _ZN15AP_Mount_ParamsC2Ev @ 0x965240
MANUAL: _ZN9AP_CameraC2Ej @ 0x9653a0
MANUAL: _ZN16AP_Camera_ParamsC2Ev @ 0x965490
MANUAL: _ZN3GCSC2Ev @ 0xad03d0
MANUAL: _ZNK9GCS_Rover11custom_modeEv @ 0x9655c0
MANUAL: _ZNK9GCS_Rover10frame_typeEv @ 0x965620
MANUAL: _ZN9GCS_Rover4chanEh @ 0xad0520
MANUAL: _ZNK9GCS_Rover19vehicle_initialisedEv @ 0x9656a0
MANUAL: _ZN9GCS_Rover23new_gcs_mavlink_backendERN6AP_HAL10UARTDriverE @ 0xad0640
MANUAL: _ZN9GCS_Rover34update_vehicle_sensor_status_flagsEv @ 0x965850
MANUAL: _ZN17GCS_MAVLINK_RoverCI211GCS_MAVLINKERN6AP_HAL10UARTDriverE @ 0xad06e0
MANUAL: _ZN11GCS_MAVLINKC2ERN6AP_HAL10UARTDriverE @ 0x965a50
MANUAL: _ZN11GCS_MAVLINK14packetReceivedERK16__mavlink_statusRK17__mavlink_message @ 0x965c50
MANUAL: _ZNK11GCS_MAVLINK13mission_stateERK10AP_Mission @ 0x965e50
MANUAL: _ZNK17GCS_MAVLINK_Rover16send_rangefinderEv @ 0x965f30
MANUAL: _ZNK17GCS_MAVLINK_Rover26send_nav_controller_outputEv @ 0x966070
MANUAL: _ZN17GCS_MAVLINK_Rover15send_pid_tuningEv @ 0x9661e0
MANUAL: _ZN11GCS_MAVLINK21send_scaled_pressure3Ev @ 0x966b20
MANUAL: _ZNK11GCS_MAVLINK13send_attitudeEv @ 0x966b80
MANUAL: _ZN17GCS_MAVLINK_Rover31send_position_target_global_intEv @ 0x966d50
MANUAL: _ZNK11GCS_MAVLINK17send_winch_statusEv @ 0xad08b0
MANUAL: _ZNK17GCS_MAVLINK_Rover9base_modeEv @ 0x9670d0
MANUAL: _ZNK17GCS_MAVLINK_Rover21vehicle_system_statusEv @ 0x967220
MANUAL: _ZNK11GCS_MAVLINK19persist_streamratesEv @ 0xad09a0
MANUAL: _ZN17GCS_MAVLINK_Rover25handle_command_int_packetERK23__mavlink_command_int_tRK17__mavlink_message @ 0x9673b0
MANUAL: _ZN17GCS_MAVLINK_Rover14handle_messageERK17__mavlink_message @ 0x967a60
MANUAL: _ZN11GCS_MAVLINK11send_bannerEv @ 0x9683c0
MANUAL: _ZN17GCS_MAVLINK_Rover16try_send_messageE10ap_message @ 0x968c90
MANUAL: _ZN11GCS_MAVLINK24send_global_position_intEv @ 0x968ee0
MANUAL: _ZNK11GCS_MAVLINK23global_position_int_altEv @ 0x969060
MANUAL: _ZNK11GCS_MAVLINK32global_position_int_relative_altEv @ 0x9690c0
MANUAL: _ZNK11GCS_MAVLINK17vfr_hud_climbrateEv @ 0x969130
MANUAL: _ZNK11GCS_MAVLINK16vfr_hud_airspeedEv @ 0x9691f0
MANUAL: _ZNK17GCS_MAVLINK_Rover16vfr_hud_throttleEv @ 0x969290
MANUAL: _ZNK11GCS_MAVLINK11vfr_hud_altEv @ 0x9692f0
MANUAL: _ZN11GCS_MAVLINK35convert_COMMAND_LONG_to_COMMAND_INTERK24__mavlink_command_long_tR23__mavlink_command_int_t9MAV_FRAME @ 0x969710
MANUAL: _ZN11GCS_MAVLINK28command_long_stores_locationE7MAV_CMD @ 0x969ca0
MANUAL: _ZL30convert_COMMAND_LONG_loc_paramfb @ 0x969d80
MANUAL: _ZNK7AP_AHRS19get_vert_pos_rate_DERf @ 0x969f20
MANUAL: _ZNK11AP_AHRS_DCM19get_vert_pos_rate_DERf @ 0x96a050
MANUAL: _ZL36mavlink_msg_global_position_int_send17mavlink_channel_tjiiiissst @ 0x96a420
MANUAL: _ZN17GCS_MAVLINK_Rover14send_servo_outEv @ 0x96a540
MANUAL: _ZN5Rover27send_wheel_encoder_distanceE17mavlink_channel_t @ 0x96a6f0
MANUAL: _ZNK11AP_WindVane9send_windE17mavlink_channel_t @ 0x96a880
MANUAL: _ZNK11GCS_MAVLINK23get_ap_message_intervalE10ap_messageRt @ 0x96a990
MANUAL: _ZN13AP_OADatabase17send_adsb_vehicleE17mavlink_channel_tt @ 0x96aac0
MANUAL: _ZN17GCS_MAVLINK_Rover16send_water_depthEv @ 0x96b060
MANUAL: _ZN11GCS_MAVLINK16try_send_messageE10ap_message @ 0x96b350
MANUAL: _ZN11GCS_MAVLINK17queued_param_sendEv @ 0x96c000
MANUAL: _ZNK11GCS_MAVLINK14send_heartbeatEv @ 0x96c2b0
MANUAL: _ZNK11GCS_MAVLINK18send_home_positionEv @ 0x96c410
MANUAL: _ZNK11GCS_MAVLINK22send_gps_global_originEv @ 0x96c5c0
MANUAL: _ZNK11GCS_MAVLINK8send_rpmEv @ 0x96c670
MANUAL: _ZN11GCS_MAVLINK24try_send_mission_messageE10ap_message @ 0x96c750
MANUAL: _ZN7Compass21send_mag_cal_progressERK11GCS_MAVLINK @ 0x96c950
MANUAL: _ZN7Compass19send_mag_cal_reportERK11GCS_MAVLINK @ 0x96cba0
MANUAL: _ZN11GCS_MAVLINK19send_battery_statusEv @ 0x96ced0
MANUAL: _ZNK7AP_AHRS22send_ekf_status_reportER11GCS_MAVLINK @ 0x96d020
MANUAL: _ZN11GCS_MAVLINK12send_meminfoEv @ 0x96d120
MANUAL: _ZNK11GCS_MAVLINK17send_fence_statusEv @ 0x96d1e0
MANUAL: _ZN11GCS_MAVLINK20send_distance_sensorEv @ 0x96d350
MANUAL: _ZNK11GCS_MAVLINK16send_system_timeEv @ 0x96d890
MANUAL: _ZN6AP_GPS20send_mavlink_gps_rawE17mavlink_channel_t @ 0x96d920
MANUAL: _ZN6AP_GPS20send_mavlink_gps_rtkE17mavlink_channel_th @ 0x96dc70
MANUAL: _ZN6AP_GPS21send_mavlink_gps2_rawE17mavlink_channel_t @ 0x96dd50
MANUAL: _ZNK11GCS_MAVLINK19send_local_positionEv @ 0x96e0f0
MANUAL: _ZNK11GCS_MAVLINK34send_gimbal_device_attitude_statusEv @ 0x96e1c0
MANUAL: _ZN11GCS_MAVLINK16send_opticalflowEv @ 0x96e580
MANUAL: _ZN11GCS_MAVLINK17send_power_statusEv @ 0x96e6f0
MANUAL: _ZNK11GCS_MAVLINK16send_rc_channelsEv @ 0x96e800
MANUAL: _ZNK11GCS_MAVLINK20send_rc_channels_rawEv @ 0x96eac0
MANUAL: _ZN11GCS_MAVLINK12send_raw_imuEv @ 0x96ec40
MANUAL: _ZN11GCS_MAVLINK15send_scaled_imuEhPFv17mavlink_channel_tjssssssssssE @ 0x96f050
MANUAL: _ZL28mavlink_msg_scaled_imu2_send17mavlink_channel_tjssssssssss @ 0x96f310
MANUAL: _ZL28mavlink_msg_scaled_imu3_send17mavlink_channel_tjssssssssss @ 0x96f480
MANUAL: _ZN11GCS_MAVLINK20send_scaled_pressureEv @ 0x96f830
MANUAL: _ZN11GCS_MAVLINK21send_scaled_pressure2Ev @ 0x96f890
MANUAL: _ZN11GCS_MAVLINK13send_airspeedEv @ 0x96f8f0
MANUAL: _ZN11GCS_MAVLINK21send_servo_output_rawEv @ 0x96fab0
MANUAL: _ZNK11GCS_MAVLINK13send_simstateEv @ 0x96fed0
MANUAL: _ZN11GCS_MAVLINK15send_sys_statusEv @ 0x96fff0
MANUAL: _ZN11GCS_MAVLINK10send_ahrs2Ev @ 0x9702e0
MANUAL: _ZN11GCS_MAVLINK9send_ahrsEv @ 0x9703c0
MANUAL: _ZN11GCS_MAVLINK12send_vfr_hudEv @ 0x970540
MANUAL: _ZNK11GCS_MAVLINK14send_vibrationEv @ 0x970680
MANUAL: _ZNK11GCS_MAVLINK21send_generator_statusEv @ 0x970770
MANUAL: _ZN12AP_ESC_Telem26send_esc_telemetry_mavlinkEh @ 0x970af0
MANUAL: _ZN6AP_EFI19send_mavlink_statusE17mavlink_channel_t @ 0x970f80
MANUAL: _ZN6AP_AIS13get_singletonEv @ 0x971750
MANUAL: _ZN6AP_AIS4sendE17mavlink_channel_t @ 0x971790
MANUAL: _ZN11GCS_MAVLINK20send_available_modesEv @ 0x971b00
MANUAL: _ZNK11GCS_MAVLINK21battery_remaining_pctEh @ 0x972390
MANUAL: _ZL3MINIhiEDTqultfp_fp0_fp_fp0_ERKT_RKT0_.6112 @ 0x972840
MANUAL: _ZN12AP_Generator21send_generator_statusERK11GCS_MAVLINK @ 0x973160
MANUAL: _ZL26mavlink_msg_vibration_send17mavlink_channel_tmfffjjj @ 0x9731e0
MANUAL: _ZL24mavlink_msg_vfr_hud_send17mavlink_channel_tffstff @ 0x9732f0
MANUAL: _ZNK7AP_AHRS12get_error_rpEv @ 0x973480
MANUAL: _ZNK7AP_AHRS13get_error_yawEv @ 0x9734e0
MANUAL: _ZL21mavlink_msg_ahrs_send17mavlink_channel_tfffffff @ 0x973540
MANUAL: _ZL22mavlink_msg_ahrs2_send17mavlink_channel_tffffii @ 0x973660
MANUAL: _ZNK9AP_Logger11num_droppedEv @ 0x973760
MANUAL: _ZNK14AP_BattMonitor11gcs_voltageEv @ 0xad0c70
MANUAL: _ZL27mavlink_msg_sys_status_send17mavlink_channel_tjjjttsatttttt @ 0x9737e0
MANUAL: _ZNK14AP_BattMonitor11gcs_voltageEh @ 0x973980
MANUAL: _ZNK17AP_Logger_Backend11num_droppedEv @ 0xad0cc0
MANUAL: _ZL7radiansf.14807 @ 0x973da0
MANUAL: _ZNK4SITL3SIM13simstate_sendE17mavlink_channel_t @ 0x974120
MANUAL: _ZL25mavlink_msg_simstate_send17mavlink_channel_tfffffffffii @ 0x9742f0
MANUAL: _ZL33mavlink_msg_servo_output_raw_send17mavlink_channel_tjhtttttttttttttttt @ 0x974490
MANUAL: _ZL33mavlink_msg_scaled_pressure2_send17mavlink_channel_tjffss @ 0x974790
MANUAL: _ZN11GCS_MAVLINK29send_scaled_pressure_instanceEhPFv17mavlink_channel_tjffssE @ 0x974870
MANUAL: _ZL32mavlink_msg_scaled_pressure_send17mavlink_channel_tjffss @ 0x974a60
MANUAL: _ZL24mavlink_msg_raw_imu_send17mavlink_channel_tmssssssssshs @ 0x974bc0
MANUAL: _ZNK11GCS_MAVLINK16sending_mavlink1Ev @ 0x974d40
MANUAL: _ZNK11GCS_MAVLINK13receiver_rssiEv @ 0x974da0
MANUAL: _ZL28mavlink_msg_rc_channels_send17mavlink_channel_tjhtttttttttttttttttth @ 0x974fb0
MANUAL: _ZL29mavlink_msg_power_status_send17mavlink_channel_tttt @ 0x975220
MANUAL: _ZN8AP_Mount34send_gimbal_device_attitude_statusE17mavlink_channel_t @ 0x975ca0
MANUAL: _ZL35mavlink_msg_local_position_ned_send17mavlink_channel_tjffffff @ 0x976300
MANUAL: _ZNK6AP_GPS12gps_yaw_cdegEh @ 0x976410
MANUAL: _ZNK6AP_GPS23have_gps_yaw_configuredEh @ 0xad0f20
MANUAL: _ZL28mavlink_msg_gps_raw_int_send17mavlink_channel_tmhiiitttthijjjjt @ 0x976710
MANUAL: _ZL28mavlink_msg_system_time_send17mavlink_channel_tmj @ 0x976900
MANUAL: _ZN11GCS_MAVLINK14send_proximityEv @ 0x977ea0
MANUAL: _ZNK12AP_Proximity12distance_minEv @ 0x978280
MANUAL: _ZL3MINIjjEDTqultfp_fp0_fp_fp0_ERKT_RKT0_.6116 @ 0x978740
MANUAL: _ZL24mavlink_msg_meminfo_send17mavlink_channel_tttj @ 0x9787c0
MANUAL: _ZNK7NavEKF318send_status_reportER11GCS_MAVLINK @ 0x978a60
MANUAL: _ZNK12NavEKF3_core18send_status_reportER11GCS_MAVLINK @ 0x978af0
MANUAL: _ZL41mavlink_msg_ekf_status_report_send_struct17mavlink_channel_tPK29__mavlink_ekf_status_report_t @ 0x978ef0
MANUAL: _ZNK14AP_BattMonitor13option_is_setEhN21AP_BattMonitor_Params7OptionsE @ 0x979a10
MANUAL: _ZNK11GCS_MAVLINK19send_battery_statusEh @ 0x979ae0
MANUAL: _ZL3MINIftEDTqultfp_fp0_fp_fp0_ERKT_RKT0_ @ 0x97a370
MANUAL: _ZNK14AP_BattMonitor14time_remainingERjh @ 0x97a410
MANUAL: _ZNK14AP_BattMonitor24get_mavlink_charge_stateEh @ 0x97a500
MANUAL: _ZNK14AP_BattMonitor25get_mavlink_fault_bitmaskEh @ 0x97a630
MANUAL: _ZL31mavlink_msg_battery_status_send17mavlink_channel_thhhsPKtsiiaihS1_hj @ 0x97a6e0
MANUAL: _ZN14typesafe_indexIh12TAG_PriorityErmERKh @ 0xad1170
MANUAL: _ZN11GCS_MAVLINK20send_mission_currentERK10AP_Missiont @ 0x97ae60
MANUAL: _ZNK3GCS32try_send_queued_message_for_typeE16MAV_MISSION_TYPE @ 0x97afe0
MANUAL: _ZNK3GCS25get_prot_for_mission_typeE16MAV_MISSION_TYPE @ 0x97b060
MANUAL: _ZN19MissionItemProtocol19queued_request_sendEv @ 0x97b0e0
MANUAL: _ZL32mavlink_msg_mission_request_send17mavlink_channel_thhth @ 0x97b260
MANUAL: _ZL32mavlink_msg_mission_current_send17mavlink_channel_ttthh @ 0x97b330
MANUAL: _ZL30mavlink_msg_home_position_send17mavlink_channel_tiiifffPKffffm @ 0x97b570
MANUAL: _ZNK11GCS_MAVLINK13system_statusEv @ 0x97b800
MANUAL: _ZL26mavlink_msg_heartbeat_send17mavlink_channel_thhhjh @ 0x97b890
MANUAL: _ZN11GCS_MAVLINK28send_parameter_async_repliesEv @ 0x97b970
MANUAL: _ZN11GCS_MAVLINK21last_txbuf_is_greaterEh @ 0x97bbe0
MANUAL: _ZN12ObjectBufferIN11GCS_MAVLINK19pending_param_replyEE4peekERS1_ @ 0xad1260
MANUAL: _ZL35mavlink_msg_rc_channels_scaled_send17mavlink_channel_tjhssssssssh @ 0x97c5e0
MANUAL: _ZN17AP_InertialSensor17get_output_bannerEhPch @ 0x97fda0
MANUAL: _ZN11GCS_MAVLINK14handle_messageERK17__mavlink_message @ 0x980fb0
MANUAL: _ZN11GCS_MAVLINK16handle_heartbeatERK17__mavlink_message @ 0x981b30
MANUAL: _ZN7GCS_FTP29handle_file_transfer_protocolERK17__mavlink_message17mavlink_channel_t @ 0x9828b0
MANUAL: _ZN11GCS_MAVLINK29handle_common_mission_messageERK17__mavlink_message @ 0x982d50
MANUAL: _ZN11GCS_MAVLINK19handle_command_longERK17__mavlink_message @ 0x982ea0
MANUAL: _ZN11GCS_MAVLINK26handle_request_data_streamERK17__mavlink_message @ 0x9844e0
MANUAL: _ZNK3GCS12sysid_is_gcsEh @ 0x989b40
MANUAL: _ZN11GCS_MAVLINK16sysid_mygcs_seenEj @ 0x989de0
MANUAL: _ZN3GCS16sysid_mygcs_seenEj @ 0xad1e30
MANUAL: _ZL38mavlink_msg_request_data_stream_decodePK17__mavlink_messageP31__mavlink_request_data_stream_t @ 0x98b050
MANUAL: _ZN9AP_Logger13Write_CommandERK23__mavlink_command_int_thh10MAV_RESULTb @ 0x98e2f0
MANUAL: _ZL31mavlink_msg_command_long_decodePK17__mavlink_messageP24__mavlink_command_long_t @ 0x98e470
MANUAL: _ZN11GCS_MAVLINK31try_command_long_as_command_intERK24__mavlink_command_long_tRK17__mavlink_message @ 0x98e540
MANUAL: _ZN11GCS_MAVLINK19handle_mission_itemERK17__mavlink_message @ 0x98e720
MANUAL: _ZN11GCS_MAVLINK20handle_mission_countERK17__mavlink_message @ 0x98ec50
MANUAL: _ZN19MissionItemProtocol13cancel_uploadERK11GCS_MAVLINKRK17__mavlink_message @ 0x98efb0
MANUAL: _ZNK19MissionItemProtocol16send_mission_ackERK11GCS_MAVLINKRK17__mavlink_message18MAV_MISSION_RESULT @ 0x98f0a0
MANUAL: _ZL32mavlink_msg_mission_count_decodePK17__mavlink_messageP25__mavlink_mission_count_t @ 0x98f2b0
MANUAL: _ZN19MissionItemProtocol20handle_mission_countER11GCS_MAVLINKRK25__mavlink_mission_count_tRK17__mavlink_message @ 0x98f380
MANUAL: _ZNK19MissionItemProtocol24mavlink2_requirement_metERK11GCS_MAVLINKRK17__mavlink_message @ 0x98f540
MANUAL: _ZN19MissionItemProtocol20transfer_is_completeERK11GCS_MAVLINKRK17__mavlink_message @ 0x98f620
MANUAL: _ZN19MissionItemProtocol18init_send_requestsER11GCS_MAVLINKRK17__mavlink_messagess @ 0x98f6d0
MANUAL: _ZL35mavlink_msg_mission_item_int_decodePK17__mavlink_messageP28__mavlink_mission_item_int_t @ 0x990590
MANUAL: _ZN19MissionItemProtocol19handle_mission_itemERK17__mavlink_messageRK28__mavlink_mission_item_int_t @ 0x9906e0
MANUAL: _ZN11GCS_MAVLINK16_set_mode_commonEhj @ 0x990da0
MANUAL: _ZN14AP_BoardConfig12ftp_disabledEv @ 0xad20f0
MANUAL: _ZN7GCS_FTPC2Ev @ 0xad2180
MANUAL: _ZN7GCS_FTP4initEv @ 0x990fc0
MANUAL: _ZL41mavlink_msg_file_transfer_protocol_decodePK17__mavlink_messageP34__mavlink_file_transfer_protocol_t @ 0x9910d0
MANUAL: _ZL11le16toh_ptrPKh.18063 @ 0x9911a0
MANUAL: _ZL11le32toh_ptrPKh.18064 @ 0x991200
MANUAL: _ZN12ObjectBufferIN7GCS_FTP11TransactionEE4pushERKS1_ @ 0xad2220
MANUAL: _ZN7FunctorIvJEE4bindI7GCS_FTPXadL_ZNS2_6workerEvEEEES0_PT_ @ 0xad22e0
MANUAL: _ZN7GCS_FTP6workerEv @ 0x991280
MANUAL: _ZN7FunctorIvJEE14method_wrapperI7GCS_FTPXadL_ZNS2_6workerEvEEEEvPv @ 0xad2340
MANUAL: _ZN12ObjectBufferIN7GCS_FTP11TransactionEE3popERS1_ @ 0xad23f0
MANUAL: _ZN7GCS_FTP7Session5closeEv @ 0x991830
MANUAL: _ZN7GCS_FTP11setup_replyERKNS_11TransactionERS0_ @ 0x9918b0
MANUAL: _ZN7GCS_FTP10send_replyERKNS_11TransactionE @ 0x991990
MANUAL: _ZN7GCS_FTP5errorERNS_11TransactionENS_9FTP_ERRORE @ 0x991bb0
MANUAL: _ZN7GCS_FTP7Session10push_replyERNS_11TransactionE @ 0x991c90
MANUAL: _ZN7GCS_FTP7Session14handle_requestERNS_11TransactionES2_ @ 0x991d50
MANUAL: _ZN7GCS_FTP7Session14check_name_lenERKNS_11TransactionE @ 0x992e70
MANUAL: _ZL12put_le32_ptrPhj @ 0x992f60
MANUAL: _ZL13valid_channel17mavlink_channel_t.18051 @ 0x9930a0
MANUAL: _ZL3MINImtEDTqultfp_fp0_fp_fp0_ERKT_RKT0_.18052 @ 0x9930f0
MANUAL: _ZL12put_le16_ptrPht @ 0x993640
MANUAL: _ZL39mavlink_msg_file_transfer_protocol_send17mavlink_channel_thhhPKh @ 0x9936c0
MANUAL: _ZL16mav_array_memcpyPvPKvm.18059 @ 0x9937d0
MANUAL: _ZN12ObjectBufferIN7GCS_FTP11TransactionEEC2Ej @ 0xad24b0
MANUAL: _ZN7GCS_FTP7SessionC2Ev @ 0xad2580
MANUAL: _ZN11GCS_MAVLINK25handle_command_int_packetERK23__mavlink_command_int_tRK17__mavlink_message @ 0x997060
MANUAL: _ZN11GCS_MAVLINK26handle_command_do_set_modeERK23__mavlink_command_int_t @ 0x998320
MANUAL: _ZN11GCS_MAVLINK32handle_command_get_home_positionERK23__mavlink_command_int_t @ 0x998b10
MANUAL: _ZL25mavlink_msg_attitude_send17mavlink_channel_tjffffff @ 0x99c210
MANUAL: _ZN15MAVLink_routing17check_and_forwardER11GCS_MAVLINKRK17__mavlink_message @ 0x99c7d0
MANUAL: _ZN9AP_Follow10handle_msgERK17__mavlink_message @ 0x99cd40
MANUAL: _ZNK11GCS_MAVLINK13accept_packetERK16__mavlink_statusRK17__mavlink_message @ 0x99cec0
MANUAL: _ZNK9AP_Follow21should_handle_messageERK17__mavlink_message @ 0x99cfe0
MANUAL: _ZN15MAVLink_routing11learn_routeER11GCS_MAVLINKRK17__mavlink_message @ 0x99dfb0
MANUAL: _ZN15MAVLink_routing16handle_heartbeatER11GCS_MAVLINKRK17__mavlink_message @ 0x99e250
MANUAL: _ZN15MAVLink_routing11get_targetsERK17__mavlink_messageRsS3_ @ 0x99e480
MANUAL: _ZL30mavlink_msg_heartbeat_get_typePK17__mavlink_message @ 0x99e580
MANUAL: _ZN11GCS_MAVLINKUt0_C2Ev @ 0xad3280
MANUAL: _ZN11GCS_MAVLINKUt1_C2Ev @ 0xad32d0
MANUAL: _ZN11GCS_MAVLINK25deferred_message_bucket_tC2Ev @ 0xad3320
MANUAL: _ZN7BitmaskILt91EEC2Ev @ 0xad3370
MANUAL: _ZN11GCS_MAVLINKUt2_C2Ev @ 0xad33c0
MANUAL: _ZN7FunctorIbJhPN6AP_HAL10UARTDriverEEEC2Ev @ 0xad3410
MANUAL: _ZN7FunctorIbJhPN6AP_HAL10UARTDriverEEEC2EPvPFbS4_hS2_E @ 0xad3470
MANUAL: _ZN12AP_LTM_TelemC2Ev @ 0xad38d0
MANUAL: _ZN9AP_Enum16IN3GCS6OptionEEC2Ev @ 0xad3920
MANUAL: _ZN3GCS15StatusTextQueueCI211ObjectArrayINS_12statustext_tEEEt @ 0xad3970
MANUAL: _ZN3GCSUt_C2Ev @ 0xad39f0
MANUAL: _ZN11ObjectArrayIN3GCS12statustext_tEEC2Et @ 0xad3a50
MANUAL: _ZN11AC_PrecLandC2Ev @ 0x99e740
MANUAL: _ZN7AP_EnumIN11AC_PrecLand4TypeEEC2Ev @ 0xad3b20
MANUAL: _ZN7AP_EnumIN11AC_PrecLand13EstimatorTypeEEC2Ev @ 0xad3b70
MANUAL: _ZN7AP_EnumI8RotationEC2Ev @ 0xad3bc0
MANUAL: _ZN6AP_OSDC2Ev @ 0x99e9a0
MANUAL: _ZN6AP_OSD9StatsInfoC2Ev @ 0xad3c10
MANUAL: _ZN18AP_OSD_ParamScreenC2Eh @ 0x99ec90
MANUAL: _ZN21AP_OSD_AbstractScreenC2Ev @ 0xad3c70
MANUAL: _ZN19AP_OSD_ParamSettingC2Ev @ 0xad3d00
MANUAL: _ZN19AP_OSD_ParamSettingC2ERKNS_11InitializerE @ 0x99ee20
MANUAL: _ZN7AP_EnumIN19AP_OSD_ParamSetting4TypeEEC2Ev @ 0xad3df0
MANUAL: _ZN13AP_OSD_ScreenC2Ev @ 0x9a0910
MANUAL: _ZN14AP_OSD_SettingC2Ebhh @ 0x9a1070
MANUAL: _ZN14AP_OpticalFlowC2Ev @ 0x9a8ef0
MANUAL: _ZN7AP_EnumIN14AP_OpticalFlow4TypeEEC2Ev @ 0xad4160
MANUAL: _ZN18AP_ExternalControlC2Ev @ 0x9a9000
MANUAL: _ZN9AP_ArmingC2Ev @ 0x9a93f0
MANUAL: _ZN7AP_EnumIN9AP_Arming8RequiredEEC2Ev @ 0xad42e0
MANUAL: _ZN7AP_EnumIN9AP_Arming15RequireLocationEEC2Ev @ 0xad4330
MANUAL: _ZN8RCMapperC2Ev @ 0x9a9570
MANUAL: _ZN12ParametersG2C2Ev @ 0x9a9660
MANUAL: _ZN17RC_Channels_RoverC2Ev @ 0xad4380
MANUAL: _ZN14AP_Rally_RoverC2Ev @ 0xad4430
MANUAL: _ZN7AP_EnumIN8ModeAuto13DoneBehaviourEEC2Ev @ 0xad44a0
MANUAL: _ZN11AR_WPNav_OACI28AR_WPNavER18AR_AttitudeControlR13AR_PosControl @ 0xad44f0
MANUAL: _ZN10ModeCircleC2Ev @ 0x9a99f0
MANUAL: _ZN10ModeCircleUt_C2Ev @ 0xad45f0
MANUAL: _ZN10ModeCircleUt0_C2Ev @ 0xad4660
MANUAL: _ZN13AR_PosControlC2ER18AR_AttitudeControl @ 0x9a9ef0
MANUAL: _ZN9AC_PID_2DC2Efffffff @ 0x9aa030
MANUAL: _ZN7AC_P_2DC2Ef @ 0x9aa210
MANUAL: _ZN11AP_TorqeedoC2Ev @ 0x9aa2b0
MANUAL: _ZN18AP_Torqeedo_ParamsC2Ev @ 0x9aa360
MANUAL: _ZN16AP_OAPathPlannerC2Ev @ 0x9aa440
MANUAL: _ZN16AP_OAPathPlanner14avoidance_infoC2Ev @ 0xad47d0
MANUAL: _ZN16AP_OAPathPlannerUt_C2Ev @ 0xad4870
MANUAL: _ZN13AP_OADatabaseC2Ev @ 0x9aa540
MANUAL: _ZN7AP_EnumIN13AP_OADatabase11OutputLevelEEC2Ev @ 0xad4910
MANUAL: _ZN13AP_OADatabaseUt_C2Ev @ 0xad4960
MANUAL: _ZN8SailboatC2Ev @ 0x9aa660
MANUAL: _ZN8AR_WPNavC2ER18AR_AttitudeControlR13AR_PosControl @ 0x9aa750
MANUAL: _ZN6SCurveC2Ev @ 0x9aa940
MANUAL: _ZN12AR_PivotTurnC2ER18AR_AttitudeControl @ 0x9aa9c0
MANUAL: _ZN11AP_WindVaneC2Ev @ 0x9aaa70
MANUAL: _ZN8AP_RallyC2Ev @ 0x9aad00
MANUAL: _ZN10AC_SprayerC2Ev @ 0x9ab090
MANUAL: _ZN9AP_FollowC2Ev @ 0x9ab200
MANUAL: _ZN4AC_PC2ERKf @ 0xad4a70
MANUAL: _ZN8AC_AvoidC2Ev @ 0x9ab430
MANUAL: _ZN12AP_ProximityC2Ev @ 0x9ab550
MANUAL: _ZN19AP_Proximity_ParamsC2Ev @ 0x9ab690
MANUAL: _ZN24AP_Proximity_Boundary_3DC2Ev @ 0x9ab7d0
MANUAL: _ZN24AP_Proximity_Boundary_3D4initEv @ 0x9ab940
MANUAL: _ZN11AP_SmartRTLC2Eb @ 0x9abad0
MANUAL: _ZN11AP_SmartRTLUt_C2Ev @ 0xad4b00
MANUAL: _ZN7BitmaskILt500EEC2Ev @ 0xad4b60
MANUAL: _ZN7BitmaskILt500EE8clearallEv @ 0xad4bb0
MANUAL: _ZN18AR_AttitudeControlC2Ev @ 0x9abbb0
MANUAL: _ZN6AC_PIDC2Efffffffffff @ 0x9abf00
MANUAL: _ZN11SlewLimiterC2ERKfS1_ @ 0x9ac200
MANUAL: _ZN12AP_MotorsUGVC2ER19AP_WheelRateControl @ 0x9ac2d0
MANUAL: _ZN19AP_WheelRateControlC2ERK15AP_WheelEncoder @ 0x9ac420
MANUAL: _ZN6AC_PIDC2ERKNS_8DefaultsE @ 0xad4c10
MANUAL: _ZN15AP_WheelEncoderC2Ev @ 0x9ac550
MANUAL: _ZN9AP_BeaconC2Ev @ 0x9ac770
MANUAL: _ZN7AP_EnumIN9AP_Beacon4TypeEEC2Ev @ 0xad4cf0
MANUAL: _ZN9AP_Beacon11BeaconStateC2Ev @ 0xad4d40
MANUAL: _ZN12SRV_ChannelsC2Ev @ 0x9ac8e0
MANUAL: _ZN11SRV_ChannelC2Ev @ 0x9acaf0
MANUAL: _ZN9AP_Enum16IN11SRV_Channel8FunctionEEC2Ev @ 0xad4da0
MANUAL: _ZN16AP_FETtecOneWireC2Ev @ 0x9acbb0
MANUAL: _ZN16AP_FETtecOneWire12MessageUnionC2Ev @ 0xad4df0
MANUAL: _ZN15AP_RobotisServoC2Ev @ 0x9acc90
MANUAL: _ZN10AP_SBusOutC2Ev @ 0x9acd20
MANUAL: _ZN16AP_Volz_ProtocolC2Ev @ 0x9acda0
MANUAL: _ZN16AP_Volz_ProtocolUt_C2Ev @ 0xad4e40
MANUAL: _ZN11RC_ChannelsC2Ev @ 0x9ace40
MANUAL: _ZN16RC_Channel_RoverC2Ev @ 0xad4ea0
MANUAL: _ZN16RC_Channel_Rover17init_aux_functionEN10RC_Channel8AUX_FUNCENS0_12AuxSwitchPosE @ 0x9acf50
MANUAL: _ZN16RC_Channel_Rover19mode_switch_changedEa @ 0x9ad4a0
MANUAL: _ZN17RC_Channels_Rover7channelEh @ 0xad4f10
MANUAL: _ZN11RC_Channels16read_mode_switchEv @ 0x9adab0
MANUAL: _ZNK17RC_Channels_Rover14in_rc_failsafeEv @ 0x9adb40
MANUAL: _ZNK17RC_Channels_Rover15has_valid_inputEv @ 0x9adba0
MANUAL: _ZNK17RC_Channels_Rover18get_arming_channelEv @ 0x9adc20
MANUAL: _ZNK17RC_Channels_Rover26flight_mode_channel_numberEv @ 0x9adc70
MANUAL: _ZN7BitmaskILt634EEC2Ev @ 0xad5000
MANUAL: _ZN7BitmaskILt634EE8clearallEv @ 0xad5050
MANUAL: _ZN7AP_EnumI14PilotSteerTypeEC2Ev @ 0xad51a0
MANUAL: _ZN6AP_HAL3HAL9CallbacksC2Ev @ 0xad51f0
MANUAL: _ZN13AP_IBus_TelemC2Ev @ 0xad5250
MANUAL: _ZN19AP_ServoRelayEventsC2Ev @ 0xad52a0
MANUAL: _ZN14AP_NMEA_OutputC2Ev @ 0xad5300
MANUAL: _ZN4SITL3SIMC2Ev @ 0xad5390
MANUAL: _ZN10AP_FiltersC2Ev @ 0x9adce0
MANUAL: _ZN16AP_Filter_paramsC2Ev @ 0x9addb0
MANUAL: _ZN7AP_EnumIN9AP_Filter10FilterTypeEEC2Ev @ 0xad63c0
MANUAL: _ZN18AP_CustomRotationsC2Ev @ 0x9ade20
MANUAL: _ZN24AP_CustomRotation_paramsC2Ev @ 0x9adf00
MANUAL: _ZN4SITL8sitl_fdmC2Ev @ 0xad6410
MANUAL: _ZN7AP_EnumIN4SITL3SIM12CANTransportEEC2Ev @ 0xad64d0
MANUAL: _ZN4SITL3SIM8BaroParmC2Ev @ 0xad6520
MANUAL: _ZN4SITL3SIM12AirspeedParmC2Ev @ 0xad6630
MANUAL: _ZN4SITL3SIM11ServoParamsC2Ev @ 0xad66f0
MANUAL: _ZN4SITL3SIM8GPSParmsC2Ev @ 0xad6780
MANUAL: _ZN4SITL3SIM10ViconParmsC2Ev @ 0xad68f0
MANUAL: _ZN4SITL3SIM9ModelParmC2Ev @ 0xad69f0
MANUAL: _ZN7AP_EnumIN4SITL3SIM8ADSBTypeEEC2Ev @ 0xad6a70
MANUAL: _ZN4SITL3SIMUt_C2Ev @ 0xad6ac0
MANUAL: _ZN4SITL3SIMUt0_C2Ev @ 0xad6b50
MANUAL: _ZN4SITL3SIMUt1_C2Ev @ 0xad6be0
MANUAL: _ZN4SITL3SIMUt2_C2Ev @ 0xad6c80
MANUAL: _ZN4SITL3SIMUt3_C2Ev @ 0xad6cf0
MANUAL: _ZN4SITL7SprayerC2Ev @ 0xad6d80
MANUAL: _ZN4SITL13Gripper_ServoC2Ev @ 0xad6e50
MANUAL: _ZN4SITL11Gripper_EPMC2Ev @ 0xad6f50
MANUAL: _ZN4SITL9ParachuteC2Ev @ 0xad7010
MANUAL: _ZN4SITL3I2CC2Ev @ 0xad70a0
MANUAL: _ZN4SITL3SPIC2Ev @ 0xad70f0
MANUAL: _ZN4SITL9ToneAlarmC2Ev @ 0xad7140
MANUAL: _ZN4SITL12SIM_PreclandC2Ev @ 0xad71b0
MANUAL: _ZN4SITL4VolzC2Ev @ 0x9adf90
MANUAL: _ZN4SITL16FETtecOneWireESCC2Ev @ 0x9ae0f0
MANUAL: _ZN4SITL16FETtecOneWireESC12MessageUnionC2Ev @ 0xad72e0
MANUAL: _ZN4SITL16FETtecOneWireESCUt_C2Ev @ 0xad7330
MANUAL: _ZN4SITL16FETtecOneWireESC3ESCC2Ev @ 0xad7380
MANUAL: _ZN4SITL19IntelligentEnergy24C2Ev @ 0x9ae2a0
MANUAL: _ZN4SITL17IntelligentEnergyC2Ev @ 0xad73e0
MANUAL: _ZN4SITL10LoweheiserC2Ev @ 0x9aed60
MANUAL: _ZN4SITL19SIM_GeneratorEngineC2Ev @ 0xad7460
MANUAL: _ZN4SITL11RichenPowerC2Ev @ 0x9aee40
MANUAL: _ZN7AP_EnumIN4SITL12SIM_Precland6OptionEEC2Ev @ 0xad74c0
MANUAL: _ZN4SITL6BuzzerC2Ev @ 0x9aef40
MANUAL: _ZN4SITL9TetherSimC2Ev @ 0x9aefb0
MANUAL: _ZN4SITL15SlungPayloadSimC2Ev @ 0x9af0f0
MANUAL: _ZN4SITL7ShipSimC2Ev @ 0x9af230
MANUAL: _ZN4SITL4ShipC2Ev @ 0xad7510
MANUAL: _ZN6AP_RPMC2Ev @ 0x9af340
MANUAL: _ZN13AP_RPM_ParamsC2Ev @ 0x9af410
MANUAL: _ZN12AP_ScriptingC2Ev @ 0x9af500
MANUAL: _ZN12AP_Scripting7mavlinkC2Ev @ 0xad7560
MANUAL: _ZN25AP_Scripting_SerialDeviceC2Ev @ 0xad75c0
MANUAL: _ZN7AP_EnumIN12AP_Scripting14ThreadPriorityEEC2Ev @ 0xad7660
MANUAL: _ZN25AP_Scripting_SerialDevice4PortC2Ev @ 0xad76b0
MANUAL: _ZN20AP_TemperatureSensorC2Ev @ 0x9afd60
MANUAL: _ZN7AP_EnumIN20AP_TemperatureSensor11LoggingTypeEEC2Ev @ 0xad7870
MANUAL: _ZN27AP_TemperatureSensor_ParamsC2Ev @ 0x9afe40
MANUAL: _ZN7AP_EnumIN27AP_TemperatureSensor_Params4TypeEEC2Ev @ 0xad78c0
MANUAL: _ZN7AP_EnumIN27AP_TemperatureSensor_Params6SourceEEC2Ev @ 0xad7910
MANUAL: _ZN8AC_FenceC2Ev @ 0x9afef0
MANUAL: _ZN7AP_EnumIN8AC_Fence6ActionEEC2Ev @ 0xad7960
MANUAL: _ZN19AC_PolyFence_loaderC2ER9AP_ParamTIaL11ap_var_type1EERKS0_IsLS1_2EE @ 0xad79b0
MANUAL: _ZN9AP_KDECANC2Ev @ 0x9b00b0
MANUAL: _ZN6AP_AISC2Ev @ 0x9b0150
MANUAL: _ZN17AP_ExpandingArrayIN6AP_AIS13ais_vehicle_tEEC2Et @ 0xad7a50
MANUAL: _ZN8AP_StatsC2Ev @ 0x9b0230
MANUAL: _ZN8AP_StatsUt_C2Ev @ 0xad7ac0
MANUAL: _ZN11AP_AirspeedC2Ev @ 0x9b02d0
MANUAL: _ZN11AP_Airspeed14airspeed_stateC2Ev @ 0xad7b60
MANUAL: _ZN20Airspeed_CalibrationC2Ev @ 0x9b04b0
MANUAL: _ZN18AP_Airspeed_ParamsC2Ev @ 0x9b0590
MANUAL: _ZN7AP_EnumIN18AP_Airspeed_Params11SkipCalTypeEEC2Ev @ 0xad7bc0
MANUAL: _ZN6AP_EFIC2Ev @ 0x9b06a0
MANUAL: _ZN7AP_EnumIN6AP_EFI4TypeEEC2Ev @ 0xad7c10
MANUAL: _ZN13AP_EFI_ThrLinC2Ev @ 0x9b0780
MANUAL: _ZN8AP_TrampC2Ev @ 0x9b0840
MANUAL: _ZN13AP_SmartAudioC2Ev @ 0x9b08b0
MANUAL: _ZN12ObjectBufferIN13AP_SmartAudio6PacketEEC2Ej @ 0xad7c60
MANUAL: _ZN15AP_ExternalAHRSC2Ev @ 0x9b0930
MANUAL: _ZN15AP_ExternalAHRS7state_tC2Ev @ 0xad7d30
MANUAL: _ZN7AP_EnumIN15AP_ExternalAHRS7DevTypeEEC2Ev @ 0xad7df0
MANUAL: _ZN12AP_GeneratorC2Ev @ 0x9b0a40
MANUAL: _ZN6AP_MSPC2Ev @ 0x9b0af0
MANUAL: _ZN6AP_MSPUt_C2Ev @ 0xad7e40
MANUAL: _ZN14AP_OpenDroneIDC2Ev @ 0x9b0b90
MANUAL: _ZN14AP_Servo_TelemC2Ev @ 0x9b0cb0
MANUAL: _ZN12AP_ESC_TelemC2Ev @ 0x9b0d30
MANUAL: _ZN13AP_VisualOdomC2Ev @ 0x9b0dd0
MANUAL: _ZN7AP_EnumIN13AP_VisualOdom15VisualOdom_TypeEEC2Ev @ 0xad7e90
MANUAL: _ZN13AP_Hott_TelemC2Ev @ 0x9b0ef0
MANUAL: _ZN7AP_AHRSC2Eh @ 0x9b0f70
MANUAL: _ZN7AP_EnumIN7AP_AHRS7EKFTypeEEC2Ev @ 0xad7ee0
MANUAL: _ZN7AP_EnumI6GPSUseEC2Ev @ 0xad7f30
MANUAL: _ZN7AP_AHRSUt_C2Ev @ 0xad7f80
MANUAL: _ZN11AP_AHRS_DCMC2ER9AP_ParamTIfL11ap_var_type4EES3_S3_S3_R7AP_EnumI6GPSUseERS0_IaLS1_1EE @ 0xad80e0
MANUAL: _ZN15AP_AHRS_Backend9EstimatesC2Ev @ 0xad83e0
MANUAL: _ZN11AP_AHRS_SIMC2ER7NavEKF3 @ 0xad8490
MANUAL: _ZN16AP_AHRS_ExternalCI215AP_AHRS_BackendEv @ 0xad8520
MANUAL: _ZN15AP_AHRS_BackendC2Ev @ 0xad8590
MANUAL: _ZNK11AP_AHRS_DCM12airspeed_EASERf @ 0x9b1560
MANUAL: _ZN7NavEKF3C2Ev @ 0x9b16b0
MANUAL: _ZN7AP_EnumIN7NavEKF38LogLevelEEC2Ev @ 0xad9120
MANUAL: _ZN7NavEKF3Ut0_C2Ev @ 0xad9170
MANUAL: _ZN16AP_NavEKF_SourceC2Ev @ 0x9b1d40
MANUAL: _ZN16AP_NavEKF_Source9SourceSetC2Ev @ 0xad91d0
MANUAL: _ZN7AP_EnumIN16AP_NavEKF_Source8SourceXYEEC2Ev @ 0xad9270
MANUAL: _ZN7AP_EnumIN16AP_NavEKF_Source7SourceZEEC2Ev @ 0xad92c0
MANUAL: _ZN7AP_EnumIN16AP_NavEKF_Source9SourceYawEEC2Ev @ 0xad9310
MANUAL: _ZN7NavEKF2C2Ev @ 0x9b1df0
MANUAL: _ZN7NavEKF2Ut0_C2Ev @ 0xad9360
MANUAL: _ZN9AP_NotifyC2Ev @ 0x9b2320
MANUAL: _ZN8AP_RelayC2Ev @ 0x9b2460
MANUAL: _ZN15AP_Relay_ParamsC2Ev @ 0x9b2530
MANUAL: _ZN7AP_EnumIN15AP_Relay_Params8FUNCTIONEEC2Ev @ 0xad93c0
MANUAL: _ZN7AP_EnumIN15AP_Relay_Params12DefaultStateEEC2Ev @ 0xad9410
MANUAL: _ZN16AP_SerialManagerC2Ev @ 0x9b25d0
MANUAL: _ZN10AP_VideoTXC2Ev @ 0x9b26c0
MANUAL: _ZN10AP_GyroFFTC2Ev @ 0x9b27c0
MANUAL: _ZN10AP_GyroFFT11EngineStateC2Ev @ 0xad9460
MANUAL: _ZN7Vector3IhEC2Ev @ 0xad9640
MANUAL: _ZN10AP_GyroFFT26MedianLowPassFilter3dFloatC2Ev @ 0xad96a0
MANUAL: _ZN20LowPassFilterConstDtIfEC2Ev @ 0xad9770
MANUAL: _ZN16FilterWithBufferIfLh3EEC2Ev @ 0xad97c0
MANUAL: _ZN16FilterWithBufferIfLh3EE5resetEv @ 0xad98e0
MANUAL: _ZN7Vector3ItEC2Ev @ 0xad9970
MANUAL: _ZN7Vector3IjEC2Ev @ 0xad99d0
MANUAL: _ZN7AP_RSSIC2Ev @ 0x9b2b40
MANUAL: _ZN7AP_RSSI8PWMStateC2Ev @ 0xad9a30
MANUAL: _ZN10AP_GripperC2Ev @ 0x9b2c50
MANUAL: _ZN10AP_Gripper14Backend_ConfigC2Ev @ 0xad9a90
MANUAL: _ZN9AP_LoggerC2Ev @ 0x9b2d00
MANUAL: _ZN9AP_LoggerUt_C2Ev @ 0xad9b50
MANUAL: _ZN9AP_Logger11FileContentC2Ev @ 0xad9c70
MANUAL: _ZN7AP_EnumIN9AP_Logger11LogDisarmedEEC2Ev @ 0xad9cd0
MANUAL: _ZN11RangeFinderC2Ev @ 0x9b2e60
MANUAL: _ZN21AP_RangeFinder_ParamsC2Ev @ 0x9b2f60
MANUAL: _ZN9AP_ButtonC2Ev @ 0x9b30a0
MANUAL: _ZN7CompassC2Ev @ 0x9b3260
MANUAL: _ZN7AP_EnumIN7Compass9LearnTypeEEC2Ev @ 0xad9d20
MANUAL: _ZN19RestrictIDTypeArrayIN7Compass9mag_stateELj4E14typesafe_indexIh14TAG_StateIndexEEC2Ev @ 0xad9d70
MANUAL: _ZN19RestrictIDTypeArrayI9AP_ParamTIaL11ap_var_type1EELj3E14typesafe_indexIh12TAG_PriorityEEC2Ev @ 0xad9e00
MANUAL: _ZN19RestrictIDTypeArrayI9AP_ParamTIiL11ap_var_type3EELj3E14typesafe_indexIh12TAG_PriorityEEC2Ev @ 0xad9e80
MANUAL: _ZN16Compass_PerMotorC2ER7Compass @ 0x9b34c0
MANUAL: _ZN7AP_BaroC2Ev @ 0x9b35f0
MANUAL: _ZN7AP_Baro6sensorC2Ev @ 0xad9f00
MANUAL: _ZN16DerivativeFilterIfLh7EEC2Ev @ 0xad9f90
MANUAL: _ZN16FilterWithBufferIfLh7EEC2Ev @ 0xada000
MANUAL: _ZN16FilterWithBufferIfLh7EE5resetEv @ 0xada0d0
MANUAL: _ZN7AP_Baro9WindCoeffC2Ev @ 0xada160
MANUAL: _ZN6AP_GPSC2Ev @ 0x9b37a0
MANUAL: _ZN7AP_EnumIN6AP_GPS9SBAS_ModeEEC2Ev @ 0xada220
MANUAL: _ZN6AP_GPS9GPS_StateC2Ev @ 0xada270
MANUAL: _ZN6AP_GPS6ParamsC2Ev @ 0x9b39b0
MANUAL: _ZN7AP_EnumIN6AP_GPS8GPS_TypeEEC2Ev @ 0xada2e0
MANUAL: _ZN10MovingBaseC2Ev @ 0x9b3aa0
MANUAL: _ZN7AP_EnumIN10MovingBase4TypeEEC2Ev @ 0xada330
MANUAL: _ZN12AP_SchedulerC2Ev @ 0x9b3b20
MANUAL: _ZN2AP8PerfInfoC2Ev @ 0xada380
MANUAL: _ZN13AP_CANManagerC2Ev @ 0x9b3c10
MANUAL: _ZN13AP_CANManager15CANIface_ParamsC2Ev @ 0xada3d0
MANUAL: _ZN13AP_CANManager16CANDriver_ParamsC2Ev @ 0xada470
MANUAL: _ZN13AP_MAVLinkCANC2Ev @ 0xada4f0
MANUAL: _ZN13AP_MAVLinkCANUt_C2Ev @ 0xada560
MANUAL: _ZN14AP_BoardConfigC2Ev @ 0x9b3d50
MANUAL: _ZN14AP_BoardConfigUt_C2Ev @ 0xada5c0
MANUAL: _ZN14AP_BoardConfigUt0_C2Ev @ 0xada670
MANUAL: _ZN6AP_RTCC2Ev @ 0x9b3e60
MANUAL: _ZN19AP_Frsky_ParametersC2Ev @ 0x9b3f10
MANUAL: _ZN6AP_HAL7get_HALEv @ 0x9b3fc0
MANUAL: __cxx_global_var_init.897 @ 0x5bf2d0
MANUAL: __cxx_global_var_init.1.898 @ 0x5bf330
MANUAL: __cxx_global_var_init.804 @ 0x5bf380
MANUAL: __cxx_global_var_init.1.805 @ 0x5bf3e0
MANUAL: __cxx_global_var_init.44 @ 0x5bf430
MANUAL: __cxx_global_var_init.1.45 @ 0x5bf490
MANUAL: __cxx_global_var_init.701 @ 0x5bf4e0
MANUAL: __cxx_global_var_init.25 @ 0x5bf530
MANUAL: __cxx_global_var_init.1.26 @ 0x5bf590
MANUAL: __cxx_global_var_init.20 @ 0x5bf5e0
MANUAL: __cxx_global_var_init.1.21 @ 0x5bf640
MANUAL: __cxx_global_var_init.7 @ 0x5bf690
MANUAL: __cxx_global_var_init.1.8 @ 0x5bf6f0
MANUAL: __cxx_global_var_init.2 @ 0x5bf740
MANUAL: __cxx_global_var_init.1.3 @ 0x5bf7a0
MANUAL: __cxx_global_var_init @ 0x5bf7f0
MANUAL: __cxx_global_var_init.1 @ 0x5bf850
MANUAL: main @ 0x9b6c60
MANUAL: __wrap_malloc @ 0x9c3a50
MANUAL: mode_to_string @ 0xa1d140
MANUAL: mode_entry @ 0xa1d2c0
----------------------
Mode: 15 (GUIDED)
GUIDED: _ZN15AP_Arming_Rover3armEN9AP_Arming6MethodEb @ 0x5bf990
GUIDED: _ZN15AP_Arming_Rover14pre_arm_checksEb @ 0x5bfbf0
GUIDED: _ZN15AP_Arming_Rover10arm_checksEN9AP_Arming6MethodE @ 0x5bfe10
GUIDED: _ZN9AP_Arming16barometer_checksEb @ 0x5bff00
GUIDED: _ZN9AP_Arming10ins_checksEb @ 0x5c0010
GUIDED: _ZN15AP_Arming_Rover10gps_checksEb @ 0x5c0400
GUIDED: _ZN9AP_Arming20board_voltage_checksEb @ 0x5c05d0
GUIDED: _ZN15AP_Arming_Rover21rc_calibration_checksEb @ 0x5c0780
GUIDED: _ZN9AP_Arming14mission_checksEb @ 0x5c0930
GUIDED: _ZNK9AP_Arming25terrain_database_requiredEv @ 0x5c0d40
GUIDED: _ZN9AP_Arming13system_checksEb @ 0x5c0dd0
GUIDED: _ZNK9AP_Arming16proximity_checksEb @ 0x5c1380
GUIDED: _ZN9AP_Arming18opendroneid_checksEb @ 0x5c1540
GUIDED: _ZN9AP_Arming23rc_in_calibration_checkEb @ 0x5c1630
GUIDED: _ZN9AP_Arming22serial_protocol_checksEb @ 0x5c16e0
GUIDED: _ZN2AP13serialmanagerEv @ 0x5c1810
GUIDED: _ZNK16AP_SerialManager11have_serialENS_14SerialProtocolEh @ 0x5c1850
GUIDED: _ZN16AP_SerialManager14pre_arm_checksEPch @ 0x5c1b20
GUIDED: _ZNK9AP_ParamTIiL11ap_var_type3EEcvRKiEv @ 0xa21b60
GUIDED: _ZN6AP_HAL4Util8snprintfEPcmPKcz @ 0x5c1c80
GUIDED: _ZN6AP_HAL4Util9vsnprintfEPcmPKcP13__va_list_tag @ 0x5c1e60
GUIDED: _ZN13BufferPrinterC2EPcm @ 0xa21bb0
GUIDED: _Z13print_vprintfPN6AP_HAL12BetterStreamEPKcP13__va_list_tag @ 0x5c1fa0
GUIDED: _Z12ultoa_invertjPch @ 0x5c3e30
GUIDED: _ZN6AP_HAL12BetterStreamC2Ev @ 0xa21c60
GUIDED: _ZN13BufferPrinter5writeEh @ 0xa21cc0
GUIDED: _Z3gcsv @ 0x5c4420
GUIDED: _ZN3GCS10send_textvE12MAV_SEVERITYPKcP13__va_list_tag @ 0x5c4460
GUIDED: _ZNK3GCS28statustext_send_channel_maskEv @ 0x5c4530
GUIDED: _ZN11GCS_MAVLINK19active_channel_maskEv @ 0xa21f60
GUIDED: _ZN11GCS_MAVLINK22streaming_channel_maskEv @ 0xa21fa0
GUIDED: _ZN11GCS_MAVLINK20private_channel_maskEv @ 0xa21fe0
GUIDED: _ZN3GCS13get_singletonEv @ 0xa22020
GUIDED: _ZNK16AP_SerialManager22find_protocol_instanceENS_14SerialProtocolEh @ 0x5c45c0
GUIDED: _ZNK13AP_ParamTBaseIaL11ap_var_type1EE3getEv @ 0xa22060
GUIDED: _ZNK16AP_SerialManager14protocol_matchENS_14SerialProtocolES0_ @ 0x5c4760
GUIDED: _ZN16AP_SerialManager13get_singletonEv @ 0xa220b0
GUIDED: _Z2rcv @ 0x5c4860
GUIDED: _ZN11RC_Channels11calibratingEv @ 0xa220f0
GUIDED: _ZNK9AP_Arming13check_enabledENS_5CheckE @ 0x5c4b30
GUIDED: _ZN11RC_Channels13get_singletonEv @ 0xa22150
GUIDED: _ZN2AP11opendroneidEv @ 0x5c4be0
GUIDED: _ZN14AP_OpenDroneID13pre_arm_checkEPch @ 0x5c4c20
GUIDED: _ZNK14AP_OpenDroneID14option_enabledENS_7OptionsE @ 0xa22190
GUIDED: _ZNK9AP_ParamTIaL11ap_var_type1EEcvRKaEv @ 0xa22220
GUIDED: _ZN6AP_HAL6millisEv @ 0x5c4ee0
GUIDED: _ZN13WithSemaphoreD2Ev @ 0x5c4f20
GUIDED: _ZN6AP_HAL8millis64Ev @ 0x5c4f80
GUIDED: _ZN6AP_HAL8micros64Ev @ 0x5c4fc0
GUIDED: _ZL14uint64_div1000m @ 0x5c5060
GUIDED: _ZN7HALSITL9Scheduler4fromEPN6AP_HAL9SchedulerE @ 0xa22270
GUIDED: _ZNK7HALSITL9Scheduler18stopped_clock_usecEv @ 0xa222c0
GUIDED: _ZNK13AP_ParamTBaseIsL11ap_var_type2EE3getEv @ 0xa22310
GUIDED: _ZN13WithSemaphoreC2ERN6AP_HAL9SemaphoreEj @ 0x5c51b0
GUIDED: _ZN14AP_OpenDroneID13get_singletonEv @ 0xa22360
GUIDED: _ZN2AP9proximityEv @ 0x5c5290
GUIDED: _ZNK12AP_Proximity14prearm_healthyEPch @ 0x5c52d0
GUIDED: _ZN12AP_Proximity13get_singletonEv @ 0xa223a0
GUIDED: _ZN8AP_Param15get_eeprom_fullEv @ 0xa223e0
GUIDED: _ZN2AP9schedulerEv @ 0x5c55b0
GUIDED: _ZN12AP_Scheduler25get_filtered_loop_rate_hzEv @ 0xa22420
GUIDED: _ZN12AP_Scheduler16get_loop_rate_hzEv @ 0xa22470
GUIDED: _ZN10AP_Terrain13get_singletonEv @ 0xa22500
GUIDED: _ZN12AP_Scripting13get_singletonEv @ 0xa225a0
GUIDED: _ZNK12AP_Scripting13arming_checksEmPc @ 0x5c55f0
GUIDED: _ZN2AP4ADSBEv @ 0x5c58e0
GUIDED: _ZN2AP13internalerrorEv @ 0x5c5920
GUIDED: _ZNK16AP_InternalError6errorsEv @ 0xa22700
GUIDED: _ZNK16AP_InternalError15last_error_lineEv @ 0xa22750
GUIDED: _ZN2AP3rpmEv @ 0x5c5ab0
GUIDED: _ZNK6AP_RPM13arming_checksEmPc @ 0x5c5af0
GUIDED: _ZN2AP5relayEv @ 0x5c5e20
GUIDED: _ZNK8AP_Relay13arming_checksEmPc @ 0x5c5e60
GUIDED: _ZN2AP9parachuteEv @ 0x5c61b0
GUIDED: _ZN2AP6buttonEv @ 0x5c6390
GUIDED: _ZNK9AP_Button13arming_checksEmPc @ 0x5c63d0
GUIDED: _ZN9AP_Button13get_singletonEv @ 0xa227a0
GUIDED: _ZN12SRV_Channels17function_assignedEN11SRV_Channel8FunctionE @ 0x5c6660
GUIDED: _ZNK7AP_EnumIN15AP_Relay_Params8FUNCTIONEEcvKS1_Ev @ 0xa227e0
GUIDED: _ZNK9AP_ParamTIsL11ap_var_type2EEcvRKsEv @ 0xa22830
GUIDED: _ZN12SRV_Channels25update_aux_servo_functionEv @ 0x5c67b0
GUIDED: _ZNK7BitmaskILt190EE3getEt @ 0xa22880
GUIDED: _ZNK7BitmaskILt190EE8validateEt @ 0xa22950
GUIDED: _ZN7BitmaskILt190EE8clearallEv @ 0xa229e0
GUIDED: _ZNK11SRV_Channel14valid_functionEv @ 0xa22a40
GUIDED: _ZN11SRV_Channel24aux_servo_function_setupEv @ 0x5c72b0
GUIDED: _ZN7BitmaskILt190EE3setEt @ 0xa22aa0
GUIDED: _ZNK9AP_Enum16IN11SRV_Channel8FunctionEEcvKS1_Ev @ 0xa22b60
GUIDED: _ZN11SRV_Channel14valid_functionENS_8FunctionE @ 0xa22bb0
GUIDED: _ZN12AP_Parachute13get_singletonEv @ 0xa22c20
GUIDED: _ZNK8AP_Relay14function_validEN15AP_Relay_Params8FUNCTIONE @ 0x5c74d0
GUIDED: _ZNK8AP_Relay8DroneCAN9valid_pinEs @ 0x5c7540
GUIDED: _ZN8AP_Relay13get_singletonEv @ 0xa22c60
GUIDED: _ZN6AP_RPM13get_singletonEv @ 0xa22ca0
GUIDED: _ZN7AP_ADSB13get_singletonEv @ 0xa22ce0
GUIDED: _ZNK12AP_Scripting7enabledEv @ 0xa22d20
GUIDED: _ZNK12AP_Scripting13option_is_setENS_11DebugOptionE @ 0xa22d90
GUIDED: _ZNK13AP_ParamTBaseIiL11ap_var_type3EE3getEv @ 0xa22e90
GUIDED: _ZNK2AP8PerfInfo25get_filtered_loop_rate_hzEv @ 0x5c76a0
GUIDED: _ZNK2AP8PerfInfo17get_filtered_timeEv @ 0x5c7730
GUIDED: _ZN12AP_Scheduler13get_singletonEv @ 0x5c7780
GUIDED: _ZN2AP7missionEv @ 0x5c77c0
GUIDED: _ZN10AP_Mission26contains_terrain_alt_itemsEv @ 0x5c7800
GUIDED: _ZNK10AP_Mission12num_commandsEv @ 0xa22ee0
GUIDED: _ZN10AP_Mission18stored_in_locationEt @ 0x5c7aa0
GUIDED: _ZN10AP_Mission15Mission_CommandC2Ev @ 0xa22f40
GUIDED: _ZNK10AP_Mission21read_cmd_from_storageEtRNS_15Mission_CommandE @ 0x5c7c30
GUIDED: _ZN10AP_Mission7ContentC2Ev @ 0xa22fa0
GUIDED: _ZN2AP4ahrsEv @ 0x5c80f0
GUIDED: _ZNK7AP_AHRS8get_homeEv @ 0xa22ff0
GUIDED: _ZNK13StorageAccess9read_byteEt @ 0x5c8130
GUIDED: _ZNK13StorageAccess11read_uint16Et @ 0x5c81a0
GUIDED: _ZNK13StorageAccess10read_blockEPvtm @ 0x5c8220
GUIDED: _ZN7AP_AHRS13get_singletonEv @ 0xa23040
GUIDED: _ZN8LocationC2Ev @ 0xa23080
GUIDED: _ZN8Location4zeroEv @ 0x5c8750
GUIDED: _ZN10AP_Mission13get_singletonEv @ 0xa230d0
GUIDED: _ZN2AP5rallyEv @ 0x5c88b0
GUIDED: _ZNK7AP_AHRS12get_locationER8Location @ 0x5c88f0
GUIDED: _ZNK10AP_Mission21failed_sdcard_storageEv @ 0xa23110
GUIDED: _ZN14StorageManager14storage_failedEv @ 0xa23170
GUIDED: _ZN2AP7vehicleEv @ 0x5c8b60
GUIDED: _ZNK10AP_Mission7presentEv @ 0xa231b0
GUIDED: _ZN10AP_Vehicle13get_singletonEv @ 0x5c8ba0
GUIDED: _ZNK8Location12get_distanceERKS_ @ 0x5c8dc0
GUIDED: _ZNK9AP_ParamTIfL11ap_var_type4EEcvRKfILb1EEEv @ 0xa23220
GUIDED: _ZN8Location14diff_longitudeEii @ 0x5c8e90
GUIDED: _ZN8Location15longitude_scaleEi @ 0x5c8f70
GUIDED: _Z4normIddJEEdT_T0_DpKT1_ @ 0xa23270
GUIDED: _Z2sqIdJdEEdT_DpKT0_ @ 0xa232e0
GUIDED: _Z2sqIdEdT_ @ 0xa23360
GUIDED: _ZL3MAXIdfEDTqugtfp_fp0_fp_fp0_ERKT_RKT0_ @ 0x5c9010
GUIDED: _ZN8LocationC2EiiiNS_8AltFrameE @ 0x5c90b0
GUIDED: _ZN8Location10set_alt_cmEiNS_8AltFrameE @ 0x5c9150
GUIDED: _ZN8AP_Rally13get_singletonEv @ 0xa233c0
GUIDED: _ZNK10RC_Channel13get_radio_minEv @ 0xa23400
GUIDED: _ZNK10RC_Channel13get_radio_maxEv @ 0xa23460
GUIDED: _ZN9AP_Arming21rc_calibration_checksEb @ 0x5c9240
GUIDED: _ZN11RC_Channels23get_valid_channel_countEv @ 0x5c93f0
GUIDED: _ZNK10RC_Channel12has_overrideEv @ 0x5c9460
GUIDED: _ZNK10RC_Channel14get_radio_trimEv @ 0xa234c0
GUIDED: _ZNK13AP_ParamTBaseIfL11ap_var_type4EE3getEv @ 0xa23600
GUIDED: _Z11is_positiveIfEbT_ @ 0xa23650
GUIDED: _Z7is_zerof @ 0xa236b0
GUIDED: _ZL3MINIihEDTqultfp_fp0_fp_fp0_ERKT_RKT0_.6275 @ 0x5c9520
GUIDED: _ZN14AP_BoardConfig25get_minimum_board_voltageEv @ 0xa23720
GUIDED: _ZN14AP_BoardConfig25get_minimum_servo_voltageEv @ 0xa237a0
GUIDED: _ZN9AP_Arming10gps_checksEb @ 0x5c95b0
GUIDED: _ZNK7AP_AHRS13pre_arm_checkEbPch @ 0x5c9a80
GUIDED: _ZN5Rover15ekf_position_okEv @ 0x5c9e10
GUIDED: _ZNK7AP_AHRS17have_inertial_navEv @ 0x5c9f80
GUIDED: _ZNK7AP_AHRS17get_filter_statusER17nav_filter_status @ 0x5c9fe0
GUIDED: _ZNK9AP_Arming8is_armedEv @ 0x5ca110
GUIDED: _ZNK9AP_Arming15arming_requiredEv @ 0x5ca190
GUIDED: _ZNK14AP_OpenDroneID7enabledEv @ 0xa23820
GUIDED: _ZNK7AP_EnumIN9AP_Arming8RequiredEEcvKS1_Ev @ 0xa23890
GUIDED: _ZNK7AP_AHRS8ekf_typeEv @ 0x5ca260
GUIDED: _ZNK7NavEKF315getFilterStatusER17nav_filter_status @ 0x5ca3f0
GUIDED: _ZN2AP12externalAHRSEv @ 0x5ca6e0
GUIDED: _ZNK15AP_ExternalAHRS17get_filter_statusER17nav_filter_status @ 0x5ca720
GUIDED: _ZN15AP_ExternalAHRS13get_singletonEv @ 0xa23940
GUIDED: _ZNK12NavEKF3_core15getFilterStatusER17nav_filter_status @ 0x5ca8b0
GUIDED: _ZNK7AP_AHRS14always_use_EKFEv @ 0xa23980
GUIDED: _ZNK7AP_AHRS15active_EKF_typeEv @ 0xa239e0
GUIDED: _ZNK7AP_AHRS7healthyEv @ 0x5ca990
GUIDED: _ZNK15AP_ExternalAHRS7enabledEv @ 0x5cab70
GUIDED: _ZNK7AP_AHRS20attitudes_consistentEPch @ 0x5cadd0
GUIDED: _ZN2AP7compassEv @ 0x5cb430
GUIDED: _ZNK7Compass11use_for_yawEv @ 0x5cb470
GUIDED: _ZNK7NavEKF313pre_arm_checkEbPch @ 0x5cb7e0
GUIDED: _ZNK16AP_NavEKF_Source13pre_arm_checkEbPch @ 0x5cbab0
GUIDED: _ZNK16AP_NavEKF_Source12getYawSourceEh @ 0x5cc2e0
GUIDED: _ZNK12NavEKF3_core7healthyEv @ 0x5cc5a0
GUIDED: _ZNK12NavEKF3_core13pre_arm_checkEbPch @ 0x5cc7d0
GUIDED: _ZNK16AP_NavEKF_Source14useVelXYSourceENS_8SourceXYEh @ 0x5cc960
GUIDED: _ZNK16AP_NavEKF_Source18getActiveSourceSetEh @ 0xa23a30
GUIDED: _ZNK7AP_EnumIN16AP_NavEKF_Source8SourceXYEEcvKS1_Ev @ 0xa23ae0
GUIDED: _ZNK16AP_NavEKF_Source13option_is_setENS_13SourceOptionsE @ 0xa23b30
GUIDED: _ZNK12NavEKF3_core15getFilterFaultsERt @ 0x5cca90
GUIDED: _ZNK11QuaternionTIdE6is_nanEv @ 0xa23bb0
GUIDED: _ZNK7Vector3IdE6is_nanEv @ 0xa23cb0
GUIDED: _ZNK7AP_EnumIN16AP_NavEKF_Source9SourceYawEEcvKS1_Ev @ 0xa23d80
GUIDED: _ZN2AP3dalEv @ 0x5ccbb0
GUIDED: _ZN6AP_DAL7compassEv @ 0xa23dd0
GUIDED: _ZNK14AP_DAL_Compass15get_num_enabledEv @ 0xa23e20
GUIDED: _ZN6AP_DAL13get_singletonEv @ 0xa23e70
GUIDED: _ZnwmRKSt9nothrow_t @ 0x5ccbf0
GUIDED: _ZN7Matrix3IfEC2Ev @ 0xa242b0
GUIDED: _ZN7Vector3IfEC2Ev @ 0xa243a0
GUIDED: _ZN11QuaternionTIfEC2Ev @ 0xa24520
GUIDED: _ZN7Vector2IfEC2Ev @ 0xa24590
GUIDED: _ZN6AP_DAL4baroEv @ 0xa245f0
GUIDED: _ZNK11AP_DAL_Baro13num_instancesEv @ 0xa24640
GUIDED: _ZN6AP_DAL6beaconEv @ 0xa24690
GUIDED: _ZN6AP_DAL3gpsEv @ 0xa24750
GUIDED: _ZNK10AP_DAL_GPS11num_sensorsEv @ 0xa247a0
GUIDED: _ZN6AP_DAL11rangefinderEv @ 0xa24860
GUIDED: _ZN6AP_DAL10visualodomEv @ 0xa248b0
GUIDED: _ZNK7Compass7healthyEh @ 0x5cd520
GUIDED: _ZNK7Compass11use_for_yawEh @ 0x5cd5c0
GUIDED: _ZNK7Compass9availableEv @ 0xa249d0
GUIDED: _ZN14typesafe_indexIh12TAG_PriorityEC2Eh @ 0xa24a50
GUIDED: _ZNK19RestrictIDTypeArrayI9AP_ParamTIaL11ap_var_type1EELj3E14typesafe_indexIh12TAG_PriorityEEixERKS5_ @ 0xa24ab0
GUIDED: _ZNK7AP_EnumIN7Compass9LearnTypeEEcvKS1_Ev @ 0xa24b30
GUIDED: _ZNK14typesafe_indexIh12TAG_PriorityE7get_intEv @ 0xa24b80
GUIDED: _ZNK7Compass10_get_stateE14typesafe_indexIh12TAG_PriorityE @ 0xa24bd0
GUIDED: _ZNK7Compass13_get_state_idE14typesafe_indexIh12TAG_PriorityE @ 0x5cd6a0
GUIDED: _ZNK19RestrictIDTypeArrayIN7Compass9mag_stateELj4E14typesafe_indexIh14TAG_StateIndexEEixERKS4_ @ 0xa24c50
GUIDED: _ZNK14typesafe_indexIh14TAG_StateIndexE7get_intEv @ 0xa24cd0
GUIDED: _ZNK19RestrictIDTypeArrayIiLj3E14typesafe_indexIh12TAG_PriorityEEixERKS2_ @ 0xa24d20
GUIDED: _ZN14typesafe_indexIh14TAG_StateIndexEC2Eh @ 0xa24da0
GUIDED: _ZNK14typesafe_indexIh14TAG_StateIndexEltERKh @ 0xa24e00
GUIDED: _ZN14typesafe_indexIh14TAG_StateIndexEppEi @ 0xa24e70
GUIDED: _ZN7Compass13get_singletonEv @ 0xa24ee0
GUIDED: _ZNK7AP_AHRS20get_quat_body_to_nedER11QuaternionTIfE @ 0x5cd7c0
GUIDED: _ZNK7NavEKF211activeCoresEv @ 0xa24f20
GUIDED: _ZNK11QuaternionTIfE21roll_pitch_differenceERKS0_ @ 0xa24f70
GUIDED: _ZL7radiansi.1516 @ 0x5cd910
GUIDED: _ZNK11QuaternionTIfE18angular_differenceERKS0_ @ 0xa25180
GUIDED: _ZNK11QuaternionTIfE13to_axis_angleER7Vector3IfE @ 0xa25210
GUIDED: _ZNK7NavEKF311activeCoresEv @ 0xa25360
GUIDED: _ZNK7NavEKF322getQuaternionBodyToNEDEaR11QuaternionTIfE @ 0x5cda80
GUIDED: _ZNK7AP_AHRS28get_DCM_rotation_body_to_nedEv @ 0xa253b0
GUIDED: _ZN11QuaternionTIfE20from_rotation_matrixERK7Matrix3IfE @ 0xa25410
GUIDED: _ZNK7NavEKF324using_noncompass_for_yawEv @ 0x5cdb60
GUIDED: _ZNK12NavEKF3_core24using_noncompass_for_yawEv @ 0x5cdbf0
GUIDED: _ZNK12NavEKF3_core11use_compassEv @ 0x5cdd30
GUIDED: _ZNK14AP_DAL_Compass11use_for_yawEh @ 0xa25920
GUIDED: _ZNK12NavEKF3_core20getRotationBodyToNEDER7Matrix3IfE @ 0x5cde00
GUIDED: _ZNK11QuaternionTIdE15rotation_matrixER7Matrix3IfE @ 0xa25990
GUIDED: _ZNK6AP_DAL43get_rotation_vehicle_body_to_autopilot_bodyEv @ 0xa25ba0
GUIDED: _ZNK7Matrix3IfEmlERKS0_ @ 0xa25bf0
GUIDED: _ZN7Vector3IfEC2Efff @ 0xa25e60
GUIDED: _ZN7Matrix3IfEC2ERK7Vector3IfES4_S4_ @ 0xa25ef0
GUIDED: _ZL2sqf.3305 @ 0x5cdec0
GUIDED: _ZN7Vector3IfEdVEf @ 0xa25fa0
GUIDED: _Z7wrap_PId @ 0x5cdf10
GUIDED: _ZN7Vector3IfEmLEf @ 0xa26030
GUIDED: _Z8wrap_2PId @ 0x5cdfa0
GUIDED: _ZNK11QuaternionTIfE7inverseEv @ 0xa260c0
GUIDED: _ZNK11QuaternionTIfEmlERKS0_ @ 0xa26140
GUIDED: _ZN11QuaternionTIfEC2Effff @ 0xa26370
GUIDED: _ZNK11QuaternionTIfE15rotation_matrixER7Matrix3IfE @ 0xa26420
GUIDED: _ZNK7Matrix3IfE13mul_transposeERK7Vector3IfE @ 0xa26610
GUIDED: _ZNK7Vector3IfEmiERKS0_ @ 0xa26720
GUIDED: _ZNK7Vector3IfE6lengthEv @ 0xa267d0
GUIDED: _Z20constrain_value_lineIfET_S0_S0_S0_j @ 0xa26830
GUIDED: _Z4normIffJfEEdT_T0_DpKT1_ @ 0xa26950
GUIDED: _Z2sqIfJffEEdT_DpKT0_ @ 0xa269d0
GUIDED: _ZL2sqf.3424 @ 0x5ce090
GUIDED: _Z2sqIfJfEEdT_DpKT0_ @ 0xa26a70
GUIDED: _ZL2sqf.1606 @ 0x5ce0e0
GUIDED: _ZNK7AP_AHRS24get_rotation_body_to_nedEv @ 0xa26af0
GUIDED: _ZN2AP3gpsEv @ 0x5ce1f0
GUIDED: _ZNK6AP_GPS8get_typeEh @ 0xa26be0
GUIDED: _ZNK7AP_EnumIN6AP_GPS8GPS_TypeEEcvKS1_Ev @ 0xa26c70
GUIDED: _ZN6AP_GPS13get_singletonEv @ 0xa26cc0
GUIDED: _ZNK7AP_EnumIN15AP_ExternalAHRS7DevTypeEEcvKS1_Ev @ 0xa26d00
GUIDED: _ZNK7NavEKF37healthyEv @ 0x5ce340
GUIDED: _ZN6AP_GPS14pre_arm_checksEPct @ 0x5ce4b0
GUIDED: _ZNK6AP_GPS11num_sensorsEv @ 0x5ce650
GUIDED: _ZNK6AP_GPS14primary_sensorEv @ 0xa26da0
GUIDED: _ZNK6AP_GPS6statusEh @ 0xa26df0
GUIDED: _ZNK6AP_GPS10is_healthyEh @ 0x5ce6d0
GUIDED: _ZNK7AP_AHRS11home_is_setEv @ 0xa26eb0
GUIDED: _ZNK6AP_GPS14all_consistentERf @ 0x5ce880
GUIDED: _ZNK6AP_GPS8locationEv @ 0xa26f10
GUIDED: _ZNK6AP_GPS22first_unconfigured_gpsERh @ 0x5ce990
GUIDED: _ZN3GCS9send_textE12MAV_SEVERITYPKcz @ 0x5ceb60
GUIDED: _ZNK6AP_GPS8locationEh @ 0xa26f70
GUIDED: _ZNK6AP_GPS12is_rtk_roverEh @ 0x5cee40
GUIDED: _ZN15AP_GPS_DroneCAN29inter_instance_pre_arm_checksEPct @ 0x5ceee0
GUIDED: _ZN15AP_GPS_DroneCAN20is_dronecan_gps_typeEN6AP_GPS8GPS_TypeE @ 0xa26fe0
GUIDED: _ZN2AP3insEv @ 0x5cf1a0
GUIDED: _ZNK17AP_InertialSensor19get_gyro_health_allEv @ 0x5cf1e0
GUIDED: _ZNK17AP_InertialSensor22gyro_calibrated_ok_allEv @ 0x5cf2a0
GUIDED: _ZNK17AP_InertialSensor20get_accel_health_allEv @ 0x5cf3b0
GUIDED: _ZNK17AP_InertialSensor23accel_calibrated_ok_allEv @ 0x5cf470
GUIDED: _ZNK17AP_InertialSensor25accel_cal_requires_rebootEv @ 0xa27060
GUIDED: _ZN9AP_Arming21ins_accels_consistentERK17AP_InertialSensor @ 0x5cf740
GUIDED: _ZN9AP_Arming20ins_gyros_consistentERK17AP_InertialSensor @ 0x5cf840
GUIDED: _ZNK17AP_InertialSensor23temperature_cal_runningEv @ 0x5cf930
GUIDED: _ZNK17AP_InertialSensor12BatchSampler7enabledEv @ 0xa270c0
GUIDED: _ZNK17AP_InertialSensor12BatchSampler14is_initialisedEv @ 0xa27130
GUIDED: _ZNK17AP_InertialSensor34pre_arm_check_gyro_backend_rate_hzEPct @ 0x5cf9d0
GUIDED: _ZN2AP3fftEv @ 0x5cfb80
GUIDED: _ZN10AP_GyroFFT13pre_arm_checkEPch @ 0x5cfbc0
GUIDED: _ZNK10AP_GyroFFT16analysis_enabledEv @ 0xa27190
GUIDED: _ZN11ExpectDelayD2Ev @ 0x5d0310
GUIDED: _ZdlPv @ 0x5d0890
GUIDED: _ZN7Vector3IfEixEh @ 0xa27520
GUIDED: _Z15constrain_int16sss @ 0xa27e80
GUIDED: _Z15constrain_valueIsET_S0_S0_S0_ @ 0xa27f10
GUIDED: _ZNK10ByteBuffer5spaceEv @ 0x5d20b0
GUIDED: _ZN10ByteBuffer5writeEPKhj @ 0x5d2310
GUIDED: _ZN10ByteBuffer7reserveEPNS_5IoVecEj @ 0x5d2430
GUIDED: _ZN10ByteBuffer6commitEj @ 0x5d2660
GUIDED: _ZN10ByteBuffer5clearEv @ 0x5d2820
GUIDED: _ZNK10ByteBuffer8get_sizeEv @ 0xa27fc0
GUIDED: _ZN11ExpectDelayC2Ej @ 0x5d2ad0
GUIDED: _ZN10AP_GyroFFT13get_singletonEv @ 0xa28010
GUIDED: _ZNK17AP_InertialSensor14get_gyro_countEv @ 0xa28050
GUIDED: _ZNK17AP_InertialSensor4_useEh @ 0xa280c0
GUIDED: _ZNK17AP_InertialSensor8_gyro_idEh @ 0xa28120
GUIDED: _ZN17AP_InertialSensor8_gyro_idEh @ 0xa28180
GUIDED: _ZN17AP_InertialSensor4_useEh @ 0xa281f0
GUIDED: _ZL3MINIihEDTqultfp_fp0_fp_fp0_ERKT_RKT0_.3043 @ 0x5d2b90
GUIDED: _ZNK17AP_InertialSensor4tcalEh @ 0xa28260
GUIDED: _ZNK7AP_EnumIN22AP_InertialSensor_TCal6EnableEEcvKS1_Ev @ 0xa282c0
GUIDED: _ZN17AP_InertialSensor4tcalEh @ 0xa28310
GUIDED: _ZNK17AP_InertialSensor16gyros_consistentEh @ 0x5d2c20
GUIDED: _ZNK17AP_InertialSensor8get_gyroEv @ 0xa28380
GUIDED: _ZNK17AP_InertialSensor8use_gyroEh @ 0x5d2d50
GUIDED: _ZNK17AP_InertialSensor8get_gyroEh @ 0xa283e0
GUIDED: _ZL7radiansi.3111 @ 0x5d2e10
GUIDED: _ZNK17AP_InertialSensor15get_gyro_healthEh @ 0xa28450
GUIDED: _ZNK17AP_InertialSensor17accels_consistentEf @ 0x5d2e70
GUIDED: _ZNK17AP_InertialSensor15get_accel_countEv @ 0xa284f0
GUIDED: _ZL3MINIihEDTqultfp_fp0_fp_fp0_ERKT_RKT0_ @ 0x5d2fd0
GUIDED: _ZNK17AP_InertialSensor9get_accelEv @ 0xa28560
GUIDED: _ZNK17AP_InertialSensor9use_accelEh @ 0x5d3060
GUIDED: _ZNK17AP_InertialSensor9get_accelEh @ 0xa285c0
GUIDED: _ZNK17AP_InertialSensor16get_accel_healthEh @ 0xa28630
GUIDED: _ZNK17AP_InertialSensor13_accel_offsetEh @ 0xa286d0
GUIDED: _ZNK9AP_ParamVI7Vector3IfEL11ap_var_type5EE3getEv @ 0xa28730
GUIDED: _ZNK7Vector3IfE7is_zeroEv @ 0xa28780
GUIDED: _ZNK17AP_InertialSensor12_accel_scaleEh @ 0xa28830
GUIDED: _ZNK17AP_InertialSensor9_accel_idEh @ 0xa28890
GUIDED: _Z8is_equalIffENSt3__19enable_ifIXsr3std17is_floating_pointINS0_11common_typeIJT_T0_EE4typeEEE5valueEbE4typeES3_S4_ @ 0xa288f0
GUIDED: _ZN17AP_InertialSensor9_accel_idEh @ 0xa28970
GUIDED: _ZN17AP_InertialSensor12_accel_scaleEh @ 0xa289e0
GUIDED: _ZN17AP_InertialSensor13_accel_offsetEh @ 0xa28a50
GUIDED: _ZNK17AP_InertialSensor18gyro_calibrated_okEh @ 0xa28ac0
GUIDED: _ZN17AP_InertialSensor13get_singletonEv @ 0x5d3120
GUIDED: _ZN8AP_Param17get_default_valueEPKS_RKNS_9GroupInfoE @ 0x5d4040
GUIDED: _ZN13AP_ParamTBaseIaL11ap_var_type1EE3setERKa @ 0xa290a0
GUIDED: _ZN13AP_ParamTBaseIsL11ap_var_type2EE3setERKs @ 0xa29100
GUIDED: _ZN13AP_ParamTBaseIiL11ap_var_type3EE3setERKi @ 0xa29170
GUIDED: _ZN13AP_ParamTBaseIfL11ap_var_type4EE3setERKf @ 0xa291d0
GUIDED: _ZNK8AP_Param13find_var_infoEPjRPKNS_9GroupInfoERNS_12GroupNestingEPh @ 0x5d4b90
GUIDED: _ZNK8AP_Param14copy_name_infoEPKNS_4InfoEPKNS_9GroupInfoERKNS_12GroupNestingEhPcmb @ 0x5d4e10
GUIDED: _ZNK8AP_Param14send_parameterEPKc11ap_var_typeh @ 0x5d5070
GUIDED: _ZNK8AP_Param13cast_to_floatE11ap_var_type @ 0x5d5210
GUIDED: _ZN3GCS20send_parameter_valueEPKc11ap_var_typef @ 0x5d5300
GUIDED: _ZL3MINImmEDTqultfp_fp0_fp_fp0_ERKT_RKT0_.5959 @ 0x5d5440
GUIDED: _ZN11GCS_MAVLINK14mav_param_typeE11ap_var_type @ 0x5d54c0
GUIDED: _ZN8AP_Param16count_parametersEv @ 0x5d5550
GUIDED: _ZN3GCS23send_to_active_channelsEjPKc @ 0x5d5700
GUIDED: _ZN9AP_Logger13get_singletonEv @ 0xa299d0
GUIDED: _ZN9AP_Logger15Write_ParameterEPKcf @ 0x5d5820
GUIDED: _ZNK9AP_Logger10quiet_nanfEv @ 0xa29a10
GUIDED: _ZN17AP_Logger_Backend15Write_ParameterEPKcff @ 0x5d5910
GUIDED: _Z14strncpy_notermPcPKcm @ 0x5d5a30
GUIDED: _ZN17AP_Logger_Backend18WriteCriticalBlockEPKvt @ 0xa29a60
GUIDED: _ZN17AP_Logger_Backend21WritePrioritisedBlockEPKvtbb @ 0x5d5ae0
GUIDED: _ZN17AP_Logger_Backend30validate_WritePrioritisedBlockEPKvt @ 0x5d5cb0
GUIDED: _ZN17AP_Logger_Backend9ShouldLogEb @ 0x5d5ea0
GUIDED: _ZN17AP_Logger_Backend21ensure_format_emittedEPKvt @ 0x5d6340
GUIDED: _ZNK17AP_Logger_Backend23message_type_from_blockEPKvtR11LogMessages @ 0x5d6460
GUIDED: _ZNK17AP_Logger_Backend28have_emitted_format_for_typeE11LogMessages @ 0xa29ae0
GUIDED: _ZN17AP_Logger_Backend14Write_Emit_FMTEh @ 0x5d6550
GUIDED: _ZNK9AP_Logger17fill_logstructureER12LogStructureh @ 0x5d66e0
GUIDED: _ZN17AP_Logger_Backend12Write_FormatEPK12LogStructure @ 0x5d6a10
GUIDED: _ZN17AP_Logger_Backend18Write_Format_UnitsEPK12LogStructure @ 0x5d6ae0
GUIDED: _ZN17AP_Logger_Backend17Fill_Format_UnitsEPK12LogStructureR16log_Format_Units @ 0x5d6b70
GUIDED: _ZN17AP_Logger_Backend11Fill_FormatEPK12LogStructureR10log_Format @ 0x5d6c70
GUIDED: _ZN7BitmaskILt256EE3setEt @ 0xa29b50
GUIDED: _ZNK7BitmaskILt256EE8validateEt @ 0xa29c10
GUIDED: _ZNK9AP_Logger22structure_for_msg_typeEh @ 0x5d6da0
GUIDED: _ZL3MINIhmEDTqultfp_fp0_fp_fp0_ERKT_RKT0_.5680 @ 0x5d6e60
GUIDED: _ZNK9AP_Logger9structureEt @ 0x5d6ef0
GUIDED: _ZNK7BitmaskILt256EE3getEt @ 0xa29ca0
GUIDED: _ZNK6AP_HAL4Util14get_soft_armedEv @ 0xa29d70
GUIDED: _ZN2AP6loggerEv @ 0x5d6f60
GUIDED: _ZNK9AP_Logger18in_log_persistanceEv @ 0x5d6fa0
GUIDED: _Z7is_zeroI9AP_ParamTIfL11ap_var_type4EEEbT_ @ 0xa29dd0
GUIDED: _ZNK12AP_Scheduler5ticksEv @ 0xa29e30
GUIDED: _ZN6AP_HAL8millis16Ev @ 0x5d71b0
GUIDED: _ZNK6AP_HAL4Util21get_last_armed_changeEv @ 0xa29f40
GUIDED: _ZNK9AP_Logger13WritesEnabledEv @ 0xa29f90
GUIDED: _ZNK19LoggerMessageWriter8finishedEv @ 0xa29ff0
GUIDED: _ZNK9AP_Logger15in_log_downloadEv @ 0x5d71f0
GUIDED: _ZNK9AP_Logger16vehicle_is_armedEv @ 0xa2a050
GUIDED: _ZNK9AP_Logger18log_while_disarmedEv @ 0x5d7290
GUIDED: _ZNK7AP_EnumIN9AP_Logger11LogDisarmedEEcvKS1_Ev @ 0xa2a0b0
GUIDED: _ZNK9AP_Logger26log_write_fmt_for_msg_typeEh @ 0x5d7390
GUIDED: mavlink_get_msg_entry @ 0x5d7440
GUIDED: _ZNK3GCS7num_gcsEv @ 0xa2a100
GUIDED: _ZNK11GCS_MAVLINK10is_privateEv @ 0xa2a150
GUIDED: _ZNK11GCS_MAVLINK9is_activeEv @ 0xa2a1b0
GUIDED: _ZN11GCS_MAVLINK12send_messageEPKcPK19__mavlink_msg_entry @ 0xa2a230
GUIDED: _ZN11GCS_MAVLINK18check_payload_sizeEt @ 0x5d7560
GUIDED: _mav_finalize_message_chan_send @ 0x5d7610
GUIDED: _Z26mavlink_get_channel_statush @ 0x5d7960
GUIDED: _Z17_mav_trim_payloadPKch @ 0x5d7a40
GUIDED: _ZL13crc_calculatePKht @ 0x5d7ae0
GUIDED: _ZL21crc_accumulate_bufferPtPKct @ 0x5d7b80
GUIDED: _ZL14crc_accumulatehPt @ 0x5d7c20
GUIDED: _Z14comm_send_lock17mavlink_channel_tt @ 0x5d7eb0
GUIDED: _mavlink_send_uart @ 0x5d7f70
GUIDED: _Z16comm_send_unlock17mavlink_channel_t @ 0x5d7ff0
GUIDED: _Z16comm_send_buffer17mavlink_channel_tPKhh @ 0x5d8070
GUIDED: _ZL13valid_channel17mavlink_channel_t @ 0x5d81e0
GUIDED: _Z24gcs_out_of_space_to_send17mavlink_channel_t @ 0x5d8290
GUIDED: _ZN11GCS_MAVLINK20out_of_space_to_sendEv @ 0xa2a370
GUIDED: _ZL8crc_initPt @ 0x5d8bc0
GUIDED: _ZN11GCS_MAVLINK14channel_statusEv @ 0xa2a3d0
GUIDED: _ZNK11GCS_MAVLINK7txspaceEv @ 0xa2a420
GUIDED: _ZNK11GCS_MAVLINK15packet_overheadEv @ 0xa2a4c0
GUIDED: _ZN11GCS_MAVLINK20packet_overhead_chanE17mavlink_channel_t @ 0x5d8c10
GUIDED: _ZL3MINIjjEDTqultfp_fp0_fp_fp0_ERKT_RKT0_.5950 @ 0x5d8cf0
GUIDED: _ZN11GCS_MAVLINK10is_privateE17mavlink_channel_t @ 0xa2a520
GUIDED: _ZN8AP_Param5firstEPNS_10ParamTokenEP11ap_var_typePf @ 0x5d8d70
GUIDED: _ZN8AP_Param11next_scalarEPNS_10ParamTokenEP11ap_var_typePf @ 0x5d8eb0
GUIDED: _ZN8AP_Param4nextEPNS_10ParamTokenEP11ap_var_typebPf @ 0x5d8fa0
GUIDED: _ZN8AP_Param13check_defaultEPS_Pf @ 0x5d92e0
GUIDED: _ZN8AP_Param8var_infoEt @ 0xa2a590
GUIDED: _ZN8AP_Param17get_default_valueEPKS_RKNS_4InfoE @ 0x5d93c0
GUIDED: _ZN8AP_Param16check_frame_typeEt @ 0x5d94d0
GUIDED: _ZN8AP_Param14get_group_infoERKNS_4InfoE @ 0x5d9570
GUIDED: _ZN8AP_Param10next_groupEtPKNS_9GroupInfoEPbjhlPNS_10ParamTokenEP11ap_var_typebPf @ 0x5d95f0
GUIDED: _ZN8AP_Param14get_group_infoERKNS_9GroupInfoE @ 0x5d9b90
GUIDED: _ZN8AP_Param19adjust_group_offsetEtRKNS_9GroupInfoERl @ 0x5d9c10
GUIDED: _ZN8AP_Param8group_idEPKNS_9GroupInfoEjhh @ 0x5d9d30
GUIDED: _ZN8AP_Param8get_baseERKNS_4InfoERl @ 0x5d9e30
GUIDED: _ZNK13AP_ParamTBaseIaL11ap_var_type1EE13cast_to_floatEv @ 0xa2a630
GUIDED: _ZNK13AP_ParamTBaseIsL11ap_var_type2EE13cast_to_floatEv @ 0xa2a680
GUIDED: _ZNK13AP_ParamTBaseIiL11ap_var_type3EE13cast_to_floatEv @ 0xa2a6d0
GUIDED: _ZNK13AP_ParamTBaseIfL11ap_var_type4EE13cast_to_floatEv @ 0xa2a720
GUIDED: _ZNK8AP_Param19add_vector3f_suffixEPcmh @ 0x5d9ee0
GUIDED: _ZNK8AP_Param19find_var_info_groupEPKNS_9GroupInfoEtjhlPjRS2_RNS_12GroupNestingEPh @ 0x5d9fc0
GUIDED: _ZN8AP_Param4saveEb @ 0x5da4c0
GUIDED: _ZN17AP_InertialSensor13caltemp_accelEh @ 0xa2a850
GUIDED: _ZNK17AP_InertialSensor15get_temperatureEh @ 0xa2a8c0
GUIDED: _ZN7Vector3IfE4zeroEv @ 0xa2ab20
GUIDED: _ZNK7Vector3IfErmERKS0_ @ 0xa2ab80
GUIDED: _ZNK7Vector3IfEmlERKS0_ @ 0xa2ac60
GUIDED: _Z9safe_sqrtIfEfT_ @ 0xa2acf0
GUIDED: _ZNK11QuaternionTIfE14get_euler_rollEv @ 0xa2ae80
GUIDED: _ZNK11QuaternionTIfE15get_euler_pitchEv @ 0xa2af30
GUIDED: _Z9safe_asinIfEfT_ @ 0xa2afa0
GUIDED: _ZN7Vector3IfE6rotateE8Rotation @ 0xa2b190
GUIDED: _ZNK7Matrix3IfEmlERK7Vector3IfE @ 0xa2c170
GUIDED: _ZN7Matrix3IfE10from_eulerEfff @ 0xa2c310
GUIDED: _ZN7Matrix3IfEC2Efffffffff @ 0xa2c540
GUIDED: _ZNK7Vector3IfEplERKS0_ @ 0xa2c670
GUIDED: _ZNK7Vector3IfEdvEf @ 0xa2c720
GUIDED: _Z4normIffJEEdT_T0_DpKT1_ @ 0xa2c7c0
GUIDED: _ZN7Vector3IfEpLERKS0_ @ 0xa2c830
GUIDED: _ZN15ObjectBuffer_TSIN8AP_Param10param_saveEE4peekERS1_ @ 0xa2c8d0
GUIDED: _ZN15ObjectBuffer_TSIN8AP_Param10param_saveEE4pushERKS1_ @ 0xa2c980
GUIDED: _ZN10ByteBuffer9peekbytesEPhj @ 0x5db470
GUIDED: _ZN10ByteBuffer9peekiovecEPNS_5IoVecEj @ 0x5db580
GUIDED: _ZNK10ByteBuffer9availableEv @ 0x5db6d0
GUIDED: _ZN10ByteBuffer7readptrERj @ 0x5db9b0
GUIDED: _ZNK7Vector3IfEngEv @ 0xa2ca60
GUIDED: _ZN2AP4sitlEv @ 0x5dbdb0
GUIDED: _ZN2AP4baroEv @ 0x5dbdf0
GUIDED: _ZNK7AP_Baro13arming_checksEmPc @ 0x5dbe30
GUIDED: _ZNK7AP_Baro11all_healthyEv @ 0x5dbef0
GUIDED: _ZNK7AP_Baro7healthyEh @ 0x5dbfa0
GUIDED: _ZN7AP_Baro13get_singletonEv @ 0xa2cb40
GUIDED: _ZN4SITL3SIM13get_singletonEv @ 0xa2cb80
GUIDED: _ZN9AP_Arming10arm_checksENS_6MethodE @ 0x5dc090
GUIDED: _ZN9AP_Arming13rc_arm_checksENS_6MethodE @ 0x5dc1f0
GUIDED: _ZN6AP_GPS18prepare_for_armingEv @ 0x5dc5b0
GUIDED: _ZNK9AP_Logger15logging_presentEv @ 0x5dc680
GUIDED: _ZN9AP_Logger13PrepForArmingEv @ 0x5dc6e0
GUIDED: _ZNK9AP_Logger15logging_startedEv @ 0x5dc770
GUIDED: _ZNK11RC_Channels13last_input_msEv @ 0xa2cbc0
GUIDED: _ZN11RC_Channels23duplicate_options_existEv @ 0x5dc820
GUIDED: _ZNK11RC_Channels44flight_mode_channel_conflicts_with_rc_optionEv @ 0x5dc940
GUIDED: _ZNK11RC_Channels17option_is_enabledENS_6OptionE @ 0xa2cc10
GUIDED: _ZNK11RC_Channels16get_roll_channelEv @ 0x5dc9d0
GUIDED: _ZNK11RC_Channels17get_pitch_channelEv @ 0x5dca40
GUIDED: _ZNK11RC_Channels15get_yaw_channelEv @ 0x5dcab0
GUIDED: _ZNK10RC_Channel14get_control_inEv @ 0xa2cc90
GUIDED: _ZNK11RC_Channels20get_throttle_channelEv @ 0x5dcb20
GUIDED: _ZN11RC_Channels23find_channel_for_optionEN10RC_Channel8AUX_FUNCE @ 0x5dcb90
GUIDED: _ZN2AP5rcmapEv @ 0x5dce10
GUIDED: _ZNK8RCMapper8throttleEv @ 0xa2cd40
GUIDED: _ZNK11RC_Channels25get_rcmap_channel_nonnullEh @ 0x5dce50
GUIDED: _ZN11RC_Channels10rc_channelEh @ 0xa2cda0
GUIDED: _ZN8RCMapper13get_singletonEv @ 0xa2ce00
GUIDED: _ZNK8RCMapper3yawEv @ 0xa2ce40
GUIDED: _ZNK8RCMapper5pitchEv @ 0xa2cea0
GUIDED: _ZNK8RCMapper4rollEv @ 0xa2cf00
GUIDED: _ZNK11RC_Channels19flight_mode_channelEv @ 0x5dcee0
GUIDED: _ZN7BitmaskILt317EEC2Ev @ 0xa2cf50
GUIDED: _ZN7BitmaskILt317EE8clearallEv @ 0xa2d210
GUIDED: _ZNK8Sailboat12sail_enabledEv @ 0xa2d270
GUIDED: _ZNK11AP_WindVane7enabledEv @ 0x5dcf80
GUIDED: _ZN9AP_Arming14pre_arm_checksEb @ 0x5dcfe0
GUIDED: _ZN15AP_Arming_Rover12motor_checksEb @ 0x5dd4f0
GUIDED: _ZN15AP_Arming_Rover8oa_checkEb @ 0x5dd5f0
GUIDED: _ZN15AP_Arming_Rover16parameter_checksEb @ 0x5dd6f0
GUIDED: _ZN15AP_Arming_Rover11mode_checksEb @ 0x5dd7d0
GUIDED: _ZNK8AR_WPNav17get_default_speedEv @ 0xa2d2d0
GUIDED: _ZNK16AP_OAPathPlanner13pre_arm_checkEPch @ 0x5dd880
GUIDED: _ZNK12AP_MotorsUGV13pre_arm_checkEb @ 0x5dda20
GUIDED: _ZN11AP_Torqeedo13get_singletonEv @ 0x5ddec0
GUIDED: _ZN11AP_Torqeedo14pre_arm_checksEPch @ 0x5ddf00
GUIDED: _ZNK11AP_Torqeedo7enabledEv @ 0x5ddfc0
GUIDED: _ZNK11AP_Torqeedo7enabledEh @ 0x5de1e0
GUIDED: _ZNK12AP_MotorsUGV8has_sailEv @ 0x5de2b0
GUIDED: _ZNK12AP_MotorsUGV7is_omniEv @ 0xa2d330
GUIDED: _ZN9AP_Arming21hardware_safety_checkEb @ 0x5de340
GUIDED: _ZN9AP_Arming14compass_checksEb @ 0x5de410
GUIDED: _ZN9AP_Arming14battery_checksEb @ 0x5deb00
GUIDED: _ZN9AP_Arming14logging_checksEb @ 0x5debf0
GUIDED: _ZN9AP_Arming25manual_transmitter_checksEb @ 0x5ded60
GUIDED: _ZN9AP_Arming18rangefinder_checksEb @ 0x5dee60
GUIDED: _ZNK9AP_Arming12servo_checksEb @ 0x5def50
GUIDED: _ZNK9AP_Arming14terrain_checksEb @ 0x5df1a0
GUIDED: _ZN9AP_Arming10can_checksEb @ 0x5df2f0
GUIDED: _ZNK9AP_Arming16generator_checksEb @ 0x5df5c0
GUIDED: _ZN9AP_Arming13camera_checksEb @ 0x5df6c0
GUIDED: _ZNK9AP_Arming10osd_checksEb @ 0x5df7b0
GUIDED: _ZNK9AP_Arming12mount_checksEb @ 0x5df8a0
GUIDED: _ZNK9AP_Arming13fettec_checksEb @ 0x5df9b0
GUIDED: _ZNK9AP_Arming14visodom_checksEb @ 0x5dfa80
GUIDED: _ZN9AP_Arming15aux_auth_checksEb @ 0x5dfb70
GUIDED: _ZNK9AP_Arming20disarm_switch_checksEb @ 0x5dfdd0
GUIDED: _ZN9AP_Arming12fence_checksEb @ 0x5dfe90
GUIDED: _ZN9AP_Arming12estop_checksEb @ 0x5dffb0
GUIDED: _ZN12SRV_Channels18get_emergency_stopEv @ 0xa2d440
GUIDED: _ZNK10RC_Channel12get_radio_inEv @ 0xa2d480
GUIDED: _ZN2AP5fenceEv @ 0x5e0260
GUIDED: _ZNK8AC_Fence13pre_arm_checkEPch @ 0x5e02a0
GUIDED: _ZNK8AC_Fence7presentEv @ 0x5e0840
GUIDED: _ZNK8AC_Fence7enabledEv @ 0xa2d590
GUIDED: _ZNK8AC_Fence12auto_enabledEv @ 0xa2d5f0
GUIDED: _ZN15ExpandingStringD2Ev @ 0x5e0e80
GUIDED: _ZN15ExpandingString6printfEPKcz @ 0x5e0ee0
GUIDED: _ZN15ExpandingString6expandEj @ 0x5e1170
GUIDED: _Z11mem_reallocPvmm @ 0x5e1270
GUIDED: _ZN15ExpandingString10set_bufferEPcjj @ 0x5e1420
GUIDED: _ZNK19AC_PolyFence_loader17total_fence_countEv @ 0xa2d850
GUIDED: _ZNK7Vector2IfEmiERKS0_ @ 0xa2df80
GUIDED: _ZNK7Vector2IfEmlERKS0_ @ 0xa2e1f0
GUIDED: _ZNK7Vector2IfEmlEf @ 0xa2e270
GUIDED: _ZN7Vector2IfEC2Eff @ 0xa2e2f0
GUIDED: _ZNK19AC_PolyFence_loader27get_exclusion_polygon_countEv @ 0xa2e420
GUIDED: _ZNK19AC_PolyFence_loader27get_inclusion_polygon_countEv @ 0xa2e470
GUIDED: _ZNK19AC_PolyFence_loader26get_exclusion_circle_countEv @ 0xa2e4c0
GUIDED: _ZNK19AC_PolyFence_loader26get_inclusion_circle_countEv @ 0xa2e510
GUIDED: _ZN8AC_Fence13get_singletonEv @ 0xa2e560
GUIDED: _ZN2AP10visualodomEv @ 0x5e2080
GUIDED: _ZNK13AP_VisualOdom13pre_arm_checkEPch @ 0x5e20c0
GUIDED: _ZNK13AP_VisualOdom7enabledEv @ 0x5e21f0
GUIDED: _ZNK7AP_EnumIN13AP_VisualOdom15VisualOdom_TypeEEcvKS1_Ev @ 0xa2e5a0
GUIDED: _ZN13AP_VisualOdom13get_singletonEv @ 0xa2e5f0
GUIDED: _ZN16AP_FETtecOneWire13get_singletonEv @ 0xa2e630
GUIDED: _ZNK16AP_FETtecOneWire13pre_arm_checkEPch @ 0x5e2360
GUIDED: _ZN6AP_HAL6microsEv @ 0x5e2660
GUIDED: _ZN2AP5mountEv @ 0x5e26a0
GUIDED: _ZN8AP_Mount14pre_arm_checksEPch @ 0x5e26e0
GUIDED: _ZNK8AP_Mount14get_mount_typeEh @ 0x5e2870
GUIDED: _ZN8AP_Mount13get_singletonEv @ 0xa2e670
GUIDED: _ZN2AP3osdEv @ 0x5e2900
GUIDED: _ZNK6AP_OSD13pre_arm_checkEPch @ 0x5e2940
GUIDED: _ZNK6AP_OSD18is_readonly_screenEv @ 0xa2e6b0
GUIDED: _ZN6AP_OSD13get_singletonEv @ 0xa2e710
GUIDED: _ZN2AP6runcamEv @ 0x5e2a70
GUIDED: _ZN9AP_RunCam13get_singletonEv @ 0xa2e7c0
GUIDED: _ZN2AP9generatorEv @ 0x5e2c50
GUIDED: _ZNK12AP_Generator13pre_arm_checkEPch @ 0x5e2c90
GUIDED: _ZNK12AP_Generator4typeEv @ 0x5e2db0
GUIDED: _ZN12AP_Generator13get_singletonEv @ 0x5e2e10
GUIDED: _ZN2AP3canEv @ 0x5e2e50
GUIDED: _ZNK13AP_CANManager15get_num_driversEv @ 0xa2e800
GUIDED: _ZNK13AP_CANManager15get_driver_typeEh @ 0xa2e850
GUIDED: _ZN13AP_CANManager13get_singletonEv @ 0xa2ea50
GUIDED: _ZN12SRV_Channels11srv_channelEh @ 0xa2eb10
GUIDED: _ZNK11SRV_Channel12get_functionEv @ 0xa2eb90
GUIDED: _ZNK11SRV_Channel8get_trimEv @ 0xa2ebf0
GUIDED: _ZNK11SRV_Channel14get_output_minEv @ 0xa2ec50
GUIDED: _ZNK11SRV_Channel14get_output_maxEv @ 0xa2eca0
GUIDED: _ZN12SRV_Channels25get_disabled_channel_maskEv @ 0xa2ed00
GUIDED: _ZN11SRV_Channel13should_e_stopENS_8FunctionE @ 0x5e3c10
GUIDED: _ZN11RangeFinder13get_singletonEv @ 0xa2ed40
GUIDED: _ZNK11RangeFinder14prearm_healthyEPch @ 0x5e3c90
GUIDED: _ZNK9AP_Logger14logging_failedEv @ 0x5e4240
GUIDED: _ZN9AP_Logger12CardInsertedEv @ 0x5e4310
GUIDED: _ZN2AP7batteryEv @ 0x5e43c0
GUIDED: _ZNK14AP_BattMonitor13arming_checksEmPc @ 0x5e4400
GUIDED: _ZNK14AP_BattMonitor15configured_typeEh @ 0xa2ee30
GUIDED: _ZNK14AP_BattMonitor14allocated_typeEh @ 0xa2eea0
GUIDED: _ZNK22AP_BattMonitor_Backend13arming_checksEPcm @ 0x5e4600
GUIDED: _ZNK22AP_BattMonitor_Backend20check_failsafe_typesERbS0_S0_S0_ @ 0x5e4af0
GUIDED: _Z11is_positiveI9AP_ParamTIfL11ap_var_type4EEEbT_ @ 0xa2ef10
GUIDED: _ZL12update_checkmPcbPKc @ 0x5e4df0
GUIDED: _ZNK21AP_BattMonitor_Params23failsafe_voltage_sourceEv @ 0xa2eff0
GUIDED: _ZN14AP_BattMonitor13get_singletonEv @ 0xa2f050
GUIDED: _ZNK7Compass14is_calibratingEv @ 0x5e4f80
GUIDED: _ZNK7Compass27compass_cal_requires_rebootEv @ 0xa2f090
GUIDED: _ZNK7Compass7healthyEv @ 0xa2f0f0
GUIDED: _ZNK7Compass21learn_offsets_enabledEv @ 0xa2f150
GUIDED: _ZN7Compass10configuredEPch @ 0x5e50b0
GUIDED: _ZNK7Compass11get_offsetsEv @ 0xa2f1c0
GUIDED: _ZNK7Compass15get_offsets_maxEv @ 0xa2f220
GUIDED: _ZNK7Compass9get_fieldEv @ 0xa2f280
GUIDED: _ZNK7Compass10consistentEv @ 0x5e5340
GUIDED: _ZN7AP_AHRS11use_compassEv @ 0x5e5500
GUIDED: _ZN14AP_Declination18get_earth_field_gaERK8Location @ 0x5e55e0
GUIDED: _ZNK7Vector3IfEmlEf @ 0xa2f2e0
GUIDED: _ZL3MAXIffEDTqugtfp_fp0_fp_fp0_ERKT_RKT0_.10694 @ 0x5e5760
GUIDED: _ZN14AP_Declination16get_mag_field_efEffRfS0_S0_ @ 0x5e5880
GUIDED: _ZL7radiansf.2451 @ 0x5e5e80
GUIDED: _Z15constrain_int32iii @ 0xa2f380
GUIDED: _Z15constrain_valueIiET_S0_S0_S0_ @ 0xa2f3f0
GUIDED: _ZNK7NavEKF311use_compassEv @ 0x5e5f60
GUIDED: _ZN11AP_AHRS_DCM11use_compassEv @ 0x5e5ff0
GUIDED: _ZNK7AP_AHRS15get_fly_forwardEv @ 0xa2f4e0
GUIDED: _ZNK11AP_AHRS_DCM8have_gpsEv @ 0x5e61a0
GUIDED: _ZNK6AP_GPS12ground_speedEv @ 0xa2f540
GUIDED: _ZL7degreesf.1595 @ 0x5e6230
GUIDED: _Z8wrap_180IfET_S0_ @ 0xa2f600
GUIDED: _Z8wrap_360f @ 0x5e6280
GUIDED: _ZNK6AP_GPS13ground_courseEh @ 0xa2f690
GUIDED: _ZNK6AP_GPS12ground_speedEh @ 0xa2f700
GUIDED: _ZNK7AP_EnumI6GPSUseEcvKS0_Ev @ 0xa2f770
GUIDED: _ZNK6AP_GPS6statusEv @ 0xa2f7c0
GUIDED: _ZNK7Vector3IfE2xyEv @ 0xa2f820
GUIDED: _ZNK7Compass9get_countEv @ 0xa2f870
GUIDED: _ZNK7Compass9get_fieldEh @ 0xa2f8c0
GUIDED: _ZNK7Vector2IfE7is_zeroEv @ 0xa2f940
GUIDED: _ZNK7Vector3IfE5angleERKS0_ @ 0xa2f9d0
GUIDED: _ZL7radiansf.2166 @ 0x5e63a0
GUIDED: _ZNK7Vector2IfE5angleERKS0_ @ 0xa2fae0
GUIDED: _ZNK7Vector2IfE6lengthEv @ 0xa2fc00
GUIDED: _ZNK7Compass11get_offsetsEh @ 0xa2fc60
GUIDED: _ZNK9AP_ParamVI7Vector3IfEL11ap_var_type5EEcvRKS1_Ev @ 0xa2fce0
GUIDED: _ZNK14typesafe_indexIh12TAG_PriorityEltERKh @ 0xa2fd30
GUIDED: _ZN19RestrictIDTypeArrayIiLj3E14typesafe_indexIh12TAG_PriorityEEixERKS2_ @ 0xa2fda0
GUIDED: _ZNK14typesafe_indexIh12TAG_PriorityEcvhEv @ 0xa2fe20
GUIDED: _ZNK14typesafe_indexIh12TAG_PriorityEplERKh @ 0xa2fe70
GUIDED: _ZN19RestrictIDTypeArrayI9AP_ParamTIiL11ap_var_type3EELj3E14typesafe_indexIh12TAG_PriorityEEixERKS5_ @ 0xa2fef0
GUIDED: _ZN14typesafe_indexIh12TAG_PriorityEppEi @ 0xa2ff70
GUIDED: _ZN7Compass10configuredEh @ 0x5e63f0
GUIDED: _ZN19RestrictIDTypeArrayIN7Compass9mag_stateELj4E14typesafe_indexIh14TAG_StateIndexEEixERKS4_ @ 0xa2ffe0
GUIDED: _ZNK14typesafe_indexIh14TAG_StateIndexEeqERKh @ 0xa30060
GUIDED: _ZN8AP_Param4loadEv @ 0x5e6600
GUIDED: _ZN8AP_Param7set_keyERNS_12Param_headerEt @ 0x5e6900
GUIDED: _ZN8AP_Param4scanEPKNS_12Param_headerEPt @ 0x5e6990
GUIDED: _ZN8AP_Param9type_sizeE11ap_var_type @ 0x5e6b20
GUIDED: _ZNK13StorageAccess4sizeEv @ 0xa300d0
GUIDED: _ZN8AP_Param7get_keyERKNS_12Param_headerE @ 0x5e6bc0
GUIDED: _ZN8AP_Param11is_sentinalERKNS_12Param_headerE @ 0x5e6c30
GUIDED: _ZNK19RestrictIDTypeArrayIP17CompassCalibratorLj3E14typesafe_indexIh12TAG_PriorityEEixERKS4_ @ 0xa30120
GUIDED: _ZNK12AP_MotorsUGV6activeEv @ 0x5e6d80
GUIDED: _ZN15AP_Arming_Rover17update_soft_armedEv @ 0x5e70a0
GUIDED: _ZNK9AP_Arming26send_arm_disarm_statustextEPKc @ 0x5e7180
GUIDED: _ZNK9AP_Arming14option_enabledENS_6OptionE @ 0xa301a0
GUIDED: _ZN9AP_Logger17set_vehicle_armedEb @ 0x5e7220
GUIDED: _ZNK9AP_Arming22get_rudder_arming_typeEv @ 0xa30220
GUIDED: _ZN9AP_Logger11Write_EventE8LogEvent @ 0x5e7a50
GUIDED: _ZN8AC_Fence12clear_breachEh @ 0x5e7ae0
GUIDED: _ZN9AP_Logger18WriteCriticalBlockEPKvt @ 0x5e7b50
GUIDED: _ZNK12AP_MotorsUGV12get_throttleEv @ 0xa30390
GUIDED: _ZNK12AP_MotorsUGV18have_skid_steeringEv @ 0x5e7c00
GUIDED: _ZNK12AP_MotorsUGV12get_steeringEv @ 0xa303e0
GUIDED: _ZN9AP_Arming3armENS_6MethodEb @ 0x5e7c90
GUIDED: _ZN11AP_SmartRTL8set_homeEb @ 0x5e7f10
GUIDED: _ZN10ModeSimple12init_headingEv @ 0x5e7fc0
GUIDED: _ZN11AP_WindVane19record_home_headingEv @ 0x5e8030
GUIDED: _ZNK7AP_AHRS11get_yaw_radEv @ 0xa30430
GUIDED: _ZNK7AP_AHRS38get_relative_position_NED_origin_floatER7Vector3IfE @ 0x5e80a0
GUIDED: _ZN11AP_SmartRTL8set_homeEbRK7Vector3IfE @ 0x5e8160
GUIDED: _ZN11AP_SmartRTL20reset_simplificationEv @ 0x5e8240
GUIDED: _ZN11AP_SmartRTL13reset_pruningEv @ 0x5e82a0
GUIDED: _ZN11AP_SmartRTL9add_pointERK7Vector3IfE @ 0x5e8310
GUIDED: _ZN7HALSITL9Semaphore16take_nonblockingEv @ 0x5e84d0
GUIDED: _ZNK11AP_SmartRTL10log_actionENS_6ActionERK7Vector3IfE @ 0x5e8560
GUIDED: _ZNK7Vector3IfE16distance_squaredERKS0_ @ 0xa30480
GUIDED: _ZL2sqf.11254 @ 0x5e8620
GUIDED: _ZN7HALSITL9Semaphore4giveEv @ 0x5e8670
GUIDED: _ZN9AP_Logger10Write_SRTLEbtthRK7Vector3IfE @ 0x5e8720
GUIDED: _ZN9AP_Logger10WriteBlockEPKvt @ 0x5e8840
GUIDED: _ZN17AP_Logger_Backend10WriteBlockEPKvt @ 0xa30540
GUIDED: _ZN11AP_SmartRTL15restart_pruningEt @ 0x5e88f0
GUIDED: _ZN11AP_SmartRTL22restart_simplificationEt @ 0x5e89a0
GUIDED: _ZN7BitmaskILt500EE6setallEv @ 0xa305d0
GUIDED: _ZN7Vector3IdEC2Ev @ 0xa30680
GUIDED: _ZNK7AP_AHRS32get_relative_position_NED_originER7Vector3IdE @ 0x5e8a30
GUIDED: _ZNK7Vector3IdE7tofloatEv @ 0xa306e0
GUIDED: _ZN7Vector2IdEC2Ev @ 0xa30760
GUIDED: _ZNK7NavEKF38getPosNEER7Vector2IdE @ 0x5e8e50
GUIDED: _ZNK7NavEKF37getPosDERd @ 0x5e8ef0
GUIDED: _ZN7Vector3IdEC2Eddd @ 0xa307c0
GUIDED: _ZNK8Location11initialisedEv @ 0xa30850
GUIDED: _ZNK7Vector3IfE8todoubleEv @ 0xa308e0
GUIDED: _ZN7Vector3IdEmLEd @ 0xa30960
GUIDED: _ZN8Location13offset_latlngERiS0_dd @ 0x5e9560
GUIDED: _ZN8Location15limit_lattitudeEi @ 0x5e9660
GUIDED: _ZN8Location14wrap_longitudeEl @ 0x5e9700
GUIDED: _ZNK11AP_AHRS_SIM12get_locationER8Location @ 0x5e97a0
GUIDED: _ZNK8Location23get_distance_NE_postypeERKS_ @ 0x5e9890
GUIDED: _ZN7Vector2IdEC2Edd @ 0xa309f0
GUIDED: _ZNK12NavEKF3_core7getPosDERd @ 0x5e9980
GUIDED: _ZNK12NavEKF3_core13getPosD_localERd @ 0x5e9a50
GUIDED: _ZNK12NavEKF3_core12getOriginLLHER8Location @ 0x5e9ae0
GUIDED: _ZNK12NavEKF3_core8getPosNEER7Vector2IdE @ 0x5e9bd0
GUIDED: _ZNK7Vector3IdE2xyEv @ 0xa30a70
GUIDED: _ZNK7Vector2IdE8todoubleEv @ 0xa30ac0
GUIDED: _ZNK7Vector2IdEplERKS0_ @ 0xa30b20
GUIDED: _ZNK10AP_DAL_GPS6statusEh @ 0xa30bb0
GUIDED: _ZNK10AP_DAL_GPS8locationEh @ 0xa30c20
GUIDED: _ZN7Vector2IdE4zeroEv @ 0xa30c90
GUIDED: _ZNK10AP_DAL_GPS14primary_sensorEv @ 0xa30cf0
GUIDED: _ZNK11AP_AHRS_DCM12get_locationER8Location @ 0x5ea220
GUIDED: _ZNK7AP_Baro12get_altitudeEv @ 0xa30da0
GUIDED: _ZN8Location6offsetEdd @ 0x5ea550
GUIDED: _ZNK6AP_GPS7get_lagERf @ 0xa30e00
GUIDED: _ZNK6AP_GPS7get_lagEhRf @ 0x5ea5e0
GUIDED: _ZNK7AP_Baro12get_altitudeEh @ 0xa30e80
GUIDED: _ZN9AP_Arming13Log_Write_ArmEbNS_6MethodE @ 0x5ea870
GUIDED: _ZN10AP_GyroFFT18prepare_for_armingEv @ 0x5ea950
GUIDED: _ZN2AP7terrainEv @ 0x5ea9b0
GUIDED: _ZN8AC_Fence27auto_enable_fence_on_armingEv @ 0x5eab20
GUIDED: _ZNK7AP_AHRS16get_velocity_NEDER7Vector3IfE @ 0x5eabc0
GUIDED: _ZNK9AP_ParamTIfL11ap_var_type4EEngEv @ 0xa30f50
GUIDED: _ZNK8Location10get_alt_cmENS_8AltFrameERi @ 0x5eb2c0
GUIDED: _ZNK8Location13get_alt_frameEv @ 0x5eb600
GUIDED: _ZNK7AP_AHRS10get_originER8Location @ 0x5eb6e0
GUIDED: _ZNK9AP_Arming18get_enabled_checksEv @ 0x5ec150
GUIDED: _ZN7HALSITL9Semaphore4takeEj @ 0x5ec2b0
GUIDED: _ZN6AP_HAL9Semaphore13take_blockingEv @ 0xa31720
GUIDED: _ZN4SITL6AS56006updateERKNS_8AircraftE @ 0x5ed7d0
GUIDED: _ZN4SITL17I2CRegisters_8Bit25rdwr_store_register_valueEhh @ 0xa32540
GUIDED: _ZN4SITL17I2CRegisters_8Bit4rdwrERPNS_3I2C19i2c_rdwr_ioctl_dataE @ 0x5ed8c0
GUIDED: _ZNK4SITL8Aircraft12get_attitudeER11QuaternionTIfE @ 0xa325c0
GUIDED: _ZL7degreesf.19207 @ 0x5edba0
GUIDED: _ZN4SITL17I2CRegisters_8Bit12set_registerEhh @ 0x5edc00
GUIDED: _ZN7BitmaskILt256EE8clearallEv @ 0xa32700
GUIDED: _ZN4SITL9I2CDevice6updateERKNS_8AircraftE @ 0xa327b0
GUIDED: _ZN4SITL13TeraRangerI2C6updateERKNS_8AircraftE @ 0xa32950
GUIDED: _ZNK4SITL8Aircraft17rangefinder_rangeEv @ 0x5ee2c0
GUIDED: _ZL7radiansf.14466 @ 0x5ee7a0
GUIDED: _Z10rand_floatv @ 0x5ee800
GUIDED: _ZN4SITL7INA32216updateERKNS_8AircraftE @ 0x5eeae0
GUIDED: _ZL15convert_voltagef @ 0x5eef60
GUIDED: _ZL15convert_currentf @ 0x5ef030
GUIDED: _ZN4SITL8QMC5883L6updateERKNS_8AircraftE @ 0x5ef290
GUIDED: _ZN7Vector3IfE14rotate_inverseE8Rotation @ 0xa329c0
GUIDED: _ZL7htole16t.13591 @ 0x5ef6a0
GUIDED: _ZN7Vector3IsEC2Esss @ 0xa32b70
GUIDED: _ZN4SITL10IS31FL31956updateERKNS_8AircraftE @ 0x5ef910
GUIDED: _ZN4SITL10IS31FL31954rdwrERPNS_3I2C19i2c_rdwr_ioctl_dataE @ 0x5efa40
GUIDED: _ZN4SITL10IS31FL319525rdwr_store_register_valueEhh @ 0x5efab0
GUIDED: _ZThn8_N4SITL10IS31FL319525rdwr_store_register_valueEhh @ 0x5efbd0
GUIDED: _ZN4SITL17I2CRegisters_8Bit12get_registerEh @ 0xa32d10
GUIDED: _ZN10SIM_RGBLED11set_coloursEhhh @ 0xa32d70
GUIDED: _ZN4SITL6LM27556updateERKNS_8AircraftE @ 0x5f05f0
GUIDED: _ZNK4SITL6LM275510LEDChannel13current_valueEv @ 0xa32f80
GUIDED: _ZN4SITL6LP55626updateERKNS_8AircraftE @ 0x5f0ba0
GUIDED: _ZN4SITL6LP55624rdwrERPNS_3I2C19i2c_rdwr_ioctl_dataE @ 0xa33120
GUIDED: _ZN4SITL6LP556210LEDChannel6updateEv @ 0x5f0eb0
GUIDED: _ZNK4SITL6LP556210LEDChannel13current_valueEv @ 0xa33200
GUIDED: _ZN4SITL6MS5XXX6updateERKNS_8AircraftE @ 0x5f0f90
GUIDED: _ZN7AP_Baro37get_pressure_temperature_for_alt_amslEfRfS0_ @ 0x5f1f40
GUIDED: _ZN7AP_Baro29geometric_alt_to_geopotentialEf @ 0x5f2120
GUIDED: _ZL33find_atmosphere_layer_by_altitudef @ 0x5f2180
GUIDED: _ZN7AP_Baro33get_temperature_by_altitude_layerEfa @ 0x5f2230
GUIDED: _ZN7AP_Baro29get_temperatureC_for_alt_amslEf @ 0x5f2db0
GUIDED: _ZN4SITL12InvensenseV36updateERKNS_8AircraftE @ 0x5f2e20
GUIDED: _ZNK4SITL8ICM4060911accel_scaleEv @ 0xa33750
GUIDED: _ZL7radiansd.13033 @ 0x5f38e0
GUIDED: _ZNK4SITL12InvensenseV310gyro_scaleEv @ 0xa337a0
GUIDED: _ZN4SITL12InvensenseV313write_to_fifoEhPhh @ 0x5f3930
GUIDED: _ZN4SITL7MCP96006updateERKNS_8AircraftE @ 0x5f3e90
GUIDED: _ZL7htobe16t.12937 @ 0x5f4460
GUIDED: _ZL10__bswap_16t.12939 @ 0x5f44b0
GUIDED: _ZNK4SITL31I2CRegisters_ConfigurableLength13get_reg_valueEhRh @ 0x5f4520
GUIDED: _ZN4SITL6TSYS036updateERKNS_8AircraftE @ 0x5f4970
GUIDED: _ZN4SITL6TSYS016updateERKNS_8AircraftE @ 0x5f53c0
GUIDED: _ZN4SITL5SHT3x6updateERKNS_8AircraftE @ 0x5f5ff0
GUIDED: _ZN4SITL13Airspeed_DLVR6updateERKNS_8AircraftE @ 0x5f6870
GUIDED: _ZN4SITL29SIM_BattMonitor_SMBus_Generic6updateERKNS_8AircraftE @ 0x5f7350
GUIDED: _ZNK4SITL29SIM_BattMonitor_SMBus_Generic15connected_cellsEv @ 0xa34090
GUIDED: _ZN4SITL21SIM_BattMonitor_SMBus6updateERKNS_8AircraftE @ 0x5f7bb0
GUIDED: _ZNK4SITL8Aircraft19get_battery_voltageEv @ 0xa340e0
GUIDED: _ZN4SITL11SMBusDevice12set_registerEht @ 0xa34130
GUIDED: _ZN4SITL18I2CRegisters_16Bit12set_registerEht @ 0x5f7cc0
GUIDED: _ZN4SITL11SMBusDevice12set_registerEhs @ 0xa341b0
GUIDED: _ZN4SITL18I2CRegisters_16Bit12set_registerEhs @ 0x5f7d70
GUIDED: _ZN4SITL6Rotoye6updateERKNS_8AircraftE @ 0x5f8010
GUIDED: _ZN4SITL11SMBusDevice13get_reg_valueEh @ 0xa34460
GUIDED: _ZN4SITL18I2CRegisters_16Bit13get_reg_valueEh @ 0xa344d0
GUIDED: _ZL7be16toht.19258 @ 0x5f80e0
GUIDED: _ZL10__bswap_16t.19259 @ 0x5f8130
GUIDED: _ZNK4SITL6Maxell15connected_cellsEv @ 0xa34590
GUIDED: _ZN4SITL13MaxSonarI2CXL6updateERKNS_8AircraftE @ 0xa346d0
GUIDED: _ZN4SITL10ToshibaLED6updateERKNS_8AircraftE @ 0x5f83f0
GUIDED: _ZN4SITL10ToshibaLED4rdwrERPNS_3I2C19i2c_rdwr_ioctl_dataE @ 0xa34ae0
GUIDED: _ZNK6AP_HAL3HAL6serialEh @ 0xa35110
GUIDED: _ZL14fill_stack_nanv @ 0x5f8eb0
GUIDED: _ZN7HALSITL9Scheduler13_run_io_procsEv @ 0x5f9230
GUIDED: _ZNK7FunctorIvJEEcvbEv @ 0xa35220
GUIDED: _ZNK7FunctorIvJEEclEv @ 0xa35280
GUIDED: _ZN7HALSITL16I2CDeviceManager11_timer_tickEv @ 0x5f9440
GUIDED: _ZN2AP2RCEv @ 0x5f94e0
GUIDED: _ZN13AP_RCProtocol6updateEv @ 0x5f9590
GUIDED: _ZN13AP_RCProtocol16check_added_uartEv @ 0x5f95e0
GUIDED: _ZNK13AP_RCProtocol13should_searchEj @ 0x5f9850
GUIDED: _ZN21AP_RCProtocol_Backend9new_inputEv @ 0x5fa010
GUIDED: _ZNK17AP_RCProtocol_FDM6activeEv @ 0xa35520
GUIDED: _ZN6I2CBus11_timer_tickEv @ 0x5fa220
GUIDED: _ZN9AP_Logger6WriteVEPKcS1_S1_S1_S1_P13__va_list_tagbb @ 0x5fa350
GUIDED: _ZN9AP_Logger16msg_fmt_for_nameEPKcS1_S1_S1_S1_bb @ 0x5fa550
GUIDED: _ZN17AP_Logger_Backend5WriteEhP13__va_list_tagbb @ 0x5fae40
GUIDED: _ZNK9AP_Logger24assert_same_fmt_for_nameEPKNS_13log_write_fmtEPKcS4_S4_S4_S4_ @ 0x5fb9c0
GUIDED: _ZN3GCS14update_receiveEv @ 0x5fcd30
GUIDED: _ZN3GCS11update_sendEv @ 0x5fcde0
GUIDED: _ZN19MissionItemProtocol6updateEv @ 0x5fd120
GUIDED: _ZN11GCS_MAVLINK11update_sendEv @ 0x5fd2f0
GUIDED: _ZN3GCS18service_statustextEv @ 0x5fd6d0
GUIDED: _ZN3GCS15StatusTextQueue9semaphoreEv @ 0xa35780
GUIDED: _ZNK11ObjectArrayIN3GCS12statustext_tEE8is_emptyEv @ 0xa357d0
GUIDED: _ZN11GCS_MAVLINK18service_statustextEv @ 0x5fd840
GUIDED: _ZN3GCS15StatusTextQueue5pruneEv @ 0x5fda80
GUIDED: _ZNK11ObjectArrayIN3GCS12statustext_tEE9availableEv @ 0xa35830
GUIDED: _ZN11ObjectArrayIN3GCS12statustext_tEEixEt @ 0xa35880
GUIDED: _ZN11ObjectArrayIN3GCS12statustext_tEE6removeEt @ 0xa35920
GUIDED: _ZN3GCS16statustext_queueEv @ 0xa35b20
GUIDED: _Z14comm_chan_lock17mavlink_channel_t @ 0x5fdbb0
GUIDED: _ZL27mavlink_msg_statustext_send17mavlink_channel_thPKcth @ 0x5fdc10
GUIDED: _ZL16mav_array_memcpyPvPKvm.6113 @ 0x5fdcf0
GUIDED: _ZN9AP_Logger15handle_log_sendEv @ 0x5fdd90
GUIDED: _ZN22GCS_MAVLINK_InProgress11check_tasksEv @ 0x5fe460
GUIDED: _ZNK3GCS11out_of_timeEv @ 0x5fe650
GUIDED: _ZN11GCS_MAVLINK30deferred_message_to_send_indexEt @ 0x5fe730
GUIDED: _ZN11GCS_MAVLINK19do_try_send_messageE10ap_message @ 0x5fe910
GUIDED: _ZNK7BitmaskILt91EE9first_setEv @ 0xa35b70
GUIDED: _ZN7BitmaskILt91EE5clearEt @ 0xa35c40
GUIDED: _ZN11GCS_MAVLINK36next_deferred_bucket_message_to_sendEt @ 0x5fea40
GUIDED: _ZNK7BitmaskILt91EE5countEv @ 0xa35d00
GUIDED: _ZNK11GCS_MAVLINK26get_reschedule_interval_msERKNS_25deferred_message_bucket_tE @ 0x5feb70
GUIDED: _ZN11GCS_MAVLINK24find_next_bucket_to_sendEt @ 0x5fec70
GUIDED: _ZN7BitmaskILt91EEaSERKS0_ @ 0xa35dd0
GUIDED: _ZNK11GCS_MAVLINK24requesting_mission_itemsEv @ 0x5fee40
GUIDED: _ZN7GCS_FTP16get_last_send_msE17mavlink_channel_t @ 0x5fef30
GUIDED: _ZNK7BitmaskILt91EE8validateEt @ 0xa35f10
GUIDED: _ZNK11GCS_MAVLINK17telemetry_delayedEv @ 0x5ff0d0
GUIDED: _ZNK3GCS11telem_delayEv @ 0xa35fa0
GUIDED: _ZN14AP_BoardConfig15in_config_errorEv @ 0xa36000
GUIDED: _ZNK12AP_Scheduler19time_available_usecEv @ 0x5ff1a0
GUIDED: _ZN11AP_Airspeed13get_singletonEv @ 0xa36040
GUIDED: _ZN2AP2FSEv @ 0x5ff420
GUIDED: _ZN19AP_Filesystem_Posix4openEPKcib @ 0x5ff4c0
GUIDED: _ZN19AP_Filesystem_Posix5closeEi @ 0x5ff650
GUIDED: _ZN19AP_Filesystem_Posix4readEiPvj @ 0x5ff6f0
GUIDED: _ZN19AP_Filesystem_Posix5writeEiPKvj @ 0x5ff7c0
GUIDED: _ZN19AP_Filesystem_Posix4statEPKcP4stat @ 0x5ffa00
GUIDED: _ZN21AP_Filesystem_Backend17bytes_until_fsyncEi @ 0xa36080
GUIDED: _ZN19AP_Filesystem_Posix9disk_freeEPKc @ 0x5fffb0
GUIDED: _ZN21AP_Filesystem_Backend9load_fileEPKc @ 0x6002f0
GUIDED: _ZN21AP_Filesystem_Backend11unload_fileEP8FileData @ 0x6005f0
GUIDED: _ZN8FileDataC2EPv @ 0xa36210
GUIDED: _ZN8FileDataD2Ev @ 0x600670
GUIDED: _ZNK21AP_Filesystem_Backend15file_op_allowedEv @ 0x6006e0
GUIDED: _ZL12map_filenamePKc @ 0x600780
GUIDED: _ZL17map_filename_freePKc @ 0x600820
GUIDED: _Z16comm_get_txspace17mavlink_channel_t @ 0x600970
GUIDED: _ZL28mavlink_msg_command_ack_send17mavlink_channel_tthhihh @ 0x600a00
GUIDED: _ZNK11AP_Airspeed7enabledEh @ 0x600af0
GUIDED: _ZNK11AP_Airspeed11lib_enabledEv @ 0x600bb0
GUIDED: _ZN13AP_Filesystem4statEPKcP4stat @ 0x600c10
GUIDED: _ZN11GCS_MAVLINK23set_ap_message_intervalE10ap_messaget @ 0x600f90
GUIDED: _ZNK11GCS_MAVLINK20cap_message_intervalEt @ 0x6013b0
GUIDED: _ZNK11GCS_MAVLINK26get_deferred_message_indexE10ap_message @ 0x601480
GUIDED: _ZNK7BitmaskILt91EE3getEt @ 0xa362c0
GUIDED: _ZN7BitmaskILt91EE3setEt @ 0xa36390
GUIDED: _ZN12AP_Scheduler18get_loop_period_usEv @ 0xa36450
GUIDED: _ZdaPv @ 0x601770
GUIDED: _ZN13AP_Filesystem4openEPKcib @ 0x6017d0
GUIDED: _ZN13AP_Filesystem5closeEi @ 0x601c80
GUIDED: _ZNK13AP_Filesystem13backend_by_fdERi @ 0x601d00
GUIDED: _ZNK13AP_Filesystem15backend_by_pathERPKc @ 0x601dd0
GUIDED: _ZnamRKSt9nothrow_t @ 0x602040
GUIDED: _ZN11GCS_MAVLINK39initialise_message_intervals_for_streamENS_7streamsE @ 0x6020c0
GUIDED: _ZNK11GCS_MAVLINK23get_interval_for_streamENS_7streamsE @ 0x6022c0
GUIDED: _ZNK11GCS_MAVLINK8get_chanEv @ 0xa364f0
GUIDED: _ZN11GCS_MAVLINK12send_messageE10ap_message @ 0x602d70
GUIDED: _ZN11GCS_MAVLINK22save_signing_timestampEb @ 0x602e80
GUIDED: _ZNK11GCS_MAVLINK12is_streamingEv @ 0xa365e0
GUIDED: _ZNK13StorageAccess11write_blockEtPKvm @ 0x603110
GUIDED: _ZN8AC_Fence9polyfenceEv @ 0x603f10
GUIDED: _ZN35LoggerMessageWriter_Write_Polyfence5resetEv @ 0x6052a0
GUIDED: _ZN19LoggerMessageWriter5resetEv @ 0x605310
GUIDED: _ZN19AC_PolyFence_loader13check_indexedEv @ 0x605c20
GUIDED: _ZNK19AC_PolyFence_loader16num_stored_itemsEv @ 0xa36d40
GUIDED: _ZN39LoggerMessageWriter_WriteAllRallyPoints5resetEv @ 0x606c90
GUIDED: _ZNK8AP_Rally15get_rally_totalEv @ 0xa370a0
GUIDED: _ZN38LoggerMessageWriter_WriteEntireMission5resetEv @ 0x607d00
GUIDED: _Z11is_negativeIfEbT_ @ 0xa37340
GUIDED: _ZN10AP_Mission26mission_cmd_to_mavlink_intERKNS_15Mission_CommandER28__mavlink_mission_item_int_t @ 0x60a0b0
GUIDED: _ZN11GCS_MAVLINK14update_receiveEj @ 0x60b7a0
GUIDED: _ZN3GCS15update_passthruEv @ 0x60bc70
GUIDED: _ZN16AP_SerialManager12get_passthruERPN6AP_HAL10UARTDriverES3_RhRjS5_ @ 0x60c1a0
GUIDED: _ZN6AP_HAL10UARTDriver11read_lockedEPhmj @ 0x60cc20
GUIDED: _ZNK11GCS_MAVLINK6lockedEv @ 0xa37680
GUIDED: _ZNK7FunctorIbJhPN6AP_HAL10UARTDriverEEEcvbEv @ 0xa376e0
GUIDED: _ZN11GCS_MAVLINK14channel_bufferEv @ 0xa377c0
GUIDED: mavlink_frame_char_buffer @ 0x60d300
GUIDED: _ZN12AP_Scripting14handle_messageERK17__mavlink_message17mavlink_channel_t @ 0x60dba0
GUIDED: _ZN11GCS_MAVLINK13send_timesyncEv @ 0x60dd90
GUIDED: _ZN11GCS_MAVLINK17log_mavlink_statsEv @ 0x60de00
GUIDED: _ZNK11GCS_MAVLINK15signing_enabledEv @ 0x60df80
GUIDED: _ZNK11GCS_MAVLINK21timesync_timestamp_nsEv @ 0x60e020
GUIDED: _ZL25mavlink_msg_timesync_send17mavlink_channel_tll @ 0x60e080
GUIDED: mavlink_start_checksum @ 0x60e120
GUIDED: mavlink_update_checksum @ 0x60e180
GUIDED: _Z9fill_nanfPft @ 0x60ebc0
GUIDED: _ZN10ByteBuffer7advanceEj @ 0x611c50
GUIDED: _ZN5Empty11OpticalFlow9push_gyroEfff @ 0xa38690
GUIDED: _ZN5Empty11OpticalFlow14push_gyro_biasEff @ 0xa38700
GUIDED: _ZN6AP_HAL4Util14set_soft_armedEb @ 0x612770
GUIDED: _ZNK7HALSITL4Util18was_watchdog_resetEv @ 0xa389d0
GUIDED: _ZN7HALSITL4Util19safety_switch_stateEv @ 0x612900
GUIDED: _ZN7HALSITL4Util13get_system_idEPc @ 0x6129f0
GUIDED: _ZN7HALSITL4Util25get_system_id_unformattedEPhRh @ 0x612a70
GUIDED: _ZN7HALSITL4Util16available_memoryEv @ 0xa38ec0
GUIDED: _ZN6AP_HAL4Util11thread_infoER15ExpandingString @ 0xa38f80
GUIDED: _ZN6AP_HAL4Util8dma_infoER15ExpandingString @ 0xa38fe0
GUIDED: _ZN6AP_HAL4Util8mem_infoER15ExpandingString @ 0xa39040
GUIDED: _ZN7HALSITL4Util9uart_infoER15ExpandingString @ 0x612d90
GUIDED: _ZN7HALSITL4Util8uart_logEv @ 0x612ee0
GUIDED: _ZN6AP_HAL4Util10timer_infoER15ExpandingString @ 0xa39180
GUIDED: _ZN6AP_HAL4Util14log_stack_infoEv @ 0xa39260
GUIDED: _ZN6AP_HAL10UARTDriver9log_statsEhRNS0_12StatsTrackerEj @ 0x6130b0
GUIDED: _ZN6AP_HAL10UARTDriver12StatsTracker11ByteTracker6updateEj @ 0x613250
GUIDED: _ZNK7HALSITL10SITL_State12get_instanceEv @ 0xa392b0
GUIDED: _ZN7HALSITL8RCOutput20_safety_switch_stateEv @ 0xa39300
GUIDED: _ZNK7HALSITL9Semaphore11check_ownerEv @ 0x614810
GUIDED: _ZN7HALSITL9I2CDevice8transferEPKhjPhj @ 0x614e20
GUIDED: _ZN7HALSITL9I2CDevice9_transferEPKhjPhj @ 0x615220
GUIDED: _ZN6I2CBus5ioctlEhPv @ 0xa3b1e0
GUIDED: _ZN6I2CBus6_ioctlEhPv @ 0x6154f0
GUIDED: _ZN4SITL3SIM9i2c_ioctlEhPv @ 0xa3b260
GUIDED: _ZN4SITL3I2C5ioctlEhPv @ 0x615570
GUIDED: _ZN4SITL3I2C10ioctl_rdwrEPNS0_19i2c_rdwr_ioctl_dataE @ 0x615600
GUIDED: _ZN6AP_HAL10UARTDriver5writeEPKhm @ 0x615780
GUIDED: _ZN6AP_HAL10UARTDriver9availableEv @ 0x6158c0
GUIDED: _ZN6AP_HAL10UARTDriver4readEv @ 0x615940
GUIDED: _ZN6AP_HAL10UARTDriver4readERh @ 0x6159c0
GUIDED: _ZN6AP_HAL10UARTDriver4readEPht @ 0x615ac0
GUIDED: _ZN7HALSITL10UARTDriver7txspaceEv @ 0x615b30
GUIDED: _ZN7HALSITL10UARTDriver11_timer_tickEv @ 0x615eb0
GUIDED: _ZN7HALSITL10UARTDriver26receive_time_constraint_usEt @ 0x615f10
GUIDED: _ZN7HALSITL10UARTDriver9uart_infoER15ExpandingStringRN6AP_HAL10UARTDriver12StatsTrackerEj @ 0x6160d0
GUIDED: _ZN7HALSITL10UARTDriver6_writeEPKhm @ 0x616b40
GUIDED: _ZN7HALSITL10UARTDriver5_readEPht @ 0x616d10
GUIDED: _ZN7HALSITL10UARTDriver10_availableEv @ 0x616f00
GUIDED: _ZNK7HALSITL10UARTDriver18get_total_tx_bytesEv @ 0xa3ba90
GUIDED: _ZNK7HALSITL10UARTDriver18get_total_rx_bytesEv @ 0xa3bae0
GUIDED: _ZNK6AP_HAL10UARTDriver26get_total_dropped_rx_bytesEv @ 0xa3bb30
GUIDED: _ZN7HALSITL10UARTDriver17_check_connectionEv @ 0x616ff0
GUIDED: _ZN7HALSITL10UARTDriver13_select_checkEi @ 0x617130
GUIDED: _ZN10ByteBuffer4readEPhj @ 0x617340
GUIDED: _ZN7HALSITL10UARTDriver41handle_writing_from_writebuffer_to_deviceEv @ 0x6173e0
GUIDED: _ZN7HALSITL10UARTDriver16_check_reconnectEv @ 0x617790
GUIDED: _ZL3MINIjjEDTqultfp_fp0_fp_fp0_ERKT_RKT0_.12221 @ 0x617b90
GUIDED: _ZNK4SITL12SerialDevice15write_to_deviceEPKcm @ 0x617c10
GUIDED: _ZNK4SITL12SerialDevice18write_to_autopilotEPKcm @ 0x61af70
GUIDED: _ZNK4SITL12SerialDevice13is_match_baudEv @ 0x61b030
GUIDED: _ZNK4SITL3GPS18write_to_autopilotEPKcm @ 0x61b160
GUIDED: _ZNK4SITL3GPS11device_baudEv @ 0x61b380
GUIDED: _Z8wrap_180IdET_S0_ @ 0xa3d120
GUIDED: _Z8wrap_360d @ 0x61e210
GUIDED: _ZNK4SITL12SerialDevice19read_from_autopilotEPcm @ 0x61e2b0
GUIDED: _Z7is_zerod @ 0xa3f250
GUIDED: _ZN7HALSITL10UARTDriver40handle_reading_from_device_to_readbufferEv @ 0x623ba0
GUIDED: _ZNK4SITL12SerialDevice16read_from_deviceEPcm @ 0x624030
GUIDED: _ZN7HALSITL8AnalogIn13board_voltageEv @ 0xa40760
GUIDED: _ZN6AP_HAL8AnalogIn17servorail_voltageEv @ 0xa407b0
GUIDED: _ZN6AP_HAL8AnalogIn18power_status_flagsEv @ 0xa40800
GUIDED: _ZN7HALSITL9ADCSource7set_pinEh @ 0x624c70
GUIDED: _ZN7HALSITL9ADCSource15voltage_averageEv @ 0x624cf0
GUIDED: _ZN7HALSITL9ADCSource14voltage_latestEv @ 0x624d40
GUIDED: _ZNK7HALSITL4GPIO9valid_pinEh @ 0xa40ab0
GUIDED: _ZN7HALSITL4GPIO13usb_connectedEv @ 0x6254a0
GUIDED: _ZNK6AP_HAL4GPIO13arming_checksEmPc @ 0xa40e30
GUIDED: _ZN7HALSITL8RCOutput9enable_chEh @ 0x6258a0
GUIDED: _ZN7HALSITL8RCOutput10disable_chEh @ 0x625930
GUIDED: _ZN7HALSITL8RCOutput5writeEht @ 0x6259c0
GUIDED: _ZN6AP_HAL8RCOutput20update_channel_masksEv @ 0xa411e0
GUIDED: _ZN7HALSITL8RCOutput4corkEv @ 0x625af0
GUIDED: _ZN7HALSITL8RCOutput4pushEv @ 0x625b80
GUIDED: _ZN7HALSITL8RCOutput4readEh @ 0x625cb0
GUIDED: _ZN7HALSITL8RCOutput4readEPth @ 0x625d40
GUIDED: _ZNK6AP_HAL8RCOutput22get_output_mode_bannerEPch @ 0xa419c0
GUIDED: _ZN6AP_HAL8RCOutput16set_default_rateEt @ 0xa41a80
GUIDED: _ZN17AP_ESC_Telem_SITL6updateEv @ 0x626160
GUIDED: _ZN7HALSITL7RCInput9new_inputEv @ 0x626aa0
GUIDED: _ZN7HALSITL7RCInput12num_channelsEv @ 0x626b00
GUIDED: _ZN7HALSITL7RCInput4readEh @ 0x626b60
GUIDED: _ZN13AP_RCProtocol4readEh @ 0x626e10
GUIDED: _ZN21AP_RCProtocol_Backend4readEh @ 0x626ea0
GUIDED: _ZN13AP_RCProtocol12num_channelsEv @ 0x626f00
GUIDED: _ZNK21AP_RCProtocol_Backend12num_channelsEv @ 0x626f80
GUIDED: _ZN13AP_RCProtocol9new_inputEv @ 0x626fd0
GUIDED: _ZN13AP_RCProtocol21detect_async_protocolENS_12rcprotocol_tE @ 0x627190
GUIDED: _ZNK13AP_RCProtocol10using_uartEv @ 0xa425b0
GUIDED: _ZNK13AP_RCProtocol22detected_protocol_nameEv @ 0x627370
GUIDED: _ZN13AP_RCProtocol27protocol_name_from_protocolENS_12rcprotocol_tE @ 0x6273c0
GUIDED: _ZN17AP_RCProtocol_FDM6updateEv @ 0x627de0
GUIDED: _ZN21AP_RCProtocol_Backend9add_inputEhPtbss @ 0x627fc0
GUIDED: _ZL3MINIhiEDTqultfp_fp0_fp_fp0_ERKT_RKT0_.18381 @ 0x628120
GUIDED: _ZN13AP_RCProtocol19set_failsafe_activeEb @ 0xa42f80
GUIDED: _ZN21AP_RCProtocol_Backend6updateEv @ 0xa43090
GUIDED: _ZN17AP_RCProtocol_UDP6updateEv @ 0x6281a0
GUIDED: _ZN17AP_RCProtocol_UDP21read_all_socket_inputEv @ 0x628400
GUIDED: _ZN16SocketAPM_native4recvEPvmj @ 0x6286a0
GUIDED: _ZN16SocketAPM_native6pollinEj @ 0x6288d0
GUIDED: _ZNK16SocketAPM_native11get_read_fdEv @ 0xa431c0
GUIDED: _ZN18AP_RCProtocol_GHST6updateEv @ 0x629140
GUIDED: _ZNK7AP_AHRS13get_variancesERfS0_S0_R7Vector3IfES0_ @ 0x62ad90
GUIDED: _ZNK7NavEKF312getVariancesERfS0_S0_R7Vector3IfES0_R7Vector2IfE @ 0x62b070
GUIDED: _ZNK12NavEKF3_core12getVariancesERfS0_S0_R7Vector3IfES0_R7Vector2IfE @ 0x62b250
GUIDED: _ZL3MAXIddEDTqugtfp_fp0_fp_fp0_ERKT_RKT0_.4222 @ 0x62b450
GUIDED: _ZNK7Vector2IdE7tofloatEv @ 0xa438f0
GUIDED: _ZN3GCS23get_sensor_status_flagsERjS0_S0_ @ 0x62b7c0
GUIDED: _ZN3GCS26update_sensor_status_flagsEv @ 0x62b880
GUIDED: _ZNK7AP_AHRS11initialisedEv @ 0x62c040
GUIDED: _ZNK7AP_Baro13num_instancesEv @ 0xa43950
GUIDED: _ZNK6AP_GPS10is_healthyEv @ 0xa439a0
GUIDED: _ZNK14AP_BattMonitor13num_instancesEv @ 0xa43a00
GUIDED: _ZNK14AP_BattMonitor7healthyEv @ 0x62c170
GUIDED: _ZNK14AP_BattMonitor13has_failsafedEv @ 0xa43a50
GUIDED: _ZNK17AP_InertialSensor11calibratingEv @ 0x62c260
GUIDED: _ZNK9AP_Logger15logging_enabledEv @ 0x62c330
GUIDED: _ZNK6AP_GPS15logging_presentEv @ 0xa43ab0
GUIDED: _ZNK6AP_GPS15logging_enabledEv @ 0xa43b20
GUIDED: _ZNK6AP_GPS14logging_failedEv @ 0x62c400
GUIDED: _ZNK7AP_AHRS12get_ekf_typeEv @ 0xa43b90
GUIDED: _ZNK8AC_Fence18sys_status_enabledEv @ 0x62c4e0
GUIDED: _ZNK8AC_Fence18sys_status_presentEv @ 0x62c580
GUIDED: _ZNK8AC_Fence17sys_status_failedEv @ 0x62c5e0
GUIDED: _ZNK11AP_Airspeed7enabledEv @ 0xa43bf0
GUIDED: _ZN2AP11opticalflowEv @ 0x62c730
GUIDED: _ZNK14AP_OpticalFlow7enabledEv @ 0xa43d00
GUIDED: _ZNK14AP_OpticalFlow7healthyEv @ 0xa43d70
GUIDED: _ZN2AP6armingEv @ 0x62c770
GUIDED: _ZNK11RC_Channels22has_ever_seen_rc_inputEv @ 0xa43df0
GUIDED: _ZN9AP_Arming13get_singletonEv @ 0x62c7b0
GUIDED: _ZNK7AP_EnumIN14AP_OpticalFlow4TypeEEcvKS1_Ev @ 0xa43e50
GUIDED: _ZN14AP_OpticalFlow13get_singletonEv @ 0xa43ea0
GUIDED: _ZNK11AP_Airspeed7healthyEh @ 0x62c7f0
GUIDED: _ZN2AP8airspeedEv @ 0x62c970
GUIDED: _ZNK11AP_Airspeed7healthyEv @ 0xa43fc0
GUIDED: _ZNK11AP_Airspeed3useEh @ 0x62c9b0
GUIDED: _ZN12SRV_Channels17get_output_scaledEN11SRV_Channel8FunctionE @ 0x62cae0
GUIDED: _ZNK8AC_Fence12get_breachesEv @ 0xa44020
GUIDED: _ZNK7AP_EnumIN8AC_Fence6ActionEEcvKS1_Ev @ 0xa44070
GUIDED: _ZNK14AP_BattMonitor7healthyEh @ 0x62cbe0
GUIDED: _ZNK6AP_GPS8num_satsEv @ 0xa44280
GUIDED: _ZNK6AP_GPS8num_satsEh @ 0xa44360
GUIDED: _ZNK14AP_BattMonitor12current_ampsERfh @ 0x62dad0
GUIDED: _ZNK14AP_BattMonitor12consumed_mahERfh @ 0x62dbc0
GUIDED: _ZN2AP9fwversionEv @ 0x62dfc0
GUIDED: _ZN12AP_FWVersion10get_fwverzEv @ 0xa445b0
GUIDED: _ZN9AP_Logger14WriteStreamingEPKcS1_S1_z @ 0x62e8e0
GUIDED: _ZN22AP_RCProtocol_DroneCAN6updateEv @ 0x62eb40
GUIDED: _ZNK16AP_SerialManager11find_serialENS_14SerialProtocolEh @ 0x62ff30
GUIDED: _ZNK7AP_Baro12get_pressureEh @ 0xa45fb0
GUIDED: _ZNK7AP_Baro15get_temperatureEh @ 0xa46100
GUIDED: _ZNK7AP_Baro23get_altitude_differenceEff @ 0x633550
GUIDED: _ZNK7AP_Baro26get_altitude_from_pressureEf @ 0x6335f0
GUIDED: _ZL33find_atmosphere_layer_by_pressuref @ 0x633850
GUIDED: _ZNK7AP_Baro17get_altitude_AMSLEv @ 0xa46170
GUIDED: _ZN7AP_Baro29geopotential_alt_to_geometricEf @ 0x633900
GUIDED: _ZNK7AP_Baro17get_altitude_AMSLEh @ 0xa461d0
GUIDED: _ZN9AP_Notify6updateEv @ 0x633b40
GUIDED: _ZN2AP3srvEv @ 0x633ce0
GUIDED: _ZN12SRV_Channels4corkEv @ 0x633d20
GUIDED: _ZN12SRV_Channels4pushEv @ 0x633d80
GUIDED: _ZN16AP_Volz_Protocol6updateEv @ 0x633f30
GUIDED: _ZN10AP_SBusOut6updateEv @ 0x634200
GUIDED: _ZN15AP_RobotisServo6updateEv @ 0x634380
GUIDED: _ZN16AP_FETtecOneWire6updateEv @ 0x6345f0
GUIDED: _ZN2AP6kdecanEv @ 0x6348e0
GUIDED: _ZN9AP_KDECAN6updateEv @ 0x634920
GUIDED: _ZN12SRV_Channels12find_channelEN11SRV_Channel8FunctionERh @ 0x635300
GUIDED: _ZN11SRV_Channel8calc_pwmEf @ 0x6353d0
GUIDED: _ZNK11SRV_Channel21pwm_from_scaled_valueEf @ 0x6354c0
GUIDED: _ZNK11SRV_Channel14pwm_from_angleEf @ 0x635560
GUIDED: _ZN9AP_KDECAN13get_singletonEv @ 0xa46f50
GUIDED: _ZN16AP_FETtecOneWire4initEv @ 0x637090
GUIDED: _ZN16AP_FETtecOneWire9init_uartEv @ 0x638660
GUIDED: _ZN12SRV_Channels13get_singletonEv @ 0xa479b0
GUIDED: _ZNK10AP_Mission21get_current_nav_indexEv @ 0xa47d40
GUIDED: _ZNK6AP_GPS8get_hdopEh @ 0xa48010
GUIDED: _ZNK7AP_AHRS11groundspeedEv @ 0xa48110
GUIDED: _ZN7AP_Baro14get_climb_rateEv @ 0x63d900
GUIDED: _ZN16DerivativeFilterIfLh7EE5slopeEv @ 0xa481b0
GUIDED: _ZNK11RangeFinder11get_backendEh @ 0x63db50
GUIDED: _Z14float_to_int16f @ 0x63f5b0
GUIDED: _ZNK7AP_AHRS11get_yaw_degEv @ 0xa48d30
GUIDED: _ZNK7AP_AHRS28get_relative_position_D_homeERf @ 0x63f730
GUIDED: _ZNK8Location9get_alt_mENS_8AltFrameERf @ 0x63f8d0
GUIDED: _ZNK7AP_AHRS30get_relative_position_D_originERd @ 0x63f980
GUIDED: _ZNK7AP_AHRS11_get_originER8Location @ 0x63fac0
GUIDED: _ZNK7AP_AHRS11_get_originENS_7EKFTypeER8Location @ 0x63fba0
GUIDED: _ZNK7NavEKF312getOriginLLHER8Location @ 0x63fdb0
GUIDED: _ZN18AP_RCProtocol_CRSF6updateEv @ 0x6428e0
GUIDED: _ZN13AP_CRSF_Telem13get_singletonEv @ 0x642f10
GUIDED: _ZN13AP_CRSF_Telem13queue_messageE12MAV_SEVERITYPKc @ 0x643960
GUIDED: _ZN9AP_Notify13get_singletonEv @ 0xa499a0
GUIDED: _ZN2AP10crsf_telemEv @ 0x6466b0
GUIDED: _ZNK7AP_AHRS12get_roll_radEv @ 0xa4a190
GUIDED: _ZNK7AP_AHRS13get_pitch_radEv @ 0xa4a1e0
GUIDED: _ZNK8AP_Param15copy_name_tokenERKNS_10ParamTokenEPcmb @ 0x6481c0
GUIDED: _ZNK8AP_Param19find_var_info_tokenERKNS_10ParamTokenEPjRPKNS_9GroupInfoERNS_12GroupNestingEPh @ 0x648330
GUIDED: _ZN19AP_RCProtocol_SRXL26updateEv @ 0x64c4d0
GUIDED: _ZNK14AP_BattMonitor15get_temperatureERfh @ 0x64f5b0
GUIDED: _ZN2AP3rtcEv @ 0x64f680
GUIDED: _ZNK6AP_RTC12get_utc_usecERm @ 0x64f7a0
GUIDED: _ZN6AP_RTC13get_singletonEv @ 0xa4adf0
GUIDED: _ZN2AP9esc_telemEv @ 0x64fb00
GUIDED: _ZN12AP_ESC_Telem13get_singletonEv @ 0x64ffb0
GUIDED: _ZN17AP_RCProtocol_DSM6updateEv @ 0x6534c0
GUIDED: _ZN7HALSITL9Scheduler5delayEt @ 0x654db0
GUIDED: _ZN7HALSITL9Scheduler18delay_microsecondsEt @ 0x654ea0
GUIDED: _ZN6AP_HAL9Scheduler24delay_microseconds_boostEt @ 0xa4b5d0
GUIDED: _ZN6AP_HAL9Scheduler15expect_delay_msEj @ 0xa4b640
GUIDED: _ZN6AP_HAL9Scheduler9boost_endEv @ 0xa4b6e0
GUIDED: _ZNK6AP_HAL9Scheduler17in_delay_callbackEv @ 0xa4b730
GUIDED: _ZN7HALSITL9Scheduler21is_system_initializedEv @ 0xa4b790
GUIDED: _ZN7HALSITL9Scheduler10stop_clockEm @ 0x655410
GUIDED: _ZNK7HALSITL9Scheduler14in_main_threadEv @ 0x6554b0
GUIDED: _ZN7HALSITL10SITL_State10wait_clockEm @ 0x655b70
GUIDED: _ZNK4SITL8Aircraft11get_speedupEv @ 0xa4b940
GUIDED: _ZNK7HALSITL9Scheduler28semaphore_wait_hack_requiredEv @ 0x655d20
GUIDED: _ZN7HALSITL10SITL_State15_fdm_input_stepEv @ 0x655da0
GUIDED: _ZN7HALSITL10SITL_State16_fdm_input_localEv @ 0x655ef0
GUIDED: _ZNK7HALSITL9Scheduler22interrupts_are_blockedEv @ 0xa4b990
GUIDED: _ZN7HALSITL9Scheduler17sitl_begin_atomicEv @ 0xa4b9f0
GUIDED: _ZN7HALSITL9Scheduler11timer_eventEv @ 0xa4ba50
GUIDED: _ZN7HALSITL9Scheduler15sitl_end_atomicEv @ 0x656090
GUIDED: _ZN7HALSITL10SITL_State16_update_airspeedEf @ 0x656130
GUIDED: _ZN7HALSITL10SITL_State19_update_rangefinderEv @ 0x6564a0
GUIDED: _ZNK7HALSITL10SITL_State18_sonar_pin_voltageEv @ 0x656500
GUIDED: _ZN7AP_Baro24get_EAS2TAS_for_alt_amslEf @ 0x656670
GUIDED: _ZL2sqf.11982 @ 0x6566f0
GUIDED: _ZN7AP_Baro28get_air_density_for_alt_amslEf @ 0x656740
GUIDED: _ZL3MAXIffEDTqugtfp_fp0_fp_fp0_ERKT_RKT0_.1713 @ 0x656910
GUIDED: _ZN7HALSITL9Scheduler16_run_timer_procsEv @ 0x656990
GUIDED: _ZN7HALSITL10SITL_State17_simulator_servosER10sitl_input @ 0x656a90
GUIDED: _ZN4SITL11JSON_Master7receiveER10sitl_input @ 0x657720
GUIDED: _ZN7HALSITL10SITL_State22multicast_servo_updateER10sitl_input @ 0x657bc0
GUIDED: _ZN4SITL8Aircraft11update_homeEv @ 0x657ca0
GUIDED: _ZN4SITL8Aircraft12update_modelERK10sitl_input @ 0x657e00
GUIDED: _ZN4SITL8Aircraft8fill_fdmERNS_8sitl_fdmE @ 0x657ea0
GUIDED: _ZN7HALSITL8CANIface14num_interfacesEv @ 0xa4baf0
GUIDED: _ZNK4SITL8Aircraft20get_position_relhomeEv @ 0x658a70
GUIDED: _ZN4SITL11JSON_Master4sendERKNS_8sitl_fdmERK7Vector3IdE @ 0x658b30
GUIDED: _ZN7HALSITL17SITL_State_Common10sim_updateEv @ 0x658dd0
GUIDED: _ZN7HALSITL10SITL_State14set_height_aglEv @ 0x659620
GUIDED: _ZNK4SITL8Aircraft15get_velocity_efEv @ 0xa4bb80
GUIDED: _ZN4SITL3GPS6updateEv @ 0x65a9f0
GUIDED: _ZN4SITL12SerialDevice17init_sitl_pointerEv @ 0x65c140
GUIDED: _ZN4SITL3GPS24check_backend_allocationEv @ 0x65c1d0
GUIDED: _ZN4SITL3GPS16interpolate_dataERKNS_8GPS_DataEj @ 0x65c7e0
GUIDED: _ZL3MAXIifEDTqugtfp_fp0_fp_fp0_ERKT_RKT0_.12703 @ 0x65d170
GUIDED: _ZNK4SITL11GPS_Backend11device_baudEv @ 0xa4c1a0
GUIDED: _ZN4SITL11GPS_Backend11update_readEv @ 0x65d2f0
GUIDED: _ZNK4SITL11GPS_Backend18write_to_autopilotEPKcm @ 0x65d640
GUIDED: _ZNK4SITL11GPS_Backend19read_from_autopilotEPcm @ 0x65d6c0
GUIDED: _ZN4SITL11GPS_Backend8gps_timeEv @ 0x65e160
GUIDED: _ZNK7Vector2IdE6lengthEv @ 0xa4c3c0
GUIDED: _ZN4SITL11GPS_Backend18simulation_timevalEP7timeval @ 0x65ea90
GUIDED: _ZN4SITL9GPS_UBlox7publishEPKNS_8GPS_DataE @ 0x661960
GUIDED: _Z4normIddJdEEdT_T0_DpKT1_ @ 0xa4ca60
GUIDED: _ZL7degreesf.12791 @ 0x662430
GUIDED: _ZN4SITL9GPS_UBlox8send_ubxEhPht @ 0x662960
GUIDED: _ZL3MAXIiiEDTqugtfp_fp0_fp_fp0_ERKT_RKT0_.12792 @ 0x662b30
GUIDED: _ZNK7Vector3IfE6is_nanEv @ 0xa4cae0
GUIDED: _ZN7Matrix3IfE6rotateERK7Vector3IfE @ 0xa4cbb0
GUIDED: _ZN7Matrix3IfEpLERKS0_ @ 0xa4cdd0
GUIDED: _ZNK7Matrix3IfEplERKS0_ @ 0xa4ce60
GUIDED: _Z2sqIdJddEEdT_DpKT0_ @ 0xa4cf80
GUIDED: _ZNK11QuaternionTIfE8to_eulerERfS1_S1_ @ 0xa4d020
GUIDED: _ZNK11QuaternionTIfE13get_euler_yawEv @ 0xa4d130
GUIDED: _ZNK7Vector3IdEplERKS0_ @ 0xa4db30
GUIDED: _ZN7Vector3IdEpLERKS0_ @ 0xa4dbd0
GUIDED: _ZN7Matrix3IdEC2Ev @ 0xa4dc70
GUIDED: _ZN7Matrix3IdE10from_eulerEddd @ 0xa4dcf0
GUIDED: _ZNK7Matrix3IdEmlERK7Vector3IdE @ 0xa4deb0
GUIDED: _ZNK7Vector3IdEmiERKS0_ @ 0xa4e6a0
GUIDED: _Z11wrap_360_cdf @ 0x66c650
GUIDED: _ZNK7Vector3IdE6lengthEv @ 0xa4e800
GUIDED: _ZN7Vector3IdE4zeroEv @ 0xa4e860
GUIDED: _ZNK7Vector3IdEmlEd @ 0xa4e8c0
GUIDED: _ZNK7Matrix3IfE10transposedEv @ 0xa4ea90
GUIDED: _ZN7Matrix3IfE9normalizeEv @ 0xa4ec60
GUIDED: _ZNK8Location22get_distance_NE_doubleERKS_ @ 0x66fc00
GUIDED: _ZN7Vector3IdE2xyEv @ 0xa4ef30
GUIDED: _ZN7Vector2IdEpLERKS0_ @ 0xa4ef80
GUIDED: _ZL7degreesf.14500 @ 0x670b50
GUIDED: _ZNK7Matrix3IfE8to_eulerEPfS1_S1_ @ 0xa4f000
GUIDED: _ZNK7AP_EnumI8RotationEcvKS0_Ev @ 0xa4f120
GUIDED: _ZNK8HAL_SITL32get_uart_output_full_queue_countEv @ 0x670c20
GUIDED: _ZNK4SITL8Aircraft16get_wall_time_usEv @ 0x670d60
GUIDED: _ZNK7Vector3IdEdvEd @ 0xa4f300
GUIDED: _ZN4SITL8Aircraft12time_advanceEv @ 0x670de0
GUIDED: _ZN4SITL8Aircraft15sync_frame_timeEv @ 0x670e80
GUIDED: _ZN9AP_Logger14WriteStreamingEPKcS1_S1_S1_S1_z @ 0x671180
GUIDED: _ZL3MAXI9AP_ParamTIfL11ap_var_type4EEdEDTqugtfp_fp0_fp_fp0_ERKT_RKT0_.11827 @ 0x6714f0
GUIDED: _Z21calc_lowpass_alpha_dtff @ 0x671590
GUIDED: _ZL3MAXIfiEDTqugtfp_fp0_fp_fp0_ERKT_RKT0_.11828 @ 0x6716c0
GUIDED: _ZNK4SITL16FETtecOneWireESC7enabledEv @ 0xa4f6c0
GUIDED: _ZNK4SITL4Volz7enabledEv @ 0xa4f730
GUIDED: _ZN7HALSITL17SITL_State_Common22update_voltage_currentER10sitl_inputf @ 0x671990
GUIDED: _ZN8AP_Param18eeprom_write_checkEPKvth @ 0x6743c0
GUIDED: _ZN13AP_Filesystem9load_fileEPKc @ 0x6744f0
GUIDED: _ZNK4SITL8Aircraft22rangefinder_beam_widthEv @ 0xa51630
GUIDED: _ZNK4SITL8Aircraft45perpendicular_distance_to_rangefinder_surfaceEv @ 0x6750e0
GUIDED: _ZN4SITL8Aircraft23update_external_payloadERK10sitl_input @ 0x676c00
GUIDED: _ZN4SITL8Aircraft15update_positionEv @ 0x677090
GUIDED: _ZN4SITL8Aircraft19update_mag_field_bfEv @ 0x6776b0
GUIDED: _ZN7Vector2IdEmIERKS0_ @ 0xa51680
GUIDED: _ZNK4SITL7Sprayer10is_enabledEv @ 0xa51710
GUIDED: _ZN4SITL3I2C6updateERKNS_8AircraftE @ 0x678480
GUIDED: _ZNK4SITL6Buzzer10is_enabledEv @ 0xa517c0
GUIDED: _ZNK4SITL13Gripper_Servo10is_enabledEv @ 0xa51820
GUIDED: _ZNK4SITL11Gripper_EPM10is_enabledEv @ 0xa518e0
GUIDED: _ZNK4SITL9Parachute10is_enabledEv @ 0xa51990
GUIDED: _ZNK4SITL12SIM_Precland10is_enabledEv @ 0xa519f0
GUIDED: _ZN4SITL7ShipSim6updateEv @ 0x679450
GUIDED: _ZNK7Vector3IdE14length_squaredEv @ 0xa53aa0
GUIDED: _ZNK7Vector3IdEmlERKS0_ @ 0xa53c10
GUIDED: _ZNK7AP_AHRS11get_EAS2TASEv @ 0x67f4b0
GUIDED: _ZNK7Vector3IdE7is_zeroEv @ 0xa53dc0
GUIDED: _ZN7Vector3IfE2xyEv @ 0xa53e70
GUIDED: _ZN7Vector3IfEmIERKS0_ @ 0xa53f20
GUIDED: _ZNK9AP_ParamTIfL11ap_var_type4EEplERKS1_ @ 0xa541d0
GUIDED: _Z11is_positived @ 0xa55070
GUIDED: _ZN7Vector3IfE9normalizeEv @ 0xa55850
GUIDED: _ZN13AP_Filesystem4readEiPvj @ 0x6965a0
GUIDED: _ZN7Vector3IdEmIERKS0_ @ 0xa5fad0
GUIDED: _ZL7radiansd.14806 @ 0x6a3b10
GUIDED: _ZN4SITL8SimRover6updateERK10sitl_input @ 0x6a7200
GUIDED: _ZN4SITL8SimRover24update_ackermann_or_skidERK10sitl_inputf @ 0x6a7920
GUIDED: _ZL7radiansf.13800 @ 0x6a7d60
GUIDED: _ZN4SITL8SimRover13calc_yaw_rateEff @ 0x6a7dc0
GUIDED: _ZN7HALSITL7Storage10read_blockEPvtm @ 0x6b63f0
GUIDED: _ZN7HALSITL7Storage11write_blockEtPKvm @ 0x6b64c0
GUIDED: _ZN7HALSITL7Storage11_timer_tickEv @ 0x6b65e0
GUIDED: _ZN7HALSITL7Storage7healthyEv @ 0x6b6810
GUIDED: _ZN7HALSITL7Storage15get_storage_ptrERPvRm @ 0x6b68a0
GUIDED: _ZNK7BitmaskILt2048EE5emptyEv @ 0xa61240
GUIDED: _ZNK7BitmaskILt2048EE3getEt @ 0xa612e0
GUIDED: _ZN10AP_RAMTRON5writeEjPKhj @ 0x6b6950
GUIDED: _ZN7BitmaskILt2048EE5clearEt @ 0xa613b0
GUIDED: _ZNK8HAL_SITL25get_storage_posix_enabledEv @ 0xa61470
GUIDED: _ZNK7BitmaskILt2048EE8validateEt @ 0xa61530
GUIDED: _ZNK10AP_RAMTRON8get_sizeEv @ 0xa615c0
GUIDED: _ZN7HALSITL7Storage13_storage_openEv @ 0x6b6fd0
GUIDED: _ZN7HALSITL7Storage11_mark_dirtyEtt @ 0x6b72e0
GUIDED: _ZN7BitmaskILt2048EE3setEt @ 0xa61660
GUIDED: _ZNK15ExpandingString10get_lengthEv @ 0xa620b0
GUIDED: _ZNK15ExpandingString10get_stringEv @ 0xa62100
GUIDED: _ZN15ExpandingStringC2Ev @ 0xa621a0
GUIDED: _ZN17AP_Filesystem_Sys4openEPKcib @ 0x6ba160
GUIDED: _ZN17AP_Filesystem_Sys5closeEi @ 0x6ba6f0
GUIDED: _ZN17AP_Filesystem_Sys4readEiPvj @ 0x6ba7f0
GUIDED: _ZN17AP_Filesystem_Sys13file_in_sysfsEPKc @ 0x6baed0
GUIDED: _ZL3MINIjjEDTqultfp_fp0_fp_fp0_ERKT_RKT0_.8748 @ 0x6bb000
GUIDED: _ZNK15ExpandingString21has_failed_allocationEv @ 0xa62510
GUIDED: _ZN8AP_Param9save_syncEbb @ 0x6bda50
GUIDED: _ZN19AP_Filesystem_ROMFS4openEPKcib @ 0x6be030
GUIDED: _ZN8AP_ROMFS15find_decompressEPKcRj @ 0x6bf190
GUIDED: _ZN8AP_ROMFS9find_fileEPKc @ 0x6bf370
GUIDED: _ZN6AP_DAL9end_frameEv @ 0x6c3710
GUIDED: _ZN6AP_DAL15WriteLogMessageE11LogMessagesPvPKvh @ 0x6c3790
GUIDED: _ZN9AP_Logger16WriteReplayBlockEhPKvt @ 0x6c38b0
GUIDED: _ZNK9AP_Logger10log_replayEv @ 0xa62dc0
GUIDED: _ZNK7NavEKF317option_is_enabledENS_6OptionE @ 0xa62e20
GUIDED: _ZNK6AP_DAL6millisEv @ 0xa62ea0
GUIDED: _ZNK12NavEKF3_core10errorScoreEv @ 0x6c3f10
GUIDED: _ZNK12NavEKF3_core16have_aligned_yawEv @ 0xa62ef0
GUIDED: _ZNK12NavEKF3_core17have_aligned_tiltEv @ 0xa62f50
GUIDED: _ZNK12NavEKF3_core14getEulerAnglesER7Vector3IfE @ 0x6c4860
GUIDED: _ZNK11QuaternionTIdE8to_eulerER7Vector3IfE @ 0xa63040
GUIDED: _ZNK6AP_DAL8get_trimEv @ 0xa630c0
GUIDED: _ZNK11QuaternionTIdE8to_eulerERfS1_S1_ @ 0xa63120
GUIDED: _ZNK11QuaternionTIdE14get_euler_rollEv @ 0xa631e0
GUIDED: _ZNK11QuaternionTIdE15get_euler_pitchEv @ 0xa63290
GUIDED: _ZNK11QuaternionTIdE13get_euler_yawEv @ 0xa63310
GUIDED: _Z9safe_asinIdEfT_ @ 0xa633c0
GUIDED: _ZL3MAXIfdEDTqugtfp_fp0_fp_fp0_ERKT_RKT0_.4176 @ 0x6c4920
GUIDED: _ZNK12NavEKF3_core20assume_zero_sideslipEv @ 0x6c49c0
GUIDED: _ZN6AP_DAL8airspeedEv @ 0xa634a0
GUIDED: _ZNK6AP_DAL15get_fly_forwardEv @ 0xa63540
GUIDED: _ZN19RestrictIDTypeArrayIP17CompassCalibratorLj3E14typesafe_indexIh12TAG_PriorityEEixERKS4_ @ 0xa636c0
GUIDED: _ZNK9AP_Logger10should_logEj @ 0x6ce910
GUIDED: _ZNK6AP_GPS9time_weekEh @ 0xa64140
GUIDED: _ZNK6AP_GPS12time_week_msEh @ 0xa641b0
GUIDED: _ZN3GCS12send_messageE10ap_message @ 0x6cf1b0
GUIDED: _ZNK6AP_GPS15time_epoch_usecEh @ 0x6cf260
GUIDED: _ZNK14AP_GPS_Backend16get_last_itow_msEv @ 0x6cf3d0
GUIDED: _ZN6AP_GPS23istate_time_to_epoch_msEtj @ 0x6cf490
GUIDED: _ZN10AC_Sprayer3runEb @ 0x6cf9a0
GUIDED: _ZN12SRV_Channels16set_output_limitEN11SRV_Channel8FunctionENS0_5LimitE @ 0x6cfaf0
GUIDED: _ZNK11SRV_Channel13get_limit_pwmENS_5LimitE @ 0x6cfc20
GUIDED: _ZN11SRV_Channel14set_output_pwmEtb @ 0x6cfd70
GUIDED: _ZNK7Vector2IfE6is_nanEv @ 0xa650b0
GUIDED: _ZNK10AP_Gripper7enabledEv @ 0xa65c60
GUIDED: _ZN10AP_Vehicle13update_armingEv @ 0x6dddb0
GUIDED: _ZN7FunctorIvJEE14method_wrapperI10AP_VehicleXadL_ZNS2_13update_armingEvEEEEvPv @ 0xa66ce0
GUIDED: _ZN9AP_Arming6updateEv @ 0x6dde00
GUIDED: _ZN8AP_Stats6updateEv @ 0x6ddef0
GUIDED: _ZN7FunctorIvJEE14method_wrapperI8AP_StatsXadL_ZNS2_6updateEvEEEEvPv @ 0xa66d90
GUIDED: _ZN8AP_Stats17update_flighttimeEv @ 0x6de0a0
GUIDED: _ZN8AP_Stats14update_runtimeEv @ 0x6de170
GUIDED: _ZN8AP_Stats5flushEv @ 0x6de210
GUIDED: _ZN13AP_ParamTBaseIiL11ap_var_type3EE22set_and_save_ifchangedERKi @ 0xa66e40
GUIDED: _ZN10AP_Filters6updateEv @ 0x6de390
GUIDED: _ZN7FunctorIvJEE14method_wrapperI10AP_FiltersXadL_ZNS2_6updateEvEEEEvPv @ 0xa66ed0
GUIDED: _ZN10AP_Vehicle17check_motor_noiseEv @ 0x6df4d0
GUIDED: _ZN7FunctorIvJEE14method_wrapperI10AP_VehicleXadL_ZNS2_17check_motor_noiseEvEEEEvPv @ 0xa67780
GUIDED: _ZNK10AP_GyroFFT15check_esc_noiseEv @ 0xa67830
GUIDED: _ZNK17NotchFilterParams7enabledEv @ 0xa67a60
GUIDED: _ZN10AP_Vehicle13one_Hz_updateEv @ 0x6dfbb0
GUIDED: _ZN7FunctorIvJEE14method_wrapperI10AP_VehicleXadL_ZNS2_13one_Hz_updateEvEEEEvPv @ 0xa67ab0
GUIDED: _ZN12AP_Scripting6updateEv @ 0x6dfc90
GUIDED: _ZN16AP_SerialManager20registered_ports_logEv @ 0x6dfce0
GUIDED: _ZN12AP_Scripting13save_checksumEv @ 0x6dfdc0
GUIDED: _ZN10AP_Gripper6updateEv @ 0x6dfec0
GUIDED: _ZN7FunctorIvJEE14method_wrapperI10AP_GripperXadL_ZNS2_6updateEvEEEEvPv @ 0xa67bf0
GUIDED: _ZN6AP_EFI6updateEv @ 0x6e0030
GUIDED: _ZN7FunctorIvJEE14method_wrapperI6AP_EFIXadL_ZNS2_6updateEvEEEEvPv @ 0xa67ca0
GUIDED: _ZN6AP_AIS6updateEv @ 0x6e04b0
GUIDED: _ZN7FunctorIvJEE14method_wrapperI6AP_AISXadL_ZNS2_6updateEvEEEEvPv @ 0xa67d50
GUIDED: _ZNK6AP_AIS7enabledEv @ 0x6e0d10
GUIDED: _ZN2AP10oadatabaseEv @ 0x6e35d0
GUIDED: _ZNK13AP_OADatabase7healthyEv @ 0xa67f10
GUIDED: _ZN13AP_OADatabase13get_singletonEv @ 0xa681a0
GUIDED: _ZN8AC_Fence6updateEv @ 0x6e4310
GUIDED: _ZN7FunctorIvJEE14method_wrapperI8AC_FenceXadL_ZNS2_6updateEvEEEEvPv @ 0xa681e0
GUIDED: _ZN19AC_PolyFence_loader6updateEv @ 0x6e4440
GUIDED: _ZN19AC_PolyFence_loader17load_from_storageEv @ 0x6e4530
GUIDED: _ZN10AP_Vehicle16accel_cal_updateEv @ 0x6e5990
GUIDED: _ZN7FunctorIvJEE14method_wrapperI10AP_VehicleXadL_ZNS2_16accel_cal_updateEvEEEEvPv @ 0xa683c0
GUIDED: _ZN17AP_InertialSensor11acal_updateEv @ 0x6e5a60
GUIDED: _ZN17AP_InertialSensor12get_new_trimER7Vector3IfE @ 0x6e5b30
GUIDED: _ZN20AP_TemperatureSensor6updateEv @ 0x6e7130
GUIDED: _ZN7FunctorIvJEE14method_wrapperI20AP_TemperatureSensorXadL_ZNS2_6updateEvEEEEvPv @ 0xa684c0
GUIDED: _ZN10AP_Vehicle16publish_osd_infoEv @ 0x6e73f0
GUIDED: _ZN7FunctorIvJEE14method_wrapperI10AP_VehicleXadL_ZNS2_16publish_osd_infoEvEEEEvPv @ 0xa68610
GUIDED: _ZN6AP_OSD12set_nav_infoERNS_7NavInfoE @ 0x6e7510
GUIDED: _ZN6AP_RPM6updateEv @ 0x6e7580
GUIDED: _ZN7FunctorIvJEE14method_wrapperI6AP_RPMXadL_ZNS2_6updateEvEEEEvPv @ 0xa686c0
GUIDED: _ZNK6AP_RPM7Log_RPMEv @ 0x6e7760
GUIDED: _ZNK6AP_RPM7enabledEh @ 0x6e7880
GUIDED: _ZN14AP_OpenDroneID6updateEv @ 0x6e7930
GUIDED: _ZN7FunctorIvJEE14method_wrapperI14AP_OpenDroneIDXadL_ZNS2_6updateEvEEEEvPv @ 0xa687e0
GUIDED: _ZNK6AP_GPS8velocityEv @ 0xa6a080
GUIDED: _ZNK7AP_AHRS18groundspeed_vectorEv @ 0xa6a160
GUIDED: _ZNK6AP_GPS14speed_accuracyEhRf @ 0x6ec620
GUIDED: _ZNK6AP_GPS17vertical_accuracyEhRf @ 0x6ec6f0
GUIDED: _ZNK6AP_GPS19horizontal_accuracyEhRf @ 0x6ec7c0
GUIDED: _ZNK6AP_GPS14get_undulationEhRf @ 0x6ec890
GUIDED: _ZNK6AP_GPS8velocityEh @ 0xa6a3c0
GUIDED: _ZN12AP_Generator6updateEv @ 0x6ec960
GUIDED: _ZN7FunctorIvJEE14method_wrapperI12AP_GeneratorXadL_ZNS2_6updateEvEEEEvPv @ 0xa6a490
GUIDED: _ZN14AP_Servo_Telem6updateEv @ 0x6ec9d0
GUIDED: _ZN7FunctorIvJEE14method_wrapperI14AP_Servo_TelemXadL_ZNS2_6updateEvEEEEvPv @ 0xa6a540
GUIDED: _ZN14AP_Servo_Telem9write_logEv @ 0x6eca20
GUIDED: _ZN12AP_ESC_Telem6updateEv @ 0x6eced0
GUIDED: _ZN7FunctorIvJEE14method_wrapperI12AP_ESC_TelemXadL_ZNS2_6updateEvEEEEvPv @ 0xa6a5f0
GUIDED: _ZN6AP_HAL15timeout_expiredIjjmEEbT_T0_T1_ @ 0xa6a6a0
GUIDED: _ZN10AP_Vehicle30send_watchdog_reset_statustextEv @ 0x6ed3e0
GUIDED: _ZN7FunctorIvJEE14method_wrapperI10AP_VehicleXadL_ZNS2_30send_watchdog_reset_statustextEvEEEEvPv @ 0xa6a720
GUIDED: _ZN8AP_Tramp6updateEv @ 0x6ed540
GUIDED: _ZN7FunctorIvJEE14method_wrapperI8AP_TrampXadL_ZNS2_6updateEvEEEEvPv @ 0xa6a7d0
GUIDED: _ZN10AP_VideoTX6updateEv @ 0x6ee520
GUIDED: _ZN7FunctorIvJEE14method_wrapperI10AP_VideoTXXadL_ZNS2_6updateEvEEEEvPv @ 0xa6aa00
GUIDED: _ZN10AP_Vehicle38update_dynamic_notch_at_specified_rateEv @ 0x6ee750
GUIDED: _ZN7FunctorIvJEE14method_wrapperI10AP_VehicleXadL_ZNS2_38update_dynamic_notch_at_specified_rateEvEEEEvPv @ 0xa6aab0
GUIDED: _ZNK25HarmonicNotchFilterParams9hasOptionENS_7OptionsE @ 0xa6ab60
GUIDED: _ZN10AP_Vehicle20update_dynamic_notchERN17AP_InertialSensor13HarmonicNotchE @ 0x6ee8a0
GUIDED: _ZN10AP_GyroFFT17update_parametersEv @ 0xa6af00
GUIDED: _ZN7FunctorIvJEE14method_wrapperI10AP_GyroFFTXadL_ZNS2_17update_parametersEvEEEEvPv @ 0xa6af50
GUIDED: _ZN10AP_GyroFFT17update_parametersEb @ 0x6ef810
GUIDED: _ZN10AP_GyroFFT6updateEv @ 0x6efbb0
GUIDED: _ZN7FunctorIvJEE14method_wrapperI10AP_GyroFFTXadL_ZNS2_6updateEvEEEEvPv @ 0xa6b000
GUIDED: _ZN14AP_NMEA_Output6updateEv @ 0x6efd40
GUIDED: _ZN7FunctorIvJEE14method_wrapperI14AP_NMEA_OutputXadL_ZNS2_6updateEvEEEEvPv @ 0xa6b0b0
GUIDED: _ZN7FunctorIvJEE14method_wrapperI9AP_NotifyXadL_ZNS2_6updateEvEEEEvPv @ 0xa6b160
GUIDED: _ZN7Compass10cal_updateEv @ 0x6f0db0
GUIDED: _ZN7FunctorIvJEE14method_wrapperI7CompassXadL_ZNS2_10cal_updateEvEEEEvPv @ 0xa6b210
GUIDED: _ZN11AP_Airspeed6updateEv @ 0x6f1900
GUIDED: _ZN7FunctorIvJEE14method_wrapperI11AP_AirspeedXadL_ZNS2_6updateEvEEEEvPv @ 0xa6b320
GUIDED: _ZNK11AP_Airspeed11get_primaryEv @ 0xa6b4b0
GUIDED: _ZN10AP_GyroFFT12sample_gyrosEv @ 0x6f3bb0
GUIDED: _ZN7FunctorIvJEE14method_wrapperI10AP_GyroFFTXadL_ZNS2_12sample_gyrosEvEEEEvPv @ 0xa6b500
GUIDED: _ZN10AP_Vehicle4loopEv @ 0x6f4430
GUIDED: _ZN12AP_Scheduler4loopEv @ 0x6f46d0
GUIDED: _ZN12AP_Scheduler17get_loop_period_sEv @ 0xa6e3e0
GUIDED: _ZN17AP_InertialSensor15wait_for_sampleEv @ 0x6f4c70
GUIDED: _ZN12AP_Scheduler4tickEv @ 0x6f51b0
GUIDED: _ZN12AP_Scheduler3runEj @ 0x6f5210
GUIDED: _ZN2AP8PerfInfo15check_loop_timeEj @ 0x6f57c0
GUIDED: _ZN2AP8PerfInfo12task_slippedEh @ 0xa6e510
GUIDED: _ZL15fill_nanf_stackv @ 0x6f5950
GUIDED: _ZN2AP8PerfInfo16update_task_infoEhtb @ 0x6f59a0
GUIDED: _ZNK7AP_AHRS24_get_primary_accel_indexEv @ 0x6fc370
GUIDED: _ZNK7AP_AHRS22_get_primary_IMU_indexEv @ 0x6fc3c0
GUIDED: _ZNK7NavEKF322getPrimaryCoreIMUIndexEv @ 0x6fc520
GUIDED: _ZNK17AP_InertialSensor21get_first_usable_gyroEv @ 0xa6e850
GUIDED: _ZNK12NavEKF3_core11getIMUIndexEv @ 0xa6e8a0
GUIDED: _ZNK14AP_BattMonitor17has_cell_voltagesEh @ 0x6fc650
GUIDED: _ZN2AP3EFIEv @ 0x6fcea0
GUIDED: _ZN6AP_EFI13get_singletonEv @ 0xa6f230
GUIDED: _ZN7FunctorIvJEE14method_wrapperI10AP_VehicleXadL_ZNS2_18fence_checks_asyncEvEEEEvPv @ 0xa6fbd0
GUIDED: _ZN13AP_Filesystem5writeEiPKvj @ 0x6fdb10
GUIDED: _ZN6AP_HAL6Device14write_registerEhhb @ 0x703bc0
GUIDED: _ZNK7FunctorIvJhPhjbEEcvbEv @ 0xa728e0
GUIDED: _ZL3MAXIjjEDTqugtfp_fp0_fp_fp0_ERKT_RKT0_.4125 @ 0x70c160
GUIDED: _ZN15ekf_ring_buffer4pushEPKv @ 0x70c1e0
GUIDED: _ZNK15ekf_ring_buffer10get_offsetEh @ 0x70c2e0
GUIDED: _ZL7radiansf.4130 @ 0x70d680
GUIDED: _ZN11QuaternionTIdEC2Edddd @ 0xa74a00
GUIDED: _ZN11QuaternionTIfEmLERKS0_ @ 0xa74ab0
GUIDED: _ZN2AP5statsEv @ 0x70fde0
GUIDED: _ZN8AP_Stats13get_singletonEv @ 0xa759a0
GUIDED: _ZN9AP_Logger16log_file_contentERNS_11FileContentEPKc @ 0x732920
GUIDED: _ZNK7AP_AHRS8get_gyroEv @ 0xa78420
GUIDED: _ZNK7AP_AHRS17airspeed_estimateERf @ 0x73b660
GUIDED: _ZNK17AP_InertialSensor20get_vibration_levelsEv @ 0xa784e0
GUIDED: _ZNK17AP_InertialSensor20get_vibration_levelsEh @ 0x73b760
GUIDED: _ZNK10DigitalLPFI7Vector3IfEE3getEv @ 0xa78560
GUIDED: _ZN7AP_AHRS25Log_Write_Home_And_OriginEv @ 0x73c260
GUIDED: _ZNK7AP_AHRS12Write_OriginENS_13LogOriginTypeERK8Location @ 0x73c330
GUIDED: _ZNK11QuaternionTIdE7is_zeroEv @ 0xa78610
GUIDED: _ZN12NavEKF3_core18getEarthFieldTableERK8Location @ 0x73ce30
GUIDED: _ZN14AP_Declination15get_declinationEff @ 0x73cf30
GUIDED: _ZNK12NavEKF3_core14MagDeclinationEv @ 0x73cfc0
GUIDED: _ZN12NavEKF3_core8zeroRowsERA24_A24_dhh @ 0x73d0a0
GUIDED: _ZN12NavEKF3_core8zeroColsERA24_A24_dhh @ 0x73d160
GUIDED: _ZN18NavEKF_core_common10zero_rangeEPdhh @ 0xa787b0
GUIDED: _ZN12NavEKF3_core13ForceSymmetryEv @ 0x73e280
GUIDED: _ZN12NavEKF3_core18ConstrainVariancesEv @ 0x73e3d0
GUIDED: _ZN11QuaternionTIdE9normalizeEv @ 0xa78840
GUIDED: _ZNK11QuaternionTIdE6lengthEv @ 0xa78920
GUIDED: _Z20constrain_value_lineIdET_S0_S0_S0_j @ 0xa789e0
GUIDED: _Z2sqI9AP_ParamTIfL11ap_var_type4EEEdT_ @ 0xa78b00
GUIDED: _ZNK9AP_ParamTIfL11ap_var_type4EEcvdEv @ 0xa78b60
GUIDED: _ZL7radiansf.4333 @ 0x73ee40
GUIDED: _ZL2sqf.4255 @ 0x73f960
GUIDED: _ZNK8Location21get_distance_NE_ftypeERKS_ @ 0x73fab0
GUIDED: _ZN16EKF_IMU_buffer_tIN12NavEKF3_core15output_elementsEEixEj @ 0xa78c80
GUIDED: _ZNK14ekf_imu_buffer3getEh @ 0x73fd60
GUIDED: _ZNK14ekf_imu_buffer10get_offsetEh @ 0x73fdc0
GUIDED: _ZNK14AP_BattMonitor11consumed_whERfh @ 0x741960
GUIDED: _ZNK6AP_GPS8get_vdopEh @ 0xa78de0
GUIDED: _ZNK6AP_GPS16last_fix_time_msEh @ 0xa78e50
GUIDED: _ZNK6AP_GPS20last_message_time_msEh @ 0xa78ec0
GUIDED: _ZNK6AP_GPS22have_vertical_velocityEh @ 0xa78f30
GUIDED: _ZNK6AP_GPS18get_antenna_offsetEh @ 0x743ad0
GUIDED: _ZNK14AP_GPS_Blended18get_antenna_offsetEv @ 0xa78fb0
GUIDED: _ZNK6AP_GPS11gps_yaw_degEhRfS0_Rj @ 0x743ba0
GUIDED: _ZNK6AP_GPS11is_rtk_baseEh @ 0x743d90
GUIDED: _ZNK6AP_GPS12have_gps_yawEh @ 0xa79000
GUIDED: _ZNK12AP_Proximity10get_statusEv @ 0x744ad0
GUIDED: _ZNK12AP_Proximity11num_sensorsEv @ 0xa790a0
GUIDED: _ZNK11RangeFinder11num_sensorsEv @ 0xa790f0
GUIDED: _ZNK10AP_Vehicle18get_time_flying_msEv @ 0xa795b0
GUIDED: _ZN12SRV_Channels23get_output_channel_maskEN11SRV_Channel8FunctionE @ 0x74b8f0
GUIDED: _ZN11SRV_Channel9output_chEv @ 0x74c710
GUIDED: _ZN11SRV_Channel12set_overrideEb @ 0xa797b0
GUIDED: _ZN12SRV_Channels17set_output_scaledEN11SRV_Channel8FunctionEf @ 0x74d030
GUIDED: _ZNK10AP_Mission5stateEv @ 0xa79b70
GUIDED: _ZN19AP_ServoRelayEvents13update_eventsEv @ 0x756040
GUIDED: _Z16constrain_uint16ttt @ 0xa7a0f0
GUIDED: _Z15constrain_valueItET_S0_S0_S0_ @ 0xa7a180
GUIDED: _ZN17AP_Logger_Backend17Write_Mission_CmdERK10AP_MissionRKNS0_15Mission_CommandE11LogMessages @ 0x756290
GUIDED: _ZNK9AP_Follow11have_targetEv @ 0x75a5e0
GUIDED: _ZN9AP_Follow13get_singletonEv @ 0xa7a950
GUIDED: _ZN18AR_AttitudeControl21get_steering_rate_pidEv @ 0xa7a9e0
GUIDED: _ZNK6AC_PID12get_pid_infoEv @ 0xa7aa30
GUIDED: _ZN12AP_Scripting19is_handling_commandEt @ 0x75ef60
GUIDED: _ZNK7Vector3IfE6is_infEv @ 0xa7b410
GUIDED: _ZN7Vector2IfE9normalizeEv @ 0xa7b740
GUIDED: _ZN7Vector2IfEdVEf @ 0xa7b7a0
GUIDED: _ZNK7Vector2IfE6is_infEv @ 0xa7b820
GUIDED: _ZL3MAXIjjEDTqugtfp_fp0_fp_fp0_ERKT_RKT0_.5595 @ 0x791640
GUIDED: _ZN9AP_Logger19file_content_updateEv @ 0x791840
GUIDED: _ZN9AP_Logger34prepare_at_arming_sys_file_loggingEv @ 0x7918e0
GUIDED: _ZN9AP_Logger19file_content_updateERNS_11FileContentE @ 0x7919a0
GUIDED: _ZN9AP_Logger11FileContent15remove_and_freeEPNS_9file_listE @ 0x791c50
GUIDED: _ZN9AP_Logger24WriteBlock_first_succeedEPKvt @ 0x791db0
GUIDED: _ZN9AP_Logger11FileContent5resetEv @ 0x791ea0
GUIDED: _ZN35LoggerMessageWriter_Write_Polyfence7processEv @ 0x791fe0
GUIDED: _ZN17AP_Logger_Backend13Write_MessageEPKc @ 0x7921e0
GUIDED: _ZNK19LoggerMessageWriter32out_of_time_for_writing_messagesEv @ 0x7922a0
GUIDED: _ZN39LoggerMessageWriter_WriteAllRallyPoints7processEv @ 0x792400
GUIDED: _ZN38LoggerMessageWriter_WriteEntireMission7processEv @ 0x7925d0
GUIDED: _ZN32LoggerMessageWriter_WriteSysInfo5resetEv @ 0x792770
GUIDED: _ZN32LoggerMessageWriter_WriteSysInfo7processEv @ 0x7927d0
GUIDED: _ZN17AP_Logger_Backend14Write_MessageFEPKcz @ 0x792b10
GUIDED: _ZN17AP_Logger_Backend9Write_VEREv @ 0x792d20
GUIDED: _ZN8AP_Param12storage_usedEv @ 0xa7cba0
GUIDED: _ZN8AP_Param12storage_sizeEv @ 0xa7cbe0
GUIDED: _ZN30LoggerMessageWriter_DFLogStart5resetEv @ 0x792e90
GUIDED: _ZN30LoggerMessageWriter_DFLogStart7processEv @ 0x792fa0
GUIDED: _ZNK30LoggerMessageWriter_DFLogStart35out_of_time_for_writing_messages_dfEv @ 0x7935a0
GUIDED: _ZNK17AP_Logger_Backend9num_typesEv @ 0x793630
GUIDED: _ZNK17AP_Logger_Backend9structureEh @ 0x793680
GUIDED: _ZN30LoggerMessageWriter_DFLogStart19check_process_limitEj @ 0x7936f0
GUIDED: _ZN17AP_Logger_Backend15Write_ParameterEPK8AP_ParamRKNS0_10ParamTokenE11ap_var_typef @ 0x793760
GUIDED: _ZNK17AP_Logger_Backend9num_unitsEv @ 0x793840
GUIDED: _ZNK17AP_Logger_Backend4unitEh @ 0x793890
GUIDED: _ZN17AP_Logger_Backend10Write_UnitEPK13UnitStructure @ 0x793900
GUIDED: _ZNK17AP_Logger_Backend15num_multipliersEv @ 0x7939d0
GUIDED: _ZNK17AP_Logger_Backend10multiplierEh @ 0x793a20
GUIDED: _ZN17AP_Logger_Backend16Write_MultiplierEPK19MultiplierStructure @ 0x793a90
GUIDED: _ZNK17AP_Logger_Backend22vehicle_message_writerEv @ 0x793b40
GUIDED: _ZNK9AP_Logger10multiplierEt @ 0x793ba0
GUIDED: _ZNK9AP_Logger4unitEt @ 0x793c10
GUIDED: _ZN17AP_Logger_Backend14periodic_tasksEv @ 0x794200
GUIDED: _ZNK17AP_Logger_Backend13StartNewLogOKEv @ 0x7945f0
GUIDED: _ZN17AP_Logger_Backend24WriteMoreStartupMessagesEv @ 0x7946d0
GUIDED: _ZN17AP_Logger_Backend29start_new_log_reset_variablesEv @ 0x794880
GUIDED: _ZN9AP_Logger24backend_starting_new_logEPK17AP_Logger_Backend @ 0x794da0
GUIDED: _ZN17AP_Logger_Backend13PrepForArmingEv @ 0x796650
GUIDED: _ZNK17AP_Logger_Backend15logging_enabledEv @ 0x7966f0
GUIDED: _ZN17AP_Logger_Backend13periodic_10HzEj @ 0x796820
GUIDED: _ZN17AP_Logger_Backend12periodic_1HzEv @ 0x796870
GUIDED: _ZN17AP_Logger_Backend15push_log_blocksEv @ 0x796900
GUIDED: _ZN17AP_Logger_Backend12df_stats_logEv @ 0x796960
GUIDED: _ZN17AP_Logger_Backend26Write_AP_Logger_Stats_FileERKNS_8df_statsE @ 0x7969d0
GUIDED: _ZN17AP_Logger_Backend14df_stats_clearEv @ 0x796ae0
GUIDED: _ZNK30LoggerMessageWriter_DFLogStart8fmt_doneEv @ 0xa7d820
GUIDED: _ZNK17AP_Logger_Backend40non_messagewriter_message_reserved_spaceEj @ 0xa7d880
GUIDED: _ZNK17AP_Logger_Backend31critical_message_reserved_spaceEj @ 0xa7d8f0
GUIDED: _ZN17AP_Logger_Backend15df_stats_gatherEtj @ 0x798fb0
GUIDED: _ZN9AP_Logger16get_max_num_logsEv @ 0x79ab00
GUIDED: _ZNK14AP_Logger_File12CardInsertedEv @ 0x79ad00
GUIDED: _ZN14AP_Logger_File13find_last_logEv @ 0x79ae30
GUIDED: _ZNK14AP_Logger_File15logging_startedEv @ 0xa7dd80
GUIDED: _ZN14AP_Logger_File21bufferspace_availableEv @ 0x79bcb0
GUIDED: _ZN14AP_Logger_File13start_new_logEv @ 0x79bd60
GUIDED: _ZN14AP_Logger_File12stop_loggingEv @ 0x79c190
GUIDED: _ZNK14AP_Logger_File14logging_failedEv @ 0x79c2c0
GUIDED: _ZN14AP_Logger_File8io_timerEv @ 0x79c380
GUIDED: _ZN14AP_Logger_File12periodic_1HzEv @ 0x79c950
GUIDED: _ZN14AP_Logger_File17periodic_fullrateEv @ 0x79cc00
GUIDED: _ZNK14AP_Logger_File8WritesOKEv @ 0x79cc50
GUIDED: _ZNK14AP_Logger_File13StartNewLogOKEv @ 0x79cce0
GUIDED: _ZN14AP_Logger_File27PrepForArming_start_loggingEv @ 0x79cd90
GUIDED: _ZN14AP_Logger_File22_WritePrioritisedBlockEPKvtb @ 0x79ce90
GUIDED: _ZN7AP_AHRS6updateEb @ 0x79d100
GUIDED: _ZN7AP_AHRS18update_orientationEv @ 0x79d440
GUIDED: _ZN17AP_InertialSensor6updateEv @ 0x79d540
GUIDED: _ZN7AP_AHRS29update_trim_rotation_matricesEv @ 0x79dbb0
GUIDED: _ZN7AP_AHRS10update_DCMEv @ 0x79dcc0
GUIDED: _ZN7AP_AHRS12update_flagsEv @ 0x79dd60
GUIDED: _ZN7AP_AHRS11update_SITLEv @ 0x79de20
GUIDED: _ZN7AP_AHRS15update_externalEv @ 0x79ded0
GUIDED: _ZN7AP_AHRS11update_EKF2Ev @ 0x79dff0
GUIDED: _ZN7AP_AHRS11update_EKF3Ev @ 0x79e4e0
GUIDED: _ZNK7AP_AHRS14get_gyro_driftEv @ 0xa7dde0
GUIDED: _ZN7AP_AHRS14update_AOA_SSAEv @ 0x79ecd0
GUIDED: _ZNK7AP_AHRS16_active_EKF_typeEv @ 0x79ed20
GUIDED: _ZN7AP_AHRS12update_stateEv @ 0x79f250
GUIDED: _ZNK7AP_AHRS23_get_primary_gyro_indexEv @ 0x79f4f0
GUIDED: _ZNK7AP_AHRS23_get_primary_core_indexEv @ 0x79f5a0
GUIDED: _ZNK7AP_AHRS14_wind_estimateER7Vector3IfE @ 0x79f670
GUIDED: _ZN15AP_AHRS_Backend11get_EAS2TASEv @ 0x79f7a0
GUIDED: _ZNK7AP_AHRS13_airspeed_EASERfRNS_20AirspeedEstimateTypeE @ 0x79f7e0
GUIDED: _ZNK7AP_AHRS13_airspeed_TASERf @ 0x79fd60
GUIDED: _ZNK7AP_AHRS13_airspeed_TASER7Vector3IfE @ 0x79fe70
GUIDED: _ZNK7AP_AHRS15_get_quaternionER11QuaternionTIfE @ 0x79ff50
GUIDED: _ZNK7AP_AHRS23_get_secondary_attitudeER7Vector3IfE @ 0x7a0110
GUIDED: _ZNK7AP_AHRS25_get_secondary_quaternionER11QuaternionTIfE @ 0x7a0310
GUIDED: _ZNK7AP_AHRS13_get_locationER8Location @ 0x7a04c0
GUIDED: _ZNK7AP_AHRS23_get_secondary_positionER8Location @ 0x7a0640
GUIDED: _ZN7AP_AHRS19_groundspeed_vectorEv @ 0x7a0790
GUIDED: _ZN7AP_AHRS12_groundspeedEv @ 0x7a08c0
GUIDED: _ZNK7AP_AHRS29_getCorrectedDeltaVelocityNEDER7Vector3IfERf @ 0x7a0990
GUIDED: _ZNK7AP_AHRS17_get_velocity_NEDER7Vector3IfE @ 0x7a0c20
GUIDED: _ZNK7NavEKF39getVelNEDER7Vector3IfE @ 0x7a0de0
GUIDED: _ZNK12NavEKF3_core9getVelNEDER7Vector3IfE @ 0x7a1110
GUIDED: _ZNK7NavEKF312getAccelBiasEaR7Vector3IfE @ 0x7a1300
GUIDED: _ZNK17AP_InertialSensor18get_delta_velocityEhR7Vector3IfERf @ 0x7a13d0
GUIDED: _ZNK7AP_AHRS43get_rotation_autopilot_body_to_vehicle_bodyEv @ 0xa7ded0
GUIDED: _ZNK17AP_InertialSensor14get_delta_timeEv @ 0xa7df20
GUIDED: _ZL3MINIffEDTqultfp_fp0_fp_fp0_ERKT_RKT0_.3149 @ 0x7a1580
GUIDED: _ZL3MINIffEDTqultfp_fp0_fp_fp0_ERKT_RKT0_.1609 @ 0x7a1610
GUIDED: _ZNK12NavEKF3_core12getAccelBiasER7Vector3IfE @ 0x7a16a0
GUIDED: _ZL7radiansf.1596 @ 0x7a1d90
GUIDED: _ZNK7AP_AHRS23_get_secondary_EKF_typeERNS_7EKFTypeE @ 0x7a1de0
GUIDED: _ZNK7NavEKF36getLLHER8Location @ 0x7a1fd0
GUIDED: _ZNK12NavEKF3_core6getLLHER8Location @ 0x7a2070
GUIDED: _ZNK7AP_AHRS24fallback_active_EKF_typeEv @ 0x7a2640
GUIDED: _ZNK11AP_AHRS_DCM14get_quaternionER11QuaternionTIfE @ 0x7a2690
GUIDED: _ZNK7NavEKF313getQuaternionER11QuaternionTIfE @ 0x7a2790
GUIDED: _ZN11QuaternionTIfE6rotateERK7Vector3IfE @ 0xa7e200
GUIDED: _ZN11QuaternionTIfE15from_axis_angleE7Vector3IfE @ 0xa7e2b0
GUIDED: _ZN15AP_ExternalAHRS14get_quaternionER11QuaternionTIfE @ 0x7a2890
GUIDED: _ZNK12NavEKF3_core13getQuaternionER11QuaternionTIfE @ 0x7a2940
GUIDED: _ZNK11QuaternionTIdE7tofloatEv @ 0xa7e390
GUIDED: _ZNK7NavEKF314getEulerAnglesER7Vector3IfE @ 0x7a2af0
GUIDED: _ZNK7NavEKF312getAirSpdVecER7Vector3IfE @ 0x7a2cd0
GUIDED: _ZNK12NavEKF3_core12getAirSpdVecER7Vector3IfE @ 0x7a2d70
GUIDED: _ZNK11QuaternionTIdE7inverseEv @ 0xa7e410
GUIDED: _ZNK7AP_AHRS25get_active_airspeed_indexEv @ 0x7a3170
GUIDED: _ZNK7AP_AHRS27_should_use_airspeed_sensorEh @ 0x7a3270
GUIDED: _ZNK7AP_AHRS27get_wind_estimation_enabledEv @ 0xa7e4c0
GUIDED: _ZNK7NavEKF37getWindER7Vector3IfE @ 0x7a3580
GUIDED: _ZNK12NavEKF3_core7getWindER7Vector3IfE @ 0x7a36a0
GUIDED: _ZN15AP_AHRS_Backend23airspeed_sensor_enabledEh @ 0xa7e580
GUIDED: _ZNK7AP_AHRS23airspeed_sensor_enabledEh @ 0xa7e660
GUIDED: _ZNK7AP_AHRS10option_setENS_7OptionsE @ 0xa7e6c0
GUIDED: _ZNK7NavEKF317getActiveAirspeedEv @ 0x7a3870
GUIDED: _ZNK12NavEKF3_core17getActiveAirspeedEv @ 0x7a3900
GUIDED: _ZNK7AP_Baro12_get_EAS2TASEv @ 0x7a3950
GUIDED: _ZNK7AP_Baro20get_EAS2TAS_extendedEf @ 0x7a39c0
GUIDED: _ZNK7NavEKF319getPrimaryCoreIndexEv @ 0x7a3c90
GUIDED: _ZNK7NavEKF326configuredToUseGPSForPosXYEv @ 0x7a3eb0
GUIDED: _ZNK11AP_AHRS_DCM20yaw_source_availableEv @ 0x7a3f30
GUIDED: _ZNK16AP_NavEKF_Source14getPosXYSourceEh @ 0xa7e820
GUIDED: _ZNK7AP_AHRS9calc_trigERK7Matrix3IfERfS4_S4_S4_S4_S4_ @ 0x7a3fe0
GUIDED: _ZNK9AP_Logger15allow_start_ekfEv @ 0x7a43d0
GUIDED: _ZN7NavEKF312UpdateFilterEv @ 0x7a4aa0
GUIDED: _ZNK7NavEKF320getRotationBodyToNEDER7Matrix3IfE @ 0x7a5070
GUIDED: _ZN7AP_AHRS16update_cd_valuesEv @ 0x7a5100
GUIDED: _ZN7AP_AHRS11update_trigEv @ 0x7a5240
GUIDED: _ZNK17AP_InertialSensor22get_first_usable_accelEv @ 0xa7e8a0
GUIDED: _ZNK7NavEKF311getGyroBiasEaR7Vector3IfE @ 0x7a5320
GUIDED: _ZN7AP_AHRS32update_notify_from_filter_statusERK17nav_filter_status @ 0x7a53f0
GUIDED: _ZNK12NavEKF3_core11getGyroBiasER7Vector3IfE @ 0x7a54a0
GUIDED: _ZL7degreesf.1550 @ 0x7a5580
GUIDED: _ZN6AP_DAL11start_frameENS_9FrameTypeE @ 0x7a55d0
GUIDED: _ZNK6AP_DAL8micros64Ev @ 0xa7e8f0
GUIDED: _ZNK12NavEKF3_core21getFramesSincePredictEv @ 0x7a5ab0
GUIDED: _ZN6AP_DAL22ekf_low_time_remainingENS_7EKFTypeEh @ 0x7a5b10
GUIDED: _ZN12NavEKF3_core12UpdateFilterEb @ 0x7a5c50
GUIDED: _ZNK6AP_DAL9get_armedEv @ 0xa7e940
GUIDED: _ZN7NavEKF321updateCoreErrorScoresEv @ 0x7a5e80
GUIDED: _ZN7NavEKF324updateCoreRelativeErrorsEv @ 0x7a5f40
GUIDED: _ZNK7NavEKF315coreBetterScoreEhh @ 0x7a60e0
GUIDED: _ZN16AP_NavEKF_Source22align_inactive_sourcesEv @ 0x7a62e0
GUIDED: _ZNK16AP_NavEKF_Source13getPosZSourceEh @ 0x7a6590
GUIDED: _ZNK7AP_EnumIN16AP_NavEKF_Source7SourceZEEcvKS1_Ev @ 0xa7ea20
GUIDED: _ZL3MAXI9AP_ParamTIfL11ap_var_type4EEfEDTqugtfp_fp0_fp_fp0_ERKT_RKT0_.3912 @ 0x7a6770
GUIDED: _ZN18NavEKF_core_common22fill_scratch_variablesEv @ 0x7a6800
GUIDED: _ZN12NavEKF3_core23update_sensor_selectionEv @ 0x7a68a0
GUIDED: _ZN12NavEKF3_core18controlFilterModesEv @ 0x7a6910
GUIDED: _ZN12NavEKF3_core11readIMUDataEb @ 0x7a69e0
GUIDED: _ZN12NavEKF3_core27UpdateStrapdownEquationsNEDEv @ 0x7a72b0
GUIDED: _ZN12NavEKF3_core20CovariancePredictionEP7Vector3IdE @ 0x7a7790
GUIDED: _ZN12NavEKF3_core25runYawEstimatorPredictionEv @ 0x7b1f80
GUIDED: _ZN12NavEKF3_core15SelectMagFusionEv @ 0x7b20e0
GUIDED: _ZN12NavEKF3_core18SelectVelPosFusionEv @ 0x7b2e10
GUIDED: _ZN12NavEKF3_core25runYawEstimatorCorrectionEv @ 0x7b37d0
GUIDED: _ZN12NavEKF3_core18SelectRngBcnFusionEv @ 0x7b39c0
GUIDED: _ZN12NavEKF3_core16SelectFlowFusionEv @ 0x7b3af0
GUIDED: _ZN12NavEKF3_core20SelectBodyOdomFusionEv @ 0x7b3dd0
GUIDED: _ZN12NavEKF3_core15SelectTasFusionEv @ 0x7b4080
GUIDED: _ZN12NavEKF3_core20SelectBetaDragFusionEv @ 0x7b4180
GUIDED: _ZN12NavEKF3_core18updateFilterStatusEv @ 0x7b4440
GUIDED: _ZN12NavEKF3_core13moveEKFOriginEv @ 0x7b4d80
GUIDED: _ZN12NavEKF3_core21checkUpdateEarthFieldEv @ 0x7b4f30
GUIDED: _ZN12NavEKF3_core16calcOutputStatesEv @ 0x7b4ff0
GUIDED: _ZN12NavEKF3_core11readMagDataEv @ 0x7b6340
GUIDED: _ZN12NavEKF3_core11readGpsDataEv @ 0x7b6850
GUIDED: _ZN12NavEKF3_core14readGpsYawDataEv @ 0x7b71e0
GUIDED: _ZN12NavEKF3_core12readBaroDataEv @ 0x7b7310
GUIDED: _ZN6AP_DAL3insEv @ 0xa7ead0
GUIDED: _ZNK21AP_DAL_InertialSensor9get_accelEh @ 0xa7eb20
GUIDED: _ZL2sqf.4316 @ 0x7b9340
GUIDED: _ZNK16AP_NavEKF_Source13useVelZSourceENS_7SourceZEh @ 0x7b94b0
GUIDED: _ZNK12NavEKF3_core26CorrectGPSForAntennaOffsetERNS_12gps_elementsE @ 0x7b95e0
GUIDED: _ZNK10AP_DAL_GPS18get_antenna_offsetEh @ 0xa7edf0
GUIDED: _ZNK7Vector3IdErmERKS0_ @ 0xa7ee60
GUIDED: _ZNK7Matrix3IdE13mul_transposeERK7Vector3IdE @ 0xa7ef40
GUIDED: _ZN7Vector3IdEdVEd @ 0xa7f050
GUIDED: _ZNK21AP_DAL_InertialSensor16get_loop_delta_tEv @ 0xa7f0e0
GUIDED: _ZNK14AP_DAL_Compass16get_first_usableEv @ 0xa7f500
GUIDED: _ZNK11AP_DAL_Baro15get_last_updateEh @ 0xa7f770
GUIDED: _ZNK11AP_DAL_Baro12get_altitudeEh @ 0xa7f7e0
GUIDED: _ZN16EKF_obs_buffer_tIN12NavEKF3_core13baro_elementsEE4pushERKS1_ @ 0xa7f850
GUIDED: _ZNK10AP_DAL_GPS11gps_yaw_degEhRfS0_Rj @ 0xa7f8c0
GUIDED: _ZL3MAXIfdEDTqugtfp_fp0_fp_fp0_ERKT_RKT0_ @ 0x7b9fe0
GUIDED: _ZNK10AP_DAL_GPS20last_message_time_msEh @ 0xa7f9e0
GUIDED: _ZNK10AP_DAL_GPS7get_lagEhRf @ 0xa7fa50
GUIDED: _ZL3MINIjjEDTqultfp_fp0_fp_fp0_ERKT_RKT0_.4133 @ 0x7ba1e0
GUIDED: _ZNK10AP_DAL_GPS8velocityEh @ 0xa7fb00
GUIDED: _ZNK10AP_DAL_GPS22have_vertical_velocityEh @ 0xa7fb70
GUIDED: _ZNK10AP_DAL_GPS14speed_accuracyEhRf @ 0xa7fbf0
GUIDED: _ZL3MAXIdfEDTqugtfp_fp0_fp_fp0_ERKT_RKT0_.4129 @ 0x7ba260
GUIDED: _ZL3MINIdfEDTqultfp_fp0_fp_fp0_ERKT_RKT0_ @ 0x7ba300
GUIDED: _ZL3MAXId9AP_ParamTIfL11ap_var_type4EEEDTqugtfp_fp0_fp_fp0_ERKT_RKT0_ @ 0x7ba3a0
GUIDED: _ZNK10AP_DAL_GPS19horizontal_accuracyEhRf @ 0xa7fca0
GUIDED: _ZNK10AP_DAL_GPS17vertical_accuracyEhRf @ 0xa7fd50
GUIDED: _ZNK10AP_DAL_GPS8num_satsEh @ 0xa7fe00
GUIDED: _ZN12NavEKF3_core18calcGpsGoodToAlignEv @ 0x7ba450
GUIDED: _ZN12NavEKF3_core20calcGpsGoodForFlightEv @ 0x7bb3b0
GUIDED: _ZN16EKF_obs_buffer_tIN12NavEKF3_core12gps_elementsEE4pushERKS1_ @ 0xa7fe70
GUIDED: _ZL3MAXIddEDTqugtfp_fp0_fp_fp0_ERKT_RKT0_.4294 @ 0x7bb870
GUIDED: _ZL3MINIdfEDTqultfp_fp0_fp_fp0_ERKT_RKT0_.4281 @ 0x7bb8f0
GUIDED: _ZNK10AP_DAL_GPS8get_hdopEh @ 0xa7fee0
GUIDED: _ZNK14AP_DAL_Compass9availableEv @ 0xa7ff50
GUIDED: _ZNK14AP_DAL_Compass9get_countEv @ 0xa7ffb0
GUIDED: _ZNK14AP_DAL_Compass21learn_offsets_enabledEv @ 0xa80000
GUIDED: _ZNK14AP_DAL_Compass7healthyEh @ 0xa80060
GUIDED: _ZNK14AP_DAL_Compass16last_update_usecEh @ 0xa800d0
GUIDED: _ZNK14AP_DAL_Compass11get_offsetsEh @ 0xa80140
GUIDED: _ZNK7Vector3IdEneERKS0_ @ 0xa801b0
GUIDED: _ZN12NavEKF3_core12mag_elementsC2Ev @ 0xa80280
GUIDED: _ZNK14AP_DAL_Compass9get_fieldEh @ 0xa802e0
GUIDED: _ZNK14AP_DAL_Compass10consistentEv @ 0xa80350
GUIDED: _ZN16EKF_obs_buffer_tIN12NavEKF3_core12mag_elementsEE4pushERKS1_ @ 0xa803b0
GUIDED: _Z8is_equalIddENSt3__19enable_ifIXsr3std17is_floating_pointINS0_11common_typeIJT_T0_EE4typeEEE5valueEbE4typeES3_S4_ @ 0xa80420
GUIDED: _ZN12NavEKF3_core17correctDeltaAngleER7Vector3IdEdh @ 0x7bbbd0
GUIDED: _ZN12NavEKF3_core20correctDeltaVelocityER7Vector3IdEdh @ 0x7bbc90
GUIDED: _ZN11QuaternionTIdEC2Ev @ 0xa804a0
GUIDED: _ZN11QuaternionTIdE15from_axis_angleE7Vector3IdE @ 0xa80510
GUIDED: _ZN11QuaternionTIdEmLERKS0_ @ 0xa805d0
GUIDED: _ZNK11QuaternionTIdE15rotation_matrixER7Matrix3IdE @ 0xa80770
GUIDED: _ZNK21AP_DAL_InertialSensor8get_gyroEh @ 0xa80960
GUIDED: _ZNK6AP_DAL20get_takeoff_expectedEv @ 0xa80a70
GUIDED: _ZN16EKF_IMU_buffer_tIN12NavEKF3_core12imu_elementsEE18get_youngest_indexEv @ 0xa80ae0
GUIDED: _ZN16EKF_IMU_buffer_tIN12NavEKF3_core12imu_elementsEE16get_oldest_indexEv @ 0xa80b40
GUIDED: _ZNK11QuaternionTIdEdvERKS0_ @ 0xa80ba0
GUIDED: _ZN11QuaternionTIdEixEh @ 0xa80dc0
GUIDED: _ZL3MAXIddEDTqugtfp_fp0_fp_fp0_ERKT_RKT0_.4344 @ 0x7bbdb0
GUIDED: _ZN12NavEKF3_core15output_elementsC2Ev @ 0xa80e30
GUIDED: _ZNK14ekf_imu_buffer16get_oldest_indexEv @ 0xa80eb0
GUIDED: _ZNK14ekf_imu_buffer18get_youngest_indexEv @ 0xa80f00
GUIDED: _ZN11QuaternionTIdE15from_axis_angleERK7Vector3IdEd @ 0xa80f50
GUIDED: _ZNK6AP_DAL22get_touchdown_expectedEv @ 0xa81070
GUIDED: _ZNK6AP_DAL11get_EAS2TASEv @ 0xa81150
GUIDED: _ZN7Vector3IdEixEh @ 0xa81210
GUIDED: _ZNK7Vector3IdEixEh @ 0xa81280
GUIDED: _ZN7Vector2IdEixEh @ 0xa812f0
GUIDED: _ZN15ekf_ring_buffer6recallEPvj @ 0x7c2910
GUIDED: _ZNK15ekf_ring_buffer7time_msEh @ 0x7c2a70
GUIDED: _ZN12NavEKF3_core14readAirSpdDataEv @ 0x7c2ae0
GUIDED: _ZNK12NavEKF3_core11useAirspeedEv @ 0x7c47b0
GUIDED: _ZNK6AP_DAL23airspeed_sensor_enabledEv @ 0xa81610
GUIDED: _ZN16EKF_obs_buffer_tIN12NavEKF3_core16vel_odm_elementsEE6recallERS1_j @ 0xa81680
GUIDED: _ZN16EKF_obs_buffer_tIN12NavEKF3_core18wheel_odm_elementsEE6recallERS1_j @ 0xa81700
GUIDED: _ZN12NavEKF3_core11of_elementsC2Ev @ 0xa81780
GUIDED: _ZN16EKF_obs_buffer_tIN12NavEKF3_core11of_elementsEE6recallERS1_j @ 0xa81810
GUIDED: _ZNK7Vector2IdEixEh @ 0xa81890
GUIDED: _ZN12NavEKF3_core14readRngBcnDataEv @ 0x7d1700
GUIDED: _ZN10EKFGSF_yaw11fuseVelDataERK7Vector2IdEd @ 0x7d53b0
GUIDED: _ZNK12NavEKF3_core13EKFGSF_getYawERdS0_ @ 0x7d57b0
GUIDED: _ZNK11QuaternionTIdE8to_eulerERdS1_S1_ @ 0xa81d60
GUIDED: _ZNK11QuaternionTIdE12to_vector312Ev @ 0xa81e10
GUIDED: _ZN7Matrix3IdE13from_euler312Eddd @ 0xa82150
GUIDED: _ZNK7Matrix3IdE11to_euler312Ev @ 0xa827f0
GUIDED: _ZN7Matrix3IdEixEh @ 0xa828e0
GUIDED: _ZNK10EKFGSF_yaw10getYawDataERdS0_Ph @ 0x7d6120
GUIDED: _ZL7radiansf.4097 @ 0x7d6200
GUIDED: _ZL2sqf.4095 @ 0x7d6250
GUIDED: _ZN10EKFGSF_yaw11resetEKFGSFEv @ 0x7d63e0
GUIDED: _ZN10EKFGSF_yaw8alignYawEv @ 0x7d6550
GUIDED: _ZN10EKFGSF_yaw7correctEhRK7Vector2IdEd @ 0x7d67c0
GUIDED: _ZNK10EKFGSF_yaw15gaussianDensityEh @ 0x7d7b80
GUIDED: _ZL3MAXIdfEDTqugtfp_fp0_fp_fp0_ERKT_RKT0_.3598 @ 0x7d7f00
GUIDED: _ZN10EKFGSF_yaw13forceSymmetryEh @ 0x7d7fa0
GUIDED: _ZNK7Matrix3IdE8to_eulerEPdS1_S1_ @ 0xa82950
GUIDED: _ZN16EKF_obs_buffer_tIN12NavEKF3_core16ext_nav_elementsEE6recallERS1_j @ 0xa82a50
GUIDED: _ZN16EKF_obs_buffer_tIN12NavEKF3_core20ext_nav_vel_elementsEE6recallERS1_j @ 0xa82ad0
GUIDED: _ZNK12NavEKF3_core35CalculateVelInnovationsAndVariancesERK7Vector3IdEddRS1_S4_ @ 0x7d84d0
GUIDED: _ZN16EKF_obs_buffer_tIN12NavEKF3_core12gps_elementsEE6recallERS1_j @ 0xa82b50
GUIDED: _ZN12NavEKF3_core21selectHeightForFusionEv @ 0x7d8b10
GUIDED: _ZN12NavEKF3_core13FuseVelPosNEDEv @ 0x7da010
GUIDED: _ZL3MAXIdfEDTqugtfp_fp0_fp_fp0_ERKT_RKT0_.4269 @ 0x7dc360
GUIDED: _ZL3MAXI9AP_ParamTIfL11ap_var_type4EEfEDTqugtfp_fp0_fp_fp0_ERKT_RKT0_.4270 @ 0x7dc400
GUIDED: _ZN12NavEKF3_core15readRangeFinderEv @ 0x7dc490
GUIDED: _ZN16EKF_obs_buffer_tIN12NavEKF3_core14range_elementsEE6recallERS1_j @ 0xa82bd0
GUIDED: _ZN16EKF_obs_buffer_tIN12NavEKF3_core13baro_elementsEE6recallERS1_j @ 0xa82ca0
GUIDED: _ZL3MAXIddEDTqugtfp_fp0_fp_fp0_ERKT_RKT0_.4118 @ 0x7dd060
GUIDED: _ZL3MAXI9AP_ParamTIfL11ap_var_type4EEfEDTqugtfp_fp0_fp_fp0_ERKT_RKT0_.4107 @ 0x7dd230
GUIDED: _ZN12NavEKF3_core12fuseEulerYawENS_15yawFusionMethodE @ 0x7dd2c0
GUIDED: _ZN16EKF_obs_buffer_tIN12NavEKF3_core12yaw_elementsEE6recallERS1_j @ 0xa82f30
GUIDED: _ZN16EKF_obs_buffer_tIN12NavEKF3_core12mag_elementsEE6recallERS1_j @ 0xa82fb0
GUIDED: _ZN12NavEKF3_core18controlMagYawResetEv @ 0x7df260
GUIDED: _ZNK7Matrix3IdEixEh @ 0xa83180
GUIDED: _ZL3MAXIdfEDTqugtfp_fp0_fp_fp0_ERKT_RKT0_.4105 @ 0x7e60b0
GUIDED: _ZN12NavEKF3_core17MagTableConstrainEv @ 0x7e6150
GUIDED: _ZNK11QuaternionTIdE13to_axis_angleER7Vector3IdE @ 0xa831f0
GUIDED: _ZN10EKFGSF_yaw6updateERK7Vector3IdES3_ddbd @ 0x7e68d0
GUIDED: _ZN10EKFGSF_yaw7predictEh @ 0x7e7360
GUIDED: _ZN10EKFGSF_yaw11predictAHRSEh @ 0x7e7eb0
GUIDED: _ZL7radiansf.3596 @ 0x7e8430
GUIDED: _ZL2sqf.3597 @ 0x7e8480
GUIDED: _ZNK10EKFGSF_yaw12updateRotMatERK7Matrix3IdERK7Vector3IdE @ 0x7e84d0
GUIDED: _ZN12NavEKF3_core21calcTiltErrorVarianceEv @ 0x7e8db0
GUIDED: _ZN12NavEKF3_core23verifyTiltErrorVarianceEv @ 0x7e9490
GUIDED: _ZL3MINIffEDTqultfp_fp0_fp_fp0_ERKT_RKT0_.4336 @ 0x7e9890
GUIDED: _ZN11QuaternionTIdE6rotateERK7Vector3IdE @ 0xa837b0
GUIDED: _ZN12NavEKF3_core15ConstrainStatesEv @ 0x7e9920
GUIDED: _ZNK21AP_DAL_InertialSensor9use_accelEh @ 0xa83870
GUIDED: _ZNK21AP_DAL_InertialSensor8use_gyroEh @ 0xa83940
GUIDED: _ZN12NavEKF3_core19learnInactiveBiasesEv @ 0x7e9d60
GUIDED: _ZN12NavEKF3_core19updateMovementCheckEv @ 0x7ea2d0
GUIDED: _ZN12NavEKF3_core17readDeltaVelocityEhR7Vector3IdERd @ 0x7eab70
GUIDED: _ZNK21AP_DAL_InertialSensor18get_imu_pos_offsetEh @ 0xa83a10
GUIDED: _ZN12NavEKF3_core14readDeltaAngleEhR7Vector3IdERd @ 0x7eacc0
GUIDED: _ZN16EKF_IMU_buffer_tIN12NavEKF3_core12imu_elementsEE21push_youngest_elementES1_ @ 0xa83a80
GUIDED: _ZN12NavEKF3_core14SampleDragDataERKNS_12imu_elementsE @ 0x7eade0
GUIDED: _ZN16EKF_IMU_buffer_tIN12NavEKF3_core12imu_elementsEE18get_oldest_elementEv @ 0xa83ae0
GUIDED: _ZN12NavEKF3_core22updateTimingStatisticsEv @ 0x7eb090
GUIDED: _ZL3MINIfdEDTqultfp_fp0_fp_fp0_ERKT_RKT0_ @ 0x7eb340
GUIDED: _ZN12NavEKF3_core12imu_elementsC2Ev @ 0xa83b60
GUIDED: _ZN14ekf_imu_buffer18get_oldest_elementEPv @ 0x7eb3e0
GUIDED: _ZN14ekf_imu_buffer21push_youngest_elementEPKv @ 0x7eb4a0
GUIDED: _ZNK21AP_DAL_InertialSensor14get_gyro_countEv @ 0xa83c40
GUIDED: _ZNK21AP_DAL_InertialSensor15get_delta_angleEhR7Vector3IfERf @ 0xa83c90
GUIDED: _ZNK21AP_DAL_InertialSensor15get_accel_countEv @ 0xa83d90
GUIDED: _ZNK21AP_DAL_InertialSensor18get_delta_velocityEhR7Vector3IfERf @ 0xa83de0
GUIDED: _ZL7radiansi.4131 @ 0x7eb590
GUIDED: _ZN12NavEKF3_core12detectFlightEv @ 0x7eb5f0
GUIDED: _ZN12NavEKF3_core27setWindMagStateLearningModeEv @ 0x7ebab0
GUIDED: _ZN12NavEKF3_core28checkAttitudeAlignmentStatusEv @ 0x7ec350
GUIDED: _ZN12NavEKF3_core13setAidingModeEv @ 0x7ec460
GUIDED: _ZN12NavEKF3_core12setYawSourceEv @ 0x7ed3d0
GUIDED: _ZN12NavEKF3_core18checkGyroCalStatusEv @ 0x7ed4a0
GUIDED: _ZL3MINIttEDTqultfp_fp0_fp_fp0_ERKT_RKT0_ @ 0x7edb80
GUIDED: _ZL7radiansd.4050 @ 0x7edc00
GUIDED: _ZN12NavEKF3_core19updateStateIndexLimEv @ 0x7edcf0
GUIDED: _ZNK6AP_DAL18get_time_flying_msEv @ 0xa83ed0
GUIDED: _ZN10EKFGSF_yaw11setGyroBiasER7Vector3IfE @ 0x7ede20
GUIDED: _ZN12NavEKF3_core20update_gps_selectionEv @ 0x7edee0
GUIDED: _ZN12NavEKF3_core20update_mag_selectionEv @ 0x7edfe0
GUIDED: _ZN12NavEKF3_core21update_baro_selectionEv @ 0x7ee120
GUIDED: _ZN12NavEKF3_core25update_airspeed_selectionEv @ 0x7ee200
GUIDED: _ZNK11AP_DAL_Baro11get_primaryEv @ 0xa83f70
GUIDED: _Z9fill_nanfPdt @ 0x7ee310
GUIDED: _ZNK17AP_InertialSensor20get_last_update_usecEv @ 0xa84030
GUIDED: _ZNK17AP_InertialSensor16get_loop_delta_tEv @ 0xa84080
GUIDED: _ZNK7AP_AHRS17get_vehicle_classEv @ 0xa840d0
GUIDED: _ZNK7AP_AHRS20get_takeoff_expectedEv @ 0xa84120
GUIDED: _ZNK7AP_AHRS22get_touchdown_expectedEv @ 0xa84180
GUIDED: _ZNK7AP_AHRS8get_trimEv @ 0xa841e0
GUIDED: _ZN2AP12wheelencoderEv @ 0x7ee730
GUIDED: _ZNK15AP_WheelEncoder11num_sensorsEv @ 0xa84240
GUIDED: _ZNK7AP_AHRS43get_rotation_vehicle_body_to_autopilot_bodyEv @ 0xa84290
GUIDED: _ZN21AP_DAL_InertialSensor11start_frameEv @ 0x7ee770
GUIDED: _ZN11AP_DAL_Baro11start_frameEv @ 0x7ee9f0
GUIDED: _ZN10AP_DAL_GPS11start_frameEv @ 0x7eeb60
GUIDED: _ZN14AP_DAL_Compass11start_frameEv @ 0x7eef60
GUIDED: _ZNK9AP_Beacon7enabledEv @ 0x7efa10
GUIDED: _ZNK9AP_Beacon12device_readyEv @ 0x7efd50
GUIDED: _ZNK7AP_EnumIN9AP_Beacon4TypeEEcvKS1_Ev @ 0xa84340
GUIDED: _ZNK7Compass24auto_declination_enabledEv @ 0xa84490
GUIDED: _ZNK7Compass15get_declinationEv @ 0x7efec0
GUIDED: _ZNK7Compass15get_num_enabledEv @ 0x7eff20
GUIDED: _ZNK7Compass16get_first_usableEv @ 0xa84500
GUIDED: _ZNK7Compass17have_scale_factorEh @ 0x7effe0
GUIDED: _ZNK7Compass16last_update_usecEh @ 0xa84550
GUIDED: _ZNK14typesafe_indexIh14TAG_StateIndexEgeERKh @ 0xa845d0
GUIDED: _ZNK7AP_Baro11get_primaryEv @ 0xa84640
GUIDED: _ZNK7AP_Baro15get_last_updateEh @ 0xa84690
GUIDED: _ZNK17AP_InertialSensor16get_loop_rate_hzEv @ 0xa84700
GUIDED: _ZNK17AP_InertialSensor15get_delta_angleEhR7Vector3IfERf @ 0x7f0120
GUIDED: _ZN21AP_DAL_InertialSensor15update_filteredEh @ 0x7f02f0
GUIDED: _ZNK17AP_InertialSensor18get_imu_pos_offsetEh @ 0xa84750
GUIDED: _ZNK17AP_InertialSensor10_accel_posEh @ 0xa847b0
GUIDED: _ZN17AP_InertialSensor10_accel_posEh @ 0xa84810
GUIDED: _ZN15AP_WheelEncoder13get_singletonEv @ 0xa84880
GUIDED: _ZN7NavEKF216InitialiseFilterEv @ 0x7f2d80
GUIDED: _ZNK6AP_DAL12get_ekf_typeEv @ 0xa87070
GUIDED: _ZN16AP_AHRS_External6updateEv @ 0x826160
GUIDED: _ZN16AP_AHRS_External11get_resultsERN15AP_AHRS_Backend9EstimatesE @ 0x8261b0
GUIDED: _ZN7AP_AHRS37copy_estimates_from_backend_estimatesERKN15AP_AHRS_Backend9EstimatesE @ 0x826400
GUIDED: _ZN15AP_ExternalAHRS6updateEv @ 0x8266e0
GUIDED: _ZL7degreesf.9850 @ 0x826a10
GUIDED: _ZN11AP_AHRS_SIM6updateEv @ 0xa87c30
GUIDED: _ZN11AP_AHRS_SIM11get_resultsERN15AP_AHRS_Backend9EstimatesE @ 0x826a60
GUIDED: _ZN11AP_AHRS_DCM6updateEv @ 0x827640
GUIDED: _ZN11AP_AHRS_DCM11get_resultsERN15AP_AHRS_Backend9EstimatesE @ 0x827960
GUIDED: _ZN11AP_AHRS_DCM13matrix_updateEv @ 0x827a80
GUIDED: _ZN11AP_AHRS_DCM9normalizeEv @ 0x827cd0
GUIDED: _ZN11AP_AHRS_DCM16drift_correctionEf @ 0x827ef0
GUIDED: _ZN11AP_AHRS_DCM12check_matrixEv @ 0x829250
GUIDED: _ZN11AP_AHRS_DCM15backup_attitudeEv @ 0x829350
GUIDED: _ZNK11AP_AHRS_DCM12get_error_rpEv @ 0xa87cf0
GUIDED: _ZNK11AP_AHRS_DCM13get_error_yawEv @ 0xa87d40
GUIDED: _ZN7Matrix3IfE6is_nanEv @ 0xa87d90
GUIDED: _ZN11AP_AHRS_DCM20drift_correction_yawEv @ 0x829840
GUIDED: _ZNK6AP_GPS16last_fix_time_msEv @ 0xa87ea0
GUIDED: _ZL3MAXIfiEDTqugtfp_fp0_fp_fp0_ERKT_RKT0_.1607 @ 0x829d60
GUIDED: _ZNK11AP_AHRS_DCM26should_correct_centrifugalEv @ 0x829e00
GUIDED: _ZN11AP_AHRS_DCM10ra_delayedEhRK7Vector3IfE @ 0x829e50
GUIDED: _ZNK17AP_InertialSensor7healthyEv @ 0xa87f00
GUIDED: _ZN11AP_AHRS_DCM7_P_gainEf @ 0x829f50
GUIDED: _ZNK11AP_AHRS_DCM14use_fast_gainsEv @ 0x82a030
GUIDED: _ZL7radiansi.1608 @ 0x82a0c0
GUIDED: _ZNK17AP_InertialSensor19get_gyro_drift_rateEv @ 0xa87f80
GUIDED: _ZNK17AP_InertialSensor15get_gyro_healthEv @ 0xa87fd0
GUIDED: _ZNK17AP_InertialSensor16get_accel_healthEv @ 0xa88030
GUIDED: _ZNK7Compass16last_update_usecEv @ 0xa88090
GUIDED: _ZN7Compass4readEv @ 0x82a120
GUIDED: _ZN11AP_AHRS_DCM17yaw_error_compassER7Compass @ 0x82a4f0
GUIDED: _ZNK11AP_AHRS_DCM9_yaw_gainEv @ 0x82a670
GUIDED: _ZNK7Matrix3IfE5mulXYERK7Vector3IfE @ 0xa880f0
GUIDED: _ZNK7Vector2IfErmERKS0_ @ 0xa881c0
GUIDED: _ZN7Compass15_detect_runtimeEv @ 0x82a820
GUIDED: _ZN9AP_Logger13Write_CompassEv @ 0x82ab50
GUIDED: _ZN19RestrictIDTypeArrayI9AP_ParamTIaL11ap_var_type1EELj3E14typesafe_indexIh12TAG_PriorityEEixERKS5_ @ 0xa88240
GUIDED: _ZN9AP_Logger22Write_Compass_instanceEmh @ 0x82abf0
GUIDED: _ZNK7Compass17get_motor_offsetsEh @ 0xa882c0
GUIDED: _ZN18AP_Compass_Backend25drain_accumulated_samplesEhPK7Vector3IfE @ 0x82cb20
GUIDED: _ZN18AP_Compass_Backend22publish_filtered_fieldERK7Vector3IfEh @ 0x82cca0
GUIDED: _ZN11AP_AHRS_DCM6renormERK7Vector3IfERS1_ @ 0x82cd60
GUIDED: _ZNK17AP_InertialSensor15get_delta_angleER7Vector3IfERf @ 0xa88b40
GUIDED: _ZNK7Vector3IfEeqERKS0_ @ 0xa88bd0
GUIDED: _ZNK14AP_Logger_File17recent_open_errorEv @ 0x82d110
GUIDED: _ZNK14AP_Logger_File15io_thread_aliveEv @ 0x82d1a0
GUIDED: _ZN14AP_Logger_File18write_lastlog_fileEt @ 0x82d3c0
GUIDED: _ZN14AP_Logger_File16disk_space_availEv @ 0x82d530
GUIDED: _ZL3MINIjjEDTqultfp_fp0_fp_fp0_ERKT_RKT0_.5718 @ 0x82d610
GUIDED: _ZN13AP_Filesystem17bytes_until_fsyncEi @ 0x82d690
GUIDED: _ZN13AP_Filesystem9disk_freeEPKc @ 0x82d710
GUIDED: _ZNK14AP_Logger_File18_lastlog_file_nameEv @ 0x82d790
GUIDED: _ZNK14AP_Logger_File14_log_file_nameEt @ 0x82d820
GUIDED: _ZN14AP_Logger_File13_get_log_sizeEt @ 0x82d8c0
GUIDED: _ZN14AP_Logger_File27ensure_log_directory_existsEv @ 0x82da90
GUIDED: _ZN2AP4rssiEv @ 0x834950
GUIDED: _ZNK7AP_RSSI7enabledEv @ 0xa89480
GUIDED: _ZN7AP_RSSI13get_singletonEv @ 0x835180
GUIDED: _ZN13AP_CANManager20check_logging_enableEv @ 0x836140
GUIDED: _ZN7FunctorIvJEE14method_wrapperI13AP_CANManagerXadL_ZNS2_20check_logging_enableEvEEEEvPv @ 0xa89ab0
GUIDED: _ZNK13AP_CANManager15CANIface_Params13option_is_setENS0_7OptionsE @ 0xa89b60
GUIDED: _ZN9AP_Logger13Write_MessageEPKc @ 0x840d30
GUIDED: _ZNK22AP_BattMonitor_Backend13option_is_setEN21AP_BattMonitor_Params7OptionsE @ 0xa9b9e0
GUIDED: _ZN22AP_BattMonitor_Backend15update_consumedERN14AP_BattMonitor17BattMonitor_StateEj @ 0x858240
GUIDED: _ZN22AP_BattMonitor_Backend13calculate_mahEff @ 0xa9ba70
GUIDED: _ZN18AP_Compass_Backend17accumulate_sampleER7Vector3IfEhj @ 0x85a550
GUIDED: _ZN18AP_Compass_Backend12rotate_fieldER7Vector3IfEh @ 0x85a6d0
GUIDED: _ZN18AP_Compass_Backend17publish_raw_fieldERK7Vector3IfEh @ 0x85a7c0
GUIDED: _ZN18AP_Compass_Backend13correct_fieldER7Vector3IfEh @ 0x85a8d0
GUIDED: _ZN18AP_Compass_Backend8field_okERK7Vector3IfE @ 0x85acd0
GUIDED: _ZNK7Compass16get_filter_rangeEv @ 0xa9dd90
GUIDED: _ZNK16Compass_PerMotor7enabledEv @ 0xa9ddf0
GUIDED: _ZN7Compass13_get_priorityE14typesafe_indexIh14TAG_StateIndexE @ 0xa9de60
GUIDED: _ZN14AP_GPS_Backend15set_alt_amsl_cmERN6AP_GPS9GPS_StateEi @ 0x85f3a0
GUIDED: _ZN16JitterCorrection31correct_offboard_timestamp_usecEmm @ 0x85f5b0
GUIDED: _ZNK14AP_GPS_Backend10option_setEN6AP_GPS13DriverOptionsE @ 0xaa0ff0
GUIDED: _ZNK6AP_GPS10option_setENS_13DriverOptionsE @ 0xaa1060
GUIDED: _ZN6AP_RTC12set_utc_usecEmNS_11source_typeE @ 0x860020
GUIDED: _ZNK11GCS_MAVLINK14option_enabledENS_6OptionE @ 0xaa34f0
GUIDED: _ZNK16AP_SerialManager9UARTState12get_protocolEv @ 0xaa3570
GUIDED: _ZN2AP8PerfInfo13set_loop_rateEt @ 0x872540
GUIDED: _ZN2AP8PerfInfo5resetEv @ 0x872600
GUIDED: _ZN3GCS10send_textvE12MAV_SEVERITYPKcP13__va_list_tagh @ 0x872c30
GUIDED: _ZNK3GCS43min_loop_time_remaining_for_message_send_usEv @ 0xaa3d30
GUIDED: _ZNK3GCS26min_status_for_gps_healthyEv @ 0xaa3ec0
GUIDED: _ZL3MINImmEDTqultfp_fp0_fp_fp0_ERKT_RKT0_.6171 @ 0x873140
GUIDED: _ZN11ObjectArrayIN3GCS12statustext_tEE10push_forceERKS1_ @ 0xaa3f10
GUIDED: _ZN2AP11frsky_telemEv @ 0x8731c0
GUIDED: _ZN2AP14spektrum_telemEv @ 0x873200
GUIDED: _ZN9AP_Notify9send_textEPKc @ 0x873240
GUIDED: _ZN17AP_Spektrum_Telem13get_singletonEv @ 0xaa4050
GUIDED: _ZN14AP_Frsky_Telem13get_singletonEv @ 0xaa4090
GUIDED: _ZNK11ObjectArrayIN3GCS12statustext_tEE5spaceEv @ 0xaa40d0
GUIDED: _ZN11ObjectArrayIN3GCS12statustext_tEE4pushERKS1_ @ 0xaa4130
GUIDED: _ZN5Rover8set_modeEh10ModeReason @ 0x8732e0
GUIDED: _ZNK5Rover29current_mode_requires_missionEv @ 0xaa4270
GUIDED: _ZNK5Rover17get_wp_distance_mERf @ 0x873dc0
GUIDED: _ZNK5Rover18get_wp_bearing_degERf @ 0x873e70
GUIDED: _ZNK5Rover25get_wp_crosstrack_error_mERf @ 0x873f20
GUIDED: _ZN5Rover20set_control_channelsEv @ 0x874c20
GUIDED: _ZN5Rover18fence_checks_asyncEv @ 0x874f00
GUIDED: _ZN6AP_HAL15timeout_expiredIjjjEEbT_T0_T1_ @ 0xaa4390
GUIDED: _ZN8AC_Fence5checkEb @ 0x875020
GUIDED: _ZN8AC_Fence19clear_margin_breachEh @ 0x875430
GUIDED: _ZN5Rover2rcEv @ 0xaa44e0
GUIDED: _ZN10RC_Channel9set_angleEt @ 0x876170
GUIDED: _ZN8Sailboat10init_rc_inEv @ 0x876260
GUIDED: _ZN6AP_HAL8RCOutput15set_esc_scalingEtt @ 0xaa4530
GUIDED: _ZN12SRV_Channels19set_esc_scaling_forEN11SRV_Channel8FunctionE @ 0x8764c0
GUIDED: _ZNK5Rover13is_balancebotEv @ 0x876aa0
GUIDED: _ZN8AP_Param15save_io_handlerEv @ 0x877350
GUIDED: _ZN7FunctorIvJEE14method_wrapperI8AP_ParamXadL_ZNS2_15save_io_handlerEvEEEEvPv @ 0xaa46e0
GUIDED: _ZN15ObjectBuffer_TSIN8AP_Param10param_saveEE3popERS1_ @ 0xaa4790
GUIDED: _ZN5Rover11notify_modeEPK4Mode @ 0x877450
GUIDED: _ZN5Rover3gcsEv @ 0xaa4870
GUIDED: _ZN12SRV_Channels17enable_aux_servosEv @ 0x87b780
GUIDED: _ZL21failsafe_check_staticv @ 0x87d310
GUIDED: _ZN5Rover8set_modeER4Mode10ModeReason @ 0x87d8a0
GUIDED: _ZN5Rover18mode_from_mode_numEN4Mode6NumberE @ 0x87de10
GUIDED: _ZNK5Rover7is_boatEv @ 0x87e250
GUIDED: _ZN10RC_Channel16read_mode_switchEv @ 0x87e800
GUIDED: _ZN10RC_Channel16read_6pos_switchERa @ 0x87e880
GUIDED: _ZN10RC_Channel18debounce_completedEa @ 0x87e9e0
GUIDED: _ZN5Rover34Log_Write_Vehicle_Startup_MessagesEv @ 0x87ead0
GUIDED: _ZN7FunctorIvJEE14method_wrapperI5RoverXadL_ZNS2_34Log_Write_Vehicle_Startup_MessagesEvEEEEvPv @ 0xaa4c80
GUIDED: _ZN9AP_Logger10Write_ModeEh10ModeReason @ 0x87eb80
GUIDED: _ZN6AP_GPS36Write_AP_Logger_Log_Startup_messagesEv @ 0x87ec30
GUIDED: _ZN17AP_Logger_Backend10Write_ModeEh10ModeReason @ 0x87ed10
GUIDED: _ZN7AP_AHRS15set_fly_forwardEb @ 0xaa4db0
GUIDED: _ZN17AP_InertialSensor12BatchSampler21rotate_to_next_sensorEv @ 0x87fec0
GUIDED: _ZN17AP_InertialSensor12BatchSampler32update_doing_sensor_rate_loggingEv @ 0x880110
GUIDED: _ZL3MINIhhEDTqultfp_fp0_fp_fp0_ERKT_RKT0_.17357 @ 0x880250
GUIDED: _ZNK17AP_InertialSensor12BatchSampler10has_optionENS0_11batch_opt_tE @ 0xaa6240
GUIDED: _ZN17AP_InertialSensor12_gyro_offsetEh @ 0xaa62c0
GUIDED: _ZN17AP_InertialSensor12caltemp_gyroEh @ 0xaa6330
GUIDED: _ZN22AP_InertialSensor_SITL6updateEv @ 0x881a10
GUIDED: _ZN25AP_InertialSensor_Backend10accumulateEv @ 0xaa6450
GUIDED: _ZNK25AP_InertialSensor_Backend24get_gyro_backend_rate_hzEv @ 0xaa65c0
GUIDED: _ZN25AP_InertialSensor_Backend11set_primaryEb @ 0xaa6620
GUIDED: _ZNK25AP_InertialSensor_Backend21_gyro_raw_sample_rateEh @ 0xaa6670
GUIDED: _ZN22AP_InertialSensor_SITL12timer_updateEv @ 0x882190
GUIDED: _ZN7FunctorIvJEE14method_wrapperI22AP_InertialSensor_SITLXadL_ZNS2_12timer_updateEvEEEEvPv @ 0xaa6740
GUIDED: _ZN22AP_InertialSensor_SITL14generate_accelEv @ 0x882660
GUIDED: _ZN22AP_InertialSensor_SITL13generate_gyroEv @ 0x883640
GUIDED: _ZNK25AP_InertialSensor_Backend20enable_fast_samplingEh @ 0xaa67f0
GUIDED: _ZNK22AP_InertialSensor_SITL10gyro_driftEv @ 0x8840a0
GUIDED: _ZL7radiansd.17279 @ 0x8842a0
GUIDED: _ZL7radiansf.17280 @ 0x8842f0
GUIDED: _ZN22AP_InertialSensor_SITL15get_temperatureEv @ 0x8843d0
GUIDED: _ZNK22AP_InertialSensor_TCal15sitl_apply_gyroEfR7Vector3IfE @ 0x884570
GUIDED: _ZN25AP_InertialSensor_Backend35_notify_new_gyro_sensor_rate_sampleEhRK7Vector3IfE @ 0x884650
GUIDED: _ZN25AP_InertialSensor_Backend24_rotate_and_correct_gyroEhR7Vector3IfE @ 0x884850
GUIDED: _ZN25AP_InertialSensor_Backend27_notify_new_gyro_raw_sampleEhRK7Vector3IfEm @ 0x8849e0
GUIDED: _ZNK25AP_InertialSensor_Backend15has_been_killedEh @ 0xaa6880
GUIDED: _ZNK25AP_InertialSensor_Backend19_update_sensor_rateERtRjRf @ 0x885080
GUIDED: _ZN25AP_InertialSensor_Backend18apply_gyro_filtersEhRK7Vector3IfE @ 0x885250
GUIDED: _ZN25AP_InertialSensor_Backend12log_gyro_rawEhmRK7Vector3IfES3_ @ 0x885610
GUIDED: _ZN25AP_InertialSensor_Backend14update_primaryEv @ 0x8858a0
GUIDED: _ZNK17AP_InertialSensor22raw_logging_option_setENS_18RAW_LOGGING_OPTIONE @ 0xaa6900
GUIDED: _ZNK25AP_InertialSensor_Backend18should_log_imu_rawEv @ 0x885980
GUIDED: _ZNK17AP_InertialSensor12BatchSampler25doing_sensor_rate_loggingEv @ 0xaa6980
GUIDED: _ZNK17AP_InertialSensor12BatchSampler25doing_post_filter_loggingEv @ 0xaa69e0
GUIDED: _ZN17AP_InertialSensor12BatchSampler6sampleEhNS_15IMU_SENSOR_TYPEEmRK7Vector3IfE @ 0x885b90
GUIDED: _ZN17AP_InertialSensor12BatchSampler10should_logEhNS_15IMU_SENSOR_TYPEE @ 0x885ce0
GUIDED: _ZN25AP_InertialSensor_Backend16save_gyro_windowEhRK7Vector3IfEh @ 0x885e20
GUIDED: _ZN15LowPassFilter2pI7Vector3IfEE5applyERKS1_ @ 0xaa6cc0
GUIDED: _ZN19DigitalBiquadFilterI7Vector3IfEE5applyERKS1_RKNS2_13biquad_paramsE @ 0xaa6e10
GUIDED: _ZNK25AP_InertialSensor_Backend18sensors_convergingEv @ 0x8860e0
GUIDED: _ZNK22AP_InertialSensor_TCal12correct_gyroEffR7Vector3IfE @ 0x886210
GUIDED: _ZNK22AP_InertialSensor_TCal14correct_sensorEffPK9AP_ParamVI7Vector3IfEL11ap_var_type5EERS2_ @ 0x8862b0
GUIDED: _ZNK22AP_InertialSensor_TCal15polynomial_evalEfPK9AP_ParamVI7Vector3IfEL11ap_var_type5EE @ 0x8864c0
GUIDED: _ZNK22AP_InertialSensor_TCal16sitl_apply_accelEfR7Vector3IfE @ 0x889470
GUIDED: _ZN25AP_InertialSensor_Backend36_notify_new_accel_sensor_rate_sampleEhRK7Vector3IfE @ 0x889550
GUIDED: _ZN25AP_InertialSensor_Backend25_rotate_and_correct_accelEhR7Vector3IfE @ 0x889750
GUIDED: _ZN25AP_InertialSensor_Backend28_notify_new_accel_raw_sampleEhRK7Vector3IfEmb @ 0x889970
GUIDED: _ZN25AP_InertialSensor_Backend20_publish_temperatureEhf @ 0x889f20
GUIDED: _ZN17AP_InertialSensor27calc_vibration_and_clippingEhRK7Vector3IfEf @ 0x889fc0
GUIDED: _ZN17AP_InertialSensor19set_accel_peak_holdEhRK7Vector3IfE @ 0x88a240
GUIDED: _ZN25AP_InertialSensor_Backend13log_accel_rawEhmRK7Vector3IfE @ 0x88a320
GUIDED: _ZNK25AP_InertialSensor_Backend14get_clip_limitEv @ 0xaa7e30
GUIDED: _ZN13LowPassFilterI7Vector3IfEE5applyERKS1_RKf @ 0xaa7e80
GUIDED: _ZN10DigitalLPFI7Vector3IfEE6_applyERKS1_RKf @ 0xaa7f40
GUIDED: _ZNK22AP_InertialSensor_TCal13correct_accelEffR7Vector3IfE @ 0x88a700
GUIDED: _ZN25AP_InertialSensor_Backend12update_accelEh @ 0x88ab80
GUIDED: _ZN25AP_InertialSensor_Backend11update_gyroEh @ 0x88aca0
GUIDED: _ZN25AP_InertialSensor_Backend13_publish_gyroEhRK7Vector3IfE @ 0x88ae00
GUIDED: _ZN25AP_InertialSensor_Backend19update_gyro_filtersEh @ 0x88af70
GUIDED: _ZNK25AP_InertialSensor_Backend19_gyro_filter_cutoffEv @ 0xaa8210
GUIDED: _ZN25AP_InertialSensor_Backend14_publish_accelEhRK7Vector3IfE @ 0x88b3b0
GUIDED: _ZN25AP_InertialSensor_Backend20update_accel_filtersEh @ 0x88b5e0
GUIDED: _ZNK25AP_InertialSensor_Backend20_accel_filter_cutoffEv @ 0xaa84f0
GUIDED: _ZNK5Rover16gcs_mode_enabledEN4Mode6NumberE @ 0x88d170
GUIDED: _ZN4Mode5enterEv @ 0x88d1f0
GUIDED: _ZN8AC_Fence21manual_recovery_startEv @ 0x88d380
GUIDED: _ZN9AP_Camera16set_is_auto_modeEb @ 0xaa8990
GUIDED: _ZN4Mode4exitEv @ 0x88d410
GUIDED: _ZN8Sailboat10clear_tackEv @ 0x88d470
GUIDED: _ZNK10AP_Vehicle21block_GCS_mode_changeEhPKhh @ 0x88d4e0
GUIDED: _ZNK7AP_EnumIN13AP_OADatabase11OutputLevelEEcvKS1_Ev @ 0xaa9fb0
GUIDED: _ZN11AP_SmartRTL22run_background_cleanupEv @ 0x895f40
GUIDED: _ZN7FunctorIvJEE14method_wrapperI11AP_SmartRTLXadL_ZNS2_22run_background_cleanupEvEEEEvPv @ 0xaaa610
GUIDED: _ZN11AP_SmartRTL15routine_cleanupEtt @ 0x896210
GUIDED: _ZN11AP_SmartRTL22detect_simplificationsEv @ 0x8963e0
GUIDED: _ZN11AP_SmartRTL29restart_pruning_if_new_pointsEv @ 0x896930
GUIDED: _ZN11AP_SmartRTL12detect_loopsEv @ 0x8969a0
GUIDED: _ZN5Rover14failsafe_checkEv @ 0x897b00
GUIDED: _ZNK7AP_AHRS18get_yaw_rate_earthEv @ 0xab09c0
GUIDED: _ZNK12NavEKF3_core9getMagXYZER7Vector3IfE @ 0x8c3bc0
GUIDED: _ZNK12NavEKF3_core9getMagNEDER7Vector3IfE @ 0x8c3e40
GUIDED: _ZNK7Vector2IfEdvEf @ 0xab1e70
GUIDED: _ZNK14AP_GPS_Backend32supports_mavlink_gps_rtk_messageEv @ 0xab3050
GUIDED: _ZNK14AP_GPS_Blended7get_lagERf @ 0x8d0780
GUIDED: _ZNK14AP_GPS_Blended10is_healthyEv @ 0xab3210
GUIDED: _ZNK14AP_GPS_Backend36Write_AP_Logger_Log_Startup_messagesEv @ 0x8d0800
GUIDED: _ZN14AP_GPS_Backend18prepare_for_armingEv @ 0xab3310
GUIDED: _ZNK14AP_GPS_Backend18_detection_messageEPch @ 0x8d0870
GUIDED: _ZN7AP_Baro6updateEv @ 0x8d0e50
GUIDED: _ZNK7AP_Baro7healthyEv @ 0xab3620
GUIDED: _ZN15AP_Baro_Backend14backend_updateEh @ 0x8d1570
GUIDED: _ZN7AP_Baro24wind_pressure_correctionEh @ 0x8d15f0
GUIDED: _ZNK7AP_Baro15get_last_updateEv @ 0xab3680
GUIDED: _ZN16DerivativeFilterIfLh7EE6updateEfj @ 0xab36e0
GUIDED: _ZN7AP_Baro22update_field_elevationEv @ 0x8d1930
GUIDED: _ZNK7AP_Baro10should_logEv @ 0x8d1bb0
GUIDED: _ZN7AP_Baro10Write_BaroEv @ 0x8d1c60
GUIDED: _ZN7AP_Baro19Write_Baro_instanceEmh @ 0x8d1cf0
GUIDED: _ZNK7AP_Baro21get_baro_drift_offsetEv @ 0xab37c0
GUIDED: _ZNK7AP_Baro22get_ground_temperatureEv @ 0x8d1f10
GUIDED: _ZNK7AP_Baro22get_corrected_pressureEh @ 0xab3810
GUIDED: _ZN16FilterWithBufferIfLh7EE5applyEf @ 0xab3940
GUIDED: _ZNK6AP_HAL6OwnPtrINS_9I2CDeviceEEptEv @ 0xab8350
GUIDED: _ZN15AP_Compass_SITL6_timerEv @ 0x8f14d0
GUIDED: _ZN7FunctorIvJEE14method_wrapperI15AP_Compass_SITLXadL_ZNS2_6_timerEvEEEEvPv @ 0xabc5c0
GUIDED: _Z10rand_vec3fv @ 0x8f1a00
GUIDED: _ZN7VectorNIN15AP_Compass_SITL16readings_compassELh50EEixEh @ 0xabc670
GUIDED: _ZN15AP_Compass_SITL26_setup_eliptical_correcionEh @ 0x8f1a80
GUIDED: _ZNK18AP_Compass_Backend21get_board_orientationEv @ 0x8f1cb0
GUIDED: _ZN15AP_Compass_SITL4readEv @ 0x8f1d00
GUIDED: _ZN15AP_Baro_Backend17_copy_to_frontendEhff @ 0x8f60a0
GUIDED: _ZN12AP_Baro_SITL6_timerEv @ 0x8f7330
GUIDED: _ZN7FunctorIvJEE14method_wrapperI12AP_Baro_SITLXadL_ZNS2_6_timerEvEEEEvPv @ 0xabe240
GUIDED: _ZN7VectorNIN12AP_Baro_SITL13readings_baroELh50EEixEh @ 0xabe2f0
GUIDED: _ZN12AP_Baro_SITL22temperature_adjustmentERfS0_ @ 0x8f7720
GUIDED: _ZN12AP_Baro_SITL24wind_pressure_correctionEh @ 0x8f7910
GUIDED: _ZL2sqf.1777 @ 0x8f7b20
GUIDED: _ZN7AP_Baro22_get_air_density_ratioEv @ 0x8f7b70
GUIDED: _ZL2sqf.1757 @ 0x8f7c10
GUIDED: _ZN12AP_Baro_SITL6updateEv @ 0x8f7d00
GUIDED: _ZN12AP_Baro_SITL19update_healthy_flagEh @ 0xabe400
GUIDED: _ZN12AP_Baro_SITL7healthyEh @ 0x8f7db0
GUIDED: _ZNK22AP_BattMonitor_Backend17has_cell_voltagesEv @ 0xabf520
GUIDED: _ZNK22AP_BattMonitor_Backend15has_temperatureEv @ 0xabf570
GUIDED: _ZNK22AP_BattMonitor_Backend15get_temperatureERf @ 0x8f9d50
GUIDED: _ZNK22AP_BattMonitor_Backend22capacity_remaining_pctERh @ 0x8f9e10
GUIDED: _ZN22AP_BattMonitor_Backend26update_resistance_estimateEv @ 0x8f9f90
GUIDED: _ZN22AP_BattMonitor_Backend16update_failsafesEv @ 0x8fa2e0
GUIDED: _ZNK22AP_BattMonitor_Backend25get_mavlink_fault_bitmaskEv @ 0xabf620
GUIDED: _ZN21AP_BattMonitor_Analog4readEv @ 0x8fc2a0
GUIDED: _ZNK21AP_BattMonitor_Analog19has_consumed_energyEv @ 0xac0310
GUIDED: _ZNK21AP_BattMonitor_Analog11has_currentEv @ 0x8fc4a0
GUIDED: _ZN9AP_Notify19set_flight_mode_strEPKc @ 0x902ab0
GUIDED: _ZN6RGBLed6updateEv @ 0x908700
GUIDED: _ZN10IS31FL319510hw_set_rgbEhhh @ 0x908a90
GUIDED: _ZN6RGBLed8_set_rgbEhhh @ 0x908b30
GUIDED: _ZNK6RGBLed10rgb_sourceEv @ 0x908c40
GUIDED: _ZNK6RGBLed19get_colour_sequenceEv @ 0x908ea0
GUIDED: _ZNK6RGBLed14get_brightnessEv @ 0x909290
GUIDED: _ZN6RGBLed7set_rgbEhhh @ 0x909390
GUIDED: _ZN10IS31FL31956_timerEv @ 0x909450
GUIDED: _ZN7FunctorIvJEE14method_wrapperI10IS31FL3195XadL_ZNS2_6_timerEvEEEEvPv @ 0xac39c0
GUIDED: _ZN6LP556210hw_set_rgbEhhh @ 0x909940
GUIDED: _ZN6LP55626_timerEv @ 0x9099e0
GUIDED: _ZN7FunctorIvJEE14method_wrapperI6LP5562XadL_ZNS2_6_timerEvEEEEvPv @ 0xac3d30
GUIDED: _ZN14ToshibaLED_I2C10hw_set_rgbEhhh @ 0x90b760
GUIDED: _ZN14ToshibaLED_I2C6_timerEv @ 0x90b810
GUIDED: _ZN7FunctorIvJEE14method_wrapperI14ToshibaLED_I2CXadL_ZNS2_6_timerEvEEEEvPv @ 0xac4a40
GUIDED: _ZN8AR_WPNav44set_origin_and_destination_to_stopping_pointEv @ 0x90c3f0
GUIDED: _ZN8AR_WPNav21get_stopping_locationER8Location @ 0x90c7b0
GUIDED: _ZNK18AR_AttitudeControl21get_stopping_distanceEf @ 0x90c900
GUIDED: _ZNK7Vector2IfE10normalizedEv @ 0xac4dd0
GUIDED: _ZNK18AR_AttitudeControl13get_decel_maxEv @ 0x90c9c0
GUIDED: _ZL2sqf.11094 @ 0x90ca70
GUIDED: _ZN6SCurve4initEv @ 0x90d1b0
GUIDED: _ZN12AR_PivotTurn10deactivateEv @ 0xac4e30
GUIDED: _ZN6SCurve11add_segmentERhfNS_11SegmentTypeEffff @ 0x90fc50
GUIDED: _ZN7FunctorIvJEE14method_wrapperI5RoverXadL_ZNS2_10read_radioEvEEEEvPv @ 0xac4f70
GUIDED: _ZN7FunctorIvJEE14method_wrapperI5RoverXadL_ZNS2_11ahrs_updateEvEEEEvPv @ 0xac5020
GUIDED: _ZN7FunctorIvJEE14method_wrapperI5RoverXadL_ZNS2_17read_rangefindersEvEEEEvPv @ 0xac50d0
GUIDED: _ZN7FunctorIvJEE14method_wrapperI14AP_OpticalFlowXadL_ZNS2_6updateEvEEEEvPv @ 0xac5180
GUIDED: _ZN7FunctorIvJEE14method_wrapperI5RoverXadL_ZNS2_19update_current_modeEvEEEEvPv @ 0xac5230
GUIDED: _ZN7FunctorIvJEE14method_wrapperI5RoverXadL_ZNS2_10set_servosEvEEEEvPv @ 0xac52e0
GUIDED: _ZN7FunctorIvJEE14method_wrapperI6AP_GPSXadL_ZNS2_6updateEvEEEEvPv @ 0xac5390
GUIDED: _ZN7FunctorIvJEE14method_wrapperI7AP_BaroXadL_ZNS2_6updateEvEEEEvPv @ 0xac5440
GUIDED: _ZN7FunctorIvJEE14method_wrapperI9AP_BeaconXadL_ZNS2_6updateEvEEEEvPv @ 0xac54f0
GUIDED: _ZN7FunctorIvJEE14method_wrapperI12AP_ProximityXadL_ZNS2_6updateEvEEEEvPv @ 0xac55a0
GUIDED: _ZN7FunctorIvJEE14method_wrapperI11AP_WindVaneXadL_ZNS2_6updateEvEEEEvPv @ 0xac5650
GUIDED: _ZN7FunctorIvJEE14method_wrapperI5RoverXadL_ZNS2_20update_wheel_encoderEvEEEEvPv @ 0xac5700
GUIDED: _ZN7FunctorIvJEE14method_wrapperI5RoverXadL_ZNS2_14update_compassEvEEEEvPv @ 0xac57b0
GUIDED: _ZN7FunctorIvJEE14method_wrapperI5RoverXadL_ZNS2_15update_logging1EvEEEEvPv @ 0xac5860
GUIDED: _ZN7FunctorIvJEE14method_wrapperI5RoverXadL_ZNS2_15update_logging2EvEEEEvPv @ 0xac5910
GUIDED: _ZN7FunctorIvJEE14method_wrapperI3GCSXadL_ZNS2_14update_receiveEvEEEEvPv @ 0xac59c0
GUIDED: _ZN7FunctorIvJEE14method_wrapperI3GCSXadL_ZNS2_11update_sendEvEEEEvPv @ 0xac5a70
GUIDED: _ZN7FunctorIvJEE14method_wrapperI11RC_ChannelsXadL_ZNS2_16read_mode_switchEvEEEEvPv @ 0xac5b20
GUIDED: _ZN7FunctorIvJEE14method_wrapperI11RC_ChannelsXadL_ZNS2_12read_aux_allEvEEEEvPv @ 0xac5bc0
GUIDED: _ZN7FunctorIvJEE14method_wrapperI14AP_BattMonitorXadL_ZNS2_4readEvEEEEvPv @ 0xac5c70
GUIDED: _ZN7FunctorIvJEE14method_wrapperI19AP_ServoRelayEventsXadL_ZNS2_13update_eventsEvEEEEvPv @ 0xac5d20
GUIDED: _ZN7FunctorIvJEE14method_wrapperI5RoverXadL_ZNS2_15update_preclandEvEEEEvPv @ 0xac5dd0
GUIDED: _ZN7FunctorIvJEE14method_wrapperI8AP_MountXadL_ZNS2_6updateEvEEEEvPv @ 0xac5e80
GUIDED: _ZN7FunctorIvJEE14method_wrapperI9AP_CameraXadL_ZNS2_6updateEvEEEEvPv @ 0xac5f30
GUIDED: _ZN7FunctorIvJEE14method_wrapperI5RoverXadL_ZNS2_18gcs_failsafe_checkEvEEEEvPv @ 0xac5fe0
GUIDED: _ZN7FunctorIvJEE14method_wrapperI5RoverXadL_ZNS2_11fence_checkEvEEEEvPv @ 0xac6090
GUIDED: _ZN7FunctorIvJEE14method_wrapperI5RoverXadL_ZNS2_9ekf_checkEvEEEEvPv @ 0xac6140
GUIDED: _ZN7FunctorIvJEE14method_wrapperI12ModeSmartRTLXadL_ZNS2_13save_positionEvEEEEvPv @ 0xac61f0
GUIDED: _ZN7FunctorIvJEE14method_wrapperI5RoverXadL_ZNS2_15one_second_loopEvEEEEvPv @ 0xac62a0
GUIDED: _ZN7FunctorIvJEE14method_wrapperI10AC_SprayerXadL_ZNS2_6updateEvEEEEvPv @ 0xac6350
GUIDED: _ZN7FunctorIvJEE14method_wrapperI9AP_LoggerXadL_ZNS2_14periodic_tasksEvEEEEvPv @ 0xac6400
GUIDED: _ZN7FunctorIvJEE14method_wrapperI17AP_InertialSensorXadL_ZNS2_8periodicEvEEEEvPv @ 0xac64b0
GUIDED: _ZN7FunctorIvJEE14method_wrapperI12AP_SchedulerXadL_ZNS2_14update_loggingEvEEEEvPv @ 0xac6560
GUIDED: _ZN7FunctorIvJEE14method_wrapperI9AP_ButtonXadL_ZNS2_6updateEvEEEEvPv @ 0xac6610
GUIDED: _ZN7FunctorIvJEE14method_wrapperI5RoverXadL_ZNS2_11crash_checkEvEEEEvPv @ 0xac66c0
GUIDED: _ZN7FunctorIvJEE14method_wrapperI5RoverXadL_ZNS2_19cruise_learn_updateEvEEEEvPv @ 0xac6770
GUIDED: _ZN5Rover19cruise_learn_updateEv @ 0x910a00
GUIDED: _ZNK18AR_AttitudeControl17get_forward_speedERf @ 0x910b60
GUIDED: _ZNK7AP_AHRS7cos_yawEv @ 0xac6890
GUIDED: _ZNK7AP_AHRS7sin_yawEv @ 0xac68e0
GUIDED: _ZN5Rover11crash_checkEv @ 0x910f70
GUIDED: _ZN9AP_Button6updateEv @ 0x911350
GUIDED: _ZN12AP_Scheduler14update_loggingEv @ 0x911fd0
GUIDED: _ZN12AP_Scheduler11debug_flagsEv @ 0xac6ac0
GUIDED: _ZN12AP_Scheduler21Log_Write_PerformanceEv @ 0x912240
GUIDED: _ZN2AP8PerfInfo13has_task_infoEv @ 0xac6b20
GUIDED: _ZNK2AP8PerfInfo20get_num_long_runningEv @ 0x912450
GUIDED: _ZNK2AP8PerfInfo13get_num_loopsEv @ 0x9124a0
GUIDED: _ZNK2AP8PerfInfo12get_max_timeEv @ 0x9124f0
GUIDED: _ZN12AP_Scheduler12load_averageEv @ 0x912540
GUIDED: _ZNK16AP_InternalError5countEv @ 0xac6b80
GUIDED: _ZN17AP_InertialSensor8periodicEv @ 0x912780
GUIDED: _ZN17AP_InertialSensor12BatchSampler8periodicEv @ 0x9127e0
GUIDED: _ZN17AP_InertialSensor12BatchSampler16push_data_to_logEv @ 0x912860
GUIDED: _ZNK17AP_InertialSensor12BatchSampler10Write_ISBHEf @ 0x912af0
GUIDED: _ZNK17AP_InertialSensor12BatchSampler10Write_ISBDEv @ 0x912c50
GUIDED: _ZN9AP_Logger14periodic_tasksEv @ 0x912e00
GUIDED: _ZN10AC_Sprayer6updateEv @ 0x912ea0
GUIDED: _ZN5Rover15one_second_loopEv @ 0x9132f0
GUIDED: _ZN5Rover20handle_auto_arm_onceEv @ 0x913530
GUIDED: _ZN10AP_Vehicle17set_likely_flyingEb @ 0xac6c90
GUIDED: _ZN8AR_WPNav15set_turn_paramsEfb @ 0x9137d0
GUIDED: _ZN13AR_PosControl15set_turn_paramsEfb @ 0x913880
GUIDED: _ZN19AP_WheelRateControl21set_notch_sample_rateEf @ 0x913920
GUIDED: _ZN8AP_Stats10set_flyingEb @ 0x9139b0
GUIDED: _ZN6AC_PID21set_notch_sample_rateEf @ 0x913a80
GUIDED: _ZN12AR_PivotTurn6enableEb @ 0x913e60
GUIDED: _ZN12ModeSmartRTL13save_positionEv @ 0x913ed0
GUIDED: _ZN11AP_SmartRTL6updateEbb @ 0x913f60
GUIDED: _ZN11AP_SmartRTL6updateEbRK7Vector3IfE @ 0x914060
GUIDED: _ZN5Rover9ekf_checkEv @ 0x914190
GUIDED: _ZN5Rover22failsafe_ekf_off_eventEv @ 0x9143f0
GUIDED: _ZN5Rover18ekf_over_thresholdEv @ 0x914490
GUIDED: _ZN5Rover11fence_checkEv @ 0x914800
GUIDED: _ZN5Rover18gcs_failsafe_checkEv @ 0x914ab0
GUIDED: _ZN5Rover16failsafe_triggerEhPKcb @ 0x914be0
GUIDED: _ZN9AP_Camera6updateEv @ 0x915070
GUIDED: _ZN8AP_Mount6updateEv @ 0x915130
GUIDED: _ZN5Rover15update_preclandEv @ 0x9151e0
GUIDED: _ZN11AC_PrecLand6updateEfb @ 0x915240
GUIDED: _ZN14AP_BattMonitor4readEv @ 0x9178c0
GUIDED: _ZN9AP_Logger11Write_PowerEv @ 0x917af0
GUIDED: _ZNK22AP_BattMonitor_Backend13Log_Write_BATEhm @ 0x917b40
GUIDED: _ZNK22AP_BattMonitor_Backend13Log_Write_BCLEhm @ 0x917de0
GUIDED: _ZN14AP_BattMonitor15check_failsafesEv @ 0x917fe0
GUIDED: _ZN14AP_BattMonitor16checkPoweringOffEv @ 0x9182f0
GUIDED: _ZNK22AP_BattMonitor_Backend23get_state_of_health_pctERh @ 0x918450
GUIDED: _ZN11RC_Channels12read_aux_allEv @ 0x9184e0
GUIDED: _ZN10RC_Channel8read_auxEv @ 0x9185d0
GUIDED: _ZN9AP_Logger10Write_RCINEv @ 0x9187d0
GUIDED: _ZN11RC_Channels12get_radio_inEPth @ 0x9189c0
GUIDED: _ZNK11RC_Channels17get_override_maskEv @ 0x918ab0
GUIDED: _ZL3MINIhiEDTqultfp_fp0_fp_fp0_ERKT_RKT0_.6266 @ 0x918b70
GUIDED: _ZN5Rover15update_logging2Ev @ 0x918f80
GUIDED: _ZN5Rover10should_logEj @ 0x919090
GUIDED: _ZN5Rover18Log_Write_SteeringEv @ 0x919100
GUIDED: _ZN5Rover12Log_Write_RCEv @ 0x919250
GUIDED: _ZNK15AP_WheelEncoder9Log_WriteEv @ 0x9192f0
GUIDED: _ZNK17AP_InertialSensor15Write_VibrationEv @ 0x919400
GUIDED: _ZN10AP_GyroFFT18write_log_messagesEv @ 0x919520
GUIDED: _ZN8AP_Mount9write_logEv @ 0x919750
GUIDED: _ZNK17AP_InertialSensor20get_accel_clip_countEh @ 0x919c50
GUIDED: _ZNK15AP_WheelEncoder7enabledEh @ 0x919cf0
GUIDED: _ZN9AP_Logger11Write_RCOUTEv @ 0x91a030
GUIDED: _ZNK18AR_AttitudeControl13get_lat_accelERf @ 0x91a6e0
GUIDED: _ZNK18AR_AttitudeControl21get_desired_turn_rateEv @ 0x91a790
GUIDED: _ZL7degreesf.48 @ 0x91a830
GUIDED: _ZN5Rover15update_logging1Ev @ 0x91a880
GUIDED: _ZN5Rover18Log_Write_AttitudeEv @ 0x91aa60
GUIDED: _ZN5Rover14Log_Write_SailEv @ 0x91ac50
GUIDED: _ZN5Rover18Log_Write_ThrottleEv @ 0x91ae50
GUIDED: _ZN9AP_Beacon3logEv @ 0x91af90
GUIDED: _ZN5Rover20Log_Write_Nav_TuningEv @ 0x91b0d0
GUIDED: _ZNK13AR_PosControl9is_activeEv @ 0x91b1c0
GUIDED: _ZN9AP_Logger9Write_PIDEhRK10AP_PIDInfo @ 0x91b4c0
GUIDED: _ZN12AP_Proximity3logEv @ 0x91b650
GUIDED: _ZNK12AP_Proximity12distance_maxEv @ 0x91b980
GUIDED: _ZNK12AP_Proximity19get_upward_distanceERf @ 0x91bc40
GUIDED: _ZNK18AR_AttitudeControl17get_desired_speedEv @ 0x91c430
GUIDED: _ZNK18AR_AttitudeControl20speed_control_activeEv @ 0x91c4b0
GUIDED: _ZNK18AR_AttitudeControl17get_desired_pitchEv @ 0x91c6c0
GUIDED: _ZNK7AP_AHRS14Write_AttitudeERK7Vector3IfE @ 0x91c760
GUIDED: _ZN7AP_AHRS9Log_WriteEv @ 0x91c870
GUIDED: _ZNK18AR_AttitudeControl27get_throttle_speed_pid_infoEv @ 0xac7b00
GUIDED: _ZN7NavEKF29Log_WriteEv @ 0x91c900
GUIDED: _ZN7NavEKF39Log_WriteEv @ 0x91ca10
GUIDED: _ZNK7AP_AHRS11Write_AHRS2Ev @ 0x91cb20
GUIDED: _ZNK7AP_AHRS9Write_POSEv @ 0x91cd00
GUIDED: _ZN4SITL3SIM18Log_Write_SIMSTATEEv @ 0x91ce60
GUIDED: _ZNK7AP_AHRS36get_relative_position_D_origin_floatERf @ 0x91cff0
GUIDED: _ZNK7AP_AHRS22get_secondary_attitudeER7Vector3IfE @ 0xac7bf0
GUIDED: _ZNK7AP_AHRS22get_secondary_positionER8Location @ 0xac7c70
GUIDED: _ZNK7AP_AHRS24get_secondary_quaternionER11QuaternionTIfE @ 0xac7cf0
GUIDED: _ZL7degreesf.1448 @ 0x91d080
GUIDED: _ZN12NavEKF3_core9Log_WriteEm @ 0x91d0d0
GUIDED: _ZNK7AP_EnumIN7NavEKF38LogLevelEEcvKS1_Ev @ 0xac7d70
GUIDED: _ZNK12NavEKF3_core14Log_Write_XKF4Em @ 0x91d220
GUIDED: _ZN12NavEKF3_core13Log_Write_GSFEm @ 0x91d570
GUIDED: _ZNK12NavEKF3_core14Log_Write_XKF1Em @ 0x91d620
GUIDED: _ZNK12NavEKF3_core14Log_Write_XKF2Em @ 0x91d8f0
GUIDED: _ZNK12NavEKF3_core14Log_Write_XKF3Em @ 0x91db90
GUIDED: _ZNK12NavEKF3_core14Log_Write_XKF5Em @ 0x91ddf0
GUIDED: _ZNK12NavEKF3_core14Log_Write_XKFSEm @ 0x91e050
GUIDED: _ZNK12NavEKF3_core20Log_Write_QuaternionEm @ 0x91e160
GUIDED: _ZN12NavEKF3_core16Log_Write_BeaconEm @ 0x91e240
GUIDED: _ZN12NavEKF3_core18Log_Write_BodyOdomEm @ 0x91e530
GUIDED: _ZN12NavEKF3_core25Log_Write_State_VariancesEm @ 0x91e6a0
GUIDED: _ZN12NavEKF3_core16Log_Write_TimingEm @ 0x91e9c0
GUIDED: _ZNK6AP_DAL12logging_coreEh @ 0x91eb20
GUIDED: _ZL3MAXIjjEDTqugtfp_fp0_fp_fp0_ERKT_RKT0_ @ 0x91eb70
GUIDED: _ZNK16AP_NavEKF_Source21getPosVelYawSourceSetEv @ 0xac7dc0
GUIDED: _ZL3MAXIddEDTqugtfp_fp0_fp_fp0_ERKT_RKT0_.4083 @ 0x91ebf0
GUIDED: _ZL3MINIdiEDTqultfp_fp0_fp_fp0_ERKT_RKT0_.4084 @ 0x91ec70
GUIDED: _ZNK12NavEKF3_core14getInnovationsER7Vector3IfES2_S2_RfS3_ @ 0x91ed10
GUIDED: _ZL7degreesf.4081 @ 0x91ef10
GUIDED: _ZNK12NavEKF3_core26getSynthAirDataInnovationsER7Vector2IfERf @ 0x91ef60
GUIDED: _ZNK12NavEKF3_core20getPosDownDerivativeEv @ 0x91f030
GUIDED: _ZN10EKFGSF_yaw9Log_WriteEm11LogMessagesS0_h @ 0x91f090
GUIDED: _ZL7degreesf.17657 @ 0x91f410
GUIDED: _ZL3MAXIffEDTqugtfp_fp0_fp_fp0_ERKT_RKT0_.17658 @ 0x91f460
GUIDED: _ZL3MAXIdfEDTqugtfp_fp0_fp_fp0_ERKT_RKT0_.4082 @ 0x91f4e0
GUIDED: _ZN5Rover14update_compassEv @ 0x921070
GUIDED: _ZN5Rover20update_wheel_encoderEv @ 0x9210d0
GUIDED: _ZN11AP_WindVane6updateEv @ 0x921a10
GUIDED: _ZN12AP_Proximity6updateEv @ 0x922630
GUIDED: _ZNK12AP_Proximity15get_filter_freqEv @ 0xac7e80
GUIDED: _ZN24AP_Proximity_Boundary_3D15set_filter_freqEf @ 0xac7ee0
GUIDED: _ZN24AP_Proximity_Boundary_3D18check_face_timeoutEv @ 0x922700
GUIDED: _ZN9AP_Beacon6updateEv @ 0x922860
GUIDED: _ZN6AP_GPS6updateEv @ 0x922f70
GUIDED: _ZN6AP_GPS15update_instanceEh @ 0x9230f0
GUIDED: _ZN6AP_GPS14update_primaryEv @ 0x923890
GUIDED: _ZN14AP_GPS_Blended19zero_health_counterEv @ 0xac7f50
GUIDED: _ZN6AP_GPS9Write_GPSEh @ 0x925060
GUIDED: _ZL3MINIfiEDTqultfp_fp0_fp_fp0_ERKT_RKT0_.2521 @ 0x9254a0
GUIDED: _ZNK6AP_GPS26last_message_delta_time_msEh @ 0xac8000
GUIDED: _ZNK6AP_GPS10should_logEv @ 0x925540
GUIDED: _ZN6AP_GPS16send_blob_updateEh @ 0x9266c0
GUIDED: _ZN14AP_GPS_Backend14check_new_itowEjj @ 0x92b410
GUIDED: _ZN12AP_GPS_UBLOX20_request_next_configEv @ 0x92f600
GUIDED: _ZN12AP_GPS_UBLOX21_request_message_rateEhh @ 0x9300a0
GUIDED: _ZN12AP_GPS_UBLOX13_request_portEv @ 0x930160
GUIDED: _ZN12AP_GPS_UBLOX13_send_messageEhhPKvt @ 0x9301f0
GUIDED: _ZN12AP_GPS_UBLOX16_update_checksumEPhtRhS1_ @ 0x9310b0
GUIDED: _ZN12AP_GPS_UBLOX4readEv @ 0x9311e0
GUIDED: _ZNK12AP_GPS_UBLOX13is_configuredEv @ 0xac8e80
GUIDED: _ZNK12AP_GPS_UBLOX7get_lagERf @ 0x9318c0
GUIDED: _ZNK12AP_GPS_UBLOX10is_healthyEv @ 0x931a50
GUIDED: _ZNK12AP_GPS_UBLOX4nameEv @ 0xac8ed0
GUIDED: _ZNK12AP_GPS_UBLOX36Write_AP_Logger_Log_Startup_messagesEv @ 0x931b50
GUIDED: _ZL3MINIjjEDTqultfp_fp0_fp_fp0_ERKT_RKT0_.2814 @ 0x931ea0
GUIDED: _ZN12AP_GPS_UBLOXUt_ixEm @ 0xac8f90
GUIDED: _ZN12AP_GPS_UBLOX10_parse_gpsEv @ 0x931f20
GUIDED: _ZN12AP_GPS_UBLOX15_check_new_itowEj @ 0x9353e0
GUIDED: _ZN12AP_GPS_UBLOX23_configure_message_rateEhhh @ 0x935460
GUIDED: _ZN5Rover10set_servosEv @ 0x93ca60
GUIDED: _ZN12AP_MotorsUGV6outputEbff @ 0x93cd40
GUIDED: _ZN12AP_MotorsUGV23sanity_check_parametersEv @ 0x93ceb0
GUIDED: _ZN12AP_MotorsUGV19slew_limit_throttleEf @ 0x93cfd0
GUIDED: _ZN12AP_MotorsUGV14output_regularEbfff @ 0x93d0b0
GUIDED: _ZN12AP_MotorsUGV20output_skid_steeringEbfff @ 0x93d510
GUIDED: _ZN12AP_MotorsUGV11output_omniEbfff @ 0x93dc50
GUIDED: _ZN12AP_MotorsUGV11output_sailEv @ 0x93dfe0
GUIDED: _ZN12SRV_Channels8calc_pwmEv @ 0x93e080
GUIDED: _ZN12SRV_Channels13output_ch_allEv @ 0x93e2a0
GUIDED: _ZN12AP_MotorsUGV21set_limits_from_inputEbff @ 0x93e350
GUIDED: _ZN12AP_MotorsUGV15output_throttleEN11SRV_Channel8FunctionEff @ 0x93e540
GUIDED: _ZNK12AP_MotorsUGV19get_scaled_throttleEf @ 0x93e930
GUIDED: _ZN12AP_MotorsUGV28get_rate_controlled_throttleEN11SRV_Channel8FunctionEff @ 0x93eca0
GUIDED: _ZN6AC_PID12reset_filterEv @ 0xaca7c0
GUIDED: _ZN6AC_PID7reset_IEv @ 0x93f1f0
GUIDED: _ZNK12AP_MotorsUGV20have_vectored_thrustEv @ 0xacaa80
GUIDED: _ZNK12AP_MotorsUGV25get_slew_limited_throttleEff @ 0x940590
GUIDED: _ZN5Rover19update_current_modeEv @ 0x940d30
GUIDED: _ZN14AP_OpticalFlow6updateEv @ 0x940e40
GUIDED: _ZN5Rover17read_rangefindersEv @ 0x9423f0
GUIDED: _ZN11RangeFinder6updateEv @ 0x942460
GUIDED: _ZN5Rover15Log_Write_DepthEv @ 0x942580
GUIDED: _ZNK11RangeFinder8Log_RFNDEv @ 0x9427e0
GUIDED: _ZN5Rover11ahrs_updateEv @ 0x942920
GUIDED: _ZN5Rover22update_ahrs_flyforwardEv @ 0x942b30
GUIDED: _ZN9AP_Follow16update_estimatesEv @ 0x942d20
GUIDED: _ZNK17AP_InertialSensor9Write_IMUEv @ 0x943b50
GUIDED: _ZL3MAXIhhEDTqugtfp_fp0_fp_fp0_ERKT_RKT0_ @ 0x943d60
GUIDED: _ZNK17AP_InertialSensor18Write_IMU_instanceEmh @ 0x943de0
GUIDED: _ZNK17AP_InertialSensor16get_gyro_rate_hzEh @ 0xacab30
GUIDED: _ZNK17AP_InertialSensor17get_accel_rate_hzEh @ 0xacabb0
GUIDED: _ZN9AP_Follow32clear_dist_and_bearing_to_targetEv @ 0x943f70
GUIDED: _ZL2sqf.3224 @ 0x944fe0
GUIDED: _ZL3MINIffEDTqultfp_fp0_fp_fp0_ERKT_RKT0_.1431 @ 0x945810
GUIDED: _ZN5Rover10read_radioEv @ 0x9458a0
GUIDED: _ZN11RC_Channels10read_inputEv @ 0x945950
GUIDED: _ZN5Rover20radio_failsafe_checkEt @ 0x945a80
GUIDED: _ZN10RC_Channel6updateEv @ 0x945b80
GUIDED: _ZN11RC_Channels23rudder_arm_disarm_checkEv @ 0x945cf0
GUIDED: _ZNK11RC_Channels19has_had_rc_receiverEv @ 0xacad90
GUIDED: _ZNK10RC_Channel12pwm_to_angleEv @ 0x945f60
GUIDED: _ZNK10RC_Channel15pwm_to_angle_dzEt @ 0x945fd0
GUIDED: _ZNK10RC_Channel20pwm_to_angle_dz_trimEtt @ 0x946060
GUIDED: _ZN5Rover8set_modeEN4Mode6NumberE10ModeReason @ 0x946450
GUIDED: _ZNK4Mode13allows_armingEv @ 0xacbee0
GUIDED: _ZNK4Mode16has_manual_inputEv @ 0xacbf30
GUIDED: _ZNK4Mode19attitude_stabilizedEv @ 0xacbf80
GUIDED: _ZNK4Mode17requires_positionEv @ 0xacbfd0
GUIDED: _ZN4Mode18init_reversed_flagEv @ 0xacc1d0
GUIDED: _ZNK18AR_AttitudeControl31get_desired_speed_accel_limitedEff @ 0x947b40
GUIDED: _ZN18AR_AttitudeControl21get_throttle_out_stopEbbfffRb @ 0x948190
GUIDED: _ZN12AP_MotorsUGV12set_throttleEf @ 0x9488d0
GUIDED: _ZN8Sailboat11relax_sailsEv @ 0x9490a0
GUIDED: _ZN12AP_MotorsUGV12set_mainsailEf @ 0x949980
GUIDED: _ZN12AP_MotorsUGV12set_wingsailEf @ 0x949a90
GUIDED: _ZN12AP_MotorsUGV17set_mast_rotationEf @ 0x949ba0
GUIDED: _ZNK18AR_AttitudeControl13get_accel_maxEv @ 0xaccd00
GUIDED: _ZNK18AR_AttitudeControl22get_turn_lat_accel_maxEv @ 0xacce30
GUIDED: _ZN13AR_PosControl10set_limitsEffff @ 0x94f450
GUIDED: _ZL3MAXIfiEDTqugtfp_fp0_fp_fp0_ERKT_RKT0_.11114 @ 0x94fb50
GUIDED: _ZL3MINIffEDTqultfp_fp0_fp_fp0_ERKT_RKT0_.11113 @ 0x94fbf0
GUIDED: _ZN7AC_P_2D10set_limitsEfff @ 0x94fc80
GUIDED: _ZL3MINIffEDTqultfp_fp0_fp_fp0_ERKT_RKT0_.18776 @ 0x94fe20
GUIDED: _Z19inv_sqrt_controllerfff @ 0x94feb0
GUIDED: _ZL3MAXI9AP_ParamTIfL11ap_var_type4EEfEDTqugtfp_fp0_fp_fp0_ERKT_RKT0_ @ 0x9500f0
GUIDED: _ZL3MAXI9AP_ParamTIfL11ap_var_type4EEfEDTqugtfp_fp0_fp_fp0_ERKT_RKT0_.1138 @ 0x950180
GUIDED: _ZN4Mode12set_reversedEb @ 0x950290
GUIDED: _ZN8AR_WPNav12set_reversedEb @ 0xaccfd0
GUIDED: _ZN4Mode12stop_vehicleEv @ 0x950790
GUIDED: _ZN12AP_MotorsUGV12set_steeringEfb @ 0x950b70
GUIDED: _ZN8AR_WPNav4initEf @ 0x955270
GUIDED: _ZL3MAXIffEDTqugtfp_fp0_fp_fp0_ERKT_RKT0_.11144 @ 0x9555d0
GUIDED: _ZL3MINIffEDTqultfp_fp0_fp_fp0_ERKT_RKT0_.11154 @ 0x955650
GUIDED: _ZN8AR_WPNav19set_nudge_speed_maxEf @ 0x955770
GUIDED: _ZNK10ModeGuided20get_desired_locationER8Location @ 0x960ff0
GUIDED: _ZNK10ModeGuided27get_distance_to_destinationEv @ 0x961220
GUIDED: _ZNK10ModeGuided21get_desired_lat_accelEv @ 0x9612f0
GUIDED: _ZNK10ModeGuided16crosstrack_errorEv @ 0x961430
GUIDED: _ZNK10ModeGuided11nav_bearingEv @ 0x961510
GUIDED: _ZNK10ModeGuided10wp_bearingEv @ 0x9616b0
GUIDED: _ZN10ModeGuided6updateEv @ 0x961f90
GUIDED: _ZNK10ModeGuided11mode_numberEv @ 0xacfa10
GUIDED: _ZNK10ModeGuided5name4Ev @ 0xacfa60
GUIDED: _ZNK10ModeGuided17is_autopilot_modeEv @ 0xacfab0
GUIDED: _ZN10ModeGuided6_enterEv @ 0x963930
GUIDED: _ZN10ModeGuided10start_stopEv @ 0x9639f0
GUIDED: _ZN10ModeManual5_exitEv @ 0x964450
GUIDED: _ZN12AP_MotorsUGV11set_lateralEf @ 0x9644b0
GUIDED: _ZNK14AP_BattMonitor22capacity_remaining_pctERhh @ 0x964ed0
GUIDED: _ZNK9GCS_Rover11custom_modeEv @ 0x9655c0
GUIDED: _ZNK9GCS_Rover10frame_typeEv @ 0x965620
GUIDED: _ZN9GCS_Rover4chanEh @ 0xad0520
GUIDED: _ZNK9GCS_Rover19vehicle_initialisedEv @ 0x9656a0
GUIDED: _ZN9GCS_Rover34update_vehicle_sensor_status_flagsEv @ 0x965850
GUIDED: _ZN11GCS_MAVLINK14packetReceivedERK16__mavlink_statusRK17__mavlink_message @ 0x965c50
GUIDED: _ZNK11GCS_MAVLINK13mission_stateERK10AP_Mission @ 0x965e50
GUIDED: _ZNK17GCS_MAVLINK_Rover16send_rangefinderEv @ 0x965f30
GUIDED: _ZNK17GCS_MAVLINK_Rover26send_nav_controller_outputEv @ 0x966070
GUIDED: _ZN17GCS_MAVLINK_Rover15send_pid_tuningEv @ 0x9661e0
GUIDED: _ZN11GCS_MAVLINK21send_scaled_pressure3Ev @ 0x966b20
GUIDED: _ZNK11GCS_MAVLINK13send_attitudeEv @ 0x966b80
GUIDED: _ZN17GCS_MAVLINK_Rover31send_position_target_global_intEv @ 0x966d50
GUIDED: _ZNK11GCS_MAVLINK17send_winch_statusEv @ 0xad08b0
GUIDED: _ZNK17GCS_MAVLINK_Rover9base_modeEv @ 0x9670d0
GUIDED: _ZNK17GCS_MAVLINK_Rover21vehicle_system_statusEv @ 0x967220
GUIDED: _ZNK11GCS_MAVLINK19persist_streamratesEv @ 0xad09a0
GUIDED: _ZN17GCS_MAVLINK_Rover25handle_command_int_packetERK23__mavlink_command_int_tRK17__mavlink_message @ 0x9673b0
GUIDED: _ZN11GCS_MAVLINK35handle_command_component_arm_disarmERK23__mavlink_command_int_t @ 0x9676c0
GUIDED: _ZN17GCS_MAVLINK_Rover14handle_messageERK17__mavlink_message @ 0x967a60
GUIDED: _ZN17GCS_MAVLINK_Rover16try_send_messageE10ap_message @ 0x968c90
GUIDED: _ZN11GCS_MAVLINK24send_global_position_intEv @ 0x968ee0
GUIDED: _ZNK11GCS_MAVLINK23global_position_int_altEv @ 0x969060
GUIDED: _ZNK11GCS_MAVLINK32global_position_int_relative_altEv @ 0x9690c0
GUIDED: _ZNK11GCS_MAVLINK17vfr_hud_climbrateEv @ 0x969130
GUIDED: _ZNK11GCS_MAVLINK16vfr_hud_airspeedEv @ 0x9691f0
GUIDED: _ZNK17GCS_MAVLINK_Rover16vfr_hud_throttleEv @ 0x969290
GUIDED: _ZNK11GCS_MAVLINK11vfr_hud_altEv @ 0x9692f0
GUIDED: _ZN11GCS_MAVLINK35convert_COMMAND_LONG_to_COMMAND_INTERK24__mavlink_command_long_tR23__mavlink_command_int_t9MAV_FRAME @ 0x969710
GUIDED: _ZN11GCS_MAVLINK28command_long_stores_locationE7MAV_CMD @ 0x969ca0
GUIDED: _ZL30convert_COMMAND_LONG_loc_paramfb @ 0x969d80
GUIDED: _ZL7degreesf.11 @ 0x969e30
GUIDED: _ZL3MINIfiEDTqultfp_fp0_fp_fp0_ERKT_RKT0_ @ 0x969e80
GUIDED: _ZNK4Mode11speed_errorEv @ 0xad0b40
GUIDED: _ZL36mavlink_msg_global_position_int_send17mavlink_channel_tjiiiissst @ 0x96a420
GUIDED: _ZN17GCS_MAVLINK_Rover14send_servo_outEv @ 0x96a540
GUIDED: _ZN5Rover27send_wheel_encoder_distanceE17mavlink_channel_t @ 0x96a6f0
GUIDED: _ZNK11AP_WindVane9send_windE17mavlink_channel_t @ 0x96a880
GUIDED: _ZNK11GCS_MAVLINK23get_ap_message_intervalE10ap_messageRt @ 0x96a990
GUIDED: _ZN13AP_OADatabase17send_adsb_vehicleE17mavlink_channel_tt @ 0x96aac0
GUIDED: _ZN17GCS_MAVLINK_Rover16send_water_depthEv @ 0x96b060
GUIDED: _ZN11GCS_MAVLINK16try_send_messageE10ap_message @ 0x96b350
GUIDED: _ZN11GCS_MAVLINK17queued_param_sendEv @ 0x96c000
GUIDED: _ZNK11GCS_MAVLINK14send_heartbeatEv @ 0x96c2b0
GUIDED: _ZNK11GCS_MAVLINK8send_rpmEv @ 0x96c670
GUIDED: _ZN11GCS_MAVLINK24try_send_mission_messageE10ap_message @ 0x96c750
GUIDED: _ZN7Compass21send_mag_cal_progressERK11GCS_MAVLINK @ 0x96c950
GUIDED: _ZN7Compass19send_mag_cal_reportERK11GCS_MAVLINK @ 0x96cba0
GUIDED: _ZN11GCS_MAVLINK19send_battery_statusEv @ 0x96ced0
GUIDED: _ZNK7AP_AHRS22send_ekf_status_reportER11GCS_MAVLINK @ 0x96d020
GUIDED: _ZN11GCS_MAVLINK12send_meminfoEv @ 0x96d120
GUIDED: _ZNK11GCS_MAVLINK17send_fence_statusEv @ 0x96d1e0
GUIDED: _ZN11GCS_MAVLINK20send_distance_sensorEv @ 0x96d350
GUIDED: _ZNK11GCS_MAVLINK16send_system_timeEv @ 0x96d890
GUIDED: _ZN6AP_GPS20send_mavlink_gps_rawE17mavlink_channel_t @ 0x96d920
GUIDED: _ZN6AP_GPS20send_mavlink_gps_rtkE17mavlink_channel_th @ 0x96dc70
GUIDED: _ZN6AP_GPS21send_mavlink_gps2_rawE17mavlink_channel_t @ 0x96dd50
GUIDED: _ZNK11GCS_MAVLINK19send_local_positionEv @ 0x96e0f0
GUIDED: _ZNK11GCS_MAVLINK34send_gimbal_device_attitude_statusEv @ 0x96e1c0
GUIDED: _ZN11GCS_MAVLINK16send_opticalflowEv @ 0x96e580
GUIDED: _ZN11GCS_MAVLINK17send_power_statusEv @ 0x96e6f0
GUIDED: _ZNK11GCS_MAVLINK16send_rc_channelsEv @ 0x96e800
GUIDED: _ZNK11GCS_MAVLINK20send_rc_channels_rawEv @ 0x96eac0
GUIDED: _ZN11GCS_MAVLINK12send_raw_imuEv @ 0x96ec40
GUIDED: _ZN11GCS_MAVLINK15send_scaled_imuEhPFv17mavlink_channel_tjssssssssssE @ 0x96f050
GUIDED: _ZL28mavlink_msg_scaled_imu2_send17mavlink_channel_tjssssssssss @ 0x96f310
GUIDED: _ZL28mavlink_msg_scaled_imu3_send17mavlink_channel_tjssssssssss @ 0x96f480
GUIDED: _ZN11GCS_MAVLINK20send_scaled_pressureEv @ 0x96f830
GUIDED: _ZN11GCS_MAVLINK21send_scaled_pressure2Ev @ 0x96f890
GUIDED: _ZN11GCS_MAVLINK13send_airspeedEv @ 0x96f8f0
GUIDED: _ZN11GCS_MAVLINK21send_servo_output_rawEv @ 0x96fab0
GUIDED: _ZNK11GCS_MAVLINK13send_simstateEv @ 0x96fed0
GUIDED: _ZN11GCS_MAVLINK15send_sys_statusEv @ 0x96fff0
GUIDED: _ZN11GCS_MAVLINK10send_ahrs2Ev @ 0x9702e0
GUIDED: _ZN11GCS_MAVLINK9send_ahrsEv @ 0x9703c0
GUIDED: _ZN11GCS_MAVLINK12send_vfr_hudEv @ 0x970540
GUIDED: _ZNK11GCS_MAVLINK14send_vibrationEv @ 0x970680
GUIDED: _ZNK11GCS_MAVLINK21send_generator_statusEv @ 0x970770
GUIDED: _ZN12AP_ESC_Telem26send_esc_telemetry_mavlinkEh @ 0x970af0
GUIDED: _ZN6AP_EFI19send_mavlink_statusE17mavlink_channel_t @ 0x970f80
GUIDED: _ZN6AP_AIS13get_singletonEv @ 0x971750
GUIDED: _ZN6AP_AIS4sendE17mavlink_channel_t @ 0x971790
GUIDED: _ZN11GCS_MAVLINK20send_available_modesEv @ 0x971b00
GUIDED: _ZNK11GCS_MAVLINK21battery_remaining_pctEh @ 0x972390
GUIDED: _ZL3MINIhiEDTqultfp_fp0_fp_fp0_ERKT_RKT0_.6112 @ 0x972840
GUIDED: _ZN12AP_Generator21send_generator_statusERK11GCS_MAVLINK @ 0x973160
GUIDED: _ZL26mavlink_msg_vibration_send17mavlink_channel_tmfffjjj @ 0x9731e0
GUIDED: _ZL24mavlink_msg_vfr_hud_send17mavlink_channel_tffstff @ 0x9732f0
GUIDED: _ZNK7AP_AHRS12get_error_rpEv @ 0x973480
GUIDED: _ZNK7AP_AHRS13get_error_yawEv @ 0x9734e0
GUIDED: _ZL21mavlink_msg_ahrs_send17mavlink_channel_tfffffff @ 0x973540
GUIDED: _ZL22mavlink_msg_ahrs2_send17mavlink_channel_tffffii @ 0x973660
GUIDED: _ZNK9AP_Logger11num_droppedEv @ 0x973760
GUIDED: _ZNK14AP_BattMonitor11gcs_voltageEv @ 0xad0c70
GUIDED: _ZL27mavlink_msg_sys_status_send17mavlink_channel_tjjjttsatttttt @ 0x9737e0
GUIDED: _ZNK14AP_BattMonitor11gcs_voltageEh @ 0x973980
GUIDED: _ZNK17AP_Logger_Backend11num_droppedEv @ 0xad0cc0
GUIDED: _ZL7radiansf.14807 @ 0x973da0
GUIDED: _ZNK4SITL3SIM13simstate_sendE17mavlink_channel_t @ 0x974120
GUIDED: _ZL25mavlink_msg_simstate_send17mavlink_channel_tfffffffffii @ 0x9742f0
GUIDED: _ZL33mavlink_msg_servo_output_raw_send17mavlink_channel_tjhtttttttttttttttt @ 0x974490
GUIDED: _ZL33mavlink_msg_scaled_pressure2_send17mavlink_channel_tjffss @ 0x974790
GUIDED: _ZN11GCS_MAVLINK29send_scaled_pressure_instanceEhPFv17mavlink_channel_tjffssE @ 0x974870
GUIDED: _ZL32mavlink_msg_scaled_pressure_send17mavlink_channel_tjffss @ 0x974a60
GUIDED: _ZL24mavlink_msg_raw_imu_send17mavlink_channel_tmssssssssshs @ 0x974bc0
GUIDED: _ZNK11GCS_MAVLINK16sending_mavlink1Ev @ 0x974d40
GUIDED: _ZNK11GCS_MAVLINK13receiver_rssiEv @ 0x974da0
GUIDED: _ZL28mavlink_msg_rc_channels_send17mavlink_channel_tjhtttttttttttttttttth @ 0x974fb0
GUIDED: _ZL29mavlink_msg_power_status_send17mavlink_channel_tttt @ 0x975220
GUIDED: _ZN8AP_Mount34send_gimbal_device_attitude_statusE17mavlink_channel_t @ 0x975ca0
GUIDED: _ZL35mavlink_msg_local_position_ned_send17mavlink_channel_tjffffff @ 0x976300
GUIDED: _ZNK6AP_GPS12gps_yaw_cdegEh @ 0x976410
GUIDED: _ZNK6AP_GPS23have_gps_yaw_configuredEh @ 0xad0f20
GUIDED: _ZL28mavlink_msg_gps_raw_int_send17mavlink_channel_tmhiiitttthijjjjt @ 0x976710
GUIDED: _ZL28mavlink_msg_system_time_send17mavlink_channel_tmj @ 0x976900
GUIDED: _ZN11GCS_MAVLINK14send_proximityEv @ 0x977ea0
GUIDED: _ZNK12AP_Proximity12distance_minEv @ 0x978280
GUIDED: _ZL3MINIjjEDTqultfp_fp0_fp_fp0_ERKT_RKT0_.6116 @ 0x978740
GUIDED: _ZL24mavlink_msg_meminfo_send17mavlink_channel_tttj @ 0x9787c0
GUIDED: _ZNK7NavEKF318send_status_reportER11GCS_MAVLINK @ 0x978a60
GUIDED: _ZNK12NavEKF3_core18send_status_reportER11GCS_MAVLINK @ 0x978af0
GUIDED: _ZL41mavlink_msg_ekf_status_report_send_struct17mavlink_channel_tPK29__mavlink_ekf_status_report_t @ 0x978ef0
GUIDED: _ZNK14AP_BattMonitor13option_is_setEhN21AP_BattMonitor_Params7OptionsE @ 0x979a10
GUIDED: _ZNK11GCS_MAVLINK19send_battery_statusEh @ 0x979ae0
GUIDED: _ZL3MINIftEDTqultfp_fp0_fp_fp0_ERKT_RKT0_ @ 0x97a370
GUIDED: _ZNK14AP_BattMonitor14time_remainingERjh @ 0x97a410
GUIDED: _ZNK14AP_BattMonitor24get_mavlink_charge_stateEh @ 0x97a500
GUIDED: _ZNK14AP_BattMonitor25get_mavlink_fault_bitmaskEh @ 0x97a630
GUIDED: _ZL31mavlink_msg_battery_status_send17mavlink_channel_thhhsPKtsiiaihS1_hj @ 0x97a6e0
GUIDED: _ZN14typesafe_indexIh12TAG_PriorityErmERKh @ 0xad1170
GUIDED: _ZN11GCS_MAVLINK20send_mission_currentERK10AP_Missiont @ 0x97ae60
GUIDED: _ZL32mavlink_msg_mission_current_send17mavlink_channel_ttthh @ 0x97b330
GUIDED: _ZNK11GCS_MAVLINK13system_statusEv @ 0x97b800
GUIDED: _ZL26mavlink_msg_heartbeat_send17mavlink_channel_thhhjh @ 0x97b890
GUIDED: _ZN11GCS_MAVLINK28send_parameter_async_repliesEv @ 0x97b970
GUIDED: _ZN12ObjectBufferIN11GCS_MAVLINK19pending_param_replyEE4peekERS1_ @ 0xad1260
GUIDED: _ZL35mavlink_msg_rc_channels_scaled_send17mavlink_channel_tjhssssssssh @ 0x97c5e0
GUIDED: _ZN11GCS_MAVLINK14handle_messageERK17__mavlink_message @ 0x980fb0
GUIDED: _ZN11GCS_MAVLINK16handle_heartbeatERK17__mavlink_message @ 0x981b30
GUIDED: _ZN11GCS_MAVLINK19handle_command_longERK17__mavlink_message @ 0x982ea0
GUIDED: _ZN11GCS_MAVLINK26handle_request_data_streamERK17__mavlink_message @ 0x9844e0
GUIDED: _ZNK3GCS12sysid_is_gcsEh @ 0x989b40
GUIDED: _ZN11GCS_MAVLINK16sysid_mygcs_seenEj @ 0x989de0
GUIDED: _ZN3GCS16sysid_mygcs_seenEj @ 0xad1e30
GUIDED: _ZL38mavlink_msg_request_data_stream_decodePK17__mavlink_messageP31__mavlink_request_data_stream_t @ 0x98b050
GUIDED: _ZN9AP_Logger13Write_CommandERK23__mavlink_command_int_thh10MAV_RESULTb @ 0x98e2f0
GUIDED: _ZL31mavlink_msg_command_long_decodePK17__mavlink_messageP24__mavlink_command_long_t @ 0x98e470
GUIDED: _ZN11GCS_MAVLINK31try_command_long_as_command_intERK24__mavlink_command_long_tRK17__mavlink_message @ 0x98e540
GUIDED: _ZN11GCS_MAVLINK16_set_mode_commonEhj @ 0x990da0
GUIDED: _ZN12ObjectBufferIN7GCS_FTP11TransactionEE3popERS1_ @ 0xad23f0
GUIDED: _ZN11GCS_MAVLINK25handle_command_int_packetERK23__mavlink_command_int_tRK17__mavlink_message @ 0x997060
GUIDED: _ZN11GCS_MAVLINK26handle_command_do_set_modeERK23__mavlink_command_int_t @ 0x998320
GUIDED: _ZL25mavlink_msg_attitude_send17mavlink_channel_tjffffff @ 0x99c210
GUIDED: _ZL38mavlink_msg_nav_controller_output_send17mavlink_channel_tffsstfff @ 0x99c5f0
GUIDED: _ZN15MAVLink_routing17check_and_forwardER11GCS_MAVLINKRK17__mavlink_message @ 0x99c7d0
GUIDED: _ZN9AP_Follow10handle_msgERK17__mavlink_message @ 0x99cd40
GUIDED: _ZNK11GCS_MAVLINK13accept_packetERK16__mavlink_statusRK17__mavlink_message @ 0x99cec0
GUIDED: _ZNK9AP_Follow21should_handle_messageERK17__mavlink_message @ 0x99cfe0
GUIDED: _ZN15MAVLink_routing11learn_routeER11GCS_MAVLINKRK17__mavlink_message @ 0x99dfb0
GUIDED: _ZN15MAVLink_routing16handle_heartbeatER11GCS_MAVLINKRK17__mavlink_message @ 0x99e250
GUIDED: _ZN15MAVLink_routing11get_targetsERK17__mavlink_messageRsS3_ @ 0x99e480
GUIDED: _ZN17RC_Channels_Rover7channelEh @ 0xad4f10
GUIDED: _ZN11RC_Channels16read_mode_switchEv @ 0x9adab0
GUIDED: _ZNK17RC_Channels_Rover14in_rc_failsafeEv @ 0x9adb40
GUIDED: _ZNK17RC_Channels_Rover15has_valid_inputEv @ 0x9adba0
GUIDED: _ZNK17RC_Channels_Rover18get_arming_channelEv @ 0x9adc20
GUIDED: _ZNK11RC_Channels21arming_check_throttleEv @ 0xad4fa0
GUIDED: _ZNK17RC_Channels_Rover26flight_mode_channel_numberEv @ 0x9adc70
GUIDED: __wrap_malloc @ 0x9c3a50
GUIDED: mode_to_string @ 0xa1d140
GUIDED: mode_entry @ 0xa1d2c0
----------------------
Mode: 10 (AUTO)
AUTO: _ZN15AP_Arming_Rover14pre_arm_checksEb @ 0x5bfbf0
AUTO: _ZN2AP13serialmanagerEv @ 0x5c1810
AUTO: _ZNK9AP_ParamTIiL11ap_var_type3EEcvRKiEv @ 0xa21b60
AUTO: _ZN6AP_HAL4Util9vsnprintfEPcmPKcP13__va_list_tag @ 0x5c1e60
AUTO: _ZN13BufferPrinterC2EPcm @ 0xa21bb0
AUTO: _Z13print_vprintfPN6AP_HAL12BetterStreamEPKcP13__va_list_tag @ 0x5c1fa0
AUTO: _Z12ultoa_invertjPch @ 0x5c3e30
AUTO: _ZN6AP_HAL12BetterStreamC2Ev @ 0xa21c60
AUTO: _ZN13BufferPrinter5writeEh @ 0xa21cc0
AUTO: _Z3gcsv @ 0x5c4420
AUTO: _ZN3GCS10send_textvE12MAV_SEVERITYPKcP13__va_list_tag @ 0x5c4460
AUTO: _ZNK3GCS28statustext_send_channel_maskEv @ 0x5c4530
AUTO: _ZN11GCS_MAVLINK19active_channel_maskEv @ 0xa21f60
AUTO: _ZN11GCS_MAVLINK22streaming_channel_maskEv @ 0xa21fa0
AUTO: _ZN11GCS_MAVLINK20private_channel_maskEv @ 0xa21fe0
AUTO: _ZN3GCS13get_singletonEv @ 0xa22020
AUTO: _ZNK16AP_SerialManager22find_protocol_instanceENS_14SerialProtocolEh @ 0x5c45c0
AUTO: _ZNK13AP_ParamTBaseIaL11ap_var_type1EE3getEv @ 0xa22060
AUTO: _ZNK16AP_SerialManager14protocol_matchENS_14SerialProtocolES0_ @ 0x5c4760
AUTO: _ZN16AP_SerialManager13get_singletonEv @ 0xa220b0
AUTO: _Z2rcv @ 0x5c4860
AUTO: _ZN11RC_Channels13get_singletonEv @ 0xa22150
AUTO: _ZNK9AP_ParamTIaL11ap_var_type1EEcvRKaEv @ 0xa22220
AUTO: _ZN6AP_HAL6millisEv @ 0x5c4ee0
AUTO: _ZN13WithSemaphoreD2Ev @ 0x5c4f20
AUTO: _ZN6AP_HAL8millis64Ev @ 0x5c4f80
AUTO: _ZN6AP_HAL8micros64Ev @ 0x5c4fc0
AUTO: _ZL14uint64_div1000m @ 0x5c5060
AUTO: _ZN7HALSITL9Scheduler4fromEPN6AP_HAL9SchedulerE @ 0xa22270
AUTO: _ZNK7HALSITL9Scheduler18stopped_clock_usecEv @ 0xa222c0
AUTO: _ZNK13AP_ParamTBaseIsL11ap_var_type2EE3getEv @ 0xa22310
AUTO: _ZN13WithSemaphoreC2ERN6AP_HAL9SemaphoreEj @ 0x5c51b0
AUTO: _ZN2AP9proximityEv @ 0x5c5290
AUTO: _ZN12AP_Proximity13get_singletonEv @ 0xa223a0
AUTO: _ZN2AP9schedulerEv @ 0x5c55b0
AUTO: _ZN12AP_Scheduler25get_filtered_loop_rate_hzEv @ 0xa22420
AUTO: _ZN12AP_Scheduler16get_loop_rate_hzEv @ 0xa22470
AUTO: _ZN10AP_Terrain13get_singletonEv @ 0xa22500
AUTO: _ZN12AP_Scripting13get_singletonEv @ 0xa225a0
AUTO: _ZN2AP13internalerrorEv @ 0x5c5920
AUTO: _ZNK16AP_InternalError6errorsEv @ 0xa22700
AUTO: _ZNK16AP_InternalError15last_error_lineEv @ 0xa22750
AUTO: _ZN2AP3rpmEv @ 0x5c5ab0
AUTO: _ZN2AP5relayEv @ 0x5c5e20
AUTO: _ZN12SRV_Channels17function_assignedEN11SRV_Channel8FunctionE @ 0x5c6660
AUTO: _ZNK9AP_ParamTIsL11ap_var_type2EEcvRKsEv @ 0xa22830
AUTO: _ZN12SRV_Channels25update_aux_servo_functionEv @ 0x5c67b0
AUTO: _ZNK7BitmaskILt190EE3getEt @ 0xa22880
AUTO: _ZNK7BitmaskILt190EE8validateEt @ 0xa22950
AUTO: _ZN7BitmaskILt190EE8clearallEv @ 0xa229e0
AUTO: _ZNK11SRV_Channel14valid_functionEv @ 0xa22a40
AUTO: _ZN11SRV_Channel24aux_servo_function_setupEv @ 0x5c72b0
AUTO: _ZN7BitmaskILt190EE3setEt @ 0xa22aa0
AUTO: _ZNK9AP_Enum16IN11SRV_Channel8FunctionEEcvKS1_Ev @ 0xa22b60
AUTO: _ZN11SRV_Channel14valid_functionENS_8FunctionE @ 0xa22bb0
AUTO: _ZN8AP_Relay13get_singletonEv @ 0xa22c60
AUTO: _ZN6AP_RPM13get_singletonEv @ 0xa22ca0
AUTO: _ZNK12AP_Scripting13option_is_setENS_11DebugOptionE @ 0xa22d90
AUTO: _ZNK13AP_ParamTBaseIiL11ap_var_type3EE3getEv @ 0xa22e90
AUTO: _ZNK2AP8PerfInfo25get_filtered_loop_rate_hzEv @ 0x5c76a0
AUTO: _ZNK2AP8PerfInfo17get_filtered_timeEv @ 0x5c7730
AUTO: _ZN12AP_Scheduler13get_singletonEv @ 0x5c7780
AUTO: _ZN2AP7missionEv @ 0x5c77c0
AUTO: _ZNK10AP_Mission12num_commandsEv @ 0xa22ee0
AUTO: _ZN10AP_Mission18stored_in_locationEt @ 0x5c7aa0
AUTO: _ZN10AP_Mission15Mission_CommandC2Ev @ 0xa22f40
AUTO: _ZNK10AP_Mission21read_cmd_from_storageEtRNS_15Mission_CommandE @ 0x5c7c30
AUTO: _ZN10AP_Mission7ContentC2Ev @ 0xa22fa0
AUTO: _ZN2AP4ahrsEv @ 0x5c80f0
AUTO: _ZNK7AP_AHRS8get_homeEv @ 0xa22ff0
AUTO: _ZNK13StorageAccess9read_byteEt @ 0x5c8130
AUTO: _ZNK13StorageAccess11read_uint16Et @ 0x5c81a0
AUTO: _ZNK13StorageAccess10read_blockEPvtm @ 0x5c8220
AUTO: _ZN7AP_AHRS13get_singletonEv @ 0xa23040
AUTO: _ZN8LocationC2Ev @ 0xa23080
AUTO: _ZN8Location4zeroEv @ 0x5c8750
AUTO: _ZN10AP_Mission13get_singletonEv @ 0xa230d0
AUTO: _ZNK7AP_AHRS12get_locationER8Location @ 0x5c88f0
AUTO: _ZN2AP7vehicleEv @ 0x5c8b60
AUTO: _ZNK10AP_Mission7presentEv @ 0xa231b0
AUTO: _ZN10AP_Vehicle13get_singletonEv @ 0x5c8ba0
AUTO: _ZNK8Location12get_distanceERKS_ @ 0x5c8dc0
AUTO: _ZNK9AP_ParamTIfL11ap_var_type4EEcvRKfILb1EEEv @ 0xa23220
AUTO: _ZN8Location14diff_longitudeEii @ 0x5c8e90
AUTO: _ZN8Location15longitude_scaleEi @ 0x5c8f70
AUTO: _Z4normIddJEEdT_T0_DpKT1_ @ 0xa23270
AUTO: _Z2sqIdJdEEdT_DpKT0_ @ 0xa232e0
AUTO: _Z2sqIdEdT_ @ 0xa23360
AUTO: _ZL3MAXIdfEDTqugtfp_fp0_fp_fp0_ERKT_RKT0_ @ 0x5c9010
AUTO: _ZN8LocationC2EiiiNS_8AltFrameE @ 0x5c90b0
AUTO: _ZN8Location10set_alt_cmEiNS_8AltFrameE @ 0x5c9150
AUTO: _ZN11RC_Channels23get_valid_channel_countEv @ 0x5c93f0
AUTO: _ZNK10RC_Channel12has_overrideEv @ 0x5c9460
AUTO: _ZNK13AP_ParamTBaseIfL11ap_var_type4EE3getEv @ 0xa23600
AUTO: _Z11is_positiveIfEbT_ @ 0xa23650
AUTO: _Z7is_zerof @ 0xa236b0
AUTO: _ZL3MINIihEDTqultfp_fp0_fp_fp0_ERKT_RKT0_.6275 @ 0x5c9520
AUTO: _ZN5Rover15ekf_position_okEv @ 0x5c9e10
AUTO: _ZNK7AP_AHRS17have_inertial_navEv @ 0x5c9f80
AUTO: _ZNK7AP_AHRS17get_filter_statusER17nav_filter_status @ 0x5c9fe0
AUTO: _ZNK9AP_Arming8is_armedEv @ 0x5ca110
AUTO: _ZNK7AP_AHRS8ekf_typeEv @ 0x5ca260
AUTO: _ZNK7NavEKF315getFilterStatusER17nav_filter_status @ 0x5ca3f0
AUTO: _ZN2AP12externalAHRSEv @ 0x5ca6e0
AUTO: _ZNK15AP_ExternalAHRS17get_filter_statusER17nav_filter_status @ 0x5ca720
AUTO: _ZN15AP_ExternalAHRS13get_singletonEv @ 0xa23940
AUTO: _ZNK12NavEKF3_core15getFilterStatusER17nav_filter_status @ 0x5ca8b0
AUTO: _ZNK7AP_AHRS14always_use_EKFEv @ 0xa23980
AUTO: _ZNK7AP_AHRS15active_EKF_typeEv @ 0xa239e0
AUTO: _ZNK7AP_AHRS7healthyEv @ 0x5ca990
AUTO: _ZN2AP7compassEv @ 0x5cb430
AUTO: _ZNK7Compass11use_for_yawEv @ 0x5cb470
AUTO: _ZNK16AP_NavEKF_Source12getYawSourceEh @ 0x5cc2e0
AUTO: _ZNK12NavEKF3_core7healthyEv @ 0x5cc5a0
AUTO: _ZNK16AP_NavEKF_Source14useVelXYSourceENS_8SourceXYEh @ 0x5cc960
AUTO: _ZNK16AP_NavEKF_Source18getActiveSourceSetEh @ 0xa23a30
AUTO: _ZNK7AP_EnumIN16AP_NavEKF_Source8SourceXYEEcvKS1_Ev @ 0xa23ae0
AUTO: _ZNK16AP_NavEKF_Source13option_is_setENS_13SourceOptionsE @ 0xa23b30
AUTO: _ZNK12NavEKF3_core15getFilterFaultsERt @ 0x5cca90
AUTO: _ZNK11QuaternionTIdE6is_nanEv @ 0xa23bb0
AUTO: _ZNK7Vector3IdE6is_nanEv @ 0xa23cb0
AUTO: _ZNK7AP_EnumIN16AP_NavEKF_Source9SourceYawEEcvKS1_Ev @ 0xa23d80
AUTO: _ZN2AP3dalEv @ 0x5ccbb0
AUTO: _ZN6AP_DAL7compassEv @ 0xa23dd0
AUTO: _ZNK14AP_DAL_Compass15get_num_enabledEv @ 0xa23e20
AUTO: _ZN6AP_DAL13get_singletonEv @ 0xa23e70
AUTO: _ZnwmRKSt9nothrow_t @ 0x5ccbf0
AUTO: _ZN7Matrix3IfEC2Ev @ 0xa242b0
AUTO: _ZN7Vector3IfEC2Ev @ 0xa243a0
AUTO: _ZN11QuaternionTIfEC2Ev @ 0xa24520
AUTO: _ZN7Vector2IfEC2Ev @ 0xa24590
AUTO: _ZN6AP_DAL4baroEv @ 0xa245f0
AUTO: _ZN6AP_DAL6beaconEv @ 0xa24690
AUTO: _ZN6AP_DAL3gpsEv @ 0xa24750
AUTO: _ZN6AP_DAL11rangefinderEv @ 0xa24860
AUTO: _ZN6AP_DAL10visualodomEv @ 0xa248b0
AUTO: _ZNK7Compass7healthyEh @ 0x5cd520
AUTO: _ZNK7Compass11use_for_yawEh @ 0x5cd5c0
AUTO: _ZNK7Compass9availableEv @ 0xa249d0
AUTO: _ZN14typesafe_indexIh12TAG_PriorityEC2Eh @ 0xa24a50
AUTO: _ZNK19RestrictIDTypeArrayI9AP_ParamTIaL11ap_var_type1EELj3E14typesafe_indexIh12TAG_PriorityEEixERKS5_ @ 0xa24ab0
AUTO: _ZNK7AP_EnumIN7Compass9LearnTypeEEcvKS1_Ev @ 0xa24b30
AUTO: _ZNK14typesafe_indexIh12TAG_PriorityE7get_intEv @ 0xa24b80
AUTO: _ZNK7Compass10_get_stateE14typesafe_indexIh12TAG_PriorityE @ 0xa24bd0
AUTO: _ZNK7Compass13_get_state_idE14typesafe_indexIh12TAG_PriorityE @ 0x5cd6a0
AUTO: _ZNK19RestrictIDTypeArrayIN7Compass9mag_stateELj4E14typesafe_indexIh14TAG_StateIndexEEixERKS4_ @ 0xa24c50
AUTO: _ZNK14typesafe_indexIh14TAG_StateIndexE7get_intEv @ 0xa24cd0
AUTO: _ZNK19RestrictIDTypeArrayIiLj3E14typesafe_indexIh12TAG_PriorityEEixERKS2_ @ 0xa24d20
AUTO: _ZN14typesafe_indexIh14TAG_StateIndexEC2Eh @ 0xa24da0
AUTO: _ZNK14typesafe_indexIh14TAG_StateIndexEltERKh @ 0xa24e00
AUTO: _ZN14typesafe_indexIh14TAG_StateIndexEppEi @ 0xa24e70
AUTO: _ZN7Compass13get_singletonEv @ 0xa24ee0
AUTO: _ZNK7NavEKF211activeCoresEv @ 0xa24f20
AUTO: _ZNK7NavEKF311activeCoresEv @ 0xa25360
AUTO: _ZN11QuaternionTIfE20from_rotation_matrixERK7Matrix3IfE @ 0xa25410
AUTO: _ZNK12NavEKF3_core11use_compassEv @ 0x5cdd30
AUTO: _ZNK14AP_DAL_Compass11use_for_yawEh @ 0xa25920
AUTO: _ZNK12NavEKF3_core20getRotationBodyToNEDER7Matrix3IfE @ 0x5cde00
AUTO: _ZNK11QuaternionTIdE15rotation_matrixER7Matrix3IfE @ 0xa25990
AUTO: _ZNK6AP_DAL43get_rotation_vehicle_body_to_autopilot_bodyEv @ 0xa25ba0
AUTO: _ZNK7Matrix3IfEmlERKS0_ @ 0xa25bf0
AUTO: _ZN7Vector3IfEC2Efff @ 0xa25e60
AUTO: _ZN7Matrix3IfEC2ERK7Vector3IfES4_S4_ @ 0xa25ef0
AUTO: _ZN7Vector3IfEdVEf @ 0xa25fa0
AUTO: _Z7wrap_PId @ 0x5cdf10
AUTO: _ZN7Vector3IfEmLEf @ 0xa26030
AUTO: _Z8wrap_2PId @ 0x5cdfa0
AUTO: _ZN11QuaternionTIfEC2Effff @ 0xa26370
AUTO: _ZNK11QuaternionTIfE15rotation_matrixER7Matrix3IfE @ 0xa26420
AUTO: _ZNK7Matrix3IfE13mul_transposeERK7Vector3IfE @ 0xa26610
AUTO: _ZNK7Vector3IfEmiERKS0_ @ 0xa26720
AUTO: _ZNK7Vector3IfE6lengthEv @ 0xa267d0
AUTO: _Z20constrain_value_lineIfET_S0_S0_S0_j @ 0xa26830
AUTO: _Z4normIffJfEEdT_T0_DpKT1_ @ 0xa26950
AUTO: _Z2sqIfJffEEdT_DpKT0_ @ 0xa269d0
AUTO: _ZL2sqf.3424 @ 0x5ce090
AUTO: _Z2sqIfJfEEdT_DpKT0_ @ 0xa26a70
AUTO: _ZL2sqf.1606 @ 0x5ce0e0
AUTO: _ZNK7AP_AHRS24get_rotation_body_to_nedEv @ 0xa26af0
AUTO: _ZN2AP3gpsEv @ 0x5ce1f0
AUTO: _ZNK6AP_GPS8get_typeEh @ 0xa26be0
AUTO: _ZNK7AP_EnumIN6AP_GPS8GPS_TypeEEcvKS1_Ev @ 0xa26c70
AUTO: _ZN6AP_GPS13get_singletonEv @ 0xa26cc0
AUTO: _ZNK7NavEKF37healthyEv @ 0x5ce340
AUTO: _ZNK6AP_GPS11num_sensorsEv @ 0x5ce650
AUTO: _ZNK6AP_GPS14primary_sensorEv @ 0xa26da0
AUTO: _ZNK6AP_GPS6statusEh @ 0xa26df0
AUTO: _ZNK6AP_GPS10is_healthyEh @ 0x5ce6d0
AUTO: _ZNK7AP_AHRS11home_is_setEv @ 0xa26eb0
AUTO: _ZNK6AP_GPS8locationEv @ 0xa26f10
AUTO: _ZNK6AP_GPS22first_unconfigured_gpsERh @ 0x5ce990
AUTO: _ZN3GCS9send_textE12MAV_SEVERITYPKcz @ 0x5ceb60
AUTO: _ZNK6AP_GPS8locationEh @ 0xa26f70
AUTO: _ZNK6AP_GPS12is_rtk_roverEh @ 0x5cee40
AUTO: _ZN2AP3insEv @ 0x5cf1a0
AUTO: _ZNK17AP_InertialSensor19get_gyro_health_allEv @ 0x5cf1e0
AUTO: _ZNK17AP_InertialSensor22gyro_calibrated_ok_allEv @ 0x5cf2a0
AUTO: _ZNK17AP_InertialSensor20get_accel_health_allEv @ 0x5cf3b0
AUTO: _ZNK17AP_InertialSensor23accel_calibrated_ok_allEv @ 0x5cf470
AUTO: _ZNK10AP_GyroFFT16analysis_enabledEv @ 0xa27190
AUTO: _ZdlPv @ 0x5d0890
AUTO: _ZN7Vector3IfEixEh @ 0xa27520
AUTO: _ZN10DigitalLPFIfE6_applyERKfS2_ @ 0xa27880
AUTO: _Z15constrain_int16sss @ 0xa27e80
AUTO: _Z15constrain_valueIsET_S0_S0_S0_ @ 0xa27f10
AUTO: _ZNK10ByteBuffer5spaceEv @ 0x5d20b0
AUTO: _ZN10ByteBuffer5writeEPKhj @ 0x5d2310
AUTO: _ZN10ByteBuffer7reserveEPNS_5IoVecEj @ 0x5d2430
AUTO: _ZN10ByteBuffer6commitEj @ 0x5d2660
AUTO: _ZNK10ByteBuffer8get_sizeEv @ 0xa27fc0
AUTO: _ZNK17AP_InertialSensor14get_gyro_countEv @ 0xa28050
AUTO: _ZNK17AP_InertialSensor4_useEh @ 0xa280c0
AUTO: _ZNK17AP_InertialSensor8_gyro_idEh @ 0xa28120
AUTO: _ZN17AP_InertialSensor8_gyro_idEh @ 0xa28180
AUTO: _ZN17AP_InertialSensor4_useEh @ 0xa281f0
AUTO: _ZL3MINIihEDTqultfp_fp0_fp_fp0_ERKT_RKT0_.3043 @ 0x5d2b90
AUTO: _ZNK7AP_EnumIN22AP_InertialSensor_TCal6EnableEEcvKS1_Ev @ 0xa282c0
AUTO: _ZN17AP_InertialSensor4tcalEh @ 0xa28310
AUTO: _ZNK17AP_InertialSensor8get_gyroEv @ 0xa28380
AUTO: _ZNK17AP_InertialSensor8use_gyroEh @ 0x5d2d50
AUTO: _ZNK17AP_InertialSensor8get_gyroEh @ 0xa283e0
AUTO: _ZNK17AP_InertialSensor15get_gyro_healthEh @ 0xa28450
AUTO: _ZNK17AP_InertialSensor15get_accel_countEv @ 0xa284f0
AUTO: _ZL3MINIihEDTqultfp_fp0_fp_fp0_ERKT_RKT0_ @ 0x5d2fd0
AUTO: _ZNK17AP_InertialSensor9get_accelEv @ 0xa28560
AUTO: _ZNK17AP_InertialSensor9use_accelEh @ 0x5d3060
AUTO: _ZNK17AP_InertialSensor9get_accelEh @ 0xa285c0
AUTO: _ZNK17AP_InertialSensor16get_accel_healthEh @ 0xa28630
AUTO: _ZNK17AP_InertialSensor13_accel_offsetEh @ 0xa286d0
AUTO: _ZNK9AP_ParamVI7Vector3IfEL11ap_var_type5EE3getEv @ 0xa28730
AUTO: _ZNK7Vector3IfE7is_zeroEv @ 0xa28780
AUTO: _ZNK17AP_InertialSensor12_accel_scaleEh @ 0xa28830
AUTO: _ZNK17AP_InertialSensor9_accel_idEh @ 0xa28890
AUTO: _Z8is_equalIffENSt3__19enable_ifIXsr3std17is_floating_pointINS0_11common_typeIJT_T0_EE4typeEEE5valueEbE4typeES3_S4_ @ 0xa288f0
AUTO: _ZN17AP_InertialSensor9_accel_idEh @ 0xa28970
AUTO: _ZN17AP_InertialSensor12_accel_scaleEh @ 0xa289e0
AUTO: _ZN17AP_InertialSensor13_accel_offsetEh @ 0xa28a50
AUTO: _ZNK17AP_InertialSensor18gyro_calibrated_okEh @ 0xa28ac0
AUTO: _ZN17AP_InertialSensor13get_singletonEv @ 0x5d3120
AUTO: _ZN8AP_Param17get_default_valueEPKS_RKNS_9GroupInfoE @ 0x5d4040
AUTO: _ZN13AP_ParamTBaseIaL11ap_var_type1EE3setERKa @ 0xa290a0
AUTO: _ZN13AP_ParamTBaseIsL11ap_var_type2EE3setERKs @ 0xa29100
AUTO: _ZN13AP_ParamTBaseIiL11ap_var_type3EE3setERKi @ 0xa29170
AUTO: _ZN13AP_ParamTBaseIfL11ap_var_type4EE3setERKf @ 0xa291d0
AUTO: _ZNK7Vector3IfEneERKS0_ @ 0xa29900
AUTO: _ZNK8AP_Param13find_var_infoEPjRPKNS_9GroupInfoERNS_12GroupNestingEPh @ 0x5d4b90
AUTO: _ZNK8AP_Param14copy_name_infoEPKNS_4InfoEPKNS_9GroupInfoERKNS_12GroupNestingEhPcmb @ 0x5d4e10
AUTO: _ZNK8AP_Param14send_parameterEPKc11ap_var_typeh @ 0x5d5070
AUTO: _ZNK8AP_Param13cast_to_floatE11ap_var_type @ 0x5d5210
AUTO: _ZN3GCS20send_parameter_valueEPKc11ap_var_typef @ 0x5d5300
AUTO: _ZL3MINImmEDTqultfp_fp0_fp_fp0_ERKT_RKT0_.5959 @ 0x5d5440
AUTO: _ZN11GCS_MAVLINK14mav_param_typeE11ap_var_type @ 0x5d54c0
AUTO: _ZN8AP_Param16count_parametersEv @ 0x5d5550
AUTO: _ZN3GCS23send_to_active_channelsEjPKc @ 0x5d5700
AUTO: _ZN9AP_Logger13get_singletonEv @ 0xa299d0
AUTO: _ZN9AP_Logger15Write_ParameterEPKcf @ 0x5d5820
AUTO: _ZNK9AP_Logger10quiet_nanfEv @ 0xa29a10
AUTO: _ZN17AP_Logger_Backend15Write_ParameterEPKcff @ 0x5d5910
AUTO: _Z14strncpy_notermPcPKcm @ 0x5d5a30
AUTO: _ZN17AP_Logger_Backend18WriteCriticalBlockEPKvt @ 0xa29a60
AUTO: _ZN17AP_Logger_Backend21WritePrioritisedBlockEPKvtbb @ 0x5d5ae0
AUTO: _ZN17AP_Logger_Backend30validate_WritePrioritisedBlockEPKvt @ 0x5d5cb0
AUTO: _ZN17AP_Logger_Backend9ShouldLogEb @ 0x5d5ea0
AUTO: _ZN17AP_Logger_Backend21ensure_format_emittedEPKvt @ 0x5d6340
AUTO: _ZNK17AP_Logger_Backend23message_type_from_blockEPKvtR11LogMessages @ 0x5d6460
AUTO: _ZNK17AP_Logger_Backend28have_emitted_format_for_typeE11LogMessages @ 0xa29ae0
AUTO: _ZNK7BitmaskILt256EE8validateEt @ 0xa29c10
AUTO: _ZNK9AP_Logger22structure_for_msg_typeEh @ 0x5d6da0
AUTO: _ZNK9AP_Logger9structureEt @ 0x5d6ef0
AUTO: _ZNK7BitmaskILt256EE3getEt @ 0xa29ca0
AUTO: _ZNK6AP_HAL4Util14get_soft_armedEv @ 0xa29d70
AUTO: _ZN2AP6loggerEv @ 0x5d6f60
AUTO: _Z7is_zeroI9AP_ParamTIfL11ap_var_type4EEEbT_ @ 0xa29dd0
AUTO: _ZNK12AP_Scheduler5ticksEv @ 0xa29e30
AUTO: _ZN6AP_HAL8millis16Ev @ 0x5d71b0
AUTO: _ZNK9AP_Logger13WritesEnabledEv @ 0xa29f90
AUTO: _ZNK19LoggerMessageWriter8finishedEv @ 0xa29ff0
AUTO: _ZNK9AP_Logger15in_log_downloadEv @ 0x5d71f0
AUTO: _ZNK9AP_Logger16vehicle_is_armedEv @ 0xa2a050
AUTO: _ZNK9AP_Logger26log_write_fmt_for_msg_typeEh @ 0x5d7390
AUTO: mavlink_get_msg_entry @ 0x5d7440
AUTO: _ZNK3GCS7num_gcsEv @ 0xa2a100
AUTO: _ZNK11GCS_MAVLINK10is_privateEv @ 0xa2a150
AUTO: _ZNK11GCS_MAVLINK9is_activeEv @ 0xa2a1b0
AUTO: _ZN11GCS_MAVLINK12send_messageEPKcPK19__mavlink_msg_entry @ 0xa2a230
AUTO: _ZN11GCS_MAVLINK18check_payload_sizeEt @ 0x5d7560
AUTO: _mav_finalize_message_chan_send @ 0x5d7610
AUTO: _Z26mavlink_get_channel_statush @ 0x5d7960
AUTO: _Z17_mav_trim_payloadPKch @ 0x5d7a40
AUTO: _ZL13crc_calculatePKht @ 0x5d7ae0
AUTO: _ZL21crc_accumulate_bufferPtPKct @ 0x5d7b80
AUTO: _ZL14crc_accumulatehPt @ 0x5d7c20
AUTO: _Z14comm_send_lock17mavlink_channel_tt @ 0x5d7eb0
AUTO: _mavlink_send_uart @ 0x5d7f70
AUTO: _Z16comm_send_unlock17mavlink_channel_t @ 0x5d7ff0
AUTO: _Z16comm_send_buffer17mavlink_channel_tPKhh @ 0x5d8070
AUTO: _ZL13valid_channel17mavlink_channel_t @ 0x5d81e0
AUTO: _Z24gcs_out_of_space_to_send17mavlink_channel_t @ 0x5d8290
AUTO: _ZN11GCS_MAVLINK20out_of_space_to_sendEv @ 0xa2a370
AUTO: _ZL8crc_initPt @ 0x5d8bc0
AUTO: _ZN11GCS_MAVLINK14channel_statusEv @ 0xa2a3d0
AUTO: _ZNK11GCS_MAVLINK7txspaceEv @ 0xa2a420
AUTO: _ZNK11GCS_MAVLINK15packet_overheadEv @ 0xa2a4c0
AUTO: _ZN11GCS_MAVLINK20packet_overhead_chanE17mavlink_channel_t @ 0x5d8c10
AUTO: _ZL3MINIjjEDTqultfp_fp0_fp_fp0_ERKT_RKT0_.5950 @ 0x5d8cf0
AUTO: _ZN11GCS_MAVLINK10is_privateE17mavlink_channel_t @ 0xa2a520
AUTO: _ZN8AP_Param8var_infoEt @ 0xa2a590
AUTO: _ZN8AP_Param14get_group_infoERKNS_4InfoE @ 0x5d9570
AUTO: _ZN8AP_Param14get_group_infoERKNS_9GroupInfoE @ 0x5d9b90
AUTO: _ZN8AP_Param19adjust_group_offsetEtRKNS_9GroupInfoERl @ 0x5d9c10
AUTO: _ZN8AP_Param8group_idEPKNS_9GroupInfoEjhh @ 0x5d9d30
AUTO: _ZN8AP_Param8get_baseERKNS_4InfoERl @ 0x5d9e30
AUTO: _ZNK13AP_ParamTBaseIiL11ap_var_type3EE13cast_to_floatEv @ 0xa2a6d0
AUTO: _ZNK8AP_Param19find_var_info_groupEPKNS_9GroupInfoEtjhlPjRS2_RNS_12GroupNestingEPh @ 0x5d9fc0
AUTO: _ZN8AP_Param4saveEb @ 0x5da4c0
AUTO: _ZN17AP_InertialSensor13caltemp_accelEh @ 0xa2a850
AUTO: _ZNK17AP_InertialSensor15get_temperatureEh @ 0xa2a8c0
AUTO: _ZN7Vector3IfE4zeroEv @ 0xa2ab20
AUTO: _ZNK7Vector3IfErmERKS0_ @ 0xa2ab80
AUTO: _ZNK7Vector3IfEmlERKS0_ @ 0xa2ac60
AUTO: _Z9safe_sqrtIfEfT_ @ 0xa2acf0
AUTO: _ZNK11QuaternionTIfE14get_euler_rollEv @ 0xa2ae80
AUTO: _ZNK11QuaternionTIfE15get_euler_pitchEv @ 0xa2af30
AUTO: _Z9safe_asinIfEfT_ @ 0xa2afa0
AUTO: _ZN7Vector3IfE6rotateE8Rotation @ 0xa2b190
AUTO: _ZNK7Matrix3IfEmlERK7Vector3IfE @ 0xa2c170
AUTO: _ZN7Matrix3IfE10from_eulerEfff @ 0xa2c310
AUTO: _ZN7Matrix3IfEC2Efffffffff @ 0xa2c540
AUTO: _ZNK7Vector3IfEplERKS0_ @ 0xa2c670
AUTO: _ZNK7Vector3IfEdvEf @ 0xa2c720
AUTO: _Z4normIffJEEdT_T0_DpKT1_ @ 0xa2c7c0
AUTO: _ZN7Vector3IfEpLERKS0_ @ 0xa2c830
AUTO: _ZN15ObjectBuffer_TSIN8AP_Param10param_saveEE4peekERS1_ @ 0xa2c8d0
AUTO: _ZN15ObjectBuffer_TSIN8AP_Param10param_saveEE4pushERKS1_ @ 0xa2c980
AUTO: _ZN10ByteBuffer9peekbytesEPhj @ 0x5db470
AUTO: _ZN10ByteBuffer9peekiovecEPNS_5IoVecEj @ 0x5db580
AUTO: _ZNK10ByteBuffer9availableEv @ 0x5db6d0
AUTO: _ZN10ByteBuffer7readptrERj @ 0x5db9b0
AUTO: _ZNK7Vector3IfEngEv @ 0xa2ca60
AUTO: _ZN2AP4sitlEv @ 0x5dbdb0
AUTO: _ZN2AP4baroEv @ 0x5dbdf0
AUTO: _ZNK7AP_Baro11all_healthyEv @ 0x5dbef0
AUTO: _ZNK7AP_Baro7healthyEh @ 0x5dbfa0
AUTO: _ZN7AP_Baro13get_singletonEv @ 0xa2cb40
AUTO: _ZN4SITL3SIM13get_singletonEv @ 0xa2cb80
AUTO: _ZNK9AP_Logger15logging_presentEv @ 0x5dc680
AUTO: _ZNK9AP_Logger15logging_startedEv @ 0x5dc770
AUTO: _ZNK11RC_Channels17option_is_enabledENS_6OptionE @ 0xa2cc10
AUTO: _ZNK11RC_Channels16get_roll_channelEv @ 0x5dc9d0
AUTO: _ZNK11RC_Channels15get_yaw_channelEv @ 0x5dcab0
AUTO: _ZNK10RC_Channel14get_control_inEv @ 0xa2cc90
AUTO: _ZNK11RC_Channels20get_throttle_channelEv @ 0x5dcb20
AUTO: _ZN11RC_Channels23find_channel_for_optionEN10RC_Channel8AUX_FUNCE @ 0x5dcb90
AUTO: _ZN2AP5rcmapEv @ 0x5dce10
AUTO: _ZNK8RCMapper8throttleEv @ 0xa2cd40
AUTO: _ZNK11RC_Channels25get_rcmap_channel_nonnullEh @ 0x5dce50
AUTO: _ZN11RC_Channels10rc_channelEh @ 0xa2cda0
AUTO: _ZN8RCMapper13get_singletonEv @ 0xa2ce00
AUTO: _ZNK8RCMapper3yawEv @ 0xa2ce40
AUTO: _ZNK8RCMapper4rollEv @ 0xa2cf00
AUTO: _ZNK11RC_Channels19flight_mode_channelEv @ 0x5dcee0
AUTO: _ZNK8Sailboat12sail_enabledEv @ 0xa2d270
AUTO: _ZNK11AP_WindVane7enabledEv @ 0x5dcf80
AUTO: _ZNK12AP_MotorsUGV8has_sailEv @ 0x5de2b0
AUTO: _ZNK12AP_MotorsUGV7is_omniEv @ 0xa2d330
AUTO: _ZN12SRV_Channels18get_emergency_stopEv @ 0xa2d440
AUTO: _ZNK10RC_Channel12get_radio_inEv @ 0xa2d480
AUTO: _ZN2AP5fenceEv @ 0x5e0260
AUTO: _ZNK8AC_Fence7presentEv @ 0x5e0840
AUTO: _ZNK8AC_Fence7enabledEv @ 0xa2d590
AUTO: _ZN15ExpandingStringD2Ev @ 0x5e0e80
AUTO: _ZNK19AC_PolyFence_loader17total_fence_countEv @ 0xa2d850
AUTO: _ZNK7Vector2IfEmiERKS0_ @ 0xa2df80
AUTO: _ZNK7Vector2IfEmlERKS0_ @ 0xa2e1f0
AUTO: _ZNK7Vector2IfEmlEf @ 0xa2e270
AUTO: _ZN7Vector2IfEC2Eff @ 0xa2e2f0
AUTO: _ZNK8Location15get_distance_NEERKS_ @ 0x5e1ec0
AUTO: _ZNK19AC_PolyFence_loader27get_exclusion_polygon_countEv @ 0xa2e420
AUTO: _ZNK19AC_PolyFence_loader27get_inclusion_polygon_countEv @ 0xa2e470
AUTO: _ZNK19AC_PolyFence_loader26get_exclusion_circle_countEv @ 0xa2e4c0
AUTO: _ZNK19AC_PolyFence_loader26get_inclusion_circle_countEv @ 0xa2e510
AUTO: _ZN8AC_Fence13get_singletonEv @ 0xa2e560
AUTO: _ZN2AP10visualodomEv @ 0x5e2080
AUTO: _ZNK13AP_VisualOdom7enabledEv @ 0x5e21f0
AUTO: _ZNK7AP_EnumIN13AP_VisualOdom15VisualOdom_TypeEEcvKS1_Ev @ 0xa2e5a0
AUTO: _ZN13AP_VisualOdom13get_singletonEv @ 0xa2e5f0
AUTO: _ZN6AP_HAL6microsEv @ 0x5e2660
AUTO: _ZN2AP5mountEv @ 0x5e26a0
AUTO: _ZN8AP_Mount13get_singletonEv @ 0xa2e670
AUTO: _ZN2AP3osdEv @ 0x5e2900
AUTO: _ZN6AP_OSD13get_singletonEv @ 0xa2e710
AUTO: _ZN2AP9generatorEv @ 0x5e2c50
AUTO: _ZN12AP_Generator13get_singletonEv @ 0x5e2e10
AUTO: _ZN2AP3canEv @ 0x5e2e50
AUTO: _ZNK13AP_CANManager15get_num_driversEv @ 0xa2e800
AUTO: _ZNK13AP_CANManager15get_driver_typeEh @ 0xa2e850
AUTO: _ZN13AP_CANManager13get_singletonEv @ 0xa2ea50
AUTO: _ZNK11SRV_Channel12get_functionEv @ 0xa2eb90
AUTO: _ZNK11SRV_Channel14get_output_minEv @ 0xa2ec50
AUTO: _ZNK11SRV_Channel14get_output_maxEv @ 0xa2eca0
AUTO: _ZN11SRV_Channel13should_e_stopENS_8FunctionE @ 0x5e3c10
AUTO: _ZN11RangeFinder13get_singletonEv @ 0xa2ed40
AUTO: _ZNK9AP_Logger14logging_failedEv @ 0x5e4240
AUTO: _ZN2AP7batteryEv @ 0x5e43c0
AUTO: _ZNK14AP_BattMonitor15configured_typeEh @ 0xa2ee30
AUTO: _ZNK14AP_BattMonitor14allocated_typeEh @ 0xa2eea0
AUTO: _ZNK22AP_BattMonitor_Backend20check_failsafe_typesERbS0_S0_S0_ @ 0x5e4af0
AUTO: _Z11is_positiveI9AP_ParamTIfL11ap_var_type4EEEbT_ @ 0xa2ef10
AUTO: _ZNK21AP_BattMonitor_Params23failsafe_voltage_sourceEv @ 0xa2eff0
AUTO: _ZL3MAXIffEDTqugtfp_fp0_fp_fp0_ERKT_RKT0_.16928 @ 0x5e4f00
AUTO: _ZN14AP_BattMonitor13get_singletonEv @ 0xa2f050
AUTO: _ZNK7Compass14is_calibratingEv @ 0x5e4f80
AUTO: _ZNK7Compass7healthyEv @ 0xa2f0f0
AUTO: _ZNK7Compass21learn_offsets_enabledEv @ 0xa2f150
AUTO: _ZNK7Compass9get_fieldEv @ 0xa2f280
AUTO: _ZNK7Compass10consistentEv @ 0x5e5340
AUTO: _ZN14AP_Declination18get_earth_field_gaERK8Location @ 0x5e55e0
AUTO: _ZNK7Vector3IfEmlEf @ 0xa2f2e0
AUTO: _ZN14AP_Declination16get_mag_field_efEffRfS0_S0_ @ 0x5e5880
AUTO: _ZL7radiansf.2451 @ 0x5e5e80
AUTO: _Z15constrain_int32iii @ 0xa2f380
AUTO: _Z15constrain_valueIiET_S0_S0_S0_ @ 0xa2f3f0
AUTO: _ZN11AP_AHRS_DCM11use_compassEv @ 0x5e5ff0
AUTO: _ZNK7AP_AHRS15get_fly_forwardEv @ 0xa2f4e0
AUTO: _ZNK11AP_AHRS_DCM8have_gpsEv @ 0x5e61a0
AUTO: _ZNK6AP_GPS12ground_speedEv @ 0xa2f540
AUTO: _ZL7degreesf.1595 @ 0x5e6230
AUTO: _ZNK6AP_GPS13ground_courseEv @ 0xa2f5a0
AUTO: _Z8wrap_180IfET_S0_ @ 0xa2f600
AUTO: _Z8wrap_360f @ 0x5e6280
AUTO: _ZNK6AP_GPS13ground_courseEh @ 0xa2f690
AUTO: _ZNK6AP_GPS12ground_speedEh @ 0xa2f700
AUTO: _ZNK7AP_EnumI6GPSUseEcvKS0_Ev @ 0xa2f770
AUTO: _ZNK6AP_GPS6statusEv @ 0xa2f7c0
AUTO: _ZNK7Vector3IfE2xyEv @ 0xa2f820
AUTO: _ZNK7Compass9get_countEv @ 0xa2f870
AUTO: _ZNK7Compass9get_fieldEh @ 0xa2f8c0
AUTO: _ZNK7Vector2IfE7is_zeroEv @ 0xa2f940
AUTO: _ZNK7Vector3IfE5angleERKS0_ @ 0xa2f9d0
AUTO: _ZL7radiansf.2166 @ 0x5e63a0
AUTO: _ZNK7Vector2IfE5angleERKS0_ @ 0xa2fae0
AUTO: _ZNK7Vector2IfE6lengthEv @ 0xa2fc00
AUTO: _ZNK7Compass11get_offsetsEh @ 0xa2fc60
AUTO: _ZNK9AP_ParamVI7Vector3IfEL11ap_var_type5EEcvRKS1_Ev @ 0xa2fce0
AUTO: _ZNK14typesafe_indexIh12TAG_PriorityEltERKh @ 0xa2fd30
AUTO: _ZNK14typesafe_indexIh12TAG_PriorityEcvhEv @ 0xa2fe20
AUTO: _ZNK14typesafe_indexIh12TAG_PriorityEplERKh @ 0xa2fe70
AUTO: _ZN14typesafe_indexIh12TAG_PriorityEppEi @ 0xa2ff70
AUTO: _ZN19RestrictIDTypeArrayIN7Compass9mag_stateELj4E14typesafe_indexIh14TAG_StateIndexEEixERKS4_ @ 0xa2ffe0
AUTO: _ZN8AP_Param7set_keyERNS_12Param_headerEt @ 0x5e6900
AUTO: _ZN8AP_Param4scanEPKNS_12Param_headerEPt @ 0x5e6990
AUTO: _ZN8AP_Param9type_sizeE11ap_var_type @ 0x5e6b20
AUTO: _ZNK13StorageAccess4sizeEv @ 0xa300d0
AUTO: _ZN8AP_Param7get_keyERKNS_12Param_headerE @ 0x5e6bc0
AUTO: _ZN8AP_Param11is_sentinalERKNS_12Param_headerE @ 0x5e6c30
AUTO: _ZNK19RestrictIDTypeArrayIP17CompassCalibratorLj3E14typesafe_indexIh12TAG_PriorityEEixERKS4_ @ 0xa30120
AUTO: _ZNK12AP_MotorsUGV6activeEv @ 0x5e6d80
AUTO: _ZN10AP_Mission5resetEv @ 0x5e7000
AUTO: _ZN15AP_Arming_Rover17update_soft_armedEv @ 0x5e70a0
AUTO: _ZNK9AP_Arming14option_enabledENS_6OptionE @ 0xa301a0
AUTO: _ZN9AP_Logger17set_vehicle_armedEb @ 0x5e7220
AUTO: _ZN10AP_Mission18init_jump_trackingEv @ 0x5e7310
AUTO: _ZN10AP_Mission16reset_wp_historyEv @ 0x5e73a0
AUTO: _ZNK9AP_Arming22get_rudder_arming_typeEv @ 0xa30220
AUTO: _ZN8AC_Fence12clear_breachEh @ 0x5e7ae0
AUTO: _ZN9AP_Logger18WriteCriticalBlockEPKvt @ 0x5e7b50
AUTO: _ZNK12AP_MotorsUGV12get_throttleEv @ 0xa30390
AUTO: _ZNK12AP_MotorsUGV18have_skid_steeringEv @ 0x5e7c00
AUTO: _ZNK12AP_MotorsUGV12get_steeringEv @ 0xa303e0
AUTO: _ZNK7AP_AHRS11get_yaw_radEv @ 0xa30430
AUTO: _ZNK7AP_AHRS38get_relative_position_NED_origin_floatER7Vector3IfE @ 0x5e80a0
AUTO: _ZN11AP_SmartRTL9add_pointERK7Vector3IfE @ 0x5e8310
AUTO: _ZN7HALSITL9Semaphore16take_nonblockingEv @ 0x5e84d0
AUTO: _ZNK11AP_SmartRTL10log_actionENS_6ActionERK7Vector3IfE @ 0x5e8560
AUTO: _ZNK7Vector3IfE16distance_squaredERKS0_ @ 0xa30480
AUTO: _ZL2sqf.11254 @ 0x5e8620
AUTO: _ZN7HALSITL9Semaphore4giveEv @ 0x5e8670
AUTO: _ZN9AP_Logger10Write_SRTLEbtthRK7Vector3IfE @ 0x5e8720
AUTO: _ZN9AP_Logger10WriteBlockEPKvt @ 0x5e8840
AUTO: _ZN17AP_Logger_Backend10WriteBlockEPKvt @ 0xa30540
AUTO: _ZN11AP_SmartRTL15restart_pruningEt @ 0x5e88f0
AUTO: _ZN11AP_SmartRTL22restart_simplificationEt @ 0x5e89a0
AUTO: _ZN7BitmaskILt500EE6setallEv @ 0xa305d0
AUTO: _ZN7Vector3IdEC2Ev @ 0xa30680
AUTO: _ZNK7AP_AHRS32get_relative_position_NED_originER7Vector3IdE @ 0x5e8a30
AUTO: _ZNK7Vector3IdE7tofloatEv @ 0xa306e0
AUTO: _ZN7Vector2IdEC2Ev @ 0xa30760
AUTO: _ZNK7NavEKF38getPosNEER7Vector2IdE @ 0x5e8e50
AUTO: _ZNK7NavEKF37getPosDERd @ 0x5e8ef0
AUTO: _ZN7Vector3IdEC2Eddd @ 0xa307c0
AUTO: _ZNK8Location11initialisedEv @ 0xa30850
AUTO: _ZNK7Vector3IfE8todoubleEv @ 0xa308e0
AUTO: _ZN7Vector3IdEmLEd @ 0xa30960
AUTO: _ZN8Location13offset_latlngERiS0_dd @ 0x5e9560
AUTO: _ZN8Location15limit_lattitudeEi @ 0x5e9660
AUTO: _ZN8Location14wrap_longitudeEl @ 0x5e9700
AUTO: _ZNK11AP_AHRS_SIM12get_locationER8Location @ 0x5e97a0
AUTO: _ZNK8Location23get_distance_NE_postypeERKS_ @ 0x5e9890
AUTO: _ZN7Vector2IdEC2Edd @ 0xa309f0
AUTO: _ZNK12NavEKF3_core7getPosDERd @ 0x5e9980
AUTO: _ZNK12NavEKF3_core13getPosD_localERd @ 0x5e9a50
AUTO: _ZNK12NavEKF3_core12getOriginLLHER8Location @ 0x5e9ae0
AUTO: _ZNK12NavEKF3_core8getPosNEER7Vector2IdE @ 0x5e9bd0
AUTO: _ZNK7Vector3IdE2xyEv @ 0xa30a70
AUTO: _ZNK7Vector2IdE8todoubleEv @ 0xa30ac0
AUTO: _ZNK7Vector2IdEplERKS0_ @ 0xa30b20
AUTO: _ZNK10AP_DAL_GPS6statusEh @ 0xa30bb0
AUTO: _ZNK10AP_DAL_GPS8locationEh @ 0xa30c20
AUTO: _ZN7Vector2IdE4zeroEv @ 0xa30c90
AUTO: _ZNK10AP_DAL_GPS14primary_sensorEv @ 0xa30cf0
AUTO: _ZNK11AP_AHRS_DCM12get_locationER8Location @ 0x5ea220
AUTO: _ZNK7AP_Baro12get_altitudeEv @ 0xa30da0
AUTO: _ZN8Location6offsetEdd @ 0x5ea550
AUTO: _ZNK6AP_GPS7get_lagERf @ 0xa30e00
AUTO: _ZNK6AP_GPS7get_lagEhRf @ 0x5ea5e0
AUTO: _ZNK7AP_Baro12get_altitudeEh @ 0xa30e80
AUTO: _ZNK7AP_AHRS16get_velocity_NEDER7Vector3IfE @ 0x5eabc0
AUTO: _ZNK9AP_ParamTIfL11ap_var_type4EEngEv @ 0xa30f50
AUTO: _ZNK8Location10get_alt_cmENS_8AltFrameERi @ 0x5eb2c0
AUTO: _ZNK8Location13get_alt_frameEv @ 0x5eb600
AUTO: _ZNK7AP_AHRS10get_originER8Location @ 0x5eb6e0
AUTO: _ZNK9AP_Arming18get_enabled_checksEv @ 0x5ec150
AUTO: _ZN7HALSITL9Semaphore4takeEj @ 0x5ec2b0
AUTO: _ZN6AP_HAL9Semaphore13take_blockingEv @ 0xa31720
AUTO: _ZN4SITL6AS56006updateERKNS_8AircraftE @ 0x5ed7d0
AUTO: _ZNK4SITL8Aircraft12get_attitudeER11QuaternionTIfE @ 0xa325c0
AUTO: _ZL7degreesf.19207 @ 0x5edba0
AUTO: _ZN4SITL17I2CRegisters_8Bit12set_registerEhh @ 0x5edc00
AUTO: _ZN4SITL9I2CDevice6updateERKNS_8AircraftE @ 0xa327b0
AUTO: _ZN4SITL13TeraRangerI2C6updateERKNS_8AircraftE @ 0xa32950
AUTO: _ZNK4SITL8Aircraft17rangefinder_rangeEv @ 0x5ee2c0
AUTO: _ZL7radiansf.14466 @ 0x5ee7a0
AUTO: _Z10rand_floatv @ 0x5ee800
AUTO: _ZN4SITL7INA32216updateERKNS_8AircraftE @ 0x5eeae0
AUTO: _ZL15convert_voltagef @ 0x5eef60
AUTO: _ZL15convert_currentf @ 0x5ef030
AUTO: _ZN4SITL8QMC5883L6updateERKNS_8AircraftE @ 0x5ef290
AUTO: _ZN7Vector3IfE14rotate_inverseE8Rotation @ 0xa329c0
AUTO: _ZL7htole16t.13591 @ 0x5ef6a0
AUTO: _ZN7Vector3IsEC2Esss @ 0xa32b70
AUTO: _ZN4SITL10IS31FL31956updateERKNS_8AircraftE @ 0x5ef910
AUTO: _ZN4SITL17I2CRegisters_8Bit12get_registerEh @ 0xa32d10
AUTO: _ZN10SIM_RGBLED11set_coloursEhhh @ 0xa32d70
AUTO: _ZN4SITL6LM27556updateERKNS_8AircraftE @ 0x5f05f0
AUTO: _ZNK4SITL6LM275510LEDChannel13current_valueEv @ 0xa32f80
AUTO: _ZN4SITL6LP55626updateERKNS_8AircraftE @ 0x5f0ba0
AUTO: _ZN4SITL6LP556210LEDChannel6updateEv @ 0x5f0eb0
AUTO: _ZNK4SITL6LP556210LEDChannel13current_valueEv @ 0xa33200
AUTO: _ZN4SITL6MS5XXX6updateERKNS_8AircraftE @ 0x5f0f90
AUTO: _ZN7AP_Baro37get_pressure_temperature_for_alt_amslEfRfS0_ @ 0x5f1f40
AUTO: _ZN7AP_Baro29geometric_alt_to_geopotentialEf @ 0x5f2120
AUTO: _ZL33find_atmosphere_layer_by_altitudef @ 0x5f2180
AUTO: _ZN7AP_Baro33get_temperature_by_altitude_layerEfa @ 0x5f2230
AUTO: _ZN7AP_Baro29get_temperatureC_for_alt_amslEf @ 0x5f2db0
AUTO: _ZN4SITL12InvensenseV36updateERKNS_8AircraftE @ 0x5f2e20
AUTO: _ZNK4SITL8ICM4060911accel_scaleEv @ 0xa33750
AUTO: _ZL7radiansd.13033 @ 0x5f38e0
AUTO: _ZNK4SITL12InvensenseV310gyro_scaleEv @ 0xa337a0
AUTO: _ZN4SITL12InvensenseV313write_to_fifoEhPhh @ 0x5f3930
AUTO: _ZN4SITL7MCP96006updateERKNS_8AircraftE @ 0x5f3e90
AUTO: _ZL7htobe16t.12937 @ 0x5f4460
AUTO: _ZL10__bswap_16t.12939 @ 0x5f44b0
AUTO: _ZNK4SITL31I2CRegisters_ConfigurableLength13get_reg_valueEhRh @ 0x5f4520
AUTO: _ZN4SITL6TSYS036updateERKNS_8AircraftE @ 0x5f4970
AUTO: _ZN4SITL6TSYS016updateERKNS_8AircraftE @ 0x5f53c0
AUTO: _ZN4SITL5SHT3x6updateERKNS_8AircraftE @ 0x5f5ff0
AUTO: _ZN4SITL13Airspeed_DLVR6updateERKNS_8AircraftE @ 0x5f6870
AUTO: _ZN4SITL29SIM_BattMonitor_SMBus_Generic6updateERKNS_8AircraftE @ 0x5f7350
AUTO: _ZNK4SITL29SIM_BattMonitor_SMBus_Generic15connected_cellsEv @ 0xa34090
AUTO: _ZN4SITL21SIM_BattMonitor_SMBus6updateERKNS_8AircraftE @ 0x5f7bb0
AUTO: _ZNK4SITL8Aircraft19get_battery_voltageEv @ 0xa340e0
AUTO: _ZN4SITL11SMBusDevice12set_registerEht @ 0xa34130
AUTO: _ZN4SITL18I2CRegisters_16Bit12set_registerEht @ 0x5f7cc0
AUTO: _ZN4SITL11SMBusDevice12set_registerEhs @ 0xa341b0
AUTO: _ZN4SITL18I2CRegisters_16Bit12set_registerEhs @ 0x5f7d70
AUTO: _ZN4SITL6Rotoye6updateERKNS_8AircraftE @ 0x5f8010
AUTO: _ZN4SITL11SMBusDevice13get_reg_valueEh @ 0xa34460
AUTO: _ZN4SITL18I2CRegisters_16Bit13get_reg_valueEh @ 0xa344d0
AUTO: _ZL7be16toht.19258 @ 0x5f80e0
AUTO: _ZL10__bswap_16t.19259 @ 0x5f8130
AUTO: _ZNK4SITL6Maxell15connected_cellsEv @ 0xa34590
AUTO: _ZN4SITL13MaxSonarI2CXL6updateERKNS_8AircraftE @ 0xa346d0
AUTO: _ZN4SITL10ToshibaLED6updateERKNS_8AircraftE @ 0x5f83f0
AUTO: _ZNK6AP_HAL3HAL6serialEh @ 0xa35110
AUTO: _ZL14fill_stack_nanv @ 0x5f8eb0
AUTO: _ZN7HALSITL9Scheduler13_run_io_procsEv @ 0x5f9230
AUTO: _ZNK7FunctorIvJEEcvbEv @ 0xa35220
AUTO: _ZNK7FunctorIvJEEclEv @ 0xa35280
AUTO: _ZN7HALSITL16I2CDeviceManager11_timer_tickEv @ 0x5f9440
AUTO: _ZN2AP2RCEv @ 0x5f94e0
AUTO: _ZN13AP_RCProtocol6updateEv @ 0x5f9590
AUTO: _ZN13AP_RCProtocol16check_added_uartEv @ 0x5f95e0
AUTO: _ZNK13AP_RCProtocol13should_searchEj @ 0x5f9850
AUTO: _ZN21AP_RCProtocol_Backend9new_inputEv @ 0x5fa010
AUTO: _ZNK17AP_RCProtocol_FDM6activeEv @ 0xa35520
AUTO: _ZN6I2CBus11_timer_tickEv @ 0x5fa220
AUTO: _ZN9AP_Logger6WriteVEPKcS1_S1_S1_S1_P13__va_list_tagbb @ 0x5fa350
AUTO: _ZN9AP_Logger16msg_fmt_for_nameEPKcS1_S1_S1_S1_bb @ 0x5fa550
AUTO: _ZN17AP_Logger_Backend5WriteEhP13__va_list_tagbb @ 0x5fae40
AUTO: _ZNK9AP_Logger24assert_same_fmt_for_nameEPKNS_13log_write_fmtEPKcS4_S4_S4_S4_ @ 0x5fb9c0
AUTO: _ZN3GCS14update_receiveEv @ 0x5fcd30
AUTO: _ZN3GCS11update_sendEv @ 0x5fcde0
AUTO: _ZN19MissionItemProtocol6updateEv @ 0x5fd120
AUTO: _ZN11GCS_MAVLINK11update_sendEv @ 0x5fd2f0
AUTO: _ZN3GCS18service_statustextEv @ 0x5fd6d0
AUTO: _ZN3GCS15StatusTextQueue9semaphoreEv @ 0xa35780
AUTO: _ZNK11ObjectArrayIN3GCS12statustext_tEE8is_emptyEv @ 0xa357d0
AUTO: _ZN11GCS_MAVLINK18service_statustextEv @ 0x5fd840
AUTO: _ZN3GCS15StatusTextQueue5pruneEv @ 0x5fda80
AUTO: _ZNK11ObjectArrayIN3GCS12statustext_tEE9availableEv @ 0xa35830
AUTO: _ZN11ObjectArrayIN3GCS12statustext_tEEixEt @ 0xa35880
AUTO: _ZN11ObjectArrayIN3GCS12statustext_tEE6removeEt @ 0xa35920
AUTO: _ZN11ObjectArrayIN3GCS12statustext_tEE3popEv @ 0xa35a70
AUTO: _ZN3GCS16statustext_queueEv @ 0xa35b20
AUTO: _Z14comm_chan_lock17mavlink_channel_t @ 0x5fdbb0
AUTO: _ZL27mavlink_msg_statustext_send17mavlink_channel_thPKcth @ 0x5fdc10
AUTO: _ZL16mav_array_memcpyPvPKvm.6113 @ 0x5fdcf0
AUTO: _ZN9AP_Logger15handle_log_sendEv @ 0x5fdd90
AUTO: _ZN22GCS_MAVLINK_InProgress11check_tasksEv @ 0x5fe460
AUTO: _ZNK3GCS11out_of_timeEv @ 0x5fe650
AUTO: _ZN11GCS_MAVLINK30deferred_message_to_send_indexEt @ 0x5fe730
AUTO: _ZN11GCS_MAVLINK19do_try_send_messageE10ap_message @ 0x5fe910
AUTO: _ZNK7BitmaskILt91EE9first_setEv @ 0xa35b70
AUTO: _ZN7BitmaskILt91EE5clearEt @ 0xa35c40
AUTO: _ZN11GCS_MAVLINK36next_deferred_bucket_message_to_sendEt @ 0x5fea40
AUTO: _ZNK7BitmaskILt91EE5countEv @ 0xa35d00
AUTO: _ZNK11GCS_MAVLINK26get_reschedule_interval_msERKNS_25deferred_message_bucket_tE @ 0x5feb70
AUTO: _ZN11GCS_MAVLINK24find_next_bucket_to_sendEt @ 0x5fec70
AUTO: _ZN7BitmaskILt91EEaSERKS0_ @ 0xa35dd0
AUTO: _ZNK11GCS_MAVLINK24requesting_mission_itemsEv @ 0x5fee40
AUTO: _ZN7GCS_FTP16get_last_send_msE17mavlink_channel_t @ 0x5fef30
AUTO: _ZNK7BitmaskILt91EE8validateEt @ 0xa35f10
AUTO: _ZNK11GCS_MAVLINK17telemetry_delayedEv @ 0x5ff0d0
AUTO: _ZNK3GCS11telem_delayEv @ 0xa35fa0
AUTO: _ZN14AP_BoardConfig15in_config_errorEv @ 0xa36000
AUTO: _ZNK12AP_Scheduler19time_available_usecEv @ 0x5ff1a0
AUTO: _ZN11AP_Airspeed13get_singletonEv @ 0xa36040
AUTO: _ZN2AP2FSEv @ 0x5ff420
AUTO: _ZN19AP_Filesystem_Posix5writeEiPKvj @ 0x5ff7c0
AUTO: _ZN21AP_Filesystem_Backend17bytes_until_fsyncEi @ 0xa36080
AUTO: _ZN19AP_Filesystem_Posix9disk_freeEPKc @ 0x5fffb0
AUTO: _ZNK21AP_Filesystem_Backend15file_op_allowedEv @ 0x6006e0
AUTO: _ZL12map_filenamePKc @ 0x600780
AUTO: _ZL17map_filename_freePKc @ 0x600820
AUTO: _Z16comm_get_txspace17mavlink_channel_t @ 0x600970
AUTO: _ZL28mavlink_msg_command_ack_send17mavlink_channel_tthhihh @ 0x600a00
AUTO: _ZNK11AP_Airspeed7enabledEh @ 0x600af0
AUTO: _ZNK11AP_Airspeed11lib_enabledEv @ 0x600bb0
AUTO: _ZN11GCS_MAVLINK23set_ap_message_intervalE10ap_messaget @ 0x600f90
AUTO: _ZNK11GCS_MAVLINK20cap_message_intervalEt @ 0x6013b0
AUTO: _ZNK11GCS_MAVLINK26get_deferred_message_indexE10ap_message @ 0x601480
AUTO: _ZNK7BitmaskILt91EE3getEt @ 0xa362c0
AUTO: _ZN7BitmaskILt91EE3setEt @ 0xa36390
AUTO: _ZN12AP_Scheduler18get_loop_period_usEv @ 0xa36450
AUTO: _ZdaPv @ 0x601770
AUTO: _ZN13AP_Filesystem4openEPKcib @ 0x6017d0
AUTO: _ZN13AP_Filesystem5closeEi @ 0x601c80
AUTO: _ZNK13AP_Filesystem13backend_by_fdERi @ 0x601d00
AUTO: _ZNK13AP_Filesystem15backend_by_pathERPKc @ 0x601dd0
AUTO: _ZN11GCS_MAVLINK39initialise_message_intervals_for_streamENS_7streamsE @ 0x6020c0
AUTO: _ZNK11GCS_MAVLINK23get_interval_for_streamENS_7streamsE @ 0x6022c0
AUTO: _ZNK11GCS_MAVLINK8get_chanEv @ 0xa364f0
AUTO: _ZN11GCS_MAVLINK12send_messageE10ap_message @ 0x602d70
AUTO: _ZN11GCS_MAVLINK22save_signing_timestampEb @ 0x602e80
AUTO: _ZNK11GCS_MAVLINK12is_streamingEv @ 0xa365e0
AUTO: _ZNK13StorageAccess11write_blockEtPKvm @ 0x603110
AUTO: _Z9check_lati @ 0x605b40
AUTO: _Z9check_lngi @ 0x605bb0
AUTO: _ZN19AC_PolyFence_loader13check_indexedEv @ 0x605c20
AUTO: _Z11is_negativeIfEbT_ @ 0xa37340
AUTO: _ZN10AP_Mission26mission_cmd_to_mavlink_intERKNS_15Mission_CommandER28__mavlink_mission_item_int_t @ 0x60a0b0
AUTO: _ZN11GCS_MAVLINK14update_receiveEj @ 0x60b7a0
AUTO: _ZN3GCS15update_passthruEv @ 0x60bc70
AUTO: _ZN16AP_SerialManager12get_passthruERPN6AP_HAL10UARTDriverES3_RhRjS5_ @ 0x60c1a0
AUTO: _ZN6AP_HAL10UARTDriver11read_lockedEPhmj @ 0x60cc20
AUTO: _ZNK11GCS_MAVLINK6lockedEv @ 0xa37680
AUTO: _ZNK7FunctorIbJhPN6AP_HAL10UARTDriverEEEcvbEv @ 0xa376e0
AUTO: _ZN11GCS_MAVLINK14channel_bufferEv @ 0xa377c0
AUTO: mavlink_frame_char_buffer @ 0x60d300
AUTO: _ZN12AP_Scripting14handle_messageERK17__mavlink_message17mavlink_channel_t @ 0x60dba0
AUTO: _ZN11GCS_MAVLINK13send_timesyncEv @ 0x60dd90
AUTO: _ZN11GCS_MAVLINK17log_mavlink_statsEv @ 0x60de00
AUTO: _ZNK11GCS_MAVLINK15signing_enabledEv @ 0x60df80
AUTO: _ZNK11GCS_MAVLINK21timesync_timestamp_nsEv @ 0x60e020
AUTO: _ZL25mavlink_msg_timesync_send17mavlink_channel_tll @ 0x60e080
AUTO: mavlink_start_checksum @ 0x60e120
AUTO: mavlink_update_checksum @ 0x60e180
AUTO: _Z9fill_nanfPft @ 0x60ebc0
AUTO: _ZN10ByteBuffer7advanceEj @ 0x611c50
AUTO: _ZN5Empty11OpticalFlow9push_gyroEfff @ 0xa38690
AUTO: _ZN5Empty11OpticalFlow14push_gyro_biasEff @ 0xa38700
AUTO: _ZN6AP_HAL4Util14set_soft_armedEb @ 0x612770
AUTO: _ZNK7HALSITL4Util18was_watchdog_resetEv @ 0xa389d0
AUTO: _ZN7HALSITL4Util19safety_switch_stateEv @ 0x612900
AUTO: _ZN7HALSITL4Util16available_memoryEv @ 0xa38ec0
AUTO: _ZN7HALSITL4Util8uart_logEv @ 0x612ee0
AUTO: _ZN6AP_HAL4Util14log_stack_infoEv @ 0xa39260
AUTO: _ZN6AP_HAL10UARTDriver9log_statsEhRNS0_12StatsTrackerEj @ 0x6130b0
AUTO: _ZN6AP_HAL10UARTDriver12StatsTracker11ByteTracker6updateEj @ 0x613250
AUTO: _ZN7HALSITL8RCOutput20_safety_switch_stateEv @ 0xa39300
AUTO: _ZN6AP_HAL10UARTDriver5writeEPKhm @ 0x615780
AUTO: _ZN6AP_HAL10UARTDriver9availableEv @ 0x6158c0
AUTO: _ZN6AP_HAL10UARTDriver4readEv @ 0x615940
AUTO: _ZN6AP_HAL10UARTDriver4readERh @ 0x6159c0
AUTO: _ZN6AP_HAL10UARTDriver4readEPht @ 0x615ac0
AUTO: _ZN7HALSITL10UARTDriver7txspaceEv @ 0x615b30
AUTO: _ZN7HALSITL10UARTDriver11_timer_tickEv @ 0x615eb0
AUTO: _ZN7HALSITL10UARTDriver26receive_time_constraint_usEt @ 0x615f10
AUTO: _ZN7HALSITL10UARTDriver6_writeEPKhm @ 0x616b40
AUTO: _ZN7HALSITL10UARTDriver5_readEPht @ 0x616d10
AUTO: _ZN7HALSITL10UARTDriver10_availableEv @ 0x616f00
AUTO: _ZNK7HALSITL10UARTDriver18get_total_tx_bytesEv @ 0xa3ba90
AUTO: _ZNK7HALSITL10UARTDriver18get_total_rx_bytesEv @ 0xa3bae0
AUTO: _ZNK6AP_HAL10UARTDriver26get_total_dropped_rx_bytesEv @ 0xa3bb30
AUTO: _ZN7HALSITL10UARTDriver17_check_connectionEv @ 0x616ff0
AUTO: _ZN7HALSITL10UARTDriver13_select_checkEi @ 0x617130
AUTO: _ZN10ByteBuffer4readEPhj @ 0x617340
AUTO: _ZN7HALSITL10UARTDriver41handle_writing_from_writebuffer_to_deviceEv @ 0x6173e0
AUTO: _ZN7HALSITL10UARTDriver16_check_reconnectEv @ 0x617790
AUTO: _ZL3MINIjjEDTqultfp_fp0_fp_fp0_ERKT_RKT0_.12221 @ 0x617b90
AUTO: _ZNK4SITL12SerialDevice15write_to_deviceEPKcm @ 0x617c10
AUTO: _ZNK4SITL12SerialDevice18write_to_autopilotEPKcm @ 0x61af70
AUTO: _ZNK4SITL12SerialDevice13is_match_baudEv @ 0x61b030
AUTO: _ZNK4SITL3GPS18write_to_autopilotEPKcm @ 0x61b160
AUTO: _ZNK4SITL3GPS11device_baudEv @ 0x61b380
AUTO: _ZNK8Location31get_vector_xy_from_origin_NE_cmI7Vector2IfEEEbRT_ @ 0xa3d010
AUTO: _Z8wrap_180IdET_S0_ @ 0xa3d120
AUTO: _ZNK7Vector2IfEplERKS0_ @ 0xa3d580
AUTO: _Z8wrap_360d @ 0x61e210
AUTO: _ZNK4SITL12SerialDevice19read_from_autopilotEPcm @ 0x61e2b0
AUTO: _Z7is_zerod @ 0xa3f250
AUTO: _ZN7HALSITL10UARTDriver40handle_reading_from_device_to_readbufferEv @ 0x623ba0
AUTO: _ZNK4SITL12SerialDevice16read_from_deviceEPcm @ 0x624030
AUTO: _ZN7HALSITL8AnalogIn13board_voltageEv @ 0xa40760
AUTO: _ZN6AP_HAL8AnalogIn17servorail_voltageEv @ 0xa407b0
AUTO: _ZN6AP_HAL8AnalogIn18power_status_flagsEv @ 0xa40800
AUTO: _ZN7HALSITL9ADCSource7set_pinEh @ 0x624c70
AUTO: _ZN7HALSITL9ADCSource15voltage_averageEv @ 0x624cf0
AUTO: _ZN7HALSITL9ADCSource14voltage_latestEv @ 0x624d40
AUTO: _ZN7HALSITL4GPIO13usb_connectedEv @ 0x6254a0
AUTO: _ZN7HALSITL8RCOutput9enable_chEh @ 0x6258a0
AUTO: _ZN7HALSITL8RCOutput10disable_chEh @ 0x625930
AUTO: _ZN7HALSITL8RCOutput5writeEht @ 0x6259c0
AUTO: _ZN6AP_HAL8RCOutput20update_channel_masksEv @ 0xa411e0
AUTO: _ZN7HALSITL8RCOutput4corkEv @ 0x625af0
AUTO: _ZN7HALSITL8RCOutput4pushEv @ 0x625b80
AUTO: _ZN7HALSITL8RCOutput4readEh @ 0x625cb0
AUTO: _ZN7HALSITL8RCOutput4readEPth @ 0x625d40
AUTO: _ZN6AP_HAL8RCOutput16set_default_rateEt @ 0xa41a80
AUTO: _ZN17AP_ESC_Telem_SITL6updateEv @ 0x626160
AUTO: _ZN7HALSITL7RCInput9new_inputEv @ 0x626aa0
AUTO: _ZN7HALSITL7RCInput12num_channelsEv @ 0x626b00
AUTO: _ZN7HALSITL7RCInput4readEh @ 0x626b60
AUTO: _ZN13AP_RCProtocol4readEh @ 0x626e10
AUTO: _ZN21AP_RCProtocol_Backend4readEh @ 0x626ea0
AUTO: _ZN13AP_RCProtocol12num_channelsEv @ 0x626f00
AUTO: _ZNK21AP_RCProtocol_Backend12num_channelsEv @ 0x626f80
AUTO: _ZN13AP_RCProtocol9new_inputEv @ 0x626fd0
AUTO: _ZN13AP_RCProtocol21detect_async_protocolENS_12rcprotocol_tE @ 0x627190
AUTO: _ZNK13AP_RCProtocol10using_uartEv @ 0xa425b0
AUTO: _ZN17AP_RCProtocol_FDM6updateEv @ 0x627de0
AUTO: _ZN21AP_RCProtocol_Backend9add_inputEhPtbss @ 0x627fc0
AUTO: _ZL3MINIhiEDTqultfp_fp0_fp_fp0_ERKT_RKT0_.18381 @ 0x628120
AUTO: _ZN13AP_RCProtocol19set_failsafe_activeEb @ 0xa42f80
AUTO: _ZN21AP_RCProtocol_Backend6updateEv @ 0xa43090
AUTO: _ZN17AP_RCProtocol_UDP6updateEv @ 0x6281a0
AUTO: _ZN17AP_RCProtocol_UDP21read_all_socket_inputEv @ 0x628400
AUTO: _ZN16SocketAPM_native4recvEPvmj @ 0x6286a0
AUTO: _ZN16SocketAPM_native6pollinEj @ 0x6288d0
AUTO: _ZNK16SocketAPM_native11get_read_fdEv @ 0xa431c0
AUTO: _ZN18AP_RCProtocol_GHST6updateEv @ 0x629140
AUTO: _ZNK7AP_AHRS13get_variancesERfS0_S0_R7Vector3IfES0_ @ 0x62ad90
AUTO: _ZNK7NavEKF312getVariancesERfS0_S0_R7Vector3IfES0_R7Vector2IfE @ 0x62b070
AUTO: _ZNK12NavEKF3_core12getVariancesERfS0_S0_R7Vector3IfES0_R7Vector2IfE @ 0x62b250
AUTO: _ZL3MAXIddEDTqugtfp_fp0_fp_fp0_ERKT_RKT0_.4222 @ 0x62b450
AUTO: _ZNK7Vector2IdE7tofloatEv @ 0xa438f0
AUTO: _ZN3GCS23get_sensor_status_flagsERjS0_S0_ @ 0x62b7c0
AUTO: _ZN3GCS26update_sensor_status_flagsEv @ 0x62b880
AUTO: _ZNK7AP_AHRS11initialisedEv @ 0x62c040
AUTO: _ZNK7AP_Baro13num_instancesEv @ 0xa43950
AUTO: _ZNK6AP_GPS10is_healthyEv @ 0xa439a0
AUTO: _ZNK14AP_BattMonitor13num_instancesEv @ 0xa43a00
AUTO: _ZNK14AP_BattMonitor7healthyEv @ 0x62c170
AUTO: _ZNK14AP_BattMonitor13has_failsafedEv @ 0xa43a50
AUTO: _ZNK17AP_InertialSensor11calibratingEv @ 0x62c260
AUTO: _ZNK9AP_Logger15logging_enabledEv @ 0x62c330
AUTO: _ZNK6AP_GPS15logging_presentEv @ 0xa43ab0
AUTO: _ZNK6AP_GPS15logging_enabledEv @ 0xa43b20
AUTO: _ZNK6AP_GPS14logging_failedEv @ 0x62c400
AUTO: _ZNK7AP_AHRS12get_ekf_typeEv @ 0xa43b90
AUTO: _ZNK8AC_Fence18sys_status_enabledEv @ 0x62c4e0
AUTO: _ZNK8AC_Fence18sys_status_presentEv @ 0x62c580
AUTO: _ZNK8AC_Fence17sys_status_failedEv @ 0x62c5e0
AUTO: _ZNK11AP_Airspeed7enabledEv @ 0xa43bf0
AUTO: _ZN2AP11opticalflowEv @ 0x62c730
AUTO: _ZNK14AP_OpticalFlow7enabledEv @ 0xa43d00
AUTO: _ZNK14AP_OpticalFlow7healthyEv @ 0xa43d70
AUTO: _ZN2AP6armingEv @ 0x62c770
AUTO: _ZNK11RC_Channels22has_ever_seen_rc_inputEv @ 0xa43df0
AUTO: _ZN9AP_Arming13get_singletonEv @ 0x62c7b0
AUTO: _ZNK7AP_EnumIN14AP_OpticalFlow4TypeEEcvKS1_Ev @ 0xa43e50
AUTO: _ZN14AP_OpticalFlow13get_singletonEv @ 0xa43ea0
AUTO: _ZNK11AP_Airspeed7healthyEh @ 0x62c7f0
AUTO: _ZN2AP8airspeedEv @ 0x62c970
AUTO: _ZNK11AP_Airspeed7healthyEv @ 0xa43fc0
AUTO: _ZNK11AP_Airspeed3useEh @ 0x62c9b0
AUTO: _ZN12SRV_Channels17get_output_scaledEN11SRV_Channel8FunctionE @ 0x62cae0
AUTO: _ZNK8AC_Fence12get_breachesEv @ 0xa44020
AUTO: _ZNK7AP_EnumIN8AC_Fence6ActionEEcvKS1_Ev @ 0xa44070
AUTO: _ZNK14AP_BattMonitor7healthyEh @ 0x62cbe0
AUTO: _ZNK6AP_GPS8num_satsEv @ 0xa44280
AUTO: _ZNK8Location14get_bearing_toERKS_ @ 0xa442e0
AUTO: _ZNK8Location11get_bearingERKS_ @ 0x62d880
AUTO: _ZL9rad_to_cdf.1252 @ 0x62d990
AUTO: _ZNK6AP_GPS8num_satsEh @ 0xa44360
AUTO: _ZNK14AP_BattMonitor12current_ampsERfh @ 0x62dad0
AUTO: _ZNK14AP_BattMonitor12consumed_mahERfh @ 0x62dbc0
AUTO: _ZN9AP_Logger14WriteStreamingEPKcS1_S1_z @ 0x62e8e0
AUTO: _ZN22AP_RCProtocol_DroneCAN6updateEv @ 0x62eb40
AUTO: _ZNK16AP_SerialManager11find_serialENS_14SerialProtocolEh @ 0x62ff30
AUTO: _ZNK7AP_Baro12get_pressureEh @ 0xa45fb0
AUTO: _ZNK7AP_Baro15get_temperatureEh @ 0xa46100
AUTO: _ZNK7AP_Baro23get_altitude_differenceEff @ 0x633550
AUTO: _ZNK7AP_Baro26get_altitude_from_pressureEf @ 0x6335f0
AUTO: _ZL33find_atmosphere_layer_by_pressuref @ 0x633850
AUTO: _ZNK7AP_Baro17get_altitude_AMSLEv @ 0xa46170
AUTO: _ZN7AP_Baro29geopotential_alt_to_geometricEf @ 0x633900
AUTO: _ZNK7AP_Baro17get_altitude_AMSLEh @ 0xa461d0
AUTO: _ZN9AP_Notify6updateEv @ 0x633b40
AUTO: _ZN2AP3srvEv @ 0x633ce0
AUTO: _ZN12SRV_Channels4corkEv @ 0x633d20
AUTO: _ZN12SRV_Channels4pushEv @ 0x633d80
AUTO: _ZN16AP_Volz_Protocol6updateEv @ 0x633f30
AUTO: _ZN10AP_SBusOut6updateEv @ 0x634200
AUTO: _ZN15AP_RobotisServo6updateEv @ 0x634380
AUTO: _ZN16AP_FETtecOneWire6updateEv @ 0x6345f0
AUTO: _ZN2AP6kdecanEv @ 0x6348e0
AUTO: _ZN9AP_KDECAN6updateEv @ 0x634920
AUTO: _ZN12SRV_Channels12find_channelEN11SRV_Channel8FunctionERh @ 0x635300
AUTO: _ZN11SRV_Channel8calc_pwmEf @ 0x6353d0
AUTO: _ZNK11SRV_Channel21pwm_from_scaled_valueEf @ 0x6354c0
AUTO: _ZNK11SRV_Channel14pwm_from_angleEf @ 0x635560
AUTO: _ZN9AP_KDECAN13get_singletonEv @ 0xa46f50
AUTO: _ZN16AP_FETtecOneWire4initEv @ 0x637090
AUTO: _ZN16AP_FETtecOneWire9init_uartEv @ 0x638660
AUTO: _ZN12SRV_Channels13get_singletonEv @ 0xa479b0
AUTO: _ZNK10AP_Mission21get_current_nav_indexEv @ 0xa47d40
AUTO: _ZNK6AP_GPS8get_hdopEh @ 0xa48010
AUTO: _ZNK7AP_AHRS11groundspeedEv @ 0xa48110
AUTO: _ZN7AP_Baro14get_climb_rateEv @ 0x63d900
AUTO: _ZN16DerivativeFilterIfLh7EE5slopeEv @ 0xa481b0
AUTO: _ZNK11RangeFinder11get_backendEh @ 0x63db50
AUTO: _Z14float_to_int16f @ 0x63f5b0
AUTO: _ZNK7AP_AHRS11get_yaw_degEv @ 0xa48d30
AUTO: _ZNK7AP_AHRS28get_relative_position_D_homeERf @ 0x63f730
AUTO: _ZNK8Location9get_alt_mENS_8AltFrameERf @ 0x63f8d0
AUTO: _ZNK7AP_AHRS30get_relative_position_D_originERd @ 0x63f980
AUTO: _ZNK7AP_AHRS11_get_originER8Location @ 0x63fac0
AUTO: _ZNK7AP_AHRS11_get_originENS_7EKFTypeER8Location @ 0x63fba0
AUTO: _ZNK7NavEKF312getOriginLLHER8Location @ 0x63fdb0
AUTO: _ZN18AP_RCProtocol_CRSF6updateEv @ 0x6428e0
AUTO: _ZN13AP_CRSF_Telem13get_singletonEv @ 0x642f10
AUTO: _ZN13AP_CRSF_Telem13queue_messageE12MAV_SEVERITYPKc @ 0x643960
AUTO: _ZN9AP_Notify13get_singletonEv @ 0xa499a0
AUTO: _ZN2AP10crsf_telemEv @ 0x6466b0
AUTO: _ZNK7AP_AHRS12get_roll_radEv @ 0xa4a190
AUTO: _ZNK7AP_AHRS13get_pitch_radEv @ 0xa4a1e0
AUTO: _ZN19AP_RCProtocol_SRXL26updateEv @ 0x64c4d0
AUTO: _ZNK14AP_BattMonitor15get_temperatureERfh @ 0x64f5b0
AUTO: _ZN2AP3rtcEv @ 0x64f680
AUTO: _ZNK6AP_RTC12get_utc_usecERm @ 0x64f7a0
AUTO: _ZN6AP_RTC13get_singletonEv @ 0xa4adf0
AUTO: _ZN2AP9esc_telemEv @ 0x64fb00
AUTO: _ZN12AP_ESC_Telem13get_singletonEv @ 0x64ffb0
AUTO: _ZN17AP_RCProtocol_DSM6updateEv @ 0x6534c0
AUTO: _ZN7HALSITL9Scheduler5delayEt @ 0x654db0
AUTO: _ZN7HALSITL9Scheduler18delay_microsecondsEt @ 0x654ea0
AUTO: _ZN6AP_HAL9Scheduler24delay_microseconds_boostEt @ 0xa4b5d0
AUTO: _ZN6AP_HAL9Scheduler9boost_endEv @ 0xa4b6e0
AUTO: _ZNK6AP_HAL9Scheduler17in_delay_callbackEv @ 0xa4b730
AUTO: _ZN7HALSITL9Scheduler21is_system_initializedEv @ 0xa4b790
AUTO: _ZN7HALSITL9Scheduler10stop_clockEm @ 0x655410
AUTO: _ZNK7HALSITL9Scheduler14in_main_threadEv @ 0x6554b0
AUTO: _ZN7HALSITL10SITL_State10wait_clockEm @ 0x655b70
AUTO: _ZNK4SITL8Aircraft11get_speedupEv @ 0xa4b940
AUTO: _ZNK7HALSITL9Scheduler28semaphore_wait_hack_requiredEv @ 0x655d20
AUTO: _ZN7HALSITL10SITL_State15_fdm_input_stepEv @ 0x655da0
AUTO: _ZN7HALSITL10SITL_State16_fdm_input_localEv @ 0x655ef0
AUTO: _ZNK7HALSITL9Scheduler22interrupts_are_blockedEv @ 0xa4b990
AUTO: _ZN7HALSITL9Scheduler17sitl_begin_atomicEv @ 0xa4b9f0
AUTO: _ZN7HALSITL9Scheduler11timer_eventEv @ 0xa4ba50
AUTO: _ZN7HALSITL9Scheduler15sitl_end_atomicEv @ 0x656090
AUTO: _ZN7HALSITL10SITL_State16_update_airspeedEf @ 0x656130
AUTO: _ZN7HALSITL10SITL_State19_update_rangefinderEv @ 0x6564a0
AUTO: _ZNK7HALSITL10SITL_State18_sonar_pin_voltageEv @ 0x656500
AUTO: _ZN7AP_Baro24get_EAS2TAS_for_alt_amslEf @ 0x656670
AUTO: _ZL2sqf.11982 @ 0x6566f0
AUTO: _ZN7AP_Baro28get_air_density_for_alt_amslEf @ 0x656740
AUTO: _ZL3MAXIffEDTqugtfp_fp0_fp_fp0_ERKT_RKT0_.1713 @ 0x656910
AUTO: _ZN7HALSITL9Scheduler16_run_timer_procsEv @ 0x656990
AUTO: _ZN7HALSITL10SITL_State17_simulator_servosER10sitl_input @ 0x656a90
AUTO: _ZN4SITL11JSON_Master7receiveER10sitl_input @ 0x657720
AUTO: _ZN7HALSITL10SITL_State22multicast_servo_updateER10sitl_input @ 0x657bc0
AUTO: _ZN4SITL8Aircraft11update_homeEv @ 0x657ca0
AUTO: _ZN4SITL8Aircraft12update_modelERK10sitl_input @ 0x657e00
AUTO: _ZN4SITL8Aircraft8fill_fdmERNS_8sitl_fdmE @ 0x657ea0
AUTO: _ZN7HALSITL8CANIface14num_interfacesEv @ 0xa4baf0
AUTO: _ZNK4SITL8Aircraft20get_position_relhomeEv @ 0x658a70
AUTO: _ZN4SITL11JSON_Master4sendERKNS_8sitl_fdmERK7Vector3IdE @ 0x658b30
AUTO: _ZN7HALSITL17SITL_State_Common10sim_updateEv @ 0x658dd0
AUTO: _ZN7HALSITL10SITL_State14set_height_aglEv @ 0x659620
AUTO: _ZNK4SITL8Aircraft15get_velocity_efEv @ 0xa4bb80
AUTO: _ZN4SITL3GPS6updateEv @ 0x65a9f0
AUTO: _ZN4SITL12SerialDevice17init_sitl_pointerEv @ 0x65c140
AUTO: _ZN4SITL3GPS24check_backend_allocationEv @ 0x65c1d0
AUTO: _ZN4SITL3GPS16interpolate_dataERKNS_8GPS_DataEj @ 0x65c7e0
AUTO: _ZL3MAXIifEDTqugtfp_fp0_fp_fp0_ERKT_RKT0_.12703 @ 0x65d170
AUTO: _ZNK4SITL11GPS_Backend11device_baudEv @ 0xa4c1a0
AUTO: _ZN4SITL11GPS_Backend11update_readEv @ 0x65d2f0
AUTO: _ZNK4SITL11GPS_Backend18write_to_autopilotEPKcm @ 0x65d640
AUTO: _ZNK4SITL11GPS_Backend19read_from_autopilotEPcm @ 0x65d6c0
AUTO: _ZN4SITL11GPS_Backend8gps_timeEv @ 0x65e160
AUTO: _ZNK7Vector2IdE6lengthEv @ 0xa4c3c0
AUTO: _ZN4SITL11GPS_Backend18simulation_timevalEP7timeval @ 0x65ea90
AUTO: _ZN4SITL9GPS_UBlox7publishEPKNS_8GPS_DataE @ 0x661960
AUTO: _Z4normIddJdEEdT_T0_DpKT1_ @ 0xa4ca60
AUTO: _ZL7degreesf.12791 @ 0x662430
AUTO: _ZN4SITL9GPS_UBlox8send_ubxEhPht @ 0x662960
AUTO: _ZL3MAXIiiEDTqugtfp_fp0_fp_fp0_ERKT_RKT0_.12792 @ 0x662b30
AUTO: _ZNK7Vector3IfE6is_nanEv @ 0xa4cae0
AUTO: _ZN7Matrix3IfE6rotateERK7Vector3IfE @ 0xa4cbb0
AUTO: _ZN7Matrix3IfEpLERKS0_ @ 0xa4cdd0
AUTO: _ZNK7Matrix3IfEplERKS0_ @ 0xa4ce60
AUTO: _Z2sqIdJddEEdT_DpKT0_ @ 0xa4cf80
AUTO: _ZNK11QuaternionTIfE8to_eulerERfS1_S1_ @ 0xa4d020
AUTO: _ZNK11QuaternionTIfE13get_euler_yawEv @ 0xa4d130
AUTO: _ZNK7Vector3IdEplERKS0_ @ 0xa4db30
AUTO: _ZN7Vector3IdEpLERKS0_ @ 0xa4dbd0
AUTO: _ZN7Matrix3IdEC2Ev @ 0xa4dc70
AUTO: _ZN7Matrix3IdE10from_eulerEddd @ 0xa4dcf0
AUTO: _ZNK7Matrix3IdEmlERK7Vector3IdE @ 0xa4deb0
AUTO: _ZNK7Vector3IdEmiERKS0_ @ 0xa4e6a0
AUTO: _Z11wrap_360_cdf @ 0x66c650
AUTO: _ZNK7Vector3IdE6lengthEv @ 0xa4e800
AUTO: _ZN7Vector3IdE4zeroEv @ 0xa4e860
AUTO: _ZNK7Vector3IdEmlEd @ 0xa4e8c0
AUTO: _ZNK7Matrix3IfE10transposedEv @ 0xa4ea90
AUTO: _ZN7Matrix3IfE9normalizeEv @ 0xa4ec60
AUTO: _ZNK8Location22get_distance_NE_doubleERKS_ @ 0x66fc00
AUTO: _ZN7Vector3IdE2xyEv @ 0xa4ef30
AUTO: _ZN7Vector2IdEpLERKS0_ @ 0xa4ef80
AUTO: _ZL7degreesf.14500 @ 0x670b50
AUTO: _ZNK7Matrix3IfE8to_eulerEPfS1_S1_ @ 0xa4f000
AUTO: _ZNK7AP_EnumI8RotationEcvKS0_Ev @ 0xa4f120
AUTO: _ZNK8HAL_SITL32get_uart_output_full_queue_countEv @ 0x670c20
AUTO: _ZNK4SITL8Aircraft16get_wall_time_usEv @ 0x670d60
AUTO: _ZNK7Vector3IdEdvEd @ 0xa4f300
AUTO: _ZN4SITL8Aircraft12time_advanceEv @ 0x670de0
AUTO: _ZN4SITL8Aircraft15sync_frame_timeEv @ 0x670e80
AUTO: _ZN9AP_Logger14WriteStreamingEPKcS1_S1_S1_S1_z @ 0x671180
AUTO: _ZL3MAXI9AP_ParamTIfL11ap_var_type4EEdEDTqugtfp_fp0_fp_fp0_ERKT_RKT0_.11827 @ 0x6714f0
AUTO: _Z21calc_lowpass_alpha_dtff @ 0x671590
AUTO: _ZL3MAXIfiEDTqugtfp_fp0_fp_fp0_ERKT_RKT0_.11828 @ 0x6716c0
AUTO: _ZNK4SITL16FETtecOneWireESC7enabledEv @ 0xa4f6c0
AUTO: _ZNK4SITL4Volz7enabledEv @ 0xa4f730
AUTO: _ZN7HALSITL17SITL_State_Common22update_voltage_currentER10sitl_inputf @ 0x671990
AUTO: _ZN8AP_Param18eeprom_write_checkEPKvth @ 0x6743c0
AUTO: _ZN8AP_Param14write_sentinalEt @ 0x674450
AUTO: _ZNK4SITL8Aircraft22rangefinder_beam_widthEv @ 0xa51630
AUTO: _ZNK4SITL8Aircraft45perpendicular_distance_to_rangefinder_surfaceEv @ 0x6750e0
AUTO: _ZN4SITL8Aircraft23update_external_payloadERK10sitl_input @ 0x676c00
AUTO: _ZN4SITL8Aircraft15update_positionEv @ 0x677090
AUTO: _ZN4SITL8Aircraft19update_mag_field_bfEv @ 0x6776b0
AUTO: _ZN7Vector2IdEmIERKS0_ @ 0xa51680
AUTO: _ZNK4SITL7Sprayer10is_enabledEv @ 0xa51710
AUTO: _ZN4SITL3I2C6updateERKNS_8AircraftE @ 0x678480
AUTO: _ZNK4SITL6Buzzer10is_enabledEv @ 0xa517c0
AUTO: _ZNK4SITL13Gripper_Servo10is_enabledEv @ 0xa51820
AUTO: _ZNK4SITL11Gripper_EPM10is_enabledEv @ 0xa518e0
AUTO: _ZNK4SITL9Parachute10is_enabledEv @ 0xa51990
AUTO: _ZNK4SITL12SIM_Precland10is_enabledEv @ 0xa519f0
AUTO: _ZN4SITL7ShipSim6updateEv @ 0x679450
AUTO: _ZN7Vector2IfEpLERKS0_ @ 0xa51b30
AUTO: _ZNK7Vector3IdE14length_squaredEv @ 0xa53aa0
AUTO: _ZNK7Vector3IdEmlERKS0_ @ 0xa53c10
AUTO: _ZNK7AP_AHRS11get_EAS2TASEv @ 0x67f4b0
AUTO: _ZNK7Vector3IfE10normalizedEv @ 0xa53d30
AUTO: _ZNK7Vector3IdE7is_zeroEv @ 0xa53dc0
AUTO: _ZN7Vector3IfE2xyEv @ 0xa53e70
AUTO: _ZN7Vector2IfE4zeroEv @ 0xa53ec0
AUTO: _ZN7Vector3IfEmIERKS0_ @ 0xa53f20
AUTO: _ZNK7Vector3IfE14length_squaredEv @ 0xa53fc0
AUTO: _ZNK9AP_ParamTIfL11ap_var_type4EEplERKS1_ @ 0xa541d0
AUTO: _ZN13LowPassFilterIfE5applyERKfS2_ @ 0xa54960
AUTO: _Z11is_positived @ 0xa55070
AUTO: _ZN7Vector3IfE9normalizeEv @ 0xa55850
AUTO: _ZN13AP_Filesystem4readEiPvj @ 0x6965a0
AUTO: _ZN7Vector3IdEmIERKS0_ @ 0xa5fad0
AUTO: _ZL7radiansd.14806 @ 0x6a3b10
AUTO: _ZN4SITL8SimRover6updateERK10sitl_input @ 0x6a7200
AUTO: _ZN4SITL8SimRover24update_ackermann_or_skidERK10sitl_inputf @ 0x6a7920
AUTO: _ZL7radiansf.13800 @ 0x6a7d60
AUTO: _ZN4SITL8SimRover13calc_yaw_rateEff @ 0x6a7dc0
AUTO: _ZNK4SITL8SimRover11turn_circleEf @ 0x6a7f80
AUTO: _ZN7HALSITL7Storage10read_blockEPvtm @ 0x6b63f0
AUTO: _ZN7HALSITL7Storage11write_blockEtPKvm @ 0x6b64c0
AUTO: _ZN7HALSITL7Storage11_timer_tickEv @ 0x6b65e0
AUTO: _ZNK7BitmaskILt2048EE5emptyEv @ 0xa61240
AUTO: _ZNK7BitmaskILt2048EE3getEt @ 0xa612e0
AUTO: _ZN10AP_RAMTRON5writeEjPKhj @ 0x6b6950
AUTO: _ZN7BitmaskILt2048EE5clearEt @ 0xa613b0
AUTO: _ZNK8HAL_SITL25get_storage_posix_enabledEv @ 0xa61470
AUTO: _ZNK7BitmaskILt2048EE8validateEt @ 0xa61530
AUTO: _ZNK10AP_RAMTRON8get_sizeEv @ 0xa615c0
AUTO: _ZN7HALSITL7Storage13_storage_openEv @ 0x6b6fd0
AUTO: _ZN7HALSITL7Storage11_mark_dirtyEtt @ 0x6b72e0
AUTO: _ZN7BitmaskILt2048EE3setEt @ 0xa61660
AUTO: _ZNK15ExpandingString10get_lengthEv @ 0xa620b0
AUTO: _ZNK15ExpandingString10get_stringEv @ 0xa62100
AUTO: _ZN15ExpandingStringC2Ev @ 0xa621a0
AUTO: _ZN17AP_Filesystem_Sys4openEPKcib @ 0x6ba160
AUTO: _ZN17AP_Filesystem_Sys5closeEi @ 0x6ba6f0
AUTO: _ZN17AP_Filesystem_Sys4readEiPvj @ 0x6ba7f0
AUTO: _ZN17AP_Filesystem_Sys13file_in_sysfsEPKc @ 0x6baed0
AUTO: _ZL3MINIjjEDTqultfp_fp0_fp_fp0_ERKT_RKT0_.8748 @ 0x6bb000
AUTO: _ZNK15ExpandingString21has_failed_allocationEv @ 0xa62510
AUTO: _ZN8AP_Param9save_syncEbb @ 0x6bda50
AUTO: _ZN19AP_Filesystem_ROMFS4openEPKcib @ 0x6be030
AUTO: _ZN8AP_ROMFS15find_decompressEPKcRj @ 0x6bf190
AUTO: _ZN8AP_ROMFS9find_fileEPKc @ 0x6bf370
AUTO: _ZN6AP_DAL9end_frameEv @ 0x6c3710
AUTO: _ZN6AP_DAL15WriteLogMessageE11LogMessagesPvPKvh @ 0x6c3790
AUTO: _ZN9AP_Logger16WriteReplayBlockEhPKvt @ 0x6c38b0
AUTO: _ZNK9AP_Logger10log_replayEv @ 0xa62dc0
AUTO: _ZNK7NavEKF317option_is_enabledENS_6OptionE @ 0xa62e20
AUTO: _ZNK6AP_DAL6millisEv @ 0xa62ea0
AUTO: _ZNK12NavEKF3_core10errorScoreEv @ 0x6c3f10
AUTO: _ZNK12NavEKF3_core16have_aligned_yawEv @ 0xa62ef0
AUTO: _ZNK12NavEKF3_core17have_aligned_tiltEv @ 0xa62f50
AUTO: _ZNK12NavEKF3_core24getLastPosNorthEastResetER7Vector2IfE @ 0x6c4760
AUTO: _ZNK7Vector2IdEmiERKS0_ @ 0xa62fb0
AUTO: _ZNK12NavEKF3_core14getEulerAnglesER7Vector3IfE @ 0x6c4860
AUTO: _ZNK11QuaternionTIdE8to_eulerER7Vector3IfE @ 0xa63040
AUTO: _ZNK6AP_DAL8get_trimEv @ 0xa630c0
AUTO: _ZNK11QuaternionTIdE8to_eulerERfS1_S1_ @ 0xa63120
AUTO: _ZNK11QuaternionTIdE14get_euler_rollEv @ 0xa631e0
AUTO: _ZNK11QuaternionTIdE15get_euler_pitchEv @ 0xa63290
AUTO: _ZNK11QuaternionTIdE13get_euler_yawEv @ 0xa63310
AUTO: _Z9safe_asinIdEfT_ @ 0xa633c0
AUTO: _ZL3MAXIfdEDTqugtfp_fp0_fp_fp0_ERKT_RKT0_.4176 @ 0x6c4920
AUTO: _ZNK12NavEKF3_core20assume_zero_sideslipEv @ 0x6c49c0
AUTO: _ZN6AP_DAL8airspeedEv @ 0xa634a0
AUTO: _ZNK6AP_DAL15get_fly_forwardEv @ 0xa63540
AUTO: _ZNK6AP_DAL17get_vehicle_classEv @ 0xa635b0
AUTO: _ZN19RestrictIDTypeArrayIP17CompassCalibratorLj3E14typesafe_indexIh12TAG_PriorityEEixERKS4_ @ 0xa636c0
AUTO: _ZNK9AP_Logger10should_logEj @ 0x6ce910
AUTO: _ZNK6AP_GPS9time_weekEh @ 0xa64140
AUTO: _ZNK6AP_GPS12time_week_msEh @ 0xa641b0
AUTO: _ZN3GCS12send_messageE10ap_message @ 0x6cf1b0
AUTO: _ZNK6AP_GPS15time_epoch_usecEh @ 0x6cf260
AUTO: _ZNK14AP_GPS_Backend16get_last_itow_msEv @ 0x6cf3d0
AUTO: _ZN6AP_GPS23istate_time_to_epoch_msEtj @ 0x6cf490
AUTO: _ZN10AC_Sprayer3runEb @ 0x6cf9a0
AUTO: _ZNK7Vector2IfE6is_nanEv @ 0xa650b0
AUTO: _ZN2AP8ac_avoidEv @ 0x6dd810
AUTO: _ZN8AC_Avoid13get_singletonEv @ 0xa65bb0
AUTO: _ZNK10AP_Gripper7enabledEv @ 0xa65c60
AUTO: _ZN10AP_Vehicle13update_armingEv @ 0x6dddb0
AUTO: _ZN7FunctorIvJEE14method_wrapperI10AP_VehicleXadL_ZNS2_13update_armingEvEEEEvPv @ 0xa66ce0
AUTO: _ZN9AP_Arming6updateEv @ 0x6dde00
AUTO: _ZN8AP_Stats6updateEv @ 0x6ddef0
AUTO: _ZN7FunctorIvJEE14method_wrapperI8AP_StatsXadL_ZNS2_6updateEvEEEEvPv @ 0xa66d90
AUTO: _ZN8AP_Stats17update_flighttimeEv @ 0x6de0a0
AUTO: _ZN8AP_Stats14update_runtimeEv @ 0x6de170
AUTO: _ZN8AP_Stats5flushEv @ 0x6de210
AUTO: _ZN13AP_ParamTBaseIiL11ap_var_type3EE22set_and_save_ifchangedERKi @ 0xa66e40
AUTO: _ZN10AP_Filters6updateEv @ 0x6de390
AUTO: _ZN7FunctorIvJEE14method_wrapperI10AP_FiltersXadL_ZNS2_6updateEvEEEEvPv @ 0xa66ed0
AUTO: _ZN10AP_Vehicle17check_motor_noiseEv @ 0x6df4d0
AUTO: _ZN7FunctorIvJEE14method_wrapperI10AP_VehicleXadL_ZNS2_17check_motor_noiseEvEEEEvPv @ 0xa67780
AUTO: _ZNK10AP_GyroFFT15check_esc_noiseEv @ 0xa67830
AUTO: _ZNK17NotchFilterParams7enabledEv @ 0xa67a60
AUTO: _ZN10AP_Vehicle13one_Hz_updateEv @ 0x6dfbb0
AUTO: _ZN7FunctorIvJEE14method_wrapperI10AP_VehicleXadL_ZNS2_13one_Hz_updateEvEEEEvPv @ 0xa67ab0
AUTO: _ZN12AP_Scripting6updateEv @ 0x6dfc90
AUTO: _ZN16AP_SerialManager20registered_ports_logEv @ 0x6dfce0
AUTO: _ZN12AP_Scripting13save_checksumEv @ 0x6dfdc0
AUTO: _ZN10AP_Gripper6updateEv @ 0x6dfec0
AUTO: _ZN7FunctorIvJEE14method_wrapperI10AP_GripperXadL_ZNS2_6updateEvEEEEvPv @ 0xa67bf0
AUTO: _ZN6AP_EFI6updateEv @ 0x6e0030
AUTO: _ZN7FunctorIvJEE14method_wrapperI6AP_EFIXadL_ZNS2_6updateEvEEEEvPv @ 0xa67ca0
AUTO: _ZN6AP_AIS6updateEv @ 0x6e04b0
AUTO: _ZN7FunctorIvJEE14method_wrapperI6AP_AISXadL_ZNS2_6updateEvEEEEvPv @ 0xa67d50
AUTO: _ZNK6AP_AIS7enabledEv @ 0x6e0d10
AUTO: _ZN2AP10oadatabaseEv @ 0x6e35d0
AUTO: _ZNK13AP_OADatabase7healthyEv @ 0xa67f10
AUTO: _ZNK7AP_AHRS37get_relative_position_NE_origin_floatER7Vector2IfE @ 0x6e3610
AUTO: _ZNK7AP_AHRS31get_relative_position_NE_originER7Vector2IdE @ 0x6e3bc0
AUTO: _ZN13AP_OADatabase13get_singletonEv @ 0xa681a0
AUTO: _ZN8AC_Fence6updateEv @ 0x6e4310
AUTO: _ZN7FunctorIvJEE14method_wrapperI8AC_FenceXadL_ZNS2_6updateEvEEEEvPv @ 0xa681e0
AUTO: _ZN19AC_PolyFence_loader6updateEv @ 0x6e4440
AUTO: _ZN19AC_PolyFence_loader17load_from_storageEv @ 0x6e4530
AUTO: _ZN10AP_Vehicle16accel_cal_updateEv @ 0x6e5990
AUTO: _ZN7FunctorIvJEE14method_wrapperI10AP_VehicleXadL_ZNS2_16accel_cal_updateEvEEEEvPv @ 0xa683c0
AUTO: _ZN20AP_TemperatureSensor6updateEv @ 0x6e7130
AUTO: _ZN7FunctorIvJEE14method_wrapperI20AP_TemperatureSensorXadL_ZNS2_6updateEvEEEEvPv @ 0xa684c0
AUTO: _ZN10AP_Vehicle16publish_osd_infoEv @ 0x6e73f0
AUTO: _ZN7FunctorIvJEE14method_wrapperI10AP_VehicleXadL_ZNS2_16publish_osd_infoEvEEEEvPv @ 0xa68610
AUTO: _ZN6AP_OSD12set_nav_infoERNS_7NavInfoE @ 0x6e7510
AUTO: _ZN6AP_RPM6updateEv @ 0x6e7580
AUTO: _ZN7FunctorIvJEE14method_wrapperI6AP_RPMXadL_ZNS2_6updateEvEEEEvPv @ 0xa686c0
AUTO: _ZNK6AP_RPM7Log_RPMEv @ 0x6e7760
AUTO: _ZNK6AP_RPM7enabledEh @ 0x6e7880
AUTO: _ZN14AP_OpenDroneID6updateEv @ 0x6e7930
AUTO: _ZN7FunctorIvJEE14method_wrapperI14AP_OpenDroneIDXadL_ZNS2_6updateEvEEEEvPv @ 0xa687e0
AUTO: _ZNK6AP_GPS8velocityEv @ 0xa6a080
AUTO: _ZNK7AP_AHRS18groundspeed_vectorEv @ 0xa6a160
AUTO: _ZNK8Location12check_latlngEv @ 0x6ebfc0
AUTO: _ZNK6AP_GPS14speed_accuracyEhRf @ 0x6ec620
AUTO: _ZNK6AP_GPS17vertical_accuracyEhRf @ 0x6ec6f0
AUTO: _ZNK6AP_GPS19horizontal_accuracyEhRf @ 0x6ec7c0
AUTO: _ZNK6AP_GPS14get_undulationEhRf @ 0x6ec890
AUTO: _ZNK6AP_GPS8velocityEh @ 0xa6a3c0
AUTO: _ZN12AP_Generator6updateEv @ 0x6ec960
AUTO: _ZN7FunctorIvJEE14method_wrapperI12AP_GeneratorXadL_ZNS2_6updateEvEEEEvPv @ 0xa6a490
AUTO: _ZN14AP_Servo_Telem6updateEv @ 0x6ec9d0
AUTO: _ZN7FunctorIvJEE14method_wrapperI14AP_Servo_TelemXadL_ZNS2_6updateEvEEEEvPv @ 0xa6a540
AUTO: _ZN14AP_Servo_Telem9write_logEv @ 0x6eca20
AUTO: _ZN12AP_ESC_Telem6updateEv @ 0x6eced0
AUTO: _ZN7FunctorIvJEE14method_wrapperI12AP_ESC_TelemXadL_ZNS2_6updateEvEEEEvPv @ 0xa6a5f0
AUTO: _ZN6AP_HAL15timeout_expiredIjjmEEbT_T0_T1_ @ 0xa6a6a0
AUTO: _ZN10AP_Vehicle30send_watchdog_reset_statustextEv @ 0x6ed3e0
AUTO: _ZN7FunctorIvJEE14method_wrapperI10AP_VehicleXadL_ZNS2_30send_watchdog_reset_statustextEvEEEEvPv @ 0xa6a720
AUTO: _ZN8AP_Tramp6updateEv @ 0x6ed540
AUTO: _ZN7FunctorIvJEE14method_wrapperI8AP_TrampXadL_ZNS2_6updateEvEEEEvPv @ 0xa6a7d0
AUTO: _ZN10AP_VideoTX6updateEv @ 0x6ee520
AUTO: _ZN7FunctorIvJEE14method_wrapperI10AP_VideoTXXadL_ZNS2_6updateEvEEEEvPv @ 0xa6aa00
AUTO: _ZN10AP_Vehicle38update_dynamic_notch_at_specified_rateEv @ 0x6ee750
AUTO: _ZN7FunctorIvJEE14method_wrapperI10AP_VehicleXadL_ZNS2_38update_dynamic_notch_at_specified_rateEvEEEEvPv @ 0xa6aab0
AUTO: _ZNK25HarmonicNotchFilterParams9hasOptionENS_7OptionsE @ 0xa6ab60
AUTO: _ZN10AP_Vehicle20update_dynamic_notchERN17AP_InertialSensor13HarmonicNotchE @ 0x6ee8a0
AUTO: _ZN10AP_GyroFFT17update_parametersEv @ 0xa6af00
AUTO: _ZN7FunctorIvJEE14method_wrapperI10AP_GyroFFTXadL_ZNS2_17update_parametersEvEEEEvPv @ 0xa6af50
AUTO: _ZN10AP_GyroFFT17update_parametersEb @ 0x6ef810
AUTO: _ZN10AP_GyroFFT6updateEv @ 0x6efbb0
AUTO: _ZN7FunctorIvJEE14method_wrapperI10AP_GyroFFTXadL_ZNS2_6updateEvEEEEvPv @ 0xa6b000
AUTO: _ZN14AP_NMEA_Output6updateEv @ 0x6efd40
AUTO: _ZN7FunctorIvJEE14method_wrapperI14AP_NMEA_OutputXadL_ZNS2_6updateEvEEEEvPv @ 0xa6b0b0
AUTO: _ZN7FunctorIvJEE14method_wrapperI9AP_NotifyXadL_ZNS2_6updateEvEEEEvPv @ 0xa6b160
AUTO: _ZN7Compass10cal_updateEv @ 0x6f0db0
AUTO: _ZN7FunctorIvJEE14method_wrapperI7CompassXadL_ZNS2_10cal_updateEvEEEEvPv @ 0xa6b210
AUTO: _ZN11AP_Airspeed6updateEv @ 0x6f1900
AUTO: _ZN7FunctorIvJEE14method_wrapperI11AP_AirspeedXadL_ZNS2_6updateEvEEEEvPv @ 0xa6b320
AUTO: _ZNK11AP_Airspeed11get_primaryEv @ 0xa6b4b0
AUTO: _ZN10AP_GyroFFT12sample_gyrosEv @ 0x6f3bb0
AUTO: _ZN7FunctorIvJEE14method_wrapperI10AP_GyroFFTXadL_ZNS2_12sample_gyrosEvEEEEvPv @ 0xa6b500
AUTO: _ZN10AP_Vehicle4loopEv @ 0x6f4430
AUTO: _ZN12AP_Scheduler4loopEv @ 0x6f46d0
AUTO: _ZN12AP_Scheduler17get_loop_period_sEv @ 0xa6e3e0
AUTO: _ZN17AP_InertialSensor15wait_for_sampleEv @ 0x6f4c70
AUTO: _ZN12AP_Scheduler4tickEv @ 0x6f51b0
AUTO: _ZN12AP_Scheduler3runEj @ 0x6f5210
AUTO: _ZN2AP8PerfInfo15check_loop_timeEj @ 0x6f57c0
AUTO: _ZL15fill_nanf_stackv @ 0x6f5950
AUTO: _ZN2AP8PerfInfo16update_task_infoEhtb @ 0x6f59a0
AUTO: _ZNK7AP_AHRS24_get_primary_accel_indexEv @ 0x6fc370
AUTO: _ZNK7AP_AHRS22_get_primary_IMU_indexEv @ 0x6fc3c0
AUTO: _ZNK7NavEKF322getPrimaryCoreIMUIndexEv @ 0x6fc520
AUTO: _ZNK17AP_InertialSensor21get_first_usable_gyroEv @ 0xa6e850
AUTO: _ZNK12NavEKF3_core11getIMUIndexEv @ 0xa6e8a0
AUTO: _ZNK14AP_BattMonitor17has_cell_voltagesEh @ 0x6fc650
AUTO: _ZN2AP3EFIEv @ 0x6fcea0
AUTO: _ZN6AP_EFI13get_singletonEv @ 0xa6f230
AUTO: _ZN7FunctorIvJEE14method_wrapperI10AP_VehicleXadL_ZNS2_18fence_checks_asyncEvEEEEvPv @ 0xa6fbd0
AUTO: _ZN13AP_Filesystem5writeEiPKvj @ 0x6fdb10
AUTO: _ZL3MAXIjjEDTqugtfp_fp0_fp_fp0_ERKT_RKT0_.4125 @ 0x70c160
AUTO: _ZN15ekf_ring_buffer4pushEPKv @ 0x70c1e0
AUTO: _ZNK15ekf_ring_buffer10get_offsetEh @ 0x70c2e0
AUTO: _ZL7radiansf.4130 @ 0x70d680
AUTO: _ZN11QuaternionTIdEC2Edddd @ 0xa74a00
AUTO: _ZN11QuaternionTIfEmLERKS0_ @ 0xa74ab0
AUTO: _ZN2AP5statsEv @ 0x70fde0
AUTO: _ZN8AP_Stats13get_singletonEv @ 0xa759a0
AUTO: _ZNK7AP_AHRS8get_gyroEv @ 0xa78420
AUTO: _ZNK7AP_AHRS17airspeed_estimateERf @ 0x73b660
AUTO: _ZNK17AP_InertialSensor20get_vibration_levelsEv @ 0xa784e0
AUTO: _ZNK17AP_InertialSensor20get_vibration_levelsEh @ 0x73b760
AUTO: _ZNK10DigitalLPFI7Vector3IfEE3getEv @ 0xa78560
AUTO: _ZNK11QuaternionTIdE7is_zeroEv @ 0xa78610
AUTO: _ZN12NavEKF3_core18getEarthFieldTableERK8Location @ 0x73ce30
AUTO: _ZN14AP_Declination15get_declinationEff @ 0x73cf30
AUTO: _ZNK12NavEKF3_core14MagDeclinationEv @ 0x73cfc0
AUTO: _ZN12NavEKF3_core8zeroRowsERA24_A24_dhh @ 0x73d0a0
AUTO: _ZN12NavEKF3_core8zeroColsERA24_A24_dhh @ 0x73d160
AUTO: _ZN18NavEKF_core_common10zero_rangeEPdhh @ 0xa787b0
AUTO: _ZN12NavEKF3_core13ForceSymmetryEv @ 0x73e280
AUTO: _ZN12NavEKF3_core18ConstrainVariancesEv @ 0x73e3d0
AUTO: _ZN11QuaternionTIdE9normalizeEv @ 0xa78840
AUTO: _ZNK11QuaternionTIdE6lengthEv @ 0xa78920
AUTO: _Z20constrain_value_lineIdET_S0_S0_S0_j @ 0xa789e0
AUTO: _Z2sqI9AP_ParamTIfL11ap_var_type4EEEdT_ @ 0xa78b00
AUTO: _ZNK9AP_ParamTIfL11ap_var_type4EEcvdEv @ 0xa78b60
AUTO: _ZL7radiansf.4333 @ 0x73ee40
AUTO: _ZL2sqf.4255 @ 0x73f960
AUTO: _ZNK8Location21get_distance_NE_ftypeERKS_ @ 0x73fab0
AUTO: _ZN16EKF_IMU_buffer_tIN12NavEKF3_core15output_elementsEEixEj @ 0xa78c80
AUTO: _ZNK14ekf_imu_buffer3getEh @ 0x73fd60
AUTO: _ZNK14ekf_imu_buffer10get_offsetEh @ 0x73fdc0
AUTO: _ZNK14AP_BattMonitor11consumed_whERfh @ 0x741960
AUTO: _ZNK6AP_GPS8get_vdopEh @ 0xa78de0
AUTO: _ZNK6AP_GPS16last_fix_time_msEh @ 0xa78e50
AUTO: _ZNK6AP_GPS20last_message_time_msEh @ 0xa78ec0
AUTO: _ZNK6AP_GPS22have_vertical_velocityEh @ 0xa78f30
AUTO: _ZNK6AP_GPS18get_antenna_offsetEh @ 0x743ad0
AUTO: _ZNK14AP_GPS_Blended18get_antenna_offsetEv @ 0xa78fb0
AUTO: _ZNK6AP_GPS11gps_yaw_degEhRfS0_Rj @ 0x743ba0
AUTO: _ZNK6AP_GPS11is_rtk_baseEh @ 0x743d90
AUTO: _ZNK6AP_GPS12have_gps_yawEh @ 0xa79000
AUTO: _ZNK12AP_Proximity10get_statusEv @ 0x744ad0
AUTO: _ZNK12AP_Proximity11num_sensorsEv @ 0xa790a0
AUTO: _ZNK11RangeFinder11num_sensorsEv @ 0xa790f0
AUTO: _ZNK10AP_Vehicle18get_time_flying_msEv @ 0xa795b0
AUTO: _ZN12SRV_Channels23get_output_channel_maskEN11SRV_Channel8FunctionE @ 0x74b8f0
AUTO: _ZN11SRV_Channel9output_chEv @ 0x74c710
AUTO: _ZN11SRV_Channel12set_overrideEb @ 0xa797b0
AUTO: _ZN12SRV_Channels17set_output_scaledEN11SRV_Channel8FunctionEf @ 0x74d030
AUTO: _ZNK10AP_Mission5stateEv @ 0xa79b70
AUTO: _ZN10AP_Mission12get_next_cmdEtRNS_15Mission_CommandEbb @ 0x751e70
AUTO: _ZN10AP_Mission10is_nav_cmdERKNS_15Mission_CommandE @ 0x752160
AUTO: _ZN10AP_Mission23advance_current_nav_cmdEt @ 0x752210
AUTO: _ZN10AP_Mission8completeEv @ 0x7525c0
AUTO: _ZN10AP_Mission13start_commandERKNS_15Mission_CommandE @ 0x752630
AUTO: _ZN9AP_Logger10Write_MISEERK10AP_MissionRKNS0_15Mission_CommandE @ 0xa79bc0
AUTO: _ZNK10AP_Mission19is_landing_type_cmdEt @ 0x752ae0
AUTO: _ZNK10AP_Mission19is_takeoff_type_cmdEt @ 0x752b90
AUTO: _ZNK10AP_Mission15Mission_Command4typeEv @ 0x752c20
AUTO: _ZNK7FunctorIbJRKN10AP_Mission15Mission_CommandEEEclES3_ @ 0xa79c40
AUTO: _ZN19AP_ServoRelayEvents13update_eventsEv @ 0x756040
AUTO: _ZN9AP_Logger17Write_Mission_CmdERK10AP_MissionRKNS0_15Mission_CommandE11LogMessages @ 0x7561d0
AUTO: _ZN17AP_Logger_Backend17Write_Mission_CmdERK10AP_MissionRKNS0_15Mission_CommandE11LogMessages @ 0x756290
AUTO: _ZN10AP_Mission6resumeEv @ 0x756f80
AUTO: _ZN10AP_Mission5startEv @ 0x7571b0
AUTO: _ZN10AP_Mission16get_next_nav_cmdEtRNS_15Mission_CommandE @ 0x757580
AUTO: _ZNK9AP_Follow11have_targetEv @ 0x75a5e0
AUTO: _ZN9AP_Follow13get_singletonEv @ 0xa7a950
AUTO: _ZN18AR_AttitudeControl21get_steering_rate_pidEv @ 0xa7a9e0
AUTO: _ZNK6AC_PID12get_pid_infoEv @ 0xa7aa30
AUTO: _ZN12AP_Scripting19is_handling_commandEt @ 0x75ef60
AUTO: _ZNK7Vector3IfE6is_infEv @ 0xa7b410
AUTO: _ZN7Vector2IfE9normalizeEv @ 0xa7b740
AUTO: _ZN7Vector2IfEdVEf @ 0xa7b7a0
AUTO: _ZNK7Vector2IfE6is_infEv @ 0xa7b820
AUTO: _ZL3MAXIjjEDTqugtfp_fp0_fp_fp0_ERKT_RKT0_.5595 @ 0x791640
AUTO: _ZN9AP_Logger19file_content_updateEv @ 0x791840
AUTO: _ZN9AP_Logger19file_content_updateERNS_11FileContentE @ 0x7919a0
AUTO: _ZN9AP_Logger11FileContent15remove_and_freeEPNS_9file_listE @ 0x791c50
AUTO: _ZN9AP_Logger24WriteBlock_first_succeedEPKvt @ 0x791db0
AUTO: _ZN17AP_Logger_Backend13Write_MessageEPKc @ 0x7921e0
AUTO: _ZN17AP_Logger_Backend14periodic_tasksEv @ 0x794200
AUTO: _ZNK17AP_Logger_Backend13StartNewLogOKEv @ 0x7945f0
AUTO: _ZN17AP_Logger_Backend24WriteMoreStartupMessagesEv @ 0x7946d0
AUTO: _ZNK17AP_Logger_Backend15logging_enabledEv @ 0x7966f0
AUTO: _ZN17AP_Logger_Backend13periodic_10HzEj @ 0x796820
AUTO: _ZN17AP_Logger_Backend12periodic_1HzEv @ 0x796870
AUTO: _ZN17AP_Logger_Backend15push_log_blocksEv @ 0x796900
AUTO: _ZN17AP_Logger_Backend12df_stats_logEv @ 0x796960
AUTO: _ZN17AP_Logger_Backend26Write_AP_Logger_Stats_FileERKNS_8df_statsE @ 0x7969d0
AUTO: _ZN17AP_Logger_Backend14df_stats_clearEv @ 0x796ae0
AUTO: _ZNK17AP_Logger_Backend31critical_message_reserved_spaceEj @ 0xa7d8f0
AUTO: _ZN17AP_Logger_Backend15df_stats_gatherEtj @ 0x798fb0
AUTO: _ZNK14AP_Logger_File15logging_startedEv @ 0xa7dd80
AUTO: _ZN14AP_Logger_File21bufferspace_availableEv @ 0x79bcb0
AUTO: _ZNK14AP_Logger_File14logging_failedEv @ 0x79c2c0
AUTO: _ZN14AP_Logger_File8io_timerEv @ 0x79c380
AUTO: _ZN14AP_Logger_File12periodic_1HzEv @ 0x79c950
AUTO: _ZN14AP_Logger_File17periodic_fullrateEv @ 0x79cc00
AUTO: _ZNK14AP_Logger_File8WritesOKEv @ 0x79cc50
AUTO: _ZNK14AP_Logger_File13StartNewLogOKEv @ 0x79cce0
AUTO: _ZN14AP_Logger_File22_WritePrioritisedBlockEPKvtb @ 0x79ce90
AUTO: _ZN7AP_AHRS6updateEb @ 0x79d100
AUTO: _ZN7AP_AHRS18update_orientationEv @ 0x79d440
AUTO: _ZN17AP_InertialSensor6updateEv @ 0x79d540
AUTO: _ZN7AP_AHRS29update_trim_rotation_matricesEv @ 0x79dbb0
AUTO: _ZN7AP_AHRS10update_DCMEv @ 0x79dcc0
AUTO: _ZN7AP_AHRS12update_flagsEv @ 0x79dd60
AUTO: _ZN7AP_AHRS11update_SITLEv @ 0x79de20
AUTO: _ZN7AP_AHRS15update_externalEv @ 0x79ded0
AUTO: _ZN7AP_AHRS11update_EKF2Ev @ 0x79dff0
AUTO: _ZN7AP_AHRS11update_EKF3Ev @ 0x79e4e0
AUTO: _ZNK7AP_AHRS14get_gyro_driftEv @ 0xa7dde0
AUTO: _ZN7AP_AHRS14update_AOA_SSAEv @ 0x79ecd0
AUTO: _ZNK7AP_AHRS16_active_EKF_typeEv @ 0x79ed20
AUTO: _ZN7AP_AHRS12update_stateEv @ 0x79f250
AUTO: _ZNK7AP_AHRS23_get_primary_gyro_indexEv @ 0x79f4f0
AUTO: _ZNK7AP_AHRS23_get_primary_core_indexEv @ 0x79f5a0
AUTO: _ZNK7AP_AHRS14_wind_estimateER7Vector3IfE @ 0x79f670
AUTO: _ZN15AP_AHRS_Backend11get_EAS2TASEv @ 0x79f7a0
AUTO: _ZNK7AP_AHRS13_airspeed_EASERfRNS_20AirspeedEstimateTypeE @ 0x79f7e0
AUTO: _ZNK7AP_AHRS13_airspeed_TASERf @ 0x79fd60
AUTO: _ZNK7AP_AHRS13_airspeed_TASER7Vector3IfE @ 0x79fe70
AUTO: _ZNK7AP_AHRS15_get_quaternionER11QuaternionTIfE @ 0x79ff50
AUTO: _ZNK7AP_AHRS23_get_secondary_attitudeER7Vector3IfE @ 0x7a0110
AUTO: _ZNK7AP_AHRS25_get_secondary_quaternionER11QuaternionTIfE @ 0x7a0310
AUTO: _ZNK7AP_AHRS13_get_locationER8Location @ 0x7a04c0
AUTO: _ZNK7AP_AHRS23_get_secondary_positionER8Location @ 0x7a0640
AUTO: _ZN7AP_AHRS19_groundspeed_vectorEv @ 0x7a0790
AUTO: _ZN7AP_AHRS12_groundspeedEv @ 0x7a08c0
AUTO: _ZNK7AP_AHRS29_getCorrectedDeltaVelocityNEDER7Vector3IfERf @ 0x7a0990
AUTO: _ZNK7AP_AHRS17_get_velocity_NEDER7Vector3IfE @ 0x7a0c20
AUTO: _ZNK7NavEKF39getVelNEDER7Vector3IfE @ 0x7a0de0
AUTO: _ZNK12NavEKF3_core9getVelNEDER7Vector3IfE @ 0x7a1110
AUTO: _ZNK7NavEKF312getAccelBiasEaR7Vector3IfE @ 0x7a1300
AUTO: _ZNK17AP_InertialSensor18get_delta_velocityEhR7Vector3IfERf @ 0x7a13d0
AUTO: _ZNK7AP_AHRS43get_rotation_autopilot_body_to_vehicle_bodyEv @ 0xa7ded0
AUTO: _ZNK17AP_InertialSensor14get_delta_timeEv @ 0xa7df20
AUTO: _ZL3MINIffEDTqultfp_fp0_fp_fp0_ERKT_RKT0_.3149 @ 0x7a1580
AUTO: _ZL3MINIffEDTqultfp_fp0_fp_fp0_ERKT_RKT0_.1609 @ 0x7a1610
AUTO: _ZNK12NavEKF3_core12getAccelBiasER7Vector3IfE @ 0x7a16a0
AUTO: _ZL7radiansf.1596 @ 0x7a1d90
AUTO: _ZN7Vector2IfEmLEf @ 0xa7e090
AUTO: _ZNK7AP_AHRS23_get_secondary_EKF_typeERNS_7EKFTypeE @ 0x7a1de0
AUTO: _ZNK7NavEKF36getLLHER8Location @ 0x7a1fd0
AUTO: _ZNK12NavEKF3_core6getLLHER8Location @ 0x7a2070
AUTO: _ZNK7AP_AHRS24fallback_active_EKF_typeEv @ 0x7a2640
AUTO: _ZNK11AP_AHRS_DCM14get_quaternionER11QuaternionTIfE @ 0x7a2690
AUTO: _ZNK7NavEKF313getQuaternionER11QuaternionTIfE @ 0x7a2790
AUTO: _ZN11QuaternionTIfE6rotateERK7Vector3IfE @ 0xa7e200
AUTO: _ZN11QuaternionTIfE15from_axis_angleE7Vector3IfE @ 0xa7e2b0
AUTO: _ZN15AP_ExternalAHRS14get_quaternionER11QuaternionTIfE @ 0x7a2890
AUTO: _ZNK12NavEKF3_core13getQuaternionER11QuaternionTIfE @ 0x7a2940
AUTO: _ZNK11QuaternionTIdE7tofloatEv @ 0xa7e390
AUTO: _ZNK7NavEKF314getEulerAnglesER7Vector3IfE @ 0x7a2af0
AUTO: _ZNK7NavEKF312getAirSpdVecER7Vector3IfE @ 0x7a2cd0
AUTO: _ZNK12NavEKF3_core12getAirSpdVecER7Vector3IfE @ 0x7a2d70
AUTO: _ZNK11QuaternionTIdE7inverseEv @ 0xa7e410
AUTO: _ZNK7AP_AHRS25get_active_airspeed_indexEv @ 0x7a3170
AUTO: _ZNK7AP_AHRS27_should_use_airspeed_sensorEh @ 0x7a3270
AUTO: _ZNK7AP_AHRS27get_wind_estimation_enabledEv @ 0xa7e4c0
AUTO: _ZNK7NavEKF37getWindER7Vector3IfE @ 0x7a3580
AUTO: _ZNK12NavEKF3_core7getWindER7Vector3IfE @ 0x7a36a0
AUTO: _ZN15AP_AHRS_Backend23airspeed_sensor_enabledEh @ 0xa7e580
AUTO: _ZNK7AP_AHRS23airspeed_sensor_enabledEh @ 0xa7e660
AUTO: _ZNK7AP_AHRS10option_setENS_7OptionsE @ 0xa7e6c0
AUTO: _ZNK7NavEKF317getActiveAirspeedEv @ 0x7a3870
AUTO: _ZNK12NavEKF3_core17getActiveAirspeedEv @ 0x7a3900
AUTO: _ZNK7AP_Baro12_get_EAS2TASEv @ 0x7a3950
AUTO: _ZNK7AP_Baro20get_EAS2TAS_extendedEf @ 0x7a39c0
AUTO: _ZNK7NavEKF319getPrimaryCoreIndexEv @ 0x7a3c90
AUTO: _ZNK7NavEKF326configuredToUseGPSForPosXYEv @ 0x7a3eb0
AUTO: _ZNK11AP_AHRS_DCM20yaw_source_availableEv @ 0x7a3f30
AUTO: _ZNK16AP_NavEKF_Source14getPosXYSourceEh @ 0xa7e820
AUTO: _ZNK7AP_AHRS9calc_trigERK7Matrix3IfERfS4_S4_S4_S4_S4_ @ 0x7a3fe0
AUTO: _ZNK9AP_Logger15allow_start_ekfEv @ 0x7a43d0
AUTO: _ZN7NavEKF312UpdateFilterEv @ 0x7a4aa0
AUTO: _ZNK7NavEKF320getRotationBodyToNEDER7Matrix3IfE @ 0x7a5070
AUTO: _ZN7AP_AHRS16update_cd_valuesEv @ 0x7a5100
AUTO: _ZN7AP_AHRS11update_trigEv @ 0x7a5240
AUTO: _ZNK17AP_InertialSensor22get_first_usable_accelEv @ 0xa7e8a0
AUTO: _ZNK7NavEKF311getGyroBiasEaR7Vector3IfE @ 0x7a5320
AUTO: _ZN7AP_AHRS32update_notify_from_filter_statusERK17nav_filter_status @ 0x7a53f0
AUTO: _ZNK12NavEKF3_core11getGyroBiasER7Vector3IfE @ 0x7a54a0
AUTO: _ZL7degreesf.1550 @ 0x7a5580
AUTO: _ZN6AP_DAL11start_frameENS_9FrameTypeE @ 0x7a55d0
AUTO: _ZNK6AP_DAL8micros64Ev @ 0xa7e8f0
AUTO: _ZNK12NavEKF3_core21getFramesSincePredictEv @ 0x7a5ab0
AUTO: _ZN6AP_DAL22ekf_low_time_remainingENS_7EKFTypeEh @ 0x7a5b10
AUTO: _ZN12NavEKF3_core12UpdateFilterEb @ 0x7a5c50
AUTO: _ZNK6AP_DAL9get_armedEv @ 0xa7e940
AUTO: _ZN7NavEKF321updateCoreErrorScoresEv @ 0x7a5e80
AUTO: _ZN7NavEKF324updateCoreRelativeErrorsEv @ 0x7a5f40
AUTO: _ZNK7NavEKF315coreBetterScoreEhh @ 0x7a60e0
AUTO: _ZN16AP_NavEKF_Source22align_inactive_sourcesEv @ 0x7a62e0
AUTO: _ZNK16AP_NavEKF_Source13getPosZSourceEh @ 0x7a6590
AUTO: _ZNK7AP_EnumIN16AP_NavEKF_Source7SourceZEEcvKS1_Ev @ 0xa7ea20
AUTO: _ZL3MAXI9AP_ParamTIfL11ap_var_type4EEfEDTqugtfp_fp0_fp_fp0_ERKT_RKT0_.3912 @ 0x7a6770
AUTO: _ZN18NavEKF_core_common22fill_scratch_variablesEv @ 0x7a6800
AUTO: _ZN12NavEKF3_core23update_sensor_selectionEv @ 0x7a68a0
AUTO: _ZN12NavEKF3_core18controlFilterModesEv @ 0x7a6910
AUTO: _ZN12NavEKF3_core11readIMUDataEb @ 0x7a69e0
AUTO: _ZN12NavEKF3_core27UpdateStrapdownEquationsNEDEv @ 0x7a72b0
AUTO: _ZN12NavEKF3_core20CovariancePredictionEP7Vector3IdE @ 0x7a7790
AUTO: _ZN12NavEKF3_core25runYawEstimatorPredictionEv @ 0x7b1f80
AUTO: _ZN12NavEKF3_core15SelectMagFusionEv @ 0x7b20e0
AUTO: _ZN12NavEKF3_core18SelectVelPosFusionEv @ 0x7b2e10
AUTO: _ZN12NavEKF3_core25runYawEstimatorCorrectionEv @ 0x7b37d0
AUTO: _ZN12NavEKF3_core18SelectRngBcnFusionEv @ 0x7b39c0
AUTO: _ZN12NavEKF3_core16SelectFlowFusionEv @ 0x7b3af0
AUTO: _ZN12NavEKF3_core20SelectBodyOdomFusionEv @ 0x7b3dd0
AUTO: _ZN12NavEKF3_core15SelectTasFusionEv @ 0x7b4080
AUTO: _ZN12NavEKF3_core20SelectBetaDragFusionEv @ 0x7b4180
AUTO: _ZN12NavEKF3_core18updateFilterStatusEv @ 0x7b4440
AUTO: _ZN12NavEKF3_core13moveEKFOriginEv @ 0x7b4d80
AUTO: _ZN12NavEKF3_core21checkUpdateEarthFieldEv @ 0x7b4f30
AUTO: _ZN12NavEKF3_core16calcOutputStatesEv @ 0x7b4ff0
AUTO: _ZN12NavEKF3_core11readMagDataEv @ 0x7b6340
AUTO: _ZN12NavEKF3_core11readGpsDataEv @ 0x7b6850
AUTO: _ZN12NavEKF3_core14readGpsYawDataEv @ 0x7b71e0
AUTO: _ZN12NavEKF3_core12readBaroDataEv @ 0x7b7310
AUTO: _ZN6AP_DAL3insEv @ 0xa7ead0
AUTO: _ZNK21AP_DAL_InertialSensor9get_accelEh @ 0xa7eb20
AUTO: _ZL2sqf.4316 @ 0x7b9340
AUTO: _ZNK16AP_NavEKF_Source13useVelZSourceENS_7SourceZEh @ 0x7b94b0
AUTO: _ZNK12NavEKF3_core26CorrectGPSForAntennaOffsetERNS_12gps_elementsE @ 0x7b95e0
AUTO: _ZNK10AP_DAL_GPS18get_antenna_offsetEh @ 0xa7edf0
AUTO: _ZNK7Vector3IdErmERKS0_ @ 0xa7ee60
AUTO: _ZNK7Matrix3IdE13mul_transposeERK7Vector3IdE @ 0xa7ef40
AUTO: _ZN7Vector3IdEdVEd @ 0xa7f050
AUTO: _ZNK21AP_DAL_InertialSensor16get_loop_delta_tEv @ 0xa7f0e0
AUTO: _ZNK14AP_DAL_Compass16get_first_usableEv @ 0xa7f500
AUTO: _ZNK11AP_DAL_Baro15get_last_updateEh @ 0xa7f770
AUTO: _ZNK11AP_DAL_Baro12get_altitudeEh @ 0xa7f7e0
AUTO: _ZN16EKF_obs_buffer_tIN12NavEKF3_core13baro_elementsEE4pushERKS1_ @ 0xa7f850
AUTO: _ZNK10AP_DAL_GPS11gps_yaw_degEhRfS0_Rj @ 0xa7f8c0
AUTO: _ZL3MAXIfdEDTqugtfp_fp0_fp_fp0_ERKT_RKT0_ @ 0x7b9fe0
AUTO: _ZNK10AP_DAL_GPS20last_message_time_msEh @ 0xa7f9e0
AUTO: _ZNK10AP_DAL_GPS7get_lagEhRf @ 0xa7fa50
AUTO: _ZL3MINIjjEDTqultfp_fp0_fp_fp0_ERKT_RKT0_.4133 @ 0x7ba1e0
AUTO: _ZNK10AP_DAL_GPS8velocityEh @ 0xa7fb00
AUTO: _ZNK10AP_DAL_GPS22have_vertical_velocityEh @ 0xa7fb70
AUTO: _ZNK10AP_DAL_GPS14speed_accuracyEhRf @ 0xa7fbf0
AUTO: _ZL3MAXIdfEDTqugtfp_fp0_fp_fp0_ERKT_RKT0_.4129 @ 0x7ba260
AUTO: _ZL3MINIdfEDTqultfp_fp0_fp_fp0_ERKT_RKT0_ @ 0x7ba300
AUTO: _ZL3MAXId9AP_ParamTIfL11ap_var_type4EEEDTqugtfp_fp0_fp_fp0_ERKT_RKT0_ @ 0x7ba3a0
AUTO: _ZNK10AP_DAL_GPS19horizontal_accuracyEhRf @ 0xa7fca0
AUTO: _ZNK10AP_DAL_GPS17vertical_accuracyEhRf @ 0xa7fd50
AUTO: _ZNK10AP_DAL_GPS8num_satsEh @ 0xa7fe00
AUTO: _ZN12NavEKF3_core18calcGpsGoodToAlignEv @ 0x7ba450
AUTO: _ZN12NavEKF3_core20calcGpsGoodForFlightEv @ 0x7bb3b0
AUTO: _ZN16EKF_obs_buffer_tIN12NavEKF3_core12gps_elementsEE4pushERKS1_ @ 0xa7fe70
AUTO: _ZL3MAXIddEDTqugtfp_fp0_fp_fp0_ERKT_RKT0_.4294 @ 0x7bb870
AUTO: _ZL3MINIdfEDTqultfp_fp0_fp_fp0_ERKT_RKT0_.4281 @ 0x7bb8f0
AUTO: _ZNK10AP_DAL_GPS8get_hdopEh @ 0xa7fee0
AUTO: _ZNK14AP_DAL_Compass9availableEv @ 0xa7ff50
AUTO: _ZNK14AP_DAL_Compass9get_countEv @ 0xa7ffb0
AUTO: _ZNK14AP_DAL_Compass21learn_offsets_enabledEv @ 0xa80000
AUTO: _ZNK14AP_DAL_Compass7healthyEh @ 0xa80060
AUTO: _ZNK14AP_DAL_Compass16last_update_usecEh @ 0xa800d0
AUTO: _ZNK14AP_DAL_Compass11get_offsetsEh @ 0xa80140
AUTO: _ZNK7Vector3IdEneERKS0_ @ 0xa801b0
AUTO: _ZN12NavEKF3_core12mag_elementsC2Ev @ 0xa80280
AUTO: _ZNK14AP_DAL_Compass9get_fieldEh @ 0xa802e0
AUTO: _ZNK14AP_DAL_Compass10consistentEv @ 0xa80350
AUTO: _ZN16EKF_obs_buffer_tIN12NavEKF3_core12mag_elementsEE4pushERKS1_ @ 0xa803b0
AUTO: _Z8is_equalIddENSt3__19enable_ifIXsr3std17is_floating_pointINS0_11common_typeIJT_T0_EE4typeEEE5valueEbE4typeES3_S4_ @ 0xa80420
AUTO: _ZN12NavEKF3_core17correctDeltaAngleER7Vector3IdEdh @ 0x7bbbd0
AUTO: _ZN12NavEKF3_core20correctDeltaVelocityER7Vector3IdEdh @ 0x7bbc90
AUTO: _ZN11QuaternionTIdEC2Ev @ 0xa804a0
AUTO: _ZN11QuaternionTIdE15from_axis_angleE7Vector3IdE @ 0xa80510
AUTO: _ZN11QuaternionTIdEmLERKS0_ @ 0xa805d0
AUTO: _ZNK11QuaternionTIdE15rotation_matrixER7Matrix3IdE @ 0xa80770
AUTO: _ZNK21AP_DAL_InertialSensor8get_gyroEh @ 0xa80960
AUTO: _ZNK6AP_DAL20get_takeoff_expectedEv @ 0xa80a70
AUTO: _ZN16EKF_IMU_buffer_tIN12NavEKF3_core12imu_elementsEE18get_youngest_indexEv @ 0xa80ae0
AUTO: _ZN16EKF_IMU_buffer_tIN12NavEKF3_core12imu_elementsEE16get_oldest_indexEv @ 0xa80b40
AUTO: _ZNK11QuaternionTIdEdvERKS0_ @ 0xa80ba0
AUTO: _ZN11QuaternionTIdEixEh @ 0xa80dc0
AUTO: _ZL3MAXIddEDTqugtfp_fp0_fp_fp0_ERKT_RKT0_.4344 @ 0x7bbdb0
AUTO: _ZN12NavEKF3_core15output_elementsC2Ev @ 0xa80e30
AUTO: _ZNK14ekf_imu_buffer16get_oldest_indexEv @ 0xa80eb0
AUTO: _ZNK14ekf_imu_buffer18get_youngest_indexEv @ 0xa80f00
AUTO: _ZN11QuaternionTIdE15from_axis_angleERK7Vector3IdEd @ 0xa80f50
AUTO: _ZNK6AP_DAL22get_touchdown_expectedEv @ 0xa81070
AUTO: _ZNK6AP_DAL11get_EAS2TASEv @ 0xa81150
AUTO: _ZN7Vector3IdEixEh @ 0xa81210
AUTO: _ZNK7Vector3IdEixEh @ 0xa81280
AUTO: _ZN7Vector2IdEixEh @ 0xa812f0
AUTO: _ZN15ekf_ring_buffer6recallEPvj @ 0x7c2910
AUTO: _ZNK15ekf_ring_buffer7time_msEh @ 0x7c2a70
AUTO: _ZN12NavEKF3_core14readAirSpdDataEv @ 0x7c2ae0
AUTO: _ZNK12NavEKF3_core11useAirspeedEv @ 0x7c47b0
AUTO: _ZNK6AP_DAL23airspeed_sensor_enabledEv @ 0xa81610
AUTO: _ZN16EKF_obs_buffer_tIN12NavEKF3_core16vel_odm_elementsEE6recallERS1_j @ 0xa81680
AUTO: _ZN16EKF_obs_buffer_tIN12NavEKF3_core18wheel_odm_elementsEE6recallERS1_j @ 0xa81700
AUTO: _ZN12NavEKF3_core11of_elementsC2Ev @ 0xa81780
AUTO: _ZN16EKF_obs_buffer_tIN12NavEKF3_core11of_elementsEE6recallERS1_j @ 0xa81810
AUTO: _ZNK7Vector2IdEixEh @ 0xa81890
AUTO: _ZN12NavEKF3_core14readRngBcnDataEv @ 0x7d1700
AUTO: _ZN10EKFGSF_yaw11fuseVelDataERK7Vector2IdEd @ 0x7d53b0
AUTO: _ZNK12NavEKF3_core13EKFGSF_getYawERdS0_ @ 0x7d57b0
AUTO: _ZNK11QuaternionTIdE8to_eulerERdS1_S1_ @ 0xa81d60
AUTO: _ZNK11QuaternionTIdE12to_vector312Ev @ 0xa81e10
AUTO: _ZN7Matrix3IdE13from_euler312Eddd @ 0xa82150
AUTO: _ZNK7Matrix3IdE11to_euler312Ev @ 0xa827f0
AUTO: _ZN7Matrix3IdEixEh @ 0xa828e0
AUTO: _ZNK10EKFGSF_yaw10getYawDataERdS0_Ph @ 0x7d6120
AUTO: _ZL7radiansf.4097 @ 0x7d6200
AUTO: _ZL2sqf.4095 @ 0x7d6250
AUTO: _ZNK10EKFGSF_yaw17getVelInnovLengthERd @ 0x7d62a0
AUTO: _ZN10EKFGSF_yaw7correctEhRK7Vector2IdEd @ 0x7d67c0
AUTO: _ZNK10EKFGSF_yaw15gaussianDensityEh @ 0x7d7b80
AUTO: _ZL3MAXIdfEDTqugtfp_fp0_fp_fp0_ERKT_RKT0_.3598 @ 0x7d7f00
AUTO: _ZN10EKFGSF_yaw13forceSymmetryEh @ 0x7d7fa0
AUTO: _ZN16EKF_obs_buffer_tIN12NavEKF3_core16ext_nav_elementsEE6recallERS1_j @ 0xa82a50
AUTO: _ZN16EKF_obs_buffer_tIN12NavEKF3_core20ext_nav_vel_elementsEE6recallERS1_j @ 0xa82ad0
AUTO: _ZNK12NavEKF3_core35CalculateVelInnovationsAndVariancesERK7Vector3IdEddRS1_S4_ @ 0x7d84d0
AUTO: _ZN16EKF_obs_buffer_tIN12NavEKF3_core12gps_elementsEE6recallERS1_j @ 0xa82b50
AUTO: _ZN12NavEKF3_core21selectHeightForFusionEv @ 0x7d8b10
AUTO: _ZN12NavEKF3_core13FuseVelPosNEDEv @ 0x7da010
AUTO: _ZL3MAXIdfEDTqugtfp_fp0_fp_fp0_ERKT_RKT0_.4269 @ 0x7dc360
AUTO: _ZL3MAXI9AP_ParamTIfL11ap_var_type4EEfEDTqugtfp_fp0_fp_fp0_ERKT_RKT0_.4270 @ 0x7dc400
AUTO: _ZN12NavEKF3_core15readRangeFinderEv @ 0x7dc490
AUTO: _ZN16EKF_obs_buffer_tIN12NavEKF3_core14range_elementsEE6recallERS1_j @ 0xa82bd0
AUTO: _ZN16EKF_obs_buffer_tIN12NavEKF3_core13baro_elementsEE6recallERS1_j @ 0xa82ca0
AUTO: _ZL3MAXIddEDTqugtfp_fp0_fp_fp0_ERKT_RKT0_.4118 @ 0x7dd060
AUTO: _ZL3MAXI9AP_ParamTIfL11ap_var_type4EEfEDTqugtfp_fp0_fp_fp0_ERKT_RKT0_.4107 @ 0x7dd230
AUTO: _ZN12NavEKF3_core12fuseEulerYawENS_15yawFusionMethodE @ 0x7dd2c0
AUTO: _ZN16EKF_obs_buffer_tIN12NavEKF3_core12yaw_elementsEE6recallERS1_j @ 0xa82f30
AUTO: _ZN16EKF_obs_buffer_tIN12NavEKF3_core12mag_elementsEE6recallERS1_j @ 0xa82fb0
AUTO: _ZN12NavEKF3_core18controlMagYawResetEv @ 0x7df260
AUTO: _ZNK7Matrix3IdEixEh @ 0xa83180
AUTO: _ZL3MAXIdfEDTqugtfp_fp0_fp_fp0_ERKT_RKT0_.4105 @ 0x7e60b0
AUTO: _ZN12NavEKF3_core17MagTableConstrainEv @ 0x7e6150
AUTO: _ZNK11QuaternionTIdE13to_axis_angleER7Vector3IdE @ 0xa831f0
AUTO: _ZN10EKFGSF_yaw6updateERK7Vector3IdES3_ddbd @ 0x7e68d0
AUTO: _ZN10EKFGSF_yaw7predictEh @ 0x7e7360
AUTO: _ZN10EKFGSF_yaw11predictAHRSEh @ 0x7e7eb0
AUTO: _ZL7radiansf.3596 @ 0x7e8430
AUTO: _ZL2sqf.3597 @ 0x7e8480
AUTO: _ZNK10EKFGSF_yaw12updateRotMatERK7Matrix3IdERK7Vector3IdE @ 0x7e84d0
AUTO: _ZN12NavEKF3_core21calcTiltErrorVarianceEv @ 0x7e8db0
AUTO: _ZN12NavEKF3_core23verifyTiltErrorVarianceEv @ 0x7e9490
AUTO: _ZL3MINIffEDTqultfp_fp0_fp_fp0_ERKT_RKT0_.4336 @ 0x7e9890
AUTO: _ZN11QuaternionTIdE6rotateERK7Vector3IdE @ 0xa837b0
AUTO: _ZN12NavEKF3_core15ConstrainStatesEv @ 0x7e9920
AUTO: _ZNK21AP_DAL_InertialSensor9use_accelEh @ 0xa83870
AUTO: _ZNK21AP_DAL_InertialSensor8use_gyroEh @ 0xa83940
AUTO: _ZN12NavEKF3_core19learnInactiveBiasesEv @ 0x7e9d60
AUTO: _ZN12NavEKF3_core19updateMovementCheckEv @ 0x7ea2d0
AUTO: _ZN12NavEKF3_core17readDeltaVelocityEhR7Vector3IdERd @ 0x7eab70
AUTO: _ZNK21AP_DAL_InertialSensor18get_imu_pos_offsetEh @ 0xa83a10
AUTO: _ZN12NavEKF3_core14readDeltaAngleEhR7Vector3IdERd @ 0x7eacc0
AUTO: _ZN16EKF_IMU_buffer_tIN12NavEKF3_core12imu_elementsEE21push_youngest_elementES1_ @ 0xa83a80
AUTO: _ZN12NavEKF3_core14SampleDragDataERKNS_12imu_elementsE @ 0x7eade0
AUTO: _ZN16EKF_IMU_buffer_tIN12NavEKF3_core12imu_elementsEE18get_oldest_elementEv @ 0xa83ae0
AUTO: _ZN12NavEKF3_core22updateTimingStatisticsEv @ 0x7eb090
AUTO: _ZL3MINIfdEDTqultfp_fp0_fp_fp0_ERKT_RKT0_ @ 0x7eb340
AUTO: _ZN12NavEKF3_core12imu_elementsC2Ev @ 0xa83b60
AUTO: _ZN14ekf_imu_buffer18get_oldest_elementEPv @ 0x7eb3e0
AUTO: _ZN14ekf_imu_buffer21push_youngest_elementEPKv @ 0x7eb4a0
AUTO: _ZNK21AP_DAL_InertialSensor14get_gyro_countEv @ 0xa83c40
AUTO: _ZNK21AP_DAL_InertialSensor15get_delta_angleEhR7Vector3IfERf @ 0xa83c90
AUTO: _ZNK21AP_DAL_InertialSensor15get_accel_countEv @ 0xa83d90
AUTO: _ZNK21AP_DAL_InertialSensor18get_delta_velocityEhR7Vector3IfERf @ 0xa83de0
AUTO: _ZL7radiansi.4131 @ 0x7eb590
AUTO: _ZN12NavEKF3_core12detectFlightEv @ 0x7eb5f0
AUTO: _ZN12NavEKF3_core27setWindMagStateLearningModeEv @ 0x7ebab0
AUTO: _ZN12NavEKF3_core28checkAttitudeAlignmentStatusEv @ 0x7ec350
AUTO: _ZN12NavEKF3_core13setAidingModeEv @ 0x7ec460
AUTO: _ZN12NavEKF3_core12setYawSourceEv @ 0x7ed3d0
AUTO: _ZN12NavEKF3_core18checkGyroCalStatusEv @ 0x7ed4a0
AUTO: _ZL3MINIttEDTqultfp_fp0_fp_fp0_ERKT_RKT0_ @ 0x7edb80
AUTO: _ZL7radiansd.4050 @ 0x7edc00
AUTO: _ZN12NavEKF3_core19updateStateIndexLimEv @ 0x7edcf0
AUTO: _ZNK6AP_DAL18get_time_flying_msEv @ 0xa83ed0
AUTO: _ZN12NavEKF3_core20update_gps_selectionEv @ 0x7edee0
AUTO: _ZN12NavEKF3_core20update_mag_selectionEv @ 0x7edfe0
AUTO: _ZN12NavEKF3_core21update_baro_selectionEv @ 0x7ee120
AUTO: _ZN12NavEKF3_core25update_airspeed_selectionEv @ 0x7ee200
AUTO: _ZNK11AP_DAL_Baro11get_primaryEv @ 0xa83f70
AUTO: _Z9fill_nanfPdt @ 0x7ee310
AUTO: _ZNK17AP_InertialSensor20get_last_update_usecEv @ 0xa84030
AUTO: _ZNK17AP_InertialSensor16get_loop_delta_tEv @ 0xa84080
AUTO: _ZNK7AP_AHRS17get_vehicle_classEv @ 0xa840d0
AUTO: _ZNK7AP_AHRS20get_takeoff_expectedEv @ 0xa84120
AUTO: _ZNK7AP_AHRS22get_touchdown_expectedEv @ 0xa84180
AUTO: _ZNK7AP_AHRS8get_trimEv @ 0xa841e0
AUTO: _ZN2AP12wheelencoderEv @ 0x7ee730
AUTO: _ZNK15AP_WheelEncoder11num_sensorsEv @ 0xa84240
AUTO: _ZNK7AP_AHRS43get_rotation_vehicle_body_to_autopilot_bodyEv @ 0xa84290
AUTO: _ZN21AP_DAL_InertialSensor11start_frameEv @ 0x7ee770
AUTO: _ZN11AP_DAL_Baro11start_frameEv @ 0x7ee9f0
AUTO: _ZN10AP_DAL_GPS11start_frameEv @ 0x7eeb60
AUTO: _ZN14AP_DAL_Compass11start_frameEv @ 0x7eef60
AUTO: _ZNK9AP_Beacon7enabledEv @ 0x7efa10
AUTO: _ZNK9AP_Beacon12device_readyEv @ 0x7efd50
AUTO: _ZNK7AP_EnumIN9AP_Beacon4TypeEEcvKS1_Ev @ 0xa84340
AUTO: _ZNK7Compass24auto_declination_enabledEv @ 0xa84490
AUTO: _ZNK7Compass15get_declinationEv @ 0x7efec0
AUTO: _ZNK7Compass15get_num_enabledEv @ 0x7eff20
AUTO: _ZNK7Compass16get_first_usableEv @ 0xa84500
AUTO: _ZNK7Compass17have_scale_factorEh @ 0x7effe0
AUTO: _ZNK7Compass16last_update_usecEh @ 0xa84550
AUTO: _ZNK14typesafe_indexIh14TAG_StateIndexEgeERKh @ 0xa845d0
AUTO: _ZNK7AP_Baro11get_primaryEv @ 0xa84640
AUTO: _ZNK7AP_Baro15get_last_updateEh @ 0xa84690
AUTO: _ZNK17AP_InertialSensor16get_loop_rate_hzEv @ 0xa84700
AUTO: _ZNK17AP_InertialSensor15get_delta_angleEhR7Vector3IfERf @ 0x7f0120
AUTO: _ZN21AP_DAL_InertialSensor15update_filteredEh @ 0x7f02f0
AUTO: _ZNK17AP_InertialSensor18get_imu_pos_offsetEh @ 0xa84750
AUTO: _ZNK17AP_InertialSensor10_accel_posEh @ 0xa847b0
AUTO: _ZN17AP_InertialSensor10_accel_posEh @ 0xa84810
AUTO: _ZN15AP_WheelEncoder13get_singletonEv @ 0xa84880
AUTO: _ZN7NavEKF216InitialiseFilterEv @ 0x7f2d80
AUTO: _ZNK6AP_DAL12get_ekf_typeEv @ 0xa87070
AUTO: _ZN16AP_AHRS_External6updateEv @ 0x826160
AUTO: _ZN16AP_AHRS_External11get_resultsERN15AP_AHRS_Backend9EstimatesE @ 0x8261b0
AUTO: _ZN7AP_AHRS37copy_estimates_from_backend_estimatesERKN15AP_AHRS_Backend9EstimatesE @ 0x826400
AUTO: _ZN15AP_ExternalAHRS6updateEv @ 0x8266e0
AUTO: _ZL7degreesf.9850 @ 0x826a10
AUTO: _ZN11AP_AHRS_SIM6updateEv @ 0xa87c30
AUTO: _ZN11AP_AHRS_SIM11get_resultsERN15AP_AHRS_Backend9EstimatesE @ 0x826a60
AUTO: _ZN11AP_AHRS_DCM6updateEv @ 0x827640
AUTO: _ZN11AP_AHRS_DCM11get_resultsERN15AP_AHRS_Backend9EstimatesE @ 0x827960
AUTO: _ZN11AP_AHRS_DCM13matrix_updateEv @ 0x827a80
AUTO: _ZN11AP_AHRS_DCM9normalizeEv @ 0x827cd0
AUTO: _ZN11AP_AHRS_DCM16drift_correctionEf @ 0x827ef0
AUTO: _ZN11AP_AHRS_DCM12check_matrixEv @ 0x829250
AUTO: _ZN11AP_AHRS_DCM15backup_attitudeEv @ 0x829350
AUTO: _ZNK11AP_AHRS_DCM12get_error_rpEv @ 0xa87cf0
AUTO: _ZNK11AP_AHRS_DCM13get_error_yawEv @ 0xa87d40
AUTO: _ZN7Matrix3IfE6is_nanEv @ 0xa87d90
AUTO: _ZN11AP_AHRS_DCM20drift_correction_yawEv @ 0x829840
AUTO: _ZNK6AP_GPS16last_fix_time_msEv @ 0xa87ea0
AUTO: _ZL3MAXIfiEDTqugtfp_fp0_fp_fp0_ERKT_RKT0_.1607 @ 0x829d60
AUTO: _ZNK11AP_AHRS_DCM26should_correct_centrifugalEv @ 0x829e00
AUTO: _ZN11AP_AHRS_DCM10ra_delayedEhRK7Vector3IfE @ 0x829e50
AUTO: _ZNK17AP_InertialSensor7healthyEv @ 0xa87f00
AUTO: _ZN11AP_AHRS_DCM7_P_gainEf @ 0x829f50
AUTO: _ZNK11AP_AHRS_DCM14use_fast_gainsEv @ 0x82a030
AUTO: _ZL7radiansi.1608 @ 0x82a0c0
AUTO: _ZNK17AP_InertialSensor19get_gyro_drift_rateEv @ 0xa87f80
AUTO: _ZNK17AP_InertialSensor15get_gyro_healthEv @ 0xa87fd0
AUTO: _ZNK17AP_InertialSensor16get_accel_healthEv @ 0xa88030
AUTO: _ZNK7Compass16last_update_usecEv @ 0xa88090
AUTO: _ZN7Compass4readEv @ 0x82a120
AUTO: _ZN11AP_AHRS_DCM17yaw_error_compassER7Compass @ 0x82a4f0
AUTO: _ZNK11AP_AHRS_DCM9_yaw_gainEv @ 0x82a670
AUTO: _ZNK7Matrix3IfE5mulXYERK7Vector3IfE @ 0xa880f0
AUTO: _ZNK7Vector2IfErmERKS0_ @ 0xa881c0
AUTO: _ZN7Compass15_detect_runtimeEv @ 0x82a820
AUTO: _ZN9AP_Logger13Write_CompassEv @ 0x82ab50
AUTO: _ZN19RestrictIDTypeArrayI9AP_ParamTIaL11ap_var_type1EELj3E14typesafe_indexIh12TAG_PriorityEEixERKS5_ @ 0xa88240
AUTO: _ZN9AP_Logger22Write_Compass_instanceEmh @ 0x82abf0
AUTO: _ZNK7Compass17get_motor_offsetsEh @ 0xa882c0
AUTO: _ZN18AP_Compass_Backend25drain_accumulated_samplesEhPK7Vector3IfE @ 0x82cb20
AUTO: _ZN18AP_Compass_Backend22publish_filtered_fieldERK7Vector3IfEh @ 0x82cca0
AUTO: _ZN11AP_AHRS_DCM6renormERK7Vector3IfERS1_ @ 0x82cd60
AUTO: _ZNK17AP_InertialSensor15get_delta_angleER7Vector3IfERf @ 0xa88b40
AUTO: _ZNK7Vector3IfEeqERKS0_ @ 0xa88bd0
AUTO: _ZNK14AP_Logger_File17recent_open_errorEv @ 0x82d110
AUTO: _ZNK14AP_Logger_File15io_thread_aliveEv @ 0x82d1a0
AUTO: _ZN14AP_Logger_File16disk_space_availEv @ 0x82d530
AUTO: _ZL3MINIjjEDTqultfp_fp0_fp_fp0_ERKT_RKT0_.5718 @ 0x82d610
AUTO: _ZN13AP_Filesystem17bytes_until_fsyncEi @ 0x82d690
AUTO: _ZN13AP_Filesystem9disk_freeEPKc @ 0x82d710
AUTO: _ZN2AP4rssiEv @ 0x834950
AUTO: _ZNK7AP_RSSI7enabledEv @ 0xa89480
AUTO: _ZN7AP_RSSI13get_singletonEv @ 0x835180
AUTO: _ZN13AP_CANManager20check_logging_enableEv @ 0x836140
AUTO: _ZN7FunctorIvJEE14method_wrapperI13AP_CANManagerXadL_ZNS2_20check_logging_enableEvEEEEvPv @ 0xa89ab0
AUTO: _ZNK13AP_CANManager15CANIface_Params13option_is_setENS0_7OptionsE @ 0xa89b60
AUTO: _ZN9AP_Logger13Write_MessageEPKc @ 0x840d30
AUTO: _ZNK24AP_Proximity_Boundary_3D15get_next_sectorEh @ 0xa97f80
AUTO: _ZNK22AP_BattMonitor_Backend13option_is_setEN21AP_BattMonitor_Params7OptionsE @ 0xa9b9e0
AUTO: _ZN22AP_BattMonitor_Backend15update_consumedERN14AP_BattMonitor17BattMonitor_StateEj @ 0x858240
AUTO: _ZN22AP_BattMonitor_Backend13calculate_mahEff @ 0xa9ba70
AUTO: _ZN18AP_Compass_Backend17accumulate_sampleER7Vector3IfEhj @ 0x85a550
AUTO: _ZN18AP_Compass_Backend12rotate_fieldER7Vector3IfEh @ 0x85a6d0
AUTO: _ZN18AP_Compass_Backend17publish_raw_fieldERK7Vector3IfEh @ 0x85a7c0
AUTO: _ZN18AP_Compass_Backend13correct_fieldER7Vector3IfEh @ 0x85a8d0
AUTO: _ZN18AP_Compass_Backend8field_okERK7Vector3IfE @ 0x85acd0
AUTO: _ZNK7Compass16get_filter_rangeEv @ 0xa9dd90
AUTO: _ZNK16Compass_PerMotor7enabledEv @ 0xa9ddf0
AUTO: _ZN7Compass13_get_priorityE14typesafe_indexIh14TAG_StateIndexE @ 0xa9de60
AUTO: _ZN14AP_GPS_Backend15set_alt_amsl_cmERN6AP_GPS9GPS_StateEi @ 0x85f3a0
AUTO: _ZN16JitterCorrection31correct_offboard_timestamp_usecEmm @ 0x85f5b0
AUTO: _ZNK14AP_GPS_Backend10option_setEN6AP_GPS13DriverOptionsE @ 0xaa0ff0
AUTO: _ZNK6AP_GPS10option_setENS_13DriverOptionsE @ 0xaa1060
AUTO: _ZN6AP_RTC12set_utc_usecEmNS_11source_typeE @ 0x860020
AUTO: _ZNK11GCS_MAVLINK14option_enabledENS_6OptionE @ 0xaa34f0
AUTO: _ZNK16AP_SerialManager9UARTState12get_protocolEv @ 0xaa3570
AUTO: _ZN2AP8PerfInfo13set_loop_rateEt @ 0x872540
AUTO: _ZN2AP8PerfInfo5resetEv @ 0x872600
AUTO: _ZN3GCS10send_textvE12MAV_SEVERITYPKcP13__va_list_tagh @ 0x872c30
AUTO: _ZNK3GCS43min_loop_time_remaining_for_message_send_usEv @ 0xaa3d30
AUTO: _ZNK3GCS26min_status_for_gps_healthyEv @ 0xaa3ec0
AUTO: _ZL3MINImmEDTqultfp_fp0_fp_fp0_ERKT_RKT0_.6171 @ 0x873140
AUTO: _ZN11ObjectArrayIN3GCS12statustext_tEE10push_forceERKS1_ @ 0xaa3f10
AUTO: _ZN2AP11frsky_telemEv @ 0x8731c0
AUTO: _ZN2AP14spektrum_telemEv @ 0x873200
AUTO: _ZN9AP_Notify9send_textEPKc @ 0x873240
AUTO: _ZN17AP_Spektrum_Telem13get_singletonEv @ 0xaa4050
AUTO: _ZN14AP_Frsky_Telem13get_singletonEv @ 0xaa4090
AUTO: _ZNK11ObjectArrayIN3GCS12statustext_tEE5spaceEv @ 0xaa40d0
AUTO: _ZN11ObjectArrayIN3GCS12statustext_tEE4pushERKS1_ @ 0xaa4130
AUTO: _ZN5Rover8set_modeEh10ModeReason @ 0x8732e0
AUTO: _ZNK5Rover29current_mode_requires_missionEv @ 0xaa4270
AUTO: _ZNK5Rover17get_wp_distance_mERf @ 0x873dc0
AUTO: _ZNK5Rover18get_wp_bearing_degERf @ 0x873e70
AUTO: _ZNK5Rover25get_wp_crosstrack_error_mERf @ 0x873f20
AUTO: _ZN5Rover20set_control_channelsEv @ 0x874c20
AUTO: _ZN5Rover18fence_checks_asyncEv @ 0x874f00
AUTO: _ZN6AP_HAL15timeout_expiredIjjjEEbT_T0_T1_ @ 0xaa4390
AUTO: _ZN8AC_Fence5checkEb @ 0x875020
AUTO: _ZN8AC_Fence19clear_margin_breachEh @ 0x875430
AUTO: _ZNK8AC_Fence18get_enabled_fencesEv @ 0x875e20
AUTO: _ZN5Rover2rcEv @ 0xaa44e0
AUTO: _ZN10RC_Channel9set_angleEt @ 0x876170
AUTO: _ZN8Sailboat10init_rc_inEv @ 0x876260
AUTO: _ZN6AP_HAL8RCOutput15set_esc_scalingEtt @ 0xaa4530
AUTO: _ZN12SRV_Channels19set_esc_scaling_forEN11SRV_Channel8FunctionE @ 0x8764c0
AUTO: _ZNK5Rover13is_balancebotEv @ 0x876aa0
AUTO: _ZN8AP_Param15save_io_handlerEv @ 0x877350
AUTO: _ZN7FunctorIvJEE14method_wrapperI8AP_ParamXadL_ZNS2_15save_io_handlerEvEEEEvPv @ 0xaa46e0
AUTO: _ZN15ObjectBuffer_TSIN8AP_Param10param_saveEE3popERS1_ @ 0xaa4790
AUTO: _ZN5Rover11notify_modeEPK4Mode @ 0x877450
AUTO: _ZN5Rover3gcsEv @ 0xaa4870
AUTO: _ZN12SRV_Channels17enable_aux_servosEv @ 0x87b780
AUTO: _ZL21failsafe_check_staticv @ 0x87d310
AUTO: _ZN5Rover8set_modeER4Mode10ModeReason @ 0x87d8a0
AUTO: _ZN5Rover18mode_from_mode_numEN4Mode6NumberE @ 0x87de10
AUTO: _ZNK5Rover7is_boatEv @ 0x87e250
AUTO: _ZNK8Sailboat12tack_enabledEv @ 0x87e2c0
AUTO: _ZN10RC_Channel16read_mode_switchEv @ 0x87e800
AUTO: _ZN10RC_Channel16read_6pos_switchERa @ 0x87e880
AUTO: _ZN10RC_Channel18debounce_completedEa @ 0x87e9e0
AUTO: _ZN9AP_Logger10Write_ModeEh10ModeReason @ 0x87eb80
AUTO: _ZN17AP_Logger_Backend10Write_ModeEh10ModeReason @ 0x87ed10
AUTO: _ZN7AP_AHRS15set_fly_forwardEb @ 0xaa4db0
AUTO: _ZN17AP_InertialSensor12BatchSampler21rotate_to_next_sensorEv @ 0x87fec0
AUTO: _ZN17AP_InertialSensor12BatchSampler32update_doing_sensor_rate_loggingEv @ 0x880110
AUTO: _ZL3MINIhhEDTqultfp_fp0_fp_fp0_ERKT_RKT0_.17357 @ 0x880250
AUTO: _ZNK17AP_InertialSensor12BatchSampler10has_optionENS0_11batch_opt_tE @ 0xaa6240
AUTO: _ZN17AP_InertialSensor12_gyro_offsetEh @ 0xaa62c0
AUTO: _ZN17AP_InertialSensor12caltemp_gyroEh @ 0xaa6330
AUTO: _ZN22AP_InertialSensor_SITL6updateEv @ 0x881a10
AUTO: _ZN25AP_InertialSensor_Backend10accumulateEv @ 0xaa6450
AUTO: _ZN25AP_InertialSensor_Backend11set_primaryEb @ 0xaa6620
AUTO: _ZNK25AP_InertialSensor_Backend21_gyro_raw_sample_rateEh @ 0xaa6670
AUTO: _ZN22AP_InertialSensor_SITL12timer_updateEv @ 0x882190
AUTO: _ZN7FunctorIvJEE14method_wrapperI22AP_InertialSensor_SITLXadL_ZNS2_12timer_updateEvEEEEvPv @ 0xaa6740
AUTO: _ZN22AP_InertialSensor_SITL14generate_accelEv @ 0x882660
AUTO: _ZN22AP_InertialSensor_SITL13generate_gyroEv @ 0x883640
AUTO: _ZNK25AP_InertialSensor_Backend20enable_fast_samplingEh @ 0xaa67f0
AUTO: _ZNK22AP_InertialSensor_SITL10gyro_driftEv @ 0x8840a0
AUTO: _ZL7radiansd.17279 @ 0x8842a0
AUTO: _ZL7radiansf.17280 @ 0x8842f0
AUTO: _ZN22AP_InertialSensor_SITL15get_temperatureEv @ 0x8843d0
AUTO: _ZNK22AP_InertialSensor_TCal15sitl_apply_gyroEfR7Vector3IfE @ 0x884570
AUTO: _ZN25AP_InertialSensor_Backend35_notify_new_gyro_sensor_rate_sampleEhRK7Vector3IfE @ 0x884650
AUTO: _ZN25AP_InertialSensor_Backend24_rotate_and_correct_gyroEhR7Vector3IfE @ 0x884850
AUTO: _ZN25AP_InertialSensor_Backend27_notify_new_gyro_raw_sampleEhRK7Vector3IfEm @ 0x8849e0
AUTO: _ZNK25AP_InertialSensor_Backend15has_been_killedEh @ 0xaa6880
AUTO: _ZNK25AP_InertialSensor_Backend19_update_sensor_rateERtRjRf @ 0x885080
AUTO: _ZN25AP_InertialSensor_Backend18apply_gyro_filtersEhRK7Vector3IfE @ 0x885250
AUTO: _ZN25AP_InertialSensor_Backend12log_gyro_rawEhmRK7Vector3IfES3_ @ 0x885610
AUTO: _ZN25AP_InertialSensor_Backend14update_primaryEv @ 0x8858a0
AUTO: _ZNK17AP_InertialSensor22raw_logging_option_setENS_18RAW_LOGGING_OPTIONE @ 0xaa6900
AUTO: _ZNK25AP_InertialSensor_Backend18should_log_imu_rawEv @ 0x885980
AUTO: _ZNK17AP_InertialSensor12BatchSampler25doing_sensor_rate_loggingEv @ 0xaa6980
AUTO: _ZNK17AP_InertialSensor12BatchSampler25doing_post_filter_loggingEv @ 0xaa69e0
AUTO: _ZN17AP_InertialSensor12BatchSampler6sampleEhNS_15IMU_SENSOR_TYPEEmRK7Vector3IfE @ 0x885b90
AUTO: _ZN17AP_InertialSensor12BatchSampler10should_logEhNS_15IMU_SENSOR_TYPEE @ 0x885ce0
AUTO: _ZN25AP_InertialSensor_Backend16save_gyro_windowEhRK7Vector3IfEh @ 0x885e20
AUTO: _ZN15LowPassFilter2pI7Vector3IfEE5applyERKS1_ @ 0xaa6cc0
AUTO: _ZN19DigitalBiquadFilterI7Vector3IfEE5applyERKS1_RKNS2_13biquad_paramsE @ 0xaa6e10
AUTO: _ZNK25AP_InertialSensor_Backend18sensors_convergingEv @ 0x8860e0
AUTO: _ZNK22AP_InertialSensor_TCal12correct_gyroEffR7Vector3IfE @ 0x886210
AUTO: _ZNK22AP_InertialSensor_TCal14correct_sensorEffPK9AP_ParamVI7Vector3IfEL11ap_var_type5EERS2_ @ 0x8862b0
AUTO: _ZNK22AP_InertialSensor_TCal15polynomial_evalEfPK9AP_ParamVI7Vector3IfEL11ap_var_type5EE @ 0x8864c0
AUTO: _ZNK22AP_InertialSensor_TCal16sitl_apply_accelEfR7Vector3IfE @ 0x889470
AUTO: _ZN25AP_InertialSensor_Backend36_notify_new_accel_sensor_rate_sampleEhRK7Vector3IfE @ 0x889550
AUTO: _ZN25AP_InertialSensor_Backend25_rotate_and_correct_accelEhR7Vector3IfE @ 0x889750
AUTO: _ZN25AP_InertialSensor_Backend28_notify_new_accel_raw_sampleEhRK7Vector3IfEmb @ 0x889970
AUTO: _ZN25AP_InertialSensor_Backend20_publish_temperatureEhf @ 0x889f20
AUTO: _ZN17AP_InertialSensor27calc_vibration_and_clippingEhRK7Vector3IfEf @ 0x889fc0
AUTO: _ZN17AP_InertialSensor19set_accel_peak_holdEhRK7Vector3IfE @ 0x88a240
AUTO: _ZN25AP_InertialSensor_Backend13log_accel_rawEhmRK7Vector3IfE @ 0x88a320
AUTO: _ZNK25AP_InertialSensor_Backend14get_clip_limitEv @ 0xaa7e30
AUTO: _ZN13LowPassFilterI7Vector3IfEE5applyERKS1_RKf @ 0xaa7e80
AUTO: _ZN10DigitalLPFI7Vector3IfEE6_applyERKS1_RKf @ 0xaa7f40
AUTO: _ZNK22AP_InertialSensor_TCal13correct_accelEffR7Vector3IfE @ 0x88a700
AUTO: _ZN25AP_InertialSensor_Backend12update_accelEh @ 0x88ab80
AUTO: _ZN25AP_InertialSensor_Backend11update_gyroEh @ 0x88aca0
AUTO: _ZN25AP_InertialSensor_Backend13_publish_gyroEhRK7Vector3IfE @ 0x88ae00
AUTO: _ZN25AP_InertialSensor_Backend19update_gyro_filtersEh @ 0x88af70
AUTO: _ZNK25AP_InertialSensor_Backend19_gyro_filter_cutoffEv @ 0xaa8210
AUTO: _ZN25AP_InertialSensor_Backend14_publish_accelEhRK7Vector3IfE @ 0x88b3b0
AUTO: _ZN25AP_InertialSensor_Backend20update_accel_filtersEh @ 0x88b5e0
AUTO: _ZNK25AP_InertialSensor_Backend20_accel_filter_cutoffEv @ 0xaa84f0
AUTO: _ZNK5Rover16gcs_mode_enabledEN4Mode6NumberE @ 0x88d170
AUTO: _ZN4Mode5enterEv @ 0x88d1f0
AUTO: _ZN8AC_Fence21manual_recovery_startEv @ 0x88d380
AUTO: _ZN9AP_Camera16set_is_auto_modeEb @ 0xaa8990
AUTO: _ZN4Mode4exitEv @ 0x88d410
AUTO: _ZN8Sailboat10clear_tackEv @ 0x88d470
AUTO: _ZNK10AP_Vehicle21block_GCS_mode_changeEhPKhh @ 0x88d4e0
AUTO: _ZNK8Location25past_interval_finish_lineERKS_S1_ @ 0x891830
AUTO: _ZNK8Location20line_path_proportionERKS_S1_ @ 0x8918c0
AUTO: _ZL2sqf.2093 @ 0x8919c0
AUTO: _ZNK8AC_Fence9polyfenceEv @ 0x891b20
AUTO: _ZNK7AP_EnumIN13AP_OADatabase11OutputLevelEEcvKS1_Ev @ 0xaa9fb0
AUTO: _ZN11AP_SmartRTL22run_background_cleanupEv @ 0x895f40
AUTO: _ZN7FunctorIvJEE14method_wrapperI11AP_SmartRTLXadL_ZNS2_22run_background_cleanupEvEEEEvPv @ 0xaaa610
AUTO: _ZN11AP_SmartRTL15routine_cleanupEtt @ 0x896210
AUTO: _ZN11AP_SmartRTL22detect_simplificationsEv @ 0x8963e0
AUTO: _ZN11AP_SmartRTL33remove_points_by_simplify_bitmaskEv @ 0x896750
AUTO: _ZN11AP_SmartRTL29restart_pruning_if_new_pointsEv @ 0x896930
AUTO: _ZN11AP_SmartRTL12detect_loopsEv @ 0x8969a0
AUTO: _ZNK7BitmaskILt500EE3getEt @ 0xaaa6c0
AUTO: _ZNK7BitmaskILt500EE8validateEt @ 0xaaa790
AUTO: _ZNK7Vector3IfE19distance_to_segmentERKS0_S2_ @ 0xaaa820
AUTO: _ZN7BitmaskILt500EE5clearEt @ 0xaaaa10
AUTO: _ZN5Rover14failsafe_checkEv @ 0x897b00
AUTO: _ZNK7AP_AHRS12get_accel_efEv @ 0xaae2d0
AUTO: _ZNK7AP_AHRS18get_yaw_rate_earthEv @ 0xab09c0
AUTO: _ZNK12NavEKF3_core9getMagXYZER7Vector3IfE @ 0x8c3bc0
AUTO: _ZNK12NavEKF3_core9getMagNEDER7Vector3IfE @ 0x8c3e40
AUTO: _ZNK7Vector2IfE8todoubleEv @ 0xab1210
AUTO: _ZNK7Vector2IfEdvEf @ 0xab1e70
AUTO: _ZNK14AP_GPS_Backend32supports_mavlink_gps_rtk_messageEv @ 0xab3050
AUTO: _ZNK14AP_GPS_Blended7get_lagERf @ 0x8d0780
AUTO: _ZN7AP_Baro6updateEv @ 0x8d0e50
AUTO: _ZNK7AP_Baro7healthyEv @ 0xab3620
AUTO: _ZN15AP_Baro_Backend14backend_updateEh @ 0x8d1570
AUTO: _ZN7AP_Baro24wind_pressure_correctionEh @ 0x8d15f0
AUTO: _ZNK7AP_Baro15get_last_updateEv @ 0xab3680
AUTO: _ZN16DerivativeFilterIfLh7EE6updateEfj @ 0xab36e0
AUTO: _ZN7AP_Baro22update_field_elevationEv @ 0x8d1930
AUTO: _ZNK7AP_Baro10should_logEv @ 0x8d1bb0
AUTO: _ZN7AP_Baro10Write_BaroEv @ 0x8d1c60
AUTO: _ZN7AP_Baro19Write_Baro_instanceEmh @ 0x8d1cf0
AUTO: _ZNK7AP_Baro21get_baro_drift_offsetEv @ 0xab37c0
AUTO: _ZNK7AP_Baro22get_ground_temperatureEv @ 0x8d1f10
AUTO: _ZNK7AP_Baro22get_corrected_pressureEh @ 0xab3810
AUTO: _ZN16FilterWithBufferIfLh7EE5applyEf @ 0xab3940
AUTO: _ZN24AP_Proximity_Boundary_3D4FaceC2Ev @ 0xab46a0
AUTO: _ZN15AP_Compass_SITL6_timerEv @ 0x8f14d0
AUTO: _ZN7FunctorIvJEE14method_wrapperI15AP_Compass_SITLXadL_ZNS2_6_timerEvEEEEvPv @ 0xabc5c0
AUTO: _Z10rand_vec3fv @ 0x8f1a00
AUTO: _ZN7VectorNIN15AP_Compass_SITL16readings_compassELh50EEixEh @ 0xabc670
AUTO: _ZN15AP_Compass_SITL26_setup_eliptical_correcionEh @ 0x8f1a80
AUTO: _ZNK18AP_Compass_Backend21get_board_orientationEv @ 0x8f1cb0
AUTO: _ZN15AP_Compass_SITL4readEv @ 0x8f1d00
AUTO: _ZN15AP_Baro_Backend17_copy_to_frontendEhff @ 0x8f60a0
AUTO: _ZN12AP_Baro_SITL6_timerEv @ 0x8f7330
AUTO: _ZN7FunctorIvJEE14method_wrapperI12AP_Baro_SITLXadL_ZNS2_6_timerEvEEEEvPv @ 0xabe240
AUTO: _ZN7VectorNIN12AP_Baro_SITL13readings_baroELh50EEixEh @ 0xabe2f0
AUTO: _ZN12AP_Baro_SITL22temperature_adjustmentERfS0_ @ 0x8f7720
AUTO: _ZN12AP_Baro_SITL24wind_pressure_correctionEh @ 0x8f7910
AUTO: _ZL2sqf.1777 @ 0x8f7b20
AUTO: _ZN7AP_Baro22_get_air_density_ratioEv @ 0x8f7b70
AUTO: _ZL2sqf.1757 @ 0x8f7c10
AUTO: _ZN12AP_Baro_SITL6updateEv @ 0x8f7d00
AUTO: _ZN12AP_Baro_SITL19update_healthy_flagEh @ 0xabe400
AUTO: _ZN12AP_Baro_SITL7healthyEh @ 0x8f7db0
AUTO: _ZNK22AP_BattMonitor_Backend17has_cell_voltagesEv @ 0xabf520
AUTO: _ZNK22AP_BattMonitor_Backend15has_temperatureEv @ 0xabf570
AUTO: _ZNK22AP_BattMonitor_Backend15get_temperatureERf @ 0x8f9d50
AUTO: _ZNK22AP_BattMonitor_Backend22capacity_remaining_pctERh @ 0x8f9e10
AUTO: _ZN22AP_BattMonitor_Backend26update_resistance_estimateEv @ 0x8f9f90
AUTO: _ZN22AP_BattMonitor_Backend16update_failsafesEv @ 0x8fa2e0
AUTO: _ZNK22AP_BattMonitor_Backend25get_mavlink_fault_bitmaskEv @ 0xabf620
AUTO: _ZL3MINIifEDTqultfp_fp0_fp_fp0_ERKT_RKT0_.16929 @ 0x8fa600
AUTO: _ZL3MINIffEDTqultfp_fp0_fp_fp0_ERKT_RKT0_.16930 @ 0x8fa6a0
AUTO: _ZN21AP_BattMonitor_Analog4readEv @ 0x8fc2a0
AUTO: _ZNK21AP_BattMonitor_Analog19has_consumed_energyEv @ 0xac0310
AUTO: _ZNK21AP_BattMonitor_Analog11has_currentEv @ 0x8fc4a0
AUTO: _ZN9AP_Notify19set_flight_mode_strEPKc @ 0x902ab0
AUTO: _ZN6RGBLed6updateEv @ 0x908700
AUTO: _ZN6RGBLed8_set_rgbEhhh @ 0x908b30
AUTO: _ZNK6RGBLed10rgb_sourceEv @ 0x908c40
AUTO: _ZNK6RGBLed19get_colour_sequenceEv @ 0x908ea0
AUTO: _ZNK6RGBLed14get_brightnessEv @ 0x909290
AUTO: _ZN6RGBLed7set_rgbEhhh @ 0x909390
AUTO: _ZN10IS31FL31956_timerEv @ 0x909450
AUTO: _ZN7FunctorIvJEE14method_wrapperI10IS31FL3195XadL_ZNS2_6_timerEvEEEEvPv @ 0xac39c0
AUTO: _ZN6LP55626_timerEv @ 0x9099e0
AUTO: _ZN7FunctorIvJEE14method_wrapperI6LP5562XadL_ZNS2_6_timerEvEEEEvPv @ 0xac3d30
AUTO: _ZN14ToshibaLED_I2C6_timerEv @ 0x90b810
AUTO: _ZN7FunctorIvJEE14method_wrapperI14ToshibaLED_I2CXadL_ZNS2_6_timerEvEEEEvPv @ 0xac4a40
AUTO: _ZNK8ModeAuto11mode_numberEv @ 0xac4d30
AUTO: _ZN11AR_WPNav_OA20set_desired_locationERK8LocationS0_ @ 0x90c130
AUTO: _ZNK8AR_WPNav13get_speed_maxEv @ 0xac4d80
AUTO: _ZNK8AR_WPNav9is_activeEv @ 0x90c380
AUTO: _ZN8AR_WPNav44set_origin_and_destination_to_stopping_pointEv @ 0x90c3f0
AUTO: _ZN8AR_WPNav42update_distance_and_bearing_to_destinationEv @ 0x90c4b0
AUTO: _ZN12AR_PivotTurn16check_activationEfb @ 0x90c5a0
AUTO: _ZN8AR_WPNav21get_stopping_locationER8Location @ 0x90c7b0
AUTO: _ZNK18AR_AttitudeControl21get_stopping_distanceEf @ 0x90c900
AUTO: _ZNK7Vector2IfE10normalizedEv @ 0xac4dd0
AUTO: _ZNK18AR_AttitudeControl13get_decel_maxEv @ 0x90c9c0
AUTO: _ZL2sqf.11094 @ 0x90ca70
AUTO: _ZN8AR_WPNav20set_desired_locationERK8LocationS0_ @ 0x90cac0
AUTO: _ZN6SCurve4initEv @ 0x90d1b0
AUTO: _ZN12AR_PivotTurn10deactivateEv @ 0xac4e30
AUTO: _ZNK6SCurve8finishedEv @ 0x90d280
AUTO: _ZNK13AR_PosControl13get_speed_maxEv @ 0xac4e80
AUTO: _ZNK13AR_PosControl13get_accel_maxEv @ 0xac4ed0
AUTO: _ZNK13AR_PosControl12get_jerk_maxEv @ 0xac4f20
AUTO: _ZN6SCurve15calculate_trackERK7Vector3IfES3_fffffff @ 0x90d330
AUTO: _ZN6SCurve20set_kinematic_limitsERK7Vector3IfES3_fffff @ 0x90d880
AUTO: _ZN6SCurve12add_segmentsEf @ 0x90dab0
AUTO: _ZNK6SCurve5validEv @ 0x90ddd0
AUTO: _ZN6SCurve14calculate_pathEffffffRfS0_S0_S0_S0_ @ 0x90e300
AUTO: _ZN6SCurve17add_segments_jerkERhfff @ 0x90f7e0
AUTO: _ZN6SCurve22add_segment_const_jerkERhff @ 0x90f8b0
AUTO: _ZL3MAXIffEDTqugtfp_fp0_fp_fp0_ERKT_RKT0_.17427 @ 0x90fbd0
AUTO: _ZN6SCurve11add_segmentERhfNS_11SegmentTypeEffff @ 0x90fc50
AUTO: _ZL2sqf.17428 @ 0x90fde0
AUTO: _ZN6SCurve21add_segment_incr_jerkERhff @ 0x90fe30
AUTO: _ZN6SCurve21add_segment_decr_jerkERhff @ 0x9101d0
AUTO: _ZL3MINIffEDTqultfp_fp0_fp_fp0_ERKT_RKT0_.17430 @ 0x910650
AUTO: _Z15kinematic_limit7Vector3IfEfff @ 0x9106e0
AUTO: _ZNK6SCurve8time_endEv @ 0x910980
AUTO: _ZN7FunctorIvJEE14method_wrapperI5RoverXadL_ZNS2_10read_radioEvEEEEvPv @ 0xac4f70
AUTO: _ZN7FunctorIvJEE14method_wrapperI5RoverXadL_ZNS2_11ahrs_updateEvEEEEvPv @ 0xac5020
AUTO: _ZN7FunctorIvJEE14method_wrapperI5RoverXadL_ZNS2_17read_rangefindersEvEEEEvPv @ 0xac50d0
AUTO: _ZN7FunctorIvJEE14method_wrapperI14AP_OpticalFlowXadL_ZNS2_6updateEvEEEEvPv @ 0xac5180
AUTO: _ZN7FunctorIvJEE14method_wrapperI5RoverXadL_ZNS2_19update_current_modeEvEEEEvPv @ 0xac5230
AUTO: _ZN7FunctorIvJEE14method_wrapperI5RoverXadL_ZNS2_10set_servosEvEEEEvPv @ 0xac52e0
AUTO: _ZN7FunctorIvJEE14method_wrapperI6AP_GPSXadL_ZNS2_6updateEvEEEEvPv @ 0xac5390
AUTO: _ZN7FunctorIvJEE14method_wrapperI7AP_BaroXadL_ZNS2_6updateEvEEEEvPv @ 0xac5440
AUTO: _ZN7FunctorIvJEE14method_wrapperI9AP_BeaconXadL_ZNS2_6updateEvEEEEvPv @ 0xac54f0
AUTO: _ZN7FunctorIvJEE14method_wrapperI12AP_ProximityXadL_ZNS2_6updateEvEEEEvPv @ 0xac55a0
AUTO: _ZN7FunctorIvJEE14method_wrapperI11AP_WindVaneXadL_ZNS2_6updateEvEEEEvPv @ 0xac5650
AUTO: _ZN7FunctorIvJEE14method_wrapperI5RoverXadL_ZNS2_20update_wheel_encoderEvEEEEvPv @ 0xac5700
AUTO: _ZN7FunctorIvJEE14method_wrapperI5RoverXadL_ZNS2_14update_compassEvEEEEvPv @ 0xac57b0
AUTO: _ZN7FunctorIvJEE14method_wrapperI5RoverXadL_ZNS2_15update_logging1EvEEEEvPv @ 0xac5860
AUTO: _ZN7FunctorIvJEE14method_wrapperI5RoverXadL_ZNS2_15update_logging2EvEEEEvPv @ 0xac5910
AUTO: _ZN7FunctorIvJEE14method_wrapperI3GCSXadL_ZNS2_14update_receiveEvEEEEvPv @ 0xac59c0
AUTO: _ZN7FunctorIvJEE14method_wrapperI3GCSXadL_ZNS2_11update_sendEvEEEEvPv @ 0xac5a70
AUTO: _ZN7FunctorIvJEE14method_wrapperI11RC_ChannelsXadL_ZNS2_16read_mode_switchEvEEEEvPv @ 0xac5b20
AUTO: _ZN7FunctorIvJEE14method_wrapperI11RC_ChannelsXadL_ZNS2_12read_aux_allEvEEEEvPv @ 0xac5bc0
AUTO: _ZN7FunctorIvJEE14method_wrapperI14AP_BattMonitorXadL_ZNS2_4readEvEEEEvPv @ 0xac5c70
AUTO: _ZN7FunctorIvJEE14method_wrapperI19AP_ServoRelayEventsXadL_ZNS2_13update_eventsEvEEEEvPv @ 0xac5d20
AUTO: _ZN7FunctorIvJEE14method_wrapperI5RoverXadL_ZNS2_15update_preclandEvEEEEvPv @ 0xac5dd0
AUTO: _ZN7FunctorIvJEE14method_wrapperI8AP_MountXadL_ZNS2_6updateEvEEEEvPv @ 0xac5e80
AUTO: _ZN7FunctorIvJEE14method_wrapperI9AP_CameraXadL_ZNS2_6updateEvEEEEvPv @ 0xac5f30
AUTO: _ZN7FunctorIvJEE14method_wrapperI5RoverXadL_ZNS2_18gcs_failsafe_checkEvEEEEvPv @ 0xac5fe0
AUTO: _ZN7FunctorIvJEE14method_wrapperI5RoverXadL_ZNS2_11fence_checkEvEEEEvPv @ 0xac6090
AUTO: _ZN7FunctorIvJEE14method_wrapperI5RoverXadL_ZNS2_9ekf_checkEvEEEEvPv @ 0xac6140
AUTO: _ZN7FunctorIvJEE14method_wrapperI12ModeSmartRTLXadL_ZNS2_13save_positionEvEEEEvPv @ 0xac61f0
AUTO: _ZN7FunctorIvJEE14method_wrapperI5RoverXadL_ZNS2_15one_second_loopEvEEEEvPv @ 0xac62a0
AUTO: _ZN7FunctorIvJEE14method_wrapperI10AC_SprayerXadL_ZNS2_6updateEvEEEEvPv @ 0xac6350
AUTO: _ZN7FunctorIvJEE14method_wrapperI9AP_LoggerXadL_ZNS2_14periodic_tasksEvEEEEvPv @ 0xac6400
AUTO: _ZN7FunctorIvJEE14method_wrapperI17AP_InertialSensorXadL_ZNS2_8periodicEvEEEEvPv @ 0xac64b0
AUTO: _ZN7FunctorIvJEE14method_wrapperI12AP_SchedulerXadL_ZNS2_14update_loggingEvEEEEvPv @ 0xac6560
AUTO: _ZN7FunctorIvJEE14method_wrapperI9AP_ButtonXadL_ZNS2_6updateEvEEEEvPv @ 0xac6610
AUTO: _ZN7FunctorIvJEE14method_wrapperI5RoverXadL_ZNS2_11crash_checkEvEEEEvPv @ 0xac66c0
AUTO: _ZN7FunctorIvJEE14method_wrapperI5RoverXadL_ZNS2_19cruise_learn_updateEvEEEEvPv @ 0xac6770
AUTO: _ZN5Rover19cruise_learn_updateEv @ 0x910a00
AUTO: _ZNK18AR_AttitudeControl17get_forward_speedERf @ 0x910b60
AUTO: _ZNK7AP_AHRS7cos_yawEv @ 0xac6890
AUTO: _ZNK7AP_AHRS7sin_yawEv @ 0xac68e0
AUTO: _ZN5Rover11crash_checkEv @ 0x910f70
AUTO: _ZN9AP_Button6updateEv @ 0x911350
AUTO: _ZN12AP_Scheduler14update_loggingEv @ 0x911fd0
AUTO: _ZN12AP_Scheduler11debug_flagsEv @ 0xac6ac0
AUTO: _ZN12AP_Scheduler21Log_Write_PerformanceEv @ 0x912240
AUTO: _ZN2AP8PerfInfo13has_task_infoEv @ 0xac6b20
AUTO: _ZNK2AP8PerfInfo20get_num_long_runningEv @ 0x912450
AUTO: _ZNK2AP8PerfInfo13get_num_loopsEv @ 0x9124a0
AUTO: _ZNK2AP8PerfInfo12get_max_timeEv @ 0x9124f0
AUTO: _ZN12AP_Scheduler12load_averageEv @ 0x912540
AUTO: _ZNK16AP_InternalError5countEv @ 0xac6b80
AUTO: _ZN17AP_InertialSensor8periodicEv @ 0x912780
AUTO: _ZN17AP_InertialSensor12BatchSampler8periodicEv @ 0x9127e0
AUTO: _ZN17AP_InertialSensor12BatchSampler16push_data_to_logEv @ 0x912860
AUTO: _ZNK17AP_InertialSensor12BatchSampler10Write_ISBHEf @ 0x912af0
AUTO: _ZNK17AP_InertialSensor12BatchSampler10Write_ISBDEv @ 0x912c50
AUTO: _ZN9AP_Logger14periodic_tasksEv @ 0x912e00
AUTO: _ZN10AC_Sprayer6updateEv @ 0x912ea0
AUTO: _ZN5Rover15one_second_loopEv @ 0x9132f0
AUTO: _ZN5Rover20handle_auto_arm_onceEv @ 0x913530
AUTO: _ZN10AP_Vehicle17set_likely_flyingEb @ 0xac6c90
AUTO: _ZN8AR_WPNav15set_turn_paramsEfb @ 0x9137d0
AUTO: _ZN13AR_PosControl15set_turn_paramsEfb @ 0x913880
AUTO: _ZN19AP_WheelRateControl21set_notch_sample_rateEf @ 0x913920
AUTO: _ZN8AP_Stats10set_flyingEb @ 0x9139b0
AUTO: _ZN6AC_PID21set_notch_sample_rateEf @ 0x913a80
AUTO: _ZN12AR_PivotTurn6enableEb @ 0x913e60
AUTO: _ZN12ModeSmartRTL13save_positionEv @ 0x913ed0
AUTO: _ZN11AP_SmartRTL6updateEbb @ 0x913f60
AUTO: _ZN11AP_SmartRTL6updateEbRK7Vector3IfE @ 0x914060
AUTO: _ZN5Rover9ekf_checkEv @ 0x914190
AUTO: _ZN5Rover18ekf_over_thresholdEv @ 0x914490
AUTO: _ZN5Rover11fence_checkEv @ 0x914800
AUTO: _ZN5Rover18gcs_failsafe_checkEv @ 0x914ab0
AUTO: _ZN5Rover16failsafe_triggerEhPKcb @ 0x914be0
AUTO: _ZN9AP_Camera6updateEv @ 0x915070
AUTO: _ZN8AP_Mount6updateEv @ 0x915130
AUTO: _ZN5Rover15update_preclandEv @ 0x9151e0
AUTO: _ZN11AC_PrecLand6updateEfb @ 0x915240
AUTO: _ZN14AP_BattMonitor4readEv @ 0x9178c0
AUTO: _ZN9AP_Logger11Write_PowerEv @ 0x917af0
AUTO: _ZNK22AP_BattMonitor_Backend13Log_Write_BATEhm @ 0x917b40
AUTO: _ZNK22AP_BattMonitor_Backend13Log_Write_BCLEhm @ 0x917de0
AUTO: _ZN14AP_BattMonitor15check_failsafesEv @ 0x917fe0
AUTO: _ZN14AP_BattMonitor16checkPoweringOffEv @ 0x9182f0
AUTO: _ZNK22AP_BattMonitor_Backend23get_state_of_health_pctERh @ 0x918450
AUTO: _ZN11RC_Channels12read_aux_allEv @ 0x9184e0
AUTO: _ZN10RC_Channel8read_auxEv @ 0x9185d0
AUTO: _ZN9AP_Logger10Write_RCINEv @ 0x9187d0
AUTO: _ZN11RC_Channels12get_radio_inEPth @ 0x9189c0
AUTO: _ZNK11RC_Channels17get_override_maskEv @ 0x918ab0
AUTO: _ZL3MINIhiEDTqultfp_fp0_fp_fp0_ERKT_RKT0_.6266 @ 0x918b70
AUTO: _ZN5Rover15update_logging2Ev @ 0x918f80
AUTO: _ZN5Rover10should_logEj @ 0x919090
AUTO: _ZN5Rover18Log_Write_SteeringEv @ 0x919100
AUTO: _ZN5Rover12Log_Write_RCEv @ 0x919250
AUTO: _ZNK15AP_WheelEncoder9Log_WriteEv @ 0x9192f0
AUTO: _ZNK17AP_InertialSensor15Write_VibrationEv @ 0x919400
AUTO: _ZN10AP_GyroFFT18write_log_messagesEv @ 0x919520
AUTO: _ZN8AP_Mount9write_logEv @ 0x919750
AUTO: _ZNK17AP_InertialSensor20get_accel_clip_countEh @ 0x919c50
AUTO: _ZNK15AP_WheelEncoder7enabledEh @ 0x919cf0
AUTO: _ZN9AP_Logger11Write_RCOUTEv @ 0x91a030
AUTO: _ZNK18AR_AttitudeControl13get_lat_accelERf @ 0x91a6e0
AUTO: _ZNK18AR_AttitudeControl21get_desired_turn_rateEv @ 0x91a790
AUTO: _ZL7degreesf.48 @ 0x91a830
AUTO: _ZN5Rover15update_logging1Ev @ 0x91a880
AUTO: _ZN5Rover18Log_Write_AttitudeEv @ 0x91aa60
AUTO: _ZN5Rover14Log_Write_SailEv @ 0x91ac50
AUTO: _ZN5Rover18Log_Write_ThrottleEv @ 0x91ae50
AUTO: _ZN9AP_Beacon3logEv @ 0x91af90
AUTO: _ZN5Rover20Log_Write_Nav_TuningEv @ 0x91b0d0
AUTO: _ZNK13AR_PosControl9is_activeEv @ 0x91b1c0
AUTO: _ZN13AR_PosControl9write_logEv @ 0x91b230
AUTO: _ZN13AR_PosControl11get_vel_pidEv @ 0xac7830
AUTO: _ZNK9AC_PID_2D14get_pid_info_xEv @ 0xac7880
AUTO: _ZN9AP_Logger9Write_PIDEhRK10AP_PIDInfo @ 0x91b4c0
AUTO: _ZNK9AC_PID_2D14get_pid_info_yEv @ 0xac78d0
AUTO: _ZN12AP_Proximity3logEv @ 0x91b650
AUTO: _ZNK12AP_Proximity12distance_maxEv @ 0x91b980
AUTO: _ZNK12AP_Proximity19get_upward_distanceERf @ 0x91bc40
AUTO: _ZNK13AR_PosControl14get_pos_targetEv @ 0xac7970
AUTO: _ZN13AC_PosControl10Write_PSCNEfffffffff @ 0x91c050
AUTO: _ZN13AC_PosControl10Write_PSCEEfffffffff @ 0x91c150
AUTO: _ZN13AC_PosControl10Write_PSCxE11LogMessagesfffffffff @ 0x91c250
AUTO: _ZNK18AR_AttitudeControl17get_desired_speedEv @ 0x91c430
AUTO: _ZNK18AR_AttitudeControl20speed_control_activeEv @ 0x91c4b0
AUTO: _ZNK8AR_WPNav13wp_bearing_cdEv @ 0xac7ab0
AUTO: _ZNK18AR_AttitudeControl17get_desired_pitchEv @ 0x91c6c0
AUTO: _ZNK7AP_AHRS14Write_AttitudeERK7Vector3IfE @ 0x91c760
AUTO: _ZN7AP_AHRS9Log_WriteEv @ 0x91c870
AUTO: _ZNK18AR_AttitudeControl27get_throttle_speed_pid_infoEv @ 0xac7b00
AUTO: _ZN7NavEKF29Log_WriteEv @ 0x91c900
AUTO: _ZN7NavEKF39Log_WriteEv @ 0x91ca10
AUTO: _ZNK7AP_AHRS11Write_AHRS2Ev @ 0x91cb20
AUTO: _ZNK7AP_AHRS9Write_POSEv @ 0x91cd00
AUTO: _ZN4SITL3SIM18Log_Write_SIMSTATEEv @ 0x91ce60
AUTO: _ZNK7AP_AHRS36get_relative_position_D_origin_floatERf @ 0x91cff0
AUTO: _ZNK7AP_AHRS22get_secondary_attitudeER7Vector3IfE @ 0xac7bf0
AUTO: _ZNK7AP_AHRS22get_secondary_positionER8Location @ 0xac7c70
AUTO: _ZNK7AP_AHRS24get_secondary_quaternionER11QuaternionTIfE @ 0xac7cf0
AUTO: _ZL7degreesf.1448 @ 0x91d080
AUTO: _ZN12NavEKF3_core9Log_WriteEm @ 0x91d0d0
AUTO: _ZNK7AP_EnumIN7NavEKF38LogLevelEEcvKS1_Ev @ 0xac7d70
AUTO: _ZNK12NavEKF3_core14Log_Write_XKF4Em @ 0x91d220
AUTO: _ZN12NavEKF3_core13Log_Write_GSFEm @ 0x91d570
AUTO: _ZNK12NavEKF3_core14Log_Write_XKF1Em @ 0x91d620
AUTO: _ZNK12NavEKF3_core14Log_Write_XKF2Em @ 0x91d8f0
AUTO: _ZNK12NavEKF3_core14Log_Write_XKF3Em @ 0x91db90
AUTO: _ZNK12NavEKF3_core14Log_Write_XKF5Em @ 0x91ddf0
AUTO: _ZNK12NavEKF3_core14Log_Write_XKFSEm @ 0x91e050
AUTO: _ZNK12NavEKF3_core20Log_Write_QuaternionEm @ 0x91e160
AUTO: _ZN12NavEKF3_core16Log_Write_BeaconEm @ 0x91e240
AUTO: _ZN12NavEKF3_core18Log_Write_BodyOdomEm @ 0x91e530
AUTO: _ZN12NavEKF3_core25Log_Write_State_VariancesEm @ 0x91e6a0
AUTO: _ZN12NavEKF3_core16Log_Write_TimingEm @ 0x91e9c0
AUTO: _ZNK6AP_DAL12logging_coreEh @ 0x91eb20
AUTO: _ZL3MAXIjjEDTqugtfp_fp0_fp_fp0_ERKT_RKT0_ @ 0x91eb70
AUTO: _ZNK16AP_NavEKF_Source21getPosVelYawSourceSetEv @ 0xac7dc0
AUTO: _ZL3MAXIddEDTqugtfp_fp0_fp_fp0_ERKT_RKT0_.4083 @ 0x91ebf0
AUTO: _ZL3MINIdiEDTqultfp_fp0_fp_fp0_ERKT_RKT0_.4084 @ 0x91ec70
AUTO: _ZNK12NavEKF3_core14getInnovationsER7Vector3IfES2_S2_RfS3_ @ 0x91ed10
AUTO: _ZL7degreesf.4081 @ 0x91ef10
AUTO: _ZNK12NavEKF3_core26getSynthAirDataInnovationsER7Vector2IfERf @ 0x91ef60
AUTO: _ZNK12NavEKF3_core20getPosDownDerivativeEv @ 0x91f030
AUTO: _ZN10EKFGSF_yaw9Log_WriteEm11LogMessagesS0_h @ 0x91f090
AUTO: _ZL7degreesf.17657 @ 0x91f410
AUTO: _ZL3MAXIffEDTqugtfp_fp0_fp_fp0_ERKT_RKT0_.17658 @ 0x91f460
AUTO: _ZL3MAXIdfEDTqugtfp_fp0_fp_fp0_ERKT_RKT0_.4082 @ 0x91f4e0
AUTO: _ZN5Rover14update_compassEv @ 0x921070
AUTO: _ZN5Rover20update_wheel_encoderEv @ 0x9210d0
AUTO: _ZN11AP_WindVane6updateEv @ 0x921a10
AUTO: _ZN12AP_Proximity6updateEv @ 0x922630
AUTO: _ZNK12AP_Proximity15get_filter_freqEv @ 0xac7e80
AUTO: _ZN24AP_Proximity_Boundary_3D15set_filter_freqEf @ 0xac7ee0
AUTO: _ZN24AP_Proximity_Boundary_3D18check_face_timeoutEv @ 0x922700
AUTO: _ZN9AP_Beacon6updateEv @ 0x922860
AUTO: _ZN6AP_GPS6updateEv @ 0x922f70
AUTO: _ZN6AP_GPS15update_instanceEh @ 0x9230f0
AUTO: _ZN6AP_GPS14update_primaryEv @ 0x923890
AUTO: _ZN14AP_GPS_Blended19zero_health_counterEv @ 0xac7f50
AUTO: _ZN6AP_GPS9Write_GPSEh @ 0x925060
AUTO: _ZL3MINIfiEDTqultfp_fp0_fp_fp0_ERKT_RKT0_.2521 @ 0x9254a0
AUTO: _ZNK6AP_GPS26last_message_delta_time_msEh @ 0xac8000
AUTO: _ZNK6AP_GPS10should_logEv @ 0x925540
AUTO: _ZN6AP_GPS16send_blob_updateEh @ 0x9266c0
AUTO: _ZN14AP_GPS_Backend14check_new_itowEjj @ 0x92b410
AUTO: _ZN12AP_GPS_UBLOX20_request_next_configEv @ 0x92f600
AUTO: _ZN12AP_GPS_UBLOX21_request_message_rateEhh @ 0x9300a0
AUTO: _ZN12AP_GPS_UBLOX13_request_portEv @ 0x930160
AUTO: _ZN12AP_GPS_UBLOX13_send_messageEhhPKvt @ 0x9301f0
AUTO: _ZN12AP_GPS_UBLOX16_update_checksumEPhtRhS1_ @ 0x9310b0
AUTO: _ZN12AP_GPS_UBLOX4readEv @ 0x9311e0
AUTO: _ZNK12AP_GPS_UBLOX13is_configuredEv @ 0xac8e80
AUTO: _ZNK12AP_GPS_UBLOX7get_lagERf @ 0x9318c0
AUTO: _ZNK12AP_GPS_UBLOX10is_healthyEv @ 0x931a50
AUTO: _ZL3MINIjjEDTqultfp_fp0_fp_fp0_ERKT_RKT0_.2814 @ 0x931ea0
AUTO: _ZN12AP_GPS_UBLOXUt_ixEm @ 0xac8f90
AUTO: _ZN12AP_GPS_UBLOX10_parse_gpsEv @ 0x931f20
AUTO: _ZN12AP_GPS_UBLOX15_check_new_itowEj @ 0x9353e0
AUTO: _ZN12AP_GPS_UBLOX23_configure_message_rateEhhh @ 0x935460
AUTO: _ZN5Rover10set_servosEv @ 0x93ca60
AUTO: _ZN12AP_MotorsUGV6outputEbff @ 0x93cd40
AUTO: _ZN12AP_MotorsUGV23sanity_check_parametersEv @ 0x93ceb0
AUTO: _ZN12AP_MotorsUGV19slew_limit_throttleEf @ 0x93cfd0
AUTO: _ZN12AP_MotorsUGV14output_regularEbfff @ 0x93d0b0
AUTO: _ZN12AP_MotorsUGV20output_skid_steeringEbfff @ 0x93d510
AUTO: _ZN12AP_MotorsUGV11output_omniEbfff @ 0x93dc50
AUTO: _ZN12AP_MotorsUGV11output_sailEv @ 0x93dfe0
AUTO: _ZN12SRV_Channels8calc_pwmEv @ 0x93e080
AUTO: _ZN12SRV_Channels13output_ch_allEv @ 0x93e2a0
AUTO: _ZN12AP_MotorsUGV21set_limits_from_inputEbff @ 0x93e350
AUTO: _ZN12AP_MotorsUGV15output_throttleEN11SRV_Channel8FunctionEff @ 0x93e540
AUTO: _ZNK12AP_MotorsUGV19get_scaled_throttleEf @ 0x93e930
AUTO: _ZN12AP_MotorsUGV28get_rate_controlled_throttleEN11SRV_Channel8FunctionEff @ 0x93eca0
AUTO: _ZN6AC_PID12reset_filterEv @ 0xaca7c0
AUTO: _ZN6AC_PID7reset_IEv @ 0x93f1f0
AUTO: _ZN6AC_PID10update_allEfffbf @ 0x93f3b0
AUTO: _ZNK6AC_PID6get_ffEv @ 0x93f9c0
AUTO: _ZNK6AC_PID16get_filt_T_alphaEf @ 0x93fa20
AUTO: _ZNK6AC_PID16get_filt_E_alphaEf @ 0x93faa0
AUTO: _ZNK6AC_PID16get_filt_D_alphaEf @ 0x93fb20
AUTO: _ZN6AC_PID8update_iEfb @ 0x93fba0
AUTO: _ZN11SlewLimiter8modifierEff @ 0x93fda0
AUTO: _ZNK11SlewLimiter13get_slew_rateEv @ 0xacaa30
AUTO: _ZNK12AP_MotorsUGV20have_vectored_thrustEv @ 0xacaa80
AUTO: _ZNK12AP_MotorsUGV25get_slew_limited_throttleEff @ 0x940590
AUTO: _ZN5Rover19update_current_modeEv @ 0x940d30
AUTO: _ZN14AP_OpticalFlow6updateEv @ 0x940e40
AUTO: _ZN5Rover17read_rangefindersEv @ 0x9423f0
AUTO: _ZN11RangeFinder6updateEv @ 0x942460
AUTO: _ZN5Rover15Log_Write_DepthEv @ 0x942580
AUTO: _ZNK11RangeFinder8Log_RFNDEv @ 0x9427e0
AUTO: _ZN5Rover11ahrs_updateEv @ 0x942920
AUTO: _ZN5Rover22update_ahrs_flyforwardEv @ 0x942b30
AUTO: _ZN9AP_Follow16update_estimatesEv @ 0x942d20
AUTO: _ZNK17AP_InertialSensor9Write_IMUEv @ 0x943b50
AUTO: _ZL3MAXIhhEDTqugtfp_fp0_fp_fp0_ERKT_RKT0_ @ 0x943d60
AUTO: _ZNK17AP_InertialSensor18Write_IMU_instanceEmh @ 0x943de0
AUTO: _ZNK17AP_InertialSensor16get_gyro_rate_hzEh @ 0xacab30
AUTO: _ZNK17AP_InertialSensor17get_accel_rate_hzEh @ 0xacabb0
AUTO: _ZN9AP_Follow32clear_dist_and_bearing_to_targetEv @ 0x943f70
AUTO: _Z15sqrt_controllerffff @ 0x9449f0
AUTO: _ZL2sqf.3224 @ 0x944fe0
AUTO: _Z15sqrt_controllerRK7Vector2IfEfff @ 0x945030
AUTO: _ZN7Vector2IfE12limit_lengthEf @ 0xacacc0
AUTO: _ZL3MINIffEDTqultfp_fp0_fp_fp0_ERKT_RKT0_.1431 @ 0x945810
AUTO: _ZN5Rover10read_radioEv @ 0x9458a0
AUTO: _ZN11RC_Channels10read_inputEv @ 0x945950
AUTO: _ZN5Rover20radio_failsafe_checkEt @ 0x945a80
AUTO: _ZN10RC_Channel6updateEv @ 0x945b80
AUTO: _ZN11RC_Channels23rudder_arm_disarm_checkEv @ 0x945cf0
AUTO: _ZNK11RC_Channels19has_had_rc_receiverEv @ 0xacad90
AUTO: _ZNK10RC_Channel12pwm_to_angleEv @ 0x945f60
AUTO: _ZNK10RC_Channel15pwm_to_angle_dzEt @ 0x945fd0
AUTO: _ZNK10RC_Channel20pwm_to_angle_dz_trimEtt @ 0x946060
AUTO: _ZN5Rover8set_modeEN4Mode6NumberE10ModeReason @ 0x946450
AUTO: _ZNK4Mode16has_manual_inputEv @ 0xacbf30
AUTO: _ZNK4Mode19attitude_stabilizedEv @ 0xacbf80
AUTO: _ZNK4Mode17requires_positionEv @ 0xacbfd0
AUTO: _ZNK4Mode17requires_velocityEv @ 0xacc020
AUTO: _ZN4Mode20set_desired_locationERK8LocationS0_ @ 0x947170
AUTO: _ZN4Mode5_exitEv @ 0xacc240
AUTO: _ZN4Mode13calc_throttleEfb @ 0x9476f0
AUTO: _ZNK18AR_AttitudeControl31get_desired_speed_accel_limitedEff @ 0x947b40
AUTO: _ZNK8AC_Avoid13limits_activeEv @ 0xacc290
AUTO: _ZN18AR_AttitudeControl21get_throttle_out_stopEbbfffRb @ 0x948190
AUTO: _ZNK18AR_AttitudeControl13pitch_limitedEv @ 0xacc300
AUTO: _ZN18AR_AttitudeControl22get_throttle_out_speedEfbbfff @ 0x9483c0
AUTO: _ZN12AP_MotorsUGV12set_throttleEf @ 0x9488d0
AUTO: _ZL3MAXIffEDTqugtfp_fp0_fp_fp0_ERKT_RKT0_.11066 @ 0x949020
AUTO: _ZN8Sailboat11relax_sailsEv @ 0x9490a0
AUTO: _ZN12AP_MotorsUGV12set_mainsailEf @ 0x949980
AUTO: _ZN12AP_MotorsUGV12set_wingsailEf @ 0x949a90
AUTO: _ZN12AP_MotorsUGV17set_mast_rotationEf @ 0x949ba0
AUTO: _ZN8AC_Avoid15adjust_velocityER7Vector3IfERbfffff @ 0x949d20
AUTO: _ZL3MINIffEDTqultfp_fp0_fp_fp0_ERKT_RKT0_.8253 @ 0x94a480
AUTO: _ZNK8AC_Avoid27proximity_avoidance_enabledEv @ 0xacc360
AUTO: _ZN8AC_Avoid25adjust_velocity_proximityEffR7Vector3IfES2_fff @ 0x94a510
AUTO: _ZN8AC_Avoid29find_max_quadrant_velocity_3DER7Vector3IfER7Vector2IfES5_S5_S5_RfS6_ @ 0x94ae20
AUTO: _ZN8AC_Avoid21adjust_velocity_fenceEffR7Vector3IfES2_fff @ 0x94afa0
AUTO: _ZL3MAXIffEDTqugtfp_fp0_fp_fp0_ERKT_RKT0_.8254 @ 0x94b380
AUTO: _ZN8AC_Avoid11limit_accelERK7Vector3IfERS1_f @ 0x94b400
AUTO: _ZN8AC_Avoid28adjust_velocity_circle_fenceEffR7Vector2IfES2_f @ 0x94b7f0
AUTO: _ZN8AC_Avoid26find_max_quadrant_velocityER7Vector2IfES2_S2_S2_S2_ @ 0x94be80
AUTO: _ZN8AC_Avoid48adjust_velocity_inclusion_and_exclusion_polygonsEffR7Vector2IfES2_f @ 0x94c140
AUTO: _ZN8AC_Avoid33adjust_velocity_inclusion_circlesEffR7Vector2IfES2_f @ 0x94c4f0
AUTO: _ZN8AC_Avoid33adjust_velocity_exclusion_circlesEffR7Vector2IfES2_f @ 0x94cd70
AUTO: _ZN8AC_Avoid17adjust_velocity_zEffRfS0_f @ 0x94d680
AUTO: _ZNK8AC_Avoid21get_stopping_distanceEfff @ 0x94df50
AUTO: _ZNK12AP_Proximity18get_obstacle_countEv @ 0x94e460
AUTO: _ZNK7AP_AHRS15earth_to_body2DERK7Vector2IfE @ 0x94e4b0
AUTO: _ZNK12AP_Proximity12get_obstacleEhR7Vector3IfE @ 0x94e560
AUTO: _ZNK7AP_AHRS15body_to_earth2DERK7Vector2IfE @ 0x94ee60
AUTO: _ZNK24AP_Proximity_Boundary_3D28convert_obstacle_num_to_faceEhRNS_4FaceE @ 0x94f0d0
AUTO: _ZNK24AP_Proximity_Boundary_3D12get_obstacleEhR7Vector3IfE @ 0x94f1e0
AUTO: _ZNK24AP_Proximity_Boundary_3D18get_obstacle_countEv @ 0x94f370
AUTO: _ZNK18AR_AttitudeControl13get_accel_maxEv @ 0xaccd00
AUTO: _ZNK18AR_AttitudeControl22get_turn_lat_accel_maxEv @ 0xacce30
AUTO: _ZN13AR_PosControl10set_limitsEffff @ 0x94f450
AUTO: _ZN13AR_PosControl4initEv @ 0x94f5b0
AUTO: _ZN13AR_PosControl12set_reversedEb @ 0xaccf10
AUTO: _ZN13AR_PosControl17init_ekf_xy_resetEv @ 0x94f740
AUTO: _ZN7AP_AHRS24getLastPosNorthEastResetER7Vector2IfE @ 0x94f7b0
AUTO: _ZN7NavEKF324getLastPosNorthEastResetER7Vector2IfE @ 0x94fa00
AUTO: _ZL3MAXIfiEDTqugtfp_fp0_fp_fp0_ERKT_RKT0_.11114 @ 0x94fb50
AUTO: _ZL3MINIffEDTqultfp_fp0_fp_fp0_ERKT_RKT0_.11113 @ 0x94fbf0
AUTO: _ZN7AC_P_2D10set_limitsEfff @ 0x94fc80
AUTO: _ZL3MINIffEDTqultfp_fp0_fp_fp0_ERKT_RKT0_.18776 @ 0x94fe20
AUTO: _Z19inv_sqrt_controllerfff @ 0x94feb0
AUTO: _ZL3MAXI9AP_ParamTIfL11ap_var_type4EEfEDTqugtfp_fp0_fp_fp0_ERKT_RKT0_ @ 0x9500f0
AUTO: _ZL3MAXI9AP_ParamTIfL11ap_var_type4EEfEDTqugtfp_fp0_fp_fp0_ERKT_RKT0_.1138 @ 0x950180
AUTO: _ZNK8AR_WPNav27get_distance_to_destinationEv @ 0xacd030
AUTO: _ZNK8AR_WPNav13get_lat_accelEv @ 0xacd080
AUTO: _ZNK8AR_WPNav16crosstrack_errorEv @ 0xacd0d0
AUTO: _ZNK8AR_WPNav14nav_bearing_cdEv @ 0xacd120
AUTO: _ZN4Mode12stop_vehicleEv @ 0x950790
AUTO: _ZN12AP_MotorsUGV12set_steeringEfb @ 0x950b70
AUTO: _ZNK7Vector2IfE9projectedERKS0_ @ 0xacd170
AUTO: _ZN13AR_PosControl6updateEf @ 0x950c90
AUTO: _ZNK13AR_PosControl17get_desired_speedEv @ 0xacd210
AUTO: _ZNK13AR_PosControl26get_desired_turn_rate_radsEv @ 0xacd260
AUTO: _ZN4Mode28calc_steering_from_turn_rateEf @ 0x951850
AUTO: _ZN18AR_AttitudeControl21get_steering_out_rateEfbbf @ 0x951930
AUTO: _ZN4Mode12set_steeringEf @ 0x951db0
AUTO: _ZNK4Mode19allows_stick_mixingEv @ 0xacd2b0
AUTO: _ZL7radiansf.11065 @ 0x952030
AUTO: _ZNK18AR_AttitudeControl28get_turn_rate_from_lat_accelEff @ 0x952080
AUTO: _ZN13AR_PosControl19handle_ekf_xy_resetEv @ 0x9521d0
AUTO: _ZN9AC_PID_2D7reset_IEv @ 0x952330
AUTO: _ZN9AC_PID_2D12reset_filterEv @ 0xacd370
AUTO: _ZN7AC_P_2D10update_allER7Vector2IdERKS1_ @ 0x952390
AUTO: _ZN7AC_P_2D2kPEv @ 0xacd3c0
AUTO: _ZNK18AR_AttitudeControl19steering_limit_leftEv @ 0xacd410
AUTO: _ZNK18AR_AttitudeControl20steering_limit_rightEv @ 0xacd470
AUTO: _ZN9AC_PID_2D10update_allERK7Vector2IfES3_fS3_ @ 0x9524f0
AUTO: _ZNK9AC_PID_2D5get_iEv @ 0x952a30
AUTO: _ZN9AC_PID_2D14set_integratorERK7Vector2IfE @ 0x952a80
AUTO: _ZL3MAXIffEDTqugtfp_fp0_fp_fp0_ERKT_RKT0_.11115 @ 0x952b10
AUTO: _ZNK9AC_PID_2D16get_filt_E_alphaEf @ 0x952b90
AUTO: _ZNK9AC_PID_2D16get_filt_D_alphaEf @ 0x952c10
AUTO: _ZN9AC_PID_2D8update_iEfRK7Vector2IfE @ 0x952c90
AUTO: _ZNK8Sailboat18use_indirect_routeEf @ 0x9530f0
AUTO: _ZNK4Mode14calc_speed_maxEff @ 0x9541f0
AUTO: _ZN8AR_WPNav4initEf @ 0x955270
AUTO: _ZL3MAXIffEDTqugtfp_fp0_fp_fp0_ERKT_RKT0_.11144 @ 0x9555d0
AUTO: _ZL3MINIffEDTqultfp_fp0_fp_fp0_ERKT_RKT0_.11154 @ 0x955650
AUTO: _ZN8AR_WPNav19set_nudge_speed_maxEf @ 0x955770
AUTO: _ZNK8AR_WPNav20is_destination_validEv @ 0xacdee0
AUTO: _ZNK8AR_WPNav15get_destinationEv @ 0xacdf40
AUTO: _ZN4Mode20navigate_to_waypointEv @ 0x955dc0
AUTO: _ZNK11AR_WPNav_OA19reached_destinationEv @ 0x956100
AUTO: _ZNK8AR_WPNav19reached_destinationEv @ 0xacdf90
AUTO: _ZNK8AR_WPNav12get_reversedEv @ 0xacdff0
AUTO: _ZN4Mode16calc_speed_nudgeEfb @ 0x956180
AUTO: _ZN11AR_WPNav_OA6updateEf @ 0x956350
AUTO: _ZNK8AR_WPNav9get_speedEv @ 0xace050
AUTO: _ZNK11AR_WPNav_OA16oa_wp_bearing_cdEv @ 0x956930
AUTO: _ZNK8AR_WPNav18get_turn_rate_radsEv @ 0xace0a0
AUTO: _ZNK8AR_WPNav16oa_wp_bearing_cdEv @ 0xace160
AUTO: _ZN16AP_OAPathPlanner13get_singletonEv @ 0xace1b0
AUTO: _ZN16AP_OAPathPlanner17mission_avoidanceERK8LocationS2_S2_S2_RS0_S3_S3_RbRNS_17OAPathPlannerUsedE @ 0x9569c0
AUTO: _ZN11AR_WPNav_OA45update_oa_distance_and_bearing_to_destinationEv @ 0x956d20
AUTO: _ZN8AR_WPNav6updateEf @ 0x956e20
AUTO: _ZN8AR_WPNav16update_speed_maxEv @ 0x956ff0
AUTO: _ZNK12AR_PivotTurn6activeEv @ 0x957200
AUTO: _ZN8AR_WPNav29advance_wp_target_along_trackERK8Locationf @ 0x957270
AUTO: _ZN8AR_WPNav25update_steering_and_speedERK8Locationf @ 0x957a50
AUTO: _ZNK8AR_WPNav21calc_crosstrack_errorERK8Location @ 0x957c60
AUTO: _ZNK13AR_PosControl21get_desired_lat_accelEv @ 0xace1f0
AUTO: _ZN8AR_WPNav29init_pos_control_if_necessaryEv @ 0x957f00
AUTO: _ZNK13AR_PosControl13get_pos_errorEv @ 0x957ff0
AUTO: _ZNK13AR_PosControl20get_desired_velocityEv @ 0x9580d0
AUTO: _ZNK7Vector2IfE3dotERKS0_ @ 0xace240
AUTO: _ZN13AR_PosControl9get_pos_pEv @ 0xace2a0
AUTO: _ZL3MAXI9AP_ParamTIfL11ap_var_type4EEfEDTqugtfp_fp0_fp_fp0_ERKT_RKT0_.11143 @ 0x958150
AUTO: _ZNK13AR_PosControl17get_lat_accel_maxEv @ 0xace2f0
AUTO: _ZN6SCurve26advance_target_along_trackERS_S0_ffbfR7Vector3IfES3_S3_ @ 0x9581e0
AUTO: _ZN13AR_PosControl24set_pos_vel_accel_targetERK7Vector2IdERKS0_IfES6_ @ 0x958640
AUTO: _ZN6SCurve21move_to_pos_vel_accelEfR7Vector3IfES2_S2_ @ 0x958710
AUTO: _ZN6SCurve23move_from_pos_vel_accelEfR7Vector3IfES2_S2_ @ 0x958900
AUTO: _ZNK6SCurve18get_time_remainingEv @ 0x958ae0
AUTO: _ZNK6SCurve16get_time_elapsedEv @ 0xace340
AUTO: _ZNK6SCurve30get_jerk_accel_vel_pos_at_timeEfRfS0_S0_S0_ @ 0x958e20
AUTO: _ZNK6SCurve32calc_javp_for_segment_const_jerkEfffffRfS0_S0_S0_ @ 0x959360
AUTO: _ZNK6SCurve31calc_javp_for_segment_incr_jerkEffffffRfS0_S0_S0_ @ 0x959500
AUTO: _ZNK6SCurve31calc_javp_for_segment_decr_jerkEffffffRfS0_S0_S0_ @ 0x9598a0
AUTO: _ZN6SCurve12advance_timeEf @ 0x959d60
AUTO: _ZNK4Mode15get_pilot_inputERfS0_ @ 0x95ba80
AUTO: _ZL3MAXIffEDTqugtfp_fp0_fp_fp0_ERKT_RKT0_ @ 0x95bc90
AUTO: _ZNK11AR_WPNav_OA18get_oa_destinationEv @ 0x95c380
AUTO: _ZNK8AR_WPNav18get_oa_destinationEv @ 0xace610
AUTO: _ZN8ModeAuto12exit_missionEv @ 0x95cd20
AUTO: _ZN7FunctorIvJEE14method_wrapperI8ModeAutoXadL_ZNS2_12exit_missionEvEEEEvPv @ 0xaceea0
AUTO: _ZNK7AP_EnumIN8ModeAuto13DoneBehaviourEEcvKS1_Ev @ 0xacef50
AUTO: _ZN8ModeAuto10start_stopEv @ 0x95cf00
AUTO: _ZN8ModeAuto23verify_command_callbackERKN10AP_Mission15Mission_CommandE @ 0x95cf50
AUTO: _ZN7FunctorIbJRKN10AP_Mission15Mission_CommandEEE14method_wrapperI8ModeAutoXadL_ZNS6_23verify_command_callbackES3_EEEEbPvS3_ @ 0xacefa0
AUTO: _ZN8ModeAuto14verify_commandERKN10AP_Mission15Mission_CommandE @ 0x95cfe0
AUTO: _ZN3GCS33send_mission_item_reached_messageEt @ 0x95d2e0
AUTO: _ZN8ModeAuto13verify_nav_wpERKN10AP_Mission15Mission_CommandE @ 0x95d3c0
AUTO: _ZN8ModeAuto13start_commandERKN10AP_Mission15Mission_CommandE @ 0x95dc50
AUTO: _ZN7FunctorIbJRKN10AP_Mission15Mission_CommandEEE14method_wrapperI8ModeAutoXadL_ZNS6_13start_commandES3_EEEEbPvS3_ @ 0xacf220
AUTO: _ZN8ModeAuto9do_nav_wpERKN10AP_Mission15Mission_CommandEb @ 0x95dfe0
AUTO: _ZN8Location8sanitizeERKS_ @ 0x95f000
AUTO: _ZNK8ModeAuto5name4Ev @ 0xacf410
AUTO: _ZN8ModeAuto6updateEv @ 0x95f590
AUTO: _ZNK8ModeAuto17is_autopilot_modeEv @ 0xacf460
AUTO: _ZNK8ModeAuto10wp_bearingEv @ 0x95f9f0
AUTO: _ZNK8ModeAuto11nav_bearingEv @ 0x95fb30
AUTO: _ZNK8ModeAuto16crosstrack_errorEv @ 0x95fc70
AUTO: _ZNK8ModeAuto21get_desired_lat_accelEv @ 0x95fda0
AUTO: _ZNK8ModeAuto27get_distance_to_destinationEv @ 0x95fed0
AUTO: _ZNK8ModeAuto20get_desired_locationER8Location @ 0x960000
AUTO: _ZN8ModeAuto20set_desired_locationERK8LocationS0_ @ 0x9601a0
AUTO: _ZNK8ModeAuto19reached_destinationEv @ 0x960270
AUTO: _ZN8ModeAuto18init_reversed_flagEv @ 0xacf530
AUTO: _ZN8ModeAuto6_enterEv @ 0x960510
AUTO: _ZN8ModeAuto13calc_throttleEfb @ 0x9606b0
AUTO: _ZN8ModeAuto13check_triggerEv @ 0x960760
AUTO: _ZN10ModeGuided11limit_clearEv @ 0x960b00
AUTO: _ZNK10AP_Mission9is_resumeEv @ 0xacf5a0
AUTO: _ZN10AP_Mission15start_or_resumeEv @ 0x961880
AUTO: _ZN25AP_Mission_ChangeDetector24check_for_mission_changeEv @ 0x961920
AUTO: _ZN10AP_Mission6updateEv @ 0x961cd0
AUTO: _ZN10AP_Mission20update_exit_positionEv @ 0x963470
AUTO: _ZN10AP_Mission27on_mission_timestamp_changeEv @ 0x963500
AUTO: _ZN10AP_Mission14verify_commandERKNS_15Mission_CommandE @ 0x963550
AUTO: _ZN10AP_Mission22advance_current_do_cmdEv @ 0x963700
AUTO: _ZNK10AP_Mission19last_change_time_msEv @ 0xacf870
AUTO: _ZNK14AP_BattMonitor22capacity_remaining_pctERhh @ 0x964ed0
AUTO: _ZNK9GCS_Rover11custom_modeEv @ 0x9655c0
AUTO: _ZNK9GCS_Rover10frame_typeEv @ 0x965620
AUTO: _ZN9GCS_Rover4chanEh @ 0xad0520
AUTO: _ZNK9GCS_Rover19vehicle_initialisedEv @ 0x9656a0
AUTO: _ZN9GCS_Rover34update_vehicle_sensor_status_flagsEv @ 0x965850
AUTO: _ZN11GCS_MAVLINK14packetReceivedERK16__mavlink_statusRK17__mavlink_message @ 0x965c50
AUTO: _ZNK11GCS_MAVLINK13mission_stateERK10AP_Mission @ 0x965e50
AUTO: _ZNK17GCS_MAVLINK_Rover16send_rangefinderEv @ 0x965f30
AUTO: _ZNK17GCS_MAVLINK_Rover26send_nav_controller_outputEv @ 0x966070
AUTO: _ZN17GCS_MAVLINK_Rover15send_pid_tuningEv @ 0x9661e0
AUTO: _ZN11GCS_MAVLINK21send_scaled_pressure3Ev @ 0x966b20
AUTO: _ZNK11GCS_MAVLINK13send_attitudeEv @ 0x966b80
AUTO: _ZN17GCS_MAVLINK_Rover31send_position_target_global_intEv @ 0x966d50
AUTO: _ZNK11GCS_MAVLINK17send_winch_statusEv @ 0xad08b0
AUTO: _ZNK17GCS_MAVLINK_Rover9base_modeEv @ 0x9670d0
AUTO: _ZNK17GCS_MAVLINK_Rover21vehicle_system_statusEv @ 0x967220
AUTO: _ZNK11GCS_MAVLINK19persist_streamratesEv @ 0xad09a0
AUTO: _ZN17GCS_MAVLINK_Rover25handle_command_int_packetERK23__mavlink_command_int_tRK17__mavlink_message @ 0x9673b0
AUTO: _ZN17GCS_MAVLINK_Rover14handle_messageERK17__mavlink_message @ 0x967a60
AUTO: _ZN17GCS_MAVLINK_Rover16try_send_messageE10ap_message @ 0x968c90
AUTO: _ZN11GCS_MAVLINK24send_global_position_intEv @ 0x968ee0
AUTO: _ZNK11GCS_MAVLINK23global_position_int_altEv @ 0x969060
AUTO: _ZNK11GCS_MAVLINK32global_position_int_relative_altEv @ 0x9690c0
AUTO: _ZNK11GCS_MAVLINK17vfr_hud_climbrateEv @ 0x969130
AUTO: _ZNK11GCS_MAVLINK16vfr_hud_airspeedEv @ 0x9691f0
AUTO: _ZNK17GCS_MAVLINK_Rover16vfr_hud_throttleEv @ 0x969290
AUTO: _ZNK11GCS_MAVLINK11vfr_hud_altEv @ 0x9692f0
AUTO: _ZN11GCS_MAVLINK35convert_COMMAND_LONG_to_COMMAND_INTERK24__mavlink_command_long_tR23__mavlink_command_int_t9MAV_FRAME @ 0x969710
AUTO: _ZN11GCS_MAVLINK28command_long_stores_locationE7MAV_CMD @ 0x969ca0
AUTO: _ZL30convert_COMMAND_LONG_loc_paramfb @ 0x969d80
AUTO: _ZL7degreesf.11 @ 0x969e30
AUTO: _ZL3MINIfiEDTqultfp_fp0_fp_fp0_ERKT_RKT0_ @ 0x969e80
AUTO: _ZNK4Mode11speed_errorEv @ 0xad0b40
AUTO: _ZL36mavlink_msg_global_position_int_send17mavlink_channel_tjiiiissst @ 0x96a420
AUTO: _ZN17GCS_MAVLINK_Rover14send_servo_outEv @ 0x96a540
AUTO: _ZN5Rover27send_wheel_encoder_distanceE17mavlink_channel_t @ 0x96a6f0
AUTO: _ZNK11AP_WindVane9send_windE17mavlink_channel_t @ 0x96a880
AUTO: _ZNK11GCS_MAVLINK23get_ap_message_intervalE10ap_messageRt @ 0x96a990
AUTO: _ZN13AP_OADatabase17send_adsb_vehicleE17mavlink_channel_tt @ 0x96aac0
AUTO: _ZN17GCS_MAVLINK_Rover16send_water_depthEv @ 0x96b060
AUTO: _ZN11GCS_MAVLINK16try_send_messageE10ap_message @ 0x96b350
AUTO: _ZN11GCS_MAVLINK17queued_param_sendEv @ 0x96c000
AUTO: _ZNK11GCS_MAVLINK14send_heartbeatEv @ 0x96c2b0
AUTO: _ZNK11GCS_MAVLINK8send_rpmEv @ 0x96c670
AUTO: _ZN11GCS_MAVLINK24try_send_mission_messageE10ap_message @ 0x96c750
AUTO: _ZN7Compass21send_mag_cal_progressERK11GCS_MAVLINK @ 0x96c950
AUTO: _ZN7Compass19send_mag_cal_reportERK11GCS_MAVLINK @ 0x96cba0
AUTO: _ZN11GCS_MAVLINK19send_battery_statusEv @ 0x96ced0
AUTO: _ZNK7AP_AHRS22send_ekf_status_reportER11GCS_MAVLINK @ 0x96d020
AUTO: _ZN11GCS_MAVLINK12send_meminfoEv @ 0x96d120
AUTO: _ZNK11GCS_MAVLINK17send_fence_statusEv @ 0x96d1e0
AUTO: _ZN11GCS_MAVLINK20send_distance_sensorEv @ 0x96d350
AUTO: _ZNK11GCS_MAVLINK16send_system_timeEv @ 0x96d890
AUTO: _ZN6AP_GPS20send_mavlink_gps_rawE17mavlink_channel_t @ 0x96d920
AUTO: _ZN6AP_GPS20send_mavlink_gps_rtkE17mavlink_channel_th @ 0x96dc70
AUTO: _ZN6AP_GPS21send_mavlink_gps2_rawE17mavlink_channel_t @ 0x96dd50
AUTO: _ZNK11GCS_MAVLINK19send_local_positionEv @ 0x96e0f0
AUTO: _ZNK11GCS_MAVLINK34send_gimbal_device_attitude_statusEv @ 0x96e1c0
AUTO: _ZN11GCS_MAVLINK16send_opticalflowEv @ 0x96e580
AUTO: _ZN11GCS_MAVLINK17send_power_statusEv @ 0x96e6f0
AUTO: _ZNK11GCS_MAVLINK16send_rc_channelsEv @ 0x96e800
AUTO: _ZNK11GCS_MAVLINK20send_rc_channels_rawEv @ 0x96eac0
AUTO: _ZN11GCS_MAVLINK12send_raw_imuEv @ 0x96ec40
AUTO: _ZN11GCS_MAVLINK15send_scaled_imuEhPFv17mavlink_channel_tjssssssssssE @ 0x96f050
AUTO: _ZL28mavlink_msg_scaled_imu2_send17mavlink_channel_tjssssssssss @ 0x96f310
AUTO: _ZL28mavlink_msg_scaled_imu3_send17mavlink_channel_tjssssssssss @ 0x96f480
AUTO: _ZN11GCS_MAVLINK20send_scaled_pressureEv @ 0x96f830
AUTO: _ZN11GCS_MAVLINK21send_scaled_pressure2Ev @ 0x96f890
AUTO: _ZN11GCS_MAVLINK13send_airspeedEv @ 0x96f8f0
AUTO: _ZN11GCS_MAVLINK21send_servo_output_rawEv @ 0x96fab0
AUTO: _ZNK11GCS_MAVLINK13send_simstateEv @ 0x96fed0
AUTO: _ZN11GCS_MAVLINK15send_sys_statusEv @ 0x96fff0
AUTO: _ZN11GCS_MAVLINK10send_ahrs2Ev @ 0x9702e0
AUTO: _ZN11GCS_MAVLINK9send_ahrsEv @ 0x9703c0
AUTO: _ZN11GCS_MAVLINK12send_vfr_hudEv @ 0x970540
AUTO: _ZNK11GCS_MAVLINK14send_vibrationEv @ 0x970680
AUTO: _ZNK11GCS_MAVLINK21send_generator_statusEv @ 0x970770
AUTO: _ZN12AP_ESC_Telem26send_esc_telemetry_mavlinkEh @ 0x970af0
AUTO: _ZN6AP_EFI19send_mavlink_statusE17mavlink_channel_t @ 0x970f80
AUTO: _ZN6AP_AIS13get_singletonEv @ 0x971750
AUTO: _ZN6AP_AIS4sendE17mavlink_channel_t @ 0x971790
AUTO: _ZN11GCS_MAVLINK20send_available_modesEv @ 0x971b00
AUTO: _ZNK11GCS_MAVLINK21battery_remaining_pctEh @ 0x972390
AUTO: _ZL3MINIhiEDTqultfp_fp0_fp_fp0_ERKT_RKT0_.6112 @ 0x972840
AUTO: _ZN12AP_Generator21send_generator_statusERK11GCS_MAVLINK @ 0x973160
AUTO: _ZL26mavlink_msg_vibration_send17mavlink_channel_tmfffjjj @ 0x9731e0
AUTO: _ZL24mavlink_msg_vfr_hud_send17mavlink_channel_tffstff @ 0x9732f0
AUTO: _ZNK7AP_AHRS12get_error_rpEv @ 0x973480
AUTO: _ZNK7AP_AHRS13get_error_yawEv @ 0x9734e0
AUTO: _ZL21mavlink_msg_ahrs_send17mavlink_channel_tfffffff @ 0x973540
AUTO: _ZL22mavlink_msg_ahrs2_send17mavlink_channel_tffffii @ 0x973660
AUTO: _ZNK9AP_Logger11num_droppedEv @ 0x973760
AUTO: _ZNK14AP_BattMonitor11gcs_voltageEv @ 0xad0c70
AUTO: _ZL27mavlink_msg_sys_status_send17mavlink_channel_tjjjttsatttttt @ 0x9737e0
AUTO: _ZNK14AP_BattMonitor11gcs_voltageEh @ 0x973980
AUTO: _ZNK17AP_Logger_Backend11num_droppedEv @ 0xad0cc0
AUTO: _ZL7radiansf.14807 @ 0x973da0
AUTO: _ZNK4SITL3SIM13simstate_sendE17mavlink_channel_t @ 0x974120
AUTO: _ZL25mavlink_msg_simstate_send17mavlink_channel_tfffffffffii @ 0x9742f0
AUTO: _ZL33mavlink_msg_servo_output_raw_send17mavlink_channel_tjhtttttttttttttttt @ 0x974490
AUTO: _ZL33mavlink_msg_scaled_pressure2_send17mavlink_channel_tjffss @ 0x974790
AUTO: _ZN11GCS_MAVLINK29send_scaled_pressure_instanceEhPFv17mavlink_channel_tjffssE @ 0x974870
AUTO: _ZL32mavlink_msg_scaled_pressure_send17mavlink_channel_tjffss @ 0x974a60
AUTO: _ZL24mavlink_msg_raw_imu_send17mavlink_channel_tmssssssssshs @ 0x974bc0
AUTO: _ZNK11GCS_MAVLINK16sending_mavlink1Ev @ 0x974d40
AUTO: _ZNK11GCS_MAVLINK13receiver_rssiEv @ 0x974da0
AUTO: _ZL28mavlink_msg_rc_channels_send17mavlink_channel_tjhtttttttttttttttttth @ 0x974fb0
AUTO: _ZL29mavlink_msg_power_status_send17mavlink_channel_tttt @ 0x975220
AUTO: _ZN8AP_Mount34send_gimbal_device_attitude_statusE17mavlink_channel_t @ 0x975ca0
AUTO: _ZL35mavlink_msg_local_position_ned_send17mavlink_channel_tjffffff @ 0x976300
AUTO: _ZNK6AP_GPS12gps_yaw_cdegEh @ 0x976410
AUTO: _ZNK6AP_GPS23have_gps_yaw_configuredEh @ 0xad0f20
AUTO: _ZL28mavlink_msg_gps_raw_int_send17mavlink_channel_tmhiiitttthijjjjt @ 0x976710
AUTO: _ZL28mavlink_msg_system_time_send17mavlink_channel_tmj @ 0x976900
AUTO: _ZN11GCS_MAVLINK14send_proximityEv @ 0x977ea0
AUTO: _ZNK12AP_Proximity12distance_minEv @ 0x978280
AUTO: _ZL3MINIjjEDTqultfp_fp0_fp_fp0_ERKT_RKT0_.6116 @ 0x978740
AUTO: _ZL24mavlink_msg_meminfo_send17mavlink_channel_tttj @ 0x9787c0
AUTO: _ZNK7NavEKF318send_status_reportER11GCS_MAVLINK @ 0x978a60
AUTO: _ZNK12NavEKF3_core18send_status_reportER11GCS_MAVLINK @ 0x978af0
AUTO: _ZL41mavlink_msg_ekf_status_report_send_struct17mavlink_channel_tPK29__mavlink_ekf_status_report_t @ 0x978ef0
AUTO: _ZNK14AP_BattMonitor13option_is_setEhN21AP_BattMonitor_Params7OptionsE @ 0x979a10
AUTO: _ZNK11GCS_MAVLINK19send_battery_statusEh @ 0x979ae0
AUTO: _ZL3MINIftEDTqultfp_fp0_fp_fp0_ERKT_RKT0_ @ 0x97a370
AUTO: _ZNK14AP_BattMonitor14time_remainingERjh @ 0x97a410
AUTO: _ZNK14AP_BattMonitor24get_mavlink_charge_stateEh @ 0x97a500
AUTO: _ZNK14AP_BattMonitor25get_mavlink_fault_bitmaskEh @ 0x97a630
AUTO: _ZL31mavlink_msg_battery_status_send17mavlink_channel_thhhsPKtsiiaihS1_hj @ 0x97a6e0
AUTO: _ZN14typesafe_indexIh12TAG_PriorityErmERKh @ 0xad1170
AUTO: _ZN11GCS_MAVLINK20send_mission_currentERK10AP_Missiont @ 0x97ae60
AUTO: _ZL37mavlink_msg_mission_item_reached_send17mavlink_channel_tt @ 0x97af60
AUTO: _ZL32mavlink_msg_mission_current_send17mavlink_channel_ttthh @ 0x97b330
AUTO: _ZNK11GCS_MAVLINK13system_statusEv @ 0x97b800
AUTO: _ZL26mavlink_msg_heartbeat_send17mavlink_channel_thhhjh @ 0x97b890
AUTO: _ZN11GCS_MAVLINK28send_parameter_async_repliesEv @ 0x97b970
AUTO: _ZN12ObjectBufferIN11GCS_MAVLINK19pending_param_replyEE4peekERS1_ @ 0xad1260
AUTO: _ZL35mavlink_msg_rc_channels_scaled_send17mavlink_channel_tjhssssssssh @ 0x97c5e0
AUTO: _ZN11GCS_MAVLINK14handle_messageERK17__mavlink_message @ 0x980fb0
AUTO: _ZN11GCS_MAVLINK16handle_heartbeatERK17__mavlink_message @ 0x981b30
AUTO: _ZN11GCS_MAVLINK19handle_command_longERK17__mavlink_message @ 0x982ea0
AUTO: _ZN11GCS_MAVLINK26handle_request_data_streamERK17__mavlink_message @ 0x9844e0
AUTO: _ZNK3GCS12sysid_is_gcsEh @ 0x989b40
AUTO: _ZN11GCS_MAVLINK16sysid_mygcs_seenEj @ 0x989de0
AUTO: _ZN3GCS16sysid_mygcs_seenEj @ 0xad1e30
AUTO: _ZL38mavlink_msg_request_data_stream_decodePK17__mavlink_messageP31__mavlink_request_data_stream_t @ 0x98b050
AUTO: _ZN9AP_Logger13Write_CommandERK23__mavlink_command_int_thh10MAV_RESULTb @ 0x98e2f0
AUTO: _ZL31mavlink_msg_command_long_decodePK17__mavlink_messageP24__mavlink_command_long_t @ 0x98e470
AUTO: _ZN11GCS_MAVLINK31try_command_long_as_command_intERK24__mavlink_command_long_tRK17__mavlink_message @ 0x98e540
AUTO: _ZN11GCS_MAVLINK16_set_mode_commonEhj @ 0x990da0
AUTO: _ZN12ObjectBufferIN7GCS_FTP11TransactionEE3popERS1_ @ 0xad23f0
AUTO: _ZN11GCS_MAVLINK25handle_command_int_packetERK23__mavlink_command_int_tRK17__mavlink_message @ 0x997060
AUTO: _ZN11GCS_MAVLINK26handle_command_do_set_modeERK23__mavlink_command_int_t @ 0x998320
AUTO: _ZL43mavlink_msg_position_target_global_int_send17mavlink_channel_tjhtiifffffffff @ 0x99be60
AUTO: _ZL25mavlink_msg_attitude_send17mavlink_channel_tjffffff @ 0x99c210
AUTO: _ZL38mavlink_msg_nav_controller_output_send17mavlink_channel_tffsstfff @ 0x99c5f0
AUTO: _ZN15MAVLink_routing17check_and_forwardER11GCS_MAVLINKRK17__mavlink_message @ 0x99c7d0
AUTO: _ZN9AP_Follow10handle_msgERK17__mavlink_message @ 0x99cd40
AUTO: _ZNK11GCS_MAVLINK13accept_packetERK16__mavlink_statusRK17__mavlink_message @ 0x99cec0
AUTO: _ZNK9AP_Follow21should_handle_messageERK17__mavlink_message @ 0x99cfe0
AUTO: _ZN15MAVLink_routing11learn_routeER11GCS_MAVLINKRK17__mavlink_message @ 0x99dfb0
AUTO: _ZN15MAVLink_routing16handle_heartbeatER11GCS_MAVLINKRK17__mavlink_message @ 0x99e250
AUTO: _ZN15MAVLink_routing11get_targetsERK17__mavlink_messageRsS3_ @ 0x99e480
AUTO: _ZNK11AR_WPNav_OA13get_oa_originEv @ 0x9aa8c0
AUTO: _ZN17RC_Channels_Rover7channelEh @ 0xad4f10
AUTO: _ZN11RC_Channels16read_mode_switchEv @ 0x9adab0
AUTO: _ZNK17RC_Channels_Rover14in_rc_failsafeEv @ 0x9adb40
AUTO: _ZNK17RC_Channels_Rover15has_valid_inputEv @ 0x9adba0
AUTO: _ZNK17RC_Channels_Rover18get_arming_channelEv @ 0x9adc20
AUTO: _ZNK17RC_Channels_Rover26flight_mode_channel_numberEv @ 0x9adc70
AUTO: mode_to_string @ 0xa1d140
AUTO: mode_entry @ 0xa1d2c0
----------------------
Mode: 9 (CIRCLE)
CIRCLE: _ZN15AP_Arming_Rover14pre_arm_checksEb @ 0x5bfbf0
CIRCLE: _ZN2AP13serialmanagerEv @ 0x5c1810
CIRCLE: _ZNK9AP_ParamTIiL11ap_var_type3EEcvRKiEv @ 0xa21b60
CIRCLE: _Z3gcsv @ 0x5c4420
CIRCLE: _ZN11GCS_MAVLINK19active_channel_maskEv @ 0xa21f60
CIRCLE: _ZN11GCS_MAVLINK20private_channel_maskEv @ 0xa21fe0
CIRCLE: _ZN3GCS13get_singletonEv @ 0xa22020
CIRCLE: _ZNK16AP_SerialManager22find_protocol_instanceENS_14SerialProtocolEh @ 0x5c45c0
CIRCLE: _ZNK13AP_ParamTBaseIaL11ap_var_type1EE3getEv @ 0xa22060
CIRCLE: _ZNK16AP_SerialManager14protocol_matchENS_14SerialProtocolES0_ @ 0x5c4760
CIRCLE: _ZN16AP_SerialManager13get_singletonEv @ 0xa220b0
CIRCLE: _Z2rcv @ 0x5c4860
CIRCLE: _ZN11RC_Channels13get_singletonEv @ 0xa22150
CIRCLE: _ZNK9AP_ParamTIaL11ap_var_type1EEcvRKaEv @ 0xa22220
CIRCLE: _ZN6AP_HAL6millisEv @ 0x5c4ee0
CIRCLE: _ZN13WithSemaphoreD2Ev @ 0x5c4f20
CIRCLE: _ZN6AP_HAL8millis64Ev @ 0x5c4f80
CIRCLE: _ZN6AP_HAL8micros64Ev @ 0x5c4fc0
CIRCLE: _ZL14uint64_div1000m @ 0x5c5060
CIRCLE: _ZN7HALSITL9Scheduler4fromEPN6AP_HAL9SchedulerE @ 0xa22270
CIRCLE: _ZNK7HALSITL9Scheduler18stopped_clock_usecEv @ 0xa222c0
CIRCLE: _ZNK13AP_ParamTBaseIsL11ap_var_type2EE3getEv @ 0xa22310
CIRCLE: _ZN13WithSemaphoreC2ERN6AP_HAL9SemaphoreEj @ 0x5c51b0
CIRCLE: _ZN2AP9proximityEv @ 0x5c5290
CIRCLE: _ZN12AP_Proximity13get_singletonEv @ 0xa223a0
CIRCLE: _ZN2AP9schedulerEv @ 0x5c55b0
CIRCLE: _ZN12AP_Scheduler25get_filtered_loop_rate_hzEv @ 0xa22420
CIRCLE: _ZN12AP_Scheduler16get_loop_rate_hzEv @ 0xa22470
CIRCLE: _ZN10AP_Terrain13get_singletonEv @ 0xa22500
CIRCLE: _ZN12AP_Scripting13get_singletonEv @ 0xa225a0
CIRCLE: _ZN2AP13internalerrorEv @ 0x5c5920
CIRCLE: _ZNK16AP_InternalError6errorsEv @ 0xa22700
CIRCLE: _ZNK16AP_InternalError15last_error_lineEv @ 0xa22750
CIRCLE: _ZN2AP3rpmEv @ 0x5c5ab0
CIRCLE: _ZN2AP5relayEv @ 0x5c5e20
CIRCLE: _ZN12SRV_Channels17function_assignedEN11SRV_Channel8FunctionE @ 0x5c6660
CIRCLE: _ZNK9AP_ParamTIsL11ap_var_type2EEcvRKsEv @ 0xa22830
CIRCLE: _ZN12SRV_Channels25update_aux_servo_functionEv @ 0x5c67b0
CIRCLE: _ZNK7BitmaskILt190EE3getEt @ 0xa22880
CIRCLE: _ZNK7BitmaskILt190EE8validateEt @ 0xa22950
CIRCLE: _ZN7BitmaskILt190EE8clearallEv @ 0xa229e0
CIRCLE: _ZNK11SRV_Channel14valid_functionEv @ 0xa22a40
CIRCLE: _ZN11SRV_Channel24aux_servo_function_setupEv @ 0x5c72b0
CIRCLE: _ZN7BitmaskILt190EE3setEt @ 0xa22aa0
CIRCLE: _ZNK9AP_Enum16IN11SRV_Channel8FunctionEEcvKS1_Ev @ 0xa22b60
CIRCLE: _ZN11SRV_Channel14valid_functionENS_8FunctionE @ 0xa22bb0
CIRCLE: _ZN8AP_Relay13get_singletonEv @ 0xa22c60
CIRCLE: _ZN6AP_RPM13get_singletonEv @ 0xa22ca0
CIRCLE: _ZNK12AP_Scripting13option_is_setENS_11DebugOptionE @ 0xa22d90
CIRCLE: _ZNK13AP_ParamTBaseIiL11ap_var_type3EE3getEv @ 0xa22e90
CIRCLE: _ZNK2AP8PerfInfo25get_filtered_loop_rate_hzEv @ 0x5c76a0
CIRCLE: _ZNK2AP8PerfInfo17get_filtered_timeEv @ 0x5c7730
CIRCLE: _ZN12AP_Scheduler13get_singletonEv @ 0x5c7780
CIRCLE: _ZN2AP7missionEv @ 0x5c77c0
CIRCLE: _ZNK10AP_Mission12num_commandsEv @ 0xa22ee0
CIRCLE: _ZN2AP4ahrsEv @ 0x5c80f0
CIRCLE: _ZNK7AP_AHRS8get_homeEv @ 0xa22ff0
CIRCLE: _ZNK13StorageAccess10read_blockEPvtm @ 0x5c8220
CIRCLE: _ZN7AP_AHRS13get_singletonEv @ 0xa23040
CIRCLE: _ZN8LocationC2Ev @ 0xa23080
CIRCLE: _ZN8Location4zeroEv @ 0x5c8750
CIRCLE: _ZN10AP_Mission13get_singletonEv @ 0xa230d0
CIRCLE: _ZNK7AP_AHRS12get_locationER8Location @ 0x5c88f0
CIRCLE: _ZN2AP7vehicleEv @ 0x5c8b60
CIRCLE: _ZNK10AP_Mission7presentEv @ 0xa231b0
CIRCLE: _ZN10AP_Vehicle13get_singletonEv @ 0x5c8ba0
CIRCLE: _ZNK8Location12get_distanceERKS_ @ 0x5c8dc0
CIRCLE: _ZNK9AP_ParamTIfL11ap_var_type4EEcvRKfILb1EEEv @ 0xa23220
CIRCLE: _ZN8Location14diff_longitudeEii @ 0x5c8e90
CIRCLE: _ZN8Location15longitude_scaleEi @ 0x5c8f70
CIRCLE: _Z4normIddJEEdT_T0_DpKT1_ @ 0xa23270
CIRCLE: _Z2sqIdJdEEdT_DpKT0_ @ 0xa232e0
CIRCLE: _Z2sqIdEdT_ @ 0xa23360
CIRCLE: _ZL3MAXIdfEDTqugtfp_fp0_fp_fp0_ERKT_RKT0_ @ 0x5c9010
CIRCLE: _ZN8LocationC2EiiiNS_8AltFrameE @ 0x5c90b0
CIRCLE: _ZN8Location10set_alt_cmEiNS_8AltFrameE @ 0x5c9150
CIRCLE: _ZN11RC_Channels23get_valid_channel_countEv @ 0x5c93f0
CIRCLE: _ZNK10RC_Channel12has_overrideEv @ 0x5c9460
CIRCLE: _ZNK13AP_ParamTBaseIfL11ap_var_type4EE3getEv @ 0xa23600
CIRCLE: _Z11is_positiveIfEbT_ @ 0xa23650
CIRCLE: _Z7is_zerof @ 0xa236b0
CIRCLE: _ZL3MINIihEDTqultfp_fp0_fp_fp0_ERKT_RKT0_.6275 @ 0x5c9520
CIRCLE: _ZN5Rover15ekf_position_okEv @ 0x5c9e10
CIRCLE: _ZNK7AP_AHRS17have_inertial_navEv @ 0x5c9f80
CIRCLE: _ZNK7AP_AHRS17get_filter_statusER17nav_filter_status @ 0x5c9fe0
CIRCLE: _ZNK9AP_Arming8is_armedEv @ 0x5ca110
CIRCLE: _ZNK7AP_AHRS8ekf_typeEv @ 0x5ca260
CIRCLE: _ZNK7NavEKF315getFilterStatusER17nav_filter_status @ 0x5ca3f0
CIRCLE: _ZN2AP12externalAHRSEv @ 0x5ca6e0
CIRCLE: _ZNK15AP_ExternalAHRS17get_filter_statusER17nav_filter_status @ 0x5ca720
CIRCLE: _ZN15AP_ExternalAHRS13get_singletonEv @ 0xa23940
CIRCLE: _ZNK12NavEKF3_core15getFilterStatusER17nav_filter_status @ 0x5ca8b0
CIRCLE: _ZNK7AP_AHRS14always_use_EKFEv @ 0xa23980
CIRCLE: _ZNK7AP_AHRS15active_EKF_typeEv @ 0xa239e0
CIRCLE: _ZNK7AP_AHRS7healthyEv @ 0x5ca990
CIRCLE: _ZN2AP7compassEv @ 0x5cb430
CIRCLE: _ZNK7Compass11use_for_yawEv @ 0x5cb470
CIRCLE: _ZNK16AP_NavEKF_Source12getYawSourceEh @ 0x5cc2e0
CIRCLE: _ZNK12NavEKF3_core7healthyEv @ 0x5cc5a0
CIRCLE: _ZNK16AP_NavEKF_Source14useVelXYSourceENS_8SourceXYEh @ 0x5cc960
CIRCLE: _ZNK16AP_NavEKF_Source18getActiveSourceSetEh @ 0xa23a30
CIRCLE: _ZNK7AP_EnumIN16AP_NavEKF_Source8SourceXYEEcvKS1_Ev @ 0xa23ae0
CIRCLE: _ZNK16AP_NavEKF_Source13option_is_setENS_13SourceOptionsE @ 0xa23b30
CIRCLE: _ZNK12NavEKF3_core15getFilterFaultsERt @ 0x5cca90
CIRCLE: _ZNK11QuaternionTIdE6is_nanEv @ 0xa23bb0
CIRCLE: _ZNK7Vector3IdE6is_nanEv @ 0xa23cb0
CIRCLE: _ZNK7AP_EnumIN16AP_NavEKF_Source9SourceYawEEcvKS1_Ev @ 0xa23d80
CIRCLE: _ZN2AP3dalEv @ 0x5ccbb0
CIRCLE: _ZN6AP_DAL7compassEv @ 0xa23dd0
CIRCLE: _ZNK14AP_DAL_Compass15get_num_enabledEv @ 0xa23e20
CIRCLE: _ZN6AP_DAL13get_singletonEv @ 0xa23e70
CIRCLE: _ZN7Matrix3IfEC2Ev @ 0xa242b0
CIRCLE: _ZN7Vector3IfEC2Ev @ 0xa243a0
CIRCLE: _ZN11QuaternionTIfEC2Ev @ 0xa24520
CIRCLE: _ZN7Vector2IfEC2Ev @ 0xa24590
CIRCLE: _ZN6AP_DAL4baroEv @ 0xa245f0
CIRCLE: _ZN6AP_DAL6beaconEv @ 0xa24690
CIRCLE: _ZN6AP_DAL3gpsEv @ 0xa24750
CIRCLE: _ZN6AP_DAL11rangefinderEv @ 0xa24860
CIRCLE: _ZN6AP_DAL10visualodomEv @ 0xa248b0
CIRCLE: _ZNK7Compass7healthyEh @ 0x5cd520
CIRCLE: _ZNK7Compass11use_for_yawEh @ 0x5cd5c0
CIRCLE: _ZNK7Compass9availableEv @ 0xa249d0
CIRCLE: _ZN14typesafe_indexIh12TAG_PriorityEC2Eh @ 0xa24a50
CIRCLE: _ZNK19RestrictIDTypeArrayI9AP_ParamTIaL11ap_var_type1EELj3E14typesafe_indexIh12TAG_PriorityEEixERKS5_ @ 0xa24ab0
CIRCLE: _ZNK7AP_EnumIN7Compass9LearnTypeEEcvKS1_Ev @ 0xa24b30
CIRCLE: _ZNK14typesafe_indexIh12TAG_PriorityE7get_intEv @ 0xa24b80
CIRCLE: _ZNK7Compass10_get_stateE14typesafe_indexIh12TAG_PriorityE @ 0xa24bd0
CIRCLE: _ZNK7Compass13_get_state_idE14typesafe_indexIh12TAG_PriorityE @ 0x5cd6a0
CIRCLE: _ZNK19RestrictIDTypeArrayIN7Compass9mag_stateELj4E14typesafe_indexIh14TAG_StateIndexEEixERKS4_ @ 0xa24c50
CIRCLE: _ZNK14typesafe_indexIh14TAG_StateIndexE7get_intEv @ 0xa24cd0
CIRCLE: _ZNK19RestrictIDTypeArrayIiLj3E14typesafe_indexIh12TAG_PriorityEEixERKS2_ @ 0xa24d20
CIRCLE: _ZN14typesafe_indexIh14TAG_StateIndexEC2Eh @ 0xa24da0
CIRCLE: _ZNK14typesafe_indexIh14TAG_StateIndexEltERKh @ 0xa24e00
CIRCLE: _ZN14typesafe_indexIh14TAG_StateIndexEppEi @ 0xa24e70
CIRCLE: _ZN7Compass13get_singletonEv @ 0xa24ee0
CIRCLE: _ZNK7NavEKF211activeCoresEv @ 0xa24f20
CIRCLE: _ZNK7NavEKF311activeCoresEv @ 0xa25360
CIRCLE: _ZN11QuaternionTIfE20from_rotation_matrixERK7Matrix3IfE @ 0xa25410
CIRCLE: _ZNK12NavEKF3_core11use_compassEv @ 0x5cdd30
CIRCLE: _ZNK14AP_DAL_Compass11use_for_yawEh @ 0xa25920
CIRCLE: _ZNK12NavEKF3_core20getRotationBodyToNEDER7Matrix3IfE @ 0x5cde00
CIRCLE: _ZNK11QuaternionTIdE15rotation_matrixER7Matrix3IfE @ 0xa25990
CIRCLE: _ZNK6AP_DAL43get_rotation_vehicle_body_to_autopilot_bodyEv @ 0xa25ba0
CIRCLE: _ZNK7Matrix3IfEmlERKS0_ @ 0xa25bf0
CIRCLE: _ZN7Vector3IfEC2Efff @ 0xa25e60
CIRCLE: _ZN7Matrix3IfEC2ERK7Vector3IfES4_S4_ @ 0xa25ef0
CIRCLE: _ZN7Vector3IfEdVEf @ 0xa25fa0
CIRCLE: _Z7wrap_PId @ 0x5cdf10
CIRCLE: _ZN7Vector3IfEmLEf @ 0xa26030
CIRCLE: _Z8wrap_2PId @ 0x5cdfa0
CIRCLE: _ZN11QuaternionTIfEC2Effff @ 0xa26370
CIRCLE: _ZNK11QuaternionTIfE15rotation_matrixER7Matrix3IfE @ 0xa26420
CIRCLE: _ZNK7Matrix3IfE13mul_transposeERK7Vector3IfE @ 0xa26610
CIRCLE: _ZNK7Vector3IfEmiERKS0_ @ 0xa26720
CIRCLE: _ZNK7Vector3IfE6lengthEv @ 0xa267d0
CIRCLE: _Z20constrain_value_lineIfET_S0_S0_S0_j @ 0xa26830
CIRCLE: _Z4normIffJfEEdT_T0_DpKT1_ @ 0xa26950
CIRCLE: _Z2sqIfJffEEdT_DpKT0_ @ 0xa269d0
CIRCLE: _ZL2sqf.3424 @ 0x5ce090
CIRCLE: _Z2sqIfJfEEdT_DpKT0_ @ 0xa26a70
CIRCLE: _ZL2sqf.1606 @ 0x5ce0e0
CIRCLE: _ZNK7AP_AHRS24get_rotation_body_to_nedEv @ 0xa26af0
CIRCLE: _ZN2AP3gpsEv @ 0x5ce1f0
CIRCLE: _ZNK6AP_GPS8get_typeEh @ 0xa26be0
CIRCLE: _ZNK7AP_EnumIN6AP_GPS8GPS_TypeEEcvKS1_Ev @ 0xa26c70
CIRCLE: _ZN6AP_GPS13get_singletonEv @ 0xa26cc0
CIRCLE: _ZNK7NavEKF37healthyEv @ 0x5ce340
CIRCLE: _ZNK6AP_GPS11num_sensorsEv @ 0x5ce650
CIRCLE: _ZNK6AP_GPS14primary_sensorEv @ 0xa26da0
CIRCLE: _ZNK6AP_GPS6statusEh @ 0xa26df0
CIRCLE: _ZNK6AP_GPS10is_healthyEh @ 0x5ce6d0
CIRCLE: _ZNK7AP_AHRS11home_is_setEv @ 0xa26eb0
CIRCLE: _ZNK6AP_GPS8locationEv @ 0xa26f10
CIRCLE: _ZNK6AP_GPS22first_unconfigured_gpsERh @ 0x5ce990
CIRCLE: _ZNK6AP_GPS8locationEh @ 0xa26f70
CIRCLE: _ZNK6AP_GPS12is_rtk_roverEh @ 0x5cee40
CIRCLE: _ZN2AP3insEv @ 0x5cf1a0
CIRCLE: _ZNK17AP_InertialSensor19get_gyro_health_allEv @ 0x5cf1e0
CIRCLE: _ZNK17AP_InertialSensor22gyro_calibrated_ok_allEv @ 0x5cf2a0
CIRCLE: _ZNK17AP_InertialSensor20get_accel_health_allEv @ 0x5cf3b0
CIRCLE: _ZNK17AP_InertialSensor23accel_calibrated_ok_allEv @ 0x5cf470
CIRCLE: _ZNK10AP_GyroFFT16analysis_enabledEv @ 0xa27190
CIRCLE: _ZN7Vector3IfEixEh @ 0xa27520
CIRCLE: _ZN10DigitalLPFIfE6_applyERKfS2_ @ 0xa27880
CIRCLE: _Z15constrain_int16sss @ 0xa27e80
CIRCLE: _Z15constrain_valueIsET_S0_S0_S0_ @ 0xa27f10
CIRCLE: _ZNK10ByteBuffer5spaceEv @ 0x5d20b0
CIRCLE: _ZN10ByteBuffer5writeEPKhj @ 0x5d2310
CIRCLE: _ZN10ByteBuffer7reserveEPNS_5IoVecEj @ 0x5d2430
CIRCLE: _ZN10ByteBuffer6commitEj @ 0x5d2660
CIRCLE: _ZNK10ByteBuffer8get_sizeEv @ 0xa27fc0
CIRCLE: _ZNK17AP_InertialSensor14get_gyro_countEv @ 0xa28050
CIRCLE: _ZNK17AP_InertialSensor4_useEh @ 0xa280c0
CIRCLE: _ZNK17AP_InertialSensor8_gyro_idEh @ 0xa28120
CIRCLE: _ZN17AP_InertialSensor8_gyro_idEh @ 0xa28180
CIRCLE: _ZN17AP_InertialSensor4_useEh @ 0xa281f0
CIRCLE: _ZL3MINIihEDTqultfp_fp0_fp_fp0_ERKT_RKT0_.3043 @ 0x5d2b90
CIRCLE: _ZNK7AP_EnumIN22AP_InertialSensor_TCal6EnableEEcvKS1_Ev @ 0xa282c0
CIRCLE: _ZN17AP_InertialSensor4tcalEh @ 0xa28310
CIRCLE: _ZNK17AP_InertialSensor8get_gyroEv @ 0xa28380
CIRCLE: _ZNK17AP_InertialSensor8use_gyroEh @ 0x5d2d50
CIRCLE: _ZNK17AP_InertialSensor8get_gyroEh @ 0xa283e0
CIRCLE: _ZNK17AP_InertialSensor15get_gyro_healthEh @ 0xa28450
CIRCLE: _ZNK17AP_InertialSensor15get_accel_countEv @ 0xa284f0
CIRCLE: _ZL3MINIihEDTqultfp_fp0_fp_fp0_ERKT_RKT0_ @ 0x5d2fd0
CIRCLE: _ZNK17AP_InertialSensor9get_accelEv @ 0xa28560
CIRCLE: _ZNK17AP_InertialSensor9use_accelEh @ 0x5d3060
CIRCLE: _ZNK17AP_InertialSensor9get_accelEh @ 0xa285c0
CIRCLE: _ZNK17AP_InertialSensor16get_accel_healthEh @ 0xa28630
CIRCLE: _ZNK17AP_InertialSensor13_accel_offsetEh @ 0xa286d0
CIRCLE: _ZNK9AP_ParamVI7Vector3IfEL11ap_var_type5EE3getEv @ 0xa28730
CIRCLE: _ZNK7Vector3IfE7is_zeroEv @ 0xa28780
CIRCLE: _ZNK17AP_InertialSensor12_accel_scaleEh @ 0xa28830
CIRCLE: _ZNK17AP_InertialSensor9_accel_idEh @ 0xa28890
CIRCLE: _Z8is_equalIffENSt3__19enable_ifIXsr3std17is_floating_pointINS0_11common_typeIJT_T0_EE4typeEEE5valueEbE4typeES3_S4_ @ 0xa288f0
CIRCLE: _ZN17AP_InertialSensor9_accel_idEh @ 0xa28970
CIRCLE: _ZN17AP_InertialSensor12_accel_scaleEh @ 0xa289e0
CIRCLE: _ZN17AP_InertialSensor13_accel_offsetEh @ 0xa28a50
CIRCLE: _ZNK17AP_InertialSensor18gyro_calibrated_okEh @ 0xa28ac0
CIRCLE: _ZN17AP_InertialSensor13get_singletonEv @ 0x5d3120
CIRCLE: _ZN13AP_ParamTBaseIaL11ap_var_type1EE3setERKa @ 0xa290a0
CIRCLE: _ZN13AP_ParamTBaseIsL11ap_var_type2EE3setERKs @ 0xa29100
CIRCLE: _ZN13AP_ParamTBaseIiL11ap_var_type3EE3setERKi @ 0xa29170
CIRCLE: _ZN13AP_ParamTBaseIfL11ap_var_type4EE3setERKf @ 0xa291d0
CIRCLE: _ZNK7Vector3IfEneERKS0_ @ 0xa29900
CIRCLE: _ZNK8AP_Param13find_var_infoEPjRPKNS_9GroupInfoERNS_12GroupNestingEPh @ 0x5d4b90
CIRCLE: _ZNK8AP_Param14copy_name_infoEPKNS_4InfoEPKNS_9GroupInfoERKNS_12GroupNestingEhPcmb @ 0x5d4e10
CIRCLE: _ZNK8AP_Param14send_parameterEPKc11ap_var_typeh @ 0x5d5070
CIRCLE: _ZNK8AP_Param13cast_to_floatE11ap_var_type @ 0x5d5210
CIRCLE: _ZN3GCS20send_parameter_valueEPKc11ap_var_typef @ 0x5d5300
CIRCLE: _ZL3MINImmEDTqultfp_fp0_fp_fp0_ERKT_RKT0_.5959 @ 0x5d5440
CIRCLE: _ZN11GCS_MAVLINK14mav_param_typeE11ap_var_type @ 0x5d54c0
CIRCLE: _ZN8AP_Param16count_parametersEv @ 0x5d5550
CIRCLE: _ZN3GCS23send_to_active_channelsEjPKc @ 0x5d5700
CIRCLE: _ZN9AP_Logger13get_singletonEv @ 0xa299d0
CIRCLE: _ZN9AP_Logger15Write_ParameterEPKcf @ 0x5d5820
CIRCLE: _ZNK9AP_Logger10quiet_nanfEv @ 0xa29a10
CIRCLE: _ZN17AP_Logger_Backend15Write_ParameterEPKcff @ 0x5d5910
CIRCLE: _Z14strncpy_notermPcPKcm @ 0x5d5a30
CIRCLE: _ZN17AP_Logger_Backend18WriteCriticalBlockEPKvt @ 0xa29a60
CIRCLE: _ZN17AP_Logger_Backend21WritePrioritisedBlockEPKvtbb @ 0x5d5ae0
CIRCLE: _ZN17AP_Logger_Backend30validate_WritePrioritisedBlockEPKvt @ 0x5d5cb0
CIRCLE: _ZN17AP_Logger_Backend9ShouldLogEb @ 0x5d5ea0
CIRCLE: _ZN17AP_Logger_Backend21ensure_format_emittedEPKvt @ 0x5d6340
CIRCLE: _ZNK17AP_Logger_Backend23message_type_from_blockEPKvtR11LogMessages @ 0x5d6460
CIRCLE: _ZNK17AP_Logger_Backend28have_emitted_format_for_typeE11LogMessages @ 0xa29ae0
CIRCLE: _ZNK7BitmaskILt256EE8validateEt @ 0xa29c10
CIRCLE: _ZNK7BitmaskILt256EE3getEt @ 0xa29ca0
CIRCLE: _ZNK6AP_HAL4Util14get_soft_armedEv @ 0xa29d70
CIRCLE: _ZN2AP6loggerEv @ 0x5d6f60
CIRCLE: _Z7is_zeroI9AP_ParamTIfL11ap_var_type4EEEbT_ @ 0xa29dd0
CIRCLE: _ZNK12AP_Scheduler5ticksEv @ 0xa29e30
CIRCLE: _ZN6AP_HAL8millis16Ev @ 0x5d71b0
CIRCLE: _ZNK9AP_Logger13WritesEnabledEv @ 0xa29f90
CIRCLE: _ZNK19LoggerMessageWriter8finishedEv @ 0xa29ff0
CIRCLE: _ZNK9AP_Logger15in_log_downloadEv @ 0x5d71f0
CIRCLE: _ZNK9AP_Logger16vehicle_is_armedEv @ 0xa2a050
CIRCLE: mavlink_get_msg_entry @ 0x5d7440
CIRCLE: _ZNK3GCS7num_gcsEv @ 0xa2a100
CIRCLE: _ZNK11GCS_MAVLINK10is_privateEv @ 0xa2a150
CIRCLE: _ZNK11GCS_MAVLINK9is_activeEv @ 0xa2a1b0
CIRCLE: _ZN11GCS_MAVLINK12send_messageEPKcPK19__mavlink_msg_entry @ 0xa2a230
CIRCLE: _ZN11GCS_MAVLINK18check_payload_sizeEt @ 0x5d7560
CIRCLE: _mav_finalize_message_chan_send @ 0x5d7610
CIRCLE: _Z26mavlink_get_channel_statush @ 0x5d7960
CIRCLE: _Z17_mav_trim_payloadPKch @ 0x5d7a40
CIRCLE: _ZL13crc_calculatePKht @ 0x5d7ae0
CIRCLE: _ZL21crc_accumulate_bufferPtPKct @ 0x5d7b80
CIRCLE: _ZL14crc_accumulatehPt @ 0x5d7c20
CIRCLE: _Z14comm_send_lock17mavlink_channel_tt @ 0x5d7eb0
CIRCLE: _mavlink_send_uart @ 0x5d7f70
CIRCLE: _Z16comm_send_unlock17mavlink_channel_t @ 0x5d7ff0
CIRCLE: _Z16comm_send_buffer17mavlink_channel_tPKhh @ 0x5d8070
CIRCLE: _ZL13valid_channel17mavlink_channel_t @ 0x5d81e0
CIRCLE: _Z24gcs_out_of_space_to_send17mavlink_channel_t @ 0x5d8290
CIRCLE: _ZN11GCS_MAVLINK20out_of_space_to_sendEv @ 0xa2a370
CIRCLE: _ZL8crc_initPt @ 0x5d8bc0
CIRCLE: _ZN11GCS_MAVLINK14channel_statusEv @ 0xa2a3d0
CIRCLE: _ZNK11GCS_MAVLINK7txspaceEv @ 0xa2a420
CIRCLE: _ZNK11GCS_MAVLINK15packet_overheadEv @ 0xa2a4c0
CIRCLE: _ZN11GCS_MAVLINK20packet_overhead_chanE17mavlink_channel_t @ 0x5d8c10
CIRCLE: _ZL3MINIjjEDTqultfp_fp0_fp_fp0_ERKT_RKT0_.5950 @ 0x5d8cf0
CIRCLE: _ZN11GCS_MAVLINK10is_privateE17mavlink_channel_t @ 0xa2a520
CIRCLE: _ZN8AP_Param8var_infoEt @ 0xa2a590
CIRCLE: _ZN8AP_Param14get_group_infoERKNS_4InfoE @ 0x5d9570
CIRCLE: _ZN8AP_Param14get_group_infoERKNS_9GroupInfoE @ 0x5d9b90
CIRCLE: _ZN8AP_Param19adjust_group_offsetEtRKNS_9GroupInfoERl @ 0x5d9c10
CIRCLE: _ZN8AP_Param8group_idEPKNS_9GroupInfoEjhh @ 0x5d9d30
CIRCLE: _ZN8AP_Param8get_baseERKNS_4InfoERl @ 0x5d9e30
CIRCLE: _ZNK13AP_ParamTBaseIiL11ap_var_type3EE13cast_to_floatEv @ 0xa2a6d0
CIRCLE: _ZNK8AP_Param19find_var_info_groupEPKNS_9GroupInfoEtjhlPjRS2_RNS_12GroupNestingEPh @ 0x5d9fc0
CIRCLE: _ZN8AP_Param4saveEb @ 0x5da4c0
CIRCLE: _ZN17AP_InertialSensor13caltemp_accelEh @ 0xa2a850
CIRCLE: _ZNK17AP_InertialSensor15get_temperatureEh @ 0xa2a8c0
CIRCLE: _ZN7Vector3IfE4zeroEv @ 0xa2ab20
CIRCLE: _ZNK7Vector3IfErmERKS0_ @ 0xa2ab80
CIRCLE: _ZNK7Vector3IfEmlERKS0_ @ 0xa2ac60
CIRCLE: _Z9safe_sqrtIfEfT_ @ 0xa2acf0
CIRCLE: _ZNK11QuaternionTIfE14get_euler_rollEv @ 0xa2ae80
CIRCLE: _ZNK11QuaternionTIfE15get_euler_pitchEv @ 0xa2af30
CIRCLE: _Z9safe_asinIfEfT_ @ 0xa2afa0
CIRCLE: _ZN7Vector3IfE6rotateE8Rotation @ 0xa2b190
CIRCLE: _ZNK7Matrix3IfEmlERK7Vector3IfE @ 0xa2c170
CIRCLE: _ZN7Matrix3IfE10from_eulerEfff @ 0xa2c310
CIRCLE: _ZN7Matrix3IfEC2Efffffffff @ 0xa2c540
CIRCLE: _ZNK7Vector3IfEplERKS0_ @ 0xa2c670
CIRCLE: _ZNK7Vector3IfEdvEf @ 0xa2c720
CIRCLE: _Z4normIffJEEdT_T0_DpKT1_ @ 0xa2c7c0
CIRCLE: _ZN7Vector3IfEpLERKS0_ @ 0xa2c830
CIRCLE: _ZN15ObjectBuffer_TSIN8AP_Param10param_saveEE4peekERS1_ @ 0xa2c8d0
CIRCLE: _ZN15ObjectBuffer_TSIN8AP_Param10param_saveEE4pushERKS1_ @ 0xa2c980
CIRCLE: _ZN10ByteBuffer9peekbytesEPhj @ 0x5db470
CIRCLE: _ZN10ByteBuffer9peekiovecEPNS_5IoVecEj @ 0x5db580
CIRCLE: _ZNK10ByteBuffer9availableEv @ 0x5db6d0
CIRCLE: _ZN10ByteBuffer7readptrERj @ 0x5db9b0
CIRCLE: _ZNK7Vector3IfEngEv @ 0xa2ca60
CIRCLE: _ZN2AP4sitlEv @ 0x5dbdb0
CIRCLE: _ZN2AP4baroEv @ 0x5dbdf0
CIRCLE: _ZNK7AP_Baro11all_healthyEv @ 0x5dbef0
CIRCLE: _ZNK7AP_Baro7healthyEh @ 0x5dbfa0
CIRCLE: _ZN7AP_Baro13get_singletonEv @ 0xa2cb40
CIRCLE: _ZN4SITL3SIM13get_singletonEv @ 0xa2cb80
CIRCLE: _ZNK9AP_Logger15logging_presentEv @ 0x5dc680
CIRCLE: _ZNK9AP_Logger15logging_startedEv @ 0x5dc770
CIRCLE: _ZNK11RC_Channels17option_is_enabledENS_6OptionE @ 0xa2cc10
CIRCLE: _ZNK11RC_Channels16get_roll_channelEv @ 0x5dc9d0
CIRCLE: _ZNK11RC_Channels15get_yaw_channelEv @ 0x5dcab0
CIRCLE: _ZNK10RC_Channel14get_control_inEv @ 0xa2cc90
CIRCLE: _ZNK11RC_Channels20get_throttle_channelEv @ 0x5dcb20
CIRCLE: _ZN11RC_Channels23find_channel_for_optionEN10RC_Channel8AUX_FUNCE @ 0x5dcb90
CIRCLE: _ZN2AP5rcmapEv @ 0x5dce10
CIRCLE: _ZNK8RCMapper8throttleEv @ 0xa2cd40
CIRCLE: _ZNK11RC_Channels25get_rcmap_channel_nonnullEh @ 0x5dce50
CIRCLE: _ZN11RC_Channels10rc_channelEh @ 0xa2cda0
CIRCLE: _ZN8RCMapper13get_singletonEv @ 0xa2ce00
CIRCLE: _ZNK8RCMapper3yawEv @ 0xa2ce40
CIRCLE: _ZNK8RCMapper4rollEv @ 0xa2cf00
CIRCLE: _ZNK11RC_Channels19flight_mode_channelEv @ 0x5dcee0
CIRCLE: _ZNK8Sailboat12sail_enabledEv @ 0xa2d270
CIRCLE: _ZNK11AP_WindVane7enabledEv @ 0x5dcf80
CIRCLE: _ZNK8AR_WPNav17get_default_speedEv @ 0xa2d2d0
CIRCLE: _ZNK12AP_MotorsUGV8has_sailEv @ 0x5de2b0
CIRCLE: _ZNK12AP_MotorsUGV7is_omniEv @ 0xa2d330
CIRCLE: _ZN12SRV_Channels18get_emergency_stopEv @ 0xa2d440
CIRCLE: _ZNK10RC_Channel12get_radio_inEv @ 0xa2d480
CIRCLE: _ZN2AP5fenceEv @ 0x5e0260
CIRCLE: _ZNK8AC_Fence7presentEv @ 0x5e0840
CIRCLE: _ZNK8AC_Fence7enabledEv @ 0xa2d590
CIRCLE: _ZNK19AC_PolyFence_loader17total_fence_countEv @ 0xa2d850
CIRCLE: _ZNK7Vector2IfEmiERKS0_ @ 0xa2df80
CIRCLE: _ZNK7Vector2IfE14length_squaredEv @ 0xa2e190
CIRCLE: _ZNK7Vector2IfEmlERKS0_ @ 0xa2e1f0
CIRCLE: _ZNK7Vector2IfEmlEf @ 0xa2e270
CIRCLE: _ZN7Vector2IfEC2Eff @ 0xa2e2f0
CIRCLE: _ZNK19AC_PolyFence_loader27get_exclusion_polygon_countEv @ 0xa2e420
CIRCLE: _ZNK19AC_PolyFence_loader27get_inclusion_polygon_countEv @ 0xa2e470
CIRCLE: _ZNK19AC_PolyFence_loader26get_exclusion_circle_countEv @ 0xa2e4c0
CIRCLE: _ZNK19AC_PolyFence_loader26get_inclusion_circle_countEv @ 0xa2e510
CIRCLE: _ZN8AC_Fence13get_singletonEv @ 0xa2e560
CIRCLE: _ZN2AP10visualodomEv @ 0x5e2080
CIRCLE: _ZNK13AP_VisualOdom7enabledEv @ 0x5e21f0
CIRCLE: _ZNK7AP_EnumIN13AP_VisualOdom15VisualOdom_TypeEEcvKS1_Ev @ 0xa2e5a0
CIRCLE: _ZN13AP_VisualOdom13get_singletonEv @ 0xa2e5f0
CIRCLE: _ZN6AP_HAL6microsEv @ 0x5e2660
CIRCLE: _ZN2AP5mountEv @ 0x5e26a0
CIRCLE: _ZN8AP_Mount13get_singletonEv @ 0xa2e670
CIRCLE: _ZN2AP3osdEv @ 0x5e2900
CIRCLE: _ZN6AP_OSD13get_singletonEv @ 0xa2e710
CIRCLE: _ZN2AP9generatorEv @ 0x5e2c50
CIRCLE: _ZN12AP_Generator13get_singletonEv @ 0x5e2e10
CIRCLE: _ZN2AP3canEv @ 0x5e2e50
CIRCLE: _ZNK13AP_CANManager15get_num_driversEv @ 0xa2e800
CIRCLE: _ZNK13AP_CANManager15get_driver_typeEh @ 0xa2e850
CIRCLE: _ZN13AP_CANManager13get_singletonEv @ 0xa2ea50
CIRCLE: _ZNK11SRV_Channel12get_functionEv @ 0xa2eb90
CIRCLE: _ZNK11SRV_Channel14get_output_minEv @ 0xa2ec50
CIRCLE: _ZNK11SRV_Channel14get_output_maxEv @ 0xa2eca0
CIRCLE: _ZN11SRV_Channel13should_e_stopENS_8FunctionE @ 0x5e3c10
CIRCLE: _ZN11RangeFinder13get_singletonEv @ 0xa2ed40
CIRCLE: _ZNK9AP_Logger14logging_failedEv @ 0x5e4240
CIRCLE: _ZN2AP7batteryEv @ 0x5e43c0
CIRCLE: _ZNK14AP_BattMonitor15configured_typeEh @ 0xa2ee30
CIRCLE: _ZNK14AP_BattMonitor14allocated_typeEh @ 0xa2eea0
CIRCLE: _ZNK22AP_BattMonitor_Backend20check_failsafe_typesERbS0_S0_S0_ @ 0x5e4af0
CIRCLE: _Z11is_positiveI9AP_ParamTIfL11ap_var_type4EEEbT_ @ 0xa2ef10
CIRCLE: _ZNK21AP_BattMonitor_Params23failsafe_voltage_sourceEv @ 0xa2eff0
CIRCLE: _ZL3MAXIffEDTqugtfp_fp0_fp_fp0_ERKT_RKT0_.16928 @ 0x5e4f00
CIRCLE: _ZN14AP_BattMonitor13get_singletonEv @ 0xa2f050
CIRCLE: _ZNK7Compass14is_calibratingEv @ 0x5e4f80
CIRCLE: _ZNK7Compass7healthyEv @ 0xa2f0f0
CIRCLE: _ZNK7Compass21learn_offsets_enabledEv @ 0xa2f150
CIRCLE: _ZNK7Compass9get_fieldEv @ 0xa2f280
CIRCLE: _ZNK7Compass10consistentEv @ 0x5e5340
CIRCLE: _ZN14AP_Declination18get_earth_field_gaERK8Location @ 0x5e55e0
CIRCLE: _ZNK7Vector3IfEmlEf @ 0xa2f2e0
CIRCLE: _ZN14AP_Declination16get_mag_field_efEffRfS0_S0_ @ 0x5e5880
CIRCLE: _ZL7radiansf.2451 @ 0x5e5e80
CIRCLE: _Z15constrain_int32iii @ 0xa2f380
CIRCLE: _Z15constrain_valueIiET_S0_S0_S0_ @ 0xa2f3f0
CIRCLE: _ZN11AP_AHRS_DCM11use_compassEv @ 0x5e5ff0
CIRCLE: _ZNK7AP_AHRS15get_fly_forwardEv @ 0xa2f4e0
CIRCLE: _ZNK11AP_AHRS_DCM8have_gpsEv @ 0x5e61a0
CIRCLE: _ZNK6AP_GPS12ground_speedEv @ 0xa2f540
CIRCLE: _ZL7degreesf.1595 @ 0x5e6230
CIRCLE: _ZNK6AP_GPS13ground_courseEv @ 0xa2f5a0
CIRCLE: _Z8wrap_180IfET_S0_ @ 0xa2f600
CIRCLE: _Z8wrap_360f @ 0x5e6280
CIRCLE: _ZNK6AP_GPS13ground_courseEh @ 0xa2f690
CIRCLE: _ZNK6AP_GPS12ground_speedEh @ 0xa2f700
CIRCLE: _ZNK7AP_EnumI6GPSUseEcvKS0_Ev @ 0xa2f770
CIRCLE: _ZNK6AP_GPS6statusEv @ 0xa2f7c0
CIRCLE: _ZNK7Vector3IfE2xyEv @ 0xa2f820
CIRCLE: _ZNK7Compass9get_countEv @ 0xa2f870
CIRCLE: _ZNK7Compass9get_fieldEh @ 0xa2f8c0
CIRCLE: _ZNK7Vector2IfE7is_zeroEv @ 0xa2f940
CIRCLE: _ZNK7Vector3IfE5angleERKS0_ @ 0xa2f9d0
CIRCLE: _ZL7radiansf.2166 @ 0x5e63a0
CIRCLE: _ZNK7Vector2IfE5angleERKS0_ @ 0xa2fae0
CIRCLE: _ZNK7Vector2IfE6lengthEv @ 0xa2fc00
CIRCLE: _ZNK7Compass11get_offsetsEh @ 0xa2fc60
CIRCLE: _ZNK9AP_ParamVI7Vector3IfEL11ap_var_type5EEcvRKS1_Ev @ 0xa2fce0
CIRCLE: _ZNK14typesafe_indexIh12TAG_PriorityEltERKh @ 0xa2fd30
CIRCLE: _ZNK14typesafe_indexIh12TAG_PriorityEcvhEv @ 0xa2fe20
CIRCLE: _ZNK14typesafe_indexIh12TAG_PriorityEplERKh @ 0xa2fe70
CIRCLE: _ZN14typesafe_indexIh12TAG_PriorityEppEi @ 0xa2ff70
CIRCLE: _ZN19RestrictIDTypeArrayIN7Compass9mag_stateELj4E14typesafe_indexIh14TAG_StateIndexEEixERKS4_ @ 0xa2ffe0
CIRCLE: _ZN8AP_Param7set_keyERNS_12Param_headerEt @ 0x5e6900
CIRCLE: _ZN8AP_Param4scanEPKNS_12Param_headerEPt @ 0x5e6990
CIRCLE: _ZN8AP_Param9type_sizeE11ap_var_type @ 0x5e6b20
CIRCLE: _ZNK13StorageAccess4sizeEv @ 0xa300d0
CIRCLE: _ZN8AP_Param7get_keyERKNS_12Param_headerE @ 0x5e6bc0
CIRCLE: _ZN8AP_Param11is_sentinalERKNS_12Param_headerE @ 0x5e6c30
CIRCLE: _ZNK19RestrictIDTypeArrayIP17CompassCalibratorLj3E14typesafe_indexIh12TAG_PriorityEEixERKS4_ @ 0xa30120
CIRCLE: _ZNK12AP_MotorsUGV6activeEv @ 0x5e6d80
CIRCLE: _ZN15AP_Arming_Rover17update_soft_armedEv @ 0x5e70a0
CIRCLE: _ZNK9AP_Arming14option_enabledENS_6OptionE @ 0xa301a0
CIRCLE: _ZN9AP_Logger17set_vehicle_armedEb @ 0x5e7220
CIRCLE: _ZNK9AP_Arming22get_rudder_arming_typeEv @ 0xa30220
CIRCLE: _ZN8AC_Fence12clear_breachEh @ 0x5e7ae0
CIRCLE: _ZN9AP_Logger18WriteCriticalBlockEPKvt @ 0x5e7b50
CIRCLE: _ZNK12AP_MotorsUGV12get_throttleEv @ 0xa30390
CIRCLE: _ZNK12AP_MotorsUGV18have_skid_steeringEv @ 0x5e7c00
CIRCLE: _ZNK12AP_MotorsUGV12get_steeringEv @ 0xa303e0
CIRCLE: _ZNK7AP_AHRS11get_yaw_radEv @ 0xa30430
CIRCLE: _ZNK7AP_AHRS38get_relative_position_NED_origin_floatER7Vector3IfE @ 0x5e80a0
CIRCLE: _ZN11AP_SmartRTL9add_pointERK7Vector3IfE @ 0x5e8310
CIRCLE: _ZN7HALSITL9Semaphore16take_nonblockingEv @ 0x5e84d0
CIRCLE: _ZNK11AP_SmartRTL10log_actionENS_6ActionERK7Vector3IfE @ 0x5e8560
CIRCLE: _ZNK7Vector3IfE16distance_squaredERKS0_ @ 0xa30480
CIRCLE: _ZL2sqf.11254 @ 0x5e8620
CIRCLE: _ZN7HALSITL9Semaphore4giveEv @ 0x5e8670
CIRCLE: _ZN9AP_Logger10Write_SRTLEbtthRK7Vector3IfE @ 0x5e8720
CIRCLE: _ZN9AP_Logger10WriteBlockEPKvt @ 0x5e8840
CIRCLE: _ZN17AP_Logger_Backend10WriteBlockEPKvt @ 0xa30540
CIRCLE: _ZN11AP_SmartRTL15restart_pruningEt @ 0x5e88f0
CIRCLE: _ZN11AP_SmartRTL22restart_simplificationEt @ 0x5e89a0
CIRCLE: _ZN7BitmaskILt500EE6setallEv @ 0xa305d0
CIRCLE: _ZN7Vector3IdEC2Ev @ 0xa30680
CIRCLE: _ZNK7AP_AHRS32get_relative_position_NED_originER7Vector3IdE @ 0x5e8a30
CIRCLE: _ZNK7Vector3IdE7tofloatEv @ 0xa306e0
CIRCLE: _ZN7Vector2IdEC2Ev @ 0xa30760
CIRCLE: _ZNK7NavEKF38getPosNEER7Vector2IdE @ 0x5e8e50
CIRCLE: _ZNK7NavEKF37getPosDERd @ 0x5e8ef0
CIRCLE: _ZN7Vector3IdEC2Eddd @ 0xa307c0
CIRCLE: _ZNK8Location11initialisedEv @ 0xa30850
CIRCLE: _ZNK7Vector3IfE8todoubleEv @ 0xa308e0
CIRCLE: _ZN7Vector3IdEmLEd @ 0xa30960
CIRCLE: _ZN8Location13offset_latlngERiS0_dd @ 0x5e9560
CIRCLE: _ZN8Location15limit_lattitudeEi @ 0x5e9660
CIRCLE: _ZN8Location14wrap_longitudeEl @ 0x5e9700
CIRCLE: _ZNK11AP_AHRS_SIM12get_locationER8Location @ 0x5e97a0
CIRCLE: _ZNK8Location23get_distance_NE_postypeERKS_ @ 0x5e9890
CIRCLE: _ZN7Vector2IdEC2Edd @ 0xa309f0
CIRCLE: _ZNK12NavEKF3_core7getPosDERd @ 0x5e9980
CIRCLE: _ZNK12NavEKF3_core13getPosD_localERd @ 0x5e9a50
CIRCLE: _ZNK12NavEKF3_core12getOriginLLHER8Location @ 0x5e9ae0
CIRCLE: _ZNK12NavEKF3_core8getPosNEER7Vector2IdE @ 0x5e9bd0
CIRCLE: _ZNK7Vector3IdE2xyEv @ 0xa30a70
CIRCLE: _ZNK7Vector2IdE8todoubleEv @ 0xa30ac0
CIRCLE: _ZNK7Vector2IdEplERKS0_ @ 0xa30b20
CIRCLE: _ZNK10AP_DAL_GPS6statusEh @ 0xa30bb0
CIRCLE: _ZNK10AP_DAL_GPS8locationEh @ 0xa30c20
CIRCLE: _ZN7Vector2IdE4zeroEv @ 0xa30c90
CIRCLE: _ZNK10AP_DAL_GPS14primary_sensorEv @ 0xa30cf0
CIRCLE: _ZNK11AP_AHRS_DCM12get_locationER8Location @ 0x5ea220
CIRCLE: _ZNK7AP_Baro12get_altitudeEv @ 0xa30da0
CIRCLE: _ZN8Location6offsetEdd @ 0x5ea550
CIRCLE: _ZNK6AP_GPS7get_lagERf @ 0xa30e00
CIRCLE: _ZNK6AP_GPS7get_lagEhRf @ 0x5ea5e0
CIRCLE: _ZNK7AP_Baro12get_altitudeEh @ 0xa30e80
CIRCLE: _ZNK7AP_AHRS16get_velocity_NEDER7Vector3IfE @ 0x5eabc0
CIRCLE: _ZNK9AP_ParamTIfL11ap_var_type4EEngEv @ 0xa30f50
CIRCLE: _ZNK8Location10get_alt_cmENS_8AltFrameERi @ 0x5eb2c0
CIRCLE: _ZNK8Location13get_alt_frameEv @ 0x5eb600
CIRCLE: _ZNK7AP_AHRS10get_originER8Location @ 0x5eb6e0
CIRCLE: _ZNK9AP_Arming18get_enabled_checksEv @ 0x5ec150
CIRCLE: _ZN7HALSITL9Semaphore4takeEj @ 0x5ec2b0
CIRCLE: _ZN6AP_HAL9Semaphore13take_blockingEv @ 0xa31720
CIRCLE: _ZN4SITL6AS56006updateERKNS_8AircraftE @ 0x5ed7d0
CIRCLE: _ZNK4SITL8Aircraft12get_attitudeER11QuaternionTIfE @ 0xa325c0
CIRCLE: _ZL7degreesf.19207 @ 0x5edba0
CIRCLE: _ZN4SITL17I2CRegisters_8Bit12set_registerEhh @ 0x5edc00
CIRCLE: _ZN4SITL9I2CDevice6updateERKNS_8AircraftE @ 0xa327b0
CIRCLE: _ZN4SITL13TeraRangerI2C6updateERKNS_8AircraftE @ 0xa32950
CIRCLE: _ZNK4SITL8Aircraft17rangefinder_rangeEv @ 0x5ee2c0
CIRCLE: _ZL7radiansf.14466 @ 0x5ee7a0
CIRCLE: _Z10rand_floatv @ 0x5ee800
CIRCLE: _ZN4SITL7INA32216updateERKNS_8AircraftE @ 0x5eeae0
CIRCLE: _ZL15convert_voltagef @ 0x5eef60
CIRCLE: _ZL15convert_currentf @ 0x5ef030
CIRCLE: _ZN4SITL8QMC5883L6updateERKNS_8AircraftE @ 0x5ef290
CIRCLE: _ZN7Vector3IfE14rotate_inverseE8Rotation @ 0xa329c0
CIRCLE: _ZL7htole16t.13591 @ 0x5ef6a0
CIRCLE: _ZN7Vector3IsEC2Esss @ 0xa32b70
CIRCLE: _ZN4SITL10IS31FL31956updateERKNS_8AircraftE @ 0x5ef910
CIRCLE: _ZN4SITL17I2CRegisters_8Bit12get_registerEh @ 0xa32d10
CIRCLE: _ZN10SIM_RGBLED11set_coloursEhhh @ 0xa32d70
CIRCLE: _ZN4SITL6LM27556updateERKNS_8AircraftE @ 0x5f05f0
CIRCLE: _ZNK4SITL6LM275510LEDChannel13current_valueEv @ 0xa32f80
CIRCLE: _ZN4SITL6LP55626updateERKNS_8AircraftE @ 0x5f0ba0
CIRCLE: _ZN4SITL6LP556210LEDChannel6updateEv @ 0x5f0eb0
CIRCLE: _ZNK4SITL6LP556210LEDChannel13current_valueEv @ 0xa33200
CIRCLE: _ZN4SITL6MS5XXX6updateERKNS_8AircraftE @ 0x5f0f90
CIRCLE: _ZN7AP_Baro37get_pressure_temperature_for_alt_amslEfRfS0_ @ 0x5f1f40
CIRCLE: _ZN7AP_Baro29geometric_alt_to_geopotentialEf @ 0x5f2120
CIRCLE: _ZL33find_atmosphere_layer_by_altitudef @ 0x5f2180
CIRCLE: _ZN7AP_Baro33get_temperature_by_altitude_layerEfa @ 0x5f2230
CIRCLE: _ZN7AP_Baro29get_temperatureC_for_alt_amslEf @ 0x5f2db0
CIRCLE: _ZN4SITL12InvensenseV36updateERKNS_8AircraftE @ 0x5f2e20
CIRCLE: _ZNK4SITL8ICM4060911accel_scaleEv @ 0xa33750
CIRCLE: _ZL7radiansd.13033 @ 0x5f38e0
CIRCLE: _ZNK4SITL12InvensenseV310gyro_scaleEv @ 0xa337a0
CIRCLE: _ZN4SITL12InvensenseV313write_to_fifoEhPhh @ 0x5f3930
CIRCLE: _ZN4SITL7MCP96006updateERKNS_8AircraftE @ 0x5f3e90
CIRCLE: _ZL7htobe16t.12937 @ 0x5f4460
CIRCLE: _ZL10__bswap_16t.12939 @ 0x5f44b0
CIRCLE: _ZNK4SITL31I2CRegisters_ConfigurableLength13get_reg_valueEhRh @ 0x5f4520
CIRCLE: _ZN4SITL6TSYS036updateERKNS_8AircraftE @ 0x5f4970
CIRCLE: _ZN4SITL6TSYS016updateERKNS_8AircraftE @ 0x5f53c0
CIRCLE: _ZN4SITL5SHT3x6updateERKNS_8AircraftE @ 0x5f5ff0
CIRCLE: _ZN4SITL13Airspeed_DLVR6updateERKNS_8AircraftE @ 0x5f6870
CIRCLE: _ZN4SITL29SIM_BattMonitor_SMBus_Generic6updateERKNS_8AircraftE @ 0x5f7350
CIRCLE: _ZNK4SITL29SIM_BattMonitor_SMBus_Generic15connected_cellsEv @ 0xa34090
CIRCLE: _ZN4SITL21SIM_BattMonitor_SMBus6updateERKNS_8AircraftE @ 0x5f7bb0
CIRCLE: _ZNK4SITL8Aircraft19get_battery_voltageEv @ 0xa340e0
CIRCLE: _ZN4SITL11SMBusDevice12set_registerEht @ 0xa34130
CIRCLE: _ZN4SITL18I2CRegisters_16Bit12set_registerEht @ 0x5f7cc0
CIRCLE: _ZN4SITL11SMBusDevice12set_registerEhs @ 0xa341b0
CIRCLE: _ZN4SITL18I2CRegisters_16Bit12set_registerEhs @ 0x5f7d70
CIRCLE: _ZN4SITL6Rotoye6updateERKNS_8AircraftE @ 0x5f8010
CIRCLE: _ZN4SITL11SMBusDevice13get_reg_valueEh @ 0xa34460
CIRCLE: _ZN4SITL18I2CRegisters_16Bit13get_reg_valueEh @ 0xa344d0
CIRCLE: _ZL7be16toht.19258 @ 0x5f80e0
CIRCLE: _ZL10__bswap_16t.19259 @ 0x5f8130
CIRCLE: _ZNK4SITL6Maxell15connected_cellsEv @ 0xa34590
CIRCLE: _ZN4SITL13MaxSonarI2CXL6updateERKNS_8AircraftE @ 0xa346d0
CIRCLE: _ZN4SITL10ToshibaLED6updateERKNS_8AircraftE @ 0x5f83f0
CIRCLE: _ZNK6AP_HAL3HAL6serialEh @ 0xa35110
CIRCLE: _ZL14fill_stack_nanv @ 0x5f8eb0
CIRCLE: _ZN7HALSITL9Scheduler13_run_io_procsEv @ 0x5f9230
CIRCLE: _ZNK7FunctorIvJEEcvbEv @ 0xa35220
CIRCLE: _ZNK7FunctorIvJEEclEv @ 0xa35280
CIRCLE: _ZN7HALSITL16I2CDeviceManager11_timer_tickEv @ 0x5f9440
CIRCLE: _ZN2AP2RCEv @ 0x5f94e0
CIRCLE: _ZN13AP_RCProtocol6updateEv @ 0x5f9590
CIRCLE: _ZN13AP_RCProtocol16check_added_uartEv @ 0x5f95e0
CIRCLE: _ZNK13AP_RCProtocol13should_searchEj @ 0x5f9850
CIRCLE: _ZN21AP_RCProtocol_Backend9new_inputEv @ 0x5fa010
CIRCLE: _ZNK17AP_RCProtocol_FDM6activeEv @ 0xa35520
CIRCLE: _ZN6I2CBus11_timer_tickEv @ 0x5fa220
CIRCLE: _ZN9AP_Logger6WriteVEPKcS1_S1_S1_S1_P13__va_list_tagbb @ 0x5fa350
CIRCLE: _ZN9AP_Logger16msg_fmt_for_nameEPKcS1_S1_S1_S1_bb @ 0x5fa550
CIRCLE: _ZN17AP_Logger_Backend5WriteEhP13__va_list_tagbb @ 0x5fae40
CIRCLE: _ZNK9AP_Logger24assert_same_fmt_for_nameEPKNS_13log_write_fmtEPKcS4_S4_S4_S4_ @ 0x5fb9c0
CIRCLE: _ZN3GCS14update_receiveEv @ 0x5fcd30
CIRCLE: _ZN3GCS11update_sendEv @ 0x5fcde0
CIRCLE: _ZN19MissionItemProtocol6updateEv @ 0x5fd120
CIRCLE: _ZN11GCS_MAVLINK11update_sendEv @ 0x5fd2f0
CIRCLE: _ZN3GCS18service_statustextEv @ 0x5fd6d0
CIRCLE: _ZN3GCS15StatusTextQueue9semaphoreEv @ 0xa35780
CIRCLE: _ZNK11ObjectArrayIN3GCS12statustext_tEE8is_emptyEv @ 0xa357d0
CIRCLE: _Z14comm_chan_lock17mavlink_channel_t @ 0x5fdbb0
CIRCLE: _ZL16mav_array_memcpyPvPKvm.6113 @ 0x5fdcf0
CIRCLE: _ZN9AP_Logger15handle_log_sendEv @ 0x5fdd90
CIRCLE: _ZN22GCS_MAVLINK_InProgress11check_tasksEv @ 0x5fe460
CIRCLE: _ZNK3GCS11out_of_timeEv @ 0x5fe650
CIRCLE: _ZN11GCS_MAVLINK30deferred_message_to_send_indexEt @ 0x5fe730
CIRCLE: _ZN11GCS_MAVLINK19do_try_send_messageE10ap_message @ 0x5fe910
CIRCLE: _ZNK7BitmaskILt91EE9first_setEv @ 0xa35b70
CIRCLE: _ZN7BitmaskILt91EE5clearEt @ 0xa35c40
CIRCLE: _ZN11GCS_MAVLINK36next_deferred_bucket_message_to_sendEt @ 0x5fea40
CIRCLE: _ZNK7BitmaskILt91EE5countEv @ 0xa35d00
CIRCLE: _ZNK11GCS_MAVLINK26get_reschedule_interval_msERKNS_25deferred_message_bucket_tE @ 0x5feb70
CIRCLE: _ZN11GCS_MAVLINK24find_next_bucket_to_sendEt @ 0x5fec70
CIRCLE: _ZN7BitmaskILt91EEaSERKS0_ @ 0xa35dd0
CIRCLE: _ZNK11GCS_MAVLINK24requesting_mission_itemsEv @ 0x5fee40
CIRCLE: _ZN7GCS_FTP16get_last_send_msE17mavlink_channel_t @ 0x5fef30
CIRCLE: _ZNK7BitmaskILt91EE8validateEt @ 0xa35f10
CIRCLE: _ZNK11GCS_MAVLINK17telemetry_delayedEv @ 0x5ff0d0
CIRCLE: _ZNK3GCS11telem_delayEv @ 0xa35fa0
CIRCLE: _ZN14AP_BoardConfig15in_config_errorEv @ 0xa36000
CIRCLE: _ZNK12AP_Scheduler19time_available_usecEv @ 0x5ff1a0
CIRCLE: _ZN11AP_Airspeed13get_singletonEv @ 0xa36040
CIRCLE: _ZN2AP2FSEv @ 0x5ff420
CIRCLE: _ZN19AP_Filesystem_Posix5writeEiPKvj @ 0x5ff7c0
CIRCLE: _ZN21AP_Filesystem_Backend17bytes_until_fsyncEi @ 0xa36080
CIRCLE: _ZN19AP_Filesystem_Posix9disk_freeEPKc @ 0x5fffb0
CIRCLE: _ZNK21AP_Filesystem_Backend15file_op_allowedEv @ 0x6006e0
CIRCLE: _ZL12map_filenamePKc @ 0x600780
CIRCLE: _ZL17map_filename_freePKc @ 0x600820
CIRCLE: _Z16comm_get_txspace17mavlink_channel_t @ 0x600970
CIRCLE: _ZL28mavlink_msg_command_ack_send17mavlink_channel_tthhihh @ 0x600a00
CIRCLE: _ZNK11AP_Airspeed7enabledEh @ 0x600af0
CIRCLE: _ZNK11AP_Airspeed11lib_enabledEv @ 0x600bb0
CIRCLE: _ZN11GCS_MAVLINK23set_ap_message_intervalE10ap_messaget @ 0x600f90
CIRCLE: _ZNK11GCS_MAVLINK20cap_message_intervalEt @ 0x6013b0
CIRCLE: _ZNK11GCS_MAVLINK26get_deferred_message_indexE10ap_message @ 0x601480
CIRCLE: _ZNK7BitmaskILt91EE3getEt @ 0xa362c0
CIRCLE: _ZN7BitmaskILt91EE3setEt @ 0xa36390
CIRCLE: _ZN12AP_Scheduler18get_loop_period_usEv @ 0xa36450
CIRCLE: _ZNK13AP_Filesystem13backend_by_fdERi @ 0x601d00
CIRCLE: _ZNK13AP_Filesystem15backend_by_pathERPKc @ 0x601dd0
CIRCLE: _ZN11GCS_MAVLINK39initialise_message_intervals_for_streamENS_7streamsE @ 0x6020c0
CIRCLE: _ZNK11GCS_MAVLINK23get_interval_for_streamENS_7streamsE @ 0x6022c0
CIRCLE: _ZNK11GCS_MAVLINK8get_chanEv @ 0xa364f0
CIRCLE: _ZN11GCS_MAVLINK12send_messageE10ap_message @ 0x602d70
CIRCLE: _ZN11GCS_MAVLINK22save_signing_timestampEb @ 0x602e80
CIRCLE: _ZNK11GCS_MAVLINK12is_streamingEv @ 0xa365e0
CIRCLE: _ZN11GCS_MAVLINK16signing_key_loadER10SigningKey @ 0x602fb0
CIRCLE: _ZNK13StorageAccess11write_blockEtPKvm @ 0x603110
CIRCLE: _ZN19AC_PolyFence_loader13check_indexedEv @ 0x605c20
CIRCLE: _Z11is_negativeIfEbT_ @ 0xa37340
CIRCLE: _ZN11GCS_MAVLINK14update_receiveEj @ 0x60b7a0
CIRCLE: _ZN3GCS15update_passthruEv @ 0x60bc70
CIRCLE: _ZN16AP_SerialManager12get_passthruERPN6AP_HAL10UARTDriverES3_RhRjS5_ @ 0x60c1a0
CIRCLE: _ZN6AP_HAL10UARTDriver11read_lockedEPhmj @ 0x60cc20
CIRCLE: _ZNK11GCS_MAVLINK6lockedEv @ 0xa37680
CIRCLE: _ZNK7FunctorIbJhPN6AP_HAL10UARTDriverEEEcvbEv @ 0xa376e0
CIRCLE: _ZN11GCS_MAVLINK14channel_bufferEv @ 0xa377c0
CIRCLE: mavlink_frame_char_buffer @ 0x60d300
CIRCLE: _ZN12AP_Scripting14handle_messageERK17__mavlink_message17mavlink_channel_t @ 0x60dba0
CIRCLE: _ZN11GCS_MAVLINK13send_timesyncEv @ 0x60dd90
CIRCLE: _ZN11GCS_MAVLINK17log_mavlink_statsEv @ 0x60de00
CIRCLE: _ZNK11GCS_MAVLINK15signing_enabledEv @ 0x60df80
CIRCLE: _ZNK11GCS_MAVLINK21timesync_timestamp_nsEv @ 0x60e020
CIRCLE: _ZL25mavlink_msg_timesync_send17mavlink_channel_tll @ 0x60e080
CIRCLE: mavlink_start_checksum @ 0x60e120
CIRCLE: mavlink_update_checksum @ 0x60e180
CIRCLE: _Z9fill_nanfPft @ 0x60ebc0
CIRCLE: _ZN10ByteBuffer7advanceEj @ 0x611c50
CIRCLE: _ZN5Empty11OpticalFlow9push_gyroEfff @ 0xa38690
CIRCLE: _ZN5Empty11OpticalFlow14push_gyro_biasEff @ 0xa38700
CIRCLE: _ZN6AP_HAL4Util14set_soft_armedEb @ 0x612770
CIRCLE: _ZNK7HALSITL4Util18was_watchdog_resetEv @ 0xa389d0
CIRCLE: _ZN7HALSITL4Util19safety_switch_stateEv @ 0x612900
CIRCLE: _ZN7HALSITL4Util16available_memoryEv @ 0xa38ec0
CIRCLE: _ZN7HALSITL4Util8uart_logEv @ 0x612ee0
CIRCLE: _ZN6AP_HAL4Util14log_stack_infoEv @ 0xa39260
CIRCLE: _ZN6AP_HAL10UARTDriver9log_statsEhRNS0_12StatsTrackerEj @ 0x6130b0
CIRCLE: _ZN6AP_HAL10UARTDriver12StatsTracker11ByteTracker6updateEj @ 0x613250
CIRCLE: _ZN7HALSITL8RCOutput20_safety_switch_stateEv @ 0xa39300
CIRCLE: _ZN6AP_HAL10UARTDriver5writeEPKhm @ 0x615780
CIRCLE: _ZN6AP_HAL10UARTDriver9availableEv @ 0x6158c0
CIRCLE: _ZN6AP_HAL10UARTDriver4readEv @ 0x615940
CIRCLE: _ZN6AP_HAL10UARTDriver4readERh @ 0x6159c0
CIRCLE: _ZN6AP_HAL10UARTDriver4readEPht @ 0x615ac0
CIRCLE: _ZN7HALSITL10UARTDriver7txspaceEv @ 0x615b30
CIRCLE: _ZN7HALSITL10UARTDriver11_timer_tickEv @ 0x615eb0
CIRCLE: _ZN7HALSITL10UARTDriver26receive_time_constraint_usEt @ 0x615f10
CIRCLE: _ZN7HALSITL10UARTDriver6_writeEPKhm @ 0x616b40
CIRCLE: _ZN7HALSITL10UARTDriver5_readEPht @ 0x616d10
CIRCLE: _ZN7HALSITL10UARTDriver10_availableEv @ 0x616f00
CIRCLE: _ZNK7HALSITL10UARTDriver18get_total_tx_bytesEv @ 0xa3ba90
CIRCLE: _ZNK7HALSITL10UARTDriver18get_total_rx_bytesEv @ 0xa3bae0
CIRCLE: _ZNK6AP_HAL10UARTDriver26get_total_dropped_rx_bytesEv @ 0xa3bb30
CIRCLE: _ZN7HALSITL10UARTDriver17_check_connectionEv @ 0x616ff0
CIRCLE: _ZN7HALSITL10UARTDriver13_select_checkEi @ 0x617130
CIRCLE: _ZN10ByteBuffer4readEPhj @ 0x617340
CIRCLE: _ZN7HALSITL10UARTDriver41handle_writing_from_writebuffer_to_deviceEv @ 0x6173e0
CIRCLE: _ZN7HALSITL10UARTDriver16_check_reconnectEv @ 0x617790
CIRCLE: _ZL3MINIjjEDTqultfp_fp0_fp_fp0_ERKT_RKT0_.12221 @ 0x617b90
CIRCLE: _ZNK4SITL12SerialDevice15write_to_deviceEPKcm @ 0x617c10
CIRCLE: _ZNK4SITL12SerialDevice18write_to_autopilotEPKcm @ 0x61af70
CIRCLE: _ZNK4SITL12SerialDevice13is_match_baudEv @ 0x61b030
CIRCLE: _ZNK4SITL3GPS18write_to_autopilotEPKcm @ 0x61b160
CIRCLE: _ZNK4SITL3GPS11device_baudEv @ 0x61b380
CIRCLE: _Z8wrap_180IdET_S0_ @ 0xa3d120
CIRCLE: _ZN8Location14offset_bearingEdd @ 0x61e0c0
CIRCLE: _ZNK7Vector2IfEplERKS0_ @ 0xa3d580
CIRCLE: _ZL7radiansd @ 0x61e1c0
CIRCLE: _Z8wrap_360d @ 0x61e210
CIRCLE: _ZNK4SITL12SerialDevice19read_from_autopilotEPcm @ 0x61e2b0
CIRCLE: _Z7is_zerod @ 0xa3f250
CIRCLE: _ZN7HALSITL10UARTDriver40handle_reading_from_device_to_readbufferEv @ 0x623ba0
CIRCLE: _ZNK4SITL12SerialDevice16read_from_deviceEPcm @ 0x624030
CIRCLE: _ZN7HALSITL8AnalogIn13board_voltageEv @ 0xa40760
CIRCLE: _ZN6AP_HAL8AnalogIn17servorail_voltageEv @ 0xa407b0
CIRCLE: _ZN6AP_HAL8AnalogIn18power_status_flagsEv @ 0xa40800
CIRCLE: _ZN7HALSITL9ADCSource7set_pinEh @ 0x624c70
CIRCLE: _ZN7HALSITL9ADCSource15voltage_averageEv @ 0x624cf0
CIRCLE: _ZN7HALSITL9ADCSource14voltage_latestEv @ 0x624d40
CIRCLE: _ZN7HALSITL4GPIO13usb_connectedEv @ 0x6254a0
CIRCLE: _ZN7HALSITL8RCOutput9enable_chEh @ 0x6258a0
CIRCLE: _ZN7HALSITL8RCOutput10disable_chEh @ 0x625930
CIRCLE: _ZN7HALSITL8RCOutput5writeEht @ 0x6259c0
CIRCLE: _ZN6AP_HAL8RCOutput20update_channel_masksEv @ 0xa411e0
CIRCLE: _ZN7HALSITL8RCOutput4corkEv @ 0x625af0
CIRCLE: _ZN7HALSITL8RCOutput4pushEv @ 0x625b80
CIRCLE: _ZN7HALSITL8RCOutput4readEh @ 0x625cb0
CIRCLE: _ZN7HALSITL8RCOutput4readEPth @ 0x625d40
CIRCLE: _ZN6AP_HAL8RCOutput16set_default_rateEt @ 0xa41a80
CIRCLE: _ZN17AP_ESC_Telem_SITL6updateEv @ 0x626160
CIRCLE: _ZN7HALSITL7RCInput9new_inputEv @ 0x626aa0
CIRCLE: _ZN7HALSITL7RCInput12num_channelsEv @ 0x626b00
CIRCLE: _ZN7HALSITL7RCInput4readEh @ 0x626b60
CIRCLE: _ZN13AP_RCProtocol4readEh @ 0x626e10
CIRCLE: _ZN21AP_RCProtocol_Backend4readEh @ 0x626ea0
CIRCLE: _ZN13AP_RCProtocol12num_channelsEv @ 0x626f00
CIRCLE: _ZNK21AP_RCProtocol_Backend12num_channelsEv @ 0x626f80
CIRCLE: _ZN13AP_RCProtocol9new_inputEv @ 0x626fd0
CIRCLE: _ZN13AP_RCProtocol21detect_async_protocolENS_12rcprotocol_tE @ 0x627190
CIRCLE: _ZNK13AP_RCProtocol10using_uartEv @ 0xa425b0
CIRCLE: _ZN17AP_RCProtocol_FDM6updateEv @ 0x627de0
CIRCLE: _ZN21AP_RCProtocol_Backend9add_inputEhPtbss @ 0x627fc0
CIRCLE: _ZL3MINIhiEDTqultfp_fp0_fp_fp0_ERKT_RKT0_.18381 @ 0x628120
CIRCLE: _ZN13AP_RCProtocol19set_failsafe_activeEb @ 0xa42f80
CIRCLE: _ZN21AP_RCProtocol_Backend6updateEv @ 0xa43090
CIRCLE: _ZN17AP_RCProtocol_UDP6updateEv @ 0x6281a0
CIRCLE: _ZN17AP_RCProtocol_UDP21read_all_socket_inputEv @ 0x628400
CIRCLE: _ZN16SocketAPM_native4recvEPvmj @ 0x6286a0
CIRCLE: _ZN16SocketAPM_native6pollinEj @ 0x6288d0
CIRCLE: _ZNK16SocketAPM_native11get_read_fdEv @ 0xa431c0
CIRCLE: _ZN18AP_RCProtocol_GHST6updateEv @ 0x629140
CIRCLE: _ZNK7AP_AHRS13get_variancesERfS0_S0_R7Vector3IfES0_ @ 0x62ad90
CIRCLE: _ZNK7NavEKF312getVariancesERfS0_S0_R7Vector3IfES0_R7Vector2IfE @ 0x62b070
CIRCLE: _ZNK12NavEKF3_core12getVariancesERfS0_S0_R7Vector3IfES0_R7Vector2IfE @ 0x62b250
CIRCLE: _ZL3MAXIddEDTqugtfp_fp0_fp_fp0_ERKT_RKT0_.4222 @ 0x62b450
CIRCLE: _ZNK7Vector2IdE7tofloatEv @ 0xa438f0
CIRCLE: _ZN3GCS23get_sensor_status_flagsERjS0_S0_ @ 0x62b7c0
CIRCLE: _ZN3GCS26update_sensor_status_flagsEv @ 0x62b880
CIRCLE: _ZNK7AP_AHRS11initialisedEv @ 0x62c040
CIRCLE: _ZNK7AP_Baro13num_instancesEv @ 0xa43950
CIRCLE: _ZNK6AP_GPS10is_healthyEv @ 0xa439a0
CIRCLE: _ZNK14AP_BattMonitor13num_instancesEv @ 0xa43a00
CIRCLE: _ZNK14AP_BattMonitor7healthyEv @ 0x62c170
CIRCLE: _ZNK14AP_BattMonitor13has_failsafedEv @ 0xa43a50
CIRCLE: _ZNK17AP_InertialSensor11calibratingEv @ 0x62c260
CIRCLE: _ZNK9AP_Logger15logging_enabledEv @ 0x62c330
CIRCLE: _ZNK6AP_GPS15logging_presentEv @ 0xa43ab0
CIRCLE: _ZNK6AP_GPS15logging_enabledEv @ 0xa43b20
CIRCLE: _ZNK6AP_GPS14logging_failedEv @ 0x62c400
CIRCLE: _ZNK7AP_AHRS12get_ekf_typeEv @ 0xa43b90
CIRCLE: _ZNK8AC_Fence18sys_status_enabledEv @ 0x62c4e0
CIRCLE: _ZNK8AC_Fence18sys_status_presentEv @ 0x62c580
CIRCLE: _ZNK8AC_Fence17sys_status_failedEv @ 0x62c5e0
CIRCLE: _ZNK11AP_Airspeed7enabledEv @ 0xa43bf0
CIRCLE: _ZN2AP11opticalflowEv @ 0x62c730
CIRCLE: _ZNK14AP_OpticalFlow7enabledEv @ 0xa43d00
CIRCLE: _ZNK14AP_OpticalFlow7healthyEv @ 0xa43d70
CIRCLE: _ZN2AP6armingEv @ 0x62c770
CIRCLE: _ZNK11RC_Channels22has_ever_seen_rc_inputEv @ 0xa43df0
CIRCLE: _ZN9AP_Arming13get_singletonEv @ 0x62c7b0
CIRCLE: _ZNK7AP_EnumIN14AP_OpticalFlow4TypeEEcvKS1_Ev @ 0xa43e50
CIRCLE: _ZN14AP_OpticalFlow13get_singletonEv @ 0xa43ea0
CIRCLE: _ZNK11AP_Airspeed7healthyEh @ 0x62c7f0
CIRCLE: _ZN2AP8airspeedEv @ 0x62c970
CIRCLE: _ZNK11AP_Airspeed7healthyEv @ 0xa43fc0
CIRCLE: _ZNK11AP_Airspeed3useEh @ 0x62c9b0
CIRCLE: _ZN12SRV_Channels17get_output_scaledEN11SRV_Channel8FunctionE @ 0x62cae0
CIRCLE: _ZNK8AC_Fence12get_breachesEv @ 0xa44020
CIRCLE: _ZNK7AP_EnumIN8AC_Fence6ActionEEcvKS1_Ev @ 0xa44070
CIRCLE: _ZNK14AP_BattMonitor7healthyEh @ 0x62cbe0
CIRCLE: _ZNK6AP_GPS8num_satsEv @ 0xa44280
CIRCLE: _ZNK6AP_GPS8num_satsEh @ 0xa44360
CIRCLE: _ZNK14AP_BattMonitor12current_ampsERfh @ 0x62dad0
CIRCLE: _ZNK14AP_BattMonitor12consumed_mahERfh @ 0x62dbc0
CIRCLE: _ZN9AP_Logger14WriteStreamingEPKcS1_S1_z @ 0x62e8e0
CIRCLE: _ZN22AP_RCProtocol_DroneCAN6updateEv @ 0x62eb40
CIRCLE: _ZNK16AP_SerialManager11find_serialENS_14SerialProtocolEh @ 0x62ff30
CIRCLE: _ZNK7AP_Baro12get_pressureEh @ 0xa45fb0
CIRCLE: _ZNK7AP_Baro15get_temperatureEh @ 0xa46100
CIRCLE: _ZNK7AP_Baro23get_altitude_differenceEff @ 0x633550
CIRCLE: _ZNK7AP_Baro26get_altitude_from_pressureEf @ 0x6335f0
CIRCLE: _ZL33find_atmosphere_layer_by_pressuref @ 0x633850
CIRCLE: _ZNK7AP_Baro17get_altitude_AMSLEv @ 0xa46170
CIRCLE: _ZN7AP_Baro29geopotential_alt_to_geometricEf @ 0x633900
CIRCLE: _ZNK7AP_Baro17get_altitude_AMSLEh @ 0xa461d0
CIRCLE: _ZN9AP_Notify6updateEv @ 0x633b40
CIRCLE: _ZN2AP3srvEv @ 0x633ce0
CIRCLE: _ZN12SRV_Channels4corkEv @ 0x633d20
CIRCLE: _ZN12SRV_Channels4pushEv @ 0x633d80
CIRCLE: _ZN16AP_Volz_Protocol6updateEv @ 0x633f30
CIRCLE: _ZN10AP_SBusOut6updateEv @ 0x634200
CIRCLE: _ZN15AP_RobotisServo6updateEv @ 0x634380
CIRCLE: _ZN16AP_FETtecOneWire6updateEv @ 0x6345f0
CIRCLE: _ZN2AP6kdecanEv @ 0x6348e0
CIRCLE: _ZN9AP_KDECAN6updateEv @ 0x634920
CIRCLE: _ZN12SRV_Channels12find_channelEN11SRV_Channel8FunctionERh @ 0x635300
CIRCLE: _ZN11SRV_Channel8calc_pwmEf @ 0x6353d0
CIRCLE: _ZNK11SRV_Channel21pwm_from_scaled_valueEf @ 0x6354c0
CIRCLE: _ZNK11SRV_Channel14pwm_from_angleEf @ 0x635560
CIRCLE: _ZN9AP_KDECAN13get_singletonEv @ 0xa46f50
CIRCLE: _ZN16AP_FETtecOneWire4initEv @ 0x637090
CIRCLE: _ZN16AP_FETtecOneWire9init_uartEv @ 0x638660
CIRCLE: _ZN12SRV_Channels13get_singletonEv @ 0xa479b0
CIRCLE: _ZNK10AP_Mission21get_current_nav_indexEv @ 0xa47d40
CIRCLE: _ZNK6AP_GPS8get_hdopEh @ 0xa48010
CIRCLE: _ZNK7AP_AHRS11groundspeedEv @ 0xa48110
CIRCLE: _ZN7AP_Baro14get_climb_rateEv @ 0x63d900
CIRCLE: _ZN16DerivativeFilterIfLh7EE5slopeEv @ 0xa481b0
CIRCLE: _ZNK11RangeFinder11get_backendEh @ 0x63db50
CIRCLE: _Z14float_to_int16f @ 0x63f5b0
CIRCLE: _ZNK7AP_AHRS11get_yaw_degEv @ 0xa48d30
CIRCLE: _ZNK7AP_AHRS28get_relative_position_D_homeERf @ 0x63f730
CIRCLE: _ZNK8Location9get_alt_mENS_8AltFrameERf @ 0x63f8d0
CIRCLE: _ZNK7AP_AHRS30get_relative_position_D_originERd @ 0x63f980
CIRCLE: _ZNK7AP_AHRS11_get_originER8Location @ 0x63fac0
CIRCLE: _ZNK7AP_AHRS11_get_originENS_7EKFTypeER8Location @ 0x63fba0
CIRCLE: _ZNK7NavEKF312getOriginLLHER8Location @ 0x63fdb0
CIRCLE: _ZN18AP_RCProtocol_CRSF6updateEv @ 0x6428e0
CIRCLE: _ZNK7AP_AHRS12get_roll_radEv @ 0xa4a190
CIRCLE: _ZNK7AP_AHRS13get_pitch_radEv @ 0xa4a1e0
CIRCLE: _ZN19AP_RCProtocol_SRXL26updateEv @ 0x64c4d0
CIRCLE: _ZNK14AP_BattMonitor15get_temperatureERfh @ 0x64f5b0
CIRCLE: _ZN2AP3rtcEv @ 0x64f680
CIRCLE: _ZNK6AP_RTC12get_utc_usecERm @ 0x64f7a0
CIRCLE: _ZN6AP_RTC13get_singletonEv @ 0xa4adf0
CIRCLE: _ZN2AP9esc_telemEv @ 0x64fb00
CIRCLE: _ZN12AP_ESC_Telem13get_singletonEv @ 0x64ffb0
CIRCLE: _ZN17AP_RCProtocol_DSM6updateEv @ 0x6534c0
CIRCLE: _ZN7HALSITL9Scheduler5delayEt @ 0x654db0
CIRCLE: _ZN7HALSITL9Scheduler18delay_microsecondsEt @ 0x654ea0
CIRCLE: _ZN6AP_HAL9Scheduler24delay_microseconds_boostEt @ 0xa4b5d0
CIRCLE: _ZN6AP_HAL9Scheduler9boost_endEv @ 0xa4b6e0
CIRCLE: _ZNK6AP_HAL9Scheduler17in_delay_callbackEv @ 0xa4b730
CIRCLE: _ZN7HALSITL9Scheduler21is_system_initializedEv @ 0xa4b790
CIRCLE: _ZN7HALSITL9Scheduler10stop_clockEm @ 0x655410
CIRCLE: _ZNK7HALSITL9Scheduler14in_main_threadEv @ 0x6554b0
CIRCLE: _ZN7HALSITL10SITL_State10wait_clockEm @ 0x655b70
CIRCLE: _ZNK4SITL8Aircraft11get_speedupEv @ 0xa4b940
CIRCLE: _ZNK7HALSITL9Scheduler28semaphore_wait_hack_requiredEv @ 0x655d20
CIRCLE: _ZN7HALSITL10SITL_State15_fdm_input_stepEv @ 0x655da0
CIRCLE: _ZN7HALSITL10SITL_State16_fdm_input_localEv @ 0x655ef0
CIRCLE: _ZNK7HALSITL9Scheduler22interrupts_are_blockedEv @ 0xa4b990
CIRCLE: _ZN7HALSITL9Scheduler17sitl_begin_atomicEv @ 0xa4b9f0
CIRCLE: _ZN7HALSITL9Scheduler11timer_eventEv @ 0xa4ba50
CIRCLE: _ZN7HALSITL9Scheduler15sitl_end_atomicEv @ 0x656090
CIRCLE: _ZN7HALSITL10SITL_State16_update_airspeedEf @ 0x656130
CIRCLE: _ZN7HALSITL10SITL_State19_update_rangefinderEv @ 0x6564a0
CIRCLE: _ZNK7HALSITL10SITL_State18_sonar_pin_voltageEv @ 0x656500
CIRCLE: _ZN7AP_Baro24get_EAS2TAS_for_alt_amslEf @ 0x656670
CIRCLE: _ZL2sqf.11982 @ 0x6566f0
CIRCLE: _ZN7AP_Baro28get_air_density_for_alt_amslEf @ 0x656740
CIRCLE: _ZL3MAXIffEDTqugtfp_fp0_fp_fp0_ERKT_RKT0_.1713 @ 0x656910
CIRCLE: _ZN7HALSITL9Scheduler16_run_timer_procsEv @ 0x656990
CIRCLE: _ZN7HALSITL10SITL_State17_simulator_servosER10sitl_input @ 0x656a90
CIRCLE: _ZN4SITL11JSON_Master7receiveER10sitl_input @ 0x657720
CIRCLE: _ZN7HALSITL10SITL_State22multicast_servo_updateER10sitl_input @ 0x657bc0
CIRCLE: _ZN4SITL8Aircraft11update_homeEv @ 0x657ca0
CIRCLE: _ZN4SITL8Aircraft12update_modelERK10sitl_input @ 0x657e00
CIRCLE: _ZN4SITL8Aircraft8fill_fdmERNS_8sitl_fdmE @ 0x657ea0
CIRCLE: _ZN7HALSITL8CANIface14num_interfacesEv @ 0xa4baf0
CIRCLE: _ZNK4SITL8Aircraft20get_position_relhomeEv @ 0x658a70
CIRCLE: _ZN4SITL11JSON_Master4sendERKNS_8sitl_fdmERK7Vector3IdE @ 0x658b30
CIRCLE: _ZN7HALSITL17SITL_State_Common10sim_updateEv @ 0x658dd0
CIRCLE: _ZN7HALSITL10SITL_State14set_height_aglEv @ 0x659620
CIRCLE: _ZNK4SITL8Aircraft15get_velocity_efEv @ 0xa4bb80
CIRCLE: _ZN4SITL3GPS6updateEv @ 0x65a9f0
CIRCLE: _ZN4SITL12SerialDevice17init_sitl_pointerEv @ 0x65c140
CIRCLE: _ZN4SITL3GPS24check_backend_allocationEv @ 0x65c1d0
CIRCLE: _ZN4SITL3GPS16interpolate_dataERKNS_8GPS_DataEj @ 0x65c7e0
CIRCLE: _ZL3MAXIifEDTqugtfp_fp0_fp_fp0_ERKT_RKT0_.12703 @ 0x65d170
CIRCLE: _ZNK4SITL11GPS_Backend11device_baudEv @ 0xa4c1a0
CIRCLE: _ZN4SITL11GPS_Backend11update_readEv @ 0x65d2f0
CIRCLE: _ZNK4SITL11GPS_Backend18write_to_autopilotEPKcm @ 0x65d640
CIRCLE: _ZNK4SITL11GPS_Backend19read_from_autopilotEPcm @ 0x65d6c0
CIRCLE: _ZN4SITL11GPS_Backend8gps_timeEv @ 0x65e160
CIRCLE: _ZNK7Vector2IdE6lengthEv @ 0xa4c3c0
CIRCLE: _ZN4SITL11GPS_Backend18simulation_timevalEP7timeval @ 0x65ea90
CIRCLE: _ZN4SITL9GPS_UBlox7publishEPKNS_8GPS_DataE @ 0x661960
CIRCLE: _Z4normIddJdEEdT_T0_DpKT1_ @ 0xa4ca60
CIRCLE: _ZL7degreesf.12791 @ 0x662430
CIRCLE: _ZN4SITL9GPS_UBlox8send_ubxEhPht @ 0x662960
CIRCLE: _ZL3MAXIiiEDTqugtfp_fp0_fp_fp0_ERKT_RKT0_.12792 @ 0x662b30
CIRCLE: _ZNK7Vector3IfE6is_nanEv @ 0xa4cae0
CIRCLE: _ZN7Matrix3IfE6rotateERK7Vector3IfE @ 0xa4cbb0
CIRCLE: _ZNK7Vector2IfE5angleEv @ 0xa4cd60
CIRCLE: _ZN7Matrix3IfEpLERKS0_ @ 0xa4cdd0
CIRCLE: _ZNK7Matrix3IfEplERKS0_ @ 0xa4ce60
CIRCLE: _Z2sqIdJddEEdT_DpKT0_ @ 0xa4cf80
CIRCLE: _ZNK11QuaternionTIfE8to_eulerERfS1_S1_ @ 0xa4d020
CIRCLE: _ZNK7Vector2IdE5angleEv @ 0xa4d0d0
CIRCLE: _ZNK11QuaternionTIfE13get_euler_yawEv @ 0xa4d130
CIRCLE: _ZNK7Vector3IdEplERKS0_ @ 0xa4db30
CIRCLE: _ZN7Vector3IdEpLERKS0_ @ 0xa4dbd0
CIRCLE: _ZN7Matrix3IdEC2Ev @ 0xa4dc70
CIRCLE: _ZN7Matrix3IdE10from_eulerEddd @ 0xa4dcf0
CIRCLE: _ZNK7Matrix3IdEmlERK7Vector3IdE @ 0xa4deb0
CIRCLE: _ZNK7Vector3IdEmiERKS0_ @ 0xa4e6a0
CIRCLE: _Z11wrap_360_cdf @ 0x66c650
CIRCLE: _ZNK7Vector3IdE6lengthEv @ 0xa4e800
CIRCLE: _ZN7Vector3IdE4zeroEv @ 0xa4e860
CIRCLE: _ZNK7Vector3IdEmlEd @ 0xa4e8c0
CIRCLE: _ZNK7Matrix3IfE10transposedEv @ 0xa4ea90
CIRCLE: _ZN7Matrix3IfE9normalizeEv @ 0xa4ec60
CIRCLE: _ZNK8Location22get_distance_NE_doubleERKS_ @ 0x66fc00
CIRCLE: _ZN7Vector3IdE2xyEv @ 0xa4ef30
CIRCLE: _ZN7Vector2IdEpLERKS0_ @ 0xa4ef80
CIRCLE: _ZL7degreesf.14500 @ 0x670b50
CIRCLE: _ZNK7Matrix3IfE8to_eulerEPfS1_S1_ @ 0xa4f000
CIRCLE: _ZNK7AP_EnumI8RotationEcvKS0_Ev @ 0xa4f120
CIRCLE: _ZNK8HAL_SITL32get_uart_output_full_queue_countEv @ 0x670c20
CIRCLE: _ZNK4SITL8Aircraft16get_wall_time_usEv @ 0x670d60
CIRCLE: _ZNK7Vector3IdEdvEd @ 0xa4f300
CIRCLE: _ZN4SITL8Aircraft12time_advanceEv @ 0x670de0
CIRCLE: _ZN4SITL8Aircraft15sync_frame_timeEv @ 0x670e80
CIRCLE: _ZN9AP_Logger14WriteStreamingEPKcS1_S1_S1_S1_z @ 0x671180
CIRCLE: _ZL3MAXI9AP_ParamTIfL11ap_var_type4EEdEDTqugtfp_fp0_fp_fp0_ERKT_RKT0_.11827 @ 0x6714f0
CIRCLE: _Z21calc_lowpass_alpha_dtff @ 0x671590
CIRCLE: _ZL3MAXIfiEDTqugtfp_fp0_fp_fp0_ERKT_RKT0_.11828 @ 0x6716c0
CIRCLE: _ZNK4SITL16FETtecOneWireESC7enabledEv @ 0xa4f6c0
CIRCLE: _ZNK4SITL4Volz7enabledEv @ 0xa4f730
CIRCLE: _ZN7HALSITL17SITL_State_Common22update_voltage_currentER10sitl_inputf @ 0x671990
CIRCLE: _ZN8AP_Param18eeprom_write_checkEPKvth @ 0x6743c0
CIRCLE: _ZNK4SITL8Aircraft22rangefinder_beam_widthEv @ 0xa51630
CIRCLE: _ZNK4SITL8Aircraft45perpendicular_distance_to_rangefinder_surfaceEv @ 0x6750e0
CIRCLE: _ZN4SITL8Aircraft23update_external_payloadERK10sitl_input @ 0x676c00
CIRCLE: _ZN4SITL8Aircraft15update_positionEv @ 0x677090
CIRCLE: _ZN4SITL8Aircraft19update_mag_field_bfEv @ 0x6776b0
CIRCLE: _ZN7Vector2IdEmIERKS0_ @ 0xa51680
CIRCLE: _ZNK4SITL7Sprayer10is_enabledEv @ 0xa51710
CIRCLE: _ZN4SITL3I2C6updateERKNS_8AircraftE @ 0x678480
CIRCLE: _ZNK4SITL6Buzzer10is_enabledEv @ 0xa517c0
CIRCLE: _ZNK4SITL13Gripper_Servo10is_enabledEv @ 0xa51820
CIRCLE: _ZNK4SITL11Gripper_EPM10is_enabledEv @ 0xa518e0
CIRCLE: _ZNK4SITL9Parachute10is_enabledEv @ 0xa51990
CIRCLE: _ZNK4SITL12SIM_Precland10is_enabledEv @ 0xa519f0
CIRCLE: _ZN4SITL7ShipSim6updateEv @ 0x679450
CIRCLE: _ZN7Vector2IfE6rotateEf @ 0xa51a50
CIRCLE: _ZN7Vector2IfEpLERKS0_ @ 0xa51b30
CIRCLE: _ZNK7Vector3IdE14length_squaredEv @ 0xa53aa0
CIRCLE: _ZNK7Vector3IdEmlERKS0_ @ 0xa53c10
CIRCLE: _ZNK7AP_AHRS11get_EAS2TASEv @ 0x67f4b0
CIRCLE: _ZNK7Vector3IdE7is_zeroEv @ 0xa53dc0
CIRCLE: _ZN7Vector3IfE2xyEv @ 0xa53e70
CIRCLE: _ZN7Vector2IfE4zeroEv @ 0xa53ec0
CIRCLE: _ZN7Vector3IfEmIERKS0_ @ 0xa53f20
CIRCLE: _ZNK9AP_ParamTIfL11ap_var_type4EEplERKS1_ @ 0xa541d0
CIRCLE: _ZN13LowPassFilterIfE5applyERKfS2_ @ 0xa54960
CIRCLE: _Z11is_positived @ 0xa55070
CIRCLE: _ZN7Vector3IfE9normalizeEv @ 0xa55850
CIRCLE: _ZN7Vector3IdEmIERKS0_ @ 0xa5fad0
CIRCLE: _ZL7radiansd.14806 @ 0x6a3b10
CIRCLE: _ZN4SITL8SimRover6updateERK10sitl_input @ 0x6a7200
CIRCLE: _ZN4SITL8SimRover24update_ackermann_or_skidERK10sitl_inputf @ 0x6a7920
CIRCLE: _ZL7radiansf.13800 @ 0x6a7d60
CIRCLE: _ZN4SITL8SimRover13calc_yaw_rateEff @ 0x6a7dc0
CIRCLE: _ZNK4SITL8SimRover11turn_circleEf @ 0x6a7f80
CIRCLE: _ZN7HALSITL7Storage10read_blockEPvtm @ 0x6b63f0
CIRCLE: _ZN7HALSITL7Storage11write_blockEtPKvm @ 0x6b64c0
CIRCLE: _ZN7HALSITL7Storage11_timer_tickEv @ 0x6b65e0
CIRCLE: _ZNK7BitmaskILt2048EE5emptyEv @ 0xa61240
CIRCLE: _ZNK7BitmaskILt2048EE3getEt @ 0xa612e0
CIRCLE: _ZN10AP_RAMTRON5writeEjPKhj @ 0x6b6950
CIRCLE: _ZN7BitmaskILt2048EE5clearEt @ 0xa613b0
CIRCLE: _ZNK8HAL_SITL25get_storage_posix_enabledEv @ 0xa61470
CIRCLE: _ZNK7BitmaskILt2048EE8validateEt @ 0xa61530
CIRCLE: _ZNK10AP_RAMTRON8get_sizeEv @ 0xa615c0
CIRCLE: _ZN7HALSITL7Storage13_storage_openEv @ 0x6b6fd0
CIRCLE: _ZN7HALSITL7Storage11_mark_dirtyEtt @ 0x6b72e0
CIRCLE: _ZN7BitmaskILt2048EE3setEt @ 0xa61660
CIRCLE: _ZN8AP_Param9save_syncEbb @ 0x6bda50
CIRCLE: _ZN6AP_DAL9end_frameEv @ 0x6c3710
CIRCLE: _ZN6AP_DAL15WriteLogMessageE11LogMessagesPvPKvh @ 0x6c3790
CIRCLE: _ZN9AP_Logger16WriteReplayBlockEhPKvt @ 0x6c38b0
CIRCLE: _ZNK9AP_Logger10log_replayEv @ 0xa62dc0
CIRCLE: _ZNK7NavEKF317option_is_enabledENS_6OptionE @ 0xa62e20
CIRCLE: _ZNK6AP_DAL6millisEv @ 0xa62ea0
CIRCLE: _ZNK12NavEKF3_core10errorScoreEv @ 0x6c3f10
CIRCLE: _ZNK12NavEKF3_core16have_aligned_yawEv @ 0xa62ef0
CIRCLE: _ZNK12NavEKF3_core17have_aligned_tiltEv @ 0xa62f50
CIRCLE: _ZNK12NavEKF3_core24getLastPosNorthEastResetER7Vector2IfE @ 0x6c4760
CIRCLE: _ZNK7Vector2IdEmiERKS0_ @ 0xa62fb0
CIRCLE: _ZNK12NavEKF3_core14getEulerAnglesER7Vector3IfE @ 0x6c4860
CIRCLE: _ZNK11QuaternionTIdE8to_eulerER7Vector3IfE @ 0xa63040
CIRCLE: _ZNK6AP_DAL8get_trimEv @ 0xa630c0
CIRCLE: _ZNK11QuaternionTIdE8to_eulerERfS1_S1_ @ 0xa63120
CIRCLE: _ZNK11QuaternionTIdE14get_euler_rollEv @ 0xa631e0
CIRCLE: _ZNK11QuaternionTIdE15get_euler_pitchEv @ 0xa63290
CIRCLE: _ZNK11QuaternionTIdE13get_euler_yawEv @ 0xa63310
CIRCLE: _Z9safe_asinIdEfT_ @ 0xa633c0
CIRCLE: _ZL3MAXIfdEDTqugtfp_fp0_fp_fp0_ERKT_RKT0_.4176 @ 0x6c4920
CIRCLE: _ZNK12NavEKF3_core20assume_zero_sideslipEv @ 0x6c49c0
CIRCLE: _ZN6AP_DAL8airspeedEv @ 0xa634a0
CIRCLE: _ZNK6AP_DAL15get_fly_forwardEv @ 0xa63540
CIRCLE: _ZNK6AP_DAL17get_vehicle_classEv @ 0xa635b0
CIRCLE: _ZN19RestrictIDTypeArrayIP17CompassCalibratorLj3E14typesafe_indexIh12TAG_PriorityEEixERKS4_ @ 0xa636c0
CIRCLE: _ZNK9AP_Logger10should_logEj @ 0x6ce910
CIRCLE: _ZNK6AP_GPS9time_weekEh @ 0xa64140
CIRCLE: _ZNK6AP_GPS12time_week_msEh @ 0xa641b0
CIRCLE: _ZN3GCS12send_messageE10ap_message @ 0x6cf1b0
CIRCLE: _ZNK6AP_GPS15time_epoch_usecEh @ 0x6cf260
CIRCLE: _ZNK14AP_GPS_Backend16get_last_itow_msEv @ 0x6cf3d0
CIRCLE: _ZN6AP_GPS23istate_time_to_epoch_msEtj @ 0x6cf490
CIRCLE: _ZN10AC_Sprayer3runEb @ 0x6cf9a0
CIRCLE: _ZNK7Vector2IfE6is_nanEv @ 0xa650b0
CIRCLE: _ZN2AP8ac_avoidEv @ 0x6dd810
CIRCLE: _ZN8AC_Avoid13get_singletonEv @ 0xa65bb0
CIRCLE: _ZNK10AP_Gripper7enabledEv @ 0xa65c60
CIRCLE: _ZN10AP_Vehicle13update_armingEv @ 0x6dddb0
CIRCLE: _ZN7FunctorIvJEE14method_wrapperI10AP_VehicleXadL_ZNS2_13update_armingEvEEEEvPv @ 0xa66ce0
CIRCLE: _ZN9AP_Arming6updateEv @ 0x6dde00
CIRCLE: _ZN8AP_Stats6updateEv @ 0x6ddef0
CIRCLE: _ZN7FunctorIvJEE14method_wrapperI8AP_StatsXadL_ZNS2_6updateEvEEEEvPv @ 0xa66d90
CIRCLE: _ZN8AP_Stats17update_flighttimeEv @ 0x6de0a0
CIRCLE: _ZN8AP_Stats14update_runtimeEv @ 0x6de170
CIRCLE: _ZN8AP_Stats5flushEv @ 0x6de210
CIRCLE: _ZN13AP_ParamTBaseIiL11ap_var_type3EE22set_and_save_ifchangedERKi @ 0xa66e40
CIRCLE: _ZN10AP_Filters6updateEv @ 0x6de390
CIRCLE: _ZN7FunctorIvJEE14method_wrapperI10AP_FiltersXadL_ZNS2_6updateEvEEEEvPv @ 0xa66ed0
CIRCLE: _ZN10AP_Vehicle17check_motor_noiseEv @ 0x6df4d0
CIRCLE: _ZN7FunctorIvJEE14method_wrapperI10AP_VehicleXadL_ZNS2_17check_motor_noiseEvEEEEvPv @ 0xa67780
CIRCLE: _ZNK10AP_GyroFFT15check_esc_noiseEv @ 0xa67830
CIRCLE: _ZNK17NotchFilterParams7enabledEv @ 0xa67a60
CIRCLE: _ZN10AP_Vehicle13one_Hz_updateEv @ 0x6dfbb0
CIRCLE: _ZN7FunctorIvJEE14method_wrapperI10AP_VehicleXadL_ZNS2_13one_Hz_updateEvEEEEvPv @ 0xa67ab0
CIRCLE: _ZN12AP_Scripting6updateEv @ 0x6dfc90
CIRCLE: _ZN16AP_SerialManager20registered_ports_logEv @ 0x6dfce0
CIRCLE: _ZN12AP_Scripting13save_checksumEv @ 0x6dfdc0
CIRCLE: _ZN10AP_Gripper6updateEv @ 0x6dfec0
CIRCLE: _ZN7FunctorIvJEE14method_wrapperI10AP_GripperXadL_ZNS2_6updateEvEEEEvPv @ 0xa67bf0
CIRCLE: _ZN6AP_EFI6updateEv @ 0x6e0030
CIRCLE: _ZN7FunctorIvJEE14method_wrapperI6AP_EFIXadL_ZNS2_6updateEvEEEEvPv @ 0xa67ca0
CIRCLE: _ZN6AP_AIS6updateEv @ 0x6e04b0
CIRCLE: _ZN7FunctorIvJEE14method_wrapperI6AP_AISXadL_ZNS2_6updateEvEEEEvPv @ 0xa67d50
CIRCLE: _ZNK6AP_AIS7enabledEv @ 0x6e0d10
CIRCLE: _ZN2AP10oadatabaseEv @ 0x6e35d0
CIRCLE: _ZNK13AP_OADatabase7healthyEv @ 0xa67f10
CIRCLE: _ZNK7AP_AHRS37get_relative_position_NE_origin_floatER7Vector2IfE @ 0x6e3610
CIRCLE: _ZNK7AP_AHRS31get_relative_position_NE_originER7Vector2IdE @ 0x6e3bc0
CIRCLE: _ZN13AP_OADatabase13get_singletonEv @ 0xa681a0
CIRCLE: _ZN8AC_Fence6updateEv @ 0x6e4310
CIRCLE: _ZN7FunctorIvJEE14method_wrapperI8AC_FenceXadL_ZNS2_6updateEvEEEEvPv @ 0xa681e0
CIRCLE: _ZN19AC_PolyFence_loader6updateEv @ 0x6e4440
CIRCLE: _ZN19AC_PolyFence_loader17load_from_storageEv @ 0x6e4530
CIRCLE: _ZN10AP_Vehicle16accel_cal_updateEv @ 0x6e5990
CIRCLE: _ZN7FunctorIvJEE14method_wrapperI10AP_VehicleXadL_ZNS2_16accel_cal_updateEvEEEEvPv @ 0xa683c0
CIRCLE: _ZN20AP_TemperatureSensor6updateEv @ 0x6e7130
CIRCLE: _ZN7FunctorIvJEE14method_wrapperI20AP_TemperatureSensorXadL_ZNS2_6updateEvEEEEvPv @ 0xa684c0
CIRCLE: _ZN10AP_Vehicle16publish_osd_infoEv @ 0x6e73f0
CIRCLE: _ZN7FunctorIvJEE14method_wrapperI10AP_VehicleXadL_ZNS2_16publish_osd_infoEvEEEEvPv @ 0xa68610
CIRCLE: _ZN6AP_OSD12set_nav_infoERNS_7NavInfoE @ 0x6e7510
CIRCLE: _ZN6AP_RPM6updateEv @ 0x6e7580
CIRCLE: _ZN7FunctorIvJEE14method_wrapperI6AP_RPMXadL_ZNS2_6updateEvEEEEvPv @ 0xa686c0
CIRCLE: _ZNK6AP_RPM7Log_RPMEv @ 0x6e7760
CIRCLE: _ZNK6AP_RPM7enabledEh @ 0x6e7880
CIRCLE: _ZN14AP_OpenDroneID6updateEv @ 0x6e7930
CIRCLE: _ZN7FunctorIvJEE14method_wrapperI14AP_OpenDroneIDXadL_ZNS2_6updateEvEEEEvPv @ 0xa687e0
CIRCLE: _ZNK6AP_GPS8velocityEv @ 0xa6a080
CIRCLE: _ZNK7AP_AHRS18groundspeed_vectorEv @ 0xa6a160
CIRCLE: _ZNK6AP_GPS14speed_accuracyEhRf @ 0x6ec620
CIRCLE: _ZNK6AP_GPS17vertical_accuracyEhRf @ 0x6ec6f0
CIRCLE: _ZNK6AP_GPS19horizontal_accuracyEhRf @ 0x6ec7c0
CIRCLE: _ZNK6AP_GPS14get_undulationEhRf @ 0x6ec890
CIRCLE: _ZNK6AP_GPS8velocityEh @ 0xa6a3c0
CIRCLE: _ZN12AP_Generator6updateEv @ 0x6ec960
CIRCLE: _ZN7FunctorIvJEE14method_wrapperI12AP_GeneratorXadL_ZNS2_6updateEvEEEEvPv @ 0xa6a490
CIRCLE: _ZN14AP_Servo_Telem6updateEv @ 0x6ec9d0
CIRCLE: _ZN7FunctorIvJEE14method_wrapperI14AP_Servo_TelemXadL_ZNS2_6updateEvEEEEvPv @ 0xa6a540
CIRCLE: _ZN14AP_Servo_Telem9write_logEv @ 0x6eca20
CIRCLE: _ZN12AP_ESC_Telem6updateEv @ 0x6eced0
CIRCLE: _ZN7FunctorIvJEE14method_wrapperI12AP_ESC_TelemXadL_ZNS2_6updateEvEEEEvPv @ 0xa6a5f0
CIRCLE: _ZN6AP_HAL15timeout_expiredIjjmEEbT_T0_T1_ @ 0xa6a6a0
CIRCLE: _ZN10AP_Vehicle30send_watchdog_reset_statustextEv @ 0x6ed3e0
CIRCLE: _ZN7FunctorIvJEE14method_wrapperI10AP_VehicleXadL_ZNS2_30send_watchdog_reset_statustextEvEEEEvPv @ 0xa6a720
CIRCLE: _ZN8AP_Tramp6updateEv @ 0x6ed540
CIRCLE: _ZN7FunctorIvJEE14method_wrapperI8AP_TrampXadL_ZNS2_6updateEvEEEEvPv @ 0xa6a7d0
CIRCLE: _ZN10AP_VideoTX6updateEv @ 0x6ee520
CIRCLE: _ZN7FunctorIvJEE14method_wrapperI10AP_VideoTXXadL_ZNS2_6updateEvEEEEvPv @ 0xa6aa00
CIRCLE: _ZN10AP_Vehicle38update_dynamic_notch_at_specified_rateEv @ 0x6ee750
CIRCLE: _ZN7FunctorIvJEE14method_wrapperI10AP_VehicleXadL_ZNS2_38update_dynamic_notch_at_specified_rateEvEEEEvPv @ 0xa6aab0
CIRCLE: _ZNK25HarmonicNotchFilterParams9hasOptionENS_7OptionsE @ 0xa6ab60
CIRCLE: _ZN10AP_Vehicle20update_dynamic_notchERN17AP_InertialSensor13HarmonicNotchE @ 0x6ee8a0
CIRCLE: _ZN10AP_GyroFFT17update_parametersEv @ 0xa6af00
CIRCLE: _ZN7FunctorIvJEE14method_wrapperI10AP_GyroFFTXadL_ZNS2_17update_parametersEvEEEEvPv @ 0xa6af50
CIRCLE: _ZN10AP_GyroFFT17update_parametersEb @ 0x6ef810
CIRCLE: _ZN10AP_GyroFFT6updateEv @ 0x6efbb0
CIRCLE: _ZN7FunctorIvJEE14method_wrapperI10AP_GyroFFTXadL_ZNS2_6updateEvEEEEvPv @ 0xa6b000
CIRCLE: _ZN14AP_NMEA_Output6updateEv @ 0x6efd40
CIRCLE: _ZN7FunctorIvJEE14method_wrapperI14AP_NMEA_OutputXadL_ZNS2_6updateEvEEEEvPv @ 0xa6b0b0
CIRCLE: _ZN7FunctorIvJEE14method_wrapperI9AP_NotifyXadL_ZNS2_6updateEvEEEEvPv @ 0xa6b160
CIRCLE: _ZN7Compass10cal_updateEv @ 0x6f0db0
CIRCLE: _ZN7FunctorIvJEE14method_wrapperI7CompassXadL_ZNS2_10cal_updateEvEEEEvPv @ 0xa6b210
CIRCLE: _ZN11AP_Airspeed6updateEv @ 0x6f1900
CIRCLE: _ZN7FunctorIvJEE14method_wrapperI11AP_AirspeedXadL_ZNS2_6updateEvEEEEvPv @ 0xa6b320
CIRCLE: _ZNK11AP_Airspeed11get_primaryEv @ 0xa6b4b0
CIRCLE: _ZN10AP_GyroFFT12sample_gyrosEv @ 0x6f3bb0
CIRCLE: _ZN7FunctorIvJEE14method_wrapperI10AP_GyroFFTXadL_ZNS2_12sample_gyrosEvEEEEvPv @ 0xa6b500
CIRCLE: _ZN10AP_Vehicle4loopEv @ 0x6f4430
CIRCLE: _ZN12AP_Scheduler4loopEv @ 0x6f46d0
CIRCLE: _ZN12AP_Scheduler17get_loop_period_sEv @ 0xa6e3e0
CIRCLE: _ZN17AP_InertialSensor15wait_for_sampleEv @ 0x6f4c70
CIRCLE: _ZN12AP_Scheduler4tickEv @ 0x6f51b0
CIRCLE: _ZN12AP_Scheduler3runEj @ 0x6f5210
CIRCLE: _ZN2AP8PerfInfo15check_loop_timeEj @ 0x6f57c0
CIRCLE: _ZL15fill_nanf_stackv @ 0x6f5950
CIRCLE: _ZN2AP8PerfInfo16update_task_infoEhtb @ 0x6f59a0
CIRCLE: _ZNK7AP_AHRS24_get_primary_accel_indexEv @ 0x6fc370
CIRCLE: _ZNK7AP_AHRS22_get_primary_IMU_indexEv @ 0x6fc3c0
CIRCLE: _ZNK7NavEKF322getPrimaryCoreIMUIndexEv @ 0x6fc520
CIRCLE: _ZNK17AP_InertialSensor21get_first_usable_gyroEv @ 0xa6e850
CIRCLE: _ZNK12NavEKF3_core11getIMUIndexEv @ 0xa6e8a0
CIRCLE: _ZNK14AP_BattMonitor17has_cell_voltagesEh @ 0x6fc650
CIRCLE: _ZN2AP3EFIEv @ 0x6fcea0
CIRCLE: _ZN6AP_EFI13get_singletonEv @ 0xa6f230
CIRCLE: _ZN7FunctorIvJEE14method_wrapperI10AP_VehicleXadL_ZNS2_18fence_checks_asyncEvEEEEvPv @ 0xa6fbd0
CIRCLE: _ZN13AP_Filesystem5writeEiPKvj @ 0x6fdb10
CIRCLE: _ZL3MAXIjjEDTqugtfp_fp0_fp_fp0_ERKT_RKT0_.4125 @ 0x70c160
CIRCLE: _ZN15ekf_ring_buffer4pushEPKv @ 0x70c1e0
CIRCLE: _ZNK15ekf_ring_buffer10get_offsetEh @ 0x70c2e0
CIRCLE: _ZL7radiansf.4130 @ 0x70d680
CIRCLE: _ZN11QuaternionTIdEC2Edddd @ 0xa74a00
CIRCLE: _ZN11QuaternionTIfEmLERKS0_ @ 0xa74ab0
CIRCLE: _ZN2AP5statsEv @ 0x70fde0
CIRCLE: _ZN8AP_Stats13get_singletonEv @ 0xa759a0
CIRCLE: _ZNK7AP_AHRS8get_gyroEv @ 0xa78420
CIRCLE: _ZNK7AP_AHRS17airspeed_estimateERf @ 0x73b660
CIRCLE: _ZNK17AP_InertialSensor20get_vibration_levelsEv @ 0xa784e0
CIRCLE: _ZNK17AP_InertialSensor20get_vibration_levelsEh @ 0x73b760
CIRCLE: _ZNK10DigitalLPFI7Vector3IfEE3getEv @ 0xa78560
CIRCLE: _ZNK11QuaternionTIdE7is_zeroEv @ 0xa78610
CIRCLE: _ZN12NavEKF3_core18getEarthFieldTableERK8Location @ 0x73ce30
CIRCLE: _ZN14AP_Declination15get_declinationEff @ 0x73cf30
CIRCLE: _ZNK12NavEKF3_core14MagDeclinationEv @ 0x73cfc0
CIRCLE: _ZN12NavEKF3_core8zeroRowsERA24_A24_dhh @ 0x73d0a0
CIRCLE: _ZN12NavEKF3_core8zeroColsERA24_A24_dhh @ 0x73d160
CIRCLE: _ZN18NavEKF_core_common10zero_rangeEPdhh @ 0xa787b0
CIRCLE: _ZN12NavEKF3_core13ForceSymmetryEv @ 0x73e280
CIRCLE: _ZN12NavEKF3_core18ConstrainVariancesEv @ 0x73e3d0
CIRCLE: _ZN11QuaternionTIdE9normalizeEv @ 0xa78840
CIRCLE: _ZNK11QuaternionTIdE6lengthEv @ 0xa78920
CIRCLE: _Z20constrain_value_lineIdET_S0_S0_S0_j @ 0xa789e0
CIRCLE: _Z2sqI9AP_ParamTIfL11ap_var_type4EEEdT_ @ 0xa78b00
CIRCLE: _ZNK9AP_ParamTIfL11ap_var_type4EEcvdEv @ 0xa78b60
CIRCLE: _ZL7radiansf.4333 @ 0x73ee40
CIRCLE: _ZL2sqf.4255 @ 0x73f960
CIRCLE: _ZNK8Location21get_distance_NE_ftypeERKS_ @ 0x73fab0
CIRCLE: _ZN16EKF_IMU_buffer_tIN12NavEKF3_core15output_elementsEEixEj @ 0xa78c80
CIRCLE: _ZNK14ekf_imu_buffer3getEh @ 0x73fd60
CIRCLE: _ZNK14ekf_imu_buffer10get_offsetEh @ 0x73fdc0
CIRCLE: _ZNK14AP_BattMonitor11consumed_whERfh @ 0x741960
CIRCLE: _ZNK6AP_GPS8get_vdopEh @ 0xa78de0
CIRCLE: _ZNK6AP_GPS16last_fix_time_msEh @ 0xa78e50
CIRCLE: _ZNK6AP_GPS20last_message_time_msEh @ 0xa78ec0
CIRCLE: _ZNK6AP_GPS22have_vertical_velocityEh @ 0xa78f30
CIRCLE: _ZNK6AP_GPS18get_antenna_offsetEh @ 0x743ad0
CIRCLE: _ZNK14AP_GPS_Blended18get_antenna_offsetEv @ 0xa78fb0
CIRCLE: _ZNK6AP_GPS11gps_yaw_degEhRfS0_Rj @ 0x743ba0
CIRCLE: _ZNK6AP_GPS11is_rtk_baseEh @ 0x743d90
CIRCLE: _ZNK6AP_GPS12have_gps_yawEh @ 0xa79000
CIRCLE: _ZNK12AP_Proximity10get_statusEv @ 0x744ad0
CIRCLE: _ZNK12AP_Proximity11num_sensorsEv @ 0xa790a0
CIRCLE: _ZNK11RangeFinder11num_sensorsEv @ 0xa790f0
CIRCLE: _ZNK10AP_Vehicle18get_time_flying_msEv @ 0xa795b0
CIRCLE: _ZN12SRV_Channels23get_output_channel_maskEN11SRV_Channel8FunctionE @ 0x74b8f0
CIRCLE: _ZN11SRV_Channel9output_chEv @ 0x74c710
CIRCLE: _ZN11SRV_Channel12set_overrideEb @ 0xa797b0
CIRCLE: _ZN12SRV_Channels17set_output_scaledEN11SRV_Channel8FunctionEf @ 0x74d030
CIRCLE: _ZNK10AP_Mission5stateEv @ 0xa79b70
CIRCLE: _ZN19AP_ServoRelayEvents13update_eventsEv @ 0x756040
CIRCLE: _ZNK9AP_Follow11have_targetEv @ 0x75a5e0
CIRCLE: _ZN9AP_Follow13get_singletonEv @ 0xa7a950
CIRCLE: _ZN18AR_AttitudeControl21get_steering_rate_pidEv @ 0xa7a9e0
CIRCLE: _ZNK6AC_PID12get_pid_infoEv @ 0xa7aa30
CIRCLE: _ZN12AP_Scripting19is_handling_commandEt @ 0x75ef60
CIRCLE: _ZNK7Vector3IfE6is_infEv @ 0xa7b410
CIRCLE: _ZN7Vector2IfE9normalizeEv @ 0xa7b740
CIRCLE: _ZN7Vector2IfEdVEf @ 0xa7b7a0
CIRCLE: _ZNK7Vector2IfE6is_infEv @ 0xa7b820
CIRCLE: _ZL3MAXIjjEDTqugtfp_fp0_fp_fp0_ERKT_RKT0_.5595 @ 0x791640
CIRCLE: _ZN9AP_Logger19file_content_updateEv @ 0x791840
CIRCLE: _ZN9AP_Logger19file_content_updateERNS_11FileContentE @ 0x7919a0
CIRCLE: _ZN9AP_Logger24WriteBlock_first_succeedEPKvt @ 0x791db0
CIRCLE: _ZN17AP_Logger_Backend14periodic_tasksEv @ 0x794200
CIRCLE: _ZNK17AP_Logger_Backend13StartNewLogOKEv @ 0x7945f0
CIRCLE: _ZN17AP_Logger_Backend24WriteMoreStartupMessagesEv @ 0x7946d0
CIRCLE: _ZNK17AP_Logger_Backend15logging_enabledEv @ 0x7966f0
CIRCLE: _ZN17AP_Logger_Backend13periodic_10HzEj @ 0x796820
CIRCLE: _ZN17AP_Logger_Backend12periodic_1HzEv @ 0x796870
CIRCLE: _ZN17AP_Logger_Backend15push_log_blocksEv @ 0x796900
CIRCLE: _ZN17AP_Logger_Backend12df_stats_logEv @ 0x796960
CIRCLE: _ZN17AP_Logger_Backend26Write_AP_Logger_Stats_FileERKNS_8df_statsE @ 0x7969d0
CIRCLE: _ZN17AP_Logger_Backend14df_stats_clearEv @ 0x796ae0
CIRCLE: _ZNK17AP_Logger_Backend31critical_message_reserved_spaceEj @ 0xa7d8f0
CIRCLE: _ZN17AP_Logger_Backend15df_stats_gatherEtj @ 0x798fb0
CIRCLE: _ZNK14AP_Logger_File15logging_startedEv @ 0xa7dd80
CIRCLE: _ZN14AP_Logger_File21bufferspace_availableEv @ 0x79bcb0
CIRCLE: _ZNK14AP_Logger_File14logging_failedEv @ 0x79c2c0
CIRCLE: _ZN14AP_Logger_File8io_timerEv @ 0x79c380
CIRCLE: _ZN14AP_Logger_File12periodic_1HzEv @ 0x79c950
CIRCLE: _ZN14AP_Logger_File17periodic_fullrateEv @ 0x79cc00
CIRCLE: _ZNK14AP_Logger_File8WritesOKEv @ 0x79cc50
CIRCLE: _ZNK14AP_Logger_File13StartNewLogOKEv @ 0x79cce0
CIRCLE: _ZN14AP_Logger_File22_WritePrioritisedBlockEPKvtb @ 0x79ce90
CIRCLE: _ZN7AP_AHRS6updateEb @ 0x79d100
CIRCLE: _ZN7AP_AHRS18update_orientationEv @ 0x79d440
CIRCLE: _ZN17AP_InertialSensor6updateEv @ 0x79d540
CIRCLE: _ZN7AP_AHRS29update_trim_rotation_matricesEv @ 0x79dbb0
CIRCLE: _ZN7AP_AHRS10update_DCMEv @ 0x79dcc0
CIRCLE: _ZN7AP_AHRS12update_flagsEv @ 0x79dd60
CIRCLE: _ZN7AP_AHRS11update_SITLEv @ 0x79de20
CIRCLE: _ZN7AP_AHRS15update_externalEv @ 0x79ded0
CIRCLE: _ZN7AP_AHRS11update_EKF2Ev @ 0x79dff0
CIRCLE: _ZN7AP_AHRS11update_EKF3Ev @ 0x79e4e0
CIRCLE: _ZNK7AP_AHRS14get_gyro_driftEv @ 0xa7dde0
CIRCLE: _ZN7AP_AHRS14update_AOA_SSAEv @ 0x79ecd0
CIRCLE: _ZNK7AP_AHRS16_active_EKF_typeEv @ 0x79ed20
CIRCLE: _ZN7AP_AHRS12update_stateEv @ 0x79f250
CIRCLE: _ZNK7AP_AHRS23_get_primary_gyro_indexEv @ 0x79f4f0
CIRCLE: _ZNK7AP_AHRS23_get_primary_core_indexEv @ 0x79f5a0
CIRCLE: _ZNK7AP_AHRS14_wind_estimateER7Vector3IfE @ 0x79f670
CIRCLE: _ZN15AP_AHRS_Backend11get_EAS2TASEv @ 0x79f7a0
CIRCLE: _ZNK7AP_AHRS13_airspeed_EASERfRNS_20AirspeedEstimateTypeE @ 0x79f7e0
CIRCLE: _ZNK7AP_AHRS13_airspeed_TASERf @ 0x79fd60
CIRCLE: _ZNK7AP_AHRS13_airspeed_TASER7Vector3IfE @ 0x79fe70
CIRCLE: _ZNK7AP_AHRS15_get_quaternionER11QuaternionTIfE @ 0x79ff50
CIRCLE: _ZNK7AP_AHRS23_get_secondary_attitudeER7Vector3IfE @ 0x7a0110
CIRCLE: _ZNK7AP_AHRS25_get_secondary_quaternionER11QuaternionTIfE @ 0x7a0310
CIRCLE: _ZNK7AP_AHRS13_get_locationER8Location @ 0x7a04c0
CIRCLE: _ZNK7AP_AHRS23_get_secondary_positionER8Location @ 0x7a0640
CIRCLE: _ZN7AP_AHRS19_groundspeed_vectorEv @ 0x7a0790
CIRCLE: _ZN7AP_AHRS12_groundspeedEv @ 0x7a08c0
CIRCLE: _ZNK7AP_AHRS29_getCorrectedDeltaVelocityNEDER7Vector3IfERf @ 0x7a0990
CIRCLE: _ZNK7AP_AHRS17_get_velocity_NEDER7Vector3IfE @ 0x7a0c20
CIRCLE: _ZNK7NavEKF39getVelNEDER7Vector3IfE @ 0x7a0de0
CIRCLE: _ZNK12NavEKF3_core9getVelNEDER7Vector3IfE @ 0x7a1110
CIRCLE: _ZNK7NavEKF312getAccelBiasEaR7Vector3IfE @ 0x7a1300
CIRCLE: _ZNK17AP_InertialSensor18get_delta_velocityEhR7Vector3IfERf @ 0x7a13d0
CIRCLE: _ZNK7AP_AHRS43get_rotation_autopilot_body_to_vehicle_bodyEv @ 0xa7ded0
CIRCLE: _ZNK17AP_InertialSensor14get_delta_timeEv @ 0xa7df20
CIRCLE: _ZL3MINIffEDTqultfp_fp0_fp_fp0_ERKT_RKT0_.3149 @ 0x7a1580
CIRCLE: _ZL3MINIffEDTqultfp_fp0_fp_fp0_ERKT_RKT0_.1609 @ 0x7a1610
CIRCLE: _ZNK12NavEKF3_core12getAccelBiasER7Vector3IfE @ 0x7a16a0
CIRCLE: _ZL7radiansf.1596 @ 0x7a1d90
CIRCLE: _ZNK7AP_AHRS23_get_secondary_EKF_typeERNS_7EKFTypeE @ 0x7a1de0
CIRCLE: _ZNK7NavEKF36getLLHER8Location @ 0x7a1fd0
CIRCLE: _ZNK12NavEKF3_core6getLLHER8Location @ 0x7a2070
CIRCLE: _ZNK7AP_AHRS24fallback_active_EKF_typeEv @ 0x7a2640
CIRCLE: _ZNK11AP_AHRS_DCM14get_quaternionER11QuaternionTIfE @ 0x7a2690
CIRCLE: _ZNK7NavEKF313getQuaternionER11QuaternionTIfE @ 0x7a2790
CIRCLE: _ZN11QuaternionTIfE6rotateERK7Vector3IfE @ 0xa7e200
CIRCLE: _ZN11QuaternionTIfE15from_axis_angleE7Vector3IfE @ 0xa7e2b0
CIRCLE: _ZN15AP_ExternalAHRS14get_quaternionER11QuaternionTIfE @ 0x7a2890
CIRCLE: _ZNK12NavEKF3_core13getQuaternionER11QuaternionTIfE @ 0x7a2940
CIRCLE: _ZNK11QuaternionTIdE7tofloatEv @ 0xa7e390
CIRCLE: _ZNK7NavEKF314getEulerAnglesER7Vector3IfE @ 0x7a2af0
CIRCLE: _ZNK7NavEKF312getAirSpdVecER7Vector3IfE @ 0x7a2cd0
CIRCLE: _ZNK12NavEKF3_core12getAirSpdVecER7Vector3IfE @ 0x7a2d70
CIRCLE: _ZNK11QuaternionTIdE7inverseEv @ 0xa7e410
CIRCLE: _ZNK7AP_AHRS25get_active_airspeed_indexEv @ 0x7a3170
CIRCLE: _ZNK7AP_AHRS27_should_use_airspeed_sensorEh @ 0x7a3270
CIRCLE: _ZNK7AP_AHRS27get_wind_estimation_enabledEv @ 0xa7e4c0
CIRCLE: _ZNK7NavEKF37getWindER7Vector3IfE @ 0x7a3580
CIRCLE: _ZNK12NavEKF3_core7getWindER7Vector3IfE @ 0x7a36a0
CIRCLE: _ZN15AP_AHRS_Backend23airspeed_sensor_enabledEh @ 0xa7e580
CIRCLE: _ZNK7AP_AHRS23airspeed_sensor_enabledEh @ 0xa7e660
CIRCLE: _ZNK7AP_AHRS10option_setENS_7OptionsE @ 0xa7e6c0
CIRCLE: _ZNK7NavEKF317getActiveAirspeedEv @ 0x7a3870
CIRCLE: _ZNK12NavEKF3_core17getActiveAirspeedEv @ 0x7a3900
CIRCLE: _ZNK7AP_Baro12_get_EAS2TASEv @ 0x7a3950
CIRCLE: _ZNK7AP_Baro20get_EAS2TAS_extendedEf @ 0x7a39c0
CIRCLE: _ZNK7NavEKF319getPrimaryCoreIndexEv @ 0x7a3c90
CIRCLE: _ZNK7NavEKF326configuredToUseGPSForPosXYEv @ 0x7a3eb0
CIRCLE: _ZNK11AP_AHRS_DCM20yaw_source_availableEv @ 0x7a3f30
CIRCLE: _ZNK16AP_NavEKF_Source14getPosXYSourceEh @ 0xa7e820
CIRCLE: _ZNK7AP_AHRS9calc_trigERK7Matrix3IfERfS4_S4_S4_S4_S4_ @ 0x7a3fe0
CIRCLE: _ZNK9AP_Logger15allow_start_ekfEv @ 0x7a43d0
CIRCLE: _ZN7NavEKF312UpdateFilterEv @ 0x7a4aa0
CIRCLE: _ZNK7NavEKF320getRotationBodyToNEDER7Matrix3IfE @ 0x7a5070
CIRCLE: _ZN7AP_AHRS16update_cd_valuesEv @ 0x7a5100
CIRCLE: _ZN7AP_AHRS11update_trigEv @ 0x7a5240
CIRCLE: _ZNK17AP_InertialSensor22get_first_usable_accelEv @ 0xa7e8a0
CIRCLE: _ZNK7NavEKF311getGyroBiasEaR7Vector3IfE @ 0x7a5320
CIRCLE: _ZN7AP_AHRS32update_notify_from_filter_statusERK17nav_filter_status @ 0x7a53f0
CIRCLE: _ZNK12NavEKF3_core11getGyroBiasER7Vector3IfE @ 0x7a54a0
CIRCLE: _ZL7degreesf.1550 @ 0x7a5580
CIRCLE: _ZN6AP_DAL11start_frameENS_9FrameTypeE @ 0x7a55d0
CIRCLE: _ZNK6AP_DAL8micros64Ev @ 0xa7e8f0
CIRCLE: _ZNK12NavEKF3_core21getFramesSincePredictEv @ 0x7a5ab0
CIRCLE: _ZN6AP_DAL22ekf_low_time_remainingENS_7EKFTypeEh @ 0x7a5b10
CIRCLE: _ZN12NavEKF3_core12UpdateFilterEb @ 0x7a5c50
CIRCLE: _ZNK6AP_DAL9get_armedEv @ 0xa7e940
CIRCLE: _ZN7NavEKF321updateCoreErrorScoresEv @ 0x7a5e80
CIRCLE: _ZN7NavEKF324updateCoreRelativeErrorsEv @ 0x7a5f40
CIRCLE: _ZNK7NavEKF315coreBetterScoreEhh @ 0x7a60e0
CIRCLE: _ZN16AP_NavEKF_Source22align_inactive_sourcesEv @ 0x7a62e0
CIRCLE: _ZNK16AP_NavEKF_Source13getPosZSourceEh @ 0x7a6590
CIRCLE: _ZNK7AP_EnumIN16AP_NavEKF_Source7SourceZEEcvKS1_Ev @ 0xa7ea20
CIRCLE: _ZL3MAXI9AP_ParamTIfL11ap_var_type4EEfEDTqugtfp_fp0_fp_fp0_ERKT_RKT0_.3912 @ 0x7a6770
CIRCLE: _ZN18NavEKF_core_common22fill_scratch_variablesEv @ 0x7a6800
CIRCLE: _ZN12NavEKF3_core23update_sensor_selectionEv @ 0x7a68a0
CIRCLE: _ZN12NavEKF3_core18controlFilterModesEv @ 0x7a6910
CIRCLE: _ZN12NavEKF3_core11readIMUDataEb @ 0x7a69e0
CIRCLE: _ZN12NavEKF3_core27UpdateStrapdownEquationsNEDEv @ 0x7a72b0
CIRCLE: _ZN12NavEKF3_core20CovariancePredictionEP7Vector3IdE @ 0x7a7790
CIRCLE: _ZN12NavEKF3_core25runYawEstimatorPredictionEv @ 0x7b1f80
CIRCLE: _ZN12NavEKF3_core15SelectMagFusionEv @ 0x7b20e0
CIRCLE: _ZN12NavEKF3_core18SelectVelPosFusionEv @ 0x7b2e10
CIRCLE: _ZN12NavEKF3_core25runYawEstimatorCorrectionEv @ 0x7b37d0
CIRCLE: _ZN12NavEKF3_core18SelectRngBcnFusionEv @ 0x7b39c0
CIRCLE: _ZN12NavEKF3_core16SelectFlowFusionEv @ 0x7b3af0
CIRCLE: _ZN12NavEKF3_core20SelectBodyOdomFusionEv @ 0x7b3dd0
CIRCLE: _ZN12NavEKF3_core15SelectTasFusionEv @ 0x7b4080
CIRCLE: _ZN12NavEKF3_core20SelectBetaDragFusionEv @ 0x7b4180
CIRCLE: _ZN12NavEKF3_core18updateFilterStatusEv @ 0x7b4440
CIRCLE: _ZN12NavEKF3_core13moveEKFOriginEv @ 0x7b4d80
CIRCLE: _ZN12NavEKF3_core21checkUpdateEarthFieldEv @ 0x7b4f30
CIRCLE: _ZN12NavEKF3_core16calcOutputStatesEv @ 0x7b4ff0
CIRCLE: _ZN12NavEKF3_core11readMagDataEv @ 0x7b6340
CIRCLE: _ZN12NavEKF3_core11readGpsDataEv @ 0x7b6850
CIRCLE: _ZN12NavEKF3_core14readGpsYawDataEv @ 0x7b71e0
CIRCLE: _ZN12NavEKF3_core12readBaroDataEv @ 0x7b7310
CIRCLE: _ZN6AP_DAL3insEv @ 0xa7ead0
CIRCLE: _ZNK21AP_DAL_InertialSensor9get_accelEh @ 0xa7eb20
CIRCLE: _ZL2sqf.4316 @ 0x7b9340
CIRCLE: _ZNK16AP_NavEKF_Source13useVelZSourceENS_7SourceZEh @ 0x7b94b0
CIRCLE: _ZNK12NavEKF3_core26CorrectGPSForAntennaOffsetERNS_12gps_elementsE @ 0x7b95e0
CIRCLE: _ZNK10AP_DAL_GPS18get_antenna_offsetEh @ 0xa7edf0
CIRCLE: _ZNK7Vector3IdErmERKS0_ @ 0xa7ee60
CIRCLE: _ZNK7Matrix3IdE13mul_transposeERK7Vector3IdE @ 0xa7ef40
CIRCLE: _ZN7Vector3IdEdVEd @ 0xa7f050
CIRCLE: _ZNK21AP_DAL_InertialSensor16get_loop_delta_tEv @ 0xa7f0e0
CIRCLE: _ZNK14AP_DAL_Compass16get_first_usableEv @ 0xa7f500
CIRCLE: _ZNK11AP_DAL_Baro15get_last_updateEh @ 0xa7f770
CIRCLE: _ZNK11AP_DAL_Baro12get_altitudeEh @ 0xa7f7e0
CIRCLE: _ZN16EKF_obs_buffer_tIN12NavEKF3_core13baro_elementsEE4pushERKS1_ @ 0xa7f850
CIRCLE: _ZNK10AP_DAL_GPS11gps_yaw_degEhRfS0_Rj @ 0xa7f8c0
CIRCLE: _ZL3MAXIfdEDTqugtfp_fp0_fp_fp0_ERKT_RKT0_ @ 0x7b9fe0
CIRCLE: _ZNK10AP_DAL_GPS20last_message_time_msEh @ 0xa7f9e0
CIRCLE: _ZNK10AP_DAL_GPS7get_lagEhRf @ 0xa7fa50
CIRCLE: _ZL3MINIjjEDTqultfp_fp0_fp_fp0_ERKT_RKT0_.4133 @ 0x7ba1e0
CIRCLE: _ZNK10AP_DAL_GPS8velocityEh @ 0xa7fb00
CIRCLE: _ZNK10AP_DAL_GPS22have_vertical_velocityEh @ 0xa7fb70
CIRCLE: _ZNK10AP_DAL_GPS14speed_accuracyEhRf @ 0xa7fbf0
CIRCLE: _ZL3MAXIdfEDTqugtfp_fp0_fp_fp0_ERKT_RKT0_.4129 @ 0x7ba260
CIRCLE: _ZL3MINIdfEDTqultfp_fp0_fp_fp0_ERKT_RKT0_ @ 0x7ba300
CIRCLE: _ZL3MAXId9AP_ParamTIfL11ap_var_type4EEEDTqugtfp_fp0_fp_fp0_ERKT_RKT0_ @ 0x7ba3a0
CIRCLE: _ZNK10AP_DAL_GPS19horizontal_accuracyEhRf @ 0xa7fca0
CIRCLE: _ZNK10AP_DAL_GPS17vertical_accuracyEhRf @ 0xa7fd50
CIRCLE: _ZNK10AP_DAL_GPS8num_satsEh @ 0xa7fe00
CIRCLE: _ZN12NavEKF3_core18calcGpsGoodToAlignEv @ 0x7ba450
CIRCLE: _ZN12NavEKF3_core20calcGpsGoodForFlightEv @ 0x7bb3b0
CIRCLE: _ZN16EKF_obs_buffer_tIN12NavEKF3_core12gps_elementsEE4pushERKS1_ @ 0xa7fe70
CIRCLE: _ZL3MAXIddEDTqugtfp_fp0_fp_fp0_ERKT_RKT0_.4294 @ 0x7bb870
CIRCLE: _ZL3MINIdfEDTqultfp_fp0_fp_fp0_ERKT_RKT0_.4281 @ 0x7bb8f0
CIRCLE: _ZNK10AP_DAL_GPS8get_hdopEh @ 0xa7fee0
CIRCLE: _ZNK14AP_DAL_Compass9availableEv @ 0xa7ff50
CIRCLE: _ZNK14AP_DAL_Compass9get_countEv @ 0xa7ffb0
CIRCLE: _ZNK14AP_DAL_Compass21learn_offsets_enabledEv @ 0xa80000
CIRCLE: _ZNK14AP_DAL_Compass7healthyEh @ 0xa80060
CIRCLE: _ZNK14AP_DAL_Compass16last_update_usecEh @ 0xa800d0
CIRCLE: _ZNK14AP_DAL_Compass11get_offsetsEh @ 0xa80140
CIRCLE: _ZNK7Vector3IdEneERKS0_ @ 0xa801b0
CIRCLE: _ZN12NavEKF3_core12mag_elementsC2Ev @ 0xa80280
CIRCLE: _ZNK14AP_DAL_Compass9get_fieldEh @ 0xa802e0
CIRCLE: _ZNK14AP_DAL_Compass10consistentEv @ 0xa80350
CIRCLE: _ZN16EKF_obs_buffer_tIN12NavEKF3_core12mag_elementsEE4pushERKS1_ @ 0xa803b0
CIRCLE: _Z8is_equalIddENSt3__19enable_ifIXsr3std17is_floating_pointINS0_11common_typeIJT_T0_EE4typeEEE5valueEbE4typeES3_S4_ @ 0xa80420
CIRCLE: _ZN12NavEKF3_core17correctDeltaAngleER7Vector3IdEdh @ 0x7bbbd0
CIRCLE: _ZN12NavEKF3_core20correctDeltaVelocityER7Vector3IdEdh @ 0x7bbc90
CIRCLE: _ZN11QuaternionTIdEC2Ev @ 0xa804a0
CIRCLE: _ZN11QuaternionTIdE15from_axis_angleE7Vector3IdE @ 0xa80510
CIRCLE: _ZN11QuaternionTIdEmLERKS0_ @ 0xa805d0
CIRCLE: _ZNK11QuaternionTIdE15rotation_matrixER7Matrix3IdE @ 0xa80770
CIRCLE: _ZNK21AP_DAL_InertialSensor8get_gyroEh @ 0xa80960
CIRCLE: _ZNK6AP_DAL20get_takeoff_expectedEv @ 0xa80a70
CIRCLE: _ZN16EKF_IMU_buffer_tIN12NavEKF3_core12imu_elementsEE18get_youngest_indexEv @ 0xa80ae0
CIRCLE: _ZN16EKF_IMU_buffer_tIN12NavEKF3_core12imu_elementsEE16get_oldest_indexEv @ 0xa80b40
CIRCLE: _ZNK11QuaternionTIdEdvERKS0_ @ 0xa80ba0
CIRCLE: _ZN11QuaternionTIdEixEh @ 0xa80dc0
CIRCLE: _ZL3MAXIddEDTqugtfp_fp0_fp_fp0_ERKT_RKT0_.4344 @ 0x7bbdb0
CIRCLE: _ZN12NavEKF3_core15output_elementsC2Ev @ 0xa80e30
CIRCLE: _ZNK14ekf_imu_buffer16get_oldest_indexEv @ 0xa80eb0
CIRCLE: _ZNK14ekf_imu_buffer18get_youngest_indexEv @ 0xa80f00
CIRCLE: _ZN11QuaternionTIdE15from_axis_angleERK7Vector3IdEd @ 0xa80f50
CIRCLE: _ZNK6AP_DAL22get_touchdown_expectedEv @ 0xa81070
CIRCLE: _ZNK6AP_DAL11get_EAS2TASEv @ 0xa81150
CIRCLE: _ZN7Vector3IdEixEh @ 0xa81210
CIRCLE: _ZNK7Vector3IdEixEh @ 0xa81280
CIRCLE: _ZN7Vector2IdEixEh @ 0xa812f0
CIRCLE: _ZN15ekf_ring_buffer6recallEPvj @ 0x7c2910
CIRCLE: _ZNK15ekf_ring_buffer7time_msEh @ 0x7c2a70
CIRCLE: _ZN12NavEKF3_core14readAirSpdDataEv @ 0x7c2ae0
CIRCLE: _ZNK12NavEKF3_core11useAirspeedEv @ 0x7c47b0
CIRCLE: _ZNK6AP_DAL23airspeed_sensor_enabledEv @ 0xa81610
CIRCLE: _ZN16EKF_obs_buffer_tIN12NavEKF3_core16vel_odm_elementsEE6recallERS1_j @ 0xa81680
CIRCLE: _ZN16EKF_obs_buffer_tIN12NavEKF3_core18wheel_odm_elementsEE6recallERS1_j @ 0xa81700
CIRCLE: _ZN12NavEKF3_core11of_elementsC2Ev @ 0xa81780
CIRCLE: _ZN16EKF_obs_buffer_tIN12NavEKF3_core11of_elementsEE6recallERS1_j @ 0xa81810
CIRCLE: _ZNK7Vector2IdEixEh @ 0xa81890
CIRCLE: _ZN12NavEKF3_core14readRngBcnDataEv @ 0x7d1700
CIRCLE: _ZN10EKFGSF_yaw11fuseVelDataERK7Vector2IdEd @ 0x7d53b0
CIRCLE: _ZNK12NavEKF3_core13EKFGSF_getYawERdS0_ @ 0x7d57b0
CIRCLE: _ZNK11QuaternionTIdE8to_eulerERdS1_S1_ @ 0xa81d60
CIRCLE: _ZNK11QuaternionTIdE12to_vector312Ev @ 0xa81e10
CIRCLE: _ZN7Matrix3IdE13from_euler312Eddd @ 0xa82150
CIRCLE: _ZNK7Matrix3IdE11to_euler312Ev @ 0xa827f0
CIRCLE: _ZN7Matrix3IdEixEh @ 0xa828e0
CIRCLE: _ZNK10EKFGSF_yaw10getYawDataERdS0_Ph @ 0x7d6120
CIRCLE: _ZL7radiansf.4097 @ 0x7d6200
CIRCLE: _ZL2sqf.4095 @ 0x7d6250
CIRCLE: _ZNK10EKFGSF_yaw17getVelInnovLengthERd @ 0x7d62a0
CIRCLE: _ZN10EKFGSF_yaw7correctEhRK7Vector2IdEd @ 0x7d67c0
CIRCLE: _ZNK10EKFGSF_yaw15gaussianDensityEh @ 0x7d7b80
CIRCLE: _ZL3MAXIdfEDTqugtfp_fp0_fp_fp0_ERKT_RKT0_.3598 @ 0x7d7f00
CIRCLE: _ZN10EKFGSF_yaw13forceSymmetryEh @ 0x7d7fa0
CIRCLE: _ZN16EKF_obs_buffer_tIN12NavEKF3_core16ext_nav_elementsEE6recallERS1_j @ 0xa82a50
CIRCLE: _ZN16EKF_obs_buffer_tIN12NavEKF3_core20ext_nav_vel_elementsEE6recallERS1_j @ 0xa82ad0
CIRCLE: _ZNK12NavEKF3_core35CalculateVelInnovationsAndVariancesERK7Vector3IdEddRS1_S4_ @ 0x7d84d0
CIRCLE: _ZN16EKF_obs_buffer_tIN12NavEKF3_core12gps_elementsEE6recallERS1_j @ 0xa82b50
CIRCLE: _ZN12NavEKF3_core21selectHeightForFusionEv @ 0x7d8b10
CIRCLE: _ZN12NavEKF3_core13FuseVelPosNEDEv @ 0x7da010
CIRCLE: _ZL3MAXIdfEDTqugtfp_fp0_fp_fp0_ERKT_RKT0_.4269 @ 0x7dc360
CIRCLE: _ZL3MAXI9AP_ParamTIfL11ap_var_type4EEfEDTqugtfp_fp0_fp_fp0_ERKT_RKT0_.4270 @ 0x7dc400
CIRCLE: _ZN12NavEKF3_core15readRangeFinderEv @ 0x7dc490
CIRCLE: _ZN16EKF_obs_buffer_tIN12NavEKF3_core14range_elementsEE6recallERS1_j @ 0xa82bd0
CIRCLE: _ZN16EKF_obs_buffer_tIN12NavEKF3_core13baro_elementsEE6recallERS1_j @ 0xa82ca0
CIRCLE: _ZL3MAXIddEDTqugtfp_fp0_fp_fp0_ERKT_RKT0_.4118 @ 0x7dd060
CIRCLE: _ZL3MAXI9AP_ParamTIfL11ap_var_type4EEfEDTqugtfp_fp0_fp_fp0_ERKT_RKT0_.4107 @ 0x7dd230
CIRCLE: _ZN12NavEKF3_core12fuseEulerYawENS_15yawFusionMethodE @ 0x7dd2c0
CIRCLE: _ZN16EKF_obs_buffer_tIN12NavEKF3_core12yaw_elementsEE6recallERS1_j @ 0xa82f30
CIRCLE: _ZN16EKF_obs_buffer_tIN12NavEKF3_core12mag_elementsEE6recallERS1_j @ 0xa82fb0
CIRCLE: _ZN12NavEKF3_core18controlMagYawResetEv @ 0x7df260
CIRCLE: _ZNK7Matrix3IdEixEh @ 0xa83180
CIRCLE: _ZL3MAXIdfEDTqugtfp_fp0_fp_fp0_ERKT_RKT0_.4105 @ 0x7e60b0
CIRCLE: _ZN12NavEKF3_core17MagTableConstrainEv @ 0x7e6150
CIRCLE: _ZNK11QuaternionTIdE13to_axis_angleER7Vector3IdE @ 0xa831f0
CIRCLE: _ZN10EKFGSF_yaw6updateERK7Vector3IdES3_ddbd @ 0x7e68d0
CIRCLE: _ZN10EKFGSF_yaw7predictEh @ 0x7e7360
CIRCLE: _ZN10EKFGSF_yaw11predictAHRSEh @ 0x7e7eb0
CIRCLE: _ZL7radiansf.3596 @ 0x7e8430
CIRCLE: _ZL2sqf.3597 @ 0x7e8480
CIRCLE: _ZNK10EKFGSF_yaw12updateRotMatERK7Matrix3IdERK7Vector3IdE @ 0x7e84d0
CIRCLE: _ZN12NavEKF3_core21calcTiltErrorVarianceEv @ 0x7e8db0
CIRCLE: _ZN12NavEKF3_core23verifyTiltErrorVarianceEv @ 0x7e9490
CIRCLE: _ZL3MINIffEDTqultfp_fp0_fp_fp0_ERKT_RKT0_.4336 @ 0x7e9890
CIRCLE: _ZN11QuaternionTIdE6rotateERK7Vector3IdE @ 0xa837b0
CIRCLE: _ZN12NavEKF3_core15ConstrainStatesEv @ 0x7e9920
CIRCLE: _ZNK21AP_DAL_InertialSensor9use_accelEh @ 0xa83870
CIRCLE: _ZNK21AP_DAL_InertialSensor8use_gyroEh @ 0xa83940
CIRCLE: _ZN12NavEKF3_core19learnInactiveBiasesEv @ 0x7e9d60
CIRCLE: _ZN12NavEKF3_core19updateMovementCheckEv @ 0x7ea2d0
CIRCLE: _ZN12NavEKF3_core17readDeltaVelocityEhR7Vector3IdERd @ 0x7eab70
CIRCLE: _ZNK21AP_DAL_InertialSensor18get_imu_pos_offsetEh @ 0xa83a10
CIRCLE: _ZN12NavEKF3_core14readDeltaAngleEhR7Vector3IdERd @ 0x7eacc0
CIRCLE: _ZN16EKF_IMU_buffer_tIN12NavEKF3_core12imu_elementsEE21push_youngest_elementES1_ @ 0xa83a80
CIRCLE: _ZN12NavEKF3_core14SampleDragDataERKNS_12imu_elementsE @ 0x7eade0
CIRCLE: _ZN16EKF_IMU_buffer_tIN12NavEKF3_core12imu_elementsEE18get_oldest_elementEv @ 0xa83ae0
CIRCLE: _ZN12NavEKF3_core22updateTimingStatisticsEv @ 0x7eb090
CIRCLE: _ZL3MINIfdEDTqultfp_fp0_fp_fp0_ERKT_RKT0_ @ 0x7eb340
CIRCLE: _ZN12NavEKF3_core12imu_elementsC2Ev @ 0xa83b60
CIRCLE: _ZN14ekf_imu_buffer18get_oldest_elementEPv @ 0x7eb3e0
CIRCLE: _ZN14ekf_imu_buffer21push_youngest_elementEPKv @ 0x7eb4a0
CIRCLE: _ZNK21AP_DAL_InertialSensor14get_gyro_countEv @ 0xa83c40
CIRCLE: _ZNK21AP_DAL_InertialSensor15get_delta_angleEhR7Vector3IfERf @ 0xa83c90
CIRCLE: _ZNK21AP_DAL_InertialSensor15get_accel_countEv @ 0xa83d90
CIRCLE: _ZNK21AP_DAL_InertialSensor18get_delta_velocityEhR7Vector3IfERf @ 0xa83de0
CIRCLE: _ZL7radiansi.4131 @ 0x7eb590
CIRCLE: _ZN12NavEKF3_core12detectFlightEv @ 0x7eb5f0
CIRCLE: _ZN12NavEKF3_core27setWindMagStateLearningModeEv @ 0x7ebab0
CIRCLE: _ZN12NavEKF3_core28checkAttitudeAlignmentStatusEv @ 0x7ec350
CIRCLE: _ZN12NavEKF3_core13setAidingModeEv @ 0x7ec460
CIRCLE: _ZN12NavEKF3_core12setYawSourceEv @ 0x7ed3d0
CIRCLE: _ZN12NavEKF3_core18checkGyroCalStatusEv @ 0x7ed4a0
CIRCLE: _ZL3MINIttEDTqultfp_fp0_fp_fp0_ERKT_RKT0_ @ 0x7edb80
CIRCLE: _ZL7radiansd.4050 @ 0x7edc00
CIRCLE: _ZN12NavEKF3_core19updateStateIndexLimEv @ 0x7edcf0
CIRCLE: _ZNK6AP_DAL18get_time_flying_msEv @ 0xa83ed0
CIRCLE: _ZN12NavEKF3_core20update_gps_selectionEv @ 0x7edee0
CIRCLE: _ZN12NavEKF3_core20update_mag_selectionEv @ 0x7edfe0
CIRCLE: _ZN12NavEKF3_core21update_baro_selectionEv @ 0x7ee120
CIRCLE: _ZN12NavEKF3_core25update_airspeed_selectionEv @ 0x7ee200
CIRCLE: _ZNK11AP_DAL_Baro11get_primaryEv @ 0xa83f70
CIRCLE: _Z9fill_nanfPdt @ 0x7ee310
CIRCLE: _ZNK17AP_InertialSensor20get_last_update_usecEv @ 0xa84030
CIRCLE: _ZNK17AP_InertialSensor16get_loop_delta_tEv @ 0xa84080
CIRCLE: _ZNK7AP_AHRS17get_vehicle_classEv @ 0xa840d0
CIRCLE: _ZNK7AP_AHRS20get_takeoff_expectedEv @ 0xa84120
CIRCLE: _ZNK7AP_AHRS22get_touchdown_expectedEv @ 0xa84180
CIRCLE: _ZNK7AP_AHRS8get_trimEv @ 0xa841e0
CIRCLE: _ZN2AP12wheelencoderEv @ 0x7ee730
CIRCLE: _ZNK15AP_WheelEncoder11num_sensorsEv @ 0xa84240
CIRCLE: _ZNK7AP_AHRS43get_rotation_vehicle_body_to_autopilot_bodyEv @ 0xa84290
CIRCLE: _ZN21AP_DAL_InertialSensor11start_frameEv @ 0x7ee770
CIRCLE: _ZN11AP_DAL_Baro11start_frameEv @ 0x7ee9f0
CIRCLE: _ZN10AP_DAL_GPS11start_frameEv @ 0x7eeb60
CIRCLE: _ZN14AP_DAL_Compass11start_frameEv @ 0x7eef60
CIRCLE: _ZNK9AP_Beacon7enabledEv @ 0x7efa10
CIRCLE: _ZNK9AP_Beacon12device_readyEv @ 0x7efd50
CIRCLE: _ZNK7AP_EnumIN9AP_Beacon4TypeEEcvKS1_Ev @ 0xa84340
CIRCLE: _ZNK7Compass24auto_declination_enabledEv @ 0xa84490
CIRCLE: _ZNK7Compass15get_declinationEv @ 0x7efec0
CIRCLE: _ZNK7Compass15get_num_enabledEv @ 0x7eff20
CIRCLE: _ZNK7Compass16get_first_usableEv @ 0xa84500
CIRCLE: _ZNK7Compass17have_scale_factorEh @ 0x7effe0
CIRCLE: _ZNK7Compass16last_update_usecEh @ 0xa84550
CIRCLE: _ZNK14typesafe_indexIh14TAG_StateIndexEgeERKh @ 0xa845d0
CIRCLE: _ZNK7AP_Baro11get_primaryEv @ 0xa84640
CIRCLE: _ZNK7AP_Baro15get_last_updateEh @ 0xa84690
CIRCLE: _ZNK17AP_InertialSensor16get_loop_rate_hzEv @ 0xa84700
CIRCLE: _ZNK17AP_InertialSensor15get_delta_angleEhR7Vector3IfERf @ 0x7f0120
CIRCLE: _ZN21AP_DAL_InertialSensor15update_filteredEh @ 0x7f02f0
CIRCLE: _ZNK17AP_InertialSensor18get_imu_pos_offsetEh @ 0xa84750
CIRCLE: _ZNK17AP_InertialSensor10_accel_posEh @ 0xa847b0
CIRCLE: _ZN17AP_InertialSensor10_accel_posEh @ 0xa84810
CIRCLE: _ZN15AP_WheelEncoder13get_singletonEv @ 0xa84880
CIRCLE: _ZN7NavEKF216InitialiseFilterEv @ 0x7f2d80
CIRCLE: _ZNK6AP_DAL12get_ekf_typeEv @ 0xa87070
CIRCLE: _ZN16AP_AHRS_External6updateEv @ 0x826160
CIRCLE: _ZN16AP_AHRS_External11get_resultsERN15AP_AHRS_Backend9EstimatesE @ 0x8261b0
CIRCLE: _ZN7AP_AHRS37copy_estimates_from_backend_estimatesERKN15AP_AHRS_Backend9EstimatesE @ 0x826400
CIRCLE: _ZN15AP_ExternalAHRS6updateEv @ 0x8266e0
CIRCLE: _ZL7degreesf.9850 @ 0x826a10
CIRCLE: _ZN11AP_AHRS_SIM6updateEv @ 0xa87c30
CIRCLE: _ZN11AP_AHRS_SIM11get_resultsERN15AP_AHRS_Backend9EstimatesE @ 0x826a60
CIRCLE: _ZN11AP_AHRS_DCM6updateEv @ 0x827640
CIRCLE: _ZN11AP_AHRS_DCM11get_resultsERN15AP_AHRS_Backend9EstimatesE @ 0x827960
CIRCLE: _ZN11AP_AHRS_DCM13matrix_updateEv @ 0x827a80
CIRCLE: _ZN11AP_AHRS_DCM9normalizeEv @ 0x827cd0
CIRCLE: _ZN11AP_AHRS_DCM16drift_correctionEf @ 0x827ef0
CIRCLE: _ZN11AP_AHRS_DCM12check_matrixEv @ 0x829250
CIRCLE: _ZN11AP_AHRS_DCM15backup_attitudeEv @ 0x829350
CIRCLE: _ZNK11AP_AHRS_DCM12get_error_rpEv @ 0xa87cf0
CIRCLE: _ZNK11AP_AHRS_DCM13get_error_yawEv @ 0xa87d40
CIRCLE: _ZN7Matrix3IfE6is_nanEv @ 0xa87d90
CIRCLE: _ZN11AP_AHRS_DCM20drift_correction_yawEv @ 0x829840
CIRCLE: _ZNK6AP_GPS16last_fix_time_msEv @ 0xa87ea0
CIRCLE: _ZL3MAXIfiEDTqugtfp_fp0_fp_fp0_ERKT_RKT0_.1607 @ 0x829d60
CIRCLE: _ZNK11AP_AHRS_DCM26should_correct_centrifugalEv @ 0x829e00
CIRCLE: _ZN11AP_AHRS_DCM10ra_delayedEhRK7Vector3IfE @ 0x829e50
CIRCLE: _ZNK17AP_InertialSensor7healthyEv @ 0xa87f00
CIRCLE: _ZN11AP_AHRS_DCM7_P_gainEf @ 0x829f50
CIRCLE: _ZNK11AP_AHRS_DCM14use_fast_gainsEv @ 0x82a030
CIRCLE: _ZL7radiansi.1608 @ 0x82a0c0
CIRCLE: _ZNK17AP_InertialSensor19get_gyro_drift_rateEv @ 0xa87f80
CIRCLE: _ZNK17AP_InertialSensor15get_gyro_healthEv @ 0xa87fd0
CIRCLE: _ZNK17AP_InertialSensor16get_accel_healthEv @ 0xa88030
CIRCLE: _ZNK7Compass16last_update_usecEv @ 0xa88090
CIRCLE: _ZN7Compass4readEv @ 0x82a120
CIRCLE: _ZN11AP_AHRS_DCM17yaw_error_compassER7Compass @ 0x82a4f0
CIRCLE: _ZNK11AP_AHRS_DCM9_yaw_gainEv @ 0x82a670
CIRCLE: _ZNK7Matrix3IfE5mulXYERK7Vector3IfE @ 0xa880f0
CIRCLE: _ZNK7Vector2IfErmERKS0_ @ 0xa881c0
CIRCLE: _ZN7Compass15_detect_runtimeEv @ 0x82a820
CIRCLE: _ZN9AP_Logger13Write_CompassEv @ 0x82ab50
CIRCLE: _ZN19RestrictIDTypeArrayI9AP_ParamTIaL11ap_var_type1EELj3E14typesafe_indexIh12TAG_PriorityEEixERKS5_ @ 0xa88240
CIRCLE: _ZN9AP_Logger22Write_Compass_instanceEmh @ 0x82abf0
CIRCLE: _ZNK7Compass17get_motor_offsetsEh @ 0xa882c0
CIRCLE: _ZN18AP_Compass_Backend25drain_accumulated_samplesEhPK7Vector3IfE @ 0x82cb20
CIRCLE: _ZN18AP_Compass_Backend22publish_filtered_fieldERK7Vector3IfEh @ 0x82cca0
CIRCLE: _ZN11AP_AHRS_DCM6renormERK7Vector3IfERS1_ @ 0x82cd60
CIRCLE: _ZNK17AP_InertialSensor15get_delta_angleER7Vector3IfERf @ 0xa88b40
CIRCLE: _ZNK7Vector3IfEeqERKS0_ @ 0xa88bd0
CIRCLE: _ZNK14AP_Logger_File17recent_open_errorEv @ 0x82d110
CIRCLE: _ZNK14AP_Logger_File15io_thread_aliveEv @ 0x82d1a0
CIRCLE: _ZN14AP_Logger_File16disk_space_availEv @ 0x82d530
CIRCLE: _ZL3MINIjjEDTqultfp_fp0_fp_fp0_ERKT_RKT0_.5718 @ 0x82d610
CIRCLE: _ZN13AP_Filesystem17bytes_until_fsyncEi @ 0x82d690
CIRCLE: _ZN13AP_Filesystem9disk_freeEPKc @ 0x82d710
CIRCLE: _ZN2AP4rssiEv @ 0x834950
CIRCLE: _ZNK7AP_RSSI7enabledEv @ 0xa89480
CIRCLE: _ZN7AP_RSSI13get_singletonEv @ 0x835180
CIRCLE: _ZN13AP_CANManager20check_logging_enableEv @ 0x836140
CIRCLE: _ZN7FunctorIvJEE14method_wrapperI13AP_CANManagerXadL_ZNS2_20check_logging_enableEvEEEEvPv @ 0xa89ab0
CIRCLE: _ZNK13AP_CANManager15CANIface_Params13option_is_setENS0_7OptionsE @ 0xa89b60
CIRCLE: _ZNK24AP_Proximity_Boundary_3D15get_next_sectorEh @ 0xa97f80
CIRCLE: _ZNK22AP_BattMonitor_Backend13option_is_setEN21AP_BattMonitor_Params7OptionsE @ 0xa9b9e0
CIRCLE: _ZN22AP_BattMonitor_Backend15update_consumedERN14AP_BattMonitor17BattMonitor_StateEj @ 0x858240
CIRCLE: _ZN22AP_BattMonitor_Backend13calculate_mahEff @ 0xa9ba70
CIRCLE: _ZN18AP_Compass_Backend17accumulate_sampleER7Vector3IfEhj @ 0x85a550
CIRCLE: _ZN18AP_Compass_Backend12rotate_fieldER7Vector3IfEh @ 0x85a6d0
CIRCLE: _ZN18AP_Compass_Backend17publish_raw_fieldERK7Vector3IfEh @ 0x85a7c0
CIRCLE: _ZN18AP_Compass_Backend13correct_fieldER7Vector3IfEh @ 0x85a8d0
CIRCLE: _ZN18AP_Compass_Backend8field_okERK7Vector3IfE @ 0x85acd0
CIRCLE: _ZNK7Compass16get_filter_rangeEv @ 0xa9dd90
CIRCLE: _ZNK16Compass_PerMotor7enabledEv @ 0xa9ddf0
CIRCLE: _ZN7Compass13_get_priorityE14typesafe_indexIh14TAG_StateIndexE @ 0xa9de60
CIRCLE: _ZN14AP_GPS_Backend15set_alt_amsl_cmERN6AP_GPS9GPS_StateEi @ 0x85f3a0
CIRCLE: _ZN16JitterCorrection31correct_offboard_timestamp_usecEmm @ 0x85f5b0
CIRCLE: _ZNK14AP_GPS_Backend10option_setEN6AP_GPS13DriverOptionsE @ 0xaa0ff0
CIRCLE: _ZNK6AP_GPS10option_setENS_13DriverOptionsE @ 0xaa1060
CIRCLE: _ZN6AP_RTC12set_utc_usecEmNS_11source_typeE @ 0x860020
CIRCLE: _ZNK11GCS_MAVLINK14option_enabledENS_6OptionE @ 0xaa34f0
CIRCLE: _ZNK16AP_SerialManager9UARTState12get_protocolEv @ 0xaa3570
CIRCLE: _ZN2AP8PerfInfo13set_loop_rateEt @ 0x872540
CIRCLE: _ZN2AP8PerfInfo5resetEv @ 0x872600
CIRCLE: _ZNK3GCS43min_loop_time_remaining_for_message_send_usEv @ 0xaa3d30
CIRCLE: _ZNK3GCS26min_status_for_gps_healthyEv @ 0xaa3ec0
CIRCLE: _ZN5Rover8set_modeEh10ModeReason @ 0x8732e0
CIRCLE: _ZNK5Rover29current_mode_requires_missionEv @ 0xaa4270
CIRCLE: _ZNK5Rover17get_wp_distance_mERf @ 0x873dc0
CIRCLE: _ZNK5Rover18get_wp_bearing_degERf @ 0x873e70
CIRCLE: _ZNK5Rover25get_wp_crosstrack_error_mERf @ 0x873f20
CIRCLE: _ZN5Rover20set_control_channelsEv @ 0x874c20
CIRCLE: _ZN5Rover18fence_checks_asyncEv @ 0x874f00
CIRCLE: _ZN6AP_HAL15timeout_expiredIjjjEEbT_T0_T1_ @ 0xaa4390
CIRCLE: _ZN8AC_Fence5checkEb @ 0x875020
CIRCLE: _ZN8AC_Fence19clear_margin_breachEh @ 0x875430
CIRCLE: _ZNK8AC_Fence18get_enabled_fencesEv @ 0x875e20
CIRCLE: _ZN5Rover2rcEv @ 0xaa44e0
CIRCLE: _ZN10RC_Channel9set_angleEt @ 0x876170
CIRCLE: _ZN8Sailboat10init_rc_inEv @ 0x876260
CIRCLE: _ZN6AP_HAL8RCOutput15set_esc_scalingEtt @ 0xaa4530
CIRCLE: _ZN12SRV_Channels19set_esc_scaling_forEN11SRV_Channel8FunctionE @ 0x8764c0
CIRCLE: _ZNK5Rover13is_balancebotEv @ 0x876aa0
CIRCLE: _ZN8AP_Param15save_io_handlerEv @ 0x877350
CIRCLE: _ZN7FunctorIvJEE14method_wrapperI8AP_ParamXadL_ZNS2_15save_io_handlerEvEEEEvPv @ 0xaa46e0
CIRCLE: _ZN15ObjectBuffer_TSIN8AP_Param10param_saveEE3popERS1_ @ 0xaa4790
CIRCLE: _ZN5Rover11notify_modeEPK4Mode @ 0x877450
CIRCLE: _ZN5Rover3gcsEv @ 0xaa4870
CIRCLE: _ZN12SRV_Channels17enable_aux_servosEv @ 0x87b780
CIRCLE: _ZL21failsafe_check_staticv @ 0x87d310
CIRCLE: _ZN5Rover8set_modeER4Mode10ModeReason @ 0x87d8a0
CIRCLE: _ZN5Rover18mode_from_mode_numEN4Mode6NumberE @ 0x87de10
CIRCLE: _ZNK5Rover7is_boatEv @ 0x87e250
CIRCLE: _ZNK8Sailboat12tack_enabledEv @ 0x87e2c0
CIRCLE: _ZN10RC_Channel16read_mode_switchEv @ 0x87e800
CIRCLE: _ZN10RC_Channel16read_6pos_switchERa @ 0x87e880
CIRCLE: _ZN10RC_Channel18debounce_completedEa @ 0x87e9e0
CIRCLE: _ZN9AP_Logger10Write_ModeEh10ModeReason @ 0x87eb80
CIRCLE: _ZN17AP_Logger_Backend10Write_ModeEh10ModeReason @ 0x87ed10
CIRCLE: _ZN7AP_AHRS15set_fly_forwardEb @ 0xaa4db0
CIRCLE: _ZN17AP_InertialSensor12BatchSampler21rotate_to_next_sensorEv @ 0x87fec0
CIRCLE: _ZN17AP_InertialSensor12BatchSampler32update_doing_sensor_rate_loggingEv @ 0x880110
CIRCLE: _ZL3MINIhhEDTqultfp_fp0_fp_fp0_ERKT_RKT0_.17357 @ 0x880250
CIRCLE: _ZNK17AP_InertialSensor12BatchSampler10has_optionENS0_11batch_opt_tE @ 0xaa6240
CIRCLE: _ZN17AP_InertialSensor12_gyro_offsetEh @ 0xaa62c0
CIRCLE: _ZN17AP_InertialSensor12caltemp_gyroEh @ 0xaa6330
CIRCLE: _ZN22AP_InertialSensor_SITL6updateEv @ 0x881a10
CIRCLE: _ZN25AP_InertialSensor_Backend10accumulateEv @ 0xaa6450
CIRCLE: _ZN25AP_InertialSensor_Backend11set_primaryEb @ 0xaa6620
CIRCLE: _ZNK25AP_InertialSensor_Backend21_gyro_raw_sample_rateEh @ 0xaa6670
CIRCLE: _ZN22AP_InertialSensor_SITL12timer_updateEv @ 0x882190
CIRCLE: _ZN7FunctorIvJEE14method_wrapperI22AP_InertialSensor_SITLXadL_ZNS2_12timer_updateEvEEEEvPv @ 0xaa6740
CIRCLE: _ZN22AP_InertialSensor_SITL14generate_accelEv @ 0x882660
CIRCLE: _ZN22AP_InertialSensor_SITL13generate_gyroEv @ 0x883640
CIRCLE: _ZNK25AP_InertialSensor_Backend20enable_fast_samplingEh @ 0xaa67f0
CIRCLE: _ZNK22AP_InertialSensor_SITL10gyro_driftEv @ 0x8840a0
CIRCLE: _ZL7radiansd.17279 @ 0x8842a0
CIRCLE: _ZL7radiansf.17280 @ 0x8842f0
CIRCLE: _ZN22AP_InertialSensor_SITL15get_temperatureEv @ 0x8843d0
CIRCLE: _ZNK22AP_InertialSensor_TCal15sitl_apply_gyroEfR7Vector3IfE @ 0x884570
CIRCLE: _ZN25AP_InertialSensor_Backend35_notify_new_gyro_sensor_rate_sampleEhRK7Vector3IfE @ 0x884650
CIRCLE: _ZN25AP_InertialSensor_Backend24_rotate_and_correct_gyroEhR7Vector3IfE @ 0x884850
CIRCLE: _ZN25AP_InertialSensor_Backend27_notify_new_gyro_raw_sampleEhRK7Vector3IfEm @ 0x8849e0
CIRCLE: _ZNK25AP_InertialSensor_Backend15has_been_killedEh @ 0xaa6880
CIRCLE: _ZNK25AP_InertialSensor_Backend19_update_sensor_rateERtRjRf @ 0x885080
CIRCLE: _ZN25AP_InertialSensor_Backend18apply_gyro_filtersEhRK7Vector3IfE @ 0x885250
CIRCLE: _ZN25AP_InertialSensor_Backend12log_gyro_rawEhmRK7Vector3IfES3_ @ 0x885610
CIRCLE: _ZN25AP_InertialSensor_Backend14update_primaryEv @ 0x8858a0
CIRCLE: _ZNK17AP_InertialSensor22raw_logging_option_setENS_18RAW_LOGGING_OPTIONE @ 0xaa6900
CIRCLE: _ZNK25AP_InertialSensor_Backend18should_log_imu_rawEv @ 0x885980
CIRCLE: _ZNK17AP_InertialSensor12BatchSampler25doing_sensor_rate_loggingEv @ 0xaa6980
CIRCLE: _ZNK17AP_InertialSensor12BatchSampler25doing_post_filter_loggingEv @ 0xaa69e0
CIRCLE: _ZN17AP_InertialSensor12BatchSampler6sampleEhNS_15IMU_SENSOR_TYPEEmRK7Vector3IfE @ 0x885b90
CIRCLE: _ZN17AP_InertialSensor12BatchSampler10should_logEhNS_15IMU_SENSOR_TYPEE @ 0x885ce0
CIRCLE: _ZN25AP_InertialSensor_Backend16save_gyro_windowEhRK7Vector3IfEh @ 0x885e20
CIRCLE: _ZN15LowPassFilter2pI7Vector3IfEE5applyERKS1_ @ 0xaa6cc0
CIRCLE: _ZN19DigitalBiquadFilterI7Vector3IfEE5applyERKS1_RKNS2_13biquad_paramsE @ 0xaa6e10
CIRCLE: _ZNK25AP_InertialSensor_Backend18sensors_convergingEv @ 0x8860e0
CIRCLE: _ZNK22AP_InertialSensor_TCal12correct_gyroEffR7Vector3IfE @ 0x886210
CIRCLE: _ZNK22AP_InertialSensor_TCal14correct_sensorEffPK9AP_ParamVI7Vector3IfEL11ap_var_type5EERS2_ @ 0x8862b0
CIRCLE: _ZNK22AP_InertialSensor_TCal15polynomial_evalEfPK9AP_ParamVI7Vector3IfEL11ap_var_type5EE @ 0x8864c0
CIRCLE: _ZNK22AP_InertialSensor_TCal16sitl_apply_accelEfR7Vector3IfE @ 0x889470
CIRCLE: _ZN25AP_InertialSensor_Backend36_notify_new_accel_sensor_rate_sampleEhRK7Vector3IfE @ 0x889550
CIRCLE: _ZN25AP_InertialSensor_Backend25_rotate_and_correct_accelEhR7Vector3IfE @ 0x889750
CIRCLE: _ZN25AP_InertialSensor_Backend28_notify_new_accel_raw_sampleEhRK7Vector3IfEmb @ 0x889970
CIRCLE: _ZN25AP_InertialSensor_Backend20_publish_temperatureEhf @ 0x889f20
CIRCLE: _ZN17AP_InertialSensor27calc_vibration_and_clippingEhRK7Vector3IfEf @ 0x889fc0
CIRCLE: _ZN17AP_InertialSensor19set_accel_peak_holdEhRK7Vector3IfE @ 0x88a240
CIRCLE: _ZN25AP_InertialSensor_Backend13log_accel_rawEhmRK7Vector3IfE @ 0x88a320
CIRCLE: _ZNK25AP_InertialSensor_Backend14get_clip_limitEv @ 0xaa7e30
CIRCLE: _ZN13LowPassFilterI7Vector3IfEE5applyERKS1_RKf @ 0xaa7e80
CIRCLE: _ZN10DigitalLPFI7Vector3IfEE6_applyERKS1_RKf @ 0xaa7f40
CIRCLE: _ZNK22AP_InertialSensor_TCal13correct_accelEffR7Vector3IfE @ 0x88a700
CIRCLE: _ZN25AP_InertialSensor_Backend12update_accelEh @ 0x88ab80
CIRCLE: _ZN25AP_InertialSensor_Backend11update_gyroEh @ 0x88aca0
CIRCLE: _ZN25AP_InertialSensor_Backend13_publish_gyroEhRK7Vector3IfE @ 0x88ae00
CIRCLE: _ZN25AP_InertialSensor_Backend19update_gyro_filtersEh @ 0x88af70
CIRCLE: _ZNK25AP_InertialSensor_Backend19_gyro_filter_cutoffEv @ 0xaa8210
CIRCLE: _ZN25AP_InertialSensor_Backend14_publish_accelEhRK7Vector3IfE @ 0x88b3b0
CIRCLE: _ZN25AP_InertialSensor_Backend20update_accel_filtersEh @ 0x88b5e0
CIRCLE: _ZNK25AP_InertialSensor_Backend20_accel_filter_cutoffEv @ 0xaa84f0
CIRCLE: _ZNK5Rover16gcs_mode_enabledEN4Mode6NumberE @ 0x88d170
CIRCLE: _ZN4Mode5enterEv @ 0x88d1f0
CIRCLE: _ZN8AC_Fence21manual_recovery_startEv @ 0x88d380
CIRCLE: _ZN9AP_Camera16set_is_auto_modeEb @ 0xaa8990
CIRCLE: _ZN4Mode4exitEv @ 0x88d410
CIRCLE: _ZN8Sailboat10clear_tackEv @ 0x88d470
CIRCLE: _ZNK10AP_Vehicle21block_GCS_mode_changeEhPKhh @ 0x88d4e0
CIRCLE: _ZNK8AC_Fence9polyfenceEv @ 0x891b20
CIRCLE: _ZNK7AP_EnumIN13AP_OADatabase11OutputLevelEEcvKS1_Ev @ 0xaa9fb0
CIRCLE: _ZN11AP_SmartRTL22run_background_cleanupEv @ 0x895f40
CIRCLE: _ZN7FunctorIvJEE14method_wrapperI11AP_SmartRTLXadL_ZNS2_22run_background_cleanupEvEEEEvPv @ 0xaaa610
CIRCLE: _ZN11AP_SmartRTL15routine_cleanupEtt @ 0x896210
CIRCLE: _ZN11AP_SmartRTL22detect_simplificationsEv @ 0x8963e0
CIRCLE: _ZN11AP_SmartRTL33remove_points_by_simplify_bitmaskEv @ 0x896750
CIRCLE: _ZN11AP_SmartRTL29restart_pruning_if_new_pointsEv @ 0x896930
CIRCLE: _ZN11AP_SmartRTL12detect_loopsEv @ 0x8969a0
CIRCLE: _ZN11AP_SmartRTL20segment_segment_distERK7Vector3IfES3_S3_S3_ @ 0x896fc0
CIRCLE: _ZN11AP_SmartRTL8add_loopEttRK7Vector3IfE @ 0x897560
CIRCLE: _ZNK7BitmaskILt500EE3getEt @ 0xaaa6c0
CIRCLE: _ZNK7BitmaskILt500EE8validateEt @ 0xaaa790
CIRCLE: _ZNK7Vector3IfE19distance_to_segmentERKS0_S2_ @ 0xaaa820
CIRCLE: _ZN7BitmaskILt500EE5clearEt @ 0xaaaa10
CIRCLE: _ZN5Rover14failsafe_checkEv @ 0x897b00
CIRCLE: _ZNK7AP_AHRS12get_accel_efEv @ 0xaae2d0
CIRCLE: _ZNK7AP_AHRS18get_yaw_rate_earthEv @ 0xab09c0
CIRCLE: _ZNK12NavEKF3_core9getMagXYZER7Vector3IfE @ 0x8c3bc0
CIRCLE: _ZNK12NavEKF3_core9getMagNEDER7Vector3IfE @ 0x8c3e40
CIRCLE: _ZNK7Vector2IfE8todoubleEv @ 0xab1210
CIRCLE: _ZNK7Vector2IfEdvEf @ 0xab1e70
CIRCLE: _ZNK14AP_GPS_Backend32supports_mavlink_gps_rtk_messageEv @ 0xab3050
CIRCLE: _ZNK14AP_GPS_Blended7get_lagERf @ 0x8d0780
CIRCLE: _ZN7AP_Baro6updateEv @ 0x8d0e50
CIRCLE: _ZNK7AP_Baro7healthyEv @ 0xab3620
CIRCLE: _ZN15AP_Baro_Backend14backend_updateEh @ 0x8d1570
CIRCLE: _ZN7AP_Baro24wind_pressure_correctionEh @ 0x8d15f0
CIRCLE: _ZNK7AP_Baro15get_last_updateEv @ 0xab3680
CIRCLE: _ZN16DerivativeFilterIfLh7EE6updateEfj @ 0xab36e0
CIRCLE: _ZN7AP_Baro22update_field_elevationEv @ 0x8d1930
CIRCLE: _ZNK7AP_Baro10should_logEv @ 0x8d1bb0
CIRCLE: _ZN7AP_Baro10Write_BaroEv @ 0x8d1c60
CIRCLE: _ZN7AP_Baro19Write_Baro_instanceEmh @ 0x8d1cf0
CIRCLE: _ZNK7AP_Baro21get_baro_drift_offsetEv @ 0xab37c0
CIRCLE: _ZNK7AP_Baro22get_ground_temperatureEv @ 0x8d1f10
CIRCLE: _ZNK7AP_Baro22get_corrected_pressureEh @ 0xab3810
CIRCLE: _ZN16FilterWithBufferIfLh7EE5applyEf @ 0xab3940
CIRCLE: _ZN24AP_Proximity_Boundary_3D4FaceC2Ev @ 0xab46a0
CIRCLE: _ZN15AP_Compass_SITL6_timerEv @ 0x8f14d0
CIRCLE: _ZN7FunctorIvJEE14method_wrapperI15AP_Compass_SITLXadL_ZNS2_6_timerEvEEEEvPv @ 0xabc5c0
CIRCLE: _Z10rand_vec3fv @ 0x8f1a00
CIRCLE: _ZN7VectorNIN15AP_Compass_SITL16readings_compassELh50EEixEh @ 0xabc670
CIRCLE: _ZN15AP_Compass_SITL26_setup_eliptical_correcionEh @ 0x8f1a80
CIRCLE: _ZNK18AP_Compass_Backend21get_board_orientationEv @ 0x8f1cb0
CIRCLE: _ZN15AP_Compass_SITL4readEv @ 0x8f1d00
CIRCLE: _ZN15AP_Baro_Backend17_copy_to_frontendEhff @ 0x8f60a0
CIRCLE: _ZN12AP_Baro_SITL6_timerEv @ 0x8f7330
CIRCLE: _ZN7FunctorIvJEE14method_wrapperI12AP_Baro_SITLXadL_ZNS2_6_timerEvEEEEvPv @ 0xabe240
CIRCLE: _ZN7VectorNIN12AP_Baro_SITL13readings_baroELh50EEixEh @ 0xabe2f0
CIRCLE: _ZN12AP_Baro_SITL22temperature_adjustmentERfS0_ @ 0x8f7720
CIRCLE: _ZN12AP_Baro_SITL24wind_pressure_correctionEh @ 0x8f7910
CIRCLE: _ZL2sqf.1777 @ 0x8f7b20
CIRCLE: _ZN7AP_Baro22_get_air_density_ratioEv @ 0x8f7b70
CIRCLE: _ZL2sqf.1757 @ 0x8f7c10
CIRCLE: _ZN12AP_Baro_SITL6updateEv @ 0x8f7d00
CIRCLE: _ZN12AP_Baro_SITL19update_healthy_flagEh @ 0xabe400
CIRCLE: _ZN12AP_Baro_SITL7healthyEh @ 0x8f7db0
CIRCLE: _ZNK22AP_BattMonitor_Backend17has_cell_voltagesEv @ 0xabf520
CIRCLE: _ZNK22AP_BattMonitor_Backend15has_temperatureEv @ 0xabf570
CIRCLE: _ZNK22AP_BattMonitor_Backend15get_temperatureERf @ 0x8f9d50
CIRCLE: _ZNK22AP_BattMonitor_Backend22capacity_remaining_pctERh @ 0x8f9e10
CIRCLE: _ZN22AP_BattMonitor_Backend26update_resistance_estimateEv @ 0x8f9f90
CIRCLE: _ZN22AP_BattMonitor_Backend16update_failsafesEv @ 0x8fa2e0
CIRCLE: _ZNK22AP_BattMonitor_Backend25get_mavlink_fault_bitmaskEv @ 0xabf620
CIRCLE: _ZL3MINIifEDTqultfp_fp0_fp_fp0_ERKT_RKT0_.16929 @ 0x8fa600
CIRCLE: _ZL3MINIffEDTqultfp_fp0_fp_fp0_ERKT_RKT0_.16930 @ 0x8fa6a0
CIRCLE: _ZN21AP_BattMonitor_Analog4readEv @ 0x8fc2a0
CIRCLE: _ZNK21AP_BattMonitor_Analog19has_consumed_energyEv @ 0xac0310
CIRCLE: _ZNK21AP_BattMonitor_Analog11has_currentEv @ 0x8fc4a0
CIRCLE: _ZN9AP_Notify19set_flight_mode_strEPKc @ 0x902ab0
CIRCLE: _ZN6RGBLed6updateEv @ 0x908700
CIRCLE: _ZN6RGBLed8_set_rgbEhhh @ 0x908b30
CIRCLE: _ZNK6RGBLed10rgb_sourceEv @ 0x908c40
CIRCLE: _ZNK6RGBLed19get_colour_sequenceEv @ 0x908ea0
CIRCLE: _ZNK6RGBLed14get_brightnessEv @ 0x909290
CIRCLE: _ZN6RGBLed7set_rgbEhhh @ 0x909390
CIRCLE: _ZN10IS31FL31956_timerEv @ 0x909450
CIRCLE: _ZN7FunctorIvJEE14method_wrapperI10IS31FL3195XadL_ZNS2_6_timerEvEEEEvPv @ 0xac39c0
CIRCLE: _ZN6LP55626_timerEv @ 0x9099e0
CIRCLE: _ZN7FunctorIvJEE14method_wrapperI6LP5562XadL_ZNS2_6_timerEvEEEEvPv @ 0xac3d30
CIRCLE: _ZN14ToshibaLED_I2C6_timerEv @ 0x90b810
CIRCLE: _ZN7FunctorIvJEE14method_wrapperI14ToshibaLED_I2CXadL_ZNS2_6_timerEvEEEEvPv @ 0xac4a40
CIRCLE: _ZNK7Vector2IfE10normalizedEv @ 0xac4dd0
CIRCLE: _ZNK18AR_AttitudeControl13get_decel_maxEv @ 0x90c9c0
CIRCLE: _ZNK13AR_PosControl13get_speed_maxEv @ 0xac4e80
CIRCLE: _ZNK13AR_PosControl13get_accel_maxEv @ 0xac4ed0
CIRCLE: _ZN7FunctorIvJEE14method_wrapperI5RoverXadL_ZNS2_10read_radioEvEEEEvPv @ 0xac4f70
CIRCLE: _ZN7FunctorIvJEE14method_wrapperI5RoverXadL_ZNS2_11ahrs_updateEvEEEEvPv @ 0xac5020
CIRCLE: _ZN7FunctorIvJEE14method_wrapperI5RoverXadL_ZNS2_17read_rangefindersEvEEEEvPv @ 0xac50d0
CIRCLE: _ZN7FunctorIvJEE14method_wrapperI14AP_OpticalFlowXadL_ZNS2_6updateEvEEEEvPv @ 0xac5180
CIRCLE: _ZN7FunctorIvJEE14method_wrapperI5RoverXadL_ZNS2_19update_current_modeEvEEEEvPv @ 0xac5230
CIRCLE: _ZN7FunctorIvJEE14method_wrapperI5RoverXadL_ZNS2_10set_servosEvEEEEvPv @ 0xac52e0
CIRCLE: _ZN7FunctorIvJEE14method_wrapperI6AP_GPSXadL_ZNS2_6updateEvEEEEvPv @ 0xac5390
CIRCLE: _ZN7FunctorIvJEE14method_wrapperI7AP_BaroXadL_ZNS2_6updateEvEEEEvPv @ 0xac5440
CIRCLE: _ZN7FunctorIvJEE14method_wrapperI9AP_BeaconXadL_ZNS2_6updateEvEEEEvPv @ 0xac54f0
CIRCLE: _ZN7FunctorIvJEE14method_wrapperI12AP_ProximityXadL_ZNS2_6updateEvEEEEvPv @ 0xac55a0
CIRCLE: _ZN7FunctorIvJEE14method_wrapperI11AP_WindVaneXadL_ZNS2_6updateEvEEEEvPv @ 0xac5650
CIRCLE: _ZN7FunctorIvJEE14method_wrapperI5RoverXadL_ZNS2_20update_wheel_encoderEvEEEEvPv @ 0xac5700
CIRCLE: _ZN7FunctorIvJEE14method_wrapperI5RoverXadL_ZNS2_14update_compassEvEEEEvPv @ 0xac57b0
CIRCLE: _ZN7FunctorIvJEE14method_wrapperI5RoverXadL_ZNS2_15update_logging1EvEEEEvPv @ 0xac5860
CIRCLE: _ZN7FunctorIvJEE14method_wrapperI5RoverXadL_ZNS2_15update_logging2EvEEEEvPv @ 0xac5910
CIRCLE: _ZN7FunctorIvJEE14method_wrapperI3GCSXadL_ZNS2_14update_receiveEvEEEEvPv @ 0xac59c0
CIRCLE: _ZN7FunctorIvJEE14method_wrapperI3GCSXadL_ZNS2_11update_sendEvEEEEvPv @ 0xac5a70
CIRCLE: _ZN7FunctorIvJEE14method_wrapperI11RC_ChannelsXadL_ZNS2_16read_mode_switchEvEEEEvPv @ 0xac5b20
CIRCLE: _ZN7FunctorIvJEE14method_wrapperI11RC_ChannelsXadL_ZNS2_12read_aux_allEvEEEEvPv @ 0xac5bc0
CIRCLE: _ZN7FunctorIvJEE14method_wrapperI14AP_BattMonitorXadL_ZNS2_4readEvEEEEvPv @ 0xac5c70
CIRCLE: _ZN7FunctorIvJEE14method_wrapperI19AP_ServoRelayEventsXadL_ZNS2_13update_eventsEvEEEEvPv @ 0xac5d20
CIRCLE: _ZN7FunctorIvJEE14method_wrapperI5RoverXadL_ZNS2_15update_preclandEvEEEEvPv @ 0xac5dd0
CIRCLE: _ZN7FunctorIvJEE14method_wrapperI8AP_MountXadL_ZNS2_6updateEvEEEEvPv @ 0xac5e80
CIRCLE: _ZN7FunctorIvJEE14method_wrapperI9AP_CameraXadL_ZNS2_6updateEvEEEEvPv @ 0xac5f30
CIRCLE: _ZN7FunctorIvJEE14method_wrapperI5RoverXadL_ZNS2_18gcs_failsafe_checkEvEEEEvPv @ 0xac5fe0
CIRCLE: _ZN7FunctorIvJEE14method_wrapperI5RoverXadL_ZNS2_11fence_checkEvEEEEvPv @ 0xac6090
CIRCLE: _ZN7FunctorIvJEE14method_wrapperI5RoverXadL_ZNS2_9ekf_checkEvEEEEvPv @ 0xac6140
CIRCLE: _ZN7FunctorIvJEE14method_wrapperI12ModeSmartRTLXadL_ZNS2_13save_positionEvEEEEvPv @ 0xac61f0
CIRCLE: _ZN7FunctorIvJEE14method_wrapperI5RoverXadL_ZNS2_15one_second_loopEvEEEEvPv @ 0xac62a0
CIRCLE: _ZN7FunctorIvJEE14method_wrapperI10AC_SprayerXadL_ZNS2_6updateEvEEEEvPv @ 0xac6350
CIRCLE: _ZN7FunctorIvJEE14method_wrapperI9AP_LoggerXadL_ZNS2_14periodic_tasksEvEEEEvPv @ 0xac6400
CIRCLE: _ZN7FunctorIvJEE14method_wrapperI17AP_InertialSensorXadL_ZNS2_8periodicEvEEEEvPv @ 0xac64b0
CIRCLE: _ZN7FunctorIvJEE14method_wrapperI12AP_SchedulerXadL_ZNS2_14update_loggingEvEEEEvPv @ 0xac6560
CIRCLE: _ZN7FunctorIvJEE14method_wrapperI9AP_ButtonXadL_ZNS2_6updateEvEEEEvPv @ 0xac6610
CIRCLE: _ZN7FunctorIvJEE14method_wrapperI5RoverXadL_ZNS2_11crash_checkEvEEEEvPv @ 0xac66c0
CIRCLE: _ZN7FunctorIvJEE14method_wrapperI5RoverXadL_ZNS2_19cruise_learn_updateEvEEEEvPv @ 0xac6770
CIRCLE: _ZN5Rover19cruise_learn_updateEv @ 0x910a00
CIRCLE: _ZNK18AR_AttitudeControl17get_forward_speedERf @ 0x910b60
CIRCLE: _ZNK7AP_AHRS7cos_yawEv @ 0xac6890
CIRCLE: _ZNK7AP_AHRS7sin_yawEv @ 0xac68e0
CIRCLE: _ZN5Rover11crash_checkEv @ 0x910f70
CIRCLE: _ZN9AP_Button6updateEv @ 0x911350
CIRCLE: _ZN12AP_Scheduler14update_loggingEv @ 0x911fd0
CIRCLE: _ZN12AP_Scheduler11debug_flagsEv @ 0xac6ac0
CIRCLE: _ZN12AP_Scheduler21Log_Write_PerformanceEv @ 0x912240
CIRCLE: _ZN2AP8PerfInfo13has_task_infoEv @ 0xac6b20
CIRCLE: _ZNK2AP8PerfInfo20get_num_long_runningEv @ 0x912450
CIRCLE: _ZNK2AP8PerfInfo13get_num_loopsEv @ 0x9124a0
CIRCLE: _ZNK2AP8PerfInfo12get_max_timeEv @ 0x9124f0
CIRCLE: _ZN12AP_Scheduler12load_averageEv @ 0x912540
CIRCLE: _ZNK16AP_InternalError5countEv @ 0xac6b80
CIRCLE: _ZN17AP_InertialSensor8periodicEv @ 0x912780
CIRCLE: _ZN17AP_InertialSensor12BatchSampler8periodicEv @ 0x9127e0
CIRCLE: _ZN17AP_InertialSensor12BatchSampler16push_data_to_logEv @ 0x912860
CIRCLE: _ZNK17AP_InertialSensor12BatchSampler10Write_ISBHEf @ 0x912af0
CIRCLE: _ZNK17AP_InertialSensor12BatchSampler10Write_ISBDEv @ 0x912c50
CIRCLE: _ZN9AP_Logger14periodic_tasksEv @ 0x912e00
CIRCLE: _ZN10AC_Sprayer6updateEv @ 0x912ea0
CIRCLE: _ZN5Rover15one_second_loopEv @ 0x9132f0
CIRCLE: _ZN5Rover20handle_auto_arm_onceEv @ 0x913530
CIRCLE: _ZN10AP_Vehicle17set_likely_flyingEb @ 0xac6c90
CIRCLE: _ZN8AR_WPNav15set_turn_paramsEfb @ 0x9137d0
CIRCLE: _ZN13AR_PosControl15set_turn_paramsEfb @ 0x913880
CIRCLE: _ZN19AP_WheelRateControl21set_notch_sample_rateEf @ 0x913920
CIRCLE: _ZN8AP_Stats10set_flyingEb @ 0x9139b0
CIRCLE: _ZN6AC_PID21set_notch_sample_rateEf @ 0x913a80
CIRCLE: _ZN12AR_PivotTurn6enableEb @ 0x913e60
CIRCLE: _ZN12ModeSmartRTL13save_positionEv @ 0x913ed0
CIRCLE: _ZN11AP_SmartRTL6updateEbb @ 0x913f60
CIRCLE: _ZN11AP_SmartRTL6updateEbRK7Vector3IfE @ 0x914060
CIRCLE: _ZN5Rover9ekf_checkEv @ 0x914190
CIRCLE: _ZN5Rover18ekf_over_thresholdEv @ 0x914490
CIRCLE: _ZN5Rover11fence_checkEv @ 0x914800
CIRCLE: _ZN5Rover18gcs_failsafe_checkEv @ 0x914ab0
CIRCLE: _ZN5Rover16failsafe_triggerEhPKcb @ 0x914be0
CIRCLE: _ZN9AP_Camera6updateEv @ 0x915070
CIRCLE: _ZN8AP_Mount6updateEv @ 0x915130
CIRCLE: _ZN5Rover15update_preclandEv @ 0x9151e0
CIRCLE: _ZN11AC_PrecLand6updateEfb @ 0x915240
CIRCLE: _ZN14AP_BattMonitor4readEv @ 0x9178c0
CIRCLE: _ZN9AP_Logger11Write_PowerEv @ 0x917af0
CIRCLE: _ZNK22AP_BattMonitor_Backend13Log_Write_BATEhm @ 0x917b40
CIRCLE: _ZNK22AP_BattMonitor_Backend13Log_Write_BCLEhm @ 0x917de0
CIRCLE: _ZN14AP_BattMonitor15check_failsafesEv @ 0x917fe0
CIRCLE: _ZN14AP_BattMonitor16checkPoweringOffEv @ 0x9182f0
CIRCLE: _ZNK22AP_BattMonitor_Backend23get_state_of_health_pctERh @ 0x918450
CIRCLE: _ZN11RC_Channels12read_aux_allEv @ 0x9184e0
CIRCLE: _ZN10RC_Channel8read_auxEv @ 0x9185d0
CIRCLE: _ZN9AP_Logger10Write_RCINEv @ 0x9187d0
CIRCLE: _ZN11RC_Channels12get_radio_inEPth @ 0x9189c0
CIRCLE: _ZNK11RC_Channels17get_override_maskEv @ 0x918ab0
CIRCLE: _ZL3MINIhiEDTqultfp_fp0_fp_fp0_ERKT_RKT0_.6266 @ 0x918b70
CIRCLE: _ZN5Rover15update_logging2Ev @ 0x918f80
CIRCLE: _ZN5Rover10should_logEj @ 0x919090
CIRCLE: _ZN5Rover18Log_Write_SteeringEv @ 0x919100
CIRCLE: _ZN5Rover12Log_Write_RCEv @ 0x919250
CIRCLE: _ZNK15AP_WheelEncoder9Log_WriteEv @ 0x9192f0
CIRCLE: _ZNK17AP_InertialSensor15Write_VibrationEv @ 0x919400
CIRCLE: _ZN10AP_GyroFFT18write_log_messagesEv @ 0x919520
CIRCLE: _ZN8AP_Mount9write_logEv @ 0x919750
CIRCLE: _ZNK17AP_InertialSensor20get_accel_clip_countEh @ 0x919c50
CIRCLE: _ZNK15AP_WheelEncoder7enabledEh @ 0x919cf0
CIRCLE: _ZN9AP_Logger11Write_RCOUTEv @ 0x91a030
CIRCLE: _ZNK18AR_AttitudeControl13get_lat_accelERf @ 0x91a6e0
CIRCLE: _ZNK18AR_AttitudeControl21get_desired_turn_rateEv @ 0x91a790
CIRCLE: _ZL7degreesf.48 @ 0x91a830
CIRCLE: _ZN5Rover15update_logging1Ev @ 0x91a880
CIRCLE: _ZN5Rover18Log_Write_AttitudeEv @ 0x91aa60
CIRCLE: _ZN5Rover14Log_Write_SailEv @ 0x91ac50
CIRCLE: _ZN5Rover18Log_Write_ThrottleEv @ 0x91ae50
CIRCLE: _ZN9AP_Beacon3logEv @ 0x91af90
CIRCLE: _ZN5Rover20Log_Write_Nav_TuningEv @ 0x91b0d0
CIRCLE: _ZNK13AR_PosControl9is_activeEv @ 0x91b1c0
CIRCLE: _ZN13AR_PosControl9write_logEv @ 0x91b230
CIRCLE: _ZN13AR_PosControl11get_vel_pidEv @ 0xac7830
CIRCLE: _ZNK9AC_PID_2D14get_pid_info_xEv @ 0xac7880
CIRCLE: _ZN9AP_Logger9Write_PIDEhRK10AP_PIDInfo @ 0x91b4c0
CIRCLE: _ZNK9AC_PID_2D14get_pid_info_yEv @ 0xac78d0
CIRCLE: _ZN12AP_Proximity3logEv @ 0x91b650
CIRCLE: _ZNK12AP_Proximity12distance_maxEv @ 0x91b980
CIRCLE: _ZNK12AP_Proximity19get_upward_distanceERf @ 0x91bc40
CIRCLE: _ZNK13AR_PosControl14get_pos_targetEv @ 0xac7970
CIRCLE: _ZN13AC_PosControl10Write_PSCNEfffffffff @ 0x91c050
CIRCLE: _ZN13AC_PosControl10Write_PSCEEfffffffff @ 0x91c150
CIRCLE: _ZN13AC_PosControl10Write_PSCxE11LogMessagesfffffffff @ 0x91c250
CIRCLE: _ZNK18AR_AttitudeControl17get_desired_speedEv @ 0x91c430
CIRCLE: _ZNK18AR_AttitudeControl20speed_control_activeEv @ 0x91c4b0
CIRCLE: _ZNK18AR_AttitudeControl17get_desired_pitchEv @ 0x91c6c0
CIRCLE: _ZNK7AP_AHRS14Write_AttitudeERK7Vector3IfE @ 0x91c760
CIRCLE: _ZN7AP_AHRS9Log_WriteEv @ 0x91c870
CIRCLE: _ZNK18AR_AttitudeControl27get_throttle_speed_pid_infoEv @ 0xac7b00
CIRCLE: _ZN7NavEKF29Log_WriteEv @ 0x91c900
CIRCLE: _ZN7NavEKF39Log_WriteEv @ 0x91ca10
CIRCLE: _ZNK7AP_AHRS11Write_AHRS2Ev @ 0x91cb20
CIRCLE: _ZNK7AP_AHRS9Write_POSEv @ 0x91cd00
CIRCLE: _ZN4SITL3SIM18Log_Write_SIMSTATEEv @ 0x91ce60
CIRCLE: _ZNK7AP_AHRS36get_relative_position_D_origin_floatERf @ 0x91cff0
CIRCLE: _ZNK7AP_AHRS22get_secondary_attitudeER7Vector3IfE @ 0xac7bf0
CIRCLE: _ZNK7AP_AHRS22get_secondary_positionER8Location @ 0xac7c70
CIRCLE: _ZNK7AP_AHRS24get_secondary_quaternionER11QuaternionTIfE @ 0xac7cf0
CIRCLE: _ZL7degreesf.1448 @ 0x91d080
CIRCLE: _ZN12NavEKF3_core9Log_WriteEm @ 0x91d0d0
CIRCLE: _ZNK7AP_EnumIN7NavEKF38LogLevelEEcvKS1_Ev @ 0xac7d70
CIRCLE: _ZNK12NavEKF3_core14Log_Write_XKF4Em @ 0x91d220
CIRCLE: _ZN12NavEKF3_core13Log_Write_GSFEm @ 0x91d570
CIRCLE: _ZNK12NavEKF3_core14Log_Write_XKF1Em @ 0x91d620
CIRCLE: _ZNK12NavEKF3_core14Log_Write_XKF2Em @ 0x91d8f0
CIRCLE: _ZNK12NavEKF3_core14Log_Write_XKF3Em @ 0x91db90
CIRCLE: _ZNK12NavEKF3_core14Log_Write_XKF5Em @ 0x91ddf0
CIRCLE: _ZNK12NavEKF3_core14Log_Write_XKFSEm @ 0x91e050
CIRCLE: _ZNK12NavEKF3_core20Log_Write_QuaternionEm @ 0x91e160
CIRCLE: _ZN12NavEKF3_core16Log_Write_BeaconEm @ 0x91e240
CIRCLE: _ZN12NavEKF3_core18Log_Write_BodyOdomEm @ 0x91e530
CIRCLE: _ZN12NavEKF3_core25Log_Write_State_VariancesEm @ 0x91e6a0
CIRCLE: _ZN12NavEKF3_core16Log_Write_TimingEm @ 0x91e9c0
CIRCLE: _ZNK6AP_DAL12logging_coreEh @ 0x91eb20
CIRCLE: _ZL3MAXIjjEDTqugtfp_fp0_fp_fp0_ERKT_RKT0_ @ 0x91eb70
CIRCLE: _ZNK16AP_NavEKF_Source21getPosVelYawSourceSetEv @ 0xac7dc0
CIRCLE: _ZL3MAXIddEDTqugtfp_fp0_fp_fp0_ERKT_RKT0_.4083 @ 0x91ebf0
CIRCLE: _ZL3MINIdiEDTqultfp_fp0_fp_fp0_ERKT_RKT0_.4084 @ 0x91ec70
CIRCLE: _ZNK12NavEKF3_core14getInnovationsER7Vector3IfES2_S2_RfS3_ @ 0x91ed10
CIRCLE: _ZL7degreesf.4081 @ 0x91ef10
CIRCLE: _ZNK12NavEKF3_core26getSynthAirDataInnovationsER7Vector2IfERf @ 0x91ef60
CIRCLE: _ZNK12NavEKF3_core20getPosDownDerivativeEv @ 0x91f030
CIRCLE: _ZN10EKFGSF_yaw9Log_WriteEm11LogMessagesS0_h @ 0x91f090
CIRCLE: _ZL7degreesf.17657 @ 0x91f410
CIRCLE: _ZL3MAXIffEDTqugtfp_fp0_fp_fp0_ERKT_RKT0_.17658 @ 0x91f460
CIRCLE: _ZL3MAXIdfEDTqugtfp_fp0_fp_fp0_ERKT_RKT0_.4082 @ 0x91f4e0
CIRCLE: _ZN5Rover14update_compassEv @ 0x921070
CIRCLE: _ZN5Rover20update_wheel_encoderEv @ 0x9210d0
CIRCLE: _ZN11AP_WindVane6updateEv @ 0x921a10
CIRCLE: _ZN12AP_Proximity6updateEv @ 0x922630
CIRCLE: _ZNK12AP_Proximity15get_filter_freqEv @ 0xac7e80
CIRCLE: _ZN24AP_Proximity_Boundary_3D15set_filter_freqEf @ 0xac7ee0
CIRCLE: _ZN24AP_Proximity_Boundary_3D18check_face_timeoutEv @ 0x922700
CIRCLE: _ZN9AP_Beacon6updateEv @ 0x922860
CIRCLE: _ZN6AP_GPS6updateEv @ 0x922f70
CIRCLE: _ZN6AP_GPS15update_instanceEh @ 0x9230f0
CIRCLE: _ZN6AP_GPS14update_primaryEv @ 0x923890
CIRCLE: _ZN14AP_GPS_Blended19zero_health_counterEv @ 0xac7f50
CIRCLE: _ZN6AP_GPS9Write_GPSEh @ 0x925060
CIRCLE: _ZL3MINIfiEDTqultfp_fp0_fp_fp0_ERKT_RKT0_.2521 @ 0x9254a0
CIRCLE: _ZNK6AP_GPS26last_message_delta_time_msEh @ 0xac8000
CIRCLE: _ZNK6AP_GPS10should_logEv @ 0x925540
CIRCLE: _ZN6AP_GPS16send_blob_updateEh @ 0x9266c0
CIRCLE: _ZN14AP_GPS_Backend14check_new_itowEjj @ 0x92b410
CIRCLE: _ZN12AP_GPS_UBLOX20_request_next_configEv @ 0x92f600
CIRCLE: _ZN12AP_GPS_UBLOX21_request_message_rateEhh @ 0x9300a0
CIRCLE: _ZN12AP_GPS_UBLOX13_request_portEv @ 0x930160
CIRCLE: _ZN12AP_GPS_UBLOX13_send_messageEhhPKvt @ 0x9301f0
CIRCLE: _ZN12AP_GPS_UBLOX16_update_checksumEPhtRhS1_ @ 0x9310b0
CIRCLE: _ZN12AP_GPS_UBLOX4readEv @ 0x9311e0
CIRCLE: _ZNK12AP_GPS_UBLOX13is_configuredEv @ 0xac8e80
CIRCLE: _ZNK12AP_GPS_UBLOX7get_lagERf @ 0x9318c0
CIRCLE: _ZNK12AP_GPS_UBLOX10is_healthyEv @ 0x931a50
CIRCLE: _ZL3MINIjjEDTqultfp_fp0_fp_fp0_ERKT_RKT0_.2814 @ 0x931ea0
CIRCLE: _ZN12AP_GPS_UBLOXUt_ixEm @ 0xac8f90
CIRCLE: _ZN12AP_GPS_UBLOX10_parse_gpsEv @ 0x931f20
CIRCLE: _ZN12AP_GPS_UBLOX15_check_new_itowEj @ 0x9353e0
CIRCLE: _ZN12AP_GPS_UBLOX23_configure_message_rateEhhh @ 0x935460
CIRCLE: _ZN5Rover10set_servosEv @ 0x93ca60
CIRCLE: _ZN12AP_MotorsUGV6outputEbff @ 0x93cd40
CIRCLE: _ZN12AP_MotorsUGV23sanity_check_parametersEv @ 0x93ceb0
CIRCLE: _ZN12AP_MotorsUGV19slew_limit_throttleEf @ 0x93cfd0
CIRCLE: _ZN12AP_MotorsUGV14output_regularEbfff @ 0x93d0b0
CIRCLE: _ZN12AP_MotorsUGV20output_skid_steeringEbfff @ 0x93d510
CIRCLE: _ZN12AP_MotorsUGV11output_omniEbfff @ 0x93dc50
CIRCLE: _ZN12AP_MotorsUGV11output_sailEv @ 0x93dfe0
CIRCLE: _ZN12SRV_Channels8calc_pwmEv @ 0x93e080
CIRCLE: _ZN12SRV_Channels13output_ch_allEv @ 0x93e2a0
CIRCLE: _ZN12AP_MotorsUGV21set_limits_from_inputEbff @ 0x93e350
CIRCLE: _ZN12AP_MotorsUGV15output_throttleEN11SRV_Channel8FunctionEff @ 0x93e540
CIRCLE: _ZNK12AP_MotorsUGV19get_scaled_throttleEf @ 0x93e930
CIRCLE: _ZN12AP_MotorsUGV28get_rate_controlled_throttleEN11SRV_Channel8FunctionEff @ 0x93eca0
CIRCLE: _ZN6AC_PID12reset_filterEv @ 0xaca7c0
CIRCLE: _ZN6AC_PID7reset_IEv @ 0x93f1f0
CIRCLE: _ZN6AC_PID10update_allEfffbf @ 0x93f3b0
CIRCLE: _ZNK6AC_PID6get_ffEv @ 0x93f9c0
CIRCLE: _ZNK6AC_PID16get_filt_T_alphaEf @ 0x93fa20
CIRCLE: _ZNK6AC_PID16get_filt_E_alphaEf @ 0x93faa0
CIRCLE: _ZNK6AC_PID16get_filt_D_alphaEf @ 0x93fb20
CIRCLE: _ZN6AC_PID8update_iEfb @ 0x93fba0
CIRCLE: _ZN11SlewLimiter8modifierEff @ 0x93fda0
CIRCLE: _ZNK11SlewLimiter13get_slew_rateEv @ 0xacaa30
CIRCLE: _ZNK12AP_MotorsUGV20have_vectored_thrustEv @ 0xacaa80
CIRCLE: _ZNK12AP_MotorsUGV25get_slew_limited_throttleEff @ 0x940590
CIRCLE: _ZN5Rover19update_current_modeEv @ 0x940d30
CIRCLE: _ZN14AP_OpticalFlow6updateEv @ 0x940e40
CIRCLE: _ZN5Rover17read_rangefindersEv @ 0x9423f0
CIRCLE: _ZN11RangeFinder6updateEv @ 0x942460
CIRCLE: _ZN5Rover15Log_Write_DepthEv @ 0x942580
CIRCLE: _ZNK11RangeFinder8Log_RFNDEv @ 0x9427e0
CIRCLE: _ZN5Rover11ahrs_updateEv @ 0x942920
CIRCLE: _ZN5Rover22update_ahrs_flyforwardEv @ 0x942b30
CIRCLE: _ZN9AP_Follow16update_estimatesEv @ 0x942d20
CIRCLE: _ZNK17AP_InertialSensor9Write_IMUEv @ 0x943b50
CIRCLE: _ZL3MAXIhhEDTqugtfp_fp0_fp_fp0_ERKT_RKT0_ @ 0x943d60
CIRCLE: _ZNK17AP_InertialSensor18Write_IMU_instanceEmh @ 0x943de0
CIRCLE: _ZNK17AP_InertialSensor16get_gyro_rate_hzEh @ 0xacab30
CIRCLE: _ZNK17AP_InertialSensor17get_accel_rate_hzEh @ 0xacabb0
CIRCLE: _ZN9AP_Follow32clear_dist_and_bearing_to_targetEv @ 0x943f70
CIRCLE: _Z23update_pos_vel_accel_xyR7Vector2IdERS_IfERKS2_fS5_S5_S5_ @ 0x944070
CIRCLE: _Z22shape_pos_vel_accel_xyRK7Vector2IdERKS_IfES5_S2_S5_RS3_ffffb @ 0x944380
CIRCLE: _ZNK7Vector2IdE7is_zeroEv @ 0xacac30
CIRCLE: _Z15sqrt_controllerffff @ 0x9449f0
CIRCLE: _ZL2sqf.3224 @ 0x944fe0
CIRCLE: _Z15sqrt_controllerRK7Vector2IfEfff @ 0x945030
CIRCLE: _ZN7Vector2IfE12limit_lengthEf @ 0xacacc0
CIRCLE: _Z18shape_vel_accel_xyRK7Vector2IfES2_S2_RS0_fffb @ 0x945110
CIRCLE: _Z14shape_accel_xyRK7Vector2IfERS0_ff @ 0x945470
CIRCLE: _Z19update_vel_accel_xyR7Vector2IfERKS0_fS3_S3_ @ 0x9456e0
CIRCLE: _ZL3MINIffEDTqultfp_fp0_fp_fp0_ERKT_RKT0_.1431 @ 0x945810
CIRCLE: _ZN5Rover10read_radioEv @ 0x9458a0
CIRCLE: _ZN11RC_Channels10read_inputEv @ 0x945950
CIRCLE: _ZN5Rover20radio_failsafe_checkEt @ 0x945a80
CIRCLE: _ZN10RC_Channel6updateEv @ 0x945b80
CIRCLE: _ZN11RC_Channels23rudder_arm_disarm_checkEv @ 0x945cf0
CIRCLE: _ZNK11RC_Channels19has_had_rc_receiverEv @ 0xacad90
CIRCLE: _ZNK10RC_Channel12pwm_to_angleEv @ 0x945f60
CIRCLE: _ZNK10RC_Channel15pwm_to_angle_dzEt @ 0x945fd0
CIRCLE: _ZNK10RC_Channel20pwm_to_angle_dz_trimEtt @ 0x946060
CIRCLE: _ZN5Rover8set_modeEN4Mode6NumberE10ModeReason @ 0x946450
CIRCLE: _ZNK4Mode16has_manual_inputEv @ 0xacbf30
CIRCLE: _ZNK4Mode19attitude_stabilizedEv @ 0xacbf80
CIRCLE: _ZNK4Mode17requires_positionEv @ 0xacbfd0
CIRCLE: _ZNK4Mode17requires_velocityEv @ 0xacc020
CIRCLE: _ZN4Mode18init_reversed_flagEv @ 0xacc1d0
CIRCLE: _ZN4Mode13calc_throttleEfb @ 0x9476f0
CIRCLE: _ZNK18AR_AttitudeControl31get_desired_speed_accel_limitedEff @ 0x947b40
CIRCLE: _ZN8AC_Avoid12adjust_speedEfffRff @ 0x947d10
CIRCLE: _ZNK8AC_Avoid13limits_activeEv @ 0xacc290
CIRCLE: _ZNK18AR_AttitudeControl13pitch_limitedEv @ 0xacc300
CIRCLE: _ZN18AR_AttitudeControl22get_throttle_out_speedEfbbfff @ 0x9483c0
CIRCLE: _ZN12AP_MotorsUGV12set_throttleEf @ 0x9488d0
CIRCLE: _ZL3MAXIffEDTqugtfp_fp0_fp_fp0_ERKT_RKT0_.11066 @ 0x949020
CIRCLE: _ZN8AC_Avoid15adjust_velocityER7Vector3IfERbfffff @ 0x949d20
CIRCLE: _ZL3MINIffEDTqultfp_fp0_fp_fp0_ERKT_RKT0_.8253 @ 0x94a480
CIRCLE: _ZNK8AC_Avoid27proximity_avoidance_enabledEv @ 0xacc360
CIRCLE: _ZN8AC_Avoid25adjust_velocity_proximityEffR7Vector3IfES2_fff @ 0x94a510
CIRCLE: _ZN8AC_Avoid29find_max_quadrant_velocity_3DER7Vector3IfER7Vector2IfES5_S5_S5_RfS6_ @ 0x94ae20
CIRCLE: _ZN8AC_Avoid21adjust_velocity_fenceEffR7Vector3IfES2_fff @ 0x94afa0
CIRCLE: _ZL3MAXIffEDTqugtfp_fp0_fp_fp0_ERKT_RKT0_.8254 @ 0x94b380
CIRCLE: _ZN8AC_Avoid11limit_accelERK7Vector3IfERS1_f @ 0x94b400
CIRCLE: _ZN8AC_Avoid28adjust_velocity_circle_fenceEffR7Vector2IfES2_f @ 0x94b7f0
CIRCLE: _ZN8AC_Avoid26find_max_quadrant_velocityER7Vector2IfES2_S2_S2_S2_ @ 0x94be80
CIRCLE: _ZN8AC_Avoid48adjust_velocity_inclusion_and_exclusion_polygonsEffR7Vector2IfES2_f @ 0x94c140
CIRCLE: _ZN8AC_Avoid33adjust_velocity_inclusion_circlesEffR7Vector2IfES2_f @ 0x94c4f0
CIRCLE: _ZN8AC_Avoid33adjust_velocity_exclusion_circlesEffR7Vector2IfES2_f @ 0x94cd70
CIRCLE: _ZN8AC_Avoid17adjust_velocity_zEffRfS0_f @ 0x94d680
CIRCLE: _ZNK8AC_Avoid21get_stopping_distanceEfff @ 0x94df50
CIRCLE: _ZL2sqf.8255 @ 0x94e410
CIRCLE: _ZNK12AP_Proximity18get_obstacle_countEv @ 0x94e460
CIRCLE: _ZNK7AP_AHRS15earth_to_body2DERK7Vector2IfE @ 0x94e4b0
CIRCLE: _ZNK12AP_Proximity12get_obstacleEhR7Vector3IfE @ 0x94e560
CIRCLE: _ZNK7AP_AHRS15body_to_earth2DERK7Vector2IfE @ 0x94ee60
CIRCLE: _ZNK24AP_Proximity_Boundary_3D28convert_obstacle_num_to_faceEhRNS_4FaceE @ 0x94f0d0
CIRCLE: _ZNK24AP_Proximity_Boundary_3D12get_obstacleEhR7Vector3IfE @ 0x94f1e0
CIRCLE: _ZNK24AP_Proximity_Boundary_3D18get_obstacle_countEv @ 0x94f370
CIRCLE: _ZNK18AR_AttitudeControl13get_accel_maxEv @ 0xaccd00
CIRCLE: _ZNK8AR_WPNav17get_default_accelEv @ 0xaccd70
CIRCLE: _ZNK8AR_WPNav16get_default_jerkEv @ 0xaccdd0
CIRCLE: _ZNK18AR_AttitudeControl22get_turn_lat_accel_maxEv @ 0xacce30
CIRCLE: _ZN13AR_PosControl10set_limitsEffff @ 0x94f450
CIRCLE: _ZN13AR_PosControl4initEv @ 0x94f5b0
CIRCLE: _ZN13AR_PosControl17init_ekf_xy_resetEv @ 0x94f740
CIRCLE: _ZN7AP_AHRS24getLastPosNorthEastResetER7Vector2IfE @ 0x94f7b0
CIRCLE: _ZN7NavEKF324getLastPosNorthEastResetER7Vector2IfE @ 0x94fa00
CIRCLE: _ZL3MAXIfiEDTqugtfp_fp0_fp_fp0_ERKT_RKT0_.11114 @ 0x94fb50
CIRCLE: _ZL3MINIffEDTqultfp_fp0_fp_fp0_ERKT_RKT0_.11113 @ 0x94fbf0
CIRCLE: _ZN7AC_P_2D10set_limitsEfff @ 0x94fc80
CIRCLE: _ZL3MINIffEDTqultfp_fp0_fp_fp0_ERKT_RKT0_.18776 @ 0x94fe20
CIRCLE: _Z19inv_sqrt_controllerfff @ 0x94feb0
CIRCLE: _ZL3MAXI9AP_ParamTIfL11ap_var_type4EEfEDTqugtfp_fp0_fp_fp0_ERKT_RKT0_ @ 0x9500f0
CIRCLE: _ZL3MAXI9AP_ParamTIfL11ap_var_type4EEfEDTqugtfp_fp0_fp_fp0_ERKT_RKT0_.1138 @ 0x950180
CIRCLE: _ZN4Mode12set_reversedEb @ 0x950290
CIRCLE: _ZN8AR_WPNav12set_reversedEb @ 0xaccfd0
CIRCLE: _ZN12AP_MotorsUGV12set_steeringEfb @ 0x950b70
CIRCLE: _ZNK7Vector2IfE9projectedERKS0_ @ 0xacd170
CIRCLE: _ZN13AR_PosControl16input_pos_targetERK7Vector2IdEf @ 0x950bf0
CIRCLE: _ZN13AR_PosControl6updateEf @ 0x950c90
CIRCLE: _ZNK13AR_PosControl17get_desired_speedEv @ 0xacd210
CIRCLE: _ZNK13AR_PosControl26get_desired_turn_rate_radsEv @ 0xacd260
CIRCLE: _ZN4Mode28calc_steering_from_turn_rateEf @ 0x951850
CIRCLE: _ZN18AR_AttitudeControl21get_steering_out_rateEfbbf @ 0x951930
CIRCLE: _ZN4Mode12set_steeringEf @ 0x951db0
CIRCLE: _ZNK4Mode19allows_stick_mixingEv @ 0xacd2b0
CIRCLE: _ZL7radiansf.11065 @ 0x952030
CIRCLE: _ZNK18AR_AttitudeControl28get_turn_rate_from_lat_accelEff @ 0x952080
CIRCLE: _ZN13AR_PosControl19handle_ekf_xy_resetEv @ 0x9521d0
CIRCLE: _ZN9AC_PID_2D7reset_IEv @ 0x952330
CIRCLE: _ZN9AC_PID_2D12reset_filterEv @ 0xacd370
CIRCLE: _ZN7AC_P_2D10update_allER7Vector2IdERKS1_ @ 0x952390
CIRCLE: _ZN7AC_P_2D2kPEv @ 0xacd3c0
CIRCLE: _ZNK18AR_AttitudeControl19steering_limit_leftEv @ 0xacd410
CIRCLE: _ZNK18AR_AttitudeControl20steering_limit_rightEv @ 0xacd470
CIRCLE: _ZN9AC_PID_2D10update_allERK7Vector2IfES3_fS3_ @ 0x9524f0
CIRCLE: _ZNK9AC_PID_2D5get_iEv @ 0x952a30
CIRCLE: _ZN9AC_PID_2D14set_integratorERK7Vector2IfE @ 0x952a80
CIRCLE: _ZL3MAXIffEDTqugtfp_fp0_fp_fp0_ERKT_RKT0_.11115 @ 0x952b10
CIRCLE: _ZNK9AC_PID_2D16get_filt_E_alphaEf @ 0x952b90
CIRCLE: _ZNK9AC_PID_2D16get_filt_D_alphaEf @ 0x952c10
CIRCLE: _ZN9AC_PID_2D8update_iEfRK7Vector2IfE @ 0x952c90
CIRCLE: _ZN13AR_PosControl26input_pos_vel_accel_targetERK7Vector2IdERKS0_IfES6_f @ 0x952e00
CIRCLE: _ZNK13AR_PosControl21get_desired_lat_accelEv @ 0xace1f0
CIRCLE: _ZNK13AR_PosControl13get_pos_errorEv @ 0x957ff0
CIRCLE: _ZN13AR_PosControl24set_pos_vel_accel_targetERK7Vector2IdERKS0_IfES6_ @ 0x958640
CIRCLE: _ZL3MAXIffEDTqugtfp_fp0_fp_fp0_ERKT_RKT0_.1136 @ 0x95f2b0
CIRCLE: _ZN10ModeCircle19check_config_radiusEv @ 0x95f330
CIRCLE: _ZN8ModeAuto5_exitEv @ 0x960630
CIRCLE: _ZN10ModeCircle18check_config_speedEv @ 0x960db0
CIRCLE: _ZL3MAXIfiEDTqugtfp_fp0_fp_fp0_ERKT_RKT0_ @ 0x960ea0
CIRCLE: _ZNK10ModeCircle20get_desired_locationER8Location @ 0x961120
CIRCLE: _ZL7degreesf.1141 @ 0x9611d0
CIRCLE: _ZNK10ModeCircle27get_distance_to_destinationEv @ 0xacf620
CIRCLE: _ZNK10ModeCircle21get_desired_lat_accelEv @ 0x9613d0
CIRCLE: _ZNK10ModeCircle16crosstrack_errorEv @ 0xacf670
CIRCLE: _ZNK10ModeCircle11nav_bearingEv @ 0x961600
CIRCLE: _ZNK10ModeCircle10wp_bearingEv @ 0x9617a0
CIRCLE: _ZN10ModeCircle6updateEv @ 0x962520
CIRCLE: _ZN10ModeCircle22update_drive_to_radiusEv @ 0x962860
CIRCLE: _ZNK10ModeCircle20get_reached_distanceEv @ 0x9629c0
CIRCLE: _ZN10ModeCircle15update_circlingEv @ 0x962a50
CIRCLE: _ZN7Vector2IdE14offset_bearingEdd @ 0xacf720
CIRCLE: _ZL7radiansi.1143 @ 0x962da0
CIRCLE: _ZL2sqf.1144 @ 0x962e00
CIRCLE: _ZL7radiansd.3384 @ 0x962e50
CIRCLE: _ZNK14AP_BattMonitor22capacity_remaining_pctERhh @ 0x964ed0
CIRCLE: _ZNK9GCS_Rover11custom_modeEv @ 0x9655c0
CIRCLE: _ZNK9GCS_Rover10frame_typeEv @ 0x965620
CIRCLE: _ZN9GCS_Rover4chanEh @ 0xad0520
CIRCLE: _ZNK9GCS_Rover19vehicle_initialisedEv @ 0x9656a0
CIRCLE: _ZN9GCS_Rover34update_vehicle_sensor_status_flagsEv @ 0x965850
CIRCLE: _ZN11GCS_MAVLINK14packetReceivedERK16__mavlink_statusRK17__mavlink_message @ 0x965c50
CIRCLE: _ZNK11GCS_MAVLINK13mission_stateERK10AP_Mission @ 0x965e50
CIRCLE: _ZNK17GCS_MAVLINK_Rover16send_rangefinderEv @ 0x965f30
CIRCLE: _ZNK17GCS_MAVLINK_Rover26send_nav_controller_outputEv @ 0x966070
CIRCLE: _ZN17GCS_MAVLINK_Rover15send_pid_tuningEv @ 0x9661e0
CIRCLE: _ZN11GCS_MAVLINK21send_scaled_pressure3Ev @ 0x966b20
CIRCLE: _ZNK11GCS_MAVLINK13send_attitudeEv @ 0x966b80
CIRCLE: _ZN17GCS_MAVLINK_Rover31send_position_target_global_intEv @ 0x966d50
CIRCLE: _ZNK11GCS_MAVLINK17send_winch_statusEv @ 0xad08b0
CIRCLE: _ZNK17GCS_MAVLINK_Rover9base_modeEv @ 0x9670d0
CIRCLE: _ZNK17GCS_MAVLINK_Rover21vehicle_system_statusEv @ 0x967220
CIRCLE: _ZNK11GCS_MAVLINK19persist_streamratesEv @ 0xad09a0
CIRCLE: _ZN17GCS_MAVLINK_Rover25handle_command_int_packetERK23__mavlink_command_int_tRK17__mavlink_message @ 0x9673b0
CIRCLE: _ZN17GCS_MAVLINK_Rover14handle_messageERK17__mavlink_message @ 0x967a60
CIRCLE: _ZN17GCS_MAVLINK_Rover16try_send_messageE10ap_message @ 0x968c90
CIRCLE: _ZN11GCS_MAVLINK24send_global_position_intEv @ 0x968ee0
CIRCLE: _ZNK11GCS_MAVLINK23global_position_int_altEv @ 0x969060
CIRCLE: _ZNK11GCS_MAVLINK32global_position_int_relative_altEv @ 0x9690c0
CIRCLE: _ZNK11GCS_MAVLINK17vfr_hud_climbrateEv @ 0x969130
CIRCLE: _ZNK11GCS_MAVLINK16vfr_hud_airspeedEv @ 0x9691f0
CIRCLE: _ZNK17GCS_MAVLINK_Rover16vfr_hud_throttleEv @ 0x969290
CIRCLE: _ZNK11GCS_MAVLINK11vfr_hud_altEv @ 0x9692f0
CIRCLE: _ZN11GCS_MAVLINK35convert_COMMAND_LONG_to_COMMAND_INTERK24__mavlink_command_long_tR23__mavlink_command_int_t9MAV_FRAME @ 0x969710
CIRCLE: _ZN11GCS_MAVLINK28command_long_stores_locationE7MAV_CMD @ 0x969ca0
CIRCLE: _ZL30convert_COMMAND_LONG_loc_paramfb @ 0x969d80
CIRCLE: _ZL7degreesf.11 @ 0x969e30
CIRCLE: _ZL3MINIfiEDTqultfp_fp0_fp_fp0_ERKT_RKT0_ @ 0x969e80
CIRCLE: _ZNK4Mode11speed_errorEv @ 0xad0b40
CIRCLE: _ZL36mavlink_msg_global_position_int_send17mavlink_channel_tjiiiissst @ 0x96a420
CIRCLE: _ZN17GCS_MAVLINK_Rover14send_servo_outEv @ 0x96a540
CIRCLE: _ZN5Rover27send_wheel_encoder_distanceE17mavlink_channel_t @ 0x96a6f0
CIRCLE: _ZNK11AP_WindVane9send_windE17mavlink_channel_t @ 0x96a880
CIRCLE: _ZNK11GCS_MAVLINK23get_ap_message_intervalE10ap_messageRt @ 0x96a990
CIRCLE: _ZN13AP_OADatabase17send_adsb_vehicleE17mavlink_channel_tt @ 0x96aac0
CIRCLE: _ZN17GCS_MAVLINK_Rover16send_water_depthEv @ 0x96b060
CIRCLE: _ZN11GCS_MAVLINK16try_send_messageE10ap_message @ 0x96b350
CIRCLE: _ZN11GCS_MAVLINK17queued_param_sendEv @ 0x96c000
CIRCLE: _ZNK11GCS_MAVLINK14send_heartbeatEv @ 0x96c2b0
CIRCLE: _ZNK11GCS_MAVLINK8send_rpmEv @ 0x96c670
CIRCLE: _ZN11GCS_MAVLINK24try_send_mission_messageE10ap_message @ 0x96c750
CIRCLE: _ZN7Compass21send_mag_cal_progressERK11GCS_MAVLINK @ 0x96c950
CIRCLE: _ZN7Compass19send_mag_cal_reportERK11GCS_MAVLINK @ 0x96cba0
CIRCLE: _ZN11GCS_MAVLINK19send_battery_statusEv @ 0x96ced0
CIRCLE: _ZNK7AP_AHRS22send_ekf_status_reportER11GCS_MAVLINK @ 0x96d020
CIRCLE: _ZN11GCS_MAVLINK12send_meminfoEv @ 0x96d120
CIRCLE: _ZNK11GCS_MAVLINK17send_fence_statusEv @ 0x96d1e0
CIRCLE: _ZN11GCS_MAVLINK20send_distance_sensorEv @ 0x96d350
CIRCLE: _ZNK11GCS_MAVLINK16send_system_timeEv @ 0x96d890
CIRCLE: _ZN6AP_GPS20send_mavlink_gps_rawE17mavlink_channel_t @ 0x96d920
CIRCLE: _ZN6AP_GPS20send_mavlink_gps_rtkE17mavlink_channel_th @ 0x96dc70
CIRCLE: _ZN6AP_GPS21send_mavlink_gps2_rawE17mavlink_channel_t @ 0x96dd50
CIRCLE: _ZNK11GCS_MAVLINK19send_local_positionEv @ 0x96e0f0
CIRCLE: _ZNK11GCS_MAVLINK34send_gimbal_device_attitude_statusEv @ 0x96e1c0
CIRCLE: _ZN11GCS_MAVLINK16send_opticalflowEv @ 0x96e580
CIRCLE: _ZN11GCS_MAVLINK17send_power_statusEv @ 0x96e6f0
CIRCLE: _ZNK11GCS_MAVLINK16send_rc_channelsEv @ 0x96e800
CIRCLE: _ZNK11GCS_MAVLINK20send_rc_channels_rawEv @ 0x96eac0
CIRCLE: _ZN11GCS_MAVLINK12send_raw_imuEv @ 0x96ec40
CIRCLE: _ZN11GCS_MAVLINK15send_scaled_imuEhPFv17mavlink_channel_tjssssssssssE @ 0x96f050
CIRCLE: _ZL28mavlink_msg_scaled_imu2_send17mavlink_channel_tjssssssssss @ 0x96f310
CIRCLE: _ZL28mavlink_msg_scaled_imu3_send17mavlink_channel_tjssssssssss @ 0x96f480
CIRCLE: _ZN11GCS_MAVLINK20send_scaled_pressureEv @ 0x96f830
CIRCLE: _ZN11GCS_MAVLINK21send_scaled_pressure2Ev @ 0x96f890
CIRCLE: _ZN11GCS_MAVLINK13send_airspeedEv @ 0x96f8f0
CIRCLE: _ZN11GCS_MAVLINK21send_servo_output_rawEv @ 0x96fab0
CIRCLE: _ZNK11GCS_MAVLINK13send_simstateEv @ 0x96fed0
CIRCLE: _ZN11GCS_MAVLINK15send_sys_statusEv @ 0x96fff0
CIRCLE: _ZN11GCS_MAVLINK10send_ahrs2Ev @ 0x9702e0
CIRCLE: _ZN11GCS_MAVLINK9send_ahrsEv @ 0x9703c0
CIRCLE: _ZN11GCS_MAVLINK12send_vfr_hudEv @ 0x970540
CIRCLE: _ZNK11GCS_MAVLINK14send_vibrationEv @ 0x970680
CIRCLE: _ZNK11GCS_MAVLINK21send_generator_statusEv @ 0x970770
CIRCLE: _ZN12AP_ESC_Telem26send_esc_telemetry_mavlinkEh @ 0x970af0
CIRCLE: _ZN6AP_EFI19send_mavlink_statusE17mavlink_channel_t @ 0x970f80
CIRCLE: _ZN6AP_AIS13get_singletonEv @ 0x971750
CIRCLE: _ZN6AP_AIS4sendE17mavlink_channel_t @ 0x971790
CIRCLE: _ZN11GCS_MAVLINK20send_available_modesEv @ 0x971b00
CIRCLE: _ZNK11GCS_MAVLINK21battery_remaining_pctEh @ 0x972390
CIRCLE: _ZL3MINIhiEDTqultfp_fp0_fp_fp0_ERKT_RKT0_.6112 @ 0x972840
CIRCLE: _ZN12AP_Generator21send_generator_statusERK11GCS_MAVLINK @ 0x973160
CIRCLE: _ZL26mavlink_msg_vibration_send17mavlink_channel_tmfffjjj @ 0x9731e0
CIRCLE: _ZL24mavlink_msg_vfr_hud_send17mavlink_channel_tffstff @ 0x9732f0
CIRCLE: _ZNK7AP_AHRS12get_error_rpEv @ 0x973480
CIRCLE: _ZNK7AP_AHRS13get_error_yawEv @ 0x9734e0
CIRCLE: _ZL21mavlink_msg_ahrs_send17mavlink_channel_tfffffff @ 0x973540
CIRCLE: _ZL22mavlink_msg_ahrs2_send17mavlink_channel_tffffii @ 0x973660
CIRCLE: _ZNK9AP_Logger11num_droppedEv @ 0x973760
CIRCLE: _ZNK14AP_BattMonitor11gcs_voltageEv @ 0xad0c70
CIRCLE: _ZL27mavlink_msg_sys_status_send17mavlink_channel_tjjjttsatttttt @ 0x9737e0
CIRCLE: _ZNK14AP_BattMonitor11gcs_voltageEh @ 0x973980
CIRCLE: _ZNK17AP_Logger_Backend11num_droppedEv @ 0xad0cc0
CIRCLE: _ZL7radiansf.14807 @ 0x973da0
CIRCLE: _ZNK4SITL3SIM13simstate_sendE17mavlink_channel_t @ 0x974120
CIRCLE: _ZL25mavlink_msg_simstate_send17mavlink_channel_tfffffffffii @ 0x9742f0
CIRCLE: _ZL33mavlink_msg_servo_output_raw_send17mavlink_channel_tjhtttttttttttttttt @ 0x974490
CIRCLE: _ZL33mavlink_msg_scaled_pressure2_send17mavlink_channel_tjffss @ 0x974790
CIRCLE: _ZN11GCS_MAVLINK29send_scaled_pressure_instanceEhPFv17mavlink_channel_tjffssE @ 0x974870
CIRCLE: _ZL32mavlink_msg_scaled_pressure_send17mavlink_channel_tjffss @ 0x974a60
CIRCLE: _ZL24mavlink_msg_raw_imu_send17mavlink_channel_tmssssssssshs @ 0x974bc0
CIRCLE: _ZNK11GCS_MAVLINK16sending_mavlink1Ev @ 0x974d40
CIRCLE: _ZNK11GCS_MAVLINK13receiver_rssiEv @ 0x974da0
CIRCLE: _ZL28mavlink_msg_rc_channels_send17mavlink_channel_tjhtttttttttttttttttth @ 0x974fb0
CIRCLE: _ZL29mavlink_msg_power_status_send17mavlink_channel_tttt @ 0x975220
CIRCLE: _ZN8AP_Mount34send_gimbal_device_attitude_statusE17mavlink_channel_t @ 0x975ca0
CIRCLE: _ZL35mavlink_msg_local_position_ned_send17mavlink_channel_tjffffff @ 0x976300
CIRCLE: _ZNK6AP_GPS12gps_yaw_cdegEh @ 0x976410
CIRCLE: _ZNK6AP_GPS23have_gps_yaw_configuredEh @ 0xad0f20
CIRCLE: _ZL28mavlink_msg_gps_raw_int_send17mavlink_channel_tmhiiitttthijjjjt @ 0x976710
CIRCLE: _ZL28mavlink_msg_system_time_send17mavlink_channel_tmj @ 0x976900
CIRCLE: _ZN11GCS_MAVLINK14send_proximityEv @ 0x977ea0
CIRCLE: _ZNK12AP_Proximity12distance_minEv @ 0x978280
CIRCLE: _ZL3MINIjjEDTqultfp_fp0_fp_fp0_ERKT_RKT0_.6116 @ 0x978740
CIRCLE: _ZL24mavlink_msg_meminfo_send17mavlink_channel_tttj @ 0x9787c0
CIRCLE: _ZNK7NavEKF318send_status_reportER11GCS_MAVLINK @ 0x978a60
CIRCLE: _ZNK12NavEKF3_core18send_status_reportER11GCS_MAVLINK @ 0x978af0
CIRCLE: _ZL41mavlink_msg_ekf_status_report_send_struct17mavlink_channel_tPK29__mavlink_ekf_status_report_t @ 0x978ef0
CIRCLE: _ZNK14AP_BattMonitor13option_is_setEhN21AP_BattMonitor_Params7OptionsE @ 0x979a10
CIRCLE: _ZNK11GCS_MAVLINK19send_battery_statusEh @ 0x979ae0
CIRCLE: _ZL3MINIftEDTqultfp_fp0_fp_fp0_ERKT_RKT0_ @ 0x97a370
CIRCLE: _ZNK14AP_BattMonitor14time_remainingERjh @ 0x97a410
CIRCLE: _ZNK14AP_BattMonitor24get_mavlink_charge_stateEh @ 0x97a500
CIRCLE: _ZNK14AP_BattMonitor25get_mavlink_fault_bitmaskEh @ 0x97a630
CIRCLE: _ZL31mavlink_msg_battery_status_send17mavlink_channel_thhhsPKtsiiaihS1_hj @ 0x97a6e0
CIRCLE: _ZN14typesafe_indexIh12TAG_PriorityErmERKh @ 0xad1170
CIRCLE: _ZN11GCS_MAVLINK20send_mission_currentERK10AP_Missiont @ 0x97ae60
CIRCLE: _ZL32mavlink_msg_mission_current_send17mavlink_channel_ttthh @ 0x97b330
CIRCLE: _ZNK11GCS_MAVLINK13system_statusEv @ 0x97b800
CIRCLE: _ZL26mavlink_msg_heartbeat_send17mavlink_channel_thhhjh @ 0x97b890
CIRCLE: _ZN11GCS_MAVLINK28send_parameter_async_repliesEv @ 0x97b970
CIRCLE: _ZN12ObjectBufferIN11GCS_MAVLINK19pending_param_replyEE4peekERS1_ @ 0xad1260
CIRCLE: _ZL35mavlink_msg_rc_channels_scaled_send17mavlink_channel_tjhssssssssh @ 0x97c5e0
CIRCLE: _ZN11GCS_MAVLINK14handle_messageERK17__mavlink_message @ 0x980fb0
CIRCLE: _ZN11GCS_MAVLINK16handle_heartbeatERK17__mavlink_message @ 0x981b30
CIRCLE: _ZN11GCS_MAVLINK19handle_command_longERK17__mavlink_message @ 0x982ea0
CIRCLE: _ZN11GCS_MAVLINK26handle_request_data_streamERK17__mavlink_message @ 0x9844e0
CIRCLE: _ZNK3GCS12sysid_is_gcsEh @ 0x989b40
CIRCLE: _ZN11GCS_MAVLINK16sysid_mygcs_seenEj @ 0x989de0
CIRCLE: _ZN3GCS16sysid_mygcs_seenEj @ 0xad1e30
CIRCLE: _ZL38mavlink_msg_request_data_stream_decodePK17__mavlink_messageP31__mavlink_request_data_stream_t @ 0x98b050
CIRCLE: _ZN9AP_Logger13Write_CommandERK23__mavlink_command_int_thh10MAV_RESULTb @ 0x98e2f0
CIRCLE: _ZL31mavlink_msg_command_long_decodePK17__mavlink_messageP24__mavlink_command_long_t @ 0x98e470
CIRCLE: _ZN11GCS_MAVLINK31try_command_long_as_command_intERK24__mavlink_command_long_tRK17__mavlink_message @ 0x98e540
CIRCLE: _ZN11GCS_MAVLINK16_set_mode_commonEhj @ 0x990da0
CIRCLE: _ZN12ObjectBufferIN7GCS_FTP11TransactionEE3popERS1_ @ 0xad23f0
CIRCLE: _ZN11GCS_MAVLINK25handle_command_int_packetERK23__mavlink_command_int_tRK17__mavlink_message @ 0x997060
CIRCLE: _ZN11GCS_MAVLINK26handle_command_do_set_modeERK23__mavlink_command_int_t @ 0x998320
CIRCLE: _ZL43mavlink_msg_position_target_global_int_send17mavlink_channel_tjhtiifffffffff @ 0x99be60
CIRCLE: _ZL25mavlink_msg_attitude_send17mavlink_channel_tjffffff @ 0x99c210
CIRCLE: _ZL38mavlink_msg_nav_controller_output_send17mavlink_channel_tffsstfff @ 0x99c5f0
CIRCLE: _ZN15MAVLink_routing17check_and_forwardER11GCS_MAVLINKRK17__mavlink_message @ 0x99c7d0
CIRCLE: _ZN9AP_Follow10handle_msgERK17__mavlink_message @ 0x99cd40
CIRCLE: _ZNK11GCS_MAVLINK13accept_packetERK16__mavlink_statusRK17__mavlink_message @ 0x99cec0
CIRCLE: _ZNK9AP_Follow21should_handle_messageERK17__mavlink_message @ 0x99cfe0
CIRCLE: _ZN15MAVLink_routing11learn_routeER11GCS_MAVLINKRK17__mavlink_message @ 0x99dfb0
CIRCLE: _ZN15MAVLink_routing16handle_heartbeatER11GCS_MAVLINKRK17__mavlink_message @ 0x99e250
CIRCLE: _ZN15MAVLink_routing11get_targetsERK17__mavlink_messageRsS3_ @ 0x99e480
CIRCLE: _ZNK10ModeCircle11mode_numberEv @ 0xad46e0
CIRCLE: _ZNK10ModeCircle5name4Ev @ 0xad4730
CIRCLE: _ZNK10ModeCircle17is_autopilot_modeEv @ 0xad4780
CIRCLE: _ZN10ModeCircle6_enterEv @ 0x9a9ad0
CIRCLE: _ZL3MINIffEDTqultfp_fp0_fp_fp0_ERKT_RKT0_.1137 @ 0x9a9e60
CIRCLE: _ZN17RC_Channels_Rover7channelEh @ 0xad4f10
CIRCLE: _ZN11RC_Channels16read_mode_switchEv @ 0x9adab0
CIRCLE: _ZNK17RC_Channels_Rover14in_rc_failsafeEv @ 0x9adb40
CIRCLE: _ZNK17RC_Channels_Rover15has_valid_inputEv @ 0x9adba0
CIRCLE: _ZNK17RC_Channels_Rover18get_arming_channelEv @ 0x9adc20
CIRCLE: _ZNK17RC_Channels_Rover26flight_mode_channel_numberEv @ 0x9adc70
CIRCLE: mode_to_string @ 0xa1d140
CIRCLE: mode_entry @ 0xa1d2c0
----------------------
Mode: 5 (LOITER)
LOITER: _ZN15AP_Arming_Rover14pre_arm_checksEb @ 0x5bfbf0
LOITER: _ZN2AP13serialmanagerEv @ 0x5c1810
LOITER: _ZNK9AP_ParamTIiL11ap_var_type3EEcvRKiEv @ 0xa21b60
LOITER: _Z3gcsv @ 0x5c4420
LOITER: _ZN11GCS_MAVLINK19active_channel_maskEv @ 0xa21f60
LOITER: _ZN11GCS_MAVLINK20private_channel_maskEv @ 0xa21fe0
LOITER: _ZN3GCS13get_singletonEv @ 0xa22020
LOITER: _ZNK16AP_SerialManager22find_protocol_instanceENS_14SerialProtocolEh @ 0x5c45c0
LOITER: _ZNK13AP_ParamTBaseIaL11ap_var_type1EE3getEv @ 0xa22060
LOITER: _ZNK16AP_SerialManager14protocol_matchENS_14SerialProtocolES0_ @ 0x5c4760
LOITER: _ZN16AP_SerialManager13get_singletonEv @ 0xa220b0
LOITER: _Z2rcv @ 0x5c4860
LOITER: _ZN11RC_Channels13get_singletonEv @ 0xa22150
LOITER: _ZNK9AP_ParamTIaL11ap_var_type1EEcvRKaEv @ 0xa22220
LOITER: _ZN6AP_HAL6millisEv @ 0x5c4ee0
LOITER: _ZN13WithSemaphoreD2Ev @ 0x5c4f20
LOITER: _ZN6AP_HAL8millis64Ev @ 0x5c4f80
LOITER: _ZN6AP_HAL8micros64Ev @ 0x5c4fc0
LOITER: _ZL14uint64_div1000m @ 0x5c5060
LOITER: _ZN7HALSITL9Scheduler4fromEPN6AP_HAL9SchedulerE @ 0xa22270
LOITER: _ZNK7HALSITL9Scheduler18stopped_clock_usecEv @ 0xa222c0
LOITER: _ZNK13AP_ParamTBaseIsL11ap_var_type2EE3getEv @ 0xa22310
LOITER: _ZN13WithSemaphoreC2ERN6AP_HAL9SemaphoreEj @ 0x5c51b0
LOITER: _ZN2AP9proximityEv @ 0x5c5290
LOITER: _ZN12AP_Proximity13get_singletonEv @ 0xa223a0
LOITER: _ZN2AP9schedulerEv @ 0x5c55b0
LOITER: _ZN12AP_Scheduler25get_filtered_loop_rate_hzEv @ 0xa22420
LOITER: _ZN12AP_Scheduler16get_loop_rate_hzEv @ 0xa22470
LOITER: _ZN10AP_Terrain13get_singletonEv @ 0xa22500
LOITER: _ZN12AP_Scripting13get_singletonEv @ 0xa225a0
LOITER: _ZN2AP13internalerrorEv @ 0x5c5920
LOITER: _ZNK16AP_InternalError6errorsEv @ 0xa22700
LOITER: _ZNK16AP_InternalError15last_error_lineEv @ 0xa22750
LOITER: _ZN2AP3rpmEv @ 0x5c5ab0
LOITER: _ZN2AP5relayEv @ 0x5c5e20
LOITER: _ZN12SRV_Channels17function_assignedEN11SRV_Channel8FunctionE @ 0x5c6660
LOITER: _ZNK9AP_ParamTIsL11ap_var_type2EEcvRKsEv @ 0xa22830
LOITER: _ZN12SRV_Channels25update_aux_servo_functionEv @ 0x5c67b0
LOITER: _ZNK7BitmaskILt190EE3getEt @ 0xa22880
LOITER: _ZNK7BitmaskILt190EE8validateEt @ 0xa22950
LOITER: _ZN7BitmaskILt190EE8clearallEv @ 0xa229e0
LOITER: _ZNK11SRV_Channel14valid_functionEv @ 0xa22a40
LOITER: _ZN11SRV_Channel24aux_servo_function_setupEv @ 0x5c72b0
LOITER: _ZN7BitmaskILt190EE3setEt @ 0xa22aa0
LOITER: _ZNK9AP_Enum16IN11SRV_Channel8FunctionEEcvKS1_Ev @ 0xa22b60
LOITER: _ZN11SRV_Channel14valid_functionENS_8FunctionE @ 0xa22bb0
LOITER: _ZN8AP_Relay13get_singletonEv @ 0xa22c60
LOITER: _ZN6AP_RPM13get_singletonEv @ 0xa22ca0
LOITER: _ZNK12AP_Scripting13option_is_setENS_11DebugOptionE @ 0xa22d90
LOITER: _ZNK13AP_ParamTBaseIiL11ap_var_type3EE3getEv @ 0xa22e90
LOITER: _ZNK2AP8PerfInfo25get_filtered_loop_rate_hzEv @ 0x5c76a0
LOITER: _ZNK2AP8PerfInfo17get_filtered_timeEv @ 0x5c7730
LOITER: _ZN12AP_Scheduler13get_singletonEv @ 0x5c7780
LOITER: _ZN2AP7missionEv @ 0x5c77c0
LOITER: _ZNK10AP_Mission12num_commandsEv @ 0xa22ee0
LOITER: _ZN2AP4ahrsEv @ 0x5c80f0
LOITER: _ZNK7AP_AHRS8get_homeEv @ 0xa22ff0
LOITER: _ZNK13StorageAccess10read_blockEPvtm @ 0x5c8220
LOITER: _ZN7AP_AHRS13get_singletonEv @ 0xa23040
LOITER: _ZN8LocationC2Ev @ 0xa23080
LOITER: _ZN8Location4zeroEv @ 0x5c8750
LOITER: _ZN10AP_Mission13get_singletonEv @ 0xa230d0
LOITER: _ZNK7AP_AHRS12get_locationER8Location @ 0x5c88f0
LOITER: _ZN2AP7vehicleEv @ 0x5c8b60
LOITER: _ZNK10AP_Mission7presentEv @ 0xa231b0
LOITER: _ZN10AP_Vehicle13get_singletonEv @ 0x5c8ba0
LOITER: _ZNK8Location12get_distanceERKS_ @ 0x5c8dc0
LOITER: _ZNK9AP_ParamTIfL11ap_var_type4EEcvRKfILb1EEEv @ 0xa23220
LOITER: _ZN8Location14diff_longitudeEii @ 0x5c8e90
LOITER: _ZN8Location15longitude_scaleEi @ 0x5c8f70
LOITER: _Z4normIddJEEdT_T0_DpKT1_ @ 0xa23270
LOITER: _Z2sqIdJdEEdT_DpKT0_ @ 0xa232e0
LOITER: _Z2sqIdEdT_ @ 0xa23360
LOITER: _ZL3MAXIdfEDTqugtfp_fp0_fp_fp0_ERKT_RKT0_ @ 0x5c9010
LOITER: _ZN8LocationC2EiiiNS_8AltFrameE @ 0x5c90b0
LOITER: _ZN8Location10set_alt_cmEiNS_8AltFrameE @ 0x5c9150
LOITER: _ZN11RC_Channels23get_valid_channel_countEv @ 0x5c93f0
LOITER: _ZNK10RC_Channel12has_overrideEv @ 0x5c9460
LOITER: _ZNK13AP_ParamTBaseIfL11ap_var_type4EE3getEv @ 0xa23600
LOITER: _Z11is_positiveIfEbT_ @ 0xa23650
LOITER: _Z7is_zerof @ 0xa236b0
LOITER: _ZL3MINIihEDTqultfp_fp0_fp_fp0_ERKT_RKT0_.6275 @ 0x5c9520
LOITER: _ZN5Rover15ekf_position_okEv @ 0x5c9e10
LOITER: _ZNK7AP_AHRS17have_inertial_navEv @ 0x5c9f80
LOITER: _ZNK7AP_AHRS17get_filter_statusER17nav_filter_status @ 0x5c9fe0
LOITER: _ZNK9AP_Arming8is_armedEv @ 0x5ca110
LOITER: _ZNK7AP_AHRS8ekf_typeEv @ 0x5ca260
LOITER: _ZNK7NavEKF315getFilterStatusER17nav_filter_status @ 0x5ca3f0
LOITER: _ZN2AP12externalAHRSEv @ 0x5ca6e0
LOITER: _ZNK15AP_ExternalAHRS17get_filter_statusER17nav_filter_status @ 0x5ca720
LOITER: _ZN15AP_ExternalAHRS13get_singletonEv @ 0xa23940
LOITER: _ZNK12NavEKF3_core15getFilterStatusER17nav_filter_status @ 0x5ca8b0
LOITER: _ZNK7AP_AHRS14always_use_EKFEv @ 0xa23980
LOITER: _ZNK7AP_AHRS15active_EKF_typeEv @ 0xa239e0
LOITER: _ZNK7AP_AHRS7healthyEv @ 0x5ca990
LOITER: _ZN2AP7compassEv @ 0x5cb430
LOITER: _ZNK7Compass11use_for_yawEv @ 0x5cb470
LOITER: _ZNK16AP_NavEKF_Source12getYawSourceEh @ 0x5cc2e0
LOITER: _ZNK12NavEKF3_core7healthyEv @ 0x5cc5a0
LOITER: _ZNK16AP_NavEKF_Source14useVelXYSourceENS_8SourceXYEh @ 0x5cc960
LOITER: _ZNK16AP_NavEKF_Source18getActiveSourceSetEh @ 0xa23a30
LOITER: _ZNK7AP_EnumIN16AP_NavEKF_Source8SourceXYEEcvKS1_Ev @ 0xa23ae0
LOITER: _ZNK16AP_NavEKF_Source13option_is_setENS_13SourceOptionsE @ 0xa23b30
LOITER: _ZNK12NavEKF3_core15getFilterFaultsERt @ 0x5cca90
LOITER: _ZNK11QuaternionTIdE6is_nanEv @ 0xa23bb0
LOITER: _ZNK7Vector3IdE6is_nanEv @ 0xa23cb0
LOITER: _ZNK7AP_EnumIN16AP_NavEKF_Source9SourceYawEEcvKS1_Ev @ 0xa23d80
LOITER: _ZN2AP3dalEv @ 0x5ccbb0
LOITER: _ZN6AP_DAL7compassEv @ 0xa23dd0
LOITER: _ZNK14AP_DAL_Compass15get_num_enabledEv @ 0xa23e20
LOITER: _ZN6AP_DAL13get_singletonEv @ 0xa23e70
LOITER: _ZN7Matrix3IfEC2Ev @ 0xa242b0
LOITER: _ZN7Vector3IfEC2Ev @ 0xa243a0
LOITER: _ZN11QuaternionTIfEC2Ev @ 0xa24520
LOITER: _ZN7Vector2IfEC2Ev @ 0xa24590
LOITER: _ZN6AP_DAL4baroEv @ 0xa245f0
LOITER: _ZN6AP_DAL6beaconEv @ 0xa24690
LOITER: _ZN6AP_DAL3gpsEv @ 0xa24750
LOITER: _ZN6AP_DAL11rangefinderEv @ 0xa24860
LOITER: _ZN6AP_DAL10visualodomEv @ 0xa248b0
LOITER: _ZNK7Compass7healthyEh @ 0x5cd520
LOITER: _ZNK7Compass11use_for_yawEh @ 0x5cd5c0
LOITER: _ZNK7Compass9availableEv @ 0xa249d0
LOITER: _ZN14typesafe_indexIh12TAG_PriorityEC2Eh @ 0xa24a50
LOITER: _ZNK19RestrictIDTypeArrayI9AP_ParamTIaL11ap_var_type1EELj3E14typesafe_indexIh12TAG_PriorityEEixERKS5_ @ 0xa24ab0
LOITER: _ZNK7AP_EnumIN7Compass9LearnTypeEEcvKS1_Ev @ 0xa24b30
LOITER: _ZNK14typesafe_indexIh12TAG_PriorityE7get_intEv @ 0xa24b80
LOITER: _ZNK7Compass10_get_stateE14typesafe_indexIh12TAG_PriorityE @ 0xa24bd0
LOITER: _ZNK7Compass13_get_state_idE14typesafe_indexIh12TAG_PriorityE @ 0x5cd6a0
LOITER: _ZNK19RestrictIDTypeArrayIN7Compass9mag_stateELj4E14typesafe_indexIh14TAG_StateIndexEEixERKS4_ @ 0xa24c50
LOITER: _ZNK14typesafe_indexIh14TAG_StateIndexE7get_intEv @ 0xa24cd0
LOITER: _ZNK19RestrictIDTypeArrayIiLj3E14typesafe_indexIh12TAG_PriorityEEixERKS2_ @ 0xa24d20
LOITER: _ZN14typesafe_indexIh14TAG_StateIndexEC2Eh @ 0xa24da0
LOITER: _ZNK14typesafe_indexIh14TAG_StateIndexEltERKh @ 0xa24e00
LOITER: _ZN14typesafe_indexIh14TAG_StateIndexEppEi @ 0xa24e70
LOITER: _ZN7Compass13get_singletonEv @ 0xa24ee0
LOITER: _ZNK7NavEKF211activeCoresEv @ 0xa24f20
LOITER: _ZNK7NavEKF311activeCoresEv @ 0xa25360
LOITER: _ZN11QuaternionTIfE20from_rotation_matrixERK7Matrix3IfE @ 0xa25410
LOITER: _ZNK12NavEKF3_core11use_compassEv @ 0x5cdd30
LOITER: _ZNK14AP_DAL_Compass11use_for_yawEh @ 0xa25920
LOITER: _ZNK12NavEKF3_core20getRotationBodyToNEDER7Matrix3IfE @ 0x5cde00
LOITER: _ZNK11QuaternionTIdE15rotation_matrixER7Matrix3IfE @ 0xa25990
LOITER: _ZNK6AP_DAL43get_rotation_vehicle_body_to_autopilot_bodyEv @ 0xa25ba0
LOITER: _ZNK7Matrix3IfEmlERKS0_ @ 0xa25bf0
LOITER: _ZN7Vector3IfEC2Efff @ 0xa25e60
LOITER: _ZN7Matrix3IfEC2ERK7Vector3IfES4_S4_ @ 0xa25ef0
LOITER: _ZN7Vector3IfEdVEf @ 0xa25fa0
LOITER: _Z7wrap_PId @ 0x5cdf10
LOITER: _ZN7Vector3IfEmLEf @ 0xa26030
LOITER: _Z8wrap_2PId @ 0x5cdfa0
LOITER: _ZN11QuaternionTIfEC2Effff @ 0xa26370
LOITER: _ZNK11QuaternionTIfE15rotation_matrixER7Matrix3IfE @ 0xa26420
LOITER: _ZNK7Matrix3IfE13mul_transposeERK7Vector3IfE @ 0xa26610
LOITER: _ZNK7Vector3IfEmiERKS0_ @ 0xa26720
LOITER: _ZNK7Vector3IfE6lengthEv @ 0xa267d0
LOITER: _Z20constrain_value_lineIfET_S0_S0_S0_j @ 0xa26830
LOITER: _Z4normIffJfEEdT_T0_DpKT1_ @ 0xa26950
LOITER: _Z2sqIfJffEEdT_DpKT0_ @ 0xa269d0
LOITER: _ZL2sqf.3424 @ 0x5ce090
LOITER: _Z2sqIfJfEEdT_DpKT0_ @ 0xa26a70
LOITER: _ZL2sqf.1606 @ 0x5ce0e0
LOITER: _ZNK7AP_AHRS24get_rotation_body_to_nedEv @ 0xa26af0
LOITER: _ZN2AP3gpsEv @ 0x5ce1f0
LOITER: _ZNK6AP_GPS8get_typeEh @ 0xa26be0
LOITER: _ZNK7AP_EnumIN6AP_GPS8GPS_TypeEEcvKS1_Ev @ 0xa26c70
LOITER: _ZN6AP_GPS13get_singletonEv @ 0xa26cc0
LOITER: _ZNK7NavEKF37healthyEv @ 0x5ce340
LOITER: _ZNK6AP_GPS11num_sensorsEv @ 0x5ce650
LOITER: _ZNK6AP_GPS14primary_sensorEv @ 0xa26da0
LOITER: _ZNK6AP_GPS6statusEh @ 0xa26df0
LOITER: _ZNK6AP_GPS10is_healthyEh @ 0x5ce6d0
LOITER: _ZNK7AP_AHRS11home_is_setEv @ 0xa26eb0
LOITER: _ZNK6AP_GPS8locationEv @ 0xa26f10
LOITER: _ZNK6AP_GPS22first_unconfigured_gpsERh @ 0x5ce990
LOITER: _ZNK6AP_GPS8locationEh @ 0xa26f70
LOITER: _ZNK6AP_GPS12is_rtk_roverEh @ 0x5cee40
LOITER: _ZN2AP3insEv @ 0x5cf1a0
LOITER: _ZNK17AP_InertialSensor19get_gyro_health_allEv @ 0x5cf1e0
LOITER: _ZNK17AP_InertialSensor22gyro_calibrated_ok_allEv @ 0x5cf2a0
LOITER: _ZNK17AP_InertialSensor20get_accel_health_allEv @ 0x5cf3b0
LOITER: _ZNK17AP_InertialSensor23accel_calibrated_ok_allEv @ 0x5cf470
LOITER: _ZNK10AP_GyroFFT16analysis_enabledEv @ 0xa27190
LOITER: _ZN7Vector3IfEixEh @ 0xa27520
LOITER: _ZN10DigitalLPFIfE6_applyERKfS2_ @ 0xa27880
LOITER: _Z15constrain_int16sss @ 0xa27e80
LOITER: _Z15constrain_valueIsET_S0_S0_S0_ @ 0xa27f10
LOITER: _ZNK10ByteBuffer5spaceEv @ 0x5d20b0
LOITER: _ZN10ByteBuffer5writeEPKhj @ 0x5d2310
LOITER: _ZN10ByteBuffer7reserveEPNS_5IoVecEj @ 0x5d2430
LOITER: _ZN10ByteBuffer6commitEj @ 0x5d2660
LOITER: _ZNK10ByteBuffer8get_sizeEv @ 0xa27fc0
LOITER: _ZNK17AP_InertialSensor14get_gyro_countEv @ 0xa28050
LOITER: _ZNK17AP_InertialSensor4_useEh @ 0xa280c0
LOITER: _ZNK17AP_InertialSensor8_gyro_idEh @ 0xa28120
LOITER: _ZN17AP_InertialSensor8_gyro_idEh @ 0xa28180
LOITER: _ZN17AP_InertialSensor4_useEh @ 0xa281f0
LOITER: _ZL3MINIihEDTqultfp_fp0_fp_fp0_ERKT_RKT0_.3043 @ 0x5d2b90
LOITER: _ZNK7AP_EnumIN22AP_InertialSensor_TCal6EnableEEcvKS1_Ev @ 0xa282c0
LOITER: _ZN17AP_InertialSensor4tcalEh @ 0xa28310
LOITER: _ZNK17AP_InertialSensor8get_gyroEv @ 0xa28380
LOITER: _ZNK17AP_InertialSensor8use_gyroEh @ 0x5d2d50
LOITER: _ZNK17AP_InertialSensor8get_gyroEh @ 0xa283e0
LOITER: _ZNK17AP_InertialSensor15get_gyro_healthEh @ 0xa28450
LOITER: _ZNK17AP_InertialSensor15get_accel_countEv @ 0xa284f0
LOITER: _ZL3MINIihEDTqultfp_fp0_fp_fp0_ERKT_RKT0_ @ 0x5d2fd0
LOITER: _ZNK17AP_InertialSensor9get_accelEv @ 0xa28560
LOITER: _ZNK17AP_InertialSensor9use_accelEh @ 0x5d3060
LOITER: _ZNK17AP_InertialSensor9get_accelEh @ 0xa285c0
LOITER: _ZNK17AP_InertialSensor16get_accel_healthEh @ 0xa28630
LOITER: _ZNK17AP_InertialSensor13_accel_offsetEh @ 0xa286d0
LOITER: _ZNK9AP_ParamVI7Vector3IfEL11ap_var_type5EE3getEv @ 0xa28730
LOITER: _ZNK7Vector3IfE7is_zeroEv @ 0xa28780
LOITER: _ZNK17AP_InertialSensor12_accel_scaleEh @ 0xa28830
LOITER: _ZNK17AP_InertialSensor9_accel_idEh @ 0xa28890
LOITER: _Z8is_equalIffENSt3__19enable_ifIXsr3std17is_floating_pointINS0_11common_typeIJT_T0_EE4typeEEE5valueEbE4typeES3_S4_ @ 0xa288f0
LOITER: _ZN17AP_InertialSensor9_accel_idEh @ 0xa28970
LOITER: _ZN17AP_InertialSensor12_accel_scaleEh @ 0xa289e0
LOITER: _ZN17AP_InertialSensor13_accel_offsetEh @ 0xa28a50
LOITER: _ZNK17AP_InertialSensor18gyro_calibrated_okEh @ 0xa28ac0
LOITER: _ZN17AP_InertialSensor13get_singletonEv @ 0x5d3120
LOITER: _ZN13AP_ParamTBaseIaL11ap_var_type1EE3setERKa @ 0xa290a0
LOITER: _ZN13AP_ParamTBaseIsL11ap_var_type2EE3setERKs @ 0xa29100
LOITER: _ZN13AP_ParamTBaseIiL11ap_var_type3EE3setERKi @ 0xa29170
LOITER: _ZN13AP_ParamTBaseIfL11ap_var_type4EE3setERKf @ 0xa291d0
LOITER: _ZNK7Vector3IfEneERKS0_ @ 0xa29900
LOITER: _ZNK8AP_Param13find_var_infoEPjRPKNS_9GroupInfoERNS_12GroupNestingEPh @ 0x5d4b90
LOITER: _ZNK8AP_Param14copy_name_infoEPKNS_4InfoEPKNS_9GroupInfoERKNS_12GroupNestingEhPcmb @ 0x5d4e10
LOITER: _ZNK8AP_Param14send_parameterEPKc11ap_var_typeh @ 0x5d5070
LOITER: _ZNK8AP_Param13cast_to_floatE11ap_var_type @ 0x5d5210
LOITER: _ZN3GCS20send_parameter_valueEPKc11ap_var_typef @ 0x5d5300
LOITER: _ZL3MINImmEDTqultfp_fp0_fp_fp0_ERKT_RKT0_.5959 @ 0x5d5440
LOITER: _ZN11GCS_MAVLINK14mav_param_typeE11ap_var_type @ 0x5d54c0
LOITER: _ZN8AP_Param16count_parametersEv @ 0x5d5550
LOITER: _ZN3GCS23send_to_active_channelsEjPKc @ 0x5d5700
LOITER: _ZN9AP_Logger13get_singletonEv @ 0xa299d0
LOITER: _ZN9AP_Logger15Write_ParameterEPKcf @ 0x5d5820
LOITER: _ZNK9AP_Logger10quiet_nanfEv @ 0xa29a10
LOITER: _ZN17AP_Logger_Backend15Write_ParameterEPKcff @ 0x5d5910
LOITER: _Z14strncpy_notermPcPKcm @ 0x5d5a30
LOITER: _ZN17AP_Logger_Backend18WriteCriticalBlockEPKvt @ 0xa29a60
LOITER: _ZN17AP_Logger_Backend21WritePrioritisedBlockEPKvtbb @ 0x5d5ae0
LOITER: _ZN17AP_Logger_Backend30validate_WritePrioritisedBlockEPKvt @ 0x5d5cb0
LOITER: _ZN17AP_Logger_Backend9ShouldLogEb @ 0x5d5ea0
LOITER: _ZN17AP_Logger_Backend21ensure_format_emittedEPKvt @ 0x5d6340
LOITER: _ZNK17AP_Logger_Backend23message_type_from_blockEPKvtR11LogMessages @ 0x5d6460
LOITER: _ZNK17AP_Logger_Backend28have_emitted_format_for_typeE11LogMessages @ 0xa29ae0
LOITER: _ZNK7BitmaskILt256EE8validateEt @ 0xa29c10
LOITER: _ZNK7BitmaskILt256EE3getEt @ 0xa29ca0
LOITER: _ZNK6AP_HAL4Util14get_soft_armedEv @ 0xa29d70
LOITER: _ZN2AP6loggerEv @ 0x5d6f60
LOITER: _Z7is_zeroI9AP_ParamTIfL11ap_var_type4EEEbT_ @ 0xa29dd0
LOITER: _ZNK12AP_Scheduler5ticksEv @ 0xa29e30
LOITER: _ZN6AP_HAL8millis16Ev @ 0x5d71b0
LOITER: _ZNK9AP_Logger13WritesEnabledEv @ 0xa29f90
LOITER: _ZNK19LoggerMessageWriter8finishedEv @ 0xa29ff0
LOITER: _ZNK9AP_Logger15in_log_downloadEv @ 0x5d71f0
LOITER: _ZNK9AP_Logger16vehicle_is_armedEv @ 0xa2a050
LOITER: mavlink_get_msg_entry @ 0x5d7440
LOITER: _ZNK3GCS7num_gcsEv @ 0xa2a100
LOITER: _ZNK11GCS_MAVLINK10is_privateEv @ 0xa2a150
LOITER: _ZNK11GCS_MAVLINK9is_activeEv @ 0xa2a1b0
LOITER: _ZN11GCS_MAVLINK12send_messageEPKcPK19__mavlink_msg_entry @ 0xa2a230
LOITER: _ZN11GCS_MAVLINK18check_payload_sizeEt @ 0x5d7560
LOITER: _mav_finalize_message_chan_send @ 0x5d7610
LOITER: _Z26mavlink_get_channel_statush @ 0x5d7960
LOITER: _Z17_mav_trim_payloadPKch @ 0x5d7a40
LOITER: _ZL13crc_calculatePKht @ 0x5d7ae0
LOITER: _ZL21crc_accumulate_bufferPtPKct @ 0x5d7b80
LOITER: _ZL14crc_accumulatehPt @ 0x5d7c20
LOITER: _Z14comm_send_lock17mavlink_channel_tt @ 0x5d7eb0
LOITER: _mavlink_send_uart @ 0x5d7f70
LOITER: _Z16comm_send_unlock17mavlink_channel_t @ 0x5d7ff0
LOITER: _Z16comm_send_buffer17mavlink_channel_tPKhh @ 0x5d8070
LOITER: _ZL13valid_channel17mavlink_channel_t @ 0x5d81e0
LOITER: _Z24gcs_out_of_space_to_send17mavlink_channel_t @ 0x5d8290
LOITER: _ZN11GCS_MAVLINK20out_of_space_to_sendEv @ 0xa2a370
LOITER: _ZL8crc_initPt @ 0x5d8bc0
LOITER: _ZN11GCS_MAVLINK14channel_statusEv @ 0xa2a3d0
LOITER: _ZNK11GCS_MAVLINK7txspaceEv @ 0xa2a420
LOITER: _ZNK11GCS_MAVLINK15packet_overheadEv @ 0xa2a4c0
LOITER: _ZN11GCS_MAVLINK20packet_overhead_chanE17mavlink_channel_t @ 0x5d8c10
LOITER: _ZL3MINIjjEDTqultfp_fp0_fp_fp0_ERKT_RKT0_.5950 @ 0x5d8cf0
LOITER: _ZN11GCS_MAVLINK10is_privateE17mavlink_channel_t @ 0xa2a520
LOITER: _ZN8AP_Param8var_infoEt @ 0xa2a590
LOITER: _ZN8AP_Param14get_group_infoERKNS_4InfoE @ 0x5d9570
LOITER: _ZN8AP_Param14get_group_infoERKNS_9GroupInfoE @ 0x5d9b90
LOITER: _ZN8AP_Param19adjust_group_offsetEtRKNS_9GroupInfoERl @ 0x5d9c10
LOITER: _ZN8AP_Param8group_idEPKNS_9GroupInfoEjhh @ 0x5d9d30
LOITER: _ZN8AP_Param8get_baseERKNS_4InfoERl @ 0x5d9e30
LOITER: _ZNK13AP_ParamTBaseIiL11ap_var_type3EE13cast_to_floatEv @ 0xa2a6d0
LOITER: _ZNK8AP_Param19find_var_info_groupEPKNS_9GroupInfoEtjhlPjRS2_RNS_12GroupNestingEPh @ 0x5d9fc0
LOITER: _ZN8AP_Param4saveEb @ 0x5da4c0
LOITER: _ZN17AP_InertialSensor13caltemp_accelEh @ 0xa2a850
LOITER: _ZNK17AP_InertialSensor15get_temperatureEh @ 0xa2a8c0
LOITER: _ZN7Vector3IfE4zeroEv @ 0xa2ab20
LOITER: _ZNK7Vector3IfErmERKS0_ @ 0xa2ab80
LOITER: _ZNK7Vector3IfEmlERKS0_ @ 0xa2ac60
LOITER: _Z9safe_sqrtIfEfT_ @ 0xa2acf0
LOITER: _ZNK11QuaternionTIfE14get_euler_rollEv @ 0xa2ae80
LOITER: _ZNK11QuaternionTIfE15get_euler_pitchEv @ 0xa2af30
LOITER: _Z9safe_asinIfEfT_ @ 0xa2afa0
LOITER: _ZN7Vector3IfE6rotateE8Rotation @ 0xa2b190
LOITER: _ZNK7Matrix3IfEmlERK7Vector3IfE @ 0xa2c170
LOITER: _ZN7Matrix3IfE10from_eulerEfff @ 0xa2c310
LOITER: _ZN7Matrix3IfEC2Efffffffff @ 0xa2c540
LOITER: _ZNK7Vector3IfEplERKS0_ @ 0xa2c670
LOITER: _ZNK7Vector3IfEdvEf @ 0xa2c720
LOITER: _Z4normIffJEEdT_T0_DpKT1_ @ 0xa2c7c0
LOITER: _ZN7Vector3IfEpLERKS0_ @ 0xa2c830
LOITER: _ZN15ObjectBuffer_TSIN8AP_Param10param_saveEE4peekERS1_ @ 0xa2c8d0
LOITER: _ZN15ObjectBuffer_TSIN8AP_Param10param_saveEE4pushERKS1_ @ 0xa2c980
LOITER: _ZN10ByteBuffer9peekbytesEPhj @ 0x5db470
LOITER: _ZN10ByteBuffer9peekiovecEPNS_5IoVecEj @ 0x5db580
LOITER: _ZNK10ByteBuffer9availableEv @ 0x5db6d0
LOITER: _ZN10ByteBuffer7readptrERj @ 0x5db9b0
LOITER: _ZNK7Vector3IfEngEv @ 0xa2ca60
LOITER: _ZN2AP4sitlEv @ 0x5dbdb0
LOITER: _ZN2AP4baroEv @ 0x5dbdf0
LOITER: _ZNK7AP_Baro11all_healthyEv @ 0x5dbef0
LOITER: _ZNK7AP_Baro7healthyEh @ 0x5dbfa0
LOITER: _ZN7AP_Baro13get_singletonEv @ 0xa2cb40
LOITER: _ZN4SITL3SIM13get_singletonEv @ 0xa2cb80
LOITER: _ZNK9AP_Logger15logging_presentEv @ 0x5dc680
LOITER: _ZNK9AP_Logger15logging_startedEv @ 0x5dc770
LOITER: _ZNK11RC_Channels17option_is_enabledENS_6OptionE @ 0xa2cc10
LOITER: _ZNK11RC_Channels16get_roll_channelEv @ 0x5dc9d0
LOITER: _ZNK11RC_Channels15get_yaw_channelEv @ 0x5dcab0
LOITER: _ZNK10RC_Channel14get_control_inEv @ 0xa2cc90
LOITER: _ZNK11RC_Channels20get_throttle_channelEv @ 0x5dcb20
LOITER: _ZN11RC_Channels23find_channel_for_optionEN10RC_Channel8AUX_FUNCE @ 0x5dcb90
LOITER: _ZN2AP5rcmapEv @ 0x5dce10
LOITER: _ZNK8RCMapper8throttleEv @ 0xa2cd40
LOITER: _ZNK11RC_Channels25get_rcmap_channel_nonnullEh @ 0x5dce50
LOITER: _ZN11RC_Channels10rc_channelEh @ 0xa2cda0
LOITER: _ZN8RCMapper13get_singletonEv @ 0xa2ce00
LOITER: _ZNK8RCMapper3yawEv @ 0xa2ce40
LOITER: _ZNK8RCMapper4rollEv @ 0xa2cf00
LOITER: _ZNK11RC_Channels19flight_mode_channelEv @ 0x5dcee0
LOITER: _ZNK8Sailboat12sail_enabledEv @ 0xa2d270
LOITER: _ZNK11AP_WindVane7enabledEv @ 0x5dcf80
LOITER: _ZNK8AR_WPNav17get_default_speedEv @ 0xa2d2d0
LOITER: _ZNK12AP_MotorsUGV8has_sailEv @ 0x5de2b0
LOITER: _ZNK12AP_MotorsUGV7is_omniEv @ 0xa2d330
LOITER: _ZN12SRV_Channels18get_emergency_stopEv @ 0xa2d440
LOITER: _ZNK10RC_Channel12get_radio_inEv @ 0xa2d480
LOITER: _ZN2AP5fenceEv @ 0x5e0260
LOITER: _ZNK8AC_Fence7presentEv @ 0x5e0840
LOITER: _ZNK8AC_Fence7enabledEv @ 0xa2d590
LOITER: _ZNK19AC_PolyFence_loader17total_fence_countEv @ 0xa2d850
LOITER: _ZNK7Vector2IfEmiERKS0_ @ 0xa2df80
LOITER: _ZNK7Vector2IfEmlERKS0_ @ 0xa2e1f0
LOITER: _ZNK7Vector2IfEmlEf @ 0xa2e270
LOITER: _ZN7Vector2IfEC2Eff @ 0xa2e2f0
LOITER: _ZNK19AC_PolyFence_loader27get_exclusion_polygon_countEv @ 0xa2e420
LOITER: _ZNK19AC_PolyFence_loader27get_inclusion_polygon_countEv @ 0xa2e470
LOITER: _ZNK19AC_PolyFence_loader26get_exclusion_circle_countEv @ 0xa2e4c0
LOITER: _ZNK19AC_PolyFence_loader26get_inclusion_circle_countEv @ 0xa2e510
LOITER: _ZN8AC_Fence13get_singletonEv @ 0xa2e560
LOITER: _ZN2AP10visualodomEv @ 0x5e2080
LOITER: _ZNK13AP_VisualOdom7enabledEv @ 0x5e21f0
LOITER: _ZNK7AP_EnumIN13AP_VisualOdom15VisualOdom_TypeEEcvKS1_Ev @ 0xa2e5a0
LOITER: _ZN13AP_VisualOdom13get_singletonEv @ 0xa2e5f0
LOITER: _ZN6AP_HAL6microsEv @ 0x5e2660
LOITER: _ZN2AP5mountEv @ 0x5e26a0
LOITER: _ZN8AP_Mount13get_singletonEv @ 0xa2e670
LOITER: _ZN2AP3osdEv @ 0x5e2900
LOITER: _ZN6AP_OSD13get_singletonEv @ 0xa2e710
LOITER: _ZN2AP9generatorEv @ 0x5e2c50
LOITER: _ZN12AP_Generator13get_singletonEv @ 0x5e2e10
LOITER: _ZN2AP3canEv @ 0x5e2e50
LOITER: _ZNK13AP_CANManager15get_num_driversEv @ 0xa2e800
LOITER: _ZNK13AP_CANManager15get_driver_typeEh @ 0xa2e850
LOITER: _ZN13AP_CANManager13get_singletonEv @ 0xa2ea50
LOITER: _ZNK11SRV_Channel12get_functionEv @ 0xa2eb90
LOITER: _ZNK11SRV_Channel14get_output_minEv @ 0xa2ec50
LOITER: _ZNK11SRV_Channel14get_output_maxEv @ 0xa2eca0
LOITER: _ZN11SRV_Channel13should_e_stopENS_8FunctionE @ 0x5e3c10
LOITER: _ZN11RangeFinder13get_singletonEv @ 0xa2ed40
LOITER: _ZNK9AP_Logger14logging_failedEv @ 0x5e4240
LOITER: _ZN2AP7batteryEv @ 0x5e43c0
LOITER: _ZNK14AP_BattMonitor15configured_typeEh @ 0xa2ee30
LOITER: _ZNK14AP_BattMonitor14allocated_typeEh @ 0xa2eea0
LOITER: _ZNK22AP_BattMonitor_Backend20check_failsafe_typesERbS0_S0_S0_ @ 0x5e4af0
LOITER: _Z11is_positiveI9AP_ParamTIfL11ap_var_type4EEEbT_ @ 0xa2ef10
LOITER: _ZNK21AP_BattMonitor_Params23failsafe_voltage_sourceEv @ 0xa2eff0
LOITER: _ZL3MAXIffEDTqugtfp_fp0_fp_fp0_ERKT_RKT0_.16928 @ 0x5e4f00
LOITER: _ZN14AP_BattMonitor13get_singletonEv @ 0xa2f050
LOITER: _ZNK7Compass14is_calibratingEv @ 0x5e4f80
LOITER: _ZNK7Compass7healthyEv @ 0xa2f0f0
LOITER: _ZNK7Compass21learn_offsets_enabledEv @ 0xa2f150
LOITER: _ZNK7Compass9get_fieldEv @ 0xa2f280
LOITER: _ZNK7Compass10consistentEv @ 0x5e5340
LOITER: _ZN14AP_Declination18get_earth_field_gaERK8Location @ 0x5e55e0
LOITER: _ZNK7Vector3IfEmlEf @ 0xa2f2e0
LOITER: _ZN14AP_Declination16get_mag_field_efEffRfS0_S0_ @ 0x5e5880
LOITER: _ZL7radiansf.2451 @ 0x5e5e80
LOITER: _Z15constrain_int32iii @ 0xa2f380
LOITER: _Z15constrain_valueIiET_S0_S0_S0_ @ 0xa2f3f0
LOITER: _ZN11AP_AHRS_DCM11use_compassEv @ 0x5e5ff0
LOITER: _ZNK7AP_AHRS15get_fly_forwardEv @ 0xa2f4e0
LOITER: _ZNK11AP_AHRS_DCM8have_gpsEv @ 0x5e61a0
LOITER: _ZNK6AP_GPS12ground_speedEv @ 0xa2f540
LOITER: _ZL7degreesf.1595 @ 0x5e6230
LOITER: _ZNK6AP_GPS13ground_courseEv @ 0xa2f5a0
LOITER: _Z8wrap_180IfET_S0_ @ 0xa2f600
LOITER: _Z8wrap_360f @ 0x5e6280
LOITER: _ZNK6AP_GPS13ground_courseEh @ 0xa2f690
LOITER: _ZNK6AP_GPS12ground_speedEh @ 0xa2f700
LOITER: _ZNK7AP_EnumI6GPSUseEcvKS0_Ev @ 0xa2f770
LOITER: _ZNK6AP_GPS6statusEv @ 0xa2f7c0
LOITER: _ZNK7Vector3IfE2xyEv @ 0xa2f820
LOITER: _ZNK7Compass9get_countEv @ 0xa2f870
LOITER: _ZNK7Compass9get_fieldEh @ 0xa2f8c0
LOITER: _ZNK7Vector2IfE7is_zeroEv @ 0xa2f940
LOITER: _ZNK7Vector3IfE5angleERKS0_ @ 0xa2f9d0
LOITER: _ZL7radiansf.2166 @ 0x5e63a0
LOITER: _ZNK7Vector2IfE5angleERKS0_ @ 0xa2fae0
LOITER: _ZNK7Vector2IfE6lengthEv @ 0xa2fc00
LOITER: _ZNK7Compass11get_offsetsEh @ 0xa2fc60
LOITER: _ZNK9AP_ParamVI7Vector3IfEL11ap_var_type5EEcvRKS1_Ev @ 0xa2fce0
LOITER: _ZNK14typesafe_indexIh12TAG_PriorityEltERKh @ 0xa2fd30
LOITER: _ZNK14typesafe_indexIh12TAG_PriorityEcvhEv @ 0xa2fe20
LOITER: _ZNK14typesafe_indexIh12TAG_PriorityEplERKh @ 0xa2fe70
LOITER: _ZN14typesafe_indexIh12TAG_PriorityEppEi @ 0xa2ff70
LOITER: _ZN19RestrictIDTypeArrayIN7Compass9mag_stateELj4E14typesafe_indexIh14TAG_StateIndexEEixERKS4_ @ 0xa2ffe0
LOITER: _ZN8AP_Param7set_keyERNS_12Param_headerEt @ 0x5e6900
LOITER: _ZN8AP_Param4scanEPKNS_12Param_headerEPt @ 0x5e6990
LOITER: _ZN8AP_Param9type_sizeE11ap_var_type @ 0x5e6b20
LOITER: _ZNK13StorageAccess4sizeEv @ 0xa300d0
LOITER: _ZN8AP_Param7get_keyERKNS_12Param_headerE @ 0x5e6bc0
LOITER: _ZN8AP_Param11is_sentinalERKNS_12Param_headerE @ 0x5e6c30
LOITER: _ZNK19RestrictIDTypeArrayIP17CompassCalibratorLj3E14typesafe_indexIh12TAG_PriorityEEixERKS4_ @ 0xa30120
LOITER: _ZNK12AP_MotorsUGV6activeEv @ 0x5e6d80
LOITER: _ZN15AP_Arming_Rover17update_soft_armedEv @ 0x5e70a0
LOITER: _ZNK9AP_Arming14option_enabledENS_6OptionE @ 0xa301a0
LOITER: _ZN9AP_Logger17set_vehicle_armedEb @ 0x5e7220
LOITER: _ZNK9AP_Arming22get_rudder_arming_typeEv @ 0xa30220
LOITER: _ZN8AC_Fence12clear_breachEh @ 0x5e7ae0
LOITER: _ZN9AP_Logger18WriteCriticalBlockEPKvt @ 0x5e7b50
LOITER: _ZNK12AP_MotorsUGV12get_throttleEv @ 0xa30390
LOITER: _ZNK12AP_MotorsUGV18have_skid_steeringEv @ 0x5e7c00
LOITER: _ZNK12AP_MotorsUGV12get_steeringEv @ 0xa303e0
LOITER: _ZNK7AP_AHRS11get_yaw_radEv @ 0xa30430
LOITER: _ZNK7AP_AHRS38get_relative_position_NED_origin_floatER7Vector3IfE @ 0x5e80a0
LOITER: _ZN11AP_SmartRTL9add_pointERK7Vector3IfE @ 0x5e8310
LOITER: _ZN7HALSITL9Semaphore16take_nonblockingEv @ 0x5e84d0
LOITER: _ZNK11AP_SmartRTL10log_actionENS_6ActionERK7Vector3IfE @ 0x5e8560
LOITER: _ZNK7Vector3IfE16distance_squaredERKS0_ @ 0xa30480
LOITER: _ZL2sqf.11254 @ 0x5e8620
LOITER: _ZN7HALSITL9Semaphore4giveEv @ 0x5e8670
LOITER: _ZN9AP_Logger10Write_SRTLEbtthRK7Vector3IfE @ 0x5e8720
LOITER: _ZN9AP_Logger10WriteBlockEPKvt @ 0x5e8840
LOITER: _ZN17AP_Logger_Backend10WriteBlockEPKvt @ 0xa30540
LOITER: _ZN7Vector3IdEC2Ev @ 0xa30680
LOITER: _ZNK7AP_AHRS32get_relative_position_NED_originER7Vector3IdE @ 0x5e8a30
LOITER: _ZNK7Vector3IdE7tofloatEv @ 0xa306e0
LOITER: _ZN7Vector2IdEC2Ev @ 0xa30760
LOITER: _ZNK7NavEKF38getPosNEER7Vector2IdE @ 0x5e8e50
LOITER: _ZNK7NavEKF37getPosDERd @ 0x5e8ef0
LOITER: _ZN7Vector3IdEC2Eddd @ 0xa307c0
LOITER: _ZNK8Location11initialisedEv @ 0xa30850
LOITER: _ZNK7Vector3IfE8todoubleEv @ 0xa308e0
LOITER: _ZN7Vector3IdEmLEd @ 0xa30960
LOITER: _ZN8Location13offset_latlngERiS0_dd @ 0x5e9560
LOITER: _ZN8Location15limit_lattitudeEi @ 0x5e9660
LOITER: _ZN8Location14wrap_longitudeEl @ 0x5e9700
LOITER: _ZNK11AP_AHRS_SIM12get_locationER8Location @ 0x5e97a0
LOITER: _ZNK8Location23get_distance_NE_postypeERKS_ @ 0x5e9890
LOITER: _ZN7Vector2IdEC2Edd @ 0xa309f0
LOITER: _ZNK12NavEKF3_core7getPosDERd @ 0x5e9980
LOITER: _ZNK12NavEKF3_core13getPosD_localERd @ 0x5e9a50
LOITER: _ZNK12NavEKF3_core12getOriginLLHER8Location @ 0x5e9ae0
LOITER: _ZNK12NavEKF3_core8getPosNEER7Vector2IdE @ 0x5e9bd0
LOITER: _ZNK7Vector3IdE2xyEv @ 0xa30a70
LOITER: _ZNK7Vector2IdE8todoubleEv @ 0xa30ac0
LOITER: _ZNK7Vector2IdEplERKS0_ @ 0xa30b20
LOITER: _ZNK10AP_DAL_GPS6statusEh @ 0xa30bb0
LOITER: _ZNK10AP_DAL_GPS8locationEh @ 0xa30c20
LOITER: _ZN7Vector2IdE4zeroEv @ 0xa30c90
LOITER: _ZNK10AP_DAL_GPS14primary_sensorEv @ 0xa30cf0
LOITER: _ZNK11AP_AHRS_DCM12get_locationER8Location @ 0x5ea220
LOITER: _ZNK7AP_Baro12get_altitudeEv @ 0xa30da0
LOITER: _ZN8Location6offsetEdd @ 0x5ea550
LOITER: _ZNK6AP_GPS7get_lagERf @ 0xa30e00
LOITER: _ZNK6AP_GPS7get_lagEhRf @ 0x5ea5e0
LOITER: _ZNK7AP_Baro12get_altitudeEh @ 0xa30e80
LOITER: _ZNK7AP_AHRS16get_velocity_NEDER7Vector3IfE @ 0x5eabc0
LOITER: _ZNK9AP_ParamTIfL11ap_var_type4EEngEv @ 0xa30f50
LOITER: _ZNK8Location10get_alt_cmENS_8AltFrameERi @ 0x5eb2c0
LOITER: _ZNK8Location13get_alt_frameEv @ 0x5eb600
LOITER: _ZNK7AP_AHRS10get_originER8Location @ 0x5eb6e0
LOITER: _ZNK9AP_Arming18get_enabled_checksEv @ 0x5ec150
LOITER: _ZN7HALSITL9Semaphore4takeEj @ 0x5ec2b0
LOITER: _ZN6AP_HAL9Semaphore13take_blockingEv @ 0xa31720
LOITER: _ZN4SITL6AS56006updateERKNS_8AircraftE @ 0x5ed7d0
LOITER: _ZNK4SITL8Aircraft12get_attitudeER11QuaternionTIfE @ 0xa325c0
LOITER: _ZL7degreesf.19207 @ 0x5edba0
LOITER: _ZN4SITL17I2CRegisters_8Bit12set_registerEhh @ 0x5edc00
LOITER: _ZN4SITL9I2CDevice6updateERKNS_8AircraftE @ 0xa327b0
LOITER: _ZN4SITL13TeraRangerI2C6updateERKNS_8AircraftE @ 0xa32950
LOITER: _ZNK4SITL8Aircraft17rangefinder_rangeEv @ 0x5ee2c0
LOITER: _ZL7radiansf.14466 @ 0x5ee7a0
LOITER: _Z10rand_floatv @ 0x5ee800
LOITER: _ZN4SITL7INA32216updateERKNS_8AircraftE @ 0x5eeae0
LOITER: _ZL15convert_voltagef @ 0x5eef60
LOITER: _ZL15convert_currentf @ 0x5ef030
LOITER: _ZN4SITL8QMC5883L6updateERKNS_8AircraftE @ 0x5ef290
LOITER: _ZN7Vector3IfE14rotate_inverseE8Rotation @ 0xa329c0
LOITER: _ZL7htole16t.13591 @ 0x5ef6a0
LOITER: _ZN7Vector3IsEC2Esss @ 0xa32b70
LOITER: _ZN4SITL10IS31FL31956updateERKNS_8AircraftE @ 0x5ef910
LOITER: _ZN4SITL17I2CRegisters_8Bit12get_registerEh @ 0xa32d10
LOITER: _ZN10SIM_RGBLED11set_coloursEhhh @ 0xa32d70
LOITER: _ZN4SITL6LM27556updateERKNS_8AircraftE @ 0x5f05f0
LOITER: _ZNK4SITL6LM275510LEDChannel13current_valueEv @ 0xa32f80
LOITER: _ZN4SITL6LP55626updateERKNS_8AircraftE @ 0x5f0ba0
LOITER: _ZN4SITL6LP556210LEDChannel6updateEv @ 0x5f0eb0
LOITER: _ZNK4SITL6LP556210LEDChannel13current_valueEv @ 0xa33200
LOITER: _ZN4SITL6MS5XXX6updateERKNS_8AircraftE @ 0x5f0f90
LOITER: _ZN7AP_Baro37get_pressure_temperature_for_alt_amslEfRfS0_ @ 0x5f1f40
LOITER: _ZN7AP_Baro29geometric_alt_to_geopotentialEf @ 0x5f2120
LOITER: _ZL33find_atmosphere_layer_by_altitudef @ 0x5f2180
LOITER: _ZN7AP_Baro33get_temperature_by_altitude_layerEfa @ 0x5f2230
LOITER: _ZN7AP_Baro29get_temperatureC_for_alt_amslEf @ 0x5f2db0
LOITER: _ZN4SITL12InvensenseV36updateERKNS_8AircraftE @ 0x5f2e20
LOITER: _ZNK4SITL8ICM4060911accel_scaleEv @ 0xa33750
LOITER: _ZL7radiansd.13033 @ 0x5f38e0
LOITER: _ZNK4SITL12InvensenseV310gyro_scaleEv @ 0xa337a0
LOITER: _ZN4SITL12InvensenseV313write_to_fifoEhPhh @ 0x5f3930
LOITER: _ZN4SITL7MCP96006updateERKNS_8AircraftE @ 0x5f3e90
LOITER: _ZL7htobe16t.12937 @ 0x5f4460
LOITER: _ZL10__bswap_16t.12939 @ 0x5f44b0
LOITER: _ZNK4SITL31I2CRegisters_ConfigurableLength13get_reg_valueEhRh @ 0x5f4520
LOITER: _ZN4SITL6TSYS036updateERKNS_8AircraftE @ 0x5f4970
LOITER: _ZN4SITL6TSYS016updateERKNS_8AircraftE @ 0x5f53c0
LOITER: _ZN4SITL5SHT3x6updateERKNS_8AircraftE @ 0x5f5ff0
LOITER: _ZN4SITL13Airspeed_DLVR6updateERKNS_8AircraftE @ 0x5f6870
LOITER: _ZN4SITL29SIM_BattMonitor_SMBus_Generic6updateERKNS_8AircraftE @ 0x5f7350
LOITER: _ZNK4SITL29SIM_BattMonitor_SMBus_Generic15connected_cellsEv @ 0xa34090
LOITER: _ZN4SITL21SIM_BattMonitor_SMBus6updateERKNS_8AircraftE @ 0x5f7bb0
LOITER: _ZNK4SITL8Aircraft19get_battery_voltageEv @ 0xa340e0
LOITER: _ZN4SITL11SMBusDevice12set_registerEht @ 0xa34130
LOITER: _ZN4SITL18I2CRegisters_16Bit12set_registerEht @ 0x5f7cc0
LOITER: _ZN4SITL11SMBusDevice12set_registerEhs @ 0xa341b0
LOITER: _ZN4SITL18I2CRegisters_16Bit12set_registerEhs @ 0x5f7d70
LOITER: _ZN4SITL6Rotoye6updateERKNS_8AircraftE @ 0x5f8010
LOITER: _ZN4SITL11SMBusDevice13get_reg_valueEh @ 0xa34460
LOITER: _ZN4SITL18I2CRegisters_16Bit13get_reg_valueEh @ 0xa344d0
LOITER: _ZL7be16toht.19258 @ 0x5f80e0
LOITER: _ZL10__bswap_16t.19259 @ 0x5f8130
LOITER: _ZNK4SITL6Maxell15connected_cellsEv @ 0xa34590
LOITER: _ZN4SITL13MaxSonarI2CXL6updateERKNS_8AircraftE @ 0xa346d0
LOITER: _ZN4SITL10ToshibaLED6updateERKNS_8AircraftE @ 0x5f83f0
LOITER: _ZNK6AP_HAL3HAL6serialEh @ 0xa35110
LOITER: _ZL14fill_stack_nanv @ 0x5f8eb0
LOITER: _ZN7HALSITL9Scheduler13_run_io_procsEv @ 0x5f9230
LOITER: _ZNK7FunctorIvJEEcvbEv @ 0xa35220
LOITER: _ZNK7FunctorIvJEEclEv @ 0xa35280
LOITER: _ZN7HALSITL16I2CDeviceManager11_timer_tickEv @ 0x5f9440
LOITER: _ZN2AP2RCEv @ 0x5f94e0
LOITER: _ZN13AP_RCProtocol6updateEv @ 0x5f9590
LOITER: _ZN13AP_RCProtocol16check_added_uartEv @ 0x5f95e0
LOITER: _ZNK13AP_RCProtocol13should_searchEj @ 0x5f9850
LOITER: _ZN21AP_RCProtocol_Backend9new_inputEv @ 0x5fa010
LOITER: _ZNK17AP_RCProtocol_FDM6activeEv @ 0xa35520
LOITER: _ZN6I2CBus11_timer_tickEv @ 0x5fa220
LOITER: _ZN9AP_Logger6WriteVEPKcS1_S1_S1_S1_P13__va_list_tagbb @ 0x5fa350
LOITER: _ZN9AP_Logger16msg_fmt_for_nameEPKcS1_S1_S1_S1_bb @ 0x5fa550
LOITER: _ZN17AP_Logger_Backend5WriteEhP13__va_list_tagbb @ 0x5fae40
LOITER: _ZNK9AP_Logger24assert_same_fmt_for_nameEPKNS_13log_write_fmtEPKcS4_S4_S4_S4_ @ 0x5fb9c0
LOITER: _ZN3GCS14update_receiveEv @ 0x5fcd30
LOITER: _ZN3GCS11update_sendEv @ 0x5fcde0
LOITER: _ZN19MissionItemProtocol6updateEv @ 0x5fd120
LOITER: _ZN11GCS_MAVLINK11update_sendEv @ 0x5fd2f0
LOITER: _ZN3GCS18service_statustextEv @ 0x5fd6d0
LOITER: _ZN3GCS15StatusTextQueue9semaphoreEv @ 0xa35780
LOITER: _ZNK11ObjectArrayIN3GCS12statustext_tEE8is_emptyEv @ 0xa357d0
LOITER: _Z14comm_chan_lock17mavlink_channel_t @ 0x5fdbb0
LOITER: _ZL16mav_array_memcpyPvPKvm.6113 @ 0x5fdcf0
LOITER: _ZN9AP_Logger15handle_log_sendEv @ 0x5fdd90
LOITER: _ZN22GCS_MAVLINK_InProgress11check_tasksEv @ 0x5fe460
LOITER: _ZNK3GCS11out_of_timeEv @ 0x5fe650
LOITER: _ZN11GCS_MAVLINK30deferred_message_to_send_indexEt @ 0x5fe730
LOITER: _ZN11GCS_MAVLINK19do_try_send_messageE10ap_message @ 0x5fe910
LOITER: _ZNK7BitmaskILt91EE9first_setEv @ 0xa35b70
LOITER: _ZN7BitmaskILt91EE5clearEt @ 0xa35c40
LOITER: _ZN11GCS_MAVLINK36next_deferred_bucket_message_to_sendEt @ 0x5fea40
LOITER: _ZNK7BitmaskILt91EE5countEv @ 0xa35d00
LOITER: _ZNK11GCS_MAVLINK26get_reschedule_interval_msERKNS_25deferred_message_bucket_tE @ 0x5feb70
LOITER: _ZN11GCS_MAVLINK24find_next_bucket_to_sendEt @ 0x5fec70
LOITER: _ZN7BitmaskILt91EEaSERKS0_ @ 0xa35dd0
LOITER: _ZNK11GCS_MAVLINK24requesting_mission_itemsEv @ 0x5fee40
LOITER: _ZN7GCS_FTP16get_last_send_msE17mavlink_channel_t @ 0x5fef30
LOITER: _ZNK7BitmaskILt91EE8validateEt @ 0xa35f10
LOITER: _ZNK11GCS_MAVLINK17telemetry_delayedEv @ 0x5ff0d0
LOITER: _ZNK3GCS11telem_delayEv @ 0xa35fa0
LOITER: _ZN14AP_BoardConfig15in_config_errorEv @ 0xa36000
LOITER: _ZNK12AP_Scheduler19time_available_usecEv @ 0x5ff1a0
LOITER: _ZN11AP_Airspeed13get_singletonEv @ 0xa36040
LOITER: _ZN2AP2FSEv @ 0x5ff420
LOITER: _ZN19AP_Filesystem_Posix5writeEiPKvj @ 0x5ff7c0
LOITER: _ZN21AP_Filesystem_Backend17bytes_until_fsyncEi @ 0xa36080
LOITER: _ZN19AP_Filesystem_Posix9disk_freeEPKc @ 0x5fffb0
LOITER: _ZNK21AP_Filesystem_Backend15file_op_allowedEv @ 0x6006e0
LOITER: _ZL12map_filenamePKc @ 0x600780
LOITER: _ZL17map_filename_freePKc @ 0x600820
LOITER: _Z16comm_get_txspace17mavlink_channel_t @ 0x600970
LOITER: _ZL28mavlink_msg_command_ack_send17mavlink_channel_tthhihh @ 0x600a00
LOITER: _ZNK11AP_Airspeed7enabledEh @ 0x600af0
LOITER: _ZNK11AP_Airspeed11lib_enabledEv @ 0x600bb0
LOITER: _ZN11GCS_MAVLINK23set_ap_message_intervalE10ap_messaget @ 0x600f90
LOITER: _ZNK11GCS_MAVLINK20cap_message_intervalEt @ 0x6013b0
LOITER: _ZNK11GCS_MAVLINK26get_deferred_message_indexE10ap_message @ 0x601480
LOITER: _ZNK7BitmaskILt91EE3getEt @ 0xa362c0
LOITER: _ZN7BitmaskILt91EE3setEt @ 0xa36390
LOITER: _ZN12AP_Scheduler18get_loop_period_usEv @ 0xa36450
LOITER: _ZNK13AP_Filesystem13backend_by_fdERi @ 0x601d00
LOITER: _ZNK13AP_Filesystem15backend_by_pathERPKc @ 0x601dd0
LOITER: _ZN11GCS_MAVLINK39initialise_message_intervals_for_streamENS_7streamsE @ 0x6020c0
LOITER: _ZNK11GCS_MAVLINK23get_interval_for_streamENS_7streamsE @ 0x6022c0
LOITER: _ZNK11GCS_MAVLINK8get_chanEv @ 0xa364f0
LOITER: _ZN11GCS_MAVLINK12send_messageE10ap_message @ 0x602d70
LOITER: _ZN11GCS_MAVLINK22save_signing_timestampEb @ 0x602e80
LOITER: _ZNK11GCS_MAVLINK12is_streamingEv @ 0xa365e0
LOITER: _ZN11GCS_MAVLINK16signing_key_loadER10SigningKey @ 0x602fb0
LOITER: _ZNK13StorageAccess11write_blockEtPKvm @ 0x603110
LOITER: _ZN19AC_PolyFence_loader13check_indexedEv @ 0x605c20
LOITER: _Z11is_negativeIfEbT_ @ 0xa37340
LOITER: _ZN11GCS_MAVLINK14update_receiveEj @ 0x60b7a0
LOITER: _ZN3GCS15update_passthruEv @ 0x60bc70
LOITER: _ZN16AP_SerialManager12get_passthruERPN6AP_HAL10UARTDriverES3_RhRjS5_ @ 0x60c1a0
LOITER: _ZN6AP_HAL10UARTDriver11read_lockedEPhmj @ 0x60cc20
LOITER: _ZNK11GCS_MAVLINK6lockedEv @ 0xa37680
LOITER: _ZNK7FunctorIbJhPN6AP_HAL10UARTDriverEEEcvbEv @ 0xa376e0
LOITER: _ZN11GCS_MAVLINK14channel_bufferEv @ 0xa377c0
LOITER: mavlink_frame_char_buffer @ 0x60d300
LOITER: _ZN12AP_Scripting14handle_messageERK17__mavlink_message17mavlink_channel_t @ 0x60dba0
LOITER: _ZN11GCS_MAVLINK13send_timesyncEv @ 0x60dd90
LOITER: _ZN11GCS_MAVLINK17log_mavlink_statsEv @ 0x60de00
LOITER: _ZNK11GCS_MAVLINK15signing_enabledEv @ 0x60df80
LOITER: _ZNK11GCS_MAVLINK21timesync_timestamp_nsEv @ 0x60e020
LOITER: _ZL25mavlink_msg_timesync_send17mavlink_channel_tll @ 0x60e080
LOITER: mavlink_start_checksum @ 0x60e120
LOITER: mavlink_update_checksum @ 0x60e180
LOITER: _Z9fill_nanfPft @ 0x60ebc0
LOITER: _ZN10ByteBuffer7advanceEj @ 0x611c50
LOITER: _ZN5Empty11OpticalFlow9push_gyroEfff @ 0xa38690
LOITER: _ZN5Empty11OpticalFlow14push_gyro_biasEff @ 0xa38700
LOITER: _ZN6AP_HAL4Util14set_soft_armedEb @ 0x612770
LOITER: _ZNK7HALSITL4Util18was_watchdog_resetEv @ 0xa389d0
LOITER: _ZN7HALSITL4Util19safety_switch_stateEv @ 0x612900
LOITER: _ZN7HALSITL4Util16available_memoryEv @ 0xa38ec0
LOITER: _ZN7HALSITL4Util8uart_logEv @ 0x612ee0
LOITER: _ZN6AP_HAL4Util14log_stack_infoEv @ 0xa39260
LOITER: _ZN6AP_HAL10UARTDriver9log_statsEhRNS0_12StatsTrackerEj @ 0x6130b0
LOITER: _ZN6AP_HAL10UARTDriver12StatsTracker11ByteTracker6updateEj @ 0x613250
LOITER: _ZN7HALSITL8RCOutput20_safety_switch_stateEv @ 0xa39300
LOITER: _ZN6AP_HAL10UARTDriver5writeEPKhm @ 0x615780
LOITER: _ZN6AP_HAL10UARTDriver9availableEv @ 0x6158c0
LOITER: _ZN6AP_HAL10UARTDriver4readEv @ 0x615940
LOITER: _ZN6AP_HAL10UARTDriver4readERh @ 0x6159c0
LOITER: _ZN6AP_HAL10UARTDriver4readEPht @ 0x615ac0
LOITER: _ZN7HALSITL10UARTDriver7txspaceEv @ 0x615b30
LOITER: _ZN7HALSITL10UARTDriver11_timer_tickEv @ 0x615eb0
LOITER: _ZN7HALSITL10UARTDriver26receive_time_constraint_usEt @ 0x615f10
LOITER: _ZN7HALSITL10UARTDriver6_writeEPKhm @ 0x616b40
LOITER: _ZN7HALSITL10UARTDriver5_readEPht @ 0x616d10
LOITER: _ZN7HALSITL10UARTDriver10_availableEv @ 0x616f00
LOITER: _ZNK7HALSITL10UARTDriver18get_total_tx_bytesEv @ 0xa3ba90
LOITER: _ZNK7HALSITL10UARTDriver18get_total_rx_bytesEv @ 0xa3bae0
LOITER: _ZNK6AP_HAL10UARTDriver26get_total_dropped_rx_bytesEv @ 0xa3bb30
LOITER: _ZN7HALSITL10UARTDriver17_check_connectionEv @ 0x616ff0
LOITER: _ZN7HALSITL10UARTDriver13_select_checkEi @ 0x617130
LOITER: _ZN10ByteBuffer4readEPhj @ 0x617340
LOITER: _ZN7HALSITL10UARTDriver41handle_writing_from_writebuffer_to_deviceEv @ 0x6173e0
LOITER: _ZN7HALSITL10UARTDriver16_check_reconnectEv @ 0x617790
LOITER: _ZL3MINIjjEDTqultfp_fp0_fp_fp0_ERKT_RKT0_.12221 @ 0x617b90
LOITER: _ZNK4SITL12SerialDevice15write_to_deviceEPKcm @ 0x617c10
LOITER: _ZNK4SITL12SerialDevice18write_to_autopilotEPKcm @ 0x61af70
LOITER: _ZNK4SITL12SerialDevice13is_match_baudEv @ 0x61b030
LOITER: _ZNK4SITL3GPS18write_to_autopilotEPKcm @ 0x61b160
LOITER: _ZNK4SITL3GPS11device_baudEv @ 0x61b380
LOITER: _Z8wrap_180IdET_S0_ @ 0xa3d120
LOITER: _ZNK7Vector2IfEplERKS0_ @ 0xa3d580
LOITER: _Z8wrap_360d @ 0x61e210
LOITER: _ZNK4SITL12SerialDevice19read_from_autopilotEPcm @ 0x61e2b0
LOITER: _Z7is_zerod @ 0xa3f250
LOITER: _ZN7HALSITL10UARTDriver40handle_reading_from_device_to_readbufferEv @ 0x623ba0
LOITER: _ZNK4SITL12SerialDevice16read_from_deviceEPcm @ 0x624030
LOITER: _ZN7HALSITL8AnalogIn13board_voltageEv @ 0xa40760
LOITER: _ZN6AP_HAL8AnalogIn17servorail_voltageEv @ 0xa407b0
LOITER: _ZN6AP_HAL8AnalogIn18power_status_flagsEv @ 0xa40800
LOITER: _ZN7HALSITL9ADCSource7set_pinEh @ 0x624c70
LOITER: _ZN7HALSITL9ADCSource15voltage_averageEv @ 0x624cf0
LOITER: _ZN7HALSITL9ADCSource14voltage_latestEv @ 0x624d40
LOITER: _ZN7HALSITL4GPIO13usb_connectedEv @ 0x6254a0
LOITER: _ZN7HALSITL8RCOutput9enable_chEh @ 0x6258a0
LOITER: _ZN7HALSITL8RCOutput10disable_chEh @ 0x625930
LOITER: _ZN7HALSITL8RCOutput5writeEht @ 0x6259c0
LOITER: _ZN6AP_HAL8RCOutput20update_channel_masksEv @ 0xa411e0
LOITER: _ZN7HALSITL8RCOutput4corkEv @ 0x625af0
LOITER: _ZN7HALSITL8RCOutput4pushEv @ 0x625b80
LOITER: _ZN7HALSITL8RCOutput4readEh @ 0x625cb0
LOITER: _ZN7HALSITL8RCOutput4readEPth @ 0x625d40
LOITER: _ZN6AP_HAL8RCOutput16set_default_rateEt @ 0xa41a80
LOITER: _ZN17AP_ESC_Telem_SITL6updateEv @ 0x626160
LOITER: _ZN7HALSITL7RCInput9new_inputEv @ 0x626aa0
LOITER: _ZN7HALSITL7RCInput12num_channelsEv @ 0x626b00
LOITER: _ZN7HALSITL7RCInput4readEh @ 0x626b60
LOITER: _ZN13AP_RCProtocol4readEh @ 0x626e10
LOITER: _ZN21AP_RCProtocol_Backend4readEh @ 0x626ea0
LOITER: _ZN13AP_RCProtocol12num_channelsEv @ 0x626f00
LOITER: _ZNK21AP_RCProtocol_Backend12num_channelsEv @ 0x626f80
LOITER: _ZN13AP_RCProtocol9new_inputEv @ 0x626fd0
LOITER: _ZN13AP_RCProtocol21detect_async_protocolENS_12rcprotocol_tE @ 0x627190
LOITER: _ZNK13AP_RCProtocol10using_uartEv @ 0xa425b0
LOITER: _ZN17AP_RCProtocol_FDM6updateEv @ 0x627de0
LOITER: _ZN21AP_RCProtocol_Backend9add_inputEhPtbss @ 0x627fc0
LOITER: _ZL3MINIhiEDTqultfp_fp0_fp_fp0_ERKT_RKT0_.18381 @ 0x628120
LOITER: _ZN13AP_RCProtocol19set_failsafe_activeEb @ 0xa42f80
LOITER: _ZN21AP_RCProtocol_Backend6updateEv @ 0xa43090
LOITER: _ZN17AP_RCProtocol_UDP6updateEv @ 0x6281a0
LOITER: _ZN17AP_RCProtocol_UDP21read_all_socket_inputEv @ 0x628400
LOITER: _ZN16SocketAPM_native4recvEPvmj @ 0x6286a0
LOITER: _ZN16SocketAPM_native6pollinEj @ 0x6288d0
LOITER: _ZNK16SocketAPM_native11get_read_fdEv @ 0xa431c0
LOITER: _ZN18AP_RCProtocol_GHST6updateEv @ 0x629140
LOITER: _ZNK7AP_AHRS13get_variancesERfS0_S0_R7Vector3IfES0_ @ 0x62ad90
LOITER: _ZNK7NavEKF312getVariancesERfS0_S0_R7Vector3IfES0_R7Vector2IfE @ 0x62b070
LOITER: _ZNK12NavEKF3_core12getVariancesERfS0_S0_R7Vector3IfES0_R7Vector2IfE @ 0x62b250
LOITER: _ZL3MAXIddEDTqugtfp_fp0_fp_fp0_ERKT_RKT0_.4222 @ 0x62b450
LOITER: _ZNK7Vector2IdE7tofloatEv @ 0xa438f0
LOITER: _ZN3GCS23get_sensor_status_flagsERjS0_S0_ @ 0x62b7c0
LOITER: _ZN3GCS26update_sensor_status_flagsEv @ 0x62b880
LOITER: _ZNK7AP_AHRS11initialisedEv @ 0x62c040
LOITER: _ZNK7AP_Baro13num_instancesEv @ 0xa43950
LOITER: _ZNK6AP_GPS10is_healthyEv @ 0xa439a0
LOITER: _ZNK14AP_BattMonitor13num_instancesEv @ 0xa43a00
LOITER: _ZNK14AP_BattMonitor7healthyEv @ 0x62c170
LOITER: _ZNK14AP_BattMonitor13has_failsafedEv @ 0xa43a50
LOITER: _ZNK17AP_InertialSensor11calibratingEv @ 0x62c260
LOITER: _ZNK9AP_Logger15logging_enabledEv @ 0x62c330
LOITER: _ZNK6AP_GPS15logging_presentEv @ 0xa43ab0
LOITER: _ZNK6AP_GPS15logging_enabledEv @ 0xa43b20
LOITER: _ZNK6AP_GPS14logging_failedEv @ 0x62c400
LOITER: _ZNK7AP_AHRS12get_ekf_typeEv @ 0xa43b90
LOITER: _ZNK8AC_Fence18sys_status_enabledEv @ 0x62c4e0
LOITER: _ZNK8AC_Fence18sys_status_presentEv @ 0x62c580
LOITER: _ZNK8AC_Fence17sys_status_failedEv @ 0x62c5e0
LOITER: _ZNK11AP_Airspeed7enabledEv @ 0xa43bf0
LOITER: _ZN2AP11opticalflowEv @ 0x62c730
LOITER: _ZNK14AP_OpticalFlow7enabledEv @ 0xa43d00
LOITER: _ZNK14AP_OpticalFlow7healthyEv @ 0xa43d70
LOITER: _ZN2AP6armingEv @ 0x62c770
LOITER: _ZNK11RC_Channels22has_ever_seen_rc_inputEv @ 0xa43df0
LOITER: _ZN9AP_Arming13get_singletonEv @ 0x62c7b0
LOITER: _ZNK7AP_EnumIN14AP_OpticalFlow4TypeEEcvKS1_Ev @ 0xa43e50
LOITER: _ZN14AP_OpticalFlow13get_singletonEv @ 0xa43ea0
LOITER: _ZNK11AP_Airspeed7healthyEh @ 0x62c7f0
LOITER: _ZN2AP8airspeedEv @ 0x62c970
LOITER: _ZNK11AP_Airspeed7healthyEv @ 0xa43fc0
LOITER: _ZNK11AP_Airspeed3useEh @ 0x62c9b0
LOITER: _ZN12SRV_Channels17get_output_scaledEN11SRV_Channel8FunctionE @ 0x62cae0
LOITER: _ZNK8AC_Fence12get_breachesEv @ 0xa44020
LOITER: _ZNK7AP_EnumIN8AC_Fence6ActionEEcvKS1_Ev @ 0xa44070
LOITER: _ZNK14AP_BattMonitor7healthyEh @ 0x62cbe0
LOITER: _ZNK6AP_GPS8num_satsEv @ 0xa44280
LOITER: _ZNK8Location14get_bearing_toERKS_ @ 0xa442e0
LOITER: _ZNK8Location11get_bearingERKS_ @ 0x62d880
LOITER: _ZL9rad_to_cdf.1252 @ 0x62d990
LOITER: _ZNK6AP_GPS8num_satsEh @ 0xa44360
LOITER: _ZNK14AP_BattMonitor12current_ampsERfh @ 0x62dad0
LOITER: _ZNK14AP_BattMonitor12consumed_mahERfh @ 0x62dbc0
LOITER: _ZN9AP_Logger14WriteStreamingEPKcS1_S1_z @ 0x62e8e0
LOITER: _ZN22AP_RCProtocol_DroneCAN6updateEv @ 0x62eb40
LOITER: _ZNK16AP_SerialManager11find_serialENS_14SerialProtocolEh @ 0x62ff30
LOITER: _ZNK7AP_Baro12get_pressureEh @ 0xa45fb0
LOITER: _ZNK7AP_Baro15get_temperatureEh @ 0xa46100
LOITER: _ZNK7AP_Baro23get_altitude_differenceEff @ 0x633550
LOITER: _ZNK7AP_Baro26get_altitude_from_pressureEf @ 0x6335f0
LOITER: _ZL33find_atmosphere_layer_by_pressuref @ 0x633850
LOITER: _ZNK7AP_Baro17get_altitude_AMSLEv @ 0xa46170
LOITER: _ZN7AP_Baro29geopotential_alt_to_geometricEf @ 0x633900
LOITER: _ZNK7AP_Baro17get_altitude_AMSLEh @ 0xa461d0
LOITER: _ZN9AP_Notify6updateEv @ 0x633b40
LOITER: _ZN2AP3srvEv @ 0x633ce0
LOITER: _ZN12SRV_Channels4corkEv @ 0x633d20
LOITER: _ZN12SRV_Channels4pushEv @ 0x633d80
LOITER: _ZN16AP_Volz_Protocol6updateEv @ 0x633f30
LOITER: _ZN10AP_SBusOut6updateEv @ 0x634200
LOITER: _ZN15AP_RobotisServo6updateEv @ 0x634380
LOITER: _ZN16AP_FETtecOneWire6updateEv @ 0x6345f0
LOITER: _ZN2AP6kdecanEv @ 0x6348e0
LOITER: _ZN9AP_KDECAN6updateEv @ 0x634920
LOITER: _ZN12SRV_Channels12find_channelEN11SRV_Channel8FunctionERh @ 0x635300
LOITER: _ZN11SRV_Channel8calc_pwmEf @ 0x6353d0
LOITER: _ZNK11SRV_Channel21pwm_from_scaled_valueEf @ 0x6354c0
LOITER: _ZNK11SRV_Channel14pwm_from_angleEf @ 0x635560
LOITER: _ZN9AP_KDECAN13get_singletonEv @ 0xa46f50
LOITER: _ZN16AP_FETtecOneWire4initEv @ 0x637090
LOITER: _ZN16AP_FETtecOneWire9init_uartEv @ 0x638660
LOITER: _ZN12SRV_Channels13get_singletonEv @ 0xa479b0
LOITER: _ZNK10AP_Mission21get_current_nav_indexEv @ 0xa47d40
LOITER: _ZNK6AP_GPS8get_hdopEh @ 0xa48010
LOITER: _ZNK7AP_AHRS11groundspeedEv @ 0xa48110
LOITER: _ZN7AP_Baro14get_climb_rateEv @ 0x63d900
LOITER: _ZN16DerivativeFilterIfLh7EE5slopeEv @ 0xa481b0
LOITER: _ZNK11RangeFinder11get_backendEh @ 0x63db50
LOITER: _Z14float_to_int16f @ 0x63f5b0
LOITER: _ZNK7AP_AHRS11get_yaw_degEv @ 0xa48d30
LOITER: _ZNK7AP_AHRS28get_relative_position_D_homeERf @ 0x63f730
LOITER: _ZNK8Location9get_alt_mENS_8AltFrameERf @ 0x63f8d0
LOITER: _ZNK7AP_AHRS30get_relative_position_D_originERd @ 0x63f980
LOITER: _ZNK7AP_AHRS11_get_originER8Location @ 0x63fac0
LOITER: _ZNK7AP_AHRS11_get_originENS_7EKFTypeER8Location @ 0x63fba0
LOITER: _ZNK7NavEKF312getOriginLLHER8Location @ 0x63fdb0
LOITER: _ZN18AP_RCProtocol_CRSF6updateEv @ 0x6428e0
LOITER: _ZNK7AP_AHRS12get_roll_radEv @ 0xa4a190
LOITER: _ZNK7AP_AHRS13get_pitch_radEv @ 0xa4a1e0
LOITER: _ZN19AP_RCProtocol_SRXL26updateEv @ 0x64c4d0
LOITER: _ZNK14AP_BattMonitor15get_temperatureERfh @ 0x64f5b0
LOITER: _ZN2AP3rtcEv @ 0x64f680
LOITER: _ZNK6AP_RTC12get_utc_usecERm @ 0x64f7a0
LOITER: _ZN6AP_RTC13get_singletonEv @ 0xa4adf0
LOITER: _ZN2AP9esc_telemEv @ 0x64fb00
LOITER: _ZN12AP_ESC_Telem13get_singletonEv @ 0x64ffb0
LOITER: _ZN17AP_RCProtocol_DSM6updateEv @ 0x6534c0
LOITER: _ZN7HALSITL9Scheduler5delayEt @ 0x654db0
LOITER: _ZN7HALSITL9Scheduler18delay_microsecondsEt @ 0x654ea0
LOITER: _ZN6AP_HAL9Scheduler24delay_microseconds_boostEt @ 0xa4b5d0
LOITER: _ZN6AP_HAL9Scheduler9boost_endEv @ 0xa4b6e0
LOITER: _ZNK6AP_HAL9Scheduler17in_delay_callbackEv @ 0xa4b730
LOITER: _ZN7HALSITL9Scheduler21is_system_initializedEv @ 0xa4b790
LOITER: _ZN7HALSITL9Scheduler10stop_clockEm @ 0x655410
LOITER: _ZNK7HALSITL9Scheduler14in_main_threadEv @ 0x6554b0
LOITER: _ZN7HALSITL10SITL_State10wait_clockEm @ 0x655b70
LOITER: _ZNK4SITL8Aircraft11get_speedupEv @ 0xa4b940
LOITER: _ZNK7HALSITL9Scheduler28semaphore_wait_hack_requiredEv @ 0x655d20
LOITER: _ZN7HALSITL10SITL_State15_fdm_input_stepEv @ 0x655da0
LOITER: _ZN7HALSITL10SITL_State16_fdm_input_localEv @ 0x655ef0
LOITER: _ZNK7HALSITL9Scheduler22interrupts_are_blockedEv @ 0xa4b990
LOITER: _ZN7HALSITL9Scheduler17sitl_begin_atomicEv @ 0xa4b9f0
LOITER: _ZN7HALSITL9Scheduler11timer_eventEv @ 0xa4ba50
LOITER: _ZN7HALSITL9Scheduler15sitl_end_atomicEv @ 0x656090
LOITER: _ZN7HALSITL10SITL_State16_update_airspeedEf @ 0x656130
LOITER: _ZN7HALSITL10SITL_State19_update_rangefinderEv @ 0x6564a0
LOITER: _ZNK7HALSITL10SITL_State18_sonar_pin_voltageEv @ 0x656500
LOITER: _ZN7AP_Baro24get_EAS2TAS_for_alt_amslEf @ 0x656670
LOITER: _ZL2sqf.11982 @ 0x6566f0
LOITER: _ZN7AP_Baro28get_air_density_for_alt_amslEf @ 0x656740
LOITER: _ZL3MAXIffEDTqugtfp_fp0_fp_fp0_ERKT_RKT0_.1713 @ 0x656910
LOITER: _ZN7HALSITL9Scheduler16_run_timer_procsEv @ 0x656990
LOITER: _ZN7HALSITL10SITL_State17_simulator_servosER10sitl_input @ 0x656a90
LOITER: _ZN4SITL11JSON_Master7receiveER10sitl_input @ 0x657720
LOITER: _ZN7HALSITL10SITL_State22multicast_servo_updateER10sitl_input @ 0x657bc0
LOITER: _ZN4SITL8Aircraft11update_homeEv @ 0x657ca0
LOITER: _ZN4SITL8Aircraft12update_modelERK10sitl_input @ 0x657e00
LOITER: _ZN4SITL8Aircraft8fill_fdmERNS_8sitl_fdmE @ 0x657ea0
LOITER: _ZN7HALSITL8CANIface14num_interfacesEv @ 0xa4baf0
LOITER: _ZNK4SITL8Aircraft20get_position_relhomeEv @ 0x658a70
LOITER: _ZN4SITL11JSON_Master4sendERKNS_8sitl_fdmERK7Vector3IdE @ 0x658b30
LOITER: _ZN7HALSITL17SITL_State_Common10sim_updateEv @ 0x658dd0
LOITER: _ZN7HALSITL10SITL_State14set_height_aglEv @ 0x659620
LOITER: _ZNK4SITL8Aircraft15get_velocity_efEv @ 0xa4bb80
LOITER: _ZN4SITL3GPS6updateEv @ 0x65a9f0
LOITER: _ZN4SITL12SerialDevice17init_sitl_pointerEv @ 0x65c140
LOITER: _ZN4SITL3GPS24check_backend_allocationEv @ 0x65c1d0
LOITER: _ZN4SITL3GPS16interpolate_dataERKNS_8GPS_DataEj @ 0x65c7e0
LOITER: _ZL3MAXIifEDTqugtfp_fp0_fp_fp0_ERKT_RKT0_.12703 @ 0x65d170
LOITER: _ZNK4SITL11GPS_Backend11device_baudEv @ 0xa4c1a0
LOITER: _ZN4SITL11GPS_Backend11update_readEv @ 0x65d2f0
LOITER: _ZNK4SITL11GPS_Backend18write_to_autopilotEPKcm @ 0x65d640
LOITER: _ZNK4SITL11GPS_Backend19read_from_autopilotEPcm @ 0x65d6c0
LOITER: _ZN4SITL11GPS_Backend8gps_timeEv @ 0x65e160
LOITER: _ZNK7Vector2IdE6lengthEv @ 0xa4c3c0
LOITER: _ZN4SITL11GPS_Backend18simulation_timevalEP7timeval @ 0x65ea90
LOITER: _ZN4SITL9GPS_UBlox7publishEPKNS_8GPS_DataE @ 0x661960
LOITER: _Z4normIddJdEEdT_T0_DpKT1_ @ 0xa4ca60
LOITER: _ZL7degreesf.12791 @ 0x662430
LOITER: _ZN4SITL9GPS_UBlox8send_ubxEhPht @ 0x662960
LOITER: _ZL3MAXIiiEDTqugtfp_fp0_fp_fp0_ERKT_RKT0_.12792 @ 0x662b30
LOITER: _ZNK7Vector3IfE6is_nanEv @ 0xa4cae0
LOITER: _ZN7Matrix3IfE6rotateERK7Vector3IfE @ 0xa4cbb0
LOITER: _ZN7Matrix3IfEpLERKS0_ @ 0xa4cdd0
LOITER: _ZNK7Matrix3IfEplERKS0_ @ 0xa4ce60
LOITER: _Z2sqIdJddEEdT_DpKT0_ @ 0xa4cf80
LOITER: _ZNK11QuaternionTIfE8to_eulerERfS1_S1_ @ 0xa4d020
LOITER: _ZNK11QuaternionTIfE13get_euler_yawEv @ 0xa4d130
LOITER: _ZNK7Vector3IdEplERKS0_ @ 0xa4db30
LOITER: _ZN7Vector3IdEpLERKS0_ @ 0xa4dbd0
LOITER: _ZN7Matrix3IdEC2Ev @ 0xa4dc70
LOITER: _ZN7Matrix3IdE10from_eulerEddd @ 0xa4dcf0
LOITER: _ZNK7Matrix3IdEmlERK7Vector3IdE @ 0xa4deb0
LOITER: _ZNK7Vector3IdEmiERKS0_ @ 0xa4e6a0
LOITER: _Z11wrap_360_cdf @ 0x66c650
LOITER: _ZNK7Vector3IdE6lengthEv @ 0xa4e800
LOITER: _ZN7Vector3IdE4zeroEv @ 0xa4e860
LOITER: _ZNK7Vector3IdEmlEd @ 0xa4e8c0
LOITER: _ZNK7Matrix3IfE10transposedEv @ 0xa4ea90
LOITER: _ZN7Matrix3IfE9normalizeEv @ 0xa4ec60
LOITER: _ZNK8Location22get_distance_NE_doubleERKS_ @ 0x66fc00
LOITER: _ZN7Vector3IdE2xyEv @ 0xa4ef30
LOITER: _ZN7Vector2IdEpLERKS0_ @ 0xa4ef80
LOITER: _ZL7degreesf.14500 @ 0x670b50
LOITER: _ZNK7Matrix3IfE8to_eulerEPfS1_S1_ @ 0xa4f000
LOITER: _ZNK7AP_EnumI8RotationEcvKS0_Ev @ 0xa4f120
LOITER: _ZNK8HAL_SITL32get_uart_output_full_queue_countEv @ 0x670c20
LOITER: _ZNK4SITL8Aircraft16get_wall_time_usEv @ 0x670d60
LOITER: _ZNK7Vector3IdEdvEd @ 0xa4f300
LOITER: _ZN4SITL8Aircraft12time_advanceEv @ 0x670de0
LOITER: _ZN4SITL8Aircraft15sync_frame_timeEv @ 0x670e80
LOITER: _ZN9AP_Logger14WriteStreamingEPKcS1_S1_S1_S1_z @ 0x671180
LOITER: _ZL3MAXI9AP_ParamTIfL11ap_var_type4EEdEDTqugtfp_fp0_fp_fp0_ERKT_RKT0_.11827 @ 0x6714f0
LOITER: _Z21calc_lowpass_alpha_dtff @ 0x671590
LOITER: _ZL3MAXIfiEDTqugtfp_fp0_fp_fp0_ERKT_RKT0_.11828 @ 0x6716c0
LOITER: _ZNK4SITL16FETtecOneWireESC7enabledEv @ 0xa4f6c0
LOITER: _ZNK4SITL4Volz7enabledEv @ 0xa4f730
LOITER: _ZN7HALSITL17SITL_State_Common22update_voltage_currentER10sitl_inputf @ 0x671990
LOITER: _ZN8AP_Param18eeprom_write_checkEPKvth @ 0x6743c0
LOITER: _ZNK4SITL8Aircraft22rangefinder_beam_widthEv @ 0xa51630
LOITER: _ZNK4SITL8Aircraft45perpendicular_distance_to_rangefinder_surfaceEv @ 0x6750e0
LOITER: _ZN4SITL8Aircraft23update_external_payloadERK10sitl_input @ 0x676c00
LOITER: _ZN4SITL8Aircraft15update_positionEv @ 0x677090
LOITER: _ZN4SITL8Aircraft19update_mag_field_bfEv @ 0x6776b0
LOITER: _ZN7Vector2IdEmIERKS0_ @ 0xa51680
LOITER: _ZNK4SITL7Sprayer10is_enabledEv @ 0xa51710
LOITER: _ZN4SITL3I2C6updateERKNS_8AircraftE @ 0x678480
LOITER: _ZNK4SITL6Buzzer10is_enabledEv @ 0xa517c0
LOITER: _ZNK4SITL13Gripper_Servo10is_enabledEv @ 0xa51820
LOITER: _ZNK4SITL11Gripper_EPM10is_enabledEv @ 0xa518e0
LOITER: _ZNK4SITL9Parachute10is_enabledEv @ 0xa51990
LOITER: _ZNK4SITL12SIM_Precland10is_enabledEv @ 0xa519f0
LOITER: _ZN4SITL7ShipSim6updateEv @ 0x679450
LOITER: _ZNK7Vector3IdE14length_squaredEv @ 0xa53aa0
LOITER: _ZNK7Vector3IdEmlERKS0_ @ 0xa53c10
LOITER: _ZNK7AP_AHRS11get_EAS2TASEv @ 0x67f4b0
LOITER: _ZNK7Vector3IdE7is_zeroEv @ 0xa53dc0
LOITER: _ZN7Vector3IfE2xyEv @ 0xa53e70
LOITER: _ZN7Vector2IfE4zeroEv @ 0xa53ec0
LOITER: _ZN7Vector3IfEmIERKS0_ @ 0xa53f20
LOITER: _ZNK9AP_ParamTIfL11ap_var_type4EEplERKS1_ @ 0xa541d0
LOITER: _ZN13LowPassFilterIfE5applyERKfS2_ @ 0xa54960
LOITER: _Z11is_positived @ 0xa55070
LOITER: _ZN7Vector3IfE9normalizeEv @ 0xa55850
LOITER: _ZN7Vector3IdEmIERKS0_ @ 0xa5fad0
LOITER: _ZL7radiansd.14806 @ 0x6a3b10
LOITER: _ZN4SITL8SimRover6updateERK10sitl_input @ 0x6a7200
LOITER: _ZN4SITL8SimRover24update_ackermann_or_skidERK10sitl_inputf @ 0x6a7920
LOITER: _ZL7radiansf.13800 @ 0x6a7d60
LOITER: _ZN4SITL8SimRover13calc_yaw_rateEff @ 0x6a7dc0
LOITER: _ZNK4SITL8SimRover11turn_circleEf @ 0x6a7f80
LOITER: _ZN7HALSITL7Storage10read_blockEPvtm @ 0x6b63f0
LOITER: _ZN7HALSITL7Storage11write_blockEtPKvm @ 0x6b64c0
LOITER: _ZN7HALSITL7Storage11_timer_tickEv @ 0x6b65e0
LOITER: _ZNK7BitmaskILt2048EE5emptyEv @ 0xa61240
LOITER: _ZNK7BitmaskILt2048EE3getEt @ 0xa612e0
LOITER: _ZN10AP_RAMTRON5writeEjPKhj @ 0x6b6950
LOITER: _ZN7BitmaskILt2048EE5clearEt @ 0xa613b0
LOITER: _ZNK8HAL_SITL25get_storage_posix_enabledEv @ 0xa61470
LOITER: _ZNK7BitmaskILt2048EE8validateEt @ 0xa61530
LOITER: _ZNK10AP_RAMTRON8get_sizeEv @ 0xa615c0
LOITER: _ZN7HALSITL7Storage13_storage_openEv @ 0x6b6fd0
LOITER: _ZN7HALSITL7Storage11_mark_dirtyEtt @ 0x6b72e0
LOITER: _ZN7BitmaskILt2048EE3setEt @ 0xa61660
LOITER: _ZN8AP_Param9save_syncEbb @ 0x6bda50
LOITER: _ZN6AP_DAL9end_frameEv @ 0x6c3710
LOITER: _ZN6AP_DAL15WriteLogMessageE11LogMessagesPvPKvh @ 0x6c3790
LOITER: _ZN9AP_Logger16WriteReplayBlockEhPKvt @ 0x6c38b0
LOITER: _ZNK9AP_Logger10log_replayEv @ 0xa62dc0
LOITER: _ZNK7NavEKF317option_is_enabledENS_6OptionE @ 0xa62e20
LOITER: _ZNK6AP_DAL6millisEv @ 0xa62ea0
LOITER: _ZNK12NavEKF3_core10errorScoreEv @ 0x6c3f10
LOITER: _ZNK12NavEKF3_core16have_aligned_yawEv @ 0xa62ef0
LOITER: _ZNK12NavEKF3_core17have_aligned_tiltEv @ 0xa62f50
LOITER: _ZNK12NavEKF3_core14getEulerAnglesER7Vector3IfE @ 0x6c4860
LOITER: _ZNK11QuaternionTIdE8to_eulerER7Vector3IfE @ 0xa63040
LOITER: _ZNK6AP_DAL8get_trimEv @ 0xa630c0
LOITER: _ZNK11QuaternionTIdE8to_eulerERfS1_S1_ @ 0xa63120
LOITER: _ZNK11QuaternionTIdE14get_euler_rollEv @ 0xa631e0
LOITER: _ZNK11QuaternionTIdE15get_euler_pitchEv @ 0xa63290
LOITER: _ZNK11QuaternionTIdE13get_euler_yawEv @ 0xa63310
LOITER: _Z9safe_asinIdEfT_ @ 0xa633c0
LOITER: _ZL3MAXIfdEDTqugtfp_fp0_fp_fp0_ERKT_RKT0_.4176 @ 0x6c4920
LOITER: _ZNK12NavEKF3_core20assume_zero_sideslipEv @ 0x6c49c0
LOITER: _ZN6AP_DAL8airspeedEv @ 0xa634a0
LOITER: _ZNK6AP_DAL15get_fly_forwardEv @ 0xa63540
LOITER: _ZNK6AP_DAL17get_vehicle_classEv @ 0xa635b0
LOITER: _ZN19RestrictIDTypeArrayIP17CompassCalibratorLj3E14typesafe_indexIh12TAG_PriorityEEixERKS4_ @ 0xa636c0
LOITER: _ZNK9AP_Logger10should_logEj @ 0x6ce910
LOITER: _ZNK6AP_GPS9time_weekEh @ 0xa64140
LOITER: _ZNK6AP_GPS12time_week_msEh @ 0xa641b0
LOITER: _ZN3GCS12send_messageE10ap_message @ 0x6cf1b0
LOITER: _ZNK6AP_GPS15time_epoch_usecEh @ 0x6cf260
LOITER: _ZNK14AP_GPS_Backend16get_last_itow_msEv @ 0x6cf3d0
LOITER: _ZN6AP_GPS23istate_time_to_epoch_msEtj @ 0x6cf490
LOITER: _ZN10AC_Sprayer3runEb @ 0x6cf9a0
LOITER: _ZNK7Vector2IfE6is_nanEv @ 0xa650b0
LOITER: _ZNK10AP_Gripper7enabledEv @ 0xa65c60
LOITER: _ZN10AP_Vehicle13update_armingEv @ 0x6dddb0
LOITER: _ZN7FunctorIvJEE14method_wrapperI10AP_VehicleXadL_ZNS2_13update_armingEvEEEEvPv @ 0xa66ce0
LOITER: _ZN9AP_Arming6updateEv @ 0x6dde00
LOITER: _ZN8AP_Stats6updateEv @ 0x6ddef0
LOITER: _ZN7FunctorIvJEE14method_wrapperI8AP_StatsXadL_ZNS2_6updateEvEEEEvPv @ 0xa66d90
LOITER: _ZN8AP_Stats17update_flighttimeEv @ 0x6de0a0
LOITER: _ZN8AP_Stats14update_runtimeEv @ 0x6de170
LOITER: _ZN8AP_Stats5flushEv @ 0x6de210
LOITER: _ZN13AP_ParamTBaseIiL11ap_var_type3EE22set_and_save_ifchangedERKi @ 0xa66e40
LOITER: _ZN10AP_Filters6updateEv @ 0x6de390
LOITER: _ZN7FunctorIvJEE14method_wrapperI10AP_FiltersXadL_ZNS2_6updateEvEEEEvPv @ 0xa66ed0
LOITER: _ZN10AP_Vehicle17check_motor_noiseEv @ 0x6df4d0
LOITER: _ZN7FunctorIvJEE14method_wrapperI10AP_VehicleXadL_ZNS2_17check_motor_noiseEvEEEEvPv @ 0xa67780
LOITER: _ZNK10AP_GyroFFT15check_esc_noiseEv @ 0xa67830
LOITER: _ZNK17NotchFilterParams7enabledEv @ 0xa67a60
LOITER: _ZN10AP_Vehicle13one_Hz_updateEv @ 0x6dfbb0
LOITER: _ZN7FunctorIvJEE14method_wrapperI10AP_VehicleXadL_ZNS2_13one_Hz_updateEvEEEEvPv @ 0xa67ab0
LOITER: _ZN12AP_Scripting6updateEv @ 0x6dfc90
LOITER: _ZN16AP_SerialManager20registered_ports_logEv @ 0x6dfce0
LOITER: _ZN12AP_Scripting13save_checksumEv @ 0x6dfdc0
LOITER: _ZN10AP_Gripper6updateEv @ 0x6dfec0
LOITER: _ZN7FunctorIvJEE14method_wrapperI10AP_GripperXadL_ZNS2_6updateEvEEEEvPv @ 0xa67bf0
LOITER: _ZN6AP_EFI6updateEv @ 0x6e0030
LOITER: _ZN7FunctorIvJEE14method_wrapperI6AP_EFIXadL_ZNS2_6updateEvEEEEvPv @ 0xa67ca0
LOITER: _ZN6AP_AIS6updateEv @ 0x6e04b0
LOITER: _ZN7FunctorIvJEE14method_wrapperI6AP_AISXadL_ZNS2_6updateEvEEEEvPv @ 0xa67d50
LOITER: _ZNK6AP_AIS7enabledEv @ 0x6e0d10
LOITER: _ZN2AP10oadatabaseEv @ 0x6e35d0
LOITER: _ZNK13AP_OADatabase7healthyEv @ 0xa67f10
LOITER: _ZN13AP_OADatabase13get_singletonEv @ 0xa681a0
LOITER: _ZN8AC_Fence6updateEv @ 0x6e4310
LOITER: _ZN7FunctorIvJEE14method_wrapperI8AC_FenceXadL_ZNS2_6updateEvEEEEvPv @ 0xa681e0
LOITER: _ZN19AC_PolyFence_loader6updateEv @ 0x6e4440
LOITER: _ZN19AC_PolyFence_loader17load_from_storageEv @ 0x6e4530
LOITER: _ZN10AP_Vehicle16accel_cal_updateEv @ 0x6e5990
LOITER: _ZN7FunctorIvJEE14method_wrapperI10AP_VehicleXadL_ZNS2_16accel_cal_updateEvEEEEvPv @ 0xa683c0
LOITER: _ZN20AP_TemperatureSensor6updateEv @ 0x6e7130
LOITER: _ZN7FunctorIvJEE14method_wrapperI20AP_TemperatureSensorXadL_ZNS2_6updateEvEEEEvPv @ 0xa684c0
LOITER: _ZN10AP_Vehicle16publish_osd_infoEv @ 0x6e73f0
LOITER: _ZN7FunctorIvJEE14method_wrapperI10AP_VehicleXadL_ZNS2_16publish_osd_infoEvEEEEvPv @ 0xa68610
LOITER: _ZN6AP_OSD12set_nav_infoERNS_7NavInfoE @ 0x6e7510
LOITER: _ZN6AP_RPM6updateEv @ 0x6e7580
LOITER: _ZN7FunctorIvJEE14method_wrapperI6AP_RPMXadL_ZNS2_6updateEvEEEEvPv @ 0xa686c0
LOITER: _ZNK6AP_RPM7Log_RPMEv @ 0x6e7760
LOITER: _ZNK6AP_RPM7enabledEh @ 0x6e7880
LOITER: _ZN14AP_OpenDroneID6updateEv @ 0x6e7930
LOITER: _ZN7FunctorIvJEE14method_wrapperI14AP_OpenDroneIDXadL_ZNS2_6updateEvEEEEvPv @ 0xa687e0
LOITER: _ZNK6AP_GPS8velocityEv @ 0xa6a080
LOITER: _ZNK7AP_AHRS18groundspeed_vectorEv @ 0xa6a160
LOITER: _ZNK6AP_GPS14speed_accuracyEhRf @ 0x6ec620
LOITER: _ZNK6AP_GPS17vertical_accuracyEhRf @ 0x6ec6f0
LOITER: _ZNK6AP_GPS19horizontal_accuracyEhRf @ 0x6ec7c0
LOITER: _ZNK6AP_GPS14get_undulationEhRf @ 0x6ec890
LOITER: _ZNK6AP_GPS8velocityEh @ 0xa6a3c0
LOITER: _ZN12AP_Generator6updateEv @ 0x6ec960
LOITER: _ZN7FunctorIvJEE14method_wrapperI12AP_GeneratorXadL_ZNS2_6updateEvEEEEvPv @ 0xa6a490
LOITER: _ZN14AP_Servo_Telem6updateEv @ 0x6ec9d0
LOITER: _ZN7FunctorIvJEE14method_wrapperI14AP_Servo_TelemXadL_ZNS2_6updateEvEEEEvPv @ 0xa6a540
LOITER: _ZN14AP_Servo_Telem9write_logEv @ 0x6eca20
LOITER: _ZN12AP_ESC_Telem6updateEv @ 0x6eced0
LOITER: _ZN7FunctorIvJEE14method_wrapperI12AP_ESC_TelemXadL_ZNS2_6updateEvEEEEvPv @ 0xa6a5f0
LOITER: _ZN6AP_HAL15timeout_expiredIjjmEEbT_T0_T1_ @ 0xa6a6a0
LOITER: _ZN10AP_Vehicle30send_watchdog_reset_statustextEv @ 0x6ed3e0
LOITER: _ZN7FunctorIvJEE14method_wrapperI10AP_VehicleXadL_ZNS2_30send_watchdog_reset_statustextEvEEEEvPv @ 0xa6a720
LOITER: _ZN8AP_Tramp6updateEv @ 0x6ed540
LOITER: _ZN7FunctorIvJEE14method_wrapperI8AP_TrampXadL_ZNS2_6updateEvEEEEvPv @ 0xa6a7d0
LOITER: _ZN10AP_VideoTX6updateEv @ 0x6ee520
LOITER: _ZN7FunctorIvJEE14method_wrapperI10AP_VideoTXXadL_ZNS2_6updateEvEEEEvPv @ 0xa6aa00
LOITER: _ZN10AP_Vehicle38update_dynamic_notch_at_specified_rateEv @ 0x6ee750
LOITER: _ZN7FunctorIvJEE14method_wrapperI10AP_VehicleXadL_ZNS2_38update_dynamic_notch_at_specified_rateEvEEEEvPv @ 0xa6aab0
LOITER: _ZNK25HarmonicNotchFilterParams9hasOptionENS_7OptionsE @ 0xa6ab60
LOITER: _ZN10AP_Vehicle20update_dynamic_notchERN17AP_InertialSensor13HarmonicNotchE @ 0x6ee8a0
LOITER: _ZN10AP_GyroFFT17update_parametersEv @ 0xa6af00
LOITER: _ZN7FunctorIvJEE14method_wrapperI10AP_GyroFFTXadL_ZNS2_17update_parametersEvEEEEvPv @ 0xa6af50
LOITER: _ZN10AP_GyroFFT17update_parametersEb @ 0x6ef810
LOITER: _ZN10AP_GyroFFT6updateEv @ 0x6efbb0
LOITER: _ZN7FunctorIvJEE14method_wrapperI10AP_GyroFFTXadL_ZNS2_6updateEvEEEEvPv @ 0xa6b000
LOITER: _ZN14AP_NMEA_Output6updateEv @ 0x6efd40
LOITER: _ZN7FunctorIvJEE14method_wrapperI14AP_NMEA_OutputXadL_ZNS2_6updateEvEEEEvPv @ 0xa6b0b0
LOITER: _ZN7FunctorIvJEE14method_wrapperI9AP_NotifyXadL_ZNS2_6updateEvEEEEvPv @ 0xa6b160
LOITER: _ZN7Compass10cal_updateEv @ 0x6f0db0
LOITER: _ZN7FunctorIvJEE14method_wrapperI7CompassXadL_ZNS2_10cal_updateEvEEEEvPv @ 0xa6b210
LOITER: _ZN11AP_Airspeed6updateEv @ 0x6f1900
LOITER: _ZN7FunctorIvJEE14method_wrapperI11AP_AirspeedXadL_ZNS2_6updateEvEEEEvPv @ 0xa6b320
LOITER: _ZNK11AP_Airspeed11get_primaryEv @ 0xa6b4b0
LOITER: _ZN10AP_GyroFFT12sample_gyrosEv @ 0x6f3bb0
LOITER: _ZN7FunctorIvJEE14method_wrapperI10AP_GyroFFTXadL_ZNS2_12sample_gyrosEvEEEEvPv @ 0xa6b500
LOITER: _ZN10AP_Vehicle4loopEv @ 0x6f4430
LOITER: _ZN12AP_Scheduler4loopEv @ 0x6f46d0
LOITER: _ZN12AP_Scheduler17get_loop_period_sEv @ 0xa6e3e0
LOITER: _ZN17AP_InertialSensor15wait_for_sampleEv @ 0x6f4c70
LOITER: _ZN12AP_Scheduler4tickEv @ 0x6f51b0
LOITER: _ZN12AP_Scheduler3runEj @ 0x6f5210
LOITER: _ZN2AP8PerfInfo15check_loop_timeEj @ 0x6f57c0
LOITER: _ZL15fill_nanf_stackv @ 0x6f5950
LOITER: _ZN2AP8PerfInfo16update_task_infoEhtb @ 0x6f59a0
LOITER: _ZNK7AP_AHRS24_get_primary_accel_indexEv @ 0x6fc370
LOITER: _ZNK7AP_AHRS22_get_primary_IMU_indexEv @ 0x6fc3c0
LOITER: _ZNK7NavEKF322getPrimaryCoreIMUIndexEv @ 0x6fc520
LOITER: _ZNK17AP_InertialSensor21get_first_usable_gyroEv @ 0xa6e850
LOITER: _ZNK12NavEKF3_core11getIMUIndexEv @ 0xa6e8a0
LOITER: _ZNK14AP_BattMonitor17has_cell_voltagesEh @ 0x6fc650
LOITER: _ZN2AP3EFIEv @ 0x6fcea0
LOITER: _ZN6AP_EFI13get_singletonEv @ 0xa6f230
LOITER: _ZN7FunctorIvJEE14method_wrapperI10AP_VehicleXadL_ZNS2_18fence_checks_asyncEvEEEEvPv @ 0xa6fbd0
LOITER: _ZN13AP_Filesystem5writeEiPKvj @ 0x6fdb10
LOITER: _ZL3MAXIjjEDTqugtfp_fp0_fp_fp0_ERKT_RKT0_.4125 @ 0x70c160
LOITER: _ZN15ekf_ring_buffer4pushEPKv @ 0x70c1e0
LOITER: _ZNK15ekf_ring_buffer10get_offsetEh @ 0x70c2e0
LOITER: _ZL7radiansf.4130 @ 0x70d680
LOITER: _ZN11QuaternionTIdEC2Edddd @ 0xa74a00
LOITER: _ZN11QuaternionTIfEmLERKS0_ @ 0xa74ab0
LOITER: _ZN2AP5statsEv @ 0x70fde0
LOITER: _ZN8AP_Stats13get_singletonEv @ 0xa759a0
LOITER: _ZNK7AP_AHRS8get_gyroEv @ 0xa78420
LOITER: _ZNK7AP_AHRS17airspeed_estimateERf @ 0x73b660
LOITER: _ZNK17AP_InertialSensor20get_vibration_levelsEv @ 0xa784e0
LOITER: _ZNK17AP_InertialSensor20get_vibration_levelsEh @ 0x73b760
LOITER: _ZNK10DigitalLPFI7Vector3IfEE3getEv @ 0xa78560
LOITER: _ZNK11QuaternionTIdE7is_zeroEv @ 0xa78610
LOITER: _ZN12NavEKF3_core18getEarthFieldTableERK8Location @ 0x73ce30
LOITER: _ZN14AP_Declination15get_declinationEff @ 0x73cf30
LOITER: _ZNK12NavEKF3_core14MagDeclinationEv @ 0x73cfc0
LOITER: _ZN12NavEKF3_core8zeroRowsERA24_A24_dhh @ 0x73d0a0
LOITER: _ZN12NavEKF3_core8zeroColsERA24_A24_dhh @ 0x73d160
LOITER: _ZN18NavEKF_core_common10zero_rangeEPdhh @ 0xa787b0
LOITER: _ZN12NavEKF3_core13ForceSymmetryEv @ 0x73e280
LOITER: _ZN12NavEKF3_core18ConstrainVariancesEv @ 0x73e3d0
LOITER: _ZN11QuaternionTIdE9normalizeEv @ 0xa78840
LOITER: _ZNK11QuaternionTIdE6lengthEv @ 0xa78920
LOITER: _Z20constrain_value_lineIdET_S0_S0_S0_j @ 0xa789e0
LOITER: _Z2sqI9AP_ParamTIfL11ap_var_type4EEEdT_ @ 0xa78b00
LOITER: _ZNK9AP_ParamTIfL11ap_var_type4EEcvdEv @ 0xa78b60
LOITER: _ZL7radiansf.4333 @ 0x73ee40
LOITER: _ZL2sqf.4255 @ 0x73f960
LOITER: _ZNK8Location21get_distance_NE_ftypeERKS_ @ 0x73fab0
LOITER: _ZN16EKF_IMU_buffer_tIN12NavEKF3_core15output_elementsEEixEj @ 0xa78c80
LOITER: _ZNK14ekf_imu_buffer3getEh @ 0x73fd60
LOITER: _ZNK14ekf_imu_buffer10get_offsetEh @ 0x73fdc0
LOITER: _ZNK14AP_BattMonitor11consumed_whERfh @ 0x741960
LOITER: _ZNK6AP_GPS8get_vdopEh @ 0xa78de0
LOITER: _ZNK6AP_GPS16last_fix_time_msEh @ 0xa78e50
LOITER: _ZNK6AP_GPS20last_message_time_msEh @ 0xa78ec0
LOITER: _ZNK6AP_GPS22have_vertical_velocityEh @ 0xa78f30
LOITER: _ZNK6AP_GPS18get_antenna_offsetEh @ 0x743ad0
LOITER: _ZNK14AP_GPS_Blended18get_antenna_offsetEv @ 0xa78fb0
LOITER: _ZNK6AP_GPS11gps_yaw_degEhRfS0_Rj @ 0x743ba0
LOITER: _ZNK6AP_GPS11is_rtk_baseEh @ 0x743d90
LOITER: _ZNK6AP_GPS12have_gps_yawEh @ 0xa79000
LOITER: _ZNK12AP_Proximity10get_statusEv @ 0x744ad0
LOITER: _ZNK12AP_Proximity11num_sensorsEv @ 0xa790a0
LOITER: _ZNK11RangeFinder11num_sensorsEv @ 0xa790f0
LOITER: _ZNK10AP_Vehicle18get_time_flying_msEv @ 0xa795b0
LOITER: _ZN12SRV_Channels23get_output_channel_maskEN11SRV_Channel8FunctionE @ 0x74b8f0
LOITER: _ZN11SRV_Channel9output_chEv @ 0x74c710
LOITER: _ZN11SRV_Channel12set_overrideEb @ 0xa797b0
LOITER: _ZN12SRV_Channels17set_output_scaledEN11SRV_Channel8FunctionEf @ 0x74d030
LOITER: _ZNK10AP_Mission5stateEv @ 0xa79b70
LOITER: _ZN19AP_ServoRelayEvents13update_eventsEv @ 0x756040
LOITER: _ZNK9AP_Follow11have_targetEv @ 0x75a5e0
LOITER: _ZN9AP_Follow13get_singletonEv @ 0xa7a950
LOITER: _ZN18AR_AttitudeControl21get_steering_rate_pidEv @ 0xa7a9e0
LOITER: _ZNK6AC_PID12get_pid_infoEv @ 0xa7aa30
LOITER: _ZN12AP_Scripting19is_handling_commandEt @ 0x75ef60
LOITER: _ZNK7Vector3IfE6is_infEv @ 0xa7b410
LOITER: _ZN7Vector2IfE9normalizeEv @ 0xa7b740
LOITER: _ZN7Vector2IfEdVEf @ 0xa7b7a0
LOITER: _ZNK7Vector2IfE6is_infEv @ 0xa7b820
LOITER: _ZL3MAXIjjEDTqugtfp_fp0_fp_fp0_ERKT_RKT0_.5595 @ 0x791640
LOITER: _ZN9AP_Logger19file_content_updateEv @ 0x791840
LOITER: _ZN9AP_Logger19file_content_updateERNS_11FileContentE @ 0x7919a0
LOITER: _ZN9AP_Logger24WriteBlock_first_succeedEPKvt @ 0x791db0
LOITER: _ZN17AP_Logger_Backend14periodic_tasksEv @ 0x794200
LOITER: _ZNK17AP_Logger_Backend13StartNewLogOKEv @ 0x7945f0
LOITER: _ZN17AP_Logger_Backend24WriteMoreStartupMessagesEv @ 0x7946d0
LOITER: _ZNK17AP_Logger_Backend15logging_enabledEv @ 0x7966f0
LOITER: _ZN17AP_Logger_Backend13periodic_10HzEj @ 0x796820
LOITER: _ZN17AP_Logger_Backend12periodic_1HzEv @ 0x796870
LOITER: _ZN17AP_Logger_Backend15push_log_blocksEv @ 0x796900
LOITER: _ZN17AP_Logger_Backend12df_stats_logEv @ 0x796960
LOITER: _ZN17AP_Logger_Backend26Write_AP_Logger_Stats_FileERKNS_8df_statsE @ 0x7969d0
LOITER: _ZN17AP_Logger_Backend14df_stats_clearEv @ 0x796ae0
LOITER: _ZNK17AP_Logger_Backend31critical_message_reserved_spaceEj @ 0xa7d8f0
LOITER: _ZN17AP_Logger_Backend15df_stats_gatherEtj @ 0x798fb0
LOITER: _ZNK14AP_Logger_File15logging_startedEv @ 0xa7dd80
LOITER: _ZN14AP_Logger_File21bufferspace_availableEv @ 0x79bcb0
LOITER: _ZNK14AP_Logger_File14logging_failedEv @ 0x79c2c0
LOITER: _ZN14AP_Logger_File8io_timerEv @ 0x79c380
LOITER: _ZN14AP_Logger_File12periodic_1HzEv @ 0x79c950
LOITER: _ZN14AP_Logger_File17periodic_fullrateEv @ 0x79cc00
LOITER: _ZNK14AP_Logger_File8WritesOKEv @ 0x79cc50
LOITER: _ZNK14AP_Logger_File13StartNewLogOKEv @ 0x79cce0
LOITER: _ZN14AP_Logger_File22_WritePrioritisedBlockEPKvtb @ 0x79ce90
LOITER: _ZN7AP_AHRS6updateEb @ 0x79d100
LOITER: _ZN7AP_AHRS18update_orientationEv @ 0x79d440
LOITER: _ZN17AP_InertialSensor6updateEv @ 0x79d540
LOITER: _ZN7AP_AHRS29update_trim_rotation_matricesEv @ 0x79dbb0
LOITER: _ZN7AP_AHRS10update_DCMEv @ 0x79dcc0
LOITER: _ZN7AP_AHRS12update_flagsEv @ 0x79dd60
LOITER: _ZN7AP_AHRS11update_SITLEv @ 0x79de20
LOITER: _ZN7AP_AHRS15update_externalEv @ 0x79ded0
LOITER: _ZN7AP_AHRS11update_EKF2Ev @ 0x79dff0
LOITER: _ZN7AP_AHRS11update_EKF3Ev @ 0x79e4e0
LOITER: _ZNK7AP_AHRS14get_gyro_driftEv @ 0xa7dde0
LOITER: _ZN7AP_AHRS14update_AOA_SSAEv @ 0x79ecd0
LOITER: _ZNK7AP_AHRS16_active_EKF_typeEv @ 0x79ed20
LOITER: _ZN7AP_AHRS12update_stateEv @ 0x79f250
LOITER: _ZNK7AP_AHRS23_get_primary_gyro_indexEv @ 0x79f4f0
LOITER: _ZNK7AP_AHRS23_get_primary_core_indexEv @ 0x79f5a0
LOITER: _ZNK7AP_AHRS14_wind_estimateER7Vector3IfE @ 0x79f670
LOITER: _ZN15AP_AHRS_Backend11get_EAS2TASEv @ 0x79f7a0
LOITER: _ZNK7AP_AHRS13_airspeed_EASERfRNS_20AirspeedEstimateTypeE @ 0x79f7e0
LOITER: _ZNK7AP_AHRS13_airspeed_TASERf @ 0x79fd60
LOITER: _ZNK7AP_AHRS13_airspeed_TASER7Vector3IfE @ 0x79fe70
LOITER: _ZNK7AP_AHRS15_get_quaternionER11QuaternionTIfE @ 0x79ff50
LOITER: _ZNK7AP_AHRS23_get_secondary_attitudeER7Vector3IfE @ 0x7a0110
LOITER: _ZNK7AP_AHRS25_get_secondary_quaternionER11QuaternionTIfE @ 0x7a0310
LOITER: _ZNK7AP_AHRS13_get_locationER8Location @ 0x7a04c0
LOITER: _ZNK7AP_AHRS23_get_secondary_positionER8Location @ 0x7a0640
LOITER: _ZN7AP_AHRS19_groundspeed_vectorEv @ 0x7a0790
LOITER: _ZN7AP_AHRS12_groundspeedEv @ 0x7a08c0
LOITER: _ZNK7AP_AHRS29_getCorrectedDeltaVelocityNEDER7Vector3IfERf @ 0x7a0990
LOITER: _ZNK7AP_AHRS17_get_velocity_NEDER7Vector3IfE @ 0x7a0c20
LOITER: _ZNK7NavEKF39getVelNEDER7Vector3IfE @ 0x7a0de0
LOITER: _ZNK12NavEKF3_core9getVelNEDER7Vector3IfE @ 0x7a1110
LOITER: _ZNK7NavEKF312getAccelBiasEaR7Vector3IfE @ 0x7a1300
LOITER: _ZNK17AP_InertialSensor18get_delta_velocityEhR7Vector3IfERf @ 0x7a13d0
LOITER: _ZNK7AP_AHRS43get_rotation_autopilot_body_to_vehicle_bodyEv @ 0xa7ded0
LOITER: _ZNK17AP_InertialSensor14get_delta_timeEv @ 0xa7df20
LOITER: _ZL3MINIffEDTqultfp_fp0_fp_fp0_ERKT_RKT0_.3149 @ 0x7a1580
LOITER: _ZL3MINIffEDTqultfp_fp0_fp_fp0_ERKT_RKT0_.1609 @ 0x7a1610
LOITER: _ZNK12NavEKF3_core12getAccelBiasER7Vector3IfE @ 0x7a16a0
LOITER: _ZL7radiansf.1596 @ 0x7a1d90
LOITER: _ZNK7AP_AHRS23_get_secondary_EKF_typeERNS_7EKFTypeE @ 0x7a1de0
LOITER: _ZNK7NavEKF36getLLHER8Location @ 0x7a1fd0
LOITER: _ZNK12NavEKF3_core6getLLHER8Location @ 0x7a2070
LOITER: _ZNK7AP_AHRS24fallback_active_EKF_typeEv @ 0x7a2640
LOITER: _ZNK11AP_AHRS_DCM14get_quaternionER11QuaternionTIfE @ 0x7a2690
LOITER: _ZNK7NavEKF313getQuaternionER11QuaternionTIfE @ 0x7a2790
LOITER: _ZN11QuaternionTIfE6rotateERK7Vector3IfE @ 0xa7e200
LOITER: _ZN11QuaternionTIfE15from_axis_angleE7Vector3IfE @ 0xa7e2b0
LOITER: _ZN15AP_ExternalAHRS14get_quaternionER11QuaternionTIfE @ 0x7a2890
LOITER: _ZNK12NavEKF3_core13getQuaternionER11QuaternionTIfE @ 0x7a2940
LOITER: _ZNK11QuaternionTIdE7tofloatEv @ 0xa7e390
LOITER: _ZNK7NavEKF314getEulerAnglesER7Vector3IfE @ 0x7a2af0
LOITER: _ZNK7NavEKF312getAirSpdVecER7Vector3IfE @ 0x7a2cd0
LOITER: _ZNK12NavEKF3_core12getAirSpdVecER7Vector3IfE @ 0x7a2d70
LOITER: _ZNK11QuaternionTIdE7inverseEv @ 0xa7e410
LOITER: _ZNK7AP_AHRS25get_active_airspeed_indexEv @ 0x7a3170
LOITER: _ZNK7AP_AHRS27_should_use_airspeed_sensorEh @ 0x7a3270
LOITER: _ZNK7AP_AHRS27get_wind_estimation_enabledEv @ 0xa7e4c0
LOITER: _ZNK7NavEKF37getWindER7Vector3IfE @ 0x7a3580
LOITER: _ZNK12NavEKF3_core7getWindER7Vector3IfE @ 0x7a36a0
LOITER: _ZN15AP_AHRS_Backend23airspeed_sensor_enabledEh @ 0xa7e580
LOITER: _ZNK7AP_AHRS23airspeed_sensor_enabledEh @ 0xa7e660
LOITER: _ZNK7AP_AHRS10option_setENS_7OptionsE @ 0xa7e6c0
LOITER: _ZNK7NavEKF317getActiveAirspeedEv @ 0x7a3870
LOITER: _ZNK12NavEKF3_core17getActiveAirspeedEv @ 0x7a3900
LOITER: _ZNK7AP_Baro12_get_EAS2TASEv @ 0x7a3950
LOITER: _ZNK7AP_Baro20get_EAS2TAS_extendedEf @ 0x7a39c0
LOITER: _ZNK7NavEKF319getPrimaryCoreIndexEv @ 0x7a3c90
LOITER: _ZNK7NavEKF326configuredToUseGPSForPosXYEv @ 0x7a3eb0
LOITER: _ZNK11AP_AHRS_DCM20yaw_source_availableEv @ 0x7a3f30
LOITER: _ZNK16AP_NavEKF_Source14getPosXYSourceEh @ 0xa7e820
LOITER: _ZNK7AP_AHRS9calc_trigERK7Matrix3IfERfS4_S4_S4_S4_S4_ @ 0x7a3fe0
LOITER: _ZNK9AP_Logger15allow_start_ekfEv @ 0x7a43d0
LOITER: _ZN7NavEKF312UpdateFilterEv @ 0x7a4aa0
LOITER: _ZNK7NavEKF320getRotationBodyToNEDER7Matrix3IfE @ 0x7a5070
LOITER: _ZN7AP_AHRS16update_cd_valuesEv @ 0x7a5100
LOITER: _ZN7AP_AHRS11update_trigEv @ 0x7a5240
LOITER: _ZNK17AP_InertialSensor22get_first_usable_accelEv @ 0xa7e8a0
LOITER: _ZNK7NavEKF311getGyroBiasEaR7Vector3IfE @ 0x7a5320
LOITER: _ZN7AP_AHRS32update_notify_from_filter_statusERK17nav_filter_status @ 0x7a53f0
LOITER: _ZNK12NavEKF3_core11getGyroBiasER7Vector3IfE @ 0x7a54a0
LOITER: _ZL7degreesf.1550 @ 0x7a5580
LOITER: _ZN6AP_DAL11start_frameENS_9FrameTypeE @ 0x7a55d0
LOITER: _ZNK6AP_DAL8micros64Ev @ 0xa7e8f0
LOITER: _ZNK12NavEKF3_core21getFramesSincePredictEv @ 0x7a5ab0
LOITER: _ZN6AP_DAL22ekf_low_time_remainingENS_7EKFTypeEh @ 0x7a5b10
LOITER: _ZN12NavEKF3_core12UpdateFilterEb @ 0x7a5c50
LOITER: _ZNK6AP_DAL9get_armedEv @ 0xa7e940
LOITER: _ZN7NavEKF321updateCoreErrorScoresEv @ 0x7a5e80
LOITER: _ZN7NavEKF324updateCoreRelativeErrorsEv @ 0x7a5f40
LOITER: _ZNK7NavEKF315coreBetterScoreEhh @ 0x7a60e0
LOITER: _ZN16AP_NavEKF_Source22align_inactive_sourcesEv @ 0x7a62e0
LOITER: _ZNK16AP_NavEKF_Source13getPosZSourceEh @ 0x7a6590
LOITER: _ZNK7AP_EnumIN16AP_NavEKF_Source7SourceZEEcvKS1_Ev @ 0xa7ea20
LOITER: _ZL3MAXI9AP_ParamTIfL11ap_var_type4EEfEDTqugtfp_fp0_fp_fp0_ERKT_RKT0_.3912 @ 0x7a6770
LOITER: _ZN18NavEKF_core_common22fill_scratch_variablesEv @ 0x7a6800
LOITER: _ZN12NavEKF3_core23update_sensor_selectionEv @ 0x7a68a0
LOITER: _ZN12NavEKF3_core18controlFilterModesEv @ 0x7a6910
LOITER: _ZN12NavEKF3_core11readIMUDataEb @ 0x7a69e0
LOITER: _ZN12NavEKF3_core27UpdateStrapdownEquationsNEDEv @ 0x7a72b0
LOITER: _ZN12NavEKF3_core20CovariancePredictionEP7Vector3IdE @ 0x7a7790
LOITER: _ZN12NavEKF3_core25runYawEstimatorPredictionEv @ 0x7b1f80
LOITER: _ZN12NavEKF3_core15SelectMagFusionEv @ 0x7b20e0
LOITER: _ZN12NavEKF3_core18SelectVelPosFusionEv @ 0x7b2e10
LOITER: _ZN12NavEKF3_core25runYawEstimatorCorrectionEv @ 0x7b37d0
LOITER: _ZN12NavEKF3_core18SelectRngBcnFusionEv @ 0x7b39c0
LOITER: _ZN12NavEKF3_core16SelectFlowFusionEv @ 0x7b3af0
LOITER: _ZN12NavEKF3_core20SelectBodyOdomFusionEv @ 0x7b3dd0
LOITER: _ZN12NavEKF3_core15SelectTasFusionEv @ 0x7b4080
LOITER: _ZN12NavEKF3_core20SelectBetaDragFusionEv @ 0x7b4180
LOITER: _ZN12NavEKF3_core18updateFilterStatusEv @ 0x7b4440
LOITER: _ZN12NavEKF3_core13moveEKFOriginEv @ 0x7b4d80
LOITER: _ZN12NavEKF3_core21checkUpdateEarthFieldEv @ 0x7b4f30
LOITER: _ZN12NavEKF3_core16calcOutputStatesEv @ 0x7b4ff0
LOITER: _ZN12NavEKF3_core11readMagDataEv @ 0x7b6340
LOITER: _ZN12NavEKF3_core11readGpsDataEv @ 0x7b6850
LOITER: _ZN12NavEKF3_core14readGpsYawDataEv @ 0x7b71e0
LOITER: _ZN12NavEKF3_core12readBaroDataEv @ 0x7b7310
LOITER: _ZN6AP_DAL3insEv @ 0xa7ead0
LOITER: _ZNK21AP_DAL_InertialSensor9get_accelEh @ 0xa7eb20
LOITER: _ZL2sqf.4316 @ 0x7b9340
LOITER: _ZNK16AP_NavEKF_Source13useVelZSourceENS_7SourceZEh @ 0x7b94b0
LOITER: _ZNK12NavEKF3_core26CorrectGPSForAntennaOffsetERNS_12gps_elementsE @ 0x7b95e0
LOITER: _ZNK10AP_DAL_GPS18get_antenna_offsetEh @ 0xa7edf0
LOITER: _ZNK7Vector3IdErmERKS0_ @ 0xa7ee60
LOITER: _ZNK7Matrix3IdE13mul_transposeERK7Vector3IdE @ 0xa7ef40
LOITER: _ZN7Vector3IdEdVEd @ 0xa7f050
LOITER: _ZNK21AP_DAL_InertialSensor16get_loop_delta_tEv @ 0xa7f0e0
LOITER: _ZNK14AP_DAL_Compass16get_first_usableEv @ 0xa7f500
LOITER: _ZNK11AP_DAL_Baro15get_last_updateEh @ 0xa7f770
LOITER: _ZNK11AP_DAL_Baro12get_altitudeEh @ 0xa7f7e0
LOITER: _ZN16EKF_obs_buffer_tIN12NavEKF3_core13baro_elementsEE4pushERKS1_ @ 0xa7f850
LOITER: _ZNK10AP_DAL_GPS11gps_yaw_degEhRfS0_Rj @ 0xa7f8c0
LOITER: _ZL3MAXIfdEDTqugtfp_fp0_fp_fp0_ERKT_RKT0_ @ 0x7b9fe0
LOITER: _ZNK10AP_DAL_GPS20last_message_time_msEh @ 0xa7f9e0
LOITER: _ZNK10AP_DAL_GPS7get_lagEhRf @ 0xa7fa50
LOITER: _ZL3MINIjjEDTqultfp_fp0_fp_fp0_ERKT_RKT0_.4133 @ 0x7ba1e0
LOITER: _ZNK10AP_DAL_GPS8velocityEh @ 0xa7fb00
LOITER: _ZNK10AP_DAL_GPS22have_vertical_velocityEh @ 0xa7fb70
LOITER: _ZNK10AP_DAL_GPS14speed_accuracyEhRf @ 0xa7fbf0
LOITER: _ZL3MAXIdfEDTqugtfp_fp0_fp_fp0_ERKT_RKT0_.4129 @ 0x7ba260
LOITER: _ZL3MINIdfEDTqultfp_fp0_fp_fp0_ERKT_RKT0_ @ 0x7ba300
LOITER: _ZL3MAXId9AP_ParamTIfL11ap_var_type4EEEDTqugtfp_fp0_fp_fp0_ERKT_RKT0_ @ 0x7ba3a0
LOITER: _ZNK10AP_DAL_GPS19horizontal_accuracyEhRf @ 0xa7fca0
LOITER: _ZNK10AP_DAL_GPS17vertical_accuracyEhRf @ 0xa7fd50
LOITER: _ZNK10AP_DAL_GPS8num_satsEh @ 0xa7fe00
LOITER: _ZN12NavEKF3_core18calcGpsGoodToAlignEv @ 0x7ba450
LOITER: _ZN12NavEKF3_core20calcGpsGoodForFlightEv @ 0x7bb3b0
LOITER: _ZN16EKF_obs_buffer_tIN12NavEKF3_core12gps_elementsEE4pushERKS1_ @ 0xa7fe70
LOITER: _ZL3MAXIddEDTqugtfp_fp0_fp_fp0_ERKT_RKT0_.4294 @ 0x7bb870
LOITER: _ZL3MINIdfEDTqultfp_fp0_fp_fp0_ERKT_RKT0_.4281 @ 0x7bb8f0
LOITER: _ZNK10AP_DAL_GPS8get_hdopEh @ 0xa7fee0
LOITER: _ZNK14AP_DAL_Compass9availableEv @ 0xa7ff50
LOITER: _ZNK14AP_DAL_Compass9get_countEv @ 0xa7ffb0
LOITER: _ZNK14AP_DAL_Compass21learn_offsets_enabledEv @ 0xa80000
LOITER: _ZNK14AP_DAL_Compass7healthyEh @ 0xa80060
LOITER: _ZNK14AP_DAL_Compass16last_update_usecEh @ 0xa800d0
LOITER: _ZNK14AP_DAL_Compass11get_offsetsEh @ 0xa80140
LOITER: _ZNK7Vector3IdEneERKS0_ @ 0xa801b0
LOITER: _ZN12NavEKF3_core12mag_elementsC2Ev @ 0xa80280
LOITER: _ZNK14AP_DAL_Compass9get_fieldEh @ 0xa802e0
LOITER: _ZNK14AP_DAL_Compass10consistentEv @ 0xa80350
LOITER: _ZN16EKF_obs_buffer_tIN12NavEKF3_core12mag_elementsEE4pushERKS1_ @ 0xa803b0
LOITER: _Z8is_equalIddENSt3__19enable_ifIXsr3std17is_floating_pointINS0_11common_typeIJT_T0_EE4typeEEE5valueEbE4typeES3_S4_ @ 0xa80420
LOITER: _ZN12NavEKF3_core17correctDeltaAngleER7Vector3IdEdh @ 0x7bbbd0
LOITER: _ZN12NavEKF3_core20correctDeltaVelocityER7Vector3IdEdh @ 0x7bbc90
LOITER: _ZN11QuaternionTIdEC2Ev @ 0xa804a0
LOITER: _ZN11QuaternionTIdE15from_axis_angleE7Vector3IdE @ 0xa80510
LOITER: _ZN11QuaternionTIdEmLERKS0_ @ 0xa805d0
LOITER: _ZNK11QuaternionTIdE15rotation_matrixER7Matrix3IdE @ 0xa80770
LOITER: _ZNK21AP_DAL_InertialSensor8get_gyroEh @ 0xa80960
LOITER: _ZNK6AP_DAL20get_takeoff_expectedEv @ 0xa80a70
LOITER: _ZN16EKF_IMU_buffer_tIN12NavEKF3_core12imu_elementsEE18get_youngest_indexEv @ 0xa80ae0
LOITER: _ZN16EKF_IMU_buffer_tIN12NavEKF3_core12imu_elementsEE16get_oldest_indexEv @ 0xa80b40
LOITER: _ZNK11QuaternionTIdEdvERKS0_ @ 0xa80ba0
LOITER: _ZN11QuaternionTIdEixEh @ 0xa80dc0
LOITER: _ZL3MAXIddEDTqugtfp_fp0_fp_fp0_ERKT_RKT0_.4344 @ 0x7bbdb0
LOITER: _ZN12NavEKF3_core15output_elementsC2Ev @ 0xa80e30
LOITER: _ZNK14ekf_imu_buffer16get_oldest_indexEv @ 0xa80eb0
LOITER: _ZNK14ekf_imu_buffer18get_youngest_indexEv @ 0xa80f00
LOITER: _ZN11QuaternionTIdE15from_axis_angleERK7Vector3IdEd @ 0xa80f50
LOITER: _ZNK6AP_DAL22get_touchdown_expectedEv @ 0xa81070
LOITER: _ZNK6AP_DAL11get_EAS2TASEv @ 0xa81150
LOITER: _ZN7Vector3IdEixEh @ 0xa81210
LOITER: _ZNK7Vector3IdEixEh @ 0xa81280
LOITER: _ZN7Vector2IdEixEh @ 0xa812f0
LOITER: _ZN15ekf_ring_buffer6recallEPvj @ 0x7c2910
LOITER: _ZNK15ekf_ring_buffer7time_msEh @ 0x7c2a70
LOITER: _ZN12NavEKF3_core14readAirSpdDataEv @ 0x7c2ae0
LOITER: _ZNK12NavEKF3_core11useAirspeedEv @ 0x7c47b0
LOITER: _ZNK6AP_DAL23airspeed_sensor_enabledEv @ 0xa81610
LOITER: _ZN16EKF_obs_buffer_tIN12NavEKF3_core16vel_odm_elementsEE6recallERS1_j @ 0xa81680
LOITER: _ZN16EKF_obs_buffer_tIN12NavEKF3_core18wheel_odm_elementsEE6recallERS1_j @ 0xa81700
LOITER: _ZN12NavEKF3_core11of_elementsC2Ev @ 0xa81780
LOITER: _ZN16EKF_obs_buffer_tIN12NavEKF3_core11of_elementsEE6recallERS1_j @ 0xa81810
LOITER: _ZNK7Vector2IdEixEh @ 0xa81890
LOITER: _ZN12NavEKF3_core14readRngBcnDataEv @ 0x7d1700
LOITER: _ZN10EKFGSF_yaw11fuseVelDataERK7Vector2IdEd @ 0x7d53b0
LOITER: _ZNK12NavEKF3_core13EKFGSF_getYawERdS0_ @ 0x7d57b0
LOITER: _ZNK11QuaternionTIdE8to_eulerERdS1_S1_ @ 0xa81d60
LOITER: _ZNK11QuaternionTIdE12to_vector312Ev @ 0xa81e10
LOITER: _ZN7Matrix3IdE13from_euler312Eddd @ 0xa82150
LOITER: _ZNK7Matrix3IdE11to_euler312Ev @ 0xa827f0
LOITER: _ZN7Matrix3IdEixEh @ 0xa828e0
LOITER: _ZNK10EKFGSF_yaw10getYawDataERdS0_Ph @ 0x7d6120
LOITER: _ZL7radiansf.4097 @ 0x7d6200
LOITER: _ZL2sqf.4095 @ 0x7d6250
LOITER: _ZNK10EKFGSF_yaw17getVelInnovLengthERd @ 0x7d62a0
LOITER: _ZN10EKFGSF_yaw7correctEhRK7Vector2IdEd @ 0x7d67c0
LOITER: _ZNK10EKFGSF_yaw15gaussianDensityEh @ 0x7d7b80
LOITER: _ZL3MAXIdfEDTqugtfp_fp0_fp_fp0_ERKT_RKT0_.3598 @ 0x7d7f00
LOITER: _ZN10EKFGSF_yaw13forceSymmetryEh @ 0x7d7fa0
LOITER: _ZN16EKF_obs_buffer_tIN12NavEKF3_core16ext_nav_elementsEE6recallERS1_j @ 0xa82a50
LOITER: _ZN16EKF_obs_buffer_tIN12NavEKF3_core20ext_nav_vel_elementsEE6recallERS1_j @ 0xa82ad0
LOITER: _ZNK12NavEKF3_core35CalculateVelInnovationsAndVariancesERK7Vector3IdEddRS1_S4_ @ 0x7d84d0
LOITER: _ZN16EKF_obs_buffer_tIN12NavEKF3_core12gps_elementsEE6recallERS1_j @ 0xa82b50
LOITER: _ZN12NavEKF3_core21selectHeightForFusionEv @ 0x7d8b10
LOITER: _ZN12NavEKF3_core13FuseVelPosNEDEv @ 0x7da010
LOITER: _ZL3MAXIdfEDTqugtfp_fp0_fp_fp0_ERKT_RKT0_.4269 @ 0x7dc360
LOITER: _ZL3MAXI9AP_ParamTIfL11ap_var_type4EEfEDTqugtfp_fp0_fp_fp0_ERKT_RKT0_.4270 @ 0x7dc400
LOITER: _ZN12NavEKF3_core15readRangeFinderEv @ 0x7dc490
LOITER: _ZN16EKF_obs_buffer_tIN12NavEKF3_core14range_elementsEE6recallERS1_j @ 0xa82bd0
LOITER: _ZN16EKF_obs_buffer_tIN12NavEKF3_core13baro_elementsEE6recallERS1_j @ 0xa82ca0
LOITER: _ZL3MAXIddEDTqugtfp_fp0_fp_fp0_ERKT_RKT0_.4118 @ 0x7dd060
LOITER: _ZL3MAXI9AP_ParamTIfL11ap_var_type4EEfEDTqugtfp_fp0_fp_fp0_ERKT_RKT0_.4107 @ 0x7dd230
LOITER: _ZN12NavEKF3_core12fuseEulerYawENS_15yawFusionMethodE @ 0x7dd2c0
LOITER: _ZN16EKF_obs_buffer_tIN12NavEKF3_core12yaw_elementsEE6recallERS1_j @ 0xa82f30
LOITER: _ZN16EKF_obs_buffer_tIN12NavEKF3_core12mag_elementsEE6recallERS1_j @ 0xa82fb0
LOITER: _ZN12NavEKF3_core18controlMagYawResetEv @ 0x7df260
LOITER: _ZNK7Matrix3IdEixEh @ 0xa83180
LOITER: _ZL3MAXIdfEDTqugtfp_fp0_fp_fp0_ERKT_RKT0_.4105 @ 0x7e60b0
LOITER: _ZN12NavEKF3_core17MagTableConstrainEv @ 0x7e6150
LOITER: _ZNK11QuaternionTIdE13to_axis_angleER7Vector3IdE @ 0xa831f0
LOITER: _ZN10EKFGSF_yaw6updateERK7Vector3IdES3_ddbd @ 0x7e68d0
LOITER: _ZN10EKFGSF_yaw7predictEh @ 0x7e7360
LOITER: _ZN10EKFGSF_yaw11predictAHRSEh @ 0x7e7eb0
LOITER: _ZL7radiansf.3596 @ 0x7e8430
LOITER: _ZL2sqf.3597 @ 0x7e8480
LOITER: _ZNK10EKFGSF_yaw12updateRotMatERK7Matrix3IdERK7Vector3IdE @ 0x7e84d0
LOITER: _ZN12NavEKF3_core21calcTiltErrorVarianceEv @ 0x7e8db0
LOITER: _ZN12NavEKF3_core23verifyTiltErrorVarianceEv @ 0x7e9490
LOITER: _ZL3MINIffEDTqultfp_fp0_fp_fp0_ERKT_RKT0_.4336 @ 0x7e9890
LOITER: _ZN11QuaternionTIdE6rotateERK7Vector3IdE @ 0xa837b0
LOITER: _ZN12NavEKF3_core15ConstrainStatesEv @ 0x7e9920
LOITER: _ZNK21AP_DAL_InertialSensor9use_accelEh @ 0xa83870
LOITER: _ZNK21AP_DAL_InertialSensor8use_gyroEh @ 0xa83940
LOITER: _ZN12NavEKF3_core19learnInactiveBiasesEv @ 0x7e9d60
LOITER: _ZN12NavEKF3_core19updateMovementCheckEv @ 0x7ea2d0
LOITER: _ZN12NavEKF3_core17readDeltaVelocityEhR7Vector3IdERd @ 0x7eab70
LOITER: _ZNK21AP_DAL_InertialSensor18get_imu_pos_offsetEh @ 0xa83a10
LOITER: _ZN12NavEKF3_core14readDeltaAngleEhR7Vector3IdERd @ 0x7eacc0
LOITER: _ZN16EKF_IMU_buffer_tIN12NavEKF3_core12imu_elementsEE21push_youngest_elementES1_ @ 0xa83a80
LOITER: _ZN12NavEKF3_core14SampleDragDataERKNS_12imu_elementsE @ 0x7eade0
LOITER: _ZN16EKF_IMU_buffer_tIN12NavEKF3_core12imu_elementsEE18get_oldest_elementEv @ 0xa83ae0
LOITER: _ZN12NavEKF3_core22updateTimingStatisticsEv @ 0x7eb090
LOITER: _ZL3MINIfdEDTqultfp_fp0_fp_fp0_ERKT_RKT0_ @ 0x7eb340
LOITER: _ZN12NavEKF3_core12imu_elementsC2Ev @ 0xa83b60
LOITER: _ZN14ekf_imu_buffer18get_oldest_elementEPv @ 0x7eb3e0
LOITER: _ZN14ekf_imu_buffer21push_youngest_elementEPKv @ 0x7eb4a0
LOITER: _ZNK21AP_DAL_InertialSensor14get_gyro_countEv @ 0xa83c40
LOITER: _ZNK21AP_DAL_InertialSensor15get_delta_angleEhR7Vector3IfERf @ 0xa83c90
LOITER: _ZNK21AP_DAL_InertialSensor15get_accel_countEv @ 0xa83d90
LOITER: _ZNK21AP_DAL_InertialSensor18get_delta_velocityEhR7Vector3IfERf @ 0xa83de0
LOITER: _ZL7radiansi.4131 @ 0x7eb590
LOITER: _ZN12NavEKF3_core12detectFlightEv @ 0x7eb5f0
LOITER: _ZN12NavEKF3_core27setWindMagStateLearningModeEv @ 0x7ebab0
LOITER: _ZN12NavEKF3_core28checkAttitudeAlignmentStatusEv @ 0x7ec350
LOITER: _ZN12NavEKF3_core13setAidingModeEv @ 0x7ec460
LOITER: _ZN12NavEKF3_core12setYawSourceEv @ 0x7ed3d0
LOITER: _ZN12NavEKF3_core18checkGyroCalStatusEv @ 0x7ed4a0
LOITER: _ZL3MINIttEDTqultfp_fp0_fp_fp0_ERKT_RKT0_ @ 0x7edb80
LOITER: _ZL7radiansd.4050 @ 0x7edc00
LOITER: _ZN12NavEKF3_core19updateStateIndexLimEv @ 0x7edcf0
LOITER: _ZNK6AP_DAL18get_time_flying_msEv @ 0xa83ed0
LOITER: _ZN12NavEKF3_core20update_gps_selectionEv @ 0x7edee0
LOITER: _ZN12NavEKF3_core20update_mag_selectionEv @ 0x7edfe0
LOITER: _ZN12NavEKF3_core21update_baro_selectionEv @ 0x7ee120
LOITER: _ZN12NavEKF3_core25update_airspeed_selectionEv @ 0x7ee200
LOITER: _ZNK11AP_DAL_Baro11get_primaryEv @ 0xa83f70
LOITER: _Z9fill_nanfPdt @ 0x7ee310
LOITER: _ZNK17AP_InertialSensor20get_last_update_usecEv @ 0xa84030
LOITER: _ZNK17AP_InertialSensor16get_loop_delta_tEv @ 0xa84080
LOITER: _ZNK7AP_AHRS17get_vehicle_classEv @ 0xa840d0
LOITER: _ZNK7AP_AHRS20get_takeoff_expectedEv @ 0xa84120
LOITER: _ZNK7AP_AHRS22get_touchdown_expectedEv @ 0xa84180
LOITER: _ZNK7AP_AHRS8get_trimEv @ 0xa841e0
LOITER: _ZN2AP12wheelencoderEv @ 0x7ee730
LOITER: _ZNK15AP_WheelEncoder11num_sensorsEv @ 0xa84240
LOITER: _ZNK7AP_AHRS43get_rotation_vehicle_body_to_autopilot_bodyEv @ 0xa84290
LOITER: _ZN21AP_DAL_InertialSensor11start_frameEv @ 0x7ee770
LOITER: _ZN11AP_DAL_Baro11start_frameEv @ 0x7ee9f0
LOITER: _ZN10AP_DAL_GPS11start_frameEv @ 0x7eeb60
LOITER: _ZN14AP_DAL_Compass11start_frameEv @ 0x7eef60
LOITER: _ZNK9AP_Beacon7enabledEv @ 0x7efa10
LOITER: _ZNK9AP_Beacon12device_readyEv @ 0x7efd50
LOITER: _ZNK7AP_EnumIN9AP_Beacon4TypeEEcvKS1_Ev @ 0xa84340
LOITER: _ZNK7Compass24auto_declination_enabledEv @ 0xa84490
LOITER: _ZNK7Compass15get_declinationEv @ 0x7efec0
LOITER: _ZNK7Compass15get_num_enabledEv @ 0x7eff20
LOITER: _ZNK7Compass16get_first_usableEv @ 0xa84500
LOITER: _ZNK7Compass17have_scale_factorEh @ 0x7effe0
LOITER: _ZNK7Compass16last_update_usecEh @ 0xa84550
LOITER: _ZNK14typesafe_indexIh14TAG_StateIndexEgeERKh @ 0xa845d0
LOITER: _ZNK7AP_Baro11get_primaryEv @ 0xa84640
LOITER: _ZNK7AP_Baro15get_last_updateEh @ 0xa84690
LOITER: _ZNK17AP_InertialSensor16get_loop_rate_hzEv @ 0xa84700
LOITER: _ZNK17AP_InertialSensor15get_delta_angleEhR7Vector3IfERf @ 0x7f0120
LOITER: _ZN21AP_DAL_InertialSensor15update_filteredEh @ 0x7f02f0
LOITER: _ZNK17AP_InertialSensor18get_imu_pos_offsetEh @ 0xa84750
LOITER: _ZNK17AP_InertialSensor10_accel_posEh @ 0xa847b0
LOITER: _ZN17AP_InertialSensor10_accel_posEh @ 0xa84810
LOITER: _ZN15AP_WheelEncoder13get_singletonEv @ 0xa84880
LOITER: _ZN7NavEKF216InitialiseFilterEv @ 0x7f2d80
LOITER: _ZNK6AP_DAL12get_ekf_typeEv @ 0xa87070
LOITER: _ZN16AP_AHRS_External6updateEv @ 0x826160
LOITER: _ZN16AP_AHRS_External11get_resultsERN15AP_AHRS_Backend9EstimatesE @ 0x8261b0
LOITER: _ZN7AP_AHRS37copy_estimates_from_backend_estimatesERKN15AP_AHRS_Backend9EstimatesE @ 0x826400
LOITER: _ZN15AP_ExternalAHRS6updateEv @ 0x8266e0
LOITER: _ZL7degreesf.9850 @ 0x826a10
LOITER: _ZN11AP_AHRS_SIM6updateEv @ 0xa87c30
LOITER: _ZN11AP_AHRS_SIM11get_resultsERN15AP_AHRS_Backend9EstimatesE @ 0x826a60
LOITER: _ZN11AP_AHRS_DCM6updateEv @ 0x827640
LOITER: _ZN11AP_AHRS_DCM11get_resultsERN15AP_AHRS_Backend9EstimatesE @ 0x827960
LOITER: _ZN11AP_AHRS_DCM13matrix_updateEv @ 0x827a80
LOITER: _ZN11AP_AHRS_DCM9normalizeEv @ 0x827cd0
LOITER: _ZN11AP_AHRS_DCM16drift_correctionEf @ 0x827ef0
LOITER: _ZN11AP_AHRS_DCM12check_matrixEv @ 0x829250
LOITER: _ZN11AP_AHRS_DCM15backup_attitudeEv @ 0x829350
LOITER: _ZNK11AP_AHRS_DCM12get_error_rpEv @ 0xa87cf0
LOITER: _ZNK11AP_AHRS_DCM13get_error_yawEv @ 0xa87d40
LOITER: _ZN7Matrix3IfE6is_nanEv @ 0xa87d90
LOITER: _ZN11AP_AHRS_DCM20drift_correction_yawEv @ 0x829840
LOITER: _ZNK6AP_GPS16last_fix_time_msEv @ 0xa87ea0
LOITER: _ZL3MAXIfiEDTqugtfp_fp0_fp_fp0_ERKT_RKT0_.1607 @ 0x829d60
LOITER: _ZNK11AP_AHRS_DCM26should_correct_centrifugalEv @ 0x829e00
LOITER: _ZN11AP_AHRS_DCM10ra_delayedEhRK7Vector3IfE @ 0x829e50
LOITER: _ZNK17AP_InertialSensor7healthyEv @ 0xa87f00
LOITER: _ZN11AP_AHRS_DCM7_P_gainEf @ 0x829f50
LOITER: _ZNK11AP_AHRS_DCM14use_fast_gainsEv @ 0x82a030
LOITER: _ZL7radiansi.1608 @ 0x82a0c0
LOITER: _ZNK17AP_InertialSensor19get_gyro_drift_rateEv @ 0xa87f80
LOITER: _ZNK17AP_InertialSensor15get_gyro_healthEv @ 0xa87fd0
LOITER: _ZNK17AP_InertialSensor16get_accel_healthEv @ 0xa88030
LOITER: _ZNK7Compass16last_update_usecEv @ 0xa88090
LOITER: _ZN7Compass4readEv @ 0x82a120
LOITER: _ZN11AP_AHRS_DCM17yaw_error_compassER7Compass @ 0x82a4f0
LOITER: _ZNK11AP_AHRS_DCM9_yaw_gainEv @ 0x82a670
LOITER: _ZNK7Matrix3IfE5mulXYERK7Vector3IfE @ 0xa880f0
LOITER: _ZNK7Vector2IfErmERKS0_ @ 0xa881c0
LOITER: _ZN7Compass15_detect_runtimeEv @ 0x82a820
LOITER: _ZN9AP_Logger13Write_CompassEv @ 0x82ab50
LOITER: _ZN19RestrictIDTypeArrayI9AP_ParamTIaL11ap_var_type1EELj3E14typesafe_indexIh12TAG_PriorityEEixERKS5_ @ 0xa88240
LOITER: _ZN9AP_Logger22Write_Compass_instanceEmh @ 0x82abf0
LOITER: _ZNK7Compass17get_motor_offsetsEh @ 0xa882c0
LOITER: _ZN18AP_Compass_Backend25drain_accumulated_samplesEhPK7Vector3IfE @ 0x82cb20
LOITER: _ZN18AP_Compass_Backend22publish_filtered_fieldERK7Vector3IfEh @ 0x82cca0
LOITER: _ZN11AP_AHRS_DCM6renormERK7Vector3IfERS1_ @ 0x82cd60
LOITER: _ZNK17AP_InertialSensor15get_delta_angleER7Vector3IfERf @ 0xa88b40
LOITER: _ZNK7Vector3IfEeqERKS0_ @ 0xa88bd0
LOITER: _ZNK14AP_Logger_File17recent_open_errorEv @ 0x82d110
LOITER: _ZNK14AP_Logger_File15io_thread_aliveEv @ 0x82d1a0
LOITER: _ZN14AP_Logger_File16disk_space_availEv @ 0x82d530
LOITER: _ZL3MINIjjEDTqultfp_fp0_fp_fp0_ERKT_RKT0_.5718 @ 0x82d610
LOITER: _ZN13AP_Filesystem17bytes_until_fsyncEi @ 0x82d690
LOITER: _ZN13AP_Filesystem9disk_freeEPKc @ 0x82d710
LOITER: _ZN2AP4rssiEv @ 0x834950
LOITER: _ZNK7AP_RSSI7enabledEv @ 0xa89480
LOITER: _ZN7AP_RSSI13get_singletonEv @ 0x835180
LOITER: _ZN13AP_CANManager20check_logging_enableEv @ 0x836140
LOITER: _ZN7FunctorIvJEE14method_wrapperI13AP_CANManagerXadL_ZNS2_20check_logging_enableEvEEEEvPv @ 0xa89ab0
LOITER: _ZNK13AP_CANManager15CANIface_Params13option_is_setENS0_7OptionsE @ 0xa89b60
LOITER: _ZNK24AP_Proximity_Boundary_3D15get_next_sectorEh @ 0xa97f80
LOITER: _ZNK22AP_BattMonitor_Backend13option_is_setEN21AP_BattMonitor_Params7OptionsE @ 0xa9b9e0
LOITER: _ZN22AP_BattMonitor_Backend15update_consumedERN14AP_BattMonitor17BattMonitor_StateEj @ 0x858240
LOITER: _ZN22AP_BattMonitor_Backend13calculate_mahEff @ 0xa9ba70
LOITER: _ZN18AP_Compass_Backend17accumulate_sampleER7Vector3IfEhj @ 0x85a550
LOITER: _ZN18AP_Compass_Backend12rotate_fieldER7Vector3IfEh @ 0x85a6d0
LOITER: _ZN18AP_Compass_Backend17publish_raw_fieldERK7Vector3IfEh @ 0x85a7c0
LOITER: _ZN18AP_Compass_Backend13correct_fieldER7Vector3IfEh @ 0x85a8d0
LOITER: _ZN18AP_Compass_Backend8field_okERK7Vector3IfE @ 0x85acd0
LOITER: _ZNK7Compass16get_filter_rangeEv @ 0xa9dd90
LOITER: _ZNK16Compass_PerMotor7enabledEv @ 0xa9ddf0
LOITER: _ZN7Compass13_get_priorityE14typesafe_indexIh14TAG_StateIndexE @ 0xa9de60
LOITER: _ZN14AP_GPS_Backend15set_alt_amsl_cmERN6AP_GPS9GPS_StateEi @ 0x85f3a0
LOITER: _ZN16JitterCorrection31correct_offboard_timestamp_usecEmm @ 0x85f5b0
LOITER: _ZNK14AP_GPS_Backend10option_setEN6AP_GPS13DriverOptionsE @ 0xaa0ff0
LOITER: _ZNK6AP_GPS10option_setENS_13DriverOptionsE @ 0xaa1060
LOITER: _ZN6AP_RTC12set_utc_usecEmNS_11source_typeE @ 0x860020
LOITER: _ZNK11GCS_MAVLINK14option_enabledENS_6OptionE @ 0xaa34f0
LOITER: _ZNK16AP_SerialManager9UARTState12get_protocolEv @ 0xaa3570
LOITER: _ZN2AP8PerfInfo13set_loop_rateEt @ 0x872540
LOITER: _ZN2AP8PerfInfo5resetEv @ 0x872600
LOITER: _ZNK3GCS43min_loop_time_remaining_for_message_send_usEv @ 0xaa3d30
LOITER: _ZNK3GCS26min_status_for_gps_healthyEv @ 0xaa3ec0
LOITER: _ZN5Rover8set_modeEh10ModeReason @ 0x8732e0
LOITER: _ZNK5Rover29current_mode_requires_missionEv @ 0xaa4270
LOITER: _ZNK5Rover17get_wp_distance_mERf @ 0x873dc0
LOITER: _ZNK5Rover18get_wp_bearing_degERf @ 0x873e70
LOITER: _ZNK5Rover25get_wp_crosstrack_error_mERf @ 0x873f20
LOITER: _ZN5Rover20set_control_channelsEv @ 0x874c20
LOITER: _ZN5Rover18fence_checks_asyncEv @ 0x874f00
LOITER: _ZN6AP_HAL15timeout_expiredIjjjEEbT_T0_T1_ @ 0xaa4390
LOITER: _ZN8AC_Fence5checkEb @ 0x875020
LOITER: _ZN8AC_Fence19clear_margin_breachEh @ 0x875430
LOITER: _ZNK8AC_Fence18get_enabled_fencesEv @ 0x875e20
LOITER: _ZN5Rover2rcEv @ 0xaa44e0
LOITER: _ZN10RC_Channel9set_angleEt @ 0x876170
LOITER: _ZN8Sailboat10init_rc_inEv @ 0x876260
LOITER: _ZN6AP_HAL8RCOutput15set_esc_scalingEtt @ 0xaa4530
LOITER: _ZN12SRV_Channels19set_esc_scaling_forEN11SRV_Channel8FunctionE @ 0x8764c0
LOITER: _ZNK5Rover13is_balancebotEv @ 0x876aa0
LOITER: _ZN8AP_Param15save_io_handlerEv @ 0x877350
LOITER: _ZN7FunctorIvJEE14method_wrapperI8AP_ParamXadL_ZNS2_15save_io_handlerEvEEEEvPv @ 0xaa46e0
LOITER: _ZN15ObjectBuffer_TSIN8AP_Param10param_saveEE3popERS1_ @ 0xaa4790
LOITER: _ZN5Rover11notify_modeEPK4Mode @ 0x877450
LOITER: _ZN5Rover3gcsEv @ 0xaa4870
LOITER: _ZN12SRV_Channels17enable_aux_servosEv @ 0x87b780
LOITER: _ZL21failsafe_check_staticv @ 0x87d310
LOITER: _ZN5Rover8set_modeER4Mode10ModeReason @ 0x87d8a0
LOITER: _ZN5Rover18mode_from_mode_numEN4Mode6NumberE @ 0x87de10
LOITER: _ZNK5Rover7is_boatEv @ 0x87e250
LOITER: _ZNK8Sailboat12tack_enabledEv @ 0x87e2c0
LOITER: _ZN10RC_Channel16read_mode_switchEv @ 0x87e800
LOITER: _ZN10RC_Channel16read_6pos_switchERa @ 0x87e880
LOITER: _ZN10RC_Channel18debounce_completedEa @ 0x87e9e0
LOITER: _ZN9AP_Logger10Write_ModeEh10ModeReason @ 0x87eb80
LOITER: _ZN17AP_Logger_Backend10Write_ModeEh10ModeReason @ 0x87ed10
LOITER: _ZN7AP_AHRS15set_fly_forwardEb @ 0xaa4db0
LOITER: _ZN17AP_InertialSensor12BatchSampler21rotate_to_next_sensorEv @ 0x87fec0
LOITER: _ZN17AP_InertialSensor12BatchSampler32update_doing_sensor_rate_loggingEv @ 0x880110
LOITER: _ZL3MINIhhEDTqultfp_fp0_fp_fp0_ERKT_RKT0_.17357 @ 0x880250
LOITER: _ZNK17AP_InertialSensor12BatchSampler10has_optionENS0_11batch_opt_tE @ 0xaa6240
LOITER: _ZN17AP_InertialSensor12_gyro_offsetEh @ 0xaa62c0
LOITER: _ZN17AP_InertialSensor12caltemp_gyroEh @ 0xaa6330
LOITER: _ZN22AP_InertialSensor_SITL6updateEv @ 0x881a10
LOITER: _ZN25AP_InertialSensor_Backend10accumulateEv @ 0xaa6450
LOITER: _ZN25AP_InertialSensor_Backend11set_primaryEb @ 0xaa6620
LOITER: _ZNK25AP_InertialSensor_Backend21_gyro_raw_sample_rateEh @ 0xaa6670
LOITER: _ZN22AP_InertialSensor_SITL12timer_updateEv @ 0x882190
LOITER: _ZN7FunctorIvJEE14method_wrapperI22AP_InertialSensor_SITLXadL_ZNS2_12timer_updateEvEEEEvPv @ 0xaa6740
LOITER: _ZN22AP_InertialSensor_SITL14generate_accelEv @ 0x882660
LOITER: _ZN22AP_InertialSensor_SITL13generate_gyroEv @ 0x883640
LOITER: _ZNK25AP_InertialSensor_Backend20enable_fast_samplingEh @ 0xaa67f0
LOITER: _ZNK22AP_InertialSensor_SITL10gyro_driftEv @ 0x8840a0
LOITER: _ZL7radiansd.17279 @ 0x8842a0
LOITER: _ZL7radiansf.17280 @ 0x8842f0
LOITER: _ZN22AP_InertialSensor_SITL15get_temperatureEv @ 0x8843d0
LOITER: _ZNK22AP_InertialSensor_TCal15sitl_apply_gyroEfR7Vector3IfE @ 0x884570
LOITER: _ZN25AP_InertialSensor_Backend35_notify_new_gyro_sensor_rate_sampleEhRK7Vector3IfE @ 0x884650
LOITER: _ZN25AP_InertialSensor_Backend24_rotate_and_correct_gyroEhR7Vector3IfE @ 0x884850
LOITER: _ZN25AP_InertialSensor_Backend27_notify_new_gyro_raw_sampleEhRK7Vector3IfEm @ 0x8849e0
LOITER: _ZNK25AP_InertialSensor_Backend15has_been_killedEh @ 0xaa6880
LOITER: _ZNK25AP_InertialSensor_Backend19_update_sensor_rateERtRjRf @ 0x885080
LOITER: _ZN25AP_InertialSensor_Backend18apply_gyro_filtersEhRK7Vector3IfE @ 0x885250
LOITER: _ZN25AP_InertialSensor_Backend12log_gyro_rawEhmRK7Vector3IfES3_ @ 0x885610
LOITER: _ZN25AP_InertialSensor_Backend14update_primaryEv @ 0x8858a0
LOITER: _ZNK17AP_InertialSensor22raw_logging_option_setENS_18RAW_LOGGING_OPTIONE @ 0xaa6900
LOITER: _ZNK25AP_InertialSensor_Backend18should_log_imu_rawEv @ 0x885980
LOITER: _ZNK17AP_InertialSensor12BatchSampler25doing_sensor_rate_loggingEv @ 0xaa6980
LOITER: _ZNK17AP_InertialSensor12BatchSampler25doing_post_filter_loggingEv @ 0xaa69e0
LOITER: _ZN17AP_InertialSensor12BatchSampler6sampleEhNS_15IMU_SENSOR_TYPEEmRK7Vector3IfE @ 0x885b90
LOITER: _ZN17AP_InertialSensor12BatchSampler10should_logEhNS_15IMU_SENSOR_TYPEE @ 0x885ce0
LOITER: _ZN25AP_InertialSensor_Backend16save_gyro_windowEhRK7Vector3IfEh @ 0x885e20
LOITER: _ZN15LowPassFilter2pI7Vector3IfEE5applyERKS1_ @ 0xaa6cc0
LOITER: _ZN19DigitalBiquadFilterI7Vector3IfEE5applyERKS1_RKNS2_13biquad_paramsE @ 0xaa6e10
LOITER: _ZNK25AP_InertialSensor_Backend18sensors_convergingEv @ 0x8860e0
LOITER: _ZNK22AP_InertialSensor_TCal12correct_gyroEffR7Vector3IfE @ 0x886210
LOITER: _ZNK22AP_InertialSensor_TCal14correct_sensorEffPK9AP_ParamVI7Vector3IfEL11ap_var_type5EERS2_ @ 0x8862b0
LOITER: _ZNK22AP_InertialSensor_TCal15polynomial_evalEfPK9AP_ParamVI7Vector3IfEL11ap_var_type5EE @ 0x8864c0
LOITER: _ZNK22AP_InertialSensor_TCal16sitl_apply_accelEfR7Vector3IfE @ 0x889470
LOITER: _ZN25AP_InertialSensor_Backend36_notify_new_accel_sensor_rate_sampleEhRK7Vector3IfE @ 0x889550
LOITER: _ZN25AP_InertialSensor_Backend25_rotate_and_correct_accelEhR7Vector3IfE @ 0x889750
LOITER: _ZN25AP_InertialSensor_Backend28_notify_new_accel_raw_sampleEhRK7Vector3IfEmb @ 0x889970
LOITER: _ZN25AP_InertialSensor_Backend20_publish_temperatureEhf @ 0x889f20
LOITER: _ZN17AP_InertialSensor27calc_vibration_and_clippingEhRK7Vector3IfEf @ 0x889fc0
LOITER: _ZN17AP_InertialSensor19set_accel_peak_holdEhRK7Vector3IfE @ 0x88a240
LOITER: _ZN25AP_InertialSensor_Backend13log_accel_rawEhmRK7Vector3IfE @ 0x88a320
LOITER: _ZNK25AP_InertialSensor_Backend14get_clip_limitEv @ 0xaa7e30
LOITER: _ZN13LowPassFilterI7Vector3IfEE5applyERKS1_RKf @ 0xaa7e80
LOITER: _ZN10DigitalLPFI7Vector3IfEE6_applyERKS1_RKf @ 0xaa7f40
LOITER: _ZNK22AP_InertialSensor_TCal13correct_accelEffR7Vector3IfE @ 0x88a700
LOITER: _ZN25AP_InertialSensor_Backend12update_accelEh @ 0x88ab80
LOITER: _ZN25AP_InertialSensor_Backend11update_gyroEh @ 0x88aca0
LOITER: _ZN25AP_InertialSensor_Backend13_publish_gyroEhRK7Vector3IfE @ 0x88ae00
LOITER: _ZN25AP_InertialSensor_Backend19update_gyro_filtersEh @ 0x88af70
LOITER: _ZNK25AP_InertialSensor_Backend19_gyro_filter_cutoffEv @ 0xaa8210
LOITER: _ZN25AP_InertialSensor_Backend14_publish_accelEhRK7Vector3IfE @ 0x88b3b0
LOITER: _ZN25AP_InertialSensor_Backend20update_accel_filtersEh @ 0x88b5e0
LOITER: _ZNK25AP_InertialSensor_Backend20_accel_filter_cutoffEv @ 0xaa84f0
LOITER: _ZNK5Rover16gcs_mode_enabledEN4Mode6NumberE @ 0x88d170
LOITER: _ZN4Mode5enterEv @ 0x88d1f0
LOITER: _ZN8AC_Fence21manual_recovery_startEv @ 0x88d380
LOITER: _ZN9AP_Camera16set_is_auto_modeEb @ 0xaa8990
LOITER: _ZN4Mode4exitEv @ 0x88d410
LOITER: _ZN8Sailboat10clear_tackEv @ 0x88d470
LOITER: _ZNK10AP_Vehicle21block_GCS_mode_changeEhPKhh @ 0x88d4e0
LOITER: _ZNK8AC_Fence9polyfenceEv @ 0x891b20
LOITER: _ZNK7AP_EnumIN13AP_OADatabase11OutputLevelEEcvKS1_Ev @ 0xaa9fb0
LOITER: _ZN11AP_SmartRTL22run_background_cleanupEv @ 0x895f40
LOITER: _ZN7FunctorIvJEE14method_wrapperI11AP_SmartRTLXadL_ZNS2_22run_background_cleanupEvEEEEvPv @ 0xaaa610
LOITER: _ZN11AP_SmartRTL15routine_cleanupEtt @ 0x896210
LOITER: _ZN11AP_SmartRTL29restart_pruning_if_new_pointsEv @ 0x896930
LOITER: _ZN5Rover14failsafe_checkEv @ 0x897b00
LOITER: _ZNK7AP_AHRS12get_accel_efEv @ 0xaae2d0
LOITER: _ZNK7AP_AHRS18get_yaw_rate_earthEv @ 0xab09c0
LOITER: _ZNK12NavEKF3_core9getMagXYZER7Vector3IfE @ 0x8c3bc0
LOITER: _ZNK12NavEKF3_core9getMagNEDER7Vector3IfE @ 0x8c3e40
LOITER: _ZNK7Vector2IfEdvEf @ 0xab1e70
LOITER: _ZNK14AP_GPS_Backend32supports_mavlink_gps_rtk_messageEv @ 0xab3050
LOITER: _ZNK14AP_GPS_Blended7get_lagERf @ 0x8d0780
LOITER: _ZN7AP_Baro6updateEv @ 0x8d0e50
LOITER: _ZNK7AP_Baro7healthyEv @ 0xab3620
LOITER: _ZN15AP_Baro_Backend14backend_updateEh @ 0x8d1570
LOITER: _ZN7AP_Baro24wind_pressure_correctionEh @ 0x8d15f0
LOITER: _ZNK7AP_Baro15get_last_updateEv @ 0xab3680
LOITER: _ZN16DerivativeFilterIfLh7EE6updateEfj @ 0xab36e0
LOITER: _ZN7AP_Baro22update_field_elevationEv @ 0x8d1930
LOITER: _ZNK7AP_Baro10should_logEv @ 0x8d1bb0
LOITER: _ZN7AP_Baro10Write_BaroEv @ 0x8d1c60
LOITER: _ZN7AP_Baro19Write_Baro_instanceEmh @ 0x8d1cf0
LOITER: _ZNK7AP_Baro21get_baro_drift_offsetEv @ 0xab37c0
LOITER: _ZNK7AP_Baro22get_ground_temperatureEv @ 0x8d1f10
LOITER: _ZNK7AP_Baro22get_corrected_pressureEh @ 0xab3810
LOITER: _ZN16FilterWithBufferIfLh7EE5applyEf @ 0xab3940
LOITER: _ZN24AP_Proximity_Boundary_3D4FaceC2Ev @ 0xab46a0
LOITER: _ZN15AP_Compass_SITL6_timerEv @ 0x8f14d0
LOITER: _ZN7FunctorIvJEE14method_wrapperI15AP_Compass_SITLXadL_ZNS2_6_timerEvEEEEvPv @ 0xabc5c0
LOITER: _Z10rand_vec3fv @ 0x8f1a00
LOITER: _ZN7VectorNIN15AP_Compass_SITL16readings_compassELh50EEixEh @ 0xabc670
LOITER: _ZN15AP_Compass_SITL26_setup_eliptical_correcionEh @ 0x8f1a80
LOITER: _ZNK18AP_Compass_Backend21get_board_orientationEv @ 0x8f1cb0
LOITER: _ZN15AP_Compass_SITL4readEv @ 0x8f1d00
LOITER: _ZN15AP_Baro_Backend17_copy_to_frontendEhff @ 0x8f60a0
LOITER: _ZN12AP_Baro_SITL6_timerEv @ 0x8f7330
LOITER: _ZN7FunctorIvJEE14method_wrapperI12AP_Baro_SITLXadL_ZNS2_6_timerEvEEEEvPv @ 0xabe240
LOITER: _ZN7VectorNIN12AP_Baro_SITL13readings_baroELh50EEixEh @ 0xabe2f0
LOITER: _ZN12AP_Baro_SITL22temperature_adjustmentERfS0_ @ 0x8f7720
LOITER: _ZN12AP_Baro_SITL24wind_pressure_correctionEh @ 0x8f7910
LOITER: _ZL2sqf.1777 @ 0x8f7b20
LOITER: _ZN7AP_Baro22_get_air_density_ratioEv @ 0x8f7b70
LOITER: _ZL2sqf.1757 @ 0x8f7c10
LOITER: _ZN12AP_Baro_SITL6updateEv @ 0x8f7d00
LOITER: _ZN12AP_Baro_SITL19update_healthy_flagEh @ 0xabe400
LOITER: _ZN12AP_Baro_SITL7healthyEh @ 0x8f7db0
LOITER: _ZNK22AP_BattMonitor_Backend17has_cell_voltagesEv @ 0xabf520
LOITER: _ZNK22AP_BattMonitor_Backend15has_temperatureEv @ 0xabf570
LOITER: _ZNK22AP_BattMonitor_Backend15get_temperatureERf @ 0x8f9d50
LOITER: _ZNK22AP_BattMonitor_Backend22capacity_remaining_pctERh @ 0x8f9e10
LOITER: _ZN22AP_BattMonitor_Backend26update_resistance_estimateEv @ 0x8f9f90
LOITER: _ZN22AP_BattMonitor_Backend16update_failsafesEv @ 0x8fa2e0
LOITER: _ZNK22AP_BattMonitor_Backend25get_mavlink_fault_bitmaskEv @ 0xabf620
LOITER: _ZL3MINIifEDTqultfp_fp0_fp_fp0_ERKT_RKT0_.16929 @ 0x8fa600
LOITER: _ZL3MINIffEDTqultfp_fp0_fp_fp0_ERKT_RKT0_.16930 @ 0x8fa6a0
LOITER: _ZN21AP_BattMonitor_Analog4readEv @ 0x8fc2a0
LOITER: _ZNK21AP_BattMonitor_Analog19has_consumed_energyEv @ 0xac0310
LOITER: _ZNK21AP_BattMonitor_Analog11has_currentEv @ 0x8fc4a0
LOITER: _ZN9AP_Notify19set_flight_mode_strEPKc @ 0x902ab0
LOITER: _ZN6RGBLed6updateEv @ 0x908700
LOITER: _ZN6RGBLed8_set_rgbEhhh @ 0x908b30
LOITER: _ZNK6RGBLed10rgb_sourceEv @ 0x908c40
LOITER: _ZNK6RGBLed19get_colour_sequenceEv @ 0x908ea0
LOITER: _ZNK6RGBLed14get_brightnessEv @ 0x909290
LOITER: _ZN6RGBLed7set_rgbEhhh @ 0x909390
LOITER: _ZN10IS31FL31956_timerEv @ 0x909450
LOITER: _ZN7FunctorIvJEE14method_wrapperI10IS31FL3195XadL_ZNS2_6_timerEvEEEEvPv @ 0xac39c0
LOITER: _ZN6LP55626_timerEv @ 0x9099e0
LOITER: _ZN7FunctorIvJEE14method_wrapperI6LP5562XadL_ZNS2_6_timerEvEEEEvPv @ 0xac3d30
LOITER: _ZN14ToshibaLED_I2C6_timerEv @ 0x90b810
LOITER: _ZN7FunctorIvJEE14method_wrapperI14ToshibaLED_I2CXadL_ZNS2_6_timerEvEEEEvPv @ 0xac4a40
LOITER: _ZN8AR_WPNav21get_stopping_locationER8Location @ 0x90c7b0
LOITER: _ZNK18AR_AttitudeControl21get_stopping_distanceEf @ 0x90c900
LOITER: _ZNK7Vector2IfE10normalizedEv @ 0xac4dd0
LOITER: _ZNK18AR_AttitudeControl13get_decel_maxEv @ 0x90c9c0
LOITER: _ZL2sqf.11094 @ 0x90ca70
LOITER: _ZN7FunctorIvJEE14method_wrapperI5RoverXadL_ZNS2_10read_radioEvEEEEvPv @ 0xac4f70
LOITER: _ZN7FunctorIvJEE14method_wrapperI5RoverXadL_ZNS2_11ahrs_updateEvEEEEvPv @ 0xac5020
LOITER: _ZN7FunctorIvJEE14method_wrapperI5RoverXadL_ZNS2_17read_rangefindersEvEEEEvPv @ 0xac50d0
LOITER: _ZN7FunctorIvJEE14method_wrapperI14AP_OpticalFlowXadL_ZNS2_6updateEvEEEEvPv @ 0xac5180
LOITER: _ZN7FunctorIvJEE14method_wrapperI5RoverXadL_ZNS2_19update_current_modeEvEEEEvPv @ 0xac5230
LOITER: _ZN7FunctorIvJEE14method_wrapperI5RoverXadL_ZNS2_10set_servosEvEEEEvPv @ 0xac52e0
LOITER: _ZN7FunctorIvJEE14method_wrapperI6AP_GPSXadL_ZNS2_6updateEvEEEEvPv @ 0xac5390
LOITER: _ZN7FunctorIvJEE14method_wrapperI7AP_BaroXadL_ZNS2_6updateEvEEEEvPv @ 0xac5440
LOITER: _ZN7FunctorIvJEE14method_wrapperI9AP_BeaconXadL_ZNS2_6updateEvEEEEvPv @ 0xac54f0
LOITER: _ZN7FunctorIvJEE14method_wrapperI12AP_ProximityXadL_ZNS2_6updateEvEEEEvPv @ 0xac55a0
LOITER: _ZN7FunctorIvJEE14method_wrapperI11AP_WindVaneXadL_ZNS2_6updateEvEEEEvPv @ 0xac5650
LOITER: _ZN7FunctorIvJEE14method_wrapperI5RoverXadL_ZNS2_20update_wheel_encoderEvEEEEvPv @ 0xac5700
LOITER: _ZN7FunctorIvJEE14method_wrapperI5RoverXadL_ZNS2_14update_compassEvEEEEvPv @ 0xac57b0
LOITER: _ZN7FunctorIvJEE14method_wrapperI5RoverXadL_ZNS2_15update_logging1EvEEEEvPv @ 0xac5860
LOITER: _ZN7FunctorIvJEE14method_wrapperI5RoverXadL_ZNS2_15update_logging2EvEEEEvPv @ 0xac5910
LOITER: _ZN7FunctorIvJEE14method_wrapperI3GCSXadL_ZNS2_14update_receiveEvEEEEvPv @ 0xac59c0
LOITER: _ZN7FunctorIvJEE14method_wrapperI3GCSXadL_ZNS2_11update_sendEvEEEEvPv @ 0xac5a70
LOITER: _ZN7FunctorIvJEE14method_wrapperI11RC_ChannelsXadL_ZNS2_16read_mode_switchEvEEEEvPv @ 0xac5b20
LOITER: _ZN7FunctorIvJEE14method_wrapperI11RC_ChannelsXadL_ZNS2_12read_aux_allEvEEEEvPv @ 0xac5bc0
LOITER: _ZN7FunctorIvJEE14method_wrapperI14AP_BattMonitorXadL_ZNS2_4readEvEEEEvPv @ 0xac5c70
LOITER: _ZN7FunctorIvJEE14method_wrapperI19AP_ServoRelayEventsXadL_ZNS2_13update_eventsEvEEEEvPv @ 0xac5d20
LOITER: _ZN7FunctorIvJEE14method_wrapperI5RoverXadL_ZNS2_15update_preclandEvEEEEvPv @ 0xac5dd0
LOITER: _ZN7FunctorIvJEE14method_wrapperI8AP_MountXadL_ZNS2_6updateEvEEEEvPv @ 0xac5e80
LOITER: _ZN7FunctorIvJEE14method_wrapperI9AP_CameraXadL_ZNS2_6updateEvEEEEvPv @ 0xac5f30
LOITER: _ZN7FunctorIvJEE14method_wrapperI5RoverXadL_ZNS2_18gcs_failsafe_checkEvEEEEvPv @ 0xac5fe0
LOITER: _ZN7FunctorIvJEE14method_wrapperI5RoverXadL_ZNS2_11fence_checkEvEEEEvPv @ 0xac6090
LOITER: _ZN7FunctorIvJEE14method_wrapperI5RoverXadL_ZNS2_9ekf_checkEvEEEEvPv @ 0xac6140
LOITER: _ZN7FunctorIvJEE14method_wrapperI12ModeSmartRTLXadL_ZNS2_13save_positionEvEEEEvPv @ 0xac61f0
LOITER: _ZN7FunctorIvJEE14method_wrapperI5RoverXadL_ZNS2_15one_second_loopEvEEEEvPv @ 0xac62a0
LOITER: _ZN7FunctorIvJEE14method_wrapperI10AC_SprayerXadL_ZNS2_6updateEvEEEEvPv @ 0xac6350
LOITER: _ZN7FunctorIvJEE14method_wrapperI9AP_LoggerXadL_ZNS2_14periodic_tasksEvEEEEvPv @ 0xac6400
LOITER: _ZN7FunctorIvJEE14method_wrapperI17AP_InertialSensorXadL_ZNS2_8periodicEvEEEEvPv @ 0xac64b0
LOITER: _ZN7FunctorIvJEE14method_wrapperI12AP_SchedulerXadL_ZNS2_14update_loggingEvEEEEvPv @ 0xac6560
LOITER: _ZN7FunctorIvJEE14method_wrapperI9AP_ButtonXadL_ZNS2_6updateEvEEEEvPv @ 0xac6610
LOITER: _ZN7FunctorIvJEE14method_wrapperI5RoverXadL_ZNS2_11crash_checkEvEEEEvPv @ 0xac66c0
LOITER: _ZN7FunctorIvJEE14method_wrapperI5RoverXadL_ZNS2_19cruise_learn_updateEvEEEEvPv @ 0xac6770
LOITER: _ZN5Rover19cruise_learn_updateEv @ 0x910a00
LOITER: _ZNK18AR_AttitudeControl17get_forward_speedERf @ 0x910b60
LOITER: _ZNK7AP_AHRS7cos_yawEv @ 0xac6890
LOITER: _ZNK7AP_AHRS7sin_yawEv @ 0xac68e0
LOITER: _ZN5Rover11crash_checkEv @ 0x910f70
LOITER: _ZN9AP_Button6updateEv @ 0x911350
LOITER: _ZN12AP_Scheduler14update_loggingEv @ 0x911fd0
LOITER: _ZN12AP_Scheduler11debug_flagsEv @ 0xac6ac0
LOITER: _ZN12AP_Scheduler21Log_Write_PerformanceEv @ 0x912240
LOITER: _ZN2AP8PerfInfo13has_task_infoEv @ 0xac6b20
LOITER: _ZNK2AP8PerfInfo20get_num_long_runningEv @ 0x912450
LOITER: _ZNK2AP8PerfInfo13get_num_loopsEv @ 0x9124a0
LOITER: _ZNK2AP8PerfInfo12get_max_timeEv @ 0x9124f0
LOITER: _ZN12AP_Scheduler12load_averageEv @ 0x912540
LOITER: _ZNK16AP_InternalError5countEv @ 0xac6b80
LOITER: _ZN17AP_InertialSensor8periodicEv @ 0x912780
LOITER: _ZN17AP_InertialSensor12BatchSampler8periodicEv @ 0x9127e0
LOITER: _ZN17AP_InertialSensor12BatchSampler16push_data_to_logEv @ 0x912860
LOITER: _ZNK17AP_InertialSensor12BatchSampler10Write_ISBHEf @ 0x912af0
LOITER: _ZNK17AP_InertialSensor12BatchSampler10Write_ISBDEv @ 0x912c50
LOITER: _ZN9AP_Logger14periodic_tasksEv @ 0x912e00
LOITER: _ZN10AC_Sprayer6updateEv @ 0x912ea0
LOITER: _ZN5Rover15one_second_loopEv @ 0x9132f0
LOITER: _ZN5Rover20handle_auto_arm_onceEv @ 0x913530
LOITER: _ZN10AP_Vehicle17set_likely_flyingEb @ 0xac6c90
LOITER: _ZN8AR_WPNav15set_turn_paramsEfb @ 0x9137d0
LOITER: _ZN13AR_PosControl15set_turn_paramsEfb @ 0x913880
LOITER: _ZN19AP_WheelRateControl21set_notch_sample_rateEf @ 0x913920
LOITER: _ZN8AP_Stats10set_flyingEb @ 0x9139b0
LOITER: _ZN6AC_PID21set_notch_sample_rateEf @ 0x913a80
LOITER: _ZN12AR_PivotTurn6enableEb @ 0x913e60
LOITER: _ZN12ModeSmartRTL13save_positionEv @ 0x913ed0
LOITER: _ZN11AP_SmartRTL6updateEbb @ 0x913f60
LOITER: _ZN11AP_SmartRTL6updateEbRK7Vector3IfE @ 0x914060
LOITER: _ZN5Rover9ekf_checkEv @ 0x914190
LOITER: _ZN5Rover18ekf_over_thresholdEv @ 0x914490
LOITER: _ZN5Rover11fence_checkEv @ 0x914800
LOITER: _ZN5Rover18gcs_failsafe_checkEv @ 0x914ab0
LOITER: _ZN5Rover16failsafe_triggerEhPKcb @ 0x914be0
LOITER: _ZN9AP_Camera6updateEv @ 0x915070
LOITER: _ZN8AP_Mount6updateEv @ 0x915130
LOITER: _ZN5Rover15update_preclandEv @ 0x9151e0
LOITER: _ZN11AC_PrecLand6updateEfb @ 0x915240
LOITER: _ZN14AP_BattMonitor4readEv @ 0x9178c0
LOITER: _ZN9AP_Logger11Write_PowerEv @ 0x917af0
LOITER: _ZNK22AP_BattMonitor_Backend13Log_Write_BATEhm @ 0x917b40
LOITER: _ZNK22AP_BattMonitor_Backend13Log_Write_BCLEhm @ 0x917de0
LOITER: _ZN14AP_BattMonitor15check_failsafesEv @ 0x917fe0
LOITER: _ZN14AP_BattMonitor16checkPoweringOffEv @ 0x9182f0
LOITER: _ZNK22AP_BattMonitor_Backend23get_state_of_health_pctERh @ 0x918450
LOITER: _ZN11RC_Channels12read_aux_allEv @ 0x9184e0
LOITER: _ZN10RC_Channel8read_auxEv @ 0x9185d0
LOITER: _ZN9AP_Logger10Write_RCINEv @ 0x9187d0
LOITER: _ZN11RC_Channels12get_radio_inEPth @ 0x9189c0
LOITER: _ZNK11RC_Channels17get_override_maskEv @ 0x918ab0
LOITER: _ZL3MINIhiEDTqultfp_fp0_fp_fp0_ERKT_RKT0_.6266 @ 0x918b70
LOITER: _ZN5Rover15update_logging2Ev @ 0x918f80
LOITER: _ZN5Rover10should_logEj @ 0x919090
LOITER: _ZN5Rover18Log_Write_SteeringEv @ 0x919100
LOITER: _ZN5Rover12Log_Write_RCEv @ 0x919250
LOITER: _ZNK15AP_WheelEncoder9Log_WriteEv @ 0x9192f0
LOITER: _ZNK17AP_InertialSensor15Write_VibrationEv @ 0x919400
LOITER: _ZN10AP_GyroFFT18write_log_messagesEv @ 0x919520
LOITER: _ZN8AP_Mount9write_logEv @ 0x919750
LOITER: _ZNK17AP_InertialSensor20get_accel_clip_countEh @ 0x919c50
LOITER: _ZNK15AP_WheelEncoder7enabledEh @ 0x919cf0
LOITER: _ZN9AP_Logger11Write_RCOUTEv @ 0x91a030
LOITER: _ZNK18AR_AttitudeControl13get_lat_accelERf @ 0x91a6e0
LOITER: _ZNK18AR_AttitudeControl21get_desired_turn_rateEv @ 0x91a790
LOITER: _ZL7degreesf.48 @ 0x91a830
LOITER: _ZN5Rover15update_logging1Ev @ 0x91a880
LOITER: _ZN5Rover18Log_Write_AttitudeEv @ 0x91aa60
LOITER: _ZN5Rover14Log_Write_SailEv @ 0x91ac50
LOITER: _ZN5Rover18Log_Write_ThrottleEv @ 0x91ae50
LOITER: _ZN9AP_Beacon3logEv @ 0x91af90
LOITER: _ZN5Rover20Log_Write_Nav_TuningEv @ 0x91b0d0
LOITER: _ZNK13AR_PosControl9is_activeEv @ 0x91b1c0
LOITER: _ZN13AR_PosControl9write_logEv @ 0x91b230
LOITER: _ZN13AR_PosControl11get_vel_pidEv @ 0xac7830
LOITER: _ZNK9AC_PID_2D14get_pid_info_xEv @ 0xac7880
LOITER: _ZN9AP_Logger9Write_PIDEhRK10AP_PIDInfo @ 0x91b4c0
LOITER: _ZNK9AC_PID_2D14get_pid_info_yEv @ 0xac78d0
LOITER: _ZN12AP_Proximity3logEv @ 0x91b650
LOITER: _ZNK12AP_Proximity12distance_maxEv @ 0x91b980
LOITER: _ZNK12AP_Proximity19get_upward_distanceERf @ 0x91bc40
LOITER: _ZNK13AR_PosControl14get_pos_targetEv @ 0xac7970
LOITER: _ZN13AC_PosControl10Write_PSCNEfffffffff @ 0x91c050
LOITER: _ZN13AC_PosControl10Write_PSCEEfffffffff @ 0x91c150
LOITER: _ZN13AC_PosControl10Write_PSCxE11LogMessagesfffffffff @ 0x91c250
LOITER: _ZNK18AR_AttitudeControl17get_desired_speedEv @ 0x91c430
LOITER: _ZNK18AR_AttitudeControl20speed_control_activeEv @ 0x91c4b0
LOITER: _ZNK18AR_AttitudeControl17get_desired_pitchEv @ 0x91c6c0
LOITER: _ZNK7AP_AHRS14Write_AttitudeERK7Vector3IfE @ 0x91c760
LOITER: _ZN7AP_AHRS9Log_WriteEv @ 0x91c870
LOITER: _ZNK18AR_AttitudeControl27get_throttle_speed_pid_infoEv @ 0xac7b00
LOITER: _ZN7NavEKF29Log_WriteEv @ 0x91c900
LOITER: _ZN7NavEKF39Log_WriteEv @ 0x91ca10
LOITER: _ZNK7AP_AHRS11Write_AHRS2Ev @ 0x91cb20
LOITER: _ZNK7AP_AHRS9Write_POSEv @ 0x91cd00
LOITER: _ZN4SITL3SIM18Log_Write_SIMSTATEEv @ 0x91ce60
LOITER: _ZNK7AP_AHRS36get_relative_position_D_origin_floatERf @ 0x91cff0
LOITER: _ZNK7AP_AHRS22get_secondary_attitudeER7Vector3IfE @ 0xac7bf0
LOITER: _ZNK7AP_AHRS22get_secondary_positionER8Location @ 0xac7c70
LOITER: _ZNK7AP_AHRS24get_secondary_quaternionER11QuaternionTIfE @ 0xac7cf0
LOITER: _ZL7degreesf.1448 @ 0x91d080
LOITER: _ZN12NavEKF3_core9Log_WriteEm @ 0x91d0d0
LOITER: _ZNK7AP_EnumIN7NavEKF38LogLevelEEcvKS1_Ev @ 0xac7d70
LOITER: _ZNK12NavEKF3_core14Log_Write_XKF4Em @ 0x91d220
LOITER: _ZN12NavEKF3_core13Log_Write_GSFEm @ 0x91d570
LOITER: _ZNK12NavEKF3_core14Log_Write_XKF1Em @ 0x91d620
LOITER: _ZNK12NavEKF3_core14Log_Write_XKF2Em @ 0x91d8f0
LOITER: _ZNK12NavEKF3_core14Log_Write_XKF3Em @ 0x91db90
LOITER: _ZNK12NavEKF3_core14Log_Write_XKF5Em @ 0x91ddf0
LOITER: _ZNK12NavEKF3_core14Log_Write_XKFSEm @ 0x91e050
LOITER: _ZNK12NavEKF3_core20Log_Write_QuaternionEm @ 0x91e160
LOITER: _ZN12NavEKF3_core16Log_Write_BeaconEm @ 0x91e240
LOITER: _ZN12NavEKF3_core18Log_Write_BodyOdomEm @ 0x91e530
LOITER: _ZN12NavEKF3_core25Log_Write_State_VariancesEm @ 0x91e6a0
LOITER: _ZN12NavEKF3_core16Log_Write_TimingEm @ 0x91e9c0
LOITER: _ZNK6AP_DAL12logging_coreEh @ 0x91eb20
LOITER: _ZL3MAXIjjEDTqugtfp_fp0_fp_fp0_ERKT_RKT0_ @ 0x91eb70
LOITER: _ZNK16AP_NavEKF_Source21getPosVelYawSourceSetEv @ 0xac7dc0
LOITER: _ZL3MAXIddEDTqugtfp_fp0_fp_fp0_ERKT_RKT0_.4083 @ 0x91ebf0
LOITER: _ZL3MINIdiEDTqultfp_fp0_fp_fp0_ERKT_RKT0_.4084 @ 0x91ec70
LOITER: _ZNK12NavEKF3_core14getInnovationsER7Vector3IfES2_S2_RfS3_ @ 0x91ed10
LOITER: _ZL7degreesf.4081 @ 0x91ef10
LOITER: _ZNK12NavEKF3_core26getSynthAirDataInnovationsER7Vector2IfERf @ 0x91ef60
LOITER: _ZNK12NavEKF3_core20getPosDownDerivativeEv @ 0x91f030
LOITER: _ZN10EKFGSF_yaw9Log_WriteEm11LogMessagesS0_h @ 0x91f090
LOITER: _ZL7degreesf.17657 @ 0x91f410
LOITER: _ZL3MAXIffEDTqugtfp_fp0_fp_fp0_ERKT_RKT0_.17658 @ 0x91f460
LOITER: _ZL3MAXIdfEDTqugtfp_fp0_fp_fp0_ERKT_RKT0_.4082 @ 0x91f4e0
LOITER: _ZN5Rover14update_compassEv @ 0x921070
LOITER: _ZN5Rover20update_wheel_encoderEv @ 0x9210d0
LOITER: _ZN11AP_WindVane6updateEv @ 0x921a10
LOITER: _ZN12AP_Proximity6updateEv @ 0x922630
LOITER: _ZNK12AP_Proximity15get_filter_freqEv @ 0xac7e80
LOITER: _ZN24AP_Proximity_Boundary_3D15set_filter_freqEf @ 0xac7ee0
LOITER: _ZN24AP_Proximity_Boundary_3D18check_face_timeoutEv @ 0x922700
LOITER: _ZN9AP_Beacon6updateEv @ 0x922860
LOITER: _ZN6AP_GPS6updateEv @ 0x922f70
LOITER: _ZN6AP_GPS15update_instanceEh @ 0x9230f0
LOITER: _ZN6AP_GPS14update_primaryEv @ 0x923890
LOITER: _ZN14AP_GPS_Blended19zero_health_counterEv @ 0xac7f50
LOITER: _ZN6AP_GPS9Write_GPSEh @ 0x925060
LOITER: _ZL3MINIfiEDTqultfp_fp0_fp_fp0_ERKT_RKT0_.2521 @ 0x9254a0
LOITER: _ZNK6AP_GPS26last_message_delta_time_msEh @ 0xac8000
LOITER: _ZNK6AP_GPS10should_logEv @ 0x925540
LOITER: _ZN6AP_GPS16send_blob_updateEh @ 0x9266c0
LOITER: _ZN14AP_GPS_Backend14check_new_itowEjj @ 0x92b410
LOITER: _ZN12AP_GPS_UBLOX20_request_next_configEv @ 0x92f600
LOITER: _ZN12AP_GPS_UBLOX21_request_message_rateEhh @ 0x9300a0
LOITER: _ZN12AP_GPS_UBLOX13_request_portEv @ 0x930160
LOITER: _ZN12AP_GPS_UBLOX13_send_messageEhhPKvt @ 0x9301f0
LOITER: _ZN12AP_GPS_UBLOX16_update_checksumEPhtRhS1_ @ 0x9310b0
LOITER: _ZN12AP_GPS_UBLOX4readEv @ 0x9311e0
LOITER: _ZNK12AP_GPS_UBLOX13is_configuredEv @ 0xac8e80
LOITER: _ZNK12AP_GPS_UBLOX7get_lagERf @ 0x9318c0
LOITER: _ZNK12AP_GPS_UBLOX10is_healthyEv @ 0x931a50
LOITER: _ZL3MINIjjEDTqultfp_fp0_fp_fp0_ERKT_RKT0_.2814 @ 0x931ea0
LOITER: _ZN12AP_GPS_UBLOXUt_ixEm @ 0xac8f90
LOITER: _ZN12AP_GPS_UBLOX10_parse_gpsEv @ 0x931f20
LOITER: _ZN12AP_GPS_UBLOX15_check_new_itowEj @ 0x9353e0
LOITER: _ZN12AP_GPS_UBLOX23_configure_message_rateEhhh @ 0x935460
LOITER: _ZN5Rover10set_servosEv @ 0x93ca60
LOITER: _ZN12AP_MotorsUGV6outputEbff @ 0x93cd40
LOITER: _ZN12AP_MotorsUGV23sanity_check_parametersEv @ 0x93ceb0
LOITER: _ZN12AP_MotorsUGV19slew_limit_throttleEf @ 0x93cfd0
LOITER: _ZN12AP_MotorsUGV14output_regularEbfff @ 0x93d0b0
LOITER: _ZN12AP_MotorsUGV20output_skid_steeringEbfff @ 0x93d510
LOITER: _ZN12AP_MotorsUGV11output_omniEbfff @ 0x93dc50
LOITER: _ZN12AP_MotorsUGV11output_sailEv @ 0x93dfe0
LOITER: _ZN12SRV_Channels8calc_pwmEv @ 0x93e080
LOITER: _ZN12SRV_Channels13output_ch_allEv @ 0x93e2a0
LOITER: _ZN12AP_MotorsUGV21set_limits_from_inputEbff @ 0x93e350
LOITER: _ZN12AP_MotorsUGV15output_throttleEN11SRV_Channel8FunctionEff @ 0x93e540
LOITER: _ZNK12AP_MotorsUGV19get_scaled_throttleEf @ 0x93e930
LOITER: _ZN12AP_MotorsUGV28get_rate_controlled_throttleEN11SRV_Channel8FunctionEff @ 0x93eca0
LOITER: _ZN6AC_PID12reset_filterEv @ 0xaca7c0
LOITER: _ZN6AC_PID7reset_IEv @ 0x93f1f0
LOITER: _ZN6AC_PID10update_allEfffbf @ 0x93f3b0
LOITER: _ZNK6AC_PID6get_ffEv @ 0x93f9c0
LOITER: _ZNK6AC_PID16get_filt_T_alphaEf @ 0x93fa20
LOITER: _ZNK6AC_PID16get_filt_E_alphaEf @ 0x93faa0
LOITER: _ZNK6AC_PID16get_filt_D_alphaEf @ 0x93fb20
LOITER: _ZN6AC_PID8update_iEfb @ 0x93fba0
LOITER: _ZN11SlewLimiter8modifierEff @ 0x93fda0
LOITER: _ZNK11SlewLimiter13get_slew_rateEv @ 0xacaa30
LOITER: _ZNK12AP_MotorsUGV20have_vectored_thrustEv @ 0xacaa80
LOITER: _ZNK12AP_MotorsUGV25get_slew_limited_throttleEff @ 0x940590
LOITER: _ZN5Rover19update_current_modeEv @ 0x940d30
LOITER: _ZN14AP_OpticalFlow6updateEv @ 0x940e40
LOITER: _ZN5Rover17read_rangefindersEv @ 0x9423f0
LOITER: _ZN11RangeFinder6updateEv @ 0x942460
LOITER: _ZN5Rover15Log_Write_DepthEv @ 0x942580
LOITER: _ZNK11RangeFinder8Log_RFNDEv @ 0x9427e0
LOITER: _ZN5Rover11ahrs_updateEv @ 0x942920
LOITER: _ZN5Rover22update_ahrs_flyforwardEv @ 0x942b30
LOITER: _ZN9AP_Follow16update_estimatesEv @ 0x942d20
LOITER: _ZNK17AP_InertialSensor9Write_IMUEv @ 0x943b50
LOITER: _ZL3MAXIhhEDTqugtfp_fp0_fp_fp0_ERKT_RKT0_ @ 0x943d60
LOITER: _ZNK17AP_InertialSensor18Write_IMU_instanceEmh @ 0x943de0
LOITER: _ZNK17AP_InertialSensor16get_gyro_rate_hzEh @ 0xacab30
LOITER: _ZNK17AP_InertialSensor17get_accel_rate_hzEh @ 0xacabb0
LOITER: _ZN9AP_Follow32clear_dist_and_bearing_to_targetEv @ 0x943f70
LOITER: _ZL3MINIffEDTqultfp_fp0_fp_fp0_ERKT_RKT0_.1431 @ 0x945810
LOITER: _ZN5Rover10read_radioEv @ 0x9458a0
LOITER: _ZN11RC_Channels10read_inputEv @ 0x945950
LOITER: _ZN5Rover20radio_failsafe_checkEt @ 0x945a80
LOITER: _ZN10RC_Channel6updateEv @ 0x945b80
LOITER: _ZN11RC_Channels23rudder_arm_disarm_checkEv @ 0x945cf0
LOITER: _ZNK11RC_Channels19has_had_rc_receiverEv @ 0xacad90
LOITER: _ZNK10RC_Channel12pwm_to_angleEv @ 0x945f60
LOITER: _ZNK10RC_Channel15pwm_to_angle_dzEt @ 0x945fd0
LOITER: _ZNK10RC_Channel20pwm_to_angle_dz_trimEtt @ 0x946060
LOITER: _ZN5Rover8set_modeEN4Mode6NumberE10ModeReason @ 0x946450
LOITER: _ZNK4Mode16has_manual_inputEv @ 0xacbf30
LOITER: _ZNK4Mode19attitude_stabilizedEv @ 0xacbf80
LOITER: _ZNK4Mode17requires_positionEv @ 0xacbfd0
LOITER: _ZNK4Mode17requires_velocityEv @ 0xacc020
LOITER: _ZNK4Mode21get_desired_lat_accelEv @ 0x9470e0
LOITER: _ZN4Mode18init_reversed_flagEv @ 0xacc1d0
LOITER: _ZN4Mode5_exitEv @ 0xacc240
LOITER: _ZN4Mode13calc_throttleEfb @ 0x9476f0
LOITER: _ZNK18AR_AttitudeControl31get_desired_speed_accel_limitedEff @ 0x947b40
LOITER: _ZN8AC_Avoid12adjust_speedEfffRff @ 0x947d10
LOITER: _ZNK8AC_Avoid13limits_activeEv @ 0xacc290
LOITER: _ZN18AR_AttitudeControl21get_throttle_out_stopEbbfffRb @ 0x948190
LOITER: _ZNK18AR_AttitudeControl13pitch_limitedEv @ 0xacc300
LOITER: _ZN18AR_AttitudeControl22get_throttle_out_speedEfbbfff @ 0x9483c0
LOITER: _ZN12AP_MotorsUGV12set_throttleEf @ 0x9488d0
LOITER: _ZL3MAXIffEDTqugtfp_fp0_fp_fp0_ERKT_RKT0_.11066 @ 0x949020
LOITER: _ZN8AC_Avoid15adjust_velocityER7Vector3IfERbfffff @ 0x949d20
LOITER: _ZL3MINIffEDTqultfp_fp0_fp_fp0_ERKT_RKT0_.8253 @ 0x94a480
LOITER: _ZNK8AC_Avoid27proximity_avoidance_enabledEv @ 0xacc360
LOITER: _ZN8AC_Avoid25adjust_velocity_proximityEffR7Vector3IfES2_fff @ 0x94a510
LOITER: _ZN8AC_Avoid29find_max_quadrant_velocity_3DER7Vector3IfER7Vector2IfES5_S5_S5_RfS6_ @ 0x94ae20
LOITER: _ZN8AC_Avoid21adjust_velocity_fenceEffR7Vector3IfES2_fff @ 0x94afa0
LOITER: _ZL3MAXIffEDTqugtfp_fp0_fp_fp0_ERKT_RKT0_.8254 @ 0x94b380
LOITER: _ZN8AC_Avoid11limit_accelERK7Vector3IfERS1_f @ 0x94b400
LOITER: _ZN8AC_Avoid28adjust_velocity_circle_fenceEffR7Vector2IfES2_f @ 0x94b7f0
LOITER: _ZN8AC_Avoid26find_max_quadrant_velocityER7Vector2IfES2_S2_S2_S2_ @ 0x94be80
LOITER: _ZN8AC_Avoid48adjust_velocity_inclusion_and_exclusion_polygonsEffR7Vector2IfES2_f @ 0x94c140
LOITER: _ZN8AC_Avoid33adjust_velocity_inclusion_circlesEffR7Vector2IfES2_f @ 0x94c4f0
LOITER: _ZN8AC_Avoid33adjust_velocity_exclusion_circlesEffR7Vector2IfES2_f @ 0x94cd70
LOITER: _ZN8AC_Avoid17adjust_velocity_zEffRfS0_f @ 0x94d680
LOITER: _ZNK8AC_Avoid21get_stopping_distanceEfff @ 0x94df50
LOITER: _ZL2sqf.8255 @ 0x94e410
LOITER: _ZNK12AP_Proximity18get_obstacle_countEv @ 0x94e460
LOITER: _ZNK7AP_AHRS15earth_to_body2DERK7Vector2IfE @ 0x94e4b0
LOITER: _ZNK12AP_Proximity12get_obstacleEhR7Vector3IfE @ 0x94e560
LOITER: _ZNK24AP_Proximity_Boundary_3D28convert_obstacle_num_to_faceEhRNS_4FaceE @ 0x94f0d0
LOITER: _ZNK24AP_Proximity_Boundary_3D12get_obstacleEhR7Vector3IfE @ 0x94f1e0
LOITER: _ZNK24AP_Proximity_Boundary_3D18get_obstacle_countEv @ 0x94f370
LOITER: _ZNK18AR_AttitudeControl22get_turn_lat_accel_maxEv @ 0xacce30
LOITER: _ZL3MAXI9AP_ParamTIfL11ap_var_type4EEfEDTqugtfp_fp0_fp_fp0_ERKT_RKT0_ @ 0x9500f0
LOITER: _ZN4Mode12set_reversedEb @ 0x950290
LOITER: _ZN8AR_WPNav12set_reversedEb @ 0xaccfd0
LOITER: _ZNK8AR_WPNav13get_lat_accelEv @ 0xacd080
LOITER: _ZN10ModeLoiter6updateEv @ 0x950300
LOITER: _ZN12AP_MotorsUGV12set_steeringEfb @ 0x950b70
LOITER: _ZN18AR_AttitudeControl21get_steering_out_rateEfbbf @ 0x951930
LOITER: _ZN4Mode12set_steeringEf @ 0x951db0
LOITER: _ZNK4Mode19allows_stick_mixingEv @ 0xacd2b0
LOITER: _ZL7radiansf.11065 @ 0x952030
LOITER: _ZNK18AR_AttitudeControl28get_turn_rate_from_lat_accelEff @ 0x952080
LOITER: _ZL3MINIffEDTqultfp_fp0_fp_fp0_ERKT_RKT0_.1251 @ 0x953060
LOITER: _Z11wrap_180_cdIfET_S0_ @ 0xacd5d0
LOITER: _ZNK8Sailboat18use_indirect_routeEf @ 0x9530f0
LOITER: _ZN4Mode24calc_steering_to_headingEff @ 0x953850
LOITER: _ZL7radiansf.1077 @ 0x953970
LOITER: _ZN18AR_AttitudeControl24get_steering_out_headingEffbbf @ 0x9539c0
LOITER: _ZNK18AR_AttitudeControl26get_turn_rate_from_headingEff @ 0x953a90
LOITER: _ZNK4AC_P5get_pEf @ 0x953ce0
LOITER: _ZNK10ModeLoiter11mode_numberEv @ 0xace840
LOITER: _ZNK10ModeLoiter5name4Ev @ 0xace890
LOITER: _ZNK10ModeLoiter17is_autopilot_modeEv @ 0xace8e0
LOITER: _ZNK10ModeLoiter10wp_bearingEv @ 0xace930
LOITER: _ZNK10ModeLoiter11nav_bearingEv @ 0xace990
LOITER: _ZNK10ModeLoiter16crosstrack_errorEv @ 0xace9f0
LOITER: _ZNK10ModeLoiter27get_distance_to_destinationEv @ 0xacea40
LOITER: _ZNK10ModeLoiter20get_desired_locationER8Location @ 0x95cbd0
LOITER: _ZN10ModeLoiter6_enterEv @ 0x95cc50
LOITER: _ZNK14AP_BattMonitor22capacity_remaining_pctERhh @ 0x964ed0
LOITER: _ZNK9GCS_Rover11custom_modeEv @ 0x9655c0
LOITER: _ZNK9GCS_Rover10frame_typeEv @ 0x965620
LOITER: _ZN9GCS_Rover4chanEh @ 0xad0520
LOITER: _ZNK9GCS_Rover19vehicle_initialisedEv @ 0x9656a0
LOITER: _ZN9GCS_Rover34update_vehicle_sensor_status_flagsEv @ 0x965850
LOITER: _ZN11GCS_MAVLINK14packetReceivedERK16__mavlink_statusRK17__mavlink_message @ 0x965c50
LOITER: _ZNK11GCS_MAVLINK13mission_stateERK10AP_Mission @ 0x965e50
LOITER: _ZNK17GCS_MAVLINK_Rover16send_rangefinderEv @ 0x965f30
LOITER: _ZNK17GCS_MAVLINK_Rover26send_nav_controller_outputEv @ 0x966070
LOITER: _ZN17GCS_MAVLINK_Rover15send_pid_tuningEv @ 0x9661e0
LOITER: _ZN11GCS_MAVLINK21send_scaled_pressure3Ev @ 0x966b20
LOITER: _ZNK11GCS_MAVLINK13send_attitudeEv @ 0x966b80
LOITER: _ZN17GCS_MAVLINK_Rover31send_position_target_global_intEv @ 0x966d50
LOITER: _ZNK11GCS_MAVLINK17send_winch_statusEv @ 0xad08b0
LOITER: _ZNK17GCS_MAVLINK_Rover9base_modeEv @ 0x9670d0
LOITER: _ZNK17GCS_MAVLINK_Rover21vehicle_system_statusEv @ 0x967220
LOITER: _ZNK11GCS_MAVLINK19persist_streamratesEv @ 0xad09a0
LOITER: _ZN17GCS_MAVLINK_Rover25handle_command_int_packetERK23__mavlink_command_int_tRK17__mavlink_message @ 0x9673b0
LOITER: _ZN17GCS_MAVLINK_Rover14handle_messageERK17__mavlink_message @ 0x967a60
LOITER: _ZN17GCS_MAVLINK_Rover16try_send_messageE10ap_message @ 0x968c90
LOITER: _ZN11GCS_MAVLINK24send_global_position_intEv @ 0x968ee0
LOITER: _ZNK11GCS_MAVLINK23global_position_int_altEv @ 0x969060
LOITER: _ZNK11GCS_MAVLINK32global_position_int_relative_altEv @ 0x9690c0
LOITER: _ZNK11GCS_MAVLINK17vfr_hud_climbrateEv @ 0x969130
LOITER: _ZNK11GCS_MAVLINK16vfr_hud_airspeedEv @ 0x9691f0
LOITER: _ZNK17GCS_MAVLINK_Rover16vfr_hud_throttleEv @ 0x969290
LOITER: _ZNK11GCS_MAVLINK11vfr_hud_altEv @ 0x9692f0
LOITER: _ZN11GCS_MAVLINK35convert_COMMAND_LONG_to_COMMAND_INTERK24__mavlink_command_long_tR23__mavlink_command_int_t9MAV_FRAME @ 0x969710
LOITER: _ZN11GCS_MAVLINK28command_long_stores_locationE7MAV_CMD @ 0x969ca0
LOITER: _ZL30convert_COMMAND_LONG_loc_paramfb @ 0x969d80
LOITER: _ZL7degreesf.11 @ 0x969e30
LOITER: _ZL3MINIfiEDTqultfp_fp0_fp_fp0_ERKT_RKT0_ @ 0x969e80
LOITER: _ZNK4Mode11speed_errorEv @ 0xad0b40
LOITER: _ZL36mavlink_msg_global_position_int_send17mavlink_channel_tjiiiissst @ 0x96a420
LOITER: _ZN17GCS_MAVLINK_Rover14send_servo_outEv @ 0x96a540
LOITER: _ZN5Rover27send_wheel_encoder_distanceE17mavlink_channel_t @ 0x96a6f0
LOITER: _ZNK11AP_WindVane9send_windE17mavlink_channel_t @ 0x96a880
LOITER: _ZNK11GCS_MAVLINK23get_ap_message_intervalE10ap_messageRt @ 0x96a990
LOITER: _ZN13AP_OADatabase17send_adsb_vehicleE17mavlink_channel_tt @ 0x96aac0
LOITER: _ZN17GCS_MAVLINK_Rover16send_water_depthEv @ 0x96b060
LOITER: _ZN11GCS_MAVLINK16try_send_messageE10ap_message @ 0x96b350
LOITER: _ZN11GCS_MAVLINK17queued_param_sendEv @ 0x96c000
LOITER: _ZNK11GCS_MAVLINK14send_heartbeatEv @ 0x96c2b0
LOITER: _ZNK11GCS_MAVLINK8send_rpmEv @ 0x96c670
LOITER: _ZN11GCS_MAVLINK24try_send_mission_messageE10ap_message @ 0x96c750
LOITER: _ZN7Compass21send_mag_cal_progressERK11GCS_MAVLINK @ 0x96c950
LOITER: _ZN7Compass19send_mag_cal_reportERK11GCS_MAVLINK @ 0x96cba0
LOITER: _ZN11GCS_MAVLINK19send_battery_statusEv @ 0x96ced0
LOITER: _ZNK7AP_AHRS22send_ekf_status_reportER11GCS_MAVLINK @ 0x96d020
LOITER: _ZN11GCS_MAVLINK12send_meminfoEv @ 0x96d120
LOITER: _ZNK11GCS_MAVLINK17send_fence_statusEv @ 0x96d1e0
LOITER: _ZN11GCS_MAVLINK20send_distance_sensorEv @ 0x96d350
LOITER: _ZNK11GCS_MAVLINK16send_system_timeEv @ 0x96d890
LOITER: _ZN6AP_GPS20send_mavlink_gps_rawE17mavlink_channel_t @ 0x96d920
LOITER: _ZN6AP_GPS20send_mavlink_gps_rtkE17mavlink_channel_th @ 0x96dc70
LOITER: _ZN6AP_GPS21send_mavlink_gps2_rawE17mavlink_channel_t @ 0x96dd50
LOITER: _ZNK11GCS_MAVLINK19send_local_positionEv @ 0x96e0f0
LOITER: _ZNK11GCS_MAVLINK34send_gimbal_device_attitude_statusEv @ 0x96e1c0
LOITER: _ZN11GCS_MAVLINK16send_opticalflowEv @ 0x96e580
LOITER: _ZN11GCS_MAVLINK17send_power_statusEv @ 0x96e6f0
LOITER: _ZNK11GCS_MAVLINK16send_rc_channelsEv @ 0x96e800
LOITER: _ZNK11GCS_MAVLINK20send_rc_channels_rawEv @ 0x96eac0
LOITER: _ZN11GCS_MAVLINK12send_raw_imuEv @ 0x96ec40
LOITER: _ZN11GCS_MAVLINK15send_scaled_imuEhPFv17mavlink_channel_tjssssssssssE @ 0x96f050
LOITER: _ZL28mavlink_msg_scaled_imu2_send17mavlink_channel_tjssssssssss @ 0x96f310
LOITER: _ZL28mavlink_msg_scaled_imu3_send17mavlink_channel_tjssssssssss @ 0x96f480
LOITER: _ZN11GCS_MAVLINK20send_scaled_pressureEv @ 0x96f830
LOITER: _ZN11GCS_MAVLINK21send_scaled_pressure2Ev @ 0x96f890
LOITER: _ZN11GCS_MAVLINK13send_airspeedEv @ 0x96f8f0
LOITER: _ZN11GCS_MAVLINK21send_servo_output_rawEv @ 0x96fab0
LOITER: _ZNK11GCS_MAVLINK13send_simstateEv @ 0x96fed0
LOITER: _ZN11GCS_MAVLINK15send_sys_statusEv @ 0x96fff0
LOITER: _ZN11GCS_MAVLINK10send_ahrs2Ev @ 0x9702e0
LOITER: _ZN11GCS_MAVLINK9send_ahrsEv @ 0x9703c0
LOITER: _ZN11GCS_MAVLINK12send_vfr_hudEv @ 0x970540
LOITER: _ZNK11GCS_MAVLINK14send_vibrationEv @ 0x970680
LOITER: _ZNK11GCS_MAVLINK21send_generator_statusEv @ 0x970770
LOITER: _ZN12AP_ESC_Telem26send_esc_telemetry_mavlinkEh @ 0x970af0
LOITER: _ZN6AP_EFI19send_mavlink_statusE17mavlink_channel_t @ 0x970f80
LOITER: _ZN6AP_AIS13get_singletonEv @ 0x971750
LOITER: _ZN6AP_AIS4sendE17mavlink_channel_t @ 0x971790
LOITER: _ZN11GCS_MAVLINK20send_available_modesEv @ 0x971b00
LOITER: _ZNK11GCS_MAVLINK21battery_remaining_pctEh @ 0x972390
LOITER: _ZL3MINIhiEDTqultfp_fp0_fp_fp0_ERKT_RKT0_.6112 @ 0x972840
LOITER: _ZN12AP_Generator21send_generator_statusERK11GCS_MAVLINK @ 0x973160
LOITER: _ZL26mavlink_msg_vibration_send17mavlink_channel_tmfffjjj @ 0x9731e0
LOITER: _ZL24mavlink_msg_vfr_hud_send17mavlink_channel_tffstff @ 0x9732f0
LOITER: _ZNK7AP_AHRS12get_error_rpEv @ 0x973480
LOITER: _ZNK7AP_AHRS13get_error_yawEv @ 0x9734e0
LOITER: _ZL21mavlink_msg_ahrs_send17mavlink_channel_tfffffff @ 0x973540
LOITER: _ZL22mavlink_msg_ahrs2_send17mavlink_channel_tffffii @ 0x973660
LOITER: _ZNK9AP_Logger11num_droppedEv @ 0x973760
LOITER: _ZNK14AP_BattMonitor11gcs_voltageEv @ 0xad0c70
LOITER: _ZL27mavlink_msg_sys_status_send17mavlink_channel_tjjjttsatttttt @ 0x9737e0
LOITER: _ZNK14AP_BattMonitor11gcs_voltageEh @ 0x973980
LOITER: _ZNK17AP_Logger_Backend11num_droppedEv @ 0xad0cc0
LOITER: _ZL7radiansf.14807 @ 0x973da0
LOITER: _ZNK4SITL3SIM13simstate_sendE17mavlink_channel_t @ 0x974120
LOITER: _ZL25mavlink_msg_simstate_send17mavlink_channel_tfffffffffii @ 0x9742f0
LOITER: _ZL33mavlink_msg_servo_output_raw_send17mavlink_channel_tjhtttttttttttttttt @ 0x974490
LOITER: _ZL33mavlink_msg_scaled_pressure2_send17mavlink_channel_tjffss @ 0x974790
LOITER: _ZN11GCS_MAVLINK29send_scaled_pressure_instanceEhPFv17mavlink_channel_tjffssE @ 0x974870
LOITER: _ZL32mavlink_msg_scaled_pressure_send17mavlink_channel_tjffss @ 0x974a60
LOITER: _ZL24mavlink_msg_raw_imu_send17mavlink_channel_tmssssssssshs @ 0x974bc0
LOITER: _ZNK11GCS_MAVLINK16sending_mavlink1Ev @ 0x974d40
LOITER: _ZNK11GCS_MAVLINK13receiver_rssiEv @ 0x974da0
LOITER: _ZL28mavlink_msg_rc_channels_send17mavlink_channel_tjhtttttttttttttttttth @ 0x974fb0
LOITER: _ZL29mavlink_msg_power_status_send17mavlink_channel_tttt @ 0x975220
LOITER: _ZN8AP_Mount34send_gimbal_device_attitude_statusE17mavlink_channel_t @ 0x975ca0
LOITER: _ZL35mavlink_msg_local_position_ned_send17mavlink_channel_tjffffff @ 0x976300
LOITER: _ZNK6AP_GPS12gps_yaw_cdegEh @ 0x976410
LOITER: _ZNK6AP_GPS23have_gps_yaw_configuredEh @ 0xad0f20
LOITER: _ZL28mavlink_msg_gps_raw_int_send17mavlink_channel_tmhiiitttthijjjjt @ 0x976710
LOITER: _ZL28mavlink_msg_system_time_send17mavlink_channel_tmj @ 0x976900
LOITER: _ZN11GCS_MAVLINK14send_proximityEv @ 0x977ea0
LOITER: _ZNK12AP_Proximity12distance_minEv @ 0x978280
LOITER: _ZL3MINIjjEDTqultfp_fp0_fp_fp0_ERKT_RKT0_.6116 @ 0x978740
LOITER: _ZL24mavlink_msg_meminfo_send17mavlink_channel_tttj @ 0x9787c0
LOITER: _ZNK7NavEKF318send_status_reportER11GCS_MAVLINK @ 0x978a60
LOITER: _ZNK12NavEKF3_core18send_status_reportER11GCS_MAVLINK @ 0x978af0
LOITER: _ZL41mavlink_msg_ekf_status_report_send_struct17mavlink_channel_tPK29__mavlink_ekf_status_report_t @ 0x978ef0
LOITER: _ZNK14AP_BattMonitor13option_is_setEhN21AP_BattMonitor_Params7OptionsE @ 0x979a10
LOITER: _ZNK11GCS_MAVLINK19send_battery_statusEh @ 0x979ae0
LOITER: _ZL3MINIftEDTqultfp_fp0_fp_fp0_ERKT_RKT0_ @ 0x97a370
LOITER: _ZNK14AP_BattMonitor14time_remainingERjh @ 0x97a410
LOITER: _ZNK14AP_BattMonitor24get_mavlink_charge_stateEh @ 0x97a500
LOITER: _ZNK14AP_BattMonitor25get_mavlink_fault_bitmaskEh @ 0x97a630
LOITER: _ZL31mavlink_msg_battery_status_send17mavlink_channel_thhhsPKtsiiaihS1_hj @ 0x97a6e0
LOITER: _ZN14typesafe_indexIh12TAG_PriorityErmERKh @ 0xad1170
LOITER: _ZN11GCS_MAVLINK20send_mission_currentERK10AP_Missiont @ 0x97ae60
LOITER: _ZL32mavlink_msg_mission_current_send17mavlink_channel_ttthh @ 0x97b330
LOITER: _ZNK11GCS_MAVLINK13system_statusEv @ 0x97b800
LOITER: _ZL26mavlink_msg_heartbeat_send17mavlink_channel_thhhjh @ 0x97b890
LOITER: _ZN11GCS_MAVLINK28send_parameter_async_repliesEv @ 0x97b970
LOITER: _ZN12ObjectBufferIN11GCS_MAVLINK19pending_param_replyEE4peekERS1_ @ 0xad1260
LOITER: _ZL35mavlink_msg_rc_channels_scaled_send17mavlink_channel_tjhssssssssh @ 0x97c5e0
LOITER: _ZN11GCS_MAVLINK14handle_messageERK17__mavlink_message @ 0x980fb0
LOITER: _ZN11GCS_MAVLINK16handle_heartbeatERK17__mavlink_message @ 0x981b30
LOITER: _ZN11GCS_MAVLINK19handle_command_longERK17__mavlink_message @ 0x982ea0
LOITER: _ZN11GCS_MAVLINK26handle_request_data_streamERK17__mavlink_message @ 0x9844e0
LOITER: _ZNK3GCS12sysid_is_gcsEh @ 0x989b40
LOITER: _ZN11GCS_MAVLINK16sysid_mygcs_seenEj @ 0x989de0
LOITER: _ZN3GCS16sysid_mygcs_seenEj @ 0xad1e30
LOITER: _ZL38mavlink_msg_request_data_stream_decodePK17__mavlink_messageP31__mavlink_request_data_stream_t @ 0x98b050
LOITER: _ZN9AP_Logger13Write_CommandERK23__mavlink_command_int_thh10MAV_RESULTb @ 0x98e2f0
LOITER: _ZL31mavlink_msg_command_long_decodePK17__mavlink_messageP24__mavlink_command_long_t @ 0x98e470
LOITER: _ZN11GCS_MAVLINK31try_command_long_as_command_intERK24__mavlink_command_long_tRK17__mavlink_message @ 0x98e540
LOITER: _ZN11GCS_MAVLINK16_set_mode_commonEhj @ 0x990da0
LOITER: _ZN12ObjectBufferIN7GCS_FTP11TransactionEE3popERS1_ @ 0xad23f0
LOITER: _ZN11GCS_MAVLINK25handle_command_int_packetERK23__mavlink_command_int_tRK17__mavlink_message @ 0x997060
LOITER: _ZN11GCS_MAVLINK26handle_command_do_set_modeERK23__mavlink_command_int_t @ 0x998320
LOITER: _ZL43mavlink_msg_position_target_global_int_send17mavlink_channel_tjhtiifffffffff @ 0x99be60
LOITER: _ZL25mavlink_msg_attitude_send17mavlink_channel_tjffffff @ 0x99c210
LOITER: _ZL38mavlink_msg_nav_controller_output_send17mavlink_channel_tffsstfff @ 0x99c5f0
LOITER: _ZN15MAVLink_routing17check_and_forwardER11GCS_MAVLINKRK17__mavlink_message @ 0x99c7d0
LOITER: _ZN9AP_Follow10handle_msgERK17__mavlink_message @ 0x99cd40
LOITER: _ZNK11GCS_MAVLINK13accept_packetERK16__mavlink_statusRK17__mavlink_message @ 0x99cec0
LOITER: _ZNK9AP_Follow21should_handle_messageERK17__mavlink_message @ 0x99cfe0
LOITER: _ZN15MAVLink_routing11learn_routeER11GCS_MAVLINKRK17__mavlink_message @ 0x99dfb0
LOITER: _ZN15MAVLink_routing16handle_heartbeatER11GCS_MAVLINKRK17__mavlink_message @ 0x99e250
LOITER: _ZN15MAVLink_routing11get_targetsERK17__mavlink_messageRsS3_ @ 0x99e480
LOITER: _ZN17RC_Channels_Rover7channelEh @ 0xad4f10
LOITER: _ZN11RC_Channels16read_mode_switchEv @ 0x9adab0
LOITER: _ZNK17RC_Channels_Rover14in_rc_failsafeEv @ 0x9adb40
LOITER: _ZNK17RC_Channels_Rover15has_valid_inputEv @ 0x9adba0
LOITER: _ZNK17RC_Channels_Rover18get_arming_channelEv @ 0x9adc20
LOITER: _ZNK17RC_Channels_Rover26flight_mode_channel_numberEv @ 0x9adc70
LOITER: mode_to_string @ 0xa1d140
LOITER: mode_entry @ 0xa1d2c0
----------------------
Mode: 11 (RTL)
RTL: _ZN15AP_Arming_Rover14pre_arm_checksEb @ 0x5bfbf0
RTL: _ZN2AP13serialmanagerEv @ 0x5c1810
RTL: _ZNK9AP_ParamTIiL11ap_var_type3EEcvRKiEv @ 0xa21b60
RTL: _ZN6AP_HAL4Util9vsnprintfEPcmPKcP13__va_list_tag @ 0x5c1e60
RTL: _ZN13BufferPrinterC2EPcm @ 0xa21bb0
RTL: _Z13print_vprintfPN6AP_HAL12BetterStreamEPKcP13__va_list_tag @ 0x5c1fa0
RTL: _ZN6AP_HAL12BetterStreamC2Ev @ 0xa21c60
RTL: _ZN13BufferPrinter5writeEh @ 0xa21cc0
RTL: _Z3gcsv @ 0x5c4420
RTL: _ZN3GCS10send_textvE12MAV_SEVERITYPKcP13__va_list_tag @ 0x5c4460
RTL: _ZNK3GCS28statustext_send_channel_maskEv @ 0x5c4530
RTL: _ZN11GCS_MAVLINK19active_channel_maskEv @ 0xa21f60
RTL: _ZN11GCS_MAVLINK22streaming_channel_maskEv @ 0xa21fa0
RTL: _ZN11GCS_MAVLINK20private_channel_maskEv @ 0xa21fe0
RTL: _ZN3GCS13get_singletonEv @ 0xa22020
RTL: _ZNK16AP_SerialManager22find_protocol_instanceENS_14SerialProtocolEh @ 0x5c45c0
RTL: _ZNK13AP_ParamTBaseIaL11ap_var_type1EE3getEv @ 0xa22060
RTL: _ZNK16AP_SerialManager14protocol_matchENS_14SerialProtocolES0_ @ 0x5c4760
RTL: _ZN16AP_SerialManager13get_singletonEv @ 0xa220b0
RTL: _Z2rcv @ 0x5c4860
RTL: _ZN11RC_Channels13get_singletonEv @ 0xa22150
RTL: _ZNK9AP_ParamTIaL11ap_var_type1EEcvRKaEv @ 0xa22220
RTL: _ZN6AP_HAL6millisEv @ 0x5c4ee0
RTL: _ZN13WithSemaphoreD2Ev @ 0x5c4f20
RTL: _ZN6AP_HAL8millis64Ev @ 0x5c4f80
RTL: _ZN6AP_HAL8micros64Ev @ 0x5c4fc0
RTL: _ZL14uint64_div1000m @ 0x5c5060
RTL: _ZN7HALSITL9Scheduler4fromEPN6AP_HAL9SchedulerE @ 0xa22270
RTL: _ZNK7HALSITL9Scheduler18stopped_clock_usecEv @ 0xa222c0
RTL: _ZNK13AP_ParamTBaseIsL11ap_var_type2EE3getEv @ 0xa22310
RTL: _ZN13WithSemaphoreC2ERN6AP_HAL9SemaphoreEj @ 0x5c51b0
RTL: _ZN2AP9proximityEv @ 0x5c5290
RTL: _ZN12AP_Proximity13get_singletonEv @ 0xa223a0
RTL: _ZN2AP9schedulerEv @ 0x5c55b0
RTL: _ZN12AP_Scheduler25get_filtered_loop_rate_hzEv @ 0xa22420
RTL: _ZN12AP_Scheduler16get_loop_rate_hzEv @ 0xa22470
RTL: _ZN10AP_Terrain13get_singletonEv @ 0xa22500
RTL: _ZN12AP_Scripting13get_singletonEv @ 0xa225a0
RTL: _ZN2AP13internalerrorEv @ 0x5c5920
RTL: _ZNK16AP_InternalError6errorsEv @ 0xa22700
RTL: _ZNK16AP_InternalError15last_error_lineEv @ 0xa22750
RTL: _ZN2AP3rpmEv @ 0x5c5ab0
RTL: _ZN2AP5relayEv @ 0x5c5e20
RTL: _ZN12SRV_Channels17function_assignedEN11SRV_Channel8FunctionE @ 0x5c6660
RTL: _ZNK9AP_ParamTIsL11ap_var_type2EEcvRKsEv @ 0xa22830
RTL: _ZN12SRV_Channels25update_aux_servo_functionEv @ 0x5c67b0
RTL: _ZNK7BitmaskILt190EE3getEt @ 0xa22880
RTL: _ZNK7BitmaskILt190EE8validateEt @ 0xa22950
RTL: _ZN7BitmaskILt190EE8clearallEv @ 0xa229e0
RTL: _ZNK11SRV_Channel14valid_functionEv @ 0xa22a40
RTL: _ZN11SRV_Channel24aux_servo_function_setupEv @ 0x5c72b0
RTL: _ZN7BitmaskILt190EE3setEt @ 0xa22aa0
RTL: _ZNK9AP_Enum16IN11SRV_Channel8FunctionEEcvKS1_Ev @ 0xa22b60
RTL: _ZN11SRV_Channel14valid_functionENS_8FunctionE @ 0xa22bb0
RTL: _ZN8AP_Relay13get_singletonEv @ 0xa22c60
RTL: _ZN6AP_RPM13get_singletonEv @ 0xa22ca0
RTL: _ZNK12AP_Scripting13option_is_setENS_11DebugOptionE @ 0xa22d90
RTL: _ZNK13AP_ParamTBaseIiL11ap_var_type3EE3getEv @ 0xa22e90
RTL: _ZNK2AP8PerfInfo25get_filtered_loop_rate_hzEv @ 0x5c76a0
RTL: _ZNK2AP8PerfInfo17get_filtered_timeEv @ 0x5c7730
RTL: _ZN12AP_Scheduler13get_singletonEv @ 0x5c7780
RTL: _ZN2AP7missionEv @ 0x5c77c0
RTL: _ZNK10AP_Mission12num_commandsEv @ 0xa22ee0
RTL: _ZN2AP4ahrsEv @ 0x5c80f0
RTL: _ZNK7AP_AHRS8get_homeEv @ 0xa22ff0
RTL: _ZNK13StorageAccess10read_blockEPvtm @ 0x5c8220
RTL: _ZN7AP_AHRS13get_singletonEv @ 0xa23040
RTL: _ZN8LocationC2Ev @ 0xa23080
RTL: _ZN8Location4zeroEv @ 0x5c8750
RTL: _ZN10AP_Mission13get_singletonEv @ 0xa230d0
RTL: _ZNK7AP_AHRS12get_locationER8Location @ 0x5c88f0
RTL: _ZNK8AP_Rally24find_nearest_rally_pointERK8LocationR13RallyLocation @ 0x5c8970
RTL: _ZN2AP7vehicleEv @ 0x5c8b60
RTL: _ZNK10AP_Mission7presentEv @ 0xa231b0
RTL: _ZN10AP_Vehicle13get_singletonEv @ 0x5c8ba0
RTL: _ZNK8Location12get_distanceERKS_ @ 0x5c8dc0
RTL: _ZNK9AP_ParamTIfL11ap_var_type4EEcvRKfILb1EEEv @ 0xa23220
RTL: _ZN8Location14diff_longitudeEii @ 0x5c8e90
RTL: _ZN8Location15longitude_scaleEi @ 0x5c8f70
RTL: _Z4normIddJEEdT_T0_DpKT1_ @ 0xa23270
RTL: _Z2sqIdJdEEdT_DpKT0_ @ 0xa232e0
RTL: _Z2sqIdEdT_ @ 0xa23360
RTL: _ZL3MAXIdfEDTqugtfp_fp0_fp_fp0_ERKT_RKT0_ @ 0x5c9010
RTL: _ZN8LocationC2EiiiNS_8AltFrameE @ 0x5c90b0
RTL: _ZN8Location10set_alt_cmEiNS_8AltFrameE @ 0x5c9150
RTL: _ZN11RC_Channels23get_valid_channel_countEv @ 0x5c93f0
RTL: _ZNK10RC_Channel12has_overrideEv @ 0x5c9460
RTL: _ZNK13AP_ParamTBaseIfL11ap_var_type4EE3getEv @ 0xa23600
RTL: _Z11is_positiveIfEbT_ @ 0xa23650
RTL: _Z7is_zerof @ 0xa236b0
RTL: _ZL3MINIihEDTqultfp_fp0_fp_fp0_ERKT_RKT0_.6275 @ 0x5c9520
RTL: _ZN5Rover15ekf_position_okEv @ 0x5c9e10
RTL: _ZNK7AP_AHRS17have_inertial_navEv @ 0x5c9f80
RTL: _ZNK7AP_AHRS17get_filter_statusER17nav_filter_status @ 0x5c9fe0
RTL: _ZNK9AP_Arming8is_armedEv @ 0x5ca110
RTL: _ZNK7AP_AHRS8ekf_typeEv @ 0x5ca260
RTL: _ZNK7NavEKF315getFilterStatusER17nav_filter_status @ 0x5ca3f0
RTL: _ZN2AP12externalAHRSEv @ 0x5ca6e0
RTL: _ZNK15AP_ExternalAHRS17get_filter_statusER17nav_filter_status @ 0x5ca720
RTL: _ZN15AP_ExternalAHRS13get_singletonEv @ 0xa23940
RTL: _ZNK12NavEKF3_core15getFilterStatusER17nav_filter_status @ 0x5ca8b0
RTL: _ZNK7AP_AHRS14always_use_EKFEv @ 0xa23980
RTL: _ZNK7AP_AHRS15active_EKF_typeEv @ 0xa239e0
RTL: _ZNK7AP_AHRS7healthyEv @ 0x5ca990
RTL: _ZN2AP7compassEv @ 0x5cb430
RTL: _ZNK7Compass11use_for_yawEv @ 0x5cb470
RTL: _ZNK16AP_NavEKF_Source12getYawSourceEh @ 0x5cc2e0
RTL: _ZNK12NavEKF3_core7healthyEv @ 0x5cc5a0
RTL: _ZNK16AP_NavEKF_Source14useVelXYSourceENS_8SourceXYEh @ 0x5cc960
RTL: _ZNK16AP_NavEKF_Source18getActiveSourceSetEh @ 0xa23a30
RTL: _ZNK7AP_EnumIN16AP_NavEKF_Source8SourceXYEEcvKS1_Ev @ 0xa23ae0
RTL: _ZNK16AP_NavEKF_Source13option_is_setENS_13SourceOptionsE @ 0xa23b30
RTL: _ZNK12NavEKF3_core15getFilterFaultsERt @ 0x5cca90
RTL: _ZNK11QuaternionTIdE6is_nanEv @ 0xa23bb0
RTL: _ZNK7Vector3IdE6is_nanEv @ 0xa23cb0
RTL: _ZNK7AP_EnumIN16AP_NavEKF_Source9SourceYawEEcvKS1_Ev @ 0xa23d80
RTL: _ZN2AP3dalEv @ 0x5ccbb0
RTL: _ZN6AP_DAL7compassEv @ 0xa23dd0
RTL: _ZNK14AP_DAL_Compass15get_num_enabledEv @ 0xa23e20
RTL: _ZN6AP_DAL13get_singletonEv @ 0xa23e70
RTL: _ZN7Matrix3IfEC2Ev @ 0xa242b0
RTL: _ZN7Vector3IfEC2Ev @ 0xa243a0
RTL: _ZN11QuaternionTIfEC2Ev @ 0xa24520
RTL: _ZN7Vector2IfEC2Ev @ 0xa24590
RTL: _ZN6AP_DAL4baroEv @ 0xa245f0
RTL: _ZN6AP_DAL6beaconEv @ 0xa24690
RTL: _ZN6AP_DAL3gpsEv @ 0xa24750
RTL: _ZN6AP_DAL11rangefinderEv @ 0xa24860
RTL: _ZN6AP_DAL10visualodomEv @ 0xa248b0
RTL: _ZNK7Compass7healthyEh @ 0x5cd520
RTL: _ZNK7Compass11use_for_yawEh @ 0x5cd5c0
RTL: _ZNK7Compass9availableEv @ 0xa249d0
RTL: _ZN14typesafe_indexIh12TAG_PriorityEC2Eh @ 0xa24a50
RTL: _ZNK19RestrictIDTypeArrayI9AP_ParamTIaL11ap_var_type1EELj3E14typesafe_indexIh12TAG_PriorityEEixERKS5_ @ 0xa24ab0
RTL: _ZNK7AP_EnumIN7Compass9LearnTypeEEcvKS1_Ev @ 0xa24b30
RTL: _ZNK14typesafe_indexIh12TAG_PriorityE7get_intEv @ 0xa24b80
RTL: _ZNK7Compass10_get_stateE14typesafe_indexIh12TAG_PriorityE @ 0xa24bd0
RTL: _ZNK7Compass13_get_state_idE14typesafe_indexIh12TAG_PriorityE @ 0x5cd6a0
RTL: _ZNK19RestrictIDTypeArrayIN7Compass9mag_stateELj4E14typesafe_indexIh14TAG_StateIndexEEixERKS4_ @ 0xa24c50
RTL: _ZNK14typesafe_indexIh14TAG_StateIndexE7get_intEv @ 0xa24cd0
RTL: _ZNK19RestrictIDTypeArrayIiLj3E14typesafe_indexIh12TAG_PriorityEEixERKS2_ @ 0xa24d20
RTL: _ZN14typesafe_indexIh14TAG_StateIndexEC2Eh @ 0xa24da0
RTL: _ZNK14typesafe_indexIh14TAG_StateIndexEltERKh @ 0xa24e00
RTL: _ZN14typesafe_indexIh14TAG_StateIndexEppEi @ 0xa24e70
RTL: _ZN7Compass13get_singletonEv @ 0xa24ee0
RTL: _ZNK7NavEKF211activeCoresEv @ 0xa24f20
RTL: _ZNK7NavEKF311activeCoresEv @ 0xa25360
RTL: _ZN11QuaternionTIfE20from_rotation_matrixERK7Matrix3IfE @ 0xa25410
RTL: _ZNK12NavEKF3_core11use_compassEv @ 0x5cdd30
RTL: _ZNK14AP_DAL_Compass11use_for_yawEh @ 0xa25920
RTL: _ZNK12NavEKF3_core20getRotationBodyToNEDER7Matrix3IfE @ 0x5cde00
RTL: _ZNK11QuaternionTIdE15rotation_matrixER7Matrix3IfE @ 0xa25990
RTL: _ZNK6AP_DAL43get_rotation_vehicle_body_to_autopilot_bodyEv @ 0xa25ba0
RTL: _ZNK7Matrix3IfEmlERKS0_ @ 0xa25bf0
RTL: _ZN7Vector3IfEC2Efff @ 0xa25e60
RTL: _ZN7Matrix3IfEC2ERK7Vector3IfES4_S4_ @ 0xa25ef0
RTL: _ZN7Vector3IfEdVEf @ 0xa25fa0
RTL: _Z7wrap_PId @ 0x5cdf10
RTL: _ZN7Vector3IfEmLEf @ 0xa26030
RTL: _Z8wrap_2PId @ 0x5cdfa0
RTL: _ZN11QuaternionTIfEC2Effff @ 0xa26370
RTL: _ZNK11QuaternionTIfE15rotation_matrixER7Matrix3IfE @ 0xa26420
RTL: _ZNK7Matrix3IfE13mul_transposeERK7Vector3IfE @ 0xa26610
RTL: _ZNK7Vector3IfEmiERKS0_ @ 0xa26720
RTL: _ZNK7Vector3IfE6lengthEv @ 0xa267d0
RTL: _Z20constrain_value_lineIfET_S0_S0_S0_j @ 0xa26830
RTL: _Z4normIffJfEEdT_T0_DpKT1_ @ 0xa26950
RTL: _Z2sqIfJffEEdT_DpKT0_ @ 0xa269d0
RTL: _ZL2sqf.3424 @ 0x5ce090
RTL: _Z2sqIfJfEEdT_DpKT0_ @ 0xa26a70
RTL: _ZL2sqf.1606 @ 0x5ce0e0
RTL: _ZNK7AP_AHRS24get_rotation_body_to_nedEv @ 0xa26af0
RTL: _ZN2AP3gpsEv @ 0x5ce1f0
RTL: _ZNK6AP_GPS8get_typeEh @ 0xa26be0
RTL: _ZNK7AP_EnumIN6AP_GPS8GPS_TypeEEcvKS1_Ev @ 0xa26c70
RTL: _ZN6AP_GPS13get_singletonEv @ 0xa26cc0
RTL: _ZNK7NavEKF37healthyEv @ 0x5ce340
RTL: _ZNK6AP_GPS11num_sensorsEv @ 0x5ce650
RTL: _ZNK6AP_GPS14primary_sensorEv @ 0xa26da0
RTL: _ZNK6AP_GPS6statusEh @ 0xa26df0
RTL: _ZNK6AP_GPS10is_healthyEh @ 0x5ce6d0
RTL: _ZNK7AP_AHRS11home_is_setEv @ 0xa26eb0
RTL: _ZNK6AP_GPS8locationEv @ 0xa26f10
RTL: _ZNK6AP_GPS22first_unconfigured_gpsERh @ 0x5ce990
RTL: _ZN3GCS9send_textE12MAV_SEVERITYPKcz @ 0x5ceb60
RTL: _ZNK6AP_GPS8locationEh @ 0xa26f70
RTL: _ZNK6AP_GPS12is_rtk_roverEh @ 0x5cee40
RTL: _ZN2AP3insEv @ 0x5cf1a0
RTL: _ZNK17AP_InertialSensor19get_gyro_health_allEv @ 0x5cf1e0
RTL: _ZNK17AP_InertialSensor22gyro_calibrated_ok_allEv @ 0x5cf2a0
RTL: _ZNK17AP_InertialSensor20get_accel_health_allEv @ 0x5cf3b0
RTL: _ZNK17AP_InertialSensor23accel_calibrated_ok_allEv @ 0x5cf470
RTL: _ZNK10AP_GyroFFT16analysis_enabledEv @ 0xa27190
RTL: _ZN7Vector3IfEixEh @ 0xa27520
RTL: _ZN10DigitalLPFIfE6_applyERKfS2_ @ 0xa27880
RTL: _Z15constrain_int16sss @ 0xa27e80
RTL: _Z15constrain_valueIsET_S0_S0_S0_ @ 0xa27f10
RTL: _ZNK10ByteBuffer5spaceEv @ 0x5d20b0
RTL: _ZN10ByteBuffer5writeEPKhj @ 0x5d2310
RTL: _ZN10ByteBuffer7reserveEPNS_5IoVecEj @ 0x5d2430
RTL: _ZN10ByteBuffer6commitEj @ 0x5d2660
RTL: _ZNK10ByteBuffer8get_sizeEv @ 0xa27fc0
RTL: _ZNK17AP_InertialSensor14get_gyro_countEv @ 0xa28050
RTL: _ZNK17AP_InertialSensor4_useEh @ 0xa280c0
RTL: _ZNK17AP_InertialSensor8_gyro_idEh @ 0xa28120
RTL: _ZN17AP_InertialSensor8_gyro_idEh @ 0xa28180
RTL: _ZN17AP_InertialSensor4_useEh @ 0xa281f0
RTL: _ZL3MINIihEDTqultfp_fp0_fp_fp0_ERKT_RKT0_.3043 @ 0x5d2b90
RTL: _ZNK7AP_EnumIN22AP_InertialSensor_TCal6EnableEEcvKS1_Ev @ 0xa282c0
RTL: _ZN17AP_InertialSensor4tcalEh @ 0xa28310
RTL: _ZNK17AP_InertialSensor8get_gyroEv @ 0xa28380
RTL: _ZNK17AP_InertialSensor8use_gyroEh @ 0x5d2d50
RTL: _ZNK17AP_InertialSensor8get_gyroEh @ 0xa283e0
RTL: _ZNK17AP_InertialSensor15get_gyro_healthEh @ 0xa28450
RTL: _ZNK17AP_InertialSensor15get_accel_countEv @ 0xa284f0
RTL: _ZL3MINIihEDTqultfp_fp0_fp_fp0_ERKT_RKT0_ @ 0x5d2fd0
RTL: _ZNK17AP_InertialSensor9get_accelEv @ 0xa28560
RTL: _ZNK17AP_InertialSensor9use_accelEh @ 0x5d3060
RTL: _ZNK17AP_InertialSensor9get_accelEh @ 0xa285c0
RTL: _ZNK17AP_InertialSensor16get_accel_healthEh @ 0xa28630
RTL: _ZNK17AP_InertialSensor13_accel_offsetEh @ 0xa286d0
RTL: _ZNK9AP_ParamVI7Vector3IfEL11ap_var_type5EE3getEv @ 0xa28730
RTL: _ZNK7Vector3IfE7is_zeroEv @ 0xa28780
RTL: _ZNK17AP_InertialSensor12_accel_scaleEh @ 0xa28830
RTL: _ZNK17AP_InertialSensor9_accel_idEh @ 0xa28890
RTL: _Z8is_equalIffENSt3__19enable_ifIXsr3std17is_floating_pointINS0_11common_typeIJT_T0_EE4typeEEE5valueEbE4typeES3_S4_ @ 0xa288f0
RTL: _ZN17AP_InertialSensor9_accel_idEh @ 0xa28970
RTL: _ZN17AP_InertialSensor12_accel_scaleEh @ 0xa289e0
RTL: _ZN17AP_InertialSensor13_accel_offsetEh @ 0xa28a50
RTL: _ZNK17AP_InertialSensor18gyro_calibrated_okEh @ 0xa28ac0
RTL: _ZN17AP_InertialSensor13get_singletonEv @ 0x5d3120
RTL: _ZN13AP_ParamTBaseIaL11ap_var_type1EE3setERKa @ 0xa290a0
RTL: _ZN13AP_ParamTBaseIsL11ap_var_type2EE3setERKs @ 0xa29100
RTL: _ZN13AP_ParamTBaseIiL11ap_var_type3EE3setERKi @ 0xa29170
RTL: _ZN13AP_ParamTBaseIfL11ap_var_type4EE3setERKf @ 0xa291d0
RTL: _ZNK7Vector3IfEneERKS0_ @ 0xa29900
RTL: _ZNK8AP_Param13find_var_infoEPjRPKNS_9GroupInfoERNS_12GroupNestingEPh @ 0x5d4b90
RTL: _ZNK8AP_Param14copy_name_infoEPKNS_4InfoEPKNS_9GroupInfoERKNS_12GroupNestingEhPcmb @ 0x5d4e10
RTL: _ZNK8AP_Param14send_parameterEPKc11ap_var_typeh @ 0x5d5070
RTL: _ZNK8AP_Param13cast_to_floatE11ap_var_type @ 0x5d5210
RTL: _ZN3GCS20send_parameter_valueEPKc11ap_var_typef @ 0x5d5300
RTL: _ZL3MINImmEDTqultfp_fp0_fp_fp0_ERKT_RKT0_.5959 @ 0x5d5440
RTL: _ZN11GCS_MAVLINK14mav_param_typeE11ap_var_type @ 0x5d54c0
RTL: _ZN8AP_Param16count_parametersEv @ 0x5d5550
RTL: _ZN3GCS23send_to_active_channelsEjPKc @ 0x5d5700
RTL: _ZN9AP_Logger13get_singletonEv @ 0xa299d0
RTL: _ZN9AP_Logger15Write_ParameterEPKcf @ 0x5d5820
RTL: _ZNK9AP_Logger10quiet_nanfEv @ 0xa29a10
RTL: _ZN17AP_Logger_Backend15Write_ParameterEPKcff @ 0x5d5910
RTL: _Z14strncpy_notermPcPKcm @ 0x5d5a30
RTL: _ZN17AP_Logger_Backend18WriteCriticalBlockEPKvt @ 0xa29a60
RTL: _ZN17AP_Logger_Backend21WritePrioritisedBlockEPKvtbb @ 0x5d5ae0
RTL: _ZN17AP_Logger_Backend30validate_WritePrioritisedBlockEPKvt @ 0x5d5cb0
RTL: _ZN17AP_Logger_Backend9ShouldLogEb @ 0x5d5ea0
RTL: _ZN17AP_Logger_Backend21ensure_format_emittedEPKvt @ 0x5d6340
RTL: _ZNK17AP_Logger_Backend23message_type_from_blockEPKvtR11LogMessages @ 0x5d6460
RTL: _ZNK17AP_Logger_Backend28have_emitted_format_for_typeE11LogMessages @ 0xa29ae0
RTL: _ZNK7BitmaskILt256EE8validateEt @ 0xa29c10
RTL: _ZNK7BitmaskILt256EE3getEt @ 0xa29ca0
RTL: _ZNK6AP_HAL4Util14get_soft_armedEv @ 0xa29d70
RTL: _ZN2AP6loggerEv @ 0x5d6f60
RTL: _Z7is_zeroI9AP_ParamTIfL11ap_var_type4EEEbT_ @ 0xa29dd0
RTL: _ZNK12AP_Scheduler5ticksEv @ 0xa29e30
RTL: _ZN6AP_HAL8millis16Ev @ 0x5d71b0
RTL: _ZNK9AP_Logger13WritesEnabledEv @ 0xa29f90
RTL: _ZNK19LoggerMessageWriter8finishedEv @ 0xa29ff0
RTL: _ZNK9AP_Logger15in_log_downloadEv @ 0x5d71f0
RTL: _ZNK9AP_Logger16vehicle_is_armedEv @ 0xa2a050
RTL: mavlink_get_msg_entry @ 0x5d7440
RTL: _ZNK3GCS7num_gcsEv @ 0xa2a100
RTL: _ZNK11GCS_MAVLINK10is_privateEv @ 0xa2a150
RTL: _ZNK11GCS_MAVLINK9is_activeEv @ 0xa2a1b0
RTL: _ZN11GCS_MAVLINK12send_messageEPKcPK19__mavlink_msg_entry @ 0xa2a230
RTL: _ZN11GCS_MAVLINK18check_payload_sizeEt @ 0x5d7560
RTL: _mav_finalize_message_chan_send @ 0x5d7610
RTL: _Z26mavlink_get_channel_statush @ 0x5d7960
RTL: _Z17_mav_trim_payloadPKch @ 0x5d7a40
RTL: _ZL13crc_calculatePKht @ 0x5d7ae0
RTL: _ZL21crc_accumulate_bufferPtPKct @ 0x5d7b80
RTL: _ZL14crc_accumulatehPt @ 0x5d7c20
RTL: _Z14comm_send_lock17mavlink_channel_tt @ 0x5d7eb0
RTL: _mavlink_send_uart @ 0x5d7f70
RTL: _Z16comm_send_unlock17mavlink_channel_t @ 0x5d7ff0
RTL: _Z16comm_send_buffer17mavlink_channel_tPKhh @ 0x5d8070
RTL: _ZL13valid_channel17mavlink_channel_t @ 0x5d81e0
RTL: _Z24gcs_out_of_space_to_send17mavlink_channel_t @ 0x5d8290
RTL: _ZN11GCS_MAVLINK20out_of_space_to_sendEv @ 0xa2a370
RTL: _ZL8crc_initPt @ 0x5d8bc0
RTL: _ZN11GCS_MAVLINK14channel_statusEv @ 0xa2a3d0
RTL: _ZNK11GCS_MAVLINK7txspaceEv @ 0xa2a420
RTL: _ZNK11GCS_MAVLINK15packet_overheadEv @ 0xa2a4c0
RTL: _ZN11GCS_MAVLINK20packet_overhead_chanE17mavlink_channel_t @ 0x5d8c10
RTL: _ZL3MINIjjEDTqultfp_fp0_fp_fp0_ERKT_RKT0_.5950 @ 0x5d8cf0
RTL: _ZN11GCS_MAVLINK10is_privateE17mavlink_channel_t @ 0xa2a520
RTL: _ZN8AP_Param8var_infoEt @ 0xa2a590
RTL: _ZN8AP_Param14get_group_infoERKNS_4InfoE @ 0x5d9570
RTL: _ZN8AP_Param14get_group_infoERKNS_9GroupInfoE @ 0x5d9b90
RTL: _ZN8AP_Param19adjust_group_offsetEtRKNS_9GroupInfoERl @ 0x5d9c10
RTL: _ZN8AP_Param8group_idEPKNS_9GroupInfoEjhh @ 0x5d9d30
RTL: _ZN8AP_Param8get_baseERKNS_4InfoERl @ 0x5d9e30
RTL: _ZNK13AP_ParamTBaseIiL11ap_var_type3EE13cast_to_floatEv @ 0xa2a6d0
RTL: _ZNK8AP_Param19find_var_info_groupEPKNS_9GroupInfoEtjhlPjRS2_RNS_12GroupNestingEPh @ 0x5d9fc0
RTL: _ZN8AP_Param4saveEb @ 0x5da4c0
RTL: _ZN17AP_InertialSensor13caltemp_accelEh @ 0xa2a850
RTL: _ZNK17AP_InertialSensor15get_temperatureEh @ 0xa2a8c0
RTL: _ZN7Vector3IfE4zeroEv @ 0xa2ab20
RTL: _ZNK7Vector3IfErmERKS0_ @ 0xa2ab80
RTL: _ZNK7Vector3IfEmlERKS0_ @ 0xa2ac60
RTL: _Z9safe_sqrtIfEfT_ @ 0xa2acf0
RTL: _ZNK11QuaternionTIfE14get_euler_rollEv @ 0xa2ae80
RTL: _ZNK11QuaternionTIfE15get_euler_pitchEv @ 0xa2af30
RTL: _Z9safe_asinIfEfT_ @ 0xa2afa0
RTL: _ZN7Vector3IfE6rotateE8Rotation @ 0xa2b190
RTL: _ZNK7Matrix3IfEmlERK7Vector3IfE @ 0xa2c170
RTL: _ZN7Matrix3IfE10from_eulerEfff @ 0xa2c310
RTL: _ZN7Matrix3IfEC2Efffffffff @ 0xa2c540
RTL: _ZNK7Vector3IfEplERKS0_ @ 0xa2c670
RTL: _ZNK7Vector3IfEdvEf @ 0xa2c720
RTL: _Z4normIffJEEdT_T0_DpKT1_ @ 0xa2c7c0
RTL: _ZN7Vector3IfEpLERKS0_ @ 0xa2c830
RTL: _ZN15ObjectBuffer_TSIN8AP_Param10param_saveEE4peekERS1_ @ 0xa2c8d0
RTL: _ZN15ObjectBuffer_TSIN8AP_Param10param_saveEE4pushERKS1_ @ 0xa2c980
RTL: _ZN10ByteBuffer9peekbytesEPhj @ 0x5db470
RTL: _ZN10ByteBuffer9peekiovecEPNS_5IoVecEj @ 0x5db580
RTL: _ZNK10ByteBuffer9availableEv @ 0x5db6d0
RTL: _ZN10ByteBuffer7readptrERj @ 0x5db9b0
RTL: _ZNK7Vector3IfEngEv @ 0xa2ca60
RTL: _ZN2AP4sitlEv @ 0x5dbdb0
RTL: _ZN2AP4baroEv @ 0x5dbdf0
RTL: _ZNK7AP_Baro11all_healthyEv @ 0x5dbef0
RTL: _ZNK7AP_Baro7healthyEh @ 0x5dbfa0
RTL: _ZN7AP_Baro13get_singletonEv @ 0xa2cb40
RTL: _ZN4SITL3SIM13get_singletonEv @ 0xa2cb80
RTL: _ZNK9AP_Logger15logging_presentEv @ 0x5dc680
RTL: _ZNK9AP_Logger15logging_startedEv @ 0x5dc770
RTL: _ZNK11RC_Channels17option_is_enabledENS_6OptionE @ 0xa2cc10
RTL: _ZNK11RC_Channels16get_roll_channelEv @ 0x5dc9d0
RTL: _ZNK11RC_Channels15get_yaw_channelEv @ 0x5dcab0
RTL: _ZNK10RC_Channel14get_control_inEv @ 0xa2cc90
RTL: _ZNK11RC_Channels20get_throttle_channelEv @ 0x5dcb20
RTL: _ZN11RC_Channels23find_channel_for_optionEN10RC_Channel8AUX_FUNCE @ 0x5dcb90
RTL: _ZN2AP5rcmapEv @ 0x5dce10
RTL: _ZNK8RCMapper8throttleEv @ 0xa2cd40
RTL: _ZNK11RC_Channels25get_rcmap_channel_nonnullEh @ 0x5dce50
RTL: _ZN11RC_Channels10rc_channelEh @ 0xa2cda0
RTL: _ZN8RCMapper13get_singletonEv @ 0xa2ce00
RTL: _ZNK8RCMapper3yawEv @ 0xa2ce40
RTL: _ZNK8RCMapper4rollEv @ 0xa2cf00
RTL: _ZNK11RC_Channels19flight_mode_channelEv @ 0x5dcee0
RTL: _ZNK8Sailboat12sail_enabledEv @ 0xa2d270
RTL: _ZNK11AP_WindVane7enabledEv @ 0x5dcf80
RTL: _ZNK12AP_MotorsUGV8has_sailEv @ 0x5de2b0
RTL: _ZNK12AP_MotorsUGV7is_omniEv @ 0xa2d330
RTL: _ZN12SRV_Channels18get_emergency_stopEv @ 0xa2d440
RTL: _ZNK10RC_Channel12get_radio_inEv @ 0xa2d480
RTL: _ZN2AP5fenceEv @ 0x5e0260
RTL: _ZNK8AC_Fence7presentEv @ 0x5e0840
RTL: _ZNK8AC_Fence7enabledEv @ 0xa2d590
RTL: _ZNK19AC_PolyFence_loader17total_fence_countEv @ 0xa2d850
RTL: _ZNK7Vector2IfEmiERKS0_ @ 0xa2df80
RTL: _ZNK7Vector2IfEmlERKS0_ @ 0xa2e1f0
RTL: _ZNK7Vector2IfEmlEf @ 0xa2e270
RTL: _ZN7Vector2IfEC2Eff @ 0xa2e2f0
RTL: _ZNK8Location15get_distance_NEERKS_ @ 0x5e1ec0
RTL: _ZNK19AC_PolyFence_loader27get_exclusion_polygon_countEv @ 0xa2e420
RTL: _ZNK19AC_PolyFence_loader27get_inclusion_polygon_countEv @ 0xa2e470
RTL: _ZNK19AC_PolyFence_loader26get_exclusion_circle_countEv @ 0xa2e4c0
RTL: _ZNK19AC_PolyFence_loader26get_inclusion_circle_countEv @ 0xa2e510
RTL: _ZN8AC_Fence13get_singletonEv @ 0xa2e560
RTL: _ZN2AP10visualodomEv @ 0x5e2080
RTL: _ZNK13AP_VisualOdom7enabledEv @ 0x5e21f0
RTL: _ZNK7AP_EnumIN13AP_VisualOdom15VisualOdom_TypeEEcvKS1_Ev @ 0xa2e5a0
RTL: _ZN13AP_VisualOdom13get_singletonEv @ 0xa2e5f0
RTL: _ZN6AP_HAL6microsEv @ 0x5e2660
RTL: _ZN2AP5mountEv @ 0x5e26a0
RTL: _ZN8AP_Mount13get_singletonEv @ 0xa2e670
RTL: _ZN2AP3osdEv @ 0x5e2900
RTL: _ZN6AP_OSD13get_singletonEv @ 0xa2e710
RTL: _ZN2AP9generatorEv @ 0x5e2c50
RTL: _ZN12AP_Generator13get_singletonEv @ 0x5e2e10
RTL: _ZN2AP3canEv @ 0x5e2e50
RTL: _ZNK13AP_CANManager15get_num_driversEv @ 0xa2e800
RTL: _ZNK13AP_CANManager15get_driver_typeEh @ 0xa2e850
RTL: _ZN13AP_CANManager13get_singletonEv @ 0xa2ea50
RTL: _ZNK11SRV_Channel12get_functionEv @ 0xa2eb90
RTL: _ZNK11SRV_Channel14get_output_minEv @ 0xa2ec50
RTL: _ZNK11SRV_Channel14get_output_maxEv @ 0xa2eca0
RTL: _ZN11SRV_Channel13should_e_stopENS_8FunctionE @ 0x5e3c10
RTL: _ZN11RangeFinder13get_singletonEv @ 0xa2ed40
RTL: _ZNK9AP_Logger14logging_failedEv @ 0x5e4240
RTL: _ZN2AP7batteryEv @ 0x5e43c0
RTL: _ZNK14AP_BattMonitor15configured_typeEh @ 0xa2ee30
RTL: _ZNK14AP_BattMonitor14allocated_typeEh @ 0xa2eea0
RTL: _ZNK22AP_BattMonitor_Backend20check_failsafe_typesERbS0_S0_S0_ @ 0x5e4af0
RTL: _Z11is_positiveI9AP_ParamTIfL11ap_var_type4EEEbT_ @ 0xa2ef10
RTL: _ZNK21AP_BattMonitor_Params23failsafe_voltage_sourceEv @ 0xa2eff0
RTL: _ZL3MAXIffEDTqugtfp_fp0_fp_fp0_ERKT_RKT0_.16928 @ 0x5e4f00
RTL: _ZN14AP_BattMonitor13get_singletonEv @ 0xa2f050
RTL: _ZNK7Compass14is_calibratingEv @ 0x5e4f80
RTL: _ZNK7Compass7healthyEv @ 0xa2f0f0
RTL: _ZNK7Compass21learn_offsets_enabledEv @ 0xa2f150
RTL: _ZNK7Compass9get_fieldEv @ 0xa2f280
RTL: _ZNK7Compass10consistentEv @ 0x5e5340
RTL: _ZN14AP_Declination18get_earth_field_gaERK8Location @ 0x5e55e0
RTL: _ZNK7Vector3IfEmlEf @ 0xa2f2e0
RTL: _ZN14AP_Declination16get_mag_field_efEffRfS0_S0_ @ 0x5e5880
RTL: _ZL7radiansf.2451 @ 0x5e5e80
RTL: _Z15constrain_int32iii @ 0xa2f380
RTL: _Z15constrain_valueIiET_S0_S0_S0_ @ 0xa2f3f0
RTL: _ZN11AP_AHRS_DCM11use_compassEv @ 0x5e5ff0
RTL: _ZNK7AP_AHRS15get_fly_forwardEv @ 0xa2f4e0
RTL: _ZNK11AP_AHRS_DCM8have_gpsEv @ 0x5e61a0
RTL: _ZNK6AP_GPS12ground_speedEv @ 0xa2f540
RTL: _ZL7degreesf.1595 @ 0x5e6230
RTL: _ZNK6AP_GPS13ground_courseEv @ 0xa2f5a0
RTL: _Z8wrap_180IfET_S0_ @ 0xa2f600
RTL: _Z8wrap_360f @ 0x5e6280
RTL: _ZNK6AP_GPS13ground_courseEh @ 0xa2f690
RTL: _ZNK6AP_GPS12ground_speedEh @ 0xa2f700
RTL: _ZNK7AP_EnumI6GPSUseEcvKS0_Ev @ 0xa2f770
RTL: _ZNK6AP_GPS6statusEv @ 0xa2f7c0
RTL: _ZNK7Vector3IfE2xyEv @ 0xa2f820
RTL: _ZNK7Compass9get_countEv @ 0xa2f870
RTL: _ZNK7Compass9get_fieldEh @ 0xa2f8c0
RTL: _ZNK7Vector2IfE7is_zeroEv @ 0xa2f940
RTL: _ZNK7Vector3IfE5angleERKS0_ @ 0xa2f9d0
RTL: _ZL7radiansf.2166 @ 0x5e63a0
RTL: _ZNK7Vector2IfE5angleERKS0_ @ 0xa2fae0
RTL: _ZNK7Vector2IfE6lengthEv @ 0xa2fc00
RTL: _ZNK7Compass11get_offsetsEh @ 0xa2fc60
RTL: _ZNK9AP_ParamVI7Vector3IfEL11ap_var_type5EEcvRKS1_Ev @ 0xa2fce0
RTL: _ZNK14typesafe_indexIh12TAG_PriorityEltERKh @ 0xa2fd30
RTL: _ZNK14typesafe_indexIh12TAG_PriorityEcvhEv @ 0xa2fe20
RTL: _ZNK14typesafe_indexIh12TAG_PriorityEplERKh @ 0xa2fe70
RTL: _ZN14typesafe_indexIh12TAG_PriorityEppEi @ 0xa2ff70
RTL: _ZN19RestrictIDTypeArrayIN7Compass9mag_stateELj4E14typesafe_indexIh14TAG_StateIndexEEixERKS4_ @ 0xa2ffe0
RTL: _ZN8AP_Param7set_keyERNS_12Param_headerEt @ 0x5e6900
RTL: _ZN8AP_Param4scanEPKNS_12Param_headerEPt @ 0x5e6990
RTL: _ZN8AP_Param9type_sizeE11ap_var_type @ 0x5e6b20
RTL: _ZNK13StorageAccess4sizeEv @ 0xa300d0
RTL: _ZN8AP_Param7get_keyERKNS_12Param_headerE @ 0x5e6bc0
RTL: _ZN8AP_Param11is_sentinalERKNS_12Param_headerE @ 0x5e6c30
RTL: _ZNK19RestrictIDTypeArrayIP17CompassCalibratorLj3E14typesafe_indexIh12TAG_PriorityEEixERKS4_ @ 0xa30120
RTL: _ZNK12AP_MotorsUGV6activeEv @ 0x5e6d80
RTL: _ZN15AP_Arming_Rover17update_soft_armedEv @ 0x5e70a0
RTL: _ZNK9AP_Arming14option_enabledENS_6OptionE @ 0xa301a0
RTL: _ZN9AP_Logger17set_vehicle_armedEb @ 0x5e7220
RTL: _ZNK9AP_Arming22get_rudder_arming_typeEv @ 0xa30220
RTL: _ZN8AC_Fence12clear_breachEh @ 0x5e7ae0
RTL: _ZN9AP_Logger18WriteCriticalBlockEPKvt @ 0x5e7b50
RTL: _ZNK12AP_MotorsUGV12get_throttleEv @ 0xa30390
RTL: _ZNK12AP_MotorsUGV18have_skid_steeringEv @ 0x5e7c00
RTL: _ZNK12AP_MotorsUGV12get_steeringEv @ 0xa303e0
RTL: _ZNK7AP_AHRS11get_yaw_radEv @ 0xa30430
RTL: _ZNK7AP_AHRS38get_relative_position_NED_origin_floatER7Vector3IfE @ 0x5e80a0
RTL: _ZN11AP_SmartRTL9add_pointERK7Vector3IfE @ 0x5e8310
RTL: _ZN7HALSITL9Semaphore16take_nonblockingEv @ 0x5e84d0
RTL: _ZNK11AP_SmartRTL10log_actionENS_6ActionERK7Vector3IfE @ 0x5e8560
RTL: _ZNK7Vector3IfE16distance_squaredERKS0_ @ 0xa30480
RTL: _ZL2sqf.11254 @ 0x5e8620
RTL: _ZN7HALSITL9Semaphore4giveEv @ 0x5e8670
RTL: _ZN9AP_Logger10Write_SRTLEbtthRK7Vector3IfE @ 0x5e8720
RTL: _ZN9AP_Logger10WriteBlockEPKvt @ 0x5e8840
RTL: _ZN17AP_Logger_Backend10WriteBlockEPKvt @ 0xa30540
RTL: _ZN11AP_SmartRTL15restart_pruningEt @ 0x5e88f0
RTL: _ZN11AP_SmartRTL22restart_simplificationEt @ 0x5e89a0
RTL: _ZN7BitmaskILt500EE6setallEv @ 0xa305d0
RTL: _ZN7Vector3IdEC2Ev @ 0xa30680
RTL: _ZNK7AP_AHRS32get_relative_position_NED_originER7Vector3IdE @ 0x5e8a30
RTL: _ZNK7Vector3IdE7tofloatEv @ 0xa306e0
RTL: _ZN7Vector2IdEC2Ev @ 0xa30760
RTL: _ZNK7NavEKF38getPosNEER7Vector2IdE @ 0x5e8e50
RTL: _ZNK7NavEKF37getPosDERd @ 0x5e8ef0
RTL: _ZN7Vector3IdEC2Eddd @ 0xa307c0
RTL: _ZNK8Location11initialisedEv @ 0xa30850
RTL: _ZNK7Vector3IfE8todoubleEv @ 0xa308e0
RTL: _ZN7Vector3IdEmLEd @ 0xa30960
RTL: _ZN8Location13offset_latlngERiS0_dd @ 0x5e9560
RTL: _ZN8Location15limit_lattitudeEi @ 0x5e9660
RTL: _ZN8Location14wrap_longitudeEl @ 0x5e9700
RTL: _ZNK11AP_AHRS_SIM12get_locationER8Location @ 0x5e97a0
RTL: _ZNK8Location23get_distance_NE_postypeERKS_ @ 0x5e9890
RTL: _ZN7Vector2IdEC2Edd @ 0xa309f0
RTL: _ZNK12NavEKF3_core7getPosDERd @ 0x5e9980
RTL: _ZNK12NavEKF3_core13getPosD_localERd @ 0x5e9a50
RTL: _ZNK12NavEKF3_core12getOriginLLHER8Location @ 0x5e9ae0
RTL: _ZNK12NavEKF3_core8getPosNEER7Vector2IdE @ 0x5e9bd0
RTL: _ZNK7Vector3IdE2xyEv @ 0xa30a70
RTL: _ZNK7Vector2IdE8todoubleEv @ 0xa30ac0
RTL: _ZNK7Vector2IdEplERKS0_ @ 0xa30b20
RTL: _ZNK10AP_DAL_GPS6statusEh @ 0xa30bb0
RTL: _ZNK10AP_DAL_GPS8locationEh @ 0xa30c20
RTL: _ZN7Vector2IdE4zeroEv @ 0xa30c90
RTL: _ZNK10AP_DAL_GPS14primary_sensorEv @ 0xa30cf0
RTL: _ZNK11AP_AHRS_DCM12get_locationER8Location @ 0x5ea220
RTL: _ZNK7AP_Baro12get_altitudeEv @ 0xa30da0
RTL: _ZN8Location6offsetEdd @ 0x5ea550
RTL: _ZNK6AP_GPS7get_lagERf @ 0xa30e00
RTL: _ZNK6AP_GPS7get_lagEhRf @ 0x5ea5e0
RTL: _ZNK7AP_Baro12get_altitudeEh @ 0xa30e80
RTL: _ZNK7AP_AHRS16get_velocity_NEDER7Vector3IfE @ 0x5eabc0
RTL: _ZNK9AP_ParamTIfL11ap_var_type4EEngEv @ 0xa30f50
RTL: _ZNK8Location10get_alt_cmENS_8AltFrameERi @ 0x5eb2c0
RTL: _ZNK8Location13get_alt_frameEv @ 0x5eb600
RTL: _ZNK7AP_AHRS10get_originER8Location @ 0x5eb6e0
RTL: _ZNK9AP_Arming18get_enabled_checksEv @ 0x5ec150
RTL: _ZN7HALSITL9Semaphore4takeEj @ 0x5ec2b0
RTL: _ZN6AP_HAL9Semaphore13take_blockingEv @ 0xa31720
RTL: _ZN4SITL6AS56006updateERKNS_8AircraftE @ 0x5ed7d0
RTL: _ZNK4SITL8Aircraft12get_attitudeER11QuaternionTIfE @ 0xa325c0
RTL: _ZL7degreesf.19207 @ 0x5edba0
RTL: _ZN4SITL17I2CRegisters_8Bit12set_registerEhh @ 0x5edc00
RTL: _ZN4SITL9I2CDevice6updateERKNS_8AircraftE @ 0xa327b0
RTL: _ZN4SITL13TeraRangerI2C6updateERKNS_8AircraftE @ 0xa32950
RTL: _ZNK4SITL8Aircraft17rangefinder_rangeEv @ 0x5ee2c0
RTL: _ZL7radiansf.14466 @ 0x5ee7a0
RTL: _Z10rand_floatv @ 0x5ee800
RTL: _ZN4SITL7INA32216updateERKNS_8AircraftE @ 0x5eeae0
RTL: _ZL15convert_voltagef @ 0x5eef60
RTL: _ZL15convert_currentf @ 0x5ef030
RTL: _ZN4SITL8QMC5883L6updateERKNS_8AircraftE @ 0x5ef290
RTL: _ZN7Vector3IfE14rotate_inverseE8Rotation @ 0xa329c0
RTL: _ZL7htole16t.13591 @ 0x5ef6a0
RTL: _ZN7Vector3IsEC2Esss @ 0xa32b70
RTL: _ZN4SITL10IS31FL31956updateERKNS_8AircraftE @ 0x5ef910
RTL: _ZN4SITL17I2CRegisters_8Bit12get_registerEh @ 0xa32d10
RTL: _ZN10SIM_RGBLED11set_coloursEhhh @ 0xa32d70
RTL: _ZN4SITL6LM27556updateERKNS_8AircraftE @ 0x5f05f0
RTL: _ZNK4SITL6LM275510LEDChannel13current_valueEv @ 0xa32f80
RTL: _ZN4SITL6LP55626updateERKNS_8AircraftE @ 0x5f0ba0
RTL: _ZN4SITL6LP556210LEDChannel6updateEv @ 0x5f0eb0
RTL: _ZNK4SITL6LP556210LEDChannel13current_valueEv @ 0xa33200
RTL: _ZN4SITL6MS5XXX6updateERKNS_8AircraftE @ 0x5f0f90
RTL: _ZN7AP_Baro37get_pressure_temperature_for_alt_amslEfRfS0_ @ 0x5f1f40
RTL: _ZN7AP_Baro29geometric_alt_to_geopotentialEf @ 0x5f2120
RTL: _ZL33find_atmosphere_layer_by_altitudef @ 0x5f2180
RTL: _ZN7AP_Baro33get_temperature_by_altitude_layerEfa @ 0x5f2230
RTL: _ZN7AP_Baro29get_temperatureC_for_alt_amslEf @ 0x5f2db0
RTL: _ZN4SITL12InvensenseV36updateERKNS_8AircraftE @ 0x5f2e20
RTL: _ZNK4SITL8ICM4060911accel_scaleEv @ 0xa33750
RTL: _ZL7radiansd.13033 @ 0x5f38e0
RTL: _ZNK4SITL12InvensenseV310gyro_scaleEv @ 0xa337a0
RTL: _ZN4SITL12InvensenseV313write_to_fifoEhPhh @ 0x5f3930
RTL: _ZN4SITL7MCP96006updateERKNS_8AircraftE @ 0x5f3e90
RTL: _ZL7htobe16t.12937 @ 0x5f4460
RTL: _ZL10__bswap_16t.12939 @ 0x5f44b0
RTL: _ZNK4SITL31I2CRegisters_ConfigurableLength13get_reg_valueEhRh @ 0x5f4520
RTL: _ZN4SITL6TSYS036updateERKNS_8AircraftE @ 0x5f4970
RTL: _ZN4SITL6TSYS016updateERKNS_8AircraftE @ 0x5f53c0
RTL: _ZN4SITL5SHT3x6updateERKNS_8AircraftE @ 0x5f5ff0
RTL: _ZN4SITL13Airspeed_DLVR6updateERKNS_8AircraftE @ 0x5f6870
RTL: _ZN4SITL29SIM_BattMonitor_SMBus_Generic6updateERKNS_8AircraftE @ 0x5f7350
RTL: _ZNK4SITL29SIM_BattMonitor_SMBus_Generic15connected_cellsEv @ 0xa34090
RTL: _ZN4SITL21SIM_BattMonitor_SMBus6updateERKNS_8AircraftE @ 0x5f7bb0
RTL: _ZNK4SITL8Aircraft19get_battery_voltageEv @ 0xa340e0
RTL: _ZN4SITL11SMBusDevice12set_registerEht @ 0xa34130
RTL: _ZN4SITL18I2CRegisters_16Bit12set_registerEht @ 0x5f7cc0
RTL: _ZN4SITL11SMBusDevice12set_registerEhs @ 0xa341b0
RTL: _ZN4SITL18I2CRegisters_16Bit12set_registerEhs @ 0x5f7d70
RTL: _ZN4SITL6Rotoye6updateERKNS_8AircraftE @ 0x5f8010
RTL: _ZN4SITL11SMBusDevice13get_reg_valueEh @ 0xa34460
RTL: _ZN4SITL18I2CRegisters_16Bit13get_reg_valueEh @ 0xa344d0
RTL: _ZL7be16toht.19258 @ 0x5f80e0
RTL: _ZL10__bswap_16t.19259 @ 0x5f8130
RTL: _ZNK4SITL6Maxell15connected_cellsEv @ 0xa34590
RTL: _ZN4SITL13MaxSonarI2CXL6updateERKNS_8AircraftE @ 0xa346d0
RTL: _ZN4SITL10ToshibaLED6updateERKNS_8AircraftE @ 0x5f83f0
RTL: _ZNK6AP_HAL3HAL6serialEh @ 0xa35110
RTL: _ZL14fill_stack_nanv @ 0x5f8eb0
RTL: _ZN7HALSITL9Scheduler13_run_io_procsEv @ 0x5f9230
RTL: _ZNK7FunctorIvJEEcvbEv @ 0xa35220
RTL: _ZNK7FunctorIvJEEclEv @ 0xa35280
RTL: _ZN7HALSITL16I2CDeviceManager11_timer_tickEv @ 0x5f9440
RTL: _ZN2AP2RCEv @ 0x5f94e0
RTL: _ZN13AP_RCProtocol6updateEv @ 0x5f9590
RTL: _ZN13AP_RCProtocol16check_added_uartEv @ 0x5f95e0
RTL: _ZNK13AP_RCProtocol13should_searchEj @ 0x5f9850
RTL: _ZN21AP_RCProtocol_Backend9new_inputEv @ 0x5fa010
RTL: _ZNK17AP_RCProtocol_FDM6activeEv @ 0xa35520
RTL: _ZN6I2CBus11_timer_tickEv @ 0x5fa220
RTL: _ZN9AP_Logger6WriteVEPKcS1_S1_S1_S1_P13__va_list_tagbb @ 0x5fa350
RTL: _ZN9AP_Logger16msg_fmt_for_nameEPKcS1_S1_S1_S1_bb @ 0x5fa550
RTL: _ZN17AP_Logger_Backend5WriteEhP13__va_list_tagbb @ 0x5fae40
RTL: _ZNK9AP_Logger24assert_same_fmt_for_nameEPKNS_13log_write_fmtEPKcS4_S4_S4_S4_ @ 0x5fb9c0
RTL: _ZN3GCS14update_receiveEv @ 0x5fcd30
RTL: _ZN3GCS11update_sendEv @ 0x5fcde0
RTL: _ZN19MissionItemProtocol6updateEv @ 0x5fd120
RTL: _ZN11GCS_MAVLINK11update_sendEv @ 0x5fd2f0
RTL: _ZN3GCS18service_statustextEv @ 0x5fd6d0
RTL: _ZN3GCS15StatusTextQueue9semaphoreEv @ 0xa35780
RTL: _ZNK11ObjectArrayIN3GCS12statustext_tEE8is_emptyEv @ 0xa357d0
RTL: _ZN11GCS_MAVLINK18service_statustextEv @ 0x5fd840
RTL: _ZN3GCS15StatusTextQueue5pruneEv @ 0x5fda80
RTL: _ZNK11ObjectArrayIN3GCS12statustext_tEE9availableEv @ 0xa35830
RTL: _ZN11ObjectArrayIN3GCS12statustext_tEEixEt @ 0xa35880
RTL: _ZN11ObjectArrayIN3GCS12statustext_tEE6removeEt @ 0xa35920
RTL: _ZN3GCS16statustext_queueEv @ 0xa35b20
RTL: _Z14comm_chan_lock17mavlink_channel_t @ 0x5fdbb0
RTL: _ZL27mavlink_msg_statustext_send17mavlink_channel_thPKcth @ 0x5fdc10
RTL: _ZL16mav_array_memcpyPvPKvm.6113 @ 0x5fdcf0
RTL: _ZN9AP_Logger15handle_log_sendEv @ 0x5fdd90
RTL: _ZN22GCS_MAVLINK_InProgress11check_tasksEv @ 0x5fe460
RTL: _ZNK3GCS11out_of_timeEv @ 0x5fe650
RTL: _ZN11GCS_MAVLINK30deferred_message_to_send_indexEt @ 0x5fe730
RTL: _ZN11GCS_MAVLINK19do_try_send_messageE10ap_message @ 0x5fe910
RTL: _ZNK7BitmaskILt91EE9first_setEv @ 0xa35b70
RTL: _ZN7BitmaskILt91EE5clearEt @ 0xa35c40
RTL: _ZN11GCS_MAVLINK36next_deferred_bucket_message_to_sendEt @ 0x5fea40
RTL: _ZNK7BitmaskILt91EE5countEv @ 0xa35d00
RTL: _ZNK11GCS_MAVLINK26get_reschedule_interval_msERKNS_25deferred_message_bucket_tE @ 0x5feb70
RTL: _ZN11GCS_MAVLINK24find_next_bucket_to_sendEt @ 0x5fec70
RTL: _ZN7BitmaskILt91EEaSERKS0_ @ 0xa35dd0
RTL: _ZNK11GCS_MAVLINK24requesting_mission_itemsEv @ 0x5fee40
RTL: _ZN7GCS_FTP16get_last_send_msE17mavlink_channel_t @ 0x5fef30
RTL: _ZNK7BitmaskILt91EE8validateEt @ 0xa35f10
RTL: _ZNK11GCS_MAVLINK17telemetry_delayedEv @ 0x5ff0d0
RTL: _ZNK3GCS11telem_delayEv @ 0xa35fa0
RTL: _ZN14AP_BoardConfig15in_config_errorEv @ 0xa36000
RTL: _ZNK12AP_Scheduler19time_available_usecEv @ 0x5ff1a0
RTL: _ZN11AP_Airspeed13get_singletonEv @ 0xa36040
RTL: _ZN2AP2FSEv @ 0x5ff420
RTL: _ZN19AP_Filesystem_Posix5writeEiPKvj @ 0x5ff7c0
RTL: _ZN21AP_Filesystem_Backend17bytes_until_fsyncEi @ 0xa36080
RTL: _ZN19AP_Filesystem_Posix9disk_freeEPKc @ 0x5fffb0
RTL: _ZNK21AP_Filesystem_Backend15file_op_allowedEv @ 0x6006e0
RTL: _ZL12map_filenamePKc @ 0x600780
RTL: _ZL17map_filename_freePKc @ 0x600820
RTL: _Z16comm_get_txspace17mavlink_channel_t @ 0x600970
RTL: _ZL28mavlink_msg_command_ack_send17mavlink_channel_tthhihh @ 0x600a00
RTL: _ZNK11AP_Airspeed7enabledEh @ 0x600af0
RTL: _ZNK11AP_Airspeed11lib_enabledEv @ 0x600bb0
RTL: _ZN11GCS_MAVLINK23set_ap_message_intervalE10ap_messaget @ 0x600f90
RTL: _ZNK11GCS_MAVLINK20cap_message_intervalEt @ 0x6013b0
RTL: _ZNK11GCS_MAVLINK26get_deferred_message_indexE10ap_message @ 0x601480
RTL: _ZNK7BitmaskILt91EE3getEt @ 0xa362c0
RTL: _ZN7BitmaskILt91EE3setEt @ 0xa36390
RTL: _ZN12AP_Scheduler18get_loop_period_usEv @ 0xa36450
RTL: _ZNK13AP_Filesystem13backend_by_fdERi @ 0x601d00
RTL: _ZNK13AP_Filesystem15backend_by_pathERPKc @ 0x601dd0
RTL: _ZN11GCS_MAVLINK39initialise_message_intervals_for_streamENS_7streamsE @ 0x6020c0
RTL: _ZNK11GCS_MAVLINK23get_interval_for_streamENS_7streamsE @ 0x6022c0
RTL: _ZNK11GCS_MAVLINK8get_chanEv @ 0xa364f0
RTL: _ZN11GCS_MAVLINK12send_messageE10ap_message @ 0x602d70
RTL: _ZN11GCS_MAVLINK22save_signing_timestampEb @ 0x602e80
RTL: _ZNK11GCS_MAVLINK12is_streamingEv @ 0xa365e0
RTL: _ZNK13StorageAccess11write_blockEtPKvm @ 0x603110
RTL: _ZN19AC_PolyFence_loader13check_indexedEv @ 0x605c20
RTL: _Z11is_negativeIfEbT_ @ 0xa37340
RTL: _ZN11GCS_MAVLINK14update_receiveEj @ 0x60b7a0
RTL: _ZN3GCS15update_passthruEv @ 0x60bc70
RTL: _ZN16AP_SerialManager12get_passthruERPN6AP_HAL10UARTDriverES3_RhRjS5_ @ 0x60c1a0
RTL: _ZN6AP_HAL10UARTDriver11read_lockedEPhmj @ 0x60cc20
RTL: _ZNK11GCS_MAVLINK6lockedEv @ 0xa37680
RTL: _ZNK7FunctorIbJhPN6AP_HAL10UARTDriverEEEcvbEv @ 0xa376e0
RTL: _ZN11GCS_MAVLINK14channel_bufferEv @ 0xa377c0
RTL: mavlink_frame_char_buffer @ 0x60d300
RTL: _ZN12AP_Scripting14handle_messageERK17__mavlink_message17mavlink_channel_t @ 0x60dba0
RTL: _ZN11GCS_MAVLINK13send_timesyncEv @ 0x60dd90
RTL: _ZN11GCS_MAVLINK17log_mavlink_statsEv @ 0x60de00
RTL: _ZNK11GCS_MAVLINK15signing_enabledEv @ 0x60df80
RTL: _ZNK11GCS_MAVLINK21timesync_timestamp_nsEv @ 0x60e020
RTL: _ZL25mavlink_msg_timesync_send17mavlink_channel_tll @ 0x60e080
RTL: mavlink_start_checksum @ 0x60e120
RTL: mavlink_update_checksum @ 0x60e180
RTL: _Z9fill_nanfPft @ 0x60ebc0
RTL: _ZN10ByteBuffer7advanceEj @ 0x611c50
RTL: _ZN5Empty11OpticalFlow9push_gyroEfff @ 0xa38690
RTL: _ZN5Empty11OpticalFlow14push_gyro_biasEff @ 0xa38700
RTL: _ZN6AP_HAL4Util14set_soft_armedEb @ 0x612770
RTL: _ZNK7HALSITL4Util18was_watchdog_resetEv @ 0xa389d0
RTL: _ZN7HALSITL4Util19safety_switch_stateEv @ 0x612900
RTL: _ZN7HALSITL4Util16available_memoryEv @ 0xa38ec0
RTL: _ZN7HALSITL4Util8uart_logEv @ 0x612ee0
RTL: _ZN6AP_HAL4Util14log_stack_infoEv @ 0xa39260
RTL: _ZN6AP_HAL10UARTDriver9log_statsEhRNS0_12StatsTrackerEj @ 0x6130b0
RTL: _ZN6AP_HAL10UARTDriver12StatsTracker11ByteTracker6updateEj @ 0x613250
RTL: _ZN7HALSITL8RCOutput20_safety_switch_stateEv @ 0xa39300
RTL: _ZN6AP_HAL10UARTDriver5writeEPKhm @ 0x615780
RTL: _ZN6AP_HAL10UARTDriver9availableEv @ 0x6158c0
RTL: _ZN6AP_HAL10UARTDriver4readEv @ 0x615940
RTL: _ZN6AP_HAL10UARTDriver4readERh @ 0x6159c0
RTL: _ZN6AP_HAL10UARTDriver4readEPht @ 0x615ac0
RTL: _ZN7HALSITL10UARTDriver7txspaceEv @ 0x615b30
RTL: _ZN7HALSITL10UARTDriver11_timer_tickEv @ 0x615eb0
RTL: _ZN7HALSITL10UARTDriver26receive_time_constraint_usEt @ 0x615f10
RTL: _ZN7HALSITL10UARTDriver6_writeEPKhm @ 0x616b40
RTL: _ZN7HALSITL10UARTDriver5_readEPht @ 0x616d10
RTL: _ZN7HALSITL10UARTDriver10_availableEv @ 0x616f00
RTL: _ZNK7HALSITL10UARTDriver18get_total_tx_bytesEv @ 0xa3ba90
RTL: _ZNK7HALSITL10UARTDriver18get_total_rx_bytesEv @ 0xa3bae0
RTL: _ZNK6AP_HAL10UARTDriver26get_total_dropped_rx_bytesEv @ 0xa3bb30
RTL: _ZN7HALSITL10UARTDriver17_check_connectionEv @ 0x616ff0
RTL: _ZN7HALSITL10UARTDriver13_select_checkEi @ 0x617130
RTL: _ZN10ByteBuffer4readEPhj @ 0x617340
RTL: _ZN7HALSITL10UARTDriver41handle_writing_from_writebuffer_to_deviceEv @ 0x6173e0
RTL: _ZN7HALSITL10UARTDriver16_check_reconnectEv @ 0x617790
RTL: _ZL3MINIjjEDTqultfp_fp0_fp_fp0_ERKT_RKT0_.12221 @ 0x617b90
RTL: _ZNK4SITL12SerialDevice15write_to_deviceEPKcm @ 0x617c10
RTL: _ZNK4SITL12SerialDevice18write_to_autopilotEPKcm @ 0x61af70
RTL: _ZNK4SITL12SerialDevice13is_match_baudEv @ 0x61b030
RTL: _ZNK4SITL3GPS18write_to_autopilotEPKcm @ 0x61b160
RTL: _ZNK4SITL3GPS11device_baudEv @ 0x61b380
RTL: _ZNK8Location31get_vector_xy_from_origin_NE_cmI7Vector2IfEEEbRT_ @ 0xa3d010
RTL: _Z8wrap_180IdET_S0_ @ 0xa3d120
RTL: _ZNK7Vector2IfEplERKS0_ @ 0xa3d580
RTL: _Z8wrap_360d @ 0x61e210
RTL: _ZNK4SITL12SerialDevice19read_from_autopilotEPcm @ 0x61e2b0
RTL: _Z7is_zerod @ 0xa3f250
RTL: _ZN7HALSITL10UARTDriver40handle_reading_from_device_to_readbufferEv @ 0x623ba0
RTL: _ZNK4SITL12SerialDevice16read_from_deviceEPcm @ 0x624030
RTL: _ZN7HALSITL8AnalogIn13board_voltageEv @ 0xa40760
RTL: _ZN6AP_HAL8AnalogIn17servorail_voltageEv @ 0xa407b0
RTL: _ZN6AP_HAL8AnalogIn18power_status_flagsEv @ 0xa40800
RTL: _ZN7HALSITL9ADCSource7set_pinEh @ 0x624c70
RTL: _ZN7HALSITL9ADCSource15voltage_averageEv @ 0x624cf0
RTL: _ZN7HALSITL9ADCSource14voltage_latestEv @ 0x624d40
RTL: _ZN7HALSITL4GPIO13usb_connectedEv @ 0x6254a0
RTL: _ZN7HALSITL8RCOutput9enable_chEh @ 0x6258a0
RTL: _ZN7HALSITL8RCOutput10disable_chEh @ 0x625930
RTL: _ZN7HALSITL8RCOutput5writeEht @ 0x6259c0
RTL: _ZN6AP_HAL8RCOutput20update_channel_masksEv @ 0xa411e0
RTL: _ZN7HALSITL8RCOutput4corkEv @ 0x625af0
RTL: _ZN7HALSITL8RCOutput4pushEv @ 0x625b80
RTL: _ZN7HALSITL8RCOutput4readEh @ 0x625cb0
RTL: _ZN7HALSITL8RCOutput4readEPth @ 0x625d40
RTL: _ZN6AP_HAL8RCOutput16set_default_rateEt @ 0xa41a80
RTL: _ZN17AP_ESC_Telem_SITL6updateEv @ 0x626160
RTL: _ZN7HALSITL7RCInput9new_inputEv @ 0x626aa0
RTL: _ZN7HALSITL7RCInput12num_channelsEv @ 0x626b00
RTL: _ZN7HALSITL7RCInput4readEh @ 0x626b60
RTL: _ZN13AP_RCProtocol4readEh @ 0x626e10
RTL: _ZN21AP_RCProtocol_Backend4readEh @ 0x626ea0
RTL: _ZN13AP_RCProtocol12num_channelsEv @ 0x626f00
RTL: _ZNK21AP_RCProtocol_Backend12num_channelsEv @ 0x626f80
RTL: _ZN13AP_RCProtocol9new_inputEv @ 0x626fd0
RTL: _ZN13AP_RCProtocol21detect_async_protocolENS_12rcprotocol_tE @ 0x627190
RTL: _ZNK13AP_RCProtocol10using_uartEv @ 0xa425b0
RTL: _ZN17AP_RCProtocol_FDM6updateEv @ 0x627de0
RTL: _ZN21AP_RCProtocol_Backend9add_inputEhPtbss @ 0x627fc0
RTL: _ZL3MINIhiEDTqultfp_fp0_fp_fp0_ERKT_RKT0_.18381 @ 0x628120
RTL: _ZN13AP_RCProtocol19set_failsafe_activeEb @ 0xa42f80
RTL: _ZN21AP_RCProtocol_Backend6updateEv @ 0xa43090
RTL: _ZN17AP_RCProtocol_UDP6updateEv @ 0x6281a0
RTL: _ZN17AP_RCProtocol_UDP21read_all_socket_inputEv @ 0x628400
RTL: _ZN16SocketAPM_native4recvEPvmj @ 0x6286a0
RTL: _ZN16SocketAPM_native6pollinEj @ 0x6288d0
RTL: _ZNK16SocketAPM_native11get_read_fdEv @ 0xa431c0
RTL: _ZN18AP_RCProtocol_GHST6updateEv @ 0x629140
RTL: _ZNK7AP_AHRS13get_variancesERfS0_S0_R7Vector3IfES0_ @ 0x62ad90
RTL: _ZNK7NavEKF312getVariancesERfS0_S0_R7Vector3IfES0_R7Vector2IfE @ 0x62b070
RTL: _ZNK12NavEKF3_core12getVariancesERfS0_S0_R7Vector3IfES0_R7Vector2IfE @ 0x62b250
RTL: _ZL3MAXIddEDTqugtfp_fp0_fp_fp0_ERKT_RKT0_.4222 @ 0x62b450
RTL: _ZNK7Vector2IdE7tofloatEv @ 0xa438f0
RTL: _ZN3GCS23get_sensor_status_flagsERjS0_S0_ @ 0x62b7c0
RTL: _ZN3GCS26update_sensor_status_flagsEv @ 0x62b880
RTL: _ZNK7AP_AHRS11initialisedEv @ 0x62c040
RTL: _ZNK7AP_Baro13num_instancesEv @ 0xa43950
RTL: _ZNK6AP_GPS10is_healthyEv @ 0xa439a0
RTL: _ZNK14AP_BattMonitor13num_instancesEv @ 0xa43a00
RTL: _ZNK14AP_BattMonitor7healthyEv @ 0x62c170
RTL: _ZNK14AP_BattMonitor13has_failsafedEv @ 0xa43a50
RTL: _ZNK17AP_InertialSensor11calibratingEv @ 0x62c260
RTL: _ZNK9AP_Logger15logging_enabledEv @ 0x62c330
RTL: _ZNK6AP_GPS15logging_presentEv @ 0xa43ab0
RTL: _ZNK6AP_GPS15logging_enabledEv @ 0xa43b20
RTL: _ZNK6AP_GPS14logging_failedEv @ 0x62c400
RTL: _ZNK7AP_AHRS12get_ekf_typeEv @ 0xa43b90
RTL: _ZNK8AC_Fence18sys_status_enabledEv @ 0x62c4e0
RTL: _ZNK8AC_Fence18sys_status_presentEv @ 0x62c580
RTL: _ZNK8AC_Fence17sys_status_failedEv @ 0x62c5e0
RTL: _ZNK11AP_Airspeed7enabledEv @ 0xa43bf0
RTL: _ZN2AP11opticalflowEv @ 0x62c730
RTL: _ZNK14AP_OpticalFlow7enabledEv @ 0xa43d00
RTL: _ZNK14AP_OpticalFlow7healthyEv @ 0xa43d70
RTL: _ZN2AP6armingEv @ 0x62c770
RTL: _ZNK11RC_Channels22has_ever_seen_rc_inputEv @ 0xa43df0
RTL: _ZN9AP_Arming13get_singletonEv @ 0x62c7b0
RTL: _ZNK7AP_EnumIN14AP_OpticalFlow4TypeEEcvKS1_Ev @ 0xa43e50
RTL: _ZN14AP_OpticalFlow13get_singletonEv @ 0xa43ea0
RTL: _ZNK11AP_Airspeed7healthyEh @ 0x62c7f0
RTL: _ZN2AP8airspeedEv @ 0x62c970
RTL: _ZNK11AP_Airspeed7healthyEv @ 0xa43fc0
RTL: _ZNK11AP_Airspeed3useEh @ 0x62c9b0
RTL: _ZN12SRV_Channels17get_output_scaledEN11SRV_Channel8FunctionE @ 0x62cae0
RTL: _ZNK8AC_Fence12get_breachesEv @ 0xa44020
RTL: _ZNK7AP_EnumIN8AC_Fence6ActionEEcvKS1_Ev @ 0xa44070
RTL: _ZNK14AP_BattMonitor7healthyEh @ 0x62cbe0
RTL: _ZNK6AP_GPS8num_satsEv @ 0xa44280
RTL: _ZNK8Location14get_bearing_toERKS_ @ 0xa442e0
RTL: _ZNK8Location11get_bearingERKS_ @ 0x62d880
RTL: _ZL9rad_to_cdf.1252 @ 0x62d990
RTL: _ZNK6AP_GPS8num_satsEh @ 0xa44360
RTL: _ZNK14AP_BattMonitor12current_ampsERfh @ 0x62dad0
RTL: _ZNK14AP_BattMonitor12consumed_mahERfh @ 0x62dbc0
RTL: _ZN9AP_Logger14WriteStreamingEPKcS1_S1_z @ 0x62e8e0
RTL: _ZN22AP_RCProtocol_DroneCAN6updateEv @ 0x62eb40
RTL: _ZNK16AP_SerialManager11find_serialENS_14SerialProtocolEh @ 0x62ff30
RTL: _ZNK7AP_Baro12get_pressureEh @ 0xa45fb0
RTL: _ZNK7AP_Baro15get_temperatureEh @ 0xa46100
RTL: _ZNK7AP_Baro23get_altitude_differenceEff @ 0x633550
RTL: _ZNK7AP_Baro26get_altitude_from_pressureEf @ 0x6335f0
RTL: _ZL33find_atmosphere_layer_by_pressuref @ 0x633850
RTL: _ZNK7AP_Baro17get_altitude_AMSLEv @ 0xa46170
RTL: _ZN7AP_Baro29geopotential_alt_to_geometricEf @ 0x633900
RTL: _ZNK7AP_Baro17get_altitude_AMSLEh @ 0xa461d0
RTL: _ZN9AP_Notify6updateEv @ 0x633b40
RTL: _ZN2AP3srvEv @ 0x633ce0
RTL: _ZN12SRV_Channels4corkEv @ 0x633d20
RTL: _ZN12SRV_Channels4pushEv @ 0x633d80
RTL: _ZN16AP_Volz_Protocol6updateEv @ 0x633f30
RTL: _ZN10AP_SBusOut6updateEv @ 0x634200
RTL: _ZN15AP_RobotisServo6updateEv @ 0x634380
RTL: _ZN16AP_FETtecOneWire6updateEv @ 0x6345f0
RTL: _ZN2AP6kdecanEv @ 0x6348e0
RTL: _ZN9AP_KDECAN6updateEv @ 0x634920
RTL: _ZN12SRV_Channels12find_channelEN11SRV_Channel8FunctionERh @ 0x635300
RTL: _ZN11SRV_Channel8calc_pwmEf @ 0x6353d0
RTL: _ZNK11SRV_Channel21pwm_from_scaled_valueEf @ 0x6354c0
RTL: _ZNK11SRV_Channel14pwm_from_angleEf @ 0x635560
RTL: _ZN9AP_KDECAN13get_singletonEv @ 0xa46f50
RTL: _ZN16AP_FETtecOneWire4initEv @ 0x637090
RTL: _ZN16AP_FETtecOneWire9init_uartEv @ 0x638660
RTL: _ZN12SRV_Channels13get_singletonEv @ 0xa479b0
RTL: _ZNK10AP_Mission21get_current_nav_indexEv @ 0xa47d40
RTL: _ZNK6AP_GPS8get_hdopEh @ 0xa48010
RTL: _ZNK7AP_AHRS11groundspeedEv @ 0xa48110
RTL: _ZN7AP_Baro14get_climb_rateEv @ 0x63d900
RTL: _ZN16DerivativeFilterIfLh7EE5slopeEv @ 0xa481b0
RTL: _ZNK11RangeFinder11get_backendEh @ 0x63db50
RTL: _Z14float_to_int16f @ 0x63f5b0
RTL: _ZNK7AP_AHRS11get_yaw_degEv @ 0xa48d30
RTL: _ZNK7AP_AHRS28get_relative_position_D_homeERf @ 0x63f730
RTL: _ZNK8Location9get_alt_mENS_8AltFrameERf @ 0x63f8d0
RTL: _ZNK7AP_AHRS30get_relative_position_D_originERd @ 0x63f980
RTL: _ZNK7AP_AHRS11_get_originER8Location @ 0x63fac0
RTL: _ZNK7AP_AHRS11_get_originENS_7EKFTypeER8Location @ 0x63fba0
RTL: _ZNK7NavEKF312getOriginLLHER8Location @ 0x63fdb0
RTL: _ZN18AP_RCProtocol_CRSF6updateEv @ 0x6428e0
RTL: _ZN13AP_CRSF_Telem13get_singletonEv @ 0x642f10
RTL: _ZN13AP_CRSF_Telem13queue_messageE12MAV_SEVERITYPKc @ 0x643960
RTL: _ZN9AP_Notify13get_singletonEv @ 0xa499a0
RTL: _ZN2AP10crsf_telemEv @ 0x6466b0
RTL: _ZNK7AP_AHRS12get_roll_radEv @ 0xa4a190
RTL: _ZNK7AP_AHRS13get_pitch_radEv @ 0xa4a1e0
RTL: _ZN19AP_RCProtocol_SRXL26updateEv @ 0x64c4d0
RTL: _ZNK14AP_BattMonitor15get_temperatureERfh @ 0x64f5b0
RTL: _ZN2AP3rtcEv @ 0x64f680
RTL: _ZNK6AP_RTC12get_utc_usecERm @ 0x64f7a0
RTL: _ZN6AP_RTC13get_singletonEv @ 0xa4adf0
RTL: _ZN2AP9esc_telemEv @ 0x64fb00
RTL: _ZN12AP_ESC_Telem13get_singletonEv @ 0x64ffb0
RTL: _ZN17AP_RCProtocol_DSM6updateEv @ 0x6534c0
RTL: _ZN7HALSITL9Scheduler5delayEt @ 0x654db0
RTL: _ZN7HALSITL9Scheduler18delay_microsecondsEt @ 0x654ea0
RTL: _ZN6AP_HAL9Scheduler24delay_microseconds_boostEt @ 0xa4b5d0
RTL: _ZN6AP_HAL9Scheduler9boost_endEv @ 0xa4b6e0
RTL: _ZNK6AP_HAL9Scheduler17in_delay_callbackEv @ 0xa4b730
RTL: _ZN7HALSITL9Scheduler21is_system_initializedEv @ 0xa4b790
RTL: _ZN7HALSITL9Scheduler10stop_clockEm @ 0x655410
RTL: _ZNK7HALSITL9Scheduler14in_main_threadEv @ 0x6554b0
RTL: _ZN7HALSITL10SITL_State10wait_clockEm @ 0x655b70
RTL: _ZNK4SITL8Aircraft11get_speedupEv @ 0xa4b940
RTL: _ZNK7HALSITL9Scheduler28semaphore_wait_hack_requiredEv @ 0x655d20
RTL: _ZN7HALSITL10SITL_State15_fdm_input_stepEv @ 0x655da0
RTL: _ZN7HALSITL10SITL_State16_fdm_input_localEv @ 0x655ef0
RTL: _ZNK7HALSITL9Scheduler22interrupts_are_blockedEv @ 0xa4b990
RTL: _ZN7HALSITL9Scheduler17sitl_begin_atomicEv @ 0xa4b9f0
RTL: _ZN7HALSITL9Scheduler11timer_eventEv @ 0xa4ba50
RTL: _ZN7HALSITL9Scheduler15sitl_end_atomicEv @ 0x656090
RTL: _ZN7HALSITL10SITL_State16_update_airspeedEf @ 0x656130
RTL: _ZN7HALSITL10SITL_State19_update_rangefinderEv @ 0x6564a0
RTL: _ZNK7HALSITL10SITL_State18_sonar_pin_voltageEv @ 0x656500
RTL: _ZN7AP_Baro24get_EAS2TAS_for_alt_amslEf @ 0x656670
RTL: _ZL2sqf.11982 @ 0x6566f0
RTL: _ZN7AP_Baro28get_air_density_for_alt_amslEf @ 0x656740
RTL: _ZL3MAXIffEDTqugtfp_fp0_fp_fp0_ERKT_RKT0_.1713 @ 0x656910
RTL: _ZN7HALSITL9Scheduler16_run_timer_procsEv @ 0x656990
RTL: _ZN7HALSITL10SITL_State17_simulator_servosER10sitl_input @ 0x656a90
RTL: _ZN4SITL11JSON_Master7receiveER10sitl_input @ 0x657720
RTL: _ZN7HALSITL10SITL_State22multicast_servo_updateER10sitl_input @ 0x657bc0
RTL: _ZN4SITL8Aircraft11update_homeEv @ 0x657ca0
RTL: _ZN4SITL8Aircraft12update_modelERK10sitl_input @ 0x657e00
RTL: _ZN4SITL8Aircraft8fill_fdmERNS_8sitl_fdmE @ 0x657ea0
RTL: _ZN7HALSITL8CANIface14num_interfacesEv @ 0xa4baf0
RTL: _ZNK4SITL8Aircraft20get_position_relhomeEv @ 0x658a70
RTL: _ZN4SITL11JSON_Master4sendERKNS_8sitl_fdmERK7Vector3IdE @ 0x658b30
RTL: _ZN7HALSITL17SITL_State_Common10sim_updateEv @ 0x658dd0
RTL: _ZN7HALSITL10SITL_State14set_height_aglEv @ 0x659620
RTL: _ZNK4SITL8Aircraft15get_velocity_efEv @ 0xa4bb80
RTL: _ZN4SITL3GPS6updateEv @ 0x65a9f0
RTL: _ZN4SITL12SerialDevice17init_sitl_pointerEv @ 0x65c140
RTL: _ZN4SITL3GPS24check_backend_allocationEv @ 0x65c1d0
RTL: _ZN4SITL3GPS16interpolate_dataERKNS_8GPS_DataEj @ 0x65c7e0
RTL: _ZL3MAXIifEDTqugtfp_fp0_fp_fp0_ERKT_RKT0_.12703 @ 0x65d170
RTL: _ZNK4SITL11GPS_Backend11device_baudEv @ 0xa4c1a0
RTL: _ZN4SITL11GPS_Backend11update_readEv @ 0x65d2f0
RTL: _ZNK4SITL11GPS_Backend18write_to_autopilotEPKcm @ 0x65d640
RTL: _ZNK4SITL11GPS_Backend19read_from_autopilotEPcm @ 0x65d6c0
RTL: _ZN4SITL11GPS_Backend8gps_timeEv @ 0x65e160
RTL: _ZNK7Vector2IdE6lengthEv @ 0xa4c3c0
RTL: _ZN4SITL11GPS_Backend18simulation_timevalEP7timeval @ 0x65ea90
RTL: _ZN4SITL9GPS_UBlox7publishEPKNS_8GPS_DataE @ 0x661960
RTL: _Z4normIddJdEEdT_T0_DpKT1_ @ 0xa4ca60
RTL: _ZL7degreesf.12791 @ 0x662430
RTL: _ZN4SITL9GPS_UBlox8send_ubxEhPht @ 0x662960
RTL: _ZL3MAXIiiEDTqugtfp_fp0_fp_fp0_ERKT_RKT0_.12792 @ 0x662b30
RTL: _ZNK7Vector3IfE6is_nanEv @ 0xa4cae0
RTL: _ZN7Matrix3IfE6rotateERK7Vector3IfE @ 0xa4cbb0
RTL: _ZN7Matrix3IfEpLERKS0_ @ 0xa4cdd0
RTL: _ZNK7Matrix3IfEplERKS0_ @ 0xa4ce60
RTL: _Z2sqIdJddEEdT_DpKT0_ @ 0xa4cf80
RTL: _ZNK11QuaternionTIfE8to_eulerERfS1_S1_ @ 0xa4d020
RTL: _ZNK11QuaternionTIfE13get_euler_yawEv @ 0xa4d130
RTL: _ZNK7Vector3IdEplERKS0_ @ 0xa4db30
RTL: _ZN7Vector3IdEpLERKS0_ @ 0xa4dbd0
RTL: _ZN7Matrix3IdEC2Ev @ 0xa4dc70
RTL: _ZN7Matrix3IdE10from_eulerEddd @ 0xa4dcf0
RTL: _ZNK7Matrix3IdEmlERK7Vector3IdE @ 0xa4deb0
RTL: _ZNK7Vector3IdEmiERKS0_ @ 0xa4e6a0
RTL: _Z11wrap_360_cdf @ 0x66c650
RTL: _ZNK7Vector3IdE6lengthEv @ 0xa4e800
RTL: _ZN7Vector3IdE4zeroEv @ 0xa4e860
RTL: _ZNK7Vector3IdEmlEd @ 0xa4e8c0
RTL: _ZNK7Matrix3IfE10transposedEv @ 0xa4ea90
RTL: _ZN7Matrix3IfE9normalizeEv @ 0xa4ec60
RTL: _ZNK8Location22get_distance_NE_doubleERKS_ @ 0x66fc00
RTL: _ZN7Vector3IdE2xyEv @ 0xa4ef30
RTL: _ZN7Vector2IdEpLERKS0_ @ 0xa4ef80
RTL: _ZL7degreesf.14500 @ 0x670b50
RTL: _ZNK7Matrix3IfE8to_eulerEPfS1_S1_ @ 0xa4f000
RTL: _ZNK7AP_EnumI8RotationEcvKS0_Ev @ 0xa4f120
RTL: _ZNK8HAL_SITL32get_uart_output_full_queue_countEv @ 0x670c20
RTL: _ZNK4SITL8Aircraft16get_wall_time_usEv @ 0x670d60
RTL: _ZNK7Vector3IdEdvEd @ 0xa4f300
RTL: _ZN4SITL8Aircraft12time_advanceEv @ 0x670de0
RTL: _ZN4SITL8Aircraft15sync_frame_timeEv @ 0x670e80
RTL: _ZN9AP_Logger14WriteStreamingEPKcS1_S1_S1_S1_z @ 0x671180
RTL: _ZL3MAXI9AP_ParamTIfL11ap_var_type4EEdEDTqugtfp_fp0_fp_fp0_ERKT_RKT0_.11827 @ 0x6714f0
RTL: _Z21calc_lowpass_alpha_dtff @ 0x671590
RTL: _ZL3MAXIfiEDTqugtfp_fp0_fp_fp0_ERKT_RKT0_.11828 @ 0x6716c0
RTL: _ZNK4SITL16FETtecOneWireESC7enabledEv @ 0xa4f6c0
RTL: _ZNK4SITL4Volz7enabledEv @ 0xa4f730
RTL: _ZN7HALSITL17SITL_State_Common22update_voltage_currentER10sitl_inputf @ 0x671990
RTL: _ZN8AP_Param18eeprom_write_checkEPKvth @ 0x6743c0
RTL: _ZNK4SITL8Aircraft22rangefinder_beam_widthEv @ 0xa51630
RTL: _ZNK4SITL8Aircraft45perpendicular_distance_to_rangefinder_surfaceEv @ 0x6750e0
RTL: _ZN4SITL8Aircraft23update_external_payloadERK10sitl_input @ 0x676c00
RTL: _ZN4SITL8Aircraft15update_positionEv @ 0x677090
RTL: _ZN4SITL8Aircraft19update_mag_field_bfEv @ 0x6776b0
RTL: _ZN7Vector2IdEmIERKS0_ @ 0xa51680
RTL: _ZNK4SITL7Sprayer10is_enabledEv @ 0xa51710
RTL: _ZN4SITL3I2C6updateERKNS_8AircraftE @ 0x678480
RTL: _ZNK4SITL6Buzzer10is_enabledEv @ 0xa517c0
RTL: _ZNK4SITL13Gripper_Servo10is_enabledEv @ 0xa51820
RTL: _ZNK4SITL11Gripper_EPM10is_enabledEv @ 0xa518e0
RTL: _ZNK4SITL9Parachute10is_enabledEv @ 0xa51990
RTL: _ZNK4SITL12SIM_Precland10is_enabledEv @ 0xa519f0
RTL: _ZN4SITL7ShipSim6updateEv @ 0x679450
RTL: _ZN7Vector2IfEpLERKS0_ @ 0xa51b30
RTL: _ZNK7Vector3IdE14length_squaredEv @ 0xa53aa0
RTL: _ZNK7Vector3IdEmlERKS0_ @ 0xa53c10
RTL: _ZNK7AP_AHRS11get_EAS2TASEv @ 0x67f4b0
RTL: _ZNK7Vector3IfE10normalizedEv @ 0xa53d30
RTL: _ZNK7Vector3IdE7is_zeroEv @ 0xa53dc0
RTL: _ZN7Vector3IfE2xyEv @ 0xa53e70
RTL: _ZN7Vector2IfE4zeroEv @ 0xa53ec0
RTL: _ZN7Vector3IfEmIERKS0_ @ 0xa53f20
RTL: _ZNK7Vector3IfE14length_squaredEv @ 0xa53fc0
RTL: _ZNK9AP_ParamTIfL11ap_var_type4EEplERKS1_ @ 0xa541d0
RTL: _ZN13LowPassFilterIfE5applyERKfS2_ @ 0xa54960
RTL: _Z11is_positived @ 0xa55070
RTL: _ZN7Vector3IfE9normalizeEv @ 0xa55850
RTL: _ZN7Vector3IdEmIERKS0_ @ 0xa5fad0
RTL: _ZL7radiansd.14806 @ 0x6a3b10
RTL: _ZN4SITL8SimRover6updateERK10sitl_input @ 0x6a7200
RTL: _ZN4SITL8SimRover24update_ackermann_or_skidERK10sitl_inputf @ 0x6a7920
RTL: _ZL7radiansf.13800 @ 0x6a7d60
RTL: _ZN4SITL8SimRover13calc_yaw_rateEff @ 0x6a7dc0
RTL: _ZNK4SITL8SimRover11turn_circleEf @ 0x6a7f80
RTL: _ZN7HALSITL7Storage10read_blockEPvtm @ 0x6b63f0
RTL: _ZN7HALSITL7Storage11write_blockEtPKvm @ 0x6b64c0
RTL: _ZN7HALSITL7Storage11_timer_tickEv @ 0x6b65e0
RTL: _ZNK7BitmaskILt2048EE5emptyEv @ 0xa61240
RTL: _ZNK7BitmaskILt2048EE3getEt @ 0xa612e0
RTL: _ZN10AP_RAMTRON5writeEjPKhj @ 0x6b6950
RTL: _ZN7BitmaskILt2048EE5clearEt @ 0xa613b0
RTL: _ZNK8HAL_SITL25get_storage_posix_enabledEv @ 0xa61470
RTL: _ZNK7BitmaskILt2048EE8validateEt @ 0xa61530
RTL: _ZNK10AP_RAMTRON8get_sizeEv @ 0xa615c0
RTL: _ZN7HALSITL7Storage13_storage_openEv @ 0x6b6fd0
RTL: _ZN7HALSITL7Storage11_mark_dirtyEtt @ 0x6b72e0
RTL: _ZN7BitmaskILt2048EE3setEt @ 0xa61660
RTL: _ZN8AP_Param9save_syncEbb @ 0x6bda50
RTL: _ZN6AP_DAL9end_frameEv @ 0x6c3710
RTL: _ZN6AP_DAL15WriteLogMessageE11LogMessagesPvPKvh @ 0x6c3790
RTL: _ZN9AP_Logger16WriteReplayBlockEhPKvt @ 0x6c38b0
RTL: _ZNK9AP_Logger10log_replayEv @ 0xa62dc0
RTL: _ZNK7NavEKF317option_is_enabledENS_6OptionE @ 0xa62e20
RTL: _ZNK6AP_DAL6millisEv @ 0xa62ea0
RTL: _ZNK12NavEKF3_core10errorScoreEv @ 0x6c3f10
RTL: _ZNK12NavEKF3_core16have_aligned_yawEv @ 0xa62ef0
RTL: _ZNK12NavEKF3_core17have_aligned_tiltEv @ 0xa62f50
RTL: _ZNK12NavEKF3_core24getLastPosNorthEastResetER7Vector2IfE @ 0x6c4760
RTL: _ZNK7Vector2IdEmiERKS0_ @ 0xa62fb0
RTL: _ZNK12NavEKF3_core14getEulerAnglesER7Vector3IfE @ 0x6c4860
RTL: _ZNK11QuaternionTIdE8to_eulerER7Vector3IfE @ 0xa63040
RTL: _ZNK6AP_DAL8get_trimEv @ 0xa630c0
RTL: _ZNK11QuaternionTIdE8to_eulerERfS1_S1_ @ 0xa63120
RTL: _ZNK11QuaternionTIdE14get_euler_rollEv @ 0xa631e0
RTL: _ZNK11QuaternionTIdE15get_euler_pitchEv @ 0xa63290
RTL: _ZNK11QuaternionTIdE13get_euler_yawEv @ 0xa63310
RTL: _Z9safe_asinIdEfT_ @ 0xa633c0
RTL: _ZL3MAXIfdEDTqugtfp_fp0_fp_fp0_ERKT_RKT0_.4176 @ 0x6c4920
RTL: _ZNK12NavEKF3_core20assume_zero_sideslipEv @ 0x6c49c0
RTL: _ZN6AP_DAL8airspeedEv @ 0xa634a0
RTL: _ZNK6AP_DAL15get_fly_forwardEv @ 0xa63540
RTL: _ZNK6AP_DAL17get_vehicle_classEv @ 0xa635b0
RTL: _ZN19RestrictIDTypeArrayIP17CompassCalibratorLj3E14typesafe_indexIh12TAG_PriorityEEixERKS4_ @ 0xa636c0
RTL: _ZNK9AP_Logger10should_logEj @ 0x6ce910
RTL: _ZNK6AP_GPS9time_weekEh @ 0xa64140
RTL: _ZNK6AP_GPS12time_week_msEh @ 0xa641b0
RTL: _ZN3GCS12send_messageE10ap_message @ 0x6cf1b0
RTL: _ZNK6AP_GPS15time_epoch_usecEh @ 0x6cf260
RTL: _ZNK14AP_GPS_Backend16get_last_itow_msEv @ 0x6cf3d0
RTL: _ZN6AP_GPS23istate_time_to_epoch_msEtj @ 0x6cf490
RTL: _ZN10AC_Sprayer3runEb @ 0x6cf9a0
RTL: _ZNK7Vector2IfE6is_nanEv @ 0xa650b0
RTL: _ZN2AP8ac_avoidEv @ 0x6dd810
RTL: _ZN8AC_Avoid13get_singletonEv @ 0xa65bb0
RTL: _ZNK10AP_Gripper7enabledEv @ 0xa65c60
RTL: _ZN10AP_Vehicle13update_armingEv @ 0x6dddb0
RTL: _ZN7FunctorIvJEE14method_wrapperI10AP_VehicleXadL_ZNS2_13update_armingEvEEEEvPv @ 0xa66ce0
RTL: _ZN9AP_Arming6updateEv @ 0x6dde00
RTL: _ZN8AP_Stats6updateEv @ 0x6ddef0
RTL: _ZN7FunctorIvJEE14method_wrapperI8AP_StatsXadL_ZNS2_6updateEvEEEEvPv @ 0xa66d90
RTL: _ZN8AP_Stats17update_flighttimeEv @ 0x6de0a0
RTL: _ZN8AP_Stats14update_runtimeEv @ 0x6de170
RTL: _ZN8AP_Stats5flushEv @ 0x6de210
RTL: _ZN13AP_ParamTBaseIiL11ap_var_type3EE22set_and_save_ifchangedERKi @ 0xa66e40
RTL: _ZN10AP_Filters6updateEv @ 0x6de390
RTL: _ZN7FunctorIvJEE14method_wrapperI10AP_FiltersXadL_ZNS2_6updateEvEEEEvPv @ 0xa66ed0
RTL: _ZN10AP_Vehicle17check_motor_noiseEv @ 0x6df4d0
RTL: _ZN7FunctorIvJEE14method_wrapperI10AP_VehicleXadL_ZNS2_17check_motor_noiseEvEEEEvPv @ 0xa67780
RTL: _ZNK10AP_GyroFFT15check_esc_noiseEv @ 0xa67830
RTL: _ZNK17NotchFilterParams7enabledEv @ 0xa67a60
RTL: _ZN10AP_Vehicle13one_Hz_updateEv @ 0x6dfbb0
RTL: _ZN7FunctorIvJEE14method_wrapperI10AP_VehicleXadL_ZNS2_13one_Hz_updateEvEEEEvPv @ 0xa67ab0
RTL: _ZN12AP_Scripting6updateEv @ 0x6dfc90
RTL: _ZN16AP_SerialManager20registered_ports_logEv @ 0x6dfce0
RTL: _ZN12AP_Scripting13save_checksumEv @ 0x6dfdc0
RTL: _ZN10AP_Gripper6updateEv @ 0x6dfec0
RTL: _ZN7FunctorIvJEE14method_wrapperI10AP_GripperXadL_ZNS2_6updateEvEEEEvPv @ 0xa67bf0
RTL: _ZN6AP_EFI6updateEv @ 0x6e0030
RTL: _ZN7FunctorIvJEE14method_wrapperI6AP_EFIXadL_ZNS2_6updateEvEEEEvPv @ 0xa67ca0
RTL: _ZN6AP_AIS6updateEv @ 0x6e04b0
RTL: _ZN7FunctorIvJEE14method_wrapperI6AP_AISXadL_ZNS2_6updateEvEEEEvPv @ 0xa67d50
RTL: _ZNK6AP_AIS7enabledEv @ 0x6e0d10
RTL: _ZN2AP10oadatabaseEv @ 0x6e35d0
RTL: _ZNK13AP_OADatabase7healthyEv @ 0xa67f10
RTL: _ZNK7AP_AHRS37get_relative_position_NE_origin_floatER7Vector2IfE @ 0x6e3610
RTL: _ZNK7AP_AHRS31get_relative_position_NE_originER7Vector2IdE @ 0x6e3bc0
RTL: _ZN13AP_OADatabase13get_singletonEv @ 0xa681a0
RTL: _ZN8AC_Fence6updateEv @ 0x6e4310
RTL: _ZN7FunctorIvJEE14method_wrapperI8AC_FenceXadL_ZNS2_6updateEvEEEEvPv @ 0xa681e0
RTL: _ZN19AC_PolyFence_loader6updateEv @ 0x6e4440
RTL: _ZN19AC_PolyFence_loader17load_from_storageEv @ 0x6e4530
RTL: _ZN10AP_Vehicle16accel_cal_updateEv @ 0x6e5990
RTL: _ZN7FunctorIvJEE14method_wrapperI10AP_VehicleXadL_ZNS2_16accel_cal_updateEvEEEEvPv @ 0xa683c0
RTL: _ZN20AP_TemperatureSensor6updateEv @ 0x6e7130
RTL: _ZN7FunctorIvJEE14method_wrapperI20AP_TemperatureSensorXadL_ZNS2_6updateEvEEEEvPv @ 0xa684c0
RTL: _ZN10AP_Vehicle16publish_osd_infoEv @ 0x6e73f0
RTL: _ZN7FunctorIvJEE14method_wrapperI10AP_VehicleXadL_ZNS2_16publish_osd_infoEvEEEEvPv @ 0xa68610
RTL: _ZN6AP_OSD12set_nav_infoERNS_7NavInfoE @ 0x6e7510
RTL: _ZN6AP_RPM6updateEv @ 0x6e7580
RTL: _ZN7FunctorIvJEE14method_wrapperI6AP_RPMXadL_ZNS2_6updateEvEEEEvPv @ 0xa686c0
RTL: _ZNK6AP_RPM7Log_RPMEv @ 0x6e7760
RTL: _ZNK6AP_RPM7enabledEh @ 0x6e7880
RTL: _ZN14AP_OpenDroneID6updateEv @ 0x6e7930
RTL: _ZN7FunctorIvJEE14method_wrapperI14AP_OpenDroneIDXadL_ZNS2_6updateEvEEEEvPv @ 0xa687e0
RTL: _ZNK6AP_GPS8velocityEv @ 0xa6a080
RTL: _ZNK7AP_AHRS18groundspeed_vectorEv @ 0xa6a160
RTL: _ZNK6AP_GPS14speed_accuracyEhRf @ 0x6ec620
RTL: _ZNK6AP_GPS17vertical_accuracyEhRf @ 0x6ec6f0
RTL: _ZNK6AP_GPS19horizontal_accuracyEhRf @ 0x6ec7c0
RTL: _ZNK6AP_GPS14get_undulationEhRf @ 0x6ec890
RTL: _ZNK6AP_GPS8velocityEh @ 0xa6a3c0
RTL: _ZN12AP_Generator6updateEv @ 0x6ec960
RTL: _ZN7FunctorIvJEE14method_wrapperI12AP_GeneratorXadL_ZNS2_6updateEvEEEEvPv @ 0xa6a490
RTL: _ZN14AP_Servo_Telem6updateEv @ 0x6ec9d0
RTL: _ZN7FunctorIvJEE14method_wrapperI14AP_Servo_TelemXadL_ZNS2_6updateEvEEEEvPv @ 0xa6a540
RTL: _ZN14AP_Servo_Telem9write_logEv @ 0x6eca20
RTL: _ZN12AP_ESC_Telem6updateEv @ 0x6eced0
RTL: _ZN7FunctorIvJEE14method_wrapperI12AP_ESC_TelemXadL_ZNS2_6updateEvEEEEvPv @ 0xa6a5f0
RTL: _ZN6AP_HAL15timeout_expiredIjjmEEbT_T0_T1_ @ 0xa6a6a0
RTL: _ZN10AP_Vehicle30send_watchdog_reset_statustextEv @ 0x6ed3e0
RTL: _ZN7FunctorIvJEE14method_wrapperI10AP_VehicleXadL_ZNS2_30send_watchdog_reset_statustextEvEEEEvPv @ 0xa6a720
RTL: _ZN8AP_Tramp6updateEv @ 0x6ed540
RTL: _ZN7FunctorIvJEE14method_wrapperI8AP_TrampXadL_ZNS2_6updateEvEEEEvPv @ 0xa6a7d0
RTL: _ZN10AP_VideoTX6updateEv @ 0x6ee520
RTL: _ZN7FunctorIvJEE14method_wrapperI10AP_VideoTXXadL_ZNS2_6updateEvEEEEvPv @ 0xa6aa00
RTL: _ZN10AP_Vehicle38update_dynamic_notch_at_specified_rateEv @ 0x6ee750
RTL: _ZN7FunctorIvJEE14method_wrapperI10AP_VehicleXadL_ZNS2_38update_dynamic_notch_at_specified_rateEvEEEEvPv @ 0xa6aab0
RTL: _ZNK25HarmonicNotchFilterParams9hasOptionENS_7OptionsE @ 0xa6ab60
RTL: _ZN10AP_Vehicle20update_dynamic_notchERN17AP_InertialSensor13HarmonicNotchE @ 0x6ee8a0
RTL: _ZN10AP_GyroFFT17update_parametersEv @ 0xa6af00
RTL: _ZN7FunctorIvJEE14method_wrapperI10AP_GyroFFTXadL_ZNS2_17update_parametersEvEEEEvPv @ 0xa6af50
RTL: _ZN10AP_GyroFFT17update_parametersEb @ 0x6ef810
RTL: _ZN10AP_GyroFFT6updateEv @ 0x6efbb0
RTL: _ZN7FunctorIvJEE14method_wrapperI10AP_GyroFFTXadL_ZNS2_6updateEvEEEEvPv @ 0xa6b000
RTL: _ZN14AP_NMEA_Output6updateEv @ 0x6efd40
RTL: _ZN7FunctorIvJEE14method_wrapperI14AP_NMEA_OutputXadL_ZNS2_6updateEvEEEEvPv @ 0xa6b0b0
RTL: _ZN7FunctorIvJEE14method_wrapperI9AP_NotifyXadL_ZNS2_6updateEvEEEEvPv @ 0xa6b160
RTL: _ZN7Compass10cal_updateEv @ 0x6f0db0
RTL: _ZN7FunctorIvJEE14method_wrapperI7CompassXadL_ZNS2_10cal_updateEvEEEEvPv @ 0xa6b210
RTL: _ZN11AP_Airspeed6updateEv @ 0x6f1900
RTL: _ZN7FunctorIvJEE14method_wrapperI11AP_AirspeedXadL_ZNS2_6updateEvEEEEvPv @ 0xa6b320
RTL: _ZNK11AP_Airspeed11get_primaryEv @ 0xa6b4b0
RTL: _ZN10AP_GyroFFT12sample_gyrosEv @ 0x6f3bb0
RTL: _ZN7FunctorIvJEE14method_wrapperI10AP_GyroFFTXadL_ZNS2_12sample_gyrosEvEEEEvPv @ 0xa6b500
RTL: _ZN10AP_Vehicle4loopEv @ 0x6f4430
RTL: _ZN12AP_Scheduler4loopEv @ 0x6f46d0
RTL: _ZN12AP_Scheduler17get_loop_period_sEv @ 0xa6e3e0
RTL: _ZN17AP_InertialSensor15wait_for_sampleEv @ 0x6f4c70
RTL: _ZN12AP_Scheduler4tickEv @ 0x6f51b0
RTL: _ZN12AP_Scheduler3runEj @ 0x6f5210
RTL: _ZN2AP8PerfInfo15check_loop_timeEj @ 0x6f57c0
RTL: _ZL15fill_nanf_stackv @ 0x6f5950
RTL: _ZN2AP8PerfInfo16update_task_infoEhtb @ 0x6f59a0
RTL: _ZNK7AP_AHRS24_get_primary_accel_indexEv @ 0x6fc370
RTL: _ZNK7AP_AHRS22_get_primary_IMU_indexEv @ 0x6fc3c0
RTL: _ZNK7NavEKF322getPrimaryCoreIMUIndexEv @ 0x6fc520
RTL: _ZNK17AP_InertialSensor21get_first_usable_gyroEv @ 0xa6e850
RTL: _ZNK12NavEKF3_core11getIMUIndexEv @ 0xa6e8a0
RTL: _ZNK14AP_BattMonitor17has_cell_voltagesEh @ 0x6fc650
RTL: _ZN2AP3EFIEv @ 0x6fcea0
RTL: _ZN6AP_EFI13get_singletonEv @ 0xa6f230
RTL: _ZN7FunctorIvJEE14method_wrapperI10AP_VehicleXadL_ZNS2_18fence_checks_asyncEvEEEEvPv @ 0xa6fbd0
RTL: _ZN13AP_Filesystem5writeEiPKvj @ 0x6fdb10
RTL: _ZL3MAXIjjEDTqugtfp_fp0_fp_fp0_ERKT_RKT0_.4125 @ 0x70c160
RTL: _ZN15ekf_ring_buffer4pushEPKv @ 0x70c1e0
RTL: _ZNK15ekf_ring_buffer10get_offsetEh @ 0x70c2e0
RTL: _ZL7radiansf.4130 @ 0x70d680
RTL: _ZN11QuaternionTIdEC2Edddd @ 0xa74a00
RTL: _ZN11QuaternionTIfEmLERKS0_ @ 0xa74ab0
RTL: _ZN2AP5statsEv @ 0x70fde0
RTL: _ZN8AP_Stats13get_singletonEv @ 0xa759a0
RTL: _ZNK7AP_AHRS8get_gyroEv @ 0xa78420
RTL: _ZNK7AP_AHRS17airspeed_estimateERf @ 0x73b660
RTL: _ZNK17AP_InertialSensor20get_vibration_levelsEv @ 0xa784e0
RTL: _ZNK17AP_InertialSensor20get_vibration_levelsEh @ 0x73b760
RTL: _ZNK10DigitalLPFI7Vector3IfEE3getEv @ 0xa78560
RTL: _ZNK11QuaternionTIdE7is_zeroEv @ 0xa78610
RTL: _ZN12NavEKF3_core18getEarthFieldTableERK8Location @ 0x73ce30
RTL: _ZN14AP_Declination15get_declinationEff @ 0x73cf30
RTL: _ZNK12NavEKF3_core14MagDeclinationEv @ 0x73cfc0
RTL: _ZN12NavEKF3_core8zeroRowsERA24_A24_dhh @ 0x73d0a0
RTL: _ZN12NavEKF3_core8zeroColsERA24_A24_dhh @ 0x73d160
RTL: _ZN18NavEKF_core_common10zero_rangeEPdhh @ 0xa787b0
RTL: _ZN12NavEKF3_core13ForceSymmetryEv @ 0x73e280
RTL: _ZN12NavEKF3_core18ConstrainVariancesEv @ 0x73e3d0
RTL: _ZN11QuaternionTIdE9normalizeEv @ 0xa78840
RTL: _ZNK11QuaternionTIdE6lengthEv @ 0xa78920
RTL: _Z20constrain_value_lineIdET_S0_S0_S0_j @ 0xa789e0
RTL: _Z2sqI9AP_ParamTIfL11ap_var_type4EEEdT_ @ 0xa78b00
RTL: _ZNK9AP_ParamTIfL11ap_var_type4EEcvdEv @ 0xa78b60
RTL: _ZL7radiansf.4333 @ 0x73ee40
RTL: _ZL2sqf.4255 @ 0x73f960
RTL: _ZNK8Location21get_distance_NE_ftypeERKS_ @ 0x73fab0
RTL: _ZN16EKF_IMU_buffer_tIN12NavEKF3_core15output_elementsEEixEj @ 0xa78c80
RTL: _ZNK14ekf_imu_buffer3getEh @ 0x73fd60
RTL: _ZNK14ekf_imu_buffer10get_offsetEh @ 0x73fdc0
RTL: _ZNK14AP_BattMonitor11consumed_whERfh @ 0x741960
RTL: _ZNK6AP_GPS8get_vdopEh @ 0xa78de0
RTL: _ZNK6AP_GPS16last_fix_time_msEh @ 0xa78e50
RTL: _ZNK6AP_GPS20last_message_time_msEh @ 0xa78ec0
RTL: _ZNK6AP_GPS22have_vertical_velocityEh @ 0xa78f30
RTL: _ZNK6AP_GPS18get_antenna_offsetEh @ 0x743ad0
RTL: _ZNK14AP_GPS_Blended18get_antenna_offsetEv @ 0xa78fb0
RTL: _ZNK6AP_GPS11gps_yaw_degEhRfS0_Rj @ 0x743ba0
RTL: _ZNK6AP_GPS11is_rtk_baseEh @ 0x743d90
RTL: _ZNK6AP_GPS12have_gps_yawEh @ 0xa79000
RTL: _ZNK12AP_Proximity10get_statusEv @ 0x744ad0
RTL: _ZNK12AP_Proximity11num_sensorsEv @ 0xa790a0
RTL: _ZNK11RangeFinder11num_sensorsEv @ 0xa790f0
RTL: _ZNK10AP_Vehicle18get_time_flying_msEv @ 0xa795b0
RTL: _ZN12SRV_Channels23get_output_channel_maskEN11SRV_Channel8FunctionE @ 0x74b8f0
RTL: _ZN11SRV_Channel9output_chEv @ 0x74c710
RTL: _ZN11SRV_Channel12set_overrideEb @ 0xa797b0
RTL: _ZN12SRV_Channels17set_output_scaledEN11SRV_Channel8FunctionEf @ 0x74d030
RTL: _ZNK10AP_Mission5stateEv @ 0xa79b70
RTL: _ZN19AP_ServoRelayEvents13update_eventsEv @ 0x756040
RTL: _ZNK9AP_Follow11have_targetEv @ 0x75a5e0
RTL: _ZN9AP_Follow13get_singletonEv @ 0xa7a950
RTL: _ZN18AR_AttitudeControl21get_steering_rate_pidEv @ 0xa7a9e0
RTL: _ZNK6AC_PID12get_pid_infoEv @ 0xa7aa30
RTL: _ZN12AP_Scripting19is_handling_commandEt @ 0x75ef60
RTL: _ZNK7Vector3IfE6is_infEv @ 0xa7b410
RTL: _ZN7Vector2IfE9normalizeEv @ 0xa7b740
RTL: _ZN7Vector2IfEdVEf @ 0xa7b7a0
RTL: _ZNK7Vector2IfE6is_infEv @ 0xa7b820
RTL: _ZL3MAXIjjEDTqugtfp_fp0_fp_fp0_ERKT_RKT0_.5595 @ 0x791640
RTL: _ZN9AP_Logger19file_content_updateEv @ 0x791840
RTL: _ZN9AP_Logger19file_content_updateERNS_11FileContentE @ 0x7919a0
RTL: _ZN9AP_Logger24WriteBlock_first_succeedEPKvt @ 0x791db0
RTL: _ZN17AP_Logger_Backend13Write_MessageEPKc @ 0x7921e0
RTL: _ZN17AP_Logger_Backend14periodic_tasksEv @ 0x794200
RTL: _ZNK17AP_Logger_Backend13StartNewLogOKEv @ 0x7945f0
RTL: _ZN17AP_Logger_Backend24WriteMoreStartupMessagesEv @ 0x7946d0
RTL: _ZNK17AP_Logger_Backend15logging_enabledEv @ 0x7966f0
RTL: _ZN17AP_Logger_Backend13periodic_10HzEj @ 0x796820
RTL: _ZN17AP_Logger_Backend12periodic_1HzEv @ 0x796870
RTL: _ZN17AP_Logger_Backend15push_log_blocksEv @ 0x796900
RTL: _ZN17AP_Logger_Backend12df_stats_logEv @ 0x796960
RTL: _ZN17AP_Logger_Backend26Write_AP_Logger_Stats_FileERKNS_8df_statsE @ 0x7969d0
RTL: _ZN17AP_Logger_Backend14df_stats_clearEv @ 0x796ae0
RTL: _ZNK17AP_Logger_Backend31critical_message_reserved_spaceEj @ 0xa7d8f0
RTL: _ZN17AP_Logger_Backend15df_stats_gatherEtj @ 0x798fb0
RTL: _ZNK14AP_Logger_File15logging_startedEv @ 0xa7dd80
RTL: _ZN14AP_Logger_File21bufferspace_availableEv @ 0x79bcb0
RTL: _ZNK14AP_Logger_File14logging_failedEv @ 0x79c2c0
RTL: _ZN14AP_Logger_File8io_timerEv @ 0x79c380
RTL: _ZN14AP_Logger_File12periodic_1HzEv @ 0x79c950
RTL: _ZN14AP_Logger_File17periodic_fullrateEv @ 0x79cc00
RTL: _ZNK14AP_Logger_File8WritesOKEv @ 0x79cc50
RTL: _ZNK14AP_Logger_File13StartNewLogOKEv @ 0x79cce0
RTL: _ZN14AP_Logger_File22_WritePrioritisedBlockEPKvtb @ 0x79ce90
RTL: _ZN7AP_AHRS6updateEb @ 0x79d100
RTL: _ZN7AP_AHRS18update_orientationEv @ 0x79d440
RTL: _ZN17AP_InertialSensor6updateEv @ 0x79d540
RTL: _ZN7AP_AHRS29update_trim_rotation_matricesEv @ 0x79dbb0
RTL: _ZN7AP_AHRS10update_DCMEv @ 0x79dcc0
RTL: _ZN7AP_AHRS12update_flagsEv @ 0x79dd60
RTL: _ZN7AP_AHRS11update_SITLEv @ 0x79de20
RTL: _ZN7AP_AHRS15update_externalEv @ 0x79ded0
RTL: _ZN7AP_AHRS11update_EKF2Ev @ 0x79dff0
RTL: _ZN7AP_AHRS11update_EKF3Ev @ 0x79e4e0
RTL: _ZNK7AP_AHRS14get_gyro_driftEv @ 0xa7dde0
RTL: _ZN7AP_AHRS14update_AOA_SSAEv @ 0x79ecd0
RTL: _ZNK7AP_AHRS16_active_EKF_typeEv @ 0x79ed20
RTL: _ZN7AP_AHRS12update_stateEv @ 0x79f250
RTL: _ZNK7AP_AHRS23_get_primary_gyro_indexEv @ 0x79f4f0
RTL: _ZNK7AP_AHRS23_get_primary_core_indexEv @ 0x79f5a0
RTL: _ZNK7AP_AHRS14_wind_estimateER7Vector3IfE @ 0x79f670
RTL: _ZN15AP_AHRS_Backend11get_EAS2TASEv @ 0x79f7a0
RTL: _ZNK7AP_AHRS13_airspeed_EASERfRNS_20AirspeedEstimateTypeE @ 0x79f7e0
RTL: _ZNK7AP_AHRS13_airspeed_TASERf @ 0x79fd60
RTL: _ZNK7AP_AHRS13_airspeed_TASER7Vector3IfE @ 0x79fe70
RTL: _ZNK7AP_AHRS15_get_quaternionER11QuaternionTIfE @ 0x79ff50
RTL: _ZNK7AP_AHRS23_get_secondary_attitudeER7Vector3IfE @ 0x7a0110
RTL: _ZNK7AP_AHRS25_get_secondary_quaternionER11QuaternionTIfE @ 0x7a0310
RTL: _ZNK7AP_AHRS13_get_locationER8Location @ 0x7a04c0
RTL: _ZNK7AP_AHRS23_get_secondary_positionER8Location @ 0x7a0640
RTL: _ZN7AP_AHRS19_groundspeed_vectorEv @ 0x7a0790
RTL: _ZN7AP_AHRS12_groundspeedEv @ 0x7a08c0
RTL: _ZNK7AP_AHRS29_getCorrectedDeltaVelocityNEDER7Vector3IfERf @ 0x7a0990
RTL: _ZNK7AP_AHRS17_get_velocity_NEDER7Vector3IfE @ 0x7a0c20
RTL: _ZNK7NavEKF39getVelNEDER7Vector3IfE @ 0x7a0de0
RTL: _ZNK12NavEKF3_core9getVelNEDER7Vector3IfE @ 0x7a1110
RTL: _ZNK7NavEKF312getAccelBiasEaR7Vector3IfE @ 0x7a1300
RTL: _ZNK17AP_InertialSensor18get_delta_velocityEhR7Vector3IfERf @ 0x7a13d0
RTL: _ZNK7AP_AHRS43get_rotation_autopilot_body_to_vehicle_bodyEv @ 0xa7ded0
RTL: _ZNK17AP_InertialSensor14get_delta_timeEv @ 0xa7df20
RTL: _ZL3MINIffEDTqultfp_fp0_fp_fp0_ERKT_RKT0_.3149 @ 0x7a1580
RTL: _ZL3MINIffEDTqultfp_fp0_fp_fp0_ERKT_RKT0_.1609 @ 0x7a1610
RTL: _ZNK12NavEKF3_core12getAccelBiasER7Vector3IfE @ 0x7a16a0
RTL: _ZL7radiansf.1596 @ 0x7a1d90
RTL: _ZN7Vector2IfEmLEf @ 0xa7e090
RTL: _ZNK7AP_AHRS23_get_secondary_EKF_typeERNS_7EKFTypeE @ 0x7a1de0
RTL: _ZNK7NavEKF36getLLHER8Location @ 0x7a1fd0
RTL: _ZNK12NavEKF3_core6getLLHER8Location @ 0x7a2070
RTL: _ZNK7AP_AHRS24fallback_active_EKF_typeEv @ 0x7a2640
RTL: _ZNK11AP_AHRS_DCM14get_quaternionER11QuaternionTIfE @ 0x7a2690
RTL: _ZNK7NavEKF313getQuaternionER11QuaternionTIfE @ 0x7a2790
RTL: _ZN11QuaternionTIfE6rotateERK7Vector3IfE @ 0xa7e200
RTL: _ZN11QuaternionTIfE15from_axis_angleE7Vector3IfE @ 0xa7e2b0
RTL: _ZN15AP_ExternalAHRS14get_quaternionER11QuaternionTIfE @ 0x7a2890
RTL: _ZNK12NavEKF3_core13getQuaternionER11QuaternionTIfE @ 0x7a2940
RTL: _ZNK11QuaternionTIdE7tofloatEv @ 0xa7e390
RTL: _ZNK7NavEKF314getEulerAnglesER7Vector3IfE @ 0x7a2af0
RTL: _ZNK7NavEKF312getAirSpdVecER7Vector3IfE @ 0x7a2cd0
RTL: _ZNK12NavEKF3_core12getAirSpdVecER7Vector3IfE @ 0x7a2d70
RTL: _ZNK11QuaternionTIdE7inverseEv @ 0xa7e410
RTL: _ZNK7AP_AHRS25get_active_airspeed_indexEv @ 0x7a3170
RTL: _ZNK7AP_AHRS27_should_use_airspeed_sensorEh @ 0x7a3270
RTL: _ZNK7AP_AHRS27get_wind_estimation_enabledEv @ 0xa7e4c0
RTL: _ZNK7NavEKF37getWindER7Vector3IfE @ 0x7a3580
RTL: _ZNK12NavEKF3_core7getWindER7Vector3IfE @ 0x7a36a0
RTL: _ZN15AP_AHRS_Backend23airspeed_sensor_enabledEh @ 0xa7e580
RTL: _ZNK7AP_AHRS23airspeed_sensor_enabledEh @ 0xa7e660
RTL: _ZNK7AP_AHRS10option_setENS_7OptionsE @ 0xa7e6c0
RTL: _ZNK7NavEKF317getActiveAirspeedEv @ 0x7a3870
RTL: _ZNK12NavEKF3_core17getActiveAirspeedEv @ 0x7a3900
RTL: _ZNK7AP_Baro12_get_EAS2TASEv @ 0x7a3950
RTL: _ZNK7AP_Baro20get_EAS2TAS_extendedEf @ 0x7a39c0
RTL: _ZNK7NavEKF319getPrimaryCoreIndexEv @ 0x7a3c90
RTL: _ZNK7NavEKF326configuredToUseGPSForPosXYEv @ 0x7a3eb0
RTL: _ZNK11AP_AHRS_DCM20yaw_source_availableEv @ 0x7a3f30
RTL: _ZNK16AP_NavEKF_Source14getPosXYSourceEh @ 0xa7e820
RTL: _ZNK7AP_AHRS9calc_trigERK7Matrix3IfERfS4_S4_S4_S4_S4_ @ 0x7a3fe0
RTL: _ZNK9AP_Logger15allow_start_ekfEv @ 0x7a43d0
RTL: _ZN7NavEKF312UpdateFilterEv @ 0x7a4aa0
RTL: _ZNK7NavEKF320getRotationBodyToNEDER7Matrix3IfE @ 0x7a5070
RTL: _ZN7AP_AHRS16update_cd_valuesEv @ 0x7a5100
RTL: _ZN7AP_AHRS11update_trigEv @ 0x7a5240
RTL: _ZNK17AP_InertialSensor22get_first_usable_accelEv @ 0xa7e8a0
RTL: _ZNK7NavEKF311getGyroBiasEaR7Vector3IfE @ 0x7a5320
RTL: _ZN7AP_AHRS32update_notify_from_filter_statusERK17nav_filter_status @ 0x7a53f0
RTL: _ZNK12NavEKF3_core11getGyroBiasER7Vector3IfE @ 0x7a54a0
RTL: _ZL7degreesf.1550 @ 0x7a5580
RTL: _ZN6AP_DAL11start_frameENS_9FrameTypeE @ 0x7a55d0
RTL: _ZNK6AP_DAL8micros64Ev @ 0xa7e8f0
RTL: _ZNK12NavEKF3_core21getFramesSincePredictEv @ 0x7a5ab0
RTL: _ZN6AP_DAL22ekf_low_time_remainingENS_7EKFTypeEh @ 0x7a5b10
RTL: _ZN12NavEKF3_core12UpdateFilterEb @ 0x7a5c50
RTL: _ZNK6AP_DAL9get_armedEv @ 0xa7e940
RTL: _ZN7NavEKF321updateCoreErrorScoresEv @ 0x7a5e80
RTL: _ZN7NavEKF324updateCoreRelativeErrorsEv @ 0x7a5f40
RTL: _ZNK7NavEKF315coreBetterScoreEhh @ 0x7a60e0
RTL: _ZN16AP_NavEKF_Source22align_inactive_sourcesEv @ 0x7a62e0
RTL: _ZNK16AP_NavEKF_Source13getPosZSourceEh @ 0x7a6590
RTL: _ZNK7AP_EnumIN16AP_NavEKF_Source7SourceZEEcvKS1_Ev @ 0xa7ea20
RTL: _ZL3MAXI9AP_ParamTIfL11ap_var_type4EEfEDTqugtfp_fp0_fp_fp0_ERKT_RKT0_.3912 @ 0x7a6770
RTL: _ZN18NavEKF_core_common22fill_scratch_variablesEv @ 0x7a6800
RTL: _ZN12NavEKF3_core23update_sensor_selectionEv @ 0x7a68a0
RTL: _ZN12NavEKF3_core18controlFilterModesEv @ 0x7a6910
RTL: _ZN12NavEKF3_core11readIMUDataEb @ 0x7a69e0
RTL: _ZN12NavEKF3_core27UpdateStrapdownEquationsNEDEv @ 0x7a72b0
RTL: _ZN12NavEKF3_core20CovariancePredictionEP7Vector3IdE @ 0x7a7790
RTL: _ZN12NavEKF3_core25runYawEstimatorPredictionEv @ 0x7b1f80
RTL: _ZN12NavEKF3_core15SelectMagFusionEv @ 0x7b20e0
RTL: _ZN12NavEKF3_core18SelectVelPosFusionEv @ 0x7b2e10
RTL: _ZN12NavEKF3_core25runYawEstimatorCorrectionEv @ 0x7b37d0
RTL: _ZN12NavEKF3_core18SelectRngBcnFusionEv @ 0x7b39c0
RTL: _ZN12NavEKF3_core16SelectFlowFusionEv @ 0x7b3af0
RTL: _ZN12NavEKF3_core20SelectBodyOdomFusionEv @ 0x7b3dd0
RTL: _ZN12NavEKF3_core15SelectTasFusionEv @ 0x7b4080
RTL: _ZN12NavEKF3_core20SelectBetaDragFusionEv @ 0x7b4180
RTL: _ZN12NavEKF3_core18updateFilterStatusEv @ 0x7b4440
RTL: _ZN12NavEKF3_core13moveEKFOriginEv @ 0x7b4d80
RTL: _ZN12NavEKF3_core21checkUpdateEarthFieldEv @ 0x7b4f30
RTL: _ZN12NavEKF3_core16calcOutputStatesEv @ 0x7b4ff0
RTL: _ZN12NavEKF3_core11readMagDataEv @ 0x7b6340
RTL: _ZN12NavEKF3_core11readGpsDataEv @ 0x7b6850
RTL: _ZN12NavEKF3_core14readGpsYawDataEv @ 0x7b71e0
RTL: _ZN12NavEKF3_core12readBaroDataEv @ 0x7b7310
RTL: _ZN6AP_DAL3insEv @ 0xa7ead0
RTL: _ZNK21AP_DAL_InertialSensor9get_accelEh @ 0xa7eb20
RTL: _ZL2sqf.4316 @ 0x7b9340
RTL: _ZNK16AP_NavEKF_Source13useVelZSourceENS_7SourceZEh @ 0x7b94b0
RTL: _ZNK12NavEKF3_core26CorrectGPSForAntennaOffsetERNS_12gps_elementsE @ 0x7b95e0
RTL: _ZNK10AP_DAL_GPS18get_antenna_offsetEh @ 0xa7edf0
RTL: _ZNK7Vector3IdErmERKS0_ @ 0xa7ee60
RTL: _ZNK7Matrix3IdE13mul_transposeERK7Vector3IdE @ 0xa7ef40
RTL: _ZN7Vector3IdEdVEd @ 0xa7f050
RTL: _ZNK21AP_DAL_InertialSensor16get_loop_delta_tEv @ 0xa7f0e0
RTL: _ZNK14AP_DAL_Compass16get_first_usableEv @ 0xa7f500
RTL: _ZNK11AP_DAL_Baro15get_last_updateEh @ 0xa7f770
RTL: _ZNK11AP_DAL_Baro12get_altitudeEh @ 0xa7f7e0
RTL: _ZN16EKF_obs_buffer_tIN12NavEKF3_core13baro_elementsEE4pushERKS1_ @ 0xa7f850
RTL: _ZNK10AP_DAL_GPS11gps_yaw_degEhRfS0_Rj @ 0xa7f8c0
RTL: _ZL3MAXIfdEDTqugtfp_fp0_fp_fp0_ERKT_RKT0_ @ 0x7b9fe0
RTL: _ZNK10AP_DAL_GPS20last_message_time_msEh @ 0xa7f9e0
RTL: _ZNK10AP_DAL_GPS7get_lagEhRf @ 0xa7fa50
RTL: _ZL3MINIjjEDTqultfp_fp0_fp_fp0_ERKT_RKT0_.4133 @ 0x7ba1e0
RTL: _ZNK10AP_DAL_GPS8velocityEh @ 0xa7fb00
RTL: _ZNK10AP_DAL_GPS22have_vertical_velocityEh @ 0xa7fb70
RTL: _ZNK10AP_DAL_GPS14speed_accuracyEhRf @ 0xa7fbf0
RTL: _ZL3MAXIdfEDTqugtfp_fp0_fp_fp0_ERKT_RKT0_.4129 @ 0x7ba260
RTL: _ZL3MINIdfEDTqultfp_fp0_fp_fp0_ERKT_RKT0_ @ 0x7ba300
RTL: _ZL3MAXId9AP_ParamTIfL11ap_var_type4EEEDTqugtfp_fp0_fp_fp0_ERKT_RKT0_ @ 0x7ba3a0
RTL: _ZNK10AP_DAL_GPS19horizontal_accuracyEhRf @ 0xa7fca0
RTL: _ZNK10AP_DAL_GPS17vertical_accuracyEhRf @ 0xa7fd50
RTL: _ZNK10AP_DAL_GPS8num_satsEh @ 0xa7fe00
RTL: _ZN12NavEKF3_core18calcGpsGoodToAlignEv @ 0x7ba450
RTL: _ZN12NavEKF3_core20calcGpsGoodForFlightEv @ 0x7bb3b0
RTL: _ZN16EKF_obs_buffer_tIN12NavEKF3_core12gps_elementsEE4pushERKS1_ @ 0xa7fe70
RTL: _ZL3MAXIddEDTqugtfp_fp0_fp_fp0_ERKT_RKT0_.4294 @ 0x7bb870
RTL: _ZL3MINIdfEDTqultfp_fp0_fp_fp0_ERKT_RKT0_.4281 @ 0x7bb8f0
RTL: _ZNK10AP_DAL_GPS8get_hdopEh @ 0xa7fee0
RTL: _ZNK14AP_DAL_Compass9availableEv @ 0xa7ff50
RTL: _ZNK14AP_DAL_Compass9get_countEv @ 0xa7ffb0
RTL: _ZNK14AP_DAL_Compass21learn_offsets_enabledEv @ 0xa80000
RTL: _ZNK14AP_DAL_Compass7healthyEh @ 0xa80060
RTL: _ZNK14AP_DAL_Compass16last_update_usecEh @ 0xa800d0
RTL: _ZNK14AP_DAL_Compass11get_offsetsEh @ 0xa80140
RTL: _ZNK7Vector3IdEneERKS0_ @ 0xa801b0
RTL: _ZN12NavEKF3_core12mag_elementsC2Ev @ 0xa80280
RTL: _ZNK14AP_DAL_Compass9get_fieldEh @ 0xa802e0
RTL: _ZNK14AP_DAL_Compass10consistentEv @ 0xa80350
RTL: _ZN16EKF_obs_buffer_tIN12NavEKF3_core12mag_elementsEE4pushERKS1_ @ 0xa803b0
RTL: _Z8is_equalIddENSt3__19enable_ifIXsr3std17is_floating_pointINS0_11common_typeIJT_T0_EE4typeEEE5valueEbE4typeES3_S4_ @ 0xa80420
RTL: _ZN12NavEKF3_core17correctDeltaAngleER7Vector3IdEdh @ 0x7bbbd0
RTL: _ZN12NavEKF3_core20correctDeltaVelocityER7Vector3IdEdh @ 0x7bbc90
RTL: _ZN11QuaternionTIdEC2Ev @ 0xa804a0
RTL: _ZN11QuaternionTIdE15from_axis_angleE7Vector3IdE @ 0xa80510
RTL: _ZN11QuaternionTIdEmLERKS0_ @ 0xa805d0
RTL: _ZNK11QuaternionTIdE15rotation_matrixER7Matrix3IdE @ 0xa80770
RTL: _ZNK21AP_DAL_InertialSensor8get_gyroEh @ 0xa80960
RTL: _ZNK6AP_DAL20get_takeoff_expectedEv @ 0xa80a70
RTL: _ZN16EKF_IMU_buffer_tIN12NavEKF3_core12imu_elementsEE18get_youngest_indexEv @ 0xa80ae0
RTL: _ZN16EKF_IMU_buffer_tIN12NavEKF3_core12imu_elementsEE16get_oldest_indexEv @ 0xa80b40
RTL: _ZNK11QuaternionTIdEdvERKS0_ @ 0xa80ba0
RTL: _ZN11QuaternionTIdEixEh @ 0xa80dc0
RTL: _ZL3MAXIddEDTqugtfp_fp0_fp_fp0_ERKT_RKT0_.4344 @ 0x7bbdb0
RTL: _ZN12NavEKF3_core15output_elementsC2Ev @ 0xa80e30
RTL: _ZNK14ekf_imu_buffer16get_oldest_indexEv @ 0xa80eb0
RTL: _ZNK14ekf_imu_buffer18get_youngest_indexEv @ 0xa80f00
RTL: _ZN11QuaternionTIdE15from_axis_angleERK7Vector3IdEd @ 0xa80f50
RTL: _ZNK6AP_DAL22get_touchdown_expectedEv @ 0xa81070
RTL: _ZNK6AP_DAL11get_EAS2TASEv @ 0xa81150
RTL: _ZN7Vector3IdEixEh @ 0xa81210
RTL: _ZNK7Vector3IdEixEh @ 0xa81280
RTL: _ZN7Vector2IdEixEh @ 0xa812f0
RTL: _ZN15ekf_ring_buffer6recallEPvj @ 0x7c2910
RTL: _ZNK15ekf_ring_buffer7time_msEh @ 0x7c2a70
RTL: _ZN12NavEKF3_core14readAirSpdDataEv @ 0x7c2ae0
RTL: _ZNK12NavEKF3_core11useAirspeedEv @ 0x7c47b0
RTL: _ZNK6AP_DAL23airspeed_sensor_enabledEv @ 0xa81610
RTL: _ZN16EKF_obs_buffer_tIN12NavEKF3_core16vel_odm_elementsEE6recallERS1_j @ 0xa81680
RTL: _ZN16EKF_obs_buffer_tIN12NavEKF3_core18wheel_odm_elementsEE6recallERS1_j @ 0xa81700
RTL: _ZN12NavEKF3_core11of_elementsC2Ev @ 0xa81780
RTL: _ZN16EKF_obs_buffer_tIN12NavEKF3_core11of_elementsEE6recallERS1_j @ 0xa81810
RTL: _ZNK7Vector2IdEixEh @ 0xa81890
RTL: _ZN12NavEKF3_core14readRngBcnDataEv @ 0x7d1700
RTL: _ZN10EKFGSF_yaw11fuseVelDataERK7Vector2IdEd @ 0x7d53b0
RTL: _ZNK12NavEKF3_core13EKFGSF_getYawERdS0_ @ 0x7d57b0
RTL: _ZNK11QuaternionTIdE8to_eulerERdS1_S1_ @ 0xa81d60
RTL: _ZNK11QuaternionTIdE12to_vector312Ev @ 0xa81e10
RTL: _ZN7Matrix3IdE13from_euler312Eddd @ 0xa82150
RTL: _ZNK7Matrix3IdE11to_euler312Ev @ 0xa827f0
RTL: _ZN7Matrix3IdEixEh @ 0xa828e0
RTL: _ZNK10EKFGSF_yaw10getYawDataERdS0_Ph @ 0x7d6120
RTL: _ZL7radiansf.4097 @ 0x7d6200
RTL: _ZL2sqf.4095 @ 0x7d6250
RTL: _ZNK10EKFGSF_yaw17getVelInnovLengthERd @ 0x7d62a0
RTL: _ZN10EKFGSF_yaw7correctEhRK7Vector2IdEd @ 0x7d67c0
RTL: _ZNK10EKFGSF_yaw15gaussianDensityEh @ 0x7d7b80
RTL: _ZL3MAXIdfEDTqugtfp_fp0_fp_fp0_ERKT_RKT0_.3598 @ 0x7d7f00
RTL: _ZN10EKFGSF_yaw13forceSymmetryEh @ 0x7d7fa0
RTL: _ZN16EKF_obs_buffer_tIN12NavEKF3_core16ext_nav_elementsEE6recallERS1_j @ 0xa82a50
RTL: _ZN16EKF_obs_buffer_tIN12NavEKF3_core20ext_nav_vel_elementsEE6recallERS1_j @ 0xa82ad0
RTL: _ZNK12NavEKF3_core35CalculateVelInnovationsAndVariancesERK7Vector3IdEddRS1_S4_ @ 0x7d84d0
RTL: _ZN16EKF_obs_buffer_tIN12NavEKF3_core12gps_elementsEE6recallERS1_j @ 0xa82b50
RTL: _ZN12NavEKF3_core21selectHeightForFusionEv @ 0x7d8b10
RTL: _ZN12NavEKF3_core13FuseVelPosNEDEv @ 0x7da010
RTL: _ZL3MAXIdfEDTqugtfp_fp0_fp_fp0_ERKT_RKT0_.4269 @ 0x7dc360
RTL: _ZL3MAXI9AP_ParamTIfL11ap_var_type4EEfEDTqugtfp_fp0_fp_fp0_ERKT_RKT0_.4270 @ 0x7dc400
RTL: _ZN12NavEKF3_core15readRangeFinderEv @ 0x7dc490
RTL: _ZN16EKF_obs_buffer_tIN12NavEKF3_core14range_elementsEE6recallERS1_j @ 0xa82bd0
RTL: _ZN16EKF_obs_buffer_tIN12NavEKF3_core13baro_elementsEE6recallERS1_j @ 0xa82ca0
RTL: _ZL3MAXIddEDTqugtfp_fp0_fp_fp0_ERKT_RKT0_.4118 @ 0x7dd060
RTL: _ZL3MAXI9AP_ParamTIfL11ap_var_type4EEfEDTqugtfp_fp0_fp_fp0_ERKT_RKT0_.4107 @ 0x7dd230
RTL: _ZN12NavEKF3_core12fuseEulerYawENS_15yawFusionMethodE @ 0x7dd2c0
RTL: _ZN16EKF_obs_buffer_tIN12NavEKF3_core12yaw_elementsEE6recallERS1_j @ 0xa82f30
RTL: _ZN16EKF_obs_buffer_tIN12NavEKF3_core12mag_elementsEE6recallERS1_j @ 0xa82fb0
RTL: _ZN12NavEKF3_core18controlMagYawResetEv @ 0x7df260
RTL: _ZNK7Matrix3IdEixEh @ 0xa83180
RTL: _ZL3MAXIdfEDTqugtfp_fp0_fp_fp0_ERKT_RKT0_.4105 @ 0x7e60b0
RTL: _ZN12NavEKF3_core17MagTableConstrainEv @ 0x7e6150
RTL: _ZNK11QuaternionTIdE13to_axis_angleER7Vector3IdE @ 0xa831f0
RTL: _ZN10EKFGSF_yaw6updateERK7Vector3IdES3_ddbd @ 0x7e68d0
RTL: _ZN10EKFGSF_yaw7predictEh @ 0x7e7360
RTL: _ZN10EKFGSF_yaw11predictAHRSEh @ 0x7e7eb0
RTL: _ZL7radiansf.3596 @ 0x7e8430
RTL: _ZL2sqf.3597 @ 0x7e8480
RTL: _ZNK10EKFGSF_yaw12updateRotMatERK7Matrix3IdERK7Vector3IdE @ 0x7e84d0
RTL: _ZN12NavEKF3_core21calcTiltErrorVarianceEv @ 0x7e8db0
RTL: _ZN12NavEKF3_core23verifyTiltErrorVarianceEv @ 0x7e9490
RTL: _ZL3MINIffEDTqultfp_fp0_fp_fp0_ERKT_RKT0_.4336 @ 0x7e9890
RTL: _ZN11QuaternionTIdE6rotateERK7Vector3IdE @ 0xa837b0
RTL: _ZN12NavEKF3_core15ConstrainStatesEv @ 0x7e9920
RTL: _ZNK21AP_DAL_InertialSensor9use_accelEh @ 0xa83870
RTL: _ZNK21AP_DAL_InertialSensor8use_gyroEh @ 0xa83940
RTL: _ZN12NavEKF3_core19learnInactiveBiasesEv @ 0x7e9d60
RTL: _ZN12NavEKF3_core19updateMovementCheckEv @ 0x7ea2d0
RTL: _ZN12NavEKF3_core17readDeltaVelocityEhR7Vector3IdERd @ 0x7eab70
RTL: _ZNK21AP_DAL_InertialSensor18get_imu_pos_offsetEh @ 0xa83a10
RTL: _ZN12NavEKF3_core14readDeltaAngleEhR7Vector3IdERd @ 0x7eacc0
RTL: _ZN16EKF_IMU_buffer_tIN12NavEKF3_core12imu_elementsEE21push_youngest_elementES1_ @ 0xa83a80
RTL: _ZN12NavEKF3_core14SampleDragDataERKNS_12imu_elementsE @ 0x7eade0
RTL: _ZN16EKF_IMU_buffer_tIN12NavEKF3_core12imu_elementsEE18get_oldest_elementEv @ 0xa83ae0
RTL: _ZN12NavEKF3_core22updateTimingStatisticsEv @ 0x7eb090
RTL: _ZL3MINIfdEDTqultfp_fp0_fp_fp0_ERKT_RKT0_ @ 0x7eb340
RTL: _ZN12NavEKF3_core12imu_elementsC2Ev @ 0xa83b60
RTL: _ZN14ekf_imu_buffer18get_oldest_elementEPv @ 0x7eb3e0
RTL: _ZN14ekf_imu_buffer21push_youngest_elementEPKv @ 0x7eb4a0
RTL: _ZNK21AP_DAL_InertialSensor14get_gyro_countEv @ 0xa83c40
RTL: _ZNK21AP_DAL_InertialSensor15get_delta_angleEhR7Vector3IfERf @ 0xa83c90
RTL: _ZNK21AP_DAL_InertialSensor15get_accel_countEv @ 0xa83d90
RTL: _ZNK21AP_DAL_InertialSensor18get_delta_velocityEhR7Vector3IfERf @ 0xa83de0
RTL: _ZL7radiansi.4131 @ 0x7eb590
RTL: _ZN12NavEKF3_core12detectFlightEv @ 0x7eb5f0
RTL: _ZN12NavEKF3_core27setWindMagStateLearningModeEv @ 0x7ebab0
RTL: _ZN12NavEKF3_core28checkAttitudeAlignmentStatusEv @ 0x7ec350
RTL: _ZN12NavEKF3_core13setAidingModeEv @ 0x7ec460
RTL: _ZN12NavEKF3_core12setYawSourceEv @ 0x7ed3d0
RTL: _ZN12NavEKF3_core18checkGyroCalStatusEv @ 0x7ed4a0
RTL: _ZL3MINIttEDTqultfp_fp0_fp_fp0_ERKT_RKT0_ @ 0x7edb80
RTL: _ZL7radiansd.4050 @ 0x7edc00
RTL: _ZN12NavEKF3_core19updateStateIndexLimEv @ 0x7edcf0
RTL: _ZNK6AP_DAL18get_time_flying_msEv @ 0xa83ed0
RTL: _ZN12NavEKF3_core20update_gps_selectionEv @ 0x7edee0
RTL: _ZN12NavEKF3_core20update_mag_selectionEv @ 0x7edfe0
RTL: _ZN12NavEKF3_core21update_baro_selectionEv @ 0x7ee120
RTL: _ZN12NavEKF3_core25update_airspeed_selectionEv @ 0x7ee200
RTL: _ZNK11AP_DAL_Baro11get_primaryEv @ 0xa83f70
RTL: _Z9fill_nanfPdt @ 0x7ee310
RTL: _ZNK17AP_InertialSensor20get_last_update_usecEv @ 0xa84030
RTL: _ZNK17AP_InertialSensor16get_loop_delta_tEv @ 0xa84080
RTL: _ZNK7AP_AHRS17get_vehicle_classEv @ 0xa840d0
RTL: _ZNK7AP_AHRS20get_takeoff_expectedEv @ 0xa84120
RTL: _ZNK7AP_AHRS22get_touchdown_expectedEv @ 0xa84180
RTL: _ZNK7AP_AHRS8get_trimEv @ 0xa841e0
RTL: _ZN2AP12wheelencoderEv @ 0x7ee730
RTL: _ZNK15AP_WheelEncoder11num_sensorsEv @ 0xa84240
RTL: _ZNK7AP_AHRS43get_rotation_vehicle_body_to_autopilot_bodyEv @ 0xa84290
RTL: _ZN21AP_DAL_InertialSensor11start_frameEv @ 0x7ee770
RTL: _ZN11AP_DAL_Baro11start_frameEv @ 0x7ee9f0
RTL: _ZN10AP_DAL_GPS11start_frameEv @ 0x7eeb60
RTL: _ZN14AP_DAL_Compass11start_frameEv @ 0x7eef60
RTL: _ZNK9AP_Beacon7enabledEv @ 0x7efa10
RTL: _ZNK9AP_Beacon12device_readyEv @ 0x7efd50
RTL: _ZNK7AP_EnumIN9AP_Beacon4TypeEEcvKS1_Ev @ 0xa84340
RTL: _ZNK7Compass24auto_declination_enabledEv @ 0xa84490
RTL: _ZNK7Compass15get_declinationEv @ 0x7efec0
RTL: _ZNK7Compass15get_num_enabledEv @ 0x7eff20
RTL: _ZNK7Compass16get_first_usableEv @ 0xa84500
RTL: _ZNK7Compass17have_scale_factorEh @ 0x7effe0
RTL: _ZNK7Compass16last_update_usecEh @ 0xa84550
RTL: _ZNK14typesafe_indexIh14TAG_StateIndexEgeERKh @ 0xa845d0
RTL: _ZNK7AP_Baro11get_primaryEv @ 0xa84640
RTL: _ZNK7AP_Baro15get_last_updateEh @ 0xa84690
RTL: _ZNK17AP_InertialSensor16get_loop_rate_hzEv @ 0xa84700
RTL: _ZNK17AP_InertialSensor15get_delta_angleEhR7Vector3IfERf @ 0x7f0120
RTL: _ZN21AP_DAL_InertialSensor15update_filteredEh @ 0x7f02f0
RTL: _ZNK17AP_InertialSensor18get_imu_pos_offsetEh @ 0xa84750
RTL: _ZNK17AP_InertialSensor10_accel_posEh @ 0xa847b0
RTL: _ZN17AP_InertialSensor10_accel_posEh @ 0xa84810
RTL: _ZN15AP_WheelEncoder13get_singletonEv @ 0xa84880
RTL: _ZN7NavEKF216InitialiseFilterEv @ 0x7f2d80
RTL: _ZNK6AP_DAL12get_ekf_typeEv @ 0xa87070
RTL: _ZN16AP_AHRS_External6updateEv @ 0x826160
RTL: _ZN16AP_AHRS_External11get_resultsERN15AP_AHRS_Backend9EstimatesE @ 0x8261b0
RTL: _ZN7AP_AHRS37copy_estimates_from_backend_estimatesERKN15AP_AHRS_Backend9EstimatesE @ 0x826400
RTL: _ZN15AP_ExternalAHRS6updateEv @ 0x8266e0
RTL: _ZL7degreesf.9850 @ 0x826a10
RTL: _ZN11AP_AHRS_SIM6updateEv @ 0xa87c30
RTL: _ZN11AP_AHRS_SIM11get_resultsERN15AP_AHRS_Backend9EstimatesE @ 0x826a60
RTL: _ZN11AP_AHRS_DCM6updateEv @ 0x827640
RTL: _ZN11AP_AHRS_DCM11get_resultsERN15AP_AHRS_Backend9EstimatesE @ 0x827960
RTL: _ZN11AP_AHRS_DCM13matrix_updateEv @ 0x827a80
RTL: _ZN11AP_AHRS_DCM9normalizeEv @ 0x827cd0
RTL: _ZN11AP_AHRS_DCM16drift_correctionEf @ 0x827ef0
RTL: _ZN11AP_AHRS_DCM12check_matrixEv @ 0x829250
RTL: _ZN11AP_AHRS_DCM15backup_attitudeEv @ 0x829350
RTL: _ZNK11AP_AHRS_DCM12get_error_rpEv @ 0xa87cf0
RTL: _ZNK11AP_AHRS_DCM13get_error_yawEv @ 0xa87d40
RTL: _ZN7Matrix3IfE6is_nanEv @ 0xa87d90
RTL: _ZN11AP_AHRS_DCM20drift_correction_yawEv @ 0x829840
RTL: _ZNK6AP_GPS16last_fix_time_msEv @ 0xa87ea0
RTL: _ZL3MAXIfiEDTqugtfp_fp0_fp_fp0_ERKT_RKT0_.1607 @ 0x829d60
RTL: _ZNK11AP_AHRS_DCM26should_correct_centrifugalEv @ 0x829e00
RTL: _ZN11AP_AHRS_DCM10ra_delayedEhRK7Vector3IfE @ 0x829e50
RTL: _ZNK17AP_InertialSensor7healthyEv @ 0xa87f00
RTL: _ZN11AP_AHRS_DCM7_P_gainEf @ 0x829f50
RTL: _ZNK11AP_AHRS_DCM14use_fast_gainsEv @ 0x82a030
RTL: _ZL7radiansi.1608 @ 0x82a0c0
RTL: _ZNK17AP_InertialSensor19get_gyro_drift_rateEv @ 0xa87f80
RTL: _ZNK17AP_InertialSensor15get_gyro_healthEv @ 0xa87fd0
RTL: _ZNK17AP_InertialSensor16get_accel_healthEv @ 0xa88030
RTL: _ZNK7Compass16last_update_usecEv @ 0xa88090
RTL: _ZN7Compass4readEv @ 0x82a120
RTL: _ZN11AP_AHRS_DCM17yaw_error_compassER7Compass @ 0x82a4f0
RTL: _ZNK11AP_AHRS_DCM9_yaw_gainEv @ 0x82a670
RTL: _ZNK7Matrix3IfE5mulXYERK7Vector3IfE @ 0xa880f0
RTL: _ZNK7Vector2IfErmERKS0_ @ 0xa881c0
RTL: _ZN7Compass15_detect_runtimeEv @ 0x82a820
RTL: _ZN9AP_Logger13Write_CompassEv @ 0x82ab50
RTL: _ZN19RestrictIDTypeArrayI9AP_ParamTIaL11ap_var_type1EELj3E14typesafe_indexIh12TAG_PriorityEEixERKS5_ @ 0xa88240
RTL: _ZN9AP_Logger22Write_Compass_instanceEmh @ 0x82abf0
RTL: _ZNK7Compass17get_motor_offsetsEh @ 0xa882c0
RTL: _ZN18AP_Compass_Backend25drain_accumulated_samplesEhPK7Vector3IfE @ 0x82cb20
RTL: _ZN18AP_Compass_Backend22publish_filtered_fieldERK7Vector3IfEh @ 0x82cca0
RTL: _ZN11AP_AHRS_DCM6renormERK7Vector3IfERS1_ @ 0x82cd60
RTL: _ZNK17AP_InertialSensor15get_delta_angleER7Vector3IfERf @ 0xa88b40
RTL: _ZNK7Vector3IfEeqERKS0_ @ 0xa88bd0
RTL: _ZNK14AP_Logger_File17recent_open_errorEv @ 0x82d110
RTL: _ZNK14AP_Logger_File15io_thread_aliveEv @ 0x82d1a0
RTL: _ZN14AP_Logger_File16disk_space_availEv @ 0x82d530
RTL: _ZL3MINIjjEDTqultfp_fp0_fp_fp0_ERKT_RKT0_.5718 @ 0x82d610
RTL: _ZN13AP_Filesystem17bytes_until_fsyncEi @ 0x82d690
RTL: _ZN13AP_Filesystem9disk_freeEPKc @ 0x82d710
RTL: _ZN2AP4rssiEv @ 0x834950
RTL: _ZNK7AP_RSSI7enabledEv @ 0xa89480
RTL: _ZN7AP_RSSI13get_singletonEv @ 0x835180
RTL: _ZN13AP_CANManager20check_logging_enableEv @ 0x836140
RTL: _ZN7FunctorIvJEE14method_wrapperI13AP_CANManagerXadL_ZNS2_20check_logging_enableEvEEEEvPv @ 0xa89ab0
RTL: _ZNK13AP_CANManager15CANIface_Params13option_is_setENS0_7OptionsE @ 0xa89b60
RTL: _ZN9AP_Logger13Write_MessageEPKc @ 0x840d30
RTL: _ZNK24AP_Proximity_Boundary_3D15get_next_sectorEh @ 0xa97f80
RTL: _ZNK22AP_BattMonitor_Backend13option_is_setEN21AP_BattMonitor_Params7OptionsE @ 0xa9b9e0
RTL: _ZN22AP_BattMonitor_Backend15update_consumedERN14AP_BattMonitor17BattMonitor_StateEj @ 0x858240
RTL: _ZN22AP_BattMonitor_Backend13calculate_mahEff @ 0xa9ba70
RTL: _ZN18AP_Compass_Backend17accumulate_sampleER7Vector3IfEhj @ 0x85a550
RTL: _ZN18AP_Compass_Backend12rotate_fieldER7Vector3IfEh @ 0x85a6d0
RTL: _ZN18AP_Compass_Backend17publish_raw_fieldERK7Vector3IfEh @ 0x85a7c0
RTL: _ZN18AP_Compass_Backend13correct_fieldER7Vector3IfEh @ 0x85a8d0
RTL: _ZN18AP_Compass_Backend8field_okERK7Vector3IfE @ 0x85acd0
RTL: _ZNK7Compass16get_filter_rangeEv @ 0xa9dd90
RTL: _ZNK16Compass_PerMotor7enabledEv @ 0xa9ddf0
RTL: _ZN7Compass13_get_priorityE14typesafe_indexIh14TAG_StateIndexE @ 0xa9de60
RTL: _ZN14AP_GPS_Backend15set_alt_amsl_cmERN6AP_GPS9GPS_StateEi @ 0x85f3a0
RTL: _ZN16JitterCorrection31correct_offboard_timestamp_usecEmm @ 0x85f5b0
RTL: _ZNK14AP_GPS_Backend10option_setEN6AP_GPS13DriverOptionsE @ 0xaa0ff0
RTL: _ZNK6AP_GPS10option_setENS_13DriverOptionsE @ 0xaa1060
RTL: _ZN6AP_RTC12set_utc_usecEmNS_11source_typeE @ 0x860020
RTL: _ZNK11GCS_MAVLINK14option_enabledENS_6OptionE @ 0xaa34f0
RTL: _ZNK16AP_SerialManager9UARTState12get_protocolEv @ 0xaa3570
RTL: _ZN2AP8PerfInfo13set_loop_rateEt @ 0x872540
RTL: _ZN2AP8PerfInfo5resetEv @ 0x872600
RTL: _ZN3GCS10send_textvE12MAV_SEVERITYPKcP13__va_list_tagh @ 0x872c30
RTL: _ZNK3GCS43min_loop_time_remaining_for_message_send_usEv @ 0xaa3d30
RTL: _ZNK3GCS26min_status_for_gps_healthyEv @ 0xaa3ec0
RTL: _ZL3MINImmEDTqultfp_fp0_fp_fp0_ERKT_RKT0_.6171 @ 0x873140
RTL: _ZN11ObjectArrayIN3GCS12statustext_tEE10push_forceERKS1_ @ 0xaa3f10
RTL: _ZN2AP11frsky_telemEv @ 0x8731c0
RTL: _ZN2AP14spektrum_telemEv @ 0x873200
RTL: _ZN9AP_Notify9send_textEPKc @ 0x873240
RTL: _ZN17AP_Spektrum_Telem13get_singletonEv @ 0xaa4050
RTL: _ZN14AP_Frsky_Telem13get_singletonEv @ 0xaa4090
RTL: _ZNK11ObjectArrayIN3GCS12statustext_tEE5spaceEv @ 0xaa40d0
RTL: _ZN11ObjectArrayIN3GCS12statustext_tEE4pushERKS1_ @ 0xaa4130
RTL: _ZN5Rover8set_modeEh10ModeReason @ 0x8732e0
RTL: _ZNK5Rover29current_mode_requires_missionEv @ 0xaa4270
RTL: _ZNK5Rover17get_wp_distance_mERf @ 0x873dc0
RTL: _ZNK5Rover18get_wp_bearing_degERf @ 0x873e70
RTL: _ZNK5Rover25get_wp_crosstrack_error_mERf @ 0x873f20
RTL: _ZN5Rover20set_control_channelsEv @ 0x874c20
RTL: _ZN5Rover18fence_checks_asyncEv @ 0x874f00
RTL: _ZN6AP_HAL15timeout_expiredIjjjEEbT_T0_T1_ @ 0xaa4390
RTL: _ZN8AC_Fence5checkEb @ 0x875020
RTL: _ZN8AC_Fence19clear_margin_breachEh @ 0x875430
RTL: _ZNK8AC_Fence18get_enabled_fencesEv @ 0x875e20
RTL: _ZN5Rover2rcEv @ 0xaa44e0
RTL: _ZN10RC_Channel9set_angleEt @ 0x876170
RTL: _ZN8Sailboat10init_rc_inEv @ 0x876260
RTL: _ZN6AP_HAL8RCOutput15set_esc_scalingEtt @ 0xaa4530
RTL: _ZN12SRV_Channels19set_esc_scaling_forEN11SRV_Channel8FunctionE @ 0x8764c0
RTL: _ZNK5Rover13is_balancebotEv @ 0x876aa0
RTL: _ZN8AP_Param15save_io_handlerEv @ 0x877350
RTL: _ZN7FunctorIvJEE14method_wrapperI8AP_ParamXadL_ZNS2_15save_io_handlerEvEEEEvPv @ 0xaa46e0
RTL: _ZN15ObjectBuffer_TSIN8AP_Param10param_saveEE3popERS1_ @ 0xaa4790
RTL: _ZN5Rover11notify_modeEPK4Mode @ 0x877450
RTL: _ZN5Rover3gcsEv @ 0xaa4870
RTL: _ZN12SRV_Channels17enable_aux_servosEv @ 0x87b780
RTL: _ZL21failsafe_check_staticv @ 0x87d310
RTL: _ZN5Rover8set_modeER4Mode10ModeReason @ 0x87d8a0
RTL: _ZN5Rover18mode_from_mode_numEN4Mode6NumberE @ 0x87de10
RTL: _ZNK5Rover7is_boatEv @ 0x87e250
RTL: _ZNK8Sailboat12tack_enabledEv @ 0x87e2c0
RTL: _ZN10RC_Channel16read_mode_switchEv @ 0x87e800
RTL: _ZN10RC_Channel16read_6pos_switchERa @ 0x87e880
RTL: _ZN10RC_Channel18debounce_completedEa @ 0x87e9e0
RTL: _ZN9AP_Logger10Write_ModeEh10ModeReason @ 0x87eb80
RTL: _ZN17AP_Logger_Backend10Write_ModeEh10ModeReason @ 0x87ed10
RTL: _ZN7AP_AHRS15set_fly_forwardEb @ 0xaa4db0
RTL: _ZN17AP_InertialSensor12BatchSampler21rotate_to_next_sensorEv @ 0x87fec0
RTL: _ZN17AP_InertialSensor12BatchSampler32update_doing_sensor_rate_loggingEv @ 0x880110
RTL: _ZL3MINIhhEDTqultfp_fp0_fp_fp0_ERKT_RKT0_.17357 @ 0x880250
RTL: _ZNK17AP_InertialSensor12BatchSampler10has_optionENS0_11batch_opt_tE @ 0xaa6240
RTL: _ZN17AP_InertialSensor12_gyro_offsetEh @ 0xaa62c0
RTL: _ZN17AP_InertialSensor12caltemp_gyroEh @ 0xaa6330
RTL: _ZN22AP_InertialSensor_SITL6updateEv @ 0x881a10
RTL: _ZN25AP_InertialSensor_Backend10accumulateEv @ 0xaa6450
RTL: _ZN25AP_InertialSensor_Backend11set_primaryEb @ 0xaa6620
RTL: _ZNK25AP_InertialSensor_Backend21_gyro_raw_sample_rateEh @ 0xaa6670
RTL: _ZN22AP_InertialSensor_SITL12timer_updateEv @ 0x882190
RTL: _ZN7FunctorIvJEE14method_wrapperI22AP_InertialSensor_SITLXadL_ZNS2_12timer_updateEvEEEEvPv @ 0xaa6740
RTL: _ZN22AP_InertialSensor_SITL14generate_accelEv @ 0x882660
RTL: _ZN22AP_InertialSensor_SITL13generate_gyroEv @ 0x883640
RTL: _ZNK25AP_InertialSensor_Backend20enable_fast_samplingEh @ 0xaa67f0
RTL: _ZNK22AP_InertialSensor_SITL10gyro_driftEv @ 0x8840a0
RTL: _ZL7radiansd.17279 @ 0x8842a0
RTL: _ZL7radiansf.17280 @ 0x8842f0
RTL: _ZN22AP_InertialSensor_SITL15get_temperatureEv @ 0x8843d0
RTL: _ZNK22AP_InertialSensor_TCal15sitl_apply_gyroEfR7Vector3IfE @ 0x884570
RTL: _ZN25AP_InertialSensor_Backend35_notify_new_gyro_sensor_rate_sampleEhRK7Vector3IfE @ 0x884650
RTL: _ZN25AP_InertialSensor_Backend24_rotate_and_correct_gyroEhR7Vector3IfE @ 0x884850
RTL: _ZN25AP_InertialSensor_Backend27_notify_new_gyro_raw_sampleEhRK7Vector3IfEm @ 0x8849e0
RTL: _ZNK25AP_InertialSensor_Backend15has_been_killedEh @ 0xaa6880
RTL: _ZNK25AP_InertialSensor_Backend19_update_sensor_rateERtRjRf @ 0x885080
RTL: _ZN25AP_InertialSensor_Backend18apply_gyro_filtersEhRK7Vector3IfE @ 0x885250
RTL: _ZN25AP_InertialSensor_Backend12log_gyro_rawEhmRK7Vector3IfES3_ @ 0x885610
RTL: _ZN25AP_InertialSensor_Backend14update_primaryEv @ 0x8858a0
RTL: _ZNK17AP_InertialSensor22raw_logging_option_setENS_18RAW_LOGGING_OPTIONE @ 0xaa6900
RTL: _ZNK25AP_InertialSensor_Backend18should_log_imu_rawEv @ 0x885980
RTL: _ZNK17AP_InertialSensor12BatchSampler25doing_sensor_rate_loggingEv @ 0xaa6980
RTL: _ZNK17AP_InertialSensor12BatchSampler25doing_post_filter_loggingEv @ 0xaa69e0
RTL: _ZN17AP_InertialSensor12BatchSampler6sampleEhNS_15IMU_SENSOR_TYPEEmRK7Vector3IfE @ 0x885b90
RTL: _ZN17AP_InertialSensor12BatchSampler10should_logEhNS_15IMU_SENSOR_TYPEE @ 0x885ce0
RTL: _ZN25AP_InertialSensor_Backend16save_gyro_windowEhRK7Vector3IfEh @ 0x885e20
RTL: _ZN15LowPassFilter2pI7Vector3IfEE5applyERKS1_ @ 0xaa6cc0
RTL: _ZN19DigitalBiquadFilterI7Vector3IfEE5applyERKS1_RKNS2_13biquad_paramsE @ 0xaa6e10
RTL: _ZNK25AP_InertialSensor_Backend18sensors_convergingEv @ 0x8860e0
RTL: _ZNK22AP_InertialSensor_TCal12correct_gyroEffR7Vector3IfE @ 0x886210
RTL: _ZNK22AP_InertialSensor_TCal14correct_sensorEffPK9AP_ParamVI7Vector3IfEL11ap_var_type5EERS2_ @ 0x8862b0
RTL: _ZNK22AP_InertialSensor_TCal15polynomial_evalEfPK9AP_ParamVI7Vector3IfEL11ap_var_type5EE @ 0x8864c0
RTL: _ZNK22AP_InertialSensor_TCal16sitl_apply_accelEfR7Vector3IfE @ 0x889470
RTL: _ZN25AP_InertialSensor_Backend36_notify_new_accel_sensor_rate_sampleEhRK7Vector3IfE @ 0x889550
RTL: _ZN25AP_InertialSensor_Backend25_rotate_and_correct_accelEhR7Vector3IfE @ 0x889750
RTL: _ZN25AP_InertialSensor_Backend28_notify_new_accel_raw_sampleEhRK7Vector3IfEmb @ 0x889970
RTL: _ZN25AP_InertialSensor_Backend20_publish_temperatureEhf @ 0x889f20
RTL: _ZN17AP_InertialSensor27calc_vibration_and_clippingEhRK7Vector3IfEf @ 0x889fc0
RTL: _ZN17AP_InertialSensor19set_accel_peak_holdEhRK7Vector3IfE @ 0x88a240
RTL: _ZN25AP_InertialSensor_Backend13log_accel_rawEhmRK7Vector3IfE @ 0x88a320
RTL: _ZNK25AP_InertialSensor_Backend14get_clip_limitEv @ 0xaa7e30
RTL: _ZN13LowPassFilterI7Vector3IfEE5applyERKS1_RKf @ 0xaa7e80
RTL: _ZN10DigitalLPFI7Vector3IfEE6_applyERKS1_RKf @ 0xaa7f40
RTL: _ZNK22AP_InertialSensor_TCal13correct_accelEffR7Vector3IfE @ 0x88a700
RTL: _ZN25AP_InertialSensor_Backend12update_accelEh @ 0x88ab80
RTL: _ZN25AP_InertialSensor_Backend11update_gyroEh @ 0x88aca0
RTL: _ZN25AP_InertialSensor_Backend13_publish_gyroEhRK7Vector3IfE @ 0x88ae00
RTL: _ZN25AP_InertialSensor_Backend19update_gyro_filtersEh @ 0x88af70
RTL: _ZNK25AP_InertialSensor_Backend19_gyro_filter_cutoffEv @ 0xaa8210
RTL: _ZN25AP_InertialSensor_Backend14_publish_accelEhRK7Vector3IfE @ 0x88b3b0
RTL: _ZN25AP_InertialSensor_Backend20update_accel_filtersEh @ 0x88b5e0
RTL: _ZNK25AP_InertialSensor_Backend20_accel_filter_cutoffEv @ 0xaa84f0
RTL: _ZNK5Rover16gcs_mode_enabledEN4Mode6NumberE @ 0x88d170
RTL: _ZN4Mode5enterEv @ 0x88d1f0
RTL: _ZN8AC_Fence21manual_recovery_startEv @ 0x88d380
RTL: _ZN9AP_Camera16set_is_auto_modeEb @ 0xaa8990
RTL: _ZN4Mode4exitEv @ 0x88d410
RTL: _ZN8Sailboat10clear_tackEv @ 0x88d470
RTL: _ZNK10AP_Vehicle21block_GCS_mode_changeEhPKhh @ 0x88d4e0
RTL: _ZNK8Location25past_interval_finish_lineERKS_S1_ @ 0x891830
RTL: _ZNK8Location20line_path_proportionERKS_S1_ @ 0x8918c0
RTL: _ZL2sqf.2093 @ 0x8919c0
RTL: _ZNK8AC_Fence9polyfenceEv @ 0x891b20
RTL: _ZNK7AP_EnumIN13AP_OADatabase11OutputLevelEEcvKS1_Ev @ 0xaa9fb0
RTL: _ZN11AP_SmartRTL22run_background_cleanupEv @ 0x895f40
RTL: _ZN7FunctorIvJEE14method_wrapperI11AP_SmartRTLXadL_ZNS2_22run_background_cleanupEvEEEEvPv @ 0xaaa610
RTL: _ZN11AP_SmartRTL15routine_cleanupEtt @ 0x896210
RTL: _ZN11AP_SmartRTL22detect_simplificationsEv @ 0x8963e0
RTL: _ZN11AP_SmartRTL33remove_points_by_simplify_bitmaskEv @ 0x896750
RTL: _ZN11AP_SmartRTL29restart_pruning_if_new_pointsEv @ 0x896930
RTL: _ZN11AP_SmartRTL12detect_loopsEv @ 0x8969a0
RTL: _ZN11AP_SmartRTL20segment_segment_distERK7Vector3IfES3_S3_S3_ @ 0x896fc0
RTL: _ZN11AP_SmartRTL8add_loopEttRK7Vector3IfE @ 0x897560
RTL: _ZNK11AP_SmartRTL13loops_overlapERKNS_12prune_loop_tES2_ @ 0x897900
RTL: _ZNK7BitmaskILt500EE3getEt @ 0xaaa6c0
RTL: _ZNK7BitmaskILt500EE8validateEt @ 0xaaa790
RTL: _ZNK7Vector3IfE19distance_to_segmentERKS0_S2_ @ 0xaaa820
RTL: _ZN7BitmaskILt500EE5clearEt @ 0xaaaa10
RTL: _ZN5Rover14failsafe_checkEv @ 0x897b00
RTL: _ZNK7AP_AHRS12get_accel_efEv @ 0xaae2d0
RTL: _ZNK7AP_AHRS18get_yaw_rate_earthEv @ 0xab09c0
RTL: _ZNK12NavEKF3_core9getMagXYZER7Vector3IfE @ 0x8c3bc0
RTL: _ZNK12NavEKF3_core9getMagNEDER7Vector3IfE @ 0x8c3e40
RTL: _ZNK7Vector2IfE8todoubleEv @ 0xab1210
RTL: _ZNK7Vector2IfEdvEf @ 0xab1e70
RTL: _ZNK14AP_GPS_Backend32supports_mavlink_gps_rtk_messageEv @ 0xab3050
RTL: _ZNK14AP_GPS_Blended7get_lagERf @ 0x8d0780
RTL: _ZN7AP_Baro6updateEv @ 0x8d0e50
RTL: _ZNK7AP_Baro7healthyEv @ 0xab3620
RTL: _ZN15AP_Baro_Backend14backend_updateEh @ 0x8d1570
RTL: _ZN7AP_Baro24wind_pressure_correctionEh @ 0x8d15f0
RTL: _ZNK7AP_Baro15get_last_updateEv @ 0xab3680
RTL: _ZN16DerivativeFilterIfLh7EE6updateEfj @ 0xab36e0
RTL: _ZN7AP_Baro22update_field_elevationEv @ 0x8d1930
RTL: _ZNK7AP_Baro10should_logEv @ 0x8d1bb0
RTL: _ZN7AP_Baro10Write_BaroEv @ 0x8d1c60
RTL: _ZN7AP_Baro19Write_Baro_instanceEmh @ 0x8d1cf0
RTL: _ZNK7AP_Baro21get_baro_drift_offsetEv @ 0xab37c0
RTL: _ZNK7AP_Baro22get_ground_temperatureEv @ 0x8d1f10
RTL: _ZNK7AP_Baro22get_corrected_pressureEh @ 0xab3810
RTL: _ZN16FilterWithBufferIfLh7EE5applyEf @ 0xab3940
RTL: _ZN24AP_Proximity_Boundary_3D4FaceC2Ev @ 0xab46a0
RTL: _ZN15AP_Compass_SITL6_timerEv @ 0x8f14d0
RTL: _ZN7FunctorIvJEE14method_wrapperI15AP_Compass_SITLXadL_ZNS2_6_timerEvEEEEvPv @ 0xabc5c0
RTL: _Z10rand_vec3fv @ 0x8f1a00
RTL: _ZN7VectorNIN15AP_Compass_SITL16readings_compassELh50EEixEh @ 0xabc670
RTL: _ZN15AP_Compass_SITL26_setup_eliptical_correcionEh @ 0x8f1a80
RTL: _ZNK18AP_Compass_Backend21get_board_orientationEv @ 0x8f1cb0
RTL: _ZN15AP_Compass_SITL4readEv @ 0x8f1d00
RTL: _ZN15AP_Baro_Backend17_copy_to_frontendEhff @ 0x8f60a0
RTL: _ZN12AP_Baro_SITL6_timerEv @ 0x8f7330
RTL: _ZN7FunctorIvJEE14method_wrapperI12AP_Baro_SITLXadL_ZNS2_6_timerEvEEEEvPv @ 0xabe240
RTL: _ZN7VectorNIN12AP_Baro_SITL13readings_baroELh50EEixEh @ 0xabe2f0
RTL: _ZN12AP_Baro_SITL22temperature_adjustmentERfS0_ @ 0x8f7720
RTL: _ZN12AP_Baro_SITL24wind_pressure_correctionEh @ 0x8f7910
RTL: _ZL2sqf.1777 @ 0x8f7b20
RTL: _ZN7AP_Baro22_get_air_density_ratioEv @ 0x8f7b70
RTL: _ZL2sqf.1757 @ 0x8f7c10
RTL: _ZN12AP_Baro_SITL6updateEv @ 0x8f7d00
RTL: _ZN12AP_Baro_SITL19update_healthy_flagEh @ 0xabe400
RTL: _ZN12AP_Baro_SITL7healthyEh @ 0x8f7db0
RTL: _ZNK22AP_BattMonitor_Backend17has_cell_voltagesEv @ 0xabf520
RTL: _ZNK22AP_BattMonitor_Backend15has_temperatureEv @ 0xabf570
RTL: _ZNK22AP_BattMonitor_Backend15get_temperatureERf @ 0x8f9d50
RTL: _ZNK22AP_BattMonitor_Backend22capacity_remaining_pctERh @ 0x8f9e10
RTL: _ZN22AP_BattMonitor_Backend26update_resistance_estimateEv @ 0x8f9f90
RTL: _ZN22AP_BattMonitor_Backend16update_failsafesEv @ 0x8fa2e0
RTL: _ZNK22AP_BattMonitor_Backend25get_mavlink_fault_bitmaskEv @ 0xabf620
RTL: _ZL3MINIifEDTqultfp_fp0_fp_fp0_ERKT_RKT0_.16929 @ 0x8fa600
RTL: _ZL3MINIffEDTqultfp_fp0_fp_fp0_ERKT_RKT0_.16930 @ 0x8fa6a0
RTL: _ZN21AP_BattMonitor_Analog4readEv @ 0x8fc2a0
RTL: _ZNK21AP_BattMonitor_Analog19has_consumed_energyEv @ 0xac0310
RTL: _ZNK21AP_BattMonitor_Analog11has_currentEv @ 0x8fc4a0
RTL: _ZN9AP_Notify19set_flight_mode_strEPKc @ 0x902ab0
RTL: _ZN6RGBLed6updateEv @ 0x908700
RTL: _ZN6RGBLed8_set_rgbEhhh @ 0x908b30
RTL: _ZNK6RGBLed10rgb_sourceEv @ 0x908c40
RTL: _ZNK6RGBLed19get_colour_sequenceEv @ 0x908ea0
RTL: _ZNK6RGBLed14get_brightnessEv @ 0x909290
RTL: _ZN6RGBLed7set_rgbEhhh @ 0x909390
RTL: _ZN10IS31FL31956_timerEv @ 0x909450
RTL: _ZN7FunctorIvJEE14method_wrapperI10IS31FL3195XadL_ZNS2_6_timerEvEEEEvPv @ 0xac39c0
RTL: _ZN6LP55626_timerEv @ 0x9099e0
RTL: _ZN7FunctorIvJEE14method_wrapperI6LP5562XadL_ZNS2_6_timerEvEEEEvPv @ 0xac3d30
RTL: _ZN14ToshibaLED_I2C6_timerEv @ 0x90b810
RTL: _ZN7FunctorIvJEE14method_wrapperI14ToshibaLED_I2CXadL_ZNS2_6_timerEvEEEEvPv @ 0xac4a40
RTL: _ZN11AR_WPNav_OA20set_desired_locationERK8LocationS0_ @ 0x90c130
RTL: _ZNK8AR_WPNav13get_speed_maxEv @ 0xac4d80
RTL: _ZNK8AR_WPNav9is_activeEv @ 0x90c380
RTL: _ZN8AR_WPNav44set_origin_and_destination_to_stopping_pointEv @ 0x90c3f0
RTL: _ZN8AR_WPNav42update_distance_and_bearing_to_destinationEv @ 0x90c4b0
RTL: _ZN12AR_PivotTurn16check_activationEfb @ 0x90c5a0
RTL: _ZN8AR_WPNav21get_stopping_locationER8Location @ 0x90c7b0
RTL: _ZNK18AR_AttitudeControl21get_stopping_distanceEf @ 0x90c900
RTL: _ZNK7Vector2IfE10normalizedEv @ 0xac4dd0
RTL: _ZNK18AR_AttitudeControl13get_decel_maxEv @ 0x90c9c0
RTL: _ZL2sqf.11094 @ 0x90ca70
RTL: _ZN8AR_WPNav20set_desired_locationERK8LocationS0_ @ 0x90cac0
RTL: _ZN6SCurve4initEv @ 0x90d1b0
RTL: _ZN12AR_PivotTurn10deactivateEv @ 0xac4e30
RTL: _ZNK6SCurve8finishedEv @ 0x90d280
RTL: _ZNK13AR_PosControl13get_speed_maxEv @ 0xac4e80
RTL: _ZNK13AR_PosControl13get_accel_maxEv @ 0xac4ed0
RTL: _ZNK13AR_PosControl12get_jerk_maxEv @ 0xac4f20
RTL: _ZN6SCurve15calculate_trackERK7Vector3IfES3_fffffff @ 0x90d330
RTL: _ZN6SCurve20set_kinematic_limitsERK7Vector3IfES3_fffff @ 0x90d880
RTL: _ZN6SCurve12add_segmentsEf @ 0x90dab0
RTL: _ZNK6SCurve5validEv @ 0x90ddd0
RTL: _ZN6SCurve14calculate_pathEffffffRfS0_S0_S0_S0_ @ 0x90e300
RTL: _ZN6SCurve17add_segments_jerkERhfff @ 0x90f7e0
RTL: _ZN6SCurve22add_segment_const_jerkERhff @ 0x90f8b0
RTL: _ZL3MAXIffEDTqugtfp_fp0_fp_fp0_ERKT_RKT0_.17427 @ 0x90fbd0
RTL: _ZN6SCurve11add_segmentERhfNS_11SegmentTypeEffff @ 0x90fc50
RTL: _ZL2sqf.17428 @ 0x90fde0
RTL: _ZN6SCurve21add_segment_incr_jerkERhff @ 0x90fe30
RTL: _ZN6SCurve21add_segment_decr_jerkERhff @ 0x9101d0
RTL: _ZL3MINIffEDTqultfp_fp0_fp_fp0_ERKT_RKT0_.17430 @ 0x910650
RTL: _Z15kinematic_limit7Vector3IfEfff @ 0x9106e0
RTL: _ZNK6SCurve8time_endEv @ 0x910980
RTL: _ZN7FunctorIvJEE14method_wrapperI5RoverXadL_ZNS2_10read_radioEvEEEEvPv @ 0xac4f70
RTL: _ZN7FunctorIvJEE14method_wrapperI5RoverXadL_ZNS2_11ahrs_updateEvEEEEvPv @ 0xac5020
RTL: _ZN7FunctorIvJEE14method_wrapperI5RoverXadL_ZNS2_17read_rangefindersEvEEEEvPv @ 0xac50d0
RTL: _ZN7FunctorIvJEE14method_wrapperI14AP_OpticalFlowXadL_ZNS2_6updateEvEEEEvPv @ 0xac5180
RTL: _ZN7FunctorIvJEE14method_wrapperI5RoverXadL_ZNS2_19update_current_modeEvEEEEvPv @ 0xac5230
RTL: _ZN7FunctorIvJEE14method_wrapperI5RoverXadL_ZNS2_10set_servosEvEEEEvPv @ 0xac52e0
RTL: _ZN7FunctorIvJEE14method_wrapperI6AP_GPSXadL_ZNS2_6updateEvEEEEvPv @ 0xac5390
RTL: _ZN7FunctorIvJEE14method_wrapperI7AP_BaroXadL_ZNS2_6updateEvEEEEvPv @ 0xac5440
RTL: _ZN7FunctorIvJEE14method_wrapperI9AP_BeaconXadL_ZNS2_6updateEvEEEEvPv @ 0xac54f0
RTL: _ZN7FunctorIvJEE14method_wrapperI12AP_ProximityXadL_ZNS2_6updateEvEEEEvPv @ 0xac55a0
RTL: _ZN7FunctorIvJEE14method_wrapperI11AP_WindVaneXadL_ZNS2_6updateEvEEEEvPv @ 0xac5650
RTL: _ZN7FunctorIvJEE14method_wrapperI5RoverXadL_ZNS2_20update_wheel_encoderEvEEEEvPv @ 0xac5700
RTL: _ZN7FunctorIvJEE14method_wrapperI5RoverXadL_ZNS2_14update_compassEvEEEEvPv @ 0xac57b0
RTL: _ZN7FunctorIvJEE14method_wrapperI5RoverXadL_ZNS2_15update_logging1EvEEEEvPv @ 0xac5860
RTL: _ZN7FunctorIvJEE14method_wrapperI5RoverXadL_ZNS2_15update_logging2EvEEEEvPv @ 0xac5910
RTL: _ZN7FunctorIvJEE14method_wrapperI3GCSXadL_ZNS2_14update_receiveEvEEEEvPv @ 0xac59c0
RTL: _ZN7FunctorIvJEE14method_wrapperI3GCSXadL_ZNS2_11update_sendEvEEEEvPv @ 0xac5a70
RTL: _ZN7FunctorIvJEE14method_wrapperI11RC_ChannelsXadL_ZNS2_16read_mode_switchEvEEEEvPv @ 0xac5b20
RTL: _ZN7FunctorIvJEE14method_wrapperI11RC_ChannelsXadL_ZNS2_12read_aux_allEvEEEEvPv @ 0xac5bc0
RTL: _ZN7FunctorIvJEE14method_wrapperI14AP_BattMonitorXadL_ZNS2_4readEvEEEEvPv @ 0xac5c70
RTL: _ZN7FunctorIvJEE14method_wrapperI19AP_ServoRelayEventsXadL_ZNS2_13update_eventsEvEEEEvPv @ 0xac5d20
RTL: _ZN7FunctorIvJEE14method_wrapperI5RoverXadL_ZNS2_15update_preclandEvEEEEvPv @ 0xac5dd0
RTL: _ZN7FunctorIvJEE14method_wrapperI8AP_MountXadL_ZNS2_6updateEvEEEEvPv @ 0xac5e80
RTL: _ZN7FunctorIvJEE14method_wrapperI9AP_CameraXadL_ZNS2_6updateEvEEEEvPv @ 0xac5f30
RTL: _ZN7FunctorIvJEE14method_wrapperI5RoverXadL_ZNS2_18gcs_failsafe_checkEvEEEEvPv @ 0xac5fe0
RTL: _ZN7FunctorIvJEE14method_wrapperI5RoverXadL_ZNS2_11fence_checkEvEEEEvPv @ 0xac6090
RTL: _ZN7FunctorIvJEE14method_wrapperI5RoverXadL_ZNS2_9ekf_checkEvEEEEvPv @ 0xac6140
RTL: _ZN7FunctorIvJEE14method_wrapperI12ModeSmartRTLXadL_ZNS2_13save_positionEvEEEEvPv @ 0xac61f0
RTL: _ZN7FunctorIvJEE14method_wrapperI5RoverXadL_ZNS2_15one_second_loopEvEEEEvPv @ 0xac62a0
RTL: _ZN7FunctorIvJEE14method_wrapperI10AC_SprayerXadL_ZNS2_6updateEvEEEEvPv @ 0xac6350
RTL: _ZN7FunctorIvJEE14method_wrapperI9AP_LoggerXadL_ZNS2_14periodic_tasksEvEEEEvPv @ 0xac6400
RTL: _ZN7FunctorIvJEE14method_wrapperI17AP_InertialSensorXadL_ZNS2_8periodicEvEEEEvPv @ 0xac64b0
RTL: _ZN7FunctorIvJEE14method_wrapperI12AP_SchedulerXadL_ZNS2_14update_loggingEvEEEEvPv @ 0xac6560
RTL: _ZN7FunctorIvJEE14method_wrapperI9AP_ButtonXadL_ZNS2_6updateEvEEEEvPv @ 0xac6610
RTL: _ZN7FunctorIvJEE14method_wrapperI5RoverXadL_ZNS2_11crash_checkEvEEEEvPv @ 0xac66c0
RTL: _ZN7FunctorIvJEE14method_wrapperI5RoverXadL_ZNS2_19cruise_learn_updateEvEEEEvPv @ 0xac6770
RTL: _ZN5Rover19cruise_learn_updateEv @ 0x910a00
RTL: _ZNK18AR_AttitudeControl17get_forward_speedERf @ 0x910b60
RTL: _ZNK7AP_AHRS7cos_yawEv @ 0xac6890
RTL: _ZNK7AP_AHRS7sin_yawEv @ 0xac68e0
RTL: _ZN5Rover11crash_checkEv @ 0x910f70
RTL: _ZN9AP_Button6updateEv @ 0x911350
RTL: _ZN12AP_Scheduler14update_loggingEv @ 0x911fd0
RTL: _ZN12AP_Scheduler11debug_flagsEv @ 0xac6ac0
RTL: _ZN12AP_Scheduler21Log_Write_PerformanceEv @ 0x912240
RTL: _ZN2AP8PerfInfo13has_task_infoEv @ 0xac6b20
RTL: _ZNK2AP8PerfInfo20get_num_long_runningEv @ 0x912450
RTL: _ZNK2AP8PerfInfo13get_num_loopsEv @ 0x9124a0
RTL: _ZNK2AP8PerfInfo12get_max_timeEv @ 0x9124f0
RTL: _ZN12AP_Scheduler12load_averageEv @ 0x912540
RTL: _ZNK16AP_InternalError5countEv @ 0xac6b80
RTL: _ZN17AP_InertialSensor8periodicEv @ 0x912780
RTL: _ZN17AP_InertialSensor12BatchSampler8periodicEv @ 0x9127e0
RTL: _ZN17AP_InertialSensor12BatchSampler16push_data_to_logEv @ 0x912860
RTL: _ZNK17AP_InertialSensor12BatchSampler10Write_ISBHEf @ 0x912af0
RTL: _ZNK17AP_InertialSensor12BatchSampler10Write_ISBDEv @ 0x912c50
RTL: _ZN9AP_Logger14periodic_tasksEv @ 0x912e00
RTL: _ZN10AC_Sprayer6updateEv @ 0x912ea0
RTL: _ZN5Rover15one_second_loopEv @ 0x9132f0
RTL: _ZN5Rover20handle_auto_arm_onceEv @ 0x913530
RTL: _ZN10AP_Vehicle17set_likely_flyingEb @ 0xac6c90
RTL: _ZN8AR_WPNav15set_turn_paramsEfb @ 0x9137d0
RTL: _ZN13AR_PosControl15set_turn_paramsEfb @ 0x913880
RTL: _ZN19AP_WheelRateControl21set_notch_sample_rateEf @ 0x913920
RTL: _ZN8AP_Stats10set_flyingEb @ 0x9139b0
RTL: _ZN6AC_PID21set_notch_sample_rateEf @ 0x913a80
RTL: _ZN12AR_PivotTurn6enableEb @ 0x913e60
RTL: _ZN12ModeSmartRTL13save_positionEv @ 0x913ed0
RTL: _ZN11AP_SmartRTL6updateEbb @ 0x913f60
RTL: _ZN11AP_SmartRTL6updateEbRK7Vector3IfE @ 0x914060
RTL: _ZN5Rover9ekf_checkEv @ 0x914190
RTL: _ZN5Rover18ekf_over_thresholdEv @ 0x914490
RTL: _ZN5Rover11fence_checkEv @ 0x914800
RTL: _ZN5Rover18gcs_failsafe_checkEv @ 0x914ab0
RTL: _ZN5Rover16failsafe_triggerEhPKcb @ 0x914be0
RTL: _ZN9AP_Camera6updateEv @ 0x915070
RTL: _ZN8AP_Mount6updateEv @ 0x915130
RTL: _ZN5Rover15update_preclandEv @ 0x9151e0
RTL: _ZN11AC_PrecLand6updateEfb @ 0x915240
RTL: _ZN14AP_BattMonitor4readEv @ 0x9178c0
RTL: _ZN9AP_Logger11Write_PowerEv @ 0x917af0
RTL: _ZNK22AP_BattMonitor_Backend13Log_Write_BATEhm @ 0x917b40
RTL: _ZNK22AP_BattMonitor_Backend13Log_Write_BCLEhm @ 0x917de0
RTL: _ZN14AP_BattMonitor15check_failsafesEv @ 0x917fe0
RTL: _ZN14AP_BattMonitor16checkPoweringOffEv @ 0x9182f0
RTL: _ZNK22AP_BattMonitor_Backend23get_state_of_health_pctERh @ 0x918450
RTL: _ZN11RC_Channels12read_aux_allEv @ 0x9184e0
RTL: _ZN10RC_Channel8read_auxEv @ 0x9185d0
RTL: _ZN9AP_Logger10Write_RCINEv @ 0x9187d0
RTL: _ZN11RC_Channels12get_radio_inEPth @ 0x9189c0
RTL: _ZNK11RC_Channels17get_override_maskEv @ 0x918ab0
RTL: _ZL3MINIhiEDTqultfp_fp0_fp_fp0_ERKT_RKT0_.6266 @ 0x918b70
RTL: _ZN5Rover15update_logging2Ev @ 0x918f80
RTL: _ZN5Rover10should_logEj @ 0x919090
RTL: _ZN5Rover18Log_Write_SteeringEv @ 0x919100
RTL: _ZN5Rover12Log_Write_RCEv @ 0x919250
RTL: _ZNK15AP_WheelEncoder9Log_WriteEv @ 0x9192f0
RTL: _ZNK17AP_InertialSensor15Write_VibrationEv @ 0x919400
RTL: _ZN10AP_GyroFFT18write_log_messagesEv @ 0x919520
RTL: _ZN8AP_Mount9write_logEv @ 0x919750
RTL: _ZNK17AP_InertialSensor20get_accel_clip_countEh @ 0x919c50
RTL: _ZNK15AP_WheelEncoder7enabledEh @ 0x919cf0
RTL: _ZN9AP_Logger11Write_RCOUTEv @ 0x91a030
RTL: _ZNK18AR_AttitudeControl13get_lat_accelERf @ 0x91a6e0
RTL: _ZNK18AR_AttitudeControl21get_desired_turn_rateEv @ 0x91a790
RTL: _ZL7degreesf.48 @ 0x91a830
RTL: _ZN5Rover15update_logging1Ev @ 0x91a880
RTL: _ZN5Rover18Log_Write_AttitudeEv @ 0x91aa60
RTL: _ZN5Rover14Log_Write_SailEv @ 0x91ac50
RTL: _ZN5Rover18Log_Write_ThrottleEv @ 0x91ae50
RTL: _ZN9AP_Beacon3logEv @ 0x91af90
RTL: _ZN5Rover20Log_Write_Nav_TuningEv @ 0x91b0d0
RTL: _ZNK13AR_PosControl9is_activeEv @ 0x91b1c0
RTL: _ZN13AR_PosControl9write_logEv @ 0x91b230
RTL: _ZN13AR_PosControl11get_vel_pidEv @ 0xac7830
RTL: _ZNK9AC_PID_2D14get_pid_info_xEv @ 0xac7880
RTL: _ZN9AP_Logger9Write_PIDEhRK10AP_PIDInfo @ 0x91b4c0
RTL: _ZNK9AC_PID_2D14get_pid_info_yEv @ 0xac78d0
RTL: _ZN12AP_Proximity3logEv @ 0x91b650
RTL: _ZNK12AP_Proximity12distance_maxEv @ 0x91b980
RTL: _ZNK12AP_Proximity19get_upward_distanceERf @ 0x91bc40
RTL: _ZNK13AR_PosControl14get_pos_targetEv @ 0xac7970
RTL: _ZN13AC_PosControl10Write_PSCNEfffffffff @ 0x91c050
RTL: _ZN13AC_PosControl10Write_PSCEEfffffffff @ 0x91c150
RTL: _ZN13AC_PosControl10Write_PSCxE11LogMessagesfffffffff @ 0x91c250
RTL: _ZNK18AR_AttitudeControl17get_desired_speedEv @ 0x91c430
RTL: _ZNK18AR_AttitudeControl20speed_control_activeEv @ 0x91c4b0
RTL: _ZNK8AR_WPNav13wp_bearing_cdEv @ 0xac7ab0
RTL: _ZNK18AR_AttitudeControl17get_desired_pitchEv @ 0x91c6c0
RTL: _ZNK7AP_AHRS14Write_AttitudeERK7Vector3IfE @ 0x91c760
RTL: _ZN7AP_AHRS9Log_WriteEv @ 0x91c870
RTL: _ZNK18AR_AttitudeControl27get_throttle_speed_pid_infoEv @ 0xac7b00
RTL: _ZN7NavEKF29Log_WriteEv @ 0x91c900
RTL: _ZN7NavEKF39Log_WriteEv @ 0x91ca10
RTL: _ZNK7AP_AHRS11Write_AHRS2Ev @ 0x91cb20
RTL: _ZNK7AP_AHRS9Write_POSEv @ 0x91cd00
RTL: _ZN4SITL3SIM18Log_Write_SIMSTATEEv @ 0x91ce60
RTL: _ZNK7AP_AHRS36get_relative_position_D_origin_floatERf @ 0x91cff0
RTL: _ZNK7AP_AHRS22get_secondary_attitudeER7Vector3IfE @ 0xac7bf0
RTL: _ZNK7AP_AHRS22get_secondary_positionER8Location @ 0xac7c70
RTL: _ZNK7AP_AHRS24get_secondary_quaternionER11QuaternionTIfE @ 0xac7cf0
RTL: _ZL7degreesf.1448 @ 0x91d080
RTL: _ZN12NavEKF3_core9Log_WriteEm @ 0x91d0d0
RTL: _ZNK7AP_EnumIN7NavEKF38LogLevelEEcvKS1_Ev @ 0xac7d70
RTL: _ZNK12NavEKF3_core14Log_Write_XKF4Em @ 0x91d220
RTL: _ZN12NavEKF3_core13Log_Write_GSFEm @ 0x91d570
RTL: _ZNK12NavEKF3_core14Log_Write_XKF1Em @ 0x91d620
RTL: _ZNK12NavEKF3_core14Log_Write_XKF2Em @ 0x91d8f0
RTL: _ZNK12NavEKF3_core14Log_Write_XKF3Em @ 0x91db90
RTL: _ZNK12NavEKF3_core14Log_Write_XKF5Em @ 0x91ddf0
RTL: _ZNK12NavEKF3_core14Log_Write_XKFSEm @ 0x91e050
RTL: _ZNK12NavEKF3_core20Log_Write_QuaternionEm @ 0x91e160
RTL: _ZN12NavEKF3_core16Log_Write_BeaconEm @ 0x91e240
RTL: _ZN12NavEKF3_core18Log_Write_BodyOdomEm @ 0x91e530
RTL: _ZN12NavEKF3_core25Log_Write_State_VariancesEm @ 0x91e6a0
RTL: _ZN12NavEKF3_core16Log_Write_TimingEm @ 0x91e9c0
RTL: _ZNK6AP_DAL12logging_coreEh @ 0x91eb20
RTL: _ZL3MAXIjjEDTqugtfp_fp0_fp_fp0_ERKT_RKT0_ @ 0x91eb70
RTL: _ZNK16AP_NavEKF_Source21getPosVelYawSourceSetEv @ 0xac7dc0
RTL: _ZL3MAXIddEDTqugtfp_fp0_fp_fp0_ERKT_RKT0_.4083 @ 0x91ebf0
RTL: _ZL3MINIdiEDTqultfp_fp0_fp_fp0_ERKT_RKT0_.4084 @ 0x91ec70
RTL: _ZNK12NavEKF3_core14getInnovationsER7Vector3IfES2_S2_RfS3_ @ 0x91ed10
RTL: _ZL7degreesf.4081 @ 0x91ef10
RTL: _ZNK12NavEKF3_core26getSynthAirDataInnovationsER7Vector2IfERf @ 0x91ef60
RTL: _ZNK12NavEKF3_core20getPosDownDerivativeEv @ 0x91f030
RTL: _ZN10EKFGSF_yaw9Log_WriteEm11LogMessagesS0_h @ 0x91f090
RTL: _ZL7degreesf.17657 @ 0x91f410
RTL: _ZL3MAXIffEDTqugtfp_fp0_fp_fp0_ERKT_RKT0_.17658 @ 0x91f460
RTL: _ZL3MAXIdfEDTqugtfp_fp0_fp_fp0_ERKT_RKT0_.4082 @ 0x91f4e0
RTL: _ZN5Rover14update_compassEv @ 0x921070
RTL: _ZN5Rover20update_wheel_encoderEv @ 0x9210d0
RTL: _ZN11AP_WindVane6updateEv @ 0x921a10
RTL: _ZN12AP_Proximity6updateEv @ 0x922630
RTL: _ZNK12AP_Proximity15get_filter_freqEv @ 0xac7e80
RTL: _ZN24AP_Proximity_Boundary_3D15set_filter_freqEf @ 0xac7ee0
RTL: _ZN24AP_Proximity_Boundary_3D18check_face_timeoutEv @ 0x922700
RTL: _ZN9AP_Beacon6updateEv @ 0x922860
RTL: _ZN6AP_GPS6updateEv @ 0x922f70
RTL: _ZN6AP_GPS15update_instanceEh @ 0x9230f0
RTL: _ZN6AP_GPS14update_primaryEv @ 0x923890
RTL: _ZN14AP_GPS_Blended19zero_health_counterEv @ 0xac7f50
RTL: _ZN6AP_GPS9Write_GPSEh @ 0x925060
RTL: _ZL3MINIfiEDTqultfp_fp0_fp_fp0_ERKT_RKT0_.2521 @ 0x9254a0
RTL: _ZNK6AP_GPS26last_message_delta_time_msEh @ 0xac8000
RTL: _ZNK6AP_GPS10should_logEv @ 0x925540
RTL: _ZN6AP_GPS16send_blob_updateEh @ 0x9266c0
RTL: _ZN14AP_GPS_Backend14check_new_itowEjj @ 0x92b410
RTL: _ZN12AP_GPS_UBLOX20_request_next_configEv @ 0x92f600
RTL: _ZN12AP_GPS_UBLOX21_request_message_rateEhh @ 0x9300a0
RTL: _ZN12AP_GPS_UBLOX13_request_portEv @ 0x930160
RTL: _ZN12AP_GPS_UBLOX13_send_messageEhhPKvt @ 0x9301f0
RTL: _ZN12AP_GPS_UBLOX16_update_checksumEPhtRhS1_ @ 0x9310b0
RTL: _ZN12AP_GPS_UBLOX4readEv @ 0x9311e0
RTL: _ZNK12AP_GPS_UBLOX13is_configuredEv @ 0xac8e80
RTL: _ZNK12AP_GPS_UBLOX7get_lagERf @ 0x9318c0
RTL: _ZNK12AP_GPS_UBLOX10is_healthyEv @ 0x931a50
RTL: _ZL3MINIjjEDTqultfp_fp0_fp_fp0_ERKT_RKT0_.2814 @ 0x931ea0
RTL: _ZN12AP_GPS_UBLOXUt_ixEm @ 0xac8f90
RTL: _ZN12AP_GPS_UBLOX10_parse_gpsEv @ 0x931f20
RTL: _ZN12AP_GPS_UBLOX15_check_new_itowEj @ 0x9353e0
RTL: _ZN12AP_GPS_UBLOX23_configure_message_rateEhhh @ 0x935460
RTL: _ZN5Rover10set_servosEv @ 0x93ca60
RTL: _ZN12AP_MotorsUGV6outputEbff @ 0x93cd40
RTL: _ZN12AP_MotorsUGV23sanity_check_parametersEv @ 0x93ceb0
RTL: _ZN12AP_MotorsUGV19slew_limit_throttleEf @ 0x93cfd0
RTL: _ZN12AP_MotorsUGV14output_regularEbfff @ 0x93d0b0
RTL: _ZN12AP_MotorsUGV20output_skid_steeringEbfff @ 0x93d510
RTL: _ZN12AP_MotorsUGV11output_omniEbfff @ 0x93dc50
RTL: _ZN12AP_MotorsUGV11output_sailEv @ 0x93dfe0
RTL: _ZN12SRV_Channels8calc_pwmEv @ 0x93e080
RTL: _ZN12SRV_Channels13output_ch_allEv @ 0x93e2a0
RTL: _ZN12AP_MotorsUGV21set_limits_from_inputEbff @ 0x93e350
RTL: _ZN12AP_MotorsUGV15output_throttleEN11SRV_Channel8FunctionEff @ 0x93e540
RTL: _ZNK12AP_MotorsUGV19get_scaled_throttleEf @ 0x93e930
RTL: _ZN12AP_MotorsUGV28get_rate_controlled_throttleEN11SRV_Channel8FunctionEff @ 0x93eca0
RTL: _ZN6AC_PID12reset_filterEv @ 0xaca7c0
RTL: _ZN6AC_PID7reset_IEv @ 0x93f1f0
RTL: _ZN6AC_PID10update_allEfffbf @ 0x93f3b0
RTL: _ZNK6AC_PID6get_ffEv @ 0x93f9c0
RTL: _ZNK6AC_PID16get_filt_T_alphaEf @ 0x93fa20
RTL: _ZNK6AC_PID16get_filt_E_alphaEf @ 0x93faa0
RTL: _ZNK6AC_PID16get_filt_D_alphaEf @ 0x93fb20
RTL: _ZN6AC_PID8update_iEfb @ 0x93fba0
RTL: _ZN11SlewLimiter8modifierEff @ 0x93fda0
RTL: _ZNK11SlewLimiter13get_slew_rateEv @ 0xacaa30
RTL: _ZNK12AP_MotorsUGV20have_vectored_thrustEv @ 0xacaa80
RTL: _ZNK12AP_MotorsUGV25get_slew_limited_throttleEff @ 0x940590
RTL: _ZN5Rover19update_current_modeEv @ 0x940d30
RTL: _ZN14AP_OpticalFlow6updateEv @ 0x940e40
RTL: _ZN5Rover17read_rangefindersEv @ 0x9423f0
RTL: _ZN11RangeFinder6updateEv @ 0x942460
RTL: _ZN5Rover15Log_Write_DepthEv @ 0x942580
RTL: _ZNK11RangeFinder8Log_RFNDEv @ 0x9427e0
RTL: _ZN5Rover11ahrs_updateEv @ 0x942920
RTL: _ZN5Rover22update_ahrs_flyforwardEv @ 0x942b30
RTL: _ZN9AP_Follow16update_estimatesEv @ 0x942d20
RTL: _ZNK17AP_InertialSensor9Write_IMUEv @ 0x943b50
RTL: _ZL3MAXIhhEDTqugtfp_fp0_fp_fp0_ERKT_RKT0_ @ 0x943d60
RTL: _ZNK17AP_InertialSensor18Write_IMU_instanceEmh @ 0x943de0
RTL: _ZNK17AP_InertialSensor16get_gyro_rate_hzEh @ 0xacab30
RTL: _ZNK17AP_InertialSensor17get_accel_rate_hzEh @ 0xacabb0
RTL: _ZN9AP_Follow32clear_dist_and_bearing_to_targetEv @ 0x943f70
RTL: _Z15sqrt_controllerffff @ 0x9449f0
RTL: _ZL2sqf.3224 @ 0x944fe0
RTL: _Z15sqrt_controllerRK7Vector2IfEfff @ 0x945030
RTL: _ZN7Vector2IfE12limit_lengthEf @ 0xacacc0
RTL: _ZL3MINIffEDTqultfp_fp0_fp_fp0_ERKT_RKT0_.1431 @ 0x945810
RTL: _ZN5Rover10read_radioEv @ 0x9458a0
RTL: _ZN11RC_Channels10read_inputEv @ 0x945950
RTL: _ZN5Rover20radio_failsafe_checkEt @ 0x945a80
RTL: _ZN10RC_Channel6updateEv @ 0x945b80
RTL: _ZN11RC_Channels23rudder_arm_disarm_checkEv @ 0x945cf0
RTL: _ZNK11RC_Channels19has_had_rc_receiverEv @ 0xacad90
RTL: _ZNK10RC_Channel12pwm_to_angleEv @ 0x945f60
RTL: _ZNK10RC_Channel15pwm_to_angle_dzEt @ 0x945fd0
RTL: _ZNK10RC_Channel20pwm_to_angle_dz_trimEtt @ 0x946060
RTL: _ZN5Rover8set_modeEN4Mode6NumberE10ModeReason @ 0x946450
RTL: _ZNK4Mode16has_manual_inputEv @ 0xacbf30
RTL: _ZNK4Mode19attitude_stabilizedEv @ 0xacbf80
RTL: _ZNK4Mode17requires_positionEv @ 0xacbfd0
RTL: _ZNK4Mode17requires_velocityEv @ 0xacc020
RTL: _ZNK4Mode10wp_bearingEv @ 0x946f10
RTL: _ZNK4Mode11nav_bearingEv @ 0x946fb0
RTL: _ZNK4Mode16crosstrack_errorEv @ 0x947050
RTL: _ZNK4Mode21get_desired_lat_accelEv @ 0x9470e0
RTL: _ZN4Mode18init_reversed_flagEv @ 0xacc1d0
RTL: _ZN4Mode5_exitEv @ 0xacc240
RTL: _ZN4Mode13calc_throttleEfb @ 0x9476f0
RTL: _ZNK18AR_AttitudeControl31get_desired_speed_accel_limitedEff @ 0x947b40
RTL: _ZNK8AC_Avoid13limits_activeEv @ 0xacc290
RTL: _ZN18AR_AttitudeControl21get_throttle_out_stopEbbfffRb @ 0x948190
RTL: _ZNK18AR_AttitudeControl13pitch_limitedEv @ 0xacc300
RTL: _ZN18AR_AttitudeControl22get_throttle_out_speedEfbbfff @ 0x9483c0
RTL: _ZN12AP_MotorsUGV12set_throttleEf @ 0x9488d0
RTL: _ZL3MAXIffEDTqugtfp_fp0_fp_fp0_ERKT_RKT0_.11066 @ 0x949020
RTL: _ZN8Sailboat11relax_sailsEv @ 0x9490a0
RTL: _ZN12AP_MotorsUGV12set_mainsailEf @ 0x949980
RTL: _ZN12AP_MotorsUGV12set_wingsailEf @ 0x949a90
RTL: _ZN12AP_MotorsUGV17set_mast_rotationEf @ 0x949ba0
RTL: _ZN8AC_Avoid15adjust_velocityER7Vector3IfERbfffff @ 0x949d20
RTL: _ZL3MINIffEDTqultfp_fp0_fp_fp0_ERKT_RKT0_.8253 @ 0x94a480
RTL: _ZNK8AC_Avoid27proximity_avoidance_enabledEv @ 0xacc360
RTL: _ZN8AC_Avoid25adjust_velocity_proximityEffR7Vector3IfES2_fff @ 0x94a510
RTL: _ZN8AC_Avoid29find_max_quadrant_velocity_3DER7Vector3IfER7Vector2IfES5_S5_S5_RfS6_ @ 0x94ae20
RTL: _ZN8AC_Avoid21adjust_velocity_fenceEffR7Vector3IfES2_fff @ 0x94afa0
RTL: _ZL3MAXIffEDTqugtfp_fp0_fp_fp0_ERKT_RKT0_.8254 @ 0x94b380
RTL: _ZN8AC_Avoid11limit_accelERK7Vector3IfERS1_f @ 0x94b400
RTL: _ZN8AC_Avoid28adjust_velocity_circle_fenceEffR7Vector2IfES2_f @ 0x94b7f0
RTL: _ZN8AC_Avoid26find_max_quadrant_velocityER7Vector2IfES2_S2_S2_S2_ @ 0x94be80
RTL: _ZN8AC_Avoid48adjust_velocity_inclusion_and_exclusion_polygonsEffR7Vector2IfES2_f @ 0x94c140
RTL: _ZN8AC_Avoid33adjust_velocity_inclusion_circlesEffR7Vector2IfES2_f @ 0x94c4f0
RTL: _ZN8AC_Avoid33adjust_velocity_exclusion_circlesEffR7Vector2IfES2_f @ 0x94cd70
RTL: _ZN8AC_Avoid17adjust_velocity_zEffRfS0_f @ 0x94d680
RTL: _ZNK8AC_Avoid21get_stopping_distanceEfff @ 0x94df50
RTL: _ZNK12AP_Proximity18get_obstacle_countEv @ 0x94e460
RTL: _ZNK7AP_AHRS15earth_to_body2DERK7Vector2IfE @ 0x94e4b0
RTL: _ZNK12AP_Proximity12get_obstacleEhR7Vector3IfE @ 0x94e560
RTL: _ZNK7AP_AHRS15body_to_earth2DERK7Vector2IfE @ 0x94ee60
RTL: _ZNK24AP_Proximity_Boundary_3D28convert_obstacle_num_to_faceEhRNS_4FaceE @ 0x94f0d0
RTL: _ZNK24AP_Proximity_Boundary_3D12get_obstacleEhR7Vector3IfE @ 0x94f1e0
RTL: _ZNK24AP_Proximity_Boundary_3D18get_obstacle_countEv @ 0x94f370
RTL: _ZNK18AR_AttitudeControl13get_accel_maxEv @ 0xaccd00
RTL: _ZNK18AR_AttitudeControl22get_turn_lat_accel_maxEv @ 0xacce30
RTL: _ZN13AR_PosControl10set_limitsEffff @ 0x94f450
RTL: _ZN13AR_PosControl4initEv @ 0x94f5b0
RTL: _ZN13AR_PosControl12set_reversedEb @ 0xaccf10
RTL: _ZN13AR_PosControl17init_ekf_xy_resetEv @ 0x94f740
RTL: _ZN7AP_AHRS24getLastPosNorthEastResetER7Vector2IfE @ 0x94f7b0
RTL: _ZN7NavEKF324getLastPosNorthEastResetER7Vector2IfE @ 0x94fa00
RTL: _ZL3MAXIfiEDTqugtfp_fp0_fp_fp0_ERKT_RKT0_.11114 @ 0x94fb50
RTL: _ZL3MINIffEDTqultfp_fp0_fp_fp0_ERKT_RKT0_.11113 @ 0x94fbf0
RTL: _ZN7AC_P_2D10set_limitsEfff @ 0x94fc80
RTL: _ZL3MINIffEDTqultfp_fp0_fp_fp0_ERKT_RKT0_.18776 @ 0x94fe20
RTL: _Z19inv_sqrt_controllerfff @ 0x94feb0
RTL: _ZL3MAXI9AP_ParamTIfL11ap_var_type4EEfEDTqugtfp_fp0_fp_fp0_ERKT_RKT0_ @ 0x9500f0
RTL: _ZL3MAXI9AP_ParamTIfL11ap_var_type4EEfEDTqugtfp_fp0_fp_fp0_ERKT_RKT0_.1138 @ 0x950180
RTL: _ZN4Mode12set_reversedEb @ 0x950290
RTL: _ZN8AR_WPNav12set_reversedEb @ 0xaccfd0
RTL: _ZNK8AR_WPNav27get_distance_to_destinationEv @ 0xacd030
RTL: _ZNK8AR_WPNav13get_lat_accelEv @ 0xacd080
RTL: _ZNK8AR_WPNav16crosstrack_errorEv @ 0xacd0d0
RTL: _ZNK8AR_WPNav14nav_bearing_cdEv @ 0xacd120
RTL: _ZN4Mode12stop_vehicleEv @ 0x950790
RTL: _ZN12AP_MotorsUGV12set_steeringEfb @ 0x950b70
RTL: _ZNK7Vector2IfE9projectedERKS0_ @ 0xacd170
RTL: _ZN13AR_PosControl6updateEf @ 0x950c90
RTL: _ZNK13AR_PosControl17get_desired_speedEv @ 0xacd210
RTL: _ZNK13AR_PosControl26get_desired_turn_rate_radsEv @ 0xacd260
RTL: _ZN4Mode28calc_steering_from_turn_rateEf @ 0x951850
RTL: _ZN18AR_AttitudeControl21get_steering_out_rateEfbbf @ 0x951930
RTL: _ZN4Mode12set_steeringEf @ 0x951db0
RTL: _ZNK4Mode19allows_stick_mixingEv @ 0xacd2b0
RTL: _ZL7radiansf.11065 @ 0x952030
RTL: _ZNK18AR_AttitudeControl28get_turn_rate_from_lat_accelEff @ 0x952080
RTL: _ZN13AR_PosControl19handle_ekf_xy_resetEv @ 0x9521d0
RTL: _ZN9AC_PID_2D7reset_IEv @ 0x952330
RTL: _ZN9AC_PID_2D12reset_filterEv @ 0xacd370
RTL: _ZN7AC_P_2D10update_allER7Vector2IdERKS1_ @ 0x952390
RTL: _ZN7AC_P_2D2kPEv @ 0xacd3c0
RTL: _ZNK18AR_AttitudeControl19steering_limit_leftEv @ 0xacd410
RTL: _ZNK18AR_AttitudeControl20steering_limit_rightEv @ 0xacd470
RTL: _ZN9AC_PID_2D10update_allERK7Vector2IfES3_fS3_ @ 0x9524f0
RTL: _ZNK9AC_PID_2D5get_iEv @ 0x952a30
RTL: _ZN9AC_PID_2D14set_integratorERK7Vector2IfE @ 0x952a80
RTL: _ZL3MAXIffEDTqugtfp_fp0_fp_fp0_ERKT_RKT0_.11115 @ 0x952b10
RTL: _ZNK9AC_PID_2D16get_filt_E_alphaEf @ 0x952b90
RTL: _ZNK9AC_PID_2D16get_filt_D_alphaEf @ 0x952c10
RTL: _ZN9AC_PID_2D8update_iEfRK7Vector2IfE @ 0x952c90
RTL: _ZNK8Sailboat18use_indirect_routeEf @ 0x9530f0
RTL: _ZNK4Mode14calc_speed_maxEff @ 0x9541f0
RTL: _ZN8AR_WPNav4initEf @ 0x955270
RTL: _ZL3MAXIffEDTqugtfp_fp0_fp_fp0_ERKT_RKT0_.11144 @ 0x9555d0
RTL: _ZL3MINIffEDTqultfp_fp0_fp_fp0_ERKT_RKT0_.11154 @ 0x955650
RTL: _ZN8AR_WPNav19set_nudge_speed_maxEf @ 0x955770
RTL: _ZNK8AR_WPNav20is_destination_validEv @ 0xacdee0
RTL: _ZNK8AR_WPNav15get_destinationEv @ 0xacdf40
RTL: _ZN4Mode20navigate_to_waypointEv @ 0x955dc0
RTL: _ZNK11AR_WPNav_OA19reached_destinationEv @ 0x956100
RTL: _ZNK8AR_WPNav19reached_destinationEv @ 0xacdf90
RTL: _ZNK8AR_WPNav12get_reversedEv @ 0xacdff0
RTL: _ZN4Mode16calc_speed_nudgeEfb @ 0x956180
RTL: _ZN11AR_WPNav_OA6updateEf @ 0x956350
RTL: _ZNK8AR_WPNav9get_speedEv @ 0xace050
RTL: _ZNK11AR_WPNav_OA16oa_wp_bearing_cdEv @ 0x956930
RTL: _ZNK8AR_WPNav18get_turn_rate_radsEv @ 0xace0a0
RTL: _ZNK8AR_WPNav16oa_wp_bearing_cdEv @ 0xace160
RTL: _ZN16AP_OAPathPlanner13get_singletonEv @ 0xace1b0
RTL: _ZN16AP_OAPathPlanner17mission_avoidanceERK8LocationS2_S2_S2_RS0_S3_S3_RbRNS_17OAPathPlannerUsedE @ 0x9569c0
RTL: _ZN11AR_WPNav_OA45update_oa_distance_and_bearing_to_destinationEv @ 0x956d20
RTL: _ZN8AR_WPNav6updateEf @ 0x956e20
RTL: _ZN8AR_WPNav16update_speed_maxEv @ 0x956ff0
RTL: _ZNK12AR_PivotTurn6activeEv @ 0x957200
RTL: _ZN8AR_WPNav29advance_wp_target_along_trackERK8Locationf @ 0x957270
RTL: _ZN8AR_WPNav25update_steering_and_speedERK8Locationf @ 0x957a50
RTL: _ZNK8AR_WPNav21calc_crosstrack_errorERK8Location @ 0x957c60
RTL: _ZNK13AR_PosControl21get_desired_lat_accelEv @ 0xace1f0
RTL: _ZN8AR_WPNav29init_pos_control_if_necessaryEv @ 0x957f00
RTL: _ZNK13AR_PosControl13get_pos_errorEv @ 0x957ff0
RTL: _ZNK13AR_PosControl20get_desired_velocityEv @ 0x9580d0
RTL: _ZNK7Vector2IfE3dotERKS0_ @ 0xace240
RTL: _ZN13AR_PosControl9get_pos_pEv @ 0xace2a0
RTL: _ZL3MAXI9AP_ParamTIfL11ap_var_type4EEfEDTqugtfp_fp0_fp_fp0_ERKT_RKT0_.11143 @ 0x958150
RTL: _ZNK13AR_PosControl17get_lat_accel_maxEv @ 0xace2f0
RTL: _ZN6SCurve26advance_target_along_trackERS_S0_ffbfR7Vector3IfES3_S3_ @ 0x9581e0
RTL: _ZN13AR_PosControl24set_pos_vel_accel_targetERK7Vector2IdERKS0_IfES6_ @ 0x958640
RTL: _ZN6SCurve21move_to_pos_vel_accelEfR7Vector3IfES2_S2_ @ 0x958710
RTL: _ZN6SCurve23move_from_pos_vel_accelEfR7Vector3IfES2_S2_ @ 0x958900
RTL: _ZNK6SCurve18get_time_remainingEv @ 0x958ae0
RTL: _ZNK6SCurve16get_time_elapsedEv @ 0xace340
RTL: _ZNK6SCurve30get_jerk_accel_vel_pos_at_timeEfRfS0_S0_S0_ @ 0x958e20
RTL: _ZNK6SCurve32calc_javp_for_segment_const_jerkEfffffRfS0_S0_S0_ @ 0x959360
RTL: _ZNK6SCurve31calc_javp_for_segment_incr_jerkEffffffRfS0_S0_S0_ @ 0x959500
RTL: _ZNK6SCurve31calc_javp_for_segment_decr_jerkEffffffRfS0_S0_S0_ @ 0x9598a0
RTL: _ZN6SCurve12advance_timeEf @ 0x959d60
RTL: _ZNK4Mode15get_pilot_inputERfS0_ @ 0x95ba80
RTL: _ZL3MAXIffEDTqugtfp_fp0_fp_fp0_ERKT_RKT0_ @ 0x95bc90
RTL: _ZNK7ModeRTL11mode_numberEv @ 0xace480
RTL: _ZNK7ModeRTL5name4Ev @ 0xace4d0
RTL: _ZN7ModeRTL6updateEv @ 0x95bd10
RTL: _ZNK7ModeRTL17is_autopilot_modeEv @ 0xace520
RTL: _ZNK7ModeRTL27get_distance_to_destinationEv @ 0xace5c0
RTL: _ZNK7ModeRTL20get_desired_locationER8Location @ 0x95bea0
RTL: _ZN7ModeRTL6_enterEv @ 0x95c040
RTL: _ZL3MAXIf9AP_ParamTIfL11ap_var_type4EEEDTqugtfp_fp0_fp_fp0_ERKT_RKT0_ @ 0x95c190
RTL: _ZNK8AP_Rally32calc_best_rally_or_home_locationERK8Locationf @ 0x95c230
RTL: _ZNK11AR_WPNav_OA18get_oa_destinationEv @ 0x95c380
RTL: _ZNK8AR_WPNav18get_oa_destinationEv @ 0xace610
RTL: _ZNK14AP_BattMonitor22capacity_remaining_pctERhh @ 0x964ed0
RTL: _ZNK9GCS_Rover11custom_modeEv @ 0x9655c0
RTL: _ZNK9GCS_Rover10frame_typeEv @ 0x965620
RTL: _ZN9GCS_Rover4chanEh @ 0xad0520
RTL: _ZNK9GCS_Rover19vehicle_initialisedEv @ 0x9656a0
RTL: _ZN9GCS_Rover34update_vehicle_sensor_status_flagsEv @ 0x965850
RTL: _ZN11GCS_MAVLINK14packetReceivedERK16__mavlink_statusRK17__mavlink_message @ 0x965c50
RTL: _ZNK11GCS_MAVLINK13mission_stateERK10AP_Mission @ 0x965e50
RTL: _ZNK17GCS_MAVLINK_Rover16send_rangefinderEv @ 0x965f30
RTL: _ZNK17GCS_MAVLINK_Rover26send_nav_controller_outputEv @ 0x966070
RTL: _ZN17GCS_MAVLINK_Rover15send_pid_tuningEv @ 0x9661e0
RTL: _ZN11GCS_MAVLINK21send_scaled_pressure3Ev @ 0x966b20
RTL: _ZNK11GCS_MAVLINK13send_attitudeEv @ 0x966b80
RTL: _ZN17GCS_MAVLINK_Rover31send_position_target_global_intEv @ 0x966d50
RTL: _ZNK11GCS_MAVLINK17send_winch_statusEv @ 0xad08b0
RTL: _ZNK17GCS_MAVLINK_Rover9base_modeEv @ 0x9670d0
RTL: _ZNK17GCS_MAVLINK_Rover21vehicle_system_statusEv @ 0x967220
RTL: _ZNK11GCS_MAVLINK19persist_streamratesEv @ 0xad09a0
RTL: _ZN17GCS_MAVLINK_Rover25handle_command_int_packetERK23__mavlink_command_int_tRK17__mavlink_message @ 0x9673b0
RTL: _ZN17GCS_MAVLINK_Rover14handle_messageERK17__mavlink_message @ 0x967a60
RTL: _ZN17GCS_MAVLINK_Rover16try_send_messageE10ap_message @ 0x968c90
RTL: _ZN11GCS_MAVLINK24send_global_position_intEv @ 0x968ee0
RTL: _ZNK11GCS_MAVLINK23global_position_int_altEv @ 0x969060
RTL: _ZNK11GCS_MAVLINK32global_position_int_relative_altEv @ 0x9690c0
RTL: _ZNK11GCS_MAVLINK17vfr_hud_climbrateEv @ 0x969130
RTL: _ZNK11GCS_MAVLINK16vfr_hud_airspeedEv @ 0x9691f0
RTL: _ZNK17GCS_MAVLINK_Rover16vfr_hud_throttleEv @ 0x969290
RTL: _ZNK11GCS_MAVLINK11vfr_hud_altEv @ 0x9692f0
RTL: _ZN11GCS_MAVLINK35convert_COMMAND_LONG_to_COMMAND_INTERK24__mavlink_command_long_tR23__mavlink_command_int_t9MAV_FRAME @ 0x969710
RTL: _ZN11GCS_MAVLINK28command_long_stores_locationE7MAV_CMD @ 0x969ca0
RTL: _ZL30convert_COMMAND_LONG_loc_paramfb @ 0x969d80
RTL: _ZL7degreesf.11 @ 0x969e30
RTL: _ZL3MINIfiEDTqultfp_fp0_fp_fp0_ERKT_RKT0_ @ 0x969e80
RTL: _ZNK4Mode11speed_errorEv @ 0xad0b40
RTL: _ZL36mavlink_msg_global_position_int_send17mavlink_channel_tjiiiissst @ 0x96a420
RTL: _ZN17GCS_MAVLINK_Rover14send_servo_outEv @ 0x96a540
RTL: _ZN5Rover27send_wheel_encoder_distanceE17mavlink_channel_t @ 0x96a6f0
RTL: _ZNK11AP_WindVane9send_windE17mavlink_channel_t @ 0x96a880
RTL: _ZNK11GCS_MAVLINK23get_ap_message_intervalE10ap_messageRt @ 0x96a990
RTL: _ZN13AP_OADatabase17send_adsb_vehicleE17mavlink_channel_tt @ 0x96aac0
RTL: _ZN17GCS_MAVLINK_Rover16send_water_depthEv @ 0x96b060
RTL: _ZN11GCS_MAVLINK16try_send_messageE10ap_message @ 0x96b350
RTL: _ZN11GCS_MAVLINK17queued_param_sendEv @ 0x96c000
RTL: _ZNK11GCS_MAVLINK14send_heartbeatEv @ 0x96c2b0
RTL: _ZNK11GCS_MAVLINK8send_rpmEv @ 0x96c670
RTL: _ZN11GCS_MAVLINK24try_send_mission_messageE10ap_message @ 0x96c750
RTL: _ZN7Compass21send_mag_cal_progressERK11GCS_MAVLINK @ 0x96c950
RTL: _ZN7Compass19send_mag_cal_reportERK11GCS_MAVLINK @ 0x96cba0
RTL: _ZN11GCS_MAVLINK19send_battery_statusEv @ 0x96ced0
RTL: _ZNK7AP_AHRS22send_ekf_status_reportER11GCS_MAVLINK @ 0x96d020
RTL: _ZN11GCS_MAVLINK12send_meminfoEv @ 0x96d120
RTL: _ZNK11GCS_MAVLINK17send_fence_statusEv @ 0x96d1e0
RTL: _ZN11GCS_MAVLINK20send_distance_sensorEv @ 0x96d350
RTL: _ZNK11GCS_MAVLINK16send_system_timeEv @ 0x96d890
RTL: _ZN6AP_GPS20send_mavlink_gps_rawE17mavlink_channel_t @ 0x96d920
RTL: _ZN6AP_GPS20send_mavlink_gps_rtkE17mavlink_channel_th @ 0x96dc70
RTL: _ZN6AP_GPS21send_mavlink_gps2_rawE17mavlink_channel_t @ 0x96dd50
RTL: _ZNK11GCS_MAVLINK19send_local_positionEv @ 0x96e0f0
RTL: _ZNK11GCS_MAVLINK34send_gimbal_device_attitude_statusEv @ 0x96e1c0
RTL: _ZN11GCS_MAVLINK16send_opticalflowEv @ 0x96e580
RTL: _ZN11GCS_MAVLINK17send_power_statusEv @ 0x96e6f0
RTL: _ZNK11GCS_MAVLINK16send_rc_channelsEv @ 0x96e800
RTL: _ZNK11GCS_MAVLINK20send_rc_channels_rawEv @ 0x96eac0
RTL: _ZN11GCS_MAVLINK12send_raw_imuEv @ 0x96ec40
RTL: _ZN11GCS_MAVLINK15send_scaled_imuEhPFv17mavlink_channel_tjssssssssssE @ 0x96f050
RTL: _ZL28mavlink_msg_scaled_imu2_send17mavlink_channel_tjssssssssss @ 0x96f310
RTL: _ZL28mavlink_msg_scaled_imu3_send17mavlink_channel_tjssssssssss @ 0x96f480
RTL: _ZN11GCS_MAVLINK20send_scaled_pressureEv @ 0x96f830
RTL: _ZN11GCS_MAVLINK21send_scaled_pressure2Ev @ 0x96f890
RTL: _ZN11GCS_MAVLINK13send_airspeedEv @ 0x96f8f0
RTL: _ZN11GCS_MAVLINK21send_servo_output_rawEv @ 0x96fab0
RTL: _ZNK11GCS_MAVLINK13send_simstateEv @ 0x96fed0
RTL: _ZN11GCS_MAVLINK15send_sys_statusEv @ 0x96fff0
RTL: _ZN11GCS_MAVLINK10send_ahrs2Ev @ 0x9702e0
RTL: _ZN11GCS_MAVLINK9send_ahrsEv @ 0x9703c0
RTL: _ZN11GCS_MAVLINK12send_vfr_hudEv @ 0x970540
RTL: _ZNK11GCS_MAVLINK14send_vibrationEv @ 0x970680
RTL: _ZNK11GCS_MAVLINK21send_generator_statusEv @ 0x970770
RTL: _ZN12AP_ESC_Telem26send_esc_telemetry_mavlinkEh @ 0x970af0
RTL: _ZN6AP_EFI19send_mavlink_statusE17mavlink_channel_t @ 0x970f80
RTL: _ZN6AP_AIS13get_singletonEv @ 0x971750
RTL: _ZN6AP_AIS4sendE17mavlink_channel_t @ 0x971790
RTL: _ZN11GCS_MAVLINK20send_available_modesEv @ 0x971b00
RTL: _ZNK11GCS_MAVLINK21battery_remaining_pctEh @ 0x972390
RTL: _ZL3MINIhiEDTqultfp_fp0_fp_fp0_ERKT_RKT0_.6112 @ 0x972840
RTL: _ZN12AP_Generator21send_generator_statusERK11GCS_MAVLINK @ 0x973160
RTL: _ZL26mavlink_msg_vibration_send17mavlink_channel_tmfffjjj @ 0x9731e0
RTL: _ZL24mavlink_msg_vfr_hud_send17mavlink_channel_tffstff @ 0x9732f0
RTL: _ZNK7AP_AHRS12get_error_rpEv @ 0x973480
RTL: _ZNK7AP_AHRS13get_error_yawEv @ 0x9734e0
RTL: _ZL21mavlink_msg_ahrs_send17mavlink_channel_tfffffff @ 0x973540
RTL: _ZL22mavlink_msg_ahrs2_send17mavlink_channel_tffffii @ 0x973660
RTL: _ZNK9AP_Logger11num_droppedEv @ 0x973760
RTL: _ZNK14AP_BattMonitor11gcs_voltageEv @ 0xad0c70
RTL: _ZL27mavlink_msg_sys_status_send17mavlink_channel_tjjjttsatttttt @ 0x9737e0
RTL: _ZNK14AP_BattMonitor11gcs_voltageEh @ 0x973980
RTL: _ZNK17AP_Logger_Backend11num_droppedEv @ 0xad0cc0
RTL: _ZL7radiansf.14807 @ 0x973da0
RTL: _ZNK4SITL3SIM13simstate_sendE17mavlink_channel_t @ 0x974120
RTL: _ZL25mavlink_msg_simstate_send17mavlink_channel_tfffffffffii @ 0x9742f0
RTL: _ZL33mavlink_msg_servo_output_raw_send17mavlink_channel_tjhtttttttttttttttt @ 0x974490
RTL: _ZL33mavlink_msg_scaled_pressure2_send17mavlink_channel_tjffss @ 0x974790
RTL: _ZN11GCS_MAVLINK29send_scaled_pressure_instanceEhPFv17mavlink_channel_tjffssE @ 0x974870
RTL: _ZL32mavlink_msg_scaled_pressure_send17mavlink_channel_tjffss @ 0x974a60
RTL: _ZL24mavlink_msg_raw_imu_send17mavlink_channel_tmssssssssshs @ 0x974bc0
RTL: _ZNK11GCS_MAVLINK16sending_mavlink1Ev @ 0x974d40
RTL: _ZNK11GCS_MAVLINK13receiver_rssiEv @ 0x974da0
RTL: _ZL28mavlink_msg_rc_channels_send17mavlink_channel_tjhtttttttttttttttttth @ 0x974fb0
RTL: _ZL29mavlink_msg_power_status_send17mavlink_channel_tttt @ 0x975220
RTL: _ZN8AP_Mount34send_gimbal_device_attitude_statusE17mavlink_channel_t @ 0x975ca0
RTL: _ZL35mavlink_msg_local_position_ned_send17mavlink_channel_tjffffff @ 0x976300
RTL: _ZNK6AP_GPS12gps_yaw_cdegEh @ 0x976410
RTL: _ZNK6AP_GPS23have_gps_yaw_configuredEh @ 0xad0f20
RTL: _ZL28mavlink_msg_gps_raw_int_send17mavlink_channel_tmhiiitttthijjjjt @ 0x976710
RTL: _ZL28mavlink_msg_system_time_send17mavlink_channel_tmj @ 0x976900
RTL: _ZN11GCS_MAVLINK14send_proximityEv @ 0x977ea0
RTL: _ZNK12AP_Proximity12distance_minEv @ 0x978280
RTL: _ZL3MINIjjEDTqultfp_fp0_fp_fp0_ERKT_RKT0_.6116 @ 0x978740
RTL: _ZL24mavlink_msg_meminfo_send17mavlink_channel_tttj @ 0x9787c0
RTL: _ZNK7NavEKF318send_status_reportER11GCS_MAVLINK @ 0x978a60
RTL: _ZNK12NavEKF3_core18send_status_reportER11GCS_MAVLINK @ 0x978af0
RTL: _ZL41mavlink_msg_ekf_status_report_send_struct17mavlink_channel_tPK29__mavlink_ekf_status_report_t @ 0x978ef0
RTL: _ZNK14AP_BattMonitor13option_is_setEhN21AP_BattMonitor_Params7OptionsE @ 0x979a10
RTL: _ZNK11GCS_MAVLINK19send_battery_statusEh @ 0x979ae0
RTL: _ZL3MINIftEDTqultfp_fp0_fp_fp0_ERKT_RKT0_ @ 0x97a370
RTL: _ZNK14AP_BattMonitor14time_remainingERjh @ 0x97a410
RTL: _ZNK14AP_BattMonitor24get_mavlink_charge_stateEh @ 0x97a500
RTL: _ZNK14AP_BattMonitor25get_mavlink_fault_bitmaskEh @ 0x97a630
RTL: _ZL31mavlink_msg_battery_status_send17mavlink_channel_thhhsPKtsiiaihS1_hj @ 0x97a6e0
RTL: _ZN14typesafe_indexIh12TAG_PriorityErmERKh @ 0xad1170
RTL: _ZN11GCS_MAVLINK20send_mission_currentERK10AP_Missiont @ 0x97ae60
RTL: _ZL32mavlink_msg_mission_current_send17mavlink_channel_ttthh @ 0x97b330
RTL: _ZNK11GCS_MAVLINK13system_statusEv @ 0x97b800
RTL: _ZL26mavlink_msg_heartbeat_send17mavlink_channel_thhhjh @ 0x97b890
RTL: _ZN11GCS_MAVLINK28send_parameter_async_repliesEv @ 0x97b970
RTL: _ZN12ObjectBufferIN11GCS_MAVLINK19pending_param_replyEE4peekERS1_ @ 0xad1260
RTL: _ZL35mavlink_msg_rc_channels_scaled_send17mavlink_channel_tjhssssssssh @ 0x97c5e0
RTL: _ZN11GCS_MAVLINK14handle_messageERK17__mavlink_message @ 0x980fb0
RTL: _ZN11GCS_MAVLINK16handle_heartbeatERK17__mavlink_message @ 0x981b30
RTL: _ZN11GCS_MAVLINK19handle_command_longERK17__mavlink_message @ 0x982ea0
RTL: _ZN11GCS_MAVLINK26handle_request_data_streamERK17__mavlink_message @ 0x9844e0
RTL: _ZNK3GCS12sysid_is_gcsEh @ 0x989b40
RTL: _ZN11GCS_MAVLINK16sysid_mygcs_seenEj @ 0x989de0
RTL: _ZN3GCS16sysid_mygcs_seenEj @ 0xad1e30
RTL: _ZL38mavlink_msg_request_data_stream_decodePK17__mavlink_messageP31__mavlink_request_data_stream_t @ 0x98b050
RTL: _ZN9AP_Logger13Write_CommandERK23__mavlink_command_int_thh10MAV_RESULTb @ 0x98e2f0
RTL: _ZL31mavlink_msg_command_long_decodePK17__mavlink_messageP24__mavlink_command_long_t @ 0x98e470
RTL: _ZN11GCS_MAVLINK31try_command_long_as_command_intERK24__mavlink_command_long_tRK17__mavlink_message @ 0x98e540
RTL: _ZN11GCS_MAVLINK16_set_mode_commonEhj @ 0x990da0
RTL: _ZN12ObjectBufferIN7GCS_FTP11TransactionEE3popERS1_ @ 0xad23f0
RTL: _ZN11GCS_MAVLINK25handle_command_int_packetERK23__mavlink_command_int_tRK17__mavlink_message @ 0x997060
RTL: _ZN11GCS_MAVLINK26handle_command_do_set_modeERK23__mavlink_command_int_t @ 0x998320
RTL: _ZL43mavlink_msg_position_target_global_int_send17mavlink_channel_tjhtiifffffffff @ 0x99be60
RTL: _ZL25mavlink_msg_attitude_send17mavlink_channel_tjffffff @ 0x99c210
RTL: _ZL38mavlink_msg_nav_controller_output_send17mavlink_channel_tffsstfff @ 0x99c5f0
RTL: _ZN15MAVLink_routing17check_and_forwardER11GCS_MAVLINKRK17__mavlink_message @ 0x99c7d0
RTL: _ZN9AP_Follow10handle_msgERK17__mavlink_message @ 0x99cd40
RTL: _ZNK11GCS_MAVLINK13accept_packetERK16__mavlink_statusRK17__mavlink_message @ 0x99cec0
RTL: _ZNK9AP_Follow21should_handle_messageERK17__mavlink_message @ 0x99cfe0
RTL: _ZN15MAVLink_routing11learn_routeER11GCS_MAVLINKRK17__mavlink_message @ 0x99dfb0
RTL: _ZN15MAVLink_routing16handle_heartbeatER11GCS_MAVLINKRK17__mavlink_message @ 0x99e250
RTL: _ZN15MAVLink_routing11get_targetsERK17__mavlink_messageRsS3_ @ 0x99e480
RTL: _ZNK11AR_WPNav_OA13get_oa_originEv @ 0x9aa8c0
RTL: _ZN17RC_Channels_Rover7channelEh @ 0xad4f10
RTL: _ZN11RC_Channels16read_mode_switchEv @ 0x9adab0
RTL: _ZNK17RC_Channels_Rover14in_rc_failsafeEv @ 0x9adb40
RTL: _ZNK17RC_Channels_Rover15has_valid_inputEv @ 0x9adba0
RTL: _ZNK17RC_Channels_Rover18get_arming_channelEv @ 0x9adc20
RTL: _ZNK17RC_Channels_Rover26flight_mode_channel_numberEv @ 0x9adc70
RTL: mode_to_string @ 0xa1d140
RTL: mode_entry @ 0xa1d2c0
----------------------
Mode: 9 (CIRCLE)
CIRCLE: _ZN15AP_Arming_Rover14pre_arm_checksEb @ 0x5bfbf0
CIRCLE: _ZN2AP13serialmanagerEv @ 0x5c1810
CIRCLE: _ZNK9AP_ParamTIiL11ap_var_type3EEcvRKiEv @ 0xa21b60
CIRCLE: _ZN6AP_HAL4Util8snprintfEPcmPKcz @ 0x5c1c80
CIRCLE: _ZN6AP_HAL4Util9vsnprintfEPcmPKcP13__va_list_tag @ 0x5c1e60
CIRCLE: _ZN13BufferPrinterC2EPcm @ 0xa21bb0
CIRCLE: _Z13print_vprintfPN6AP_HAL12BetterStreamEPKcP13__va_list_tag @ 0x5c1fa0
CIRCLE: _Z12ultoa_invertjPch @ 0x5c3e30
CIRCLE: _ZN6AP_HAL12BetterStreamC2Ev @ 0xa21c60
CIRCLE: _ZN13BufferPrinter5writeEh @ 0xa21cc0
CIRCLE: _Z3gcsv @ 0x5c4420
CIRCLE: _ZNK3GCS28statustext_send_channel_maskEv @ 0x5c4530
CIRCLE: _ZN11GCS_MAVLINK19active_channel_maskEv @ 0xa21f60
CIRCLE: _ZN11GCS_MAVLINK22streaming_channel_maskEv @ 0xa21fa0
CIRCLE: _ZN11GCS_MAVLINK20private_channel_maskEv @ 0xa21fe0
CIRCLE: _ZN3GCS13get_singletonEv @ 0xa22020
CIRCLE: _ZNK16AP_SerialManager22find_protocol_instanceENS_14SerialProtocolEh @ 0x5c45c0
CIRCLE: _ZNK13AP_ParamTBaseIaL11ap_var_type1EE3getEv @ 0xa22060
CIRCLE: _ZNK16AP_SerialManager14protocol_matchENS_14SerialProtocolES0_ @ 0x5c4760
CIRCLE: _ZN16AP_SerialManager13get_singletonEv @ 0xa220b0
CIRCLE: _Z2rcv @ 0x5c4860
CIRCLE: _ZN11RC_Channels13get_singletonEv @ 0xa22150
CIRCLE: _ZNK9AP_ParamTIaL11ap_var_type1EEcvRKaEv @ 0xa22220
CIRCLE: _ZN6AP_HAL6millisEv @ 0x5c4ee0
CIRCLE: _ZN13WithSemaphoreD2Ev @ 0x5c4f20
CIRCLE: _ZN6AP_HAL8millis64Ev @ 0x5c4f80
CIRCLE: _ZN6AP_HAL8micros64Ev @ 0x5c4fc0
CIRCLE: _ZL14uint64_div1000m @ 0x5c5060
CIRCLE: _ZN7HALSITL9Scheduler4fromEPN6AP_HAL9SchedulerE @ 0xa22270
CIRCLE: _ZNK7HALSITL9Scheduler18stopped_clock_usecEv @ 0xa222c0
CIRCLE: _ZNK13AP_ParamTBaseIsL11ap_var_type2EE3getEv @ 0xa22310
CIRCLE: _ZN13WithSemaphoreC2ERN6AP_HAL9SemaphoreEj @ 0x5c51b0
CIRCLE: _ZN2AP9proximityEv @ 0x5c5290
CIRCLE: _ZN12AP_Proximity13get_singletonEv @ 0xa223a0
CIRCLE: _ZN2AP9schedulerEv @ 0x5c55b0
CIRCLE: _ZN12AP_Scheduler25get_filtered_loop_rate_hzEv @ 0xa22420
CIRCLE: _ZN12AP_Scheduler16get_loop_rate_hzEv @ 0xa22470
CIRCLE: _ZN10AP_Terrain13get_singletonEv @ 0xa22500
CIRCLE: _ZN12AP_Scripting13get_singletonEv @ 0xa225a0
CIRCLE: _ZN2AP13internalerrorEv @ 0x5c5920
CIRCLE: _ZNK16AP_InternalError6errorsEv @ 0xa22700
CIRCLE: _ZNK16AP_InternalError15last_error_lineEv @ 0xa22750
CIRCLE: _ZN2AP3rpmEv @ 0x5c5ab0
CIRCLE: _ZN2AP5relayEv @ 0x5c5e20
CIRCLE: _ZN12SRV_Channels17function_assignedEN11SRV_Channel8FunctionE @ 0x5c6660
CIRCLE: _ZNK9AP_ParamTIsL11ap_var_type2EEcvRKsEv @ 0xa22830
CIRCLE: _ZN12SRV_Channels25update_aux_servo_functionEv @ 0x5c67b0
CIRCLE: _ZNK7BitmaskILt190EE3getEt @ 0xa22880
CIRCLE: _ZNK7BitmaskILt190EE8validateEt @ 0xa22950
CIRCLE: _ZN7BitmaskILt190EE8clearallEv @ 0xa229e0
CIRCLE: _ZNK11SRV_Channel14valid_functionEv @ 0xa22a40
CIRCLE: _ZN11SRV_Channel24aux_servo_function_setupEv @ 0x5c72b0
CIRCLE: _ZN7BitmaskILt190EE3setEt @ 0xa22aa0
CIRCLE: _ZNK9AP_Enum16IN11SRV_Channel8FunctionEEcvKS1_Ev @ 0xa22b60
CIRCLE: _ZN11SRV_Channel14valid_functionENS_8FunctionE @ 0xa22bb0
CIRCLE: _ZN8AP_Relay13get_singletonEv @ 0xa22c60
CIRCLE: _ZN6AP_RPM13get_singletonEv @ 0xa22ca0
CIRCLE: _ZNK12AP_Scripting13option_is_setENS_11DebugOptionE @ 0xa22d90
CIRCLE: _ZNK13AP_ParamTBaseIiL11ap_var_type3EE3getEv @ 0xa22e90
CIRCLE: _ZNK2AP8PerfInfo25get_filtered_loop_rate_hzEv @ 0x5c76a0
CIRCLE: _ZNK2AP8PerfInfo17get_filtered_timeEv @ 0x5c7730
CIRCLE: _ZN12AP_Scheduler13get_singletonEv @ 0x5c7780
CIRCLE: _ZN2AP7missionEv @ 0x5c77c0
CIRCLE: _ZNK10AP_Mission12num_commandsEv @ 0xa22ee0
CIRCLE: _ZN10AP_Mission18stored_in_locationEt @ 0x5c7aa0
CIRCLE: _ZN10AP_Mission15Mission_CommandC2Ev @ 0xa22f40
CIRCLE: _ZNK10AP_Mission21read_cmd_from_storageEtRNS_15Mission_CommandE @ 0x5c7c30
CIRCLE: _ZN10AP_Mission7ContentC2Ev @ 0xa22fa0
CIRCLE: _ZN2AP4ahrsEv @ 0x5c80f0
CIRCLE: _ZNK7AP_AHRS8get_homeEv @ 0xa22ff0
CIRCLE: _ZNK13StorageAccess9read_byteEt @ 0x5c8130
CIRCLE: _ZNK13StorageAccess11read_uint16Et @ 0x5c81a0
CIRCLE: _ZNK13StorageAccess10read_blockEPvtm @ 0x5c8220
CIRCLE: _ZN7AP_AHRS13get_singletonEv @ 0xa23040
CIRCLE: _ZN8LocationC2Ev @ 0xa23080
CIRCLE: _ZN8Location4zeroEv @ 0x5c8750
CIRCLE: _ZN10AP_Mission13get_singletonEv @ 0xa230d0
CIRCLE: _ZNK7AP_AHRS12get_locationER8Location @ 0x5c88f0
CIRCLE: _ZN2AP7vehicleEv @ 0x5c8b60
CIRCLE: _ZNK10AP_Mission7presentEv @ 0xa231b0
CIRCLE: _ZN10AP_Vehicle13get_singletonEv @ 0x5c8ba0
CIRCLE: _ZNK8Location12get_distanceERKS_ @ 0x5c8dc0
CIRCLE: _ZNK9AP_ParamTIfL11ap_var_type4EEcvRKfILb1EEEv @ 0xa23220
CIRCLE: _ZN8Location14diff_longitudeEii @ 0x5c8e90
CIRCLE: _ZN8Location15longitude_scaleEi @ 0x5c8f70
CIRCLE: _Z4normIddJEEdT_T0_DpKT1_ @ 0xa23270
CIRCLE: _Z2sqIdJdEEdT_DpKT0_ @ 0xa232e0
CIRCLE: _Z2sqIdEdT_ @ 0xa23360
CIRCLE: _ZL3MAXIdfEDTqugtfp_fp0_fp_fp0_ERKT_RKT0_ @ 0x5c9010
CIRCLE: _ZN8LocationC2EiiiNS_8AltFrameE @ 0x5c90b0
CIRCLE: _ZN8Location10set_alt_cmEiNS_8AltFrameE @ 0x5c9150
CIRCLE: _ZN11RC_Channels23get_valid_channel_countEv @ 0x5c93f0
CIRCLE: _ZNK10RC_Channel12has_overrideEv @ 0x5c9460
CIRCLE: _ZNK13AP_ParamTBaseIfL11ap_var_type4EE3getEv @ 0xa23600
CIRCLE: _Z11is_positiveIfEbT_ @ 0xa23650
CIRCLE: _Z7is_zerof @ 0xa236b0
CIRCLE: _ZL3MINIihEDTqultfp_fp0_fp_fp0_ERKT_RKT0_.6275 @ 0x5c9520
CIRCLE: _ZN5Rover15ekf_position_okEv @ 0x5c9e10
CIRCLE: _ZNK7AP_AHRS17have_inertial_navEv @ 0x5c9f80
CIRCLE: _ZNK7AP_AHRS17get_filter_statusER17nav_filter_status @ 0x5c9fe0
CIRCLE: _ZNK9AP_Arming8is_armedEv @ 0x5ca110
CIRCLE: _ZNK7AP_AHRS8ekf_typeEv @ 0x5ca260
CIRCLE: _ZNK7NavEKF315getFilterStatusER17nav_filter_status @ 0x5ca3f0
CIRCLE: _ZN2AP12externalAHRSEv @ 0x5ca6e0
CIRCLE: _ZNK15AP_ExternalAHRS17get_filter_statusER17nav_filter_status @ 0x5ca720
CIRCLE: _ZN15AP_ExternalAHRS13get_singletonEv @ 0xa23940
CIRCLE: _ZNK12NavEKF3_core15getFilterStatusER17nav_filter_status @ 0x5ca8b0
CIRCLE: _ZNK7AP_AHRS14always_use_EKFEv @ 0xa23980
CIRCLE: _ZNK7AP_AHRS15active_EKF_typeEv @ 0xa239e0
CIRCLE: _ZNK7AP_AHRS7healthyEv @ 0x5ca990
CIRCLE: _ZN2AP7compassEv @ 0x5cb430
CIRCLE: _ZNK7Compass11use_for_yawEv @ 0x5cb470
CIRCLE: _ZNK16AP_NavEKF_Source12getYawSourceEh @ 0x5cc2e0
CIRCLE: _ZNK12NavEKF3_core7healthyEv @ 0x5cc5a0
CIRCLE: _ZNK16AP_NavEKF_Source14useVelXYSourceENS_8SourceXYEh @ 0x5cc960
CIRCLE: _ZNK16AP_NavEKF_Source18getActiveSourceSetEh @ 0xa23a30
CIRCLE: _ZNK7AP_EnumIN16AP_NavEKF_Source8SourceXYEEcvKS1_Ev @ 0xa23ae0
CIRCLE: _ZNK16AP_NavEKF_Source13option_is_setENS_13SourceOptionsE @ 0xa23b30
CIRCLE: _ZNK12NavEKF3_core15getFilterFaultsERt @ 0x5cca90
CIRCLE: _ZNK11QuaternionTIdE6is_nanEv @ 0xa23bb0
CIRCLE: _ZNK7Vector3IdE6is_nanEv @ 0xa23cb0
CIRCLE: _ZNK7AP_EnumIN16AP_NavEKF_Source9SourceYawEEcvKS1_Ev @ 0xa23d80
CIRCLE: _ZN2AP3dalEv @ 0x5ccbb0
CIRCLE: _ZN6AP_DAL7compassEv @ 0xa23dd0
CIRCLE: _ZNK14AP_DAL_Compass15get_num_enabledEv @ 0xa23e20
CIRCLE: _ZN6AP_DAL13get_singletonEv @ 0xa23e70
CIRCLE: _ZN7Matrix3IfEC2Ev @ 0xa242b0
CIRCLE: _ZN7Vector3IfEC2Ev @ 0xa243a0
CIRCLE: _ZN11QuaternionTIfEC2Ev @ 0xa24520
CIRCLE: _ZN7Vector2IfEC2Ev @ 0xa24590
CIRCLE: _ZN6AP_DAL4baroEv @ 0xa245f0
CIRCLE: _ZN6AP_DAL6beaconEv @ 0xa24690
CIRCLE: _ZN6AP_DAL3gpsEv @ 0xa24750
CIRCLE: _ZN6AP_DAL11rangefinderEv @ 0xa24860
CIRCLE: _ZN6AP_DAL10visualodomEv @ 0xa248b0
CIRCLE: _ZNK7Compass7healthyEh @ 0x5cd520
CIRCLE: _ZNK7Compass11use_for_yawEh @ 0x5cd5c0
CIRCLE: _ZNK7Compass9availableEv @ 0xa249d0
CIRCLE: _ZN14typesafe_indexIh12TAG_PriorityEC2Eh @ 0xa24a50
CIRCLE: _ZNK19RestrictIDTypeArrayI9AP_ParamTIaL11ap_var_type1EELj3E14typesafe_indexIh12TAG_PriorityEEixERKS5_ @ 0xa24ab0
CIRCLE: _ZNK7AP_EnumIN7Compass9LearnTypeEEcvKS1_Ev @ 0xa24b30
CIRCLE: _ZNK14typesafe_indexIh12TAG_PriorityE7get_intEv @ 0xa24b80
CIRCLE: _ZNK7Compass10_get_stateE14typesafe_indexIh12TAG_PriorityE @ 0xa24bd0
CIRCLE: _ZNK7Compass13_get_state_idE14typesafe_indexIh12TAG_PriorityE @ 0x5cd6a0
CIRCLE: _ZNK19RestrictIDTypeArrayIN7Compass9mag_stateELj4E14typesafe_indexIh14TAG_StateIndexEEixERKS4_ @ 0xa24c50
CIRCLE: _ZNK14typesafe_indexIh14TAG_StateIndexE7get_intEv @ 0xa24cd0
CIRCLE: _ZNK19RestrictIDTypeArrayIiLj3E14typesafe_indexIh12TAG_PriorityEEixERKS2_ @ 0xa24d20
CIRCLE: _ZN14typesafe_indexIh14TAG_StateIndexEC2Eh @ 0xa24da0
CIRCLE: _ZNK14typesafe_indexIh14TAG_StateIndexEltERKh @ 0xa24e00
CIRCLE: _ZN14typesafe_indexIh14TAG_StateIndexEppEi @ 0xa24e70
CIRCLE: _ZN7Compass13get_singletonEv @ 0xa24ee0
CIRCLE: _ZNK7NavEKF211activeCoresEv @ 0xa24f20
CIRCLE: _ZNK7NavEKF311activeCoresEv @ 0xa25360
CIRCLE: _ZN11QuaternionTIfE20from_rotation_matrixERK7Matrix3IfE @ 0xa25410
CIRCLE: _ZNK12NavEKF3_core11use_compassEv @ 0x5cdd30
CIRCLE: _ZNK14AP_DAL_Compass11use_for_yawEh @ 0xa25920
CIRCLE: _ZNK12NavEKF3_core20getRotationBodyToNEDER7Matrix3IfE @ 0x5cde00
CIRCLE: _ZNK11QuaternionTIdE15rotation_matrixER7Matrix3IfE @ 0xa25990
CIRCLE: _ZNK6AP_DAL43get_rotation_vehicle_body_to_autopilot_bodyEv @ 0xa25ba0
CIRCLE: _ZNK7Matrix3IfEmlERKS0_ @ 0xa25bf0
CIRCLE: _ZN7Vector3IfEC2Efff @ 0xa25e60
CIRCLE: _ZN7Matrix3IfEC2ERK7Vector3IfES4_S4_ @ 0xa25ef0
CIRCLE: _ZN7Vector3IfEdVEf @ 0xa25fa0
CIRCLE: _Z7wrap_PId @ 0x5cdf10
CIRCLE: _ZN7Vector3IfEmLEf @ 0xa26030
CIRCLE: _Z8wrap_2PId @ 0x5cdfa0
CIRCLE: _ZN11QuaternionTIfEC2Effff @ 0xa26370
CIRCLE: _ZNK11QuaternionTIfE15rotation_matrixER7Matrix3IfE @ 0xa26420
CIRCLE: _ZNK7Matrix3IfE13mul_transposeERK7Vector3IfE @ 0xa26610
CIRCLE: _ZNK7Vector3IfEmiERKS0_ @ 0xa26720
CIRCLE: _ZNK7Vector3IfE6lengthEv @ 0xa267d0
CIRCLE: _Z20constrain_value_lineIfET_S0_S0_S0_j @ 0xa26830
CIRCLE: _Z4normIffJfEEdT_T0_DpKT1_ @ 0xa26950
CIRCLE: _Z2sqIfJffEEdT_DpKT0_ @ 0xa269d0
CIRCLE: _ZL2sqf.3424 @ 0x5ce090
CIRCLE: _Z2sqIfJfEEdT_DpKT0_ @ 0xa26a70
CIRCLE: _ZL2sqf.1606 @ 0x5ce0e0
CIRCLE: _ZNK7AP_AHRS24get_rotation_body_to_nedEv @ 0xa26af0
CIRCLE: _ZN2AP3gpsEv @ 0x5ce1f0
CIRCLE: _ZNK6AP_GPS8get_typeEh @ 0xa26be0
CIRCLE: _ZNK7AP_EnumIN6AP_GPS8GPS_TypeEEcvKS1_Ev @ 0xa26c70
CIRCLE: _ZN6AP_GPS13get_singletonEv @ 0xa26cc0
CIRCLE: _ZNK7NavEKF37healthyEv @ 0x5ce340
CIRCLE: _ZNK6AP_GPS11num_sensorsEv @ 0x5ce650
CIRCLE: _ZNK6AP_GPS14primary_sensorEv @ 0xa26da0
CIRCLE: _ZNK6AP_GPS6statusEh @ 0xa26df0
CIRCLE: _ZNK6AP_GPS10is_healthyEh @ 0x5ce6d0
CIRCLE: _ZNK7AP_AHRS11home_is_setEv @ 0xa26eb0
CIRCLE: _ZNK6AP_GPS8locationEv @ 0xa26f10
CIRCLE: _ZNK6AP_GPS22first_unconfigured_gpsERh @ 0x5ce990
CIRCLE: _ZNK6AP_GPS8locationEh @ 0xa26f70
CIRCLE: _ZNK6AP_GPS12is_rtk_roverEh @ 0x5cee40
CIRCLE: _ZN2AP3insEv @ 0x5cf1a0
CIRCLE: _ZNK17AP_InertialSensor19get_gyro_health_allEv @ 0x5cf1e0
CIRCLE: _ZNK17AP_InertialSensor22gyro_calibrated_ok_allEv @ 0x5cf2a0
CIRCLE: _ZNK17AP_InertialSensor20get_accel_health_allEv @ 0x5cf3b0
CIRCLE: _ZNK17AP_InertialSensor23accel_calibrated_ok_allEv @ 0x5cf470
CIRCLE: _ZNK10AP_GyroFFT16analysis_enabledEv @ 0xa27190
CIRCLE: _ZN7Vector3IfEixEh @ 0xa27520
CIRCLE: _ZN10DigitalLPFIfE6_applyERKfS2_ @ 0xa27880
CIRCLE: _Z15constrain_int16sss @ 0xa27e80
CIRCLE: _Z15constrain_valueIsET_S0_S0_S0_ @ 0xa27f10
CIRCLE: _ZNK10ByteBuffer5spaceEv @ 0x5d20b0
CIRCLE: _ZN10ByteBuffer5writeEPKhj @ 0x5d2310
CIRCLE: _ZN10ByteBuffer7reserveEPNS_5IoVecEj @ 0x5d2430
CIRCLE: _ZN10ByteBuffer6commitEj @ 0x5d2660
CIRCLE: _ZNK10ByteBuffer8get_sizeEv @ 0xa27fc0
CIRCLE: _ZNK17AP_InertialSensor14get_gyro_countEv @ 0xa28050
CIRCLE: _ZNK17AP_InertialSensor4_useEh @ 0xa280c0
CIRCLE: _ZNK17AP_InertialSensor8_gyro_idEh @ 0xa28120
CIRCLE: _ZN17AP_InertialSensor8_gyro_idEh @ 0xa28180
CIRCLE: _ZN17AP_InertialSensor4_useEh @ 0xa281f0
CIRCLE: _ZL3MINIihEDTqultfp_fp0_fp_fp0_ERKT_RKT0_.3043 @ 0x5d2b90
CIRCLE: _ZNK7AP_EnumIN22AP_InertialSensor_TCal6EnableEEcvKS1_Ev @ 0xa282c0
CIRCLE: _ZN17AP_InertialSensor4tcalEh @ 0xa28310
CIRCLE: _ZNK17AP_InertialSensor8get_gyroEv @ 0xa28380
CIRCLE: _ZNK17AP_InertialSensor8use_gyroEh @ 0x5d2d50
CIRCLE: _ZNK17AP_InertialSensor8get_gyroEh @ 0xa283e0
CIRCLE: _ZNK17AP_InertialSensor15get_gyro_healthEh @ 0xa28450
CIRCLE: _ZNK17AP_InertialSensor15get_accel_countEv @ 0xa284f0
CIRCLE: _ZL3MINIihEDTqultfp_fp0_fp_fp0_ERKT_RKT0_ @ 0x5d2fd0
CIRCLE: _ZNK17AP_InertialSensor9get_accelEv @ 0xa28560
CIRCLE: _ZNK17AP_InertialSensor9use_accelEh @ 0x5d3060
CIRCLE: _ZNK17AP_InertialSensor9get_accelEh @ 0xa285c0
CIRCLE: _ZNK17AP_InertialSensor16get_accel_healthEh @ 0xa28630
CIRCLE: _ZNK17AP_InertialSensor13_accel_offsetEh @ 0xa286d0
CIRCLE: _ZNK9AP_ParamVI7Vector3IfEL11ap_var_type5EE3getEv @ 0xa28730
CIRCLE: _ZNK7Vector3IfE7is_zeroEv @ 0xa28780
CIRCLE: _ZNK17AP_InertialSensor12_accel_scaleEh @ 0xa28830
CIRCLE: _ZNK17AP_InertialSensor9_accel_idEh @ 0xa28890
CIRCLE: _Z8is_equalIffENSt3__19enable_ifIXsr3std17is_floating_pointINS0_11common_typeIJT_T0_EE4typeEEE5valueEbE4typeES3_S4_ @ 0xa288f0
CIRCLE: _ZN17AP_InertialSensor9_accel_idEh @ 0xa28970
CIRCLE: _ZN17AP_InertialSensor12_accel_scaleEh @ 0xa289e0
CIRCLE: _ZN17AP_InertialSensor13_accel_offsetEh @ 0xa28a50
CIRCLE: _ZNK17AP_InertialSensor18gyro_calibrated_okEh @ 0xa28ac0
CIRCLE: _ZN17AP_InertialSensor13get_singletonEv @ 0x5d3120
CIRCLE: _ZN13AP_ParamTBaseIaL11ap_var_type1EE3setERKa @ 0xa290a0
CIRCLE: _ZN13AP_ParamTBaseIsL11ap_var_type2EE3setERKs @ 0xa29100
CIRCLE: _ZN13AP_ParamTBaseIiL11ap_var_type3EE3setERKi @ 0xa29170
CIRCLE: _ZN13AP_ParamTBaseIfL11ap_var_type4EE3setERKf @ 0xa291d0
CIRCLE: _ZNK7Vector3IfEneERKS0_ @ 0xa29900
CIRCLE: _ZNK8AP_Param13find_var_infoEPjRPKNS_9GroupInfoERNS_12GroupNestingEPh @ 0x5d4b90
CIRCLE: _ZNK8AP_Param14copy_name_infoEPKNS_4InfoEPKNS_9GroupInfoERKNS_12GroupNestingEhPcmb @ 0x5d4e10
CIRCLE: _ZNK8AP_Param14send_parameterEPKc11ap_var_typeh @ 0x5d5070
CIRCLE: _ZNK8AP_Param13cast_to_floatE11ap_var_type @ 0x5d5210
CIRCLE: _ZN3GCS20send_parameter_valueEPKc11ap_var_typef @ 0x5d5300
CIRCLE: _ZL3MINImmEDTqultfp_fp0_fp_fp0_ERKT_RKT0_.5959 @ 0x5d5440
CIRCLE: _ZN11GCS_MAVLINK14mav_param_typeE11ap_var_type @ 0x5d54c0
CIRCLE: _ZN8AP_Param16count_parametersEv @ 0x5d5550
CIRCLE: _ZN3GCS23send_to_active_channelsEjPKc @ 0x5d5700
CIRCLE: _ZN9AP_Logger13get_singletonEv @ 0xa299d0
CIRCLE: _ZN9AP_Logger15Write_ParameterEPKcf @ 0x5d5820
CIRCLE: _ZNK9AP_Logger10quiet_nanfEv @ 0xa29a10
CIRCLE: _ZN17AP_Logger_Backend15Write_ParameterEPKcff @ 0x5d5910
CIRCLE: _Z14strncpy_notermPcPKcm @ 0x5d5a30
CIRCLE: _ZN17AP_Logger_Backend18WriteCriticalBlockEPKvt @ 0xa29a60
CIRCLE: _ZN17AP_Logger_Backend21WritePrioritisedBlockEPKvtbb @ 0x5d5ae0
CIRCLE: _ZN17AP_Logger_Backend30validate_WritePrioritisedBlockEPKvt @ 0x5d5cb0
CIRCLE: _ZN17AP_Logger_Backend9ShouldLogEb @ 0x5d5ea0
CIRCLE: _ZN17AP_Logger_Backend21ensure_format_emittedEPKvt @ 0x5d6340
CIRCLE: _ZNK17AP_Logger_Backend23message_type_from_blockEPKvtR11LogMessages @ 0x5d6460
CIRCLE: _ZNK17AP_Logger_Backend28have_emitted_format_for_typeE11LogMessages @ 0xa29ae0
CIRCLE: _ZNK7BitmaskILt256EE8validateEt @ 0xa29c10
CIRCLE: _ZNK7BitmaskILt256EE3getEt @ 0xa29ca0
CIRCLE: _ZNK6AP_HAL4Util14get_soft_armedEv @ 0xa29d70
CIRCLE: _ZN2AP6loggerEv @ 0x5d6f60
CIRCLE: _Z7is_zeroI9AP_ParamTIfL11ap_var_type4EEEbT_ @ 0xa29dd0
CIRCLE: _ZNK12AP_Scheduler5ticksEv @ 0xa29e30
CIRCLE: _ZN6AP_HAL8millis16Ev @ 0x5d71b0
CIRCLE: _ZNK9AP_Logger13WritesEnabledEv @ 0xa29f90
CIRCLE: _ZNK19LoggerMessageWriter8finishedEv @ 0xa29ff0
CIRCLE: _ZNK9AP_Logger15in_log_downloadEv @ 0x5d71f0
CIRCLE: _ZNK9AP_Logger16vehicle_is_armedEv @ 0xa2a050
CIRCLE: mavlink_get_msg_entry @ 0x5d7440
CIRCLE: _ZNK3GCS7num_gcsEv @ 0xa2a100
CIRCLE: _ZNK11GCS_MAVLINK10is_privateEv @ 0xa2a150
CIRCLE: _ZNK11GCS_MAVLINK9is_activeEv @ 0xa2a1b0
CIRCLE: _ZN11GCS_MAVLINK12send_messageEPKcPK19__mavlink_msg_entry @ 0xa2a230
CIRCLE: _ZN11GCS_MAVLINK18check_payload_sizeEt @ 0x5d7560
CIRCLE: _mav_finalize_message_chan_send @ 0x5d7610
CIRCLE: _Z26mavlink_get_channel_statush @ 0x5d7960
CIRCLE: _Z17_mav_trim_payloadPKch @ 0x5d7a40
CIRCLE: _ZL13crc_calculatePKht @ 0x5d7ae0
CIRCLE: _ZL21crc_accumulate_bufferPtPKct @ 0x5d7b80
CIRCLE: _ZL14crc_accumulatehPt @ 0x5d7c20
CIRCLE: _Z14comm_send_lock17mavlink_channel_tt @ 0x5d7eb0
CIRCLE: _mavlink_send_uart @ 0x5d7f70
CIRCLE: _Z16comm_send_unlock17mavlink_channel_t @ 0x5d7ff0
CIRCLE: _Z16comm_send_buffer17mavlink_channel_tPKhh @ 0x5d8070
CIRCLE: _ZL13valid_channel17mavlink_channel_t @ 0x5d81e0
CIRCLE: _Z24gcs_out_of_space_to_send17mavlink_channel_t @ 0x5d8290
CIRCLE: _ZN11GCS_MAVLINK20out_of_space_to_sendEv @ 0xa2a370
CIRCLE: _ZL8crc_initPt @ 0x5d8bc0
CIRCLE: _ZN11GCS_MAVLINK14channel_statusEv @ 0xa2a3d0
CIRCLE: _ZNK11GCS_MAVLINK7txspaceEv @ 0xa2a420
CIRCLE: _ZNK11GCS_MAVLINK15packet_overheadEv @ 0xa2a4c0
CIRCLE: _ZN11GCS_MAVLINK20packet_overhead_chanE17mavlink_channel_t @ 0x5d8c10
CIRCLE: _ZL3MINIjjEDTqultfp_fp0_fp_fp0_ERKT_RKT0_.5950 @ 0x5d8cf0
CIRCLE: _ZN11GCS_MAVLINK10is_privateE17mavlink_channel_t @ 0xa2a520
CIRCLE: _ZN8AP_Param8var_infoEt @ 0xa2a590
CIRCLE: _ZN8AP_Param14get_group_infoERKNS_4InfoE @ 0x5d9570
CIRCLE: _ZN8AP_Param14get_group_infoERKNS_9GroupInfoE @ 0x5d9b90
CIRCLE: _ZN8AP_Param19adjust_group_offsetEtRKNS_9GroupInfoERl @ 0x5d9c10
CIRCLE: _ZN8AP_Param8group_idEPKNS_9GroupInfoEjhh @ 0x5d9d30
CIRCLE: _ZN8AP_Param8get_baseERKNS_4InfoERl @ 0x5d9e30
CIRCLE: _ZNK13AP_ParamTBaseIiL11ap_var_type3EE13cast_to_floatEv @ 0xa2a6d0
CIRCLE: _ZNK8AP_Param19find_var_info_groupEPKNS_9GroupInfoEtjhlPjRS2_RNS_12GroupNestingEPh @ 0x5d9fc0
CIRCLE: _ZN8AP_Param4saveEb @ 0x5da4c0
CIRCLE: _ZN17AP_InertialSensor13caltemp_accelEh @ 0xa2a850
CIRCLE: _ZNK17AP_InertialSensor15get_temperatureEh @ 0xa2a8c0
CIRCLE: _ZN7Vector3IfE4zeroEv @ 0xa2ab20
CIRCLE: _ZNK7Vector3IfErmERKS0_ @ 0xa2ab80
CIRCLE: _ZNK7Vector3IfEmlERKS0_ @ 0xa2ac60
CIRCLE: _Z9safe_sqrtIfEfT_ @ 0xa2acf0
CIRCLE: _ZNK11QuaternionTIfE14get_euler_rollEv @ 0xa2ae80
CIRCLE: _ZNK11QuaternionTIfE15get_euler_pitchEv @ 0xa2af30
CIRCLE: _Z9safe_asinIfEfT_ @ 0xa2afa0
CIRCLE: _ZN7Vector3IfE6rotateE8Rotation @ 0xa2b190
CIRCLE: _ZNK7Matrix3IfEmlERK7Vector3IfE @ 0xa2c170
CIRCLE: _ZN7Matrix3IfE10from_eulerEfff @ 0xa2c310
CIRCLE: _ZN7Matrix3IfEC2Efffffffff @ 0xa2c540
CIRCLE: _ZNK7Vector3IfEplERKS0_ @ 0xa2c670
CIRCLE: _ZNK7Vector3IfEdvEf @ 0xa2c720
CIRCLE: _Z4normIffJEEdT_T0_DpKT1_ @ 0xa2c7c0
CIRCLE: _ZN7Vector3IfEpLERKS0_ @ 0xa2c830
CIRCLE: _ZN15ObjectBuffer_TSIN8AP_Param10param_saveEE4peekERS1_ @ 0xa2c8d0
CIRCLE: _ZN15ObjectBuffer_TSIN8AP_Param10param_saveEE4pushERKS1_ @ 0xa2c980
CIRCLE: _ZN10ByteBuffer9peekbytesEPhj @ 0x5db470
CIRCLE: _ZN10ByteBuffer9peekiovecEPNS_5IoVecEj @ 0x5db580
CIRCLE: _ZNK10ByteBuffer9availableEv @ 0x5db6d0
CIRCLE: _ZN10ByteBuffer7readptrERj @ 0x5db9b0
CIRCLE: _ZNK7Vector3IfEngEv @ 0xa2ca60
CIRCLE: _ZN2AP4sitlEv @ 0x5dbdb0
CIRCLE: _ZN2AP4baroEv @ 0x5dbdf0
CIRCLE: _ZNK7AP_Baro11all_healthyEv @ 0x5dbef0
CIRCLE: _ZNK7AP_Baro7healthyEh @ 0x5dbfa0
CIRCLE: _ZN7AP_Baro13get_singletonEv @ 0xa2cb40
CIRCLE: _ZN4SITL3SIM13get_singletonEv @ 0xa2cb80
CIRCLE: _ZNK9AP_Logger15logging_presentEv @ 0x5dc680
CIRCLE: _ZNK9AP_Logger15logging_startedEv @ 0x5dc770
CIRCLE: _ZNK11RC_Channels17option_is_enabledENS_6OptionE @ 0xa2cc10
CIRCLE: _ZNK11RC_Channels16get_roll_channelEv @ 0x5dc9d0
CIRCLE: _ZNK11RC_Channels15get_yaw_channelEv @ 0x5dcab0
CIRCLE: _ZNK10RC_Channel14get_control_inEv @ 0xa2cc90
CIRCLE: _ZNK11RC_Channels20get_throttle_channelEv @ 0x5dcb20
CIRCLE: _ZN11RC_Channels23find_channel_for_optionEN10RC_Channel8AUX_FUNCE @ 0x5dcb90
CIRCLE: _ZN2AP5rcmapEv @ 0x5dce10
CIRCLE: _ZNK8RCMapper8throttleEv @ 0xa2cd40
CIRCLE: _ZNK11RC_Channels25get_rcmap_channel_nonnullEh @ 0x5dce50
CIRCLE: _ZN11RC_Channels10rc_channelEh @ 0xa2cda0
CIRCLE: _ZN8RCMapper13get_singletonEv @ 0xa2ce00
CIRCLE: _ZNK8RCMapper3yawEv @ 0xa2ce40
CIRCLE: _ZNK8RCMapper4rollEv @ 0xa2cf00
CIRCLE: _ZNK11RC_Channels19flight_mode_channelEv @ 0x5dcee0
CIRCLE: _ZNK8Sailboat12sail_enabledEv @ 0xa2d270
CIRCLE: _ZNK11AP_WindVane7enabledEv @ 0x5dcf80
CIRCLE: _ZNK8AR_WPNav17get_default_speedEv @ 0xa2d2d0
CIRCLE: _ZNK12AP_MotorsUGV8has_sailEv @ 0x5de2b0
CIRCLE: _ZNK12AP_MotorsUGV7is_omniEv @ 0xa2d330
CIRCLE: _ZN12SRV_Channels18get_emergency_stopEv @ 0xa2d440
CIRCLE: _ZNK10RC_Channel12get_radio_inEv @ 0xa2d480
CIRCLE: _ZN2AP5fenceEv @ 0x5e0260
CIRCLE: _ZNK8AC_Fence7presentEv @ 0x5e0840
CIRCLE: _ZNK8AC_Fence7enabledEv @ 0xa2d590
CIRCLE: _ZNK19AC_PolyFence_loader17total_fence_countEv @ 0xa2d850
CIRCLE: _ZNK7Vector2IfEmiERKS0_ @ 0xa2df80
CIRCLE: _ZNK7Vector2IfE14length_squaredEv @ 0xa2e190
CIRCLE: _ZNK7Vector2IfEmlERKS0_ @ 0xa2e1f0
CIRCLE: _ZNK7Vector2IfEmlEf @ 0xa2e270
CIRCLE: _ZN7Vector2IfEC2Eff @ 0xa2e2f0
CIRCLE: _ZNK19AC_PolyFence_loader27get_exclusion_polygon_countEv @ 0xa2e420
CIRCLE: _ZNK19AC_PolyFence_loader27get_inclusion_polygon_countEv @ 0xa2e470
CIRCLE: _ZNK19AC_PolyFence_loader26get_exclusion_circle_countEv @ 0xa2e4c0
CIRCLE: _ZNK19AC_PolyFence_loader26get_inclusion_circle_countEv @ 0xa2e510
CIRCLE: _ZN8AC_Fence13get_singletonEv @ 0xa2e560
CIRCLE: _ZN2AP10visualodomEv @ 0x5e2080
CIRCLE: _ZNK13AP_VisualOdom7enabledEv @ 0x5e21f0
CIRCLE: _ZNK7AP_EnumIN13AP_VisualOdom15VisualOdom_TypeEEcvKS1_Ev @ 0xa2e5a0
CIRCLE: _ZN13AP_VisualOdom13get_singletonEv @ 0xa2e5f0
CIRCLE: _ZN6AP_HAL6microsEv @ 0x5e2660
CIRCLE: _ZN2AP5mountEv @ 0x5e26a0
CIRCLE: _ZN8AP_Mount13get_singletonEv @ 0xa2e670
CIRCLE: _ZN2AP3osdEv @ 0x5e2900
CIRCLE: _ZN6AP_OSD13get_singletonEv @ 0xa2e710
CIRCLE: _ZN2AP9generatorEv @ 0x5e2c50
CIRCLE: _ZN12AP_Generator13get_singletonEv @ 0x5e2e10
CIRCLE: _ZN2AP3canEv @ 0x5e2e50
CIRCLE: _ZNK13AP_CANManager15get_num_driversEv @ 0xa2e800
CIRCLE: _ZNK13AP_CANManager15get_driver_typeEh @ 0xa2e850
CIRCLE: _ZN13AP_CANManager13get_singletonEv @ 0xa2ea50
CIRCLE: _ZNK11SRV_Channel12get_functionEv @ 0xa2eb90
CIRCLE: _ZNK11SRV_Channel14get_output_minEv @ 0xa2ec50
CIRCLE: _ZNK11SRV_Channel14get_output_maxEv @ 0xa2eca0
CIRCLE: _ZN11SRV_Channel13should_e_stopENS_8FunctionE @ 0x5e3c10
CIRCLE: _ZN11RangeFinder13get_singletonEv @ 0xa2ed40
CIRCLE: _ZNK9AP_Logger14logging_failedEv @ 0x5e4240
CIRCLE: _ZN2AP7batteryEv @ 0x5e43c0
CIRCLE: _ZNK14AP_BattMonitor15configured_typeEh @ 0xa2ee30
CIRCLE: _ZNK14AP_BattMonitor14allocated_typeEh @ 0xa2eea0
CIRCLE: _ZNK22AP_BattMonitor_Backend20check_failsafe_typesERbS0_S0_S0_ @ 0x5e4af0
CIRCLE: _Z11is_positiveI9AP_ParamTIfL11ap_var_type4EEEbT_ @ 0xa2ef10
CIRCLE: _ZNK21AP_BattMonitor_Params23failsafe_voltage_sourceEv @ 0xa2eff0
CIRCLE: _ZL3MAXIffEDTqugtfp_fp0_fp_fp0_ERKT_RKT0_.16928 @ 0x5e4f00
CIRCLE: _ZN14AP_BattMonitor13get_singletonEv @ 0xa2f050
CIRCLE: _ZNK7Compass14is_calibratingEv @ 0x5e4f80
CIRCLE: _ZNK7Compass7healthyEv @ 0xa2f0f0
CIRCLE: _ZNK7Compass21learn_offsets_enabledEv @ 0xa2f150
CIRCLE: _ZNK7Compass9get_fieldEv @ 0xa2f280
CIRCLE: _ZNK7Compass10consistentEv @ 0x5e5340
CIRCLE: _ZN14AP_Declination18get_earth_field_gaERK8Location @ 0x5e55e0
CIRCLE: _ZNK7Vector3IfEmlEf @ 0xa2f2e0
CIRCLE: _ZN14AP_Declination16get_mag_field_efEffRfS0_S0_ @ 0x5e5880
CIRCLE: _ZL7radiansf.2451 @ 0x5e5e80
CIRCLE: _Z15constrain_int32iii @ 0xa2f380
CIRCLE: _Z15constrain_valueIiET_S0_S0_S0_ @ 0xa2f3f0
CIRCLE: _ZN11AP_AHRS_DCM11use_compassEv @ 0x5e5ff0
CIRCLE: _ZNK7AP_AHRS15get_fly_forwardEv @ 0xa2f4e0
CIRCLE: _ZNK11AP_AHRS_DCM8have_gpsEv @ 0x5e61a0
CIRCLE: _ZNK6AP_GPS12ground_speedEv @ 0xa2f540
CIRCLE: _ZL7degreesf.1595 @ 0x5e6230
CIRCLE: _ZNK6AP_GPS13ground_courseEv @ 0xa2f5a0
CIRCLE: _Z8wrap_180IfET_S0_ @ 0xa2f600
CIRCLE: _Z8wrap_360f @ 0x5e6280
CIRCLE: _ZNK6AP_GPS13ground_courseEh @ 0xa2f690
CIRCLE: _ZNK6AP_GPS12ground_speedEh @ 0xa2f700
CIRCLE: _ZNK7AP_EnumI6GPSUseEcvKS0_Ev @ 0xa2f770
CIRCLE: _ZNK6AP_GPS6statusEv @ 0xa2f7c0
CIRCLE: _ZNK7Vector3IfE2xyEv @ 0xa2f820
CIRCLE: _ZNK7Compass9get_countEv @ 0xa2f870
CIRCLE: _ZNK7Compass9get_fieldEh @ 0xa2f8c0
CIRCLE: _ZNK7Vector2IfE7is_zeroEv @ 0xa2f940
CIRCLE: _ZNK7Vector3IfE5angleERKS0_ @ 0xa2f9d0
CIRCLE: _ZL7radiansf.2166 @ 0x5e63a0
CIRCLE: _ZNK7Vector2IfE5angleERKS0_ @ 0xa2fae0
CIRCLE: _ZNK7Vector2IfE6lengthEv @ 0xa2fc00
CIRCLE: _ZNK7Compass11get_offsetsEh @ 0xa2fc60
CIRCLE: _ZNK9AP_ParamVI7Vector3IfEL11ap_var_type5EEcvRKS1_Ev @ 0xa2fce0
CIRCLE: _ZNK14typesafe_indexIh12TAG_PriorityEltERKh @ 0xa2fd30
CIRCLE: _ZNK14typesafe_indexIh12TAG_PriorityEcvhEv @ 0xa2fe20
CIRCLE: _ZNK14typesafe_indexIh12TAG_PriorityEplERKh @ 0xa2fe70
CIRCLE: _ZN14typesafe_indexIh12TAG_PriorityEppEi @ 0xa2ff70
CIRCLE: _ZN19RestrictIDTypeArrayIN7Compass9mag_stateELj4E14typesafe_indexIh14TAG_StateIndexEEixERKS4_ @ 0xa2ffe0
CIRCLE: _ZN8AP_Param7set_keyERNS_12Param_headerEt @ 0x5e6900
CIRCLE: _ZN8AP_Param4scanEPKNS_12Param_headerEPt @ 0x5e6990
CIRCLE: _ZN8AP_Param9type_sizeE11ap_var_type @ 0x5e6b20
CIRCLE: _ZNK13StorageAccess4sizeEv @ 0xa300d0
CIRCLE: _ZN8AP_Param7get_keyERKNS_12Param_headerE @ 0x5e6bc0
CIRCLE: _ZN8AP_Param11is_sentinalERKNS_12Param_headerE @ 0x5e6c30
CIRCLE: _ZNK19RestrictIDTypeArrayIP17CompassCalibratorLj3E14typesafe_indexIh12TAG_PriorityEEixERKS4_ @ 0xa30120
CIRCLE: _ZNK12AP_MotorsUGV6activeEv @ 0x5e6d80
CIRCLE: _ZN15AP_Arming_Rover17update_soft_armedEv @ 0x5e70a0
CIRCLE: _ZNK9AP_Arming14option_enabledENS_6OptionE @ 0xa301a0
CIRCLE: _ZN9AP_Logger17set_vehicle_armedEb @ 0x5e7220
CIRCLE: _ZNK9AP_Arming22get_rudder_arming_typeEv @ 0xa30220
CIRCLE: _ZN8AC_Fence12clear_breachEh @ 0x5e7ae0
CIRCLE: _ZN9AP_Logger18WriteCriticalBlockEPKvt @ 0x5e7b50
CIRCLE: _ZNK12AP_MotorsUGV12get_throttleEv @ 0xa30390
CIRCLE: _ZNK12AP_MotorsUGV18have_skid_steeringEv @ 0x5e7c00
CIRCLE: _ZNK12AP_MotorsUGV12get_steeringEv @ 0xa303e0
CIRCLE: _ZNK7AP_AHRS11get_yaw_radEv @ 0xa30430
CIRCLE: _ZNK7AP_AHRS38get_relative_position_NED_origin_floatER7Vector3IfE @ 0x5e80a0
CIRCLE: _ZN11AP_SmartRTL9add_pointERK7Vector3IfE @ 0x5e8310
CIRCLE: _ZN7HALSITL9Semaphore16take_nonblockingEv @ 0x5e84d0
CIRCLE: _ZNK11AP_SmartRTL10log_actionENS_6ActionERK7Vector3IfE @ 0x5e8560
CIRCLE: _ZNK7Vector3IfE16distance_squaredERKS0_ @ 0xa30480
CIRCLE: _ZL2sqf.11254 @ 0x5e8620
CIRCLE: _ZN7HALSITL9Semaphore4giveEv @ 0x5e8670
CIRCLE: _ZN9AP_Logger10Write_SRTLEbtthRK7Vector3IfE @ 0x5e8720
CIRCLE: _ZN9AP_Logger10WriteBlockEPKvt @ 0x5e8840
CIRCLE: _ZN17AP_Logger_Backend10WriteBlockEPKvt @ 0xa30540
CIRCLE: _ZN11AP_SmartRTL15restart_pruningEt @ 0x5e88f0
CIRCLE: _ZN11AP_SmartRTL22restart_simplificationEt @ 0x5e89a0
CIRCLE: _ZN7BitmaskILt500EE6setallEv @ 0xa305d0
CIRCLE: _ZN7Vector3IdEC2Ev @ 0xa30680
CIRCLE: _ZNK7AP_AHRS32get_relative_position_NED_originER7Vector3IdE @ 0x5e8a30
CIRCLE: _ZNK7Vector3IdE7tofloatEv @ 0xa306e0
CIRCLE: _ZN7Vector2IdEC2Ev @ 0xa30760
CIRCLE: _ZNK7NavEKF38getPosNEER7Vector2IdE @ 0x5e8e50
CIRCLE: _ZNK7NavEKF37getPosDERd @ 0x5e8ef0
CIRCLE: _ZN7Vector3IdEC2Eddd @ 0xa307c0
CIRCLE: _ZNK8Location11initialisedEv @ 0xa30850
CIRCLE: _ZNK7Vector3IfE8todoubleEv @ 0xa308e0
CIRCLE: _ZN7Vector3IdEmLEd @ 0xa30960
CIRCLE: _ZN8Location13offset_latlngERiS0_dd @ 0x5e9560
CIRCLE: _ZN8Location15limit_lattitudeEi @ 0x5e9660
CIRCLE: _ZN8Location14wrap_longitudeEl @ 0x5e9700
CIRCLE: _ZNK11AP_AHRS_SIM12get_locationER8Location @ 0x5e97a0
CIRCLE: _ZNK8Location23get_distance_NE_postypeERKS_ @ 0x5e9890
CIRCLE: _ZN7Vector2IdEC2Edd @ 0xa309f0
CIRCLE: _ZNK12NavEKF3_core7getPosDERd @ 0x5e9980
CIRCLE: _ZNK12NavEKF3_core13getPosD_localERd @ 0x5e9a50
CIRCLE: _ZNK12NavEKF3_core12getOriginLLHER8Location @ 0x5e9ae0
CIRCLE: _ZNK12NavEKF3_core8getPosNEER7Vector2IdE @ 0x5e9bd0
CIRCLE: _ZNK7Vector3IdE2xyEv @ 0xa30a70
CIRCLE: _ZNK7Vector2IdE8todoubleEv @ 0xa30ac0
CIRCLE: _ZNK7Vector2IdEplERKS0_ @ 0xa30b20
CIRCLE: _ZNK10AP_DAL_GPS6statusEh @ 0xa30bb0
CIRCLE: _ZNK10AP_DAL_GPS8locationEh @ 0xa30c20
CIRCLE: _ZN7Vector2IdE4zeroEv @ 0xa30c90
CIRCLE: _ZNK10AP_DAL_GPS14primary_sensorEv @ 0xa30cf0
CIRCLE: _ZNK11AP_AHRS_DCM12get_locationER8Location @ 0x5ea220
CIRCLE: _ZNK7AP_Baro12get_altitudeEv @ 0xa30da0
CIRCLE: _ZN8Location6offsetEdd @ 0x5ea550
CIRCLE: _ZNK6AP_GPS7get_lagERf @ 0xa30e00
CIRCLE: _ZNK6AP_GPS7get_lagEhRf @ 0x5ea5e0
CIRCLE: _ZNK7AP_Baro12get_altitudeEh @ 0xa30e80
CIRCLE: _ZNK7AP_AHRS16get_velocity_NEDER7Vector3IfE @ 0x5eabc0
CIRCLE: _ZNK9AP_ParamTIfL11ap_var_type4EEngEv @ 0xa30f50
CIRCLE: _ZNK8Location10get_alt_cmENS_8AltFrameERi @ 0x5eb2c0
CIRCLE: _ZNK8Location13get_alt_frameEv @ 0x5eb600
CIRCLE: _ZNK7AP_AHRS10get_originER8Location @ 0x5eb6e0
CIRCLE: _ZNK9AP_Arming18get_enabled_checksEv @ 0x5ec150
CIRCLE: _ZN7HALSITL9Semaphore4takeEj @ 0x5ec2b0
CIRCLE: _ZN6AP_HAL9Semaphore13take_blockingEv @ 0xa31720
CIRCLE: _ZN4SITL6AS56006updateERKNS_8AircraftE @ 0x5ed7d0
CIRCLE: _ZNK4SITL8Aircraft12get_attitudeER11QuaternionTIfE @ 0xa325c0
CIRCLE: _ZL7degreesf.19207 @ 0x5edba0
CIRCLE: _ZN4SITL17I2CRegisters_8Bit12set_registerEhh @ 0x5edc00
CIRCLE: _ZN4SITL9I2CDevice6updateERKNS_8AircraftE @ 0xa327b0
CIRCLE: _ZN4SITL13TeraRangerI2C6updateERKNS_8AircraftE @ 0xa32950
CIRCLE: _ZNK4SITL8Aircraft17rangefinder_rangeEv @ 0x5ee2c0
CIRCLE: _ZL7radiansf.14466 @ 0x5ee7a0
CIRCLE: _Z10rand_floatv @ 0x5ee800
CIRCLE: _ZN4SITL7INA32216updateERKNS_8AircraftE @ 0x5eeae0
CIRCLE: _ZL15convert_voltagef @ 0x5eef60
CIRCLE: _ZL15convert_currentf @ 0x5ef030
CIRCLE: _ZN4SITL8QMC5883L6updateERKNS_8AircraftE @ 0x5ef290
CIRCLE: _ZN7Vector3IfE14rotate_inverseE8Rotation @ 0xa329c0
CIRCLE: _ZL7htole16t.13591 @ 0x5ef6a0
CIRCLE: _ZN7Vector3IsEC2Esss @ 0xa32b70
CIRCLE: _ZN4SITL10IS31FL31956updateERKNS_8AircraftE @ 0x5ef910
CIRCLE: _ZN4SITL17I2CRegisters_8Bit12get_registerEh @ 0xa32d10
CIRCLE: _ZN10SIM_RGBLED11set_coloursEhhh @ 0xa32d70
CIRCLE: _ZN4SITL6LM27556updateERKNS_8AircraftE @ 0x5f05f0
CIRCLE: _ZNK4SITL6LM275510LEDChannel13current_valueEv @ 0xa32f80
CIRCLE: _ZN4SITL6LP55626updateERKNS_8AircraftE @ 0x5f0ba0
CIRCLE: _ZN4SITL6LP556210LEDChannel6updateEv @ 0x5f0eb0
CIRCLE: _ZNK4SITL6LP556210LEDChannel13current_valueEv @ 0xa33200
CIRCLE: _ZN4SITL6MS5XXX6updateERKNS_8AircraftE @ 0x5f0f90
CIRCLE: _ZN7AP_Baro37get_pressure_temperature_for_alt_amslEfRfS0_ @ 0x5f1f40
CIRCLE: _ZN7AP_Baro29geometric_alt_to_geopotentialEf @ 0x5f2120
CIRCLE: _ZL33find_atmosphere_layer_by_altitudef @ 0x5f2180
CIRCLE: _ZN7AP_Baro33get_temperature_by_altitude_layerEfa @ 0x5f2230
CIRCLE: _ZN7AP_Baro29get_temperatureC_for_alt_amslEf @ 0x5f2db0
CIRCLE: _ZN4SITL12InvensenseV36updateERKNS_8AircraftE @ 0x5f2e20
CIRCLE: _ZNK4SITL8ICM4060911accel_scaleEv @ 0xa33750
CIRCLE: _ZL7radiansd.13033 @ 0x5f38e0
CIRCLE: _ZNK4SITL12InvensenseV310gyro_scaleEv @ 0xa337a0
CIRCLE: _ZN4SITL12InvensenseV313write_to_fifoEhPhh @ 0x5f3930
CIRCLE: _ZN4SITL7MCP96006updateERKNS_8AircraftE @ 0x5f3e90
CIRCLE: _ZL7htobe16t.12937 @ 0x5f4460
CIRCLE: _ZL10__bswap_16t.12939 @ 0x5f44b0
CIRCLE: _ZNK4SITL31I2CRegisters_ConfigurableLength13get_reg_valueEhRh @ 0x5f4520
CIRCLE: _ZN4SITL6TSYS036updateERKNS_8AircraftE @ 0x5f4970
CIRCLE: _ZN4SITL6TSYS016updateERKNS_8AircraftE @ 0x5f53c0
CIRCLE: _ZN4SITL5SHT3x6updateERKNS_8AircraftE @ 0x5f5ff0
CIRCLE: _ZN4SITL13Airspeed_DLVR6updateERKNS_8AircraftE @ 0x5f6870
CIRCLE: _ZN4SITL29SIM_BattMonitor_SMBus_Generic6updateERKNS_8AircraftE @ 0x5f7350
CIRCLE: _ZNK4SITL29SIM_BattMonitor_SMBus_Generic15connected_cellsEv @ 0xa34090
CIRCLE: _ZN4SITL21SIM_BattMonitor_SMBus6updateERKNS_8AircraftE @ 0x5f7bb0
CIRCLE: _ZNK4SITL8Aircraft19get_battery_voltageEv @ 0xa340e0
CIRCLE: _ZN4SITL11SMBusDevice12set_registerEht @ 0xa34130
CIRCLE: _ZN4SITL18I2CRegisters_16Bit12set_registerEht @ 0x5f7cc0
CIRCLE: _ZN4SITL11SMBusDevice12set_registerEhs @ 0xa341b0
CIRCLE: _ZN4SITL18I2CRegisters_16Bit12set_registerEhs @ 0x5f7d70
CIRCLE: _ZN4SITL6Rotoye6updateERKNS_8AircraftE @ 0x5f8010
CIRCLE: _ZN4SITL11SMBusDevice13get_reg_valueEh @ 0xa34460
CIRCLE: _ZN4SITL18I2CRegisters_16Bit13get_reg_valueEh @ 0xa344d0
CIRCLE: _ZL7be16toht.19258 @ 0x5f80e0
CIRCLE: _ZL10__bswap_16t.19259 @ 0x5f8130
CIRCLE: _ZNK4SITL6Maxell15connected_cellsEv @ 0xa34590
CIRCLE: _ZN4SITL13MaxSonarI2CXL6updateERKNS_8AircraftE @ 0xa346d0
CIRCLE: _ZN4SITL10ToshibaLED6updateERKNS_8AircraftE @ 0x5f83f0
CIRCLE: _ZNK6AP_HAL3HAL6serialEh @ 0xa35110
CIRCLE: _ZL14fill_stack_nanv @ 0x5f8eb0
CIRCLE: _ZN7HALSITL9Scheduler13_run_io_procsEv @ 0x5f9230
CIRCLE: _ZNK7FunctorIvJEEcvbEv @ 0xa35220
CIRCLE: _ZNK7FunctorIvJEEclEv @ 0xa35280
CIRCLE: _ZN7HALSITL16I2CDeviceManager11_timer_tickEv @ 0x5f9440
CIRCLE: _ZN2AP2RCEv @ 0x5f94e0
CIRCLE: _ZN13AP_RCProtocol6updateEv @ 0x5f9590
CIRCLE: _ZN13AP_RCProtocol16check_added_uartEv @ 0x5f95e0
CIRCLE: _ZNK13AP_RCProtocol13should_searchEj @ 0x5f9850
CIRCLE: _ZN21AP_RCProtocol_Backend9new_inputEv @ 0x5fa010
CIRCLE: _ZNK17AP_RCProtocol_FDM6activeEv @ 0xa35520
CIRCLE: _ZN6I2CBus11_timer_tickEv @ 0x5fa220
CIRCLE: _ZN9AP_Logger6WriteVEPKcS1_S1_S1_S1_P13__va_list_tagbb @ 0x5fa350
CIRCLE: _ZN9AP_Logger16msg_fmt_for_nameEPKcS1_S1_S1_S1_bb @ 0x5fa550
CIRCLE: _ZN17AP_Logger_Backend5WriteEhP13__va_list_tagbb @ 0x5fae40
CIRCLE: _ZNK9AP_Logger24assert_same_fmt_for_nameEPKNS_13log_write_fmtEPKcS4_S4_S4_S4_ @ 0x5fb9c0
CIRCLE: _ZN3GCS14update_receiveEv @ 0x5fcd30
CIRCLE: _ZN3GCS11update_sendEv @ 0x5fcde0
CIRCLE: _ZN19MissionItemProtocol6updateEv @ 0x5fd120
CIRCLE: _ZN11GCS_MAVLINK11update_sendEv @ 0x5fd2f0
CIRCLE: _ZN3GCS18service_statustextEv @ 0x5fd6d0
CIRCLE: _ZN3GCS15StatusTextQueue9semaphoreEv @ 0xa35780
CIRCLE: _ZNK11ObjectArrayIN3GCS12statustext_tEE8is_emptyEv @ 0xa357d0
CIRCLE: _ZN11GCS_MAVLINK18service_statustextEv @ 0x5fd840
CIRCLE: _ZN3GCS15StatusTextQueue5pruneEv @ 0x5fda80
CIRCLE: _ZNK11ObjectArrayIN3GCS12statustext_tEE9availableEv @ 0xa35830
CIRCLE: _ZN11ObjectArrayIN3GCS12statustext_tEEixEt @ 0xa35880
CIRCLE: _ZN11ObjectArrayIN3GCS12statustext_tEE6removeEt @ 0xa35920
CIRCLE: _ZN3GCS16statustext_queueEv @ 0xa35b20
CIRCLE: _Z14comm_chan_lock17mavlink_channel_t @ 0x5fdbb0
CIRCLE: _ZL27mavlink_msg_statustext_send17mavlink_channel_thPKcth @ 0x5fdc10
CIRCLE: _ZL16mav_array_memcpyPvPKvm.6113 @ 0x5fdcf0
CIRCLE: _ZN9AP_Logger15handle_log_sendEv @ 0x5fdd90
CIRCLE: _ZN22GCS_MAVLINK_InProgress11check_tasksEv @ 0x5fe460
CIRCLE: _ZNK3GCS11out_of_timeEv @ 0x5fe650
CIRCLE: _ZN11GCS_MAVLINK30deferred_message_to_send_indexEt @ 0x5fe730
CIRCLE: _ZN11GCS_MAVLINK19do_try_send_messageE10ap_message @ 0x5fe910
CIRCLE: _ZNK7BitmaskILt91EE9first_setEv @ 0xa35b70
CIRCLE: _ZN7BitmaskILt91EE5clearEt @ 0xa35c40
CIRCLE: _ZN11GCS_MAVLINK36next_deferred_bucket_message_to_sendEt @ 0x5fea40
CIRCLE: _ZNK7BitmaskILt91EE5countEv @ 0xa35d00
CIRCLE: _ZNK11GCS_MAVLINK26get_reschedule_interval_msERKNS_25deferred_message_bucket_tE @ 0x5feb70
CIRCLE: _ZN11GCS_MAVLINK24find_next_bucket_to_sendEt @ 0x5fec70
CIRCLE: _ZN7BitmaskILt91EEaSERKS0_ @ 0xa35dd0
CIRCLE: _ZNK11GCS_MAVLINK24requesting_mission_itemsEv @ 0x5fee40
CIRCLE: _ZN7GCS_FTP16get_last_send_msE17mavlink_channel_t @ 0x5fef30
CIRCLE: _ZNK19MissionItemProtocol14active_link_isEPK11GCS_MAVLINK @ 0xa35ea0
CIRCLE: _ZNK7BitmaskILt91EE8validateEt @ 0xa35f10
CIRCLE: _ZNK11GCS_MAVLINK17telemetry_delayedEv @ 0x5ff0d0
CIRCLE: _ZNK3GCS11telem_delayEv @ 0xa35fa0
CIRCLE: _ZN14AP_BoardConfig15in_config_errorEv @ 0xa36000
CIRCLE: _ZNK12AP_Scheduler19time_available_usecEv @ 0x5ff1a0
CIRCLE: _ZN11AP_Airspeed13get_singletonEv @ 0xa36040
CIRCLE: _ZN2AP2FSEv @ 0x5ff420
CIRCLE: _ZN19AP_Filesystem_Posix5writeEiPKvj @ 0x5ff7c0
CIRCLE: _ZN21AP_Filesystem_Backend17bytes_until_fsyncEi @ 0xa36080
CIRCLE: _ZN19AP_Filesystem_Posix9disk_freeEPKc @ 0x5fffb0
CIRCLE: _ZNK21AP_Filesystem_Backend15file_op_allowedEv @ 0x6006e0
CIRCLE: _ZL12map_filenamePKc @ 0x600780
CIRCLE: _ZL17map_filename_freePKc @ 0x600820
CIRCLE: _Z16comm_get_txspace17mavlink_channel_t @ 0x600970
CIRCLE: _ZL28mavlink_msg_command_ack_send17mavlink_channel_tthhihh @ 0x600a00
CIRCLE: _ZNK11AP_Airspeed7enabledEh @ 0x600af0
CIRCLE: _ZNK11AP_Airspeed11lib_enabledEv @ 0x600bb0
CIRCLE: _ZN11GCS_MAVLINK23set_ap_message_intervalE10ap_messaget @ 0x600f90
CIRCLE: _ZNK11GCS_MAVLINK20cap_message_intervalEt @ 0x6013b0
CIRCLE: _ZNK11GCS_MAVLINK26get_deferred_message_indexE10ap_message @ 0x601480
CIRCLE: _ZNK7BitmaskILt91EE3getEt @ 0xa362c0
CIRCLE: _ZN7BitmaskILt91EE3setEt @ 0xa36390
CIRCLE: _ZN12AP_Scheduler18get_loop_period_usEv @ 0xa36450
CIRCLE: _ZNK13AP_Filesystem13backend_by_fdERi @ 0x601d00
CIRCLE: _ZNK13AP_Filesystem15backend_by_pathERPKc @ 0x601dd0
CIRCLE: _ZN11GCS_MAVLINK39initialise_message_intervals_for_streamENS_7streamsE @ 0x6020c0
CIRCLE: _ZNK11GCS_MAVLINK23get_interval_for_streamENS_7streamsE @ 0x6022c0
CIRCLE: _ZNK11GCS_MAVLINK8get_chanEv @ 0xa364f0
CIRCLE: _ZL28mavlink_msg_mission_ack_send17mavlink_channel_thhhh.18101 @ 0x602ca0
CIRCLE: _ZNK11GCS_MAVLINK22get_stream_slowdown_msEv @ 0xa36590
CIRCLE: _ZN11GCS_MAVLINK12send_messageE10ap_message @ 0x602d70
CIRCLE: _ZN11GCS_MAVLINK22save_signing_timestampEb @ 0x602e80
CIRCLE: _ZNK11GCS_MAVLINK12is_streamingEv @ 0xa365e0
CIRCLE: _ZN11GCS_MAVLINK16signing_key_loadER10SigningKey @ 0x602fb0
CIRCLE: _ZNK13StorageAccess11write_blockEtPKvm @ 0x603110
CIRCLE: _ZNK11GCS_MAVLINK9send_textE12MAV_SEVERITYPKcz @ 0x603d10
CIRCLE: _ZN19LoggerMessageWriter5resetEv @ 0x605310
CIRCLE: _ZNK13StorageAccess10write_byteEth @ 0x605a40
CIRCLE: _Z9check_lati @ 0x605b40
CIRCLE: _Z9check_lngi @ 0x605bb0
CIRCLE: _ZN19AC_PolyFence_loader13check_indexedEv @ 0x605c20
CIRCLE: _ZN19MissionItemProtocol26allocate_receive_resourcesEt @ 0xa36e50
CIRCLE: _ZN19MissionItemProtocol21free_upload_resourcesEv @ 0xa36f00
CIRCLE: _ZNK29MissionItemProtocol_Waypoints12mission_typeEv @ 0xa37190
CIRCLE: _ZNK29MissionItemProtocol_Waypoints23next_item_ap_message_idEv @ 0xa371e0
CIRCLE: _ZN29MissionItemProtocol_Waypoints8truncateERK25__mavlink_mission_count_t @ 0x607580
CIRCLE: _ZNK29MissionItemProtocol_Waypoints10item_countEv @ 0x607730
CIRCLE: _ZNK29MissionItemProtocol_Waypoints9max_itemsEv @ 0x607790
CIRCLE: _ZN29MissionItemProtocol_Waypoints12replace_itemERK28__mavlink_mission_item_int_t @ 0x6077f0
CIRCLE: _ZN29MissionItemProtocol_Waypoints8completeERK11GCS_MAVLINK @ 0x607aa0
CIRCLE: _ZN9AP_Logger19Write_EntireMissionEv @ 0x607b80
CIRCLE: _ZN17AP_Logger_Backend19Write_EntireMissionEv @ 0x607c10
CIRCLE: _ZN30LoggerMessageWriter_DFLogStart18writeentiremissionEv @ 0x607c70
CIRCLE: _ZN38LoggerMessageWriter_WriteEntireMission5resetEv @ 0x607d00
CIRCLE: _ZN10AP_Mission26mavlink_int_to_mission_cmdERK28__mavlink_mission_item_int_tRNS_15Mission_CommandE @ 0x607d70
CIRCLE: _ZN10AP_Mission20write_cmd_to_storageEtRKNS_15Mission_CommandE @ 0x609800
CIRCLE: _ZNK10AP_Mission16num_commands_maxEv @ 0xa372f0
CIRCLE: _ZNK13StorageAccess12write_uint16Ett @ 0x609b80
CIRCLE: _ZN10AP_Mission19sanity_check_paramsERK28__mavlink_mission_item_int_t @ 0x609c10
CIRCLE: _Z11is_negativeIfEbT_ @ 0xa37340
CIRCLE: _ZN10AP_Mission11replace_cmdEtRKNS_15Mission_CommandE @ 0x609fe0
CIRCLE: _ZN10AP_Mission26mission_cmd_to_mavlink_intERKNS_15Mission_CommandER28__mavlink_mission_item_int_t @ 0x60a0b0
CIRCLE: _ZN10AP_Mission8truncateEt @ 0x60b630
CIRCLE: _ZN11GCS_MAVLINK14update_receiveEj @ 0x60b7a0
CIRCLE: _ZN3GCS15update_passthruEv @ 0x60bc70
CIRCLE: _ZN16AP_SerialManager12get_passthruERPN6AP_HAL10UARTDriverES3_RhRjS5_ @ 0x60c1a0
CIRCLE: _ZN6AP_HAL10UARTDriver11read_lockedEPhmj @ 0x60cc20
CIRCLE: _ZNK11GCS_MAVLINK6lockedEv @ 0xa37680
CIRCLE: _ZNK7FunctorIbJhPN6AP_HAL10UARTDriverEEEcvbEv @ 0xa376e0
CIRCLE: _ZN11GCS_MAVLINK14channel_bufferEv @ 0xa377c0
CIRCLE: mavlink_frame_char_buffer @ 0x60d300
CIRCLE: _ZN12AP_Scripting14handle_messageERK17__mavlink_message17mavlink_channel_t @ 0x60dba0
CIRCLE: _ZN11GCS_MAVLINK13send_timesyncEv @ 0x60dd90
CIRCLE: _ZN11GCS_MAVLINK17log_mavlink_statsEv @ 0x60de00
CIRCLE: _ZNK11GCS_MAVLINK15signing_enabledEv @ 0x60df80
CIRCLE: _ZNK11GCS_MAVLINK21timesync_timestamp_nsEv @ 0x60e020
CIRCLE: _ZL25mavlink_msg_timesync_send17mavlink_channel_tll @ 0x60e080
CIRCLE: mavlink_start_checksum @ 0x60e120
CIRCLE: mavlink_update_checksum @ 0x60e180
CIRCLE: _Z9fill_nanfPft @ 0x60ebc0
CIRCLE: _ZN10ByteBuffer7advanceEj @ 0x611c50
CIRCLE: _ZN5Empty11OpticalFlow9push_gyroEfff @ 0xa38690
CIRCLE: _ZN5Empty11OpticalFlow14push_gyro_biasEff @ 0xa38700
CIRCLE: _ZN6AP_HAL4Util14set_soft_armedEb @ 0x612770
CIRCLE: _ZNK7HALSITL4Util18was_watchdog_resetEv @ 0xa389d0
CIRCLE: _ZN7HALSITL4Util19safety_switch_stateEv @ 0x612900
CIRCLE: _ZN7HALSITL4Util16available_memoryEv @ 0xa38ec0
CIRCLE: _ZN7HALSITL4Util8uart_logEv @ 0x612ee0
CIRCLE: _ZN6AP_HAL4Util14log_stack_infoEv @ 0xa39260
CIRCLE: _ZN6AP_HAL10UARTDriver9log_statsEhRNS0_12StatsTrackerEj @ 0x6130b0
CIRCLE: _ZN6AP_HAL10UARTDriver12StatsTracker11ByteTracker6updateEj @ 0x613250
CIRCLE: _ZN7HALSITL8RCOutput20_safety_switch_stateEv @ 0xa39300
CIRCLE: _ZN6AP_HAL10UARTDriver5writeEPKhm @ 0x615780
CIRCLE: _ZN6AP_HAL10UARTDriver9availableEv @ 0x6158c0
CIRCLE: _ZN6AP_HAL10UARTDriver4readEv @ 0x615940
CIRCLE: _ZN6AP_HAL10UARTDriver4readERh @ 0x6159c0
CIRCLE: _ZN6AP_HAL10UARTDriver4readEPht @ 0x615ac0
CIRCLE: _ZN7HALSITL10UARTDriver7txspaceEv @ 0x615b30
CIRCLE: _ZN7HALSITL10UARTDriver11_timer_tickEv @ 0x615eb0
CIRCLE: _ZN7HALSITL10UARTDriver26receive_time_constraint_usEt @ 0x615f10
CIRCLE: _ZN7HALSITL10UARTDriver6_writeEPKhm @ 0x616b40
CIRCLE: _ZN7HALSITL10UARTDriver5_readEPht @ 0x616d10
CIRCLE: _ZN7HALSITL10UARTDriver10_availableEv @ 0x616f00
CIRCLE: _ZNK7HALSITL10UARTDriver18get_total_tx_bytesEv @ 0xa3ba90
CIRCLE: _ZNK7HALSITL10UARTDriver18get_total_rx_bytesEv @ 0xa3bae0
CIRCLE: _ZNK6AP_HAL10UARTDriver26get_total_dropped_rx_bytesEv @ 0xa3bb30
CIRCLE: _ZN7HALSITL10UARTDriver17_check_connectionEv @ 0x616ff0
CIRCLE: _ZN7HALSITL10UARTDriver13_select_checkEi @ 0x617130
CIRCLE: _ZN10ByteBuffer4readEPhj @ 0x617340
CIRCLE: _ZN7HALSITL10UARTDriver41handle_writing_from_writebuffer_to_deviceEv @ 0x6173e0
CIRCLE: _ZN7HALSITL10UARTDriver16_check_reconnectEv @ 0x617790
CIRCLE: _ZL3MINIjjEDTqultfp_fp0_fp_fp0_ERKT_RKT0_.12221 @ 0x617b90
CIRCLE: _ZNK4SITL12SerialDevice15write_to_deviceEPKcm @ 0x617c10
CIRCLE: _ZNK4SITL12SerialDevice18write_to_autopilotEPKcm @ 0x61af70
CIRCLE: _ZNK4SITL12SerialDevice13is_match_baudEv @ 0x61b030
CIRCLE: _ZNK4SITL3GPS18write_to_autopilotEPKcm @ 0x61b160
CIRCLE: _ZNK4SITL3GPS11device_baudEv @ 0x61b380
CIRCLE: _Z8wrap_180IdET_S0_ @ 0xa3d120
CIRCLE: _ZN8Location14offset_bearingEdd @ 0x61e0c0
CIRCLE: _ZNK7Vector2IfEplERKS0_ @ 0xa3d580
CIRCLE: _ZL7radiansd @ 0x61e1c0
CIRCLE: _Z8wrap_360d @ 0x61e210
CIRCLE: _ZNK4SITL12SerialDevice19read_from_autopilotEPcm @ 0x61e2b0
CIRCLE: _Z7is_zerod @ 0xa3f250
CIRCLE: _ZN7HALSITL10UARTDriver40handle_reading_from_device_to_readbufferEv @ 0x623ba0
CIRCLE: _ZNK4SITL12SerialDevice16read_from_deviceEPcm @ 0x624030
CIRCLE: _ZN7HALSITL8AnalogIn13board_voltageEv @ 0xa40760
CIRCLE: _ZN6AP_HAL8AnalogIn17servorail_voltageEv @ 0xa407b0
CIRCLE: _ZN6AP_HAL8AnalogIn18power_status_flagsEv @ 0xa40800
CIRCLE: _ZN7HALSITL9ADCSource7set_pinEh @ 0x624c70
CIRCLE: _ZN7HALSITL9ADCSource15voltage_averageEv @ 0x624cf0
CIRCLE: _ZN7HALSITL9ADCSource14voltage_latestEv @ 0x624d40
CIRCLE: _ZN7HALSITL4GPIO13usb_connectedEv @ 0x6254a0
CIRCLE: _ZN7HALSITL8RCOutput9enable_chEh @ 0x6258a0
CIRCLE: _ZN7HALSITL8RCOutput10disable_chEh @ 0x625930
CIRCLE: _ZN7HALSITL8RCOutput5writeEht @ 0x6259c0
CIRCLE: _ZN6AP_HAL8RCOutput20update_channel_masksEv @ 0xa411e0
CIRCLE: _ZN7HALSITL8RCOutput4corkEv @ 0x625af0
CIRCLE: _ZN7HALSITL8RCOutput4pushEv @ 0x625b80
CIRCLE: _ZN7HALSITL8RCOutput4readEh @ 0x625cb0
CIRCLE: _ZN7HALSITL8RCOutput4readEPth @ 0x625d40
CIRCLE: _ZN6AP_HAL8RCOutput16set_default_rateEt @ 0xa41a80
CIRCLE: _ZN17AP_ESC_Telem_SITL6updateEv @ 0x626160
CIRCLE: _ZN7HALSITL7RCInput9new_inputEv @ 0x626aa0
CIRCLE: _ZN7HALSITL7RCInput12num_channelsEv @ 0x626b00
CIRCLE: _ZN7HALSITL7RCInput4readEh @ 0x626b60
CIRCLE: _ZN13AP_RCProtocol4readEh @ 0x626e10
CIRCLE: _ZN21AP_RCProtocol_Backend4readEh @ 0x626ea0
CIRCLE: _ZN13AP_RCProtocol12num_channelsEv @ 0x626f00
CIRCLE: _ZNK21AP_RCProtocol_Backend12num_channelsEv @ 0x626f80
CIRCLE: _ZN13AP_RCProtocol9new_inputEv @ 0x626fd0
CIRCLE: _ZN13AP_RCProtocol21detect_async_protocolENS_12rcprotocol_tE @ 0x627190
CIRCLE: _ZNK13AP_RCProtocol10using_uartEv @ 0xa425b0
CIRCLE: _ZN17AP_RCProtocol_FDM6updateEv @ 0x627de0
CIRCLE: _ZN21AP_RCProtocol_Backend9add_inputEhPtbss @ 0x627fc0
CIRCLE: _ZL3MINIhiEDTqultfp_fp0_fp_fp0_ERKT_RKT0_.18381 @ 0x628120
CIRCLE: _ZN13AP_RCProtocol19set_failsafe_activeEb @ 0xa42f80
CIRCLE: _ZN21AP_RCProtocol_Backend6updateEv @ 0xa43090
CIRCLE: _ZN17AP_RCProtocol_UDP6updateEv @ 0x6281a0
CIRCLE: _ZN17AP_RCProtocol_UDP21read_all_socket_inputEv @ 0x628400
CIRCLE: _ZN16SocketAPM_native4recvEPvmj @ 0x6286a0
CIRCLE: _ZN16SocketAPM_native6pollinEj @ 0x6288d0
CIRCLE: _ZNK16SocketAPM_native11get_read_fdEv @ 0xa431c0
CIRCLE: _ZN18AP_RCProtocol_GHST6updateEv @ 0x629140
CIRCLE: _ZNK7AP_AHRS13get_variancesERfS0_S0_R7Vector3IfES0_ @ 0x62ad90
CIRCLE: _ZNK7NavEKF312getVariancesERfS0_S0_R7Vector3IfES0_R7Vector2IfE @ 0x62b070
CIRCLE: _ZNK12NavEKF3_core12getVariancesERfS0_S0_R7Vector3IfES0_R7Vector2IfE @ 0x62b250
CIRCLE: _ZL3MAXIddEDTqugtfp_fp0_fp_fp0_ERKT_RKT0_.4222 @ 0x62b450
CIRCLE: _ZNK7Vector2IdE7tofloatEv @ 0xa438f0
CIRCLE: _ZN3GCS23get_sensor_status_flagsERjS0_S0_ @ 0x62b7c0
CIRCLE: _ZN3GCS26update_sensor_status_flagsEv @ 0x62b880
CIRCLE: _ZNK7AP_AHRS11initialisedEv @ 0x62c040
CIRCLE: _ZNK7AP_Baro13num_instancesEv @ 0xa43950
CIRCLE: _ZNK6AP_GPS10is_healthyEv @ 0xa439a0
CIRCLE: _ZNK14AP_BattMonitor13num_instancesEv @ 0xa43a00
CIRCLE: _ZNK14AP_BattMonitor7healthyEv @ 0x62c170
CIRCLE: _ZNK14AP_BattMonitor13has_failsafedEv @ 0xa43a50
CIRCLE: _ZNK17AP_InertialSensor11calibratingEv @ 0x62c260
CIRCLE: _ZNK9AP_Logger15logging_enabledEv @ 0x62c330
CIRCLE: _ZNK6AP_GPS15logging_presentEv @ 0xa43ab0
CIRCLE: _ZNK6AP_GPS15logging_enabledEv @ 0xa43b20
CIRCLE: _ZNK6AP_GPS14logging_failedEv @ 0x62c400
CIRCLE: _ZNK7AP_AHRS12get_ekf_typeEv @ 0xa43b90
CIRCLE: _ZNK8AC_Fence18sys_status_enabledEv @ 0x62c4e0
CIRCLE: _ZNK8AC_Fence18sys_status_presentEv @ 0x62c580
CIRCLE: _ZNK8AC_Fence17sys_status_failedEv @ 0x62c5e0
CIRCLE: _ZNK11AP_Airspeed7enabledEv @ 0xa43bf0
CIRCLE: _ZN2AP11opticalflowEv @ 0x62c730
CIRCLE: _ZNK14AP_OpticalFlow7enabledEv @ 0xa43d00
CIRCLE: _ZNK14AP_OpticalFlow7healthyEv @ 0xa43d70
CIRCLE: _ZN2AP6armingEv @ 0x62c770
CIRCLE: _ZNK11RC_Channels22has_ever_seen_rc_inputEv @ 0xa43df0
CIRCLE: _ZN9AP_Arming13get_singletonEv @ 0x62c7b0
CIRCLE: _ZNK7AP_EnumIN14AP_OpticalFlow4TypeEEcvKS1_Ev @ 0xa43e50
CIRCLE: _ZN14AP_OpticalFlow13get_singletonEv @ 0xa43ea0
CIRCLE: _ZNK11AP_Airspeed7healthyEh @ 0x62c7f0
CIRCLE: _ZN2AP8airspeedEv @ 0x62c970
CIRCLE: _ZNK11AP_Airspeed7healthyEv @ 0xa43fc0
CIRCLE: _ZNK11AP_Airspeed3useEh @ 0x62c9b0
CIRCLE: _ZN12SRV_Channels17get_output_scaledEN11SRV_Channel8FunctionE @ 0x62cae0
CIRCLE: _ZNK8AC_Fence12get_breachesEv @ 0xa44020
CIRCLE: _ZNK7AP_EnumIN8AC_Fence6ActionEEcvKS1_Ev @ 0xa44070
CIRCLE: _ZNK14AP_BattMonitor7healthyEh @ 0x62cbe0
CIRCLE: _ZNK6AP_GPS8num_satsEv @ 0xa44280
CIRCLE: _ZNK6AP_GPS8num_satsEh @ 0xa44360
CIRCLE: _ZNK14AP_BattMonitor12current_ampsERfh @ 0x62dad0
CIRCLE: _ZNK14AP_BattMonitor12consumed_mahERfh @ 0x62dbc0
CIRCLE: _ZN9AP_Logger14WriteStreamingEPKcS1_S1_z @ 0x62e8e0
CIRCLE: _ZN22AP_RCProtocol_DroneCAN6updateEv @ 0x62eb40
CIRCLE: _ZNK16AP_SerialManager11find_serialENS_14SerialProtocolEh @ 0x62ff30
CIRCLE: _ZNK7AP_Baro12get_pressureEh @ 0xa45fb0
CIRCLE: _ZNK7AP_Baro15get_temperatureEh @ 0xa46100
CIRCLE: _ZNK7AP_Baro23get_altitude_differenceEff @ 0x633550
CIRCLE: _ZNK7AP_Baro26get_altitude_from_pressureEf @ 0x6335f0
CIRCLE: _ZL33find_atmosphere_layer_by_pressuref @ 0x633850
CIRCLE: _ZNK7AP_Baro17get_altitude_AMSLEv @ 0xa46170
CIRCLE: _ZN7AP_Baro29geopotential_alt_to_geometricEf @ 0x633900
CIRCLE: _ZNK7AP_Baro17get_altitude_AMSLEh @ 0xa461d0
CIRCLE: _ZN9AP_Notify6updateEv @ 0x633b40
CIRCLE: _ZN2AP3srvEv @ 0x633ce0
CIRCLE: _ZN12SRV_Channels4corkEv @ 0x633d20
CIRCLE: _ZN12SRV_Channels4pushEv @ 0x633d80
CIRCLE: _ZN16AP_Volz_Protocol6updateEv @ 0x633f30
CIRCLE: _ZN10AP_SBusOut6updateEv @ 0x634200
CIRCLE: _ZN15AP_RobotisServo6updateEv @ 0x634380
CIRCLE: _ZN16AP_FETtecOneWire6updateEv @ 0x6345f0
CIRCLE: _ZN2AP6kdecanEv @ 0x6348e0
CIRCLE: _ZN9AP_KDECAN6updateEv @ 0x634920
CIRCLE: _ZN12SRV_Channels12find_channelEN11SRV_Channel8FunctionERh @ 0x635300
CIRCLE: _ZN11SRV_Channel8calc_pwmEf @ 0x6353d0
CIRCLE: _ZNK11SRV_Channel21pwm_from_scaled_valueEf @ 0x6354c0
CIRCLE: _ZNK11SRV_Channel14pwm_from_angleEf @ 0x635560
CIRCLE: _ZN9AP_KDECAN13get_singletonEv @ 0xa46f50
CIRCLE: _ZN16AP_FETtecOneWire4initEv @ 0x637090
CIRCLE: _ZN16AP_FETtecOneWire9init_uartEv @ 0x638660
CIRCLE: _ZN12SRV_Channels13get_singletonEv @ 0xa479b0
CIRCLE: _ZNK10AP_Mission21get_current_nav_indexEv @ 0xa47d40
CIRCLE: _ZNK6AP_GPS8get_hdopEh @ 0xa48010
CIRCLE: _ZNK7AP_AHRS11groundspeedEv @ 0xa48110
CIRCLE: _ZN7AP_Baro14get_climb_rateEv @ 0x63d900
CIRCLE: _ZN16DerivativeFilterIfLh7EE5slopeEv @ 0xa481b0
CIRCLE: _ZNK11RangeFinder11get_backendEh @ 0x63db50
CIRCLE: _Z14float_to_int16f @ 0x63f5b0
CIRCLE: _ZNK7AP_AHRS11get_yaw_degEv @ 0xa48d30
CIRCLE: _ZNK7AP_AHRS28get_relative_position_D_homeERf @ 0x63f730
CIRCLE: _ZNK8Location9get_alt_mENS_8AltFrameERf @ 0x63f8d0
CIRCLE: _ZNK7AP_AHRS30get_relative_position_D_originERd @ 0x63f980
CIRCLE: _ZNK7AP_AHRS11_get_originER8Location @ 0x63fac0
CIRCLE: _ZNK7AP_AHRS11_get_originENS_7EKFTypeER8Location @ 0x63fba0
CIRCLE: _ZNK7NavEKF312getOriginLLHER8Location @ 0x63fdb0
CIRCLE: _ZN18AP_RCProtocol_CRSF6updateEv @ 0x6428e0
CIRCLE: _ZN13AP_CRSF_Telem13get_singletonEv @ 0x642f10
CIRCLE: _ZN13AP_CRSF_Telem13queue_messageE12MAV_SEVERITYPKc @ 0x643960
CIRCLE: _ZN9AP_Notify13get_singletonEv @ 0xa499a0
CIRCLE: _ZN2AP10crsf_telemEv @ 0x6466b0
CIRCLE: _ZNK7AP_AHRS12get_roll_radEv @ 0xa4a190
CIRCLE: _ZNK7AP_AHRS13get_pitch_radEv @ 0xa4a1e0
CIRCLE: _ZN19AP_RCProtocol_SRXL26updateEv @ 0x64c4d0
CIRCLE: _ZNK14AP_BattMonitor15get_temperatureERfh @ 0x64f5b0
CIRCLE: _ZN2AP3rtcEv @ 0x64f680
CIRCLE: _ZNK6AP_RTC12get_utc_usecERm @ 0x64f7a0
CIRCLE: _ZN6AP_RTC13get_singletonEv @ 0xa4adf0
CIRCLE: _ZN2AP9esc_telemEv @ 0x64fb00
CIRCLE: _ZN12AP_ESC_Telem13get_singletonEv @ 0x64ffb0
CIRCLE: _ZN17AP_RCProtocol_DSM6updateEv @ 0x6534c0
CIRCLE: _ZN7HALSITL9Scheduler5delayEt @ 0x654db0
CIRCLE: _ZN7HALSITL9Scheduler18delay_microsecondsEt @ 0x654ea0
CIRCLE: _ZN6AP_HAL9Scheduler24delay_microseconds_boostEt @ 0xa4b5d0
CIRCLE: _ZN6AP_HAL9Scheduler9boost_endEv @ 0xa4b6e0
CIRCLE: _ZNK6AP_HAL9Scheduler17in_delay_callbackEv @ 0xa4b730
CIRCLE: _ZN7HALSITL9Scheduler21is_system_initializedEv @ 0xa4b790
CIRCLE: _ZN7HALSITL9Scheduler10stop_clockEm @ 0x655410
CIRCLE: _ZNK7HALSITL9Scheduler14in_main_threadEv @ 0x6554b0
CIRCLE: _ZN7HALSITL10SITL_State10wait_clockEm @ 0x655b70
CIRCLE: _ZNK4SITL8Aircraft11get_speedupEv @ 0xa4b940
CIRCLE: _ZNK7HALSITL9Scheduler28semaphore_wait_hack_requiredEv @ 0x655d20
CIRCLE: _ZN7HALSITL10SITL_State15_fdm_input_stepEv @ 0x655da0
CIRCLE: _ZN7HALSITL10SITL_State16_fdm_input_localEv @ 0x655ef0
CIRCLE: _ZNK7HALSITL9Scheduler22interrupts_are_blockedEv @ 0xa4b990
CIRCLE: _ZN7HALSITL9Scheduler17sitl_begin_atomicEv @ 0xa4b9f0
CIRCLE: _ZN7HALSITL9Scheduler11timer_eventEv @ 0xa4ba50
CIRCLE: _ZN7HALSITL9Scheduler15sitl_end_atomicEv @ 0x656090
CIRCLE: _ZN7HALSITL10SITL_State16_update_airspeedEf @ 0x656130
CIRCLE: _ZN7HALSITL10SITL_State19_update_rangefinderEv @ 0x6564a0
CIRCLE: _ZNK7HALSITL10SITL_State18_sonar_pin_voltageEv @ 0x656500
CIRCLE: _ZN7AP_Baro24get_EAS2TAS_for_alt_amslEf @ 0x656670
CIRCLE: _ZL2sqf.11982 @ 0x6566f0
CIRCLE: _ZN7AP_Baro28get_air_density_for_alt_amslEf @ 0x656740
CIRCLE: _ZL3MAXIffEDTqugtfp_fp0_fp_fp0_ERKT_RKT0_.1713 @ 0x656910
CIRCLE: _ZN7HALSITL9Scheduler16_run_timer_procsEv @ 0x656990
CIRCLE: _ZN7HALSITL10SITL_State17_simulator_servosER10sitl_input @ 0x656a90
CIRCLE: _ZN4SITL11JSON_Master7receiveER10sitl_input @ 0x657720
CIRCLE: _ZN7HALSITL10SITL_State22multicast_servo_updateER10sitl_input @ 0x657bc0
CIRCLE: _ZN4SITL8Aircraft11update_homeEv @ 0x657ca0
CIRCLE: _ZN4SITL8Aircraft12update_modelERK10sitl_input @ 0x657e00
CIRCLE: _ZN4SITL8Aircraft8fill_fdmERNS_8sitl_fdmE @ 0x657ea0
CIRCLE: _ZN7HALSITL8CANIface14num_interfacesEv @ 0xa4baf0
CIRCLE: _ZNK4SITL8Aircraft20get_position_relhomeEv @ 0x658a70
CIRCLE: _ZN4SITL11JSON_Master4sendERKNS_8sitl_fdmERK7Vector3IdE @ 0x658b30
CIRCLE: _ZN7HALSITL17SITL_State_Common10sim_updateEv @ 0x658dd0
CIRCLE: _ZN7HALSITL10SITL_State14set_height_aglEv @ 0x659620
CIRCLE: _ZNK4SITL8Aircraft15get_velocity_efEv @ 0xa4bb80
CIRCLE: _ZN4SITL3GPS6updateEv @ 0x65a9f0
CIRCLE: _ZN4SITL12SerialDevice17init_sitl_pointerEv @ 0x65c140
CIRCLE: _ZN4SITL3GPS24check_backend_allocationEv @ 0x65c1d0
CIRCLE: _ZN4SITL3GPS16interpolate_dataERKNS_8GPS_DataEj @ 0x65c7e0
CIRCLE: _ZL3MAXIifEDTqugtfp_fp0_fp_fp0_ERKT_RKT0_.12703 @ 0x65d170
CIRCLE: _ZNK4SITL11GPS_Backend11device_baudEv @ 0xa4c1a0
CIRCLE: _ZN4SITL11GPS_Backend11update_readEv @ 0x65d2f0
CIRCLE: _ZNK4SITL11GPS_Backend18write_to_autopilotEPKcm @ 0x65d640
CIRCLE: _ZNK4SITL11GPS_Backend19read_from_autopilotEPcm @ 0x65d6c0
CIRCLE: _ZN4SITL11GPS_Backend8gps_timeEv @ 0x65e160
CIRCLE: _ZNK7Vector2IdE6lengthEv @ 0xa4c3c0
CIRCLE: _ZN4SITL11GPS_Backend18simulation_timevalEP7timeval @ 0x65ea90
CIRCLE: _ZN4SITL9GPS_UBlox7publishEPKNS_8GPS_DataE @ 0x661960
CIRCLE: _Z4normIddJdEEdT_T0_DpKT1_ @ 0xa4ca60
CIRCLE: _ZL7degreesf.12791 @ 0x662430
CIRCLE: _ZN4SITL9GPS_UBlox8send_ubxEhPht @ 0x662960
CIRCLE: _ZL3MAXIiiEDTqugtfp_fp0_fp_fp0_ERKT_RKT0_.12792 @ 0x662b30
CIRCLE: _ZNK7Vector3IfE6is_nanEv @ 0xa4cae0
CIRCLE: _ZN7Matrix3IfE6rotateERK7Vector3IfE @ 0xa4cbb0
CIRCLE: _ZNK7Vector2IfE5angleEv @ 0xa4cd60
CIRCLE: _ZN7Matrix3IfEpLERKS0_ @ 0xa4cdd0
CIRCLE: _ZNK7Matrix3IfEplERKS0_ @ 0xa4ce60
CIRCLE: _Z2sqIdJddEEdT_DpKT0_ @ 0xa4cf80
CIRCLE: _ZNK11QuaternionTIfE8to_eulerERfS1_S1_ @ 0xa4d020
CIRCLE: _ZNK7Vector2IdE5angleEv @ 0xa4d0d0
CIRCLE: _ZNK11QuaternionTIfE13get_euler_yawEv @ 0xa4d130
CIRCLE: _ZNK7Vector3IdEplERKS0_ @ 0xa4db30
CIRCLE: _ZN7Vector3IdEpLERKS0_ @ 0xa4dbd0
CIRCLE: _ZN7Matrix3IdEC2Ev @ 0xa4dc70
CIRCLE: _ZN7Matrix3IdE10from_eulerEddd @ 0xa4dcf0
CIRCLE: _ZNK7Matrix3IdEmlERK7Vector3IdE @ 0xa4deb0
CIRCLE: _ZNK7Vector3IdEmiERKS0_ @ 0xa4e6a0
CIRCLE: _Z11wrap_360_cdf @ 0x66c650
CIRCLE: _ZNK7Vector3IdE6lengthEv @ 0xa4e800
CIRCLE: _ZN7Vector3IdE4zeroEv @ 0xa4e860
CIRCLE: _ZNK7Vector3IdEmlEd @ 0xa4e8c0
CIRCLE: _ZNK7Matrix3IfE10transposedEv @ 0xa4ea90
CIRCLE: _ZN7Matrix3IfE9normalizeEv @ 0xa4ec60
CIRCLE: _ZNK8Location22get_distance_NE_doubleERKS_ @ 0x66fc00
CIRCLE: _ZN7Vector3IdE2xyEv @ 0xa4ef30
CIRCLE: _ZN7Vector2IdEpLERKS0_ @ 0xa4ef80
CIRCLE: _ZL7degreesf.14500 @ 0x670b50
CIRCLE: _ZNK7Matrix3IfE8to_eulerEPfS1_S1_ @ 0xa4f000
CIRCLE: _ZNK7AP_EnumI8RotationEcvKS0_Ev @ 0xa4f120
CIRCLE: _ZNK8HAL_SITL32get_uart_output_full_queue_countEv @ 0x670c20
CIRCLE: _ZNK4SITL8Aircraft16get_wall_time_usEv @ 0x670d60
CIRCLE: _ZNK7Vector3IdEdvEd @ 0xa4f300
CIRCLE: _ZN4SITL8Aircraft12time_advanceEv @ 0x670de0
CIRCLE: _ZN4SITL8Aircraft15sync_frame_timeEv @ 0x670e80
CIRCLE: _ZN9AP_Logger14WriteStreamingEPKcS1_S1_S1_S1_z @ 0x671180
CIRCLE: _ZL3MAXI9AP_ParamTIfL11ap_var_type4EEdEDTqugtfp_fp0_fp_fp0_ERKT_RKT0_.11827 @ 0x6714f0
CIRCLE: _Z21calc_lowpass_alpha_dtff @ 0x671590
CIRCLE: _ZL3MAXIfiEDTqugtfp_fp0_fp_fp0_ERKT_RKT0_.11828 @ 0x6716c0
CIRCLE: _ZNK4SITL16FETtecOneWireESC7enabledEv @ 0xa4f6c0
CIRCLE: _ZNK4SITL4Volz7enabledEv @ 0xa4f730
CIRCLE: _ZN7HALSITL17SITL_State_Common22update_voltage_currentER10sitl_inputf @ 0x671990
CIRCLE: _ZN8AP_Param18eeprom_write_checkEPKvth @ 0x6743c0
CIRCLE: _ZNK4SITL8Aircraft22rangefinder_beam_widthEv @ 0xa51630
CIRCLE: _ZNK4SITL8Aircraft45perpendicular_distance_to_rangefinder_surfaceEv @ 0x6750e0
CIRCLE: _ZN4SITL8Aircraft23update_external_payloadERK10sitl_input @ 0x676c00
CIRCLE: _ZN4SITL8Aircraft15update_positionEv @ 0x677090
CIRCLE: _ZN4SITL8Aircraft19update_mag_field_bfEv @ 0x6776b0
CIRCLE: _ZN7Vector2IdEmIERKS0_ @ 0xa51680
CIRCLE: _ZNK4SITL7Sprayer10is_enabledEv @ 0xa51710
CIRCLE: _ZN4SITL3I2C6updateERKNS_8AircraftE @ 0x678480
CIRCLE: _ZNK4SITL6Buzzer10is_enabledEv @ 0xa517c0
CIRCLE: _ZNK4SITL13Gripper_Servo10is_enabledEv @ 0xa51820
CIRCLE: _ZNK4SITL11Gripper_EPM10is_enabledEv @ 0xa518e0
CIRCLE: _ZNK4SITL9Parachute10is_enabledEv @ 0xa51990
CIRCLE: _ZNK4SITL12SIM_Precland10is_enabledEv @ 0xa519f0
CIRCLE: _ZN4SITL7ShipSim6updateEv @ 0x679450
CIRCLE: _ZN7Vector2IfE6rotateEf @ 0xa51a50
CIRCLE: _ZN7Vector2IfEpLERKS0_ @ 0xa51b30
CIRCLE: _ZNK7Vector3IdE14length_squaredEv @ 0xa53aa0
CIRCLE: _ZNK7Vector3IdEmlERKS0_ @ 0xa53c10
CIRCLE: _ZNK7AP_AHRS11get_EAS2TASEv @ 0x67f4b0
CIRCLE: _ZNK7Vector3IdE7is_zeroEv @ 0xa53dc0
CIRCLE: _ZN7Vector3IfE2xyEv @ 0xa53e70
CIRCLE: _ZN7Vector2IfE4zeroEv @ 0xa53ec0
CIRCLE: _ZN7Vector3IfEmIERKS0_ @ 0xa53f20
CIRCLE: _ZNK9AP_ParamTIfL11ap_var_type4EEplERKS1_ @ 0xa541d0
CIRCLE: _ZN13LowPassFilterIfE5applyERKfS2_ @ 0xa54960
CIRCLE: _Z11is_positived @ 0xa55070
CIRCLE: _ZN7Vector3IfE9normalizeEv @ 0xa55850
CIRCLE: _ZN7Vector3IdEmIERKS0_ @ 0xa5fad0
CIRCLE: _ZL7radiansd.14806 @ 0x6a3b10
CIRCLE: _ZN4SITL8SimRover6updateERK10sitl_input @ 0x6a7200
CIRCLE: _ZN4SITL8SimRover24update_ackermann_or_skidERK10sitl_inputf @ 0x6a7920
CIRCLE: _ZL7radiansf.13800 @ 0x6a7d60
CIRCLE: _ZN4SITL8SimRover13calc_yaw_rateEff @ 0x6a7dc0
CIRCLE: _ZNK4SITL8SimRover11turn_circleEf @ 0x6a7f80
CIRCLE: _ZN7HALSITL7Storage10read_blockEPvtm @ 0x6b63f0
CIRCLE: _ZN7HALSITL7Storage11write_blockEtPKvm @ 0x6b64c0
CIRCLE: _ZN7HALSITL7Storage11_timer_tickEv @ 0x6b65e0
CIRCLE: _ZNK7BitmaskILt2048EE5emptyEv @ 0xa61240
CIRCLE: _ZNK7BitmaskILt2048EE3getEt @ 0xa612e0
CIRCLE: _ZN10AP_RAMTRON5writeEjPKhj @ 0x6b6950
CIRCLE: _ZN7BitmaskILt2048EE5clearEt @ 0xa613b0
CIRCLE: _ZNK8HAL_SITL25get_storage_posix_enabledEv @ 0xa61470
CIRCLE: _ZNK7BitmaskILt2048EE8validateEt @ 0xa61530
CIRCLE: _ZNK10AP_RAMTRON8get_sizeEv @ 0xa615c0
CIRCLE: _ZN7HALSITL7Storage13_storage_openEv @ 0x6b6fd0
CIRCLE: _ZN7HALSITL7Storage11_mark_dirtyEtt @ 0x6b72e0
CIRCLE: _ZN7BitmaskILt2048EE3setEt @ 0xa61660
CIRCLE: _ZN8AP_Param9save_syncEbb @ 0x6bda50
CIRCLE: _ZN6AP_DAL9end_frameEv @ 0x6c3710
CIRCLE: _ZN6AP_DAL15WriteLogMessageE11LogMessagesPvPKvh @ 0x6c3790
CIRCLE: _ZN9AP_Logger16WriteReplayBlockEhPKvt @ 0x6c38b0
CIRCLE: _ZNK9AP_Logger10log_replayEv @ 0xa62dc0
CIRCLE: _ZNK7NavEKF317option_is_enabledENS_6OptionE @ 0xa62e20
CIRCLE: _ZNK6AP_DAL6millisEv @ 0xa62ea0
CIRCLE: _ZNK12NavEKF3_core10errorScoreEv @ 0x6c3f10
CIRCLE: _ZNK12NavEKF3_core16have_aligned_yawEv @ 0xa62ef0
CIRCLE: _ZNK12NavEKF3_core17have_aligned_tiltEv @ 0xa62f50
CIRCLE: _ZNK12NavEKF3_core24getLastPosNorthEastResetER7Vector2IfE @ 0x6c4760
CIRCLE: _ZNK7Vector2IdEmiERKS0_ @ 0xa62fb0
CIRCLE: _ZNK12NavEKF3_core14getEulerAnglesER7Vector3IfE @ 0x6c4860
CIRCLE: _ZNK11QuaternionTIdE8to_eulerER7Vector3IfE @ 0xa63040
CIRCLE: _ZNK6AP_DAL8get_trimEv @ 0xa630c0
CIRCLE: _ZNK11QuaternionTIdE8to_eulerERfS1_S1_ @ 0xa63120
CIRCLE: _ZNK11QuaternionTIdE14get_euler_rollEv @ 0xa631e0
CIRCLE: _ZNK11QuaternionTIdE15get_euler_pitchEv @ 0xa63290
CIRCLE: _ZNK11QuaternionTIdE13get_euler_yawEv @ 0xa63310
CIRCLE: _Z9safe_asinIdEfT_ @ 0xa633c0
CIRCLE: _ZL3MAXIfdEDTqugtfp_fp0_fp_fp0_ERKT_RKT0_.4176 @ 0x6c4920
CIRCLE: _ZNK12NavEKF3_core20assume_zero_sideslipEv @ 0x6c49c0
CIRCLE: _ZN6AP_DAL8airspeedEv @ 0xa634a0
CIRCLE: _ZNK6AP_DAL15get_fly_forwardEv @ 0xa63540
CIRCLE: _ZNK6AP_DAL17get_vehicle_classEv @ 0xa635b0
CIRCLE: _ZN19RestrictIDTypeArrayIP17CompassCalibratorLj3E14typesafe_indexIh12TAG_PriorityEEixERKS4_ @ 0xa636c0
CIRCLE: _ZNK9AP_Logger10should_logEj @ 0x6ce910
CIRCLE: _ZNK6AP_GPS9time_weekEh @ 0xa64140
CIRCLE: _ZNK6AP_GPS12time_week_msEh @ 0xa641b0
CIRCLE: _ZN3GCS12send_messageE10ap_message @ 0x6cf1b0
CIRCLE: _ZNK6AP_GPS15time_epoch_usecEh @ 0x6cf260
CIRCLE: _ZNK14AP_GPS_Backend16get_last_itow_msEv @ 0x6cf3d0
CIRCLE: _ZN6AP_GPS23istate_time_to_epoch_msEtj @ 0x6cf490
CIRCLE: _ZN10AC_Sprayer3runEb @ 0x6cf9a0
CIRCLE: _ZNK7Vector2IfE6is_nanEv @ 0xa650b0
CIRCLE: _ZN2AP8ac_avoidEv @ 0x6dd810
CIRCLE: _ZN8AC_Avoid13get_singletonEv @ 0xa65bb0
CIRCLE: _ZNK10AP_Gripper7enabledEv @ 0xa65c60
CIRCLE: _ZN10AP_Vehicle13update_armingEv @ 0x6dddb0
CIRCLE: _ZN7FunctorIvJEE14method_wrapperI10AP_VehicleXadL_ZNS2_13update_armingEvEEEEvPv @ 0xa66ce0
CIRCLE: _ZN9AP_Arming6updateEv @ 0x6dde00
CIRCLE: _ZN8AP_Stats6updateEv @ 0x6ddef0
CIRCLE: _ZN7FunctorIvJEE14method_wrapperI8AP_StatsXadL_ZNS2_6updateEvEEEEvPv @ 0xa66d90
CIRCLE: _ZN8AP_Stats17update_flighttimeEv @ 0x6de0a0
CIRCLE: _ZN8AP_Stats14update_runtimeEv @ 0x6de170
CIRCLE: _ZN8AP_Stats5flushEv @ 0x6de210
CIRCLE: _ZN13AP_ParamTBaseIiL11ap_var_type3EE22set_and_save_ifchangedERKi @ 0xa66e40
CIRCLE: _ZN10AP_Filters6updateEv @ 0x6de390
CIRCLE: _ZN7FunctorIvJEE14method_wrapperI10AP_FiltersXadL_ZNS2_6updateEvEEEEvPv @ 0xa66ed0
CIRCLE: _ZN10AP_Vehicle17check_motor_noiseEv @ 0x6df4d0
CIRCLE: _ZN7FunctorIvJEE14method_wrapperI10AP_VehicleXadL_ZNS2_17check_motor_noiseEvEEEEvPv @ 0xa67780
CIRCLE: _ZNK10AP_GyroFFT15check_esc_noiseEv @ 0xa67830
CIRCLE: _ZNK17NotchFilterParams7enabledEv @ 0xa67a60
CIRCLE: _ZN10AP_Vehicle13one_Hz_updateEv @ 0x6dfbb0
CIRCLE: _ZN7FunctorIvJEE14method_wrapperI10AP_VehicleXadL_ZNS2_13one_Hz_updateEvEEEEvPv @ 0xa67ab0
CIRCLE: _ZN12AP_Scripting6updateEv @ 0x6dfc90
CIRCLE: _ZN16AP_SerialManager20registered_ports_logEv @ 0x6dfce0
CIRCLE: _ZN12AP_Scripting13save_checksumEv @ 0x6dfdc0
CIRCLE: _ZN10AP_Gripper6updateEv @ 0x6dfec0
CIRCLE: _ZN7FunctorIvJEE14method_wrapperI10AP_GripperXadL_ZNS2_6updateEvEEEEvPv @ 0xa67bf0
CIRCLE: _ZN6AP_EFI6updateEv @ 0x6e0030
CIRCLE: _ZN7FunctorIvJEE14method_wrapperI6AP_EFIXadL_ZNS2_6updateEvEEEEvPv @ 0xa67ca0
CIRCLE: _ZN6AP_AIS6updateEv @ 0x6e04b0
CIRCLE: _ZN7FunctorIvJEE14method_wrapperI6AP_AISXadL_ZNS2_6updateEvEEEEvPv @ 0xa67d50
CIRCLE: _ZNK6AP_AIS7enabledEv @ 0x6e0d10
CIRCLE: _ZN2AP10oadatabaseEv @ 0x6e35d0
CIRCLE: _ZNK13AP_OADatabase7healthyEv @ 0xa67f10
CIRCLE: _ZNK7AP_AHRS37get_relative_position_NE_origin_floatER7Vector2IfE @ 0x6e3610
CIRCLE: _ZNK7AP_AHRS31get_relative_position_NE_originER7Vector2IdE @ 0x6e3bc0
CIRCLE: _ZN13AP_OADatabase13get_singletonEv @ 0xa681a0
CIRCLE: _ZN8AC_Fence6updateEv @ 0x6e4310
CIRCLE: _ZN7FunctorIvJEE14method_wrapperI8AC_FenceXadL_ZNS2_6updateEvEEEEvPv @ 0xa681e0
CIRCLE: _ZN19AC_PolyFence_loader6updateEv @ 0x6e4440
CIRCLE: _ZN19AC_PolyFence_loader17load_from_storageEv @ 0x6e4530
CIRCLE: _ZN10AP_Vehicle16accel_cal_updateEv @ 0x6e5990
CIRCLE: _ZN7FunctorIvJEE14method_wrapperI10AP_VehicleXadL_ZNS2_16accel_cal_updateEvEEEEvPv @ 0xa683c0
CIRCLE: _ZN20AP_TemperatureSensor6updateEv @ 0x6e7130
CIRCLE: _ZN7FunctorIvJEE14method_wrapperI20AP_TemperatureSensorXadL_ZNS2_6updateEvEEEEvPv @ 0xa684c0
CIRCLE: _ZN10AP_Vehicle16publish_osd_infoEv @ 0x6e73f0
CIRCLE: _ZN7FunctorIvJEE14method_wrapperI10AP_VehicleXadL_ZNS2_16publish_osd_infoEvEEEEvPv @ 0xa68610
CIRCLE: _ZN6AP_OSD12set_nav_infoERNS_7NavInfoE @ 0x6e7510
CIRCLE: _ZN6AP_RPM6updateEv @ 0x6e7580
CIRCLE: _ZN7FunctorIvJEE14method_wrapperI6AP_RPMXadL_ZNS2_6updateEvEEEEvPv @ 0xa686c0
CIRCLE: _ZNK6AP_RPM7Log_RPMEv @ 0x6e7760
CIRCLE: _ZNK6AP_RPM7enabledEh @ 0x6e7880
CIRCLE: _ZN14AP_OpenDroneID6updateEv @ 0x6e7930
CIRCLE: _ZN7FunctorIvJEE14method_wrapperI14AP_OpenDroneIDXadL_ZNS2_6updateEvEEEEvPv @ 0xa687e0
CIRCLE: _ZNK6AP_GPS8velocityEv @ 0xa6a080
CIRCLE: _ZNK7AP_AHRS18groundspeed_vectorEv @ 0xa6a160
CIRCLE: _ZNK6AP_GPS14speed_accuracyEhRf @ 0x6ec620
CIRCLE: _ZNK6AP_GPS17vertical_accuracyEhRf @ 0x6ec6f0
CIRCLE: _ZNK6AP_GPS19horizontal_accuracyEhRf @ 0x6ec7c0
CIRCLE: _ZNK6AP_GPS14get_undulationEhRf @ 0x6ec890
CIRCLE: _ZNK6AP_GPS8velocityEh @ 0xa6a3c0
CIRCLE: _ZN12AP_Generator6updateEv @ 0x6ec960
CIRCLE: _ZN7FunctorIvJEE14method_wrapperI12AP_GeneratorXadL_ZNS2_6updateEvEEEEvPv @ 0xa6a490
CIRCLE: _ZN14AP_Servo_Telem6updateEv @ 0x6ec9d0
CIRCLE: _ZN7FunctorIvJEE14method_wrapperI14AP_Servo_TelemXadL_ZNS2_6updateEvEEEEvPv @ 0xa6a540
CIRCLE: _ZN14AP_Servo_Telem9write_logEv @ 0x6eca20
CIRCLE: _ZN12AP_ESC_Telem6updateEv @ 0x6eced0
CIRCLE: _ZN7FunctorIvJEE14method_wrapperI12AP_ESC_TelemXadL_ZNS2_6updateEvEEEEvPv @ 0xa6a5f0
CIRCLE: _ZN6AP_HAL15timeout_expiredIjjmEEbT_T0_T1_ @ 0xa6a6a0
CIRCLE: _ZN10AP_Vehicle30send_watchdog_reset_statustextEv @ 0x6ed3e0
CIRCLE: _ZN7FunctorIvJEE14method_wrapperI10AP_VehicleXadL_ZNS2_30send_watchdog_reset_statustextEvEEEEvPv @ 0xa6a720
CIRCLE: _ZN8AP_Tramp6updateEv @ 0x6ed540
CIRCLE: _ZN7FunctorIvJEE14method_wrapperI8AP_TrampXadL_ZNS2_6updateEvEEEEvPv @ 0xa6a7d0
CIRCLE: _ZN10AP_VideoTX6updateEv @ 0x6ee520
CIRCLE: _ZN7FunctorIvJEE14method_wrapperI10AP_VideoTXXadL_ZNS2_6updateEvEEEEvPv @ 0xa6aa00
CIRCLE: _ZN10AP_Vehicle38update_dynamic_notch_at_specified_rateEv @ 0x6ee750
CIRCLE: _ZN7FunctorIvJEE14method_wrapperI10AP_VehicleXadL_ZNS2_38update_dynamic_notch_at_specified_rateEvEEEEvPv @ 0xa6aab0
CIRCLE: _ZNK25HarmonicNotchFilterParams9hasOptionENS_7OptionsE @ 0xa6ab60
CIRCLE: _ZN10AP_Vehicle20update_dynamic_notchERN17AP_InertialSensor13HarmonicNotchE @ 0x6ee8a0
CIRCLE: _ZN10AP_GyroFFT17update_parametersEv @ 0xa6af00
CIRCLE: _ZN7FunctorIvJEE14method_wrapperI10AP_GyroFFTXadL_ZNS2_17update_parametersEvEEEEvPv @ 0xa6af50
CIRCLE: _ZN10AP_GyroFFT17update_parametersEb @ 0x6ef810
CIRCLE: _ZN10AP_GyroFFT6updateEv @ 0x6efbb0
CIRCLE: _ZN7FunctorIvJEE14method_wrapperI10AP_GyroFFTXadL_ZNS2_6updateEvEEEEvPv @ 0xa6b000
CIRCLE: _ZN14AP_NMEA_Output6updateEv @ 0x6efd40
CIRCLE: _ZN7FunctorIvJEE14method_wrapperI14AP_NMEA_OutputXadL_ZNS2_6updateEvEEEEvPv @ 0xa6b0b0
CIRCLE: _ZN7FunctorIvJEE14method_wrapperI9AP_NotifyXadL_ZNS2_6updateEvEEEEvPv @ 0xa6b160
CIRCLE: _ZN7Compass10cal_updateEv @ 0x6f0db0
CIRCLE: _ZN7FunctorIvJEE14method_wrapperI7CompassXadL_ZNS2_10cal_updateEvEEEEvPv @ 0xa6b210
CIRCLE: _ZN11AP_Airspeed6updateEv @ 0x6f1900
CIRCLE: _ZN7FunctorIvJEE14method_wrapperI11AP_AirspeedXadL_ZNS2_6updateEvEEEEvPv @ 0xa6b320
CIRCLE: _ZNK11AP_Airspeed11get_primaryEv @ 0xa6b4b0
CIRCLE: _ZN10AP_GyroFFT12sample_gyrosEv @ 0x6f3bb0
CIRCLE: _ZN7FunctorIvJEE14method_wrapperI10AP_GyroFFTXadL_ZNS2_12sample_gyrosEvEEEEvPv @ 0xa6b500
CIRCLE: _ZN10AP_Vehicle4loopEv @ 0x6f4430
CIRCLE: _ZN12AP_Scheduler4loopEv @ 0x6f46d0
CIRCLE: _ZN12AP_Scheduler17get_loop_period_sEv @ 0xa6e3e0
CIRCLE: _ZN17AP_InertialSensor15wait_for_sampleEv @ 0x6f4c70
CIRCLE: _ZN12AP_Scheduler4tickEv @ 0x6f51b0
CIRCLE: _ZN12AP_Scheduler3runEj @ 0x6f5210
CIRCLE: _ZN2AP8PerfInfo15check_loop_timeEj @ 0x6f57c0
CIRCLE: _ZL15fill_nanf_stackv @ 0x6f5950
CIRCLE: _ZN2AP8PerfInfo16update_task_infoEhtb @ 0x6f59a0
CIRCLE: _ZNK7AP_AHRS24_get_primary_accel_indexEv @ 0x6fc370
CIRCLE: _ZNK7AP_AHRS22_get_primary_IMU_indexEv @ 0x6fc3c0
CIRCLE: _ZNK7NavEKF322getPrimaryCoreIMUIndexEv @ 0x6fc520
CIRCLE: _ZNK17AP_InertialSensor21get_first_usable_gyroEv @ 0xa6e850
CIRCLE: _ZNK12NavEKF3_core11getIMUIndexEv @ 0xa6e8a0
CIRCLE: _ZNK14AP_BattMonitor17has_cell_voltagesEh @ 0x6fc650
CIRCLE: _ZN2AP3EFIEv @ 0x6fcea0
CIRCLE: _ZN6AP_EFI13get_singletonEv @ 0xa6f230
CIRCLE: _ZN7FunctorIvJEE14method_wrapperI10AP_VehicleXadL_ZNS2_18fence_checks_asyncEvEEEEvPv @ 0xa6fbd0
CIRCLE: _ZN13AP_Filesystem5writeEiPKvj @ 0x6fdb10
CIRCLE: _ZL3MAXIjjEDTqugtfp_fp0_fp_fp0_ERKT_RKT0_.4125 @ 0x70c160
CIRCLE: _ZN15ekf_ring_buffer4pushEPKv @ 0x70c1e0
CIRCLE: _ZNK15ekf_ring_buffer10get_offsetEh @ 0x70c2e0
CIRCLE: _ZL7radiansf.4130 @ 0x70d680
CIRCLE: _ZN11QuaternionTIdEC2Edddd @ 0xa74a00
CIRCLE: _ZN11QuaternionTIfEmLERKS0_ @ 0xa74ab0
CIRCLE: _ZN2AP5statsEv @ 0x70fde0
CIRCLE: _ZN8AP_Stats13get_singletonEv @ 0xa759a0
CIRCLE: _ZNK7AP_AHRS8get_gyroEv @ 0xa78420
CIRCLE: _ZNK7AP_AHRS17airspeed_estimateERf @ 0x73b660
CIRCLE: _ZNK17AP_InertialSensor20get_vibration_levelsEv @ 0xa784e0
CIRCLE: _ZNK17AP_InertialSensor20get_vibration_levelsEh @ 0x73b760
CIRCLE: _ZNK10DigitalLPFI7Vector3IfEE3getEv @ 0xa78560
CIRCLE: _ZN7AP_AHRS25Log_Write_Home_And_OriginEv @ 0x73c260
CIRCLE: _ZNK7AP_AHRS12Write_OriginENS_13LogOriginTypeERK8Location @ 0x73c330
CIRCLE: _ZNK11QuaternionTIdE7is_zeroEv @ 0xa78610
CIRCLE: _ZN12NavEKF3_core18getEarthFieldTableERK8Location @ 0x73ce30
CIRCLE: _ZN14AP_Declination15get_declinationEff @ 0x73cf30
CIRCLE: _ZNK12NavEKF3_core14MagDeclinationEv @ 0x73cfc0
CIRCLE: _ZN12NavEKF3_core8zeroRowsERA24_A24_dhh @ 0x73d0a0
CIRCLE: _ZN12NavEKF3_core8zeroColsERA24_A24_dhh @ 0x73d160
CIRCLE: _ZN18NavEKF_core_common10zero_rangeEPdhh @ 0xa787b0
CIRCLE: _ZN12NavEKF3_core13ForceSymmetryEv @ 0x73e280
CIRCLE: _ZN12NavEKF3_core18ConstrainVariancesEv @ 0x73e3d0
CIRCLE: _ZN11QuaternionTIdE9normalizeEv @ 0xa78840
CIRCLE: _ZNK11QuaternionTIdE6lengthEv @ 0xa78920
CIRCLE: _Z20constrain_value_lineIdET_S0_S0_S0_j @ 0xa789e0
CIRCLE: _Z2sqI9AP_ParamTIfL11ap_var_type4EEEdT_ @ 0xa78b00
CIRCLE: _ZNK9AP_ParamTIfL11ap_var_type4EEcvdEv @ 0xa78b60
CIRCLE: _ZL7radiansf.4333 @ 0x73ee40
CIRCLE: _ZL2sqf.4255 @ 0x73f960
CIRCLE: _ZNK8Location21get_distance_NE_ftypeERKS_ @ 0x73fab0
CIRCLE: _ZN16EKF_IMU_buffer_tIN12NavEKF3_core15output_elementsEEixEj @ 0xa78c80
CIRCLE: _ZNK14ekf_imu_buffer3getEh @ 0x73fd60
CIRCLE: _ZNK14ekf_imu_buffer10get_offsetEh @ 0x73fdc0
CIRCLE: _ZNK14AP_BattMonitor11consumed_whERfh @ 0x741960
CIRCLE: _ZNK6AP_GPS8get_vdopEh @ 0xa78de0
CIRCLE: _ZNK6AP_GPS16last_fix_time_msEh @ 0xa78e50
CIRCLE: _ZNK6AP_GPS20last_message_time_msEh @ 0xa78ec0
CIRCLE: _ZNK6AP_GPS22have_vertical_velocityEh @ 0xa78f30
CIRCLE: _ZNK6AP_GPS18get_antenna_offsetEh @ 0x743ad0
CIRCLE: _ZNK14AP_GPS_Blended18get_antenna_offsetEv @ 0xa78fb0
CIRCLE: _ZNK6AP_GPS11gps_yaw_degEhRfS0_Rj @ 0x743ba0
CIRCLE: _ZNK6AP_GPS11is_rtk_baseEh @ 0x743d90
CIRCLE: _ZNK6AP_GPS12have_gps_yawEh @ 0xa79000
CIRCLE: _ZNK12AP_Proximity10get_statusEv @ 0x744ad0
CIRCLE: _ZNK12AP_Proximity11num_sensorsEv @ 0xa790a0
CIRCLE: _ZNK11RangeFinder11num_sensorsEv @ 0xa790f0
CIRCLE: _ZNK10AP_Vehicle18get_time_flying_msEv @ 0xa795b0
CIRCLE: _ZN12SRV_Channels23get_output_channel_maskEN11SRV_Channel8FunctionE @ 0x74b8f0
CIRCLE: _ZN11SRV_Channel9output_chEv @ 0x74c710
CIRCLE: _ZN11SRV_Channel12set_overrideEb @ 0xa797b0
CIRCLE: _ZN12SRV_Channels17set_output_scaledEN11SRV_Channel8FunctionEf @ 0x74d030
CIRCLE: _ZNK10AP_Mission5stateEv @ 0xa79b70
CIRCLE: _ZN19AP_ServoRelayEvents13update_eventsEv @ 0x756040
CIRCLE: _ZN17AP_Logger_Backend17Write_Mission_CmdERK10AP_MissionRKNS0_15Mission_CommandE11LogMessages @ 0x756290
CIRCLE: _ZNK9AP_Follow11have_targetEv @ 0x75a5e0
CIRCLE: _ZN9AP_Follow13get_singletonEv @ 0xa7a950
CIRCLE: _ZN18AR_AttitudeControl21get_steering_rate_pidEv @ 0xa7a9e0
CIRCLE: _ZNK6AC_PID12get_pid_infoEv @ 0xa7aa30
CIRCLE: _ZN12AP_Scripting19is_handling_commandEt @ 0x75ef60
CIRCLE: _ZNK7Vector3IfE6is_infEv @ 0xa7b410
CIRCLE: _ZN7Vector2IfE9normalizeEv @ 0xa7b740
CIRCLE: _ZN7Vector2IfEdVEf @ 0xa7b7a0
CIRCLE: _ZNK7Vector2IfE6is_infEv @ 0xa7b820
CIRCLE: _ZL3MAXIjjEDTqugtfp_fp0_fp_fp0_ERKT_RKT0_.5595 @ 0x791640
CIRCLE: _ZN9AP_Logger19file_content_updateEv @ 0x791840
CIRCLE: _ZN9AP_Logger19file_content_updateERNS_11FileContentE @ 0x7919a0
CIRCLE: _ZN9AP_Logger24WriteBlock_first_succeedEPKvt @ 0x791db0
CIRCLE: _ZN17AP_Logger_Backend13Write_MessageEPKc @ 0x7921e0
CIRCLE: _ZNK19LoggerMessageWriter32out_of_time_for_writing_messagesEv @ 0x7922a0
CIRCLE: _ZN38LoggerMessageWriter_WriteEntireMission7processEv @ 0x7925d0
CIRCLE: _ZN30LoggerMessageWriter_DFLogStart7processEv @ 0x792fa0
CIRCLE: _ZNK30LoggerMessageWriter_DFLogStart35out_of_time_for_writing_messages_dfEv @ 0x7935a0
CIRCLE: _ZNK17AP_Logger_Backend22vehicle_message_writerEv @ 0x793b40
CIRCLE: _ZN17AP_Logger_Backend14periodic_tasksEv @ 0x794200
CIRCLE: _ZNK17AP_Logger_Backend13StartNewLogOKEv @ 0x7945f0
CIRCLE: _ZN17AP_Logger_Backend24WriteMoreStartupMessagesEv @ 0x7946d0
CIRCLE: _ZNK17AP_Logger_Backend15logging_enabledEv @ 0x7966f0
CIRCLE: _ZN17AP_Logger_Backend13periodic_10HzEj @ 0x796820
CIRCLE: _ZN17AP_Logger_Backend12periodic_1HzEv @ 0x796870
CIRCLE: _ZN17AP_Logger_Backend15push_log_blocksEv @ 0x796900
CIRCLE: _ZN17AP_Logger_Backend12df_stats_logEv @ 0x796960
CIRCLE: _ZN17AP_Logger_Backend26Write_AP_Logger_Stats_FileERKNS_8df_statsE @ 0x7969d0
CIRCLE: _ZN17AP_Logger_Backend14df_stats_clearEv @ 0x796ae0
CIRCLE: _ZNK30LoggerMessageWriter_DFLogStart8fmt_doneEv @ 0xa7d820
CIRCLE: _ZNK17AP_Logger_Backend40non_messagewriter_message_reserved_spaceEj @ 0xa7d880
CIRCLE: _ZNK17AP_Logger_Backend31critical_message_reserved_spaceEj @ 0xa7d8f0
CIRCLE: _ZN17AP_Logger_Backend15df_stats_gatherEtj @ 0x798fb0
CIRCLE: _ZNK14AP_Logger_File15logging_startedEv @ 0xa7dd80
CIRCLE: _ZN14AP_Logger_File21bufferspace_availableEv @ 0x79bcb0
CIRCLE: _ZNK14AP_Logger_File14logging_failedEv @ 0x79c2c0
CIRCLE: _ZN14AP_Logger_File8io_timerEv @ 0x79c380
CIRCLE: _ZN14AP_Logger_File12periodic_1HzEv @ 0x79c950
CIRCLE: _ZN14AP_Logger_File17periodic_fullrateEv @ 0x79cc00
CIRCLE: _ZNK14AP_Logger_File8WritesOKEv @ 0x79cc50
CIRCLE: _ZNK14AP_Logger_File13StartNewLogOKEv @ 0x79cce0
CIRCLE: _ZN14AP_Logger_File22_WritePrioritisedBlockEPKvtb @ 0x79ce90
CIRCLE: _ZN7AP_AHRS6updateEb @ 0x79d100
CIRCLE: _ZN7AP_AHRS18update_orientationEv @ 0x79d440
CIRCLE: _ZN17AP_InertialSensor6updateEv @ 0x79d540
CIRCLE: _ZN7AP_AHRS29update_trim_rotation_matricesEv @ 0x79dbb0
CIRCLE: _ZN7AP_AHRS10update_DCMEv @ 0x79dcc0
CIRCLE: _ZN7AP_AHRS12update_flagsEv @ 0x79dd60
CIRCLE: _ZN7AP_AHRS11update_SITLEv @ 0x79de20
CIRCLE: _ZN7AP_AHRS15update_externalEv @ 0x79ded0
CIRCLE: _ZN7AP_AHRS11update_EKF2Ev @ 0x79dff0
CIRCLE: _ZN7AP_AHRS11update_EKF3Ev @ 0x79e4e0
CIRCLE: _ZNK7AP_AHRS14get_gyro_driftEv @ 0xa7dde0
CIRCLE: _ZN7AP_AHRS14update_AOA_SSAEv @ 0x79ecd0
CIRCLE: _ZNK7AP_AHRS16_active_EKF_typeEv @ 0x79ed20
CIRCLE: _ZN7AP_AHRS12update_stateEv @ 0x79f250
CIRCLE: _ZNK7AP_AHRS23_get_primary_gyro_indexEv @ 0x79f4f0
CIRCLE: _ZNK7AP_AHRS23_get_primary_core_indexEv @ 0x79f5a0
CIRCLE: _ZNK7AP_AHRS14_wind_estimateER7Vector3IfE @ 0x79f670
CIRCLE: _ZN15AP_AHRS_Backend11get_EAS2TASEv @ 0x79f7a0
CIRCLE: _ZNK7AP_AHRS13_airspeed_EASERfRNS_20AirspeedEstimateTypeE @ 0x79f7e0
CIRCLE: _ZNK7AP_AHRS13_airspeed_TASERf @ 0x79fd60
CIRCLE: _ZNK7AP_AHRS13_airspeed_TASER7Vector3IfE @ 0x79fe70
CIRCLE: _ZNK7AP_AHRS15_get_quaternionER11QuaternionTIfE @ 0x79ff50
CIRCLE: _ZNK7AP_AHRS23_get_secondary_attitudeER7Vector3IfE @ 0x7a0110
CIRCLE: _ZNK7AP_AHRS25_get_secondary_quaternionER11QuaternionTIfE @ 0x7a0310
CIRCLE: _ZNK7AP_AHRS13_get_locationER8Location @ 0x7a04c0
CIRCLE: _ZNK7AP_AHRS23_get_secondary_positionER8Location @ 0x7a0640
CIRCLE: _ZN7AP_AHRS19_groundspeed_vectorEv @ 0x7a0790
CIRCLE: _ZN7AP_AHRS12_groundspeedEv @ 0x7a08c0
CIRCLE: _ZNK7AP_AHRS29_getCorrectedDeltaVelocityNEDER7Vector3IfERf @ 0x7a0990
CIRCLE: _ZNK7AP_AHRS17_get_velocity_NEDER7Vector3IfE @ 0x7a0c20
CIRCLE: _ZNK7NavEKF39getVelNEDER7Vector3IfE @ 0x7a0de0
CIRCLE: _ZNK12NavEKF3_core9getVelNEDER7Vector3IfE @ 0x7a1110
CIRCLE: _ZNK7NavEKF312getAccelBiasEaR7Vector3IfE @ 0x7a1300
CIRCLE: _ZNK17AP_InertialSensor18get_delta_velocityEhR7Vector3IfERf @ 0x7a13d0
CIRCLE: _ZNK7AP_AHRS43get_rotation_autopilot_body_to_vehicle_bodyEv @ 0xa7ded0
CIRCLE: _ZNK17AP_InertialSensor14get_delta_timeEv @ 0xa7df20
CIRCLE: _ZL3MINIffEDTqultfp_fp0_fp_fp0_ERKT_RKT0_.3149 @ 0x7a1580
CIRCLE: _ZL3MINIffEDTqultfp_fp0_fp_fp0_ERKT_RKT0_.1609 @ 0x7a1610
CIRCLE: _ZNK12NavEKF3_core12getAccelBiasER7Vector3IfE @ 0x7a16a0
CIRCLE: _ZL7radiansf.1596 @ 0x7a1d90
CIRCLE: _ZNK7AP_AHRS23_get_secondary_EKF_typeERNS_7EKFTypeE @ 0x7a1de0
CIRCLE: _ZNK7NavEKF36getLLHER8Location @ 0x7a1fd0
CIRCLE: _ZNK12NavEKF3_core6getLLHER8Location @ 0x7a2070
CIRCLE: _ZNK7AP_AHRS24fallback_active_EKF_typeEv @ 0x7a2640
CIRCLE: _ZNK11AP_AHRS_DCM14get_quaternionER11QuaternionTIfE @ 0x7a2690
CIRCLE: _ZNK7NavEKF313getQuaternionER11QuaternionTIfE @ 0x7a2790
CIRCLE: _ZN11QuaternionTIfE6rotateERK7Vector3IfE @ 0xa7e200
CIRCLE: _ZN11QuaternionTIfE15from_axis_angleE7Vector3IfE @ 0xa7e2b0
CIRCLE: _ZN15AP_ExternalAHRS14get_quaternionER11QuaternionTIfE @ 0x7a2890
CIRCLE: _ZNK12NavEKF3_core13getQuaternionER11QuaternionTIfE @ 0x7a2940
CIRCLE: _ZNK11QuaternionTIdE7tofloatEv @ 0xa7e390
CIRCLE: _ZNK7NavEKF314getEulerAnglesER7Vector3IfE @ 0x7a2af0
CIRCLE: _ZNK7NavEKF312getAirSpdVecER7Vector3IfE @ 0x7a2cd0
CIRCLE: _ZNK12NavEKF3_core12getAirSpdVecER7Vector3IfE @ 0x7a2d70
CIRCLE: _ZNK11QuaternionTIdE7inverseEv @ 0xa7e410
CIRCLE: _ZNK7AP_AHRS25get_active_airspeed_indexEv @ 0x7a3170
CIRCLE: _ZNK7AP_AHRS27_should_use_airspeed_sensorEh @ 0x7a3270
CIRCLE: _ZNK7AP_AHRS27get_wind_estimation_enabledEv @ 0xa7e4c0
CIRCLE: _ZNK7NavEKF37getWindER7Vector3IfE @ 0x7a3580
CIRCLE: _ZNK12NavEKF3_core7getWindER7Vector3IfE @ 0x7a36a0
CIRCLE: _ZN15AP_AHRS_Backend23airspeed_sensor_enabledEh @ 0xa7e580
CIRCLE: _ZNK7AP_AHRS23airspeed_sensor_enabledEh @ 0xa7e660
CIRCLE: _ZNK7AP_AHRS10option_setENS_7OptionsE @ 0xa7e6c0
CIRCLE: _ZNK7NavEKF317getActiveAirspeedEv @ 0x7a3870
CIRCLE: _ZNK12NavEKF3_core17getActiveAirspeedEv @ 0x7a3900
CIRCLE: _ZNK7AP_Baro12_get_EAS2TASEv @ 0x7a3950
CIRCLE: _ZNK7AP_Baro20get_EAS2TAS_extendedEf @ 0x7a39c0
CIRCLE: _ZNK7NavEKF319getPrimaryCoreIndexEv @ 0x7a3c90
CIRCLE: _ZNK7NavEKF326configuredToUseGPSForPosXYEv @ 0x7a3eb0
CIRCLE: _ZNK11AP_AHRS_DCM20yaw_source_availableEv @ 0x7a3f30
CIRCLE: _ZNK16AP_NavEKF_Source14getPosXYSourceEh @ 0xa7e820
CIRCLE: _ZNK7AP_AHRS9calc_trigERK7Matrix3IfERfS4_S4_S4_S4_S4_ @ 0x7a3fe0
CIRCLE: _ZNK9AP_Logger15allow_start_ekfEv @ 0x7a43d0
CIRCLE: _ZN7NavEKF312UpdateFilterEv @ 0x7a4aa0
CIRCLE: _ZNK7NavEKF320getRotationBodyToNEDER7Matrix3IfE @ 0x7a5070
CIRCLE: _ZN7AP_AHRS16update_cd_valuesEv @ 0x7a5100
CIRCLE: _ZN7AP_AHRS11update_trigEv @ 0x7a5240
CIRCLE: _ZNK17AP_InertialSensor22get_first_usable_accelEv @ 0xa7e8a0
CIRCLE: _ZNK7NavEKF311getGyroBiasEaR7Vector3IfE @ 0x7a5320
CIRCLE: _ZN7AP_AHRS32update_notify_from_filter_statusERK17nav_filter_status @ 0x7a53f0
CIRCLE: _ZNK12NavEKF3_core11getGyroBiasER7Vector3IfE @ 0x7a54a0
CIRCLE: _ZL7degreesf.1550 @ 0x7a5580
CIRCLE: _ZN6AP_DAL11start_frameENS_9FrameTypeE @ 0x7a55d0
CIRCLE: _ZNK6AP_DAL8micros64Ev @ 0xa7e8f0
CIRCLE: _ZNK12NavEKF3_core21getFramesSincePredictEv @ 0x7a5ab0
CIRCLE: _ZN6AP_DAL22ekf_low_time_remainingENS_7EKFTypeEh @ 0x7a5b10
CIRCLE: _ZN12NavEKF3_core12UpdateFilterEb @ 0x7a5c50
CIRCLE: _ZNK6AP_DAL9get_armedEv @ 0xa7e940
CIRCLE: _ZN7NavEKF321updateCoreErrorScoresEv @ 0x7a5e80
CIRCLE: _ZN7NavEKF324updateCoreRelativeErrorsEv @ 0x7a5f40
CIRCLE: _ZNK7NavEKF315coreBetterScoreEhh @ 0x7a60e0
CIRCLE: _ZN16AP_NavEKF_Source22align_inactive_sourcesEv @ 0x7a62e0
CIRCLE: _ZNK16AP_NavEKF_Source13getPosZSourceEh @ 0x7a6590
CIRCLE: _ZNK7AP_EnumIN16AP_NavEKF_Source7SourceZEEcvKS1_Ev @ 0xa7ea20
CIRCLE: _ZL3MAXI9AP_ParamTIfL11ap_var_type4EEfEDTqugtfp_fp0_fp_fp0_ERKT_RKT0_.3912 @ 0x7a6770
CIRCLE: _ZN18NavEKF_core_common22fill_scratch_variablesEv @ 0x7a6800
CIRCLE: _ZN12NavEKF3_core23update_sensor_selectionEv @ 0x7a68a0
CIRCLE: _ZN12NavEKF3_core18controlFilterModesEv @ 0x7a6910
CIRCLE: _ZN12NavEKF3_core11readIMUDataEb @ 0x7a69e0
CIRCLE: _ZN12NavEKF3_core27UpdateStrapdownEquationsNEDEv @ 0x7a72b0
CIRCLE: _ZN12NavEKF3_core20CovariancePredictionEP7Vector3IdE @ 0x7a7790
CIRCLE: _ZN12NavEKF3_core25runYawEstimatorPredictionEv @ 0x7b1f80
CIRCLE: _ZN12NavEKF3_core15SelectMagFusionEv @ 0x7b20e0
CIRCLE: _ZN12NavEKF3_core18SelectVelPosFusionEv @ 0x7b2e10
CIRCLE: _ZN12NavEKF3_core25runYawEstimatorCorrectionEv @ 0x7b37d0
CIRCLE: _ZN12NavEKF3_core18SelectRngBcnFusionEv @ 0x7b39c0
CIRCLE: _ZN12NavEKF3_core16SelectFlowFusionEv @ 0x7b3af0
CIRCLE: _ZN12NavEKF3_core20SelectBodyOdomFusionEv @ 0x7b3dd0
CIRCLE: _ZN12NavEKF3_core15SelectTasFusionEv @ 0x7b4080
CIRCLE: _ZN12NavEKF3_core20SelectBetaDragFusionEv @ 0x7b4180
CIRCLE: _ZN12NavEKF3_core18updateFilterStatusEv @ 0x7b4440
CIRCLE: _ZN12NavEKF3_core13moveEKFOriginEv @ 0x7b4d80
CIRCLE: _ZN12NavEKF3_core21checkUpdateEarthFieldEv @ 0x7b4f30
CIRCLE: _ZN12NavEKF3_core16calcOutputStatesEv @ 0x7b4ff0
CIRCLE: _ZN12NavEKF3_core11readMagDataEv @ 0x7b6340
CIRCLE: _ZN12NavEKF3_core11readGpsDataEv @ 0x7b6850
CIRCLE: _ZN12NavEKF3_core14readGpsYawDataEv @ 0x7b71e0
CIRCLE: _ZN12NavEKF3_core12readBaroDataEv @ 0x7b7310
CIRCLE: _ZN6AP_DAL3insEv @ 0xa7ead0
CIRCLE: _ZNK21AP_DAL_InertialSensor9get_accelEh @ 0xa7eb20
CIRCLE: _ZL2sqf.4316 @ 0x7b9340
CIRCLE: _ZNK16AP_NavEKF_Source13useVelZSourceENS_7SourceZEh @ 0x7b94b0
CIRCLE: _ZNK12NavEKF3_core26CorrectGPSForAntennaOffsetERNS_12gps_elementsE @ 0x7b95e0
CIRCLE: _ZNK10AP_DAL_GPS18get_antenna_offsetEh @ 0xa7edf0
CIRCLE: _ZNK7Vector3IdErmERKS0_ @ 0xa7ee60
CIRCLE: _ZNK7Matrix3IdE13mul_transposeERK7Vector3IdE @ 0xa7ef40
CIRCLE: _ZN7Vector3IdEdVEd @ 0xa7f050
CIRCLE: _ZNK21AP_DAL_InertialSensor16get_loop_delta_tEv @ 0xa7f0e0
CIRCLE: _ZNK14AP_DAL_Compass16get_first_usableEv @ 0xa7f500
CIRCLE: _ZNK11AP_DAL_Baro15get_last_updateEh @ 0xa7f770
CIRCLE: _ZNK11AP_DAL_Baro12get_altitudeEh @ 0xa7f7e0
CIRCLE: _ZN16EKF_obs_buffer_tIN12NavEKF3_core13baro_elementsEE4pushERKS1_ @ 0xa7f850
CIRCLE: _ZNK10AP_DAL_GPS11gps_yaw_degEhRfS0_Rj @ 0xa7f8c0
CIRCLE: _ZL3MAXIfdEDTqugtfp_fp0_fp_fp0_ERKT_RKT0_ @ 0x7b9fe0
CIRCLE: _ZNK10AP_DAL_GPS20last_message_time_msEh @ 0xa7f9e0
CIRCLE: _ZNK10AP_DAL_GPS7get_lagEhRf @ 0xa7fa50
CIRCLE: _ZL3MINIjjEDTqultfp_fp0_fp_fp0_ERKT_RKT0_.4133 @ 0x7ba1e0
CIRCLE: _ZNK10AP_DAL_GPS8velocityEh @ 0xa7fb00
CIRCLE: _ZNK10AP_DAL_GPS22have_vertical_velocityEh @ 0xa7fb70
CIRCLE: _ZNK10AP_DAL_GPS14speed_accuracyEhRf @ 0xa7fbf0
CIRCLE: _ZL3MAXIdfEDTqugtfp_fp0_fp_fp0_ERKT_RKT0_.4129 @ 0x7ba260
CIRCLE: _ZL3MINIdfEDTqultfp_fp0_fp_fp0_ERKT_RKT0_ @ 0x7ba300
CIRCLE: _ZL3MAXId9AP_ParamTIfL11ap_var_type4EEEDTqugtfp_fp0_fp_fp0_ERKT_RKT0_ @ 0x7ba3a0
CIRCLE: _ZNK10AP_DAL_GPS19horizontal_accuracyEhRf @ 0xa7fca0
CIRCLE: _ZNK10AP_DAL_GPS17vertical_accuracyEhRf @ 0xa7fd50
CIRCLE: _ZNK10AP_DAL_GPS8num_satsEh @ 0xa7fe00
CIRCLE: _ZN12NavEKF3_core18calcGpsGoodToAlignEv @ 0x7ba450
CIRCLE: _ZN12NavEKF3_core20calcGpsGoodForFlightEv @ 0x7bb3b0
CIRCLE: _ZN16EKF_obs_buffer_tIN12NavEKF3_core12gps_elementsEE4pushERKS1_ @ 0xa7fe70
CIRCLE: _ZL3MAXIddEDTqugtfp_fp0_fp_fp0_ERKT_RKT0_.4294 @ 0x7bb870
CIRCLE: _ZL3MINIdfEDTqultfp_fp0_fp_fp0_ERKT_RKT0_.4281 @ 0x7bb8f0
CIRCLE: _ZNK10AP_DAL_GPS8get_hdopEh @ 0xa7fee0
CIRCLE: _ZNK14AP_DAL_Compass9availableEv @ 0xa7ff50
CIRCLE: _ZNK14AP_DAL_Compass9get_countEv @ 0xa7ffb0
CIRCLE: _ZNK14AP_DAL_Compass21learn_offsets_enabledEv @ 0xa80000
CIRCLE: _ZNK14AP_DAL_Compass7healthyEh @ 0xa80060
CIRCLE: _ZNK14AP_DAL_Compass16last_update_usecEh @ 0xa800d0
CIRCLE: _ZNK14AP_DAL_Compass11get_offsetsEh @ 0xa80140
CIRCLE: _ZNK7Vector3IdEneERKS0_ @ 0xa801b0
CIRCLE: _ZN12NavEKF3_core12mag_elementsC2Ev @ 0xa80280
CIRCLE: _ZNK14AP_DAL_Compass9get_fieldEh @ 0xa802e0
CIRCLE: _ZNK14AP_DAL_Compass10consistentEv @ 0xa80350
CIRCLE: _ZN16EKF_obs_buffer_tIN12NavEKF3_core12mag_elementsEE4pushERKS1_ @ 0xa803b0
CIRCLE: _Z8is_equalIddENSt3__19enable_ifIXsr3std17is_floating_pointINS0_11common_typeIJT_T0_EE4typeEEE5valueEbE4typeES3_S4_ @ 0xa80420
CIRCLE: _ZN12NavEKF3_core17correctDeltaAngleER7Vector3IdEdh @ 0x7bbbd0
CIRCLE: _ZN12NavEKF3_core20correctDeltaVelocityER7Vector3IdEdh @ 0x7bbc90
CIRCLE: _ZN11QuaternionTIdEC2Ev @ 0xa804a0
CIRCLE: _ZN11QuaternionTIdE15from_axis_angleE7Vector3IdE @ 0xa80510
CIRCLE: _ZN11QuaternionTIdEmLERKS0_ @ 0xa805d0
CIRCLE: _ZNK11QuaternionTIdE15rotation_matrixER7Matrix3IdE @ 0xa80770
CIRCLE: _ZNK21AP_DAL_InertialSensor8get_gyroEh @ 0xa80960
CIRCLE: _ZNK6AP_DAL20get_takeoff_expectedEv @ 0xa80a70
CIRCLE: _ZN16EKF_IMU_buffer_tIN12NavEKF3_core12imu_elementsEE18get_youngest_indexEv @ 0xa80ae0
CIRCLE: _ZN16EKF_IMU_buffer_tIN12NavEKF3_core12imu_elementsEE16get_oldest_indexEv @ 0xa80b40
CIRCLE: _ZNK11QuaternionTIdEdvERKS0_ @ 0xa80ba0
CIRCLE: _ZN11QuaternionTIdEixEh @ 0xa80dc0
CIRCLE: _ZL3MAXIddEDTqugtfp_fp0_fp_fp0_ERKT_RKT0_.4344 @ 0x7bbdb0
CIRCLE: _ZN12NavEKF3_core15output_elementsC2Ev @ 0xa80e30
CIRCLE: _ZNK14ekf_imu_buffer16get_oldest_indexEv @ 0xa80eb0
CIRCLE: _ZNK14ekf_imu_buffer18get_youngest_indexEv @ 0xa80f00
CIRCLE: _ZN11QuaternionTIdE15from_axis_angleERK7Vector3IdEd @ 0xa80f50
CIRCLE: _ZNK6AP_DAL22get_touchdown_expectedEv @ 0xa81070
CIRCLE: _ZNK6AP_DAL11get_EAS2TASEv @ 0xa81150
CIRCLE: _ZN7Vector3IdEixEh @ 0xa81210
CIRCLE: _ZNK7Vector3IdEixEh @ 0xa81280
CIRCLE: _ZN7Vector2IdEixEh @ 0xa812f0
CIRCLE: _ZN15ekf_ring_buffer6recallEPvj @ 0x7c2910
CIRCLE: _ZNK15ekf_ring_buffer7time_msEh @ 0x7c2a70
CIRCLE: _ZN12NavEKF3_core14readAirSpdDataEv @ 0x7c2ae0
CIRCLE: _ZNK12NavEKF3_core11useAirspeedEv @ 0x7c47b0
CIRCLE: _ZNK6AP_DAL23airspeed_sensor_enabledEv @ 0xa81610
CIRCLE: _ZN16EKF_obs_buffer_tIN12NavEKF3_core16vel_odm_elementsEE6recallERS1_j @ 0xa81680
CIRCLE: _ZN16EKF_obs_buffer_tIN12NavEKF3_core18wheel_odm_elementsEE6recallERS1_j @ 0xa81700
CIRCLE: _ZN12NavEKF3_core11of_elementsC2Ev @ 0xa81780
CIRCLE: _ZN16EKF_obs_buffer_tIN12NavEKF3_core11of_elementsEE6recallERS1_j @ 0xa81810
CIRCLE: _ZNK7Vector2IdEixEh @ 0xa81890
CIRCLE: _ZN12NavEKF3_core14readRngBcnDataEv @ 0x7d1700
CIRCLE: _ZN10EKFGSF_yaw11fuseVelDataERK7Vector2IdEd @ 0x7d53b0
CIRCLE: _ZNK12NavEKF3_core13EKFGSF_getYawERdS0_ @ 0x7d57b0
CIRCLE: _ZNK11QuaternionTIdE8to_eulerERdS1_S1_ @ 0xa81d60
CIRCLE: _ZNK11QuaternionTIdE12to_vector312Ev @ 0xa81e10
CIRCLE: _ZN7Matrix3IdE13from_euler312Eddd @ 0xa82150
CIRCLE: _ZNK7Matrix3IdE11to_euler312Ev @ 0xa827f0
CIRCLE: _ZN7Matrix3IdEixEh @ 0xa828e0
CIRCLE: _ZNK10EKFGSF_yaw10getYawDataERdS0_Ph @ 0x7d6120
CIRCLE: _ZL7radiansf.4097 @ 0x7d6200
CIRCLE: _ZL2sqf.4095 @ 0x7d6250
CIRCLE: _ZNK10EKFGSF_yaw17getVelInnovLengthERd @ 0x7d62a0
CIRCLE: _ZN10EKFGSF_yaw7correctEhRK7Vector2IdEd @ 0x7d67c0
CIRCLE: _ZNK10EKFGSF_yaw15gaussianDensityEh @ 0x7d7b80
CIRCLE: _ZL3MAXIdfEDTqugtfp_fp0_fp_fp0_ERKT_RKT0_.3598 @ 0x7d7f00
CIRCLE: _ZN10EKFGSF_yaw13forceSymmetryEh @ 0x7d7fa0
CIRCLE: _ZN16EKF_obs_buffer_tIN12NavEKF3_core16ext_nav_elementsEE6recallERS1_j @ 0xa82a50
CIRCLE: _ZN16EKF_obs_buffer_tIN12NavEKF3_core20ext_nav_vel_elementsEE6recallERS1_j @ 0xa82ad0
CIRCLE: _ZNK12NavEKF3_core35CalculateVelInnovationsAndVariancesERK7Vector3IdEddRS1_S4_ @ 0x7d84d0
CIRCLE: _ZN16EKF_obs_buffer_tIN12NavEKF3_core12gps_elementsEE6recallERS1_j @ 0xa82b50
CIRCLE: _ZN12NavEKF3_core21selectHeightForFusionEv @ 0x7d8b10
CIRCLE: _ZN12NavEKF3_core13FuseVelPosNEDEv @ 0x7da010
CIRCLE: _ZL3MAXIdfEDTqugtfp_fp0_fp_fp0_ERKT_RKT0_.4269 @ 0x7dc360
CIRCLE: _ZL3MAXI9AP_ParamTIfL11ap_var_type4EEfEDTqugtfp_fp0_fp_fp0_ERKT_RKT0_.4270 @ 0x7dc400
CIRCLE: _ZN12NavEKF3_core15readRangeFinderEv @ 0x7dc490
CIRCLE: _ZN16EKF_obs_buffer_tIN12NavEKF3_core14range_elementsEE6recallERS1_j @ 0xa82bd0
CIRCLE: _ZN16EKF_obs_buffer_tIN12NavEKF3_core13baro_elementsEE6recallERS1_j @ 0xa82ca0
CIRCLE: _ZL3MAXIddEDTqugtfp_fp0_fp_fp0_ERKT_RKT0_.4118 @ 0x7dd060
CIRCLE: _ZL3MAXI9AP_ParamTIfL11ap_var_type4EEfEDTqugtfp_fp0_fp_fp0_ERKT_RKT0_.4107 @ 0x7dd230
CIRCLE: _ZN12NavEKF3_core12fuseEulerYawENS_15yawFusionMethodE @ 0x7dd2c0
CIRCLE: _ZN16EKF_obs_buffer_tIN12NavEKF3_core12yaw_elementsEE6recallERS1_j @ 0xa82f30
CIRCLE: _ZN16EKF_obs_buffer_tIN12NavEKF3_core12mag_elementsEE6recallERS1_j @ 0xa82fb0
CIRCLE: _ZN12NavEKF3_core18controlMagYawResetEv @ 0x7df260
CIRCLE: _ZNK7Matrix3IdEixEh @ 0xa83180
CIRCLE: _ZL3MAXIdfEDTqugtfp_fp0_fp_fp0_ERKT_RKT0_.4105 @ 0x7e60b0
CIRCLE: _ZN12NavEKF3_core17MagTableConstrainEv @ 0x7e6150
CIRCLE: _ZNK11QuaternionTIdE13to_axis_angleER7Vector3IdE @ 0xa831f0
CIRCLE: _ZN10EKFGSF_yaw6updateERK7Vector3IdES3_ddbd @ 0x7e68d0
CIRCLE: _ZN10EKFGSF_yaw7predictEh @ 0x7e7360
CIRCLE: _ZN10EKFGSF_yaw11predictAHRSEh @ 0x7e7eb0
CIRCLE: _ZL7radiansf.3596 @ 0x7e8430
CIRCLE: _ZL2sqf.3597 @ 0x7e8480
CIRCLE: _ZNK10EKFGSF_yaw12updateRotMatERK7Matrix3IdERK7Vector3IdE @ 0x7e84d0
CIRCLE: _ZN12NavEKF3_core21calcTiltErrorVarianceEv @ 0x7e8db0
CIRCLE: _ZN12NavEKF3_core23verifyTiltErrorVarianceEv @ 0x7e9490
CIRCLE: _ZL3MINIffEDTqultfp_fp0_fp_fp0_ERKT_RKT0_.4336 @ 0x7e9890
CIRCLE: _ZN11QuaternionTIdE6rotateERK7Vector3IdE @ 0xa837b0
CIRCLE: _ZN12NavEKF3_core15ConstrainStatesEv @ 0x7e9920
CIRCLE: _ZNK21AP_DAL_InertialSensor9use_accelEh @ 0xa83870
CIRCLE: _ZNK21AP_DAL_InertialSensor8use_gyroEh @ 0xa83940
CIRCLE: _ZN12NavEKF3_core19learnInactiveBiasesEv @ 0x7e9d60
CIRCLE: _ZN12NavEKF3_core19updateMovementCheckEv @ 0x7ea2d0
CIRCLE: _ZN12NavEKF3_core17readDeltaVelocityEhR7Vector3IdERd @ 0x7eab70
CIRCLE: _ZNK21AP_DAL_InertialSensor18get_imu_pos_offsetEh @ 0xa83a10
CIRCLE: _ZN12NavEKF3_core14readDeltaAngleEhR7Vector3IdERd @ 0x7eacc0
CIRCLE: _ZN16EKF_IMU_buffer_tIN12NavEKF3_core12imu_elementsEE21push_youngest_elementES1_ @ 0xa83a80
CIRCLE: _ZN12NavEKF3_core14SampleDragDataERKNS_12imu_elementsE @ 0x7eade0
CIRCLE: _ZN16EKF_IMU_buffer_tIN12NavEKF3_core12imu_elementsEE18get_oldest_elementEv @ 0xa83ae0
CIRCLE: _ZN12NavEKF3_core22updateTimingStatisticsEv @ 0x7eb090
CIRCLE: _ZL3MINIfdEDTqultfp_fp0_fp_fp0_ERKT_RKT0_ @ 0x7eb340
CIRCLE: _ZN12NavEKF3_core12imu_elementsC2Ev @ 0xa83b60
CIRCLE: _ZN14ekf_imu_buffer18get_oldest_elementEPv @ 0x7eb3e0
CIRCLE: _ZN14ekf_imu_buffer21push_youngest_elementEPKv @ 0x7eb4a0
CIRCLE: _ZNK21AP_DAL_InertialSensor14get_gyro_countEv @ 0xa83c40
CIRCLE: _ZNK21AP_DAL_InertialSensor15get_delta_angleEhR7Vector3IfERf @ 0xa83c90
CIRCLE: _ZNK21AP_DAL_InertialSensor15get_accel_countEv @ 0xa83d90
CIRCLE: _ZNK21AP_DAL_InertialSensor18get_delta_velocityEhR7Vector3IfERf @ 0xa83de0
CIRCLE: _ZL7radiansi.4131 @ 0x7eb590
CIRCLE: _ZN12NavEKF3_core12detectFlightEv @ 0x7eb5f0
CIRCLE: _ZN12NavEKF3_core27setWindMagStateLearningModeEv @ 0x7ebab0
CIRCLE: _ZN12NavEKF3_core28checkAttitudeAlignmentStatusEv @ 0x7ec350
CIRCLE: _ZN12NavEKF3_core13setAidingModeEv @ 0x7ec460
CIRCLE: _ZN12NavEKF3_core12setYawSourceEv @ 0x7ed3d0
CIRCLE: _ZN12NavEKF3_core18checkGyroCalStatusEv @ 0x7ed4a0
CIRCLE: _ZL3MINIttEDTqultfp_fp0_fp_fp0_ERKT_RKT0_ @ 0x7edb80
CIRCLE: _ZL7radiansd.4050 @ 0x7edc00
CIRCLE: _ZN12NavEKF3_core19updateStateIndexLimEv @ 0x7edcf0
CIRCLE: _ZNK6AP_DAL18get_time_flying_msEv @ 0xa83ed0
CIRCLE: _ZN12NavEKF3_core20update_gps_selectionEv @ 0x7edee0
CIRCLE: _ZN12NavEKF3_core20update_mag_selectionEv @ 0x7edfe0
CIRCLE: _ZN12NavEKF3_core21update_baro_selectionEv @ 0x7ee120
CIRCLE: _ZN12NavEKF3_core25update_airspeed_selectionEv @ 0x7ee200
CIRCLE: _ZNK11AP_DAL_Baro11get_primaryEv @ 0xa83f70
CIRCLE: _Z9fill_nanfPdt @ 0x7ee310
CIRCLE: _ZNK17AP_InertialSensor20get_last_update_usecEv @ 0xa84030
CIRCLE: _ZNK17AP_InertialSensor16get_loop_delta_tEv @ 0xa84080
CIRCLE: _ZNK7AP_AHRS17get_vehicle_classEv @ 0xa840d0
CIRCLE: _ZNK7AP_AHRS20get_takeoff_expectedEv @ 0xa84120
CIRCLE: _ZNK7AP_AHRS22get_touchdown_expectedEv @ 0xa84180
CIRCLE: _ZNK7AP_AHRS8get_trimEv @ 0xa841e0
CIRCLE: _ZN2AP12wheelencoderEv @ 0x7ee730
CIRCLE: _ZNK15AP_WheelEncoder11num_sensorsEv @ 0xa84240
CIRCLE: _ZNK7AP_AHRS43get_rotation_vehicle_body_to_autopilot_bodyEv @ 0xa84290
CIRCLE: _ZN21AP_DAL_InertialSensor11start_frameEv @ 0x7ee770
CIRCLE: _ZN11AP_DAL_Baro11start_frameEv @ 0x7ee9f0
CIRCLE: _ZN10AP_DAL_GPS11start_frameEv @ 0x7eeb60
CIRCLE: _ZN14AP_DAL_Compass11start_frameEv @ 0x7eef60
CIRCLE: _ZNK9AP_Beacon7enabledEv @ 0x7efa10
CIRCLE: _ZNK9AP_Beacon12device_readyEv @ 0x7efd50
CIRCLE: _ZNK7AP_EnumIN9AP_Beacon4TypeEEcvKS1_Ev @ 0xa84340
CIRCLE: _ZNK7Compass24auto_declination_enabledEv @ 0xa84490
CIRCLE: _ZNK7Compass15get_declinationEv @ 0x7efec0
CIRCLE: _ZNK7Compass15get_num_enabledEv @ 0x7eff20
CIRCLE: _ZNK7Compass16get_first_usableEv @ 0xa84500
CIRCLE: _ZNK7Compass17have_scale_factorEh @ 0x7effe0
CIRCLE: _ZNK7Compass16last_update_usecEh @ 0xa84550
CIRCLE: _ZNK14typesafe_indexIh14TAG_StateIndexEgeERKh @ 0xa845d0
CIRCLE: _ZNK7AP_Baro11get_primaryEv @ 0xa84640
CIRCLE: _ZNK7AP_Baro15get_last_updateEh @ 0xa84690
CIRCLE: _ZNK17AP_InertialSensor16get_loop_rate_hzEv @ 0xa84700
CIRCLE: _ZNK17AP_InertialSensor15get_delta_angleEhR7Vector3IfERf @ 0x7f0120
CIRCLE: _ZN21AP_DAL_InertialSensor15update_filteredEh @ 0x7f02f0
CIRCLE: _ZNK17AP_InertialSensor18get_imu_pos_offsetEh @ 0xa84750
CIRCLE: _ZNK17AP_InertialSensor10_accel_posEh @ 0xa847b0
CIRCLE: _ZN17AP_InertialSensor10_accel_posEh @ 0xa84810
CIRCLE: _ZN15AP_WheelEncoder13get_singletonEv @ 0xa84880
CIRCLE: _ZN7NavEKF216InitialiseFilterEv @ 0x7f2d80
CIRCLE: _ZNK6AP_DAL12get_ekf_typeEv @ 0xa87070
CIRCLE: _ZN16AP_AHRS_External6updateEv @ 0x826160
CIRCLE: _ZN16AP_AHRS_External11get_resultsERN15AP_AHRS_Backend9EstimatesE @ 0x8261b0
CIRCLE: _ZN7AP_AHRS37copy_estimates_from_backend_estimatesERKN15AP_AHRS_Backend9EstimatesE @ 0x826400
CIRCLE: _ZN15AP_ExternalAHRS6updateEv @ 0x8266e0
CIRCLE: _ZL7degreesf.9850 @ 0x826a10
CIRCLE: _ZN11AP_AHRS_SIM6updateEv @ 0xa87c30
CIRCLE: _ZN11AP_AHRS_SIM11get_resultsERN15AP_AHRS_Backend9EstimatesE @ 0x826a60
CIRCLE: _ZN11AP_AHRS_DCM6updateEv @ 0x827640
CIRCLE: _ZN11AP_AHRS_DCM11get_resultsERN15AP_AHRS_Backend9EstimatesE @ 0x827960
CIRCLE: _ZN11AP_AHRS_DCM13matrix_updateEv @ 0x827a80
CIRCLE: _ZN11AP_AHRS_DCM9normalizeEv @ 0x827cd0
CIRCLE: _ZN11AP_AHRS_DCM16drift_correctionEf @ 0x827ef0
CIRCLE: _ZN11AP_AHRS_DCM12check_matrixEv @ 0x829250
CIRCLE: _ZN11AP_AHRS_DCM15backup_attitudeEv @ 0x829350
CIRCLE: _ZNK11AP_AHRS_DCM12get_error_rpEv @ 0xa87cf0
CIRCLE: _ZNK11AP_AHRS_DCM13get_error_yawEv @ 0xa87d40
CIRCLE: _ZN7Matrix3IfE6is_nanEv @ 0xa87d90
CIRCLE: _ZN11AP_AHRS_DCM20drift_correction_yawEv @ 0x829840
CIRCLE: _ZNK6AP_GPS16last_fix_time_msEv @ 0xa87ea0
CIRCLE: _ZL3MAXIfiEDTqugtfp_fp0_fp_fp0_ERKT_RKT0_.1607 @ 0x829d60
CIRCLE: _ZNK11AP_AHRS_DCM26should_correct_centrifugalEv @ 0x829e00
CIRCLE: _ZN11AP_AHRS_DCM10ra_delayedEhRK7Vector3IfE @ 0x829e50
CIRCLE: _ZNK17AP_InertialSensor7healthyEv @ 0xa87f00
CIRCLE: _ZN11AP_AHRS_DCM7_P_gainEf @ 0x829f50
CIRCLE: _ZNK11AP_AHRS_DCM14use_fast_gainsEv @ 0x82a030
CIRCLE: _ZL7radiansi.1608 @ 0x82a0c0
CIRCLE: _ZNK17AP_InertialSensor19get_gyro_drift_rateEv @ 0xa87f80
CIRCLE: _ZNK17AP_InertialSensor15get_gyro_healthEv @ 0xa87fd0
CIRCLE: _ZNK17AP_InertialSensor16get_accel_healthEv @ 0xa88030
CIRCLE: _ZNK7Compass16last_update_usecEv @ 0xa88090
CIRCLE: _ZN7Compass4readEv @ 0x82a120
CIRCLE: _ZN11AP_AHRS_DCM17yaw_error_compassER7Compass @ 0x82a4f0
CIRCLE: _ZNK11AP_AHRS_DCM9_yaw_gainEv @ 0x82a670
CIRCLE: _ZNK7Matrix3IfE5mulXYERK7Vector3IfE @ 0xa880f0
CIRCLE: _ZNK7Vector2IfErmERKS0_ @ 0xa881c0
CIRCLE: _ZN7Compass15_detect_runtimeEv @ 0x82a820
CIRCLE: _ZN9AP_Logger13Write_CompassEv @ 0x82ab50
CIRCLE: _ZN19RestrictIDTypeArrayI9AP_ParamTIaL11ap_var_type1EELj3E14typesafe_indexIh12TAG_PriorityEEixERKS5_ @ 0xa88240
CIRCLE: _ZN9AP_Logger22Write_Compass_instanceEmh @ 0x82abf0
CIRCLE: _ZNK7Compass17get_motor_offsetsEh @ 0xa882c0
CIRCLE: _ZN18AP_Compass_Backend25drain_accumulated_samplesEhPK7Vector3IfE @ 0x82cb20
CIRCLE: _ZN18AP_Compass_Backend22publish_filtered_fieldERK7Vector3IfEh @ 0x82cca0
CIRCLE: _ZN11AP_AHRS_DCM6renormERK7Vector3IfERS1_ @ 0x82cd60
CIRCLE: _ZNK17AP_InertialSensor15get_delta_angleER7Vector3IfERf @ 0xa88b40
CIRCLE: _ZNK7Vector3IfEeqERKS0_ @ 0xa88bd0
CIRCLE: _ZNK14AP_Logger_File17recent_open_errorEv @ 0x82d110
CIRCLE: _ZNK14AP_Logger_File15io_thread_aliveEv @ 0x82d1a0
CIRCLE: _ZN14AP_Logger_File16disk_space_availEv @ 0x82d530
CIRCLE: _ZL3MINIjjEDTqultfp_fp0_fp_fp0_ERKT_RKT0_.5718 @ 0x82d610
CIRCLE: _ZN13AP_Filesystem17bytes_until_fsyncEi @ 0x82d690
CIRCLE: _ZN13AP_Filesystem9disk_freeEPKc @ 0x82d710
CIRCLE: _ZN2AP4rssiEv @ 0x834950
CIRCLE: _ZNK7AP_RSSI7enabledEv @ 0xa89480
CIRCLE: _ZN7AP_RSSI13get_singletonEv @ 0x835180
CIRCLE: _ZN13AP_CANManager20check_logging_enableEv @ 0x836140
CIRCLE: _ZN7FunctorIvJEE14method_wrapperI13AP_CANManagerXadL_ZNS2_20check_logging_enableEvEEEEvPv @ 0xa89ab0
CIRCLE: _ZNK13AP_CANManager15CANIface_Params13option_is_setENS0_7OptionsE @ 0xa89b60
CIRCLE: _ZN9AP_Logger13Write_MessageEPKc @ 0x840d30
CIRCLE: _ZNK24AP_Proximity_Boundary_3D15get_next_sectorEh @ 0xa97f80
CIRCLE: _ZNK22AP_BattMonitor_Backend13option_is_setEN21AP_BattMonitor_Params7OptionsE @ 0xa9b9e0
CIRCLE: _ZN22AP_BattMonitor_Backend15update_consumedERN14AP_BattMonitor17BattMonitor_StateEj @ 0x858240
CIRCLE: _ZN22AP_BattMonitor_Backend13calculate_mahEff @ 0xa9ba70
CIRCLE: _ZN18AP_Compass_Backend17accumulate_sampleER7Vector3IfEhj @ 0x85a550
CIRCLE: _ZN18AP_Compass_Backend12rotate_fieldER7Vector3IfEh @ 0x85a6d0
CIRCLE: _ZN18AP_Compass_Backend17publish_raw_fieldERK7Vector3IfEh @ 0x85a7c0
CIRCLE: _ZN18AP_Compass_Backend13correct_fieldER7Vector3IfEh @ 0x85a8d0
CIRCLE: _ZN18AP_Compass_Backend8field_okERK7Vector3IfE @ 0x85acd0
CIRCLE: _ZNK7Compass16get_filter_rangeEv @ 0xa9dd90
CIRCLE: _ZNK16Compass_PerMotor7enabledEv @ 0xa9ddf0
CIRCLE: _ZN7Compass13_get_priorityE14typesafe_indexIh14TAG_StateIndexE @ 0xa9de60
CIRCLE: _ZN14AP_GPS_Backend15set_alt_amsl_cmERN6AP_GPS9GPS_StateEi @ 0x85f3a0
CIRCLE: _ZN16JitterCorrection31correct_offboard_timestamp_usecEmm @ 0x85f5b0
CIRCLE: _ZNK14AP_GPS_Backend10option_setEN6AP_GPS13DriverOptionsE @ 0xaa0ff0
CIRCLE: _ZNK6AP_GPS10option_setENS_13DriverOptionsE @ 0xaa1060
CIRCLE: _ZN6AP_RTC12set_utc_usecEmNS_11source_typeE @ 0x860020
CIRCLE: _ZNK11GCS_MAVLINK14option_enabledENS_6OptionE @ 0xaa34f0
CIRCLE: _ZNK16AP_SerialManager9UARTState12get_protocolEv @ 0xaa3570
CIRCLE: _ZN2AP8PerfInfo13set_loop_rateEt @ 0x872540
CIRCLE: _ZN2AP8PerfInfo5resetEv @ 0x872600
CIRCLE: _ZN3GCS10send_textvE12MAV_SEVERITYPKcP13__va_list_tagh @ 0x872c30
CIRCLE: _ZNK3GCS43min_loop_time_remaining_for_message_send_usEv @ 0xaa3d30
CIRCLE: _ZNK3GCS26min_status_for_gps_healthyEv @ 0xaa3ec0
CIRCLE: _ZL3MINImmEDTqultfp_fp0_fp_fp0_ERKT_RKT0_.6171 @ 0x873140
CIRCLE: _ZN11ObjectArrayIN3GCS12statustext_tEE10push_forceERKS1_ @ 0xaa3f10
CIRCLE: _ZN2AP11frsky_telemEv @ 0x8731c0
CIRCLE: _ZN2AP14spektrum_telemEv @ 0x873200
CIRCLE: _ZN9AP_Notify9send_textEPKc @ 0x873240
CIRCLE: _ZN17AP_Spektrum_Telem13get_singletonEv @ 0xaa4050
CIRCLE: _ZN14AP_Frsky_Telem13get_singletonEv @ 0xaa4090
CIRCLE: _ZNK11ObjectArrayIN3GCS12statustext_tEE5spaceEv @ 0xaa40d0
CIRCLE: _ZN11ObjectArrayIN3GCS12statustext_tEE4pushERKS1_ @ 0xaa4130
CIRCLE: _ZN5Rover8set_modeEh10ModeReason @ 0x8732e0
CIRCLE: _ZNK5Rover29current_mode_requires_missionEv @ 0xaa4270
CIRCLE: _ZNK5Rover17get_wp_distance_mERf @ 0x873dc0
CIRCLE: _ZNK5Rover18get_wp_bearing_degERf @ 0x873e70
CIRCLE: _ZNK5Rover25get_wp_crosstrack_error_mERf @ 0x873f20
CIRCLE: _ZN5Rover20set_control_channelsEv @ 0x874c20
CIRCLE: _ZN5Rover18fence_checks_asyncEv @ 0x874f00
CIRCLE: _ZN6AP_HAL15timeout_expiredIjjjEEbT_T0_T1_ @ 0xaa4390
CIRCLE: _ZN8AC_Fence5checkEb @ 0x875020
CIRCLE: _ZN8AC_Fence19clear_margin_breachEh @ 0x875430
CIRCLE: _ZNK8AC_Fence18get_enabled_fencesEv @ 0x875e20
CIRCLE: _ZN5Rover2rcEv @ 0xaa44e0
CIRCLE: _ZN10RC_Channel9set_angleEt @ 0x876170
CIRCLE: _ZN8Sailboat10init_rc_inEv @ 0x876260
CIRCLE: _ZN6AP_HAL8RCOutput15set_esc_scalingEtt @ 0xaa4530
CIRCLE: _ZN12SRV_Channels19set_esc_scaling_forEN11SRV_Channel8FunctionE @ 0x8764c0
CIRCLE: _ZNK5Rover13is_balancebotEv @ 0x876aa0
CIRCLE: _ZN8AP_Param15save_io_handlerEv @ 0x877350
CIRCLE: _ZN7FunctorIvJEE14method_wrapperI8AP_ParamXadL_ZNS2_15save_io_handlerEvEEEEvPv @ 0xaa46e0
CIRCLE: _ZN15ObjectBuffer_TSIN8AP_Param10param_saveEE3popERS1_ @ 0xaa4790
CIRCLE: _ZN5Rover11notify_modeEPK4Mode @ 0x877450
CIRCLE: _ZN5Rover3gcsEv @ 0xaa4870
CIRCLE: _ZN12SRV_Channels17enable_aux_servosEv @ 0x87b780
CIRCLE: _ZL21failsafe_check_staticv @ 0x87d310
CIRCLE: _ZN5Rover8set_modeER4Mode10ModeReason @ 0x87d8a0
CIRCLE: _ZN5Rover18mode_from_mode_numEN4Mode6NumberE @ 0x87de10
CIRCLE: _ZNK5Rover7is_boatEv @ 0x87e250
CIRCLE: _ZNK8Sailboat12tack_enabledEv @ 0x87e2c0
CIRCLE: _ZN10RC_Channel16read_mode_switchEv @ 0x87e800
CIRCLE: _ZN10RC_Channel16read_6pos_switchERa @ 0x87e880
CIRCLE: _ZN10RC_Channel18debounce_completedEa @ 0x87e9e0
CIRCLE: _ZN5Rover34Log_Write_Vehicle_Startup_MessagesEv @ 0x87ead0
CIRCLE: _ZN7FunctorIvJEE14method_wrapperI5RoverXadL_ZNS2_34Log_Write_Vehicle_Startup_MessagesEvEEEEvPv @ 0xaa4c80
CIRCLE: _ZN9AP_Logger10Write_ModeEh10ModeReason @ 0x87eb80
CIRCLE: _ZN6AP_GPS36Write_AP_Logger_Log_Startup_messagesEv @ 0x87ec30
CIRCLE: _ZN17AP_Logger_Backend10Write_ModeEh10ModeReason @ 0x87ed10
CIRCLE: _ZN7AP_AHRS15set_fly_forwardEb @ 0xaa4db0
CIRCLE: _ZN17AP_InertialSensor12BatchSampler21rotate_to_next_sensorEv @ 0x87fec0
CIRCLE: _ZN17AP_InertialSensor12BatchSampler32update_doing_sensor_rate_loggingEv @ 0x880110
CIRCLE: _ZL3MINIhhEDTqultfp_fp0_fp_fp0_ERKT_RKT0_.17357 @ 0x880250
CIRCLE: _ZNK17AP_InertialSensor12BatchSampler10has_optionENS0_11batch_opt_tE @ 0xaa6240
CIRCLE: _ZN17AP_InertialSensor12_gyro_offsetEh @ 0xaa62c0
CIRCLE: _ZN17AP_InertialSensor12caltemp_gyroEh @ 0xaa6330
CIRCLE: _ZN22AP_InertialSensor_SITL6updateEv @ 0x881a10
CIRCLE: _ZN25AP_InertialSensor_Backend10accumulateEv @ 0xaa6450
CIRCLE: _ZN25AP_InertialSensor_Backend11set_primaryEb @ 0xaa6620
CIRCLE: _ZNK25AP_InertialSensor_Backend21_gyro_raw_sample_rateEh @ 0xaa6670
CIRCLE: _ZN22AP_InertialSensor_SITL12timer_updateEv @ 0x882190
CIRCLE: _ZN7FunctorIvJEE14method_wrapperI22AP_InertialSensor_SITLXadL_ZNS2_12timer_updateEvEEEEvPv @ 0xaa6740
CIRCLE: _ZN22AP_InertialSensor_SITL14generate_accelEv @ 0x882660
CIRCLE: _ZN22AP_InertialSensor_SITL13generate_gyroEv @ 0x883640
CIRCLE: _ZNK25AP_InertialSensor_Backend20enable_fast_samplingEh @ 0xaa67f0
CIRCLE: _ZNK22AP_InertialSensor_SITL10gyro_driftEv @ 0x8840a0
CIRCLE: _ZL7radiansd.17279 @ 0x8842a0
CIRCLE: _ZL7radiansf.17280 @ 0x8842f0
CIRCLE: _ZN22AP_InertialSensor_SITL15get_temperatureEv @ 0x8843d0
CIRCLE: _ZNK22AP_InertialSensor_TCal15sitl_apply_gyroEfR7Vector3IfE @ 0x884570
CIRCLE: _ZN25AP_InertialSensor_Backend35_notify_new_gyro_sensor_rate_sampleEhRK7Vector3IfE @ 0x884650
CIRCLE: _ZN25AP_InertialSensor_Backend24_rotate_and_correct_gyroEhR7Vector3IfE @ 0x884850
CIRCLE: _ZN25AP_InertialSensor_Backend27_notify_new_gyro_raw_sampleEhRK7Vector3IfEm @ 0x8849e0
CIRCLE: _ZNK25AP_InertialSensor_Backend15has_been_killedEh @ 0xaa6880
CIRCLE: _ZNK25AP_InertialSensor_Backend19_update_sensor_rateERtRjRf @ 0x885080
CIRCLE: _ZN25AP_InertialSensor_Backend18apply_gyro_filtersEhRK7Vector3IfE @ 0x885250
CIRCLE: _ZN25AP_InertialSensor_Backend12log_gyro_rawEhmRK7Vector3IfES3_ @ 0x885610
CIRCLE: _ZN25AP_InertialSensor_Backend14update_primaryEv @ 0x8858a0
CIRCLE: _ZNK17AP_InertialSensor22raw_logging_option_setENS_18RAW_LOGGING_OPTIONE @ 0xaa6900
CIRCLE: _ZNK25AP_InertialSensor_Backend18should_log_imu_rawEv @ 0x885980
CIRCLE: _ZNK17AP_InertialSensor12BatchSampler25doing_sensor_rate_loggingEv @ 0xaa6980
CIRCLE: _ZNK17AP_InertialSensor12BatchSampler25doing_post_filter_loggingEv @ 0xaa69e0
CIRCLE: _ZN17AP_InertialSensor12BatchSampler6sampleEhNS_15IMU_SENSOR_TYPEEmRK7Vector3IfE @ 0x885b90
CIRCLE: _ZN17AP_InertialSensor12BatchSampler10should_logEhNS_15IMU_SENSOR_TYPEE @ 0x885ce0
CIRCLE: _ZN25AP_InertialSensor_Backend16save_gyro_windowEhRK7Vector3IfEh @ 0x885e20
CIRCLE: _ZN15LowPassFilter2pI7Vector3IfEE5applyERKS1_ @ 0xaa6cc0
CIRCLE: _ZN19DigitalBiquadFilterI7Vector3IfEE5applyERKS1_RKNS2_13biquad_paramsE @ 0xaa6e10
CIRCLE: _ZNK25AP_InertialSensor_Backend18sensors_convergingEv @ 0x8860e0
CIRCLE: _ZNK22AP_InertialSensor_TCal12correct_gyroEffR7Vector3IfE @ 0x886210
CIRCLE: _ZNK22AP_InertialSensor_TCal14correct_sensorEffPK9AP_ParamVI7Vector3IfEL11ap_var_type5EERS2_ @ 0x8862b0
CIRCLE: _ZNK22AP_InertialSensor_TCal15polynomial_evalEfPK9AP_ParamVI7Vector3IfEL11ap_var_type5EE @ 0x8864c0
CIRCLE: _ZNK22AP_InertialSensor_TCal16sitl_apply_accelEfR7Vector3IfE @ 0x889470
CIRCLE: _ZN25AP_InertialSensor_Backend36_notify_new_accel_sensor_rate_sampleEhRK7Vector3IfE @ 0x889550
CIRCLE: _ZN25AP_InertialSensor_Backend25_rotate_and_correct_accelEhR7Vector3IfE @ 0x889750
CIRCLE: _ZN25AP_InertialSensor_Backend28_notify_new_accel_raw_sampleEhRK7Vector3IfEmb @ 0x889970
CIRCLE: _ZN25AP_InertialSensor_Backend20_publish_temperatureEhf @ 0x889f20
CIRCLE: _ZN17AP_InertialSensor27calc_vibration_and_clippingEhRK7Vector3IfEf @ 0x889fc0
CIRCLE: _ZN17AP_InertialSensor19set_accel_peak_holdEhRK7Vector3IfE @ 0x88a240
CIRCLE: _ZN25AP_InertialSensor_Backend13log_accel_rawEhmRK7Vector3IfE @ 0x88a320
CIRCLE: _ZNK25AP_InertialSensor_Backend14get_clip_limitEv @ 0xaa7e30
CIRCLE: _ZN13LowPassFilterI7Vector3IfEE5applyERKS1_RKf @ 0xaa7e80
CIRCLE: _ZN10DigitalLPFI7Vector3IfEE6_applyERKS1_RKf @ 0xaa7f40
CIRCLE: _ZNK22AP_InertialSensor_TCal13correct_accelEffR7Vector3IfE @ 0x88a700
CIRCLE: _ZN25AP_InertialSensor_Backend12update_accelEh @ 0x88ab80
CIRCLE: _ZN25AP_InertialSensor_Backend11update_gyroEh @ 0x88aca0
CIRCLE: _ZN25AP_InertialSensor_Backend13_publish_gyroEhRK7Vector3IfE @ 0x88ae00
CIRCLE: _ZN25AP_InertialSensor_Backend19update_gyro_filtersEh @ 0x88af70
CIRCLE: _ZNK25AP_InertialSensor_Backend19_gyro_filter_cutoffEv @ 0xaa8210
CIRCLE: _ZN25AP_InertialSensor_Backend14_publish_accelEhRK7Vector3IfE @ 0x88b3b0
CIRCLE: _ZN25AP_InertialSensor_Backend20update_accel_filtersEh @ 0x88b5e0
CIRCLE: _ZNK25AP_InertialSensor_Backend20_accel_filter_cutoffEv @ 0xaa84f0
CIRCLE: _ZNK5Rover16gcs_mode_enabledEN4Mode6NumberE @ 0x88d170
CIRCLE: _ZN4Mode5enterEv @ 0x88d1f0
CIRCLE: _ZN8AC_Fence21manual_recovery_startEv @ 0x88d380
CIRCLE: _ZN9AP_Camera16set_is_auto_modeEb @ 0xaa8990
CIRCLE: _ZN4Mode4exitEv @ 0x88d410
CIRCLE: _ZN8Sailboat10clear_tackEv @ 0x88d470
CIRCLE: _ZNK10AP_Vehicle21block_GCS_mode_changeEhPKhh @ 0x88d4e0
CIRCLE: _ZNK8AC_Fence9polyfenceEv @ 0x891b20
CIRCLE: _ZNK7AP_EnumIN13AP_OADatabase11OutputLevelEEcvKS1_Ev @ 0xaa9fb0
CIRCLE: _ZN11AP_SmartRTL22run_background_cleanupEv @ 0x895f40
CIRCLE: _ZN7FunctorIvJEE14method_wrapperI11AP_SmartRTLXadL_ZNS2_22run_background_cleanupEvEEEEvPv @ 0xaaa610
CIRCLE: _ZN11AP_SmartRTL15routine_cleanupEtt @ 0x896210
CIRCLE: _ZN11AP_SmartRTL22detect_simplificationsEv @ 0x8963e0
CIRCLE: _ZN11AP_SmartRTL33remove_points_by_simplify_bitmaskEv @ 0x896750
CIRCLE: _ZN11AP_SmartRTL29restart_pruning_if_new_pointsEv @ 0x896930
CIRCLE: _ZN11AP_SmartRTL12detect_loopsEv @ 0x8969a0
CIRCLE: _ZN11AP_SmartRTL20segment_segment_distERK7Vector3IfES3_S3_S3_ @ 0x896fc0
CIRCLE: _ZN11AP_SmartRTL8add_loopEttRK7Vector3IfE @ 0x897560
CIRCLE: _ZNK7BitmaskILt500EE3getEt @ 0xaaa6c0
CIRCLE: _ZNK7BitmaskILt500EE8validateEt @ 0xaaa790
CIRCLE: _ZNK7Vector3IfE19distance_to_segmentERKS0_S2_ @ 0xaaa820
CIRCLE: _ZN7BitmaskILt500EE5clearEt @ 0xaaaa10
CIRCLE: _ZN5Rover14failsafe_checkEv @ 0x897b00
CIRCLE: _ZNK7AP_AHRS12get_accel_efEv @ 0xaae2d0
CIRCLE: _ZNK7AP_AHRS18get_yaw_rate_earthEv @ 0xab09c0
CIRCLE: _ZNK12NavEKF3_core9getMagXYZER7Vector3IfE @ 0x8c3bc0
CIRCLE: _ZNK12NavEKF3_core9getMagNEDER7Vector3IfE @ 0x8c3e40
CIRCLE: _ZNK7Vector2IfE8todoubleEv @ 0xab1210
CIRCLE: _ZNK7Vector2IfEdvEf @ 0xab1e70
CIRCLE: _ZNK14AP_GPS_Backend32supports_mavlink_gps_rtk_messageEv @ 0xab3050
CIRCLE: _ZNK14AP_GPS_Blended7get_lagERf @ 0x8d0780
CIRCLE: _ZNK14AP_GPS_Backend36Write_AP_Logger_Log_Startup_messagesEv @ 0x8d0800
CIRCLE: _ZNK14AP_GPS_Backend18_detection_messageEPch @ 0x8d0870
CIRCLE: _ZN7AP_Baro6updateEv @ 0x8d0e50
CIRCLE: _ZNK7AP_Baro7healthyEv @ 0xab3620
CIRCLE: _ZN15AP_Baro_Backend14backend_updateEh @ 0x8d1570
CIRCLE: _ZN7AP_Baro24wind_pressure_correctionEh @ 0x8d15f0
CIRCLE: _ZNK7AP_Baro15get_last_updateEv @ 0xab3680
CIRCLE: _ZN16DerivativeFilterIfLh7EE6updateEfj @ 0xab36e0
CIRCLE: _ZN7AP_Baro22update_field_elevationEv @ 0x8d1930
CIRCLE: _ZNK7AP_Baro10should_logEv @ 0x8d1bb0
CIRCLE: _ZN7AP_Baro10Write_BaroEv @ 0x8d1c60
CIRCLE: _ZN7AP_Baro19Write_Baro_instanceEmh @ 0x8d1cf0
CIRCLE: _ZNK7AP_Baro21get_baro_drift_offsetEv @ 0xab37c0
CIRCLE: _ZNK7AP_Baro22get_ground_temperatureEv @ 0x8d1f10
CIRCLE: _ZNK7AP_Baro22get_corrected_pressureEh @ 0xab3810
CIRCLE: _ZN16FilterWithBufferIfLh7EE5applyEf @ 0xab3940
CIRCLE: _ZN24AP_Proximity_Boundary_3D4FaceC2Ev @ 0xab46a0
CIRCLE: _ZN15AP_Compass_SITL6_timerEv @ 0x8f14d0
CIRCLE: _ZN7FunctorIvJEE14method_wrapperI15AP_Compass_SITLXadL_ZNS2_6_timerEvEEEEvPv @ 0xabc5c0
CIRCLE: _Z10rand_vec3fv @ 0x8f1a00
CIRCLE: _ZN7VectorNIN15AP_Compass_SITL16readings_compassELh50EEixEh @ 0xabc670
CIRCLE: _ZN15AP_Compass_SITL26_setup_eliptical_correcionEh @ 0x8f1a80
CIRCLE: _ZNK18AP_Compass_Backend21get_board_orientationEv @ 0x8f1cb0
CIRCLE: _ZN15AP_Compass_SITL4readEv @ 0x8f1d00
CIRCLE: _ZN15AP_Baro_Backend17_copy_to_frontendEhff @ 0x8f60a0
CIRCLE: _ZN12AP_Baro_SITL6_timerEv @ 0x8f7330
CIRCLE: _ZN7FunctorIvJEE14method_wrapperI12AP_Baro_SITLXadL_ZNS2_6_timerEvEEEEvPv @ 0xabe240
CIRCLE: _ZN7VectorNIN12AP_Baro_SITL13readings_baroELh50EEixEh @ 0xabe2f0
CIRCLE: _ZN12AP_Baro_SITL22temperature_adjustmentERfS0_ @ 0x8f7720
CIRCLE: _ZN12AP_Baro_SITL24wind_pressure_correctionEh @ 0x8f7910
CIRCLE: _ZL2sqf.1777 @ 0x8f7b20
CIRCLE: _ZN7AP_Baro22_get_air_density_ratioEv @ 0x8f7b70
CIRCLE: _ZL2sqf.1757 @ 0x8f7c10
CIRCLE: _ZN12AP_Baro_SITL6updateEv @ 0x8f7d00
CIRCLE: _ZN12AP_Baro_SITL19update_healthy_flagEh @ 0xabe400
CIRCLE: _ZN12AP_Baro_SITL7healthyEh @ 0x8f7db0
CIRCLE: _ZNK22AP_BattMonitor_Backend17has_cell_voltagesEv @ 0xabf520
CIRCLE: _ZNK22AP_BattMonitor_Backend15has_temperatureEv @ 0xabf570
CIRCLE: _ZNK22AP_BattMonitor_Backend15get_temperatureERf @ 0x8f9d50
CIRCLE: _ZNK22AP_BattMonitor_Backend22capacity_remaining_pctERh @ 0x8f9e10
CIRCLE: _ZN22AP_BattMonitor_Backend26update_resistance_estimateEv @ 0x8f9f90
CIRCLE: _ZN22AP_BattMonitor_Backend16update_failsafesEv @ 0x8fa2e0
CIRCLE: _ZNK22AP_BattMonitor_Backend25get_mavlink_fault_bitmaskEv @ 0xabf620
CIRCLE: _ZL3MINIifEDTqultfp_fp0_fp_fp0_ERKT_RKT0_.16929 @ 0x8fa600
CIRCLE: _ZL3MINIffEDTqultfp_fp0_fp_fp0_ERKT_RKT0_.16930 @ 0x8fa6a0
CIRCLE: _ZN21AP_BattMonitor_Analog4readEv @ 0x8fc2a0
CIRCLE: _ZNK21AP_BattMonitor_Analog19has_consumed_energyEv @ 0xac0310
CIRCLE: _ZNK21AP_BattMonitor_Analog11has_currentEv @ 0x8fc4a0
CIRCLE: _ZN9AP_Notify19set_flight_mode_strEPKc @ 0x902ab0
CIRCLE: _ZN6RGBLed6updateEv @ 0x908700
CIRCLE: _ZN6RGBLed8_set_rgbEhhh @ 0x908b30
CIRCLE: _ZNK6RGBLed10rgb_sourceEv @ 0x908c40
CIRCLE: _ZNK6RGBLed19get_colour_sequenceEv @ 0x908ea0
CIRCLE: _ZNK6RGBLed14get_brightnessEv @ 0x909290
CIRCLE: _ZN6RGBLed7set_rgbEhhh @ 0x909390
CIRCLE: _ZN10IS31FL31956_timerEv @ 0x909450
CIRCLE: _ZN7FunctorIvJEE14method_wrapperI10IS31FL3195XadL_ZNS2_6_timerEvEEEEvPv @ 0xac39c0
CIRCLE: _ZN6LP55626_timerEv @ 0x9099e0
CIRCLE: _ZN7FunctorIvJEE14method_wrapperI6LP5562XadL_ZNS2_6_timerEvEEEEvPv @ 0xac3d30
CIRCLE: _ZN14ToshibaLED_I2C6_timerEv @ 0x90b810
CIRCLE: _ZN7FunctorIvJEE14method_wrapperI14ToshibaLED_I2CXadL_ZNS2_6_timerEvEEEEvPv @ 0xac4a40
CIRCLE: _ZNK7Vector2IfE10normalizedEv @ 0xac4dd0
CIRCLE: _ZNK18AR_AttitudeControl13get_decel_maxEv @ 0x90c9c0
CIRCLE: _ZNK13AR_PosControl13get_speed_maxEv @ 0xac4e80
CIRCLE: _ZNK13AR_PosControl13get_accel_maxEv @ 0xac4ed0
CIRCLE: _ZN7FunctorIvJEE14method_wrapperI5RoverXadL_ZNS2_10read_radioEvEEEEvPv @ 0xac4f70
CIRCLE: _ZN7FunctorIvJEE14method_wrapperI5RoverXadL_ZNS2_11ahrs_updateEvEEEEvPv @ 0xac5020
CIRCLE: _ZN7FunctorIvJEE14method_wrapperI5RoverXadL_ZNS2_17read_rangefindersEvEEEEvPv @ 0xac50d0
CIRCLE: _ZN7FunctorIvJEE14method_wrapperI14AP_OpticalFlowXadL_ZNS2_6updateEvEEEEvPv @ 0xac5180
CIRCLE: _ZN7FunctorIvJEE14method_wrapperI5RoverXadL_ZNS2_19update_current_modeEvEEEEvPv @ 0xac5230
CIRCLE: _ZN7FunctorIvJEE14method_wrapperI5RoverXadL_ZNS2_10set_servosEvEEEEvPv @ 0xac52e0
CIRCLE: _ZN7FunctorIvJEE14method_wrapperI6AP_GPSXadL_ZNS2_6updateEvEEEEvPv @ 0xac5390
CIRCLE: _ZN7FunctorIvJEE14method_wrapperI7AP_BaroXadL_ZNS2_6updateEvEEEEvPv @ 0xac5440
CIRCLE: _ZN7FunctorIvJEE14method_wrapperI9AP_BeaconXadL_ZNS2_6updateEvEEEEvPv @ 0xac54f0
CIRCLE: _ZN7FunctorIvJEE14method_wrapperI12AP_ProximityXadL_ZNS2_6updateEvEEEEvPv @ 0xac55a0
CIRCLE: _ZN7FunctorIvJEE14method_wrapperI11AP_WindVaneXadL_ZNS2_6updateEvEEEEvPv @ 0xac5650
CIRCLE: _ZN7FunctorIvJEE14method_wrapperI5RoverXadL_ZNS2_20update_wheel_encoderEvEEEEvPv @ 0xac5700
CIRCLE: _ZN7FunctorIvJEE14method_wrapperI5RoverXadL_ZNS2_14update_compassEvEEEEvPv @ 0xac57b0
CIRCLE: _ZN7FunctorIvJEE14method_wrapperI5RoverXadL_ZNS2_15update_logging1EvEEEEvPv @ 0xac5860
CIRCLE: _ZN7FunctorIvJEE14method_wrapperI5RoverXadL_ZNS2_15update_logging2EvEEEEvPv @ 0xac5910
CIRCLE: _ZN7FunctorIvJEE14method_wrapperI3GCSXadL_ZNS2_14update_receiveEvEEEEvPv @ 0xac59c0
CIRCLE: _ZN7FunctorIvJEE14method_wrapperI3GCSXadL_ZNS2_11update_sendEvEEEEvPv @ 0xac5a70
CIRCLE: _ZN7FunctorIvJEE14method_wrapperI11RC_ChannelsXadL_ZNS2_16read_mode_switchEvEEEEvPv @ 0xac5b20
CIRCLE: _ZN7FunctorIvJEE14method_wrapperI11RC_ChannelsXadL_ZNS2_12read_aux_allEvEEEEvPv @ 0xac5bc0
CIRCLE: _ZN7FunctorIvJEE14method_wrapperI14AP_BattMonitorXadL_ZNS2_4readEvEEEEvPv @ 0xac5c70
CIRCLE: _ZN7FunctorIvJEE14method_wrapperI19AP_ServoRelayEventsXadL_ZNS2_13update_eventsEvEEEEvPv @ 0xac5d20
CIRCLE: _ZN7FunctorIvJEE14method_wrapperI5RoverXadL_ZNS2_15update_preclandEvEEEEvPv @ 0xac5dd0
CIRCLE: _ZN7FunctorIvJEE14method_wrapperI8AP_MountXadL_ZNS2_6updateEvEEEEvPv @ 0xac5e80
CIRCLE: _ZN7FunctorIvJEE14method_wrapperI9AP_CameraXadL_ZNS2_6updateEvEEEEvPv @ 0xac5f30
CIRCLE: _ZN7FunctorIvJEE14method_wrapperI5RoverXadL_ZNS2_18gcs_failsafe_checkEvEEEEvPv @ 0xac5fe0
CIRCLE: _ZN7FunctorIvJEE14method_wrapperI5RoverXadL_ZNS2_11fence_checkEvEEEEvPv @ 0xac6090
CIRCLE: _ZN7FunctorIvJEE14method_wrapperI5RoverXadL_ZNS2_9ekf_checkEvEEEEvPv @ 0xac6140
CIRCLE: _ZN7FunctorIvJEE14method_wrapperI12ModeSmartRTLXadL_ZNS2_13save_positionEvEEEEvPv @ 0xac61f0
CIRCLE: _ZN7FunctorIvJEE14method_wrapperI5RoverXadL_ZNS2_15one_second_loopEvEEEEvPv @ 0xac62a0
CIRCLE: _ZN7FunctorIvJEE14method_wrapperI10AC_SprayerXadL_ZNS2_6updateEvEEEEvPv @ 0xac6350
CIRCLE: _ZN7FunctorIvJEE14method_wrapperI9AP_LoggerXadL_ZNS2_14periodic_tasksEvEEEEvPv @ 0xac6400
CIRCLE: _ZN7FunctorIvJEE14method_wrapperI17AP_InertialSensorXadL_ZNS2_8periodicEvEEEEvPv @ 0xac64b0
CIRCLE: _ZN7FunctorIvJEE14method_wrapperI12AP_SchedulerXadL_ZNS2_14update_loggingEvEEEEvPv @ 0xac6560
CIRCLE: _ZN7FunctorIvJEE14method_wrapperI9AP_ButtonXadL_ZNS2_6updateEvEEEEvPv @ 0xac6610
CIRCLE: _ZN7FunctorIvJEE14method_wrapperI5RoverXadL_ZNS2_11crash_checkEvEEEEvPv @ 0xac66c0
CIRCLE: _ZN7FunctorIvJEE14method_wrapperI5RoverXadL_ZNS2_19cruise_learn_updateEvEEEEvPv @ 0xac6770
CIRCLE: _ZN5Rover19cruise_learn_updateEv @ 0x910a00
CIRCLE: _ZNK18AR_AttitudeControl17get_forward_speedERf @ 0x910b60
CIRCLE: _ZNK7AP_AHRS7cos_yawEv @ 0xac6890
CIRCLE: _ZNK7AP_AHRS7sin_yawEv @ 0xac68e0
CIRCLE: _ZN5Rover11crash_checkEv @ 0x910f70
CIRCLE: _ZN9AP_Button6updateEv @ 0x911350
CIRCLE: _ZN12AP_Scheduler14update_loggingEv @ 0x911fd0
CIRCLE: _ZN12AP_Scheduler11debug_flagsEv @ 0xac6ac0
CIRCLE: _ZN12AP_Scheduler21Log_Write_PerformanceEv @ 0x912240
CIRCLE: _ZN2AP8PerfInfo13has_task_infoEv @ 0xac6b20
CIRCLE: _ZNK2AP8PerfInfo20get_num_long_runningEv @ 0x912450
CIRCLE: _ZNK2AP8PerfInfo13get_num_loopsEv @ 0x9124a0
CIRCLE: _ZNK2AP8PerfInfo12get_max_timeEv @ 0x9124f0
CIRCLE: _ZN12AP_Scheduler12load_averageEv @ 0x912540
CIRCLE: _ZNK16AP_InternalError5countEv @ 0xac6b80
CIRCLE: _ZN17AP_InertialSensor8periodicEv @ 0x912780
CIRCLE: _ZN17AP_InertialSensor12BatchSampler8periodicEv @ 0x9127e0
CIRCLE: _ZN17AP_InertialSensor12BatchSampler16push_data_to_logEv @ 0x912860
CIRCLE: _ZNK17AP_InertialSensor12BatchSampler10Write_ISBHEf @ 0x912af0
CIRCLE: _ZNK17AP_InertialSensor12BatchSampler10Write_ISBDEv @ 0x912c50
CIRCLE: _ZN9AP_Logger14periodic_tasksEv @ 0x912e00
CIRCLE: _ZN10AC_Sprayer6updateEv @ 0x912ea0
CIRCLE: _ZN5Rover15one_second_loopEv @ 0x9132f0
CIRCLE: _ZN5Rover20handle_auto_arm_onceEv @ 0x913530
CIRCLE: _ZN10AP_Vehicle17set_likely_flyingEb @ 0xac6c90
CIRCLE: _ZN8AR_WPNav15set_turn_paramsEfb @ 0x9137d0
CIRCLE: _ZN13AR_PosControl15set_turn_paramsEfb @ 0x913880
CIRCLE: _ZN19AP_WheelRateControl21set_notch_sample_rateEf @ 0x913920
CIRCLE: _ZN8AP_Stats10set_flyingEb @ 0x9139b0
CIRCLE: _ZN6AC_PID21set_notch_sample_rateEf @ 0x913a80
CIRCLE: _ZN12AR_PivotTurn6enableEb @ 0x913e60
CIRCLE: _ZN12ModeSmartRTL13save_positionEv @ 0x913ed0
CIRCLE: _ZN11AP_SmartRTL6updateEbb @ 0x913f60
CIRCLE: _ZN11AP_SmartRTL6updateEbRK7Vector3IfE @ 0x914060
CIRCLE: _ZN5Rover9ekf_checkEv @ 0x914190
CIRCLE: _ZN5Rover18ekf_over_thresholdEv @ 0x914490
CIRCLE: _ZN5Rover11fence_checkEv @ 0x914800
CIRCLE: _ZN5Rover18gcs_failsafe_checkEv @ 0x914ab0
CIRCLE: _ZN5Rover16failsafe_triggerEhPKcb @ 0x914be0
CIRCLE: _ZN9AP_Camera6updateEv @ 0x915070
CIRCLE: _ZN8AP_Mount6updateEv @ 0x915130
CIRCLE: _ZN5Rover15update_preclandEv @ 0x9151e0
CIRCLE: _ZN11AC_PrecLand6updateEfb @ 0x915240
CIRCLE: _ZN14AP_BattMonitor4readEv @ 0x9178c0
CIRCLE: _ZN9AP_Logger11Write_PowerEv @ 0x917af0
CIRCLE: _ZNK22AP_BattMonitor_Backend13Log_Write_BATEhm @ 0x917b40
CIRCLE: _ZNK22AP_BattMonitor_Backend13Log_Write_BCLEhm @ 0x917de0
CIRCLE: _ZN14AP_BattMonitor15check_failsafesEv @ 0x917fe0
CIRCLE: _ZN14AP_BattMonitor16checkPoweringOffEv @ 0x9182f0
CIRCLE: _ZNK22AP_BattMonitor_Backend23get_state_of_health_pctERh @ 0x918450
CIRCLE: _ZN11RC_Channels12read_aux_allEv @ 0x9184e0
CIRCLE: _ZN10RC_Channel8read_auxEv @ 0x9185d0
CIRCLE: _ZN9AP_Logger10Write_RCINEv @ 0x9187d0
CIRCLE: _ZN11RC_Channels12get_radio_inEPth @ 0x9189c0
CIRCLE: _ZNK11RC_Channels17get_override_maskEv @ 0x918ab0
CIRCLE: _ZL3MINIhiEDTqultfp_fp0_fp_fp0_ERKT_RKT0_.6266 @ 0x918b70
CIRCLE: _ZN5Rover15update_logging2Ev @ 0x918f80
CIRCLE: _ZN5Rover10should_logEj @ 0x919090
CIRCLE: _ZN5Rover18Log_Write_SteeringEv @ 0x919100
CIRCLE: _ZN5Rover12Log_Write_RCEv @ 0x919250
CIRCLE: _ZNK15AP_WheelEncoder9Log_WriteEv @ 0x9192f0
CIRCLE: _ZNK17AP_InertialSensor15Write_VibrationEv @ 0x919400
CIRCLE: _ZN10AP_GyroFFT18write_log_messagesEv @ 0x919520
CIRCLE: _ZN8AP_Mount9write_logEv @ 0x919750
CIRCLE: _ZNK17AP_InertialSensor20get_accel_clip_countEh @ 0x919c50
CIRCLE: _ZNK15AP_WheelEncoder7enabledEh @ 0x919cf0
CIRCLE: _ZN9AP_Logger11Write_RCOUTEv @ 0x91a030
CIRCLE: _ZNK18AR_AttitudeControl13get_lat_accelERf @ 0x91a6e0
CIRCLE: _ZNK18AR_AttitudeControl21get_desired_turn_rateEv @ 0x91a790
CIRCLE: _ZL7degreesf.48 @ 0x91a830
CIRCLE: _ZN5Rover15update_logging1Ev @ 0x91a880
CIRCLE: _ZN5Rover18Log_Write_AttitudeEv @ 0x91aa60
CIRCLE: _ZN5Rover14Log_Write_SailEv @ 0x91ac50
CIRCLE: _ZN5Rover18Log_Write_ThrottleEv @ 0x91ae50
CIRCLE: _ZN9AP_Beacon3logEv @ 0x91af90
CIRCLE: _ZN5Rover20Log_Write_Nav_TuningEv @ 0x91b0d0
CIRCLE: _ZNK13AR_PosControl9is_activeEv @ 0x91b1c0
CIRCLE: _ZN13AR_PosControl9write_logEv @ 0x91b230
CIRCLE: _ZN13AR_PosControl11get_vel_pidEv @ 0xac7830
CIRCLE: _ZNK9AC_PID_2D14get_pid_info_xEv @ 0xac7880
CIRCLE: _ZN9AP_Logger9Write_PIDEhRK10AP_PIDInfo @ 0x91b4c0
CIRCLE: _ZNK9AC_PID_2D14get_pid_info_yEv @ 0xac78d0
CIRCLE: _ZN12AP_Proximity3logEv @ 0x91b650
CIRCLE: _ZNK12AP_Proximity12distance_maxEv @ 0x91b980
CIRCLE: _ZNK12AP_Proximity19get_upward_distanceERf @ 0x91bc40
CIRCLE: _ZNK13AR_PosControl14get_pos_targetEv @ 0xac7970
CIRCLE: _ZN13AC_PosControl10Write_PSCNEfffffffff @ 0x91c050
CIRCLE: _ZN13AC_PosControl10Write_PSCEEfffffffff @ 0x91c150
CIRCLE: _ZN13AC_PosControl10Write_PSCxE11LogMessagesfffffffff @ 0x91c250
CIRCLE: _ZNK18AR_AttitudeControl17get_desired_speedEv @ 0x91c430
CIRCLE: _ZNK18AR_AttitudeControl20speed_control_activeEv @ 0x91c4b0
CIRCLE: _ZNK18AR_AttitudeControl17get_desired_pitchEv @ 0x91c6c0
CIRCLE: _ZNK7AP_AHRS14Write_AttitudeERK7Vector3IfE @ 0x91c760
CIRCLE: _ZN7AP_AHRS9Log_WriteEv @ 0x91c870
CIRCLE: _ZNK18AR_AttitudeControl27get_throttle_speed_pid_infoEv @ 0xac7b00
CIRCLE: _ZN7NavEKF29Log_WriteEv @ 0x91c900
CIRCLE: _ZN7NavEKF39Log_WriteEv @ 0x91ca10
CIRCLE: _ZNK7AP_AHRS11Write_AHRS2Ev @ 0x91cb20
CIRCLE: _ZNK7AP_AHRS9Write_POSEv @ 0x91cd00
CIRCLE: _ZN4SITL3SIM18Log_Write_SIMSTATEEv @ 0x91ce60
CIRCLE: _ZNK7AP_AHRS36get_relative_position_D_origin_floatERf @ 0x91cff0
CIRCLE: _ZNK7AP_AHRS22get_secondary_attitudeER7Vector3IfE @ 0xac7bf0
CIRCLE: _ZNK7AP_AHRS22get_secondary_positionER8Location @ 0xac7c70
CIRCLE: _ZNK7AP_AHRS24get_secondary_quaternionER11QuaternionTIfE @ 0xac7cf0
CIRCLE: _ZL7degreesf.1448 @ 0x91d080
CIRCLE: _ZN12NavEKF3_core9Log_WriteEm @ 0x91d0d0
CIRCLE: _ZNK7AP_EnumIN7NavEKF38LogLevelEEcvKS1_Ev @ 0xac7d70
CIRCLE: _ZNK12NavEKF3_core14Log_Write_XKF4Em @ 0x91d220
CIRCLE: _ZN12NavEKF3_core13Log_Write_GSFEm @ 0x91d570
CIRCLE: _ZNK12NavEKF3_core14Log_Write_XKF1Em @ 0x91d620
CIRCLE: _ZNK12NavEKF3_core14Log_Write_XKF2Em @ 0x91d8f0
CIRCLE: _ZNK12NavEKF3_core14Log_Write_XKF3Em @ 0x91db90
CIRCLE: _ZNK12NavEKF3_core14Log_Write_XKF5Em @ 0x91ddf0
CIRCLE: _ZNK12NavEKF3_core14Log_Write_XKFSEm @ 0x91e050
CIRCLE: _ZNK12NavEKF3_core20Log_Write_QuaternionEm @ 0x91e160
CIRCLE: _ZN12NavEKF3_core16Log_Write_BeaconEm @ 0x91e240
CIRCLE: _ZN12NavEKF3_core18Log_Write_BodyOdomEm @ 0x91e530
CIRCLE: _ZN12NavEKF3_core25Log_Write_State_VariancesEm @ 0x91e6a0
CIRCLE: _ZN12NavEKF3_core16Log_Write_TimingEm @ 0x91e9c0
CIRCLE: _ZNK6AP_DAL12logging_coreEh @ 0x91eb20
CIRCLE: _ZL3MAXIjjEDTqugtfp_fp0_fp_fp0_ERKT_RKT0_ @ 0x91eb70
CIRCLE: _ZNK16AP_NavEKF_Source21getPosVelYawSourceSetEv @ 0xac7dc0
CIRCLE: _ZL3MAXIddEDTqugtfp_fp0_fp_fp0_ERKT_RKT0_.4083 @ 0x91ebf0
CIRCLE: _ZL3MINIdiEDTqultfp_fp0_fp_fp0_ERKT_RKT0_.4084 @ 0x91ec70
CIRCLE: _ZNK12NavEKF3_core14getInnovationsER7Vector3IfES2_S2_RfS3_ @ 0x91ed10
CIRCLE: _ZL7degreesf.4081 @ 0x91ef10
CIRCLE: _ZNK12NavEKF3_core26getSynthAirDataInnovationsER7Vector2IfERf @ 0x91ef60
CIRCLE: _ZNK12NavEKF3_core20getPosDownDerivativeEv @ 0x91f030
CIRCLE: _ZN10EKFGSF_yaw9Log_WriteEm11LogMessagesS0_h @ 0x91f090
CIRCLE: _ZL7degreesf.17657 @ 0x91f410
CIRCLE: _ZL3MAXIffEDTqugtfp_fp0_fp_fp0_ERKT_RKT0_.17658 @ 0x91f460
CIRCLE: _ZL3MAXIdfEDTqugtfp_fp0_fp_fp0_ERKT_RKT0_.4082 @ 0x91f4e0
CIRCLE: _ZN5Rover14update_compassEv @ 0x921070
CIRCLE: _ZN5Rover20update_wheel_encoderEv @ 0x9210d0
CIRCLE: _ZN11AP_WindVane6updateEv @ 0x921a10
CIRCLE: _ZN12AP_Proximity6updateEv @ 0x922630
CIRCLE: _ZNK12AP_Proximity15get_filter_freqEv @ 0xac7e80
CIRCLE: _ZN24AP_Proximity_Boundary_3D15set_filter_freqEf @ 0xac7ee0
CIRCLE: _ZN24AP_Proximity_Boundary_3D18check_face_timeoutEv @ 0x922700
CIRCLE: _ZN9AP_Beacon6updateEv @ 0x922860
CIRCLE: _ZN6AP_GPS6updateEv @ 0x922f70
CIRCLE: _ZN6AP_GPS15update_instanceEh @ 0x9230f0
CIRCLE: _ZN6AP_GPS14update_primaryEv @ 0x923890
CIRCLE: _ZN14AP_GPS_Blended19zero_health_counterEv @ 0xac7f50
CIRCLE: _ZN6AP_GPS9Write_GPSEh @ 0x925060
CIRCLE: _ZL3MINIfiEDTqultfp_fp0_fp_fp0_ERKT_RKT0_.2521 @ 0x9254a0
CIRCLE: _ZNK6AP_GPS26last_message_delta_time_msEh @ 0xac8000
CIRCLE: _ZNK6AP_GPS10should_logEv @ 0x925540
CIRCLE: _ZN6AP_GPS16send_blob_updateEh @ 0x9266c0
CIRCLE: _ZN14AP_GPS_Backend14check_new_itowEjj @ 0x92b410
CIRCLE: _ZN12AP_GPS_UBLOX20_request_next_configEv @ 0x92f600
CIRCLE: _ZN12AP_GPS_UBLOX21_request_message_rateEhh @ 0x9300a0
CIRCLE: _ZN12AP_GPS_UBLOX13_request_portEv @ 0x930160
CIRCLE: _ZN12AP_GPS_UBLOX13_send_messageEhhPKvt @ 0x9301f0
CIRCLE: _ZN12AP_GPS_UBLOX16_update_checksumEPhtRhS1_ @ 0x9310b0
CIRCLE: _ZN12AP_GPS_UBLOX4readEv @ 0x9311e0
CIRCLE: _ZNK12AP_GPS_UBLOX13is_configuredEv @ 0xac8e80
CIRCLE: _ZNK12AP_GPS_UBLOX7get_lagERf @ 0x9318c0
CIRCLE: _ZNK12AP_GPS_UBLOX10is_healthyEv @ 0x931a50
CIRCLE: _ZNK12AP_GPS_UBLOX4nameEv @ 0xac8ed0
CIRCLE: _ZNK12AP_GPS_UBLOX36Write_AP_Logger_Log_Startup_messagesEv @ 0x931b50
CIRCLE: _ZL3MINIjjEDTqultfp_fp0_fp_fp0_ERKT_RKT0_.2814 @ 0x931ea0
CIRCLE: _ZN12AP_GPS_UBLOXUt_ixEm @ 0xac8f90
CIRCLE: _ZN12AP_GPS_UBLOX10_parse_gpsEv @ 0x931f20
CIRCLE: _ZN12AP_GPS_UBLOX15_check_new_itowEj @ 0x9353e0
CIRCLE: _ZN12AP_GPS_UBLOX23_configure_message_rateEhhh @ 0x935460
CIRCLE: _ZN5Rover10set_servosEv @ 0x93ca60
CIRCLE: _ZN12AP_MotorsUGV6outputEbff @ 0x93cd40
CIRCLE: _ZN12AP_MotorsUGV23sanity_check_parametersEv @ 0x93ceb0
CIRCLE: _ZN12AP_MotorsUGV19slew_limit_throttleEf @ 0x93cfd0
CIRCLE: _ZN12AP_MotorsUGV14output_regularEbfff @ 0x93d0b0
CIRCLE: _ZN12AP_MotorsUGV20output_skid_steeringEbfff @ 0x93d510
CIRCLE: _ZN12AP_MotorsUGV11output_omniEbfff @ 0x93dc50
CIRCLE: _ZN12AP_MotorsUGV11output_sailEv @ 0x93dfe0
CIRCLE: _ZN12SRV_Channels8calc_pwmEv @ 0x93e080
CIRCLE: _ZN12SRV_Channels13output_ch_allEv @ 0x93e2a0
CIRCLE: _ZN12AP_MotorsUGV21set_limits_from_inputEbff @ 0x93e350
CIRCLE: _ZN12AP_MotorsUGV15output_throttleEN11SRV_Channel8FunctionEff @ 0x93e540
CIRCLE: _ZNK12AP_MotorsUGV19get_scaled_throttleEf @ 0x93e930
CIRCLE: _ZN12AP_MotorsUGV28get_rate_controlled_throttleEN11SRV_Channel8FunctionEff @ 0x93eca0
CIRCLE: _ZN6AC_PID12reset_filterEv @ 0xaca7c0
CIRCLE: _ZN6AC_PID7reset_IEv @ 0x93f1f0
CIRCLE: _ZN6AC_PID10update_allEfffbf @ 0x93f3b0
CIRCLE: _ZNK6AC_PID6get_ffEv @ 0x93f9c0
CIRCLE: _ZNK6AC_PID16get_filt_T_alphaEf @ 0x93fa20
CIRCLE: _ZNK6AC_PID16get_filt_E_alphaEf @ 0x93faa0
CIRCLE: _ZNK6AC_PID16get_filt_D_alphaEf @ 0x93fb20
CIRCLE: _ZN6AC_PID8update_iEfb @ 0x93fba0
CIRCLE: _ZN11SlewLimiter8modifierEff @ 0x93fda0
CIRCLE: _ZNK11SlewLimiter13get_slew_rateEv @ 0xacaa30
CIRCLE: _ZNK12AP_MotorsUGV20have_vectored_thrustEv @ 0xacaa80
CIRCLE: _ZNK12AP_MotorsUGV25get_slew_limited_throttleEff @ 0x940590
CIRCLE: _ZN5Rover19update_current_modeEv @ 0x940d30
CIRCLE: _ZN14AP_OpticalFlow6updateEv @ 0x940e40
CIRCLE: _ZN5Rover17read_rangefindersEv @ 0x9423f0
CIRCLE: _ZN11RangeFinder6updateEv @ 0x942460
CIRCLE: _ZN5Rover15Log_Write_DepthEv @ 0x942580
CIRCLE: _ZNK11RangeFinder8Log_RFNDEv @ 0x9427e0
CIRCLE: _ZN5Rover11ahrs_updateEv @ 0x942920
CIRCLE: _ZN5Rover22update_ahrs_flyforwardEv @ 0x942b30
CIRCLE: _ZN9AP_Follow16update_estimatesEv @ 0x942d20
CIRCLE: _ZNK17AP_InertialSensor9Write_IMUEv @ 0x943b50
CIRCLE: _ZL3MAXIhhEDTqugtfp_fp0_fp_fp0_ERKT_RKT0_ @ 0x943d60
CIRCLE: _ZNK17AP_InertialSensor18Write_IMU_instanceEmh @ 0x943de0
CIRCLE: _ZNK17AP_InertialSensor16get_gyro_rate_hzEh @ 0xacab30
CIRCLE: _ZNK17AP_InertialSensor17get_accel_rate_hzEh @ 0xacabb0
CIRCLE: _ZN9AP_Follow32clear_dist_and_bearing_to_targetEv @ 0x943f70
CIRCLE: _Z23update_pos_vel_accel_xyR7Vector2IdERS_IfERKS2_fS5_S5_S5_ @ 0x944070
CIRCLE: _Z22shape_pos_vel_accel_xyRK7Vector2IdERKS_IfES5_S2_S5_RS3_ffffb @ 0x944380
CIRCLE: _ZNK7Vector2IdE7is_zeroEv @ 0xacac30
CIRCLE: _Z15sqrt_controllerffff @ 0x9449f0
CIRCLE: _ZL2sqf.3224 @ 0x944fe0
CIRCLE: _Z15sqrt_controllerRK7Vector2IfEfff @ 0x945030
CIRCLE: _ZN7Vector2IfE12limit_lengthEf @ 0xacacc0
CIRCLE: _Z18shape_vel_accel_xyRK7Vector2IfES2_S2_RS0_fffb @ 0x945110
CIRCLE: _Z14shape_accel_xyRK7Vector2IfERS0_ff @ 0x945470
CIRCLE: _Z19update_vel_accel_xyR7Vector2IfERKS0_fS3_S3_ @ 0x9456e0
CIRCLE: _ZL3MINIffEDTqultfp_fp0_fp_fp0_ERKT_RKT0_.1431 @ 0x945810
CIRCLE: _ZN5Rover10read_radioEv @ 0x9458a0
CIRCLE: _ZN11RC_Channels10read_inputEv @ 0x945950
CIRCLE: _ZN5Rover20radio_failsafe_checkEt @ 0x945a80
CIRCLE: _ZN10RC_Channel6updateEv @ 0x945b80
CIRCLE: _ZN11RC_Channels23rudder_arm_disarm_checkEv @ 0x945cf0
CIRCLE: _ZNK11RC_Channels19has_had_rc_receiverEv @ 0xacad90
CIRCLE: _ZNK10RC_Channel12pwm_to_angleEv @ 0x945f60
CIRCLE: _ZNK10RC_Channel15pwm_to_angle_dzEt @ 0x945fd0
CIRCLE: _ZNK10RC_Channel20pwm_to_angle_dz_trimEtt @ 0x946060
CIRCLE: _ZN5Rover8set_modeEN4Mode6NumberE10ModeReason @ 0x946450
CIRCLE: _ZNK4Mode16has_manual_inputEv @ 0xacbf30
CIRCLE: _ZNK4Mode19attitude_stabilizedEv @ 0xacbf80
CIRCLE: _ZNK4Mode17requires_positionEv @ 0xacbfd0
CIRCLE: _ZNK4Mode17requires_velocityEv @ 0xacc020
CIRCLE: _ZN4Mode18init_reversed_flagEv @ 0xacc1d0
CIRCLE: _ZN4Mode5_exitEv @ 0xacc240
CIRCLE: _ZN4Mode13calc_throttleEfb @ 0x9476f0
CIRCLE: _ZNK18AR_AttitudeControl31get_desired_speed_accel_limitedEff @ 0x947b40
CIRCLE: _ZN8AC_Avoid12adjust_speedEfffRff @ 0x947d10
CIRCLE: _ZNK8AC_Avoid13limits_activeEv @ 0xacc290
CIRCLE: _ZNK18AR_AttitudeControl13pitch_limitedEv @ 0xacc300
CIRCLE: _ZN18AR_AttitudeControl22get_throttle_out_speedEfbbfff @ 0x9483c0
CIRCLE: _ZN12AP_MotorsUGV12set_throttleEf @ 0x9488d0
CIRCLE: _ZL3MAXIffEDTqugtfp_fp0_fp_fp0_ERKT_RKT0_.11066 @ 0x949020
CIRCLE: _ZN8AC_Avoid15adjust_velocityER7Vector3IfERbfffff @ 0x949d20
CIRCLE: _ZL3MINIffEDTqultfp_fp0_fp_fp0_ERKT_RKT0_.8253 @ 0x94a480
CIRCLE: _ZNK8AC_Avoid27proximity_avoidance_enabledEv @ 0xacc360
CIRCLE: _ZN8AC_Avoid25adjust_velocity_proximityEffR7Vector3IfES2_fff @ 0x94a510
CIRCLE: _ZN8AC_Avoid29find_max_quadrant_velocity_3DER7Vector3IfER7Vector2IfES5_S5_S5_RfS6_ @ 0x94ae20
CIRCLE: _ZN8AC_Avoid21adjust_velocity_fenceEffR7Vector3IfES2_fff @ 0x94afa0
CIRCLE: _ZL3MAXIffEDTqugtfp_fp0_fp_fp0_ERKT_RKT0_.8254 @ 0x94b380
CIRCLE: _ZN8AC_Avoid11limit_accelERK7Vector3IfERS1_f @ 0x94b400
CIRCLE: _ZN8AC_Avoid28adjust_velocity_circle_fenceEffR7Vector2IfES2_f @ 0x94b7f0
CIRCLE: _ZN8AC_Avoid26find_max_quadrant_velocityER7Vector2IfES2_S2_S2_S2_ @ 0x94be80
CIRCLE: _ZN8AC_Avoid48adjust_velocity_inclusion_and_exclusion_polygonsEffR7Vector2IfES2_f @ 0x94c140
CIRCLE: _ZN8AC_Avoid33adjust_velocity_inclusion_circlesEffR7Vector2IfES2_f @ 0x94c4f0
CIRCLE: _ZN8AC_Avoid33adjust_velocity_exclusion_circlesEffR7Vector2IfES2_f @ 0x94cd70
CIRCLE: _ZN8AC_Avoid17adjust_velocity_zEffRfS0_f @ 0x94d680
CIRCLE: _ZNK8AC_Avoid21get_stopping_distanceEfff @ 0x94df50
CIRCLE: _ZL2sqf.8255 @ 0x94e410
CIRCLE: _ZNK12AP_Proximity18get_obstacle_countEv @ 0x94e460
CIRCLE: _ZNK7AP_AHRS15earth_to_body2DERK7Vector2IfE @ 0x94e4b0
CIRCLE: _ZNK12AP_Proximity12get_obstacleEhR7Vector3IfE @ 0x94e560
CIRCLE: _ZNK7AP_AHRS15body_to_earth2DERK7Vector2IfE @ 0x94ee60
CIRCLE: _ZNK24AP_Proximity_Boundary_3D28convert_obstacle_num_to_faceEhRNS_4FaceE @ 0x94f0d0
CIRCLE: _ZNK24AP_Proximity_Boundary_3D12get_obstacleEhR7Vector3IfE @ 0x94f1e0
CIRCLE: _ZNK24AP_Proximity_Boundary_3D18get_obstacle_countEv @ 0x94f370
CIRCLE: _ZNK18AR_AttitudeControl13get_accel_maxEv @ 0xaccd00
CIRCLE: _ZNK8AR_WPNav17get_default_accelEv @ 0xaccd70
CIRCLE: _ZNK8AR_WPNav16get_default_jerkEv @ 0xaccdd0
CIRCLE: _ZNK18AR_AttitudeControl22get_turn_lat_accel_maxEv @ 0xacce30
CIRCLE: _ZN13AR_PosControl10set_limitsEffff @ 0x94f450
CIRCLE: _ZN13AR_PosControl4initEv @ 0x94f5b0
CIRCLE: _ZN13AR_PosControl17init_ekf_xy_resetEv @ 0x94f740
CIRCLE: _ZN7AP_AHRS24getLastPosNorthEastResetER7Vector2IfE @ 0x94f7b0
CIRCLE: _ZN7NavEKF324getLastPosNorthEastResetER7Vector2IfE @ 0x94fa00
CIRCLE: _ZL3MAXIfiEDTqugtfp_fp0_fp_fp0_ERKT_RKT0_.11114 @ 0x94fb50
CIRCLE: _ZL3MINIffEDTqultfp_fp0_fp_fp0_ERKT_RKT0_.11113 @ 0x94fbf0
CIRCLE: _ZN7AC_P_2D10set_limitsEfff @ 0x94fc80
CIRCLE: _ZL3MINIffEDTqultfp_fp0_fp_fp0_ERKT_RKT0_.18776 @ 0x94fe20
CIRCLE: _Z19inv_sqrt_controllerfff @ 0x94feb0
CIRCLE: _ZL3MAXI9AP_ParamTIfL11ap_var_type4EEfEDTqugtfp_fp0_fp_fp0_ERKT_RKT0_ @ 0x9500f0
CIRCLE: _ZL3MAXI9AP_ParamTIfL11ap_var_type4EEfEDTqugtfp_fp0_fp_fp0_ERKT_RKT0_.1138 @ 0x950180
CIRCLE: _ZN4Mode12set_reversedEb @ 0x950290
CIRCLE: _ZN8AR_WPNav12set_reversedEb @ 0xaccfd0
CIRCLE: _ZN12AP_MotorsUGV12set_steeringEfb @ 0x950b70
CIRCLE: _ZNK7Vector2IfE9projectedERKS0_ @ 0xacd170
CIRCLE: _ZN13AR_PosControl16input_pos_targetERK7Vector2IdEf @ 0x950bf0
CIRCLE: _ZN13AR_PosControl6updateEf @ 0x950c90
CIRCLE: _ZNK13AR_PosControl17get_desired_speedEv @ 0xacd210
CIRCLE: _ZNK13AR_PosControl26get_desired_turn_rate_radsEv @ 0xacd260
CIRCLE: _ZN4Mode28calc_steering_from_turn_rateEf @ 0x951850
CIRCLE: _ZN18AR_AttitudeControl21get_steering_out_rateEfbbf @ 0x951930
CIRCLE: _ZN4Mode12set_steeringEf @ 0x951db0
CIRCLE: _ZNK4Mode19allows_stick_mixingEv @ 0xacd2b0
CIRCLE: _ZL7radiansf.11065 @ 0x952030
CIRCLE: _ZNK18AR_AttitudeControl28get_turn_rate_from_lat_accelEff @ 0x952080
CIRCLE: _ZN13AR_PosControl19handle_ekf_xy_resetEv @ 0x9521d0
CIRCLE: _ZN9AC_PID_2D7reset_IEv @ 0x952330
CIRCLE: _ZN9AC_PID_2D12reset_filterEv @ 0xacd370
CIRCLE: _ZN7AC_P_2D10update_allER7Vector2IdERKS1_ @ 0x952390
CIRCLE: _ZN7AC_P_2D2kPEv @ 0xacd3c0
CIRCLE: _ZNK18AR_AttitudeControl19steering_limit_leftEv @ 0xacd410
CIRCLE: _ZNK18AR_AttitudeControl20steering_limit_rightEv @ 0xacd470
CIRCLE: _ZN9AC_PID_2D10update_allERK7Vector2IfES3_fS3_ @ 0x9524f0
CIRCLE: _ZNK9AC_PID_2D5get_iEv @ 0x952a30
CIRCLE: _ZN9AC_PID_2D14set_integratorERK7Vector2IfE @ 0x952a80
CIRCLE: _ZL3MAXIffEDTqugtfp_fp0_fp_fp0_ERKT_RKT0_.11115 @ 0x952b10
CIRCLE: _ZNK9AC_PID_2D16get_filt_E_alphaEf @ 0x952b90
CIRCLE: _ZNK9AC_PID_2D16get_filt_D_alphaEf @ 0x952c10
CIRCLE: _ZN9AC_PID_2D8update_iEfRK7Vector2IfE @ 0x952c90
CIRCLE: _ZN13AR_PosControl26input_pos_vel_accel_targetERK7Vector2IdERKS0_IfES6_f @ 0x952e00
CIRCLE: _ZNK13AR_PosControl21get_desired_lat_accelEv @ 0xace1f0
CIRCLE: _ZNK13AR_PosControl13get_pos_errorEv @ 0x957ff0
CIRCLE: _ZN13AR_PosControl24set_pos_vel_accel_targetERK7Vector2IdERKS0_IfES6_ @ 0x958640
CIRCLE: _ZL3MAXIffEDTqugtfp_fp0_fp_fp0_ERKT_RKT0_.1136 @ 0x95f2b0
CIRCLE: _ZN10ModeCircle19check_config_radiusEv @ 0x95f330
CIRCLE: _ZN8ModeAuto5_exitEv @ 0x960630
CIRCLE: _ZN10ModeCircle18check_config_speedEv @ 0x960db0
CIRCLE: _ZL3MAXIfiEDTqugtfp_fp0_fp_fp0_ERKT_RKT0_ @ 0x960ea0
CIRCLE: _ZNK10ModeCircle20get_desired_locationER8Location @ 0x961120
CIRCLE: _ZL7degreesf.1141 @ 0x9611d0
CIRCLE: _ZNK10ModeCircle27get_distance_to_destinationEv @ 0xacf620
CIRCLE: _ZNK10ModeCircle21get_desired_lat_accelEv @ 0x9613d0
CIRCLE: _ZNK10ModeCircle16crosstrack_errorEv @ 0xacf670
CIRCLE: _ZNK10ModeCircle11nav_bearingEv @ 0x961600
CIRCLE: _ZNK10ModeCircle10wp_bearingEv @ 0x9617a0
CIRCLE: _ZN10ModeCircle6updateEv @ 0x962520
CIRCLE: _ZN10ModeCircle22update_drive_to_radiusEv @ 0x962860
CIRCLE: _ZNK10ModeCircle20get_reached_distanceEv @ 0x9629c0
CIRCLE: _ZN10ModeCircle15update_circlingEv @ 0x962a50
CIRCLE: _ZN7Vector2IdE14offset_bearingEdd @ 0xacf720
CIRCLE: _ZL7radiansi.1143 @ 0x962da0
CIRCLE: _ZL2sqf.1144 @ 0x962e00
CIRCLE: _ZL7radiansd.3384 @ 0x962e50
CIRCLE: _ZNK14AP_BattMonitor22capacity_remaining_pctERhh @ 0x964ed0
CIRCLE: _ZNK9GCS_Rover11custom_modeEv @ 0x9655c0
CIRCLE: _ZNK9GCS_Rover10frame_typeEv @ 0x965620
CIRCLE: _ZN9GCS_Rover4chanEh @ 0xad0520
CIRCLE: _ZNK9GCS_Rover19vehicle_initialisedEv @ 0x9656a0
CIRCLE: _ZN9GCS_Rover34update_vehicle_sensor_status_flagsEv @ 0x965850
CIRCLE: _ZN11GCS_MAVLINK14packetReceivedERK16__mavlink_statusRK17__mavlink_message @ 0x965c50
CIRCLE: _ZNK11GCS_MAVLINK13mission_stateERK10AP_Mission @ 0x965e50
CIRCLE: _ZNK17GCS_MAVLINK_Rover16send_rangefinderEv @ 0x965f30
CIRCLE: _ZNK17GCS_MAVLINK_Rover26send_nav_controller_outputEv @ 0x966070
CIRCLE: _ZN17GCS_MAVLINK_Rover15send_pid_tuningEv @ 0x9661e0
CIRCLE: _ZN11GCS_MAVLINK21send_scaled_pressure3Ev @ 0x966b20
CIRCLE: _ZNK11GCS_MAVLINK13send_attitudeEv @ 0x966b80
CIRCLE: _ZN17GCS_MAVLINK_Rover31send_position_target_global_intEv @ 0x966d50
CIRCLE: _ZNK11GCS_MAVLINK17send_winch_statusEv @ 0xad08b0
CIRCLE: _ZNK17GCS_MAVLINK_Rover9base_modeEv @ 0x9670d0
CIRCLE: _ZNK17GCS_MAVLINK_Rover21vehicle_system_statusEv @ 0x967220
CIRCLE: _ZNK11GCS_MAVLINK19persist_streamratesEv @ 0xad09a0
CIRCLE: _ZN17GCS_MAVLINK_Rover25handle_command_int_packetERK23__mavlink_command_int_tRK17__mavlink_message @ 0x9673b0
CIRCLE: _ZN17GCS_MAVLINK_Rover14handle_messageERK17__mavlink_message @ 0x967a60
CIRCLE: _ZN17GCS_MAVLINK_Rover16try_send_messageE10ap_message @ 0x968c90
CIRCLE: _ZN11GCS_MAVLINK24send_global_position_intEv @ 0x968ee0
CIRCLE: _ZNK11GCS_MAVLINK23global_position_int_altEv @ 0x969060
CIRCLE: _ZNK11GCS_MAVLINK32global_position_int_relative_altEv @ 0x9690c0
CIRCLE: _ZNK11GCS_MAVLINK17vfr_hud_climbrateEv @ 0x969130
CIRCLE: _ZNK11GCS_MAVLINK16vfr_hud_airspeedEv @ 0x9691f0
CIRCLE: _ZNK17GCS_MAVLINK_Rover16vfr_hud_throttleEv @ 0x969290
CIRCLE: _ZNK11GCS_MAVLINK11vfr_hud_altEv @ 0x9692f0
CIRCLE: _ZN11GCS_MAVLINK35convert_COMMAND_LONG_to_COMMAND_INTERK24__mavlink_command_long_tR23__mavlink_command_int_t9MAV_FRAME @ 0x969710
CIRCLE: _ZN11GCS_MAVLINK28command_long_stores_locationE7MAV_CMD @ 0x969ca0
CIRCLE: _ZL30convert_COMMAND_LONG_loc_paramfb @ 0x969d80
CIRCLE: _ZL7degreesf.11 @ 0x969e30
CIRCLE: _ZL3MINIfiEDTqultfp_fp0_fp_fp0_ERKT_RKT0_ @ 0x969e80
CIRCLE: _ZNK4Mode11speed_errorEv @ 0xad0b40
CIRCLE: _ZL36mavlink_msg_global_position_int_send17mavlink_channel_tjiiiissst @ 0x96a420
CIRCLE: _ZN17GCS_MAVLINK_Rover14send_servo_outEv @ 0x96a540
CIRCLE: _ZN5Rover27send_wheel_encoder_distanceE17mavlink_channel_t @ 0x96a6f0
CIRCLE: _ZNK11AP_WindVane9send_windE17mavlink_channel_t @ 0x96a880
CIRCLE: _ZNK11GCS_MAVLINK23get_ap_message_intervalE10ap_messageRt @ 0x96a990
CIRCLE: _ZN13AP_OADatabase17send_adsb_vehicleE17mavlink_channel_tt @ 0x96aac0
CIRCLE: _ZN17GCS_MAVLINK_Rover16send_water_depthEv @ 0x96b060
CIRCLE: _ZN11GCS_MAVLINK16try_send_messageE10ap_message @ 0x96b350
CIRCLE: _ZN11GCS_MAVLINK17queued_param_sendEv @ 0x96c000
CIRCLE: _ZNK11GCS_MAVLINK14send_heartbeatEv @ 0x96c2b0
CIRCLE: _ZNK11GCS_MAVLINK8send_rpmEv @ 0x96c670
CIRCLE: _ZN11GCS_MAVLINK24try_send_mission_messageE10ap_message @ 0x96c750
CIRCLE: _ZN7Compass21send_mag_cal_progressERK11GCS_MAVLINK @ 0x96c950
CIRCLE: _ZN7Compass19send_mag_cal_reportERK11GCS_MAVLINK @ 0x96cba0
CIRCLE: _ZN11GCS_MAVLINK19send_battery_statusEv @ 0x96ced0
CIRCLE: _ZNK7AP_AHRS22send_ekf_status_reportER11GCS_MAVLINK @ 0x96d020
CIRCLE: _ZN11GCS_MAVLINK12send_meminfoEv @ 0x96d120
CIRCLE: _ZNK11GCS_MAVLINK17send_fence_statusEv @ 0x96d1e0
CIRCLE: _ZN11GCS_MAVLINK20send_distance_sensorEv @ 0x96d350
CIRCLE: _ZNK11GCS_MAVLINK16send_system_timeEv @ 0x96d890
CIRCLE: _ZN6AP_GPS20send_mavlink_gps_rawE17mavlink_channel_t @ 0x96d920
CIRCLE: _ZN6AP_GPS20send_mavlink_gps_rtkE17mavlink_channel_th @ 0x96dc70
CIRCLE: _ZN6AP_GPS21send_mavlink_gps2_rawE17mavlink_channel_t @ 0x96dd50
CIRCLE: _ZNK11GCS_MAVLINK19send_local_positionEv @ 0x96e0f0
CIRCLE: _ZNK11GCS_MAVLINK34send_gimbal_device_attitude_statusEv @ 0x96e1c0
CIRCLE: _ZN11GCS_MAVLINK16send_opticalflowEv @ 0x96e580
CIRCLE: _ZN11GCS_MAVLINK17send_power_statusEv @ 0x96e6f0
CIRCLE: _ZNK11GCS_MAVLINK16send_rc_channelsEv @ 0x96e800
CIRCLE: _ZNK11GCS_MAVLINK20send_rc_channels_rawEv @ 0x96eac0
CIRCLE: _ZN11GCS_MAVLINK12send_raw_imuEv @ 0x96ec40
CIRCLE: _ZN11GCS_MAVLINK15send_scaled_imuEhPFv17mavlink_channel_tjssssssssssE @ 0x96f050
CIRCLE: _ZL28mavlink_msg_scaled_imu2_send17mavlink_channel_tjssssssssss @ 0x96f310
CIRCLE: _ZL28mavlink_msg_scaled_imu3_send17mavlink_channel_tjssssssssss @ 0x96f480
CIRCLE: _ZN11GCS_MAVLINK20send_scaled_pressureEv @ 0x96f830
CIRCLE: _ZN11GCS_MAVLINK21send_scaled_pressure2Ev @ 0x96f890
CIRCLE: _ZN11GCS_MAVLINK13send_airspeedEv @ 0x96f8f0
CIRCLE: _ZN11GCS_MAVLINK21send_servo_output_rawEv @ 0x96fab0
CIRCLE: _ZNK11GCS_MAVLINK13send_simstateEv @ 0x96fed0
CIRCLE: _ZN11GCS_MAVLINK15send_sys_statusEv @ 0x96fff0
CIRCLE: _ZN11GCS_MAVLINK10send_ahrs2Ev @ 0x9702e0
CIRCLE: _ZN11GCS_MAVLINK9send_ahrsEv @ 0x9703c0
CIRCLE: _ZN11GCS_MAVLINK12send_vfr_hudEv @ 0x970540
CIRCLE: _ZNK11GCS_MAVLINK14send_vibrationEv @ 0x970680
CIRCLE: _ZNK11GCS_MAVLINK21send_generator_statusEv @ 0x970770
CIRCLE: _ZN12AP_ESC_Telem26send_esc_telemetry_mavlinkEh @ 0x970af0
CIRCLE: _ZN6AP_EFI19send_mavlink_statusE17mavlink_channel_t @ 0x970f80
CIRCLE: _ZN6AP_AIS13get_singletonEv @ 0x971750
CIRCLE: _ZN6AP_AIS4sendE17mavlink_channel_t @ 0x971790
CIRCLE: _ZN11GCS_MAVLINK20send_available_modesEv @ 0x971b00
CIRCLE: _ZNK11GCS_MAVLINK21battery_remaining_pctEh @ 0x972390
CIRCLE: _ZL3MINIhiEDTqultfp_fp0_fp_fp0_ERKT_RKT0_.6112 @ 0x972840
CIRCLE: _ZN12AP_Generator21send_generator_statusERK11GCS_MAVLINK @ 0x973160
CIRCLE: _ZL26mavlink_msg_vibration_send17mavlink_channel_tmfffjjj @ 0x9731e0
CIRCLE: _ZL24mavlink_msg_vfr_hud_send17mavlink_channel_tffstff @ 0x9732f0
CIRCLE: _ZNK7AP_AHRS12get_error_rpEv @ 0x973480
CIRCLE: _ZNK7AP_AHRS13get_error_yawEv @ 0x9734e0
CIRCLE: _ZL21mavlink_msg_ahrs_send17mavlink_channel_tfffffff @ 0x973540
CIRCLE: _ZL22mavlink_msg_ahrs2_send17mavlink_channel_tffffii @ 0x973660
CIRCLE: _ZNK9AP_Logger11num_droppedEv @ 0x973760
CIRCLE: _ZNK14AP_BattMonitor11gcs_voltageEv @ 0xad0c70
CIRCLE: _ZL27mavlink_msg_sys_status_send17mavlink_channel_tjjjttsatttttt @ 0x9737e0
CIRCLE: _ZNK14AP_BattMonitor11gcs_voltageEh @ 0x973980
CIRCLE: _ZNK17AP_Logger_Backend11num_droppedEv @ 0xad0cc0
CIRCLE: _ZL7radiansf.14807 @ 0x973da0
CIRCLE: _ZNK4SITL3SIM13simstate_sendE17mavlink_channel_t @ 0x974120
CIRCLE: _ZL25mavlink_msg_simstate_send17mavlink_channel_tfffffffffii @ 0x9742f0
CIRCLE: _ZL33mavlink_msg_servo_output_raw_send17mavlink_channel_tjhtttttttttttttttt @ 0x974490
CIRCLE: _ZL33mavlink_msg_scaled_pressure2_send17mavlink_channel_tjffss @ 0x974790
CIRCLE: _ZN11GCS_MAVLINK29send_scaled_pressure_instanceEhPFv17mavlink_channel_tjffssE @ 0x974870
CIRCLE: _ZL32mavlink_msg_scaled_pressure_send17mavlink_channel_tjffss @ 0x974a60
CIRCLE: _ZL24mavlink_msg_raw_imu_send17mavlink_channel_tmssssssssshs @ 0x974bc0
CIRCLE: _ZNK11GCS_MAVLINK16sending_mavlink1Ev @ 0x974d40
CIRCLE: _ZNK11GCS_MAVLINK13receiver_rssiEv @ 0x974da0
CIRCLE: _ZL28mavlink_msg_rc_channels_send17mavlink_channel_tjhtttttttttttttttttth @ 0x974fb0
CIRCLE: _ZL29mavlink_msg_power_status_send17mavlink_channel_tttt @ 0x975220
CIRCLE: _ZN8AP_Mount34send_gimbal_device_attitude_statusE17mavlink_channel_t @ 0x975ca0
CIRCLE: _ZL35mavlink_msg_local_position_ned_send17mavlink_channel_tjffffff @ 0x976300
CIRCLE: _ZNK6AP_GPS12gps_yaw_cdegEh @ 0x976410
CIRCLE: _ZNK6AP_GPS23have_gps_yaw_configuredEh @ 0xad0f20
CIRCLE: _ZL28mavlink_msg_gps_raw_int_send17mavlink_channel_tmhiiitttthijjjjt @ 0x976710
CIRCLE: _ZL28mavlink_msg_system_time_send17mavlink_channel_tmj @ 0x976900
CIRCLE: _ZN11GCS_MAVLINK14send_proximityEv @ 0x977ea0
CIRCLE: _ZNK12AP_Proximity12distance_minEv @ 0x978280
CIRCLE: _ZL3MINIjjEDTqultfp_fp0_fp_fp0_ERKT_RKT0_.6116 @ 0x978740
CIRCLE: _ZL24mavlink_msg_meminfo_send17mavlink_channel_tttj @ 0x9787c0
CIRCLE: _ZNK7NavEKF318send_status_reportER11GCS_MAVLINK @ 0x978a60
CIRCLE: _ZNK12NavEKF3_core18send_status_reportER11GCS_MAVLINK @ 0x978af0
CIRCLE: _ZL41mavlink_msg_ekf_status_report_send_struct17mavlink_channel_tPK29__mavlink_ekf_status_report_t @ 0x978ef0
CIRCLE: _ZNK14AP_BattMonitor13option_is_setEhN21AP_BattMonitor_Params7OptionsE @ 0x979a10
CIRCLE: _ZNK11GCS_MAVLINK19send_battery_statusEh @ 0x979ae0
CIRCLE: _ZL3MINIftEDTqultfp_fp0_fp_fp0_ERKT_RKT0_ @ 0x97a370
CIRCLE: _ZNK14AP_BattMonitor14time_remainingERjh @ 0x97a410
CIRCLE: _ZNK14AP_BattMonitor24get_mavlink_charge_stateEh @ 0x97a500
CIRCLE: _ZNK14AP_BattMonitor25get_mavlink_fault_bitmaskEh @ 0x97a630
CIRCLE: _ZL31mavlink_msg_battery_status_send17mavlink_channel_thhhsPKtsiiaihS1_hj @ 0x97a6e0
CIRCLE: _ZN14typesafe_indexIh12TAG_PriorityErmERKh @ 0xad1170
CIRCLE: _ZN11GCS_MAVLINK20send_mission_currentERK10AP_Missiont @ 0x97ae60
CIRCLE: _ZNK3GCS32try_send_queued_message_for_typeE16MAV_MISSION_TYPE @ 0x97afe0
CIRCLE: _ZNK3GCS25get_prot_for_mission_typeE16MAV_MISSION_TYPE @ 0x97b060
CIRCLE: _ZN19MissionItemProtocol19queued_request_sendEv @ 0x97b0e0
CIRCLE: _ZL32mavlink_msg_mission_request_send17mavlink_channel_thhth @ 0x97b260
CIRCLE: _ZL32mavlink_msg_mission_current_send17mavlink_channel_ttthh @ 0x97b330
CIRCLE: _ZNK11GCS_MAVLINK13system_statusEv @ 0x97b800
CIRCLE: _ZL26mavlink_msg_heartbeat_send17mavlink_channel_thhhjh @ 0x97b890
CIRCLE: _ZN11GCS_MAVLINK28send_parameter_async_repliesEv @ 0x97b970
CIRCLE: _ZN12ObjectBufferIN11GCS_MAVLINK19pending_param_replyEE4peekERS1_ @ 0xad1260
CIRCLE: _ZL35mavlink_msg_rc_channels_scaled_send17mavlink_channel_tjhssssssssh @ 0x97c5e0
CIRCLE: _ZN11GCS_MAVLINK14handle_messageERK17__mavlink_message @ 0x980fb0
CIRCLE: _ZN11GCS_MAVLINK16handle_heartbeatERK17__mavlink_message @ 0x981b30
CIRCLE: _ZN11GCS_MAVLINK29handle_common_mission_messageERK17__mavlink_message @ 0x982d50
CIRCLE: _ZN11GCS_MAVLINK19handle_command_longERK17__mavlink_message @ 0x982ea0
CIRCLE: _ZN11GCS_MAVLINK26handle_request_data_streamERK17__mavlink_message @ 0x9844e0
CIRCLE: _ZNK3GCS12sysid_is_gcsEh @ 0x989b40
CIRCLE: _ZN11GCS_MAVLINK16sysid_mygcs_seenEj @ 0x989de0
CIRCLE: _ZN3GCS16sysid_mygcs_seenEj @ 0xad1e30
CIRCLE: _ZL38mavlink_msg_request_data_stream_decodePK17__mavlink_messageP31__mavlink_request_data_stream_t @ 0x98b050
CIRCLE: _ZN9AP_Logger13Write_CommandERK23__mavlink_command_int_thh10MAV_RESULTb @ 0x98e2f0
CIRCLE: _ZL31mavlink_msg_command_long_decodePK17__mavlink_messageP24__mavlink_command_long_t @ 0x98e470
CIRCLE: _ZN11GCS_MAVLINK31try_command_long_as_command_intERK24__mavlink_command_long_tRK17__mavlink_message @ 0x98e540
CIRCLE: _ZN11GCS_MAVLINK19handle_mission_itemERK17__mavlink_message @ 0x98e720
CIRCLE: _ZN11GCS_MAVLINK20handle_mission_countERK17__mavlink_message @ 0x98ec50
CIRCLE: _ZN19MissionItemProtocol13cancel_uploadERK11GCS_MAVLINKRK17__mavlink_message @ 0x98efb0
CIRCLE: _ZNK19MissionItemProtocol16send_mission_ackERK11GCS_MAVLINKRK17__mavlink_message18MAV_MISSION_RESULT @ 0x98f0a0
CIRCLE: _ZL32mavlink_msg_mission_count_decodePK17__mavlink_messageP25__mavlink_mission_count_t @ 0x98f2b0
CIRCLE: _ZN19MissionItemProtocol20handle_mission_countER11GCS_MAVLINKRK25__mavlink_mission_count_tRK17__mavlink_message @ 0x98f380
CIRCLE: _ZNK19MissionItemProtocol24mavlink2_requirement_metERK11GCS_MAVLINKRK17__mavlink_message @ 0x98f540
CIRCLE: _ZN19MissionItemProtocol20transfer_is_completeERK11GCS_MAVLINKRK17__mavlink_message @ 0x98f620
CIRCLE: _ZN19MissionItemProtocol18init_send_requestsER11GCS_MAVLINKRK17__mavlink_messagess @ 0x98f6d0
CIRCLE: _ZL35mavlink_msg_mission_item_int_decodePK17__mavlink_messageP28__mavlink_mission_item_int_t @ 0x990590
CIRCLE: _ZN19MissionItemProtocol19handle_mission_itemERK17__mavlink_messageRK28__mavlink_mission_item_int_t @ 0x9906e0
CIRCLE: _ZN11GCS_MAVLINK16_set_mode_commonEhj @ 0x990da0
CIRCLE: _ZN12ObjectBufferIN7GCS_FTP11TransactionEE3popERS1_ @ 0xad23f0
CIRCLE: _ZN11GCS_MAVLINK25handle_command_int_packetERK23__mavlink_command_int_tRK17__mavlink_message @ 0x997060
CIRCLE: _ZN11GCS_MAVLINK26handle_command_do_set_modeERK23__mavlink_command_int_t @ 0x998320
CIRCLE: _ZL43mavlink_msg_position_target_global_int_send17mavlink_channel_tjhtiifffffffff @ 0x99be60
CIRCLE: _ZL25mavlink_msg_attitude_send17mavlink_channel_tjffffff @ 0x99c210
CIRCLE: _ZL38mavlink_msg_nav_controller_output_send17mavlink_channel_tffsstfff @ 0x99c5f0
CIRCLE: _ZN15MAVLink_routing17check_and_forwardER11GCS_MAVLINKRK17__mavlink_message @ 0x99c7d0
CIRCLE: _ZN9AP_Follow10handle_msgERK17__mavlink_message @ 0x99cd40
CIRCLE: _ZNK11GCS_MAVLINK13accept_packetERK16__mavlink_statusRK17__mavlink_message @ 0x99cec0
CIRCLE: _ZNK9AP_Follow21should_handle_messageERK17__mavlink_message @ 0x99cfe0
CIRCLE: _ZN15MAVLink_routing11learn_routeER11GCS_MAVLINKRK17__mavlink_message @ 0x99dfb0
CIRCLE: _ZN15MAVLink_routing16handle_heartbeatER11GCS_MAVLINKRK17__mavlink_message @ 0x99e250
CIRCLE: _ZN15MAVLink_routing11get_targetsERK17__mavlink_messageRsS3_ @ 0x99e480
CIRCLE: _ZNK10ModeCircle11mode_numberEv @ 0xad46e0
CIRCLE: _ZNK10ModeCircle5name4Ev @ 0xad4730
CIRCLE: _ZNK10ModeCircle17is_autopilot_modeEv @ 0xad4780
CIRCLE: _ZN10ModeCircle6_enterEv @ 0x9a9ad0
CIRCLE: _ZL3MINIffEDTqultfp_fp0_fp_fp0_ERKT_RKT0_.1137 @ 0x9a9e60
CIRCLE: _ZN17RC_Channels_Rover7channelEh @ 0xad4f10
CIRCLE: _ZN11RC_Channels16read_mode_switchEv @ 0x9adab0
CIRCLE: _ZNK17RC_Channels_Rover14in_rc_failsafeEv @ 0x9adb40
CIRCLE: _ZNK17RC_Channels_Rover15has_valid_inputEv @ 0x9adba0
CIRCLE: _ZNK17RC_Channels_Rover18get_arming_channelEv @ 0x9adc20
CIRCLE: _ZNK17RC_Channels_Rover26flight_mode_channel_numberEv @ 0x9adc70
CIRCLE: mode_to_string @ 0xa1d140
CIRCLE: mode_entry @ 0xa1d2c0
----------------------
Mode: 15 (GUIDED)
GUIDED: _ZN15AP_Arming_Rover3armEN9AP_Arming6MethodEb @ 0x5bf990
GUIDED: _ZN15AP_Arming_Rover14pre_arm_checksEb @ 0x5bfbf0
GUIDED: _ZN15AP_Arming_Rover10arm_checksEN9AP_Arming6MethodE @ 0x5bfe10
GUIDED: _ZN9AP_Arming16barometer_checksEb @ 0x5bff00
GUIDED: _ZN9AP_Arming10ins_checksEb @ 0x5c0010
GUIDED: _ZN15AP_Arming_Rover10gps_checksEb @ 0x5c0400
GUIDED: _ZN9AP_Arming20board_voltage_checksEb @ 0x5c05d0
GUIDED: _ZN15AP_Arming_Rover21rc_calibration_checksEb @ 0x5c0780
GUIDED: _ZN9AP_Arming14mission_checksEb @ 0x5c0930
GUIDED: _ZNK9AP_Arming25terrain_database_requiredEv @ 0x5c0d40
GUIDED: _ZN9AP_Arming13system_checksEb @ 0x5c0dd0
GUIDED: _ZNK9AP_Arming16proximity_checksEb @ 0x5c1380
GUIDED: _ZN9AP_Arming18opendroneid_checksEb @ 0x5c1540
GUIDED: _ZN9AP_Arming23rc_in_calibration_checkEb @ 0x5c1630
GUIDED: _ZN9AP_Arming22serial_protocol_checksEb @ 0x5c16e0
GUIDED: _ZN2AP13serialmanagerEv @ 0x5c1810
GUIDED: _ZNK16AP_SerialManager11have_serialENS_14SerialProtocolEh @ 0x5c1850
GUIDED: _ZN16AP_SerialManager14pre_arm_checksEPch @ 0x5c1b20
GUIDED: _ZNK9AP_ParamTIiL11ap_var_type3EEcvRKiEv @ 0xa21b60
GUIDED: _ZN6AP_HAL4Util8snprintfEPcmPKcz @ 0x5c1c80
GUIDED: _ZN6AP_HAL4Util9vsnprintfEPcmPKcP13__va_list_tag @ 0x5c1e60
GUIDED: _ZN13BufferPrinterC2EPcm @ 0xa21bb0
GUIDED: _Z13print_vprintfPN6AP_HAL12BetterStreamEPKcP13__va_list_tag @ 0x5c1fa0
GUIDED: _Z12ultoa_invertjPch @ 0x5c3e30
GUIDED: _ZN6AP_HAL12BetterStreamC2Ev @ 0xa21c60
GUIDED: _ZN13BufferPrinter5writeEh @ 0xa21cc0
GUIDED: _Z3gcsv @ 0x5c4420
GUIDED: _ZN3GCS10send_textvE12MAV_SEVERITYPKcP13__va_list_tag @ 0x5c4460
GUIDED: _ZNK3GCS28statustext_send_channel_maskEv @ 0x5c4530
GUIDED: _ZN11GCS_MAVLINK19active_channel_maskEv @ 0xa21f60
GUIDED: _ZN11GCS_MAVLINK22streaming_channel_maskEv @ 0xa21fa0
GUIDED: _ZN11GCS_MAVLINK20private_channel_maskEv @ 0xa21fe0
GUIDED: _ZN3GCS13get_singletonEv @ 0xa22020
GUIDED: _ZNK16AP_SerialManager22find_protocol_instanceENS_14SerialProtocolEh @ 0x5c45c0
GUIDED: _ZNK13AP_ParamTBaseIaL11ap_var_type1EE3getEv @ 0xa22060
GUIDED: _ZNK16AP_SerialManager14protocol_matchENS_14SerialProtocolES0_ @ 0x5c4760
GUIDED: _ZN16AP_SerialManager13get_singletonEv @ 0xa220b0
GUIDED: _Z2rcv @ 0x5c4860
GUIDED: _ZN11RC_Channels11calibratingEv @ 0xa220f0
GUIDED: _ZNK9AP_Arming13check_enabledENS_5CheckE @ 0x5c4b30
GUIDED: _ZN11RC_Channels13get_singletonEv @ 0xa22150
GUIDED: _ZN2AP11opendroneidEv @ 0x5c4be0
GUIDED: _ZN14AP_OpenDroneID13pre_arm_checkEPch @ 0x5c4c20
GUIDED: _ZNK14AP_OpenDroneID14option_enabledENS_7OptionsE @ 0xa22190
GUIDED: _ZNK9AP_ParamTIaL11ap_var_type1EEcvRKaEv @ 0xa22220
GUIDED: _ZN6AP_HAL6millisEv @ 0x5c4ee0
GUIDED: _ZN13WithSemaphoreD2Ev @ 0x5c4f20
GUIDED: _ZN6AP_HAL8millis64Ev @ 0x5c4f80
GUIDED: _ZN6AP_HAL8micros64Ev @ 0x5c4fc0
GUIDED: _ZL14uint64_div1000m @ 0x5c5060
GUIDED: _ZN7HALSITL9Scheduler4fromEPN6AP_HAL9SchedulerE @ 0xa22270
GUIDED: _ZNK7HALSITL9Scheduler18stopped_clock_usecEv @ 0xa222c0
GUIDED: _ZNK13AP_ParamTBaseIsL11ap_var_type2EE3getEv @ 0xa22310
GUIDED: _ZN13WithSemaphoreC2ERN6AP_HAL9SemaphoreEj @ 0x5c51b0
GUIDED: _ZN14AP_OpenDroneID13get_singletonEv @ 0xa22360
GUIDED: _ZN2AP9proximityEv @ 0x5c5290
GUIDED: _ZNK12AP_Proximity14prearm_healthyEPch @ 0x5c52d0
GUIDED: _ZN12AP_Proximity13get_singletonEv @ 0xa223a0
GUIDED: _ZN8AP_Param15get_eeprom_fullEv @ 0xa223e0
GUIDED: _ZN2AP9schedulerEv @ 0x5c55b0
GUIDED: _ZN12AP_Scheduler25get_filtered_loop_rate_hzEv @ 0xa22420
GUIDED: _ZN12AP_Scheduler16get_loop_rate_hzEv @ 0xa22470
GUIDED: _ZN10AP_Terrain13get_singletonEv @ 0xa22500
GUIDED: _ZN12AP_Scripting13get_singletonEv @ 0xa225a0
GUIDED: _ZNK12AP_Scripting13arming_checksEmPc @ 0x5c55f0
GUIDED: _ZN2AP4ADSBEv @ 0x5c58e0
GUIDED: _ZN2AP13internalerrorEv @ 0x5c5920
GUIDED: _ZNK16AP_InternalError6errorsEv @ 0xa22700
GUIDED: _ZNK16AP_InternalError15last_error_lineEv @ 0xa22750
GUIDED: _ZN2AP3rpmEv @ 0x5c5ab0
GUIDED: _ZNK6AP_RPM13arming_checksEmPc @ 0x5c5af0
GUIDED: _ZN2AP5relayEv @ 0x5c5e20
GUIDED: _ZNK8AP_Relay13arming_checksEmPc @ 0x5c5e60
GUIDED: _ZN2AP9parachuteEv @ 0x5c61b0
GUIDED: _ZN2AP6buttonEv @ 0x5c6390
GUIDED: _ZNK9AP_Button13arming_checksEmPc @ 0x5c63d0
GUIDED: _ZN9AP_Button13get_singletonEv @ 0xa227a0
GUIDED: _ZN12SRV_Channels17function_assignedEN11SRV_Channel8FunctionE @ 0x5c6660
GUIDED: _ZNK7AP_EnumIN15AP_Relay_Params8FUNCTIONEEcvKS1_Ev @ 0xa227e0
GUIDED: _ZNK9AP_ParamTIsL11ap_var_type2EEcvRKsEv @ 0xa22830
GUIDED: _ZN12SRV_Channels25update_aux_servo_functionEv @ 0x5c67b0
GUIDED: _ZNK7BitmaskILt190EE3getEt @ 0xa22880
GUIDED: _ZNK7BitmaskILt190EE8validateEt @ 0xa22950
GUIDED: _ZN7BitmaskILt190EE8clearallEv @ 0xa229e0
GUIDED: _ZNK11SRV_Channel14valid_functionEv @ 0xa22a40
GUIDED: _ZN11SRV_Channel24aux_servo_function_setupEv @ 0x5c72b0
GUIDED: _ZN7BitmaskILt190EE3setEt @ 0xa22aa0
GUIDED: _ZNK9AP_Enum16IN11SRV_Channel8FunctionEEcvKS1_Ev @ 0xa22b60
GUIDED: _ZN11SRV_Channel14valid_functionENS_8FunctionE @ 0xa22bb0
GUIDED: _ZN12AP_Parachute13get_singletonEv @ 0xa22c20
GUIDED: _ZNK8AP_Relay14function_validEN15AP_Relay_Params8FUNCTIONE @ 0x5c74d0
GUIDED: _ZNK8AP_Relay8DroneCAN9valid_pinEs @ 0x5c7540
GUIDED: _ZN8AP_Relay13get_singletonEv @ 0xa22c60
GUIDED: _ZN6AP_RPM13get_singletonEv @ 0xa22ca0
GUIDED: _ZN7AP_ADSB13get_singletonEv @ 0xa22ce0
GUIDED: _ZNK12AP_Scripting7enabledEv @ 0xa22d20
GUIDED: _ZNK12AP_Scripting13option_is_setENS_11DebugOptionE @ 0xa22d90
GUIDED: _ZNK13AP_ParamTBaseIiL11ap_var_type3EE3getEv @ 0xa22e90
GUIDED: _ZNK2AP8PerfInfo25get_filtered_loop_rate_hzEv @ 0x5c76a0
GUIDED: _ZNK2AP8PerfInfo17get_filtered_timeEv @ 0x5c7730
GUIDED: _ZN12AP_Scheduler13get_singletonEv @ 0x5c7780
GUIDED: _ZN2AP7missionEv @ 0x5c77c0
GUIDED: _ZN10AP_Mission26contains_terrain_alt_itemsEv @ 0x5c7800
GUIDED: _ZNK10AP_Mission12num_commandsEv @ 0xa22ee0
GUIDED: _ZN10AP_Mission18stored_in_locationEt @ 0x5c7aa0
GUIDED: _ZN10AP_Mission15Mission_CommandC2Ev @ 0xa22f40
GUIDED: _ZNK10AP_Mission21read_cmd_from_storageEtRNS_15Mission_CommandE @ 0x5c7c30
GUIDED: _ZN10AP_Mission7ContentC2Ev @ 0xa22fa0
GUIDED: _ZN2AP4ahrsEv @ 0x5c80f0
GUIDED: _ZNK7AP_AHRS8get_homeEv @ 0xa22ff0
GUIDED: _ZNK13StorageAccess9read_byteEt @ 0x5c8130
GUIDED: _ZNK13StorageAccess11read_uint16Et @ 0x5c81a0
GUIDED: _ZNK13StorageAccess10read_blockEPvtm @ 0x5c8220
GUIDED: _ZN7AP_AHRS13get_singletonEv @ 0xa23040
GUIDED: _ZN8LocationC2Ev @ 0xa23080
GUIDED: _ZN8Location4zeroEv @ 0x5c8750
GUIDED: _ZN10AP_Mission13get_singletonEv @ 0xa230d0
GUIDED: _ZN2AP5rallyEv @ 0x5c88b0
GUIDED: _ZNK7AP_AHRS12get_locationER8Location @ 0x5c88f0
GUIDED: _ZNK10AP_Mission21failed_sdcard_storageEv @ 0xa23110
GUIDED: _ZN14StorageManager14storage_failedEv @ 0xa23170
GUIDED: _ZN2AP7vehicleEv @ 0x5c8b60
GUIDED: _ZNK10AP_Mission7presentEv @ 0xa231b0
GUIDED: _ZN10AP_Vehicle13get_singletonEv @ 0x5c8ba0
GUIDED: _ZNK8Location12get_distanceERKS_ @ 0x5c8dc0
GUIDED: _ZNK9AP_ParamTIfL11ap_var_type4EEcvRKfILb1EEEv @ 0xa23220
GUIDED: _ZN8Location14diff_longitudeEii @ 0x5c8e90
GUIDED: _ZN8Location15longitude_scaleEi @ 0x5c8f70
GUIDED: _Z4normIddJEEdT_T0_DpKT1_ @ 0xa23270
GUIDED: _Z2sqIdJdEEdT_DpKT0_ @ 0xa232e0
GUIDED: _Z2sqIdEdT_ @ 0xa23360
GUIDED: _ZL3MAXIdfEDTqugtfp_fp0_fp_fp0_ERKT_RKT0_ @ 0x5c9010
GUIDED: _ZN8LocationC2EiiiNS_8AltFrameE @ 0x5c90b0
GUIDED: _ZN8Location10set_alt_cmEiNS_8AltFrameE @ 0x5c9150
GUIDED: _ZN8AP_Rally13get_singletonEv @ 0xa233c0
GUIDED: _ZNK10RC_Channel13get_radio_minEv @ 0xa23400
GUIDED: _ZNK10RC_Channel13get_radio_maxEv @ 0xa23460
GUIDED: _ZN9AP_Arming21rc_calibration_checksEb @ 0x5c9240
GUIDED: _ZN11RC_Channels23get_valid_channel_countEv @ 0x5c93f0
GUIDED: _ZNK10RC_Channel12has_overrideEv @ 0x5c9460
GUIDED: _ZNK10RC_Channel14get_radio_trimEv @ 0xa234c0
GUIDED: _ZNK13AP_ParamTBaseIfL11ap_var_type4EE3getEv @ 0xa23600
GUIDED: _Z11is_positiveIfEbT_ @ 0xa23650
GUIDED: _Z7is_zerof @ 0xa236b0
GUIDED: _ZL3MINIihEDTqultfp_fp0_fp_fp0_ERKT_RKT0_.6275 @ 0x5c9520
GUIDED: _ZN14AP_BoardConfig25get_minimum_board_voltageEv @ 0xa23720
GUIDED: _ZN14AP_BoardConfig25get_minimum_servo_voltageEv @ 0xa237a0
GUIDED: _ZN9AP_Arming10gps_checksEb @ 0x5c95b0
GUIDED: _ZNK7AP_AHRS13pre_arm_checkEbPch @ 0x5c9a80
GUIDED: _ZN5Rover15ekf_position_okEv @ 0x5c9e10
GUIDED: _ZNK7AP_AHRS17have_inertial_navEv @ 0x5c9f80
GUIDED: _ZNK7AP_AHRS17get_filter_statusER17nav_filter_status @ 0x5c9fe0
GUIDED: _ZNK9AP_Arming8is_armedEv @ 0x5ca110
GUIDED: _ZNK9AP_Arming15arming_requiredEv @ 0x5ca190
GUIDED: _ZNK14AP_OpenDroneID7enabledEv @ 0xa23820
GUIDED: _ZNK7AP_EnumIN9AP_Arming8RequiredEEcvKS1_Ev @ 0xa23890
GUIDED: _ZNK7AP_AHRS8ekf_typeEv @ 0x5ca260
GUIDED: _ZNK7NavEKF315getFilterStatusER17nav_filter_status @ 0x5ca3f0
GUIDED: _ZN2AP12externalAHRSEv @ 0x5ca6e0
GUIDED: _ZNK15AP_ExternalAHRS17get_filter_statusER17nav_filter_status @ 0x5ca720
GUIDED: _ZN15AP_ExternalAHRS13get_singletonEv @ 0xa23940
GUIDED: _ZNK12NavEKF3_core15getFilterStatusER17nav_filter_status @ 0x5ca8b0
GUIDED: _ZNK7AP_AHRS14always_use_EKFEv @ 0xa23980
GUIDED: _ZNK7AP_AHRS15active_EKF_typeEv @ 0xa239e0
GUIDED: _ZNK7AP_AHRS7healthyEv @ 0x5ca990
GUIDED: _ZNK15AP_ExternalAHRS7enabledEv @ 0x5cab70
GUIDED: _ZNK7AP_AHRS20attitudes_consistentEPch @ 0x5cadd0
GUIDED: _ZN2AP7compassEv @ 0x5cb430
GUIDED: _ZNK7Compass11use_for_yawEv @ 0x5cb470
GUIDED: _ZNK7NavEKF313pre_arm_checkEbPch @ 0x5cb7e0
GUIDED: _ZNK16AP_NavEKF_Source13pre_arm_checkEbPch @ 0x5cbab0
GUIDED: _ZNK16AP_NavEKF_Source12getYawSourceEh @ 0x5cc2e0
GUIDED: _ZNK12NavEKF3_core7healthyEv @ 0x5cc5a0
GUIDED: _ZNK12NavEKF3_core13pre_arm_checkEbPch @ 0x5cc7d0
GUIDED: _ZNK16AP_NavEKF_Source14useVelXYSourceENS_8SourceXYEh @ 0x5cc960
GUIDED: _ZNK16AP_NavEKF_Source18getActiveSourceSetEh @ 0xa23a30
GUIDED: _ZNK7AP_EnumIN16AP_NavEKF_Source8SourceXYEEcvKS1_Ev @ 0xa23ae0
GUIDED: _ZNK16AP_NavEKF_Source13option_is_setENS_13SourceOptionsE @ 0xa23b30
GUIDED: _ZNK12NavEKF3_core15getFilterFaultsERt @ 0x5cca90
GUIDED: _ZNK11QuaternionTIdE6is_nanEv @ 0xa23bb0
GUIDED: _ZNK7Vector3IdE6is_nanEv @ 0xa23cb0
GUIDED: _ZNK7AP_EnumIN16AP_NavEKF_Source9SourceYawEEcvKS1_Ev @ 0xa23d80
GUIDED: _ZN2AP3dalEv @ 0x5ccbb0
GUIDED: _ZN6AP_DAL7compassEv @ 0xa23dd0
GUIDED: _ZNK14AP_DAL_Compass15get_num_enabledEv @ 0xa23e20
GUIDED: _ZN6AP_DAL13get_singletonEv @ 0xa23e70
GUIDED: _ZnwmRKSt9nothrow_t @ 0x5ccbf0
GUIDED: _ZN7Matrix3IfEC2Ev @ 0xa242b0
GUIDED: _ZN7Vector3IfEC2Ev @ 0xa243a0
GUIDED: _ZN11QuaternionTIfEC2Ev @ 0xa24520
GUIDED: _ZN7Vector2IfEC2Ev @ 0xa24590
GUIDED: _ZN6AP_DAL4baroEv @ 0xa245f0
GUIDED: _ZNK11AP_DAL_Baro13num_instancesEv @ 0xa24640
GUIDED: _ZN6AP_DAL6beaconEv @ 0xa24690
GUIDED: _ZN6AP_DAL3gpsEv @ 0xa24750
GUIDED: _ZNK10AP_DAL_GPS11num_sensorsEv @ 0xa247a0
GUIDED: _ZN6AP_DAL11rangefinderEv @ 0xa24860
GUIDED: _ZN6AP_DAL10visualodomEv @ 0xa248b0
GUIDED: _ZNK7Compass7healthyEh @ 0x5cd520
GUIDED: _ZNK7Compass11use_for_yawEh @ 0x5cd5c0
GUIDED: _ZNK7Compass9availableEv @ 0xa249d0
GUIDED: _ZN14typesafe_indexIh12TAG_PriorityEC2Eh @ 0xa24a50
GUIDED: _ZNK19RestrictIDTypeArrayI9AP_ParamTIaL11ap_var_type1EELj3E14typesafe_indexIh12TAG_PriorityEEixERKS5_ @ 0xa24ab0
GUIDED: _ZNK7AP_EnumIN7Compass9LearnTypeEEcvKS1_Ev @ 0xa24b30
GUIDED: _ZNK14typesafe_indexIh12TAG_PriorityE7get_intEv @ 0xa24b80
GUIDED: _ZNK7Compass10_get_stateE14typesafe_indexIh12TAG_PriorityE @ 0xa24bd0
GUIDED: _ZNK7Compass13_get_state_idE14typesafe_indexIh12TAG_PriorityE @ 0x5cd6a0
GUIDED: _ZNK19RestrictIDTypeArrayIN7Compass9mag_stateELj4E14typesafe_indexIh14TAG_StateIndexEEixERKS4_ @ 0xa24c50
GUIDED: _ZNK14typesafe_indexIh14TAG_StateIndexE7get_intEv @ 0xa24cd0
GUIDED: _ZNK19RestrictIDTypeArrayIiLj3E14typesafe_indexIh12TAG_PriorityEEixERKS2_ @ 0xa24d20
GUIDED: _ZN14typesafe_indexIh14TAG_StateIndexEC2Eh @ 0xa24da0
GUIDED: _ZNK14typesafe_indexIh14TAG_StateIndexEltERKh @ 0xa24e00
GUIDED: _ZN14typesafe_indexIh14TAG_StateIndexEppEi @ 0xa24e70
GUIDED: _ZN7Compass13get_singletonEv @ 0xa24ee0
GUIDED: _ZNK7AP_AHRS20get_quat_body_to_nedER11QuaternionTIfE @ 0x5cd7c0
GUIDED: _ZNK7NavEKF211activeCoresEv @ 0xa24f20
GUIDED: _ZNK11QuaternionTIfE21roll_pitch_differenceERKS0_ @ 0xa24f70
GUIDED: _ZL7radiansi.1516 @ 0x5cd910
GUIDED: _ZNK11QuaternionTIfE18angular_differenceERKS0_ @ 0xa25180
GUIDED: _ZNK11QuaternionTIfE13to_axis_angleER7Vector3IfE @ 0xa25210
GUIDED: _ZNK7NavEKF311activeCoresEv @ 0xa25360
GUIDED: _ZNK7NavEKF322getQuaternionBodyToNEDEaR11QuaternionTIfE @ 0x5cda80
GUIDED: _ZNK7AP_AHRS28get_DCM_rotation_body_to_nedEv @ 0xa253b0
GUIDED: _ZN11QuaternionTIfE20from_rotation_matrixERK7Matrix3IfE @ 0xa25410
GUIDED: _ZNK7NavEKF324using_noncompass_for_yawEv @ 0x5cdb60
GUIDED: _ZNK12NavEKF3_core24using_noncompass_for_yawEv @ 0x5cdbf0
GUIDED: _ZNK12NavEKF3_core11use_compassEv @ 0x5cdd30
GUIDED: _ZNK14AP_DAL_Compass11use_for_yawEh @ 0xa25920
GUIDED: _ZNK12NavEKF3_core20getRotationBodyToNEDER7Matrix3IfE @ 0x5cde00
GUIDED: _ZNK11QuaternionTIdE15rotation_matrixER7Matrix3IfE @ 0xa25990
GUIDED: _ZNK6AP_DAL43get_rotation_vehicle_body_to_autopilot_bodyEv @ 0xa25ba0
GUIDED: _ZNK7Matrix3IfEmlERKS0_ @ 0xa25bf0
GUIDED: _ZN7Vector3IfEC2Efff @ 0xa25e60
GUIDED: _ZN7Matrix3IfEC2ERK7Vector3IfES4_S4_ @ 0xa25ef0
GUIDED: _ZL2sqf.3305 @ 0x5cdec0
GUIDED: _ZN7Vector3IfEdVEf @ 0xa25fa0
GUIDED: _Z7wrap_PId @ 0x5cdf10
GUIDED: _ZN7Vector3IfEmLEf @ 0xa26030
GUIDED: _Z8wrap_2PId @ 0x5cdfa0
GUIDED: _ZNK11QuaternionTIfE7inverseEv @ 0xa260c0
GUIDED: _ZNK11QuaternionTIfEmlERKS0_ @ 0xa26140
GUIDED: _ZN11QuaternionTIfEC2Effff @ 0xa26370
GUIDED: _ZNK11QuaternionTIfE15rotation_matrixER7Matrix3IfE @ 0xa26420
GUIDED: _ZNK7Matrix3IfE13mul_transposeERK7Vector3IfE @ 0xa26610
GUIDED: _ZNK7Vector3IfEmiERKS0_ @ 0xa26720
GUIDED: _ZNK7Vector3IfE6lengthEv @ 0xa267d0
GUIDED: _Z20constrain_value_lineIfET_S0_S0_S0_j @ 0xa26830
GUIDED: _Z4normIffJfEEdT_T0_DpKT1_ @ 0xa26950
GUIDED: _Z2sqIfJffEEdT_DpKT0_ @ 0xa269d0
GUIDED: _ZL2sqf.3424 @ 0x5ce090
GUIDED: _Z2sqIfJfEEdT_DpKT0_ @ 0xa26a70
GUIDED: _ZL2sqf.1606 @ 0x5ce0e0
GUIDED: _ZNK7AP_AHRS24get_rotation_body_to_nedEv @ 0xa26af0
GUIDED: _ZN2AP3gpsEv @ 0x5ce1f0
GUIDED: _ZNK6AP_GPS8get_typeEh @ 0xa26be0
GUIDED: _ZNK7AP_EnumIN6AP_GPS8GPS_TypeEEcvKS1_Ev @ 0xa26c70
GUIDED: _ZN6AP_GPS13get_singletonEv @ 0xa26cc0
GUIDED: _ZNK7AP_EnumIN15AP_ExternalAHRS7DevTypeEEcvKS1_Ev @ 0xa26d00
GUIDED: _ZNK7NavEKF37healthyEv @ 0x5ce340
GUIDED: _ZN6AP_GPS14pre_arm_checksEPct @ 0x5ce4b0
GUIDED: _ZNK6AP_GPS11num_sensorsEv @ 0x5ce650
GUIDED: _ZNK6AP_GPS14primary_sensorEv @ 0xa26da0
GUIDED: _ZNK6AP_GPS6statusEh @ 0xa26df0
GUIDED: _ZNK6AP_GPS10is_healthyEh @ 0x5ce6d0
GUIDED: _ZNK7AP_AHRS11home_is_setEv @ 0xa26eb0
GUIDED: _ZNK6AP_GPS14all_consistentERf @ 0x5ce880
GUIDED: _ZNK6AP_GPS8locationEv @ 0xa26f10
GUIDED: _ZNK6AP_GPS22first_unconfigured_gpsERh @ 0x5ce990
GUIDED: _ZN3GCS9send_textE12MAV_SEVERITYPKcz @ 0x5ceb60
GUIDED: _ZNK6AP_GPS8locationEh @ 0xa26f70
GUIDED: _ZNK6AP_GPS12is_rtk_roverEh @ 0x5cee40
GUIDED: _ZN15AP_GPS_DroneCAN29inter_instance_pre_arm_checksEPct @ 0x5ceee0
GUIDED: _ZN15AP_GPS_DroneCAN20is_dronecan_gps_typeEN6AP_GPS8GPS_TypeE @ 0xa26fe0
GUIDED: _ZN2AP3insEv @ 0x5cf1a0
GUIDED: _ZNK17AP_InertialSensor19get_gyro_health_allEv @ 0x5cf1e0
GUIDED: _ZNK17AP_InertialSensor22gyro_calibrated_ok_allEv @ 0x5cf2a0
GUIDED: _ZNK17AP_InertialSensor20get_accel_health_allEv @ 0x5cf3b0
GUIDED: _ZNK17AP_InertialSensor23accel_calibrated_ok_allEv @ 0x5cf470
GUIDED: _ZNK17AP_InertialSensor25accel_cal_requires_rebootEv @ 0xa27060
GUIDED: _ZN9AP_Arming21ins_accels_consistentERK17AP_InertialSensor @ 0x5cf740
GUIDED: _ZN9AP_Arming20ins_gyros_consistentERK17AP_InertialSensor @ 0x5cf840
GUIDED: _ZNK17AP_InertialSensor23temperature_cal_runningEv @ 0x5cf930
GUIDED: _ZNK17AP_InertialSensor12BatchSampler7enabledEv @ 0xa270c0
GUIDED: _ZNK17AP_InertialSensor12BatchSampler14is_initialisedEv @ 0xa27130
GUIDED: _ZNK17AP_InertialSensor34pre_arm_check_gyro_backend_rate_hzEPct @ 0x5cf9d0
GUIDED: _ZN2AP3fftEv @ 0x5cfb80
GUIDED: _ZN10AP_GyroFFT13pre_arm_checkEPch @ 0x5cfbc0
GUIDED: _ZNK10AP_GyroFFT16analysis_enabledEv @ 0xa27190
GUIDED: _ZN11ExpectDelayD2Ev @ 0x5d0310
GUIDED: _ZdlPv @ 0x5d0890
GUIDED: _ZN7Vector3IfEixEh @ 0xa27520
GUIDED: _ZN10DigitalLPFIfE6_applyERKfS2_ @ 0xa27880
GUIDED: _Z15constrain_int16sss @ 0xa27e80
GUIDED: _Z15constrain_valueIsET_S0_S0_S0_ @ 0xa27f10
GUIDED: _ZNK10ByteBuffer5spaceEv @ 0x5d20b0
GUIDED: _ZN10ByteBuffer5writeEPKhj @ 0x5d2310
GUIDED: _ZN10ByteBuffer7reserveEPNS_5IoVecEj @ 0x5d2430
GUIDED: _ZN10ByteBuffer6commitEj @ 0x5d2660
GUIDED: _ZN10ByteBuffer5clearEv @ 0x5d2820
GUIDED: _ZNK10ByteBuffer8get_sizeEv @ 0xa27fc0
GUIDED: _ZN11ExpectDelayC2Ej @ 0x5d2ad0
GUIDED: _ZN10AP_GyroFFT13get_singletonEv @ 0xa28010
GUIDED: _ZNK17AP_InertialSensor14get_gyro_countEv @ 0xa28050
GUIDED: _ZNK17AP_InertialSensor4_useEh @ 0xa280c0
GUIDED: _ZNK17AP_InertialSensor8_gyro_idEh @ 0xa28120
GUIDED: _ZN17AP_InertialSensor8_gyro_idEh @ 0xa28180
GUIDED: _ZN17AP_InertialSensor4_useEh @ 0xa281f0
GUIDED: _ZL3MINIihEDTqultfp_fp0_fp_fp0_ERKT_RKT0_.3043 @ 0x5d2b90
GUIDED: _ZNK17AP_InertialSensor4tcalEh @ 0xa28260
GUIDED: _ZNK7AP_EnumIN22AP_InertialSensor_TCal6EnableEEcvKS1_Ev @ 0xa282c0
GUIDED: _ZN17AP_InertialSensor4tcalEh @ 0xa28310
GUIDED: _ZNK17AP_InertialSensor16gyros_consistentEh @ 0x5d2c20
GUIDED: _ZNK17AP_InertialSensor8get_gyroEv @ 0xa28380
GUIDED: _ZNK17AP_InertialSensor8use_gyroEh @ 0x5d2d50
GUIDED: _ZNK17AP_InertialSensor8get_gyroEh @ 0xa283e0
GUIDED: _ZL7radiansi.3111 @ 0x5d2e10
GUIDED: _ZNK17AP_InertialSensor15get_gyro_healthEh @ 0xa28450
GUIDED: _ZNK17AP_InertialSensor17accels_consistentEf @ 0x5d2e70
GUIDED: _ZNK17AP_InertialSensor15get_accel_countEv @ 0xa284f0
GUIDED: _ZL3MINIihEDTqultfp_fp0_fp_fp0_ERKT_RKT0_ @ 0x5d2fd0
GUIDED: _ZNK17AP_InertialSensor9get_accelEv @ 0xa28560
GUIDED: _ZNK17AP_InertialSensor9use_accelEh @ 0x5d3060
GUIDED: _ZNK17AP_InertialSensor9get_accelEh @ 0xa285c0
GUIDED: _ZNK17AP_InertialSensor16get_accel_healthEh @ 0xa28630
GUIDED: _ZNK17AP_InertialSensor13_accel_offsetEh @ 0xa286d0
GUIDED: _ZNK9AP_ParamVI7Vector3IfEL11ap_var_type5EE3getEv @ 0xa28730
GUIDED: _ZNK7Vector3IfE7is_zeroEv @ 0xa28780
GUIDED: _ZNK17AP_InertialSensor12_accel_scaleEh @ 0xa28830
GUIDED: _ZNK17AP_InertialSensor9_accel_idEh @ 0xa28890
GUIDED: _Z8is_equalIffENSt3__19enable_ifIXsr3std17is_floating_pointINS0_11common_typeIJT_T0_EE4typeEEE5valueEbE4typeES3_S4_ @ 0xa288f0
GUIDED: _ZN17AP_InertialSensor9_accel_idEh @ 0xa28970
GUIDED: _ZN17AP_InertialSensor12_accel_scaleEh @ 0xa289e0
GUIDED: _ZN17AP_InertialSensor13_accel_offsetEh @ 0xa28a50
GUIDED: _ZNK17AP_InertialSensor18gyro_calibrated_okEh @ 0xa28ac0
GUIDED: _ZN17AP_InertialSensor13get_singletonEv @ 0x5d3120
GUIDED: _ZN8AP_Param17get_default_valueEPKS_RKNS_9GroupInfoE @ 0x5d4040
GUIDED: _ZN13AP_ParamTBaseIaL11ap_var_type1EE3setERKa @ 0xa290a0
GUIDED: _ZN13AP_ParamTBaseIsL11ap_var_type2EE3setERKs @ 0xa29100
GUIDED: _ZN13AP_ParamTBaseIiL11ap_var_type3EE3setERKi @ 0xa29170
GUIDED: _ZN13AP_ParamTBaseIfL11ap_var_type4EE3setERKf @ 0xa291d0
GUIDED: _ZNK8AP_Param13find_var_infoEPjRPKNS_9GroupInfoERNS_12GroupNestingEPh @ 0x5d4b90
GUIDED: _ZNK8AP_Param14copy_name_infoEPKNS_4InfoEPKNS_9GroupInfoERKNS_12GroupNestingEhPcmb @ 0x5d4e10
GUIDED: _ZNK8AP_Param14send_parameterEPKc11ap_var_typeh @ 0x5d5070
GUIDED: _ZNK8AP_Param13cast_to_floatE11ap_var_type @ 0x5d5210
GUIDED: _ZN3GCS20send_parameter_valueEPKc11ap_var_typef @ 0x5d5300
GUIDED: _ZL3MINImmEDTqultfp_fp0_fp_fp0_ERKT_RKT0_.5959 @ 0x5d5440
GUIDED: _ZN11GCS_MAVLINK14mav_param_typeE11ap_var_type @ 0x5d54c0
GUIDED: _ZN8AP_Param16count_parametersEv @ 0x5d5550
GUIDED: _ZN3GCS23send_to_active_channelsEjPKc @ 0x5d5700
GUIDED: _ZN9AP_Logger13get_singletonEv @ 0xa299d0
GUIDED: _ZN9AP_Logger15Write_ParameterEPKcf @ 0x5d5820
GUIDED: _ZNK9AP_Logger10quiet_nanfEv @ 0xa29a10
GUIDED: _ZN17AP_Logger_Backend15Write_ParameterEPKcff @ 0x5d5910
GUIDED: _Z14strncpy_notermPcPKcm @ 0x5d5a30
GUIDED: _ZN17AP_Logger_Backend18WriteCriticalBlockEPKvt @ 0xa29a60
GUIDED: _ZN17AP_Logger_Backend21WritePrioritisedBlockEPKvtbb @ 0x5d5ae0
GUIDED: _ZN17AP_Logger_Backend30validate_WritePrioritisedBlockEPKvt @ 0x5d5cb0
GUIDED: _ZN17AP_Logger_Backend9ShouldLogEb @ 0x5d5ea0
GUIDED: _ZN17AP_Logger_Backend21ensure_format_emittedEPKvt @ 0x5d6340
GUIDED: _ZNK17AP_Logger_Backend23message_type_from_blockEPKvtR11LogMessages @ 0x5d6460
GUIDED: _ZNK17AP_Logger_Backend28have_emitted_format_for_typeE11LogMessages @ 0xa29ae0
GUIDED: _ZN17AP_Logger_Backend14Write_Emit_FMTEh @ 0x5d6550
GUIDED: _ZNK9AP_Logger17fill_logstructureER12LogStructureh @ 0x5d66e0
GUIDED: _ZN17AP_Logger_Backend12Write_FormatEPK12LogStructure @ 0x5d6a10
GUIDED: _ZN17AP_Logger_Backend18Write_Format_UnitsEPK12LogStructure @ 0x5d6ae0
GUIDED: _ZN17AP_Logger_Backend17Fill_Format_UnitsEPK12LogStructureR16log_Format_Units @ 0x5d6b70
GUIDED: _ZN17AP_Logger_Backend11Fill_FormatEPK12LogStructureR10log_Format @ 0x5d6c70
GUIDED: _ZN7BitmaskILt256EE3setEt @ 0xa29b50
GUIDED: _ZNK7BitmaskILt256EE8validateEt @ 0xa29c10
GUIDED: _ZNK9AP_Logger22structure_for_msg_typeEh @ 0x5d6da0
GUIDED: _ZL3MINIhmEDTqultfp_fp0_fp_fp0_ERKT_RKT0_.5680 @ 0x5d6e60
GUIDED: _ZNK9AP_Logger9structureEt @ 0x5d6ef0
GUIDED: _ZNK7BitmaskILt256EE3getEt @ 0xa29ca0
GUIDED: _ZNK6AP_HAL4Util14get_soft_armedEv @ 0xa29d70
GUIDED: _ZN2AP6loggerEv @ 0x5d6f60
GUIDED: _ZNK9AP_Logger18in_log_persistanceEv @ 0x5d6fa0
GUIDED: _Z7is_zeroI9AP_ParamTIfL11ap_var_type4EEEbT_ @ 0xa29dd0
GUIDED: _ZNK12AP_Scheduler5ticksEv @ 0xa29e30
GUIDED: _ZN6AP_HAL8millis16Ev @ 0x5d71b0
GUIDED: _ZNK6AP_HAL4Util21get_last_armed_changeEv @ 0xa29f40
GUIDED: _ZNK9AP_Logger13WritesEnabledEv @ 0xa29f90
GUIDED: _ZNK19LoggerMessageWriter8finishedEv @ 0xa29ff0
GUIDED: _ZNK9AP_Logger15in_log_downloadEv @ 0x5d71f0
GUIDED: _ZNK9AP_Logger16vehicle_is_armedEv @ 0xa2a050
GUIDED: _ZNK9AP_Logger18log_while_disarmedEv @ 0x5d7290
GUIDED: _ZNK7AP_EnumIN9AP_Logger11LogDisarmedEEcvKS1_Ev @ 0xa2a0b0
GUIDED: _ZNK9AP_Logger26log_write_fmt_for_msg_typeEh @ 0x5d7390
GUIDED: mavlink_get_msg_entry @ 0x5d7440
GUIDED: _ZNK3GCS7num_gcsEv @ 0xa2a100
GUIDED: _ZNK11GCS_MAVLINK10is_privateEv @ 0xa2a150
GUIDED: _ZNK11GCS_MAVLINK9is_activeEv @ 0xa2a1b0
GUIDED: _ZN11GCS_MAVLINK12send_messageEPKcPK19__mavlink_msg_entry @ 0xa2a230
GUIDED: _ZN11GCS_MAVLINK18check_payload_sizeEt @ 0x5d7560
GUIDED: _mav_finalize_message_chan_send @ 0x5d7610
GUIDED: _Z26mavlink_get_channel_statush @ 0x5d7960
GUIDED: _Z17_mav_trim_payloadPKch @ 0x5d7a40
GUIDED: _ZL13crc_calculatePKht @ 0x5d7ae0
GUIDED: _ZL21crc_accumulate_bufferPtPKct @ 0x5d7b80
GUIDED: _ZL14crc_accumulatehPt @ 0x5d7c20
GUIDED: _Z14comm_send_lock17mavlink_channel_tt @ 0x5d7eb0
GUIDED: _mavlink_send_uart @ 0x5d7f70
GUIDED: _Z16comm_send_unlock17mavlink_channel_t @ 0x5d7ff0
GUIDED: _Z16comm_send_buffer17mavlink_channel_tPKhh @ 0x5d8070
GUIDED: _ZL13valid_channel17mavlink_channel_t @ 0x5d81e0
GUIDED: _Z24gcs_out_of_space_to_send17mavlink_channel_t @ 0x5d8290
GUIDED: _ZN11GCS_MAVLINK20out_of_space_to_sendEv @ 0xa2a370
GUIDED: _ZL8crc_initPt @ 0x5d8bc0
GUIDED: _ZN11GCS_MAVLINK14channel_statusEv @ 0xa2a3d0
GUIDED: _ZNK11GCS_MAVLINK7txspaceEv @ 0xa2a420
GUIDED: _ZNK11GCS_MAVLINK15packet_overheadEv @ 0xa2a4c0
GUIDED: _ZN11GCS_MAVLINK20packet_overhead_chanE17mavlink_channel_t @ 0x5d8c10
GUIDED: _ZL3MINIjjEDTqultfp_fp0_fp_fp0_ERKT_RKT0_.5950 @ 0x5d8cf0
GUIDED: _ZN11GCS_MAVLINK10is_privateE17mavlink_channel_t @ 0xa2a520
GUIDED: _ZN8AP_Param5firstEPNS_10ParamTokenEP11ap_var_typePf @ 0x5d8d70
GUIDED: _ZN8AP_Param11next_scalarEPNS_10ParamTokenEP11ap_var_typePf @ 0x5d8eb0
GUIDED: _ZN8AP_Param4nextEPNS_10ParamTokenEP11ap_var_typebPf @ 0x5d8fa0
GUIDED: _ZN8AP_Param13check_defaultEPS_Pf @ 0x5d92e0
GUIDED: _ZN8AP_Param8var_infoEt @ 0xa2a590
GUIDED: _ZN8AP_Param17get_default_valueEPKS_RKNS_4InfoE @ 0x5d93c0
GUIDED: _ZN8AP_Param16check_frame_typeEt @ 0x5d94d0
GUIDED: _ZN8AP_Param14get_group_infoERKNS_4InfoE @ 0x5d9570
GUIDED: _ZN8AP_Param10next_groupEtPKNS_9GroupInfoEPbjhlPNS_10ParamTokenEP11ap_var_typebPf @ 0x5d95f0
GUIDED: _ZN8AP_Param14get_group_infoERKNS_9GroupInfoE @ 0x5d9b90
GUIDED: _ZN8AP_Param19adjust_group_offsetEtRKNS_9GroupInfoERl @ 0x5d9c10
GUIDED: _ZN8AP_Param8group_idEPKNS_9GroupInfoEjhh @ 0x5d9d30
GUIDED: _ZN8AP_Param8get_baseERKNS_4InfoERl @ 0x5d9e30
GUIDED: _ZNK13AP_ParamTBaseIaL11ap_var_type1EE13cast_to_floatEv @ 0xa2a630
GUIDED: _ZNK13AP_ParamTBaseIsL11ap_var_type2EE13cast_to_floatEv @ 0xa2a680
GUIDED: _ZNK13AP_ParamTBaseIiL11ap_var_type3EE13cast_to_floatEv @ 0xa2a6d0
GUIDED: _ZNK13AP_ParamTBaseIfL11ap_var_type4EE13cast_to_floatEv @ 0xa2a720
GUIDED: _ZNK8AP_Param19add_vector3f_suffixEPcmh @ 0x5d9ee0
GUIDED: _ZNK8AP_Param19find_var_info_groupEPKNS_9GroupInfoEtjhlPjRS2_RNS_12GroupNestingEPh @ 0x5d9fc0
GUIDED: _ZN8AP_Param4saveEb @ 0x5da4c0
GUIDED: _ZN17AP_InertialSensor13caltemp_accelEh @ 0xa2a850
GUIDED: _ZNK17AP_InertialSensor15get_temperatureEh @ 0xa2a8c0
GUIDED: _ZN7Vector3IfE4zeroEv @ 0xa2ab20
GUIDED: _ZNK7Vector3IfErmERKS0_ @ 0xa2ab80
GUIDED: _ZNK7Vector3IfEmlERKS0_ @ 0xa2ac60
GUIDED: _Z9safe_sqrtIfEfT_ @ 0xa2acf0
GUIDED: _ZNK11QuaternionTIfE14get_euler_rollEv @ 0xa2ae80
GUIDED: _ZNK11QuaternionTIfE15get_euler_pitchEv @ 0xa2af30
GUIDED: _Z9safe_asinIfEfT_ @ 0xa2afa0
GUIDED: _ZN7Vector3IfE6rotateE8Rotation @ 0xa2b190
GUIDED: _ZNK7Matrix3IfEmlERK7Vector3IfE @ 0xa2c170
GUIDED: _ZN7Matrix3IfE10from_eulerEfff @ 0xa2c310
GUIDED: _ZN7Matrix3IfEC2Efffffffff @ 0xa2c540
GUIDED: _ZNK7Vector3IfEplERKS0_ @ 0xa2c670
GUIDED: _ZNK7Vector3IfEdvEf @ 0xa2c720
GUIDED: _Z4normIffJEEdT_T0_DpKT1_ @ 0xa2c7c0
GUIDED: _ZN7Vector3IfEpLERKS0_ @ 0xa2c830
GUIDED: _ZN15ObjectBuffer_TSIN8AP_Param10param_saveEE4peekERS1_ @ 0xa2c8d0
GUIDED: _ZN15ObjectBuffer_TSIN8AP_Param10param_saveEE4pushERKS1_ @ 0xa2c980
GUIDED: _ZN10ByteBuffer9peekbytesEPhj @ 0x5db470
GUIDED: _ZN10ByteBuffer9peekiovecEPNS_5IoVecEj @ 0x5db580
GUIDED: _ZNK10ByteBuffer9availableEv @ 0x5db6d0
GUIDED: _ZN10ByteBuffer7readptrERj @ 0x5db9b0
GUIDED: _ZNK7Vector3IfEngEv @ 0xa2ca60
GUIDED: _ZN2AP4sitlEv @ 0x5dbdb0
GUIDED: _ZN2AP4baroEv @ 0x5dbdf0
GUIDED: _ZNK7AP_Baro13arming_checksEmPc @ 0x5dbe30
GUIDED: _ZNK7AP_Baro11all_healthyEv @ 0x5dbef0
GUIDED: _ZNK7AP_Baro7healthyEh @ 0x5dbfa0
GUIDED: _ZN7AP_Baro13get_singletonEv @ 0xa2cb40
GUIDED: _ZN4SITL3SIM13get_singletonEv @ 0xa2cb80
GUIDED: _ZN9AP_Arming10arm_checksENS_6MethodE @ 0x5dc090
GUIDED: _ZN9AP_Arming13rc_arm_checksENS_6MethodE @ 0x5dc1f0
GUIDED: _ZN6AP_GPS18prepare_for_armingEv @ 0x5dc5b0
GUIDED: _ZNK9AP_Logger15logging_presentEv @ 0x5dc680
GUIDED: _ZN9AP_Logger13PrepForArmingEv @ 0x5dc6e0
GUIDED: _ZNK9AP_Logger15logging_startedEv @ 0x5dc770
GUIDED: _ZNK11RC_Channels13last_input_msEv @ 0xa2cbc0
GUIDED: _ZN11RC_Channels23duplicate_options_existEv @ 0x5dc820
GUIDED: _ZNK11RC_Channels44flight_mode_channel_conflicts_with_rc_optionEv @ 0x5dc940
GUIDED: _ZNK11RC_Channels17option_is_enabledENS_6OptionE @ 0xa2cc10
GUIDED: _ZNK11RC_Channels16get_roll_channelEv @ 0x5dc9d0
GUIDED: _ZNK11RC_Channels17get_pitch_channelEv @ 0x5dca40
GUIDED: _ZNK11RC_Channels15get_yaw_channelEv @ 0x5dcab0
GUIDED: _ZNK10RC_Channel14get_control_inEv @ 0xa2cc90
GUIDED: _ZNK11RC_Channels20get_throttle_channelEv @ 0x5dcb20
GUIDED: _ZN11RC_Channels23find_channel_for_optionEN10RC_Channel8AUX_FUNCE @ 0x5dcb90
GUIDED: _ZN2AP5rcmapEv @ 0x5dce10
GUIDED: _ZNK8RCMapper8throttleEv @ 0xa2cd40
GUIDED: _ZNK11RC_Channels25get_rcmap_channel_nonnullEh @ 0x5dce50
GUIDED: _ZN11RC_Channels10rc_channelEh @ 0xa2cda0
GUIDED: _ZN8RCMapper13get_singletonEv @ 0xa2ce00
GUIDED: _ZNK8RCMapper3yawEv @ 0xa2ce40
GUIDED: _ZNK8RCMapper5pitchEv @ 0xa2cea0
GUIDED: _ZNK8RCMapper4rollEv @ 0xa2cf00
GUIDED: _ZNK11RC_Channels19flight_mode_channelEv @ 0x5dcee0
GUIDED: _ZN7BitmaskILt317EEC2Ev @ 0xa2cf50
GUIDED: _ZN7BitmaskILt317EE8clearallEv @ 0xa2d210
GUIDED: _ZNK8Sailboat12sail_enabledEv @ 0xa2d270
GUIDED: _ZNK11AP_WindVane7enabledEv @ 0x5dcf80
GUIDED: _ZN9AP_Arming14pre_arm_checksEb @ 0x5dcfe0
GUIDED: _ZN15AP_Arming_Rover12motor_checksEb @ 0x5dd4f0
GUIDED: _ZN15AP_Arming_Rover8oa_checkEb @ 0x5dd5f0
GUIDED: _ZN15AP_Arming_Rover16parameter_checksEb @ 0x5dd6f0
GUIDED: _ZN15AP_Arming_Rover11mode_checksEb @ 0x5dd7d0
GUIDED: _ZNK8AR_WPNav17get_default_speedEv @ 0xa2d2d0
GUIDED: _ZNK16AP_OAPathPlanner13pre_arm_checkEPch @ 0x5dd880
GUIDED: _ZNK12AP_MotorsUGV13pre_arm_checkEb @ 0x5dda20
GUIDED: _ZN11AP_Torqeedo13get_singletonEv @ 0x5ddec0
GUIDED: _ZN11AP_Torqeedo14pre_arm_checksEPch @ 0x5ddf00
GUIDED: _ZNK11AP_Torqeedo7enabledEv @ 0x5ddfc0
GUIDED: _ZNK11AP_Torqeedo7enabledEh @ 0x5de1e0
GUIDED: _ZNK12AP_MotorsUGV8has_sailEv @ 0x5de2b0
GUIDED: _ZNK12AP_MotorsUGV7is_omniEv @ 0xa2d330
GUIDED: _ZN9AP_Arming21hardware_safety_checkEb @ 0x5de340
GUIDED: _ZN9AP_Arming14compass_checksEb @ 0x5de410
GUIDED: _ZN9AP_Arming14battery_checksEb @ 0x5deb00
GUIDED: _ZN9AP_Arming14logging_checksEb @ 0x5debf0
GUIDED: _ZN9AP_Arming25manual_transmitter_checksEb @ 0x5ded60
GUIDED: _ZN9AP_Arming18rangefinder_checksEb @ 0x5dee60
GUIDED: _ZNK9AP_Arming12servo_checksEb @ 0x5def50
GUIDED: _ZNK9AP_Arming14terrain_checksEb @ 0x5df1a0
GUIDED: _ZN9AP_Arming10can_checksEb @ 0x5df2f0
GUIDED: _ZNK9AP_Arming16generator_checksEb @ 0x5df5c0
GUIDED: _ZN9AP_Arming13camera_checksEb @ 0x5df6c0
GUIDED: _ZNK9AP_Arming10osd_checksEb @ 0x5df7b0
GUIDED: _ZNK9AP_Arming12mount_checksEb @ 0x5df8a0
GUIDED: _ZNK9AP_Arming13fettec_checksEb @ 0x5df9b0
GUIDED: _ZNK9AP_Arming14visodom_checksEb @ 0x5dfa80
GUIDED: _ZN9AP_Arming15aux_auth_checksEb @ 0x5dfb70
GUIDED: _ZNK9AP_Arming20disarm_switch_checksEb @ 0x5dfdd0
GUIDED: _ZN9AP_Arming12fence_checksEb @ 0x5dfe90
GUIDED: _ZN9AP_Arming12estop_checksEb @ 0x5dffb0
GUIDED: _ZN12SRV_Channels18get_emergency_stopEv @ 0xa2d440
GUIDED: _ZNK10RC_Channel12get_radio_inEv @ 0xa2d480
GUIDED: _ZN2AP5fenceEv @ 0x5e0260
GUIDED: _ZNK8AC_Fence13pre_arm_checkEPch @ 0x5e02a0
GUIDED: _ZNK8AC_Fence7presentEv @ 0x5e0840
GUIDED: _ZNK8AC_Fence7enabledEv @ 0xa2d590
GUIDED: _ZNK8AC_Fence12auto_enabledEv @ 0xa2d5f0
GUIDED: _ZN15ExpandingStringD2Ev @ 0x5e0e80
GUIDED: _ZN15ExpandingString6printfEPKcz @ 0x5e0ee0
GUIDED: _ZN15ExpandingString6expandEj @ 0x5e1170
GUIDED: _Z11mem_reallocPvmm @ 0x5e1270
GUIDED: _ZN15ExpandingString10set_bufferEPcjj @ 0x5e1420
GUIDED: _ZNK19AC_PolyFence_loader17total_fence_countEv @ 0xa2d850
GUIDED: _ZNK7Vector2IfEmiERKS0_ @ 0xa2df80
GUIDED: _ZNK7Vector2IfEmlERKS0_ @ 0xa2e1f0
GUIDED: _ZNK7Vector2IfEmlEf @ 0xa2e270
GUIDED: _ZN7Vector2IfEC2Eff @ 0xa2e2f0
GUIDED: _ZNK19AC_PolyFence_loader27get_exclusion_polygon_countEv @ 0xa2e420
GUIDED: _ZNK19AC_PolyFence_loader27get_inclusion_polygon_countEv @ 0xa2e470
GUIDED: _ZNK19AC_PolyFence_loader26get_exclusion_circle_countEv @ 0xa2e4c0
GUIDED: _ZNK19AC_PolyFence_loader26get_inclusion_circle_countEv @ 0xa2e510
GUIDED: _ZN8AC_Fence13get_singletonEv @ 0xa2e560
GUIDED: _ZN2AP10visualodomEv @ 0x5e2080
GUIDED: _ZNK13AP_VisualOdom13pre_arm_checkEPch @ 0x5e20c0
GUIDED: _ZNK13AP_VisualOdom7enabledEv @ 0x5e21f0
GUIDED: _ZNK7AP_EnumIN13AP_VisualOdom15VisualOdom_TypeEEcvKS1_Ev @ 0xa2e5a0
GUIDED: _ZN13AP_VisualOdom13get_singletonEv @ 0xa2e5f0
GUIDED: _ZN16AP_FETtecOneWire13get_singletonEv @ 0xa2e630
GUIDED: _ZNK16AP_FETtecOneWire13pre_arm_checkEPch @ 0x5e2360
GUIDED: _ZN6AP_HAL6microsEv @ 0x5e2660
GUIDED: _ZN2AP5mountEv @ 0x5e26a0
GUIDED: _ZN8AP_Mount14pre_arm_checksEPch @ 0x5e26e0
GUIDED: _ZNK8AP_Mount14get_mount_typeEh @ 0x5e2870
GUIDED: _ZN8AP_Mount13get_singletonEv @ 0xa2e670
GUIDED: _ZN2AP3osdEv @ 0x5e2900
GUIDED: _ZNK6AP_OSD13pre_arm_checkEPch @ 0x5e2940
GUIDED: _ZNK6AP_OSD18is_readonly_screenEv @ 0xa2e6b0
GUIDED: _ZN6AP_OSD13get_singletonEv @ 0xa2e710
GUIDED: _ZN2AP6runcamEv @ 0x5e2a70
GUIDED: _ZN9AP_RunCam13get_singletonEv @ 0xa2e7c0
GUIDED: _ZN2AP9generatorEv @ 0x5e2c50
GUIDED: _ZNK12AP_Generator13pre_arm_checkEPch @ 0x5e2c90
GUIDED: _ZNK12AP_Generator4typeEv @ 0x5e2db0
GUIDED: _ZN12AP_Generator13get_singletonEv @ 0x5e2e10
GUIDED: _ZN2AP3canEv @ 0x5e2e50
GUIDED: _ZNK13AP_CANManager15get_num_driversEv @ 0xa2e800
GUIDED: _ZNK13AP_CANManager15get_driver_typeEh @ 0xa2e850
GUIDED: _ZN13AP_CANManager13get_singletonEv @ 0xa2ea50
GUIDED: _ZN12SRV_Channels11srv_channelEh @ 0xa2eb10
GUIDED: _ZNK11SRV_Channel12get_functionEv @ 0xa2eb90
GUIDED: _ZNK11SRV_Channel8get_trimEv @ 0xa2ebf0
GUIDED: _ZNK11SRV_Channel14get_output_minEv @ 0xa2ec50
GUIDED: _ZNK11SRV_Channel14get_output_maxEv @ 0xa2eca0
GUIDED: _ZN12SRV_Channels25get_disabled_channel_maskEv @ 0xa2ed00
GUIDED: _ZN11SRV_Channel13should_e_stopENS_8FunctionE @ 0x5e3c10
GUIDED: _ZN11RangeFinder13get_singletonEv @ 0xa2ed40
GUIDED: _ZNK11RangeFinder14prearm_healthyEPch @ 0x5e3c90
GUIDED: _ZNK9AP_Logger14logging_failedEv @ 0x5e4240
GUIDED: _ZN9AP_Logger12CardInsertedEv @ 0x5e4310
GUIDED: _ZN2AP7batteryEv @ 0x5e43c0
GUIDED: _ZNK14AP_BattMonitor13arming_checksEmPc @ 0x5e4400
GUIDED: _ZNK14AP_BattMonitor15configured_typeEh @ 0xa2ee30
GUIDED: _ZNK14AP_BattMonitor14allocated_typeEh @ 0xa2eea0
GUIDED: _ZNK22AP_BattMonitor_Backend13arming_checksEPcm @ 0x5e4600
GUIDED: _ZNK22AP_BattMonitor_Backend20check_failsafe_typesERbS0_S0_S0_ @ 0x5e4af0
GUIDED: _Z11is_positiveI9AP_ParamTIfL11ap_var_type4EEEbT_ @ 0xa2ef10
GUIDED: _ZL12update_checkmPcbPKc @ 0x5e4df0
GUIDED: _ZNK21AP_BattMonitor_Params23failsafe_voltage_sourceEv @ 0xa2eff0
GUIDED: _ZL3MAXIffEDTqugtfp_fp0_fp_fp0_ERKT_RKT0_.16928 @ 0x5e4f00
GUIDED: _ZN14AP_BattMonitor13get_singletonEv @ 0xa2f050
GUIDED: _ZNK7Compass14is_calibratingEv @ 0x5e4f80
GUIDED: _ZNK7Compass27compass_cal_requires_rebootEv @ 0xa2f090
GUIDED: _ZNK7Compass7healthyEv @ 0xa2f0f0
GUIDED: _ZNK7Compass21learn_offsets_enabledEv @ 0xa2f150
GUIDED: _ZN7Compass10configuredEPch @ 0x5e50b0
GUIDED: _ZNK7Compass11get_offsetsEv @ 0xa2f1c0
GUIDED: _ZNK7Compass15get_offsets_maxEv @ 0xa2f220
GUIDED: _ZNK7Compass9get_fieldEv @ 0xa2f280
GUIDED: _ZNK7Compass10consistentEv @ 0x5e5340
GUIDED: _ZN7AP_AHRS11use_compassEv @ 0x5e5500
GUIDED: _ZN14AP_Declination18get_earth_field_gaERK8Location @ 0x5e55e0
GUIDED: _ZNK7Vector3IfEmlEf @ 0xa2f2e0
GUIDED: _ZL3MAXIffEDTqugtfp_fp0_fp_fp0_ERKT_RKT0_.10694 @ 0x5e5760
GUIDED: _ZN14AP_Declination16get_mag_field_efEffRfS0_S0_ @ 0x5e5880
GUIDED: _ZL7radiansf.2451 @ 0x5e5e80
GUIDED: _Z15constrain_int32iii @ 0xa2f380
GUIDED: _Z15constrain_valueIiET_S0_S0_S0_ @ 0xa2f3f0
GUIDED: _ZNK7NavEKF311use_compassEv @ 0x5e5f60
GUIDED: _ZN11AP_AHRS_DCM11use_compassEv @ 0x5e5ff0
GUIDED: _ZNK7AP_AHRS15get_fly_forwardEv @ 0xa2f4e0
GUIDED: _ZNK11AP_AHRS_DCM8have_gpsEv @ 0x5e61a0
GUIDED: _ZNK6AP_GPS12ground_speedEv @ 0xa2f540
GUIDED: _ZL7degreesf.1595 @ 0x5e6230
GUIDED: _ZNK6AP_GPS13ground_courseEv @ 0xa2f5a0
GUIDED: _Z8wrap_180IfET_S0_ @ 0xa2f600
GUIDED: _Z8wrap_360f @ 0x5e6280
GUIDED: _ZNK6AP_GPS13ground_courseEh @ 0xa2f690
GUIDED: _ZNK6AP_GPS12ground_speedEh @ 0xa2f700
GUIDED: _ZNK7AP_EnumI6GPSUseEcvKS0_Ev @ 0xa2f770
GUIDED: _ZNK6AP_GPS6statusEv @ 0xa2f7c0
GUIDED: _ZNK7Vector3IfE2xyEv @ 0xa2f820
GUIDED: _ZNK7Compass9get_countEv @ 0xa2f870
GUIDED: _ZNK7Compass9get_fieldEh @ 0xa2f8c0
GUIDED: _ZNK7Vector2IfE7is_zeroEv @ 0xa2f940
GUIDED: _ZNK7Vector3IfE5angleERKS0_ @ 0xa2f9d0
GUIDED: _ZL7radiansf.2166 @ 0x5e63a0
GUIDED: _ZNK7Vector2IfE5angleERKS0_ @ 0xa2fae0
GUIDED: _ZNK7Vector2IfE6lengthEv @ 0xa2fc00
GUIDED: _ZNK7Compass11get_offsetsEh @ 0xa2fc60
GUIDED: _ZNK9AP_ParamVI7Vector3IfEL11ap_var_type5EEcvRKS1_Ev @ 0xa2fce0
GUIDED: _ZNK14typesafe_indexIh12TAG_PriorityEltERKh @ 0xa2fd30
GUIDED: _ZN19RestrictIDTypeArrayIiLj3E14typesafe_indexIh12TAG_PriorityEEixERKS2_ @ 0xa2fda0
GUIDED: _ZNK14typesafe_indexIh12TAG_PriorityEcvhEv @ 0xa2fe20
GUIDED: _ZNK14typesafe_indexIh12TAG_PriorityEplERKh @ 0xa2fe70
GUIDED: _ZN19RestrictIDTypeArrayI9AP_ParamTIiL11ap_var_type3EELj3E14typesafe_indexIh12TAG_PriorityEEixERKS5_ @ 0xa2fef0
GUIDED: _ZN14typesafe_indexIh12TAG_PriorityEppEi @ 0xa2ff70
GUIDED: _ZN7Compass10configuredEh @ 0x5e63f0
GUIDED: _ZN19RestrictIDTypeArrayIN7Compass9mag_stateELj4E14typesafe_indexIh14TAG_StateIndexEEixERKS4_ @ 0xa2ffe0
GUIDED: _ZNK14typesafe_indexIh14TAG_StateIndexEeqERKh @ 0xa30060
GUIDED: _ZN8AP_Param4loadEv @ 0x5e6600
GUIDED: _ZN8AP_Param7set_keyERNS_12Param_headerEt @ 0x5e6900
GUIDED: _ZN8AP_Param4scanEPKNS_12Param_headerEPt @ 0x5e6990
GUIDED: _ZN8AP_Param9type_sizeE11ap_var_type @ 0x5e6b20
GUIDED: _ZNK13StorageAccess4sizeEv @ 0xa300d0
GUIDED: _ZN8AP_Param7get_keyERKNS_12Param_headerE @ 0x5e6bc0
GUIDED: _ZN8AP_Param11is_sentinalERKNS_12Param_headerE @ 0x5e6c30
GUIDED: _ZNK19RestrictIDTypeArrayIP17CompassCalibratorLj3E14typesafe_indexIh12TAG_PriorityEEixERKS4_ @ 0xa30120
GUIDED: _ZNK12AP_MotorsUGV6activeEv @ 0x5e6d80
GUIDED: _ZN15AP_Arming_Rover17update_soft_armedEv @ 0x5e70a0
GUIDED: _ZNK9AP_Arming26send_arm_disarm_statustextEPKc @ 0x5e7180
GUIDED: _ZNK9AP_Arming14option_enabledENS_6OptionE @ 0xa301a0
GUIDED: _ZN9AP_Logger17set_vehicle_armedEb @ 0x5e7220
GUIDED: _ZNK9AP_Arming22get_rudder_arming_typeEv @ 0xa30220
GUIDED: _ZN9AP_Logger11Write_EventE8LogEvent @ 0x5e7a50
GUIDED: _ZN8AC_Fence12clear_breachEh @ 0x5e7ae0
GUIDED: _ZN9AP_Logger18WriteCriticalBlockEPKvt @ 0x5e7b50
GUIDED: _ZNK12AP_MotorsUGV12get_throttleEv @ 0xa30390
GUIDED: _ZNK12AP_MotorsUGV18have_skid_steeringEv @ 0x5e7c00
GUIDED: _ZNK12AP_MotorsUGV12get_steeringEv @ 0xa303e0
GUIDED: _ZN9AP_Arming3armENS_6MethodEb @ 0x5e7c90
GUIDED: _ZN11AP_SmartRTL8set_homeEb @ 0x5e7f10
GUIDED: _ZN10ModeSimple12init_headingEv @ 0x5e7fc0
GUIDED: _ZN11AP_WindVane19record_home_headingEv @ 0x5e8030
GUIDED: _ZNK7AP_AHRS11get_yaw_radEv @ 0xa30430
GUIDED: _ZNK7AP_AHRS38get_relative_position_NED_origin_floatER7Vector3IfE @ 0x5e80a0
GUIDED: _ZN11AP_SmartRTL8set_homeEbRK7Vector3IfE @ 0x5e8160
GUIDED: _ZN11AP_SmartRTL20reset_simplificationEv @ 0x5e8240
GUIDED: _ZN11AP_SmartRTL13reset_pruningEv @ 0x5e82a0
GUIDED: _ZN11AP_SmartRTL9add_pointERK7Vector3IfE @ 0x5e8310
GUIDED: _ZN7HALSITL9Semaphore16take_nonblockingEv @ 0x5e84d0
GUIDED: _ZNK11AP_SmartRTL10log_actionENS_6ActionERK7Vector3IfE @ 0x5e8560
GUIDED: _ZNK7Vector3IfE16distance_squaredERKS0_ @ 0xa30480
GUIDED: _ZL2sqf.11254 @ 0x5e8620
GUIDED: _ZN7HALSITL9Semaphore4giveEv @ 0x5e8670
GUIDED: _ZN9AP_Logger10Write_SRTLEbtthRK7Vector3IfE @ 0x5e8720
GUIDED: _ZN9AP_Logger10WriteBlockEPKvt @ 0x5e8840
GUIDED: _ZN17AP_Logger_Backend10WriteBlockEPKvt @ 0xa30540
GUIDED: _ZN11AP_SmartRTL15restart_pruningEt @ 0x5e88f0
GUIDED: _ZN11AP_SmartRTL22restart_simplificationEt @ 0x5e89a0
GUIDED: _ZN7BitmaskILt500EE6setallEv @ 0xa305d0
GUIDED: _ZN7Vector3IdEC2Ev @ 0xa30680
GUIDED: _ZNK7AP_AHRS32get_relative_position_NED_originER7Vector3IdE @ 0x5e8a30
GUIDED: _ZNK7Vector3IdE7tofloatEv @ 0xa306e0
GUIDED: _ZN7Vector2IdEC2Ev @ 0xa30760
GUIDED: _ZNK7NavEKF38getPosNEER7Vector2IdE @ 0x5e8e50
GUIDED: _ZNK7NavEKF37getPosDERd @ 0x5e8ef0
GUIDED: _ZN7Vector3IdEC2Eddd @ 0xa307c0
GUIDED: _ZNK8Location11initialisedEv @ 0xa30850
GUIDED: _ZNK7Vector3IfE8todoubleEv @ 0xa308e0
GUIDED: _ZN7Vector3IdEmLEd @ 0xa30960
GUIDED: _ZN8Location13offset_latlngERiS0_dd @ 0x5e9560
GUIDED: _ZN8Location15limit_lattitudeEi @ 0x5e9660
GUIDED: _ZN8Location14wrap_longitudeEl @ 0x5e9700
GUIDED: _ZNK11AP_AHRS_SIM12get_locationER8Location @ 0x5e97a0
GUIDED: _ZNK8Location23get_distance_NE_postypeERKS_ @ 0x5e9890
GUIDED: _ZN7Vector2IdEC2Edd @ 0xa309f0
GUIDED: _ZNK12NavEKF3_core7getPosDERd @ 0x5e9980
GUIDED: _ZNK12NavEKF3_core13getPosD_localERd @ 0x5e9a50
GUIDED: _ZNK12NavEKF3_core12getOriginLLHER8Location @ 0x5e9ae0
GUIDED: _ZNK12NavEKF3_core8getPosNEER7Vector2IdE @ 0x5e9bd0
GUIDED: _ZNK7Vector3IdE2xyEv @ 0xa30a70
GUIDED: _ZNK7Vector2IdE8todoubleEv @ 0xa30ac0
GUIDED: _ZNK7Vector2IdEplERKS0_ @ 0xa30b20
GUIDED: _ZNK10AP_DAL_GPS6statusEh @ 0xa30bb0
GUIDED: _ZNK10AP_DAL_GPS8locationEh @ 0xa30c20
GUIDED: _ZN7Vector2IdE4zeroEv @ 0xa30c90
GUIDED: _ZNK10AP_DAL_GPS14primary_sensorEv @ 0xa30cf0
GUIDED: _ZNK11AP_AHRS_DCM12get_locationER8Location @ 0x5ea220
GUIDED: _ZNK7AP_Baro12get_altitudeEv @ 0xa30da0
GUIDED: _ZN8Location6offsetEdd @ 0x5ea550
GUIDED: _ZNK6AP_GPS7get_lagERf @ 0xa30e00
GUIDED: _ZNK6AP_GPS7get_lagEhRf @ 0x5ea5e0
GUIDED: _ZNK7AP_Baro12get_altitudeEh @ 0xa30e80
GUIDED: _ZN9AP_Arming13Log_Write_ArmEbNS_6MethodE @ 0x5ea870
GUIDED: _ZN10AP_GyroFFT18prepare_for_armingEv @ 0x5ea950
GUIDED: _ZN2AP7terrainEv @ 0x5ea9b0
GUIDED: _ZN8AC_Fence27auto_enable_fence_on_armingEv @ 0x5eab20
GUIDED: _ZNK7AP_AHRS16get_velocity_NEDER7Vector3IfE @ 0x5eabc0
GUIDED: _ZNK9AP_ParamTIfL11ap_var_type4EEngEv @ 0xa30f50
GUIDED: _ZNK8Location10get_alt_cmENS_8AltFrameERi @ 0x5eb2c0
GUIDED: _ZNK8Location13get_alt_frameEv @ 0x5eb600
GUIDED: _ZNK7AP_AHRS10get_originER8Location @ 0x5eb6e0
GUIDED: _ZNK9AP_Arming18get_enabled_checksEv @ 0x5ec150
GUIDED: _ZN7HALSITL9Semaphore4takeEj @ 0x5ec2b0
GUIDED: _ZN6AP_HAL9Semaphore13take_blockingEv @ 0xa31720
GUIDED: _ZN4SITL6AS56006updateERKNS_8AircraftE @ 0x5ed7d0
GUIDED: _ZN4SITL17I2CRegisters_8Bit25rdwr_store_register_valueEhh @ 0xa32540
GUIDED: _ZN4SITL17I2CRegisters_8Bit4rdwrERPNS_3I2C19i2c_rdwr_ioctl_dataE @ 0x5ed8c0
GUIDED: _ZNK4SITL8Aircraft12get_attitudeER11QuaternionTIfE @ 0xa325c0
GUIDED: _ZL7degreesf.19207 @ 0x5edba0
GUIDED: _ZN4SITL17I2CRegisters_8Bit12set_registerEhh @ 0x5edc00
GUIDED: _ZN7BitmaskILt256EE8clearallEv @ 0xa32700
GUIDED: _ZN4SITL9I2CDevice6updateERKNS_8AircraftE @ 0xa327b0
GUIDED: _ZN4SITL13TeraRangerI2C6updateERKNS_8AircraftE @ 0xa32950
GUIDED: _ZNK4SITL8Aircraft17rangefinder_rangeEv @ 0x5ee2c0
GUIDED: _ZL7radiansf.14466 @ 0x5ee7a0
GUIDED: _Z10rand_floatv @ 0x5ee800
GUIDED: _ZN4SITL7INA32216updateERKNS_8AircraftE @ 0x5eeae0
GUIDED: _ZL15convert_voltagef @ 0x5eef60
GUIDED: _ZL15convert_currentf @ 0x5ef030
GUIDED: _ZN4SITL8QMC5883L6updateERKNS_8AircraftE @ 0x5ef290
GUIDED: _ZN7Vector3IfE14rotate_inverseE8Rotation @ 0xa329c0
GUIDED: _ZL7htole16t.13591 @ 0x5ef6a0
GUIDED: _ZN7Vector3IsEC2Esss @ 0xa32b70
GUIDED: _ZN4SITL10IS31FL31956updateERKNS_8AircraftE @ 0x5ef910
GUIDED: _ZN4SITL10IS31FL31954rdwrERPNS_3I2C19i2c_rdwr_ioctl_dataE @ 0x5efa40
GUIDED: _ZN4SITL10IS31FL319525rdwr_store_register_valueEhh @ 0x5efab0
GUIDED: _ZThn8_N4SITL10IS31FL319525rdwr_store_register_valueEhh @ 0x5efbd0
GUIDED: _ZN4SITL17I2CRegisters_8Bit12get_registerEh @ 0xa32d10
GUIDED: _ZN10SIM_RGBLED11set_coloursEhhh @ 0xa32d70
GUIDED: _ZN4SITL6LM27556updateERKNS_8AircraftE @ 0x5f05f0
GUIDED: _ZNK4SITL6LM275510LEDChannel13current_valueEv @ 0xa32f80
GUIDED: _ZN4SITL6LP55626updateERKNS_8AircraftE @ 0x5f0ba0
GUIDED: _ZN4SITL6LP55624rdwrERPNS_3I2C19i2c_rdwr_ioctl_dataE @ 0xa33120
GUIDED: _ZN4SITL6LP556210LEDChannel6updateEv @ 0x5f0eb0
GUIDED: _ZNK4SITL6LP556210LEDChannel13current_valueEv @ 0xa33200
GUIDED: _ZN4SITL6MS5XXX6updateERKNS_8AircraftE @ 0x5f0f90
GUIDED: _ZN7AP_Baro37get_pressure_temperature_for_alt_amslEfRfS0_ @ 0x5f1f40
GUIDED: _ZN7AP_Baro29geometric_alt_to_geopotentialEf @ 0x5f2120
GUIDED: _ZL33find_atmosphere_layer_by_altitudef @ 0x5f2180
GUIDED: _ZN7AP_Baro33get_temperature_by_altitude_layerEfa @ 0x5f2230
GUIDED: _ZN7AP_Baro29get_temperatureC_for_alt_amslEf @ 0x5f2db0
GUIDED: _ZN4SITL12InvensenseV36updateERKNS_8AircraftE @ 0x5f2e20
GUIDED: _ZNK4SITL8ICM4060911accel_scaleEv @ 0xa33750
GUIDED: _ZL7radiansd.13033 @ 0x5f38e0
GUIDED: _ZNK4SITL12InvensenseV310gyro_scaleEv @ 0xa337a0
GUIDED: _ZN4SITL12InvensenseV313write_to_fifoEhPhh @ 0x5f3930
GUIDED: _ZN4SITL7MCP96006updateERKNS_8AircraftE @ 0x5f3e90
GUIDED: _ZL7htobe16t.12937 @ 0x5f4460
GUIDED: _ZL10__bswap_16t.12939 @ 0x5f44b0
GUIDED: _ZNK4SITL31I2CRegisters_ConfigurableLength13get_reg_valueEhRh @ 0x5f4520
GUIDED: _ZN4SITL6TSYS036updateERKNS_8AircraftE @ 0x5f4970
GUIDED: _ZN4SITL6TSYS016updateERKNS_8AircraftE @ 0x5f53c0
GUIDED: _ZN4SITL5SHT3x6updateERKNS_8AircraftE @ 0x5f5ff0
GUIDED: _ZN4SITL13Airspeed_DLVR6updateERKNS_8AircraftE @ 0x5f6870
GUIDED: _ZN4SITL29SIM_BattMonitor_SMBus_Generic6updateERKNS_8AircraftE @ 0x5f7350
GUIDED: _ZNK4SITL29SIM_BattMonitor_SMBus_Generic15connected_cellsEv @ 0xa34090
GUIDED: _ZN4SITL21SIM_BattMonitor_SMBus6updateERKNS_8AircraftE @ 0x5f7bb0
GUIDED: _ZNK4SITL8Aircraft19get_battery_voltageEv @ 0xa340e0
GUIDED: _ZN4SITL11SMBusDevice12set_registerEht @ 0xa34130
GUIDED: _ZN4SITL18I2CRegisters_16Bit12set_registerEht @ 0x5f7cc0
GUIDED: _ZN4SITL11SMBusDevice12set_registerEhs @ 0xa341b0
GUIDED: _ZN4SITL18I2CRegisters_16Bit12set_registerEhs @ 0x5f7d70
GUIDED: _ZN4SITL6Rotoye6updateERKNS_8AircraftE @ 0x5f8010
GUIDED: _ZN4SITL11SMBusDevice13get_reg_valueEh @ 0xa34460
GUIDED: _ZN4SITL18I2CRegisters_16Bit13get_reg_valueEh @ 0xa344d0
GUIDED: _ZL7be16toht.19258 @ 0x5f80e0
GUIDED: _ZL10__bswap_16t.19259 @ 0x5f8130
GUIDED: _ZNK4SITL6Maxell15connected_cellsEv @ 0xa34590
GUIDED: _ZN4SITL13MaxSonarI2CXL6updateERKNS_8AircraftE @ 0xa346d0
GUIDED: _ZN4SITL10ToshibaLED6updateERKNS_8AircraftE @ 0x5f83f0
GUIDED: _ZN4SITL10ToshibaLED4rdwrERPNS_3I2C19i2c_rdwr_ioctl_dataE @ 0xa34ae0
GUIDED: _ZNK6AP_HAL3HAL6serialEh @ 0xa35110
GUIDED: _ZL14fill_stack_nanv @ 0x5f8eb0
GUIDED: _ZN7HALSITL9Scheduler13_run_io_procsEv @ 0x5f9230
GUIDED: _ZNK7FunctorIvJEEcvbEv @ 0xa35220
GUIDED: _ZNK7FunctorIvJEEclEv @ 0xa35280
GUIDED: _ZN7HALSITL16I2CDeviceManager11_timer_tickEv @ 0x5f9440
GUIDED: _ZN2AP2RCEv @ 0x5f94e0
GUIDED: _ZN13AP_RCProtocol6updateEv @ 0x5f9590
GUIDED: _ZN13AP_RCProtocol16check_added_uartEv @ 0x5f95e0
GUIDED: _ZNK13AP_RCProtocol13should_searchEj @ 0x5f9850
GUIDED: _ZN21AP_RCProtocol_Backend9new_inputEv @ 0x5fa010
GUIDED: _ZNK17AP_RCProtocol_FDM6activeEv @ 0xa35520
GUIDED: _ZN6I2CBus11_timer_tickEv @ 0x5fa220
GUIDED: _ZN9AP_Logger6WriteVEPKcS1_S1_S1_S1_P13__va_list_tagbb @ 0x5fa350
GUIDED: _ZN9AP_Logger16msg_fmt_for_nameEPKcS1_S1_S1_S1_bb @ 0x5fa550
GUIDED: _ZN17AP_Logger_Backend5WriteEhP13__va_list_tagbb @ 0x5fae40
GUIDED: _ZNK9AP_Logger24assert_same_fmt_for_nameEPKNS_13log_write_fmtEPKcS4_S4_S4_S4_ @ 0x5fb9c0
GUIDED: _ZN3GCS14update_receiveEv @ 0x5fcd30
GUIDED: _ZN3GCS11update_sendEv @ 0x5fcde0
GUIDED: _ZN19MissionItemProtocol6updateEv @ 0x5fd120
GUIDED: _ZN11GCS_MAVLINK11update_sendEv @ 0x5fd2f0
GUIDED: _ZN3GCS18service_statustextEv @ 0x5fd6d0
GUIDED: _ZN3GCS15StatusTextQueue9semaphoreEv @ 0xa35780
GUIDED: _ZNK11ObjectArrayIN3GCS12statustext_tEE8is_emptyEv @ 0xa357d0
GUIDED: _ZN11GCS_MAVLINK18service_statustextEv @ 0x5fd840
GUIDED: _ZN3GCS15StatusTextQueue5pruneEv @ 0x5fda80
GUIDED: _ZNK11ObjectArrayIN3GCS12statustext_tEE9availableEv @ 0xa35830
GUIDED: _ZN11ObjectArrayIN3GCS12statustext_tEEixEt @ 0xa35880
GUIDED: _ZN11ObjectArrayIN3GCS12statustext_tEE6removeEt @ 0xa35920
GUIDED: _ZN3GCS16statustext_queueEv @ 0xa35b20
GUIDED: _Z14comm_chan_lock17mavlink_channel_t @ 0x5fdbb0
GUIDED: _ZL27mavlink_msg_statustext_send17mavlink_channel_thPKcth @ 0x5fdc10
GUIDED: _ZL16mav_array_memcpyPvPKvm.6113 @ 0x5fdcf0
GUIDED: _ZN9AP_Logger15handle_log_sendEv @ 0x5fdd90
GUIDED: _ZN22GCS_MAVLINK_InProgress11check_tasksEv @ 0x5fe460
GUIDED: _ZNK3GCS11out_of_timeEv @ 0x5fe650
GUIDED: _ZN11GCS_MAVLINK30deferred_message_to_send_indexEt @ 0x5fe730
GUIDED: _ZN11GCS_MAVLINK19do_try_send_messageE10ap_message @ 0x5fe910
GUIDED: _ZNK7BitmaskILt91EE9first_setEv @ 0xa35b70
GUIDED: _ZN7BitmaskILt91EE5clearEt @ 0xa35c40
GUIDED: _ZN11GCS_MAVLINK36next_deferred_bucket_message_to_sendEt @ 0x5fea40
GUIDED: _ZNK7BitmaskILt91EE5countEv @ 0xa35d00
GUIDED: _ZNK11GCS_MAVLINK26get_reschedule_interval_msERKNS_25deferred_message_bucket_tE @ 0x5feb70
GUIDED: _ZN11GCS_MAVLINK24find_next_bucket_to_sendEt @ 0x5fec70
GUIDED: _ZN7BitmaskILt91EEaSERKS0_ @ 0xa35dd0
GUIDED: _ZNK11GCS_MAVLINK24requesting_mission_itemsEv @ 0x5fee40
GUIDED: _ZN7GCS_FTP16get_last_send_msE17mavlink_channel_t @ 0x5fef30
GUIDED: _ZNK7BitmaskILt91EE8validateEt @ 0xa35f10
GUIDED: _ZNK11GCS_MAVLINK17telemetry_delayedEv @ 0x5ff0d0
GUIDED: _ZNK3GCS11telem_delayEv @ 0xa35fa0
GUIDED: _ZN14AP_BoardConfig15in_config_errorEv @ 0xa36000
GUIDED: _ZNK12AP_Scheduler19time_available_usecEv @ 0x5ff1a0
GUIDED: _ZN11AP_Airspeed13get_singletonEv @ 0xa36040
GUIDED: _ZN2AP2FSEv @ 0x5ff420
GUIDED: _ZN19AP_Filesystem_Posix4openEPKcib @ 0x5ff4c0
GUIDED: _ZN19AP_Filesystem_Posix5closeEi @ 0x5ff650
GUIDED: _ZN19AP_Filesystem_Posix4readEiPvj @ 0x5ff6f0
GUIDED: _ZN19AP_Filesystem_Posix5writeEiPKvj @ 0x5ff7c0
GUIDED: _ZN19AP_Filesystem_Posix4statEPKcP4stat @ 0x5ffa00
GUIDED: _ZN21AP_Filesystem_Backend17bytes_until_fsyncEi @ 0xa36080
GUIDED: _ZN19AP_Filesystem_Posix9disk_freeEPKc @ 0x5fffb0
GUIDED: _ZN21AP_Filesystem_Backend9load_fileEPKc @ 0x6002f0
GUIDED: _ZN21AP_Filesystem_Backend11unload_fileEP8FileData @ 0x6005f0
GUIDED: _ZN8FileDataC2EPv @ 0xa36210
GUIDED: _ZN8FileDataD2Ev @ 0x600670
GUIDED: _ZNK21AP_Filesystem_Backend15file_op_allowedEv @ 0x6006e0
GUIDED: _ZL12map_filenamePKc @ 0x600780
GUIDED: _ZL17map_filename_freePKc @ 0x600820
GUIDED: _Z16comm_get_txspace17mavlink_channel_t @ 0x600970
GUIDED: _ZL28mavlink_msg_command_ack_send17mavlink_channel_tthhihh @ 0x600a00
GUIDED: _ZNK11AP_Airspeed7enabledEh @ 0x600af0
GUIDED: _ZNK11AP_Airspeed11lib_enabledEv @ 0x600bb0
GUIDED: _ZN13AP_Filesystem4statEPKcP4stat @ 0x600c10
GUIDED: _ZN11GCS_MAVLINK23set_ap_message_intervalE10ap_messaget @ 0x600f90
GUIDED: _ZNK11GCS_MAVLINK20cap_message_intervalEt @ 0x6013b0
GUIDED: _ZNK11GCS_MAVLINK26get_deferred_message_indexE10ap_message @ 0x601480
GUIDED: _ZNK7BitmaskILt91EE3getEt @ 0xa362c0
GUIDED: _ZN7BitmaskILt91EE3setEt @ 0xa36390
GUIDED: _ZN12AP_Scheduler18get_loop_period_usEv @ 0xa36450
GUIDED: _ZdaPv @ 0x601770
GUIDED: _ZN13AP_Filesystem4openEPKcib @ 0x6017d0
GUIDED: _ZN13AP_Filesystem5closeEi @ 0x601c80
GUIDED: _ZNK13AP_Filesystem13backend_by_fdERi @ 0x601d00
GUIDED: _ZNK13AP_Filesystem15backend_by_pathERPKc @ 0x601dd0
GUIDED: _ZnamRKSt9nothrow_t @ 0x602040
GUIDED: _ZN11GCS_MAVLINK39initialise_message_intervals_for_streamENS_7streamsE @ 0x6020c0
GUIDED: _ZNK11GCS_MAVLINK23get_interval_for_streamENS_7streamsE @ 0x6022c0
GUIDED: _ZNK11GCS_MAVLINK8get_chanEv @ 0xa364f0
GUIDED: _ZN11GCS_MAVLINK12send_messageE10ap_message @ 0x602d70
GUIDED: _ZN11GCS_MAVLINK22save_signing_timestampEb @ 0x602e80
GUIDED: _ZNK11GCS_MAVLINK12is_streamingEv @ 0xa365e0
GUIDED: _ZN11GCS_MAVLINK16signing_key_loadER10SigningKey @ 0x602fb0
GUIDED: _ZNK13StorageAccess11write_blockEtPKvm @ 0x603110
GUIDED: _ZN8AC_Fence9polyfenceEv @ 0x603f10
GUIDED: _ZN35LoggerMessageWriter_Write_Polyfence5resetEv @ 0x6052a0
GUIDED: _ZN19LoggerMessageWriter5resetEv @ 0x605310
GUIDED: _ZN19AC_PolyFence_loader13check_indexedEv @ 0x605c20
GUIDED: _ZNK19AC_PolyFence_loader16num_stored_itemsEv @ 0xa36d40
GUIDED: _ZN39LoggerMessageWriter_WriteAllRallyPoints5resetEv @ 0x606c90
GUIDED: _ZNK8AP_Rally15get_rally_totalEv @ 0xa370a0
GUIDED: _ZN38LoggerMessageWriter_WriteEntireMission5resetEv @ 0x607d00
GUIDED: _Z11is_negativeIfEbT_ @ 0xa37340
GUIDED: _ZN10AP_Mission26mission_cmd_to_mavlink_intERKNS_15Mission_CommandER28__mavlink_mission_item_int_t @ 0x60a0b0
GUIDED: _ZN11GCS_MAVLINK14update_receiveEj @ 0x60b7a0
GUIDED: _ZN3GCS15update_passthruEv @ 0x60bc70
GUIDED: _ZN16AP_SerialManager12get_passthruERPN6AP_HAL10UARTDriverES3_RhRjS5_ @ 0x60c1a0
GUIDED: _ZN6AP_HAL10UARTDriver11read_lockedEPhmj @ 0x60cc20
GUIDED: _ZNK11GCS_MAVLINK6lockedEv @ 0xa37680
GUIDED: _ZNK7FunctorIbJhPN6AP_HAL10UARTDriverEEEcvbEv @ 0xa376e0
GUIDED: _ZN11GCS_MAVLINK14channel_bufferEv @ 0xa377c0
GUIDED: mavlink_frame_char_buffer @ 0x60d300
GUIDED: _ZN12AP_Scripting14handle_messageERK17__mavlink_message17mavlink_channel_t @ 0x60dba0
GUIDED: _ZN11GCS_MAVLINK13send_timesyncEv @ 0x60dd90
GUIDED: _ZN11GCS_MAVLINK17log_mavlink_statsEv @ 0x60de00
GUIDED: _ZNK11GCS_MAVLINK15signing_enabledEv @ 0x60df80
GUIDED: _ZNK11GCS_MAVLINK21timesync_timestamp_nsEv @ 0x60e020
GUIDED: _ZL25mavlink_msg_timesync_send17mavlink_channel_tll @ 0x60e080
GUIDED: mavlink_start_checksum @ 0x60e120
GUIDED: mavlink_update_checksum @ 0x60e180
GUIDED: _Z9fill_nanfPft @ 0x60ebc0
GUIDED: _ZN10ByteBuffer7advanceEj @ 0x611c50
GUIDED: _ZN5Empty11OpticalFlow9push_gyroEfff @ 0xa38690
GUIDED: _ZN5Empty11OpticalFlow14push_gyro_biasEff @ 0xa38700
GUIDED: _ZN6AP_HAL4Util14set_soft_armedEb @ 0x612770
GUIDED: _ZNK7HALSITL4Util18was_watchdog_resetEv @ 0xa389d0
GUIDED: _ZN7HALSITL4Util19safety_switch_stateEv @ 0x612900
GUIDED: _ZN7HALSITL4Util13get_system_idEPc @ 0x6129f0
GUIDED: _ZN7HALSITL4Util25get_system_id_unformattedEPhRh @ 0x612a70
GUIDED: _ZN7HALSITL4Util16available_memoryEv @ 0xa38ec0
GUIDED: _ZN6AP_HAL4Util11thread_infoER15ExpandingString @ 0xa38f80
GUIDED: _ZN6AP_HAL4Util8dma_infoER15ExpandingString @ 0xa38fe0
GUIDED: _ZN6AP_HAL4Util8mem_infoER15ExpandingString @ 0xa39040
GUIDED: _ZN7HALSITL4Util9uart_infoER15ExpandingString @ 0x612d90
GUIDED: _ZN7HALSITL4Util8uart_logEv @ 0x612ee0
GUIDED: _ZN6AP_HAL4Util10timer_infoER15ExpandingString @ 0xa39180
GUIDED: _ZN6AP_HAL4Util14log_stack_infoEv @ 0xa39260
GUIDED: _ZN6AP_HAL10UARTDriver9log_statsEhRNS0_12StatsTrackerEj @ 0x6130b0
GUIDED: _ZN6AP_HAL10UARTDriver12StatsTracker11ByteTracker6updateEj @ 0x613250
GUIDED: _ZNK7HALSITL10SITL_State12get_instanceEv @ 0xa392b0
GUIDED: _ZN7HALSITL8RCOutput20_safety_switch_stateEv @ 0xa39300
GUIDED: _ZNK7HALSITL9Semaphore11check_ownerEv @ 0x614810
GUIDED: _ZN7HALSITL9I2CDevice8transferEPKhjPhj @ 0x614e20
GUIDED: _ZN7HALSITL9I2CDevice9_transferEPKhjPhj @ 0x615220
GUIDED: _ZN6I2CBus5ioctlEhPv @ 0xa3b1e0
GUIDED: _ZN6I2CBus6_ioctlEhPv @ 0x6154f0
GUIDED: _ZN4SITL3SIM9i2c_ioctlEhPv @ 0xa3b260
GUIDED: _ZN4SITL3I2C5ioctlEhPv @ 0x615570
GUIDED: _ZN4SITL3I2C10ioctl_rdwrEPNS0_19i2c_rdwr_ioctl_dataE @ 0x615600
GUIDED: _ZN6AP_HAL10UARTDriver5writeEPKhm @ 0x615780
GUIDED: _ZN6AP_HAL10UARTDriver9availableEv @ 0x6158c0
GUIDED: _ZN6AP_HAL10UARTDriver4readEv @ 0x615940
GUIDED: _ZN6AP_HAL10UARTDriver4readERh @ 0x6159c0
GUIDED: _ZN6AP_HAL10UARTDriver4readEPht @ 0x615ac0
GUIDED: _ZN7HALSITL10UARTDriver7txspaceEv @ 0x615b30
GUIDED: _ZN7HALSITL10UARTDriver11_timer_tickEv @ 0x615eb0
GUIDED: _ZN7HALSITL10UARTDriver26receive_time_constraint_usEt @ 0x615f10
GUIDED: _ZN7HALSITL10UARTDriver9uart_infoER15ExpandingStringRN6AP_HAL10UARTDriver12StatsTrackerEj @ 0x6160d0
GUIDED: _ZN7HALSITL10UARTDriver6_writeEPKhm @ 0x616b40
GUIDED: _ZN7HALSITL10UARTDriver5_readEPht @ 0x616d10
GUIDED: _ZN7HALSITL10UARTDriver10_availableEv @ 0x616f00
GUIDED: _ZNK7HALSITL10UARTDriver18get_total_tx_bytesEv @ 0xa3ba90
GUIDED: _ZNK7HALSITL10UARTDriver18get_total_rx_bytesEv @ 0xa3bae0
GUIDED: _ZNK6AP_HAL10UARTDriver26get_total_dropped_rx_bytesEv @ 0xa3bb30
GUIDED: _ZN7HALSITL10UARTDriver17_check_connectionEv @ 0x616ff0
GUIDED: _ZN7HALSITL10UARTDriver13_select_checkEi @ 0x617130
GUIDED: _ZN10ByteBuffer4readEPhj @ 0x617340
GUIDED: _ZN7HALSITL10UARTDriver41handle_writing_from_writebuffer_to_deviceEv @ 0x6173e0
GUIDED: _ZN7HALSITL10UARTDriver16_check_reconnectEv @ 0x617790
GUIDED: _ZL3MINIjjEDTqultfp_fp0_fp_fp0_ERKT_RKT0_.12221 @ 0x617b90
GUIDED: _ZNK4SITL12SerialDevice15write_to_deviceEPKcm @ 0x617c10
GUIDED: _ZNK4SITL12SerialDevice18write_to_autopilotEPKcm @ 0x61af70
GUIDED: _ZNK4SITL12SerialDevice13is_match_baudEv @ 0x61b030
GUIDED: _ZNK4SITL3GPS18write_to_autopilotEPKcm @ 0x61b160
GUIDED: _ZNK4SITL3GPS11device_baudEv @ 0x61b380
GUIDED: _Z8wrap_180IdET_S0_ @ 0xa3d120
GUIDED: _Z8wrap_360d @ 0x61e210
GUIDED: _ZNK4SITL12SerialDevice19read_from_autopilotEPcm @ 0x61e2b0
GUIDED: _Z7is_zerod @ 0xa3f250
GUIDED: _ZN7HALSITL10UARTDriver40handle_reading_from_device_to_readbufferEv @ 0x623ba0
GUIDED: _ZNK4SITL12SerialDevice16read_from_deviceEPcm @ 0x624030
GUIDED: _ZN7HALSITL8AnalogIn13board_voltageEv @ 0xa40760
GUIDED: _ZN6AP_HAL8AnalogIn17servorail_voltageEv @ 0xa407b0
GUIDED: _ZN6AP_HAL8AnalogIn18power_status_flagsEv @ 0xa40800
GUIDED: _ZN7HALSITL9ADCSource7set_pinEh @ 0x624c70
GUIDED: _ZN7HALSITL9ADCSource15voltage_averageEv @ 0x624cf0
GUIDED: _ZN7HALSITL9ADCSource14voltage_latestEv @ 0x624d40
GUIDED: _ZNK7HALSITL4GPIO9valid_pinEh @ 0xa40ab0
GUIDED: _ZN7HALSITL4GPIO13usb_connectedEv @ 0x6254a0
GUIDED: _ZNK6AP_HAL4GPIO13arming_checksEmPc @ 0xa40e30
GUIDED: _ZN7HALSITL8RCOutput9enable_chEh @ 0x6258a0
GUIDED: _ZN7HALSITL8RCOutput10disable_chEh @ 0x625930
GUIDED: _ZN7HALSITL8RCOutput5writeEht @ 0x6259c0
GUIDED: _ZN6AP_HAL8RCOutput20update_channel_masksEv @ 0xa411e0
GUIDED: _ZN7HALSITL8RCOutput4corkEv @ 0x625af0
GUIDED: _ZN7HALSITL8RCOutput4pushEv @ 0x625b80
GUIDED: _ZN7HALSITL8RCOutput4readEh @ 0x625cb0
GUIDED: _ZN7HALSITL8RCOutput4readEPth @ 0x625d40
GUIDED: _ZNK6AP_HAL8RCOutput22get_output_mode_bannerEPch @ 0xa419c0
GUIDED: _ZN6AP_HAL8RCOutput16set_default_rateEt @ 0xa41a80
GUIDED: _ZN17AP_ESC_Telem_SITL6updateEv @ 0x626160
GUIDED: _ZN7HALSITL7RCInput9new_inputEv @ 0x626aa0
GUIDED: _ZN7HALSITL7RCInput12num_channelsEv @ 0x626b00
GUIDED: _ZN7HALSITL7RCInput4readEh @ 0x626b60
GUIDED: _ZN13AP_RCProtocol4readEh @ 0x626e10
GUIDED: _ZN21AP_RCProtocol_Backend4readEh @ 0x626ea0
GUIDED: _ZN13AP_RCProtocol12num_channelsEv @ 0x626f00
GUIDED: _ZNK21AP_RCProtocol_Backend12num_channelsEv @ 0x626f80
GUIDED: _ZN13AP_RCProtocol9new_inputEv @ 0x626fd0
GUIDED: _ZN13AP_RCProtocol21detect_async_protocolENS_12rcprotocol_tE @ 0x627190
GUIDED: _ZNK13AP_RCProtocol10using_uartEv @ 0xa425b0
GUIDED: _ZNK13AP_RCProtocol22detected_protocol_nameEv @ 0x627370
GUIDED: _ZN13AP_RCProtocol27protocol_name_from_protocolENS_12rcprotocol_tE @ 0x6273c0
GUIDED: _ZN17AP_RCProtocol_FDM6updateEv @ 0x627de0
GUIDED: _ZN21AP_RCProtocol_Backend9add_inputEhPtbss @ 0x627fc0
GUIDED: _ZL3MINIhiEDTqultfp_fp0_fp_fp0_ERKT_RKT0_.18381 @ 0x628120
GUIDED: _ZN13AP_RCProtocol19set_failsafe_activeEb @ 0xa42f80
GUIDED: _ZN21AP_RCProtocol_Backend6updateEv @ 0xa43090
GUIDED: _ZN17AP_RCProtocol_UDP6updateEv @ 0x6281a0
GUIDED: _ZN17AP_RCProtocol_UDP21read_all_socket_inputEv @ 0x628400
GUIDED: _ZN16SocketAPM_native4recvEPvmj @ 0x6286a0
GUIDED: _ZN16SocketAPM_native6pollinEj @ 0x6288d0
GUIDED: _ZNK16SocketAPM_native11get_read_fdEv @ 0xa431c0
GUIDED: _ZN18AP_RCProtocol_GHST6updateEv @ 0x629140
GUIDED: _ZNK7AP_AHRS13get_variancesERfS0_S0_R7Vector3IfES0_ @ 0x62ad90
GUIDED: _ZNK7NavEKF312getVariancesERfS0_S0_R7Vector3IfES0_R7Vector2IfE @ 0x62b070
GUIDED: _ZNK12NavEKF3_core12getVariancesERfS0_S0_R7Vector3IfES0_R7Vector2IfE @ 0x62b250
GUIDED: _ZL3MAXIddEDTqugtfp_fp0_fp_fp0_ERKT_RKT0_.4222 @ 0x62b450
GUIDED: _ZNK7Vector2IdE7tofloatEv @ 0xa438f0
GUIDED: _ZN3GCS23get_sensor_status_flagsERjS0_S0_ @ 0x62b7c0
GUIDED: _ZN3GCS26update_sensor_status_flagsEv @ 0x62b880
GUIDED: _ZNK7AP_AHRS11initialisedEv @ 0x62c040
GUIDED: _ZNK7AP_Baro13num_instancesEv @ 0xa43950
GUIDED: _ZNK6AP_GPS10is_healthyEv @ 0xa439a0
GUIDED: _ZNK14AP_BattMonitor13num_instancesEv @ 0xa43a00
GUIDED: _ZNK14AP_BattMonitor7healthyEv @ 0x62c170
GUIDED: _ZNK14AP_BattMonitor13has_failsafedEv @ 0xa43a50
GUIDED: _ZNK17AP_InertialSensor11calibratingEv @ 0x62c260
GUIDED: _ZNK9AP_Logger15logging_enabledEv @ 0x62c330
GUIDED: _ZNK6AP_GPS15logging_presentEv @ 0xa43ab0
GUIDED: _ZNK6AP_GPS15logging_enabledEv @ 0xa43b20
GUIDED: _ZNK6AP_GPS14logging_failedEv @ 0x62c400
GUIDED: _ZNK7AP_AHRS12get_ekf_typeEv @ 0xa43b90
GUIDED: _ZNK8AC_Fence18sys_status_enabledEv @ 0x62c4e0
GUIDED: _ZNK8AC_Fence18sys_status_presentEv @ 0x62c580
GUIDED: _ZNK8AC_Fence17sys_status_failedEv @ 0x62c5e0
GUIDED: _ZNK11AP_Airspeed7enabledEv @ 0xa43bf0
GUIDED: _ZN2AP11opticalflowEv @ 0x62c730
GUIDED: _ZNK14AP_OpticalFlow7enabledEv @ 0xa43d00
GUIDED: _ZNK14AP_OpticalFlow7healthyEv @ 0xa43d70
GUIDED: _ZN2AP6armingEv @ 0x62c770
GUIDED: _ZNK11RC_Channels22has_ever_seen_rc_inputEv @ 0xa43df0
GUIDED: _ZN9AP_Arming13get_singletonEv @ 0x62c7b0
GUIDED: _ZNK7AP_EnumIN14AP_OpticalFlow4TypeEEcvKS1_Ev @ 0xa43e50
GUIDED: _ZN14AP_OpticalFlow13get_singletonEv @ 0xa43ea0
GUIDED: _ZNK11AP_Airspeed7healthyEh @ 0x62c7f0
GUIDED: _ZN2AP8airspeedEv @ 0x62c970
GUIDED: _ZNK11AP_Airspeed7healthyEv @ 0xa43fc0
GUIDED: _ZNK11AP_Airspeed3useEh @ 0x62c9b0
GUIDED: _ZN12SRV_Channels17get_output_scaledEN11SRV_Channel8FunctionE @ 0x62cae0
GUIDED: _ZNK8AC_Fence12get_breachesEv @ 0xa44020
GUIDED: _ZNK7AP_EnumIN8AC_Fence6ActionEEcvKS1_Ev @ 0xa44070
GUIDED: _ZNK14AP_BattMonitor7healthyEh @ 0x62cbe0
GUIDED: _ZNK6AP_GPS8num_satsEv @ 0xa44280
GUIDED: _ZNK6AP_GPS8num_satsEh @ 0xa44360
GUIDED: _ZNK14AP_BattMonitor12current_ampsERfh @ 0x62dad0
GUIDED: _ZNK14AP_BattMonitor12consumed_mahERfh @ 0x62dbc0
GUIDED: _ZN2AP9fwversionEv @ 0x62dfc0
GUIDED: _ZN12AP_FWVersion10get_fwverzEv @ 0xa445b0
GUIDED: _ZN9AP_Logger14WriteStreamingEPKcS1_S1_z @ 0x62e8e0
GUIDED: _ZN22AP_RCProtocol_DroneCAN6updateEv @ 0x62eb40
GUIDED: _ZNK16AP_SerialManager11find_serialENS_14SerialProtocolEh @ 0x62ff30
GUIDED: _ZNK7AP_Baro12get_pressureEh @ 0xa45fb0
GUIDED: _ZNK7AP_Baro15get_temperatureEh @ 0xa46100
GUIDED: _ZNK7AP_Baro23get_altitude_differenceEff @ 0x633550
GUIDED: _ZNK7AP_Baro26get_altitude_from_pressureEf @ 0x6335f0
GUIDED: _ZL33find_atmosphere_layer_by_pressuref @ 0x633850
GUIDED: _ZNK7AP_Baro17get_altitude_AMSLEv @ 0xa46170
GUIDED: _ZN7AP_Baro29geopotential_alt_to_geometricEf @ 0x633900
GUIDED: _ZNK7AP_Baro17get_altitude_AMSLEh @ 0xa461d0
GUIDED: _ZN9AP_Notify6updateEv @ 0x633b40
GUIDED: _ZN2AP3srvEv @ 0x633ce0
GUIDED: _ZN12SRV_Channels4corkEv @ 0x633d20
GUIDED: _ZN12SRV_Channels4pushEv @ 0x633d80
GUIDED: _ZN16AP_Volz_Protocol6updateEv @ 0x633f30
GUIDED: _ZN10AP_SBusOut6updateEv @ 0x634200
GUIDED: _ZN15AP_RobotisServo6updateEv @ 0x634380
GUIDED: _ZN16AP_FETtecOneWire6updateEv @ 0x6345f0
GUIDED: _ZN2AP6kdecanEv @ 0x6348e0
GUIDED: _ZN9AP_KDECAN6updateEv @ 0x634920
GUIDED: _ZN12SRV_Channels12find_channelEN11SRV_Channel8FunctionERh @ 0x635300
GUIDED: _ZN11SRV_Channel8calc_pwmEf @ 0x6353d0
GUIDED: _ZNK11SRV_Channel21pwm_from_scaled_valueEf @ 0x6354c0
GUIDED: _ZNK11SRV_Channel14pwm_from_angleEf @ 0x635560
GUIDED: _ZN9AP_KDECAN13get_singletonEv @ 0xa46f50
GUIDED: _ZN16AP_FETtecOneWire4initEv @ 0x637090
GUIDED: _ZN16AP_FETtecOneWire9init_uartEv @ 0x638660
GUIDED: _ZN12SRV_Channels13get_singletonEv @ 0xa479b0
GUIDED: _ZNK10AP_Mission21get_current_nav_indexEv @ 0xa47d40
GUIDED: _ZNK6AP_GPS8get_hdopEh @ 0xa48010
GUIDED: _ZNK7AP_AHRS11groundspeedEv @ 0xa48110
GUIDED: _ZN7AP_Baro14get_climb_rateEv @ 0x63d900
GUIDED: _ZN16DerivativeFilterIfLh7EE5slopeEv @ 0xa481b0
GUIDED: _ZNK11RangeFinder11get_backendEh @ 0x63db50
GUIDED: _Z14float_to_int16f @ 0x63f5b0
GUIDED: _ZNK7AP_AHRS11get_yaw_degEv @ 0xa48d30
GUIDED: _ZNK7AP_AHRS28get_relative_position_D_homeERf @ 0x63f730
GUIDED: _ZNK8Location9get_alt_mENS_8AltFrameERf @ 0x63f8d0
GUIDED: _ZNK7AP_AHRS30get_relative_position_D_originERd @ 0x63f980
GUIDED: _ZNK7AP_AHRS11_get_originER8Location @ 0x63fac0
GUIDED: _ZNK7AP_AHRS11_get_originENS_7EKFTypeER8Location @ 0x63fba0
GUIDED: _ZNK7NavEKF312getOriginLLHER8Location @ 0x63fdb0
GUIDED: _ZN18AP_RCProtocol_CRSF6updateEv @ 0x6428e0
GUIDED: _ZN13AP_CRSF_Telem13get_singletonEv @ 0x642f10
GUIDED: _ZN13AP_CRSF_Telem13queue_messageE12MAV_SEVERITYPKc @ 0x643960
GUIDED: _ZN9AP_Notify13get_singletonEv @ 0xa499a0
GUIDED: _ZN2AP10crsf_telemEv @ 0x6466b0
GUIDED: _ZNK7AP_AHRS12get_roll_radEv @ 0xa4a190
GUIDED: _ZNK7AP_AHRS13get_pitch_radEv @ 0xa4a1e0
GUIDED: _ZNK8AP_Param15copy_name_tokenERKNS_10ParamTokenEPcmb @ 0x6481c0
GUIDED: _ZNK8AP_Param19find_var_info_tokenERKNS_10ParamTokenEPjRPKNS_9GroupInfoERNS_12GroupNestingEPh @ 0x648330
GUIDED: _ZN19AP_RCProtocol_SRXL26updateEv @ 0x64c4d0
GUIDED: _ZNK14AP_BattMonitor15get_temperatureERfh @ 0x64f5b0
GUIDED: _ZN2AP3rtcEv @ 0x64f680
GUIDED: _ZNK6AP_RTC12get_utc_usecERm @ 0x64f7a0
GUIDED: _ZN6AP_RTC13get_singletonEv @ 0xa4adf0
GUIDED: _ZN2AP9esc_telemEv @ 0x64fb00
GUIDED: _ZN12AP_ESC_Telem13get_singletonEv @ 0x64ffb0
GUIDED: _ZN17AP_RCProtocol_DSM6updateEv @ 0x6534c0
GUIDED: _ZN7HALSITL9Scheduler5delayEt @ 0x654db0
GUIDED: _ZN7HALSITL9Scheduler18delay_microsecondsEt @ 0x654ea0
GUIDED: _ZN6AP_HAL9Scheduler24delay_microseconds_boostEt @ 0xa4b5d0
GUIDED: _ZN6AP_HAL9Scheduler15expect_delay_msEj @ 0xa4b640
GUIDED: _ZN6AP_HAL9Scheduler9boost_endEv @ 0xa4b6e0
GUIDED: _ZNK6AP_HAL9Scheduler17in_delay_callbackEv @ 0xa4b730
GUIDED: _ZN7HALSITL9Scheduler21is_system_initializedEv @ 0xa4b790
GUIDED: _ZN7HALSITL9Scheduler10stop_clockEm @ 0x655410
GUIDED: _ZNK7HALSITL9Scheduler14in_main_threadEv @ 0x6554b0
GUIDED: _ZN7HALSITL10SITL_State10wait_clockEm @ 0x655b70
GUIDED: _ZNK4SITL8Aircraft11get_speedupEv @ 0xa4b940
GUIDED: _ZNK7HALSITL9Scheduler28semaphore_wait_hack_requiredEv @ 0x655d20
GUIDED: _ZN7HALSITL10SITL_State15_fdm_input_stepEv @ 0x655da0
GUIDED: _ZN7HALSITL10SITL_State16_fdm_input_localEv @ 0x655ef0
GUIDED: _ZNK7HALSITL9Scheduler22interrupts_are_blockedEv @ 0xa4b990
GUIDED: _ZN7HALSITL9Scheduler17sitl_begin_atomicEv @ 0xa4b9f0
GUIDED: _ZN7HALSITL9Scheduler11timer_eventEv @ 0xa4ba50
GUIDED: _ZN7HALSITL9Scheduler15sitl_end_atomicEv @ 0x656090
GUIDED: _ZN7HALSITL10SITL_State16_update_airspeedEf @ 0x656130
GUIDED: _ZN7HALSITL10SITL_State19_update_rangefinderEv @ 0x6564a0
GUIDED: _ZNK7HALSITL10SITL_State18_sonar_pin_voltageEv @ 0x656500
GUIDED: _ZN7AP_Baro24get_EAS2TAS_for_alt_amslEf @ 0x656670
GUIDED: _ZL2sqf.11982 @ 0x6566f0
GUIDED: _ZN7AP_Baro28get_air_density_for_alt_amslEf @ 0x656740
GUIDED: _ZL3MAXIffEDTqugtfp_fp0_fp_fp0_ERKT_RKT0_.1713 @ 0x656910
GUIDED: _ZN7HALSITL9Scheduler16_run_timer_procsEv @ 0x656990
GUIDED: _ZN7HALSITL10SITL_State17_simulator_servosER10sitl_input @ 0x656a90
GUIDED: _ZN4SITL11JSON_Master7receiveER10sitl_input @ 0x657720
GUIDED: _ZN7HALSITL10SITL_State22multicast_servo_updateER10sitl_input @ 0x657bc0
GUIDED: _ZN4SITL8Aircraft11update_homeEv @ 0x657ca0
GUIDED: _ZN4SITL8Aircraft12update_modelERK10sitl_input @ 0x657e00
GUIDED: _ZN4SITL8Aircraft8fill_fdmERNS_8sitl_fdmE @ 0x657ea0
GUIDED: _ZN7HALSITL8CANIface14num_interfacesEv @ 0xa4baf0
GUIDED: _ZNK4SITL8Aircraft20get_position_relhomeEv @ 0x658a70
GUIDED: _ZN4SITL11JSON_Master4sendERKNS_8sitl_fdmERK7Vector3IdE @ 0x658b30
GUIDED: _ZN7HALSITL17SITL_State_Common10sim_updateEv @ 0x658dd0
GUIDED: _ZN7HALSITL10SITL_State14set_height_aglEv @ 0x659620
GUIDED: _ZNK4SITL8Aircraft15get_velocity_efEv @ 0xa4bb80
GUIDED: _ZN4SITL3GPS6updateEv @ 0x65a9f0
GUIDED: _ZN4SITL12SerialDevice17init_sitl_pointerEv @ 0x65c140
GUIDED: _ZN4SITL3GPS24check_backend_allocationEv @ 0x65c1d0
GUIDED: _ZN4SITL3GPS16interpolate_dataERKNS_8GPS_DataEj @ 0x65c7e0
GUIDED: _ZL3MAXIifEDTqugtfp_fp0_fp_fp0_ERKT_RKT0_.12703 @ 0x65d170
GUIDED: _ZNK4SITL11GPS_Backend11device_baudEv @ 0xa4c1a0
GUIDED: _ZN4SITL11GPS_Backend11update_readEv @ 0x65d2f0
GUIDED: _ZNK4SITL11GPS_Backend18write_to_autopilotEPKcm @ 0x65d640
GUIDED: _ZNK4SITL11GPS_Backend19read_from_autopilotEPcm @ 0x65d6c0
GUIDED: _ZN4SITL11GPS_Backend8gps_timeEv @ 0x65e160
GUIDED: _ZNK7Vector2IdE6lengthEv @ 0xa4c3c0
GUIDED: _ZN4SITL11GPS_Backend18simulation_timevalEP7timeval @ 0x65ea90
GUIDED: _ZN4SITL9GPS_UBlox7publishEPKNS_8GPS_DataE @ 0x661960
GUIDED: _Z4normIddJdEEdT_T0_DpKT1_ @ 0xa4ca60
GUIDED: _ZL7degreesf.12791 @ 0x662430
GUIDED: _ZN4SITL9GPS_UBlox8send_ubxEhPht @ 0x662960
GUIDED: _ZL3MAXIiiEDTqugtfp_fp0_fp_fp0_ERKT_RKT0_.12792 @ 0x662b30
GUIDED: _ZNK7Vector3IfE6is_nanEv @ 0xa4cae0
GUIDED: _ZN7Matrix3IfE6rotateERK7Vector3IfE @ 0xa4cbb0
GUIDED: _ZN7Matrix3IfEpLERKS0_ @ 0xa4cdd0
GUIDED: _ZNK7Matrix3IfEplERKS0_ @ 0xa4ce60
GUIDED: _Z2sqIdJddEEdT_DpKT0_ @ 0xa4cf80
GUIDED: _ZNK11QuaternionTIfE8to_eulerERfS1_S1_ @ 0xa4d020
GUIDED: _ZNK11QuaternionTIfE13get_euler_yawEv @ 0xa4d130
GUIDED: _ZNK7Vector3IdEplERKS0_ @ 0xa4db30
GUIDED: _ZN7Vector3IdEpLERKS0_ @ 0xa4dbd0
GUIDED: _ZN7Matrix3IdEC2Ev @ 0xa4dc70
GUIDED: _ZN7Matrix3IdE10from_eulerEddd @ 0xa4dcf0
GUIDED: _ZNK7Matrix3IdEmlERK7Vector3IdE @ 0xa4deb0
GUIDED: _ZNK7Vector3IdEmiERKS0_ @ 0xa4e6a0
GUIDED: _Z11wrap_360_cdf @ 0x66c650
GUIDED: _ZNK7Vector3IdE6lengthEv @ 0xa4e800
GUIDED: _ZN7Vector3IdE4zeroEv @ 0xa4e860
GUIDED: _ZNK7Vector3IdEmlEd @ 0xa4e8c0
GUIDED: _ZNK7Matrix3IfE10transposedEv @ 0xa4ea90
GUIDED: _ZN7Matrix3IfE9normalizeEv @ 0xa4ec60
GUIDED: _ZNK8Location22get_distance_NE_doubleERKS_ @ 0x66fc00
GUIDED: _ZN7Vector3IdE2xyEv @ 0xa4ef30
GUIDED: _ZN7Vector2IdEpLERKS0_ @ 0xa4ef80
GUIDED: _ZL7degreesf.14500 @ 0x670b50
GUIDED: _ZNK7Matrix3IfE8to_eulerEPfS1_S1_ @ 0xa4f000
GUIDED: _ZNK7AP_EnumI8RotationEcvKS0_Ev @ 0xa4f120
GUIDED: _ZNK8HAL_SITL32get_uart_output_full_queue_countEv @ 0x670c20
GUIDED: _ZNK4SITL8Aircraft16get_wall_time_usEv @ 0x670d60
GUIDED: _ZNK7Vector3IdEdvEd @ 0xa4f300
GUIDED: _ZN4SITL8Aircraft12time_advanceEv @ 0x670de0
GUIDED: _ZN4SITL8Aircraft15sync_frame_timeEv @ 0x670e80
GUIDED: _ZN9AP_Logger14WriteStreamingEPKcS1_S1_S1_S1_z @ 0x671180
GUIDED: _ZL3MAXI9AP_ParamTIfL11ap_var_type4EEdEDTqugtfp_fp0_fp_fp0_ERKT_RKT0_.11827 @ 0x6714f0
GUIDED: _Z21calc_lowpass_alpha_dtff @ 0x671590
GUIDED: _ZL3MAXIfiEDTqugtfp_fp0_fp_fp0_ERKT_RKT0_.11828 @ 0x6716c0
GUIDED: _ZNK4SITL16FETtecOneWireESC7enabledEv @ 0xa4f6c0
GUIDED: _ZNK4SITL4Volz7enabledEv @ 0xa4f730
GUIDED: _ZN7HALSITL17SITL_State_Common22update_voltage_currentER10sitl_inputf @ 0x671990
GUIDED: _ZN8AP_Param18eeprom_write_checkEPKvth @ 0x6743c0
GUIDED: _ZN13AP_Filesystem9load_fileEPKc @ 0x6744f0
GUIDED: _ZNK4SITL8Aircraft22rangefinder_beam_widthEv @ 0xa51630
GUIDED: _ZNK4SITL8Aircraft45perpendicular_distance_to_rangefinder_surfaceEv @ 0x6750e0
GUIDED: _ZN4SITL8Aircraft23update_external_payloadERK10sitl_input @ 0x676c00
GUIDED: _ZN4SITL8Aircraft15update_positionEv @ 0x677090
GUIDED: _ZN4SITL8Aircraft19update_mag_field_bfEv @ 0x6776b0
GUIDED: _ZN7Vector2IdEmIERKS0_ @ 0xa51680
GUIDED: _ZNK4SITL7Sprayer10is_enabledEv @ 0xa51710
GUIDED: _ZN4SITL3I2C6updateERKNS_8AircraftE @ 0x678480
GUIDED: _ZNK4SITL6Buzzer10is_enabledEv @ 0xa517c0
GUIDED: _ZNK4SITL13Gripper_Servo10is_enabledEv @ 0xa51820
GUIDED: _ZNK4SITL11Gripper_EPM10is_enabledEv @ 0xa518e0
GUIDED: _ZNK4SITL9Parachute10is_enabledEv @ 0xa51990
GUIDED: _ZNK4SITL12SIM_Precland10is_enabledEv @ 0xa519f0
GUIDED: _ZN4SITL7ShipSim6updateEv @ 0x679450
GUIDED: _ZNK7Vector3IdE14length_squaredEv @ 0xa53aa0
GUIDED: _ZNK7Vector3IdEmlERKS0_ @ 0xa53c10
GUIDED: _ZNK7AP_AHRS11get_EAS2TASEv @ 0x67f4b0
GUIDED: _ZNK7Vector3IdE7is_zeroEv @ 0xa53dc0
GUIDED: _ZN7Vector3IfE2xyEv @ 0xa53e70
GUIDED: _ZN7Vector3IfEmIERKS0_ @ 0xa53f20
GUIDED: _ZNK9AP_ParamTIfL11ap_var_type4EEplERKS1_ @ 0xa541d0
GUIDED: _ZN13LowPassFilterIfE5applyERKfS2_ @ 0xa54960
GUIDED: _Z11is_positived @ 0xa55070
GUIDED: _ZN7Vector3IfE9normalizeEv @ 0xa55850
GUIDED: _ZN13AP_Filesystem4readEiPvj @ 0x6965a0
GUIDED: _ZN7Vector3IdEmIERKS0_ @ 0xa5fad0
GUIDED: _ZL7radiansd.14806 @ 0x6a3b10
GUIDED: _ZN4SITL8SimRover6updateERK10sitl_input @ 0x6a7200
GUIDED: _ZN4SITL8SimRover24update_ackermann_or_skidERK10sitl_inputf @ 0x6a7920
GUIDED: _ZL7radiansf.13800 @ 0x6a7d60
GUIDED: _ZN4SITL8SimRover13calc_yaw_rateEff @ 0x6a7dc0
GUIDED: _ZNK4SITL8SimRover11turn_circleEf @ 0x6a7f80
GUIDED: _ZN7HALSITL7Storage10read_blockEPvtm @ 0x6b63f0
GUIDED: _ZN7HALSITL7Storage11write_blockEtPKvm @ 0x6b64c0
GUIDED: _ZN7HALSITL7Storage11_timer_tickEv @ 0x6b65e0
GUIDED: _ZN7HALSITL7Storage7healthyEv @ 0x6b6810
GUIDED: _ZN7HALSITL7Storage15get_storage_ptrERPvRm @ 0x6b68a0
GUIDED: _ZNK7BitmaskILt2048EE5emptyEv @ 0xa61240
GUIDED: _ZNK7BitmaskILt2048EE3getEt @ 0xa612e0
GUIDED: _ZN10AP_RAMTRON5writeEjPKhj @ 0x6b6950
GUIDED: _ZN7BitmaskILt2048EE5clearEt @ 0xa613b0
GUIDED: _ZNK8HAL_SITL25get_storage_posix_enabledEv @ 0xa61470
GUIDED: _ZNK7BitmaskILt2048EE8validateEt @ 0xa61530
GUIDED: _ZNK10AP_RAMTRON8get_sizeEv @ 0xa615c0
GUIDED: _ZN7HALSITL7Storage13_storage_openEv @ 0x6b6fd0
GUIDED: _ZN7HALSITL7Storage11_mark_dirtyEtt @ 0x6b72e0
GUIDED: _ZN7BitmaskILt2048EE3setEt @ 0xa61660
GUIDED: _ZNK15ExpandingString10get_lengthEv @ 0xa620b0
GUIDED: _ZNK15ExpandingString10get_stringEv @ 0xa62100
GUIDED: _ZN15ExpandingStringC2Ev @ 0xa621a0
GUIDED: _ZN17AP_Filesystem_Sys4openEPKcib @ 0x6ba160
GUIDED: _ZN17AP_Filesystem_Sys5closeEi @ 0x6ba6f0
GUIDED: _ZN17AP_Filesystem_Sys4readEiPvj @ 0x6ba7f0
GUIDED: _ZN17AP_Filesystem_Sys13file_in_sysfsEPKc @ 0x6baed0
GUIDED: _ZL3MINIjjEDTqultfp_fp0_fp_fp0_ERKT_RKT0_.8748 @ 0x6bb000
GUIDED: _ZNK15ExpandingString21has_failed_allocationEv @ 0xa62510
GUIDED: _ZN8AP_Param9save_syncEbb @ 0x6bda50
GUIDED: _ZN19AP_Filesystem_ROMFS4openEPKcib @ 0x6be030
GUIDED: _ZN8AP_ROMFS15find_decompressEPKcRj @ 0x6bf190
GUIDED: _ZN8AP_ROMFS9find_fileEPKc @ 0x6bf370
GUIDED: _ZN6AP_DAL9end_frameEv @ 0x6c3710
GUIDED: _ZN6AP_DAL15WriteLogMessageE11LogMessagesPvPKvh @ 0x6c3790
GUIDED: _ZN9AP_Logger16WriteReplayBlockEhPKvt @ 0x6c38b0
GUIDED: _ZNK9AP_Logger10log_replayEv @ 0xa62dc0
GUIDED: _ZNK7NavEKF317option_is_enabledENS_6OptionE @ 0xa62e20
GUIDED: _ZNK6AP_DAL6millisEv @ 0xa62ea0
GUIDED: _ZNK12NavEKF3_core10errorScoreEv @ 0x6c3f10
GUIDED: _ZNK12NavEKF3_core16have_aligned_yawEv @ 0xa62ef0
GUIDED: _ZNK12NavEKF3_core17have_aligned_tiltEv @ 0xa62f50
GUIDED: _ZNK12NavEKF3_core14getEulerAnglesER7Vector3IfE @ 0x6c4860
GUIDED: _ZNK11QuaternionTIdE8to_eulerER7Vector3IfE @ 0xa63040
GUIDED: _ZNK6AP_DAL8get_trimEv @ 0xa630c0
GUIDED: _ZNK11QuaternionTIdE8to_eulerERfS1_S1_ @ 0xa63120
GUIDED: _ZNK11QuaternionTIdE14get_euler_rollEv @ 0xa631e0
GUIDED: _ZNK11QuaternionTIdE15get_euler_pitchEv @ 0xa63290
GUIDED: _ZNK11QuaternionTIdE13get_euler_yawEv @ 0xa63310
GUIDED: _Z9safe_asinIdEfT_ @ 0xa633c0
GUIDED: _ZL3MAXIfdEDTqugtfp_fp0_fp_fp0_ERKT_RKT0_.4176 @ 0x6c4920
GUIDED: _ZNK12NavEKF3_core20assume_zero_sideslipEv @ 0x6c49c0
GUIDED: _ZN6AP_DAL8airspeedEv @ 0xa634a0
GUIDED: _ZNK6AP_DAL15get_fly_forwardEv @ 0xa63540
GUIDED: _ZNK6AP_DAL17get_vehicle_classEv @ 0xa635b0
GUIDED: _ZN19RestrictIDTypeArrayIP17CompassCalibratorLj3E14typesafe_indexIh12TAG_PriorityEEixERKS4_ @ 0xa636c0
GUIDED: _ZNK9AP_Logger10should_logEj @ 0x6ce910
GUIDED: _ZNK6AP_GPS9time_weekEh @ 0xa64140
GUIDED: _ZNK6AP_GPS12time_week_msEh @ 0xa641b0
GUIDED: _ZN3GCS12send_messageE10ap_message @ 0x6cf1b0
GUIDED: _ZNK6AP_GPS15time_epoch_usecEh @ 0x6cf260
GUIDED: _ZNK14AP_GPS_Backend16get_last_itow_msEv @ 0x6cf3d0
GUIDED: _ZN6AP_GPS23istate_time_to_epoch_msEtj @ 0x6cf490
GUIDED: _ZN10AC_Sprayer3runEb @ 0x6cf9a0
GUIDED: _ZN12SRV_Channels16set_output_limitEN11SRV_Channel8FunctionENS0_5LimitE @ 0x6cfaf0
GUIDED: _ZNK11SRV_Channel13get_limit_pwmENS_5LimitE @ 0x6cfc20
GUIDED: _ZN11SRV_Channel14set_output_pwmEtb @ 0x6cfd70
GUIDED: _ZNK7Vector2IfE6is_nanEv @ 0xa650b0
GUIDED: _ZNK10AP_Gripper7enabledEv @ 0xa65c60
GUIDED: _ZN10AP_Vehicle13update_armingEv @ 0x6dddb0
GUIDED: _ZN7FunctorIvJEE14method_wrapperI10AP_VehicleXadL_ZNS2_13update_armingEvEEEEvPv @ 0xa66ce0
GUIDED: _ZN9AP_Arming6updateEv @ 0x6dde00
GUIDED: _ZN8AP_Stats6updateEv @ 0x6ddef0
GUIDED: _ZN7FunctorIvJEE14method_wrapperI8AP_StatsXadL_ZNS2_6updateEvEEEEvPv @ 0xa66d90
GUIDED: _ZN8AP_Stats17update_flighttimeEv @ 0x6de0a0
GUIDED: _ZN8AP_Stats14update_runtimeEv @ 0x6de170
GUIDED: _ZN8AP_Stats5flushEv @ 0x6de210
GUIDED: _ZN13AP_ParamTBaseIiL11ap_var_type3EE22set_and_save_ifchangedERKi @ 0xa66e40
GUIDED: _ZN10AP_Filters6updateEv @ 0x6de390
GUIDED: _ZN7FunctorIvJEE14method_wrapperI10AP_FiltersXadL_ZNS2_6updateEvEEEEvPv @ 0xa66ed0
GUIDED: _ZN10AP_Vehicle17check_motor_noiseEv @ 0x6df4d0
GUIDED: _ZN7FunctorIvJEE14method_wrapperI10AP_VehicleXadL_ZNS2_17check_motor_noiseEvEEEEvPv @ 0xa67780
GUIDED: _ZNK10AP_GyroFFT15check_esc_noiseEv @ 0xa67830
GUIDED: _ZNK17NotchFilterParams7enabledEv @ 0xa67a60
GUIDED: _ZN10AP_Vehicle13one_Hz_updateEv @ 0x6dfbb0
GUIDED: _ZN7FunctorIvJEE14method_wrapperI10AP_VehicleXadL_ZNS2_13one_Hz_updateEvEEEEvPv @ 0xa67ab0
GUIDED: _ZN12AP_Scripting6updateEv @ 0x6dfc90
GUIDED: _ZN16AP_SerialManager20registered_ports_logEv @ 0x6dfce0
GUIDED: _ZN12AP_Scripting13save_checksumEv @ 0x6dfdc0
GUIDED: _ZN10AP_Gripper6updateEv @ 0x6dfec0
GUIDED: _ZN7FunctorIvJEE14method_wrapperI10AP_GripperXadL_ZNS2_6updateEvEEEEvPv @ 0xa67bf0
GUIDED: _ZN6AP_EFI6updateEv @ 0x6e0030
GUIDED: _ZN7FunctorIvJEE14method_wrapperI6AP_EFIXadL_ZNS2_6updateEvEEEEvPv @ 0xa67ca0
GUIDED: _ZN6AP_AIS6updateEv @ 0x6e04b0
GUIDED: _ZN7FunctorIvJEE14method_wrapperI6AP_AISXadL_ZNS2_6updateEvEEEEvPv @ 0xa67d50
GUIDED: _ZNK6AP_AIS7enabledEv @ 0x6e0d10
GUIDED: _ZN2AP10oadatabaseEv @ 0x6e35d0
GUIDED: _ZNK13AP_OADatabase7healthyEv @ 0xa67f10
GUIDED: _ZN13AP_OADatabase13get_singletonEv @ 0xa681a0
GUIDED: _ZN8AC_Fence6updateEv @ 0x6e4310
GUIDED: _ZN7FunctorIvJEE14method_wrapperI8AC_FenceXadL_ZNS2_6updateEvEEEEvPv @ 0xa681e0
GUIDED: _ZN19AC_PolyFence_loader6updateEv @ 0x6e4440
GUIDED: _ZN19AC_PolyFence_loader17load_from_storageEv @ 0x6e4530
GUIDED: _ZN10AP_Vehicle16accel_cal_updateEv @ 0x6e5990
GUIDED: _ZN7FunctorIvJEE14method_wrapperI10AP_VehicleXadL_ZNS2_16accel_cal_updateEvEEEEvPv @ 0xa683c0
GUIDED: _ZN17AP_InertialSensor11acal_updateEv @ 0x6e5a60
GUIDED: _ZN17AP_InertialSensor12get_new_trimER7Vector3IfE @ 0x6e5b30
GUIDED: _ZN20AP_TemperatureSensor6updateEv @ 0x6e7130
GUIDED: _ZN7FunctorIvJEE14method_wrapperI20AP_TemperatureSensorXadL_ZNS2_6updateEvEEEEvPv @ 0xa684c0
GUIDED: _ZN10AP_Vehicle16publish_osd_infoEv @ 0x6e73f0
GUIDED: _ZN7FunctorIvJEE14method_wrapperI10AP_VehicleXadL_ZNS2_16publish_osd_infoEvEEEEvPv @ 0xa68610
GUIDED: _ZN6AP_OSD12set_nav_infoERNS_7NavInfoE @ 0x6e7510
GUIDED: _ZN6AP_RPM6updateEv @ 0x6e7580
GUIDED: _ZN7FunctorIvJEE14method_wrapperI6AP_RPMXadL_ZNS2_6updateEvEEEEvPv @ 0xa686c0
GUIDED: _ZNK6AP_RPM7Log_RPMEv @ 0x6e7760
GUIDED: _ZNK6AP_RPM7enabledEh @ 0x6e7880
GUIDED: _ZN14AP_OpenDroneID6updateEv @ 0x6e7930
GUIDED: _ZN7FunctorIvJEE14method_wrapperI14AP_OpenDroneIDXadL_ZNS2_6updateEvEEEEvPv @ 0xa687e0
GUIDED: _ZNK6AP_GPS8velocityEv @ 0xa6a080
GUIDED: _ZNK7AP_AHRS18groundspeed_vectorEv @ 0xa6a160
GUIDED: _ZNK6AP_GPS14speed_accuracyEhRf @ 0x6ec620
GUIDED: _ZNK6AP_GPS17vertical_accuracyEhRf @ 0x6ec6f0
GUIDED: _ZNK6AP_GPS19horizontal_accuracyEhRf @ 0x6ec7c0
GUIDED: _ZNK6AP_GPS14get_undulationEhRf @ 0x6ec890
GUIDED: _ZNK6AP_GPS8velocityEh @ 0xa6a3c0
GUIDED: _ZN12AP_Generator6updateEv @ 0x6ec960
GUIDED: _ZN7FunctorIvJEE14method_wrapperI12AP_GeneratorXadL_ZNS2_6updateEvEEEEvPv @ 0xa6a490
GUIDED: _ZN14AP_Servo_Telem6updateEv @ 0x6ec9d0
GUIDED: _ZN7FunctorIvJEE14method_wrapperI14AP_Servo_TelemXadL_ZNS2_6updateEvEEEEvPv @ 0xa6a540
GUIDED: _ZN14AP_Servo_Telem9write_logEv @ 0x6eca20
GUIDED: _ZN12AP_ESC_Telem6updateEv @ 0x6eced0
GUIDED: _ZN7FunctorIvJEE14method_wrapperI12AP_ESC_TelemXadL_ZNS2_6updateEvEEEEvPv @ 0xa6a5f0
GUIDED: _ZN6AP_HAL15timeout_expiredIjjmEEbT_T0_T1_ @ 0xa6a6a0
GUIDED: _ZN10AP_Vehicle30send_watchdog_reset_statustextEv @ 0x6ed3e0
GUIDED: _ZN7FunctorIvJEE14method_wrapperI10AP_VehicleXadL_ZNS2_30send_watchdog_reset_statustextEvEEEEvPv @ 0xa6a720
GUIDED: _ZN8AP_Tramp6updateEv @ 0x6ed540
GUIDED: _ZN7FunctorIvJEE14method_wrapperI8AP_TrampXadL_ZNS2_6updateEvEEEEvPv @ 0xa6a7d0
GUIDED: _ZN10AP_VideoTX6updateEv @ 0x6ee520
GUIDED: _ZN7FunctorIvJEE14method_wrapperI10AP_VideoTXXadL_ZNS2_6updateEvEEEEvPv @ 0xa6aa00
GUIDED: _ZN10AP_Vehicle38update_dynamic_notch_at_specified_rateEv @ 0x6ee750
GUIDED: _ZN7FunctorIvJEE14method_wrapperI10AP_VehicleXadL_ZNS2_38update_dynamic_notch_at_specified_rateEvEEEEvPv @ 0xa6aab0
GUIDED: _ZNK25HarmonicNotchFilterParams9hasOptionENS_7OptionsE @ 0xa6ab60
GUIDED: _ZN10AP_Vehicle20update_dynamic_notchERN17AP_InertialSensor13HarmonicNotchE @ 0x6ee8a0
GUIDED: _ZN10AP_GyroFFT17update_parametersEv @ 0xa6af00
GUIDED: _ZN7FunctorIvJEE14method_wrapperI10AP_GyroFFTXadL_ZNS2_17update_parametersEvEEEEvPv @ 0xa6af50
GUIDED: _ZN10AP_GyroFFT17update_parametersEb @ 0x6ef810
GUIDED: _ZN10AP_GyroFFT6updateEv @ 0x6efbb0
GUIDED: _ZN7FunctorIvJEE14method_wrapperI10AP_GyroFFTXadL_ZNS2_6updateEvEEEEvPv @ 0xa6b000
GUIDED: _ZN14AP_NMEA_Output6updateEv @ 0x6efd40
GUIDED: _ZN7FunctorIvJEE14method_wrapperI14AP_NMEA_OutputXadL_ZNS2_6updateEvEEEEvPv @ 0xa6b0b0
GUIDED: _ZN7FunctorIvJEE14method_wrapperI9AP_NotifyXadL_ZNS2_6updateEvEEEEvPv @ 0xa6b160
GUIDED: _ZN7Compass10cal_updateEv @ 0x6f0db0
GUIDED: _ZN7FunctorIvJEE14method_wrapperI7CompassXadL_ZNS2_10cal_updateEvEEEEvPv @ 0xa6b210
GUIDED: _ZN11AP_Airspeed6updateEv @ 0x6f1900
GUIDED: _ZN7FunctorIvJEE14method_wrapperI11AP_AirspeedXadL_ZNS2_6updateEvEEEEvPv @ 0xa6b320
GUIDED: _ZNK11AP_Airspeed11get_primaryEv @ 0xa6b4b0
GUIDED: _ZN10AP_GyroFFT12sample_gyrosEv @ 0x6f3bb0
GUIDED: _ZN7FunctorIvJEE14method_wrapperI10AP_GyroFFTXadL_ZNS2_12sample_gyrosEvEEEEvPv @ 0xa6b500
GUIDED: _ZN10AP_Vehicle4loopEv @ 0x6f4430
GUIDED: _ZN12AP_Scheduler4loopEv @ 0x6f46d0
GUIDED: _ZN12AP_Scheduler17get_loop_period_sEv @ 0xa6e3e0
GUIDED: _ZN17AP_InertialSensor15wait_for_sampleEv @ 0x6f4c70
GUIDED: _ZN12AP_Scheduler4tickEv @ 0x6f51b0
GUIDED: _ZN12AP_Scheduler3runEj @ 0x6f5210
GUIDED: _ZN2AP8PerfInfo15check_loop_timeEj @ 0x6f57c0
GUIDED: _ZN2AP8PerfInfo12task_slippedEh @ 0xa6e510
GUIDED: _ZL15fill_nanf_stackv @ 0x6f5950
GUIDED: _ZN2AP8PerfInfo16update_task_infoEhtb @ 0x6f59a0
GUIDED: _ZNK7AP_AHRS24_get_primary_accel_indexEv @ 0x6fc370
GUIDED: _ZNK7AP_AHRS22_get_primary_IMU_indexEv @ 0x6fc3c0
GUIDED: _ZNK7NavEKF322getPrimaryCoreIMUIndexEv @ 0x6fc520
GUIDED: _ZNK17AP_InertialSensor21get_first_usable_gyroEv @ 0xa6e850
GUIDED: _ZNK12NavEKF3_core11getIMUIndexEv @ 0xa6e8a0
GUIDED: _ZNK14AP_BattMonitor17has_cell_voltagesEh @ 0x6fc650
GUIDED: _ZN2AP3EFIEv @ 0x6fcea0
GUIDED: _ZN6AP_EFI13get_singletonEv @ 0xa6f230
GUIDED: _ZN7FunctorIvJEE14method_wrapperI10AP_VehicleXadL_ZNS2_18fence_checks_asyncEvEEEEvPv @ 0xa6fbd0
GUIDED: _ZN13AP_Filesystem5writeEiPKvj @ 0x6fdb10
GUIDED: _ZN6AP_HAL6Device14write_registerEhhb @ 0x703bc0
GUIDED: _ZNK7FunctorIvJhPhjbEEcvbEv @ 0xa728e0
GUIDED: _ZL3MAXIjjEDTqugtfp_fp0_fp_fp0_ERKT_RKT0_.4125 @ 0x70c160
GUIDED: _ZN15ekf_ring_buffer4pushEPKv @ 0x70c1e0
GUIDED: _ZNK15ekf_ring_buffer10get_offsetEh @ 0x70c2e0
GUIDED: _ZL7radiansf.4130 @ 0x70d680
GUIDED: _ZN11QuaternionTIdEC2Edddd @ 0xa74a00
GUIDED: _ZN11QuaternionTIfEmLERKS0_ @ 0xa74ab0
GUIDED: _ZN2AP5statsEv @ 0x70fde0
GUIDED: _ZN8AP_Stats13get_singletonEv @ 0xa759a0
GUIDED: _ZN9AP_Logger16log_file_contentERNS_11FileContentEPKc @ 0x732920
GUIDED: _ZNK7AP_AHRS8get_gyroEv @ 0xa78420
GUIDED: _ZNK7AP_AHRS17airspeed_estimateERf @ 0x73b660
GUIDED: _ZNK17AP_InertialSensor20get_vibration_levelsEv @ 0xa784e0
GUIDED: _ZNK17AP_InertialSensor20get_vibration_levelsEh @ 0x73b760
GUIDED: _ZNK10DigitalLPFI7Vector3IfEE3getEv @ 0xa78560
GUIDED: _ZN7AP_AHRS25Log_Write_Home_And_OriginEv @ 0x73c260
GUIDED: _ZNK7AP_AHRS12Write_OriginENS_13LogOriginTypeERK8Location @ 0x73c330
GUIDED: _ZNK11QuaternionTIdE7is_zeroEv @ 0xa78610
GUIDED: _ZN12NavEKF3_core18getEarthFieldTableERK8Location @ 0x73ce30
GUIDED: _ZN14AP_Declination15get_declinationEff @ 0x73cf30
GUIDED: _ZNK12NavEKF3_core14MagDeclinationEv @ 0x73cfc0
GUIDED: _ZN12NavEKF3_core8zeroRowsERA24_A24_dhh @ 0x73d0a0
GUIDED: _ZN12NavEKF3_core8zeroColsERA24_A24_dhh @ 0x73d160
GUIDED: _ZN18NavEKF_core_common10zero_rangeEPdhh @ 0xa787b0
GUIDED: _ZN12NavEKF3_core13ForceSymmetryEv @ 0x73e280
GUIDED: _ZN12NavEKF3_core18ConstrainVariancesEv @ 0x73e3d0
GUIDED: _ZN11QuaternionTIdE9normalizeEv @ 0xa78840
GUIDED: _ZNK11QuaternionTIdE6lengthEv @ 0xa78920
GUIDED: _Z20constrain_value_lineIdET_S0_S0_S0_j @ 0xa789e0
GUIDED: _Z2sqI9AP_ParamTIfL11ap_var_type4EEEdT_ @ 0xa78b00
GUIDED: _ZNK9AP_ParamTIfL11ap_var_type4EEcvdEv @ 0xa78b60
GUIDED: _ZL7radiansf.4333 @ 0x73ee40
GUIDED: _ZL2sqf.4255 @ 0x73f960
GUIDED: _ZNK8Location21get_distance_NE_ftypeERKS_ @ 0x73fab0
GUIDED: _ZN16EKF_IMU_buffer_tIN12NavEKF3_core15output_elementsEEixEj @ 0xa78c80
GUIDED: _ZNK14ekf_imu_buffer3getEh @ 0x73fd60
GUIDED: _ZNK14ekf_imu_buffer10get_offsetEh @ 0x73fdc0
GUIDED: _ZNK14AP_BattMonitor11consumed_whERfh @ 0x741960
GUIDED: _ZNK6AP_GPS8get_vdopEh @ 0xa78de0
GUIDED: _ZNK6AP_GPS16last_fix_time_msEh @ 0xa78e50
GUIDED: _ZNK6AP_GPS20last_message_time_msEh @ 0xa78ec0
GUIDED: _ZNK6AP_GPS22have_vertical_velocityEh @ 0xa78f30
GUIDED: _ZNK6AP_GPS18get_antenna_offsetEh @ 0x743ad0
GUIDED: _ZNK14AP_GPS_Blended18get_antenna_offsetEv @ 0xa78fb0
GUIDED: _ZNK6AP_GPS11gps_yaw_degEhRfS0_Rj @ 0x743ba0
GUIDED: _ZNK6AP_GPS11is_rtk_baseEh @ 0x743d90
GUIDED: _ZNK6AP_GPS12have_gps_yawEh @ 0xa79000
GUIDED: _ZNK12AP_Proximity10get_statusEv @ 0x744ad0
GUIDED: _ZNK12AP_Proximity11num_sensorsEv @ 0xa790a0
GUIDED: _ZNK11RangeFinder11num_sensorsEv @ 0xa790f0
GUIDED: _ZNK10AP_Vehicle18get_time_flying_msEv @ 0xa795b0
GUIDED: _ZN12SRV_Channels23get_output_channel_maskEN11SRV_Channel8FunctionE @ 0x74b8f0
GUIDED: _ZN11SRV_Channel9output_chEv @ 0x74c710
GUIDED: _ZN11SRV_Channel12set_overrideEb @ 0xa797b0
GUIDED: _ZN12SRV_Channels17set_output_scaledEN11SRV_Channel8FunctionEf @ 0x74d030
GUIDED: _ZNK10AP_Mission5stateEv @ 0xa79b70
GUIDED: _ZN19AP_ServoRelayEvents13update_eventsEv @ 0x756040
GUIDED: _Z16constrain_uint16ttt @ 0xa7a0f0
GUIDED: _Z15constrain_valueItET_S0_S0_S0_ @ 0xa7a180
GUIDED: _ZN17AP_Logger_Backend17Write_Mission_CmdERK10AP_MissionRKNS0_15Mission_CommandE11LogMessages @ 0x756290
GUIDED: _ZNK9AP_Follow11have_targetEv @ 0x75a5e0
GUIDED: _ZN9AP_Follow13get_singletonEv @ 0xa7a950
GUIDED: _ZN18AR_AttitudeControl21get_steering_rate_pidEv @ 0xa7a9e0
GUIDED: _ZNK6AC_PID12get_pid_infoEv @ 0xa7aa30
GUIDED: _ZN12AP_Scripting19is_handling_commandEt @ 0x75ef60
GUIDED: _ZNK7Vector3IfE6is_infEv @ 0xa7b410
GUIDED: _ZN7Vector2IfE9normalizeEv @ 0xa7b740
GUIDED: _ZN7Vector2IfEdVEf @ 0xa7b7a0
GUIDED: _ZNK7Vector2IfE6is_infEv @ 0xa7b820
GUIDED: _ZL3MAXIjjEDTqugtfp_fp0_fp_fp0_ERKT_RKT0_.5595 @ 0x791640
GUIDED: _ZN9AP_Logger19file_content_updateEv @ 0x791840
GUIDED: _ZN9AP_Logger34prepare_at_arming_sys_file_loggingEv @ 0x7918e0
GUIDED: _ZN9AP_Logger19file_content_updateERNS_11FileContentE @ 0x7919a0
GUIDED: _ZN9AP_Logger11FileContent15remove_and_freeEPNS_9file_listE @ 0x791c50
GUIDED: _ZN9AP_Logger24WriteBlock_first_succeedEPKvt @ 0x791db0
GUIDED: _ZN9AP_Logger11FileContent5resetEv @ 0x791ea0
GUIDED: _ZN35LoggerMessageWriter_Write_Polyfence7processEv @ 0x791fe0
GUIDED: _ZN17AP_Logger_Backend13Write_MessageEPKc @ 0x7921e0
GUIDED: _ZNK19LoggerMessageWriter32out_of_time_for_writing_messagesEv @ 0x7922a0
GUIDED: _ZN39LoggerMessageWriter_WriteAllRallyPoints7processEv @ 0x792400
GUIDED: _ZN38LoggerMessageWriter_WriteEntireMission7processEv @ 0x7925d0
GUIDED: _ZN32LoggerMessageWriter_WriteSysInfo5resetEv @ 0x792770
GUIDED: _ZN32LoggerMessageWriter_WriteSysInfo7processEv @ 0x7927d0
GUIDED: _ZN17AP_Logger_Backend14Write_MessageFEPKcz @ 0x792b10
GUIDED: _ZN17AP_Logger_Backend9Write_VEREv @ 0x792d20
GUIDED: _ZN8AP_Param12storage_usedEv @ 0xa7cba0
GUIDED: _ZN8AP_Param12storage_sizeEv @ 0xa7cbe0
GUIDED: _ZN30LoggerMessageWriter_DFLogStart5resetEv @ 0x792e90
GUIDED: _ZN30LoggerMessageWriter_DFLogStart7processEv @ 0x792fa0
GUIDED: _ZNK30LoggerMessageWriter_DFLogStart35out_of_time_for_writing_messages_dfEv @ 0x7935a0
GUIDED: _ZNK17AP_Logger_Backend9num_typesEv @ 0x793630
GUIDED: _ZNK17AP_Logger_Backend9structureEh @ 0x793680
GUIDED: _ZN30LoggerMessageWriter_DFLogStart19check_process_limitEj @ 0x7936f0
GUIDED: _ZN17AP_Logger_Backend15Write_ParameterEPK8AP_ParamRKNS0_10ParamTokenE11ap_var_typef @ 0x793760
GUIDED: _ZNK17AP_Logger_Backend9num_unitsEv @ 0x793840
GUIDED: _ZNK17AP_Logger_Backend4unitEh @ 0x793890
GUIDED: _ZN17AP_Logger_Backend10Write_UnitEPK13UnitStructure @ 0x793900
GUIDED: _ZNK17AP_Logger_Backend15num_multipliersEv @ 0x7939d0
GUIDED: _ZNK17AP_Logger_Backend10multiplierEh @ 0x793a20
GUIDED: _ZN17AP_Logger_Backend16Write_MultiplierEPK19MultiplierStructure @ 0x793a90
GUIDED: _ZNK17AP_Logger_Backend22vehicle_message_writerEv @ 0x793b40
GUIDED: _ZNK9AP_Logger10multiplierEt @ 0x793ba0
GUIDED: _ZNK9AP_Logger4unitEt @ 0x793c10
GUIDED: _ZN17AP_Logger_Backend14periodic_tasksEv @ 0x794200
GUIDED: _ZNK17AP_Logger_Backend13StartNewLogOKEv @ 0x7945f0
GUIDED: _ZN17AP_Logger_Backend24WriteMoreStartupMessagesEv @ 0x7946d0
GUIDED: _ZN17AP_Logger_Backend29start_new_log_reset_variablesEv @ 0x794880
GUIDED: _ZN9AP_Logger24backend_starting_new_logEPK17AP_Logger_Backend @ 0x794da0
GUIDED: _ZN17AP_Logger_Backend13PrepForArmingEv @ 0x796650
GUIDED: _ZNK17AP_Logger_Backend15logging_enabledEv @ 0x7966f0
GUIDED: _ZN17AP_Logger_Backend13periodic_10HzEj @ 0x796820
GUIDED: _ZN17AP_Logger_Backend12periodic_1HzEv @ 0x796870
GUIDED: _ZN17AP_Logger_Backend15push_log_blocksEv @ 0x796900
GUIDED: _ZN17AP_Logger_Backend12df_stats_logEv @ 0x796960
GUIDED: _ZN17AP_Logger_Backend26Write_AP_Logger_Stats_FileERKNS_8df_statsE @ 0x7969d0
GUIDED: _ZN17AP_Logger_Backend14df_stats_clearEv @ 0x796ae0
GUIDED: _ZNK30LoggerMessageWriter_DFLogStart8fmt_doneEv @ 0xa7d820
GUIDED: _ZNK17AP_Logger_Backend40non_messagewriter_message_reserved_spaceEj @ 0xa7d880
GUIDED: _ZNK17AP_Logger_Backend31critical_message_reserved_spaceEj @ 0xa7d8f0
GUIDED: _ZN17AP_Logger_Backend15df_stats_gatherEtj @ 0x798fb0
GUIDED: _ZN9AP_Logger16get_max_num_logsEv @ 0x79ab00
GUIDED: _ZNK14AP_Logger_File12CardInsertedEv @ 0x79ad00
GUIDED: _ZN14AP_Logger_File13find_last_logEv @ 0x79ae30
GUIDED: _ZNK14AP_Logger_File15logging_startedEv @ 0xa7dd80
GUIDED: _ZN14AP_Logger_File21bufferspace_availableEv @ 0x79bcb0
GUIDED: _ZN14AP_Logger_File13start_new_logEv @ 0x79bd60
GUIDED: _ZN14AP_Logger_File12stop_loggingEv @ 0x79c190
GUIDED: _ZNK14AP_Logger_File14logging_failedEv @ 0x79c2c0
GUIDED: _ZN14AP_Logger_File8io_timerEv @ 0x79c380
GUIDED: _ZN14AP_Logger_File12periodic_1HzEv @ 0x79c950
GUIDED: _ZN14AP_Logger_File17periodic_fullrateEv @ 0x79cc00
GUIDED: _ZNK14AP_Logger_File8WritesOKEv @ 0x79cc50
GUIDED: _ZNK14AP_Logger_File13StartNewLogOKEv @ 0x79cce0
GUIDED: _ZN14AP_Logger_File27PrepForArming_start_loggingEv @ 0x79cd90
GUIDED: _ZN14AP_Logger_File22_WritePrioritisedBlockEPKvtb @ 0x79ce90
GUIDED: _ZN7AP_AHRS6updateEb @ 0x79d100
GUIDED: _ZN7AP_AHRS18update_orientationEv @ 0x79d440
GUIDED: _ZN17AP_InertialSensor6updateEv @ 0x79d540
GUIDED: _ZN7AP_AHRS29update_trim_rotation_matricesEv @ 0x79dbb0
GUIDED: _ZN7AP_AHRS10update_DCMEv @ 0x79dcc0
GUIDED: _ZN7AP_AHRS12update_flagsEv @ 0x79dd60
GUIDED: _ZN7AP_AHRS11update_SITLEv @ 0x79de20
GUIDED: _ZN7AP_AHRS15update_externalEv @ 0x79ded0
GUIDED: _ZN7AP_AHRS11update_EKF2Ev @ 0x79dff0
GUIDED: _ZN7AP_AHRS11update_EKF3Ev @ 0x79e4e0
GUIDED: _ZNK7AP_AHRS14get_gyro_driftEv @ 0xa7dde0
GUIDED: _ZN7AP_AHRS14update_AOA_SSAEv @ 0x79ecd0
GUIDED: _ZNK7AP_AHRS16_active_EKF_typeEv @ 0x79ed20
GUIDED: _ZN7AP_AHRS12update_stateEv @ 0x79f250
GUIDED: _ZNK7AP_AHRS23_get_primary_gyro_indexEv @ 0x79f4f0
GUIDED: _ZNK7AP_AHRS23_get_primary_core_indexEv @ 0x79f5a0
GUIDED: _ZNK7AP_AHRS14_wind_estimateER7Vector3IfE @ 0x79f670
GUIDED: _ZN15AP_AHRS_Backend11get_EAS2TASEv @ 0x79f7a0
GUIDED: _ZNK7AP_AHRS13_airspeed_EASERfRNS_20AirspeedEstimateTypeE @ 0x79f7e0
GUIDED: _ZNK7AP_AHRS13_airspeed_TASERf @ 0x79fd60
GUIDED: _ZNK7AP_AHRS13_airspeed_TASER7Vector3IfE @ 0x79fe70
GUIDED: _ZNK7AP_AHRS15_get_quaternionER11QuaternionTIfE @ 0x79ff50
GUIDED: _ZNK7AP_AHRS23_get_secondary_attitudeER7Vector3IfE @ 0x7a0110
GUIDED: _ZNK7AP_AHRS25_get_secondary_quaternionER11QuaternionTIfE @ 0x7a0310
GUIDED: _ZNK7AP_AHRS13_get_locationER8Location @ 0x7a04c0
GUIDED: _ZNK7AP_AHRS23_get_secondary_positionER8Location @ 0x7a0640
GUIDED: _ZN7AP_AHRS19_groundspeed_vectorEv @ 0x7a0790
GUIDED: _ZN7AP_AHRS12_groundspeedEv @ 0x7a08c0
GUIDED: _ZNK7AP_AHRS29_getCorrectedDeltaVelocityNEDER7Vector3IfERf @ 0x7a0990
GUIDED: _ZNK7AP_AHRS17_get_velocity_NEDER7Vector3IfE @ 0x7a0c20
GUIDED: _ZNK7NavEKF39getVelNEDER7Vector3IfE @ 0x7a0de0
GUIDED: _ZNK12NavEKF3_core9getVelNEDER7Vector3IfE @ 0x7a1110
GUIDED: _ZNK7NavEKF312getAccelBiasEaR7Vector3IfE @ 0x7a1300
GUIDED: _ZNK17AP_InertialSensor18get_delta_velocityEhR7Vector3IfERf @ 0x7a13d0
GUIDED: _ZNK7AP_AHRS43get_rotation_autopilot_body_to_vehicle_bodyEv @ 0xa7ded0
GUIDED: _ZNK17AP_InertialSensor14get_delta_timeEv @ 0xa7df20
GUIDED: _ZL3MINIffEDTqultfp_fp0_fp_fp0_ERKT_RKT0_.3149 @ 0x7a1580
GUIDED: _ZL3MINIffEDTqultfp_fp0_fp_fp0_ERKT_RKT0_.1609 @ 0x7a1610
GUIDED: _ZNK12NavEKF3_core12getAccelBiasER7Vector3IfE @ 0x7a16a0
GUIDED: _ZL7radiansf.1596 @ 0x7a1d90
GUIDED: _ZNK7AP_AHRS23_get_secondary_EKF_typeERNS_7EKFTypeE @ 0x7a1de0
GUIDED: _ZNK7NavEKF36getLLHER8Location @ 0x7a1fd0
GUIDED: _ZNK12NavEKF3_core6getLLHER8Location @ 0x7a2070
GUIDED: _ZNK7AP_AHRS24fallback_active_EKF_typeEv @ 0x7a2640
GUIDED: _ZNK11AP_AHRS_DCM14get_quaternionER11QuaternionTIfE @ 0x7a2690
GUIDED: _ZNK7NavEKF313getQuaternionER11QuaternionTIfE @ 0x7a2790
GUIDED: _ZN11QuaternionTIfE6rotateERK7Vector3IfE @ 0xa7e200
GUIDED: _ZN11QuaternionTIfE15from_axis_angleE7Vector3IfE @ 0xa7e2b0
GUIDED: _ZN15AP_ExternalAHRS14get_quaternionER11QuaternionTIfE @ 0x7a2890
GUIDED: _ZNK12NavEKF3_core13getQuaternionER11QuaternionTIfE @ 0x7a2940
GUIDED: _ZNK11QuaternionTIdE7tofloatEv @ 0xa7e390
GUIDED: _ZNK7NavEKF314getEulerAnglesER7Vector3IfE @ 0x7a2af0
GUIDED: _ZNK7NavEKF312getAirSpdVecER7Vector3IfE @ 0x7a2cd0
GUIDED: _ZNK12NavEKF3_core12getAirSpdVecER7Vector3IfE @ 0x7a2d70
GUIDED: _ZNK11QuaternionTIdE7inverseEv @ 0xa7e410
GUIDED: _ZNK7AP_AHRS25get_active_airspeed_indexEv @ 0x7a3170
GUIDED: _ZNK7AP_AHRS27_should_use_airspeed_sensorEh @ 0x7a3270
GUIDED: _ZNK7AP_AHRS27get_wind_estimation_enabledEv @ 0xa7e4c0
GUIDED: _ZNK7NavEKF37getWindER7Vector3IfE @ 0x7a3580
GUIDED: _ZNK12NavEKF3_core7getWindER7Vector3IfE @ 0x7a36a0
GUIDED: _ZN15AP_AHRS_Backend23airspeed_sensor_enabledEh @ 0xa7e580
GUIDED: _ZNK7AP_AHRS23airspeed_sensor_enabledEh @ 0xa7e660
GUIDED: _ZNK7AP_AHRS10option_setENS_7OptionsE @ 0xa7e6c0
GUIDED: _ZNK7NavEKF317getActiveAirspeedEv @ 0x7a3870
GUIDED: _ZNK12NavEKF3_core17getActiveAirspeedEv @ 0x7a3900
GUIDED: _ZNK7AP_Baro12_get_EAS2TASEv @ 0x7a3950
GUIDED: _ZNK7AP_Baro20get_EAS2TAS_extendedEf @ 0x7a39c0
GUIDED: _ZNK7NavEKF319getPrimaryCoreIndexEv @ 0x7a3c90
GUIDED: _ZNK7NavEKF326configuredToUseGPSForPosXYEv @ 0x7a3eb0
GUIDED: _ZNK11AP_AHRS_DCM20yaw_source_availableEv @ 0x7a3f30
GUIDED: _ZNK16AP_NavEKF_Source14getPosXYSourceEh @ 0xa7e820
GUIDED: _ZNK7AP_AHRS9calc_trigERK7Matrix3IfERfS4_S4_S4_S4_S4_ @ 0x7a3fe0
GUIDED: _ZNK9AP_Logger15allow_start_ekfEv @ 0x7a43d0
GUIDED: _ZN7NavEKF312UpdateFilterEv @ 0x7a4aa0
GUIDED: _ZNK7NavEKF320getRotationBodyToNEDER7Matrix3IfE @ 0x7a5070
GUIDED: _ZN7AP_AHRS16update_cd_valuesEv @ 0x7a5100
GUIDED: _ZN7AP_AHRS11update_trigEv @ 0x7a5240
GUIDED: _ZNK17AP_InertialSensor22get_first_usable_accelEv @ 0xa7e8a0
GUIDED: _ZNK7NavEKF311getGyroBiasEaR7Vector3IfE @ 0x7a5320
GUIDED: _ZN7AP_AHRS32update_notify_from_filter_statusERK17nav_filter_status @ 0x7a53f0
GUIDED: _ZNK12NavEKF3_core11getGyroBiasER7Vector3IfE @ 0x7a54a0
GUIDED: _ZL7degreesf.1550 @ 0x7a5580
GUIDED: _ZN6AP_DAL11start_frameENS_9FrameTypeE @ 0x7a55d0
GUIDED: _ZNK6AP_DAL8micros64Ev @ 0xa7e8f0
GUIDED: _ZNK12NavEKF3_core21getFramesSincePredictEv @ 0x7a5ab0
GUIDED: _ZN6AP_DAL22ekf_low_time_remainingENS_7EKFTypeEh @ 0x7a5b10
GUIDED: _ZN12NavEKF3_core12UpdateFilterEb @ 0x7a5c50
GUIDED: _ZNK6AP_DAL9get_armedEv @ 0xa7e940
GUIDED: _ZN7NavEKF321updateCoreErrorScoresEv @ 0x7a5e80
GUIDED: _ZN7NavEKF324updateCoreRelativeErrorsEv @ 0x7a5f40
GUIDED: _ZNK7NavEKF315coreBetterScoreEhh @ 0x7a60e0
GUIDED: _ZN16AP_NavEKF_Source22align_inactive_sourcesEv @ 0x7a62e0
GUIDED: _ZNK16AP_NavEKF_Source13getPosZSourceEh @ 0x7a6590
GUIDED: _ZNK7AP_EnumIN16AP_NavEKF_Source7SourceZEEcvKS1_Ev @ 0xa7ea20
GUIDED: _ZL3MAXI9AP_ParamTIfL11ap_var_type4EEfEDTqugtfp_fp0_fp_fp0_ERKT_RKT0_.3912 @ 0x7a6770
GUIDED: _ZN18NavEKF_core_common22fill_scratch_variablesEv @ 0x7a6800
GUIDED: _ZN12NavEKF3_core23update_sensor_selectionEv @ 0x7a68a0
GUIDED: _ZN12NavEKF3_core18controlFilterModesEv @ 0x7a6910
GUIDED: _ZN12NavEKF3_core11readIMUDataEb @ 0x7a69e0
GUIDED: _ZN12NavEKF3_core27UpdateStrapdownEquationsNEDEv @ 0x7a72b0
GUIDED: _ZN12NavEKF3_core20CovariancePredictionEP7Vector3IdE @ 0x7a7790
GUIDED: _ZN12NavEKF3_core25runYawEstimatorPredictionEv @ 0x7b1f80
GUIDED: _ZN12NavEKF3_core15SelectMagFusionEv @ 0x7b20e0
GUIDED: _ZN12NavEKF3_core18SelectVelPosFusionEv @ 0x7b2e10
GUIDED: _ZN12NavEKF3_core25runYawEstimatorCorrectionEv @ 0x7b37d0
GUIDED: _ZN12NavEKF3_core18SelectRngBcnFusionEv @ 0x7b39c0
GUIDED: _ZN12NavEKF3_core16SelectFlowFusionEv @ 0x7b3af0
GUIDED: _ZN12NavEKF3_core20SelectBodyOdomFusionEv @ 0x7b3dd0
GUIDED: _ZN12NavEKF3_core15SelectTasFusionEv @ 0x7b4080
GUIDED: _ZN12NavEKF3_core20SelectBetaDragFusionEv @ 0x7b4180
GUIDED: _ZN12NavEKF3_core18updateFilterStatusEv @ 0x7b4440
GUIDED: _ZN12NavEKF3_core13moveEKFOriginEv @ 0x7b4d80
GUIDED: _ZN12NavEKF3_core21checkUpdateEarthFieldEv @ 0x7b4f30
GUIDED: _ZN12NavEKF3_core16calcOutputStatesEv @ 0x7b4ff0
GUIDED: _ZN12NavEKF3_core11readMagDataEv @ 0x7b6340
GUIDED: _ZN12NavEKF3_core11readGpsDataEv @ 0x7b6850
GUIDED: _ZN12NavEKF3_core14readGpsYawDataEv @ 0x7b71e0
GUIDED: _ZN12NavEKF3_core12readBaroDataEv @ 0x7b7310
GUIDED: _ZN6AP_DAL3insEv @ 0xa7ead0
GUIDED: _ZNK21AP_DAL_InertialSensor9get_accelEh @ 0xa7eb20
GUIDED: _ZL2sqf.4316 @ 0x7b9340
GUIDED: _ZNK16AP_NavEKF_Source13useVelZSourceENS_7SourceZEh @ 0x7b94b0
GUIDED: _ZNK12NavEKF3_core26CorrectGPSForAntennaOffsetERNS_12gps_elementsE @ 0x7b95e0
GUIDED: _ZNK10AP_DAL_GPS18get_antenna_offsetEh @ 0xa7edf0
GUIDED: _ZNK7Vector3IdErmERKS0_ @ 0xa7ee60
GUIDED: _ZNK7Matrix3IdE13mul_transposeERK7Vector3IdE @ 0xa7ef40
GUIDED: _ZN7Vector3IdEdVEd @ 0xa7f050
GUIDED: _ZNK21AP_DAL_InertialSensor16get_loop_delta_tEv @ 0xa7f0e0
GUIDED: _ZNK14AP_DAL_Compass16get_first_usableEv @ 0xa7f500
GUIDED: _ZNK11AP_DAL_Baro15get_last_updateEh @ 0xa7f770
GUIDED: _ZNK11AP_DAL_Baro12get_altitudeEh @ 0xa7f7e0
GUIDED: _ZN16EKF_obs_buffer_tIN12NavEKF3_core13baro_elementsEE4pushERKS1_ @ 0xa7f850
GUIDED: _ZNK10AP_DAL_GPS11gps_yaw_degEhRfS0_Rj @ 0xa7f8c0
GUIDED: _ZL3MAXIfdEDTqugtfp_fp0_fp_fp0_ERKT_RKT0_ @ 0x7b9fe0
GUIDED: _ZNK10AP_DAL_GPS20last_message_time_msEh @ 0xa7f9e0
GUIDED: _ZNK10AP_DAL_GPS7get_lagEhRf @ 0xa7fa50
GUIDED: _ZL3MINIjjEDTqultfp_fp0_fp_fp0_ERKT_RKT0_.4133 @ 0x7ba1e0
GUIDED: _ZNK10AP_DAL_GPS8velocityEh @ 0xa7fb00
GUIDED: _ZNK10AP_DAL_GPS22have_vertical_velocityEh @ 0xa7fb70
GUIDED: _ZNK10AP_DAL_GPS14speed_accuracyEhRf @ 0xa7fbf0
GUIDED: _ZL3MAXIdfEDTqugtfp_fp0_fp_fp0_ERKT_RKT0_.4129 @ 0x7ba260
GUIDED: _ZL3MINIdfEDTqultfp_fp0_fp_fp0_ERKT_RKT0_ @ 0x7ba300
GUIDED: _ZL3MAXId9AP_ParamTIfL11ap_var_type4EEEDTqugtfp_fp0_fp_fp0_ERKT_RKT0_ @ 0x7ba3a0
GUIDED: _ZNK10AP_DAL_GPS19horizontal_accuracyEhRf @ 0xa7fca0
GUIDED: _ZNK10AP_DAL_GPS17vertical_accuracyEhRf @ 0xa7fd50
GUIDED: _ZNK10AP_DAL_GPS8num_satsEh @ 0xa7fe00
GUIDED: _ZN12NavEKF3_core18calcGpsGoodToAlignEv @ 0x7ba450
GUIDED: _ZN12NavEKF3_core20calcGpsGoodForFlightEv @ 0x7bb3b0
GUIDED: _ZN16EKF_obs_buffer_tIN12NavEKF3_core12gps_elementsEE4pushERKS1_ @ 0xa7fe70
GUIDED: _ZL3MAXIddEDTqugtfp_fp0_fp_fp0_ERKT_RKT0_.4294 @ 0x7bb870
GUIDED: _ZL3MINIdfEDTqultfp_fp0_fp_fp0_ERKT_RKT0_.4281 @ 0x7bb8f0
GUIDED: _ZNK10AP_DAL_GPS8get_hdopEh @ 0xa7fee0
GUIDED: _ZNK14AP_DAL_Compass9availableEv @ 0xa7ff50
GUIDED: _ZNK14AP_DAL_Compass9get_countEv @ 0xa7ffb0
GUIDED: _ZNK14AP_DAL_Compass21learn_offsets_enabledEv @ 0xa80000
GUIDED: _ZNK14AP_DAL_Compass7healthyEh @ 0xa80060
GUIDED: _ZNK14AP_DAL_Compass16last_update_usecEh @ 0xa800d0
GUIDED: _ZNK14AP_DAL_Compass11get_offsetsEh @ 0xa80140
GUIDED: _ZNK7Vector3IdEneERKS0_ @ 0xa801b0
GUIDED: _ZN12NavEKF3_core12mag_elementsC2Ev @ 0xa80280
GUIDED: _ZNK14AP_DAL_Compass9get_fieldEh @ 0xa802e0
GUIDED: _ZNK14AP_DAL_Compass10consistentEv @ 0xa80350
GUIDED: _ZN16EKF_obs_buffer_tIN12NavEKF3_core12mag_elementsEE4pushERKS1_ @ 0xa803b0
GUIDED: _Z8is_equalIddENSt3__19enable_ifIXsr3std17is_floating_pointINS0_11common_typeIJT_T0_EE4typeEEE5valueEbE4typeES3_S4_ @ 0xa80420
GUIDED: _ZN12NavEKF3_core17correctDeltaAngleER7Vector3IdEdh @ 0x7bbbd0
GUIDED: _ZN12NavEKF3_core20correctDeltaVelocityER7Vector3IdEdh @ 0x7bbc90
GUIDED: _ZN11QuaternionTIdEC2Ev @ 0xa804a0
GUIDED: _ZN11QuaternionTIdE15from_axis_angleE7Vector3IdE @ 0xa80510
GUIDED: _ZN11QuaternionTIdEmLERKS0_ @ 0xa805d0
GUIDED: _ZNK11QuaternionTIdE15rotation_matrixER7Matrix3IdE @ 0xa80770
GUIDED: _ZNK21AP_DAL_InertialSensor8get_gyroEh @ 0xa80960
GUIDED: _ZNK6AP_DAL20get_takeoff_expectedEv @ 0xa80a70
GUIDED: _ZN16EKF_IMU_buffer_tIN12NavEKF3_core12imu_elementsEE18get_youngest_indexEv @ 0xa80ae0
GUIDED: _ZN16EKF_IMU_buffer_tIN12NavEKF3_core12imu_elementsEE16get_oldest_indexEv @ 0xa80b40
GUIDED: _ZNK11QuaternionTIdEdvERKS0_ @ 0xa80ba0
GUIDED: _ZN11QuaternionTIdEixEh @ 0xa80dc0
GUIDED: _ZL3MAXIddEDTqugtfp_fp0_fp_fp0_ERKT_RKT0_.4344 @ 0x7bbdb0
GUIDED: _ZN12NavEKF3_core15output_elementsC2Ev @ 0xa80e30
GUIDED: _ZNK14ekf_imu_buffer16get_oldest_indexEv @ 0xa80eb0
GUIDED: _ZNK14ekf_imu_buffer18get_youngest_indexEv @ 0xa80f00
GUIDED: _ZN11QuaternionTIdE15from_axis_angleERK7Vector3IdEd @ 0xa80f50
GUIDED: _ZNK6AP_DAL22get_touchdown_expectedEv @ 0xa81070
GUIDED: _ZNK6AP_DAL11get_EAS2TASEv @ 0xa81150
GUIDED: _ZN7Vector3IdEixEh @ 0xa81210
GUIDED: _ZNK7Vector3IdEixEh @ 0xa81280
GUIDED: _ZN7Vector2IdEixEh @ 0xa812f0
GUIDED: _ZN15ekf_ring_buffer6recallEPvj @ 0x7c2910
GUIDED: _ZNK15ekf_ring_buffer7time_msEh @ 0x7c2a70
GUIDED: _ZN12NavEKF3_core14readAirSpdDataEv @ 0x7c2ae0
GUIDED: _ZNK12NavEKF3_core11useAirspeedEv @ 0x7c47b0
GUIDED: _ZNK6AP_DAL23airspeed_sensor_enabledEv @ 0xa81610
GUIDED: _ZN16EKF_obs_buffer_tIN12NavEKF3_core16vel_odm_elementsEE6recallERS1_j @ 0xa81680
GUIDED: _ZN16EKF_obs_buffer_tIN12NavEKF3_core18wheel_odm_elementsEE6recallERS1_j @ 0xa81700
GUIDED: _ZN12NavEKF3_core11of_elementsC2Ev @ 0xa81780
GUIDED: _ZN16EKF_obs_buffer_tIN12NavEKF3_core11of_elementsEE6recallERS1_j @ 0xa81810
GUIDED: _ZNK7Vector2IdEixEh @ 0xa81890
GUIDED: _ZN12NavEKF3_core14readRngBcnDataEv @ 0x7d1700
GUIDED: _ZN10EKFGSF_yaw11fuseVelDataERK7Vector2IdEd @ 0x7d53b0
GUIDED: _ZNK12NavEKF3_core13EKFGSF_getYawERdS0_ @ 0x7d57b0
GUIDED: _ZNK11QuaternionTIdE8to_eulerERdS1_S1_ @ 0xa81d60
GUIDED: _ZNK11QuaternionTIdE12to_vector312Ev @ 0xa81e10
GUIDED: _ZN7Matrix3IdE13from_euler312Eddd @ 0xa82150
GUIDED: _ZNK7Matrix3IdE11to_euler312Ev @ 0xa827f0
GUIDED: _ZN7Matrix3IdEixEh @ 0xa828e0
GUIDED: _ZNK10EKFGSF_yaw10getYawDataERdS0_Ph @ 0x7d6120
GUIDED: _ZL7radiansf.4097 @ 0x7d6200
GUIDED: _ZL2sqf.4095 @ 0x7d6250
GUIDED: _ZNK10EKFGSF_yaw17getVelInnovLengthERd @ 0x7d62a0
GUIDED: _ZN10EKFGSF_yaw11resetEKFGSFEv @ 0x7d63e0
GUIDED: _ZN10EKFGSF_yaw8alignYawEv @ 0x7d6550
GUIDED: _ZN10EKFGSF_yaw7correctEhRK7Vector2IdEd @ 0x7d67c0
GUIDED: _ZNK10EKFGSF_yaw15gaussianDensityEh @ 0x7d7b80
GUIDED: _ZL3MAXIdfEDTqugtfp_fp0_fp_fp0_ERKT_RKT0_.3598 @ 0x7d7f00
GUIDED: _ZN10EKFGSF_yaw13forceSymmetryEh @ 0x7d7fa0
GUIDED: _ZNK7Matrix3IdE8to_eulerEPdS1_S1_ @ 0xa82950
GUIDED: _ZN16EKF_obs_buffer_tIN12NavEKF3_core16ext_nav_elementsEE6recallERS1_j @ 0xa82a50
GUIDED: _ZN16EKF_obs_buffer_tIN12NavEKF3_core20ext_nav_vel_elementsEE6recallERS1_j @ 0xa82ad0
GUIDED: _ZNK12NavEKF3_core35CalculateVelInnovationsAndVariancesERK7Vector3IdEddRS1_S4_ @ 0x7d84d0
GUIDED: _ZN16EKF_obs_buffer_tIN12NavEKF3_core12gps_elementsEE6recallERS1_j @ 0xa82b50
GUIDED: _ZN12NavEKF3_core21selectHeightForFusionEv @ 0x7d8b10
GUIDED: _ZN12NavEKF3_core13FuseVelPosNEDEv @ 0x7da010
GUIDED: _ZL3MAXIdfEDTqugtfp_fp0_fp_fp0_ERKT_RKT0_.4269 @ 0x7dc360
GUIDED: _ZL3MAXI9AP_ParamTIfL11ap_var_type4EEfEDTqugtfp_fp0_fp_fp0_ERKT_RKT0_.4270 @ 0x7dc400
GUIDED: _ZN12NavEKF3_core15readRangeFinderEv @ 0x7dc490
GUIDED: _ZN16EKF_obs_buffer_tIN12NavEKF3_core14range_elementsEE6recallERS1_j @ 0xa82bd0
GUIDED: _ZN16EKF_obs_buffer_tIN12NavEKF3_core13baro_elementsEE6recallERS1_j @ 0xa82ca0
GUIDED: _ZL3MAXIddEDTqugtfp_fp0_fp_fp0_ERKT_RKT0_.4118 @ 0x7dd060
GUIDED: _ZL3MAXI9AP_ParamTIfL11ap_var_type4EEfEDTqugtfp_fp0_fp_fp0_ERKT_RKT0_.4107 @ 0x7dd230
GUIDED: _ZN12NavEKF3_core12fuseEulerYawENS_15yawFusionMethodE @ 0x7dd2c0
GUIDED: _ZN16EKF_obs_buffer_tIN12NavEKF3_core12yaw_elementsEE6recallERS1_j @ 0xa82f30
GUIDED: _ZN16EKF_obs_buffer_tIN12NavEKF3_core12mag_elementsEE6recallERS1_j @ 0xa82fb0
GUIDED: _ZN12NavEKF3_core18controlMagYawResetEv @ 0x7df260
GUIDED: _ZNK7Matrix3IdEixEh @ 0xa83180
GUIDED: _ZL3MAXIdfEDTqugtfp_fp0_fp_fp0_ERKT_RKT0_.4105 @ 0x7e60b0
GUIDED: _ZN12NavEKF3_core17MagTableConstrainEv @ 0x7e6150
GUIDED: _ZNK11QuaternionTIdE13to_axis_angleER7Vector3IdE @ 0xa831f0
GUIDED: _ZN10EKFGSF_yaw6updateERK7Vector3IdES3_ddbd @ 0x7e68d0
GUIDED: _ZN10EKFGSF_yaw7predictEh @ 0x7e7360
GUIDED: _ZN10EKFGSF_yaw11predictAHRSEh @ 0x7e7eb0
GUIDED: _ZL7radiansf.3596 @ 0x7e8430
GUIDED: _ZL2sqf.3597 @ 0x7e8480
GUIDED: _ZNK10EKFGSF_yaw12updateRotMatERK7Matrix3IdERK7Vector3IdE @ 0x7e84d0
GUIDED: _ZN12NavEKF3_core21calcTiltErrorVarianceEv @ 0x7e8db0
GUIDED: _ZN12NavEKF3_core23verifyTiltErrorVarianceEv @ 0x7e9490
GUIDED: _ZL3MINIffEDTqultfp_fp0_fp_fp0_ERKT_RKT0_.4336 @ 0x7e9890
GUIDED: _ZN11QuaternionTIdE6rotateERK7Vector3IdE @ 0xa837b0
GUIDED: _ZN12NavEKF3_core15ConstrainStatesEv @ 0x7e9920
GUIDED: _ZNK21AP_DAL_InertialSensor9use_accelEh @ 0xa83870
GUIDED: _ZNK21AP_DAL_InertialSensor8use_gyroEh @ 0xa83940
GUIDED: _ZN12NavEKF3_core19learnInactiveBiasesEv @ 0x7e9d60
GUIDED: _ZN12NavEKF3_core19updateMovementCheckEv @ 0x7ea2d0
GUIDED: _ZN12NavEKF3_core17readDeltaVelocityEhR7Vector3IdERd @ 0x7eab70
GUIDED: _ZNK21AP_DAL_InertialSensor18get_imu_pos_offsetEh @ 0xa83a10
GUIDED: _ZN12NavEKF3_core14readDeltaAngleEhR7Vector3IdERd @ 0x7eacc0
GUIDED: _ZN16EKF_IMU_buffer_tIN12NavEKF3_core12imu_elementsEE21push_youngest_elementES1_ @ 0xa83a80
GUIDED: _ZN12NavEKF3_core14SampleDragDataERKNS_12imu_elementsE @ 0x7eade0
GUIDED: _ZN16EKF_IMU_buffer_tIN12NavEKF3_core12imu_elementsEE18get_oldest_elementEv @ 0xa83ae0
GUIDED: _ZN12NavEKF3_core22updateTimingStatisticsEv @ 0x7eb090
GUIDED: _ZL3MINIfdEDTqultfp_fp0_fp_fp0_ERKT_RKT0_ @ 0x7eb340
GUIDED: _ZN12NavEKF3_core12imu_elementsC2Ev @ 0xa83b60
GUIDED: _ZN14ekf_imu_buffer18get_oldest_elementEPv @ 0x7eb3e0
GUIDED: _ZN14ekf_imu_buffer21push_youngest_elementEPKv @ 0x7eb4a0
GUIDED: _ZNK21AP_DAL_InertialSensor14get_gyro_countEv @ 0xa83c40
GUIDED: _ZNK21AP_DAL_InertialSensor15get_delta_angleEhR7Vector3IfERf @ 0xa83c90
GUIDED: _ZNK21AP_DAL_InertialSensor15get_accel_countEv @ 0xa83d90
GUIDED: _ZNK21AP_DAL_InertialSensor18get_delta_velocityEhR7Vector3IfERf @ 0xa83de0
GUIDED: _ZL7radiansi.4131 @ 0x7eb590
GUIDED: _ZN12NavEKF3_core12detectFlightEv @ 0x7eb5f0
GUIDED: _ZN12NavEKF3_core27setWindMagStateLearningModeEv @ 0x7ebab0
GUIDED: _ZN12NavEKF3_core28checkAttitudeAlignmentStatusEv @ 0x7ec350
GUIDED: _ZN12NavEKF3_core13setAidingModeEv @ 0x7ec460
GUIDED: _ZN12NavEKF3_core12setYawSourceEv @ 0x7ed3d0
GUIDED: _ZN12NavEKF3_core18checkGyroCalStatusEv @ 0x7ed4a0
GUIDED: _ZL3MINIttEDTqultfp_fp0_fp_fp0_ERKT_RKT0_ @ 0x7edb80
GUIDED: _ZL7radiansd.4050 @ 0x7edc00
GUIDED: _ZN12NavEKF3_core19updateStateIndexLimEv @ 0x7edcf0
GUIDED: _ZNK6AP_DAL18get_time_flying_msEv @ 0xa83ed0
GUIDED: _ZN10EKFGSF_yaw11setGyroBiasER7Vector3IfE @ 0x7ede20
GUIDED: _ZN12NavEKF3_core20update_gps_selectionEv @ 0x7edee0
GUIDED: _ZN12NavEKF3_core20update_mag_selectionEv @ 0x7edfe0
GUIDED: _ZN12NavEKF3_core21update_baro_selectionEv @ 0x7ee120
GUIDED: _ZN12NavEKF3_core25update_airspeed_selectionEv @ 0x7ee200
GUIDED: _ZNK11AP_DAL_Baro11get_primaryEv @ 0xa83f70
GUIDED: _Z9fill_nanfPdt @ 0x7ee310
GUIDED: _ZNK17AP_InertialSensor20get_last_update_usecEv @ 0xa84030
GUIDED: _ZNK17AP_InertialSensor16get_loop_delta_tEv @ 0xa84080
GUIDED: _ZNK7AP_AHRS17get_vehicle_classEv @ 0xa840d0
GUIDED: _ZNK7AP_AHRS20get_takeoff_expectedEv @ 0xa84120
GUIDED: _ZNK7AP_AHRS22get_touchdown_expectedEv @ 0xa84180
GUIDED: _ZNK7AP_AHRS8get_trimEv @ 0xa841e0
GUIDED: _ZN2AP12wheelencoderEv @ 0x7ee730
GUIDED: _ZNK15AP_WheelEncoder11num_sensorsEv @ 0xa84240
GUIDED: _ZNK7AP_AHRS43get_rotation_vehicle_body_to_autopilot_bodyEv @ 0xa84290
GUIDED: _ZN21AP_DAL_InertialSensor11start_frameEv @ 0x7ee770
GUIDED: _ZN11AP_DAL_Baro11start_frameEv @ 0x7ee9f0
GUIDED: _ZN10AP_DAL_GPS11start_frameEv @ 0x7eeb60
GUIDED: _ZN14AP_DAL_Compass11start_frameEv @ 0x7eef60
GUIDED: _ZNK9AP_Beacon7enabledEv @ 0x7efa10
GUIDED: _ZNK9AP_Beacon12device_readyEv @ 0x7efd50
GUIDED: _ZNK7AP_EnumIN9AP_Beacon4TypeEEcvKS1_Ev @ 0xa84340
GUIDED: _ZNK7Compass24auto_declination_enabledEv @ 0xa84490
GUIDED: _ZNK7Compass15get_declinationEv @ 0x7efec0
GUIDED: _ZNK7Compass15get_num_enabledEv @ 0x7eff20
GUIDED: _ZNK7Compass16get_first_usableEv @ 0xa84500
GUIDED: _ZNK7Compass17have_scale_factorEh @ 0x7effe0
GUIDED: _ZNK7Compass16last_update_usecEh @ 0xa84550
GUIDED: _ZNK14typesafe_indexIh14TAG_StateIndexEgeERKh @ 0xa845d0
GUIDED: _ZNK7AP_Baro11get_primaryEv @ 0xa84640
GUIDED: _ZNK7AP_Baro15get_last_updateEh @ 0xa84690
GUIDED: _ZNK17AP_InertialSensor16get_loop_rate_hzEv @ 0xa84700
GUIDED: _ZNK17AP_InertialSensor15get_delta_angleEhR7Vector3IfERf @ 0x7f0120
GUIDED: _ZN21AP_DAL_InertialSensor15update_filteredEh @ 0x7f02f0
GUIDED: _ZNK17AP_InertialSensor18get_imu_pos_offsetEh @ 0xa84750
GUIDED: _ZNK17AP_InertialSensor10_accel_posEh @ 0xa847b0
GUIDED: _ZN17AP_InertialSensor10_accel_posEh @ 0xa84810
GUIDED: _ZN15AP_WheelEncoder13get_singletonEv @ 0xa84880
GUIDED: _ZN7NavEKF216InitialiseFilterEv @ 0x7f2d80
GUIDED: _ZNK6AP_DAL12get_ekf_typeEv @ 0xa87070
GUIDED: _ZN16AP_AHRS_External6updateEv @ 0x826160
GUIDED: _ZN16AP_AHRS_External11get_resultsERN15AP_AHRS_Backend9EstimatesE @ 0x8261b0
GUIDED: _ZN7AP_AHRS37copy_estimates_from_backend_estimatesERKN15AP_AHRS_Backend9EstimatesE @ 0x826400
GUIDED: _ZN15AP_ExternalAHRS6updateEv @ 0x8266e0
GUIDED: _ZL7degreesf.9850 @ 0x826a10
GUIDED: _ZN11AP_AHRS_SIM6updateEv @ 0xa87c30
GUIDED: _ZN11AP_AHRS_SIM11get_resultsERN15AP_AHRS_Backend9EstimatesE @ 0x826a60
GUIDED: _ZN11AP_AHRS_DCM6updateEv @ 0x827640
GUIDED: _ZN11AP_AHRS_DCM11get_resultsERN15AP_AHRS_Backend9EstimatesE @ 0x827960
GUIDED: _ZN11AP_AHRS_DCM13matrix_updateEv @ 0x827a80
GUIDED: _ZN11AP_AHRS_DCM9normalizeEv @ 0x827cd0
GUIDED: _ZN11AP_AHRS_DCM16drift_correctionEf @ 0x827ef0
GUIDED: _ZN11AP_AHRS_DCM12check_matrixEv @ 0x829250
GUIDED: _ZN11AP_AHRS_DCM15backup_attitudeEv @ 0x829350
GUIDED: _ZNK11AP_AHRS_DCM12get_error_rpEv @ 0xa87cf0
GUIDED: _ZNK11AP_AHRS_DCM13get_error_yawEv @ 0xa87d40
GUIDED: _ZN7Matrix3IfE6is_nanEv @ 0xa87d90
GUIDED: _ZN11AP_AHRS_DCM20drift_correction_yawEv @ 0x829840
GUIDED: _ZNK6AP_GPS16last_fix_time_msEv @ 0xa87ea0
GUIDED: _ZL3MAXIfiEDTqugtfp_fp0_fp_fp0_ERKT_RKT0_.1607 @ 0x829d60
GUIDED: _ZNK11AP_AHRS_DCM26should_correct_centrifugalEv @ 0x829e00
GUIDED: _ZN11AP_AHRS_DCM10ra_delayedEhRK7Vector3IfE @ 0x829e50
GUIDED: _ZNK17AP_InertialSensor7healthyEv @ 0xa87f00
GUIDED: _ZN11AP_AHRS_DCM7_P_gainEf @ 0x829f50
GUIDED: _ZNK11AP_AHRS_DCM14use_fast_gainsEv @ 0x82a030
GUIDED: _ZL7radiansi.1608 @ 0x82a0c0
GUIDED: _ZNK17AP_InertialSensor19get_gyro_drift_rateEv @ 0xa87f80
GUIDED: _ZNK17AP_InertialSensor15get_gyro_healthEv @ 0xa87fd0
GUIDED: _ZNK17AP_InertialSensor16get_accel_healthEv @ 0xa88030
GUIDED: _ZNK7Compass16last_update_usecEv @ 0xa88090
GUIDED: _ZN7Compass4readEv @ 0x82a120
GUIDED: _ZN11AP_AHRS_DCM17yaw_error_compassER7Compass @ 0x82a4f0
GUIDED: _ZNK11AP_AHRS_DCM9_yaw_gainEv @ 0x82a670
GUIDED: _ZNK7Matrix3IfE5mulXYERK7Vector3IfE @ 0xa880f0
GUIDED: _ZNK7Vector2IfErmERKS0_ @ 0xa881c0
GUIDED: _ZN7Compass15_detect_runtimeEv @ 0x82a820
GUIDED: _ZN9AP_Logger13Write_CompassEv @ 0x82ab50
GUIDED: _ZN19RestrictIDTypeArrayI9AP_ParamTIaL11ap_var_type1EELj3E14typesafe_indexIh12TAG_PriorityEEixERKS5_ @ 0xa88240
GUIDED: _ZN9AP_Logger22Write_Compass_instanceEmh @ 0x82abf0
GUIDED: _ZNK7Compass17get_motor_offsetsEh @ 0xa882c0
GUIDED: _ZN18AP_Compass_Backend25drain_accumulated_samplesEhPK7Vector3IfE @ 0x82cb20
GUIDED: _ZN18AP_Compass_Backend22publish_filtered_fieldERK7Vector3IfEh @ 0x82cca0
GUIDED: _ZN11AP_AHRS_DCM6renormERK7Vector3IfERS1_ @ 0x82cd60
GUIDED: _ZNK17AP_InertialSensor15get_delta_angleER7Vector3IfERf @ 0xa88b40
GUIDED: _ZNK7Vector3IfEeqERKS0_ @ 0xa88bd0
GUIDED: _ZNK14AP_Logger_File17recent_open_errorEv @ 0x82d110
GUIDED: _ZNK14AP_Logger_File15io_thread_aliveEv @ 0x82d1a0
GUIDED: _ZN14AP_Logger_File18write_lastlog_fileEt @ 0x82d3c0
GUIDED: _ZN14AP_Logger_File16disk_space_availEv @ 0x82d530
GUIDED: _ZL3MINIjjEDTqultfp_fp0_fp_fp0_ERKT_RKT0_.5718 @ 0x82d610
GUIDED: _ZN13AP_Filesystem17bytes_until_fsyncEi @ 0x82d690
GUIDED: _ZN13AP_Filesystem9disk_freeEPKc @ 0x82d710
GUIDED: _ZNK14AP_Logger_File18_lastlog_file_nameEv @ 0x82d790
GUIDED: _ZNK14AP_Logger_File14_log_file_nameEt @ 0x82d820
GUIDED: _ZN14AP_Logger_File13_get_log_sizeEt @ 0x82d8c0
GUIDED: _ZN14AP_Logger_File27ensure_log_directory_existsEv @ 0x82da90
GUIDED: _ZN2AP4rssiEv @ 0x834950
GUIDED: _ZNK7AP_RSSI7enabledEv @ 0xa89480
GUIDED: _ZN7AP_RSSI13get_singletonEv @ 0x835180
GUIDED: _ZN13AP_CANManager20check_logging_enableEv @ 0x836140
GUIDED: _ZN7FunctorIvJEE14method_wrapperI13AP_CANManagerXadL_ZNS2_20check_logging_enableEvEEEEvPv @ 0xa89ab0
GUIDED: _ZNK13AP_CANManager15CANIface_Params13option_is_setENS0_7OptionsE @ 0xa89b60
GUIDED: _ZN9AP_Logger13Write_MessageEPKc @ 0x840d30
GUIDED: _ZNK22AP_BattMonitor_Backend13option_is_setEN21AP_BattMonitor_Params7OptionsE @ 0xa9b9e0
GUIDED: _ZN22AP_BattMonitor_Backend15update_consumedERN14AP_BattMonitor17BattMonitor_StateEj @ 0x858240
GUIDED: _ZN22AP_BattMonitor_Backend13calculate_mahEff @ 0xa9ba70
GUIDED: _ZN18AP_Compass_Backend17accumulate_sampleER7Vector3IfEhj @ 0x85a550
GUIDED: _ZN18AP_Compass_Backend12rotate_fieldER7Vector3IfEh @ 0x85a6d0
GUIDED: _ZN18AP_Compass_Backend17publish_raw_fieldERK7Vector3IfEh @ 0x85a7c0
GUIDED: _ZN18AP_Compass_Backend13correct_fieldER7Vector3IfEh @ 0x85a8d0
GUIDED: _ZN18AP_Compass_Backend8field_okERK7Vector3IfE @ 0x85acd0
GUIDED: _ZNK7Compass16get_filter_rangeEv @ 0xa9dd90
GUIDED: _ZNK16Compass_PerMotor7enabledEv @ 0xa9ddf0
GUIDED: _ZN7Compass13_get_priorityE14typesafe_indexIh14TAG_StateIndexE @ 0xa9de60
GUIDED: _ZN14AP_GPS_Backend15set_alt_amsl_cmERN6AP_GPS9GPS_StateEi @ 0x85f3a0
GUIDED: _ZN16JitterCorrection31correct_offboard_timestamp_usecEmm @ 0x85f5b0
GUIDED: _ZNK14AP_GPS_Backend10option_setEN6AP_GPS13DriverOptionsE @ 0xaa0ff0
GUIDED: _ZNK6AP_GPS10option_setENS_13DriverOptionsE @ 0xaa1060
GUIDED: _ZN6AP_RTC12set_utc_usecEmNS_11source_typeE @ 0x860020
GUIDED: _ZNK11GCS_MAVLINK14option_enabledENS_6OptionE @ 0xaa34f0
GUIDED: _ZNK16AP_SerialManager9UARTState12get_protocolEv @ 0xaa3570
GUIDED: _ZN2AP8PerfInfo13set_loop_rateEt @ 0x872540
GUIDED: _ZN2AP8PerfInfo5resetEv @ 0x872600
GUIDED: _ZN3GCS10send_textvE12MAV_SEVERITYPKcP13__va_list_tagh @ 0x872c30
GUIDED: _ZNK3GCS43min_loop_time_remaining_for_message_send_usEv @ 0xaa3d30
GUIDED: _ZNK3GCS26min_status_for_gps_healthyEv @ 0xaa3ec0
GUIDED: _ZL3MINImmEDTqultfp_fp0_fp_fp0_ERKT_RKT0_.6171 @ 0x873140
GUIDED: _ZN11ObjectArrayIN3GCS12statustext_tEE10push_forceERKS1_ @ 0xaa3f10
GUIDED: _ZN2AP11frsky_telemEv @ 0x8731c0
GUIDED: _ZN2AP14spektrum_telemEv @ 0x873200
GUIDED: _ZN9AP_Notify9send_textEPKc @ 0x873240
GUIDED: _ZN17AP_Spektrum_Telem13get_singletonEv @ 0xaa4050
GUIDED: _ZN14AP_Frsky_Telem13get_singletonEv @ 0xaa4090
GUIDED: _ZNK11ObjectArrayIN3GCS12statustext_tEE5spaceEv @ 0xaa40d0
GUIDED: _ZN11ObjectArrayIN3GCS12statustext_tEE4pushERKS1_ @ 0xaa4130
GUIDED: _ZN5Rover8set_modeEh10ModeReason @ 0x8732e0
GUIDED: _ZNK5Rover29current_mode_requires_missionEv @ 0xaa4270
GUIDED: _ZNK5Rover17get_wp_distance_mERf @ 0x873dc0
GUIDED: _ZNK5Rover18get_wp_bearing_degERf @ 0x873e70
GUIDED: _ZNK5Rover25get_wp_crosstrack_error_mERf @ 0x873f20
GUIDED: _ZN5Rover20set_control_channelsEv @ 0x874c20
GUIDED: _ZN5Rover18fence_checks_asyncEv @ 0x874f00
GUIDED: _ZN6AP_HAL15timeout_expiredIjjjEEbT_T0_T1_ @ 0xaa4390
GUIDED: _ZN8AC_Fence5checkEb @ 0x875020
GUIDED: _ZN8AC_Fence19clear_margin_breachEh @ 0x875430
GUIDED: _ZN5Rover2rcEv @ 0xaa44e0
GUIDED: _ZN10RC_Channel9set_angleEt @ 0x876170
GUIDED: _ZN8Sailboat10init_rc_inEv @ 0x876260
GUIDED: _ZN6AP_HAL8RCOutput15set_esc_scalingEtt @ 0xaa4530
GUIDED: _ZN12SRV_Channels19set_esc_scaling_forEN11SRV_Channel8FunctionE @ 0x8764c0
GUIDED: _ZNK5Rover13is_balancebotEv @ 0x876aa0
GUIDED: _ZN8AP_Param15save_io_handlerEv @ 0x877350
GUIDED: _ZN7FunctorIvJEE14method_wrapperI8AP_ParamXadL_ZNS2_15save_io_handlerEvEEEEvPv @ 0xaa46e0
GUIDED: _ZN15ObjectBuffer_TSIN8AP_Param10param_saveEE3popERS1_ @ 0xaa4790
GUIDED: _ZN5Rover11notify_modeEPK4Mode @ 0x877450
GUIDED: _ZN5Rover3gcsEv @ 0xaa4870
GUIDED: _ZN12SRV_Channels17enable_aux_servosEv @ 0x87b780
GUIDED: _ZL21failsafe_check_staticv @ 0x87d310
GUIDED: _ZN5Rover8set_modeER4Mode10ModeReason @ 0x87d8a0
GUIDED: _ZN5Rover18mode_from_mode_numEN4Mode6NumberE @ 0x87de10
GUIDED: _ZNK5Rover7is_boatEv @ 0x87e250
GUIDED: _ZN10RC_Channel16read_mode_switchEv @ 0x87e800
GUIDED: _ZN10RC_Channel16read_6pos_switchERa @ 0x87e880
GUIDED: _ZN10RC_Channel18debounce_completedEa @ 0x87e9e0
GUIDED: _ZN5Rover34Log_Write_Vehicle_Startup_MessagesEv @ 0x87ead0
GUIDED: _ZN7FunctorIvJEE14method_wrapperI5RoverXadL_ZNS2_34Log_Write_Vehicle_Startup_MessagesEvEEEEvPv @ 0xaa4c80
GUIDED: _ZN9AP_Logger10Write_ModeEh10ModeReason @ 0x87eb80
GUIDED: _ZN6AP_GPS36Write_AP_Logger_Log_Startup_messagesEv @ 0x87ec30
GUIDED: _ZN17AP_Logger_Backend10Write_ModeEh10ModeReason @ 0x87ed10
GUIDED: _ZN7AP_AHRS15set_fly_forwardEb @ 0xaa4db0
GUIDED: _ZN17AP_InertialSensor12BatchSampler21rotate_to_next_sensorEv @ 0x87fec0
GUIDED: _ZN17AP_InertialSensor12BatchSampler32update_doing_sensor_rate_loggingEv @ 0x880110
GUIDED: _ZL3MINIhhEDTqultfp_fp0_fp_fp0_ERKT_RKT0_.17357 @ 0x880250
GUIDED: _ZNK17AP_InertialSensor12BatchSampler10has_optionENS0_11batch_opt_tE @ 0xaa6240
GUIDED: _ZN17AP_InertialSensor12_gyro_offsetEh @ 0xaa62c0
GUIDED: _ZN17AP_InertialSensor12caltemp_gyroEh @ 0xaa6330
GUIDED: _ZN22AP_InertialSensor_SITL6updateEv @ 0x881a10
GUIDED: _ZN25AP_InertialSensor_Backend10accumulateEv @ 0xaa6450
GUIDED: _ZNK25AP_InertialSensor_Backend24get_gyro_backend_rate_hzEv @ 0xaa65c0
GUIDED: _ZN25AP_InertialSensor_Backend11set_primaryEb @ 0xaa6620
GUIDED: _ZNK25AP_InertialSensor_Backend21_gyro_raw_sample_rateEh @ 0xaa6670
GUIDED: _ZN22AP_InertialSensor_SITL12timer_updateEv @ 0x882190
GUIDED: _ZN7FunctorIvJEE14method_wrapperI22AP_InertialSensor_SITLXadL_ZNS2_12timer_updateEvEEEEvPv @ 0xaa6740
GUIDED: _ZN22AP_InertialSensor_SITL14generate_accelEv @ 0x882660
GUIDED: _ZN22AP_InertialSensor_SITL13generate_gyroEv @ 0x883640
GUIDED: _ZNK25AP_InertialSensor_Backend20enable_fast_samplingEh @ 0xaa67f0
GUIDED: _ZNK22AP_InertialSensor_SITL10gyro_driftEv @ 0x8840a0
GUIDED: _ZL7radiansd.17279 @ 0x8842a0
GUIDED: _ZL7radiansf.17280 @ 0x8842f0
GUIDED: _ZN22AP_InertialSensor_SITL15get_temperatureEv @ 0x8843d0
GUIDED: _ZNK22AP_InertialSensor_TCal15sitl_apply_gyroEfR7Vector3IfE @ 0x884570
GUIDED: _ZN25AP_InertialSensor_Backend35_notify_new_gyro_sensor_rate_sampleEhRK7Vector3IfE @ 0x884650
GUIDED: _ZN25AP_InertialSensor_Backend24_rotate_and_correct_gyroEhR7Vector3IfE @ 0x884850
GUIDED: _ZN25AP_InertialSensor_Backend27_notify_new_gyro_raw_sampleEhRK7Vector3IfEm @ 0x8849e0
GUIDED: _ZNK25AP_InertialSensor_Backend15has_been_killedEh @ 0xaa6880
GUIDED: _ZNK25AP_InertialSensor_Backend19_update_sensor_rateERtRjRf @ 0x885080
GUIDED: _ZN25AP_InertialSensor_Backend18apply_gyro_filtersEhRK7Vector3IfE @ 0x885250
GUIDED: _ZN25AP_InertialSensor_Backend12log_gyro_rawEhmRK7Vector3IfES3_ @ 0x885610
GUIDED: _ZN25AP_InertialSensor_Backend14update_primaryEv @ 0x8858a0
GUIDED: _ZNK17AP_InertialSensor22raw_logging_option_setENS_18RAW_LOGGING_OPTIONE @ 0xaa6900
GUIDED: _ZNK25AP_InertialSensor_Backend18should_log_imu_rawEv @ 0x885980
GUIDED: _ZNK17AP_InertialSensor12BatchSampler25doing_sensor_rate_loggingEv @ 0xaa6980
GUIDED: _ZNK17AP_InertialSensor12BatchSampler25doing_post_filter_loggingEv @ 0xaa69e0
GUIDED: _ZN17AP_InertialSensor12BatchSampler6sampleEhNS_15IMU_SENSOR_TYPEEmRK7Vector3IfE @ 0x885b90
GUIDED: _ZN17AP_InertialSensor12BatchSampler10should_logEhNS_15IMU_SENSOR_TYPEE @ 0x885ce0
GUIDED: _ZN25AP_InertialSensor_Backend16save_gyro_windowEhRK7Vector3IfEh @ 0x885e20
GUIDED: _ZN15LowPassFilter2pI7Vector3IfEE5applyERKS1_ @ 0xaa6cc0
GUIDED: _ZN19DigitalBiquadFilterI7Vector3IfEE5applyERKS1_RKNS2_13biquad_paramsE @ 0xaa6e10
GUIDED: _ZNK25AP_InertialSensor_Backend18sensors_convergingEv @ 0x8860e0
GUIDED: _ZNK22AP_InertialSensor_TCal12correct_gyroEffR7Vector3IfE @ 0x886210
GUIDED: _ZNK22AP_InertialSensor_TCal14correct_sensorEffPK9AP_ParamVI7Vector3IfEL11ap_var_type5EERS2_ @ 0x8862b0
GUIDED: _ZNK22AP_InertialSensor_TCal15polynomial_evalEfPK9AP_ParamVI7Vector3IfEL11ap_var_type5EE @ 0x8864c0
GUIDED: _ZNK22AP_InertialSensor_TCal16sitl_apply_accelEfR7Vector3IfE @ 0x889470
GUIDED: _ZN25AP_InertialSensor_Backend36_notify_new_accel_sensor_rate_sampleEhRK7Vector3IfE @ 0x889550
GUIDED: _ZN25AP_InertialSensor_Backend25_rotate_and_correct_accelEhR7Vector3IfE @ 0x889750
GUIDED: _ZN25AP_InertialSensor_Backend28_notify_new_accel_raw_sampleEhRK7Vector3IfEmb @ 0x889970
GUIDED: _ZN25AP_InertialSensor_Backend20_publish_temperatureEhf @ 0x889f20
GUIDED: _ZN17AP_InertialSensor27calc_vibration_and_clippingEhRK7Vector3IfEf @ 0x889fc0
GUIDED: _ZN17AP_InertialSensor19set_accel_peak_holdEhRK7Vector3IfE @ 0x88a240
GUIDED: _ZN25AP_InertialSensor_Backend13log_accel_rawEhmRK7Vector3IfE @ 0x88a320
GUIDED: _ZNK25AP_InertialSensor_Backend14get_clip_limitEv @ 0xaa7e30
GUIDED: _ZN13LowPassFilterI7Vector3IfEE5applyERKS1_RKf @ 0xaa7e80
GUIDED: _ZN10DigitalLPFI7Vector3IfEE6_applyERKS1_RKf @ 0xaa7f40
GUIDED: _ZNK22AP_InertialSensor_TCal13correct_accelEffR7Vector3IfE @ 0x88a700
GUIDED: _ZN25AP_InertialSensor_Backend12update_accelEh @ 0x88ab80
GUIDED: _ZN25AP_InertialSensor_Backend11update_gyroEh @ 0x88aca0
GUIDED: _ZN25AP_InertialSensor_Backend13_publish_gyroEhRK7Vector3IfE @ 0x88ae00
GUIDED: _ZN25AP_InertialSensor_Backend19update_gyro_filtersEh @ 0x88af70
GUIDED: _ZNK25AP_InertialSensor_Backend19_gyro_filter_cutoffEv @ 0xaa8210
GUIDED: _ZN25AP_InertialSensor_Backend14_publish_accelEhRK7Vector3IfE @ 0x88b3b0
GUIDED: _ZN25AP_InertialSensor_Backend20update_accel_filtersEh @ 0x88b5e0
GUIDED: _ZNK25AP_InertialSensor_Backend20_accel_filter_cutoffEv @ 0xaa84f0
GUIDED: _ZNK5Rover16gcs_mode_enabledEN4Mode6NumberE @ 0x88d170
GUIDED: _ZN4Mode5enterEv @ 0x88d1f0
GUIDED: _ZN8AC_Fence21manual_recovery_startEv @ 0x88d380
GUIDED: _ZN9AP_Camera16set_is_auto_modeEb @ 0xaa8990
GUIDED: _ZN4Mode4exitEv @ 0x88d410
GUIDED: _ZN8Sailboat10clear_tackEv @ 0x88d470
GUIDED: _ZNK10AP_Vehicle21block_GCS_mode_changeEhPKhh @ 0x88d4e0
GUIDED: _ZNK7AP_EnumIN13AP_OADatabase11OutputLevelEEcvKS1_Ev @ 0xaa9fb0
GUIDED: _ZN11AP_SmartRTL22run_background_cleanupEv @ 0x895f40
GUIDED: _ZN7FunctorIvJEE14method_wrapperI11AP_SmartRTLXadL_ZNS2_22run_background_cleanupEvEEEEvPv @ 0xaaa610
GUIDED: _ZN11AP_SmartRTL15routine_cleanupEtt @ 0x896210
GUIDED: _ZN11AP_SmartRTL22detect_simplificationsEv @ 0x8963e0
GUIDED: _ZN11AP_SmartRTL33remove_points_by_simplify_bitmaskEv @ 0x896750
GUIDED: _ZN11AP_SmartRTL29restart_pruning_if_new_pointsEv @ 0x896930
GUIDED: _ZN11AP_SmartRTL12detect_loopsEv @ 0x8969a0
GUIDED: _ZN11AP_SmartRTL20segment_segment_distERK7Vector3IfES3_S3_S3_ @ 0x896fc0
GUIDED: _ZN11AP_SmartRTL8add_loopEttRK7Vector3IfE @ 0x897560
GUIDED: _ZNK11AP_SmartRTL13loops_overlapERKNS_12prune_loop_tES2_ @ 0x897900
GUIDED: _ZNK7BitmaskILt500EE3getEt @ 0xaaa6c0
GUIDED: _ZNK7BitmaskILt500EE8validateEt @ 0xaaa790
GUIDED: _ZNK7Vector3IfE19distance_to_segmentERKS0_S2_ @ 0xaaa820
GUIDED: _ZN7BitmaskILt500EE5clearEt @ 0xaaaa10
GUIDED: _ZN5Rover14failsafe_checkEv @ 0x897b00
GUIDED: _ZNK7AP_AHRS12get_accel_efEv @ 0xaae2d0
GUIDED: _ZNK7AP_AHRS18get_yaw_rate_earthEv @ 0xab09c0
GUIDED: _ZNK12NavEKF3_core9getMagXYZER7Vector3IfE @ 0x8c3bc0
GUIDED: _ZNK12NavEKF3_core9getMagNEDER7Vector3IfE @ 0x8c3e40
GUIDED: _ZNK7Vector2IfEdvEf @ 0xab1e70
GUIDED: _ZNK14AP_GPS_Backend32supports_mavlink_gps_rtk_messageEv @ 0xab3050
GUIDED: _ZNK14AP_GPS_Blended7get_lagERf @ 0x8d0780
GUIDED: _ZNK14AP_GPS_Blended10is_healthyEv @ 0xab3210
GUIDED: _ZNK14AP_GPS_Backend36Write_AP_Logger_Log_Startup_messagesEv @ 0x8d0800
GUIDED: _ZN14AP_GPS_Backend18prepare_for_armingEv @ 0xab3310
GUIDED: _ZNK14AP_GPS_Backend18_detection_messageEPch @ 0x8d0870
GUIDED: _ZN7AP_Baro6updateEv @ 0x8d0e50
GUIDED: _ZNK7AP_Baro7healthyEv @ 0xab3620
GUIDED: _ZN15AP_Baro_Backend14backend_updateEh @ 0x8d1570
GUIDED: _ZN7AP_Baro24wind_pressure_correctionEh @ 0x8d15f0
GUIDED: _ZNK7AP_Baro15get_last_updateEv @ 0xab3680
GUIDED: _ZN16DerivativeFilterIfLh7EE6updateEfj @ 0xab36e0
GUIDED: _ZN7AP_Baro22update_field_elevationEv @ 0x8d1930
GUIDED: _ZNK7AP_Baro10should_logEv @ 0x8d1bb0
GUIDED: _ZN7AP_Baro10Write_BaroEv @ 0x8d1c60
GUIDED: _ZN7AP_Baro19Write_Baro_instanceEmh @ 0x8d1cf0
GUIDED: _ZNK7AP_Baro21get_baro_drift_offsetEv @ 0xab37c0
GUIDED: _ZNK7AP_Baro22get_ground_temperatureEv @ 0x8d1f10
GUIDED: _ZNK7AP_Baro22get_corrected_pressureEh @ 0xab3810
GUIDED: _ZN16FilterWithBufferIfLh7EE5applyEf @ 0xab3940
GUIDED: _ZNK6AP_HAL6OwnPtrINS_9I2CDeviceEEptEv @ 0xab8350
GUIDED: _ZN15AP_Compass_SITL6_timerEv @ 0x8f14d0
GUIDED: _ZN7FunctorIvJEE14method_wrapperI15AP_Compass_SITLXadL_ZNS2_6_timerEvEEEEvPv @ 0xabc5c0
GUIDED: _Z10rand_vec3fv @ 0x8f1a00
GUIDED: _ZN7VectorNIN15AP_Compass_SITL16readings_compassELh50EEixEh @ 0xabc670
GUIDED: _ZN15AP_Compass_SITL26_setup_eliptical_correcionEh @ 0x8f1a80
GUIDED: _ZNK18AP_Compass_Backend21get_board_orientationEv @ 0x8f1cb0
GUIDED: _ZN15AP_Compass_SITL4readEv @ 0x8f1d00
GUIDED: _ZN15AP_Baro_Backend17_copy_to_frontendEhff @ 0x8f60a0
GUIDED: _ZN12AP_Baro_SITL6_timerEv @ 0x8f7330
GUIDED: _ZN7FunctorIvJEE14method_wrapperI12AP_Baro_SITLXadL_ZNS2_6_timerEvEEEEvPv @ 0xabe240
GUIDED: _ZN7VectorNIN12AP_Baro_SITL13readings_baroELh50EEixEh @ 0xabe2f0
GUIDED: _ZN12AP_Baro_SITL22temperature_adjustmentERfS0_ @ 0x8f7720
GUIDED: _ZN12AP_Baro_SITL24wind_pressure_correctionEh @ 0x8f7910
GUIDED: _ZL2sqf.1777 @ 0x8f7b20
GUIDED: _ZN7AP_Baro22_get_air_density_ratioEv @ 0x8f7b70
GUIDED: _ZL2sqf.1757 @ 0x8f7c10
GUIDED: _ZN12AP_Baro_SITL6updateEv @ 0x8f7d00
GUIDED: _ZN12AP_Baro_SITL19update_healthy_flagEh @ 0xabe400
GUIDED: _ZN12AP_Baro_SITL7healthyEh @ 0x8f7db0
GUIDED: _ZNK22AP_BattMonitor_Backend17has_cell_voltagesEv @ 0xabf520
GUIDED: _ZNK22AP_BattMonitor_Backend15has_temperatureEv @ 0xabf570
GUIDED: _ZNK22AP_BattMonitor_Backend15get_temperatureERf @ 0x8f9d50
GUIDED: _ZNK22AP_BattMonitor_Backend22capacity_remaining_pctERh @ 0x8f9e10
GUIDED: _ZN22AP_BattMonitor_Backend26update_resistance_estimateEv @ 0x8f9f90
GUIDED: _ZN22AP_BattMonitor_Backend16update_failsafesEv @ 0x8fa2e0
GUIDED: _ZNK22AP_BattMonitor_Backend25get_mavlink_fault_bitmaskEv @ 0xabf620
GUIDED: _ZL3MINIifEDTqultfp_fp0_fp_fp0_ERKT_RKT0_.16929 @ 0x8fa600
GUIDED: _ZL3MINIffEDTqultfp_fp0_fp_fp0_ERKT_RKT0_.16930 @ 0x8fa6a0
GUIDED: _ZN21AP_BattMonitor_Analog4readEv @ 0x8fc2a0
GUIDED: _ZNK21AP_BattMonitor_Analog19has_consumed_energyEv @ 0xac0310
GUIDED: _ZNK21AP_BattMonitor_Analog11has_currentEv @ 0x8fc4a0
GUIDED: _ZN9AP_Notify19set_flight_mode_strEPKc @ 0x902ab0
GUIDED: _ZN6RGBLed6updateEv @ 0x908700
GUIDED: _ZN10IS31FL319510hw_set_rgbEhhh @ 0x908a90
GUIDED: _ZN6RGBLed8_set_rgbEhhh @ 0x908b30
GUIDED: _ZNK6RGBLed10rgb_sourceEv @ 0x908c40
GUIDED: _ZNK6RGBLed19get_colour_sequenceEv @ 0x908ea0
GUIDED: _ZNK6RGBLed14get_brightnessEv @ 0x909290
GUIDED: _ZN6RGBLed7set_rgbEhhh @ 0x909390
GUIDED: _ZN10IS31FL31956_timerEv @ 0x909450
GUIDED: _ZN7FunctorIvJEE14method_wrapperI10IS31FL3195XadL_ZNS2_6_timerEvEEEEvPv @ 0xac39c0
GUIDED: _ZN6LP556210hw_set_rgbEhhh @ 0x909940
GUIDED: _ZN6LP55626_timerEv @ 0x9099e0
GUIDED: _ZN7FunctorIvJEE14method_wrapperI6LP5562XadL_ZNS2_6_timerEvEEEEvPv @ 0xac3d30
GUIDED: _ZN14ToshibaLED_I2C10hw_set_rgbEhhh @ 0x90b760
GUIDED: _ZN14ToshibaLED_I2C6_timerEv @ 0x90b810
GUIDED: _ZN7FunctorIvJEE14method_wrapperI14ToshibaLED_I2CXadL_ZNS2_6_timerEvEEEEvPv @ 0xac4a40
GUIDED: _ZN8AR_WPNav44set_origin_and_destination_to_stopping_pointEv @ 0x90c3f0
GUIDED: _ZN8AR_WPNav21get_stopping_locationER8Location @ 0x90c7b0
GUIDED: _ZNK18AR_AttitudeControl21get_stopping_distanceEf @ 0x90c900
GUIDED: _ZNK7Vector2IfE10normalizedEv @ 0xac4dd0
GUIDED: _ZNK18AR_AttitudeControl13get_decel_maxEv @ 0x90c9c0
GUIDED: _ZL2sqf.11094 @ 0x90ca70
GUIDED: _ZN6SCurve4initEv @ 0x90d1b0
GUIDED: _ZN12AR_PivotTurn10deactivateEv @ 0xac4e30
GUIDED: _ZN6SCurve11add_segmentERhfNS_11SegmentTypeEffff @ 0x90fc50
GUIDED: _ZN7FunctorIvJEE14method_wrapperI5RoverXadL_ZNS2_10read_radioEvEEEEvPv @ 0xac4f70
GUIDED: _ZN7FunctorIvJEE14method_wrapperI5RoverXadL_ZNS2_11ahrs_updateEvEEEEvPv @ 0xac5020
GUIDED: _ZN7FunctorIvJEE14method_wrapperI5RoverXadL_ZNS2_17read_rangefindersEvEEEEvPv @ 0xac50d0
GUIDED: _ZN7FunctorIvJEE14method_wrapperI14AP_OpticalFlowXadL_ZNS2_6updateEvEEEEvPv @ 0xac5180
GUIDED: _ZN7FunctorIvJEE14method_wrapperI5RoverXadL_ZNS2_19update_current_modeEvEEEEvPv @ 0xac5230
GUIDED: _ZN7FunctorIvJEE14method_wrapperI5RoverXadL_ZNS2_10set_servosEvEEEEvPv @ 0xac52e0
GUIDED: _ZN7FunctorIvJEE14method_wrapperI6AP_GPSXadL_ZNS2_6updateEvEEEEvPv @ 0xac5390
GUIDED: _ZN7FunctorIvJEE14method_wrapperI7AP_BaroXadL_ZNS2_6updateEvEEEEvPv @ 0xac5440
GUIDED: _ZN7FunctorIvJEE14method_wrapperI9AP_BeaconXadL_ZNS2_6updateEvEEEEvPv @ 0xac54f0
GUIDED: _ZN7FunctorIvJEE14method_wrapperI12AP_ProximityXadL_ZNS2_6updateEvEEEEvPv @ 0xac55a0
GUIDED: _ZN7FunctorIvJEE14method_wrapperI11AP_WindVaneXadL_ZNS2_6updateEvEEEEvPv @ 0xac5650
GUIDED: _ZN7FunctorIvJEE14method_wrapperI5RoverXadL_ZNS2_20update_wheel_encoderEvEEEEvPv @ 0xac5700
GUIDED: _ZN7FunctorIvJEE14method_wrapperI5RoverXadL_ZNS2_14update_compassEvEEEEvPv @ 0xac57b0
GUIDED: _ZN7FunctorIvJEE14method_wrapperI5RoverXadL_ZNS2_15update_logging1EvEEEEvPv @ 0xac5860
GUIDED: _ZN7FunctorIvJEE14method_wrapperI5RoverXadL_ZNS2_15update_logging2EvEEEEvPv @ 0xac5910
GUIDED: _ZN7FunctorIvJEE14method_wrapperI3GCSXadL_ZNS2_14update_receiveEvEEEEvPv @ 0xac59c0
GUIDED: _ZN7FunctorIvJEE14method_wrapperI3GCSXadL_ZNS2_11update_sendEvEEEEvPv @ 0xac5a70
GUIDED: _ZN7FunctorIvJEE14method_wrapperI11RC_ChannelsXadL_ZNS2_16read_mode_switchEvEEEEvPv @ 0xac5b20
GUIDED: _ZN7FunctorIvJEE14method_wrapperI11RC_ChannelsXadL_ZNS2_12read_aux_allEvEEEEvPv @ 0xac5bc0
GUIDED: _ZN7FunctorIvJEE14method_wrapperI14AP_BattMonitorXadL_ZNS2_4readEvEEEEvPv @ 0xac5c70
GUIDED: _ZN7FunctorIvJEE14method_wrapperI19AP_ServoRelayEventsXadL_ZNS2_13update_eventsEvEEEEvPv @ 0xac5d20
GUIDED: _ZN7FunctorIvJEE14method_wrapperI5RoverXadL_ZNS2_15update_preclandEvEEEEvPv @ 0xac5dd0
GUIDED: _ZN7FunctorIvJEE14method_wrapperI8AP_MountXadL_ZNS2_6updateEvEEEEvPv @ 0xac5e80
GUIDED: _ZN7FunctorIvJEE14method_wrapperI9AP_CameraXadL_ZNS2_6updateEvEEEEvPv @ 0xac5f30
GUIDED: _ZN7FunctorIvJEE14method_wrapperI5RoverXadL_ZNS2_18gcs_failsafe_checkEvEEEEvPv @ 0xac5fe0
GUIDED: _ZN7FunctorIvJEE14method_wrapperI5RoverXadL_ZNS2_11fence_checkEvEEEEvPv @ 0xac6090
GUIDED: _ZN7FunctorIvJEE14method_wrapperI5RoverXadL_ZNS2_9ekf_checkEvEEEEvPv @ 0xac6140
GUIDED: _ZN7FunctorIvJEE14method_wrapperI12ModeSmartRTLXadL_ZNS2_13save_positionEvEEEEvPv @ 0xac61f0
GUIDED: _ZN7FunctorIvJEE14method_wrapperI5RoverXadL_ZNS2_15one_second_loopEvEEEEvPv @ 0xac62a0
GUIDED: _ZN7FunctorIvJEE14method_wrapperI10AC_SprayerXadL_ZNS2_6updateEvEEEEvPv @ 0xac6350
GUIDED: _ZN7FunctorIvJEE14method_wrapperI9AP_LoggerXadL_ZNS2_14periodic_tasksEvEEEEvPv @ 0xac6400
GUIDED: _ZN7FunctorIvJEE14method_wrapperI17AP_InertialSensorXadL_ZNS2_8periodicEvEEEEvPv @ 0xac64b0
GUIDED: _ZN7FunctorIvJEE14method_wrapperI12AP_SchedulerXadL_ZNS2_14update_loggingEvEEEEvPv @ 0xac6560
GUIDED: _ZN7FunctorIvJEE14method_wrapperI9AP_ButtonXadL_ZNS2_6updateEvEEEEvPv @ 0xac6610
GUIDED: _ZN7FunctorIvJEE14method_wrapperI5RoverXadL_ZNS2_11crash_checkEvEEEEvPv @ 0xac66c0
GUIDED: _ZN7FunctorIvJEE14method_wrapperI5RoverXadL_ZNS2_19cruise_learn_updateEvEEEEvPv @ 0xac6770
GUIDED: _ZN5Rover19cruise_learn_updateEv @ 0x910a00
GUIDED: _ZNK18AR_AttitudeControl17get_forward_speedERf @ 0x910b60
GUIDED: _ZNK7AP_AHRS7cos_yawEv @ 0xac6890
GUIDED: _ZNK7AP_AHRS7sin_yawEv @ 0xac68e0
GUIDED: _ZN5Rover11crash_checkEv @ 0x910f70
GUIDED: _ZN9AP_Button6updateEv @ 0x911350
GUIDED: _ZN12AP_Scheduler14update_loggingEv @ 0x911fd0
GUIDED: _ZN12AP_Scheduler11debug_flagsEv @ 0xac6ac0
GUIDED: _ZN12AP_Scheduler21Log_Write_PerformanceEv @ 0x912240
GUIDED: _ZN2AP8PerfInfo13has_task_infoEv @ 0xac6b20
GUIDED: _ZNK2AP8PerfInfo20get_num_long_runningEv @ 0x912450
GUIDED: _ZNK2AP8PerfInfo13get_num_loopsEv @ 0x9124a0
GUIDED: _ZNK2AP8PerfInfo12get_max_timeEv @ 0x9124f0
GUIDED: _ZN12AP_Scheduler12load_averageEv @ 0x912540
GUIDED: _ZNK16AP_InternalError5countEv @ 0xac6b80
GUIDED: _ZN17AP_InertialSensor8periodicEv @ 0x912780
GUIDED: _ZN17AP_InertialSensor12BatchSampler8periodicEv @ 0x9127e0
GUIDED: _ZN17AP_InertialSensor12BatchSampler16push_data_to_logEv @ 0x912860
GUIDED: _ZNK17AP_InertialSensor12BatchSampler10Write_ISBHEf @ 0x912af0
GUIDED: _ZNK17AP_InertialSensor12BatchSampler10Write_ISBDEv @ 0x912c50
GUIDED: _ZN9AP_Logger14periodic_tasksEv @ 0x912e00
GUIDED: _ZN10AC_Sprayer6updateEv @ 0x912ea0
GUIDED: _ZN5Rover15one_second_loopEv @ 0x9132f0
GUIDED: _ZN5Rover20handle_auto_arm_onceEv @ 0x913530
GUIDED: _ZN10AP_Vehicle17set_likely_flyingEb @ 0xac6c90
GUIDED: _ZN8AR_WPNav15set_turn_paramsEfb @ 0x9137d0
GUIDED: _ZN13AR_PosControl15set_turn_paramsEfb @ 0x913880
GUIDED: _ZN19AP_WheelRateControl21set_notch_sample_rateEf @ 0x913920
GUIDED: _ZN8AP_Stats10set_flyingEb @ 0x9139b0
GUIDED: _ZN6AC_PID21set_notch_sample_rateEf @ 0x913a80
GUIDED: _ZN12AR_PivotTurn6enableEb @ 0x913e60
GUIDED: _ZN12ModeSmartRTL13save_positionEv @ 0x913ed0
GUIDED: _ZN11AP_SmartRTL6updateEbb @ 0x913f60
GUIDED: _ZN11AP_SmartRTL6updateEbRK7Vector3IfE @ 0x914060
GUIDED: _ZN5Rover9ekf_checkEv @ 0x914190
GUIDED: _ZN5Rover22failsafe_ekf_off_eventEv @ 0x9143f0
GUIDED: _ZN5Rover18ekf_over_thresholdEv @ 0x914490
GUIDED: _ZN5Rover11fence_checkEv @ 0x914800
GUIDED: _ZN5Rover18gcs_failsafe_checkEv @ 0x914ab0
GUIDED: _ZN5Rover16failsafe_triggerEhPKcb @ 0x914be0
GUIDED: _ZN9AP_Camera6updateEv @ 0x915070
GUIDED: _ZN8AP_Mount6updateEv @ 0x915130
GUIDED: _ZN5Rover15update_preclandEv @ 0x9151e0
GUIDED: _ZN11AC_PrecLand6updateEfb @ 0x915240
GUIDED: _ZN14AP_BattMonitor4readEv @ 0x9178c0
GUIDED: _ZN9AP_Logger11Write_PowerEv @ 0x917af0
GUIDED: _ZNK22AP_BattMonitor_Backend13Log_Write_BATEhm @ 0x917b40
GUIDED: _ZNK22AP_BattMonitor_Backend13Log_Write_BCLEhm @ 0x917de0
GUIDED: _ZN14AP_BattMonitor15check_failsafesEv @ 0x917fe0
GUIDED: _ZN14AP_BattMonitor16checkPoweringOffEv @ 0x9182f0
GUIDED: _ZNK22AP_BattMonitor_Backend23get_state_of_health_pctERh @ 0x918450
GUIDED: _ZN11RC_Channels12read_aux_allEv @ 0x9184e0
GUIDED: _ZN10RC_Channel8read_auxEv @ 0x9185d0
GUIDED: _ZN9AP_Logger10Write_RCINEv @ 0x9187d0
GUIDED: _ZN11RC_Channels12get_radio_inEPth @ 0x9189c0
GUIDED: _ZNK11RC_Channels17get_override_maskEv @ 0x918ab0
GUIDED: _ZL3MINIhiEDTqultfp_fp0_fp_fp0_ERKT_RKT0_.6266 @ 0x918b70
GUIDED: _ZN5Rover15update_logging2Ev @ 0x918f80
GUIDED: _ZN5Rover10should_logEj @ 0x919090
GUIDED: _ZN5Rover18Log_Write_SteeringEv @ 0x919100
GUIDED: _ZN5Rover12Log_Write_RCEv @ 0x919250
GUIDED: _ZNK15AP_WheelEncoder9Log_WriteEv @ 0x9192f0
GUIDED: _ZNK17AP_InertialSensor15Write_VibrationEv @ 0x919400
GUIDED: _ZN10AP_GyroFFT18write_log_messagesEv @ 0x919520
GUIDED: _ZN8AP_Mount9write_logEv @ 0x919750
GUIDED: _ZNK17AP_InertialSensor20get_accel_clip_countEh @ 0x919c50
GUIDED: _ZNK15AP_WheelEncoder7enabledEh @ 0x919cf0
GUIDED: _ZN9AP_Logger11Write_RCOUTEv @ 0x91a030
GUIDED: _ZNK18AR_AttitudeControl13get_lat_accelERf @ 0x91a6e0
GUIDED: _ZNK18AR_AttitudeControl21get_desired_turn_rateEv @ 0x91a790
GUIDED: _ZL7degreesf.48 @ 0x91a830
GUIDED: _ZN5Rover15update_logging1Ev @ 0x91a880
GUIDED: _ZN5Rover18Log_Write_AttitudeEv @ 0x91aa60
GUIDED: _ZN5Rover14Log_Write_SailEv @ 0x91ac50
GUIDED: _ZN5Rover18Log_Write_ThrottleEv @ 0x91ae50
GUIDED: _ZN9AP_Beacon3logEv @ 0x91af90
GUIDED: _ZN5Rover20Log_Write_Nav_TuningEv @ 0x91b0d0
GUIDED: _ZNK13AR_PosControl9is_activeEv @ 0x91b1c0
GUIDED: _ZN13AR_PosControl9write_logEv @ 0x91b230
GUIDED: _ZN13AR_PosControl11get_vel_pidEv @ 0xac7830
GUIDED: _ZNK9AC_PID_2D14get_pid_info_xEv @ 0xac7880
GUIDED: _ZN9AP_Logger9Write_PIDEhRK10AP_PIDInfo @ 0x91b4c0
GUIDED: _ZNK9AC_PID_2D14get_pid_info_yEv @ 0xac78d0
GUIDED: _ZN12AP_Proximity3logEv @ 0x91b650
GUIDED: _ZNK12AP_Proximity12distance_maxEv @ 0x91b980
GUIDED: _ZNK12AP_Proximity19get_upward_distanceERf @ 0x91bc40
GUIDED: _ZNK13AR_PosControl14get_pos_targetEv @ 0xac7970
GUIDED: _ZN13AC_PosControl10Write_PSCNEfffffffff @ 0x91c050
GUIDED: _ZN13AC_PosControl10Write_PSCEEfffffffff @ 0x91c150
GUIDED: _ZN13AC_PosControl10Write_PSCxE11LogMessagesfffffffff @ 0x91c250
GUIDED: _ZNK18AR_AttitudeControl17get_desired_speedEv @ 0x91c430
GUIDED: _ZNK18AR_AttitudeControl20speed_control_activeEv @ 0x91c4b0
GUIDED: _ZNK18AR_AttitudeControl17get_desired_pitchEv @ 0x91c6c0
GUIDED: _ZNK7AP_AHRS14Write_AttitudeERK7Vector3IfE @ 0x91c760
GUIDED: _ZN7AP_AHRS9Log_WriteEv @ 0x91c870
GUIDED: _ZNK18AR_AttitudeControl27get_throttle_speed_pid_infoEv @ 0xac7b00
GUIDED: _ZN7NavEKF29Log_WriteEv @ 0x91c900
GUIDED: _ZN7NavEKF39Log_WriteEv @ 0x91ca10
GUIDED: _ZNK7AP_AHRS11Write_AHRS2Ev @ 0x91cb20
GUIDED: _ZNK7AP_AHRS9Write_POSEv @ 0x91cd00
GUIDED: _ZN4SITL3SIM18Log_Write_SIMSTATEEv @ 0x91ce60
GUIDED: _ZNK7AP_AHRS36get_relative_position_D_origin_floatERf @ 0x91cff0
GUIDED: _ZNK7AP_AHRS22get_secondary_attitudeER7Vector3IfE @ 0xac7bf0
GUIDED: _ZNK7AP_AHRS22get_secondary_positionER8Location @ 0xac7c70
GUIDED: _ZNK7AP_AHRS24get_secondary_quaternionER11QuaternionTIfE @ 0xac7cf0
GUIDED: _ZL7degreesf.1448 @ 0x91d080
GUIDED: _ZN12NavEKF3_core9Log_WriteEm @ 0x91d0d0
GUIDED: _ZNK7AP_EnumIN7NavEKF38LogLevelEEcvKS1_Ev @ 0xac7d70
GUIDED: _ZNK12NavEKF3_core14Log_Write_XKF4Em @ 0x91d220
GUIDED: _ZN12NavEKF3_core13Log_Write_GSFEm @ 0x91d570
GUIDED: _ZNK12NavEKF3_core14Log_Write_XKF1Em @ 0x91d620
GUIDED: _ZNK12NavEKF3_core14Log_Write_XKF2Em @ 0x91d8f0
GUIDED: _ZNK12NavEKF3_core14Log_Write_XKF3Em @ 0x91db90
GUIDED: _ZNK12NavEKF3_core14Log_Write_XKF5Em @ 0x91ddf0
GUIDED: _ZNK12NavEKF3_core14Log_Write_XKFSEm @ 0x91e050
GUIDED: _ZNK12NavEKF3_core20Log_Write_QuaternionEm @ 0x91e160
GUIDED: _ZN12NavEKF3_core16Log_Write_BeaconEm @ 0x91e240
GUIDED: _ZN12NavEKF3_core18Log_Write_BodyOdomEm @ 0x91e530
GUIDED: _ZN12NavEKF3_core25Log_Write_State_VariancesEm @ 0x91e6a0
GUIDED: _ZN12NavEKF3_core16Log_Write_TimingEm @ 0x91e9c0
GUIDED: _ZNK6AP_DAL12logging_coreEh @ 0x91eb20
GUIDED: _ZL3MAXIjjEDTqugtfp_fp0_fp_fp0_ERKT_RKT0_ @ 0x91eb70
GUIDED: _ZNK16AP_NavEKF_Source21getPosVelYawSourceSetEv @ 0xac7dc0
GUIDED: _ZL3MAXIddEDTqugtfp_fp0_fp_fp0_ERKT_RKT0_.4083 @ 0x91ebf0
GUIDED: _ZL3MINIdiEDTqultfp_fp0_fp_fp0_ERKT_RKT0_.4084 @ 0x91ec70
GUIDED: _ZNK12NavEKF3_core14getInnovationsER7Vector3IfES2_S2_RfS3_ @ 0x91ed10
GUIDED: _ZL7degreesf.4081 @ 0x91ef10
GUIDED: _ZNK12NavEKF3_core26getSynthAirDataInnovationsER7Vector2IfERf @ 0x91ef60
GUIDED: _ZNK12NavEKF3_core20getPosDownDerivativeEv @ 0x91f030
GUIDED: _ZN10EKFGSF_yaw9Log_WriteEm11LogMessagesS0_h @ 0x91f090
GUIDED: _ZL7degreesf.17657 @ 0x91f410
GUIDED: _ZL3MAXIffEDTqugtfp_fp0_fp_fp0_ERKT_RKT0_.17658 @ 0x91f460
GUIDED: _ZL3MAXIdfEDTqugtfp_fp0_fp_fp0_ERKT_RKT0_.4082 @ 0x91f4e0
GUIDED: _ZN5Rover14update_compassEv @ 0x921070
GUIDED: _ZN5Rover20update_wheel_encoderEv @ 0x9210d0
GUIDED: _ZN11AP_WindVane6updateEv @ 0x921a10
GUIDED: _ZN12AP_Proximity6updateEv @ 0x922630
GUIDED: _ZNK12AP_Proximity15get_filter_freqEv @ 0xac7e80
GUIDED: _ZN24AP_Proximity_Boundary_3D15set_filter_freqEf @ 0xac7ee0
GUIDED: _ZN24AP_Proximity_Boundary_3D18check_face_timeoutEv @ 0x922700
GUIDED: _ZN9AP_Beacon6updateEv @ 0x922860
GUIDED: _ZN6AP_GPS6updateEv @ 0x922f70
GUIDED: _ZN6AP_GPS15update_instanceEh @ 0x9230f0
GUIDED: _ZN6AP_GPS14update_primaryEv @ 0x923890
GUIDED: _ZN14AP_GPS_Blended19zero_health_counterEv @ 0xac7f50
GUIDED: _ZN6AP_GPS9Write_GPSEh @ 0x925060
GUIDED: _ZL3MINIfiEDTqultfp_fp0_fp_fp0_ERKT_RKT0_.2521 @ 0x9254a0
GUIDED: _ZNK6AP_GPS26last_message_delta_time_msEh @ 0xac8000
GUIDED: _ZNK6AP_GPS10should_logEv @ 0x925540
GUIDED: _ZN6AP_GPS16send_blob_updateEh @ 0x9266c0
GUIDED: _ZN14AP_GPS_Backend14check_new_itowEjj @ 0x92b410
GUIDED: _ZN12AP_GPS_UBLOX20_request_next_configEv @ 0x92f600
GUIDED: _ZN12AP_GPS_UBLOX21_request_message_rateEhh @ 0x9300a0
GUIDED: _ZN12AP_GPS_UBLOX13_request_portEv @ 0x930160
GUIDED: _ZN12AP_GPS_UBLOX13_send_messageEhhPKvt @ 0x9301f0
GUIDED: _ZN12AP_GPS_UBLOX16_update_checksumEPhtRhS1_ @ 0x9310b0
GUIDED: _ZN12AP_GPS_UBLOX4readEv @ 0x9311e0
GUIDED: _ZNK12AP_GPS_UBLOX13is_configuredEv @ 0xac8e80
GUIDED: _ZNK12AP_GPS_UBLOX7get_lagERf @ 0x9318c0
GUIDED: _ZNK12AP_GPS_UBLOX10is_healthyEv @ 0x931a50
GUIDED: _ZNK12AP_GPS_UBLOX4nameEv @ 0xac8ed0
GUIDED: _ZNK12AP_GPS_UBLOX36Write_AP_Logger_Log_Startup_messagesEv @ 0x931b50
GUIDED: _ZL3MINIjjEDTqultfp_fp0_fp_fp0_ERKT_RKT0_.2814 @ 0x931ea0
GUIDED: _ZN12AP_GPS_UBLOXUt_ixEm @ 0xac8f90
GUIDED: _ZN12AP_GPS_UBLOX10_parse_gpsEv @ 0x931f20
GUIDED: _ZN12AP_GPS_UBLOX15_check_new_itowEj @ 0x9353e0
GUIDED: _ZN12AP_GPS_UBLOX23_configure_message_rateEhhh @ 0x935460
GUIDED: _ZN5Rover10set_servosEv @ 0x93ca60
GUIDED: _ZN12AP_MotorsUGV6outputEbff @ 0x93cd40
GUIDED: _ZN12AP_MotorsUGV23sanity_check_parametersEv @ 0x93ceb0
GUIDED: _ZN12AP_MotorsUGV19slew_limit_throttleEf @ 0x93cfd0
GUIDED: _ZN12AP_MotorsUGV14output_regularEbfff @ 0x93d0b0
GUIDED: _ZN12AP_MotorsUGV20output_skid_steeringEbfff @ 0x93d510
GUIDED: _ZN12AP_MotorsUGV11output_omniEbfff @ 0x93dc50
GUIDED: _ZN12AP_MotorsUGV11output_sailEv @ 0x93dfe0
GUIDED: _ZN12SRV_Channels8calc_pwmEv @ 0x93e080
GUIDED: _ZN12SRV_Channels13output_ch_allEv @ 0x93e2a0
GUIDED: _ZN12AP_MotorsUGV21set_limits_from_inputEbff @ 0x93e350
GUIDED: _ZN12AP_MotorsUGV15output_throttleEN11SRV_Channel8FunctionEff @ 0x93e540
GUIDED: _ZNK12AP_MotorsUGV19get_scaled_throttleEf @ 0x93e930
GUIDED: _ZN12AP_MotorsUGV28get_rate_controlled_throttleEN11SRV_Channel8FunctionEff @ 0x93eca0
GUIDED: _ZN6AC_PID12reset_filterEv @ 0xaca7c0
GUIDED: _ZN6AC_PID7reset_IEv @ 0x93f1f0
GUIDED: _ZN6AC_PID10update_allEfffbf @ 0x93f3b0
GUIDED: _ZNK6AC_PID6get_ffEv @ 0x93f9c0
GUIDED: _ZNK6AC_PID16get_filt_T_alphaEf @ 0x93fa20
GUIDED: _ZNK6AC_PID16get_filt_E_alphaEf @ 0x93faa0
GUIDED: _ZNK6AC_PID16get_filt_D_alphaEf @ 0x93fb20
GUIDED: _ZN6AC_PID8update_iEfb @ 0x93fba0
GUIDED: _ZN11SlewLimiter8modifierEff @ 0x93fda0
GUIDED: _ZNK11SlewLimiter13get_slew_rateEv @ 0xacaa30
GUIDED: _ZNK12AP_MotorsUGV20have_vectored_thrustEv @ 0xacaa80
GUIDED: _ZNK12AP_MotorsUGV25get_slew_limited_throttleEff @ 0x940590
GUIDED: _ZN5Rover19update_current_modeEv @ 0x940d30
GUIDED: _ZN14AP_OpticalFlow6updateEv @ 0x940e40
GUIDED: _ZN5Rover17read_rangefindersEv @ 0x9423f0
GUIDED: _ZN11RangeFinder6updateEv @ 0x942460
GUIDED: _ZN5Rover15Log_Write_DepthEv @ 0x942580
GUIDED: _ZNK11RangeFinder8Log_RFNDEv @ 0x9427e0
GUIDED: _ZN5Rover11ahrs_updateEv @ 0x942920
GUIDED: _ZN5Rover22update_ahrs_flyforwardEv @ 0x942b30
GUIDED: _ZN9AP_Follow16update_estimatesEv @ 0x942d20
GUIDED: _ZNK17AP_InertialSensor9Write_IMUEv @ 0x943b50
GUIDED: _ZL3MAXIhhEDTqugtfp_fp0_fp_fp0_ERKT_RKT0_ @ 0x943d60
GUIDED: _ZNK17AP_InertialSensor18Write_IMU_instanceEmh @ 0x943de0
GUIDED: _ZNK17AP_InertialSensor16get_gyro_rate_hzEh @ 0xacab30
GUIDED: _ZNK17AP_InertialSensor17get_accel_rate_hzEh @ 0xacabb0
GUIDED: _ZN9AP_Follow32clear_dist_and_bearing_to_targetEv @ 0x943f70
GUIDED: _ZL2sqf.3224 @ 0x944fe0
GUIDED: _ZL3MINIffEDTqultfp_fp0_fp_fp0_ERKT_RKT0_.1431 @ 0x945810
GUIDED: _ZN5Rover10read_radioEv @ 0x9458a0
GUIDED: _ZN11RC_Channels10read_inputEv @ 0x945950
GUIDED: _ZN5Rover20radio_failsafe_checkEt @ 0x945a80
GUIDED: _ZN10RC_Channel6updateEv @ 0x945b80
GUIDED: _ZN11RC_Channels23rudder_arm_disarm_checkEv @ 0x945cf0
GUIDED: _ZNK11RC_Channels19has_had_rc_receiverEv @ 0xacad90
GUIDED: _ZNK10RC_Channel12pwm_to_angleEv @ 0x945f60
GUIDED: _ZNK10RC_Channel15pwm_to_angle_dzEt @ 0x945fd0
GUIDED: _ZNK10RC_Channel20pwm_to_angle_dz_trimEtt @ 0x946060
GUIDED: _ZN5Rover8set_modeEN4Mode6NumberE10ModeReason @ 0x946450
GUIDED: _ZNK4Mode13allows_armingEv @ 0xacbee0
GUIDED: _ZNK4Mode16has_manual_inputEv @ 0xacbf30
GUIDED: _ZNK4Mode19attitude_stabilizedEv @ 0xacbf80
GUIDED: _ZNK4Mode17requires_positionEv @ 0xacbfd0
GUIDED: _ZNK4Mode17requires_velocityEv @ 0xacc020
GUIDED: _ZN4Mode18init_reversed_flagEv @ 0xacc1d0
GUIDED: _ZN4Mode5_exitEv @ 0xacc240
GUIDED: _ZNK18AR_AttitudeControl31get_desired_speed_accel_limitedEff @ 0x947b40
GUIDED: _ZN18AR_AttitudeControl21get_throttle_out_stopEbbfffRb @ 0x948190
GUIDED: _ZN18AR_AttitudeControl22get_throttle_out_speedEfbbfff @ 0x9483c0
GUIDED: _ZN12AP_MotorsUGV12set_throttleEf @ 0x9488d0
GUIDED: _ZL3MAXIffEDTqugtfp_fp0_fp_fp0_ERKT_RKT0_.11066 @ 0x949020
GUIDED: _ZN8Sailboat11relax_sailsEv @ 0x9490a0
GUIDED: _ZN12AP_MotorsUGV12set_mainsailEf @ 0x949980
GUIDED: _ZN12AP_MotorsUGV12set_wingsailEf @ 0x949a90
GUIDED: _ZN12AP_MotorsUGV17set_mast_rotationEf @ 0x949ba0
GUIDED: _ZNK18AR_AttitudeControl13get_accel_maxEv @ 0xaccd00
GUIDED: _ZNK18AR_AttitudeControl22get_turn_lat_accel_maxEv @ 0xacce30
GUIDED: _ZN13AR_PosControl10set_limitsEffff @ 0x94f450
GUIDED: _ZL3MAXIfiEDTqugtfp_fp0_fp_fp0_ERKT_RKT0_.11114 @ 0x94fb50
GUIDED: _ZL3MINIffEDTqultfp_fp0_fp_fp0_ERKT_RKT0_.11113 @ 0x94fbf0
GUIDED: _ZN7AC_P_2D10set_limitsEfff @ 0x94fc80
GUIDED: _ZL3MINIffEDTqultfp_fp0_fp_fp0_ERKT_RKT0_.18776 @ 0x94fe20
GUIDED: _Z19inv_sqrt_controllerfff @ 0x94feb0
GUIDED: _ZL3MAXI9AP_ParamTIfL11ap_var_type4EEfEDTqugtfp_fp0_fp_fp0_ERKT_RKT0_ @ 0x9500f0
GUIDED: _ZL3MAXI9AP_ParamTIfL11ap_var_type4EEfEDTqugtfp_fp0_fp_fp0_ERKT_RKT0_.1138 @ 0x950180
GUIDED: _ZN4Mode12set_reversedEb @ 0x950290
GUIDED: _ZN8AR_WPNav12set_reversedEb @ 0xaccfd0
GUIDED: _ZN4Mode12stop_vehicleEv @ 0x950790
GUIDED: _ZN12AP_MotorsUGV12set_steeringEfb @ 0x950b70
GUIDED: _ZN18AR_AttitudeControl21get_steering_out_rateEfbbf @ 0x951930
GUIDED: _ZL7radiansf.11065 @ 0x952030
GUIDED: _ZNK18AR_AttitudeControl28get_turn_rate_from_lat_accelEff @ 0x952080
GUIDED: _ZN8AR_WPNav4initEf @ 0x955270
GUIDED: _ZL3MAXIffEDTqugtfp_fp0_fp_fp0_ERKT_RKT0_.11144 @ 0x9555d0
GUIDED: _ZL3MINIffEDTqultfp_fp0_fp_fp0_ERKT_RKT0_.11154 @ 0x955650
GUIDED: _ZN8AR_WPNav19set_nudge_speed_maxEf @ 0x955770
GUIDED: _ZNK10ModeGuided20get_desired_locationER8Location @ 0x960ff0
GUIDED: _ZNK10ModeGuided27get_distance_to_destinationEv @ 0x961220
GUIDED: _ZNK10ModeGuided21get_desired_lat_accelEv @ 0x9612f0
GUIDED: _ZNK10ModeGuided16crosstrack_errorEv @ 0x961430
GUIDED: _ZNK10ModeGuided11nav_bearingEv @ 0x961510
GUIDED: _ZNK10ModeGuided10wp_bearingEv @ 0x9616b0
GUIDED: _ZN10ModeGuided6updateEv @ 0x961f90
GUIDED: _ZNK10ModeGuided11mode_numberEv @ 0xacfa10
GUIDED: _ZNK10ModeGuided5name4Ev @ 0xacfa60
GUIDED: _ZNK10ModeGuided17is_autopilot_modeEv @ 0xacfab0
GUIDED: _ZN10ModeGuided6_enterEv @ 0x963930
GUIDED: _ZN10ModeGuided10start_stopEv @ 0x9639f0
GUIDED: _ZN10ModeManual5_exitEv @ 0x964450
GUIDED: _ZN12AP_MotorsUGV11set_lateralEf @ 0x9644b0
GUIDED: _ZNK14AP_BattMonitor22capacity_remaining_pctERhh @ 0x964ed0
GUIDED: _ZNK9GCS_Rover11custom_modeEv @ 0x9655c0
GUIDED: _ZNK9GCS_Rover10frame_typeEv @ 0x965620
GUIDED: _ZN9GCS_Rover4chanEh @ 0xad0520
GUIDED: _ZNK9GCS_Rover19vehicle_initialisedEv @ 0x9656a0
GUIDED: _ZN9GCS_Rover34update_vehicle_sensor_status_flagsEv @ 0x965850
GUIDED: _ZN11GCS_MAVLINK14packetReceivedERK16__mavlink_statusRK17__mavlink_message @ 0x965c50
GUIDED: _ZNK11GCS_MAVLINK13mission_stateERK10AP_Mission @ 0x965e50
GUIDED: _ZNK17GCS_MAVLINK_Rover16send_rangefinderEv @ 0x965f30
GUIDED: _ZNK17GCS_MAVLINK_Rover26send_nav_controller_outputEv @ 0x966070
GUIDED: _ZN17GCS_MAVLINK_Rover15send_pid_tuningEv @ 0x9661e0
GUIDED: _ZN11GCS_MAVLINK21send_scaled_pressure3Ev @ 0x966b20
GUIDED: _ZNK11GCS_MAVLINK13send_attitudeEv @ 0x966b80
GUIDED: _ZN17GCS_MAVLINK_Rover31send_position_target_global_intEv @ 0x966d50
GUIDED: _ZNK11GCS_MAVLINK17send_winch_statusEv @ 0xad08b0
GUIDED: _ZNK17GCS_MAVLINK_Rover9base_modeEv @ 0x9670d0
GUIDED: _ZNK17GCS_MAVLINK_Rover21vehicle_system_statusEv @ 0x967220
GUIDED: _ZNK11GCS_MAVLINK19persist_streamratesEv @ 0xad09a0
GUIDED: _ZN17GCS_MAVLINK_Rover25handle_command_int_packetERK23__mavlink_command_int_tRK17__mavlink_message @ 0x9673b0
GUIDED: _ZN11GCS_MAVLINK35handle_command_component_arm_disarmERK23__mavlink_command_int_t @ 0x9676c0
GUIDED: _ZN17GCS_MAVLINK_Rover14handle_messageERK17__mavlink_message @ 0x967a60
GUIDED: _ZN17GCS_MAVLINK_Rover16try_send_messageE10ap_message @ 0x968c90
GUIDED: _ZN11GCS_MAVLINK24send_global_position_intEv @ 0x968ee0
GUIDED: _ZNK11GCS_MAVLINK23global_position_int_altEv @ 0x969060
GUIDED: _ZNK11GCS_MAVLINK32global_position_int_relative_altEv @ 0x9690c0
GUIDED: _ZNK11GCS_MAVLINK17vfr_hud_climbrateEv @ 0x969130
GUIDED: _ZNK11GCS_MAVLINK16vfr_hud_airspeedEv @ 0x9691f0
GUIDED: _ZNK17GCS_MAVLINK_Rover16vfr_hud_throttleEv @ 0x969290
GUIDED: _ZNK11GCS_MAVLINK11vfr_hud_altEv @ 0x9692f0
GUIDED: _ZN11GCS_MAVLINK35convert_COMMAND_LONG_to_COMMAND_INTERK24__mavlink_command_long_tR23__mavlink_command_int_t9MAV_FRAME @ 0x969710
GUIDED: _ZN11GCS_MAVLINK28command_long_stores_locationE7MAV_CMD @ 0x969ca0
GUIDED: _ZL30convert_COMMAND_LONG_loc_paramfb @ 0x969d80
GUIDED: _ZL7degreesf.11 @ 0x969e30
GUIDED: _ZL3MINIfiEDTqultfp_fp0_fp_fp0_ERKT_RKT0_ @ 0x969e80
GUIDED: _ZNK4Mode11speed_errorEv @ 0xad0b40
GUIDED: _ZL36mavlink_msg_global_position_int_send17mavlink_channel_tjiiiissst @ 0x96a420
GUIDED: _ZN17GCS_MAVLINK_Rover14send_servo_outEv @ 0x96a540
GUIDED: _ZN5Rover27send_wheel_encoder_distanceE17mavlink_channel_t @ 0x96a6f0
GUIDED: _ZNK11AP_WindVane9send_windE17mavlink_channel_t @ 0x96a880
GUIDED: _ZNK11GCS_MAVLINK23get_ap_message_intervalE10ap_messageRt @ 0x96a990
GUIDED: _ZN13AP_OADatabase17send_adsb_vehicleE17mavlink_channel_tt @ 0x96aac0
GUIDED: _ZN17GCS_MAVLINK_Rover16send_water_depthEv @ 0x96b060
GUIDED: _ZN11GCS_MAVLINK16try_send_messageE10ap_message @ 0x96b350
GUIDED: _ZN11GCS_MAVLINK17queued_param_sendEv @ 0x96c000
GUIDED: _ZNK11GCS_MAVLINK14send_heartbeatEv @ 0x96c2b0
GUIDED: _ZNK11GCS_MAVLINK8send_rpmEv @ 0x96c670
GUIDED: _ZN11GCS_MAVLINK24try_send_mission_messageE10ap_message @ 0x96c750
GUIDED: _ZN7Compass21send_mag_cal_progressERK11GCS_MAVLINK @ 0x96c950
GUIDED: _ZN7Compass19send_mag_cal_reportERK11GCS_MAVLINK @ 0x96cba0
GUIDED: _ZN11GCS_MAVLINK19send_battery_statusEv @ 0x96ced0
GUIDED: _ZNK7AP_AHRS22send_ekf_status_reportER11GCS_MAVLINK @ 0x96d020
GUIDED: _ZN11GCS_MAVLINK12send_meminfoEv @ 0x96d120
GUIDED: _ZNK11GCS_MAVLINK17send_fence_statusEv @ 0x96d1e0
GUIDED: _ZN11GCS_MAVLINK20send_distance_sensorEv @ 0x96d350
GUIDED: _ZNK11GCS_MAVLINK16send_system_timeEv @ 0x96d890
GUIDED: _ZN6AP_GPS20send_mavlink_gps_rawE17mavlink_channel_t @ 0x96d920
GUIDED: _ZN6AP_GPS20send_mavlink_gps_rtkE17mavlink_channel_th @ 0x96dc70
GUIDED: _ZN6AP_GPS21send_mavlink_gps2_rawE17mavlink_channel_t @ 0x96dd50
GUIDED: _ZNK11GCS_MAVLINK19send_local_positionEv @ 0x96e0f0
GUIDED: _ZNK11GCS_MAVLINK34send_gimbal_device_attitude_statusEv @ 0x96e1c0
GUIDED: _ZN11GCS_MAVLINK16send_opticalflowEv @ 0x96e580
GUIDED: _ZN11GCS_MAVLINK17send_power_statusEv @ 0x96e6f0
GUIDED: _ZNK11GCS_MAVLINK16send_rc_channelsEv @ 0x96e800
GUIDED: _ZNK11GCS_MAVLINK20send_rc_channels_rawEv @ 0x96eac0
GUIDED: _ZN11GCS_MAVLINK12send_raw_imuEv @ 0x96ec40
GUIDED: _ZN11GCS_MAVLINK15send_scaled_imuEhPFv17mavlink_channel_tjssssssssssE @ 0x96f050
GUIDED: _ZL28mavlink_msg_scaled_imu2_send17mavlink_channel_tjssssssssss @ 0x96f310
GUIDED: _ZL28mavlink_msg_scaled_imu3_send17mavlink_channel_tjssssssssss @ 0x96f480
GUIDED: _ZN11GCS_MAVLINK20send_scaled_pressureEv @ 0x96f830
GUIDED: _ZN11GCS_MAVLINK21send_scaled_pressure2Ev @ 0x96f890
GUIDED: _ZN11GCS_MAVLINK13send_airspeedEv @ 0x96f8f0
GUIDED: _ZN11GCS_MAVLINK21send_servo_output_rawEv @ 0x96fab0
GUIDED: _ZNK11GCS_MAVLINK13send_simstateEv @ 0x96fed0
GUIDED: _ZN11GCS_MAVLINK15send_sys_statusEv @ 0x96fff0
GUIDED: _ZN11GCS_MAVLINK10send_ahrs2Ev @ 0x9702e0
GUIDED: _ZN11GCS_MAVLINK9send_ahrsEv @ 0x9703c0
GUIDED: _ZN11GCS_MAVLINK12send_vfr_hudEv @ 0x970540
GUIDED: _ZNK11GCS_MAVLINK14send_vibrationEv @ 0x970680
GUIDED: _ZNK11GCS_MAVLINK21send_generator_statusEv @ 0x970770
GUIDED: _ZN12AP_ESC_Telem26send_esc_telemetry_mavlinkEh @ 0x970af0
GUIDED: _ZN6AP_EFI19send_mavlink_statusE17mavlink_channel_t @ 0x970f80
GUIDED: _ZN6AP_AIS13get_singletonEv @ 0x971750
GUIDED: _ZN6AP_AIS4sendE17mavlink_channel_t @ 0x971790
GUIDED: _ZN11GCS_MAVLINK20send_available_modesEv @ 0x971b00
GUIDED: _ZNK11GCS_MAVLINK21battery_remaining_pctEh @ 0x972390
GUIDED: _ZL3MINIhiEDTqultfp_fp0_fp_fp0_ERKT_RKT0_.6112 @ 0x972840
GUIDED: _ZN12AP_Generator21send_generator_statusERK11GCS_MAVLINK @ 0x973160
GUIDED: _ZL26mavlink_msg_vibration_send17mavlink_channel_tmfffjjj @ 0x9731e0
GUIDED: _ZL24mavlink_msg_vfr_hud_send17mavlink_channel_tffstff @ 0x9732f0
GUIDED: _ZNK7AP_AHRS12get_error_rpEv @ 0x973480
GUIDED: _ZNK7AP_AHRS13get_error_yawEv @ 0x9734e0
GUIDED: _ZL21mavlink_msg_ahrs_send17mavlink_channel_tfffffff @ 0x973540
GUIDED: _ZL22mavlink_msg_ahrs2_send17mavlink_channel_tffffii @ 0x973660
GUIDED: _ZNK9AP_Logger11num_droppedEv @ 0x973760
GUIDED: _ZNK14AP_BattMonitor11gcs_voltageEv @ 0xad0c70
GUIDED: _ZL27mavlink_msg_sys_status_send17mavlink_channel_tjjjttsatttttt @ 0x9737e0
GUIDED: _ZNK14AP_BattMonitor11gcs_voltageEh @ 0x973980
GUIDED: _ZNK17AP_Logger_Backend11num_droppedEv @ 0xad0cc0
GUIDED: _ZL7radiansf.14807 @ 0x973da0
GUIDED: _ZNK4SITL3SIM13simstate_sendE17mavlink_channel_t @ 0x974120
GUIDED: _ZL25mavlink_msg_simstate_send17mavlink_channel_tfffffffffii @ 0x9742f0
GUIDED: _ZL33mavlink_msg_servo_output_raw_send17mavlink_channel_tjhtttttttttttttttt @ 0x974490
GUIDED: _ZL33mavlink_msg_scaled_pressure2_send17mavlink_channel_tjffss @ 0x974790
GUIDED: _ZN11GCS_MAVLINK29send_scaled_pressure_instanceEhPFv17mavlink_channel_tjffssE @ 0x974870
GUIDED: _ZL32mavlink_msg_scaled_pressure_send17mavlink_channel_tjffss @ 0x974a60
GUIDED: _ZL24mavlink_msg_raw_imu_send17mavlink_channel_tmssssssssshs @ 0x974bc0
GUIDED: _ZNK11GCS_MAVLINK16sending_mavlink1Ev @ 0x974d40
GUIDED: _ZNK11GCS_MAVLINK13receiver_rssiEv @ 0x974da0
GUIDED: _ZL28mavlink_msg_rc_channels_send17mavlink_channel_tjhtttttttttttttttttth @ 0x974fb0
GUIDED: _ZL29mavlink_msg_power_status_send17mavlink_channel_tttt @ 0x975220
GUIDED: _ZN8AP_Mount34send_gimbal_device_attitude_statusE17mavlink_channel_t @ 0x975ca0
GUIDED: _ZL35mavlink_msg_local_position_ned_send17mavlink_channel_tjffffff @ 0x976300
GUIDED: _ZNK6AP_GPS12gps_yaw_cdegEh @ 0x976410
GUIDED: _ZNK6AP_GPS23have_gps_yaw_configuredEh @ 0xad0f20
GUIDED: _ZL28mavlink_msg_gps_raw_int_send17mavlink_channel_tmhiiitttthijjjjt @ 0x976710
GUIDED: _ZL28mavlink_msg_system_time_send17mavlink_channel_tmj @ 0x976900
GUIDED: _ZN11GCS_MAVLINK14send_proximityEv @ 0x977ea0
GUIDED: _ZNK12AP_Proximity12distance_minEv @ 0x978280
GUIDED: _ZL3MINIjjEDTqultfp_fp0_fp_fp0_ERKT_RKT0_.6116 @ 0x978740
GUIDED: _ZL24mavlink_msg_meminfo_send17mavlink_channel_tttj @ 0x9787c0
GUIDED: _ZNK7NavEKF318send_status_reportER11GCS_MAVLINK @ 0x978a60
GUIDED: _ZNK12NavEKF3_core18send_status_reportER11GCS_MAVLINK @ 0x978af0
GUIDED: _ZL41mavlink_msg_ekf_status_report_send_struct17mavlink_channel_tPK29__mavlink_ekf_status_report_t @ 0x978ef0
GUIDED: _ZNK14AP_BattMonitor13option_is_setEhN21AP_BattMonitor_Params7OptionsE @ 0x979a10
GUIDED: _ZNK11GCS_MAVLINK19send_battery_statusEh @ 0x979ae0
GUIDED: _ZL3MINIftEDTqultfp_fp0_fp_fp0_ERKT_RKT0_ @ 0x97a370
GUIDED: _ZNK14AP_BattMonitor14time_remainingERjh @ 0x97a410
GUIDED: _ZNK14AP_BattMonitor24get_mavlink_charge_stateEh @ 0x97a500
GUIDED: _ZNK14AP_BattMonitor25get_mavlink_fault_bitmaskEh @ 0x97a630
GUIDED: _ZL31mavlink_msg_battery_status_send17mavlink_channel_thhhsPKtsiiaihS1_hj @ 0x97a6e0
GUIDED: _ZN14typesafe_indexIh12TAG_PriorityErmERKh @ 0xad1170
GUIDED: _ZN11GCS_MAVLINK20send_mission_currentERK10AP_Missiont @ 0x97ae60
GUIDED: _ZL32mavlink_msg_mission_current_send17mavlink_channel_ttthh @ 0x97b330
GUIDED: _ZNK11GCS_MAVLINK13system_statusEv @ 0x97b800
GUIDED: _ZL26mavlink_msg_heartbeat_send17mavlink_channel_thhhjh @ 0x97b890
GUIDED: _ZN11GCS_MAVLINK28send_parameter_async_repliesEv @ 0x97b970
GUIDED: _ZN12ObjectBufferIN11GCS_MAVLINK19pending_param_replyEE4peekERS1_ @ 0xad1260
GUIDED: _ZL35mavlink_msg_rc_channels_scaled_send17mavlink_channel_tjhssssssssh @ 0x97c5e0
GUIDED: _ZN11GCS_MAVLINK14handle_messageERK17__mavlink_message @ 0x980fb0
GUIDED: _ZN11GCS_MAVLINK16handle_heartbeatERK17__mavlink_message @ 0x981b30
GUIDED: _ZN11GCS_MAVLINK19handle_command_longERK17__mavlink_message @ 0x982ea0
GUIDED: _ZN11GCS_MAVLINK26handle_request_data_streamERK17__mavlink_message @ 0x9844e0
GUIDED: _ZNK3GCS12sysid_is_gcsEh @ 0x989b40
GUIDED: _ZN11GCS_MAVLINK16sysid_mygcs_seenEj @ 0x989de0
GUIDED: _ZN3GCS16sysid_mygcs_seenEj @ 0xad1e30
GUIDED: _ZL38mavlink_msg_request_data_stream_decodePK17__mavlink_messageP31__mavlink_request_data_stream_t @ 0x98b050
GUIDED: _ZN9AP_Logger13Write_CommandERK23__mavlink_command_int_thh10MAV_RESULTb @ 0x98e2f0
GUIDED: _ZL31mavlink_msg_command_long_decodePK17__mavlink_messageP24__mavlink_command_long_t @ 0x98e470
GUIDED: _ZN11GCS_MAVLINK31try_command_long_as_command_intERK24__mavlink_command_long_tRK17__mavlink_message @ 0x98e540
GUIDED: _ZN11GCS_MAVLINK16_set_mode_commonEhj @ 0x990da0
GUIDED: _ZN12ObjectBufferIN7GCS_FTP11TransactionEE3popERS1_ @ 0xad23f0
GUIDED: _ZN11GCS_MAVLINK25handle_command_int_packetERK23__mavlink_command_int_tRK17__mavlink_message @ 0x997060
GUIDED: _ZN11GCS_MAVLINK26handle_command_do_set_modeERK23__mavlink_command_int_t @ 0x998320
GUIDED: _ZL25mavlink_msg_attitude_send17mavlink_channel_tjffffff @ 0x99c210
GUIDED: _ZL38mavlink_msg_nav_controller_output_send17mavlink_channel_tffsstfff @ 0x99c5f0
GUIDED: _ZN15MAVLink_routing17check_and_forwardER11GCS_MAVLINKRK17__mavlink_message @ 0x99c7d0
GUIDED: _ZN9AP_Follow10handle_msgERK17__mavlink_message @ 0x99cd40
GUIDED: _ZNK11GCS_MAVLINK13accept_packetERK16__mavlink_statusRK17__mavlink_message @ 0x99cec0
GUIDED: _ZNK9AP_Follow21should_handle_messageERK17__mavlink_message @ 0x99cfe0
GUIDED: _ZN15MAVLink_routing11learn_routeER11GCS_MAVLINKRK17__mavlink_message @ 0x99dfb0
GUIDED: _ZN15MAVLink_routing16handle_heartbeatER11GCS_MAVLINKRK17__mavlink_message @ 0x99e250
GUIDED: _ZN15MAVLink_routing11get_targetsERK17__mavlink_messageRsS3_ @ 0x99e480
GUIDED: _ZN17RC_Channels_Rover7channelEh @ 0xad4f10
GUIDED: _ZN11RC_Channels16read_mode_switchEv @ 0x9adab0
GUIDED: _ZNK17RC_Channels_Rover14in_rc_failsafeEv @ 0x9adb40
GUIDED: _ZNK17RC_Channels_Rover15has_valid_inputEv @ 0x9adba0
GUIDED: _ZNK17RC_Channels_Rover18get_arming_channelEv @ 0x9adc20
GUIDED: _ZNK11RC_Channels21arming_check_throttleEv @ 0xad4fa0
GUIDED: _ZNK17RC_Channels_Rover26flight_mode_channel_numberEv @ 0x9adc70
GUIDED: __wrap_malloc @ 0x9c3a50
GUIDED: mode_to_string @ 0xa1d140
GUIDED: mode_entry @ 0xa1d2c0
----------------------
Mode: 10 (AUTO)
AUTO: _ZN15AP_Arming_Rover14pre_arm_checksEb @ 0x5bfbf0
AUTO: _ZN2AP13serialmanagerEv @ 0x5c1810
AUTO: _ZNK9AP_ParamTIiL11ap_var_type3EEcvRKiEv @ 0xa21b60
AUTO: _ZN6AP_HAL4Util9vsnprintfEPcmPKcP13__va_list_tag @ 0x5c1e60
AUTO: _ZN13BufferPrinterC2EPcm @ 0xa21bb0
AUTO: _Z13print_vprintfPN6AP_HAL12BetterStreamEPKcP13__va_list_tag @ 0x5c1fa0
AUTO: _Z12ultoa_invertjPch @ 0x5c3e30
AUTO: _ZN6AP_HAL12BetterStreamC2Ev @ 0xa21c60
AUTO: _ZN13BufferPrinter5writeEh @ 0xa21cc0
AUTO: _Z3gcsv @ 0x5c4420
AUTO: _ZN3GCS10send_textvE12MAV_SEVERITYPKcP13__va_list_tag @ 0x5c4460
AUTO: _ZNK3GCS28statustext_send_channel_maskEv @ 0x5c4530
AUTO: _ZN11GCS_MAVLINK19active_channel_maskEv @ 0xa21f60
AUTO: _ZN11GCS_MAVLINK22streaming_channel_maskEv @ 0xa21fa0
AUTO: _ZN11GCS_MAVLINK20private_channel_maskEv @ 0xa21fe0
AUTO: _ZN3GCS13get_singletonEv @ 0xa22020
AUTO: _ZNK16AP_SerialManager22find_protocol_instanceENS_14SerialProtocolEh @ 0x5c45c0
AUTO: _ZNK13AP_ParamTBaseIaL11ap_var_type1EE3getEv @ 0xa22060
AUTO: _ZNK16AP_SerialManager14protocol_matchENS_14SerialProtocolES0_ @ 0x5c4760
AUTO: _ZN16AP_SerialManager13get_singletonEv @ 0xa220b0
AUTO: _Z2rcv @ 0x5c4860
AUTO: _ZN11RC_Channels13get_singletonEv @ 0xa22150
AUTO: _ZNK9AP_ParamTIaL11ap_var_type1EEcvRKaEv @ 0xa22220
AUTO: _ZN6AP_HAL6millisEv @ 0x5c4ee0
AUTO: _ZN13WithSemaphoreD2Ev @ 0x5c4f20
AUTO: _ZN6AP_HAL8millis64Ev @ 0x5c4f80
AUTO: _ZN6AP_HAL8micros64Ev @ 0x5c4fc0
AUTO: _ZL14uint64_div1000m @ 0x5c5060
AUTO: _ZN7HALSITL9Scheduler4fromEPN6AP_HAL9SchedulerE @ 0xa22270
AUTO: _ZNK7HALSITL9Scheduler18stopped_clock_usecEv @ 0xa222c0
AUTO: _ZNK13AP_ParamTBaseIsL11ap_var_type2EE3getEv @ 0xa22310
AUTO: _ZN13WithSemaphoreC2ERN6AP_HAL9SemaphoreEj @ 0x5c51b0
AUTO: _ZN2AP9proximityEv @ 0x5c5290
AUTO: _ZN12AP_Proximity13get_singletonEv @ 0xa223a0
AUTO: _ZN2AP9schedulerEv @ 0x5c55b0
AUTO: _ZN12AP_Scheduler25get_filtered_loop_rate_hzEv @ 0xa22420
AUTO: _ZN12AP_Scheduler16get_loop_rate_hzEv @ 0xa22470
AUTO: _ZN10AP_Terrain13get_singletonEv @ 0xa22500
AUTO: _ZN12AP_Scripting13get_singletonEv @ 0xa225a0
AUTO: _ZN2AP13internalerrorEv @ 0x5c5920
AUTO: _ZNK16AP_InternalError6errorsEv @ 0xa22700
AUTO: _ZNK16AP_InternalError15last_error_lineEv @ 0xa22750
AUTO: _ZN2AP3rpmEv @ 0x5c5ab0
AUTO: _ZN2AP5relayEv @ 0x5c5e20
AUTO: _ZN12SRV_Channels17function_assignedEN11SRV_Channel8FunctionE @ 0x5c6660
AUTO: _ZNK9AP_ParamTIsL11ap_var_type2EEcvRKsEv @ 0xa22830
AUTO: _ZN12SRV_Channels25update_aux_servo_functionEv @ 0x5c67b0
AUTO: _ZNK7BitmaskILt190EE3getEt @ 0xa22880
AUTO: _ZNK7BitmaskILt190EE8validateEt @ 0xa22950
AUTO: _ZN7BitmaskILt190EE8clearallEv @ 0xa229e0
AUTO: _ZNK11SRV_Channel14valid_functionEv @ 0xa22a40
AUTO: _ZN11SRV_Channel24aux_servo_function_setupEv @ 0x5c72b0
AUTO: _ZN7BitmaskILt190EE3setEt @ 0xa22aa0
AUTO: _ZNK9AP_Enum16IN11SRV_Channel8FunctionEEcvKS1_Ev @ 0xa22b60
AUTO: _ZN11SRV_Channel14valid_functionENS_8FunctionE @ 0xa22bb0
AUTO: _ZN8AP_Relay13get_singletonEv @ 0xa22c60
AUTO: _ZN6AP_RPM13get_singletonEv @ 0xa22ca0
AUTO: _ZNK12AP_Scripting13option_is_setENS_11DebugOptionE @ 0xa22d90
AUTO: _ZNK13AP_ParamTBaseIiL11ap_var_type3EE3getEv @ 0xa22e90
AUTO: _ZNK2AP8PerfInfo25get_filtered_loop_rate_hzEv @ 0x5c76a0
AUTO: _ZNK2AP8PerfInfo17get_filtered_timeEv @ 0x5c7730
AUTO: _ZN12AP_Scheduler13get_singletonEv @ 0x5c7780
AUTO: _ZN2AP7missionEv @ 0x5c77c0
AUTO: _ZNK10AP_Mission12num_commandsEv @ 0xa22ee0
AUTO: _ZN10AP_Mission18stored_in_locationEt @ 0x5c7aa0
AUTO: _ZN10AP_Mission15Mission_CommandC2Ev @ 0xa22f40
AUTO: _ZNK10AP_Mission21read_cmd_from_storageEtRNS_15Mission_CommandE @ 0x5c7c30
AUTO: _ZN10AP_Mission7ContentC2Ev @ 0xa22fa0
AUTO: _ZN2AP4ahrsEv @ 0x5c80f0
AUTO: _ZNK7AP_AHRS8get_homeEv @ 0xa22ff0
AUTO: _ZNK13StorageAccess9read_byteEt @ 0x5c8130
AUTO: _ZNK13StorageAccess11read_uint16Et @ 0x5c81a0
AUTO: _ZNK13StorageAccess10read_blockEPvtm @ 0x5c8220
AUTO: _ZN7AP_AHRS13get_singletonEv @ 0xa23040
AUTO: _ZN8LocationC2Ev @ 0xa23080
AUTO: _ZN8Location4zeroEv @ 0x5c8750
AUTO: _ZN10AP_Mission13get_singletonEv @ 0xa230d0
AUTO: _ZNK7AP_AHRS12get_locationER8Location @ 0x5c88f0
AUTO: _ZN2AP7vehicleEv @ 0x5c8b60
AUTO: _ZNK10AP_Mission7presentEv @ 0xa231b0
AUTO: _ZN10AP_Vehicle13get_singletonEv @ 0x5c8ba0
AUTO: _ZNK8Location12get_distanceERKS_ @ 0x5c8dc0
AUTO: _ZNK9AP_ParamTIfL11ap_var_type4EEcvRKfILb1EEEv @ 0xa23220
AUTO: _ZN8Location14diff_longitudeEii @ 0x5c8e90
AUTO: _ZN8Location15longitude_scaleEi @ 0x5c8f70
AUTO: _Z4normIddJEEdT_T0_DpKT1_ @ 0xa23270
AUTO: _Z2sqIdJdEEdT_DpKT0_ @ 0xa232e0
AUTO: _Z2sqIdEdT_ @ 0xa23360
AUTO: _ZL3MAXIdfEDTqugtfp_fp0_fp_fp0_ERKT_RKT0_ @ 0x5c9010
AUTO: _ZN8LocationC2EiiiNS_8AltFrameE @ 0x5c90b0
AUTO: _ZN8Location10set_alt_cmEiNS_8AltFrameE @ 0x5c9150
AUTO: _ZN11RC_Channels23get_valid_channel_countEv @ 0x5c93f0
AUTO: _ZNK10RC_Channel12has_overrideEv @ 0x5c9460
AUTO: _ZNK13AP_ParamTBaseIfL11ap_var_type4EE3getEv @ 0xa23600
AUTO: _Z11is_positiveIfEbT_ @ 0xa23650
AUTO: _Z7is_zerof @ 0xa236b0
AUTO: _ZL3MINIihEDTqultfp_fp0_fp_fp0_ERKT_RKT0_.6275 @ 0x5c9520
AUTO: _ZN5Rover15ekf_position_okEv @ 0x5c9e10
AUTO: _ZNK7AP_AHRS17have_inertial_navEv @ 0x5c9f80
AUTO: _ZNK7AP_AHRS17get_filter_statusER17nav_filter_status @ 0x5c9fe0
AUTO: _ZNK9AP_Arming8is_armedEv @ 0x5ca110
AUTO: _ZNK7AP_AHRS8ekf_typeEv @ 0x5ca260
AUTO: _ZNK7NavEKF315getFilterStatusER17nav_filter_status @ 0x5ca3f0
AUTO: _ZN2AP12externalAHRSEv @ 0x5ca6e0
AUTO: _ZNK15AP_ExternalAHRS17get_filter_statusER17nav_filter_status @ 0x5ca720
AUTO: _ZN15AP_ExternalAHRS13get_singletonEv @ 0xa23940
AUTO: _ZNK12NavEKF3_core15getFilterStatusER17nav_filter_status @ 0x5ca8b0
AUTO: _ZNK7AP_AHRS14always_use_EKFEv @ 0xa23980
AUTO: _ZNK7AP_AHRS15active_EKF_typeEv @ 0xa239e0
AUTO: _ZNK7AP_AHRS7healthyEv @ 0x5ca990
AUTO: _ZN2AP7compassEv @ 0x5cb430
AUTO: _ZNK7Compass11use_for_yawEv @ 0x5cb470
AUTO: _ZNK16AP_NavEKF_Source12getYawSourceEh @ 0x5cc2e0
AUTO: _ZNK12NavEKF3_core7healthyEv @ 0x5cc5a0
AUTO: _ZNK16AP_NavEKF_Source14useVelXYSourceENS_8SourceXYEh @ 0x5cc960
AUTO: _ZNK16AP_NavEKF_Source18getActiveSourceSetEh @ 0xa23a30
AUTO: _ZNK7AP_EnumIN16AP_NavEKF_Source8SourceXYEEcvKS1_Ev @ 0xa23ae0
AUTO: _ZNK16AP_NavEKF_Source13option_is_setENS_13SourceOptionsE @ 0xa23b30
AUTO: _ZNK12NavEKF3_core15getFilterFaultsERt @ 0x5cca90
AUTO: _ZNK11QuaternionTIdE6is_nanEv @ 0xa23bb0
AUTO: _ZNK7Vector3IdE6is_nanEv @ 0xa23cb0
AUTO: _ZNK7AP_EnumIN16AP_NavEKF_Source9SourceYawEEcvKS1_Ev @ 0xa23d80
AUTO: _ZN2AP3dalEv @ 0x5ccbb0
AUTO: _ZN6AP_DAL7compassEv @ 0xa23dd0
AUTO: _ZNK14AP_DAL_Compass15get_num_enabledEv @ 0xa23e20
AUTO: _ZN6AP_DAL13get_singletonEv @ 0xa23e70
AUTO: _ZnwmRKSt9nothrow_t @ 0x5ccbf0
AUTO: _ZN7Matrix3IfEC2Ev @ 0xa242b0
AUTO: _ZN7Vector3IfEC2Ev @ 0xa243a0
AUTO: _ZN11QuaternionTIfEC2Ev @ 0xa24520
AUTO: _ZN7Vector2IfEC2Ev @ 0xa24590
AUTO: _ZN6AP_DAL4baroEv @ 0xa245f0
AUTO: _ZN6AP_DAL6beaconEv @ 0xa24690
AUTO: _ZN6AP_DAL3gpsEv @ 0xa24750
AUTO: _ZN6AP_DAL11rangefinderEv @ 0xa24860
AUTO: _ZN6AP_DAL10visualodomEv @ 0xa248b0
AUTO: _ZNK7Compass7healthyEh @ 0x5cd520
AUTO: _ZNK7Compass11use_for_yawEh @ 0x5cd5c0
AUTO: _ZNK7Compass9availableEv @ 0xa249d0
AUTO: _ZN14typesafe_indexIh12TAG_PriorityEC2Eh @ 0xa24a50
AUTO: _ZNK19RestrictIDTypeArrayI9AP_ParamTIaL11ap_var_type1EELj3E14typesafe_indexIh12TAG_PriorityEEixERKS5_ @ 0xa24ab0
AUTO: _ZNK7AP_EnumIN7Compass9LearnTypeEEcvKS1_Ev @ 0xa24b30
AUTO: _ZNK14typesafe_indexIh12TAG_PriorityE7get_intEv @ 0xa24b80
AUTO: _ZNK7Compass10_get_stateE14typesafe_indexIh12TAG_PriorityE @ 0xa24bd0
AUTO: _ZNK7Compass13_get_state_idE14typesafe_indexIh12TAG_PriorityE @ 0x5cd6a0
AUTO: _ZNK19RestrictIDTypeArrayIN7Compass9mag_stateELj4E14typesafe_indexIh14TAG_StateIndexEEixERKS4_ @ 0xa24c50
AUTO: _ZNK14typesafe_indexIh14TAG_StateIndexE7get_intEv @ 0xa24cd0
AUTO: _ZNK19RestrictIDTypeArrayIiLj3E14typesafe_indexIh12TAG_PriorityEEixERKS2_ @ 0xa24d20
AUTO: _ZN14typesafe_indexIh14TAG_StateIndexEC2Eh @ 0xa24da0
AUTO: _ZNK14typesafe_indexIh14TAG_StateIndexEltERKh @ 0xa24e00
AUTO: _ZN14typesafe_indexIh14TAG_StateIndexEppEi @ 0xa24e70
AUTO: _ZN7Compass13get_singletonEv @ 0xa24ee0
AUTO: _ZNK7NavEKF211activeCoresEv @ 0xa24f20
AUTO: _ZNK7NavEKF311activeCoresEv @ 0xa25360
AUTO: _ZN11QuaternionTIfE20from_rotation_matrixERK7Matrix3IfE @ 0xa25410
AUTO: _ZNK12NavEKF3_core11use_compassEv @ 0x5cdd30
AUTO: _ZNK14AP_DAL_Compass11use_for_yawEh @ 0xa25920
AUTO: _ZNK12NavEKF3_core20getRotationBodyToNEDER7Matrix3IfE @ 0x5cde00
AUTO: _ZNK11QuaternionTIdE15rotation_matrixER7Matrix3IfE @ 0xa25990
AUTO: _ZNK6AP_DAL43get_rotation_vehicle_body_to_autopilot_bodyEv @ 0xa25ba0
AUTO: _ZNK7Matrix3IfEmlERKS0_ @ 0xa25bf0
AUTO: _ZN7Vector3IfEC2Efff @ 0xa25e60
AUTO: _ZN7Matrix3IfEC2ERK7Vector3IfES4_S4_ @ 0xa25ef0
AUTO: _ZN7Vector3IfEdVEf @ 0xa25fa0
AUTO: _Z7wrap_PId @ 0x5cdf10
AUTO: _ZN7Vector3IfEmLEf @ 0xa26030
AUTO: _Z8wrap_2PId @ 0x5cdfa0
AUTO: _ZN11QuaternionTIfEC2Effff @ 0xa26370
AUTO: _ZNK11QuaternionTIfE15rotation_matrixER7Matrix3IfE @ 0xa26420
AUTO: _ZNK7Matrix3IfE13mul_transposeERK7Vector3IfE @ 0xa26610
AUTO: _ZNK7Vector3IfEmiERKS0_ @ 0xa26720
AUTO: _ZNK7Vector3IfE6lengthEv @ 0xa267d0
AUTO: _Z20constrain_value_lineIfET_S0_S0_S0_j @ 0xa26830
AUTO: _Z4normIffJfEEdT_T0_DpKT1_ @ 0xa26950
AUTO: _Z2sqIfJffEEdT_DpKT0_ @ 0xa269d0
AUTO: _ZL2sqf.3424 @ 0x5ce090
AUTO: _Z2sqIfJfEEdT_DpKT0_ @ 0xa26a70
AUTO: _ZL2sqf.1606 @ 0x5ce0e0
AUTO: _ZNK7AP_AHRS24get_rotation_body_to_nedEv @ 0xa26af0
AUTO: _ZN2AP3gpsEv @ 0x5ce1f0
AUTO: _ZNK6AP_GPS8get_typeEh @ 0xa26be0
AUTO: _ZNK7AP_EnumIN6AP_GPS8GPS_TypeEEcvKS1_Ev @ 0xa26c70
AUTO: _ZN6AP_GPS13get_singletonEv @ 0xa26cc0
AUTO: _ZNK7NavEKF37healthyEv @ 0x5ce340
AUTO: _ZNK6AP_GPS11num_sensorsEv @ 0x5ce650
AUTO: _ZNK6AP_GPS14primary_sensorEv @ 0xa26da0
AUTO: _ZNK6AP_GPS6statusEh @ 0xa26df0
AUTO: _ZNK6AP_GPS10is_healthyEh @ 0x5ce6d0
AUTO: _ZNK7AP_AHRS11home_is_setEv @ 0xa26eb0
AUTO: _ZNK6AP_GPS8locationEv @ 0xa26f10
AUTO: _ZNK6AP_GPS22first_unconfigured_gpsERh @ 0x5ce990
AUTO: _ZN3GCS9send_textE12MAV_SEVERITYPKcz @ 0x5ceb60
AUTO: _ZNK6AP_GPS8locationEh @ 0xa26f70
AUTO: _ZNK6AP_GPS12is_rtk_roverEh @ 0x5cee40
AUTO: _ZN2AP3insEv @ 0x5cf1a0
AUTO: _ZNK17AP_InertialSensor19get_gyro_health_allEv @ 0x5cf1e0
AUTO: _ZNK17AP_InertialSensor22gyro_calibrated_ok_allEv @ 0x5cf2a0
AUTO: _ZNK17AP_InertialSensor20get_accel_health_allEv @ 0x5cf3b0
AUTO: _ZNK17AP_InertialSensor23accel_calibrated_ok_allEv @ 0x5cf470
AUTO: _ZNK10AP_GyroFFT16analysis_enabledEv @ 0xa27190
AUTO: _ZdlPv @ 0x5d0890
AUTO: _ZN7Vector3IfEixEh @ 0xa27520
AUTO: _ZN10DigitalLPFIfE6_applyERKfS2_ @ 0xa27880
AUTO: _Z15constrain_int16sss @ 0xa27e80
AUTO: _Z15constrain_valueIsET_S0_S0_S0_ @ 0xa27f10
AUTO: _ZNK10ByteBuffer5spaceEv @ 0x5d20b0
AUTO: _ZN10ByteBuffer5writeEPKhj @ 0x5d2310
AUTO: _ZN10ByteBuffer7reserveEPNS_5IoVecEj @ 0x5d2430
AUTO: _ZN10ByteBuffer6commitEj @ 0x5d2660
AUTO: _ZNK10ByteBuffer8get_sizeEv @ 0xa27fc0
AUTO: _ZNK17AP_InertialSensor14get_gyro_countEv @ 0xa28050
AUTO: _ZNK17AP_InertialSensor4_useEh @ 0xa280c0
AUTO: _ZNK17AP_InertialSensor8_gyro_idEh @ 0xa28120
AUTO: _ZN17AP_InertialSensor8_gyro_idEh @ 0xa28180
AUTO: _ZN17AP_InertialSensor4_useEh @ 0xa281f0
AUTO: _ZL3MINIihEDTqultfp_fp0_fp_fp0_ERKT_RKT0_.3043 @ 0x5d2b90
AUTO: _ZNK7AP_EnumIN22AP_InertialSensor_TCal6EnableEEcvKS1_Ev @ 0xa282c0
AUTO: _ZN17AP_InertialSensor4tcalEh @ 0xa28310
AUTO: _ZNK17AP_InertialSensor8get_gyroEv @ 0xa28380
AUTO: _ZNK17AP_InertialSensor8use_gyroEh @ 0x5d2d50
AUTO: _ZNK17AP_InertialSensor8get_gyroEh @ 0xa283e0
AUTO: _ZNK17AP_InertialSensor15get_gyro_healthEh @ 0xa28450
AUTO: _ZNK17AP_InertialSensor15get_accel_countEv @ 0xa284f0
AUTO: _ZL3MINIihEDTqultfp_fp0_fp_fp0_ERKT_RKT0_ @ 0x5d2fd0
AUTO: _ZNK17AP_InertialSensor9get_accelEv @ 0xa28560
AUTO: _ZNK17AP_InertialSensor9use_accelEh @ 0x5d3060
AUTO: _ZNK17AP_InertialSensor9get_accelEh @ 0xa285c0
AUTO: _ZNK17AP_InertialSensor16get_accel_healthEh @ 0xa28630
AUTO: _ZNK17AP_InertialSensor13_accel_offsetEh @ 0xa286d0
AUTO: _ZNK9AP_ParamVI7Vector3IfEL11ap_var_type5EE3getEv @ 0xa28730
AUTO: _ZNK7Vector3IfE7is_zeroEv @ 0xa28780
AUTO: _ZNK17AP_InertialSensor12_accel_scaleEh @ 0xa28830
AUTO: _ZNK17AP_InertialSensor9_accel_idEh @ 0xa28890
AUTO: _Z8is_equalIffENSt3__19enable_ifIXsr3std17is_floating_pointINS0_11common_typeIJT_T0_EE4typeEEE5valueEbE4typeES3_S4_ @ 0xa288f0
AUTO: _ZN17AP_InertialSensor9_accel_idEh @ 0xa28970
AUTO: _ZN17AP_InertialSensor12_accel_scaleEh @ 0xa289e0
AUTO: _ZN17AP_InertialSensor13_accel_offsetEh @ 0xa28a50
AUTO: _ZNK17AP_InertialSensor18gyro_calibrated_okEh @ 0xa28ac0
AUTO: _ZN17AP_InertialSensor13get_singletonEv @ 0x5d3120
AUTO: _ZN8AP_Param17get_default_valueEPKS_RKNS_9GroupInfoE @ 0x5d4040
AUTO: _ZN13AP_ParamTBaseIaL11ap_var_type1EE3setERKa @ 0xa290a0
AUTO: _ZN13AP_ParamTBaseIsL11ap_var_type2EE3setERKs @ 0xa29100
AUTO: _ZN13AP_ParamTBaseIiL11ap_var_type3EE3setERKi @ 0xa29170
AUTO: _ZN13AP_ParamTBaseIfL11ap_var_type4EE3setERKf @ 0xa291d0
AUTO: _ZNK7Vector3IfEneERKS0_ @ 0xa29900
AUTO: _ZNK8AP_Param13find_var_infoEPjRPKNS_9GroupInfoERNS_12GroupNestingEPh @ 0x5d4b90
AUTO: _ZNK8AP_Param14copy_name_infoEPKNS_4InfoEPKNS_9GroupInfoERKNS_12GroupNestingEhPcmb @ 0x5d4e10
AUTO: _ZNK8AP_Param14send_parameterEPKc11ap_var_typeh @ 0x5d5070
AUTO: _ZNK8AP_Param13cast_to_floatE11ap_var_type @ 0x5d5210
AUTO: _ZN3GCS20send_parameter_valueEPKc11ap_var_typef @ 0x5d5300
AUTO: _ZL3MINImmEDTqultfp_fp0_fp_fp0_ERKT_RKT0_.5959 @ 0x5d5440
AUTO: _ZN11GCS_MAVLINK14mav_param_typeE11ap_var_type @ 0x5d54c0
AUTO: _ZN8AP_Param16count_parametersEv @ 0x5d5550
AUTO: _ZN3GCS23send_to_active_channelsEjPKc @ 0x5d5700
AUTO: _ZN9AP_Logger13get_singletonEv @ 0xa299d0
AUTO: _ZN9AP_Logger15Write_ParameterEPKcf @ 0x5d5820
AUTO: _ZNK9AP_Logger10quiet_nanfEv @ 0xa29a10
AUTO: _ZN17AP_Logger_Backend15Write_ParameterEPKcff @ 0x5d5910
AUTO: _Z14strncpy_notermPcPKcm @ 0x5d5a30
AUTO: _ZN17AP_Logger_Backend18WriteCriticalBlockEPKvt @ 0xa29a60
AUTO: _ZN17AP_Logger_Backend21WritePrioritisedBlockEPKvtbb @ 0x5d5ae0
AUTO: _ZN17AP_Logger_Backend30validate_WritePrioritisedBlockEPKvt @ 0x5d5cb0
AUTO: _ZN17AP_Logger_Backend9ShouldLogEb @ 0x5d5ea0
AUTO: _ZN17AP_Logger_Backend21ensure_format_emittedEPKvt @ 0x5d6340
AUTO: _ZNK17AP_Logger_Backend23message_type_from_blockEPKvtR11LogMessages @ 0x5d6460
AUTO: _ZNK17AP_Logger_Backend28have_emitted_format_for_typeE11LogMessages @ 0xa29ae0
AUTO: _ZNK7BitmaskILt256EE8validateEt @ 0xa29c10
AUTO: _ZNK9AP_Logger22structure_for_msg_typeEh @ 0x5d6da0
AUTO: _ZNK9AP_Logger9structureEt @ 0x5d6ef0
AUTO: _ZNK7BitmaskILt256EE3getEt @ 0xa29ca0
AUTO: _ZNK6AP_HAL4Util14get_soft_armedEv @ 0xa29d70
AUTO: _ZN2AP6loggerEv @ 0x5d6f60
AUTO: _Z7is_zeroI9AP_ParamTIfL11ap_var_type4EEEbT_ @ 0xa29dd0
AUTO: _ZNK12AP_Scheduler5ticksEv @ 0xa29e30
AUTO: _ZN6AP_HAL8millis16Ev @ 0x5d71b0
AUTO: _ZNK9AP_Logger13WritesEnabledEv @ 0xa29f90
AUTO: _ZNK19LoggerMessageWriter8finishedEv @ 0xa29ff0
AUTO: _ZNK9AP_Logger15in_log_downloadEv @ 0x5d71f0
AUTO: _ZNK9AP_Logger16vehicle_is_armedEv @ 0xa2a050
AUTO: _ZNK9AP_Logger26log_write_fmt_for_msg_typeEh @ 0x5d7390
AUTO: mavlink_get_msg_entry @ 0x5d7440
AUTO: _ZNK3GCS7num_gcsEv @ 0xa2a100
AUTO: _ZNK11GCS_MAVLINK10is_privateEv @ 0xa2a150
AUTO: _ZNK11GCS_MAVLINK9is_activeEv @ 0xa2a1b0
AUTO: _ZN11GCS_MAVLINK12send_messageEPKcPK19__mavlink_msg_entry @ 0xa2a230
AUTO: _ZN11GCS_MAVLINK18check_payload_sizeEt @ 0x5d7560
AUTO: _mav_finalize_message_chan_send @ 0x5d7610
AUTO: _Z26mavlink_get_channel_statush @ 0x5d7960
AUTO: _Z17_mav_trim_payloadPKch @ 0x5d7a40
AUTO: _ZL13crc_calculatePKht @ 0x5d7ae0
AUTO: _ZL21crc_accumulate_bufferPtPKct @ 0x5d7b80
AUTO: _ZL14crc_accumulatehPt @ 0x5d7c20
AUTO: _Z14comm_send_lock17mavlink_channel_tt @ 0x5d7eb0
AUTO: _mavlink_send_uart @ 0x5d7f70
AUTO: _Z16comm_send_unlock17mavlink_channel_t @ 0x5d7ff0
AUTO: _Z16comm_send_buffer17mavlink_channel_tPKhh @ 0x5d8070
AUTO: _ZL13valid_channel17mavlink_channel_t @ 0x5d81e0
AUTO: _Z24gcs_out_of_space_to_send17mavlink_channel_t @ 0x5d8290
AUTO: _ZN11GCS_MAVLINK20out_of_space_to_sendEv @ 0xa2a370
AUTO: _ZL8crc_initPt @ 0x5d8bc0
AUTO: _ZN11GCS_MAVLINK14channel_statusEv @ 0xa2a3d0
AUTO: _ZNK11GCS_MAVLINK7txspaceEv @ 0xa2a420
AUTO: _ZNK11GCS_MAVLINK15packet_overheadEv @ 0xa2a4c0
AUTO: _ZN11GCS_MAVLINK20packet_overhead_chanE17mavlink_channel_t @ 0x5d8c10
AUTO: _ZL3MINIjjEDTqultfp_fp0_fp_fp0_ERKT_RKT0_.5950 @ 0x5d8cf0
AUTO: _ZN11GCS_MAVLINK10is_privateE17mavlink_channel_t @ 0xa2a520
AUTO: _ZN8AP_Param8var_infoEt @ 0xa2a590
AUTO: _ZN8AP_Param14get_group_infoERKNS_4InfoE @ 0x5d9570
AUTO: _ZN8AP_Param14get_group_infoERKNS_9GroupInfoE @ 0x5d9b90
AUTO: _ZN8AP_Param19adjust_group_offsetEtRKNS_9GroupInfoERl @ 0x5d9c10
AUTO: _ZN8AP_Param8group_idEPKNS_9GroupInfoEjhh @ 0x5d9d30
AUTO: _ZN8AP_Param8get_baseERKNS_4InfoERl @ 0x5d9e30
AUTO: _ZNK13AP_ParamTBaseIiL11ap_var_type3EE13cast_to_floatEv @ 0xa2a6d0
AUTO: _ZNK8AP_Param19find_var_info_groupEPKNS_9GroupInfoEtjhlPjRS2_RNS_12GroupNestingEPh @ 0x5d9fc0
AUTO: _ZN8AP_Param4saveEb @ 0x5da4c0
AUTO: _ZN17AP_InertialSensor13caltemp_accelEh @ 0xa2a850
AUTO: _ZNK17AP_InertialSensor15get_temperatureEh @ 0xa2a8c0
AUTO: _ZN7Vector3IfE4zeroEv @ 0xa2ab20
AUTO: _ZNK7Vector3IfErmERKS0_ @ 0xa2ab80
AUTO: _ZNK7Vector3IfEmlERKS0_ @ 0xa2ac60
AUTO: _Z9safe_sqrtIfEfT_ @ 0xa2acf0
AUTO: _ZNK11QuaternionTIfE14get_euler_rollEv @ 0xa2ae80
AUTO: _ZNK11QuaternionTIfE15get_euler_pitchEv @ 0xa2af30
AUTO: _Z9safe_asinIfEfT_ @ 0xa2afa0
AUTO: _ZN7Vector3IfE6rotateE8Rotation @ 0xa2b190
AUTO: _ZNK7Matrix3IfEmlERK7Vector3IfE @ 0xa2c170
AUTO: _ZN7Matrix3IfE10from_eulerEfff @ 0xa2c310
AUTO: _ZN7Matrix3IfEC2Efffffffff @ 0xa2c540
AUTO: _ZNK7Vector3IfEplERKS0_ @ 0xa2c670
AUTO: _ZNK7Vector3IfEdvEf @ 0xa2c720
AUTO: _Z4normIffJEEdT_T0_DpKT1_ @ 0xa2c7c0
AUTO: _ZN7Vector3IfEpLERKS0_ @ 0xa2c830
AUTO: _ZN15ObjectBuffer_TSIN8AP_Param10param_saveEE4peekERS1_ @ 0xa2c8d0
AUTO: _ZN15ObjectBuffer_TSIN8AP_Param10param_saveEE4pushERKS1_ @ 0xa2c980
AUTO: _ZN10ByteBuffer9peekbytesEPhj @ 0x5db470
AUTO: _ZN10ByteBuffer9peekiovecEPNS_5IoVecEj @ 0x5db580
AUTO: _ZNK10ByteBuffer9availableEv @ 0x5db6d0
AUTO: _ZN10ByteBuffer7readptrERj @ 0x5db9b0
AUTO: _ZNK7Vector3IfEngEv @ 0xa2ca60
AUTO: _ZN2AP4sitlEv @ 0x5dbdb0
AUTO: _ZN2AP4baroEv @ 0x5dbdf0
AUTO: _ZNK7AP_Baro11all_healthyEv @ 0x5dbef0
AUTO: _ZNK7AP_Baro7healthyEh @ 0x5dbfa0
AUTO: _ZN7AP_Baro13get_singletonEv @ 0xa2cb40
AUTO: _ZN4SITL3SIM13get_singletonEv @ 0xa2cb80
AUTO: _ZNK9AP_Logger15logging_presentEv @ 0x5dc680
AUTO: _ZNK9AP_Logger15logging_startedEv @ 0x5dc770
AUTO: _ZNK11RC_Channels17option_is_enabledENS_6OptionE @ 0xa2cc10
AUTO: _ZNK11RC_Channels16get_roll_channelEv @ 0x5dc9d0
AUTO: _ZNK11RC_Channels15get_yaw_channelEv @ 0x5dcab0
AUTO: _ZNK10RC_Channel14get_control_inEv @ 0xa2cc90
AUTO: _ZNK11RC_Channels20get_throttle_channelEv @ 0x5dcb20
AUTO: _ZN11RC_Channels23find_channel_for_optionEN10RC_Channel8AUX_FUNCE @ 0x5dcb90
AUTO: _ZN2AP5rcmapEv @ 0x5dce10
AUTO: _ZNK8RCMapper8throttleEv @ 0xa2cd40
AUTO: _ZNK11RC_Channels25get_rcmap_channel_nonnullEh @ 0x5dce50
AUTO: _ZN11RC_Channels10rc_channelEh @ 0xa2cda0
AUTO: _ZN8RCMapper13get_singletonEv @ 0xa2ce00
AUTO: _ZNK8RCMapper3yawEv @ 0xa2ce40
AUTO: _ZNK8RCMapper4rollEv @ 0xa2cf00
AUTO: _ZNK11RC_Channels19flight_mode_channelEv @ 0x5dcee0
AUTO: _ZNK8Sailboat12sail_enabledEv @ 0xa2d270
AUTO: _ZNK11AP_WindVane7enabledEv @ 0x5dcf80
AUTO: _ZNK12AP_MotorsUGV8has_sailEv @ 0x5de2b0
AUTO: _ZNK12AP_MotorsUGV7is_omniEv @ 0xa2d330
AUTO: _ZN12SRV_Channels18get_emergency_stopEv @ 0xa2d440
AUTO: _ZNK10RC_Channel12get_radio_inEv @ 0xa2d480
AUTO: _ZN2AP5fenceEv @ 0x5e0260
AUTO: _ZNK8AC_Fence7presentEv @ 0x5e0840
AUTO: _ZNK8AC_Fence7enabledEv @ 0xa2d590
AUTO: _ZN15ExpandingStringD2Ev @ 0x5e0e80
AUTO: _ZNK19AC_PolyFence_loader17total_fence_countEv @ 0xa2d850
AUTO: _ZNK7Vector2IfEmiERKS0_ @ 0xa2df80
AUTO: _ZNK7Vector2IfEmlERKS0_ @ 0xa2e1f0
AUTO: _ZNK7Vector2IfEmlEf @ 0xa2e270
AUTO: _ZN7Vector2IfEC2Eff @ 0xa2e2f0
AUTO: _ZNK8Location15get_distance_NEERKS_ @ 0x5e1ec0
AUTO: _ZNK19AC_PolyFence_loader27get_exclusion_polygon_countEv @ 0xa2e420
AUTO: _ZNK19AC_PolyFence_loader27get_inclusion_polygon_countEv @ 0xa2e470
AUTO: _ZNK19AC_PolyFence_loader26get_exclusion_circle_countEv @ 0xa2e4c0
AUTO: _ZNK19AC_PolyFence_loader26get_inclusion_circle_countEv @ 0xa2e510
AUTO: _ZN8AC_Fence13get_singletonEv @ 0xa2e560
AUTO: _ZN2AP10visualodomEv @ 0x5e2080
AUTO: _ZNK13AP_VisualOdom7enabledEv @ 0x5e21f0
AUTO: _ZNK7AP_EnumIN13AP_VisualOdom15VisualOdom_TypeEEcvKS1_Ev @ 0xa2e5a0
AUTO: _ZN13AP_VisualOdom13get_singletonEv @ 0xa2e5f0
AUTO: _ZN6AP_HAL6microsEv @ 0x5e2660
AUTO: _ZN2AP5mountEv @ 0x5e26a0
AUTO: _ZN8AP_Mount13get_singletonEv @ 0xa2e670
AUTO: _ZN2AP3osdEv @ 0x5e2900
AUTO: _ZN6AP_OSD13get_singletonEv @ 0xa2e710
AUTO: _ZN2AP9generatorEv @ 0x5e2c50
AUTO: _ZN12AP_Generator13get_singletonEv @ 0x5e2e10
AUTO: _ZN2AP3canEv @ 0x5e2e50
AUTO: _ZNK13AP_CANManager15get_num_driversEv @ 0xa2e800
AUTO: _ZNK13AP_CANManager15get_driver_typeEh @ 0xa2e850
AUTO: _ZN13AP_CANManager13get_singletonEv @ 0xa2ea50
AUTO: _ZNK11SRV_Channel12get_functionEv @ 0xa2eb90
AUTO: _ZNK11SRV_Channel14get_output_minEv @ 0xa2ec50
AUTO: _ZNK11SRV_Channel14get_output_maxEv @ 0xa2eca0
AUTO: _ZN11SRV_Channel13should_e_stopENS_8FunctionE @ 0x5e3c10
AUTO: _ZN11RangeFinder13get_singletonEv @ 0xa2ed40
AUTO: _ZNK9AP_Logger14logging_failedEv @ 0x5e4240
AUTO: _ZN2AP7batteryEv @ 0x5e43c0
AUTO: _ZNK14AP_BattMonitor15configured_typeEh @ 0xa2ee30
AUTO: _ZNK14AP_BattMonitor14allocated_typeEh @ 0xa2eea0
AUTO: _ZNK22AP_BattMonitor_Backend20check_failsafe_typesERbS0_S0_S0_ @ 0x5e4af0
AUTO: _Z11is_positiveI9AP_ParamTIfL11ap_var_type4EEEbT_ @ 0xa2ef10
AUTO: _ZNK21AP_BattMonitor_Params23failsafe_voltage_sourceEv @ 0xa2eff0
AUTO: _ZL3MAXIffEDTqugtfp_fp0_fp_fp0_ERKT_RKT0_.16928 @ 0x5e4f00
AUTO: _ZN14AP_BattMonitor13get_singletonEv @ 0xa2f050
AUTO: _ZNK7Compass14is_calibratingEv @ 0x5e4f80
AUTO: _ZNK7Compass7healthyEv @ 0xa2f0f0
AUTO: _ZNK7Compass21learn_offsets_enabledEv @ 0xa2f150
AUTO: _ZNK7Compass9get_fieldEv @ 0xa2f280
AUTO: _ZNK7Compass10consistentEv @ 0x5e5340
AUTO: _ZN14AP_Declination18get_earth_field_gaERK8Location @ 0x5e55e0
AUTO: _ZNK7Vector3IfEmlEf @ 0xa2f2e0
AUTO: _ZN14AP_Declination16get_mag_field_efEffRfS0_S0_ @ 0x5e5880
AUTO: _ZL7radiansf.2451 @ 0x5e5e80
AUTO: _Z15constrain_int32iii @ 0xa2f380
AUTO: _Z15constrain_valueIiET_S0_S0_S0_ @ 0xa2f3f0
AUTO: _ZN11AP_AHRS_DCM11use_compassEv @ 0x5e5ff0
AUTO: _ZNK7AP_AHRS15get_fly_forwardEv @ 0xa2f4e0
AUTO: _ZNK11AP_AHRS_DCM8have_gpsEv @ 0x5e61a0
AUTO: _ZNK6AP_GPS12ground_speedEv @ 0xa2f540
AUTO: _ZL7degreesf.1595 @ 0x5e6230
AUTO: _ZNK6AP_GPS13ground_courseEv @ 0xa2f5a0
AUTO: _Z8wrap_180IfET_S0_ @ 0xa2f600
AUTO: _Z8wrap_360f @ 0x5e6280
AUTO: _ZNK6AP_GPS13ground_courseEh @ 0xa2f690
AUTO: _ZNK6AP_GPS12ground_speedEh @ 0xa2f700
AUTO: _ZNK7AP_EnumI6GPSUseEcvKS0_Ev @ 0xa2f770
AUTO: _ZNK6AP_GPS6statusEv @ 0xa2f7c0
AUTO: _ZNK7Vector3IfE2xyEv @ 0xa2f820
AUTO: _ZNK7Compass9get_countEv @ 0xa2f870
AUTO: _ZNK7Compass9get_fieldEh @ 0xa2f8c0
AUTO: _ZNK7Vector2IfE7is_zeroEv @ 0xa2f940
AUTO: _ZNK7Vector3IfE5angleERKS0_ @ 0xa2f9d0
AUTO: _ZL7radiansf.2166 @ 0x5e63a0
AUTO: _ZNK7Vector2IfE5angleERKS0_ @ 0xa2fae0
AUTO: _ZNK7Vector2IfE6lengthEv @ 0xa2fc00
AUTO: _ZNK7Compass11get_offsetsEh @ 0xa2fc60
AUTO: _ZNK9AP_ParamVI7Vector3IfEL11ap_var_type5EEcvRKS1_Ev @ 0xa2fce0
AUTO: _ZNK14typesafe_indexIh12TAG_PriorityEltERKh @ 0xa2fd30
AUTO: _ZNK14typesafe_indexIh12TAG_PriorityEcvhEv @ 0xa2fe20
AUTO: _ZNK14typesafe_indexIh12TAG_PriorityEplERKh @ 0xa2fe70
AUTO: _ZN14typesafe_indexIh12TAG_PriorityEppEi @ 0xa2ff70
AUTO: _ZN19RestrictIDTypeArrayIN7Compass9mag_stateELj4E14typesafe_indexIh14TAG_StateIndexEEixERKS4_ @ 0xa2ffe0
AUTO: _ZN8AP_Param7set_keyERNS_12Param_headerEt @ 0x5e6900
AUTO: _ZN8AP_Param4scanEPKNS_12Param_headerEPt @ 0x5e6990
AUTO: _ZN8AP_Param9type_sizeE11ap_var_type @ 0x5e6b20
AUTO: _ZNK13StorageAccess4sizeEv @ 0xa300d0
AUTO: _ZN8AP_Param7get_keyERKNS_12Param_headerE @ 0x5e6bc0
AUTO: _ZN8AP_Param11is_sentinalERKNS_12Param_headerE @ 0x5e6c30
AUTO: _ZNK19RestrictIDTypeArrayIP17CompassCalibratorLj3E14typesafe_indexIh12TAG_PriorityEEixERKS4_ @ 0xa30120
AUTO: _ZNK12AP_MotorsUGV6activeEv @ 0x5e6d80
AUTO: _ZN10AP_Mission5resetEv @ 0x5e7000
AUTO: _ZN15AP_Arming_Rover17update_soft_armedEv @ 0x5e70a0
AUTO: _ZNK9AP_Arming14option_enabledENS_6OptionE @ 0xa301a0
AUTO: _ZN9AP_Logger17set_vehicle_armedEb @ 0x5e7220
AUTO: _ZN10AP_Mission18init_jump_trackingEv @ 0x5e7310
AUTO: _ZN10AP_Mission16reset_wp_historyEv @ 0x5e73a0
AUTO: _ZNK9AP_Arming22get_rudder_arming_typeEv @ 0xa30220
AUTO: _ZN8AC_Fence12clear_breachEh @ 0x5e7ae0
AUTO: _ZN9AP_Logger18WriteCriticalBlockEPKvt @ 0x5e7b50
AUTO: _ZNK12AP_MotorsUGV12get_throttleEv @ 0xa30390
AUTO: _ZNK12AP_MotorsUGV18have_skid_steeringEv @ 0x5e7c00
AUTO: _ZNK12AP_MotorsUGV12get_steeringEv @ 0xa303e0
AUTO: _ZNK7AP_AHRS11get_yaw_radEv @ 0xa30430
AUTO: _ZNK7AP_AHRS38get_relative_position_NED_origin_floatER7Vector3IfE @ 0x5e80a0
AUTO: _ZN11AP_SmartRTL9add_pointERK7Vector3IfE @ 0x5e8310
AUTO: _ZN7HALSITL9Semaphore16take_nonblockingEv @ 0x5e84d0
AUTO: _ZNK11AP_SmartRTL10log_actionENS_6ActionERK7Vector3IfE @ 0x5e8560
AUTO: _ZNK7Vector3IfE16distance_squaredERKS0_ @ 0xa30480
AUTO: _ZL2sqf.11254 @ 0x5e8620
AUTO: _ZN7HALSITL9Semaphore4giveEv @ 0x5e8670
AUTO: _ZN9AP_Logger10Write_SRTLEbtthRK7Vector3IfE @ 0x5e8720
AUTO: _ZN9AP_Logger10WriteBlockEPKvt @ 0x5e8840
AUTO: _ZN17AP_Logger_Backend10WriteBlockEPKvt @ 0xa30540
AUTO: _ZN11AP_SmartRTL15restart_pruningEt @ 0x5e88f0
AUTO: _ZN11AP_SmartRTL22restart_simplificationEt @ 0x5e89a0
AUTO: _ZN7BitmaskILt500EE6setallEv @ 0xa305d0
AUTO: _ZN7Vector3IdEC2Ev @ 0xa30680
AUTO: _ZNK7AP_AHRS32get_relative_position_NED_originER7Vector3IdE @ 0x5e8a30
AUTO: _ZNK7Vector3IdE7tofloatEv @ 0xa306e0
AUTO: _ZN7Vector2IdEC2Ev @ 0xa30760
AUTO: _ZNK7NavEKF38getPosNEER7Vector2IdE @ 0x5e8e50
AUTO: _ZNK7NavEKF37getPosDERd @ 0x5e8ef0
AUTO: _ZN7Vector3IdEC2Eddd @ 0xa307c0
AUTO: _ZNK8Location11initialisedEv @ 0xa30850
AUTO: _ZNK7Vector3IfE8todoubleEv @ 0xa308e0
AUTO: _ZN7Vector3IdEmLEd @ 0xa30960
AUTO: _ZN8Location13offset_latlngERiS0_dd @ 0x5e9560
AUTO: _ZN8Location15limit_lattitudeEi @ 0x5e9660
AUTO: _ZN8Location14wrap_longitudeEl @ 0x5e9700
AUTO: _ZNK11AP_AHRS_SIM12get_locationER8Location @ 0x5e97a0
AUTO: _ZNK8Location23get_distance_NE_postypeERKS_ @ 0x5e9890
AUTO: _ZN7Vector2IdEC2Edd @ 0xa309f0
AUTO: _ZNK12NavEKF3_core7getPosDERd @ 0x5e9980
AUTO: _ZNK12NavEKF3_core13getPosD_localERd @ 0x5e9a50
AUTO: _ZNK12NavEKF3_core12getOriginLLHER8Location @ 0x5e9ae0
AUTO: _ZNK12NavEKF3_core8getPosNEER7Vector2IdE @ 0x5e9bd0
AUTO: _ZNK7Vector3IdE2xyEv @ 0xa30a70
AUTO: _ZNK7Vector2IdE8todoubleEv @ 0xa30ac0
AUTO: _ZNK7Vector2IdEplERKS0_ @ 0xa30b20
AUTO: _ZNK10AP_DAL_GPS6statusEh @ 0xa30bb0
AUTO: _ZNK10AP_DAL_GPS8locationEh @ 0xa30c20
AUTO: _ZN7Vector2IdE4zeroEv @ 0xa30c90
AUTO: _ZNK10AP_DAL_GPS14primary_sensorEv @ 0xa30cf0
AUTO: _ZNK11AP_AHRS_DCM12get_locationER8Location @ 0x5ea220
AUTO: _ZNK7AP_Baro12get_altitudeEv @ 0xa30da0
AUTO: _ZN8Location6offsetEdd @ 0x5ea550
AUTO: _ZNK6AP_GPS7get_lagERf @ 0xa30e00
AUTO: _ZNK6AP_GPS7get_lagEhRf @ 0x5ea5e0
AUTO: _ZNK7AP_Baro12get_altitudeEh @ 0xa30e80
AUTO: _ZNK7AP_AHRS16get_velocity_NEDER7Vector3IfE @ 0x5eabc0
AUTO: _ZNK9AP_ParamTIfL11ap_var_type4EEngEv @ 0xa30f50
AUTO: _ZNK8Location10get_alt_cmENS_8AltFrameERi @ 0x5eb2c0
AUTO: _ZNK8Location13get_alt_frameEv @ 0x5eb600
AUTO: _ZNK7AP_AHRS10get_originER8Location @ 0x5eb6e0
AUTO: _ZNK9AP_Arming18get_enabled_checksEv @ 0x5ec150
AUTO: _ZN7HALSITL9Semaphore4takeEj @ 0x5ec2b0
AUTO: _ZN6AP_HAL9Semaphore13take_blockingEv @ 0xa31720
AUTO: _ZN4SITL6AS56006updateERKNS_8AircraftE @ 0x5ed7d0
AUTO: _ZNK4SITL8Aircraft12get_attitudeER11QuaternionTIfE @ 0xa325c0
AUTO: _ZL7degreesf.19207 @ 0x5edba0
AUTO: _ZN4SITL17I2CRegisters_8Bit12set_registerEhh @ 0x5edc00
AUTO: _ZN4SITL9I2CDevice6updateERKNS_8AircraftE @ 0xa327b0
AUTO: _ZN4SITL13TeraRangerI2C6updateERKNS_8AircraftE @ 0xa32950
AUTO: _ZNK4SITL8Aircraft17rangefinder_rangeEv @ 0x5ee2c0
AUTO: _ZL7radiansf.14466 @ 0x5ee7a0
AUTO: _Z10rand_floatv @ 0x5ee800
AUTO: _ZN4SITL7INA32216updateERKNS_8AircraftE @ 0x5eeae0
AUTO: _ZL15convert_voltagef @ 0x5eef60
AUTO: _ZL15convert_currentf @ 0x5ef030
AUTO: _ZN4SITL8QMC5883L6updateERKNS_8AircraftE @ 0x5ef290
AUTO: _ZN7Vector3IfE14rotate_inverseE8Rotation @ 0xa329c0
AUTO: _ZL7htole16t.13591 @ 0x5ef6a0
AUTO: _ZN7Vector3IsEC2Esss @ 0xa32b70
AUTO: _ZN4SITL10IS31FL31956updateERKNS_8AircraftE @ 0x5ef910
AUTO: _ZN4SITL17I2CRegisters_8Bit12get_registerEh @ 0xa32d10
AUTO: _ZN10SIM_RGBLED11set_coloursEhhh @ 0xa32d70
AUTO: _ZN4SITL6LM27556updateERKNS_8AircraftE @ 0x5f05f0
AUTO: _ZNK4SITL6LM275510LEDChannel13current_valueEv @ 0xa32f80
AUTO: _ZN4SITL6LP55626updateERKNS_8AircraftE @ 0x5f0ba0
AUTO: _ZN4SITL6LP556210LEDChannel6updateEv @ 0x5f0eb0
AUTO: _ZNK4SITL6LP556210LEDChannel13current_valueEv @ 0xa33200
AUTO: _ZN4SITL6MS5XXX6updateERKNS_8AircraftE @ 0x5f0f90
AUTO: _ZN7AP_Baro37get_pressure_temperature_for_alt_amslEfRfS0_ @ 0x5f1f40
AUTO: _ZN7AP_Baro29geometric_alt_to_geopotentialEf @ 0x5f2120
AUTO: _ZL33find_atmosphere_layer_by_altitudef @ 0x5f2180
AUTO: _ZN7AP_Baro33get_temperature_by_altitude_layerEfa @ 0x5f2230
AUTO: _ZN7AP_Baro29get_temperatureC_for_alt_amslEf @ 0x5f2db0
AUTO: _ZN4SITL12InvensenseV36updateERKNS_8AircraftE @ 0x5f2e20
AUTO: _ZNK4SITL8ICM4060911accel_scaleEv @ 0xa33750
AUTO: _ZL7radiansd.13033 @ 0x5f38e0
AUTO: _ZNK4SITL12InvensenseV310gyro_scaleEv @ 0xa337a0
AUTO: _ZN4SITL12InvensenseV313write_to_fifoEhPhh @ 0x5f3930
AUTO: _ZN4SITL7MCP96006updateERKNS_8AircraftE @ 0x5f3e90
AUTO: _ZL7htobe16t.12937 @ 0x5f4460
AUTO: _ZL10__bswap_16t.12939 @ 0x5f44b0
AUTO: _ZNK4SITL31I2CRegisters_ConfigurableLength13get_reg_valueEhRh @ 0x5f4520
AUTO: _ZN4SITL6TSYS036updateERKNS_8AircraftE @ 0x5f4970
AUTO: _ZN4SITL6TSYS016updateERKNS_8AircraftE @ 0x5f53c0
AUTO: _ZN4SITL5SHT3x6updateERKNS_8AircraftE @ 0x5f5ff0
AUTO: _ZN4SITL13Airspeed_DLVR6updateERKNS_8AircraftE @ 0x5f6870
AUTO: _ZN4SITL29SIM_BattMonitor_SMBus_Generic6updateERKNS_8AircraftE @ 0x5f7350
AUTO: _ZNK4SITL29SIM_BattMonitor_SMBus_Generic15connected_cellsEv @ 0xa34090
AUTO: _ZN4SITL21SIM_BattMonitor_SMBus6updateERKNS_8AircraftE @ 0x5f7bb0
AUTO: _ZNK4SITL8Aircraft19get_battery_voltageEv @ 0xa340e0
AUTO: _ZN4SITL11SMBusDevice12set_registerEht @ 0xa34130
AUTO: _ZN4SITL18I2CRegisters_16Bit12set_registerEht @ 0x5f7cc0
AUTO: _ZN4SITL11SMBusDevice12set_registerEhs @ 0xa341b0
AUTO: _ZN4SITL18I2CRegisters_16Bit12set_registerEhs @ 0x5f7d70
AUTO: _ZN4SITL6Rotoye6updateERKNS_8AircraftE @ 0x5f8010
AUTO: _ZN4SITL11SMBusDevice13get_reg_valueEh @ 0xa34460
AUTO: _ZN4SITL18I2CRegisters_16Bit13get_reg_valueEh @ 0xa344d0
AUTO: _ZL7be16toht.19258 @ 0x5f80e0
AUTO: _ZL10__bswap_16t.19259 @ 0x5f8130
AUTO: _ZNK4SITL6Maxell15connected_cellsEv @ 0xa34590
AUTO: _ZN4SITL13MaxSonarI2CXL6updateERKNS_8AircraftE @ 0xa346d0
AUTO: _ZN4SITL10ToshibaLED6updateERKNS_8AircraftE @ 0x5f83f0
AUTO: _ZNK6AP_HAL3HAL6serialEh @ 0xa35110
AUTO: _ZL14fill_stack_nanv @ 0x5f8eb0
AUTO: _ZN7HALSITL9Scheduler13_run_io_procsEv @ 0x5f9230
AUTO: _ZNK7FunctorIvJEEcvbEv @ 0xa35220
AUTO: _ZNK7FunctorIvJEEclEv @ 0xa35280
AUTO: _ZN7HALSITL16I2CDeviceManager11_timer_tickEv @ 0x5f9440
AUTO: _ZN2AP2RCEv @ 0x5f94e0
AUTO: _ZN13AP_RCProtocol6updateEv @ 0x5f9590
AUTO: _ZN13AP_RCProtocol16check_added_uartEv @ 0x5f95e0
AUTO: _ZNK13AP_RCProtocol13should_searchEj @ 0x5f9850
AUTO: _ZN21AP_RCProtocol_Backend9new_inputEv @ 0x5fa010
AUTO: _ZNK17AP_RCProtocol_FDM6activeEv @ 0xa35520
AUTO: _ZN6I2CBus11_timer_tickEv @ 0x5fa220
AUTO: _ZN9AP_Logger6WriteVEPKcS1_S1_S1_S1_P13__va_list_tagbb @ 0x5fa350
AUTO: _ZN9AP_Logger16msg_fmt_for_nameEPKcS1_S1_S1_S1_bb @ 0x5fa550
AUTO: _ZN17AP_Logger_Backend5WriteEhP13__va_list_tagbb @ 0x5fae40
AUTO: _ZNK9AP_Logger24assert_same_fmt_for_nameEPKNS_13log_write_fmtEPKcS4_S4_S4_S4_ @ 0x5fb9c0
AUTO: _ZN3GCS14update_receiveEv @ 0x5fcd30
AUTO: _ZN3GCS11update_sendEv @ 0x5fcde0
AUTO: _ZN19MissionItemProtocol6updateEv @ 0x5fd120
AUTO: _ZN11GCS_MAVLINK11update_sendEv @ 0x5fd2f0
AUTO: _ZN3GCS18service_statustextEv @ 0x5fd6d0
AUTO: _ZN3GCS15StatusTextQueue9semaphoreEv @ 0xa35780
AUTO: _ZNK11ObjectArrayIN3GCS12statustext_tEE8is_emptyEv @ 0xa357d0
AUTO: _ZN11GCS_MAVLINK18service_statustextEv @ 0x5fd840
AUTO: _ZN3GCS15StatusTextQueue5pruneEv @ 0x5fda80
AUTO: _ZNK11ObjectArrayIN3GCS12statustext_tEE9availableEv @ 0xa35830
AUTO: _ZN11ObjectArrayIN3GCS12statustext_tEEixEt @ 0xa35880
AUTO: _ZN11ObjectArrayIN3GCS12statustext_tEE6removeEt @ 0xa35920
AUTO: _ZN11ObjectArrayIN3GCS12statustext_tEE3popEv @ 0xa35a70
AUTO: _ZN3GCS16statustext_queueEv @ 0xa35b20
AUTO: _Z14comm_chan_lock17mavlink_channel_t @ 0x5fdbb0
AUTO: _ZL27mavlink_msg_statustext_send17mavlink_channel_thPKcth @ 0x5fdc10
AUTO: _ZL16mav_array_memcpyPvPKvm.6113 @ 0x5fdcf0
AUTO: _ZN9AP_Logger15handle_log_sendEv @ 0x5fdd90
AUTO: _ZN22GCS_MAVLINK_InProgress11check_tasksEv @ 0x5fe460
AUTO: _ZNK3GCS11out_of_timeEv @ 0x5fe650
AUTO: _ZN11GCS_MAVLINK30deferred_message_to_send_indexEt @ 0x5fe730
AUTO: _ZN11GCS_MAVLINK19do_try_send_messageE10ap_message @ 0x5fe910
AUTO: _ZNK7BitmaskILt91EE9first_setEv @ 0xa35b70
AUTO: _ZN7BitmaskILt91EE5clearEt @ 0xa35c40
AUTO: _ZN11GCS_MAVLINK36next_deferred_bucket_message_to_sendEt @ 0x5fea40
AUTO: _ZNK7BitmaskILt91EE5countEv @ 0xa35d00
AUTO: _ZNK11GCS_MAVLINK26get_reschedule_interval_msERKNS_25deferred_message_bucket_tE @ 0x5feb70
AUTO: _ZN11GCS_MAVLINK24find_next_bucket_to_sendEt @ 0x5fec70
AUTO: _ZN7BitmaskILt91EEaSERKS0_ @ 0xa35dd0
AUTO: _ZNK11GCS_MAVLINK24requesting_mission_itemsEv @ 0x5fee40
AUTO: _ZN7GCS_FTP16get_last_send_msE17mavlink_channel_t @ 0x5fef30
AUTO: _ZNK7BitmaskILt91EE8validateEt @ 0xa35f10
AUTO: _ZNK11GCS_MAVLINK17telemetry_delayedEv @ 0x5ff0d0
AUTO: _ZNK3GCS11telem_delayEv @ 0xa35fa0
AUTO: _ZN14AP_BoardConfig15in_config_errorEv @ 0xa36000
AUTO: _ZNK12AP_Scheduler19time_available_usecEv @ 0x5ff1a0
AUTO: _ZN11AP_Airspeed13get_singletonEv @ 0xa36040
AUTO: _ZN2AP2FSEv @ 0x5ff420
AUTO: _ZN19AP_Filesystem_Posix5writeEiPKvj @ 0x5ff7c0
AUTO: _ZN21AP_Filesystem_Backend17bytes_until_fsyncEi @ 0xa36080
AUTO: _ZN19AP_Filesystem_Posix9disk_freeEPKc @ 0x5fffb0
AUTO: _ZNK21AP_Filesystem_Backend15file_op_allowedEv @ 0x6006e0
AUTO: _ZL12map_filenamePKc @ 0x600780
AUTO: _ZL17map_filename_freePKc @ 0x600820
AUTO: _Z16comm_get_txspace17mavlink_channel_t @ 0x600970
AUTO: _ZL28mavlink_msg_command_ack_send17mavlink_channel_tthhihh @ 0x600a00
AUTO: _ZNK11AP_Airspeed7enabledEh @ 0x600af0
AUTO: _ZNK11AP_Airspeed11lib_enabledEv @ 0x600bb0
AUTO: _ZN11GCS_MAVLINK23set_ap_message_intervalE10ap_messaget @ 0x600f90
AUTO: _ZNK11GCS_MAVLINK20cap_message_intervalEt @ 0x6013b0
AUTO: _ZNK11GCS_MAVLINK26get_deferred_message_indexE10ap_message @ 0x601480
AUTO: _ZNK7BitmaskILt91EE3getEt @ 0xa362c0
AUTO: _ZN7BitmaskILt91EE3setEt @ 0xa36390
AUTO: _ZN12AP_Scheduler18get_loop_period_usEv @ 0xa36450
AUTO: _ZdaPv @ 0x601770
AUTO: _ZN13AP_Filesystem4openEPKcib @ 0x6017d0
AUTO: _ZN13AP_Filesystem5closeEi @ 0x601c80
AUTO: _ZNK13AP_Filesystem13backend_by_fdERi @ 0x601d00
AUTO: _ZNK13AP_Filesystem15backend_by_pathERPKc @ 0x601dd0
AUTO: _ZN11GCS_MAVLINK39initialise_message_intervals_for_streamENS_7streamsE @ 0x6020c0
AUTO: _ZNK11GCS_MAVLINK23get_interval_for_streamENS_7streamsE @ 0x6022c0
AUTO: _ZNK11GCS_MAVLINK8get_chanEv @ 0xa364f0
AUTO: _ZN11GCS_MAVLINK12send_messageE10ap_message @ 0x602d70
AUTO: _ZN11GCS_MAVLINK22save_signing_timestampEb @ 0x602e80
AUTO: _ZNK11GCS_MAVLINK12is_streamingEv @ 0xa365e0
AUTO: _ZNK13StorageAccess11write_blockEtPKvm @ 0x603110
AUTO: _Z9check_lati @ 0x605b40
AUTO: _Z9check_lngi @ 0x605bb0
AUTO: _ZN19AC_PolyFence_loader13check_indexedEv @ 0x605c20
AUTO: _Z11is_negativeIfEbT_ @ 0xa37340
AUTO: _ZN10AP_Mission26mission_cmd_to_mavlink_intERKNS_15Mission_CommandER28__mavlink_mission_item_int_t @ 0x60a0b0
AUTO: _ZN11GCS_MAVLINK14update_receiveEj @ 0x60b7a0
AUTO: _ZN3GCS15update_passthruEv @ 0x60bc70
AUTO: _ZN16AP_SerialManager12get_passthruERPN6AP_HAL10UARTDriverES3_RhRjS5_ @ 0x60c1a0
AUTO: _ZN6AP_HAL10UARTDriver11read_lockedEPhmj @ 0x60cc20
AUTO: _ZNK11GCS_MAVLINK6lockedEv @ 0xa37680
AUTO: _ZNK7FunctorIbJhPN6AP_HAL10UARTDriverEEEcvbEv @ 0xa376e0
AUTO: _ZN11GCS_MAVLINK14channel_bufferEv @ 0xa377c0
AUTO: mavlink_frame_char_buffer @ 0x60d300
AUTO: _ZN12AP_Scripting14handle_messageERK17__mavlink_message17mavlink_channel_t @ 0x60dba0
AUTO: _ZN11GCS_MAVLINK13send_timesyncEv @ 0x60dd90
AUTO: _ZN11GCS_MAVLINK17log_mavlink_statsEv @ 0x60de00
AUTO: _ZNK11GCS_MAVLINK15signing_enabledEv @ 0x60df80
AUTO: _ZNK11GCS_MAVLINK21timesync_timestamp_nsEv @ 0x60e020
AUTO: _ZL25mavlink_msg_timesync_send17mavlink_channel_tll @ 0x60e080
AUTO: mavlink_start_checksum @ 0x60e120
AUTO: mavlink_update_checksum @ 0x60e180
AUTO: _Z9fill_nanfPft @ 0x60ebc0
AUTO: _ZN10ByteBuffer7advanceEj @ 0x611c50
AUTO: _ZN5Empty11OpticalFlow9push_gyroEfff @ 0xa38690
AUTO: _ZN5Empty11OpticalFlow14push_gyro_biasEff @ 0xa38700
AUTO: _ZN6AP_HAL4Util14set_soft_armedEb @ 0x612770
AUTO: _ZNK7HALSITL4Util18was_watchdog_resetEv @ 0xa389d0
AUTO: _ZN7HALSITL4Util19safety_switch_stateEv @ 0x612900
AUTO: _ZN7HALSITL4Util16available_memoryEv @ 0xa38ec0
AUTO: _ZN7HALSITL4Util8uart_logEv @ 0x612ee0
AUTO: _ZN6AP_HAL4Util14log_stack_infoEv @ 0xa39260
AUTO: _ZN6AP_HAL10UARTDriver9log_statsEhRNS0_12StatsTrackerEj @ 0x6130b0
AUTO: _ZN6AP_HAL10UARTDriver12StatsTracker11ByteTracker6updateEj @ 0x613250
AUTO: _ZN7HALSITL8RCOutput20_safety_switch_stateEv @ 0xa39300
AUTO: _ZN6AP_HAL10UARTDriver5writeEPKhm @ 0x615780
AUTO: _ZN6AP_HAL10UARTDriver9availableEv @ 0x6158c0
AUTO: _ZN6AP_HAL10UARTDriver4readEv @ 0x615940
AUTO: _ZN6AP_HAL10UARTDriver4readERh @ 0x6159c0
AUTO: _ZN6AP_HAL10UARTDriver4readEPht @ 0x615ac0
AUTO: _ZN7HALSITL10UARTDriver7txspaceEv @ 0x615b30
AUTO: _ZN7HALSITL10UARTDriver11_timer_tickEv @ 0x615eb0
AUTO: _ZN7HALSITL10UARTDriver26receive_time_constraint_usEt @ 0x615f10
AUTO: _ZN7HALSITL10UARTDriver6_writeEPKhm @ 0x616b40
AUTO: _ZN7HALSITL10UARTDriver5_readEPht @ 0x616d10
AUTO: _ZN7HALSITL10UARTDriver10_availableEv @ 0x616f00
AUTO: _ZNK7HALSITL10UARTDriver18get_total_tx_bytesEv @ 0xa3ba90
AUTO: _ZNK7HALSITL10UARTDriver18get_total_rx_bytesEv @ 0xa3bae0
AUTO: _ZNK6AP_HAL10UARTDriver26get_total_dropped_rx_bytesEv @ 0xa3bb30
AUTO: _ZN7HALSITL10UARTDriver17_check_connectionEv @ 0x616ff0
AUTO: _ZN7HALSITL10UARTDriver13_select_checkEi @ 0x617130
AUTO: _ZN10ByteBuffer4readEPhj @ 0x617340
AUTO: _ZN7HALSITL10UARTDriver41handle_writing_from_writebuffer_to_deviceEv @ 0x6173e0
AUTO: _ZN7HALSITL10UARTDriver16_check_reconnectEv @ 0x617790
AUTO: _ZL3MINIjjEDTqultfp_fp0_fp_fp0_ERKT_RKT0_.12221 @ 0x617b90
AUTO: _ZNK4SITL12SerialDevice15write_to_deviceEPKcm @ 0x617c10
AUTO: _ZNK4SITL12SerialDevice18write_to_autopilotEPKcm @ 0x61af70
AUTO: _ZNK4SITL12SerialDevice13is_match_baudEv @ 0x61b030
AUTO: _ZNK4SITL3GPS18write_to_autopilotEPKcm @ 0x61b160
AUTO: _ZNK4SITL3GPS11device_baudEv @ 0x61b380
AUTO: _ZNK8Location31get_vector_xy_from_origin_NE_cmI7Vector2IfEEEbRT_ @ 0xa3d010
AUTO: _Z8wrap_180IdET_S0_ @ 0xa3d120
AUTO: _ZNK7Vector2IfEplERKS0_ @ 0xa3d580
AUTO: _Z8wrap_360d @ 0x61e210
AUTO: _ZNK4SITL12SerialDevice19read_from_autopilotEPcm @ 0x61e2b0
AUTO: _Z7is_zerod @ 0xa3f250
AUTO: _ZN7HALSITL10UARTDriver40handle_reading_from_device_to_readbufferEv @ 0x623ba0
AUTO: _ZNK4SITL12SerialDevice16read_from_deviceEPcm @ 0x624030
AUTO: _ZN7HALSITL8AnalogIn13board_voltageEv @ 0xa40760
AUTO: _ZN6AP_HAL8AnalogIn17servorail_voltageEv @ 0xa407b0
AUTO: _ZN6AP_HAL8AnalogIn18power_status_flagsEv @ 0xa40800
AUTO: _ZN7HALSITL9ADCSource7set_pinEh @ 0x624c70
AUTO: _ZN7HALSITL9ADCSource15voltage_averageEv @ 0x624cf0
AUTO: _ZN7HALSITL9ADCSource14voltage_latestEv @ 0x624d40
AUTO: _ZN7HALSITL4GPIO13usb_connectedEv @ 0x6254a0
AUTO: _ZN7HALSITL8RCOutput9enable_chEh @ 0x6258a0
AUTO: _ZN7HALSITL8RCOutput10disable_chEh @ 0x625930
AUTO: _ZN7HALSITL8RCOutput5writeEht @ 0x6259c0
AUTO: _ZN6AP_HAL8RCOutput20update_channel_masksEv @ 0xa411e0
AUTO: _ZN7HALSITL8RCOutput4corkEv @ 0x625af0
AUTO: _ZN7HALSITL8RCOutput4pushEv @ 0x625b80
AUTO: _ZN7HALSITL8RCOutput4readEh @ 0x625cb0
AUTO: _ZN7HALSITL8RCOutput4readEPth @ 0x625d40
AUTO: _ZN6AP_HAL8RCOutput16set_default_rateEt @ 0xa41a80
AUTO: _ZN17AP_ESC_Telem_SITL6updateEv @ 0x626160
AUTO: _ZN7HALSITL7RCInput9new_inputEv @ 0x626aa0
AUTO: _ZN7HALSITL7RCInput12num_channelsEv @ 0x626b00
AUTO: _ZN7HALSITL7RCInput4readEh @ 0x626b60
AUTO: _ZN13AP_RCProtocol4readEh @ 0x626e10
AUTO: _ZN21AP_RCProtocol_Backend4readEh @ 0x626ea0
AUTO: _ZN13AP_RCProtocol12num_channelsEv @ 0x626f00
AUTO: _ZNK21AP_RCProtocol_Backend12num_channelsEv @ 0x626f80
AUTO: _ZN13AP_RCProtocol9new_inputEv @ 0x626fd0
AUTO: _ZN13AP_RCProtocol21detect_async_protocolENS_12rcprotocol_tE @ 0x627190
AUTO: _ZNK13AP_RCProtocol10using_uartEv @ 0xa425b0
AUTO: _ZN17AP_RCProtocol_FDM6updateEv @ 0x627de0
AUTO: _ZN21AP_RCProtocol_Backend9add_inputEhPtbss @ 0x627fc0
AUTO: _ZL3MINIhiEDTqultfp_fp0_fp_fp0_ERKT_RKT0_.18381 @ 0x628120
AUTO: _ZN13AP_RCProtocol19set_failsafe_activeEb @ 0xa42f80
AUTO: _ZN21AP_RCProtocol_Backend6updateEv @ 0xa43090
AUTO: _ZN17AP_RCProtocol_UDP6updateEv @ 0x6281a0
AUTO: _ZN17AP_RCProtocol_UDP21read_all_socket_inputEv @ 0x628400
AUTO: _ZN16SocketAPM_native4recvEPvmj @ 0x6286a0
AUTO: _ZN16SocketAPM_native6pollinEj @ 0x6288d0
AUTO: _ZNK16SocketAPM_native11get_read_fdEv @ 0xa431c0
AUTO: _ZN18AP_RCProtocol_GHST6updateEv @ 0x629140
AUTO: _ZNK7AP_AHRS13get_variancesERfS0_S0_R7Vector3IfES0_ @ 0x62ad90
AUTO: _ZNK7NavEKF312getVariancesERfS0_S0_R7Vector3IfES0_R7Vector2IfE @ 0x62b070
AUTO: _ZNK12NavEKF3_core12getVariancesERfS0_S0_R7Vector3IfES0_R7Vector2IfE @ 0x62b250
AUTO: _ZL3MAXIddEDTqugtfp_fp0_fp_fp0_ERKT_RKT0_.4222 @ 0x62b450
AUTO: _ZNK7Vector2IdE7tofloatEv @ 0xa438f0
AUTO: _ZN3GCS23get_sensor_status_flagsERjS0_S0_ @ 0x62b7c0
AUTO: _ZN3GCS26update_sensor_status_flagsEv @ 0x62b880
AUTO: _ZNK7AP_AHRS11initialisedEv @ 0x62c040
AUTO: _ZNK7AP_Baro13num_instancesEv @ 0xa43950
AUTO: _ZNK6AP_GPS10is_healthyEv @ 0xa439a0
AUTO: _ZNK14AP_BattMonitor13num_instancesEv @ 0xa43a00
AUTO: _ZNK14AP_BattMonitor7healthyEv @ 0x62c170
AUTO: _ZNK14AP_BattMonitor13has_failsafedEv @ 0xa43a50
AUTO: _ZNK17AP_InertialSensor11calibratingEv @ 0x62c260
AUTO: _ZNK9AP_Logger15logging_enabledEv @ 0x62c330
AUTO: _ZNK6AP_GPS15logging_presentEv @ 0xa43ab0
AUTO: _ZNK6AP_GPS15logging_enabledEv @ 0xa43b20
AUTO: _ZNK6AP_GPS14logging_failedEv @ 0x62c400
AUTO: _ZNK7AP_AHRS12get_ekf_typeEv @ 0xa43b90
AUTO: _ZNK8AC_Fence18sys_status_enabledEv @ 0x62c4e0
AUTO: _ZNK8AC_Fence18sys_status_presentEv @ 0x62c580
AUTO: _ZNK8AC_Fence17sys_status_failedEv @ 0x62c5e0
AUTO: _ZNK11AP_Airspeed7enabledEv @ 0xa43bf0
AUTO: _ZN2AP11opticalflowEv @ 0x62c730
AUTO: _ZNK14AP_OpticalFlow7enabledEv @ 0xa43d00
AUTO: _ZNK14AP_OpticalFlow7healthyEv @ 0xa43d70
AUTO: _ZN2AP6armingEv @ 0x62c770
AUTO: _ZNK11RC_Channels22has_ever_seen_rc_inputEv @ 0xa43df0
AUTO: _ZN9AP_Arming13get_singletonEv @ 0x62c7b0
AUTO: _ZNK7AP_EnumIN14AP_OpticalFlow4TypeEEcvKS1_Ev @ 0xa43e50
AUTO: _ZN14AP_OpticalFlow13get_singletonEv @ 0xa43ea0
AUTO: _ZNK11AP_Airspeed7healthyEh @ 0x62c7f0
AUTO: _ZN2AP8airspeedEv @ 0x62c970
AUTO: _ZNK11AP_Airspeed7healthyEv @ 0xa43fc0
AUTO: _ZNK11AP_Airspeed3useEh @ 0x62c9b0
AUTO: _ZN12SRV_Channels17get_output_scaledEN11SRV_Channel8FunctionE @ 0x62cae0
AUTO: _ZNK8AC_Fence12get_breachesEv @ 0xa44020
AUTO: _ZNK7AP_EnumIN8AC_Fence6ActionEEcvKS1_Ev @ 0xa44070
AUTO: _ZNK14AP_BattMonitor7healthyEh @ 0x62cbe0
AUTO: _ZNK6AP_GPS8num_satsEv @ 0xa44280
AUTO: _ZNK8Location14get_bearing_toERKS_ @ 0xa442e0
AUTO: _ZNK8Location11get_bearingERKS_ @ 0x62d880
AUTO: _ZL9rad_to_cdf.1252 @ 0x62d990
AUTO: _ZNK6AP_GPS8num_satsEh @ 0xa44360
AUTO: _ZNK14AP_BattMonitor12current_ampsERfh @ 0x62dad0
AUTO: _ZNK14AP_BattMonitor12consumed_mahERfh @ 0x62dbc0
AUTO: _ZN9AP_Logger14WriteStreamingEPKcS1_S1_z @ 0x62e8e0
AUTO: _ZN22AP_RCProtocol_DroneCAN6updateEv @ 0x62eb40
AUTO: _ZNK16AP_SerialManager11find_serialENS_14SerialProtocolEh @ 0x62ff30
AUTO: _ZNK7AP_Baro12get_pressureEh @ 0xa45fb0
AUTO: _ZNK7AP_Baro15get_temperatureEh @ 0xa46100
AUTO: _ZNK7AP_Baro23get_altitude_differenceEff @ 0x633550
AUTO: _ZNK7AP_Baro26get_altitude_from_pressureEf @ 0x6335f0
AUTO: _ZL33find_atmosphere_layer_by_pressuref @ 0x633850
AUTO: _ZNK7AP_Baro17get_altitude_AMSLEv @ 0xa46170
AUTO: _ZN7AP_Baro29geopotential_alt_to_geometricEf @ 0x633900
AUTO: _ZNK7AP_Baro17get_altitude_AMSLEh @ 0xa461d0
AUTO: _ZN9AP_Notify6updateEv @ 0x633b40
AUTO: _ZN2AP3srvEv @ 0x633ce0
AUTO: _ZN12SRV_Channels4corkEv @ 0x633d20
AUTO: _ZN12SRV_Channels4pushEv @ 0x633d80
AUTO: _ZN16AP_Volz_Protocol6updateEv @ 0x633f30
AUTO: _ZN10AP_SBusOut6updateEv @ 0x634200
AUTO: _ZN15AP_RobotisServo6updateEv @ 0x634380
AUTO: _ZN16AP_FETtecOneWire6updateEv @ 0x6345f0
AUTO: _ZN2AP6kdecanEv @ 0x6348e0
AUTO: _ZN9AP_KDECAN6updateEv @ 0x634920
AUTO: _ZN12SRV_Channels12find_channelEN11SRV_Channel8FunctionERh @ 0x635300
AUTO: _ZN11SRV_Channel8calc_pwmEf @ 0x6353d0
AUTO: _ZNK11SRV_Channel21pwm_from_scaled_valueEf @ 0x6354c0
AUTO: _ZNK11SRV_Channel14pwm_from_angleEf @ 0x635560
AUTO: _ZN9AP_KDECAN13get_singletonEv @ 0xa46f50
AUTO: _ZN16AP_FETtecOneWire4initEv @ 0x637090
AUTO: _ZN16AP_FETtecOneWire9init_uartEv @ 0x638660
AUTO: _ZN12SRV_Channels13get_singletonEv @ 0xa479b0
AUTO: _ZNK10AP_Mission21get_current_nav_indexEv @ 0xa47d40
AUTO: _ZNK6AP_GPS8get_hdopEh @ 0xa48010
AUTO: _ZNK7AP_AHRS11groundspeedEv @ 0xa48110
AUTO: _ZN7AP_Baro14get_climb_rateEv @ 0x63d900
AUTO: _ZN16DerivativeFilterIfLh7EE5slopeEv @ 0xa481b0
AUTO: _ZNK11RangeFinder11get_backendEh @ 0x63db50
AUTO: _Z14float_to_int16f @ 0x63f5b0
AUTO: _ZNK7AP_AHRS11get_yaw_degEv @ 0xa48d30
AUTO: _ZNK7AP_AHRS28get_relative_position_D_homeERf @ 0x63f730
AUTO: _ZNK8Location9get_alt_mENS_8AltFrameERf @ 0x63f8d0
AUTO: _ZNK7AP_AHRS30get_relative_position_D_originERd @ 0x63f980
AUTO: _ZNK7AP_AHRS11_get_originER8Location @ 0x63fac0
AUTO: _ZNK7AP_AHRS11_get_originENS_7EKFTypeER8Location @ 0x63fba0
AUTO: _ZNK7NavEKF312getOriginLLHER8Location @ 0x63fdb0
AUTO: _ZN18AP_RCProtocol_CRSF6updateEv @ 0x6428e0
AUTO: _ZN13AP_CRSF_Telem13get_singletonEv @ 0x642f10
AUTO: _ZN13AP_CRSF_Telem13queue_messageE12MAV_SEVERITYPKc @ 0x643960
AUTO: _ZN9AP_Notify13get_singletonEv @ 0xa499a0
AUTO: _ZN2AP10crsf_telemEv @ 0x6466b0
AUTO: _ZNK7AP_AHRS12get_roll_radEv @ 0xa4a190
AUTO: _ZNK7AP_AHRS13get_pitch_radEv @ 0xa4a1e0
AUTO: _ZN19AP_RCProtocol_SRXL26updateEv @ 0x64c4d0
AUTO: _ZNK14AP_BattMonitor15get_temperatureERfh @ 0x64f5b0
AUTO: _ZN2AP3rtcEv @ 0x64f680
AUTO: _ZNK6AP_RTC12get_utc_usecERm @ 0x64f7a0
AUTO: _ZN6AP_RTC13get_singletonEv @ 0xa4adf0
AUTO: _ZN2AP9esc_telemEv @ 0x64fb00
AUTO: _ZN12AP_ESC_Telem13get_singletonEv @ 0x64ffb0
AUTO: _ZN17AP_RCProtocol_DSM6updateEv @ 0x6534c0
AUTO: _ZN7HALSITL9Scheduler5delayEt @ 0x654db0
AUTO: _ZN7HALSITL9Scheduler18delay_microsecondsEt @ 0x654ea0
AUTO: _ZN6AP_HAL9Scheduler24delay_microseconds_boostEt @ 0xa4b5d0
AUTO: _ZN6AP_HAL9Scheduler9boost_endEv @ 0xa4b6e0
AUTO: _ZNK6AP_HAL9Scheduler17in_delay_callbackEv @ 0xa4b730
AUTO: _ZN7HALSITL9Scheduler21is_system_initializedEv @ 0xa4b790
AUTO: _ZN7HALSITL9Scheduler10stop_clockEm @ 0x655410
AUTO: _ZNK7HALSITL9Scheduler14in_main_threadEv @ 0x6554b0
AUTO: _ZN7HALSITL10SITL_State10wait_clockEm @ 0x655b70
AUTO: _ZNK4SITL8Aircraft11get_speedupEv @ 0xa4b940
AUTO: _ZNK7HALSITL9Scheduler28semaphore_wait_hack_requiredEv @ 0x655d20
AUTO: _ZN7HALSITL10SITL_State15_fdm_input_stepEv @ 0x655da0
AUTO: _ZN7HALSITL10SITL_State16_fdm_input_localEv @ 0x655ef0
AUTO: _ZNK7HALSITL9Scheduler22interrupts_are_blockedEv @ 0xa4b990
AUTO: _ZN7HALSITL9Scheduler17sitl_begin_atomicEv @ 0xa4b9f0
AUTO: _ZN7HALSITL9Scheduler11timer_eventEv @ 0xa4ba50
AUTO: _ZN7HALSITL9Scheduler15sitl_end_atomicEv @ 0x656090
AUTO: _ZN7HALSITL10SITL_State16_update_airspeedEf @ 0x656130
AUTO: _ZN7HALSITL10SITL_State19_update_rangefinderEv @ 0x6564a0
AUTO: _ZNK7HALSITL10SITL_State18_sonar_pin_voltageEv @ 0x656500
AUTO: _ZN7AP_Baro24get_EAS2TAS_for_alt_amslEf @ 0x656670
AUTO: _ZL2sqf.11982 @ 0x6566f0
AUTO: _ZN7AP_Baro28get_air_density_for_alt_amslEf @ 0x656740
AUTO: _ZL3MAXIffEDTqugtfp_fp0_fp_fp0_ERKT_RKT0_.1713 @ 0x656910
AUTO: _ZN7HALSITL9Scheduler16_run_timer_procsEv @ 0x656990
AUTO: _ZN7HALSITL10SITL_State17_simulator_servosER10sitl_input @ 0x656a90
AUTO: _ZN4SITL11JSON_Master7receiveER10sitl_input @ 0x657720
AUTO: _ZN7HALSITL10SITL_State22multicast_servo_updateER10sitl_input @ 0x657bc0
AUTO: _ZN4SITL8Aircraft11update_homeEv @ 0x657ca0
AUTO: _ZN4SITL8Aircraft12update_modelERK10sitl_input @ 0x657e00
AUTO: _ZN4SITL8Aircraft8fill_fdmERNS_8sitl_fdmE @ 0x657ea0
AUTO: _ZN7HALSITL8CANIface14num_interfacesEv @ 0xa4baf0
AUTO: _ZNK4SITL8Aircraft20get_position_relhomeEv @ 0x658a70
AUTO: _ZN4SITL11JSON_Master4sendERKNS_8sitl_fdmERK7Vector3IdE @ 0x658b30
AUTO: _ZN7HALSITL17SITL_State_Common10sim_updateEv @ 0x658dd0
AUTO: _ZN7HALSITL10SITL_State14set_height_aglEv @ 0x659620
AUTO: _ZNK4SITL8Aircraft15get_velocity_efEv @ 0xa4bb80
AUTO: _ZN4SITL3GPS6updateEv @ 0x65a9f0
AUTO: _ZN4SITL12SerialDevice17init_sitl_pointerEv @ 0x65c140
AUTO: _ZN4SITL3GPS24check_backend_allocationEv @ 0x65c1d0
AUTO: _ZN4SITL3GPS16interpolate_dataERKNS_8GPS_DataEj @ 0x65c7e0
AUTO: _ZL3MAXIifEDTqugtfp_fp0_fp_fp0_ERKT_RKT0_.12703 @ 0x65d170
AUTO: _ZNK4SITL11GPS_Backend11device_baudEv @ 0xa4c1a0
AUTO: _ZN4SITL11GPS_Backend11update_readEv @ 0x65d2f0
AUTO: _ZNK4SITL11GPS_Backend18write_to_autopilotEPKcm @ 0x65d640
AUTO: _ZNK4SITL11GPS_Backend19read_from_autopilotEPcm @ 0x65d6c0
AUTO: _ZN4SITL11GPS_Backend8gps_timeEv @ 0x65e160
AUTO: _ZNK7Vector2IdE6lengthEv @ 0xa4c3c0
AUTO: _ZN4SITL11GPS_Backend18simulation_timevalEP7timeval @ 0x65ea90
AUTO: _ZN4SITL9GPS_UBlox7publishEPKNS_8GPS_DataE @ 0x661960
AUTO: _Z4normIddJdEEdT_T0_DpKT1_ @ 0xa4ca60
AUTO: _ZL7degreesf.12791 @ 0x662430
AUTO: _ZN4SITL9GPS_UBlox8send_ubxEhPht @ 0x662960
AUTO: _ZL3MAXIiiEDTqugtfp_fp0_fp_fp0_ERKT_RKT0_.12792 @ 0x662b30
AUTO: _ZNK7Vector3IfE6is_nanEv @ 0xa4cae0
AUTO: _ZN7Matrix3IfE6rotateERK7Vector3IfE @ 0xa4cbb0
AUTO: _ZN7Matrix3IfEpLERKS0_ @ 0xa4cdd0
AUTO: _ZNK7Matrix3IfEplERKS0_ @ 0xa4ce60
AUTO: _Z2sqIdJddEEdT_DpKT0_ @ 0xa4cf80
AUTO: _ZNK11QuaternionTIfE8to_eulerERfS1_S1_ @ 0xa4d020
AUTO: _ZNK11QuaternionTIfE13get_euler_yawEv @ 0xa4d130
AUTO: _ZNK7Vector3IdEplERKS0_ @ 0xa4db30
AUTO: _ZN7Vector3IdEpLERKS0_ @ 0xa4dbd0
AUTO: _ZN7Matrix3IdEC2Ev @ 0xa4dc70
AUTO: _ZN7Matrix3IdE10from_eulerEddd @ 0xa4dcf0
AUTO: _ZNK7Matrix3IdEmlERK7Vector3IdE @ 0xa4deb0
AUTO: _ZNK7Vector3IdEmiERKS0_ @ 0xa4e6a0
AUTO: _Z11wrap_360_cdf @ 0x66c650
AUTO: _ZNK7Vector3IdE6lengthEv @ 0xa4e800
AUTO: _ZN7Vector3IdE4zeroEv @ 0xa4e860
AUTO: _ZNK7Vector3IdEmlEd @ 0xa4e8c0
AUTO: _ZNK7Matrix3IfE10transposedEv @ 0xa4ea90
AUTO: _ZN7Matrix3IfE9normalizeEv @ 0xa4ec60
AUTO: _ZNK8Location22get_distance_NE_doubleERKS_ @ 0x66fc00
AUTO: _ZN7Vector3IdE2xyEv @ 0xa4ef30
AUTO: _ZN7Vector2IdEpLERKS0_ @ 0xa4ef80
AUTO: _ZL7degreesf.14500 @ 0x670b50
AUTO: _ZNK7Matrix3IfE8to_eulerEPfS1_S1_ @ 0xa4f000
AUTO: _ZNK7AP_EnumI8RotationEcvKS0_Ev @ 0xa4f120
AUTO: _ZNK8HAL_SITL32get_uart_output_full_queue_countEv @ 0x670c20
AUTO: _ZNK4SITL8Aircraft16get_wall_time_usEv @ 0x670d60
AUTO: _ZNK7Vector3IdEdvEd @ 0xa4f300
AUTO: _ZN4SITL8Aircraft12time_advanceEv @ 0x670de0
AUTO: _ZN4SITL8Aircraft15sync_frame_timeEv @ 0x670e80
AUTO: _ZN9AP_Logger14WriteStreamingEPKcS1_S1_S1_S1_z @ 0x671180
AUTO: _ZL3MAXI9AP_ParamTIfL11ap_var_type4EEdEDTqugtfp_fp0_fp_fp0_ERKT_RKT0_.11827 @ 0x6714f0
AUTO: _Z21calc_lowpass_alpha_dtff @ 0x671590
AUTO: _ZL3MAXIfiEDTqugtfp_fp0_fp_fp0_ERKT_RKT0_.11828 @ 0x6716c0
AUTO: _ZNK4SITL16FETtecOneWireESC7enabledEv @ 0xa4f6c0
AUTO: _ZNK4SITL4Volz7enabledEv @ 0xa4f730
AUTO: _ZN7HALSITL17SITL_State_Common22update_voltage_currentER10sitl_inputf @ 0x671990
AUTO: _ZN8AP_Param18eeprom_write_checkEPKvth @ 0x6743c0
AUTO: _ZN8AP_Param14write_sentinalEt @ 0x674450
AUTO: _ZNK4SITL8Aircraft22rangefinder_beam_widthEv @ 0xa51630
AUTO: _ZNK4SITL8Aircraft45perpendicular_distance_to_rangefinder_surfaceEv @ 0x6750e0
AUTO: _ZN4SITL8Aircraft23update_external_payloadERK10sitl_input @ 0x676c00
AUTO: _ZN4SITL8Aircraft15update_positionEv @ 0x677090
AUTO: _ZN4SITL8Aircraft19update_mag_field_bfEv @ 0x6776b0
AUTO: _ZN7Vector2IdEmIERKS0_ @ 0xa51680
AUTO: _ZNK4SITL7Sprayer10is_enabledEv @ 0xa51710
AUTO: _ZN4SITL3I2C6updateERKNS_8AircraftE @ 0x678480
AUTO: _ZNK4SITL6Buzzer10is_enabledEv @ 0xa517c0
AUTO: _ZNK4SITL13Gripper_Servo10is_enabledEv @ 0xa51820
AUTO: _ZNK4SITL11Gripper_EPM10is_enabledEv @ 0xa518e0
AUTO: _ZNK4SITL9Parachute10is_enabledEv @ 0xa51990
AUTO: _ZNK4SITL12SIM_Precland10is_enabledEv @ 0xa519f0
AUTO: _ZN4SITL7ShipSim6updateEv @ 0x679450
AUTO: _ZN7Vector2IfEpLERKS0_ @ 0xa51b30
AUTO: _ZNK7Vector3IdE14length_squaredEv @ 0xa53aa0
AUTO: _ZNK7Vector3IdEmlERKS0_ @ 0xa53c10
AUTO: _ZNK7AP_AHRS11get_EAS2TASEv @ 0x67f4b0
AUTO: _ZNK7Vector3IfE10normalizedEv @ 0xa53d30
AUTO: _ZNK7Vector3IdE7is_zeroEv @ 0xa53dc0
AUTO: _ZN7Vector3IfE2xyEv @ 0xa53e70
AUTO: _ZN7Vector2IfE4zeroEv @ 0xa53ec0
AUTO: _ZN7Vector3IfEmIERKS0_ @ 0xa53f20
AUTO: _ZNK7Vector3IfE14length_squaredEv @ 0xa53fc0
AUTO: _ZNK9AP_ParamTIfL11ap_var_type4EEplERKS1_ @ 0xa541d0
AUTO: _ZN13LowPassFilterIfE5applyERKfS2_ @ 0xa54960
AUTO: _Z11is_positived @ 0xa55070
AUTO: _ZN7Vector3IfE9normalizeEv @ 0xa55850
AUTO: _ZN13AP_Filesystem4readEiPvj @ 0x6965a0
AUTO: _ZN7Vector3IdEmIERKS0_ @ 0xa5fad0
AUTO: _ZL7radiansd.14806 @ 0x6a3b10
AUTO: _ZN4SITL8SimRover6updateERK10sitl_input @ 0x6a7200
AUTO: _ZN4SITL8SimRover24update_ackermann_or_skidERK10sitl_inputf @ 0x6a7920
AUTO: _ZL7radiansf.13800 @ 0x6a7d60
AUTO: _ZN4SITL8SimRover13calc_yaw_rateEff @ 0x6a7dc0
AUTO: _ZNK4SITL8SimRover11turn_circleEf @ 0x6a7f80
AUTO: _ZN7HALSITL7Storage10read_blockEPvtm @ 0x6b63f0
AUTO: _ZN7HALSITL7Storage11write_blockEtPKvm @ 0x6b64c0
AUTO: _ZN7HALSITL7Storage11_timer_tickEv @ 0x6b65e0
AUTO: _ZNK7BitmaskILt2048EE5emptyEv @ 0xa61240
AUTO: _ZNK7BitmaskILt2048EE3getEt @ 0xa612e0
AUTO: _ZN10AP_RAMTRON5writeEjPKhj @ 0x6b6950
AUTO: _ZN7BitmaskILt2048EE5clearEt @ 0xa613b0
AUTO: _ZNK8HAL_SITL25get_storage_posix_enabledEv @ 0xa61470
AUTO: _ZNK7BitmaskILt2048EE8validateEt @ 0xa61530
AUTO: _ZNK10AP_RAMTRON8get_sizeEv @ 0xa615c0
AUTO: _ZN7HALSITL7Storage13_storage_openEv @ 0x6b6fd0
AUTO: _ZN7HALSITL7Storage11_mark_dirtyEtt @ 0x6b72e0
AUTO: _ZN7BitmaskILt2048EE3setEt @ 0xa61660
AUTO: _ZNK15ExpandingString10get_lengthEv @ 0xa620b0
AUTO: _ZNK15ExpandingString10get_stringEv @ 0xa62100
AUTO: _ZN15ExpandingStringC2Ev @ 0xa621a0
AUTO: _ZN17AP_Filesystem_Sys4openEPKcib @ 0x6ba160
AUTO: _ZN17AP_Filesystem_Sys5closeEi @ 0x6ba6f0
AUTO: _ZN17AP_Filesystem_Sys4readEiPvj @ 0x6ba7f0
AUTO: _ZN17AP_Filesystem_Sys13file_in_sysfsEPKc @ 0x6baed0
AUTO: _ZL3MINIjjEDTqultfp_fp0_fp_fp0_ERKT_RKT0_.8748 @ 0x6bb000
AUTO: _ZNK15ExpandingString21has_failed_allocationEv @ 0xa62510
AUTO: _ZN8AP_Param9save_syncEbb @ 0x6bda50
AUTO: _ZN19AP_Filesystem_ROMFS4openEPKcib @ 0x6be030
AUTO: _ZN8AP_ROMFS15find_decompressEPKcRj @ 0x6bf190
AUTO: _ZN8AP_ROMFS9find_fileEPKc @ 0x6bf370
AUTO: _ZN6AP_DAL9end_frameEv @ 0x6c3710
AUTO: _ZN6AP_DAL15WriteLogMessageE11LogMessagesPvPKvh @ 0x6c3790
AUTO: _ZN9AP_Logger16WriteReplayBlockEhPKvt @ 0x6c38b0
AUTO: _ZNK9AP_Logger10log_replayEv @ 0xa62dc0
AUTO: _ZNK7NavEKF317option_is_enabledENS_6OptionE @ 0xa62e20
AUTO: _ZNK6AP_DAL6millisEv @ 0xa62ea0
AUTO: _ZNK12NavEKF3_core10errorScoreEv @ 0x6c3f10
AUTO: _ZNK12NavEKF3_core16have_aligned_yawEv @ 0xa62ef0
AUTO: _ZNK12NavEKF3_core17have_aligned_tiltEv @ 0xa62f50
AUTO: _ZNK12NavEKF3_core24getLastPosNorthEastResetER7Vector2IfE @ 0x6c4760
AUTO: _ZNK7Vector2IdEmiERKS0_ @ 0xa62fb0
AUTO: _ZNK12NavEKF3_core14getEulerAnglesER7Vector3IfE @ 0x6c4860
AUTO: _ZNK11QuaternionTIdE8to_eulerER7Vector3IfE @ 0xa63040
AUTO: _ZNK6AP_DAL8get_trimEv @ 0xa630c0
AUTO: _ZNK11QuaternionTIdE8to_eulerERfS1_S1_ @ 0xa63120
AUTO: _ZNK11QuaternionTIdE14get_euler_rollEv @ 0xa631e0
AUTO: _ZNK11QuaternionTIdE15get_euler_pitchEv @ 0xa63290
AUTO: _ZNK11QuaternionTIdE13get_euler_yawEv @ 0xa63310
AUTO: _Z9safe_asinIdEfT_ @ 0xa633c0
AUTO: _ZL3MAXIfdEDTqugtfp_fp0_fp_fp0_ERKT_RKT0_.4176 @ 0x6c4920
AUTO: _ZNK12NavEKF3_core20assume_zero_sideslipEv @ 0x6c49c0
AUTO: _ZN6AP_DAL8airspeedEv @ 0xa634a0
AUTO: _ZNK6AP_DAL15get_fly_forwardEv @ 0xa63540
AUTO: _ZNK6AP_DAL17get_vehicle_classEv @ 0xa635b0
AUTO: _ZN19RestrictIDTypeArrayIP17CompassCalibratorLj3E14typesafe_indexIh12TAG_PriorityEEixERKS4_ @ 0xa636c0
AUTO: _ZNK9AP_Logger10should_logEj @ 0x6ce910
AUTO: _ZNK6AP_GPS9time_weekEh @ 0xa64140
AUTO: _ZNK6AP_GPS12time_week_msEh @ 0xa641b0
AUTO: _ZN3GCS12send_messageE10ap_message @ 0x6cf1b0
AUTO: _ZNK6AP_GPS15time_epoch_usecEh @ 0x6cf260
AUTO: _ZNK14AP_GPS_Backend16get_last_itow_msEv @ 0x6cf3d0
AUTO: _ZN6AP_GPS23istate_time_to_epoch_msEtj @ 0x6cf490
AUTO: _ZN10AC_Sprayer3runEb @ 0x6cf9a0
AUTO: _ZNK7Vector2IfE6is_nanEv @ 0xa650b0
AUTO: _ZN2AP8ac_avoidEv @ 0x6dd810
AUTO: _ZN8AC_Avoid13get_singletonEv @ 0xa65bb0
AUTO: _ZNK10AP_Gripper7enabledEv @ 0xa65c60
AUTO: _ZN10AP_Vehicle13update_armingEv @ 0x6dddb0
AUTO: _ZN7FunctorIvJEE14method_wrapperI10AP_VehicleXadL_ZNS2_13update_armingEvEEEEvPv @ 0xa66ce0
AUTO: _ZN9AP_Arming6updateEv @ 0x6dde00
AUTO: _ZN8AP_Stats6updateEv @ 0x6ddef0
AUTO: _ZN7FunctorIvJEE14method_wrapperI8AP_StatsXadL_ZNS2_6updateEvEEEEvPv @ 0xa66d90
AUTO: _ZN8AP_Stats17update_flighttimeEv @ 0x6de0a0
AUTO: _ZN8AP_Stats14update_runtimeEv @ 0x6de170
AUTO: _ZN8AP_Stats5flushEv @ 0x6de210
AUTO: _ZN13AP_ParamTBaseIiL11ap_var_type3EE22set_and_save_ifchangedERKi @ 0xa66e40
AUTO: _ZN10AP_Filters6updateEv @ 0x6de390
AUTO: _ZN7FunctorIvJEE14method_wrapperI10AP_FiltersXadL_ZNS2_6updateEvEEEEvPv @ 0xa66ed0
AUTO: _ZN10AP_Vehicle17check_motor_noiseEv @ 0x6df4d0
AUTO: _ZN7FunctorIvJEE14method_wrapperI10AP_VehicleXadL_ZNS2_17check_motor_noiseEvEEEEvPv @ 0xa67780
AUTO: _ZNK10AP_GyroFFT15check_esc_noiseEv @ 0xa67830
AUTO: _ZNK17NotchFilterParams7enabledEv @ 0xa67a60
AUTO: _ZN10AP_Vehicle13one_Hz_updateEv @ 0x6dfbb0
AUTO: _ZN7FunctorIvJEE14method_wrapperI10AP_VehicleXadL_ZNS2_13one_Hz_updateEvEEEEvPv @ 0xa67ab0
AUTO: _ZN12AP_Scripting6updateEv @ 0x6dfc90
AUTO: _ZN16AP_SerialManager20registered_ports_logEv @ 0x6dfce0
AUTO: _ZN12AP_Scripting13save_checksumEv @ 0x6dfdc0
AUTO: _ZN10AP_Gripper6updateEv @ 0x6dfec0
AUTO: _ZN7FunctorIvJEE14method_wrapperI10AP_GripperXadL_ZNS2_6updateEvEEEEvPv @ 0xa67bf0
AUTO: _ZN6AP_EFI6updateEv @ 0x6e0030
AUTO: _ZN7FunctorIvJEE14method_wrapperI6AP_EFIXadL_ZNS2_6updateEvEEEEvPv @ 0xa67ca0
AUTO: _ZN6AP_AIS6updateEv @ 0x6e04b0
AUTO: _ZN7FunctorIvJEE14method_wrapperI6AP_AISXadL_ZNS2_6updateEvEEEEvPv @ 0xa67d50
AUTO: _ZNK6AP_AIS7enabledEv @ 0x6e0d10
AUTO: _ZN2AP10oadatabaseEv @ 0x6e35d0
AUTO: _ZNK13AP_OADatabase7healthyEv @ 0xa67f10
AUTO: _ZNK7AP_AHRS37get_relative_position_NE_origin_floatER7Vector2IfE @ 0x6e3610
AUTO: _ZNK7AP_AHRS31get_relative_position_NE_originER7Vector2IdE @ 0x6e3bc0
AUTO: _ZN13AP_OADatabase13get_singletonEv @ 0xa681a0
AUTO: _ZN8AC_Fence6updateEv @ 0x6e4310
AUTO: _ZN7FunctorIvJEE14method_wrapperI8AC_FenceXadL_ZNS2_6updateEvEEEEvPv @ 0xa681e0
AUTO: _ZN19AC_PolyFence_loader6updateEv @ 0x6e4440
AUTO: _ZN19AC_PolyFence_loader17load_from_storageEv @ 0x6e4530
AUTO: _ZN10AP_Vehicle16accel_cal_updateEv @ 0x6e5990
AUTO: _ZN7FunctorIvJEE14method_wrapperI10AP_VehicleXadL_ZNS2_16accel_cal_updateEvEEEEvPv @ 0xa683c0
AUTO: _ZN20AP_TemperatureSensor6updateEv @ 0x6e7130
AUTO: _ZN7FunctorIvJEE14method_wrapperI20AP_TemperatureSensorXadL_ZNS2_6updateEvEEEEvPv @ 0xa684c0
AUTO: _ZN10AP_Vehicle16publish_osd_infoEv @ 0x6e73f0
AUTO: _ZN7FunctorIvJEE14method_wrapperI10AP_VehicleXadL_ZNS2_16publish_osd_infoEvEEEEvPv @ 0xa68610
AUTO: _ZN6AP_OSD12set_nav_infoERNS_7NavInfoE @ 0x6e7510
AUTO: _ZN6AP_RPM6updateEv @ 0x6e7580
AUTO: _ZN7FunctorIvJEE14method_wrapperI6AP_RPMXadL_ZNS2_6updateEvEEEEvPv @ 0xa686c0
AUTO: _ZNK6AP_RPM7Log_RPMEv @ 0x6e7760
AUTO: _ZNK6AP_RPM7enabledEh @ 0x6e7880
AUTO: _ZN14AP_OpenDroneID6updateEv @ 0x6e7930
AUTO: _ZN7FunctorIvJEE14method_wrapperI14AP_OpenDroneIDXadL_ZNS2_6updateEvEEEEvPv @ 0xa687e0
AUTO: _ZNK6AP_GPS8velocityEv @ 0xa6a080
AUTO: _ZNK7AP_AHRS18groundspeed_vectorEv @ 0xa6a160
AUTO: _ZNK8Location12check_latlngEv @ 0x6ebfc0
AUTO: _ZNK6AP_GPS14speed_accuracyEhRf @ 0x6ec620
AUTO: _ZNK6AP_GPS17vertical_accuracyEhRf @ 0x6ec6f0
AUTO: _ZNK6AP_GPS19horizontal_accuracyEhRf @ 0x6ec7c0
AUTO: _ZNK6AP_GPS14get_undulationEhRf @ 0x6ec890
AUTO: _ZNK6AP_GPS8velocityEh @ 0xa6a3c0
AUTO: _ZN12AP_Generator6updateEv @ 0x6ec960
AUTO: _ZN7FunctorIvJEE14method_wrapperI12AP_GeneratorXadL_ZNS2_6updateEvEEEEvPv @ 0xa6a490
AUTO: _ZN14AP_Servo_Telem6updateEv @ 0x6ec9d0
AUTO: _ZN7FunctorIvJEE14method_wrapperI14AP_Servo_TelemXadL_ZNS2_6updateEvEEEEvPv @ 0xa6a540
AUTO: _ZN14AP_Servo_Telem9write_logEv @ 0x6eca20
AUTO: _ZN12AP_ESC_Telem6updateEv @ 0x6eced0
AUTO: _ZN7FunctorIvJEE14method_wrapperI12AP_ESC_TelemXadL_ZNS2_6updateEvEEEEvPv @ 0xa6a5f0
AUTO: _ZN6AP_HAL15timeout_expiredIjjmEEbT_T0_T1_ @ 0xa6a6a0
AUTO: _ZN10AP_Vehicle30send_watchdog_reset_statustextEv @ 0x6ed3e0
AUTO: _ZN7FunctorIvJEE14method_wrapperI10AP_VehicleXadL_ZNS2_30send_watchdog_reset_statustextEvEEEEvPv @ 0xa6a720
AUTO: _ZN8AP_Tramp6updateEv @ 0x6ed540
AUTO: _ZN7FunctorIvJEE14method_wrapperI8AP_TrampXadL_ZNS2_6updateEvEEEEvPv @ 0xa6a7d0
AUTO: _ZN10AP_VideoTX6updateEv @ 0x6ee520
AUTO: _ZN7FunctorIvJEE14method_wrapperI10AP_VideoTXXadL_ZNS2_6updateEvEEEEvPv @ 0xa6aa00
AUTO: _ZN10AP_Vehicle38update_dynamic_notch_at_specified_rateEv @ 0x6ee750
AUTO: _ZN7FunctorIvJEE14method_wrapperI10AP_VehicleXadL_ZNS2_38update_dynamic_notch_at_specified_rateEvEEEEvPv @ 0xa6aab0
AUTO: _ZNK25HarmonicNotchFilterParams9hasOptionENS_7OptionsE @ 0xa6ab60
AUTO: _ZN10AP_Vehicle20update_dynamic_notchERN17AP_InertialSensor13HarmonicNotchE @ 0x6ee8a0
AUTO: _ZN10AP_GyroFFT17update_parametersEv @ 0xa6af00
AUTO: _ZN7FunctorIvJEE14method_wrapperI10AP_GyroFFTXadL_ZNS2_17update_parametersEvEEEEvPv @ 0xa6af50
AUTO: _ZN10AP_GyroFFT17update_parametersEb @ 0x6ef810
AUTO: _ZN10AP_GyroFFT6updateEv @ 0x6efbb0
AUTO: _ZN7FunctorIvJEE14method_wrapperI10AP_GyroFFTXadL_ZNS2_6updateEvEEEEvPv @ 0xa6b000
AUTO: _ZN14AP_NMEA_Output6updateEv @ 0x6efd40
AUTO: _ZN7FunctorIvJEE14method_wrapperI14AP_NMEA_OutputXadL_ZNS2_6updateEvEEEEvPv @ 0xa6b0b0
AUTO: _ZN7FunctorIvJEE14method_wrapperI9AP_NotifyXadL_ZNS2_6updateEvEEEEvPv @ 0xa6b160
AUTO: _ZN7Compass10cal_updateEv @ 0x6f0db0
AUTO: _ZN7FunctorIvJEE14method_wrapperI7CompassXadL_ZNS2_10cal_updateEvEEEEvPv @ 0xa6b210
AUTO: _ZN11AP_Airspeed6updateEv @ 0x6f1900
AUTO: _ZN7FunctorIvJEE14method_wrapperI11AP_AirspeedXadL_ZNS2_6updateEvEEEEvPv @ 0xa6b320
AUTO: _ZNK11AP_Airspeed11get_primaryEv @ 0xa6b4b0
AUTO: _ZN10AP_GyroFFT12sample_gyrosEv @ 0x6f3bb0
AUTO: _ZN7FunctorIvJEE14method_wrapperI10AP_GyroFFTXadL_ZNS2_12sample_gyrosEvEEEEvPv @ 0xa6b500
AUTO: _ZN10AP_Vehicle4loopEv @ 0x6f4430
AUTO: _ZN12AP_Scheduler4loopEv @ 0x6f46d0
AUTO: _ZN12AP_Scheduler17get_loop_period_sEv @ 0xa6e3e0
AUTO: _ZN17AP_InertialSensor15wait_for_sampleEv @ 0x6f4c70
AUTO: _ZN12AP_Scheduler4tickEv @ 0x6f51b0
AUTO: _ZN12AP_Scheduler3runEj @ 0x6f5210
AUTO: _ZN2AP8PerfInfo15check_loop_timeEj @ 0x6f57c0
AUTO: _ZL15fill_nanf_stackv @ 0x6f5950
AUTO: _ZN2AP8PerfInfo16update_task_infoEhtb @ 0x6f59a0
AUTO: _ZNK7AP_AHRS24_get_primary_accel_indexEv @ 0x6fc370
AUTO: _ZNK7AP_AHRS22_get_primary_IMU_indexEv @ 0x6fc3c0
AUTO: _ZNK7NavEKF322getPrimaryCoreIMUIndexEv @ 0x6fc520
AUTO: _ZNK17AP_InertialSensor21get_first_usable_gyroEv @ 0xa6e850
AUTO: _ZNK12NavEKF3_core11getIMUIndexEv @ 0xa6e8a0
AUTO: _ZNK14AP_BattMonitor17has_cell_voltagesEh @ 0x6fc650
AUTO: _ZN2AP3EFIEv @ 0x6fcea0
AUTO: _ZN6AP_EFI13get_singletonEv @ 0xa6f230
AUTO: _ZN7FunctorIvJEE14method_wrapperI10AP_VehicleXadL_ZNS2_18fence_checks_asyncEvEEEEvPv @ 0xa6fbd0
AUTO: _ZN13AP_Filesystem5writeEiPKvj @ 0x6fdb10
AUTO: _ZL3MAXIjjEDTqugtfp_fp0_fp_fp0_ERKT_RKT0_.4125 @ 0x70c160
AUTO: _ZN15ekf_ring_buffer4pushEPKv @ 0x70c1e0
AUTO: _ZNK15ekf_ring_buffer10get_offsetEh @ 0x70c2e0
AUTO: _ZL7radiansf.4130 @ 0x70d680
AUTO: _ZN11QuaternionTIdEC2Edddd @ 0xa74a00
AUTO: _ZN11QuaternionTIfEmLERKS0_ @ 0xa74ab0
AUTO: _ZN2AP5statsEv @ 0x70fde0
AUTO: _ZN8AP_Stats13get_singletonEv @ 0xa759a0
AUTO: _ZNK7AP_AHRS8get_gyroEv @ 0xa78420
AUTO: _ZNK7AP_AHRS17airspeed_estimateERf @ 0x73b660
AUTO: _ZNK17AP_InertialSensor20get_vibration_levelsEv @ 0xa784e0
AUTO: _ZNK17AP_InertialSensor20get_vibration_levelsEh @ 0x73b760
AUTO: _ZNK10DigitalLPFI7Vector3IfEE3getEv @ 0xa78560
AUTO: _ZNK11QuaternionTIdE7is_zeroEv @ 0xa78610
AUTO: _ZN12NavEKF3_core18getEarthFieldTableERK8Location @ 0x73ce30
AUTO: _ZN14AP_Declination15get_declinationEff @ 0x73cf30
AUTO: _ZNK12NavEKF3_core14MagDeclinationEv @ 0x73cfc0
AUTO: _ZN12NavEKF3_core8zeroRowsERA24_A24_dhh @ 0x73d0a0
AUTO: _ZN12NavEKF3_core8zeroColsERA24_A24_dhh @ 0x73d160
AUTO: _ZN18NavEKF_core_common10zero_rangeEPdhh @ 0xa787b0
AUTO: _ZN12NavEKF3_core13ForceSymmetryEv @ 0x73e280
AUTO: _ZN12NavEKF3_core18ConstrainVariancesEv @ 0x73e3d0
AUTO: _ZN11QuaternionTIdE9normalizeEv @ 0xa78840
AUTO: _ZNK11QuaternionTIdE6lengthEv @ 0xa78920
AUTO: _Z20constrain_value_lineIdET_S0_S0_S0_j @ 0xa789e0
AUTO: _Z2sqI9AP_ParamTIfL11ap_var_type4EEEdT_ @ 0xa78b00
AUTO: _ZNK9AP_ParamTIfL11ap_var_type4EEcvdEv @ 0xa78b60
AUTO: _ZL7radiansf.4333 @ 0x73ee40
AUTO: _ZL2sqf.4255 @ 0x73f960
AUTO: _ZNK8Location21get_distance_NE_ftypeERKS_ @ 0x73fab0
AUTO: _ZN16EKF_IMU_buffer_tIN12NavEKF3_core15output_elementsEEixEj @ 0xa78c80
AUTO: _ZNK14ekf_imu_buffer3getEh @ 0x73fd60
AUTO: _ZNK14ekf_imu_buffer10get_offsetEh @ 0x73fdc0
AUTO: _ZNK14AP_BattMonitor11consumed_whERfh @ 0x741960
AUTO: _ZNK6AP_GPS8get_vdopEh @ 0xa78de0
AUTO: _ZNK6AP_GPS16last_fix_time_msEh @ 0xa78e50
AUTO: _ZNK6AP_GPS20last_message_time_msEh @ 0xa78ec0
AUTO: _ZNK6AP_GPS22have_vertical_velocityEh @ 0xa78f30
AUTO: _ZNK6AP_GPS18get_antenna_offsetEh @ 0x743ad0
AUTO: _ZNK14AP_GPS_Blended18get_antenna_offsetEv @ 0xa78fb0
AUTO: _ZNK6AP_GPS11gps_yaw_degEhRfS0_Rj @ 0x743ba0
AUTO: _ZNK6AP_GPS11is_rtk_baseEh @ 0x743d90
AUTO: _ZNK6AP_GPS12have_gps_yawEh @ 0xa79000
AUTO: _ZNK12AP_Proximity10get_statusEv @ 0x744ad0
AUTO: _ZNK12AP_Proximity11num_sensorsEv @ 0xa790a0
AUTO: _ZNK11RangeFinder11num_sensorsEv @ 0xa790f0
AUTO: _ZNK10AP_Vehicle18get_time_flying_msEv @ 0xa795b0
AUTO: _ZN12SRV_Channels23get_output_channel_maskEN11SRV_Channel8FunctionE @ 0x74b8f0
AUTO: _ZN11SRV_Channel9output_chEv @ 0x74c710
AUTO: _ZN11SRV_Channel12set_overrideEb @ 0xa797b0
AUTO: _ZN12SRV_Channels17set_output_scaledEN11SRV_Channel8FunctionEf @ 0x74d030
AUTO: _ZNK10AP_Mission5stateEv @ 0xa79b70
AUTO: _ZN10AP_Mission12get_next_cmdEtRNS_15Mission_CommandEbb @ 0x751e70
AUTO: _ZN10AP_Mission10is_nav_cmdERKNS_15Mission_CommandE @ 0x752160
AUTO: _ZN10AP_Mission23advance_current_nav_cmdEt @ 0x752210
AUTO: _ZN10AP_Mission8completeEv @ 0x7525c0
AUTO: _ZN10AP_Mission13start_commandERKNS_15Mission_CommandE @ 0x752630
AUTO: _ZN9AP_Logger10Write_MISEERK10AP_MissionRKNS0_15Mission_CommandE @ 0xa79bc0
AUTO: _ZNK10AP_Mission19is_landing_type_cmdEt @ 0x752ae0
AUTO: _ZNK10AP_Mission19is_takeoff_type_cmdEt @ 0x752b90
AUTO: _ZNK10AP_Mission15Mission_Command4typeEv @ 0x752c20
AUTO: _ZNK7FunctorIbJRKN10AP_Mission15Mission_CommandEEEclES3_ @ 0xa79c40
AUTO: _ZN19AP_ServoRelayEvents13update_eventsEv @ 0x756040
AUTO: _ZN9AP_Logger17Write_Mission_CmdERK10AP_MissionRKNS0_15Mission_CommandE11LogMessages @ 0x7561d0
AUTO: _ZN17AP_Logger_Backend17Write_Mission_CmdERK10AP_MissionRKNS0_15Mission_CommandE11LogMessages @ 0x756290
AUTO: _ZN10AP_Mission6resumeEv @ 0x756f80
AUTO: _ZN10AP_Mission5startEv @ 0x7571b0
AUTO: _ZN10AP_Mission16get_next_nav_cmdEtRNS_15Mission_CommandE @ 0x757580
AUTO: _ZNK9AP_Follow11have_targetEv @ 0x75a5e0
AUTO: _ZN9AP_Follow13get_singletonEv @ 0xa7a950
AUTO: _ZN18AR_AttitudeControl21get_steering_rate_pidEv @ 0xa7a9e0
AUTO: _ZNK6AC_PID12get_pid_infoEv @ 0xa7aa30
AUTO: _ZN12AP_Scripting19is_handling_commandEt @ 0x75ef60
AUTO: _ZNK7Vector3IfE6is_infEv @ 0xa7b410
AUTO: _ZN7Vector2IfE9normalizeEv @ 0xa7b740
AUTO: _ZN7Vector2IfEdVEf @ 0xa7b7a0
AUTO: _ZNK7Vector2IfE6is_infEv @ 0xa7b820
AUTO: _ZL3MAXIjjEDTqugtfp_fp0_fp_fp0_ERKT_RKT0_.5595 @ 0x791640
AUTO: _ZN9AP_Logger19file_content_updateEv @ 0x791840
AUTO: _ZN9AP_Logger19file_content_updateERNS_11FileContentE @ 0x7919a0
AUTO: _ZN9AP_Logger11FileContent15remove_and_freeEPNS_9file_listE @ 0x791c50
AUTO: _ZN9AP_Logger24WriteBlock_first_succeedEPKvt @ 0x791db0
AUTO: _ZN17AP_Logger_Backend13Write_MessageEPKc @ 0x7921e0
AUTO: _ZN17AP_Logger_Backend14periodic_tasksEv @ 0x794200
AUTO: _ZNK17AP_Logger_Backend13StartNewLogOKEv @ 0x7945f0
AUTO: _ZN17AP_Logger_Backend24WriteMoreStartupMessagesEv @ 0x7946d0
AUTO: _ZNK17AP_Logger_Backend15logging_enabledEv @ 0x7966f0
AUTO: _ZN17AP_Logger_Backend13periodic_10HzEj @ 0x796820
AUTO: _ZN17AP_Logger_Backend12periodic_1HzEv @ 0x796870
AUTO: _ZN17AP_Logger_Backend15push_log_blocksEv @ 0x796900
AUTO: _ZN17AP_Logger_Backend12df_stats_logEv @ 0x796960
AUTO: _ZN17AP_Logger_Backend26Write_AP_Logger_Stats_FileERKNS_8df_statsE @ 0x7969d0
AUTO: _ZN17AP_Logger_Backend14df_stats_clearEv @ 0x796ae0
AUTO: _ZNK17AP_Logger_Backend31critical_message_reserved_spaceEj @ 0xa7d8f0
AUTO: _ZN17AP_Logger_Backend15df_stats_gatherEtj @ 0x798fb0
AUTO: _ZNK14AP_Logger_File15logging_startedEv @ 0xa7dd80
AUTO: _ZN14AP_Logger_File21bufferspace_availableEv @ 0x79bcb0
AUTO: _ZNK14AP_Logger_File14logging_failedEv @ 0x79c2c0
AUTO: _ZN14AP_Logger_File8io_timerEv @ 0x79c380
AUTO: _ZN14AP_Logger_File12periodic_1HzEv @ 0x79c950
AUTO: _ZN14AP_Logger_File17periodic_fullrateEv @ 0x79cc00
AUTO: _ZNK14AP_Logger_File8WritesOKEv @ 0x79cc50
AUTO: _ZNK14AP_Logger_File13StartNewLogOKEv @ 0x79cce0
AUTO: _ZN14AP_Logger_File22_WritePrioritisedBlockEPKvtb @ 0x79ce90
AUTO: _ZN7AP_AHRS6updateEb @ 0x79d100
AUTO: _ZN7AP_AHRS18update_orientationEv @ 0x79d440
AUTO: _ZN17AP_InertialSensor6updateEv @ 0x79d540
AUTO: _ZN7AP_AHRS29update_trim_rotation_matricesEv @ 0x79dbb0
AUTO: _ZN7AP_AHRS10update_DCMEv @ 0x79dcc0
AUTO: _ZN7AP_AHRS12update_flagsEv @ 0x79dd60
AUTO: _ZN7AP_AHRS11update_SITLEv @ 0x79de20
AUTO: _ZN7AP_AHRS15update_externalEv @ 0x79ded0
AUTO: _ZN7AP_AHRS11update_EKF2Ev @ 0x79dff0
AUTO: _ZN7AP_AHRS11update_EKF3Ev @ 0x79e4e0
AUTO: _ZNK7AP_AHRS14get_gyro_driftEv @ 0xa7dde0
AUTO: _ZN7AP_AHRS14update_AOA_SSAEv @ 0x79ecd0
AUTO: _ZNK7AP_AHRS16_active_EKF_typeEv @ 0x79ed20
AUTO: _ZN7AP_AHRS12update_stateEv @ 0x79f250
AUTO: _ZNK7AP_AHRS23_get_primary_gyro_indexEv @ 0x79f4f0
AUTO: _ZNK7AP_AHRS23_get_primary_core_indexEv @ 0x79f5a0
AUTO: _ZNK7AP_AHRS14_wind_estimateER7Vector3IfE @ 0x79f670
AUTO: _ZN15AP_AHRS_Backend11get_EAS2TASEv @ 0x79f7a0
AUTO: _ZNK7AP_AHRS13_airspeed_EASERfRNS_20AirspeedEstimateTypeE @ 0x79f7e0
AUTO: _ZNK7AP_AHRS13_airspeed_TASERf @ 0x79fd60
AUTO: _ZNK7AP_AHRS13_airspeed_TASER7Vector3IfE @ 0x79fe70
AUTO: _ZNK7AP_AHRS15_get_quaternionER11QuaternionTIfE @ 0x79ff50
AUTO: _ZNK7AP_AHRS23_get_secondary_attitudeER7Vector3IfE @ 0x7a0110
AUTO: _ZNK7AP_AHRS25_get_secondary_quaternionER11QuaternionTIfE @ 0x7a0310
AUTO: _ZNK7AP_AHRS13_get_locationER8Location @ 0x7a04c0
AUTO: _ZNK7AP_AHRS23_get_secondary_positionER8Location @ 0x7a0640
AUTO: _ZN7AP_AHRS19_groundspeed_vectorEv @ 0x7a0790
AUTO: _ZN7AP_AHRS12_groundspeedEv @ 0x7a08c0
AUTO: _ZNK7AP_AHRS29_getCorrectedDeltaVelocityNEDER7Vector3IfERf @ 0x7a0990
AUTO: _ZNK7AP_AHRS17_get_velocity_NEDER7Vector3IfE @ 0x7a0c20
AUTO: _ZNK7NavEKF39getVelNEDER7Vector3IfE @ 0x7a0de0
AUTO: _ZNK12NavEKF3_core9getVelNEDER7Vector3IfE @ 0x7a1110
AUTO: _ZNK7NavEKF312getAccelBiasEaR7Vector3IfE @ 0x7a1300
AUTO: _ZNK17AP_InertialSensor18get_delta_velocityEhR7Vector3IfERf @ 0x7a13d0
AUTO: _ZNK7AP_AHRS43get_rotation_autopilot_body_to_vehicle_bodyEv @ 0xa7ded0
AUTO: _ZNK17AP_InertialSensor14get_delta_timeEv @ 0xa7df20
AUTO: _ZL3MINIffEDTqultfp_fp0_fp_fp0_ERKT_RKT0_.3149 @ 0x7a1580
AUTO: _ZL3MINIffEDTqultfp_fp0_fp_fp0_ERKT_RKT0_.1609 @ 0x7a1610
AUTO: _ZNK12NavEKF3_core12getAccelBiasER7Vector3IfE @ 0x7a16a0
AUTO: _ZL7radiansf.1596 @ 0x7a1d90
AUTO: _ZN7Vector2IfEmLEf @ 0xa7e090
AUTO: _ZNK7AP_AHRS23_get_secondary_EKF_typeERNS_7EKFTypeE @ 0x7a1de0
AUTO: _ZNK7NavEKF36getLLHER8Location @ 0x7a1fd0
AUTO: _ZNK12NavEKF3_core6getLLHER8Location @ 0x7a2070
AUTO: _ZNK7AP_AHRS24fallback_active_EKF_typeEv @ 0x7a2640
AUTO: _ZNK11AP_AHRS_DCM14get_quaternionER11QuaternionTIfE @ 0x7a2690
AUTO: _ZNK7NavEKF313getQuaternionER11QuaternionTIfE @ 0x7a2790
AUTO: _ZN11QuaternionTIfE6rotateERK7Vector3IfE @ 0xa7e200
AUTO: _ZN11QuaternionTIfE15from_axis_angleE7Vector3IfE @ 0xa7e2b0
AUTO: _ZN15AP_ExternalAHRS14get_quaternionER11QuaternionTIfE @ 0x7a2890
AUTO: _ZNK12NavEKF3_core13getQuaternionER11QuaternionTIfE @ 0x7a2940
AUTO: _ZNK11QuaternionTIdE7tofloatEv @ 0xa7e390
AUTO: _ZNK7NavEKF314getEulerAnglesER7Vector3IfE @ 0x7a2af0
AUTO: _ZNK7NavEKF312getAirSpdVecER7Vector3IfE @ 0x7a2cd0
AUTO: _ZNK12NavEKF3_core12getAirSpdVecER7Vector3IfE @ 0x7a2d70
AUTO: _ZNK11QuaternionTIdE7inverseEv @ 0xa7e410
AUTO: _ZNK7AP_AHRS25get_active_airspeed_indexEv @ 0x7a3170
AUTO: _ZNK7AP_AHRS27_should_use_airspeed_sensorEh @ 0x7a3270
AUTO: _ZNK7AP_AHRS27get_wind_estimation_enabledEv @ 0xa7e4c0
AUTO: _ZNK7NavEKF37getWindER7Vector3IfE @ 0x7a3580
AUTO: _ZNK12NavEKF3_core7getWindER7Vector3IfE @ 0x7a36a0
AUTO: _ZN15AP_AHRS_Backend23airspeed_sensor_enabledEh @ 0xa7e580
AUTO: _ZNK7AP_AHRS23airspeed_sensor_enabledEh @ 0xa7e660
AUTO: _ZNK7AP_AHRS10option_setENS_7OptionsE @ 0xa7e6c0
AUTO: _ZNK7NavEKF317getActiveAirspeedEv @ 0x7a3870
AUTO: _ZNK12NavEKF3_core17getActiveAirspeedEv @ 0x7a3900
AUTO: _ZNK7AP_Baro12_get_EAS2TASEv @ 0x7a3950
AUTO: _ZNK7AP_Baro20get_EAS2TAS_extendedEf @ 0x7a39c0
AUTO: _ZNK7NavEKF319getPrimaryCoreIndexEv @ 0x7a3c90
AUTO: _ZNK7NavEKF326configuredToUseGPSForPosXYEv @ 0x7a3eb0
AUTO: _ZNK11AP_AHRS_DCM20yaw_source_availableEv @ 0x7a3f30
AUTO: _ZNK16AP_NavEKF_Source14getPosXYSourceEh @ 0xa7e820
AUTO: _ZNK7AP_AHRS9calc_trigERK7Matrix3IfERfS4_S4_S4_S4_S4_ @ 0x7a3fe0
AUTO: _ZNK9AP_Logger15allow_start_ekfEv @ 0x7a43d0
AUTO: _ZN7NavEKF312UpdateFilterEv @ 0x7a4aa0
AUTO: _ZNK7NavEKF320getRotationBodyToNEDER7Matrix3IfE @ 0x7a5070
AUTO: _ZN7AP_AHRS16update_cd_valuesEv @ 0x7a5100
AUTO: _ZN7AP_AHRS11update_trigEv @ 0x7a5240
AUTO: _ZNK17AP_InertialSensor22get_first_usable_accelEv @ 0xa7e8a0
AUTO: _ZNK7NavEKF311getGyroBiasEaR7Vector3IfE @ 0x7a5320
AUTO: _ZN7AP_AHRS32update_notify_from_filter_statusERK17nav_filter_status @ 0x7a53f0
AUTO: _ZNK12NavEKF3_core11getGyroBiasER7Vector3IfE @ 0x7a54a0
AUTO: _ZL7degreesf.1550 @ 0x7a5580
AUTO: _ZN6AP_DAL11start_frameENS_9FrameTypeE @ 0x7a55d0
AUTO: _ZNK6AP_DAL8micros64Ev @ 0xa7e8f0
AUTO: _ZNK12NavEKF3_core21getFramesSincePredictEv @ 0x7a5ab0
AUTO: _ZN6AP_DAL22ekf_low_time_remainingENS_7EKFTypeEh @ 0x7a5b10
AUTO: _ZN12NavEKF3_core12UpdateFilterEb @ 0x7a5c50
AUTO: _ZNK6AP_DAL9get_armedEv @ 0xa7e940
AUTO: _ZN7NavEKF321updateCoreErrorScoresEv @ 0x7a5e80
AUTO: _ZN7NavEKF324updateCoreRelativeErrorsEv @ 0x7a5f40
AUTO: _ZNK7NavEKF315coreBetterScoreEhh @ 0x7a60e0
AUTO: _ZN16AP_NavEKF_Source22align_inactive_sourcesEv @ 0x7a62e0
AUTO: _ZNK16AP_NavEKF_Source13getPosZSourceEh @ 0x7a6590
AUTO: _ZNK7AP_EnumIN16AP_NavEKF_Source7SourceZEEcvKS1_Ev @ 0xa7ea20
AUTO: _ZL3MAXI9AP_ParamTIfL11ap_var_type4EEfEDTqugtfp_fp0_fp_fp0_ERKT_RKT0_.3912 @ 0x7a6770
AUTO: _ZN18NavEKF_core_common22fill_scratch_variablesEv @ 0x7a6800
AUTO: _ZN12NavEKF3_core23update_sensor_selectionEv @ 0x7a68a0
AUTO: _ZN12NavEKF3_core18controlFilterModesEv @ 0x7a6910
AUTO: _ZN12NavEKF3_core11readIMUDataEb @ 0x7a69e0
AUTO: _ZN12NavEKF3_core27UpdateStrapdownEquationsNEDEv @ 0x7a72b0
AUTO: _ZN12NavEKF3_core20CovariancePredictionEP7Vector3IdE @ 0x7a7790
AUTO: _ZN12NavEKF3_core25runYawEstimatorPredictionEv @ 0x7b1f80
AUTO: _ZN12NavEKF3_core15SelectMagFusionEv @ 0x7b20e0
AUTO: _ZN12NavEKF3_core18SelectVelPosFusionEv @ 0x7b2e10
AUTO: _ZN12NavEKF3_core25runYawEstimatorCorrectionEv @ 0x7b37d0
AUTO: _ZN12NavEKF3_core18SelectRngBcnFusionEv @ 0x7b39c0
AUTO: _ZN12NavEKF3_core16SelectFlowFusionEv @ 0x7b3af0
AUTO: _ZN12NavEKF3_core20SelectBodyOdomFusionEv @ 0x7b3dd0
AUTO: _ZN12NavEKF3_core15SelectTasFusionEv @ 0x7b4080
AUTO: _ZN12NavEKF3_core20SelectBetaDragFusionEv @ 0x7b4180
AUTO: _ZN12NavEKF3_core18updateFilterStatusEv @ 0x7b4440
AUTO: _ZN12NavEKF3_core13moveEKFOriginEv @ 0x7b4d80
AUTO: _ZN12NavEKF3_core21checkUpdateEarthFieldEv @ 0x7b4f30
AUTO: _ZN12NavEKF3_core16calcOutputStatesEv @ 0x7b4ff0
AUTO: _ZN12NavEKF3_core11readMagDataEv @ 0x7b6340
AUTO: _ZN12NavEKF3_core11readGpsDataEv @ 0x7b6850
AUTO: _ZN12NavEKF3_core14readGpsYawDataEv @ 0x7b71e0
AUTO: _ZN12NavEKF3_core12readBaroDataEv @ 0x7b7310
AUTO: _ZN6AP_DAL3insEv @ 0xa7ead0
AUTO: _ZNK21AP_DAL_InertialSensor9get_accelEh @ 0xa7eb20
AUTO: _ZL2sqf.4316 @ 0x7b9340
AUTO: _ZNK16AP_NavEKF_Source13useVelZSourceENS_7SourceZEh @ 0x7b94b0
AUTO: _ZNK12NavEKF3_core26CorrectGPSForAntennaOffsetERNS_12gps_elementsE @ 0x7b95e0
AUTO: _ZNK10AP_DAL_GPS18get_antenna_offsetEh @ 0xa7edf0
AUTO: _ZNK7Vector3IdErmERKS0_ @ 0xa7ee60
AUTO: _ZNK7Matrix3IdE13mul_transposeERK7Vector3IdE @ 0xa7ef40
AUTO: _ZN7Vector3IdEdVEd @ 0xa7f050
AUTO: _ZNK21AP_DAL_InertialSensor16get_loop_delta_tEv @ 0xa7f0e0
AUTO: _ZNK14AP_DAL_Compass16get_first_usableEv @ 0xa7f500
AUTO: _ZNK11AP_DAL_Baro15get_last_updateEh @ 0xa7f770
AUTO: _ZNK11AP_DAL_Baro12get_altitudeEh @ 0xa7f7e0
AUTO: _ZN16EKF_obs_buffer_tIN12NavEKF3_core13baro_elementsEE4pushERKS1_ @ 0xa7f850
AUTO: _ZNK10AP_DAL_GPS11gps_yaw_degEhRfS0_Rj @ 0xa7f8c0
AUTO: _ZL3MAXIfdEDTqugtfp_fp0_fp_fp0_ERKT_RKT0_ @ 0x7b9fe0
AUTO: _ZNK10AP_DAL_GPS20last_message_time_msEh @ 0xa7f9e0
AUTO: _ZNK10AP_DAL_GPS7get_lagEhRf @ 0xa7fa50
AUTO: _ZL3MINIjjEDTqultfp_fp0_fp_fp0_ERKT_RKT0_.4133 @ 0x7ba1e0
AUTO: _ZNK10AP_DAL_GPS8velocityEh @ 0xa7fb00
AUTO: _ZNK10AP_DAL_GPS22have_vertical_velocityEh @ 0xa7fb70
AUTO: _ZNK10AP_DAL_GPS14speed_accuracyEhRf @ 0xa7fbf0
AUTO: _ZL3MAXIdfEDTqugtfp_fp0_fp_fp0_ERKT_RKT0_.4129 @ 0x7ba260
AUTO: _ZL3MINIdfEDTqultfp_fp0_fp_fp0_ERKT_RKT0_ @ 0x7ba300
AUTO: _ZL3MAXId9AP_ParamTIfL11ap_var_type4EEEDTqugtfp_fp0_fp_fp0_ERKT_RKT0_ @ 0x7ba3a0
AUTO: _ZNK10AP_DAL_GPS19horizontal_accuracyEhRf @ 0xa7fca0
AUTO: _ZNK10AP_DAL_GPS17vertical_accuracyEhRf @ 0xa7fd50
AUTO: _ZNK10AP_DAL_GPS8num_satsEh @ 0xa7fe00
AUTO: _ZN12NavEKF3_core18calcGpsGoodToAlignEv @ 0x7ba450
AUTO: _ZN12NavEKF3_core20calcGpsGoodForFlightEv @ 0x7bb3b0
AUTO: _ZN16EKF_obs_buffer_tIN12NavEKF3_core12gps_elementsEE4pushERKS1_ @ 0xa7fe70
AUTO: _ZL3MAXIddEDTqugtfp_fp0_fp_fp0_ERKT_RKT0_.4294 @ 0x7bb870
AUTO: _ZL3MINIdfEDTqultfp_fp0_fp_fp0_ERKT_RKT0_.4281 @ 0x7bb8f0
AUTO: _ZNK10AP_DAL_GPS8get_hdopEh @ 0xa7fee0
AUTO: _ZNK14AP_DAL_Compass9availableEv @ 0xa7ff50
AUTO: _ZNK14AP_DAL_Compass9get_countEv @ 0xa7ffb0
AUTO: _ZNK14AP_DAL_Compass21learn_offsets_enabledEv @ 0xa80000
AUTO: _ZNK14AP_DAL_Compass7healthyEh @ 0xa80060
AUTO: _ZNK14AP_DAL_Compass16last_update_usecEh @ 0xa800d0
AUTO: _ZNK14AP_DAL_Compass11get_offsetsEh @ 0xa80140
AUTO: _ZNK7Vector3IdEneERKS0_ @ 0xa801b0
AUTO: _ZN12NavEKF3_core12mag_elementsC2Ev @ 0xa80280
AUTO: _ZNK14AP_DAL_Compass9get_fieldEh @ 0xa802e0
AUTO: _ZNK14AP_DAL_Compass10consistentEv @ 0xa80350
AUTO: _ZN16EKF_obs_buffer_tIN12NavEKF3_core12mag_elementsEE4pushERKS1_ @ 0xa803b0
AUTO: _Z8is_equalIddENSt3__19enable_ifIXsr3std17is_floating_pointINS0_11common_typeIJT_T0_EE4typeEEE5valueEbE4typeES3_S4_ @ 0xa80420
AUTO: _ZN12NavEKF3_core17correctDeltaAngleER7Vector3IdEdh @ 0x7bbbd0
AUTO: _ZN12NavEKF3_core20correctDeltaVelocityER7Vector3IdEdh @ 0x7bbc90
AUTO: _ZN11QuaternionTIdEC2Ev @ 0xa804a0
AUTO: _ZN11QuaternionTIdE15from_axis_angleE7Vector3IdE @ 0xa80510
AUTO: _ZN11QuaternionTIdEmLERKS0_ @ 0xa805d0
AUTO: _ZNK11QuaternionTIdE15rotation_matrixER7Matrix3IdE @ 0xa80770
AUTO: _ZNK21AP_DAL_InertialSensor8get_gyroEh @ 0xa80960
AUTO: _ZNK6AP_DAL20get_takeoff_expectedEv @ 0xa80a70
AUTO: _ZN16EKF_IMU_buffer_tIN12NavEKF3_core12imu_elementsEE18get_youngest_indexEv @ 0xa80ae0
AUTO: _ZN16EKF_IMU_buffer_tIN12NavEKF3_core12imu_elementsEE16get_oldest_indexEv @ 0xa80b40
AUTO: _ZNK11QuaternionTIdEdvERKS0_ @ 0xa80ba0
AUTO: _ZN11QuaternionTIdEixEh @ 0xa80dc0
AUTO: _ZL3MAXIddEDTqugtfp_fp0_fp_fp0_ERKT_RKT0_.4344 @ 0x7bbdb0
AUTO: _ZN12NavEKF3_core15output_elementsC2Ev @ 0xa80e30
AUTO: _ZNK14ekf_imu_buffer16get_oldest_indexEv @ 0xa80eb0
AUTO: _ZNK14ekf_imu_buffer18get_youngest_indexEv @ 0xa80f00
AUTO: _ZN11QuaternionTIdE15from_axis_angleERK7Vector3IdEd @ 0xa80f50
AUTO: _ZNK6AP_DAL22get_touchdown_expectedEv @ 0xa81070
AUTO: _ZNK6AP_DAL11get_EAS2TASEv @ 0xa81150
AUTO: _ZN7Vector3IdEixEh @ 0xa81210
AUTO: _ZNK7Vector3IdEixEh @ 0xa81280
AUTO: _ZN7Vector2IdEixEh @ 0xa812f0
AUTO: _ZN15ekf_ring_buffer6recallEPvj @ 0x7c2910
AUTO: _ZNK15ekf_ring_buffer7time_msEh @ 0x7c2a70
AUTO: _ZN12NavEKF3_core14readAirSpdDataEv @ 0x7c2ae0
AUTO: _ZNK12NavEKF3_core11useAirspeedEv @ 0x7c47b0
AUTO: _ZNK6AP_DAL23airspeed_sensor_enabledEv @ 0xa81610
AUTO: _ZN16EKF_obs_buffer_tIN12NavEKF3_core16vel_odm_elementsEE6recallERS1_j @ 0xa81680
AUTO: _ZN16EKF_obs_buffer_tIN12NavEKF3_core18wheel_odm_elementsEE6recallERS1_j @ 0xa81700
AUTO: _ZN12NavEKF3_core11of_elementsC2Ev @ 0xa81780
AUTO: _ZN16EKF_obs_buffer_tIN12NavEKF3_core11of_elementsEE6recallERS1_j @ 0xa81810
AUTO: _ZNK7Vector2IdEixEh @ 0xa81890
AUTO: _ZN12NavEKF3_core14readRngBcnDataEv @ 0x7d1700
AUTO: _ZN10EKFGSF_yaw11fuseVelDataERK7Vector2IdEd @ 0x7d53b0
AUTO: _ZNK12NavEKF3_core13EKFGSF_getYawERdS0_ @ 0x7d57b0
AUTO: _ZNK11QuaternionTIdE8to_eulerERdS1_S1_ @ 0xa81d60
AUTO: _ZNK11QuaternionTIdE12to_vector312Ev @ 0xa81e10
AUTO: _ZN7Matrix3IdE13from_euler312Eddd @ 0xa82150
AUTO: _ZNK7Matrix3IdE11to_euler312Ev @ 0xa827f0
AUTO: _ZN7Matrix3IdEixEh @ 0xa828e0
AUTO: _ZNK10EKFGSF_yaw10getYawDataERdS0_Ph @ 0x7d6120
AUTO: _ZL7radiansf.4097 @ 0x7d6200
AUTO: _ZL2sqf.4095 @ 0x7d6250
AUTO: _ZNK10EKFGSF_yaw17getVelInnovLengthERd @ 0x7d62a0
AUTO: _ZN10EKFGSF_yaw7correctEhRK7Vector2IdEd @ 0x7d67c0
AUTO: _ZNK10EKFGSF_yaw15gaussianDensityEh @ 0x7d7b80
AUTO: _ZL3MAXIdfEDTqugtfp_fp0_fp_fp0_ERKT_RKT0_.3598 @ 0x7d7f00
AUTO: _ZN10EKFGSF_yaw13forceSymmetryEh @ 0x7d7fa0
AUTO: _ZN16EKF_obs_buffer_tIN12NavEKF3_core16ext_nav_elementsEE6recallERS1_j @ 0xa82a50
AUTO: _ZN16EKF_obs_buffer_tIN12NavEKF3_core20ext_nav_vel_elementsEE6recallERS1_j @ 0xa82ad0
AUTO: _ZNK12NavEKF3_core35CalculateVelInnovationsAndVariancesERK7Vector3IdEddRS1_S4_ @ 0x7d84d0
AUTO: _ZN16EKF_obs_buffer_tIN12NavEKF3_core12gps_elementsEE6recallERS1_j @ 0xa82b50
AUTO: _ZN12NavEKF3_core21selectHeightForFusionEv @ 0x7d8b10
AUTO: _ZN12NavEKF3_core13FuseVelPosNEDEv @ 0x7da010
AUTO: _ZL3MAXIdfEDTqugtfp_fp0_fp_fp0_ERKT_RKT0_.4269 @ 0x7dc360
AUTO: _ZL3MAXI9AP_ParamTIfL11ap_var_type4EEfEDTqugtfp_fp0_fp_fp0_ERKT_RKT0_.4270 @ 0x7dc400
AUTO: _ZN12NavEKF3_core15readRangeFinderEv @ 0x7dc490
AUTO: _ZN16EKF_obs_buffer_tIN12NavEKF3_core14range_elementsEE6recallERS1_j @ 0xa82bd0
AUTO: _ZN16EKF_obs_buffer_tIN12NavEKF3_core13baro_elementsEE6recallERS1_j @ 0xa82ca0
AUTO: _ZL3MAXIddEDTqugtfp_fp0_fp_fp0_ERKT_RKT0_.4118 @ 0x7dd060
AUTO: _ZL3MAXI9AP_ParamTIfL11ap_var_type4EEfEDTqugtfp_fp0_fp_fp0_ERKT_RKT0_.4107 @ 0x7dd230
AUTO: _ZN12NavEKF3_core12fuseEulerYawENS_15yawFusionMethodE @ 0x7dd2c0
AUTO: _ZN16EKF_obs_buffer_tIN12NavEKF3_core12yaw_elementsEE6recallERS1_j @ 0xa82f30
AUTO: _ZN16EKF_obs_buffer_tIN12NavEKF3_core12mag_elementsEE6recallERS1_j @ 0xa82fb0
AUTO: _ZN12NavEKF3_core18controlMagYawResetEv @ 0x7df260
AUTO: _ZNK7Matrix3IdEixEh @ 0xa83180
AUTO: _ZL3MAXIdfEDTqugtfp_fp0_fp_fp0_ERKT_RKT0_.4105 @ 0x7e60b0
AUTO: _ZN12NavEKF3_core17MagTableConstrainEv @ 0x7e6150
AUTO: _ZNK11QuaternionTIdE13to_axis_angleER7Vector3IdE @ 0xa831f0
AUTO: _ZN10EKFGSF_yaw6updateERK7Vector3IdES3_ddbd @ 0x7e68d0
AUTO: _ZN10EKFGSF_yaw7predictEh @ 0x7e7360
AUTO: _ZN10EKFGSF_yaw11predictAHRSEh @ 0x7e7eb0
AUTO: _ZL7radiansf.3596 @ 0x7e8430
AUTO: _ZL2sqf.3597 @ 0x7e8480
AUTO: _ZNK10EKFGSF_yaw12updateRotMatERK7Matrix3IdERK7Vector3IdE @ 0x7e84d0
AUTO: _ZN12NavEKF3_core21calcTiltErrorVarianceEv @ 0x7e8db0
AUTO: _ZN12NavEKF3_core23verifyTiltErrorVarianceEv @ 0x7e9490
AUTO: _ZL3MINIffEDTqultfp_fp0_fp_fp0_ERKT_RKT0_.4336 @ 0x7e9890
AUTO: _ZN11QuaternionTIdE6rotateERK7Vector3IdE @ 0xa837b0
AUTO: _ZN12NavEKF3_core15ConstrainStatesEv @ 0x7e9920
AUTO: _ZNK21AP_DAL_InertialSensor9use_accelEh @ 0xa83870
AUTO: _ZNK21AP_DAL_InertialSensor8use_gyroEh @ 0xa83940
AUTO: _ZN12NavEKF3_core19learnInactiveBiasesEv @ 0x7e9d60
AUTO: _ZN12NavEKF3_core19updateMovementCheckEv @ 0x7ea2d0
AUTO: _ZN12NavEKF3_core17readDeltaVelocityEhR7Vector3IdERd @ 0x7eab70
AUTO: _ZNK21AP_DAL_InertialSensor18get_imu_pos_offsetEh @ 0xa83a10
AUTO: _ZN12NavEKF3_core14readDeltaAngleEhR7Vector3IdERd @ 0x7eacc0
AUTO: _ZN16EKF_IMU_buffer_tIN12NavEKF3_core12imu_elementsEE21push_youngest_elementES1_ @ 0xa83a80
AUTO: _ZN12NavEKF3_core14SampleDragDataERKNS_12imu_elementsE @ 0x7eade0
AUTO: _ZN16EKF_IMU_buffer_tIN12NavEKF3_core12imu_elementsEE18get_oldest_elementEv @ 0xa83ae0
AUTO: _ZN12NavEKF3_core22updateTimingStatisticsEv @ 0x7eb090
AUTO: _ZL3MINIfdEDTqultfp_fp0_fp_fp0_ERKT_RKT0_ @ 0x7eb340
AUTO: _ZN12NavEKF3_core12imu_elementsC2Ev @ 0xa83b60
AUTO: _ZN14ekf_imu_buffer18get_oldest_elementEPv @ 0x7eb3e0
AUTO: _ZN14ekf_imu_buffer21push_youngest_elementEPKv @ 0x7eb4a0
AUTO: _ZNK21AP_DAL_InertialSensor14get_gyro_countEv @ 0xa83c40
AUTO: _ZNK21AP_DAL_InertialSensor15get_delta_angleEhR7Vector3IfERf @ 0xa83c90
AUTO: _ZNK21AP_DAL_InertialSensor15get_accel_countEv @ 0xa83d90
AUTO: _ZNK21AP_DAL_InertialSensor18get_delta_velocityEhR7Vector3IfERf @ 0xa83de0
AUTO: _ZL7radiansi.4131 @ 0x7eb590
AUTO: _ZN12NavEKF3_core12detectFlightEv @ 0x7eb5f0
AUTO: _ZN12NavEKF3_core27setWindMagStateLearningModeEv @ 0x7ebab0
AUTO: _ZN12NavEKF3_core28checkAttitudeAlignmentStatusEv @ 0x7ec350
AUTO: _ZN12NavEKF3_core13setAidingModeEv @ 0x7ec460
AUTO: _ZN12NavEKF3_core12setYawSourceEv @ 0x7ed3d0
AUTO: _ZN12NavEKF3_core18checkGyroCalStatusEv @ 0x7ed4a0
AUTO: _ZL3MINIttEDTqultfp_fp0_fp_fp0_ERKT_RKT0_ @ 0x7edb80
AUTO: _ZL7radiansd.4050 @ 0x7edc00
AUTO: _ZN12NavEKF3_core19updateStateIndexLimEv @ 0x7edcf0
AUTO: _ZNK6AP_DAL18get_time_flying_msEv @ 0xa83ed0
AUTO: _ZN12NavEKF3_core20update_gps_selectionEv @ 0x7edee0
AUTO: _ZN12NavEKF3_core20update_mag_selectionEv @ 0x7edfe0
AUTO: _ZN12NavEKF3_core21update_baro_selectionEv @ 0x7ee120
AUTO: _ZN12NavEKF3_core25update_airspeed_selectionEv @ 0x7ee200
AUTO: _ZNK11AP_DAL_Baro11get_primaryEv @ 0xa83f70
AUTO: _Z9fill_nanfPdt @ 0x7ee310
AUTO: _ZNK17AP_InertialSensor20get_last_update_usecEv @ 0xa84030
AUTO: _ZNK17AP_InertialSensor16get_loop_delta_tEv @ 0xa84080
AUTO: _ZNK7AP_AHRS17get_vehicle_classEv @ 0xa840d0
AUTO: _ZNK7AP_AHRS20get_takeoff_expectedEv @ 0xa84120
AUTO: _ZNK7AP_AHRS22get_touchdown_expectedEv @ 0xa84180
AUTO: _ZNK7AP_AHRS8get_trimEv @ 0xa841e0
AUTO: _ZN2AP12wheelencoderEv @ 0x7ee730
AUTO: _ZNK15AP_WheelEncoder11num_sensorsEv @ 0xa84240
AUTO: _ZNK7AP_AHRS43get_rotation_vehicle_body_to_autopilot_bodyEv @ 0xa84290
AUTO: _ZN21AP_DAL_InertialSensor11start_frameEv @ 0x7ee770
AUTO: _ZN11AP_DAL_Baro11start_frameEv @ 0x7ee9f0
AUTO: _ZN10AP_DAL_GPS11start_frameEv @ 0x7eeb60
AUTO: _ZN14AP_DAL_Compass11start_frameEv @ 0x7eef60
AUTO: _ZNK9AP_Beacon7enabledEv @ 0x7efa10
AUTO: _ZNK9AP_Beacon12device_readyEv @ 0x7efd50
AUTO: _ZNK7AP_EnumIN9AP_Beacon4TypeEEcvKS1_Ev @ 0xa84340
AUTO: _ZNK7Compass24auto_declination_enabledEv @ 0xa84490
AUTO: _ZNK7Compass15get_declinationEv @ 0x7efec0
AUTO: _ZNK7Compass15get_num_enabledEv @ 0x7eff20
AUTO: _ZNK7Compass16get_first_usableEv @ 0xa84500
AUTO: _ZNK7Compass17have_scale_factorEh @ 0x7effe0
AUTO: _ZNK7Compass16last_update_usecEh @ 0xa84550
AUTO: _ZNK14typesafe_indexIh14TAG_StateIndexEgeERKh @ 0xa845d0
AUTO: _ZNK7AP_Baro11get_primaryEv @ 0xa84640
AUTO: _ZNK7AP_Baro15get_last_updateEh @ 0xa84690
AUTO: _ZNK17AP_InertialSensor16get_loop_rate_hzEv @ 0xa84700
AUTO: _ZNK17AP_InertialSensor15get_delta_angleEhR7Vector3IfERf @ 0x7f0120
AUTO: _ZN21AP_DAL_InertialSensor15update_filteredEh @ 0x7f02f0
AUTO: _ZNK17AP_InertialSensor18get_imu_pos_offsetEh @ 0xa84750
AUTO: _ZNK17AP_InertialSensor10_accel_posEh @ 0xa847b0
AUTO: _ZN17AP_InertialSensor10_accel_posEh @ 0xa84810
AUTO: _ZN15AP_WheelEncoder13get_singletonEv @ 0xa84880
AUTO: _ZN7NavEKF216InitialiseFilterEv @ 0x7f2d80
AUTO: _ZNK6AP_DAL12get_ekf_typeEv @ 0xa87070
AUTO: _ZN16AP_AHRS_External6updateEv @ 0x826160
AUTO: _ZN16AP_AHRS_External11get_resultsERN15AP_AHRS_Backend9EstimatesE @ 0x8261b0
AUTO: _ZN7AP_AHRS37copy_estimates_from_backend_estimatesERKN15AP_AHRS_Backend9EstimatesE @ 0x826400
AUTO: _ZN15AP_ExternalAHRS6updateEv @ 0x8266e0
AUTO: _ZL7degreesf.9850 @ 0x826a10
AUTO: _ZN11AP_AHRS_SIM6updateEv @ 0xa87c30
AUTO: _ZN11AP_AHRS_SIM11get_resultsERN15AP_AHRS_Backend9EstimatesE @ 0x826a60
AUTO: _ZN11AP_AHRS_DCM6updateEv @ 0x827640
AUTO: _ZN11AP_AHRS_DCM11get_resultsERN15AP_AHRS_Backend9EstimatesE @ 0x827960
AUTO: _ZN11AP_AHRS_DCM13matrix_updateEv @ 0x827a80
AUTO: _ZN11AP_AHRS_DCM9normalizeEv @ 0x827cd0
AUTO: _ZN11AP_AHRS_DCM16drift_correctionEf @ 0x827ef0
AUTO: _ZN11AP_AHRS_DCM12check_matrixEv @ 0x829250
AUTO: _ZN11AP_AHRS_DCM15backup_attitudeEv @ 0x829350
AUTO: _ZNK11AP_AHRS_DCM12get_error_rpEv @ 0xa87cf0
AUTO: _ZNK11AP_AHRS_DCM13get_error_yawEv @ 0xa87d40
AUTO: _ZN7Matrix3IfE6is_nanEv @ 0xa87d90
AUTO: _ZN11AP_AHRS_DCM20drift_correction_yawEv @ 0x829840
AUTO: _ZNK6AP_GPS16last_fix_time_msEv @ 0xa87ea0
AUTO: _ZL3MAXIfiEDTqugtfp_fp0_fp_fp0_ERKT_RKT0_.1607 @ 0x829d60
AUTO: _ZNK11AP_AHRS_DCM26should_correct_centrifugalEv @ 0x829e00
AUTO: _ZN11AP_AHRS_DCM10ra_delayedEhRK7Vector3IfE @ 0x829e50
AUTO: _ZNK17AP_InertialSensor7healthyEv @ 0xa87f00
AUTO: _ZN11AP_AHRS_DCM7_P_gainEf @ 0x829f50
AUTO: _ZNK11AP_AHRS_DCM14use_fast_gainsEv @ 0x82a030
AUTO: _ZL7radiansi.1608 @ 0x82a0c0
AUTO: _ZNK17AP_InertialSensor19get_gyro_drift_rateEv @ 0xa87f80
AUTO: _ZNK17AP_InertialSensor15get_gyro_healthEv @ 0xa87fd0
AUTO: _ZNK17AP_InertialSensor16get_accel_healthEv @ 0xa88030
AUTO: _ZNK7Compass16last_update_usecEv @ 0xa88090
AUTO: _ZN7Compass4readEv @ 0x82a120
AUTO: _ZN11AP_AHRS_DCM17yaw_error_compassER7Compass @ 0x82a4f0
AUTO: _ZNK11AP_AHRS_DCM9_yaw_gainEv @ 0x82a670
AUTO: _ZNK7Matrix3IfE5mulXYERK7Vector3IfE @ 0xa880f0
AUTO: _ZNK7Vector2IfErmERKS0_ @ 0xa881c0
AUTO: _ZN7Compass15_detect_runtimeEv @ 0x82a820
AUTO: _ZN9AP_Logger13Write_CompassEv @ 0x82ab50
AUTO: _ZN19RestrictIDTypeArrayI9AP_ParamTIaL11ap_var_type1EELj3E14typesafe_indexIh12TAG_PriorityEEixERKS5_ @ 0xa88240
AUTO: _ZN9AP_Logger22Write_Compass_instanceEmh @ 0x82abf0
AUTO: _ZNK7Compass17get_motor_offsetsEh @ 0xa882c0
AUTO: _ZN18AP_Compass_Backend25drain_accumulated_samplesEhPK7Vector3IfE @ 0x82cb20
AUTO: _ZN18AP_Compass_Backend22publish_filtered_fieldERK7Vector3IfEh @ 0x82cca0
AUTO: _ZN11AP_AHRS_DCM6renormERK7Vector3IfERS1_ @ 0x82cd60
AUTO: _ZNK17AP_InertialSensor15get_delta_angleER7Vector3IfERf @ 0xa88b40
AUTO: _ZNK7Vector3IfEeqERKS0_ @ 0xa88bd0
AUTO: _ZNK14AP_Logger_File17recent_open_errorEv @ 0x82d110
AUTO: _ZNK14AP_Logger_File15io_thread_aliveEv @ 0x82d1a0
AUTO: _ZN14AP_Logger_File16disk_space_availEv @ 0x82d530
AUTO: _ZL3MINIjjEDTqultfp_fp0_fp_fp0_ERKT_RKT0_.5718 @ 0x82d610
AUTO: _ZN13AP_Filesystem17bytes_until_fsyncEi @ 0x82d690
AUTO: _ZN13AP_Filesystem9disk_freeEPKc @ 0x82d710
AUTO: _ZN2AP4rssiEv @ 0x834950
AUTO: _ZNK7AP_RSSI7enabledEv @ 0xa89480
AUTO: _ZN7AP_RSSI13get_singletonEv @ 0x835180
AUTO: _ZN13AP_CANManager20check_logging_enableEv @ 0x836140
AUTO: _ZN7FunctorIvJEE14method_wrapperI13AP_CANManagerXadL_ZNS2_20check_logging_enableEvEEEEvPv @ 0xa89ab0
AUTO: _ZNK13AP_CANManager15CANIface_Params13option_is_setENS0_7OptionsE @ 0xa89b60
AUTO: _ZN9AP_Logger13Write_MessageEPKc @ 0x840d30
AUTO: _ZNK24AP_Proximity_Boundary_3D15get_next_sectorEh @ 0xa97f80
AUTO: _ZNK22AP_BattMonitor_Backend13option_is_setEN21AP_BattMonitor_Params7OptionsE @ 0xa9b9e0
AUTO: _ZN22AP_BattMonitor_Backend15update_consumedERN14AP_BattMonitor17BattMonitor_StateEj @ 0x858240
AUTO: _ZN22AP_BattMonitor_Backend13calculate_mahEff @ 0xa9ba70
AUTO: _ZN18AP_Compass_Backend17accumulate_sampleER7Vector3IfEhj @ 0x85a550
AUTO: _ZN18AP_Compass_Backend12rotate_fieldER7Vector3IfEh @ 0x85a6d0
AUTO: _ZN18AP_Compass_Backend17publish_raw_fieldERK7Vector3IfEh @ 0x85a7c0
AUTO: _ZN18AP_Compass_Backend13correct_fieldER7Vector3IfEh @ 0x85a8d0
AUTO: _ZN18AP_Compass_Backend8field_okERK7Vector3IfE @ 0x85acd0
AUTO: _ZNK7Compass16get_filter_rangeEv @ 0xa9dd90
AUTO: _ZNK16Compass_PerMotor7enabledEv @ 0xa9ddf0
AUTO: _ZN7Compass13_get_priorityE14typesafe_indexIh14TAG_StateIndexE @ 0xa9de60
AUTO: _ZN14AP_GPS_Backend15set_alt_amsl_cmERN6AP_GPS9GPS_StateEi @ 0x85f3a0
AUTO: _ZN16JitterCorrection31correct_offboard_timestamp_usecEmm @ 0x85f5b0
AUTO: _ZNK14AP_GPS_Backend10option_setEN6AP_GPS13DriverOptionsE @ 0xaa0ff0
AUTO: _ZNK6AP_GPS10option_setENS_13DriverOptionsE @ 0xaa1060
AUTO: _ZN6AP_RTC12set_utc_usecEmNS_11source_typeE @ 0x860020
AUTO: _ZNK11GCS_MAVLINK14option_enabledENS_6OptionE @ 0xaa34f0
AUTO: _ZNK16AP_SerialManager9UARTState12get_protocolEv @ 0xaa3570
AUTO: _ZN2AP8PerfInfo13set_loop_rateEt @ 0x872540
AUTO: _ZN2AP8PerfInfo5resetEv @ 0x872600
AUTO: _ZN3GCS10send_textvE12MAV_SEVERITYPKcP13__va_list_tagh @ 0x872c30
AUTO: _ZNK3GCS43min_loop_time_remaining_for_message_send_usEv @ 0xaa3d30
AUTO: _ZNK3GCS26min_status_for_gps_healthyEv @ 0xaa3ec0
AUTO: _ZL3MINImmEDTqultfp_fp0_fp_fp0_ERKT_RKT0_.6171 @ 0x873140
AUTO: _ZN11ObjectArrayIN3GCS12statustext_tEE10push_forceERKS1_ @ 0xaa3f10
AUTO: _ZN2AP11frsky_telemEv @ 0x8731c0
AUTO: _ZN2AP14spektrum_telemEv @ 0x873200
AUTO: _ZN9AP_Notify9send_textEPKc @ 0x873240
AUTO: _ZN17AP_Spektrum_Telem13get_singletonEv @ 0xaa4050
AUTO: _ZN14AP_Frsky_Telem13get_singletonEv @ 0xaa4090
AUTO: _ZNK11ObjectArrayIN3GCS12statustext_tEE5spaceEv @ 0xaa40d0
AUTO: _ZN11ObjectArrayIN3GCS12statustext_tEE4pushERKS1_ @ 0xaa4130
AUTO: _ZN5Rover8set_modeEh10ModeReason @ 0x8732e0
AUTO: _ZNK5Rover29current_mode_requires_missionEv @ 0xaa4270
AUTO: _ZNK5Rover17get_wp_distance_mERf @ 0x873dc0
AUTO: _ZNK5Rover18get_wp_bearing_degERf @ 0x873e70
AUTO: _ZNK5Rover25get_wp_crosstrack_error_mERf @ 0x873f20
AUTO: _ZN5Rover20set_control_channelsEv @ 0x874c20
AUTO: _ZN5Rover18fence_checks_asyncEv @ 0x874f00
AUTO: _ZN6AP_HAL15timeout_expiredIjjjEEbT_T0_T1_ @ 0xaa4390
AUTO: _ZN8AC_Fence5checkEb @ 0x875020
AUTO: _ZN8AC_Fence19clear_margin_breachEh @ 0x875430
AUTO: _ZNK8AC_Fence18get_enabled_fencesEv @ 0x875e20
AUTO: _ZN5Rover2rcEv @ 0xaa44e0
AUTO: _ZN10RC_Channel9set_angleEt @ 0x876170
AUTO: _ZN8Sailboat10init_rc_inEv @ 0x876260
AUTO: _ZN6AP_HAL8RCOutput15set_esc_scalingEtt @ 0xaa4530
AUTO: _ZN12SRV_Channels19set_esc_scaling_forEN11SRV_Channel8FunctionE @ 0x8764c0
AUTO: _ZNK5Rover13is_balancebotEv @ 0x876aa0
AUTO: _ZN8AP_Param15save_io_handlerEv @ 0x877350
AUTO: _ZN7FunctorIvJEE14method_wrapperI8AP_ParamXadL_ZNS2_15save_io_handlerEvEEEEvPv @ 0xaa46e0
AUTO: _ZN15ObjectBuffer_TSIN8AP_Param10param_saveEE3popERS1_ @ 0xaa4790
AUTO: _ZN5Rover11notify_modeEPK4Mode @ 0x877450
AUTO: _ZN5Rover3gcsEv @ 0xaa4870
AUTO: _ZN12SRV_Channels17enable_aux_servosEv @ 0x87b780
AUTO: _ZL21failsafe_check_staticv @ 0x87d310
AUTO: _ZN5Rover8set_modeER4Mode10ModeReason @ 0x87d8a0
AUTO: _ZN5Rover18mode_from_mode_numEN4Mode6NumberE @ 0x87de10
AUTO: _ZNK5Rover7is_boatEv @ 0x87e250
AUTO: _ZNK8Sailboat12tack_enabledEv @ 0x87e2c0
AUTO: _ZN10RC_Channel16read_mode_switchEv @ 0x87e800
AUTO: _ZN10RC_Channel16read_6pos_switchERa @ 0x87e880
AUTO: _ZN10RC_Channel18debounce_completedEa @ 0x87e9e0
AUTO: _ZN9AP_Logger10Write_ModeEh10ModeReason @ 0x87eb80
AUTO: _ZN17AP_Logger_Backend10Write_ModeEh10ModeReason @ 0x87ed10
AUTO: _ZN7AP_AHRS15set_fly_forwardEb @ 0xaa4db0
AUTO: _ZN17AP_InertialSensor12BatchSampler21rotate_to_next_sensorEv @ 0x87fec0
AUTO: _ZN17AP_InertialSensor12BatchSampler32update_doing_sensor_rate_loggingEv @ 0x880110
AUTO: _ZL3MINIhhEDTqultfp_fp0_fp_fp0_ERKT_RKT0_.17357 @ 0x880250
AUTO: _ZNK17AP_InertialSensor12BatchSampler10has_optionENS0_11batch_opt_tE @ 0xaa6240
AUTO: _ZN17AP_InertialSensor12_gyro_offsetEh @ 0xaa62c0
AUTO: _ZN17AP_InertialSensor12caltemp_gyroEh @ 0xaa6330
AUTO: _ZN22AP_InertialSensor_SITL6updateEv @ 0x881a10
AUTO: _ZN25AP_InertialSensor_Backend10accumulateEv @ 0xaa6450
AUTO: _ZN25AP_InertialSensor_Backend11set_primaryEb @ 0xaa6620
AUTO: _ZNK25AP_InertialSensor_Backend21_gyro_raw_sample_rateEh @ 0xaa6670
AUTO: _ZN22AP_InertialSensor_SITL12timer_updateEv @ 0x882190
AUTO: _ZN7FunctorIvJEE14method_wrapperI22AP_InertialSensor_SITLXadL_ZNS2_12timer_updateEvEEEEvPv @ 0xaa6740
AUTO: _ZN22AP_InertialSensor_SITL14generate_accelEv @ 0x882660
AUTO: _ZN22AP_InertialSensor_SITL13generate_gyroEv @ 0x883640
AUTO: _ZNK25AP_InertialSensor_Backend20enable_fast_samplingEh @ 0xaa67f0
AUTO: _ZNK22AP_InertialSensor_SITL10gyro_driftEv @ 0x8840a0
AUTO: _ZL7radiansd.17279 @ 0x8842a0
AUTO: _ZL7radiansf.17280 @ 0x8842f0
AUTO: _ZN22AP_InertialSensor_SITL15get_temperatureEv @ 0x8843d0
AUTO: _ZNK22AP_InertialSensor_TCal15sitl_apply_gyroEfR7Vector3IfE @ 0x884570
AUTO: _ZN25AP_InertialSensor_Backend35_notify_new_gyro_sensor_rate_sampleEhRK7Vector3IfE @ 0x884650
AUTO: _ZN25AP_InertialSensor_Backend24_rotate_and_correct_gyroEhR7Vector3IfE @ 0x884850
AUTO: _ZN25AP_InertialSensor_Backend27_notify_new_gyro_raw_sampleEhRK7Vector3IfEm @ 0x8849e0
AUTO: _ZNK25AP_InertialSensor_Backend15has_been_killedEh @ 0xaa6880
AUTO: _ZNK25AP_InertialSensor_Backend19_update_sensor_rateERtRjRf @ 0x885080
AUTO: _ZN25AP_InertialSensor_Backend18apply_gyro_filtersEhRK7Vector3IfE @ 0x885250
AUTO: _ZN25AP_InertialSensor_Backend12log_gyro_rawEhmRK7Vector3IfES3_ @ 0x885610
AUTO: _ZN25AP_InertialSensor_Backend14update_primaryEv @ 0x8858a0
AUTO: _ZNK17AP_InertialSensor22raw_logging_option_setENS_18RAW_LOGGING_OPTIONE @ 0xaa6900
AUTO: _ZNK25AP_InertialSensor_Backend18should_log_imu_rawEv @ 0x885980
AUTO: _ZNK17AP_InertialSensor12BatchSampler25doing_sensor_rate_loggingEv @ 0xaa6980
AUTO: _ZNK17AP_InertialSensor12BatchSampler25doing_post_filter_loggingEv @ 0xaa69e0
AUTO: _ZN17AP_InertialSensor12BatchSampler6sampleEhNS_15IMU_SENSOR_TYPEEmRK7Vector3IfE @ 0x885b90
AUTO: _ZN17AP_InertialSensor12BatchSampler10should_logEhNS_15IMU_SENSOR_TYPEE @ 0x885ce0
AUTO: _ZN25AP_InertialSensor_Backend16save_gyro_windowEhRK7Vector3IfEh @ 0x885e20
AUTO: _ZN15LowPassFilter2pI7Vector3IfEE5applyERKS1_ @ 0xaa6cc0
AUTO: _ZN19DigitalBiquadFilterI7Vector3IfEE5applyERKS1_RKNS2_13biquad_paramsE @ 0xaa6e10
AUTO: _ZNK25AP_InertialSensor_Backend18sensors_convergingEv @ 0x8860e0
AUTO: _ZNK22AP_InertialSensor_TCal12correct_gyroEffR7Vector3IfE @ 0x886210
AUTO: _ZNK22AP_InertialSensor_TCal14correct_sensorEffPK9AP_ParamVI7Vector3IfEL11ap_var_type5EERS2_ @ 0x8862b0
AUTO: _ZNK22AP_InertialSensor_TCal15polynomial_evalEfPK9AP_ParamVI7Vector3IfEL11ap_var_type5EE @ 0x8864c0
AUTO: _ZNK22AP_InertialSensor_TCal16sitl_apply_accelEfR7Vector3IfE @ 0x889470
AUTO: _ZN25AP_InertialSensor_Backend36_notify_new_accel_sensor_rate_sampleEhRK7Vector3IfE @ 0x889550
AUTO: _ZN25AP_InertialSensor_Backend25_rotate_and_correct_accelEhR7Vector3IfE @ 0x889750
AUTO: _ZN25AP_InertialSensor_Backend28_notify_new_accel_raw_sampleEhRK7Vector3IfEmb @ 0x889970
AUTO: _ZN25AP_InertialSensor_Backend20_publish_temperatureEhf @ 0x889f20
AUTO: _ZN17AP_InertialSensor27calc_vibration_and_clippingEhRK7Vector3IfEf @ 0x889fc0
AUTO: _ZN17AP_InertialSensor19set_accel_peak_holdEhRK7Vector3IfE @ 0x88a240
AUTO: _ZN25AP_InertialSensor_Backend13log_accel_rawEhmRK7Vector3IfE @ 0x88a320
AUTO: _ZNK25AP_InertialSensor_Backend14get_clip_limitEv @ 0xaa7e30
AUTO: _ZN13LowPassFilterI7Vector3IfEE5applyERKS1_RKf @ 0xaa7e80
AUTO: _ZN10DigitalLPFI7Vector3IfEE6_applyERKS1_RKf @ 0xaa7f40
AUTO: _ZNK22AP_InertialSensor_TCal13correct_accelEffR7Vector3IfE @ 0x88a700
AUTO: _ZN25AP_InertialSensor_Backend12update_accelEh @ 0x88ab80
AUTO: _ZN25AP_InertialSensor_Backend11update_gyroEh @ 0x88aca0
AUTO: _ZN25AP_InertialSensor_Backend13_publish_gyroEhRK7Vector3IfE @ 0x88ae00
AUTO: _ZN25AP_InertialSensor_Backend19update_gyro_filtersEh @ 0x88af70
AUTO: _ZNK25AP_InertialSensor_Backend19_gyro_filter_cutoffEv @ 0xaa8210
AUTO: _ZN25AP_InertialSensor_Backend14_publish_accelEhRK7Vector3IfE @ 0x88b3b0
AUTO: _ZN25AP_InertialSensor_Backend20update_accel_filtersEh @ 0x88b5e0
AUTO: _ZNK25AP_InertialSensor_Backend20_accel_filter_cutoffEv @ 0xaa84f0
AUTO: _ZNK5Rover16gcs_mode_enabledEN4Mode6NumberE @ 0x88d170
AUTO: _ZN4Mode5enterEv @ 0x88d1f0
AUTO: _ZN8AC_Fence21manual_recovery_startEv @ 0x88d380
AUTO: _ZN9AP_Camera16set_is_auto_modeEb @ 0xaa8990
AUTO: _ZN4Mode4exitEv @ 0x88d410
AUTO: _ZN8Sailboat10clear_tackEv @ 0x88d470
AUTO: _ZNK10AP_Vehicle21block_GCS_mode_changeEhPKhh @ 0x88d4e0
AUTO: _ZNK8Location25past_interval_finish_lineERKS_S1_ @ 0x891830
AUTO: _ZNK8Location20line_path_proportionERKS_S1_ @ 0x8918c0
AUTO: _ZL2sqf.2093 @ 0x8919c0
AUTO: _ZNK8AC_Fence9polyfenceEv @ 0x891b20
AUTO: _ZNK7AP_EnumIN13AP_OADatabase11OutputLevelEEcvKS1_Ev @ 0xaa9fb0
AUTO: _ZN11AP_SmartRTL22run_background_cleanupEv @ 0x895f40
AUTO: _ZN7FunctorIvJEE14method_wrapperI11AP_SmartRTLXadL_ZNS2_22run_background_cleanupEvEEEEvPv @ 0xaaa610
AUTO: _ZN11AP_SmartRTL15routine_cleanupEtt @ 0x896210
AUTO: _ZN11AP_SmartRTL22detect_simplificationsEv @ 0x8963e0
AUTO: _ZN11AP_SmartRTL33remove_points_by_simplify_bitmaskEv @ 0x896750
AUTO: _ZN11AP_SmartRTL29restart_pruning_if_new_pointsEv @ 0x896930
AUTO: _ZN11AP_SmartRTL12detect_loopsEv @ 0x8969a0
AUTO: _ZN11AP_SmartRTL20segment_segment_distERK7Vector3IfES3_S3_S3_ @ 0x896fc0
AUTO: _ZNK7BitmaskILt500EE3getEt @ 0xaaa6c0
AUTO: _ZNK7BitmaskILt500EE8validateEt @ 0xaaa790
AUTO: _ZNK7Vector3IfE19distance_to_segmentERKS0_S2_ @ 0xaaa820
AUTO: _ZN7BitmaskILt500EE5clearEt @ 0xaaaa10
AUTO: _ZN5Rover14failsafe_checkEv @ 0x897b00
AUTO: _ZNK7AP_AHRS12get_accel_efEv @ 0xaae2d0
AUTO: _ZNK7AP_AHRS18get_yaw_rate_earthEv @ 0xab09c0
AUTO: _ZNK12NavEKF3_core9getMagXYZER7Vector3IfE @ 0x8c3bc0
AUTO: _ZNK12NavEKF3_core9getMagNEDER7Vector3IfE @ 0x8c3e40
AUTO: _ZNK7Vector2IfE8todoubleEv @ 0xab1210
AUTO: _ZNK7Vector2IfEdvEf @ 0xab1e70
AUTO: _ZNK14AP_GPS_Backend32supports_mavlink_gps_rtk_messageEv @ 0xab3050
AUTO: _ZNK14AP_GPS_Blended7get_lagERf @ 0x8d0780
AUTO: _ZN7AP_Baro6updateEv @ 0x8d0e50
AUTO: _ZNK7AP_Baro7healthyEv @ 0xab3620
AUTO: _ZN15AP_Baro_Backend14backend_updateEh @ 0x8d1570
AUTO: _ZN7AP_Baro24wind_pressure_correctionEh @ 0x8d15f0
AUTO: _ZNK7AP_Baro15get_last_updateEv @ 0xab3680
AUTO: _ZN16DerivativeFilterIfLh7EE6updateEfj @ 0xab36e0
AUTO: _ZN7AP_Baro22update_field_elevationEv @ 0x8d1930
AUTO: _ZNK7AP_Baro10should_logEv @ 0x8d1bb0
AUTO: _ZN7AP_Baro10Write_BaroEv @ 0x8d1c60
AUTO: _ZN7AP_Baro19Write_Baro_instanceEmh @ 0x8d1cf0
AUTO: _ZNK7AP_Baro21get_baro_drift_offsetEv @ 0xab37c0
AUTO: _ZNK7AP_Baro22get_ground_temperatureEv @ 0x8d1f10
AUTO: _ZNK7AP_Baro22get_corrected_pressureEh @ 0xab3810
AUTO: _ZN16FilterWithBufferIfLh7EE5applyEf @ 0xab3940
AUTO: _ZN24AP_Proximity_Boundary_3D4FaceC2Ev @ 0xab46a0
AUTO: _ZN15AP_Compass_SITL6_timerEv @ 0x8f14d0
AUTO: _ZN7FunctorIvJEE14method_wrapperI15AP_Compass_SITLXadL_ZNS2_6_timerEvEEEEvPv @ 0xabc5c0
AUTO: _Z10rand_vec3fv @ 0x8f1a00
AUTO: _ZN7VectorNIN15AP_Compass_SITL16readings_compassELh50EEixEh @ 0xabc670
AUTO: _ZN15AP_Compass_SITL26_setup_eliptical_correcionEh @ 0x8f1a80
AUTO: _ZNK18AP_Compass_Backend21get_board_orientationEv @ 0x8f1cb0
AUTO: _ZN15AP_Compass_SITL4readEv @ 0x8f1d00
AUTO: _ZN15AP_Baro_Backend17_copy_to_frontendEhff @ 0x8f60a0
AUTO: _ZN12AP_Baro_SITL6_timerEv @ 0x8f7330
AUTO: _ZN7FunctorIvJEE14method_wrapperI12AP_Baro_SITLXadL_ZNS2_6_timerEvEEEEvPv @ 0xabe240
AUTO: _ZN7VectorNIN12AP_Baro_SITL13readings_baroELh50EEixEh @ 0xabe2f0
AUTO: _ZN12AP_Baro_SITL22temperature_adjustmentERfS0_ @ 0x8f7720
AUTO: _ZN12AP_Baro_SITL24wind_pressure_correctionEh @ 0x8f7910
AUTO: _ZL2sqf.1777 @ 0x8f7b20
AUTO: _ZN7AP_Baro22_get_air_density_ratioEv @ 0x8f7b70
AUTO: _ZL2sqf.1757 @ 0x8f7c10
AUTO: _ZN12AP_Baro_SITL6updateEv @ 0x8f7d00
AUTO: _ZN12AP_Baro_SITL19update_healthy_flagEh @ 0xabe400
AUTO: _ZN12AP_Baro_SITL7healthyEh @ 0x8f7db0
AUTO: _ZNK22AP_BattMonitor_Backend17has_cell_voltagesEv @ 0xabf520
AUTO: _ZNK22AP_BattMonitor_Backend15has_temperatureEv @ 0xabf570
AUTO: _ZNK22AP_BattMonitor_Backend15get_temperatureERf @ 0x8f9d50
AUTO: _ZNK22AP_BattMonitor_Backend22capacity_remaining_pctERh @ 0x8f9e10
AUTO: _ZN22AP_BattMonitor_Backend26update_resistance_estimateEv @ 0x8f9f90
AUTO: _ZN22AP_BattMonitor_Backend16update_failsafesEv @ 0x8fa2e0
AUTO: _ZNK22AP_BattMonitor_Backend25get_mavlink_fault_bitmaskEv @ 0xabf620
AUTO: _ZL3MINIifEDTqultfp_fp0_fp_fp0_ERKT_RKT0_.16929 @ 0x8fa600
AUTO: _ZL3MINIffEDTqultfp_fp0_fp_fp0_ERKT_RKT0_.16930 @ 0x8fa6a0
AUTO: _ZN21AP_BattMonitor_Analog4readEv @ 0x8fc2a0
AUTO: _ZNK21AP_BattMonitor_Analog19has_consumed_energyEv @ 0xac0310
AUTO: _ZNK21AP_BattMonitor_Analog11has_currentEv @ 0x8fc4a0
AUTO: _ZN9AP_Notify19set_flight_mode_strEPKc @ 0x902ab0
AUTO: _ZN6RGBLed6updateEv @ 0x908700
AUTO: _ZN6RGBLed8_set_rgbEhhh @ 0x908b30
AUTO: _ZNK6RGBLed10rgb_sourceEv @ 0x908c40
AUTO: _ZNK6RGBLed19get_colour_sequenceEv @ 0x908ea0
AUTO: _ZNK6RGBLed14get_brightnessEv @ 0x909290
AUTO: _ZN6RGBLed7set_rgbEhhh @ 0x909390
AUTO: _ZN10IS31FL31956_timerEv @ 0x909450
AUTO: _ZN7FunctorIvJEE14method_wrapperI10IS31FL3195XadL_ZNS2_6_timerEvEEEEvPv @ 0xac39c0
AUTO: _ZN6LP55626_timerEv @ 0x9099e0
AUTO: _ZN7FunctorIvJEE14method_wrapperI6LP5562XadL_ZNS2_6_timerEvEEEEvPv @ 0xac3d30
AUTO: _ZN14ToshibaLED_I2C6_timerEv @ 0x90b810
AUTO: _ZN7FunctorIvJEE14method_wrapperI14ToshibaLED_I2CXadL_ZNS2_6_timerEvEEEEvPv @ 0xac4a40
AUTO: _ZNK8ModeAuto11mode_numberEv @ 0xac4d30
AUTO: _ZN11AR_WPNav_OA20set_desired_locationERK8LocationS0_ @ 0x90c130
AUTO: _ZNK8AR_WPNav13get_speed_maxEv @ 0xac4d80
AUTO: _ZNK8AR_WPNav9is_activeEv @ 0x90c380
AUTO: _ZN8AR_WPNav44set_origin_and_destination_to_stopping_pointEv @ 0x90c3f0
AUTO: _ZN8AR_WPNav42update_distance_and_bearing_to_destinationEv @ 0x90c4b0
AUTO: _ZN12AR_PivotTurn16check_activationEfb @ 0x90c5a0
AUTO: _ZN8AR_WPNav21get_stopping_locationER8Location @ 0x90c7b0
AUTO: _ZNK18AR_AttitudeControl21get_stopping_distanceEf @ 0x90c900
AUTO: _ZNK7Vector2IfE10normalizedEv @ 0xac4dd0
AUTO: _ZNK18AR_AttitudeControl13get_decel_maxEv @ 0x90c9c0
AUTO: _ZL2sqf.11094 @ 0x90ca70
AUTO: _ZN8AR_WPNav20set_desired_locationERK8LocationS0_ @ 0x90cac0
AUTO: _ZN6SCurve4initEv @ 0x90d1b0
AUTO: _ZN12AR_PivotTurn10deactivateEv @ 0xac4e30
AUTO: _ZNK6SCurve8finishedEv @ 0x90d280
AUTO: _ZNK13AR_PosControl13get_speed_maxEv @ 0xac4e80
AUTO: _ZNK13AR_PosControl13get_accel_maxEv @ 0xac4ed0
AUTO: _ZNK13AR_PosControl12get_jerk_maxEv @ 0xac4f20
AUTO: _ZN6SCurve15calculate_trackERK7Vector3IfES3_fffffff @ 0x90d330
AUTO: _ZN6SCurve20set_kinematic_limitsERK7Vector3IfES3_fffff @ 0x90d880
AUTO: _ZN6SCurve12add_segmentsEf @ 0x90dab0
AUTO: _ZNK6SCurve5validEv @ 0x90ddd0
AUTO: _ZN6SCurve14calculate_pathEffffffRfS0_S0_S0_S0_ @ 0x90e300
AUTO: _ZN6SCurve17add_segments_jerkERhfff @ 0x90f7e0
AUTO: _ZN6SCurve22add_segment_const_jerkERhff @ 0x90f8b0
AUTO: _ZL3MAXIffEDTqugtfp_fp0_fp_fp0_ERKT_RKT0_.17427 @ 0x90fbd0
AUTO: _ZN6SCurve11add_segmentERhfNS_11SegmentTypeEffff @ 0x90fc50
AUTO: _ZL2sqf.17428 @ 0x90fde0
AUTO: _ZN6SCurve21add_segment_incr_jerkERhff @ 0x90fe30
AUTO: _ZN6SCurve21add_segment_decr_jerkERhff @ 0x9101d0
AUTO: _ZL3MINIffEDTqultfp_fp0_fp_fp0_ERKT_RKT0_.17430 @ 0x910650
AUTO: _Z15kinematic_limit7Vector3IfEfff @ 0x9106e0
AUTO: _ZNK6SCurve8time_endEv @ 0x910980
AUTO: _ZN7FunctorIvJEE14method_wrapperI5RoverXadL_ZNS2_10read_radioEvEEEEvPv @ 0xac4f70
AUTO: _ZN7FunctorIvJEE14method_wrapperI5RoverXadL_ZNS2_11ahrs_updateEvEEEEvPv @ 0xac5020
AUTO: _ZN7FunctorIvJEE14method_wrapperI5RoverXadL_ZNS2_17read_rangefindersEvEEEEvPv @ 0xac50d0
AUTO: _ZN7FunctorIvJEE14method_wrapperI14AP_OpticalFlowXadL_ZNS2_6updateEvEEEEvPv @ 0xac5180
AUTO: _ZN7FunctorIvJEE14method_wrapperI5RoverXadL_ZNS2_19update_current_modeEvEEEEvPv @ 0xac5230
AUTO: _ZN7FunctorIvJEE14method_wrapperI5RoverXadL_ZNS2_10set_servosEvEEEEvPv @ 0xac52e0
AUTO: _ZN7FunctorIvJEE14method_wrapperI6AP_GPSXadL_ZNS2_6updateEvEEEEvPv @ 0xac5390
AUTO: _ZN7FunctorIvJEE14method_wrapperI7AP_BaroXadL_ZNS2_6updateEvEEEEvPv @ 0xac5440
AUTO: _ZN7FunctorIvJEE14method_wrapperI9AP_BeaconXadL_ZNS2_6updateEvEEEEvPv @ 0xac54f0
AUTO: _ZN7FunctorIvJEE14method_wrapperI12AP_ProximityXadL_ZNS2_6updateEvEEEEvPv @ 0xac55a0
AUTO: _ZN7FunctorIvJEE14method_wrapperI11AP_WindVaneXadL_ZNS2_6updateEvEEEEvPv @ 0xac5650
AUTO: _ZN7FunctorIvJEE14method_wrapperI5RoverXadL_ZNS2_20update_wheel_encoderEvEEEEvPv @ 0xac5700
AUTO: _ZN7FunctorIvJEE14method_wrapperI5RoverXadL_ZNS2_14update_compassEvEEEEvPv @ 0xac57b0
AUTO: _ZN7FunctorIvJEE14method_wrapperI5RoverXadL_ZNS2_15update_logging1EvEEEEvPv @ 0xac5860
AUTO: _ZN7FunctorIvJEE14method_wrapperI5RoverXadL_ZNS2_15update_logging2EvEEEEvPv @ 0xac5910
AUTO: _ZN7FunctorIvJEE14method_wrapperI3GCSXadL_ZNS2_14update_receiveEvEEEEvPv @ 0xac59c0
AUTO: _ZN7FunctorIvJEE14method_wrapperI3GCSXadL_ZNS2_11update_sendEvEEEEvPv @ 0xac5a70
AUTO: _ZN7FunctorIvJEE14method_wrapperI11RC_ChannelsXadL_ZNS2_16read_mode_switchEvEEEEvPv @ 0xac5b20
AUTO: _ZN7FunctorIvJEE14method_wrapperI11RC_ChannelsXadL_ZNS2_12read_aux_allEvEEEEvPv @ 0xac5bc0
AUTO: _ZN7FunctorIvJEE14method_wrapperI14AP_BattMonitorXadL_ZNS2_4readEvEEEEvPv @ 0xac5c70
AUTO: _ZN7FunctorIvJEE14method_wrapperI19AP_ServoRelayEventsXadL_ZNS2_13update_eventsEvEEEEvPv @ 0xac5d20
AUTO: _ZN7FunctorIvJEE14method_wrapperI5RoverXadL_ZNS2_15update_preclandEvEEEEvPv @ 0xac5dd0
AUTO: _ZN7FunctorIvJEE14method_wrapperI8AP_MountXadL_ZNS2_6updateEvEEEEvPv @ 0xac5e80
AUTO: _ZN7FunctorIvJEE14method_wrapperI9AP_CameraXadL_ZNS2_6updateEvEEEEvPv @ 0xac5f30
AUTO: _ZN7FunctorIvJEE14method_wrapperI5RoverXadL_ZNS2_18gcs_failsafe_checkEvEEEEvPv @ 0xac5fe0
AUTO: _ZN7FunctorIvJEE14method_wrapperI5RoverXadL_ZNS2_11fence_checkEvEEEEvPv @ 0xac6090
AUTO: _ZN7FunctorIvJEE14method_wrapperI5RoverXadL_ZNS2_9ekf_checkEvEEEEvPv @ 0xac6140
AUTO: _ZN7FunctorIvJEE14method_wrapperI12ModeSmartRTLXadL_ZNS2_13save_positionEvEEEEvPv @ 0xac61f0
AUTO: _ZN7FunctorIvJEE14method_wrapperI5RoverXadL_ZNS2_15one_second_loopEvEEEEvPv @ 0xac62a0
AUTO: _ZN7FunctorIvJEE14method_wrapperI10AC_SprayerXadL_ZNS2_6updateEvEEEEvPv @ 0xac6350
AUTO: _ZN7FunctorIvJEE14method_wrapperI9AP_LoggerXadL_ZNS2_14periodic_tasksEvEEEEvPv @ 0xac6400
AUTO: _ZN7FunctorIvJEE14method_wrapperI17AP_InertialSensorXadL_ZNS2_8periodicEvEEEEvPv @ 0xac64b0
AUTO: _ZN7FunctorIvJEE14method_wrapperI12AP_SchedulerXadL_ZNS2_14update_loggingEvEEEEvPv @ 0xac6560
AUTO: _ZN7FunctorIvJEE14method_wrapperI9AP_ButtonXadL_ZNS2_6updateEvEEEEvPv @ 0xac6610
AUTO: _ZN7FunctorIvJEE14method_wrapperI5RoverXadL_ZNS2_11crash_checkEvEEEEvPv @ 0xac66c0
AUTO: _ZN7FunctorIvJEE14method_wrapperI5RoverXadL_ZNS2_19cruise_learn_updateEvEEEEvPv @ 0xac6770
AUTO: _ZN5Rover19cruise_learn_updateEv @ 0x910a00
AUTO: _ZNK18AR_AttitudeControl17get_forward_speedERf @ 0x910b60
AUTO: _ZNK7AP_AHRS7cos_yawEv @ 0xac6890
AUTO: _ZNK7AP_AHRS7sin_yawEv @ 0xac68e0
AUTO: _ZN5Rover11crash_checkEv @ 0x910f70
AUTO: _ZN9AP_Button6updateEv @ 0x911350
AUTO: _ZN12AP_Scheduler14update_loggingEv @ 0x911fd0
AUTO: _ZN12AP_Scheduler11debug_flagsEv @ 0xac6ac0
AUTO: _ZN12AP_Scheduler21Log_Write_PerformanceEv @ 0x912240
AUTO: _ZN2AP8PerfInfo13has_task_infoEv @ 0xac6b20
AUTO: _ZNK2AP8PerfInfo20get_num_long_runningEv @ 0x912450
AUTO: _ZNK2AP8PerfInfo13get_num_loopsEv @ 0x9124a0
AUTO: _ZNK2AP8PerfInfo12get_max_timeEv @ 0x9124f0
AUTO: _ZN12AP_Scheduler12load_averageEv @ 0x912540
AUTO: _ZNK16AP_InternalError5countEv @ 0xac6b80
AUTO: _ZN17AP_InertialSensor8periodicEv @ 0x912780
AUTO: _ZN17AP_InertialSensor12BatchSampler8periodicEv @ 0x9127e0
AUTO: _ZN17AP_InertialSensor12BatchSampler16push_data_to_logEv @ 0x912860
AUTO: _ZNK17AP_InertialSensor12BatchSampler10Write_ISBHEf @ 0x912af0
AUTO: _ZNK17AP_InertialSensor12BatchSampler10Write_ISBDEv @ 0x912c50
AUTO: _ZN9AP_Logger14periodic_tasksEv @ 0x912e00
AUTO: _ZN10AC_Sprayer6updateEv @ 0x912ea0
AUTO: _ZN5Rover15one_second_loopEv @ 0x9132f0
AUTO: _ZN5Rover20handle_auto_arm_onceEv @ 0x913530
AUTO: _ZN10AP_Vehicle17set_likely_flyingEb @ 0xac6c90
AUTO: _ZN8AR_WPNav15set_turn_paramsEfb @ 0x9137d0
AUTO: _ZN13AR_PosControl15set_turn_paramsEfb @ 0x913880
AUTO: _ZN19AP_WheelRateControl21set_notch_sample_rateEf @ 0x913920
AUTO: _ZN8AP_Stats10set_flyingEb @ 0x9139b0
AUTO: _ZN6AC_PID21set_notch_sample_rateEf @ 0x913a80
AUTO: _ZN12AR_PivotTurn6enableEb @ 0x913e60
AUTO: _ZN12ModeSmartRTL13save_positionEv @ 0x913ed0
AUTO: _ZN11AP_SmartRTL6updateEbb @ 0x913f60
AUTO: _ZN11AP_SmartRTL6updateEbRK7Vector3IfE @ 0x914060
AUTO: _ZN5Rover9ekf_checkEv @ 0x914190
AUTO: _ZN5Rover18ekf_over_thresholdEv @ 0x914490
AUTO: _ZN5Rover11fence_checkEv @ 0x914800
AUTO: _ZN5Rover18gcs_failsafe_checkEv @ 0x914ab0
AUTO: _ZN5Rover16failsafe_triggerEhPKcb @ 0x914be0
AUTO: _ZN9AP_Camera6updateEv @ 0x915070
AUTO: _ZN8AP_Mount6updateEv @ 0x915130
AUTO: _ZN5Rover15update_preclandEv @ 0x9151e0
AUTO: _ZN11AC_PrecLand6updateEfb @ 0x915240
AUTO: _ZN14AP_BattMonitor4readEv @ 0x9178c0
AUTO: _ZN9AP_Logger11Write_PowerEv @ 0x917af0
AUTO: _ZNK22AP_BattMonitor_Backend13Log_Write_BATEhm @ 0x917b40
AUTO: _ZNK22AP_BattMonitor_Backend13Log_Write_BCLEhm @ 0x917de0
AUTO: _ZN14AP_BattMonitor15check_failsafesEv @ 0x917fe0
AUTO: _ZN14AP_BattMonitor16checkPoweringOffEv @ 0x9182f0
AUTO: _ZNK22AP_BattMonitor_Backend23get_state_of_health_pctERh @ 0x918450
AUTO: _ZN11RC_Channels12read_aux_allEv @ 0x9184e0
AUTO: _ZN10RC_Channel8read_auxEv @ 0x9185d0
AUTO: _ZN9AP_Logger10Write_RCINEv @ 0x9187d0
AUTO: _ZN11RC_Channels12get_radio_inEPth @ 0x9189c0
AUTO: _ZNK11RC_Channels17get_override_maskEv @ 0x918ab0
AUTO: _ZL3MINIhiEDTqultfp_fp0_fp_fp0_ERKT_RKT0_.6266 @ 0x918b70
AUTO: _ZN5Rover15update_logging2Ev @ 0x918f80
AUTO: _ZN5Rover10should_logEj @ 0x919090
AUTO: _ZN5Rover18Log_Write_SteeringEv @ 0x919100
AUTO: _ZN5Rover12Log_Write_RCEv @ 0x919250
AUTO: _ZNK15AP_WheelEncoder9Log_WriteEv @ 0x9192f0
AUTO: _ZNK17AP_InertialSensor15Write_VibrationEv @ 0x919400
AUTO: _ZN10AP_GyroFFT18write_log_messagesEv @ 0x919520
AUTO: _ZN8AP_Mount9write_logEv @ 0x919750
AUTO: _ZNK17AP_InertialSensor20get_accel_clip_countEh @ 0x919c50
AUTO: _ZNK15AP_WheelEncoder7enabledEh @ 0x919cf0
AUTO: _ZN9AP_Logger11Write_RCOUTEv @ 0x91a030
AUTO: _ZNK18AR_AttitudeControl13get_lat_accelERf @ 0x91a6e0
AUTO: _ZNK18AR_AttitudeControl21get_desired_turn_rateEv @ 0x91a790
AUTO: _ZL7degreesf.48 @ 0x91a830
AUTO: _ZN5Rover15update_logging1Ev @ 0x91a880
AUTO: _ZN5Rover18Log_Write_AttitudeEv @ 0x91aa60
AUTO: _ZN5Rover14Log_Write_SailEv @ 0x91ac50
AUTO: _ZN5Rover18Log_Write_ThrottleEv @ 0x91ae50
AUTO: _ZN9AP_Beacon3logEv @ 0x91af90
AUTO: _ZN5Rover20Log_Write_Nav_TuningEv @ 0x91b0d0
AUTO: _ZNK13AR_PosControl9is_activeEv @ 0x91b1c0
AUTO: _ZN13AR_PosControl9write_logEv @ 0x91b230
AUTO: _ZN13AR_PosControl11get_vel_pidEv @ 0xac7830
AUTO: _ZNK9AC_PID_2D14get_pid_info_xEv @ 0xac7880
AUTO: _ZN9AP_Logger9Write_PIDEhRK10AP_PIDInfo @ 0x91b4c0
AUTO: _ZNK9AC_PID_2D14get_pid_info_yEv @ 0xac78d0
AUTO: _ZN12AP_Proximity3logEv @ 0x91b650
AUTO: _ZNK12AP_Proximity12distance_maxEv @ 0x91b980
AUTO: _ZNK12AP_Proximity19get_upward_distanceERf @ 0x91bc40
AUTO: _ZNK13AR_PosControl14get_pos_targetEv @ 0xac7970
AUTO: _ZN13AC_PosControl10Write_PSCNEfffffffff @ 0x91c050
AUTO: _ZN13AC_PosControl10Write_PSCEEfffffffff @ 0x91c150
AUTO: _ZN13AC_PosControl10Write_PSCxE11LogMessagesfffffffff @ 0x91c250
AUTO: _ZNK18AR_AttitudeControl17get_desired_speedEv @ 0x91c430
AUTO: _ZNK18AR_AttitudeControl20speed_control_activeEv @ 0x91c4b0
AUTO: _ZNK8AR_WPNav13wp_bearing_cdEv @ 0xac7ab0
AUTO: _ZNK18AR_AttitudeControl17get_desired_pitchEv @ 0x91c6c0
AUTO: _ZNK7AP_AHRS14Write_AttitudeERK7Vector3IfE @ 0x91c760
AUTO: _ZN7AP_AHRS9Log_WriteEv @ 0x91c870
AUTO: _ZNK18AR_AttitudeControl27get_throttle_speed_pid_infoEv @ 0xac7b00
AUTO: _ZN7NavEKF29Log_WriteEv @ 0x91c900
AUTO: _ZN7NavEKF39Log_WriteEv @ 0x91ca10
AUTO: _ZNK7AP_AHRS11Write_AHRS2Ev @ 0x91cb20
AUTO: _ZNK7AP_AHRS9Write_POSEv @ 0x91cd00
AUTO: _ZN4SITL3SIM18Log_Write_SIMSTATEEv @ 0x91ce60
AUTO: _ZNK7AP_AHRS36get_relative_position_D_origin_floatERf @ 0x91cff0
AUTO: _ZNK7AP_AHRS22get_secondary_attitudeER7Vector3IfE @ 0xac7bf0
AUTO: _ZNK7AP_AHRS22get_secondary_positionER8Location @ 0xac7c70
AUTO: _ZNK7AP_AHRS24get_secondary_quaternionER11QuaternionTIfE @ 0xac7cf0
AUTO: _ZL7degreesf.1448 @ 0x91d080
AUTO: _ZN12NavEKF3_core9Log_WriteEm @ 0x91d0d0
AUTO: _ZNK7AP_EnumIN7NavEKF38LogLevelEEcvKS1_Ev @ 0xac7d70
AUTO: _ZNK12NavEKF3_core14Log_Write_XKF4Em @ 0x91d220
AUTO: _ZN12NavEKF3_core13Log_Write_GSFEm @ 0x91d570
AUTO: _ZNK12NavEKF3_core14Log_Write_XKF1Em @ 0x91d620
AUTO: _ZNK12NavEKF3_core14Log_Write_XKF2Em @ 0x91d8f0
AUTO: _ZNK12NavEKF3_core14Log_Write_XKF3Em @ 0x91db90
AUTO: _ZNK12NavEKF3_core14Log_Write_XKF5Em @ 0x91ddf0
AUTO: _ZNK12NavEKF3_core14Log_Write_XKFSEm @ 0x91e050
AUTO: _ZNK12NavEKF3_core20Log_Write_QuaternionEm @ 0x91e160
AUTO: _ZN12NavEKF3_core16Log_Write_BeaconEm @ 0x91e240
AUTO: _ZN12NavEKF3_core18Log_Write_BodyOdomEm @ 0x91e530
AUTO: _ZN12NavEKF3_core25Log_Write_State_VariancesEm @ 0x91e6a0
AUTO: _ZN12NavEKF3_core16Log_Write_TimingEm @ 0x91e9c0
AUTO: _ZNK6AP_DAL12logging_coreEh @ 0x91eb20
AUTO: _ZL3MAXIjjEDTqugtfp_fp0_fp_fp0_ERKT_RKT0_ @ 0x91eb70
AUTO: _ZNK16AP_NavEKF_Source21getPosVelYawSourceSetEv @ 0xac7dc0
AUTO: _ZL3MAXIddEDTqugtfp_fp0_fp_fp0_ERKT_RKT0_.4083 @ 0x91ebf0
AUTO: _ZL3MINIdiEDTqultfp_fp0_fp_fp0_ERKT_RKT0_.4084 @ 0x91ec70
AUTO: _ZNK12NavEKF3_core14getInnovationsER7Vector3IfES2_S2_RfS3_ @ 0x91ed10
AUTO: _ZL7degreesf.4081 @ 0x91ef10
AUTO: _ZNK12NavEKF3_core26getSynthAirDataInnovationsER7Vector2IfERf @ 0x91ef60
AUTO: _ZNK12NavEKF3_core20getPosDownDerivativeEv @ 0x91f030
AUTO: _ZN10EKFGSF_yaw9Log_WriteEm11LogMessagesS0_h @ 0x91f090
AUTO: _ZL7degreesf.17657 @ 0x91f410
AUTO: _ZL3MAXIffEDTqugtfp_fp0_fp_fp0_ERKT_RKT0_.17658 @ 0x91f460
AUTO: _ZL3MAXIdfEDTqugtfp_fp0_fp_fp0_ERKT_RKT0_.4082 @ 0x91f4e0
AUTO: _ZN5Rover14update_compassEv @ 0x921070
AUTO: _ZN5Rover20update_wheel_encoderEv @ 0x9210d0
AUTO: _ZN11AP_WindVane6updateEv @ 0x921a10
AUTO: _ZN12AP_Proximity6updateEv @ 0x922630
AUTO: _ZNK12AP_Proximity15get_filter_freqEv @ 0xac7e80
AUTO: _ZN24AP_Proximity_Boundary_3D15set_filter_freqEf @ 0xac7ee0
AUTO: _ZN24AP_Proximity_Boundary_3D18check_face_timeoutEv @ 0x922700
AUTO: _ZN9AP_Beacon6updateEv @ 0x922860
AUTO: _ZN6AP_GPS6updateEv @ 0x922f70
AUTO: _ZN6AP_GPS15update_instanceEh @ 0x9230f0
AUTO: _ZN6AP_GPS14update_primaryEv @ 0x923890
AUTO: _ZN14AP_GPS_Blended19zero_health_counterEv @ 0xac7f50
AUTO: _ZN6AP_GPS9Write_GPSEh @ 0x925060
AUTO: _ZL3MINIfiEDTqultfp_fp0_fp_fp0_ERKT_RKT0_.2521 @ 0x9254a0
AUTO: _ZNK6AP_GPS26last_message_delta_time_msEh @ 0xac8000
AUTO: _ZNK6AP_GPS10should_logEv @ 0x925540
AUTO: _ZN6AP_GPS16send_blob_updateEh @ 0x9266c0
AUTO: _ZN14AP_GPS_Backend14check_new_itowEjj @ 0x92b410
AUTO: _ZN12AP_GPS_UBLOX20_request_next_configEv @ 0x92f600
AUTO: _ZN12AP_GPS_UBLOX21_request_message_rateEhh @ 0x9300a0
AUTO: _ZN12AP_GPS_UBLOX13_request_portEv @ 0x930160
AUTO: _ZN12AP_GPS_UBLOX13_send_messageEhhPKvt @ 0x9301f0
AUTO: _ZN12AP_GPS_UBLOX16_update_checksumEPhtRhS1_ @ 0x9310b0
AUTO: _ZN12AP_GPS_UBLOX4readEv @ 0x9311e0
AUTO: _ZNK12AP_GPS_UBLOX13is_configuredEv @ 0xac8e80
AUTO: _ZNK12AP_GPS_UBLOX7get_lagERf @ 0x9318c0
AUTO: _ZNK12AP_GPS_UBLOX10is_healthyEv @ 0x931a50
AUTO: _ZL3MINIjjEDTqultfp_fp0_fp_fp0_ERKT_RKT0_.2814 @ 0x931ea0
AUTO: _ZN12AP_GPS_UBLOXUt_ixEm @ 0xac8f90
AUTO: _ZN12AP_GPS_UBLOX10_parse_gpsEv @ 0x931f20
AUTO: _ZN12AP_GPS_UBLOX15_check_new_itowEj @ 0x9353e0
AUTO: _ZN12AP_GPS_UBLOX23_configure_message_rateEhhh @ 0x935460
AUTO: _ZN5Rover10set_servosEv @ 0x93ca60
AUTO: _ZN12AP_MotorsUGV6outputEbff @ 0x93cd40
AUTO: _ZN12AP_MotorsUGV23sanity_check_parametersEv @ 0x93ceb0
AUTO: _ZN12AP_MotorsUGV19slew_limit_throttleEf @ 0x93cfd0
AUTO: _ZN12AP_MotorsUGV14output_regularEbfff @ 0x93d0b0
AUTO: _ZN12AP_MotorsUGV20output_skid_steeringEbfff @ 0x93d510
AUTO: _ZN12AP_MotorsUGV11output_omniEbfff @ 0x93dc50
AUTO: _ZN12AP_MotorsUGV11output_sailEv @ 0x93dfe0
AUTO: _ZN12SRV_Channels8calc_pwmEv @ 0x93e080
AUTO: _ZN12SRV_Channels13output_ch_allEv @ 0x93e2a0
AUTO: _ZN12AP_MotorsUGV21set_limits_from_inputEbff @ 0x93e350
AUTO: _ZN12AP_MotorsUGV15output_throttleEN11SRV_Channel8FunctionEff @ 0x93e540
AUTO: _ZNK12AP_MotorsUGV19get_scaled_throttleEf @ 0x93e930
AUTO: _ZN12AP_MotorsUGV28get_rate_controlled_throttleEN11SRV_Channel8FunctionEff @ 0x93eca0
AUTO: _ZN6AC_PID12reset_filterEv @ 0xaca7c0
AUTO: _ZN6AC_PID7reset_IEv @ 0x93f1f0
AUTO: _ZN6AC_PID10update_allEfffbf @ 0x93f3b0
AUTO: _ZNK6AC_PID6get_ffEv @ 0x93f9c0
AUTO: _ZNK6AC_PID16get_filt_T_alphaEf @ 0x93fa20
AUTO: _ZNK6AC_PID16get_filt_E_alphaEf @ 0x93faa0
AUTO: _ZNK6AC_PID16get_filt_D_alphaEf @ 0x93fb20
AUTO: _ZN6AC_PID8update_iEfb @ 0x93fba0
AUTO: _ZN11SlewLimiter8modifierEff @ 0x93fda0
AUTO: _ZNK11SlewLimiter13get_slew_rateEv @ 0xacaa30
AUTO: _ZNK12AP_MotorsUGV20have_vectored_thrustEv @ 0xacaa80
AUTO: _ZNK12AP_MotorsUGV25get_slew_limited_throttleEff @ 0x940590
AUTO: _ZN5Rover19update_current_modeEv @ 0x940d30
AUTO: _ZN14AP_OpticalFlow6updateEv @ 0x940e40
AUTO: _ZN5Rover17read_rangefindersEv @ 0x9423f0
AUTO: _ZN11RangeFinder6updateEv @ 0x942460
AUTO: _ZN5Rover15Log_Write_DepthEv @ 0x942580
AUTO: _ZNK11RangeFinder8Log_RFNDEv @ 0x9427e0
AUTO: _ZN5Rover11ahrs_updateEv @ 0x942920
AUTO: _ZN5Rover22update_ahrs_flyforwardEv @ 0x942b30
AUTO: _ZN9AP_Follow16update_estimatesEv @ 0x942d20
AUTO: _ZNK17AP_InertialSensor9Write_IMUEv @ 0x943b50
AUTO: _ZL3MAXIhhEDTqugtfp_fp0_fp_fp0_ERKT_RKT0_ @ 0x943d60
AUTO: _ZNK17AP_InertialSensor18Write_IMU_instanceEmh @ 0x943de0
AUTO: _ZNK17AP_InertialSensor16get_gyro_rate_hzEh @ 0xacab30
AUTO: _ZNK17AP_InertialSensor17get_accel_rate_hzEh @ 0xacabb0
AUTO: _ZN9AP_Follow32clear_dist_and_bearing_to_targetEv @ 0x943f70
AUTO: _Z15sqrt_controllerffff @ 0x9449f0
AUTO: _ZL2sqf.3224 @ 0x944fe0
AUTO: _Z15sqrt_controllerRK7Vector2IfEfff @ 0x945030
AUTO: _ZN7Vector2IfE12limit_lengthEf @ 0xacacc0
AUTO: _ZL3MINIffEDTqultfp_fp0_fp_fp0_ERKT_RKT0_.1431 @ 0x945810
AUTO: _ZN5Rover10read_radioEv @ 0x9458a0
AUTO: _ZN11RC_Channels10read_inputEv @ 0x945950
AUTO: _ZN5Rover20radio_failsafe_checkEt @ 0x945a80
AUTO: _ZN10RC_Channel6updateEv @ 0x945b80
AUTO: _ZN11RC_Channels23rudder_arm_disarm_checkEv @ 0x945cf0
AUTO: _ZNK11RC_Channels19has_had_rc_receiverEv @ 0xacad90
AUTO: _ZNK10RC_Channel12pwm_to_angleEv @ 0x945f60
AUTO: _ZNK10RC_Channel15pwm_to_angle_dzEt @ 0x945fd0
AUTO: _ZNK10RC_Channel20pwm_to_angle_dz_trimEtt @ 0x946060
AUTO: _ZN5Rover8set_modeEN4Mode6NumberE10ModeReason @ 0x946450
AUTO: _ZNK4Mode16has_manual_inputEv @ 0xacbf30
AUTO: _ZNK4Mode19attitude_stabilizedEv @ 0xacbf80
AUTO: _ZNK4Mode17requires_positionEv @ 0xacbfd0
AUTO: _ZNK4Mode17requires_velocityEv @ 0xacc020
AUTO: _ZN4Mode20set_desired_locationERK8LocationS0_ @ 0x947170
AUTO: _ZN4Mode5_exitEv @ 0xacc240
AUTO: _ZN4Mode13calc_throttleEfb @ 0x9476f0
AUTO: _ZNK18AR_AttitudeControl31get_desired_speed_accel_limitedEff @ 0x947b40
AUTO: _ZNK8AC_Avoid13limits_activeEv @ 0xacc290
AUTO: _ZN18AR_AttitudeControl21get_throttle_out_stopEbbfffRb @ 0x948190
AUTO: _ZNK18AR_AttitudeControl13pitch_limitedEv @ 0xacc300
AUTO: _ZN18AR_AttitudeControl22get_throttle_out_speedEfbbfff @ 0x9483c0
AUTO: _ZN12AP_MotorsUGV12set_throttleEf @ 0x9488d0
AUTO: _ZL3MAXIffEDTqugtfp_fp0_fp_fp0_ERKT_RKT0_.11066 @ 0x949020
AUTO: _ZN8Sailboat11relax_sailsEv @ 0x9490a0
AUTO: _ZN12AP_MotorsUGV12set_mainsailEf @ 0x949980
AUTO: _ZN12AP_MotorsUGV12set_wingsailEf @ 0x949a90
AUTO: _ZN12AP_MotorsUGV17set_mast_rotationEf @ 0x949ba0
AUTO: _ZN8AC_Avoid15adjust_velocityER7Vector3IfERbfffff @ 0x949d20
AUTO: _ZL3MINIffEDTqultfp_fp0_fp_fp0_ERKT_RKT0_.8253 @ 0x94a480
AUTO: _ZNK8AC_Avoid27proximity_avoidance_enabledEv @ 0xacc360
AUTO: _ZN8AC_Avoid25adjust_velocity_proximityEffR7Vector3IfES2_fff @ 0x94a510
AUTO: _ZN8AC_Avoid29find_max_quadrant_velocity_3DER7Vector3IfER7Vector2IfES5_S5_S5_RfS6_ @ 0x94ae20
AUTO: _ZN8AC_Avoid21adjust_velocity_fenceEffR7Vector3IfES2_fff @ 0x94afa0
AUTO: _ZL3MAXIffEDTqugtfp_fp0_fp_fp0_ERKT_RKT0_.8254 @ 0x94b380
AUTO: _ZN8AC_Avoid11limit_accelERK7Vector3IfERS1_f @ 0x94b400
AUTO: _ZN8AC_Avoid28adjust_velocity_circle_fenceEffR7Vector2IfES2_f @ 0x94b7f0
AUTO: _ZN8AC_Avoid26find_max_quadrant_velocityER7Vector2IfES2_S2_S2_S2_ @ 0x94be80
AUTO: _ZN8AC_Avoid48adjust_velocity_inclusion_and_exclusion_polygonsEffR7Vector2IfES2_f @ 0x94c140
AUTO: _ZN8AC_Avoid33adjust_velocity_inclusion_circlesEffR7Vector2IfES2_f @ 0x94c4f0
AUTO: _ZN8AC_Avoid33adjust_velocity_exclusion_circlesEffR7Vector2IfES2_f @ 0x94cd70
AUTO: _ZN8AC_Avoid17adjust_velocity_zEffRfS0_f @ 0x94d680
AUTO: _ZNK8AC_Avoid21get_stopping_distanceEfff @ 0x94df50
AUTO: _ZNK12AP_Proximity18get_obstacle_countEv @ 0x94e460
AUTO: _ZNK7AP_AHRS15earth_to_body2DERK7Vector2IfE @ 0x94e4b0
AUTO: _ZNK12AP_Proximity12get_obstacleEhR7Vector3IfE @ 0x94e560
AUTO: _ZNK7AP_AHRS15body_to_earth2DERK7Vector2IfE @ 0x94ee60
AUTO: _ZNK24AP_Proximity_Boundary_3D28convert_obstacle_num_to_faceEhRNS_4FaceE @ 0x94f0d0
AUTO: _ZNK24AP_Proximity_Boundary_3D12get_obstacleEhR7Vector3IfE @ 0x94f1e0
AUTO: _ZNK24AP_Proximity_Boundary_3D18get_obstacle_countEv @ 0x94f370
AUTO: _ZNK18AR_AttitudeControl13get_accel_maxEv @ 0xaccd00
AUTO: _ZNK18AR_AttitudeControl22get_turn_lat_accel_maxEv @ 0xacce30
AUTO: _ZN13AR_PosControl10set_limitsEffff @ 0x94f450
AUTO: _ZN13AR_PosControl4initEv @ 0x94f5b0
AUTO: _ZN13AR_PosControl12set_reversedEb @ 0xaccf10
AUTO: _ZN13AR_PosControl17init_ekf_xy_resetEv @ 0x94f740
AUTO: _ZN7AP_AHRS24getLastPosNorthEastResetER7Vector2IfE @ 0x94f7b0
AUTO: _ZN7NavEKF324getLastPosNorthEastResetER7Vector2IfE @ 0x94fa00
AUTO: _ZL3MAXIfiEDTqugtfp_fp0_fp_fp0_ERKT_RKT0_.11114 @ 0x94fb50
AUTO: _ZL3MINIffEDTqultfp_fp0_fp_fp0_ERKT_RKT0_.11113 @ 0x94fbf0
AUTO: _ZN7AC_P_2D10set_limitsEfff @ 0x94fc80
AUTO: _ZL3MINIffEDTqultfp_fp0_fp_fp0_ERKT_RKT0_.18776 @ 0x94fe20
AUTO: _Z19inv_sqrt_controllerfff @ 0x94feb0
AUTO: _ZL3MAXI9AP_ParamTIfL11ap_var_type4EEfEDTqugtfp_fp0_fp_fp0_ERKT_RKT0_ @ 0x9500f0
AUTO: _ZL3MAXI9AP_ParamTIfL11ap_var_type4EEfEDTqugtfp_fp0_fp_fp0_ERKT_RKT0_.1138 @ 0x950180
AUTO: _ZNK8AR_WPNav27get_distance_to_destinationEv @ 0xacd030
AUTO: _ZNK8AR_WPNav13get_lat_accelEv @ 0xacd080
AUTO: _ZNK8AR_WPNav16crosstrack_errorEv @ 0xacd0d0
AUTO: _ZNK8AR_WPNav14nav_bearing_cdEv @ 0xacd120
AUTO: _ZN4Mode12stop_vehicleEv @ 0x950790
AUTO: _ZN12AP_MotorsUGV12set_steeringEfb @ 0x950b70
AUTO: _ZNK7Vector2IfE9projectedERKS0_ @ 0xacd170
AUTO: _ZN13AR_PosControl6updateEf @ 0x950c90
AUTO: _ZNK13AR_PosControl17get_desired_speedEv @ 0xacd210
AUTO: _ZNK13AR_PosControl26get_desired_turn_rate_radsEv @ 0xacd260
AUTO: _ZN4Mode28calc_steering_from_turn_rateEf @ 0x951850
AUTO: _ZN18AR_AttitudeControl21get_steering_out_rateEfbbf @ 0x951930
AUTO: _ZN4Mode12set_steeringEf @ 0x951db0
AUTO: _ZNK4Mode19allows_stick_mixingEv @ 0xacd2b0
AUTO: _ZL7radiansf.11065 @ 0x952030
AUTO: _ZNK18AR_AttitudeControl28get_turn_rate_from_lat_accelEff @ 0x952080
AUTO: _ZN13AR_PosControl19handle_ekf_xy_resetEv @ 0x9521d0
AUTO: _ZN9AC_PID_2D7reset_IEv @ 0x952330
AUTO: _ZN9AC_PID_2D12reset_filterEv @ 0xacd370
AUTO: _ZN7AC_P_2D10update_allER7Vector2IdERKS1_ @ 0x952390
AUTO: _ZN7AC_P_2D2kPEv @ 0xacd3c0
AUTO: _ZNK18AR_AttitudeControl19steering_limit_leftEv @ 0xacd410
AUTO: _ZNK18AR_AttitudeControl20steering_limit_rightEv @ 0xacd470
AUTO: _ZN9AC_PID_2D10update_allERK7Vector2IfES3_fS3_ @ 0x9524f0
AUTO: _ZNK9AC_PID_2D5get_iEv @ 0x952a30
AUTO: _ZN9AC_PID_2D14set_integratorERK7Vector2IfE @ 0x952a80
AUTO: _ZL3MAXIffEDTqugtfp_fp0_fp_fp0_ERKT_RKT0_.11115 @ 0x952b10
AUTO: _ZNK9AC_PID_2D16get_filt_E_alphaEf @ 0x952b90
AUTO: _ZNK9AC_PID_2D16get_filt_D_alphaEf @ 0x952c10
AUTO: _ZN9AC_PID_2D8update_iEfRK7Vector2IfE @ 0x952c90
AUTO: _ZNK8Sailboat18use_indirect_routeEf @ 0x9530f0
AUTO: _ZNK4Mode14calc_speed_maxEff @ 0x9541f0
AUTO: _ZN8AR_WPNav4initEf @ 0x955270
AUTO: _ZL3MAXIffEDTqugtfp_fp0_fp_fp0_ERKT_RKT0_.11144 @ 0x9555d0
AUTO: _ZL3MINIffEDTqultfp_fp0_fp_fp0_ERKT_RKT0_.11154 @ 0x955650
AUTO: _ZN8AR_WPNav19set_nudge_speed_maxEf @ 0x955770
AUTO: _ZNK8AR_WPNav20is_destination_validEv @ 0xacdee0
AUTO: _ZNK8AR_WPNav15get_destinationEv @ 0xacdf40
AUTO: _ZN4Mode20navigate_to_waypointEv @ 0x955dc0
AUTO: _ZNK11AR_WPNav_OA19reached_destinationEv @ 0x956100
AUTO: _ZNK8AR_WPNav19reached_destinationEv @ 0xacdf90
AUTO: _ZNK8AR_WPNav12get_reversedEv @ 0xacdff0
AUTO: _ZN4Mode16calc_speed_nudgeEfb @ 0x956180
AUTO: _ZN11AR_WPNav_OA6updateEf @ 0x956350
AUTO: _ZNK8AR_WPNav9get_speedEv @ 0xace050
AUTO: _ZNK11AR_WPNav_OA16oa_wp_bearing_cdEv @ 0x956930
AUTO: _ZNK8AR_WPNav18get_turn_rate_radsEv @ 0xace0a0
AUTO: _ZNK8AR_WPNav16oa_wp_bearing_cdEv @ 0xace160
AUTO: _ZN16AP_OAPathPlanner13get_singletonEv @ 0xace1b0
AUTO: _ZN16AP_OAPathPlanner17mission_avoidanceERK8LocationS2_S2_S2_RS0_S3_S3_RbRNS_17OAPathPlannerUsedE @ 0x9569c0
AUTO: _ZN11AR_WPNav_OA45update_oa_distance_and_bearing_to_destinationEv @ 0x956d20
AUTO: _ZN8AR_WPNav6updateEf @ 0x956e20
AUTO: _ZN8AR_WPNav16update_speed_maxEv @ 0x956ff0
AUTO: _ZNK12AR_PivotTurn6activeEv @ 0x957200
AUTO: _ZN8AR_WPNav29advance_wp_target_along_trackERK8Locationf @ 0x957270
AUTO: _ZN8AR_WPNav25update_steering_and_speedERK8Locationf @ 0x957a50
AUTO: _ZNK8AR_WPNav21calc_crosstrack_errorERK8Location @ 0x957c60
AUTO: _ZNK13AR_PosControl21get_desired_lat_accelEv @ 0xace1f0
AUTO: _ZN8AR_WPNav29init_pos_control_if_necessaryEv @ 0x957f00
AUTO: _ZNK13AR_PosControl13get_pos_errorEv @ 0x957ff0
AUTO: _ZNK13AR_PosControl20get_desired_velocityEv @ 0x9580d0
AUTO: _ZNK7Vector2IfE3dotERKS0_ @ 0xace240
AUTO: _ZN13AR_PosControl9get_pos_pEv @ 0xace2a0
AUTO: _ZL3MAXI9AP_ParamTIfL11ap_var_type4EEfEDTqugtfp_fp0_fp_fp0_ERKT_RKT0_.11143 @ 0x958150
AUTO: _ZNK13AR_PosControl17get_lat_accel_maxEv @ 0xace2f0
AUTO: _ZN6SCurve26advance_target_along_trackERS_S0_ffbfR7Vector3IfES3_S3_ @ 0x9581e0
AUTO: _ZN13AR_PosControl24set_pos_vel_accel_targetERK7Vector2IdERKS0_IfES6_ @ 0x958640
AUTO: _ZN6SCurve21move_to_pos_vel_accelEfR7Vector3IfES2_S2_ @ 0x958710
AUTO: _ZN6SCurve23move_from_pos_vel_accelEfR7Vector3IfES2_S2_ @ 0x958900
AUTO: _ZNK6SCurve18get_time_remainingEv @ 0x958ae0
AUTO: _ZNK6SCurve16get_time_elapsedEv @ 0xace340
AUTO: _ZNK6SCurve30get_jerk_accel_vel_pos_at_timeEfRfS0_S0_S0_ @ 0x958e20
AUTO: _ZNK6SCurve32calc_javp_for_segment_const_jerkEfffffRfS0_S0_S0_ @ 0x959360
AUTO: _ZNK6SCurve31calc_javp_for_segment_incr_jerkEffffffRfS0_S0_S0_ @ 0x959500
AUTO: _ZNK6SCurve31calc_javp_for_segment_decr_jerkEffffffRfS0_S0_S0_ @ 0x9598a0
AUTO: _ZN6SCurve12advance_timeEf @ 0x959d60
AUTO: _ZNK4Mode15get_pilot_inputERfS0_ @ 0x95ba80
AUTO: _ZL3MAXIffEDTqugtfp_fp0_fp_fp0_ERKT_RKT0_ @ 0x95bc90
AUTO: _ZNK11AR_WPNav_OA18get_oa_destinationEv @ 0x95c380
AUTO: _ZNK8AR_WPNav18get_oa_destinationEv @ 0xace610
AUTO: _ZN8ModeAuto12exit_missionEv @ 0x95cd20
AUTO: _ZN7FunctorIvJEE14method_wrapperI8ModeAutoXadL_ZNS2_12exit_missionEvEEEEvPv @ 0xaceea0
AUTO: _ZNK7AP_EnumIN8ModeAuto13DoneBehaviourEEcvKS1_Ev @ 0xacef50
AUTO: _ZN8ModeAuto10start_stopEv @ 0x95cf00
AUTO: _ZN8ModeAuto23verify_command_callbackERKN10AP_Mission15Mission_CommandE @ 0x95cf50
AUTO: _ZN7FunctorIbJRKN10AP_Mission15Mission_CommandEEE14method_wrapperI8ModeAutoXadL_ZNS6_23verify_command_callbackES3_EEEEbPvS3_ @ 0xacefa0
AUTO: _ZN8ModeAuto14verify_commandERKN10AP_Mission15Mission_CommandE @ 0x95cfe0
AUTO: _ZN3GCS33send_mission_item_reached_messageEt @ 0x95d2e0
AUTO: _ZN8ModeAuto13verify_nav_wpERKN10AP_Mission15Mission_CommandE @ 0x95d3c0
AUTO: _ZN8ModeAuto13start_commandERKN10AP_Mission15Mission_CommandE @ 0x95dc50
AUTO: _ZN7FunctorIbJRKN10AP_Mission15Mission_CommandEEE14method_wrapperI8ModeAutoXadL_ZNS6_13start_commandES3_EEEEbPvS3_ @ 0xacf220
AUTO: _ZN8ModeAuto9do_nav_wpERKN10AP_Mission15Mission_CommandEb @ 0x95dfe0
AUTO: _ZN8Location8sanitizeERKS_ @ 0x95f000
AUTO: _ZNK8ModeAuto5name4Ev @ 0xacf410
AUTO: _ZN8ModeAuto6updateEv @ 0x95f590
AUTO: _ZNK8ModeAuto17is_autopilot_modeEv @ 0xacf460
AUTO: _ZNK8ModeAuto10wp_bearingEv @ 0x95f9f0
AUTO: _ZNK8ModeAuto11nav_bearingEv @ 0x95fb30
AUTO: _ZNK8ModeAuto16crosstrack_errorEv @ 0x95fc70
AUTO: _ZNK8ModeAuto21get_desired_lat_accelEv @ 0x95fda0
AUTO: _ZNK8ModeAuto27get_distance_to_destinationEv @ 0x95fed0
AUTO: _ZNK8ModeAuto20get_desired_locationER8Location @ 0x960000
AUTO: _ZN8ModeAuto20set_desired_locationERK8LocationS0_ @ 0x9601a0
AUTO: _ZNK8ModeAuto19reached_destinationEv @ 0x960270
AUTO: _ZN8ModeAuto18init_reversed_flagEv @ 0xacf530
AUTO: _ZN8ModeAuto6_enterEv @ 0x960510
AUTO: _ZN8ModeAuto13calc_throttleEfb @ 0x9606b0
AUTO: _ZN8ModeAuto13check_triggerEv @ 0x960760
AUTO: _ZN10ModeGuided11limit_clearEv @ 0x960b00
AUTO: _ZNK10AP_Mission9is_resumeEv @ 0xacf5a0
AUTO: _ZN10AP_Mission15start_or_resumeEv @ 0x961880
AUTO: _ZN25AP_Mission_ChangeDetector24check_for_mission_changeEv @ 0x961920
AUTO: _ZN10AP_Mission6updateEv @ 0x961cd0
AUTO: _ZN10AP_Mission20update_exit_positionEv @ 0x963470
AUTO: _ZN10AP_Mission27on_mission_timestamp_changeEv @ 0x963500
AUTO: _ZN10AP_Mission14verify_commandERKNS_15Mission_CommandE @ 0x963550
AUTO: _ZN10AP_Mission22advance_current_do_cmdEv @ 0x963700
AUTO: _ZNK10AP_Mission19last_change_time_msEv @ 0xacf870
AUTO: _ZNK10AP_Mission15Mission_CommandneERKS0_ @ 0xacf8c0
AUTO: _ZNK10AP_Mission15Mission_CommandeqERKS0_ @ 0xacf930
AUTO: _ZNK14AP_BattMonitor22capacity_remaining_pctERhh @ 0x964ed0
AUTO: _ZNK9GCS_Rover11custom_modeEv @ 0x9655c0
AUTO: _ZNK9GCS_Rover10frame_typeEv @ 0x965620
AUTO: _ZN9GCS_Rover4chanEh @ 0xad0520
AUTO: _ZNK9GCS_Rover19vehicle_initialisedEv @ 0x9656a0
AUTO: _ZN9GCS_Rover34update_vehicle_sensor_status_flagsEv @ 0x965850
AUTO: _ZN11GCS_MAVLINK14packetReceivedERK16__mavlink_statusRK17__mavlink_message @ 0x965c50
AUTO: _ZNK11GCS_MAVLINK13mission_stateERK10AP_Mission @ 0x965e50
AUTO: _ZNK17GCS_MAVLINK_Rover16send_rangefinderEv @ 0x965f30
AUTO: _ZNK17GCS_MAVLINK_Rover26send_nav_controller_outputEv @ 0x966070
AUTO: _ZN17GCS_MAVLINK_Rover15send_pid_tuningEv @ 0x9661e0
AUTO: _ZN11GCS_MAVLINK21send_scaled_pressure3Ev @ 0x966b20
AUTO: _ZNK11GCS_MAVLINK13send_attitudeEv @ 0x966b80
AUTO: _ZN17GCS_MAVLINK_Rover31send_position_target_global_intEv @ 0x966d50
AUTO: _ZNK11GCS_MAVLINK17send_winch_statusEv @ 0xad08b0
AUTO: _ZNK17GCS_MAVLINK_Rover9base_modeEv @ 0x9670d0
AUTO: _ZNK17GCS_MAVLINK_Rover21vehicle_system_statusEv @ 0x967220
AUTO: _ZNK11GCS_MAVLINK19persist_streamratesEv @ 0xad09a0
AUTO: _ZN17GCS_MAVLINK_Rover25handle_command_int_packetERK23__mavlink_command_int_tRK17__mavlink_message @ 0x9673b0
AUTO: _ZN17GCS_MAVLINK_Rover14handle_messageERK17__mavlink_message @ 0x967a60
AUTO: _ZN17GCS_MAVLINK_Rover16try_send_messageE10ap_message @ 0x968c90
AUTO: _ZN11GCS_MAVLINK24send_global_position_intEv @ 0x968ee0
AUTO: _ZNK11GCS_MAVLINK23global_position_int_altEv @ 0x969060
AUTO: _ZNK11GCS_MAVLINK32global_position_int_relative_altEv @ 0x9690c0
AUTO: _ZNK11GCS_MAVLINK17vfr_hud_climbrateEv @ 0x969130
AUTO: _ZNK11GCS_MAVLINK16vfr_hud_airspeedEv @ 0x9691f0
AUTO: _ZNK17GCS_MAVLINK_Rover16vfr_hud_throttleEv @ 0x969290
AUTO: _ZNK11GCS_MAVLINK11vfr_hud_altEv @ 0x9692f0
AUTO: _ZN11GCS_MAVLINK35convert_COMMAND_LONG_to_COMMAND_INTERK24__mavlink_command_long_tR23__mavlink_command_int_t9MAV_FRAME @ 0x969710
AUTO: _ZN11GCS_MAVLINK28command_long_stores_locationE7MAV_CMD @ 0x969ca0
AUTO: _ZL30convert_COMMAND_LONG_loc_paramfb @ 0x969d80
AUTO: _ZL7degreesf.11 @ 0x969e30
AUTO: _ZL3MINIfiEDTqultfp_fp0_fp_fp0_ERKT_RKT0_ @ 0x969e80
AUTO: _ZNK4Mode11speed_errorEv @ 0xad0b40
AUTO: _ZL36mavlink_msg_global_position_int_send17mavlink_channel_tjiiiissst @ 0x96a420
AUTO: _ZN17GCS_MAVLINK_Rover14send_servo_outEv @ 0x96a540
AUTO: _ZN5Rover27send_wheel_encoder_distanceE17mavlink_channel_t @ 0x96a6f0
AUTO: _ZNK11AP_WindVane9send_windE17mavlink_channel_t @ 0x96a880
AUTO: _ZNK11GCS_MAVLINK23get_ap_message_intervalE10ap_messageRt @ 0x96a990
AUTO: _ZN13AP_OADatabase17send_adsb_vehicleE17mavlink_channel_tt @ 0x96aac0
AUTO: _ZN17GCS_MAVLINK_Rover16send_water_depthEv @ 0x96b060
AUTO: _ZN11GCS_MAVLINK16try_send_messageE10ap_message @ 0x96b350
AUTO: _ZN11GCS_MAVLINK17queued_param_sendEv @ 0x96c000
AUTO: _ZNK11GCS_MAVLINK14send_heartbeatEv @ 0x96c2b0
AUTO: _ZNK11GCS_MAVLINK8send_rpmEv @ 0x96c670
AUTO: _ZN11GCS_MAVLINK24try_send_mission_messageE10ap_message @ 0x96c750
AUTO: _ZN7Compass21send_mag_cal_progressERK11GCS_MAVLINK @ 0x96c950
AUTO: _ZN7Compass19send_mag_cal_reportERK11GCS_MAVLINK @ 0x96cba0
AUTO: _ZN11GCS_MAVLINK19send_battery_statusEv @ 0x96ced0
AUTO: _ZNK7AP_AHRS22send_ekf_status_reportER11GCS_MAVLINK @ 0x96d020
AUTO: _ZN11GCS_MAVLINK12send_meminfoEv @ 0x96d120
AUTO: _ZNK11GCS_MAVLINK17send_fence_statusEv @ 0x96d1e0
AUTO: _ZN11GCS_MAVLINK20send_distance_sensorEv @ 0x96d350
AUTO: _ZNK11GCS_MAVLINK16send_system_timeEv @ 0x96d890
AUTO: _ZN6AP_GPS20send_mavlink_gps_rawE17mavlink_channel_t @ 0x96d920
AUTO: _ZN6AP_GPS20send_mavlink_gps_rtkE17mavlink_channel_th @ 0x96dc70
AUTO: _ZN6AP_GPS21send_mavlink_gps2_rawE17mavlink_channel_t @ 0x96dd50
AUTO: _ZNK11GCS_MAVLINK19send_local_positionEv @ 0x96e0f0
AUTO: _ZNK11GCS_MAVLINK34send_gimbal_device_attitude_statusEv @ 0x96e1c0
AUTO: _ZN11GCS_MAVLINK16send_opticalflowEv @ 0x96e580
AUTO: _ZN11GCS_MAVLINK17send_power_statusEv @ 0x96e6f0
AUTO: _ZNK11GCS_MAVLINK16send_rc_channelsEv @ 0x96e800
AUTO: _ZNK11GCS_MAVLINK20send_rc_channels_rawEv @ 0x96eac0
AUTO: _ZN11GCS_MAVLINK12send_raw_imuEv @ 0x96ec40
AUTO: _ZN11GCS_MAVLINK15send_scaled_imuEhPFv17mavlink_channel_tjssssssssssE @ 0x96f050
AUTO: _ZL28mavlink_msg_scaled_imu2_send17mavlink_channel_tjssssssssss @ 0x96f310
AUTO: _ZL28mavlink_msg_scaled_imu3_send17mavlink_channel_tjssssssssss @ 0x96f480
AUTO: _ZN11GCS_MAVLINK20send_scaled_pressureEv @ 0x96f830
AUTO: _ZN11GCS_MAVLINK21send_scaled_pressure2Ev @ 0x96f890
AUTO: _ZN11GCS_MAVLINK13send_airspeedEv @ 0x96f8f0
AUTO: _ZN11GCS_MAVLINK21send_servo_output_rawEv @ 0x96fab0
AUTO: _ZNK11GCS_MAVLINK13send_simstateEv @ 0x96fed0
AUTO: _ZN11GCS_MAVLINK15send_sys_statusEv @ 0x96fff0
AUTO: _ZN11GCS_MAVLINK10send_ahrs2Ev @ 0x9702e0
AUTO: _ZN11GCS_MAVLINK9send_ahrsEv @ 0x9703c0
AUTO: _ZN11GCS_MAVLINK12send_vfr_hudEv @ 0x970540
AUTO: _ZNK11GCS_MAVLINK14send_vibrationEv @ 0x970680
AUTO: _ZNK11GCS_MAVLINK21send_generator_statusEv @ 0x970770
AUTO: _ZN12AP_ESC_Telem26send_esc_telemetry_mavlinkEh @ 0x970af0
AUTO: _ZN6AP_EFI19send_mavlink_statusE17mavlink_channel_t @ 0x970f80
AUTO: _ZN6AP_AIS13get_singletonEv @ 0x971750
AUTO: _ZN6AP_AIS4sendE17mavlink_channel_t @ 0x971790
AUTO: _ZN11GCS_MAVLINK20send_available_modesEv @ 0x971b00
AUTO: _ZNK11GCS_MAVLINK21battery_remaining_pctEh @ 0x972390
AUTO: _ZL3MINIhiEDTqultfp_fp0_fp_fp0_ERKT_RKT0_.6112 @ 0x972840
AUTO: _ZN12AP_Generator21send_generator_statusERK11GCS_MAVLINK @ 0x973160
AUTO: _ZL26mavlink_msg_vibration_send17mavlink_channel_tmfffjjj @ 0x9731e0
AUTO: _ZL24mavlink_msg_vfr_hud_send17mavlink_channel_tffstff @ 0x9732f0
AUTO: _ZNK7AP_AHRS12get_error_rpEv @ 0x973480
AUTO: _ZNK7AP_AHRS13get_error_yawEv @ 0x9734e0
AUTO: _ZL21mavlink_msg_ahrs_send17mavlink_channel_tfffffff @ 0x973540
AUTO: _ZL22mavlink_msg_ahrs2_send17mavlink_channel_tffffii @ 0x973660
AUTO: _ZNK9AP_Logger11num_droppedEv @ 0x973760
AUTO: _ZNK14AP_BattMonitor11gcs_voltageEv @ 0xad0c70
AUTO: _ZL27mavlink_msg_sys_status_send17mavlink_channel_tjjjttsatttttt @ 0x9737e0
AUTO: _ZNK14AP_BattMonitor11gcs_voltageEh @ 0x973980
AUTO: _ZNK17AP_Logger_Backend11num_droppedEv @ 0xad0cc0
AUTO: _ZL7radiansf.14807 @ 0x973da0
AUTO: _ZNK4SITL3SIM13simstate_sendE17mavlink_channel_t @ 0x974120
AUTO: _ZL25mavlink_msg_simstate_send17mavlink_channel_tfffffffffii @ 0x9742f0
AUTO: _ZL33mavlink_msg_servo_output_raw_send17mavlink_channel_tjhtttttttttttttttt @ 0x974490
AUTO: _ZL33mavlink_msg_scaled_pressure2_send17mavlink_channel_tjffss @ 0x974790
AUTO: _ZN11GCS_MAVLINK29send_scaled_pressure_instanceEhPFv17mavlink_channel_tjffssE @ 0x974870
AUTO: _ZL32mavlink_msg_scaled_pressure_send17mavlink_channel_tjffss @ 0x974a60
AUTO: _ZL24mavlink_msg_raw_imu_send17mavlink_channel_tmssssssssshs @ 0x974bc0
AUTO: _ZNK11GCS_MAVLINK16sending_mavlink1Ev @ 0x974d40
AUTO: _ZNK11GCS_MAVLINK13receiver_rssiEv @ 0x974da0
AUTO: _ZL28mavlink_msg_rc_channels_send17mavlink_channel_tjhtttttttttttttttttth @ 0x974fb0
AUTO: _ZL29mavlink_msg_power_status_send17mavlink_channel_tttt @ 0x975220
AUTO: _ZN8AP_Mount34send_gimbal_device_attitude_statusE17mavlink_channel_t @ 0x975ca0
AUTO: _ZL35mavlink_msg_local_position_ned_send17mavlink_channel_tjffffff @ 0x976300
AUTO: _ZNK6AP_GPS12gps_yaw_cdegEh @ 0x976410
AUTO: _ZNK6AP_GPS23have_gps_yaw_configuredEh @ 0xad0f20
AUTO: _ZL28mavlink_msg_gps_raw_int_send17mavlink_channel_tmhiiitttthijjjjt @ 0x976710
AUTO: _ZL28mavlink_msg_system_time_send17mavlink_channel_tmj @ 0x976900
AUTO: _ZN11GCS_MAVLINK14send_proximityEv @ 0x977ea0
AUTO: _ZNK12AP_Proximity12distance_minEv @ 0x978280
AUTO: _ZL3MINIjjEDTqultfp_fp0_fp_fp0_ERKT_RKT0_.6116 @ 0x978740
AUTO: _ZL24mavlink_msg_meminfo_send17mavlink_channel_tttj @ 0x9787c0
AUTO: _ZNK7NavEKF318send_status_reportER11GCS_MAVLINK @ 0x978a60
AUTO: _ZNK12NavEKF3_core18send_status_reportER11GCS_MAVLINK @ 0x978af0
AUTO: _ZL41mavlink_msg_ekf_status_report_send_struct17mavlink_channel_tPK29__mavlink_ekf_status_report_t @ 0x978ef0
AUTO: _ZNK14AP_BattMonitor13option_is_setEhN21AP_BattMonitor_Params7OptionsE @ 0x979a10
AUTO: _ZNK11GCS_MAVLINK19send_battery_statusEh @ 0x979ae0
AUTO: _ZL3MINIftEDTqultfp_fp0_fp_fp0_ERKT_RKT0_ @ 0x97a370
AUTO: _ZNK14AP_BattMonitor14time_remainingERjh @ 0x97a410
AUTO: _ZNK14AP_BattMonitor24get_mavlink_charge_stateEh @ 0x97a500
AUTO: _ZNK14AP_BattMonitor25get_mavlink_fault_bitmaskEh @ 0x97a630
AUTO: _ZL31mavlink_msg_battery_status_send17mavlink_channel_thhhsPKtsiiaihS1_hj @ 0x97a6e0
AUTO: _ZN14typesafe_indexIh12TAG_PriorityErmERKh @ 0xad1170
AUTO: _ZN11GCS_MAVLINK20send_mission_currentERK10AP_Missiont @ 0x97ae60
AUTO: _ZL37mavlink_msg_mission_item_reached_send17mavlink_channel_tt @ 0x97af60
AUTO: _ZL32mavlink_msg_mission_current_send17mavlink_channel_ttthh @ 0x97b330
AUTO: _ZNK11GCS_MAVLINK13system_statusEv @ 0x97b800
AUTO: _ZL26mavlink_msg_heartbeat_send17mavlink_channel_thhhjh @ 0x97b890
AUTO: _ZN11GCS_MAVLINK28send_parameter_async_repliesEv @ 0x97b970
AUTO: _ZN12ObjectBufferIN11GCS_MAVLINK19pending_param_replyEE4peekERS1_ @ 0xad1260
AUTO: _ZL35mavlink_msg_rc_channels_scaled_send17mavlink_channel_tjhssssssssh @ 0x97c5e0
AUTO: _ZN11GCS_MAVLINK14handle_messageERK17__mavlink_message @ 0x980fb0
AUTO: _ZN11GCS_MAVLINK16handle_heartbeatERK17__mavlink_message @ 0x981b30
AUTO: _ZN11GCS_MAVLINK19handle_command_longERK17__mavlink_message @ 0x982ea0
AUTO: _ZN11GCS_MAVLINK26handle_request_data_streamERK17__mavlink_message @ 0x9844e0
AUTO: _ZNK3GCS12sysid_is_gcsEh @ 0x989b40
AUTO: _ZN11GCS_MAVLINK16sysid_mygcs_seenEj @ 0x989de0
AUTO: _ZN3GCS16sysid_mygcs_seenEj @ 0xad1e30
AUTO: _ZL38mavlink_msg_request_data_stream_decodePK17__mavlink_messageP31__mavlink_request_data_stream_t @ 0x98b050
AUTO: _ZN9AP_Logger13Write_CommandERK23__mavlink_command_int_thh10MAV_RESULTb @ 0x98e2f0
AUTO: _ZL31mavlink_msg_command_long_decodePK17__mavlink_messageP24__mavlink_command_long_t @ 0x98e470
AUTO: _ZN11GCS_MAVLINK31try_command_long_as_command_intERK24__mavlink_command_long_tRK17__mavlink_message @ 0x98e540
AUTO: _ZN11GCS_MAVLINK16_set_mode_commonEhj @ 0x990da0
AUTO: _ZN12ObjectBufferIN7GCS_FTP11TransactionEE3popERS1_ @ 0xad23f0
AUTO: _ZN11GCS_MAVLINK25handle_command_int_packetERK23__mavlink_command_int_tRK17__mavlink_message @ 0x997060
AUTO: _ZN11GCS_MAVLINK26handle_command_do_set_modeERK23__mavlink_command_int_t @ 0x998320
AUTO: _ZL43mavlink_msg_position_target_global_int_send17mavlink_channel_tjhtiifffffffff @ 0x99be60
AUTO: _ZL25mavlink_msg_attitude_send17mavlink_channel_tjffffff @ 0x99c210
AUTO: _ZL38mavlink_msg_nav_controller_output_send17mavlink_channel_tffsstfff @ 0x99c5f0
AUTO: _ZN15MAVLink_routing17check_and_forwardER11GCS_MAVLINKRK17__mavlink_message @ 0x99c7d0
AUTO: _ZN9AP_Follow10handle_msgERK17__mavlink_message @ 0x99cd40
AUTO: _ZNK11GCS_MAVLINK13accept_packetERK16__mavlink_statusRK17__mavlink_message @ 0x99cec0
AUTO: _ZNK9AP_Follow21should_handle_messageERK17__mavlink_message @ 0x99cfe0
AUTO: _ZN15MAVLink_routing11learn_routeER11GCS_MAVLINKRK17__mavlink_message @ 0x99dfb0
AUTO: _ZN15MAVLink_routing16handle_heartbeatER11GCS_MAVLINKRK17__mavlink_message @ 0x99e250
AUTO: _ZN15MAVLink_routing11get_targetsERK17__mavlink_messageRsS3_ @ 0x99e480
AUTO: _ZNK11AR_WPNav_OA13get_oa_originEv @ 0x9aa8c0
AUTO: _ZN17RC_Channels_Rover7channelEh @ 0xad4f10
AUTO: _ZN11RC_Channels16read_mode_switchEv @ 0x9adab0
AUTO: _ZNK17RC_Channels_Rover14in_rc_failsafeEv @ 0x9adb40
AUTO: _ZNK17RC_Channels_Rover15has_valid_inputEv @ 0x9adba0
AUTO: _ZNK17RC_Channels_Rover18get_arming_channelEv @ 0x9adc20
AUTO: _ZNK17RC_Channels_Rover26flight_mode_channel_numberEv @ 0x9adc70
AUTO: mode_to_string @ 0xa1d140
AUTO: mode_entry @ 0xa1d2c0
----------------------
Mode: 9 (CIRCLE)
CIRCLE: _ZN15AP_Arming_Rover14pre_arm_checksEb @ 0x5bfbf0
CIRCLE: _ZN2AP13serialmanagerEv @ 0x5c1810
CIRCLE: _ZNK9AP_ParamTIiL11ap_var_type3EEcvRKiEv @ 0xa21b60
CIRCLE: _ZN6AP_HAL4Util8snprintfEPcmPKcz @ 0x5c1c80
CIRCLE: _ZN6AP_HAL4Util9vsnprintfEPcmPKcP13__va_list_tag @ 0x5c1e60
CIRCLE: _ZN13BufferPrinterC2EPcm @ 0xa21bb0
CIRCLE: _Z13print_vprintfPN6AP_HAL12BetterStreamEPKcP13__va_list_tag @ 0x5c1fa0
CIRCLE: _Z12ultoa_invertjPch @ 0x5c3e30
CIRCLE: _ZN6AP_HAL12BetterStreamC2Ev @ 0xa21c60
CIRCLE: _ZN13BufferPrinter5writeEh @ 0xa21cc0
CIRCLE: _Z3gcsv @ 0x5c4420
CIRCLE: _ZNK3GCS28statustext_send_channel_maskEv @ 0x5c4530
CIRCLE: _ZN11GCS_MAVLINK19active_channel_maskEv @ 0xa21f60
CIRCLE: _ZN11GCS_MAVLINK22streaming_channel_maskEv @ 0xa21fa0
CIRCLE: _ZN11GCS_MAVLINK20private_channel_maskEv @ 0xa21fe0
CIRCLE: _ZN3GCS13get_singletonEv @ 0xa22020
CIRCLE: _ZNK16AP_SerialManager22find_protocol_instanceENS_14SerialProtocolEh @ 0x5c45c0
CIRCLE: _ZNK13AP_ParamTBaseIaL11ap_var_type1EE3getEv @ 0xa22060
CIRCLE: _ZNK16AP_SerialManager14protocol_matchENS_14SerialProtocolES0_ @ 0x5c4760
CIRCLE: _ZN16AP_SerialManager13get_singletonEv @ 0xa220b0
CIRCLE: _Z2rcv @ 0x5c4860
CIRCLE: _ZN11RC_Channels13get_singletonEv @ 0xa22150
CIRCLE: _ZNK9AP_ParamTIaL11ap_var_type1EEcvRKaEv @ 0xa22220
CIRCLE: _ZN6AP_HAL6millisEv @ 0x5c4ee0
CIRCLE: _ZN13WithSemaphoreD2Ev @ 0x5c4f20
CIRCLE: _ZN6AP_HAL8millis64Ev @ 0x5c4f80
CIRCLE: _ZN6AP_HAL8micros64Ev @ 0x5c4fc0
CIRCLE: _ZL14uint64_div1000m @ 0x5c5060
CIRCLE: _ZN7HALSITL9Scheduler4fromEPN6AP_HAL9SchedulerE @ 0xa22270
CIRCLE: _ZNK7HALSITL9Scheduler18stopped_clock_usecEv @ 0xa222c0
CIRCLE: _ZNK13AP_ParamTBaseIsL11ap_var_type2EE3getEv @ 0xa22310
CIRCLE: _ZN13WithSemaphoreC2ERN6AP_HAL9SemaphoreEj @ 0x5c51b0
CIRCLE: _ZN2AP9proximityEv @ 0x5c5290
CIRCLE: _ZN12AP_Proximity13get_singletonEv @ 0xa223a0
CIRCLE: _ZN2AP9schedulerEv @ 0x5c55b0
CIRCLE: _ZN12AP_Scheduler25get_filtered_loop_rate_hzEv @ 0xa22420
CIRCLE: _ZN12AP_Scheduler16get_loop_rate_hzEv @ 0xa22470
CIRCLE: _ZN10AP_Terrain13get_singletonEv @ 0xa22500
CIRCLE: _ZN12AP_Scripting13get_singletonEv @ 0xa225a0
CIRCLE: _ZN2AP13internalerrorEv @ 0x5c5920
CIRCLE: _ZNK16AP_InternalError6errorsEv @ 0xa22700
CIRCLE: _ZNK16AP_InternalError15last_error_lineEv @ 0xa22750
CIRCLE: _ZN2AP3rpmEv @ 0x5c5ab0
CIRCLE: _ZN2AP5relayEv @ 0x5c5e20
CIRCLE: _ZN12SRV_Channels17function_assignedEN11SRV_Channel8FunctionE @ 0x5c6660
CIRCLE: _ZNK9AP_ParamTIsL11ap_var_type2EEcvRKsEv @ 0xa22830
CIRCLE: _ZN12SRV_Channels25update_aux_servo_functionEv @ 0x5c67b0
CIRCLE: _ZNK7BitmaskILt190EE3getEt @ 0xa22880
CIRCLE: _ZNK7BitmaskILt190EE8validateEt @ 0xa22950
CIRCLE: _ZN7BitmaskILt190EE8clearallEv @ 0xa229e0
CIRCLE: _ZNK11SRV_Channel14valid_functionEv @ 0xa22a40
CIRCLE: _ZN11SRV_Channel24aux_servo_function_setupEv @ 0x5c72b0
CIRCLE: _ZN7BitmaskILt190EE3setEt @ 0xa22aa0
CIRCLE: _ZNK9AP_Enum16IN11SRV_Channel8FunctionEEcvKS1_Ev @ 0xa22b60
CIRCLE: _ZN11SRV_Channel14valid_functionENS_8FunctionE @ 0xa22bb0
CIRCLE: _ZN8AP_Relay13get_singletonEv @ 0xa22c60
CIRCLE: _ZN6AP_RPM13get_singletonEv @ 0xa22ca0
CIRCLE: _ZNK12AP_Scripting13option_is_setENS_11DebugOptionE @ 0xa22d90
CIRCLE: _ZNK13AP_ParamTBaseIiL11ap_var_type3EE3getEv @ 0xa22e90
CIRCLE: _ZNK2AP8PerfInfo25get_filtered_loop_rate_hzEv @ 0x5c76a0
CIRCLE: _ZNK2AP8PerfInfo17get_filtered_timeEv @ 0x5c7730
CIRCLE: _ZN12AP_Scheduler13get_singletonEv @ 0x5c7780
CIRCLE: _ZN2AP7missionEv @ 0x5c77c0
CIRCLE: _ZNK10AP_Mission12num_commandsEv @ 0xa22ee0
CIRCLE: _ZN10AP_Mission18stored_in_locationEt @ 0x5c7aa0
CIRCLE: _ZN10AP_Mission15Mission_CommandC2Ev @ 0xa22f40
CIRCLE: _ZNK10AP_Mission21read_cmd_from_storageEtRNS_15Mission_CommandE @ 0x5c7c30
CIRCLE: _ZN10AP_Mission7ContentC2Ev @ 0xa22fa0
CIRCLE: _ZN2AP4ahrsEv @ 0x5c80f0
CIRCLE: _ZNK7AP_AHRS8get_homeEv @ 0xa22ff0
CIRCLE: _ZNK13StorageAccess9read_byteEt @ 0x5c8130
CIRCLE: _ZNK13StorageAccess11read_uint16Et @ 0x5c81a0
CIRCLE: _ZNK13StorageAccess10read_blockEPvtm @ 0x5c8220
CIRCLE: _ZN7AP_AHRS13get_singletonEv @ 0xa23040
CIRCLE: _ZN8LocationC2Ev @ 0xa23080
CIRCLE: _ZN8Location4zeroEv @ 0x5c8750
CIRCLE: _ZN10AP_Mission13get_singletonEv @ 0xa230d0
CIRCLE: _ZNK7AP_AHRS12get_locationER8Location @ 0x5c88f0
CIRCLE: _ZN2AP7vehicleEv @ 0x5c8b60
CIRCLE: _ZNK10AP_Mission7presentEv @ 0xa231b0
CIRCLE: _ZN10AP_Vehicle13get_singletonEv @ 0x5c8ba0
CIRCLE: _ZNK8Location12get_distanceERKS_ @ 0x5c8dc0
CIRCLE: _ZNK9AP_ParamTIfL11ap_var_type4EEcvRKfILb1EEEv @ 0xa23220
CIRCLE: _ZN8Location14diff_longitudeEii @ 0x5c8e90
CIRCLE: _ZN8Location15longitude_scaleEi @ 0x5c8f70
CIRCLE: _Z4normIddJEEdT_T0_DpKT1_ @ 0xa23270
CIRCLE: _Z2sqIdJdEEdT_DpKT0_ @ 0xa232e0
CIRCLE: _Z2sqIdEdT_ @ 0xa23360
CIRCLE: _ZL3MAXIdfEDTqugtfp_fp0_fp_fp0_ERKT_RKT0_ @ 0x5c9010
CIRCLE: _ZN8LocationC2EiiiNS_8AltFrameE @ 0x5c90b0
CIRCLE: _ZN8Location10set_alt_cmEiNS_8AltFrameE @ 0x5c9150
CIRCLE: _ZN11RC_Channels23get_valid_channel_countEv @ 0x5c93f0
CIRCLE: _ZNK10RC_Channel12has_overrideEv @ 0x5c9460
CIRCLE: _ZNK13AP_ParamTBaseIfL11ap_var_type4EE3getEv @ 0xa23600
CIRCLE: _Z11is_positiveIfEbT_ @ 0xa23650
CIRCLE: _Z7is_zerof @ 0xa236b0
CIRCLE: _ZL3MINIihEDTqultfp_fp0_fp_fp0_ERKT_RKT0_.6275 @ 0x5c9520
CIRCLE: _ZN5Rover15ekf_position_okEv @ 0x5c9e10
CIRCLE: _ZNK7AP_AHRS17have_inertial_navEv @ 0x5c9f80
CIRCLE: _ZNK7AP_AHRS17get_filter_statusER17nav_filter_status @ 0x5c9fe0
CIRCLE: _ZNK9AP_Arming8is_armedEv @ 0x5ca110
CIRCLE: _ZNK7AP_AHRS8ekf_typeEv @ 0x5ca260
CIRCLE: _ZNK7NavEKF315getFilterStatusER17nav_filter_status @ 0x5ca3f0
CIRCLE: _ZN2AP12externalAHRSEv @ 0x5ca6e0
CIRCLE: _ZNK15AP_ExternalAHRS17get_filter_statusER17nav_filter_status @ 0x5ca720
CIRCLE: _ZN15AP_ExternalAHRS13get_singletonEv @ 0xa23940
CIRCLE: _ZNK12NavEKF3_core15getFilterStatusER17nav_filter_status @ 0x5ca8b0
CIRCLE: _ZNK7AP_AHRS14always_use_EKFEv @ 0xa23980
CIRCLE: _ZNK7AP_AHRS15active_EKF_typeEv @ 0xa239e0
CIRCLE: _ZNK7AP_AHRS7healthyEv @ 0x5ca990
CIRCLE: _ZN2AP7compassEv @ 0x5cb430
CIRCLE: _ZNK7Compass11use_for_yawEv @ 0x5cb470
CIRCLE: _ZNK16AP_NavEKF_Source12getYawSourceEh @ 0x5cc2e0
CIRCLE: _ZNK12NavEKF3_core7healthyEv @ 0x5cc5a0
CIRCLE: _ZNK16AP_NavEKF_Source14useVelXYSourceENS_8SourceXYEh @ 0x5cc960
CIRCLE: _ZNK16AP_NavEKF_Source18getActiveSourceSetEh @ 0xa23a30
CIRCLE: _ZNK7AP_EnumIN16AP_NavEKF_Source8SourceXYEEcvKS1_Ev @ 0xa23ae0
CIRCLE: _ZNK16AP_NavEKF_Source13option_is_setENS_13SourceOptionsE @ 0xa23b30
CIRCLE: _ZNK12NavEKF3_core15getFilterFaultsERt @ 0x5cca90
CIRCLE: _ZNK11QuaternionTIdE6is_nanEv @ 0xa23bb0
CIRCLE: _ZNK7Vector3IdE6is_nanEv @ 0xa23cb0
CIRCLE: _ZNK7AP_EnumIN16AP_NavEKF_Source9SourceYawEEcvKS1_Ev @ 0xa23d80
CIRCLE: _ZN2AP3dalEv @ 0x5ccbb0
CIRCLE: _ZN6AP_DAL7compassEv @ 0xa23dd0
CIRCLE: _ZNK14AP_DAL_Compass15get_num_enabledEv @ 0xa23e20
CIRCLE: _ZN6AP_DAL13get_singletonEv @ 0xa23e70
CIRCLE: _ZN7Matrix3IfEC2Ev @ 0xa242b0
CIRCLE: _ZN7Vector3IfEC2Ev @ 0xa243a0
CIRCLE: _ZN11QuaternionTIfEC2Ev @ 0xa24520
CIRCLE: _ZN7Vector2IfEC2Ev @ 0xa24590
CIRCLE: _ZN6AP_DAL4baroEv @ 0xa245f0
CIRCLE: _ZN6AP_DAL6beaconEv @ 0xa24690
CIRCLE: _ZN6AP_DAL3gpsEv @ 0xa24750
CIRCLE: _ZN6AP_DAL11rangefinderEv @ 0xa24860
CIRCLE: _ZN6AP_DAL10visualodomEv @ 0xa248b0
CIRCLE: _ZNK7Compass7healthyEh @ 0x5cd520
CIRCLE: _ZNK7Compass11use_for_yawEh @ 0x5cd5c0
CIRCLE: _ZNK7Compass9availableEv @ 0xa249d0
CIRCLE: _ZN14typesafe_indexIh12TAG_PriorityEC2Eh @ 0xa24a50
CIRCLE: _ZNK19RestrictIDTypeArrayI9AP_ParamTIaL11ap_var_type1EELj3E14typesafe_indexIh12TAG_PriorityEEixERKS5_ @ 0xa24ab0
CIRCLE: _ZNK7AP_EnumIN7Compass9LearnTypeEEcvKS1_Ev @ 0xa24b30
CIRCLE: _ZNK14typesafe_indexIh12TAG_PriorityE7get_intEv @ 0xa24b80
CIRCLE: _ZNK7Compass10_get_stateE14typesafe_indexIh12TAG_PriorityE @ 0xa24bd0
CIRCLE: _ZNK7Compass13_get_state_idE14typesafe_indexIh12TAG_PriorityE @ 0x5cd6a0
CIRCLE: _ZNK19RestrictIDTypeArrayIN7Compass9mag_stateELj4E14typesafe_indexIh14TAG_StateIndexEEixERKS4_ @ 0xa24c50
CIRCLE: _ZNK14typesafe_indexIh14TAG_StateIndexE7get_intEv @ 0xa24cd0
CIRCLE: _ZNK19RestrictIDTypeArrayIiLj3E14typesafe_indexIh12TAG_PriorityEEixERKS2_ @ 0xa24d20
CIRCLE: _ZN14typesafe_indexIh14TAG_StateIndexEC2Eh @ 0xa24da0
CIRCLE: _ZNK14typesafe_indexIh14TAG_StateIndexEltERKh @ 0xa24e00
CIRCLE: _ZN14typesafe_indexIh14TAG_StateIndexEppEi @ 0xa24e70
CIRCLE: _ZN7Compass13get_singletonEv @ 0xa24ee0
CIRCLE: _ZNK7NavEKF211activeCoresEv @ 0xa24f20
CIRCLE: _ZNK7NavEKF311activeCoresEv @ 0xa25360
CIRCLE: _ZN11QuaternionTIfE20from_rotation_matrixERK7Matrix3IfE @ 0xa25410
CIRCLE: _ZNK12NavEKF3_core11use_compassEv @ 0x5cdd30
CIRCLE: _ZNK14AP_DAL_Compass11use_for_yawEh @ 0xa25920
CIRCLE: _ZNK12NavEKF3_core20getRotationBodyToNEDER7Matrix3IfE @ 0x5cde00
CIRCLE: _ZNK11QuaternionTIdE15rotation_matrixER7Matrix3IfE @ 0xa25990
CIRCLE: _ZNK6AP_DAL43get_rotation_vehicle_body_to_autopilot_bodyEv @ 0xa25ba0
CIRCLE: _ZNK7Matrix3IfEmlERKS0_ @ 0xa25bf0
CIRCLE: _ZN7Vector3IfEC2Efff @ 0xa25e60
CIRCLE: _ZN7Matrix3IfEC2ERK7Vector3IfES4_S4_ @ 0xa25ef0
CIRCLE: _ZN7Vector3IfEdVEf @ 0xa25fa0
CIRCLE: _Z7wrap_PId @ 0x5cdf10
CIRCLE: _ZN7Vector3IfEmLEf @ 0xa26030
CIRCLE: _Z8wrap_2PId @ 0x5cdfa0
CIRCLE: _ZN11QuaternionTIfEC2Effff @ 0xa26370
CIRCLE: _ZNK11QuaternionTIfE15rotation_matrixER7Matrix3IfE @ 0xa26420
CIRCLE: _ZNK7Matrix3IfE13mul_transposeERK7Vector3IfE @ 0xa26610
CIRCLE: _ZNK7Vector3IfEmiERKS0_ @ 0xa26720
CIRCLE: _ZNK7Vector3IfE6lengthEv @ 0xa267d0
CIRCLE: _Z20constrain_value_lineIfET_S0_S0_S0_j @ 0xa26830
CIRCLE: _Z4normIffJfEEdT_T0_DpKT1_ @ 0xa26950
CIRCLE: _Z2sqIfJffEEdT_DpKT0_ @ 0xa269d0
CIRCLE: _ZL2sqf.3424 @ 0x5ce090
CIRCLE: _Z2sqIfJfEEdT_DpKT0_ @ 0xa26a70
CIRCLE: _ZL2sqf.1606 @ 0x5ce0e0
CIRCLE: _ZNK7AP_AHRS24get_rotation_body_to_nedEv @ 0xa26af0
CIRCLE: _ZN2AP3gpsEv @ 0x5ce1f0
CIRCLE: _ZNK6AP_GPS8get_typeEh @ 0xa26be0
CIRCLE: _ZNK7AP_EnumIN6AP_GPS8GPS_TypeEEcvKS1_Ev @ 0xa26c70
CIRCLE: _ZN6AP_GPS13get_singletonEv @ 0xa26cc0
CIRCLE: _ZNK7NavEKF37healthyEv @ 0x5ce340
CIRCLE: _ZNK6AP_GPS11num_sensorsEv @ 0x5ce650
CIRCLE: _ZNK6AP_GPS14primary_sensorEv @ 0xa26da0
CIRCLE: _ZNK6AP_GPS6statusEh @ 0xa26df0
CIRCLE: _ZNK6AP_GPS10is_healthyEh @ 0x5ce6d0
CIRCLE: _ZNK7AP_AHRS11home_is_setEv @ 0xa26eb0
CIRCLE: _ZNK6AP_GPS8locationEv @ 0xa26f10
CIRCLE: _ZNK6AP_GPS22first_unconfigured_gpsERh @ 0x5ce990
CIRCLE: _ZNK6AP_GPS8locationEh @ 0xa26f70
CIRCLE: _ZNK6AP_GPS12is_rtk_roverEh @ 0x5cee40
CIRCLE: _ZN2AP3insEv @ 0x5cf1a0
CIRCLE: _ZNK17AP_InertialSensor19get_gyro_health_allEv @ 0x5cf1e0
CIRCLE: _ZNK17AP_InertialSensor22gyro_calibrated_ok_allEv @ 0x5cf2a0
CIRCLE: _ZNK17AP_InertialSensor20get_accel_health_allEv @ 0x5cf3b0
CIRCLE: _ZNK17AP_InertialSensor23accel_calibrated_ok_allEv @ 0x5cf470
CIRCLE: _ZNK10AP_GyroFFT16analysis_enabledEv @ 0xa27190
CIRCLE: _ZN7Vector3IfEixEh @ 0xa27520
CIRCLE: _ZN10DigitalLPFIfE6_applyERKfS2_ @ 0xa27880
CIRCLE: _Z15constrain_int16sss @ 0xa27e80
CIRCLE: _Z15constrain_valueIsET_S0_S0_S0_ @ 0xa27f10
CIRCLE: _ZNK10ByteBuffer5spaceEv @ 0x5d20b0
CIRCLE: _ZN10ByteBuffer5writeEPKhj @ 0x5d2310
CIRCLE: _ZN10ByteBuffer7reserveEPNS_5IoVecEj @ 0x5d2430
CIRCLE: _ZN10ByteBuffer6commitEj @ 0x5d2660
CIRCLE: _ZNK10ByteBuffer8get_sizeEv @ 0xa27fc0
CIRCLE: _ZNK17AP_InertialSensor14get_gyro_countEv @ 0xa28050
CIRCLE: _ZNK17AP_InertialSensor4_useEh @ 0xa280c0
CIRCLE: _ZNK17AP_InertialSensor8_gyro_idEh @ 0xa28120
CIRCLE: _ZN17AP_InertialSensor8_gyro_idEh @ 0xa28180
CIRCLE: _ZN17AP_InertialSensor4_useEh @ 0xa281f0
CIRCLE: _ZL3MINIihEDTqultfp_fp0_fp_fp0_ERKT_RKT0_.3043 @ 0x5d2b90
CIRCLE: _ZNK7AP_EnumIN22AP_InertialSensor_TCal6EnableEEcvKS1_Ev @ 0xa282c0
CIRCLE: _ZN17AP_InertialSensor4tcalEh @ 0xa28310
CIRCLE: _ZNK17AP_InertialSensor8get_gyroEv @ 0xa28380
CIRCLE: _ZNK17AP_InertialSensor8use_gyroEh @ 0x5d2d50
CIRCLE: _ZNK17AP_InertialSensor8get_gyroEh @ 0xa283e0
CIRCLE: _ZNK17AP_InertialSensor15get_gyro_healthEh @ 0xa28450
CIRCLE: _ZNK17AP_InertialSensor15get_accel_countEv @ 0xa284f0
CIRCLE: _ZL3MINIihEDTqultfp_fp0_fp_fp0_ERKT_RKT0_ @ 0x5d2fd0
CIRCLE: _ZNK17AP_InertialSensor9get_accelEv @ 0xa28560
CIRCLE: _ZNK17AP_InertialSensor9use_accelEh @ 0x5d3060
CIRCLE: _ZNK17AP_InertialSensor9get_accelEh @ 0xa285c0
CIRCLE: _ZNK17AP_InertialSensor16get_accel_healthEh @ 0xa28630
CIRCLE: _ZNK17AP_InertialSensor13_accel_offsetEh @ 0xa286d0
CIRCLE: _ZNK9AP_ParamVI7Vector3IfEL11ap_var_type5EE3getEv @ 0xa28730
CIRCLE: _ZNK7Vector3IfE7is_zeroEv @ 0xa28780
CIRCLE: _ZNK17AP_InertialSensor12_accel_scaleEh @ 0xa28830
CIRCLE: _ZNK17AP_InertialSensor9_accel_idEh @ 0xa28890
CIRCLE: _Z8is_equalIffENSt3__19enable_ifIXsr3std17is_floating_pointINS0_11common_typeIJT_T0_EE4typeEEE5valueEbE4typeES3_S4_ @ 0xa288f0
CIRCLE: _ZN17AP_InertialSensor9_accel_idEh @ 0xa28970
CIRCLE: _ZN17AP_InertialSensor12_accel_scaleEh @ 0xa289e0
CIRCLE: _ZN17AP_InertialSensor13_accel_offsetEh @ 0xa28a50
CIRCLE: _ZNK17AP_InertialSensor18gyro_calibrated_okEh @ 0xa28ac0
CIRCLE: _ZN17AP_InertialSensor13get_singletonEv @ 0x5d3120
CIRCLE: _ZN13AP_ParamTBaseIaL11ap_var_type1EE3setERKa @ 0xa290a0
CIRCLE: _ZN13AP_ParamTBaseIsL11ap_var_type2EE3setERKs @ 0xa29100
CIRCLE: _ZN13AP_ParamTBaseIiL11ap_var_type3EE3setERKi @ 0xa29170
CIRCLE: _ZN13AP_ParamTBaseIfL11ap_var_type4EE3setERKf @ 0xa291d0
CIRCLE: _ZNK7Vector3IfEneERKS0_ @ 0xa29900
CIRCLE: _ZNK8AP_Param13find_var_infoEPjRPKNS_9GroupInfoERNS_12GroupNestingEPh @ 0x5d4b90
CIRCLE: _ZNK8AP_Param14copy_name_infoEPKNS_4InfoEPKNS_9GroupInfoERKNS_12GroupNestingEhPcmb @ 0x5d4e10
CIRCLE: _ZNK8AP_Param14send_parameterEPKc11ap_var_typeh @ 0x5d5070
CIRCLE: _ZNK8AP_Param13cast_to_floatE11ap_var_type @ 0x5d5210
CIRCLE: _ZN3GCS20send_parameter_valueEPKc11ap_var_typef @ 0x5d5300
CIRCLE: _ZL3MINImmEDTqultfp_fp0_fp_fp0_ERKT_RKT0_.5959 @ 0x5d5440
CIRCLE: _ZN11GCS_MAVLINK14mav_param_typeE11ap_var_type @ 0x5d54c0
CIRCLE: _ZN8AP_Param16count_parametersEv @ 0x5d5550
CIRCLE: _ZN3GCS23send_to_active_channelsEjPKc @ 0x5d5700
CIRCLE: _ZN9AP_Logger13get_singletonEv @ 0xa299d0
CIRCLE: _ZN9AP_Logger15Write_ParameterEPKcf @ 0x5d5820
CIRCLE: _ZNK9AP_Logger10quiet_nanfEv @ 0xa29a10
CIRCLE: _ZN17AP_Logger_Backend15Write_ParameterEPKcff @ 0x5d5910
CIRCLE: _Z14strncpy_notermPcPKcm @ 0x5d5a30
CIRCLE: _ZN17AP_Logger_Backend18WriteCriticalBlockEPKvt @ 0xa29a60
CIRCLE: _ZN17AP_Logger_Backend21WritePrioritisedBlockEPKvtbb @ 0x5d5ae0
CIRCLE: _ZN17AP_Logger_Backend30validate_WritePrioritisedBlockEPKvt @ 0x5d5cb0
CIRCLE: _ZN17AP_Logger_Backend9ShouldLogEb @ 0x5d5ea0
CIRCLE: _ZN17AP_Logger_Backend21ensure_format_emittedEPKvt @ 0x5d6340
CIRCLE: _ZNK17AP_Logger_Backend23message_type_from_blockEPKvtR11LogMessages @ 0x5d6460
CIRCLE: _ZNK17AP_Logger_Backend28have_emitted_format_for_typeE11LogMessages @ 0xa29ae0
CIRCLE: _ZNK7BitmaskILt256EE8validateEt @ 0xa29c10
CIRCLE: _ZNK7BitmaskILt256EE3getEt @ 0xa29ca0
CIRCLE: _ZNK6AP_HAL4Util14get_soft_armedEv @ 0xa29d70
CIRCLE: _ZN2AP6loggerEv @ 0x5d6f60
CIRCLE: _Z7is_zeroI9AP_ParamTIfL11ap_var_type4EEEbT_ @ 0xa29dd0
CIRCLE: _ZNK12AP_Scheduler5ticksEv @ 0xa29e30
CIRCLE: _ZN6AP_HAL8millis16Ev @ 0x5d71b0
CIRCLE: _ZNK9AP_Logger13WritesEnabledEv @ 0xa29f90
CIRCLE: _ZNK19LoggerMessageWriter8finishedEv @ 0xa29ff0
CIRCLE: _ZNK9AP_Logger15in_log_downloadEv @ 0x5d71f0
CIRCLE: _ZNK9AP_Logger16vehicle_is_armedEv @ 0xa2a050
CIRCLE: mavlink_get_msg_entry @ 0x5d7440
CIRCLE: _ZNK3GCS7num_gcsEv @ 0xa2a100
CIRCLE: _ZNK11GCS_MAVLINK10is_privateEv @ 0xa2a150
CIRCLE: _ZNK11GCS_MAVLINK9is_activeEv @ 0xa2a1b0
CIRCLE: _ZN11GCS_MAVLINK12send_messageEPKcPK19__mavlink_msg_entry @ 0xa2a230
CIRCLE: _ZN11GCS_MAVLINK18check_payload_sizeEt @ 0x5d7560
CIRCLE: _mav_finalize_message_chan_send @ 0x5d7610
CIRCLE: _Z26mavlink_get_channel_statush @ 0x5d7960
CIRCLE: _Z17_mav_trim_payloadPKch @ 0x5d7a40
CIRCLE: _ZL13crc_calculatePKht @ 0x5d7ae0
CIRCLE: _ZL21crc_accumulate_bufferPtPKct @ 0x5d7b80
CIRCLE: _ZL14crc_accumulatehPt @ 0x5d7c20
CIRCLE: _Z14comm_send_lock17mavlink_channel_tt @ 0x5d7eb0
CIRCLE: _mavlink_send_uart @ 0x5d7f70
CIRCLE: _Z16comm_send_unlock17mavlink_channel_t @ 0x5d7ff0
CIRCLE: _Z16comm_send_buffer17mavlink_channel_tPKhh @ 0x5d8070
CIRCLE: _ZL13valid_channel17mavlink_channel_t @ 0x5d81e0
CIRCLE: _Z24gcs_out_of_space_to_send17mavlink_channel_t @ 0x5d8290
CIRCLE: _ZN11GCS_MAVLINK20out_of_space_to_sendEv @ 0xa2a370
CIRCLE: _ZL8crc_initPt @ 0x5d8bc0
CIRCLE: _ZN11GCS_MAVLINK14channel_statusEv @ 0xa2a3d0
CIRCLE: _ZNK11GCS_MAVLINK7txspaceEv @ 0xa2a420
CIRCLE: _ZNK11GCS_MAVLINK15packet_overheadEv @ 0xa2a4c0
CIRCLE: _ZN11GCS_MAVLINK20packet_overhead_chanE17mavlink_channel_t @ 0x5d8c10
CIRCLE: _ZL3MINIjjEDTqultfp_fp0_fp_fp0_ERKT_RKT0_.5950 @ 0x5d8cf0
CIRCLE: _ZN11GCS_MAVLINK10is_privateE17mavlink_channel_t @ 0xa2a520
CIRCLE: _ZN8AP_Param8var_infoEt @ 0xa2a590
CIRCLE: _ZN8AP_Param14get_group_infoERKNS_4InfoE @ 0x5d9570
CIRCLE: _ZN8AP_Param14get_group_infoERKNS_9GroupInfoE @ 0x5d9b90
CIRCLE: _ZN8AP_Param19adjust_group_offsetEtRKNS_9GroupInfoERl @ 0x5d9c10
CIRCLE: _ZN8AP_Param8group_idEPKNS_9GroupInfoEjhh @ 0x5d9d30
CIRCLE: _ZN8AP_Param8get_baseERKNS_4InfoERl @ 0x5d9e30
CIRCLE: _ZNK13AP_ParamTBaseIiL11ap_var_type3EE13cast_to_floatEv @ 0xa2a6d0
CIRCLE: _ZNK8AP_Param19find_var_info_groupEPKNS_9GroupInfoEtjhlPjRS2_RNS_12GroupNestingEPh @ 0x5d9fc0
CIRCLE: _ZN8AP_Param4saveEb @ 0x5da4c0
CIRCLE: _ZN17AP_InertialSensor13caltemp_accelEh @ 0xa2a850
CIRCLE: _ZNK17AP_InertialSensor15get_temperatureEh @ 0xa2a8c0
CIRCLE: _ZN7Vector3IfE4zeroEv @ 0xa2ab20
CIRCLE: _ZNK7Vector3IfErmERKS0_ @ 0xa2ab80
CIRCLE: _ZNK7Vector3IfEmlERKS0_ @ 0xa2ac60
CIRCLE: _Z9safe_sqrtIfEfT_ @ 0xa2acf0
CIRCLE: _ZNK11QuaternionTIfE14get_euler_rollEv @ 0xa2ae80
CIRCLE: _ZNK11QuaternionTIfE15get_euler_pitchEv @ 0xa2af30
CIRCLE: _Z9safe_asinIfEfT_ @ 0xa2afa0
CIRCLE: _ZN7Vector3IfE6rotateE8Rotation @ 0xa2b190
CIRCLE: _ZNK7Matrix3IfEmlERK7Vector3IfE @ 0xa2c170
CIRCLE: _ZN7Matrix3IfE10from_eulerEfff @ 0xa2c310
CIRCLE: _ZN7Matrix3IfEC2Efffffffff @ 0xa2c540
CIRCLE: _ZNK7Vector3IfEplERKS0_ @ 0xa2c670
CIRCLE: _ZNK7Vector3IfEdvEf @ 0xa2c720
CIRCLE: _Z4normIffJEEdT_T0_DpKT1_ @ 0xa2c7c0
CIRCLE: _ZN7Vector3IfEpLERKS0_ @ 0xa2c830
CIRCLE: _ZN15ObjectBuffer_TSIN8AP_Param10param_saveEE4peekERS1_ @ 0xa2c8d0
CIRCLE: _ZN15ObjectBuffer_TSIN8AP_Param10param_saveEE4pushERKS1_ @ 0xa2c980
CIRCLE: _ZN10ByteBuffer9peekbytesEPhj @ 0x5db470
CIRCLE: _ZN10ByteBuffer9peekiovecEPNS_5IoVecEj @ 0x5db580
CIRCLE: _ZNK10ByteBuffer9availableEv @ 0x5db6d0
CIRCLE: _ZN10ByteBuffer7readptrERj @ 0x5db9b0
CIRCLE: _ZNK7Vector3IfEngEv @ 0xa2ca60
CIRCLE: _ZN2AP4sitlEv @ 0x5dbdb0
CIRCLE: _ZN2AP4baroEv @ 0x5dbdf0
CIRCLE: _ZNK7AP_Baro11all_healthyEv @ 0x5dbef0
CIRCLE: _ZNK7AP_Baro7healthyEh @ 0x5dbfa0
CIRCLE: _ZN7AP_Baro13get_singletonEv @ 0xa2cb40
CIRCLE: _ZN4SITL3SIM13get_singletonEv @ 0xa2cb80
CIRCLE: _ZNK9AP_Logger15logging_presentEv @ 0x5dc680
CIRCLE: _ZNK9AP_Logger15logging_startedEv @ 0x5dc770
CIRCLE: _ZNK11RC_Channels17option_is_enabledENS_6OptionE @ 0xa2cc10
CIRCLE: _ZNK11RC_Channels16get_roll_channelEv @ 0x5dc9d0
CIRCLE: _ZNK11RC_Channels15get_yaw_channelEv @ 0x5dcab0
CIRCLE: _ZNK10RC_Channel14get_control_inEv @ 0xa2cc90
CIRCLE: _ZNK11RC_Channels20get_throttle_channelEv @ 0x5dcb20
CIRCLE: _ZN11RC_Channels23find_channel_for_optionEN10RC_Channel8AUX_FUNCE @ 0x5dcb90
CIRCLE: _ZN2AP5rcmapEv @ 0x5dce10
CIRCLE: _ZNK8RCMapper8throttleEv @ 0xa2cd40
CIRCLE: _ZNK11RC_Channels25get_rcmap_channel_nonnullEh @ 0x5dce50
CIRCLE: _ZN11RC_Channels10rc_channelEh @ 0xa2cda0
CIRCLE: _ZN8RCMapper13get_singletonEv @ 0xa2ce00
CIRCLE: _ZNK8RCMapper3yawEv @ 0xa2ce40
CIRCLE: _ZNK8RCMapper4rollEv @ 0xa2cf00
CIRCLE: _ZNK11RC_Channels19flight_mode_channelEv @ 0x5dcee0
CIRCLE: _ZNK8Sailboat12sail_enabledEv @ 0xa2d270
CIRCLE: _ZNK11AP_WindVane7enabledEv @ 0x5dcf80
CIRCLE: _ZNK8AR_WPNav17get_default_speedEv @ 0xa2d2d0
CIRCLE: _ZNK12AP_MotorsUGV8has_sailEv @ 0x5de2b0
CIRCLE: _ZNK12AP_MotorsUGV7is_omniEv @ 0xa2d330
CIRCLE: _ZN12SRV_Channels18get_emergency_stopEv @ 0xa2d440
CIRCLE: _ZNK10RC_Channel12get_radio_inEv @ 0xa2d480
CIRCLE: _ZN2AP5fenceEv @ 0x5e0260
CIRCLE: _ZNK8AC_Fence7presentEv @ 0x5e0840
CIRCLE: _ZNK8AC_Fence7enabledEv @ 0xa2d590
CIRCLE: _ZNK19AC_PolyFence_loader17total_fence_countEv @ 0xa2d850
CIRCLE: _ZNK7Vector2IfEmiERKS0_ @ 0xa2df80
CIRCLE: _ZNK7Vector2IfE14length_squaredEv @ 0xa2e190
CIRCLE: _ZNK7Vector2IfEmlERKS0_ @ 0xa2e1f0
CIRCLE: _ZNK7Vector2IfEmlEf @ 0xa2e270
CIRCLE: _ZN7Vector2IfEC2Eff @ 0xa2e2f0
CIRCLE: _ZNK19AC_PolyFence_loader27get_exclusion_polygon_countEv @ 0xa2e420
CIRCLE: _ZNK19AC_PolyFence_loader27get_inclusion_polygon_countEv @ 0xa2e470
CIRCLE: _ZNK19AC_PolyFence_loader26get_exclusion_circle_countEv @ 0xa2e4c0
CIRCLE: _ZNK19AC_PolyFence_loader26get_inclusion_circle_countEv @ 0xa2e510
CIRCLE: _ZN8AC_Fence13get_singletonEv @ 0xa2e560
CIRCLE: _ZN2AP10visualodomEv @ 0x5e2080
CIRCLE: _ZNK13AP_VisualOdom7enabledEv @ 0x5e21f0
CIRCLE: _ZNK7AP_EnumIN13AP_VisualOdom15VisualOdom_TypeEEcvKS1_Ev @ 0xa2e5a0
CIRCLE: _ZN13AP_VisualOdom13get_singletonEv @ 0xa2e5f0
CIRCLE: _ZN6AP_HAL6microsEv @ 0x5e2660
CIRCLE: _ZN2AP5mountEv @ 0x5e26a0
CIRCLE: _ZN8AP_Mount13get_singletonEv @ 0xa2e670
CIRCLE: _ZN2AP3osdEv @ 0x5e2900
CIRCLE: _ZN6AP_OSD13get_singletonEv @ 0xa2e710
CIRCLE: _ZN2AP9generatorEv @ 0x5e2c50
CIRCLE: _ZN12AP_Generator13get_singletonEv @ 0x5e2e10
CIRCLE: _ZN2AP3canEv @ 0x5e2e50
CIRCLE: _ZNK13AP_CANManager15get_num_driversEv @ 0xa2e800
CIRCLE: _ZNK13AP_CANManager15get_driver_typeEh @ 0xa2e850
CIRCLE: _ZN13AP_CANManager13get_singletonEv @ 0xa2ea50
CIRCLE: _ZNK11SRV_Channel12get_functionEv @ 0xa2eb90
CIRCLE: _ZNK11SRV_Channel14get_output_minEv @ 0xa2ec50
CIRCLE: _ZNK11SRV_Channel14get_output_maxEv @ 0xa2eca0
CIRCLE: _ZN11SRV_Channel13should_e_stopENS_8FunctionE @ 0x5e3c10
CIRCLE: _ZN11RangeFinder13get_singletonEv @ 0xa2ed40
CIRCLE: _ZNK9AP_Logger14logging_failedEv @ 0x5e4240
CIRCLE: _ZN2AP7batteryEv @ 0x5e43c0
CIRCLE: _ZNK14AP_BattMonitor15configured_typeEh @ 0xa2ee30
CIRCLE: _ZNK14AP_BattMonitor14allocated_typeEh @ 0xa2eea0
CIRCLE: _ZNK22AP_BattMonitor_Backend20check_failsafe_typesERbS0_S0_S0_ @ 0x5e4af0
CIRCLE: _Z11is_positiveI9AP_ParamTIfL11ap_var_type4EEEbT_ @ 0xa2ef10
CIRCLE: _ZNK21AP_BattMonitor_Params23failsafe_voltage_sourceEv @ 0xa2eff0
CIRCLE: _ZL3MAXIffEDTqugtfp_fp0_fp_fp0_ERKT_RKT0_.16928 @ 0x5e4f00
CIRCLE: _ZN14AP_BattMonitor13get_singletonEv @ 0xa2f050
CIRCLE: _ZNK7Compass14is_calibratingEv @ 0x5e4f80
CIRCLE: _ZNK7Compass7healthyEv @ 0xa2f0f0
CIRCLE: _ZNK7Compass21learn_offsets_enabledEv @ 0xa2f150
CIRCLE: _ZNK7Compass9get_fieldEv @ 0xa2f280
CIRCLE: _ZNK7Compass10consistentEv @ 0x5e5340
CIRCLE: _ZN14AP_Declination18get_earth_field_gaERK8Location @ 0x5e55e0
CIRCLE: _ZNK7Vector3IfEmlEf @ 0xa2f2e0
CIRCLE: _ZN14AP_Declination16get_mag_field_efEffRfS0_S0_ @ 0x5e5880
CIRCLE: _ZL7radiansf.2451 @ 0x5e5e80
CIRCLE: _Z15constrain_int32iii @ 0xa2f380
CIRCLE: _Z15constrain_valueIiET_S0_S0_S0_ @ 0xa2f3f0
CIRCLE: _ZN11AP_AHRS_DCM11use_compassEv @ 0x5e5ff0
CIRCLE: _ZNK7AP_AHRS15get_fly_forwardEv @ 0xa2f4e0
CIRCLE: _ZNK11AP_AHRS_DCM8have_gpsEv @ 0x5e61a0
CIRCLE: _ZNK6AP_GPS12ground_speedEv @ 0xa2f540
CIRCLE: _ZL7degreesf.1595 @ 0x5e6230
CIRCLE: _ZNK6AP_GPS13ground_courseEv @ 0xa2f5a0
CIRCLE: _Z8wrap_180IfET_S0_ @ 0xa2f600
CIRCLE: _Z8wrap_360f @ 0x5e6280
CIRCLE: _ZNK6AP_GPS13ground_courseEh @ 0xa2f690
CIRCLE: _ZNK6AP_GPS12ground_speedEh @ 0xa2f700
CIRCLE: _ZNK7AP_EnumI6GPSUseEcvKS0_Ev @ 0xa2f770
CIRCLE: _ZNK6AP_GPS6statusEv @ 0xa2f7c0
CIRCLE: _ZNK7Vector3IfE2xyEv @ 0xa2f820
CIRCLE: _ZNK7Compass9get_countEv @ 0xa2f870
CIRCLE: _ZNK7Compass9get_fieldEh @ 0xa2f8c0
CIRCLE: _ZNK7Vector2IfE7is_zeroEv @ 0xa2f940
CIRCLE: _ZNK7Vector3IfE5angleERKS0_ @ 0xa2f9d0
CIRCLE: _ZL7radiansf.2166 @ 0x5e63a0
CIRCLE: _ZNK7Vector2IfE5angleERKS0_ @ 0xa2fae0
CIRCLE: _ZNK7Vector2IfE6lengthEv @ 0xa2fc00
CIRCLE: _ZNK7Compass11get_offsetsEh @ 0xa2fc60
CIRCLE: _ZNK9AP_ParamVI7Vector3IfEL11ap_var_type5EEcvRKS1_Ev @ 0xa2fce0
CIRCLE: _ZNK14typesafe_indexIh12TAG_PriorityEltERKh @ 0xa2fd30
CIRCLE: _ZNK14typesafe_indexIh12TAG_PriorityEcvhEv @ 0xa2fe20
CIRCLE: _ZNK14typesafe_indexIh12TAG_PriorityEplERKh @ 0xa2fe70
CIRCLE: _ZN14typesafe_indexIh12TAG_PriorityEppEi @ 0xa2ff70
CIRCLE: _ZN19RestrictIDTypeArrayIN7Compass9mag_stateELj4E14typesafe_indexIh14TAG_StateIndexEEixERKS4_ @ 0xa2ffe0
CIRCLE: _ZN8AP_Param7set_keyERNS_12Param_headerEt @ 0x5e6900
CIRCLE: _ZN8AP_Param4scanEPKNS_12Param_headerEPt @ 0x5e6990
CIRCLE: _ZN8AP_Param9type_sizeE11ap_var_type @ 0x5e6b20
CIRCLE: _ZNK13StorageAccess4sizeEv @ 0xa300d0
CIRCLE: _ZN8AP_Param7get_keyERKNS_12Param_headerE @ 0x5e6bc0
CIRCLE: _ZN8AP_Param11is_sentinalERKNS_12Param_headerE @ 0x5e6c30
CIRCLE: _ZNK19RestrictIDTypeArrayIP17CompassCalibratorLj3E14typesafe_indexIh12TAG_PriorityEEixERKS4_ @ 0xa30120
CIRCLE: _ZNK12AP_MotorsUGV6activeEv @ 0x5e6d80
CIRCLE: _ZN15AP_Arming_Rover17update_soft_armedEv @ 0x5e70a0
CIRCLE: _ZNK9AP_Arming14option_enabledENS_6OptionE @ 0xa301a0
CIRCLE: _ZN9AP_Logger17set_vehicle_armedEb @ 0x5e7220
CIRCLE: _ZNK9AP_Arming22get_rudder_arming_typeEv @ 0xa30220
CIRCLE: _ZN8AC_Fence12clear_breachEh @ 0x5e7ae0
CIRCLE: _ZN9AP_Logger18WriteCriticalBlockEPKvt @ 0x5e7b50
CIRCLE: _ZNK12AP_MotorsUGV12get_throttleEv @ 0xa30390
CIRCLE: _ZNK12AP_MotorsUGV18have_skid_steeringEv @ 0x5e7c00
CIRCLE: _ZNK12AP_MotorsUGV12get_steeringEv @ 0xa303e0
CIRCLE: _ZNK7AP_AHRS11get_yaw_radEv @ 0xa30430
CIRCLE: _ZNK7AP_AHRS38get_relative_position_NED_origin_floatER7Vector3IfE @ 0x5e80a0
CIRCLE: _ZN11AP_SmartRTL9add_pointERK7Vector3IfE @ 0x5e8310
CIRCLE: _ZN7HALSITL9Semaphore16take_nonblockingEv @ 0x5e84d0
CIRCLE: _ZNK11AP_SmartRTL10log_actionENS_6ActionERK7Vector3IfE @ 0x5e8560
CIRCLE: _ZNK7Vector3IfE16distance_squaredERKS0_ @ 0xa30480
CIRCLE: _ZL2sqf.11254 @ 0x5e8620
CIRCLE: _ZN7HALSITL9Semaphore4giveEv @ 0x5e8670
CIRCLE: _ZN9AP_Logger10Write_SRTLEbtthRK7Vector3IfE @ 0x5e8720
CIRCLE: _ZN9AP_Logger10WriteBlockEPKvt @ 0x5e8840
CIRCLE: _ZN17AP_Logger_Backend10WriteBlockEPKvt @ 0xa30540
CIRCLE: _ZN11AP_SmartRTL15restart_pruningEt @ 0x5e88f0
CIRCLE: _ZN11AP_SmartRTL22restart_simplificationEt @ 0x5e89a0
CIRCLE: _ZN7BitmaskILt500EE6setallEv @ 0xa305d0
CIRCLE: _ZN7Vector3IdEC2Ev @ 0xa30680
CIRCLE: _ZNK7AP_AHRS32get_relative_position_NED_originER7Vector3IdE @ 0x5e8a30
CIRCLE: _ZNK7Vector3IdE7tofloatEv @ 0xa306e0
CIRCLE: _ZN7Vector2IdEC2Ev @ 0xa30760
CIRCLE: _ZNK7NavEKF38getPosNEER7Vector2IdE @ 0x5e8e50
CIRCLE: _ZNK7NavEKF37getPosDERd @ 0x5e8ef0
CIRCLE: _ZN7Vector3IdEC2Eddd @ 0xa307c0
CIRCLE: _ZNK8Location11initialisedEv @ 0xa30850
CIRCLE: _ZNK7Vector3IfE8todoubleEv @ 0xa308e0
CIRCLE: _ZN7Vector3IdEmLEd @ 0xa30960
CIRCLE: _ZN8Location13offset_latlngERiS0_dd @ 0x5e9560
CIRCLE: _ZN8Location15limit_lattitudeEi @ 0x5e9660
CIRCLE: _ZN8Location14wrap_longitudeEl @ 0x5e9700
CIRCLE: _ZNK11AP_AHRS_SIM12get_locationER8Location @ 0x5e97a0
CIRCLE: _ZNK8Location23get_distance_NE_postypeERKS_ @ 0x5e9890
CIRCLE: _ZN7Vector2IdEC2Edd @ 0xa309f0
CIRCLE: _ZNK12NavEKF3_core7getPosDERd @ 0x5e9980
CIRCLE: _ZNK12NavEKF3_core13getPosD_localERd @ 0x5e9a50
CIRCLE: _ZNK12NavEKF3_core12getOriginLLHER8Location @ 0x5e9ae0
CIRCLE: _ZNK12NavEKF3_core8getPosNEER7Vector2IdE @ 0x5e9bd0
CIRCLE: _ZNK7Vector3IdE2xyEv @ 0xa30a70
CIRCLE: _ZNK7Vector2IdE8todoubleEv @ 0xa30ac0
CIRCLE: _ZNK7Vector2IdEplERKS0_ @ 0xa30b20
CIRCLE: _ZNK10AP_DAL_GPS6statusEh @ 0xa30bb0
CIRCLE: _ZNK10AP_DAL_GPS8locationEh @ 0xa30c20
CIRCLE: _ZN7Vector2IdE4zeroEv @ 0xa30c90
CIRCLE: _ZNK10AP_DAL_GPS14primary_sensorEv @ 0xa30cf0
CIRCLE: _ZNK11AP_AHRS_DCM12get_locationER8Location @ 0x5ea220
CIRCLE: _ZNK7AP_Baro12get_altitudeEv @ 0xa30da0
CIRCLE: _ZN8Location6offsetEdd @ 0x5ea550
CIRCLE: _ZNK6AP_GPS7get_lagERf @ 0xa30e00
CIRCLE: _ZNK6AP_GPS7get_lagEhRf @ 0x5ea5e0
CIRCLE: _ZNK7AP_Baro12get_altitudeEh @ 0xa30e80
CIRCLE: _ZNK7AP_AHRS16get_velocity_NEDER7Vector3IfE @ 0x5eabc0
CIRCLE: _ZNK9AP_ParamTIfL11ap_var_type4EEngEv @ 0xa30f50
CIRCLE: _ZNK8Location10get_alt_cmENS_8AltFrameERi @ 0x5eb2c0
CIRCLE: _ZNK8Location13get_alt_frameEv @ 0x5eb600
CIRCLE: _ZNK7AP_AHRS10get_originER8Location @ 0x5eb6e0
CIRCLE: _ZNK9AP_Arming18get_enabled_checksEv @ 0x5ec150
CIRCLE: _ZN7HALSITL9Semaphore4takeEj @ 0x5ec2b0
CIRCLE: _ZN6AP_HAL9Semaphore13take_blockingEv @ 0xa31720
CIRCLE: _ZN4SITL6AS56006updateERKNS_8AircraftE @ 0x5ed7d0
CIRCLE: _ZNK4SITL8Aircraft12get_attitudeER11QuaternionTIfE @ 0xa325c0
CIRCLE: _ZL7degreesf.19207 @ 0x5edba0
CIRCLE: _ZN4SITL17I2CRegisters_8Bit12set_registerEhh @ 0x5edc00
CIRCLE: _ZN4SITL9I2CDevice6updateERKNS_8AircraftE @ 0xa327b0
CIRCLE: _ZN4SITL13TeraRangerI2C6updateERKNS_8AircraftE @ 0xa32950
CIRCLE: _ZNK4SITL8Aircraft17rangefinder_rangeEv @ 0x5ee2c0
CIRCLE: _ZL7radiansf.14466 @ 0x5ee7a0
CIRCLE: _Z10rand_floatv @ 0x5ee800
CIRCLE: _ZN4SITL7INA32216updateERKNS_8AircraftE @ 0x5eeae0
CIRCLE: _ZL15convert_voltagef @ 0x5eef60
CIRCLE: _ZL15convert_currentf @ 0x5ef030
CIRCLE: _ZN4SITL8QMC5883L6updateERKNS_8AircraftE @ 0x5ef290
CIRCLE: _ZN7Vector3IfE14rotate_inverseE8Rotation @ 0xa329c0
CIRCLE: _ZL7htole16t.13591 @ 0x5ef6a0
CIRCLE: _ZN7Vector3IsEC2Esss @ 0xa32b70
CIRCLE: _ZN4SITL10IS31FL31956updateERKNS_8AircraftE @ 0x5ef910
CIRCLE: _ZN4SITL17I2CRegisters_8Bit12get_registerEh @ 0xa32d10
CIRCLE: _ZN10SIM_RGBLED11set_coloursEhhh @ 0xa32d70
CIRCLE: _ZN4SITL6LM27556updateERKNS_8AircraftE @ 0x5f05f0
CIRCLE: _ZNK4SITL6LM275510LEDChannel13current_valueEv @ 0xa32f80
CIRCLE: _ZN4SITL6LP55626updateERKNS_8AircraftE @ 0x5f0ba0
CIRCLE: _ZN4SITL6LP556210LEDChannel6updateEv @ 0x5f0eb0
CIRCLE: _ZNK4SITL6LP556210LEDChannel13current_valueEv @ 0xa33200
CIRCLE: _ZN4SITL6MS5XXX6updateERKNS_8AircraftE @ 0x5f0f90
CIRCLE: _ZN7AP_Baro37get_pressure_temperature_for_alt_amslEfRfS0_ @ 0x5f1f40
CIRCLE: _ZN7AP_Baro29geometric_alt_to_geopotentialEf @ 0x5f2120
CIRCLE: _ZL33find_atmosphere_layer_by_altitudef @ 0x5f2180
CIRCLE: _ZN7AP_Baro33get_temperature_by_altitude_layerEfa @ 0x5f2230
CIRCLE: _ZN7AP_Baro29get_temperatureC_for_alt_amslEf @ 0x5f2db0
CIRCLE: _ZN4SITL12InvensenseV36updateERKNS_8AircraftE @ 0x5f2e20
CIRCLE: _ZNK4SITL8ICM4060911accel_scaleEv @ 0xa33750
CIRCLE: _ZL7radiansd.13033 @ 0x5f38e0
CIRCLE: _ZNK4SITL12InvensenseV310gyro_scaleEv @ 0xa337a0
CIRCLE: _ZN4SITL12InvensenseV313write_to_fifoEhPhh @ 0x5f3930
CIRCLE: _ZN4SITL7MCP96006updateERKNS_8AircraftE @ 0x5f3e90
CIRCLE: _ZL7htobe16t.12937 @ 0x5f4460
CIRCLE: _ZL10__bswap_16t.12939 @ 0x5f44b0
CIRCLE: _ZNK4SITL31I2CRegisters_ConfigurableLength13get_reg_valueEhRh @ 0x5f4520
CIRCLE: _ZN4SITL6TSYS036updateERKNS_8AircraftE @ 0x5f4970
CIRCLE: _ZN4SITL6TSYS016updateERKNS_8AircraftE @ 0x5f53c0
CIRCLE: _ZN4SITL5SHT3x6updateERKNS_8AircraftE @ 0x5f5ff0
CIRCLE: _ZN4SITL13Airspeed_DLVR6updateERKNS_8AircraftE @ 0x5f6870
CIRCLE: _ZN4SITL29SIM_BattMonitor_SMBus_Generic6updateERKNS_8AircraftE @ 0x5f7350
CIRCLE: _ZNK4SITL29SIM_BattMonitor_SMBus_Generic15connected_cellsEv @ 0xa34090
CIRCLE: _ZN4SITL21SIM_BattMonitor_SMBus6updateERKNS_8AircraftE @ 0x5f7bb0
CIRCLE: _ZNK4SITL8Aircraft19get_battery_voltageEv @ 0xa340e0
CIRCLE: _ZN4SITL11SMBusDevice12set_registerEht @ 0xa34130
CIRCLE: _ZN4SITL18I2CRegisters_16Bit12set_registerEht @ 0x5f7cc0
CIRCLE: _ZN4SITL11SMBusDevice12set_registerEhs @ 0xa341b0
CIRCLE: _ZN4SITL18I2CRegisters_16Bit12set_registerEhs @ 0x5f7d70
CIRCLE: _ZN4SITL6Rotoye6updateERKNS_8AircraftE @ 0x5f8010
CIRCLE: _ZN4SITL11SMBusDevice13get_reg_valueEh @ 0xa34460
CIRCLE: _ZN4SITL18I2CRegisters_16Bit13get_reg_valueEh @ 0xa344d0
CIRCLE: _ZL7be16toht.19258 @ 0x5f80e0
CIRCLE: _ZL10__bswap_16t.19259 @ 0x5f8130
CIRCLE: _ZNK4SITL6Maxell15connected_cellsEv @ 0xa34590
CIRCLE: _ZN4SITL13MaxSonarI2CXL6updateERKNS_8AircraftE @ 0xa346d0
CIRCLE: _ZN4SITL10ToshibaLED6updateERKNS_8AircraftE @ 0x5f83f0
CIRCLE: _ZNK6AP_HAL3HAL6serialEh @ 0xa35110
CIRCLE: _ZL14fill_stack_nanv @ 0x5f8eb0
CIRCLE: _ZN7HALSITL9Scheduler13_run_io_procsEv @ 0x5f9230
CIRCLE: _ZNK7FunctorIvJEEcvbEv @ 0xa35220
CIRCLE: _ZNK7FunctorIvJEEclEv @ 0xa35280
CIRCLE: _ZN7HALSITL16I2CDeviceManager11_timer_tickEv @ 0x5f9440
CIRCLE: _ZN2AP2RCEv @ 0x5f94e0
CIRCLE: _ZN13AP_RCProtocol6updateEv @ 0x5f9590
CIRCLE: _ZN13AP_RCProtocol16check_added_uartEv @ 0x5f95e0
CIRCLE: _ZNK13AP_RCProtocol13should_searchEj @ 0x5f9850
CIRCLE: _ZN21AP_RCProtocol_Backend9new_inputEv @ 0x5fa010
CIRCLE: _ZNK17AP_RCProtocol_FDM6activeEv @ 0xa35520
CIRCLE: _ZN6I2CBus11_timer_tickEv @ 0x5fa220
CIRCLE: _ZN9AP_Logger6WriteVEPKcS1_S1_S1_S1_P13__va_list_tagbb @ 0x5fa350
CIRCLE: _ZN9AP_Logger16msg_fmt_for_nameEPKcS1_S1_S1_S1_bb @ 0x5fa550
CIRCLE: _ZN17AP_Logger_Backend5WriteEhP13__va_list_tagbb @ 0x5fae40
CIRCLE: _ZNK9AP_Logger24assert_same_fmt_for_nameEPKNS_13log_write_fmtEPKcS4_S4_S4_S4_ @ 0x5fb9c0
CIRCLE: _ZN3GCS14update_receiveEv @ 0x5fcd30
CIRCLE: _ZN3GCS11update_sendEv @ 0x5fcde0
CIRCLE: _ZN19MissionItemProtocol6updateEv @ 0x5fd120
CIRCLE: _ZN11GCS_MAVLINK11update_sendEv @ 0x5fd2f0
CIRCLE: _ZN3GCS18service_statustextEv @ 0x5fd6d0
CIRCLE: _ZN3GCS15StatusTextQueue9semaphoreEv @ 0xa35780
CIRCLE: _ZNK11ObjectArrayIN3GCS12statustext_tEE8is_emptyEv @ 0xa357d0
CIRCLE: _ZN11GCS_MAVLINK18service_statustextEv @ 0x5fd840
CIRCLE: _ZN3GCS15StatusTextQueue5pruneEv @ 0x5fda80
CIRCLE: _ZNK11ObjectArrayIN3GCS12statustext_tEE9availableEv @ 0xa35830
CIRCLE: _ZN11ObjectArrayIN3GCS12statustext_tEEixEt @ 0xa35880
CIRCLE: _ZN11ObjectArrayIN3GCS12statustext_tEE6removeEt @ 0xa35920
CIRCLE: _ZN3GCS16statustext_queueEv @ 0xa35b20
CIRCLE: _Z14comm_chan_lock17mavlink_channel_t @ 0x5fdbb0
CIRCLE: _ZL27mavlink_msg_statustext_send17mavlink_channel_thPKcth @ 0x5fdc10
CIRCLE: _ZL16mav_array_memcpyPvPKvm.6113 @ 0x5fdcf0
CIRCLE: _ZN9AP_Logger15handle_log_sendEv @ 0x5fdd90
CIRCLE: _ZN22GCS_MAVLINK_InProgress11check_tasksEv @ 0x5fe460
CIRCLE: _ZNK3GCS11out_of_timeEv @ 0x5fe650
CIRCLE: _ZN11GCS_MAVLINK30deferred_message_to_send_indexEt @ 0x5fe730
CIRCLE: _ZN11GCS_MAVLINK19do_try_send_messageE10ap_message @ 0x5fe910
CIRCLE: _ZNK7BitmaskILt91EE9first_setEv @ 0xa35b70
CIRCLE: _ZN7BitmaskILt91EE5clearEt @ 0xa35c40
CIRCLE: _ZN11GCS_MAVLINK36next_deferred_bucket_message_to_sendEt @ 0x5fea40
CIRCLE: _ZNK7BitmaskILt91EE5countEv @ 0xa35d00
CIRCLE: _ZNK11GCS_MAVLINK26get_reschedule_interval_msERKNS_25deferred_message_bucket_tE @ 0x5feb70
CIRCLE: _ZN11GCS_MAVLINK24find_next_bucket_to_sendEt @ 0x5fec70
CIRCLE: _ZN7BitmaskILt91EEaSERKS0_ @ 0xa35dd0
CIRCLE: _ZNK11GCS_MAVLINK24requesting_mission_itemsEv @ 0x5fee40
CIRCLE: _ZN7GCS_FTP16get_last_send_msE17mavlink_channel_t @ 0x5fef30
CIRCLE: _ZNK19MissionItemProtocol14active_link_isEPK11GCS_MAVLINK @ 0xa35ea0
CIRCLE: _ZNK7BitmaskILt91EE8validateEt @ 0xa35f10
CIRCLE: _ZNK11GCS_MAVLINK17telemetry_delayedEv @ 0x5ff0d0
CIRCLE: _ZNK3GCS11telem_delayEv @ 0xa35fa0
CIRCLE: _ZN14AP_BoardConfig15in_config_errorEv @ 0xa36000
CIRCLE: _ZNK12AP_Scheduler19time_available_usecEv @ 0x5ff1a0
CIRCLE: _ZN11AP_Airspeed13get_singletonEv @ 0xa36040
CIRCLE: _ZN2AP2FSEv @ 0x5ff420
CIRCLE: _ZN19AP_Filesystem_Posix5writeEiPKvj @ 0x5ff7c0
CIRCLE: _ZN21AP_Filesystem_Backend17bytes_until_fsyncEi @ 0xa36080
CIRCLE: _ZN19AP_Filesystem_Posix9disk_freeEPKc @ 0x5fffb0
CIRCLE: _ZNK21AP_Filesystem_Backend15file_op_allowedEv @ 0x6006e0
CIRCLE: _ZL12map_filenamePKc @ 0x600780
CIRCLE: _ZL17map_filename_freePKc @ 0x600820
CIRCLE: _Z16comm_get_txspace17mavlink_channel_t @ 0x600970
CIRCLE: _ZL28mavlink_msg_command_ack_send17mavlink_channel_tthhihh @ 0x600a00
CIRCLE: _ZNK11AP_Airspeed7enabledEh @ 0x600af0
CIRCLE: _ZNK11AP_Airspeed11lib_enabledEv @ 0x600bb0
CIRCLE: _ZN11GCS_MAVLINK23set_ap_message_intervalE10ap_messaget @ 0x600f90
CIRCLE: _ZNK11GCS_MAVLINK20cap_message_intervalEt @ 0x6013b0
CIRCLE: _ZNK11GCS_MAVLINK26get_deferred_message_indexE10ap_message @ 0x601480
CIRCLE: _ZNK7BitmaskILt91EE3getEt @ 0xa362c0
CIRCLE: _ZN7BitmaskILt91EE3setEt @ 0xa36390
CIRCLE: _ZN12AP_Scheduler18get_loop_period_usEv @ 0xa36450
CIRCLE: _ZNK13AP_Filesystem13backend_by_fdERi @ 0x601d00
CIRCLE: _ZNK13AP_Filesystem15backend_by_pathERPKc @ 0x601dd0
CIRCLE: _ZN11GCS_MAVLINK39initialise_message_intervals_for_streamENS_7streamsE @ 0x6020c0
CIRCLE: _ZNK11GCS_MAVLINK23get_interval_for_streamENS_7streamsE @ 0x6022c0
CIRCLE: _ZNK11GCS_MAVLINK8get_chanEv @ 0xa364f0
CIRCLE: _ZL28mavlink_msg_mission_ack_send17mavlink_channel_thhhh.18101 @ 0x602ca0
CIRCLE: _ZNK11GCS_MAVLINK22get_stream_slowdown_msEv @ 0xa36590
CIRCLE: _ZN11GCS_MAVLINK12send_messageE10ap_message @ 0x602d70
CIRCLE: _ZN11GCS_MAVLINK22save_signing_timestampEb @ 0x602e80
CIRCLE: _ZNK11GCS_MAVLINK12is_streamingEv @ 0xa365e0
CIRCLE: _ZN11GCS_MAVLINK16signing_key_loadER10SigningKey @ 0x602fb0
CIRCLE: _ZNK13StorageAccess11write_blockEtPKvm @ 0x603110
CIRCLE: _ZNK11GCS_MAVLINK9send_textE12MAV_SEVERITYPKcz @ 0x603d10
CIRCLE: _ZN19LoggerMessageWriter5resetEv @ 0x605310
CIRCLE: _ZNK13StorageAccess10write_byteEth @ 0x605a40
CIRCLE: _Z9check_lati @ 0x605b40
CIRCLE: _Z9check_lngi @ 0x605bb0
CIRCLE: _ZN19AC_PolyFence_loader13check_indexedEv @ 0x605c20
CIRCLE: _ZN19MissionItemProtocol26allocate_receive_resourcesEt @ 0xa36e50
CIRCLE: _ZN19MissionItemProtocol21free_upload_resourcesEv @ 0xa36f00
CIRCLE: _ZNK29MissionItemProtocol_Waypoints12mission_typeEv @ 0xa37190
CIRCLE: _ZNK29MissionItemProtocol_Waypoints23next_item_ap_message_idEv @ 0xa371e0
CIRCLE: _ZN29MissionItemProtocol_Waypoints8truncateERK25__mavlink_mission_count_t @ 0x607580
CIRCLE: _ZNK29MissionItemProtocol_Waypoints10item_countEv @ 0x607730
CIRCLE: _ZNK29MissionItemProtocol_Waypoints9max_itemsEv @ 0x607790
CIRCLE: _ZN29MissionItemProtocol_Waypoints12replace_itemERK28__mavlink_mission_item_int_t @ 0x6077f0
CIRCLE: _ZN29MissionItemProtocol_Waypoints8completeERK11GCS_MAVLINK @ 0x607aa0
CIRCLE: _ZN9AP_Logger19Write_EntireMissionEv @ 0x607b80
CIRCLE: _ZN17AP_Logger_Backend19Write_EntireMissionEv @ 0x607c10
CIRCLE: _ZN30LoggerMessageWriter_DFLogStart18writeentiremissionEv @ 0x607c70
CIRCLE: _ZN38LoggerMessageWriter_WriteEntireMission5resetEv @ 0x607d00
CIRCLE: _ZN10AP_Mission26mavlink_int_to_mission_cmdERK28__mavlink_mission_item_int_tRNS_15Mission_CommandE @ 0x607d70
CIRCLE: _ZN10AP_Mission20write_cmd_to_storageEtRKNS_15Mission_CommandE @ 0x609800
CIRCLE: _ZNK10AP_Mission16num_commands_maxEv @ 0xa372f0
CIRCLE: _ZNK13StorageAccess12write_uint16Ett @ 0x609b80
CIRCLE: _ZN10AP_Mission19sanity_check_paramsERK28__mavlink_mission_item_int_t @ 0x609c10
CIRCLE: _Z11is_negativeIfEbT_ @ 0xa37340
CIRCLE: _ZN10AP_Mission11replace_cmdEtRKNS_15Mission_CommandE @ 0x609fe0
CIRCLE: _ZN10AP_Mission26mission_cmd_to_mavlink_intERKNS_15Mission_CommandER28__mavlink_mission_item_int_t @ 0x60a0b0
CIRCLE: _ZN10AP_Mission8truncateEt @ 0x60b630
CIRCLE: _ZN11GCS_MAVLINK14update_receiveEj @ 0x60b7a0
CIRCLE: _ZN3GCS15update_passthruEv @ 0x60bc70
CIRCLE: _ZN16AP_SerialManager12get_passthruERPN6AP_HAL10UARTDriverES3_RhRjS5_ @ 0x60c1a0
CIRCLE: _ZN6AP_HAL10UARTDriver11read_lockedEPhmj @ 0x60cc20
CIRCLE: _ZNK11GCS_MAVLINK6lockedEv @ 0xa37680
CIRCLE: _ZNK7FunctorIbJhPN6AP_HAL10UARTDriverEEEcvbEv @ 0xa376e0
CIRCLE: _ZN11GCS_MAVLINK14channel_bufferEv @ 0xa377c0
CIRCLE: mavlink_frame_char_buffer @ 0x60d300
CIRCLE: _ZN12AP_Scripting14handle_messageERK17__mavlink_message17mavlink_channel_t @ 0x60dba0
CIRCLE: _ZN11GCS_MAVLINK13send_timesyncEv @ 0x60dd90
CIRCLE: _ZN11GCS_MAVLINK17log_mavlink_statsEv @ 0x60de00
CIRCLE: _ZNK11GCS_MAVLINK15signing_enabledEv @ 0x60df80
CIRCLE: _ZNK11GCS_MAVLINK21timesync_timestamp_nsEv @ 0x60e020
CIRCLE: _ZL25mavlink_msg_timesync_send17mavlink_channel_tll @ 0x60e080
CIRCLE: mavlink_start_checksum @ 0x60e120
CIRCLE: mavlink_update_checksum @ 0x60e180
CIRCLE: _Z9fill_nanfPft @ 0x60ebc0
CIRCLE: _ZN10ByteBuffer7advanceEj @ 0x611c50
CIRCLE: _ZN5Empty11OpticalFlow9push_gyroEfff @ 0xa38690
CIRCLE: _ZN5Empty11OpticalFlow14push_gyro_biasEff @ 0xa38700
CIRCLE: _ZN6AP_HAL4Util14set_soft_armedEb @ 0x612770
CIRCLE: _ZNK7HALSITL4Util18was_watchdog_resetEv @ 0xa389d0
CIRCLE: _ZN7HALSITL4Util19safety_switch_stateEv @ 0x612900
CIRCLE: _ZN7HALSITL4Util16available_memoryEv @ 0xa38ec0
CIRCLE: _ZN7HALSITL4Util8uart_logEv @ 0x612ee0
CIRCLE: _ZN6AP_HAL4Util14log_stack_infoEv @ 0xa39260
CIRCLE: _ZN6AP_HAL10UARTDriver9log_statsEhRNS0_12StatsTrackerEj @ 0x6130b0
CIRCLE: _ZN6AP_HAL10UARTDriver12StatsTracker11ByteTracker6updateEj @ 0x613250
CIRCLE: _ZN7HALSITL8RCOutput20_safety_switch_stateEv @ 0xa39300
CIRCLE: _ZN6AP_HAL10UARTDriver5writeEPKhm @ 0x615780
CIRCLE: _ZN6AP_HAL10UARTDriver9availableEv @ 0x6158c0
CIRCLE: _ZN6AP_HAL10UARTDriver4readEv @ 0x615940
CIRCLE: _ZN6AP_HAL10UARTDriver4readERh @ 0x6159c0
CIRCLE: _ZN6AP_HAL10UARTDriver4readEPht @ 0x615ac0
CIRCLE: _ZN7HALSITL10UARTDriver7txspaceEv @ 0x615b30
CIRCLE: _ZN7HALSITL10UARTDriver11_timer_tickEv @ 0x615eb0
CIRCLE: _ZN7HALSITL10UARTDriver26receive_time_constraint_usEt @ 0x615f10
CIRCLE: _ZN7HALSITL10UARTDriver6_writeEPKhm @ 0x616b40
CIRCLE: _ZN7HALSITL10UARTDriver5_readEPht @ 0x616d10
CIRCLE: _ZN7HALSITL10UARTDriver10_availableEv @ 0x616f00
CIRCLE: _ZNK7HALSITL10UARTDriver18get_total_tx_bytesEv @ 0xa3ba90
CIRCLE: _ZNK7HALSITL10UARTDriver18get_total_rx_bytesEv @ 0xa3bae0
CIRCLE: _ZNK6AP_HAL10UARTDriver26get_total_dropped_rx_bytesEv @ 0xa3bb30
CIRCLE: _ZN7HALSITL10UARTDriver17_check_connectionEv @ 0x616ff0
CIRCLE: _ZN7HALSITL10UARTDriver13_select_checkEi @ 0x617130
CIRCLE: _ZN10ByteBuffer4readEPhj @ 0x617340
CIRCLE: _ZN7HALSITL10UARTDriver41handle_writing_from_writebuffer_to_deviceEv @ 0x6173e0
CIRCLE: _ZN7HALSITL10UARTDriver16_check_reconnectEv @ 0x617790
CIRCLE: _ZL3MINIjjEDTqultfp_fp0_fp_fp0_ERKT_RKT0_.12221 @ 0x617b90
CIRCLE: _ZNK4SITL12SerialDevice15write_to_deviceEPKcm @ 0x617c10
CIRCLE: _ZNK4SITL12SerialDevice18write_to_autopilotEPKcm @ 0x61af70
CIRCLE: _ZNK4SITL12SerialDevice13is_match_baudEv @ 0x61b030
CIRCLE: _ZNK4SITL3GPS18write_to_autopilotEPKcm @ 0x61b160
CIRCLE: _ZNK4SITL3GPS11device_baudEv @ 0x61b380
CIRCLE: _Z8wrap_180IdET_S0_ @ 0xa3d120
CIRCLE: _ZN8Location14offset_bearingEdd @ 0x61e0c0
CIRCLE: _ZNK7Vector2IfEplERKS0_ @ 0xa3d580
CIRCLE: _ZL7radiansd @ 0x61e1c0
CIRCLE: _Z8wrap_360d @ 0x61e210
CIRCLE: _ZNK4SITL12SerialDevice19read_from_autopilotEPcm @ 0x61e2b0
CIRCLE: _Z7is_zerod @ 0xa3f250
CIRCLE: _ZN7HALSITL10UARTDriver40handle_reading_from_device_to_readbufferEv @ 0x623ba0
CIRCLE: _ZNK4SITL12SerialDevice16read_from_deviceEPcm @ 0x624030
CIRCLE: _ZN7HALSITL8AnalogIn13board_voltageEv @ 0xa40760
CIRCLE: _ZN6AP_HAL8AnalogIn17servorail_voltageEv @ 0xa407b0
CIRCLE: _ZN6AP_HAL8AnalogIn18power_status_flagsEv @ 0xa40800
CIRCLE: _ZN7HALSITL9ADCSource7set_pinEh @ 0x624c70
CIRCLE: _ZN7HALSITL9ADCSource15voltage_averageEv @ 0x624cf0
CIRCLE: _ZN7HALSITL9ADCSource14voltage_latestEv @ 0x624d40
CIRCLE: _ZN7HALSITL4GPIO13usb_connectedEv @ 0x6254a0
CIRCLE: _ZN7HALSITL8RCOutput9enable_chEh @ 0x6258a0
CIRCLE: _ZN7HALSITL8RCOutput10disable_chEh @ 0x625930
CIRCLE: _ZN7HALSITL8RCOutput5writeEht @ 0x6259c0
CIRCLE: _ZN6AP_HAL8RCOutput20update_channel_masksEv @ 0xa411e0
CIRCLE: _ZN7HALSITL8RCOutput4corkEv @ 0x625af0
CIRCLE: _ZN7HALSITL8RCOutput4pushEv @ 0x625b80
CIRCLE: _ZN7HALSITL8RCOutput4readEh @ 0x625cb0
CIRCLE: _ZN7HALSITL8RCOutput4readEPth @ 0x625d40
CIRCLE: _ZN6AP_HAL8RCOutput16set_default_rateEt @ 0xa41a80
CIRCLE: _ZN17AP_ESC_Telem_SITL6updateEv @ 0x626160
CIRCLE: _ZN7HALSITL7RCInput9new_inputEv @ 0x626aa0
CIRCLE: _ZN7HALSITL7RCInput12num_channelsEv @ 0x626b00
CIRCLE: _ZN7HALSITL7RCInput4readEh @ 0x626b60
CIRCLE: _ZN13AP_RCProtocol4readEh @ 0x626e10
CIRCLE: _ZN21AP_RCProtocol_Backend4readEh @ 0x626ea0
CIRCLE: _ZN13AP_RCProtocol12num_channelsEv @ 0x626f00
CIRCLE: _ZNK21AP_RCProtocol_Backend12num_channelsEv @ 0x626f80
CIRCLE: _ZN13AP_RCProtocol9new_inputEv @ 0x626fd0
CIRCLE: _ZN13AP_RCProtocol21detect_async_protocolENS_12rcprotocol_tE @ 0x627190
CIRCLE: _ZNK13AP_RCProtocol10using_uartEv @ 0xa425b0
CIRCLE: _ZN17AP_RCProtocol_FDM6updateEv @ 0x627de0
CIRCLE: _ZN21AP_RCProtocol_Backend9add_inputEhPtbss @ 0x627fc0
CIRCLE: _ZL3MINIhiEDTqultfp_fp0_fp_fp0_ERKT_RKT0_.18381 @ 0x628120
CIRCLE: _ZN13AP_RCProtocol19set_failsafe_activeEb @ 0xa42f80
CIRCLE: _ZN21AP_RCProtocol_Backend6updateEv @ 0xa43090
CIRCLE: _ZN17AP_RCProtocol_UDP6updateEv @ 0x6281a0
CIRCLE: _ZN17AP_RCProtocol_UDP21read_all_socket_inputEv @ 0x628400
CIRCLE: _ZN16SocketAPM_native4recvEPvmj @ 0x6286a0
CIRCLE: _ZN16SocketAPM_native6pollinEj @ 0x6288d0
CIRCLE: _ZNK16SocketAPM_native11get_read_fdEv @ 0xa431c0
CIRCLE: _ZN18AP_RCProtocol_GHST6updateEv @ 0x629140
CIRCLE: _ZNK7AP_AHRS13get_variancesERfS0_S0_R7Vector3IfES0_ @ 0x62ad90
CIRCLE: _ZNK7NavEKF312getVariancesERfS0_S0_R7Vector3IfES0_R7Vector2IfE @ 0x62b070
CIRCLE: _ZNK12NavEKF3_core12getVariancesERfS0_S0_R7Vector3IfES0_R7Vector2IfE @ 0x62b250
CIRCLE: _ZL3MAXIddEDTqugtfp_fp0_fp_fp0_ERKT_RKT0_.4222 @ 0x62b450
CIRCLE: _ZNK7Vector2IdE7tofloatEv @ 0xa438f0
CIRCLE: _ZN3GCS23get_sensor_status_flagsERjS0_S0_ @ 0x62b7c0
CIRCLE: _ZN3GCS26update_sensor_status_flagsEv @ 0x62b880
CIRCLE: _ZNK7AP_AHRS11initialisedEv @ 0x62c040
CIRCLE: _ZNK7AP_Baro13num_instancesEv @ 0xa43950
CIRCLE: _ZNK6AP_GPS10is_healthyEv @ 0xa439a0
CIRCLE: _ZNK14AP_BattMonitor13num_instancesEv @ 0xa43a00
CIRCLE: _ZNK14AP_BattMonitor7healthyEv @ 0x62c170
CIRCLE: _ZNK14AP_BattMonitor13has_failsafedEv @ 0xa43a50
CIRCLE: _ZNK17AP_InertialSensor11calibratingEv @ 0x62c260
CIRCLE: _ZNK9AP_Logger15logging_enabledEv @ 0x62c330
CIRCLE: _ZNK6AP_GPS15logging_presentEv @ 0xa43ab0
CIRCLE: _ZNK6AP_GPS15logging_enabledEv @ 0xa43b20
CIRCLE: _ZNK6AP_GPS14logging_failedEv @ 0x62c400
CIRCLE: _ZNK7AP_AHRS12get_ekf_typeEv @ 0xa43b90
CIRCLE: _ZNK8AC_Fence18sys_status_enabledEv @ 0x62c4e0
CIRCLE: _ZNK8AC_Fence18sys_status_presentEv @ 0x62c580
CIRCLE: _ZNK8AC_Fence17sys_status_failedEv @ 0x62c5e0
CIRCLE: _ZNK11AP_Airspeed7enabledEv @ 0xa43bf0
CIRCLE: _ZN2AP11opticalflowEv @ 0x62c730
CIRCLE: _ZNK14AP_OpticalFlow7enabledEv @ 0xa43d00
CIRCLE: _ZNK14AP_OpticalFlow7healthyEv @ 0xa43d70
CIRCLE: _ZN2AP6armingEv @ 0x62c770
CIRCLE: _ZNK11RC_Channels22has_ever_seen_rc_inputEv @ 0xa43df0
CIRCLE: _ZN9AP_Arming13get_singletonEv @ 0x62c7b0
CIRCLE: _ZNK7AP_EnumIN14AP_OpticalFlow4TypeEEcvKS1_Ev @ 0xa43e50
CIRCLE: _ZN14AP_OpticalFlow13get_singletonEv @ 0xa43ea0
CIRCLE: _ZNK11AP_Airspeed7healthyEh @ 0x62c7f0
CIRCLE: _ZN2AP8airspeedEv @ 0x62c970
CIRCLE: _ZNK11AP_Airspeed7healthyEv @ 0xa43fc0
CIRCLE: _ZNK11AP_Airspeed3useEh @ 0x62c9b0
CIRCLE: _ZN12SRV_Channels17get_output_scaledEN11SRV_Channel8FunctionE @ 0x62cae0
CIRCLE: _ZNK8AC_Fence12get_breachesEv @ 0xa44020
CIRCLE: _ZNK7AP_EnumIN8AC_Fence6ActionEEcvKS1_Ev @ 0xa44070
CIRCLE: _ZNK14AP_BattMonitor7healthyEh @ 0x62cbe0
CIRCLE: _ZNK6AP_GPS8num_satsEv @ 0xa44280
CIRCLE: _ZNK6AP_GPS8num_satsEh @ 0xa44360
CIRCLE: _ZNK14AP_BattMonitor12current_ampsERfh @ 0x62dad0
CIRCLE: _ZNK14AP_BattMonitor12consumed_mahERfh @ 0x62dbc0
CIRCLE: _ZN9AP_Logger14WriteStreamingEPKcS1_S1_z @ 0x62e8e0
CIRCLE: _ZN22AP_RCProtocol_DroneCAN6updateEv @ 0x62eb40
CIRCLE: _ZNK16AP_SerialManager11find_serialENS_14SerialProtocolEh @ 0x62ff30
CIRCLE: _ZNK7AP_Baro12get_pressureEh @ 0xa45fb0
CIRCLE: _ZNK7AP_Baro15get_temperatureEh @ 0xa46100
CIRCLE: _ZNK7AP_Baro23get_altitude_differenceEff @ 0x633550
CIRCLE: _ZNK7AP_Baro26get_altitude_from_pressureEf @ 0x6335f0
CIRCLE: _ZL33find_atmosphere_layer_by_pressuref @ 0x633850
CIRCLE: _ZNK7AP_Baro17get_altitude_AMSLEv @ 0xa46170
CIRCLE: _ZN7AP_Baro29geopotential_alt_to_geometricEf @ 0x633900
CIRCLE: _ZNK7AP_Baro17get_altitude_AMSLEh @ 0xa461d0
CIRCLE: _ZN9AP_Notify6updateEv @ 0x633b40
CIRCLE: _ZN2AP3srvEv @ 0x633ce0
CIRCLE: _ZN12SRV_Channels4corkEv @ 0x633d20
CIRCLE: _ZN12SRV_Channels4pushEv @ 0x633d80
CIRCLE: _ZN16AP_Volz_Protocol6updateEv @ 0x633f30
CIRCLE: _ZN10AP_SBusOut6updateEv @ 0x634200
CIRCLE: _ZN15AP_RobotisServo6updateEv @ 0x634380
CIRCLE: _ZN16AP_FETtecOneWire6updateEv @ 0x6345f0
CIRCLE: _ZN2AP6kdecanEv @ 0x6348e0
CIRCLE: _ZN9AP_KDECAN6updateEv @ 0x634920
CIRCLE: _ZN12SRV_Channels12find_channelEN11SRV_Channel8FunctionERh @ 0x635300
CIRCLE: _ZN11SRV_Channel8calc_pwmEf @ 0x6353d0
CIRCLE: _ZNK11SRV_Channel21pwm_from_scaled_valueEf @ 0x6354c0
CIRCLE: _ZNK11SRV_Channel14pwm_from_angleEf @ 0x635560
CIRCLE: _ZN9AP_KDECAN13get_singletonEv @ 0xa46f50
CIRCLE: _ZN16AP_FETtecOneWire4initEv @ 0x637090
CIRCLE: _ZN16AP_FETtecOneWire9init_uartEv @ 0x638660
CIRCLE: _ZN12SRV_Channels13get_singletonEv @ 0xa479b0
CIRCLE: _ZNK10AP_Mission21get_current_nav_indexEv @ 0xa47d40
CIRCLE: _ZNK6AP_GPS8get_hdopEh @ 0xa48010
CIRCLE: _ZNK7AP_AHRS11groundspeedEv @ 0xa48110
CIRCLE: _ZN7AP_Baro14get_climb_rateEv @ 0x63d900
CIRCLE: _ZN16DerivativeFilterIfLh7EE5slopeEv @ 0xa481b0
CIRCLE: _ZNK11RangeFinder11get_backendEh @ 0x63db50
CIRCLE: _Z14float_to_int16f @ 0x63f5b0
CIRCLE: _ZNK7AP_AHRS11get_yaw_degEv @ 0xa48d30
CIRCLE: _ZNK7AP_AHRS28get_relative_position_D_homeERf @ 0x63f730
CIRCLE: _ZNK8Location9get_alt_mENS_8AltFrameERf @ 0x63f8d0
CIRCLE: _ZNK7AP_AHRS30get_relative_position_D_originERd @ 0x63f980
CIRCLE: _ZNK7AP_AHRS11_get_originER8Location @ 0x63fac0
CIRCLE: _ZNK7AP_AHRS11_get_originENS_7EKFTypeER8Location @ 0x63fba0
CIRCLE: _ZNK7NavEKF312getOriginLLHER8Location @ 0x63fdb0
CIRCLE: _ZN18AP_RCProtocol_CRSF6updateEv @ 0x6428e0
CIRCLE: _ZN13AP_CRSF_Telem13get_singletonEv @ 0x642f10
CIRCLE: _ZN13AP_CRSF_Telem13queue_messageE12MAV_SEVERITYPKc @ 0x643960
CIRCLE: _ZN9AP_Notify13get_singletonEv @ 0xa499a0
CIRCLE: _ZN2AP10crsf_telemEv @ 0x6466b0
CIRCLE: _ZNK7AP_AHRS12get_roll_radEv @ 0xa4a190
CIRCLE: _ZNK7AP_AHRS13get_pitch_radEv @ 0xa4a1e0
CIRCLE: _ZN19AP_RCProtocol_SRXL26updateEv @ 0x64c4d0
CIRCLE: _ZNK14AP_BattMonitor15get_temperatureERfh @ 0x64f5b0
CIRCLE: _ZN2AP3rtcEv @ 0x64f680
CIRCLE: _ZNK6AP_RTC12get_utc_usecERm @ 0x64f7a0
CIRCLE: _ZN6AP_RTC13get_singletonEv @ 0xa4adf0
CIRCLE: _ZN2AP9esc_telemEv @ 0x64fb00
CIRCLE: _ZN12AP_ESC_Telem13get_singletonEv @ 0x64ffb0
CIRCLE: _ZN17AP_RCProtocol_DSM6updateEv @ 0x6534c0
CIRCLE: _ZN7HALSITL9Scheduler5delayEt @ 0x654db0
CIRCLE: _ZN7HALSITL9Scheduler18delay_microsecondsEt @ 0x654ea0
CIRCLE: _ZN6AP_HAL9Scheduler24delay_microseconds_boostEt @ 0xa4b5d0
CIRCLE: _ZN6AP_HAL9Scheduler9boost_endEv @ 0xa4b6e0
CIRCLE: _ZNK6AP_HAL9Scheduler17in_delay_callbackEv @ 0xa4b730
CIRCLE: _ZN7HALSITL9Scheduler21is_system_initializedEv @ 0xa4b790
CIRCLE: _ZN7HALSITL9Scheduler10stop_clockEm @ 0x655410
CIRCLE: _ZNK7HALSITL9Scheduler14in_main_threadEv @ 0x6554b0
CIRCLE: _ZN7HALSITL10SITL_State10wait_clockEm @ 0x655b70
CIRCLE: _ZNK4SITL8Aircraft11get_speedupEv @ 0xa4b940
CIRCLE: _ZNK7HALSITL9Scheduler28semaphore_wait_hack_requiredEv @ 0x655d20
CIRCLE: _ZN7HALSITL10SITL_State15_fdm_input_stepEv @ 0x655da0
CIRCLE: _ZN7HALSITL10SITL_State16_fdm_input_localEv @ 0x655ef0
CIRCLE: _ZNK7HALSITL9Scheduler22interrupts_are_blockedEv @ 0xa4b990
CIRCLE: _ZN7HALSITL9Scheduler17sitl_begin_atomicEv @ 0xa4b9f0
CIRCLE: _ZN7HALSITL9Scheduler11timer_eventEv @ 0xa4ba50
CIRCLE: _ZN7HALSITL9Scheduler15sitl_end_atomicEv @ 0x656090
CIRCLE: _ZN7HALSITL10SITL_State16_update_airspeedEf @ 0x656130
CIRCLE: _ZN7HALSITL10SITL_State19_update_rangefinderEv @ 0x6564a0
CIRCLE: _ZNK7HALSITL10SITL_State18_sonar_pin_voltageEv @ 0x656500
CIRCLE: _ZN7AP_Baro24get_EAS2TAS_for_alt_amslEf @ 0x656670
CIRCLE: _ZL2sqf.11982 @ 0x6566f0
CIRCLE: _ZN7AP_Baro28get_air_density_for_alt_amslEf @ 0x656740
CIRCLE: _ZL3MAXIffEDTqugtfp_fp0_fp_fp0_ERKT_RKT0_.1713 @ 0x656910
CIRCLE: _ZN7HALSITL9Scheduler16_run_timer_procsEv @ 0x656990
CIRCLE: _ZN7HALSITL10SITL_State17_simulator_servosER10sitl_input @ 0x656a90
CIRCLE: _ZN4SITL11JSON_Master7receiveER10sitl_input @ 0x657720
CIRCLE: _ZN7HALSITL10SITL_State22multicast_servo_updateER10sitl_input @ 0x657bc0
CIRCLE: _ZN4SITL8Aircraft11update_homeEv @ 0x657ca0
CIRCLE: _ZN4SITL8Aircraft12update_modelERK10sitl_input @ 0x657e00
CIRCLE: _ZN4SITL8Aircraft8fill_fdmERNS_8sitl_fdmE @ 0x657ea0
CIRCLE: _ZN7HALSITL8CANIface14num_interfacesEv @ 0xa4baf0
CIRCLE: _ZNK4SITL8Aircraft20get_position_relhomeEv @ 0x658a70
CIRCLE: _ZN4SITL11JSON_Master4sendERKNS_8sitl_fdmERK7Vector3IdE @ 0x658b30
CIRCLE: _ZN7HALSITL17SITL_State_Common10sim_updateEv @ 0x658dd0
CIRCLE: _ZN7HALSITL10SITL_State14set_height_aglEv @ 0x659620
CIRCLE: _ZNK4SITL8Aircraft15get_velocity_efEv @ 0xa4bb80
CIRCLE: _ZN4SITL3GPS6updateEv @ 0x65a9f0
CIRCLE: _ZN4SITL12SerialDevice17init_sitl_pointerEv @ 0x65c140
CIRCLE: _ZN4SITL3GPS24check_backend_allocationEv @ 0x65c1d0
CIRCLE: _ZN4SITL3GPS16interpolate_dataERKNS_8GPS_DataEj @ 0x65c7e0
CIRCLE: _ZL3MAXIifEDTqugtfp_fp0_fp_fp0_ERKT_RKT0_.12703 @ 0x65d170
CIRCLE: _ZNK4SITL11GPS_Backend11device_baudEv @ 0xa4c1a0
CIRCLE: _ZN4SITL11GPS_Backend11update_readEv @ 0x65d2f0
CIRCLE: _ZNK4SITL11GPS_Backend18write_to_autopilotEPKcm @ 0x65d640
CIRCLE: _ZNK4SITL11GPS_Backend19read_from_autopilotEPcm @ 0x65d6c0
CIRCLE: _ZN4SITL11GPS_Backend8gps_timeEv @ 0x65e160
CIRCLE: _ZNK7Vector2IdE6lengthEv @ 0xa4c3c0
CIRCLE: _ZN4SITL11GPS_Backend18simulation_timevalEP7timeval @ 0x65ea90
CIRCLE: _ZN4SITL9GPS_UBlox7publishEPKNS_8GPS_DataE @ 0x661960
CIRCLE: _Z4normIddJdEEdT_T0_DpKT1_ @ 0xa4ca60
CIRCLE: _ZL7degreesf.12791 @ 0x662430
CIRCLE: _ZN4SITL9GPS_UBlox8send_ubxEhPht @ 0x662960
CIRCLE: _ZL3MAXIiiEDTqugtfp_fp0_fp_fp0_ERKT_RKT0_.12792 @ 0x662b30
CIRCLE: _ZNK7Vector3IfE6is_nanEv @ 0xa4cae0
CIRCLE: _ZN7Matrix3IfE6rotateERK7Vector3IfE @ 0xa4cbb0
CIRCLE: _ZNK7Vector2IfE5angleEv @ 0xa4cd60
CIRCLE: _ZN7Matrix3IfEpLERKS0_ @ 0xa4cdd0
CIRCLE: _ZNK7Matrix3IfEplERKS0_ @ 0xa4ce60
CIRCLE: _Z2sqIdJddEEdT_DpKT0_ @ 0xa4cf80
CIRCLE: _ZNK11QuaternionTIfE8to_eulerERfS1_S1_ @ 0xa4d020
CIRCLE: _ZNK7Vector2IdE5angleEv @ 0xa4d0d0
CIRCLE: _ZNK11QuaternionTIfE13get_euler_yawEv @ 0xa4d130
CIRCLE: _ZNK7Vector3IdEplERKS0_ @ 0xa4db30
CIRCLE: _ZN7Vector3IdEpLERKS0_ @ 0xa4dbd0
CIRCLE: _ZN7Matrix3IdEC2Ev @ 0xa4dc70
CIRCLE: _ZN7Matrix3IdE10from_eulerEddd @ 0xa4dcf0
CIRCLE: _ZNK7Matrix3IdEmlERK7Vector3IdE @ 0xa4deb0
CIRCLE: _ZNK7Vector3IdEmiERKS0_ @ 0xa4e6a0
CIRCLE: _Z11wrap_360_cdf @ 0x66c650
CIRCLE: _ZNK7Vector3IdE6lengthEv @ 0xa4e800
CIRCLE: _ZN7Vector3IdE4zeroEv @ 0xa4e860
CIRCLE: _ZNK7Vector3IdEmlEd @ 0xa4e8c0
CIRCLE: _ZNK7Matrix3IfE10transposedEv @ 0xa4ea90
CIRCLE: _ZN7Matrix3IfE9normalizeEv @ 0xa4ec60
CIRCLE: _ZNK8Location22get_distance_NE_doubleERKS_ @ 0x66fc00
CIRCLE: _ZN7Vector3IdE2xyEv @ 0xa4ef30
CIRCLE: _ZN7Vector2IdEpLERKS0_ @ 0xa4ef80
CIRCLE: _ZL7degreesf.14500 @ 0x670b50
CIRCLE: _ZNK7Matrix3IfE8to_eulerEPfS1_S1_ @ 0xa4f000
CIRCLE: _ZNK7AP_EnumI8RotationEcvKS0_Ev @ 0xa4f120
CIRCLE: _ZNK8HAL_SITL32get_uart_output_full_queue_countEv @ 0x670c20
CIRCLE: _ZNK4SITL8Aircraft16get_wall_time_usEv @ 0x670d60
CIRCLE: _ZNK7Vector3IdEdvEd @ 0xa4f300
CIRCLE: _ZN4SITL8Aircraft12time_advanceEv @ 0x670de0
CIRCLE: _ZN4SITL8Aircraft15sync_frame_timeEv @ 0x670e80
CIRCLE: _ZN9AP_Logger14WriteStreamingEPKcS1_S1_S1_S1_z @ 0x671180
CIRCLE: _ZL3MAXI9AP_ParamTIfL11ap_var_type4EEdEDTqugtfp_fp0_fp_fp0_ERKT_RKT0_.11827 @ 0x6714f0
CIRCLE: _Z21calc_lowpass_alpha_dtff @ 0x671590
CIRCLE: _ZL3MAXIfiEDTqugtfp_fp0_fp_fp0_ERKT_RKT0_.11828 @ 0x6716c0
CIRCLE: _ZNK4SITL16FETtecOneWireESC7enabledEv @ 0xa4f6c0
CIRCLE: _ZNK4SITL4Volz7enabledEv @ 0xa4f730
CIRCLE: _ZN7HALSITL17SITL_State_Common22update_voltage_currentER10sitl_inputf @ 0x671990
CIRCLE: _ZN8AP_Param18eeprom_write_checkEPKvth @ 0x6743c0
CIRCLE: _ZNK4SITL8Aircraft22rangefinder_beam_widthEv @ 0xa51630
CIRCLE: _ZNK4SITL8Aircraft45perpendicular_distance_to_rangefinder_surfaceEv @ 0x6750e0
CIRCLE: _ZN4SITL8Aircraft23update_external_payloadERK10sitl_input @ 0x676c00
CIRCLE: _ZN4SITL8Aircraft15update_positionEv @ 0x677090
CIRCLE: _ZN4SITL8Aircraft19update_mag_field_bfEv @ 0x6776b0
CIRCLE: _ZN7Vector2IdEmIERKS0_ @ 0xa51680
CIRCLE: _ZNK4SITL7Sprayer10is_enabledEv @ 0xa51710
CIRCLE: _ZN4SITL3I2C6updateERKNS_8AircraftE @ 0x678480
CIRCLE: _ZNK4SITL6Buzzer10is_enabledEv @ 0xa517c0
CIRCLE: _ZNK4SITL13Gripper_Servo10is_enabledEv @ 0xa51820
CIRCLE: _ZNK4SITL11Gripper_EPM10is_enabledEv @ 0xa518e0
CIRCLE: _ZNK4SITL9Parachute10is_enabledEv @ 0xa51990
CIRCLE: _ZNK4SITL12SIM_Precland10is_enabledEv @ 0xa519f0
CIRCLE: _ZN4SITL7ShipSim6updateEv @ 0x679450
CIRCLE: _ZN7Vector2IfE6rotateEf @ 0xa51a50
CIRCLE: _ZN7Vector2IfEpLERKS0_ @ 0xa51b30
CIRCLE: _ZNK7Vector3IdE14length_squaredEv @ 0xa53aa0
CIRCLE: _ZNK7Vector3IdEmlERKS0_ @ 0xa53c10
CIRCLE: _ZNK7AP_AHRS11get_EAS2TASEv @ 0x67f4b0
CIRCLE: _ZNK7Vector3IdE7is_zeroEv @ 0xa53dc0
CIRCLE: _ZN7Vector3IfE2xyEv @ 0xa53e70
CIRCLE: _ZN7Vector2IfE4zeroEv @ 0xa53ec0
CIRCLE: _ZN7Vector3IfEmIERKS0_ @ 0xa53f20
CIRCLE: _ZNK9AP_ParamTIfL11ap_var_type4EEplERKS1_ @ 0xa541d0
CIRCLE: _ZN13LowPassFilterIfE5applyERKfS2_ @ 0xa54960
CIRCLE: _Z11is_positived @ 0xa55070
CIRCLE: _ZN7Vector3IfE9normalizeEv @ 0xa55850
CIRCLE: _ZN7Vector3IdEmIERKS0_ @ 0xa5fad0
CIRCLE: _ZL7radiansd.14806 @ 0x6a3b10
CIRCLE: _ZN4SITL8SimRover6updateERK10sitl_input @ 0x6a7200
CIRCLE: _ZN4SITL8SimRover24update_ackermann_or_skidERK10sitl_inputf @ 0x6a7920
CIRCLE: _ZL7radiansf.13800 @ 0x6a7d60
CIRCLE: _ZN4SITL8SimRover13calc_yaw_rateEff @ 0x6a7dc0
CIRCLE: _ZNK4SITL8SimRover11turn_circleEf @ 0x6a7f80
CIRCLE: _ZN7HALSITL7Storage10read_blockEPvtm @ 0x6b63f0
CIRCLE: _ZN7HALSITL7Storage11write_blockEtPKvm @ 0x6b64c0
CIRCLE: _ZN7HALSITL7Storage11_timer_tickEv @ 0x6b65e0
CIRCLE: _ZNK7BitmaskILt2048EE5emptyEv @ 0xa61240
CIRCLE: _ZNK7BitmaskILt2048EE3getEt @ 0xa612e0
CIRCLE: _ZN10AP_RAMTRON5writeEjPKhj @ 0x6b6950
CIRCLE: _ZN7BitmaskILt2048EE5clearEt @ 0xa613b0
CIRCLE: _ZNK8HAL_SITL25get_storage_posix_enabledEv @ 0xa61470
CIRCLE: _ZNK7BitmaskILt2048EE8validateEt @ 0xa61530
CIRCLE: _ZNK10AP_RAMTRON8get_sizeEv @ 0xa615c0
CIRCLE: _ZN7HALSITL7Storage13_storage_openEv @ 0x6b6fd0
CIRCLE: _ZN7HALSITL7Storage11_mark_dirtyEtt @ 0x6b72e0
CIRCLE: _ZN7BitmaskILt2048EE3setEt @ 0xa61660
CIRCLE: _ZN8AP_Param9save_syncEbb @ 0x6bda50
CIRCLE: _ZN6AP_DAL9end_frameEv @ 0x6c3710
CIRCLE: _ZN6AP_DAL15WriteLogMessageE11LogMessagesPvPKvh @ 0x6c3790
CIRCLE: _ZN9AP_Logger16WriteReplayBlockEhPKvt @ 0x6c38b0
CIRCLE: _ZNK9AP_Logger10log_replayEv @ 0xa62dc0
CIRCLE: _ZNK7NavEKF317option_is_enabledENS_6OptionE @ 0xa62e20
CIRCLE: _ZNK6AP_DAL6millisEv @ 0xa62ea0
CIRCLE: _ZNK12NavEKF3_core10errorScoreEv @ 0x6c3f10
CIRCLE: _ZNK12NavEKF3_core16have_aligned_yawEv @ 0xa62ef0
CIRCLE: _ZNK12NavEKF3_core17have_aligned_tiltEv @ 0xa62f50
CIRCLE: _ZNK12NavEKF3_core24getLastPosNorthEastResetER7Vector2IfE @ 0x6c4760
CIRCLE: _ZNK7Vector2IdEmiERKS0_ @ 0xa62fb0
CIRCLE: _ZNK12NavEKF3_core14getEulerAnglesER7Vector3IfE @ 0x6c4860
CIRCLE: _ZNK11QuaternionTIdE8to_eulerER7Vector3IfE @ 0xa63040
CIRCLE: _ZNK6AP_DAL8get_trimEv @ 0xa630c0
CIRCLE: _ZNK11QuaternionTIdE8to_eulerERfS1_S1_ @ 0xa63120
CIRCLE: _ZNK11QuaternionTIdE14get_euler_rollEv @ 0xa631e0
CIRCLE: _ZNK11QuaternionTIdE15get_euler_pitchEv @ 0xa63290
CIRCLE: _ZNK11QuaternionTIdE13get_euler_yawEv @ 0xa63310
CIRCLE: _Z9safe_asinIdEfT_ @ 0xa633c0
CIRCLE: _ZL3MAXIfdEDTqugtfp_fp0_fp_fp0_ERKT_RKT0_.4176 @ 0x6c4920
CIRCLE: _ZNK12NavEKF3_core20assume_zero_sideslipEv @ 0x6c49c0
CIRCLE: _ZN6AP_DAL8airspeedEv @ 0xa634a0
CIRCLE: _ZNK6AP_DAL15get_fly_forwardEv @ 0xa63540
CIRCLE: _ZNK6AP_DAL17get_vehicle_classEv @ 0xa635b0
CIRCLE: _ZN19RestrictIDTypeArrayIP17CompassCalibratorLj3E14typesafe_indexIh12TAG_PriorityEEixERKS4_ @ 0xa636c0
CIRCLE: _ZNK9AP_Logger10should_logEj @ 0x6ce910
CIRCLE: _ZNK6AP_GPS9time_weekEh @ 0xa64140
CIRCLE: _ZNK6AP_GPS12time_week_msEh @ 0xa641b0
CIRCLE: _ZN3GCS12send_messageE10ap_message @ 0x6cf1b0
CIRCLE: _ZNK6AP_GPS15time_epoch_usecEh @ 0x6cf260
CIRCLE: _ZNK14AP_GPS_Backend16get_last_itow_msEv @ 0x6cf3d0
CIRCLE: _ZN6AP_GPS23istate_time_to_epoch_msEtj @ 0x6cf490
CIRCLE: _ZN10AC_Sprayer3runEb @ 0x6cf9a0
CIRCLE: _ZNK7Vector2IfE6is_nanEv @ 0xa650b0
CIRCLE: _ZN2AP8ac_avoidEv @ 0x6dd810
CIRCLE: _ZN8AC_Avoid13get_singletonEv @ 0xa65bb0
CIRCLE: _ZNK10AP_Gripper7enabledEv @ 0xa65c60
CIRCLE: _ZN10AP_Vehicle13update_armingEv @ 0x6dddb0
CIRCLE: _ZN7FunctorIvJEE14method_wrapperI10AP_VehicleXadL_ZNS2_13update_armingEvEEEEvPv @ 0xa66ce0
CIRCLE: _ZN9AP_Arming6updateEv @ 0x6dde00
CIRCLE: _ZN8AP_Stats6updateEv @ 0x6ddef0
CIRCLE: _ZN7FunctorIvJEE14method_wrapperI8AP_StatsXadL_ZNS2_6updateEvEEEEvPv @ 0xa66d90
CIRCLE: _ZN8AP_Stats17update_flighttimeEv @ 0x6de0a0
CIRCLE: _ZN8AP_Stats14update_runtimeEv @ 0x6de170
CIRCLE: _ZN8AP_Stats5flushEv @ 0x6de210
CIRCLE: _ZN13AP_ParamTBaseIiL11ap_var_type3EE22set_and_save_ifchangedERKi @ 0xa66e40
CIRCLE: _ZN10AP_Filters6updateEv @ 0x6de390
CIRCLE: _ZN7FunctorIvJEE14method_wrapperI10AP_FiltersXadL_ZNS2_6updateEvEEEEvPv @ 0xa66ed0
CIRCLE: _ZN10AP_Vehicle17check_motor_noiseEv @ 0x6df4d0
CIRCLE: _ZN7FunctorIvJEE14method_wrapperI10AP_VehicleXadL_ZNS2_17check_motor_noiseEvEEEEvPv @ 0xa67780
CIRCLE: _ZNK10AP_GyroFFT15check_esc_noiseEv @ 0xa67830
CIRCLE: _ZNK17NotchFilterParams7enabledEv @ 0xa67a60
CIRCLE: _ZN10AP_Vehicle13one_Hz_updateEv @ 0x6dfbb0
CIRCLE: _ZN7FunctorIvJEE14method_wrapperI10AP_VehicleXadL_ZNS2_13one_Hz_updateEvEEEEvPv @ 0xa67ab0
CIRCLE: _ZN12AP_Scripting6updateEv @ 0x6dfc90
CIRCLE: _ZN16AP_SerialManager20registered_ports_logEv @ 0x6dfce0
CIRCLE: _ZN12AP_Scripting13save_checksumEv @ 0x6dfdc0
CIRCLE: _ZN10AP_Gripper6updateEv @ 0x6dfec0
CIRCLE: _ZN7FunctorIvJEE14method_wrapperI10AP_GripperXadL_ZNS2_6updateEvEEEEvPv @ 0xa67bf0
CIRCLE: _ZN6AP_EFI6updateEv @ 0x6e0030
CIRCLE: _ZN7FunctorIvJEE14method_wrapperI6AP_EFIXadL_ZNS2_6updateEvEEEEvPv @ 0xa67ca0
CIRCLE: _ZN6AP_AIS6updateEv @ 0x6e04b0
CIRCLE: _ZN7FunctorIvJEE14method_wrapperI6AP_AISXadL_ZNS2_6updateEvEEEEvPv @ 0xa67d50
CIRCLE: _ZNK6AP_AIS7enabledEv @ 0x6e0d10
CIRCLE: _ZN2AP10oadatabaseEv @ 0x6e35d0
CIRCLE: _ZNK13AP_OADatabase7healthyEv @ 0xa67f10
CIRCLE: _ZNK7AP_AHRS37get_relative_position_NE_origin_floatER7Vector2IfE @ 0x6e3610
CIRCLE: _ZNK7AP_AHRS31get_relative_position_NE_originER7Vector2IdE @ 0x6e3bc0
CIRCLE: _ZN13AP_OADatabase13get_singletonEv @ 0xa681a0
CIRCLE: _ZN8AC_Fence6updateEv @ 0x6e4310
CIRCLE: _ZN7FunctorIvJEE14method_wrapperI8AC_FenceXadL_ZNS2_6updateEvEEEEvPv @ 0xa681e0
CIRCLE: _ZN19AC_PolyFence_loader6updateEv @ 0x6e4440
CIRCLE: _ZN19AC_PolyFence_loader17load_from_storageEv @ 0x6e4530
CIRCLE: _ZN10AP_Vehicle16accel_cal_updateEv @ 0x6e5990
CIRCLE: _ZN7FunctorIvJEE14method_wrapperI10AP_VehicleXadL_ZNS2_16accel_cal_updateEvEEEEvPv @ 0xa683c0
CIRCLE: _ZN20AP_TemperatureSensor6updateEv @ 0x6e7130
CIRCLE: _ZN7FunctorIvJEE14method_wrapperI20AP_TemperatureSensorXadL_ZNS2_6updateEvEEEEvPv @ 0xa684c0
CIRCLE: _ZN10AP_Vehicle16publish_osd_infoEv @ 0x6e73f0
CIRCLE: _ZN7FunctorIvJEE14method_wrapperI10AP_VehicleXadL_ZNS2_16publish_osd_infoEvEEEEvPv @ 0xa68610
CIRCLE: _ZN6AP_OSD12set_nav_infoERNS_7NavInfoE @ 0x6e7510
CIRCLE: _ZN6AP_RPM6updateEv @ 0x6e7580
CIRCLE: _ZN7FunctorIvJEE14method_wrapperI6AP_RPMXadL_ZNS2_6updateEvEEEEvPv @ 0xa686c0
CIRCLE: _ZNK6AP_RPM7Log_RPMEv @ 0x6e7760
CIRCLE: _ZNK6AP_RPM7enabledEh @ 0x6e7880
CIRCLE: _ZN14AP_OpenDroneID6updateEv @ 0x6e7930
CIRCLE: _ZN7FunctorIvJEE14method_wrapperI14AP_OpenDroneIDXadL_ZNS2_6updateEvEEEEvPv @ 0xa687e0
CIRCLE: _ZNK6AP_GPS8velocityEv @ 0xa6a080
CIRCLE: _ZNK7AP_AHRS18groundspeed_vectorEv @ 0xa6a160
CIRCLE: _ZNK6AP_GPS14speed_accuracyEhRf @ 0x6ec620
CIRCLE: _ZNK6AP_GPS17vertical_accuracyEhRf @ 0x6ec6f0
CIRCLE: _ZNK6AP_GPS19horizontal_accuracyEhRf @ 0x6ec7c0
CIRCLE: _ZNK6AP_GPS14get_undulationEhRf @ 0x6ec890
CIRCLE: _ZNK6AP_GPS8velocityEh @ 0xa6a3c0
CIRCLE: _ZN12AP_Generator6updateEv @ 0x6ec960
CIRCLE: _ZN7FunctorIvJEE14method_wrapperI12AP_GeneratorXadL_ZNS2_6updateEvEEEEvPv @ 0xa6a490
CIRCLE: _ZN14AP_Servo_Telem6updateEv @ 0x6ec9d0
CIRCLE: _ZN7FunctorIvJEE14method_wrapperI14AP_Servo_TelemXadL_ZNS2_6updateEvEEEEvPv @ 0xa6a540
CIRCLE: _ZN14AP_Servo_Telem9write_logEv @ 0x6eca20
CIRCLE: _ZN12AP_ESC_Telem6updateEv @ 0x6eced0
CIRCLE: _ZN7FunctorIvJEE14method_wrapperI12AP_ESC_TelemXadL_ZNS2_6updateEvEEEEvPv @ 0xa6a5f0
CIRCLE: _ZN6AP_HAL15timeout_expiredIjjmEEbT_T0_T1_ @ 0xa6a6a0
CIRCLE: _ZN10AP_Vehicle30send_watchdog_reset_statustextEv @ 0x6ed3e0
CIRCLE: _ZN7FunctorIvJEE14method_wrapperI10AP_VehicleXadL_ZNS2_30send_watchdog_reset_statustextEvEEEEvPv @ 0xa6a720
CIRCLE: _ZN8AP_Tramp6updateEv @ 0x6ed540
CIRCLE: _ZN7FunctorIvJEE14method_wrapperI8AP_TrampXadL_ZNS2_6updateEvEEEEvPv @ 0xa6a7d0
CIRCLE: _ZN10AP_VideoTX6updateEv @ 0x6ee520
CIRCLE: _ZN7FunctorIvJEE14method_wrapperI10AP_VideoTXXadL_ZNS2_6updateEvEEEEvPv @ 0xa6aa00
CIRCLE: _ZN10AP_Vehicle38update_dynamic_notch_at_specified_rateEv @ 0x6ee750
CIRCLE: _ZN7FunctorIvJEE14method_wrapperI10AP_VehicleXadL_ZNS2_38update_dynamic_notch_at_specified_rateEvEEEEvPv @ 0xa6aab0
CIRCLE: _ZNK25HarmonicNotchFilterParams9hasOptionENS_7OptionsE @ 0xa6ab60
CIRCLE: _ZN10AP_Vehicle20update_dynamic_notchERN17AP_InertialSensor13HarmonicNotchE @ 0x6ee8a0
CIRCLE: _ZN10AP_GyroFFT17update_parametersEv @ 0xa6af00
CIRCLE: _ZN7FunctorIvJEE14method_wrapperI10AP_GyroFFTXadL_ZNS2_17update_parametersEvEEEEvPv @ 0xa6af50
CIRCLE: _ZN10AP_GyroFFT17update_parametersEb @ 0x6ef810
CIRCLE: _ZN10AP_GyroFFT6updateEv @ 0x6efbb0
CIRCLE: _ZN7FunctorIvJEE14method_wrapperI10AP_GyroFFTXadL_ZNS2_6updateEvEEEEvPv @ 0xa6b000
CIRCLE: _ZN14AP_NMEA_Output6updateEv @ 0x6efd40
CIRCLE: _ZN7FunctorIvJEE14method_wrapperI14AP_NMEA_OutputXadL_ZNS2_6updateEvEEEEvPv @ 0xa6b0b0
CIRCLE: _ZN7FunctorIvJEE14method_wrapperI9AP_NotifyXadL_ZNS2_6updateEvEEEEvPv @ 0xa6b160
CIRCLE: _ZN7Compass10cal_updateEv @ 0x6f0db0
CIRCLE: _ZN7FunctorIvJEE14method_wrapperI7CompassXadL_ZNS2_10cal_updateEvEEEEvPv @ 0xa6b210
CIRCLE: _ZN11AP_Airspeed6updateEv @ 0x6f1900
CIRCLE: _ZN7FunctorIvJEE14method_wrapperI11AP_AirspeedXadL_ZNS2_6updateEvEEEEvPv @ 0xa6b320
CIRCLE: _ZNK11AP_Airspeed11get_primaryEv @ 0xa6b4b0
CIRCLE: _ZN10AP_GyroFFT12sample_gyrosEv @ 0x6f3bb0
CIRCLE: _ZN7FunctorIvJEE14method_wrapperI10AP_GyroFFTXadL_ZNS2_12sample_gyrosEvEEEEvPv @ 0xa6b500
CIRCLE: _ZN10AP_Vehicle4loopEv @ 0x6f4430
CIRCLE: _ZN12AP_Scheduler4loopEv @ 0x6f46d0
CIRCLE: _ZN12AP_Scheduler17get_loop_period_sEv @ 0xa6e3e0
CIRCLE: _ZN17AP_InertialSensor15wait_for_sampleEv @ 0x6f4c70
CIRCLE: _ZN12AP_Scheduler4tickEv @ 0x6f51b0
CIRCLE: _ZN12AP_Scheduler3runEj @ 0x6f5210
CIRCLE: _ZN2AP8PerfInfo15check_loop_timeEj @ 0x6f57c0
CIRCLE: _ZL15fill_nanf_stackv @ 0x6f5950
CIRCLE: _ZN2AP8PerfInfo16update_task_infoEhtb @ 0x6f59a0
CIRCLE: _ZNK7AP_AHRS24_get_primary_accel_indexEv @ 0x6fc370
CIRCLE: _ZNK7AP_AHRS22_get_primary_IMU_indexEv @ 0x6fc3c0
CIRCLE: _ZNK7NavEKF322getPrimaryCoreIMUIndexEv @ 0x6fc520
CIRCLE: _ZNK17AP_InertialSensor21get_first_usable_gyroEv @ 0xa6e850
CIRCLE: _ZNK12NavEKF3_core11getIMUIndexEv @ 0xa6e8a0
CIRCLE: _ZNK14AP_BattMonitor17has_cell_voltagesEh @ 0x6fc650
CIRCLE: _ZN2AP3EFIEv @ 0x6fcea0
CIRCLE: _ZN6AP_EFI13get_singletonEv @ 0xa6f230
CIRCLE: _ZN7FunctorIvJEE14method_wrapperI10AP_VehicleXadL_ZNS2_18fence_checks_asyncEvEEEEvPv @ 0xa6fbd0
CIRCLE: _ZN13AP_Filesystem5writeEiPKvj @ 0x6fdb10
CIRCLE: _ZL3MAXIjjEDTqugtfp_fp0_fp_fp0_ERKT_RKT0_.4125 @ 0x70c160
CIRCLE: _ZN15ekf_ring_buffer4pushEPKv @ 0x70c1e0
CIRCLE: _ZNK15ekf_ring_buffer10get_offsetEh @ 0x70c2e0
CIRCLE: _ZL7radiansf.4130 @ 0x70d680
CIRCLE: _ZN11QuaternionTIdEC2Edddd @ 0xa74a00
CIRCLE: _ZN11QuaternionTIfEmLERKS0_ @ 0xa74ab0
CIRCLE: _ZN2AP5statsEv @ 0x70fde0
CIRCLE: _ZN8AP_Stats13get_singletonEv @ 0xa759a0
CIRCLE: _ZNK7AP_AHRS8get_gyroEv @ 0xa78420
CIRCLE: _ZNK7AP_AHRS17airspeed_estimateERf @ 0x73b660
CIRCLE: _ZNK17AP_InertialSensor20get_vibration_levelsEv @ 0xa784e0
CIRCLE: _ZNK17AP_InertialSensor20get_vibration_levelsEh @ 0x73b760
CIRCLE: _ZNK10DigitalLPFI7Vector3IfEE3getEv @ 0xa78560
CIRCLE: _ZN7AP_AHRS25Log_Write_Home_And_OriginEv @ 0x73c260
CIRCLE: _ZNK7AP_AHRS12Write_OriginENS_13LogOriginTypeERK8Location @ 0x73c330
CIRCLE: _ZNK11QuaternionTIdE7is_zeroEv @ 0xa78610
CIRCLE: _ZN12NavEKF3_core18getEarthFieldTableERK8Location @ 0x73ce30
CIRCLE: _ZN14AP_Declination15get_declinationEff @ 0x73cf30
CIRCLE: _ZNK12NavEKF3_core14MagDeclinationEv @ 0x73cfc0
CIRCLE: _ZN12NavEKF3_core8zeroRowsERA24_A24_dhh @ 0x73d0a0
CIRCLE: _ZN12NavEKF3_core8zeroColsERA24_A24_dhh @ 0x73d160
CIRCLE: _ZN18NavEKF_core_common10zero_rangeEPdhh @ 0xa787b0
CIRCLE: _ZN12NavEKF3_core13ForceSymmetryEv @ 0x73e280
CIRCLE: _ZN12NavEKF3_core18ConstrainVariancesEv @ 0x73e3d0
CIRCLE: _ZN11QuaternionTIdE9normalizeEv @ 0xa78840
CIRCLE: _ZNK11QuaternionTIdE6lengthEv @ 0xa78920
CIRCLE: _Z20constrain_value_lineIdET_S0_S0_S0_j @ 0xa789e0
CIRCLE: _Z2sqI9AP_ParamTIfL11ap_var_type4EEEdT_ @ 0xa78b00
CIRCLE: _ZNK9AP_ParamTIfL11ap_var_type4EEcvdEv @ 0xa78b60
CIRCLE: _ZL7radiansf.4333 @ 0x73ee40
CIRCLE: _ZL2sqf.4255 @ 0x73f960
CIRCLE: _ZNK8Location21get_distance_NE_ftypeERKS_ @ 0x73fab0
CIRCLE: _ZN16EKF_IMU_buffer_tIN12NavEKF3_core15output_elementsEEixEj @ 0xa78c80
CIRCLE: _ZNK14ekf_imu_buffer3getEh @ 0x73fd60
CIRCLE: _ZNK14ekf_imu_buffer10get_offsetEh @ 0x73fdc0
CIRCLE: _ZNK14AP_BattMonitor11consumed_whERfh @ 0x741960
CIRCLE: _ZNK6AP_GPS8get_vdopEh @ 0xa78de0
CIRCLE: _ZNK6AP_GPS16last_fix_time_msEh @ 0xa78e50
CIRCLE: _ZNK6AP_GPS20last_message_time_msEh @ 0xa78ec0
CIRCLE: _ZNK6AP_GPS22have_vertical_velocityEh @ 0xa78f30
CIRCLE: _ZNK6AP_GPS18get_antenna_offsetEh @ 0x743ad0
CIRCLE: _ZNK14AP_GPS_Blended18get_antenna_offsetEv @ 0xa78fb0
CIRCLE: _ZNK6AP_GPS11gps_yaw_degEhRfS0_Rj @ 0x743ba0
CIRCLE: _ZNK6AP_GPS11is_rtk_baseEh @ 0x743d90
CIRCLE: _ZNK6AP_GPS12have_gps_yawEh @ 0xa79000
CIRCLE: _ZNK12AP_Proximity10get_statusEv @ 0x744ad0
CIRCLE: _ZNK12AP_Proximity11num_sensorsEv @ 0xa790a0
CIRCLE: _ZNK11RangeFinder11num_sensorsEv @ 0xa790f0
CIRCLE: _ZNK10AP_Vehicle18get_time_flying_msEv @ 0xa795b0
CIRCLE: _ZN12SRV_Channels23get_output_channel_maskEN11SRV_Channel8FunctionE @ 0x74b8f0
CIRCLE: _ZN11SRV_Channel9output_chEv @ 0x74c710
CIRCLE: _ZN11SRV_Channel12set_overrideEb @ 0xa797b0
CIRCLE: _ZN12SRV_Channels17set_output_scaledEN11SRV_Channel8FunctionEf @ 0x74d030
CIRCLE: _ZNK10AP_Mission5stateEv @ 0xa79b70
CIRCLE: _ZN19AP_ServoRelayEvents13update_eventsEv @ 0x756040
CIRCLE: _ZN17AP_Logger_Backend17Write_Mission_CmdERK10AP_MissionRKNS0_15Mission_CommandE11LogMessages @ 0x756290
CIRCLE: _ZNK9AP_Follow11have_targetEv @ 0x75a5e0
CIRCLE: _ZN9AP_Follow13get_singletonEv @ 0xa7a950
CIRCLE: _ZN18AR_AttitudeControl21get_steering_rate_pidEv @ 0xa7a9e0
CIRCLE: _ZNK6AC_PID12get_pid_infoEv @ 0xa7aa30
CIRCLE: _ZN12AP_Scripting19is_handling_commandEt @ 0x75ef60
CIRCLE: _ZNK7Vector3IfE6is_infEv @ 0xa7b410
CIRCLE: _ZN7Vector2IfE9normalizeEv @ 0xa7b740
CIRCLE: _ZN7Vector2IfEdVEf @ 0xa7b7a0
CIRCLE: _ZNK7Vector2IfE6is_infEv @ 0xa7b820
CIRCLE: _ZL3MAXIjjEDTqugtfp_fp0_fp_fp0_ERKT_RKT0_.5595 @ 0x791640
CIRCLE: _ZN9AP_Logger19file_content_updateEv @ 0x791840
CIRCLE: _ZN9AP_Logger19file_content_updateERNS_11FileContentE @ 0x7919a0
CIRCLE: _ZN9AP_Logger24WriteBlock_first_succeedEPKvt @ 0x791db0
CIRCLE: _ZN17AP_Logger_Backend13Write_MessageEPKc @ 0x7921e0
CIRCLE: _ZNK19LoggerMessageWriter32out_of_time_for_writing_messagesEv @ 0x7922a0
CIRCLE: _ZN38LoggerMessageWriter_WriteEntireMission7processEv @ 0x7925d0
CIRCLE: _ZN30LoggerMessageWriter_DFLogStart7processEv @ 0x792fa0
CIRCLE: _ZNK30LoggerMessageWriter_DFLogStart35out_of_time_for_writing_messages_dfEv @ 0x7935a0
CIRCLE: _ZNK17AP_Logger_Backend22vehicle_message_writerEv @ 0x793b40
CIRCLE: _ZN17AP_Logger_Backend14periodic_tasksEv @ 0x794200
CIRCLE: _ZNK17AP_Logger_Backend13StartNewLogOKEv @ 0x7945f0
CIRCLE: _ZN17AP_Logger_Backend24WriteMoreStartupMessagesEv @ 0x7946d0
CIRCLE: _ZNK17AP_Logger_Backend15logging_enabledEv @ 0x7966f0
CIRCLE: _ZN17AP_Logger_Backend13periodic_10HzEj @ 0x796820
CIRCLE: _ZN17AP_Logger_Backend12periodic_1HzEv @ 0x796870
CIRCLE: _ZN17AP_Logger_Backend15push_log_blocksEv @ 0x796900
CIRCLE: _ZN17AP_Logger_Backend12df_stats_logEv @ 0x796960
CIRCLE: _ZN17AP_Logger_Backend26Write_AP_Logger_Stats_FileERKNS_8df_statsE @ 0x7969d0
CIRCLE: _ZN17AP_Logger_Backend14df_stats_clearEv @ 0x796ae0
CIRCLE: _ZNK30LoggerMessageWriter_DFLogStart8fmt_doneEv @ 0xa7d820
CIRCLE: _ZNK17AP_Logger_Backend40non_messagewriter_message_reserved_spaceEj @ 0xa7d880
CIRCLE: _ZNK17AP_Logger_Backend31critical_message_reserved_spaceEj @ 0xa7d8f0
CIRCLE: _ZN17AP_Logger_Backend15df_stats_gatherEtj @ 0x798fb0
CIRCLE: _ZNK14AP_Logger_File15logging_startedEv @ 0xa7dd80
CIRCLE: _ZN14AP_Logger_File21bufferspace_availableEv @ 0x79bcb0
CIRCLE: _ZNK14AP_Logger_File14logging_failedEv @ 0x79c2c0
CIRCLE: _ZN14AP_Logger_File8io_timerEv @ 0x79c380
CIRCLE: _ZN14AP_Logger_File12periodic_1HzEv @ 0x79c950
CIRCLE: _ZN14AP_Logger_File17periodic_fullrateEv @ 0x79cc00
CIRCLE: _ZNK14AP_Logger_File8WritesOKEv @ 0x79cc50
CIRCLE: _ZNK14AP_Logger_File13StartNewLogOKEv @ 0x79cce0
CIRCLE: _ZN14AP_Logger_File22_WritePrioritisedBlockEPKvtb @ 0x79ce90
CIRCLE: _ZN7AP_AHRS6updateEb @ 0x79d100
CIRCLE: _ZN7AP_AHRS18update_orientationEv @ 0x79d440
CIRCLE: _ZN17AP_InertialSensor6updateEv @ 0x79d540
CIRCLE: _ZN7AP_AHRS29update_trim_rotation_matricesEv @ 0x79dbb0
CIRCLE: _ZN7AP_AHRS10update_DCMEv @ 0x79dcc0
CIRCLE: _ZN7AP_AHRS12update_flagsEv @ 0x79dd60
CIRCLE: _ZN7AP_AHRS11update_SITLEv @ 0x79de20
CIRCLE: _ZN7AP_AHRS15update_externalEv @ 0x79ded0
CIRCLE: _ZN7AP_AHRS11update_EKF2Ev @ 0x79dff0
CIRCLE: _ZN7AP_AHRS11update_EKF3Ev @ 0x79e4e0
CIRCLE: _ZNK7AP_AHRS14get_gyro_driftEv @ 0xa7dde0
CIRCLE: _ZN7AP_AHRS14update_AOA_SSAEv @ 0x79ecd0
CIRCLE: _ZNK7AP_AHRS16_active_EKF_typeEv @ 0x79ed20
CIRCLE: _ZN7AP_AHRS12update_stateEv @ 0x79f250
CIRCLE: _ZNK7AP_AHRS23_get_primary_gyro_indexEv @ 0x79f4f0
CIRCLE: _ZNK7AP_AHRS23_get_primary_core_indexEv @ 0x79f5a0
CIRCLE: _ZNK7AP_AHRS14_wind_estimateER7Vector3IfE @ 0x79f670
CIRCLE: _ZN15AP_AHRS_Backend11get_EAS2TASEv @ 0x79f7a0
CIRCLE: _ZNK7AP_AHRS13_airspeed_EASERfRNS_20AirspeedEstimateTypeE @ 0x79f7e0
CIRCLE: _ZNK7AP_AHRS13_airspeed_TASERf @ 0x79fd60
CIRCLE: _ZNK7AP_AHRS13_airspeed_TASER7Vector3IfE @ 0x79fe70
CIRCLE: _ZNK7AP_AHRS15_get_quaternionER11QuaternionTIfE @ 0x79ff50
CIRCLE: _ZNK7AP_AHRS23_get_secondary_attitudeER7Vector3IfE @ 0x7a0110
CIRCLE: _ZNK7AP_AHRS25_get_secondary_quaternionER11QuaternionTIfE @ 0x7a0310
CIRCLE: _ZNK7AP_AHRS13_get_locationER8Location @ 0x7a04c0
CIRCLE: _ZNK7AP_AHRS23_get_secondary_positionER8Location @ 0x7a0640
CIRCLE: _ZN7AP_AHRS19_groundspeed_vectorEv @ 0x7a0790
CIRCLE: _ZN7AP_AHRS12_groundspeedEv @ 0x7a08c0
CIRCLE: _ZNK7AP_AHRS29_getCorrectedDeltaVelocityNEDER7Vector3IfERf @ 0x7a0990
CIRCLE: _ZNK7AP_AHRS17_get_velocity_NEDER7Vector3IfE @ 0x7a0c20
CIRCLE: _ZNK7NavEKF39getVelNEDER7Vector3IfE @ 0x7a0de0
CIRCLE: _ZNK12NavEKF3_core9getVelNEDER7Vector3IfE @ 0x7a1110
CIRCLE: _ZNK7NavEKF312getAccelBiasEaR7Vector3IfE @ 0x7a1300
CIRCLE: _ZNK17AP_InertialSensor18get_delta_velocityEhR7Vector3IfERf @ 0x7a13d0
CIRCLE: _ZNK7AP_AHRS43get_rotation_autopilot_body_to_vehicle_bodyEv @ 0xa7ded0
CIRCLE: _ZNK17AP_InertialSensor14get_delta_timeEv @ 0xa7df20
CIRCLE: _ZL3MINIffEDTqultfp_fp0_fp_fp0_ERKT_RKT0_.3149 @ 0x7a1580
CIRCLE: _ZL3MINIffEDTqultfp_fp0_fp_fp0_ERKT_RKT0_.1609 @ 0x7a1610
CIRCLE: _ZNK12NavEKF3_core12getAccelBiasER7Vector3IfE @ 0x7a16a0
CIRCLE: _ZL7radiansf.1596 @ 0x7a1d90
CIRCLE: _ZNK7AP_AHRS23_get_secondary_EKF_typeERNS_7EKFTypeE @ 0x7a1de0
CIRCLE: _ZNK7NavEKF36getLLHER8Location @ 0x7a1fd0
CIRCLE: _ZNK12NavEKF3_core6getLLHER8Location @ 0x7a2070
CIRCLE: _ZNK7AP_AHRS24fallback_active_EKF_typeEv @ 0x7a2640
CIRCLE: _ZNK11AP_AHRS_DCM14get_quaternionER11QuaternionTIfE @ 0x7a2690
CIRCLE: _ZNK7NavEKF313getQuaternionER11QuaternionTIfE @ 0x7a2790
CIRCLE: _ZN11QuaternionTIfE6rotateERK7Vector3IfE @ 0xa7e200
CIRCLE: _ZN11QuaternionTIfE15from_axis_angleE7Vector3IfE @ 0xa7e2b0
CIRCLE: _ZN15AP_ExternalAHRS14get_quaternionER11QuaternionTIfE @ 0x7a2890
CIRCLE: _ZNK12NavEKF3_core13getQuaternionER11QuaternionTIfE @ 0x7a2940
CIRCLE: _ZNK11QuaternionTIdE7tofloatEv @ 0xa7e390
CIRCLE: _ZNK7NavEKF314getEulerAnglesER7Vector3IfE @ 0x7a2af0
CIRCLE: _ZNK7NavEKF312getAirSpdVecER7Vector3IfE @ 0x7a2cd0
CIRCLE: _ZNK12NavEKF3_core12getAirSpdVecER7Vector3IfE @ 0x7a2d70
CIRCLE: _ZNK11QuaternionTIdE7inverseEv @ 0xa7e410
CIRCLE: _ZNK7AP_AHRS25get_active_airspeed_indexEv @ 0x7a3170
CIRCLE: _ZNK7AP_AHRS27_should_use_airspeed_sensorEh @ 0x7a3270
CIRCLE: _ZNK7AP_AHRS27get_wind_estimation_enabledEv @ 0xa7e4c0
CIRCLE: _ZNK7NavEKF37getWindER7Vector3IfE @ 0x7a3580
CIRCLE: _ZNK12NavEKF3_core7getWindER7Vector3IfE @ 0x7a36a0
CIRCLE: _ZN15AP_AHRS_Backend23airspeed_sensor_enabledEh @ 0xa7e580
CIRCLE: _ZNK7AP_AHRS23airspeed_sensor_enabledEh @ 0xa7e660
CIRCLE: _ZNK7AP_AHRS10option_setENS_7OptionsE @ 0xa7e6c0
CIRCLE: _ZNK7NavEKF317getActiveAirspeedEv @ 0x7a3870
CIRCLE: _ZNK12NavEKF3_core17getActiveAirspeedEv @ 0x7a3900
CIRCLE: _ZNK7AP_Baro12_get_EAS2TASEv @ 0x7a3950
CIRCLE: _ZNK7AP_Baro20get_EAS2TAS_extendedEf @ 0x7a39c0
CIRCLE: _ZNK7NavEKF319getPrimaryCoreIndexEv @ 0x7a3c90
CIRCLE: _ZNK7NavEKF326configuredToUseGPSForPosXYEv @ 0x7a3eb0
CIRCLE: _ZNK11AP_AHRS_DCM20yaw_source_availableEv @ 0x7a3f30
CIRCLE: _ZNK16AP_NavEKF_Source14getPosXYSourceEh @ 0xa7e820
CIRCLE: _ZNK7AP_AHRS9calc_trigERK7Matrix3IfERfS4_S4_S4_S4_S4_ @ 0x7a3fe0
CIRCLE: _ZNK9AP_Logger15allow_start_ekfEv @ 0x7a43d0
CIRCLE: _ZN7NavEKF312UpdateFilterEv @ 0x7a4aa0
CIRCLE: _ZNK7NavEKF320getRotationBodyToNEDER7Matrix3IfE @ 0x7a5070
CIRCLE: _ZN7AP_AHRS16update_cd_valuesEv @ 0x7a5100
CIRCLE: _ZN7AP_AHRS11update_trigEv @ 0x7a5240
CIRCLE: _ZNK17AP_InertialSensor22get_first_usable_accelEv @ 0xa7e8a0
CIRCLE: _ZNK7NavEKF311getGyroBiasEaR7Vector3IfE @ 0x7a5320
CIRCLE: _ZN7AP_AHRS32update_notify_from_filter_statusERK17nav_filter_status @ 0x7a53f0
CIRCLE: _ZNK12NavEKF3_core11getGyroBiasER7Vector3IfE @ 0x7a54a0
CIRCLE: _ZL7degreesf.1550 @ 0x7a5580
CIRCLE: _ZN6AP_DAL11start_frameENS_9FrameTypeE @ 0x7a55d0
CIRCLE: _ZNK6AP_DAL8micros64Ev @ 0xa7e8f0
CIRCLE: _ZNK12NavEKF3_core21getFramesSincePredictEv @ 0x7a5ab0
CIRCLE: _ZN6AP_DAL22ekf_low_time_remainingENS_7EKFTypeEh @ 0x7a5b10
CIRCLE: _ZN12NavEKF3_core12UpdateFilterEb @ 0x7a5c50
CIRCLE: _ZNK6AP_DAL9get_armedEv @ 0xa7e940
CIRCLE: _ZN7NavEKF321updateCoreErrorScoresEv @ 0x7a5e80
CIRCLE: _ZN7NavEKF324updateCoreRelativeErrorsEv @ 0x7a5f40
CIRCLE: _ZNK7NavEKF315coreBetterScoreEhh @ 0x7a60e0
CIRCLE: _ZN16AP_NavEKF_Source22align_inactive_sourcesEv @ 0x7a62e0
CIRCLE: _ZNK16AP_NavEKF_Source13getPosZSourceEh @ 0x7a6590
CIRCLE: _ZNK7AP_EnumIN16AP_NavEKF_Source7SourceZEEcvKS1_Ev @ 0xa7ea20
CIRCLE: _ZL3MAXI9AP_ParamTIfL11ap_var_type4EEfEDTqugtfp_fp0_fp_fp0_ERKT_RKT0_.3912 @ 0x7a6770
CIRCLE: _ZN18NavEKF_core_common22fill_scratch_variablesEv @ 0x7a6800
CIRCLE: _ZN12NavEKF3_core23update_sensor_selectionEv @ 0x7a68a0
CIRCLE: _ZN12NavEKF3_core18controlFilterModesEv @ 0x7a6910
CIRCLE: _ZN12NavEKF3_core11readIMUDataEb @ 0x7a69e0
CIRCLE: _ZN12NavEKF3_core27UpdateStrapdownEquationsNEDEv @ 0x7a72b0
CIRCLE: _ZN12NavEKF3_core20CovariancePredictionEP7Vector3IdE @ 0x7a7790
CIRCLE: _ZN12NavEKF3_core25runYawEstimatorPredictionEv @ 0x7b1f80
CIRCLE: _ZN12NavEKF3_core15SelectMagFusionEv @ 0x7b20e0
CIRCLE: _ZN12NavEKF3_core18SelectVelPosFusionEv @ 0x7b2e10
CIRCLE: _ZN12NavEKF3_core25runYawEstimatorCorrectionEv @ 0x7b37d0
CIRCLE: _ZN12NavEKF3_core18SelectRngBcnFusionEv @ 0x7b39c0
CIRCLE: _ZN12NavEKF3_core16SelectFlowFusionEv @ 0x7b3af0
CIRCLE: _ZN12NavEKF3_core20SelectBodyOdomFusionEv @ 0x7b3dd0
CIRCLE: _ZN12NavEKF3_core15SelectTasFusionEv @ 0x7b4080
CIRCLE: _ZN12NavEKF3_core20SelectBetaDragFusionEv @ 0x7b4180
CIRCLE: _ZN12NavEKF3_core18updateFilterStatusEv @ 0x7b4440
CIRCLE: _ZN12NavEKF3_core13moveEKFOriginEv @ 0x7b4d80
CIRCLE: _ZN12NavEKF3_core21checkUpdateEarthFieldEv @ 0x7b4f30
CIRCLE: _ZN12NavEKF3_core16calcOutputStatesEv @ 0x7b4ff0
CIRCLE: _ZN12NavEKF3_core11readMagDataEv @ 0x7b6340
CIRCLE: _ZN12NavEKF3_core11readGpsDataEv @ 0x7b6850
CIRCLE: _ZN12NavEKF3_core14readGpsYawDataEv @ 0x7b71e0
CIRCLE: _ZN12NavEKF3_core12readBaroDataEv @ 0x7b7310
CIRCLE: _ZN6AP_DAL3insEv @ 0xa7ead0
CIRCLE: _ZNK21AP_DAL_InertialSensor9get_accelEh @ 0xa7eb20
CIRCLE: _ZL2sqf.4316 @ 0x7b9340
CIRCLE: _ZNK16AP_NavEKF_Source13useVelZSourceENS_7SourceZEh @ 0x7b94b0
CIRCLE: _ZNK12NavEKF3_core26CorrectGPSForAntennaOffsetERNS_12gps_elementsE @ 0x7b95e0
CIRCLE: _ZNK10AP_DAL_GPS18get_antenna_offsetEh @ 0xa7edf0
CIRCLE: _ZNK7Vector3IdErmERKS0_ @ 0xa7ee60
CIRCLE: _ZNK7Matrix3IdE13mul_transposeERK7Vector3IdE @ 0xa7ef40
CIRCLE: _ZN7Vector3IdEdVEd @ 0xa7f050
CIRCLE: _ZNK21AP_DAL_InertialSensor16get_loop_delta_tEv @ 0xa7f0e0
CIRCLE: _ZNK14AP_DAL_Compass16get_first_usableEv @ 0xa7f500
CIRCLE: _ZNK11AP_DAL_Baro15get_last_updateEh @ 0xa7f770
CIRCLE: _ZNK11AP_DAL_Baro12get_altitudeEh @ 0xa7f7e0
CIRCLE: _ZN16EKF_obs_buffer_tIN12NavEKF3_core13baro_elementsEE4pushERKS1_ @ 0xa7f850
CIRCLE: _ZNK10AP_DAL_GPS11gps_yaw_degEhRfS0_Rj @ 0xa7f8c0
CIRCLE: _ZL3MAXIfdEDTqugtfp_fp0_fp_fp0_ERKT_RKT0_ @ 0x7b9fe0
CIRCLE: _ZNK10AP_DAL_GPS20last_message_time_msEh @ 0xa7f9e0
CIRCLE: _ZNK10AP_DAL_GPS7get_lagEhRf @ 0xa7fa50
CIRCLE: _ZL3MINIjjEDTqultfp_fp0_fp_fp0_ERKT_RKT0_.4133 @ 0x7ba1e0
CIRCLE: _ZNK10AP_DAL_GPS8velocityEh @ 0xa7fb00
CIRCLE: _ZNK10AP_DAL_GPS22have_vertical_velocityEh @ 0xa7fb70
CIRCLE: _ZNK10AP_DAL_GPS14speed_accuracyEhRf @ 0xa7fbf0
CIRCLE: _ZL3MAXIdfEDTqugtfp_fp0_fp_fp0_ERKT_RKT0_.4129 @ 0x7ba260
CIRCLE: _ZL3MINIdfEDTqultfp_fp0_fp_fp0_ERKT_RKT0_ @ 0x7ba300
CIRCLE: _ZL3MAXId9AP_ParamTIfL11ap_var_type4EEEDTqugtfp_fp0_fp_fp0_ERKT_RKT0_ @ 0x7ba3a0
CIRCLE: _ZNK10AP_DAL_GPS19horizontal_accuracyEhRf @ 0xa7fca0
CIRCLE: _ZNK10AP_DAL_GPS17vertical_accuracyEhRf @ 0xa7fd50
CIRCLE: _ZNK10AP_DAL_GPS8num_satsEh @ 0xa7fe00
CIRCLE: _ZN12NavEKF3_core18calcGpsGoodToAlignEv @ 0x7ba450
CIRCLE: _ZN12NavEKF3_core20calcGpsGoodForFlightEv @ 0x7bb3b0
CIRCLE: _ZN16EKF_obs_buffer_tIN12NavEKF3_core12gps_elementsEE4pushERKS1_ @ 0xa7fe70
CIRCLE: _ZL3MAXIddEDTqugtfp_fp0_fp_fp0_ERKT_RKT0_.4294 @ 0x7bb870
CIRCLE: _ZL3MINIdfEDTqultfp_fp0_fp_fp0_ERKT_RKT0_.4281 @ 0x7bb8f0
CIRCLE: _ZNK10AP_DAL_GPS8get_hdopEh @ 0xa7fee0
CIRCLE: _ZNK14AP_DAL_Compass9availableEv @ 0xa7ff50
CIRCLE: _ZNK14AP_DAL_Compass9get_countEv @ 0xa7ffb0
CIRCLE: _ZNK14AP_DAL_Compass21learn_offsets_enabledEv @ 0xa80000
CIRCLE: _ZNK14AP_DAL_Compass7healthyEh @ 0xa80060
CIRCLE: _ZNK14AP_DAL_Compass16last_update_usecEh @ 0xa800d0
CIRCLE: _ZNK14AP_DAL_Compass11get_offsetsEh @ 0xa80140
CIRCLE: _ZNK7Vector3IdEneERKS0_ @ 0xa801b0
CIRCLE: _ZN12NavEKF3_core12mag_elementsC2Ev @ 0xa80280
CIRCLE: _ZNK14AP_DAL_Compass9get_fieldEh @ 0xa802e0
CIRCLE: _ZNK14AP_DAL_Compass10consistentEv @ 0xa80350
CIRCLE: _ZN16EKF_obs_buffer_tIN12NavEKF3_core12mag_elementsEE4pushERKS1_ @ 0xa803b0
CIRCLE: _Z8is_equalIddENSt3__19enable_ifIXsr3std17is_floating_pointINS0_11common_typeIJT_T0_EE4typeEEE5valueEbE4typeES3_S4_ @ 0xa80420
CIRCLE: _ZN12NavEKF3_core17correctDeltaAngleER7Vector3IdEdh @ 0x7bbbd0
CIRCLE: _ZN12NavEKF3_core20correctDeltaVelocityER7Vector3IdEdh @ 0x7bbc90
CIRCLE: _ZN11QuaternionTIdEC2Ev @ 0xa804a0
CIRCLE: _ZN11QuaternionTIdE15from_axis_angleE7Vector3IdE @ 0xa80510
CIRCLE: _ZN11QuaternionTIdEmLERKS0_ @ 0xa805d0
CIRCLE: _ZNK11QuaternionTIdE15rotation_matrixER7Matrix3IdE @ 0xa80770
CIRCLE: _ZNK21AP_DAL_InertialSensor8get_gyroEh @ 0xa80960
CIRCLE: _ZNK6AP_DAL20get_takeoff_expectedEv @ 0xa80a70
CIRCLE: _ZN16EKF_IMU_buffer_tIN12NavEKF3_core12imu_elementsEE18get_youngest_indexEv @ 0xa80ae0
CIRCLE: _ZN16EKF_IMU_buffer_tIN12NavEKF3_core12imu_elementsEE16get_oldest_indexEv @ 0xa80b40
CIRCLE: _ZNK11QuaternionTIdEdvERKS0_ @ 0xa80ba0
CIRCLE: _ZN11QuaternionTIdEixEh @ 0xa80dc0
CIRCLE: _ZL3MAXIddEDTqugtfp_fp0_fp_fp0_ERKT_RKT0_.4344 @ 0x7bbdb0
CIRCLE: _ZN12NavEKF3_core15output_elementsC2Ev @ 0xa80e30
CIRCLE: _ZNK14ekf_imu_buffer16get_oldest_indexEv @ 0xa80eb0
CIRCLE: _ZNK14ekf_imu_buffer18get_youngest_indexEv @ 0xa80f00
CIRCLE: _ZN11QuaternionTIdE15from_axis_angleERK7Vector3IdEd @ 0xa80f50
CIRCLE: _ZNK6AP_DAL22get_touchdown_expectedEv @ 0xa81070
CIRCLE: _ZNK6AP_DAL11get_EAS2TASEv @ 0xa81150
CIRCLE: _ZN7Vector3IdEixEh @ 0xa81210
CIRCLE: _ZNK7Vector3IdEixEh @ 0xa81280
CIRCLE: _ZN7Vector2IdEixEh @ 0xa812f0
CIRCLE: _ZN15ekf_ring_buffer6recallEPvj @ 0x7c2910
CIRCLE: _ZNK15ekf_ring_buffer7time_msEh @ 0x7c2a70
CIRCLE: _ZN12NavEKF3_core14readAirSpdDataEv @ 0x7c2ae0
CIRCLE: _ZNK12NavEKF3_core11useAirspeedEv @ 0x7c47b0
CIRCLE: _ZNK6AP_DAL23airspeed_sensor_enabledEv @ 0xa81610
CIRCLE: _ZN16EKF_obs_buffer_tIN12NavEKF3_core16vel_odm_elementsEE6recallERS1_j @ 0xa81680
CIRCLE: _ZN16EKF_obs_buffer_tIN12NavEKF3_core18wheel_odm_elementsEE6recallERS1_j @ 0xa81700
CIRCLE: _ZN12NavEKF3_core11of_elementsC2Ev @ 0xa81780
CIRCLE: _ZN16EKF_obs_buffer_tIN12NavEKF3_core11of_elementsEE6recallERS1_j @ 0xa81810
CIRCLE: _ZNK7Vector2IdEixEh @ 0xa81890
CIRCLE: _ZN12NavEKF3_core14readRngBcnDataEv @ 0x7d1700
CIRCLE: _ZN10EKFGSF_yaw11fuseVelDataERK7Vector2IdEd @ 0x7d53b0
CIRCLE: _ZNK12NavEKF3_core13EKFGSF_getYawERdS0_ @ 0x7d57b0
CIRCLE: _ZNK11QuaternionTIdE8to_eulerERdS1_S1_ @ 0xa81d60
CIRCLE: _ZNK11QuaternionTIdE12to_vector312Ev @ 0xa81e10
CIRCLE: _ZN7Matrix3IdE13from_euler312Eddd @ 0xa82150
CIRCLE: _ZNK7Matrix3IdE11to_euler312Ev @ 0xa827f0
CIRCLE: _ZN7Matrix3IdEixEh @ 0xa828e0
CIRCLE: _ZNK10EKFGSF_yaw10getYawDataERdS0_Ph @ 0x7d6120
CIRCLE: _ZL7radiansf.4097 @ 0x7d6200
CIRCLE: _ZL2sqf.4095 @ 0x7d6250
CIRCLE: _ZNK10EKFGSF_yaw17getVelInnovLengthERd @ 0x7d62a0
CIRCLE: _ZN10EKFGSF_yaw7correctEhRK7Vector2IdEd @ 0x7d67c0
CIRCLE: _ZNK10EKFGSF_yaw15gaussianDensityEh @ 0x7d7b80
CIRCLE: _ZL3MAXIdfEDTqugtfp_fp0_fp_fp0_ERKT_RKT0_.3598 @ 0x7d7f00
CIRCLE: _ZN10EKFGSF_yaw13forceSymmetryEh @ 0x7d7fa0
CIRCLE: _ZN16EKF_obs_buffer_tIN12NavEKF3_core16ext_nav_elementsEE6recallERS1_j @ 0xa82a50
CIRCLE: _ZN16EKF_obs_buffer_tIN12NavEKF3_core20ext_nav_vel_elementsEE6recallERS1_j @ 0xa82ad0
CIRCLE: _ZNK12NavEKF3_core35CalculateVelInnovationsAndVariancesERK7Vector3IdEddRS1_S4_ @ 0x7d84d0
CIRCLE: _ZN16EKF_obs_buffer_tIN12NavEKF3_core12gps_elementsEE6recallERS1_j @ 0xa82b50
CIRCLE: _ZN12NavEKF3_core21selectHeightForFusionEv @ 0x7d8b10
CIRCLE: _ZN12NavEKF3_core13FuseVelPosNEDEv @ 0x7da010
CIRCLE: _ZL3MAXIdfEDTqugtfp_fp0_fp_fp0_ERKT_RKT0_.4269 @ 0x7dc360
CIRCLE: _ZL3MAXI9AP_ParamTIfL11ap_var_type4EEfEDTqugtfp_fp0_fp_fp0_ERKT_RKT0_.4270 @ 0x7dc400
CIRCLE: _ZN12NavEKF3_core15readRangeFinderEv @ 0x7dc490
CIRCLE: _ZN16EKF_obs_buffer_tIN12NavEKF3_core14range_elementsEE6recallERS1_j @ 0xa82bd0
CIRCLE: _ZN16EKF_obs_buffer_tIN12NavEKF3_core13baro_elementsEE6recallERS1_j @ 0xa82ca0
CIRCLE: _ZL3MAXIddEDTqugtfp_fp0_fp_fp0_ERKT_RKT0_.4118 @ 0x7dd060
CIRCLE: _ZL3MAXI9AP_ParamTIfL11ap_var_type4EEfEDTqugtfp_fp0_fp_fp0_ERKT_RKT0_.4107 @ 0x7dd230
CIRCLE: _ZN12NavEKF3_core12fuseEulerYawENS_15yawFusionMethodE @ 0x7dd2c0
CIRCLE: _ZN16EKF_obs_buffer_tIN12NavEKF3_core12yaw_elementsEE6recallERS1_j @ 0xa82f30
CIRCLE: _ZN16EKF_obs_buffer_tIN12NavEKF3_core12mag_elementsEE6recallERS1_j @ 0xa82fb0
CIRCLE: _ZN12NavEKF3_core18controlMagYawResetEv @ 0x7df260
CIRCLE: _ZNK7Matrix3IdEixEh @ 0xa83180
CIRCLE: _ZL3MAXIdfEDTqugtfp_fp0_fp_fp0_ERKT_RKT0_.4105 @ 0x7e60b0
CIRCLE: _ZN12NavEKF3_core17MagTableConstrainEv @ 0x7e6150
CIRCLE: _ZNK11QuaternionTIdE13to_axis_angleER7Vector3IdE @ 0xa831f0
CIRCLE: _ZN10EKFGSF_yaw6updateERK7Vector3IdES3_ddbd @ 0x7e68d0
CIRCLE: _ZN10EKFGSF_yaw7predictEh @ 0x7e7360
CIRCLE: _ZN10EKFGSF_yaw11predictAHRSEh @ 0x7e7eb0
CIRCLE: _ZL7radiansf.3596 @ 0x7e8430
CIRCLE: _ZL2sqf.3597 @ 0x7e8480
CIRCLE: _ZNK10EKFGSF_yaw12updateRotMatERK7Matrix3IdERK7Vector3IdE @ 0x7e84d0
CIRCLE: _ZN12NavEKF3_core21calcTiltErrorVarianceEv @ 0x7e8db0
CIRCLE: _ZN12NavEKF3_core23verifyTiltErrorVarianceEv @ 0x7e9490
CIRCLE: _ZL3MINIffEDTqultfp_fp0_fp_fp0_ERKT_RKT0_.4336 @ 0x7e9890
CIRCLE: _ZN11QuaternionTIdE6rotateERK7Vector3IdE @ 0xa837b0
CIRCLE: _ZN12NavEKF3_core15ConstrainStatesEv @ 0x7e9920
CIRCLE: _ZNK21AP_DAL_InertialSensor9use_accelEh @ 0xa83870
CIRCLE: _ZNK21AP_DAL_InertialSensor8use_gyroEh @ 0xa83940
CIRCLE: _ZN12NavEKF3_core19learnInactiveBiasesEv @ 0x7e9d60
CIRCLE: _ZN12NavEKF3_core19updateMovementCheckEv @ 0x7ea2d0
CIRCLE: _ZN12NavEKF3_core17readDeltaVelocityEhR7Vector3IdERd @ 0x7eab70
CIRCLE: _ZNK21AP_DAL_InertialSensor18get_imu_pos_offsetEh @ 0xa83a10
CIRCLE: _ZN12NavEKF3_core14readDeltaAngleEhR7Vector3IdERd @ 0x7eacc0
CIRCLE: _ZN16EKF_IMU_buffer_tIN12NavEKF3_core12imu_elementsEE21push_youngest_elementES1_ @ 0xa83a80
CIRCLE: _ZN12NavEKF3_core14SampleDragDataERKNS_12imu_elementsE @ 0x7eade0
CIRCLE: _ZN16EKF_IMU_buffer_tIN12NavEKF3_core12imu_elementsEE18get_oldest_elementEv @ 0xa83ae0
CIRCLE: _ZN12NavEKF3_core22updateTimingStatisticsEv @ 0x7eb090
CIRCLE: _ZL3MINIfdEDTqultfp_fp0_fp_fp0_ERKT_RKT0_ @ 0x7eb340
CIRCLE: _ZN12NavEKF3_core12imu_elementsC2Ev @ 0xa83b60
CIRCLE: _ZN14ekf_imu_buffer18get_oldest_elementEPv @ 0x7eb3e0
CIRCLE: _ZN14ekf_imu_buffer21push_youngest_elementEPKv @ 0x7eb4a0
CIRCLE: _ZNK21AP_DAL_InertialSensor14get_gyro_countEv @ 0xa83c40
CIRCLE: _ZNK21AP_DAL_InertialSensor15get_delta_angleEhR7Vector3IfERf @ 0xa83c90
CIRCLE: _ZNK21AP_DAL_InertialSensor15get_accel_countEv @ 0xa83d90
CIRCLE: _ZNK21AP_DAL_InertialSensor18get_delta_velocityEhR7Vector3IfERf @ 0xa83de0
CIRCLE: _ZL7radiansi.4131 @ 0x7eb590
CIRCLE: _ZN12NavEKF3_core12detectFlightEv @ 0x7eb5f0
CIRCLE: _ZN12NavEKF3_core27setWindMagStateLearningModeEv @ 0x7ebab0
CIRCLE: _ZN12NavEKF3_core28checkAttitudeAlignmentStatusEv @ 0x7ec350
CIRCLE: _ZN12NavEKF3_core13setAidingModeEv @ 0x7ec460
CIRCLE: _ZN12NavEKF3_core12setYawSourceEv @ 0x7ed3d0
CIRCLE: _ZN12NavEKF3_core18checkGyroCalStatusEv @ 0x7ed4a0
CIRCLE: _ZL3MINIttEDTqultfp_fp0_fp_fp0_ERKT_RKT0_ @ 0x7edb80
CIRCLE: _ZL7radiansd.4050 @ 0x7edc00
CIRCLE: _ZN12NavEKF3_core19updateStateIndexLimEv @ 0x7edcf0
CIRCLE: _ZNK6AP_DAL18get_time_flying_msEv @ 0xa83ed0
CIRCLE: _ZN12NavEKF3_core20update_gps_selectionEv @ 0x7edee0
CIRCLE: _ZN12NavEKF3_core20update_mag_selectionEv @ 0x7edfe0
CIRCLE: _ZN12NavEKF3_core21update_baro_selectionEv @ 0x7ee120
CIRCLE: _ZN12NavEKF3_core25update_airspeed_selectionEv @ 0x7ee200
CIRCLE: _ZNK11AP_DAL_Baro11get_primaryEv @ 0xa83f70
CIRCLE: _Z9fill_nanfPdt @ 0x7ee310
CIRCLE: _ZNK17AP_InertialSensor20get_last_update_usecEv @ 0xa84030
CIRCLE: _ZNK17AP_InertialSensor16get_loop_delta_tEv @ 0xa84080
CIRCLE: _ZNK7AP_AHRS17get_vehicle_classEv @ 0xa840d0
CIRCLE: _ZNK7AP_AHRS20get_takeoff_expectedEv @ 0xa84120
CIRCLE: _ZNK7AP_AHRS22get_touchdown_expectedEv @ 0xa84180
CIRCLE: _ZNK7AP_AHRS8get_trimEv @ 0xa841e0
CIRCLE: _ZN2AP12wheelencoderEv @ 0x7ee730
CIRCLE: _ZNK15AP_WheelEncoder11num_sensorsEv @ 0xa84240
CIRCLE: _ZNK7AP_AHRS43get_rotation_vehicle_body_to_autopilot_bodyEv @ 0xa84290
CIRCLE: _ZN21AP_DAL_InertialSensor11start_frameEv @ 0x7ee770
CIRCLE: _ZN11AP_DAL_Baro11start_frameEv @ 0x7ee9f0
CIRCLE: _ZN10AP_DAL_GPS11start_frameEv @ 0x7eeb60
CIRCLE: _ZN14AP_DAL_Compass11start_frameEv @ 0x7eef60
CIRCLE: _ZNK9AP_Beacon7enabledEv @ 0x7efa10
CIRCLE: _ZNK9AP_Beacon12device_readyEv @ 0x7efd50
CIRCLE: _ZNK7AP_EnumIN9AP_Beacon4TypeEEcvKS1_Ev @ 0xa84340
CIRCLE: _ZNK7Compass24auto_declination_enabledEv @ 0xa84490
CIRCLE: _ZNK7Compass15get_declinationEv @ 0x7efec0
CIRCLE: _ZNK7Compass15get_num_enabledEv @ 0x7eff20
CIRCLE: _ZNK7Compass16get_first_usableEv @ 0xa84500
CIRCLE: _ZNK7Compass17have_scale_factorEh @ 0x7effe0
CIRCLE: _ZNK7Compass16last_update_usecEh @ 0xa84550
CIRCLE: _ZNK14typesafe_indexIh14TAG_StateIndexEgeERKh @ 0xa845d0
CIRCLE: _ZNK7AP_Baro11get_primaryEv @ 0xa84640
CIRCLE: _ZNK7AP_Baro15get_last_updateEh @ 0xa84690
CIRCLE: _ZNK17AP_InertialSensor16get_loop_rate_hzEv @ 0xa84700
CIRCLE: _ZNK17AP_InertialSensor15get_delta_angleEhR7Vector3IfERf @ 0x7f0120
CIRCLE: _ZN21AP_DAL_InertialSensor15update_filteredEh @ 0x7f02f0
CIRCLE: _ZNK17AP_InertialSensor18get_imu_pos_offsetEh @ 0xa84750
CIRCLE: _ZNK17AP_InertialSensor10_accel_posEh @ 0xa847b0
CIRCLE: _ZN17AP_InertialSensor10_accel_posEh @ 0xa84810
CIRCLE: _ZN15AP_WheelEncoder13get_singletonEv @ 0xa84880
CIRCLE: _ZN7NavEKF216InitialiseFilterEv @ 0x7f2d80
CIRCLE: _ZNK6AP_DAL12get_ekf_typeEv @ 0xa87070
CIRCLE: _ZN16AP_AHRS_External6updateEv @ 0x826160
CIRCLE: _ZN16AP_AHRS_External11get_resultsERN15AP_AHRS_Backend9EstimatesE @ 0x8261b0
CIRCLE: _ZN7AP_AHRS37copy_estimates_from_backend_estimatesERKN15AP_AHRS_Backend9EstimatesE @ 0x826400
CIRCLE: _ZN15AP_ExternalAHRS6updateEv @ 0x8266e0
CIRCLE: _ZL7degreesf.9850 @ 0x826a10
CIRCLE: _ZN11AP_AHRS_SIM6updateEv @ 0xa87c30
CIRCLE: _ZN11AP_AHRS_SIM11get_resultsERN15AP_AHRS_Backend9EstimatesE @ 0x826a60
CIRCLE: _ZN11AP_AHRS_DCM6updateEv @ 0x827640
CIRCLE: _ZN11AP_AHRS_DCM11get_resultsERN15AP_AHRS_Backend9EstimatesE @ 0x827960
CIRCLE: _ZN11AP_AHRS_DCM13matrix_updateEv @ 0x827a80
CIRCLE: _ZN11AP_AHRS_DCM9normalizeEv @ 0x827cd0
CIRCLE: _ZN11AP_AHRS_DCM16drift_correctionEf @ 0x827ef0
CIRCLE: _ZN11AP_AHRS_DCM12check_matrixEv @ 0x829250
CIRCLE: _ZN11AP_AHRS_DCM15backup_attitudeEv @ 0x829350
CIRCLE: _ZNK11AP_AHRS_DCM12get_error_rpEv @ 0xa87cf0
CIRCLE: _ZNK11AP_AHRS_DCM13get_error_yawEv @ 0xa87d40
CIRCLE: _ZN7Matrix3IfE6is_nanEv @ 0xa87d90
CIRCLE: _ZN11AP_AHRS_DCM20drift_correction_yawEv @ 0x829840
CIRCLE: _ZNK6AP_GPS16last_fix_time_msEv @ 0xa87ea0
CIRCLE: _ZL3MAXIfiEDTqugtfp_fp0_fp_fp0_ERKT_RKT0_.1607 @ 0x829d60
CIRCLE: _ZNK11AP_AHRS_DCM26should_correct_centrifugalEv @ 0x829e00
CIRCLE: _ZN11AP_AHRS_DCM10ra_delayedEhRK7Vector3IfE @ 0x829e50
CIRCLE: _ZNK17AP_InertialSensor7healthyEv @ 0xa87f00
CIRCLE: _ZN11AP_AHRS_DCM7_P_gainEf @ 0x829f50
CIRCLE: _ZNK11AP_AHRS_DCM14use_fast_gainsEv @ 0x82a030
CIRCLE: _ZL7radiansi.1608 @ 0x82a0c0
CIRCLE: _ZNK17AP_InertialSensor19get_gyro_drift_rateEv @ 0xa87f80
CIRCLE: _ZNK17AP_InertialSensor15get_gyro_healthEv @ 0xa87fd0
CIRCLE: _ZNK17AP_InertialSensor16get_accel_healthEv @ 0xa88030
CIRCLE: _ZNK7Compass16last_update_usecEv @ 0xa88090
CIRCLE: _ZN7Compass4readEv @ 0x82a120
CIRCLE: _ZN11AP_AHRS_DCM17yaw_error_compassER7Compass @ 0x82a4f0
CIRCLE: _ZNK11AP_AHRS_DCM9_yaw_gainEv @ 0x82a670
CIRCLE: _ZNK7Matrix3IfE5mulXYERK7Vector3IfE @ 0xa880f0
CIRCLE: _ZNK7Vector2IfErmERKS0_ @ 0xa881c0
CIRCLE: _ZN7Compass15_detect_runtimeEv @ 0x82a820
CIRCLE: _ZN9AP_Logger13Write_CompassEv @ 0x82ab50
CIRCLE: _ZN19RestrictIDTypeArrayI9AP_ParamTIaL11ap_var_type1EELj3E14typesafe_indexIh12TAG_PriorityEEixERKS5_ @ 0xa88240
CIRCLE: _ZN9AP_Logger22Write_Compass_instanceEmh @ 0x82abf0
CIRCLE: _ZNK7Compass17get_motor_offsetsEh @ 0xa882c0
CIRCLE: _ZN18AP_Compass_Backend25drain_accumulated_samplesEhPK7Vector3IfE @ 0x82cb20
CIRCLE: _ZN18AP_Compass_Backend22publish_filtered_fieldERK7Vector3IfEh @ 0x82cca0
CIRCLE: _ZN11AP_AHRS_DCM6renormERK7Vector3IfERS1_ @ 0x82cd60
CIRCLE: _ZNK17AP_InertialSensor15get_delta_angleER7Vector3IfERf @ 0xa88b40
CIRCLE: _ZNK7Vector3IfEeqERKS0_ @ 0xa88bd0
CIRCLE: _ZNK14AP_Logger_File17recent_open_errorEv @ 0x82d110
CIRCLE: _ZNK14AP_Logger_File15io_thread_aliveEv @ 0x82d1a0
CIRCLE: _ZN14AP_Logger_File16disk_space_availEv @ 0x82d530
CIRCLE: _ZL3MINIjjEDTqultfp_fp0_fp_fp0_ERKT_RKT0_.5718 @ 0x82d610
CIRCLE: _ZN13AP_Filesystem17bytes_until_fsyncEi @ 0x82d690
CIRCLE: _ZN13AP_Filesystem9disk_freeEPKc @ 0x82d710
CIRCLE: _ZN2AP4rssiEv @ 0x834950
CIRCLE: _ZNK7AP_RSSI7enabledEv @ 0xa89480
CIRCLE: _ZN7AP_RSSI13get_singletonEv @ 0x835180
CIRCLE: _ZN13AP_CANManager20check_logging_enableEv @ 0x836140
CIRCLE: _ZN7FunctorIvJEE14method_wrapperI13AP_CANManagerXadL_ZNS2_20check_logging_enableEvEEEEvPv @ 0xa89ab0
CIRCLE: _ZNK13AP_CANManager15CANIface_Params13option_is_setENS0_7OptionsE @ 0xa89b60
CIRCLE: _ZN9AP_Logger13Write_MessageEPKc @ 0x840d30
CIRCLE: _ZNK24AP_Proximity_Boundary_3D15get_next_sectorEh @ 0xa97f80
CIRCLE: _ZNK22AP_BattMonitor_Backend13option_is_setEN21AP_BattMonitor_Params7OptionsE @ 0xa9b9e0
CIRCLE: _ZN22AP_BattMonitor_Backend15update_consumedERN14AP_BattMonitor17BattMonitor_StateEj @ 0x858240
CIRCLE: _ZN22AP_BattMonitor_Backend13calculate_mahEff @ 0xa9ba70
CIRCLE: _ZN18AP_Compass_Backend17accumulate_sampleER7Vector3IfEhj @ 0x85a550
CIRCLE: _ZN18AP_Compass_Backend12rotate_fieldER7Vector3IfEh @ 0x85a6d0
CIRCLE: _ZN18AP_Compass_Backend17publish_raw_fieldERK7Vector3IfEh @ 0x85a7c0
CIRCLE: _ZN18AP_Compass_Backend13correct_fieldER7Vector3IfEh @ 0x85a8d0
CIRCLE: _ZN18AP_Compass_Backend8field_okERK7Vector3IfE @ 0x85acd0
CIRCLE: _ZNK7Compass16get_filter_rangeEv @ 0xa9dd90
CIRCLE: _ZNK16Compass_PerMotor7enabledEv @ 0xa9ddf0
CIRCLE: _ZN7Compass13_get_priorityE14typesafe_indexIh14TAG_StateIndexE @ 0xa9de60
CIRCLE: _ZN14AP_GPS_Backend15set_alt_amsl_cmERN6AP_GPS9GPS_StateEi @ 0x85f3a0
CIRCLE: _ZN16JitterCorrection31correct_offboard_timestamp_usecEmm @ 0x85f5b0
CIRCLE: _ZNK14AP_GPS_Backend10option_setEN6AP_GPS13DriverOptionsE @ 0xaa0ff0
CIRCLE: _ZNK6AP_GPS10option_setENS_13DriverOptionsE @ 0xaa1060
CIRCLE: _ZN6AP_RTC12set_utc_usecEmNS_11source_typeE @ 0x860020
CIRCLE: _ZNK11GCS_MAVLINK14option_enabledENS_6OptionE @ 0xaa34f0
CIRCLE: _ZNK16AP_SerialManager9UARTState12get_protocolEv @ 0xaa3570
CIRCLE: _ZN2AP8PerfInfo13set_loop_rateEt @ 0x872540
CIRCLE: _ZN2AP8PerfInfo5resetEv @ 0x872600
CIRCLE: _ZN3GCS10send_textvE12MAV_SEVERITYPKcP13__va_list_tagh @ 0x872c30
CIRCLE: _ZNK3GCS43min_loop_time_remaining_for_message_send_usEv @ 0xaa3d30
CIRCLE: _ZNK3GCS26min_status_for_gps_healthyEv @ 0xaa3ec0
CIRCLE: _ZL3MINImmEDTqultfp_fp0_fp_fp0_ERKT_RKT0_.6171 @ 0x873140
CIRCLE: _ZN11ObjectArrayIN3GCS12statustext_tEE10push_forceERKS1_ @ 0xaa3f10
CIRCLE: _ZN2AP11frsky_telemEv @ 0x8731c0
CIRCLE: _ZN2AP14spektrum_telemEv @ 0x873200
CIRCLE: _ZN9AP_Notify9send_textEPKc @ 0x873240
CIRCLE: _ZN17AP_Spektrum_Telem13get_singletonEv @ 0xaa4050
CIRCLE: _ZN14AP_Frsky_Telem13get_singletonEv @ 0xaa4090
CIRCLE: _ZNK11ObjectArrayIN3GCS12statustext_tEE5spaceEv @ 0xaa40d0
CIRCLE: _ZN11ObjectArrayIN3GCS12statustext_tEE4pushERKS1_ @ 0xaa4130
CIRCLE: _ZN5Rover8set_modeEh10ModeReason @ 0x8732e0
CIRCLE: _ZNK5Rover29current_mode_requires_missionEv @ 0xaa4270
CIRCLE: _ZNK5Rover17get_wp_distance_mERf @ 0x873dc0
CIRCLE: _ZNK5Rover18get_wp_bearing_degERf @ 0x873e70
CIRCLE: _ZNK5Rover25get_wp_crosstrack_error_mERf @ 0x873f20
CIRCLE: _ZN5Rover20set_control_channelsEv @ 0x874c20
CIRCLE: _ZN5Rover18fence_checks_asyncEv @ 0x874f00
CIRCLE: _ZN6AP_HAL15timeout_expiredIjjjEEbT_T0_T1_ @ 0xaa4390
CIRCLE: _ZN8AC_Fence5checkEb @ 0x875020
CIRCLE: _ZN8AC_Fence19clear_margin_breachEh @ 0x875430
CIRCLE: _ZNK8AC_Fence18get_enabled_fencesEv @ 0x875e20
CIRCLE: _ZN5Rover2rcEv @ 0xaa44e0
CIRCLE: _ZN10RC_Channel9set_angleEt @ 0x876170
CIRCLE: _ZN8Sailboat10init_rc_inEv @ 0x876260
CIRCLE: _ZN6AP_HAL8RCOutput15set_esc_scalingEtt @ 0xaa4530
CIRCLE: _ZN12SRV_Channels19set_esc_scaling_forEN11SRV_Channel8FunctionE @ 0x8764c0
CIRCLE: _ZNK5Rover13is_balancebotEv @ 0x876aa0
CIRCLE: _ZN8AP_Param15save_io_handlerEv @ 0x877350
CIRCLE: _ZN7FunctorIvJEE14method_wrapperI8AP_ParamXadL_ZNS2_15save_io_handlerEvEEEEvPv @ 0xaa46e0
CIRCLE: _ZN15ObjectBuffer_TSIN8AP_Param10param_saveEE3popERS1_ @ 0xaa4790
CIRCLE: _ZN5Rover11notify_modeEPK4Mode @ 0x877450
CIRCLE: _ZN5Rover3gcsEv @ 0xaa4870
CIRCLE: _ZN12SRV_Channels17enable_aux_servosEv @ 0x87b780
CIRCLE: _ZL21failsafe_check_staticv @ 0x87d310
CIRCLE: _ZN5Rover8set_modeER4Mode10ModeReason @ 0x87d8a0
CIRCLE: _ZN5Rover18mode_from_mode_numEN4Mode6NumberE @ 0x87de10
CIRCLE: _ZNK5Rover7is_boatEv @ 0x87e250
CIRCLE: _ZNK8Sailboat12tack_enabledEv @ 0x87e2c0
CIRCLE: _ZN10RC_Channel16read_mode_switchEv @ 0x87e800
CIRCLE: _ZN10RC_Channel16read_6pos_switchERa @ 0x87e880
CIRCLE: _ZN10RC_Channel18debounce_completedEa @ 0x87e9e0
CIRCLE: _ZN5Rover34Log_Write_Vehicle_Startup_MessagesEv @ 0x87ead0
CIRCLE: _ZN7FunctorIvJEE14method_wrapperI5RoverXadL_ZNS2_34Log_Write_Vehicle_Startup_MessagesEvEEEEvPv @ 0xaa4c80
CIRCLE: _ZN9AP_Logger10Write_ModeEh10ModeReason @ 0x87eb80
CIRCLE: _ZN6AP_GPS36Write_AP_Logger_Log_Startup_messagesEv @ 0x87ec30
CIRCLE: _ZN17AP_Logger_Backend10Write_ModeEh10ModeReason @ 0x87ed10
CIRCLE: _ZN7AP_AHRS15set_fly_forwardEb @ 0xaa4db0
CIRCLE: _ZN17AP_InertialSensor12BatchSampler21rotate_to_next_sensorEv @ 0x87fec0
CIRCLE: _ZN17AP_InertialSensor12BatchSampler32update_doing_sensor_rate_loggingEv @ 0x880110
CIRCLE: _ZL3MINIhhEDTqultfp_fp0_fp_fp0_ERKT_RKT0_.17357 @ 0x880250
CIRCLE: _ZNK17AP_InertialSensor12BatchSampler10has_optionENS0_11batch_opt_tE @ 0xaa6240
CIRCLE: _ZN17AP_InertialSensor12_gyro_offsetEh @ 0xaa62c0
CIRCLE: _ZN17AP_InertialSensor12caltemp_gyroEh @ 0xaa6330
CIRCLE: _ZN22AP_InertialSensor_SITL6updateEv @ 0x881a10
CIRCLE: _ZN25AP_InertialSensor_Backend10accumulateEv @ 0xaa6450
CIRCLE: _ZN25AP_InertialSensor_Backend11set_primaryEb @ 0xaa6620
CIRCLE: _ZNK25AP_InertialSensor_Backend21_gyro_raw_sample_rateEh @ 0xaa6670
CIRCLE: _ZN22AP_InertialSensor_SITL12timer_updateEv @ 0x882190
CIRCLE: _ZN7FunctorIvJEE14method_wrapperI22AP_InertialSensor_SITLXadL_ZNS2_12timer_updateEvEEEEvPv @ 0xaa6740
CIRCLE: _ZN22AP_InertialSensor_SITL14generate_accelEv @ 0x882660
CIRCLE: _ZN22AP_InertialSensor_SITL13generate_gyroEv @ 0x883640
CIRCLE: _ZNK25AP_InertialSensor_Backend20enable_fast_samplingEh @ 0xaa67f0
CIRCLE: _ZNK22AP_InertialSensor_SITL10gyro_driftEv @ 0x8840a0
CIRCLE: _ZL7radiansd.17279 @ 0x8842a0
CIRCLE: _ZL7radiansf.17280 @ 0x8842f0
CIRCLE: _ZN22AP_InertialSensor_SITL15get_temperatureEv @ 0x8843d0
CIRCLE: _ZNK22AP_InertialSensor_TCal15sitl_apply_gyroEfR7Vector3IfE @ 0x884570
CIRCLE: _ZN25AP_InertialSensor_Backend35_notify_new_gyro_sensor_rate_sampleEhRK7Vector3IfE @ 0x884650
CIRCLE: _ZN25AP_InertialSensor_Backend24_rotate_and_correct_gyroEhR7Vector3IfE @ 0x884850
CIRCLE: _ZN25AP_InertialSensor_Backend27_notify_new_gyro_raw_sampleEhRK7Vector3IfEm @ 0x8849e0
CIRCLE: _ZNK25AP_InertialSensor_Backend15has_been_killedEh @ 0xaa6880
CIRCLE: _ZNK25AP_InertialSensor_Backend19_update_sensor_rateERtRjRf @ 0x885080
CIRCLE: _ZN25AP_InertialSensor_Backend18apply_gyro_filtersEhRK7Vector3IfE @ 0x885250
CIRCLE: _ZN25AP_InertialSensor_Backend12log_gyro_rawEhmRK7Vector3IfES3_ @ 0x885610
CIRCLE: _ZN25AP_InertialSensor_Backend14update_primaryEv @ 0x8858a0
CIRCLE: _ZNK17AP_InertialSensor22raw_logging_option_setENS_18RAW_LOGGING_OPTIONE @ 0xaa6900
CIRCLE: _ZNK25AP_InertialSensor_Backend18should_log_imu_rawEv @ 0x885980
CIRCLE: _ZNK17AP_InertialSensor12BatchSampler25doing_sensor_rate_loggingEv @ 0xaa6980
CIRCLE: _ZNK17AP_InertialSensor12BatchSampler25doing_post_filter_loggingEv @ 0xaa69e0
CIRCLE: _ZN17AP_InertialSensor12BatchSampler6sampleEhNS_15IMU_SENSOR_TYPEEmRK7Vector3IfE @ 0x885b90
CIRCLE: _ZN17AP_InertialSensor12BatchSampler10should_logEhNS_15IMU_SENSOR_TYPEE @ 0x885ce0
CIRCLE: _ZN25AP_InertialSensor_Backend16save_gyro_windowEhRK7Vector3IfEh @ 0x885e20
CIRCLE: _ZN15LowPassFilter2pI7Vector3IfEE5applyERKS1_ @ 0xaa6cc0
CIRCLE: _ZN19DigitalBiquadFilterI7Vector3IfEE5applyERKS1_RKNS2_13biquad_paramsE @ 0xaa6e10
CIRCLE: _ZNK25AP_InertialSensor_Backend18sensors_convergingEv @ 0x8860e0
CIRCLE: _ZNK22AP_InertialSensor_TCal12correct_gyroEffR7Vector3IfE @ 0x886210
CIRCLE: _ZNK22AP_InertialSensor_TCal14correct_sensorEffPK9AP_ParamVI7Vector3IfEL11ap_var_type5EERS2_ @ 0x8862b0
CIRCLE: _ZNK22AP_InertialSensor_TCal15polynomial_evalEfPK9AP_ParamVI7Vector3IfEL11ap_var_type5EE @ 0x8864c0
CIRCLE: _ZNK22AP_InertialSensor_TCal16sitl_apply_accelEfR7Vector3IfE @ 0x889470
CIRCLE: _ZN25AP_InertialSensor_Backend36_notify_new_accel_sensor_rate_sampleEhRK7Vector3IfE @ 0x889550
CIRCLE: _ZN25AP_InertialSensor_Backend25_rotate_and_correct_accelEhR7Vector3IfE @ 0x889750
CIRCLE: _ZN25AP_InertialSensor_Backend28_notify_new_accel_raw_sampleEhRK7Vector3IfEmb @ 0x889970
CIRCLE: _ZN25AP_InertialSensor_Backend20_publish_temperatureEhf @ 0x889f20
CIRCLE: _ZN17AP_InertialSensor27calc_vibration_and_clippingEhRK7Vector3IfEf @ 0x889fc0
CIRCLE: _ZN17AP_InertialSensor19set_accel_peak_holdEhRK7Vector3IfE @ 0x88a240
CIRCLE: _ZN25AP_InertialSensor_Backend13log_accel_rawEhmRK7Vector3IfE @ 0x88a320
CIRCLE: _ZNK25AP_InertialSensor_Backend14get_clip_limitEv @ 0xaa7e30
CIRCLE: _ZN13LowPassFilterI7Vector3IfEE5applyERKS1_RKf @ 0xaa7e80
CIRCLE: _ZN10DigitalLPFI7Vector3IfEE6_applyERKS1_RKf @ 0xaa7f40
CIRCLE: _ZNK22AP_InertialSensor_TCal13correct_accelEffR7Vector3IfE @ 0x88a700
CIRCLE: _ZN25AP_InertialSensor_Backend12update_accelEh @ 0x88ab80
CIRCLE: _ZN25AP_InertialSensor_Backend11update_gyroEh @ 0x88aca0
CIRCLE: _ZN25AP_InertialSensor_Backend13_publish_gyroEhRK7Vector3IfE @ 0x88ae00
CIRCLE: _ZN25AP_InertialSensor_Backend19update_gyro_filtersEh @ 0x88af70
CIRCLE: _ZNK25AP_InertialSensor_Backend19_gyro_filter_cutoffEv @ 0xaa8210
CIRCLE: _ZN25AP_InertialSensor_Backend14_publish_accelEhRK7Vector3IfE @ 0x88b3b0
CIRCLE: _ZN25AP_InertialSensor_Backend20update_accel_filtersEh @ 0x88b5e0
CIRCLE: _ZNK25AP_InertialSensor_Backend20_accel_filter_cutoffEv @ 0xaa84f0
CIRCLE: _ZNK5Rover16gcs_mode_enabledEN4Mode6NumberE @ 0x88d170
CIRCLE: _ZN4Mode5enterEv @ 0x88d1f0
CIRCLE: _ZN8AC_Fence21manual_recovery_startEv @ 0x88d380
CIRCLE: _ZN9AP_Camera16set_is_auto_modeEb @ 0xaa8990
CIRCLE: _ZN4Mode4exitEv @ 0x88d410
CIRCLE: _ZN8Sailboat10clear_tackEv @ 0x88d470
CIRCLE: _ZNK10AP_Vehicle21block_GCS_mode_changeEhPKhh @ 0x88d4e0
CIRCLE: _ZNK8AC_Fence9polyfenceEv @ 0x891b20
CIRCLE: _ZNK7AP_EnumIN13AP_OADatabase11OutputLevelEEcvKS1_Ev @ 0xaa9fb0
CIRCLE: _ZN11AP_SmartRTL22run_background_cleanupEv @ 0x895f40
CIRCLE: _ZN7FunctorIvJEE14method_wrapperI11AP_SmartRTLXadL_ZNS2_22run_background_cleanupEvEEEEvPv @ 0xaaa610
CIRCLE: _ZN11AP_SmartRTL15routine_cleanupEtt @ 0x896210
CIRCLE: _ZN11AP_SmartRTL22detect_simplificationsEv @ 0x8963e0
CIRCLE: _ZN11AP_SmartRTL33remove_points_by_simplify_bitmaskEv @ 0x896750
CIRCLE: _ZN11AP_SmartRTL29restart_pruning_if_new_pointsEv @ 0x896930
CIRCLE: _ZN11AP_SmartRTL12detect_loopsEv @ 0x8969a0
CIRCLE: _ZN11AP_SmartRTL20segment_segment_distERK7Vector3IfES3_S3_S3_ @ 0x896fc0
CIRCLE: _ZN11AP_SmartRTL8add_loopEttRK7Vector3IfE @ 0x897560
CIRCLE: _ZNK11AP_SmartRTL13loops_overlapERKNS_12prune_loop_tES2_ @ 0x897900
CIRCLE: _ZNK7BitmaskILt500EE3getEt @ 0xaaa6c0
CIRCLE: _ZNK7BitmaskILt500EE8validateEt @ 0xaaa790
CIRCLE: _ZNK7Vector3IfE19distance_to_segmentERKS0_S2_ @ 0xaaa820
CIRCLE: _ZN7BitmaskILt500EE5clearEt @ 0xaaaa10
CIRCLE: _ZN5Rover14failsafe_checkEv @ 0x897b00
CIRCLE: _ZNK7AP_AHRS12get_accel_efEv @ 0xaae2d0
CIRCLE: _ZNK7AP_AHRS18get_yaw_rate_earthEv @ 0xab09c0
CIRCLE: _ZNK12NavEKF3_core9getMagXYZER7Vector3IfE @ 0x8c3bc0
CIRCLE: _ZNK12NavEKF3_core9getMagNEDER7Vector3IfE @ 0x8c3e40
CIRCLE: _ZNK7Vector2IfE8todoubleEv @ 0xab1210
CIRCLE: _ZNK7Vector2IfEdvEf @ 0xab1e70
CIRCLE: _ZNK14AP_GPS_Backend32supports_mavlink_gps_rtk_messageEv @ 0xab3050
CIRCLE: _ZNK14AP_GPS_Blended7get_lagERf @ 0x8d0780
CIRCLE: _ZNK14AP_GPS_Backend36Write_AP_Logger_Log_Startup_messagesEv @ 0x8d0800
CIRCLE: _ZNK14AP_GPS_Backend18_detection_messageEPch @ 0x8d0870
CIRCLE: _ZN7AP_Baro6updateEv @ 0x8d0e50
CIRCLE: _ZNK7AP_Baro7healthyEv @ 0xab3620
CIRCLE: _ZN15AP_Baro_Backend14backend_updateEh @ 0x8d1570
CIRCLE: _ZN7AP_Baro24wind_pressure_correctionEh @ 0x8d15f0
CIRCLE: _ZNK7AP_Baro15get_last_updateEv @ 0xab3680
CIRCLE: _ZN16DerivativeFilterIfLh7EE6updateEfj @ 0xab36e0
CIRCLE: _ZN7AP_Baro22update_field_elevationEv @ 0x8d1930
CIRCLE: _ZNK7AP_Baro10should_logEv @ 0x8d1bb0
CIRCLE: _ZN7AP_Baro10Write_BaroEv @ 0x8d1c60
CIRCLE: _ZN7AP_Baro19Write_Baro_instanceEmh @ 0x8d1cf0
CIRCLE: _ZNK7AP_Baro21get_baro_drift_offsetEv @ 0xab37c0
CIRCLE: _ZNK7AP_Baro22get_ground_temperatureEv @ 0x8d1f10
CIRCLE: _ZNK7AP_Baro22get_corrected_pressureEh @ 0xab3810
CIRCLE: _ZN16FilterWithBufferIfLh7EE5applyEf @ 0xab3940
CIRCLE: _ZN24AP_Proximity_Boundary_3D4FaceC2Ev @ 0xab46a0
CIRCLE: _ZN15AP_Compass_SITL6_timerEv @ 0x8f14d0
CIRCLE: _ZN7FunctorIvJEE14method_wrapperI15AP_Compass_SITLXadL_ZNS2_6_timerEvEEEEvPv @ 0xabc5c0
CIRCLE: _Z10rand_vec3fv @ 0x8f1a00
CIRCLE: _ZN7VectorNIN15AP_Compass_SITL16readings_compassELh50EEixEh @ 0xabc670
CIRCLE: _ZN15AP_Compass_SITL26_setup_eliptical_correcionEh @ 0x8f1a80
CIRCLE: _ZNK18AP_Compass_Backend21get_board_orientationEv @ 0x8f1cb0
CIRCLE: _ZN15AP_Compass_SITL4readEv @ 0x8f1d00
CIRCLE: _ZN15AP_Baro_Backend17_copy_to_frontendEhff @ 0x8f60a0
CIRCLE: _ZN12AP_Baro_SITL6_timerEv @ 0x8f7330
CIRCLE: _ZN7FunctorIvJEE14method_wrapperI12AP_Baro_SITLXadL_ZNS2_6_timerEvEEEEvPv @ 0xabe240
CIRCLE: _ZN7VectorNIN12AP_Baro_SITL13readings_baroELh50EEixEh @ 0xabe2f0
CIRCLE: _ZN12AP_Baro_SITL22temperature_adjustmentERfS0_ @ 0x8f7720
CIRCLE: _ZN12AP_Baro_SITL24wind_pressure_correctionEh @ 0x8f7910
CIRCLE: _ZL2sqf.1777 @ 0x8f7b20
CIRCLE: _ZN7AP_Baro22_get_air_density_ratioEv @ 0x8f7b70
CIRCLE: _ZL2sqf.1757 @ 0x8f7c10
CIRCLE: _ZN12AP_Baro_SITL6updateEv @ 0x8f7d00
CIRCLE: _ZN12AP_Baro_SITL19update_healthy_flagEh @ 0xabe400
CIRCLE: _ZN12AP_Baro_SITL7healthyEh @ 0x8f7db0
CIRCLE: _ZNK22AP_BattMonitor_Backend17has_cell_voltagesEv @ 0xabf520
CIRCLE: _ZNK22AP_BattMonitor_Backend15has_temperatureEv @ 0xabf570
CIRCLE: _ZNK22AP_BattMonitor_Backend15get_temperatureERf @ 0x8f9d50
CIRCLE: _ZNK22AP_BattMonitor_Backend22capacity_remaining_pctERh @ 0x8f9e10
CIRCLE: _ZN22AP_BattMonitor_Backend26update_resistance_estimateEv @ 0x8f9f90
CIRCLE: _ZN22AP_BattMonitor_Backend16update_failsafesEv @ 0x8fa2e0
CIRCLE: _ZNK22AP_BattMonitor_Backend25get_mavlink_fault_bitmaskEv @ 0xabf620
CIRCLE: _ZL3MINIifEDTqultfp_fp0_fp_fp0_ERKT_RKT0_.16929 @ 0x8fa600
CIRCLE: _ZL3MINIffEDTqultfp_fp0_fp_fp0_ERKT_RKT0_.16930 @ 0x8fa6a0
CIRCLE: _ZN21AP_BattMonitor_Analog4readEv @ 0x8fc2a0
CIRCLE: _ZNK21AP_BattMonitor_Analog19has_consumed_energyEv @ 0xac0310
CIRCLE: _ZNK21AP_BattMonitor_Analog11has_currentEv @ 0x8fc4a0
CIRCLE: _ZN9AP_Notify19set_flight_mode_strEPKc @ 0x902ab0
CIRCLE: _ZN6RGBLed6updateEv @ 0x908700
CIRCLE: _ZN6RGBLed8_set_rgbEhhh @ 0x908b30
CIRCLE: _ZNK6RGBLed10rgb_sourceEv @ 0x908c40
CIRCLE: _ZNK6RGBLed19get_colour_sequenceEv @ 0x908ea0
CIRCLE: _ZNK6RGBLed14get_brightnessEv @ 0x909290
CIRCLE: _ZN6RGBLed7set_rgbEhhh @ 0x909390
CIRCLE: _ZN10IS31FL31956_timerEv @ 0x909450
CIRCLE: _ZN7FunctorIvJEE14method_wrapperI10IS31FL3195XadL_ZNS2_6_timerEvEEEEvPv @ 0xac39c0
CIRCLE: _ZN6LP55626_timerEv @ 0x9099e0
CIRCLE: _ZN7FunctorIvJEE14method_wrapperI6LP5562XadL_ZNS2_6_timerEvEEEEvPv @ 0xac3d30
CIRCLE: _ZN14ToshibaLED_I2C6_timerEv @ 0x90b810
CIRCLE: _ZN7FunctorIvJEE14method_wrapperI14ToshibaLED_I2CXadL_ZNS2_6_timerEvEEEEvPv @ 0xac4a40
CIRCLE: _ZNK7Vector2IfE10normalizedEv @ 0xac4dd0
CIRCLE: _ZNK18AR_AttitudeControl13get_decel_maxEv @ 0x90c9c0
CIRCLE: _ZNK13AR_PosControl13get_speed_maxEv @ 0xac4e80
CIRCLE: _ZNK13AR_PosControl13get_accel_maxEv @ 0xac4ed0
CIRCLE: _ZN7FunctorIvJEE14method_wrapperI5RoverXadL_ZNS2_10read_radioEvEEEEvPv @ 0xac4f70
CIRCLE: _ZN7FunctorIvJEE14method_wrapperI5RoverXadL_ZNS2_11ahrs_updateEvEEEEvPv @ 0xac5020
CIRCLE: _ZN7FunctorIvJEE14method_wrapperI5RoverXadL_ZNS2_17read_rangefindersEvEEEEvPv @ 0xac50d0
CIRCLE: _ZN7FunctorIvJEE14method_wrapperI14AP_OpticalFlowXadL_ZNS2_6updateEvEEEEvPv @ 0xac5180
CIRCLE: _ZN7FunctorIvJEE14method_wrapperI5RoverXadL_ZNS2_19update_current_modeEvEEEEvPv @ 0xac5230
CIRCLE: _ZN7FunctorIvJEE14method_wrapperI5RoverXadL_ZNS2_10set_servosEvEEEEvPv @ 0xac52e0
CIRCLE: _ZN7FunctorIvJEE14method_wrapperI6AP_GPSXadL_ZNS2_6updateEvEEEEvPv @ 0xac5390
CIRCLE: _ZN7FunctorIvJEE14method_wrapperI7AP_BaroXadL_ZNS2_6updateEvEEEEvPv @ 0xac5440
CIRCLE: _ZN7FunctorIvJEE14method_wrapperI9AP_BeaconXadL_ZNS2_6updateEvEEEEvPv @ 0xac54f0
CIRCLE: _ZN7FunctorIvJEE14method_wrapperI12AP_ProximityXadL_ZNS2_6updateEvEEEEvPv @ 0xac55a0
CIRCLE: _ZN7FunctorIvJEE14method_wrapperI11AP_WindVaneXadL_ZNS2_6updateEvEEEEvPv @ 0xac5650
CIRCLE: _ZN7FunctorIvJEE14method_wrapperI5RoverXadL_ZNS2_20update_wheel_encoderEvEEEEvPv @ 0xac5700
CIRCLE: _ZN7FunctorIvJEE14method_wrapperI5RoverXadL_ZNS2_14update_compassEvEEEEvPv @ 0xac57b0
CIRCLE: _ZN7FunctorIvJEE14method_wrapperI5RoverXadL_ZNS2_15update_logging1EvEEEEvPv @ 0xac5860
CIRCLE: _ZN7FunctorIvJEE14method_wrapperI5RoverXadL_ZNS2_15update_logging2EvEEEEvPv @ 0xac5910
CIRCLE: _ZN7FunctorIvJEE14method_wrapperI3GCSXadL_ZNS2_14update_receiveEvEEEEvPv @ 0xac59c0
CIRCLE: _ZN7FunctorIvJEE14method_wrapperI3GCSXadL_ZNS2_11update_sendEvEEEEvPv @ 0xac5a70
CIRCLE: _ZN7FunctorIvJEE14method_wrapperI11RC_ChannelsXadL_ZNS2_16read_mode_switchEvEEEEvPv @ 0xac5b20
CIRCLE: _ZN7FunctorIvJEE14method_wrapperI11RC_ChannelsXadL_ZNS2_12read_aux_allEvEEEEvPv @ 0xac5bc0
CIRCLE: _ZN7FunctorIvJEE14method_wrapperI14AP_BattMonitorXadL_ZNS2_4readEvEEEEvPv @ 0xac5c70
CIRCLE: _ZN7FunctorIvJEE14method_wrapperI19AP_ServoRelayEventsXadL_ZNS2_13update_eventsEvEEEEvPv @ 0xac5d20
CIRCLE: _ZN7FunctorIvJEE14method_wrapperI5RoverXadL_ZNS2_15update_preclandEvEEEEvPv @ 0xac5dd0
CIRCLE: _ZN7FunctorIvJEE14method_wrapperI8AP_MountXadL_ZNS2_6updateEvEEEEvPv @ 0xac5e80
CIRCLE: _ZN7FunctorIvJEE14method_wrapperI9AP_CameraXadL_ZNS2_6updateEvEEEEvPv @ 0xac5f30
CIRCLE: _ZN7FunctorIvJEE14method_wrapperI5RoverXadL_ZNS2_18gcs_failsafe_checkEvEEEEvPv @ 0xac5fe0
CIRCLE: _ZN7FunctorIvJEE14method_wrapperI5RoverXadL_ZNS2_11fence_checkEvEEEEvPv @ 0xac6090
CIRCLE: _ZN7FunctorIvJEE14method_wrapperI5RoverXadL_ZNS2_9ekf_checkEvEEEEvPv @ 0xac6140
CIRCLE: _ZN7FunctorIvJEE14method_wrapperI12ModeSmartRTLXadL_ZNS2_13save_positionEvEEEEvPv @ 0xac61f0
CIRCLE: _ZN7FunctorIvJEE14method_wrapperI5RoverXadL_ZNS2_15one_second_loopEvEEEEvPv @ 0xac62a0
CIRCLE: _ZN7FunctorIvJEE14method_wrapperI10AC_SprayerXadL_ZNS2_6updateEvEEEEvPv @ 0xac6350
CIRCLE: _ZN7FunctorIvJEE14method_wrapperI9AP_LoggerXadL_ZNS2_14periodic_tasksEvEEEEvPv @ 0xac6400
CIRCLE: _ZN7FunctorIvJEE14method_wrapperI17AP_InertialSensorXadL_ZNS2_8periodicEvEEEEvPv @ 0xac64b0
CIRCLE: _ZN7FunctorIvJEE14method_wrapperI12AP_SchedulerXadL_ZNS2_14update_loggingEvEEEEvPv @ 0xac6560
CIRCLE: _ZN7FunctorIvJEE14method_wrapperI9AP_ButtonXadL_ZNS2_6updateEvEEEEvPv @ 0xac6610
CIRCLE: _ZN7FunctorIvJEE14method_wrapperI5RoverXadL_ZNS2_11crash_checkEvEEEEvPv @ 0xac66c0
CIRCLE: _ZN7FunctorIvJEE14method_wrapperI5RoverXadL_ZNS2_19cruise_learn_updateEvEEEEvPv @ 0xac6770
CIRCLE: _ZN5Rover19cruise_learn_updateEv @ 0x910a00
CIRCLE: _ZNK18AR_AttitudeControl17get_forward_speedERf @ 0x910b60
CIRCLE: _ZNK7AP_AHRS7cos_yawEv @ 0xac6890
CIRCLE: _ZNK7AP_AHRS7sin_yawEv @ 0xac68e0
CIRCLE: _ZN5Rover11crash_checkEv @ 0x910f70
CIRCLE: _ZN9AP_Button6updateEv @ 0x911350
CIRCLE: _ZN12AP_Scheduler14update_loggingEv @ 0x911fd0
CIRCLE: _ZN12AP_Scheduler11debug_flagsEv @ 0xac6ac0
CIRCLE: _ZN12AP_Scheduler21Log_Write_PerformanceEv @ 0x912240
CIRCLE: _ZN2AP8PerfInfo13has_task_infoEv @ 0xac6b20
CIRCLE: _ZNK2AP8PerfInfo20get_num_long_runningEv @ 0x912450
CIRCLE: _ZNK2AP8PerfInfo13get_num_loopsEv @ 0x9124a0
CIRCLE: _ZNK2AP8PerfInfo12get_max_timeEv @ 0x9124f0
CIRCLE: _ZN12AP_Scheduler12load_averageEv @ 0x912540
CIRCLE: _ZNK16AP_InternalError5countEv @ 0xac6b80
CIRCLE: _ZN17AP_InertialSensor8periodicEv @ 0x912780
CIRCLE: _ZN17AP_InertialSensor12BatchSampler8periodicEv @ 0x9127e0
CIRCLE: _ZN17AP_InertialSensor12BatchSampler16push_data_to_logEv @ 0x912860
CIRCLE: _ZNK17AP_InertialSensor12BatchSampler10Write_ISBHEf @ 0x912af0
CIRCLE: _ZNK17AP_InertialSensor12BatchSampler10Write_ISBDEv @ 0x912c50
CIRCLE: _ZN9AP_Logger14periodic_tasksEv @ 0x912e00
CIRCLE: _ZN10AC_Sprayer6updateEv @ 0x912ea0
CIRCLE: _ZN5Rover15one_second_loopEv @ 0x9132f0
CIRCLE: _ZN5Rover20handle_auto_arm_onceEv @ 0x913530
CIRCLE: _ZN10AP_Vehicle17set_likely_flyingEb @ 0xac6c90
CIRCLE: _ZN8AR_WPNav15set_turn_paramsEfb @ 0x9137d0
CIRCLE: _ZN13AR_PosControl15set_turn_paramsEfb @ 0x913880
CIRCLE: _ZN19AP_WheelRateControl21set_notch_sample_rateEf @ 0x913920
CIRCLE: _ZN8AP_Stats10set_flyingEb @ 0x9139b0
CIRCLE: _ZN6AC_PID21set_notch_sample_rateEf @ 0x913a80
CIRCLE: _ZN12AR_PivotTurn6enableEb @ 0x913e60
CIRCLE: _ZN12ModeSmartRTL13save_positionEv @ 0x913ed0
CIRCLE: _ZN11AP_SmartRTL6updateEbb @ 0x913f60
CIRCLE: _ZN11AP_SmartRTL6updateEbRK7Vector3IfE @ 0x914060
CIRCLE: _ZN5Rover9ekf_checkEv @ 0x914190
CIRCLE: _ZN5Rover18ekf_over_thresholdEv @ 0x914490
CIRCLE: _ZN5Rover11fence_checkEv @ 0x914800
CIRCLE: _ZN5Rover18gcs_failsafe_checkEv @ 0x914ab0
CIRCLE: _ZN5Rover16failsafe_triggerEhPKcb @ 0x914be0
CIRCLE: _ZN9AP_Camera6updateEv @ 0x915070
CIRCLE: _ZN8AP_Mount6updateEv @ 0x915130
CIRCLE: _ZN5Rover15update_preclandEv @ 0x9151e0
CIRCLE: _ZN11AC_PrecLand6updateEfb @ 0x915240
CIRCLE: _ZN14AP_BattMonitor4readEv @ 0x9178c0
CIRCLE: _ZN9AP_Logger11Write_PowerEv @ 0x917af0
CIRCLE: _ZNK22AP_BattMonitor_Backend13Log_Write_BATEhm @ 0x917b40
CIRCLE: _ZNK22AP_BattMonitor_Backend13Log_Write_BCLEhm @ 0x917de0
CIRCLE: _ZN14AP_BattMonitor15check_failsafesEv @ 0x917fe0
CIRCLE: _ZN14AP_BattMonitor16checkPoweringOffEv @ 0x9182f0
CIRCLE: _ZNK22AP_BattMonitor_Backend23get_state_of_health_pctERh @ 0x918450
CIRCLE: _ZN11RC_Channels12read_aux_allEv @ 0x9184e0
CIRCLE: _ZN10RC_Channel8read_auxEv @ 0x9185d0
CIRCLE: _ZN9AP_Logger10Write_RCINEv @ 0x9187d0
CIRCLE: _ZN11RC_Channels12get_radio_inEPth @ 0x9189c0
CIRCLE: _ZNK11RC_Channels17get_override_maskEv @ 0x918ab0
CIRCLE: _ZL3MINIhiEDTqultfp_fp0_fp_fp0_ERKT_RKT0_.6266 @ 0x918b70
CIRCLE: _ZN5Rover15update_logging2Ev @ 0x918f80
CIRCLE: _ZN5Rover10should_logEj @ 0x919090
CIRCLE: _ZN5Rover18Log_Write_SteeringEv @ 0x919100
CIRCLE: _ZN5Rover12Log_Write_RCEv @ 0x919250
CIRCLE: _ZNK15AP_WheelEncoder9Log_WriteEv @ 0x9192f0
CIRCLE: _ZNK17AP_InertialSensor15Write_VibrationEv @ 0x919400
CIRCLE: _ZN10AP_GyroFFT18write_log_messagesEv @ 0x919520
CIRCLE: _ZN8AP_Mount9write_logEv @ 0x919750
CIRCLE: _ZNK17AP_InertialSensor20get_accel_clip_countEh @ 0x919c50
CIRCLE: _ZNK15AP_WheelEncoder7enabledEh @ 0x919cf0
CIRCLE: _ZN9AP_Logger11Write_RCOUTEv @ 0x91a030
CIRCLE: _ZNK18AR_AttitudeControl13get_lat_accelERf @ 0x91a6e0
CIRCLE: _ZNK18AR_AttitudeControl21get_desired_turn_rateEv @ 0x91a790
CIRCLE: _ZL7degreesf.48 @ 0x91a830
CIRCLE: _ZN5Rover15update_logging1Ev @ 0x91a880
CIRCLE: _ZN5Rover18Log_Write_AttitudeEv @ 0x91aa60
CIRCLE: _ZN5Rover14Log_Write_SailEv @ 0x91ac50
CIRCLE: _ZN5Rover18Log_Write_ThrottleEv @ 0x91ae50
CIRCLE: _ZN9AP_Beacon3logEv @ 0x91af90
CIRCLE: _ZN5Rover20Log_Write_Nav_TuningEv @ 0x91b0d0
CIRCLE: _ZNK13AR_PosControl9is_activeEv @ 0x91b1c0
CIRCLE: _ZN13AR_PosControl9write_logEv @ 0x91b230
CIRCLE: _ZN13AR_PosControl11get_vel_pidEv @ 0xac7830
CIRCLE: _ZNK9AC_PID_2D14get_pid_info_xEv @ 0xac7880
CIRCLE: _ZN9AP_Logger9Write_PIDEhRK10AP_PIDInfo @ 0x91b4c0
CIRCLE: _ZNK9AC_PID_2D14get_pid_info_yEv @ 0xac78d0
CIRCLE: _ZN12AP_Proximity3logEv @ 0x91b650
CIRCLE: _ZNK12AP_Proximity12distance_maxEv @ 0x91b980
CIRCLE: _ZNK12AP_Proximity19get_upward_distanceERf @ 0x91bc40
CIRCLE: _ZNK13AR_PosControl14get_pos_targetEv @ 0xac7970
CIRCLE: _ZN13AC_PosControl10Write_PSCNEfffffffff @ 0x91c050
CIRCLE: _ZN13AC_PosControl10Write_PSCEEfffffffff @ 0x91c150
CIRCLE: _ZN13AC_PosControl10Write_PSCxE11LogMessagesfffffffff @ 0x91c250
CIRCLE: _ZNK18AR_AttitudeControl17get_desired_speedEv @ 0x91c430
CIRCLE: _ZNK18AR_AttitudeControl20speed_control_activeEv @ 0x91c4b0
CIRCLE: _ZNK18AR_AttitudeControl17get_desired_pitchEv @ 0x91c6c0
CIRCLE: _ZNK7AP_AHRS14Write_AttitudeERK7Vector3IfE @ 0x91c760
CIRCLE: _ZN7AP_AHRS9Log_WriteEv @ 0x91c870
CIRCLE: _ZNK18AR_AttitudeControl27get_throttle_speed_pid_infoEv @ 0xac7b00
CIRCLE: _ZN7NavEKF29Log_WriteEv @ 0x91c900
CIRCLE: _ZN7NavEKF39Log_WriteEv @ 0x91ca10
CIRCLE: _ZNK7AP_AHRS11Write_AHRS2Ev @ 0x91cb20
CIRCLE: _ZNK7AP_AHRS9Write_POSEv @ 0x91cd00
CIRCLE: _ZN4SITL3SIM18Log_Write_SIMSTATEEv @ 0x91ce60
CIRCLE: _ZNK7AP_AHRS36get_relative_position_D_origin_floatERf @ 0x91cff0
CIRCLE: _ZNK7AP_AHRS22get_secondary_attitudeER7Vector3IfE @ 0xac7bf0
CIRCLE: _ZNK7AP_AHRS22get_secondary_positionER8Location @ 0xac7c70
CIRCLE: _ZNK7AP_AHRS24get_secondary_quaternionER11QuaternionTIfE @ 0xac7cf0
CIRCLE: _ZL7degreesf.1448 @ 0x91d080
CIRCLE: _ZN12NavEKF3_core9Log_WriteEm @ 0x91d0d0
CIRCLE: _ZNK7AP_EnumIN7NavEKF38LogLevelEEcvKS1_Ev @ 0xac7d70
CIRCLE: _ZNK12NavEKF3_core14Log_Write_XKF4Em @ 0x91d220
CIRCLE: _ZN12NavEKF3_core13Log_Write_GSFEm @ 0x91d570
CIRCLE: _ZNK12NavEKF3_core14Log_Write_XKF1Em @ 0x91d620
CIRCLE: _ZNK12NavEKF3_core14Log_Write_XKF2Em @ 0x91d8f0
CIRCLE: _ZNK12NavEKF3_core14Log_Write_XKF3Em @ 0x91db90
CIRCLE: _ZNK12NavEKF3_core14Log_Write_XKF5Em @ 0x91ddf0
CIRCLE: _ZNK12NavEKF3_core14Log_Write_XKFSEm @ 0x91e050
CIRCLE: _ZNK12NavEKF3_core20Log_Write_QuaternionEm @ 0x91e160
CIRCLE: _ZN12NavEKF3_core16Log_Write_BeaconEm @ 0x91e240
CIRCLE: _ZN12NavEKF3_core18Log_Write_BodyOdomEm @ 0x91e530
CIRCLE: _ZN12NavEKF3_core25Log_Write_State_VariancesEm @ 0x91e6a0
CIRCLE: _ZN12NavEKF3_core16Log_Write_TimingEm @ 0x91e9c0
CIRCLE: _ZNK6AP_DAL12logging_coreEh @ 0x91eb20
CIRCLE: _ZL3MAXIjjEDTqugtfp_fp0_fp_fp0_ERKT_RKT0_ @ 0x91eb70
CIRCLE: _ZNK16AP_NavEKF_Source21getPosVelYawSourceSetEv @ 0xac7dc0
CIRCLE: _ZL3MAXIddEDTqugtfp_fp0_fp_fp0_ERKT_RKT0_.4083 @ 0x91ebf0
CIRCLE: _ZL3MINIdiEDTqultfp_fp0_fp_fp0_ERKT_RKT0_.4084 @ 0x91ec70
CIRCLE: _ZNK12NavEKF3_core14getInnovationsER7Vector3IfES2_S2_RfS3_ @ 0x91ed10
CIRCLE: _ZL7degreesf.4081 @ 0x91ef10
CIRCLE: _ZNK12NavEKF3_core26getSynthAirDataInnovationsER7Vector2IfERf @ 0x91ef60
CIRCLE: _ZNK12NavEKF3_core20getPosDownDerivativeEv @ 0x91f030
CIRCLE: _ZN10EKFGSF_yaw9Log_WriteEm11LogMessagesS0_h @ 0x91f090
CIRCLE: _ZL7degreesf.17657 @ 0x91f410
CIRCLE: _ZL3MAXIffEDTqugtfp_fp0_fp_fp0_ERKT_RKT0_.17658 @ 0x91f460
CIRCLE: _ZL3MAXIdfEDTqugtfp_fp0_fp_fp0_ERKT_RKT0_.4082 @ 0x91f4e0
CIRCLE: _ZN5Rover14update_compassEv @ 0x921070
CIRCLE: _ZN5Rover20update_wheel_encoderEv @ 0x9210d0
CIRCLE: _ZN11AP_WindVane6updateEv @ 0x921a10
CIRCLE: _ZN12AP_Proximity6updateEv @ 0x922630
CIRCLE: _ZNK12AP_Proximity15get_filter_freqEv @ 0xac7e80
CIRCLE: _ZN24AP_Proximity_Boundary_3D15set_filter_freqEf @ 0xac7ee0
CIRCLE: _ZN24AP_Proximity_Boundary_3D18check_face_timeoutEv @ 0x922700
CIRCLE: _ZN9AP_Beacon6updateEv @ 0x922860
CIRCLE: _ZN6AP_GPS6updateEv @ 0x922f70
CIRCLE: _ZN6AP_GPS15update_instanceEh @ 0x9230f0
CIRCLE: _ZN6AP_GPS14update_primaryEv @ 0x923890
CIRCLE: _ZN14AP_GPS_Blended19zero_health_counterEv @ 0xac7f50
CIRCLE: _ZN6AP_GPS9Write_GPSEh @ 0x925060
CIRCLE: _ZL3MINIfiEDTqultfp_fp0_fp_fp0_ERKT_RKT0_.2521 @ 0x9254a0
CIRCLE: _ZNK6AP_GPS26last_message_delta_time_msEh @ 0xac8000
CIRCLE: _ZNK6AP_GPS10should_logEv @ 0x925540
CIRCLE: _ZN6AP_GPS16send_blob_updateEh @ 0x9266c0
CIRCLE: _ZN14AP_GPS_Backend14check_new_itowEjj @ 0x92b410
CIRCLE: _ZN12AP_GPS_UBLOX20_request_next_configEv @ 0x92f600
CIRCLE: _ZN12AP_GPS_UBLOX21_request_message_rateEhh @ 0x9300a0
CIRCLE: _ZN12AP_GPS_UBLOX13_request_portEv @ 0x930160
CIRCLE: _ZN12AP_GPS_UBLOX13_send_messageEhhPKvt @ 0x9301f0
CIRCLE: _ZN12AP_GPS_UBLOX16_update_checksumEPhtRhS1_ @ 0x9310b0
CIRCLE: _ZN12AP_GPS_UBLOX4readEv @ 0x9311e0
CIRCLE: _ZNK12AP_GPS_UBLOX13is_configuredEv @ 0xac8e80
CIRCLE: _ZNK12AP_GPS_UBLOX7get_lagERf @ 0x9318c0
CIRCLE: _ZNK12AP_GPS_UBLOX10is_healthyEv @ 0x931a50
CIRCLE: _ZNK12AP_GPS_UBLOX4nameEv @ 0xac8ed0
CIRCLE: _ZNK12AP_GPS_UBLOX36Write_AP_Logger_Log_Startup_messagesEv @ 0x931b50
CIRCLE: _ZL3MINIjjEDTqultfp_fp0_fp_fp0_ERKT_RKT0_.2814 @ 0x931ea0
CIRCLE: _ZN12AP_GPS_UBLOXUt_ixEm @ 0xac8f90
CIRCLE: _ZN12AP_GPS_UBLOX10_parse_gpsEv @ 0x931f20
CIRCLE: _ZN12AP_GPS_UBLOX15_check_new_itowEj @ 0x9353e0
CIRCLE: _ZN12AP_GPS_UBLOX23_configure_message_rateEhhh @ 0x935460
CIRCLE: _ZN5Rover10set_servosEv @ 0x93ca60
CIRCLE: _ZN12AP_MotorsUGV6outputEbff @ 0x93cd40
CIRCLE: _ZN12AP_MotorsUGV23sanity_check_parametersEv @ 0x93ceb0
CIRCLE: _ZN12AP_MotorsUGV19slew_limit_throttleEf @ 0x93cfd0
CIRCLE: _ZN12AP_MotorsUGV14output_regularEbfff @ 0x93d0b0
CIRCLE: _ZN12AP_MotorsUGV20output_skid_steeringEbfff @ 0x93d510
CIRCLE: _ZN12AP_MotorsUGV11output_omniEbfff @ 0x93dc50
CIRCLE: _ZN12AP_MotorsUGV11output_sailEv @ 0x93dfe0
CIRCLE: _ZN12SRV_Channels8calc_pwmEv @ 0x93e080
CIRCLE: _ZN12SRV_Channels13output_ch_allEv @ 0x93e2a0
CIRCLE: _ZN12AP_MotorsUGV21set_limits_from_inputEbff @ 0x93e350
CIRCLE: _ZN12AP_MotorsUGV15output_throttleEN11SRV_Channel8FunctionEff @ 0x93e540
CIRCLE: _ZNK12AP_MotorsUGV19get_scaled_throttleEf @ 0x93e930
CIRCLE: _ZN12AP_MotorsUGV28get_rate_controlled_throttleEN11SRV_Channel8FunctionEff @ 0x93eca0
CIRCLE: _ZN6AC_PID12reset_filterEv @ 0xaca7c0
CIRCLE: _ZN6AC_PID7reset_IEv @ 0x93f1f0
CIRCLE: _ZN6AC_PID10update_allEfffbf @ 0x93f3b0
CIRCLE: _ZNK6AC_PID6get_ffEv @ 0x93f9c0
CIRCLE: _ZNK6AC_PID16get_filt_T_alphaEf @ 0x93fa20
CIRCLE: _ZNK6AC_PID16get_filt_E_alphaEf @ 0x93faa0
CIRCLE: _ZNK6AC_PID16get_filt_D_alphaEf @ 0x93fb20
CIRCLE: _ZN6AC_PID8update_iEfb @ 0x93fba0
CIRCLE: _ZN11SlewLimiter8modifierEff @ 0x93fda0
CIRCLE: _ZNK11SlewLimiter13get_slew_rateEv @ 0xacaa30
CIRCLE: _ZNK12AP_MotorsUGV20have_vectored_thrustEv @ 0xacaa80
CIRCLE: _ZNK12AP_MotorsUGV25get_slew_limited_throttleEff @ 0x940590
CIRCLE: _ZN5Rover19update_current_modeEv @ 0x940d30
CIRCLE: _ZN14AP_OpticalFlow6updateEv @ 0x940e40
CIRCLE: _ZN5Rover17read_rangefindersEv @ 0x9423f0
CIRCLE: _ZN11RangeFinder6updateEv @ 0x942460
CIRCLE: _ZN5Rover15Log_Write_DepthEv @ 0x942580
CIRCLE: _ZNK11RangeFinder8Log_RFNDEv @ 0x9427e0
CIRCLE: _ZN5Rover11ahrs_updateEv @ 0x942920
CIRCLE: _ZN5Rover22update_ahrs_flyforwardEv @ 0x942b30
CIRCLE: _ZN9AP_Follow16update_estimatesEv @ 0x942d20
CIRCLE: _ZNK17AP_InertialSensor9Write_IMUEv @ 0x943b50
CIRCLE: _ZL3MAXIhhEDTqugtfp_fp0_fp_fp0_ERKT_RKT0_ @ 0x943d60
CIRCLE: _ZNK17AP_InertialSensor18Write_IMU_instanceEmh @ 0x943de0
CIRCLE: _ZNK17AP_InertialSensor16get_gyro_rate_hzEh @ 0xacab30
CIRCLE: _ZNK17AP_InertialSensor17get_accel_rate_hzEh @ 0xacabb0
CIRCLE: _ZN9AP_Follow32clear_dist_and_bearing_to_targetEv @ 0x943f70
CIRCLE: _Z23update_pos_vel_accel_xyR7Vector2IdERS_IfERKS2_fS5_S5_S5_ @ 0x944070
CIRCLE: _Z22shape_pos_vel_accel_xyRK7Vector2IdERKS_IfES5_S2_S5_RS3_ffffb @ 0x944380
CIRCLE: _ZNK7Vector2IdE7is_zeroEv @ 0xacac30
CIRCLE: _Z15sqrt_controllerffff @ 0x9449f0
CIRCLE: _ZL2sqf.3224 @ 0x944fe0
CIRCLE: _Z15sqrt_controllerRK7Vector2IfEfff @ 0x945030
CIRCLE: _ZN7Vector2IfE12limit_lengthEf @ 0xacacc0
CIRCLE: _Z18shape_vel_accel_xyRK7Vector2IfES2_S2_RS0_fffb @ 0x945110
CIRCLE: _Z14shape_accel_xyRK7Vector2IfERS0_ff @ 0x945470
CIRCLE: _Z19update_vel_accel_xyR7Vector2IfERKS0_fS3_S3_ @ 0x9456e0
CIRCLE: _ZL3MINIffEDTqultfp_fp0_fp_fp0_ERKT_RKT0_.1431 @ 0x945810
CIRCLE: _ZN5Rover10read_radioEv @ 0x9458a0
CIRCLE: _ZN11RC_Channels10read_inputEv @ 0x945950
CIRCLE: _ZN5Rover20radio_failsafe_checkEt @ 0x945a80
CIRCLE: _ZN10RC_Channel6updateEv @ 0x945b80
CIRCLE: _ZN11RC_Channels23rudder_arm_disarm_checkEv @ 0x945cf0
CIRCLE: _ZNK11RC_Channels19has_had_rc_receiverEv @ 0xacad90
CIRCLE: _ZNK10RC_Channel12pwm_to_angleEv @ 0x945f60
CIRCLE: _ZNK10RC_Channel15pwm_to_angle_dzEt @ 0x945fd0
CIRCLE: _ZNK10RC_Channel20pwm_to_angle_dz_trimEtt @ 0x946060
CIRCLE: _ZN5Rover8set_modeEN4Mode6NumberE10ModeReason @ 0x946450
CIRCLE: _ZNK4Mode16has_manual_inputEv @ 0xacbf30
CIRCLE: _ZNK4Mode19attitude_stabilizedEv @ 0xacbf80
CIRCLE: _ZNK4Mode17requires_positionEv @ 0xacbfd0
CIRCLE: _ZNK4Mode17requires_velocityEv @ 0xacc020
CIRCLE: _ZN4Mode18init_reversed_flagEv @ 0xacc1d0
CIRCLE: _ZN4Mode5_exitEv @ 0xacc240
CIRCLE: _ZN4Mode13calc_throttleEfb @ 0x9476f0
CIRCLE: _ZNK18AR_AttitudeControl31get_desired_speed_accel_limitedEff @ 0x947b40
CIRCLE: _ZN8AC_Avoid12adjust_speedEfffRff @ 0x947d10
CIRCLE: _ZNK8AC_Avoid13limits_activeEv @ 0xacc290
CIRCLE: _ZNK18AR_AttitudeControl13pitch_limitedEv @ 0xacc300
CIRCLE: _ZN18AR_AttitudeControl22get_throttle_out_speedEfbbfff @ 0x9483c0
CIRCLE: _ZN12AP_MotorsUGV12set_throttleEf @ 0x9488d0
CIRCLE: _ZL3MAXIffEDTqugtfp_fp0_fp_fp0_ERKT_RKT0_.11066 @ 0x949020
CIRCLE: _ZN8AC_Avoid15adjust_velocityER7Vector3IfERbfffff @ 0x949d20
CIRCLE: _ZL3MINIffEDTqultfp_fp0_fp_fp0_ERKT_RKT0_.8253 @ 0x94a480
CIRCLE: _ZNK8AC_Avoid27proximity_avoidance_enabledEv @ 0xacc360
CIRCLE: _ZN8AC_Avoid25adjust_velocity_proximityEffR7Vector3IfES2_fff @ 0x94a510
CIRCLE: _ZN8AC_Avoid29find_max_quadrant_velocity_3DER7Vector3IfER7Vector2IfES5_S5_S5_RfS6_ @ 0x94ae20
CIRCLE: _ZN8AC_Avoid21adjust_velocity_fenceEffR7Vector3IfES2_fff @ 0x94afa0
CIRCLE: _ZL3MAXIffEDTqugtfp_fp0_fp_fp0_ERKT_RKT0_.8254 @ 0x94b380
CIRCLE: _ZN8AC_Avoid11limit_accelERK7Vector3IfERS1_f @ 0x94b400
CIRCLE: _ZN8AC_Avoid28adjust_velocity_circle_fenceEffR7Vector2IfES2_f @ 0x94b7f0
CIRCLE: _ZN8AC_Avoid26find_max_quadrant_velocityER7Vector2IfES2_S2_S2_S2_ @ 0x94be80
CIRCLE: _ZN8AC_Avoid48adjust_velocity_inclusion_and_exclusion_polygonsEffR7Vector2IfES2_f @ 0x94c140
CIRCLE: _ZN8AC_Avoid33adjust_velocity_inclusion_circlesEffR7Vector2IfES2_f @ 0x94c4f0
CIRCLE: _ZN8AC_Avoid33adjust_velocity_exclusion_circlesEffR7Vector2IfES2_f @ 0x94cd70
CIRCLE: _ZN8AC_Avoid17adjust_velocity_zEffRfS0_f @ 0x94d680
CIRCLE: _ZNK8AC_Avoid21get_stopping_distanceEfff @ 0x94df50
CIRCLE: _ZL2sqf.8255 @ 0x94e410
CIRCLE: _ZNK12AP_Proximity18get_obstacle_countEv @ 0x94e460
CIRCLE: _ZNK7AP_AHRS15earth_to_body2DERK7Vector2IfE @ 0x94e4b0
CIRCLE: _ZNK12AP_Proximity12get_obstacleEhR7Vector3IfE @ 0x94e560
CIRCLE: _ZNK7AP_AHRS15body_to_earth2DERK7Vector2IfE @ 0x94ee60
CIRCLE: _ZNK24AP_Proximity_Boundary_3D28convert_obstacle_num_to_faceEhRNS_4FaceE @ 0x94f0d0
CIRCLE: _ZNK24AP_Proximity_Boundary_3D12get_obstacleEhR7Vector3IfE @ 0x94f1e0
CIRCLE: _ZNK24AP_Proximity_Boundary_3D18get_obstacle_countEv @ 0x94f370
CIRCLE: _ZNK18AR_AttitudeControl13get_accel_maxEv @ 0xaccd00
CIRCLE: _ZNK8AR_WPNav17get_default_accelEv @ 0xaccd70
CIRCLE: _ZNK8AR_WPNav16get_default_jerkEv @ 0xaccdd0
CIRCLE: _ZNK18AR_AttitudeControl22get_turn_lat_accel_maxEv @ 0xacce30
CIRCLE: _ZN13AR_PosControl10set_limitsEffff @ 0x94f450
CIRCLE: _ZN13AR_PosControl4initEv @ 0x94f5b0
CIRCLE: _ZN13AR_PosControl17init_ekf_xy_resetEv @ 0x94f740
CIRCLE: _ZN7AP_AHRS24getLastPosNorthEastResetER7Vector2IfE @ 0x94f7b0
CIRCLE: _ZN7NavEKF324getLastPosNorthEastResetER7Vector2IfE @ 0x94fa00
CIRCLE: _ZL3MAXIfiEDTqugtfp_fp0_fp_fp0_ERKT_RKT0_.11114 @ 0x94fb50
CIRCLE: _ZL3MINIffEDTqultfp_fp0_fp_fp0_ERKT_RKT0_.11113 @ 0x94fbf0
CIRCLE: _ZN7AC_P_2D10set_limitsEfff @ 0x94fc80
CIRCLE: _ZL3MINIffEDTqultfp_fp0_fp_fp0_ERKT_RKT0_.18776 @ 0x94fe20
CIRCLE: _Z19inv_sqrt_controllerfff @ 0x94feb0
CIRCLE: _ZL3MAXI9AP_ParamTIfL11ap_var_type4EEfEDTqugtfp_fp0_fp_fp0_ERKT_RKT0_ @ 0x9500f0
CIRCLE: _ZL3MAXI9AP_ParamTIfL11ap_var_type4EEfEDTqugtfp_fp0_fp_fp0_ERKT_RKT0_.1138 @ 0x950180
CIRCLE: _ZN4Mode12set_reversedEb @ 0x950290
CIRCLE: _ZN8AR_WPNav12set_reversedEb @ 0xaccfd0
CIRCLE: _ZN12AP_MotorsUGV12set_steeringEfb @ 0x950b70
CIRCLE: _ZNK7Vector2IfE9projectedERKS0_ @ 0xacd170
CIRCLE: _ZN13AR_PosControl16input_pos_targetERK7Vector2IdEf @ 0x950bf0
CIRCLE: _ZN13AR_PosControl6updateEf @ 0x950c90
CIRCLE: _ZNK13AR_PosControl17get_desired_speedEv @ 0xacd210
CIRCLE: _ZNK13AR_PosControl26get_desired_turn_rate_radsEv @ 0xacd260
CIRCLE: _ZN4Mode28calc_steering_from_turn_rateEf @ 0x951850
CIRCLE: _ZN18AR_AttitudeControl21get_steering_out_rateEfbbf @ 0x951930
CIRCLE: _ZN4Mode12set_steeringEf @ 0x951db0
CIRCLE: _ZNK4Mode19allows_stick_mixingEv @ 0xacd2b0
CIRCLE: _ZL7radiansf.11065 @ 0x952030
CIRCLE: _ZNK18AR_AttitudeControl28get_turn_rate_from_lat_accelEff @ 0x952080
CIRCLE: _ZN13AR_PosControl19handle_ekf_xy_resetEv @ 0x9521d0
CIRCLE: _ZN9AC_PID_2D7reset_IEv @ 0x952330
CIRCLE: _ZN9AC_PID_2D12reset_filterEv @ 0xacd370
CIRCLE: _ZN7AC_P_2D10update_allER7Vector2IdERKS1_ @ 0x952390
CIRCLE: _ZN7AC_P_2D2kPEv @ 0xacd3c0
CIRCLE: _ZNK18AR_AttitudeControl19steering_limit_leftEv @ 0xacd410
CIRCLE: _ZNK18AR_AttitudeControl20steering_limit_rightEv @ 0xacd470
CIRCLE: _ZN9AC_PID_2D10update_allERK7Vector2IfES3_fS3_ @ 0x9524f0
CIRCLE: _ZNK9AC_PID_2D5get_iEv @ 0x952a30
CIRCLE: _ZN9AC_PID_2D14set_integratorERK7Vector2IfE @ 0x952a80
CIRCLE: _ZL3MAXIffEDTqugtfp_fp0_fp_fp0_ERKT_RKT0_.11115 @ 0x952b10
CIRCLE: _ZNK9AC_PID_2D16get_filt_E_alphaEf @ 0x952b90
CIRCLE: _ZNK9AC_PID_2D16get_filt_D_alphaEf @ 0x952c10
CIRCLE: _ZN9AC_PID_2D8update_iEfRK7Vector2IfE @ 0x952c90
CIRCLE: _ZN13AR_PosControl26input_pos_vel_accel_targetERK7Vector2IdERKS0_IfES6_f @ 0x952e00
CIRCLE: _ZNK13AR_PosControl21get_desired_lat_accelEv @ 0xace1f0
CIRCLE: _ZNK13AR_PosControl13get_pos_errorEv @ 0x957ff0
CIRCLE: _ZN13AR_PosControl24set_pos_vel_accel_targetERK7Vector2IdERKS0_IfES6_ @ 0x958640
CIRCLE: _ZL3MAXIffEDTqugtfp_fp0_fp_fp0_ERKT_RKT0_.1136 @ 0x95f2b0
CIRCLE: _ZN10ModeCircle19check_config_radiusEv @ 0x95f330
CIRCLE: _ZN8ModeAuto5_exitEv @ 0x960630
CIRCLE: _ZN10ModeCircle18check_config_speedEv @ 0x960db0
CIRCLE: _ZL3MAXIfiEDTqugtfp_fp0_fp_fp0_ERKT_RKT0_ @ 0x960ea0
CIRCLE: _ZNK10ModeCircle20get_desired_locationER8Location @ 0x961120
CIRCLE: _ZL7degreesf.1141 @ 0x9611d0
CIRCLE: _ZNK10ModeCircle27get_distance_to_destinationEv @ 0xacf620
CIRCLE: _ZNK10ModeCircle21get_desired_lat_accelEv @ 0x9613d0
CIRCLE: _ZNK10ModeCircle16crosstrack_errorEv @ 0xacf670
CIRCLE: _ZNK10ModeCircle11nav_bearingEv @ 0x961600
CIRCLE: _ZNK10ModeCircle10wp_bearingEv @ 0x9617a0
CIRCLE: _ZN10ModeCircle6updateEv @ 0x962520
CIRCLE: _ZN10ModeCircle22update_drive_to_radiusEv @ 0x962860
CIRCLE: _ZNK10ModeCircle20get_reached_distanceEv @ 0x9629c0
CIRCLE: _ZN10ModeCircle15update_circlingEv @ 0x962a50
CIRCLE: _ZN7Vector2IdE14offset_bearingEdd @ 0xacf720
CIRCLE: _ZL7radiansi.1143 @ 0x962da0
CIRCLE: _ZL2sqf.1144 @ 0x962e00
CIRCLE: _ZL7radiansd.3384 @ 0x962e50
CIRCLE: _ZNK14AP_BattMonitor22capacity_remaining_pctERhh @ 0x964ed0
CIRCLE: _ZNK9GCS_Rover11custom_modeEv @ 0x9655c0
CIRCLE: _ZNK9GCS_Rover10frame_typeEv @ 0x965620
CIRCLE: _ZN9GCS_Rover4chanEh @ 0xad0520
CIRCLE: _ZNK9GCS_Rover19vehicle_initialisedEv @ 0x9656a0
CIRCLE: _ZN9GCS_Rover34update_vehicle_sensor_status_flagsEv @ 0x965850
CIRCLE: _ZN11GCS_MAVLINK14packetReceivedERK16__mavlink_statusRK17__mavlink_message @ 0x965c50
CIRCLE: _ZNK11GCS_MAVLINK13mission_stateERK10AP_Mission @ 0x965e50
CIRCLE: _ZNK17GCS_MAVLINK_Rover16send_rangefinderEv @ 0x965f30
CIRCLE: _ZNK17GCS_MAVLINK_Rover26send_nav_controller_outputEv @ 0x966070
CIRCLE: _ZN17GCS_MAVLINK_Rover15send_pid_tuningEv @ 0x9661e0
CIRCLE: _ZN11GCS_MAVLINK21send_scaled_pressure3Ev @ 0x966b20
CIRCLE: _ZNK11GCS_MAVLINK13send_attitudeEv @ 0x966b80
CIRCLE: _ZN17GCS_MAVLINK_Rover31send_position_target_global_intEv @ 0x966d50
CIRCLE: _ZNK11GCS_MAVLINK17send_winch_statusEv @ 0xad08b0
CIRCLE: _ZNK17GCS_MAVLINK_Rover9base_modeEv @ 0x9670d0
CIRCLE: _ZNK17GCS_MAVLINK_Rover21vehicle_system_statusEv @ 0x967220
CIRCLE: _ZNK11GCS_MAVLINK19persist_streamratesEv @ 0xad09a0
CIRCLE: _ZN17GCS_MAVLINK_Rover25handle_command_int_packetERK23__mavlink_command_int_tRK17__mavlink_message @ 0x9673b0
CIRCLE: _ZN17GCS_MAVLINK_Rover14handle_messageERK17__mavlink_message @ 0x967a60
CIRCLE: _ZN17GCS_MAVLINK_Rover16try_send_messageE10ap_message @ 0x968c90
CIRCLE: _ZN11GCS_MAVLINK24send_global_position_intEv @ 0x968ee0
CIRCLE: _ZNK11GCS_MAVLINK23global_position_int_altEv @ 0x969060
CIRCLE: _ZNK11GCS_MAVLINK32global_position_int_relative_altEv @ 0x9690c0
CIRCLE: _ZNK11GCS_MAVLINK17vfr_hud_climbrateEv @ 0x969130
CIRCLE: _ZNK11GCS_MAVLINK16vfr_hud_airspeedEv @ 0x9691f0
CIRCLE: _ZNK17GCS_MAVLINK_Rover16vfr_hud_throttleEv @ 0x969290
CIRCLE: _ZNK11GCS_MAVLINK11vfr_hud_altEv @ 0x9692f0
CIRCLE: _ZN11GCS_MAVLINK35convert_COMMAND_LONG_to_COMMAND_INTERK24__mavlink_command_long_tR23__mavlink_command_int_t9MAV_FRAME @ 0x969710
CIRCLE: _ZN11GCS_MAVLINK28command_long_stores_locationE7MAV_CMD @ 0x969ca0
CIRCLE: _ZL30convert_COMMAND_LONG_loc_paramfb @ 0x969d80
CIRCLE: _ZL7degreesf.11 @ 0x969e30
CIRCLE: _ZL3MINIfiEDTqultfp_fp0_fp_fp0_ERKT_RKT0_ @ 0x969e80
CIRCLE: _ZNK4Mode11speed_errorEv @ 0xad0b40
CIRCLE: _ZL36mavlink_msg_global_position_int_send17mavlink_channel_tjiiiissst @ 0x96a420
CIRCLE: _ZN17GCS_MAVLINK_Rover14send_servo_outEv @ 0x96a540
CIRCLE: _ZN5Rover27send_wheel_encoder_distanceE17mavlink_channel_t @ 0x96a6f0
CIRCLE: _ZNK11AP_WindVane9send_windE17mavlink_channel_t @ 0x96a880
CIRCLE: _ZNK11GCS_MAVLINK23get_ap_message_intervalE10ap_messageRt @ 0x96a990
CIRCLE: _ZN13AP_OADatabase17send_adsb_vehicleE17mavlink_channel_tt @ 0x96aac0
CIRCLE: _ZN17GCS_MAVLINK_Rover16send_water_depthEv @ 0x96b060
CIRCLE: _ZN11GCS_MAVLINK16try_send_messageE10ap_message @ 0x96b350
CIRCLE: _ZN11GCS_MAVLINK17queued_param_sendEv @ 0x96c000
CIRCLE: _ZNK11GCS_MAVLINK14send_heartbeatEv @ 0x96c2b0
CIRCLE: _ZNK11GCS_MAVLINK8send_rpmEv @ 0x96c670
CIRCLE: _ZN11GCS_MAVLINK24try_send_mission_messageE10ap_message @ 0x96c750
CIRCLE: _ZN7Compass21send_mag_cal_progressERK11GCS_MAVLINK @ 0x96c950
CIRCLE: _ZN7Compass19send_mag_cal_reportERK11GCS_MAVLINK @ 0x96cba0
CIRCLE: _ZN11GCS_MAVLINK19send_battery_statusEv @ 0x96ced0
CIRCLE: _ZNK7AP_AHRS22send_ekf_status_reportER11GCS_MAVLINK @ 0x96d020
CIRCLE: _ZN11GCS_MAVLINK12send_meminfoEv @ 0x96d120
CIRCLE: _ZNK11GCS_MAVLINK17send_fence_statusEv @ 0x96d1e0
CIRCLE: _ZN11GCS_MAVLINK20send_distance_sensorEv @ 0x96d350
CIRCLE: _ZNK11GCS_MAVLINK16send_system_timeEv @ 0x96d890
CIRCLE: _ZN6AP_GPS20send_mavlink_gps_rawE17mavlink_channel_t @ 0x96d920
CIRCLE: _ZN6AP_GPS20send_mavlink_gps_rtkE17mavlink_channel_th @ 0x96dc70
CIRCLE: _ZN6AP_GPS21send_mavlink_gps2_rawE17mavlink_channel_t @ 0x96dd50
CIRCLE: _ZNK11GCS_MAVLINK19send_local_positionEv @ 0x96e0f0
CIRCLE: _ZNK11GCS_MAVLINK34send_gimbal_device_attitude_statusEv @ 0x96e1c0
CIRCLE: _ZN11GCS_MAVLINK16send_opticalflowEv @ 0x96e580
CIRCLE: _ZN11GCS_MAVLINK17send_power_statusEv @ 0x96e6f0
CIRCLE: _ZNK11GCS_MAVLINK16send_rc_channelsEv @ 0x96e800
CIRCLE: _ZNK11GCS_MAVLINK20send_rc_channels_rawEv @ 0x96eac0
CIRCLE: _ZN11GCS_MAVLINK12send_raw_imuEv @ 0x96ec40
CIRCLE: _ZN11GCS_MAVLINK15send_scaled_imuEhPFv17mavlink_channel_tjssssssssssE @ 0x96f050
CIRCLE: _ZL28mavlink_msg_scaled_imu2_send17mavlink_channel_tjssssssssss @ 0x96f310
CIRCLE: _ZL28mavlink_msg_scaled_imu3_send17mavlink_channel_tjssssssssss @ 0x96f480
CIRCLE: _ZN11GCS_MAVLINK20send_scaled_pressureEv @ 0x96f830
CIRCLE: _ZN11GCS_MAVLINK21send_scaled_pressure2Ev @ 0x96f890
CIRCLE: _ZN11GCS_MAVLINK13send_airspeedEv @ 0x96f8f0
CIRCLE: _ZN11GCS_MAVLINK21send_servo_output_rawEv @ 0x96fab0
CIRCLE: _ZNK11GCS_MAVLINK13send_simstateEv @ 0x96fed0
CIRCLE: _ZN11GCS_MAVLINK15send_sys_statusEv @ 0x96fff0
CIRCLE: _ZN11GCS_MAVLINK10send_ahrs2Ev @ 0x9702e0
CIRCLE: _ZN11GCS_MAVLINK9send_ahrsEv @ 0x9703c0
CIRCLE: _ZN11GCS_MAVLINK12send_vfr_hudEv @ 0x970540
CIRCLE: _ZNK11GCS_MAVLINK14send_vibrationEv @ 0x970680
CIRCLE: _ZNK11GCS_MAVLINK21send_generator_statusEv @ 0x970770
CIRCLE: _ZN12AP_ESC_Telem26send_esc_telemetry_mavlinkEh @ 0x970af0
CIRCLE: _ZN6AP_EFI19send_mavlink_statusE17mavlink_channel_t @ 0x970f80
CIRCLE: _ZN6AP_AIS13get_singletonEv @ 0x971750
CIRCLE: _ZN6AP_AIS4sendE17mavlink_channel_t @ 0x971790
CIRCLE: _ZN11GCS_MAVLINK20send_available_modesEv @ 0x971b00
CIRCLE: _ZNK11GCS_MAVLINK21battery_remaining_pctEh @ 0x972390
CIRCLE: _ZL3MINIhiEDTqultfp_fp0_fp_fp0_ERKT_RKT0_.6112 @ 0x972840
CIRCLE: _ZN12AP_Generator21send_generator_statusERK11GCS_MAVLINK @ 0x973160
CIRCLE: _ZL26mavlink_msg_vibration_send17mavlink_channel_tmfffjjj @ 0x9731e0
CIRCLE: _ZL24mavlink_msg_vfr_hud_send17mavlink_channel_tffstff @ 0x9732f0
CIRCLE: _ZNK7AP_AHRS12get_error_rpEv @ 0x973480
CIRCLE: _ZNK7AP_AHRS13get_error_yawEv @ 0x9734e0
CIRCLE: _ZL21mavlink_msg_ahrs_send17mavlink_channel_tfffffff @ 0x973540
CIRCLE: _ZL22mavlink_msg_ahrs2_send17mavlink_channel_tffffii @ 0x973660
CIRCLE: _ZNK9AP_Logger11num_droppedEv @ 0x973760
CIRCLE: _ZNK14AP_BattMonitor11gcs_voltageEv @ 0xad0c70
CIRCLE: _ZL27mavlink_msg_sys_status_send17mavlink_channel_tjjjttsatttttt @ 0x9737e0
CIRCLE: _ZNK14AP_BattMonitor11gcs_voltageEh @ 0x973980
CIRCLE: _ZNK17AP_Logger_Backend11num_droppedEv @ 0xad0cc0
CIRCLE: _ZL7radiansf.14807 @ 0x973da0
CIRCLE: _ZNK4SITL3SIM13simstate_sendE17mavlink_channel_t @ 0x974120
CIRCLE: _ZL25mavlink_msg_simstate_send17mavlink_channel_tfffffffffii @ 0x9742f0
CIRCLE: _ZL33mavlink_msg_servo_output_raw_send17mavlink_channel_tjhtttttttttttttttt @ 0x974490
CIRCLE: _ZL33mavlink_msg_scaled_pressure2_send17mavlink_channel_tjffss @ 0x974790
CIRCLE: _ZN11GCS_MAVLINK29send_scaled_pressure_instanceEhPFv17mavlink_channel_tjffssE @ 0x974870
CIRCLE: _ZL32mavlink_msg_scaled_pressure_send17mavlink_channel_tjffss @ 0x974a60
CIRCLE: _ZL24mavlink_msg_raw_imu_send17mavlink_channel_tmssssssssshs @ 0x974bc0
CIRCLE: _ZNK11GCS_MAVLINK16sending_mavlink1Ev @ 0x974d40
CIRCLE: _ZNK11GCS_MAVLINK13receiver_rssiEv @ 0x974da0
CIRCLE: _ZL28mavlink_msg_rc_channels_send17mavlink_channel_tjhtttttttttttttttttth @ 0x974fb0
CIRCLE: _ZL29mavlink_msg_power_status_send17mavlink_channel_tttt @ 0x975220
CIRCLE: _ZN8AP_Mount34send_gimbal_device_attitude_statusE17mavlink_channel_t @ 0x975ca0
CIRCLE: _ZL35mavlink_msg_local_position_ned_send17mavlink_channel_tjffffff @ 0x976300
CIRCLE: _ZNK6AP_GPS12gps_yaw_cdegEh @ 0x976410
CIRCLE: _ZNK6AP_GPS23have_gps_yaw_configuredEh @ 0xad0f20
CIRCLE: _ZL28mavlink_msg_gps_raw_int_send17mavlink_channel_tmhiiitttthijjjjt @ 0x976710
CIRCLE: _ZL28mavlink_msg_system_time_send17mavlink_channel_tmj @ 0x976900
CIRCLE: _ZN11GCS_MAVLINK14send_proximityEv @ 0x977ea0
CIRCLE: _ZNK12AP_Proximity12distance_minEv @ 0x978280
CIRCLE: _ZL3MINIjjEDTqultfp_fp0_fp_fp0_ERKT_RKT0_.6116 @ 0x978740
CIRCLE: _ZL24mavlink_msg_meminfo_send17mavlink_channel_tttj @ 0x9787c0
CIRCLE: _ZNK7NavEKF318send_status_reportER11GCS_MAVLINK @ 0x978a60
CIRCLE: _ZNK12NavEKF3_core18send_status_reportER11GCS_MAVLINK @ 0x978af0
CIRCLE: _ZL41mavlink_msg_ekf_status_report_send_struct17mavlink_channel_tPK29__mavlink_ekf_status_report_t @ 0x978ef0
CIRCLE: _ZNK14AP_BattMonitor13option_is_setEhN21AP_BattMonitor_Params7OptionsE @ 0x979a10
CIRCLE: _ZNK11GCS_MAVLINK19send_battery_statusEh @ 0x979ae0
CIRCLE: _ZL3MINIftEDTqultfp_fp0_fp_fp0_ERKT_RKT0_ @ 0x97a370
CIRCLE: _ZNK14AP_BattMonitor14time_remainingERjh @ 0x97a410
CIRCLE: _ZNK14AP_BattMonitor24get_mavlink_charge_stateEh @ 0x97a500
CIRCLE: _ZNK14AP_BattMonitor25get_mavlink_fault_bitmaskEh @ 0x97a630
CIRCLE: _ZL31mavlink_msg_battery_status_send17mavlink_channel_thhhsPKtsiiaihS1_hj @ 0x97a6e0
CIRCLE: _ZN14typesafe_indexIh12TAG_PriorityErmERKh @ 0xad1170
CIRCLE: _ZN11GCS_MAVLINK20send_mission_currentERK10AP_Missiont @ 0x97ae60
CIRCLE: _ZNK3GCS32try_send_queued_message_for_typeE16MAV_MISSION_TYPE @ 0x97afe0
CIRCLE: _ZNK3GCS25get_prot_for_mission_typeE16MAV_MISSION_TYPE @ 0x97b060
CIRCLE: _ZN19MissionItemProtocol19queued_request_sendEv @ 0x97b0e0
CIRCLE: _ZL32mavlink_msg_mission_request_send17mavlink_channel_thhth @ 0x97b260
CIRCLE: _ZL32mavlink_msg_mission_current_send17mavlink_channel_ttthh @ 0x97b330
CIRCLE: _ZNK11GCS_MAVLINK13system_statusEv @ 0x97b800
CIRCLE: _ZL26mavlink_msg_heartbeat_send17mavlink_channel_thhhjh @ 0x97b890
CIRCLE: _ZN11GCS_MAVLINK28send_parameter_async_repliesEv @ 0x97b970
CIRCLE: _ZN12ObjectBufferIN11GCS_MAVLINK19pending_param_replyEE4peekERS1_ @ 0xad1260
CIRCLE: _ZL35mavlink_msg_rc_channels_scaled_send17mavlink_channel_tjhssssssssh @ 0x97c5e0
CIRCLE: _ZN11GCS_MAVLINK14handle_messageERK17__mavlink_message @ 0x980fb0
CIRCLE: _ZN11GCS_MAVLINK16handle_heartbeatERK17__mavlink_message @ 0x981b30
CIRCLE: _ZN11GCS_MAVLINK29handle_common_mission_messageERK17__mavlink_message @ 0x982d50
CIRCLE: _ZN11GCS_MAVLINK19handle_command_longERK17__mavlink_message @ 0x982ea0
CIRCLE: _ZN11GCS_MAVLINK26handle_request_data_streamERK17__mavlink_message @ 0x9844e0
CIRCLE: _ZNK3GCS12sysid_is_gcsEh @ 0x989b40
CIRCLE: _ZN11GCS_MAVLINK16sysid_mygcs_seenEj @ 0x989de0
CIRCLE: _ZN3GCS16sysid_mygcs_seenEj @ 0xad1e30
CIRCLE: _ZL38mavlink_msg_request_data_stream_decodePK17__mavlink_messageP31__mavlink_request_data_stream_t @ 0x98b050
CIRCLE: _ZN9AP_Logger13Write_CommandERK23__mavlink_command_int_thh10MAV_RESULTb @ 0x98e2f0
CIRCLE: _ZL31mavlink_msg_command_long_decodePK17__mavlink_messageP24__mavlink_command_long_t @ 0x98e470
CIRCLE: _ZN11GCS_MAVLINK31try_command_long_as_command_intERK24__mavlink_command_long_tRK17__mavlink_message @ 0x98e540
CIRCLE: _ZN11GCS_MAVLINK19handle_mission_itemERK17__mavlink_message @ 0x98e720
CIRCLE: _ZN11GCS_MAVLINK20handle_mission_countERK17__mavlink_message @ 0x98ec50
CIRCLE: _ZN19MissionItemProtocol13cancel_uploadERK11GCS_MAVLINKRK17__mavlink_message @ 0x98efb0
CIRCLE: _ZNK19MissionItemProtocol16send_mission_ackERK11GCS_MAVLINKRK17__mavlink_message18MAV_MISSION_RESULT @ 0x98f0a0
CIRCLE: _ZL32mavlink_msg_mission_count_decodePK17__mavlink_messageP25__mavlink_mission_count_t @ 0x98f2b0
CIRCLE: _ZN19MissionItemProtocol20handle_mission_countER11GCS_MAVLINKRK25__mavlink_mission_count_tRK17__mavlink_message @ 0x98f380
CIRCLE: _ZNK19MissionItemProtocol24mavlink2_requirement_metERK11GCS_MAVLINKRK17__mavlink_message @ 0x98f540
CIRCLE: _ZN19MissionItemProtocol20transfer_is_completeERK11GCS_MAVLINKRK17__mavlink_message @ 0x98f620
CIRCLE: _ZN19MissionItemProtocol18init_send_requestsER11GCS_MAVLINKRK17__mavlink_messagess @ 0x98f6d0
CIRCLE: _ZL35mavlink_msg_mission_item_int_decodePK17__mavlink_messageP28__mavlink_mission_item_int_t @ 0x990590
CIRCLE: _ZN19MissionItemProtocol19handle_mission_itemERK17__mavlink_messageRK28__mavlink_mission_item_int_t @ 0x9906e0
CIRCLE: _ZN11GCS_MAVLINK16_set_mode_commonEhj @ 0x990da0
CIRCLE: _ZN12ObjectBufferIN7GCS_FTP11TransactionEE3popERS1_ @ 0xad23f0
CIRCLE: _ZN11GCS_MAVLINK25handle_command_int_packetERK23__mavlink_command_int_tRK17__mavlink_message @ 0x997060
CIRCLE: _ZN11GCS_MAVLINK26handle_command_do_set_modeERK23__mavlink_command_int_t @ 0x998320
CIRCLE: _ZL43mavlink_msg_position_target_global_int_send17mavlink_channel_tjhtiifffffffff @ 0x99be60
CIRCLE: _ZL25mavlink_msg_attitude_send17mavlink_channel_tjffffff @ 0x99c210
CIRCLE: _ZL38mavlink_msg_nav_controller_output_send17mavlink_channel_tffsstfff @ 0x99c5f0
CIRCLE: _ZN15MAVLink_routing17check_and_forwardER11GCS_MAVLINKRK17__mavlink_message @ 0x99c7d0
CIRCLE: _ZN9AP_Follow10handle_msgERK17__mavlink_message @ 0x99cd40
CIRCLE: _ZNK11GCS_MAVLINK13accept_packetERK16__mavlink_statusRK17__mavlink_message @ 0x99cec0
CIRCLE: _ZNK9AP_Follow21should_handle_messageERK17__mavlink_message @ 0x99cfe0
CIRCLE: _ZN15MAVLink_routing11learn_routeER11GCS_MAVLINKRK17__mavlink_message @ 0x99dfb0
CIRCLE: _ZN15MAVLink_routing16handle_heartbeatER11GCS_MAVLINKRK17__mavlink_message @ 0x99e250
CIRCLE: _ZN15MAVLink_routing11get_targetsERK17__mavlink_messageRsS3_ @ 0x99e480
CIRCLE: _ZNK10ModeCircle11mode_numberEv @ 0xad46e0
CIRCLE: _ZNK10ModeCircle5name4Ev @ 0xad4730
CIRCLE: _ZNK10ModeCircle17is_autopilot_modeEv @ 0xad4780
CIRCLE: _ZN10ModeCircle6_enterEv @ 0x9a9ad0
CIRCLE: _ZL3MINIffEDTqultfp_fp0_fp_fp0_ERKT_RKT0_.1137 @ 0x9a9e60
CIRCLE: _ZN17RC_Channels_Rover7channelEh @ 0xad4f10
CIRCLE: _ZN11RC_Channels16read_mode_switchEv @ 0x9adab0
CIRCLE: _ZNK17RC_Channels_Rover14in_rc_failsafeEv @ 0x9adb40
CIRCLE: _ZNK17RC_Channels_Rover15has_valid_inputEv @ 0x9adba0
CIRCLE: _ZNK17RC_Channels_Rover18get_arming_channelEv @ 0x9adc20
CIRCLE: _ZNK17RC_Channels_Rover26flight_mode_channel_numberEv @ 0x9adc70
CIRCLE: mode_to_string @ 0xa1d140
CIRCLE: mode_entry @ 0xa1d2c0
----------------------
Mode: 5 (LOITER)
LOITER: _ZN15AP_Arming_Rover14pre_arm_checksEb @ 0x5bfbf0
LOITER: _ZN2AP13serialmanagerEv @ 0x5c1810
LOITER: _ZNK9AP_ParamTIiL11ap_var_type3EEcvRKiEv @ 0xa21b60
LOITER: _Z3gcsv @ 0x5c4420
LOITER: _ZN11GCS_MAVLINK19active_channel_maskEv @ 0xa21f60
LOITER: _ZN11GCS_MAVLINK20private_channel_maskEv @ 0xa21fe0
LOITER: _ZN3GCS13get_singletonEv @ 0xa22020
LOITER: _ZNK16AP_SerialManager22find_protocol_instanceENS_14SerialProtocolEh @ 0x5c45c0
LOITER: _ZNK13AP_ParamTBaseIaL11ap_var_type1EE3getEv @ 0xa22060
LOITER: _ZNK16AP_SerialManager14protocol_matchENS_14SerialProtocolES0_ @ 0x5c4760
LOITER: _ZN16AP_SerialManager13get_singletonEv @ 0xa220b0
LOITER: _Z2rcv @ 0x5c4860
LOITER: _ZN11RC_Channels13get_singletonEv @ 0xa22150
LOITER: _ZNK9AP_ParamTIaL11ap_var_type1EEcvRKaEv @ 0xa22220
LOITER: _ZN6AP_HAL6millisEv @ 0x5c4ee0
LOITER: _ZN13WithSemaphoreD2Ev @ 0x5c4f20
LOITER: _ZN6AP_HAL8millis64Ev @ 0x5c4f80
LOITER: _ZN6AP_HAL8micros64Ev @ 0x5c4fc0
LOITER: _ZL14uint64_div1000m @ 0x5c5060
LOITER: _ZN7HALSITL9Scheduler4fromEPN6AP_HAL9SchedulerE @ 0xa22270
LOITER: _ZNK7HALSITL9Scheduler18stopped_clock_usecEv @ 0xa222c0
LOITER: _ZNK13AP_ParamTBaseIsL11ap_var_type2EE3getEv @ 0xa22310
LOITER: _ZN13WithSemaphoreC2ERN6AP_HAL9SemaphoreEj @ 0x5c51b0
LOITER: _ZN2AP9proximityEv @ 0x5c5290
LOITER: _ZN12AP_Proximity13get_singletonEv @ 0xa223a0
LOITER: _ZN2AP9schedulerEv @ 0x5c55b0
LOITER: _ZN12AP_Scheduler25get_filtered_loop_rate_hzEv @ 0xa22420
LOITER: _ZN12AP_Scheduler16get_loop_rate_hzEv @ 0xa22470
LOITER: _ZN10AP_Terrain13get_singletonEv @ 0xa22500
LOITER: _ZN12AP_Scripting13get_singletonEv @ 0xa225a0
LOITER: _ZN2AP13internalerrorEv @ 0x5c5920
LOITER: _ZNK16AP_InternalError6errorsEv @ 0xa22700
LOITER: _ZNK16AP_InternalError15last_error_lineEv @ 0xa22750
LOITER: _ZN2AP3rpmEv @ 0x5c5ab0
LOITER: _ZN2AP5relayEv @ 0x5c5e20
LOITER: _ZN12SRV_Channels17function_assignedEN11SRV_Channel8FunctionE @ 0x5c6660
LOITER: _ZNK9AP_ParamTIsL11ap_var_type2EEcvRKsEv @ 0xa22830
LOITER: _ZN12SRV_Channels25update_aux_servo_functionEv @ 0x5c67b0
LOITER: _ZNK7BitmaskILt190EE3getEt @ 0xa22880
LOITER: _ZNK7BitmaskILt190EE8validateEt @ 0xa22950
LOITER: _ZN7BitmaskILt190EE8clearallEv @ 0xa229e0
LOITER: _ZNK11SRV_Channel14valid_functionEv @ 0xa22a40
LOITER: _ZN11SRV_Channel24aux_servo_function_setupEv @ 0x5c72b0
LOITER: _ZN7BitmaskILt190EE3setEt @ 0xa22aa0
LOITER: _ZNK9AP_Enum16IN11SRV_Channel8FunctionEEcvKS1_Ev @ 0xa22b60
LOITER: _ZN11SRV_Channel14valid_functionENS_8FunctionE @ 0xa22bb0
LOITER: _ZN8AP_Relay13get_singletonEv @ 0xa22c60
LOITER: _ZN6AP_RPM13get_singletonEv @ 0xa22ca0
LOITER: _ZNK12AP_Scripting13option_is_setENS_11DebugOptionE @ 0xa22d90
LOITER: _ZNK13AP_ParamTBaseIiL11ap_var_type3EE3getEv @ 0xa22e90
LOITER: _ZNK2AP8PerfInfo25get_filtered_loop_rate_hzEv @ 0x5c76a0
LOITER: _ZNK2AP8PerfInfo17get_filtered_timeEv @ 0x5c7730
LOITER: _ZN12AP_Scheduler13get_singletonEv @ 0x5c7780
LOITER: _ZN2AP7missionEv @ 0x5c77c0
LOITER: _ZNK10AP_Mission12num_commandsEv @ 0xa22ee0
LOITER: _ZN2AP4ahrsEv @ 0x5c80f0
LOITER: _ZNK7AP_AHRS8get_homeEv @ 0xa22ff0
LOITER: _ZNK13StorageAccess10read_blockEPvtm @ 0x5c8220
LOITER: _ZN7AP_AHRS13get_singletonEv @ 0xa23040
LOITER: _ZN8LocationC2Ev @ 0xa23080
LOITER: _ZN8Location4zeroEv @ 0x5c8750
LOITER: _ZN10AP_Mission13get_singletonEv @ 0xa230d0
LOITER: _ZNK7AP_AHRS12get_locationER8Location @ 0x5c88f0
LOITER: _ZN2AP7vehicleEv @ 0x5c8b60
LOITER: _ZNK10AP_Mission7presentEv @ 0xa231b0
LOITER: _ZN10AP_Vehicle13get_singletonEv @ 0x5c8ba0
LOITER: _ZNK8Location12get_distanceERKS_ @ 0x5c8dc0
LOITER: _ZNK9AP_ParamTIfL11ap_var_type4EEcvRKfILb1EEEv @ 0xa23220
LOITER: _ZN8Location14diff_longitudeEii @ 0x5c8e90
LOITER: _ZN8Location15longitude_scaleEi @ 0x5c8f70
LOITER: _Z4normIddJEEdT_T0_DpKT1_ @ 0xa23270
LOITER: _Z2sqIdJdEEdT_DpKT0_ @ 0xa232e0
LOITER: _Z2sqIdEdT_ @ 0xa23360
LOITER: _ZL3MAXIdfEDTqugtfp_fp0_fp_fp0_ERKT_RKT0_ @ 0x5c9010
LOITER: _ZN8LocationC2EiiiNS_8AltFrameE @ 0x5c90b0
LOITER: _ZN8Location10set_alt_cmEiNS_8AltFrameE @ 0x5c9150
LOITER: _ZN11RC_Channels23get_valid_channel_countEv @ 0x5c93f0
LOITER: _ZNK10RC_Channel12has_overrideEv @ 0x5c9460
LOITER: _ZNK13AP_ParamTBaseIfL11ap_var_type4EE3getEv @ 0xa23600
LOITER: _Z11is_positiveIfEbT_ @ 0xa23650
LOITER: _Z7is_zerof @ 0xa236b0
LOITER: _ZL3MINIihEDTqultfp_fp0_fp_fp0_ERKT_RKT0_.6275 @ 0x5c9520
LOITER: _ZN5Rover15ekf_position_okEv @ 0x5c9e10
LOITER: _ZNK7AP_AHRS17have_inertial_navEv @ 0x5c9f80
LOITER: _ZNK7AP_AHRS17get_filter_statusER17nav_filter_status @ 0x5c9fe0
LOITER: _ZNK9AP_Arming8is_armedEv @ 0x5ca110
LOITER: _ZNK7AP_AHRS8ekf_typeEv @ 0x5ca260
LOITER: _ZNK7NavEKF315getFilterStatusER17nav_filter_status @ 0x5ca3f0
LOITER: _ZN2AP12externalAHRSEv @ 0x5ca6e0
LOITER: _ZNK15AP_ExternalAHRS17get_filter_statusER17nav_filter_status @ 0x5ca720
LOITER: _ZN15AP_ExternalAHRS13get_singletonEv @ 0xa23940
LOITER: _ZNK12NavEKF3_core15getFilterStatusER17nav_filter_status @ 0x5ca8b0
LOITER: _ZNK7AP_AHRS14always_use_EKFEv @ 0xa23980
LOITER: _ZNK7AP_AHRS15active_EKF_typeEv @ 0xa239e0
LOITER: _ZNK7AP_AHRS7healthyEv @ 0x5ca990
LOITER: _ZN2AP7compassEv @ 0x5cb430
LOITER: _ZNK7Compass11use_for_yawEv @ 0x5cb470
LOITER: _ZNK16AP_NavEKF_Source12getYawSourceEh @ 0x5cc2e0
LOITER: _ZNK12NavEKF3_core7healthyEv @ 0x5cc5a0
LOITER: _ZNK16AP_NavEKF_Source14useVelXYSourceENS_8SourceXYEh @ 0x5cc960
LOITER: _ZNK16AP_NavEKF_Source18getActiveSourceSetEh @ 0xa23a30
LOITER: _ZNK7AP_EnumIN16AP_NavEKF_Source8SourceXYEEcvKS1_Ev @ 0xa23ae0
LOITER: _ZNK16AP_NavEKF_Source13option_is_setENS_13SourceOptionsE @ 0xa23b30
LOITER: _ZNK12NavEKF3_core15getFilterFaultsERt @ 0x5cca90
LOITER: _ZNK11QuaternionTIdE6is_nanEv @ 0xa23bb0
LOITER: _ZNK7Vector3IdE6is_nanEv @ 0xa23cb0
LOITER: _ZNK7AP_EnumIN16AP_NavEKF_Source9SourceYawEEcvKS1_Ev @ 0xa23d80
LOITER: _ZN2AP3dalEv @ 0x5ccbb0
LOITER: _ZN6AP_DAL7compassEv @ 0xa23dd0
LOITER: _ZNK14AP_DAL_Compass15get_num_enabledEv @ 0xa23e20
LOITER: _ZN6AP_DAL13get_singletonEv @ 0xa23e70
LOITER: _ZN7Matrix3IfEC2Ev @ 0xa242b0
LOITER: _ZN7Vector3IfEC2Ev @ 0xa243a0
LOITER: _ZN11QuaternionTIfEC2Ev @ 0xa24520
LOITER: _ZN7Vector2IfEC2Ev @ 0xa24590
LOITER: _ZN6AP_DAL4baroEv @ 0xa245f0
LOITER: _ZN6AP_DAL6beaconEv @ 0xa24690
LOITER: _ZN6AP_DAL3gpsEv @ 0xa24750
LOITER: _ZN6AP_DAL11rangefinderEv @ 0xa24860
LOITER: _ZN6AP_DAL10visualodomEv @ 0xa248b0
LOITER: _ZNK7Compass7healthyEh @ 0x5cd520
LOITER: _ZNK7Compass11use_for_yawEh @ 0x5cd5c0
LOITER: _ZNK7Compass9availableEv @ 0xa249d0
LOITER: _ZN14typesafe_indexIh12TAG_PriorityEC2Eh @ 0xa24a50
LOITER: _ZNK19RestrictIDTypeArrayI9AP_ParamTIaL11ap_var_type1EELj3E14typesafe_indexIh12TAG_PriorityEEixERKS5_ @ 0xa24ab0
LOITER: _ZNK7AP_EnumIN7Compass9LearnTypeEEcvKS1_Ev @ 0xa24b30
LOITER: _ZNK14typesafe_indexIh12TAG_PriorityE7get_intEv @ 0xa24b80
LOITER: _ZNK7Compass10_get_stateE14typesafe_indexIh12TAG_PriorityE @ 0xa24bd0
LOITER: _ZNK7Compass13_get_state_idE14typesafe_indexIh12TAG_PriorityE @ 0x5cd6a0
LOITER: _ZNK19RestrictIDTypeArrayIN7Compass9mag_stateELj4E14typesafe_indexIh14TAG_StateIndexEEixERKS4_ @ 0xa24c50
LOITER: _ZNK14typesafe_indexIh14TAG_StateIndexE7get_intEv @ 0xa24cd0
LOITER: _ZNK19RestrictIDTypeArrayIiLj3E14typesafe_indexIh12TAG_PriorityEEixERKS2_ @ 0xa24d20
LOITER: _ZN14typesafe_indexIh14TAG_StateIndexEC2Eh @ 0xa24da0
LOITER: _ZNK14typesafe_indexIh14TAG_StateIndexEltERKh @ 0xa24e00
LOITER: _ZN14typesafe_indexIh14TAG_StateIndexEppEi @ 0xa24e70
LOITER: _ZN7Compass13get_singletonEv @ 0xa24ee0
LOITER: _ZNK7NavEKF211activeCoresEv @ 0xa24f20
LOITER: _ZNK7NavEKF311activeCoresEv @ 0xa25360
LOITER: _ZN11QuaternionTIfE20from_rotation_matrixERK7Matrix3IfE @ 0xa25410
LOITER: _ZNK12NavEKF3_core11use_compassEv @ 0x5cdd30
LOITER: _ZNK14AP_DAL_Compass11use_for_yawEh @ 0xa25920
LOITER: _ZNK12NavEKF3_core20getRotationBodyToNEDER7Matrix3IfE @ 0x5cde00
LOITER: _ZNK11QuaternionTIdE15rotation_matrixER7Matrix3IfE @ 0xa25990
LOITER: _ZNK6AP_DAL43get_rotation_vehicle_body_to_autopilot_bodyEv @ 0xa25ba0
LOITER: _ZNK7Matrix3IfEmlERKS0_ @ 0xa25bf0
LOITER: _ZN7Vector3IfEC2Efff @ 0xa25e60
LOITER: _ZN7Matrix3IfEC2ERK7Vector3IfES4_S4_ @ 0xa25ef0
LOITER: _ZN7Vector3IfEdVEf @ 0xa25fa0
LOITER: _Z7wrap_PId @ 0x5cdf10
LOITER: _ZN7Vector3IfEmLEf @ 0xa26030
LOITER: _Z8wrap_2PId @ 0x5cdfa0
LOITER: _ZN11QuaternionTIfEC2Effff @ 0xa26370
LOITER: _ZNK11QuaternionTIfE15rotation_matrixER7Matrix3IfE @ 0xa26420
LOITER: _ZNK7Matrix3IfE13mul_transposeERK7Vector3IfE @ 0xa26610
LOITER: _ZNK7Vector3IfEmiERKS0_ @ 0xa26720
LOITER: _ZNK7Vector3IfE6lengthEv @ 0xa267d0
LOITER: _Z20constrain_value_lineIfET_S0_S0_S0_j @ 0xa26830
LOITER: _Z4normIffJfEEdT_T0_DpKT1_ @ 0xa26950
LOITER: _Z2sqIfJffEEdT_DpKT0_ @ 0xa269d0
LOITER: _ZL2sqf.3424 @ 0x5ce090
LOITER: _Z2sqIfJfEEdT_DpKT0_ @ 0xa26a70
LOITER: _ZL2sqf.1606 @ 0x5ce0e0
LOITER: _ZNK7AP_AHRS24get_rotation_body_to_nedEv @ 0xa26af0
LOITER: _ZN2AP3gpsEv @ 0x5ce1f0
LOITER: _ZNK6AP_GPS8get_typeEh @ 0xa26be0
LOITER: _ZNK7AP_EnumIN6AP_GPS8GPS_TypeEEcvKS1_Ev @ 0xa26c70
LOITER: _ZN6AP_GPS13get_singletonEv @ 0xa26cc0
LOITER: _ZNK7NavEKF37healthyEv @ 0x5ce340
LOITER: _ZNK6AP_GPS11num_sensorsEv @ 0x5ce650
LOITER: _ZNK6AP_GPS14primary_sensorEv @ 0xa26da0
LOITER: _ZNK6AP_GPS6statusEh @ 0xa26df0
LOITER: _ZNK6AP_GPS10is_healthyEh @ 0x5ce6d0
LOITER: _ZNK7AP_AHRS11home_is_setEv @ 0xa26eb0
LOITER: _ZNK6AP_GPS8locationEv @ 0xa26f10
LOITER: _ZNK6AP_GPS22first_unconfigured_gpsERh @ 0x5ce990
LOITER: _ZNK6AP_GPS8locationEh @ 0xa26f70
LOITER: _ZNK6AP_GPS12is_rtk_roverEh @ 0x5cee40
LOITER: _ZN2AP3insEv @ 0x5cf1a0
LOITER: _ZNK17AP_InertialSensor19get_gyro_health_allEv @ 0x5cf1e0
LOITER: _ZNK17AP_InertialSensor22gyro_calibrated_ok_allEv @ 0x5cf2a0
LOITER: _ZNK17AP_InertialSensor20get_accel_health_allEv @ 0x5cf3b0
LOITER: _ZNK17AP_InertialSensor23accel_calibrated_ok_allEv @ 0x5cf470
LOITER: _ZNK10AP_GyroFFT16analysis_enabledEv @ 0xa27190
LOITER: _ZN7Vector3IfEixEh @ 0xa27520
LOITER: _ZN10DigitalLPFIfE6_applyERKfS2_ @ 0xa27880
LOITER: _Z15constrain_int16sss @ 0xa27e80
LOITER: _Z15constrain_valueIsET_S0_S0_S0_ @ 0xa27f10
LOITER: _ZNK10ByteBuffer5spaceEv @ 0x5d20b0
LOITER: _ZN10ByteBuffer5writeEPKhj @ 0x5d2310
LOITER: _ZN10ByteBuffer7reserveEPNS_5IoVecEj @ 0x5d2430
LOITER: _ZN10ByteBuffer6commitEj @ 0x5d2660
LOITER: _ZNK10ByteBuffer8get_sizeEv @ 0xa27fc0
LOITER: _ZNK17AP_InertialSensor14get_gyro_countEv @ 0xa28050
LOITER: _ZNK17AP_InertialSensor4_useEh @ 0xa280c0
LOITER: _ZNK17AP_InertialSensor8_gyro_idEh @ 0xa28120
LOITER: _ZN17AP_InertialSensor8_gyro_idEh @ 0xa28180
LOITER: _ZN17AP_InertialSensor4_useEh @ 0xa281f0
LOITER: _ZL3MINIihEDTqultfp_fp0_fp_fp0_ERKT_RKT0_.3043 @ 0x5d2b90
LOITER: _ZNK7AP_EnumIN22AP_InertialSensor_TCal6EnableEEcvKS1_Ev @ 0xa282c0
LOITER: _ZN17AP_InertialSensor4tcalEh @ 0xa28310
LOITER: _ZNK17AP_InertialSensor8get_gyroEv @ 0xa28380
LOITER: _ZNK17AP_InertialSensor8use_gyroEh @ 0x5d2d50
LOITER: _ZNK17AP_InertialSensor8get_gyroEh @ 0xa283e0
LOITER: _ZNK17AP_InertialSensor15get_gyro_healthEh @ 0xa28450
LOITER: _ZNK17AP_InertialSensor15get_accel_countEv @ 0xa284f0
LOITER: _ZL3MINIihEDTqultfp_fp0_fp_fp0_ERKT_RKT0_ @ 0x5d2fd0
LOITER: _ZNK17AP_InertialSensor9get_accelEv @ 0xa28560
LOITER: _ZNK17AP_InertialSensor9use_accelEh @ 0x5d3060
LOITER: _ZNK17AP_InertialSensor9get_accelEh @ 0xa285c0
LOITER: _ZNK17AP_InertialSensor16get_accel_healthEh @ 0xa28630
LOITER: _ZNK17AP_InertialSensor13_accel_offsetEh @ 0xa286d0
LOITER: _ZNK9AP_ParamVI7Vector3IfEL11ap_var_type5EE3getEv @ 0xa28730
LOITER: _ZNK7Vector3IfE7is_zeroEv @ 0xa28780
LOITER: _ZNK17AP_InertialSensor12_accel_scaleEh @ 0xa28830
LOITER: _ZNK17AP_InertialSensor9_accel_idEh @ 0xa28890
LOITER: _Z8is_equalIffENSt3__19enable_ifIXsr3std17is_floating_pointINS0_11common_typeIJT_T0_EE4typeEEE5valueEbE4typeES3_S4_ @ 0xa288f0
LOITER: _ZN17AP_InertialSensor9_accel_idEh @ 0xa28970
LOITER: _ZN17AP_InertialSensor12_accel_scaleEh @ 0xa289e0
LOITER: _ZN17AP_InertialSensor13_accel_offsetEh @ 0xa28a50
LOITER: _ZNK17AP_InertialSensor18gyro_calibrated_okEh @ 0xa28ac0
LOITER: _ZN17AP_InertialSensor13get_singletonEv @ 0x5d3120
LOITER: _ZN13AP_ParamTBaseIaL11ap_var_type1EE3setERKa @ 0xa290a0
LOITER: _ZN13AP_ParamTBaseIsL11ap_var_type2EE3setERKs @ 0xa29100
LOITER: _ZN13AP_ParamTBaseIiL11ap_var_type3EE3setERKi @ 0xa29170
LOITER: _ZN13AP_ParamTBaseIfL11ap_var_type4EE3setERKf @ 0xa291d0
LOITER: _ZNK7Vector3IfEneERKS0_ @ 0xa29900
LOITER: _ZNK8AP_Param13find_var_infoEPjRPKNS_9GroupInfoERNS_12GroupNestingEPh @ 0x5d4b90
LOITER: _ZNK8AP_Param14copy_name_infoEPKNS_4InfoEPKNS_9GroupInfoERKNS_12GroupNestingEhPcmb @ 0x5d4e10
LOITER: _ZNK8AP_Param14send_parameterEPKc11ap_var_typeh @ 0x5d5070
LOITER: _ZNK8AP_Param13cast_to_floatE11ap_var_type @ 0x5d5210
LOITER: _ZN3GCS20send_parameter_valueEPKc11ap_var_typef @ 0x5d5300
LOITER: _ZL3MINImmEDTqultfp_fp0_fp_fp0_ERKT_RKT0_.5959 @ 0x5d5440
LOITER: _ZN11GCS_MAVLINK14mav_param_typeE11ap_var_type @ 0x5d54c0
LOITER: _ZN8AP_Param16count_parametersEv @ 0x5d5550
LOITER: _ZN3GCS23send_to_active_channelsEjPKc @ 0x5d5700
LOITER: _ZN9AP_Logger13get_singletonEv @ 0xa299d0
LOITER: _ZN9AP_Logger15Write_ParameterEPKcf @ 0x5d5820
LOITER: _ZNK9AP_Logger10quiet_nanfEv @ 0xa29a10
LOITER: _ZN17AP_Logger_Backend15Write_ParameterEPKcff @ 0x5d5910
LOITER: _Z14strncpy_notermPcPKcm @ 0x5d5a30
LOITER: _ZN17AP_Logger_Backend18WriteCriticalBlockEPKvt @ 0xa29a60
LOITER: _ZN17AP_Logger_Backend21WritePrioritisedBlockEPKvtbb @ 0x5d5ae0
LOITER: _ZN17AP_Logger_Backend30validate_WritePrioritisedBlockEPKvt @ 0x5d5cb0
LOITER: _ZN17AP_Logger_Backend9ShouldLogEb @ 0x5d5ea0
LOITER: _ZN17AP_Logger_Backend21ensure_format_emittedEPKvt @ 0x5d6340
LOITER: _ZNK17AP_Logger_Backend23message_type_from_blockEPKvtR11LogMessages @ 0x5d6460
LOITER: _ZNK17AP_Logger_Backend28have_emitted_format_for_typeE11LogMessages @ 0xa29ae0
LOITER: _ZNK7BitmaskILt256EE8validateEt @ 0xa29c10
LOITER: _ZNK7BitmaskILt256EE3getEt @ 0xa29ca0
LOITER: _ZNK6AP_HAL4Util14get_soft_armedEv @ 0xa29d70
LOITER: _ZN2AP6loggerEv @ 0x5d6f60
LOITER: _Z7is_zeroI9AP_ParamTIfL11ap_var_type4EEEbT_ @ 0xa29dd0
LOITER: _ZNK12AP_Scheduler5ticksEv @ 0xa29e30
LOITER: _ZN6AP_HAL8millis16Ev @ 0x5d71b0
LOITER: _ZNK9AP_Logger13WritesEnabledEv @ 0xa29f90
LOITER: _ZNK19LoggerMessageWriter8finishedEv @ 0xa29ff0
LOITER: _ZNK9AP_Logger15in_log_downloadEv @ 0x5d71f0
LOITER: _ZNK9AP_Logger16vehicle_is_armedEv @ 0xa2a050
LOITER: mavlink_get_msg_entry @ 0x5d7440
LOITER: _ZNK3GCS7num_gcsEv @ 0xa2a100
LOITER: _ZNK11GCS_MAVLINK10is_privateEv @ 0xa2a150
LOITER: _ZNK11GCS_MAVLINK9is_activeEv @ 0xa2a1b0
LOITER: _ZN11GCS_MAVLINK12send_messageEPKcPK19__mavlink_msg_entry @ 0xa2a230
LOITER: _ZN11GCS_MAVLINK18check_payload_sizeEt @ 0x5d7560
LOITER: _mav_finalize_message_chan_send @ 0x5d7610
LOITER: _Z26mavlink_get_channel_statush @ 0x5d7960
LOITER: _Z17_mav_trim_payloadPKch @ 0x5d7a40
LOITER: _ZL13crc_calculatePKht @ 0x5d7ae0
LOITER: _ZL21crc_accumulate_bufferPtPKct @ 0x5d7b80
LOITER: _ZL14crc_accumulatehPt @ 0x5d7c20
LOITER: _Z14comm_send_lock17mavlink_channel_tt @ 0x5d7eb0
LOITER: _mavlink_send_uart @ 0x5d7f70
LOITER: _Z16comm_send_unlock17mavlink_channel_t @ 0x5d7ff0
LOITER: _Z16comm_send_buffer17mavlink_channel_tPKhh @ 0x5d8070
LOITER: _ZL13valid_channel17mavlink_channel_t @ 0x5d81e0
LOITER: _Z24gcs_out_of_space_to_send17mavlink_channel_t @ 0x5d8290
LOITER: _ZN11GCS_MAVLINK20out_of_space_to_sendEv @ 0xa2a370
LOITER: _ZL8crc_initPt @ 0x5d8bc0
LOITER: _ZN11GCS_MAVLINK14channel_statusEv @ 0xa2a3d0
LOITER: _ZNK11GCS_MAVLINK7txspaceEv @ 0xa2a420
LOITER: _ZNK11GCS_MAVLINK15packet_overheadEv @ 0xa2a4c0
LOITER: _ZN11GCS_MAVLINK20packet_overhead_chanE17mavlink_channel_t @ 0x5d8c10
LOITER: _ZL3MINIjjEDTqultfp_fp0_fp_fp0_ERKT_RKT0_.5950 @ 0x5d8cf0
LOITER: _ZN11GCS_MAVLINK10is_privateE17mavlink_channel_t @ 0xa2a520
LOITER: _ZN8AP_Param8var_infoEt @ 0xa2a590
LOITER: _ZN8AP_Param14get_group_infoERKNS_4InfoE @ 0x5d9570
LOITER: _ZN8AP_Param14get_group_infoERKNS_9GroupInfoE @ 0x5d9b90
LOITER: _ZN8AP_Param19adjust_group_offsetEtRKNS_9GroupInfoERl @ 0x5d9c10
LOITER: _ZN8AP_Param8group_idEPKNS_9GroupInfoEjhh @ 0x5d9d30
LOITER: _ZN8AP_Param8get_baseERKNS_4InfoERl @ 0x5d9e30
LOITER: _ZNK13AP_ParamTBaseIiL11ap_var_type3EE13cast_to_floatEv @ 0xa2a6d0
LOITER: _ZNK8AP_Param19find_var_info_groupEPKNS_9GroupInfoEtjhlPjRS2_RNS_12GroupNestingEPh @ 0x5d9fc0
LOITER: _ZN8AP_Param4saveEb @ 0x5da4c0
LOITER: _ZN17AP_InertialSensor13caltemp_accelEh @ 0xa2a850
LOITER: _ZNK17AP_InertialSensor15get_temperatureEh @ 0xa2a8c0
LOITER: _ZN7Vector3IfE4zeroEv @ 0xa2ab20
LOITER: _ZNK7Vector3IfErmERKS0_ @ 0xa2ab80
LOITER: _ZNK7Vector3IfEmlERKS0_ @ 0xa2ac60
LOITER: _Z9safe_sqrtIfEfT_ @ 0xa2acf0
LOITER: _ZNK11QuaternionTIfE14get_euler_rollEv @ 0xa2ae80
LOITER: _ZNK11QuaternionTIfE15get_euler_pitchEv @ 0xa2af30
LOITER: _Z9safe_asinIfEfT_ @ 0xa2afa0
LOITER: _ZN7Vector3IfE6rotateE8Rotation @ 0xa2b190
LOITER: _ZNK7Matrix3IfEmlERK7Vector3IfE @ 0xa2c170
LOITER: _ZN7Matrix3IfE10from_eulerEfff @ 0xa2c310
LOITER: _ZN7Matrix3IfEC2Efffffffff @ 0xa2c540
LOITER: _ZNK7Vector3IfEplERKS0_ @ 0xa2c670
LOITER: _ZNK7Vector3IfEdvEf @ 0xa2c720
LOITER: _Z4normIffJEEdT_T0_DpKT1_ @ 0xa2c7c0
LOITER: _ZN7Vector3IfEpLERKS0_ @ 0xa2c830
LOITER: _ZN15ObjectBuffer_TSIN8AP_Param10param_saveEE4peekERS1_ @ 0xa2c8d0
LOITER: _ZN15ObjectBuffer_TSIN8AP_Param10param_saveEE4pushERKS1_ @ 0xa2c980
LOITER: _ZN10ByteBuffer9peekbytesEPhj @ 0x5db470
LOITER: _ZN10ByteBuffer9peekiovecEPNS_5IoVecEj @ 0x5db580
LOITER: _ZNK10ByteBuffer9availableEv @ 0x5db6d0
LOITER: _ZN10ByteBuffer7readptrERj @ 0x5db9b0
LOITER: _ZNK7Vector3IfEngEv @ 0xa2ca60
LOITER: _ZN2AP4sitlEv @ 0x5dbdb0
LOITER: _ZN2AP4baroEv @ 0x5dbdf0
LOITER: _ZNK7AP_Baro11all_healthyEv @ 0x5dbef0
LOITER: _ZNK7AP_Baro7healthyEh @ 0x5dbfa0
LOITER: _ZN7AP_Baro13get_singletonEv @ 0xa2cb40
LOITER: _ZN4SITL3SIM13get_singletonEv @ 0xa2cb80
LOITER: _ZNK9AP_Logger15logging_presentEv @ 0x5dc680
LOITER: _ZNK9AP_Logger15logging_startedEv @ 0x5dc770
LOITER: _ZNK11RC_Channels17option_is_enabledENS_6OptionE @ 0xa2cc10
LOITER: _ZNK11RC_Channels16get_roll_channelEv @ 0x5dc9d0
LOITER: _ZNK11RC_Channels15get_yaw_channelEv @ 0x5dcab0
LOITER: _ZNK10RC_Channel14get_control_inEv @ 0xa2cc90
LOITER: _ZNK11RC_Channels20get_throttle_channelEv @ 0x5dcb20
LOITER: _ZN11RC_Channels23find_channel_for_optionEN10RC_Channel8AUX_FUNCE @ 0x5dcb90
LOITER: _ZN2AP5rcmapEv @ 0x5dce10
LOITER: _ZNK8RCMapper8throttleEv @ 0xa2cd40
LOITER: _ZNK11RC_Channels25get_rcmap_channel_nonnullEh @ 0x5dce50
LOITER: _ZN11RC_Channels10rc_channelEh @ 0xa2cda0
LOITER: _ZN8RCMapper13get_singletonEv @ 0xa2ce00
LOITER: _ZNK8RCMapper3yawEv @ 0xa2ce40
LOITER: _ZNK8RCMapper4rollEv @ 0xa2cf00
LOITER: _ZNK11RC_Channels19flight_mode_channelEv @ 0x5dcee0
LOITER: _ZNK8Sailboat12sail_enabledEv @ 0xa2d270
LOITER: _ZNK11AP_WindVane7enabledEv @ 0x5dcf80
LOITER: _ZNK8AR_WPNav17get_default_speedEv @ 0xa2d2d0
LOITER: _ZNK12AP_MotorsUGV8has_sailEv @ 0x5de2b0
LOITER: _ZNK12AP_MotorsUGV7is_omniEv @ 0xa2d330
LOITER: _ZN12SRV_Channels18get_emergency_stopEv @ 0xa2d440
LOITER: _ZNK10RC_Channel12get_radio_inEv @ 0xa2d480
LOITER: _ZN2AP5fenceEv @ 0x5e0260
LOITER: _ZNK8AC_Fence7presentEv @ 0x5e0840
LOITER: _ZNK8AC_Fence7enabledEv @ 0xa2d590
LOITER: _ZNK19AC_PolyFence_loader17total_fence_countEv @ 0xa2d850
LOITER: _ZNK7Vector2IfEmiERKS0_ @ 0xa2df80
LOITER: _ZNK7Vector2IfEmlERKS0_ @ 0xa2e1f0
LOITER: _ZNK7Vector2IfEmlEf @ 0xa2e270
LOITER: _ZN7Vector2IfEC2Eff @ 0xa2e2f0
LOITER: _ZNK19AC_PolyFence_loader27get_exclusion_polygon_countEv @ 0xa2e420
LOITER: _ZNK19AC_PolyFence_loader27get_inclusion_polygon_countEv @ 0xa2e470
LOITER: _ZNK19AC_PolyFence_loader26get_exclusion_circle_countEv @ 0xa2e4c0
LOITER: _ZNK19AC_PolyFence_loader26get_inclusion_circle_countEv @ 0xa2e510
LOITER: _ZN8AC_Fence13get_singletonEv @ 0xa2e560
LOITER: _ZN2AP10visualodomEv @ 0x5e2080
LOITER: _ZNK13AP_VisualOdom7enabledEv @ 0x5e21f0
LOITER: _ZNK7AP_EnumIN13AP_VisualOdom15VisualOdom_TypeEEcvKS1_Ev @ 0xa2e5a0
LOITER: _ZN13AP_VisualOdom13get_singletonEv @ 0xa2e5f0
LOITER: _ZN6AP_HAL6microsEv @ 0x5e2660
LOITER: _ZN2AP5mountEv @ 0x5e26a0
LOITER: _ZN8AP_Mount13get_singletonEv @ 0xa2e670
LOITER: _ZN2AP3osdEv @ 0x5e2900
LOITER: _ZN6AP_OSD13get_singletonEv @ 0xa2e710
LOITER: _ZN2AP9generatorEv @ 0x5e2c50
LOITER: _ZN12AP_Generator13get_singletonEv @ 0x5e2e10
LOITER: _ZN2AP3canEv @ 0x5e2e50
LOITER: _ZNK13AP_CANManager15get_num_driversEv @ 0xa2e800
LOITER: _ZNK13AP_CANManager15get_driver_typeEh @ 0xa2e850
LOITER: _ZN13AP_CANManager13get_singletonEv @ 0xa2ea50
LOITER: _ZNK11SRV_Channel12get_functionEv @ 0xa2eb90
LOITER: _ZNK11SRV_Channel14get_output_minEv @ 0xa2ec50
LOITER: _ZNK11SRV_Channel14get_output_maxEv @ 0xa2eca0
LOITER: _ZN11SRV_Channel13should_e_stopENS_8FunctionE @ 0x5e3c10
LOITER: _ZN11RangeFinder13get_singletonEv @ 0xa2ed40
LOITER: _ZNK9AP_Logger14logging_failedEv @ 0x5e4240
LOITER: _ZN2AP7batteryEv @ 0x5e43c0
LOITER: _ZNK14AP_BattMonitor15configured_typeEh @ 0xa2ee30
LOITER: _ZNK14AP_BattMonitor14allocated_typeEh @ 0xa2eea0
LOITER: _ZNK22AP_BattMonitor_Backend20check_failsafe_typesERbS0_S0_S0_ @ 0x5e4af0
LOITER: _Z11is_positiveI9AP_ParamTIfL11ap_var_type4EEEbT_ @ 0xa2ef10
LOITER: _ZNK21AP_BattMonitor_Params23failsafe_voltage_sourceEv @ 0xa2eff0
LOITER: _ZL3MAXIffEDTqugtfp_fp0_fp_fp0_ERKT_RKT0_.16928 @ 0x5e4f00
LOITER: _ZN14AP_BattMonitor13get_singletonEv @ 0xa2f050
LOITER: _ZNK7Compass14is_calibratingEv @ 0x5e4f80
LOITER: _ZNK7Compass7healthyEv @ 0xa2f0f0
LOITER: _ZNK7Compass21learn_offsets_enabledEv @ 0xa2f150
LOITER: _ZNK7Compass9get_fieldEv @ 0xa2f280
LOITER: _ZNK7Compass10consistentEv @ 0x5e5340
LOITER: _ZN14AP_Declination18get_earth_field_gaERK8Location @ 0x5e55e0
LOITER: _ZNK7Vector3IfEmlEf @ 0xa2f2e0
LOITER: _ZN14AP_Declination16get_mag_field_efEffRfS0_S0_ @ 0x5e5880
LOITER: _ZL7radiansf.2451 @ 0x5e5e80
LOITER: _Z15constrain_int32iii @ 0xa2f380
LOITER: _Z15constrain_valueIiET_S0_S0_S0_ @ 0xa2f3f0
LOITER: _ZN11AP_AHRS_DCM11use_compassEv @ 0x5e5ff0
LOITER: _ZNK7AP_AHRS15get_fly_forwardEv @ 0xa2f4e0
LOITER: _ZNK11AP_AHRS_DCM8have_gpsEv @ 0x5e61a0
LOITER: _ZNK6AP_GPS12ground_speedEv @ 0xa2f540
LOITER: _ZL7degreesf.1595 @ 0x5e6230
LOITER: _ZNK6AP_GPS13ground_courseEv @ 0xa2f5a0
LOITER: _Z8wrap_180IfET_S0_ @ 0xa2f600
LOITER: _Z8wrap_360f @ 0x5e6280
LOITER: _ZNK6AP_GPS13ground_courseEh @ 0xa2f690
LOITER: _ZNK6AP_GPS12ground_speedEh @ 0xa2f700
LOITER: _ZNK7AP_EnumI6GPSUseEcvKS0_Ev @ 0xa2f770
LOITER: _ZNK6AP_GPS6statusEv @ 0xa2f7c0
LOITER: _ZNK7Vector3IfE2xyEv @ 0xa2f820
LOITER: _ZNK7Compass9get_countEv @ 0xa2f870
LOITER: _ZNK7Compass9get_fieldEh @ 0xa2f8c0
LOITER: _ZNK7Vector2IfE7is_zeroEv @ 0xa2f940
LOITER: _ZNK7Vector3IfE5angleERKS0_ @ 0xa2f9d0
LOITER: _ZL7radiansf.2166 @ 0x5e63a0
LOITER: _ZNK7Vector2IfE5angleERKS0_ @ 0xa2fae0
LOITER: _ZNK7Vector2IfE6lengthEv @ 0xa2fc00
LOITER: _ZNK7Compass11get_offsetsEh @ 0xa2fc60
LOITER: _ZNK9AP_ParamVI7Vector3IfEL11ap_var_type5EEcvRKS1_Ev @ 0xa2fce0
LOITER: _ZNK14typesafe_indexIh12TAG_PriorityEltERKh @ 0xa2fd30
LOITER: _ZNK14typesafe_indexIh12TAG_PriorityEcvhEv @ 0xa2fe20
LOITER: _ZNK14typesafe_indexIh12TAG_PriorityEplERKh @ 0xa2fe70
LOITER: _ZN14typesafe_indexIh12TAG_PriorityEppEi @ 0xa2ff70
LOITER: _ZN19RestrictIDTypeArrayIN7Compass9mag_stateELj4E14typesafe_indexIh14TAG_StateIndexEEixERKS4_ @ 0xa2ffe0
LOITER: _ZN8AP_Param7set_keyERNS_12Param_headerEt @ 0x5e6900
LOITER: _ZN8AP_Param4scanEPKNS_12Param_headerEPt @ 0x5e6990
LOITER: _ZN8AP_Param9type_sizeE11ap_var_type @ 0x5e6b20
LOITER: _ZNK13StorageAccess4sizeEv @ 0xa300d0
LOITER: _ZN8AP_Param7get_keyERKNS_12Param_headerE @ 0x5e6bc0
LOITER: _ZN8AP_Param11is_sentinalERKNS_12Param_headerE @ 0x5e6c30
LOITER: _ZNK19RestrictIDTypeArrayIP17CompassCalibratorLj3E14typesafe_indexIh12TAG_PriorityEEixERKS4_ @ 0xa30120
LOITER: _ZNK12AP_MotorsUGV6activeEv @ 0x5e6d80
LOITER: _ZN15AP_Arming_Rover17update_soft_armedEv @ 0x5e70a0
LOITER: _ZNK9AP_Arming14option_enabledENS_6OptionE @ 0xa301a0
LOITER: _ZN9AP_Logger17set_vehicle_armedEb @ 0x5e7220
LOITER: _ZNK9AP_Arming22get_rudder_arming_typeEv @ 0xa30220
LOITER: _ZN8AC_Fence12clear_breachEh @ 0x5e7ae0
LOITER: _ZN9AP_Logger18WriteCriticalBlockEPKvt @ 0x5e7b50
LOITER: _ZNK12AP_MotorsUGV12get_throttleEv @ 0xa30390
LOITER: _ZNK12AP_MotorsUGV18have_skid_steeringEv @ 0x5e7c00
LOITER: _ZNK12AP_MotorsUGV12get_steeringEv @ 0xa303e0
LOITER: _ZNK7AP_AHRS11get_yaw_radEv @ 0xa30430
LOITER: _ZNK7AP_AHRS38get_relative_position_NED_origin_floatER7Vector3IfE @ 0x5e80a0
LOITER: _ZN11AP_SmartRTL9add_pointERK7Vector3IfE @ 0x5e8310
LOITER: _ZN7HALSITL9Semaphore16take_nonblockingEv @ 0x5e84d0
LOITER: _ZNK11AP_SmartRTL10log_actionENS_6ActionERK7Vector3IfE @ 0x5e8560
LOITER: _ZNK7Vector3IfE16distance_squaredERKS0_ @ 0xa30480
LOITER: _ZL2sqf.11254 @ 0x5e8620
LOITER: _ZN7HALSITL9Semaphore4giveEv @ 0x5e8670
LOITER: _ZN9AP_Logger10Write_SRTLEbtthRK7Vector3IfE @ 0x5e8720
LOITER: _ZN9AP_Logger10WriteBlockEPKvt @ 0x5e8840
LOITER: _ZN17AP_Logger_Backend10WriteBlockEPKvt @ 0xa30540
LOITER: _ZN7Vector3IdEC2Ev @ 0xa30680
LOITER: _ZNK7AP_AHRS32get_relative_position_NED_originER7Vector3IdE @ 0x5e8a30
LOITER: _ZNK7Vector3IdE7tofloatEv @ 0xa306e0
LOITER: _ZN7Vector2IdEC2Ev @ 0xa30760
LOITER: _ZNK7NavEKF38getPosNEER7Vector2IdE @ 0x5e8e50
LOITER: _ZNK7NavEKF37getPosDERd @ 0x5e8ef0
LOITER: _ZN7Vector3IdEC2Eddd @ 0xa307c0
LOITER: _ZNK8Location11initialisedEv @ 0xa30850
LOITER: _ZNK7Vector3IfE8todoubleEv @ 0xa308e0
LOITER: _ZN7Vector3IdEmLEd @ 0xa30960
LOITER: _ZN8Location13offset_latlngERiS0_dd @ 0x5e9560
LOITER: _ZN8Location15limit_lattitudeEi @ 0x5e9660
LOITER: _ZN8Location14wrap_longitudeEl @ 0x5e9700
LOITER: _ZNK11AP_AHRS_SIM12get_locationER8Location @ 0x5e97a0
LOITER: _ZNK8Location23get_distance_NE_postypeERKS_ @ 0x5e9890
LOITER: _ZN7Vector2IdEC2Edd @ 0xa309f0
LOITER: _ZNK12NavEKF3_core7getPosDERd @ 0x5e9980
LOITER: _ZNK12NavEKF3_core13getPosD_localERd @ 0x5e9a50
LOITER: _ZNK12NavEKF3_core12getOriginLLHER8Location @ 0x5e9ae0
LOITER: _ZNK12NavEKF3_core8getPosNEER7Vector2IdE @ 0x5e9bd0
LOITER: _ZNK7Vector3IdE2xyEv @ 0xa30a70
LOITER: _ZNK7Vector2IdE8todoubleEv @ 0xa30ac0
LOITER: _ZNK7Vector2IdEplERKS0_ @ 0xa30b20
LOITER: _ZNK10AP_DAL_GPS6statusEh @ 0xa30bb0
LOITER: _ZNK10AP_DAL_GPS8locationEh @ 0xa30c20
LOITER: _ZN7Vector2IdE4zeroEv @ 0xa30c90
LOITER: _ZNK10AP_DAL_GPS14primary_sensorEv @ 0xa30cf0
LOITER: _ZNK11AP_AHRS_DCM12get_locationER8Location @ 0x5ea220
LOITER: _ZNK7AP_Baro12get_altitudeEv @ 0xa30da0
LOITER: _ZN8Location6offsetEdd @ 0x5ea550
LOITER: _ZNK6AP_GPS7get_lagERf @ 0xa30e00
LOITER: _ZNK6AP_GPS7get_lagEhRf @ 0x5ea5e0
LOITER: _ZNK7AP_Baro12get_altitudeEh @ 0xa30e80
LOITER: _ZNK7AP_AHRS16get_velocity_NEDER7Vector3IfE @ 0x5eabc0
LOITER: _ZNK9AP_ParamTIfL11ap_var_type4EEngEv @ 0xa30f50
LOITER: _ZNK8Location10get_alt_cmENS_8AltFrameERi @ 0x5eb2c0
LOITER: _ZNK8Location13get_alt_frameEv @ 0x5eb600
LOITER: _ZNK7AP_AHRS10get_originER8Location @ 0x5eb6e0
LOITER: _ZNK9AP_Arming18get_enabled_checksEv @ 0x5ec150
LOITER: _ZN7HALSITL9Semaphore4takeEj @ 0x5ec2b0
LOITER: _ZN6AP_HAL9Semaphore13take_blockingEv @ 0xa31720
LOITER: _ZN4SITL6AS56006updateERKNS_8AircraftE @ 0x5ed7d0
LOITER: _ZNK4SITL8Aircraft12get_attitudeER11QuaternionTIfE @ 0xa325c0
LOITER: _ZL7degreesf.19207 @ 0x5edba0
LOITER: _ZN4SITL17I2CRegisters_8Bit12set_registerEhh @ 0x5edc00
LOITER: _ZN4SITL9I2CDevice6updateERKNS_8AircraftE @ 0xa327b0
LOITER: _ZN4SITL13TeraRangerI2C6updateERKNS_8AircraftE @ 0xa32950
LOITER: _ZNK4SITL8Aircraft17rangefinder_rangeEv @ 0x5ee2c0
LOITER: _ZL7radiansf.14466 @ 0x5ee7a0
LOITER: _Z10rand_floatv @ 0x5ee800
LOITER: _ZN4SITL7INA32216updateERKNS_8AircraftE @ 0x5eeae0
LOITER: _ZL15convert_voltagef @ 0x5eef60
LOITER: _ZL15convert_currentf @ 0x5ef030
LOITER: _ZN4SITL8QMC5883L6updateERKNS_8AircraftE @ 0x5ef290
LOITER: _ZN7Vector3IfE14rotate_inverseE8Rotation @ 0xa329c0
LOITER: _ZL7htole16t.13591 @ 0x5ef6a0
LOITER: _ZN7Vector3IsEC2Esss @ 0xa32b70
LOITER: _ZN4SITL10IS31FL31956updateERKNS_8AircraftE @ 0x5ef910
LOITER: _ZN4SITL17I2CRegisters_8Bit12get_registerEh @ 0xa32d10
LOITER: _ZN10SIM_RGBLED11set_coloursEhhh @ 0xa32d70
LOITER: _ZN4SITL6LM27556updateERKNS_8AircraftE @ 0x5f05f0
LOITER: _ZNK4SITL6LM275510LEDChannel13current_valueEv @ 0xa32f80
LOITER: _ZN4SITL6LP55626updateERKNS_8AircraftE @ 0x5f0ba0
LOITER: _ZN4SITL6LP556210LEDChannel6updateEv @ 0x5f0eb0
LOITER: _ZNK4SITL6LP556210LEDChannel13current_valueEv @ 0xa33200
LOITER: _ZN4SITL6MS5XXX6updateERKNS_8AircraftE @ 0x5f0f90
LOITER: _ZN7AP_Baro37get_pressure_temperature_for_alt_amslEfRfS0_ @ 0x5f1f40
LOITER: _ZN7AP_Baro29geometric_alt_to_geopotentialEf @ 0x5f2120
LOITER: _ZL33find_atmosphere_layer_by_altitudef @ 0x5f2180
LOITER: _ZN7AP_Baro33get_temperature_by_altitude_layerEfa @ 0x5f2230
LOITER: _ZN7AP_Baro29get_temperatureC_for_alt_amslEf @ 0x5f2db0
LOITER: _ZN4SITL12InvensenseV36updateERKNS_8AircraftE @ 0x5f2e20
LOITER: _ZNK4SITL8ICM4060911accel_scaleEv @ 0xa33750
LOITER: _ZL7radiansd.13033 @ 0x5f38e0
LOITER: _ZNK4SITL12InvensenseV310gyro_scaleEv @ 0xa337a0
LOITER: _ZN4SITL12InvensenseV313write_to_fifoEhPhh @ 0x5f3930
LOITER: _ZN4SITL7MCP96006updateERKNS_8AircraftE @ 0x5f3e90
LOITER: _ZL7htobe16t.12937 @ 0x5f4460
LOITER: _ZL10__bswap_16t.12939 @ 0x5f44b0
LOITER: _ZNK4SITL31I2CRegisters_ConfigurableLength13get_reg_valueEhRh @ 0x5f4520
LOITER: _ZN4SITL6TSYS036updateERKNS_8AircraftE @ 0x5f4970
LOITER: _ZN4SITL6TSYS016updateERKNS_8AircraftE @ 0x5f53c0
LOITER: _ZN4SITL5SHT3x6updateERKNS_8AircraftE @ 0x5f5ff0
LOITER: _ZN4SITL13Airspeed_DLVR6updateERKNS_8AircraftE @ 0x5f6870
LOITER: _ZN4SITL29SIM_BattMonitor_SMBus_Generic6updateERKNS_8AircraftE @ 0x5f7350
LOITER: _ZNK4SITL29SIM_BattMonitor_SMBus_Generic15connected_cellsEv @ 0xa34090
LOITER: _ZN4SITL21SIM_BattMonitor_SMBus6updateERKNS_8AircraftE @ 0x5f7bb0
LOITER: _ZNK4SITL8Aircraft19get_battery_voltageEv @ 0xa340e0
LOITER: _ZN4SITL11SMBusDevice12set_registerEht @ 0xa34130
LOITER: _ZN4SITL18I2CRegisters_16Bit12set_registerEht @ 0x5f7cc0
LOITER: _ZN4SITL11SMBusDevice12set_registerEhs @ 0xa341b0
LOITER: _ZN4SITL18I2CRegisters_16Bit12set_registerEhs @ 0x5f7d70
LOITER: _ZN4SITL6Rotoye6updateERKNS_8AircraftE @ 0x5f8010
LOITER: _ZN4SITL11SMBusDevice13get_reg_valueEh @ 0xa34460
LOITER: _ZN4SITL18I2CRegisters_16Bit13get_reg_valueEh @ 0xa344d0
LOITER: _ZL7be16toht.19258 @ 0x5f80e0
LOITER: _ZL10__bswap_16t.19259 @ 0x5f8130
LOITER: _ZNK4SITL6Maxell15connected_cellsEv @ 0xa34590
LOITER: _ZN4SITL13MaxSonarI2CXL6updateERKNS_8AircraftE @ 0xa346d0
LOITER: _ZN4SITL10ToshibaLED6updateERKNS_8AircraftE @ 0x5f83f0
LOITER: _ZNK6AP_HAL3HAL6serialEh @ 0xa35110
LOITER: _ZL14fill_stack_nanv @ 0x5f8eb0
LOITER: _ZN7HALSITL9Scheduler13_run_io_procsEv @ 0x5f9230
LOITER: _ZNK7FunctorIvJEEcvbEv @ 0xa35220
LOITER: _ZNK7FunctorIvJEEclEv @ 0xa35280
LOITER: _ZN7HALSITL16I2CDeviceManager11_timer_tickEv @ 0x5f9440
LOITER: _ZN2AP2RCEv @ 0x5f94e0
LOITER: _ZN13AP_RCProtocol6updateEv @ 0x5f9590
LOITER: _ZN13AP_RCProtocol16check_added_uartEv @ 0x5f95e0
LOITER: _ZNK13AP_RCProtocol13should_searchEj @ 0x5f9850
LOITER: _ZN21AP_RCProtocol_Backend9new_inputEv @ 0x5fa010
LOITER: _ZNK17AP_RCProtocol_FDM6activeEv @ 0xa35520
LOITER: _ZN6I2CBus11_timer_tickEv @ 0x5fa220
LOITER: _ZN9AP_Logger6WriteVEPKcS1_S1_S1_S1_P13__va_list_tagbb @ 0x5fa350
LOITER: _ZN9AP_Logger16msg_fmt_for_nameEPKcS1_S1_S1_S1_bb @ 0x5fa550
LOITER: _ZN17AP_Logger_Backend5WriteEhP13__va_list_tagbb @ 0x5fae40
LOITER: _ZNK9AP_Logger24assert_same_fmt_for_nameEPKNS_13log_write_fmtEPKcS4_S4_S4_S4_ @ 0x5fb9c0
LOITER: _ZN3GCS14update_receiveEv @ 0x5fcd30
LOITER: _ZN3GCS11update_sendEv @ 0x5fcde0
LOITER: _ZN19MissionItemProtocol6updateEv @ 0x5fd120
LOITER: _ZN11GCS_MAVLINK11update_sendEv @ 0x5fd2f0
LOITER: _ZN3GCS18service_statustextEv @ 0x5fd6d0
LOITER: _ZN3GCS15StatusTextQueue9semaphoreEv @ 0xa35780
LOITER: _ZNK11ObjectArrayIN3GCS12statustext_tEE8is_emptyEv @ 0xa357d0
LOITER: _Z14comm_chan_lock17mavlink_channel_t @ 0x5fdbb0
LOITER: _ZL16mav_array_memcpyPvPKvm.6113 @ 0x5fdcf0
LOITER: _ZN9AP_Logger15handle_log_sendEv @ 0x5fdd90
LOITER: _ZN22GCS_MAVLINK_InProgress11check_tasksEv @ 0x5fe460
LOITER: _ZNK3GCS11out_of_timeEv @ 0x5fe650
LOITER: _ZN11GCS_MAVLINK30deferred_message_to_send_indexEt @ 0x5fe730
LOITER: _ZN11GCS_MAVLINK19do_try_send_messageE10ap_message @ 0x5fe910
LOITER: _ZNK7BitmaskILt91EE9first_setEv @ 0xa35b70
LOITER: _ZN7BitmaskILt91EE5clearEt @ 0xa35c40
LOITER: _ZN11GCS_MAVLINK36next_deferred_bucket_message_to_sendEt @ 0x5fea40
LOITER: _ZNK7BitmaskILt91EE5countEv @ 0xa35d00
LOITER: _ZNK11GCS_MAVLINK26get_reschedule_interval_msERKNS_25deferred_message_bucket_tE @ 0x5feb70
LOITER: _ZN11GCS_MAVLINK24find_next_bucket_to_sendEt @ 0x5fec70
LOITER: _ZN7BitmaskILt91EEaSERKS0_ @ 0xa35dd0
LOITER: _ZNK11GCS_MAVLINK24requesting_mission_itemsEv @ 0x5fee40
LOITER: _ZN7GCS_FTP16get_last_send_msE17mavlink_channel_t @ 0x5fef30
LOITER: _ZNK7BitmaskILt91EE8validateEt @ 0xa35f10
LOITER: _ZNK11GCS_MAVLINK17telemetry_delayedEv @ 0x5ff0d0
LOITER: _ZNK3GCS11telem_delayEv @ 0xa35fa0
LOITER: _ZN14AP_BoardConfig15in_config_errorEv @ 0xa36000
LOITER: _ZNK12AP_Scheduler19time_available_usecEv @ 0x5ff1a0
LOITER: _ZN11AP_Airspeed13get_singletonEv @ 0xa36040
LOITER: _ZN2AP2FSEv @ 0x5ff420
LOITER: _ZN19AP_Filesystem_Posix5writeEiPKvj @ 0x5ff7c0
LOITER: _ZN21AP_Filesystem_Backend17bytes_until_fsyncEi @ 0xa36080
LOITER: _ZN19AP_Filesystem_Posix9disk_freeEPKc @ 0x5fffb0
LOITER: _ZNK21AP_Filesystem_Backend15file_op_allowedEv @ 0x6006e0
LOITER: _ZL12map_filenamePKc @ 0x600780
LOITER: _ZL17map_filename_freePKc @ 0x600820
LOITER: _Z16comm_get_txspace17mavlink_channel_t @ 0x600970
LOITER: _ZL28mavlink_msg_command_ack_send17mavlink_channel_tthhihh @ 0x600a00
LOITER: _ZNK11AP_Airspeed7enabledEh @ 0x600af0
LOITER: _ZNK11AP_Airspeed11lib_enabledEv @ 0x600bb0
LOITER: _ZN11GCS_MAVLINK23set_ap_message_intervalE10ap_messaget @ 0x600f90
LOITER: _ZNK11GCS_MAVLINK20cap_message_intervalEt @ 0x6013b0
LOITER: _ZNK11GCS_MAVLINK26get_deferred_message_indexE10ap_message @ 0x601480
LOITER: _ZNK7BitmaskILt91EE3getEt @ 0xa362c0
LOITER: _ZN7BitmaskILt91EE3setEt @ 0xa36390
LOITER: _ZN12AP_Scheduler18get_loop_period_usEv @ 0xa36450
LOITER: _ZNK13AP_Filesystem13backend_by_fdERi @ 0x601d00
LOITER: _ZNK13AP_Filesystem15backend_by_pathERPKc @ 0x601dd0
LOITER: _ZN11GCS_MAVLINK39initialise_message_intervals_for_streamENS_7streamsE @ 0x6020c0
LOITER: _ZNK11GCS_MAVLINK23get_interval_for_streamENS_7streamsE @ 0x6022c0
LOITER: _ZNK11GCS_MAVLINK8get_chanEv @ 0xa364f0
LOITER: _ZN11GCS_MAVLINK12send_messageE10ap_message @ 0x602d70
LOITER: _ZN11GCS_MAVLINK22save_signing_timestampEb @ 0x602e80
LOITER: _ZNK11GCS_MAVLINK12is_streamingEv @ 0xa365e0
LOITER: _ZN11GCS_MAVLINK16signing_key_loadER10SigningKey @ 0x602fb0
LOITER: _ZNK13StorageAccess11write_blockEtPKvm @ 0x603110
LOITER: _ZN19AC_PolyFence_loader13check_indexedEv @ 0x605c20
LOITER: _Z11is_negativeIfEbT_ @ 0xa37340
LOITER: _ZN11GCS_MAVLINK14update_receiveEj @ 0x60b7a0
LOITER: _ZN3GCS15update_passthruEv @ 0x60bc70
LOITER: _ZN16AP_SerialManager12get_passthruERPN6AP_HAL10UARTDriverES3_RhRjS5_ @ 0x60c1a0
LOITER: _ZN6AP_HAL10UARTDriver11read_lockedEPhmj @ 0x60cc20
LOITER: _ZNK11GCS_MAVLINK6lockedEv @ 0xa37680
LOITER: _ZNK7FunctorIbJhPN6AP_HAL10UARTDriverEEEcvbEv @ 0xa376e0
LOITER: _ZN11GCS_MAVLINK14channel_bufferEv @ 0xa377c0
LOITER: mavlink_frame_char_buffer @ 0x60d300
LOITER: _ZN12AP_Scripting14handle_messageERK17__mavlink_message17mavlink_channel_t @ 0x60dba0
LOITER: _ZN11GCS_MAVLINK13send_timesyncEv @ 0x60dd90
LOITER: _ZN11GCS_MAVLINK17log_mavlink_statsEv @ 0x60de00
LOITER: _ZNK11GCS_MAVLINK15signing_enabledEv @ 0x60df80
LOITER: _ZNK11GCS_MAVLINK21timesync_timestamp_nsEv @ 0x60e020
LOITER: _ZL25mavlink_msg_timesync_send17mavlink_channel_tll @ 0x60e080
LOITER: mavlink_start_checksum @ 0x60e120
LOITER: mavlink_update_checksum @ 0x60e180
LOITER: _Z9fill_nanfPft @ 0x60ebc0
LOITER: _ZN10ByteBuffer7advanceEj @ 0x611c50
LOITER: _ZN5Empty11OpticalFlow9push_gyroEfff @ 0xa38690
LOITER: _ZN5Empty11OpticalFlow14push_gyro_biasEff @ 0xa38700
LOITER: _ZN6AP_HAL4Util14set_soft_armedEb @ 0x612770
LOITER: _ZNK7HALSITL4Util18was_watchdog_resetEv @ 0xa389d0
LOITER: _ZN7HALSITL4Util19safety_switch_stateEv @ 0x612900
LOITER: _ZN7HALSITL4Util16available_memoryEv @ 0xa38ec0
LOITER: _ZN7HALSITL4Util8uart_logEv @ 0x612ee0
LOITER: _ZN6AP_HAL4Util14log_stack_infoEv @ 0xa39260
LOITER: _ZN6AP_HAL10UARTDriver9log_statsEhRNS0_12StatsTrackerEj @ 0x6130b0
LOITER: _ZN6AP_HAL10UARTDriver12StatsTracker11ByteTracker6updateEj @ 0x613250
LOITER: _ZN7HALSITL8RCOutput20_safety_switch_stateEv @ 0xa39300
LOITER: _ZN6AP_HAL10UARTDriver5writeEPKhm @ 0x615780
LOITER: _ZN6AP_HAL10UARTDriver9availableEv @ 0x6158c0
LOITER: _ZN6AP_HAL10UARTDriver4readEv @ 0x615940
LOITER: _ZN6AP_HAL10UARTDriver4readERh @ 0x6159c0
LOITER: _ZN6AP_HAL10UARTDriver4readEPht @ 0x615ac0
LOITER: _ZN7HALSITL10UARTDriver7txspaceEv @ 0x615b30
LOITER: _ZN7HALSITL10UARTDriver11_timer_tickEv @ 0x615eb0
LOITER: _ZN7HALSITL10UARTDriver26receive_time_constraint_usEt @ 0x615f10
LOITER: _ZN7HALSITL10UARTDriver6_writeEPKhm @ 0x616b40
LOITER: _ZN7HALSITL10UARTDriver5_readEPht @ 0x616d10
LOITER: _ZN7HALSITL10UARTDriver10_availableEv @ 0x616f00
LOITER: _ZNK7HALSITL10UARTDriver18get_total_tx_bytesEv @ 0xa3ba90
LOITER: _ZNK7HALSITL10UARTDriver18get_total_rx_bytesEv @ 0xa3bae0
LOITER: _ZNK6AP_HAL10UARTDriver26get_total_dropped_rx_bytesEv @ 0xa3bb30
LOITER: _ZN7HALSITL10UARTDriver17_check_connectionEv @ 0x616ff0
LOITER: _ZN7HALSITL10UARTDriver13_select_checkEi @ 0x617130
LOITER: _ZN10ByteBuffer4readEPhj @ 0x617340
LOITER: _ZN7HALSITL10UARTDriver41handle_writing_from_writebuffer_to_deviceEv @ 0x6173e0
LOITER: _ZN7HALSITL10UARTDriver16_check_reconnectEv @ 0x617790
LOITER: _ZL3MINIjjEDTqultfp_fp0_fp_fp0_ERKT_RKT0_.12221 @ 0x617b90
LOITER: _ZNK4SITL12SerialDevice15write_to_deviceEPKcm @ 0x617c10
LOITER: _ZNK4SITL12SerialDevice18write_to_autopilotEPKcm @ 0x61af70
LOITER: _ZNK4SITL12SerialDevice13is_match_baudEv @ 0x61b030
LOITER: _ZNK4SITL3GPS18write_to_autopilotEPKcm @ 0x61b160
LOITER: _ZNK4SITL3GPS11device_baudEv @ 0x61b380
LOITER: _Z8wrap_180IdET_S0_ @ 0xa3d120
LOITER: _ZNK7Vector2IfEplERKS0_ @ 0xa3d580
LOITER: _Z8wrap_360d @ 0x61e210
LOITER: _ZNK4SITL12SerialDevice19read_from_autopilotEPcm @ 0x61e2b0
LOITER: _Z7is_zerod @ 0xa3f250
LOITER: _ZN7HALSITL10UARTDriver40handle_reading_from_device_to_readbufferEv @ 0x623ba0
LOITER: _ZNK4SITL12SerialDevice16read_from_deviceEPcm @ 0x624030
LOITER: _ZN7HALSITL8AnalogIn13board_voltageEv @ 0xa40760
LOITER: _ZN6AP_HAL8AnalogIn17servorail_voltageEv @ 0xa407b0
LOITER: _ZN6AP_HAL8AnalogIn18power_status_flagsEv @ 0xa40800
LOITER: _ZN7HALSITL9ADCSource7set_pinEh @ 0x624c70
LOITER: _ZN7HALSITL9ADCSource15voltage_averageEv @ 0x624cf0
LOITER: _ZN7HALSITL9ADCSource14voltage_latestEv @ 0x624d40
LOITER: _ZN7HALSITL4GPIO13usb_connectedEv @ 0x6254a0
LOITER: _ZN7HALSITL8RCOutput9enable_chEh @ 0x6258a0
LOITER: _ZN7HALSITL8RCOutput10disable_chEh @ 0x625930
LOITER: _ZN7HALSITL8RCOutput5writeEht @ 0x6259c0
LOITER: _ZN6AP_HAL8RCOutput20update_channel_masksEv @ 0xa411e0
LOITER: _ZN7HALSITL8RCOutput4corkEv @ 0x625af0
LOITER: _ZN7HALSITL8RCOutput4pushEv @ 0x625b80
LOITER: _ZN7HALSITL8RCOutput4readEh @ 0x625cb0
LOITER: _ZN7HALSITL8RCOutput4readEPth @ 0x625d40
LOITER: _ZN6AP_HAL8RCOutput16set_default_rateEt @ 0xa41a80
LOITER: _ZN17AP_ESC_Telem_SITL6updateEv @ 0x626160
LOITER: _ZN7HALSITL7RCInput9new_inputEv @ 0x626aa0
LOITER: _ZN7HALSITL7RCInput12num_channelsEv @ 0x626b00
LOITER: _ZN7HALSITL7RCInput4readEh @ 0x626b60
LOITER: _ZN13AP_RCProtocol4readEh @ 0x626e10
LOITER: _ZN21AP_RCProtocol_Backend4readEh @ 0x626ea0
LOITER: _ZN13AP_RCProtocol12num_channelsEv @ 0x626f00
LOITER: _ZNK21AP_RCProtocol_Backend12num_channelsEv @ 0x626f80
LOITER: _ZN13AP_RCProtocol9new_inputEv @ 0x626fd0
LOITER: _ZN13AP_RCProtocol21detect_async_protocolENS_12rcprotocol_tE @ 0x627190
LOITER: _ZNK13AP_RCProtocol10using_uartEv @ 0xa425b0
LOITER: _ZN17AP_RCProtocol_FDM6updateEv @ 0x627de0
LOITER: _ZN21AP_RCProtocol_Backend9add_inputEhPtbss @ 0x627fc0
LOITER: _ZL3MINIhiEDTqultfp_fp0_fp_fp0_ERKT_RKT0_.18381 @ 0x628120
LOITER: _ZN13AP_RCProtocol19set_failsafe_activeEb @ 0xa42f80
LOITER: _ZN21AP_RCProtocol_Backend6updateEv @ 0xa43090
LOITER: _ZN17AP_RCProtocol_UDP6updateEv @ 0x6281a0
LOITER: _ZN17AP_RCProtocol_UDP21read_all_socket_inputEv @ 0x628400
LOITER: _ZN16SocketAPM_native4recvEPvmj @ 0x6286a0
LOITER: _ZN16SocketAPM_native6pollinEj @ 0x6288d0
LOITER: _ZNK16SocketAPM_native11get_read_fdEv @ 0xa431c0
LOITER: _ZN18AP_RCProtocol_GHST6updateEv @ 0x629140
LOITER: _ZNK7AP_AHRS13get_variancesERfS0_S0_R7Vector3IfES0_ @ 0x62ad90
LOITER: _ZNK7NavEKF312getVariancesERfS0_S0_R7Vector3IfES0_R7Vector2IfE @ 0x62b070
LOITER: _ZNK12NavEKF3_core12getVariancesERfS0_S0_R7Vector3IfES0_R7Vector2IfE @ 0x62b250
LOITER: _ZL3MAXIddEDTqugtfp_fp0_fp_fp0_ERKT_RKT0_.4222 @ 0x62b450
LOITER: _ZNK7Vector2IdE7tofloatEv @ 0xa438f0
LOITER: _ZN3GCS23get_sensor_status_flagsERjS0_S0_ @ 0x62b7c0
LOITER: _ZN3GCS26update_sensor_status_flagsEv @ 0x62b880
LOITER: _ZNK7AP_AHRS11initialisedEv @ 0x62c040
LOITER: _ZNK7AP_Baro13num_instancesEv @ 0xa43950
LOITER: _ZNK6AP_GPS10is_healthyEv @ 0xa439a0
LOITER: _ZNK14AP_BattMonitor13num_instancesEv @ 0xa43a00
LOITER: _ZNK14AP_BattMonitor7healthyEv @ 0x62c170
LOITER: _ZNK14AP_BattMonitor13has_failsafedEv @ 0xa43a50
LOITER: _ZNK17AP_InertialSensor11calibratingEv @ 0x62c260
LOITER: _ZNK9AP_Logger15logging_enabledEv @ 0x62c330
LOITER: _ZNK6AP_GPS15logging_presentEv @ 0xa43ab0
LOITER: _ZNK6AP_GPS15logging_enabledEv @ 0xa43b20
LOITER: _ZNK6AP_GPS14logging_failedEv @ 0x62c400
LOITER: _ZNK7AP_AHRS12get_ekf_typeEv @ 0xa43b90
LOITER: _ZNK8AC_Fence18sys_status_enabledEv @ 0x62c4e0
LOITER: _ZNK8AC_Fence18sys_status_presentEv @ 0x62c580
LOITER: _ZNK8AC_Fence17sys_status_failedEv @ 0x62c5e0
LOITER: _ZNK11AP_Airspeed7enabledEv @ 0xa43bf0
LOITER: _ZN2AP11opticalflowEv @ 0x62c730
LOITER: _ZNK14AP_OpticalFlow7enabledEv @ 0xa43d00
LOITER: _ZNK14AP_OpticalFlow7healthyEv @ 0xa43d70
LOITER: _ZN2AP6armingEv @ 0x62c770
LOITER: _ZNK11RC_Channels22has_ever_seen_rc_inputEv @ 0xa43df0
LOITER: _ZN9AP_Arming13get_singletonEv @ 0x62c7b0
LOITER: _ZNK7AP_EnumIN14AP_OpticalFlow4TypeEEcvKS1_Ev @ 0xa43e50
LOITER: _ZN14AP_OpticalFlow13get_singletonEv @ 0xa43ea0
LOITER: _ZNK11AP_Airspeed7healthyEh @ 0x62c7f0
LOITER: _ZN2AP8airspeedEv @ 0x62c970
LOITER: _ZNK11AP_Airspeed7healthyEv @ 0xa43fc0
LOITER: _ZNK11AP_Airspeed3useEh @ 0x62c9b0
LOITER: _ZN12SRV_Channels17get_output_scaledEN11SRV_Channel8FunctionE @ 0x62cae0
LOITER: _ZNK8AC_Fence12get_breachesEv @ 0xa44020
LOITER: _ZNK7AP_EnumIN8AC_Fence6ActionEEcvKS1_Ev @ 0xa44070
LOITER: _ZNK14AP_BattMonitor7healthyEh @ 0x62cbe0
LOITER: _ZNK6AP_GPS8num_satsEv @ 0xa44280
LOITER: _ZNK8Location14get_bearing_toERKS_ @ 0xa442e0
LOITER: _ZNK8Location11get_bearingERKS_ @ 0x62d880
LOITER: _ZL9rad_to_cdf.1252 @ 0x62d990
LOITER: _ZNK6AP_GPS8num_satsEh @ 0xa44360
LOITER: _ZNK14AP_BattMonitor12current_ampsERfh @ 0x62dad0
LOITER: _ZNK14AP_BattMonitor12consumed_mahERfh @ 0x62dbc0
LOITER: _ZN9AP_Logger14WriteStreamingEPKcS1_S1_z @ 0x62e8e0
LOITER: _ZN22AP_RCProtocol_DroneCAN6updateEv @ 0x62eb40
LOITER: _ZNK16AP_SerialManager11find_serialENS_14SerialProtocolEh @ 0x62ff30
LOITER: _ZNK7AP_Baro12get_pressureEh @ 0xa45fb0
LOITER: _ZNK7AP_Baro15get_temperatureEh @ 0xa46100
LOITER: _ZNK7AP_Baro23get_altitude_differenceEff @ 0x633550
LOITER: _ZNK7AP_Baro26get_altitude_from_pressureEf @ 0x6335f0
LOITER: _ZL33find_atmosphere_layer_by_pressuref @ 0x633850
LOITER: _ZNK7AP_Baro17get_altitude_AMSLEv @ 0xa46170
LOITER: _ZN7AP_Baro29geopotential_alt_to_geometricEf @ 0x633900
LOITER: _ZNK7AP_Baro17get_altitude_AMSLEh @ 0xa461d0
LOITER: _ZN9AP_Notify6updateEv @ 0x633b40
LOITER: _ZN2AP3srvEv @ 0x633ce0
LOITER: _ZN12SRV_Channels4corkEv @ 0x633d20
LOITER: _ZN12SRV_Channels4pushEv @ 0x633d80
LOITER: _ZN16AP_Volz_Protocol6updateEv @ 0x633f30
LOITER: _ZN10AP_SBusOut6updateEv @ 0x634200
LOITER: _ZN15AP_RobotisServo6updateEv @ 0x634380
LOITER: _ZN16AP_FETtecOneWire6updateEv @ 0x6345f0
LOITER: _ZN2AP6kdecanEv @ 0x6348e0
LOITER: _ZN9AP_KDECAN6updateEv @ 0x634920
LOITER: _ZN12SRV_Channels12find_channelEN11SRV_Channel8FunctionERh @ 0x635300
LOITER: _ZN11SRV_Channel8calc_pwmEf @ 0x6353d0
LOITER: _ZNK11SRV_Channel21pwm_from_scaled_valueEf @ 0x6354c0
LOITER: _ZNK11SRV_Channel14pwm_from_angleEf @ 0x635560
LOITER: _ZN9AP_KDECAN13get_singletonEv @ 0xa46f50
LOITER: _ZN16AP_FETtecOneWire4initEv @ 0x637090
LOITER: _ZN16AP_FETtecOneWire9init_uartEv @ 0x638660
LOITER: _ZN12SRV_Channels13get_singletonEv @ 0xa479b0
LOITER: _ZNK10AP_Mission21get_current_nav_indexEv @ 0xa47d40
LOITER: _ZNK6AP_GPS8get_hdopEh @ 0xa48010
LOITER: _ZNK7AP_AHRS11groundspeedEv @ 0xa48110
LOITER: _ZN7AP_Baro14get_climb_rateEv @ 0x63d900
LOITER: _ZN16DerivativeFilterIfLh7EE5slopeEv @ 0xa481b0
LOITER: _ZNK11RangeFinder11get_backendEh @ 0x63db50
LOITER: _Z14float_to_int16f @ 0x63f5b0
LOITER: _ZNK7AP_AHRS11get_yaw_degEv @ 0xa48d30
LOITER: _ZNK7AP_AHRS28get_relative_position_D_homeERf @ 0x63f730
LOITER: _ZNK8Location9get_alt_mENS_8AltFrameERf @ 0x63f8d0
LOITER: _ZNK7AP_AHRS30get_relative_position_D_originERd @ 0x63f980
LOITER: _ZNK7AP_AHRS11_get_originER8Location @ 0x63fac0
LOITER: _ZNK7AP_AHRS11_get_originENS_7EKFTypeER8Location @ 0x63fba0
LOITER: _ZNK7NavEKF312getOriginLLHER8Location @ 0x63fdb0
LOITER: _ZN18AP_RCProtocol_CRSF6updateEv @ 0x6428e0
LOITER: _ZNK7AP_AHRS12get_roll_radEv @ 0xa4a190
LOITER: _ZNK7AP_AHRS13get_pitch_radEv @ 0xa4a1e0
LOITER: _ZN19AP_RCProtocol_SRXL26updateEv @ 0x64c4d0
LOITER: _ZNK14AP_BattMonitor15get_temperatureERfh @ 0x64f5b0
LOITER: _ZN2AP3rtcEv @ 0x64f680
LOITER: _ZNK6AP_RTC12get_utc_usecERm @ 0x64f7a0
LOITER: _ZN6AP_RTC13get_singletonEv @ 0xa4adf0
LOITER: _ZN2AP9esc_telemEv @ 0x64fb00
LOITER: _ZN12AP_ESC_Telem13get_singletonEv @ 0x64ffb0
LOITER: _ZN17AP_RCProtocol_DSM6updateEv @ 0x6534c0
LOITER: _ZN7HALSITL9Scheduler5delayEt @ 0x654db0
LOITER: _ZN7HALSITL9Scheduler18delay_microsecondsEt @ 0x654ea0
LOITER: _ZN6AP_HAL9Scheduler24delay_microseconds_boostEt @ 0xa4b5d0
LOITER: _ZN6AP_HAL9Scheduler9boost_endEv @ 0xa4b6e0
LOITER: _ZNK6AP_HAL9Scheduler17in_delay_callbackEv @ 0xa4b730
LOITER: _ZN7HALSITL9Scheduler21is_system_initializedEv @ 0xa4b790
LOITER: _ZN7HALSITL9Scheduler10stop_clockEm @ 0x655410
LOITER: _ZNK7HALSITL9Scheduler14in_main_threadEv @ 0x6554b0
LOITER: _ZN7HALSITL10SITL_State10wait_clockEm @ 0x655b70
LOITER: _ZNK4SITL8Aircraft11get_speedupEv @ 0xa4b940
LOITER: _ZNK7HALSITL9Scheduler28semaphore_wait_hack_requiredEv @ 0x655d20
LOITER: _ZN7HALSITL10SITL_State15_fdm_input_stepEv @ 0x655da0
LOITER: _ZN7HALSITL10SITL_State16_fdm_input_localEv @ 0x655ef0
LOITER: _ZNK7HALSITL9Scheduler22interrupts_are_blockedEv @ 0xa4b990
LOITER: _ZN7HALSITL9Scheduler17sitl_begin_atomicEv @ 0xa4b9f0
LOITER: _ZN7HALSITL9Scheduler11timer_eventEv @ 0xa4ba50
LOITER: _ZN7HALSITL9Scheduler15sitl_end_atomicEv @ 0x656090
LOITER: _ZN7HALSITL10SITL_State16_update_airspeedEf @ 0x656130
LOITER: _ZN7HALSITL10SITL_State19_update_rangefinderEv @ 0x6564a0
LOITER: _ZNK7HALSITL10SITL_State18_sonar_pin_voltageEv @ 0x656500
LOITER: _ZN7AP_Baro24get_EAS2TAS_for_alt_amslEf @ 0x656670
LOITER: _ZL2sqf.11982 @ 0x6566f0
LOITER: _ZN7AP_Baro28get_air_density_for_alt_amslEf @ 0x656740
LOITER: _ZL3MAXIffEDTqugtfp_fp0_fp_fp0_ERKT_RKT0_.1713 @ 0x656910
LOITER: _ZN7HALSITL9Scheduler16_run_timer_procsEv @ 0x656990
LOITER: _ZN7HALSITL10SITL_State17_simulator_servosER10sitl_input @ 0x656a90
LOITER: _ZN4SITL11JSON_Master7receiveER10sitl_input @ 0x657720
LOITER: _ZN7HALSITL10SITL_State22multicast_servo_updateER10sitl_input @ 0x657bc0
LOITER: _ZN4SITL8Aircraft11update_homeEv @ 0x657ca0
LOITER: _ZN4SITL8Aircraft12update_modelERK10sitl_input @ 0x657e00
LOITER: _ZN4SITL8Aircraft8fill_fdmERNS_8sitl_fdmE @ 0x657ea0
LOITER: _ZN7HALSITL8CANIface14num_interfacesEv @ 0xa4baf0
LOITER: _ZNK4SITL8Aircraft20get_position_relhomeEv @ 0x658a70
LOITER: _ZN4SITL11JSON_Master4sendERKNS_8sitl_fdmERK7Vector3IdE @ 0x658b30
LOITER: _ZN7HALSITL17SITL_State_Common10sim_updateEv @ 0x658dd0
LOITER: _ZN7HALSITL10SITL_State14set_height_aglEv @ 0x659620
LOITER: _ZNK4SITL8Aircraft15get_velocity_efEv @ 0xa4bb80
LOITER: _ZN4SITL3GPS6updateEv @ 0x65a9f0
LOITER: _ZN4SITL12SerialDevice17init_sitl_pointerEv @ 0x65c140
LOITER: _ZN4SITL3GPS24check_backend_allocationEv @ 0x65c1d0
LOITER: _ZN4SITL3GPS16interpolate_dataERKNS_8GPS_DataEj @ 0x65c7e0
LOITER: _ZL3MAXIifEDTqugtfp_fp0_fp_fp0_ERKT_RKT0_.12703 @ 0x65d170
LOITER: _ZNK4SITL11GPS_Backend11device_baudEv @ 0xa4c1a0
LOITER: _ZN4SITL11GPS_Backend11update_readEv @ 0x65d2f0
LOITER: _ZNK4SITL11GPS_Backend18write_to_autopilotEPKcm @ 0x65d640
LOITER: _ZNK4SITL11GPS_Backend19read_from_autopilotEPcm @ 0x65d6c0
LOITER: _ZN4SITL11GPS_Backend8gps_timeEv @ 0x65e160
LOITER: _ZNK7Vector2IdE6lengthEv @ 0xa4c3c0
LOITER: _ZN4SITL11GPS_Backend18simulation_timevalEP7timeval @ 0x65ea90
LOITER: _ZN4SITL9GPS_UBlox7publishEPKNS_8GPS_DataE @ 0x661960
LOITER: _Z4normIddJdEEdT_T0_DpKT1_ @ 0xa4ca60
LOITER: _ZL7degreesf.12791 @ 0x662430
LOITER: _ZN4SITL9GPS_UBlox8send_ubxEhPht @ 0x662960
LOITER: _ZL3MAXIiiEDTqugtfp_fp0_fp_fp0_ERKT_RKT0_.12792 @ 0x662b30
LOITER: _ZNK7Vector3IfE6is_nanEv @ 0xa4cae0
LOITER: _ZN7Matrix3IfE6rotateERK7Vector3IfE @ 0xa4cbb0
LOITER: _ZN7Matrix3IfEpLERKS0_ @ 0xa4cdd0
LOITER: _ZNK7Matrix3IfEplERKS0_ @ 0xa4ce60
LOITER: _Z2sqIdJddEEdT_DpKT0_ @ 0xa4cf80
LOITER: _ZNK11QuaternionTIfE8to_eulerERfS1_S1_ @ 0xa4d020
LOITER: _ZNK11QuaternionTIfE13get_euler_yawEv @ 0xa4d130
LOITER: _ZNK7Vector3IdEplERKS0_ @ 0xa4db30
LOITER: _ZN7Vector3IdEpLERKS0_ @ 0xa4dbd0
LOITER: _ZN7Matrix3IdEC2Ev @ 0xa4dc70
LOITER: _ZN7Matrix3IdE10from_eulerEddd @ 0xa4dcf0
LOITER: _ZNK7Matrix3IdEmlERK7Vector3IdE @ 0xa4deb0
LOITER: _ZNK7Vector3IdEmiERKS0_ @ 0xa4e6a0
LOITER: _Z11wrap_360_cdf @ 0x66c650
LOITER: _ZNK7Vector3IdE6lengthEv @ 0xa4e800
LOITER: _ZN7Vector3IdE4zeroEv @ 0xa4e860
LOITER: _ZNK7Vector3IdEmlEd @ 0xa4e8c0
LOITER: _ZNK7Matrix3IfE10transposedEv @ 0xa4ea90
LOITER: _ZN7Matrix3IfE9normalizeEv @ 0xa4ec60
LOITER: _ZNK8Location22get_distance_NE_doubleERKS_ @ 0x66fc00
LOITER: _ZN7Vector3IdE2xyEv @ 0xa4ef30
LOITER: _ZN7Vector2IdEpLERKS0_ @ 0xa4ef80
LOITER: _ZL7degreesf.14500 @ 0x670b50
LOITER: _ZNK7Matrix3IfE8to_eulerEPfS1_S1_ @ 0xa4f000
LOITER: _ZNK7AP_EnumI8RotationEcvKS0_Ev @ 0xa4f120
LOITER: _ZNK8HAL_SITL32get_uart_output_full_queue_countEv @ 0x670c20
LOITER: _ZNK4SITL8Aircraft16get_wall_time_usEv @ 0x670d60
LOITER: _ZNK7Vector3IdEdvEd @ 0xa4f300
LOITER: _ZN4SITL8Aircraft12time_advanceEv @ 0x670de0
LOITER: _ZN4SITL8Aircraft15sync_frame_timeEv @ 0x670e80
LOITER: _ZN9AP_Logger14WriteStreamingEPKcS1_S1_S1_S1_z @ 0x671180
LOITER: _ZL3MAXI9AP_ParamTIfL11ap_var_type4EEdEDTqugtfp_fp0_fp_fp0_ERKT_RKT0_.11827 @ 0x6714f0
LOITER: _Z21calc_lowpass_alpha_dtff @ 0x671590
LOITER: _ZL3MAXIfiEDTqugtfp_fp0_fp_fp0_ERKT_RKT0_.11828 @ 0x6716c0
LOITER: _ZNK4SITL16FETtecOneWireESC7enabledEv @ 0xa4f6c0
LOITER: _ZNK4SITL4Volz7enabledEv @ 0xa4f730
LOITER: _ZN7HALSITL17SITL_State_Common22update_voltage_currentER10sitl_inputf @ 0x671990
LOITER: _ZN8AP_Param18eeprom_write_checkEPKvth @ 0x6743c0
LOITER: _ZNK4SITL8Aircraft22rangefinder_beam_widthEv @ 0xa51630
LOITER: _ZNK4SITL8Aircraft45perpendicular_distance_to_rangefinder_surfaceEv @ 0x6750e0
LOITER: _ZN4SITL8Aircraft23update_external_payloadERK10sitl_input @ 0x676c00
LOITER: _ZN4SITL8Aircraft15update_positionEv @ 0x677090
LOITER: _ZN4SITL8Aircraft19update_mag_field_bfEv @ 0x6776b0
LOITER: _ZN7Vector2IdEmIERKS0_ @ 0xa51680
LOITER: _ZNK4SITL7Sprayer10is_enabledEv @ 0xa51710
LOITER: _ZN4SITL3I2C6updateERKNS_8AircraftE @ 0x678480
LOITER: _ZNK4SITL6Buzzer10is_enabledEv @ 0xa517c0
LOITER: _ZNK4SITL13Gripper_Servo10is_enabledEv @ 0xa51820
LOITER: _ZNK4SITL11Gripper_EPM10is_enabledEv @ 0xa518e0
LOITER: _ZNK4SITL9Parachute10is_enabledEv @ 0xa51990
LOITER: _ZNK4SITL12SIM_Precland10is_enabledEv @ 0xa519f0
LOITER: _ZN4SITL7ShipSim6updateEv @ 0x679450
LOITER: _ZNK7Vector3IdE14length_squaredEv @ 0xa53aa0
LOITER: _ZNK7Vector3IdEmlERKS0_ @ 0xa53c10
LOITER: _ZNK7AP_AHRS11get_EAS2TASEv @ 0x67f4b0
LOITER: _ZNK7Vector3IdE7is_zeroEv @ 0xa53dc0
LOITER: _ZN7Vector3IfE2xyEv @ 0xa53e70
LOITER: _ZN7Vector2IfE4zeroEv @ 0xa53ec0
LOITER: _ZN7Vector3IfEmIERKS0_ @ 0xa53f20
LOITER: _ZNK9AP_ParamTIfL11ap_var_type4EEplERKS1_ @ 0xa541d0
LOITER: _ZN13LowPassFilterIfE5applyERKfS2_ @ 0xa54960
LOITER: _Z11is_positived @ 0xa55070
LOITER: _ZN7Vector3IfE9normalizeEv @ 0xa55850
LOITER: _ZN7Vector3IdEmIERKS0_ @ 0xa5fad0
LOITER: _ZL7radiansd.14806 @ 0x6a3b10
LOITER: _ZN4SITL8SimRover6updateERK10sitl_input @ 0x6a7200
LOITER: _ZN4SITL8SimRover24update_ackermann_or_skidERK10sitl_inputf @ 0x6a7920
LOITER: _ZL7radiansf.13800 @ 0x6a7d60
LOITER: _ZN4SITL8SimRover13calc_yaw_rateEff @ 0x6a7dc0
LOITER: _ZNK4SITL8SimRover11turn_circleEf @ 0x6a7f80
LOITER: _ZN7HALSITL7Storage10read_blockEPvtm @ 0x6b63f0
LOITER: _ZN7HALSITL7Storage11write_blockEtPKvm @ 0x6b64c0
LOITER: _ZN7HALSITL7Storage11_timer_tickEv @ 0x6b65e0
LOITER: _ZNK7BitmaskILt2048EE5emptyEv @ 0xa61240
LOITER: _ZNK7BitmaskILt2048EE3getEt @ 0xa612e0
LOITER: _ZN10AP_RAMTRON5writeEjPKhj @ 0x6b6950
LOITER: _ZN7BitmaskILt2048EE5clearEt @ 0xa613b0
LOITER: _ZNK8HAL_SITL25get_storage_posix_enabledEv @ 0xa61470
LOITER: _ZNK7BitmaskILt2048EE8validateEt @ 0xa61530
LOITER: _ZNK10AP_RAMTRON8get_sizeEv @ 0xa615c0
LOITER: _ZN7HALSITL7Storage13_storage_openEv @ 0x6b6fd0
LOITER: _ZN7HALSITL7Storage11_mark_dirtyEtt @ 0x6b72e0
LOITER: _ZN7BitmaskILt2048EE3setEt @ 0xa61660
LOITER: _ZN8AP_Param9save_syncEbb @ 0x6bda50
LOITER: _ZN6AP_DAL9end_frameEv @ 0x6c3710
LOITER: _ZN6AP_DAL15WriteLogMessageE11LogMessagesPvPKvh @ 0x6c3790
LOITER: _ZN9AP_Logger16WriteReplayBlockEhPKvt @ 0x6c38b0
LOITER: _ZNK9AP_Logger10log_replayEv @ 0xa62dc0
LOITER: _ZNK7NavEKF317option_is_enabledENS_6OptionE @ 0xa62e20
LOITER: _ZNK6AP_DAL6millisEv @ 0xa62ea0
LOITER: _ZNK12NavEKF3_core10errorScoreEv @ 0x6c3f10
LOITER: _ZNK12NavEKF3_core16have_aligned_yawEv @ 0xa62ef0
LOITER: _ZNK12NavEKF3_core17have_aligned_tiltEv @ 0xa62f50
LOITER: _ZNK12NavEKF3_core14getEulerAnglesER7Vector3IfE @ 0x6c4860
LOITER: _ZNK11QuaternionTIdE8to_eulerER7Vector3IfE @ 0xa63040
LOITER: _ZNK6AP_DAL8get_trimEv @ 0xa630c0
LOITER: _ZNK11QuaternionTIdE8to_eulerERfS1_S1_ @ 0xa63120
LOITER: _ZNK11QuaternionTIdE14get_euler_rollEv @ 0xa631e0
LOITER: _ZNK11QuaternionTIdE15get_euler_pitchEv @ 0xa63290
LOITER: _ZNK11QuaternionTIdE13get_euler_yawEv @ 0xa63310
LOITER: _Z9safe_asinIdEfT_ @ 0xa633c0
LOITER: _ZL3MAXIfdEDTqugtfp_fp0_fp_fp0_ERKT_RKT0_.4176 @ 0x6c4920
LOITER: _ZNK12NavEKF3_core20assume_zero_sideslipEv @ 0x6c49c0
LOITER: _ZN6AP_DAL8airspeedEv @ 0xa634a0
LOITER: _ZNK6AP_DAL15get_fly_forwardEv @ 0xa63540
LOITER: _ZNK6AP_DAL17get_vehicle_classEv @ 0xa635b0
LOITER: _ZN19RestrictIDTypeArrayIP17CompassCalibratorLj3E14typesafe_indexIh12TAG_PriorityEEixERKS4_ @ 0xa636c0
LOITER: _ZNK9AP_Logger10should_logEj @ 0x6ce910
LOITER: _ZNK6AP_GPS9time_weekEh @ 0xa64140
LOITER: _ZNK6AP_GPS12time_week_msEh @ 0xa641b0
LOITER: _ZN3GCS12send_messageE10ap_message @ 0x6cf1b0
LOITER: _ZNK6AP_GPS15time_epoch_usecEh @ 0x6cf260
LOITER: _ZNK14AP_GPS_Backend16get_last_itow_msEv @ 0x6cf3d0
LOITER: _ZN6AP_GPS23istate_time_to_epoch_msEtj @ 0x6cf490
LOITER: _ZN10AC_Sprayer3runEb @ 0x6cf9a0
LOITER: _ZNK7Vector2IfE6is_nanEv @ 0xa650b0
LOITER: _ZNK10AP_Gripper7enabledEv @ 0xa65c60
LOITER: _ZN10AP_Vehicle13update_armingEv @ 0x6dddb0
LOITER: _ZN7FunctorIvJEE14method_wrapperI10AP_VehicleXadL_ZNS2_13update_armingEvEEEEvPv @ 0xa66ce0
LOITER: _ZN9AP_Arming6updateEv @ 0x6dde00
LOITER: _ZN8AP_Stats6updateEv @ 0x6ddef0
LOITER: _ZN7FunctorIvJEE14method_wrapperI8AP_StatsXadL_ZNS2_6updateEvEEEEvPv @ 0xa66d90
LOITER: _ZN8AP_Stats17update_flighttimeEv @ 0x6de0a0
LOITER: _ZN8AP_Stats14update_runtimeEv @ 0x6de170
LOITER: _ZN8AP_Stats5flushEv @ 0x6de210
LOITER: _ZN13AP_ParamTBaseIiL11ap_var_type3EE22set_and_save_ifchangedERKi @ 0xa66e40
LOITER: _ZN10AP_Filters6updateEv @ 0x6de390
LOITER: _ZN7FunctorIvJEE14method_wrapperI10AP_FiltersXadL_ZNS2_6updateEvEEEEvPv @ 0xa66ed0
LOITER: _ZN10AP_Vehicle17check_motor_noiseEv @ 0x6df4d0
LOITER: _ZN7FunctorIvJEE14method_wrapperI10AP_VehicleXadL_ZNS2_17check_motor_noiseEvEEEEvPv @ 0xa67780
LOITER: _ZNK10AP_GyroFFT15check_esc_noiseEv @ 0xa67830
LOITER: _ZNK17NotchFilterParams7enabledEv @ 0xa67a60
LOITER: _ZN10AP_Vehicle13one_Hz_updateEv @ 0x6dfbb0
LOITER: _ZN7FunctorIvJEE14method_wrapperI10AP_VehicleXadL_ZNS2_13one_Hz_updateEvEEEEvPv @ 0xa67ab0
LOITER: _ZN12AP_Scripting6updateEv @ 0x6dfc90
LOITER: _ZN16AP_SerialManager20registered_ports_logEv @ 0x6dfce0
LOITER: _ZN12AP_Scripting13save_checksumEv @ 0x6dfdc0
LOITER: _ZN10AP_Gripper6updateEv @ 0x6dfec0
LOITER: _ZN7FunctorIvJEE14method_wrapperI10AP_GripperXadL_ZNS2_6updateEvEEEEvPv @ 0xa67bf0
LOITER: _ZN6AP_EFI6updateEv @ 0x6e0030
LOITER: _ZN7FunctorIvJEE14method_wrapperI6AP_EFIXadL_ZNS2_6updateEvEEEEvPv @ 0xa67ca0
LOITER: _ZN6AP_AIS6updateEv @ 0x6e04b0
LOITER: _ZN7FunctorIvJEE14method_wrapperI6AP_AISXadL_ZNS2_6updateEvEEEEvPv @ 0xa67d50
LOITER: _ZNK6AP_AIS7enabledEv @ 0x6e0d10
LOITER: _ZN2AP10oadatabaseEv @ 0x6e35d0
LOITER: _ZNK13AP_OADatabase7healthyEv @ 0xa67f10
LOITER: _ZN13AP_OADatabase13get_singletonEv @ 0xa681a0
LOITER: _ZN8AC_Fence6updateEv @ 0x6e4310
LOITER: _ZN7FunctorIvJEE14method_wrapperI8AC_FenceXadL_ZNS2_6updateEvEEEEvPv @ 0xa681e0
LOITER: _ZN19AC_PolyFence_loader6updateEv @ 0x6e4440
LOITER: _ZN19AC_PolyFence_loader17load_from_storageEv @ 0x6e4530
LOITER: _ZN10AP_Vehicle16accel_cal_updateEv @ 0x6e5990
LOITER: _ZN7FunctorIvJEE14method_wrapperI10AP_VehicleXadL_ZNS2_16accel_cal_updateEvEEEEvPv @ 0xa683c0
LOITER: _ZN20AP_TemperatureSensor6updateEv @ 0x6e7130
LOITER: _ZN7FunctorIvJEE14method_wrapperI20AP_TemperatureSensorXadL_ZNS2_6updateEvEEEEvPv @ 0xa684c0
LOITER: _ZN10AP_Vehicle16publish_osd_infoEv @ 0x6e73f0
LOITER: _ZN7FunctorIvJEE14method_wrapperI10AP_VehicleXadL_ZNS2_16publish_osd_infoEvEEEEvPv @ 0xa68610
LOITER: _ZN6AP_OSD12set_nav_infoERNS_7NavInfoE @ 0x6e7510
LOITER: _ZN6AP_RPM6updateEv @ 0x6e7580
LOITER: _ZN7FunctorIvJEE14method_wrapperI6AP_RPMXadL_ZNS2_6updateEvEEEEvPv @ 0xa686c0
LOITER: _ZNK6AP_RPM7Log_RPMEv @ 0x6e7760
LOITER: _ZNK6AP_RPM7enabledEh @ 0x6e7880
LOITER: _ZN14AP_OpenDroneID6updateEv @ 0x6e7930
LOITER: _ZN7FunctorIvJEE14method_wrapperI14AP_OpenDroneIDXadL_ZNS2_6updateEvEEEEvPv @ 0xa687e0
LOITER: _ZNK6AP_GPS8velocityEv @ 0xa6a080
LOITER: _ZNK7AP_AHRS18groundspeed_vectorEv @ 0xa6a160
LOITER: _ZNK6AP_GPS14speed_accuracyEhRf @ 0x6ec620
LOITER: _ZNK6AP_GPS17vertical_accuracyEhRf @ 0x6ec6f0
LOITER: _ZNK6AP_GPS19horizontal_accuracyEhRf @ 0x6ec7c0
LOITER: _ZNK6AP_GPS14get_undulationEhRf @ 0x6ec890
LOITER: _ZNK6AP_GPS8velocityEh @ 0xa6a3c0
LOITER: _ZN12AP_Generator6updateEv @ 0x6ec960
LOITER: _ZN7FunctorIvJEE14method_wrapperI12AP_GeneratorXadL_ZNS2_6updateEvEEEEvPv @ 0xa6a490
LOITER: _ZN14AP_Servo_Telem6updateEv @ 0x6ec9d0
LOITER: _ZN7FunctorIvJEE14method_wrapperI14AP_Servo_TelemXadL_ZNS2_6updateEvEEEEvPv @ 0xa6a540
LOITER: _ZN14AP_Servo_Telem9write_logEv @ 0x6eca20
LOITER: _ZN12AP_ESC_Telem6updateEv @ 0x6eced0
LOITER: _ZN7FunctorIvJEE14method_wrapperI12AP_ESC_TelemXadL_ZNS2_6updateEvEEEEvPv @ 0xa6a5f0
LOITER: _ZN6AP_HAL15timeout_expiredIjjmEEbT_T0_T1_ @ 0xa6a6a0
LOITER: _ZN10AP_Vehicle30send_watchdog_reset_statustextEv @ 0x6ed3e0
LOITER: _ZN7FunctorIvJEE14method_wrapperI10AP_VehicleXadL_ZNS2_30send_watchdog_reset_statustextEvEEEEvPv @ 0xa6a720
LOITER: _ZN8AP_Tramp6updateEv @ 0x6ed540
LOITER: _ZN7FunctorIvJEE14method_wrapperI8AP_TrampXadL_ZNS2_6updateEvEEEEvPv @ 0xa6a7d0
LOITER: _ZN10AP_VideoTX6updateEv @ 0x6ee520
LOITER: _ZN7FunctorIvJEE14method_wrapperI10AP_VideoTXXadL_ZNS2_6updateEvEEEEvPv @ 0xa6aa00
LOITER: _ZN10AP_Vehicle38update_dynamic_notch_at_specified_rateEv @ 0x6ee750
LOITER: _ZN7FunctorIvJEE14method_wrapperI10AP_VehicleXadL_ZNS2_38update_dynamic_notch_at_specified_rateEvEEEEvPv @ 0xa6aab0
LOITER: _ZNK25HarmonicNotchFilterParams9hasOptionENS_7OptionsE @ 0xa6ab60
LOITER: _ZN10AP_Vehicle20update_dynamic_notchERN17AP_InertialSensor13HarmonicNotchE @ 0x6ee8a0
LOITER: _ZN10AP_GyroFFT17update_parametersEv @ 0xa6af00
LOITER: _ZN7FunctorIvJEE14method_wrapperI10AP_GyroFFTXadL_ZNS2_17update_parametersEvEEEEvPv @ 0xa6af50
LOITER: _ZN10AP_GyroFFT17update_parametersEb @ 0x6ef810
LOITER: _ZN10AP_GyroFFT6updateEv @ 0x6efbb0
LOITER: _ZN7FunctorIvJEE14method_wrapperI10AP_GyroFFTXadL_ZNS2_6updateEvEEEEvPv @ 0xa6b000
LOITER: _ZN14AP_NMEA_Output6updateEv @ 0x6efd40
LOITER: _ZN7FunctorIvJEE14method_wrapperI14AP_NMEA_OutputXadL_ZNS2_6updateEvEEEEvPv @ 0xa6b0b0
LOITER: _ZN7FunctorIvJEE14method_wrapperI9AP_NotifyXadL_ZNS2_6updateEvEEEEvPv @ 0xa6b160
LOITER: _ZN7Compass10cal_updateEv @ 0x6f0db0
LOITER: _ZN7FunctorIvJEE14method_wrapperI7CompassXadL_ZNS2_10cal_updateEvEEEEvPv @ 0xa6b210
LOITER: _ZN11AP_Airspeed6updateEv @ 0x6f1900
LOITER: _ZN7FunctorIvJEE14method_wrapperI11AP_AirspeedXadL_ZNS2_6updateEvEEEEvPv @ 0xa6b320
LOITER: _ZNK11AP_Airspeed11get_primaryEv @ 0xa6b4b0
LOITER: _ZN10AP_GyroFFT12sample_gyrosEv @ 0x6f3bb0
LOITER: _ZN7FunctorIvJEE14method_wrapperI10AP_GyroFFTXadL_ZNS2_12sample_gyrosEvEEEEvPv @ 0xa6b500
LOITER: _ZN10AP_Vehicle4loopEv @ 0x6f4430
LOITER: _ZN12AP_Scheduler4loopEv @ 0x6f46d0
LOITER: _ZN12AP_Scheduler17get_loop_period_sEv @ 0xa6e3e0
LOITER: _ZN17AP_InertialSensor15wait_for_sampleEv @ 0x6f4c70
LOITER: _ZN12AP_Scheduler4tickEv @ 0x6f51b0
LOITER: _ZN12AP_Scheduler3runEj @ 0x6f5210
LOITER: _ZN2AP8PerfInfo15check_loop_timeEj @ 0x6f57c0
LOITER: _ZL15fill_nanf_stackv @ 0x6f5950
LOITER: _ZN2AP8PerfInfo16update_task_infoEhtb @ 0x6f59a0
LOITER: _ZNK7AP_AHRS24_get_primary_accel_indexEv @ 0x6fc370
LOITER: _ZNK7AP_AHRS22_get_primary_IMU_indexEv @ 0x6fc3c0
LOITER: _ZNK7NavEKF322getPrimaryCoreIMUIndexEv @ 0x6fc520
LOITER: _ZNK17AP_InertialSensor21get_first_usable_gyroEv @ 0xa6e850
LOITER: _ZNK12NavEKF3_core11getIMUIndexEv @ 0xa6e8a0
LOITER: _ZNK14AP_BattMonitor17has_cell_voltagesEh @ 0x6fc650
LOITER: _ZN2AP3EFIEv @ 0x6fcea0
LOITER: _ZN6AP_EFI13get_singletonEv @ 0xa6f230
LOITER: _ZN7FunctorIvJEE14method_wrapperI10AP_VehicleXadL_ZNS2_18fence_checks_asyncEvEEEEvPv @ 0xa6fbd0
LOITER: _ZN13AP_Filesystem5writeEiPKvj @ 0x6fdb10
LOITER: _ZL3MAXIjjEDTqugtfp_fp0_fp_fp0_ERKT_RKT0_.4125 @ 0x70c160
LOITER: _ZN15ekf_ring_buffer4pushEPKv @ 0x70c1e0
LOITER: _ZNK15ekf_ring_buffer10get_offsetEh @ 0x70c2e0
LOITER: _ZL7radiansf.4130 @ 0x70d680
LOITER: _ZN11QuaternionTIdEC2Edddd @ 0xa74a00
LOITER: _ZN11QuaternionTIfEmLERKS0_ @ 0xa74ab0
LOITER: _ZN2AP5statsEv @ 0x70fde0
LOITER: _ZN8AP_Stats13get_singletonEv @ 0xa759a0
LOITER: _ZNK7AP_AHRS8get_gyroEv @ 0xa78420
LOITER: _ZNK7AP_AHRS17airspeed_estimateERf @ 0x73b660
LOITER: _ZNK17AP_InertialSensor20get_vibration_levelsEv @ 0xa784e0
LOITER: _ZNK17AP_InertialSensor20get_vibration_levelsEh @ 0x73b760
LOITER: _ZNK10DigitalLPFI7Vector3IfEE3getEv @ 0xa78560
LOITER: _ZNK11QuaternionTIdE7is_zeroEv @ 0xa78610
LOITER: _ZN12NavEKF3_core18getEarthFieldTableERK8Location @ 0x73ce30
LOITER: _ZN14AP_Declination15get_declinationEff @ 0x73cf30
LOITER: _ZNK12NavEKF3_core14MagDeclinationEv @ 0x73cfc0
LOITER: _ZN12NavEKF3_core8zeroRowsERA24_A24_dhh @ 0x73d0a0
LOITER: _ZN12NavEKF3_core8zeroColsERA24_A24_dhh @ 0x73d160
LOITER: _ZN18NavEKF_core_common10zero_rangeEPdhh @ 0xa787b0
LOITER: _ZN12NavEKF3_core13ForceSymmetryEv @ 0x73e280
LOITER: _ZN12NavEKF3_core18ConstrainVariancesEv @ 0x73e3d0
LOITER: _ZN11QuaternionTIdE9normalizeEv @ 0xa78840
LOITER: _ZNK11QuaternionTIdE6lengthEv @ 0xa78920
LOITER: _Z20constrain_value_lineIdET_S0_S0_S0_j @ 0xa789e0
LOITER: _Z2sqI9AP_ParamTIfL11ap_var_type4EEEdT_ @ 0xa78b00
LOITER: _ZNK9AP_ParamTIfL11ap_var_type4EEcvdEv @ 0xa78b60
LOITER: _ZL7radiansf.4333 @ 0x73ee40
LOITER: _ZL2sqf.4255 @ 0x73f960
LOITER: _ZNK8Location21get_distance_NE_ftypeERKS_ @ 0x73fab0
LOITER: _ZN16EKF_IMU_buffer_tIN12NavEKF3_core15output_elementsEEixEj @ 0xa78c80
LOITER: _ZNK14ekf_imu_buffer3getEh @ 0x73fd60
LOITER: _ZNK14ekf_imu_buffer10get_offsetEh @ 0x73fdc0
LOITER: _ZNK14AP_BattMonitor11consumed_whERfh @ 0x741960
LOITER: _ZNK6AP_GPS8get_vdopEh @ 0xa78de0
LOITER: _ZNK6AP_GPS16last_fix_time_msEh @ 0xa78e50
LOITER: _ZNK6AP_GPS20last_message_time_msEh @ 0xa78ec0
LOITER: _ZNK6AP_GPS22have_vertical_velocityEh @ 0xa78f30
LOITER: _ZNK6AP_GPS18get_antenna_offsetEh @ 0x743ad0
LOITER: _ZNK14AP_GPS_Blended18get_antenna_offsetEv @ 0xa78fb0
LOITER: _ZNK6AP_GPS11gps_yaw_degEhRfS0_Rj @ 0x743ba0
LOITER: _ZNK6AP_GPS11is_rtk_baseEh @ 0x743d90
LOITER: _ZNK6AP_GPS12have_gps_yawEh @ 0xa79000
LOITER: _ZNK12AP_Proximity10get_statusEv @ 0x744ad0
LOITER: _ZNK12AP_Proximity11num_sensorsEv @ 0xa790a0
LOITER: _ZNK11RangeFinder11num_sensorsEv @ 0xa790f0
LOITER: _ZNK10AP_Vehicle18get_time_flying_msEv @ 0xa795b0
LOITER: _ZN12SRV_Channels23get_output_channel_maskEN11SRV_Channel8FunctionE @ 0x74b8f0
LOITER: _ZN11SRV_Channel9output_chEv @ 0x74c710
LOITER: _ZN11SRV_Channel12set_overrideEb @ 0xa797b0
LOITER: _ZN12SRV_Channels17set_output_scaledEN11SRV_Channel8FunctionEf @ 0x74d030
LOITER: _ZNK10AP_Mission5stateEv @ 0xa79b70
LOITER: _ZN19AP_ServoRelayEvents13update_eventsEv @ 0x756040
LOITER: _ZNK9AP_Follow11have_targetEv @ 0x75a5e0
LOITER: _ZN9AP_Follow13get_singletonEv @ 0xa7a950
LOITER: _ZN18AR_AttitudeControl21get_steering_rate_pidEv @ 0xa7a9e0
LOITER: _ZNK6AC_PID12get_pid_infoEv @ 0xa7aa30
LOITER: _ZN12AP_Scripting19is_handling_commandEt @ 0x75ef60
LOITER: _ZNK7Vector3IfE6is_infEv @ 0xa7b410
LOITER: _ZN7Vector2IfE9normalizeEv @ 0xa7b740
LOITER: _ZN7Vector2IfEdVEf @ 0xa7b7a0
LOITER: _ZNK7Vector2IfE6is_infEv @ 0xa7b820
LOITER: _ZL3MAXIjjEDTqugtfp_fp0_fp_fp0_ERKT_RKT0_.5595 @ 0x791640
LOITER: _ZN9AP_Logger19file_content_updateEv @ 0x791840
LOITER: _ZN9AP_Logger19file_content_updateERNS_11FileContentE @ 0x7919a0
LOITER: _ZN9AP_Logger24WriteBlock_first_succeedEPKvt @ 0x791db0
LOITER: _ZN17AP_Logger_Backend14periodic_tasksEv @ 0x794200
LOITER: _ZNK17AP_Logger_Backend13StartNewLogOKEv @ 0x7945f0
LOITER: _ZN17AP_Logger_Backend24WriteMoreStartupMessagesEv @ 0x7946d0
LOITER: _ZNK17AP_Logger_Backend15logging_enabledEv @ 0x7966f0
LOITER: _ZN17AP_Logger_Backend13periodic_10HzEj @ 0x796820
LOITER: _ZN17AP_Logger_Backend12periodic_1HzEv @ 0x796870
LOITER: _ZN17AP_Logger_Backend15push_log_blocksEv @ 0x796900
LOITER: _ZN17AP_Logger_Backend12df_stats_logEv @ 0x796960
LOITER: _ZN17AP_Logger_Backend26Write_AP_Logger_Stats_FileERKNS_8df_statsE @ 0x7969d0
LOITER: _ZN17AP_Logger_Backend14df_stats_clearEv @ 0x796ae0
LOITER: _ZNK17AP_Logger_Backend31critical_message_reserved_spaceEj @ 0xa7d8f0
LOITER: _ZN17AP_Logger_Backend15df_stats_gatherEtj @ 0x798fb0
LOITER: _ZNK14AP_Logger_File15logging_startedEv @ 0xa7dd80
LOITER: _ZN14AP_Logger_File21bufferspace_availableEv @ 0x79bcb0
LOITER: _ZNK14AP_Logger_File14logging_failedEv @ 0x79c2c0
LOITER: _ZN14AP_Logger_File8io_timerEv @ 0x79c380
LOITER: _ZN14AP_Logger_File12periodic_1HzEv @ 0x79c950
LOITER: _ZN14AP_Logger_File17periodic_fullrateEv @ 0x79cc00
LOITER: _ZNK14AP_Logger_File8WritesOKEv @ 0x79cc50
LOITER: _ZNK14AP_Logger_File13StartNewLogOKEv @ 0x79cce0
LOITER: _ZN14AP_Logger_File22_WritePrioritisedBlockEPKvtb @ 0x79ce90
LOITER: _ZN7AP_AHRS6updateEb @ 0x79d100
LOITER: _ZN7AP_AHRS18update_orientationEv @ 0x79d440
LOITER: _ZN17AP_InertialSensor6updateEv @ 0x79d540
LOITER: _ZN7AP_AHRS29update_trim_rotation_matricesEv @ 0x79dbb0
LOITER: _ZN7AP_AHRS10update_DCMEv @ 0x79dcc0
LOITER: _ZN7AP_AHRS12update_flagsEv @ 0x79dd60
LOITER: _ZN7AP_AHRS11update_SITLEv @ 0x79de20
LOITER: _ZN7AP_AHRS15update_externalEv @ 0x79ded0
LOITER: _ZN7AP_AHRS11update_EKF2Ev @ 0x79dff0
LOITER: _ZN7AP_AHRS11update_EKF3Ev @ 0x79e4e0
LOITER: _ZNK7AP_AHRS14get_gyro_driftEv @ 0xa7dde0
LOITER: _ZN7AP_AHRS14update_AOA_SSAEv @ 0x79ecd0
LOITER: _ZNK7AP_AHRS16_active_EKF_typeEv @ 0x79ed20
LOITER: _ZN7AP_AHRS12update_stateEv @ 0x79f250
LOITER: _ZNK7AP_AHRS23_get_primary_gyro_indexEv @ 0x79f4f0
LOITER: _ZNK7AP_AHRS23_get_primary_core_indexEv @ 0x79f5a0
LOITER: _ZNK7AP_AHRS14_wind_estimateER7Vector3IfE @ 0x79f670
LOITER: _ZN15AP_AHRS_Backend11get_EAS2TASEv @ 0x79f7a0
LOITER: _ZNK7AP_AHRS13_airspeed_EASERfRNS_20AirspeedEstimateTypeE @ 0x79f7e0
LOITER: _ZNK7AP_AHRS13_airspeed_TASERf @ 0x79fd60
LOITER: _ZNK7AP_AHRS13_airspeed_TASER7Vector3IfE @ 0x79fe70
LOITER: _ZNK7AP_AHRS15_get_quaternionER11QuaternionTIfE @ 0x79ff50
LOITER: _ZNK7AP_AHRS23_get_secondary_attitudeER7Vector3IfE @ 0x7a0110
LOITER: _ZNK7AP_AHRS25_get_secondary_quaternionER11QuaternionTIfE @ 0x7a0310
LOITER: _ZNK7AP_AHRS13_get_locationER8Location @ 0x7a04c0
LOITER: _ZNK7AP_AHRS23_get_secondary_positionER8Location @ 0x7a0640
LOITER: _ZN7AP_AHRS19_groundspeed_vectorEv @ 0x7a0790
LOITER: _ZN7AP_AHRS12_groundspeedEv @ 0x7a08c0
LOITER: _ZNK7AP_AHRS29_getCorrectedDeltaVelocityNEDER7Vector3IfERf @ 0x7a0990
LOITER: _ZNK7AP_AHRS17_get_velocity_NEDER7Vector3IfE @ 0x7a0c20
LOITER: _ZNK7NavEKF39getVelNEDER7Vector3IfE @ 0x7a0de0
LOITER: _ZNK12NavEKF3_core9getVelNEDER7Vector3IfE @ 0x7a1110
LOITER: _ZNK7NavEKF312getAccelBiasEaR7Vector3IfE @ 0x7a1300
LOITER: _ZNK17AP_InertialSensor18get_delta_velocityEhR7Vector3IfERf @ 0x7a13d0
LOITER: _ZNK7AP_AHRS43get_rotation_autopilot_body_to_vehicle_bodyEv @ 0xa7ded0
LOITER: _ZNK17AP_InertialSensor14get_delta_timeEv @ 0xa7df20
LOITER: _ZL3MINIffEDTqultfp_fp0_fp_fp0_ERKT_RKT0_.3149 @ 0x7a1580
LOITER: _ZL3MINIffEDTqultfp_fp0_fp_fp0_ERKT_RKT0_.1609 @ 0x7a1610
LOITER: _ZNK12NavEKF3_core12getAccelBiasER7Vector3IfE @ 0x7a16a0
LOITER: _ZL7radiansf.1596 @ 0x7a1d90
LOITER: _ZNK7AP_AHRS23_get_secondary_EKF_typeERNS_7EKFTypeE @ 0x7a1de0
LOITER: _ZNK7NavEKF36getLLHER8Location @ 0x7a1fd0
LOITER: _ZNK12NavEKF3_core6getLLHER8Location @ 0x7a2070
LOITER: _ZNK7AP_AHRS24fallback_active_EKF_typeEv @ 0x7a2640
LOITER: _ZNK11AP_AHRS_DCM14get_quaternionER11QuaternionTIfE @ 0x7a2690
LOITER: _ZNK7NavEKF313getQuaternionER11QuaternionTIfE @ 0x7a2790
LOITER: _ZN11QuaternionTIfE6rotateERK7Vector3IfE @ 0xa7e200
LOITER: _ZN11QuaternionTIfE15from_axis_angleE7Vector3IfE @ 0xa7e2b0
LOITER: _ZN15AP_ExternalAHRS14get_quaternionER11QuaternionTIfE @ 0x7a2890
LOITER: _ZNK12NavEKF3_core13getQuaternionER11QuaternionTIfE @ 0x7a2940
LOITER: _ZNK11QuaternionTIdE7tofloatEv @ 0xa7e390
LOITER: _ZNK7NavEKF314getEulerAnglesER7Vector3IfE @ 0x7a2af0
LOITER: _ZNK7NavEKF312getAirSpdVecER7Vector3IfE @ 0x7a2cd0
LOITER: _ZNK12NavEKF3_core12getAirSpdVecER7Vector3IfE @ 0x7a2d70
LOITER: _ZNK11QuaternionTIdE7inverseEv @ 0xa7e410
LOITER: _ZNK7AP_AHRS25get_active_airspeed_indexEv @ 0x7a3170
LOITER: _ZNK7AP_AHRS27_should_use_airspeed_sensorEh @ 0x7a3270
LOITER: _ZNK7AP_AHRS27get_wind_estimation_enabledEv @ 0xa7e4c0
LOITER: _ZNK7NavEKF37getWindER7Vector3IfE @ 0x7a3580
LOITER: _ZNK12NavEKF3_core7getWindER7Vector3IfE @ 0x7a36a0
LOITER: _ZN15AP_AHRS_Backend23airspeed_sensor_enabledEh @ 0xa7e580
LOITER: _ZNK7AP_AHRS23airspeed_sensor_enabledEh @ 0xa7e660
LOITER: _ZNK7AP_AHRS10option_setENS_7OptionsE @ 0xa7e6c0
LOITER: _ZNK7NavEKF317getActiveAirspeedEv @ 0x7a3870
LOITER: _ZNK12NavEKF3_core17getActiveAirspeedEv @ 0x7a3900
LOITER: _ZNK7AP_Baro12_get_EAS2TASEv @ 0x7a3950
LOITER: _ZNK7AP_Baro20get_EAS2TAS_extendedEf @ 0x7a39c0
LOITER: _ZNK7NavEKF319getPrimaryCoreIndexEv @ 0x7a3c90
LOITER: _ZNK7NavEKF326configuredToUseGPSForPosXYEv @ 0x7a3eb0
LOITER: _ZNK11AP_AHRS_DCM20yaw_source_availableEv @ 0x7a3f30
LOITER: _ZNK16AP_NavEKF_Source14getPosXYSourceEh @ 0xa7e820
LOITER: _ZNK7AP_AHRS9calc_trigERK7Matrix3IfERfS4_S4_S4_S4_S4_ @ 0x7a3fe0
LOITER: _ZNK9AP_Logger15allow_start_ekfEv @ 0x7a43d0
LOITER: _ZN7NavEKF312UpdateFilterEv @ 0x7a4aa0
LOITER: _ZNK7NavEKF320getRotationBodyToNEDER7Matrix3IfE @ 0x7a5070
LOITER: _ZN7AP_AHRS16update_cd_valuesEv @ 0x7a5100
LOITER: _ZN7AP_AHRS11update_trigEv @ 0x7a5240
LOITER: _ZNK17AP_InertialSensor22get_first_usable_accelEv @ 0xa7e8a0
LOITER: _ZNK7NavEKF311getGyroBiasEaR7Vector3IfE @ 0x7a5320
LOITER: _ZN7AP_AHRS32update_notify_from_filter_statusERK17nav_filter_status @ 0x7a53f0
LOITER: _ZNK12NavEKF3_core11getGyroBiasER7Vector3IfE @ 0x7a54a0
LOITER: _ZL7degreesf.1550 @ 0x7a5580
LOITER: _ZN6AP_DAL11start_frameENS_9FrameTypeE @ 0x7a55d0
LOITER: _ZNK6AP_DAL8micros64Ev @ 0xa7e8f0
LOITER: _ZNK12NavEKF3_core21getFramesSincePredictEv @ 0x7a5ab0
LOITER: _ZN6AP_DAL22ekf_low_time_remainingENS_7EKFTypeEh @ 0x7a5b10
LOITER: _ZN12NavEKF3_core12UpdateFilterEb @ 0x7a5c50
LOITER: _ZNK6AP_DAL9get_armedEv @ 0xa7e940
LOITER: _ZN7NavEKF321updateCoreErrorScoresEv @ 0x7a5e80
LOITER: _ZN7NavEKF324updateCoreRelativeErrorsEv @ 0x7a5f40
LOITER: _ZNK7NavEKF315coreBetterScoreEhh @ 0x7a60e0
LOITER: _ZN16AP_NavEKF_Source22align_inactive_sourcesEv @ 0x7a62e0
LOITER: _ZNK16AP_NavEKF_Source13getPosZSourceEh @ 0x7a6590
LOITER: _ZNK7AP_EnumIN16AP_NavEKF_Source7SourceZEEcvKS1_Ev @ 0xa7ea20
LOITER: _ZL3MAXI9AP_ParamTIfL11ap_var_type4EEfEDTqugtfp_fp0_fp_fp0_ERKT_RKT0_.3912 @ 0x7a6770
LOITER: _ZN18NavEKF_core_common22fill_scratch_variablesEv @ 0x7a6800
LOITER: _ZN12NavEKF3_core23update_sensor_selectionEv @ 0x7a68a0
LOITER: _ZN12NavEKF3_core18controlFilterModesEv @ 0x7a6910
LOITER: _ZN12NavEKF3_core11readIMUDataEb @ 0x7a69e0
LOITER: _ZN12NavEKF3_core27UpdateStrapdownEquationsNEDEv @ 0x7a72b0
LOITER: _ZN12NavEKF3_core20CovariancePredictionEP7Vector3IdE @ 0x7a7790
LOITER: _ZN12NavEKF3_core25runYawEstimatorPredictionEv @ 0x7b1f80
LOITER: _ZN12NavEKF3_core15SelectMagFusionEv @ 0x7b20e0
LOITER: _ZN12NavEKF3_core18SelectVelPosFusionEv @ 0x7b2e10
LOITER: _ZN12NavEKF3_core25runYawEstimatorCorrectionEv @ 0x7b37d0
LOITER: _ZN12NavEKF3_core18SelectRngBcnFusionEv @ 0x7b39c0
LOITER: _ZN12NavEKF3_core16SelectFlowFusionEv @ 0x7b3af0
LOITER: _ZN12NavEKF3_core20SelectBodyOdomFusionEv @ 0x7b3dd0
LOITER: _ZN12NavEKF3_core15SelectTasFusionEv @ 0x7b4080
LOITER: _ZN12NavEKF3_core20SelectBetaDragFusionEv @ 0x7b4180
LOITER: _ZN12NavEKF3_core18updateFilterStatusEv @ 0x7b4440
LOITER: _ZN12NavEKF3_core13moveEKFOriginEv @ 0x7b4d80
LOITER: _ZN12NavEKF3_core21checkUpdateEarthFieldEv @ 0x7b4f30
LOITER: _ZN12NavEKF3_core16calcOutputStatesEv @ 0x7b4ff0
LOITER: _ZN12NavEKF3_core11readMagDataEv @ 0x7b6340
LOITER: _ZN12NavEKF3_core11readGpsDataEv @ 0x7b6850
LOITER: _ZN12NavEKF3_core14readGpsYawDataEv @ 0x7b71e0
LOITER: _ZN12NavEKF3_core12readBaroDataEv @ 0x7b7310
LOITER: _ZN6AP_DAL3insEv @ 0xa7ead0
LOITER: _ZNK21AP_DAL_InertialSensor9get_accelEh @ 0xa7eb20
LOITER: _ZL2sqf.4316 @ 0x7b9340
LOITER: _ZNK16AP_NavEKF_Source13useVelZSourceENS_7SourceZEh @ 0x7b94b0
LOITER: _ZNK12NavEKF3_core26CorrectGPSForAntennaOffsetERNS_12gps_elementsE @ 0x7b95e0
LOITER: _ZNK10AP_DAL_GPS18get_antenna_offsetEh @ 0xa7edf0
LOITER: _ZNK7Vector3IdErmERKS0_ @ 0xa7ee60
LOITER: _ZNK7Matrix3IdE13mul_transposeERK7Vector3IdE @ 0xa7ef40
LOITER: _ZN7Vector3IdEdVEd @ 0xa7f050
LOITER: _ZNK21AP_DAL_InertialSensor16get_loop_delta_tEv @ 0xa7f0e0
LOITER: _ZNK14AP_DAL_Compass16get_first_usableEv @ 0xa7f500
LOITER: _ZNK11AP_DAL_Baro15get_last_updateEh @ 0xa7f770
LOITER: _ZNK11AP_DAL_Baro12get_altitudeEh @ 0xa7f7e0
LOITER: _ZN16EKF_obs_buffer_tIN12NavEKF3_core13baro_elementsEE4pushERKS1_ @ 0xa7f850
LOITER: _ZNK10AP_DAL_GPS11gps_yaw_degEhRfS0_Rj @ 0xa7f8c0
LOITER: _ZL3MAXIfdEDTqugtfp_fp0_fp_fp0_ERKT_RKT0_ @ 0x7b9fe0
LOITER: _ZNK10AP_DAL_GPS20last_message_time_msEh @ 0xa7f9e0
LOITER: _ZNK10AP_DAL_GPS7get_lagEhRf @ 0xa7fa50
LOITER: _ZL3MINIjjEDTqultfp_fp0_fp_fp0_ERKT_RKT0_.4133 @ 0x7ba1e0
LOITER: _ZNK10AP_DAL_GPS8velocityEh @ 0xa7fb00
LOITER: _ZNK10AP_DAL_GPS22have_vertical_velocityEh @ 0xa7fb70
LOITER: _ZNK10AP_DAL_GPS14speed_accuracyEhRf @ 0xa7fbf0
LOITER: _ZL3MAXIdfEDTqugtfp_fp0_fp_fp0_ERKT_RKT0_.4129 @ 0x7ba260
LOITER: _ZL3MINIdfEDTqultfp_fp0_fp_fp0_ERKT_RKT0_ @ 0x7ba300
LOITER: _ZL3MAXId9AP_ParamTIfL11ap_var_type4EEEDTqugtfp_fp0_fp_fp0_ERKT_RKT0_ @ 0x7ba3a0
LOITER: _ZNK10AP_DAL_GPS19horizontal_accuracyEhRf @ 0xa7fca0
LOITER: _ZNK10AP_DAL_GPS17vertical_accuracyEhRf @ 0xa7fd50
LOITER: _ZNK10AP_DAL_GPS8num_satsEh @ 0xa7fe00
LOITER: _ZN12NavEKF3_core18calcGpsGoodToAlignEv @ 0x7ba450
LOITER: _ZN12NavEKF3_core20calcGpsGoodForFlightEv @ 0x7bb3b0
LOITER: _ZN16EKF_obs_buffer_tIN12NavEKF3_core12gps_elementsEE4pushERKS1_ @ 0xa7fe70
LOITER: _ZL3MAXIddEDTqugtfp_fp0_fp_fp0_ERKT_RKT0_.4294 @ 0x7bb870
LOITER: _ZL3MINIdfEDTqultfp_fp0_fp_fp0_ERKT_RKT0_.4281 @ 0x7bb8f0
LOITER: _ZNK10AP_DAL_GPS8get_hdopEh @ 0xa7fee0
LOITER: _ZNK14AP_DAL_Compass9availableEv @ 0xa7ff50
LOITER: _ZNK14AP_DAL_Compass9get_countEv @ 0xa7ffb0
LOITER: _ZNK14AP_DAL_Compass21learn_offsets_enabledEv @ 0xa80000
LOITER: _ZNK14AP_DAL_Compass7healthyEh @ 0xa80060
LOITER: _ZNK14AP_DAL_Compass16last_update_usecEh @ 0xa800d0
LOITER: _ZNK14AP_DAL_Compass11get_offsetsEh @ 0xa80140
LOITER: _ZNK7Vector3IdEneERKS0_ @ 0xa801b0
LOITER: _ZN12NavEKF3_core12mag_elementsC2Ev @ 0xa80280
LOITER: _ZNK14AP_DAL_Compass9get_fieldEh @ 0xa802e0
LOITER: _ZNK14AP_DAL_Compass10consistentEv @ 0xa80350
LOITER: _ZN16EKF_obs_buffer_tIN12NavEKF3_core12mag_elementsEE4pushERKS1_ @ 0xa803b0
LOITER: _Z8is_equalIddENSt3__19enable_ifIXsr3std17is_floating_pointINS0_11common_typeIJT_T0_EE4typeEEE5valueEbE4typeES3_S4_ @ 0xa80420
LOITER: _ZN12NavEKF3_core17correctDeltaAngleER7Vector3IdEdh @ 0x7bbbd0
LOITER: _ZN12NavEKF3_core20correctDeltaVelocityER7Vector3IdEdh @ 0x7bbc90
LOITER: _ZN11QuaternionTIdEC2Ev @ 0xa804a0
LOITER: _ZN11QuaternionTIdE15from_axis_angleE7Vector3IdE @ 0xa80510
LOITER: _ZN11QuaternionTIdEmLERKS0_ @ 0xa805d0
LOITER: _ZNK11QuaternionTIdE15rotation_matrixER7Matrix3IdE @ 0xa80770
LOITER: _ZNK21AP_DAL_InertialSensor8get_gyroEh @ 0xa80960
LOITER: _ZNK6AP_DAL20get_takeoff_expectedEv @ 0xa80a70
LOITER: _ZN16EKF_IMU_buffer_tIN12NavEKF3_core12imu_elementsEE18get_youngest_indexEv @ 0xa80ae0
LOITER: _ZN16EKF_IMU_buffer_tIN12NavEKF3_core12imu_elementsEE16get_oldest_indexEv @ 0xa80b40
LOITER: _ZNK11QuaternionTIdEdvERKS0_ @ 0xa80ba0
LOITER: _ZN11QuaternionTIdEixEh @ 0xa80dc0
LOITER: _ZL3MAXIddEDTqugtfp_fp0_fp_fp0_ERKT_RKT0_.4344 @ 0x7bbdb0
LOITER: _ZN12NavEKF3_core15output_elementsC2Ev @ 0xa80e30
LOITER: _ZNK14ekf_imu_buffer16get_oldest_indexEv @ 0xa80eb0
LOITER: _ZNK14ekf_imu_buffer18get_youngest_indexEv @ 0xa80f00
LOITER: _ZN11QuaternionTIdE15from_axis_angleERK7Vector3IdEd @ 0xa80f50
LOITER: _ZNK6AP_DAL22get_touchdown_expectedEv @ 0xa81070
LOITER: _ZNK6AP_DAL11get_EAS2TASEv @ 0xa81150
LOITER: _ZN7Vector3IdEixEh @ 0xa81210
LOITER: _ZNK7Vector3IdEixEh @ 0xa81280
LOITER: _ZN7Vector2IdEixEh @ 0xa812f0
LOITER: _ZN15ekf_ring_buffer6recallEPvj @ 0x7c2910
LOITER: _ZNK15ekf_ring_buffer7time_msEh @ 0x7c2a70
LOITER: _ZN12NavEKF3_core14readAirSpdDataEv @ 0x7c2ae0
LOITER: _ZNK12NavEKF3_core11useAirspeedEv @ 0x7c47b0
LOITER: _ZNK6AP_DAL23airspeed_sensor_enabledEv @ 0xa81610
LOITER: _ZN16EKF_obs_buffer_tIN12NavEKF3_core16vel_odm_elementsEE6recallERS1_j @ 0xa81680
LOITER: _ZN16EKF_obs_buffer_tIN12NavEKF3_core18wheel_odm_elementsEE6recallERS1_j @ 0xa81700
LOITER: _ZN12NavEKF3_core11of_elementsC2Ev @ 0xa81780
LOITER: _ZN16EKF_obs_buffer_tIN12NavEKF3_core11of_elementsEE6recallERS1_j @ 0xa81810
LOITER: _ZNK7Vector2IdEixEh @ 0xa81890
LOITER: _ZN12NavEKF3_core14readRngBcnDataEv @ 0x7d1700
LOITER: _ZN10EKFGSF_yaw11fuseVelDataERK7Vector2IdEd @ 0x7d53b0
LOITER: _ZNK12NavEKF3_core13EKFGSF_getYawERdS0_ @ 0x7d57b0
LOITER: _ZNK11QuaternionTIdE8to_eulerERdS1_S1_ @ 0xa81d60
LOITER: _ZNK11QuaternionTIdE12to_vector312Ev @ 0xa81e10
LOITER: _ZN7Matrix3IdE13from_euler312Eddd @ 0xa82150
LOITER: _ZNK7Matrix3IdE11to_euler312Ev @ 0xa827f0
LOITER: _ZN7Matrix3IdEixEh @ 0xa828e0
LOITER: _ZNK10EKFGSF_yaw10getYawDataERdS0_Ph @ 0x7d6120
LOITER: _ZL7radiansf.4097 @ 0x7d6200
LOITER: _ZL2sqf.4095 @ 0x7d6250
LOITER: _ZNK10EKFGSF_yaw17getVelInnovLengthERd @ 0x7d62a0
LOITER: _ZN10EKFGSF_yaw7correctEhRK7Vector2IdEd @ 0x7d67c0
LOITER: _ZNK10EKFGSF_yaw15gaussianDensityEh @ 0x7d7b80
LOITER: _ZL3MAXIdfEDTqugtfp_fp0_fp_fp0_ERKT_RKT0_.3598 @ 0x7d7f00
LOITER: _ZN10EKFGSF_yaw13forceSymmetryEh @ 0x7d7fa0
LOITER: _ZN16EKF_obs_buffer_tIN12NavEKF3_core16ext_nav_elementsEE6recallERS1_j @ 0xa82a50
LOITER: _ZN16EKF_obs_buffer_tIN12NavEKF3_core20ext_nav_vel_elementsEE6recallERS1_j @ 0xa82ad0
LOITER: _ZNK12NavEKF3_core35CalculateVelInnovationsAndVariancesERK7Vector3IdEddRS1_S4_ @ 0x7d84d0
LOITER: _ZN16EKF_obs_buffer_tIN12NavEKF3_core12gps_elementsEE6recallERS1_j @ 0xa82b50
LOITER: _ZN12NavEKF3_core21selectHeightForFusionEv @ 0x7d8b10
LOITER: _ZN12NavEKF3_core13FuseVelPosNEDEv @ 0x7da010
LOITER: _ZL3MAXIdfEDTqugtfp_fp0_fp_fp0_ERKT_RKT0_.4269 @ 0x7dc360
LOITER: _ZL3MAXI9AP_ParamTIfL11ap_var_type4EEfEDTqugtfp_fp0_fp_fp0_ERKT_RKT0_.4270 @ 0x7dc400
LOITER: _ZN12NavEKF3_core15readRangeFinderEv @ 0x7dc490
LOITER: _ZN16EKF_obs_buffer_tIN12NavEKF3_core14range_elementsEE6recallERS1_j @ 0xa82bd0
LOITER: _ZN16EKF_obs_buffer_tIN12NavEKF3_core13baro_elementsEE6recallERS1_j @ 0xa82ca0
LOITER: _ZL3MAXIddEDTqugtfp_fp0_fp_fp0_ERKT_RKT0_.4118 @ 0x7dd060
LOITER: _ZL3MAXI9AP_ParamTIfL11ap_var_type4EEfEDTqugtfp_fp0_fp_fp0_ERKT_RKT0_.4107 @ 0x7dd230
LOITER: _ZN12NavEKF3_core12fuseEulerYawENS_15yawFusionMethodE @ 0x7dd2c0
LOITER: _ZN16EKF_obs_buffer_tIN12NavEKF3_core12yaw_elementsEE6recallERS1_j @ 0xa82f30
LOITER: _ZN16EKF_obs_buffer_tIN12NavEKF3_core12mag_elementsEE6recallERS1_j @ 0xa82fb0
LOITER: _ZN12NavEKF3_core18controlMagYawResetEv @ 0x7df260
LOITER: _ZNK7Matrix3IdEixEh @ 0xa83180
LOITER: _ZL3MAXIdfEDTqugtfp_fp0_fp_fp0_ERKT_RKT0_.4105 @ 0x7e60b0
LOITER: _ZN12NavEKF3_core17MagTableConstrainEv @ 0x7e6150
LOITER: _ZNK11QuaternionTIdE13to_axis_angleER7Vector3IdE @ 0xa831f0
LOITER: _ZN10EKFGSF_yaw6updateERK7Vector3IdES3_ddbd @ 0x7e68d0
LOITER: _ZN10EKFGSF_yaw7predictEh @ 0x7e7360
LOITER: _ZN10EKFGSF_yaw11predictAHRSEh @ 0x7e7eb0
LOITER: _ZL7radiansf.3596 @ 0x7e8430
LOITER: _ZL2sqf.3597 @ 0x7e8480
LOITER: _ZNK10EKFGSF_yaw12updateRotMatERK7Matrix3IdERK7Vector3IdE @ 0x7e84d0
LOITER: _ZN12NavEKF3_core21calcTiltErrorVarianceEv @ 0x7e8db0
LOITER: _ZN12NavEKF3_core23verifyTiltErrorVarianceEv @ 0x7e9490
LOITER: _ZL3MINIffEDTqultfp_fp0_fp_fp0_ERKT_RKT0_.4336 @ 0x7e9890
LOITER: _ZN11QuaternionTIdE6rotateERK7Vector3IdE @ 0xa837b0
LOITER: _ZN12NavEKF3_core15ConstrainStatesEv @ 0x7e9920
LOITER: _ZNK21AP_DAL_InertialSensor9use_accelEh @ 0xa83870
LOITER: _ZNK21AP_DAL_InertialSensor8use_gyroEh @ 0xa83940
LOITER: _ZN12NavEKF3_core19learnInactiveBiasesEv @ 0x7e9d60
LOITER: _ZN12NavEKF3_core19updateMovementCheckEv @ 0x7ea2d0
LOITER: _ZN12NavEKF3_core17readDeltaVelocityEhR7Vector3IdERd @ 0x7eab70
LOITER: _ZNK21AP_DAL_InertialSensor18get_imu_pos_offsetEh @ 0xa83a10
LOITER: _ZN12NavEKF3_core14readDeltaAngleEhR7Vector3IdERd @ 0x7eacc0
LOITER: _ZN16EKF_IMU_buffer_tIN12NavEKF3_core12imu_elementsEE21push_youngest_elementES1_ @ 0xa83a80
LOITER: _ZN12NavEKF3_core14SampleDragDataERKNS_12imu_elementsE @ 0x7eade0
LOITER: _ZN16EKF_IMU_buffer_tIN12NavEKF3_core12imu_elementsEE18get_oldest_elementEv @ 0xa83ae0
LOITER: _ZN12NavEKF3_core22updateTimingStatisticsEv @ 0x7eb090
LOITER: _ZL3MINIfdEDTqultfp_fp0_fp_fp0_ERKT_RKT0_ @ 0x7eb340
LOITER: _ZN12NavEKF3_core12imu_elementsC2Ev @ 0xa83b60
LOITER: _ZN14ekf_imu_buffer18get_oldest_elementEPv @ 0x7eb3e0
LOITER: _ZN14ekf_imu_buffer21push_youngest_elementEPKv @ 0x7eb4a0
LOITER: _ZNK21AP_DAL_InertialSensor14get_gyro_countEv @ 0xa83c40
LOITER: _ZNK21AP_DAL_InertialSensor15get_delta_angleEhR7Vector3IfERf @ 0xa83c90
LOITER: _ZNK21AP_DAL_InertialSensor15get_accel_countEv @ 0xa83d90
LOITER: _ZNK21AP_DAL_InertialSensor18get_delta_velocityEhR7Vector3IfERf @ 0xa83de0
LOITER: _ZL7radiansi.4131 @ 0x7eb590
LOITER: _ZN12NavEKF3_core12detectFlightEv @ 0x7eb5f0
LOITER: _ZN12NavEKF3_core27setWindMagStateLearningModeEv @ 0x7ebab0
LOITER: _ZN12NavEKF3_core28checkAttitudeAlignmentStatusEv @ 0x7ec350
LOITER: _ZN12NavEKF3_core13setAidingModeEv @ 0x7ec460
LOITER: _ZN12NavEKF3_core12setYawSourceEv @ 0x7ed3d0
LOITER: _ZN12NavEKF3_core18checkGyroCalStatusEv @ 0x7ed4a0
LOITER: _ZL3MINIttEDTqultfp_fp0_fp_fp0_ERKT_RKT0_ @ 0x7edb80
LOITER: _ZL7radiansd.4050 @ 0x7edc00
LOITER: _ZN12NavEKF3_core19updateStateIndexLimEv @ 0x7edcf0
LOITER: _ZNK6AP_DAL18get_time_flying_msEv @ 0xa83ed0
LOITER: _ZN12NavEKF3_core20update_gps_selectionEv @ 0x7edee0
LOITER: _ZN12NavEKF3_core20update_mag_selectionEv @ 0x7edfe0
LOITER: _ZN12NavEKF3_core21update_baro_selectionEv @ 0x7ee120
LOITER: _ZN12NavEKF3_core25update_airspeed_selectionEv @ 0x7ee200
LOITER: _ZNK11AP_DAL_Baro11get_primaryEv @ 0xa83f70
LOITER: _Z9fill_nanfPdt @ 0x7ee310
LOITER: _ZNK17AP_InertialSensor20get_last_update_usecEv @ 0xa84030
LOITER: _ZNK17AP_InertialSensor16get_loop_delta_tEv @ 0xa84080
LOITER: _ZNK7AP_AHRS17get_vehicle_classEv @ 0xa840d0
LOITER: _ZNK7AP_AHRS20get_takeoff_expectedEv @ 0xa84120
LOITER: _ZNK7AP_AHRS22get_touchdown_expectedEv @ 0xa84180
LOITER: _ZNK7AP_AHRS8get_trimEv @ 0xa841e0
LOITER: _ZN2AP12wheelencoderEv @ 0x7ee730
LOITER: _ZNK15AP_WheelEncoder11num_sensorsEv @ 0xa84240
LOITER: _ZNK7AP_AHRS43get_rotation_vehicle_body_to_autopilot_bodyEv @ 0xa84290
LOITER: _ZN21AP_DAL_InertialSensor11start_frameEv @ 0x7ee770
LOITER: _ZN11AP_DAL_Baro11start_frameEv @ 0x7ee9f0
LOITER: _ZN10AP_DAL_GPS11start_frameEv @ 0x7eeb60
LOITER: _ZN14AP_DAL_Compass11start_frameEv @ 0x7eef60
LOITER: _ZNK9AP_Beacon7enabledEv @ 0x7efa10
LOITER: _ZNK9AP_Beacon12device_readyEv @ 0x7efd50
LOITER: _ZNK7AP_EnumIN9AP_Beacon4TypeEEcvKS1_Ev @ 0xa84340
LOITER: _ZNK7Compass24auto_declination_enabledEv @ 0xa84490
LOITER: _ZNK7Compass15get_declinationEv @ 0x7efec0
LOITER: _ZNK7Compass15get_num_enabledEv @ 0x7eff20
LOITER: _ZNK7Compass16get_first_usableEv @ 0xa84500
LOITER: _ZNK7Compass17have_scale_factorEh @ 0x7effe0
LOITER: _ZNK7Compass16last_update_usecEh @ 0xa84550
LOITER: _ZNK14typesafe_indexIh14TAG_StateIndexEgeERKh @ 0xa845d0
LOITER: _ZNK7AP_Baro11get_primaryEv @ 0xa84640
LOITER: _ZNK7AP_Baro15get_last_updateEh @ 0xa84690
LOITER: _ZNK17AP_InertialSensor16get_loop_rate_hzEv @ 0xa84700
LOITER: _ZNK17AP_InertialSensor15get_delta_angleEhR7Vector3IfERf @ 0x7f0120
LOITER: _ZN21AP_DAL_InertialSensor15update_filteredEh @ 0x7f02f0
LOITER: _ZNK17AP_InertialSensor18get_imu_pos_offsetEh @ 0xa84750
LOITER: _ZNK17AP_InertialSensor10_accel_posEh @ 0xa847b0
LOITER: _ZN17AP_InertialSensor10_accel_posEh @ 0xa84810
LOITER: _ZN15AP_WheelEncoder13get_singletonEv @ 0xa84880
LOITER: _ZN7NavEKF216InitialiseFilterEv @ 0x7f2d80
LOITER: _ZNK6AP_DAL12get_ekf_typeEv @ 0xa87070
LOITER: _ZN16AP_AHRS_External6updateEv @ 0x826160
LOITER: _ZN16AP_AHRS_External11get_resultsERN15AP_AHRS_Backend9EstimatesE @ 0x8261b0
LOITER: _ZN7AP_AHRS37copy_estimates_from_backend_estimatesERKN15AP_AHRS_Backend9EstimatesE @ 0x826400
LOITER: _ZN15AP_ExternalAHRS6updateEv @ 0x8266e0
LOITER: _ZL7degreesf.9850 @ 0x826a10
LOITER: _ZN11AP_AHRS_SIM6updateEv @ 0xa87c30
LOITER: _ZN11AP_AHRS_SIM11get_resultsERN15AP_AHRS_Backend9EstimatesE @ 0x826a60
LOITER: _ZN11AP_AHRS_DCM6updateEv @ 0x827640
LOITER: _ZN11AP_AHRS_DCM11get_resultsERN15AP_AHRS_Backend9EstimatesE @ 0x827960
LOITER: _ZN11AP_AHRS_DCM13matrix_updateEv @ 0x827a80
LOITER: _ZN11AP_AHRS_DCM9normalizeEv @ 0x827cd0
LOITER: _ZN11AP_AHRS_DCM16drift_correctionEf @ 0x827ef0
LOITER: _ZN11AP_AHRS_DCM12check_matrixEv @ 0x829250
LOITER: _ZN11AP_AHRS_DCM15backup_attitudeEv @ 0x829350
LOITER: _ZNK11AP_AHRS_DCM12get_error_rpEv @ 0xa87cf0
LOITER: _ZNK11AP_AHRS_DCM13get_error_yawEv @ 0xa87d40
LOITER: _ZN7Matrix3IfE6is_nanEv @ 0xa87d90
LOITER: _ZN11AP_AHRS_DCM20drift_correction_yawEv @ 0x829840
LOITER: _ZNK6AP_GPS16last_fix_time_msEv @ 0xa87ea0
LOITER: _ZL3MAXIfiEDTqugtfp_fp0_fp_fp0_ERKT_RKT0_.1607 @ 0x829d60
LOITER: _ZNK11AP_AHRS_DCM26should_correct_centrifugalEv @ 0x829e00
LOITER: _ZN11AP_AHRS_DCM10ra_delayedEhRK7Vector3IfE @ 0x829e50
LOITER: _ZNK17AP_InertialSensor7healthyEv @ 0xa87f00
LOITER: _ZN11AP_AHRS_DCM7_P_gainEf @ 0x829f50
LOITER: _ZNK11AP_AHRS_DCM14use_fast_gainsEv @ 0x82a030
LOITER: _ZL7radiansi.1608 @ 0x82a0c0
LOITER: _ZNK17AP_InertialSensor19get_gyro_drift_rateEv @ 0xa87f80
LOITER: _ZNK17AP_InertialSensor15get_gyro_healthEv @ 0xa87fd0
LOITER: _ZNK17AP_InertialSensor16get_accel_healthEv @ 0xa88030
LOITER: _ZNK7Compass16last_update_usecEv @ 0xa88090
LOITER: _ZN7Compass4readEv @ 0x82a120
LOITER: _ZN11AP_AHRS_DCM17yaw_error_compassER7Compass @ 0x82a4f0
LOITER: _ZNK11AP_AHRS_DCM9_yaw_gainEv @ 0x82a670
LOITER: _ZNK7Matrix3IfE5mulXYERK7Vector3IfE @ 0xa880f0
LOITER: _ZNK7Vector2IfErmERKS0_ @ 0xa881c0
LOITER: _ZN7Compass15_detect_runtimeEv @ 0x82a820
LOITER: _ZN9AP_Logger13Write_CompassEv @ 0x82ab50
LOITER: _ZN19RestrictIDTypeArrayI9AP_ParamTIaL11ap_var_type1EELj3E14typesafe_indexIh12TAG_PriorityEEixERKS5_ @ 0xa88240
LOITER: _ZN9AP_Logger22Write_Compass_instanceEmh @ 0x82abf0
LOITER: _ZNK7Compass17get_motor_offsetsEh @ 0xa882c0
LOITER: _ZN18AP_Compass_Backend25drain_accumulated_samplesEhPK7Vector3IfE @ 0x82cb20
LOITER: _ZN18AP_Compass_Backend22publish_filtered_fieldERK7Vector3IfEh @ 0x82cca0
LOITER: _ZN11AP_AHRS_DCM6renormERK7Vector3IfERS1_ @ 0x82cd60
LOITER: _ZNK17AP_InertialSensor15get_delta_angleER7Vector3IfERf @ 0xa88b40
LOITER: _ZNK7Vector3IfEeqERKS0_ @ 0xa88bd0
LOITER: _ZNK14AP_Logger_File17recent_open_errorEv @ 0x82d110
LOITER: _ZNK14AP_Logger_File15io_thread_aliveEv @ 0x82d1a0
LOITER: _ZN14AP_Logger_File16disk_space_availEv @ 0x82d530
LOITER: _ZL3MINIjjEDTqultfp_fp0_fp_fp0_ERKT_RKT0_.5718 @ 0x82d610
LOITER: _ZN13AP_Filesystem17bytes_until_fsyncEi @ 0x82d690
LOITER: _ZN13AP_Filesystem9disk_freeEPKc @ 0x82d710
LOITER: _ZN2AP4rssiEv @ 0x834950
LOITER: _ZNK7AP_RSSI7enabledEv @ 0xa89480
LOITER: _ZN7AP_RSSI13get_singletonEv @ 0x835180
LOITER: _ZN13AP_CANManager20check_logging_enableEv @ 0x836140
LOITER: _ZN7FunctorIvJEE14method_wrapperI13AP_CANManagerXadL_ZNS2_20check_logging_enableEvEEEEvPv @ 0xa89ab0
LOITER: _ZNK13AP_CANManager15CANIface_Params13option_is_setENS0_7OptionsE @ 0xa89b60
LOITER: _ZNK24AP_Proximity_Boundary_3D15get_next_sectorEh @ 0xa97f80
LOITER: _ZNK22AP_BattMonitor_Backend13option_is_setEN21AP_BattMonitor_Params7OptionsE @ 0xa9b9e0
LOITER: _ZN22AP_BattMonitor_Backend15update_consumedERN14AP_BattMonitor17BattMonitor_StateEj @ 0x858240
LOITER: _ZN22AP_BattMonitor_Backend13calculate_mahEff @ 0xa9ba70
LOITER: _ZN18AP_Compass_Backend17accumulate_sampleER7Vector3IfEhj @ 0x85a550
LOITER: _ZN18AP_Compass_Backend12rotate_fieldER7Vector3IfEh @ 0x85a6d0
LOITER: _ZN18AP_Compass_Backend17publish_raw_fieldERK7Vector3IfEh @ 0x85a7c0
LOITER: _ZN18AP_Compass_Backend13correct_fieldER7Vector3IfEh @ 0x85a8d0
LOITER: _ZN18AP_Compass_Backend8field_okERK7Vector3IfE @ 0x85acd0
LOITER: _ZNK7Compass16get_filter_rangeEv @ 0xa9dd90
LOITER: _ZNK16Compass_PerMotor7enabledEv @ 0xa9ddf0
LOITER: _ZN7Compass13_get_priorityE14typesafe_indexIh14TAG_StateIndexE @ 0xa9de60
LOITER: _ZN14AP_GPS_Backend15set_alt_amsl_cmERN6AP_GPS9GPS_StateEi @ 0x85f3a0
LOITER: _ZN16JitterCorrection31correct_offboard_timestamp_usecEmm @ 0x85f5b0
LOITER: _ZNK14AP_GPS_Backend10option_setEN6AP_GPS13DriverOptionsE @ 0xaa0ff0
LOITER: _ZNK6AP_GPS10option_setENS_13DriverOptionsE @ 0xaa1060
LOITER: _ZN6AP_RTC12set_utc_usecEmNS_11source_typeE @ 0x860020
LOITER: _ZNK11GCS_MAVLINK14option_enabledENS_6OptionE @ 0xaa34f0
LOITER: _ZNK16AP_SerialManager9UARTState12get_protocolEv @ 0xaa3570
LOITER: _ZN2AP8PerfInfo13set_loop_rateEt @ 0x872540
LOITER: _ZN2AP8PerfInfo5resetEv @ 0x872600
LOITER: _ZNK3GCS43min_loop_time_remaining_for_message_send_usEv @ 0xaa3d30
LOITER: _ZNK3GCS26min_status_for_gps_healthyEv @ 0xaa3ec0
LOITER: _ZN5Rover8set_modeEh10ModeReason @ 0x8732e0
LOITER: _ZNK5Rover29current_mode_requires_missionEv @ 0xaa4270
LOITER: _ZNK5Rover17get_wp_distance_mERf @ 0x873dc0
LOITER: _ZNK5Rover18get_wp_bearing_degERf @ 0x873e70
LOITER: _ZNK5Rover25get_wp_crosstrack_error_mERf @ 0x873f20
LOITER: _ZN5Rover20set_control_channelsEv @ 0x874c20
LOITER: _ZN5Rover18fence_checks_asyncEv @ 0x874f00
LOITER: _ZN6AP_HAL15timeout_expiredIjjjEEbT_T0_T1_ @ 0xaa4390
LOITER: _ZN8AC_Fence5checkEb @ 0x875020
LOITER: _ZN8AC_Fence19clear_margin_breachEh @ 0x875430
LOITER: _ZNK8AC_Fence18get_enabled_fencesEv @ 0x875e20
LOITER: _ZN5Rover2rcEv @ 0xaa44e0
LOITER: _ZN10RC_Channel9set_angleEt @ 0x876170
LOITER: _ZN8Sailboat10init_rc_inEv @ 0x876260
LOITER: _ZN6AP_HAL8RCOutput15set_esc_scalingEtt @ 0xaa4530
LOITER: _ZN12SRV_Channels19set_esc_scaling_forEN11SRV_Channel8FunctionE @ 0x8764c0
LOITER: _ZNK5Rover13is_balancebotEv @ 0x876aa0
LOITER: _ZN8AP_Param15save_io_handlerEv @ 0x877350
LOITER: _ZN7FunctorIvJEE14method_wrapperI8AP_ParamXadL_ZNS2_15save_io_handlerEvEEEEvPv @ 0xaa46e0
LOITER: _ZN15ObjectBuffer_TSIN8AP_Param10param_saveEE3popERS1_ @ 0xaa4790
LOITER: _ZN5Rover11notify_modeEPK4Mode @ 0x877450
LOITER: _ZN5Rover3gcsEv @ 0xaa4870
LOITER: _ZN12SRV_Channels17enable_aux_servosEv @ 0x87b780
LOITER: _ZL21failsafe_check_staticv @ 0x87d310
LOITER: _ZN5Rover8set_modeER4Mode10ModeReason @ 0x87d8a0
LOITER: _ZN5Rover18mode_from_mode_numEN4Mode6NumberE @ 0x87de10
LOITER: _ZNK5Rover7is_boatEv @ 0x87e250
LOITER: _ZNK8Sailboat12tack_enabledEv @ 0x87e2c0
LOITER: _ZN10RC_Channel16read_mode_switchEv @ 0x87e800
LOITER: _ZN10RC_Channel16read_6pos_switchERa @ 0x87e880
LOITER: _ZN10RC_Channel18debounce_completedEa @ 0x87e9e0
LOITER: _ZN9AP_Logger10Write_ModeEh10ModeReason @ 0x87eb80
LOITER: _ZN17AP_Logger_Backend10Write_ModeEh10ModeReason @ 0x87ed10
LOITER: _ZN7AP_AHRS15set_fly_forwardEb @ 0xaa4db0
LOITER: _ZN17AP_InertialSensor12BatchSampler21rotate_to_next_sensorEv @ 0x87fec0
LOITER: _ZN17AP_InertialSensor12BatchSampler32update_doing_sensor_rate_loggingEv @ 0x880110
LOITER: _ZL3MINIhhEDTqultfp_fp0_fp_fp0_ERKT_RKT0_.17357 @ 0x880250
LOITER: _ZNK17AP_InertialSensor12BatchSampler10has_optionENS0_11batch_opt_tE @ 0xaa6240
LOITER: _ZN17AP_InertialSensor12_gyro_offsetEh @ 0xaa62c0
LOITER: _ZN17AP_InertialSensor12caltemp_gyroEh @ 0xaa6330
LOITER: _ZN22AP_InertialSensor_SITL6updateEv @ 0x881a10
LOITER: _ZN25AP_InertialSensor_Backend10accumulateEv @ 0xaa6450
LOITER: _ZN25AP_InertialSensor_Backend11set_primaryEb @ 0xaa6620
LOITER: _ZNK25AP_InertialSensor_Backend21_gyro_raw_sample_rateEh @ 0xaa6670
LOITER: _ZN22AP_InertialSensor_SITL12timer_updateEv @ 0x882190
LOITER: _ZN7FunctorIvJEE14method_wrapperI22AP_InertialSensor_SITLXadL_ZNS2_12timer_updateEvEEEEvPv @ 0xaa6740
LOITER: _ZN22AP_InertialSensor_SITL14generate_accelEv @ 0x882660
LOITER: _ZN22AP_InertialSensor_SITL13generate_gyroEv @ 0x883640
LOITER: _ZNK25AP_InertialSensor_Backend20enable_fast_samplingEh @ 0xaa67f0
LOITER: _ZNK22AP_InertialSensor_SITL10gyro_driftEv @ 0x8840a0
LOITER: _ZL7radiansd.17279 @ 0x8842a0
LOITER: _ZL7radiansf.17280 @ 0x8842f0
LOITER: _ZN22AP_InertialSensor_SITL15get_temperatureEv @ 0x8843d0
LOITER: _ZNK22AP_InertialSensor_TCal15sitl_apply_gyroEfR7Vector3IfE @ 0x884570
LOITER: _ZN25AP_InertialSensor_Backend35_notify_new_gyro_sensor_rate_sampleEhRK7Vector3IfE @ 0x884650
LOITER: _ZN25AP_InertialSensor_Backend24_rotate_and_correct_gyroEhR7Vector3IfE @ 0x884850
LOITER: _ZN25AP_InertialSensor_Backend27_notify_new_gyro_raw_sampleEhRK7Vector3IfEm @ 0x8849e0
LOITER: _ZNK25AP_InertialSensor_Backend15has_been_killedEh @ 0xaa6880
LOITER: _ZNK25AP_InertialSensor_Backend19_update_sensor_rateERtRjRf @ 0x885080
LOITER: _ZN25AP_InertialSensor_Backend18apply_gyro_filtersEhRK7Vector3IfE @ 0x885250
LOITER: _ZN25AP_InertialSensor_Backend12log_gyro_rawEhmRK7Vector3IfES3_ @ 0x885610
LOITER: _ZN25AP_InertialSensor_Backend14update_primaryEv @ 0x8858a0
LOITER: _ZNK17AP_InertialSensor22raw_logging_option_setENS_18RAW_LOGGING_OPTIONE @ 0xaa6900
LOITER: _ZNK25AP_InertialSensor_Backend18should_log_imu_rawEv @ 0x885980
LOITER: _ZNK17AP_InertialSensor12BatchSampler25doing_sensor_rate_loggingEv @ 0xaa6980
LOITER: _ZNK17AP_InertialSensor12BatchSampler25doing_post_filter_loggingEv @ 0xaa69e0
LOITER: _ZN17AP_InertialSensor12BatchSampler6sampleEhNS_15IMU_SENSOR_TYPEEmRK7Vector3IfE @ 0x885b90
LOITER: _ZN17AP_InertialSensor12BatchSampler10should_logEhNS_15IMU_SENSOR_TYPEE @ 0x885ce0
LOITER: _ZN25AP_InertialSensor_Backend16save_gyro_windowEhRK7Vector3IfEh @ 0x885e20
LOITER: _ZN15LowPassFilter2pI7Vector3IfEE5applyERKS1_ @ 0xaa6cc0
LOITER: _ZN19DigitalBiquadFilterI7Vector3IfEE5applyERKS1_RKNS2_13biquad_paramsE @ 0xaa6e10
LOITER: _ZNK25AP_InertialSensor_Backend18sensors_convergingEv @ 0x8860e0
LOITER: _ZNK22AP_InertialSensor_TCal12correct_gyroEffR7Vector3IfE @ 0x886210
LOITER: _ZNK22AP_InertialSensor_TCal14correct_sensorEffPK9AP_ParamVI7Vector3IfEL11ap_var_type5EERS2_ @ 0x8862b0
LOITER: _ZNK22AP_InertialSensor_TCal15polynomial_evalEfPK9AP_ParamVI7Vector3IfEL11ap_var_type5EE @ 0x8864c0
LOITER: _ZNK22AP_InertialSensor_TCal16sitl_apply_accelEfR7Vector3IfE @ 0x889470
LOITER: _ZN25AP_InertialSensor_Backend36_notify_new_accel_sensor_rate_sampleEhRK7Vector3IfE @ 0x889550
LOITER: _ZN25AP_InertialSensor_Backend25_rotate_and_correct_accelEhR7Vector3IfE @ 0x889750
LOITER: _ZN25AP_InertialSensor_Backend28_notify_new_accel_raw_sampleEhRK7Vector3IfEmb @ 0x889970
LOITER: _ZN25AP_InertialSensor_Backend20_publish_temperatureEhf @ 0x889f20
LOITER: _ZN17AP_InertialSensor27calc_vibration_and_clippingEhRK7Vector3IfEf @ 0x889fc0
LOITER: _ZN17AP_InertialSensor19set_accel_peak_holdEhRK7Vector3IfE @ 0x88a240
LOITER: _ZN25AP_InertialSensor_Backend13log_accel_rawEhmRK7Vector3IfE @ 0x88a320
LOITER: _ZNK25AP_InertialSensor_Backend14get_clip_limitEv @ 0xaa7e30
LOITER: _ZN13LowPassFilterI7Vector3IfEE5applyERKS1_RKf @ 0xaa7e80
LOITER: _ZN10DigitalLPFI7Vector3IfEE6_applyERKS1_RKf @ 0xaa7f40
LOITER: _ZNK22AP_InertialSensor_TCal13correct_accelEffR7Vector3IfE @ 0x88a700
LOITER: _ZN25AP_InertialSensor_Backend12update_accelEh @ 0x88ab80
LOITER: _ZN25AP_InertialSensor_Backend11update_gyroEh @ 0x88aca0
LOITER: _ZN25AP_InertialSensor_Backend13_publish_gyroEhRK7Vector3IfE @ 0x88ae00
LOITER: _ZN25AP_InertialSensor_Backend19update_gyro_filtersEh @ 0x88af70
LOITER: _ZNK25AP_InertialSensor_Backend19_gyro_filter_cutoffEv @ 0xaa8210
LOITER: _ZN25AP_InertialSensor_Backend14_publish_accelEhRK7Vector3IfE @ 0x88b3b0
LOITER: _ZN25AP_InertialSensor_Backend20update_accel_filtersEh @ 0x88b5e0
LOITER: _ZNK25AP_InertialSensor_Backend20_accel_filter_cutoffEv @ 0xaa84f0
LOITER: _ZNK5Rover16gcs_mode_enabledEN4Mode6NumberE @ 0x88d170
LOITER: _ZN4Mode5enterEv @ 0x88d1f0
LOITER: _ZN8AC_Fence21manual_recovery_startEv @ 0x88d380
LOITER: _ZN9AP_Camera16set_is_auto_modeEb @ 0xaa8990
LOITER: _ZN4Mode4exitEv @ 0x88d410
LOITER: _ZN8Sailboat10clear_tackEv @ 0x88d470
LOITER: _ZNK10AP_Vehicle21block_GCS_mode_changeEhPKhh @ 0x88d4e0
LOITER: _ZNK8AC_Fence9polyfenceEv @ 0x891b20
LOITER: _ZNK7AP_EnumIN13AP_OADatabase11OutputLevelEEcvKS1_Ev @ 0xaa9fb0
LOITER: _ZN11AP_SmartRTL22run_background_cleanupEv @ 0x895f40
LOITER: _ZN7FunctorIvJEE14method_wrapperI11AP_SmartRTLXadL_ZNS2_22run_background_cleanupEvEEEEvPv @ 0xaaa610
LOITER: _ZN11AP_SmartRTL15routine_cleanupEtt @ 0x896210
LOITER: _ZN11AP_SmartRTL29restart_pruning_if_new_pointsEv @ 0x896930
LOITER: _ZN5Rover14failsafe_checkEv @ 0x897b00
LOITER: _ZNK7AP_AHRS12get_accel_efEv @ 0xaae2d0
LOITER: _ZNK7AP_AHRS18get_yaw_rate_earthEv @ 0xab09c0
LOITER: _ZNK12NavEKF3_core9getMagXYZER7Vector3IfE @ 0x8c3bc0
LOITER: _ZNK12NavEKF3_core9getMagNEDER7Vector3IfE @ 0x8c3e40
LOITER: _ZNK7Vector2IfEdvEf @ 0xab1e70
LOITER: _ZNK14AP_GPS_Backend32supports_mavlink_gps_rtk_messageEv @ 0xab3050
LOITER: _ZNK14AP_GPS_Blended7get_lagERf @ 0x8d0780
LOITER: _ZN7AP_Baro6updateEv @ 0x8d0e50
LOITER: _ZNK7AP_Baro7healthyEv @ 0xab3620
LOITER: _ZN15AP_Baro_Backend14backend_updateEh @ 0x8d1570
LOITER: _ZN7AP_Baro24wind_pressure_correctionEh @ 0x8d15f0
LOITER: _ZNK7AP_Baro15get_last_updateEv @ 0xab3680
LOITER: _ZN16DerivativeFilterIfLh7EE6updateEfj @ 0xab36e0
LOITER: _ZN7AP_Baro22update_field_elevationEv @ 0x8d1930
LOITER: _ZNK7AP_Baro10should_logEv @ 0x8d1bb0
LOITER: _ZN7AP_Baro10Write_BaroEv @ 0x8d1c60
LOITER: _ZN7AP_Baro19Write_Baro_instanceEmh @ 0x8d1cf0
LOITER: _ZNK7AP_Baro21get_baro_drift_offsetEv @ 0xab37c0
LOITER: _ZNK7AP_Baro22get_ground_temperatureEv @ 0x8d1f10
LOITER: _ZNK7AP_Baro22get_corrected_pressureEh @ 0xab3810
LOITER: _ZN16FilterWithBufferIfLh7EE5applyEf @ 0xab3940
LOITER: _ZN24AP_Proximity_Boundary_3D4FaceC2Ev @ 0xab46a0
LOITER: _ZN15AP_Compass_SITL6_timerEv @ 0x8f14d0
LOITER: _ZN7FunctorIvJEE14method_wrapperI15AP_Compass_SITLXadL_ZNS2_6_timerEvEEEEvPv @ 0xabc5c0
LOITER: _Z10rand_vec3fv @ 0x8f1a00
LOITER: _ZN7VectorNIN15AP_Compass_SITL16readings_compassELh50EEixEh @ 0xabc670
LOITER: _ZN15AP_Compass_SITL26_setup_eliptical_correcionEh @ 0x8f1a80
LOITER: _ZNK18AP_Compass_Backend21get_board_orientationEv @ 0x8f1cb0
LOITER: _ZN15AP_Compass_SITL4readEv @ 0x8f1d00
LOITER: _ZN15AP_Baro_Backend17_copy_to_frontendEhff @ 0x8f60a0
LOITER: _ZN12AP_Baro_SITL6_timerEv @ 0x8f7330
LOITER: _ZN7FunctorIvJEE14method_wrapperI12AP_Baro_SITLXadL_ZNS2_6_timerEvEEEEvPv @ 0xabe240
LOITER: _ZN7VectorNIN12AP_Baro_SITL13readings_baroELh50EEixEh @ 0xabe2f0
LOITER: _ZN12AP_Baro_SITL22temperature_adjustmentERfS0_ @ 0x8f7720
LOITER: _ZN12AP_Baro_SITL24wind_pressure_correctionEh @ 0x8f7910
LOITER: _ZL2sqf.1777 @ 0x8f7b20
LOITER: _ZN7AP_Baro22_get_air_density_ratioEv @ 0x8f7b70
LOITER: _ZL2sqf.1757 @ 0x8f7c10
LOITER: _ZN12AP_Baro_SITL6updateEv @ 0x8f7d00
LOITER: _ZN12AP_Baro_SITL19update_healthy_flagEh @ 0xabe400
LOITER: _ZN12AP_Baro_SITL7healthyEh @ 0x8f7db0
LOITER: _ZNK22AP_BattMonitor_Backend17has_cell_voltagesEv @ 0xabf520
LOITER: _ZNK22AP_BattMonitor_Backend15has_temperatureEv @ 0xabf570
LOITER: _ZNK22AP_BattMonitor_Backend15get_temperatureERf @ 0x8f9d50
LOITER: _ZNK22AP_BattMonitor_Backend22capacity_remaining_pctERh @ 0x8f9e10
LOITER: _ZN22AP_BattMonitor_Backend26update_resistance_estimateEv @ 0x8f9f90
LOITER: _ZN22AP_BattMonitor_Backend16update_failsafesEv @ 0x8fa2e0
LOITER: _ZNK22AP_BattMonitor_Backend25get_mavlink_fault_bitmaskEv @ 0xabf620
LOITER: _ZL3MINIifEDTqultfp_fp0_fp_fp0_ERKT_RKT0_.16929 @ 0x8fa600
LOITER: _ZL3MINIffEDTqultfp_fp0_fp_fp0_ERKT_RKT0_.16930 @ 0x8fa6a0
LOITER: _ZN21AP_BattMonitor_Analog4readEv @ 0x8fc2a0
LOITER: _ZNK21AP_BattMonitor_Analog19has_consumed_energyEv @ 0xac0310
LOITER: _ZNK21AP_BattMonitor_Analog11has_currentEv @ 0x8fc4a0
LOITER: _ZN9AP_Notify19set_flight_mode_strEPKc @ 0x902ab0
LOITER: _ZN6RGBLed6updateEv @ 0x908700
LOITER: _ZN6RGBLed8_set_rgbEhhh @ 0x908b30
LOITER: _ZNK6RGBLed10rgb_sourceEv @ 0x908c40
LOITER: _ZNK6RGBLed19get_colour_sequenceEv @ 0x908ea0
LOITER: _ZNK6RGBLed14get_brightnessEv @ 0x909290
LOITER: _ZN6RGBLed7set_rgbEhhh @ 0x909390
LOITER: _ZN10IS31FL31956_timerEv @ 0x909450
LOITER: _ZN7FunctorIvJEE14method_wrapperI10IS31FL3195XadL_ZNS2_6_timerEvEEEEvPv @ 0xac39c0
LOITER: _ZN6LP55626_timerEv @ 0x9099e0
LOITER: _ZN7FunctorIvJEE14method_wrapperI6LP5562XadL_ZNS2_6_timerEvEEEEvPv @ 0xac3d30
LOITER: _ZN14ToshibaLED_I2C6_timerEv @ 0x90b810
LOITER: _ZN7FunctorIvJEE14method_wrapperI14ToshibaLED_I2CXadL_ZNS2_6_timerEvEEEEvPv @ 0xac4a40
LOITER: _ZN8AR_WPNav21get_stopping_locationER8Location @ 0x90c7b0
LOITER: _ZNK18AR_AttitudeControl21get_stopping_distanceEf @ 0x90c900
LOITER: _ZNK7Vector2IfE10normalizedEv @ 0xac4dd0
LOITER: _ZNK18AR_AttitudeControl13get_decel_maxEv @ 0x90c9c0
LOITER: _ZL2sqf.11094 @ 0x90ca70
LOITER: _ZN7FunctorIvJEE14method_wrapperI5RoverXadL_ZNS2_10read_radioEvEEEEvPv @ 0xac4f70
LOITER: _ZN7FunctorIvJEE14method_wrapperI5RoverXadL_ZNS2_11ahrs_updateEvEEEEvPv @ 0xac5020
LOITER: _ZN7FunctorIvJEE14method_wrapperI5RoverXadL_ZNS2_17read_rangefindersEvEEEEvPv @ 0xac50d0
LOITER: _ZN7FunctorIvJEE14method_wrapperI14AP_OpticalFlowXadL_ZNS2_6updateEvEEEEvPv @ 0xac5180
LOITER: _ZN7FunctorIvJEE14method_wrapperI5RoverXadL_ZNS2_19update_current_modeEvEEEEvPv @ 0xac5230
LOITER: _ZN7FunctorIvJEE14method_wrapperI5RoverXadL_ZNS2_10set_servosEvEEEEvPv @ 0xac52e0
LOITER: _ZN7FunctorIvJEE14method_wrapperI6AP_GPSXadL_ZNS2_6updateEvEEEEvPv @ 0xac5390
LOITER: _ZN7FunctorIvJEE14method_wrapperI7AP_BaroXadL_ZNS2_6updateEvEEEEvPv @ 0xac5440
LOITER: _ZN7FunctorIvJEE14method_wrapperI9AP_BeaconXadL_ZNS2_6updateEvEEEEvPv @ 0xac54f0
LOITER: _ZN7FunctorIvJEE14method_wrapperI12AP_ProximityXadL_ZNS2_6updateEvEEEEvPv @ 0xac55a0
LOITER: _ZN7FunctorIvJEE14method_wrapperI11AP_WindVaneXadL_ZNS2_6updateEvEEEEvPv @ 0xac5650
LOITER: _ZN7FunctorIvJEE14method_wrapperI5RoverXadL_ZNS2_20update_wheel_encoderEvEEEEvPv @ 0xac5700
LOITER: _ZN7FunctorIvJEE14method_wrapperI5RoverXadL_ZNS2_14update_compassEvEEEEvPv @ 0xac57b0
LOITER: _ZN7FunctorIvJEE14method_wrapperI5RoverXadL_ZNS2_15update_logging1EvEEEEvPv @ 0xac5860
LOITER: _ZN7FunctorIvJEE14method_wrapperI5RoverXadL_ZNS2_15update_logging2EvEEEEvPv @ 0xac5910
LOITER: _ZN7FunctorIvJEE14method_wrapperI3GCSXadL_ZNS2_14update_receiveEvEEEEvPv @ 0xac59c0
LOITER: _ZN7FunctorIvJEE14method_wrapperI3GCSXadL_ZNS2_11update_sendEvEEEEvPv @ 0xac5a70
LOITER: _ZN7FunctorIvJEE14method_wrapperI11RC_ChannelsXadL_ZNS2_16read_mode_switchEvEEEEvPv @ 0xac5b20
LOITER: _ZN7FunctorIvJEE14method_wrapperI11RC_ChannelsXadL_ZNS2_12read_aux_allEvEEEEvPv @ 0xac5bc0
LOITER: _ZN7FunctorIvJEE14method_wrapperI14AP_BattMonitorXadL_ZNS2_4readEvEEEEvPv @ 0xac5c70
LOITER: _ZN7FunctorIvJEE14method_wrapperI19AP_ServoRelayEventsXadL_ZNS2_13update_eventsEvEEEEvPv @ 0xac5d20
LOITER: _ZN7FunctorIvJEE14method_wrapperI5RoverXadL_ZNS2_15update_preclandEvEEEEvPv @ 0xac5dd0
LOITER: _ZN7FunctorIvJEE14method_wrapperI8AP_MountXadL_ZNS2_6updateEvEEEEvPv @ 0xac5e80
LOITER: _ZN7FunctorIvJEE14method_wrapperI9AP_CameraXadL_ZNS2_6updateEvEEEEvPv @ 0xac5f30
LOITER: _ZN7FunctorIvJEE14method_wrapperI5RoverXadL_ZNS2_18gcs_failsafe_checkEvEEEEvPv @ 0xac5fe0
LOITER: _ZN7FunctorIvJEE14method_wrapperI5RoverXadL_ZNS2_11fence_checkEvEEEEvPv @ 0xac6090
LOITER: _ZN7FunctorIvJEE14method_wrapperI5RoverXadL_ZNS2_9ekf_checkEvEEEEvPv @ 0xac6140
LOITER: _ZN7FunctorIvJEE14method_wrapperI12ModeSmartRTLXadL_ZNS2_13save_positionEvEEEEvPv @ 0xac61f0
LOITER: _ZN7FunctorIvJEE14method_wrapperI5RoverXadL_ZNS2_15one_second_loopEvEEEEvPv @ 0xac62a0
LOITER: _ZN7FunctorIvJEE14method_wrapperI10AC_SprayerXadL_ZNS2_6updateEvEEEEvPv @ 0xac6350
LOITER: _ZN7FunctorIvJEE14method_wrapperI9AP_LoggerXadL_ZNS2_14periodic_tasksEvEEEEvPv @ 0xac6400
LOITER: _ZN7FunctorIvJEE14method_wrapperI17AP_InertialSensorXadL_ZNS2_8periodicEvEEEEvPv @ 0xac64b0
LOITER: _ZN7FunctorIvJEE14method_wrapperI12AP_SchedulerXadL_ZNS2_14update_loggingEvEEEEvPv @ 0xac6560
LOITER: _ZN7FunctorIvJEE14method_wrapperI9AP_ButtonXadL_ZNS2_6updateEvEEEEvPv @ 0xac6610
LOITER: _ZN7FunctorIvJEE14method_wrapperI5RoverXadL_ZNS2_11crash_checkEvEEEEvPv @ 0xac66c0
LOITER: _ZN7FunctorIvJEE14method_wrapperI5RoverXadL_ZNS2_19cruise_learn_updateEvEEEEvPv @ 0xac6770
LOITER: _ZN5Rover19cruise_learn_updateEv @ 0x910a00
LOITER: _ZNK18AR_AttitudeControl17get_forward_speedERf @ 0x910b60
LOITER: _ZNK7AP_AHRS7cos_yawEv @ 0xac6890
LOITER: _ZNK7AP_AHRS7sin_yawEv @ 0xac68e0
LOITER: _ZN5Rover11crash_checkEv @ 0x910f70
LOITER: _ZN9AP_Button6updateEv @ 0x911350
LOITER: _ZN12AP_Scheduler14update_loggingEv @ 0x911fd0
LOITER: _ZN12AP_Scheduler11debug_flagsEv @ 0xac6ac0
LOITER: _ZN12AP_Scheduler21Log_Write_PerformanceEv @ 0x912240
LOITER: _ZN2AP8PerfInfo13has_task_infoEv @ 0xac6b20
LOITER: _ZNK2AP8PerfInfo20get_num_long_runningEv @ 0x912450
LOITER: _ZNK2AP8PerfInfo13get_num_loopsEv @ 0x9124a0
LOITER: _ZNK2AP8PerfInfo12get_max_timeEv @ 0x9124f0
LOITER: _ZN12AP_Scheduler12load_averageEv @ 0x912540
LOITER: _ZNK16AP_InternalError5countEv @ 0xac6b80
LOITER: _ZN17AP_InertialSensor8periodicEv @ 0x912780
LOITER: _ZN17AP_InertialSensor12BatchSampler8periodicEv @ 0x9127e0
LOITER: _ZN17AP_InertialSensor12BatchSampler16push_data_to_logEv @ 0x912860
LOITER: _ZNK17AP_InertialSensor12BatchSampler10Write_ISBHEf @ 0x912af0
LOITER: _ZNK17AP_InertialSensor12BatchSampler10Write_ISBDEv @ 0x912c50
LOITER: _ZN9AP_Logger14periodic_tasksEv @ 0x912e00
LOITER: _ZN10AC_Sprayer6updateEv @ 0x912ea0
LOITER: _ZN5Rover15one_second_loopEv @ 0x9132f0
LOITER: _ZN5Rover20handle_auto_arm_onceEv @ 0x913530
LOITER: _ZN10AP_Vehicle17set_likely_flyingEb @ 0xac6c90
LOITER: _ZN8AR_WPNav15set_turn_paramsEfb @ 0x9137d0
LOITER: _ZN13AR_PosControl15set_turn_paramsEfb @ 0x913880
LOITER: _ZN19AP_WheelRateControl21set_notch_sample_rateEf @ 0x913920
LOITER: _ZN8AP_Stats10set_flyingEb @ 0x9139b0
LOITER: _ZN6AC_PID21set_notch_sample_rateEf @ 0x913a80
LOITER: _ZN12AR_PivotTurn6enableEb @ 0x913e60
LOITER: _ZN12ModeSmartRTL13save_positionEv @ 0x913ed0
LOITER: _ZN11AP_SmartRTL6updateEbb @ 0x913f60
LOITER: _ZN11AP_SmartRTL6updateEbRK7Vector3IfE @ 0x914060
LOITER: _ZN5Rover9ekf_checkEv @ 0x914190
LOITER: _ZN5Rover18ekf_over_thresholdEv @ 0x914490
LOITER: _ZN5Rover11fence_checkEv @ 0x914800
LOITER: _ZN5Rover18gcs_failsafe_checkEv @ 0x914ab0
LOITER: _ZN5Rover16failsafe_triggerEhPKcb @ 0x914be0
LOITER: _ZN9AP_Camera6updateEv @ 0x915070
LOITER: _ZN8AP_Mount6updateEv @ 0x915130
LOITER: _ZN5Rover15update_preclandEv @ 0x9151e0
LOITER: _ZN11AC_PrecLand6updateEfb @ 0x915240
LOITER: _ZN14AP_BattMonitor4readEv @ 0x9178c0
LOITER: _ZN9AP_Logger11Write_PowerEv @ 0x917af0
LOITER: _ZNK22AP_BattMonitor_Backend13Log_Write_BATEhm @ 0x917b40
LOITER: _ZNK22AP_BattMonitor_Backend13Log_Write_BCLEhm @ 0x917de0
LOITER: _ZN14AP_BattMonitor15check_failsafesEv @ 0x917fe0
LOITER: _ZN14AP_BattMonitor16checkPoweringOffEv @ 0x9182f0
LOITER: _ZNK22AP_BattMonitor_Backend23get_state_of_health_pctERh @ 0x918450
LOITER: _ZN11RC_Channels12read_aux_allEv @ 0x9184e0
LOITER: _ZN10RC_Channel8read_auxEv @ 0x9185d0
LOITER: _ZN9AP_Logger10Write_RCINEv @ 0x9187d0
LOITER: _ZN11RC_Channels12get_radio_inEPth @ 0x9189c0
LOITER: _ZNK11RC_Channels17get_override_maskEv @ 0x918ab0
LOITER: _ZL3MINIhiEDTqultfp_fp0_fp_fp0_ERKT_RKT0_.6266 @ 0x918b70
LOITER: _ZN5Rover15update_logging2Ev @ 0x918f80
LOITER: _ZN5Rover10should_logEj @ 0x919090
LOITER: _ZN5Rover18Log_Write_SteeringEv @ 0x919100
LOITER: _ZN5Rover12Log_Write_RCEv @ 0x919250
LOITER: _ZNK15AP_WheelEncoder9Log_WriteEv @ 0x9192f0
LOITER: _ZNK17AP_InertialSensor15Write_VibrationEv @ 0x919400
LOITER: _ZN10AP_GyroFFT18write_log_messagesEv @ 0x919520
LOITER: _ZN8AP_Mount9write_logEv @ 0x919750
LOITER: _ZNK17AP_InertialSensor20get_accel_clip_countEh @ 0x919c50
LOITER: _ZNK15AP_WheelEncoder7enabledEh @ 0x919cf0
LOITER: _ZN9AP_Logger11Write_RCOUTEv @ 0x91a030
LOITER: _ZNK18AR_AttitudeControl13get_lat_accelERf @ 0x91a6e0
LOITER: _ZNK18AR_AttitudeControl21get_desired_turn_rateEv @ 0x91a790
LOITER: _ZL7degreesf.48 @ 0x91a830
LOITER: _ZN5Rover15update_logging1Ev @ 0x91a880
LOITER: _ZN5Rover18Log_Write_AttitudeEv @ 0x91aa60
LOITER: _ZN5Rover14Log_Write_SailEv @ 0x91ac50
LOITER: _ZN5Rover18Log_Write_ThrottleEv @ 0x91ae50
LOITER: _ZN9AP_Beacon3logEv @ 0x91af90
LOITER: _ZN5Rover20Log_Write_Nav_TuningEv @ 0x91b0d0
LOITER: _ZNK13AR_PosControl9is_activeEv @ 0x91b1c0
LOITER: _ZN13AR_PosControl9write_logEv @ 0x91b230
LOITER: _ZN13AR_PosControl11get_vel_pidEv @ 0xac7830
LOITER: _ZNK9AC_PID_2D14get_pid_info_xEv @ 0xac7880
LOITER: _ZN9AP_Logger9Write_PIDEhRK10AP_PIDInfo @ 0x91b4c0
LOITER: _ZNK9AC_PID_2D14get_pid_info_yEv @ 0xac78d0
LOITER: _ZN12AP_Proximity3logEv @ 0x91b650
LOITER: _ZNK12AP_Proximity12distance_maxEv @ 0x91b980
LOITER: _ZNK12AP_Proximity19get_upward_distanceERf @ 0x91bc40
LOITER: _ZNK13AR_PosControl14get_pos_targetEv @ 0xac7970
LOITER: _ZN13AC_PosControl10Write_PSCNEfffffffff @ 0x91c050
LOITER: _ZN13AC_PosControl10Write_PSCEEfffffffff @ 0x91c150
LOITER: _ZN13AC_PosControl10Write_PSCxE11LogMessagesfffffffff @ 0x91c250
LOITER: _ZNK18AR_AttitudeControl17get_desired_speedEv @ 0x91c430
LOITER: _ZNK18AR_AttitudeControl20speed_control_activeEv @ 0x91c4b0
LOITER: _ZNK18AR_AttitudeControl17get_desired_pitchEv @ 0x91c6c0
LOITER: _ZNK7AP_AHRS14Write_AttitudeERK7Vector3IfE @ 0x91c760
LOITER: _ZN7AP_AHRS9Log_WriteEv @ 0x91c870
LOITER: _ZNK18AR_AttitudeControl27get_throttle_speed_pid_infoEv @ 0xac7b00
LOITER: _ZN7NavEKF29Log_WriteEv @ 0x91c900
LOITER: _ZN7NavEKF39Log_WriteEv @ 0x91ca10
LOITER: _ZNK7AP_AHRS11Write_AHRS2Ev @ 0x91cb20
LOITER: _ZNK7AP_AHRS9Write_POSEv @ 0x91cd00
LOITER: _ZN4SITL3SIM18Log_Write_SIMSTATEEv @ 0x91ce60
LOITER: _ZNK7AP_AHRS36get_relative_position_D_origin_floatERf @ 0x91cff0
LOITER: _ZNK7AP_AHRS22get_secondary_attitudeER7Vector3IfE @ 0xac7bf0
LOITER: _ZNK7AP_AHRS22get_secondary_positionER8Location @ 0xac7c70
LOITER: _ZNK7AP_AHRS24get_secondary_quaternionER11QuaternionTIfE @ 0xac7cf0
LOITER: _ZL7degreesf.1448 @ 0x91d080
LOITER: _ZN12NavEKF3_core9Log_WriteEm @ 0x91d0d0
LOITER: _ZNK7AP_EnumIN7NavEKF38LogLevelEEcvKS1_Ev @ 0xac7d70
LOITER: _ZNK12NavEKF3_core14Log_Write_XKF4Em @ 0x91d220
LOITER: _ZN12NavEKF3_core13Log_Write_GSFEm @ 0x91d570
LOITER: _ZNK12NavEKF3_core14Log_Write_XKF1Em @ 0x91d620
LOITER: _ZNK12NavEKF3_core14Log_Write_XKF2Em @ 0x91d8f0
LOITER: _ZNK12NavEKF3_core14Log_Write_XKF3Em @ 0x91db90
LOITER: _ZNK12NavEKF3_core14Log_Write_XKF5Em @ 0x91ddf0
LOITER: _ZNK12NavEKF3_core14Log_Write_XKFSEm @ 0x91e050
LOITER: _ZNK12NavEKF3_core20Log_Write_QuaternionEm @ 0x91e160
LOITER: _ZN12NavEKF3_core16Log_Write_BeaconEm @ 0x91e240
LOITER: _ZN12NavEKF3_core18Log_Write_BodyOdomEm @ 0x91e530
LOITER: _ZN12NavEKF3_core25Log_Write_State_VariancesEm @ 0x91e6a0
LOITER: _ZN12NavEKF3_core16Log_Write_TimingEm @ 0x91e9c0
LOITER: _ZNK6AP_DAL12logging_coreEh @ 0x91eb20
LOITER: _ZL3MAXIjjEDTqugtfp_fp0_fp_fp0_ERKT_RKT0_ @ 0x91eb70
LOITER: _ZNK16AP_NavEKF_Source21getPosVelYawSourceSetEv @ 0xac7dc0
LOITER: _ZL3MAXIddEDTqugtfp_fp0_fp_fp0_ERKT_RKT0_.4083 @ 0x91ebf0
LOITER: _ZL3MINIdiEDTqultfp_fp0_fp_fp0_ERKT_RKT0_.4084 @ 0x91ec70
LOITER: _ZNK12NavEKF3_core14getInnovationsER7Vector3IfES2_S2_RfS3_ @ 0x91ed10
LOITER: _ZL7degreesf.4081 @ 0x91ef10
LOITER: _ZNK12NavEKF3_core26getSynthAirDataInnovationsER7Vector2IfERf @ 0x91ef60
LOITER: _ZNK12NavEKF3_core20getPosDownDerivativeEv @ 0x91f030
LOITER: _ZN10EKFGSF_yaw9Log_WriteEm11LogMessagesS0_h @ 0x91f090
LOITER: _ZL7degreesf.17657 @ 0x91f410
LOITER: _ZL3MAXIffEDTqugtfp_fp0_fp_fp0_ERKT_RKT0_.17658 @ 0x91f460
LOITER: _ZL3MAXIdfEDTqugtfp_fp0_fp_fp0_ERKT_RKT0_.4082 @ 0x91f4e0
LOITER: _ZN5Rover14update_compassEv @ 0x921070
LOITER: _ZN5Rover20update_wheel_encoderEv @ 0x9210d0
LOITER: _ZN11AP_WindVane6updateEv @ 0x921a10
LOITER: _ZN12AP_Proximity6updateEv @ 0x922630
LOITER: _ZNK12AP_Proximity15get_filter_freqEv @ 0xac7e80
LOITER: _ZN24AP_Proximity_Boundary_3D15set_filter_freqEf @ 0xac7ee0
LOITER: _ZN24AP_Proximity_Boundary_3D18check_face_timeoutEv @ 0x922700
LOITER: _ZN9AP_Beacon6updateEv @ 0x922860
LOITER: _ZN6AP_GPS6updateEv @ 0x922f70
LOITER: _ZN6AP_GPS15update_instanceEh @ 0x9230f0
LOITER: _ZN6AP_GPS14update_primaryEv @ 0x923890
LOITER: _ZN14AP_GPS_Blended19zero_health_counterEv @ 0xac7f50
LOITER: _ZN6AP_GPS9Write_GPSEh @ 0x925060
LOITER: _ZL3MINIfiEDTqultfp_fp0_fp_fp0_ERKT_RKT0_.2521 @ 0x9254a0
LOITER: _ZNK6AP_GPS26last_message_delta_time_msEh @ 0xac8000
LOITER: _ZNK6AP_GPS10should_logEv @ 0x925540
LOITER: _ZN6AP_GPS16send_blob_updateEh @ 0x9266c0
LOITER: _ZN14AP_GPS_Backend14check_new_itowEjj @ 0x92b410
LOITER: _ZN12AP_GPS_UBLOX20_request_next_configEv @ 0x92f600
LOITER: _ZN12AP_GPS_UBLOX21_request_message_rateEhh @ 0x9300a0
LOITER: _ZN12AP_GPS_UBLOX13_request_portEv @ 0x930160
LOITER: _ZN12AP_GPS_UBLOX13_send_messageEhhPKvt @ 0x9301f0
LOITER: _ZN12AP_GPS_UBLOX16_update_checksumEPhtRhS1_ @ 0x9310b0
LOITER: _ZN12AP_GPS_UBLOX4readEv @ 0x9311e0
LOITER: _ZNK12AP_GPS_UBLOX13is_configuredEv @ 0xac8e80
LOITER: _ZNK12AP_GPS_UBLOX7get_lagERf @ 0x9318c0
LOITER: _ZNK12AP_GPS_UBLOX10is_healthyEv @ 0x931a50
LOITER: _ZL3MINIjjEDTqultfp_fp0_fp_fp0_ERKT_RKT0_.2814 @ 0x931ea0
LOITER: _ZN12AP_GPS_UBLOXUt_ixEm @ 0xac8f90
LOITER: _ZN12AP_GPS_UBLOX10_parse_gpsEv @ 0x931f20
LOITER: _ZN12AP_GPS_UBLOX15_check_new_itowEj @ 0x9353e0
LOITER: _ZN12AP_GPS_UBLOX23_configure_message_rateEhhh @ 0x935460
LOITER: _ZN5Rover10set_servosEv @ 0x93ca60
LOITER: _ZN12AP_MotorsUGV6outputEbff @ 0x93cd40
LOITER: _ZN12AP_MotorsUGV23sanity_check_parametersEv @ 0x93ceb0
LOITER: _ZN12AP_MotorsUGV19slew_limit_throttleEf @ 0x93cfd0
LOITER: _ZN12AP_MotorsUGV14output_regularEbfff @ 0x93d0b0
LOITER: _ZN12AP_MotorsUGV20output_skid_steeringEbfff @ 0x93d510
LOITER: _ZN12AP_MotorsUGV11output_omniEbfff @ 0x93dc50
LOITER: _ZN12AP_MotorsUGV11output_sailEv @ 0x93dfe0
LOITER: _ZN12SRV_Channels8calc_pwmEv @ 0x93e080
LOITER: _ZN12SRV_Channels13output_ch_allEv @ 0x93e2a0
LOITER: _ZN12AP_MotorsUGV21set_limits_from_inputEbff @ 0x93e350
LOITER: _ZN12AP_MotorsUGV15output_throttleEN11SRV_Channel8FunctionEff @ 0x93e540
LOITER: _ZNK12AP_MotorsUGV19get_scaled_throttleEf @ 0x93e930
LOITER: _ZN12AP_MotorsUGV28get_rate_controlled_throttleEN11SRV_Channel8FunctionEff @ 0x93eca0
LOITER: _ZN6AC_PID12reset_filterEv @ 0xaca7c0
LOITER: _ZN6AC_PID7reset_IEv @ 0x93f1f0
LOITER: _ZN6AC_PID10update_allEfffbf @ 0x93f3b0
LOITER: _ZNK6AC_PID6get_ffEv @ 0x93f9c0
LOITER: _ZNK6AC_PID16get_filt_T_alphaEf @ 0x93fa20
LOITER: _ZNK6AC_PID16get_filt_E_alphaEf @ 0x93faa0
LOITER: _ZNK6AC_PID16get_filt_D_alphaEf @ 0x93fb20
LOITER: _ZN6AC_PID8update_iEfb @ 0x93fba0
LOITER: _ZN11SlewLimiter8modifierEff @ 0x93fda0
LOITER: _ZNK11SlewLimiter13get_slew_rateEv @ 0xacaa30
LOITER: _ZNK12AP_MotorsUGV20have_vectored_thrustEv @ 0xacaa80
LOITER: _ZNK12AP_MotorsUGV25get_slew_limited_throttleEff @ 0x940590
LOITER: _ZN5Rover19update_current_modeEv @ 0x940d30
LOITER: _ZN14AP_OpticalFlow6updateEv @ 0x940e40
LOITER: _ZN5Rover17read_rangefindersEv @ 0x9423f0
LOITER: _ZN11RangeFinder6updateEv @ 0x942460
LOITER: _ZN5Rover15Log_Write_DepthEv @ 0x942580
LOITER: _ZNK11RangeFinder8Log_RFNDEv @ 0x9427e0
LOITER: _ZN5Rover11ahrs_updateEv @ 0x942920
LOITER: _ZN5Rover22update_ahrs_flyforwardEv @ 0x942b30
LOITER: _ZN9AP_Follow16update_estimatesEv @ 0x942d20
LOITER: _ZNK17AP_InertialSensor9Write_IMUEv @ 0x943b50
LOITER: _ZL3MAXIhhEDTqugtfp_fp0_fp_fp0_ERKT_RKT0_ @ 0x943d60
LOITER: _ZNK17AP_InertialSensor18Write_IMU_instanceEmh @ 0x943de0
LOITER: _ZNK17AP_InertialSensor16get_gyro_rate_hzEh @ 0xacab30
LOITER: _ZNK17AP_InertialSensor17get_accel_rate_hzEh @ 0xacabb0
LOITER: _ZN9AP_Follow32clear_dist_and_bearing_to_targetEv @ 0x943f70
LOITER: _ZL3MINIffEDTqultfp_fp0_fp_fp0_ERKT_RKT0_.1431 @ 0x945810
LOITER: _ZN5Rover10read_radioEv @ 0x9458a0
LOITER: _ZN11RC_Channels10read_inputEv @ 0x945950
LOITER: _ZN5Rover20radio_failsafe_checkEt @ 0x945a80
LOITER: _ZN10RC_Channel6updateEv @ 0x945b80
LOITER: _ZN11RC_Channels23rudder_arm_disarm_checkEv @ 0x945cf0
LOITER: _ZNK11RC_Channels19has_had_rc_receiverEv @ 0xacad90
LOITER: _ZNK10RC_Channel12pwm_to_angleEv @ 0x945f60
LOITER: _ZNK10RC_Channel15pwm_to_angle_dzEt @ 0x945fd0
LOITER: _ZNK10RC_Channel20pwm_to_angle_dz_trimEtt @ 0x946060
LOITER: _ZN5Rover8set_modeEN4Mode6NumberE10ModeReason @ 0x946450
LOITER: _ZNK4Mode16has_manual_inputEv @ 0xacbf30
LOITER: _ZNK4Mode19attitude_stabilizedEv @ 0xacbf80
LOITER: _ZNK4Mode17requires_positionEv @ 0xacbfd0
LOITER: _ZNK4Mode17requires_velocityEv @ 0xacc020
LOITER: _ZNK4Mode21get_desired_lat_accelEv @ 0x9470e0
LOITER: _ZN4Mode18init_reversed_flagEv @ 0xacc1d0
LOITER: _ZN4Mode5_exitEv @ 0xacc240
LOITER: _ZN4Mode13calc_throttleEfb @ 0x9476f0
LOITER: _ZNK18AR_AttitudeControl31get_desired_speed_accel_limitedEff @ 0x947b40
LOITER: _ZN8AC_Avoid12adjust_speedEfffRff @ 0x947d10
LOITER: _ZNK8AC_Avoid13limits_activeEv @ 0xacc290
LOITER: _ZN18AR_AttitudeControl21get_throttle_out_stopEbbfffRb @ 0x948190
LOITER: _ZNK18AR_AttitudeControl13pitch_limitedEv @ 0xacc300
LOITER: _ZN18AR_AttitudeControl22get_throttle_out_speedEfbbfff @ 0x9483c0
LOITER: _ZN12AP_MotorsUGV12set_throttleEf @ 0x9488d0
LOITER: _ZL3MAXIffEDTqugtfp_fp0_fp_fp0_ERKT_RKT0_.11066 @ 0x949020
LOITER: _ZN8AC_Avoid15adjust_velocityER7Vector3IfERbfffff @ 0x949d20
LOITER: _ZL3MINIffEDTqultfp_fp0_fp_fp0_ERKT_RKT0_.8253 @ 0x94a480
LOITER: _ZNK8AC_Avoid27proximity_avoidance_enabledEv @ 0xacc360
LOITER: _ZN8AC_Avoid25adjust_velocity_proximityEffR7Vector3IfES2_fff @ 0x94a510
LOITER: _ZN8AC_Avoid29find_max_quadrant_velocity_3DER7Vector3IfER7Vector2IfES5_S5_S5_RfS6_ @ 0x94ae20
LOITER: _ZN8AC_Avoid21adjust_velocity_fenceEffR7Vector3IfES2_fff @ 0x94afa0
LOITER: _ZL3MAXIffEDTqugtfp_fp0_fp_fp0_ERKT_RKT0_.8254 @ 0x94b380
LOITER: _ZN8AC_Avoid11limit_accelERK7Vector3IfERS1_f @ 0x94b400
LOITER: _ZN8AC_Avoid28adjust_velocity_circle_fenceEffR7Vector2IfES2_f @ 0x94b7f0
LOITER: _ZN8AC_Avoid26find_max_quadrant_velocityER7Vector2IfES2_S2_S2_S2_ @ 0x94be80
LOITER: _ZN8AC_Avoid48adjust_velocity_inclusion_and_exclusion_polygonsEffR7Vector2IfES2_f @ 0x94c140
LOITER: _ZN8AC_Avoid33adjust_velocity_inclusion_circlesEffR7Vector2IfES2_f @ 0x94c4f0
LOITER: _ZN8AC_Avoid33adjust_velocity_exclusion_circlesEffR7Vector2IfES2_f @ 0x94cd70
LOITER: _ZN8AC_Avoid17adjust_velocity_zEffRfS0_f @ 0x94d680
LOITER: _ZNK8AC_Avoid21get_stopping_distanceEfff @ 0x94df50
LOITER: _ZL2sqf.8255 @ 0x94e410
LOITER: _ZNK12AP_Proximity18get_obstacle_countEv @ 0x94e460
LOITER: _ZNK7AP_AHRS15earth_to_body2DERK7Vector2IfE @ 0x94e4b0
LOITER: _ZNK12AP_Proximity12get_obstacleEhR7Vector3IfE @ 0x94e560
LOITER: _ZNK24AP_Proximity_Boundary_3D28convert_obstacle_num_to_faceEhRNS_4FaceE @ 0x94f0d0
LOITER: _ZNK24AP_Proximity_Boundary_3D12get_obstacleEhR7Vector3IfE @ 0x94f1e0
LOITER: _ZNK24AP_Proximity_Boundary_3D18get_obstacle_countEv @ 0x94f370
LOITER: _ZNK18AR_AttitudeControl22get_turn_lat_accel_maxEv @ 0xacce30
LOITER: _ZL3MAXI9AP_ParamTIfL11ap_var_type4EEfEDTqugtfp_fp0_fp_fp0_ERKT_RKT0_ @ 0x9500f0
LOITER: _ZN4Mode12set_reversedEb @ 0x950290
LOITER: _ZN8AR_WPNav12set_reversedEb @ 0xaccfd0
LOITER: _ZNK8AR_WPNav13get_lat_accelEv @ 0xacd080
LOITER: _ZN10ModeLoiter6updateEv @ 0x950300
LOITER: _ZN12AP_MotorsUGV12set_steeringEfb @ 0x950b70
LOITER: _ZN18AR_AttitudeControl21get_steering_out_rateEfbbf @ 0x951930
LOITER: _ZN4Mode12set_steeringEf @ 0x951db0
LOITER: _ZNK4Mode19allows_stick_mixingEv @ 0xacd2b0
LOITER: _ZL7radiansf.11065 @ 0x952030
LOITER: _ZNK18AR_AttitudeControl28get_turn_rate_from_lat_accelEff @ 0x952080
LOITER: _ZL3MINIffEDTqultfp_fp0_fp_fp0_ERKT_RKT0_.1251 @ 0x953060
LOITER: _Z11wrap_180_cdIfET_S0_ @ 0xacd5d0
LOITER: _ZNK8Sailboat18use_indirect_routeEf @ 0x9530f0
LOITER: _ZN4Mode24calc_steering_to_headingEff @ 0x953850
LOITER: _ZL7radiansf.1077 @ 0x953970
LOITER: _ZN18AR_AttitudeControl24get_steering_out_headingEffbbf @ 0x9539c0
LOITER: _ZNK18AR_AttitudeControl26get_turn_rate_from_headingEff @ 0x953a90
LOITER: _ZNK4AC_P5get_pEf @ 0x953ce0
LOITER: _ZNK10ModeLoiter11mode_numberEv @ 0xace840
LOITER: _ZNK10ModeLoiter5name4Ev @ 0xace890
LOITER: _ZNK10ModeLoiter17is_autopilot_modeEv @ 0xace8e0
LOITER: _ZNK10ModeLoiter10wp_bearingEv @ 0xace930
LOITER: _ZNK10ModeLoiter11nav_bearingEv @ 0xace990
LOITER: _ZNK10ModeLoiter16crosstrack_errorEv @ 0xace9f0
LOITER: _ZNK10ModeLoiter27get_distance_to_destinationEv @ 0xacea40
LOITER: _ZNK10ModeLoiter20get_desired_locationER8Location @ 0x95cbd0
LOITER: _ZN10ModeLoiter6_enterEv @ 0x95cc50
LOITER: _ZNK14AP_BattMonitor22capacity_remaining_pctERhh @ 0x964ed0
LOITER: _ZNK9GCS_Rover11custom_modeEv @ 0x9655c0
LOITER: _ZNK9GCS_Rover10frame_typeEv @ 0x965620
LOITER: _ZN9GCS_Rover4chanEh @ 0xad0520
LOITER: _ZNK9GCS_Rover19vehicle_initialisedEv @ 0x9656a0
LOITER: _ZN9GCS_Rover34update_vehicle_sensor_status_flagsEv @ 0x965850
LOITER: _ZN11GCS_MAVLINK14packetReceivedERK16__mavlink_statusRK17__mavlink_message @ 0x965c50
LOITER: _ZNK11GCS_MAVLINK13mission_stateERK10AP_Mission @ 0x965e50
LOITER: _ZNK17GCS_MAVLINK_Rover16send_rangefinderEv @ 0x965f30
LOITER: _ZNK17GCS_MAVLINK_Rover26send_nav_controller_outputEv @ 0x966070
LOITER: _ZN17GCS_MAVLINK_Rover15send_pid_tuningEv @ 0x9661e0
LOITER: _ZN11GCS_MAVLINK21send_scaled_pressure3Ev @ 0x966b20
LOITER: _ZNK11GCS_MAVLINK13send_attitudeEv @ 0x966b80
LOITER: _ZN17GCS_MAVLINK_Rover31send_position_target_global_intEv @ 0x966d50
LOITER: _ZNK11GCS_MAVLINK17send_winch_statusEv @ 0xad08b0
LOITER: _ZNK17GCS_MAVLINK_Rover9base_modeEv @ 0x9670d0
LOITER: _ZNK17GCS_MAVLINK_Rover21vehicle_system_statusEv @ 0x967220
LOITER: _ZNK11GCS_MAVLINK19persist_streamratesEv @ 0xad09a0
LOITER: _ZN17GCS_MAVLINK_Rover25handle_command_int_packetERK23__mavlink_command_int_tRK17__mavlink_message @ 0x9673b0
LOITER: _ZN17GCS_MAVLINK_Rover14handle_messageERK17__mavlink_message @ 0x967a60
LOITER: _ZN17GCS_MAVLINK_Rover16try_send_messageE10ap_message @ 0x968c90
LOITER: _ZN11GCS_MAVLINK24send_global_position_intEv @ 0x968ee0
LOITER: _ZNK11GCS_MAVLINK23global_position_int_altEv @ 0x969060
LOITER: _ZNK11GCS_MAVLINK32global_position_int_relative_altEv @ 0x9690c0
LOITER: _ZNK11GCS_MAVLINK17vfr_hud_climbrateEv @ 0x969130
LOITER: _ZNK11GCS_MAVLINK16vfr_hud_airspeedEv @ 0x9691f0
LOITER: _ZNK17GCS_MAVLINK_Rover16vfr_hud_throttleEv @ 0x969290
LOITER: _ZNK11GCS_MAVLINK11vfr_hud_altEv @ 0x9692f0
LOITER: _ZN11GCS_MAVLINK35convert_COMMAND_LONG_to_COMMAND_INTERK24__mavlink_command_long_tR23__mavlink_command_int_t9MAV_FRAME @ 0x969710
LOITER: _ZN11GCS_MAVLINK28command_long_stores_locationE7MAV_CMD @ 0x969ca0
LOITER: _ZL30convert_COMMAND_LONG_loc_paramfb @ 0x969d80
LOITER: _ZL7degreesf.11 @ 0x969e30
LOITER: _ZL3MINIfiEDTqultfp_fp0_fp_fp0_ERKT_RKT0_ @ 0x969e80
LOITER: _ZNK4Mode11speed_errorEv @ 0xad0b40
LOITER: _ZL36mavlink_msg_global_position_int_send17mavlink_channel_tjiiiissst @ 0x96a420
LOITER: _ZN17GCS_MAVLINK_Rover14send_servo_outEv @ 0x96a540
LOITER: _ZN5Rover27send_wheel_encoder_distanceE17mavlink_channel_t @ 0x96a6f0
LOITER: _ZNK11AP_WindVane9send_windE17mavlink_channel_t @ 0x96a880
LOITER: _ZNK11GCS_MAVLINK23get_ap_message_intervalE10ap_messageRt @ 0x96a990
LOITER: _ZN13AP_OADatabase17send_adsb_vehicleE17mavlink_channel_tt @ 0x96aac0
LOITER: _ZN17GCS_MAVLINK_Rover16send_water_depthEv @ 0x96b060
LOITER: _ZN11GCS_MAVLINK16try_send_messageE10ap_message @ 0x96b350
LOITER: _ZN11GCS_MAVLINK17queued_param_sendEv @ 0x96c000
LOITER: _ZNK11GCS_MAVLINK14send_heartbeatEv @ 0x96c2b0
LOITER: _ZNK11GCS_MAVLINK8send_rpmEv @ 0x96c670
LOITER: _ZN11GCS_MAVLINK24try_send_mission_messageE10ap_message @ 0x96c750
LOITER: _ZN7Compass21send_mag_cal_progressERK11GCS_MAVLINK @ 0x96c950
LOITER: _ZN7Compass19send_mag_cal_reportERK11GCS_MAVLINK @ 0x96cba0
LOITER: _ZN11GCS_MAVLINK19send_battery_statusEv @ 0x96ced0
LOITER: _ZNK7AP_AHRS22send_ekf_status_reportER11GCS_MAVLINK @ 0x96d020
LOITER: _ZN11GCS_MAVLINK12send_meminfoEv @ 0x96d120
LOITER: _ZNK11GCS_MAVLINK17send_fence_statusEv @ 0x96d1e0
LOITER: _ZN11GCS_MAVLINK20send_distance_sensorEv @ 0x96d350
LOITER: _ZNK11GCS_MAVLINK16send_system_timeEv @ 0x96d890
LOITER: _ZN6AP_GPS20send_mavlink_gps_rawE17mavlink_channel_t @ 0x96d920
LOITER: _ZN6AP_GPS20send_mavlink_gps_rtkE17mavlink_channel_th @ 0x96dc70
LOITER: _ZN6AP_GPS21send_mavlink_gps2_rawE17mavlink_channel_t @ 0x96dd50
LOITER: _ZNK11GCS_MAVLINK19send_local_positionEv @ 0x96e0f0
LOITER: _ZNK11GCS_MAVLINK34send_gimbal_device_attitude_statusEv @ 0x96e1c0
LOITER: _ZN11GCS_MAVLINK16send_opticalflowEv @ 0x96e580
LOITER: _ZN11GCS_MAVLINK17send_power_statusEv @ 0x96e6f0
LOITER: _ZNK11GCS_MAVLINK16send_rc_channelsEv @ 0x96e800
LOITER: _ZNK11GCS_MAVLINK20send_rc_channels_rawEv @ 0x96eac0
LOITER: _ZN11GCS_MAVLINK12send_raw_imuEv @ 0x96ec40
LOITER: _ZN11GCS_MAVLINK15send_scaled_imuEhPFv17mavlink_channel_tjssssssssssE @ 0x96f050
LOITER: _ZL28mavlink_msg_scaled_imu2_send17mavlink_channel_tjssssssssss @ 0x96f310
LOITER: _ZL28mavlink_msg_scaled_imu3_send17mavlink_channel_tjssssssssss @ 0x96f480
LOITER: _ZN11GCS_MAVLINK20send_scaled_pressureEv @ 0x96f830
LOITER: _ZN11GCS_MAVLINK21send_scaled_pressure2Ev @ 0x96f890
LOITER: _ZN11GCS_MAVLINK13send_airspeedEv @ 0x96f8f0
LOITER: _ZN11GCS_MAVLINK21send_servo_output_rawEv @ 0x96fab0
LOITER: _ZNK11GCS_MAVLINK13send_simstateEv @ 0x96fed0
LOITER: _ZN11GCS_MAVLINK15send_sys_statusEv @ 0x96fff0
LOITER: _ZN11GCS_MAVLINK10send_ahrs2Ev @ 0x9702e0
LOITER: _ZN11GCS_MAVLINK9send_ahrsEv @ 0x9703c0
LOITER: _ZN11GCS_MAVLINK12send_vfr_hudEv @ 0x970540
LOITER: _ZNK11GCS_MAVLINK14send_vibrationEv @ 0x970680
LOITER: _ZNK11GCS_MAVLINK21send_generator_statusEv @ 0x970770
LOITER: _ZN12AP_ESC_Telem26send_esc_telemetry_mavlinkEh @ 0x970af0
LOITER: _ZN6AP_EFI19send_mavlink_statusE17mavlink_channel_t @ 0x970f80
LOITER: _ZN6AP_AIS13get_singletonEv @ 0x971750
LOITER: _ZN6AP_AIS4sendE17mavlink_channel_t @ 0x971790
LOITER: _ZN11GCS_MAVLINK20send_available_modesEv @ 0x971b00
LOITER: _ZNK11GCS_MAVLINK21battery_remaining_pctEh @ 0x972390
LOITER: _ZL3MINIhiEDTqultfp_fp0_fp_fp0_ERKT_RKT0_.6112 @ 0x972840
LOITER: _ZN12AP_Generator21send_generator_statusERK11GCS_MAVLINK @ 0x973160
LOITER: _ZL26mavlink_msg_vibration_send17mavlink_channel_tmfffjjj @ 0x9731e0
LOITER: _ZL24mavlink_msg_vfr_hud_send17mavlink_channel_tffstff @ 0x9732f0
LOITER: _ZNK7AP_AHRS12get_error_rpEv @ 0x973480
LOITER: _ZNK7AP_AHRS13get_error_yawEv @ 0x9734e0
LOITER: _ZL21mavlink_msg_ahrs_send17mavlink_channel_tfffffff @ 0x973540
LOITER: _ZL22mavlink_msg_ahrs2_send17mavlink_channel_tffffii @ 0x973660
LOITER: _ZNK9AP_Logger11num_droppedEv @ 0x973760
LOITER: _ZNK14AP_BattMonitor11gcs_voltageEv @ 0xad0c70
LOITER: _ZL27mavlink_msg_sys_status_send17mavlink_channel_tjjjttsatttttt @ 0x9737e0
LOITER: _ZNK14AP_BattMonitor11gcs_voltageEh @ 0x973980
LOITER: _ZNK17AP_Logger_Backend11num_droppedEv @ 0xad0cc0
LOITER: _ZL7radiansf.14807 @ 0x973da0
LOITER: _ZNK4SITL3SIM13simstate_sendE17mavlink_channel_t @ 0x974120
LOITER: _ZL25mavlink_msg_simstate_send17mavlink_channel_tfffffffffii @ 0x9742f0
LOITER: _ZL33mavlink_msg_servo_output_raw_send17mavlink_channel_tjhtttttttttttttttt @ 0x974490
LOITER: _ZL33mavlink_msg_scaled_pressure2_send17mavlink_channel_tjffss @ 0x974790
LOITER: _ZN11GCS_MAVLINK29send_scaled_pressure_instanceEhPFv17mavlink_channel_tjffssE @ 0x974870
LOITER: _ZL32mavlink_msg_scaled_pressure_send17mavlink_channel_tjffss @ 0x974a60
LOITER: _ZL24mavlink_msg_raw_imu_send17mavlink_channel_tmssssssssshs @ 0x974bc0
LOITER: _ZNK11GCS_MAVLINK16sending_mavlink1Ev @ 0x974d40
LOITER: _ZNK11GCS_MAVLINK13receiver_rssiEv @ 0x974da0
LOITER: _ZL28mavlink_msg_rc_channels_send17mavlink_channel_tjhtttttttttttttttttth @ 0x974fb0
LOITER: _ZL29mavlink_msg_power_status_send17mavlink_channel_tttt @ 0x975220
LOITER: _ZN8AP_Mount34send_gimbal_device_attitude_statusE17mavlink_channel_t @ 0x975ca0
LOITER: _ZL35mavlink_msg_local_position_ned_send17mavlink_channel_tjffffff @ 0x976300
LOITER: _ZNK6AP_GPS12gps_yaw_cdegEh @ 0x976410
LOITER: _ZNK6AP_GPS23have_gps_yaw_configuredEh @ 0xad0f20
LOITER: _ZL28mavlink_msg_gps_raw_int_send17mavlink_channel_tmhiiitttthijjjjt @ 0x976710
LOITER: _ZL28mavlink_msg_system_time_send17mavlink_channel_tmj @ 0x976900
LOITER: _ZN11GCS_MAVLINK14send_proximityEv @ 0x977ea0
LOITER: _ZNK12AP_Proximity12distance_minEv @ 0x978280
LOITER: _ZL3MINIjjEDTqultfp_fp0_fp_fp0_ERKT_RKT0_.6116 @ 0x978740
LOITER: _ZL24mavlink_msg_meminfo_send17mavlink_channel_tttj @ 0x9787c0
LOITER: _ZNK7NavEKF318send_status_reportER11GCS_MAVLINK @ 0x978a60
LOITER: _ZNK12NavEKF3_core18send_status_reportER11GCS_MAVLINK @ 0x978af0
LOITER: _ZL41mavlink_msg_ekf_status_report_send_struct17mavlink_channel_tPK29__mavlink_ekf_status_report_t @ 0x978ef0
LOITER: _ZNK14AP_BattMonitor13option_is_setEhN21AP_BattMonitor_Params7OptionsE @ 0x979a10
LOITER: _ZNK11GCS_MAVLINK19send_battery_statusEh @ 0x979ae0
LOITER: _ZL3MINIftEDTqultfp_fp0_fp_fp0_ERKT_RKT0_ @ 0x97a370
LOITER: _ZNK14AP_BattMonitor14time_remainingERjh @ 0x97a410
LOITER: _ZNK14AP_BattMonitor24get_mavlink_charge_stateEh @ 0x97a500
LOITER: _ZNK14AP_BattMonitor25get_mavlink_fault_bitmaskEh @ 0x97a630
LOITER: _ZL31mavlink_msg_battery_status_send17mavlink_channel_thhhsPKtsiiaihS1_hj @ 0x97a6e0
LOITER: _ZN14typesafe_indexIh12TAG_PriorityErmERKh @ 0xad1170
LOITER: _ZN11GCS_MAVLINK20send_mission_currentERK10AP_Missiont @ 0x97ae60
LOITER: _ZL32mavlink_msg_mission_current_send17mavlink_channel_ttthh @ 0x97b330
LOITER: _ZNK11GCS_MAVLINK13system_statusEv @ 0x97b800
LOITER: _ZL26mavlink_msg_heartbeat_send17mavlink_channel_thhhjh @ 0x97b890
LOITER: _ZN11GCS_MAVLINK28send_parameter_async_repliesEv @ 0x97b970
LOITER: _ZN12ObjectBufferIN11GCS_MAVLINK19pending_param_replyEE4peekERS1_ @ 0xad1260
LOITER: _ZL35mavlink_msg_rc_channels_scaled_send17mavlink_channel_tjhssssssssh @ 0x97c5e0
LOITER: _ZN11GCS_MAVLINK14handle_messageERK17__mavlink_message @ 0x980fb0
LOITER: _ZN11GCS_MAVLINK16handle_heartbeatERK17__mavlink_message @ 0x981b30
LOITER: _ZN11GCS_MAVLINK19handle_command_longERK17__mavlink_message @ 0x982ea0
LOITER: _ZN11GCS_MAVLINK26handle_request_data_streamERK17__mavlink_message @ 0x9844e0
LOITER: _ZNK3GCS12sysid_is_gcsEh @ 0x989b40
LOITER: _ZN11GCS_MAVLINK16sysid_mygcs_seenEj @ 0x989de0
LOITER: _ZN3GCS16sysid_mygcs_seenEj @ 0xad1e30
LOITER: _ZL38mavlink_msg_request_data_stream_decodePK17__mavlink_messageP31__mavlink_request_data_stream_t @ 0x98b050
LOITER: _ZN9AP_Logger13Write_CommandERK23__mavlink_command_int_thh10MAV_RESULTb @ 0x98e2f0
LOITER: _ZL31mavlink_msg_command_long_decodePK17__mavlink_messageP24__mavlink_command_long_t @ 0x98e470
LOITER: _ZN11GCS_MAVLINK31try_command_long_as_command_intERK24__mavlink_command_long_tRK17__mavlink_message @ 0x98e540
LOITER: _ZN11GCS_MAVLINK16_set_mode_commonEhj @ 0x990da0
LOITER: _ZN12ObjectBufferIN7GCS_FTP11TransactionEE3popERS1_ @ 0xad23f0
LOITER: _ZN11GCS_MAVLINK25handle_command_int_packetERK23__mavlink_command_int_tRK17__mavlink_message @ 0x997060
LOITER: _ZN11GCS_MAVLINK26handle_command_do_set_modeERK23__mavlink_command_int_t @ 0x998320
LOITER: _ZL43mavlink_msg_position_target_global_int_send17mavlink_channel_tjhtiifffffffff @ 0x99be60
LOITER: _ZL25mavlink_msg_attitude_send17mavlink_channel_tjffffff @ 0x99c210
LOITER: _ZL38mavlink_msg_nav_controller_output_send17mavlink_channel_tffsstfff @ 0x99c5f0
LOITER: _ZN15MAVLink_routing17check_and_forwardER11GCS_MAVLINKRK17__mavlink_message @ 0x99c7d0
LOITER: _ZN9AP_Follow10handle_msgERK17__mavlink_message @ 0x99cd40
LOITER: _ZNK11GCS_MAVLINK13accept_packetERK16__mavlink_statusRK17__mavlink_message @ 0x99cec0
LOITER: _ZNK9AP_Follow21should_handle_messageERK17__mavlink_message @ 0x99cfe0
LOITER: _ZN15MAVLink_routing11learn_routeER11GCS_MAVLINKRK17__mavlink_message @ 0x99dfb0
LOITER: _ZN15MAVLink_routing16handle_heartbeatER11GCS_MAVLINKRK17__mavlink_message @ 0x99e250
LOITER: _ZN15MAVLink_routing11get_targetsERK17__mavlink_messageRsS3_ @ 0x99e480
LOITER: _ZN17RC_Channels_Rover7channelEh @ 0xad4f10
LOITER: _ZN11RC_Channels16read_mode_switchEv @ 0x9adab0
LOITER: _ZNK17RC_Channels_Rover14in_rc_failsafeEv @ 0x9adb40
LOITER: _ZNK17RC_Channels_Rover15has_valid_inputEv @ 0x9adba0
LOITER: _ZNK17RC_Channels_Rover18get_arming_channelEv @ 0x9adc20
LOITER: _ZNK17RC_Channels_Rover26flight_mode_channel_numberEv @ 0x9adc70
LOITER: mode_to_string @ 0xa1d140
LOITER: mode_entry @ 0xa1d2c0
----------------------
Mode: 9 (CIRCLE)
CIRCLE: _ZN15AP_Arming_Rover14pre_arm_checksEb @ 0x5bfbf0
CIRCLE: _ZN2AP13serialmanagerEv @ 0x5c1810
CIRCLE: _ZNK9AP_ParamTIiL11ap_var_type3EEcvRKiEv @ 0xa21b60
CIRCLE: _ZN6AP_HAL4Util8snprintfEPcmPKcz @ 0x5c1c80
CIRCLE: _ZN6AP_HAL4Util9vsnprintfEPcmPKcP13__va_list_tag @ 0x5c1e60
CIRCLE: _ZN13BufferPrinterC2EPcm @ 0xa21bb0
CIRCLE: _Z13print_vprintfPN6AP_HAL12BetterStreamEPKcP13__va_list_tag @ 0x5c1fa0
CIRCLE: _Z12ultoa_invertjPch @ 0x5c3e30
CIRCLE: _ZN6AP_HAL12BetterStreamC2Ev @ 0xa21c60
CIRCLE: _ZN13BufferPrinter5writeEh @ 0xa21cc0
CIRCLE: _Z3gcsv @ 0x5c4420
CIRCLE: _ZNK3GCS28statustext_send_channel_maskEv @ 0x5c4530
CIRCLE: _ZN11GCS_MAVLINK19active_channel_maskEv @ 0xa21f60
CIRCLE: _ZN11GCS_MAVLINK22streaming_channel_maskEv @ 0xa21fa0
CIRCLE: _ZN11GCS_MAVLINK20private_channel_maskEv @ 0xa21fe0
CIRCLE: _ZN3GCS13get_singletonEv @ 0xa22020
CIRCLE: _ZNK16AP_SerialManager22find_protocol_instanceENS_14SerialProtocolEh @ 0x5c45c0
CIRCLE: _ZNK13AP_ParamTBaseIaL11ap_var_type1EE3getEv @ 0xa22060
CIRCLE: _ZNK16AP_SerialManager14protocol_matchENS_14SerialProtocolES0_ @ 0x5c4760
CIRCLE: _ZN16AP_SerialManager13get_singletonEv @ 0xa220b0
CIRCLE: _Z2rcv @ 0x5c4860
CIRCLE: _ZN11RC_Channels13get_singletonEv @ 0xa22150
CIRCLE: _ZNK9AP_ParamTIaL11ap_var_type1EEcvRKaEv @ 0xa22220
CIRCLE: _ZN6AP_HAL6millisEv @ 0x5c4ee0
CIRCLE: _ZN13WithSemaphoreD2Ev @ 0x5c4f20
CIRCLE: _ZN6AP_HAL8millis64Ev @ 0x5c4f80
CIRCLE: _ZN6AP_HAL8micros64Ev @ 0x5c4fc0
CIRCLE: _ZL14uint64_div1000m @ 0x5c5060
CIRCLE: _ZN7HALSITL9Scheduler4fromEPN6AP_HAL9SchedulerE @ 0xa22270
CIRCLE: _ZNK7HALSITL9Scheduler18stopped_clock_usecEv @ 0xa222c0
CIRCLE: _ZNK13AP_ParamTBaseIsL11ap_var_type2EE3getEv @ 0xa22310
CIRCLE: _ZN13WithSemaphoreC2ERN6AP_HAL9SemaphoreEj @ 0x5c51b0
CIRCLE: _ZN2AP9proximityEv @ 0x5c5290
CIRCLE: _ZN12AP_Proximity13get_singletonEv @ 0xa223a0
CIRCLE: _ZN2AP9schedulerEv @ 0x5c55b0
CIRCLE: _ZN12AP_Scheduler25get_filtered_loop_rate_hzEv @ 0xa22420
CIRCLE: _ZN12AP_Scheduler16get_loop_rate_hzEv @ 0xa22470
CIRCLE: _ZN10AP_Terrain13get_singletonEv @ 0xa22500
CIRCLE: _ZN12AP_Scripting13get_singletonEv @ 0xa225a0
CIRCLE: _ZN2AP13internalerrorEv @ 0x5c5920
CIRCLE: _ZNK16AP_InternalError6errorsEv @ 0xa22700
CIRCLE: _ZNK16AP_InternalError15last_error_lineEv @ 0xa22750
CIRCLE: _ZN2AP3rpmEv @ 0x5c5ab0
CIRCLE: _ZN2AP5relayEv @ 0x5c5e20
CIRCLE: _ZN12SRV_Channels17function_assignedEN11SRV_Channel8FunctionE @ 0x5c6660
CIRCLE: _ZNK9AP_ParamTIsL11ap_var_type2EEcvRKsEv @ 0xa22830
CIRCLE: _ZN12SRV_Channels25update_aux_servo_functionEv @ 0x5c67b0
CIRCLE: _ZNK7BitmaskILt190EE3getEt @ 0xa22880
CIRCLE: _ZNK7BitmaskILt190EE8validateEt @ 0xa22950
CIRCLE: _ZN7BitmaskILt190EE8clearallEv @ 0xa229e0
CIRCLE: _ZNK11SRV_Channel14valid_functionEv @ 0xa22a40
CIRCLE: _ZN11SRV_Channel24aux_servo_function_setupEv @ 0x5c72b0
CIRCLE: _ZN7BitmaskILt190EE3setEt @ 0xa22aa0
CIRCLE: _ZNK9AP_Enum16IN11SRV_Channel8FunctionEEcvKS1_Ev @ 0xa22b60
CIRCLE: _ZN11SRV_Channel14valid_functionENS_8FunctionE @ 0xa22bb0
CIRCLE: _ZN8AP_Relay13get_singletonEv @ 0xa22c60
CIRCLE: _ZN6AP_RPM13get_singletonEv @ 0xa22ca0
CIRCLE: _ZNK12AP_Scripting13option_is_setENS_11DebugOptionE @ 0xa22d90
CIRCLE: _ZNK13AP_ParamTBaseIiL11ap_var_type3EE3getEv @ 0xa22e90
CIRCLE: _ZNK2AP8PerfInfo25get_filtered_loop_rate_hzEv @ 0x5c76a0
CIRCLE: _ZNK2AP8PerfInfo17get_filtered_timeEv @ 0x5c7730
CIRCLE: _ZN12AP_Scheduler13get_singletonEv @ 0x5c7780
CIRCLE: _ZN2AP7missionEv @ 0x5c77c0
CIRCLE: _ZNK10AP_Mission12num_commandsEv @ 0xa22ee0
CIRCLE: _ZN10AP_Mission18stored_in_locationEt @ 0x5c7aa0
CIRCLE: _ZN10AP_Mission15Mission_CommandC2Ev @ 0xa22f40
CIRCLE: _ZNK10AP_Mission21read_cmd_from_storageEtRNS_15Mission_CommandE @ 0x5c7c30
CIRCLE: _ZN10AP_Mission7ContentC2Ev @ 0xa22fa0
CIRCLE: _ZN2AP4ahrsEv @ 0x5c80f0
CIRCLE: _ZNK7AP_AHRS8get_homeEv @ 0xa22ff0
CIRCLE: _ZNK13StorageAccess9read_byteEt @ 0x5c8130
CIRCLE: _ZNK13StorageAccess11read_uint16Et @ 0x5c81a0
CIRCLE: _ZNK13StorageAccess10read_blockEPvtm @ 0x5c8220
CIRCLE: _ZN7AP_AHRS13get_singletonEv @ 0xa23040
CIRCLE: _ZN8LocationC2Ev @ 0xa23080
CIRCLE: _ZN8Location4zeroEv @ 0x5c8750
CIRCLE: _ZN10AP_Mission13get_singletonEv @ 0xa230d0
CIRCLE: _ZNK7AP_AHRS12get_locationER8Location @ 0x5c88f0
CIRCLE: _ZN2AP7vehicleEv @ 0x5c8b60
CIRCLE: _ZNK10AP_Mission7presentEv @ 0xa231b0
CIRCLE: _ZN10AP_Vehicle13get_singletonEv @ 0x5c8ba0
CIRCLE: _ZNK8Location12get_distanceERKS_ @ 0x5c8dc0
CIRCLE: _ZNK9AP_ParamTIfL11ap_var_type4EEcvRKfILb1EEEv @ 0xa23220
CIRCLE: _ZN8Location14diff_longitudeEii @ 0x5c8e90
CIRCLE: _ZN8Location15longitude_scaleEi @ 0x5c8f70
CIRCLE: _Z4normIddJEEdT_T0_DpKT1_ @ 0xa23270
CIRCLE: _Z2sqIdJdEEdT_DpKT0_ @ 0xa232e0
CIRCLE: _Z2sqIdEdT_ @ 0xa23360
CIRCLE: _ZL3MAXIdfEDTqugtfp_fp0_fp_fp0_ERKT_RKT0_ @ 0x5c9010
CIRCLE: _ZN8LocationC2EiiiNS_8AltFrameE @ 0x5c90b0
CIRCLE: _ZN8Location10set_alt_cmEiNS_8AltFrameE @ 0x5c9150
CIRCLE: _ZN11RC_Channels23get_valid_channel_countEv @ 0x5c93f0
CIRCLE: _ZNK10RC_Channel12has_overrideEv @ 0x5c9460
CIRCLE: _ZNK13AP_ParamTBaseIfL11ap_var_type4EE3getEv @ 0xa23600
CIRCLE: _Z11is_positiveIfEbT_ @ 0xa23650
CIRCLE: _Z7is_zerof @ 0xa236b0
CIRCLE: _ZL3MINIihEDTqultfp_fp0_fp_fp0_ERKT_RKT0_.6275 @ 0x5c9520
CIRCLE: _ZN5Rover15ekf_position_okEv @ 0x5c9e10
CIRCLE: _ZNK7AP_AHRS17have_inertial_navEv @ 0x5c9f80
CIRCLE: _ZNK7AP_AHRS17get_filter_statusER17nav_filter_status @ 0x5c9fe0
CIRCLE: _ZNK9AP_Arming8is_armedEv @ 0x5ca110
CIRCLE: _ZNK7AP_AHRS8ekf_typeEv @ 0x5ca260
CIRCLE: _ZNK7NavEKF315getFilterStatusER17nav_filter_status @ 0x5ca3f0
CIRCLE: _ZN2AP12externalAHRSEv @ 0x5ca6e0
CIRCLE: _ZNK15AP_ExternalAHRS17get_filter_statusER17nav_filter_status @ 0x5ca720
CIRCLE: _ZN15AP_ExternalAHRS13get_singletonEv @ 0xa23940
CIRCLE: _ZNK12NavEKF3_core15getFilterStatusER17nav_filter_status @ 0x5ca8b0
CIRCLE: _ZNK7AP_AHRS14always_use_EKFEv @ 0xa23980
CIRCLE: _ZNK7AP_AHRS15active_EKF_typeEv @ 0xa239e0
CIRCLE: _ZNK7AP_AHRS7healthyEv @ 0x5ca990
CIRCLE: _ZN2AP7compassEv @ 0x5cb430
CIRCLE: _ZNK7Compass11use_for_yawEv @ 0x5cb470
CIRCLE: _ZNK16AP_NavEKF_Source12getYawSourceEh @ 0x5cc2e0
CIRCLE: _ZNK12NavEKF3_core7healthyEv @ 0x5cc5a0
CIRCLE: _ZNK16AP_NavEKF_Source14useVelXYSourceENS_8SourceXYEh @ 0x5cc960
CIRCLE: _ZNK16AP_NavEKF_Source18getActiveSourceSetEh @ 0xa23a30
CIRCLE: _ZNK7AP_EnumIN16AP_NavEKF_Source8SourceXYEEcvKS1_Ev @ 0xa23ae0
CIRCLE: _ZNK16AP_NavEKF_Source13option_is_setENS_13SourceOptionsE @ 0xa23b30
CIRCLE: _ZNK12NavEKF3_core15getFilterFaultsERt @ 0x5cca90
CIRCLE: _ZNK11QuaternionTIdE6is_nanEv @ 0xa23bb0
CIRCLE: _ZNK7Vector3IdE6is_nanEv @ 0xa23cb0
CIRCLE: _ZNK7AP_EnumIN16AP_NavEKF_Source9SourceYawEEcvKS1_Ev @ 0xa23d80
CIRCLE: _ZN2AP3dalEv @ 0x5ccbb0
CIRCLE: _ZN6AP_DAL7compassEv @ 0xa23dd0
CIRCLE: _ZNK14AP_DAL_Compass15get_num_enabledEv @ 0xa23e20
CIRCLE: _ZN6AP_DAL13get_singletonEv @ 0xa23e70
CIRCLE: _ZN7Matrix3IfEC2Ev @ 0xa242b0
CIRCLE: _ZN7Vector3IfEC2Ev @ 0xa243a0
CIRCLE: _ZN11QuaternionTIfEC2Ev @ 0xa24520
CIRCLE: _ZN7Vector2IfEC2Ev @ 0xa24590
CIRCLE: _ZN6AP_DAL4baroEv @ 0xa245f0
CIRCLE: _ZN6AP_DAL6beaconEv @ 0xa24690
CIRCLE: _ZN6AP_DAL3gpsEv @ 0xa24750
CIRCLE: _ZN6AP_DAL11rangefinderEv @ 0xa24860
CIRCLE: _ZN6AP_DAL10visualodomEv @ 0xa248b0
CIRCLE: _ZNK7Compass7healthyEh @ 0x5cd520
CIRCLE: _ZNK7Compass11use_for_yawEh @ 0x5cd5c0
CIRCLE: _ZNK7Compass9availableEv @ 0xa249d0
CIRCLE: _ZN14typesafe_indexIh12TAG_PriorityEC2Eh @ 0xa24a50
CIRCLE: _ZNK19RestrictIDTypeArrayI9AP_ParamTIaL11ap_var_type1EELj3E14typesafe_indexIh12TAG_PriorityEEixERKS5_ @ 0xa24ab0
CIRCLE: _ZNK7AP_EnumIN7Compass9LearnTypeEEcvKS1_Ev @ 0xa24b30
CIRCLE: _ZNK14typesafe_indexIh12TAG_PriorityE7get_intEv @ 0xa24b80
CIRCLE: _ZNK7Compass10_get_stateE14typesafe_indexIh12TAG_PriorityE @ 0xa24bd0
CIRCLE: _ZNK7Compass13_get_state_idE14typesafe_indexIh12TAG_PriorityE @ 0x5cd6a0
CIRCLE: _ZNK19RestrictIDTypeArrayIN7Compass9mag_stateELj4E14typesafe_indexIh14TAG_StateIndexEEixERKS4_ @ 0xa24c50
CIRCLE: _ZNK14typesafe_indexIh14TAG_StateIndexE7get_intEv @ 0xa24cd0
CIRCLE: _ZNK19RestrictIDTypeArrayIiLj3E14typesafe_indexIh12TAG_PriorityEEixERKS2_ @ 0xa24d20
CIRCLE: _ZN14typesafe_indexIh14TAG_StateIndexEC2Eh @ 0xa24da0
CIRCLE: _ZNK14typesafe_indexIh14TAG_StateIndexEltERKh @ 0xa24e00
CIRCLE: _ZN14typesafe_indexIh14TAG_StateIndexEppEi @ 0xa24e70
CIRCLE: _ZN7Compass13get_singletonEv @ 0xa24ee0
CIRCLE: _ZNK7NavEKF211activeCoresEv @ 0xa24f20
CIRCLE: _ZNK7NavEKF311activeCoresEv @ 0xa25360
CIRCLE: _ZN11QuaternionTIfE20from_rotation_matrixERK7Matrix3IfE @ 0xa25410
CIRCLE: _ZNK12NavEKF3_core11use_compassEv @ 0x5cdd30
CIRCLE: _ZNK14AP_DAL_Compass11use_for_yawEh @ 0xa25920
CIRCLE: _ZNK12NavEKF3_core20getRotationBodyToNEDER7Matrix3IfE @ 0x5cde00
CIRCLE: _ZNK11QuaternionTIdE15rotation_matrixER7Matrix3IfE @ 0xa25990
CIRCLE: _ZNK6AP_DAL43get_rotation_vehicle_body_to_autopilot_bodyEv @ 0xa25ba0
CIRCLE: _ZNK7Matrix3IfEmlERKS0_ @ 0xa25bf0
CIRCLE: _ZN7Vector3IfEC2Efff @ 0xa25e60
CIRCLE: _ZN7Matrix3IfEC2ERK7Vector3IfES4_S4_ @ 0xa25ef0
CIRCLE: _ZN7Vector3IfEdVEf @ 0xa25fa0
CIRCLE: _Z7wrap_PId @ 0x5cdf10
CIRCLE: _ZN7Vector3IfEmLEf @ 0xa26030
CIRCLE: _Z8wrap_2PId @ 0x5cdfa0
CIRCLE: _ZN11QuaternionTIfEC2Effff @ 0xa26370
CIRCLE: _ZNK11QuaternionTIfE15rotation_matrixER7Matrix3IfE @ 0xa26420
CIRCLE: _ZNK7Matrix3IfE13mul_transposeERK7Vector3IfE @ 0xa26610
CIRCLE: _ZNK7Vector3IfEmiERKS0_ @ 0xa26720
CIRCLE: _ZNK7Vector3IfE6lengthEv @ 0xa267d0
CIRCLE: _Z20constrain_value_lineIfET_S0_S0_S0_j @ 0xa26830
CIRCLE: _Z4normIffJfEEdT_T0_DpKT1_ @ 0xa26950
CIRCLE: _Z2sqIfJffEEdT_DpKT0_ @ 0xa269d0
CIRCLE: _ZL2sqf.3424 @ 0x5ce090
CIRCLE: _Z2sqIfJfEEdT_DpKT0_ @ 0xa26a70
CIRCLE: _ZL2sqf.1606 @ 0x5ce0e0
CIRCLE: _ZNK7AP_AHRS24get_rotation_body_to_nedEv @ 0xa26af0
CIRCLE: _ZN2AP3gpsEv @ 0x5ce1f0
CIRCLE: _ZNK6AP_GPS8get_typeEh @ 0xa26be0
CIRCLE: _ZNK7AP_EnumIN6AP_GPS8GPS_TypeEEcvKS1_Ev @ 0xa26c70
CIRCLE: _ZN6AP_GPS13get_singletonEv @ 0xa26cc0
CIRCLE: _ZNK7NavEKF37healthyEv @ 0x5ce340
CIRCLE: _ZNK6AP_GPS11num_sensorsEv @ 0x5ce650
CIRCLE: _ZNK6AP_GPS14primary_sensorEv @ 0xa26da0
CIRCLE: _ZNK6AP_GPS6statusEh @ 0xa26df0
CIRCLE: _ZNK6AP_GPS10is_healthyEh @ 0x5ce6d0
CIRCLE: _ZNK7AP_AHRS11home_is_setEv @ 0xa26eb0
CIRCLE: _ZNK6AP_GPS8locationEv @ 0xa26f10
CIRCLE: _ZNK6AP_GPS22first_unconfigured_gpsERh @ 0x5ce990
CIRCLE: _ZNK6AP_GPS8locationEh @ 0xa26f70
CIRCLE: _ZNK6AP_GPS12is_rtk_roverEh @ 0x5cee40
CIRCLE: _ZN2AP3insEv @ 0x5cf1a0
CIRCLE: _ZNK17AP_InertialSensor19get_gyro_health_allEv @ 0x5cf1e0
CIRCLE: _ZNK17AP_InertialSensor22gyro_calibrated_ok_allEv @ 0x5cf2a0
CIRCLE: _ZNK17AP_InertialSensor20get_accel_health_allEv @ 0x5cf3b0
CIRCLE: _ZNK17AP_InertialSensor23accel_calibrated_ok_allEv @ 0x5cf470
CIRCLE: _ZNK10AP_GyroFFT16analysis_enabledEv @ 0xa27190
CIRCLE: _ZN7Vector3IfEixEh @ 0xa27520
CIRCLE: _ZN10DigitalLPFIfE6_applyERKfS2_ @ 0xa27880
CIRCLE: _Z15constrain_int16sss @ 0xa27e80
CIRCLE: _Z15constrain_valueIsET_S0_S0_S0_ @ 0xa27f10
CIRCLE: _ZNK10ByteBuffer5spaceEv @ 0x5d20b0
CIRCLE: _ZN10ByteBuffer5writeEPKhj @ 0x5d2310
CIRCLE: _ZN10ByteBuffer7reserveEPNS_5IoVecEj @ 0x5d2430
CIRCLE: _ZN10ByteBuffer6commitEj @ 0x5d2660
CIRCLE: _ZNK10ByteBuffer8get_sizeEv @ 0xa27fc0
CIRCLE: _ZNK17AP_InertialSensor14get_gyro_countEv @ 0xa28050
CIRCLE: _ZNK17AP_InertialSensor4_useEh @ 0xa280c0
CIRCLE: _ZNK17AP_InertialSensor8_gyro_idEh @ 0xa28120
CIRCLE: _ZN17AP_InertialSensor8_gyro_idEh @ 0xa28180
CIRCLE: _ZN17AP_InertialSensor4_useEh @ 0xa281f0
CIRCLE: _ZL3MINIihEDTqultfp_fp0_fp_fp0_ERKT_RKT0_.3043 @ 0x5d2b90
CIRCLE: _ZNK7AP_EnumIN22AP_InertialSensor_TCal6EnableEEcvKS1_Ev @ 0xa282c0
CIRCLE: _ZN17AP_InertialSensor4tcalEh @ 0xa28310
CIRCLE: _ZNK17AP_InertialSensor8get_gyroEv @ 0xa28380
CIRCLE: _ZNK17AP_InertialSensor8use_gyroEh @ 0x5d2d50
CIRCLE: _ZNK17AP_InertialSensor8get_gyroEh @ 0xa283e0
CIRCLE: _ZNK17AP_InertialSensor15get_gyro_healthEh @ 0xa28450
CIRCLE: _ZNK17AP_InertialSensor15get_accel_countEv @ 0xa284f0
CIRCLE: _ZL3MINIihEDTqultfp_fp0_fp_fp0_ERKT_RKT0_ @ 0x5d2fd0
CIRCLE: _ZNK17AP_InertialSensor9get_accelEv @ 0xa28560
CIRCLE: _ZNK17AP_InertialSensor9use_accelEh @ 0x5d3060
CIRCLE: _ZNK17AP_InertialSensor9get_accelEh @ 0xa285c0
CIRCLE: _ZNK17AP_InertialSensor16get_accel_healthEh @ 0xa28630
CIRCLE: _ZNK17AP_InertialSensor13_accel_offsetEh @ 0xa286d0
CIRCLE: _ZNK9AP_ParamVI7Vector3IfEL11ap_var_type5EE3getEv @ 0xa28730
CIRCLE: _ZNK7Vector3IfE7is_zeroEv @ 0xa28780
CIRCLE: _ZNK17AP_InertialSensor12_accel_scaleEh @ 0xa28830
CIRCLE: _ZNK17AP_InertialSensor9_accel_idEh @ 0xa28890
CIRCLE: _Z8is_equalIffENSt3__19enable_ifIXsr3std17is_floating_pointINS0_11common_typeIJT_T0_EE4typeEEE5valueEbE4typeES3_S4_ @ 0xa288f0
CIRCLE: _ZN17AP_InertialSensor9_accel_idEh @ 0xa28970
CIRCLE: _ZN17AP_InertialSensor12_accel_scaleEh @ 0xa289e0
CIRCLE: _ZN17AP_InertialSensor13_accel_offsetEh @ 0xa28a50
CIRCLE: _ZNK17AP_InertialSensor18gyro_calibrated_okEh @ 0xa28ac0
CIRCLE: _ZN17AP_InertialSensor13get_singletonEv @ 0x5d3120
CIRCLE: _ZN13AP_ParamTBaseIaL11ap_var_type1EE3setERKa @ 0xa290a0
CIRCLE: _ZN13AP_ParamTBaseIsL11ap_var_type2EE3setERKs @ 0xa29100
CIRCLE: _ZN13AP_ParamTBaseIiL11ap_var_type3EE3setERKi @ 0xa29170
CIRCLE: _ZN13AP_ParamTBaseIfL11ap_var_type4EE3setERKf @ 0xa291d0
CIRCLE: _ZNK7Vector3IfEneERKS0_ @ 0xa29900
CIRCLE: _ZNK8AP_Param13find_var_infoEPjRPKNS_9GroupInfoERNS_12GroupNestingEPh @ 0x5d4b90
CIRCLE: _ZNK8AP_Param14copy_name_infoEPKNS_4InfoEPKNS_9GroupInfoERKNS_12GroupNestingEhPcmb @ 0x5d4e10
CIRCLE: _ZNK8AP_Param14send_parameterEPKc11ap_var_typeh @ 0x5d5070
CIRCLE: _ZNK8AP_Param13cast_to_floatE11ap_var_type @ 0x5d5210
CIRCLE: _ZN3GCS20send_parameter_valueEPKc11ap_var_typef @ 0x5d5300
CIRCLE: _ZL3MINImmEDTqultfp_fp0_fp_fp0_ERKT_RKT0_.5959 @ 0x5d5440
CIRCLE: _ZN11GCS_MAVLINK14mav_param_typeE11ap_var_type @ 0x5d54c0
CIRCLE: _ZN8AP_Param16count_parametersEv @ 0x5d5550
CIRCLE: _ZN3GCS23send_to_active_channelsEjPKc @ 0x5d5700
CIRCLE: _ZN9AP_Logger13get_singletonEv @ 0xa299d0
CIRCLE: _ZN9AP_Logger15Write_ParameterEPKcf @ 0x5d5820
CIRCLE: _ZNK9AP_Logger10quiet_nanfEv @ 0xa29a10
CIRCLE: _ZN17AP_Logger_Backend15Write_ParameterEPKcff @ 0x5d5910
CIRCLE: _Z14strncpy_notermPcPKcm @ 0x5d5a30
CIRCLE: _ZN17AP_Logger_Backend18WriteCriticalBlockEPKvt @ 0xa29a60
CIRCLE: _ZN17AP_Logger_Backend21WritePrioritisedBlockEPKvtbb @ 0x5d5ae0
CIRCLE: _ZN17AP_Logger_Backend30validate_WritePrioritisedBlockEPKvt @ 0x5d5cb0
CIRCLE: _ZN17AP_Logger_Backend9ShouldLogEb @ 0x5d5ea0
CIRCLE: _ZN17AP_Logger_Backend21ensure_format_emittedEPKvt @ 0x5d6340
CIRCLE: _ZNK17AP_Logger_Backend23message_type_from_blockEPKvtR11LogMessages @ 0x5d6460
CIRCLE: _ZNK17AP_Logger_Backend28have_emitted_format_for_typeE11LogMessages @ 0xa29ae0
CIRCLE: _ZNK7BitmaskILt256EE8validateEt @ 0xa29c10
CIRCLE: _ZNK7BitmaskILt256EE3getEt @ 0xa29ca0
CIRCLE: _ZNK6AP_HAL4Util14get_soft_armedEv @ 0xa29d70
CIRCLE: _ZN2AP6loggerEv @ 0x5d6f60
CIRCLE: _Z7is_zeroI9AP_ParamTIfL11ap_var_type4EEEbT_ @ 0xa29dd0
CIRCLE: _ZNK12AP_Scheduler5ticksEv @ 0xa29e30
CIRCLE: _ZN6AP_HAL8millis16Ev @ 0x5d71b0
CIRCLE: _ZNK9AP_Logger13WritesEnabledEv @ 0xa29f90
CIRCLE: _ZNK19LoggerMessageWriter8finishedEv @ 0xa29ff0
CIRCLE: _ZNK9AP_Logger15in_log_downloadEv @ 0x5d71f0
CIRCLE: _ZNK9AP_Logger16vehicle_is_armedEv @ 0xa2a050
CIRCLE: mavlink_get_msg_entry @ 0x5d7440
CIRCLE: _ZNK3GCS7num_gcsEv @ 0xa2a100
CIRCLE: _ZNK11GCS_MAVLINK10is_privateEv @ 0xa2a150
CIRCLE: _ZNK11GCS_MAVLINK9is_activeEv @ 0xa2a1b0
CIRCLE: _ZN11GCS_MAVLINK12send_messageEPKcPK19__mavlink_msg_entry @ 0xa2a230
CIRCLE: _ZN11GCS_MAVLINK18check_payload_sizeEt @ 0x5d7560
CIRCLE: _mav_finalize_message_chan_send @ 0x5d7610
CIRCLE: _Z26mavlink_get_channel_statush @ 0x5d7960
CIRCLE: _Z17_mav_trim_payloadPKch @ 0x5d7a40
CIRCLE: _ZL13crc_calculatePKht @ 0x5d7ae0
CIRCLE: _ZL21crc_accumulate_bufferPtPKct @ 0x5d7b80
CIRCLE: _ZL14crc_accumulatehPt @ 0x5d7c20
CIRCLE: _Z14comm_send_lock17mavlink_channel_tt @ 0x5d7eb0
CIRCLE: _mavlink_send_uart @ 0x5d7f70
CIRCLE: _Z16comm_send_unlock17mavlink_channel_t @ 0x5d7ff0
CIRCLE: _Z16comm_send_buffer17mavlink_channel_tPKhh @ 0x5d8070
CIRCLE: _ZL13valid_channel17mavlink_channel_t @ 0x5d81e0
CIRCLE: _Z24gcs_out_of_space_to_send17mavlink_channel_t @ 0x5d8290
CIRCLE: _ZN11GCS_MAVLINK20out_of_space_to_sendEv @ 0xa2a370
CIRCLE: _ZL8crc_initPt @ 0x5d8bc0
CIRCLE: _ZN11GCS_MAVLINK14channel_statusEv @ 0xa2a3d0
CIRCLE: _ZNK11GCS_MAVLINK7txspaceEv @ 0xa2a420
CIRCLE: _ZNK11GCS_MAVLINK15packet_overheadEv @ 0xa2a4c0
CIRCLE: _ZN11GCS_MAVLINK20packet_overhead_chanE17mavlink_channel_t @ 0x5d8c10
CIRCLE: _ZL3MINIjjEDTqultfp_fp0_fp_fp0_ERKT_RKT0_.5950 @ 0x5d8cf0
CIRCLE: _ZN11GCS_MAVLINK10is_privateE17mavlink_channel_t @ 0xa2a520
CIRCLE: _ZN8AP_Param8var_infoEt @ 0xa2a590
CIRCLE: _ZN8AP_Param14get_group_infoERKNS_4InfoE @ 0x5d9570
CIRCLE: _ZN8AP_Param14get_group_infoERKNS_9GroupInfoE @ 0x5d9b90
CIRCLE: _ZN8AP_Param19adjust_group_offsetEtRKNS_9GroupInfoERl @ 0x5d9c10
CIRCLE: _ZN8AP_Param8group_idEPKNS_9GroupInfoEjhh @ 0x5d9d30
CIRCLE: _ZN8AP_Param8get_baseERKNS_4InfoERl @ 0x5d9e30
CIRCLE: _ZNK13AP_ParamTBaseIiL11ap_var_type3EE13cast_to_floatEv @ 0xa2a6d0
CIRCLE: _ZNK8AP_Param19find_var_info_groupEPKNS_9GroupInfoEtjhlPjRS2_RNS_12GroupNestingEPh @ 0x5d9fc0
CIRCLE: _ZN8AP_Param4saveEb @ 0x5da4c0
CIRCLE: _ZN17AP_InertialSensor13caltemp_accelEh @ 0xa2a850
CIRCLE: _ZNK17AP_InertialSensor15get_temperatureEh @ 0xa2a8c0
CIRCLE: _ZN7Vector3IfE4zeroEv @ 0xa2ab20
CIRCLE: _ZNK7Vector3IfErmERKS0_ @ 0xa2ab80
CIRCLE: _ZNK7Vector3IfEmlERKS0_ @ 0xa2ac60
CIRCLE: _Z9safe_sqrtIfEfT_ @ 0xa2acf0
CIRCLE: _ZNK11QuaternionTIfE14get_euler_rollEv @ 0xa2ae80
CIRCLE: _ZNK11QuaternionTIfE15get_euler_pitchEv @ 0xa2af30
CIRCLE: _Z9safe_asinIfEfT_ @ 0xa2afa0
CIRCLE: _ZN7Vector3IfE6rotateE8Rotation @ 0xa2b190
CIRCLE: _ZNK7Matrix3IfEmlERK7Vector3IfE @ 0xa2c170
CIRCLE: _ZN7Matrix3IfE10from_eulerEfff @ 0xa2c310
CIRCLE: _ZN7Matrix3IfEC2Efffffffff @ 0xa2c540
CIRCLE: _ZNK7Vector3IfEplERKS0_ @ 0xa2c670
CIRCLE: _ZNK7Vector3IfEdvEf @ 0xa2c720
CIRCLE: _Z4normIffJEEdT_T0_DpKT1_ @ 0xa2c7c0
CIRCLE: _ZN7Vector3IfEpLERKS0_ @ 0xa2c830
CIRCLE: _ZN15ObjectBuffer_TSIN8AP_Param10param_saveEE4peekERS1_ @ 0xa2c8d0
CIRCLE: _ZN15ObjectBuffer_TSIN8AP_Param10param_saveEE4pushERKS1_ @ 0xa2c980
CIRCLE: _ZN10ByteBuffer9peekbytesEPhj @ 0x5db470
CIRCLE: _ZN10ByteBuffer9peekiovecEPNS_5IoVecEj @ 0x5db580
CIRCLE: _ZNK10ByteBuffer9availableEv @ 0x5db6d0
CIRCLE: _ZN10ByteBuffer7readptrERj @ 0x5db9b0
CIRCLE: _ZNK7Vector3IfEngEv @ 0xa2ca60
CIRCLE: _ZN2AP4sitlEv @ 0x5dbdb0
CIRCLE: _ZN2AP4baroEv @ 0x5dbdf0
CIRCLE: _ZNK7AP_Baro11all_healthyEv @ 0x5dbef0
CIRCLE: _ZNK7AP_Baro7healthyEh @ 0x5dbfa0
CIRCLE: _ZN7AP_Baro13get_singletonEv @ 0xa2cb40
CIRCLE: _ZN4SITL3SIM13get_singletonEv @ 0xa2cb80
CIRCLE: _ZNK9AP_Logger15logging_presentEv @ 0x5dc680
CIRCLE: _ZNK9AP_Logger15logging_startedEv @ 0x5dc770
CIRCLE: _ZNK11RC_Channels17option_is_enabledENS_6OptionE @ 0xa2cc10
CIRCLE: _ZNK11RC_Channels16get_roll_channelEv @ 0x5dc9d0
CIRCLE: _ZNK11RC_Channels15get_yaw_channelEv @ 0x5dcab0
CIRCLE: _ZNK10RC_Channel14get_control_inEv @ 0xa2cc90
CIRCLE: _ZNK11RC_Channels20get_throttle_channelEv @ 0x5dcb20
CIRCLE: _ZN11RC_Channels23find_channel_for_optionEN10RC_Channel8AUX_FUNCE @ 0x5dcb90
CIRCLE: _ZN2AP5rcmapEv @ 0x5dce10
CIRCLE: _ZNK8RCMapper8throttleEv @ 0xa2cd40
CIRCLE: _ZNK11RC_Channels25get_rcmap_channel_nonnullEh @ 0x5dce50
CIRCLE: _ZN11RC_Channels10rc_channelEh @ 0xa2cda0
CIRCLE: _ZN8RCMapper13get_singletonEv @ 0xa2ce00
CIRCLE: _ZNK8RCMapper3yawEv @ 0xa2ce40
CIRCLE: _ZNK8RCMapper4rollEv @ 0xa2cf00
CIRCLE: _ZNK11RC_Channels19flight_mode_channelEv @ 0x5dcee0
CIRCLE: _ZNK8Sailboat12sail_enabledEv @ 0xa2d270
CIRCLE: _ZNK11AP_WindVane7enabledEv @ 0x5dcf80
CIRCLE: _ZNK8AR_WPNav17get_default_speedEv @ 0xa2d2d0
CIRCLE: _ZNK12AP_MotorsUGV8has_sailEv @ 0x5de2b0
CIRCLE: _ZNK12AP_MotorsUGV7is_omniEv @ 0xa2d330
CIRCLE: _ZN12SRV_Channels18get_emergency_stopEv @ 0xa2d440
CIRCLE: _ZNK10RC_Channel12get_radio_inEv @ 0xa2d480
CIRCLE: _ZN2AP5fenceEv @ 0x5e0260
CIRCLE: _ZNK8AC_Fence7presentEv @ 0x5e0840
CIRCLE: _ZNK8AC_Fence7enabledEv @ 0xa2d590
CIRCLE: _ZNK19AC_PolyFence_loader17total_fence_countEv @ 0xa2d850
CIRCLE: _ZNK7Vector2IfEmiERKS0_ @ 0xa2df80
CIRCLE: _ZNK7Vector2IfE14length_squaredEv @ 0xa2e190
CIRCLE: _ZNK7Vector2IfEmlERKS0_ @ 0xa2e1f0
CIRCLE: _ZNK7Vector2IfEmlEf @ 0xa2e270
CIRCLE: _ZN7Vector2IfEC2Eff @ 0xa2e2f0
CIRCLE: _ZNK19AC_PolyFence_loader27get_exclusion_polygon_countEv @ 0xa2e420
CIRCLE: _ZNK19AC_PolyFence_loader27get_inclusion_polygon_countEv @ 0xa2e470
CIRCLE: _ZNK19AC_PolyFence_loader26get_exclusion_circle_countEv @ 0xa2e4c0
CIRCLE: _ZNK19AC_PolyFence_loader26get_inclusion_circle_countEv @ 0xa2e510
CIRCLE: _ZN8AC_Fence13get_singletonEv @ 0xa2e560
CIRCLE: _ZN2AP10visualodomEv @ 0x5e2080
CIRCLE: _ZNK13AP_VisualOdom7enabledEv @ 0x5e21f0
CIRCLE: _ZNK7AP_EnumIN13AP_VisualOdom15VisualOdom_TypeEEcvKS1_Ev @ 0xa2e5a0
CIRCLE: _ZN13AP_VisualOdom13get_singletonEv @ 0xa2e5f0
CIRCLE: _ZN6AP_HAL6microsEv @ 0x5e2660
CIRCLE: _ZN2AP5mountEv @ 0x5e26a0
CIRCLE: _ZN8AP_Mount13get_singletonEv @ 0xa2e670
CIRCLE: _ZN2AP3osdEv @ 0x5e2900
CIRCLE: _ZN6AP_OSD13get_singletonEv @ 0xa2e710
CIRCLE: _ZN2AP9generatorEv @ 0x5e2c50
CIRCLE: _ZN12AP_Generator13get_singletonEv @ 0x5e2e10
CIRCLE: _ZN2AP3canEv @ 0x5e2e50
CIRCLE: _ZNK13AP_CANManager15get_num_driversEv @ 0xa2e800
CIRCLE: _ZNK13AP_CANManager15get_driver_typeEh @ 0xa2e850
CIRCLE: _ZN13AP_CANManager13get_singletonEv @ 0xa2ea50
CIRCLE: _ZNK11SRV_Channel12get_functionEv @ 0xa2eb90
CIRCLE: _ZNK11SRV_Channel14get_output_minEv @ 0xa2ec50
CIRCLE: _ZNK11SRV_Channel14get_output_maxEv @ 0xa2eca0
CIRCLE: _ZN11SRV_Channel13should_e_stopENS_8FunctionE @ 0x5e3c10
CIRCLE: _ZN11RangeFinder13get_singletonEv @ 0xa2ed40
CIRCLE: _ZNK9AP_Logger14logging_failedEv @ 0x5e4240
CIRCLE: _ZN2AP7batteryEv @ 0x5e43c0
CIRCLE: _ZNK14AP_BattMonitor15configured_typeEh @ 0xa2ee30
CIRCLE: _ZNK14AP_BattMonitor14allocated_typeEh @ 0xa2eea0
CIRCLE: _ZNK22AP_BattMonitor_Backend20check_failsafe_typesERbS0_S0_S0_ @ 0x5e4af0
CIRCLE: _Z11is_positiveI9AP_ParamTIfL11ap_var_type4EEEbT_ @ 0xa2ef10
CIRCLE: _ZNK21AP_BattMonitor_Params23failsafe_voltage_sourceEv @ 0xa2eff0
CIRCLE: _ZL3MAXIffEDTqugtfp_fp0_fp_fp0_ERKT_RKT0_.16928 @ 0x5e4f00
CIRCLE: _ZN14AP_BattMonitor13get_singletonEv @ 0xa2f050
CIRCLE: _ZNK7Compass14is_calibratingEv @ 0x5e4f80
CIRCLE: _ZNK7Compass7healthyEv @ 0xa2f0f0
CIRCLE: _ZNK7Compass21learn_offsets_enabledEv @ 0xa2f150
CIRCLE: _ZNK7Compass9get_fieldEv @ 0xa2f280
CIRCLE: _ZNK7Compass10consistentEv @ 0x5e5340
CIRCLE: _ZN14AP_Declination18get_earth_field_gaERK8Location @ 0x5e55e0
CIRCLE: _ZNK7Vector3IfEmlEf @ 0xa2f2e0
CIRCLE: _ZN14AP_Declination16get_mag_field_efEffRfS0_S0_ @ 0x5e5880
CIRCLE: _ZL7radiansf.2451 @ 0x5e5e80
CIRCLE: _Z15constrain_int32iii @ 0xa2f380
CIRCLE: _Z15constrain_valueIiET_S0_S0_S0_ @ 0xa2f3f0
CIRCLE: _ZN11AP_AHRS_DCM11use_compassEv @ 0x5e5ff0
CIRCLE: _ZNK7AP_AHRS15get_fly_forwardEv @ 0xa2f4e0
CIRCLE: _ZNK11AP_AHRS_DCM8have_gpsEv @ 0x5e61a0
CIRCLE: _ZNK6AP_GPS12ground_speedEv @ 0xa2f540
CIRCLE: _ZL7degreesf.1595 @ 0x5e6230
CIRCLE: _ZNK6AP_GPS13ground_courseEv @ 0xa2f5a0
CIRCLE: _Z8wrap_180IfET_S0_ @ 0xa2f600
CIRCLE: _Z8wrap_360f @ 0x5e6280
CIRCLE: _ZNK6AP_GPS13ground_courseEh @ 0xa2f690
CIRCLE: _ZNK6AP_GPS12ground_speedEh @ 0xa2f700
CIRCLE: _ZNK7AP_EnumI6GPSUseEcvKS0_Ev @ 0xa2f770
CIRCLE: _ZNK6AP_GPS6statusEv @ 0xa2f7c0
CIRCLE: _ZNK7Vector3IfE2xyEv @ 0xa2f820
CIRCLE: _ZNK7Compass9get_countEv @ 0xa2f870
CIRCLE: _ZNK7Compass9get_fieldEh @ 0xa2f8c0
CIRCLE: _ZNK7Vector2IfE7is_zeroEv @ 0xa2f940
CIRCLE: _ZNK7Vector3IfE5angleERKS0_ @ 0xa2f9d0
CIRCLE: _ZL7radiansf.2166 @ 0x5e63a0
CIRCLE: _ZNK7Vector2IfE5angleERKS0_ @ 0xa2fae0
CIRCLE: _ZNK7Vector2IfE6lengthEv @ 0xa2fc00
CIRCLE: _ZNK7Compass11get_offsetsEh @ 0xa2fc60
CIRCLE: _ZNK9AP_ParamVI7Vector3IfEL11ap_var_type5EEcvRKS1_Ev @ 0xa2fce0
CIRCLE: _ZNK14typesafe_indexIh12TAG_PriorityEltERKh @ 0xa2fd30
CIRCLE: _ZNK14typesafe_indexIh12TAG_PriorityEcvhEv @ 0xa2fe20
CIRCLE: _ZNK14typesafe_indexIh12TAG_PriorityEplERKh @ 0xa2fe70
CIRCLE: _ZN14typesafe_indexIh12TAG_PriorityEppEi @ 0xa2ff70
CIRCLE: _ZN19RestrictIDTypeArrayIN7Compass9mag_stateELj4E14typesafe_indexIh14TAG_StateIndexEEixERKS4_ @ 0xa2ffe0
CIRCLE: _ZN8AP_Param7set_keyERNS_12Param_headerEt @ 0x5e6900
CIRCLE: _ZN8AP_Param4scanEPKNS_12Param_headerEPt @ 0x5e6990
CIRCLE: _ZN8AP_Param9type_sizeE11ap_var_type @ 0x5e6b20
CIRCLE: _ZNK13StorageAccess4sizeEv @ 0xa300d0
CIRCLE: _ZN8AP_Param7get_keyERKNS_12Param_headerE @ 0x5e6bc0
CIRCLE: _ZN8AP_Param11is_sentinalERKNS_12Param_headerE @ 0x5e6c30
CIRCLE: _ZNK19RestrictIDTypeArrayIP17CompassCalibratorLj3E14typesafe_indexIh12TAG_PriorityEEixERKS4_ @ 0xa30120
CIRCLE: _ZNK12AP_MotorsUGV6activeEv @ 0x5e6d80
CIRCLE: _ZN15AP_Arming_Rover17update_soft_armedEv @ 0x5e70a0
CIRCLE: _ZNK9AP_Arming14option_enabledENS_6OptionE @ 0xa301a0
CIRCLE: _ZN9AP_Logger17set_vehicle_armedEb @ 0x5e7220
CIRCLE: _ZNK9AP_Arming22get_rudder_arming_typeEv @ 0xa30220
CIRCLE: _ZN8AC_Fence12clear_breachEh @ 0x5e7ae0
CIRCLE: _ZN9AP_Logger18WriteCriticalBlockEPKvt @ 0x5e7b50
CIRCLE: _ZNK12AP_MotorsUGV12get_throttleEv @ 0xa30390
CIRCLE: _ZNK12AP_MotorsUGV18have_skid_steeringEv @ 0x5e7c00
CIRCLE: _ZNK12AP_MotorsUGV12get_steeringEv @ 0xa303e0
CIRCLE: _ZNK7AP_AHRS11get_yaw_radEv @ 0xa30430
CIRCLE: _ZNK7AP_AHRS38get_relative_position_NED_origin_floatER7Vector3IfE @ 0x5e80a0
CIRCLE: _ZN11AP_SmartRTL9add_pointERK7Vector3IfE @ 0x5e8310
CIRCLE: _ZN7HALSITL9Semaphore16take_nonblockingEv @ 0x5e84d0
CIRCLE: _ZNK11AP_SmartRTL10log_actionENS_6ActionERK7Vector3IfE @ 0x5e8560
CIRCLE: _ZNK7Vector3IfE16distance_squaredERKS0_ @ 0xa30480
CIRCLE: _ZL2sqf.11254 @ 0x5e8620
CIRCLE: _ZN7HALSITL9Semaphore4giveEv @ 0x5e8670
CIRCLE: _ZN9AP_Logger10Write_SRTLEbtthRK7Vector3IfE @ 0x5e8720
CIRCLE: _ZN9AP_Logger10WriteBlockEPKvt @ 0x5e8840
CIRCLE: _ZN17AP_Logger_Backend10WriteBlockEPKvt @ 0xa30540
CIRCLE: _ZN11AP_SmartRTL15restart_pruningEt @ 0x5e88f0
CIRCLE: _ZN11AP_SmartRTL22restart_simplificationEt @ 0x5e89a0
CIRCLE: _ZN7BitmaskILt500EE6setallEv @ 0xa305d0
CIRCLE: _ZN7Vector3IdEC2Ev @ 0xa30680
CIRCLE: _ZNK7AP_AHRS32get_relative_position_NED_originER7Vector3IdE @ 0x5e8a30
CIRCLE: _ZNK7Vector3IdE7tofloatEv @ 0xa306e0
CIRCLE: _ZN7Vector2IdEC2Ev @ 0xa30760
CIRCLE: _ZNK7NavEKF38getPosNEER7Vector2IdE @ 0x5e8e50
CIRCLE: _ZNK7NavEKF37getPosDERd @ 0x5e8ef0
CIRCLE: _ZN7Vector3IdEC2Eddd @ 0xa307c0
CIRCLE: _ZNK8Location11initialisedEv @ 0xa30850
CIRCLE: _ZNK7Vector3IfE8todoubleEv @ 0xa308e0
CIRCLE: _ZN7Vector3IdEmLEd @ 0xa30960
CIRCLE: _ZN8Location13offset_latlngERiS0_dd @ 0x5e9560
CIRCLE: _ZN8Location15limit_lattitudeEi @ 0x5e9660
CIRCLE: _ZN8Location14wrap_longitudeEl @ 0x5e9700
CIRCLE: _ZNK11AP_AHRS_SIM12get_locationER8Location @ 0x5e97a0
CIRCLE: _ZNK8Location23get_distance_NE_postypeERKS_ @ 0x5e9890
CIRCLE: _ZN7Vector2IdEC2Edd @ 0xa309f0
CIRCLE: _ZNK12NavEKF3_core7getPosDERd @ 0x5e9980
CIRCLE: _ZNK12NavEKF3_core13getPosD_localERd @ 0x5e9a50
CIRCLE: _ZNK12NavEKF3_core12getOriginLLHER8Location @ 0x5e9ae0
CIRCLE: _ZNK12NavEKF3_core8getPosNEER7Vector2IdE @ 0x5e9bd0
CIRCLE: _ZNK7Vector3IdE2xyEv @ 0xa30a70
CIRCLE: _ZNK7Vector2IdE8todoubleEv @ 0xa30ac0
CIRCLE: _ZNK7Vector2IdEplERKS0_ @ 0xa30b20
CIRCLE: _ZNK10AP_DAL_GPS6statusEh @ 0xa30bb0
CIRCLE: _ZNK10AP_DAL_GPS8locationEh @ 0xa30c20
CIRCLE: _ZN7Vector2IdE4zeroEv @ 0xa30c90
CIRCLE: _ZNK10AP_DAL_GPS14primary_sensorEv @ 0xa30cf0
CIRCLE: _ZNK11AP_AHRS_DCM12get_locationER8Location @ 0x5ea220
CIRCLE: _ZNK7AP_Baro12get_altitudeEv @ 0xa30da0
CIRCLE: _ZN8Location6offsetEdd @ 0x5ea550
CIRCLE: _ZNK6AP_GPS7get_lagERf @ 0xa30e00
CIRCLE: _ZNK6AP_GPS7get_lagEhRf @ 0x5ea5e0
CIRCLE: _ZNK7AP_Baro12get_altitudeEh @ 0xa30e80
CIRCLE: _ZNK7AP_AHRS16get_velocity_NEDER7Vector3IfE @ 0x5eabc0
CIRCLE: _ZNK9AP_ParamTIfL11ap_var_type4EEngEv @ 0xa30f50
CIRCLE: _ZNK8Location10get_alt_cmENS_8AltFrameERi @ 0x5eb2c0
CIRCLE: _ZNK8Location13get_alt_frameEv @ 0x5eb600
CIRCLE: _ZNK7AP_AHRS10get_originER8Location @ 0x5eb6e0
CIRCLE: _ZNK9AP_Arming18get_enabled_checksEv @ 0x5ec150
CIRCLE: _ZN7HALSITL9Semaphore4takeEj @ 0x5ec2b0
CIRCLE: _ZN6AP_HAL9Semaphore13take_blockingEv @ 0xa31720
CIRCLE: _ZN4SITL6AS56006updateERKNS_8AircraftE @ 0x5ed7d0
CIRCLE: _ZNK4SITL8Aircraft12get_attitudeER11QuaternionTIfE @ 0xa325c0
CIRCLE: _ZL7degreesf.19207 @ 0x5edba0
CIRCLE: _ZN4SITL17I2CRegisters_8Bit12set_registerEhh @ 0x5edc00
CIRCLE: _ZN4SITL9I2CDevice6updateERKNS_8AircraftE @ 0xa327b0
CIRCLE: _ZN4SITL13TeraRangerI2C6updateERKNS_8AircraftE @ 0xa32950
CIRCLE: _ZNK4SITL8Aircraft17rangefinder_rangeEv @ 0x5ee2c0
CIRCLE: _ZL7radiansf.14466 @ 0x5ee7a0
CIRCLE: _Z10rand_floatv @ 0x5ee800
CIRCLE: _ZN4SITL7INA32216updateERKNS_8AircraftE @ 0x5eeae0
CIRCLE: _ZL15convert_voltagef @ 0x5eef60
CIRCLE: _ZL15convert_currentf @ 0x5ef030
CIRCLE: _ZN4SITL8QMC5883L6updateERKNS_8AircraftE @ 0x5ef290
CIRCLE: _ZN7Vector3IfE14rotate_inverseE8Rotation @ 0xa329c0
CIRCLE: _ZL7htole16t.13591 @ 0x5ef6a0
CIRCLE: _ZN7Vector3IsEC2Esss @ 0xa32b70
CIRCLE: _ZN4SITL10IS31FL31956updateERKNS_8AircraftE @ 0x5ef910
CIRCLE: _ZN4SITL17I2CRegisters_8Bit12get_registerEh @ 0xa32d10
CIRCLE: _ZN10SIM_RGBLED11set_coloursEhhh @ 0xa32d70
CIRCLE: _ZN4SITL6LM27556updateERKNS_8AircraftE @ 0x5f05f0
CIRCLE: _ZNK4SITL6LM275510LEDChannel13current_valueEv @ 0xa32f80
CIRCLE: _ZN4SITL6LP55626updateERKNS_8AircraftE @ 0x5f0ba0
CIRCLE: _ZN4SITL6LP556210LEDChannel6updateEv @ 0x5f0eb0
CIRCLE: _ZNK4SITL6LP556210LEDChannel13current_valueEv @ 0xa33200
CIRCLE: _ZN4SITL6MS5XXX6updateERKNS_8AircraftE @ 0x5f0f90
CIRCLE: _ZN7AP_Baro37get_pressure_temperature_for_alt_amslEfRfS0_ @ 0x5f1f40
CIRCLE: _ZN7AP_Baro29geometric_alt_to_geopotentialEf @ 0x5f2120
CIRCLE: _ZL33find_atmosphere_layer_by_altitudef @ 0x5f2180
CIRCLE: _ZN7AP_Baro33get_temperature_by_altitude_layerEfa @ 0x5f2230
CIRCLE: _ZN7AP_Baro29get_temperatureC_for_alt_amslEf @ 0x5f2db0
CIRCLE: _ZN4SITL12InvensenseV36updateERKNS_8AircraftE @ 0x5f2e20
CIRCLE: _ZNK4SITL8ICM4060911accel_scaleEv @ 0xa33750
CIRCLE: _ZL7radiansd.13033 @ 0x5f38e0
CIRCLE: _ZNK4SITL12InvensenseV310gyro_scaleEv @ 0xa337a0
CIRCLE: _ZN4SITL12InvensenseV313write_to_fifoEhPhh @ 0x5f3930
CIRCLE: _ZN4SITL7MCP96006updateERKNS_8AircraftE @ 0x5f3e90
CIRCLE: _ZL7htobe16t.12937 @ 0x5f4460
CIRCLE: _ZL10__bswap_16t.12939 @ 0x5f44b0
CIRCLE: _ZNK4SITL31I2CRegisters_ConfigurableLength13get_reg_valueEhRh @ 0x5f4520
CIRCLE: _ZN4SITL6TSYS036updateERKNS_8AircraftE @ 0x5f4970
CIRCLE: _ZN4SITL6TSYS016updateERKNS_8AircraftE @ 0x5f53c0
CIRCLE: _ZN4SITL5SHT3x6updateERKNS_8AircraftE @ 0x5f5ff0
CIRCLE: _ZN4SITL13Airspeed_DLVR6updateERKNS_8AircraftE @ 0x5f6870
CIRCLE: _ZN4SITL29SIM_BattMonitor_SMBus_Generic6updateERKNS_8AircraftE @ 0x5f7350
CIRCLE: _ZNK4SITL29SIM_BattMonitor_SMBus_Generic15connected_cellsEv @ 0xa34090
CIRCLE: _ZN4SITL21SIM_BattMonitor_SMBus6updateERKNS_8AircraftE @ 0x5f7bb0
CIRCLE: _ZNK4SITL8Aircraft19get_battery_voltageEv @ 0xa340e0
CIRCLE: _ZN4SITL11SMBusDevice12set_registerEht @ 0xa34130
CIRCLE: _ZN4SITL18I2CRegisters_16Bit12set_registerEht @ 0x5f7cc0
CIRCLE: _ZN4SITL11SMBusDevice12set_registerEhs @ 0xa341b0
CIRCLE: _ZN4SITL18I2CRegisters_16Bit12set_registerEhs @ 0x5f7d70
CIRCLE: _ZN4SITL6Rotoye6updateERKNS_8AircraftE @ 0x5f8010
CIRCLE: _ZN4SITL11SMBusDevice13get_reg_valueEh @ 0xa34460
CIRCLE: _ZN4SITL18I2CRegisters_16Bit13get_reg_valueEh @ 0xa344d0
CIRCLE: _ZL7be16toht.19258 @ 0x5f80e0
CIRCLE: _ZL10__bswap_16t.19259 @ 0x5f8130
CIRCLE: _ZNK4SITL6Maxell15connected_cellsEv @ 0xa34590
CIRCLE: _ZN4SITL13MaxSonarI2CXL6updateERKNS_8AircraftE @ 0xa346d0
CIRCLE: _ZN4SITL10ToshibaLED6updateERKNS_8AircraftE @ 0x5f83f0
CIRCLE: _ZNK6AP_HAL3HAL6serialEh @ 0xa35110
CIRCLE: _ZL14fill_stack_nanv @ 0x5f8eb0
CIRCLE: _ZN7HALSITL9Scheduler13_run_io_procsEv @ 0x5f9230
CIRCLE: _ZNK7FunctorIvJEEcvbEv @ 0xa35220
CIRCLE: _ZNK7FunctorIvJEEclEv @ 0xa35280
CIRCLE: _ZN7HALSITL16I2CDeviceManager11_timer_tickEv @ 0x5f9440
CIRCLE: _ZN2AP2RCEv @ 0x5f94e0
CIRCLE: _ZN13AP_RCProtocol6updateEv @ 0x5f9590
CIRCLE: _ZN13AP_RCProtocol16check_added_uartEv @ 0x5f95e0
CIRCLE: _ZNK13AP_RCProtocol13should_searchEj @ 0x5f9850
CIRCLE: _ZN21AP_RCProtocol_Backend9new_inputEv @ 0x5fa010
CIRCLE: _ZNK17AP_RCProtocol_FDM6activeEv @ 0xa35520
CIRCLE: _ZN6I2CBus11_timer_tickEv @ 0x5fa220
CIRCLE: _ZN9AP_Logger6WriteVEPKcS1_S1_S1_S1_P13__va_list_tagbb @ 0x5fa350
CIRCLE: _ZN9AP_Logger16msg_fmt_for_nameEPKcS1_S1_S1_S1_bb @ 0x5fa550
CIRCLE: _ZN17AP_Logger_Backend5WriteEhP13__va_list_tagbb @ 0x5fae40
CIRCLE: _ZNK9AP_Logger24assert_same_fmt_for_nameEPKNS_13log_write_fmtEPKcS4_S4_S4_S4_ @ 0x5fb9c0
CIRCLE: _ZN3GCS14update_receiveEv @ 0x5fcd30
CIRCLE: _ZN3GCS11update_sendEv @ 0x5fcde0
CIRCLE: _ZN19MissionItemProtocol6updateEv @ 0x5fd120
CIRCLE: _ZN11GCS_MAVLINK11update_sendEv @ 0x5fd2f0
CIRCLE: _ZN3GCS18service_statustextEv @ 0x5fd6d0
CIRCLE: _ZN3GCS15StatusTextQueue9semaphoreEv @ 0xa35780
CIRCLE: _ZNK11ObjectArrayIN3GCS12statustext_tEE8is_emptyEv @ 0xa357d0
CIRCLE: _ZN11GCS_MAVLINK18service_statustextEv @ 0x5fd840
CIRCLE: _ZN3GCS15StatusTextQueue5pruneEv @ 0x5fda80
CIRCLE: _ZNK11ObjectArrayIN3GCS12statustext_tEE9availableEv @ 0xa35830
CIRCLE: _ZN11ObjectArrayIN3GCS12statustext_tEEixEt @ 0xa35880
CIRCLE: _ZN11ObjectArrayIN3GCS12statustext_tEE6removeEt @ 0xa35920
CIRCLE: _ZN3GCS16statustext_queueEv @ 0xa35b20
CIRCLE: _Z14comm_chan_lock17mavlink_channel_t @ 0x5fdbb0
CIRCLE: _ZL27mavlink_msg_statustext_send17mavlink_channel_thPKcth @ 0x5fdc10
CIRCLE: _ZL16mav_array_memcpyPvPKvm.6113 @ 0x5fdcf0
CIRCLE: _ZN9AP_Logger15handle_log_sendEv @ 0x5fdd90
CIRCLE: _ZN22GCS_MAVLINK_InProgress11check_tasksEv @ 0x5fe460
CIRCLE: _ZNK3GCS11out_of_timeEv @ 0x5fe650
CIRCLE: _ZN11GCS_MAVLINK30deferred_message_to_send_indexEt @ 0x5fe730
CIRCLE: _ZN11GCS_MAVLINK19do_try_send_messageE10ap_message @ 0x5fe910
CIRCLE: _ZNK7BitmaskILt91EE9first_setEv @ 0xa35b70
CIRCLE: _ZN7BitmaskILt91EE5clearEt @ 0xa35c40
CIRCLE: _ZN11GCS_MAVLINK36next_deferred_bucket_message_to_sendEt @ 0x5fea40
CIRCLE: _ZNK7BitmaskILt91EE5countEv @ 0xa35d00
CIRCLE: _ZNK11GCS_MAVLINK26get_reschedule_interval_msERKNS_25deferred_message_bucket_tE @ 0x5feb70
CIRCLE: _ZN11GCS_MAVLINK24find_next_bucket_to_sendEt @ 0x5fec70
CIRCLE: _ZN7BitmaskILt91EEaSERKS0_ @ 0xa35dd0
CIRCLE: _ZNK11GCS_MAVLINK24requesting_mission_itemsEv @ 0x5fee40
CIRCLE: _ZN7GCS_FTP16get_last_send_msE17mavlink_channel_t @ 0x5fef30
CIRCLE: _ZNK19MissionItemProtocol14active_link_isEPK11GCS_MAVLINK @ 0xa35ea0
CIRCLE: _ZNK7BitmaskILt91EE8validateEt @ 0xa35f10
CIRCLE: _ZNK11GCS_MAVLINK17telemetry_delayedEv @ 0x5ff0d0
CIRCLE: _ZNK3GCS11telem_delayEv @ 0xa35fa0
CIRCLE: _ZN14AP_BoardConfig15in_config_errorEv @ 0xa36000
CIRCLE: _ZNK12AP_Scheduler19time_available_usecEv @ 0x5ff1a0
CIRCLE: _ZN11AP_Airspeed13get_singletonEv @ 0xa36040
CIRCLE: _ZN2AP2FSEv @ 0x5ff420
CIRCLE: _ZN19AP_Filesystem_Posix5writeEiPKvj @ 0x5ff7c0
CIRCLE: _ZN21AP_Filesystem_Backend17bytes_until_fsyncEi @ 0xa36080
CIRCLE: _ZN19AP_Filesystem_Posix9disk_freeEPKc @ 0x5fffb0
CIRCLE: _ZNK21AP_Filesystem_Backend15file_op_allowedEv @ 0x6006e0
CIRCLE: _ZL12map_filenamePKc @ 0x600780
CIRCLE: _ZL17map_filename_freePKc @ 0x600820
CIRCLE: _Z16comm_get_txspace17mavlink_channel_t @ 0x600970
CIRCLE: _ZL28mavlink_msg_command_ack_send17mavlink_channel_tthhihh @ 0x600a00
CIRCLE: _ZNK11AP_Airspeed7enabledEh @ 0x600af0
CIRCLE: _ZNK11AP_Airspeed11lib_enabledEv @ 0x600bb0
CIRCLE: _ZN11GCS_MAVLINK23set_ap_message_intervalE10ap_messaget @ 0x600f90
CIRCLE: _ZNK11GCS_MAVLINK20cap_message_intervalEt @ 0x6013b0
CIRCLE: _ZNK11GCS_MAVLINK26get_deferred_message_indexE10ap_message @ 0x601480
CIRCLE: _ZNK7BitmaskILt91EE3getEt @ 0xa362c0
CIRCLE: _ZN7BitmaskILt91EE3setEt @ 0xa36390
CIRCLE: _ZN12AP_Scheduler18get_loop_period_usEv @ 0xa36450
CIRCLE: _ZNK13AP_Filesystem13backend_by_fdERi @ 0x601d00
CIRCLE: _ZNK13AP_Filesystem15backend_by_pathERPKc @ 0x601dd0
CIRCLE: _ZN11GCS_MAVLINK39initialise_message_intervals_for_streamENS_7streamsE @ 0x6020c0
CIRCLE: _ZNK11GCS_MAVLINK23get_interval_for_streamENS_7streamsE @ 0x6022c0
CIRCLE: _ZNK11GCS_MAVLINK8get_chanEv @ 0xa364f0
CIRCLE: _ZL28mavlink_msg_mission_ack_send17mavlink_channel_thhhh.18101 @ 0x602ca0
CIRCLE: _ZNK11GCS_MAVLINK22get_stream_slowdown_msEv @ 0xa36590
CIRCLE: _ZN11GCS_MAVLINK12send_messageE10ap_message @ 0x602d70
CIRCLE: _ZN11GCS_MAVLINK22save_signing_timestampEb @ 0x602e80
CIRCLE: _ZNK11GCS_MAVLINK12is_streamingEv @ 0xa365e0
CIRCLE: _ZN11GCS_MAVLINK16signing_key_loadER10SigningKey @ 0x602fb0
CIRCLE: _ZNK13StorageAccess11write_blockEtPKvm @ 0x603110
CIRCLE: _ZNK11GCS_MAVLINK9send_textE12MAV_SEVERITYPKcz @ 0x603d10
CIRCLE: _ZN19LoggerMessageWriter5resetEv @ 0x605310
CIRCLE: _ZNK13StorageAccess10write_byteEth @ 0x605a40
CIRCLE: _Z9check_lati @ 0x605b40
CIRCLE: _Z9check_lngi @ 0x605bb0
CIRCLE: _ZN19AC_PolyFence_loader13check_indexedEv @ 0x605c20
CIRCLE: _ZN19MissionItemProtocol26allocate_receive_resourcesEt @ 0xa36e50
CIRCLE: _ZN19MissionItemProtocol21free_upload_resourcesEv @ 0xa36f00
CIRCLE: _ZNK29MissionItemProtocol_Waypoints12mission_typeEv @ 0xa37190
CIRCLE: _ZNK29MissionItemProtocol_Waypoints23next_item_ap_message_idEv @ 0xa371e0
CIRCLE: _ZN29MissionItemProtocol_Waypoints8truncateERK25__mavlink_mission_count_t @ 0x607580
CIRCLE: _ZNK29MissionItemProtocol_Waypoints10item_countEv @ 0x607730
CIRCLE: _ZNK29MissionItemProtocol_Waypoints9max_itemsEv @ 0x607790
CIRCLE: _ZN29MissionItemProtocol_Waypoints12replace_itemERK28__mavlink_mission_item_int_t @ 0x6077f0
CIRCLE: _ZN29MissionItemProtocol_Waypoints8completeERK11GCS_MAVLINK @ 0x607aa0
CIRCLE: _ZN9AP_Logger19Write_EntireMissionEv @ 0x607b80
CIRCLE: _ZN17AP_Logger_Backend19Write_EntireMissionEv @ 0x607c10
CIRCLE: _ZN30LoggerMessageWriter_DFLogStart18writeentiremissionEv @ 0x607c70
CIRCLE: _ZN38LoggerMessageWriter_WriteEntireMission5resetEv @ 0x607d00
CIRCLE: _ZN10AP_Mission26mavlink_int_to_mission_cmdERK28__mavlink_mission_item_int_tRNS_15Mission_CommandE @ 0x607d70
CIRCLE: _ZN10AP_Mission20write_cmd_to_storageEtRKNS_15Mission_CommandE @ 0x609800
CIRCLE: _ZNK10AP_Mission16num_commands_maxEv @ 0xa372f0
CIRCLE: _ZNK13StorageAccess12write_uint16Ett @ 0x609b80
CIRCLE: _ZN10AP_Mission19sanity_check_paramsERK28__mavlink_mission_item_int_t @ 0x609c10
CIRCLE: _Z11is_negativeIfEbT_ @ 0xa37340
CIRCLE: _ZN10AP_Mission11replace_cmdEtRKNS_15Mission_CommandE @ 0x609fe0
CIRCLE: _ZN10AP_Mission26mission_cmd_to_mavlink_intERKNS_15Mission_CommandER28__mavlink_mission_item_int_t @ 0x60a0b0
CIRCLE: _ZN10AP_Mission8truncateEt @ 0x60b630
CIRCLE: _ZN11GCS_MAVLINK14update_receiveEj @ 0x60b7a0
CIRCLE: _ZN3GCS15update_passthruEv @ 0x60bc70
CIRCLE: _ZN16AP_SerialManager12get_passthruERPN6AP_HAL10UARTDriverES3_RhRjS5_ @ 0x60c1a0
CIRCLE: _ZN6AP_HAL10UARTDriver11read_lockedEPhmj @ 0x60cc20
CIRCLE: _ZNK11GCS_MAVLINK6lockedEv @ 0xa37680
CIRCLE: _ZNK7FunctorIbJhPN6AP_HAL10UARTDriverEEEcvbEv @ 0xa376e0
CIRCLE: _ZN11GCS_MAVLINK14channel_bufferEv @ 0xa377c0
CIRCLE: mavlink_frame_char_buffer @ 0x60d300
CIRCLE: _ZN12AP_Scripting14handle_messageERK17__mavlink_message17mavlink_channel_t @ 0x60dba0
CIRCLE: _ZN11GCS_MAVLINK13send_timesyncEv @ 0x60dd90
CIRCLE: _ZN11GCS_MAVLINK17log_mavlink_statsEv @ 0x60de00
CIRCLE: _ZNK11GCS_MAVLINK15signing_enabledEv @ 0x60df80
CIRCLE: _ZNK11GCS_MAVLINK21timesync_timestamp_nsEv @ 0x60e020
CIRCLE: _ZL25mavlink_msg_timesync_send17mavlink_channel_tll @ 0x60e080
CIRCLE: mavlink_start_checksum @ 0x60e120
CIRCLE: mavlink_update_checksum @ 0x60e180
CIRCLE: _Z9fill_nanfPft @ 0x60ebc0
CIRCLE: _ZN10ByteBuffer7advanceEj @ 0x611c50
CIRCLE: _ZN5Empty11OpticalFlow9push_gyroEfff @ 0xa38690
CIRCLE: _ZN5Empty11OpticalFlow14push_gyro_biasEff @ 0xa38700
CIRCLE: _ZN6AP_HAL4Util14set_soft_armedEb @ 0x612770
CIRCLE: _ZNK7HALSITL4Util18was_watchdog_resetEv @ 0xa389d0
CIRCLE: _ZN7HALSITL4Util19safety_switch_stateEv @ 0x612900
CIRCLE: _ZN7HALSITL4Util16available_memoryEv @ 0xa38ec0
CIRCLE: _ZN7HALSITL4Util8uart_logEv @ 0x612ee0
CIRCLE: _ZN6AP_HAL4Util14log_stack_infoEv @ 0xa39260
CIRCLE: _ZN6AP_HAL10UARTDriver9log_statsEhRNS0_12StatsTrackerEj @ 0x6130b0
CIRCLE: _ZN6AP_HAL10UARTDriver12StatsTracker11ByteTracker6updateEj @ 0x613250
CIRCLE: _ZN7HALSITL8RCOutput20_safety_switch_stateEv @ 0xa39300
CIRCLE: _ZN6AP_HAL10UARTDriver5writeEPKhm @ 0x615780
CIRCLE: _ZN6AP_HAL10UARTDriver9availableEv @ 0x6158c0
CIRCLE: _ZN6AP_HAL10UARTDriver4readEv @ 0x615940
CIRCLE: _ZN6AP_HAL10UARTDriver4readERh @ 0x6159c0
CIRCLE: _ZN6AP_HAL10UARTDriver4readEPht @ 0x615ac0
CIRCLE: _ZN7HALSITL10UARTDriver7txspaceEv @ 0x615b30
CIRCLE: _ZN7HALSITL10UARTDriver11_timer_tickEv @ 0x615eb0
CIRCLE: _ZN7HALSITL10UARTDriver26receive_time_constraint_usEt @ 0x615f10
CIRCLE: _ZN7HALSITL10UARTDriver6_writeEPKhm @ 0x616b40
CIRCLE: _ZN7HALSITL10UARTDriver5_readEPht @ 0x616d10
CIRCLE: _ZN7HALSITL10UARTDriver10_availableEv @ 0x616f00
CIRCLE: _ZNK7HALSITL10UARTDriver18get_total_tx_bytesEv @ 0xa3ba90
CIRCLE: _ZNK7HALSITL10UARTDriver18get_total_rx_bytesEv @ 0xa3bae0
CIRCLE: _ZNK6AP_HAL10UARTDriver26get_total_dropped_rx_bytesEv @ 0xa3bb30
CIRCLE: _ZN7HALSITL10UARTDriver17_check_connectionEv @ 0x616ff0
CIRCLE: _ZN7HALSITL10UARTDriver13_select_checkEi @ 0x617130
CIRCLE: _ZN10ByteBuffer4readEPhj @ 0x617340
CIRCLE: _ZN7HALSITL10UARTDriver41handle_writing_from_writebuffer_to_deviceEv @ 0x6173e0
CIRCLE: _ZN7HALSITL10UARTDriver16_check_reconnectEv @ 0x617790
CIRCLE: _ZL3MINIjjEDTqultfp_fp0_fp_fp0_ERKT_RKT0_.12221 @ 0x617b90
CIRCLE: _ZNK4SITL12SerialDevice15write_to_deviceEPKcm @ 0x617c10
CIRCLE: _ZNK4SITL12SerialDevice18write_to_autopilotEPKcm @ 0x61af70
CIRCLE: _ZNK4SITL12SerialDevice13is_match_baudEv @ 0x61b030
CIRCLE: _ZNK4SITL3GPS18write_to_autopilotEPKcm @ 0x61b160
CIRCLE: _ZNK4SITL3GPS11device_baudEv @ 0x61b380
CIRCLE: _Z8wrap_180IdET_S0_ @ 0xa3d120
CIRCLE: _ZN8Location14offset_bearingEdd @ 0x61e0c0
CIRCLE: _ZNK7Vector2IfEplERKS0_ @ 0xa3d580
CIRCLE: _ZL7radiansd @ 0x61e1c0
CIRCLE: _Z8wrap_360d @ 0x61e210
CIRCLE: _ZNK4SITL12SerialDevice19read_from_autopilotEPcm @ 0x61e2b0
CIRCLE: _Z7is_zerod @ 0xa3f250
CIRCLE: _ZN7HALSITL10UARTDriver40handle_reading_from_device_to_readbufferEv @ 0x623ba0
CIRCLE: _ZNK4SITL12SerialDevice16read_from_deviceEPcm @ 0x624030
CIRCLE: _ZN7HALSITL8AnalogIn13board_voltageEv @ 0xa40760
CIRCLE: _ZN6AP_HAL8AnalogIn17servorail_voltageEv @ 0xa407b0
CIRCLE: _ZN6AP_HAL8AnalogIn18power_status_flagsEv @ 0xa40800
CIRCLE: _ZN7HALSITL9ADCSource7set_pinEh @ 0x624c70
CIRCLE: _ZN7HALSITL9ADCSource15voltage_averageEv @ 0x624cf0
CIRCLE: _ZN7HALSITL9ADCSource14voltage_latestEv @ 0x624d40
CIRCLE: _ZN7HALSITL4GPIO13usb_connectedEv @ 0x6254a0
CIRCLE: _ZN7HALSITL8RCOutput9enable_chEh @ 0x6258a0
CIRCLE: _ZN7HALSITL8RCOutput10disable_chEh @ 0x625930
CIRCLE: _ZN7HALSITL8RCOutput5writeEht @ 0x6259c0
CIRCLE: _ZN6AP_HAL8RCOutput20update_channel_masksEv @ 0xa411e0
CIRCLE: _ZN7HALSITL8RCOutput4corkEv @ 0x625af0
CIRCLE: _ZN7HALSITL8RCOutput4pushEv @ 0x625b80
CIRCLE: _ZN7HALSITL8RCOutput4readEh @ 0x625cb0
CIRCLE: _ZN7HALSITL8RCOutput4readEPth @ 0x625d40
CIRCLE: _ZN6AP_HAL8RCOutput16set_default_rateEt @ 0xa41a80
CIRCLE: _ZN17AP_ESC_Telem_SITL6updateEv @ 0x626160
CIRCLE: _ZN7HALSITL7RCInput9new_inputEv @ 0x626aa0
CIRCLE: _ZN7HALSITL7RCInput12num_channelsEv @ 0x626b00
CIRCLE: _ZN7HALSITL7RCInput4readEh @ 0x626b60
CIRCLE: _ZN13AP_RCProtocol4readEh @ 0x626e10
CIRCLE: _ZN21AP_RCProtocol_Backend4readEh @ 0x626ea0
CIRCLE: _ZN13AP_RCProtocol12num_channelsEv @ 0x626f00
CIRCLE: _ZNK21AP_RCProtocol_Backend12num_channelsEv @ 0x626f80
CIRCLE: _ZN13AP_RCProtocol9new_inputEv @ 0x626fd0
CIRCLE: _ZN13AP_RCProtocol21detect_async_protocolENS_12rcprotocol_tE @ 0x627190
CIRCLE: _ZNK13AP_RCProtocol10using_uartEv @ 0xa425b0
CIRCLE: _ZN17AP_RCProtocol_FDM6updateEv @ 0x627de0
CIRCLE: _ZN21AP_RCProtocol_Backend9add_inputEhPtbss @ 0x627fc0
CIRCLE: _ZL3MINIhiEDTqultfp_fp0_fp_fp0_ERKT_RKT0_.18381 @ 0x628120
CIRCLE: _ZN13AP_RCProtocol19set_failsafe_activeEb @ 0xa42f80
CIRCLE: _ZN21AP_RCProtocol_Backend6updateEv @ 0xa43090
CIRCLE: _ZN17AP_RCProtocol_UDP6updateEv @ 0x6281a0
CIRCLE: _ZN17AP_RCProtocol_UDP21read_all_socket_inputEv @ 0x628400
CIRCLE: _ZN16SocketAPM_native4recvEPvmj @ 0x6286a0
CIRCLE: _ZN16SocketAPM_native6pollinEj @ 0x6288d0
CIRCLE: _ZNK16SocketAPM_native11get_read_fdEv @ 0xa431c0
CIRCLE: _ZN18AP_RCProtocol_GHST6updateEv @ 0x629140
CIRCLE: _ZNK7AP_AHRS13get_variancesERfS0_S0_R7Vector3IfES0_ @ 0x62ad90
CIRCLE: _ZNK7NavEKF312getVariancesERfS0_S0_R7Vector3IfES0_R7Vector2IfE @ 0x62b070
CIRCLE: _ZNK12NavEKF3_core12getVariancesERfS0_S0_R7Vector3IfES0_R7Vector2IfE @ 0x62b250
CIRCLE: _ZL3MAXIddEDTqugtfp_fp0_fp_fp0_ERKT_RKT0_.4222 @ 0x62b450
CIRCLE: _ZNK7Vector2IdE7tofloatEv @ 0xa438f0
CIRCLE: _ZN3GCS23get_sensor_status_flagsERjS0_S0_ @ 0x62b7c0
CIRCLE: _ZN3GCS26update_sensor_status_flagsEv @ 0x62b880
CIRCLE: _ZNK7AP_AHRS11initialisedEv @ 0x62c040
CIRCLE: _ZNK7AP_Baro13num_instancesEv @ 0xa43950
CIRCLE: _ZNK6AP_GPS10is_healthyEv @ 0xa439a0
CIRCLE: _ZNK14AP_BattMonitor13num_instancesEv @ 0xa43a00
CIRCLE: _ZNK14AP_BattMonitor7healthyEv @ 0x62c170
CIRCLE: _ZNK14AP_BattMonitor13has_failsafedEv @ 0xa43a50
CIRCLE: _ZNK17AP_InertialSensor11calibratingEv @ 0x62c260
CIRCLE: _ZNK9AP_Logger15logging_enabledEv @ 0x62c330
CIRCLE: _ZNK6AP_GPS15logging_presentEv @ 0xa43ab0
CIRCLE: _ZNK6AP_GPS15logging_enabledEv @ 0xa43b20
CIRCLE: _ZNK6AP_GPS14logging_failedEv @ 0x62c400
CIRCLE: _ZNK7AP_AHRS12get_ekf_typeEv @ 0xa43b90
CIRCLE: _ZNK8AC_Fence18sys_status_enabledEv @ 0x62c4e0
CIRCLE: _ZNK8AC_Fence18sys_status_presentEv @ 0x62c580
CIRCLE: _ZNK8AC_Fence17sys_status_failedEv @ 0x62c5e0
CIRCLE: _ZNK11AP_Airspeed7enabledEv @ 0xa43bf0
CIRCLE: _ZN2AP11opticalflowEv @ 0x62c730
CIRCLE: _ZNK14AP_OpticalFlow7enabledEv @ 0xa43d00
CIRCLE: _ZNK14AP_OpticalFlow7healthyEv @ 0xa43d70
CIRCLE: _ZN2AP6armingEv @ 0x62c770
CIRCLE: _ZNK11RC_Channels22has_ever_seen_rc_inputEv @ 0xa43df0
CIRCLE: _ZN9AP_Arming13get_singletonEv @ 0x62c7b0
CIRCLE: _ZNK7AP_EnumIN14AP_OpticalFlow4TypeEEcvKS1_Ev @ 0xa43e50
CIRCLE: _ZN14AP_OpticalFlow13get_singletonEv @ 0xa43ea0
CIRCLE: _ZNK11AP_Airspeed7healthyEh @ 0x62c7f0
CIRCLE: _ZN2AP8airspeedEv @ 0x62c970
CIRCLE: _ZNK11AP_Airspeed7healthyEv @ 0xa43fc0
CIRCLE: _ZNK11AP_Airspeed3useEh @ 0x62c9b0
CIRCLE: _ZN12SRV_Channels17get_output_scaledEN11SRV_Channel8FunctionE @ 0x62cae0
CIRCLE: _ZNK8AC_Fence12get_breachesEv @ 0xa44020
CIRCLE: _ZNK7AP_EnumIN8AC_Fence6ActionEEcvKS1_Ev @ 0xa44070
CIRCLE: _ZNK14AP_BattMonitor7healthyEh @ 0x62cbe0
CIRCLE: _ZNK6AP_GPS8num_satsEv @ 0xa44280
CIRCLE: _ZNK6AP_GPS8num_satsEh @ 0xa44360
CIRCLE: _ZNK14AP_BattMonitor12current_ampsERfh @ 0x62dad0
CIRCLE: _ZNK14AP_BattMonitor12consumed_mahERfh @ 0x62dbc0
CIRCLE: _ZN9AP_Logger14WriteStreamingEPKcS1_S1_z @ 0x62e8e0
CIRCLE: _ZN22AP_RCProtocol_DroneCAN6updateEv @ 0x62eb40
CIRCLE: _ZNK16AP_SerialManager11find_serialENS_14SerialProtocolEh @ 0x62ff30
CIRCLE: _ZNK7AP_Baro12get_pressureEh @ 0xa45fb0
CIRCLE: _ZNK7AP_Baro15get_temperatureEh @ 0xa46100
CIRCLE: _ZNK7AP_Baro23get_altitude_differenceEff @ 0x633550
CIRCLE: _ZNK7AP_Baro26get_altitude_from_pressureEf @ 0x6335f0
CIRCLE: _ZL33find_atmosphere_layer_by_pressuref @ 0x633850
CIRCLE: _ZNK7AP_Baro17get_altitude_AMSLEv @ 0xa46170
CIRCLE: _ZN7AP_Baro29geopotential_alt_to_geometricEf @ 0x633900
CIRCLE: _ZNK7AP_Baro17get_altitude_AMSLEh @ 0xa461d0
CIRCLE: _ZN9AP_Notify6updateEv @ 0x633b40
CIRCLE: _ZN2AP3srvEv @ 0x633ce0
CIRCLE: _ZN12SRV_Channels4corkEv @ 0x633d20
CIRCLE: _ZN12SRV_Channels4pushEv @ 0x633d80
CIRCLE: _ZN16AP_Volz_Protocol6updateEv @ 0x633f30
CIRCLE: _ZN10AP_SBusOut6updateEv @ 0x634200
CIRCLE: _ZN15AP_RobotisServo6updateEv @ 0x634380
CIRCLE: _ZN16AP_FETtecOneWire6updateEv @ 0x6345f0
CIRCLE: _ZN2AP6kdecanEv @ 0x6348e0
CIRCLE: _ZN9AP_KDECAN6updateEv @ 0x634920
CIRCLE: _ZN12SRV_Channels12find_channelEN11SRV_Channel8FunctionERh @ 0x635300
CIRCLE: _ZN11SRV_Channel8calc_pwmEf @ 0x6353d0
CIRCLE: _ZNK11SRV_Channel21pwm_from_scaled_valueEf @ 0x6354c0
CIRCLE: _ZNK11SRV_Channel14pwm_from_angleEf @ 0x635560
CIRCLE: _ZN9AP_KDECAN13get_singletonEv @ 0xa46f50
CIRCLE: _ZN16AP_FETtecOneWire4initEv @ 0x637090
CIRCLE: _ZN16AP_FETtecOneWire9init_uartEv @ 0x638660
CIRCLE: _ZN12SRV_Channels13get_singletonEv @ 0xa479b0
CIRCLE: _ZNK10AP_Mission21get_current_nav_indexEv @ 0xa47d40
CIRCLE: _ZNK6AP_GPS8get_hdopEh @ 0xa48010
CIRCLE: _ZNK7AP_AHRS11groundspeedEv @ 0xa48110
CIRCLE: _ZN7AP_Baro14get_climb_rateEv @ 0x63d900
CIRCLE: _ZN16DerivativeFilterIfLh7EE5slopeEv @ 0xa481b0
CIRCLE: _ZNK11RangeFinder11get_backendEh @ 0x63db50
CIRCLE: _Z14float_to_int16f @ 0x63f5b0
CIRCLE: _ZNK7AP_AHRS11get_yaw_degEv @ 0xa48d30
CIRCLE: _ZNK7AP_AHRS28get_relative_position_D_homeERf @ 0x63f730
CIRCLE: _ZNK8Location9get_alt_mENS_8AltFrameERf @ 0x63f8d0
CIRCLE: _ZNK7AP_AHRS30get_relative_position_D_originERd @ 0x63f980
CIRCLE: _ZNK7AP_AHRS11_get_originER8Location @ 0x63fac0
CIRCLE: _ZNK7AP_AHRS11_get_originENS_7EKFTypeER8Location @ 0x63fba0
CIRCLE: _ZNK7NavEKF312getOriginLLHER8Location @ 0x63fdb0
CIRCLE: _ZN18AP_RCProtocol_CRSF6updateEv @ 0x6428e0
CIRCLE: _ZN13AP_CRSF_Telem13get_singletonEv @ 0x642f10
CIRCLE: _ZN13AP_CRSF_Telem13queue_messageE12MAV_SEVERITYPKc @ 0x643960
CIRCLE: _ZN9AP_Notify13get_singletonEv @ 0xa499a0
CIRCLE: _ZN2AP10crsf_telemEv @ 0x6466b0
CIRCLE: _ZNK7AP_AHRS12get_roll_radEv @ 0xa4a190
CIRCLE: _ZNK7AP_AHRS13get_pitch_radEv @ 0xa4a1e0
CIRCLE: _ZN19AP_RCProtocol_SRXL26updateEv @ 0x64c4d0
CIRCLE: _ZNK14AP_BattMonitor15get_temperatureERfh @ 0x64f5b0
CIRCLE: _ZN2AP3rtcEv @ 0x64f680
CIRCLE: _ZNK6AP_RTC12get_utc_usecERm @ 0x64f7a0
CIRCLE: _ZN6AP_RTC13get_singletonEv @ 0xa4adf0
CIRCLE: _ZN2AP9esc_telemEv @ 0x64fb00
CIRCLE: _ZN12AP_ESC_Telem13get_singletonEv @ 0x64ffb0
CIRCLE: _ZN17AP_RCProtocol_DSM6updateEv @ 0x6534c0
CIRCLE: _ZN7HALSITL9Scheduler5delayEt @ 0x654db0
CIRCLE: _ZN7HALSITL9Scheduler18delay_microsecondsEt @ 0x654ea0
CIRCLE: _ZN6AP_HAL9Scheduler24delay_microseconds_boostEt @ 0xa4b5d0
CIRCLE: _ZN6AP_HAL9Scheduler9boost_endEv @ 0xa4b6e0
CIRCLE: _ZNK6AP_HAL9Scheduler17in_delay_callbackEv @ 0xa4b730
CIRCLE: _ZN7HALSITL9Scheduler21is_system_initializedEv @ 0xa4b790
CIRCLE: _ZN7HALSITL9Scheduler10stop_clockEm @ 0x655410
CIRCLE: _ZNK7HALSITL9Scheduler14in_main_threadEv @ 0x6554b0
CIRCLE: _ZN7HALSITL10SITL_State10wait_clockEm @ 0x655b70
CIRCLE: _ZNK4SITL8Aircraft11get_speedupEv @ 0xa4b940
CIRCLE: _ZNK7HALSITL9Scheduler28semaphore_wait_hack_requiredEv @ 0x655d20
CIRCLE: _ZN7HALSITL10SITL_State15_fdm_input_stepEv @ 0x655da0
CIRCLE: _ZN7HALSITL10SITL_State16_fdm_input_localEv @ 0x655ef0
CIRCLE: _ZNK7HALSITL9Scheduler22interrupts_are_blockedEv @ 0xa4b990
CIRCLE: _ZN7HALSITL9Scheduler17sitl_begin_atomicEv @ 0xa4b9f0
CIRCLE: _ZN7HALSITL9Scheduler11timer_eventEv @ 0xa4ba50
CIRCLE: _ZN7HALSITL9Scheduler15sitl_end_atomicEv @ 0x656090
CIRCLE: _ZN7HALSITL10SITL_State16_update_airspeedEf @ 0x656130
CIRCLE: _ZN7HALSITL10SITL_State19_update_rangefinderEv @ 0x6564a0
CIRCLE: _ZNK7HALSITL10SITL_State18_sonar_pin_voltageEv @ 0x656500
CIRCLE: _ZN7AP_Baro24get_EAS2TAS_for_alt_amslEf @ 0x656670
CIRCLE: _ZL2sqf.11982 @ 0x6566f0
CIRCLE: _ZN7AP_Baro28get_air_density_for_alt_amslEf @ 0x656740
CIRCLE: _ZL3MAXIffEDTqugtfp_fp0_fp_fp0_ERKT_RKT0_.1713 @ 0x656910
CIRCLE: _ZN7HALSITL9Scheduler16_run_timer_procsEv @ 0x656990
CIRCLE: _ZN7HALSITL10SITL_State17_simulator_servosER10sitl_input @ 0x656a90
CIRCLE: _ZN4SITL11JSON_Master7receiveER10sitl_input @ 0x657720
CIRCLE: _ZN7HALSITL10SITL_State22multicast_servo_updateER10sitl_input @ 0x657bc0
CIRCLE: _ZN4SITL8Aircraft11update_homeEv @ 0x657ca0
CIRCLE: _ZN4SITL8Aircraft12update_modelERK10sitl_input @ 0x657e00
CIRCLE: _ZN4SITL8Aircraft8fill_fdmERNS_8sitl_fdmE @ 0x657ea0
CIRCLE: _ZN7HALSITL8CANIface14num_interfacesEv @ 0xa4baf0
CIRCLE: _ZNK4SITL8Aircraft20get_position_relhomeEv @ 0x658a70
CIRCLE: _ZN4SITL11JSON_Master4sendERKNS_8sitl_fdmERK7Vector3IdE @ 0x658b30
CIRCLE: _ZN7HALSITL17SITL_State_Common10sim_updateEv @ 0x658dd0
CIRCLE: _ZN7HALSITL10SITL_State14set_height_aglEv @ 0x659620
CIRCLE: _ZNK4SITL8Aircraft15get_velocity_efEv @ 0xa4bb80
CIRCLE: _ZN4SITL3GPS6updateEv @ 0x65a9f0
CIRCLE: _ZN4SITL12SerialDevice17init_sitl_pointerEv @ 0x65c140
CIRCLE: _ZN4SITL3GPS24check_backend_allocationEv @ 0x65c1d0
CIRCLE: _ZN4SITL3GPS16interpolate_dataERKNS_8GPS_DataEj @ 0x65c7e0
CIRCLE: _ZL3MAXIifEDTqugtfp_fp0_fp_fp0_ERKT_RKT0_.12703 @ 0x65d170
CIRCLE: _ZNK4SITL11GPS_Backend11device_baudEv @ 0xa4c1a0
CIRCLE: _ZN4SITL11GPS_Backend11update_readEv @ 0x65d2f0
CIRCLE: _ZNK4SITL11GPS_Backend18write_to_autopilotEPKcm @ 0x65d640
CIRCLE: _ZNK4SITL11GPS_Backend19read_from_autopilotEPcm @ 0x65d6c0
CIRCLE: _ZN4SITL11GPS_Backend8gps_timeEv @ 0x65e160
CIRCLE: _ZNK7Vector2IdE6lengthEv @ 0xa4c3c0
CIRCLE: _ZN4SITL11GPS_Backend18simulation_timevalEP7timeval @ 0x65ea90
CIRCLE: _ZN4SITL9GPS_UBlox7publishEPKNS_8GPS_DataE @ 0x661960
CIRCLE: _Z4normIddJdEEdT_T0_DpKT1_ @ 0xa4ca60
CIRCLE: _ZL7degreesf.12791 @ 0x662430
CIRCLE: _ZN4SITL9GPS_UBlox8send_ubxEhPht @ 0x662960
CIRCLE: _ZL3MAXIiiEDTqugtfp_fp0_fp_fp0_ERKT_RKT0_.12792 @ 0x662b30
CIRCLE: _ZNK7Vector3IfE6is_nanEv @ 0xa4cae0
CIRCLE: _ZN7Matrix3IfE6rotateERK7Vector3IfE @ 0xa4cbb0
CIRCLE: _ZNK7Vector2IfE5angleEv @ 0xa4cd60
CIRCLE: _ZN7Matrix3IfEpLERKS0_ @ 0xa4cdd0
CIRCLE: _ZNK7Matrix3IfEplERKS0_ @ 0xa4ce60
CIRCLE: _Z2sqIdJddEEdT_DpKT0_ @ 0xa4cf80
CIRCLE: _ZNK11QuaternionTIfE8to_eulerERfS1_S1_ @ 0xa4d020
CIRCLE: _ZNK7Vector2IdE5angleEv @ 0xa4d0d0
CIRCLE: _ZNK11QuaternionTIfE13get_euler_yawEv @ 0xa4d130
CIRCLE: _ZNK7Vector3IdEplERKS0_ @ 0xa4db30
CIRCLE: _ZN7Vector3IdEpLERKS0_ @ 0xa4dbd0
CIRCLE: _ZN7Matrix3IdEC2Ev @ 0xa4dc70
CIRCLE: _ZN7Matrix3IdE10from_eulerEddd @ 0xa4dcf0
CIRCLE: _ZNK7Matrix3IdEmlERK7Vector3IdE @ 0xa4deb0
CIRCLE: _ZNK7Vector3IdEmiERKS0_ @ 0xa4e6a0
CIRCLE: _Z11wrap_360_cdf @ 0x66c650
CIRCLE: _ZNK7Vector3IdE6lengthEv @ 0xa4e800
CIRCLE: _ZN7Vector3IdE4zeroEv @ 0xa4e860
CIRCLE: _ZNK7Vector3IdEmlEd @ 0xa4e8c0
CIRCLE: _ZNK7Matrix3IfE10transposedEv @ 0xa4ea90
CIRCLE: _ZN7Matrix3IfE9normalizeEv @ 0xa4ec60
CIRCLE: _ZNK8Location22get_distance_NE_doubleERKS_ @ 0x66fc00
CIRCLE: _ZN7Vector3IdE2xyEv @ 0xa4ef30
CIRCLE: _ZN7Vector2IdEpLERKS0_ @ 0xa4ef80
CIRCLE: _ZL7degreesf.14500 @ 0x670b50
CIRCLE: _ZNK7Matrix3IfE8to_eulerEPfS1_S1_ @ 0xa4f000
CIRCLE: _ZNK7AP_EnumI8RotationEcvKS0_Ev @ 0xa4f120
CIRCLE: _ZNK8HAL_SITL32get_uart_output_full_queue_countEv @ 0x670c20
CIRCLE: _ZNK4SITL8Aircraft16get_wall_time_usEv @ 0x670d60
CIRCLE: _ZNK7Vector3IdEdvEd @ 0xa4f300
CIRCLE: _ZN4SITL8Aircraft12time_advanceEv @ 0x670de0
CIRCLE: _ZN4SITL8Aircraft15sync_frame_timeEv @ 0x670e80
CIRCLE: _ZN9AP_Logger14WriteStreamingEPKcS1_S1_S1_S1_z @ 0x671180
CIRCLE: _ZL3MAXI9AP_ParamTIfL11ap_var_type4EEdEDTqugtfp_fp0_fp_fp0_ERKT_RKT0_.11827 @ 0x6714f0
CIRCLE: _Z21calc_lowpass_alpha_dtff @ 0x671590
CIRCLE: _ZL3MAXIfiEDTqugtfp_fp0_fp_fp0_ERKT_RKT0_.11828 @ 0x6716c0
CIRCLE: _ZNK4SITL16FETtecOneWireESC7enabledEv @ 0xa4f6c0
CIRCLE: _ZNK4SITL4Volz7enabledEv @ 0xa4f730
CIRCLE: _ZN7HALSITL17SITL_State_Common22update_voltage_currentER10sitl_inputf @ 0x671990
CIRCLE: _ZN8AP_Param18eeprom_write_checkEPKvth @ 0x6743c0
CIRCLE: _ZNK4SITL8Aircraft22rangefinder_beam_widthEv @ 0xa51630
CIRCLE: _ZNK4SITL8Aircraft45perpendicular_distance_to_rangefinder_surfaceEv @ 0x6750e0
CIRCLE: _ZN4SITL8Aircraft23update_external_payloadERK10sitl_input @ 0x676c00
CIRCLE: _ZN4SITL8Aircraft15update_positionEv @ 0x677090
CIRCLE: _ZN4SITL8Aircraft19update_mag_field_bfEv @ 0x6776b0
CIRCLE: _ZN7Vector2IdEmIERKS0_ @ 0xa51680
CIRCLE: _ZNK4SITL7Sprayer10is_enabledEv @ 0xa51710
CIRCLE: _ZN4SITL3I2C6updateERKNS_8AircraftE @ 0x678480
CIRCLE: _ZNK4SITL6Buzzer10is_enabledEv @ 0xa517c0
CIRCLE: _ZNK4SITL13Gripper_Servo10is_enabledEv @ 0xa51820
CIRCLE: _ZNK4SITL11Gripper_EPM10is_enabledEv @ 0xa518e0
CIRCLE: _ZNK4SITL9Parachute10is_enabledEv @ 0xa51990
CIRCLE: _ZNK4SITL12SIM_Precland10is_enabledEv @ 0xa519f0
CIRCLE: _ZN4SITL7ShipSim6updateEv @ 0x679450
CIRCLE: _ZN7Vector2IfE6rotateEf @ 0xa51a50
CIRCLE: _ZN7Vector2IfEpLERKS0_ @ 0xa51b30
CIRCLE: _ZNK7Vector3IdE14length_squaredEv @ 0xa53aa0
CIRCLE: _ZNK7Vector3IdEmlERKS0_ @ 0xa53c10
CIRCLE: _ZNK7AP_AHRS11get_EAS2TASEv @ 0x67f4b0
CIRCLE: _ZNK7Vector3IdE7is_zeroEv @ 0xa53dc0
CIRCLE: _ZN7Vector3IfE2xyEv @ 0xa53e70
CIRCLE: _ZN7Vector2IfE4zeroEv @ 0xa53ec0
CIRCLE: _ZN7Vector3IfEmIERKS0_ @ 0xa53f20
CIRCLE: _ZNK9AP_ParamTIfL11ap_var_type4EEplERKS1_ @ 0xa541d0
CIRCLE: _ZN13LowPassFilterIfE5applyERKfS2_ @ 0xa54960
CIRCLE: _Z11is_positived @ 0xa55070
CIRCLE: _ZN7Vector3IfE9normalizeEv @ 0xa55850
CIRCLE: _ZN7Vector3IdEmIERKS0_ @ 0xa5fad0
CIRCLE: _ZL7radiansd.14806 @ 0x6a3b10
CIRCLE: _ZN4SITL8SimRover6updateERK10sitl_input @ 0x6a7200
CIRCLE: _ZN4SITL8SimRover24update_ackermann_or_skidERK10sitl_inputf @ 0x6a7920
CIRCLE: _ZL7radiansf.13800 @ 0x6a7d60
CIRCLE: _ZN4SITL8SimRover13calc_yaw_rateEff @ 0x6a7dc0
CIRCLE: _ZNK4SITL8SimRover11turn_circleEf @ 0x6a7f80
CIRCLE: _ZN7HALSITL7Storage10read_blockEPvtm @ 0x6b63f0
CIRCLE: _ZN7HALSITL7Storage11write_blockEtPKvm @ 0x6b64c0
CIRCLE: _ZN7HALSITL7Storage11_timer_tickEv @ 0x6b65e0
CIRCLE: _ZNK7BitmaskILt2048EE5emptyEv @ 0xa61240
CIRCLE: _ZNK7BitmaskILt2048EE3getEt @ 0xa612e0
CIRCLE: _ZN10AP_RAMTRON5writeEjPKhj @ 0x6b6950
CIRCLE: _ZN7BitmaskILt2048EE5clearEt @ 0xa613b0
CIRCLE: _ZNK8HAL_SITL25get_storage_posix_enabledEv @ 0xa61470
CIRCLE: _ZNK7BitmaskILt2048EE8validateEt @ 0xa61530
CIRCLE: _ZNK10AP_RAMTRON8get_sizeEv @ 0xa615c0
CIRCLE: _ZN7HALSITL7Storage13_storage_openEv @ 0x6b6fd0
CIRCLE: _ZN7HALSITL7Storage11_mark_dirtyEtt @ 0x6b72e0
CIRCLE: _ZN7BitmaskILt2048EE3setEt @ 0xa61660
CIRCLE: _ZN8AP_Param9save_syncEbb @ 0x6bda50
CIRCLE: _ZN6AP_DAL9end_frameEv @ 0x6c3710
CIRCLE: _ZN6AP_DAL15WriteLogMessageE11LogMessagesPvPKvh @ 0x6c3790
CIRCLE: _ZN9AP_Logger16WriteReplayBlockEhPKvt @ 0x6c38b0
CIRCLE: _ZNK9AP_Logger10log_replayEv @ 0xa62dc0
CIRCLE: _ZNK7NavEKF317option_is_enabledENS_6OptionE @ 0xa62e20
CIRCLE: _ZNK6AP_DAL6millisEv @ 0xa62ea0
CIRCLE: _ZNK12NavEKF3_core10errorScoreEv @ 0x6c3f10
CIRCLE: _ZNK12NavEKF3_core16have_aligned_yawEv @ 0xa62ef0
CIRCLE: _ZNK12NavEKF3_core17have_aligned_tiltEv @ 0xa62f50
CIRCLE: _ZNK12NavEKF3_core24getLastPosNorthEastResetER7Vector2IfE @ 0x6c4760
CIRCLE: _ZNK7Vector2IdEmiERKS0_ @ 0xa62fb0
CIRCLE: _ZNK12NavEKF3_core14getEulerAnglesER7Vector3IfE @ 0x6c4860
CIRCLE: _ZNK11QuaternionTIdE8to_eulerER7Vector3IfE @ 0xa63040
CIRCLE: _ZNK6AP_DAL8get_trimEv @ 0xa630c0
CIRCLE: _ZNK11QuaternionTIdE8to_eulerERfS1_S1_ @ 0xa63120
CIRCLE: _ZNK11QuaternionTIdE14get_euler_rollEv @ 0xa631e0
CIRCLE: _ZNK11QuaternionTIdE15get_euler_pitchEv @ 0xa63290
CIRCLE: _ZNK11QuaternionTIdE13get_euler_yawEv @ 0xa63310
CIRCLE: _Z9safe_asinIdEfT_ @ 0xa633c0
CIRCLE: _ZL3MAXIfdEDTqugtfp_fp0_fp_fp0_ERKT_RKT0_.4176 @ 0x6c4920
CIRCLE: _ZNK12NavEKF3_core20assume_zero_sideslipEv @ 0x6c49c0
CIRCLE: _ZN6AP_DAL8airspeedEv @ 0xa634a0
CIRCLE: _ZNK6AP_DAL15get_fly_forwardEv @ 0xa63540
CIRCLE: _ZNK6AP_DAL17get_vehicle_classEv @ 0xa635b0
CIRCLE: _ZN19RestrictIDTypeArrayIP17CompassCalibratorLj3E14typesafe_indexIh12TAG_PriorityEEixERKS4_ @ 0xa636c0
CIRCLE: _ZNK9AP_Logger10should_logEj @ 0x6ce910
CIRCLE: _ZNK6AP_GPS9time_weekEh @ 0xa64140
CIRCLE: _ZNK6AP_GPS12time_week_msEh @ 0xa641b0
CIRCLE: _ZN3GCS12send_messageE10ap_message @ 0x6cf1b0
CIRCLE: _ZNK6AP_GPS15time_epoch_usecEh @ 0x6cf260
CIRCLE: _ZNK14AP_GPS_Backend16get_last_itow_msEv @ 0x6cf3d0
CIRCLE: _ZN6AP_GPS23istate_time_to_epoch_msEtj @ 0x6cf490
CIRCLE: _ZN10AC_Sprayer3runEb @ 0x6cf9a0
CIRCLE: _ZNK7Vector2IfE6is_nanEv @ 0xa650b0
CIRCLE: _ZN2AP8ac_avoidEv @ 0x6dd810
CIRCLE: _ZN8AC_Avoid13get_singletonEv @ 0xa65bb0
CIRCLE: _ZNK10AP_Gripper7enabledEv @ 0xa65c60
CIRCLE: _ZN10AP_Vehicle13update_armingEv @ 0x6dddb0
CIRCLE: _ZN7FunctorIvJEE14method_wrapperI10AP_VehicleXadL_ZNS2_13update_armingEvEEEEvPv @ 0xa66ce0
CIRCLE: _ZN9AP_Arming6updateEv @ 0x6dde00
CIRCLE: _ZN8AP_Stats6updateEv @ 0x6ddef0
CIRCLE: _ZN7FunctorIvJEE14method_wrapperI8AP_StatsXadL_ZNS2_6updateEvEEEEvPv @ 0xa66d90
CIRCLE: _ZN8AP_Stats17update_flighttimeEv @ 0x6de0a0
CIRCLE: _ZN8AP_Stats14update_runtimeEv @ 0x6de170
CIRCLE: _ZN8AP_Stats5flushEv @ 0x6de210
CIRCLE: _ZN13AP_ParamTBaseIiL11ap_var_type3EE22set_and_save_ifchangedERKi @ 0xa66e40
CIRCLE: _ZN10AP_Filters6updateEv @ 0x6de390
CIRCLE: _ZN7FunctorIvJEE14method_wrapperI10AP_FiltersXadL_ZNS2_6updateEvEEEEvPv @ 0xa66ed0
CIRCLE: _ZN10AP_Vehicle17check_motor_noiseEv @ 0x6df4d0
CIRCLE: _ZN7FunctorIvJEE14method_wrapperI10AP_VehicleXadL_ZNS2_17check_motor_noiseEvEEEEvPv @ 0xa67780
CIRCLE: _ZNK10AP_GyroFFT15check_esc_noiseEv @ 0xa67830
CIRCLE: _ZNK17NotchFilterParams7enabledEv @ 0xa67a60
CIRCLE: _ZN10AP_Vehicle13one_Hz_updateEv @ 0x6dfbb0
CIRCLE: _ZN7FunctorIvJEE14method_wrapperI10AP_VehicleXadL_ZNS2_13one_Hz_updateEvEEEEvPv @ 0xa67ab0
CIRCLE: _ZN12AP_Scripting6updateEv @ 0x6dfc90
CIRCLE: _ZN16AP_SerialManager20registered_ports_logEv @ 0x6dfce0
CIRCLE: _ZN12AP_Scripting13save_checksumEv @ 0x6dfdc0
CIRCLE: _ZN10AP_Gripper6updateEv @ 0x6dfec0
CIRCLE: _ZN7FunctorIvJEE14method_wrapperI10AP_GripperXadL_ZNS2_6updateEvEEEEvPv @ 0xa67bf0
CIRCLE: _ZN6AP_EFI6updateEv @ 0x6e0030
CIRCLE: _ZN7FunctorIvJEE14method_wrapperI6AP_EFIXadL_ZNS2_6updateEvEEEEvPv @ 0xa67ca0
CIRCLE: _ZN6AP_AIS6updateEv @ 0x6e04b0
CIRCLE: _ZN7FunctorIvJEE14method_wrapperI6AP_AISXadL_ZNS2_6updateEvEEEEvPv @ 0xa67d50
CIRCLE: _ZNK6AP_AIS7enabledEv @ 0x6e0d10
CIRCLE: _ZN2AP10oadatabaseEv @ 0x6e35d0
CIRCLE: _ZNK13AP_OADatabase7healthyEv @ 0xa67f10
CIRCLE: _ZNK7AP_AHRS37get_relative_position_NE_origin_floatER7Vector2IfE @ 0x6e3610
CIRCLE: _ZNK7AP_AHRS31get_relative_position_NE_originER7Vector2IdE @ 0x6e3bc0
CIRCLE: _ZN13AP_OADatabase13get_singletonEv @ 0xa681a0
CIRCLE: _ZN8AC_Fence6updateEv @ 0x6e4310
CIRCLE: _ZN7FunctorIvJEE14method_wrapperI8AC_FenceXadL_ZNS2_6updateEvEEEEvPv @ 0xa681e0
CIRCLE: _ZN19AC_PolyFence_loader6updateEv @ 0x6e4440
CIRCLE: _ZN19AC_PolyFence_loader17load_from_storageEv @ 0x6e4530
CIRCLE: _ZN10AP_Vehicle16accel_cal_updateEv @ 0x6e5990
CIRCLE: _ZN7FunctorIvJEE14method_wrapperI10AP_VehicleXadL_ZNS2_16accel_cal_updateEvEEEEvPv @ 0xa683c0
CIRCLE: _ZN20AP_TemperatureSensor6updateEv @ 0x6e7130
CIRCLE: _ZN7FunctorIvJEE14method_wrapperI20AP_TemperatureSensorXadL_ZNS2_6updateEvEEEEvPv @ 0xa684c0
CIRCLE: _ZN10AP_Vehicle16publish_osd_infoEv @ 0x6e73f0
CIRCLE: _ZN7FunctorIvJEE14method_wrapperI10AP_VehicleXadL_ZNS2_16publish_osd_infoEvEEEEvPv @ 0xa68610
CIRCLE: _ZN6AP_OSD12set_nav_infoERNS_7NavInfoE @ 0x6e7510
CIRCLE: _ZN6AP_RPM6updateEv @ 0x6e7580
CIRCLE: _ZN7FunctorIvJEE14method_wrapperI6AP_RPMXadL_ZNS2_6updateEvEEEEvPv @ 0xa686c0
CIRCLE: _ZNK6AP_RPM7Log_RPMEv @ 0x6e7760
CIRCLE: _ZNK6AP_RPM7enabledEh @ 0x6e7880
CIRCLE: _ZN14AP_OpenDroneID6updateEv @ 0x6e7930
CIRCLE: _ZN7FunctorIvJEE14method_wrapperI14AP_OpenDroneIDXadL_ZNS2_6updateEvEEEEvPv @ 0xa687e0
CIRCLE: _ZNK6AP_GPS8velocityEv @ 0xa6a080
CIRCLE: _ZNK7AP_AHRS18groundspeed_vectorEv @ 0xa6a160
CIRCLE: _ZNK6AP_GPS14speed_accuracyEhRf @ 0x6ec620
CIRCLE: _ZNK6AP_GPS17vertical_accuracyEhRf @ 0x6ec6f0
CIRCLE: _ZNK6AP_GPS19horizontal_accuracyEhRf @ 0x6ec7c0
CIRCLE: _ZNK6AP_GPS14get_undulationEhRf @ 0x6ec890
CIRCLE: _ZNK6AP_GPS8velocityEh @ 0xa6a3c0
CIRCLE: _ZN12AP_Generator6updateEv @ 0x6ec960
CIRCLE: _ZN7FunctorIvJEE14method_wrapperI12AP_GeneratorXadL_ZNS2_6updateEvEEEEvPv @ 0xa6a490
CIRCLE: _ZN14AP_Servo_Telem6updateEv @ 0x6ec9d0
CIRCLE: _ZN7FunctorIvJEE14method_wrapperI14AP_Servo_TelemXadL_ZNS2_6updateEvEEEEvPv @ 0xa6a540
CIRCLE: _ZN14AP_Servo_Telem9write_logEv @ 0x6eca20
CIRCLE: _ZN12AP_ESC_Telem6updateEv @ 0x6eced0
CIRCLE: _ZN7FunctorIvJEE14method_wrapperI12AP_ESC_TelemXadL_ZNS2_6updateEvEEEEvPv @ 0xa6a5f0
CIRCLE: _ZN6AP_HAL15timeout_expiredIjjmEEbT_T0_T1_ @ 0xa6a6a0
CIRCLE: _ZN10AP_Vehicle30send_watchdog_reset_statustextEv @ 0x6ed3e0
CIRCLE: _ZN7FunctorIvJEE14method_wrapperI10AP_VehicleXadL_ZNS2_30send_watchdog_reset_statustextEvEEEEvPv @ 0xa6a720
CIRCLE: _ZN8AP_Tramp6updateEv @ 0x6ed540
CIRCLE: _ZN7FunctorIvJEE14method_wrapperI8AP_TrampXadL_ZNS2_6updateEvEEEEvPv @ 0xa6a7d0
CIRCLE: _ZN10AP_VideoTX6updateEv @ 0x6ee520
CIRCLE: _ZN7FunctorIvJEE14method_wrapperI10AP_VideoTXXadL_ZNS2_6updateEvEEEEvPv @ 0xa6aa00
CIRCLE: _ZN10AP_Vehicle38update_dynamic_notch_at_specified_rateEv @ 0x6ee750
CIRCLE: _ZN7FunctorIvJEE14method_wrapperI10AP_VehicleXadL_ZNS2_38update_dynamic_notch_at_specified_rateEvEEEEvPv @ 0xa6aab0
CIRCLE: _ZNK25HarmonicNotchFilterParams9hasOptionENS_7OptionsE @ 0xa6ab60
CIRCLE: _ZN10AP_Vehicle20update_dynamic_notchERN17AP_InertialSensor13HarmonicNotchE @ 0x6ee8a0
CIRCLE: _ZN10AP_GyroFFT17update_parametersEv @ 0xa6af00
CIRCLE: _ZN7FunctorIvJEE14method_wrapperI10AP_GyroFFTXadL_ZNS2_17update_parametersEvEEEEvPv @ 0xa6af50
CIRCLE: _ZN10AP_GyroFFT17update_parametersEb @ 0x6ef810
CIRCLE: _ZN10AP_GyroFFT6updateEv @ 0x6efbb0
CIRCLE: _ZN7FunctorIvJEE14method_wrapperI10AP_GyroFFTXadL_ZNS2_6updateEvEEEEvPv @ 0xa6b000
CIRCLE: _ZN14AP_NMEA_Output6updateEv @ 0x6efd40
CIRCLE: _ZN7FunctorIvJEE14method_wrapperI14AP_NMEA_OutputXadL_ZNS2_6updateEvEEEEvPv @ 0xa6b0b0
CIRCLE: _ZN7FunctorIvJEE14method_wrapperI9AP_NotifyXadL_ZNS2_6updateEvEEEEvPv @ 0xa6b160
CIRCLE: _ZN7Compass10cal_updateEv @ 0x6f0db0
CIRCLE: _ZN7FunctorIvJEE14method_wrapperI7CompassXadL_ZNS2_10cal_updateEvEEEEvPv @ 0xa6b210
CIRCLE: _ZN11AP_Airspeed6updateEv @ 0x6f1900
CIRCLE: _ZN7FunctorIvJEE14method_wrapperI11AP_AirspeedXadL_ZNS2_6updateEvEEEEvPv @ 0xa6b320
CIRCLE: _ZNK11AP_Airspeed11get_primaryEv @ 0xa6b4b0
CIRCLE: _ZN10AP_GyroFFT12sample_gyrosEv @ 0x6f3bb0
CIRCLE: _ZN7FunctorIvJEE14method_wrapperI10AP_GyroFFTXadL_ZNS2_12sample_gyrosEvEEEEvPv @ 0xa6b500
CIRCLE: _ZN10AP_Vehicle4loopEv @ 0x6f4430
CIRCLE: _ZN12AP_Scheduler4loopEv @ 0x6f46d0
CIRCLE: _ZN12AP_Scheduler17get_loop_period_sEv @ 0xa6e3e0
CIRCLE: _ZN17AP_InertialSensor15wait_for_sampleEv @ 0x6f4c70
CIRCLE: _ZN12AP_Scheduler4tickEv @ 0x6f51b0
CIRCLE: _ZN12AP_Scheduler3runEj @ 0x6f5210
CIRCLE: _ZN2AP8PerfInfo15check_loop_timeEj @ 0x6f57c0
CIRCLE: _ZL15fill_nanf_stackv @ 0x6f5950
CIRCLE: _ZN2AP8PerfInfo16update_task_infoEhtb @ 0x6f59a0
CIRCLE: _ZNK7AP_AHRS24_get_primary_accel_indexEv @ 0x6fc370
CIRCLE: _ZNK7AP_AHRS22_get_primary_IMU_indexEv @ 0x6fc3c0
CIRCLE: _ZNK7NavEKF322getPrimaryCoreIMUIndexEv @ 0x6fc520
CIRCLE: _ZNK17AP_InertialSensor21get_first_usable_gyroEv @ 0xa6e850
CIRCLE: _ZNK12NavEKF3_core11getIMUIndexEv @ 0xa6e8a0
CIRCLE: _ZNK14AP_BattMonitor17has_cell_voltagesEh @ 0x6fc650
CIRCLE: _ZN2AP3EFIEv @ 0x6fcea0
CIRCLE: _ZN6AP_EFI13get_singletonEv @ 0xa6f230
CIRCLE: _ZN7FunctorIvJEE14method_wrapperI10AP_VehicleXadL_ZNS2_18fence_checks_asyncEvEEEEvPv @ 0xa6fbd0
CIRCLE: _ZN13AP_Filesystem5writeEiPKvj @ 0x6fdb10
CIRCLE: _ZL3MAXIjjEDTqugtfp_fp0_fp_fp0_ERKT_RKT0_.4125 @ 0x70c160
CIRCLE: _ZN15ekf_ring_buffer4pushEPKv @ 0x70c1e0
CIRCLE: _ZNK15ekf_ring_buffer10get_offsetEh @ 0x70c2e0
CIRCLE: _ZL7radiansf.4130 @ 0x70d680
CIRCLE: _ZN11QuaternionTIdEC2Edddd @ 0xa74a00
CIRCLE: _ZN11QuaternionTIfEmLERKS0_ @ 0xa74ab0
CIRCLE: _ZN2AP5statsEv @ 0x70fde0
CIRCLE: _ZN8AP_Stats13get_singletonEv @ 0xa759a0
CIRCLE: _ZNK7AP_AHRS8get_gyroEv @ 0xa78420
CIRCLE: _ZNK7AP_AHRS17airspeed_estimateERf @ 0x73b660
CIRCLE: _ZNK17AP_InertialSensor20get_vibration_levelsEv @ 0xa784e0
CIRCLE: _ZNK17AP_InertialSensor20get_vibration_levelsEh @ 0x73b760
CIRCLE: _ZNK10DigitalLPFI7Vector3IfEE3getEv @ 0xa78560
CIRCLE: _ZN7AP_AHRS25Log_Write_Home_And_OriginEv @ 0x73c260
CIRCLE: _ZNK7AP_AHRS12Write_OriginENS_13LogOriginTypeERK8Location @ 0x73c330
CIRCLE: _ZNK11QuaternionTIdE7is_zeroEv @ 0xa78610
CIRCLE: _ZN12NavEKF3_core18getEarthFieldTableERK8Location @ 0x73ce30
CIRCLE: _ZN14AP_Declination15get_declinationEff @ 0x73cf30
CIRCLE: _ZNK12NavEKF3_core14MagDeclinationEv @ 0x73cfc0
CIRCLE: _ZN12NavEKF3_core8zeroRowsERA24_A24_dhh @ 0x73d0a0
CIRCLE: _ZN12NavEKF3_core8zeroColsERA24_A24_dhh @ 0x73d160
CIRCLE: _ZN18NavEKF_core_common10zero_rangeEPdhh @ 0xa787b0
CIRCLE: _ZN12NavEKF3_core13ForceSymmetryEv @ 0x73e280
CIRCLE: _ZN12NavEKF3_core18ConstrainVariancesEv @ 0x73e3d0
CIRCLE: _ZN11QuaternionTIdE9normalizeEv @ 0xa78840
CIRCLE: _ZNK11QuaternionTIdE6lengthEv @ 0xa78920
CIRCLE: _Z20constrain_value_lineIdET_S0_S0_S0_j @ 0xa789e0
CIRCLE: _Z2sqI9AP_ParamTIfL11ap_var_type4EEEdT_ @ 0xa78b00
CIRCLE: _ZNK9AP_ParamTIfL11ap_var_type4EEcvdEv @ 0xa78b60
CIRCLE: _ZL7radiansf.4333 @ 0x73ee40
CIRCLE: _ZL2sqf.4255 @ 0x73f960
CIRCLE: _ZNK8Location21get_distance_NE_ftypeERKS_ @ 0x73fab0
CIRCLE: _ZN16EKF_IMU_buffer_tIN12NavEKF3_core15output_elementsEEixEj @ 0xa78c80
CIRCLE: _ZNK14ekf_imu_buffer3getEh @ 0x73fd60
CIRCLE: _ZNK14ekf_imu_buffer10get_offsetEh @ 0x73fdc0
CIRCLE: _ZNK14AP_BattMonitor11consumed_whERfh @ 0x741960
CIRCLE: _ZNK6AP_GPS8get_vdopEh @ 0xa78de0
CIRCLE: _ZNK6AP_GPS16last_fix_time_msEh @ 0xa78e50
CIRCLE: _ZNK6AP_GPS20last_message_time_msEh @ 0xa78ec0
CIRCLE: _ZNK6AP_GPS22have_vertical_velocityEh @ 0xa78f30
CIRCLE: _ZNK6AP_GPS18get_antenna_offsetEh @ 0x743ad0
CIRCLE: _ZNK14AP_GPS_Blended18get_antenna_offsetEv @ 0xa78fb0
CIRCLE: _ZNK6AP_GPS11gps_yaw_degEhRfS0_Rj @ 0x743ba0
CIRCLE: _ZNK6AP_GPS11is_rtk_baseEh @ 0x743d90
CIRCLE: _ZNK6AP_GPS12have_gps_yawEh @ 0xa79000
CIRCLE: _ZNK12AP_Proximity10get_statusEv @ 0x744ad0
CIRCLE: _ZNK12AP_Proximity11num_sensorsEv @ 0xa790a0
CIRCLE: _ZNK11RangeFinder11num_sensorsEv @ 0xa790f0
CIRCLE: _ZNK10AP_Vehicle18get_time_flying_msEv @ 0xa795b0
CIRCLE: _ZN12SRV_Channels23get_output_channel_maskEN11SRV_Channel8FunctionE @ 0x74b8f0
CIRCLE: _ZN11SRV_Channel9output_chEv @ 0x74c710
CIRCLE: _ZN11SRV_Channel12set_overrideEb @ 0xa797b0
CIRCLE: _ZN12SRV_Channels17set_output_scaledEN11SRV_Channel8FunctionEf @ 0x74d030
CIRCLE: _ZNK10AP_Mission5stateEv @ 0xa79b70
CIRCLE: _ZN19AP_ServoRelayEvents13update_eventsEv @ 0x756040
CIRCLE: _ZN17AP_Logger_Backend17Write_Mission_CmdERK10AP_MissionRKNS0_15Mission_CommandE11LogMessages @ 0x756290
CIRCLE: _ZNK9AP_Follow11have_targetEv @ 0x75a5e0
CIRCLE: _ZN9AP_Follow13get_singletonEv @ 0xa7a950
CIRCLE: _ZN18AR_AttitudeControl21get_steering_rate_pidEv @ 0xa7a9e0
CIRCLE: _ZNK6AC_PID12get_pid_infoEv @ 0xa7aa30
CIRCLE: _ZN12AP_Scripting19is_handling_commandEt @ 0x75ef60
CIRCLE: _ZNK7Vector3IfE6is_infEv @ 0xa7b410
CIRCLE: _ZN7Vector2IfE9normalizeEv @ 0xa7b740
CIRCLE: _ZN7Vector2IfEdVEf @ 0xa7b7a0
CIRCLE: _ZNK7Vector2IfE6is_infEv @ 0xa7b820
CIRCLE: _ZL3MAXIjjEDTqugtfp_fp0_fp_fp0_ERKT_RKT0_.5595 @ 0x791640
CIRCLE: _ZN9AP_Logger19file_content_updateEv @ 0x791840
CIRCLE: _ZN9AP_Logger19file_content_updateERNS_11FileContentE @ 0x7919a0
CIRCLE: _ZN9AP_Logger24WriteBlock_first_succeedEPKvt @ 0x791db0
CIRCLE: _ZN17AP_Logger_Backend13Write_MessageEPKc @ 0x7921e0
CIRCLE: _ZNK19LoggerMessageWriter32out_of_time_for_writing_messagesEv @ 0x7922a0
CIRCLE: _ZN38LoggerMessageWriter_WriteEntireMission7processEv @ 0x7925d0
CIRCLE: _ZN30LoggerMessageWriter_DFLogStart7processEv @ 0x792fa0
CIRCLE: _ZNK30LoggerMessageWriter_DFLogStart35out_of_time_for_writing_messages_dfEv @ 0x7935a0
CIRCLE: _ZNK17AP_Logger_Backend22vehicle_message_writerEv @ 0x793b40
CIRCLE: _ZN17AP_Logger_Backend14periodic_tasksEv @ 0x794200
CIRCLE: _ZNK17AP_Logger_Backend13StartNewLogOKEv @ 0x7945f0
CIRCLE: _ZN17AP_Logger_Backend24WriteMoreStartupMessagesEv @ 0x7946d0
CIRCLE: _ZNK17AP_Logger_Backend15logging_enabledEv @ 0x7966f0
CIRCLE: _ZN17AP_Logger_Backend13periodic_10HzEj @ 0x796820
CIRCLE: _ZN17AP_Logger_Backend12periodic_1HzEv @ 0x796870
CIRCLE: _ZN17AP_Logger_Backend15push_log_blocksEv @ 0x796900
CIRCLE: _ZN17AP_Logger_Backend12df_stats_logEv @ 0x796960
CIRCLE: _ZN17AP_Logger_Backend26Write_AP_Logger_Stats_FileERKNS_8df_statsE @ 0x7969d0
CIRCLE: _ZN17AP_Logger_Backend14df_stats_clearEv @ 0x796ae0
CIRCLE: _ZNK30LoggerMessageWriter_DFLogStart8fmt_doneEv @ 0xa7d820
CIRCLE: _ZNK17AP_Logger_Backend40non_messagewriter_message_reserved_spaceEj @ 0xa7d880
CIRCLE: _ZNK17AP_Logger_Backend31critical_message_reserved_spaceEj @ 0xa7d8f0
CIRCLE: _ZN17AP_Logger_Backend15df_stats_gatherEtj @ 0x798fb0
CIRCLE: _ZNK14AP_Logger_File15logging_startedEv @ 0xa7dd80
CIRCLE: _ZN14AP_Logger_File21bufferspace_availableEv @ 0x79bcb0
CIRCLE: _ZNK14AP_Logger_File14logging_failedEv @ 0x79c2c0
CIRCLE: _ZN14AP_Logger_File8io_timerEv @ 0x79c380
CIRCLE: _ZN14AP_Logger_File12periodic_1HzEv @ 0x79c950
CIRCLE: _ZN14AP_Logger_File17periodic_fullrateEv @ 0x79cc00
CIRCLE: _ZNK14AP_Logger_File8WritesOKEv @ 0x79cc50
CIRCLE: _ZNK14AP_Logger_File13StartNewLogOKEv @ 0x79cce0
CIRCLE: _ZN14AP_Logger_File22_WritePrioritisedBlockEPKvtb @ 0x79ce90
CIRCLE: _ZN7AP_AHRS6updateEb @ 0x79d100
CIRCLE: _ZN7AP_AHRS18update_orientationEv @ 0x79d440
CIRCLE: _ZN17AP_InertialSensor6updateEv @ 0x79d540
CIRCLE: _ZN7AP_AHRS29update_trim_rotation_matricesEv @ 0x79dbb0
CIRCLE: _ZN7AP_AHRS10update_DCMEv @ 0x79dcc0
CIRCLE: _ZN7AP_AHRS12update_flagsEv @ 0x79dd60
CIRCLE: _ZN7AP_AHRS11update_SITLEv @ 0x79de20
CIRCLE: _ZN7AP_AHRS15update_externalEv @ 0x79ded0
CIRCLE: _ZN7AP_AHRS11update_EKF2Ev @ 0x79dff0
CIRCLE: _ZN7AP_AHRS11update_EKF3Ev @ 0x79e4e0
CIRCLE: _ZNK7AP_AHRS14get_gyro_driftEv @ 0xa7dde0
CIRCLE: _ZN7AP_AHRS14update_AOA_SSAEv @ 0x79ecd0
CIRCLE: _ZNK7AP_AHRS16_active_EKF_typeEv @ 0x79ed20
CIRCLE: _ZN7AP_AHRS12update_stateEv @ 0x79f250
CIRCLE: _ZNK7AP_AHRS23_get_primary_gyro_indexEv @ 0x79f4f0
CIRCLE: _ZNK7AP_AHRS23_get_primary_core_indexEv @ 0x79f5a0
CIRCLE: _ZNK7AP_AHRS14_wind_estimateER7Vector3IfE @ 0x79f670
CIRCLE: _ZN15AP_AHRS_Backend11get_EAS2TASEv @ 0x79f7a0
CIRCLE: _ZNK7AP_AHRS13_airspeed_EASERfRNS_20AirspeedEstimateTypeE @ 0x79f7e0
CIRCLE: _ZNK7AP_AHRS13_airspeed_TASERf @ 0x79fd60
CIRCLE: _ZNK7AP_AHRS13_airspeed_TASER7Vector3IfE @ 0x79fe70
CIRCLE: _ZNK7AP_AHRS15_get_quaternionER11QuaternionTIfE @ 0x79ff50
CIRCLE: _ZNK7AP_AHRS23_get_secondary_attitudeER7Vector3IfE @ 0x7a0110
CIRCLE: _ZNK7AP_AHRS25_get_secondary_quaternionER11QuaternionTIfE @ 0x7a0310
CIRCLE: _ZNK7AP_AHRS13_get_locationER8Location @ 0x7a04c0
CIRCLE: _ZNK7AP_AHRS23_get_secondary_positionER8Location @ 0x7a0640
CIRCLE: _ZN7AP_AHRS19_groundspeed_vectorEv @ 0x7a0790
CIRCLE: _ZN7AP_AHRS12_groundspeedEv @ 0x7a08c0
CIRCLE: _ZNK7AP_AHRS29_getCorrectedDeltaVelocityNEDER7Vector3IfERf @ 0x7a0990
CIRCLE: _ZNK7AP_AHRS17_get_velocity_NEDER7Vector3IfE @ 0x7a0c20
CIRCLE: _ZNK7NavEKF39getVelNEDER7Vector3IfE @ 0x7a0de0
CIRCLE: _ZNK12NavEKF3_core9getVelNEDER7Vector3IfE @ 0x7a1110
CIRCLE: _ZNK7NavEKF312getAccelBiasEaR7Vector3IfE @ 0x7a1300
CIRCLE: _ZNK17AP_InertialSensor18get_delta_velocityEhR7Vector3IfERf @ 0x7a13d0
CIRCLE: _ZNK7AP_AHRS43get_rotation_autopilot_body_to_vehicle_bodyEv @ 0xa7ded0
CIRCLE: _ZNK17AP_InertialSensor14get_delta_timeEv @ 0xa7df20
CIRCLE: _ZL3MINIffEDTqultfp_fp0_fp_fp0_ERKT_RKT0_.3149 @ 0x7a1580
CIRCLE: _ZL3MINIffEDTqultfp_fp0_fp_fp0_ERKT_RKT0_.1609 @ 0x7a1610
CIRCLE: _ZNK12NavEKF3_core12getAccelBiasER7Vector3IfE @ 0x7a16a0
CIRCLE: _ZL7radiansf.1596 @ 0x7a1d90
CIRCLE: _ZNK7AP_AHRS23_get_secondary_EKF_typeERNS_7EKFTypeE @ 0x7a1de0
CIRCLE: _ZNK7NavEKF36getLLHER8Location @ 0x7a1fd0
CIRCLE: _ZNK12NavEKF3_core6getLLHER8Location @ 0x7a2070
CIRCLE: _ZNK7AP_AHRS24fallback_active_EKF_typeEv @ 0x7a2640
CIRCLE: _ZNK11AP_AHRS_DCM14get_quaternionER11QuaternionTIfE @ 0x7a2690
CIRCLE: _ZNK7NavEKF313getQuaternionER11QuaternionTIfE @ 0x7a2790
CIRCLE: _ZN11QuaternionTIfE6rotateERK7Vector3IfE @ 0xa7e200
CIRCLE: _ZN11QuaternionTIfE15from_axis_angleE7Vector3IfE @ 0xa7e2b0
CIRCLE: _ZN15AP_ExternalAHRS14get_quaternionER11QuaternionTIfE @ 0x7a2890
CIRCLE: _ZNK12NavEKF3_core13getQuaternionER11QuaternionTIfE @ 0x7a2940
CIRCLE: _ZNK11QuaternionTIdE7tofloatEv @ 0xa7e390
CIRCLE: _ZNK7NavEKF314getEulerAnglesER7Vector3IfE @ 0x7a2af0
CIRCLE: _ZNK7NavEKF312getAirSpdVecER7Vector3IfE @ 0x7a2cd0
CIRCLE: _ZNK12NavEKF3_core12getAirSpdVecER7Vector3IfE @ 0x7a2d70
CIRCLE: _ZNK11QuaternionTIdE7inverseEv @ 0xa7e410
CIRCLE: _ZNK7AP_AHRS25get_active_airspeed_indexEv @ 0x7a3170
CIRCLE: _ZNK7AP_AHRS27_should_use_airspeed_sensorEh @ 0x7a3270
CIRCLE: _ZNK7AP_AHRS27get_wind_estimation_enabledEv @ 0xa7e4c0
CIRCLE: _ZNK7NavEKF37getWindER7Vector3IfE @ 0x7a3580
CIRCLE: _ZNK12NavEKF3_core7getWindER7Vector3IfE @ 0x7a36a0
CIRCLE: _ZN15AP_AHRS_Backend23airspeed_sensor_enabledEh @ 0xa7e580
CIRCLE: _ZNK7AP_AHRS23airspeed_sensor_enabledEh @ 0xa7e660
CIRCLE: _ZNK7AP_AHRS10option_setENS_7OptionsE @ 0xa7e6c0
CIRCLE: _ZNK7NavEKF317getActiveAirspeedEv @ 0x7a3870
CIRCLE: _ZNK12NavEKF3_core17getActiveAirspeedEv @ 0x7a3900
CIRCLE: _ZNK7AP_Baro12_get_EAS2TASEv @ 0x7a3950
CIRCLE: _ZNK7AP_Baro20get_EAS2TAS_extendedEf @ 0x7a39c0
CIRCLE: _ZNK7NavEKF319getPrimaryCoreIndexEv @ 0x7a3c90
CIRCLE: _ZNK7NavEKF326configuredToUseGPSForPosXYEv @ 0x7a3eb0
CIRCLE: _ZNK11AP_AHRS_DCM20yaw_source_availableEv @ 0x7a3f30
CIRCLE: _ZNK16AP_NavEKF_Source14getPosXYSourceEh @ 0xa7e820
CIRCLE: _ZNK7AP_AHRS9calc_trigERK7Matrix3IfERfS4_S4_S4_S4_S4_ @ 0x7a3fe0
CIRCLE: _ZNK9AP_Logger15allow_start_ekfEv @ 0x7a43d0
CIRCLE: _ZN7NavEKF312UpdateFilterEv @ 0x7a4aa0
CIRCLE: _ZNK7NavEKF320getRotationBodyToNEDER7Matrix3IfE @ 0x7a5070
CIRCLE: _ZN7AP_AHRS16update_cd_valuesEv @ 0x7a5100
CIRCLE: _ZN7AP_AHRS11update_trigEv @ 0x7a5240
CIRCLE: _ZNK17AP_InertialSensor22get_first_usable_accelEv @ 0xa7e8a0
CIRCLE: _ZNK7NavEKF311getGyroBiasEaR7Vector3IfE @ 0x7a5320
CIRCLE: _ZN7AP_AHRS32update_notify_from_filter_statusERK17nav_filter_status @ 0x7a53f0
CIRCLE: _ZNK12NavEKF3_core11getGyroBiasER7Vector3IfE @ 0x7a54a0
CIRCLE: _ZL7degreesf.1550 @ 0x7a5580
CIRCLE: _ZN6AP_DAL11start_frameENS_9FrameTypeE @ 0x7a55d0
CIRCLE: _ZNK6AP_DAL8micros64Ev @ 0xa7e8f0
CIRCLE: _ZNK12NavEKF3_core21getFramesSincePredictEv @ 0x7a5ab0
CIRCLE: _ZN6AP_DAL22ekf_low_time_remainingENS_7EKFTypeEh @ 0x7a5b10
CIRCLE: _ZN12NavEKF3_core12UpdateFilterEb @ 0x7a5c50
CIRCLE: _ZNK6AP_DAL9get_armedEv @ 0xa7e940
CIRCLE: _ZN7NavEKF321updateCoreErrorScoresEv @ 0x7a5e80
CIRCLE: _ZN7NavEKF324updateCoreRelativeErrorsEv @ 0x7a5f40
CIRCLE: _ZNK7NavEKF315coreBetterScoreEhh @ 0x7a60e0
CIRCLE: _ZN16AP_NavEKF_Source22align_inactive_sourcesEv @ 0x7a62e0
CIRCLE: _ZNK16AP_NavEKF_Source13getPosZSourceEh @ 0x7a6590
CIRCLE: _ZNK7AP_EnumIN16AP_NavEKF_Source7SourceZEEcvKS1_Ev @ 0xa7ea20
CIRCLE: _ZL3MAXI9AP_ParamTIfL11ap_var_type4EEfEDTqugtfp_fp0_fp_fp0_ERKT_RKT0_.3912 @ 0x7a6770
CIRCLE: _ZN18NavEKF_core_common22fill_scratch_variablesEv @ 0x7a6800
CIRCLE: _ZN12NavEKF3_core23update_sensor_selectionEv @ 0x7a68a0
CIRCLE: _ZN12NavEKF3_core18controlFilterModesEv @ 0x7a6910
CIRCLE: _ZN12NavEKF3_core11readIMUDataEb @ 0x7a69e0
CIRCLE: _ZN12NavEKF3_core27UpdateStrapdownEquationsNEDEv @ 0x7a72b0
CIRCLE: _ZN12NavEKF3_core20CovariancePredictionEP7Vector3IdE @ 0x7a7790
CIRCLE: _ZN12NavEKF3_core25runYawEstimatorPredictionEv @ 0x7b1f80
CIRCLE: _ZN12NavEKF3_core15SelectMagFusionEv @ 0x7b20e0
CIRCLE: _ZN12NavEKF3_core18SelectVelPosFusionEv @ 0x7b2e10
CIRCLE: _ZN12NavEKF3_core25runYawEstimatorCorrectionEv @ 0x7b37d0
CIRCLE: _ZN12NavEKF3_core18SelectRngBcnFusionEv @ 0x7b39c0
CIRCLE: _ZN12NavEKF3_core16SelectFlowFusionEv @ 0x7b3af0
CIRCLE: _ZN12NavEKF3_core20SelectBodyOdomFusionEv @ 0x7b3dd0
CIRCLE: _ZN12NavEKF3_core15SelectTasFusionEv @ 0x7b4080
CIRCLE: _ZN12NavEKF3_core20SelectBetaDragFusionEv @ 0x7b4180
CIRCLE: _ZN12NavEKF3_core18updateFilterStatusEv @ 0x7b4440
CIRCLE: _ZN12NavEKF3_core13moveEKFOriginEv @ 0x7b4d80
CIRCLE: _ZN12NavEKF3_core21checkUpdateEarthFieldEv @ 0x7b4f30
CIRCLE: _ZN12NavEKF3_core16calcOutputStatesEv @ 0x7b4ff0
CIRCLE: _ZN12NavEKF3_core11readMagDataEv @ 0x7b6340
CIRCLE: _ZN12NavEKF3_core11readGpsDataEv @ 0x7b6850
CIRCLE: _ZN12NavEKF3_core14readGpsYawDataEv @ 0x7b71e0
CIRCLE: _ZN12NavEKF3_core12readBaroDataEv @ 0x7b7310
CIRCLE: _ZN6AP_DAL3insEv @ 0xa7ead0
CIRCLE: _ZNK21AP_DAL_InertialSensor9get_accelEh @ 0xa7eb20
CIRCLE: _ZL2sqf.4316 @ 0x7b9340
CIRCLE: _ZNK16AP_NavEKF_Source13useVelZSourceENS_7SourceZEh @ 0x7b94b0
CIRCLE: _ZNK12NavEKF3_core26CorrectGPSForAntennaOffsetERNS_12gps_elementsE @ 0x7b95e0
CIRCLE: _ZNK10AP_DAL_GPS18get_antenna_offsetEh @ 0xa7edf0
CIRCLE: _ZNK7Vector3IdErmERKS0_ @ 0xa7ee60
CIRCLE: _ZNK7Matrix3IdE13mul_transposeERK7Vector3IdE @ 0xa7ef40
CIRCLE: _ZN7Vector3IdEdVEd @ 0xa7f050
CIRCLE: _ZNK21AP_DAL_InertialSensor16get_loop_delta_tEv @ 0xa7f0e0
CIRCLE: _ZNK14AP_DAL_Compass16get_first_usableEv @ 0xa7f500
CIRCLE: _ZNK11AP_DAL_Baro15get_last_updateEh @ 0xa7f770
CIRCLE: _ZNK11AP_DAL_Baro12get_altitudeEh @ 0xa7f7e0
CIRCLE: _ZN16EKF_obs_buffer_tIN12NavEKF3_core13baro_elementsEE4pushERKS1_ @ 0xa7f850
CIRCLE: _ZNK10AP_DAL_GPS11gps_yaw_degEhRfS0_Rj @ 0xa7f8c0
CIRCLE: _ZL3MAXIfdEDTqugtfp_fp0_fp_fp0_ERKT_RKT0_ @ 0x7b9fe0
CIRCLE: _ZNK10AP_DAL_GPS20last_message_time_msEh @ 0xa7f9e0
CIRCLE: _ZNK10AP_DAL_GPS7get_lagEhRf @ 0xa7fa50
CIRCLE: _ZL3MINIjjEDTqultfp_fp0_fp_fp0_ERKT_RKT0_.4133 @ 0x7ba1e0
CIRCLE: _ZNK10AP_DAL_GPS8velocityEh @ 0xa7fb00
CIRCLE: _ZNK10AP_DAL_GPS22have_vertical_velocityEh @ 0xa7fb70
CIRCLE: _ZNK10AP_DAL_GPS14speed_accuracyEhRf @ 0xa7fbf0
CIRCLE: _ZL3MAXIdfEDTqugtfp_fp0_fp_fp0_ERKT_RKT0_.4129 @ 0x7ba260
CIRCLE: _ZL3MINIdfEDTqultfp_fp0_fp_fp0_ERKT_RKT0_ @ 0x7ba300
CIRCLE: _ZL3MAXId9AP_ParamTIfL11ap_var_type4EEEDTqugtfp_fp0_fp_fp0_ERKT_RKT0_ @ 0x7ba3a0
CIRCLE: _ZNK10AP_DAL_GPS19horizontal_accuracyEhRf @ 0xa7fca0
CIRCLE: _ZNK10AP_DAL_GPS17vertical_accuracyEhRf @ 0xa7fd50
CIRCLE: _ZNK10AP_DAL_GPS8num_satsEh @ 0xa7fe00
CIRCLE: _ZN12NavEKF3_core18calcGpsGoodToAlignEv @ 0x7ba450
CIRCLE: _ZN12NavEKF3_core20calcGpsGoodForFlightEv @ 0x7bb3b0
CIRCLE: _ZN16EKF_obs_buffer_tIN12NavEKF3_core12gps_elementsEE4pushERKS1_ @ 0xa7fe70
CIRCLE: _ZL3MAXIddEDTqugtfp_fp0_fp_fp0_ERKT_RKT0_.4294 @ 0x7bb870
CIRCLE: _ZL3MINIdfEDTqultfp_fp0_fp_fp0_ERKT_RKT0_.4281 @ 0x7bb8f0
CIRCLE: _ZNK10AP_DAL_GPS8get_hdopEh @ 0xa7fee0
CIRCLE: _ZNK14AP_DAL_Compass9availableEv @ 0xa7ff50
CIRCLE: _ZNK14AP_DAL_Compass9get_countEv @ 0xa7ffb0
CIRCLE: _ZNK14AP_DAL_Compass21learn_offsets_enabledEv @ 0xa80000
CIRCLE: _ZNK14AP_DAL_Compass7healthyEh @ 0xa80060
CIRCLE: _ZNK14AP_DAL_Compass16last_update_usecEh @ 0xa800d0
CIRCLE: _ZNK14AP_DAL_Compass11get_offsetsEh @ 0xa80140
CIRCLE: _ZNK7Vector3IdEneERKS0_ @ 0xa801b0
CIRCLE: _ZN12NavEKF3_core12mag_elementsC2Ev @ 0xa80280
CIRCLE: _ZNK14AP_DAL_Compass9get_fieldEh @ 0xa802e0
CIRCLE: _ZNK14AP_DAL_Compass10consistentEv @ 0xa80350
CIRCLE: _ZN16EKF_obs_buffer_tIN12NavEKF3_core12mag_elementsEE4pushERKS1_ @ 0xa803b0
CIRCLE: _Z8is_equalIddENSt3__19enable_ifIXsr3std17is_floating_pointINS0_11common_typeIJT_T0_EE4typeEEE5valueEbE4typeES3_S4_ @ 0xa80420
CIRCLE: _ZN12NavEKF3_core17correctDeltaAngleER7Vector3IdEdh @ 0x7bbbd0
CIRCLE: _ZN12NavEKF3_core20correctDeltaVelocityER7Vector3IdEdh @ 0x7bbc90
CIRCLE: _ZN11QuaternionTIdEC2Ev @ 0xa804a0
CIRCLE: _ZN11QuaternionTIdE15from_axis_angleE7Vector3IdE @ 0xa80510
CIRCLE: _ZN11QuaternionTIdEmLERKS0_ @ 0xa805d0
CIRCLE: _ZNK11QuaternionTIdE15rotation_matrixER7Matrix3IdE @ 0xa80770
CIRCLE: _ZNK21AP_DAL_InertialSensor8get_gyroEh @ 0xa80960
CIRCLE: _ZNK6AP_DAL20get_takeoff_expectedEv @ 0xa80a70
CIRCLE: _ZN16EKF_IMU_buffer_tIN12NavEKF3_core12imu_elementsEE18get_youngest_indexEv @ 0xa80ae0
CIRCLE: _ZN16EKF_IMU_buffer_tIN12NavEKF3_core12imu_elementsEE16get_oldest_indexEv @ 0xa80b40
CIRCLE: _ZNK11QuaternionTIdEdvERKS0_ @ 0xa80ba0
CIRCLE: _ZN11QuaternionTIdEixEh @ 0xa80dc0
CIRCLE: _ZL3MAXIddEDTqugtfp_fp0_fp_fp0_ERKT_RKT0_.4344 @ 0x7bbdb0
CIRCLE: _ZN12NavEKF3_core15output_elementsC2Ev @ 0xa80e30
CIRCLE: _ZNK14ekf_imu_buffer16get_oldest_indexEv @ 0xa80eb0
CIRCLE: _ZNK14ekf_imu_buffer18get_youngest_indexEv @ 0xa80f00
CIRCLE: _ZN11QuaternionTIdE15from_axis_angleERK7Vector3IdEd @ 0xa80f50
CIRCLE: _ZNK6AP_DAL22get_touchdown_expectedEv @ 0xa81070
CIRCLE: _ZNK6AP_DAL11get_EAS2TASEv @ 0xa81150
CIRCLE: _ZN7Vector3IdEixEh @ 0xa81210
CIRCLE: _ZNK7Vector3IdEixEh @ 0xa81280
CIRCLE: _ZN7Vector2IdEixEh @ 0xa812f0
CIRCLE: _ZN15ekf_ring_buffer6recallEPvj @ 0x7c2910
CIRCLE: _ZNK15ekf_ring_buffer7time_msEh @ 0x7c2a70
CIRCLE: _ZN12NavEKF3_core14readAirSpdDataEv @ 0x7c2ae0
CIRCLE: _ZNK12NavEKF3_core11useAirspeedEv @ 0x7c47b0
CIRCLE: _ZNK6AP_DAL23airspeed_sensor_enabledEv @ 0xa81610
CIRCLE: _ZN16EKF_obs_buffer_tIN12NavEKF3_core16vel_odm_elementsEE6recallERS1_j @ 0xa81680
CIRCLE: _ZN16EKF_obs_buffer_tIN12NavEKF3_core18wheel_odm_elementsEE6recallERS1_j @ 0xa81700
CIRCLE: _ZN12NavEKF3_core11of_elementsC2Ev @ 0xa81780
CIRCLE: _ZN16EKF_obs_buffer_tIN12NavEKF3_core11of_elementsEE6recallERS1_j @ 0xa81810
CIRCLE: _ZNK7Vector2IdEixEh @ 0xa81890
CIRCLE: _ZN12NavEKF3_core14readRngBcnDataEv @ 0x7d1700
CIRCLE: _ZN10EKFGSF_yaw11fuseVelDataERK7Vector2IdEd @ 0x7d53b0
CIRCLE: _ZNK12NavEKF3_core13EKFGSF_getYawERdS0_ @ 0x7d57b0
CIRCLE: _ZNK11QuaternionTIdE8to_eulerERdS1_S1_ @ 0xa81d60
CIRCLE: _ZNK11QuaternionTIdE12to_vector312Ev @ 0xa81e10
CIRCLE: _ZN7Matrix3IdE13from_euler312Eddd @ 0xa82150
CIRCLE: _ZNK7Matrix3IdE11to_euler312Ev @ 0xa827f0
CIRCLE: _ZN7Matrix3IdEixEh @ 0xa828e0
CIRCLE: _ZNK10EKFGSF_yaw10getYawDataERdS0_Ph @ 0x7d6120
CIRCLE: _ZL7radiansf.4097 @ 0x7d6200
CIRCLE: _ZL2sqf.4095 @ 0x7d6250
CIRCLE: _ZNK10EKFGSF_yaw17getVelInnovLengthERd @ 0x7d62a0
CIRCLE: _ZN10EKFGSF_yaw7correctEhRK7Vector2IdEd @ 0x7d67c0
CIRCLE: _ZNK10EKFGSF_yaw15gaussianDensityEh @ 0x7d7b80
CIRCLE: _ZL3MAXIdfEDTqugtfp_fp0_fp_fp0_ERKT_RKT0_.3598 @ 0x7d7f00
CIRCLE: _ZN10EKFGSF_yaw13forceSymmetryEh @ 0x7d7fa0
CIRCLE: _ZN16EKF_obs_buffer_tIN12NavEKF3_core16ext_nav_elementsEE6recallERS1_j @ 0xa82a50
CIRCLE: _ZN16EKF_obs_buffer_tIN12NavEKF3_core20ext_nav_vel_elementsEE6recallERS1_j @ 0xa82ad0
CIRCLE: _ZNK12NavEKF3_core35CalculateVelInnovationsAndVariancesERK7Vector3IdEddRS1_S4_ @ 0x7d84d0
CIRCLE: _ZN16EKF_obs_buffer_tIN12NavEKF3_core12gps_elementsEE6recallERS1_j @ 0xa82b50
CIRCLE: _ZN12NavEKF3_core21selectHeightForFusionEv @ 0x7d8b10
CIRCLE: _ZN12NavEKF3_core13FuseVelPosNEDEv @ 0x7da010
CIRCLE: _ZL3MAXIdfEDTqugtfp_fp0_fp_fp0_ERKT_RKT0_.4269 @ 0x7dc360
CIRCLE: _ZL3MAXI9AP_ParamTIfL11ap_var_type4EEfEDTqugtfp_fp0_fp_fp0_ERKT_RKT0_.4270 @ 0x7dc400
CIRCLE: _ZN12NavEKF3_core15readRangeFinderEv @ 0x7dc490
CIRCLE: _ZN16EKF_obs_buffer_tIN12NavEKF3_core14range_elementsEE6recallERS1_j @ 0xa82bd0
CIRCLE: _ZN16EKF_obs_buffer_tIN12NavEKF3_core13baro_elementsEE6recallERS1_j @ 0xa82ca0
CIRCLE: _ZL3MAXIddEDTqugtfp_fp0_fp_fp0_ERKT_RKT0_.4118 @ 0x7dd060
CIRCLE: _ZL3MAXI9AP_ParamTIfL11ap_var_type4EEfEDTqugtfp_fp0_fp_fp0_ERKT_RKT0_.4107 @ 0x7dd230
CIRCLE: _ZN12NavEKF3_core12fuseEulerYawENS_15yawFusionMethodE @ 0x7dd2c0
CIRCLE: _ZN16EKF_obs_buffer_tIN12NavEKF3_core12yaw_elementsEE6recallERS1_j @ 0xa82f30
CIRCLE: _ZN16EKF_obs_buffer_tIN12NavEKF3_core12mag_elementsEE6recallERS1_j @ 0xa82fb0
CIRCLE: _ZN12NavEKF3_core18controlMagYawResetEv @ 0x7df260
CIRCLE: _ZNK7Matrix3IdEixEh @ 0xa83180
CIRCLE: _ZL3MAXIdfEDTqugtfp_fp0_fp_fp0_ERKT_RKT0_.4105 @ 0x7e60b0
CIRCLE: _ZN12NavEKF3_core17MagTableConstrainEv @ 0x7e6150
CIRCLE: _ZNK11QuaternionTIdE13to_axis_angleER7Vector3IdE @ 0xa831f0
CIRCLE: _ZN10EKFGSF_yaw6updateERK7Vector3IdES3_ddbd @ 0x7e68d0
CIRCLE: _ZN10EKFGSF_yaw7predictEh @ 0x7e7360
CIRCLE: _ZN10EKFGSF_yaw11predictAHRSEh @ 0x7e7eb0
CIRCLE: _ZL7radiansf.3596 @ 0x7e8430
CIRCLE: _ZL2sqf.3597 @ 0x7e8480
CIRCLE: _ZNK10EKFGSF_yaw12updateRotMatERK7Matrix3IdERK7Vector3IdE @ 0x7e84d0
CIRCLE: _ZN12NavEKF3_core21calcTiltErrorVarianceEv @ 0x7e8db0
CIRCLE: _ZN12NavEKF3_core23verifyTiltErrorVarianceEv @ 0x7e9490
CIRCLE: _ZL3MINIffEDTqultfp_fp0_fp_fp0_ERKT_RKT0_.4336 @ 0x7e9890
CIRCLE: _ZN11QuaternionTIdE6rotateERK7Vector3IdE @ 0xa837b0
CIRCLE: _ZN12NavEKF3_core15ConstrainStatesEv @ 0x7e9920
CIRCLE: _ZNK21AP_DAL_InertialSensor9use_accelEh @ 0xa83870
CIRCLE: _ZNK21AP_DAL_InertialSensor8use_gyroEh @ 0xa83940
CIRCLE: _ZN12NavEKF3_core19learnInactiveBiasesEv @ 0x7e9d60
CIRCLE: _ZN12NavEKF3_core19updateMovementCheckEv @ 0x7ea2d0
CIRCLE: _ZN12NavEKF3_core17readDeltaVelocityEhR7Vector3IdERd @ 0x7eab70
CIRCLE: _ZNK21AP_DAL_InertialSensor18get_imu_pos_offsetEh @ 0xa83a10
CIRCLE: _ZN12NavEKF3_core14readDeltaAngleEhR7Vector3IdERd @ 0x7eacc0
CIRCLE: _ZN16EKF_IMU_buffer_tIN12NavEKF3_core12imu_elementsEE21push_youngest_elementES1_ @ 0xa83a80
CIRCLE: _ZN12NavEKF3_core14SampleDragDataERKNS_12imu_elementsE @ 0x7eade0
CIRCLE: _ZN16EKF_IMU_buffer_tIN12NavEKF3_core12imu_elementsEE18get_oldest_elementEv @ 0xa83ae0
CIRCLE: _ZN12NavEKF3_core22updateTimingStatisticsEv @ 0x7eb090
CIRCLE: _ZL3MINIfdEDTqultfp_fp0_fp_fp0_ERKT_RKT0_ @ 0x7eb340
CIRCLE: _ZN12NavEKF3_core12imu_elementsC2Ev @ 0xa83b60
CIRCLE: _ZN14ekf_imu_buffer18get_oldest_elementEPv @ 0x7eb3e0
CIRCLE: _ZN14ekf_imu_buffer21push_youngest_elementEPKv @ 0x7eb4a0
CIRCLE: _ZNK21AP_DAL_InertialSensor14get_gyro_countEv @ 0xa83c40
CIRCLE: _ZNK21AP_DAL_InertialSensor15get_delta_angleEhR7Vector3IfERf @ 0xa83c90
CIRCLE: _ZNK21AP_DAL_InertialSensor15get_accel_countEv @ 0xa83d90
CIRCLE: _ZNK21AP_DAL_InertialSensor18get_delta_velocityEhR7Vector3IfERf @ 0xa83de0
CIRCLE: _ZL7radiansi.4131 @ 0x7eb590
CIRCLE: _ZN12NavEKF3_core12detectFlightEv @ 0x7eb5f0
CIRCLE: _ZN12NavEKF3_core27setWindMagStateLearningModeEv @ 0x7ebab0
CIRCLE: _ZN12NavEKF3_core28checkAttitudeAlignmentStatusEv @ 0x7ec350
CIRCLE: _ZN12NavEKF3_core13setAidingModeEv @ 0x7ec460
CIRCLE: _ZN12NavEKF3_core12setYawSourceEv @ 0x7ed3d0
CIRCLE: _ZN12NavEKF3_core18checkGyroCalStatusEv @ 0x7ed4a0
CIRCLE: _ZL3MINIttEDTqultfp_fp0_fp_fp0_ERKT_RKT0_ @ 0x7edb80
CIRCLE: _ZL7radiansd.4050 @ 0x7edc00
CIRCLE: _ZN12NavEKF3_core19updateStateIndexLimEv @ 0x7edcf0
CIRCLE: _ZNK6AP_DAL18get_time_flying_msEv @ 0xa83ed0
CIRCLE: _ZN12NavEKF3_core20update_gps_selectionEv @ 0x7edee0
CIRCLE: _ZN12NavEKF3_core20update_mag_selectionEv @ 0x7edfe0
CIRCLE: _ZN12NavEKF3_core21update_baro_selectionEv @ 0x7ee120
CIRCLE: _ZN12NavEKF3_core25update_airspeed_selectionEv @ 0x7ee200
CIRCLE: _ZNK11AP_DAL_Baro11get_primaryEv @ 0xa83f70
CIRCLE: _Z9fill_nanfPdt @ 0x7ee310
CIRCLE: _ZNK17AP_InertialSensor20get_last_update_usecEv @ 0xa84030
CIRCLE: _ZNK17AP_InertialSensor16get_loop_delta_tEv @ 0xa84080
CIRCLE: _ZNK7AP_AHRS17get_vehicle_classEv @ 0xa840d0
CIRCLE: _ZNK7AP_AHRS20get_takeoff_expectedEv @ 0xa84120
CIRCLE: _ZNK7AP_AHRS22get_touchdown_expectedEv @ 0xa84180
CIRCLE: _ZNK7AP_AHRS8get_trimEv @ 0xa841e0
CIRCLE: _ZN2AP12wheelencoderEv @ 0x7ee730
CIRCLE: _ZNK15AP_WheelEncoder11num_sensorsEv @ 0xa84240
CIRCLE: _ZNK7AP_AHRS43get_rotation_vehicle_body_to_autopilot_bodyEv @ 0xa84290
CIRCLE: _ZN21AP_DAL_InertialSensor11start_frameEv @ 0x7ee770
CIRCLE: _ZN11AP_DAL_Baro11start_frameEv @ 0x7ee9f0
CIRCLE: _ZN10AP_DAL_GPS11start_frameEv @ 0x7eeb60
CIRCLE: _ZN14AP_DAL_Compass11start_frameEv @ 0x7eef60
CIRCLE: _ZNK9AP_Beacon7enabledEv @ 0x7efa10
CIRCLE: _ZNK9AP_Beacon12device_readyEv @ 0x7efd50
CIRCLE: _ZNK7AP_EnumIN9AP_Beacon4TypeEEcvKS1_Ev @ 0xa84340
CIRCLE: _ZNK7Compass24auto_declination_enabledEv @ 0xa84490
CIRCLE: _ZNK7Compass15get_declinationEv @ 0x7efec0
CIRCLE: _ZNK7Compass15get_num_enabledEv @ 0x7eff20
CIRCLE: _ZNK7Compass16get_first_usableEv @ 0xa84500
CIRCLE: _ZNK7Compass17have_scale_factorEh @ 0x7effe0
CIRCLE: _ZNK7Compass16last_update_usecEh @ 0xa84550
CIRCLE: _ZNK14typesafe_indexIh14TAG_StateIndexEgeERKh @ 0xa845d0
CIRCLE: _ZNK7AP_Baro11get_primaryEv @ 0xa84640
CIRCLE: _ZNK7AP_Baro15get_last_updateEh @ 0xa84690
CIRCLE: _ZNK17AP_InertialSensor16get_loop_rate_hzEv @ 0xa84700
CIRCLE: _ZNK17AP_InertialSensor15get_delta_angleEhR7Vector3IfERf @ 0x7f0120
CIRCLE: _ZN21AP_DAL_InertialSensor15update_filteredEh @ 0x7f02f0
CIRCLE: _ZNK17AP_InertialSensor18get_imu_pos_offsetEh @ 0xa84750
CIRCLE: _ZNK17AP_InertialSensor10_accel_posEh @ 0xa847b0
CIRCLE: _ZN17AP_InertialSensor10_accel_posEh @ 0xa84810
CIRCLE: _ZN15AP_WheelEncoder13get_singletonEv @ 0xa84880
CIRCLE: _ZN7NavEKF216InitialiseFilterEv @ 0x7f2d80
CIRCLE: _ZNK6AP_DAL12get_ekf_typeEv @ 0xa87070
CIRCLE: _ZN16AP_AHRS_External6updateEv @ 0x826160
CIRCLE: _ZN16AP_AHRS_External11get_resultsERN15AP_AHRS_Backend9EstimatesE @ 0x8261b0
CIRCLE: _ZN7AP_AHRS37copy_estimates_from_backend_estimatesERKN15AP_AHRS_Backend9EstimatesE @ 0x826400
CIRCLE: _ZN15AP_ExternalAHRS6updateEv @ 0x8266e0
CIRCLE: _ZL7degreesf.9850 @ 0x826a10
CIRCLE: _ZN11AP_AHRS_SIM6updateEv @ 0xa87c30
CIRCLE: _ZN11AP_AHRS_SIM11get_resultsERN15AP_AHRS_Backend9EstimatesE @ 0x826a60
CIRCLE: _ZN11AP_AHRS_DCM6updateEv @ 0x827640
CIRCLE: _ZN11AP_AHRS_DCM11get_resultsERN15AP_AHRS_Backend9EstimatesE @ 0x827960
CIRCLE: _ZN11AP_AHRS_DCM13matrix_updateEv @ 0x827a80
CIRCLE: _ZN11AP_AHRS_DCM9normalizeEv @ 0x827cd0
CIRCLE: _ZN11AP_AHRS_DCM16drift_correctionEf @ 0x827ef0
CIRCLE: _ZN11AP_AHRS_DCM12check_matrixEv @ 0x829250
CIRCLE: _ZN11AP_AHRS_DCM15backup_attitudeEv @ 0x829350
CIRCLE: _ZNK11AP_AHRS_DCM12get_error_rpEv @ 0xa87cf0
CIRCLE: _ZNK11AP_AHRS_DCM13get_error_yawEv @ 0xa87d40
CIRCLE: _ZN7Matrix3IfE6is_nanEv @ 0xa87d90
CIRCLE: _ZN11AP_AHRS_DCM20drift_correction_yawEv @ 0x829840
CIRCLE: _ZNK6AP_GPS16last_fix_time_msEv @ 0xa87ea0
CIRCLE: _ZL3MAXIfiEDTqugtfp_fp0_fp_fp0_ERKT_RKT0_.1607 @ 0x829d60
CIRCLE: _ZNK11AP_AHRS_DCM26should_correct_centrifugalEv @ 0x829e00
CIRCLE: _ZN11AP_AHRS_DCM10ra_delayedEhRK7Vector3IfE @ 0x829e50
CIRCLE: _ZNK17AP_InertialSensor7healthyEv @ 0xa87f00
CIRCLE: _ZN11AP_AHRS_DCM7_P_gainEf @ 0x829f50
CIRCLE: _ZNK11AP_AHRS_DCM14use_fast_gainsEv @ 0x82a030
CIRCLE: _ZL7radiansi.1608 @ 0x82a0c0
CIRCLE: _ZNK17AP_InertialSensor19get_gyro_drift_rateEv @ 0xa87f80
CIRCLE: _ZNK17AP_InertialSensor15get_gyro_healthEv @ 0xa87fd0
CIRCLE: _ZNK17AP_InertialSensor16get_accel_healthEv @ 0xa88030
CIRCLE: _ZNK7Compass16last_update_usecEv @ 0xa88090
CIRCLE: _ZN7Compass4readEv @ 0x82a120
CIRCLE: _ZN11AP_AHRS_DCM17yaw_error_compassER7Compass @ 0x82a4f0
CIRCLE: _ZNK11AP_AHRS_DCM9_yaw_gainEv @ 0x82a670
CIRCLE: _ZNK7Matrix3IfE5mulXYERK7Vector3IfE @ 0xa880f0
CIRCLE: _ZNK7Vector2IfErmERKS0_ @ 0xa881c0
CIRCLE: _ZN7Compass15_detect_runtimeEv @ 0x82a820
CIRCLE: _ZN9AP_Logger13Write_CompassEv @ 0x82ab50
CIRCLE: _ZN19RestrictIDTypeArrayI9AP_ParamTIaL11ap_var_type1EELj3E14typesafe_indexIh12TAG_PriorityEEixERKS5_ @ 0xa88240
CIRCLE: _ZN9AP_Logger22Write_Compass_instanceEmh @ 0x82abf0
CIRCLE: _ZNK7Compass17get_motor_offsetsEh @ 0xa882c0
CIRCLE: _ZN18AP_Compass_Backend25drain_accumulated_samplesEhPK7Vector3IfE @ 0x82cb20
CIRCLE: _ZN18AP_Compass_Backend22publish_filtered_fieldERK7Vector3IfEh @ 0x82cca0
CIRCLE: _ZN11AP_AHRS_DCM6renormERK7Vector3IfERS1_ @ 0x82cd60
CIRCLE: _ZNK17AP_InertialSensor15get_delta_angleER7Vector3IfERf @ 0xa88b40
CIRCLE: _ZNK7Vector3IfEeqERKS0_ @ 0xa88bd0
CIRCLE: _ZNK14AP_Logger_File17recent_open_errorEv @ 0x82d110
CIRCLE: _ZNK14AP_Logger_File15io_thread_aliveEv @ 0x82d1a0
CIRCLE: _ZN14AP_Logger_File16disk_space_availEv @ 0x82d530
CIRCLE: _ZL3MINIjjEDTqultfp_fp0_fp_fp0_ERKT_RKT0_.5718 @ 0x82d610
CIRCLE: _ZN13AP_Filesystem17bytes_until_fsyncEi @ 0x82d690
CIRCLE: _ZN13AP_Filesystem9disk_freeEPKc @ 0x82d710
CIRCLE: _ZN2AP4rssiEv @ 0x834950
CIRCLE: _ZNK7AP_RSSI7enabledEv @ 0xa89480
CIRCLE: _ZN7AP_RSSI13get_singletonEv @ 0x835180
CIRCLE: _ZN13AP_CANManager20check_logging_enableEv @ 0x836140
CIRCLE: _ZN7FunctorIvJEE14method_wrapperI13AP_CANManagerXadL_ZNS2_20check_logging_enableEvEEEEvPv @ 0xa89ab0
CIRCLE: _ZNK13AP_CANManager15CANIface_Params13option_is_setENS0_7OptionsE @ 0xa89b60
CIRCLE: _ZN9AP_Logger13Write_MessageEPKc @ 0x840d30
CIRCLE: _ZNK24AP_Proximity_Boundary_3D15get_next_sectorEh @ 0xa97f80
CIRCLE: _ZNK22AP_BattMonitor_Backend13option_is_setEN21AP_BattMonitor_Params7OptionsE @ 0xa9b9e0
CIRCLE: _ZN22AP_BattMonitor_Backend15update_consumedERN14AP_BattMonitor17BattMonitor_StateEj @ 0x858240
CIRCLE: _ZN22AP_BattMonitor_Backend13calculate_mahEff @ 0xa9ba70
CIRCLE: _ZN18AP_Compass_Backend17accumulate_sampleER7Vector3IfEhj @ 0x85a550
CIRCLE: _ZN18AP_Compass_Backend12rotate_fieldER7Vector3IfEh @ 0x85a6d0
CIRCLE: _ZN18AP_Compass_Backend17publish_raw_fieldERK7Vector3IfEh @ 0x85a7c0
CIRCLE: _ZN18AP_Compass_Backend13correct_fieldER7Vector3IfEh @ 0x85a8d0
CIRCLE: _ZN18AP_Compass_Backend8field_okERK7Vector3IfE @ 0x85acd0
CIRCLE: _ZNK7Compass16get_filter_rangeEv @ 0xa9dd90
CIRCLE: _ZNK16Compass_PerMotor7enabledEv @ 0xa9ddf0
CIRCLE: _ZN7Compass13_get_priorityE14typesafe_indexIh14TAG_StateIndexE @ 0xa9de60
CIRCLE: _ZN14AP_GPS_Backend15set_alt_amsl_cmERN6AP_GPS9GPS_StateEi @ 0x85f3a0
CIRCLE: _ZN16JitterCorrection31correct_offboard_timestamp_usecEmm @ 0x85f5b0
CIRCLE: _ZNK14AP_GPS_Backend10option_setEN6AP_GPS13DriverOptionsE @ 0xaa0ff0
CIRCLE: _ZNK6AP_GPS10option_setENS_13DriverOptionsE @ 0xaa1060
CIRCLE: _ZN6AP_RTC12set_utc_usecEmNS_11source_typeE @ 0x860020
CIRCLE: _ZNK11GCS_MAVLINK14option_enabledENS_6OptionE @ 0xaa34f0
CIRCLE: _ZNK16AP_SerialManager9UARTState12get_protocolEv @ 0xaa3570
CIRCLE: _ZN2AP8PerfInfo13set_loop_rateEt @ 0x872540
CIRCLE: _ZN2AP8PerfInfo5resetEv @ 0x872600
CIRCLE: _ZN3GCS10send_textvE12MAV_SEVERITYPKcP13__va_list_tagh @ 0x872c30
CIRCLE: _ZNK3GCS43min_loop_time_remaining_for_message_send_usEv @ 0xaa3d30
CIRCLE: _ZNK3GCS26min_status_for_gps_healthyEv @ 0xaa3ec0
CIRCLE: _ZL3MINImmEDTqultfp_fp0_fp_fp0_ERKT_RKT0_.6171 @ 0x873140
CIRCLE: _ZN11ObjectArrayIN3GCS12statustext_tEE10push_forceERKS1_ @ 0xaa3f10
CIRCLE: _ZN2AP11frsky_telemEv @ 0x8731c0
CIRCLE: _ZN2AP14spektrum_telemEv @ 0x873200
CIRCLE: _ZN9AP_Notify9send_textEPKc @ 0x873240
CIRCLE: _ZN17AP_Spektrum_Telem13get_singletonEv @ 0xaa4050
CIRCLE: _ZN14AP_Frsky_Telem13get_singletonEv @ 0xaa4090
CIRCLE: _ZNK11ObjectArrayIN3GCS12statustext_tEE5spaceEv @ 0xaa40d0
CIRCLE: _ZN11ObjectArrayIN3GCS12statustext_tEE4pushERKS1_ @ 0xaa4130
CIRCLE: _ZN5Rover8set_modeEh10ModeReason @ 0x8732e0
CIRCLE: _ZNK5Rover29current_mode_requires_missionEv @ 0xaa4270
CIRCLE: _ZNK5Rover17get_wp_distance_mERf @ 0x873dc0
CIRCLE: _ZNK5Rover18get_wp_bearing_degERf @ 0x873e70
CIRCLE: _ZNK5Rover25get_wp_crosstrack_error_mERf @ 0x873f20
CIRCLE: _ZN5Rover20set_control_channelsEv @ 0x874c20
CIRCLE: _ZN5Rover18fence_checks_asyncEv @ 0x874f00
CIRCLE: _ZN6AP_HAL15timeout_expiredIjjjEEbT_T0_T1_ @ 0xaa4390
CIRCLE: _ZN8AC_Fence5checkEb @ 0x875020
CIRCLE: _ZN8AC_Fence19clear_margin_breachEh @ 0x875430
CIRCLE: _ZNK8AC_Fence18get_enabled_fencesEv @ 0x875e20
CIRCLE: _ZN5Rover2rcEv @ 0xaa44e0
CIRCLE: _ZN10RC_Channel9set_angleEt @ 0x876170
CIRCLE: _ZN8Sailboat10init_rc_inEv @ 0x876260
CIRCLE: _ZN6AP_HAL8RCOutput15set_esc_scalingEtt @ 0xaa4530
CIRCLE: _ZN12SRV_Channels19set_esc_scaling_forEN11SRV_Channel8FunctionE @ 0x8764c0
CIRCLE: _ZNK5Rover13is_balancebotEv @ 0x876aa0
CIRCLE: _ZN8AP_Param15save_io_handlerEv @ 0x877350
CIRCLE: _ZN7FunctorIvJEE14method_wrapperI8AP_ParamXadL_ZNS2_15save_io_handlerEvEEEEvPv @ 0xaa46e0
CIRCLE: _ZN15ObjectBuffer_TSIN8AP_Param10param_saveEE3popERS1_ @ 0xaa4790
CIRCLE: _ZN5Rover11notify_modeEPK4Mode @ 0x877450
CIRCLE: _ZN5Rover3gcsEv @ 0xaa4870
CIRCLE: _ZN12SRV_Channels17enable_aux_servosEv @ 0x87b780
CIRCLE: _ZL21failsafe_check_staticv @ 0x87d310
CIRCLE: _ZN5Rover8set_modeER4Mode10ModeReason @ 0x87d8a0
CIRCLE: _ZN5Rover18mode_from_mode_numEN4Mode6NumberE @ 0x87de10
CIRCLE: _ZNK5Rover7is_boatEv @ 0x87e250
CIRCLE: _ZNK8Sailboat12tack_enabledEv @ 0x87e2c0
CIRCLE: _ZN10RC_Channel16read_mode_switchEv @ 0x87e800
CIRCLE: _ZN10RC_Channel16read_6pos_switchERa @ 0x87e880
CIRCLE: _ZN10RC_Channel18debounce_completedEa @ 0x87e9e0
CIRCLE: _ZN5Rover34Log_Write_Vehicle_Startup_MessagesEv @ 0x87ead0
CIRCLE: _ZN7FunctorIvJEE14method_wrapperI5RoverXadL_ZNS2_34Log_Write_Vehicle_Startup_MessagesEvEEEEvPv @ 0xaa4c80
CIRCLE: _ZN9AP_Logger10Write_ModeEh10ModeReason @ 0x87eb80
CIRCLE: _ZN6AP_GPS36Write_AP_Logger_Log_Startup_messagesEv @ 0x87ec30
CIRCLE: _ZN17AP_Logger_Backend10Write_ModeEh10ModeReason @ 0x87ed10
CIRCLE: _ZN7AP_AHRS15set_fly_forwardEb @ 0xaa4db0
CIRCLE: _ZN17AP_InertialSensor12BatchSampler21rotate_to_next_sensorEv @ 0x87fec0
CIRCLE: _ZN17AP_InertialSensor12BatchSampler32update_doing_sensor_rate_loggingEv @ 0x880110
CIRCLE: _ZL3MINIhhEDTqultfp_fp0_fp_fp0_ERKT_RKT0_.17357 @ 0x880250
CIRCLE: _ZNK17AP_InertialSensor12BatchSampler10has_optionENS0_11batch_opt_tE @ 0xaa6240
CIRCLE: _ZN17AP_InertialSensor12_gyro_offsetEh @ 0xaa62c0
CIRCLE: _ZN17AP_InertialSensor12caltemp_gyroEh @ 0xaa6330
CIRCLE: _ZN22AP_InertialSensor_SITL6updateEv @ 0x881a10
CIRCLE: _ZN25AP_InertialSensor_Backend10accumulateEv @ 0xaa6450
CIRCLE: _ZN25AP_InertialSensor_Backend11set_primaryEb @ 0xaa6620
CIRCLE: _ZNK25AP_InertialSensor_Backend21_gyro_raw_sample_rateEh @ 0xaa6670
CIRCLE: _ZN22AP_InertialSensor_SITL12timer_updateEv @ 0x882190
CIRCLE: _ZN7FunctorIvJEE14method_wrapperI22AP_InertialSensor_SITLXadL_ZNS2_12timer_updateEvEEEEvPv @ 0xaa6740
CIRCLE: _ZN22AP_InertialSensor_SITL14generate_accelEv @ 0x882660
CIRCLE: _ZN22AP_InertialSensor_SITL13generate_gyroEv @ 0x883640
CIRCLE: _ZNK25AP_InertialSensor_Backend20enable_fast_samplingEh @ 0xaa67f0
CIRCLE: _ZNK22AP_InertialSensor_SITL10gyro_driftEv @ 0x8840a0
CIRCLE: _ZL7radiansd.17279 @ 0x8842a0
CIRCLE: _ZL7radiansf.17280 @ 0x8842f0
CIRCLE: _ZN22AP_InertialSensor_SITL15get_temperatureEv @ 0x8843d0
CIRCLE: _ZNK22AP_InertialSensor_TCal15sitl_apply_gyroEfR7Vector3IfE @ 0x884570
CIRCLE: _ZN25AP_InertialSensor_Backend35_notify_new_gyro_sensor_rate_sampleEhRK7Vector3IfE @ 0x884650
CIRCLE: _ZN25AP_InertialSensor_Backend24_rotate_and_correct_gyroEhR7Vector3IfE @ 0x884850
CIRCLE: _ZN25AP_InertialSensor_Backend27_notify_new_gyro_raw_sampleEhRK7Vector3IfEm @ 0x8849e0
CIRCLE: _ZNK25AP_InertialSensor_Backend15has_been_killedEh @ 0xaa6880
CIRCLE: _ZNK25AP_InertialSensor_Backend19_update_sensor_rateERtRjRf @ 0x885080
CIRCLE: _ZN25AP_InertialSensor_Backend18apply_gyro_filtersEhRK7Vector3IfE @ 0x885250
CIRCLE: _ZN25AP_InertialSensor_Backend12log_gyro_rawEhmRK7Vector3IfES3_ @ 0x885610
CIRCLE: _ZN25AP_InertialSensor_Backend14update_primaryEv @ 0x8858a0
CIRCLE: _ZNK17AP_InertialSensor22raw_logging_option_setENS_18RAW_LOGGING_OPTIONE @ 0xaa6900
CIRCLE: _ZNK25AP_InertialSensor_Backend18should_log_imu_rawEv @ 0x885980
CIRCLE: _ZNK17AP_InertialSensor12BatchSampler25doing_sensor_rate_loggingEv @ 0xaa6980
CIRCLE: _ZNK17AP_InertialSensor12BatchSampler25doing_post_filter_loggingEv @ 0xaa69e0
CIRCLE: _ZN17AP_InertialSensor12BatchSampler6sampleEhNS_15IMU_SENSOR_TYPEEmRK7Vector3IfE @ 0x885b90
CIRCLE: _ZN17AP_InertialSensor12BatchSampler10should_logEhNS_15IMU_SENSOR_TYPEE @ 0x885ce0
CIRCLE: _ZN25AP_InertialSensor_Backend16save_gyro_windowEhRK7Vector3IfEh @ 0x885e20
CIRCLE: _ZN15LowPassFilter2pI7Vector3IfEE5applyERKS1_ @ 0xaa6cc0
CIRCLE: _ZN19DigitalBiquadFilterI7Vector3IfEE5applyERKS1_RKNS2_13biquad_paramsE @ 0xaa6e10
CIRCLE: _ZNK25AP_InertialSensor_Backend18sensors_convergingEv @ 0x8860e0
CIRCLE: _ZNK22AP_InertialSensor_TCal12correct_gyroEffR7Vector3IfE @ 0x886210
CIRCLE: _ZNK22AP_InertialSensor_TCal14correct_sensorEffPK9AP_ParamVI7Vector3IfEL11ap_var_type5EERS2_ @ 0x8862b0
CIRCLE: _ZNK22AP_InertialSensor_TCal15polynomial_evalEfPK9AP_ParamVI7Vector3IfEL11ap_var_type5EE @ 0x8864c0
CIRCLE: _ZNK22AP_InertialSensor_TCal16sitl_apply_accelEfR7Vector3IfE @ 0x889470
CIRCLE: _ZN25AP_InertialSensor_Backend36_notify_new_accel_sensor_rate_sampleEhRK7Vector3IfE @ 0x889550
CIRCLE: _ZN25AP_InertialSensor_Backend25_rotate_and_correct_accelEhR7Vector3IfE @ 0x889750
CIRCLE: _ZN25AP_InertialSensor_Backend28_notify_new_accel_raw_sampleEhRK7Vector3IfEmb @ 0x889970
CIRCLE: _ZN25AP_InertialSensor_Backend20_publish_temperatureEhf @ 0x889f20
CIRCLE: _ZN17AP_InertialSensor27calc_vibration_and_clippingEhRK7Vector3IfEf @ 0x889fc0
CIRCLE: _ZN17AP_InertialSensor19set_accel_peak_holdEhRK7Vector3IfE @ 0x88a240
CIRCLE: _ZN25AP_InertialSensor_Backend13log_accel_rawEhmRK7Vector3IfE @ 0x88a320
CIRCLE: _ZNK25AP_InertialSensor_Backend14get_clip_limitEv @ 0xaa7e30
CIRCLE: _ZN13LowPassFilterI7Vector3IfEE5applyERKS1_RKf @ 0xaa7e80
CIRCLE: _ZN10DigitalLPFI7Vector3IfEE6_applyERKS1_RKf @ 0xaa7f40
CIRCLE: _ZNK22AP_InertialSensor_TCal13correct_accelEffR7Vector3IfE @ 0x88a700
CIRCLE: _ZN25AP_InertialSensor_Backend12update_accelEh @ 0x88ab80
CIRCLE: _ZN25AP_InertialSensor_Backend11update_gyroEh @ 0x88aca0
CIRCLE: _ZN25AP_InertialSensor_Backend13_publish_gyroEhRK7Vector3IfE @ 0x88ae00
CIRCLE: _ZN25AP_InertialSensor_Backend19update_gyro_filtersEh @ 0x88af70
CIRCLE: _ZNK25AP_InertialSensor_Backend19_gyro_filter_cutoffEv @ 0xaa8210
CIRCLE: _ZN25AP_InertialSensor_Backend14_publish_accelEhRK7Vector3IfE @ 0x88b3b0
CIRCLE: _ZN25AP_InertialSensor_Backend20update_accel_filtersEh @ 0x88b5e0
CIRCLE: _ZNK25AP_InertialSensor_Backend20_accel_filter_cutoffEv @ 0xaa84f0
CIRCLE: _ZNK5Rover16gcs_mode_enabledEN4Mode6NumberE @ 0x88d170
CIRCLE: _ZN4Mode5enterEv @ 0x88d1f0
CIRCLE: _ZN8AC_Fence21manual_recovery_startEv @ 0x88d380
CIRCLE: _ZN9AP_Camera16set_is_auto_modeEb @ 0xaa8990
CIRCLE: _ZN4Mode4exitEv @ 0x88d410
CIRCLE: _ZN8Sailboat10clear_tackEv @ 0x88d470
CIRCLE: _ZNK10AP_Vehicle21block_GCS_mode_changeEhPKhh @ 0x88d4e0
CIRCLE: _ZNK8AC_Fence9polyfenceEv @ 0x891b20
CIRCLE: _ZNK7AP_EnumIN13AP_OADatabase11OutputLevelEEcvKS1_Ev @ 0xaa9fb0
CIRCLE: _ZN11AP_SmartRTL22run_background_cleanupEv @ 0x895f40
CIRCLE: _ZN7FunctorIvJEE14method_wrapperI11AP_SmartRTLXadL_ZNS2_22run_background_cleanupEvEEEEvPv @ 0xaaa610
CIRCLE: _ZN11AP_SmartRTL15routine_cleanupEtt @ 0x896210
CIRCLE: _ZN11AP_SmartRTL22detect_simplificationsEv @ 0x8963e0
CIRCLE: _ZN11AP_SmartRTL33remove_points_by_simplify_bitmaskEv @ 0x896750
CIRCLE: _ZN11AP_SmartRTL29restart_pruning_if_new_pointsEv @ 0x896930
CIRCLE: _ZN11AP_SmartRTL12detect_loopsEv @ 0x8969a0
CIRCLE: _ZN11AP_SmartRTL20segment_segment_distERK7Vector3IfES3_S3_S3_ @ 0x896fc0
CIRCLE: _ZN11AP_SmartRTL8add_loopEttRK7Vector3IfE @ 0x897560
CIRCLE: _ZNK11AP_SmartRTL13loops_overlapERKNS_12prune_loop_tES2_ @ 0x897900
CIRCLE: _ZNK7BitmaskILt500EE3getEt @ 0xaaa6c0
CIRCLE: _ZNK7BitmaskILt500EE8validateEt @ 0xaaa790
CIRCLE: _ZNK7Vector3IfE19distance_to_segmentERKS0_S2_ @ 0xaaa820
CIRCLE: _ZN7BitmaskILt500EE5clearEt @ 0xaaaa10
CIRCLE: _ZN5Rover14failsafe_checkEv @ 0x897b00
CIRCLE: _ZNK7AP_AHRS12get_accel_efEv @ 0xaae2d0
CIRCLE: _ZNK7AP_AHRS18get_yaw_rate_earthEv @ 0xab09c0
CIRCLE: _ZNK12NavEKF3_core9getMagXYZER7Vector3IfE @ 0x8c3bc0
CIRCLE: _ZNK12NavEKF3_core9getMagNEDER7Vector3IfE @ 0x8c3e40
CIRCLE: _ZNK7Vector2IfE8todoubleEv @ 0xab1210
CIRCLE: _ZNK7Vector2IfEdvEf @ 0xab1e70
CIRCLE: _ZNK14AP_GPS_Backend32supports_mavlink_gps_rtk_messageEv @ 0xab3050
CIRCLE: _ZNK14AP_GPS_Blended7get_lagERf @ 0x8d0780
CIRCLE: _ZNK14AP_GPS_Backend36Write_AP_Logger_Log_Startup_messagesEv @ 0x8d0800
CIRCLE: _ZNK14AP_GPS_Backend18_detection_messageEPch @ 0x8d0870
CIRCLE: _ZN7AP_Baro6updateEv @ 0x8d0e50
CIRCLE: _ZNK7AP_Baro7healthyEv @ 0xab3620
CIRCLE: _ZN15AP_Baro_Backend14backend_updateEh @ 0x8d1570
CIRCLE: _ZN7AP_Baro24wind_pressure_correctionEh @ 0x8d15f0
CIRCLE: _ZNK7AP_Baro15get_last_updateEv @ 0xab3680
CIRCLE: _ZN16DerivativeFilterIfLh7EE6updateEfj @ 0xab36e0
CIRCLE: _ZN7AP_Baro22update_field_elevationEv @ 0x8d1930
CIRCLE: _ZNK7AP_Baro10should_logEv @ 0x8d1bb0
CIRCLE: _ZN7AP_Baro10Write_BaroEv @ 0x8d1c60
CIRCLE: _ZN7AP_Baro19Write_Baro_instanceEmh @ 0x8d1cf0
CIRCLE: _ZNK7AP_Baro21get_baro_drift_offsetEv @ 0xab37c0
CIRCLE: _ZNK7AP_Baro22get_ground_temperatureEv @ 0x8d1f10
CIRCLE: _ZNK7AP_Baro22get_corrected_pressureEh @ 0xab3810
CIRCLE: _ZN16FilterWithBufferIfLh7EE5applyEf @ 0xab3940
CIRCLE: _ZN24AP_Proximity_Boundary_3D4FaceC2Ev @ 0xab46a0
CIRCLE: _ZN15AP_Compass_SITL6_timerEv @ 0x8f14d0
CIRCLE: _ZN7FunctorIvJEE14method_wrapperI15AP_Compass_SITLXadL_ZNS2_6_timerEvEEEEvPv @ 0xabc5c0
CIRCLE: _Z10rand_vec3fv @ 0x8f1a00
CIRCLE: _ZN7VectorNIN15AP_Compass_SITL16readings_compassELh50EEixEh @ 0xabc670
CIRCLE: _ZN15AP_Compass_SITL26_setup_eliptical_correcionEh @ 0x8f1a80
CIRCLE: _ZNK18AP_Compass_Backend21get_board_orientationEv @ 0x8f1cb0
CIRCLE: _ZN15AP_Compass_SITL4readEv @ 0x8f1d00
CIRCLE: _ZN15AP_Baro_Backend17_copy_to_frontendEhff @ 0x8f60a0
CIRCLE: _ZN12AP_Baro_SITL6_timerEv @ 0x8f7330
CIRCLE: _ZN7FunctorIvJEE14method_wrapperI12AP_Baro_SITLXadL_ZNS2_6_timerEvEEEEvPv @ 0xabe240
CIRCLE: _ZN7VectorNIN12AP_Baro_SITL13readings_baroELh50EEixEh @ 0xabe2f0
CIRCLE: _ZN12AP_Baro_SITL22temperature_adjustmentERfS0_ @ 0x8f7720
CIRCLE: _ZN12AP_Baro_SITL24wind_pressure_correctionEh @ 0x8f7910
CIRCLE: _ZL2sqf.1777 @ 0x8f7b20
CIRCLE: _ZN7AP_Baro22_get_air_density_ratioEv @ 0x8f7b70
CIRCLE: _ZL2sqf.1757 @ 0x8f7c10
CIRCLE: _ZN12AP_Baro_SITL6updateEv @ 0x8f7d00
CIRCLE: _ZN12AP_Baro_SITL19update_healthy_flagEh @ 0xabe400
CIRCLE: _ZN12AP_Baro_SITL7healthyEh @ 0x8f7db0
CIRCLE: _ZNK22AP_BattMonitor_Backend17has_cell_voltagesEv @ 0xabf520
CIRCLE: _ZNK22AP_BattMonitor_Backend15has_temperatureEv @ 0xabf570
CIRCLE: _ZNK22AP_BattMonitor_Backend15get_temperatureERf @ 0x8f9d50
CIRCLE: _ZNK22AP_BattMonitor_Backend22capacity_remaining_pctERh @ 0x8f9e10
CIRCLE: _ZN22AP_BattMonitor_Backend26update_resistance_estimateEv @ 0x8f9f90
CIRCLE: _ZN22AP_BattMonitor_Backend16update_failsafesEv @ 0x8fa2e0
CIRCLE: _ZNK22AP_BattMonitor_Backend25get_mavlink_fault_bitmaskEv @ 0xabf620
CIRCLE: _ZL3MINIifEDTqultfp_fp0_fp_fp0_ERKT_RKT0_.16929 @ 0x8fa600
CIRCLE: _ZL3MINIffEDTqultfp_fp0_fp_fp0_ERKT_RKT0_.16930 @ 0x8fa6a0
CIRCLE: _ZN21AP_BattMonitor_Analog4readEv @ 0x8fc2a0
CIRCLE: _ZNK21AP_BattMonitor_Analog19has_consumed_energyEv @ 0xac0310
CIRCLE: _ZNK21AP_BattMonitor_Analog11has_currentEv @ 0x8fc4a0
CIRCLE: _ZN9AP_Notify19set_flight_mode_strEPKc @ 0x902ab0
CIRCLE: _ZN6RGBLed6updateEv @ 0x908700
CIRCLE: _ZN6RGBLed8_set_rgbEhhh @ 0x908b30
CIRCLE: _ZNK6RGBLed10rgb_sourceEv @ 0x908c40
CIRCLE: _ZNK6RGBLed19get_colour_sequenceEv @ 0x908ea0
CIRCLE: _ZNK6RGBLed14get_brightnessEv @ 0x909290
CIRCLE: _ZN6RGBLed7set_rgbEhhh @ 0x909390
CIRCLE: _ZN10IS31FL31956_timerEv @ 0x909450
CIRCLE: _ZN7FunctorIvJEE14method_wrapperI10IS31FL3195XadL_ZNS2_6_timerEvEEEEvPv @ 0xac39c0
CIRCLE: _ZN6LP55626_timerEv @ 0x9099e0
CIRCLE: _ZN7FunctorIvJEE14method_wrapperI6LP5562XadL_ZNS2_6_timerEvEEEEvPv @ 0xac3d30
CIRCLE: _ZN14ToshibaLED_I2C6_timerEv @ 0x90b810
CIRCLE: _ZN7FunctorIvJEE14method_wrapperI14ToshibaLED_I2CXadL_ZNS2_6_timerEvEEEEvPv @ 0xac4a40
CIRCLE: _ZNK7Vector2IfE10normalizedEv @ 0xac4dd0
CIRCLE: _ZNK18AR_AttitudeControl13get_decel_maxEv @ 0x90c9c0
CIRCLE: _ZNK13AR_PosControl13get_speed_maxEv @ 0xac4e80
CIRCLE: _ZNK13AR_PosControl13get_accel_maxEv @ 0xac4ed0
CIRCLE: _ZN7FunctorIvJEE14method_wrapperI5RoverXadL_ZNS2_10read_radioEvEEEEvPv @ 0xac4f70
CIRCLE: _ZN7FunctorIvJEE14method_wrapperI5RoverXadL_ZNS2_11ahrs_updateEvEEEEvPv @ 0xac5020
CIRCLE: _ZN7FunctorIvJEE14method_wrapperI5RoverXadL_ZNS2_17read_rangefindersEvEEEEvPv @ 0xac50d0
CIRCLE: _ZN7FunctorIvJEE14method_wrapperI14AP_OpticalFlowXadL_ZNS2_6updateEvEEEEvPv @ 0xac5180
CIRCLE: _ZN7FunctorIvJEE14method_wrapperI5RoverXadL_ZNS2_19update_current_modeEvEEEEvPv @ 0xac5230
CIRCLE: _ZN7FunctorIvJEE14method_wrapperI5RoverXadL_ZNS2_10set_servosEvEEEEvPv @ 0xac52e0
CIRCLE: _ZN7FunctorIvJEE14method_wrapperI6AP_GPSXadL_ZNS2_6updateEvEEEEvPv @ 0xac5390
CIRCLE: _ZN7FunctorIvJEE14method_wrapperI7AP_BaroXadL_ZNS2_6updateEvEEEEvPv @ 0xac5440
CIRCLE: _ZN7FunctorIvJEE14method_wrapperI9AP_BeaconXadL_ZNS2_6updateEvEEEEvPv @ 0xac54f0
CIRCLE: _ZN7FunctorIvJEE14method_wrapperI12AP_ProximityXadL_ZNS2_6updateEvEEEEvPv @ 0xac55a0
CIRCLE: _ZN7FunctorIvJEE14method_wrapperI11AP_WindVaneXadL_ZNS2_6updateEvEEEEvPv @ 0xac5650
CIRCLE: _ZN7FunctorIvJEE14method_wrapperI5RoverXadL_ZNS2_20update_wheel_encoderEvEEEEvPv @ 0xac5700
CIRCLE: _ZN7FunctorIvJEE14method_wrapperI5RoverXadL_ZNS2_14update_compassEvEEEEvPv @ 0xac57b0
CIRCLE: _ZN7FunctorIvJEE14method_wrapperI5RoverXadL_ZNS2_15update_logging1EvEEEEvPv @ 0xac5860
CIRCLE: _ZN7FunctorIvJEE14method_wrapperI5RoverXadL_ZNS2_15update_logging2EvEEEEvPv @ 0xac5910
CIRCLE: _ZN7FunctorIvJEE14method_wrapperI3GCSXadL_ZNS2_14update_receiveEvEEEEvPv @ 0xac59c0
CIRCLE: _ZN7FunctorIvJEE14method_wrapperI3GCSXadL_ZNS2_11update_sendEvEEEEvPv @ 0xac5a70
CIRCLE: _ZN7FunctorIvJEE14method_wrapperI11RC_ChannelsXadL_ZNS2_16read_mode_switchEvEEEEvPv @ 0xac5b20
CIRCLE: _ZN7FunctorIvJEE14method_wrapperI11RC_ChannelsXadL_ZNS2_12read_aux_allEvEEEEvPv @ 0xac5bc0
CIRCLE: _ZN7FunctorIvJEE14method_wrapperI14AP_BattMonitorXadL_ZNS2_4readEvEEEEvPv @ 0xac5c70
CIRCLE: _ZN7FunctorIvJEE14method_wrapperI19AP_ServoRelayEventsXadL_ZNS2_13update_eventsEvEEEEvPv @ 0xac5d20
CIRCLE: _ZN7FunctorIvJEE14method_wrapperI5RoverXadL_ZNS2_15update_preclandEvEEEEvPv @ 0xac5dd0
CIRCLE: _ZN7FunctorIvJEE14method_wrapperI8AP_MountXadL_ZNS2_6updateEvEEEEvPv @ 0xac5e80
CIRCLE: _ZN7FunctorIvJEE14method_wrapperI9AP_CameraXadL_ZNS2_6updateEvEEEEvPv @ 0xac5f30
CIRCLE: _ZN7FunctorIvJEE14method_wrapperI5RoverXadL_ZNS2_18gcs_failsafe_checkEvEEEEvPv @ 0xac5fe0
CIRCLE: _ZN7FunctorIvJEE14method_wrapperI5RoverXadL_ZNS2_11fence_checkEvEEEEvPv @ 0xac6090
CIRCLE: _ZN7FunctorIvJEE14method_wrapperI5RoverXadL_ZNS2_9ekf_checkEvEEEEvPv @ 0xac6140
CIRCLE: _ZN7FunctorIvJEE14method_wrapperI12ModeSmartRTLXadL_ZNS2_13save_positionEvEEEEvPv @ 0xac61f0
CIRCLE: _ZN7FunctorIvJEE14method_wrapperI5RoverXadL_ZNS2_15one_second_loopEvEEEEvPv @ 0xac62a0
CIRCLE: _ZN7FunctorIvJEE14method_wrapperI10AC_SprayerXadL_ZNS2_6updateEvEEEEvPv @ 0xac6350
CIRCLE: _ZN7FunctorIvJEE14method_wrapperI9AP_LoggerXadL_ZNS2_14periodic_tasksEvEEEEvPv @ 0xac6400
CIRCLE: _ZN7FunctorIvJEE14method_wrapperI17AP_InertialSensorXadL_ZNS2_8periodicEvEEEEvPv @ 0xac64b0
CIRCLE: _ZN7FunctorIvJEE14method_wrapperI12AP_SchedulerXadL_ZNS2_14update_loggingEvEEEEvPv @ 0xac6560
CIRCLE: _ZN7FunctorIvJEE14method_wrapperI9AP_ButtonXadL_ZNS2_6updateEvEEEEvPv @ 0xac6610
CIRCLE: _ZN7FunctorIvJEE14method_wrapperI5RoverXadL_ZNS2_11crash_checkEvEEEEvPv @ 0xac66c0
CIRCLE: _ZN7FunctorIvJEE14method_wrapperI5RoverXadL_ZNS2_19cruise_learn_updateEvEEEEvPv @ 0xac6770
CIRCLE: _ZN5Rover19cruise_learn_updateEv @ 0x910a00
CIRCLE: _ZNK18AR_AttitudeControl17get_forward_speedERf @ 0x910b60
CIRCLE: _ZNK7AP_AHRS7cos_yawEv @ 0xac6890
CIRCLE: _ZNK7AP_AHRS7sin_yawEv @ 0xac68e0
CIRCLE: _ZN5Rover11crash_checkEv @ 0x910f70
CIRCLE: _ZN9AP_Button6updateEv @ 0x911350
CIRCLE: _ZN12AP_Scheduler14update_loggingEv @ 0x911fd0
CIRCLE: _ZN12AP_Scheduler11debug_flagsEv @ 0xac6ac0
CIRCLE: _ZN12AP_Scheduler21Log_Write_PerformanceEv @ 0x912240
CIRCLE: _ZN2AP8PerfInfo13has_task_infoEv @ 0xac6b20
CIRCLE: _ZNK2AP8PerfInfo20get_num_long_runningEv @ 0x912450
CIRCLE: _ZNK2AP8PerfInfo13get_num_loopsEv @ 0x9124a0
CIRCLE: _ZNK2AP8PerfInfo12get_max_timeEv @ 0x9124f0
CIRCLE: _ZN12AP_Scheduler12load_averageEv @ 0x912540
CIRCLE: _ZNK16AP_InternalError5countEv @ 0xac6b80
CIRCLE: _ZN17AP_InertialSensor8periodicEv @ 0x912780
CIRCLE: _ZN17AP_InertialSensor12BatchSampler8periodicEv @ 0x9127e0
CIRCLE: _ZN17AP_InertialSensor12BatchSampler16push_data_to_logEv @ 0x912860
CIRCLE: _ZNK17AP_InertialSensor12BatchSampler10Write_ISBHEf @ 0x912af0
CIRCLE: _ZNK17AP_InertialSensor12BatchSampler10Write_ISBDEv @ 0x912c50
CIRCLE: _ZN9AP_Logger14periodic_tasksEv @ 0x912e00
CIRCLE: _ZN10AC_Sprayer6updateEv @ 0x912ea0
CIRCLE: _ZN5Rover15one_second_loopEv @ 0x9132f0
CIRCLE: _ZN5Rover20handle_auto_arm_onceEv @ 0x913530
CIRCLE: _ZN10AP_Vehicle17set_likely_flyingEb @ 0xac6c90
CIRCLE: _ZN8AR_WPNav15set_turn_paramsEfb @ 0x9137d0
CIRCLE: _ZN13AR_PosControl15set_turn_paramsEfb @ 0x913880
CIRCLE: _ZN19AP_WheelRateControl21set_notch_sample_rateEf @ 0x913920
CIRCLE: _ZN8AP_Stats10set_flyingEb @ 0x9139b0
CIRCLE: _ZN6AC_PID21set_notch_sample_rateEf @ 0x913a80
CIRCLE: _ZN12AR_PivotTurn6enableEb @ 0x913e60
CIRCLE: _ZN12ModeSmartRTL13save_positionEv @ 0x913ed0
CIRCLE: _ZN11AP_SmartRTL6updateEbb @ 0x913f60
CIRCLE: _ZN11AP_SmartRTL6updateEbRK7Vector3IfE @ 0x914060
CIRCLE: _ZN5Rover9ekf_checkEv @ 0x914190
CIRCLE: _ZN5Rover18ekf_over_thresholdEv @ 0x914490
CIRCLE: _ZN5Rover11fence_checkEv @ 0x914800
CIRCLE: _ZN5Rover18gcs_failsafe_checkEv @ 0x914ab0
CIRCLE: _ZN5Rover16failsafe_triggerEhPKcb @ 0x914be0
CIRCLE: _ZN9AP_Camera6updateEv @ 0x915070
CIRCLE: _ZN8AP_Mount6updateEv @ 0x915130
CIRCLE: _ZN5Rover15update_preclandEv @ 0x9151e0
CIRCLE: _ZN11AC_PrecLand6updateEfb @ 0x915240
CIRCLE: _ZN14AP_BattMonitor4readEv @ 0x9178c0
CIRCLE: _ZN9AP_Logger11Write_PowerEv @ 0x917af0
CIRCLE: _ZNK22AP_BattMonitor_Backend13Log_Write_BATEhm @ 0x917b40
CIRCLE: _ZNK22AP_BattMonitor_Backend13Log_Write_BCLEhm @ 0x917de0
CIRCLE: _ZN14AP_BattMonitor15check_failsafesEv @ 0x917fe0
CIRCLE: _ZN14AP_BattMonitor16checkPoweringOffEv @ 0x9182f0
CIRCLE: _ZNK22AP_BattMonitor_Backend23get_state_of_health_pctERh @ 0x918450
CIRCLE: _ZN11RC_Channels12read_aux_allEv @ 0x9184e0
CIRCLE: _ZN10RC_Channel8read_auxEv @ 0x9185d0
CIRCLE: _ZN9AP_Logger10Write_RCINEv @ 0x9187d0
CIRCLE: _ZN11RC_Channels12get_radio_inEPth @ 0x9189c0
CIRCLE: _ZNK11RC_Channels17get_override_maskEv @ 0x918ab0
CIRCLE: _ZL3MINIhiEDTqultfp_fp0_fp_fp0_ERKT_RKT0_.6266 @ 0x918b70
CIRCLE: _ZN5Rover15update_logging2Ev @ 0x918f80
CIRCLE: _ZN5Rover10should_logEj @ 0x919090
CIRCLE: _ZN5Rover18Log_Write_SteeringEv @ 0x919100
CIRCLE: _ZN5Rover12Log_Write_RCEv @ 0x919250
CIRCLE: _ZNK15AP_WheelEncoder9Log_WriteEv @ 0x9192f0
CIRCLE: _ZNK17AP_InertialSensor15Write_VibrationEv @ 0x919400
CIRCLE: _ZN10AP_GyroFFT18write_log_messagesEv @ 0x919520
CIRCLE: _ZN8AP_Mount9write_logEv @ 0x919750
CIRCLE: _ZNK17AP_InertialSensor20get_accel_clip_countEh @ 0x919c50
CIRCLE: _ZNK15AP_WheelEncoder7enabledEh @ 0x919cf0
CIRCLE: _ZN9AP_Logger11Write_RCOUTEv @ 0x91a030
CIRCLE: _ZNK18AR_AttitudeControl13get_lat_accelERf @ 0x91a6e0
CIRCLE: _ZNK18AR_AttitudeControl21get_desired_turn_rateEv @ 0x91a790
CIRCLE: _ZL7degreesf.48 @ 0x91a830
CIRCLE: _ZN5Rover15update_logging1Ev @ 0x91a880
CIRCLE: _ZN5Rover18Log_Write_AttitudeEv @ 0x91aa60
CIRCLE: _ZN5Rover14Log_Write_SailEv @ 0x91ac50
CIRCLE: _ZN5Rover18Log_Write_ThrottleEv @ 0x91ae50
CIRCLE: _ZN9AP_Beacon3logEv @ 0x91af90
CIRCLE: _ZN5Rover20Log_Write_Nav_TuningEv @ 0x91b0d0
CIRCLE: _ZNK13AR_PosControl9is_activeEv @ 0x91b1c0
CIRCLE: _ZN13AR_PosControl9write_logEv @ 0x91b230
CIRCLE: _ZN13AR_PosControl11get_vel_pidEv @ 0xac7830
CIRCLE: _ZNK9AC_PID_2D14get_pid_info_xEv @ 0xac7880
CIRCLE: _ZN9AP_Logger9Write_PIDEhRK10AP_PIDInfo @ 0x91b4c0
CIRCLE: _ZNK9AC_PID_2D14get_pid_info_yEv @ 0xac78d0
CIRCLE: _ZN12AP_Proximity3logEv @ 0x91b650
CIRCLE: _ZNK12AP_Proximity12distance_maxEv @ 0x91b980
CIRCLE: _ZNK12AP_Proximity19get_upward_distanceERf @ 0x91bc40
CIRCLE: _ZNK13AR_PosControl14get_pos_targetEv @ 0xac7970
CIRCLE: _ZN13AC_PosControl10Write_PSCNEfffffffff @ 0x91c050
CIRCLE: _ZN13AC_PosControl10Write_PSCEEfffffffff @ 0x91c150
CIRCLE: _ZN13AC_PosControl10Write_PSCxE11LogMessagesfffffffff @ 0x91c250
CIRCLE: _ZNK18AR_AttitudeControl17get_desired_speedEv @ 0x91c430
CIRCLE: _ZNK18AR_AttitudeControl20speed_control_activeEv @ 0x91c4b0
CIRCLE: _ZNK18AR_AttitudeControl17get_desired_pitchEv @ 0x91c6c0
CIRCLE: _ZNK7AP_AHRS14Write_AttitudeERK7Vector3IfE @ 0x91c760
CIRCLE: _ZN7AP_AHRS9Log_WriteEv @ 0x91c870
CIRCLE: _ZNK18AR_AttitudeControl27get_throttle_speed_pid_infoEv @ 0xac7b00
CIRCLE: _ZN7NavEKF29Log_WriteEv @ 0x91c900
CIRCLE: _ZN7NavEKF39Log_WriteEv @ 0x91ca10
CIRCLE: _ZNK7AP_AHRS11Write_AHRS2Ev @ 0x91cb20
CIRCLE: _ZNK7AP_AHRS9Write_POSEv @ 0x91cd00
CIRCLE: _ZN4SITL3SIM18Log_Write_SIMSTATEEv @ 0x91ce60
CIRCLE: _ZNK7AP_AHRS36get_relative_position_D_origin_floatERf @ 0x91cff0
CIRCLE: _ZNK7AP_AHRS22get_secondary_attitudeER7Vector3IfE @ 0xac7bf0
CIRCLE: _ZNK7AP_AHRS22get_secondary_positionER8Location @ 0xac7c70
CIRCLE: _ZNK7AP_AHRS24get_secondary_quaternionER11QuaternionTIfE @ 0xac7cf0
CIRCLE: _ZL7degreesf.1448 @ 0x91d080
CIRCLE: _ZN12NavEKF3_core9Log_WriteEm @ 0x91d0d0
CIRCLE: _ZNK7AP_EnumIN7NavEKF38LogLevelEEcvKS1_Ev @ 0xac7d70
CIRCLE: _ZNK12NavEKF3_core14Log_Write_XKF4Em @ 0x91d220
CIRCLE: _ZN12NavEKF3_core13Log_Write_GSFEm @ 0x91d570
CIRCLE: _ZNK12NavEKF3_core14Log_Write_XKF1Em @ 0x91d620
CIRCLE: _ZNK12NavEKF3_core14Log_Write_XKF2Em @ 0x91d8f0
CIRCLE: _ZNK12NavEKF3_core14Log_Write_XKF3Em @ 0x91db90
CIRCLE: _ZNK12NavEKF3_core14Log_Write_XKF5Em @ 0x91ddf0
CIRCLE: _ZNK12NavEKF3_core14Log_Write_XKFSEm @ 0x91e050
CIRCLE: _ZNK12NavEKF3_core20Log_Write_QuaternionEm @ 0x91e160
CIRCLE: _ZN12NavEKF3_core16Log_Write_BeaconEm @ 0x91e240
CIRCLE: _ZN12NavEKF3_core18Log_Write_BodyOdomEm @ 0x91e530
CIRCLE: _ZN12NavEKF3_core25Log_Write_State_VariancesEm @ 0x91e6a0
CIRCLE: _ZN12NavEKF3_core16Log_Write_TimingEm @ 0x91e9c0
CIRCLE: _ZNK6AP_DAL12logging_coreEh @ 0x91eb20
CIRCLE: _ZL3MAXIjjEDTqugtfp_fp0_fp_fp0_ERKT_RKT0_ @ 0x91eb70
CIRCLE: _ZNK16AP_NavEKF_Source21getPosVelYawSourceSetEv @ 0xac7dc0
CIRCLE: _ZL3MAXIddEDTqugtfp_fp0_fp_fp0_ERKT_RKT0_.4083 @ 0x91ebf0
CIRCLE: _ZL3MINIdiEDTqultfp_fp0_fp_fp0_ERKT_RKT0_.4084 @ 0x91ec70
CIRCLE: _ZNK12NavEKF3_core14getInnovationsER7Vector3IfES2_S2_RfS3_ @ 0x91ed10
CIRCLE: _ZL7degreesf.4081 @ 0x91ef10
CIRCLE: _ZNK12NavEKF3_core26getSynthAirDataInnovationsER7Vector2IfERf @ 0x91ef60
CIRCLE: _ZNK12NavEKF3_core20getPosDownDerivativeEv @ 0x91f030
CIRCLE: _ZN10EKFGSF_yaw9Log_WriteEm11LogMessagesS0_h @ 0x91f090
CIRCLE: _ZL7degreesf.17657 @ 0x91f410
CIRCLE: _ZL3MAXIffEDTqugtfp_fp0_fp_fp0_ERKT_RKT0_.17658 @ 0x91f460
CIRCLE: _ZL3MAXIdfEDTqugtfp_fp0_fp_fp0_ERKT_RKT0_.4082 @ 0x91f4e0
CIRCLE: _ZN5Rover14update_compassEv @ 0x921070
CIRCLE: _ZN5Rover20update_wheel_encoderEv @ 0x9210d0
CIRCLE: _ZN11AP_WindVane6updateEv @ 0x921a10
CIRCLE: _ZN12AP_Proximity6updateEv @ 0x922630
CIRCLE: _ZNK12AP_Proximity15get_filter_freqEv @ 0xac7e80
CIRCLE: _ZN24AP_Proximity_Boundary_3D15set_filter_freqEf @ 0xac7ee0
CIRCLE: _ZN24AP_Proximity_Boundary_3D18check_face_timeoutEv @ 0x922700
CIRCLE: _ZN9AP_Beacon6updateEv @ 0x922860
CIRCLE: _ZN6AP_GPS6updateEv @ 0x922f70
CIRCLE: _ZN6AP_GPS15update_instanceEh @ 0x9230f0
CIRCLE: _ZN6AP_GPS14update_primaryEv @ 0x923890
CIRCLE: _ZN14AP_GPS_Blended19zero_health_counterEv @ 0xac7f50
CIRCLE: _ZN6AP_GPS9Write_GPSEh @ 0x925060
CIRCLE: _ZL3MINIfiEDTqultfp_fp0_fp_fp0_ERKT_RKT0_.2521 @ 0x9254a0
CIRCLE: _ZNK6AP_GPS26last_message_delta_time_msEh @ 0xac8000
CIRCLE: _ZNK6AP_GPS10should_logEv @ 0x925540
CIRCLE: _ZN6AP_GPS16send_blob_updateEh @ 0x9266c0
CIRCLE: _ZN14AP_GPS_Backend14check_new_itowEjj @ 0x92b410
CIRCLE: _ZN12AP_GPS_UBLOX20_request_next_configEv @ 0x92f600
CIRCLE: _ZN12AP_GPS_UBLOX21_request_message_rateEhh @ 0x9300a0
CIRCLE: _ZN12AP_GPS_UBLOX13_request_portEv @ 0x930160
CIRCLE: _ZN12AP_GPS_UBLOX13_send_messageEhhPKvt @ 0x9301f0
CIRCLE: _ZN12AP_GPS_UBLOX16_update_checksumEPhtRhS1_ @ 0x9310b0
CIRCLE: _ZN12AP_GPS_UBLOX4readEv @ 0x9311e0
CIRCLE: _ZNK12AP_GPS_UBLOX13is_configuredEv @ 0xac8e80
CIRCLE: _ZNK12AP_GPS_UBLOX7get_lagERf @ 0x9318c0
CIRCLE: _ZNK12AP_GPS_UBLOX10is_healthyEv @ 0x931a50
CIRCLE: _ZNK12AP_GPS_UBLOX4nameEv @ 0xac8ed0
CIRCLE: _ZNK12AP_GPS_UBLOX36Write_AP_Logger_Log_Startup_messagesEv @ 0x931b50
CIRCLE: _ZL3MINIjjEDTqultfp_fp0_fp_fp0_ERKT_RKT0_.2814 @ 0x931ea0
CIRCLE: _ZN12AP_GPS_UBLOXUt_ixEm @ 0xac8f90
CIRCLE: _ZN12AP_GPS_UBLOX10_parse_gpsEv @ 0x931f20
CIRCLE: _ZN12AP_GPS_UBLOX15_check_new_itowEj @ 0x9353e0
CIRCLE: _ZN12AP_GPS_UBLOX23_configure_message_rateEhhh @ 0x935460
CIRCLE: _ZN5Rover10set_servosEv @ 0x93ca60
CIRCLE: _ZN12AP_MotorsUGV6outputEbff @ 0x93cd40
CIRCLE: _ZN12AP_MotorsUGV23sanity_check_parametersEv @ 0x93ceb0
CIRCLE: _ZN12AP_MotorsUGV19slew_limit_throttleEf @ 0x93cfd0
CIRCLE: _ZN12AP_MotorsUGV14output_regularEbfff @ 0x93d0b0
CIRCLE: _ZN12AP_MotorsUGV20output_skid_steeringEbfff @ 0x93d510
CIRCLE: _ZN12AP_MotorsUGV11output_omniEbfff @ 0x93dc50
CIRCLE: _ZN12AP_MotorsUGV11output_sailEv @ 0x93dfe0
CIRCLE: _ZN12SRV_Channels8calc_pwmEv @ 0x93e080
CIRCLE: _ZN12SRV_Channels13output_ch_allEv @ 0x93e2a0
CIRCLE: _ZN12AP_MotorsUGV21set_limits_from_inputEbff @ 0x93e350
CIRCLE: _ZN12AP_MotorsUGV15output_throttleEN11SRV_Channel8FunctionEff @ 0x93e540
CIRCLE: _ZNK12AP_MotorsUGV19get_scaled_throttleEf @ 0x93e930
CIRCLE: _ZN12AP_MotorsUGV28get_rate_controlled_throttleEN11SRV_Channel8FunctionEff @ 0x93eca0
CIRCLE: _ZN6AC_PID12reset_filterEv @ 0xaca7c0
CIRCLE: _ZN6AC_PID7reset_IEv @ 0x93f1f0
CIRCLE: _ZN6AC_PID10update_allEfffbf @ 0x93f3b0
CIRCLE: _ZNK6AC_PID6get_ffEv @ 0x93f9c0
CIRCLE: _ZNK6AC_PID16get_filt_T_alphaEf @ 0x93fa20
CIRCLE: _ZNK6AC_PID16get_filt_E_alphaEf @ 0x93faa0
CIRCLE: _ZNK6AC_PID16get_filt_D_alphaEf @ 0x93fb20
CIRCLE: _ZN6AC_PID8update_iEfb @ 0x93fba0
CIRCLE: _ZN11SlewLimiter8modifierEff @ 0x93fda0
CIRCLE: _ZNK11SlewLimiter13get_slew_rateEv @ 0xacaa30
CIRCLE: _ZNK12AP_MotorsUGV20have_vectored_thrustEv @ 0xacaa80
CIRCLE: _ZNK12AP_MotorsUGV25get_slew_limited_throttleEff @ 0x940590
CIRCLE: _ZN5Rover19update_current_modeEv @ 0x940d30
CIRCLE: _ZN14AP_OpticalFlow6updateEv @ 0x940e40
CIRCLE: _ZN5Rover17read_rangefindersEv @ 0x9423f0
CIRCLE: _ZN11RangeFinder6updateEv @ 0x942460
CIRCLE: _ZN5Rover15Log_Write_DepthEv @ 0x942580
CIRCLE: _ZNK11RangeFinder8Log_RFNDEv @ 0x9427e0
CIRCLE: _ZN5Rover11ahrs_updateEv @ 0x942920
CIRCLE: _ZN5Rover22update_ahrs_flyforwardEv @ 0x942b30
CIRCLE: _ZN9AP_Follow16update_estimatesEv @ 0x942d20
CIRCLE: _ZNK17AP_InertialSensor9Write_IMUEv @ 0x943b50
CIRCLE: _ZL3MAXIhhEDTqugtfp_fp0_fp_fp0_ERKT_RKT0_ @ 0x943d60
CIRCLE: _ZNK17AP_InertialSensor18Write_IMU_instanceEmh @ 0x943de0
CIRCLE: _ZNK17AP_InertialSensor16get_gyro_rate_hzEh @ 0xacab30
CIRCLE: _ZNK17AP_InertialSensor17get_accel_rate_hzEh @ 0xacabb0
CIRCLE: _ZN9AP_Follow32clear_dist_and_bearing_to_targetEv @ 0x943f70
CIRCLE: _Z23update_pos_vel_accel_xyR7Vector2IdERS_IfERKS2_fS5_S5_S5_ @ 0x944070
CIRCLE: _Z22shape_pos_vel_accel_xyRK7Vector2IdERKS_IfES5_S2_S5_RS3_ffffb @ 0x944380
CIRCLE: _ZNK7Vector2IdE7is_zeroEv @ 0xacac30
CIRCLE: _Z15sqrt_controllerffff @ 0x9449f0
CIRCLE: _ZL2sqf.3224 @ 0x944fe0
CIRCLE: _Z15sqrt_controllerRK7Vector2IfEfff @ 0x945030
CIRCLE: _ZN7Vector2IfE12limit_lengthEf @ 0xacacc0
CIRCLE: _Z18shape_vel_accel_xyRK7Vector2IfES2_S2_RS0_fffb @ 0x945110
CIRCLE: _Z14shape_accel_xyRK7Vector2IfERS0_ff @ 0x945470
CIRCLE: _Z19update_vel_accel_xyR7Vector2IfERKS0_fS3_S3_ @ 0x9456e0
CIRCLE: _ZL3MINIffEDTqultfp_fp0_fp_fp0_ERKT_RKT0_.1431 @ 0x945810
CIRCLE: _ZN5Rover10read_radioEv @ 0x9458a0
CIRCLE: _ZN11RC_Channels10read_inputEv @ 0x945950
CIRCLE: _ZN5Rover20radio_failsafe_checkEt @ 0x945a80
CIRCLE: _ZN10RC_Channel6updateEv @ 0x945b80
CIRCLE: _ZN11RC_Channels23rudder_arm_disarm_checkEv @ 0x945cf0
CIRCLE: _ZNK11RC_Channels19has_had_rc_receiverEv @ 0xacad90
CIRCLE: _ZNK10RC_Channel12pwm_to_angleEv @ 0x945f60
CIRCLE: _ZNK10RC_Channel15pwm_to_angle_dzEt @ 0x945fd0
CIRCLE: _ZNK10RC_Channel20pwm_to_angle_dz_trimEtt @ 0x946060
CIRCLE: _ZN5Rover8set_modeEN4Mode6NumberE10ModeReason @ 0x946450
CIRCLE: _ZNK4Mode16has_manual_inputEv @ 0xacbf30
CIRCLE: _ZNK4Mode19attitude_stabilizedEv @ 0xacbf80
CIRCLE: _ZNK4Mode17requires_positionEv @ 0xacbfd0
CIRCLE: _ZNK4Mode17requires_velocityEv @ 0xacc020
CIRCLE: _ZN4Mode18init_reversed_flagEv @ 0xacc1d0
CIRCLE: _ZN4Mode5_exitEv @ 0xacc240
CIRCLE: _ZN4Mode13calc_throttleEfb @ 0x9476f0
CIRCLE: _ZNK18AR_AttitudeControl31get_desired_speed_accel_limitedEff @ 0x947b40
CIRCLE: _ZN8AC_Avoid12adjust_speedEfffRff @ 0x947d10
CIRCLE: _ZNK8AC_Avoid13limits_activeEv @ 0xacc290
CIRCLE: _ZNK18AR_AttitudeControl13pitch_limitedEv @ 0xacc300
CIRCLE: _ZN18AR_AttitudeControl22get_throttle_out_speedEfbbfff @ 0x9483c0
CIRCLE: _ZN12AP_MotorsUGV12set_throttleEf @ 0x9488d0
CIRCLE: _ZL3MAXIffEDTqugtfp_fp0_fp_fp0_ERKT_RKT0_.11066 @ 0x949020
CIRCLE: _ZN8AC_Avoid15adjust_velocityER7Vector3IfERbfffff @ 0x949d20
CIRCLE: _ZL3MINIffEDTqultfp_fp0_fp_fp0_ERKT_RKT0_.8253 @ 0x94a480
CIRCLE: _ZNK8AC_Avoid27proximity_avoidance_enabledEv @ 0xacc360
CIRCLE: _ZN8AC_Avoid25adjust_velocity_proximityEffR7Vector3IfES2_fff @ 0x94a510
CIRCLE: _ZN8AC_Avoid29find_max_quadrant_velocity_3DER7Vector3IfER7Vector2IfES5_S5_S5_RfS6_ @ 0x94ae20
CIRCLE: _ZN8AC_Avoid21adjust_velocity_fenceEffR7Vector3IfES2_fff @ 0x94afa0
CIRCLE: _ZL3MAXIffEDTqugtfp_fp0_fp_fp0_ERKT_RKT0_.8254 @ 0x94b380
CIRCLE: _ZN8AC_Avoid11limit_accelERK7Vector3IfERS1_f @ 0x94b400
CIRCLE: _ZN8AC_Avoid28adjust_velocity_circle_fenceEffR7Vector2IfES2_f @ 0x94b7f0
CIRCLE: _ZN8AC_Avoid26find_max_quadrant_velocityER7Vector2IfES2_S2_S2_S2_ @ 0x94be80
CIRCLE: _ZN8AC_Avoid48adjust_velocity_inclusion_and_exclusion_polygonsEffR7Vector2IfES2_f @ 0x94c140
CIRCLE: _ZN8AC_Avoid33adjust_velocity_inclusion_circlesEffR7Vector2IfES2_f @ 0x94c4f0
CIRCLE: _ZN8AC_Avoid33adjust_velocity_exclusion_circlesEffR7Vector2IfES2_f @ 0x94cd70
CIRCLE: _ZN8AC_Avoid17adjust_velocity_zEffRfS0_f @ 0x94d680
CIRCLE: _ZNK8AC_Avoid21get_stopping_distanceEfff @ 0x94df50
CIRCLE: _ZL2sqf.8255 @ 0x94e410
CIRCLE: _ZNK12AP_Proximity18get_obstacle_countEv @ 0x94e460
CIRCLE: _ZNK7AP_AHRS15earth_to_body2DERK7Vector2IfE @ 0x94e4b0
CIRCLE: _ZNK12AP_Proximity12get_obstacleEhR7Vector3IfE @ 0x94e560
CIRCLE: _ZNK7AP_AHRS15body_to_earth2DERK7Vector2IfE @ 0x94ee60
CIRCLE: _ZNK24AP_Proximity_Boundary_3D28convert_obstacle_num_to_faceEhRNS_4FaceE @ 0x94f0d0
CIRCLE: _ZNK24AP_Proximity_Boundary_3D12get_obstacleEhR7Vector3IfE @ 0x94f1e0
CIRCLE: _ZNK24AP_Proximity_Boundary_3D18get_obstacle_countEv @ 0x94f370
CIRCLE: _ZNK18AR_AttitudeControl13get_accel_maxEv @ 0xaccd00
CIRCLE: _ZNK8AR_WPNav17get_default_accelEv @ 0xaccd70
CIRCLE: _ZNK8AR_WPNav16get_default_jerkEv @ 0xaccdd0
CIRCLE: _ZNK18AR_AttitudeControl22get_turn_lat_accel_maxEv @ 0xacce30
CIRCLE: _ZN13AR_PosControl10set_limitsEffff @ 0x94f450
CIRCLE: _ZN13AR_PosControl4initEv @ 0x94f5b0
CIRCLE: _ZN13AR_PosControl17init_ekf_xy_resetEv @ 0x94f740
CIRCLE: _ZN7AP_AHRS24getLastPosNorthEastResetER7Vector2IfE @ 0x94f7b0
CIRCLE: _ZN7NavEKF324getLastPosNorthEastResetER7Vector2IfE @ 0x94fa00
CIRCLE: _ZL3MAXIfiEDTqugtfp_fp0_fp_fp0_ERKT_RKT0_.11114 @ 0x94fb50
CIRCLE: _ZL3MINIffEDTqultfp_fp0_fp_fp0_ERKT_RKT0_.11113 @ 0x94fbf0
CIRCLE: _ZN7AC_P_2D10set_limitsEfff @ 0x94fc80
CIRCLE: _ZL3MINIffEDTqultfp_fp0_fp_fp0_ERKT_RKT0_.18776 @ 0x94fe20
CIRCLE: _Z19inv_sqrt_controllerfff @ 0x94feb0
CIRCLE: _ZL3MAXI9AP_ParamTIfL11ap_var_type4EEfEDTqugtfp_fp0_fp_fp0_ERKT_RKT0_ @ 0x9500f0
CIRCLE: _ZL3MAXI9AP_ParamTIfL11ap_var_type4EEfEDTqugtfp_fp0_fp_fp0_ERKT_RKT0_.1138 @ 0x950180
CIRCLE: _ZN4Mode12set_reversedEb @ 0x950290
CIRCLE: _ZN8AR_WPNav12set_reversedEb @ 0xaccfd0
CIRCLE: _ZN12AP_MotorsUGV12set_steeringEfb @ 0x950b70
CIRCLE: _ZNK7Vector2IfE9projectedERKS0_ @ 0xacd170
CIRCLE: _ZN13AR_PosControl16input_pos_targetERK7Vector2IdEf @ 0x950bf0
CIRCLE: _ZN13AR_PosControl6updateEf @ 0x950c90
CIRCLE: _ZNK13AR_PosControl17get_desired_speedEv @ 0xacd210
CIRCLE: _ZNK13AR_PosControl26get_desired_turn_rate_radsEv @ 0xacd260
CIRCLE: _ZN4Mode28calc_steering_from_turn_rateEf @ 0x951850
CIRCLE: _ZN18AR_AttitudeControl21get_steering_out_rateEfbbf @ 0x951930
CIRCLE: _ZN4Mode12set_steeringEf @ 0x951db0
CIRCLE: _ZNK4Mode19allows_stick_mixingEv @ 0xacd2b0
CIRCLE: _ZL7radiansf.11065 @ 0x952030
CIRCLE: _ZNK18AR_AttitudeControl28get_turn_rate_from_lat_accelEff @ 0x952080
CIRCLE: _ZN13AR_PosControl19handle_ekf_xy_resetEv @ 0x9521d0
CIRCLE: _ZN9AC_PID_2D7reset_IEv @ 0x952330
CIRCLE: _ZN9AC_PID_2D12reset_filterEv @ 0xacd370
CIRCLE: _ZN7AC_P_2D10update_allER7Vector2IdERKS1_ @ 0x952390
CIRCLE: _ZN7AC_P_2D2kPEv @ 0xacd3c0
CIRCLE: _ZNK18AR_AttitudeControl19steering_limit_leftEv @ 0xacd410
CIRCLE: _ZNK18AR_AttitudeControl20steering_limit_rightEv @ 0xacd470
CIRCLE: _ZN9AC_PID_2D10update_allERK7Vector2IfES3_fS3_ @ 0x9524f0
CIRCLE: _ZNK9AC_PID_2D5get_iEv @ 0x952a30
CIRCLE: _ZN9AC_PID_2D14set_integratorERK7Vector2IfE @ 0x952a80
CIRCLE: _ZL3MAXIffEDTqugtfp_fp0_fp_fp0_ERKT_RKT0_.11115 @ 0x952b10
CIRCLE: _ZNK9AC_PID_2D16get_filt_E_alphaEf @ 0x952b90
CIRCLE: _ZNK9AC_PID_2D16get_filt_D_alphaEf @ 0x952c10
CIRCLE: _ZN9AC_PID_2D8update_iEfRK7Vector2IfE @ 0x952c90
CIRCLE: _ZN13AR_PosControl26input_pos_vel_accel_targetERK7Vector2IdERKS0_IfES6_f @ 0x952e00
CIRCLE: _ZNK13AR_PosControl21get_desired_lat_accelEv @ 0xace1f0
CIRCLE: _ZNK13AR_PosControl13get_pos_errorEv @ 0x957ff0
CIRCLE: _ZN13AR_PosControl24set_pos_vel_accel_targetERK7Vector2IdERKS0_IfES6_ @ 0x958640
CIRCLE: _ZL3MAXIffEDTqugtfp_fp0_fp_fp0_ERKT_RKT0_.1136 @ 0x95f2b0
CIRCLE: _ZN10ModeCircle19check_config_radiusEv @ 0x95f330
CIRCLE: _ZN8ModeAuto5_exitEv @ 0x960630
CIRCLE: _ZN10ModeCircle18check_config_speedEv @ 0x960db0
CIRCLE: _ZL3MAXIfiEDTqugtfp_fp0_fp_fp0_ERKT_RKT0_ @ 0x960ea0
CIRCLE: _ZNK10ModeCircle20get_desired_locationER8Location @ 0x961120
CIRCLE: _ZL7degreesf.1141 @ 0x9611d0
CIRCLE: _ZNK10ModeCircle27get_distance_to_destinationEv @ 0xacf620
CIRCLE: _ZNK10ModeCircle21get_desired_lat_accelEv @ 0x9613d0
CIRCLE: _ZNK10ModeCircle16crosstrack_errorEv @ 0xacf670
CIRCLE: _ZNK10ModeCircle11nav_bearingEv @ 0x961600
CIRCLE: _ZNK10ModeCircle10wp_bearingEv @ 0x9617a0
CIRCLE: _ZN10ModeCircle6updateEv @ 0x962520
CIRCLE: _ZN10ModeCircle22update_drive_to_radiusEv @ 0x962860
CIRCLE: _ZNK10ModeCircle20get_reached_distanceEv @ 0x9629c0
CIRCLE: _ZN10ModeCircle15update_circlingEv @ 0x962a50
CIRCLE: _ZN7Vector2IdE14offset_bearingEdd @ 0xacf720
CIRCLE: _ZL7radiansi.1143 @ 0x962da0
CIRCLE: _ZL2sqf.1144 @ 0x962e00
CIRCLE: _ZL7radiansd.3384 @ 0x962e50
CIRCLE: _ZNK14AP_BattMonitor22capacity_remaining_pctERhh @ 0x964ed0
CIRCLE: _ZNK9GCS_Rover11custom_modeEv @ 0x9655c0
CIRCLE: _ZNK9GCS_Rover10frame_typeEv @ 0x965620
CIRCLE: _ZN9GCS_Rover4chanEh @ 0xad0520
CIRCLE: _ZNK9GCS_Rover19vehicle_initialisedEv @ 0x9656a0
CIRCLE: _ZN9GCS_Rover34update_vehicle_sensor_status_flagsEv @ 0x965850
CIRCLE: _ZN11GCS_MAVLINK14packetReceivedERK16__mavlink_statusRK17__mavlink_message @ 0x965c50
CIRCLE: _ZNK11GCS_MAVLINK13mission_stateERK10AP_Mission @ 0x965e50
CIRCLE: _ZNK17GCS_MAVLINK_Rover16send_rangefinderEv @ 0x965f30
CIRCLE: _ZNK17GCS_MAVLINK_Rover26send_nav_controller_outputEv @ 0x966070
CIRCLE: _ZN17GCS_MAVLINK_Rover15send_pid_tuningEv @ 0x9661e0
CIRCLE: _ZN11GCS_MAVLINK21send_scaled_pressure3Ev @ 0x966b20
CIRCLE: _ZNK11GCS_MAVLINK13send_attitudeEv @ 0x966b80
CIRCLE: _ZN17GCS_MAVLINK_Rover31send_position_target_global_intEv @ 0x966d50
CIRCLE: _ZNK11GCS_MAVLINK17send_winch_statusEv @ 0xad08b0
CIRCLE: _ZNK17GCS_MAVLINK_Rover9base_modeEv @ 0x9670d0
CIRCLE: _ZNK17GCS_MAVLINK_Rover21vehicle_system_statusEv @ 0x967220
CIRCLE: _ZNK11GCS_MAVLINK19persist_streamratesEv @ 0xad09a0
CIRCLE: _ZN17GCS_MAVLINK_Rover25handle_command_int_packetERK23__mavlink_command_int_tRK17__mavlink_message @ 0x9673b0
CIRCLE: _ZN17GCS_MAVLINK_Rover14handle_messageERK17__mavlink_message @ 0x967a60
CIRCLE: _ZN17GCS_MAVLINK_Rover16try_send_messageE10ap_message @ 0x968c90
CIRCLE: _ZN11GCS_MAVLINK24send_global_position_intEv @ 0x968ee0
CIRCLE: _ZNK11GCS_MAVLINK23global_position_int_altEv @ 0x969060
CIRCLE: _ZNK11GCS_MAVLINK32global_position_int_relative_altEv @ 0x9690c0
CIRCLE: _ZNK11GCS_MAVLINK17vfr_hud_climbrateEv @ 0x969130
CIRCLE: _ZNK11GCS_MAVLINK16vfr_hud_airspeedEv @ 0x9691f0
CIRCLE: _ZNK17GCS_MAVLINK_Rover16vfr_hud_throttleEv @ 0x969290
CIRCLE: _ZNK11GCS_MAVLINK11vfr_hud_altEv @ 0x9692f0
CIRCLE: _ZN11GCS_MAVLINK35convert_COMMAND_LONG_to_COMMAND_INTERK24__mavlink_command_long_tR23__mavlink_command_int_t9MAV_FRAME @ 0x969710
CIRCLE: _ZN11GCS_MAVLINK28command_long_stores_locationE7MAV_CMD @ 0x969ca0
CIRCLE: _ZL30convert_COMMAND_LONG_loc_paramfb @ 0x969d80
CIRCLE: _ZL7degreesf.11 @ 0x969e30
CIRCLE: _ZL3MINIfiEDTqultfp_fp0_fp_fp0_ERKT_RKT0_ @ 0x969e80
CIRCLE: _ZNK4Mode11speed_errorEv @ 0xad0b40
CIRCLE: _ZL36mavlink_msg_global_position_int_send17mavlink_channel_tjiiiissst @ 0x96a420
CIRCLE: _ZN17GCS_MAVLINK_Rover14send_servo_outEv @ 0x96a540
CIRCLE: _ZN5Rover27send_wheel_encoder_distanceE17mavlink_channel_t @ 0x96a6f0
CIRCLE: _ZNK11AP_WindVane9send_windE17mavlink_channel_t @ 0x96a880
CIRCLE: _ZNK11GCS_MAVLINK23get_ap_message_intervalE10ap_messageRt @ 0x96a990
CIRCLE: _ZN13AP_OADatabase17send_adsb_vehicleE17mavlink_channel_tt @ 0x96aac0
CIRCLE: _ZN17GCS_MAVLINK_Rover16send_water_depthEv @ 0x96b060
CIRCLE: _ZN11GCS_MAVLINK16try_send_messageE10ap_message @ 0x96b350
CIRCLE: _ZN11GCS_MAVLINK17queued_param_sendEv @ 0x96c000
CIRCLE: _ZNK11GCS_MAVLINK14send_heartbeatEv @ 0x96c2b0
CIRCLE: _ZNK11GCS_MAVLINK8send_rpmEv @ 0x96c670
CIRCLE: _ZN11GCS_MAVLINK24try_send_mission_messageE10ap_message @ 0x96c750
CIRCLE: _ZN7Compass21send_mag_cal_progressERK11GCS_MAVLINK @ 0x96c950
CIRCLE: _ZN7Compass19send_mag_cal_reportERK11GCS_MAVLINK @ 0x96cba0
CIRCLE: _ZN11GCS_MAVLINK19send_battery_statusEv @ 0x96ced0
CIRCLE: _ZNK7AP_AHRS22send_ekf_status_reportER11GCS_MAVLINK @ 0x96d020
CIRCLE: _ZN11GCS_MAVLINK12send_meminfoEv @ 0x96d120
CIRCLE: _ZNK11GCS_MAVLINK17send_fence_statusEv @ 0x96d1e0
CIRCLE: _ZN11GCS_MAVLINK20send_distance_sensorEv @ 0x96d350
CIRCLE: _ZNK11GCS_MAVLINK16send_system_timeEv @ 0x96d890
CIRCLE: _ZN6AP_GPS20send_mavlink_gps_rawE17mavlink_channel_t @ 0x96d920
CIRCLE: _ZN6AP_GPS20send_mavlink_gps_rtkE17mavlink_channel_th @ 0x96dc70
CIRCLE: _ZN6AP_GPS21send_mavlink_gps2_rawE17mavlink_channel_t @ 0x96dd50
CIRCLE: _ZNK11GCS_MAVLINK19send_local_positionEv @ 0x96e0f0
CIRCLE: _ZNK11GCS_MAVLINK34send_gimbal_device_attitude_statusEv @ 0x96e1c0
CIRCLE: _ZN11GCS_MAVLINK16send_opticalflowEv @ 0x96e580
CIRCLE: _ZN11GCS_MAVLINK17send_power_statusEv @ 0x96e6f0
CIRCLE: _ZNK11GCS_MAVLINK16send_rc_channelsEv @ 0x96e800
CIRCLE: _ZNK11GCS_MAVLINK20send_rc_channels_rawEv @ 0x96eac0
CIRCLE: _ZN11GCS_MAVLINK12send_raw_imuEv @ 0x96ec40
CIRCLE: _ZN11GCS_MAVLINK15send_scaled_imuEhPFv17mavlink_channel_tjssssssssssE @ 0x96f050
CIRCLE: _ZL28mavlink_msg_scaled_imu2_send17mavlink_channel_tjssssssssss @ 0x96f310
CIRCLE: _ZL28mavlink_msg_scaled_imu3_send17mavlink_channel_tjssssssssss @ 0x96f480
CIRCLE: _ZN11GCS_MAVLINK20send_scaled_pressureEv @ 0x96f830
CIRCLE: _ZN11GCS_MAVLINK21send_scaled_pressure2Ev @ 0x96f890
CIRCLE: _ZN11GCS_MAVLINK13send_airspeedEv @ 0x96f8f0
CIRCLE: _ZN11GCS_MAVLINK21send_servo_output_rawEv @ 0x96fab0
CIRCLE: _ZNK11GCS_MAVLINK13send_simstateEv @ 0x96fed0
CIRCLE: _ZN11GCS_MAVLINK15send_sys_statusEv @ 0x96fff0
CIRCLE: _ZN11GCS_MAVLINK10send_ahrs2Ev @ 0x9702e0
CIRCLE: _ZN11GCS_MAVLINK9send_ahrsEv @ 0x9703c0
CIRCLE: _ZN11GCS_MAVLINK12send_vfr_hudEv @ 0x970540
CIRCLE: _ZNK11GCS_MAVLINK14send_vibrationEv @ 0x970680
CIRCLE: _ZNK11GCS_MAVLINK21send_generator_statusEv @ 0x970770
CIRCLE: _ZN12AP_ESC_Telem26send_esc_telemetry_mavlinkEh @ 0x970af0
CIRCLE: _ZN6AP_EFI19send_mavlink_statusE17mavlink_channel_t @ 0x970f80
CIRCLE: _ZN6AP_AIS13get_singletonEv @ 0x971750
CIRCLE: _ZN6AP_AIS4sendE17mavlink_channel_t @ 0x971790
CIRCLE: _ZN11GCS_MAVLINK20send_available_modesEv @ 0x971b00
CIRCLE: _ZNK11GCS_MAVLINK21battery_remaining_pctEh @ 0x972390
CIRCLE: _ZL3MINIhiEDTqultfp_fp0_fp_fp0_ERKT_RKT0_.6112 @ 0x972840
CIRCLE: _ZN12AP_Generator21send_generator_statusERK11GCS_MAVLINK @ 0x973160
CIRCLE: _ZL26mavlink_msg_vibration_send17mavlink_channel_tmfffjjj @ 0x9731e0
CIRCLE: _ZL24mavlink_msg_vfr_hud_send17mavlink_channel_tffstff @ 0x9732f0
CIRCLE: _ZNK7AP_AHRS12get_error_rpEv @ 0x973480
CIRCLE: _ZNK7AP_AHRS13get_error_yawEv @ 0x9734e0
CIRCLE: _ZL21mavlink_msg_ahrs_send17mavlink_channel_tfffffff @ 0x973540
CIRCLE: _ZL22mavlink_msg_ahrs2_send17mavlink_channel_tffffii @ 0x973660
CIRCLE: _ZNK9AP_Logger11num_droppedEv @ 0x973760
CIRCLE: _ZNK14AP_BattMonitor11gcs_voltageEv @ 0xad0c70
CIRCLE: _ZL27mavlink_msg_sys_status_send17mavlink_channel_tjjjttsatttttt @ 0x9737e0
CIRCLE: _ZNK14AP_BattMonitor11gcs_voltageEh @ 0x973980
CIRCLE: _ZNK17AP_Logger_Backend11num_droppedEv @ 0xad0cc0
CIRCLE: _ZL7radiansf.14807 @ 0x973da0
CIRCLE: _ZNK4SITL3SIM13simstate_sendE17mavlink_channel_t @ 0x974120
CIRCLE: _ZL25mavlink_msg_simstate_send17mavlink_channel_tfffffffffii @ 0x9742f0
CIRCLE: _ZL33mavlink_msg_servo_output_raw_send17mavlink_channel_tjhtttttttttttttttt @ 0x974490
CIRCLE: _ZL33mavlink_msg_scaled_pressure2_send17mavlink_channel_tjffss @ 0x974790
CIRCLE: _ZN11GCS_MAVLINK29send_scaled_pressure_instanceEhPFv17mavlink_channel_tjffssE @ 0x974870
CIRCLE: _ZL32mavlink_msg_scaled_pressure_send17mavlink_channel_tjffss @ 0x974a60
CIRCLE: _ZL24mavlink_msg_raw_imu_send17mavlink_channel_tmssssssssshs @ 0x974bc0
CIRCLE: _ZNK11GCS_MAVLINK16sending_mavlink1Ev @ 0x974d40
CIRCLE: _ZNK11GCS_MAVLINK13receiver_rssiEv @ 0x974da0
CIRCLE: _ZL28mavlink_msg_rc_channels_send17mavlink_channel_tjhtttttttttttttttttth @ 0x974fb0
CIRCLE: _ZL29mavlink_msg_power_status_send17mavlink_channel_tttt @ 0x975220
CIRCLE: _ZN8AP_Mount34send_gimbal_device_attitude_statusE17mavlink_channel_t @ 0x975ca0
CIRCLE: _ZL35mavlink_msg_local_position_ned_send17mavlink_channel_tjffffff @ 0x976300
CIRCLE: _ZNK6AP_GPS12gps_yaw_cdegEh @ 0x976410
CIRCLE: _ZNK6AP_GPS23have_gps_yaw_configuredEh @ 0xad0f20
CIRCLE: _ZL28mavlink_msg_gps_raw_int_send17mavlink_channel_tmhiiitttthijjjjt @ 0x976710
CIRCLE: _ZL28mavlink_msg_system_time_send17mavlink_channel_tmj @ 0x976900
CIRCLE: _ZN11GCS_MAVLINK14send_proximityEv @ 0x977ea0
CIRCLE: _ZNK12AP_Proximity12distance_minEv @ 0x978280
CIRCLE: _ZL3MINIjjEDTqultfp_fp0_fp_fp0_ERKT_RKT0_.6116 @ 0x978740
CIRCLE: _ZL24mavlink_msg_meminfo_send17mavlink_channel_tttj @ 0x9787c0
CIRCLE: _ZNK7NavEKF318send_status_reportER11GCS_MAVLINK @ 0x978a60
CIRCLE: _ZNK12NavEKF3_core18send_status_reportER11GCS_MAVLINK @ 0x978af0
CIRCLE: _ZL41mavlink_msg_ekf_status_report_send_struct17mavlink_channel_tPK29__mavlink_ekf_status_report_t @ 0x978ef0
CIRCLE: _ZNK14AP_BattMonitor13option_is_setEhN21AP_BattMonitor_Params7OptionsE @ 0x979a10
CIRCLE: _ZNK11GCS_MAVLINK19send_battery_statusEh @ 0x979ae0
CIRCLE: _ZL3MINIftEDTqultfp_fp0_fp_fp0_ERKT_RKT0_ @ 0x97a370
CIRCLE: _ZNK14AP_BattMonitor14time_remainingERjh @ 0x97a410
CIRCLE: _ZNK14AP_BattMonitor24get_mavlink_charge_stateEh @ 0x97a500
CIRCLE: _ZNK14AP_BattMonitor25get_mavlink_fault_bitmaskEh @ 0x97a630
CIRCLE: _ZL31mavlink_msg_battery_status_send17mavlink_channel_thhhsPKtsiiaihS1_hj @ 0x97a6e0
CIRCLE: _ZN14typesafe_indexIh12TAG_PriorityErmERKh @ 0xad1170
CIRCLE: _ZN11GCS_MAVLINK20send_mission_currentERK10AP_Missiont @ 0x97ae60
CIRCLE: _ZNK3GCS32try_send_queued_message_for_typeE16MAV_MISSION_TYPE @ 0x97afe0
CIRCLE: _ZNK3GCS25get_prot_for_mission_typeE16MAV_MISSION_TYPE @ 0x97b060
CIRCLE: _ZN19MissionItemProtocol19queued_request_sendEv @ 0x97b0e0
CIRCLE: _ZL32mavlink_msg_mission_request_send17mavlink_channel_thhth @ 0x97b260
CIRCLE: _ZL32mavlink_msg_mission_current_send17mavlink_channel_ttthh @ 0x97b330
CIRCLE: _ZNK11GCS_MAVLINK13system_statusEv @ 0x97b800
CIRCLE: _ZL26mavlink_msg_heartbeat_send17mavlink_channel_thhhjh @ 0x97b890
CIRCLE: _ZN11GCS_MAVLINK28send_parameter_async_repliesEv @ 0x97b970
CIRCLE: _ZN12ObjectBufferIN11GCS_MAVLINK19pending_param_replyEE4peekERS1_ @ 0xad1260
CIRCLE: _ZL35mavlink_msg_rc_channels_scaled_send17mavlink_channel_tjhssssssssh @ 0x97c5e0
CIRCLE: _ZN11GCS_MAVLINK14handle_messageERK17__mavlink_message @ 0x980fb0
CIRCLE: _ZN11GCS_MAVLINK16handle_heartbeatERK17__mavlink_message @ 0x981b30
CIRCLE: _ZN11GCS_MAVLINK29handle_common_mission_messageERK17__mavlink_message @ 0x982d50
CIRCLE: _ZN11GCS_MAVLINK19handle_command_longERK17__mavlink_message @ 0x982ea0
CIRCLE: _ZN11GCS_MAVLINK26handle_request_data_streamERK17__mavlink_message @ 0x9844e0
CIRCLE: _ZNK3GCS12sysid_is_gcsEh @ 0x989b40
CIRCLE: _ZN11GCS_MAVLINK16sysid_mygcs_seenEj @ 0x989de0
CIRCLE: _ZN3GCS16sysid_mygcs_seenEj @ 0xad1e30
CIRCLE: _ZL38mavlink_msg_request_data_stream_decodePK17__mavlink_messageP31__mavlink_request_data_stream_t @ 0x98b050
CIRCLE: _ZN9AP_Logger13Write_CommandERK23__mavlink_command_int_thh10MAV_RESULTb @ 0x98e2f0
CIRCLE: _ZL31mavlink_msg_command_long_decodePK17__mavlink_messageP24__mavlink_command_long_t @ 0x98e470
CIRCLE: _ZN11GCS_MAVLINK31try_command_long_as_command_intERK24__mavlink_command_long_tRK17__mavlink_message @ 0x98e540
CIRCLE: _ZN11GCS_MAVLINK19handle_mission_itemERK17__mavlink_message @ 0x98e720
CIRCLE: _ZN11GCS_MAVLINK20handle_mission_countERK17__mavlink_message @ 0x98ec50
CIRCLE: _ZN19MissionItemProtocol13cancel_uploadERK11GCS_MAVLINKRK17__mavlink_message @ 0x98efb0
CIRCLE: _ZNK19MissionItemProtocol16send_mission_ackERK11GCS_MAVLINKRK17__mavlink_message18MAV_MISSION_RESULT @ 0x98f0a0
CIRCLE: _ZL32mavlink_msg_mission_count_decodePK17__mavlink_messageP25__mavlink_mission_count_t @ 0x98f2b0
CIRCLE: _ZN19MissionItemProtocol20handle_mission_countER11GCS_MAVLINKRK25__mavlink_mission_count_tRK17__mavlink_message @ 0x98f380
CIRCLE: _ZNK19MissionItemProtocol24mavlink2_requirement_metERK11GCS_MAVLINKRK17__mavlink_message @ 0x98f540
CIRCLE: _ZN19MissionItemProtocol20transfer_is_completeERK11GCS_MAVLINKRK17__mavlink_message @ 0x98f620
CIRCLE: _ZN19MissionItemProtocol18init_send_requestsER11GCS_MAVLINKRK17__mavlink_messagess @ 0x98f6d0
CIRCLE: _ZL35mavlink_msg_mission_item_int_decodePK17__mavlink_messageP28__mavlink_mission_item_int_t @ 0x990590
CIRCLE: _ZN19MissionItemProtocol19handle_mission_itemERK17__mavlink_messageRK28__mavlink_mission_item_int_t @ 0x9906e0
CIRCLE: _ZN11GCS_MAVLINK16_set_mode_commonEhj @ 0x990da0
CIRCLE: _ZN12ObjectBufferIN7GCS_FTP11TransactionEE3popERS1_ @ 0xad23f0
CIRCLE: _ZN11GCS_MAVLINK25handle_command_int_packetERK23__mavlink_command_int_tRK17__mavlink_message @ 0x997060
CIRCLE: _ZN11GCS_MAVLINK26handle_command_do_set_modeERK23__mavlink_command_int_t @ 0x998320
CIRCLE: _ZL43mavlink_msg_position_target_global_int_send17mavlink_channel_tjhtiifffffffff @ 0x99be60
CIRCLE: _ZL25mavlink_msg_attitude_send17mavlink_channel_tjffffff @ 0x99c210
CIRCLE: _ZL38mavlink_msg_nav_controller_output_send17mavlink_channel_tffsstfff @ 0x99c5f0
CIRCLE: _ZN15MAVLink_routing17check_and_forwardER11GCS_MAVLINKRK17__mavlink_message @ 0x99c7d0
CIRCLE: _ZN9AP_Follow10handle_msgERK17__mavlink_message @ 0x99cd40
CIRCLE: _ZNK11GCS_MAVLINK13accept_packetERK16__mavlink_statusRK17__mavlink_message @ 0x99cec0
CIRCLE: _ZNK9AP_Follow21should_handle_messageERK17__mavlink_message @ 0x99cfe0
CIRCLE: _ZN15MAVLink_routing11learn_routeER11GCS_MAVLINKRK17__mavlink_message @ 0x99dfb0
CIRCLE: _ZN15MAVLink_routing16handle_heartbeatER11GCS_MAVLINKRK17__mavlink_message @ 0x99e250
CIRCLE: _ZN15MAVLink_routing11get_targetsERK17__mavlink_messageRsS3_ @ 0x99e480
CIRCLE: _ZNK10ModeCircle11mode_numberEv @ 0xad46e0
CIRCLE: _ZNK10ModeCircle5name4Ev @ 0xad4730
CIRCLE: _ZNK10ModeCircle17is_autopilot_modeEv @ 0xad4780
CIRCLE: _ZN10ModeCircle6_enterEv @ 0x9a9ad0
CIRCLE: _ZL3MINIffEDTqultfp_fp0_fp_fp0_ERKT_RKT0_.1137 @ 0x9a9e60
CIRCLE: _ZN17RC_Channels_Rover7channelEh @ 0xad4f10
CIRCLE: _ZN11RC_Channels16read_mode_switchEv @ 0x9adab0
CIRCLE: _ZNK17RC_Channels_Rover14in_rc_failsafeEv @ 0x9adb40
CIRCLE: _ZNK17RC_Channels_Rover15has_valid_inputEv @ 0x9adba0
CIRCLE: _ZNK17RC_Channels_Rover18get_arming_channelEv @ 0x9adc20
CIRCLE: _ZNK17RC_Channels_Rover26flight_mode_channel_numberEv @ 0x9adc70
CIRCLE: mode_to_string @ 0xa1d140
CIRCLE: mode_entry @ 0xa1d2c0
----------------------
Mode: 5 (LOITER)
LOITER: _ZN15AP_Arming_Rover14pre_arm_checksEb @ 0x5bfbf0
LOITER: _ZN2AP13serialmanagerEv @ 0x5c1810
LOITER: _ZNK9AP_ParamTIiL11ap_var_type3EEcvRKiEv @ 0xa21b60
LOITER: _Z3gcsv @ 0x5c4420
LOITER: _ZN11GCS_MAVLINK19active_channel_maskEv @ 0xa21f60
LOITER: _ZN11GCS_MAVLINK20private_channel_maskEv @ 0xa21fe0
LOITER: _ZN3GCS13get_singletonEv @ 0xa22020
LOITER: _ZNK16AP_SerialManager22find_protocol_instanceENS_14SerialProtocolEh @ 0x5c45c0
LOITER: _ZNK13AP_ParamTBaseIaL11ap_var_type1EE3getEv @ 0xa22060
LOITER: _ZNK16AP_SerialManager14protocol_matchENS_14SerialProtocolES0_ @ 0x5c4760
LOITER: _ZN16AP_SerialManager13get_singletonEv @ 0xa220b0
LOITER: _Z2rcv @ 0x5c4860
LOITER: _ZN11RC_Channels13get_singletonEv @ 0xa22150
LOITER: _ZNK9AP_ParamTIaL11ap_var_type1EEcvRKaEv @ 0xa22220
LOITER: _ZN6AP_HAL6millisEv @ 0x5c4ee0
LOITER: _ZN13WithSemaphoreD2Ev @ 0x5c4f20
LOITER: _ZN6AP_HAL8millis64Ev @ 0x5c4f80
LOITER: _ZN6AP_HAL8micros64Ev @ 0x5c4fc0
LOITER: _ZL14uint64_div1000m @ 0x5c5060
LOITER: _ZN7HALSITL9Scheduler4fromEPN6AP_HAL9SchedulerE @ 0xa22270
LOITER: _ZNK7HALSITL9Scheduler18stopped_clock_usecEv @ 0xa222c0
LOITER: _ZNK13AP_ParamTBaseIsL11ap_var_type2EE3getEv @ 0xa22310
LOITER: _ZN13WithSemaphoreC2ERN6AP_HAL9SemaphoreEj @ 0x5c51b0
LOITER: _ZN2AP9proximityEv @ 0x5c5290
LOITER: _ZN12AP_Proximity13get_singletonEv @ 0xa223a0
LOITER: _ZN2AP9schedulerEv @ 0x5c55b0
LOITER: _ZN12AP_Scheduler25get_filtered_loop_rate_hzEv @ 0xa22420
LOITER: _ZN12AP_Scheduler16get_loop_rate_hzEv @ 0xa22470
LOITER: _ZN10AP_Terrain13get_singletonEv @ 0xa22500
LOITER: _ZN12AP_Scripting13get_singletonEv @ 0xa225a0
LOITER: _ZN2AP13internalerrorEv @ 0x5c5920
LOITER: _ZNK16AP_InternalError6errorsEv @ 0xa22700
LOITER: _ZNK16AP_InternalError15last_error_lineEv @ 0xa22750
LOITER: _ZN2AP3rpmEv @ 0x5c5ab0
LOITER: _ZN2AP5relayEv @ 0x5c5e20
LOITER: _ZN12SRV_Channels17function_assignedEN11SRV_Channel8FunctionE @ 0x5c6660
LOITER: _ZNK9AP_ParamTIsL11ap_var_type2EEcvRKsEv @ 0xa22830
LOITER: _ZN12SRV_Channels25update_aux_servo_functionEv @ 0x5c67b0
LOITER: _ZNK7BitmaskILt190EE3getEt @ 0xa22880
LOITER: _ZNK7BitmaskILt190EE8validateEt @ 0xa22950
LOITER: _ZN7BitmaskILt190EE8clearallEv @ 0xa229e0
LOITER: _ZNK11SRV_Channel14valid_functionEv @ 0xa22a40
LOITER: _ZN11SRV_Channel24aux_servo_function_setupEv @ 0x5c72b0
LOITER: _ZN7BitmaskILt190EE3setEt @ 0xa22aa0
LOITER: _ZNK9AP_Enum16IN11SRV_Channel8FunctionEEcvKS1_Ev @ 0xa22b60
LOITER: _ZN11SRV_Channel14valid_functionENS_8FunctionE @ 0xa22bb0
LOITER: _ZN8AP_Relay13get_singletonEv @ 0xa22c60
LOITER: _ZN6AP_RPM13get_singletonEv @ 0xa22ca0
LOITER: _ZNK12AP_Scripting13option_is_setENS_11DebugOptionE @ 0xa22d90
LOITER: _ZNK13AP_ParamTBaseIiL11ap_var_type3EE3getEv @ 0xa22e90
LOITER: _ZNK2AP8PerfInfo25get_filtered_loop_rate_hzEv @ 0x5c76a0
LOITER: _ZNK2AP8PerfInfo17get_filtered_timeEv @ 0x5c7730
LOITER: _ZN12AP_Scheduler13get_singletonEv @ 0x5c7780
LOITER: _ZN2AP7missionEv @ 0x5c77c0
LOITER: _ZNK10AP_Mission12num_commandsEv @ 0xa22ee0
LOITER: _ZN2AP4ahrsEv @ 0x5c80f0
LOITER: _ZNK7AP_AHRS8get_homeEv @ 0xa22ff0
LOITER: _ZNK13StorageAccess10read_blockEPvtm @ 0x5c8220
LOITER: _ZN7AP_AHRS13get_singletonEv @ 0xa23040
LOITER: _ZN8LocationC2Ev @ 0xa23080
LOITER: _ZN8Location4zeroEv @ 0x5c8750
LOITER: _ZN10AP_Mission13get_singletonEv @ 0xa230d0
LOITER: _ZNK7AP_AHRS12get_locationER8Location @ 0x5c88f0
LOITER: _ZN2AP7vehicleEv @ 0x5c8b60
LOITER: _ZNK10AP_Mission7presentEv @ 0xa231b0
LOITER: _ZN10AP_Vehicle13get_singletonEv @ 0x5c8ba0
LOITER: _ZNK8Location12get_distanceERKS_ @ 0x5c8dc0
LOITER: _ZNK9AP_ParamTIfL11ap_var_type4EEcvRKfILb1EEEv @ 0xa23220
LOITER: _ZN8Location14diff_longitudeEii @ 0x5c8e90
LOITER: _ZN8Location15longitude_scaleEi @ 0x5c8f70
LOITER: _Z4normIddJEEdT_T0_DpKT1_ @ 0xa23270
LOITER: _Z2sqIdJdEEdT_DpKT0_ @ 0xa232e0
LOITER: _Z2sqIdEdT_ @ 0xa23360
LOITER: _ZL3MAXIdfEDTqugtfp_fp0_fp_fp0_ERKT_RKT0_ @ 0x5c9010
LOITER: _ZN8LocationC2EiiiNS_8AltFrameE @ 0x5c90b0
LOITER: _ZN8Location10set_alt_cmEiNS_8AltFrameE @ 0x5c9150
LOITER: _ZN11RC_Channels23get_valid_channel_countEv @ 0x5c93f0
LOITER: _ZNK10RC_Channel12has_overrideEv @ 0x5c9460
LOITER: _ZNK13AP_ParamTBaseIfL11ap_var_type4EE3getEv @ 0xa23600
LOITER: _Z11is_positiveIfEbT_ @ 0xa23650
LOITER: _Z7is_zerof @ 0xa236b0
LOITER: _ZL3MINIihEDTqultfp_fp0_fp_fp0_ERKT_RKT0_.6275 @ 0x5c9520
LOITER: _ZN5Rover15ekf_position_okEv @ 0x5c9e10
LOITER: _ZNK7AP_AHRS17have_inertial_navEv @ 0x5c9f80
LOITER: _ZNK7AP_AHRS17get_filter_statusER17nav_filter_status @ 0x5c9fe0
LOITER: _ZNK9AP_Arming8is_armedEv @ 0x5ca110
LOITER: _ZNK7AP_AHRS8ekf_typeEv @ 0x5ca260
LOITER: _ZNK7NavEKF315getFilterStatusER17nav_filter_status @ 0x5ca3f0
LOITER: _ZN2AP12externalAHRSEv @ 0x5ca6e0
LOITER: _ZNK15AP_ExternalAHRS17get_filter_statusER17nav_filter_status @ 0x5ca720
LOITER: _ZN15AP_ExternalAHRS13get_singletonEv @ 0xa23940
LOITER: _ZNK12NavEKF3_core15getFilterStatusER17nav_filter_status @ 0x5ca8b0
LOITER: _ZNK7AP_AHRS14always_use_EKFEv @ 0xa23980
LOITER: _ZNK7AP_AHRS15active_EKF_typeEv @ 0xa239e0
LOITER: _ZNK7AP_AHRS7healthyEv @ 0x5ca990
LOITER: _ZN2AP7compassEv @ 0x5cb430
LOITER: _ZNK7Compass11use_for_yawEv @ 0x5cb470
LOITER: _ZNK16AP_NavEKF_Source12getYawSourceEh @ 0x5cc2e0
LOITER: _ZNK12NavEKF3_core7healthyEv @ 0x5cc5a0
LOITER: _ZNK16AP_NavEKF_Source14useVelXYSourceENS_8SourceXYEh @ 0x5cc960
LOITER: _ZNK16AP_NavEKF_Source18getActiveSourceSetEh @ 0xa23a30
LOITER: _ZNK7AP_EnumIN16AP_NavEKF_Source8SourceXYEEcvKS1_Ev @ 0xa23ae0
LOITER: _ZNK16AP_NavEKF_Source13option_is_setENS_13SourceOptionsE @ 0xa23b30
LOITER: _ZNK12NavEKF3_core15getFilterFaultsERt @ 0x5cca90
LOITER: _ZNK11QuaternionTIdE6is_nanEv @ 0xa23bb0
LOITER: _ZNK7Vector3IdE6is_nanEv @ 0xa23cb0
LOITER: _ZNK7AP_EnumIN16AP_NavEKF_Source9SourceYawEEcvKS1_Ev @ 0xa23d80
LOITER: _ZN2AP3dalEv @ 0x5ccbb0
LOITER: _ZN6AP_DAL7compassEv @ 0xa23dd0
LOITER: _ZNK14AP_DAL_Compass15get_num_enabledEv @ 0xa23e20
LOITER: _ZN6AP_DAL13get_singletonEv @ 0xa23e70
LOITER: _ZN7Matrix3IfEC2Ev @ 0xa242b0
LOITER: _ZN7Vector3IfEC2Ev @ 0xa243a0
LOITER: _ZN11QuaternionTIfEC2Ev @ 0xa24520
LOITER: _ZN7Vector2IfEC2Ev @ 0xa24590
LOITER: _ZN6AP_DAL4baroEv @ 0xa245f0
LOITER: _ZN6AP_DAL6beaconEv @ 0xa24690
LOITER: _ZN6AP_DAL3gpsEv @ 0xa24750
LOITER: _ZN6AP_DAL11rangefinderEv @ 0xa24860
LOITER: _ZN6AP_DAL10visualodomEv @ 0xa248b0
LOITER: _ZNK7Compass7healthyEh @ 0x5cd520
LOITER: _ZNK7Compass11use_for_yawEh @ 0x5cd5c0
LOITER: _ZNK7Compass9availableEv @ 0xa249d0
LOITER: _ZN14typesafe_indexIh12TAG_PriorityEC2Eh @ 0xa24a50
LOITER: _ZNK19RestrictIDTypeArrayI9AP_ParamTIaL11ap_var_type1EELj3E14typesafe_indexIh12TAG_PriorityEEixERKS5_ @ 0xa24ab0
LOITER: _ZNK7AP_EnumIN7Compass9LearnTypeEEcvKS1_Ev @ 0xa24b30
LOITER: _ZNK14typesafe_indexIh12TAG_PriorityE7get_intEv @ 0xa24b80
LOITER: _ZNK7Compass10_get_stateE14typesafe_indexIh12TAG_PriorityE @ 0xa24bd0
LOITER: _ZNK7Compass13_get_state_idE14typesafe_indexIh12TAG_PriorityE @ 0x5cd6a0
LOITER: _ZNK19RestrictIDTypeArrayIN7Compass9mag_stateELj4E14typesafe_indexIh14TAG_StateIndexEEixERKS4_ @ 0xa24c50
LOITER: _ZNK14typesafe_indexIh14TAG_StateIndexE7get_intEv @ 0xa24cd0
LOITER: _ZNK19RestrictIDTypeArrayIiLj3E14typesafe_indexIh12TAG_PriorityEEixERKS2_ @ 0xa24d20
LOITER: _ZN14typesafe_indexIh14TAG_StateIndexEC2Eh @ 0xa24da0
LOITER: _ZNK14typesafe_indexIh14TAG_StateIndexEltERKh @ 0xa24e00
LOITER: _ZN14typesafe_indexIh14TAG_StateIndexEppEi @ 0xa24e70
LOITER: _ZN7Compass13get_singletonEv @ 0xa24ee0
LOITER: _ZNK7NavEKF211activeCoresEv @ 0xa24f20
LOITER: _ZNK7NavEKF311activeCoresEv @ 0xa25360
LOITER: _ZN11QuaternionTIfE20from_rotation_matrixERK7Matrix3IfE @ 0xa25410
LOITER: _ZNK12NavEKF3_core11use_compassEv @ 0x5cdd30
LOITER: _ZNK14AP_DAL_Compass11use_for_yawEh @ 0xa25920
LOITER: _ZNK12NavEKF3_core20getRotationBodyToNEDER7Matrix3IfE @ 0x5cde00
LOITER: _ZNK11QuaternionTIdE15rotation_matrixER7Matrix3IfE @ 0xa25990
LOITER: _ZNK6AP_DAL43get_rotation_vehicle_body_to_autopilot_bodyEv @ 0xa25ba0
LOITER: _ZNK7Matrix3IfEmlERKS0_ @ 0xa25bf0
LOITER: _ZN7Vector3IfEC2Efff @ 0xa25e60
LOITER: _ZN7Matrix3IfEC2ERK7Vector3IfES4_S4_ @ 0xa25ef0
LOITER: _ZN7Vector3IfEdVEf @ 0xa25fa0
LOITER: _Z7wrap_PId @ 0x5cdf10
LOITER: _ZN7Vector3IfEmLEf @ 0xa26030
LOITER: _Z8wrap_2PId @ 0x5cdfa0
LOITER: _ZN11QuaternionTIfEC2Effff @ 0xa26370
LOITER: _ZNK11QuaternionTIfE15rotation_matrixER7Matrix3IfE @ 0xa26420
LOITER: _ZNK7Matrix3IfE13mul_transposeERK7Vector3IfE @ 0xa26610
LOITER: _ZNK7Vector3IfEmiERKS0_ @ 0xa26720
LOITER: _ZNK7Vector3IfE6lengthEv @ 0xa267d0
LOITER: _Z20constrain_value_lineIfET_S0_S0_S0_j @ 0xa26830
LOITER: _Z4normIffJfEEdT_T0_DpKT1_ @ 0xa26950
LOITER: _Z2sqIfJffEEdT_DpKT0_ @ 0xa269d0
LOITER: _ZL2sqf.3424 @ 0x5ce090
LOITER: _Z2sqIfJfEEdT_DpKT0_ @ 0xa26a70
LOITER: _ZL2sqf.1606 @ 0x5ce0e0
LOITER: _ZNK7AP_AHRS24get_rotation_body_to_nedEv @ 0xa26af0
LOITER: _ZN2AP3gpsEv @ 0x5ce1f0
LOITER: _ZNK6AP_GPS8get_typeEh @ 0xa26be0
LOITER: _ZNK7AP_EnumIN6AP_GPS8GPS_TypeEEcvKS1_Ev @ 0xa26c70
LOITER: _ZN6AP_GPS13get_singletonEv @ 0xa26cc0
LOITER: _ZNK7NavEKF37healthyEv @ 0x5ce340
LOITER: _ZNK6AP_GPS11num_sensorsEv @ 0x5ce650
LOITER: _ZNK6AP_GPS14primary_sensorEv @ 0xa26da0
LOITER: _ZNK6AP_GPS6statusEh @ 0xa26df0
LOITER: _ZNK6AP_GPS10is_healthyEh @ 0x5ce6d0
LOITER: _ZNK7AP_AHRS11home_is_setEv @ 0xa26eb0
LOITER: _ZNK6AP_GPS8locationEv @ 0xa26f10
LOITER: _ZNK6AP_GPS22first_unconfigured_gpsERh @ 0x5ce990
LOITER: _ZNK6AP_GPS8locationEh @ 0xa26f70
LOITER: _ZNK6AP_GPS12is_rtk_roverEh @ 0x5cee40
LOITER: _ZN2AP3insEv @ 0x5cf1a0
LOITER: _ZNK17AP_InertialSensor19get_gyro_health_allEv @ 0x5cf1e0
LOITER: _ZNK17AP_InertialSensor22gyro_calibrated_ok_allEv @ 0x5cf2a0
LOITER: _ZNK17AP_InertialSensor20get_accel_health_allEv @ 0x5cf3b0
LOITER: _ZNK17AP_InertialSensor23accel_calibrated_ok_allEv @ 0x5cf470
LOITER: _ZNK10AP_GyroFFT16analysis_enabledEv @ 0xa27190
LOITER: _ZN7Vector3IfEixEh @ 0xa27520
LOITER: _ZN10DigitalLPFIfE6_applyERKfS2_ @ 0xa27880
LOITER: _Z15constrain_int16sss @ 0xa27e80
LOITER: _Z15constrain_valueIsET_S0_S0_S0_ @ 0xa27f10
LOITER: _ZNK10ByteBuffer5spaceEv @ 0x5d20b0
LOITER: _ZN10ByteBuffer5writeEPKhj @ 0x5d2310
LOITER: _ZN10ByteBuffer7reserveEPNS_5IoVecEj @ 0x5d2430
LOITER: _ZN10ByteBuffer6commitEj @ 0x5d2660
LOITER: _ZNK10ByteBuffer8get_sizeEv @ 0xa27fc0
LOITER: _ZNK17AP_InertialSensor14get_gyro_countEv @ 0xa28050
LOITER: _ZNK17AP_InertialSensor4_useEh @ 0xa280c0
LOITER: _ZNK17AP_InertialSensor8_gyro_idEh @ 0xa28120
LOITER: _ZN17AP_InertialSensor8_gyro_idEh @ 0xa28180
LOITER: _ZN17AP_InertialSensor4_useEh @ 0xa281f0
LOITER: _ZL3MINIihEDTqultfp_fp0_fp_fp0_ERKT_RKT0_.3043 @ 0x5d2b90
LOITER: _ZNK7AP_EnumIN22AP_InertialSensor_TCal6EnableEEcvKS1_Ev @ 0xa282c0
LOITER: _ZN17AP_InertialSensor4tcalEh @ 0xa28310
LOITER: _ZNK17AP_InertialSensor8get_gyroEv @ 0xa28380
LOITER: _ZNK17AP_InertialSensor8use_gyroEh @ 0x5d2d50
LOITER: _ZNK17AP_InertialSensor8get_gyroEh @ 0xa283e0
LOITER: _ZNK17AP_InertialSensor15get_gyro_healthEh @ 0xa28450
LOITER: _ZNK17AP_InertialSensor15get_accel_countEv @ 0xa284f0
LOITER: _ZL3MINIihEDTqultfp_fp0_fp_fp0_ERKT_RKT0_ @ 0x5d2fd0
LOITER: _ZNK17AP_InertialSensor9get_accelEv @ 0xa28560
LOITER: _ZNK17AP_InertialSensor9use_accelEh @ 0x5d3060
LOITER: _ZNK17AP_InertialSensor9get_accelEh @ 0xa285c0
LOITER: _ZNK17AP_InertialSensor16get_accel_healthEh @ 0xa28630
LOITER: _ZNK17AP_InertialSensor13_accel_offsetEh @ 0xa286d0
LOITER: _ZNK9AP_ParamVI7Vector3IfEL11ap_var_type5EE3getEv @ 0xa28730
LOITER: _ZNK7Vector3IfE7is_zeroEv @ 0xa28780
LOITER: _ZNK17AP_InertialSensor12_accel_scaleEh @ 0xa28830
LOITER: _ZNK17AP_InertialSensor9_accel_idEh @ 0xa28890
LOITER: _Z8is_equalIffENSt3__19enable_ifIXsr3std17is_floating_pointINS0_11common_typeIJT_T0_EE4typeEEE5valueEbE4typeES3_S4_ @ 0xa288f0
LOITER: _ZN17AP_InertialSensor9_accel_idEh @ 0xa28970
LOITER: _ZN17AP_InertialSensor12_accel_scaleEh @ 0xa289e0
LOITER: _ZN17AP_InertialSensor13_accel_offsetEh @ 0xa28a50
LOITER: _ZNK17AP_InertialSensor18gyro_calibrated_okEh @ 0xa28ac0
LOITER: _ZN17AP_InertialSensor13get_singletonEv @ 0x5d3120
LOITER: _ZN13AP_ParamTBaseIaL11ap_var_type1EE3setERKa @ 0xa290a0
LOITER: _ZN13AP_ParamTBaseIsL11ap_var_type2EE3setERKs @ 0xa29100
LOITER: _ZN13AP_ParamTBaseIiL11ap_var_type3EE3setERKi @ 0xa29170
LOITER: _ZN13AP_ParamTBaseIfL11ap_var_type4EE3setERKf @ 0xa291d0
LOITER: _ZNK7Vector3IfEneERKS0_ @ 0xa29900
LOITER: _ZNK8AP_Param13find_var_infoEPjRPKNS_9GroupInfoERNS_12GroupNestingEPh @ 0x5d4b90
LOITER: _ZNK8AP_Param14copy_name_infoEPKNS_4InfoEPKNS_9GroupInfoERKNS_12GroupNestingEhPcmb @ 0x5d4e10
LOITER: _ZNK8AP_Param14send_parameterEPKc11ap_var_typeh @ 0x5d5070
LOITER: _ZNK8AP_Param13cast_to_floatE11ap_var_type @ 0x5d5210
LOITER: _ZN3GCS20send_parameter_valueEPKc11ap_var_typef @ 0x5d5300
LOITER: _ZL3MINImmEDTqultfp_fp0_fp_fp0_ERKT_RKT0_.5959 @ 0x5d5440
LOITER: _ZN11GCS_MAVLINK14mav_param_typeE11ap_var_type @ 0x5d54c0
LOITER: _ZN8AP_Param16count_parametersEv @ 0x5d5550
LOITER: _ZN3GCS23send_to_active_channelsEjPKc @ 0x5d5700
LOITER: _ZN9AP_Logger13get_singletonEv @ 0xa299d0
LOITER: _ZN9AP_Logger15Write_ParameterEPKcf @ 0x5d5820
LOITER: _ZNK9AP_Logger10quiet_nanfEv @ 0xa29a10
LOITER: _ZN17AP_Logger_Backend15Write_ParameterEPKcff @ 0x5d5910
LOITER: _Z14strncpy_notermPcPKcm @ 0x5d5a30
LOITER: _ZN17AP_Logger_Backend18WriteCriticalBlockEPKvt @ 0xa29a60
LOITER: _ZN17AP_Logger_Backend21WritePrioritisedBlockEPKvtbb @ 0x5d5ae0
LOITER: _ZN17AP_Logger_Backend30validate_WritePrioritisedBlockEPKvt @ 0x5d5cb0
LOITER: _ZN17AP_Logger_Backend9ShouldLogEb @ 0x5d5ea0
LOITER: _ZN17AP_Logger_Backend21ensure_format_emittedEPKvt @ 0x5d6340
LOITER: _ZNK17AP_Logger_Backend23message_type_from_blockEPKvtR11LogMessages @ 0x5d6460
LOITER: _ZNK17AP_Logger_Backend28have_emitted_format_for_typeE11LogMessages @ 0xa29ae0
LOITER: _ZNK7BitmaskILt256EE8validateEt @ 0xa29c10
LOITER: _ZNK7BitmaskILt256EE3getEt @ 0xa29ca0
LOITER: _ZNK6AP_HAL4Util14get_soft_armedEv @ 0xa29d70
LOITER: _ZN2AP6loggerEv @ 0x5d6f60
LOITER: _Z7is_zeroI9AP_ParamTIfL11ap_var_type4EEEbT_ @ 0xa29dd0
LOITER: _ZNK12AP_Scheduler5ticksEv @ 0xa29e30
LOITER: _ZN6AP_HAL8millis16Ev @ 0x5d71b0
LOITER: _ZNK9AP_Logger13WritesEnabledEv @ 0xa29f90
LOITER: _ZNK19LoggerMessageWriter8finishedEv @ 0xa29ff0
LOITER: _ZNK9AP_Logger15in_log_downloadEv @ 0x5d71f0
LOITER: _ZNK9AP_Logger16vehicle_is_armedEv @ 0xa2a050
LOITER: mavlink_get_msg_entry @ 0x5d7440
LOITER: _ZNK3GCS7num_gcsEv @ 0xa2a100
LOITER: _ZNK11GCS_MAVLINK10is_privateEv @ 0xa2a150
LOITER: _ZNK11GCS_MAVLINK9is_activeEv @ 0xa2a1b0
LOITER: _ZN11GCS_MAVLINK12send_messageEPKcPK19__mavlink_msg_entry @ 0xa2a230
LOITER: _ZN11GCS_MAVLINK18check_payload_sizeEt @ 0x5d7560
LOITER: _mav_finalize_message_chan_send @ 0x5d7610
LOITER: _Z26mavlink_get_channel_statush @ 0x5d7960
LOITER: _Z17_mav_trim_payloadPKch @ 0x5d7a40
LOITER: _ZL13crc_calculatePKht @ 0x5d7ae0
LOITER: _ZL21crc_accumulate_bufferPtPKct @ 0x5d7b80
LOITER: _ZL14crc_accumulatehPt @ 0x5d7c20
LOITER: _Z14comm_send_lock17mavlink_channel_tt @ 0x5d7eb0
LOITER: _mavlink_send_uart @ 0x5d7f70
LOITER: _Z16comm_send_unlock17mavlink_channel_t @ 0x5d7ff0
LOITER: _Z16comm_send_buffer17mavlink_channel_tPKhh @ 0x5d8070
LOITER: _ZL13valid_channel17mavlink_channel_t @ 0x5d81e0
LOITER: _Z24gcs_out_of_space_to_send17mavlink_channel_t @ 0x5d8290
LOITER: _ZN11GCS_MAVLINK20out_of_space_to_sendEv @ 0xa2a370
LOITER: _ZL8crc_initPt @ 0x5d8bc0
LOITER: _ZN11GCS_MAVLINK14channel_statusEv @ 0xa2a3d0
LOITER: _ZNK11GCS_MAVLINK7txspaceEv @ 0xa2a420
LOITER: _ZNK11GCS_MAVLINK15packet_overheadEv @ 0xa2a4c0
LOITER: _ZN11GCS_MAVLINK20packet_overhead_chanE17mavlink_channel_t @ 0x5d8c10
LOITER: _ZL3MINIjjEDTqultfp_fp0_fp_fp0_ERKT_RKT0_.5950 @ 0x5d8cf0
LOITER: _ZN11GCS_MAVLINK10is_privateE17mavlink_channel_t @ 0xa2a520
LOITER: _ZN8AP_Param8var_infoEt @ 0xa2a590
LOITER: _ZN8AP_Param14get_group_infoERKNS_4InfoE @ 0x5d9570
LOITER: _ZN8AP_Param14get_group_infoERKNS_9GroupInfoE @ 0x5d9b90
LOITER: _ZN8AP_Param19adjust_group_offsetEtRKNS_9GroupInfoERl @ 0x5d9c10
LOITER: _ZN8AP_Param8group_idEPKNS_9GroupInfoEjhh @ 0x5d9d30
LOITER: _ZN8AP_Param8get_baseERKNS_4InfoERl @ 0x5d9e30
LOITER: _ZNK13AP_ParamTBaseIiL11ap_var_type3EE13cast_to_floatEv @ 0xa2a6d0
LOITER: _ZNK8AP_Param19find_var_info_groupEPKNS_9GroupInfoEtjhlPjRS2_RNS_12GroupNestingEPh @ 0x5d9fc0
LOITER: _ZN8AP_Param4saveEb @ 0x5da4c0
LOITER: _ZN17AP_InertialSensor13caltemp_accelEh @ 0xa2a850
LOITER: _ZNK17AP_InertialSensor15get_temperatureEh @ 0xa2a8c0
LOITER: _ZN7Vector3IfE4zeroEv @ 0xa2ab20
LOITER: _ZNK7Vector3IfErmERKS0_ @ 0xa2ab80
LOITER: _ZNK7Vector3IfEmlERKS0_ @ 0xa2ac60
LOITER: _Z9safe_sqrtIfEfT_ @ 0xa2acf0
LOITER: _ZNK11QuaternionTIfE14get_euler_rollEv @ 0xa2ae80
LOITER: _ZNK11QuaternionTIfE15get_euler_pitchEv @ 0xa2af30
LOITER: _Z9safe_asinIfEfT_ @ 0xa2afa0
LOITER: _ZN7Vector3IfE6rotateE8Rotation @ 0xa2b190
LOITER: _ZNK7Matrix3IfEmlERK7Vector3IfE @ 0xa2c170
LOITER: _ZN7Matrix3IfE10from_eulerEfff @ 0xa2c310
LOITER: _ZN7Matrix3IfEC2Efffffffff @ 0xa2c540
LOITER: _ZNK7Vector3IfEplERKS0_ @ 0xa2c670
LOITER: _ZNK7Vector3IfEdvEf @ 0xa2c720
LOITER: _Z4normIffJEEdT_T0_DpKT1_ @ 0xa2c7c0
LOITER: _ZN7Vector3IfEpLERKS0_ @ 0xa2c830
LOITER: _ZN15ObjectBuffer_TSIN8AP_Param10param_saveEE4peekERS1_ @ 0xa2c8d0
LOITER: _ZN15ObjectBuffer_TSIN8AP_Param10param_saveEE4pushERKS1_ @ 0xa2c980
LOITER: _ZN10ByteBuffer9peekbytesEPhj @ 0x5db470
LOITER: _ZN10ByteBuffer9peekiovecEPNS_5IoVecEj @ 0x5db580
LOITER: _ZNK10ByteBuffer9availableEv @ 0x5db6d0
LOITER: _ZN10ByteBuffer7readptrERj @ 0x5db9b0
LOITER: _ZNK7Vector3IfEngEv @ 0xa2ca60
LOITER: _ZN2AP4sitlEv @ 0x5dbdb0
LOITER: _ZN2AP4baroEv @ 0x5dbdf0
LOITER: _ZNK7AP_Baro11all_healthyEv @ 0x5dbef0
LOITER: _ZNK7AP_Baro7healthyEh @ 0x5dbfa0
LOITER: _ZN7AP_Baro13get_singletonEv @ 0xa2cb40
LOITER: _ZN4SITL3SIM13get_singletonEv @ 0xa2cb80
LOITER: _ZNK9AP_Logger15logging_presentEv @ 0x5dc680
LOITER: _ZNK9AP_Logger15logging_startedEv @ 0x5dc770
LOITER: _ZNK11RC_Channels17option_is_enabledENS_6OptionE @ 0xa2cc10
LOITER: _ZNK11RC_Channels16get_roll_channelEv @ 0x5dc9d0
LOITER: _ZNK11RC_Channels15get_yaw_channelEv @ 0x5dcab0
LOITER: _ZNK10RC_Channel14get_control_inEv @ 0xa2cc90
LOITER: _ZNK11RC_Channels20get_throttle_channelEv @ 0x5dcb20
LOITER: _ZN11RC_Channels23find_channel_for_optionEN10RC_Channel8AUX_FUNCE @ 0x5dcb90
LOITER: _ZN2AP5rcmapEv @ 0x5dce10
LOITER: _ZNK8RCMapper8throttleEv @ 0xa2cd40
LOITER: _ZNK11RC_Channels25get_rcmap_channel_nonnullEh @ 0x5dce50
LOITER: _ZN11RC_Channels10rc_channelEh @ 0xa2cda0
LOITER: _ZN8RCMapper13get_singletonEv @ 0xa2ce00
LOITER: _ZNK8RCMapper3yawEv @ 0xa2ce40
LOITER: _ZNK8RCMapper4rollEv @ 0xa2cf00
LOITER: _ZNK11RC_Channels19flight_mode_channelEv @ 0x5dcee0
LOITER: _ZNK8Sailboat12sail_enabledEv @ 0xa2d270
LOITER: _ZNK11AP_WindVane7enabledEv @ 0x5dcf80
LOITER: _ZNK8AR_WPNav17get_default_speedEv @ 0xa2d2d0
LOITER: _ZNK12AP_MotorsUGV8has_sailEv @ 0x5de2b0
LOITER: _ZNK12AP_MotorsUGV7is_omniEv @ 0xa2d330
LOITER: _ZN12SRV_Channels18get_emergency_stopEv @ 0xa2d440
LOITER: _ZNK10RC_Channel12get_radio_inEv @ 0xa2d480
LOITER: _ZN2AP5fenceEv @ 0x5e0260
LOITER: _ZNK8AC_Fence7presentEv @ 0x5e0840
LOITER: _ZNK8AC_Fence7enabledEv @ 0xa2d590
LOITER: _ZNK19AC_PolyFence_loader17total_fence_countEv @ 0xa2d850
LOITER: _ZNK7Vector2IfEmiERKS0_ @ 0xa2df80
LOITER: _ZNK7Vector2IfEmlERKS0_ @ 0xa2e1f0
LOITER: _ZNK7Vector2IfEmlEf @ 0xa2e270
LOITER: _ZN7Vector2IfEC2Eff @ 0xa2e2f0
LOITER: _ZNK19AC_PolyFence_loader27get_exclusion_polygon_countEv @ 0xa2e420
LOITER: _ZNK19AC_PolyFence_loader27get_inclusion_polygon_countEv @ 0xa2e470
LOITER: _ZNK19AC_PolyFence_loader26get_exclusion_circle_countEv @ 0xa2e4c0
LOITER: _ZNK19AC_PolyFence_loader26get_inclusion_circle_countEv @ 0xa2e510
LOITER: _ZN8AC_Fence13get_singletonEv @ 0xa2e560
LOITER: _ZN2AP10visualodomEv @ 0x5e2080
LOITER: _ZNK13AP_VisualOdom7enabledEv @ 0x5e21f0
LOITER: _ZNK7AP_EnumIN13AP_VisualOdom15VisualOdom_TypeEEcvKS1_Ev @ 0xa2e5a0
LOITER: _ZN13AP_VisualOdom13get_singletonEv @ 0xa2e5f0
LOITER: _ZN6AP_HAL6microsEv @ 0x5e2660
LOITER: _ZN2AP5mountEv @ 0x5e26a0
LOITER: _ZN8AP_Mount13get_singletonEv @ 0xa2e670
LOITER: _ZN2AP3osdEv @ 0x5e2900
LOITER: _ZN6AP_OSD13get_singletonEv @ 0xa2e710
LOITER: _ZN2AP9generatorEv @ 0x5e2c50
LOITER: _ZN12AP_Generator13get_singletonEv @ 0x5e2e10
LOITER: _ZN2AP3canEv @ 0x5e2e50
LOITER: _ZNK13AP_CANManager15get_num_driversEv @ 0xa2e800
LOITER: _ZNK13AP_CANManager15get_driver_typeEh @ 0xa2e850
LOITER: _ZN13AP_CANManager13get_singletonEv @ 0xa2ea50
LOITER: _ZNK11SRV_Channel12get_functionEv @ 0xa2eb90
LOITER: _ZNK11SRV_Channel14get_output_minEv @ 0xa2ec50
LOITER: _ZNK11SRV_Channel14get_output_maxEv @ 0xa2eca0
LOITER: _ZN11SRV_Channel13should_e_stopENS_8FunctionE @ 0x5e3c10
LOITER: _ZN11RangeFinder13get_singletonEv @ 0xa2ed40
LOITER: _ZNK9AP_Logger14logging_failedEv @ 0x5e4240
LOITER: _ZN2AP7batteryEv @ 0x5e43c0
LOITER: _ZNK14AP_BattMonitor15configured_typeEh @ 0xa2ee30
LOITER: _ZNK14AP_BattMonitor14allocated_typeEh @ 0xa2eea0
LOITER: _ZNK22AP_BattMonitor_Backend20check_failsafe_typesERbS0_S0_S0_ @ 0x5e4af0
LOITER: _Z11is_positiveI9AP_ParamTIfL11ap_var_type4EEEbT_ @ 0xa2ef10
LOITER: _ZNK21AP_BattMonitor_Params23failsafe_voltage_sourceEv @ 0xa2eff0
LOITER: _ZL3MAXIffEDTqugtfp_fp0_fp_fp0_ERKT_RKT0_.16928 @ 0x5e4f00
LOITER: _ZN14AP_BattMonitor13get_singletonEv @ 0xa2f050
LOITER: _ZNK7Compass14is_calibratingEv @ 0x5e4f80
LOITER: _ZNK7Compass7healthyEv @ 0xa2f0f0
LOITER: _ZNK7Compass21learn_offsets_enabledEv @ 0xa2f150
LOITER: _ZNK7Compass9get_fieldEv @ 0xa2f280
LOITER: _ZNK7Compass10consistentEv @ 0x5e5340
LOITER: _ZN14AP_Declination18get_earth_field_gaERK8Location @ 0x5e55e0
LOITER: _ZNK7Vector3IfEmlEf @ 0xa2f2e0
LOITER: _ZN14AP_Declination16get_mag_field_efEffRfS0_S0_ @ 0x5e5880
LOITER: _ZL7radiansf.2451 @ 0x5e5e80
LOITER: _Z15constrain_int32iii @ 0xa2f380
LOITER: _Z15constrain_valueIiET_S0_S0_S0_ @ 0xa2f3f0
LOITER: _ZN11AP_AHRS_DCM11use_compassEv @ 0x5e5ff0
LOITER: _ZNK7AP_AHRS15get_fly_forwardEv @ 0xa2f4e0
LOITER: _ZNK11AP_AHRS_DCM8have_gpsEv @ 0x5e61a0
LOITER: _ZNK6AP_GPS12ground_speedEv @ 0xa2f540
LOITER: _ZL7degreesf.1595 @ 0x5e6230
LOITER: _ZNK6AP_GPS13ground_courseEv @ 0xa2f5a0
LOITER: _Z8wrap_180IfET_S0_ @ 0xa2f600
LOITER: _Z8wrap_360f @ 0x5e6280
LOITER: _ZNK6AP_GPS13ground_courseEh @ 0xa2f690
LOITER: _ZNK6AP_GPS12ground_speedEh @ 0xa2f700
LOITER: _ZNK7AP_EnumI6GPSUseEcvKS0_Ev @ 0xa2f770
LOITER: _ZNK6AP_GPS6statusEv @ 0xa2f7c0
LOITER: _ZNK7Vector3IfE2xyEv @ 0xa2f820
LOITER: _ZNK7Compass9get_countEv @ 0xa2f870
LOITER: _ZNK7Compass9get_fieldEh @ 0xa2f8c0
LOITER: _ZNK7Vector2IfE7is_zeroEv @ 0xa2f940
LOITER: _ZNK7Vector3IfE5angleERKS0_ @ 0xa2f9d0
LOITER: _ZL7radiansf.2166 @ 0x5e63a0
LOITER: _ZNK7Vector2IfE5angleERKS0_ @ 0xa2fae0
LOITER: _ZNK7Vector2IfE6lengthEv @ 0xa2fc00
LOITER: _ZNK7Compass11get_offsetsEh @ 0xa2fc60
LOITER: _ZNK9AP_ParamVI7Vector3IfEL11ap_var_type5EEcvRKS1_Ev @ 0xa2fce0
LOITER: _ZNK14typesafe_indexIh12TAG_PriorityEltERKh @ 0xa2fd30
LOITER: _ZNK14typesafe_indexIh12TAG_PriorityEcvhEv @ 0xa2fe20
LOITER: _ZNK14typesafe_indexIh12TAG_PriorityEplERKh @ 0xa2fe70
LOITER: _ZN14typesafe_indexIh12TAG_PriorityEppEi @ 0xa2ff70
LOITER: _ZN19RestrictIDTypeArrayIN7Compass9mag_stateELj4E14typesafe_indexIh14TAG_StateIndexEEixERKS4_ @ 0xa2ffe0
LOITER: _ZN8AP_Param7set_keyERNS_12Param_headerEt @ 0x5e6900
LOITER: _ZN8AP_Param4scanEPKNS_12Param_headerEPt @ 0x5e6990
LOITER: _ZN8AP_Param9type_sizeE11ap_var_type @ 0x5e6b20
LOITER: _ZNK13StorageAccess4sizeEv @ 0xa300d0
LOITER: _ZN8AP_Param7get_keyERKNS_12Param_headerE @ 0x5e6bc0
LOITER: _ZN8AP_Param11is_sentinalERKNS_12Param_headerE @ 0x5e6c30
LOITER: _ZNK19RestrictIDTypeArrayIP17CompassCalibratorLj3E14typesafe_indexIh12TAG_PriorityEEixERKS4_ @ 0xa30120
LOITER: _ZNK12AP_MotorsUGV6activeEv @ 0x5e6d80
LOITER: _ZN15AP_Arming_Rover17update_soft_armedEv @ 0x5e70a0
LOITER: _ZNK9AP_Arming14option_enabledENS_6OptionE @ 0xa301a0
LOITER: _ZN9AP_Logger17set_vehicle_armedEb @ 0x5e7220
LOITER: _ZNK9AP_Arming22get_rudder_arming_typeEv @ 0xa30220
LOITER: _ZN8AC_Fence12clear_breachEh @ 0x5e7ae0
LOITER: _ZN9AP_Logger18WriteCriticalBlockEPKvt @ 0x5e7b50
LOITER: _ZNK12AP_MotorsUGV12get_throttleEv @ 0xa30390
LOITER: _ZNK12AP_MotorsUGV18have_skid_steeringEv @ 0x5e7c00
LOITER: _ZNK12AP_MotorsUGV12get_steeringEv @ 0xa303e0
LOITER: _ZNK7AP_AHRS11get_yaw_radEv @ 0xa30430
LOITER: _ZNK7AP_AHRS38get_relative_position_NED_origin_floatER7Vector3IfE @ 0x5e80a0
LOITER: _ZN11AP_SmartRTL9add_pointERK7Vector3IfE @ 0x5e8310
LOITER: _ZN7HALSITL9Semaphore16take_nonblockingEv @ 0x5e84d0
LOITER: _ZNK11AP_SmartRTL10log_actionENS_6ActionERK7Vector3IfE @ 0x5e8560
LOITER: _ZNK7Vector3IfE16distance_squaredERKS0_ @ 0xa30480
LOITER: _ZL2sqf.11254 @ 0x5e8620
LOITER: _ZN7HALSITL9Semaphore4giveEv @ 0x5e8670
LOITER: _ZN9AP_Logger10Write_SRTLEbtthRK7Vector3IfE @ 0x5e8720
LOITER: _ZN9AP_Logger10WriteBlockEPKvt @ 0x5e8840
LOITER: _ZN17AP_Logger_Backend10WriteBlockEPKvt @ 0xa30540
LOITER: _ZN7Vector3IdEC2Ev @ 0xa30680
LOITER: _ZNK7AP_AHRS32get_relative_position_NED_originER7Vector3IdE @ 0x5e8a30
LOITER: _ZNK7Vector3IdE7tofloatEv @ 0xa306e0
LOITER: _ZN7Vector2IdEC2Ev @ 0xa30760
LOITER: _ZNK7NavEKF38getPosNEER7Vector2IdE @ 0x5e8e50
LOITER: _ZNK7NavEKF37getPosDERd @ 0x5e8ef0
LOITER: _ZN7Vector3IdEC2Eddd @ 0xa307c0
LOITER: _ZNK8Location11initialisedEv @ 0xa30850
LOITER: _ZNK7Vector3IfE8todoubleEv @ 0xa308e0
LOITER: _ZN7Vector3IdEmLEd @ 0xa30960
LOITER: _ZN8Location13offset_latlngERiS0_dd @ 0x5e9560
LOITER: _ZN8Location15limit_lattitudeEi @ 0x5e9660
LOITER: _ZN8Location14wrap_longitudeEl @ 0x5e9700
LOITER: _ZNK11AP_AHRS_SIM12get_locationER8Location @ 0x5e97a0
LOITER: _ZNK8Location23get_distance_NE_postypeERKS_ @ 0x5e9890
LOITER: _ZN7Vector2IdEC2Edd @ 0xa309f0
LOITER: _ZNK12NavEKF3_core7getPosDERd @ 0x5e9980
LOITER: _ZNK12NavEKF3_core13getPosD_localERd @ 0x5e9a50
LOITER: _ZNK12NavEKF3_core12getOriginLLHER8Location @ 0x5e9ae0
LOITER: _ZNK12NavEKF3_core8getPosNEER7Vector2IdE @ 0x5e9bd0
LOITER: _ZNK7Vector3IdE2xyEv @ 0xa30a70
LOITER: _ZNK7Vector2IdE8todoubleEv @ 0xa30ac0
LOITER: _ZNK7Vector2IdEplERKS0_ @ 0xa30b20
LOITER: _ZNK10AP_DAL_GPS6statusEh @ 0xa30bb0
LOITER: _ZNK10AP_DAL_GPS8locationEh @ 0xa30c20
LOITER: _ZN7Vector2IdE4zeroEv @ 0xa30c90
LOITER: _ZNK10AP_DAL_GPS14primary_sensorEv @ 0xa30cf0
LOITER: _ZNK11AP_AHRS_DCM12get_locationER8Location @ 0x5ea220
LOITER: _ZNK7AP_Baro12get_altitudeEv @ 0xa30da0
LOITER: _ZN8Location6offsetEdd @ 0x5ea550
LOITER: _ZNK6AP_GPS7get_lagERf @ 0xa30e00
LOITER: _ZNK6AP_GPS7get_lagEhRf @ 0x5ea5e0
LOITER: _ZNK7AP_Baro12get_altitudeEh @ 0xa30e80
LOITER: _ZNK7AP_AHRS16get_velocity_NEDER7Vector3IfE @ 0x5eabc0
LOITER: _ZNK9AP_ParamTIfL11ap_var_type4EEngEv @ 0xa30f50
LOITER: _ZNK8Location10get_alt_cmENS_8AltFrameERi @ 0x5eb2c0
LOITER: _ZNK8Location13get_alt_frameEv @ 0x5eb600
LOITER: _ZNK7AP_AHRS10get_originER8Location @ 0x5eb6e0
LOITER: _ZNK9AP_Arming18get_enabled_checksEv @ 0x5ec150
LOITER: _ZN7HALSITL9Semaphore4takeEj @ 0x5ec2b0
LOITER: _ZN6AP_HAL9Semaphore13take_blockingEv @ 0xa31720
LOITER: _ZN4SITL6AS56006updateERKNS_8AircraftE @ 0x5ed7d0
LOITER: _ZNK4SITL8Aircraft12get_attitudeER11QuaternionTIfE @ 0xa325c0
LOITER: _ZL7degreesf.19207 @ 0x5edba0
LOITER: _ZN4SITL17I2CRegisters_8Bit12set_registerEhh @ 0x5edc00
LOITER: _ZN4SITL9I2CDevice6updateERKNS_8AircraftE @ 0xa327b0
LOITER: _ZN4SITL13TeraRangerI2C6updateERKNS_8AircraftE @ 0xa32950
LOITER: _ZNK4SITL8Aircraft17rangefinder_rangeEv @ 0x5ee2c0
LOITER: _ZL7radiansf.14466 @ 0x5ee7a0
LOITER: _Z10rand_floatv @ 0x5ee800
LOITER: _ZN4SITL7INA32216updateERKNS_8AircraftE @ 0x5eeae0
LOITER: _ZL15convert_voltagef @ 0x5eef60
LOITER: _ZL15convert_currentf @ 0x5ef030
LOITER: _ZN4SITL8QMC5883L6updateERKNS_8AircraftE @ 0x5ef290
LOITER: _ZN7Vector3IfE14rotate_inverseE8Rotation @ 0xa329c0
LOITER: _ZL7htole16t.13591 @ 0x5ef6a0
LOITER: _ZN7Vector3IsEC2Esss @ 0xa32b70
LOITER: _ZN4SITL10IS31FL31956updateERKNS_8AircraftE @ 0x5ef910
LOITER: _ZN4SITL17I2CRegisters_8Bit12get_registerEh @ 0xa32d10
LOITER: _ZN10SIM_RGBLED11set_coloursEhhh @ 0xa32d70
LOITER: _ZN4SITL6LM27556updateERKNS_8AircraftE @ 0x5f05f0
LOITER: _ZNK4SITL6LM275510LEDChannel13current_valueEv @ 0xa32f80
LOITER: _ZN4SITL6LP55626updateERKNS_8AircraftE @ 0x5f0ba0
LOITER: _ZN4SITL6LP556210LEDChannel6updateEv @ 0x5f0eb0
LOITER: _ZNK4SITL6LP556210LEDChannel13current_valueEv @ 0xa33200
LOITER: _ZN4SITL6MS5XXX6updateERKNS_8AircraftE @ 0x5f0f90
LOITER: _ZN7AP_Baro37get_pressure_temperature_for_alt_amslEfRfS0_ @ 0x5f1f40
LOITER: _ZN7AP_Baro29geometric_alt_to_geopotentialEf @ 0x5f2120
LOITER: _ZL33find_atmosphere_layer_by_altitudef @ 0x5f2180
LOITER: _ZN7AP_Baro33get_temperature_by_altitude_layerEfa @ 0x5f2230
LOITER: _ZN7AP_Baro29get_temperatureC_for_alt_amslEf @ 0x5f2db0
LOITER: _ZN4SITL12InvensenseV36updateERKNS_8AircraftE @ 0x5f2e20
LOITER: _ZNK4SITL8ICM4060911accel_scaleEv @ 0xa33750
LOITER: _ZL7radiansd.13033 @ 0x5f38e0
LOITER: _ZNK4SITL12InvensenseV310gyro_scaleEv @ 0xa337a0
LOITER: _ZN4SITL12InvensenseV313write_to_fifoEhPhh @ 0x5f3930
LOITER: _ZN4SITL7MCP96006updateERKNS_8AircraftE @ 0x5f3e90
LOITER: _ZL7htobe16t.12937 @ 0x5f4460
LOITER: _ZL10__bswap_16t.12939 @ 0x5f44b0
LOITER: _ZNK4SITL31I2CRegisters_ConfigurableLength13get_reg_valueEhRh @ 0x5f4520
LOITER: _ZN4SITL6TSYS036updateERKNS_8AircraftE @ 0x5f4970
LOITER: _ZN4SITL6TSYS016updateERKNS_8AircraftE @ 0x5f53c0
LOITER: _ZN4SITL5SHT3x6updateERKNS_8AircraftE @ 0x5f5ff0
LOITER: _ZN4SITL13Airspeed_DLVR6updateERKNS_8AircraftE @ 0x5f6870
LOITER: _ZN4SITL29SIM_BattMonitor_SMBus_Generic6updateERKNS_8AircraftE @ 0x5f7350
LOITER: _ZNK4SITL29SIM_BattMonitor_SMBus_Generic15connected_cellsEv @ 0xa34090
LOITER: _ZN4SITL21SIM_BattMonitor_SMBus6updateERKNS_8AircraftE @ 0x5f7bb0
LOITER: _ZNK4SITL8Aircraft19get_battery_voltageEv @ 0xa340e0
LOITER: _ZN4SITL11SMBusDevice12set_registerEht @ 0xa34130
LOITER: _ZN4SITL18I2CRegisters_16Bit12set_registerEht @ 0x5f7cc0
LOITER: _ZN4SITL11SMBusDevice12set_registerEhs @ 0xa341b0
LOITER: _ZN4SITL18I2CRegisters_16Bit12set_registerEhs @ 0x5f7d70
LOITER: _ZN4SITL6Rotoye6updateERKNS_8AircraftE @ 0x5f8010
LOITER: _ZN4SITL11SMBusDevice13get_reg_valueEh @ 0xa34460
LOITER: _ZN4SITL18I2CRegisters_16Bit13get_reg_valueEh @ 0xa344d0
LOITER: _ZL7be16toht.19258 @ 0x5f80e0
LOITER: _ZL10__bswap_16t.19259 @ 0x5f8130
LOITER: _ZNK4SITL6Maxell15connected_cellsEv @ 0xa34590
LOITER: _ZN4SITL13MaxSonarI2CXL6updateERKNS_8AircraftE @ 0xa346d0
LOITER: _ZN4SITL10ToshibaLED6updateERKNS_8AircraftE @ 0x5f83f0
LOITER: _ZNK6AP_HAL3HAL6serialEh @ 0xa35110
LOITER: _ZL14fill_stack_nanv @ 0x5f8eb0
LOITER: _ZN7HALSITL9Scheduler13_run_io_procsEv @ 0x5f9230
LOITER: _ZNK7FunctorIvJEEcvbEv @ 0xa35220
LOITER: _ZNK7FunctorIvJEEclEv @ 0xa35280
LOITER: _ZN7HALSITL16I2CDeviceManager11_timer_tickEv @ 0x5f9440
LOITER: _ZN2AP2RCEv @ 0x5f94e0
LOITER: _ZN13AP_RCProtocol6updateEv @ 0x5f9590
LOITER: _ZN13AP_RCProtocol16check_added_uartEv @ 0x5f95e0
LOITER: _ZNK13AP_RCProtocol13should_searchEj @ 0x5f9850
LOITER: _ZN21AP_RCProtocol_Backend9new_inputEv @ 0x5fa010
LOITER: _ZNK17AP_RCProtocol_FDM6activeEv @ 0xa35520
LOITER: _ZN6I2CBus11_timer_tickEv @ 0x5fa220
LOITER: _ZN9AP_Logger6WriteVEPKcS1_S1_S1_S1_P13__va_list_tagbb @ 0x5fa350
LOITER: _ZN9AP_Logger16msg_fmt_for_nameEPKcS1_S1_S1_S1_bb @ 0x5fa550
LOITER: _ZN17AP_Logger_Backend5WriteEhP13__va_list_tagbb @ 0x5fae40
LOITER: _ZNK9AP_Logger24assert_same_fmt_for_nameEPKNS_13log_write_fmtEPKcS4_S4_S4_S4_ @ 0x5fb9c0
LOITER: _ZN3GCS14update_receiveEv @ 0x5fcd30
LOITER: _ZN3GCS11update_sendEv @ 0x5fcde0
LOITER: _ZN19MissionItemProtocol6updateEv @ 0x5fd120
LOITER: _ZN11GCS_MAVLINK11update_sendEv @ 0x5fd2f0
LOITER: _ZN3GCS18service_statustextEv @ 0x5fd6d0
LOITER: _ZN3GCS15StatusTextQueue9semaphoreEv @ 0xa35780
LOITER: _ZNK11ObjectArrayIN3GCS12statustext_tEE8is_emptyEv @ 0xa357d0
LOITER: _Z14comm_chan_lock17mavlink_channel_t @ 0x5fdbb0
LOITER: _ZL16mav_array_memcpyPvPKvm.6113 @ 0x5fdcf0
LOITER: _ZN9AP_Logger15handle_log_sendEv @ 0x5fdd90
LOITER: _ZN22GCS_MAVLINK_InProgress11check_tasksEv @ 0x5fe460
LOITER: _ZNK3GCS11out_of_timeEv @ 0x5fe650
LOITER: _ZN11GCS_MAVLINK30deferred_message_to_send_indexEt @ 0x5fe730
LOITER: _ZN11GCS_MAVLINK19do_try_send_messageE10ap_message @ 0x5fe910
LOITER: _ZNK7BitmaskILt91EE9first_setEv @ 0xa35b70
LOITER: _ZN7BitmaskILt91EE5clearEt @ 0xa35c40
LOITER: _ZN11GCS_MAVLINK36next_deferred_bucket_message_to_sendEt @ 0x5fea40
LOITER: _ZNK7BitmaskILt91EE5countEv @ 0xa35d00
LOITER: _ZNK11GCS_MAVLINK26get_reschedule_interval_msERKNS_25deferred_message_bucket_tE @ 0x5feb70
LOITER: _ZN11GCS_MAVLINK24find_next_bucket_to_sendEt @ 0x5fec70
LOITER: _ZN7BitmaskILt91EEaSERKS0_ @ 0xa35dd0
LOITER: _ZNK11GCS_MAVLINK24requesting_mission_itemsEv @ 0x5fee40
LOITER: _ZN7GCS_FTP16get_last_send_msE17mavlink_channel_t @ 0x5fef30
LOITER: _ZNK7BitmaskILt91EE8validateEt @ 0xa35f10
LOITER: _ZNK11GCS_MAVLINK17telemetry_delayedEv @ 0x5ff0d0
LOITER: _ZNK3GCS11telem_delayEv @ 0xa35fa0
LOITER: _ZN14AP_BoardConfig15in_config_errorEv @ 0xa36000
LOITER: _ZNK12AP_Scheduler19time_available_usecEv @ 0x5ff1a0
LOITER: _ZN11AP_Airspeed13get_singletonEv @ 0xa36040
LOITER: _ZN2AP2FSEv @ 0x5ff420
LOITER: _ZN19AP_Filesystem_Posix5writeEiPKvj @ 0x5ff7c0
LOITER: _ZN21AP_Filesystem_Backend17bytes_until_fsyncEi @ 0xa36080
LOITER: _ZN19AP_Filesystem_Posix9disk_freeEPKc @ 0x5fffb0
LOITER: _ZNK21AP_Filesystem_Backend15file_op_allowedEv @ 0x6006e0
LOITER: _ZL12map_filenamePKc @ 0x600780
LOITER: _ZL17map_filename_freePKc @ 0x600820
LOITER: _Z16comm_get_txspace17mavlink_channel_t @ 0x600970
LOITER: _ZL28mavlink_msg_command_ack_send17mavlink_channel_tthhihh @ 0x600a00
LOITER: _ZNK11AP_Airspeed7enabledEh @ 0x600af0
LOITER: _ZNK11AP_Airspeed11lib_enabledEv @ 0x600bb0
LOITER: _ZN11GCS_MAVLINK23set_ap_message_intervalE10ap_messaget @ 0x600f90
LOITER: _ZNK11GCS_MAVLINK20cap_message_intervalEt @ 0x6013b0
LOITER: _ZNK11GCS_MAVLINK26get_deferred_message_indexE10ap_message @ 0x601480
LOITER: _ZNK7BitmaskILt91EE3getEt @ 0xa362c0
LOITER: _ZN7BitmaskILt91EE3setEt @ 0xa36390
LOITER: _ZN12AP_Scheduler18get_loop_period_usEv @ 0xa36450
LOITER: _ZNK13AP_Filesystem13backend_by_fdERi @ 0x601d00
LOITER: _ZNK13AP_Filesystem15backend_by_pathERPKc @ 0x601dd0
LOITER: _ZN11GCS_MAVLINK39initialise_message_intervals_for_streamENS_7streamsE @ 0x6020c0
LOITER: _ZNK11GCS_MAVLINK23get_interval_for_streamENS_7streamsE @ 0x6022c0
LOITER: _ZNK11GCS_MAVLINK8get_chanEv @ 0xa364f0
LOITER: _ZN11GCS_MAVLINK12send_messageE10ap_message @ 0x602d70
LOITER: _ZN11GCS_MAVLINK22save_signing_timestampEb @ 0x602e80
LOITER: _ZNK11GCS_MAVLINK12is_streamingEv @ 0xa365e0
LOITER: _ZN11GCS_MAVLINK16signing_key_loadER10SigningKey @ 0x602fb0
LOITER: _ZNK13StorageAccess11write_blockEtPKvm @ 0x603110
LOITER: _ZN19AC_PolyFence_loader13check_indexedEv @ 0x605c20
LOITER: _Z11is_negativeIfEbT_ @ 0xa37340
LOITER: _ZN11GCS_MAVLINK14update_receiveEj @ 0x60b7a0
LOITER: _ZN3GCS15update_passthruEv @ 0x60bc70
LOITER: _ZN16AP_SerialManager12get_passthruERPN6AP_HAL10UARTDriverES3_RhRjS5_ @ 0x60c1a0
LOITER: _ZN6AP_HAL10UARTDriver11read_lockedEPhmj @ 0x60cc20
LOITER: _ZNK11GCS_MAVLINK6lockedEv @ 0xa37680
LOITER: _ZNK7FunctorIbJhPN6AP_HAL10UARTDriverEEEcvbEv @ 0xa376e0
LOITER: _ZN11GCS_MAVLINK14channel_bufferEv @ 0xa377c0
LOITER: mavlink_frame_char_buffer @ 0x60d300
LOITER: _ZN12AP_Scripting14handle_messageERK17__mavlink_message17mavlink_channel_t @ 0x60dba0
LOITER: _ZN11GCS_MAVLINK13send_timesyncEv @ 0x60dd90
LOITER: _ZN11GCS_MAVLINK17log_mavlink_statsEv @ 0x60de00
LOITER: _ZNK11GCS_MAVLINK15signing_enabledEv @ 0x60df80
LOITER: _ZNK11GCS_MAVLINK21timesync_timestamp_nsEv @ 0x60e020
LOITER: _ZL25mavlink_msg_timesync_send17mavlink_channel_tll @ 0x60e080
LOITER: mavlink_start_checksum @ 0x60e120
LOITER: mavlink_update_checksum @ 0x60e180
LOITER: _Z9fill_nanfPft @ 0x60ebc0
LOITER: _ZN10ByteBuffer7advanceEj @ 0x611c50
LOITER: _ZN5Empty11OpticalFlow9push_gyroEfff @ 0xa38690
LOITER: _ZN5Empty11OpticalFlow14push_gyro_biasEff @ 0xa38700
LOITER: _ZN6AP_HAL4Util14set_soft_armedEb @ 0x612770
LOITER: _ZNK7HALSITL4Util18was_watchdog_resetEv @ 0xa389d0
LOITER: _ZN7HALSITL4Util19safety_switch_stateEv @ 0x612900
LOITER: _ZN7HALSITL4Util16available_memoryEv @ 0xa38ec0
LOITER: _ZN7HALSITL4Util8uart_logEv @ 0x612ee0
LOITER: _ZN6AP_HAL4Util14log_stack_infoEv @ 0xa39260
LOITER: _ZN6AP_HAL10UARTDriver9log_statsEhRNS0_12StatsTrackerEj @ 0x6130b0
LOITER: _ZN6AP_HAL10UARTDriver12StatsTracker11ByteTracker6updateEj @ 0x613250
LOITER: _ZN7HALSITL8RCOutput20_safety_switch_stateEv @ 0xa39300
LOITER: _ZN6AP_HAL10UARTDriver5writeEPKhm @ 0x615780
LOITER: _ZN6AP_HAL10UARTDriver9availableEv @ 0x6158c0
LOITER: _ZN6AP_HAL10UARTDriver4readEv @ 0x615940
LOITER: _ZN6AP_HAL10UARTDriver4readERh @ 0x6159c0
LOITER: _ZN6AP_HAL10UARTDriver4readEPht @ 0x615ac0
LOITER: _ZN7HALSITL10UARTDriver7txspaceEv @ 0x615b30
LOITER: _ZN7HALSITL10UARTDriver11_timer_tickEv @ 0x615eb0
LOITER: _ZN7HALSITL10UARTDriver26receive_time_constraint_usEt @ 0x615f10
LOITER: _ZN7HALSITL10UARTDriver6_writeEPKhm @ 0x616b40
LOITER: _ZN7HALSITL10UARTDriver5_readEPht @ 0x616d10
LOITER: _ZN7HALSITL10UARTDriver10_availableEv @ 0x616f00
LOITER: _ZNK7HALSITL10UARTDriver18get_total_tx_bytesEv @ 0xa3ba90
LOITER: _ZNK7HALSITL10UARTDriver18get_total_rx_bytesEv @ 0xa3bae0
LOITER: _ZNK6AP_HAL10UARTDriver26get_total_dropped_rx_bytesEv @ 0xa3bb30
LOITER: _ZN7HALSITL10UARTDriver17_check_connectionEv @ 0x616ff0
LOITER: _ZN7HALSITL10UARTDriver13_select_checkEi @ 0x617130
LOITER: _ZN10ByteBuffer4readEPhj @ 0x617340
LOITER: _ZN7HALSITL10UARTDriver41handle_writing_from_writebuffer_to_deviceEv @ 0x6173e0
LOITER: _ZN7HALSITL10UARTDriver16_check_reconnectEv @ 0x617790
LOITER: _ZL3MINIjjEDTqultfp_fp0_fp_fp0_ERKT_RKT0_.12221 @ 0x617b90
LOITER: _ZNK4SITL12SerialDevice15write_to_deviceEPKcm @ 0x617c10
LOITER: _ZNK4SITL12SerialDevice18write_to_autopilotEPKcm @ 0x61af70
LOITER: _ZNK4SITL12SerialDevice13is_match_baudEv @ 0x61b030
LOITER: _ZNK4SITL3GPS18write_to_autopilotEPKcm @ 0x61b160
LOITER: _ZNK4SITL3GPS11device_baudEv @ 0x61b380
LOITER: _Z8wrap_180IdET_S0_ @ 0xa3d120
LOITER: _ZNK7Vector2IfEplERKS0_ @ 0xa3d580
LOITER: _Z8wrap_360d @ 0x61e210
LOITER: _ZNK4SITL12SerialDevice19read_from_autopilotEPcm @ 0x61e2b0
LOITER: _Z7is_zerod @ 0xa3f250
LOITER: _ZN7HALSITL10UARTDriver40handle_reading_from_device_to_readbufferEv @ 0x623ba0
LOITER: _ZNK4SITL12SerialDevice16read_from_deviceEPcm @ 0x624030
LOITER: _ZN7HALSITL8AnalogIn13board_voltageEv @ 0xa40760
LOITER: _ZN6AP_HAL8AnalogIn17servorail_voltageEv @ 0xa407b0
LOITER: _ZN6AP_HAL8AnalogIn18power_status_flagsEv @ 0xa40800
LOITER: _ZN7HALSITL9ADCSource7set_pinEh @ 0x624c70
LOITER: _ZN7HALSITL9ADCSource15voltage_averageEv @ 0x624cf0
LOITER: _ZN7HALSITL9ADCSource14voltage_latestEv @ 0x624d40
LOITER: _ZN7HALSITL4GPIO13usb_connectedEv @ 0x6254a0
LOITER: _ZN7HALSITL8RCOutput9enable_chEh @ 0x6258a0
LOITER: _ZN7HALSITL8RCOutput10disable_chEh @ 0x625930
LOITER: _ZN7HALSITL8RCOutput5writeEht @ 0x6259c0
LOITER: _ZN6AP_HAL8RCOutput20update_channel_masksEv @ 0xa411e0
LOITER: _ZN7HALSITL8RCOutput4corkEv @ 0x625af0
LOITER: _ZN7HALSITL8RCOutput4pushEv @ 0x625b80
LOITER: _ZN7HALSITL8RCOutput4readEh @ 0x625cb0
LOITER: _ZN7HALSITL8RCOutput4readEPth @ 0x625d40
LOITER: _ZN6AP_HAL8RCOutput16set_default_rateEt @ 0xa41a80
LOITER: _ZN17AP_ESC_Telem_SITL6updateEv @ 0x626160
LOITER: _ZN7HALSITL7RCInput9new_inputEv @ 0x626aa0
LOITER: _ZN7HALSITL7RCInput12num_channelsEv @ 0x626b00
LOITER: _ZN7HALSITL7RCInput4readEh @ 0x626b60
LOITER: _ZN13AP_RCProtocol4readEh @ 0x626e10
LOITER: _ZN21AP_RCProtocol_Backend4readEh @ 0x626ea0
LOITER: _ZN13AP_RCProtocol12num_channelsEv @ 0x626f00
LOITER: _ZNK21AP_RCProtocol_Backend12num_channelsEv @ 0x626f80
LOITER: _ZN13AP_RCProtocol9new_inputEv @ 0x626fd0
LOITER: _ZN13AP_RCProtocol21detect_async_protocolENS_12rcprotocol_tE @ 0x627190
LOITER: _ZNK13AP_RCProtocol10using_uartEv @ 0xa425b0
LOITER: _ZN17AP_RCProtocol_FDM6updateEv @ 0x627de0
LOITER: _ZN21AP_RCProtocol_Backend9add_inputEhPtbss @ 0x627fc0
LOITER: _ZL3MINIhiEDTqultfp_fp0_fp_fp0_ERKT_RKT0_.18381 @ 0x628120
LOITER: _ZN13AP_RCProtocol19set_failsafe_activeEb @ 0xa42f80
LOITER: _ZN21AP_RCProtocol_Backend6updateEv @ 0xa43090
LOITER: _ZN17AP_RCProtocol_UDP6updateEv @ 0x6281a0
LOITER: _ZN17AP_RCProtocol_UDP21read_all_socket_inputEv @ 0x628400
LOITER: _ZN16SocketAPM_native4recvEPvmj @ 0x6286a0
LOITER: _ZN16SocketAPM_native6pollinEj @ 0x6288d0
LOITER: _ZNK16SocketAPM_native11get_read_fdEv @ 0xa431c0
LOITER: _ZN18AP_RCProtocol_GHST6updateEv @ 0x629140
LOITER: _ZNK7AP_AHRS13get_variancesERfS0_S0_R7Vector3IfES0_ @ 0x62ad90
LOITER: _ZNK7NavEKF312getVariancesERfS0_S0_R7Vector3IfES0_R7Vector2IfE @ 0x62b070
LOITER: _ZNK12NavEKF3_core12getVariancesERfS0_S0_R7Vector3IfES0_R7Vector2IfE @ 0x62b250
LOITER: _ZL3MAXIddEDTqugtfp_fp0_fp_fp0_ERKT_RKT0_.4222 @ 0x62b450
LOITER: _ZNK7Vector2IdE7tofloatEv @ 0xa438f0
LOITER: _ZN3GCS23get_sensor_status_flagsERjS0_S0_ @ 0x62b7c0
LOITER: _ZN3GCS26update_sensor_status_flagsEv @ 0x62b880
LOITER: _ZNK7AP_AHRS11initialisedEv @ 0x62c040
LOITER: _ZNK7AP_Baro13num_instancesEv @ 0xa43950
LOITER: _ZNK6AP_GPS10is_healthyEv @ 0xa439a0
LOITER: _ZNK14AP_BattMonitor13num_instancesEv @ 0xa43a00
LOITER: _ZNK14AP_BattMonitor7healthyEv @ 0x62c170
LOITER: _ZNK14AP_BattMonitor13has_failsafedEv @ 0xa43a50
LOITER: _ZNK17AP_InertialSensor11calibratingEv @ 0x62c260
LOITER: _ZNK9AP_Logger15logging_enabledEv @ 0x62c330
LOITER: _ZNK6AP_GPS15logging_presentEv @ 0xa43ab0
LOITER: _ZNK6AP_GPS15logging_enabledEv @ 0xa43b20
LOITER: _ZNK6AP_GPS14logging_failedEv @ 0x62c400
LOITER: _ZNK7AP_AHRS12get_ekf_typeEv @ 0xa43b90
LOITER: _ZNK8AC_Fence18sys_status_enabledEv @ 0x62c4e0
LOITER: _ZNK8AC_Fence18sys_status_presentEv @ 0x62c580
LOITER: _ZNK8AC_Fence17sys_status_failedEv @ 0x62c5e0
LOITER: _ZNK11AP_Airspeed7enabledEv @ 0xa43bf0
LOITER: _ZN2AP11opticalflowEv @ 0x62c730
LOITER: _ZNK14AP_OpticalFlow7enabledEv @ 0xa43d00
LOITER: _ZNK14AP_OpticalFlow7healthyEv @ 0xa43d70
LOITER: _ZN2AP6armingEv @ 0x62c770
LOITER: _ZNK11RC_Channels22has_ever_seen_rc_inputEv @ 0xa43df0
LOITER: _ZN9AP_Arming13get_singletonEv @ 0x62c7b0
LOITER: _ZNK7AP_EnumIN14AP_OpticalFlow4TypeEEcvKS1_Ev @ 0xa43e50
LOITER: _ZN14AP_OpticalFlow13get_singletonEv @ 0xa43ea0
LOITER: _ZNK11AP_Airspeed7healthyEh @ 0x62c7f0
LOITER: _ZN2AP8airspeedEv @ 0x62c970
LOITER: _ZNK11AP_Airspeed7healthyEv @ 0xa43fc0
LOITER: _ZNK11AP_Airspeed3useEh @ 0x62c9b0
LOITER: _ZN12SRV_Channels17get_output_scaledEN11SRV_Channel8FunctionE @ 0x62cae0
LOITER: _ZNK8AC_Fence12get_breachesEv @ 0xa44020
LOITER: _ZNK7AP_EnumIN8AC_Fence6ActionEEcvKS1_Ev @ 0xa44070
LOITER: _ZNK14AP_BattMonitor7healthyEh @ 0x62cbe0
LOITER: _ZNK6AP_GPS8num_satsEv @ 0xa44280
LOITER: _ZNK8Location14get_bearing_toERKS_ @ 0xa442e0
LOITER: _ZNK8Location11get_bearingERKS_ @ 0x62d880
LOITER: _ZL9rad_to_cdf.1252 @ 0x62d990
LOITER: _ZNK6AP_GPS8num_satsEh @ 0xa44360
LOITER: _ZNK14AP_BattMonitor12current_ampsERfh @ 0x62dad0
LOITER: _ZNK14AP_BattMonitor12consumed_mahERfh @ 0x62dbc0
LOITER: _ZN9AP_Logger14WriteStreamingEPKcS1_S1_z @ 0x62e8e0
LOITER: _ZN22AP_RCProtocol_DroneCAN6updateEv @ 0x62eb40
LOITER: _ZNK16AP_SerialManager11find_serialENS_14SerialProtocolEh @ 0x62ff30
LOITER: _ZNK7AP_Baro12get_pressureEh @ 0xa45fb0
LOITER: _ZNK7AP_Baro15get_temperatureEh @ 0xa46100
LOITER: _ZNK7AP_Baro23get_altitude_differenceEff @ 0x633550
LOITER: _ZNK7AP_Baro26get_altitude_from_pressureEf @ 0x6335f0
LOITER: _ZL33find_atmosphere_layer_by_pressuref @ 0x633850
LOITER: _ZNK7AP_Baro17get_altitude_AMSLEv @ 0xa46170
LOITER: _ZN7AP_Baro29geopotential_alt_to_geometricEf @ 0x633900
LOITER: _ZNK7AP_Baro17get_altitude_AMSLEh @ 0xa461d0
LOITER: _ZN9AP_Notify6updateEv @ 0x633b40
LOITER: _ZN2AP3srvEv @ 0x633ce0
LOITER: _ZN12SRV_Channels4corkEv @ 0x633d20
LOITER: _ZN12SRV_Channels4pushEv @ 0x633d80
LOITER: _ZN16AP_Volz_Protocol6updateEv @ 0x633f30
LOITER: _ZN10AP_SBusOut6updateEv @ 0x634200
LOITER: _ZN15AP_RobotisServo6updateEv @ 0x634380
LOITER: _ZN16AP_FETtecOneWire6updateEv @ 0x6345f0
LOITER: _ZN2AP6kdecanEv @ 0x6348e0
LOITER: _ZN9AP_KDECAN6updateEv @ 0x634920
LOITER: _ZN12SRV_Channels12find_channelEN11SRV_Channel8FunctionERh @ 0x635300
LOITER: _ZN11SRV_Channel8calc_pwmEf @ 0x6353d0
LOITER: _ZNK11SRV_Channel21pwm_from_scaled_valueEf @ 0x6354c0
LOITER: _ZNK11SRV_Channel14pwm_from_angleEf @ 0x635560
LOITER: _ZN9AP_KDECAN13get_singletonEv @ 0xa46f50
LOITER: _ZN16AP_FETtecOneWire4initEv @ 0x637090
LOITER: _ZN16AP_FETtecOneWire9init_uartEv @ 0x638660
LOITER: _ZN12SRV_Channels13get_singletonEv @ 0xa479b0
LOITER: _ZNK10AP_Mission21get_current_nav_indexEv @ 0xa47d40
LOITER: _ZNK6AP_GPS8get_hdopEh @ 0xa48010
LOITER: _ZNK7AP_AHRS11groundspeedEv @ 0xa48110
LOITER: _ZN7AP_Baro14get_climb_rateEv @ 0x63d900
LOITER: _ZN16DerivativeFilterIfLh7EE5slopeEv @ 0xa481b0
LOITER: _ZNK11RangeFinder11get_backendEh @ 0x63db50
LOITER: _Z14float_to_int16f @ 0x63f5b0
LOITER: _ZNK7AP_AHRS11get_yaw_degEv @ 0xa48d30
LOITER: _ZNK7AP_AHRS28get_relative_position_D_homeERf @ 0x63f730
LOITER: _ZNK8Location9get_alt_mENS_8AltFrameERf @ 0x63f8d0
LOITER: _ZNK7AP_AHRS30get_relative_position_D_originERd @ 0x63f980
LOITER: _ZNK7AP_AHRS11_get_originER8Location @ 0x63fac0
LOITER: _ZNK7AP_AHRS11_get_originENS_7EKFTypeER8Location @ 0x63fba0
LOITER: _ZNK7NavEKF312getOriginLLHER8Location @ 0x63fdb0
LOITER: _ZN18AP_RCProtocol_CRSF6updateEv @ 0x6428e0
LOITER: _ZNK7AP_AHRS12get_roll_radEv @ 0xa4a190
LOITER: _ZNK7AP_AHRS13get_pitch_radEv @ 0xa4a1e0
LOITER: _ZN19AP_RCProtocol_SRXL26updateEv @ 0x64c4d0
LOITER: _ZNK14AP_BattMonitor15get_temperatureERfh @ 0x64f5b0
LOITER: _ZN2AP3rtcEv @ 0x64f680
LOITER: _ZNK6AP_RTC12get_utc_usecERm @ 0x64f7a0
LOITER: _ZN6AP_RTC13get_singletonEv @ 0xa4adf0
LOITER: _ZN2AP9esc_telemEv @ 0x64fb00
LOITER: _ZN12AP_ESC_Telem13get_singletonEv @ 0x64ffb0
LOITER: _ZN17AP_RCProtocol_DSM6updateEv @ 0x6534c0
LOITER: _ZN7HALSITL9Scheduler5delayEt @ 0x654db0
LOITER: _ZN7HALSITL9Scheduler18delay_microsecondsEt @ 0x654ea0
LOITER: _ZN6AP_HAL9Scheduler24delay_microseconds_boostEt @ 0xa4b5d0
LOITER: _ZN6AP_HAL9Scheduler9boost_endEv @ 0xa4b6e0
LOITER: _ZNK6AP_HAL9Scheduler17in_delay_callbackEv @ 0xa4b730
LOITER: _ZN7HALSITL9Scheduler21is_system_initializedEv @ 0xa4b790
LOITER: _ZN7HALSITL9Scheduler10stop_clockEm @ 0x655410
LOITER: _ZNK7HALSITL9Scheduler14in_main_threadEv @ 0x6554b0
LOITER: _ZN7HALSITL10SITL_State10wait_clockEm @ 0x655b70
LOITER: _ZNK4SITL8Aircraft11get_speedupEv @ 0xa4b940
LOITER: _ZNK7HALSITL9Scheduler28semaphore_wait_hack_requiredEv @ 0x655d20
LOITER: _ZN7HALSITL10SITL_State15_fdm_input_stepEv @ 0x655da0
LOITER: _ZN7HALSITL10SITL_State16_fdm_input_localEv @ 0x655ef0
LOITER: _ZNK7HALSITL9Scheduler22interrupts_are_blockedEv @ 0xa4b990
LOITER: _ZN7HALSITL9Scheduler17sitl_begin_atomicEv @ 0xa4b9f0
LOITER: _ZN7HALSITL9Scheduler11timer_eventEv @ 0xa4ba50
LOITER: _ZN7HALSITL9Scheduler15sitl_end_atomicEv @ 0x656090
LOITER: _ZN7HALSITL10SITL_State16_update_airspeedEf @ 0x656130
LOITER: _ZN7HALSITL10SITL_State19_update_rangefinderEv @ 0x6564a0
LOITER: _ZNK7HALSITL10SITL_State18_sonar_pin_voltageEv @ 0x656500
LOITER: _ZN7AP_Baro24get_EAS2TAS_for_alt_amslEf @ 0x656670
LOITER: _ZL2sqf.11982 @ 0x6566f0
LOITER: _ZN7AP_Baro28get_air_density_for_alt_amslEf @ 0x656740
LOITER: _ZL3MAXIffEDTqugtfp_fp0_fp_fp0_ERKT_RKT0_.1713 @ 0x656910
LOITER: _ZN7HALSITL9Scheduler16_run_timer_procsEv @ 0x656990
LOITER: _ZN7HALSITL10SITL_State17_simulator_servosER10sitl_input @ 0x656a90
LOITER: _ZN4SITL11JSON_Master7receiveER10sitl_input @ 0x657720
LOITER: _ZN7HALSITL10SITL_State22multicast_servo_updateER10sitl_input @ 0x657bc0
LOITER: _ZN4SITL8Aircraft11update_homeEv @ 0x657ca0
LOITER: _ZN4SITL8Aircraft12update_modelERK10sitl_input @ 0x657e00
LOITER: _ZN4SITL8Aircraft8fill_fdmERNS_8sitl_fdmE @ 0x657ea0
LOITER: _ZN7HALSITL8CANIface14num_interfacesEv @ 0xa4baf0
LOITER: _ZNK4SITL8Aircraft20get_position_relhomeEv @ 0x658a70
LOITER: _ZN4SITL11JSON_Master4sendERKNS_8sitl_fdmERK7Vector3IdE @ 0x658b30
LOITER: _ZN7HALSITL17SITL_State_Common10sim_updateEv @ 0x658dd0
LOITER: _ZN7HALSITL10SITL_State14set_height_aglEv @ 0x659620
LOITER: _ZNK4SITL8Aircraft15get_velocity_efEv @ 0xa4bb80
LOITER: _ZN4SITL3GPS6updateEv @ 0x65a9f0
LOITER: _ZN4SITL12SerialDevice17init_sitl_pointerEv @ 0x65c140
LOITER: _ZN4SITL3GPS24check_backend_allocationEv @ 0x65c1d0
LOITER: _ZN4SITL3GPS16interpolate_dataERKNS_8GPS_DataEj @ 0x65c7e0
LOITER: _ZL3MAXIifEDTqugtfp_fp0_fp_fp0_ERKT_RKT0_.12703 @ 0x65d170
LOITER: _ZNK4SITL11GPS_Backend11device_baudEv @ 0xa4c1a0
LOITER: _ZN4SITL11GPS_Backend11update_readEv @ 0x65d2f0
LOITER: _ZNK4SITL11GPS_Backend18write_to_autopilotEPKcm @ 0x65d640
LOITER: _ZNK4SITL11GPS_Backend19read_from_autopilotEPcm @ 0x65d6c0
LOITER: _ZN4SITL11GPS_Backend8gps_timeEv @ 0x65e160
LOITER: _ZNK7Vector2IdE6lengthEv @ 0xa4c3c0
LOITER: _ZN4SITL11GPS_Backend18simulation_timevalEP7timeval @ 0x65ea90
LOITER: _ZN4SITL9GPS_UBlox7publishEPKNS_8GPS_DataE @ 0x661960
LOITER: _Z4normIddJdEEdT_T0_DpKT1_ @ 0xa4ca60
LOITER: _ZL7degreesf.12791 @ 0x662430
LOITER: _ZN4SITL9GPS_UBlox8send_ubxEhPht @ 0x662960
LOITER: _ZL3MAXIiiEDTqugtfp_fp0_fp_fp0_ERKT_RKT0_.12792 @ 0x662b30
LOITER: _ZNK7Vector3IfE6is_nanEv @ 0xa4cae0
LOITER: _ZN7Matrix3IfE6rotateERK7Vector3IfE @ 0xa4cbb0
LOITER: _ZN7Matrix3IfEpLERKS0_ @ 0xa4cdd0
LOITER: _ZNK7Matrix3IfEplERKS0_ @ 0xa4ce60
LOITER: _Z2sqIdJddEEdT_DpKT0_ @ 0xa4cf80
LOITER: _ZNK11QuaternionTIfE8to_eulerERfS1_S1_ @ 0xa4d020
LOITER: _ZNK11QuaternionTIfE13get_euler_yawEv @ 0xa4d130
LOITER: _ZNK7Vector3IdEplERKS0_ @ 0xa4db30
LOITER: _ZN7Vector3IdEpLERKS0_ @ 0xa4dbd0
LOITER: _ZN7Matrix3IdEC2Ev @ 0xa4dc70
LOITER: _ZN7Matrix3IdE10from_eulerEddd @ 0xa4dcf0
LOITER: _ZNK7Matrix3IdEmlERK7Vector3IdE @ 0xa4deb0
LOITER: _ZNK7Vector3IdEmiERKS0_ @ 0xa4e6a0
LOITER: _Z11wrap_360_cdf @ 0x66c650
LOITER: _ZNK7Vector3IdE6lengthEv @ 0xa4e800
LOITER: _ZN7Vector3IdE4zeroEv @ 0xa4e860
LOITER: _ZNK7Vector3IdEmlEd @ 0xa4e8c0
LOITER: _ZNK7Matrix3IfE10transposedEv @ 0xa4ea90
LOITER: _ZN7Matrix3IfE9normalizeEv @ 0xa4ec60
LOITER: _ZNK8Location22get_distance_NE_doubleERKS_ @ 0x66fc00
LOITER: _ZN7Vector3IdE2xyEv @ 0xa4ef30
LOITER: _ZN7Vector2IdEpLERKS0_ @ 0xa4ef80
LOITER: _ZL7degreesf.14500 @ 0x670b50
LOITER: _ZNK7Matrix3IfE8to_eulerEPfS1_S1_ @ 0xa4f000
LOITER: _ZNK7AP_EnumI8RotationEcvKS0_Ev @ 0xa4f120
LOITER: _ZNK8HAL_SITL32get_uart_output_full_queue_countEv @ 0x670c20
LOITER: _ZNK4SITL8Aircraft16get_wall_time_usEv @ 0x670d60
LOITER: _ZNK7Vector3IdEdvEd @ 0xa4f300
LOITER: _ZN4SITL8Aircraft12time_advanceEv @ 0x670de0
LOITER: _ZN4SITL8Aircraft15sync_frame_timeEv @ 0x670e80
LOITER: _ZN9AP_Logger14WriteStreamingEPKcS1_S1_S1_S1_z @ 0x671180
LOITER: _ZL3MAXI9AP_ParamTIfL11ap_var_type4EEdEDTqugtfp_fp0_fp_fp0_ERKT_RKT0_.11827 @ 0x6714f0
LOITER: _Z21calc_lowpass_alpha_dtff @ 0x671590
LOITER: _ZL3MAXIfiEDTqugtfp_fp0_fp_fp0_ERKT_RKT0_.11828 @ 0x6716c0
LOITER: _ZNK4SITL16FETtecOneWireESC7enabledEv @ 0xa4f6c0
LOITER: _ZNK4SITL4Volz7enabledEv @ 0xa4f730
LOITER: _ZN7HALSITL17SITL_State_Common22update_voltage_currentER10sitl_inputf @ 0x671990
LOITER: _ZN8AP_Param18eeprom_write_checkEPKvth @ 0x6743c0
LOITER: _ZNK4SITL8Aircraft22rangefinder_beam_widthEv @ 0xa51630
LOITER: _ZNK4SITL8Aircraft45perpendicular_distance_to_rangefinder_surfaceEv @ 0x6750e0
LOITER: _ZN4SITL8Aircraft23update_external_payloadERK10sitl_input @ 0x676c00
LOITER: _ZN4SITL8Aircraft15update_positionEv @ 0x677090
LOITER: _ZN4SITL8Aircraft19update_mag_field_bfEv @ 0x6776b0
LOITER: _ZN7Vector2IdEmIERKS0_ @ 0xa51680
LOITER: _ZNK4SITL7Sprayer10is_enabledEv @ 0xa51710
LOITER: _ZN4SITL3I2C6updateERKNS_8AircraftE @ 0x678480
LOITER: _ZNK4SITL6Buzzer10is_enabledEv @ 0xa517c0
LOITER: _ZNK4SITL13Gripper_Servo10is_enabledEv @ 0xa51820
LOITER: _ZNK4SITL11Gripper_EPM10is_enabledEv @ 0xa518e0
LOITER: _ZNK4SITL9Parachute10is_enabledEv @ 0xa51990
LOITER: _ZNK4SITL12SIM_Precland10is_enabledEv @ 0xa519f0
LOITER: _ZN4SITL7ShipSim6updateEv @ 0x679450
LOITER: _ZNK7Vector3IdE14length_squaredEv @ 0xa53aa0
LOITER: _ZNK7Vector3IdEmlERKS0_ @ 0xa53c10
LOITER: _ZNK7AP_AHRS11get_EAS2TASEv @ 0x67f4b0
LOITER: _ZNK7Vector3IdE7is_zeroEv @ 0xa53dc0
LOITER: _ZN7Vector3IfE2xyEv @ 0xa53e70
LOITER: _ZN7Vector2IfE4zeroEv @ 0xa53ec0
LOITER: _ZN7Vector3IfEmIERKS0_ @ 0xa53f20
LOITER: _ZNK9AP_ParamTIfL11ap_var_type4EEplERKS1_ @ 0xa541d0
LOITER: _ZN13LowPassFilterIfE5applyERKfS2_ @ 0xa54960
LOITER: _Z11is_positived @ 0xa55070
LOITER: _ZN7Vector3IfE9normalizeEv @ 0xa55850
LOITER: _ZN7Vector3IdEmIERKS0_ @ 0xa5fad0
LOITER: _ZL7radiansd.14806 @ 0x6a3b10
LOITER: _ZN4SITL8SimRover6updateERK10sitl_input @ 0x6a7200
LOITER: _ZN4SITL8SimRover24update_ackermann_or_skidERK10sitl_inputf @ 0x6a7920
LOITER: _ZL7radiansf.13800 @ 0x6a7d60
LOITER: _ZN4SITL8SimRover13calc_yaw_rateEff @ 0x6a7dc0
LOITER: _ZNK4SITL8SimRover11turn_circleEf @ 0x6a7f80
LOITER: _ZN7HALSITL7Storage10read_blockEPvtm @ 0x6b63f0
LOITER: _ZN7HALSITL7Storage11write_blockEtPKvm @ 0x6b64c0
LOITER: _ZN7HALSITL7Storage11_timer_tickEv @ 0x6b65e0
LOITER: _ZNK7BitmaskILt2048EE5emptyEv @ 0xa61240
LOITER: _ZNK7BitmaskILt2048EE3getEt @ 0xa612e0
LOITER: _ZN10AP_RAMTRON5writeEjPKhj @ 0x6b6950
LOITER: _ZN7BitmaskILt2048EE5clearEt @ 0xa613b0
LOITER: _ZNK8HAL_SITL25get_storage_posix_enabledEv @ 0xa61470
LOITER: _ZNK7BitmaskILt2048EE8validateEt @ 0xa61530
LOITER: _ZNK10AP_RAMTRON8get_sizeEv @ 0xa615c0
LOITER: _ZN7HALSITL7Storage13_storage_openEv @ 0x6b6fd0
LOITER: _ZN7HALSITL7Storage11_mark_dirtyEtt @ 0x6b72e0
LOITER: _ZN7BitmaskILt2048EE3setEt @ 0xa61660
LOITER: _ZN8AP_Param9save_syncEbb @ 0x6bda50
LOITER: _ZN6AP_DAL9end_frameEv @ 0x6c3710
LOITER: _ZN6AP_DAL15WriteLogMessageE11LogMessagesPvPKvh @ 0x6c3790
LOITER: _ZN9AP_Logger16WriteReplayBlockEhPKvt @ 0x6c38b0
LOITER: _ZNK9AP_Logger10log_replayEv @ 0xa62dc0
LOITER: _ZNK7NavEKF317option_is_enabledENS_6OptionE @ 0xa62e20
LOITER: _ZNK6AP_DAL6millisEv @ 0xa62ea0
LOITER: _ZNK12NavEKF3_core10errorScoreEv @ 0x6c3f10
LOITER: _ZNK12NavEKF3_core16have_aligned_yawEv @ 0xa62ef0
LOITER: _ZNK12NavEKF3_core17have_aligned_tiltEv @ 0xa62f50
LOITER: _ZNK12NavEKF3_core14getEulerAnglesER7Vector3IfE @ 0x6c4860
LOITER: _ZNK11QuaternionTIdE8to_eulerER7Vector3IfE @ 0xa63040
LOITER: _ZNK6AP_DAL8get_trimEv @ 0xa630c0
LOITER: _ZNK11QuaternionTIdE8to_eulerERfS1_S1_ @ 0xa63120
LOITER: _ZNK11QuaternionTIdE14get_euler_rollEv @ 0xa631e0
LOITER: _ZNK11QuaternionTIdE15get_euler_pitchEv @ 0xa63290
LOITER: _ZNK11QuaternionTIdE13get_euler_yawEv @ 0xa63310
LOITER: _Z9safe_asinIdEfT_ @ 0xa633c0
LOITER: _ZL3MAXIfdEDTqugtfp_fp0_fp_fp0_ERKT_RKT0_.4176 @ 0x6c4920
LOITER: _ZNK12NavEKF3_core20assume_zero_sideslipEv @ 0x6c49c0
LOITER: _ZN6AP_DAL8airspeedEv @ 0xa634a0
LOITER: _ZNK6AP_DAL15get_fly_forwardEv @ 0xa63540
LOITER: _ZNK6AP_DAL17get_vehicle_classEv @ 0xa635b0
LOITER: _ZN19RestrictIDTypeArrayIP17CompassCalibratorLj3E14typesafe_indexIh12TAG_PriorityEEixERKS4_ @ 0xa636c0
LOITER: _ZNK9AP_Logger10should_logEj @ 0x6ce910
LOITER: _ZNK6AP_GPS9time_weekEh @ 0xa64140
LOITER: _ZNK6AP_GPS12time_week_msEh @ 0xa641b0
LOITER: _ZN3GCS12send_messageE10ap_message @ 0x6cf1b0
LOITER: _ZNK6AP_GPS15time_epoch_usecEh @ 0x6cf260
LOITER: _ZNK14AP_GPS_Backend16get_last_itow_msEv @ 0x6cf3d0
LOITER: _ZN6AP_GPS23istate_time_to_epoch_msEtj @ 0x6cf490
LOITER: _ZN10AC_Sprayer3runEb @ 0x6cf9a0
LOITER: _ZNK7Vector2IfE6is_nanEv @ 0xa650b0
LOITER: _ZNK10AP_Gripper7enabledEv @ 0xa65c60
LOITER: _ZN10AP_Vehicle13update_armingEv @ 0x6dddb0
LOITER: _ZN7FunctorIvJEE14method_wrapperI10AP_VehicleXadL_ZNS2_13update_armingEvEEEEvPv @ 0xa66ce0
LOITER: _ZN9AP_Arming6updateEv @ 0x6dde00
LOITER: _ZN8AP_Stats6updateEv @ 0x6ddef0
LOITER: _ZN7FunctorIvJEE14method_wrapperI8AP_StatsXadL_ZNS2_6updateEvEEEEvPv @ 0xa66d90
LOITER: _ZN8AP_Stats17update_flighttimeEv @ 0x6de0a0
LOITER: _ZN8AP_Stats14update_runtimeEv @ 0x6de170
LOITER: _ZN8AP_Stats5flushEv @ 0x6de210
LOITER: _ZN13AP_ParamTBaseIiL11ap_var_type3EE22set_and_save_ifchangedERKi @ 0xa66e40
LOITER: _ZN10AP_Filters6updateEv @ 0x6de390
LOITER: _ZN7FunctorIvJEE14method_wrapperI10AP_FiltersXadL_ZNS2_6updateEvEEEEvPv @ 0xa66ed0
LOITER: _ZN10AP_Vehicle17check_motor_noiseEv @ 0x6df4d0
LOITER: _ZN7FunctorIvJEE14method_wrapperI10AP_VehicleXadL_ZNS2_17check_motor_noiseEvEEEEvPv @ 0xa67780
LOITER: _ZNK10AP_GyroFFT15check_esc_noiseEv @ 0xa67830
LOITER: _ZNK17NotchFilterParams7enabledEv @ 0xa67a60
LOITER: _ZN10AP_Vehicle13one_Hz_updateEv @ 0x6dfbb0
LOITER: _ZN7FunctorIvJEE14method_wrapperI10AP_VehicleXadL_ZNS2_13one_Hz_updateEvEEEEvPv @ 0xa67ab0
LOITER: _ZN12AP_Scripting6updateEv @ 0x6dfc90
LOITER: _ZN16AP_SerialManager20registered_ports_logEv @ 0x6dfce0
LOITER: _ZN12AP_Scripting13save_checksumEv @ 0x6dfdc0
LOITER: _ZN10AP_Gripper6updateEv @ 0x6dfec0
LOITER: _ZN7FunctorIvJEE14method_wrapperI10AP_GripperXadL_ZNS2_6updateEvEEEEvPv @ 0xa67bf0
LOITER: _ZN6AP_EFI6updateEv @ 0x6e0030
LOITER: _ZN7FunctorIvJEE14method_wrapperI6AP_EFIXadL_ZNS2_6updateEvEEEEvPv @ 0xa67ca0
LOITER: _ZN6AP_AIS6updateEv @ 0x6e04b0
LOITER: _ZN7FunctorIvJEE14method_wrapperI6AP_AISXadL_ZNS2_6updateEvEEEEvPv @ 0xa67d50
LOITER: _ZNK6AP_AIS7enabledEv @ 0x6e0d10
LOITER: _ZN2AP10oadatabaseEv @ 0x6e35d0
LOITER: _ZNK13AP_OADatabase7healthyEv @ 0xa67f10
LOITER: _ZN13AP_OADatabase13get_singletonEv @ 0xa681a0
LOITER: _ZN8AC_Fence6updateEv @ 0x6e4310
LOITER: _ZN7FunctorIvJEE14method_wrapperI8AC_FenceXadL_ZNS2_6updateEvEEEEvPv @ 0xa681e0
LOITER: _ZN19AC_PolyFence_loader6updateEv @ 0x6e4440
LOITER: _ZN19AC_PolyFence_loader17load_from_storageEv @ 0x6e4530
LOITER: _ZN10AP_Vehicle16accel_cal_updateEv @ 0x6e5990
LOITER: _ZN7FunctorIvJEE14method_wrapperI10AP_VehicleXadL_ZNS2_16accel_cal_updateEvEEEEvPv @ 0xa683c0
LOITER: _ZN20AP_TemperatureSensor6updateEv @ 0x6e7130
LOITER: _ZN7FunctorIvJEE14method_wrapperI20AP_TemperatureSensorXadL_ZNS2_6updateEvEEEEvPv @ 0xa684c0
LOITER: _ZN10AP_Vehicle16publish_osd_infoEv @ 0x6e73f0
LOITER: _ZN7FunctorIvJEE14method_wrapperI10AP_VehicleXadL_ZNS2_16publish_osd_infoEvEEEEvPv @ 0xa68610
LOITER: _ZN6AP_OSD12set_nav_infoERNS_7NavInfoE @ 0x6e7510
LOITER: _ZN6AP_RPM6updateEv @ 0x6e7580
LOITER: _ZN7FunctorIvJEE14method_wrapperI6AP_RPMXadL_ZNS2_6updateEvEEEEvPv @ 0xa686c0
LOITER: _ZNK6AP_RPM7Log_RPMEv @ 0x6e7760
LOITER: _ZNK6AP_RPM7enabledEh @ 0x6e7880
LOITER: _ZN14AP_OpenDroneID6updateEv @ 0x6e7930
LOITER: _ZN7FunctorIvJEE14method_wrapperI14AP_OpenDroneIDXadL_ZNS2_6updateEvEEEEvPv @ 0xa687e0
LOITER: _ZNK6AP_GPS8velocityEv @ 0xa6a080
LOITER: _ZNK7AP_AHRS18groundspeed_vectorEv @ 0xa6a160
LOITER: _ZNK6AP_GPS14speed_accuracyEhRf @ 0x6ec620
LOITER: _ZNK6AP_GPS17vertical_accuracyEhRf @ 0x6ec6f0
LOITER: _ZNK6AP_GPS19horizontal_accuracyEhRf @ 0x6ec7c0
LOITER: _ZNK6AP_GPS14get_undulationEhRf @ 0x6ec890
LOITER: _ZNK6AP_GPS8velocityEh @ 0xa6a3c0
LOITER: _ZN12AP_Generator6updateEv @ 0x6ec960
LOITER: _ZN7FunctorIvJEE14method_wrapperI12AP_GeneratorXadL_ZNS2_6updateEvEEEEvPv @ 0xa6a490
LOITER: _ZN14AP_Servo_Telem6updateEv @ 0x6ec9d0
LOITER: _ZN7FunctorIvJEE14method_wrapperI14AP_Servo_TelemXadL_ZNS2_6updateEvEEEEvPv @ 0xa6a540
LOITER: _ZN14AP_Servo_Telem9write_logEv @ 0x6eca20
LOITER: _ZN12AP_ESC_Telem6updateEv @ 0x6eced0
LOITER: _ZN7FunctorIvJEE14method_wrapperI12AP_ESC_TelemXadL_ZNS2_6updateEvEEEEvPv @ 0xa6a5f0
LOITER: _ZN6AP_HAL15timeout_expiredIjjmEEbT_T0_T1_ @ 0xa6a6a0
LOITER: _ZN10AP_Vehicle30send_watchdog_reset_statustextEv @ 0x6ed3e0
LOITER: _ZN7FunctorIvJEE14method_wrapperI10AP_VehicleXadL_ZNS2_30send_watchdog_reset_statustextEvEEEEvPv @ 0xa6a720
LOITER: _ZN8AP_Tramp6updateEv @ 0x6ed540
LOITER: _ZN7FunctorIvJEE14method_wrapperI8AP_TrampXadL_ZNS2_6updateEvEEEEvPv @ 0xa6a7d0
LOITER: _ZN10AP_VideoTX6updateEv @ 0x6ee520
LOITER: _ZN7FunctorIvJEE14method_wrapperI10AP_VideoTXXadL_ZNS2_6updateEvEEEEvPv @ 0xa6aa00
LOITER: _ZN10AP_Vehicle38update_dynamic_notch_at_specified_rateEv @ 0x6ee750
LOITER: _ZN7FunctorIvJEE14method_wrapperI10AP_VehicleXadL_ZNS2_38update_dynamic_notch_at_specified_rateEvEEEEvPv @ 0xa6aab0
LOITER: _ZNK25HarmonicNotchFilterParams9hasOptionENS_7OptionsE @ 0xa6ab60
LOITER: _ZN10AP_Vehicle20update_dynamic_notchERN17AP_InertialSensor13HarmonicNotchE @ 0x6ee8a0
LOITER: _ZN10AP_GyroFFT17update_parametersEv @ 0xa6af00
LOITER: _ZN7FunctorIvJEE14method_wrapperI10AP_GyroFFTXadL_ZNS2_17update_parametersEvEEEEvPv @ 0xa6af50
LOITER: _ZN10AP_GyroFFT17update_parametersEb @ 0x6ef810
LOITER: _ZN10AP_GyroFFT6updateEv @ 0x6efbb0
LOITER: _ZN7FunctorIvJEE14method_wrapperI10AP_GyroFFTXadL_ZNS2_6updateEvEEEEvPv @ 0xa6b000
LOITER: _ZN14AP_NMEA_Output6updateEv @ 0x6efd40
LOITER: _ZN7FunctorIvJEE14method_wrapperI14AP_NMEA_OutputXadL_ZNS2_6updateEvEEEEvPv @ 0xa6b0b0
LOITER: _ZN7FunctorIvJEE14method_wrapperI9AP_NotifyXadL_ZNS2_6updateEvEEEEvPv @ 0xa6b160
LOITER: _ZN7Compass10cal_updateEv @ 0x6f0db0
LOITER: _ZN7FunctorIvJEE14method_wrapperI7CompassXadL_ZNS2_10cal_updateEvEEEEvPv @ 0xa6b210
LOITER: _ZN11AP_Airspeed6updateEv @ 0x6f1900
LOITER: _ZN7FunctorIvJEE14method_wrapperI11AP_AirspeedXadL_ZNS2_6updateEvEEEEvPv @ 0xa6b320
LOITER: _ZNK11AP_Airspeed11get_primaryEv @ 0xa6b4b0
LOITER: _ZN10AP_GyroFFT12sample_gyrosEv @ 0x6f3bb0
LOITER: _ZN7FunctorIvJEE14method_wrapperI10AP_GyroFFTXadL_ZNS2_12sample_gyrosEvEEEEvPv @ 0xa6b500
LOITER: _ZN10AP_Vehicle4loopEv @ 0x6f4430
LOITER: _ZN12AP_Scheduler4loopEv @ 0x6f46d0
LOITER: _ZN12AP_Scheduler17get_loop_period_sEv @ 0xa6e3e0
LOITER: _ZN17AP_InertialSensor15wait_for_sampleEv @ 0x6f4c70
LOITER: _ZN12AP_Scheduler4tickEv @ 0x6f51b0
LOITER: _ZN12AP_Scheduler3runEj @ 0x6f5210
LOITER: _ZN2AP8PerfInfo15check_loop_timeEj @ 0x6f57c0
LOITER: _ZL15fill_nanf_stackv @ 0x6f5950
LOITER: _ZN2AP8PerfInfo16update_task_infoEhtb @ 0x6f59a0
LOITER: _ZNK7AP_AHRS24_get_primary_accel_indexEv @ 0x6fc370
LOITER: _ZNK7AP_AHRS22_get_primary_IMU_indexEv @ 0x6fc3c0
LOITER: _ZNK7NavEKF322getPrimaryCoreIMUIndexEv @ 0x6fc520
LOITER: _ZNK17AP_InertialSensor21get_first_usable_gyroEv @ 0xa6e850
LOITER: _ZNK12NavEKF3_core11getIMUIndexEv @ 0xa6e8a0
LOITER: _ZNK14AP_BattMonitor17has_cell_voltagesEh @ 0x6fc650
LOITER: _ZN2AP3EFIEv @ 0x6fcea0
LOITER: _ZN6AP_EFI13get_singletonEv @ 0xa6f230
LOITER: _ZN7FunctorIvJEE14method_wrapperI10AP_VehicleXadL_ZNS2_18fence_checks_asyncEvEEEEvPv @ 0xa6fbd0
LOITER: _ZN13AP_Filesystem5writeEiPKvj @ 0x6fdb10
LOITER: _ZL3MAXIjjEDTqugtfp_fp0_fp_fp0_ERKT_RKT0_.4125 @ 0x70c160
LOITER: _ZN15ekf_ring_buffer4pushEPKv @ 0x70c1e0
LOITER: _ZNK15ekf_ring_buffer10get_offsetEh @ 0x70c2e0
LOITER: _ZL7radiansf.4130 @ 0x70d680
LOITER: _ZN11QuaternionTIdEC2Edddd @ 0xa74a00
LOITER: _ZN11QuaternionTIfEmLERKS0_ @ 0xa74ab0
LOITER: _ZN2AP5statsEv @ 0x70fde0
LOITER: _ZN8AP_Stats13get_singletonEv @ 0xa759a0
LOITER: _ZNK7AP_AHRS8get_gyroEv @ 0xa78420
LOITER: _ZNK7AP_AHRS17airspeed_estimateERf @ 0x73b660
LOITER: _ZNK17AP_InertialSensor20get_vibration_levelsEv @ 0xa784e0
LOITER: _ZNK17AP_InertialSensor20get_vibration_levelsEh @ 0x73b760
LOITER: _ZNK10DigitalLPFI7Vector3IfEE3getEv @ 0xa78560
LOITER: _ZNK11QuaternionTIdE7is_zeroEv @ 0xa78610
LOITER: _ZN12NavEKF3_core18getEarthFieldTableERK8Location @ 0x73ce30
LOITER: _ZN14AP_Declination15get_declinationEff @ 0x73cf30
LOITER: _ZNK12NavEKF3_core14MagDeclinationEv @ 0x73cfc0
LOITER: _ZN12NavEKF3_core8zeroRowsERA24_A24_dhh @ 0x73d0a0
LOITER: _ZN12NavEKF3_core8zeroColsERA24_A24_dhh @ 0x73d160
LOITER: _ZN18NavEKF_core_common10zero_rangeEPdhh @ 0xa787b0
LOITER: _ZN12NavEKF3_core13ForceSymmetryEv @ 0x73e280
LOITER: _ZN12NavEKF3_core18ConstrainVariancesEv @ 0x73e3d0
LOITER: _ZN11QuaternionTIdE9normalizeEv @ 0xa78840
LOITER: _ZNK11QuaternionTIdE6lengthEv @ 0xa78920
LOITER: _Z20constrain_value_lineIdET_S0_S0_S0_j @ 0xa789e0
LOITER: _Z2sqI9AP_ParamTIfL11ap_var_type4EEEdT_ @ 0xa78b00
LOITER: _ZNK9AP_ParamTIfL11ap_var_type4EEcvdEv @ 0xa78b60
LOITER: _ZL7radiansf.4333 @ 0x73ee40
LOITER: _ZL2sqf.4255 @ 0x73f960
LOITER: _ZNK8Location21get_distance_NE_ftypeERKS_ @ 0x73fab0
LOITER: _ZN16EKF_IMU_buffer_tIN12NavEKF3_core15output_elementsEEixEj @ 0xa78c80
LOITER: _ZNK14ekf_imu_buffer3getEh @ 0x73fd60
LOITER: _ZNK14ekf_imu_buffer10get_offsetEh @ 0x73fdc0
LOITER: _ZNK14AP_BattMonitor11consumed_whERfh @ 0x741960
LOITER: _ZNK6AP_GPS8get_vdopEh @ 0xa78de0
LOITER: _ZNK6AP_GPS16last_fix_time_msEh @ 0xa78e50
LOITER: _ZNK6AP_GPS20last_message_time_msEh @ 0xa78ec0
LOITER: _ZNK6AP_GPS22have_vertical_velocityEh @ 0xa78f30
LOITER: _ZNK6AP_GPS18get_antenna_offsetEh @ 0x743ad0
LOITER: _ZNK14AP_GPS_Blended18get_antenna_offsetEv @ 0xa78fb0
LOITER: _ZNK6AP_GPS11gps_yaw_degEhRfS0_Rj @ 0x743ba0
LOITER: _ZNK6AP_GPS11is_rtk_baseEh @ 0x743d90
LOITER: _ZNK6AP_GPS12have_gps_yawEh @ 0xa79000
LOITER: _ZNK12AP_Proximity10get_statusEv @ 0x744ad0
LOITER: _ZNK12AP_Proximity11num_sensorsEv @ 0xa790a0
LOITER: _ZNK11RangeFinder11num_sensorsEv @ 0xa790f0
LOITER: _ZNK10AP_Vehicle18get_time_flying_msEv @ 0xa795b0
LOITER: _ZN12SRV_Channels23get_output_channel_maskEN11SRV_Channel8FunctionE @ 0x74b8f0
LOITER: _ZN11SRV_Channel9output_chEv @ 0x74c710
LOITER: _ZN11SRV_Channel12set_overrideEb @ 0xa797b0
LOITER: _ZN12SRV_Channels17set_output_scaledEN11SRV_Channel8FunctionEf @ 0x74d030
LOITER: _ZNK10AP_Mission5stateEv @ 0xa79b70
LOITER: _ZN19AP_ServoRelayEvents13update_eventsEv @ 0x756040
LOITER: _ZNK9AP_Follow11have_targetEv @ 0x75a5e0
LOITER: _ZN9AP_Follow13get_singletonEv @ 0xa7a950
LOITER: _ZN18AR_AttitudeControl21get_steering_rate_pidEv @ 0xa7a9e0
LOITER: _ZNK6AC_PID12get_pid_infoEv @ 0xa7aa30
LOITER: _ZN12AP_Scripting19is_handling_commandEt @ 0x75ef60
LOITER: _ZNK7Vector3IfE6is_infEv @ 0xa7b410
LOITER: _ZN7Vector2IfE9normalizeEv @ 0xa7b740
LOITER: _ZN7Vector2IfEdVEf @ 0xa7b7a0
LOITER: _ZNK7Vector2IfE6is_infEv @ 0xa7b820
LOITER: _ZL3MAXIjjEDTqugtfp_fp0_fp_fp0_ERKT_RKT0_.5595 @ 0x791640
LOITER: _ZN9AP_Logger19file_content_updateEv @ 0x791840
LOITER: _ZN9AP_Logger19file_content_updateERNS_11FileContentE @ 0x7919a0
LOITER: _ZN9AP_Logger24WriteBlock_first_succeedEPKvt @ 0x791db0
LOITER: _ZN17AP_Logger_Backend14periodic_tasksEv @ 0x794200
LOITER: _ZNK17AP_Logger_Backend13StartNewLogOKEv @ 0x7945f0
LOITER: _ZN17AP_Logger_Backend24WriteMoreStartupMessagesEv @ 0x7946d0
LOITER: _ZNK17AP_Logger_Backend15logging_enabledEv @ 0x7966f0
LOITER: _ZN17AP_Logger_Backend13periodic_10HzEj @ 0x796820
LOITER: _ZN17AP_Logger_Backend12periodic_1HzEv @ 0x796870
LOITER: _ZN17AP_Logger_Backend15push_log_blocksEv @ 0x796900
LOITER: _ZN17AP_Logger_Backend12df_stats_logEv @ 0x796960
LOITER: _ZN17AP_Logger_Backend26Write_AP_Logger_Stats_FileERKNS_8df_statsE @ 0x7969d0
LOITER: _ZN17AP_Logger_Backend14df_stats_clearEv @ 0x796ae0
LOITER: _ZNK17AP_Logger_Backend31critical_message_reserved_spaceEj @ 0xa7d8f0
LOITER: _ZN17AP_Logger_Backend15df_stats_gatherEtj @ 0x798fb0
LOITER: _ZNK14AP_Logger_File15logging_startedEv @ 0xa7dd80
LOITER: _ZN14AP_Logger_File21bufferspace_availableEv @ 0x79bcb0
LOITER: _ZNK14AP_Logger_File14logging_failedEv @ 0x79c2c0
LOITER: _ZN14AP_Logger_File8io_timerEv @ 0x79c380
LOITER: _ZN14AP_Logger_File12periodic_1HzEv @ 0x79c950
LOITER: _ZN14AP_Logger_File17periodic_fullrateEv @ 0x79cc00
LOITER: _ZNK14AP_Logger_File8WritesOKEv @ 0x79cc50
LOITER: _ZNK14AP_Logger_File13StartNewLogOKEv @ 0x79cce0
LOITER: _ZN14AP_Logger_File22_WritePrioritisedBlockEPKvtb @ 0x79ce90
LOITER: _ZN7AP_AHRS6updateEb @ 0x79d100
LOITER: _ZN7AP_AHRS18update_orientationEv @ 0x79d440
LOITER: _ZN17AP_InertialSensor6updateEv @ 0x79d540
LOITER: _ZN7AP_AHRS29update_trim_rotation_matricesEv @ 0x79dbb0
LOITER: _ZN7AP_AHRS10update_DCMEv @ 0x79dcc0
LOITER: _ZN7AP_AHRS12update_flagsEv @ 0x79dd60
LOITER: _ZN7AP_AHRS11update_SITLEv @ 0x79de20
LOITER: _ZN7AP_AHRS15update_externalEv @ 0x79ded0
LOITER: _ZN7AP_AHRS11update_EKF2Ev @ 0x79dff0
LOITER: _ZN7AP_AHRS11update_EKF3Ev @ 0x79e4e0
LOITER: _ZNK7AP_AHRS14get_gyro_driftEv @ 0xa7dde0
LOITER: _ZN7AP_AHRS14update_AOA_SSAEv @ 0x79ecd0
LOITER: _ZNK7AP_AHRS16_active_EKF_typeEv @ 0x79ed20
LOITER: _ZN7AP_AHRS12update_stateEv @ 0x79f250
LOITER: _ZNK7AP_AHRS23_get_primary_gyro_indexEv @ 0x79f4f0
LOITER: _ZNK7AP_AHRS23_get_primary_core_indexEv @ 0x79f5a0
LOITER: _ZNK7AP_AHRS14_wind_estimateER7Vector3IfE @ 0x79f670
LOITER: _ZN15AP_AHRS_Backend11get_EAS2TASEv @ 0x79f7a0
LOITER: _ZNK7AP_AHRS13_airspeed_EASERfRNS_20AirspeedEstimateTypeE @ 0x79f7e0
LOITER: _ZNK7AP_AHRS13_airspeed_TASERf @ 0x79fd60
LOITER: _ZNK7AP_AHRS13_airspeed_TASER7Vector3IfE @ 0x79fe70
LOITER: _ZNK7AP_AHRS15_get_quaternionER11QuaternionTIfE @ 0x79ff50
LOITER: _ZNK7AP_AHRS23_get_secondary_attitudeER7Vector3IfE @ 0x7a0110
LOITER: _ZNK7AP_AHRS25_get_secondary_quaternionER11QuaternionTIfE @ 0x7a0310
LOITER: _ZNK7AP_AHRS13_get_locationER8Location @ 0x7a04c0
LOITER: _ZNK7AP_AHRS23_get_secondary_positionER8Location @ 0x7a0640
LOITER: _ZN7AP_AHRS19_groundspeed_vectorEv @ 0x7a0790
LOITER: _ZN7AP_AHRS12_groundspeedEv @ 0x7a08c0
LOITER: _ZNK7AP_AHRS29_getCorrectedDeltaVelocityNEDER7Vector3IfERf @ 0x7a0990
LOITER: _ZNK7AP_AHRS17_get_velocity_NEDER7Vector3IfE @ 0x7a0c20
LOITER: _ZNK7NavEKF39getVelNEDER7Vector3IfE @ 0x7a0de0
LOITER: _ZNK12NavEKF3_core9getVelNEDER7Vector3IfE @ 0x7a1110
LOITER: _ZNK7NavEKF312getAccelBiasEaR7Vector3IfE @ 0x7a1300
LOITER: _ZNK17AP_InertialSensor18get_delta_velocityEhR7Vector3IfERf @ 0x7a13d0
LOITER: _ZNK7AP_AHRS43get_rotation_autopilot_body_to_vehicle_bodyEv @ 0xa7ded0
LOITER: _ZNK17AP_InertialSensor14get_delta_timeEv @ 0xa7df20
LOITER: _ZL3MINIffEDTqultfp_fp0_fp_fp0_ERKT_RKT0_.3149 @ 0x7a1580
LOITER: _ZL3MINIffEDTqultfp_fp0_fp_fp0_ERKT_RKT0_.1609 @ 0x7a1610
LOITER: _ZNK12NavEKF3_core12getAccelBiasER7Vector3IfE @ 0x7a16a0
LOITER: _ZL7radiansf.1596 @ 0x7a1d90
LOITER: _ZNK7AP_AHRS23_get_secondary_EKF_typeERNS_7EKFTypeE @ 0x7a1de0
LOITER: _ZNK7NavEKF36getLLHER8Location @ 0x7a1fd0
LOITER: _ZNK12NavEKF3_core6getLLHER8Location @ 0x7a2070
LOITER: _ZNK7AP_AHRS24fallback_active_EKF_typeEv @ 0x7a2640
LOITER: _ZNK11AP_AHRS_DCM14get_quaternionER11QuaternionTIfE @ 0x7a2690
LOITER: _ZNK7NavEKF313getQuaternionER11QuaternionTIfE @ 0x7a2790
LOITER: _ZN11QuaternionTIfE6rotateERK7Vector3IfE @ 0xa7e200
LOITER: _ZN11QuaternionTIfE15from_axis_angleE7Vector3IfE @ 0xa7e2b0
LOITER: _ZN15AP_ExternalAHRS14get_quaternionER11QuaternionTIfE @ 0x7a2890
LOITER: _ZNK12NavEKF3_core13getQuaternionER11QuaternionTIfE @ 0x7a2940
LOITER: _ZNK11QuaternionTIdE7tofloatEv @ 0xa7e390
LOITER: _ZNK7NavEKF314getEulerAnglesER7Vector3IfE @ 0x7a2af0
LOITER: _ZNK7NavEKF312getAirSpdVecER7Vector3IfE @ 0x7a2cd0
LOITER: _ZNK12NavEKF3_core12getAirSpdVecER7Vector3IfE @ 0x7a2d70
LOITER: _ZNK11QuaternionTIdE7inverseEv @ 0xa7e410
LOITER: _ZNK7AP_AHRS25get_active_airspeed_indexEv @ 0x7a3170
LOITER: _ZNK7AP_AHRS27_should_use_airspeed_sensorEh @ 0x7a3270
LOITER: _ZNK7AP_AHRS27get_wind_estimation_enabledEv @ 0xa7e4c0
LOITER: _ZNK7NavEKF37getWindER7Vector3IfE @ 0x7a3580
LOITER: _ZNK12NavEKF3_core7getWindER7Vector3IfE @ 0x7a36a0
LOITER: _ZN15AP_AHRS_Backend23airspeed_sensor_enabledEh @ 0xa7e580
LOITER: _ZNK7AP_AHRS23airspeed_sensor_enabledEh @ 0xa7e660
LOITER: _ZNK7AP_AHRS10option_setENS_7OptionsE @ 0xa7e6c0
LOITER: _ZNK7NavEKF317getActiveAirspeedEv @ 0x7a3870
LOITER: _ZNK12NavEKF3_core17getActiveAirspeedEv @ 0x7a3900
LOITER: _ZNK7AP_Baro12_get_EAS2TASEv @ 0x7a3950
LOITER: _ZNK7AP_Baro20get_EAS2TAS_extendedEf @ 0x7a39c0
LOITER: _ZNK7NavEKF319getPrimaryCoreIndexEv @ 0x7a3c90
LOITER: _ZNK7NavEKF326configuredToUseGPSForPosXYEv @ 0x7a3eb0
LOITER: _ZNK11AP_AHRS_DCM20yaw_source_availableEv @ 0x7a3f30
LOITER: _ZNK16AP_NavEKF_Source14getPosXYSourceEh @ 0xa7e820
LOITER: _ZNK7AP_AHRS9calc_trigERK7Matrix3IfERfS4_S4_S4_S4_S4_ @ 0x7a3fe0
LOITER: _ZNK9AP_Logger15allow_start_ekfEv @ 0x7a43d0
LOITER: _ZN7NavEKF312UpdateFilterEv @ 0x7a4aa0
LOITER: _ZNK7NavEKF320getRotationBodyToNEDER7Matrix3IfE @ 0x7a5070
LOITER: _ZN7AP_AHRS16update_cd_valuesEv @ 0x7a5100
LOITER: _ZN7AP_AHRS11update_trigEv @ 0x7a5240
LOITER: _ZNK17AP_InertialSensor22get_first_usable_accelEv @ 0xa7e8a0
LOITER: _ZNK7NavEKF311getGyroBiasEaR7Vector3IfE @ 0x7a5320
LOITER: _ZN7AP_AHRS32update_notify_from_filter_statusERK17nav_filter_status @ 0x7a53f0
LOITER: _ZNK12NavEKF3_core11getGyroBiasER7Vector3IfE @ 0x7a54a0
LOITER: _ZL7degreesf.1550 @ 0x7a5580
LOITER: _ZN6AP_DAL11start_frameENS_9FrameTypeE @ 0x7a55d0
LOITER: _ZNK6AP_DAL8micros64Ev @ 0xa7e8f0
LOITER: _ZNK12NavEKF3_core21getFramesSincePredictEv @ 0x7a5ab0
LOITER: _ZN6AP_DAL22ekf_low_time_remainingENS_7EKFTypeEh @ 0x7a5b10
LOITER: _ZN12NavEKF3_core12UpdateFilterEb @ 0x7a5c50
LOITER: _ZNK6AP_DAL9get_armedEv @ 0xa7e940
LOITER: _ZN7NavEKF321updateCoreErrorScoresEv @ 0x7a5e80
LOITER: _ZN7NavEKF324updateCoreRelativeErrorsEv @ 0x7a5f40
LOITER: _ZNK7NavEKF315coreBetterScoreEhh @ 0x7a60e0
LOITER: _ZN16AP_NavEKF_Source22align_inactive_sourcesEv @ 0x7a62e0
LOITER: _ZNK16AP_NavEKF_Source13getPosZSourceEh @ 0x7a6590
LOITER: _ZNK7AP_EnumIN16AP_NavEKF_Source7SourceZEEcvKS1_Ev @ 0xa7ea20
LOITER: _ZL3MAXI9AP_ParamTIfL11ap_var_type4EEfEDTqugtfp_fp0_fp_fp0_ERKT_RKT0_.3912 @ 0x7a6770
LOITER: _ZN18NavEKF_core_common22fill_scratch_variablesEv @ 0x7a6800
LOITER: _ZN12NavEKF3_core23update_sensor_selectionEv @ 0x7a68a0
LOITER: _ZN12NavEKF3_core18controlFilterModesEv @ 0x7a6910
LOITER: _ZN12NavEKF3_core11readIMUDataEb @ 0x7a69e0
LOITER: _ZN12NavEKF3_core27UpdateStrapdownEquationsNEDEv @ 0x7a72b0
LOITER: _ZN12NavEKF3_core20CovariancePredictionEP7Vector3IdE @ 0x7a7790
LOITER: _ZN12NavEKF3_core25runYawEstimatorPredictionEv @ 0x7b1f80
LOITER: _ZN12NavEKF3_core15SelectMagFusionEv @ 0x7b20e0
LOITER: _ZN12NavEKF3_core18SelectVelPosFusionEv @ 0x7b2e10
LOITER: _ZN12NavEKF3_core25runYawEstimatorCorrectionEv @ 0x7b37d0
LOITER: _ZN12NavEKF3_core18SelectRngBcnFusionEv @ 0x7b39c0
LOITER: _ZN12NavEKF3_core16SelectFlowFusionEv @ 0x7b3af0
LOITER: _ZN12NavEKF3_core20SelectBodyOdomFusionEv @ 0x7b3dd0
LOITER: _ZN12NavEKF3_core15SelectTasFusionEv @ 0x7b4080
LOITER: _ZN12NavEKF3_core20SelectBetaDragFusionEv @ 0x7b4180
LOITER: _ZN12NavEKF3_core18updateFilterStatusEv @ 0x7b4440
LOITER: _ZN12NavEKF3_core13moveEKFOriginEv @ 0x7b4d80
LOITER: _ZN12NavEKF3_core21checkUpdateEarthFieldEv @ 0x7b4f30
LOITER: _ZN12NavEKF3_core16calcOutputStatesEv @ 0x7b4ff0
LOITER: _ZN12NavEKF3_core11readMagDataEv @ 0x7b6340
LOITER: _ZN12NavEKF3_core11readGpsDataEv @ 0x7b6850
LOITER: _ZN12NavEKF3_core14readGpsYawDataEv @ 0x7b71e0
LOITER: _ZN12NavEKF3_core12readBaroDataEv @ 0x7b7310
LOITER: _ZN6AP_DAL3insEv @ 0xa7ead0
LOITER: _ZNK21AP_DAL_InertialSensor9get_accelEh @ 0xa7eb20
LOITER: _ZL2sqf.4316 @ 0x7b9340
LOITER: _ZNK16AP_NavEKF_Source13useVelZSourceENS_7SourceZEh @ 0x7b94b0
LOITER: _ZNK12NavEKF3_core26CorrectGPSForAntennaOffsetERNS_12gps_elementsE @ 0x7b95e0
LOITER: _ZNK10AP_DAL_GPS18get_antenna_offsetEh @ 0xa7edf0
LOITER: _ZNK7Vector3IdErmERKS0_ @ 0xa7ee60
LOITER: _ZNK7Matrix3IdE13mul_transposeERK7Vector3IdE @ 0xa7ef40
LOITER: _ZN7Vector3IdEdVEd @ 0xa7f050
LOITER: _ZNK21AP_DAL_InertialSensor16get_loop_delta_tEv @ 0xa7f0e0
LOITER: _ZNK14AP_DAL_Compass16get_first_usableEv @ 0xa7f500
LOITER: _ZNK11AP_DAL_Baro15get_last_updateEh @ 0xa7f770
LOITER: _ZNK11AP_DAL_Baro12get_altitudeEh @ 0xa7f7e0
LOITER: _ZN16EKF_obs_buffer_tIN12NavEKF3_core13baro_elementsEE4pushERKS1_ @ 0xa7f850
LOITER: _ZNK10AP_DAL_GPS11gps_yaw_degEhRfS0_Rj @ 0xa7f8c0
LOITER: _ZL3MAXIfdEDTqugtfp_fp0_fp_fp0_ERKT_RKT0_ @ 0x7b9fe0
LOITER: _ZNK10AP_DAL_GPS20last_message_time_msEh @ 0xa7f9e0
LOITER: _ZNK10AP_DAL_GPS7get_lagEhRf @ 0xa7fa50
LOITER: _ZL3MINIjjEDTqultfp_fp0_fp_fp0_ERKT_RKT0_.4133 @ 0x7ba1e0
LOITER: _ZNK10AP_DAL_GPS8velocityEh @ 0xa7fb00
LOITER: _ZNK10AP_DAL_GPS22have_vertical_velocityEh @ 0xa7fb70
LOITER: _ZNK10AP_DAL_GPS14speed_accuracyEhRf @ 0xa7fbf0
LOITER: _ZL3MAXIdfEDTqugtfp_fp0_fp_fp0_ERKT_RKT0_.4129 @ 0x7ba260
LOITER: _ZL3MINIdfEDTqultfp_fp0_fp_fp0_ERKT_RKT0_ @ 0x7ba300
LOITER: _ZL3MAXId9AP_ParamTIfL11ap_var_type4EEEDTqugtfp_fp0_fp_fp0_ERKT_RKT0_ @ 0x7ba3a0
LOITER: _ZNK10AP_DAL_GPS19horizontal_accuracyEhRf @ 0xa7fca0
LOITER: _ZNK10AP_DAL_GPS17vertical_accuracyEhRf @ 0xa7fd50
LOITER: _ZNK10AP_DAL_GPS8num_satsEh @ 0xa7fe00
LOITER: _ZN12NavEKF3_core18calcGpsGoodToAlignEv @ 0x7ba450
LOITER: _ZN12NavEKF3_core20calcGpsGoodForFlightEv @ 0x7bb3b0
LOITER: _ZN16EKF_obs_buffer_tIN12NavEKF3_core12gps_elementsEE4pushERKS1_ @ 0xa7fe70
LOITER: _ZL3MAXIddEDTqugtfp_fp0_fp_fp0_ERKT_RKT0_.4294 @ 0x7bb870
LOITER: _ZL3MINIdfEDTqultfp_fp0_fp_fp0_ERKT_RKT0_.4281 @ 0x7bb8f0
LOITER: _ZNK10AP_DAL_GPS8get_hdopEh @ 0xa7fee0
LOITER: _ZNK14AP_DAL_Compass9availableEv @ 0xa7ff50
LOITER: _ZNK14AP_DAL_Compass9get_countEv @ 0xa7ffb0
LOITER: _ZNK14AP_DAL_Compass21learn_offsets_enabledEv @ 0xa80000
LOITER: _ZNK14AP_DAL_Compass7healthyEh @ 0xa80060
LOITER: _ZNK14AP_DAL_Compass16last_update_usecEh @ 0xa800d0
LOITER: _ZNK14AP_DAL_Compass11get_offsetsEh @ 0xa80140
LOITER: _ZNK7Vector3IdEneERKS0_ @ 0xa801b0
LOITER: _ZN12NavEKF3_core12mag_elementsC2Ev @ 0xa80280
LOITER: _ZNK14AP_DAL_Compass9get_fieldEh @ 0xa802e0
LOITER: _ZNK14AP_DAL_Compass10consistentEv @ 0xa80350
LOITER: _ZN16EKF_obs_buffer_tIN12NavEKF3_core12mag_elementsEE4pushERKS1_ @ 0xa803b0
LOITER: _Z8is_equalIddENSt3__19enable_ifIXsr3std17is_floating_pointINS0_11common_typeIJT_T0_EE4typeEEE5valueEbE4typeES3_S4_ @ 0xa80420
LOITER: _ZN12NavEKF3_core17correctDeltaAngleER7Vector3IdEdh @ 0x7bbbd0
LOITER: _ZN12NavEKF3_core20correctDeltaVelocityER7Vector3IdEdh @ 0x7bbc90
LOITER: _ZN11QuaternionTIdEC2Ev @ 0xa804a0
LOITER: _ZN11QuaternionTIdE15from_axis_angleE7Vector3IdE @ 0xa80510
LOITER: _ZN11QuaternionTIdEmLERKS0_ @ 0xa805d0
LOITER: _ZNK11QuaternionTIdE15rotation_matrixER7Matrix3IdE @ 0xa80770
LOITER: _ZNK21AP_DAL_InertialSensor8get_gyroEh @ 0xa80960
LOITER: _ZNK6AP_DAL20get_takeoff_expectedEv @ 0xa80a70
LOITER: _ZN16EKF_IMU_buffer_tIN12NavEKF3_core12imu_elementsEE18get_youngest_indexEv @ 0xa80ae0
LOITER: _ZN16EKF_IMU_buffer_tIN12NavEKF3_core12imu_elementsEE16get_oldest_indexEv @ 0xa80b40
LOITER: _ZNK11QuaternionTIdEdvERKS0_ @ 0xa80ba0
LOITER: _ZN11QuaternionTIdEixEh @ 0xa80dc0
LOITER: _ZL3MAXIddEDTqugtfp_fp0_fp_fp0_ERKT_RKT0_.4344 @ 0x7bbdb0
LOITER: _ZN12NavEKF3_core15output_elementsC2Ev @ 0xa80e30
LOITER: _ZNK14ekf_imu_buffer16get_oldest_indexEv @ 0xa80eb0
LOITER: _ZNK14ekf_imu_buffer18get_youngest_indexEv @ 0xa80f00
LOITER: _ZN11QuaternionTIdE15from_axis_angleERK7Vector3IdEd @ 0xa80f50
LOITER: _ZNK6AP_DAL22get_touchdown_expectedEv @ 0xa81070
LOITER: _ZNK6AP_DAL11get_EAS2TASEv @ 0xa81150
LOITER: _ZN7Vector3IdEixEh @ 0xa81210
LOITER: _ZNK7Vector3IdEixEh @ 0xa81280
LOITER: _ZN7Vector2IdEixEh @ 0xa812f0
LOITER: _ZN15ekf_ring_buffer6recallEPvj @ 0x7c2910
LOITER: _ZNK15ekf_ring_buffer7time_msEh @ 0x7c2a70
LOITER: _ZN12NavEKF3_core14readAirSpdDataEv @ 0x7c2ae0
LOITER: _ZNK12NavEKF3_core11useAirspeedEv @ 0x7c47b0
LOITER: _ZNK6AP_DAL23airspeed_sensor_enabledEv @ 0xa81610
LOITER: _ZN16EKF_obs_buffer_tIN12NavEKF3_core16vel_odm_elementsEE6recallERS1_j @ 0xa81680
LOITER: _ZN16EKF_obs_buffer_tIN12NavEKF3_core18wheel_odm_elementsEE6recallERS1_j @ 0xa81700
LOITER: _ZN12NavEKF3_core11of_elementsC2Ev @ 0xa81780
LOITER: _ZN16EKF_obs_buffer_tIN12NavEKF3_core11of_elementsEE6recallERS1_j @ 0xa81810
LOITER: _ZNK7Vector2IdEixEh @ 0xa81890
LOITER: _ZN12NavEKF3_core14readRngBcnDataEv @ 0x7d1700
LOITER: _ZN10EKFGSF_yaw11fuseVelDataERK7Vector2IdEd @ 0x7d53b0
LOITER: _ZNK12NavEKF3_core13EKFGSF_getYawERdS0_ @ 0x7d57b0
LOITER: _ZNK11QuaternionTIdE8to_eulerERdS1_S1_ @ 0xa81d60
LOITER: _ZNK11QuaternionTIdE12to_vector312Ev @ 0xa81e10
LOITER: _ZN7Matrix3IdE13from_euler312Eddd @ 0xa82150
LOITER: _ZNK7Matrix3IdE11to_euler312Ev @ 0xa827f0
LOITER: _ZN7Matrix3IdEixEh @ 0xa828e0
LOITER: _ZNK10EKFGSF_yaw10getYawDataERdS0_Ph @ 0x7d6120
LOITER: _ZL7radiansf.4097 @ 0x7d6200
LOITER: _ZL2sqf.4095 @ 0x7d6250
LOITER: _ZNK10EKFGSF_yaw17getVelInnovLengthERd @ 0x7d62a0
LOITER: _ZN10EKFGSF_yaw7correctEhRK7Vector2IdEd @ 0x7d67c0
LOITER: _ZNK10EKFGSF_yaw15gaussianDensityEh @ 0x7d7b80
LOITER: _ZL3MAXIdfEDTqugtfp_fp0_fp_fp0_ERKT_RKT0_.3598 @ 0x7d7f00
LOITER: _ZN10EKFGSF_yaw13forceSymmetryEh @ 0x7d7fa0
LOITER: _ZN16EKF_obs_buffer_tIN12NavEKF3_core16ext_nav_elementsEE6recallERS1_j @ 0xa82a50
LOITER: _ZN16EKF_obs_buffer_tIN12NavEKF3_core20ext_nav_vel_elementsEE6recallERS1_j @ 0xa82ad0
LOITER: _ZNK12NavEKF3_core35CalculateVelInnovationsAndVariancesERK7Vector3IdEddRS1_S4_ @ 0x7d84d0
LOITER: _ZN16EKF_obs_buffer_tIN12NavEKF3_core12gps_elementsEE6recallERS1_j @ 0xa82b50
LOITER: _ZN12NavEKF3_core21selectHeightForFusionEv @ 0x7d8b10
LOITER: _ZN12NavEKF3_core13FuseVelPosNEDEv @ 0x7da010
LOITER: _ZL3MAXIdfEDTqugtfp_fp0_fp_fp0_ERKT_RKT0_.4269 @ 0x7dc360
LOITER: _ZL3MAXI9AP_ParamTIfL11ap_var_type4EEfEDTqugtfp_fp0_fp_fp0_ERKT_RKT0_.4270 @ 0x7dc400
LOITER: _ZN12NavEKF3_core15readRangeFinderEv @ 0x7dc490
LOITER: _ZN16EKF_obs_buffer_tIN12NavEKF3_core14range_elementsEE6recallERS1_j @ 0xa82bd0
LOITER: _ZN16EKF_obs_buffer_tIN12NavEKF3_core13baro_elementsEE6recallERS1_j @ 0xa82ca0
LOITER: _ZL3MAXIddEDTqugtfp_fp0_fp_fp0_ERKT_RKT0_.4118 @ 0x7dd060
LOITER: _ZL3MAXI9AP_ParamTIfL11ap_var_type4EEfEDTqugtfp_fp0_fp_fp0_ERKT_RKT0_.4107 @ 0x7dd230
LOITER: _ZN12NavEKF3_core12fuseEulerYawENS_15yawFusionMethodE @ 0x7dd2c0
LOITER: _ZN16EKF_obs_buffer_tIN12NavEKF3_core12yaw_elementsEE6recallERS1_j @ 0xa82f30
LOITER: _ZN16EKF_obs_buffer_tIN12NavEKF3_core12mag_elementsEE6recallERS1_j @ 0xa82fb0
LOITER: _ZN12NavEKF3_core18controlMagYawResetEv @ 0x7df260
LOITER: _ZNK7Matrix3IdEixEh @ 0xa83180
LOITER: _ZL3MAXIdfEDTqugtfp_fp0_fp_fp0_ERKT_RKT0_.4105 @ 0x7e60b0
LOITER: _ZN12NavEKF3_core17MagTableConstrainEv @ 0x7e6150
LOITER: _ZNK11QuaternionTIdE13to_axis_angleER7Vector3IdE @ 0xa831f0
LOITER: _ZN10EKFGSF_yaw6updateERK7Vector3IdES3_ddbd @ 0x7e68d0
LOITER: _ZN10EKFGSF_yaw7predictEh @ 0x7e7360
LOITER: _ZN10EKFGSF_yaw11predictAHRSEh @ 0x7e7eb0
LOITER: _ZL7radiansf.3596 @ 0x7e8430
LOITER: _ZL2sqf.3597 @ 0x7e8480
LOITER: _ZNK10EKFGSF_yaw12updateRotMatERK7Matrix3IdERK7Vector3IdE @ 0x7e84d0
LOITER: _ZN12NavEKF3_core21calcTiltErrorVarianceEv @ 0x7e8db0
LOITER: _ZN12NavEKF3_core23verifyTiltErrorVarianceEv @ 0x7e9490
LOITER: _ZL3MINIffEDTqultfp_fp0_fp_fp0_ERKT_RKT0_.4336 @ 0x7e9890
LOITER: _ZN11QuaternionTIdE6rotateERK7Vector3IdE @ 0xa837b0
LOITER: _ZN12NavEKF3_core15ConstrainStatesEv @ 0x7e9920
LOITER: _ZNK21AP_DAL_InertialSensor9use_accelEh @ 0xa83870
LOITER: _ZNK21AP_DAL_InertialSensor8use_gyroEh @ 0xa83940
LOITER: _ZN12NavEKF3_core19learnInactiveBiasesEv @ 0x7e9d60
LOITER: _ZN12NavEKF3_core19updateMovementCheckEv @ 0x7ea2d0
LOITER: _ZN12NavEKF3_core17readDeltaVelocityEhR7Vector3IdERd @ 0x7eab70
LOITER: _ZNK21AP_DAL_InertialSensor18get_imu_pos_offsetEh @ 0xa83a10
LOITER: _ZN12NavEKF3_core14readDeltaAngleEhR7Vector3IdERd @ 0x7eacc0
LOITER: _ZN16EKF_IMU_buffer_tIN12NavEKF3_core12imu_elementsEE21push_youngest_elementES1_ @ 0xa83a80
LOITER: _ZN12NavEKF3_core14SampleDragDataERKNS_12imu_elementsE @ 0x7eade0
LOITER: _ZN16EKF_IMU_buffer_tIN12NavEKF3_core12imu_elementsEE18get_oldest_elementEv @ 0xa83ae0
LOITER: _ZN12NavEKF3_core22updateTimingStatisticsEv @ 0x7eb090
LOITER: _ZL3MINIfdEDTqultfp_fp0_fp_fp0_ERKT_RKT0_ @ 0x7eb340
LOITER: _ZN12NavEKF3_core12imu_elementsC2Ev @ 0xa83b60
LOITER: _ZN14ekf_imu_buffer18get_oldest_elementEPv @ 0x7eb3e0
LOITER: _ZN14ekf_imu_buffer21push_youngest_elementEPKv @ 0x7eb4a0
LOITER: _ZNK21AP_DAL_InertialSensor14get_gyro_countEv @ 0xa83c40
LOITER: _ZNK21AP_DAL_InertialSensor15get_delta_angleEhR7Vector3IfERf @ 0xa83c90
LOITER: _ZNK21AP_DAL_InertialSensor15get_accel_countEv @ 0xa83d90
LOITER: _ZNK21AP_DAL_InertialSensor18get_delta_velocityEhR7Vector3IfERf @ 0xa83de0
LOITER: _ZL7radiansi.4131 @ 0x7eb590
LOITER: _ZN12NavEKF3_core12detectFlightEv @ 0x7eb5f0
LOITER: _ZN12NavEKF3_core27setWindMagStateLearningModeEv @ 0x7ebab0
LOITER: _ZN12NavEKF3_core28checkAttitudeAlignmentStatusEv @ 0x7ec350
LOITER: _ZN12NavEKF3_core13setAidingModeEv @ 0x7ec460
LOITER: _ZN12NavEKF3_core12setYawSourceEv @ 0x7ed3d0
LOITER: _ZN12NavEKF3_core18checkGyroCalStatusEv @ 0x7ed4a0
LOITER: _ZL3MINIttEDTqultfp_fp0_fp_fp0_ERKT_RKT0_ @ 0x7edb80
LOITER: _ZL7radiansd.4050 @ 0x7edc00
LOITER: _ZN12NavEKF3_core19updateStateIndexLimEv @ 0x7edcf0
LOITER: _ZNK6AP_DAL18get_time_flying_msEv @ 0xa83ed0
LOITER: _ZN12NavEKF3_core20update_gps_selectionEv @ 0x7edee0
LOITER: _ZN12NavEKF3_core20update_mag_selectionEv @ 0x7edfe0
LOITER: _ZN12NavEKF3_core21update_baro_selectionEv @ 0x7ee120
LOITER: _ZN12NavEKF3_core25update_airspeed_selectionEv @ 0x7ee200
LOITER: _ZNK11AP_DAL_Baro11get_primaryEv @ 0xa83f70
LOITER: _Z9fill_nanfPdt @ 0x7ee310
LOITER: _ZNK17AP_InertialSensor20get_last_update_usecEv @ 0xa84030
LOITER: _ZNK17AP_InertialSensor16get_loop_delta_tEv @ 0xa84080
LOITER: _ZNK7AP_AHRS17get_vehicle_classEv @ 0xa840d0
LOITER: _ZNK7AP_AHRS20get_takeoff_expectedEv @ 0xa84120
LOITER: _ZNK7AP_AHRS22get_touchdown_expectedEv @ 0xa84180
LOITER: _ZNK7AP_AHRS8get_trimEv @ 0xa841e0
LOITER: _ZN2AP12wheelencoderEv @ 0x7ee730
LOITER: _ZNK15AP_WheelEncoder11num_sensorsEv @ 0xa84240
LOITER: _ZNK7AP_AHRS43get_rotation_vehicle_body_to_autopilot_bodyEv @ 0xa84290
LOITER: _ZN21AP_DAL_InertialSensor11start_frameEv @ 0x7ee770
LOITER: _ZN11AP_DAL_Baro11start_frameEv @ 0x7ee9f0
LOITER: _ZN10AP_DAL_GPS11start_frameEv @ 0x7eeb60
LOITER: _ZN14AP_DAL_Compass11start_frameEv @ 0x7eef60
LOITER: _ZNK9AP_Beacon7enabledEv @ 0x7efa10
LOITER: _ZNK9AP_Beacon12device_readyEv @ 0x7efd50
LOITER: _ZNK7AP_EnumIN9AP_Beacon4TypeEEcvKS1_Ev @ 0xa84340
LOITER: _ZNK7Compass24auto_declination_enabledEv @ 0xa84490
LOITER: _ZNK7Compass15get_declinationEv @ 0x7efec0
LOITER: _ZNK7Compass15get_num_enabledEv @ 0x7eff20
LOITER: _ZNK7Compass16get_first_usableEv @ 0xa84500
LOITER: _ZNK7Compass17have_scale_factorEh @ 0x7effe0
LOITER: _ZNK7Compass16last_update_usecEh @ 0xa84550
LOITER: _ZNK14typesafe_indexIh14TAG_StateIndexEgeERKh @ 0xa845d0
LOITER: _ZNK7AP_Baro11get_primaryEv @ 0xa84640
LOITER: _ZNK7AP_Baro15get_last_updateEh @ 0xa84690
LOITER: _ZNK17AP_InertialSensor16get_loop_rate_hzEv @ 0xa84700
LOITER: _ZNK17AP_InertialSensor15get_delta_angleEhR7Vector3IfERf @ 0x7f0120
LOITER: _ZN21AP_DAL_InertialSensor15update_filteredEh @ 0x7f02f0
LOITER: _ZNK17AP_InertialSensor18get_imu_pos_offsetEh @ 0xa84750
LOITER: _ZNK17AP_InertialSensor10_accel_posEh @ 0xa847b0
LOITER: _ZN17AP_InertialSensor10_accel_posEh @ 0xa84810
LOITER: _ZN15AP_WheelEncoder13get_singletonEv @ 0xa84880
LOITER: _ZN7NavEKF216InitialiseFilterEv @ 0x7f2d80
LOITER: _ZNK6AP_DAL12get_ekf_typeEv @ 0xa87070
LOITER: _ZN16AP_AHRS_External6updateEv @ 0x826160
LOITER: _ZN16AP_AHRS_External11get_resultsERN15AP_AHRS_Backend9EstimatesE @ 0x8261b0
LOITER: _ZN7AP_AHRS37copy_estimates_from_backend_estimatesERKN15AP_AHRS_Backend9EstimatesE @ 0x826400
LOITER: _ZN15AP_ExternalAHRS6updateEv @ 0x8266e0
LOITER: _ZL7degreesf.9850 @ 0x826a10
LOITER: _ZN11AP_AHRS_SIM6updateEv @ 0xa87c30
LOITER: _ZN11AP_AHRS_SIM11get_resultsERN15AP_AHRS_Backend9EstimatesE @ 0x826a60
