Mode: 0 (MANUAL)
MANUAL: _ZN15AP_Arming_Plane14pre_arm_checksEb @ 0x5db3f0
MANUAL: _ZN9AP_Arming16barometer_checksEb @ 0x5dbbe0
MANUAL: _ZN15AP_Arming_Plane10ins_checksEb @ 0x5dbcf0
MANUAL: _ZN9AP_Arming10gps_checksEb @ 0x5dbe10
MANUAL: _ZN9AP_Arming20board_voltage_checksEb @ 0x5dc2e0
MANUAL: _ZN9AP_Arming21rc_calibration_checksEb @ 0x5dc490
MANUAL: _ZN15AP_Arming_Plane14mission_checksEb @ 0x5dc640
MANUAL: _ZNK15AP_Arming_Plane25terrain_database_requiredEv @ 0x5dc9d0
MANUAL: _ZN9AP_Arming13system_checksEb @ 0x5dca70
MANUAL: _ZNK9AP_Arming16proximity_checksEb @ 0x5dd020
MANUAL: _ZN15AP_Arming_Plane28rc_received_if_enabled_checkEb @ 0x5dd1b0
MANUAL: _ZN9AP_Arming18opendroneid_checksEb @ 0x5dd3a0
MANUAL: _ZN9AP_Arming23rc_in_calibration_checkEb @ 0x5dd490
MANUAL: _ZN9AP_Arming22serial_protocol_checksEb @ 0x5dd540
MANUAL: _ZN2AP13serialmanagerEv @ 0x5dd670
MANUAL: _ZNK16AP_SerialManager11have_serialENS_14SerialProtocolEh @ 0x5dd6b0
MANUAL: _ZN16AP_SerialManager14pre_arm_checksEPch @ 0x5dd980
MANUAL: _ZNK9AP_ParamTIiL11ap_var_type3EEcvRKiEv @ 0xa99ff0
MANUAL: _ZN6AP_HAL4Util8snprintfEPcmPKcz @ 0x5ddae0
MANUAL: _ZN6AP_HAL4Util9vsnprintfEPcmPKcP13__va_list_tag @ 0x5ddcc0
MANUAL: _ZN13BufferPrinterC2EPcm @ 0xa9a040
MANUAL: _Z13print_vprintfPN6AP_HAL12BetterStreamEPKcP13__va_list_tag @ 0x5dde00
MANUAL: _Z11ftoa_enginefPchh @ 0x5df650
MANUAL: _Z12ultoa_invertjPch @ 0x5dfc90
MANUAL: _ZN6AP_HAL12BetterStreamC2Ev @ 0xa9a0f0
MANUAL: _ZN6AP_HAL12BetterStream6printfEPKcz @ 0x5dfe60
MANUAL: _ZN6AP_HAL12BetterStream7vprintfEPKcP13__va_list_tag @ 0x5e0010
MANUAL: _ZN13BufferPrinter5writeEh @ 0xa9a150
MANUAL: _Z3gcsv @ 0x5e0280
MANUAL: _ZN3GCS10send_textvE12MAV_SEVERITYPKcP13__va_list_tag @ 0x5e02c0
MANUAL: _ZNK3GCS28statustext_send_channel_maskEv @ 0x5e0390
MANUAL: _ZN11GCS_MAVLINK19active_channel_maskEv @ 0xa9a3f0
MANUAL: _ZN11GCS_MAVLINK22streaming_channel_maskEv @ 0xa9a430
MANUAL: _ZN11GCS_MAVLINK20private_channel_maskEv @ 0xa9a470
MANUAL: _ZN3GCS13get_singletonEv @ 0xa9a4b0
MANUAL: _ZNK16AP_SerialManager22find_protocol_instanceENS_14SerialProtocolEh @ 0x5e0420
MANUAL: _ZNK13AP_ParamTBaseIaL11ap_var_type1EE3getEv @ 0xa9a4f0
MANUAL: _ZNK16AP_SerialManager14protocol_matchENS_14SerialProtocolES0_ @ 0x5e05c0
MANUAL: _ZN16AP_SerialManager13get_singletonEv @ 0xa9a540
MANUAL: _Z2rcv @ 0x5e06c0
MANUAL: _ZN11RC_Channels11calibratingEv @ 0xa9a580
MANUAL: _ZNK9AP_Arming12check_failedENS_5CheckEbPKcz @ 0x5e0700
MANUAL: _ZNK9AP_Arming13check_enabledENS_5CheckE @ 0x5e0990
MANUAL: _ZN11RC_Channels13get_singletonEv @ 0xa9a5e0
MANUAL: _ZN2AP11opendroneidEv @ 0x5e0a40
MANUAL: _ZN14AP_OpenDroneID13pre_arm_checkEPch @ 0x5e0a80
MANUAL: _ZNK14AP_OpenDroneID14option_enabledENS_7OptionsE @ 0xa9a620
MANUAL: _ZNK9AP_ParamTIaL11ap_var_type1EEcvRKaEv @ 0xa9a6b0
MANUAL: _ZN6AP_HAL6millisEv @ 0x5e0d40
MANUAL: _ZN13WithSemaphoreD2Ev @ 0x5e0d80
MANUAL: _ZN6AP_HAL8millis64Ev @ 0x5e0de0
MANUAL: _ZN6AP_HAL8micros64Ev @ 0x5e0e20
MANUAL: _ZL14uint64_div1000m @ 0x5e0ec0
MANUAL: _ZN7HALSITL9Scheduler4fromEPN6AP_HAL9SchedulerE @ 0xa9a700
MANUAL: _ZNK7HALSITL9Scheduler18stopped_clock_usecEv @ 0xa9a750
MANUAL: _ZN6AP_HALL10ts_to_nsecER8timespec @ 0x5e0fb0
MANUAL: _ZNK13AP_ParamTBaseIsL11ap_var_type2EE3getEv @ 0xa9a7a0
MANUAL: _ZN13WithSemaphoreC2ERN6AP_HAL9SemaphoreEj @ 0x5e1010
MANUAL: _ZN14AP_OpenDroneID13get_singletonEv @ 0xa9a7f0
MANUAL: _ZNK11RC_Channels17enabled_protocolsEv @ 0x5e10f0
MANUAL: _ZNK7AP_EnumIN10Parameters11ThrFailsafeEEcvKS1_Ev @ 0xa9a830
MANUAL: _ZNK11RC_Channels19has_had_rc_receiverEv @ 0xa9a880
MANUAL: _ZNK13AP_ParamTBaseIiL11ap_var_type3EE3getEv @ 0xa9a940
MANUAL: _ZN2AP9proximityEv @ 0x5e1170
MANUAL: _ZN12AP_Proximity13get_singletonEv @ 0xa9a990
MANUAL: _ZN8AP_Param15get_eeprom_fullEv @ 0xa9a9d0
MANUAL: _ZN2AP9schedulerEv @ 0x5e1490
MANUAL: _ZN12AP_Scheduler25get_filtered_loop_rate_hzEv @ 0xa9aa10
MANUAL: _ZN12AP_Scheduler16get_loop_rate_hzEv @ 0xa9aa60
MANUAL: _ZN10AP_Terrain13get_singletonEv @ 0xa9aaf0
MANUAL: _ZNK10AP_Terrain11init_failedEv @ 0xa9ab30
MANUAL: _ZN12AP_Scripting13get_singletonEv @ 0xa9ab90
MANUAL: _ZNK12AP_Scripting13arming_checksEmPc @ 0x5e14d0
MANUAL: _ZN2AP4ADSBEv @ 0x5e17c0
MANUAL: _ZNK7AP_ADSB7enabledEv @ 0xa9abd0
MANUAL: _ZN2AP13internalerrorEv @ 0x5e1800
MANUAL: _ZNK16AP_InternalError6errorsEv @ 0xa9acf0
MANUAL: _ZN2AP3rpmEv @ 0x5e1990
MANUAL: _ZNK6AP_RPM13arming_checksEmPc @ 0x5e19d0
MANUAL: _ZN2AP5relayEv @ 0x5e1d00
MANUAL: _ZNK8AP_Relay13arming_checksEmPc @ 0x5e1d40
MANUAL: _ZN2AP9parachuteEv @ 0x5e2090
MANUAL: _ZNK12AP_Parachute13arming_checksEmPc @ 0x5e20d0
MANUAL: _ZN2AP6buttonEv @ 0x5e2270
MANUAL: _ZNK9AP_Button13arming_checksEmPc @ 0x5e22b0
MANUAL: _ZN9AP_Button13get_singletonEv @ 0xa9ad90
MANUAL: _ZN12SRV_Channels17function_assignedEN11SRV_Channel8FunctionE @ 0x5e2540
MANUAL: _ZNK7AP_EnumIN15AP_Relay_Params8FUNCTIONEEcvKS1_Ev @ 0xa9add0
MANUAL: _ZNK9AP_ParamTIsL11ap_var_type2EEcvRKsEv @ 0xa9ae20
MANUAL: _ZN12SRV_Channels25update_aux_servo_functionEv @ 0x5e2690
MANUAL: _ZNK7BitmaskILt190EE3getEt @ 0xa9ae70
MANUAL: _ZNK7BitmaskILt190EE8validateEt @ 0xa9af40
MANUAL: _ZN7BitmaskILt190EE8clearallEv @ 0xa9afd0
MANUAL: _ZNK11SRV_Channel14valid_functionEv @ 0xa9b030
MANUAL: _ZN11SRV_Channel24aux_servo_function_setupEv @ 0x5e3190
MANUAL: _ZN7BitmaskILt190EE3setEt @ 0xa9b090
MANUAL: _ZN11SRV_Channel9set_rangeEt @ 0x5e32b0
MANUAL: _ZN11SRV_Channel9set_angleEs @ 0x5e3330
MANUAL: _ZNK9AP_Enum16IN11SRV_Channel8FunctionEEcvKS1_Ev @ 0xa9b150
MANUAL: _ZN11SRV_Channel14valid_functionENS_8FunctionE @ 0xa9b1a0
MANUAL: _ZN12AP_Parachute13get_singletonEv @ 0xa9b210
MANUAL: _ZNK8AP_Relay14function_validEN15AP_Relay_Params8FUNCTIONE @ 0x5e33b0
MANUAL: _ZNK8AP_Relay8DroneCAN9valid_pinEs @ 0x5e3420
MANUAL: _ZN8AP_Relay13get_singletonEv @ 0xa9b250
MANUAL: _ZN6AP_RPM13get_singletonEv @ 0xa9b290
MANUAL: _ZN7AP_ADSB13get_singletonEv @ 0xa9b2d0
MANUAL: _ZNK12AP_Scripting7enabledEv @ 0xa9b310
MANUAL: _ZNK12AP_Scripting13option_is_setENS_11DebugOptionE @ 0xa9b380
MANUAL: _ZNK2AP8PerfInfo25get_filtered_loop_rate_hzEv @ 0x5e3580
MANUAL: _ZNK2AP8PerfInfo17get_filtered_timeEv @ 0x5e3610
MANUAL: _ZN12AP_Scheduler13get_singletonEv @ 0x5e3660
MANUAL: _ZNK9AP_Arming25terrain_database_requiredEv @ 0x5e36a0
MANUAL: _ZN2AP7missionEv @ 0x5e3730
MANUAL: _ZN10AP_Mission26contains_terrain_alt_itemsEv @ 0x5e3770
MANUAL: _ZNK10AP_Mission36calculate_contains_terrain_alt_itemsEv @ 0x5e3800
MANUAL: _ZNK10AP_Mission12num_commandsEv @ 0xa9b480
MANUAL: _ZNK10AP_Mission14get_command_idEt @ 0x5e3910
MANUAL: _ZN10AP_Mission18stored_in_locationEt @ 0x5e3a10
MANUAL: _ZN10AP_Mission15Mission_CommandC2Ev @ 0xa9b4e0
MANUAL: _ZNK10AP_Mission21read_cmd_from_storageEtRNS_15Mission_CommandE @ 0x5e3ba0
MANUAL: _ZN10AP_Mission7ContentC2Ev @ 0xa9b540
MANUAL: _ZN2AP4ahrsEv @ 0x5e4060
MANUAL: _ZNK7AP_AHRS8get_homeEv @ 0xa9b590
MANUAL: _ZNK13StorageAccess9read_byteEt @ 0x5e40a0
MANUAL: _ZNK13StorageAccess11read_uint16Et @ 0x5e4110
MANUAL: _ZNK13StorageAccess10read_blockEPvtm @ 0x5e4190
MANUAL: _ZN7AP_AHRS13get_singletonEv @ 0xa9b5e0
MANUAL: _ZN8LocationC2Ev @ 0xa9b620
MANUAL: _ZN8Location4zeroEv @ 0x5e46c0
MANUAL: _ZN10AP_Mission13get_singletonEv @ 0xa9b670
MANUAL: _ZN9AP_Arming14mission_checksEb @ 0x5e4720
MANUAL: _ZNK7AP_EnumI11RtlAutolandEcvKS0_Ev @ 0xa9b6b0
MANUAL: _ZNK10AP_Mission13contains_itemE7MAV_CMD @ 0x5e4b30
MANUAL: _ZNK9QuadPlane9availableEv @ 0xa9b700
MANUAL: _ZNK8Location12get_distanceERKS_ @ 0x5e4cc0
MANUAL: _Z11is_positiveIfEbT_ @ 0xa9b7c0
MANUAL: _ZNK9AP_ParamTIfL11ap_var_type4EEcvRKfILb1EEEv @ 0xa9b820
MANUAL: _ZN8Location14diff_longitudeEii @ 0x5e4e70
MANUAL: _ZN8Location15longitude_scaleEi @ 0x5e4f50
MANUAL: _Z4normIddJEEdT_T0_DpKT1_ @ 0xa9b870
MANUAL: _Z2sqIdJdEEdT_DpKT0_ @ 0xa9b8e0
MANUAL: _Z2sqIdEdT_ @ 0xa9b960
MANUAL: _ZL3MAXIdfEDTqugtfp_fp0_fp_fp0_ERKT_RKT0_ @ 0x5e4ff0
MANUAL: _ZN2AP5rallyEv @ 0x5e5090
MANUAL: _ZNK7AP_AHRS12get_locationER8Location @ 0x5e50d0
MANUAL: _ZNK10AP_Mission21failed_sdcard_storageEv @ 0xa9b9c0
MANUAL: _ZN14StorageManager14storage_failedEv @ 0xa9ba20
MANUAL: _ZN2AP7vehicleEv @ 0x5e5340
MANUAL: _ZNK10AP_Mission7presentEv @ 0xa9ba60
MANUAL: _ZN10AP_Vehicle13get_singletonEv @ 0x5e5380
MANUAL: _ZNK8AP_Rally26get_rally_point_with_indexEhR13RallyLocation @ 0x5e53c0
MANUAL: _ZN8LocationC2EiiiNS_8AltFrameE @ 0x5e55a0
MANUAL: _ZN8Location10set_alt_cmEiNS_8AltFrameE @ 0x5e5640
MANUAL: _ZN8AP_Rally13get_singletonEv @ 0xa9bad0
MANUAL: _ZN11RC_Channels23get_valid_channel_countEv @ 0x5e5730
MANUAL: _ZNK10RC_Channel12has_overrideEv @ 0x5e57a0
MANUAL: _ZNK10RC_Channel14get_radio_trimEv @ 0xa9bb10
MANUAL: _ZNK10RC_Channel13get_radio_minEv @ 0xa9bb70
MANUAL: _ZNK10RC_Channel13get_radio_maxEv @ 0xa9bbd0
MANUAL: _ZNK13AP_ParamTBaseIfL11ap_var_type4EE3getEv @ 0xa9bd10
MANUAL: _Z7is_zerof @ 0xa9bd60
MANUAL: _ZL3MINIihEDTqultfp_fp0_fp_fp0_ERKT_RKT0_.7422 @ 0x5e5860
MANUAL: _ZN14AP_BoardConfig25get_minimum_board_voltageEv @ 0xa9bdd0
MANUAL: _ZN14AP_BoardConfig25get_minimum_servo_voltageEv @ 0xa9be50
MANUAL: _ZN2AP3gpsEv @ 0x5e58f0
MANUAL: _ZN6AP_GPS14pre_arm_checksEPct @ 0x5e5930
MANUAL: _ZNK6AP_GPS11num_sensorsEv @ 0x5e5ad0
MANUAL: _ZNK6AP_GPS8get_typeEh @ 0xa9bed0
MANUAL: _ZNK6AP_GPS14primary_sensorEv @ 0xa9bf60
MANUAL: _ZNK6AP_GPS6statusEh @ 0xa9bfb0
MANUAL: _ZNK6AP_GPS10is_healthyEh @ 0x5e5b50
MANUAL: _ZNK7AP_AHRS11home_is_setEv @ 0xa9c070
MANUAL: _ZNK6AP_GPS14all_consistentERf @ 0x5e5d00
MANUAL: _ZNK6AP_GPS8locationEv @ 0xa9c0d0
MANUAL: _ZNK6AP_GPS22first_unconfigured_gpsERh @ 0x5e5e10
MANUAL: _ZN3GCS9send_textE12MAV_SEVERITYPKcz @ 0x5e5fe0
MANUAL: _ZNK7AP_EnumIN6AP_GPS8GPS_TypeEEcvKS1_Ev @ 0xa9c130
MANUAL: _ZNK6AP_GPS8locationEh @ 0xa9c180
MANUAL: _ZNK7Vector3IfE6lengthEv @ 0xa9c1f0
MANUAL: _Z4normIffJfEEdT_T0_DpKT1_ @ 0xa9c250
MANUAL: _Z2sqIfJffEEdT_DpKT0_ @ 0xa9c2d0
MANUAL: _ZL2sqf.2617 @ 0x5e62c0
MANUAL: _Z2sqIfJfEEdT_DpKT0_ @ 0xa9c370
MANUAL: _ZL2sqf.1898 @ 0x5e6310
MANUAL: _ZN7Vector3IfEC2Efff @ 0xa9c3f0
MANUAL: _ZNK6AP_GPS12is_rtk_roverEh @ 0x5e6360
MANUAL: _ZN15AP_GPS_DroneCAN29inter_instance_pre_arm_checksEPct @ 0x5e6400
MANUAL: _ZN15AP_GPS_DroneCAN20is_dronecan_gps_typeEN6AP_GPS8GPS_TypeE @ 0xa9c480
MANUAL: _ZN6AP_GPS13get_singletonEv @ 0xa9c500
MANUAL: _ZN9AP_Arming10ins_checksEb @ 0x5e66c0
MANUAL: _ZNK7AP_AHRS13pre_arm_checkEbPch @ 0x5e6ab0
MANUAL: _ZNK7AP_AHRS7healthyEv @ 0x5e6e40
MANUAL: _ZN2AP12externalAHRSEv @ 0x5e7020
MANUAL: _ZNK15AP_ExternalAHRS7enabledEv @ 0x5e7060
MANUAL: _ZNK7AP_AHRS8ekf_typeEv @ 0x5e70c0
MANUAL: _ZNK7AP_AHRS20attitudes_consistentEPch @ 0x5e73a0
MANUAL: _ZNK7AP_AHRS15active_EKF_typeEv @ 0xa9c540
MANUAL: _ZN2AP7compassEv @ 0x5e7a00
MANUAL: _ZNK7Compass11use_for_yawEv @ 0x5e7a40
MANUAL: _ZNK7NavEKF313pre_arm_checkEbPch @ 0x5e7db0
MANUAL: _ZNK16AP_NavEKF_Source13pre_arm_checkEbPch @ 0x5e8080
MANUAL: _ZNK16AP_NavEKF_Source12getYawSourceEh @ 0x5e88b0
MANUAL: _ZNK6AP_DAL8snprintfEPcmPKcz @ 0x5e8990
MANUAL: _ZNK12NavEKF3_core7healthyEv @ 0x5e8b70
MANUAL: _ZNK12NavEKF3_core13pre_arm_checkEbPch @ 0x5e8da0
MANUAL: _ZNK16AP_NavEKF_Source14useVelXYSourceENS_8SourceXYEh @ 0x5e8f30
MANUAL: _ZNK16AP_NavEKF_Source18getActiveSourceSetEh @ 0xa9c590
MANUAL: _ZNK7AP_EnumIN16AP_NavEKF_Source8SourceXYEEcvKS1_Ev @ 0xa9c640
MANUAL: _ZNK16AP_NavEKF_Source13option_is_setENS_13SourceOptionsE @ 0xa9c690
MANUAL: _ZNK12NavEKF3_core15getFilterFaultsERt @ 0x5e9060
MANUAL: _ZNK11QuaternionTIdE6is_nanEv @ 0xa9c710
MANUAL: _ZNK7Vector3IdE6is_nanEv @ 0xa9c810
MANUAL: _ZNK7AP_EnumIN16AP_NavEKF_Source9SourceYawEEcvKS1_Ev @ 0xa9c8e0
MANUAL: _ZN2AP3dalEv @ 0x5e9180
MANUAL: _ZN6AP_DAL7compassEv @ 0xa9c930
MANUAL: _ZNK14AP_DAL_Compass15get_num_enabledEv @ 0xa9c980
MANUAL: _ZN6AP_DAL13get_singletonEv @ 0xa9c9d0
MANUAL: _ZnwmRKSt9nothrow_t @ 0x5e91c0
MANUAL: _ZN6AP_DALC2Ev @ 0xa9ca70
MANUAL: _ZN8log_RFRNC2Ev @ 0xa9cb90
MANUAL: _ZN8log_ROFHC2Ev @ 0xa9cbf0
MANUAL: _ZN8log_REPHC2Ev @ 0xa9cc70
MANUAL: _ZN8log_REVHC2Ev @ 0xa9cce0
MANUAL: _ZN8log_RWOHC2Ev @ 0xa9cd30
MANUAL: _ZN8log_RBOHC2Ev @ 0xa9cd90
MANUAL: _ZN7Matrix3IfEC2Ev @ 0xa9ce10
MANUAL: _ZN14AP_DAL_CompassC2Ev @ 0x5e9240
MANUAL: _ZN8log_RMGIC2Ev @ 0xa9ce90
MANUAL: _ZN7Vector3IfEC2Ev @ 0xa9cf00
MANUAL: _ZN10AP_DAL_GPSC2Ev @ 0x5e9310
MANUAL: _ZN8log_RGPIC2Ev @ 0xa9cf60
MANUAL: _ZN8log_RGPJC2Ev @ 0xa9cfb0
MANUAL: _ZN11AP_DAL_BaroC2Ev @ 0x5e9480
MANUAL: _ZN21AP_DAL_InertialSensorC2Ev @ 0x5e9510
MANUAL: _ZN8log_RISIC2Ev @ 0xa9d010
MANUAL: _ZN11QuaternionTIfEC2Ev @ 0xa9d080
MANUAL: _ZN7Vector2IfEC2Ev @ 0xa9d0f0
MANUAL: _ZN6AP_DAL4baroEv @ 0xa9d150
MANUAL: _ZNK11AP_DAL_Baro13num_instancesEv @ 0xa9d1a0
MANUAL: _ZN6AP_DAL6beaconEv @ 0xa9d1f0
MANUAL: _ZN6AP_DAL3gpsEv @ 0xa9d2b0
MANUAL: _ZNK10AP_DAL_GPS11num_sensorsEv @ 0xa9d300
MANUAL: _ZNK6AP_DAL19opticalflow_enabledEv @ 0xa9d350
MANUAL: _ZN6AP_DAL11rangefinderEv @ 0xa9d3c0
MANUAL: _ZN6AP_DAL10visualodomEv @ 0xa9d410
MANUAL: _ZNK12NavEKF2_core7healthyEv @ 0x5e9760
MANUAL: _ZNK12NavEKF2_core15getFilterFaultsERt @ 0x5e9990
MANUAL: _ZNK7Compass7healthyEh @ 0x5e9af0
MANUAL: _ZNK7Compass11use_for_yawEh @ 0x5e9b90
MANUAL: _ZNK7Compass9availableEv @ 0xa9d530
MANUAL: _ZN14typesafe_indexIh12TAG_PriorityEC2Eh @ 0xa9d5b0
MANUAL: _ZNK19RestrictIDTypeArrayI9AP_ParamTIaL11ap_var_type1EELj3E14typesafe_indexIh12TAG_PriorityEEixERKS5_ @ 0xa9d610
MANUAL: _ZNK7AP_EnumIN7Compass9LearnTypeEEcvKS1_Ev @ 0xa9d690
MANUAL: _ZNK14typesafe_indexIh12TAG_PriorityE7get_intEv @ 0xa9d6e0
MANUAL: _ZNK7Compass10_get_stateE14typesafe_indexIh12TAG_PriorityE @ 0xa9d730
MANUAL: _ZNK7Compass13_get_state_idE14typesafe_indexIh12TAG_PriorityE @ 0x5e9c70
MANUAL: _ZNK19RestrictIDTypeArrayIN7Compass9mag_stateELj4E14typesafe_indexIh14TAG_StateIndexEEixERKS4_ @ 0xa9d7b0
MANUAL: _ZNK14typesafe_indexIh14TAG_StateIndexE7get_intEv @ 0xa9d830
MANUAL: _ZNK19RestrictIDTypeArrayIiLj3E14typesafe_indexIh12TAG_PriorityEEixERKS2_ @ 0xa9d880
MANUAL: _ZN14typesafe_indexIh14TAG_StateIndexEC2Eh @ 0xa9d900
MANUAL: _ZNK14typesafe_indexIh14TAG_StateIndexEltERKh @ 0xa9d960
MANUAL: _ZN14typesafe_indexIh14TAG_StateIndexEppEi @ 0xa9d9d0
MANUAL: _ZN7Compass13get_singletonEv @ 0xa9da40
MANUAL: _ZNK7AP_AHRS20get_quat_body_to_nedER11QuaternionTIfE @ 0x5e9d90
MANUAL: _ZNK11QuaternionTIfE21roll_pitch_differenceERKS0_ @ 0xa9dad0
MANUAL: _ZL7radiansi.2480 @ 0x5e9ee0
MANUAL: _ZNK11QuaternionTIfE18angular_differenceERKS0_ @ 0xa9dce0
MANUAL: _ZNK11QuaternionTIfE13to_axis_angleER7Vector3IfE @ 0xa9dd70
MANUAL: _ZNK7NavEKF311activeCoresEv @ 0xa9dec0
MANUAL: _ZNK7NavEKF322getQuaternionBodyToNEDEaR11QuaternionTIfE @ 0x5ea050
MANUAL: _ZNK7AP_AHRS14always_use_EKFEv @ 0xa9df10
MANUAL: _ZNK7AP_AHRS28get_DCM_rotation_body_to_nedEv @ 0xa9df70
MANUAL: _ZN11QuaternionTIfE20from_rotation_matrixERK7Matrix3IfE @ 0xa9dfd0
MANUAL: _ZNK7NavEKF324using_noncompass_for_yawEv @ 0x5ea130
MANUAL: _ZNK12NavEKF3_core24using_noncompass_for_yawEv @ 0x5ea1c0
MANUAL: _ZNK12NavEKF3_core11use_compassEv @ 0x5ea300
MANUAL: _ZNK14AP_DAL_Compass11use_for_yawEh @ 0xa9e4e0
MANUAL: _ZNK12NavEKF3_core20getRotationBodyToNEDER7Matrix3IfE @ 0x5ea3d0
MANUAL: _ZNK11QuaternionTIdE15rotation_matrixER7Matrix3IfE @ 0xa9e550
MANUAL: _ZNK6AP_DAL43get_rotation_vehicle_body_to_autopilot_bodyEv @ 0xa9e760
MANUAL: _ZNK7Matrix3IfEmlERKS0_ @ 0xa9e7b0
MANUAL: _ZN7Matrix3IfEC2ERK7Vector3IfES4_S4_ @ 0xa9ea20
MANUAL: _ZL2sqf.4371 @ 0x5ea490
MANUAL: _ZN7Vector3IfEdVEf @ 0xa9ead0
MANUAL: _Z7wrap_PId @ 0x5ea4e0
MANUAL: _ZN7Vector3IfEmLEf @ 0xa9eb60
MANUAL: _Z8wrap_2PId @ 0x5ea570
MANUAL: _ZNK11QuaternionTIfE7inverseEv @ 0xa9ebf0
MANUAL: _ZNK11QuaternionTIfEmlERKS0_ @ 0xa9ec70
MANUAL: _ZN11QuaternionTIfEC2Effff @ 0xa9eea0
MANUAL: _ZNK11QuaternionTIfE15rotation_matrixER7Matrix3IfE @ 0xa9ef50
MANUAL: _ZNK7Matrix3IfE13mul_transposeERK7Vector3IfE @ 0xa9f140
MANUAL: _ZNK7Vector3IfEmiERKS0_ @ 0xa9f250
MANUAL: _Z20constrain_value_lineIfET_S0_S0_S0_j @ 0xa9f300
MANUAL: _ZNK7AP_AHRS24get_rotation_body_to_nedEv @ 0xa9f420
MANUAL: _ZNK7AP_EnumIN15AP_ExternalAHRS7DevTypeEEcvKS1_Ev @ 0xa9f510
MANUAL: _ZN15AP_ExternalAHRS13get_singletonEv @ 0xa9f560
MANUAL: _ZNK7NavEKF37healthyEv @ 0x5ea830
MANUAL: _ZN2AP3insEv @ 0x5ea9a0
MANUAL: _ZNK17AP_InertialSensor19get_gyro_health_allEv @ 0x5ea9e0
MANUAL: _ZNK17AP_InertialSensor22gyro_calibrated_ok_allEv @ 0x5eaaa0
MANUAL: _ZNK17AP_InertialSensor20get_accel_health_allEv @ 0x5eabb0
MANUAL: _ZNK17AP_InertialSensor23accel_calibrated_ok_allEv @ 0x5eac70
MANUAL: _ZNK17AP_InertialSensor25accel_cal_requires_rebootEv @ 0xa9f5f0
MANUAL: _ZN9AP_Arming21ins_accels_consistentERK17AP_InertialSensor @ 0x5eaf40
MANUAL: _ZN9AP_Arming20ins_gyros_consistentERK17AP_InertialSensor @ 0x5eb040
MANUAL: _ZNK17AP_InertialSensor23temperature_cal_runningEv @ 0x5eb130
MANUAL: _ZNK17AP_InertialSensor12BatchSampler7enabledEv @ 0xa9f650
MANUAL: _ZNK17AP_InertialSensor34pre_arm_check_gyro_backend_rate_hzEPct @ 0x5eb1d0
MANUAL: _ZN2AP3fftEv @ 0x5eb380
MANUAL: _ZN10AP_GyroFFT13pre_arm_checkEPch @ 0x5eb3c0
MANUAL: _ZNK10AP_GyroFFT16analysis_enabledEv @ 0xa9f720
MANUAL: _ZN11ExpectDelayD2Ev @ 0x5ebb10
MANUAL: _ZN12ObjectBufferIfEC2Ej @ 0xa9f7b0
MANUAL: _ZdlPv @ 0x5ec090
MANUAL: _ZN7Vector3IfEixEh @ 0xa9fab0
MANUAL: _ZN10DigitalLPFIfE6_applyERKfS2_ @ 0xa9fe10
MANUAL: _Z15constrain_int16sss @ 0xaa0410
MANUAL: _Z15constrain_valueIsET_S0_S0_S0_ @ 0xaa04a0
MANUAL: _ZNK10ByteBuffer5spaceEv @ 0x5ed8b0
MANUAL: _ZN10ByteBuffer5writeEPKhj @ 0x5edb10
MANUAL: _ZN10ByteBuffer7reserveEPNS_5IoVecEj @ 0x5edc30
MANUAL: _ZN10ByteBuffer6commitEj @ 0x5ede60
MANUAL: _ZN10ByteBuffer5clearEv @ 0x5ee020
MANUAL: _ZNK10ByteBuffer8get_sizeEv @ 0xaa0550
MANUAL: _ZN10ByteBufferC2Ej @ 0x5ee1a0
MANUAL: _ZN11ExpectDelayC2Ej @ 0x5ee2d0
MANUAL: _ZN10AP_GyroFFT13get_singletonEv @ 0xaa05a0
MANUAL: _ZNK17AP_InertialSensor14get_gyro_countEv @ 0xaa05e0
MANUAL: _ZNK17AP_InertialSensor4_useEh @ 0xaa0650
MANUAL: _ZNK17AP_InertialSensor8_gyro_idEh @ 0xaa06b0
MANUAL: _ZN17AP_InertialSensor8_gyro_idEh @ 0xaa0710
MANUAL: _ZN17AP_InertialSensor4_useEh @ 0xaa0780
MANUAL: _ZL3MINIihEDTqultfp_fp0_fp_fp0_ERKT_RKT0_.4077 @ 0x5ee390
MANUAL: _ZNK17AP_InertialSensor4tcalEh @ 0xaa07f0
MANUAL: _ZNK7AP_EnumIN22AP_InertialSensor_TCal6EnableEEcvKS1_Ev @ 0xaa0850
MANUAL: _ZN17AP_InertialSensor4tcalEh @ 0xaa08a0
MANUAL: _ZNK17AP_InertialSensor16gyros_consistentEh @ 0x5ee420
MANUAL: _ZNK17AP_InertialSensor8get_gyroEv @ 0xaa0910
MANUAL: _ZNK17AP_InertialSensor8use_gyroEh @ 0x5ee550
MANUAL: _ZNK17AP_InertialSensor8get_gyroEh @ 0xaa0970
MANUAL: _ZL7radiansi.4147 @ 0x5ee610
MANUAL: _ZNK17AP_InertialSensor15get_gyro_healthEh @ 0xaa09e0
MANUAL: _ZNK17AP_InertialSensor17accels_consistentEf @ 0x5ee670
MANUAL: _ZNK17AP_InertialSensor15get_accel_countEv @ 0xaa0a80
MANUAL: _ZL3MINIihEDTqultfp_fp0_fp_fp0_ERKT_RKT0_ @ 0x5ee7d0
MANUAL: _ZNK17AP_InertialSensor9get_accelEv @ 0xaa0af0
MANUAL: _ZNK17AP_InertialSensor9use_accelEh @ 0x5ee860
MANUAL: _ZNK17AP_InertialSensor9get_accelEh @ 0xaa0b50
MANUAL: _ZNK17AP_InertialSensor16get_accel_healthEh @ 0xaa0bc0
MANUAL: _ZNK17AP_InertialSensor13_accel_offsetEh @ 0xaa0c60
MANUAL: _ZNK9AP_ParamVI7Vector3IfEL11ap_var_type5EE3getEv @ 0xaa0cc0
MANUAL: _ZNK7Vector3IfE7is_zeroEv @ 0xaa0d10
MANUAL: _ZNK17AP_InertialSensor12_accel_scaleEh @ 0xaa0dc0
MANUAL: _ZNK17AP_InertialSensor9_accel_idEh @ 0xaa0e20
MANUAL: _Z8is_equalIffENSt3__19enable_ifIXsr3std17is_floating_pointINS0_11common_typeIJT_T0_EE4typeEEE5valueEbE4typeES3_S4_ @ 0xaa0e80
MANUAL: _ZN17AP_InertialSensor9_accel_idEh @ 0xaa0f00
MANUAL: _ZN17AP_InertialSensor12_accel_scaleEh @ 0xaa0f70
MANUAL: _ZN17AP_InertialSensor13_accel_offsetEh @ 0xaa0fe0
MANUAL: _ZNK17AP_InertialSensor18gyro_calibrated_okEh @ 0xaa1050
MANUAL: _ZN17AP_InertialSensor13get_singletonEv @ 0x5ee920
MANUAL: _ZN17AP_InertialSensorC2Ev @ 0x5ee9c0
MANUAL: _ZN18AP_AccelCal_ClientC2Ev @ 0xaa10c0
MANUAL: _ZN17AP_InertialSensor12BatchSamplerC2ERKS_ @ 0xaa1120
MANUAL: _ZN17AP_InertialSensor13HarmonicNotchC2Ev @ 0xaa11f0
MANUAL: _ZN9AP_ParamTIiL11ap_var_type3EEC2Ev @ 0xaa1240
MANUAL: _ZN9AP_ParamVI7Vector3IfEL11ap_var_type5EEC2Ev @ 0xaa1290
MANUAL: _ZN9AP_ParamTIsL11ap_var_type2EEC2Ev @ 0xaa12f0
MANUAL: _ZN9AP_ParamTIaL11ap_var_type1EEC2Ev @ 0xaa1340
MANUAL: _ZN13LowPassFilterI7Vector3IfEEC2Ev @ 0xaa1390
MANUAL: _ZN9AP_ParamTIfL11ap_var_type4EEC2Ev @ 0xaa13e0
MANUAL: _ZN22AP_InertialSensor_TCalC2Ev @ 0xaa1430
MANUAL: _ZN8AP_Param21setup_object_defaultsEPKvPKNS_9GroupInfoE @ 0x5ef5d0
MANUAL: _ZN13LowPassFilterI7Vector3IfEE20set_cutoff_frequencyERKf @ 0xaa1550
MANUAL: _ZN11AP_AccelCal15register_clientEP18AP_AccelCal_Client @ 0x5ef760
MANUAL: _ZN8AP_Param17get_default_valueEPKS_RKNS_9GroupInfoE @ 0x5ef840
MANUAL: _ZN8AP_Param9set_valueE11ap_var_typePvf @ 0x5ef950
MANUAL: _ZN9AP_ParamVI7Vector3IfEL11ap_var_type5EE3setERKS1_ @ 0xaa15c0
MANUAL: _ZN13AP_ParamTBaseIaL11ap_var_type1EE3setERKa @ 0xaa1630
MANUAL: _ZN13AP_ParamTBaseIsL11ap_var_type2EE3setERKs @ 0xaa1690
MANUAL: _ZN13AP_ParamTBaseIiL11ap_var_type3EE3setERKi @ 0xaa1700
MANUAL: _ZN13AP_ParamTBaseIfL11ap_var_type4EE3setERKf @ 0xaa1760
MANUAL: _ZN7AP_EnumIN22AP_InertialSensor_TCal6EnableEEC2Ev @ 0xaa17d0
MANUAL: _ZN13AP_ParamTBaseIfL11ap_var_type4EEC2Ev @ 0xaa1820
MANUAL: _ZN8AP_ParamC2Ev @ 0xaa1870
MANUAL: _ZN10DigitalLPFI7Vector3IfEEC2Ev @ 0xaa18c0
MANUAL: _ZN13AP_ParamTBaseIaL11ap_var_type1EEC2Ev @ 0xaa1930
MANUAL: _ZN13AP_ParamTBaseIsL11ap_var_type2EEC2Ev @ 0xaa1980
MANUAL: _ZN13AP_ParamTBaseIiL11ap_var_type3EEC2Ev @ 0xaa19d0
MANUAL: _ZN15LowPassFilter2pI7Vector3IfEEC2Ev @ 0xaa1a20
MANUAL: _ZN19DigitalBiquadFilterI7Vector3IfEEC2Ev @ 0xaa1a90
MANUAL: _ZN25HarmonicNotchFilterParamsC2Ev @ 0x5efa50
MANUAL: _ZN17NotchFilterParamsC2Ev @ 0xaa1b30
MANUAL: _ZNK8AP_Param6notifyEv @ 0x5f0260
MANUAL: _ZNK8AP_Param13find_var_infoEPjRPKNS_9GroupInfoERNS_12GroupNestingEPh @ 0x5f0390
MANUAL: _ZNK8AP_Param14copy_name_infoEPKNS_4InfoEPKNS_9GroupInfoERKNS_12GroupNestingEhPcmb @ 0x5f0610
MANUAL: _ZNK8AP_Param14send_parameterEPKc11ap_var_typeh @ 0x5f0870
MANUAL: _ZNK8AP_Param13cast_to_floatE11ap_var_type @ 0x5f0a10
MANUAL: _ZN3GCS20send_parameter_valueEPKc11ap_var_typef @ 0x5f0b00
MANUAL: _ZL3MINImmEDTqultfp_fp0_fp_fp0_ERKT_RKT0_.7110 @ 0x5f0c40
MANUAL: _ZN11GCS_MAVLINK14mav_param_typeE11ap_var_type @ 0x5f0cc0
MANUAL: _ZN8AP_Param16count_parametersEv @ 0x5f0d50
MANUAL: _ZN3GCS23send_to_active_channelsEjPKc @ 0x5f0f00
MANUAL: _ZN9AP_Logger13get_singletonEv @ 0xaa1f60
MANUAL: _ZN9AP_Logger15Write_ParameterEPKcf @ 0x5f1020
MANUAL: _ZNK9AP_Logger10quiet_nanfEv @ 0xaa1fa0
MANUAL: _ZN17AP_Logger_Backend15Write_ParameterEPKcff @ 0x5f1110
MANUAL: _Z14strncpy_notermPcPKcm @ 0x5f1230
MANUAL: _ZN17AP_Logger_Backend18WriteCriticalBlockEPKvt @ 0xaa1ff0
MANUAL: _ZN17AP_Logger_Backend21WritePrioritisedBlockEPKvtbb @ 0x5f12e0
MANUAL: _ZN17AP_Logger_Backend30validate_WritePrioritisedBlockEPKvt @ 0x5f14b0
MANUAL: _ZN17AP_Logger_Backend9ShouldLogEb @ 0x5f16a0
MANUAL: _ZNK17AP_Logger_Backend23message_type_from_blockEPKvtR11LogMessages @ 0x5f1c60
MANUAL: _ZNK17AP_Logger_Backend28have_emitted_format_for_typeE11LogMessages @ 0xaa2070
MANUAL: _ZN17AP_Logger_Backend12Write_FormatEPK12LogStructure @ 0x5f2210
MANUAL: _ZN17AP_Logger_Backend11Fill_FormatEPK12LogStructureR10log_Format @ 0x5f2470
MANUAL: _ZN7BitmaskILt256EE3setEt @ 0xaa20e0
MANUAL: _ZNK7BitmaskILt256EE8validateEt @ 0xaa21a0
MANUAL: _ZNK9AP_Logger22structure_for_msg_typeEh @ 0x5f25a0
MANUAL: _ZNK9AP_Logger9structureEt @ 0x5f26f0
MANUAL: _ZNK7BitmaskILt256EE3getEt @ 0xaa2230
MANUAL: _ZNK6AP_HAL4Util14get_soft_armedEv @ 0xaa2300
MANUAL: _ZN2AP6loggerEv @ 0x5f2760
MANUAL: _ZNK9AP_Logger18in_log_persistanceEv @ 0x5f27a0
MANUAL: _Z7is_zeroI9AP_ParamTIfL11ap_var_type4EEEbT_ @ 0xaa2360
MANUAL: _ZNK12AP_Scheduler5ticksEv @ 0xaa23c0
MANUAL: _ZN6AP_HAL8millis16Ev @ 0x5f29b0
MANUAL: _ZNK6AP_HAL4Util21get_last_armed_changeEv @ 0xaa24d0
MANUAL: _ZNK9AP_Logger13WritesEnabledEv @ 0xaa2520
MANUAL: _ZNK19LoggerMessageWriter8finishedEv @ 0xaa2580
MANUAL: _ZNK9AP_Logger15in_log_downloadEv @ 0x5f29f0
MANUAL: _ZNK9AP_Logger16vehicle_is_armedEv @ 0xaa25e0
MANUAL: _ZNK9AP_Logger18log_while_disarmedEv @ 0x5f2a90
MANUAL: _ZNK7AP_EnumIN9AP_Logger11LogDisarmedEEcvKS1_Ev @ 0xaa2640
MANUAL: _ZNK9AP_Logger26log_write_fmt_for_msg_typeEh @ 0x5f2b90
MANUAL: mavlink_get_msg_entry @ 0x5f2c40
MANUAL: _ZNK3GCS7num_gcsEv @ 0xaa2690
MANUAL: _ZNK11GCS_MAVLINK10is_privateEv @ 0xaa26e0
MANUAL: _ZNK11GCS_MAVLINK9is_activeEv @ 0xaa2740
MANUAL: _ZN11GCS_MAVLINK12send_messageEPKcPK19__mavlink_msg_entry @ 0xaa27c0
MANUAL: _ZN11GCS_MAVLINK18check_payload_sizeEt @ 0x5f2d60
MANUAL: _mav_finalize_message_chan_send @ 0x5f2e10
MANUAL: _Z26mavlink_get_channel_statush @ 0x5f3160
MANUAL: _Z17_mav_trim_payloadPKch @ 0x5f3240
MANUAL: _ZL13crc_calculatePKht @ 0x5f32e0
MANUAL: _ZL21crc_accumulate_bufferPtPKct @ 0x5f3380
MANUAL: _ZL14crc_accumulatehPt @ 0x5f3420
MANUAL: _Z14comm_send_lock17mavlink_channel_tt @ 0x5f36b0
MANUAL: _mavlink_send_uart @ 0x5f3770
MANUAL: _Z16comm_send_unlock17mavlink_channel_t @ 0x5f37f0
MANUAL: _Z16comm_send_buffer17mavlink_channel_tPKhh @ 0x5f3870
MANUAL: _ZL13valid_channel17mavlink_channel_t @ 0x5f39e0
MANUAL: _Z24gcs_out_of_space_to_send17mavlink_channel_t @ 0x5f3a90
MANUAL: _ZN11GCS_MAVLINK20out_of_space_to_sendEv @ 0xaa2900
MANUAL: _ZL8crc_initPt @ 0x5f43c0
MANUAL: _ZN11GCS_MAVLINK14channel_statusEv @ 0xaa2960
MANUAL: _ZNK11GCS_MAVLINK7txspaceEv @ 0xaa29b0
MANUAL: _ZNK11GCS_MAVLINK15packet_overheadEv @ 0xaa2a50
MANUAL: _ZN11GCS_MAVLINK20packet_overhead_chanE17mavlink_channel_t @ 0x5f4410
MANUAL: _ZL3MINIjjEDTqultfp_fp0_fp_fp0_ERKT_RKT0_.7101 @ 0x5f44f0
MANUAL: _ZN11GCS_MAVLINK10is_privateE17mavlink_channel_t @ 0xaa2ab0
MANUAL: _ZN8AP_Param5firstEPNS_10ParamTokenEP11ap_var_typePf @ 0x5f4570
MANUAL: _ZN8AP_Param11next_scalarEPNS_10ParamTokenEP11ap_var_typePf @ 0x5f46b0
MANUAL: _ZN8AP_Param4nextEPNS_10ParamTokenEP11ap_var_typebPf @ 0x5f47a0
MANUAL: _ZN8AP_Param13check_defaultEPS_Pf @ 0x5f4ae0
MANUAL: _ZN8AP_Param8var_infoEt @ 0xaa2b20
MANUAL: _ZN8AP_Param17get_default_valueEPKS_RKNS_4InfoE @ 0x5f4bc0
MANUAL: _ZN8AP_Param16check_frame_typeEt @ 0x5f4cd0
MANUAL: _ZN8AP_Param14get_group_infoERKNS_4InfoE @ 0x5f4d70
MANUAL: _ZN8AP_Param10next_groupEtPKNS_9GroupInfoEPbjhlPNS_10ParamTokenEP11ap_var_typebPf @ 0x5f4df0
MANUAL: _ZN8AP_Param14get_group_infoERKNS_9GroupInfoE @ 0x5f5390
MANUAL: _ZN8AP_Param19adjust_group_offsetEtRKNS_9GroupInfoERl @ 0x5f5410
MANUAL: _ZN8AP_Param8group_idEPKNS_9GroupInfoEjhh @ 0x5f5530
MANUAL: _ZN8AP_Param8get_baseERKNS_4InfoERl @ 0x5f5630
MANUAL: _ZNK13AP_ParamTBaseIaL11ap_var_type1EE13cast_to_floatEv @ 0xaa2bc0
MANUAL: _ZNK13AP_ParamTBaseIsL11ap_var_type2EE13cast_to_floatEv @ 0xaa2c10
MANUAL: _ZNK13AP_ParamTBaseIiL11ap_var_type3EE13cast_to_floatEv @ 0xaa2c60
MANUAL: _ZNK13AP_ParamTBaseIfL11ap_var_type4EE13cast_to_floatEv @ 0xaa2cb0
MANUAL: _ZNK8AP_Param19add_vector3f_suffixEPcmh @ 0x5f56e0
MANUAL: _ZNK8AP_Param19find_var_info_groupEPKNS_9GroupInfoEtjhlPjRS2_RNS_12GroupNestingEPh @ 0x5f57c0
MANUAL: _ZN8AP_Param4saveEb @ 0x5f5cc0
MANUAL: _ZN17AP_InertialSensor13caltemp_accelEh @ 0xaa2de0
MANUAL: _ZNK17AP_InertialSensor15get_temperatureEh @ 0xaa2e50
MANUAL: _ZN13AP_ParamTBaseIfL11ap_var_type4EE12set_and_saveERKf @ 0xaa2eb0
MANUAL: _ZN7Vector3IfE4zeroEv @ 0xaa30b0
MANUAL: _ZNK7Vector3IfErmERKS0_ @ 0xaa3110
MANUAL: _ZNK7Vector3IfEmlERKS0_ @ 0xaa31f0
MANUAL: _Z9safe_sqrtIfEfT_ @ 0xaa3280
MANUAL: _ZN11QuaternionTIfE9normalizeEv @ 0xaa3330
MANUAL: _ZNK11QuaternionTIfE14get_euler_rollEv @ 0xaa3410
MANUAL: _ZNK11QuaternionTIfE15get_euler_pitchEv @ 0xaa34c0
MANUAL: _Z9safe_asinIfEfT_ @ 0xaa3530
MANUAL: _ZNK11QuaternionTIfE6lengthEv @ 0xaa3610
MANUAL: _ZN7Vector3IfE6rotateE8Rotation @ 0xaa3720
MANUAL: _ZNK7Matrix3IfEmlERK7Vector3IfE @ 0xaa4700
MANUAL: _ZN13AP_ParamTBaseIaL11ap_var_type1EE22set_and_save_ifchangedERKa @ 0xaa4810
MANUAL: _ZN7Matrix3IfE10from_eulerEfff @ 0xaa48a0
MANUAL: _ZN7Matrix3IfEC2Efffffffff @ 0xaa4ad0
MANUAL: _ZNK7Vector3IfEplERKS0_ @ 0xaa4c00
MANUAL: _ZNK7Vector3IfEdvEf @ 0xaa4cb0
MANUAL: _ZNK7AP_AHRS13get_pitch_radEv @ 0xaa4da0
MANUAL: _Z4normIffJEEdT_T0_DpKT1_ @ 0xaa4e90
MANUAL: _ZN7Vector3IfEpLERKS0_ @ 0xaa4f00
MANUAL: _ZN15ObjectBuffer_TSIN8AP_Param10param_saveEE4peekERS1_ @ 0xaa4fa0
MANUAL: _ZN15ObjectBuffer_TSIN8AP_Param10param_saveEE4pushERKS1_ @ 0xaa5050
MANUAL: _ZN10ByteBuffer9peekbytesEPhj @ 0x5f6d50
MANUAL: _ZN10ByteBuffer9peekiovecEPNS_5IoVecEj @ 0x5f6e60
MANUAL: _ZNK10ByteBuffer9availableEv @ 0x5f6fb0
MANUAL: _ZN10ByteBuffer7readptrERj @ 0x5f7290
MANUAL: _ZNK7Vector3IfEngEv @ 0xaa5130
MANUAL: _ZN2AP4sitlEv @ 0x5f7690
MANUAL: _ZN2AP4baroEv @ 0x5f76d0
MANUAL: _ZNK7AP_Baro13arming_checksEmPc @ 0x5f7710
MANUAL: _ZNK7AP_Baro11all_healthyEv @ 0x5f78e0
MANUAL: _ZNK6AP_GPS6statusEv @ 0xaa5210
MANUAL: _ZNK7AP_Baro12get_pressureEv @ 0xaa5270
MANUAL: _ZNK7AP_Baro23get_altitude_differenceEff @ 0x5f7990
MANUAL: _ZNK7AP_Baro26get_altitude_from_pressureEf @ 0x5f7a30
MANUAL: _ZL33find_atmosphere_layer_by_pressuref @ 0x5f7c90
MANUAL: _ZNK7AP_Baro17get_altitude_AMSLEv @ 0xaa52d0
MANUAL: _ZN7AP_Baro29geopotential_alt_to_geometricEf @ 0x5f7d40
MANUAL: _ZNK7AP_Baro17get_altitude_AMSLEh @ 0xaa5330
MANUAL: _ZNK7AP_Baro12get_altitudeEh @ 0xaa53a0
MANUAL: _ZNK7AP_Baro12get_pressureEh @ 0xaa5410
MANUAL: _ZNK7AP_Baro7healthyEh @ 0x5f7da0
MANUAL: _ZN7AP_Baro13get_singletonEv @ 0xaa5480
MANUAL: _ZN4SITL3SIM13get_singletonEv @ 0xaa54c0
MANUAL: _ZNK6AP_HAL4Util18was_watchdog_armedEv @ 0xaa5500
MANUAL: _ZNK9AP_Logger15logging_presentEv @ 0x5f8480
MANUAL: _ZNK9AP_Logger15logging_startedEv @ 0x5f8570
MANUAL: _ZNK11RC_Channels17option_is_enabledENS_6OptionE @ 0xaa55d0
MANUAL: _ZNK11RC_Channels16get_roll_channelEv @ 0x5f87d0
MANUAL: _ZNK11RC_Channels17get_pitch_channelEv @ 0x5f8840
MANUAL: _ZNK11RC_Channels15get_yaw_channelEv @ 0x5f88b0
MANUAL: _ZNK10RC_Channel14get_control_inEv @ 0xaa5650
MANUAL: _ZNK11RC_Channels20get_throttle_channelEv @ 0x5f8920
MANUAL: _ZN11RC_Channels23find_channel_for_optionEN10RC_Channel8AUX_FUNCE @ 0x5f8990
MANUAL: _ZN2AP5rcmapEv @ 0x5f8c10
MANUAL: _ZNK8RCMapper8throttleEv @ 0xaa5700
MANUAL: _ZNK11RC_Channels25get_rcmap_channel_nonnullEh @ 0x5f8c50
MANUAL: _ZN11RC_Channels10rc_channelEh @ 0xaa5760
MANUAL: _ZN8RCMapper13get_singletonEv @ 0xaa57c0
MANUAL: _ZNK8RCMapper3yawEv @ 0xaa5800
MANUAL: _ZNK8RCMapper5pitchEv @ 0xaa5860
MANUAL: _ZNK8RCMapper4rollEv @ 0xaa58c0
MANUAL: _ZNK11RC_Channels19flight_mode_channelEv @ 0x5f8ce0
MANUAL: _ZN9AP_Arming14pre_arm_checksEb @ 0x5f8d80
MANUAL: _ZN9AP_Arming15airspeed_checksEb @ 0x5f9290
MANUAL: _ZNK9AP_ParamTIfL11ap_var_type4EEltERKS1_ @ 0xaa5c30
MANUAL: _ZNK10RC_Channel11get_reverseEv @ 0x5f93b0
MANUAL: _ZN15AP_Arming_Plane16quadplane_checksEb @ 0x5f9420
MANUAL: _ZNK5Plane21flight_option_enabledE13FlightOptions @ 0x5f9980
MANUAL: _ZNK10AP_Mission28get_in_landing_sequence_flagEv @ 0xaa5ca0
MANUAL: _ZNK4Mode14pre_arm_checksEmPc @ 0x5f9ab0
MANUAL: _ZNK10AP_Mission13option_is_setENS_6OptionE @ 0xaa5d00
MANUAL: _ZNK9QuadPlane7enabledEv @ 0xaa5d80
MANUAL: _ZNK10Tailsitter7enabledEv @ 0xaa5df0
MANUAL: _Z11is_positiveI9AP_ParamTIfL11ap_var_type4EEEbT_ @ 0xaa6080
MANUAL: _ZN6AC_PID2ffEv @ 0xaa60f0
MANUAL: _ZN11AP_Airspeed13get_singletonEv @ 0xaa64d0
MANUAL: _ZNK11AP_Airspeed13arming_checksEmPc @ 0x5fad80
MANUAL: _ZNK11AP_Airspeed7enabledEh @ 0x5faf70
MANUAL: _ZNK11AP_Airspeed3useEh @ 0x5fb030
MANUAL: _ZNK11AP_Airspeed7healthyEh @ 0x5fb160
MANUAL: _ZNK7AP_EnumIN18AP_Airspeed_Params11SkipCalTypeEEcvKS1_Ev @ 0xaa6510
MANUAL: _ZNK11AP_Airspeed11lib_enabledEv @ 0x5fb2e0
MANUAL: _ZN12SRV_Channels17get_output_scaledEN11SRV_Channel8FunctionE @ 0x5fb330
MANUAL: _ZNK9AP_Arming15arming_requiredEv @ 0x5fb3b0
MANUAL: _ZN9AP_Arming21hardware_safety_checkEb @ 0x5fb480
MANUAL: _ZN9AP_Arming14compass_checksEb @ 0x5fb550
MANUAL: _ZN9AP_Arming14battery_checksEb @ 0x5fbc40
MANUAL: _ZN9AP_Arming14logging_checksEb @ 0x5fbd30
MANUAL: _ZN9AP_Arming25manual_transmitter_checksEb @ 0x5fbea0
MANUAL: _ZN9AP_Arming18rangefinder_checksEb @ 0x5fbfa0
MANUAL: _ZNK9AP_Arming12servo_checksEb @ 0x5fc090
MANUAL: _ZNK9AP_Arming14terrain_checksEb @ 0x5fc2e0
MANUAL: _ZN9AP_Arming10can_checksEb @ 0x5fc430
MANUAL: _ZNK9AP_Arming16generator_checksEb @ 0x5fc700
MANUAL: _ZN9AP_Arming13camera_checksEb @ 0x5fc800
MANUAL: _ZNK9AP_Arming10osd_checksEb @ 0x5fc8f0
MANUAL: _ZNK9AP_Arming12mount_checksEb @ 0x5fc9e0
MANUAL: _ZNK9AP_Arming13fettec_checksEb @ 0x5fcaf0
MANUAL: _ZNK9AP_Arming14visodom_checksEb @ 0x5fcbc0
MANUAL: _ZN9AP_Arming15aux_auth_checksEb @ 0x5fccb0
MANUAL: _ZNK9AP_Arming20disarm_switch_checksEb @ 0x5fcf10
MANUAL: _ZN9AP_Arming12fence_checksEb @ 0x5fcfd0
MANUAL: _ZN9AP_Arming12estop_checksEb @ 0x5fd0f0
MANUAL: _ZN12SRV_Channels18get_emergency_stopEv @ 0xaa6560
MANUAL: _ZNK10RC_Channel16read_3pos_switchERNS_12AuxSwitchPosE @ 0x5fd240
MANUAL: _ZNK10RC_Channel12get_radio_inEv @ 0xaa65a0
MANUAL: _ZN2AP5fenceEv @ 0x5fd3a0
MANUAL: _ZNK8AC_Fence13pre_arm_checkEPch @ 0x5fd3e0
MANUAL: _ZNK8AC_Fence7presentEv @ 0x5fd980
MANUAL: _ZNK8AC_Fence7enabledEv @ 0xaa66b0
MANUAL: _ZNK8AC_Fence12auto_enabledEv @ 0xaa6710
MANUAL: _ZN15ExpandingStringD2Ev @ 0x5fdfc0
MANUAL: _ZNK19AC_PolyFence_loader17total_fence_countEv @ 0xaa6900
MANUAL: _ZNK7Vector2IfEmiERKS0_ @ 0xaa7030
MANUAL: _ZNK7Vector2IfEmlERKS0_ @ 0xaa72a0
MANUAL: _ZNK7Vector2IfEmlEf @ 0xaa7320
MANUAL: _ZN7Vector2IfEC2Eff @ 0xaa73a0
MANUAL: _ZNK8Location15get_distance_NEERKS_ @ 0x5ff000
MANUAL: _ZNK19AC_PolyFence_loader27get_exclusion_polygon_countEv @ 0xaa74d0
MANUAL: _ZNK19AC_PolyFence_loader27get_inclusion_polygon_countEv @ 0xaa7520
MANUAL: _ZNK19AC_PolyFence_loader26get_exclusion_circle_countEv @ 0xaa7570
MANUAL: _ZNK19AC_PolyFence_loader26get_inclusion_circle_countEv @ 0xaa75c0
MANUAL: _ZN8AC_Fence13get_singletonEv @ 0xaa7610
MANUAL: _ZN2AP10visualodomEv @ 0x5ff1c0
MANUAL: _ZNK13AP_VisualOdom13pre_arm_checkEPch @ 0x5ff200
MANUAL: _ZNK13AP_VisualOdom7enabledEv @ 0x5ff330
MANUAL: _ZNK7AP_EnumIN13AP_VisualOdom15VisualOdom_TypeEEcvKS1_Ev @ 0xaa7650
MANUAL: _ZN13AP_VisualOdom13get_singletonEv @ 0xaa76a0
MANUAL: _ZN16AP_FETtecOneWire13get_singletonEv @ 0xaa76e0
MANUAL: _ZNK16AP_FETtecOneWire13pre_arm_checkEPch @ 0x5ff4a0
MANUAL: _ZN6AP_HAL6microsEv @ 0x5ff7a0
MANUAL: _ZN2AP5mountEv @ 0x5ff7e0
MANUAL: _ZN8AP_Mount14pre_arm_checksEPch @ 0x5ff820
MANUAL: _ZNK8AP_Mount14get_mount_typeEh @ 0x5ff9b0
MANUAL: _ZN8AP_Mount13get_singletonEv @ 0xaa7720
MANUAL: _ZN2AP3osdEv @ 0x5ffa40
MANUAL: _ZNK6AP_OSD13pre_arm_checkEPch @ 0x5ffa80
MANUAL: _ZNK6AP_OSD18is_readonly_screenEv @ 0xaa7760
MANUAL: _ZN6AP_OSD13get_singletonEv @ 0xaa77c0
MANUAL: _ZN2AP6runcamEv @ 0x5ffbb0
MANUAL: _ZN9AP_RunCam13get_singletonEv @ 0xaa7870
MANUAL: _ZN2AP9generatorEv @ 0x5ffd90
MANUAL: _ZNK12AP_Generator13pre_arm_checkEPch @ 0x5ffdd0
MANUAL: _ZNK12AP_Generator4typeEv @ 0x5ffef0
MANUAL: _ZN12AP_Generator13get_singletonEv @ 0x5fff50
MANUAL: _ZN2AP3canEv @ 0x5fff90
MANUAL: _ZNK13AP_CANManager15get_num_driversEv @ 0xaa78b0
MANUAL: _ZNK13AP_CANManager15get_driver_typeEh @ 0xaa7900
MANUAL: _ZN11SRV_Channel8is_motorENS_8FunctionE @ 0x600870
MANUAL: _ZN13AP_CANManager13get_singletonEv @ 0xaa7b90
MANUAL: _ZNK10AP_Terrain14get_statisticsERtS0_ @ 0x600a70
MANUAL: _ZNK10AP_Terrain10bitcount64Em @ 0x600c60
MANUAL: _ZN12SRV_Channels11srv_channelEh @ 0xaa7c50
MANUAL: _ZNK11SRV_Channel12get_functionEv @ 0xaa7cd0
MANUAL: _ZNK11SRV_Channel8get_trimEv @ 0xaa7d30
MANUAL: _ZNK11SRV_Channel14get_output_minEv @ 0xaa7d90
MANUAL: _ZNK11SRV_Channel14get_output_maxEv @ 0xaa7de0
MANUAL: _ZN12SRV_Channels25get_disabled_channel_maskEv @ 0xaa7e40
MANUAL: _ZN11SRV_Channel13should_e_stopENS_8FunctionE @ 0x600d50
MANUAL: _ZN11RangeFinder13get_singletonEv @ 0xaa7e80
MANUAL: _ZNK11RangeFinder14prearm_healthyEPch @ 0x600dd0
MANUAL: _ZNK9AP_Logger14logging_failedEv @ 0x601380
MANUAL: _ZN9AP_Logger12CardInsertedEv @ 0x601450
MANUAL: _ZN2AP7batteryEv @ 0x601500
MANUAL: _ZNK14AP_BattMonitor13arming_checksEmPc @ 0x601540
MANUAL: _ZNK14AP_BattMonitor15configured_typeEh @ 0xaa7f70
MANUAL: _ZNK14AP_BattMonitor14allocated_typeEh @ 0xaa7fe0
MANUAL: _ZNK22AP_BattMonitor_Backend13arming_checksEPcm @ 0x601740
MANUAL: _ZNK22AP_BattMonitor_Backend20check_failsafe_typesERbS0_S0_S0_ @ 0x601c30
MANUAL: _ZL12update_checkmPcbPKc @ 0x601f30
MANUAL: _ZNK21AP_BattMonitor_Params23failsafe_voltage_sourceEv @ 0xaa80c0
MANUAL: _ZL3MAXIffEDTqugtfp_fp0_fp_fp0_ERKT_RKT0_.19313 @ 0x602040
MANUAL: _ZN14AP_BattMonitor13get_singletonEv @ 0xaa8120
MANUAL: _ZNK7Compass14is_calibratingEv @ 0x6020c0
MANUAL: _ZNK7Compass27compass_cal_requires_rebootEv @ 0xaa8160
MANUAL: _ZNK7Compass7healthyEv @ 0xaa81c0
MANUAL: _ZNK7Compass21learn_offsets_enabledEv @ 0xaa8220
MANUAL: _ZN7Compass10configuredEPch @ 0x6021f0
MANUAL: _ZNK7Compass11get_offsetsEv @ 0xaa8290
MANUAL: _ZNK7Compass15get_offsets_maxEv @ 0xaa82f0
MANUAL: _ZNK7Compass9get_fieldEv @ 0xaa8350
MANUAL: _ZNK7Compass10consistentEv @ 0x602480
MANUAL: _ZN7AP_AHRS11use_compassEv @ 0x602640
MANUAL: _ZN14AP_Declination18get_earth_field_gaERK8Location @ 0x602720
MANUAL: _ZNK7Vector3IfEmlEf @ 0xaa83b0
MANUAL: _ZL3MAXIffEDTqugtfp_fp0_fp_fp0_ERKT_RKT0_.12104 @ 0x6028a0
MANUAL: _ZN14AP_Declination16get_mag_field_efEffRfS0_S0_ @ 0x6029c0
MANUAL: _ZL7radiansf.3485 @ 0x602fc0
MANUAL: _Z15constrain_int32iii @ 0xaa8450
MANUAL: _Z15constrain_valueIiET_S0_S0_S0_ @ 0xaa84c0
MANUAL: _ZNK7NavEKF311use_compassEv @ 0x6030a0
MANUAL: _ZN11AP_AHRS_DCM11use_compassEv @ 0x603130
MANUAL: _ZNK7AP_AHRS15get_fly_forwardEv @ 0xaa85b0
MANUAL: _ZNK11AP_AHRS_DCM8have_gpsEv @ 0x6032e0
MANUAL: _ZNK6AP_GPS12ground_speedEv @ 0xaa8610
MANUAL: _ZL7degreesf.2589 @ 0x603370
MANUAL: _ZNK6AP_GPS13ground_courseEv @ 0xaa8670
MANUAL: _Z8wrap_180IfET_S0_ @ 0xaa86d0
MANUAL: _Z8wrap_360f @ 0x6033c0
MANUAL: _ZNK6AP_GPS13ground_courseEh @ 0xaa8760
MANUAL: _ZNK6AP_GPS12ground_speedEh @ 0xaa87d0
MANUAL: _ZNK7AP_EnumI6GPSUseEcvKS0_Ev @ 0xaa8840
MANUAL: _ZNK12NavEKF2_core11use_compassEv @ 0x603440
MANUAL: _ZNK7Vector3IfE2xyEv @ 0xaa8890
MANUAL: _ZNK7Compass9get_countEv @ 0xaa88e0
MANUAL: _ZNK7Compass9get_fieldEh @ 0xaa8930
MANUAL: _ZNK7Vector2IfE7is_zeroEv @ 0xaa89b0
MANUAL: _ZNK7Vector3IfE5angleERKS0_ @ 0xaa8a40
MANUAL: _ZL7radiansf.3200 @ 0x6034e0
MANUAL: _ZNK7Vector2IfE5angleERKS0_ @ 0xaa8b50
MANUAL: _ZNK7Vector2IfE6lengthEv @ 0xaa8c70
MANUAL: _ZNK7Compass11get_offsetsEh @ 0xaa8cd0
MANUAL: _ZNK9AP_ParamVI7Vector3IfEL11ap_var_type5EEcvRKS1_Ev @ 0xaa8d50
MANUAL: _ZNK14typesafe_indexIh12TAG_PriorityEltERKh @ 0xaa8da0
MANUAL: _ZN19RestrictIDTypeArrayIiLj3E14typesafe_indexIh12TAG_PriorityEEixERKS2_ @ 0xaa8e10
MANUAL: _ZNK14typesafe_indexIh12TAG_PriorityEcvhEv @ 0xaa8e90
MANUAL: _ZNK14typesafe_indexIh12TAG_PriorityEplERKh @ 0xaa8ee0
MANUAL: _ZN19RestrictIDTypeArrayI9AP_ParamTIiL11ap_var_type3EELj3E14typesafe_indexIh12TAG_PriorityEEixERKS5_ @ 0xaa8f60
MANUAL: _ZN14typesafe_indexIh12TAG_PriorityEppEi @ 0xaa8fe0
MANUAL: _ZN7Compass10configuredEh @ 0x603530
MANUAL: _ZN19RestrictIDTypeArrayIN7Compass9mag_stateELj4E14typesafe_indexIh14TAG_StateIndexEEixERKS4_ @ 0xaa9050
MANUAL: _ZNK14typesafe_indexIh14TAG_StateIndexEeqERKh @ 0xaa90d0
MANUAL: _ZN8AP_Param4loadEv @ 0x603740
MANUAL: _ZN8AP_Param7set_keyERNS_12Param_headerEt @ 0x603a40
MANUAL: _ZN8AP_Param4scanEPKNS_12Param_headerEPt @ 0x603ad0
MANUAL: _ZN8AP_Param9type_sizeE11ap_var_type @ 0x603c60
MANUAL: _ZNK13StorageAccess4sizeEv @ 0xaa9140
MANUAL: _ZN8AP_Param7get_keyERKNS_12Param_headerE @ 0x603d00
MANUAL: _ZN8AP_Param11is_sentinalERKNS_12Param_headerE @ 0x603d70
MANUAL: _ZNK19RestrictIDTypeArrayIP17CompassCalibratorLj3E14typesafe_indexIh12TAG_PriorityEEixERKS4_ @ 0xaa9190
MANUAL: _ZNK14AP_OpenDroneID7enabledEv @ 0xaa9210
MANUAL: _ZNK7AP_EnumIN9AP_Arming8RequiredEEcvKS1_Ev @ 0xaa9280
MANUAL: _ZN5Plane9is_flyingEv @ 0x603ec0
MANUAL: _ZNK9AP_Arming14option_enabledENS_6OptionE @ 0xaa9340
MANUAL: _ZN15AP_Arming_Plane17update_soft_armedEv @ 0x604400
MANUAL: _ZNK9AP_Arming8is_armedEv @ 0x604840
MANUAL: _ZN9AP_Logger17set_vehicle_armedEb @ 0x6048c0
MANUAL: _ZN10AP_Mission18init_jump_trackingEv @ 0x6049b0
MANUAL: _ZNK9AP_Arming22get_rudder_arming_typeEv @ 0xaa9420
MANUAL: _ZN14AP_BoardConfig13get_singletonEv @ 0xaa9480
MANUAL: _ZN9AP_Logger11Write_EventE8LogEvent @ 0x6050f0
MANUAL: _ZN8AC_Fence12clear_breachEh @ 0x605180
MANUAL: _ZN9AP_Logger18WriteCriticalBlockEPKvt @ 0x6051f0
MANUAL: _ZNK9AP_Arming23is_armed_and_safety_offEv @ 0x6052a0
MANUAL: _ZNK9QuadPlane12in_vtol_modeEv @ 0x6054d0
MANUAL: _ZNK9QuadPlane15PosControlState9get_stateEv @ 0xaa9650
MANUAL: _ZNK9QuadPlane12in_vtol_autoEv @ 0x605750
MANUAL: _ZNK10AP_Mission19get_current_nav_cmdEv @ 0xaa96a0
MANUAL: _ZNK9QuadPlane20in_vtol_land_descentEv @ 0x605cb0
MANUAL: _ZN5Plane11update_homeEv @ 0x6060e0
MANUAL: _ZN7AP_AHRS8set_homeERK8Location @ 0x6062f0
MANUAL: _ZN5Plane18update_current_locEv @ 0x6064e0
MANUAL: _ZNK7AP_AHRS11get_yaw_degEv @ 0xaa9840
MANUAL: _ZNK7AP_AHRS28get_relative_position_D_homeERf @ 0x6066f0
MANUAL: _ZNK7AP_Baro12get_altitudeEv @ 0xaa9890
MANUAL: _ZNK7AP_AHRS30get_relative_position_D_originERd @ 0x606890
MANUAL: _ZNK7AP_AHRS11_get_originER8Location @ 0x6069d0
MANUAL: _ZNK7AP_AHRS11_get_originENS_7EKFTypeER8Location @ 0x606ab0
MANUAL: _ZNK11AP_AHRS_DCM10get_originER8Location @ 0x606be0
MANUAL: _ZNK7NavEKF212getOriginLLHER8Location @ 0x606ca0
MANUAL: _ZNK7NavEKF312getOriginLLHER8Location @ 0x606d80
MANUAL: _ZNK16AP_AHRS_External10get_originER8Location @ 0x606f00
MANUAL: _ZN15AP_ExternalAHRS10get_originER8Location @ 0x606f70
MANUAL: _ZNK8Location11initialisedEv @ 0xaa98f0
MANUAL: _ZNK12NavEKF3_core12getOriginLLHER8Location @ 0x607060
MANUAL: _ZNK12NavEKF2_core12getOriginLLHER8Location @ 0x607150
MANUAL: _ZNK8Location7is_zeroEv @ 0x607230
MANUAL: _ZNK11AP_AHRS_DCM30get_relative_position_D_originERd @ 0x6072b0
MANUAL: _ZNK7NavEKF37getPosDERd @ 0x6073f0
MANUAL: _ZNK7Vector3IfE8todoubleEv @ 0xaa9980
MANUAL: _ZN7Vector3IdEmLEd @ 0xaa9a00
MANUAL: _ZN8Location13offset_latlngERiS0_dd @ 0x6078c0
MANUAL: _ZN8Location15limit_lattitudeEi @ 0x6079c0
MANUAL: _ZN8Location14wrap_longitudeEl @ 0x607a60
MANUAL: _ZN7Vector3IdEC2Eddd @ 0xaa9a90
MANUAL: _ZNK12NavEKF3_core7getPosDERd @ 0x607b00
MANUAL: _ZNK12NavEKF3_core13getPosD_localERd @ 0x607bd0
MANUAL: _ZN7Vector3IdEC2Ev @ 0xaa9b20
MANUAL: _ZNK11AP_AHRS_DCM32get_relative_position_NED_originER7Vector3IdE @ 0x607d70
MANUAL: _ZNK11AP_AHRS_DCM12get_locationER8Location @ 0x607e50
MANUAL: _ZNK8Location24get_distance_NED_postypeERKS_ @ 0x608050
MANUAL: _ZN8Location6offsetEdd @ 0x608180
MANUAL: _ZNK6AP_GPS7get_lagERf @ 0xaa9b80
MANUAL: _ZNK6AP_GPS7get_lagEhRf @ 0x608210
MANUAL: _ZNK8Location12check_latlngEv @ 0x608420
MANUAL: _ZN8Location16change_alt_frameENS_8AltFrameE @ 0x6084a0
MANUAL: _ZN7AP_AHRS25Log_Write_Home_And_OriginEv @ 0x608540
MANUAL: _ZN3GCS12send_messageE10ap_message @ 0x608610
MANUAL: _ZN10AP_Mission21write_home_to_storageEv @ 0x6086c0
MANUAL: _ZN10AP_Mission20write_cmd_to_storageEtRKNS_15Mission_CommandE @ 0x6087c0
MANUAL: _ZN13AP_ParamTBaseIsL11ap_var_type2EE12set_and_saveERKs @ 0xaa9c00
MANUAL: _ZNK10AP_Mission16num_commands_maxEv @ 0xaa9cc0
MANUAL: _ZNK13StorageAccess10write_byteEth @ 0x608b40
MANUAL: _ZNK13StorageAccess12write_uint16Ett @ 0x608bc0
MANUAL: _ZNK13StorageAccess11write_blockEtPKvm @ 0x608c50
MANUAL: _ZN11GCS_MAVLINK12send_messageE10ap_message @ 0x608f40
MANUAL: _ZN11GCS_MAVLINK22save_signing_timestampEb @ 0x609050
MANUAL: _ZNK11GCS_MAVLINK12is_streamingEv @ 0xaa9d10
MANUAL: _ZN7BitmaskILt91EE3setEt @ 0xaa9d70
MANUAL: _ZNK7BitmaskILt91EE8validateEt @ 0xaa9e30
MANUAL: _ZN11GCS_MAVLINK16signing_key_loadER10SigningKey @ 0x609180
MANUAL: _ZNK7AP_AHRS10get_originER8Location @ 0x6092e0
MANUAL: _ZNK7AP_AHRS12Write_OriginENS_13LogOriginTypeERK8Location @ 0x609360
MANUAL: _ZNK8Location10get_alt_cmENS_8AltFrameERi @ 0x609450
MANUAL: _ZN9AP_Logger10WriteBlockEPKvt @ 0x609790
MANUAL: _ZN17AP_Logger_Backend10WriteBlockEPKvt @ 0xaa9ec0
MANUAL: _ZNK8Location13get_alt_frameEv @ 0x609840
MANUAL: _ZN2AP7terrainEv @ 0x609920
MANUAL: _ZN10AP_Terrain11height_amslERK8LocationRfb @ 0x609960
MANUAL: _ZN10AP_Terrain8allocateEv @ 0x609da0
MANUAL: _ZNK10AP_Terrain19calculate_grid_infoERK8LocationRNS_9grid_infoE @ 0x609ec0
MANUAL: _ZN10AP_Terrain15find_grid_cacheERKNS_9grid_infoE @ 0x60a330
MANUAL: _ZN10AP_Terrain12check_bitmapERKNS_10grid_blockEhh @ 0x60a640
MANUAL: _ZN10AP_Terrain11grid_bitnumEhh @ 0x60a700
MANUAL: _Z9check_lati @ 0x60a790
MANUAL: _Z9check_lngi @ 0x60a800
MANUAL: _ZNK7AP_AHRS14home_is_lockedEv @ 0xaa9f50
MANUAL: _ZN7AP_Baro18update_calibrationEv @ 0x60a870
MANUAL: _ZN7AP_AHRS16resetHeightDatumEv @ 0x60a9e0
MANUAL: _ZN7NavEKF316resetHeightDatumEv @ 0x60ab50
MANUAL: _ZN7NavEKF216resetHeightDatumEv @ 0x60ac30
MANUAL: _ZN6AP_DAL10log_event2ENS_5EventE @ 0x60ad10
MANUAL: _ZN12NavEKF2_core16resetHeightDatumEv @ 0x60ad90
MANUAL: _ZN11AP_DAL_Baro18update_calibrationEv @ 0x60af00
MANUAL: _ZNK10AP_DAL_GPS8locationEv @ 0xaaa000
MANUAL: _ZN8Location13copy_alt_fromERKS_ @ 0x60af50
MANUAL: _ZNK10AP_DAL_GPS8locationEh @ 0xaaa060
MANUAL: _ZN6AP_DAL9end_frameEv @ 0x60b020
MANUAL: _ZN6AP_DAL15WriteLogMessageE11LogMessagesPvPKvh @ 0x60b0a0
MANUAL: _ZNK9AP_Logger10log_replayEv @ 0xaaa0d0
MANUAL: _ZN6AP_DAL10log_event3ENS_5EventE @ 0x60b360
MANUAL: _ZN12NavEKF3_core16resetHeightDatumEv @ 0x60b3e0
MANUAL: _ZNK7AP_Baro21get_sealevel_pressureEff @ 0x60b550
MANUAL: _ZNK7AP_Baro24get_external_temperatureEv @ 0xaaa130
MANUAL: _ZNK7AP_Baro24get_external_temperatureEh @ 0x60b6e0
MANUAL: _ZNK11AP_Airspeed7healthyEv @ 0xaaa190
MANUAL: _ZN11AP_Airspeed15get_temperatureERf @ 0xaaa1f0
MANUAL: _ZNK7AP_Baro15get_temperatureEh @ 0xaaa270
MANUAL: _ZL3MINIffEDTqultfp_fp0_fp_fp0_ERKT_RKT0_.2759 @ 0x60b810
MANUAL: _ZN11AP_Airspeed15get_temperatureEhRf @ 0x60b8a0
MANUAL: _ZNK7AP_AHRS16get_velocity_NEDER7Vector3IfE @ 0x60bdc0
MANUAL: _ZN10AP_Terrain23update_reference_offsetEv @ 0x60be40
MANUAL: _ZNK9AP_ParamTIfL11ap_var_type4EEngEv @ 0xaaa340
MANUAL: _ZNK7NavEKF315getFilterStatusER17nav_filter_status @ 0x60c130
MANUAL: _ZNK15AP_ExternalAHRS17get_filter_statusER17nav_filter_status @ 0x60c420
MANUAL: _ZNK12NavEKF3_core15getFilterStatusER17nav_filter_status @ 0x60c5b0
MANUAL: _ZNK9AP_Arming18get_enabled_checksEv @ 0x60c690
MANUAL: _GLOBAL__sub_I_AP_Arming_Plane.cpp @ 0x5a4d10
MANUAL: _GLOBAL__sub_I_AP_ExternalControl_Plane.cpp @ 0x5a4d50
MANUAL: _GLOBAL__sub_I_Attitude.cpp @ 0x5a4d90
MANUAL: _GLOBAL__sub_I_GCS_MAVLink_Plane.cpp @ 0x5a4dd0
MANUAL: _GLOBAL__sub_I_GCS_Plane.cpp @ 0x5a4e10
MANUAL: _GLOBAL__sub_I_Log.cpp @ 0x5a4e50
MANUAL: _GLOBAL__sub_I_Parameters.cpp @ 0x5a4e90
MANUAL: _GLOBAL__sub_I_Plane.cpp @ 0x5a4ed0
MANUAL: _GLOBAL__sub_I_RC_Channel_Plane.cpp @ 0x5a4f10
MANUAL: _GLOBAL__sub_I_VTOL_Assist.cpp @ 0x5a4f50
MANUAL: _GLOBAL__sub_I_afs_plane.cpp @ 0x5a4f90
MANUAL: _GLOBAL__sub_I_altitude.cpp @ 0x5a4fd0
MANUAL: _GLOBAL__sub_I_avoidance_adsb.cpp @ 0x5a5010
MANUAL: _GLOBAL__sub_I_commands.cpp @ 0x5a5050
MANUAL: _GLOBAL__sub_I_commands_logic.cpp @ 0x5a5090
MANUAL: _GLOBAL__sub_I_control_modes.cpp @ 0x5a50d0
MANUAL: _GLOBAL__sub_I_ekf_check.cpp @ 0x5a5110
MANUAL: _GLOBAL__sub_I_events.cpp @ 0x5a5150
MANUAL: _GLOBAL__sub_I_failsafe.cpp @ 0x5a5190
MANUAL: _GLOBAL__sub_I_fence.cpp @ 0x5a51d0
MANUAL: _GLOBAL__sub_I_is_flying.cpp @ 0x5a5210
MANUAL: _GLOBAL__sub_I_mode.cpp @ 0x5a5250
MANUAL: _GLOBAL__sub_I_mode_LoiterAltQLand.cpp @ 0x5a5290
MANUAL: _GLOBAL__sub_I_mode_acro.cpp @ 0x5a52d0
MANUAL: _GLOBAL__sub_I_mode_auto.cpp @ 0x5a5310
MANUAL: _GLOBAL__sub_I_mode_autoland.cpp @ 0x5a5350
MANUAL: _GLOBAL__sub_I_mode_autotune.cpp @ 0x5a5390
MANUAL: _GLOBAL__sub_I_mode_avoidADSB.cpp @ 0x5a53d0
MANUAL: _GLOBAL__sub_I_mode_circle.cpp @ 0x5a5410
MANUAL: _GLOBAL__sub_I_mode_cruise.cpp @ 0x5a5450
MANUAL: _GLOBAL__sub_I_mode_fbwa.cpp @ 0x5a5490
MANUAL: _GLOBAL__sub_I_mode_fbwb.cpp @ 0x5a54d0
MANUAL: _GLOBAL__sub_I_mode_guided.cpp @ 0x5a5510
MANUAL: _GLOBAL__sub_I_mode_loiter.cpp @ 0x5a5550
MANUAL: _GLOBAL__sub_I_mode_manual.cpp @ 0x5a5590
MANUAL: _GLOBAL__sub_I_mode_qacro.cpp @ 0x5a55d0
MANUAL: _GLOBAL__sub_I_mode_qautotune.cpp @ 0x5a5610
MANUAL: _GLOBAL__sub_I_mode_qhover.cpp @ 0x5a5650
MANUAL: _GLOBAL__sub_I_mode_qland.cpp @ 0x5a5690
MANUAL: _GLOBAL__sub_I_mode_qloiter.cpp @ 0x5a56d0
MANUAL: _GLOBAL__sub_I_mode_qrtl.cpp @ 0x5a5710
MANUAL: _GLOBAL__sub_I_mode_qstabilize.cpp @ 0x5a5750
MANUAL: _GLOBAL__sub_I_mode_rtl.cpp @ 0x5a5790
MANUAL: _GLOBAL__sub_I_mode_stabilize.cpp @ 0x5a57d0
MANUAL: _GLOBAL__sub_I_mode_takeoff.cpp @ 0x5a5810
MANUAL: _GLOBAL__sub_I_mode_thermal.cpp @ 0x5a5850
MANUAL: _GLOBAL__sub_I_mode_training.cpp @ 0x5a5890
MANUAL: _GLOBAL__sub_I_motor_test.cpp @ 0x5a58d0
MANUAL: _GLOBAL__sub_I_navigation.cpp @ 0x5a5910
MANUAL: _GLOBAL__sub_I_parachute.cpp @ 0x5a5950
MANUAL: _GLOBAL__sub_I_pullup.cpp @ 0x5a5990
MANUAL: _GLOBAL__sub_I_qautotune.cpp @ 0x5a59d0
MANUAL: _GLOBAL__sub_I_quadplane.cpp @ 0x5a5a10
MANUAL: _GLOBAL__sub_I_radio.cpp @ 0x5a5a50
MANUAL: _GLOBAL__sub_I_reverse_thrust.cpp @ 0x5a5a90
MANUAL: _GLOBAL__sub_I_sensors.cpp @ 0x5a5ad0
MANUAL: _GLOBAL__sub_I_servos.cpp @ 0x5a5b10
MANUAL: _GLOBAL__sub_I_soaring.cpp @ 0x5a5b50
MANUAL: _GLOBAL__sub_I_system.cpp @ 0x5a5b90
MANUAL: _GLOBAL__sub_I_systemid.cpp @ 0x5a5bd0
MANUAL: _GLOBAL__sub_I_tailsitter.cpp @ 0x5a5c10
MANUAL: _GLOBAL__sub_I_takeoff.cpp @ 0x5a5c50
MANUAL: _GLOBAL__sub_I_tiltrotor.cpp @ 0x5a5c90
MANUAL: _GLOBAL__sub_I_tuning.cpp @ 0x5a5cd0
MANUAL: _GLOBAL__sub_I_AP_AHRS_Logging.cpp @ 0x5a5d10
MANUAL: _GLOBAL__sub_I_AP_AHRS_View.cpp @ 0x5a5d50
MANUAL: _GLOBAL__sub_I_AP_AHRS.cpp @ 0x5a5d90
MANUAL: _GLOBAL__sub_I_AP_AHRS_Backend.cpp @ 0x5a5dd0
MANUAL: _GLOBAL__sub_I_AP_AHRS_DCM.cpp @ 0x5a5e10
MANUAL: _GLOBAL__sub_I_Airspeed_Calibration.cpp @ 0x5a5e50
MANUAL: _GLOBAL__sub_I_AP_Airspeed.cpp @ 0x5a5e90
MANUAL: _GLOBAL__sub_I_AP_Airspeed_Params.cpp @ 0x5a5ed0
MANUAL: _GLOBAL__sub_I_AP_Baro_atmosphere.cpp @ 0x5a5f10
MANUAL: _GLOBAL__sub_I_AP_Baro.cpp @ 0x5a5f50
MANUAL: _GLOBAL__sub_I_AP_Baro_SITL.cpp @ 0x5a5f90
MANUAL: _GLOBAL__sub_I_AP_BattMonitor.cpp @ 0x5a5fd0
MANUAL: _GLOBAL__sub_I_AP_BattMonitor_Params.cpp @ 0x5a6010
MANUAL: _GLOBAL__sub_I_AP_BoardConfig.cpp @ 0x5a6050
MANUAL: _GLOBAL__sub_I_AP_Camera.cpp @ 0x5a6090
MANUAL: _GLOBAL__sub_I_AP_Camera_Backend.cpp @ 0x5a60d0
MANUAL: _GLOBAL__sub_I_AP_Camera_Logging.cpp @ 0x5a6110
MANUAL: _GLOBAL__sub_I_AP_Camera_MAVLink.cpp @ 0x5a6150
MANUAL: _GLOBAL__sub_I_AP_Camera_MAVLinkCamV2.cpp @ 0x5a6190
MANUAL: _GLOBAL__sub_I_AP_Camera_Mount.cpp @ 0x5a61d0
MANUAL: _GLOBAL__sub_I_AP_Camera_Params.cpp @ 0x5a6210
MANUAL: _GLOBAL__sub_I_AP_Camera_Relay.cpp @ 0x5a6250
MANUAL: _GLOBAL__sub_I_AP_Camera_Scripting.cpp @ 0x5a6290
MANUAL: _GLOBAL__sub_I_AP_Camera_Servo.cpp @ 0x5a62d0
MANUAL: _GLOBAL__sub_I_AP_Camera_SoloGimbal.cpp @ 0x5a6310
MANUAL: _GLOBAL__sub_I_AP_RunCam.cpp @ 0x5a6350
MANUAL: _GLOBAL__sub_I_Location.cpp @ 0x5a6390
MANUAL: _GLOBAL__sub_I_AP_Compass.cpp @ 0x5a63d0
MANUAL: _GLOBAL__sub_I_AP_Compass_AK09916.cpp @ 0x5a6410
MANUAL: _GLOBAL__sub_I_AP_Compass_BMM150.cpp @ 0x5a6450
MANUAL: _GLOBAL__sub_I_AP_Compass_BMM350.cpp @ 0x5a6490
MANUAL: _GLOBAL__sub_I_AP_Compass_Backend.cpp @ 0x5a64d0
MANUAL: _GLOBAL__sub_I_AP_Compass_Calibration.cpp @ 0x5a6510
MANUAL: _GLOBAL__sub_I_AP_Compass_DroneCAN.cpp @ 0x5a6550
MANUAL: _GLOBAL__sub_I_AP_Compass_ExternalAHRS.cpp @ 0x5a6590
MANUAL: _GLOBAL__sub_I_AP_Compass_HMC5843.cpp @ 0x5a65d0
MANUAL: _GLOBAL__sub_I_AP_Compass_IST8308.cpp @ 0x5a6610
MANUAL: _GLOBAL__sub_I_AP_Compass_IST8310.cpp @ 0x5a6650
MANUAL: _GLOBAL__sub_I_AP_Compass_LIS3MDL.cpp @ 0x5a6690
MANUAL: _GLOBAL__sub_I_AP_Compass_MMC3416.cpp @ 0x5a66d0
MANUAL: _GLOBAL__sub_I_AP_Compass_MSP.cpp @ 0x5a6710
MANUAL: _GLOBAL__sub_I_AP_Compass_QMC5883L.cpp @ 0x5a6750
MANUAL: _GLOBAL__sub_I_AP_Compass_QMC5883P.cpp @ 0x5a6790
MANUAL: _GLOBAL__sub_I_AP_Compass_RM3100.cpp @ 0x5a67d0
MANUAL: _GLOBAL__sub_I_AP_Compass_SITL.cpp @ 0x5a6810
MANUAL: _GLOBAL__sub_I_CompassCalibrator.cpp @ 0x5a6850
MANUAL: _GLOBAL__sub_I_Compass_PerMotor.cpp @ 0x5a6890
MANUAL: _GLOBAL__sub_I_Compass_learn.cpp @ 0x5a68d0
MANUAL: _GLOBAL__sub_I_AP_Declination.cpp @ 0x5a6910
MANUAL: _GLOBAL__sub_I_tables.cpp @ 0x5a6950
MANUAL: _GLOBAL__sub_I_AP_GPS.cpp @ 0x5a6990
MANUAL: _GLOBAL__sub_I_AP_GPS_Blended.cpp @ 0x5a69d0
MANUAL: _GLOBAL__sub_I_AP_GPS_DroneCAN.cpp @ 0x5a6a10
MANUAL: _GLOBAL__sub_I_AP_GPS_ERB.cpp @ 0x5a6a50
MANUAL: _GLOBAL__sub_I_AP_GPS_ExternalAHRS.cpp @ 0x5a6a90
MANUAL: _GLOBAL__sub_I_AP_GPS_GSOF.cpp @ 0x5a6ad0
MANUAL: _GLOBAL__sub_I_AP_GPS_MAV.cpp @ 0x5a6b10
MANUAL: _GLOBAL__sub_I_AP_GPS_MSP.cpp @ 0x5a6b50
MANUAL: _GLOBAL__sub_I_AP_GPS_NMEA.cpp @ 0x5a6b90
MANUAL: _GLOBAL__sub_I_AP_GPS_NOVA.cpp @ 0x5a6bd0
MANUAL: _GLOBAL__sub_I_AP_GPS_Params.cpp @ 0x5a6c10
MANUAL: _GLOBAL__sub_I_AP_GPS_SBF.cpp @ 0x5a6c50
MANUAL: _GLOBAL__sub_I_AP_GPS_SBP.cpp @ 0x5a6c90
MANUAL: _GLOBAL__sub_I_AP_GPS_SBP2.cpp @ 0x5a6cd0
MANUAL: _GLOBAL__sub_I_AP_GPS_SIRF.cpp @ 0x5a6d10
MANUAL: _GLOBAL__sub_I_AP_GPS_SITL.cpp @ 0x5a6d50
MANUAL: _GLOBAL__sub_I_AP_GPS_UBLOX.cpp @ 0x5a6d90
MANUAL: _GLOBAL__sub_I_GPS_Backend.cpp @ 0x5a6dd0
MANUAL: _GLOBAL__sub_I_MovingBase.cpp @ 0x5a6e10
MANUAL: _GLOBAL__sub_I_RTCM3_Parser.cpp @ 0x5a6e50
MANUAL: _GLOBAL__sub_I_AP_GSOF.cpp @ 0x5a6e90
MANUAL: _GLOBAL__sub_I_GPIO.cpp @ 0x5a6ed0
MANUAL: _GLOBAL__sub_I_UARTDriver.cpp @ 0x5a6f10
MANUAL: _GLOBAL__sub_I_Util.cpp @ 0x5a6f50
MANUAL: _GLOBAL__sub_I_AP_InertialSensor_Logging.cpp @ 0x5a6f90
MANUAL: _GLOBAL__sub_I_AP_InertialSensor.cpp @ 0x5a6fd0
MANUAL: _GLOBAL__sub_I_AP_GeodesicGrid.cpp @ 0x5a7010
MANUAL: _GLOBAL__sub_I_AP_Math.cpp @ 0x5a7050
MANUAL: _GLOBAL__sub_I_chirp.cpp @ 0x5a7090
MANUAL: _GLOBAL__sub_I_control.cpp @ 0x5a70d0
MANUAL: _GLOBAL__sub_I_location.cpp @ 0x5a7110
MANUAL: _GLOBAL__sub_I_matrix3.cpp @ 0x5a7150
MANUAL: _GLOBAL__sub_I_matrix_alg.cpp @ 0x5a7190
MANUAL: _GLOBAL__sub_I_quaternion.cpp @ 0x5a71d0
MANUAL: _GLOBAL__sub_I_vector2.cpp @ 0x5a7210
MANUAL: _GLOBAL__sub_I_vector3.cpp @ 0x5a7250
MANUAL: _GLOBAL__sub_I_AP_Mission.cpp @ 0x5a7290
MANUAL: _GLOBAL__sub_I_EKFGSF_yaw.cpp @ 0x5a72d0
MANUAL: _GLOBAL__sub_I_AP_NavEKF2_Logging.cpp @ 0x5a7310
MANUAL: _GLOBAL__sub_I_AP_NavEKF2_Outputs.cpp @ 0x5a7350
MANUAL: _GLOBAL__sub_I_AP_NavEKF2.cpp @ 0x5a7390
MANUAL: _GLOBAL__sub_I_AP_NavEKF3.cpp @ 0x5a73d0
MANUAL: _GLOBAL__sub_I_AP_NavEKF3_Control.cpp @ 0x5a7410
MANUAL: _GLOBAL__sub_I_AP_NavEKF3_GyroBias.cpp @ 0x5a7450
MANUAL: _GLOBAL__sub_I_AP_NavEKF3_Logging.cpp @ 0x5a7490
MANUAL: _GLOBAL__sub_I_AP_NavEKF3_MagFusion.cpp @ 0x5a74d0
MANUAL: _GLOBAL__sub_I_AP_NavEKF3_Measurements.cpp @ 0x5a7510
MANUAL: _GLOBAL__sub_I_AP_NavEKF3_OptFlowFusion.cpp @ 0x5a7550
MANUAL: _GLOBAL__sub_I_AP_NavEKF3_Outputs.cpp @ 0x5a7590
MANUAL: _GLOBAL__sub_I_AP_NavEKF3_PosVelFusion.cpp @ 0x5a75d0
MANUAL: _GLOBAL__sub_I_AP_NavEKF3_VehicleStatus.cpp @ 0x5a7610
MANUAL: _GLOBAL__sub_I_AP_NavEKF3_core.cpp @ 0x5a7650
MANUAL: _GLOBAL__sub_I_AP_Notify.cpp @ 0x5a7690
MANUAL: _GLOBAL__sub_I_Display.cpp @ 0x5a76d0
MANUAL: _GLOBAL__sub_I_DroneCAN_RGB_LED.cpp @ 0x5a7710
MANUAL: _GLOBAL__sub_I_NeoPixel.cpp @ 0x5a7750
MANUAL: _GLOBAL__sub_I_ProfiLED.cpp @ 0x5a7790
MANUAL: _GLOBAL__sub_I_RGBLed.cpp @ 0x5a77d0
MANUAL: _GLOBAL__sub_I_ToneAlarm.cpp @ 0x5a7810
MANUAL: _GLOBAL__sub_I_AP_OpticalFlow.cpp @ 0x5a7850
MANUAL: _GLOBAL__sub_I_AP_OpticalFlow_Backend.cpp @ 0x5a7890
MANUAL: _GLOBAL__sub_I_AP_OpticalFlow_CXOF.cpp @ 0x5a78d0
MANUAL: _GLOBAL__sub_I_AP_OpticalFlow_Calibrator.cpp @ 0x5a7910
MANUAL: _GLOBAL__sub_I_AP_OpticalFlow_HereFlow.cpp @ 0x5a7950
MANUAL: _GLOBAL__sub_I_AP_OpticalFlow_MAV.cpp @ 0x5a7990
MANUAL: _GLOBAL__sub_I_AP_OpticalFlow_MSP.cpp @ 0x5a79d0
MANUAL: _GLOBAL__sub_I_AP_OpticalFlow_PX4Flow.cpp @ 0x5a7a10
MANUAL: _GLOBAL__sub_I_AP_OpticalFlow_Pixart.cpp @ 0x5a7a50
MANUAL: _GLOBAL__sub_I_AP_OpticalFlow_SITL.cpp @ 0x5a7a90
MANUAL: _GLOBAL__sub_I_AP_OpticalFlow_UPFLOW.cpp @ 0x5a7ad0
MANUAL: _GLOBAL__sub_I_AP_Param.cpp @ 0x5a7b10
MANUAL: _GLOBAL__sub_I_AP_ParamT.cpp @ 0x5a7b60
MANUAL: _GLOBAL__sub_I_AP_Rally.cpp @ 0x5a7ba0
MANUAL: _GLOBAL__sub_I_AP_RangeFinder.cpp @ 0x5a7be0
MANUAL: _GLOBAL__sub_I_AP_RangeFinder_Ainstein_LR_D1.cpp @ 0x5a7c20
MANUAL: _GLOBAL__sub_I_AP_RangeFinder_BLPing.cpp @ 0x5a7c60
MANUAL: _GLOBAL__sub_I_AP_RangeFinder_Backend.cpp @ 0x5a7ca0
MANUAL: _GLOBAL__sub_I_AP_RangeFinder_Backend_CAN.cpp @ 0x5a7ce0
MANUAL: _GLOBAL__sub_I_AP_RangeFinder_Backend_Serial.cpp @ 0x5a7d20
MANUAL: _GLOBAL__sub_I_AP_RangeFinder_Benewake.cpp @ 0x5a7d60
MANUAL: _GLOBAL__sub_I_AP_RangeFinder_Benewake_CAN.cpp @ 0x5a7da0
MANUAL: _GLOBAL__sub_I_AP_RangeFinder_Benewake_TFMiniPlus.cpp @ 0x5a7de0
MANUAL: _GLOBAL__sub_I_AP_RangeFinder_GYUS42v2.cpp @ 0x5a7e20
MANUAL: _GLOBAL__sub_I_AP_RangeFinder_HC_SR04.cpp @ 0x5a7e60
MANUAL: _GLOBAL__sub_I_AP_RangeFinder_JRE_Serial.cpp @ 0x5a7ea0
MANUAL: _GLOBAL__sub_I_AP_RangeFinder_Lanbao.cpp @ 0x5a7ee0
MANUAL: _GLOBAL__sub_I_AP_RangeFinder_LeddarOne.cpp @ 0x5a7f20
MANUAL: _GLOBAL__sub_I_AP_RangeFinder_LeddarVu8.cpp @ 0x5a7f60
MANUAL: _GLOBAL__sub_I_AP_RangeFinder_LightWareI2C.cpp @ 0x5a7fa0
MANUAL: _GLOBAL__sub_I_AP_RangeFinder_LightWareSerial.cpp @ 0x5a7fe0
MANUAL: _GLOBAL__sub_I_AP_RangeFinder_Lua.cpp @ 0x5a8020
MANUAL: _GLOBAL__sub_I_AP_RangeFinder_MAVLink.cpp @ 0x5a8060
MANUAL: _GLOBAL__sub_I_AP_RangeFinder_MSP.cpp @ 0x5a80a0
MANUAL: _GLOBAL__sub_I_AP_RangeFinder_MaxsonarI2CXL.cpp @ 0x5a80e0
MANUAL: _GLOBAL__sub_I_AP_RangeFinder_MaxsonarSerialLV.cpp @ 0x5a8120
MANUAL: _GLOBAL__sub_I_AP_RangeFinder_NMEA.cpp @ 0x5a8160
MANUAL: _GLOBAL__sub_I_AP_RangeFinder_NRA24_CAN.cpp @ 0x5a81a0
MANUAL: _GLOBAL__sub_I_AP_RangeFinder_NoopLoop.cpp @ 0x5a81e0
MANUAL: _GLOBAL__sub_I_AP_RangeFinder_Params.cpp @ 0x5a8220
MANUAL: _GLOBAL__sub_I_AP_RangeFinder_PulsedLightLRF.cpp @ 0x5a8260
MANUAL: _GLOBAL__sub_I_AP_RangeFinder_RDS02UF.cpp @ 0x5a82a0
MANUAL: _GLOBAL__sub_I_AP_RangeFinder_SITL.cpp @ 0x5a82e0
MANUAL: _GLOBAL__sub_I_AP_RangeFinder_TOFSenseF_I2C.cpp @ 0x5a8320
MANUAL: _GLOBAL__sub_I_AP_RangeFinder_TOFSenseP_CAN.cpp @ 0x5a8360
MANUAL: _GLOBAL__sub_I_AP_RangeFinder_TeraRangerI2C.cpp @ 0x5a83a0
MANUAL: _GLOBAL__sub_I_AP_RangeFinder_TeraRanger_Serial.cpp @ 0x5a83e0
MANUAL: _GLOBAL__sub_I_AP_RangeFinder_USD1_CAN.cpp @ 0x5a8420
MANUAL: _GLOBAL__sub_I_AP_RangeFinder_USD1_Serial.cpp @ 0x5a8460
MANUAL: _GLOBAL__sub_I_AP_RangeFinder_VL53L0X.cpp @ 0x5a84a0
MANUAL: _GLOBAL__sub_I_AP_RangeFinder_VL53L1X.cpp @ 0x5a84e0
MANUAL: _GLOBAL__sub_I_AP_RangeFinder_Wasp.cpp @ 0x5a8520
MANUAL: _GLOBAL__sub_I_AP_RangeFinder_analog.cpp @ 0x5a8560
MANUAL: _GLOBAL__sub_I_PerfInfo.cpp @ 0x5a85a0
MANUAL: _GLOBAL__sub_I_AP_Scheduler.cpp @ 0x5a85e0
MANUAL: _GLOBAL__sub_I_AP_SerialManager.cpp @ 0x5a8620
MANUAL: _GLOBAL__sub_I_TerrainGCS.cpp @ 0x5a8660
MANUAL: _GLOBAL__sub_I_TerrainIO.cpp @ 0x5a86a0
MANUAL: _GLOBAL__sub_I_TerrainUtil.cpp @ 0x5a86e0
MANUAL: _GLOBAL__sub_I_AP_Terrain.cpp @ 0x5a8720
MANUAL: _GLOBAL__sub_I_Parameters.cpp.6522 @ 0x5a8760
MANUAL: _GLOBAL__sub_I_AP_Vehicle.cpp @ 0x5a87a0
MANUAL: _GLOBAL__sub_I_LogFile.cpp @ 0x5a87e0
MANUAL: _GLOBAL__sub_I_AP_Logger.cpp @ 0x5a8820
MANUAL: _GLOBAL__sub_I_AP_Logger_Backend.cpp @ 0x5a8860
MANUAL: _GLOBAL__sub_I_AP_Logger_File.cpp @ 0x5a88a0
MANUAL: _GLOBAL__sub_I_LoggerMessageWriter.cpp @ 0x5a88e0
MANUAL: _GLOBAL__sub_I_AP_Filter.cpp @ 0x5a8920
MANUAL: _GLOBAL__sub_I_AP_Filter_params.cpp @ 0x5a8960
MANUAL: _GLOBAL__sub_I_AP_NotchFilter_params.cpp @ 0x5a89a0
MANUAL: _GLOBAL__sub_I_DerivativeFilter.cpp @ 0x5a89e0
MANUAL: _GLOBAL__sub_I_LowPassFilter.cpp @ 0x5a8a20
MANUAL: _GLOBAL__sub_I_LowPassFilter2p.cpp @ 0x5a8a60
MANUAL: _GLOBAL__sub_I_NotchFilter.cpp @ 0x5a8aa0
MANUAL: _GLOBAL__sub_I_HarmonicNotchFilter.cpp @ 0x5a8ae0
MANUAL: _GLOBAL__sub_I_GCS_MAVLink.cpp @ 0x5a8b20
MANUAL: _GLOBAL__sub_I_GCS_Param.cpp @ 0x5a8b60
MANUAL: _GLOBAL__sub_I_GCS_Signing.cpp @ 0x5a8ba0
MANUAL: _GLOBAL__sub_I_MAVLink_routing.cpp @ 0x5a8be0
MANUAL: _GLOBAL__sub_I_GCS.cpp @ 0x5a8c20
MANUAL: _GLOBAL__sub_I_GCS_Common.cpp @ 0x5a8c60
MANUAL: _GLOBAL__sub_I_GCS_Fence.cpp @ 0x5a8ca0
MANUAL: _GLOBAL__sub_I_GCS_MAVLink_Parameters.cpp @ 0x5a8ce0
MANUAL: _GLOBAL__sub_I_RC_Channels.cpp @ 0x5a8d20
MANUAL: _GLOBAL__sub_I_RC_Channel.cpp @ 0x5a8d60
MANUAL: _GLOBAL__sub_I_SRV_Channel.cpp @ 0x5a8da0
MANUAL: _GLOBAL__sub_I_SRV_Channel_aux.cpp @ 0x5a8de0
MANUAL: _GLOBAL__sub_I_SRV_Channels.cpp @ 0x5a8e20
MANUAL: _GLOBAL__sub_I_StorageManager.cpp @ 0x5a8e60
MANUAL: _GLOBAL__sub_I_AP_Tuning.cpp @ 0x5a8ea0
MANUAL: _GLOBAL__sub_I_AP_RPM.cpp @ 0x5a8ee0
MANUAL: _GLOBAL__sub_I_AP_RPM_Params.cpp @ 0x5a8f20
MANUAL: _GLOBAL__sub_I_RPM_Backend.cpp @ 0x5a8f60
MANUAL: _GLOBAL__sub_I_RPM_DroneCAN.cpp @ 0x5a8fa0
MANUAL: _GLOBAL__sub_I_RPM_EFI.cpp @ 0x5a8fe0
MANUAL: _GLOBAL__sub_I_RPM_ESC_Telem.cpp @ 0x5a9020
MANUAL: _GLOBAL__sub_I_RPM_Generator.cpp @ 0x5a9060
MANUAL: _GLOBAL__sub_I_RPM_HarmonicNotch.cpp @ 0x5a90a0
MANUAL: _GLOBAL__sub_I_RPM_Pin.cpp @ 0x5a90e0
MANUAL: _GLOBAL__sub_I_RPM_SITL.cpp @ 0x5a9120
MANUAL: _GLOBAL__sub_I_AP_RSSI.cpp @ 0x5a9160
MANUAL: _GLOBAL__sub_I_AP_Mount.cpp @ 0x5a91a0
MANUAL: _GLOBAL__sub_I_AP_Mount_Alexmos.cpp @ 0x5a91e0
MANUAL: _GLOBAL__sub_I_AP_Mount_Backend.cpp @ 0x5a9220
MANUAL: _GLOBAL__sub_I_AP_Mount_Backend_Serial.cpp @ 0x5a9260
MANUAL: _GLOBAL__sub_I_AP_Mount_CADDX.cpp @ 0x5a92a0
MANUAL: _GLOBAL__sub_I_AP_Mount_Gremsy.cpp @ 0x5a92e0
MANUAL: _GLOBAL__sub_I_AP_Mount_Params.cpp @ 0x5a9320
MANUAL: _GLOBAL__sub_I_AP_Mount_SToRM32.cpp @ 0x5a9360
MANUAL: _GLOBAL__sub_I_AP_Mount_SToRM32_serial.cpp @ 0x5a93a0
MANUAL: _GLOBAL__sub_I_AP_Mount_Scripting.cpp @ 0x5a93e0
MANUAL: _GLOBAL__sub_I_AP_Mount_Servo.cpp @ 0x5a9420
MANUAL: _GLOBAL__sub_I_AP_Mount_Siyi.cpp @ 0x5a9460
MANUAL: _GLOBAL__sub_I_AP_Mount_SoloGimbal.cpp @ 0x5a94a0
MANUAL: _GLOBAL__sub_I_AP_Mount_Topotek.cpp @ 0x5a94e0
MANUAL: _GLOBAL__sub_I_AP_Mount_Viewpro.cpp @ 0x5a9520
MANUAL: _GLOBAL__sub_I_AP_Mount_XFRobot.cpp @ 0x5a9560
MANUAL: _GLOBAL__sub_I_AP_Mount_Xacti.cpp @ 0x5a95a0
MANUAL: _GLOBAL__sub_I_SoloGimbal.cpp @ 0x5a95e0
MANUAL: _GLOBAL__sub_I_SoloGimbalEKF.cpp @ 0x5a9620
MANUAL: _GLOBAL__sub_I_SoloGimbal_Parameters.cpp @ 0x5a9660
MANUAL: _GLOBAL__sub_I_AP_Button.cpp @ 0x5a96a0
MANUAL: _GLOBAL__sub_I_AP_ICEngine.cpp @ 0x5a96e0
MANUAL: _GLOBAL__sub_I_AP_ICEngine_TCA9554.cpp @ 0x5a9720
MANUAL: _GLOBAL__sub_I_AP_Frsky_Telem.cpp @ 0x5a9760
MANUAL: _GLOBAL__sub_I_AP_Frsky_SPort_Passthrough.cpp @ 0x5a97a0
MANUAL: _GLOBAL__sub_I_AP_IBus_Telem.cpp @ 0x5a97e0
MANUAL: _GLOBAL__sub_I_AP_Relay.cpp @ 0x5a9820
MANUAL: _GLOBAL__sub_I_AP_ServoRelayEvents.cpp @ 0x5a9860
MANUAL: _GLOBAL__sub_I_AP_Volz_Protocol.cpp @ 0x5a98a0
MANUAL: _GLOBAL__sub_I_AP_SBusOut.cpp @ 0x5a98e0
MANUAL: _GLOBAL__sub_I_AP_Parachute.cpp @ 0x5a9920
MANUAL: _GLOBAL__sub_I_AP_RCProtocol.cpp @ 0x5a9960
MANUAL: _GLOBAL__sub_I_AP_RCProtocol_CRSF.cpp @ 0x5a99a0
MANUAL: _GLOBAL__sub_I_AP_RCProtocol_FPort.cpp @ 0x5a99e0
MANUAL: _GLOBAL__sub_I_AP_RCProtocol_FPort2.cpp @ 0x5a9a20
MANUAL: _GLOBAL__sub_I_AP_RCProtocol_GHST.cpp @ 0x5a9a60
MANUAL: _GLOBAL__sub_I_AP_RCProtocol_SRXL2.cpp @ 0x5a9aa0
MANUAL: _GLOBAL__sub_I_AP_RCProtocol_UDP.cpp @ 0x5a9ae0
MANUAL: _GLOBAL__sub_I_AP_VisualOdom.cpp @ 0x5a9b20
MANUAL: _GLOBAL__sub_I_AP_VisualOdom_Backend.cpp @ 0x5a9b60
MANUAL: _GLOBAL__sub_I_AP_VisualOdom_IntelT265.cpp @ 0x5a9ba0
MANUAL: _GLOBAL__sub_I_AP_VisualOdom_Logging.cpp @ 0x5a9be0
MANUAL: _GLOBAL__sub_I_AP_VisualOdom_MAV.cpp @ 0x5a9c20
MANUAL: _GLOBAL__sub_I_AP_Proximity.cpp @ 0x5a9c60
MANUAL: _GLOBAL__sub_I_AP_Proximity_AirSimSITL.cpp @ 0x5a9ca0
MANUAL: _GLOBAL__sub_I_AP_Proximity_Backend.cpp @ 0x5a9ce0
MANUAL: _GLOBAL__sub_I_AP_Proximity_Backend_Serial.cpp @ 0x5a9d20
MANUAL: _GLOBAL__sub_I_AP_Proximity_Boundary_3D.cpp @ 0x5a9d60
MANUAL: _GLOBAL__sub_I_AP_Proximity_Cygbot_D1.cpp @ 0x5a9da0
MANUAL: _GLOBAL__sub_I_AP_Proximity_LD06.cpp @ 0x5a9de0
MANUAL: _GLOBAL__sub_I_AP_Proximity_LightWareSF40C.cpp @ 0x5a9e20
MANUAL: _GLOBAL__sub_I_AP_Proximity_LightWareSF45B.cpp @ 0x5a9e60
MANUAL: _GLOBAL__sub_I_AP_Proximity_LightWareSerial.cpp @ 0x5a9ea0
MANUAL: _GLOBAL__sub_I_AP_Proximity_MAV.cpp @ 0x5a9ee0
MANUAL: _GLOBAL__sub_I_AP_Proximity_MR72_CAN.cpp @ 0x5a9f20
MANUAL: _GLOBAL__sub_I_AP_Proximity_Params.cpp @ 0x5a9f60
MANUAL: _GLOBAL__sub_I_AP_Proximity_RPLidarA2.cpp @ 0x5a9fa0
MANUAL: _GLOBAL__sub_I_AP_Proximity_RangeFinder.cpp @ 0x5a9fe0
MANUAL: _GLOBAL__sub_I_AP_Proximity_SITL.cpp @ 0x5aa020
MANUAL: _GLOBAL__sub_I_AP_Proximity_Scripting.cpp @ 0x5aa060
MANUAL: _GLOBAL__sub_I_AP_Proximity_TeraRangerTower.cpp @ 0x5aa0a0
MANUAL: _GLOBAL__sub_I_AP_Proximity_TeraRangerTowerEvo.cpp @ 0x5aa0e0
MANUAL: _GLOBAL__sub_I_AP_Proximity_Utils.cpp @ 0x5aa120
MANUAL: _GLOBAL__sub_I_AP_Gripper_Backend.cpp @ 0x5aa160
MANUAL: _GLOBAL__sub_I_AP_Gripper_EPM.cpp @ 0x5aa1a0
MANUAL: _GLOBAL__sub_I_AP_Gripper_Servo.cpp @ 0x5aa1e0
MANUAL: _GLOBAL__sub_I_AP_RTC.cpp @ 0x5aa220
MANUAL: _GLOBAL__sub_I_AC_Sprayer.cpp @ 0x5aa260
MANUAL: _GLOBAL__sub_I_AC_Fence.cpp @ 0x5aa2a0
MANUAL: _GLOBAL__sub_I_AC_PolyFence_loader.cpp @ 0x5aa2e0
MANUAL: _GLOBAL__sub_I_AP_OADatabase.cpp @ 0x5aa320
MANUAL: _GLOBAL__sub_I_AP_LandingGear.cpp @ 0x5aa360
MANUAL: _GLOBAL__sub_I_AP_RobotisServo.cpp @ 0x5aa3a0
MANUAL: _GLOBAL__sub_I_AP_NMEA_Output.cpp @ 0x5aa3e0
MANUAL: _GLOBAL__sub_I_AP_OSD.cpp @ 0x5aa420
MANUAL: _GLOBAL__sub_I_AP_OSD_MSP.cpp @ 0x5aa460
MANUAL: _GLOBAL__sub_I_AP_OSD_MSP_DisplayPort.cpp @ 0x5aa4a0
MANUAL: _GLOBAL__sub_I_AP_OSD_ParamScreen.cpp @ 0x5aa4e0
MANUAL: _GLOBAL__sub_I_AP_OSD_ParamSetting.cpp @ 0x5aa520
MANUAL: _GLOBAL__sub_I_AP_OSD_Screen.cpp @ 0x5aa560
MANUAL: _GLOBAL__sub_I_AP_Filesystem.cpp @ 0x5aa5a0
MANUAL: _GLOBAL__sub_I_AP_Filesystem_Mission.cpp @ 0x5aa5f0
MANUAL: _GLOBAL__sub_I_AP_Filesystem_Param.cpp @ 0x5aa630
MANUAL: _GLOBAL__sub_I_AP_Filesystem_ROMFS.cpp @ 0x5aa670
MANUAL: _GLOBAL__sub_I_AP_Filesystem_Sys.cpp @ 0x5aa6b0
MANUAL: _GLOBAL__sub_I_AP_ADSB.cpp @ 0x5aa6f0
MANUAL: _GLOBAL__sub_I_AP_ADSB_Sagetech_MXS.cpp @ 0x5aa730
MANUAL: _GLOBAL__sub_I_AC_PID.cpp @ 0x5aa770
MANUAL: _GLOBAL__sub_I_AP_SerialLED.cpp @ 0x5aa7b0
MANUAL: _GLOBAL__sub_I_AP_EFI.cpp @ 0x5aa7f0
MANUAL: _GLOBAL__sub_I_AP_EFI_Backend.cpp @ 0x5aa830
MANUAL: _GLOBAL__sub_I_AP_EFI_Currawong_ECU.cpp @ 0x5aa870
MANUAL: _GLOBAL__sub_I_AP_EFI_DroneCAN.cpp @ 0x5aa8b0
MANUAL: _GLOBAL__sub_I_AP_EFI_Loweheiser.cpp @ 0x5aa8f0
MANUAL: _GLOBAL__sub_I_AP_EFI_MAV.cpp @ 0x5aa930
MANUAL: _GLOBAL__sub_I_AP_EFI_NWPMU.cpp @ 0x5aa970
MANUAL: _GLOBAL__sub_I_AP_EFI_Scripting.cpp @ 0x5aa9b0
MANUAL: _GLOBAL__sub_I_AP_EFI_Serial_Hirth.cpp @ 0x5aa9f0
MANUAL: _GLOBAL__sub_I_AP_EFI_Serial_Lutan.cpp @ 0x5aaa30
MANUAL: _GLOBAL__sub_I_AP_EFI_Serial_MS.cpp @ 0x5aaa70
MANUAL: _GLOBAL__sub_I_AP_EFI_ThrottleLinearisation.cpp @ 0x5aaab0
MANUAL: _GLOBAL__sub_I_AP_Hott_Telem.cpp @ 0x5aaaf0
MANUAL: _GLOBAL__sub_I_AP_ESC_Telem.cpp @ 0x5aab30
MANUAL: _GLOBAL__sub_I_AP_ESC_Telem_Backend.cpp @ 0x5aab70
MANUAL: _GLOBAL__sub_I_AP_Servo_Telem.cpp @ 0x5aabb0
MANUAL: _GLOBAL__sub_I_AP_Stats.cpp @ 0x5aabf0
MANUAL: _GLOBAL__sub_I_AP_GyroFFT.cpp @ 0x5aac30
MANUAL: _GLOBAL__sub_I_AP_GHST_Telem.cpp @ 0x5aac70
MANUAL: _GLOBAL__sub_I_AP_Spektrum_Telem.cpp @ 0x5aacb0
MANUAL: _GLOBAL__sub_I_AP_CRSF_Telem.cpp @ 0x5aacf0
MANUAL: _GLOBAL__sub_I_AP_RCTelemetry.cpp @ 0x5aad30
MANUAL: _GLOBAL__sub_I_AP_Generator.cpp @ 0x5aad70
MANUAL: _GLOBAL__sub_I_AP_Generator_Backend.cpp @ 0x5aadb0
MANUAL: _GLOBAL__sub_I_AP_Generator_IE_2400.cpp @ 0x5aadf0
MANUAL: _GLOBAL__sub_I_AP_Generator_IE_650_800.cpp @ 0x5aae30
MANUAL: _GLOBAL__sub_I_AP_Generator_IE_FuelCell.cpp @ 0x5aae70
MANUAL: _GLOBAL__sub_I_AP_Generator_Loweheiser.cpp @ 0x5aaeb0
MANUAL: _GLOBAL__sub_I_AP_Generator_RichenPower.cpp @ 0x5aaef0
MANUAL: _GLOBAL__sub_I_AP_MSP.cpp @ 0x5aaf30
MANUAL: _GLOBAL__sub_I_AP_MSP_Telem_Backend.cpp @ 0x5aaf70
MANUAL: _GLOBAL__sub_I_AP_MSP_Telem_DJI.cpp @ 0x5aafb0
MANUAL: _GLOBAL__sub_I_AP_MSP_Telem_DisplayPort.cpp @ 0x5aaff0
MANUAL: _GLOBAL__sub_I_msp.cpp @ 0x5ab030
MANUAL: _GLOBAL__sub_I_msp_sbuf.cpp @ 0x5ab070
MANUAL: _GLOBAL__sub_I_AP_OLC.cpp @ 0x5ab0b0
MANUAL: _GLOBAL__sub_I_AP_ExternalAHRS.cpp @ 0x5ab100
MANUAL: _GLOBAL__sub_I_AP_ExternalAHRS_MicroStrain5.cpp @ 0x5ab140
MANUAL: _GLOBAL__sub_I_AP_ExternalAHRS_MicroStrain7.cpp @ 0x5ab180
MANUAL: _GLOBAL__sub_I_AP_ExternalAHRS_VectorNav.cpp @ 0x5ab1c0
MANUAL: _GLOBAL__sub_I_AP_ExternalAHRS_backend.cpp @ 0x5ab200
MANUAL: _GLOBAL__sub_I_MicroStrain_common.cpp @ 0x5ab240
MANUAL: _GLOBAL__sub_I_AP_ExternalAHRS_InertialLabs.cpp @ 0x5ab280
MANUAL: _GLOBAL__sub_I_AP_SmartAudio.cpp @ 0x5ab2c0
MANUAL: _GLOBAL__sub_I_AP_Tramp.cpp @ 0x5ab300
MANUAL: _GLOBAL__sub_I_AP_VideoTX.cpp @ 0x5ab340
MANUAL: _GLOBAL__sub_I_AP_FETtecOneWire.cpp @ 0x5ab380
MANUAL: _GLOBAL__sub_I_AP_TemperatureSensor.cpp @ 0x5ab3c0
MANUAL: _GLOBAL__sub_I_AP_Torqeedo.cpp @ 0x5ab400
MANUAL: _GLOBAL__sub_I_AP_Torqeedo_Backend.cpp @ 0x5ab440
MANUAL: _GLOBAL__sub_I_AP_Torqeedo_Params.cpp @ 0x5ab480
MANUAL: _GLOBAL__sub_I_AP_Torqeedo_TQBus.cpp @ 0x5ab4c0
MANUAL: _GLOBAL__sub_I_AP_CustomRotations.cpp @ 0x5ab500
MANUAL: _GLOBAL__sub_I_AP_CustomRotations_params.cpp @ 0x5ab540
MANUAL: _GLOBAL__sub_I_AP_OpenDroneID.cpp @ 0x5ab580
MANUAL: _GLOBAL__sub_I_AP_OpenDroneID_DroneCAN.cpp @ 0x5ab5c0
MANUAL: _GLOBAL__sub_I_AP_ExternalControl.cpp @ 0x5ab600
MANUAL: _GLOBAL__sub_I_AP_Beacon.cpp @ 0x5ab640
MANUAL: _GLOBAL__sub_I_AP_Beacon_Backend.cpp @ 0x5ab680
MANUAL: _GLOBAL__sub_I_AP_Beacon_Marvelmind.cpp @ 0x5ab6c0
MANUAL: _GLOBAL__sub_I_AP_Beacon_Nooploop.cpp @ 0x5ab700
MANUAL: _GLOBAL__sub_I_AP_Beacon_Pozyx.cpp @ 0x5ab740
MANUAL: _GLOBAL__sub_I_AP_Beacon_SITL.cpp @ 0x5ab780
MANUAL: _GLOBAL__sub_I_AP_Arming.cpp @ 0x5ab7c0
MANUAL: _GLOBAL__sub_I_AP_Follow.cpp @ 0x5ab800
MANUAL: _GLOBAL__sub_I_AP_CANManager.cpp @ 0x5ab840
MANUAL: _GLOBAL__sub_I_AP_CANManager_CANDriver_Params.cpp @ 0x5ab880
MANUAL: _GLOBAL__sub_I_AP_CANSensor.cpp @ 0x5ab8c0
MANUAL: _GLOBAL__sub_I_AP_MAVLinkCAN.cpp @ 0x5ab900
MANUAL: _GLOBAL__sub_I_AP_KDECAN.cpp @ 0x5ab940
MANUAL: _GLOBAL__sub_I_AP_PiccoloCAN.cpp @ 0x5ab980
MANUAL: _GLOBAL__sub_I_AP_PiccoloCAN_ESC.cpp @ 0x5ab9c0
MANUAL: _GLOBAL__sub_I_AP_PiccoloCAN_Servo.cpp @ 0x5aba00
MANUAL: _GLOBAL__sub_I_AP_FW_Controller.cpp @ 0x5aba40
MANUAL: _GLOBAL__sub_I_AP_PitchController.cpp @ 0x5aba80
MANUAL: _GLOBAL__sub_I_AP_RollController.cpp @ 0x5abac0
MANUAL: _GLOBAL__sub_I_AP_SteerController.cpp @ 0x5abb00
MANUAL: _GLOBAL__sub_I_AP_YawController.cpp @ 0x5abb40
MANUAL: _GLOBAL__sub_I_AP_AdvancedFailsafe.cpp @ 0x5abb80
MANUAL: _GLOBAL__sub_I_AP_Avoidance.cpp @ 0x5abbc0
MANUAL: _GLOBAL__sub_I_AP_L1_Control.cpp @ 0x5abc00
MANUAL: _GLOBAL__sub_I_AP_TECS.cpp @ 0x5abc40
MANUAL: _GLOBAL__sub_I_AP_InertialNav.cpp @ 0x5abc80
MANUAL: _GLOBAL__sub_I_AC_WPNav.cpp @ 0x5abcc0
MANUAL: _GLOBAL__sub_I_AC_Loiter.cpp @ 0x5abd00
MANUAL: _GLOBAL__sub_I_AC_AttitudeControl_Logging.cpp @ 0x5abd40
MANUAL: _GLOBAL__sub_I_AC_AttitudeControl_Multi.cpp @ 0x5abd80
MANUAL: _GLOBAL__sub_I_AC_AttitudeControl_TS.cpp @ 0x5abdc0
MANUAL: _GLOBAL__sub_I_AC_AttitudeControl.cpp @ 0x5abe00
MANUAL: _GLOBAL__sub_I_AC_PosControl.cpp @ 0x5abe40
MANUAL: _GLOBAL__sub_I_AC_WeatherVane.cpp @ 0x5abe80
MANUAL: _GLOBAL__sub_I_AP_MotorsMatrix_Scripting_Dynamic.cpp @ 0x5abec0
MANUAL: _GLOBAL__sub_I_AP_MotorsTailsitter.cpp @ 0x5abf00
MANUAL: _GLOBAL__sub_I_AP_Motors_Class.cpp @ 0x5abf40
MANUAL: _GLOBAL__sub_I_AP_MotorsMatrix.cpp @ 0x5abf80
MANUAL: _GLOBAL__sub_I_AP_MotorsMulticopter.cpp @ 0x5abfc0
MANUAL: _GLOBAL__sub_I_AP_MotorsTri.cpp @ 0x5ac000
MANUAL: _GLOBAL__sub_I_AP_Motors_Thrust_Linearization.cpp @ 0x5ac040
MANUAL: _GLOBAL__sub_I_AP_Landing.cpp @ 0x5ac080
MANUAL: _GLOBAL__sub_I_AP_Landing_Deepstall.cpp @ 0x5ac0c0
MANUAL: _GLOBAL__sub_I_AP_Landing_Slope.cpp @ 0x5ac100
MANUAL: _GLOBAL__sub_I_PID.cpp @ 0x5ac140
MANUAL: _GLOBAL__sub_I_AP_Soaring.cpp @ 0x5ac180
MANUAL: _GLOBAL__sub_I_SpeedToFly.cpp @ 0x5ac1c0
MANUAL: _GLOBAL__sub_I_Variometer.cpp @ 0x5ac200
MANUAL: _GLOBAL__sub_I_AP_LTM_Telem.cpp @ 0x5ac240
MANUAL: _GLOBAL__sub_I_AC_AutoTune.cpp @ 0x5ac280
MANUAL: _GLOBAL__sub_I_AC_AutoTune_Multi.cpp @ 0x5ac2c0
MANUAL: _GLOBAL__sub_I_AC_PrecLand.cpp @ 0x5ac300
MANUAL: _GLOBAL__sub_I_AP_Quicktune.cpp @ 0x5ac340
MANUAL: _GLOBAL__sub_I_AP_Canard_iface.cpp @ 0x5ac380
MANUAL: _GLOBAL__sub_I_AP_DroneCAN.cpp @ 0x5ac3c0
MANUAL: _GLOBAL__sub_I_AP_DroneCAN_DNA_Server.cpp @ 0x5ac400
MANUAL: _GLOBAL__sub_I_AP_DroneCAN_serial.cpp @ 0x5ac440
MANUAL: _GLOBAL__sub_I_CANSocketIface.cpp @ 0x5ac480
MANUAL: _GLOBAL__sub_I_CAN_Multicast.cpp @ 0x5ac4c0
MANUAL: _GLOBAL__sub_I_CAN_SocketCAN.cpp @ 0x5ac500
MANUAL: _GLOBAL__sub_I_HAL_SITL_Class.cpp @ 0x5ac540
MANUAL: _GLOBAL__sub_I_I2CDevice.cpp @ 0x5ac5f0
MANUAL: _GLOBAL__sub_I_RCInput.cpp @ 0x5ac630
MANUAL: _GLOBAL__sub_I_RCOutput.cpp @ 0x5ac670
MANUAL: _GLOBAL__sub_I_SITL_State.cpp @ 0x5ac6b0
MANUAL: _GLOBAL__sub_I_SITL_State_common.cpp @ 0x5ac6f0
MANUAL: _GLOBAL__sub_I_SPIDevice.cpp @ 0x5ac730
MANUAL: _GLOBAL__sub_I_Scheduler.cpp @ 0x5ac770
MANUAL: _GLOBAL__sub_I_Util.cpp.14339 @ 0x5ac7b0
MANUAL: _GLOBAL__sub_I_sitl_airspeed.cpp @ 0x5ac7f0
MANUAL: _GLOBAL__sub_I_sitl_rangefinder.cpp @ 0x5ac830
MANUAL: _GLOBAL__sub_I_SITL_cmdline.cpp @ 0x5ac870
MANUAL: _GLOBAL__sub_I_Storage.cpp @ 0x5ac8b0
MANUAL: _GLOBAL__sub_I_UARTDriver.cpp.14652 @ 0x5ac8f0
MANUAL: _GLOBAL__sub_I_SIM_ADSB.cpp @ 0x5ac930
MANUAL: _GLOBAL__sub_I_SIM_ADSB_Sagetech_MXS.cpp @ 0x5ac970
MANUAL: _GLOBAL__sub_I_SIM_AIS.cpp @ 0x5ac9b0
MANUAL: _GLOBAL__sub_I_SIM_AirSim.cpp @ 0x5ac9f0
MANUAL: _GLOBAL__sub_I_SIM_BalanceBot.cpp @ 0x5aca30
MANUAL: _GLOBAL__sub_I_SIM_Balloon.cpp @ 0x5aca70
MANUAL: _GLOBAL__sub_I_SIM_Blimp.cpp @ 0x5acab0
MANUAL: _GLOBAL__sub_I_SIM_Buzzer.cpp @ 0x5acaf0
MANUAL: _GLOBAL__sub_I_SIM_CRRCSim.cpp @ 0x5acb30
MANUAL: _GLOBAL__sub_I_SIM_CRSF.cpp @ 0x5acb70
MANUAL: _GLOBAL__sub_I_SIM_Calibration.cpp @ 0x5acbb0
MANUAL: _GLOBAL__sub_I_SIM_EFI_Hirth.cpp @ 0x5acbf0
MANUAL: _GLOBAL__sub_I_SIM_EFI_MegaSquirt.cpp @ 0x5acc30
MANUAL: _GLOBAL__sub_I_SIM_ELRS.cpp @ 0x5acc70
MANUAL: _GLOBAL__sub_I_SIM_FETtecOneWireESC.cpp @ 0x5accb0
MANUAL: _GLOBAL__sub_I_SIM_FlightAxis.cpp @ 0x5accf0
MANUAL: _GLOBAL__sub_I_SIM_Frsky_D.cpp @ 0x5acd30
MANUAL: _GLOBAL__sub_I_SIM_GPS.cpp @ 0x5acd70
MANUAL: _GLOBAL__sub_I_SIM_GPS_FILE.cpp @ 0x5acdb0
MANUAL: _GLOBAL__sub_I_SIM_GPS_MSP.cpp @ 0x5acdf0
MANUAL: _GLOBAL__sub_I_SIM_GPS_NMEA.cpp @ 0x5ace30
MANUAL: _GLOBAL__sub_I_SIM_GPS_NOVA.cpp @ 0x5ace70
MANUAL: _GLOBAL__sub_I_SIM_GPS_SBF.cpp @ 0x5aceb0
MANUAL: _GLOBAL__sub_I_SIM_GPS_SBP.cpp @ 0x5acef0
MANUAL: _GLOBAL__sub_I_SIM_GPS_SBP2.cpp @ 0x5acf30
MANUAL: _GLOBAL__sub_I_SIM_GPS_Trimble.cpp @ 0x5acf70
MANUAL: _GLOBAL__sub_I_SIM_GPS_UBLOX.cpp @ 0x5acfb0
MANUAL: _GLOBAL__sub_I_SIM_Gazebo.cpp @ 0x5acff0
MANUAL: _GLOBAL__sub_I_SIM_Glider.cpp @ 0x5ad030
MANUAL: _GLOBAL__sub_I_SIM_Gripper_EPM.cpp @ 0x5ad070
MANUAL: _GLOBAL__sub_I_SIM_Gripper_Servo.cpp @ 0x5ad0b0
MANUAL: _GLOBAL__sub_I_SIM_Helicopter.cpp @ 0x5ad0f0
MANUAL: _GLOBAL__sub_I_SIM_I2C.cpp @ 0x5ad130
MANUAL: _GLOBAL__sub_I_SIM_I2CDevice.cpp @ 0x5ad1d0
MANUAL: _GLOBAL__sub_I_SIM_INA3221.cpp @ 0x5ad210
MANUAL: _GLOBAL__sub_I_SIM_IS31FL3195.cpp @ 0x5ad250
MANUAL: _GLOBAL__sub_I_SIM_InertialLabs.cpp @ 0x5ad290
MANUAL: _GLOBAL__sub_I_SIM_IntelligentEnergy24.cpp @ 0x5ad2d0
MANUAL: _GLOBAL__sub_I_SIM_Invensense_v3.cpp @ 0x5ad310
MANUAL: _GLOBAL__sub_I_SIM_JSBSim.cpp @ 0x5ad350
MANUAL: _GLOBAL__sub_I_SIM_JSON.cpp @ 0x5ad390
MANUAL: _GLOBAL__sub_I_SIM_JSON_Master.cpp @ 0x5ad3d0
MANUAL: _GLOBAL__sub_I_SIM_LM2755.cpp @ 0x5ad410
MANUAL: _GLOBAL__sub_I_SIM_LP5562.cpp @ 0x5ad450
MANUAL: _GLOBAL__sub_I_SIM_Loweheiser.cpp @ 0x5ad490
MANUAL: _GLOBAL__sub_I_SIM_MS5525.cpp @ 0x5ad4d0
MANUAL: _GLOBAL__sub_I_SIM_MS5611.cpp @ 0x5ad510
MANUAL: _GLOBAL__sub_I_SIM_MS5XXX.cpp @ 0x5ad550
MANUAL: _GLOBAL__sub_I_SIM_MicroStrain.cpp @ 0x5ad590
MANUAL: _GLOBAL__sub_I_SIM_MicroStrain7.cpp @ 0x5ad5d0
MANUAL: _GLOBAL__sub_I_SIM_Morse.cpp @ 0x5ad610
MANUAL: _GLOBAL__sub_I_SIM_Multicopter.cpp @ 0x5ad650
MANUAL: _GLOBAL__sub_I_SIM_PS_LD06.cpp @ 0x5ad690
MANUAL: _GLOBAL__sub_I_SIM_PS_LightWare_SF45B.cpp @ 0x5ad6d0
MANUAL: _GLOBAL__sub_I_SIM_PS_RPLidar.cpp @ 0x5ad710
MANUAL: _GLOBAL__sub_I_SIM_PS_TeraRangerTower.cpp @ 0x5ad750
MANUAL: _GLOBAL__sub_I_SIM_Parachute.cpp @ 0x5ad790
MANUAL: _GLOBAL__sub_I_SIM_Plane.cpp @ 0x5ad7d0
MANUAL: _GLOBAL__sub_I_SIM_Precland.cpp @ 0x5ad810
MANUAL: _GLOBAL__sub_I_SIM_QMC5883L.cpp @ 0x5ad850
MANUAL: _GLOBAL__sub_I_SIM_QuadPlane.cpp @ 0x5ad890
MANUAL: _GLOBAL__sub_I_SIM_RF_Ainstein_LR_D1.cpp @ 0x5ad8d0
MANUAL: _GLOBAL__sub_I_SIM_RF_BLping.cpp @ 0x5ad910
MANUAL: _GLOBAL__sub_I_SIM_RF_Benewake.cpp @ 0x5ad950
MANUAL: _GLOBAL__sub_I_SIM_RF_GYUS42v2.cpp @ 0x5ad990
MANUAL: _GLOBAL__sub_I_SIM_RF_JRE.cpp @ 0x5ad9d0
MANUAL: _GLOBAL__sub_I_SIM_RF_Lanbao.cpp @ 0x5ada10
MANUAL: _GLOBAL__sub_I_SIM_RF_LeddarOne.cpp @ 0x5ada50
MANUAL: _GLOBAL__sub_I_SIM_RF_LightWareSerial.cpp @ 0x5ada90
MANUAL: _GLOBAL__sub_I_SIM_RF_LightWareSerialBinary.cpp @ 0x5adad0
MANUAL: _GLOBAL__sub_I_SIM_RF_MAVLink.cpp @ 0x5adb10
MANUAL: _GLOBAL__sub_I_SIM_RF_MaxsonarSerialLV.cpp @ 0x5adb50
MANUAL: _GLOBAL__sub_I_SIM_RF_NMEA.cpp @ 0x5adb90
MANUAL: _GLOBAL__sub_I_SIM_RF_NoopLoop.cpp @ 0x5adbd0
MANUAL: _GLOBAL__sub_I_SIM_RF_RDS02UF.cpp @ 0x5adc10
MANUAL: _GLOBAL__sub_I_SIM_RF_TeraRanger_Serial.cpp @ 0x5adc50
MANUAL: _GLOBAL__sub_I_SIM_RF_USD1_v0.cpp @ 0x5adc90
MANUAL: _GLOBAL__sub_I_SIM_RF_USD1_v1.cpp @ 0x5adcd0
MANUAL: _GLOBAL__sub_I_SIM_RF_Wasp.cpp @ 0x5add10
MANUAL: _GLOBAL__sub_I_SIM_RichenPower.cpp @ 0x5add50
MANUAL: _GLOBAL__sub_I_SIM_Rover.cpp @ 0x5add90
MANUAL: _GLOBAL__sub_I_SIM_SPI.cpp @ 0x5addd0
MANUAL: _GLOBAL__sub_I_SIM_Sailboat.cpp @ 0x5ade10
MANUAL: _GLOBAL__sub_I_SIM_Scrimmage.cpp @ 0x5ade50
MANUAL: _GLOBAL__sub_I_SIM_SerialDevice.cpp @ 0x5ade90
MANUAL: _GLOBAL__sub_I_SIM_SerialProximitySensor.cpp @ 0x5aded0
MANUAL: _GLOBAL__sub_I_SIM_SerialRangeFinder.cpp @ 0x5adf10
MANUAL: _GLOBAL__sub_I_SIM_Ship.cpp @ 0x5adf50
MANUAL: _GLOBAL__sub_I_SIM_SilentWings.cpp @ 0x5adf90
MANUAL: _GLOBAL__sub_I_SIM_SingleCopter.cpp @ 0x5adfd0
MANUAL: _GLOBAL__sub_I_SIM_SlungPayload.cpp @ 0x5ae010
MANUAL: _GLOBAL__sub_I_SIM_SoloGimbal.cpp @ 0x5ae050
MANUAL: _GLOBAL__sub_I_SIM_Sprayer.cpp @ 0x5ae090
MANUAL: _GLOBAL__sub_I_SIM_StratoBlimp.cpp @ 0x5ae0d0
MANUAL: _GLOBAL__sub_I_SIM_Submarine.cpp @ 0x5ae110
MANUAL: _GLOBAL__sub_I_SIM_Temperature_MCP9600.cpp @ 0x5ae150
MANUAL: _GLOBAL__sub_I_SIM_Temperature_SHT3x.cpp @ 0x5ae190
MANUAL: _GLOBAL__sub_I_SIM_Temperature_TSYS01.cpp @ 0x5ae1d0
MANUAL: _GLOBAL__sub_I_SIM_Temperature_TSYS03.cpp @ 0x5ae210
MANUAL: _GLOBAL__sub_I_SIM_TeraRangerI2C.cpp @ 0x5ae250
MANUAL: _GLOBAL__sub_I_SIM_Tether.cpp @ 0x5ae290
MANUAL: _GLOBAL__sub_I_SIM_ToneAlarm.cpp @ 0x5ae2d0
MANUAL: _GLOBAL__sub_I_SIM_ToshibaLED.cpp @ 0x5ae310
MANUAL: _GLOBAL__sub_I_SIM_Tracker.cpp @ 0x5ae350
MANUAL: _GLOBAL__sub_I_SIM_VectorNav.cpp @ 0x5ae390
MANUAL: _GLOBAL__sub_I_SIM_Vicon.cpp @ 0x5ae3d0
MANUAL: _GLOBAL__sub_I_SIM_Volz.cpp @ 0x5ae410
MANUAL: _GLOBAL__sub_I_SIM_Webots.cpp @ 0x5ae450
MANUAL: _GLOBAL__sub_I_SIM_Webots_Python.cpp @ 0x5ae490
MANUAL: _GLOBAL__sub_I_SIM_last_letter.cpp @ 0x5ae4d0
MANUAL: _GLOBAL__sub_I_SITL_Airspeed.cpp @ 0x5ae510
MANUAL: _GLOBAL__sub_I_SITL_Baro.cpp @ 0x5ae550
MANUAL: _GLOBAL__sub_I_ServoModel.cpp @ 0x5ae590
MANUAL: _GLOBAL__sub_I_SIM_Aircraft.cpp @ 0x5ae5d0
MANUAL: _GLOBAL__sub_I_SIM_XPlane.cpp @ 0x5ae610
MANUAL: _GLOBAL__sub_I_SITL.cpp @ 0x5ae650
MANUAL: _GLOBAL__sub_I_AP_Scripting.cpp @ 0x5ae690
MANUAL: _GLOBAL__sub_I_AP_Scripting_SerialDevice.cpp @ 0x5ae6d0
MANUAL: _GLOBAL__sub_I_lua_scripts.cpp @ 0x5ae710
MANUAL: _GLOBAL__sub_I_lua_generated_bindings.cpp @ 0x5ae750
MANUAL: _GLOBAL__sub_I_AP_AccelCal.cpp @ 0x5ae790
MANUAL: _GLOBAL__sub_I_AccelCalibrator.cpp @ 0x5ae7d0
MANUAL: _GLOBAL__sub_I_AP_AHRS_External.cpp @ 0x5ae810
MANUAL: _GLOBAL__sub_I_AP_AHRS_SIM.cpp @ 0x5ae850
MANUAL: _GLOBAL__sub_I_AP_Airspeed_ASP5033.cpp @ 0x5ae890
MANUAL: _GLOBAL__sub_I_AP_Airspeed_AUAV.cpp @ 0x5ae8d0
MANUAL: _GLOBAL__sub_I_AP_Airspeed_Backend.cpp @ 0x5ae910
MANUAL: _GLOBAL__sub_I_AP_Airspeed_DLVR.cpp @ 0x5ae950
MANUAL: _GLOBAL__sub_I_AP_Airspeed_DroneCAN.cpp @ 0x5ae990
MANUAL: _GLOBAL__sub_I_AP_Airspeed_External.cpp @ 0x5ae9d0
MANUAL: _GLOBAL__sub_I_AP_Airspeed_Health.cpp @ 0x5aea10
MANUAL: _GLOBAL__sub_I_AP_Airspeed_MS4525.cpp @ 0x5aea50
MANUAL: _GLOBAL__sub_I_AP_Airspeed_MS5525.cpp @ 0x5aea90
MANUAL: _GLOBAL__sub_I_AP_Airspeed_MSP.cpp @ 0x5aead0
MANUAL: _GLOBAL__sub_I_AP_Airspeed_SDP3X.cpp @ 0x5aeb10
MANUAL: _GLOBAL__sub_I_AP_Airspeed_SITL.cpp @ 0x5aeb50
MANUAL: _GLOBAL__sub_I_AP_Airspeed_analog.cpp @ 0x5aeb90
MANUAL: _GLOBAL__sub_I_AP_Baro_AUAV.cpp @ 0x5aebd0
MANUAL: _GLOBAL__sub_I_AP_Baro_BMP085.cpp @ 0x5aec10
MANUAL: _GLOBAL__sub_I_AP_Baro_BMP280.cpp @ 0x5aec50
MANUAL: _GLOBAL__sub_I_AP_Baro_BMP388.cpp @ 0x5aec90
MANUAL: _GLOBAL__sub_I_AP_Baro_BMP581.cpp @ 0x5aecd0
MANUAL: _GLOBAL__sub_I_AP_Baro_Backend.cpp @ 0x5aed10
MANUAL: _GLOBAL__sub_I_AP_Baro_DPS280.cpp @ 0x5aed50
MANUAL: _GLOBAL__sub_I_AP_Baro_DroneCAN.cpp @ 0x5aed90
MANUAL: _GLOBAL__sub_I_AP_Baro_ExternalAHRS.cpp @ 0x5aedd0
MANUAL: _GLOBAL__sub_I_AP_Baro_FBM320.cpp @ 0x5aee10
MANUAL: _GLOBAL__sub_I_AP_Baro_HIL.cpp @ 0x5aee50
MANUAL: _GLOBAL__sub_I_AP_Baro_LPS2XH.cpp @ 0x5aee90
MANUAL: _GLOBAL__sub_I_AP_Baro_Logging.cpp @ 0x5aeed0
MANUAL: _GLOBAL__sub_I_AP_Baro_MS5611.cpp @ 0x5aef10
MANUAL: _GLOBAL__sub_I_AP_Baro_SPL06.cpp @ 0x5aef50
MANUAL: _GLOBAL__sub_I_AP_Baro_Wind.cpp @ 0x5aef90
MANUAL: _GLOBAL__sub_I_AP_BattMonitor_AD7091R5.cpp @ 0x5aefd0
MANUAL: _GLOBAL__sub_I_AP_BattMonitor_Analog.cpp @ 0x5af010
MANUAL: _GLOBAL__sub_I_AP_BattMonitor_Backend.cpp @ 0x5af050
MANUAL: _GLOBAL__sub_I_AP_BattMonitor_DroneCAN.cpp @ 0x5af090
MANUAL: _GLOBAL__sub_I_AP_BattMonitor_EFI.cpp @ 0x5af0d0
MANUAL: _GLOBAL__sub_I_AP_BattMonitor_ESC.cpp @ 0x5af110
MANUAL: _GLOBAL__sub_I_AP_BattMonitor_FuelFlow.cpp @ 0x5af150
MANUAL: _GLOBAL__sub_I_AP_BattMonitor_FuelLevel_Analog.cpp @ 0x5af190
MANUAL: _GLOBAL__sub_I_AP_BattMonitor_FuelLevel_PWM.cpp @ 0x5af1d0
MANUAL: _GLOBAL__sub_I_AP_BattMonitor_Generator.cpp @ 0x5af210
MANUAL: _GLOBAL__sub_I_AP_BattMonitor_INA2xx.cpp @ 0x5af250
MANUAL: _GLOBAL__sub_I_AP_BattMonitor_INA3221.cpp @ 0x5af290
MANUAL: _GLOBAL__sub_I_AP_BattMonitor_Logging.cpp @ 0x5af2d0
MANUAL: _GLOBAL__sub_I_AP_BattMonitor_SMBus.cpp @ 0x5af310
MANUAL: _GLOBAL__sub_I_AP_BattMonitor_SMBus_Generic.cpp @ 0x5af350
MANUAL: _GLOBAL__sub_I_AP_BattMonitor_SMBus_NeoDesign.cpp @ 0x5af390
MANUAL: _GLOBAL__sub_I_AP_BattMonitor_SMBus_Rotoye.cpp @ 0x5af3d0
MANUAL: _GLOBAL__sub_I_AP_BattMonitor_SMBus_SUI.cpp @ 0x5af410
MANUAL: _GLOBAL__sub_I_AP_BattMonitor_Scripting.cpp @ 0x5af450
MANUAL: _GLOBAL__sub_I_AP_BattMonitor_Sum.cpp @ 0x5af490
MANUAL: _GLOBAL__sub_I_AP_BattMonitor_Synthetic_Current.cpp @ 0x5af4d0
MANUAL: _GLOBAL__sub_I_AP_BattMonitor_Torqeedo.cpp @ 0x5af510
MANUAL: _GLOBAL__sub_I_board_drivers.cpp @ 0x5af550
MANUAL: _GLOBAL__sub_I_DSP.cpp @ 0x5af590
MANUAL: _GLOBAL__sub_I_Storage.cpp.19640 @ 0x5af5d0
MANUAL: _GLOBAL__sub_I_AP_InertialSensor_ExternalAHRS.cpp @ 0x5af610
MANUAL: _GLOBAL__sub_I_AP_InertialSensor_SITL.cpp @ 0x5af650
MANUAL: _GLOBAL__sub_I_AP_InertialSensor_tempcal.cpp @ 0x5af690
MANUAL: _GLOBAL__sub_I_BatchSampler.cpp @ 0x5af6d0
MANUAL: _GLOBAL__sub_I_AP_InertialSensor_Backend.cpp @ 0x5af710
MANUAL: _GLOBAL__sub_I_SplineCurve.cpp @ 0x5af750
MANUAL: _GLOBAL__sub_I_polyfit.cpp @ 0x5af790
MANUAL: _GLOBAL__sub_I_polygon.cpp @ 0x5af7d0
MANUAL: _GLOBAL__sub_I_SCurve.cpp @ 0x5af810
MANUAL: _GLOBAL__sub_I_AP_Mission_Commands.cpp @ 0x5af850
MANUAL: _GLOBAL__sub_I_AP_DAL_Baro.cpp @ 0x5af890
MANUAL: _GLOBAL__sub_I_AP_DAL.cpp @ 0x5af8d0
MANUAL: _GLOBAL__sub_I_AP_DAL_Beacon.cpp @ 0x5af910
MANUAL: _GLOBAL__sub_I_AP_DAL_RangeFinder.cpp @ 0x5af950
MANUAL: _GLOBAL__sub_I_AP_DAL_VisualOdom.cpp @ 0x5af990
MANUAL: _GLOBAL__sub_I_AP_NavEKF_Source.cpp @ 0x5af9d0
MANUAL: _GLOBAL__sub_I_AP_NavEKF_core_common.cpp @ 0x5afa10
MANUAL: _GLOBAL__sub_I_EKFGSF_Logging.cpp @ 0x5afa50
MANUAL: _GLOBAL__sub_I_AP_NavEKF2_Control.cpp @ 0x5afa90
MANUAL: _GLOBAL__sub_I_AP_NavEKF2_MagFusion.cpp @ 0x5afad0
MANUAL: _GLOBAL__sub_I_AP_NavEKF2_Measurements.cpp @ 0x5afb10
MANUAL: _GLOBAL__sub_I_AP_NavEKF2_PosVelFusion.cpp @ 0x5afb50
MANUAL: _GLOBAL__sub_I_AP_NavEKF2_VehicleStatus.cpp @ 0x5afb90
MANUAL: _GLOBAL__sub_I_AP_NavEKF2_core.cpp @ 0x5afbd0
MANUAL: _GLOBAL__sub_I_AP_NavEKF_GyroBias.cpp @ 0x5afc10
MANUAL: _GLOBAL__sub_I_AP_NavEKF2_OptFlowFusion.cpp @ 0x5afc50
MANUAL: _GLOBAL__sub_I_AP_NavEKF3_AirDataFusion.cpp @ 0x5afc90
MANUAL: _GLOBAL__sub_I_AP_NavEKF3_RngBcnFusion.cpp @ 0x5afcd0
MANUAL: _GLOBAL__sub_I_MMLPlayer.cpp @ 0x5afd10
MANUAL: _GLOBAL__sub_I_AP_RangeFinder_DroneCAN.cpp @ 0x5afd50
MANUAL: _GLOBAL__sub_I_TerrainMission.cpp @ 0x5afd90
MANUAL: _GLOBAL__sub_I_AP_Logger_Block.cpp @ 0x5afdd0
MANUAL: _GLOBAL__sub_I_AP_Logger_Flash_JEDEC.cpp @ 0x5afe10
MANUAL: _GLOBAL__sub_I_AP_Logger_MAVLink.cpp @ 0x5afe50
MANUAL: _GLOBAL__sub_I_AP_Logger_MAVLinkLogTransfer.cpp @ 0x5afe90
MANUAL: _GLOBAL__sub_I_SlewLimiter.cpp @ 0x5afed0
MANUAL: _GLOBAL__sub_I_GCS_DeviceOp.cpp @ 0x5aff10
MANUAL: _GLOBAL__sub_I_GCS_FTP.cpp @ 0x5aff50
MANUAL: _GLOBAL__sub_I_GCS_Rally.cpp @ 0x5aff90
MANUAL: _GLOBAL__sub_I_GCS_ServoRelay.cpp @ 0x5affd0
MANUAL: _GLOBAL__sub_I_GCS_serial_control.cpp @ 0x5b0010
MANUAL: _GLOBAL__sub_I_MissionItemProtocol.cpp @ 0x5b0050
MANUAL: _GLOBAL__sub_I_MissionItemProtocol_Fence.cpp @ 0x5b0090
MANUAL: _GLOBAL__sub_I_MissionItemProtocol_Rally.cpp @ 0x5b00d0
MANUAL: _GLOBAL__sub_I_MissionItemProtocol_Waypoints.cpp @ 0x5b0110
MANUAL: _GLOBAL__sub_I_AP_Frsky_Backend.cpp @ 0x5b0150
MANUAL: _GLOBAL__sub_I_AP_Frsky_D.cpp @ 0x5b0190
MANUAL: _GLOBAL__sub_I_AP_Frsky_MAVliteMsgHandler.cpp @ 0x5b01d0
MANUAL: _GLOBAL__sub_I_AP_Frsky_MAVlite_Message.cpp @ 0x5b0210
MANUAL: _GLOBAL__sub_I_AP_Frsky_SPort.cpp @ 0x5b0250
MANUAL: _GLOBAL__sub_I_AP_FlashStorage.cpp @ 0x5b0290
MANUAL: _GLOBAL__sub_I_AP_RAMTRON.cpp @ 0x5b02d0
MANUAL: _GLOBAL__sub_I_AP_RCProtocol_Backend.cpp @ 0x5b0310
MANUAL: _GLOBAL__sub_I_AP_RCProtocol_DSM.cpp @ 0x5b0350
MANUAL: _GLOBAL__sub_I_AP_RCProtocol_DroneCAN.cpp @ 0x5b0390
MANUAL: _GLOBAL__sub_I_AP_RCProtocol_FDM.cpp @ 0x5b03d0
MANUAL: _GLOBAL__sub_I_AP_RCProtocol_IBUS.cpp @ 0x5b0410
MANUAL: _GLOBAL__sub_I_AP_RCProtocol_MAVLinkRadio.cpp @ 0x5b0450
MANUAL: _GLOBAL__sub_I_AP_RCProtocol_PPMSum.cpp @ 0x5b0490
MANUAL: _GLOBAL__sub_I_AP_RCProtocol_SBUS.cpp @ 0x5b04d0
MANUAL: _GLOBAL__sub_I_AP_RCProtocol_SRXL.cpp @ 0x5b0510
MANUAL: _GLOBAL__sub_I_AP_RCProtocol_ST24.cpp @ 0x5b0550
MANUAL: _GLOBAL__sub_I_AP_RCProtocol_SUMD.cpp @ 0x5b0590
MANUAL: _GLOBAL__sub_I_SoftSerial.cpp @ 0x5b05d0
MANUAL: _GLOBAL__sub_I_AP_Proximity_DroneCAN.cpp @ 0x5b0610
MANUAL: _GLOBAL__sub_I_AP_OSD_Backend.cpp @ 0x5b0650
MANUAL: _GLOBAL__sub_I_AP_OSD_Setting.cpp @ 0x5b0690
MANUAL: _GLOBAL__sub_I_posix_compat.cpp @ 0x5b06d0
MANUAL: _GLOBAL__sub_I_AP_ADSB_Backend.cpp @ 0x5b0710
MANUAL: _GLOBAL__sub_I_AP_ADSB_Sagetech.cpp @ 0x5b0750
MANUAL: _GLOBAL__sub_I_AP_ADSB_uAvionix_MAVLink.cpp @ 0x5b0790
MANUAL: _GLOBAL__sub_I_AP_ADSB_uAvionix_UCP.cpp @ 0x5b07d0
MANUAL: _GLOBAL__sub_I_AC_P.cpp @ 0x5b0810
MANUAL: _GLOBAL__sub_I_AC_PID_2D.cpp @ 0x5b0850
MANUAL: _GLOBAL__sub_I_AC_PID_Basic.cpp @ 0x5b0890
MANUAL: _GLOBAL__sub_I_AC_P_1D.cpp @ 0x5b08d0
MANUAL: _GLOBAL__sub_I_AC_P_2D.cpp @ 0x5b0910
MANUAL: _GLOBAL__sub_I_AP_ESC_Telem_SITL.cpp @ 0x5b0950
MANUAL: _GLOBAL__sub_I_AP_WheelEncoder.cpp @ 0x5b0990
MANUAL: _GLOBAL__sub_I_WheelEncoder_Backend.cpp @ 0x5b09d0
MANUAL: _GLOBAL__sub_I_WheelEncoder_SITL_Quadrature.cpp @ 0x5b0a10
MANUAL: _GLOBAL__sub_I_AP_TemperatureSensor_Backend.cpp @ 0x5b0a50
MANUAL: _GLOBAL__sub_I_AP_TemperatureSensor_DroneCAN.cpp @ 0x5b0a90
MANUAL: _GLOBAL__sub_I_AP_TemperatureSensor_MAX31865.cpp @ 0x5b0ad0
MANUAL: _GLOBAL__sub_I_AP_TemperatureSensor_MCP9600.cpp @ 0x5b0b10
MANUAL: _GLOBAL__sub_I_AP_TemperatureSensor_MLX90614.cpp @ 0x5b0b50
MANUAL: _GLOBAL__sub_I_AP_TemperatureSensor_SHT3x.cpp @ 0x5b0b90
MANUAL: _GLOBAL__sub_I_AP_TemperatureSensor_TSYS01.cpp @ 0x5b0bd0
MANUAL: _GLOBAL__sub_I_AP_TemperatureSensor_TSYS03.cpp @ 0x5b0c10
MANUAL: _GLOBAL__sub_I_AP_JSON.cpp @ 0x5b0c50
MANUAL: _GLOBAL__sub_I_AP_MultiHeap.cpp @ 0x5b0c90
MANUAL: _GLOBAL__sub_I_AP_CANIfaceParams.cpp @ 0x5b0cd0
MANUAL: _GLOBAL__sub_I_AP_PiccoloCAN_ECU.cpp @ 0x5b0d10
MANUAL: _GLOBAL__sub_I_AP_AutoTune.cpp @ 0x5b0d50
MANUAL: _GLOBAL__sub_I_AC_PosControl_Logging.cpp @ 0x5b0d90
MANUAL: _GLOBAL__sub_I_AC_PrecLand_IRLock.cpp @ 0x5b0dd0
MANUAL: _GLOBAL__sub_I_AC_PrecLand_MAVLink.cpp @ 0x5b0e10
MANUAL: _GLOBAL__sub_I_AC_PrecLand_SITL.cpp @ 0x5b0e50
MANUAL: _GLOBAL__sub_I_AC_PrecLand_SITL_Gazebo.cpp @ 0x5b0e90
MANUAL: _GLOBAL__sub_I_AP_IRLock.cpp @ 0x5b0ed0
MANUAL: _GLOBAL__sub_I_AP_IRLock_SITL.cpp @ 0x5b0f10
MANUAL: _GLOBAL__sub_I_AP_IRLock_SITL_Gazebo.cpp @ 0x5b0f50
MANUAL: _GLOBAL__sub_I_AnalogIn.cpp @ 0x5b0f90
MANUAL: _GLOBAL__sub_I_DSP.cpp.21514 @ 0x5b0fd0
MANUAL: _GLOBAL__sub_I_GPIO.cpp.21522 @ 0x5b1010
MANUAL: _GLOBAL__sub_I_SIM_AS5600.cpp @ 0x5b1050
MANUAL: _GLOBAL__sub_I_SIM_Airspeed_DLVR.cpp @ 0x5b1090
MANUAL: _GLOBAL__sub_I_SIM_BattMonitor_SMBus_Generic.cpp @ 0x5b10d0
MANUAL: _GLOBAL__sub_I_SIM_BattMonitor_SMBus_Maxell.cpp @ 0x5b1110
MANUAL: _GLOBAL__sub_I_SIM_BattMonitor_SMBus_Rotoye.cpp @ 0x5b1150
MANUAL: _GLOBAL__sub_I_SIM_Battery.cpp @ 0x5b1190
MANUAL: _GLOBAL__sub_I_SIM_Frame.cpp @ 0x5b11d0
MANUAL: _GLOBAL__sub_I_SIM_Frsky.cpp @ 0x5b12a0
MANUAL: _GLOBAL__sub_I_SIM_GeneratorEngine.cpp @ 0x5b12e0
MANUAL: _GLOBAL__sub_I_SIM_Gimbal.cpp @ 0x5b1320
MANUAL: _GLOBAL__sub_I_SIM_ICEngine.cpp @ 0x5b1360
MANUAL: _GLOBAL__sub_I_SIM_JEDEC.cpp @ 0x5b13a0
MANUAL: _GLOBAL__sub_I_SIM_JEDEC_MX25L3206E.cpp @ 0x5b13e0
MANUAL: _GLOBAL__sub_I_SIM_Motor.cpp @ 0x5b1420
MANUAL: _GLOBAL__sub_I_SIM_RAMTRON.cpp @ 0x5b1460
MANUAL: _GLOBAL__sub_I_SIM_RAMTRON_FM25V02.cpp @ 0x5b14a0
MANUAL: _GLOBAL__sub_I_SIM_SMBusDevice.cpp @ 0x5b14e0
MANUAL: _GLOBAL__sub_I_AP_Scripting_CANSensor.cpp @ 0x5b1520
MANUAL: _GLOBAL__sub_I_AP_Scripting_SerialAccess.cpp @ 0x5b1560
MANUAL: _GLOBAL__sub_I_AP_Scripting_CRSFMenu.cpp @ 0x5b15a0
MANUAL: _GLOBAL__sub_I_AP_Scripting_helpers.cpp @ 0x5b15e0
MANUAL: _GLOBAL__sub_I_lua_bindings.cpp @ 0x5b1620
MANUAL: _GLOBAL__sub_I_lua_boxed_numerics.cpp @ 0x5b1660
MANUAL: _GLOBAL__sub_I_AP_DAL_Airspeed.cpp @ 0x5b16a0
MANUAL: _GLOBAL__sub_I_AP_DAL_Compass.cpp @ 0x5b16e0
MANUAL: _GLOBAL__sub_I_AP_DAL_GPS.cpp @ 0x5b1720
MANUAL: _GLOBAL__sub_I_AP_DAL_InertialSensor.cpp @ 0x5b1760
MANUAL: _GLOBAL__sub_I_AP_NavEKF2_AirDataFusion.cpp @ 0x5b17a0
MANUAL: _GLOBAL__sub_I_AP_NavEKF2_RngBcnFusion.cpp @ 0x5b17e0
MANUAL: _GLOBAL__sub_I_SIM_BattMonitor_SMBus.cpp @ 0x5b1820
MANUAL: __cxx_global_var_init.22325 @ 0x5b1860
MANUAL: __cxx_global_var_init.1.22326 @ 0x5b18c0
MANUAL: __cxx_global_var_init.22311 @ 0x5b1910
MANUAL: __cxx_global_var_init.1.22312 @ 0x5b1970
MANUAL: __cxx_global_var_init.22301 @ 0x5b19c0
MANUAL: __cxx_global_var_init.1.22302 @ 0x5b1a20
MANUAL: __cxx_global_var_init.22292 @ 0x5b1a70
MANUAL: __cxx_global_var_init.1.22293 @ 0x5b1ad0
MANUAL: __cxx_global_var_init.22283 @ 0x5b1b20
MANUAL: __cxx_global_var_init.1.22284 @ 0x5b1b80
MANUAL: __cxx_global_var_init.22274 @ 0x5b1bd0
MANUAL: __cxx_global_var_init.1.22275 @ 0x5b1c30
MANUAL: __cxx_global_var_init.22265 @ 0x5b1c80
MANUAL: __cxx_global_var_init.1.22266 @ 0x5b1ce0
MANUAL: __cxx_global_var_init.22056 @ 0x5b1d30
MANUAL: __cxx_global_var_init.1.22057 @ 0x5b1d90
MANUAL: __cxx_global_var_init.21941 @ 0x5b1de0
MANUAL: __cxx_global_var_init.1.21942 @ 0x5b1e40
MANUAL: __cxx_global_var_init.21904 @ 0x5b1e90
MANUAL: __cxx_global_var_init.1.21905 @ 0x5b1ef0
MANUAL: __cxx_global_var_init.21882 @ 0x5b1f40
MANUAL: __cxx_global_var_init.1.21883 @ 0x5b1fa0
MANUAL: __cxx_global_var_init.21863 @ 0x5b1ff0
MANUAL: __cxx_global_var_init.1.21864 @ 0x5b2050
MANUAL: __cxx_global_var_init.21852 @ 0x5b20a0
MANUAL: __cxx_global_var_init.1.21853 @ 0x5b2100
MANUAL: __cxx_global_var_init.21842 @ 0x5b2150
MANUAL: __cxx_global_var_init.1.21843 @ 0x5b21b0
MANUAL: __cxx_global_var_init.21830 @ 0x5b2200
MANUAL: __cxx_global_var_init.1.21831 @ 0x5b2260
MANUAL: __cxx_global_var_init.21822 @ 0x5b22b0
MANUAL: __cxx_global_var_init.1.21823 @ 0x5b2310
MANUAL: __cxx_global_var_init.21798 @ 0x5b2360
MANUAL: __cxx_global_var_init.1.21799 @ 0x5b23c0
MANUAL: __cxx_global_var_init.21793 @ 0x5b2410
MANUAL: __cxx_global_var_init.1.21794 @ 0x5b2470
MANUAL: __cxx_global_var_init.21785 @ 0x5b24c0
MANUAL: __cxx_global_var_init.1.21786 @ 0x5b2520
MANUAL: __cxx_global_var_init.21759 @ 0x5b2570
MANUAL: __cxx_global_var_init.1.21760 @ 0x5b25d0
MANUAL: __cxx_global_var_init.21750 @ 0x5b2620
MANUAL: __cxx_global_var_init.1.21751 @ 0x5b2680
MANUAL: __cxx_global_var_init.21739 @ 0x5b26d0
MANUAL: __cxx_global_var_init.1.21740 @ 0x5b2730
MANUAL: __cxx_global_var_init.21713 @ 0x5b2780
MANUAL: __cxx_global_var_init.1.21714 @ 0x5b27e0
MANUAL: __cxx_global_var_init.21607 @ 0x5b2830
MANUAL: __cxx_global_var_init.1.21608 @ 0x5b2890
MANUAL: __cxx_global_var_init.2.21609 @ 0x5b28e0
MANUAL: __cxx_global_var_init.3.21610 @ 0x5b29c0
MANUAL: __cxx_global_var_init.4.21611 @ 0x5b2ab0
MANUAL: __cxx_global_var_init.5.21612 @ 0x5b2ba0
MANUAL: __cxx_global_var_init.6.21613 @ 0x5b2c90
MANUAL: __cxx_global_var_init.7.21614 @ 0x5b2d80
MANUAL: __cxx_global_var_init.8.21615 @ 0x5b2e70
MANUAL: __cxx_global_var_init.9.21616 @ 0x5b34d0
MANUAL: __cxx_global_var_init.10.21617 @ 0x5b3660
MANUAL: __cxx_global_var_init.11.21618 @ 0x5b37a0
MANUAL: __cxx_global_var_init.12.21619 @ 0x5b38f0
MANUAL: __cxx_global_var_init.13.21620 @ 0x5b3a40
MANUAL: __cxx_global_var_init.14.21621 @ 0x5b3b90
MANUAL: __cxx_global_var_init.15.21622 @ 0x5b3ce0
MANUAL: __cxx_global_var_init.16.21623 @ 0x5b3e90
MANUAL: __cxx_global_var_init.17.21624 @ 0x5b4040
MANUAL: __cxx_global_var_init.18.21625 @ 0x5b41f0
MANUAL: __cxx_global_var_init.19.21626 @ 0x5b43a0
MANUAL: __cxx_global_var_init.20.21627 @ 0x5b4550
MANUAL: __cxx_global_var_init.21.21628 @ 0x5b47d0
MANUAL: __cxx_global_var_init.22.21629 @ 0x5b4b10
MANUAL: __cxx_global_var_init.23.21630 @ 0x5b4e50
MANUAL: __cxx_global_var_init.24 @ 0x5b5060
MANUAL: __cxx_global_var_init.25 @ 0x5b5280
MANUAL: __cxx_global_var_init.26 @ 0x5b5370
MANUAL: __cxx_global_var_init.27 @ 0x5b54a0
MANUAL: __cxx_global_var_init.28 @ 0x5b55b0
MANUAL: __cxx_global_var_init.29 @ 0x5b5700
MANUAL: __cxx_global_var_init.30 @ 0x5b58f0
MANUAL: _ZN4SITL5FrameC2EPKchPNS_5MotorE @ 0xaaa400
MANUAL: _ZN4SITL5Frame5ModelC2Ev @ 0xaaa4b0
MANUAL: _ZN4SITL5MotorC2Ehffh @ 0xaaa740
MANUAL: _ZN4SITL5MotorC2Ehffhaffaff @ 0xaaa890
MANUAL: _ZL7radiansf.21661 @ 0x60c6f0
MANUAL: __cxx_global_var_init.21599 @ 0x5b5ee0
MANUAL: __cxx_global_var_init.1.21600 @ 0x5b5f40
MANUAL: __cxx_global_var_init.21589 @ 0x5b5f90
MANUAL: __cxx_global_var_init.1.21590 @ 0x5b5ff0
MANUAL: __cxx_global_var_init.21578 @ 0x5b6040
MANUAL: __cxx_global_var_init.1.21579 @ 0x5b60a0
MANUAL: __cxx_global_var_init.21570 @ 0x5b60f0
MANUAL: __cxx_global_var_init.1.21571 @ 0x5b6150
MANUAL: __cxx_global_var_init.21549 @ 0x5b61a0
MANUAL: __cxx_global_var_init.1.21550 @ 0x5b6200
MANUAL: __cxx_global_var_init.21540 @ 0x5b6250
MANUAL: __cxx_global_var_init.1.21541 @ 0x5b62b0
MANUAL: __cxx_global_var_init.21523 @ 0x5b6300
MANUAL: __cxx_global_var_init.1.21524 @ 0x5b6360
MANUAL: __cxx_global_var_init.21515 @ 0x5b63b0
MANUAL: __cxx_global_var_init.1.21516 @ 0x5b6410
MANUAL: __cxx_global_var_init.21506 @ 0x5b6460
MANUAL: __cxx_global_var_init.1.21507 @ 0x5b64c0
MANUAL: __cxx_global_var_init.21497 @ 0x5b6510
MANUAL: __cxx_global_var_init.1.21498 @ 0x5b6570
MANUAL: __cxx_global_var_init.21484 @ 0x5b65c0
MANUAL: __cxx_global_var_init.1.21485 @ 0x5b6620
MANUAL: __cxx_global_var_init.21471 @ 0x5b6670
MANUAL: __cxx_global_var_init.1.21472 @ 0x5b66d0
MANUAL: __cxx_global_var_init.21456 @ 0x5b6720
MANUAL: __cxx_global_var_init.1.21457 @ 0x5b6780
MANUAL: __cxx_global_var_init.21451 @ 0x5b67d0
MANUAL: __cxx_global_var_init.1.21452 @ 0x5b6830
MANUAL: __cxx_global_var_init.21444 @ 0x5b6880
MANUAL: __cxx_global_var_init.1.21445 @ 0x5b68e0
MANUAL: __cxx_global_var_init.21433 @ 0x5b6930
MANUAL: __cxx_global_var_init.1.21434 @ 0x5b6990
MANUAL: __cxx_global_var_init.21414 @ 0x5b69e0
MANUAL: __cxx_global_var_init.1.21415 @ 0x5b6a40
MANUAL: __cxx_global_var_init.21386 @ 0x5b6a90
MANUAL: __cxx_global_var_init.1.21387 @ 0x5b6af0
MANUAL: __cxx_global_var_init.21303 @ 0x5b6b40
MANUAL: __cxx_global_var_init.1.21304 @ 0x5b6ba0
MANUAL: __cxx_global_var_init.21298 @ 0x5b6bf0
MANUAL: __cxx_global_var_init.1.21299 @ 0x5b6c50
MANUAL: __cxx_global_var_init.21263 @ 0x5b6ca0
MANUAL: __cxx_global_var_init.1.21264 @ 0x5b6d00
MANUAL: __cxx_global_var_init.21209 @ 0x5b6d50
MANUAL: __cxx_global_var_init.1.21210 @ 0x5b6db0
MANUAL: __cxx_global_var_init.21204 @ 0x5b6e00
MANUAL: __cxx_global_var_init.1.21205 @ 0x5b6e60
MANUAL: __cxx_global_var_init.21194 @ 0x5b6eb0
MANUAL: __cxx_global_var_init.1.21195 @ 0x5b6f10
MANUAL: __cxx_global_var_init.21183 @ 0x5b6f60
MANUAL: __cxx_global_var_init.1.21184 @ 0x5b6fc0
MANUAL: __cxx_global_var_init.21162 @ 0x5b7010
MANUAL: __cxx_global_var_init.1.21163 @ 0x5b7070
MANUAL: __cxx_global_var_init.21155 @ 0x5b70c0
MANUAL: __cxx_global_var_init.1.21156 @ 0x5b7120
MANUAL: __cxx_global_var_init.21143 @ 0x5b7170
MANUAL: __cxx_global_var_init.1.21144 @ 0x5b71d0
MANUAL: __cxx_global_var_init.21128 @ 0x5b7220
MANUAL: __cxx_global_var_init.1.21129 @ 0x5b7280
MANUAL: __cxx_global_var_init.2.21130 @ 0x5b72d0
MANUAL: _ZN7HALSITL9SemaphoreD2Ev @ 0xaaaa70
MANUAL: _ZN6AP_HAL9SemaphoreD2Ev @ 0xaaaac0
MANUAL: _ZN7HALSITL9SemaphoreC2Ev @ 0x60c750
MANUAL: _ZN6AP_HAL9SemaphoreC2Ev @ 0xaaab10
MANUAL: _ZN7HALSITL9Semaphore4takeEj @ 0x60c7f0
MANUAL: _ZN7HALSITL9Semaphore16take_nonblockingEv @ 0x60c990
MANUAL: _ZN6AP_HAL9Semaphore13take_blockingEv @ 0xaaab70
MANUAL: _ZN7HALSITL9Semaphore4giveEv @ 0x60ca20
MANUAL: __cxx_global_var_init.21110 @ 0x5b7340
MANUAL: __cxx_global_var_init.1.21111 @ 0x5b73a0
MANUAL: __cxx_global_var_init.21091 @ 0x5b73f0
MANUAL: __cxx_global_var_init.1.21092 @ 0x5b7450
MANUAL: __cxx_global_var_init.21078 @ 0x5b74a0
MANUAL: __cxx_global_var_init.1.21079 @ 0x5b7500
MANUAL: __cxx_global_var_init.21071 @ 0x5b7550
MANUAL: __cxx_global_var_init.1.21072 @ 0x5b75b0
MANUAL: __cxx_global_var_init.21048 @ 0x5b7600
MANUAL: __cxx_global_var_init.1.21049 @ 0x5b7660
MANUAL: __cxx_global_var_init.21034 @ 0x5b76b0
MANUAL: __cxx_global_var_init.1.21035 @ 0x5b7710
MANUAL: __cxx_global_var_init.21017 @ 0x5b7760
MANUAL: __cxx_global_var_init.1.21018 @ 0x5b77c0
MANUAL: __cxx_global_var_init.21002 @ 0x5b7810
MANUAL: __cxx_global_var_init.1.21003 @ 0x5b7870
MANUAL: __cxx_global_var_init.20979 @ 0x5b78c0
MANUAL: __cxx_global_var_init.1.20980 @ 0x5b7920
MANUAL: __cxx_global_var_init.20962 @ 0x5b7970
MANUAL: __cxx_global_var_init.1.20963 @ 0x5b79d0
MANUAL: __cxx_global_var_init.20941 @ 0x5b7a20
MANUAL: __cxx_global_var_init.1.20942 @ 0x5b7a80
MANUAL: __cxx_global_var_init.20922 @ 0x5b7ad0
MANUAL: __cxx_global_var_init.1.20923 @ 0x5b7b30
MANUAL: __cxx_global_var_init.20910 @ 0x5b7b80
MANUAL: __cxx_global_var_init.1.20911 @ 0x5b7be0
MANUAL: __cxx_global_var_init.20887 @ 0x5b7c30
MANUAL: __cxx_global_var_init.1.20888 @ 0x5b7c90
MANUAL: __cxx_global_var_init.20842 @ 0x5b7ce0
MANUAL: __cxx_global_var_init.1.20843 @ 0x5b7d40
MANUAL: __cxx_global_var_init.20835 @ 0x5b7d90
MANUAL: __cxx_global_var_init.1.20836 @ 0x5b7df0
MANUAL: __cxx_global_var_init.20823 @ 0x5b7e40
MANUAL: __cxx_global_var_init.1.20824 @ 0x5b7ea0
MANUAL: __cxx_global_var_init.20800 @ 0x5b7ef0
MANUAL: __cxx_global_var_init.1.20801 @ 0x5b7f50
MANUAL: __cxx_global_var_init.2.20802 @ 0x5b7fa0
MANUAL: _ZN15ObjectBuffer_TSIN21AP_Proximity_DroneCAN12ObstacleItemEEC2Ej @ 0xaaacd0
MANUAL: __cxx_global_var_init.20779 @ 0x5b8020
MANUAL: __cxx_global_var_init.1.20780 @ 0x5b8080
MANUAL: __cxx_global_var_init.20774 @ 0x5b80d0
MANUAL: __cxx_global_var_init.1.20775 @ 0x5b8130
MANUAL: __cxx_global_var_init.20767 @ 0x5b8180
MANUAL: __cxx_global_var_init.1.20768 @ 0x5b81e0
MANUAL: __cxx_global_var_init.20760 @ 0x5b8230
MANUAL: __cxx_global_var_init.1.20761 @ 0x5b8290
MANUAL: __cxx_global_var_init.20750 @ 0x5b82e0
MANUAL: __cxx_global_var_init.1.20751 @ 0x5b8340
MANUAL: __cxx_global_var_init.20745 @ 0x5b8390
MANUAL: __cxx_global_var_init.1.20746 @ 0x5b83f0
MANUAL: __cxx_global_var_init.20738 @ 0x5b8440
MANUAL: __cxx_global_var_init.1.20739 @ 0x5b84a0
MANUAL: __cxx_global_var_init.20730 @ 0x5b84f0
MANUAL: __cxx_global_var_init.1.20731 @ 0x5b8550
MANUAL: __cxx_global_var_init.20723 @ 0x5b85a0
MANUAL: __cxx_global_var_init.1.20724 @ 0x5b8600
MANUAL: __cxx_global_var_init.20711 @ 0x5b8650
MANUAL: __cxx_global_var_init.1.20712 @ 0x5b86b0
MANUAL: __cxx_global_var_init.2.20713 @ 0x5b8700
MANUAL: _ZN22AP_RCProtocol_DroneCAN8RegistryC2Ev @ 0xaaae20
MANUAL: __cxx_global_var_init.20702 @ 0x5b8770
MANUAL: __cxx_global_var_init.1.20703 @ 0x5b87d0
MANUAL: __cxx_global_var_init.20673 @ 0x5b8820
MANUAL: __cxx_global_var_init.1.20674 @ 0x5b8880
MANUAL: __cxx_global_var_init.20658 @ 0x5b88d0
MANUAL: __cxx_global_var_init.1.20659 @ 0x5b8930
MANUAL: __cxx_global_var_init.20635 @ 0x5b8980
MANUAL: __cxx_global_var_init.1.20636 @ 0x5b89e0
MANUAL: __cxx_global_var_init.20620 @ 0x5b8a30
MANUAL: __cxx_global_var_init.1.20621 @ 0x5b8a90
MANUAL: __cxx_global_var_init.20589 @ 0x5b8ae0
MANUAL: __cxx_global_var_init.1.20590 @ 0x5b8b40
MANUAL: __cxx_global_var_init.20575 @ 0x5b8b90
MANUAL: __cxx_global_var_init.1.20576 @ 0x5b8bf0
MANUAL: __cxx_global_var_init.20570 @ 0x5b8c40
MANUAL: __cxx_global_var_init.1.20571 @ 0x5b8ca0
MANUAL: __cxx_global_var_init.20563 @ 0x5b8cf0
MANUAL: __cxx_global_var_init.1.20564 @ 0x5b8d50
MANUAL: __cxx_global_var_init.20551 @ 0x5b8da0
MANUAL: __cxx_global_var_init.1.20552 @ 0x5b8e00
MANUAL: __cxx_global_var_init.20542 @ 0x5b8e50
MANUAL: __cxx_global_var_init.1.20543 @ 0x5b8eb0
MANUAL: __cxx_global_var_init.20530 @ 0x5b8f00
MANUAL: __cxx_global_var_init.1.20531 @ 0x5b8f60
MANUAL: __cxx_global_var_init.20490 @ 0x5b8fb0
MANUAL: __cxx_global_var_init.1.20491 @ 0x5b9010
MANUAL: __cxx_global_var_init.20482 @ 0x5b9060
MANUAL: __cxx_global_var_init.1.20483 @ 0x5b90c0
MANUAL: __cxx_global_var_init.20475 @ 0x5b9110
MANUAL: __cxx_global_var_init.1.20476 @ 0x5b9170
MANUAL: __cxx_global_var_init.20463 @ 0x5b91c0
MANUAL: __cxx_global_var_init.1.20464 @ 0x5b9220
MANUAL: __cxx_global_var_init.20438 @ 0x5b9270
MANUAL: __cxx_global_var_init.1.20439 @ 0x5b92d0
MANUAL: __cxx_global_var_init.20428 @ 0x5b9320
MANUAL: __cxx_global_var_init.1.20429 @ 0x5b9380
MANUAL: __cxx_global_var_init.20418 @ 0x5b93d0
MANUAL: __cxx_global_var_init.1.20419 @ 0x5b9430
MANUAL: __cxx_global_var_init.20395 @ 0x5b9480
MANUAL: __cxx_global_var_init.1.20396 @ 0x5b94e0
MANUAL: __cxx_global_var_init.20388 @ 0x5b9530
MANUAL: __cxx_global_var_init.1.20389 @ 0x5b9590
MANUAL: __cxx_global_var_init.20382 @ 0x5b95e0
MANUAL: __cxx_global_var_init.1.20383 @ 0x5b9640
MANUAL: __cxx_global_var_init.20357 @ 0x5b9690
MANUAL: __cxx_global_var_init.1.20358 @ 0x5b96f0
MANUAL: __cxx_global_var_init.20335 @ 0x5b9740
MANUAL: __cxx_global_var_init.1.20336 @ 0x5b97a0
MANUAL: __cxx_global_var_init.20327 @ 0x5b97f0
MANUAL: __cxx_global_var_init.1.20328 @ 0x5b9850
MANUAL: __cxx_global_var_init.20316 @ 0x5b98a0
MANUAL: __cxx_global_var_init.1.20317 @ 0x5b9900
MANUAL: __cxx_global_var_init.20304 @ 0x5b9950
MANUAL: __cxx_global_var_init.1.20305 @ 0x5b99b0
MANUAL: __cxx_global_var_init.20293 @ 0x5b9a00
MANUAL: __cxx_global_var_init.1.20294 @ 0x5b9a60
MANUAL: __cxx_global_var_init.20280 @ 0x5b9ab0
MANUAL: __cxx_global_var_init.1.20281 @ 0x5b9b10
MANUAL: __cxx_global_var_init.20270 @ 0x5b9b60
MANUAL: __cxx_global_var_init.1.20271 @ 0x5b9bc0
MANUAL: __cxx_global_var_init.20221 @ 0x5b9c10
MANUAL: __cxx_global_var_init.1.20222 @ 0x5b9c70
MANUAL: __cxx_global_var_init.20194 @ 0x5b9cc0
MANUAL: __cxx_global_var_init.1.20195 @ 0x5b9d20
MANUAL: __cxx_global_var_init.20174 @ 0x5b9d70
MANUAL: __cxx_global_var_init.1.20175 @ 0x5b9dd0
MANUAL: __cxx_global_var_init.20145 @ 0x5b9e20
MANUAL: __cxx_global_var_init.1.20146 @ 0x5b9e80
MANUAL: __cxx_global_var_init.20123 @ 0x5b9ed0
MANUAL: __cxx_global_var_init.1.20124 @ 0x5b9f30
MANUAL: __cxx_global_var_init.20099 @ 0x5b9f80
MANUAL: __cxx_global_var_init.1.20100 @ 0x5b9fe0
MANUAL: __cxx_global_var_init.20068 @ 0x5ba030
MANUAL: __cxx_global_var_init.1.20069 @ 0x5ba090
MANUAL: __cxx_global_var_init.20061 @ 0x5ba0e0
MANUAL: __cxx_global_var_init.1.20062 @ 0x5ba140
MANUAL: __cxx_global_var_init.20004 @ 0x5ba190
MANUAL: __cxx_global_var_init.1.20005 @ 0x5ba1f0
MANUAL: __cxx_global_var_init.19978 @ 0x5ba240
MANUAL: __cxx_global_var_init.1.19979 @ 0x5ba2a0
MANUAL: __cxx_global_var_init.19962 @ 0x5ba2f0
MANUAL: __cxx_global_var_init.1.19963 @ 0x5ba350
MANUAL: __cxx_global_var_init.19953 @ 0x5ba3a0
MANUAL: __cxx_global_var_init.1.19954 @ 0x5ba400
MANUAL: __cxx_global_var_init.19901 @ 0x5ba450
MANUAL: __cxx_global_var_init.1.19902 @ 0x5ba4b0
MANUAL: __cxx_global_var_init.19894 @ 0x5ba500
MANUAL: __cxx_global_var_init.1.19895 @ 0x5ba560
MANUAL: __cxx_global_var_init.19861 @ 0x5ba5b0
MANUAL: __cxx_global_var_init.1.19862 @ 0x5ba610
MANUAL: __cxx_global_var_init.19825 @ 0x5ba660
MANUAL: __cxx_global_var_init.1.19826 @ 0x5ba6c0
MANUAL: __cxx_global_var_init.19815 @ 0x5ba710
MANUAL: __cxx_global_var_init.1.19816 @ 0x5ba770
MANUAL: __cxx_global_var_init.19806 @ 0x5ba7c0
MANUAL: __cxx_global_var_init.1.19807 @ 0x5ba820
MANUAL: __cxx_global_var_init.19782 @ 0x5ba870
MANUAL: __cxx_global_var_init.1.19783 @ 0x5ba8d0
MANUAL: __cxx_global_var_init.19754 @ 0x5ba920
MANUAL: __cxx_global_var_init.1.19755 @ 0x5ba980
MANUAL: __cxx_global_var_init.19742 @ 0x5ba9d0
MANUAL: __cxx_global_var_init.1.19743 @ 0x5baa30
MANUAL: __cxx_global_var_init.19699 @ 0x5baa80
MANUAL: __cxx_global_var_init.1.19700 @ 0x5baae0
MANUAL: __cxx_global_var_init.19680 @ 0x5bab30
MANUAL: __cxx_global_var_init.1.19681 @ 0x5bab90
MANUAL: __cxx_global_var_init.19664 @ 0x5babe0
MANUAL: __cxx_global_var_init.1.19665 @ 0x5bac40
MANUAL: __cxx_global_var_init.19641 @ 0x5bac90
MANUAL: __cxx_global_var_init.1.19642 @ 0x5bacf0
MANUAL: __cxx_global_var_init.19618 @ 0x5bad40
MANUAL: __cxx_global_var_init.1.19619 @ 0x5bada0
MANUAL: __cxx_global_var_init.19549 @ 0x5badf0
MANUAL: __cxx_global_var_init.1.19550 @ 0x5bae50
MANUAL: __cxx_global_var_init.19544 @ 0x5baea0
MANUAL: __cxx_global_var_init.1.19545 @ 0x5baf00
MANUAL: __cxx_global_var_init.19535 @ 0x5baf50
MANUAL: __cxx_global_var_init.1.19536 @ 0x5bafb0
MANUAL: __cxx_global_var_init.19525 @ 0x5bb000
MANUAL: __cxx_global_var_init.1.19526 @ 0x5bb060
MANUAL: __cxx_global_var_init.19518 @ 0x5bb0b0
MANUAL: __cxx_global_var_init.1.19519 @ 0x5bb110
MANUAL: __cxx_global_var_init.19508 @ 0x5bb160
MANUAL: __cxx_global_var_init.1.19509 @ 0x5bb1c0
MANUAL: __cxx_global_var_init.19501 @ 0x5bb210
MANUAL: __cxx_global_var_init.1.19502 @ 0x5bb270
MANUAL: __cxx_global_var_init.19491 @ 0x5bb2c0
MANUAL: __cxx_global_var_init.1.19492 @ 0x5bb320
MANUAL: __cxx_global_var_init.19482 @ 0x5bb370
MANUAL: __cxx_global_var_init.1.19483 @ 0x5bb3d0
MANUAL: __cxx_global_var_init.19470 @ 0x5bb420
MANUAL: __cxx_global_var_init.1.19471 @ 0x5bb480
MANUAL: __cxx_global_var_init.19442 @ 0x5bb4d0
MANUAL: __cxx_global_var_init.1.19443 @ 0x5bb530
MANUAL: __cxx_global_var_init.6.19444 @ 0x5bb580
MANUAL: __cxx_global_var_init.19435 @ 0x5bb5d0
MANUAL: __cxx_global_var_init.1.19436 @ 0x5bb630
MANUAL: __cxx_global_var_init.19422 @ 0x5bb680
MANUAL: __cxx_global_var_init.1.19423 @ 0x5bb6e0
MANUAL: __cxx_global_var_init.19410 @ 0x5bb730
MANUAL: __cxx_global_var_init.1.19411 @ 0x5bb790
MANUAL: __cxx_global_var_init.19399 @ 0x5bb7e0
MANUAL: __cxx_global_var_init.1.19400 @ 0x5bb840
MANUAL: __cxx_global_var_init.19391 @ 0x5bb890
MANUAL: __cxx_global_var_init.1.19392 @ 0x5bb8f0
MANUAL: __cxx_global_var_init.19375 @ 0x5bb940
MANUAL: __cxx_global_var_init.1.19376 @ 0x5bb9a0
MANUAL: __cxx_global_var_init.19367 @ 0x5bb9f0
MANUAL: __cxx_global_var_init.1.19368 @ 0x5bba50
MANUAL: __cxx_global_var_init.19360 @ 0x5bbaa0
MANUAL: __cxx_global_var_init.1.19361 @ 0x5bbb00
MANUAL: __cxx_global_var_init.19345 @ 0x5bbb50
MANUAL: __cxx_global_var_init.1.19346 @ 0x5bbbb0
MANUAL: __cxx_global_var_init.19317 @ 0x5bbc00
MANUAL: __cxx_global_var_init.1.19318 @ 0x5bbc60
MANUAL: __cxx_global_var_init.19291 @ 0x5bbcb0
MANUAL: __cxx_global_var_init.1.19292 @ 0x5bbd10
MANUAL: __cxx_global_var_init.19277 @ 0x5bbd60
MANUAL: __cxx_global_var_init.1.19278 @ 0x5bbdc0
MANUAL: __cxx_global_var_init.19262 @ 0x5bbe10
MANUAL: __cxx_global_var_init.1.19263 @ 0x5bbe70
MANUAL: __cxx_global_var_init.19244 @ 0x5bbec0
MANUAL: __cxx_global_var_init.1.19245 @ 0x5bbf20
MANUAL: __cxx_global_var_init.19233 @ 0x5bbf70
MANUAL: __cxx_global_var_init.1.19234 @ 0x5bbfd0
MANUAL: __cxx_global_var_init.19220 @ 0x5bc020
MANUAL: __cxx_global_var_init.1.19221 @ 0x5bc080
MANUAL: __cxx_global_var_init.19211 @ 0x5bc0d0
MANUAL: __cxx_global_var_init.1.19212 @ 0x5bc130
MANUAL: __cxx_global_var_init.19204 @ 0x5bc180
MANUAL: __cxx_global_var_init.1.19205 @ 0x5bc1e0
MANUAL: __cxx_global_var_init.19196 @ 0x5bc230
MANUAL: __cxx_global_var_init.1.19197 @ 0x5bc290
MANUAL: __cxx_global_var_init.19189 @ 0x5bc2e0
MANUAL: __cxx_global_var_init.1.19190 @ 0x5bc340
MANUAL: __cxx_global_var_init.19176 @ 0x5bc390
MANUAL: __cxx_global_var_init.1.19177 @ 0x5bc3f0
MANUAL: __cxx_global_var_init.2.19178 @ 0x5bc440
MANUAL: __cxx_global_var_init.19169 @ 0x5bc4b0
MANUAL: __cxx_global_var_init.1.19170 @ 0x5bc510
MANUAL: __cxx_global_var_init.19156 @ 0x5bc560
MANUAL: __cxx_global_var_init.1.19157 @ 0x5bc5c0
MANUAL: __cxx_global_var_init.19145 @ 0x5bc610
MANUAL: __cxx_global_var_init.1.19146 @ 0x5bc670
MANUAL: __cxx_global_var_init.19137 @ 0x5bc6c0
MANUAL: __cxx_global_var_init.1.19138 @ 0x5bc720
MANUAL: __cxx_global_var_init.19130 @ 0x5bc770
MANUAL: __cxx_global_var_init.1.19131 @ 0x5bc7d0
MANUAL: __cxx_global_var_init.19123 @ 0x5bc820
MANUAL: __cxx_global_var_init.1.19124 @ 0x5bc880
MANUAL: __cxx_global_var_init.19116 @ 0x5bc8d0
MANUAL: __cxx_global_var_init.1.19117 @ 0x5bc930
MANUAL: __cxx_global_var_init.19109 @ 0x5bc980
MANUAL: __cxx_global_var_init.1.19110 @ 0x5bc9e0
MANUAL: __cxx_global_var_init.19104 @ 0x5bca30
MANUAL: __cxx_global_var_init.1.19105 @ 0x5bca90
MANUAL: __cxx_global_var_init.19097 @ 0x5bcae0
MANUAL: __cxx_global_var_init.1.19098 @ 0x5bcb40
MANUAL: __cxx_global_var_init.19086 @ 0x5bcb90
MANUAL: __cxx_global_var_init.1.19087 @ 0x5bcbf0
MANUAL: __cxx_global_var_init.19079 @ 0x5bcc40
MANUAL: __cxx_global_var_init.1.19080 @ 0x5bcca0
MANUAL: __cxx_global_var_init.19069 @ 0x5bccf0
MANUAL: __cxx_global_var_init.1.19070 @ 0x5bcd50
MANUAL: __cxx_global_var_init.19053 @ 0x5bcda0
MANUAL: __cxx_global_var_init.1.19054 @ 0x5bce00
MANUAL: __cxx_global_var_init.19046 @ 0x5bce50
MANUAL: __cxx_global_var_init.1.19047 @ 0x5bceb0
MANUAL: __cxx_global_var_init.19033 @ 0x5bcf00
MANUAL: __cxx_global_var_init.1.19034 @ 0x5bcf60
MANUAL: __cxx_global_var_init.2.19035 @ 0x5bcfb0
MANUAL: __cxx_global_var_init.19026 @ 0x5bd020
MANUAL: __cxx_global_var_init.1.19027 @ 0x5bd080
MANUAL: __cxx_global_var_init.19015 @ 0x5bd0d0
MANUAL: __cxx_global_var_init.1.19016 @ 0x5bd130
MANUAL: __cxx_global_var_init.19008 @ 0x5bd180
MANUAL: __cxx_global_var_init.1.19009 @ 0x5bd1e0
MANUAL: __cxx_global_var_init.19001 @ 0x5bd230
MANUAL: __cxx_global_var_init.1.19002 @ 0x5bd290
MANUAL: __cxx_global_var_init.18994 @ 0x5bd2e0
MANUAL: __cxx_global_var_init.1.18995 @ 0x5bd340
MANUAL: __cxx_global_var_init.18951 @ 0x5bd390
MANUAL: __cxx_global_var_init.1.18952 @ 0x5bd3f0
MANUAL: __cxx_global_var_init.18895 @ 0x5bd440
MANUAL: __cxx_global_var_init.1.18896 @ 0x5bd4a0
MANUAL: __cxx_global_var_init.18863 @ 0x5bd4f0
MANUAL: __cxx_global_var_init.1.18864 @ 0x5bd550
MANUAL: __cxx_global_var_init.17338 @ 0x5bd5a0
MANUAL: __cxx_global_var_init.1.17339 @ 0x5bd600
MANUAL: __cxx_global_var_init.17284 @ 0x5bd650
MANUAL: __cxx_global_var_init.1.17285 @ 0x5bd6b0
MANUAL: __cxx_global_var_init.2.17286 @ 0x5bd700
MANUAL: __cxx_global_var_init.3.17287 @ 0x5bd770
MANUAL: __cxx_global_var_init.17269 @ 0x5bd7e0
MANUAL: __cxx_global_var_init.1.17270 @ 0x5bd840
MANUAL: __cxx_global_var_init.17227 @ 0x5bd890
MANUAL: __cxx_global_var_init.1.17228 @ 0x5bd8f0
MANUAL: __cxx_global_var_init.17174 @ 0x5bd940
MANUAL: __cxx_global_var_init.1.17175 @ 0x5bd9a0
MANUAL: __cxx_global_var_init.195 @ 0x5bd9f0
MANUAL: __cxx_global_var_init.16954 @ 0x5bda50
MANUAL: __cxx_global_var_init.1.16955 @ 0x5bdab0
MANUAL: __cxx_global_var_init.16840 @ 0x5bdb00
MANUAL: __cxx_global_var_init.1.16841 @ 0x5bdb60
MANUAL: __cxx_global_var_init.16820 @ 0x5bdbb0
MANUAL: __cxx_global_var_init.1.16821 @ 0x5bdc10
MANUAL: __cxx_global_var_init.16809 @ 0x5bdc60
MANUAL: __cxx_global_var_init.1.16810 @ 0x5bdcc0
MANUAL: __cxx_global_var_init.16789 @ 0x5bdd10
MANUAL: __cxx_global_var_init.1.16790 @ 0x5bdd70
MANUAL: __cxx_global_var_init.16767 @ 0x5bddc0
MANUAL: __cxx_global_var_init.1.16768 @ 0x5bde20
MANUAL: __cxx_global_var_init.16758 @ 0x5bde70
MANUAL: __cxx_global_var_init.1.16759 @ 0x5bded0
MANUAL: __cxx_global_var_init.16681 @ 0x5bdf20
MANUAL: __cxx_global_var_init.1.16682 @ 0x5bdf80
MANUAL: __cxx_global_var_init.16645 @ 0x5bdfd0
MANUAL: __cxx_global_var_init.1.16646 @ 0x5be030
MANUAL: __cxx_global_var_init.16625 @ 0x5be080
MANUAL: __cxx_global_var_init.1.16626 @ 0x5be0e0
MANUAL: __cxx_global_var_init.16597 @ 0x5be130
MANUAL: __cxx_global_var_init.1.16598 @ 0x5be190
MANUAL: __cxx_global_var_init.16592 @ 0x5be1e0
MANUAL: __cxx_global_var_init.1.16593 @ 0x5be240
MANUAL: __cxx_global_var_init.16582 @ 0x5be290
MANUAL: __cxx_global_var_init.1.16583 @ 0x5be2f0
MANUAL: __cxx_global_var_init.16571 @ 0x5be340
MANUAL: __cxx_global_var_init.1.16572 @ 0x5be3a0
MANUAL: __cxx_global_var_init.16546 @ 0x5be3f0
MANUAL: __cxx_global_var_init.1.16547 @ 0x5be450
MANUAL: __cxx_global_var_init.16533 @ 0x5be4a0
MANUAL: __cxx_global_var_init.1.16534 @ 0x5be500
MANUAL: __cxx_global_var_init.16516 @ 0x5be550
MANUAL: __cxx_global_var_init.1.16517 @ 0x5be5b0
MANUAL: __cxx_global_var_init.16500 @ 0x5be600
MANUAL: __cxx_global_var_init.1.16501 @ 0x5be660
MANUAL: __cxx_global_var_init.16483 @ 0x5be6b0
MANUAL: __cxx_global_var_init.1.16484 @ 0x5be710
MANUAL: __cxx_global_var_init.16469 @ 0x5be760
MANUAL: __cxx_global_var_init.1.16470 @ 0x5be7c0
MANUAL: __cxx_global_var_init.16448 @ 0x5be810
MANUAL: __cxx_global_var_init.1.16449 @ 0x5be870
MANUAL: __cxx_global_var_init.2.16450 @ 0x5be8c0
MANUAL: __cxx_global_var_init.3.16451 @ 0x5beaa0
MANUAL: _ZN4SITL8ThrusterC2Eaffffff @ 0xaaaee0
MANUAL: __cxx_global_var_init.16441 @ 0x5bed10
MANUAL: __cxx_global_var_init.1.16442 @ 0x5bed70
MANUAL: __cxx_global_var_init.16413 @ 0x5bedc0
MANUAL: __cxx_global_var_init.1.16414 @ 0x5bee20
MANUAL: __cxx_global_var_init.16371 @ 0x5bee70
MANUAL: __cxx_global_var_init.1.16372 @ 0x5beed0
MANUAL: __cxx_global_var_init.16347 @ 0x5bef20
MANUAL: __cxx_global_var_init.1.16348 @ 0x5bef80
MANUAL: __cxx_global_var_init.16331 @ 0x5befd0
MANUAL: __cxx_global_var_init.1.16332 @ 0x5bf030
MANUAL: __cxx_global_var_init.16305 @ 0x5bf080
MANUAL: __cxx_global_var_init.1.16306 @ 0x5bf0e0
MANUAL: __cxx_global_var_init.16276 @ 0x5bf130
MANUAL: __cxx_global_var_init.1.16277 @ 0x5bf190
MANUAL: __cxx_global_var_init.16264 @ 0x5bf1e0
MANUAL: __cxx_global_var_init.1.16265 @ 0x5bf240
MANUAL: __cxx_global_var_init.16253 @ 0x5bf290
MANUAL: __cxx_global_var_init.1.16254 @ 0x5bf2f0
MANUAL: __cxx_global_var_init.16232 @ 0x5bf340
MANUAL: __cxx_global_var_init.1.16233 @ 0x5bf3a0
MANUAL: __cxx_global_var_init.16221 @ 0x5bf3f0
MANUAL: __cxx_global_var_init.1.16222 @ 0x5bf450
MANUAL: __cxx_global_var_init.16207 @ 0x5bf4a0
MANUAL: __cxx_global_var_init.1.16208 @ 0x5bf500
MANUAL: __cxx_global_var_init.16187 @ 0x5bf550
MANUAL: __cxx_global_var_init.1.16188 @ 0x5bf5b0
MANUAL: __cxx_global_var_init.2.16189 @ 0x5bf600
MANUAL: __cxx_global_var_init.3.16190 @ 0x5bf640
MANUAL: _ZN4SITL16JEDEC_MX25L3206EC2Ev @ 0xaab020
MANUAL: _ZN4SITL5JEDECC2Ev @ 0xaab090
MANUAL: _ZN4SITL9SPIDeviceC2Ev @ 0xaab4a0
MANUAL: _ZN4SITL15RAMTRON_FM25V02C2Ev @ 0xaab500
MANUAL: _ZN4SITL7RAMTRONC2Ev @ 0xaab590
MANUAL: __cxx_global_var_init.16174 @ 0x5bf680
MANUAL: __cxx_global_var_init.1.16175 @ 0x5bf6e0
MANUAL: __cxx_global_var_init.16159 @ 0x5bf730
MANUAL: __cxx_global_var_init.1.16160 @ 0x5bf790
MANUAL: __cxx_global_var_init.16149 @ 0x5bf7e0
MANUAL: __cxx_global_var_init.1.16150 @ 0x5bf840
MANUAL: __cxx_global_var_init.16135 @ 0x5bf890
MANUAL: __cxx_global_var_init.1.16136 @ 0x5bf8f0
MANUAL: __cxx_global_var_init.16128 @ 0x5bf940
MANUAL: __cxx_global_var_init.1.16129 @ 0x5bf9a0
MANUAL: __cxx_global_var_init.16121 @ 0x5bf9f0
MANUAL: __cxx_global_var_init.1.16122 @ 0x5bfa50
MANUAL: __cxx_global_var_init.16114 @ 0x5bfaa0
MANUAL: __cxx_global_var_init.1.16115 @ 0x5bfb00
MANUAL: __cxx_global_var_init.16106 @ 0x5bfb50
MANUAL: __cxx_global_var_init.1.16107 @ 0x5bfbb0
MANUAL: __cxx_global_var_init.16099 @ 0x5bfc00
MANUAL: __cxx_global_var_init.1.16100 @ 0x5bfc60
MANUAL: __cxx_global_var_init.16089 @ 0x5bfcb0
MANUAL: __cxx_global_var_init.1.16090 @ 0x5bfd10
MANUAL: __cxx_global_var_init.16081 @ 0x5bfd60
MANUAL: __cxx_global_var_init.1.16082 @ 0x5bfdc0
MANUAL: __cxx_global_var_init.16072 @ 0x5bfe10
MANUAL: __cxx_global_var_init.1.16073 @ 0x5bfe70
MANUAL: __cxx_global_var_init.16065 @ 0x5bfec0
MANUAL: __cxx_global_var_init.1.16066 @ 0x5bff20
MANUAL: __cxx_global_var_init.16055 @ 0x5bff70
MANUAL: __cxx_global_var_init.1.16056 @ 0x5bffd0
MANUAL: __cxx_global_var_init.16048 @ 0x5c0020
MANUAL: __cxx_global_var_init.1.16049 @ 0x5c0080
MANUAL: __cxx_global_var_init.16041 @ 0x5c00d0
MANUAL: __cxx_global_var_init.1.16042 @ 0x5c0130
MANUAL: __cxx_global_var_init.16034 @ 0x5c0180
MANUAL: __cxx_global_var_init.1.16035 @ 0x5c01e0
MANUAL: __cxx_global_var_init.16027 @ 0x5c0230
MANUAL: __cxx_global_var_init.1.16028 @ 0x5c0290
MANUAL: __cxx_global_var_init.16016 @ 0x5c02e0
MANUAL: __cxx_global_var_init.1.16017 @ 0x5c0340
MANUAL: __cxx_global_var_init.16009 @ 0x5c0390
MANUAL: __cxx_global_var_init.1.16010 @ 0x5c03f0
MANUAL: __cxx_global_var_init.15972 @ 0x5c0440
MANUAL: __cxx_global_var_init.1.15973 @ 0x5c04a0
MANUAL: __cxx_global_var_init.15965 @ 0x5c04f0
MANUAL: __cxx_global_var_init.1.15966 @ 0x5c0550
MANUAL: __cxx_global_var_init.15955 @ 0x5c05a0
MANUAL: __cxx_global_var_init.1.15956 @ 0x5c0600
MANUAL: __cxx_global_var_init.15871 @ 0x5c0650
MANUAL: __cxx_global_var_init.1.15872 @ 0x5c06b0
MANUAL: __cxx_global_var_init.15863 @ 0x5c0700
MANUAL: __cxx_global_var_init.1.15864 @ 0x5c0760
MANUAL: __cxx_global_var_init.15853 @ 0x5c07b0
MANUAL: __cxx_global_var_init.1.15854 @ 0x5c0810
MANUAL: __cxx_global_var_init.15844 @ 0x5c0860
MANUAL: __cxx_global_var_init.1.15845 @ 0x5c08c0
MANUAL: __cxx_global_var_init.15825 @ 0x5c0910
MANUAL: __cxx_global_var_init.1.15826 @ 0x5c0970
MANUAL: __cxx_global_var_init.15814 @ 0x5c09c0
MANUAL: __cxx_global_var_init.1.15815 @ 0x5c0a20
MANUAL: __cxx_global_var_init.15801 @ 0x5c0a70
MANUAL: __cxx_global_var_init.1.15802 @ 0x5c0ad0
MANUAL: __cxx_global_var_init.15732 @ 0x5c0b20
MANUAL: __cxx_global_var_init.1.15733 @ 0x5c0b80
MANUAL: __cxx_global_var_init.15707 @ 0x5c0bd0
MANUAL: __cxx_global_var_init.1.15708 @ 0x5c0c30
MANUAL: __cxx_global_var_init.15695 @ 0x5c0c80
MANUAL: __cxx_global_var_init.1.15696 @ 0x5c0ce0
MANUAL: __cxx_global_var_init.15684 @ 0x5c0d30
MANUAL: __cxx_global_var_init.1.15685 @ 0x5c0d90
MANUAL: __cxx_global_var_init.15664 @ 0x5c0de0
MANUAL: __cxx_global_var_init.1.15665 @ 0x5c0e40
MANUAL: __cxx_global_var_init.15654 @ 0x5c0e90
MANUAL: __cxx_global_var_init.1.15655 @ 0x5c0ef0
MANUAL: __cxx_global_var_init.15635 @ 0x5c0f40
MANUAL: __cxx_global_var_init.1.15636 @ 0x5c0fa0
MANUAL: __cxx_global_var_init.15630 @ 0x5c0ff0
MANUAL: __cxx_global_var_init.1.15631 @ 0x5c1050
MANUAL: __cxx_global_var_init.15608 @ 0x5c10a0
MANUAL: __cxx_global_var_init.1.15609 @ 0x5c1100
MANUAL: __cxx_global_var_init.15550 @ 0x5c1150
MANUAL: __cxx_global_var_init.1.15551 @ 0x5c11b0
MANUAL: __cxx_global_var_init.15491 @ 0x5c1200
MANUAL: __cxx_global_var_init.1.15492 @ 0x5c1260
MANUAL: __cxx_global_var_init.15456 @ 0x5c12b0
MANUAL: __cxx_global_var_init.35 @ 0x5c1310
MANUAL: __cxx_global_var_init.1.15457 @ 0x5c1360
MANUAL: __cxx_global_var_init.15410 @ 0x5c13b0
MANUAL: __cxx_global_var_init.1.15411 @ 0x5c1410
MANUAL: __cxx_global_var_init.15382 @ 0x5c1460
MANUAL: __cxx_global_var_init.1.15383 @ 0x5c14c0
MANUAL: __cxx_global_var_init.15361 @ 0x5c1510
MANUAL: __cxx_global_var_init.1.15362 @ 0x5c1570
MANUAL: __cxx_global_var_init.15354 @ 0x5c15c0
MANUAL: __cxx_global_var_init.1.15355 @ 0x5c1620
MANUAL: __cxx_global_var_init.15333 @ 0x5c1670
MANUAL: __cxx_global_var_init.1.15334 @ 0x5c16d0
MANUAL: __cxx_global_var_init.15313 @ 0x5c1720
MANUAL: __cxx_global_var_init.1.15314 @ 0x5c1780
MANUAL: __cxx_global_var_init.15258 @ 0x5c17d0
MANUAL: __cxx_global_var_init.1.15259 @ 0x5c1830
MANUAL: __cxx_global_var_init.2.15260 @ 0x5c1880
MANUAL: __cxx_global_var_init.3.15261 @ 0x5c18c0
MANUAL: __cxx_global_var_init.4.15262 @ 0x5c1900
MANUAL: __cxx_global_var_init.5.15263 @ 0x5c1940
MANUAL: __cxx_global_var_init.6.15264 @ 0x5c1980
MANUAL: __cxx_global_var_init.7.15265 @ 0x5c19c0
MANUAL: __cxx_global_var_init.8.15266 @ 0x5c1a00
MANUAL: __cxx_global_var_init.9.15267 @ 0x5c1a40
MANUAL: __cxx_global_var_init.10.15268 @ 0x5c1a80
MANUAL: __cxx_global_var_init.11.15269 @ 0x5c1ac0
MANUAL: __cxx_global_var_init.12.15270 @ 0x5c1b00
MANUAL: __cxx_global_var_init.13.15271 @ 0x5c1b40
MANUAL: __cxx_global_var_init.14.15272 @ 0x5c1b80
MANUAL: __cxx_global_var_init.15.15273 @ 0x5c1bc0
MANUAL: __cxx_global_var_init.16.15274 @ 0x5c1c00
MANUAL: __cxx_global_var_init.17.15275 @ 0x5c1c40
MANUAL: __cxx_global_var_init.18.15276 @ 0x5c1c80
MANUAL: __cxx_global_var_init.19.15277 @ 0x5c1cc0
MANUAL: __cxx_global_var_init.20.15278 @ 0x5c1d00
MANUAL: __cxx_global_var_init.21.15279 @ 0x5c1d40
MANUAL: __cxx_global_var_init.22.15280 @ 0x5c1d80
MANUAL: _ZN4SITL6AS5600C2Ev @ 0xaab750
MANUAL: _ZN4SITL9I2CDeviceC2Ev @ 0xaab7e0
MANUAL: _ZN4SITL17I2CRegisters_8BitC2Ev @ 0xaab840
MANUAL: _ZN4SITL6AS56004initEv @ 0x60dd50
MANUAL: _ZN4SITL6AS56006updateERKNS_8AircraftE @ 0x60de50
MANUAL: _ZN4SITL17I2CRegisters_8Bit25rdwr_store_register_valueEhh @ 0xaab990
MANUAL: _ZN4SITL17I2CRegisters_8Bit4rdwrERPNS_3I2C19i2c_rdwr_ioctl_dataE @ 0x60df40
MANUAL: _ZNK4SITL8Aircraft12get_attitudeER11QuaternionTIfE @ 0xaaba10
MANUAL: _ZL7degreesf.21535 @ 0x60e220
MANUAL: _ZN4SITL17I2CRegisters_8Bit12set_registerEhh @ 0x60e280
MANUAL: _ZN4SITL12I2CRegisters12add_registerEPKchNS0_7RegModeE @ 0x60e320
MANUAL: _ZN4SITL12I2CRegistersC2Ev @ 0xaaba80
MANUAL: _ZN7BitmaskILt256EEC2Ev @ 0xaabb00
MANUAL: _ZN7BitmaskILt256EE8clearallEv @ 0xaabb50
MANUAL: _ZN4SITL9I2CDevice4initEv @ 0xaabbb0
MANUAL: _ZN4SITL9I2CDevice6updateERKNS_8AircraftE @ 0xaabc00
MANUAL: _ZN4SITL13TeraRangerI2CC2Ev @ 0xaabc60
MANUAL: _ZN4SITL13TeraRangerI2C4initEv @ 0xaabcf0
MANUAL: _ZN4SITL13TeraRangerI2C6updateERKNS_8AircraftE @ 0xaabda0
MANUAL: _ZNK4SITL8Aircraft17rangefinder_rangeEv @ 0x60e940
MANUAL: _Z10rand_floatv @ 0x60ec20
MANUAL: _ZN4SITL7INA3221C2Ev @ 0x60ec90
MANUAL: _ZN4SITL7INA32215resetEv @ 0x60ee30
MANUAL: _ZN4SITL7INA32216updateERKNS_8AircraftE @ 0x60ef00
MANUAL: _ZL15convert_voltagef @ 0x60f380
MANUAL: _ZL15convert_currentf @ 0x60f450
MANUAL: _ZN4SITL8QMC5883LC2Ev @ 0x60f530
MANUAL: _ZN4SITL8QMC5883L5resetEv @ 0x60f640
MANUAL: _ZN4SITL8QMC5883L6updateERKNS_8AircraftE @ 0x60f6b0
MANUAL: _ZN7Vector3IfE14rotate_inverseE8Rotation @ 0xaabe10
MANUAL: _ZL7htole16t.15963 @ 0x60fac0
MANUAL: _ZN7Vector3IsEC2Esss @ 0xaabfc0
MANUAL: _ZN4SITL10IS31FL3195C2Ev @ 0xaac060
MANUAL: _ZN10SIM_RGBLEDC2EPKc @ 0xaac100
MANUAL: _ZN4SITL10IS31FL31954initEv @ 0x60fb10
MANUAL: _ZN4SITL10IS31FL31956updateERKNS_8AircraftE @ 0x60fd30
MANUAL: _ZN4SITL10IS31FL31954rdwrERPNS_3I2C19i2c_rdwr_ioctl_dataE @ 0x60fe60
MANUAL: _ZN4SITL10IS31FL319525rdwr_store_register_valueEhh @ 0x60fed0
MANUAL: _ZThn8_N4SITL10IS31FL319525rdwr_store_register_valueEhh @ 0x60fff0
MANUAL: _ZN4SITL17I2CRegisters_8Bit12get_registerEh @ 0xaac160
MANUAL: _ZN4SITL10IS31FL319515reset_registersEv @ 0x610080
MANUAL: _ZN10SIM_RGBLED11set_coloursEhhh @ 0xaac1c0
MANUAL: _ZN10SIM_RGBLED4initEv @ 0x6101c0
MANUAL: _ZN4SITL6LM2755C2Ev @ 0xaac250
MANUAL: _ZN4SITL6LM27554initEv @ 0x610210
MANUAL: _ZN4SITL6LM27556updateERKNS_8AircraftE @ 0x610a10
MANUAL: _ZNK4SITL6LM275510LEDChannel13current_valueEv @ 0xaac3d0
MANUAL: _ZN4SITL6LM275510LEDChannelC2ERhS2_S2_S2_S2_S2_S2_ @ 0xaac420
MANUAL: _ZN4SITL6LP5562C2Ev @ 0xaac4d0
MANUAL: _ZN4SITL6LP55624initEv @ 0x610c70
MANUAL: _ZN4SITL6LP55626updateERKNS_8AircraftE @ 0x610fc0
MANUAL: _ZN4SITL6LP55624rdwrERPNS_3I2C19i2c_rdwr_ioctl_dataE @ 0xaac570
MANUAL: _ZN4SITL6LP556215reset_registersEv @ 0x611200
MANUAL: _ZN4SITL6LP556210LEDChannel6updateEv @ 0x6112d0
MANUAL: _ZNK4SITL6LP556210LEDChannel13current_valueEv @ 0xaac650
MANUAL: _ZN4SITL6LP556210LEDChannelC2ERh @ 0xaac6a0
MANUAL: _ZN4SITL6MS5611C2Ev @ 0xaac700
MANUAL: _ZN4SITL6MS5XXXC2Ev @ 0x611320
MANUAL: _ZN4SITL6MS5XXX6updateERKNS_8AircraftE @ 0x6113b0
MANUAL: _ZN7AP_Baro37get_pressure_temperature_for_alt_amslEfRfS0_ @ 0x612360
MANUAL: _ZN7AP_Baro29geometric_alt_to_geopotentialEf @ 0x612540
MANUAL: _ZL33find_atmosphere_layer_by_altitudef @ 0x6125a0
MANUAL: _ZN7AP_Baro33get_temperature_by_altitude_layerEfa @ 0x612650
MANUAL: _ZN4SITL6MS5525C2Ev @ 0xaac8a0
MANUAL: _ZN7AP_Baro29get_temperatureC_for_alt_amslEf @ 0x6131d0
MANUAL: _ZN4SITL8ICM40609C2Ev @ 0xaac9e0
MANUAL: _ZN4SITL12InvensenseV3C2Ev @ 0xaaca60
MANUAL: _ZN4SITL8ICM406094initEv @ 0xaacb30
MANUAL: _ZN4SITL12InvensenseV36updateERKNS_8AircraftE @ 0x613240
MANUAL: _ZNK4SITL8ICM4060911accel_scaleEv @ 0xaacba0
MANUAL: _ZN4SITL12InvensenseV319update_sample_countEv @ 0x613a90
MANUAL: _ZN4SITL12InvensenseV39set_blockEhPhh @ 0x613b30
MANUAL: _ZL7radiansd.15405 @ 0x613d00
MANUAL: _ZNK4SITL12InvensenseV310gyro_scaleEv @ 0xaacbf0
MANUAL: _ZN4SITL12InvensenseV313write_to_fifoEhPhh @ 0x613d50
MANUAL: _ZN4SITL12InvensenseV34initEv @ 0xaacc40
MANUAL: _ZN4SITL12InvensenseV39add_blockEPKchhNS_12I2CRegisters7RegModeE @ 0x613ee0
MANUAL: _ZN4SITL12InvensenseV38add_fifoEPKchNS_12I2CRegisters7RegModeE @ 0x614030
MANUAL: _ZN4SITL7MCP9600C2Ev @ 0xaacdf0
MANUAL: _ZN4SITL31I2CRegisters_ConfigurableLengthC2Ev @ 0xaace90
MANUAL: _ZN4SITL7MCP96004initEv @ 0x614160
MANUAL: _ZN4SITL7MCP96006updateERKNS_8AircraftE @ 0x6142b0
MANUAL: _ZL7htobe16t.15309 @ 0x614880
MANUAL: _ZL10__bswap_16t.15311 @ 0x6148d0
MANUAL: _ZNK4SITL31I2CRegisters_ConfigurableLength13get_reg_valueEhRh @ 0x614940
MANUAL: _ZN4SITL31I2CRegisters_ConfigurableLength12set_registerEhh @ 0x614b80
MANUAL: _ZN4SITL12I2CRegisters9set_debugEb @ 0xaacf00
MANUAL: _ZN4SITL31I2CRegisters_ConfigurableLength12add_registerEPKchhNS_12I2CRegisters7RegModeE @ 0x614cc0
MANUAL: _ZN4SITL6TSYS03C2Ev @ 0xaacf60
MANUAL: _ZN4SITL6TSYS036updateERKNS_8AircraftE @ 0x614d90
MANUAL: _ZN4SITL6TSYS039set_stateENS0_5StateE @ 0xaacfe0
MANUAL: _ZNK4SITL6TSYS0316time_in_state_msEv @ 0xaad050
MANUAL: _ZN4SITL6TSYS01C2Ev @ 0xaad160
MANUAL: _ZN4SITL6TSYS016updateERKNS_8AircraftE @ 0x6157e0
MANUAL: _ZN4SITL6TSYS019set_stateENS0_5StateE @ 0xaad1e0
MANUAL: _ZNK4SITL6TSYS0116time_in_state_msEv @ 0xaad250
MANUAL: _ZN4SITL5SHT3xC2Ev @ 0x616310
MANUAL: _ZN4SITL5SHT3x5resetEv @ 0x6163a0
MANUAL: _ZN4SITL5SHT3x6updateERKNS_8AircraftE @ 0x616410
MANUAL: _ZN4SITL5SHT3x9set_stateENS0_5StateE @ 0xaad2b0
MANUAL: _ZNK4SITL5SHT3x16time_in_state_msEv @ 0xaad320
MANUAL: _ZN4SITL13Airspeed_DLVRC2Ev @ 0xaad380
MANUAL: _ZN4SITL13Airspeed_DLVR6updateERKNS_8AircraftE @ 0x616c90
MANUAL: _ZN4SITL29SIM_BattMonitor_SMBus_GenericC2Ev @ 0x616f60
MANUAL: _ZN4SITL21SIM_BattMonitor_SMBusC2Ev @ 0x617000
MANUAL: _ZN4SITL11SMBusDevice9set_blockEhPKc @ 0xaad3f0
MANUAL: _ZN4SITL11SMBusDevice9set_blockEhPhh @ 0x6173d0
MANUAL: _ZN4SITL29SIM_BattMonitor_SMBus_Generic4initEv @ 0x617510
MANUAL: _ZN4SITL29SIM_BattMonitor_SMBus_Generic6updateERKNS_8AircraftE @ 0x617770
MANUAL: _ZNK4SITL29SIM_BattMonitor_SMBus_Generic9cellcountEv @ 0xaad490
MANUAL: _ZNK4SITL29SIM_BattMonitor_SMBus_Generic15connected_cellsEv @ 0xaad4e0
MANUAL: _ZN4SITL21SIM_BattMonitor_SMBus6updateERKNS_8AircraftE @ 0x617fd0
MANUAL: _ZNK4SITL8Aircraft19get_battery_voltageEv @ 0xaad530
MANUAL: _ZN4SITL11SMBusDevice12set_registerEht @ 0xaad580
MANUAL: _ZN4SITL18I2CRegisters_16Bit12set_registerEht @ 0x6180e0
MANUAL: _ZN4SITL11SMBusDevice12set_registerEhs @ 0xaad600
MANUAL: _ZN4SITL18I2CRegisters_16Bit12set_registerEhs @ 0x618190
MANUAL: _ZN4SITL11SMBusDevice12add_registerEPKchNS_12I2CRegisters7RegModeE @ 0xaad680
MANUAL: _ZN4SITL11SMBusDeviceC2Ev @ 0xaad710
MANUAL: _ZN4SITL11SMBusDevice9add_blockEPKchNS_12I2CRegisters7RegModeE @ 0x618240
MANUAL: _ZN4SITL18I2CRegisters_16BitC2Ev @ 0xaad7f0
MANUAL: _ZN4SITL6RotoyeC2Ev @ 0x618320
MANUAL: _ZN4SITL6Rotoye6updateERKNS_8AircraftE @ 0x618430
MANUAL: _ZNK4SITL6Rotoye9cellcountEv @ 0xaad860
MANUAL: _ZN4SITL11SMBusDevice13get_reg_valueEh @ 0xaad8b0
MANUAL: _ZN4SITL18I2CRegisters_16Bit13get_reg_valueEh @ 0xaad920
MANUAL: _ZL7be16toht.21586 @ 0x618500
MANUAL: _ZL10__bswap_16t.21587 @ 0x618550
MANUAL: _ZN4SITL6MaxellC2Ev @ 0x6185c0
MANUAL: _ZNK4SITL6Maxell9cellcountEv @ 0xaad990
MANUAL: _ZNK4SITL6Maxell15connected_cellsEv @ 0xaad9e0
MANUAL: _ZN4SITL13MaxSonarI2CXLC2Ev @ 0xaada30
MANUAL: _ZN4SITL24I2CCommandResponseDeviceC2Ev @ 0xaadac0
MANUAL: _ZN4SITL13MaxSonarI2CXL6updateERKNS_8AircraftE @ 0xaadb20
MANUAL: _ZN4SITL10ToshibaLEDC2Ev @ 0xaadda0
MANUAL: _ZN4SITL10ToshibaLED4initEv @ 0xaade40
MANUAL: _ZN4SITL10ToshibaLED6updateERKNS_8AircraftE @ 0x618810
MANUAL: _ZN4SITL10ToshibaLED4rdwrERPNS_3I2C19i2c_rdwr_ioctl_dataE @ 0xaadf30
MANUAL: __cxx_global_var_init.15245 @ 0x5c1dc0
MANUAL: __cxx_global_var_init.1.15246 @ 0x5c1e20
MANUAL: __cxx_global_var_init.15238 @ 0x5c1e70
MANUAL: __cxx_global_var_init.1.15239 @ 0x5c1ed0
MANUAL: __cxx_global_var_init.15222 @ 0x5c1f20
MANUAL: __cxx_global_var_init.1.15223 @ 0x5c1f80
MANUAL: __cxx_global_var_init.15210 @ 0x5c1fd0
MANUAL: __cxx_global_var_init.1.15211 @ 0x5c2030
MANUAL: __cxx_global_var_init.15183 @ 0x5c2080
MANUAL: __cxx_global_var_init.1.15184 @ 0x5c20e0
MANUAL: __cxx_global_var_init.15169 @ 0x5c2130
MANUAL: __cxx_global_var_init.1.15170 @ 0x5c2190
MANUAL: __cxx_global_var_init.2.15171 @ 0x5c21e0
MANUAL: __cxx_global_var_init.15158 @ 0x5c2230
MANUAL: __cxx_global_var_init.1.15159 @ 0x5c2290
MANUAL: __cxx_global_var_init.15141 @ 0x5c22e0
MANUAL: __cxx_global_var_init.1.15142 @ 0x5c2340
MANUAL: __cxx_global_var_init.15134 @ 0x5c2390
MANUAL: __cxx_global_var_init.1.15135 @ 0x5c23f0
MANUAL: __cxx_global_var_init.15127 @ 0x5c2440
MANUAL: __cxx_global_var_init.1.15128 @ 0x5c24a0
MANUAL: __cxx_global_var_init.15117 @ 0x5c24f0
MANUAL: __cxx_global_var_init.1.15118 @ 0x5c2550
MANUAL: __cxx_global_var_init.15109 @ 0x5c25a0
MANUAL: __cxx_global_var_init.1.15110 @ 0x5c2600
MANUAL: __cxx_global_var_init.15091 @ 0x5c2650
MANUAL: __cxx_global_var_init.1.15092 @ 0x5c26b0
MANUAL: __cxx_global_var_init.15083 @ 0x5c2700
MANUAL: __cxx_global_var_init.1.15084 @ 0x5c2760
MANUAL: __cxx_global_var_init.15066 @ 0x5c27b0
MANUAL: __cxx_global_var_init.1.15067 @ 0x5c2810
MANUAL: __cxx_global_var_init.15041 @ 0x5c2860
MANUAL: __cxx_global_var_init.1.15042 @ 0x5c28c0
MANUAL: __cxx_global_var_init.14937 @ 0x5c2910
MANUAL: __cxx_global_var_init.1.14938 @ 0x5c2970
MANUAL: __cxx_global_var_init.14887 @ 0x5c29c0
MANUAL: __cxx_global_var_init.1.14888 @ 0x5c2a20
MANUAL: __cxx_global_var_init.14872 @ 0x5c2a70
MANUAL: __cxx_global_var_init.1.14873 @ 0x5c2ad0
MANUAL: __cxx_global_var_init.14857 @ 0x5c2b20
MANUAL: __cxx_global_var_init.1.14858 @ 0x5c2b80
MANUAL: __cxx_global_var_init.14843 @ 0x5c2bd0
MANUAL: __cxx_global_var_init.1.14844 @ 0x5c2c30
MANUAL: __cxx_global_var_init.14836 @ 0x5c2c80
MANUAL: __cxx_global_var_init.1.14837 @ 0x5c2ce0
MANUAL: __cxx_global_var_init.14826 @ 0x5c2d30
MANUAL: __cxx_global_var_init.1.14827 @ 0x5c2d90
MANUAL: __cxx_global_var_init.14818 @ 0x5c2de0
MANUAL: __cxx_global_var_init.1.14819 @ 0x5c2e40
MANUAL: __cxx_global_var_init.14810 @ 0x5c2e90
MANUAL: __cxx_global_var_init.1.14811 @ 0x5c2ef0
MANUAL: __cxx_global_var_init.14801 @ 0x5c2f40
MANUAL: __cxx_global_var_init.1.14802 @ 0x5c2fa0
MANUAL: __cxx_global_var_init.14776 @ 0x5c2ff0
MANUAL: __cxx_global_var_init.1.14777 @ 0x5c3050
MANUAL: __cxx_global_var_init.14764 @ 0x5c30a0
MANUAL: __cxx_global_var_init.1.14765 @ 0x5c3100
MANUAL: __cxx_global_var_init.14729 @ 0x5c3150
MANUAL: __cxx_global_var_init.1.14730 @ 0x5c31b0
MANUAL: __cxx_global_var_init.14686 @ 0x5c3200
MANUAL: __cxx_global_var_init.1.14687 @ 0x5c3260
MANUAL: __cxx_global_var_init.14672 @ 0x5c32b0
MANUAL: __cxx_global_var_init.1.14673 @ 0x5c3310
MANUAL: __cxx_global_var_init.14660 @ 0x5c3360
MANUAL: __cxx_global_var_init.1.14661 @ 0x5c33c0
MANUAL: __cxx_global_var_init.14653 @ 0x5c3410
MANUAL: __cxx_global_var_init.1.14654 @ 0x5c3470
MANUAL: __cxx_global_var_init.14561 @ 0x5c34c0
MANUAL: __cxx_global_var_init.1.14562 @ 0x5c3520
MANUAL: __cxx_global_var_init.14395 @ 0x5c3570
MANUAL: __cxx_global_var_init.1.14396 @ 0x5c35d0
MANUAL: __cxx_global_var_init.14353 @ 0x5c3620
MANUAL: __cxx_global_var_init.1.14354 @ 0x5c3680
MANUAL: __cxx_global_var_init.14345 @ 0x5c36d0
MANUAL: __cxx_global_var_init.1.14346 @ 0x5c3730
MANUAL: __cxx_global_var_init.14340 @ 0x5c3780
MANUAL: __cxx_global_var_init.1.14341 @ 0x5c37e0
MANUAL: __cxx_global_var_init.14298 @ 0x5c3830
MANUAL: __cxx_global_var_init.1.14299 @ 0x5c3890
MANUAL: __cxx_global_var_init.2.14300 @ 0x5c38e0
MANUAL: __cxx_global_var_init.14283 @ 0x5c3950
MANUAL: __cxx_global_var_init.1.14284 @ 0x5c39b0
MANUAL: __cxx_global_var_init.2.14285 @ 0x5c3a00
MANUAL: _ZN7HALSITL7SPIDescC2EPKchh @ 0xaae010
MANUAL: __cxx_global_var_init.14200 @ 0x5c3a80
MANUAL: __cxx_global_var_init.1.14201 @ 0x5c3ae0
MANUAL: __cxx_global_var_init.14176 @ 0x5c3b30
MANUAL: __cxx_global_var_init.1.14177 @ 0x5c3b90
MANUAL: __cxx_global_var_init.14169 @ 0x5c3be0
MANUAL: __cxx_global_var_init.1.14170 @ 0x5c3c40
MANUAL: __cxx_global_var_init.14162 @ 0x5c3c90
MANUAL: __cxx_global_var_init.1.14163 @ 0x5c3cf0
MANUAL: __cxx_global_var_init.14150 @ 0x5c3d40
MANUAL: __cxx_global_var_init.1.14151 @ 0x5c3da0
MANUAL: __cxx_global_var_init.2.14152 @ 0x5c3df0
MANUAL: _ZN6I2CBusC2Ev @ 0xaae0a0
MANUAL: __cxx_global_var_init.14117 @ 0x5c3f20
MANUAL: __cxx_global_var_init.1.14118 @ 0x5c3f80
MANUAL: __cxx_global_var_init.2.14119 @ 0x5c3fd0
MANUAL: __cxx_global_var_init.3.14120 @ 0x5c4010
MANUAL: __cxx_global_var_init.4.14121 @ 0x5c4050
MANUAL: __cxx_global_var_init.5.14122 @ 0x5c40c0
MANUAL: __cxx_global_var_init.6.14123 @ 0x5c4110
MANUAL: __cxx_global_var_init.7.14124 @ 0x5c4150
MANUAL: __cxx_global_var_init.8 @ 0x5c41a0
MANUAL: __cxx_global_var_init.9.14125 @ 0x5c41f0
MANUAL: __cxx_global_var_init.10 @ 0x5c4240
MANUAL: __cxx_global_var_init.11.14126 @ 0x5c42c0
MANUAL: __cxx_global_var_init.12 @ 0x5c4340
MANUAL: __cxx_global_var_init.13.14127 @ 0x5c43c0
MANUAL: __cxx_global_var_init.14 @ 0x5c4440
MANUAL: __cxx_global_var_init.15 @ 0x5c44c0
MANUAL: __cxx_global_var_init.16 @ 0x5c4540
MANUAL: __cxx_global_var_init.17 @ 0x5c45c0
MANUAL: __cxx_global_var_init.18.14128 @ 0x5c4640
MANUAL: __cxx_global_var_init.19 @ 0x5c46c0
MANUAL: __cxx_global_var_init.20 @ 0x5c4740
MANUAL: __cxx_global_var_init.21 @ 0x5c47b0
MANUAL: __cxx_global_var_init.22 @ 0x5c47f0
MANUAL: __cxx_global_var_init.32.14129 @ 0x5c4840
MANUAL: _ZN8HAL_SITLC2Ev @ 0x618a50
MANUAL: _ZN6AP_HAL3HALC2EPNS_10UARTDriverES2_S2_S2_S2_S2_S2_S2_S2_S2_PNS_16I2CDeviceManagerEPNS_16SPIDeviceManagerEPNS_17WSPIDeviceManagerEPNS_8AnalogInEPNS_7StorageES2_PNS_4GPIOEPNS_7RCInputEPNS_8RCOutputEPNS_9SchedulerEPNS_4UtilEPNS_11OpticalFlowEPNS_5FlashEPNS_3DSPEPPNS_8CANIfaceE @ 0xaae180
MANUAL: _ZNK8HAL_SITL3runEiPKPcPN6AP_HAL3HAL9CallbacksE @ 0x618c80
MANUAL: _ZN7HALSITL4Util4initEiPKPc @ 0xaae4e0
MANUAL: _ZNK6AP_HAL3HAL6serialEh @ 0xaae560
MANUAL: _ZN6AP_HAL10UARTDriver5beginEj @ 0x6191a0
MANUAL: _ZL14fill_stack_nanv @ 0x6192d0
MANUAL: _ZN14AP_BoardConfig16watchdog_enabledEv @ 0xaae5f0
MANUAL: _ZNK8HAL_SITL21setup_signal_handlersEv @ 0x619590
MANUAL: _ZN7HALSITL9Scheduler13_run_io_procsEv @ 0x619650
MANUAL: _ZNK7FunctorIvJEEcvbEv @ 0xaae670
MANUAL: _ZNK7FunctorIvJEEclEv @ 0xaae6d0
MANUAL: _ZN7HALSITL16I2CDeviceManager11_timer_tickEv @ 0x619860
MANUAL: _ZN2AP2RCEv @ 0x619900
MANUAL: _ZN13AP_RCProtocol6updateEv @ 0x6199b0
MANUAL: _ZN13AP_RCProtocol16check_added_uartEv @ 0x619a00
MANUAL: _ZNK13AP_RCProtocol13should_searchEj @ 0x619c70
MANUAL: _ZNK13AP_RCProtocol16protocol_enabledENS_12rcprotocol_tE @ 0x61a300
MANUAL: _ZN21AP_RCProtocol_Backend9new_inputEv @ 0x61a3b0
MANUAL: _ZN6AP_HAL10UARTDriver5beginEjtt @ 0x61a430
MANUAL: _ZNK17AP_RCProtocol_FDM6activeEv @ 0xaae970
MANUAL: _ZN13AP_RCProtocolC2Ev @ 0xaae9d0
MANUAL: _ZN6I2CBus11_timer_tickEv @ 0x61a5c0
MANUAL: _ZN9AP_Logger6WriteVEPKcS1_S1_S1_S1_P13__va_list_tagbb @ 0x61a6f0
MANUAL: _ZN9AP_Logger16msg_fmt_for_nameEPKcS1_S1_S1_S1_bb @ 0x61a8f0
MANUAL: _ZN17AP_Logger_Backend5WriteEhP13__va_list_tagbb @ 0x61b1e0
MANUAL: _ZNK9AP_Logger24assert_same_fmt_for_nameEPKNS_13log_write_fmtEPKcS4_S4_S4_S4_ @ 0x61bd60
MANUAL: _ZNK9AP_Logger18find_free_msg_typeEv @ 0x61c210
MANUAL: _ZNK9AP_Logger18Write_calc_msg_lenEPKc @ 0x61c2c0
MANUAL: _ZL3MINImmEDTqultfp_fp0_fp_fp0_ERKT_RKT0_.6818 @ 0x61c550
MANUAL: _ZN9AP_Logger18validate_structureEPK12LogStructures @ 0x61c5d0
MANUAL: _ZN3GCS14update_receiveEv @ 0x61d0d0
MANUAL: _ZN3GCS11update_sendEv @ 0x61d180
MANUAL: _ZN29MissionItemProtocol_WaypointsC2ER10AP_Mission @ 0xaaea20
MANUAL: _ZN25MissionItemProtocol_RallyC2ER8AP_Rally @ 0xaaeab0
MANUAL: _ZN25MissionItemProtocol_FenceC2ER8AC_Fence @ 0xaaeb40
MANUAL: _ZN19MissionItemProtocol6updateEv @ 0x61d4c0
MANUAL: _ZN11GCS_MAVLINK11update_sendEv @ 0x61d690
MANUAL: _ZN3GCS18service_statustextEv @ 0x61da70
MANUAL: _ZN3GCS15StatusTextQueue9semaphoreEv @ 0xaaebd0
MANUAL: _ZNK11ObjectArrayIN3GCS12statustext_tEE8is_emptyEv @ 0xaaec20
MANUAL: _ZN11GCS_MAVLINK18service_statustextEv @ 0x61dbe0
MANUAL: _ZN3GCS15StatusTextQueue5pruneEv @ 0x61de20
MANUAL: _ZNK11ObjectArrayIN3GCS12statustext_tEE9availableEv @ 0xaaec80
MANUAL: _ZN11ObjectArrayIN3GCS12statustext_tEEixEt @ 0xaaecd0
MANUAL: _ZN11ObjectArrayIN3GCS12statustext_tEE6removeEt @ 0xaaed70
MANUAL: _ZN11ObjectArrayIN3GCS12statustext_tEE3popEv @ 0xaaeec0
MANUAL: _ZN3GCS16statustext_queueEv @ 0xaaef70
MANUAL: _Z14comm_chan_lock17mavlink_channel_t @ 0x61df50
MANUAL: _ZL27mavlink_msg_statustext_send17mavlink_channel_thPKcth @ 0x61dfb0
MANUAL: _ZL16mav_array_memcpyPvPKvm.7264 @ 0x61e090
MANUAL: _ZN9AP_Logger15handle_log_sendEv @ 0x61e130
MANUAL: _ZN11GCS_MAVLINK45initialise_message_intervals_from_streamratesEv @ 0x61e260
MANUAL: _ZN11GCS_MAVLINK46initialise_message_intervals_from_config_filesEv @ 0x61e340
MANUAL: _ZN22GCS_MAVLINK_InProgress11check_tasksEv @ 0x61e800
MANUAL: _ZNK3GCS11out_of_timeEv @ 0x61e9f0
MANUAL: _ZN11GCS_MAVLINK30deferred_message_to_send_indexEt @ 0x61ead0
MANUAL: _ZN11GCS_MAVLINK19do_try_send_messageE10ap_message @ 0x61ecb0
MANUAL: _ZNK7BitmaskILt91EE9first_setEv @ 0xaaefc0
MANUAL: _ZN7BitmaskILt91EE5clearEt @ 0xaaf090
MANUAL: _ZN11GCS_MAVLINK36next_deferred_bucket_message_to_sendEt @ 0x61ede0
MANUAL: _ZNK7BitmaskILt91EE5countEv @ 0xaaf150
MANUAL: _ZNK11GCS_MAVLINK26get_reschedule_interval_msERKNS_25deferred_message_bucket_tE @ 0x61ef10
MANUAL: _ZN11GCS_MAVLINK24find_next_bucket_to_sendEt @ 0x61f010
MANUAL: _ZN7BitmaskILt91EEaSERKS0_ @ 0xaaf220
MANUAL: _ZN7BitmaskILt91EE8clearallEv @ 0xaaf290
MANUAL: _ZNK11GCS_MAVLINK24requesting_mission_itemsEv @ 0x61f1e0
MANUAL: _ZN7GCS_FTP16get_last_send_msE17mavlink_channel_t @ 0x61f2d0
MANUAL: _ZNK19MissionItemProtocol14active_link_isEPK11GCS_MAVLINK @ 0xaaf2f0
MANUAL: _ZNK11GCS_MAVLINK37should_send_message_in_delay_callbackE10ap_message @ 0x61f3c0
MANUAL: _ZNK11GCS_MAVLINK17telemetry_delayedEv @ 0x61f470
MANUAL: _ZNK3GCS11telem_delayEv @ 0xaaf360
MANUAL: _ZN14AP_BoardConfig15in_config_errorEv @ 0xaaf3c0
MANUAL: _ZNK12AP_Scheduler19time_available_usecEv @ 0x61f540
MANUAL: _ZN2AP2FSEv @ 0x61f7c0
MANUAL: _ZN19AP_Filesystem_Posix4openEPKcib @ 0x61f860
MANUAL: _ZN19AP_Filesystem_Posix5closeEi @ 0x61f9f0
MANUAL: _ZN19AP_Filesystem_Posix4readEiPvj @ 0x61fa90
MANUAL: _ZN19AP_Filesystem_Posix5lseekEiii @ 0x61fcd0
MANUAL: _ZN19AP_Filesystem_Posix4statEPKcP4stat @ 0x61fda0
MANUAL: _ZN19AP_Filesystem_Posix5mkdirEPKc @ 0x61ff60
MANUAL: _ZN19AP_Filesystem_Posix7opendirEPKc @ 0x620030
MANUAL: _ZN19AP_Filesystem_Posix7readdirEPv @ 0x620100
MANUAL: _ZN19AP_Filesystem_Posix8closedirEPv @ 0x6201b0
MANUAL: _ZN19AP_Filesystem_Posix9disk_freeEPKc @ 0x620350
MANUAL: _ZN21AP_Filesystem_Backend9load_fileEPKc @ 0x620690
MANUAL: _ZN21AP_Filesystem_Backend11unload_fileEP8FileData @ 0x620990
MANUAL: _ZN8FileDataC2EPv @ 0xaaf590
MANUAL: _ZN8FileDataD2Ev @ 0x620a10
MANUAL: _ZNK21AP_Filesystem_Backend15file_op_allowedEv @ 0x620a80
MANUAL: _ZL12map_filenamePKc @ 0x620b20
MANUAL: _ZL17map_filename_freePKc @ 0x620bc0
MANUAL: _Z16comm_get_txspace17mavlink_channel_t @ 0x620d10
MANUAL: _ZL28mavlink_msg_command_ack_send17mavlink_channel_tthhihh @ 0x620da0
MANUAL: _ZN13AP_Filesystem4statEPKcP4stat @ 0x620e90
MANUAL: _ZN11GCS_MAVLINK23set_ap_message_intervalE10ap_messaget @ 0x621210
MANUAL: _ZNK11GCS_MAVLINK20cap_message_intervalEt @ 0x621630
MANUAL: _ZNK11GCS_MAVLINK26get_deferred_message_indexE10ap_message @ 0x621700
MANUAL: _ZNK7BitmaskILt91EE3getEt @ 0xaaf640
MANUAL: _ZN11GCS_MAVLINK26remove_message_from_bucketEa10ap_message @ 0x6217c0
MANUAL: _ZN12AP_Scheduler18get_loop_period_usEv @ 0xaaf710
MANUAL: _ZdaPv @ 0x6219f0
MANUAL: _ZN13AP_Filesystem4openEPKcib @ 0x621a50
MANUAL: _ZN13AP_Filesystem5fgetsEPchi @ 0x621b80
MANUAL: _ZNK11GCS_MAVLINK27mavlink_id_to_ap_message_idEj @ 0x621d20
MANUAL: _ZN13AP_Filesystem5closeEi @ 0x621f00
MANUAL: _ZNK13AP_Filesystem13backend_by_fdERi @ 0x621f80
MANUAL: _ZNK13AP_Filesystem15backend_by_pathERPKc @ 0x622050
MANUAL: _ZnamRKSt9nothrow_t @ 0x6222c0
MANUAL: _ZN11GCS_MAVLINK39initialise_message_intervals_for_streamENS_7streamsE @ 0x622340
MANUAL: _ZN11GCS_MAVLINK31set_mavlink_message_id_intervalEjt @ 0x622460
MANUAL: _ZNK11GCS_MAVLINK23get_interval_for_streamENS_7streamsE @ 0x622540
MANUAL: _ZNK11GCS_MAVLINK8get_chanEv @ 0xaaf7b0
MANUAL: _ZL28mavlink_msg_mission_ack_send17mavlink_channel_thhhh.20496 @ 0x622f20
MANUAL: _ZNK11GCS_MAVLINK22get_stream_slowdown_msEv @ 0xaaf850
MANUAL: _ZN19MissionItemProtocolC2Ev @ 0xaaf8a0
MANUAL: _ZNK11GCS_MAVLINK9send_textE12MAV_SEVERITYPKcz @ 0x623900
MANUAL: _ZN19AC_PolyFence_loader6formatEv @ 0x6247d0
MANUAL: _ZN19AC_PolyFence_loader21write_type_to_storageERt16AC_PolyFenceType @ 0x624890
MANUAL: _ZNK13StorageAccess11write_uint8Eth @ 0xaaf9b0
MANUAL: _ZN19AC_PolyFence_loader20write_eos_to_storageERt @ 0x624a80
MANUAL: _ZN19AC_PolyFence_loader12index_eepromEv @ 0x624b20
MANUAL: _ZN19AC_PolyFence_loader10void_indexEv @ 0xaafa30
MANUAL: _ZN13AP_ParamTBaseIaL11ap_var_type1EE12set_and_saveERKa @ 0xaafac0
MANUAL: _ZNK19AC_PolyFence_loader9formattedEv @ 0x624f50
MANUAL: _ZN19AC_PolyFence_loader19count_eeprom_fencesEv @ 0x625040
MANUAL: _ZN19AC_PolyFence_loader11scan_eepromE7FunctorIvJK16AC_PolyFenceTypetEE @ 0x6250d0
MANUAL: _ZNK13StorageAccess10read_uint8Et @ 0xaafbd0
MANUAL: _ZNK7FunctorIvJK16AC_PolyFenceTypetEEclES0_t @ 0xaafc30
MANUAL: _ZN7FunctorIvJK16AC_PolyFenceTypetEEC2EPvPFvS3_S0_tE @ 0xaafd80
MANUAL: _ZN7FunctorIvJK16AC_PolyFenceTypetEE4bindI19AC_PolyFence_loaderXadL_ZNS4_24scan_eeprom_count_fencesES0_tEEEES2_PT_ @ 0xaafe00
MANUAL: _ZN19AC_PolyFence_loader24scan_eeprom_count_fencesE16AC_PolyFenceTypet @ 0x625460
MANUAL: _ZN7FunctorIvJK16AC_PolyFenceTypetEE14method_wrapperI19AC_PolyFence_loaderXadL_ZNS4_24scan_eeprom_count_fencesES0_tEEEEvPvS0_t @ 0xaafe60
MANUAL: _ZNK13StorageAccess12write_uint32Etj @ 0x6255b0
MANUAL: _ZN19AC_PolyFence_loader13check_indexedEv @ 0x6256b0
MANUAL: _ZNK13StorageAccess11read_uint32Et @ 0x625ad0
MANUAL: _ZN19MissionItemProtocol26allocate_receive_resourcesEt @ 0xab00b0
MANUAL: _ZN19MissionItemProtocol21free_upload_resourcesEv @ 0xab0160
MANUAL: _ZNK29MissionItemProtocol_Waypoints12mission_typeEv @ 0xab03f0
MANUAL: _ZNK29MissionItemProtocol_Waypoints23next_item_ap_message_idEv @ 0xab0440
MANUAL: _ZN29MissionItemProtocol_Waypoints8truncateERK25__mavlink_mission_count_t @ 0x627010
MANUAL: _ZNK29MissionItemProtocol_Waypoints10item_countEv @ 0x6271c0
MANUAL: _ZNK29MissionItemProtocol_Waypoints9max_itemsEv @ 0x627220
MANUAL: _ZN29MissionItemProtocol_Waypoints12replace_itemERK28__mavlink_mission_item_int_t @ 0x627280
MANUAL: _ZN29MissionItemProtocol_Waypoints11append_itemERK28__mavlink_mission_item_int_t @ 0x6273e0
MANUAL: _ZN29MissionItemProtocol_Waypoints8completeERK11GCS_MAVLINK @ 0x627530
MANUAL: _ZN9AP_Logger19Write_EntireMissionEv @ 0x627610
MANUAL: _ZN17AP_Logger_Backend19Write_EntireMissionEv @ 0x6276a0
MANUAL: _ZN30LoggerMessageWriter_DFLogStart18writeentiremissionEv @ 0x627700
MANUAL: _ZN10AP_Mission26mavlink_int_to_mission_cmdERK28__mavlink_mission_item_int_tRNS_15Mission_CommandE @ 0x627800
MANUAL: _ZN10AP_Mission7add_cmdERNS_15Mission_CommandE @ 0x6290e0
MANUAL: _ZN10AP_Mission19sanity_check_paramsERK28__mavlink_mission_item_int_t @ 0x6291f0
MANUAL: _ZL3MINIitEDTqultfp_fp0_fp_fp0_ERKT_RKT0_.4657 @ 0x629520
MANUAL: _Z11is_negativeIfEbT_ @ 0xab0490
MANUAL: _ZN10AP_Mission11replace_cmdEtRKNS_15Mission_CommandE @ 0x629650
MANUAL: _ZN10AP_Mission8truncateEt @ 0x62acc0
MANUAL: _ZN10AP_Mission5clearEv @ 0x62ad70
MANUAL: _ZN11GCS_MAVLINK14update_receiveEj @ 0x62ae30
MANUAL: _ZN3GCS15update_passthruEv @ 0x62b300
MANUAL: _ZN16AP_SerialManager12get_passthruERPN6AP_HAL10UARTDriverES3_RhRjS5_ @ 0x62b830
MANUAL: _ZN13AP_ParamTBaseIaL11ap_var_type1EE14set_and_notifyERKa @ 0xab0560
MANUAL: _ZN7FunctorIvJEEC2EPvPFvS1_E @ 0xab06a0
MANUAL: _ZN6AP_HAL10UARTDriver11read_lockedEPhmj @ 0x62c2b0
MANUAL: _ZNK16AP_SerialManager9UARTState8baudrateEv @ 0xab0720
MANUAL: _ZN16AP_SerialManager12map_baudrateEi @ 0x62c6e0
MANUAL: _ZNK11GCS_MAVLINK6lockedEv @ 0xab0780
MANUAL: _ZNK7FunctorIbJhPN6AP_HAL10UARTDriverEEEcvbEv @ 0xab07e0
MANUAL: _ZN11GCS_MAVLINK14channel_bufferEv @ 0xab08c0
MANUAL: mavlink_frame_char_buffer @ 0x62c990
MANUAL: _ZN12AP_Scripting14handle_messageERK17__mavlink_message17mavlink_channel_t @ 0x62d230
MANUAL: _ZN11GCS_MAVLINK13send_timesyncEv @ 0x62d420
MANUAL: _ZN11GCS_MAVLINK17log_mavlink_statsEv @ 0x62d490
MANUAL: _ZNK11GCS_MAVLINK15signing_enabledEv @ 0x62d610
MANUAL: _ZNK11GCS_MAVLINK21timesync_timestamp_nsEv @ 0x62d6b0
MANUAL: _ZL25mavlink_msg_timesync_send17mavlink_channel_tll @ 0x62d710
MANUAL: mavlink_start_checksum @ 0x62d7b0
MANUAL: mavlink_update_checksum @ 0x62d810
MANUAL: _ZL12count_commasPKc @ 0x62dce0
MANUAL: _ZNK9AP_Logger21labels_string_is_goodEPKc @ 0x62dd80
MANUAL: _ZNK9AP_Logger15msg_type_in_useEh @ 0x62e150
MANUAL: _Z9fill_nanfPft @ 0x62e250
MANUAL: _ZN6AP_HAL4initEv @ 0x62e350
MANUAL: _ZN10ByteBuffer7advanceEj @ 0x6312e0
MANUAL: _ZN5Empty11OpticalFlow9push_gyroEfff @ 0xab1790
MANUAL: _ZN5Empty11OpticalFlow14push_gyro_biasEff @ 0xab1800
MANUAL: _ZN7HALSITL4UtilC2EPNS_10SITL_StateE @ 0xab19e0
MANUAL: _ZN6AP_HAL4UtilC2Ev @ 0xab1a70
MANUAL: _ZN6AP_HAL4Util14set_soft_armedEb @ 0x631e00
MANUAL: _ZNK7HALSITL4Util18was_watchdog_resetEv @ 0xab1ad0
MANUAL: _ZNK6AP_HAL4Util24get_custom_log_directoryEv @ 0xab1b40
MANUAL: _ZNK6AP_HAL4Util28get_custom_terrain_directoryEv @ 0xab1b90
MANUAL: _ZNK7HALSITL4Util24get_custom_defaults_fileEv @ 0xab1c30
MANUAL: _ZN7HALSITL4Util22set_cmdline_parametersEv @ 0x631eb0
MANUAL: _ZN7HALSITL4Util19safety_switch_stateEv @ 0x631f90
MANUAL: _ZN7HALSITL4Util10set_hw_rtcEm @ 0xab1c90
MANUAL: _ZNK7HALSITL4Util10get_hw_rtcEv @ 0x631ff0
MANUAL: _ZN7HALSITL4Util13get_system_idEPc @ 0x632080
MANUAL: _ZN7HALSITL4Util25get_system_id_unformattedEPhRh @ 0x632100
MANUAL: _ZN6AP_HAL4Util14toneAlarm_initEh @ 0xab1d40
MANUAL: _ZN6AP_HAL4Util11malloc_typeEmNS0_11Memory_TypeE @ 0xab1ed0
MANUAL: _ZN7HALSITL4Util16available_memoryEv @ 0xab1fc0
MANUAL: _ZN7HALSITL4Util8uart_logEv @ 0x632570
MANUAL: _ZN6AP_HAL4Util14log_stack_infoEv @ 0xab2360
MANUAL: _ZN6AP_HAL10UARTDriver9log_statsEhRNS0_12StatsTrackerEj @ 0x632740
MANUAL: _ZN6AP_HAL10UARTDriver12StatsTracker11ByteTracker6updateEj @ 0x6328e0
MANUAL: _ZNK7HALSITL10SITL_State12get_instanceEv @ 0xab23b0
MANUAL: _ZN7HALSITL8RCOutput20_safety_switch_stateEv @ 0xab2400
MANUAL: _ZNK11ObjectArrayIN8AP_Param21defaults_table_structEE9availableEv @ 0xab2450
MANUAL: _ZN11ObjectArrayIN8AP_Param21defaults_table_structEEixEt @ 0xab24a0
MANUAL: _ZN8AP_Param19set_default_by_nameEPKcf @ 0x632950
MANUAL: _ZN8AP_Param4findEPKcP11ap_var_typePt @ 0x632a90
MANUAL: _ZN13AP_ParamTBaseIaL11ap_var_type1EE11set_defaultERKa @ 0xab2540
MANUAL: _ZN13AP_ParamTBaseIsL11ap_var_type2EE11set_defaultERKs @ 0xab25e0
MANUAL: _ZN13AP_ParamTBaseIiL11ap_var_type3EE11set_defaultERKi @ 0xab2680
MANUAL: _ZN13AP_ParamTBaseIfL11ap_var_type4EE11set_defaultERKf @ 0xab2710
MANUAL: _ZN8AP_Param11add_defaultEPS_f @ 0x632d20
MANUAL: _ZNK8AP_Param10configuredEv @ 0x632eb0
MANUAL: _ZNK8AP_Param27configured_in_defaults_fileERb @ 0x632f30
MANUAL: _ZNK8AP_Param21configured_in_storageEv @ 0x633090
MANUAL: _ZN8AP_Param10find_groupEPKctlPKNS_9GroupInfoEP11ap_var_type @ 0x633200
MANUAL: _ZN7HALSITL16SPIDeviceManagerC2Ev @ 0x633670
MANUAL: _ZN6AP_HAL16SPIDeviceManagerC2Ev @ 0xab2be0
MANUAL: _ZN6AP_HAL6Device14set_device_busEh @ 0xab2e40
MANUAL: _ZN6AP_HAL6Device18set_device_addressEh @ 0xab2eb0
MANUAL: _ZN7FunctorIbJhEEC2EPvPFbS1_hE @ 0xab3750
MANUAL: _ZN7FunctorIvJEEC2Ev @ 0xab3830
MANUAL: _ZNK7HALSITL9Semaphore11check_ownerEv @ 0x633ea0
MANUAL: _ZN6AP_HAL6DeviceD2Ev @ 0xab3a30
MANUAL: _ZN6AP_HAL6DeviceC2ENS0_7BusTypeE @ 0xab3b80
MANUAL: _ZN7FunctorIbJhEEC2Ev @ 0xab3d00
MANUAL: _ZN7FunctorIvJhPhjbEEC2Ev @ 0xab3d60
MANUAL: _ZN7FunctorIvJhPhjbEEC2EPvPFvS2_hS0_jbE @ 0xab3dc0
MANUAL: _ZN7HALSITL16I2CDeviceManagerC2Ev @ 0x634230
MANUAL: _ZN6AP_HAL16I2CDeviceManagerC2Ev @ 0xab3e90
MANUAL: _ZN7HALSITL16I2CDeviceManager14get_device_ptrEhhjbj @ 0x6342e0
MANUAL: _ZNK6AP_HAL16I2CDeviceManager12get_bus_maskEv @ 0xab3ef0
MANUAL: _ZNK6AP_HAL16I2CDeviceManager21get_bus_mask_externalEv @ 0xab3f40
MANUAL: _ZNK6AP_HAL16I2CDeviceManager21get_bus_mask_internalEv @ 0xab3f90
MANUAL: _ZN7HALSITL9I2CDeviceC2ER6I2CBush @ 0x6343f0
MANUAL: _ZN6AP_HAL9I2CDeviceC2Ev @ 0xab3fe0
MANUAL: _ZN7HALSITL9I2CDeviceD2Ev @ 0xab4050
MANUAL: _ZN7HALSITL9I2CDeviceD0Ev @ 0xab40a0
MANUAL: _ZN7HALSITL9I2CDevice8transferEPKhjPhj @ 0x6344b0
MANUAL: _ZN7HALSITL9I2CDevice13get_semaphoreEv @ 0x634560
MANUAL: _ZN7HALSITL9I2CDevice26register_periodic_callbackEj7FunctorIvJEE @ 0x6345c0
MANUAL: _ZN7HALSITL9I2CDevice11set_retriesEh @ 0xab41c0
MANUAL: _ZN6I2CBus26register_periodic_callbackEj7FunctorIvJEE @ 0x634780
MANUAL: _ZN6I2CBus13callback_infoC2Ev @ 0xab4280
MANUAL: _ZN7HALSITL9I2CDevice9_transferEPKhjPhj @ 0x6348b0
MANUAL: _ZN6I2CBus5ioctlEhPv @ 0xab42e0
MANUAL: _ZN6I2CBus6_ioctlEhPv @ 0x634b80
MANUAL: _ZN4SITL3SIM9i2c_ioctlEhPv @ 0xab4360
MANUAL: _ZN4SITL3I2C5ioctlEhPv @ 0x634c00
MANUAL: _ZN4SITL3I2C10ioctl_rdwrEPNS0_19i2c_rdwr_ioctl_dataE @ 0x634c90
MANUAL: _ZN16IgnoredI2CDevice4rdwrERPN4SITL3I2C19i2c_rdwr_ioctl_dataE @ 0xab43e0
MANUAL: _ZN6AP_HAL9I2CDeviceD2Ev @ 0xab4440
MANUAL: _ZN7HALSITL10UARTDriverC2EhPNS_10SITL_StateE @ 0xab4520
MANUAL: _ZN6AP_HAL10UARTDriver5writeEh @ 0x634da0
MANUAL: _ZN6AP_HAL10UARTDriver5writeEPKhm @ 0x634e10
MANUAL: _ZN6AP_HAL10UARTDriver9availableEv @ 0x634f50
MANUAL: _ZN6AP_HAL10UARTDriver4readEv @ 0x634fd0
MANUAL: _ZN6AP_HAL10UARTDriver4readERh @ 0x635050
MANUAL: _ZN6AP_HAL10UARTDriver4readEPht @ 0x635150
MANUAL: _ZN7HALSITL10UARTDriver7txspaceEv @ 0x6351c0
MANUAL: _ZN6AP_HAL10UARTDriver11set_optionsEt @ 0xab4770
MANUAL: _ZN6AP_HAL10UARTDriver16set_flow_controlENS0_12flow_controlE @ 0xab4830
MANUAL: _ZN7HALSITL10UARTDriver16get_flow_controlEv @ 0xab4880
MANUAL: _ZN7HALSITL10UARTDriver11_timer_tickEv @ 0x635540
MANUAL: _ZN7HALSITL10UARTDriver26receive_time_constraint_usEt @ 0x6355a0
MANUAL: _ZNK7HALSITL10UARTDriver13get_baud_rateEv @ 0xab4940
MANUAL: _ZNK6AP_HAL10UARTDriver12disable_rxtxEv @ 0xab4b40
MANUAL: _ZN7HALSITL10UARTDriver6_beginEjtt @ 0x6358d0
MANUAL: _ZN7HALSITL10UARTDriver6_writeEPKhm @ 0x636270
MANUAL: _ZN7HALSITL10UARTDriver5_readEPht @ 0x636440
MANUAL: _ZN7HALSITL10UARTDriver10_availableEv @ 0x636630
MANUAL: _ZNK7HALSITL10UARTDriver18get_total_tx_bytesEv @ 0xab4b90
MANUAL: _ZNK7HALSITL10UARTDriver18get_total_rx_bytesEv @ 0xab4be0
MANUAL: _ZNK6AP_HAL10UARTDriver26get_total_dropped_rx_bytesEv @ 0xab4c30
MANUAL: _ZN7HALSITL10UARTDriver17_check_connectionEv @ 0x636720
MANUAL: _ZN7HALSITL10UARTDriver13_select_checkEi @ 0x636860
MANUAL: _ZN10ByteBuffer4readEPhj @ 0x636a70
MANUAL: _ZN7HALSITL10UARTDriver41handle_writing_from_writebuffer_to_deviceEv @ 0x636b10
MANUAL: _ZN7HALSITL10UARTDriver16_check_reconnectEv @ 0x636ec0
MANUAL: _ZL3MINIjjEDTqultfp_fp0_fp_fp0_ERKT_RKT0_.14591 @ 0x6372c0
MANUAL: _ZNK4SITL12SerialDevice15write_to_deviceEPKcm @ 0x637340
MANUAL: _ZN10ByteBuffer8set_sizeEj @ 0x637750
MANUAL: _ZN7HALSITL17SITL_State_Common17create_serial_simEPKcS2_h @ 0x637ab0
MANUAL: _ZN7HALSITL10UARTDriver21_tcp_start_connectionEtb @ 0x638e40
MANUAL: _ZN4SITL12SerialDevice18set_autopilot_baudEj @ 0xab4ce0
MANUAL: _ZN7HALSITL10UARTDriver16_set_nonblockingEi @ 0x639d40
MANUAL: _ZNK7HALSITL10SITL_State9base_portEv @ 0xab4d40
MANUAL: _ZN4SITL12SerialDeviceC2Ett @ 0x639f50
MANUAL: _ZNK16SocketAPM_native12reuseaddressEv @ 0x63a080
MANUAL: _ZN16SocketAPM_native4bindEPKct @ 0x63a120
MANUAL: _ZNK16SocketAPM_native12set_blockingEb @ 0x63a280
MANUAL: _ZN16SocketAPM_native13make_sockaddrEPKctR11sockaddr_in @ 0x63a410
MANUAL: _ZN16SocketAPM_native16inet_str_to_addrEPKc @ 0x63a4c0
MANUAL: _ZN16SocketAPM_nativeC2Eb @ 0x63a530
MANUAL: _ZN16SocketAPM_nativeC2Ebi @ 0x63a5d0
MANUAL: _ZNK4SITL12SerialDevice18write_to_autopilotEPKcm @ 0x63a6a0
MANUAL: _ZNK4SITL12SerialDevice13is_match_baudEv @ 0x63a760
MANUAL: _ZN4SITL3GPSC2Eh @ 0x63a800
MANUAL: _ZNK4SITL3GPS18write_to_autopilotEPKcm @ 0x63a890
MANUAL: _ZNK4SITL3GPS11device_baudEv @ 0x63aab0
MANUAL: _ZNK8Location31get_vector_xy_from_origin_NE_cmI7Vector2IfEEEbRT_ @ 0xab6110
MANUAL: _Z8wrap_180IdET_S0_ @ 0xab6220
MANUAL: _ZN8Location14offset_bearingEdd @ 0x63d7f0
MANUAL: _ZNK7Vector2IfEplERKS0_ @ 0xab6680
MANUAL: _ZL7radiansd @ 0x63d8f0
MANUAL: _Z8wrap_360d @ 0x63d940
MANUAL: _ZNK4SITL12SerialDevice19read_from_autopilotEPcm @ 0x63d9e0
MANUAL: _ZN4SITL8Aircraft11rand_normalEdd @ 0x640920
MANUAL: _Z7is_zerod @ 0xab8350
MANUAL: _ZN7HALSITL10UARTDriver40handle_reading_from_device_to_readbufferEv @ 0x6432d0
MANUAL: _ZNK4SITL12SerialDevice16read_from_deviceEPcm @ 0x643760
MANUAL: _ZN6AP_HAL10UARTDriverC2Ev @ 0xab92a0
MANUAL: _ZN7HALSITL10UARTDriverUt0_C2Ev @ 0xab9310
MANUAL: _ZN12AP_CSVReaderC2EPhhh @ 0xab9390
MANUAL: _ZN7HALSITL8AnalogInC2EPNS_10SITL_StateE @ 0xab9770
MANUAL: _ZN6AP_HAL8AnalogInC2Ev @ 0xab9800
MANUAL: _ZN7HALSITL8AnalogIn4initEv @ 0x644140
MANUAL: _ZN7HALSITL8AnalogIn7channelEs @ 0x644190
MANUAL: _ZN7HALSITL8AnalogIn13board_voltageEv @ 0xab9860
MANUAL: _ZN6AP_HAL8AnalogIn17servorail_voltageEv @ 0xab98b0
MANUAL: _ZN6AP_HAL8AnalogIn18power_status_flagsEv @ 0xab9900
MANUAL: _ZN7HALSITL9ADCSourceC2EPNS_10SITL_StateEs @ 0x644240
MANUAL: _ZN6AP_HAL12AnalogSourceC2Ev @ 0xab99a0
MANUAL: _ZN7HALSITL9ADCSource7set_pinEh @ 0x6443a0
MANUAL: _ZN7HALSITL9ADCSource15voltage_averageEv @ 0x644420
MANUAL: _ZN7HALSITL9ADCSource14voltage_latestEv @ 0x644470
MANUAL: _ZN7HALSITL9ADCSource27voltage_average_ratiometricEv @ 0xab9a00
MANUAL: _ZN7HALSITL4GPIOC2EPNS_10SITL_StateE @ 0xab9a50
MANUAL: _ZN6AP_HAL4GPIOC2Ev @ 0xab9ae0
MANUAL: _ZN7HALSITL4GPIO7pinModeEhh @ 0x644680
MANUAL: _ZN7HALSITL4GPIO4readEh @ 0x644740
MANUAL: _ZNK7HALSITL4GPIO9valid_pinEh @ 0xab9bb0
MANUAL: _ZN7HALSITL4GPIO13usb_connectedEv @ 0x644bd0
MANUAL: _ZNK6AP_HAL4GPIO13arming_checksEmPc @ 0xab9f30
MANUAL: _ZN7HALSITL8RCOutputC2EPNS_10SITL_StateE @ 0xaba0f0
MANUAL: _ZN6AP_HAL8RCOutputC2Ev @ 0xaba180
MANUAL: _ZN7HALSITL8RCOutput4initEv @ 0x644eb0
MANUAL: _ZN7HALSITL8RCOutput9enable_chEh @ 0x644fd0
MANUAL: _ZN7HALSITL8RCOutput10disable_chEh @ 0x645060
MANUAL: _ZN7HALSITL8RCOutput5writeEht @ 0x6450f0
MANUAL: _ZN6AP_HAL8RCOutput20update_channel_masksEv @ 0xaba2e0
MANUAL: _ZN7HALSITL8RCOutput4corkEv @ 0x645220
MANUAL: _ZN7HALSITL8RCOutput4pushEv @ 0x6452b0
MANUAL: _ZN7HALSITL8RCOutput4readEPth @ 0x645470
MANUAL: _ZN6AP_HAL8RCOutput16set_failsafe_pwmEjt @ 0xaba4c0
MANUAL: _ZN7HALSITL8RCOutput16force_safety_offEv @ 0xaba580
MANUAL: _ZNK6AP_HAL8RCOutput22get_output_mode_bannerEPch @ 0xabaac0
MANUAL: _ZN6AP_HAL8RCOutput16set_default_rateEt @ 0xabab80
MANUAL: _ZN6AP_HAL8RCOutput14set_dshot_rateEht @ 0xabacc0
MANUAL: _ZN6AP_HAL8RCOutput18set_dshot_esc_typeENS0_12DshotEscTypeE @ 0xabadd0
MANUAL: _ZN17AP_ESC_Telem_SITL6updateEv @ 0x645890
MANUAL: _ZL3MAXIffEDTqugtfp_fp0_fp_fp0_ERKT_RKT0_.21054 @ 0x645a60
MANUAL: _ZN20AP_ESC_Telem_Backend10update_rpmEhff @ 0x645ae0
MANUAL: _ZN20AP_ESC_Telem_Backend17update_telem_dataEhRKNS_13TelemetryDataEt @ 0x645b70
MANUAL: _ZN12AP_ESC_Telem17update_telem_dataEhRKN20AP_ESC_Telem_Backend13TelemetryDataEt @ 0x645c00
MANUAL: _ZN12AP_ESC_Telem10update_rpmEhff @ 0x645ee0
MANUAL: _ZL3MAXIjjEDTqugtfp_fp0_fp_fp0_ERKT_RKT0_.10617 @ 0x646040
MANUAL: _Z16constrain_uint32jjj @ 0xabb0b0
MANUAL: _Z15constrain_valueIjET_S0_S0_S0_ @ 0xabb120
MANUAL: _ZN17AP_ESC_Telem_SITLC2Ev @ 0x6460c0
MANUAL: _ZN20AP_ESC_Telem_BackendC2Ev @ 0x646110
MANUAL: _ZNK14AP_BoardConfig15get_safety_maskEv @ 0xabb1c0
MANUAL: _ZN7HALSITL7RCInputC2Ev @ 0xabb450
MANUAL: _ZN6AP_HAL7RCInputC2Ev @ 0xabb4c0
MANUAL: _ZN7HALSITL7RCInput4initEv @ 0x646180
MANUAL: _ZN7HALSITL7RCInput9new_inputEv @ 0x6461d0
MANUAL: _ZN7HALSITL7RCInput12num_channelsEv @ 0x646230
MANUAL: _ZN7HALSITL7RCInput4readEh @ 0x646290
MANUAL: _ZN13AP_RCProtocol4readEh @ 0x646540
MANUAL: _ZN21AP_RCProtocol_Backend4readEh @ 0x6465d0
MANUAL: _ZN13AP_RCProtocol12num_channelsEv @ 0x646630
MANUAL: _ZNK21AP_RCProtocol_Backend12num_channelsEv @ 0x6466b0
MANUAL: _ZN13AP_RCProtocol9new_inputEv @ 0x646700
MANUAL: _ZN13AP_RCProtocol21detect_async_protocolENS_12rcprotocol_tE @ 0x6468c0
MANUAL: _ZNK13AP_RCProtocol10using_uartEv @ 0xabb6b0
MANUAL: _ZN13AP_RCProtocol17announce_detectedEv @ 0x6469e0
MANUAL: _ZNK13AP_RCProtocol22detected_protocol_nameEv @ 0x646aa0
MANUAL: _ZN13AP_RCProtocol27protocol_name_from_protocolENS_12rcprotocol_tE @ 0x646af0
MANUAL: _ZN13AP_RCProtocol4initEv @ 0x646cc0
MANUAL: _ZN20AP_RCProtocol_PPMSumC2ER13AP_RCProtocol @ 0xabb710
MANUAL: _ZN18AP_RCProtocol_IBUSCI221AP_RCProtocol_BackendER13AP_RCProtocol @ 0xabb790
MANUAL: _ZN17AP_RCProtocol_DSMC2ER13AP_RCProtocol @ 0xabb830
MANUAL: _ZN18AP_RCProtocol_SUMDC2ER13AP_RCProtocol @ 0xabb8d0
MANUAL: _ZN18AP_RCProtocol_SRXLC2ER13AP_RCProtocol @ 0xabb970
MANUAL: _ZN18AP_RCProtocol_ST24C2ER13AP_RCProtocol @ 0xabba80
MANUAL: _ZN22AP_RCProtocol_DroneCANC2ER13AP_RCProtocol @ 0xabbb20
MANUAL: _ZN26AP_RCProtocol_MAVLinkRadioCI221AP_RCProtocol_BackendER13AP_RCProtocol @ 0xabbbc0
MANUAL: _ZN17AP_RCProtocol_UDPCI221AP_RCProtocol_BackendER13AP_RCProtocol @ 0xabbc40
MANUAL: _ZN17AP_RCProtocol_FDMCI221AP_RCProtocol_BackendER13AP_RCProtocol @ 0xabbce0
MANUAL: _ZN17AP_RCProtocol_UDP15set_fdm_backendEP17AP_RCProtocol_FDM @ 0xabbd60
MANUAL: _ZN21AP_RCProtocol_BackendC2ER13AP_RCProtocol @ 0x647470
MANUAL: _ZN17AP_RCProtocol_FDM6updateEv @ 0x647510
MANUAL: _ZN21AP_RCProtocol_Backend9add_inputEhPtbss @ 0x6476f0
MANUAL: _ZL3MINIhiEDTqultfp_fp0_fp_fp0_ERKT_RKT0_.20689 @ 0x647850
MANUAL: _ZN13AP_RCProtocol19set_failsafe_activeEb @ 0xabc080
MANUAL: _ZN21AP_RCProtocol_Backend6updateEv @ 0xabc190
MANUAL: _ZN17AP_RCProtocol_UDP6updateEv @ 0x6478d0
MANUAL: _ZN17AP_RCProtocol_UDP4initEv @ 0x647a10
MANUAL: _ZN17AP_RCProtocol_UDP21read_all_socket_inputEv @ 0x647b30
MANUAL: _ZN16SocketAPM_native4recvEPvmj @ 0x647dd0
MANUAL: _ZN16SocketAPM_native6pollinEj @ 0x648000
MANUAL: _ZNK16SocketAPM_native11get_read_fdEv @ 0xabc2c0
MANUAL: _ZNK16SocketAPM_native11set_cloexecEv @ 0x6481d0
MANUAL: _ZN17AP_RCProtocol_UDP28set_default_pwm_input_valuesEv @ 0x648260
MANUAL: _ZN18AP_RCProtocol_GHSTC2ER13AP_RCProtocol @ 0x648500
MANUAL: _ZL3MINIhhEDTqultfp_fp0_fp_fp0_ERKT_RKT0_.8895 @ 0x6485e0
MANUAL: _ZN18AP_RCProtocol_GHST10LinkStatusC2Ev @ 0xabc3e0
MANUAL: _ZN18AP_RCProtocol_GHST6updateEv @ 0x648860
MANUAL: _ZNK12NavEKF3_core12getVariancesERfS0_S0_R7Vector3IfES0_R7Vector2IfE @ 0x64a970
MANUAL: _ZL3MAXIddEDTqugtfp_fp0_fp_fp0_ERKT_RKT0_.5309 @ 0x64ab70
MANUAL: _ZNK7Vector2IdE7tofloatEv @ 0xabc9f0
MANUAL: _ZL3MAXIddEDTqugtfp_fp0_fp_fp0_ERKT_RKT0_.4705 @ 0x64adf0
MANUAL: _ZN3GCS23get_sensor_status_flagsERjS0_S0_ @ 0x64aee0
MANUAL: _ZN3GCS26update_sensor_status_flagsEv @ 0x64afa0
MANUAL: _ZNK7AP_AHRS11initialisedEv @ 0x64b760
MANUAL: _ZNK7AP_AHRS17have_inertial_navEv @ 0x64b890
MANUAL: _ZNK7AP_Baro13num_instancesEv @ 0xabca50
MANUAL: _ZNK6AP_GPS10is_healthyEv @ 0xabcaa0
MANUAL: _ZNK14AP_BattMonitor13num_instancesEv @ 0xabcb00
MANUAL: _ZNK14AP_BattMonitor7healthyEv @ 0x64b8f0
MANUAL: _ZNK14AP_BattMonitor13has_failsafedEv @ 0xabcb50
MANUAL: _ZNK17AP_InertialSensor11calibratingEv @ 0x64b9e0
MANUAL: _ZNK9AP_Logger15logging_enabledEv @ 0x64bab0
MANUAL: _ZNK6AP_GPS15logging_presentEv @ 0xabcbb0
MANUAL: _ZNK6AP_GPS15logging_enabledEv @ 0xabcc20
MANUAL: _ZNK6AP_GPS14logging_failedEv @ 0x64bb80
MANUAL: _ZNK7AP_AHRS12get_ekf_typeEv @ 0xabcc90
MANUAL: _ZNK8AC_Fence18sys_status_enabledEv @ 0x64bc60
MANUAL: _ZNK8AC_Fence18sys_status_presentEv @ 0x64bd00
MANUAL: _ZNK8AC_Fence17sys_status_failedEv @ 0x64bd60
MANUAL: _ZNK11AP_Airspeed7enabledEv @ 0xabccf0
MANUAL: _ZNK11AP_Airspeed3useEv @ 0xabcd50
MANUAL: _ZNK7AP_AHRS23airspeed_sensor_enabledEv @ 0xabcdb0
MANUAL: _ZNK11AP_Airspeed11all_healthyEv @ 0x64bdf0
MANUAL: _ZN2AP11opticalflowEv @ 0x64beb0
MANUAL: _ZNK14AP_OpticalFlow7enabledEv @ 0xabce00
MANUAL: _ZNK14AP_OpticalFlow7healthyEv @ 0xabce70
MANUAL: _ZN2AP6armingEv @ 0x64bef0
MANUAL: _ZNK11RC_Channels22has_ever_seen_rc_inputEv @ 0xabcef0
MANUAL: _ZN9AP_Arming13get_singletonEv @ 0x64bf30
MANUAL: _ZNK7AP_EnumIN14AP_OpticalFlow4TypeEEcvKS1_Ev @ 0xabcf50
MANUAL: _ZN14AP_OpticalFlow13get_singletonEv @ 0xabcfa0
MANUAL: _ZN15AP_AHRS_Backend23airspeed_sensor_enabledEv @ 0xabcfe0
MANUAL: _ZN2AP8airspeedEv @ 0x64bf70
MANUAL: _ZNK8AC_Fence12get_breachesEv @ 0xabd070
MANUAL: _ZNK7AP_EnumIN8AC_Fence6ActionEEcvKS1_Ev @ 0xabd0c0
MANUAL: _ZNK14AP_BattMonitor7healthyEh @ 0x64c030
MANUAL: _ZN14AP_RCTelemetryC2Eh @ 0xabd110
MANUAL: _ZNK6AP_GPS8num_satsEv @ 0xabd2d0
MANUAL: _ZNK6AP_GPS8num_satsEh @ 0xabd3b0
MANUAL: _ZNK14AP_BattMonitor12current_ampsERfh @ 0x64cf20
MANUAL: _ZNK14AP_BattMonitor12consumed_mahERfh @ 0x64d010
MANUAL: _ZNK7Compass17calculate_headingERK7Matrix3IfE @ 0xabd420
MANUAL: _ZNK7Compass17calculate_headingERK7Matrix3IfEh @ 0x64d190
MANUAL: _ZN2AP9fwversionEv @ 0x64d410
MANUAL: _ZN12AP_FWVersion10get_fwverzEv @ 0xabd600
MANUAL: _ZN14AP_RCTelemetryUt0_C2Ev @ 0xabd9a0
MANUAL: _ZN12ObjectBufferI22__mavlink_statustext_tEC2Ej @ 0xabda10
MANUAL: _ZN9AP_Logger14WriteStreamingEPKcS1_S1_z @ 0x64dd30
MANUAL: _ZN22AP_RCProtocol_DroneCANUt_C2Ev @ 0xabdce0
MANUAL: _ZN22AP_RCProtocol_DroneCAN6updateEv @ 0x64df90
MANUAL: _ZN19AP_RCProtocol_FPortC2ER13AP_RCProtocolb @ 0x64e0e0
MANUAL: _ZN19AP_RCProtocol_FPortUt0_C2Ev @ 0xabde80
MANUAL: _ZN10SoftSerialC2EjNS_13serial_configE @ 0x64e1b0
MANUAL: _ZN14AP_Frsky_Telem4initEb @ 0x64f100
MANUAL: _ZNK16AP_SerialManager11find_serialENS_14SerialProtocolEh @ 0x64f380
MANUAL: _ZN11AP_Airspeed9calibrateEb @ 0x652160
MANUAL: _ZN9AP_Notify6updateEv @ 0x6525f0
MANUAL: _ZN8AP_Param5flushEv @ 0x6526b0
MANUAL: _ZN15ObjectBuffer_TSIN8AP_Param10param_saveEE9availableEv @ 0xabf000
MANUAL: _ZN2AP3srvEv @ 0x652790
MANUAL: _ZN12SRV_Channels4corkEv @ 0x6527d0
MANUAL: _ZN12SRV_Channels4pushEv @ 0x652830
MANUAL: _ZN16AP_Volz_Protocol6updateEv @ 0x6529e0
MANUAL: _ZN10AP_SBusOut6updateEv @ 0x652cb0
MANUAL: _ZN15AP_RobotisServo6updateEv @ 0x652e30
MANUAL: _ZN16AP_FETtecOneWire6updateEv @ 0x6530a0
MANUAL: _ZN2AP6kdecanEv @ 0x653390
MANUAL: _ZN9AP_KDECAN6updateEv @ 0x6533d0
MANUAL: _ZN12SRV_Channels12find_channelEN11SRV_Channel8FunctionERh @ 0x653db0
MANUAL: _ZN11SRV_Channel8calc_pwmEf @ 0x653e80
MANUAL: _ZNK11SRV_Channel21pwm_from_scaled_valueEf @ 0x653f70
MANUAL: _ZNK11SRV_Channel14pwm_from_angleEf @ 0x654010
MANUAL: _ZNK11SRV_Channel14pwm_from_rangeEf @ 0x654210
MANUAL: _ZN9AP_KDECAN13get_singletonEv @ 0xabfd10
MANUAL: _ZN16AP_FETtecOneWire4initEv @ 0x655b40
MANUAL: _ZN16AP_FETtecOneWire9init_uartEv @ 0x657110
MANUAL: _ZN13AP_ParamTBaseIsL11ap_var_type2EE15set_and_defaultERKs @ 0xac0550
MANUAL: _ZN15AP_RobotisServo4initEv @ 0x6574a0
MANUAL: _ZN10AP_SBusOut4initEv @ 0x6583d0
MANUAL: _ZN16AP_Volz_Protocol4initEv @ 0x658990
MANUAL: _ZN12SRV_Channels13get_singletonEv @ 0xac0770
MANUAL: _ZNK10AP_Mission21get_current_nav_indexEv @ 0xac0b00
MANUAL: _ZNK7AP_AHRS13wind_estimateEv @ 0xac0b80
MANUAL: _ZN10AP_Terrain20height_above_terrainERfb @ 0x65be00
MANUAL: _ZNK10AP_Terrain6statusEv @ 0xac0be0
MANUAL: _ZNK6AP_GPS8get_hdopEh @ 0xac0cf0
MANUAL: _ZNK7AP_AHRS11groundspeedEv @ 0xac0df0
MANUAL: _ZN7AP_Baro14get_climb_rateEv @ 0x65c310
MANUAL: _ZN16DerivativeFilterIfLh7EE5slopeEv @ 0xac0e90
MANUAL: _ZNK11RangeFinder15distance_orientE8Rotation @ 0x65c380
MANUAL: _ZNK11RangeFinder13find_instanceE8Rotation @ 0x65c410
MANUAL: _ZNK11RangeFinder11get_backendEh @ 0x65c560
MANUAL: _ZN14AP_Frsky_TelemC2Ev @ 0x65e730
MANUAL: _ZN20AP_RCProtocol_FPort2C2ER13AP_RCProtocolb @ 0x65f860
MANUAL: _ZN18AP_RCProtocol_CRSFC2ER13AP_RCProtocol @ 0x6602a0
MANUAL: _ZL3MINIhhEDTqultfp_fp0_fp_fp0_ERKT_RKT0_.8861 @ 0x6603d0
MANUAL: _ZN18AP_RCProtocol_CRSF10LinkStatusC2Ev @ 0xac1d60
MANUAL: _ZN18AP_RCProtocol_CRSF6updateEv @ 0x6607d0
MANUAL: _ZN13AP_CRSF_Telem13get_singletonEv @ 0x660e00
MANUAL: _ZN13AP_CRSF_TelemC2Ev @ 0x661710
MANUAL: _ZN13AP_CRSF_Telem12ScriptedMenuC2Ev @ 0xac2230
MANUAL: _ZN12ObjectBufferIN13AP_CRSF_Telem22ScriptedParameterWriteEEC2Ej @ 0xac2280
MANUAL: _ZN13AP_CRSF_TelemUt_C2Ev @ 0xac2350
MANUAL: _ZN13AP_CRSF_TelemUt0_C2Ev @ 0xac23a0
MANUAL: _ZN13AP_CRSF_Telem13queue_messageE12MAV_SEVERITYPKc @ 0x661850
MANUAL: _ZN13AP_CRSF_Telem4initEv @ 0x6618f0
MANUAL: _ZN9AP_Notify13get_singletonEv @ 0xac2630
MANUAL: _ZN2AP3vtxEv @ 0x663fb0
MANUAL: _ZNK10AP_VideoTX11get_enabledEv @ 0xac26c0
MANUAL: _ZN13AP_ParamTBaseIsL11ap_var_type2EE22set_and_save_ifchangedERKs @ 0xac2c00
MANUAL: _ZN2AP10crsf_telemEv @ 0x6645a0
MANUAL: _ZN10AP_VideoTX13get_singletonEv @ 0xac2de0
MANUAL: _ZNK7AP_AHRS12get_roll_radEv @ 0xac2e20
MANUAL: _ZNK7AP_AHRS11get_yaw_radEv @ 0xac2e70
MANUAL: _ZNK8AP_Param15copy_name_tokenERKNS_10ParamTokenEPcmb @ 0x6660b0
MANUAL: _ZNK8AP_Param19find_var_info_tokenERKNS_10ParamTokenEPjRPKNS_9GroupInfoERNS_12GroupNestingEPh @ 0x666220
MANUAL: _ZN19AP_RCProtocol_SRXL2C2ER13AP_RCProtocol @ 0x66a030
MANUAL: _ZN19AP_RCProtocol_SRXL26updateEv @ 0x66a3c0
MANUAL: _Z11crc16_ccittPKhjt @ 0x66af80
MANUAL: _ZNK14AP_BattMonitor15get_temperatureERfh @ 0x66d4a0
MANUAL: _ZN2AP3rtcEv @ 0x66d570
MANUAL: _ZNK6AP_RTC12get_utc_usecERm @ 0x66d690
MANUAL: _ZN6AP_RTC13get_singletonEv @ 0xac3a80
MANUAL: _ZNK11AP_Airspeed12get_airspeedEv @ 0xac3ac0
MANUAL: _ZNK11AP_Airspeed12get_airspeedEh @ 0x66d940
MANUAL: _ZN2AP9esc_telemEv @ 0x66d9f0
MANUAL: _ZNK12AP_ESC_Telem7get_rpmEhRf @ 0x66db90
MANUAL: _ZL3MINIffEDTqultfp_fp0_fp_fp0_ERKT_RKT0_.10600 @ 0x66dd30
MANUAL: _ZNVK20AP_ESC_Telem_Backend13TelemetryData5staleEv @ 0x66de20
MANUAL: _ZN12AP_ESC_Telem13get_singletonEv @ 0x66dea0
MANUAL: _ZN17AP_RCProtocol_DSM6updateEv @ 0x6713b0
MANUAL: _ZN18AP_RCProtocol_SBUSC2ER13AP_RCProtocolbj @ 0x671f60
MANUAL: _ZN7HALSITL9SchedulerC2EPNS_10SITL_StateE @ 0x672bb0
MANUAL: _ZN6AP_HAL9SchedulerC2Ev @ 0xac4200
MANUAL: _ZN7HALSITL9Scheduler4initEv @ 0x672c40
MANUAL: _ZN7HALSITL9Scheduler5delayEt @ 0x672ca0
MANUAL: _ZN7HALSITL9Scheduler18delay_microsecondsEt @ 0x672d90
MANUAL: _ZN6AP_HAL9Scheduler24delay_microseconds_boostEt @ 0xac4260
MANUAL: _ZN6AP_HAL9Scheduler15expect_delay_msEj @ 0xac42d0
MANUAL: _ZN6AP_HAL9Scheduler9boost_endEv @ 0xac4370
MANUAL: _ZN6AP_HAL9Scheduler23register_delay_callbackEPFvvEt @ 0x672e90
MANUAL: _ZNK6AP_HAL9Scheduler17in_delay_callbackEv @ 0xac43c0
MANUAL: _ZN7HALSITL9Scheduler22register_timer_processE7FunctorIvJEE @ 0x672f10
MANUAL: _ZN7HALSITL9Scheduler19register_io_processE7FunctorIvJEE @ 0x673030
MANUAL: _ZN7HALSITL9Scheduler23register_timer_failsafeEPFvvEj @ 0x673150
MANUAL: _ZN7HALSITL9Scheduler22set_system_initializedEv @ 0x6731c0
MANUAL: _ZN7HALSITL9Scheduler21is_system_initializedEv @ 0xac4420
MANUAL: _ZN7HALSITL9Scheduler10stop_clockEm @ 0x673300
MANUAL: _ZNK7HALSITL9Scheduler14in_main_threadEv @ 0x6733a0
MANUAL: _ZN6AP_HAL9Scheduler13call_delay_cbEv @ 0x673430
MANUAL: _ZN7HALSITL9Scheduler13thread_createE7FunctorIvJEEPKcjN6AP_HAL9Scheduler13priority_baseEa @ 0x6734d0
MANUAL: _ZL3MAXImjEDTqugtfp_fp0_fp_fp0_ERKT_RKT0_ @ 0x673810
MANUAL: _ZN7HALSITL9Scheduler24thread_create_trampolineEPv @ 0x6738a0
MANUAL: _ZN7FunctorIvJEEeqERKS0_ @ 0xac4530
MANUAL: _ZN7HALSITL10SITL_State10wait_clockEm @ 0x673a60
MANUAL: _ZNK4SITL8Aircraft11get_speedupEv @ 0xac45d0
MANUAL: _ZNK7HALSITL9Scheduler28semaphore_wait_hack_requiredEv @ 0x673c10
MANUAL: _ZN7HALSITL10SITL_State15_fdm_input_stepEv @ 0x673c90
MANUAL: _ZN7HALSITL10SITL_State16_fdm_input_localEv @ 0x673de0
MANUAL: _ZNK7HALSITL9Scheduler22interrupts_are_blockedEv @ 0xac4620
MANUAL: _ZN7HALSITL9Scheduler17sitl_begin_atomicEv @ 0xac4680
MANUAL: _ZN7HALSITL9Scheduler11timer_eventEv @ 0xac46e0
MANUAL: _ZN7HALSITL9Scheduler15sitl_end_atomicEv @ 0x673f80
MANUAL: _ZN7HALSITL10SITL_State16_update_airspeedEf @ 0x674020
MANUAL: _ZN7HALSITL10SITL_State19_update_rangefinderEv @ 0x674390
MANUAL: _ZNK7HALSITL10SITL_State18_sonar_pin_voltageEv @ 0x6743f0
MANUAL: _ZN7AP_Baro24get_EAS2TAS_for_alt_amslEf @ 0x674560
MANUAL: _ZL2sqf.14351 @ 0x6745e0
MANUAL: _ZN7AP_Baro28get_air_density_for_alt_amslEf @ 0x674630
MANUAL: _ZL3MAXIffEDTqugtfp_fp0_fp_fp0_ERKT_RKT0_.2718 @ 0x674800
MANUAL: _ZN7HALSITL9Scheduler16_run_timer_procsEv @ 0x674880
MANUAL: _ZN7HALSITL10SITL_State17_simulator_servosER10sitl_input @ 0x674980
MANUAL: _ZN4SITL11JSON_Master7receiveER10sitl_input @ 0x675610
MANUAL: _ZN7HALSITL10SITL_State22multicast_servo_updateER10sitl_input @ 0x675ab0
MANUAL: _ZN4SITL8Aircraft11update_homeEv @ 0x675b90
MANUAL: _ZN4SITL8Aircraft12update_modelERK10sitl_input @ 0x675cf0
MANUAL: _ZN4SITL8Aircraft8fill_fdmERNS_8sitl_fdmE @ 0x675d90
MANUAL: _ZN7HALSITL8CANIface14num_interfacesEv @ 0xac4720
MANUAL: _ZNK4SITL8Aircraft20get_position_relhomeEv @ 0x676960
MANUAL: _ZN4SITL11JSON_Master4sendERKNS_8sitl_fdmERK7Vector3IdE @ 0x676a20
MANUAL: _ZN7HALSITL17SITL_State_Common10sim_updateEv @ 0x676cc0
MANUAL: _ZN7HALSITL10SITL_State14set_height_aglEv @ 0x677510
MANUAL: _ZNK4SITL8Aircraft15get_velocity_efEv @ 0xac47b0
MANUAL: _ZN4SITL3GPS6updateEv @ 0x6788e0
MANUAL: _ZN4SITL12SerialDevice17init_sitl_pointerEv @ 0x67a030
MANUAL: _ZN4SITL3GPS24check_backend_allocationEv @ 0x67a0c0
MANUAL: _ZN4SITL3GPS16interpolate_dataERKNS_8GPS_DataEj @ 0x67a6d0
MANUAL: _ZL3MAXIifEDTqugtfp_fp0_fp_fp0_ERKT_RKT0_.15075 @ 0x67b060
MANUAL: _ZN4SITL9GPS_UBloxCI2NS_11GPS_BackendEERNS_3GPSEh @ 0xac4800
MANUAL: _ZN4SITL11GPS_BackendC2ERNS_3GPSEh @ 0x67b0f0
MANUAL: _ZNK4SITL11GPS_Backend11device_baudEv @ 0xac4dd0
MANUAL: _ZN4SITL11GPS_Backend11update_readEv @ 0x67b1e0
MANUAL: _ZNK4SITL11GPS_Backend18write_to_autopilotEPKcm @ 0x67b530
MANUAL: _ZNK4SITL11GPS_Backend19read_from_autopilotEPcm @ 0x67b5b0
MANUAL: _ZN4SITL11GPS_Backend8gps_timeEv @ 0x67c050
MANUAL: _ZN7Vector2IdEC2Edd @ 0xac4ff0
MANUAL: _ZNK7Vector2IdE6lengthEv @ 0xac5070
MANUAL: _ZN4SITL11GPS_Backend18simulation_timevalEP7timeval @ 0x67c980
MANUAL: _ZN4SITL9GPS_UBlox7publishEPKNS_8GPS_DataE @ 0x67f850
MANUAL: _Z4normIddJdEEdT_T0_DpKT1_ @ 0xac5710
MANUAL: _ZL7degreesf.15163 @ 0x680320
MANUAL: _ZN4SITL9GPS_UBlox8send_ubxEhPht @ 0x680850
MANUAL: _ZL3MAXIiiEDTqugtfp_fp0_fp_fp0_ERKT_RKT0_.15164 @ 0x680a20
MANUAL: _ZNK7Vector3IfE6is_nanEv @ 0xac5790
MANUAL: _ZN7Matrix3IfE6rotateERK7Vector3IfE @ 0xac5860
MANUAL: _ZN7Matrix3IfEpLERKS0_ @ 0xac5a80
MANUAL: _ZNK7Matrix3IfEplERKS0_ @ 0xac5b10
MANUAL: _Z2sqIdJddEEdT_DpKT0_ @ 0xac5c30
MANUAL: _Z11wrap_360_cdi @ 0x6811d0
MANUAL: _ZNK11QuaternionTIfE8to_eulerERfS1_S1_ @ 0xac5cd0
MANUAL: _ZNK11QuaternionTIfE13get_euler_yawEv @ 0xac5de0
MANUAL: _ZNK7Vector3IdEplERKS0_ @ 0xac67e0
MANUAL: _ZN7Vector3IdEpLERKS0_ @ 0xac6880
MANUAL: _ZN7Matrix3IdEC2Ev @ 0xac6920
MANUAL: _ZN7Matrix3IdE10from_eulerEddd @ 0xac69a0
MANUAL: _ZNK7Matrix3IdEmlERK7Vector3IdE @ 0xac6b60
MANUAL: _ZNK7Vector3IdEmiERKS0_ @ 0xac7350
MANUAL: _ZNK7Vector3IdE7tofloatEv @ 0xac73f0
MANUAL: _ZNK7Vector3IdE6lengthEv @ 0xac7530
MANUAL: _ZN7Vector3IdE4zeroEv @ 0xac7590
MANUAL: _ZNK7Vector3IdEmlEd @ 0xac75f0
MANUAL: _ZNK7Matrix3IfE10transposedEv @ 0xac77c0
MANUAL: _ZN7Matrix3IfE9normalizeEv @ 0xac7990
MANUAL: _ZNK8Location22get_distance_NE_doubleERKS_ @ 0x68daf0
MANUAL: _ZN7Vector3IdE2xyEv @ 0xac7c60
MANUAL: _ZN7Vector2IdEpLERKS0_ @ 0xac7cb0
MANUAL: _ZN4SITL8Aircraft14smooth_sensorsEv @ 0x68e050
MANUAL: _ZL7degreesf.16872 @ 0x68ea40
MANUAL: _ZNK7Matrix3IfE8to_eulerEPfS1_S1_ @ 0xac7d30
MANUAL: _ZNK7AP_EnumI8RotationEcvKS0_Ev @ 0xac7e50
MANUAL: _ZN7Matrix3IfE13from_rotationE8Rotation @ 0xac7ea0
MANUAL: _ZN4SITL8Aircraft11set_speedupEf @ 0x68eaa0
MANUAL: _ZNK8HAL_SITL32get_uart_output_full_queue_countEv @ 0x68eb10
MANUAL: _ZN4SITL8Aircraft16setup_frame_timeEff @ 0x68eb70
MANUAL: _ZNK4SITL8Aircraft16get_wall_time_usEv @ 0x68ec50
MANUAL: _ZN7Matrix3IfE9transposeEv @ 0xac7fc0
MANUAL: _ZNK7Vector3IdEdvEd @ 0xac8030
MANUAL: _ZNK11QuaternionTIfEdvERKS0_ @ 0xac80d0
MANUAL: _ZNK11QuaternionTIfE7is_zeroEv @ 0xac8320
MANUAL: _ZN4SITL8Aircraft12time_advanceEv @ 0x68ecd0
MANUAL: _ZN4SITL8Aircraft15sync_frame_timeEv @ 0x68ed70
MANUAL: _ZN9AP_Logger14WriteStreamingEPKcS1_S1_S1_S1_z @ 0x68f070
MANUAL: _ZL3MAXI9AP_ParamTIfL11ap_var_type4EEdEDTqugtfp_fp0_fp_fp0_ERKT_RKT0_.14196 @ 0x68f3e0
MANUAL: _Z21calc_lowpass_alpha_dtff @ 0x68f480
MANUAL: _ZL3MAXIfiEDTqugtfp_fp0_fp_fp0_ERKT_RKT0_.14197 @ 0x68f5b0
MANUAL: _ZNK4SITL16FETtecOneWireESC7enabledEv @ 0xac83f0
MANUAL: _ZNK4SITL4Volz7enabledEv @ 0xac8460
MANUAL: _ZN7HALSITL17SITL_State_Common22update_voltage_currentER10sitl_inputf @ 0x68f880
MANUAL: _ZN7HALSITL10SITL_StateC2Ev @ 0xac8660
MANUAL: _ZN7HALSITL10SITL_State4initEiPKPc @ 0x68fad0
MANUAL: _ZN7HALSITL10SITL_State19_parse_command_lineEiPKPc @ 0x68fb70
MANUAL: _ZNK7HALSITL10SITL_State20_set_signal_handlersEv @ 0x690a40
MANUAL: _ZN10GetOptLong9getoptionEv @ 0x690bc0
MANUAL: _ZN11ObjectArrayIN8AP_Param21defaults_table_structEE4pushERKS1_ @ 0xac89b0
MANUAL: _ZN4SITL8Aircraft12set_instanceEh @ 0xac8a90
MANUAL: _ZN4SITL8Aircraft16set_autotest_dirEPKc @ 0xac8b20
MANUAL: _ZN8HAL_SITL25set_storage_posix_enabledEb @ 0xac8b80
MANUAL: _ZN8HAL_SITL25set_storage_flash_enabledEb @ 0xac8be0
MANUAL: _ZN8HAL_SITL24set_storage_fram_enabledEb @ 0xac8c40
MANUAL: _ZN8AP_Param9erase_allEv @ 0x691b50
MANUAL: _ZN8HAL_SITL16set_wipe_storageEb @ 0xac8ca0
MANUAL: _ZN7HALSITL10SITL_State11_sitl_setupEv @ 0x691bc0
MANUAL: _ZN4SITL8Aircraft10set_buzzerEPNS_6BuzzerE @ 0xac8da0
MANUAL: _ZN4SITL8Aircraft11set_sprayerEPNS_7SprayerE @ 0xac8e00
MANUAL: _ZN4SITL8Aircraft17set_gripper_servoEPNS_13Gripper_ServoE @ 0xac8e60
MANUAL: _ZN4SITL8Aircraft15set_gripper_epmEPNS_11Gripper_EPME @ 0xac8ec0
MANUAL: _ZN4SITL8Aircraft13set_parachuteEPNS_9ParachuteE @ 0xac8f20
MANUAL: _ZN4SITL8Aircraft12set_preclandEPNS_12SIM_PreclandE @ 0x691ea0
MANUAL: _ZN4SITL3I2C4initEv @ 0x691f70
MANUAL: _ZN4SITL8Aircraft7set_i2cEPNS_3I2CE @ 0xac8f80
MANUAL: _ZN4SITL10IS31FL319514set_product_idEh @ 0x6920f0
MANUAL: _ZNK4SITL8Aircraft12get_home_yawEv @ 0xac8fe0
MANUAL: _ZN4SITL12SIM_Precland20set_default_locationEffs @ 0x692160
MANUAL: _ZN8AP_Param18eeprom_write_checkEPKvth @ 0x6922b0
MANUAL: _ZN8AP_Param14write_sentinalEt @ 0x692340
MANUAL: _ZN13AP_Filesystem9load_fileEPKc @ 0x6923e0
MANUAL: _ZN4SITL5Plane6createEPKc @ 0xac9b40
MANUAL: _ZN4SITL8AircraftC2EPKc @ 0x692650
MANUAL: _ZN4SITL8Aircraft18set_start_locationERK8Locationf @ 0x692a10
MANUAL: _ZN4SITL8Aircraft19set_interface_portsEPKcii @ 0xaca290
MANUAL: _ZN4SITL8Aircraft10set_configEPKc @ 0xaca300
MANUAL: _ZNK4SITL8Aircraft45perpendicular_distance_to_rangefinder_surfaceEv @ 0x692fd0
MANUAL: _ZNK4SITL8Aircraft9on_groundEv @ 0x693030
MANUAL: _ZNK4SITL8Aircraft4haglEv @ 0x6930a0
MANUAL: _ZNK4SITL8Aircraft24ground_height_differenceEv @ 0x693170
MANUAL: _ZN4SITL8Aircraft15update_dynamicsERK7Vector3IfE @ 0x6939e0
MANUAL: _ZN4SITL8Aircraft23update_external_payloadERK10sitl_input @ 0x694a60
MANUAL: _ZN4SITL8Aircraft15update_positionEv @ 0x694ef0
MANUAL: _ZN4SITL8Aircraft11update_windERK10sitl_input @ 0x695080
MANUAL: _ZN4SITL8Aircraft19update_mag_field_bfEv @ 0x695510
MANUAL: _ZL7radiansf.16838 @ 0x695900
MANUAL: _ZNK8Location23get_distance_NED_doubleERKS_ @ 0x695960
MANUAL: _ZN4SITL8Aircraft17get_local_updraftERK7Vector3IdE @ 0x695a80
MANUAL: _ZN7Vector2IdEmIERKS0_ @ 0xaca3b0
MANUAL: _ZNK4SITL7Sprayer10is_enabledEv @ 0xaca440
MANUAL: _ZN4SITL3I2C6updateERKNS_8AircraftE @ 0x696340
MANUAL: _ZNK4SITL6Buzzer10is_enabledEv @ 0xaca4f0
MANUAL: _ZNK4SITL13Gripper_Servo10is_enabledEv @ 0xaca550
MANUAL: _ZNK4SITL11Gripper_EPM10is_enabledEv @ 0xaca610
MANUAL: _ZNK4SITL9Parachute10is_enabledEv @ 0xaca6c0
MANUAL: _ZNK4SITL12SIM_Precland10is_enabledEv @ 0xaca720
MANUAL: _ZN4SITL7ShipSim6updateEv @ 0x697310
MANUAL: _ZNK4SITL7ShipSim12get_locationER8Location @ 0x697c70
MANUAL: _ZN4SITL16FETtecOneWireESC3ESCUt_C2Ev @ 0xacb6f0
MANUAL: _ZNK7Vector3IdE14length_squaredEv @ 0xacc780
MANUAL: _ZNK7Vector3IdEmlERKS0_ @ 0xacc8f0
MANUAL: _ZNK7AP_AHRS11get_EAS2TASEv @ 0x69d2d0
MANUAL: _ZL2sqf.16887 @ 0x69d360
MANUAL: _ZN4SITL8Aircraft19update_eas_airspeedEv @ 0x69d3b0
MANUAL: _ZN4SITL7ShipSim27get_ground_speed_adjustmentERK8LocationRf @ 0x69d540
MANUAL: _ZN4SITL15SlungPayloadSim6updateERK7Vector3IdERKS1_IfES7_S7_ @ 0x69d860
MANUAL: _ZN4SITL9TetherSim6updateERK8Location @ 0x69d9f0
MANUAL: _ZN4SITL8Aircraft17adjust_frame_timeEf @ 0x69db60
MANUAL: _ZNK7Vector3IdE7is_zeroEv @ 0xaccaa0
MANUAL: _ZN7Vector3IfE2xyEv @ 0xaccb50
MANUAL: _ZN7Vector2IfE4zeroEv @ 0xaccba0
MANUAL: _ZN7Vector3IfEmIERKS0_ @ 0xaccc00
MANUAL: _ZL7radiansi.16892 @ 0x6a0af0
MANUAL: _ZN4SITL8Aircraft20filtered_servo_angleERK10sitl_inputh @ 0x6a0b50
MANUAL: _ZN4SITL8Aircraft20filtered_servo_rangeERK10sitl_inputh @ 0x6a0c50
MANUAL: _ZNK9AP_ParamTIfL11ap_var_type4EEplERKS1_ @ 0xacceb0
MANUAL: _ZN10ServoModel12filter_rangeEtf @ 0x6a15c0
MANUAL: _ZN10ServoModel12apply_filterEff @ 0x6a1660
MANUAL: _ZN10ServoModel19apply_simple_filterEff @ 0x6a1a60
MANUAL: _ZL3MINIffEDTqultfp_fp0_fp_fp0_ERKT_RKT0_.7018 @ 0x6a1c00
MANUAL: _ZN13LowPassFilterIfE20set_cutoff_frequencyERKf @ 0xacd5d0
MANUAL: _ZN13LowPassFilterIfE5applyERKfS2_ @ 0xacd640
MANUAL: _ZN10ServoModel12filter_angleEtf @ 0x6a1c90
MANUAL: _ZN7Vector2IdE4zeroEv @ 0xacd6e0
MANUAL: _ZN10ServoModelC2Ev @ 0xacd740
MANUAL: _ZN4SITL7BatteryC2Ev @ 0xacd7c0
MANUAL: _ZN4SITL8AircraftUt1_C2Ev @ 0xacd840
MANUAL: _ZN4SITL7BatteryUt_C2Ev @ 0xacd8f0
MANUAL: _ZN13LowPassFilterIfEC2ERKf @ 0xacd950
MANUAL: _ZN10DigitalLPFIfEC2Ev @ 0xacd9d0
MANUAL: _ZN13LowPassFilterIfEC2Ev @ 0xacda20
MANUAL: _ZN15LowPassFilter2pIfEC2Ev @ 0xacda70
MANUAL: _ZN19DigitalBiquadFilterIfEC2Ev @ 0xacdae0
MANUAL: _Z11is_positived @ 0xacddb0
MANUAL: _ZN7Vector3IfE9normalizeEv @ 0xace590
MANUAL: _ZN7Matrix3IfE8identityEv @ 0xace5f0
MANUAL: _ZN7Matrix3IfE4zeroEv @ 0xace880
MANUAL: _ZN4SITL5PlaneC2EPKc @ 0x6b05a0
MANUAL: _ZN4SITL5Plane12CoefficientsC2Ev @ 0xace8e0
MANUAL: _ZN4SITL8ICEngineC2Ehaaafb @ 0xaceb40
MANUAL: _ZN8AP_Param18load_defaults_fileEPKcb @ 0x6b17a0
MANUAL: _ZN8AP_Param22count_defaults_in_fileEPKcRt @ 0x6b1a70
MANUAL: _ZN8AP_Param24read_param_defaults_fileEPKcbRt @ 0x6b1bb0
MANUAL: _ZN8AP_Param16parse_param_lineEPcPS0_RfRb @ 0x6b1e30
MANUAL: _ZN8AP_Param9set_floatEf11ap_var_type @ 0x6b1ff0
MANUAL: _ZN13AP_Filesystem4readEiPvj @ 0x6b43c0
MANUAL: _ZN4SITL5Plane6updateERK10sitl_input @ 0x6b50d0
MANUAL: _ZN4SITL5Plane16calculate_forcesERK10sitl_inputR7Vector3IfE @ 0x6b52a0
MANUAL: _ZL2sqf.15869 @ 0x6b5d30
MANUAL: _ZNK4SITL5Plane8getForceEfff @ 0x6b6380
MANUAL: _ZNK4SITL5Plane9getTorqueEffffRK7Vector3IfE @ 0x6b6c00
MANUAL: _ZN4SITL8Aircraft9add_noiseEf @ 0x6b7270
MANUAL: _ZNK4SITL5Plane9liftCoeffEf @ 0x6b7520
MANUAL: _ZNK4SITL5Plane9dragCoeffEf @ 0x6b7840
MANUAL: _ZN7Vector3IdEmIERKS0_ @ 0xad8810
MANUAL: _ZL7radiansd.17180 @ 0x6c1930
MANUAL: _ZN10DigitalLPFIfE5resetERKf @ 0xad8df0
MANUAL: _ZN4SITL11JSON_Master11socket_listC2Ev @ 0xad9090
MANUAL: _ZNK11ObjectArrayIN8AP_Param21defaults_table_structEE5spaceEv @ 0xad9100
MANUAL: _ZN10GetOptLongC2EiPKPcPKcPKNS_6optionE @ 0x6d2720
MANUAL: _ZN7HALSITL17SITL_State_CommonC2Ev @ 0xad9160
MANUAL: _ZN11ObjectArrayIN8AP_Param21defaults_table_structEEC2Et @ 0xad9210
MANUAL: _ZN7VectorNIN7HALSITL10SITL_State13readings_windELh50EEC2Ev @ 0xad92e0
MANUAL: _ZN4SITL11JSON_MasterC2Ev @ 0xad9370
MANUAL: _ZN7HALSITL7StorageC2Ev @ 0xad93c0
MANUAL: _ZN6AP_HAL7StorageC2Ev @ 0xad9510
MANUAL: _ZN7BitmaskILt2048EEC2Ev @ 0xad9570
MANUAL: _ZN7FunctorIbJhjPKhtEE4bindIN7HALSITL7StorageEXadL_ZNS5_17_flash_write_dataEhjS1_tEEEES2_PT_ @ 0xad95c0
MANUAL: _ZN7FunctorIbJhjPhtEE4bindIN7HALSITL7StorageEXadL_ZNS4_16_flash_read_dataEhjS0_tEEEES1_PT_ @ 0xad9620
MANUAL: _ZN7FunctorIbJhEE4bindIN7HALSITL7StorageEXadL_ZNS3_19_flash_erase_sectorEhEEEES0_PT_ @ 0xad9680
MANUAL: _ZN7FunctorIbJEE4bindIN7HALSITL7StorageEXadL_ZNS3_15_flash_erase_okEvEEEES0_PT_ @ 0xad96e0
MANUAL: _ZN10AP_RAMTRONC2Ev @ 0xad9740
MANUAL: _ZN15AP_FlashStorageC2EPhj7FunctorIbJhjPKhtEES1_IbJhjS0_tEES1_IbJhEES1_IbJEE @ 0x6d28d0
MANUAL: _ZN7FunctorIbJEEC2EPvPFbS1_E @ 0xad9840
MANUAL: _ZN7FunctorIbJhjPhtEEC2EPvPFbS2_hjS0_tE @ 0xad9a90
MANUAL: _ZN7FunctorIbJhjPKhtEEC2EPvPFbS3_hjS1_tE @ 0xad9c20
MANUAL: _ZN7BitmaskILt2048EE8clearallEv @ 0xad9ed0
MANUAL: _ZN6AP_HAL7Storage5eraseEv @ 0x6d4180
MANUAL: _ZN7HALSITL7Storage10read_blockEPvtm @ 0x6d4260
MANUAL: _ZN7HALSITL7Storage11write_blockEtPKvm @ 0x6d4330
MANUAL: _ZN7HALSITL7Storage11_timer_tickEv @ 0x6d4450
MANUAL: _ZN7HALSITL7Storage7healthyEv @ 0x6d4680
MANUAL: _ZNK7BitmaskILt2048EE5emptyEv @ 0xad9f80
MANUAL: _ZNK7BitmaskILt2048EE3getEt @ 0xada020
MANUAL: _ZN10AP_RAMTRON5writeEjPKhj @ 0x6d47c0
MANUAL: _ZN7BitmaskILt2048EE5clearEt @ 0xada0f0
MANUAL: _ZNK8HAL_SITL25get_storage_posix_enabledEv @ 0xada1b0
MANUAL: _ZNK8HAL_SITL25get_storage_flash_enabledEv @ 0xada210
MANUAL: _ZNK7BitmaskILt2048EE8validateEt @ 0xada270
MANUAL: _ZNK10AP_RAMTRON8get_sizeEv @ 0xada300
MANUAL: _ZN13WithSemaphoreC2EPN6AP_HAL9SemaphoreEj @ 0x6d4dd0
MANUAL: _ZN7HALSITL7Storage13_storage_openEv @ 0x6d4e40
MANUAL: _ZN7HALSITL7Storage11_mark_dirtyEtt @ 0x6d5150
MANUAL: _ZN7BitmaskILt2048EE3setEt @ 0xada3a0
MANUAL: _ZNK8HAL_SITL24get_storage_fram_enabledEv @ 0xada460
MANUAL: _ZN6AP_HAL6Device14read_registersEhPhj @ 0x6d5fb0
MANUAL: _ZN7FunctorIvJhPhjbEEC2EDn @ 0xada4c0
MANUAL: _ZN7FunctorIvJhPhjbEEneERKS1_ @ 0xada530
MANUAL: _ZL3MINImjEDTqultfp_fp0_fp_fp0_ERKT_RKT0_.19638 @ 0x6d60f0
MANUAL: _ZN6AP_HAL15get_HAL_mutableEv @ 0x6d6180
MANUAL: __cxx_global_var_init.14101 @ 0x5c4880
MANUAL: __cxx_global_var_init.1.14102 @ 0x5c48e0
MANUAL: __cxx_global_var_init.14093 @ 0x5c4930
MANUAL: __cxx_global_var_init.1.14094 @ 0x5c4990
MANUAL: __cxx_global_var_init.14086 @ 0x5c49e0
MANUAL: __cxx_global_var_init.1.14087 @ 0x5c4a40
MANUAL: __cxx_global_var_init.14022 @ 0x5c4a90
MANUAL: __cxx_global_var_init.1.14023 @ 0x5c4af0
MANUAL: __cxx_global_var_init.13993 @ 0x5c4b40
MANUAL: __cxx_global_var_init.1.13994 @ 0x5c4ba0
MANUAL: __cxx_global_var_init.2.13995 @ 0x5c4bf0
MANUAL: _ZN22AP_DroneCAN_DNA_Server8DatabaseC2Ev @ 0xada780
MANUAL: _ZN7BitmaskILt128EEC2Ev @ 0xada850
MANUAL: _ZN7BitmaskILt128EE8clearallEv @ 0xada8a0
MANUAL: __cxx_global_var_init.13965 @ 0x5c4c60
MANUAL: __cxx_global_var_init.1.13966 @ 0x5c4cc0
MANUAL: __cxx_global_var_init.13904 @ 0x5c4d10
MANUAL: __cxx_global_var_init.1.13905 @ 0x5c4d70
MANUAL: __cxx_global_var_init.2.13906 @ 0x5c4dc0
MANUAL: __cxx_global_var_init.3.13907 @ 0x5c4e60
MANUAL: __cxx_global_var_init.13853 @ 0x5c5020
MANUAL: __cxx_global_var_init.1.13854 @ 0x5c5080
MANUAL: __cxx_global_var_init.13814 @ 0x5c50d0
MANUAL: __cxx_global_var_init.1.13815 @ 0x5c5130
MANUAL: __cxx_global_var_init.13785 @ 0x5c5180
MANUAL: __cxx_global_var_init.1.13786 @ 0x5c51e0
MANUAL: __cxx_global_var_init.13668 @ 0x5c5230
MANUAL: __cxx_global_var_init.1.13669 @ 0x5c5290
MANUAL: __cxx_global_var_init.13638 @ 0x5c52e0
MANUAL: __cxx_global_var_init.1.13639 @ 0x5c5340
MANUAL: __cxx_global_var_init.13625 @ 0x5c5390
MANUAL: __cxx_global_var_init.1.13626 @ 0x5c53f0
MANUAL: __cxx_global_var_init.13618 @ 0x5c5440
MANUAL: __cxx_global_var_init.1.13619 @ 0x5c54a0
MANUAL: __cxx_global_var_init.13570 @ 0x5c54f0
MANUAL: __cxx_global_var_init.1.13571 @ 0x5c5550
MANUAL: __cxx_global_var_init.13538 @ 0x5c55a0
MANUAL: __cxx_global_var_init.1.13539 @ 0x5c5600
MANUAL: __cxx_global_var_init.13484 @ 0x5c5650
MANUAL: __cxx_global_var_init.1.13485 @ 0x5c56b0
MANUAL: __cxx_global_var_init.13444 @ 0x5c5700
MANUAL: __cxx_global_var_init.1.13445 @ 0x5c5760
MANUAL: __cxx_global_var_init.13362 @ 0x5c57b0
MANUAL: __cxx_global_var_init.1.13363 @ 0x5c5810
MANUAL: __cxx_global_var_init.13325 @ 0x5c5860
MANUAL: __cxx_global_var_init.1.13326 @ 0x5c58c0
MANUAL: __cxx_global_var_init.13313 @ 0x5c5910
MANUAL: __cxx_global_var_init.1.13314 @ 0x5c5970
MANUAL: __cxx_global_var_init.13287 @ 0x5c59c0
MANUAL: __cxx_global_var_init.1.13288 @ 0x5c5a20
MANUAL: __cxx_global_var_init.13215 @ 0x5c5a70
MANUAL: __cxx_global_var_init.1.13216 @ 0x5c5ad0
MANUAL: __cxx_global_var_init.13146 @ 0x5c5b20
MANUAL: __cxx_global_var_init.1.13147 @ 0x5c5b80
MANUAL: __cxx_global_var_init.13130 @ 0x5c5bd0
MANUAL: __cxx_global_var_init.1.13131 @ 0x5c5c30
MANUAL: __cxx_global_var_init.13121 @ 0x5c5c80
MANUAL: __cxx_global_var_init.1.13122 @ 0x5c5ce0
MANUAL: __cxx_global_var_init.13099 @ 0x5c5d30
MANUAL: __cxx_global_var_init.1.13100 @ 0x5c5d90
MANUAL: __cxx_global_var_init.13003 @ 0x5c5de0
MANUAL: __cxx_global_var_init.1.13004 @ 0x5c5e40
MANUAL: __cxx_global_var_init.12949 @ 0x5c5e90
MANUAL: __cxx_global_var_init.1.12950 @ 0x5c5ef0
MANUAL: __cxx_global_var_init.12874 @ 0x5c5f40
MANUAL: __cxx_global_var_init.1.12875 @ 0x5c5fa0
MANUAL: __cxx_global_var_init.12863 @ 0x5c5ff0
MANUAL: __cxx_global_var_init.1.12864 @ 0x5c6050
MANUAL: __cxx_global_var_init.12839 @ 0x5c60a0
MANUAL: __cxx_global_var_init.1.12840 @ 0x5c6100
MANUAL: __cxx_global_var_init.12814 @ 0x5c6150
MANUAL: __cxx_global_var_init.1.12815 @ 0x5c61b0
MANUAL: __cxx_global_var_init.12798 @ 0x5c6200
MANUAL: __cxx_global_var_init.1.12799 @ 0x5c6260
MANUAL: __cxx_global_var_init.12761 @ 0x5c62b0
MANUAL: __cxx_global_var_init.1.12762 @ 0x5c6310
MANUAL: __cxx_global_var_init.12720 @ 0x5c6360
MANUAL: __cxx_global_var_init.1.12721 @ 0x5c63c0
MANUAL: __cxx_global_var_init.12678 @ 0x5c6410
MANUAL: __cxx_global_var_init.1.12679 @ 0x5c6470
MANUAL: __cxx_global_var_init.12642 @ 0x5c64c0
MANUAL: __cxx_global_var_init.1.12643 @ 0x5c6520
MANUAL: __cxx_global_var_init.12599 @ 0x5c6570
MANUAL: __cxx_global_var_init.1.12600 @ 0x5c65d0
MANUAL: __cxx_global_var_init.12548 @ 0x5c6620
MANUAL: __cxx_global_var_init.1.12549 @ 0x5c6680
MANUAL: __cxx_global_var_init.12521 @ 0x5c66d0
MANUAL: __cxx_global_var_init.1.12522 @ 0x5c6730
MANUAL: __cxx_global_var_init.12498 @ 0x5c6780
MANUAL: __cxx_global_var_init.1.12499 @ 0x5c67e0
MANUAL: __cxx_global_var_init.12481 @ 0x5c6830
MANUAL: __cxx_global_var_init.1.12482 @ 0x5c6890
MANUAL: __cxx_global_var_init.12448 @ 0x5c68e0
MANUAL: __cxx_global_var_init.1.12449 @ 0x5c6940
MANUAL: __cxx_global_var_init.12358 @ 0x5c6990
MANUAL: __cxx_global_var_init.1.12359 @ 0x5c69f0
MANUAL: __cxx_global_var_init.12351 @ 0x5c6a40
MANUAL: __cxx_global_var_init.1.12352 @ 0x5c6aa0
MANUAL: __cxx_global_var_init.12332 @ 0x5c6af0
MANUAL: __cxx_global_var_init.1.12333 @ 0x5c6b50
MANUAL: __cxx_global_var_init.12292 @ 0x5c6ba0
MANUAL: __cxx_global_var_init.1.12293 @ 0x5c6c00
MANUAL: __cxx_global_var_init.12275 @ 0x5c6c50
MANUAL: __cxx_global_var_init.1.12276 @ 0x5c6cb0
MANUAL: __cxx_global_var_init.12259 @ 0x5c6d00
MANUAL: __cxx_global_var_init.1.12260 @ 0x5c6d60
MANUAL: __cxx_global_var_init.12239 @ 0x5c6db0
MANUAL: __cxx_global_var_init.1.12240 @ 0x5c6e10
MANUAL: __cxx_global_var_init.12201 @ 0x5c6e60
MANUAL: __cxx_global_var_init.1.12202 @ 0x5c6ec0
MANUAL: __cxx_global_var_init.12171 @ 0x5c6f10
MANUAL: __cxx_global_var_init.1.12172 @ 0x5c6f70
MANUAL: __cxx_global_var_init.12116 @ 0x5c6fc0
MANUAL: __cxx_global_var_init.1.12117 @ 0x5c7020
MANUAL: __cxx_global_var_init.11966 @ 0x5c7070
MANUAL: __cxx_global_var_init.1.11967 @ 0x5c70d0
MANUAL: __cxx_global_var_init.11961 @ 0x5c7120
MANUAL: __cxx_global_var_init.1.11962 @ 0x5c7180
MANUAL: __cxx_global_var_init.11954 @ 0x5c71d0
MANUAL: __cxx_global_var_init.1.11955 @ 0x5c7230
MANUAL: __cxx_global_var_init.11944 @ 0x5c7280
MANUAL: __cxx_global_var_init.1.11945 @ 0x5c72e0
MANUAL: __cxx_global_var_init.11933 @ 0x5c7330
MANUAL: __cxx_global_var_init.1.11934 @ 0x5c7390
MANUAL: __cxx_global_var_init.11925 @ 0x5c73e0
MANUAL: __cxx_global_var_init.1.11926 @ 0x5c7440
MANUAL: __cxx_global_var_init.11912 @ 0x5c7490
MANUAL: __cxx_global_var_init.1.11913 @ 0x5c74f0
MANUAL: __cxx_global_var_init.11895 @ 0x5c7540
MANUAL: __cxx_global_var_init.1.11896 @ 0x5c75a0
MANUAL: __cxx_global_var_init.11863 @ 0x5c75f0
MANUAL: __cxx_global_var_init.1.11864 @ 0x5c7650
MANUAL: __cxx_global_var_init.11835 @ 0x5c76a0
MANUAL: __cxx_global_var_init.1.11836 @ 0x5c7700
MANUAL: __cxx_global_var_init.11805 @ 0x5c7750
MANUAL: __cxx_global_var_init.1.11806 @ 0x5c77b0
MANUAL: __cxx_global_var_init.11794 @ 0x5c7800
MANUAL: __cxx_global_var_init.1.11795 @ 0x5c7860
MANUAL: __cxx_global_var_init.11721 @ 0x5c78b0
MANUAL: __cxx_global_var_init.1.11722 @ 0x5c7910
MANUAL: __cxx_global_var_init.11703 @ 0x5c7960
MANUAL: __cxx_global_var_init.1.11704 @ 0x5c79c0
MANUAL: __cxx_global_var_init.11693 @ 0x5c7a10
MANUAL: __cxx_global_var_init.1.11694 @ 0x5c7a70
MANUAL: __cxx_global_var_init.11678 @ 0x5c7ac0
MANUAL: __cxx_global_var_init.1.11679 @ 0x5c7b20
MANUAL: __cxx_global_var_init.11649 @ 0x5c7b70
MANUAL: __cxx_global_var_init.1.11650 @ 0x5c7bd0
MANUAL: __cxx_global_var_init.11590 @ 0x5c7c20
MANUAL: __cxx_global_var_init.1.11591 @ 0x5c7c80
MANUAL: __cxx_global_var_init.11552 @ 0x5c7cd0
MANUAL: __cxx_global_var_init.1.11553 @ 0x5c7d30
MANUAL: __cxx_global_var_init.11539 @ 0x5c7d80
MANUAL: __cxx_global_var_init.1.11540 @ 0x5c7de0
MANUAL: __cxx_global_var_init.11529 @ 0x5c7e30
MANUAL: __cxx_global_var_init.1.11530 @ 0x5c7e90
MANUAL: __cxx_global_var_init.11408 @ 0x5c7ee0
MANUAL: __cxx_global_var_init.1.11409 @ 0x5c7f40
MANUAL: __cxx_global_var_init.11397 @ 0x5c7f90
MANUAL: __cxx_global_var_init.1.11398 @ 0x5c7ff0
MANUAL: __cxx_global_var_init.11368 @ 0x5c8040
MANUAL: __cxx_global_var_init.1.11369 @ 0x5c80a0
MANUAL: __cxx_global_var_init.11335 @ 0x5c80f0
MANUAL: __cxx_global_var_init.1.11336 @ 0x5c8150
MANUAL: __cxx_global_var_init.11316 @ 0x5c81a0
MANUAL: __cxx_global_var_init.1.11317 @ 0x5c8200
MANUAL: __cxx_global_var_init.11277 @ 0x5c8250
MANUAL: __cxx_global_var_init.1.11278 @ 0x5c82b0
MANUAL: __cxx_global_var_init.11258 @ 0x5c8300
MANUAL: __cxx_global_var_init.1.11259 @ 0x5c8360
MANUAL: __cxx_global_var_init.2.11260 @ 0x5c83b0
MANUAL: __cxx_global_var_init.3.11261 @ 0x5c8430
MANUAL: __cxx_global_var_init.4.11262 @ 0x5c84b0
MANUAL: __cxx_global_var_init.11245 @ 0x5c8510
MANUAL: __cxx_global_var_init.1.11246 @ 0x5c8570
MANUAL: __cxx_global_var_init.11236 @ 0x5c85c0
MANUAL: __cxx_global_var_init.1.11237 @ 0x5c8620
MANUAL: __cxx_global_var_init.11231 @ 0x5c8670
MANUAL: __cxx_global_var_init.1.11232 @ 0x5c86d0
MANUAL: __cxx_global_var_init.11222 @ 0x5c8720
MANUAL: __cxx_global_var_init.1.11223 @ 0x5c8780
MANUAL: __cxx_global_var_init.11202 @ 0x5c87d0
MANUAL: __cxx_global_var_init.1.11203 @ 0x5c8830
MANUAL: __cxx_global_var_init.11088 @ 0x5c8880
MANUAL: __cxx_global_var_init.1.11089 @ 0x5c88e0
MANUAL: __cxx_global_var_init.11078 @ 0x5c8930
MANUAL: __cxx_global_var_init.1.11079 @ 0x5c8990
MANUAL: __cxx_global_var_init.11047 @ 0x5c89e0
MANUAL: __cxx_global_var_init.1.11048 @ 0x5c8a40
MANUAL: __cxx_global_var_init.11003 @ 0x5c8a90
MANUAL: __cxx_global_var_init.1.11004 @ 0x5c8af0
MANUAL: __cxx_global_var_init.10970 @ 0x5c8b40
MANUAL: __cxx_global_var_init.1.10971 @ 0x5c8ba0
MANUAL: __cxx_global_var_init.10962 @ 0x5c8bf0
MANUAL: __cxx_global_var_init.1.10963 @ 0x5c8c50
MANUAL: __cxx_global_var_init.10926 @ 0x5c8ca0
MANUAL: __cxx_global_var_init.1.10927 @ 0x5c8d00
MANUAL: __cxx_global_var_init.10894 @ 0x5c8d50
MANUAL: __cxx_global_var_init.1.10895 @ 0x5c8db0
MANUAL: __cxx_global_var_init.10858 @ 0x5c8e00
MANUAL: __cxx_global_var_init.1.10859 @ 0x5c8e60
MANUAL: __cxx_global_var_init.10833 @ 0x5c8eb0
MANUAL: __cxx_global_var_init.1.10834 @ 0x5c8f10
MANUAL: __cxx_global_var_init.10801 @ 0x5c8f60
MANUAL: __cxx_global_var_init.1.10802 @ 0x5c8fc0
MANUAL: __cxx_global_var_init.10782 @ 0x5c9010
MANUAL: __cxx_global_var_init.1.10783 @ 0x5c9070
MANUAL: __cxx_global_var_init.10700 @ 0x5c90c0
MANUAL: __cxx_global_var_init.1.10701 @ 0x5c9120
MANUAL: __cxx_global_var_init.10665 @ 0x5c9170
MANUAL: __cxx_global_var_init.1.10666 @ 0x5c91d0
MANUAL: __cxx_global_var_init.10640 @ 0x5c9220
MANUAL: __cxx_global_var_init.1.10641 @ 0x5c9280
MANUAL: __cxx_global_var_init.2.10642 @ 0x5c92d0
MANUAL: __cxx_global_var_init.10630 @ 0x5c9320
MANUAL: __cxx_global_var_init.1.10631 @ 0x5c9380
MANUAL: __cxx_global_var_init.10588 @ 0x5c93d0
MANUAL: __cxx_global_var_init.1.10589 @ 0x5c9430
MANUAL: __cxx_global_var_init.9.10590 @ 0x5c9480
MANUAL: __cxx_global_var_init.10562 @ 0x5c94d0
MANUAL: __cxx_global_var_init.1.10563 @ 0x5c9530
MANUAL: __cxx_global_var_init.10553 @ 0x5c9580
MANUAL: __cxx_global_var_init.1.10554 @ 0x5c95e0
MANUAL: __cxx_global_var_init.10538 @ 0x5c9630
MANUAL: __cxx_global_var_init.1.10539 @ 0x5c9690
MANUAL: __cxx_global_var_init.10531 @ 0x5c96e0
MANUAL: __cxx_global_var_init.1.10532 @ 0x5c9740
MANUAL: __cxx_global_var_init.10518 @ 0x5c9790
MANUAL: __cxx_global_var_init.1.10519 @ 0x5c97f0
MANUAL: __cxx_global_var_init.10508 @ 0x5c9840
MANUAL: __cxx_global_var_init.1.10509 @ 0x5c98a0
MANUAL: __cxx_global_var_init.10498 @ 0x5c98f0
MANUAL: __cxx_global_var_init.1.10499 @ 0x5c9950
MANUAL: __cxx_global_var_init.10492 @ 0x5c99a0
MANUAL: __cxx_global_var_init.1.10493 @ 0x5c9a00
MANUAL: __cxx_global_var_init.10485 @ 0x5c9a50
MANUAL: __cxx_global_var_init.1.10486 @ 0x5c9ab0
MANUAL: __cxx_global_var_init.10476 @ 0x5c9b00
MANUAL: __cxx_global_var_init.1.10477 @ 0x5c9b60
MANUAL: __cxx_global_var_init.10469 @ 0x5c9bb0
MANUAL: __cxx_global_var_init.1.10470 @ 0x5c9c10
MANUAL: __cxx_global_var_init.10462 @ 0x5c9c60
MANUAL: __cxx_global_var_init.1.10463 @ 0x5c9cc0
MANUAL: __cxx_global_var_init.10429 @ 0x5c9d10
MANUAL: __cxx_global_var_init.1.10430 @ 0x5c9d70
MANUAL: __cxx_global_var_init.10406 @ 0x5c9dc0
MANUAL: __cxx_global_var_init.1.10407 @ 0x5c9e20
MANUAL: __cxx_global_var_init.10387 @ 0x5c9e70
MANUAL: __cxx_global_var_init.1.10388 @ 0x5c9ed0
MANUAL: __cxx_global_var_init.10314 @ 0x5c9f20
MANUAL: __cxx_global_var_init.1.10315 @ 0x5c9f80
MANUAL: __cxx_global_var_init.10266 @ 0x5c9fd0
MANUAL: __cxx_global_var_init.1.10267 @ 0x5ca030
MANUAL: __cxx_global_var_init.10229 @ 0x5ca080
MANUAL: __cxx_global_var_init.1.10230 @ 0x5ca0e0
MANUAL: __cxx_global_var_init.10208 @ 0x5ca130
MANUAL: __cxx_global_var_init.1.10209 @ 0x5ca190
MANUAL: __cxx_global_var_init.10200 @ 0x5ca1e0
MANUAL: __cxx_global_var_init.1.10201 @ 0x5ca240
MANUAL: __cxx_global_var_init.10186 @ 0x5ca290
MANUAL: __cxx_global_var_init.1.10187 @ 0x5ca2f0
MANUAL: __cxx_global_var_init.10127 @ 0x5ca340
MANUAL: __cxx_global_var_init.1.10128 @ 0x5ca3a0
MANUAL: __cxx_global_var_init.2.10129 @ 0x5ca3f0
MANUAL: __cxx_global_var_init.3.10130 @ 0x5ca430
MANUAL: __cxx_global_var_init.4.10131 @ 0x5ca4a0
MANUAL: __cxx_global_var_init.5.10132 @ 0x5ca4e0
MANUAL: __cxx_global_var_init.6.10133 @ 0x5ca520
MANUAL: _ZN21AP_Filesystem_MissionC2Ev @ 0xada900
MANUAL: _ZN21AP_Filesystem_BackendC2Ev @ 0xada970
MANUAL: _ZNK15ExpandingString10get_lengthEv @ 0xadadf0
MANUAL: _ZN15ExpandingStringC2Ev @ 0xadaee0
MANUAL: _ZN17AP_Filesystem_SysC2Ev @ 0xadb1e0
MANUAL: _ZN17AP_Filesystem_Sys4openEPKcib @ 0x6d7fd0
MANUAL: _ZN17AP_Filesystem_Sys13file_in_sysfsEPKc @ 0x6d8d40
MANUAL: _ZNK15ExpandingString21has_failed_allocationEv @ 0xadb250
MANUAL: _ZN19AP_Filesystem_ParamC2Ev @ 0xadb360
MANUAL: _ZN19AP_Filesystem_Param4openEPKcib @ 0x6d9510
MANUAL: _ZN19AP_Filesystem_Param5closeEi @ 0x6d99f0
MANUAL: _ZN19AP_Filesystem_Param4readEiPvj @ 0x6d9b60
MANUAL: _ZN19AP_Filesystem_Param5lseekEiii @ 0x6da550
MANUAL: _ZN19AP_Filesystem_Param4statEPKcP4stat @ 0x6da6a0
MANUAL: _ZN19AP_Filesystem_Param15check_file_nameEPKc @ 0x6da770
MANUAL: _ZN19AP_Filesystem_Param6headerC2Ev @ 0xadb3d0
MANUAL: _ZL3MINIjjEDTqultfp_fp0_fp_fp0_ERKT_RKT0_.10193 @ 0x6da820
MANUAL: _ZL3MINImjEDTqultfp_fp0_fp_fp0_ERKT_RKT0_.10194 @ 0x6da8a0
MANUAL: _ZL3MINIhjEDTqultfp_fp0_fp_fp0_ERKT_RKT0_.10195 @ 0x6daba0
MANUAL: _ZN19AP_Filesystem_Param10pack_paramERKNS_5rfileERNS_6cursorEPh @ 0x6dac20
MANUAL: _ZN8AP_Param16invalidate_countEv @ 0x6db1e0
MANUAL: _ZN8AP_Param9save_syncEbb @ 0x6db8c0
MANUAL: _ZN19AP_Filesystem_ROMFSC2Ev @ 0xadb480
MANUAL: _ZN19AP_Filesystem_ROMFS4statEPKcP4stat @ 0x6dc5d0
MANUAL: _ZN8AP_ROMFS9find_fileEPKc @ 0x6dd1e0
MANUAL: _ZN8AP_ROMFS9find_sizeEPKcRj @ 0x6de7b0
MANUAL: _ZN13AP_FilesystemC2Ev @ 0xadb560
MANUAL: __cxx_global_var_init.10114 @ 0x5ca560
MANUAL: __cxx_global_var_init.1.10115 @ 0x5ca5c0
MANUAL: __cxx_global_var_init.9975 @ 0x5ca610
MANUAL: __cxx_global_var_init.1.9976 @ 0x5ca670
MANUAL: __cxx_global_var_init.9726 @ 0x5ca6c0
MANUAL: __cxx_global_var_init.1.9727 @ 0x5ca720
MANUAL: __cxx_global_var_init.9691 @ 0x5ca770
MANUAL: __cxx_global_var_init.1.9692 @ 0x5ca7d0
MANUAL: __cxx_global_var_init.9680 @ 0x5ca820
MANUAL: __cxx_global_var_init.1.9681 @ 0x5ca880
MANUAL: __cxx_global_var_init.9658 @ 0x5ca8d0
MANUAL: __cxx_global_var_init.1.9659 @ 0x5ca930
MANUAL: __cxx_global_var_init.9608 @ 0x5ca980
MANUAL: __cxx_global_var_init.1.9609 @ 0x5ca9e0
MANUAL: __cxx_global_var_init.9591 @ 0x5caa30
MANUAL: __cxx_global_var_init.1.9592 @ 0x5caa90
MANUAL: __cxx_global_var_init.9566 @ 0x5caae0
MANUAL: __cxx_global_var_init.1.9567 @ 0x5cab40
MANUAL: __cxx_global_var_init.9533 @ 0x5cab90
MANUAL: __cxx_global_var_init.1.9534 @ 0x5cabf0
MANUAL: __cxx_global_var_init.9456 @ 0x5cac40
MANUAL: __cxx_global_var_init.1.9457 @ 0x5caca0
MANUAL: __cxx_global_var_init.2.9458 @ 0x5cacf0
MANUAL: _ZN13StorageAccessC2EN14StorageManager11StorageTypeE @ 0x6de8c0
MANUAL: __cxx_global_var_init.9390 @ 0x5cad30
MANUAL: __cxx_global_var_init.1.9391 @ 0x5cad90
MANUAL: __cxx_global_var_init.9362 @ 0x5cade0
MANUAL: __cxx_global_var_init.1.9363 @ 0x5cae40
MANUAL: __cxx_global_var_init.9333 @ 0x5cae90
MANUAL: __cxx_global_var_init.1.9334 @ 0x5caef0
MANUAL: __cxx_global_var_init.9323 @ 0x5caf40
MANUAL: __cxx_global_var_init.1.9324 @ 0x5cafa0
MANUAL: __cxx_global_var_init.9310 @ 0x5caff0
MANUAL: __cxx_global_var_init.1.9311 @ 0x5cb050
MANUAL: __cxx_global_var_init.9299 @ 0x5cb0a0
MANUAL: __cxx_global_var_init.1.9300 @ 0x5cb100
MANUAL: __cxx_global_var_init.9268 @ 0x5cb150
MANUAL: __cxx_global_var_init.1.9269 @ 0x5cb1b0
MANUAL: __cxx_global_var_init.9263 @ 0x5cb200
MANUAL: __cxx_global_var_init.1.9264 @ 0x5cb260
MANUAL: __cxx_global_var_init.9256 @ 0x5cb2b0
MANUAL: __cxx_global_var_init.1.9257 @ 0x5cb310
MANUAL: __cxx_global_var_init.9249 @ 0x5cb360
MANUAL: __cxx_global_var_init.1.9250 @ 0x5cb3c0
MANUAL: __cxx_global_var_init.9237 @ 0x5cb410
MANUAL: __cxx_global_var_init.1.9238 @ 0x5cb470
MANUAL: __cxx_global_var_init.9231 @ 0x5cb4c0
MANUAL: __cxx_global_var_init.1.9232 @ 0x5cb520
MANUAL: __cxx_global_var_init.9224 @ 0x5cb570
MANUAL: __cxx_global_var_init.1.9225 @ 0x5cb5d0
MANUAL: __cxx_global_var_init.9208 @ 0x5cb620
MANUAL: __cxx_global_var_init.1.9209 @ 0x5cb680
MANUAL: __cxx_global_var_init.9181 @ 0x5cb6d0
MANUAL: __cxx_global_var_init.1.9182 @ 0x5cb730
MANUAL: __cxx_global_var_init.9174 @ 0x5cb780
MANUAL: __cxx_global_var_init.1.9175 @ 0x5cb7e0
MANUAL: __cxx_global_var_init.9160 @ 0x5cb830
MANUAL: __cxx_global_var_init.1.9161 @ 0x5cb890
MANUAL: __cxx_global_var_init.9155 @ 0x5cb8e0
MANUAL: __cxx_global_var_init.1.9156 @ 0x5cb940
MANUAL: __cxx_global_var_init.9147 @ 0x5cb990
MANUAL: __cxx_global_var_init.1.9148 @ 0x5cb9f0
MANUAL: __cxx_global_var_init.9139 @ 0x5cba40
MANUAL: __cxx_global_var_init.1.9140 @ 0x5cbaa0
MANUAL: __cxx_global_var_init.9132 @ 0x5cbaf0
MANUAL: __cxx_global_var_init.1.9133 @ 0x5cbb50
MANUAL: __cxx_global_var_init.9094 @ 0x5cbba0
MANUAL: __cxx_global_var_init.1.9095 @ 0x5cbc00
MANUAL: __cxx_global_var_init.9085 @ 0x5cbc50
MANUAL: __cxx_global_var_init.1.9086 @ 0x5cbcb0
MANUAL: __cxx_global_var_init.9074 @ 0x5cbd00
MANUAL: __cxx_global_var_init.1.9075 @ 0x5cbd60
MANUAL: __cxx_global_var_init.9069 @ 0x5cbdb0
MANUAL: __cxx_global_var_init.1.9070 @ 0x5cbe10
MANUAL: __cxx_global_var_init.9040 @ 0x5cbe60
MANUAL: __cxx_global_var_init.1.9041 @ 0x5cbec0
MANUAL: __cxx_global_var_init.9002 @ 0x5cbf10
MANUAL: __cxx_global_var_init.1.9003 @ 0x5cbf70
MANUAL: __cxx_global_var_init.8988 @ 0x5cbfc0
MANUAL: __cxx_global_var_init.1.8989 @ 0x5cc020
MANUAL: __cxx_global_var_init.8983 @ 0x5cc070
MANUAL: __cxx_global_var_init.1.8984 @ 0x5cc0d0
MANUAL: __cxx_global_var_init.8962 @ 0x5cc120
MANUAL: __cxx_global_var_init.1.8963 @ 0x5cc180
MANUAL: __cxx_global_var_init.8934 @ 0x5cc1d0
MANUAL: __cxx_global_var_init.1.8935 @ 0x5cc230
MANUAL: __cxx_global_var_init.8917 @ 0x5cc280
MANUAL: __cxx_global_var_init.1.8918 @ 0x5cc2e0
MANUAL: __cxx_global_var_init.8903 @ 0x5cc330
MANUAL: __cxx_global_var_init.1.8904 @ 0x5cc390
MANUAL: __cxx_global_var_init.8891 @ 0x5cc3e0
MANUAL: __cxx_global_var_init.1.8892 @ 0x5cc440
MANUAL: __cxx_global_var_init.8884 @ 0x5cc490
MANUAL: __cxx_global_var_init.1.8885 @ 0x5cc4f0
MANUAL: __cxx_global_var_init.8875 @ 0x5cc540
MANUAL: __cxx_global_var_init.1.8876 @ 0x5cc5a0
MANUAL: __cxx_global_var_init.8863 @ 0x5cc5f0
MANUAL: __cxx_global_var_init.1.8864 @ 0x5cc650
MANUAL: __cxx_global_var_init.8825 @ 0x5cc6a0
MANUAL: __cxx_global_var_init.1.8826 @ 0x5cc700
MANUAL: __cxx_global_var_init.8802 @ 0x5cc750
MANUAL: __cxx_global_var_init.1.8803 @ 0x5cc7b0
MANUAL: __cxx_global_var_init.8777 @ 0x5cc800
MANUAL: __cxx_global_var_init.1.8778 @ 0x5cc860
MANUAL: __cxx_global_var_init.8761 @ 0x5cc8b0
MANUAL: __cxx_global_var_init.1.8762 @ 0x5cc910
MANUAL: __cxx_global_var_init.8744 @ 0x5cc960
MANUAL: __cxx_global_var_init.1.8745 @ 0x5cc9c0
MANUAL: __cxx_global_var_init.8715 @ 0x5cca10
MANUAL: __cxx_global_var_init.1.8716 @ 0x5cca70
MANUAL: __cxx_global_var_init.8698 @ 0x5ccac0
MANUAL: __cxx_global_var_init.1.8699 @ 0x5ccb20
MANUAL: __cxx_global_var_init.8691 @ 0x5ccb70
MANUAL: __cxx_global_var_init.1.8692 @ 0x5ccbd0
MANUAL: __cxx_global_var_init.8671 @ 0x5ccc20
MANUAL: __cxx_global_var_init.1.8672 @ 0x5ccc80
MANUAL: __cxx_global_var_init.8654 @ 0x5cccd0
MANUAL: __cxx_global_var_init.1.8655 @ 0x5ccd30
MANUAL: __cxx_global_var_init.8621 @ 0x5ccd80
MANUAL: __cxx_global_var_init.1.8622 @ 0x5ccde0
MANUAL: __cxx_global_var_init.8589 @ 0x5cce30
MANUAL: __cxx_global_var_init.1.8590 @ 0x5cce90
MANUAL: __cxx_global_var_init.8512 @ 0x5ccee0
MANUAL: __cxx_global_var_init.1.8513 @ 0x5ccf40
MANUAL: __cxx_global_var_init.8492 @ 0x5ccf90
MANUAL: __cxx_global_var_init.1.8493 @ 0x5ccff0
MANUAL: __cxx_global_var_init.8465 @ 0x5cd040
MANUAL: __cxx_global_var_init.1.8466 @ 0x5cd0a0
MANUAL: __cxx_global_var_init.8420 @ 0x5cd0f0
MANUAL: __cxx_global_var_init.1.8421 @ 0x5cd150
MANUAL: __cxx_global_var_init.52 @ 0x5cd1a0
MANUAL: __cxx_global_var_init.2.8422 @ 0x5cd1f0
MANUAL: __cxx_global_var_init.8390 @ 0x5cd260
MANUAL: __cxx_global_var_init.1.8391 @ 0x5cd2c0
MANUAL: __cxx_global_var_init.8370 @ 0x5cd310
MANUAL: __cxx_global_var_init.1.8371 @ 0x5cd370
MANUAL: __cxx_global_var_init.11 @ 0x5cd3c0
MANUAL: __cxx_global_var_init.8313 @ 0x5cd410
MANUAL: __cxx_global_var_init.1.8314 @ 0x5cd470
MANUAL: __cxx_global_var_init.43.8315 @ 0x5cd4c0
MANUAL: __cxx_global_var_init.8263 @ 0x5cd510
MANUAL: __cxx_global_var_init.1.8264 @ 0x5cd570
MANUAL: __cxx_global_var_init.8257 @ 0x5cd5c0
MANUAL: __cxx_global_var_init.1.8258 @ 0x5cd620
MANUAL: __cxx_global_var_init.23 @ 0x5cd670
MANUAL: __cxx_global_var_init.8220 @ 0x5cd6c0
MANUAL: __cxx_global_var_init.1.8221 @ 0x5cd720
MANUAL: __cxx_global_var_init.8211 @ 0x5cd770
MANUAL: __cxx_global_var_init.1.8212 @ 0x5cd7d0
MANUAL: __cxx_global_var_init.8203 @ 0x5cd820
MANUAL: __cxx_global_var_init.1.8204 @ 0x5cd880
MANUAL: __cxx_global_var_init.8191 @ 0x5cd8d0
MANUAL: __cxx_global_var_init.1.8192 @ 0x5cd930
MANUAL: __cxx_global_var_init.8179 @ 0x5cd980
MANUAL: __cxx_global_var_init.1.8180 @ 0x5cd9e0
MANUAL: __cxx_global_var_init.8155 @ 0x5cda30
MANUAL: __cxx_global_var_init.1.8156 @ 0x5cda90
MANUAL: __cxx_global_var_init.8146 @ 0x5cdae0
MANUAL: __cxx_global_var_init.1.8147 @ 0x5cdb40
MANUAL: __cxx_global_var_init.8139 @ 0x5cdb90
MANUAL: __cxx_global_var_init.1.8140 @ 0x5cdbf0
MANUAL: __cxx_global_var_init.8076 @ 0x5cdc40
MANUAL: __cxx_global_var_init.1.8077 @ 0x5cdca0
MANUAL: __cxx_global_var_init.7.8078 @ 0x5cdcf0
MANUAL: __cxx_global_var_init.8054 @ 0x5cdd40
MANUAL: __cxx_global_var_init.1.8055 @ 0x5cdda0
MANUAL: __cxx_global_var_init.7957 @ 0x5cddf0
MANUAL: __cxx_global_var_init.1.7958 @ 0x5cde50
MANUAL: __cxx_global_var_init.7931 @ 0x5cdea0
MANUAL: __cxx_global_var_init.1.7932 @ 0x5cdf00
MANUAL: __cxx_global_var_init.7914 @ 0x5cdf50
MANUAL: __cxx_global_var_init.1.7915 @ 0x5cdfb0
MANUAL: __cxx_global_var_init.7909 @ 0x5ce000
MANUAL: __cxx_global_var_init.1.7910 @ 0x5ce060
MANUAL: __cxx_global_var_init.7901 @ 0x5ce0b0
MANUAL: __cxx_global_var_init.1.7902 @ 0x5ce110
MANUAL: __cxx_global_var_init.7894 @ 0x5ce160
MANUAL: __cxx_global_var_init.1.7895 @ 0x5ce1c0
MANUAL: __cxx_global_var_init.7887 @ 0x5ce210
MANUAL: __cxx_global_var_init.1.7888 @ 0x5ce270
MANUAL: __cxx_global_var_init.7880 @ 0x5ce2c0
MANUAL: __cxx_global_var_init.1.7881 @ 0x5ce320
MANUAL: __cxx_global_var_init.7870 @ 0x5ce370
MANUAL: __cxx_global_var_init.1.7871 @ 0x5ce3d0
MANUAL: __cxx_global_var_init.2.7872 @ 0x5ce420
MANUAL: __cxx_global_var_init.7861 @ 0x5ce490
MANUAL: __cxx_global_var_init.1.7862 @ 0x5ce4f0
MANUAL: __cxx_global_var_init.7854 @ 0x5ce540
MANUAL: __cxx_global_var_init.1.7855 @ 0x5ce5a0
MANUAL: __cxx_global_var_init.7821 @ 0x5ce5f0
MANUAL: __cxx_global_var_init.1.7822 @ 0x5ce650
MANUAL: __cxx_global_var_init.7798 @ 0x5ce6a0
MANUAL: __cxx_global_var_init.1.7799 @ 0x5ce700
MANUAL: __cxx_global_var_init.7754 @ 0x5ce750
MANUAL: __cxx_global_var_init.1.7755 @ 0x5ce7b0
MANUAL: __cxx_global_var_init.7728 @ 0x5ce800
MANUAL: __cxx_global_var_init.1.7729 @ 0x5ce860
MANUAL: __cxx_global_var_init.2.7730 @ 0x5ce8b0
MANUAL: _ZN7BitmaskILt190EEC2Ev @ 0xadb5b0
MANUAL: __cxx_global_var_init.7602 @ 0x5ce8f0
MANUAL: __cxx_global_var_init.1.7603 @ 0x5ce950
MANUAL: __cxx_global_var_init.7595 @ 0x5ce9a0
MANUAL: __cxx_global_var_init.1.7596 @ 0x5cea00
MANUAL: __cxx_global_var_init.7525 @ 0x5cea50
MANUAL: __cxx_global_var_init.1.7526 @ 0x5ceab0
MANUAL: __cxx_global_var_init.7399 @ 0x5ceb00
MANUAL: __cxx_global_var_init.1.7400 @ 0x5ceb60
MANUAL: __cxx_global_var_init.2.7401 @ 0x5cebb0
MANUAL: _ZN10RC_ChannelC2Ev @ 0x6de9a0
MANUAL: _ZN10RC_ChannelUt_C2Ev @ 0xadb600
MANUAL: _ZN10RC_Channel17init_aux_functionENS_8AUX_FUNCENS_12AuxSwitchPosE @ 0x6dea90
MANUAL: _ZN9AP_Camera13get_singletonEv @ 0xadb900
MANUAL: _ZNK7NavEKF317option_is_enabledENS_6OptionE @ 0xadbb40
MANUAL: _ZNK6AP_DAL6millisEv @ 0xadbbc0
MANUAL: _ZN7Vector2IdEC2Ev @ 0xadbcd0
MANUAL: _ZNK12NavEKF3_core8getPosNEER7Vector2IdE @ 0x6e23c0
MANUAL: _ZNK7Vector3IdE2xyEv @ 0xadbdc0
MANUAL: _ZNK7Vector2IdE8todoubleEv @ 0xadbe10
MANUAL: _ZNK7Vector2IdEplERKS0_ @ 0xadbe70
MANUAL: _ZNK8Location23get_distance_NE_postypeERKS_ @ 0x6e2660
MANUAL: _ZNK10AP_DAL_GPS6statusEh @ 0xadbf00
MANUAL: _ZNK12NavEKF3_core14getEulerAnglesER7Vector3IfE @ 0x6e27c0
MANUAL: _ZNK11QuaternionTIdE8to_eulerER7Vector3IfE @ 0xadbf70
MANUAL: _ZNK6AP_DAL8get_trimEv @ 0xadbff0
MANUAL: _ZNK11QuaternionTIdE8to_eulerERfS1_S1_ @ 0xadc050
MANUAL: _ZNK11QuaternionTIdE14get_euler_rollEv @ 0xadc110
MANUAL: _ZNK11QuaternionTIdE15get_euler_pitchEv @ 0xadc1c0
MANUAL: _ZNK11QuaternionTIdE13get_euler_yawEv @ 0xadc240
MANUAL: _Z9safe_asinIdEfT_ @ 0xadc2f0
MANUAL: _ZNK12NavEKF3_core20assume_zero_sideslipEv @ 0x6e2920
MANUAL: _ZN6AP_DAL8airspeedEv @ 0xadc3d0
MANUAL: _ZNK6AP_DAL15get_fly_forwardEv @ 0xadc470
MANUAL: _ZNK6AP_DAL17get_vehicle_classEv @ 0xadc4e0
MANUAL: _ZNK12NavEKF2_core10errorScoreEv @ 0x6e2b10
MANUAL: _ZNK10AP_DAL_GPS14primary_sensorEv @ 0xadc530
MANUAL: _ZN19RestrictIDTypeArrayIP17CompassCalibratorLj3E14typesafe_indexIh12TAG_PriorityEEixERKS4_ @ 0xadc640
MANUAL: _ZNK7Compass10option_setENS_6OptionE @ 0xadc6c0
MANUAL: _ZN2AP6cameraEv @ 0x6ebbd0
MANUAL: _ZNK6AP_GPS15time_epoch_usecEv @ 0xadcf50
MANUAL: _ZNK9AP_Logger10should_logEj @ 0x6eca50
MANUAL: _ZNK6AP_GPS15time_epoch_usecEh @ 0x6ed2f0
MANUAL: _ZNK14AP_GPS_Backend16get_last_itow_msEv @ 0x6ed460
MANUAL: _ZN6AP_GPS23istate_time_to_epoch_msEtj @ 0x6ed520
MANUAL: _ZNK11SRV_Channel13get_limit_pwmENS_5LimitE @ 0x6edcd0
MANUAL: _ZN10RC_Channel12set_radio_inEs @ 0xadd570
MANUAL: _ZN7AP_ADSB13check_startupEv @ 0x6ef090
MANUAL: _ZNK7Vector2IfE6is_nanEv @ 0xade070
MANUAL: _ZN13AP_ParamTBaseIiL11ap_var_type3EE14set_and_notifyERKi @ 0xade180
MANUAL: _ZN8AP_Relay19set_pin_by_instanceEhb @ 0x6fb120
MANUAL: _ZNK8AP_Relay7get_pinEs @ 0x6fb2f0
MANUAL: _ZN11RC_Channels15clear_overridesEv @ 0x6fbad0
MANUAL: _ZN10RC_Channel14clear_overrideEv @ 0x6fbb50
MANUAL: _ZN2AP7gripperEv @ 0x6fbbb0
MANUAL: _ZNK10AP_Gripper7enabledEv @ 0xadebc0
MANUAL: _ZN10AP_Gripper13get_singletonEv @ 0x6fbcf0
MANUAL: __cxx_global_var_init.7388 @ 0x5cebf0
MANUAL: __cxx_global_var_init.1.7389 @ 0x5cec50
MANUAL: __cxx_global_var_init.7357 @ 0x5ceca0
MANUAL: __cxx_global_var_init.1.7358 @ 0x5ced00
MANUAL: __cxx_global_var_init.7322 @ 0x5ced50
MANUAL: __cxx_global_var_init.1.7323 @ 0x5cedb0
MANUAL: __cxx_global_var_init.2.7324 @ 0x5cee00
MANUAL: _ZN11GCS_MAVLINK15LastRadioStatusC2Ev @ 0xadeed0
MANUAL: __cxx_global_var_init.7155 @ 0x5cee40
MANUAL: __cxx_global_var_init.1.7156 @ 0x5ceea0
MANUAL: __cxx_global_var_init.7125 @ 0x5ceef0
MANUAL: __cxx_global_var_init.1.7126 @ 0x5cef50
MANUAL: __cxx_global_var_init.7115 @ 0x5cefa0
MANUAL: __cxx_global_var_init.1.7116 @ 0x5cf000
MANUAL: __cxx_global_var_init.2.7117 @ 0x5cf050
MANUAL: __cxx_global_var_init.7103 @ 0x5cf090
MANUAL: __cxx_global_var_init.1.7104 @ 0x5cf0f0
MANUAL: __cxx_global_var_init.2.7105 @ 0x5cf140
MANUAL: __cxx_global_var_init.3.7106 @ 0x5cf1c0
MANUAL: _ZN12ObjectBufferIN11GCS_MAVLINK19pending_param_replyEEC2Ej @ 0xadef20
MANUAL: _ZN12ObjectBufferIN11GCS_MAVLINK21pending_param_requestEEC2Ej @ 0xadf070
MANUAL: __cxx_global_var_init.7086 @ 0x5cf240
MANUAL: __cxx_global_var_init.1.7087 @ 0x5cf2a0
MANUAL: __cxx_global_var_init.2.7088 @ 0x5cf2f0
MANUAL: __cxx_global_var_init.3.7089 @ 0x5cf390
MANUAL: _ZN15MAVLink_routingC2Ev @ 0x6fbfe0
MANUAL: __cxx_global_var_init.7045 @ 0x5cf460
MANUAL: __cxx_global_var_init.1.7046 @ 0x5cf4c0
MANUAL: __cxx_global_var_init.7022 @ 0x5cf510
MANUAL: __cxx_global_var_init.1.7023 @ 0x5cf570
MANUAL: __cxx_global_var_init.2.7024 @ 0x5cf5c0
MANUAL: __cxx_global_var_init.7014 @ 0x5cf610
MANUAL: __cxx_global_var_init.1.7015 @ 0x5cf670
MANUAL: __cxx_global_var_init.6987 @ 0x5cf6c0
MANUAL: __cxx_global_var_init.1.6988 @ 0x5cf720
MANUAL: __cxx_global_var_init.6976 @ 0x5cf770
MANUAL: __cxx_global_var_init.1.6977 @ 0x5cf7d0
MANUAL: __cxx_global_var_init.6969 @ 0x5cf820
MANUAL: __cxx_global_var_init.1.6970 @ 0x5cf880
MANUAL: __cxx_global_var_init.6956 @ 0x5cf8d0
MANUAL: __cxx_global_var_init.1.6957 @ 0x5cf930
MANUAL: __cxx_global_var_init.6940 @ 0x5cf980
MANUAL: __cxx_global_var_init.1.6941 @ 0x5cf9e0
MANUAL: __cxx_global_var_init.6916 @ 0x5cfa30
MANUAL: __cxx_global_var_init.1.6917 @ 0x5cfa90
MANUAL: __cxx_global_var_init.9 @ 0x5cfae0
MANUAL: __cxx_global_var_init.6890 @ 0x5cfb30
MANUAL: __cxx_global_var_init.1.6891 @ 0x5cfb90
MANUAL: __cxx_global_var_init.6844 @ 0x5cfbe0
MANUAL: __cxx_global_var_init.1.6845 @ 0x5cfc40
MANUAL: __cxx_global_var_init.6696 @ 0x5cfc90
MANUAL: __cxx_global_var_init.1.6697 @ 0x5cfcf0
MANUAL: __cxx_global_var_init.111 @ 0x5cfd40
MANUAL: __cxx_global_var_init.6661 @ 0x5cfd90
MANUAL: __cxx_global_var_init.1.6662 @ 0x5cfdf0
MANUAL: __cxx_global_var_init.6580 @ 0x5cfe40
MANUAL: __cxx_global_var_init.1.6581 @ 0x5cfea0
MANUAL: __cxx_global_var_init.32 @ 0x5cfef0
MANUAL: _ZN7FunctorIvJEE4bindI10AP_GyroFFTXadL_ZNS2_12sample_gyrosEvEEEES0_PT_ @ 0xadf1c0
MANUAL: _ZN7FunctorIvJEE4bindI11AP_AirspeedXadL_ZNS2_6updateEvEEEES0_PT_ @ 0xadf220
MANUAL: _ZN7FunctorIvJEE4bindI7CompassXadL_ZNS2_10cal_updateEvEEEES0_PT_ @ 0xadf280
MANUAL: _ZN7FunctorIvJEE4bindI9AP_NotifyXadL_ZNS2_6updateEvEEEES0_PT_ @ 0xadf2e0
MANUAL: _ZN7FunctorIvJEE4bindI14AP_NMEA_OutputXadL_ZNS2_6updateEvEEEES0_PT_ @ 0xadf340
MANUAL: _ZN7FunctorIvJEE4bindI10AP_GyroFFTXadL_ZNS2_6updateEvEEEES0_PT_ @ 0xadf3a0
MANUAL: _ZN7FunctorIvJEE4bindI10AP_GyroFFTXadL_ZNS2_17update_parametersEvEEEES0_PT_ @ 0xadf400
MANUAL: _ZN7FunctorIvJEE4bindI10AP_VehicleXadL_ZNS2_38update_dynamic_notch_at_specified_rateEvEEEES0_PT_ @ 0xadf460
MANUAL: _ZN7FunctorIvJEE4bindI10AP_VideoTXXadL_ZNS2_6updateEvEEEES0_PT_ @ 0xadf4c0
MANUAL: _ZN7FunctorIvJEE4bindI8AP_TrampXadL_ZNS2_6updateEvEEEES0_PT_ @ 0xadf520
MANUAL: _ZN7FunctorIvJEE4bindI10AP_VehicleXadL_ZNS2_30send_watchdog_reset_statustextEvEEEES0_PT_ @ 0xadf580
MANUAL: _ZN7FunctorIvJEE4bindI12AP_ESC_TelemXadL_ZNS2_6updateEvEEEES0_PT_ @ 0xadf5e0
MANUAL: _ZN7FunctorIvJEE4bindI14AP_Servo_TelemXadL_ZNS2_6updateEvEEEES0_PT_ @ 0xadf640
MANUAL: _ZN7FunctorIvJEE4bindI12AP_GeneratorXadL_ZNS2_6updateEvEEEES0_PT_ @ 0xadf6a0
MANUAL: _ZN7FunctorIvJEE4bindI14AP_OpenDroneIDXadL_ZNS2_6updateEvEEEES0_PT_ @ 0xadf700
MANUAL: _ZN7FunctorIvJEE4bindI6AP_RPMXadL_ZNS2_6updateEvEEEES0_PT_ @ 0xadf760
MANUAL: _ZN7FunctorIvJEE4bindI10AP_VehicleXadL_ZNS2_16publish_osd_infoEvEEEES0_PT_ @ 0xadf7c0
MANUAL: _ZN7FunctorIvJEE4bindI20AP_TemperatureSensorXadL_ZNS2_6updateEvEEEES0_PT_ @ 0xadf820
MANUAL: _ZN7FunctorIvJEE4bindI10AP_VehicleXadL_ZNS2_16accel_cal_updateEvEEEES0_PT_ @ 0xadf880
MANUAL: _ZN7FunctorIvJEE4bindI8AC_FenceXadL_ZNS2_6updateEvEEEES0_PT_ @ 0xadf8e0
MANUAL: _ZN7FunctorIvJEE4bindI6AP_AISXadL_ZNS2_6updateEvEEEES0_PT_ @ 0xadf940
MANUAL: _ZN7FunctorIvJEE4bindI6AP_EFIXadL_ZNS2_6updateEvEEEES0_PT_ @ 0xadf9a0
MANUAL: _ZN7FunctorIvJEE4bindI10AP_GripperXadL_ZNS2_6updateEvEEEES0_PT_ @ 0xadfa00
MANUAL: _ZN7FunctorIvJEE4bindI10AP_VehicleXadL_ZNS2_13one_Hz_updateEvEEEES0_PT_ @ 0xadfa60
MANUAL: _ZN7FunctorIvJEE4bindI10AP_VehicleXadL_ZNS2_17check_motor_noiseEvEEEES0_PT_ @ 0xadfac0
MANUAL: _ZN7FunctorIvJEE4bindI10AP_FiltersXadL_ZNS2_6updateEvEEEES0_PT_ @ 0xadfb20
MANUAL: _ZN7FunctorIvJEE4bindI8AP_StatsXadL_ZNS2_6updateEvEEEES0_PT_ @ 0xadfb80
MANUAL: _ZN7FunctorIvJEE4bindI10AP_VehicleXadL_ZNS2_13update_armingEvEEEES0_PT_ @ 0xadfbe0
MANUAL: _ZN10AP_Vehicle13update_armingEv @ 0x6fc030
MANUAL: _ZN7FunctorIvJEE14method_wrapperI10AP_VehicleXadL_ZNS2_13update_armingEvEEEEvPv @ 0xadfc40
MANUAL: _ZN9AP_Arming6updateEv @ 0x6fc080
MANUAL: _ZN8AP_Stats6updateEv @ 0x6fc170
MANUAL: _ZN7FunctorIvJEE14method_wrapperI8AP_StatsXadL_ZNS2_6updateEvEEEEvPv @ 0xadfcf0
MANUAL: _ZN8AP_Stats17update_flighttimeEv @ 0x6fc320
MANUAL: _ZN8AP_Stats14update_runtimeEv @ 0x6fc3f0
MANUAL: _ZN8AP_Stats5flushEv @ 0x6fc490
MANUAL: _ZN13AP_ParamTBaseIiL11ap_var_type3EE22set_and_save_ifchangedERKi @ 0xadfda0
MANUAL: _ZN8AP_Stats30copy_variables_from_parametersEv @ 0x6fc550
MANUAL: _ZN10AP_Filters6updateEv @ 0x6fc610
MANUAL: _ZN7FunctorIvJEE14method_wrapperI10AP_FiltersXadL_ZNS2_6updateEvEEEEvPv @ 0xadfe30
MANUAL: _ZNK7AP_EnumIN9AP_Filter10FilterTypeEEcvKS1_Ev @ 0xadfee0
MANUAL: _ZN8AP_Param23load_object_from_eepromEPKvPKNS_9GroupInfoE @ 0x6fc7b0
MANUAL: _ZN8AP_Param19find_key_by_pointerEPKvRt @ 0x6fcaa0
MANUAL: _ZN8AP_Param14find_by_headerENS_12Param_headerEPPv @ 0x6fcbf0
MANUAL: _ZN8AP_Param20reload_defaults_fileEb @ 0x6fcd90
MANUAL: _ZN8AP_Param34load_defaults_file_from_filesystemEPKcb @ 0x6fce20
MANUAL: _ZN8AP_Param20find_by_header_groupENS_12Param_headerEPPvtPKNS_9GroupInfoEjhl @ 0x6fcec0
MANUAL: _ZN8AP_Param25find_key_by_pointer_groupEPKvtPKNS_9GroupInfoElRt @ 0x6fd1a0
MANUAL: _ZN10AP_Vehicle17check_motor_noiseEv @ 0x6fd750
MANUAL: _ZN7FunctorIvJEE14method_wrapperI10AP_VehicleXadL_ZNS2_17check_motor_noiseEvEEEEvPv @ 0xae06e0
MANUAL: _ZNK17NotchFilterParams7enabledEv @ 0xae09c0
MANUAL: _ZN10AP_Vehicle13one_Hz_updateEv @ 0x6fde30
MANUAL: _ZN7FunctorIvJEE14method_wrapperI10AP_VehicleXadL_ZNS2_13one_Hz_updateEvEEEEvPv @ 0xae0a10
MANUAL: _ZN12AP_Scripting6updateEv @ 0x6fdf10
MANUAL: _ZN16AP_SerialManager20registered_ports_logEv @ 0x6fdf60
MANUAL: _ZN12AP_Scripting13save_checksumEv @ 0x6fe040
MANUAL: _ZN10AP_Gripper6updateEv @ 0x6fe140
MANUAL: _ZN7FunctorIvJEE14method_wrapperI10AP_GripperXadL_ZNS2_6updateEvEEEEvPv @ 0xae0b50
MANUAL: _ZN6AP_EFI6updateEv @ 0x6fe2b0
MANUAL: _ZN7FunctorIvJEE14method_wrapperI6AP_EFIXadL_ZNS2_6updateEvEEEEvPv @ 0xae0c00
MANUAL: _ZN6AP_AIS6updateEv @ 0x6fe730
MANUAL: _ZN7FunctorIvJEE14method_wrapperI6AP_AISXadL_ZNS2_6updateEvEEEEvPv @ 0xae0cb0
MANUAL: _ZN8AC_Fence6updateEv @ 0x6fe780
MANUAL: _ZN7FunctorIvJEE14method_wrapperI8AC_FenceXadL_ZNS2_6updateEvEEEEvPv @ 0xae0d60
MANUAL: _ZN19AC_PolyFence_loader6updateEv @ 0x6fe8b0
MANUAL: _ZN19AC_PolyFence_loader17load_from_storageEv @ 0x6fe9a0
MANUAL: _ZN19AC_PolyFence_loader26get_loaded_fence_semaphoreEv @ 0xae0e10
MANUAL: _ZN19AC_PolyFence_loader6unloadEv @ 0x6ff950
MANUAL: _ZN10AP_Vehicle16accel_cal_updateEv @ 0x6ffe00
MANUAL: _ZN7FunctorIvJEE14method_wrapperI10AP_VehicleXadL_ZNS2_16accel_cal_updateEvEEEEvPv @ 0xae0f40
MANUAL: _ZN17AP_InertialSensor11acal_updateEv @ 0x6ffed0
MANUAL: _ZN17AP_InertialSensor12get_new_trimER7Vector3IfE @ 0x6fffa0
MANUAL: _ZN20AP_TemperatureSensor6updateEv @ 0x7015a0
MANUAL: _ZN7FunctorIvJEE14method_wrapperI20AP_TemperatureSensorXadL_ZNS2_6updateEvEEEEvPv @ 0xae1040
MANUAL: _ZNK20AP_TemperatureSensor8get_typeEh @ 0x701700
MANUAL: _ZN10AP_Vehicle16publish_osd_infoEv @ 0x701860
MANUAL: _ZN7FunctorIvJEE14method_wrapperI10AP_VehicleXadL_ZNS2_16publish_osd_infoEvEEEEvPv @ 0xae1190
MANUAL: _ZN6AP_RPM6updateEv @ 0x7019f0
MANUAL: _ZN7FunctorIvJEE14method_wrapperI6AP_RPMXadL_ZNS2_6updateEvEEEEvPv @ 0xae1240
MANUAL: _ZNK6AP_RPM7Log_RPMEv @ 0x701bd0
MANUAL: _ZNK6AP_RPM7enabledEh @ 0x701cf0
MANUAL: _ZN14AP_OpenDroneID6updateEv @ 0x701da0
MANUAL: _ZN7FunctorIvJEE14method_wrapperI14AP_OpenDroneIDXadL_ZNS2_6updateEvEEEEvPv @ 0xae1360
MANUAL: _ZNK6AP_GPS8velocityEv @ 0xae2c00
MANUAL: _ZNK7AP_AHRS18groundspeed_vectorEv @ 0xae2c60
MANUAL: _ZNK6AP_GPS19horizontal_accuracyERf @ 0xae2d40
MANUAL: _ZNK6AP_GPS17vertical_accuracyERf @ 0xae2dc0
MANUAL: _ZNK6AP_GPS14speed_accuracyERf @ 0xae2e40
MANUAL: _ZNK6AP_GPS14speed_accuracyEhRf @ 0x706a10
MANUAL: _ZNK6AP_GPS17vertical_accuracyEhRf @ 0x706ae0
MANUAL: _ZNK6AP_GPS19horizontal_accuracyEhRf @ 0x706bb0
MANUAL: _ZNK6AP_GPS14get_undulationEhRf @ 0x706c80
MANUAL: _ZNK6AP_GPS8velocityEh @ 0xae2ec0
MANUAL: _ZNK3GCS14sysid_this_mavEv @ 0xae2f30
MANUAL: _ZN12AP_Generator6updateEv @ 0x706d50
MANUAL: _ZN7FunctorIvJEE14method_wrapperI12AP_GeneratorXadL_ZNS2_6updateEvEEEEvPv @ 0xae2f90
MANUAL: _ZN14AP_Servo_Telem6updateEv @ 0x706dc0
MANUAL: _ZN7FunctorIvJEE14method_wrapperI14AP_Servo_TelemXadL_ZNS2_6updateEvEEEEvPv @ 0xae3040
MANUAL: _ZN14AP_Servo_Telem9write_logEv @ 0x706e10
MANUAL: _ZN12AP_ESC_Telem6updateEv @ 0x7072c0
MANUAL: _ZN7FunctorIvJEE14method_wrapperI12AP_ESC_TelemXadL_ZNS2_6updateEvEEEEvPv @ 0xae30f0
MANUAL: _ZN6AP_HAL15timeout_expiredIjjmEEbT_T0_T1_ @ 0xae31a0
MANUAL: _ZN10AP_Vehicle30send_watchdog_reset_statustextEv @ 0x7077d0
MANUAL: _ZN7FunctorIvJEE14method_wrapperI10AP_VehicleXadL_ZNS2_30send_watchdog_reset_statustextEvEEEEvPv @ 0xae3220
MANUAL: _ZN8AP_Tramp6updateEv @ 0x707930
MANUAL: _ZN7FunctorIvJEE14method_wrapperI8AP_TrampXadL_ZNS2_6updateEvEEEEvPv @ 0xae32d0
MANUAL: _ZN10AP_VideoTX6updateEv @ 0x708910
MANUAL: _ZN7FunctorIvJEE14method_wrapperI10AP_VideoTXXadL_ZNS2_6updateEvEEEEvPv @ 0xae3500
MANUAL: _ZN10AP_Vehicle38update_dynamic_notch_at_specified_rateEv @ 0x708b40
MANUAL: _ZN7FunctorIvJEE14method_wrapperI10AP_VehicleXadL_ZNS2_38update_dynamic_notch_at_specified_rateEvEEEEvPv @ 0xae35b0
MANUAL: _ZNK25HarmonicNotchFilterParams9hasOptionENS_7OptionsE @ 0xae3660
MANUAL: _ZN10AP_Vehicle20update_dynamic_notchERN17AP_InertialSensor13HarmonicNotchE @ 0x708c90
MANUAL: _ZN10AP_GyroFFT17update_parametersEv @ 0xae3a10
MANUAL: _ZN7FunctorIvJEE14method_wrapperI10AP_GyroFFTXadL_ZNS2_17update_parametersEvEEEEvPv @ 0xae3a60
MANUAL: _ZN10AP_GyroFFT17update_parametersEb @ 0x709ef0
MANUAL: _ZN10AP_GyroFFT6updateEv @ 0x70a290
MANUAL: _ZN7FunctorIvJEE14method_wrapperI10AP_GyroFFTXadL_ZNS2_6updateEvEEEEvPv @ 0xae3b10
MANUAL: _ZN14AP_NMEA_Output6updateEv @ 0x70a420
MANUAL: _ZN7FunctorIvJEE14method_wrapperI14AP_NMEA_OutputXadL_ZNS2_6updateEvEEEEvPv @ 0xae3bc0
MANUAL: _ZN7FunctorIvJEE14method_wrapperI9AP_NotifyXadL_ZNS2_6updateEvEEEEvPv @ 0xae3c70
MANUAL: _ZN7Compass10cal_updateEv @ 0x70b490
MANUAL: _ZN7FunctorIvJEE14method_wrapperI7CompassXadL_ZNS2_10cal_updateEvEEEEvPv @ 0xae3d20
MANUAL: _ZN11AP_Airspeed6updateEv @ 0x70bfe0
MANUAL: _ZN7FunctorIvJEE14method_wrapperI11AP_AirspeedXadL_ZNS2_6updateEvEEEEvPv @ 0xae3e30
MANUAL: _ZN11AP_Airspeed4readEh @ 0x70c1d0
MANUAL: _ZN11AP_Airspeed21check_sensor_failuresEv @ 0x70c9f0
MANUAL: _ZNK11AP_Airspeed25get_differential_pressureEh @ 0x70cdf0
MANUAL: _ZNK11AP_Airspeed10get_offsetEh @ 0x70cf30
MANUAL: _ZNK11AP_Airspeed11get_primaryEv @ 0xae3fc0
MANUAL: _ZN11AP_Airspeed35check_sensor_ahrs_wind_max_failuresEh @ 0x70cff0
MANUAL: _ZNK7AP_AHRS20airspeed_health_dataERfS0_Rj @ 0x70d910
MANUAL: _ZL3MAXI9AP_ParamTIfL11ap_var_type4EEfEDTqugtfp_fp0_fp_fp0_ERKT_RKT0_.19060 @ 0x70da00
MANUAL: _ZNK7NavEKF319getAirSpdHealthDataERfS0_Rj @ 0x70da90
MANUAL: _ZNK12NavEKF3_core19getAirSpdHealthDataERfS0_Rj @ 0x70db60
MANUAL: _ZN11AP_Airspeed18update_calibrationEhf @ 0x70dcd0
MANUAL: _ZL2sqf.2664 @ 0x70e240
MANUAL: _ZN10AP_GyroFFT12sample_gyrosEv @ 0x70e290
MANUAL: _ZN7FunctorIvJEE14method_wrapperI10AP_GyroFFTXadL_ZNS2_12sample_gyrosEvEEEEvPv @ 0xae4010
MANUAL: __cxx_global_var_init.6523 @ 0x5d08d0
MANUAL: __cxx_global_var_init.1.6524 @ 0x5d0930
MANUAL: __cxx_global_var_init.6492 @ 0x5d0980
MANUAL: __cxx_global_var_init.1.6493 @ 0x5d09e0
MANUAL: __cxx_global_var_init.6470 @ 0x5d0a30
MANUAL: __cxx_global_var_init.1.6471 @ 0x5d0a90
MANUAL: __cxx_global_var_init.6460 @ 0x5d0ae0
MANUAL: __cxx_global_var_init.1.6461 @ 0x5d0b40
MANUAL: __cxx_global_var_init.6449 @ 0x5d0b90
MANUAL: __cxx_global_var_init.1.6450 @ 0x5d0bf0
MANUAL: __cxx_global_var_init.6430 @ 0x5d0c40
MANUAL: __cxx_global_var_init.1.6431 @ 0x5d0ca0
MANUAL: __cxx_global_var_init.6383 @ 0x5d0cf0
MANUAL: __cxx_global_var_init.1.6384 @ 0x5d0d50
MANUAL: __cxx_global_var_init.6364 @ 0x5d0da0
MANUAL: __cxx_global_var_init.1.6365 @ 0x5d0e00
MANUAL: __cxx_global_var_init.6355 @ 0x5d0e50
MANUAL: __cxx_global_var_init.1.6356 @ 0x5d0eb0
MANUAL: __cxx_global_var_init.6348 @ 0x5d0f00
MANUAL: __cxx_global_var_init.1.6349 @ 0x5d0f60
MANUAL: __cxx_global_var_init.6308 @ 0x5d0fb0
MANUAL: __cxx_global_var_init.1.6309 @ 0x5d1010
MANUAL: __cxx_global_var_init.6294 @ 0x5d1060
MANUAL: __cxx_global_var_init.1.6295 @ 0x5d10c0
MANUAL: __cxx_global_var_init.6289 @ 0x5d1110
MANUAL: __cxx_global_var_init.1.6290 @ 0x5d1170
MANUAL: __cxx_global_var_init.6282 @ 0x5d11c0
MANUAL: __cxx_global_var_init.1.6283 @ 0x5d1220
MANUAL: __cxx_global_var_init.6275 @ 0x5d1270
MANUAL: __cxx_global_var_init.1.6276 @ 0x5d12d0
MANUAL: __cxx_global_var_init.6265 @ 0x5d1320
MANUAL: __cxx_global_var_init.1.6266 @ 0x5d1380
MANUAL: __cxx_global_var_init.6260 @ 0x5d13d0
MANUAL: __cxx_global_var_init.1.6261 @ 0x5d1430
MANUAL: __cxx_global_var_init.6250 @ 0x5d1480
MANUAL: __cxx_global_var_init.1.6251 @ 0x5d14e0
MANUAL: __cxx_global_var_init.6243 @ 0x5d1530
MANUAL: __cxx_global_var_init.1.6244 @ 0x5d1590
MANUAL: __cxx_global_var_init.6237 @ 0x5d15e0
MANUAL: __cxx_global_var_init.1.6238 @ 0x5d1640
MANUAL: __cxx_global_var_init.6222 @ 0x5d1690
MANUAL: __cxx_global_var_init.1.6223 @ 0x5d16f0
MANUAL: __cxx_global_var_init.6213 @ 0x5d1740
MANUAL: __cxx_global_var_init.1.6214 @ 0x5d17a0
MANUAL: __cxx_global_var_init.6191 @ 0x5d17f0
MANUAL: __cxx_global_var_init.1.6192 @ 0x5d1850
MANUAL: __cxx_global_var_init.6184 @ 0x5d18a0
MANUAL: __cxx_global_var_init.1.6185 @ 0x5d1900
MANUAL: __cxx_global_var_init.6177 @ 0x5d1950
MANUAL: __cxx_global_var_init.1.6178 @ 0x5d19b0
MANUAL: __cxx_global_var_init.6164 @ 0x5d1a00
MANUAL: __cxx_global_var_init.1.6165 @ 0x5d1a60
MANUAL: __cxx_global_var_init.6155 @ 0x5d1ab0
MANUAL: __cxx_global_var_init.1.6156 @ 0x5d1b10
MANUAL: __cxx_global_var_init.6146 @ 0x5d1b60
MANUAL: __cxx_global_var_init.1.6147 @ 0x5d1bc0
MANUAL: __cxx_global_var_init.6141 @ 0x5d1c10
MANUAL: __cxx_global_var_init.1.6142 @ 0x5d1c70
MANUAL: __cxx_global_var_init.6130 @ 0x5d1cc0
MANUAL: __cxx_global_var_init.1.6131 @ 0x5d1d20
MANUAL: __cxx_global_var_init.6125 @ 0x5d1d70
MANUAL: __cxx_global_var_init.1.6126 @ 0x5d1dd0
MANUAL: __cxx_global_var_init.6087 @ 0x5d1e20
MANUAL: __cxx_global_var_init.1.6088 @ 0x5d1e80
MANUAL: __cxx_global_var_init.6082 @ 0x5d1ed0
MANUAL: __cxx_global_var_init.1.6083 @ 0x5d1f30
MANUAL: __cxx_global_var_init.6074 @ 0x5d1f80
MANUAL: __cxx_global_var_init.1.6075 @ 0x5d1fe0
MANUAL: __cxx_global_var_init.6067 @ 0x5d2030
MANUAL: __cxx_global_var_init.1.6068 @ 0x5d2090
MANUAL: __cxx_global_var_init.6060 @ 0x5d20e0
MANUAL: __cxx_global_var_init.1.6061 @ 0x5d2140
MANUAL: __cxx_global_var_init.6046 @ 0x5d2190
MANUAL: __cxx_global_var_init.1.6047 @ 0x5d21f0
MANUAL: __cxx_global_var_init.6040 @ 0x5d2240
MANUAL: __cxx_global_var_init.1.6041 @ 0x5d22a0
MANUAL: __cxx_global_var_init.6026 @ 0x5d22f0
MANUAL: __cxx_global_var_init.1.6027 @ 0x5d2350
MANUAL: __cxx_global_var_init.6021 @ 0x5d23a0
MANUAL: __cxx_global_var_init.1.6022 @ 0x5d2400
MANUAL: __cxx_global_var_init.6014 @ 0x5d2450
MANUAL: __cxx_global_var_init.1.6015 @ 0x5d24b0
MANUAL: __cxx_global_var_init.6000 @ 0x5d2500
MANUAL: __cxx_global_var_init.1.6001 @ 0x5d2560
MANUAL: __cxx_global_var_init.5984 @ 0x5d25b0
MANUAL: __cxx_global_var_init.1.5985 @ 0x5d2610
MANUAL: __cxx_global_var_init.5968 @ 0x5d2660
MANUAL: __cxx_global_var_init.1.5969 @ 0x5d26c0
MANUAL: __cxx_global_var_init.5963 @ 0x5d2710
MANUAL: __cxx_global_var_init.1.5964 @ 0x5d2770
MANUAL: __cxx_global_var_init.5956 @ 0x5d27c0
MANUAL: __cxx_global_var_init.1.5957 @ 0x5d2820
MANUAL: __cxx_global_var_init.5914 @ 0x5d2870
MANUAL: __cxx_global_var_init.1.5915 @ 0x5d28d0
MANUAL: __cxx_global_var_init.5888 @ 0x5d2920
MANUAL: __cxx_global_var_init.1.5889 @ 0x5d2980
MANUAL: __cxx_global_var_init.2.5890 @ 0x5d29d0
MANUAL: __cxx_global_var_init.5831 @ 0x5d2a10
MANUAL: __cxx_global_var_init.1.5832 @ 0x5d2a70
MANUAL: __cxx_global_var_init.5759 @ 0x5d2ac0
MANUAL: __cxx_global_var_init.1.5760 @ 0x5d2b20
MANUAL: __cxx_global_var_init.2.5761 @ 0x5d2b70
MANUAL: __cxx_global_var_init.3.5762 @ 0x5d2be0
MANUAL: __cxx_global_var_init.4.5763 @ 0x5d2c60
MANUAL: __cxx_global_var_init.5.5764 @ 0x5d2ca0
MANUAL: _ZN15ObjectBuffer_TSIN8AP_Param10param_saveEEC2Ej @ 0xae4130
MANUAL: __cxx_global_var_init.5742 @ 0x5d2ce0
MANUAL: __cxx_global_var_init.1.5743 @ 0x5d2d40
MANUAL: __cxx_global_var_init.5736 @ 0x5d2d90
MANUAL: __cxx_global_var_init.1.5737 @ 0x5d2df0
MANUAL: __cxx_global_var_init.5717 @ 0x5d2e40
MANUAL: __cxx_global_var_init.1.5718 @ 0x5d2ea0
MANUAL: __cxx_global_var_init.5709 @ 0x5d2ef0
MANUAL: __cxx_global_var_init.1.5710 @ 0x5d2f50
MANUAL: __cxx_global_var_init.5702 @ 0x5d2fa0
MANUAL: __cxx_global_var_init.1.5703 @ 0x5d3000
MANUAL: __cxx_global_var_init.5695 @ 0x5d3050
MANUAL: __cxx_global_var_init.1.5696 @ 0x5d30b0
MANUAL: __cxx_global_var_init.5687 @ 0x5d3100
MANUAL: __cxx_global_var_init.1.5688 @ 0x5d3160
MANUAL: __cxx_global_var_init.5652 @ 0x5d31b0
MANUAL: __cxx_global_var_init.1.5653 @ 0x5d3210
MANUAL: __cxx_global_var_init.5645 @ 0x5d3260
MANUAL: __cxx_global_var_init.1.5646 @ 0x5d32c0
MANUAL: __cxx_global_var_init.5637 @ 0x5d3310
MANUAL: __cxx_global_var_init.1.5638 @ 0x5d3370
MANUAL: __cxx_global_var_init.5622 @ 0x5d33c0
MANUAL: __cxx_global_var_init.1.5623 @ 0x5d3420
MANUAL: __cxx_global_var_init.5603 @ 0x5d3470
MANUAL: __cxx_global_var_init.1.5604 @ 0x5d34d0
MANUAL: __cxx_global_var_init.5549 @ 0x5d3520
MANUAL: __cxx_global_var_init.1.5550 @ 0x5d3580
MANUAL: __cxx_global_var_init.5532 @ 0x5d35d0
MANUAL: __cxx_global_var_init.1.5533 @ 0x5d3630
MANUAL: __cxx_global_var_init.5523 @ 0x5d3680
MANUAL: __cxx_global_var_init.1.5524 @ 0x5d36e0
MANUAL: __cxx_global_var_init.5510 @ 0x5d3730
MANUAL: __cxx_global_var_init.1.5511 @ 0x5d3790
MANUAL: __cxx_global_var_init.5500 @ 0x5d37e0
MANUAL: __cxx_global_var_init.1.5501 @ 0x5d3840
MANUAL: __cxx_global_var_init.5464 @ 0x5d3890
MANUAL: __cxx_global_var_init.1.5465 @ 0x5d38f0
MANUAL: __cxx_global_var_init.5390 @ 0x5d3940
MANUAL: __cxx_global_var_init.1.5391 @ 0x5d39a0
MANUAL: __cxx_global_var_init.5362 @ 0x5d39f0
MANUAL: __cxx_global_var_init.1.5363 @ 0x5d3a50
MANUAL: __cxx_global_var_init.5336 @ 0x5d3aa0
MANUAL: __cxx_global_var_init.1.5337 @ 0x5d3b00
MANUAL: __cxx_global_var_init.5250 @ 0x5d3b50
MANUAL: __cxx_global_var_init.1.5251 @ 0x5d3bb0
MANUAL: __cxx_global_var_init.5236 @ 0x5d3c00
MANUAL: __cxx_global_var_init.1.5237 @ 0x5d3c60
MANUAL: __cxx_global_var_init.5200 @ 0x5d3cb0
MANUAL: __cxx_global_var_init.1.5201 @ 0x5d3d10
MANUAL: __cxx_global_var_init.5175 @ 0x5d3d60
MANUAL: __cxx_global_var_init.1.5176 @ 0x5d3dc0
MANUAL: __cxx_global_var_init.5163 @ 0x5d3e10
MANUAL: __cxx_global_var_init.1.5164 @ 0x5d3e70
MANUAL: __cxx_global_var_init.5153 @ 0x5d3ec0
MANUAL: __cxx_global_var_init.1.5154 @ 0x5d3f20
MANUAL: __cxx_global_var_init.5123 @ 0x5d3f70
MANUAL: __cxx_global_var_init.1.5124 @ 0x5d3fd0
MANUAL: __cxx_global_var_init.4983 @ 0x5d4020
MANUAL: __cxx_global_var_init.1.4984 @ 0x5d4080
MANUAL: __cxx_global_var_init.4800 @ 0x5d40d0
MANUAL: __cxx_global_var_init.1.4801 @ 0x5d4130
MANUAL: __cxx_global_var_init.4699 @ 0x5d4180
MANUAL: __cxx_global_var_init.1.4700 @ 0x5d41e0
MANUAL: __cxx_global_var_init.4691 @ 0x5d4230
MANUAL: __cxx_global_var_init.1.4692 @ 0x5d4290
MANUAL: __cxx_global_var_init.4681 @ 0x5d42e0
MANUAL: __cxx_global_var_init.1.4682 @ 0x5d4340
MANUAL: __cxx_global_var_init.4553 @ 0x5d4390
MANUAL: __cxx_global_var_init.1.4554 @ 0x5d43f0
MANUAL: __cxx_global_var_init.5.4555 @ 0x5d4440
MANUAL: __cxx_global_var_init.6 @ 0x5d4480
MANUAL: __cxx_global_var_init.4458 @ 0x5d44f0
MANUAL: __cxx_global_var_init.1.4459 @ 0x5d4550
MANUAL: __cxx_global_var_init.4395 @ 0x5d45a0
MANUAL: __cxx_global_var_init.1.4396 @ 0x5d4600
MANUAL: __cxx_global_var_init.4355 @ 0x5d4650
MANUAL: __cxx_global_var_init.1.4356 @ 0x5d46b0
MANUAL: __cxx_global_var_init.4348 @ 0x5d4700
MANUAL: __cxx_global_var_init.1.4349 @ 0x5d4760
MANUAL: __cxx_global_var_init.4317 @ 0x5d47b0
MANUAL: __cxx_global_var_init.1.4318 @ 0x5d4810
MANUAL: __cxx_global_var_init.4305 @ 0x5d4860
MANUAL: __cxx_global_var_init.1.4306 @ 0x5d48c0
MANUAL: __cxx_global_var_init.4282 @ 0x5d4910
MANUAL: __cxx_global_var_init.1.4283 @ 0x5d4970
MANUAL: __cxx_global_var_init.4271 @ 0x5d49c0
MANUAL: __cxx_global_var_init.1.4272 @ 0x5d4a20
MANUAL: __cxx_global_var_init.4216 @ 0x5d4a70
MANUAL: __cxx_global_var_init.1.4217 @ 0x5d4ad0
MANUAL: __cxx_global_var_init.4209 @ 0x5d4b20
MANUAL: __cxx_global_var_init.1.4210 @ 0x5d4b80
MANUAL: __cxx_global_var_init.4156 @ 0x5d4bd0
MANUAL: __cxx_global_var_init.1.4157 @ 0x5d4c30
MANUAL: __cxx_global_var_init.4071 @ 0x5d4c80
MANUAL: __cxx_global_var_init.1.4072 @ 0x5d4ce0
MANUAL: __cxx_global_var_init.4027 @ 0x5d4d30
MANUAL: __cxx_global_var_init.1.4028 @ 0x5d4d90
MANUAL: __cxx_global_var_init.4018 @ 0x5d4de0
MANUAL: __cxx_global_var_init.1.4019 @ 0x5d4e40
MANUAL: __cxx_global_var_init.3985 @ 0x5d4e90
MANUAL: __cxx_global_var_init.1.3986 @ 0x5d4ef0
MANUAL: __cxx_global_var_init.3959 @ 0x5d4f40
MANUAL: __cxx_global_var_init.1.3960 @ 0x5d4fa0
MANUAL: __cxx_global_var_init.3944 @ 0x5d4ff0
MANUAL: __cxx_global_var_init.1.3945 @ 0x5d5050
MANUAL: __cxx_global_var_init.3937 @ 0x5d50a0
MANUAL: __cxx_global_var_init.1.3938 @ 0x5d5100
MANUAL: __cxx_global_var_init.3893 @ 0x5d5150
MANUAL: __cxx_global_var_init.1.3894 @ 0x5d51b0
MANUAL: __cxx_global_var_init.3873 @ 0x5d5200
MANUAL: __cxx_global_var_init.1.3874 @ 0x5d5260
MANUAL: __cxx_global_var_init.3821 @ 0x5d52b0
MANUAL: __cxx_global_var_init.1.3822 @ 0x5d5310
MANUAL: __cxx_global_var_init.3809 @ 0x5d5360
MANUAL: __cxx_global_var_init.1.3810 @ 0x5d53c0
MANUAL: __cxx_global_var_init.3797 @ 0x5d5410
MANUAL: __cxx_global_var_init.1.3798 @ 0x5d5470
MANUAL: __cxx_global_var_init.3782 @ 0x5d54c0
MANUAL: __cxx_global_var_init.1.3783 @ 0x5d5520
MANUAL: __cxx_global_var_init.3770 @ 0x5d5570
MANUAL: __cxx_global_var_init.46 @ 0x5d55d0
MANUAL: __cxx_global_var_init.1.3771 @ 0x5d5620
MANUAL: __cxx_global_var_init.3714 @ 0x5d5670
MANUAL: __cxx_global_var_init.1.3715 @ 0x5d56d0
MANUAL: __cxx_global_var_init.3695 @ 0x5d5720
MANUAL: __cxx_global_var_init.1.3696 @ 0x5d5780
MANUAL: __cxx_global_var_init.3683 @ 0x5d57d0
MANUAL: __cxx_global_var_init.1.3684 @ 0x5d5830
MANUAL: __cxx_global_var_init.3654 @ 0x5d5880
MANUAL: __cxx_global_var_init.1.3655 @ 0x5d58e0
MANUAL: __cxx_global_var_init.3646 @ 0x5d5930
MANUAL: __cxx_global_var_init.1.3647 @ 0x5d5990
MANUAL: __cxx_global_var_init.3634 @ 0x5d59e0
MANUAL: __cxx_global_var_init.3 @ 0x5d5a40
MANUAL: __cxx_global_var_init.1.3635 @ 0x5d5a90
MANUAL: __cxx_global_var_init.3627 @ 0x5d5ae0
MANUAL: __cxx_global_var_init.1.3628 @ 0x5d5b40
MANUAL: __cxx_global_var_init.3616 @ 0x5d5b90
MANUAL: __cxx_global_var_init.1.3617 @ 0x5d5bf0
MANUAL: __cxx_global_var_init.3593 @ 0x5d5c40
MANUAL: __cxx_global_var_init.1.3594 @ 0x5d5ca0
MANUAL: __cxx_global_var_init.2.3595 @ 0x5d5cf0
MANUAL: __cxx_global_var_init.3577 @ 0x5d5d60
MANUAL: __cxx_global_var_init.1.3578 @ 0x5d5dc0
MANUAL: __cxx_global_var_init.3525 @ 0x5d5e10
MANUAL: __cxx_global_var_init.1.3526 @ 0x5d5e70
MANUAL: __cxx_global_var_init.3503 @ 0x5d5ec0
MANUAL: __cxx_global_var_init.1.3504 @ 0x5d5f20
MANUAL: __cxx_global_var_init.3477 @ 0x5d5f70
MANUAL: __cxx_global_var_init.1.3478 @ 0x5d5fd0
MANUAL: __cxx_global_var_init.3463 @ 0x5d6020
MANUAL: __cxx_global_var_init.1.3464 @ 0x5d6080
MANUAL: __cxx_global_var_init.3454 @ 0x5d60d0
MANUAL: __cxx_global_var_init.1.3455 @ 0x5d6130
MANUAL: __cxx_global_var_init.3413 @ 0x5d6180
MANUAL: __cxx_global_var_init.1.3414 @ 0x5d61e0
MANUAL: __cxx_global_var_init.3403 @ 0x5d6230
MANUAL: __cxx_global_var_init.1.3404 @ 0x5d6290
MANUAL: __cxx_global_var_init.3395 @ 0x5d62e0
MANUAL: __cxx_global_var_init.1.3396 @ 0x5d6340
MANUAL: __cxx_global_var_init.3383 @ 0x5d6390
MANUAL: __cxx_global_var_init.1.3384 @ 0x5d63f0
MANUAL: __cxx_global_var_init.3370 @ 0x5d6440
MANUAL: __cxx_global_var_init.1.3371 @ 0x5d64a0
MANUAL: __cxx_global_var_init.3363 @ 0x5d64f0
MANUAL: __cxx_global_var_init.1.3364 @ 0x5d6550
MANUAL: __cxx_global_var_init.3355 @ 0x5d65a0
MANUAL: __cxx_global_var_init.1.3356 @ 0x5d6600
MANUAL: __cxx_global_var_init.3347 @ 0x5d6650
MANUAL: __cxx_global_var_init.1.3348 @ 0x5d66b0
MANUAL: __cxx_global_var_init.3335 @ 0x5d6700
MANUAL: __cxx_global_var_init.1.3336 @ 0x5d6760
MANUAL: __cxx_global_var_init.3323 @ 0x5d67b0
MANUAL: __cxx_global_var_init.1.3324 @ 0x5d6810
MANUAL: __cxx_global_var_init.3308 @ 0x5d6860
MANUAL: __cxx_global_var_init.1.3309 @ 0x5d68c0
MANUAL: __cxx_global_var_init.3301 @ 0x5d6910
MANUAL: __cxx_global_var_init.1.3302 @ 0x5d6970
MANUAL: __cxx_global_var_init.3290 @ 0x5d69c0
MANUAL: __cxx_global_var_init.1.3291 @ 0x5d6a20
MANUAL: __cxx_global_var_init.2.3292 @ 0x5d6a70
MANUAL: __cxx_global_var_init.3269 @ 0x5d6ae0
MANUAL: __cxx_global_var_init.1.3270 @ 0x5d6b40
MANUAL: __cxx_global_var_init.3250 @ 0x5d6b90
MANUAL: __cxx_global_var_init.1.3251 @ 0x5d6bf0
MANUAL: __cxx_global_var_init.3243 @ 0x5d6c40
MANUAL: __cxx_global_var_init.1.3244 @ 0x5d6ca0
MANUAL: __cxx_global_var_init.3234 @ 0x5d6cf0
MANUAL: __cxx_global_var_init.1.3235 @ 0x5d6d50
MANUAL: __cxx_global_var_init.3221 @ 0x5d6da0
MANUAL: __cxx_global_var_init.1.3222 @ 0x5d6e00
MANUAL: __cxx_global_var_init.3191 @ 0x5d6e50
MANUAL: __cxx_global_var_init.1.3192 @ 0x5d6eb0
MANUAL: __cxx_global_var_init.3067 @ 0x5d6f00
MANUAL: __cxx_global_var_init.1.3068 @ 0x5d6f60
MANUAL: __cxx_global_var_init.2.3069 @ 0x5d6fb0
MANUAL: __cxx_global_var_init.3054 @ 0x5d6ff0
MANUAL: __cxx_global_var_init.1.3055 @ 0x5d7050
MANUAL: __cxx_global_var_init.18 @ 0x5d70a0
MANUAL: __cxx_global_var_init.3028 @ 0x5d70f0
MANUAL: __cxx_global_var_init.1.3029 @ 0x5d7150
MANUAL: __cxx_global_var_init.3012 @ 0x5d71a0
MANUAL: __cxx_global_var_init.1.3013 @ 0x5d7200
MANUAL: __cxx_global_var_init.3004 @ 0x5d7250
MANUAL: __cxx_global_var_init.1.3005 @ 0x5d72b0
MANUAL: __cxx_global_var_init.2997 @ 0x5d7300
MANUAL: __cxx_global_var_init.1.2998 @ 0x5d7360
MANUAL: __cxx_global_var_init.2988 @ 0x5d73b0
MANUAL: __cxx_global_var_init.1.2989 @ 0x5d7410
MANUAL: __cxx_global_var_init.2967 @ 0x5d7460
MANUAL: __cxx_global_var_init.1.2968 @ 0x5d74c0
MANUAL: __cxx_global_var_init.2960 @ 0x5d7510
MANUAL: __cxx_global_var_init.1.2961 @ 0x5d7570
MANUAL: __cxx_global_var_init.2951 @ 0x5d75c0
MANUAL: __cxx_global_var_init.1.2952 @ 0x5d7620
MANUAL: __cxx_global_var_init.2940 @ 0x5d7670
MANUAL: __cxx_global_var_init.1.2941 @ 0x5d76d0
MANUAL: __cxx_global_var_init.2917 @ 0x5d7720
MANUAL: __cxx_global_var_init.1.2918 @ 0x5d7780
MANUAL: __cxx_global_var_init.5 @ 0x5d77d0
MANUAL: __cxx_global_var_init.2893 @ 0x5d7820
MANUAL: __cxx_global_var_init.1.2894 @ 0x5d7880
MANUAL: __cxx_global_var_init.2868 @ 0x5d78d0
MANUAL: __cxx_global_var_init.1.2869 @ 0x5d7930
MANUAL: __cxx_global_var_init.2847 @ 0x5d7980
MANUAL: __cxx_global_var_init.1.2848 @ 0x5d79e0
MANUAL: __cxx_global_var_init.2802 @ 0x5d7a30
MANUAL: __cxx_global_var_init.1.2803 @ 0x5d7a90
MANUAL: __cxx_global_var_init.2781 @ 0x5d7ae0
MANUAL: __cxx_global_var_init.1.2782 @ 0x5d7b40
MANUAL: __cxx_global_var_init.2744 @ 0x5d7b90
MANUAL: __cxx_global_var_init.1.2745 @ 0x5d7bf0
MANUAL: __cxx_global_var_init.2714 @ 0x5d7c40
MANUAL: __cxx_global_var_init.1.2715 @ 0x5d7ca0
MANUAL: __cxx_global_var_init.2707 @ 0x5d7cf0
MANUAL: __cxx_global_var_init.1.2708 @ 0x5d7d50
MANUAL: __cxx_global_var_init.2635 @ 0x5d7da0
MANUAL: __cxx_global_var_init.1.2636 @ 0x5d7e00
MANUAL: __cxx_global_var_init.2613 @ 0x5d7e50
MANUAL: __cxx_global_var_init.1.2614 @ 0x5d7eb0
MANUAL: __cxx_global_var_init.2604 @ 0x5d7f00
MANUAL: __cxx_global_var_init.1.2605 @ 0x5d7f60
MANUAL: __cxx_global_var_init.2523 @ 0x5d7fb0
MANUAL: __cxx_global_var_init.1.2524 @ 0x5d8010
MANUAL: __cxx_global_var_init.2424 @ 0x5d8060
MANUAL: __cxx_global_var_init.1.2425 @ 0x5d80c0
MANUAL: __cxx_global_var_init.2398 @ 0x5d8110
MANUAL: __cxx_global_var_init.1.2399 @ 0x5d8170
MANUAL: __cxx_global_var_init.2381 @ 0x5d81c0
MANUAL: __cxx_global_var_init.1.2382 @ 0x5d8220
MANUAL: __cxx_global_var_init.2.2383 @ 0x5d8270
MANUAL: __cxx_global_var_init.2376 @ 0x5d82c0
MANUAL: __cxx_global_var_init.1.2377 @ 0x5d8320
MANUAL: __cxx_global_var_init.2299 @ 0x5d8370
MANUAL: __cxx_global_var_init.1.2300 @ 0x5d83d0
MANUAL: __cxx_global_var_init.13 @ 0x5d8420
MANUAL: __cxx_global_var_init.2248 @ 0x5d8470
MANUAL: __cxx_global_var_init.1.2249 @ 0x5d84d0
MANUAL: __cxx_global_var_init.2204 @ 0x5d8520
MANUAL: __cxx_global_var_init.1.2205 @ 0x5d8580
MANUAL: __cxx_global_var_init.2138 @ 0x5d85d0
MANUAL: __cxx_global_var_init.1.2139 @ 0x5d8630
MANUAL: __cxx_global_var_init.2099 @ 0x5d8680
MANUAL: __cxx_global_var_init.1.2100 @ 0x5d86e0
MANUAL: __cxx_global_var_init.2091 @ 0x5d8730
MANUAL: __cxx_global_var_init.1.2092 @ 0x5d8790
MANUAL: __cxx_global_var_init.2073 @ 0x5d87e0
MANUAL: __cxx_global_var_init.1.2074 @ 0x5d8840
MANUAL: __cxx_global_var_init.2066 @ 0x5d8890
MANUAL: __cxx_global_var_init.1.2067 @ 0x5d88f0
MANUAL: __cxx_global_var_init.2055 @ 0x5d8940
MANUAL: __cxx_global_var_init.1.2056 @ 0x5d89a0
MANUAL: __cxx_global_var_init.2022 @ 0x5d89f0
MANUAL: __cxx_global_var_init.1.2023 @ 0x5d8a50
MANUAL: __cxx_global_var_init.1818 @ 0x5d8aa0
MANUAL: __cxx_global_var_init.1.1819 @ 0x5d8b00
MANUAL: __cxx_global_var_init.1693 @ 0x5d8b50
MANUAL: __cxx_global_var_init.1.1694 @ 0x5d8bb0
MANUAL: __cxx_global_var_init.1668 @ 0x5d8c00
MANUAL: __cxx_global_var_init.1.1669 @ 0x5d8c60
MANUAL: __cxx_global_var_init.1644 @ 0x5d8cb0
MANUAL: __cxx_global_var_init.1.1645 @ 0x5d8d10
MANUAL: __cxx_global_var_init.1620 @ 0x5d8d60
MANUAL: __cxx_global_var_init.1.1621 @ 0x5d8dc0
MANUAL: __cxx_global_var_init.1609 @ 0x5d8e10
MANUAL: __cxx_global_var_init.1.1610 @ 0x5d8e70
MANUAL: __cxx_global_var_init.1604 @ 0x5d8ec0
MANUAL: __cxx_global_var_init.1.1605 @ 0x5d8f20
MANUAL: __cxx_global_var_init.1586 @ 0x5d8f70
MANUAL: __cxx_global_var_init.1.1587 @ 0x5d8fd0
MANUAL: __cxx_global_var_init.1575 @ 0x5d9020
MANUAL: __cxx_global_var_init.1.1576 @ 0x5d9080
MANUAL: __cxx_global_var_init.1556 @ 0x5d90d0
MANUAL: __cxx_global_var_init.1.1557 @ 0x5d9130
MANUAL: __cxx_global_var_init.1547 @ 0x5d9180
MANUAL: __cxx_global_var_init.1.1548 @ 0x5d91e0
MANUAL: __cxx_global_var_init.1537 @ 0x5d9230
MANUAL: __cxx_global_var_init.1.1538 @ 0x5d9290
MANUAL: __cxx_global_var_init.1526 @ 0x5d92e0
MANUAL: __cxx_global_var_init.1.1527 @ 0x5d9340
MANUAL: __cxx_global_var_init.1512 @ 0x5d9390
MANUAL: __cxx_global_var_init.1.1513 @ 0x5d93f0
MANUAL: __cxx_global_var_init.1498 @ 0x5d9440
MANUAL: __cxx_global_var_init.1.1499 @ 0x5d94a0
MANUAL: __cxx_global_var_init.1489 @ 0x5d94f0
MANUAL: __cxx_global_var_init.1.1490 @ 0x5d9550
MANUAL: __cxx_global_var_init.1480 @ 0x5d95a0
MANUAL: __cxx_global_var_init.1.1481 @ 0x5d9600
MANUAL: __cxx_global_var_init.1471 @ 0x5d9650
MANUAL: __cxx_global_var_init.1.1472 @ 0x5d96b0
MANUAL: __cxx_global_var_init.1462 @ 0x5d9700
MANUAL: __cxx_global_var_init.1.1463 @ 0x5d9760
MANUAL: __cxx_global_var_init.1450 @ 0x5d97b0
MANUAL: __cxx_global_var_init.1.1451 @ 0x5d9810
MANUAL: __cxx_global_var_init.1427 @ 0x5d9860
MANUAL: __cxx_global_var_init.1.1428 @ 0x5d98c0
MANUAL: __cxx_global_var_init.1412 @ 0x5d9910
MANUAL: __cxx_global_var_init.1.1413 @ 0x5d9970
MANUAL: __cxx_global_var_init.1403 @ 0x5d99c0
MANUAL: __cxx_global_var_init.1.1404 @ 0x5d9a20
MANUAL: __cxx_global_var_init.1391 @ 0x5d9a70
MANUAL: __cxx_global_var_init.1.1392 @ 0x5d9ad0
MANUAL: __cxx_global_var_init.1381 @ 0x5d9b20
MANUAL: __cxx_global_var_init.1.1382 @ 0x5d9b80
MANUAL: __cxx_global_var_init.1372 @ 0x5d9bd0
MANUAL: __cxx_global_var_init.1.1373 @ 0x5d9c30
MANUAL: __cxx_global_var_init.1363 @ 0x5d9c80
MANUAL: __cxx_global_var_init.1.1364 @ 0x5d9ce0
MANUAL: __cxx_global_var_init.1345 @ 0x5d9d30
MANUAL: __cxx_global_var_init.1.1346 @ 0x5d9d90
MANUAL: __cxx_global_var_init.1324 @ 0x5d9de0
MANUAL: __cxx_global_var_init.1.1325 @ 0x5d9e40
MANUAL: __cxx_global_var_init.1311 @ 0x5d9e90
MANUAL: __cxx_global_var_init.1.1312 @ 0x5d9ef0
MANUAL: __cxx_global_var_init.1301 @ 0x5d9f40
MANUAL: __cxx_global_var_init.1.1302 @ 0x5d9fa0
MANUAL: __cxx_global_var_init.1282 @ 0x5d9ff0
MANUAL: __cxx_global_var_init.1.1283 @ 0x5da050
MANUAL: __cxx_global_var_init.1255 @ 0x5da0a0
MANUAL: __cxx_global_var_init.1.1256 @ 0x5da100
MANUAL: __cxx_global_var_init.1242 @ 0x5da150
MANUAL: __cxx_global_var_init.1.1243 @ 0x5da1b0
MANUAL: __cxx_global_var_init.1237 @ 0x5da200
MANUAL: __cxx_global_var_init.1.1238 @ 0x5da260
MANUAL: __cxx_global_var_init.1220 @ 0x5da2b0
MANUAL: __cxx_global_var_init.1.1221 @ 0x5da310
MANUAL: __cxx_global_var_init.1212 @ 0x5da360
MANUAL: __cxx_global_var_init.1.1213 @ 0x5da3c0
MANUAL: __cxx_global_var_init.1191 @ 0x5da410
MANUAL: __cxx_global_var_init.1.1192 @ 0x5da470
MANUAL: __cxx_global_var_init.1139 @ 0x5da4c0
MANUAL: __cxx_global_var_init.1.1140 @ 0x5da520
MANUAL: __cxx_global_var_init.1128 @ 0x5da570
MANUAL: __cxx_global_var_init.1.1129 @ 0x5da5d0
MANUAL: __cxx_global_var_init.1121 @ 0x5da620
MANUAL: __cxx_global_var_init.1.1122 @ 0x5da680
MANUAL: __cxx_global_var_init.1079 @ 0x5da6d0
MANUAL: __cxx_global_var_init.1.1080 @ 0x5da730
MANUAL: __cxx_global_var_init.1074 @ 0x5da780
MANUAL: __cxx_global_var_init.1.1075 @ 0x5da7e0
MANUAL: __cxx_global_var_init.1063 @ 0x5da830
MANUAL: __cxx_global_var_init.1.1064 @ 0x5da890
MANUAL: __cxx_global_var_init.1058 @ 0x5da8e0
MANUAL: __cxx_global_var_init.1.1059 @ 0x5da940
MANUAL: __cxx_global_var_init.972 @ 0x5da990
MANUAL: __cxx_global_var_init.1.973 @ 0x5da9f0
MANUAL: __cxx_global_var_init.4 @ 0x5daa40
MANUAL: __cxx_global_var_init.55 @ 0x5daa80
MANUAL: _ZN10AP_Vehicle5setupEv @ 0x70e610
MANUAL: _ZN10AP_Vehicle4loopEv @ 0x70eb30
MANUAL: _ZN12AP_Scheduler4loopEv @ 0x70edd0
MANUAL: _ZN12AP_Scheduler17get_loop_period_sEv @ 0xae7000
MANUAL: _ZN14AP_BoardConfig11init_safetyEv @ 0x70f0d0
MANUAL: _ZN14AP_BoardConfig17board_init_safetyEv @ 0x70f1d0
MANUAL: _ZN14AP_BoardConfig16board_init_debugEv @ 0x70f320
MANUAL: _ZN17AP_InertialSensor15wait_for_sampleEv @ 0x70f370
MANUAL: _ZN12AP_Scheduler4tickEv @ 0x70f8b0
MANUAL: _ZN12AP_Scheduler3runEj @ 0x70f910
MANUAL: _ZN2AP8PerfInfo15check_loop_timeEj @ 0x70fec0
MANUAL: _ZL15fill_nanf_stackv @ 0x710050
MANUAL: _ZN2AP8PerfInfo16update_task_infoEhtb @ 0x7100a0
MANUAL: _ZN8AP_Param21setup_sketch_defaultsEv @ 0x710390
MANUAL: _ZN16AP_SerialManager12init_consoleEv @ 0x710470
MANUAL: _Z20check_firmware_printv @ 0x710500
MANUAL: _ZN8AP_Param14check_var_infoEv @ 0x710580
MANUAL: _ZN12AP_Scheduler4initEPKNS_4TaskEhj @ 0x710730
MANUAL: _ZN3GCS4initEv @ 0x710ac0
MANUAL: _ZN16AP_SerialManager4initEv @ 0x710b20
MANUAL: _ZN3GCS13setup_consoleEv @ 0x711160
MANUAL: _ZN12AP_Scripting23init_serialdevice_portsEv @ 0x7111e0
MANUAL: _ZN10AP_Vehicle24scheduler_delay_callbackEv @ 0x711260
MANUAL: _ZN15AP_ExternalAHRS4initEv @ 0x7113d0
MANUAL: _ZN12AP_Generator4initEv @ 0x711670
MANUAL: _ZN8AP_Stats4initEv @ 0x7118c0
MANUAL: _ZN14AP_BoardConfig4initEv @ 0x711950
MANUAL: _ZN13AP_CANManager4initEv @ 0x711a80
MANUAL: _ZN6AP_MSP4initEv @ 0x712220
MANUAL: _ZN9AP_Logger4initERK9AP_ParamTIiL11ap_var_type3EEPK12LogStructureh @ 0x712420
MANUAL: _ZN10AP_Gripper4initEv @ 0x712700
MANUAL: _ZN12AP_Scripting4initEv @ 0x7128a0
MANUAL: _ZN11AP_Airspeed4initEv @ 0x712ac0
MANUAL: _ZN12SRV_Channels4initEjN6AP_HAL8RCOutput11output_modeE @ 0x712b40
MANUAL: _ZN10AP_GyroFFT4initEt @ 0x712c00
MANUAL: _ZN13AP_Hott_Telem4initEv @ 0x713a30
MANUAL: _ZN13AP_VisualOdom4initEv @ 0x713b50
MANUAL: _ZN10AP_VideoTX4initEv @ 0x713c90
MANUAL: _ZN13AP_SmartAudio4initEv @ 0x713e90
MANUAL: _ZN8AP_Tramp4initEv @ 0x714080
MANUAL: _ZN14AP_OpenDroneID4initEv @ 0x7141e0
MANUAL: _ZN6AP_EFI4initEv @ 0x714290
MANUAL: _ZN20AP_TemperatureSensor4initEv @ 0x714740
MANUAL: _ZN9AP_KDECAN4initEv @ 0x714df0
MANUAL: _ZN6AP_AIS4initEv @ 0x714ee0
MANUAL: _ZN14AP_NMEA_Output4initEv @ 0x714f30
MANUAL: _ZN8AC_Fence4initEv @ 0xae71d0
MANUAL: _ZN10AP_Vehicle10fence_initEv @ 0x714ff0
MANUAL: _ZN18AP_CustomRotations4initEv @ 0x715070
MANUAL: _ZN10AP_Filters4initEv @ 0x715130
MANUAL: _ZN6AP_RPM4initEv @ 0x715180
MANUAL: _ZN13AP_IBus_Telem4initEv @ 0x7156a0
MANUAL: _ZNK6AP_GPS15ground_speed_cmEv @ 0xae7410
MANUAL: _ZNK7AP_AHRS24_get_primary_accel_indexEv @ 0x716980
MANUAL: _ZNK7AP_AHRS22_get_primary_IMU_indexEv @ 0x7169d0
MANUAL: _ZNK7NavEKF322getPrimaryCoreIMUIndexEv @ 0x716b30
MANUAL: _ZNK17AP_InertialSensor21get_first_usable_gyroEv @ 0xae7470
MANUAL: _ZNK12NavEKF3_core11getIMUIndexEv @ 0xae74c0
MANUAL: _ZNK14AP_BattMonitor17has_cell_voltagesEh @ 0x716c60
MANUAL: _ZN2AP3EFIEv @ 0x7174b0
MANUAL: _ZN6AP_EFI13get_singletonEv @ 0xae7e50
MANUAL: _ZN16FilterWithBufferIfLh5EEC2Ev @ 0xae7fe0
MANUAL: _ZN16FilterWithBufferIfLh5EE5resetEv @ 0xae8140
MANUAL: _ZN6FilterIfEC2Ev @ 0xae83f0
MANUAL: _ZN7FunctorIvJEE4bindI10AP_VehicleXadL_ZNS2_18fence_checks_asyncEvEEEES0_PT_ @ 0xae8790
MANUAL: _ZN7FunctorIvJEE14method_wrapperI10AP_VehicleXadL_ZNS2_18fence_checks_asyncEvEEEEvPv @ 0xae87f0
MANUAL: _ZN19AC_PolyFence_loader4initEv @ 0x717bd0
MANUAL: _ZN2AP11boardConfigEv @ 0x717ce0
MANUAL: _ZN14AP_BoardConfig19get_sdcard_fence_kbEv @ 0xae8890
MANUAL: _ZN13AP_Filesystem5lseekEiii @ 0x718520
MANUAL: _ZN9CANSensor15get_driver_typeEh @ 0xae8ac0
MANUAL: _ZN6AP_HAL6Device14write_registerEhhb @ 0x71e1d0
MANUAL: _ZNK7FunctorIvJhPhjbEEcvbEv @ 0xaeb500
MANUAL: _ZN9EFI_StateC2Ev @ 0xaebb50
MANUAL: _ZN2AP3iceEv @ 0x720110
MANUAL: _ZNK11AP_ICEngine29allow_throttle_while_disarmedEv @ 0x720150
MANUAL: _ZNK11AP_ICEngine10option_setENS_7OptionsE @ 0xaebd00
MANUAL: _ZN11AP_ICEngine13get_singletonEv @ 0xaebd80
MANUAL: _ZN8AP_Param23convert_parameter_widthE11ap_var_typef @ 0xaecaf0
MANUAL: _ZN8AP_Param24_convert_parameter_widthE11ap_var_typefb @ 0x724f70
MANUAL: _ZL3MAXIjjEDTqugtfp_fp0_fp_fp0_ERKT_RKT0_.5212 @ 0x726770
MANUAL: _ZN12NavEKF3_core20ext_nav_vel_elementsC2Ev @ 0xaecea0
MANUAL: _ZN15ekf_ring_buffer4pushEPKv @ 0x7267f0
MANUAL: _ZNK15ekf_ring_buffer10get_offsetEh @ 0x7268f0
MANUAL: _ZL3MAXIjjEDTqugtfp_fp0_fp_fp0_ERKT_RKT0_.20153 @ 0x726b00
MANUAL: _ZN12NavEKF3_core16ext_nav_elementsC2Ev @ 0xaed220
MANUAL: _ZL7radiansf.5217 @ 0x727c90
MANUAL: _ZL3MAXIffEDTqugtfp_fp0_fp_fp0_ERKT_RKT0_.5204 @ 0x727ce0
MANUAL: _ZN11QuaternionTIdEC2Edddd @ 0xaed620
MANUAL: _ZN11QuaternionTIfEmLERKS0_ @ 0xaed6d0
MANUAL: _ZNK7AP_AHRS38get_relative_position_NED_origin_floatER7Vector3IfE @ 0x728030
MANUAL: _ZNK7AP_AHRS32get_relative_position_NED_originER7Vector3IdE @ 0x728200
MANUAL: _ZNK7NavEKF38getPosNEER7Vector2IdE @ 0x7284a0
MANUAL: _ZNK11AP_AHRS_SIM12get_locationER8Location @ 0x7287d0
MANUAL: _ZN2AP5statsEv @ 0x72ab70
MANUAL: _ZN8AP_Stats13get_singletonEv @ 0xaee5c0
MANUAL: _ZN20LowPassFilterConstDtIfE20set_cutoff_frequencyERKfS2_ @ 0xaee6c0
MANUAL: _ZN11AP_Airspeed20convert_per_instanceEv @ 0x72b910
MANUAL: _ZN11AP_Airspeed8allocateEv @ 0x72bb00
MANUAL: _ZN20Airspeed_Calibration4initEf @ 0x72c770
MANUAL: _ZN19AP_Airspeed_BackendC2ER11AP_Airspeedh @ 0x72cbb0
MANUAL: _ZN19AP_Airspeed_Backend12has_airspeedEv @ 0xaeef80
MANUAL: _ZN19AP_Airspeed_Backend14get_hygrometerERjRfS1_ @ 0xaef0f0
MANUAL: _ZN6AP_HAL6Device11make_bus_idENS0_7BusTypeEhhh @ 0x72de00
MANUAL: _ZN18AP_Airspeed_AnalogC2ER11AP_Airspeedh @ 0x731560
MANUAL: _ZNK19AP_Airspeed_Backend7get_pinEv @ 0x731630
MANUAL: _ZN18AP_Airspeed_Analog4initEv @ 0x7316a0
MANUAL: _ZN18AP_Airspeed_Analog25get_differential_pressureERf @ 0x731700
MANUAL: _ZN18AP_Airspeed_Analog15get_temperatureERf @ 0xaf0320
MANUAL: _ZNK19AP_Airspeed_Backend13get_psi_rangeEv @ 0x7317f0
MANUAL: _ZL3MINIiiEDTqultfp_fp0_fp_fp0_ERKT_RKT0_.2644 @ 0x732860
MANUAL: _ZN8AP_Param21convert_old_parameterEPKNS_14ConversionInfoEfh @ 0x7328e0
MANUAL: _ZN8AP_Param18find_old_parameterEPKNS_14ConversionInfoEPS_ @ 0x732bf0
MANUAL: _ZN13AP_Filesystem5mkdirEPKc @ 0x732d00
MANUAL: _ZN13AP_Filesystem7opendirEPKc @ 0x74c3b0
MANUAL: _ZN13AP_Filesystem7readdirEPNS_9DirHandleE @ 0x74c5d0
MANUAL: _ZN13AP_Filesystem8closedirEPNS_9DirHandleE @ 0x74cca0
MANUAL: _ZN6AP_HAL9PWMSourceC2Ev @ 0xaf0ac0
MANUAL: _ZNK7AP_AHRS8get_gyroEv @ 0xaf0e20
MANUAL: _ZNK7AP_AHRS17airspeed_estimateERf @ 0x755dc0
MANUAL: _ZNK17AP_InertialSensor20get_vibration_levelsEv @ 0xaf0e80
MANUAL: _ZNK17AP_InertialSensor20get_vibration_levelsEh @ 0x755ec0
MANUAL: _ZNK10DigitalLPFI7Vector3IfEE3getEv @ 0xaf0f00
MANUAL: _ZN7NavEKF312setOriginLLHERK8Location @ 0x756a80
MANUAL: _ZN15AP_AHRS_Backend10set_originERK8Location @ 0xaf0f50
MANUAL: _ZN6AP_DAL17log_SetOriginLLH3ERK8Location @ 0x756bc0
MANUAL: _ZN12NavEKF3_core12setOriginLLHERK8Location @ 0x756c50
MANUAL: _ZN12NavEKF3_core9setOriginERK8Location @ 0x756cc0
MANUAL: _ZNK12NavEKF3_core16calcEarthRateNEDER7Vector3IdEi @ 0x756e50
MANUAL: _ZNK11QuaternionTIdE7is_zeroEv @ 0xaf0fb0
MANUAL: _ZN12NavEKF3_core24alignMagStateDeclinationEv @ 0x756f40
MANUAL: _ZN12NavEKF3_core25setEarthFieldFromLocationERK8Location @ 0x7570e0
MANUAL: _ZNK14AP_DAL_Compass17have_scale_factorEh @ 0xaf1080
MANUAL: _ZNK14AP_DAL_Compass24auto_declination_enabledEv @ 0xaf10f0
MANUAL: _ZN12NavEKF3_core18getEarthFieldTableERK8Location @ 0x7571e0
MANUAL: _ZN14AP_Declination15get_declinationEff @ 0x7572e0
MANUAL: _ZNK12NavEKF3_core14MagDeclinationEv @ 0x757370
MANUAL: _ZN12NavEKF3_core8zeroRowsERA24_A24_dhh @ 0x757450
MANUAL: _ZN12NavEKF3_core8zeroColsERA24_A24_dhh @ 0x757510
MANUAL: _ZN18NavEKF_core_common10zero_rangeEPdhh @ 0xaf1150
MANUAL: _ZN12NavEKF3_core13ForceSymmetryEv @ 0x758630
MANUAL: _ZN12NavEKF3_core18ConstrainVariancesEv @ 0x758780
MANUAL: _ZN11QuaternionTIdE9normalizeEv @ 0xaf11e0
MANUAL: _ZNK11QuaternionTIdE6lengthEv @ 0xaf12c0
MANUAL: _Z20constrain_value_lineIdET_S0_S0_S0_j @ 0xaf1380
MANUAL: _Z2sqI9AP_ParamTIfL11ap_var_type4EEEdT_ @ 0xaf14a0
MANUAL: _ZNK9AP_ParamTIfL11ap_var_type4EEcvdEv @ 0xaf1500
MANUAL: _ZNK14AP_DAL_Compass15get_declinationEv @ 0xaf1550
MANUAL: _ZL7radiansf.5420 @ 0x7591f0
MANUAL: _ZN12NavEKF2_core9setOriginERK8Location @ 0x759370
MANUAL: _ZNK12NavEKF2_core16calcEarthRateNEDER7Vector3IdEi @ 0x7594b0
MANUAL: _ZL7radiansf.20242 @ 0x7595a0
MANUAL: _ZL2sqf.5342 @ 0x759d10
MANUAL: _ZNK8Location21get_distance_NE_ftypeERKS_ @ 0x759e60
MANUAL: _ZNK7Vector2IdEmlEd @ 0xaf15a0
MANUAL: _ZN16EKF_IMU_buffer_tIN12NavEKF3_core15output_elementsEEixEj @ 0xaf1620
MANUAL: _ZNK14ekf_imu_buffer3getEh @ 0x75a110
MANUAL: _ZNK14ekf_imu_buffer10get_offsetEh @ 0x75a170
MANUAL: _ZNK14AP_BattMonitor11consumed_whERfh @ 0x75bd10
MANUAL: _ZNK6AP_GPS8get_vdopEh @ 0xaf1780
MANUAL: _ZNK6AP_GPS16last_fix_time_msEh @ 0xaf17f0
MANUAL: _ZNK6AP_GPS20last_message_time_msEh @ 0xaf1860
MANUAL: _ZNK6AP_GPS22have_vertical_velocityEh @ 0xaf18d0
MANUAL: _ZNK6AP_GPS18get_antenna_offsetEh @ 0x75df80
MANUAL: _ZNK14AP_GPS_Blended18get_antenna_offsetEv @ 0xaf1950
MANUAL: _ZNK6AP_GPS11gps_yaw_degEhRfS0_Rj @ 0x75e050
MANUAL: _ZNK6AP_GPS11is_rtk_baseEh @ 0x75e240
MANUAL: _ZNK6AP_GPS12have_gps_yawEh @ 0xaf19a0
MANUAL: _ZNK11RangeFinder11num_sensorsEv @ 0xaf1a90
MANUAL: _ZNK11RangeFinder15has_orientationE8Rotation @ 0x760100
MANUAL: _ZNK11RangeFinder13status_orientE8Rotation @ 0x760440
MANUAL: _ZNK3GCS29sysid_mygcs_last_seen_time_msEv @ 0xaf1df0
MANUAL: _ZNK10AP_Vehicle18get_time_flying_msEv @ 0xaf1f50
MANUAL: _ZN12SRV_Channels23get_output_channel_maskEN11SRV_Channel8FunctionE @ 0x765da0
MANUAL: _ZN11SRV_Channel9output_chEv @ 0x766bc0
MANUAL: _ZN11SRV_Channel12set_overrideEb @ 0xaf2150
MANUAL: _ZN12SRV_Channels17set_output_scaledEN11SRV_Channel8FunctionEf @ 0x7674e0
MANUAL: _ZN12SRV_Channels9set_rangeEN11SRV_Channel8FunctionEt @ 0x767840
MANUAL: _ZNK10AP_Mission5stateEv @ 0xaf2510
MANUAL: _ZN19AP_ServoRelayEvents13update_eventsEv @ 0x770150
MANUAL: _Z16constrain_uint16ttt @ 0xaf2a90
MANUAL: _Z15constrain_valueItET_S0_S0_S0_ @ 0xaf2b20
MANUAL: _ZNK9QuadPlane18in_assisted_flightEv @ 0xaf2e40
MANUAL: _ZN9QuadPlane15PosControlState9set_stateENS_22position_control_stateE @ 0x772090
MANUAL: _ZN11QuaternionTIfE15from_axis_angleE7Vector3IfE @ 0xaf2f20
MANUAL: _ZNK9AP_Follow11have_targetEv @ 0x776a70
MANUAL: _ZN9AP_Follow13get_singletonEv @ 0xaf3a20
MANUAL: _ZN12AP_Scripting19is_handling_commandEt @ 0x77bc40
MANUAL: _ZNK8Location29get_vector_from_origin_NEU_cmI7Vector3IfEEEbRT_ @ 0xaf4600
MANUAL: _ZNK7Vector3IfE6is_infEv @ 0xaf4740
MANUAL: _ZN7Vector2IfE9normalizeEv @ 0xaf4a70
MANUAL: _ZN7Vector2IfEdVEf @ 0xaf4ad0
MANUAL: _ZNK7Vector2IfE6is_infEv @ 0xaf4b50
MANUAL: _ZN9AP_Logger19validate_structuresEPK12LogStructureh @ 0x7ae130
MANUAL: _ZN9AP_Logger15dump_structuresEPK12LogStructureh @ 0x7ae580
MANUAL: _ZN30LoggerMessageWriter_DFLogStartC2Ev @ 0xaf5850
MANUAL: _ZN9AP_Logger15start_io_threadEv @ 0x7ae5e0
MANUAL: _ZN9AP_Logger12EnableWritesEb @ 0xaf5970
MANUAL: _ZN7FunctorIvJEE4bindI9AP_LoggerXadL_ZNS2_9io_threadEvEEEES0_PT_ @ 0xaf59e0
MANUAL: _ZN9AP_Logger9io_threadEv @ 0x7ae700
MANUAL: _ZN7FunctorIvJEE14method_wrapperI9AP_LoggerXadL_ZNS2_9io_threadEvEEEEvPv @ 0xaf5a40
MANUAL: _ZL3MAXIjjEDTqugtfp_fp0_fp_fp0_ERKT_RKT0_.6748 @ 0x7ae880
MANUAL: _ZN9AP_Logger21check_crash_dump_saveEv @ 0x7ae900
MANUAL: _ZN9AP_Logger19file_content_updateEv @ 0x7aea80
MANUAL: _ZN9AP_Logger19file_content_updateERNS_11FileContentE @ 0x7aebe0
MANUAL: _ZN19LoggerMessageWriterC2Ev @ 0xaf5af0
MANUAL: _ZN32LoggerMessageWriter_WriteSysInfoC2Ev @ 0xaf5b60
MANUAL: _ZN38LoggerMessageWriter_WriteEntireMissionC2Ev @ 0xaf5bd0
MANUAL: _ZN39LoggerMessageWriter_WriteAllRallyPointsC2Ev @ 0xaf5c40
MANUAL: _ZN35LoggerMessageWriter_Write_PolyfenceC2Ev @ 0xaf5cc0
MANUAL: _ZN19LoggerMessageWriter18set_logger_backendEP17AP_Logger_Backend @ 0xaf5d30
MANUAL: _ZN17AP_Logger_Backend13Write_MessageEPKc @ 0x7af420
MANUAL: _ZN30LoggerMessageWriter_DFLogStart7processEv @ 0x7b01e0
MANUAL: _ZN30LoggerMessageWriter_DFLogStart18set_logger_backendEP17AP_Logger_Backend @ 0xaf5e10
MANUAL: _ZNK30LoggerMessageWriter_DFLogStart35out_of_time_for_writing_messages_dfEv @ 0x7b07e0
MANUAL: _ZNK17AP_Logger_Backend9num_typesEv @ 0x7b0870
MANUAL: _ZNK17AP_Logger_Backend9structureEh @ 0x7b08c0
MANUAL: _ZN14AP_Logger_File5probeER9AP_LoggerP30LoggerMessageWriter_DFLogStart @ 0xaf5ed0
MANUAL: _ZN17AP_Logger_BackendC2ER9AP_LoggerP30LoggerMessageWriter_DFLogStart @ 0x7b0fb0
MANUAL: _ZN17AP_Logger_Backend14periodic_tasksEv @ 0x7b1440
MANUAL: _ZN17AP_Logger_Backend24WriteMoreStartupMessagesEv @ 0x7b1910
MANUAL: _ZNK17AP_Logger_Backend15logging_enabledEv @ 0x7b3930
MANUAL: _ZN17AP_Logger_Backend13periodic_10HzEj @ 0x7b3a60
MANUAL: _ZN17AP_Logger_Backend12periodic_1HzEv @ 0x7b3ab0
MANUAL: _ZN17AP_Logger_Backend15push_log_blocksEv @ 0x7b3b40
MANUAL: _ZN17AP_Logger_Backend12df_stats_logEv @ 0x7b3ba0
MANUAL: _ZN17AP_Logger_Backend26Write_AP_Logger_Stats_FileERKNS_8df_statsE @ 0x7b3c10
MANUAL: _ZN17AP_Logger_Backend14df_stats_clearEv @ 0x7b3d20
MANUAL: _ZNK17AP_Logger_Backend31critical_message_reserved_spaceEj @ 0xaf6ae0
MANUAL: _ZN9AP_Logger16get_max_num_logsEv @ 0x7b7d40
MANUAL: _ZN14AP_Logger_FileC2ER9AP_LoggerP30LoggerMessageWriter_DFLogStart @ 0x7b7e10
MANUAL: _ZNK14AP_Logger_File12CardInsertedEv @ 0x7b7f40
MANUAL: _ZN14AP_Logger_File13find_last_logEv @ 0x7b8070
MANUAL: _ZN14AP_Logger_File15find_oldest_logEv @ 0x7b89f0
MANUAL: _ZNK14AP_Logger_File15logging_startedEv @ 0xaf6f70
MANUAL: _ZN14AP_Logger_File4InitEv @ 0x7b8c70
MANUAL: _ZN14AP_Logger_File21bufferspace_availableEv @ 0x7b8ef0
MANUAL: _ZNK14AP_Logger_File14logging_failedEv @ 0x7b9500
MANUAL: _ZN14AP_Logger_File8io_timerEv @ 0x7b95c0
MANUAL: _ZN14AP_Logger_File12periodic_1HzEv @ 0x7b9b90
MANUAL: _ZN14AP_Logger_File17periodic_fullrateEv @ 0x7b9e40
MANUAL: _ZN7AP_AHRS6updateEb @ 0x7ba340
MANUAL: _ZN7AP_AHRS18update_orientationEv @ 0x7ba680
MANUAL: _ZN17AP_InertialSensor6updateEv @ 0x7ba780
MANUAL: _ZN7AP_AHRS18load_watchdog_homeEv @ 0x7bacd0
MANUAL: _ZN7AP_AHRS29update_trim_rotation_matricesEv @ 0x7badf0
MANUAL: _ZN7AP_AHRS10update_DCMEv @ 0x7baf00
MANUAL: _ZN7AP_AHRS12update_flagsEv @ 0x7bafa0
MANUAL: _ZN7AP_AHRS11update_SITLEv @ 0x7bb060
MANUAL: _ZN7AP_AHRS15update_externalEv @ 0x7bb110
MANUAL: _ZN7AP_AHRS11update_EKF2Ev @ 0x7bb230
MANUAL: _ZN7AP_AHRS11update_EKF3Ev @ 0x7bb720
MANUAL: _ZNK7AP_AHRS14get_gyro_driftEv @ 0xaf6fd0
MANUAL: _ZN7AP_AHRS14update_AOA_SSAEv @ 0x7bbf10
MANUAL: _ZNK7AP_AHRS16_active_EKF_typeEv @ 0x7bc170
MANUAL: _ZN7AP_AHRS12update_stateEv @ 0x7bc6a0
MANUAL: _ZNK7AP_AHRS23_get_primary_gyro_indexEv @ 0x7bc940
MANUAL: _ZNK7AP_AHRS23_get_primary_core_indexEv @ 0x7bc9f0
MANUAL: _ZNK7AP_AHRS14_wind_estimateER7Vector3IfE @ 0x7bcac0
MANUAL: _ZN15AP_AHRS_Backend11get_EAS2TASEv @ 0x7bcbf0
MANUAL: _ZNK7AP_AHRS13_airspeed_EASERfRNS_20AirspeedEstimateTypeE @ 0x7bcc30
MANUAL: _ZNK7AP_AHRS13_airspeed_TASERf @ 0x7bd1b0
MANUAL: _ZNK7AP_AHRS13_airspeed_TASER7Vector3IfE @ 0x7bd2c0
MANUAL: _ZNK7AP_AHRS15_get_quaternionER11QuaternionTIfE @ 0x7bd3a0
MANUAL: _ZNK7AP_AHRS23_get_secondary_attitudeER7Vector3IfE @ 0x7bd560
MANUAL: _ZNK7AP_AHRS25_get_secondary_quaternionER11QuaternionTIfE @ 0x7bd760
MANUAL: _ZNK7AP_AHRS13_get_locationER8Location @ 0x7bd910
MANUAL: _ZNK7AP_AHRS23_get_secondary_positionER8Location @ 0x7bda90
MANUAL: _ZN7AP_AHRS19_groundspeed_vectorEv @ 0x7bdbe0
MANUAL: _ZN7AP_AHRS12_groundspeedEv @ 0x7bdd10
MANUAL: _ZNK7AP_AHRS29_getCorrectedDeltaVelocityNEDER7Vector3IfERf @ 0x7bdde0
MANUAL: _ZNK7AP_AHRS17_get_velocity_NEDER7Vector3IfE @ 0x7be070
MANUAL: _ZNK7NavEKF39getVelNEDER7Vector3IfE @ 0x7be230
MANUAL: _ZNK11AP_AHRS_DCM16get_velocity_NEDER7Vector3IfE @ 0x7be400
MANUAL: _ZNK12NavEKF3_core9getVelNEDER7Vector3IfE @ 0x7be560
MANUAL: _ZNK7NavEKF312getAccelBiasEaR7Vector3IfE @ 0x7be750
MANUAL: _ZNK17AP_InertialSensor18get_delta_velocityER7Vector3IfERf @ 0xaf7030
MANUAL: _ZNK17AP_InertialSensor18get_delta_velocityEhR7Vector3IfERf @ 0x7be820
MANUAL: _ZNK7AP_AHRS43get_rotation_autopilot_body_to_vehicle_bodyEv @ 0xaf70c0
MANUAL: _ZNK17AP_InertialSensor14get_delta_timeEv @ 0xaf7110
MANUAL: _ZL3MINIffEDTqultfp_fp0_fp_fp0_ERKT_RKT0_.4188 @ 0x7be9d0
MANUAL: _ZL3MINIffEDTqultfp_fp0_fp_fp0_ERKT_RKT0_.2602 @ 0x7bea60
MANUAL: _ZNK12NavEKF3_core12getAccelBiasER7Vector3IfE @ 0x7beaf0
MANUAL: _ZN15AP_AHRS_Backend11groundspeedEv @ 0xaf7180
MANUAL: _ZN11AP_AHRS_DCM18groundspeed_vectorEv @ 0x7bec70
MANUAL: _ZNK15AP_AHRS_Backend12airspeed_TASERf @ 0xaf71e0
MANUAL: _ZL7radiansf.2590 @ 0x7bf1e0
MANUAL: _ZNK7AP_AHRS23_get_secondary_EKF_typeERNS_7EKFTypeE @ 0x7bf230
MANUAL: _ZNK7NavEKF36getLLHER8Location @ 0x7bf420
MANUAL: _ZNK15AP_AHRS_Backend9Estimates12get_locationER8Location @ 0xaf7300
MANUAL: _ZNK12NavEKF3_core6getLLHER8Location @ 0x7bf4c0
MANUAL: _ZNK12NavEKF3_core9getGPSLLHER8Location @ 0x7bf750
MANUAL: _ZNK10AP_DAL_GPS6statusEv @ 0xaf7380
MANUAL: _ZNK7AP_AHRS24fallback_active_EKF_typeEv @ 0x7bfa90
MANUAL: _ZNK11AP_AHRS_DCM14get_quaternionER11QuaternionTIfE @ 0x7bfae0
MANUAL: _ZNK7NavEKF313getQuaternionER11QuaternionTIfE @ 0x7bfbe0
MANUAL: _ZN11QuaternionTIfE6rotateERK7Vector3IfE @ 0xaf73f0
MANUAL: _ZN15AP_ExternalAHRS14get_quaternionER11QuaternionTIfE @ 0x7bfce0
MANUAL: _ZNK12NavEKF3_core13getQuaternionER11QuaternionTIfE @ 0x7bfd90
MANUAL: _ZNK11QuaternionTIdE7tofloatEv @ 0xaf74a0
MANUAL: _ZNK7NavEKF314getEulerAnglesER7Vector3IfE @ 0x7bff40
MANUAL: _ZNK7NavEKF312getAirSpdVecER7Vector3IfE @ 0x7c0120
MANUAL: _ZNK12NavEKF3_core12getAirSpdVecER7Vector3IfE @ 0x7c01c0
MANUAL: _ZNK11QuaternionTIdE7inverseEv @ 0xaf7520
MANUAL: _ZNK7AP_AHRS25get_active_airspeed_indexEv @ 0x7c05c0
MANUAL: _ZNK7AP_AHRS27_should_use_airspeed_sensorEh @ 0x7c06c0
MANUAL: _ZNK7AP_AHRS27get_wind_estimation_enabledEv @ 0xaf75d0
MANUAL: _ZNK11AP_AHRS_DCM12airspeed_EASEhRf @ 0x7c07e0
MANUAL: _ZNK7NavEKF37getWindER7Vector3IfE @ 0x7c09d0
MANUAL: _ZNK12NavEKF3_core7getWindER7Vector3IfE @ 0x7c0af0
MANUAL: _ZNK11AP_AHRS_DCM30get_unconstrained_airspeed_EASEhRf @ 0x7c0b90
MANUAL: _ZNK7AP_AHRS12get_max_windEv @ 0xaf7630
MANUAL: _ZN15AP_AHRS_Backend23airspeed_sensor_enabledEh @ 0xaf7690
MANUAL: _ZN15AP_AHRS_Backend11get_TAS2EASEv @ 0xaf7730
MANUAL: _ZNK7AP_AHRS23airspeed_sensor_enabledEh @ 0xaf7770
MANUAL: _ZNK7AP_AHRS10option_setENS_7OptionsE @ 0xaf77d0
MANUAL: _ZNK7NavEKF317getActiveAirspeedEv @ 0x7c0cc0
MANUAL: _ZNK12NavEKF3_core17getActiveAirspeedEv @ 0x7c0d50
MANUAL: _ZNK7AP_Baro12_get_EAS2TASEv @ 0x7c0da0
MANUAL: _ZNK7AP_Baro20get_EAS2TAS_extendedEf @ 0x7c0e10
MANUAL: _ZNK11AP_AHRS_DCM13wind_estimateER7Vector3IfE @ 0xaf7850
MANUAL: _ZNK7NavEKF319getPrimaryCoreIndexEv @ 0x7c10e0
MANUAL: _ZNK7NavEKF326configuredToUseGPSForPosXYEv @ 0x7c1300
MANUAL: _ZNK11AP_AHRS_DCM20yaw_source_availableEv @ 0x7c1380
MANUAL: _ZNK16AP_NavEKF_Source14getPosXYSourceEh @ 0xaf7930
MANUAL: _ZL7degreesf.2538 @ 0x7c13e0
MANUAL: _ZNK7AP_AHRS9calc_trigERK7Matrix3IfERfS4_S4_S4_S4_S4_ @ 0x7c1480
MANUAL: _ZNK9AP_Logger15allow_start_ekfEv @ 0x7c1870
MANUAL: _ZN7NavEKF316InitialiseFilterEv @ 0x7c1940
MANUAL: _ZN7NavEKF312UpdateFilterEv @ 0x7c1f40
MANUAL: _ZNK7NavEKF320getRotationBodyToNEDER7Matrix3IfE @ 0x7c2510
MANUAL: _ZN7AP_AHRS16update_cd_valuesEv @ 0x7c25a0
MANUAL: _ZN7AP_AHRS11update_trigEv @ 0x7c26e0
MANUAL: _ZNK17AP_InertialSensor22get_first_usable_accelEv @ 0xaf79b0
MANUAL: _ZNK7NavEKF311getGyroBiasEaR7Vector3IfE @ 0x7c27c0
MANUAL: _ZN7AP_AHRS32update_notify_from_filter_statusERK17nav_filter_status @ 0x7c2890
MANUAL: _ZNK12NavEKF3_core11getGyroBiasER7Vector3IfE @ 0x7c2940
MANUAL: _ZN6AP_DAL11start_frameENS_9FrameTypeE @ 0x7c2a20
MANUAL: _ZNK6AP_DAL8micros64Ev @ 0xaf7a00
MANUAL: _ZNK12NavEKF3_core21getFramesSincePredictEv @ 0x7c2f00
MANUAL: _ZN6AP_DAL22ekf_low_time_remainingENS_7EKFTypeEh @ 0x7c2f60
MANUAL: _ZN12NavEKF3_core12UpdateFilterEb @ 0x7c30a0
MANUAL: _ZNK6AP_DAL9get_armedEv @ 0xaf7a50
MANUAL: _ZN7NavEKF315resetCoreErrorsEv @ 0x7c36a0
MANUAL: _ZN16AP_NavEKF_Source22align_inactive_sourcesEv @ 0x7c3730
MANUAL: _ZNK16AP_NavEKF_Source14getVelXYSourceEh @ 0xaf7ab0
MANUAL: _ZNK16AP_NavEKF_Source13getPosZSourceEh @ 0x7c39e0
MANUAL: _ZNK7AP_EnumIN16AP_NavEKF_Source7SourceZEEcvKS1_Ev @ 0xaf7b30
MANUAL: _ZN18NavEKF_core_common22fill_scratch_variablesEv @ 0x7c3c50
MANUAL: _ZN12NavEKF3_core23update_sensor_selectionEv @ 0x7c3cf0
MANUAL: _ZN12NavEKF3_core18controlFilterModesEv @ 0x7c3d60
MANUAL: _ZN12NavEKF3_core11readIMUDataEb @ 0x7c3e30
MANUAL: _ZN12NavEKF3_core27UpdateStrapdownEquationsNEDEv @ 0x7c4700
MANUAL: _ZN12NavEKF3_core20CovariancePredictionEP7Vector3IdE @ 0x7c4be0
MANUAL: _ZN12NavEKF3_core25runYawEstimatorPredictionEv @ 0x7cf3d0
MANUAL: _ZN12NavEKF3_core15SelectMagFusionEv @ 0x7cf530
MANUAL: _ZN12NavEKF3_core18SelectVelPosFusionEv @ 0x7d0260
MANUAL: _ZN12NavEKF3_core25runYawEstimatorCorrectionEv @ 0x7d0c20
MANUAL: _ZN12NavEKF3_core18SelectRngBcnFusionEv @ 0x7d0e10
MANUAL: _ZN12NavEKF3_core16SelectFlowFusionEv @ 0x7d0f40
MANUAL: _ZN12NavEKF3_core20SelectBodyOdomFusionEv @ 0x7d1220
MANUAL: _ZN12NavEKF3_core15SelectTasFusionEv @ 0x7d14d0
MANUAL: _ZN12NavEKF3_core20SelectBetaDragFusionEv @ 0x7d15d0
MANUAL: _ZN12NavEKF3_core18updateFilterStatusEv @ 0x7d1890
MANUAL: _ZN12NavEKF3_core13moveEKFOriginEv @ 0x7d21d0
MANUAL: _ZN12NavEKF3_core21checkUpdateEarthFieldEv @ 0x7d2380
MANUAL: _ZN12NavEKF3_core16calcOutputStatesEv @ 0x7d2440
MANUAL: _ZN12NavEKF3_core25InitialiseFilterBootstrapEv @ 0x7d3340
MANUAL: _ZN12NavEKF3_core11readMagDataEv @ 0x7d3790
MANUAL: _ZN12NavEKF3_core11readGpsDataEv @ 0x7d3ca0
MANUAL: _ZN12NavEKF3_core14readGpsYawDataEv @ 0x7d4630
MANUAL: _ZN12NavEKF3_core12readBaroDataEv @ 0x7d4760
MANUAL: _ZNK16EKF_IMU_buffer_tIN12NavEKF3_core12imu_elementsEE9is_filledEv @ 0xaf7b80
MANUAL: _ZN12NavEKF3_core19InitialiseVariablesEv @ 0x7d48d0
MANUAL: _ZN6AP_DAL3insEv @ 0xaf7be0
MANUAL: _ZNK21AP_DAL_InertialSensor9get_accelEh @ 0xaf7c30
MANUAL: _ZN7Vector3IdE9normalizeEv @ 0xaf7ca0
MANUAL: _ZN11QuaternionTIdE10from_eulerEddd @ 0xaf7d00
MANUAL: _ZN12NavEKF3_core13ResetVelocityENS_15resetDataSourceE @ 0x7d5600
MANUAL: _ZN12NavEKF3_core13ResetPositionENS_15resetDataSourceE @ 0x7d5a00
MANUAL: _ZN12NavEKF3_core11ResetHeightEv @ 0x7d5f90
MANUAL: _ZNK6AP_DAL8get_homeEv @ 0xaf7eb0
MANUAL: _ZN12NavEKF3_core14CovarianceInitEv @ 0x7d6390
MANUAL: _ZN12NavEKF3_core16StoreOutputResetEv @ 0x7d6630
MANUAL: _ZL2sqf.5403 @ 0x7d6790
MANUAL: _ZNK12NavEKF3_core26InitialGyroBiasUncertaintyEv @ 0x7d67e0
MANUAL: _ZL7radiansd.5415 @ 0x7d6830
MANUAL: _ZNK16AP_NavEKF_Source13useVelZSourceENS_7SourceZEh @ 0x7d6900
MANUAL: _ZNK12NavEKF3_core26CorrectGPSForAntennaOffsetERNS_12gps_elementsE @ 0x7d6a30
MANUAL: _ZL3MAXId9AP_ParamTIfL11ap_var_type4EEEDTqugtfp_fp0_fp_fp0_ERKT_RKT0_.5345 @ 0x7d6c40
MANUAL: _ZNK10AP_DAL_GPS18get_antenna_offsetEh @ 0xaf7f00
MANUAL: _ZNK7Vector3IdErmERKS0_ @ 0xaf7f70
MANUAL: _ZNK7Matrix3IdE13mul_transposeERK7Vector3IdE @ 0xaf8050
MANUAL: _ZL3MAXI9AP_ParamTIfL11ap_var_type4EEdEDTqugtfp_fp0_fp_fp0_ERKT_RKT0_ @ 0x7d6cf0
MANUAL: _ZN7Vector3IdEdVEd @ 0xaf8160
MANUAL: _ZNK21AP_DAL_InertialSensor16get_loop_delta_tEv @ 0xaf81f0
MANUAL: _ZL3MAXIhhEDTqugtfp_fp0_fp_fp0_ERKT_RKT0_.5402 @ 0x7d6d90
MANUAL: _ZN7Matrix3IdE4zeroEv @ 0xaf8240
MANUAL: _ZN12NavEKF3_core12BeaconFusion19InitialiseVariablesEv @ 0x7d6e10
MANUAL: _ZN16EKF_IMU_buffer_tIN12NavEKF3_core12imu_elementsEE5resetEv @ 0xaf82a0
MANUAL: _ZN16EKF_obs_buffer_tIN12NavEKF3_core12gps_elementsEE5resetEv @ 0xaf82f0
MANUAL: _ZN16EKF_obs_buffer_tIN12NavEKF3_core13baro_elementsEE5resetEv @ 0xaf8340
MANUAL: _ZN16EKF_obs_buffer_tIN12NavEKF3_core12tas_elementsEE5resetEv @ 0xaf8390
MANUAL: _ZN16EKF_obs_buffer_tIN12NavEKF3_core14range_elementsEE5resetEv @ 0xaf83e0
MANUAL: _ZN16EKF_IMU_buffer_tIN12NavEKF3_core15output_elementsEE5resetEv @ 0xaf8430
MANUAL: _ZN16EKF_obs_buffer_tIN12NavEKF3_core16rng_bcn_elementsEE5resetEv @ 0xaf8480
MANUAL: _ZN16EKF_obs_buffer_tIN12NavEKF3_core16vel_odm_elementsEE5resetEv @ 0xaf84d0
MANUAL: _ZN16EKF_obs_buffer_tIN12NavEKF3_core18wheel_odm_elementsEE5resetEv @ 0xaf8520
MANUAL: _ZN16EKF_obs_buffer_tIN12NavEKF3_core16ext_nav_elementsEE5resetEv @ 0xaf8570
MANUAL: _ZN16EKF_obs_buffer_tIN12NavEKF3_core20ext_nav_vel_elementsEE5resetEv @ 0xaf85c0
MANUAL: _ZN12NavEKF3_core22InitialiseVariablesMagEv @ 0x7d7120
MANUAL: _ZNK12NavEKF3_core16effective_magCalEv @ 0x7d7290
MANUAL: _ZNK14AP_DAL_Compass16get_first_usableEv @ 0xaf8610
MANUAL: _ZN11QuaternionTIdE10initialiseEv @ 0xaf8660
MANUAL: _ZN16EKF_obs_buffer_tIN12NavEKF3_core12mag_elementsEE5resetEv @ 0xaf86d0
MANUAL: _ZN16EKF_obs_buffer_tIN12NavEKF3_core12yaw_elementsEE5resetEv @ 0xaf8720
MANUAL: _ZN15ekf_ring_buffer5resetEv @ 0x7d7370
MANUAL: _ZN14ekf_imu_buffer5resetEv @ 0x7d73c0
MANUAL: _ZNK14ekf_imu_buffer9is_filledEv @ 0xaf8820
MANUAL: _ZNK11AP_DAL_Baro15get_last_updateEh @ 0xaf8880
MANUAL: _ZNK11AP_DAL_Baro12get_altitudeEh @ 0xaf88f0
MANUAL: _ZN16EKF_obs_buffer_tIN12NavEKF3_core13baro_elementsEE4pushERKS1_ @ 0xaf8960
MANUAL: _ZNK10AP_DAL_GPS11gps_yaw_degEhRfS0_Rj @ 0xaf89d0
MANUAL: _ZL3MAXIfdEDTqugtfp_fp0_fp_fp0_ERKT_RKT0_ @ 0x7d7430
MANUAL: _ZNK10AP_DAL_GPS20last_message_time_msEh @ 0xaf8af0
MANUAL: _ZNK10AP_DAL_GPS7get_lagEhRf @ 0xaf8b60
MANUAL: _ZL3MINIjjEDTqultfp_fp0_fp_fp0_ERKT_RKT0_.5220 @ 0x7d7630
MANUAL: _ZNK10AP_DAL_GPS8velocityEh @ 0xaf8c10
MANUAL: _ZNK10AP_DAL_GPS22have_vertical_velocityEh @ 0xaf8c80
MANUAL: _ZNK10AP_DAL_GPS14speed_accuracyEhRf @ 0xaf8d00
MANUAL: _ZL3MAXIdfEDTqugtfp_fp0_fp_fp0_ERKT_RKT0_.5216 @ 0x7d76b0
MANUAL: _ZL3MINIdfEDTqultfp_fp0_fp_fp0_ERKT_RKT0_ @ 0x7d7750
MANUAL: _ZL3MAXId9AP_ParamTIfL11ap_var_type4EEEDTqugtfp_fp0_fp_fp0_ERKT_RKT0_ @ 0x7d77f0
MANUAL: _ZNK10AP_DAL_GPS19horizontal_accuracyEhRf @ 0xaf8db0
MANUAL: _ZNK10AP_DAL_GPS17vertical_accuracyEhRf @ 0xaf8e60
MANUAL: _ZNK10AP_DAL_GPS8num_satsEh @ 0xaf8f10
MANUAL: _ZN12NavEKF3_core18calcGpsGoodToAlignEv @ 0x7d78a0
MANUAL: _ZN12NavEKF3_core20calcGpsGoodForFlightEv @ 0x7d8800
MANUAL: _ZN16EKF_obs_buffer_tIN12NavEKF3_core12gps_elementsEE4pushERKS1_ @ 0xaf8f80
MANUAL: _ZL3MAXIddEDTqugtfp_fp0_fp_fp0_ERKT_RKT0_.5381 @ 0x7d8cc0
MANUAL: _ZL3MINIdfEDTqultfp_fp0_fp_fp0_ERKT_RKT0_.5368 @ 0x7d8d40
MANUAL: _ZNK10AP_DAL_GPS8get_hdopEh @ 0xaf8ff0
MANUAL: _ZNK14AP_DAL_Compass9availableEv @ 0xaf9060
MANUAL: _ZNK14AP_DAL_Compass9get_countEv @ 0xaf90c0
MANUAL: _ZNK14AP_DAL_Compass21learn_offsets_enabledEv @ 0xaf9110
MANUAL: _ZNK14AP_DAL_Compass7healthyEh @ 0xaf9170
MANUAL: _ZNK14AP_DAL_Compass16last_update_usecEh @ 0xaf91e0
MANUAL: _ZNK14AP_DAL_Compass11get_offsetsEh @ 0xaf9250
MANUAL: _ZNK7Vector3IdEneERKS0_ @ 0xaf92c0
MANUAL: _ZN12NavEKF3_core12mag_elementsC2Ev @ 0xaf9390
MANUAL: _ZNK14AP_DAL_Compass9get_fieldEh @ 0xaf93f0
MANUAL: _ZNK14AP_DAL_Compass10consistentEv @ 0xaf9460
MANUAL: _ZN16EKF_obs_buffer_tIN12NavEKF3_core12mag_elementsEE4pushERKS1_ @ 0xaf94c0
MANUAL: _Z8is_equalIddENSt3__19enable_ifIXsr3std17is_floating_pointINS0_11common_typeIJT_T0_EE4typeEEE5valueEbE4typeES3_S4_ @ 0xaf9530
MANUAL: _ZN12NavEKF3_core17correctDeltaAngleER7Vector3IdEdh @ 0x7d9020
MANUAL: _ZN12NavEKF3_core20correctDeltaVelocityER7Vector3IdEdh @ 0x7d90e0
MANUAL: _ZN11QuaternionTIdEC2Ev @ 0xaf95b0
MANUAL: _ZN11QuaternionTIdE15from_axis_angleE7Vector3IdE @ 0xaf9620
MANUAL: _ZN11QuaternionTIdEmLERKS0_ @ 0xaf96e0
MANUAL: _ZNK11QuaternionTIdE15rotation_matrixER7Matrix3IdE @ 0xaf9880
MANUAL: _ZNK21AP_DAL_InertialSensor8get_gyroEh @ 0xaf9a70
MANUAL: _ZNK7Vector3IdEngEv @ 0xaf9ae0
MANUAL: _ZNK6AP_DAL20get_takeoff_expectedEv @ 0xaf9b80
MANUAL: _ZN16EKF_IMU_buffer_tIN12NavEKF3_core12imu_elementsEE18get_youngest_indexEv @ 0xaf9bf0
MANUAL: _ZN16EKF_IMU_buffer_tIN12NavEKF3_core12imu_elementsEE16get_oldest_indexEv @ 0xaf9c50
MANUAL: _ZNK11QuaternionTIdEdvERKS0_ @ 0xaf9cb0
MANUAL: _ZN11QuaternionTIdEixEh @ 0xaf9ed0
MANUAL: _ZL3MAXIddEDTqugtfp_fp0_fp_fp0_ERKT_RKT0_.5431 @ 0x7d9200
MANUAL: _ZN12NavEKF3_core15output_elementsC2Ev @ 0xaf9f40
MANUAL: _ZNK14ekf_imu_buffer16get_oldest_indexEv @ 0xaf9fc0
MANUAL: _ZNK14ekf_imu_buffer18get_youngest_indexEv @ 0xafa010
MANUAL: _ZN11QuaternionTIdE15from_axis_angleERK7Vector3IdEd @ 0xafa060
MANUAL: _ZNK6AP_DAL22get_touchdown_expectedEv @ 0xafa180
MANUAL: _ZNK6AP_DAL11get_EAS2TASEv @ 0xafa260
MANUAL: _ZN7Vector3IdEixEh @ 0xafa320
MANUAL: _ZNK7Vector3IdEixEh @ 0xafa390
MANUAL: _ZN7Vector2IdEixEh @ 0xafa400
MANUAL: _ZN15ekf_ring_buffer6recallEPvj @ 0x7dfd60
MANUAL: _ZNK15ekf_ring_buffer7time_msEh @ 0x7dfec0
MANUAL: _ZN12NavEKF3_core14readAirSpdDataEv @ 0x7dff30
MANUAL: _ZNK12NavEKF3_core11useAirspeedEv @ 0x7e1c00
MANUAL: _ZNK15AP_DAL_Airspeed14last_update_msEh @ 0xafa470
MANUAL: _ZNK15AP_DAL_Airspeed7healthyEh @ 0xafa4e0
MANUAL: _ZNK15AP_DAL_Airspeed3useEh @ 0xafa550
MANUAL: _ZNK15AP_DAL_Airspeed12get_airspeedEh @ 0xafa5c0
MANUAL: _ZL2sqf.5223 @ 0x7e1c60
MANUAL: _ZN16EKF_obs_buffer_tIN12NavEKF3_core12tas_elementsEE4pushERKS1_ @ 0xafa630
MANUAL: _ZN16EKF_obs_buffer_tIN12NavEKF3_core12tas_elementsEE6recallERS1_j @ 0xafa6a0
MANUAL: _ZNK6AP_DAL23airspeed_sensor_enabledEv @ 0xafa720
MANUAL: _ZN16EKF_obs_buffer_tIN12NavEKF3_core16vel_odm_elementsEE6recallERS1_j @ 0xafa790
MANUAL: _ZN16EKF_obs_buffer_tIN12NavEKF3_core18wheel_odm_elementsEE6recallERS1_j @ 0xafa810
MANUAL: _ZN12NavEKF3_core11of_elementsC2Ev @ 0xafa890
MANUAL: _ZN16EKF_obs_buffer_tIN12NavEKF3_core11of_elementsEE6recallERS1_j @ 0xafa920
MANUAL: _ZN12NavEKF3_core14readRngBcnDataEv @ 0x7eeb30
MANUAL: _ZN12NavEKF3_core16rng_bcn_elementsC2Ev @ 0xafab00
MANUAL: _ZN12NavEKF3_core17bestRotationOrderERNS_13rotationOrderE @ 0x7f2f80
MANUAL: _ZN12NavEKF3_core21resetQuatStateYawOnlyEddNS_13rotationOrderE @ 0x7f3070
MANUAL: _ZN12NavEKF3_core24recordYawResetsCompletedEv @ 0x7f3340
MANUAL: _ZNK11QuaternionTIdE8to_eulerERdS1_S1_ @ 0xafae70
MANUAL: _ZNK11QuaternionTIdE12to_vector312Ev @ 0xafaf20
MANUAL: _ZN12NavEKF3_core15StoreQuatRotateERK11QuaternionTIdE @ 0x7f33c0
MANUAL: _ZNK11QuaternionTIdEmlERKS0_ @ 0xafb070
MANUAL: _ZN7Matrix3IdE13from_euler312Eddd @ 0xafb260
MANUAL: _ZNK7Matrix3IdE11to_euler312Ev @ 0xafb900
MANUAL: _ZN7Matrix3IdEixEh @ 0xafb9f0
MANUAL: _ZN16EKF_obs_buffer_tIN12NavEKF3_core16ext_nav_elementsEE6recallERS1_j @ 0xafbb60
MANUAL: _ZN16EKF_obs_buffer_tIN12NavEKF3_core20ext_nav_vel_elementsEE6recallERS1_j @ 0xafbbe0
MANUAL: _ZNK12NavEKF3_core35CalculateVelInnovationsAndVariancesERK7Vector3IdEddRS1_S4_ @ 0x7f5900
MANUAL: _ZN16EKF_obs_buffer_tIN12NavEKF3_core12gps_elementsEE6recallERS1_j @ 0xafbc60
MANUAL: _ZN12NavEKF3_core21selectHeightForFusionEv @ 0x7f5f40
MANUAL: _ZN12NavEKF3_core13FuseVelPosNEDEv @ 0x7f7440
MANUAL: _ZL3MAXIdfEDTqugtfp_fp0_fp_fp0_ERKT_RKT0_.5356 @ 0x7f9790
MANUAL: _ZL3MAXI9AP_ParamTIfL11ap_var_type4EEfEDTqugtfp_fp0_fp_fp0_ERKT_RKT0_.5357 @ 0x7f9830
MANUAL: _ZN12NavEKF3_core15readRangeFinderEv @ 0x7f98c0
MANUAL: _ZN16EKF_obs_buffer_tIN12NavEKF3_core14range_elementsEE6recallERS1_j @ 0xafbce0
MANUAL: _ZN16EKF_obs_buffer_tIN12NavEKF3_core13baro_elementsEE6recallERS1_j @ 0xafbdb0
MANUAL: _ZN2AP11rangefinderEv @ 0x7fa3a0
MANUAL: _ZL3MAXIddEDTqugtfp_fp0_fp_fp0_ERKT_RKT0_.5205 @ 0x7fa490
MANUAL: _ZL3MAXI9AP_ParamTIfL11ap_var_type4EEfEDTqugtfp_fp0_fp_fp0_ERKT_RKT0_.5194 @ 0x7fa660
MANUAL: _ZN12NavEKF3_core12fuseEulerYawENS_15yawFusionMethodE @ 0x7fa6f0
MANUAL: _ZN16EKF_obs_buffer_tIN12NavEKF3_core12yaw_elementsEE6recallERS1_j @ 0xafc040
MANUAL: _ZN16EKF_obs_buffer_tIN12NavEKF3_core12mag_elementsEE6recallERS1_j @ 0xafc0c0
MANUAL: _ZN12NavEKF3_core18controlMagYawResetEv @ 0x7fc690
MANUAL: _ZN7Matrix3IdEC2Eddddddddd @ 0xafc140
MANUAL: _ZNK7Matrix3IdEixEh @ 0xafc290
MANUAL: _ZL3MAXIdfEDTqugtfp_fp0_fp_fp0_ERKT_RKT0_.5192 @ 0x8034e0
MANUAL: _ZN12NavEKF3_core17MagTableConstrainEv @ 0x803580
MANUAL: _ZNK11QuaternionTIdE13to_axis_angleER7Vector3IdE @ 0xafc300
MANUAL: _ZN12NavEKF3_core13setYawFromMagEv @ 0x8036b0
MANUAL: _ZN12NavEKF3_core19resetMagFieldStatesEv @ 0x8038e0
MANUAL: _ZNK7Matrix3IdE10transposedEv @ 0xafc440
MANUAL: _ZN12NavEKF3_core14recordMagResetEv @ 0x803b10
MANUAL: _ZN7Matrix3IdEC2ERK7Vector3IdES4_S4_ @ 0xafc500
MANUAL: _ZNK11QuaternionTIdE8to_eulerER7Vector3IdE @ 0xafc5d0
MANUAL: _ZL3MAXI9AP_ParamTIfL11ap_var_type4EEfEDTqugtfp_fp0_fp_fp0_ERKT_RKT0_.5442 @ 0x803bd0
MANUAL: _ZL3MAXIdfEDTqugtfp_fp0_fp_fp0_ERKT_RKT0_.5149 @ 0x803c60
MANUAL: _ZN10EKFGSF_yaw6updateERK7Vector3IdES3_ddbd @ 0x803d00
MANUAL: _ZN10EKFGSF_yaw9alignTiltEv @ 0x804520
MANUAL: _ZN10EKFGSF_yaw7predictEh @ 0x804790
MANUAL: _ZN10EKFGSF_yaw11predictAHRSEh @ 0x8052e0
MANUAL: _ZL7radiansf.4685 @ 0x805860
MANUAL: _ZL2sqf.4686 @ 0x8058b0
MANUAL: _ZNK10EKFGSF_yaw12updateRotMatERK7Matrix3IdERK7Vector3IdE @ 0x805900
MANUAL: _ZNK7Matrix3IdEmlERKS0_ @ 0xafc650
MANUAL: _ZN12NavEKF3_core21calcTiltErrorVarianceEv @ 0x8061e0
MANUAL: _ZN12NavEKF3_core23verifyTiltErrorVarianceEv @ 0x8068c0
MANUAL: _ZL3MINIffEDTqultfp_fp0_fp_fp0_ERKT_RKT0_.5423 @ 0x806cc0
MANUAL: _ZN11QuaternionTIdE6rotateERK7Vector3IdE @ 0xafc8c0
MANUAL: _ZN12NavEKF3_core15ConstrainStatesEv @ 0x806d50
MANUAL: _ZNK21AP_DAL_InertialSensor9use_accelEh @ 0xafc980
MANUAL: _ZNK21AP_DAL_InertialSensor8use_gyroEh @ 0xafca50
MANUAL: _ZN12NavEKF3_core19learnInactiveBiasesEv @ 0x807190
MANUAL: _ZN12NavEKF3_core19updateMovementCheckEv @ 0x807700
MANUAL: _ZN12NavEKF3_core17readDeltaVelocityEhR7Vector3IdERd @ 0x807fa0
MANUAL: _ZNK21AP_DAL_InertialSensor18get_imu_pos_offsetEh @ 0xafcb20
MANUAL: _ZN12NavEKF3_core14readDeltaAngleEhR7Vector3IdERd @ 0x8080f0
MANUAL: _ZN16EKF_IMU_buffer_tIN12NavEKF3_core12imu_elementsEE21push_youngest_elementES1_ @ 0xafcb90
MANUAL: _ZN12NavEKF3_core14SampleDragDataERKNS_12imu_elementsE @ 0x808210
MANUAL: _ZN16EKF_IMU_buffer_tIN12NavEKF3_core12imu_elementsEE18get_oldest_elementEv @ 0xafcbf0
MANUAL: _ZN12NavEKF3_core22updateTimingStatisticsEv @ 0x8084c0
MANUAL: _ZL3MINIfdEDTqultfp_fp0_fp_fp0_ERKT_RKT0_ @ 0x808770
MANUAL: _ZN12NavEKF3_core12imu_elementsC2Ev @ 0xafcc70
MANUAL: _ZN14ekf_imu_buffer18get_oldest_elementEPv @ 0x808810
MANUAL: _ZN14ekf_imu_buffer21push_youngest_elementEPKv @ 0x8088d0
MANUAL: _ZNK21AP_DAL_InertialSensor14get_gyro_countEv @ 0xafcd50
MANUAL: _ZNK21AP_DAL_InertialSensor15get_delta_angleEhR7Vector3IfERf @ 0xafcda0
MANUAL: _ZNK21AP_DAL_InertialSensor15get_accel_countEv @ 0xafcea0
MANUAL: _ZNK21AP_DAL_InertialSensor18get_delta_velocityEhR7Vector3IfERf @ 0xafcef0
MANUAL: _ZL7radiansi.5218 @ 0x8089c0
MANUAL: _ZN12NavEKF3_core12detectFlightEv @ 0x808a20
MANUAL: _ZN12NavEKF3_core27setWindMagStateLearningModeEv @ 0x808ee0
MANUAL: _ZN12NavEKF3_core28checkAttitudeAlignmentStatusEv @ 0x809780
MANUAL: _ZN12NavEKF3_core13setAidingModeEv @ 0x809890
MANUAL: _ZN12NavEKF3_core12setYawSourceEv @ 0x80a800
MANUAL: _ZN12NavEKF3_core18checkGyroCalStatusEv @ 0x80a8d0
MANUAL: _ZNK12NavEKF3_core13readyToUseGPSEv @ 0x80aa90
MANUAL: _ZNK12NavEKF3_core21readyToUseRangeBeaconEv @ 0x80abb0
MANUAL: _ZNK12NavEKF3_core16readyToUseExtNavEv @ 0x80aca0
MANUAL: _ZNK12NavEKF3_core17readyToUseOptFlowEv @ 0x80ad50
MANUAL: _ZNK12NavEKF3_core17readyToUseBodyOdmEv @ 0x80ae50
MANUAL: _ZL3MINIttEDTqultfp_fp0_fp_fp0_ERKT_RKT0_ @ 0x80afb0
MANUAL: _ZL7radiansd.5136 @ 0x80b030
MANUAL: _ZL7radiansf.5139 @ 0x80b080
MANUAL: _ZL2sqf.5140 @ 0x80b0d0
MANUAL: _ZN12NavEKF3_core19updateStateIndexLimEv @ 0x80b120
MANUAL: _ZL2sqf.5384 @ 0x80b200
MANUAL: _ZN12NavEKF3_core20update_gps_selectionEv @ 0x80b310
MANUAL: _ZN12NavEKF3_core20update_mag_selectionEv @ 0x80b410
MANUAL: _ZN12NavEKF3_core21update_baro_selectionEv @ 0x80b550
MANUAL: _ZN12NavEKF3_core25update_airspeed_selectionEv @ 0x80b630
MANUAL: _ZNK15AP_DAL_Airspeed11get_primaryEv @ 0xafd030
MANUAL: _ZNK11AP_DAL_Baro11get_primaryEv @ 0xafd080
MANUAL: _Z9fill_nanfPdt @ 0x80b740
MANUAL: _ZNK17AP_InertialSensor20get_last_update_usecEv @ 0xafd140
MANUAL: _ZNK17AP_InertialSensor16get_loop_delta_tEv @ 0xafd190
MANUAL: _ZN6AP_DAL12init_sensorsEv @ 0x80b840
MANUAL: _ZNK7AP_AHRS17get_vehicle_classEv @ 0xafd1e0
MANUAL: _ZNK7AP_AHRS20get_takeoff_expectedEv @ 0xafd230
MANUAL: _ZNK7AP_AHRS22get_touchdown_expectedEv @ 0xafd290
MANUAL: _ZNK7AP_AHRS8get_trimEv @ 0xafd2f0
MANUAL: _ZN2AP12wheelencoderEv @ 0x80bb60
MANUAL: _ZNK7AP_AHRS43get_rotation_vehicle_body_to_autopilot_bodyEv @ 0xafd3a0
MANUAL: _ZN21AP_DAL_InertialSensor11start_frameEv @ 0x80bba0
MANUAL: _ZN11AP_DAL_Baro11start_frameEv @ 0x80be20
MANUAL: _ZN10AP_DAL_GPS11start_frameEv @ 0x80bf90
MANUAL: _ZN14AP_DAL_Compass11start_frameEv @ 0x80c390
MANUAL: _ZN15AP_DAL_Airspeed11start_frameEv @ 0x80c5b0
MANUAL: _ZN2AP6beaconEv @ 0x80cba0
MANUAL: _ZN9AP_Beacon13get_singletonEv @ 0xafd4a0
MANUAL: _ZNK11AP_Airspeed15get_num_sensorsEv @ 0xafd4e0
MANUAL: _ZNK11AP_Airspeed14last_update_msEh @ 0xafd530
MANUAL: _ZNK7Compass24auto_declination_enabledEv @ 0xafd5a0
MANUAL: _ZNK7Compass15get_declinationEv @ 0x80d2f0
MANUAL: _ZNK7Compass15get_num_enabledEv @ 0x80d350
MANUAL: _ZNK7Compass16get_first_usableEv @ 0xafd610
MANUAL: _ZNK7Compass17have_scale_factorEh @ 0x80d410
MANUAL: _ZNK7Compass16last_update_usecEh @ 0xafd660
MANUAL: _ZNK14typesafe_indexIh14TAG_StateIndexEgeERKh @ 0xafd6e0
MANUAL: _ZNK7AP_Baro11get_primaryEv @ 0xafd750
MANUAL: _ZNK7AP_Baro15get_last_updateEh @ 0xafd7a0
MANUAL: _ZNK17AP_InertialSensor16get_loop_rate_hzEv @ 0xafd810
MANUAL: _ZNK17AP_InertialSensor15get_delta_angleEhR7Vector3IfERf @ 0x80d550
MANUAL: _ZN21AP_DAL_InertialSensor15update_filteredEh @ 0x80d720
MANUAL: _ZNK17AP_InertialSensor18get_imu_pos_offsetEh @ 0xafd860
MANUAL: _ZNK17AP_InertialSensor10_accel_posEh @ 0xafd8c0
MANUAL: _ZN17AP_InertialSensor10_accel_posEh @ 0xafd920
MANUAL: _ZN15AP_WheelEncoder13get_singletonEv @ 0xafd990
MANUAL: _ZN15AP_DAL_AirspeedC2Ev @ 0x80db70
MANUAL: _ZNK21AP_DAL_InertialSensor16get_loop_rate_hzEv @ 0xafdb70
MANUAL: _ZN7NavEKF318convert_parametersEv @ 0x80def0
MANUAL: _ZN13AP_ParamTBaseIaL11ap_var_type1EE15set_and_defaultERKa @ 0xafdbc0
MANUAL: _ZNK6AP_DAL16available_memoryEv @ 0xafdc50
MANUAL: _ZNK6AP_DAL11malloc_typeEmNS_10MemoryTypeE @ 0x80e320
MANUAL: _ZN12NavEKF3_core10setup_coreEhh @ 0x80e3a0
MANUAL: _ZL3MAXIdfEDTqugtfp_fp0_fp_fp0_ERKT_RKT0_.5396 @ 0x80ed90
MANUAL: _ZL3MAXIttEDTqugtfp_fp0_fp_fp0_ERKT_RKT0_ @ 0x80ee30
MANUAL: _ZL3MAXI9AP_ParamTIaL11ap_var_type1EEtEDTqugtfp_fp0_fp_fp0_ERKT_RKT0_ @ 0x80eeb0
MANUAL: _ZL3MAXI9AP_ParamTIsL11ap_var_type2EEtEDTqugtfp_fp0_fp_fp0_ERKT_RKT0_ @ 0x80ef50
MANUAL: _ZNK16AP_NavEKF_Source8usingGPSEh @ 0x80eff0
MANUAL: _ZL3MINItiEDTqultfp_fp0_fp_fp0_ERKT_RKT0_ @ 0x80f0d0
MANUAL: _ZL3MAXItiEDTqugtfp_fp0_fp_fp0_ERKT_RKT0_ @ 0x80f150
MANUAL: _ZL3MINIhhEDTqultfp_fp0_fp_fp0_ERKT_RKT0_.5398 @ 0x80f1d0
MANUAL: _ZL3MINIihEDTqultfp_fp0_fp_fp0_ERKT_RKT0_.5399 @ 0x80f250
MANUAL: _ZN16EKF_obs_buffer_tIN12NavEKF3_core12gps_elementsEE4initEh @ 0xafdd10
MANUAL: _ZN16EKF_obs_buffer_tIN12NavEKF3_core12mag_elementsEE4initEh @ 0xafdd70
MANUAL: _ZN16EKF_obs_buffer_tIN12NavEKF3_core13baro_elementsEE4initEh @ 0xafddd0
MANUAL: _ZN16EKF_obs_buffer_tIN12NavEKF3_core12tas_elementsEE4initEh @ 0xafde30
MANUAL: _ZNK16AP_NavEKF_Source15ext_nav_enabledEv @ 0x80f2e0
MANUAL: _ZNK16AP_NavEKF_Source21wheel_encoder_enabledEv @ 0x80f410
MANUAL: _ZNK16AP_NavEKF_Source15gps_yaw_enabledEv @ 0x80f4c0
MANUAL: _ZN16EKF_IMU_buffer_tIN12NavEKF3_core12imu_elementsEE4initEh @ 0xafe190
MANUAL: _ZN16EKF_IMU_buffer_tIN12NavEKF3_core15output_elementsEE4initEh @ 0xafe200
MANUAL: _ZN16EKF_obs_buffer_tIN12NavEKF3_core13drag_elementsEE4initEh @ 0xafe270
MANUAL: _ZN10EKFGSF_yawC2Ev @ 0x80f590
MANUAL: _ZN10EKFGSF_yaw11ahrs_structC2Ev @ 0xafe2d0
MANUAL: _ZN15ekf_ring_buffer4initEh @ 0x80f690
MANUAL: _ZN14ekf_imu_buffer4initEj @ 0x80f750
MANUAL: _ZN12NavEKF3_coreC2EP7NavEKF3R6AP_DAL @ 0x80f820
MANUAL: _ZN12NavEKF3_coreUt0_C2Ev @ 0xafe3c0
MANUAL: _ZN16EKF_IMU_buffer_tIN12NavEKF3_core12imu_elementsEEC2Ev @ 0xafe430
MANUAL: _ZN16EKF_obs_buffer_tIN12NavEKF3_core12gps_elementsEEC2Ev @ 0xafe490
MANUAL: _ZN16EKF_obs_buffer_tIN12NavEKF3_core12mag_elementsEEC2Ev @ 0xafe4f0
MANUAL: _ZN16EKF_obs_buffer_tIN12NavEKF3_core13baro_elementsEEC2Ev @ 0xafe550
MANUAL: _ZN16EKF_obs_buffer_tIN12NavEKF3_core12tas_elementsEEC2Ev @ 0xafe5b0
MANUAL: _ZN16EKF_obs_buffer_tIN12NavEKF3_core14range_elementsEEC2Ev @ 0xafe610
MANUAL: _ZN16EKF_IMU_buffer_tIN12NavEKF3_core15output_elementsEEC2Ev @ 0xafe670
MANUAL: _ZN12NavEKF3_core12gps_elementsC2Ev @ 0xafe6d0
MANUAL: _ZN16EKF_obs_buffer_tIN12NavEKF3_core11of_elementsEEC2Ev @ 0xafe730
MANUAL: _ZN12NavEKF3_coreUt2_C2Ev @ 0xafe790
MANUAL: _ZN16EKF_obs_buffer_tIN12NavEKF3_core16vel_odm_elementsEEC2Ev @ 0xafe810
MANUAL: _ZN12NavEKF3_core16vel_odm_elementsC2Ev @ 0xafe870
MANUAL: _ZN16EKF_obs_buffer_tIN12NavEKF3_core18wheel_odm_elementsEEC2Ev @ 0xafe8f0
MANUAL: _ZN12NavEKF3_core18wheel_odm_elementsC2Ev @ 0xafe950
MANUAL: _ZN16EKF_obs_buffer_tIN12NavEKF3_core12yaw_elementsEEC2Ev @ 0xafe9b0
MANUAL: _ZN12NavEKF3_core12BeaconFusionC2ER6AP_DAL @ 0xafea10
MANUAL: _ZN16EKF_obs_buffer_tIN12NavEKF3_core13drag_elementsEEC2Ev @ 0xafeae0
MANUAL: _ZN12NavEKF3_core13drag_elementsC2Ev @ 0xafeb40
MANUAL: _ZN16EKF_obs_buffer_tIN12NavEKF3_core16ext_nav_elementsEEC2Ev @ 0xafeba0
MANUAL: _ZN16EKF_obs_buffer_tIN12NavEKF3_core20ext_nav_vel_elementsEEC2Ev @ 0xafec00
MANUAL: _ZN15ekf_ring_bufferC2Eh @ 0x80fe80
MANUAL: _ZN16EKF_obs_buffer_tIN12NavEKF3_core16rng_bcn_elementsEEC2Ev @ 0xafec60
MANUAL: _ZN14ekf_imu_bufferC2Eh @ 0x80fee0
MANUAL: _ZN16AP_NavEKF_Source10configuredEv @ 0x80ff40
MANUAL: _ZN8AP_Param29find_top_level_key_by_pointerEPKvRt @ 0x80ffd0
MANUAL: _ZN16AP_NavEKF_Source15mark_configuredEv @ 0x8100b0
MANUAL: _ZN7NavEKF216InitialiseFilterEv @ 0x8101b0
MANUAL: _ZN7NavEKF212UpdateFilterEv @ 0x810760
MANUAL: _ZNK12NavEKF2_core21getFramesSincePredictEv @ 0x810e30
MANUAL: _ZN12NavEKF2_core12UpdateFilterEb @ 0x810e90
MANUAL: _ZN12NavEKF2_core18controlFilterModesEv @ 0x811090
MANUAL: _ZN12NavEKF2_core11readIMUDataEv @ 0x811160
MANUAL: _ZN12NavEKF2_core27UpdateStrapdownEquationsNEDEv @ 0x811980
MANUAL: _ZN12NavEKF2_core20CovariancePredictionEv @ 0x811dc0
MANUAL: _ZN12NavEKF2_core25runYawEstimatorPredictionEv @ 0x81b4d0
MANUAL: _ZN12NavEKF2_core15SelectMagFusionEv @ 0x81b640
MANUAL: _ZN12NavEKF2_core18SelectVelPosFusionEv @ 0x81ba90
MANUAL: _ZN12NavEKF2_core25runYawEstimatorCorrectionEv @ 0x81c2a0
MANUAL: _ZN12NavEKF2_core18SelectRngBcnFusionEv @ 0x81c3f0
MANUAL: _ZN12NavEKF2_core16SelectFlowFusionEv @ 0x81c480
MANUAL: _ZN12NavEKF2_core15SelectTasFusionEv @ 0x81c700
MANUAL: _ZN12NavEKF2_core16SelectBetaFusionEv @ 0x81c820
MANUAL: _ZN12NavEKF2_core18updateFilterStatusEv @ 0x81c9c0
MANUAL: _ZN12NavEKF2_core16calcOutputStatesEv @ 0x81d3c0
MANUAL: _ZN12NavEKF2_core25InitialiseFilterBootstrapEv @ 0x81e080
MANUAL: _ZNK12NavEKF2_core20assume_zero_sideslipEv @ 0x81e630
MANUAL: _ZN12NavEKF2_core11readMagDataEv @ 0x81e6c0
MANUAL: _ZN12NavEKF2_core11readGpsDataEv @ 0x81eba0
MANUAL: _ZN12NavEKF2_core12readBaroDataEv @ 0x81f660
MANUAL: _ZNK16EKF_IMU_buffer_tIN12NavEKF2_core12imu_elementsEE9is_filledEv @ 0xafecc0
MANUAL: _ZN12NavEKF2_core19InitialiseVariablesEv @ 0x81f800
MANUAL: _ZN16EKF_IMU_buffer_tIN12NavEKF2_core12imu_elementsEE13reset_historyES1_ @ 0xafed20
MANUAL: _ZN12NavEKF2_core13ResetVelocityEv @ 0x820500
MANUAL: _ZN12NavEKF2_core13ResetPositionEv @ 0x820850
MANUAL: _ZN12NavEKF2_core11ResetHeightEv @ 0x820d00
MANUAL: _ZN12NavEKF2_core14CovarianceInitEv @ 0x8210c0
MANUAL: _ZN12NavEKF2_core16StoreOutputResetEv @ 0x821320
MANUAL: _ZN16EKF_IMU_buffer_tIN12NavEKF2_core15output_elementsEEixEj @ 0xafed80
MANUAL: _ZNK12NavEKF2_core26InitialGyroBiasUncertaintyEv @ 0x821490
MANUAL: _ZL7radiansd.20240 @ 0x8214e0
MANUAL: _ZL2sqf.20241 @ 0x821530
MANUAL: _ZN12NavEKF2_core8zeroRowsERA24_A24_dhh @ 0x821600
MANUAL: _ZN12NavEKF2_core8zeroColsERA24_A24_dhh @ 0x8216c0
MANUAL: _ZNK10AP_DAL_GPS22have_vertical_velocityEv @ 0xafedf0
MANUAL: _ZNK12NavEKF2_core26CorrectGPSForAntennaOffsetERNS_12gps_elementsE @ 0x821780
MANUAL: _ZL3MAXId9AP_ParamTIfL11ap_var_type4EEEDTqugtfp_fp0_fp_fp0_ERKT_RKT0_.20184 @ 0x821980
MANUAL: _ZL3MAXI9AP_ParamTIfL11ap_var_type4EEdEDTqugtfp_fp0_fp_fp0_ERKT_RKT0_.20180 @ 0x821b60
MANUAL: _ZL2sqf.20181 @ 0x821c00
MANUAL: _ZN14ekf_imu_buffer13reset_historyEPKv @ 0x821c50
MANUAL: _ZL3MAXIhiEDTqugtfp_fp0_fp_fp0_ERKT_RKT0_.20229 @ 0x821cf0
MANUAL: _ZN7Matrix3IdE8identityEv @ 0xafee60
MANUAL: _ZN12NavEKF2_core20ext_nav_vel_elementsC2Ev @ 0xafeed0
MANUAL: _ZN16EKF_IMU_buffer_tIN12NavEKF2_core12imu_elementsEE5resetEv @ 0xafef30
MANUAL: _ZN16EKF_obs_buffer_tIN12NavEKF2_core12gps_elementsEE5resetEv @ 0xafef80
MANUAL: _ZN16EKF_obs_buffer_tIN12NavEKF2_core13baro_elementsEE5resetEv @ 0xafefd0
MANUAL: _ZN16EKF_obs_buffer_tIN12NavEKF2_core12tas_elementsEE5resetEv @ 0xaff020
MANUAL: _ZN16EKF_obs_buffer_tIN12NavEKF2_core14range_elementsEE5resetEv @ 0xaff070
MANUAL: _ZN16EKF_IMU_buffer_tIN12NavEKF2_core15output_elementsEE5resetEv @ 0xaff0c0
MANUAL: _ZN16EKF_obs_buffer_tIN12NavEKF2_core16rng_bcn_elementsEE5resetEv @ 0xaff110
MANUAL: _ZN16EKF_obs_buffer_tIN12NavEKF2_core16ext_nav_elementsEE5resetEv @ 0xaff160
MANUAL: _ZN16EKF_obs_buffer_tIN12NavEKF2_core20ext_nav_vel_elementsEE5resetEv @ 0xaff1b0
MANUAL: _ZN12NavEKF2_core22InitialiseVariablesMagEv @ 0x821d70
MANUAL: _ZN16EKF_obs_buffer_tIN12NavEKF2_core12mag_elementsEE5resetEv @ 0xaff200
MANUAL: _ZNK11AP_DAL_Baro15get_last_updateEv @ 0xaff250
MANUAL: _ZNK11AP_DAL_Baro12get_altitudeEv @ 0xaff2b0
MANUAL: _ZL3MAXIddEDTqugtfp_fp0_fp_fp0_ERKT_RKT0_.20150 @ 0x821e70
MANUAL: _ZN16EKF_obs_buffer_tIN12NavEKF2_core13baro_elementsEE4pushERKS1_ @ 0xaff310
MANUAL: _ZNK10AP_DAL_GPS7get_lagERf @ 0xaff380
MANUAL: _ZNK10AP_DAL_GPS8velocityEv @ 0xaff400
MANUAL: _ZNK10AP_DAL_GPS14speed_accuracyERf @ 0xaff460
MANUAL: _ZL3MAXIdfEDTqugtfp_fp0_fp_fp0_ERKT_RKT0_.20159 @ 0x821ef0
MANUAL: _ZL3MINIdfEDTqultfp_fp0_fp_fp0_ERKT_RKT0_.20160 @ 0x821f90
MANUAL: _ZL3MAXId9AP_ParamTIfL11ap_var_type4EEEDTqugtfp_fp0_fp_fp0_ERKT_RKT0_.20162 @ 0x822030
MANUAL: _ZNK10AP_DAL_GPS19horizontal_accuracyERf @ 0xaff4e0
MANUAL: _ZNK10AP_DAL_GPS17vertical_accuracyERf @ 0xaff560
MANUAL: _ZNK10AP_DAL_GPS8num_satsEv @ 0xaff5e0
MANUAL: _ZN12NavEKF2_core18calcGpsGoodToAlignEv @ 0x8220e0
MANUAL: _ZN12NavEKF2_core20calcGpsGoodForFlightEv @ 0x822fd0
MANUAL: _ZN12NavEKF2_core24alignMagStateDeclinationEv @ 0x823320
MANUAL: _ZL7radiansf.20163 @ 0x8234c0
MANUAL: _ZN16EKF_obs_buffer_tIN12NavEKF2_core12gps_elementsEE4pushERKS1_ @ 0xaff650
MANUAL: _ZNK12NavEKF2_core14MagDeclinationEv @ 0x823510
MANUAL: _ZN12NavEKF2_core13ForceSymmetryEv @ 0x823fd0
MANUAL: _ZN12NavEKF2_core18ConstrainVariancesEv @ 0x824120
MANUAL: _ZL3MAXIddEDTqugtfp_fp0_fp_fp0_ERKT_RKT0_.20213 @ 0x824650
MANUAL: _ZL3MINIdfEDTqultfp_fp0_fp_fp0_ERKT_RKT0_.20200 @ 0x8246d0
MANUAL: _ZNK10AP_DAL_GPS8get_hdopEv @ 0xaff6c0
MANUAL: _ZN12NavEKF2_core12mag_elementsC2Ev @ 0xaff730
MANUAL: _ZN16EKF_obs_buffer_tIN12NavEKF2_core12mag_elementsEE4pushERKS1_ @ 0xaff790
MANUAL: _ZN12NavEKF2_core17correctDeltaAngleER7Vector3IdEdh @ 0x824920
MANUAL: _ZN12NavEKF2_core20correctDeltaVelocityER7Vector3IdEdh @ 0x824a30
MANUAL: _ZN16EKF_IMU_buffer_tIN12NavEKF2_core12imu_elementsEE18get_youngest_indexEv @ 0xaff800
MANUAL: _ZN16EKF_IMU_buffer_tIN12NavEKF2_core12imu_elementsEE16get_oldest_indexEv @ 0xaff860
MANUAL: _ZN12NavEKF2_core15output_elementsC2Ev @ 0xaff8c0
MANUAL: _ZNK12NavEKF2_core11useAirspeedEv @ 0x824ae0
MANUAL: _ZN12NavEKF2_core14readAirSpdDataEv @ 0x828020
MANUAL: _ZNK15AP_DAL_Airspeed3useEv @ 0xaff940
MANUAL: _ZNK15AP_DAL_Airspeed7healthyEv @ 0xaff9b0
MANUAL: _ZNK15AP_DAL_Airspeed14last_update_msEv @ 0xaffa20
MANUAL: _ZNK15AP_DAL_Airspeed12get_airspeedEv @ 0xaffa80
MANUAL: _ZN16EKF_obs_buffer_tIN12NavEKF2_core12tas_elementsEE4pushERKS1_ @ 0xaffae0
MANUAL: _ZN16EKF_obs_buffer_tIN12NavEKF2_core12tas_elementsEE6recallERS1_j @ 0xaffb50
MANUAL: _ZN12NavEKF2_core14readRngBcnDataEv @ 0x82f990
MANUAL: _ZN12NavEKF2_core15StoreQuatRotateERK11QuaternionTIdE @ 0x8338d0
MANUAL: _ZN12NavEKF2_core14recordYawResetEv @ 0x833a60
MANUAL: _ZN16EKF_obs_buffer_tIN12NavEKF2_core16ext_nav_elementsEE6recallERS1_j @ 0xaffcc0
MANUAL: _ZN16EKF_obs_buffer_tIN12NavEKF2_core20ext_nav_vel_elementsEE6recallERS1_j @ 0xaffd40
MANUAL: _ZN16EKF_obs_buffer_tIN12NavEKF2_core12gps_elementsEE6recallERS1_j @ 0xaffdc0
MANUAL: _ZN12NavEKF2_core18controlMagYawResetEv @ 0x833c10
MANUAL: _ZN12NavEKF2_core12fuseEulerYawEv @ 0x834570
MANUAL: _ZN12NavEKF2_core21selectHeightForFusionEv @ 0x835df0
MANUAL: _ZN12NavEKF2_core13FuseVelPosNEDEv @ 0x837130
MANUAL: _ZL3MAXIdfEDTqugtfp_fp0_fp_fp0_ERKT_RKT0_.20190 @ 0x838e40
MANUAL: _ZN12NavEKF2_core15readRangeFinderEv @ 0x838ee0
MANUAL: _ZN16EKF_obs_buffer_tIN12NavEKF2_core14range_elementsEE6recallERS1_j @ 0xaffe40
MANUAL: _ZN16EKF_obs_buffer_tIN12NavEKF2_core13baro_elementsEE6recallERS1_j @ 0xaffec0
MANUAL: _ZN12NavEKF2_core14zeroAttCovOnlyEv @ 0x839960
MANUAL: _ZL3MAXIdfEDTqugtfp_fp0_fp_fp0_ERKT_RKT0_.20138 @ 0x839a90
MANUAL: _ZN12NavEKF2_core22calcQuatAndFieldStatesEdd @ 0x839b30
MANUAL: _ZN12NavEKF2_core14recordMagResetEv @ 0x839fb0
MANUAL: _ZN16EKF_obs_buffer_tIN12NavEKF2_core12mag_elementsEE6recallERS1_j @ 0xafffb0
MANUAL: _ZN12NavEKF2_core17MagTableConstrainEv @ 0x83fb70
MANUAL: _ZN12NavEKF2_core15CopyCovariancesEv @ 0x83fca0
MANUAL: _ZN12NavEKF2_core15ConstrainStatesEv @ 0x83fd90
MANUAL: _ZL3MAXIddEDTqugtfp_fp0_fp_fp0_ERKT_RKT0_.20258 @ 0x8401c0
MANUAL: _ZN12NavEKF2_core19learnInactiveBiasesEv @ 0x840240
MANUAL: _ZN12NavEKF2_core17readDeltaVelocityEhR7Vector3IdERd @ 0x840710
MANUAL: _ZN12NavEKF2_core14readDeltaAngleEhR7Vector3IdERd @ 0x840880
MANUAL: _ZN16EKF_IMU_buffer_tIN12NavEKF2_core12imu_elementsEE21push_youngest_elementES1_ @ 0xb00030
MANUAL: _ZN16EKF_IMU_buffer_tIN12NavEKF2_core12imu_elementsEE18get_oldest_elementEv @ 0xb00090
MANUAL: _ZN12NavEKF2_core22updateTimingStatisticsEv @ 0x8409f0
MANUAL: _ZL3MAXIfdEDTqugtfp_fp0_fp_fp0_ERKT_RKT0_.20157 @ 0x840ca0
MANUAL: _ZL3MINIfdEDTqultfp_fp0_fp_fp0_ERKT_RKT0_.20158 @ 0x840d40
MANUAL: _ZN12NavEKF2_core12imu_elementsC2Ev @ 0xb00110
MANUAL: _ZL7radiansi.20161 @ 0x840de0
MANUAL: _ZN12NavEKF2_core12detectFlightEv @ 0x840e40
MANUAL: _ZN12NavEKF2_core27setWindMagStateLearningModeEv @ 0x8412e0
MANUAL: _ZN12NavEKF2_core28checkAttitudeAlignmentStatusEv @ 0x841980
MANUAL: _ZN12NavEKF2_core13setAidingModeEv @ 0x841af0
MANUAL: _ZN12NavEKF2_core18checkGyroCalStatusEv @ 0x8425a0
MANUAL: _ZNK12NavEKF2_core13readyToUseGPSEv @ 0x842740
MANUAL: _ZNK12NavEKF2_core21readyToUseRangeBeaconEv @ 0x842830
MANUAL: _ZNK12NavEKF2_core16readyToUseExtNavEv @ 0x8428e0
MANUAL: _ZNK12NavEKF2_core18optFlowDataPresentEv @ 0x842960
MANUAL: _ZL3MINIttEDTqultfp_fp0_fp_fp0_ERKT_RKT0_.20103 @ 0x8429d0
MANUAL: _ZL7radiansd.20114 @ 0x842a50
MANUAL: _ZNK12NavEKF2_core16effective_magCalEv @ 0x842af0
MANUAL: _ZN12NavEKF2_core10setup_coreEhh @ 0x842b90
MANUAL: _ZN16EKF_obs_buffer_tIN12NavEKF2_core12gps_elementsEE4initEh @ 0xb001d0
MANUAL: _ZN16EKF_obs_buffer_tIN12NavEKF2_core12mag_elementsEE4initEh @ 0xb00230
MANUAL: _ZN16EKF_obs_buffer_tIN12NavEKF2_core13baro_elementsEE4initEh @ 0xb00290
MANUAL: _ZN16EKF_obs_buffer_tIN12NavEKF2_core12tas_elementsEE4initEh @ 0xb002f0
MANUAL: _ZN16EKF_obs_buffer_tIN12NavEKF2_core11of_elementsEE4initEh @ 0xb00350
MANUAL: _ZN16EKF_obs_buffer_tIN12NavEKF2_core14range_elementsEE4initEh @ 0xb003b0
MANUAL: _ZN16EKF_obs_buffer_tIN12NavEKF2_core16rng_bcn_elementsEE4initEh @ 0xb00410
MANUAL: _ZN16EKF_obs_buffer_tIN12NavEKF2_core16ext_nav_elementsEE4initEh @ 0xb00470
MANUAL: _ZN16EKF_IMU_buffer_tIN12NavEKF2_core12imu_elementsEE4initEh @ 0xb004d0
MANUAL: _ZN16EKF_IMU_buffer_tIN12NavEKF2_core15output_elementsEE4initEh @ 0xb00540
MANUAL: _ZN16EKF_obs_buffer_tIN12NavEKF2_core20ext_nav_vel_elementsEE4initEh @ 0xb005b0
MANUAL: _ZN12NavEKF2_coreC2EP7NavEKF2 @ 0x842fc0
MANUAL: _ZN12NavEKF2_coreUt0_C2Ev @ 0xb00610
MANUAL: _ZN16EKF_IMU_buffer_tIN12NavEKF2_core12imu_elementsEEC2Ev @ 0xb00680
MANUAL: _ZN16EKF_obs_buffer_tIN12NavEKF2_core12gps_elementsEEC2Ev @ 0xb006e0
MANUAL: _ZN16EKF_obs_buffer_tIN12NavEKF2_core12mag_elementsEEC2Ev @ 0xb00740
MANUAL: _ZN16EKF_obs_buffer_tIN12NavEKF2_core13baro_elementsEEC2Ev @ 0xb007a0
MANUAL: _ZN16EKF_obs_buffer_tIN12NavEKF2_core12tas_elementsEEC2Ev @ 0xb00800
MANUAL: _ZN16EKF_obs_buffer_tIN12NavEKF2_core14range_elementsEEC2Ev @ 0xb00860
MANUAL: _ZN16EKF_IMU_buffer_tIN12NavEKF2_core15output_elementsEEC2Ev @ 0xb008c0
MANUAL: _ZN12NavEKF2_core12gps_elementsC2Ev @ 0xb00920
MANUAL: _ZN16EKF_obs_buffer_tIN12NavEKF2_core11of_elementsEEC2Ev @ 0xb00990
MANUAL: _ZN12NavEKF2_core11of_elementsC2Ev @ 0xb009f0
MANUAL: _ZN16EKF_obs_buffer_tIN12NavEKF2_core16rng_bcn_elementsEEC2Ev @ 0xb00a80
MANUAL: _ZN12NavEKF2_core16rng_bcn_elementsC2Ev @ 0xb00ae0
MANUAL: _ZN12NavEKF2_core20rngBcnFusionReport_tC2Ev @ 0xb00b40
MANUAL: _ZN16EKF_obs_buffer_tIN12NavEKF2_core16ext_nav_elementsEEC2Ev @ 0xb00ba0
MANUAL: _ZN12NavEKF2_core16ext_nav_elementsC2Ev @ 0xb00c00
MANUAL: _ZN16EKF_obs_buffer_tIN12NavEKF2_core20ext_nav_vel_elementsEEC2Ev @ 0xb00c70
MANUAL: _ZN12NavEKF2_coreUt4_C2Ev @ 0xb00cd0
MANUAL: _ZN16AP_AHRS_External6updateEv @ 0x843550
MANUAL: _ZN16AP_AHRS_External11get_resultsERN15AP_AHRS_Backend9EstimatesE @ 0x8435a0
MANUAL: _ZN7AP_AHRS37copy_estimates_from_backend_estimatesERKN15AP_AHRS_Backend9EstimatesE @ 0x8437f0
MANUAL: _ZN15AP_ExternalAHRS6updateEv @ 0x843ad0
MANUAL: _ZL7degreesf.11297 @ 0x843e00
MANUAL: _ZN11AP_AHRS_SIM6updateEv @ 0xb00d40
MANUAL: _ZN11AP_AHRS_SIM11get_resultsERN15AP_AHRS_Backend9EstimatesE @ 0x843e50
MANUAL: _ZN11AP_AHRS_DCM6updateEv @ 0x844a30
MANUAL: _ZN11AP_AHRS_DCM11get_resultsERN15AP_AHRS_Backend9EstimatesE @ 0x844d50
MANUAL: _ZN11AP_AHRS_DCM13matrix_updateEv @ 0x844e70
MANUAL: _ZN11AP_AHRS_DCM9normalizeEv @ 0x8450c0
MANUAL: _ZN11AP_AHRS_DCM16drift_correctionEf @ 0x8452e0
MANUAL: _ZN11AP_AHRS_DCM12check_matrixEv @ 0x846640
MANUAL: _ZN11AP_AHRS_DCM15backup_attitudeEv @ 0x846740
MANUAL: _ZNK11AP_AHRS_DCM12get_error_rpEv @ 0xb00e00
MANUAL: _ZNK11AP_AHRS_DCM13get_error_yawEv @ 0xb00e50
MANUAL: _ZN7Matrix3IfE6is_nanEv @ 0xb00ea0
MANUAL: _ZN11AP_AHRS_DCM5resetEb @ 0x8467d0
MANUAL: _ZN11AP_AHRS_DCM20drift_correction_yawEv @ 0x846c30
MANUAL: _ZNK7Matrix3IfE4colxEv @ 0xb00f40
MANUAL: _ZNK6AP_GPS16last_fix_time_msEv @ 0xb00fb0
MANUAL: _ZL3MAXIfiEDTqugtfp_fp0_fp_fp0_ERKT_RKT0_.2600 @ 0x847150
MANUAL: _ZNK11AP_AHRS_DCM26should_correct_centrifugalEv @ 0x8471f0
MANUAL: _ZN11AP_AHRS_DCM10ra_delayedEhRK7Vector3IfE @ 0x847240
MANUAL: _ZNK17AP_InertialSensor7healthyEv @ 0xb01010
MANUAL: _ZN11AP_AHRS_DCM7_P_gainEf @ 0x847340
MANUAL: _ZNK11AP_AHRS_DCM14use_fast_gainsEv @ 0x847420
MANUAL: _ZL7radiansi.2601 @ 0x8474b0
MANUAL: _ZNK17AP_InertialSensor19get_gyro_drift_rateEv @ 0xb01090
MANUAL: _ZNK17AP_InertialSensor15get_gyro_healthEv @ 0xb010e0
MANUAL: _ZNK17AP_InertialSensor16get_accel_healthEv @ 0xb01140
MANUAL: _ZNK7Compass16last_update_usecEv @ 0xb011a0
MANUAL: _ZN7Compass4readEv @ 0x847510
MANUAL: _ZN11AP_AHRS_DCM17yaw_error_compassER7Compass @ 0x8478e0
MANUAL: _ZNK11AP_AHRS_DCM9_yaw_gainEv @ 0x847a60
MANUAL: _ZNK7Matrix3IfE5mulXYERK7Vector3IfE @ 0xb01200
MANUAL: _ZNK7Vector2IfErmERKS0_ @ 0xb012d0
MANUAL: _ZN7Compass24try_set_initial_locationEv @ 0x847b10
MANUAL: _ZN7Compass15_detect_runtimeEv @ 0x847c10
MANUAL: _ZN19RestrictIDTypeArrayI9AP_ParamTIaL11ap_var_type1EELj3E14typesafe_indexIh12TAG_PriorityEEixERKS5_ @ 0xb01350
MANUAL: _ZN7Matrix3IfE6invertEv @ 0xb015b0
MANUAL: _ZNK7Matrix3IfE7inverseERS0_ @ 0xb01640
MANUAL: _ZNK7Matrix3IfE3detEv @ 0xb01830
MANUAL: _ZN7Compass15_driver_enabledENS_10DriverTypeE @ 0x848f90
MANUAL: _ZN19AP_Compass_DroneCAN5probeEh @ 0x849030
MANUAL: _ZN7Compass12_add_backendEP18AP_Compass_Backend @ 0x8492a0
MANUAL: _ZNK18AP_Compass_Backend16register_compassEiRh @ 0x849450
MANUAL: _ZN18AP_Compass_Backend10set_dev_idEhj @ 0x8494d0
MANUAL: _ZN18AP_Compass_Backend12set_externalEhb @ 0x8495b0
MANUAL: _ZN7Compass16register_compassEiRh @ 0x8496a0
MANUAL: _ZN7Compass21_update_priority_listEi @ 0x849b70
MANUAL: _ZNK14typesafe_indexIh14TAG_StateIndexEcvhEv @ 0xb01980
MANUAL: _ZNK14typesafe_indexIh12TAG_PriorityEgeERKh @ 0xb019d0
MANUAL: _ZN18AP_Compass_BackendC2Ev @ 0x849e30
MANUAL: _ZN18AP_Compass_Backend25drain_accumulated_samplesEhPK7Vector3IfE @ 0x849f10
MANUAL: _ZN18AP_Compass_Backend22publish_filtered_fieldERK7Vector3IfEh @ 0x84a090
MANUAL: _ZN11AP_AHRS_DCM6renormERK7Vector3IfERS1_ @ 0x84a150
MANUAL: _ZNK17AP_InertialSensor15get_delta_angleER7Vector3IfERf @ 0xb01c50
MANUAL: _ZNK7Vector3IfEeqERKS0_ @ 0xb01ce0
MANUAL: _ZN17AP_InertialSensor21set_board_orientationE8Rotation @ 0xb01db0
MANUAL: _ZN7Compass21set_board_orientationE8Rotation @ 0xb01e10
MANUAL: _ZNK14AP_Logger_File17recent_open_errorEv @ 0x84a500
MANUAL: _ZNK14AP_Logger_File15io_thread_aliveEv @ 0x84a590
MANUAL: _ZN14AP_Logger_File16disk_space_availEv @ 0x84a920
MANUAL: _ZN13AP_Filesystem9disk_freeEPKc @ 0x84ab00
MANUAL: _ZNK14AP_Logger_File18_lastlog_file_nameEv @ 0x84ab80
MANUAL: _ZN14AP_Logger_File13Prep_MinSpaceEv @ 0x84afb0
MANUAL: _ZNK14AP_Logger_File17dirent_to_log_numEPK6direntRt @ 0x84b3f0
MANUAL: _ZN2AP4rssiEv @ 0x851d40
MANUAL: _ZNK7AP_RSSI7enabledEv @ 0xb02590
MANUAL: _ZN7AP_RSSI13get_singletonEv @ 0x852570
MANUAL: _ZN7FunctorIvJEE4bindI13AP_CANManagerXadL_ZNS2_20check_logging_enableEvEEEES0_PT_ @ 0xb02b60
MANUAL: _ZN13AP_CANManager20check_logging_enableEv @ 0x853530
MANUAL: _ZN7FunctorIvJEE14method_wrapperI13AP_CANManagerXadL_ZNS2_20check_logging_enableEvEEEEvPv @ 0xb02bc0
MANUAL: _ZNK13AP_CANManager15CANIface_Params13option_is_setENS0_7OptionsE @ 0xb02c70
MANUAL: _ZN9AP_Logger13Write_MessageEPKc @ 0x85e120
MANUAL: _ZN16AP_SerialManager14RegisteredPortC2Ev @ 0xb09a50
MANUAL: _ZN16AP_SerialManager9UARTStateC2Ev @ 0xb09dc0
MANUAL: _ZNK6AP_GPS20last_message_time_msEv @ 0xb0cc70
MANUAL: _ZNK22AP_BattMonitor_Backend13option_is_setEN21AP_BattMonitor_Params7OptionsE @ 0xb14c60
MANUAL: _ZN22AP_BattMonitor_Backend15update_consumedERN14AP_BattMonitor17BattMonitor_StateEj @ 0x875960
MANUAL: _ZN22AP_BattMonitor_Backend13calculate_mahEff @ 0xb14cf0
MANUAL: _ZN18AP_Compass_Backend17accumulate_sampleER7Vector3IfEhj @ 0x877c70
MANUAL: _ZN18AP_Compass_Backend12rotate_fieldER7Vector3IfEh @ 0x877df0
MANUAL: _ZN18AP_Compass_Backend17publish_raw_fieldERK7Vector3IfEh @ 0x877ee0
MANUAL: _ZN18AP_Compass_Backend13correct_fieldER7Vector3IfEh @ 0x877ff0
MANUAL: _ZN18AP_Compass_Backend8field_okERK7Vector3IfE @ 0x8783f0
MANUAL: _ZNK7Compass16get_filter_rangeEv @ 0xb17010
MANUAL: _ZNK16Compass_PerMotor7enabledEv @ 0xb17070
MANUAL: _ZN7Compass13_get_priorityE14typesafe_indexIh14TAG_StateIndexE @ 0xb170e0
MANUAL: _ZL7degreesf.3908 @ 0x87a270
MANUAL: _ZN14AP_GPS_Backend15set_alt_amsl_cmERN6AP_GPS9GPS_StateEi @ 0x87cac0
MANUAL: _ZN16JitterCorrection31correct_offboard_timestamp_usecEmm @ 0x87ccd0
MANUAL: _ZN14AP_GPS_Backend24velocity_to_speed_courseERN6AP_GPS9GPS_StateE @ 0x87ce40
MANUAL: _ZNK14AP_GPS_Backend10option_setEN6AP_GPS13DriverOptionsE @ 0xb1a270
MANUAL: _ZNK6AP_GPS10option_setENS_13DriverOptionsE @ 0xb1a2e0
MANUAL: _ZN14AP_BoardConfig11board_setupEv @ 0x87d6e0
MANUAL: _ZN6AP_RTC12set_utc_usecEmNS_11source_typeE @ 0x87d740
MANUAL: _ZN11GCS_MAVLINK24update_signing_timestampEm @ 0x87d8f0
MANUAL: _ZN14AP_BoardConfig16board_setup_uartEv @ 0x87da10
MANUAL: _ZN14AP_BoardConfig16board_setup_sbusEv @ 0x87da60
MANUAL: _ZN10RC_Channel9set_rangeEt @ 0x87faf0
MANUAL: _ZN3GCS26create_gcs_mavlink_backendERN6AP_HAL10UARTDriverE @ 0x88f300
MANUAL: _ZN11GCS_MAVLINK4initEh @ 0x88f460
MANUAL: _ZL13valid_channel17mavlink_channel_t.7329 @ 0x88f7b0
MANUAL: _ZNK6AP_HAL10UARTDriver13option_is_setENS0_6OptionE @ 0xb1c580
MANUAL: _ZNK11GCS_MAVLINK14option_enabledENS_6OptionE @ 0xb1c770
MANUAL: _ZNK16AP_SerialManager9UARTState12get_protocolEv @ 0xb1c7f0
MANUAL: _ZN11GCS_MAVLINK16load_signing_keyEv @ 0x88f870
MANUAL: _ZN16AP_SerialManager18convert_parametersEv @ 0x88fad0
MANUAL: _ZN16AP_SerialManager11set_optionsEt @ 0x88fb80
MANUAL: _ZN10AP_Vehicle26get_common_scheduler_tasksERPKN12AP_Scheduler4TaskERh @ 0x88fd60
MANUAL: _ZN2AP8PerfInfo13set_loop_rateEt @ 0x88fde0
MANUAL: _ZN2AP8PerfInfo5resetEv @ 0x88fea0
MANUAL: _ZN8AP_Param16check_group_infoEPKNS_9GroupInfoEPthh @ 0x890060
MANUAL: _ZN8AP_Param13duplicate_keyEtt @ 0x890350
MANUAL: _ZN8AP_Param5setupEv @ 0x890420
MANUAL: _ZN6AP_HAL6OwnPtrINS_9I2CDeviceEED2Ev @ 0xb1ca80
MANUAL: _ZN3GCS10send_textvE12MAV_SEVERITYPKcP13__va_list_tagh @ 0x8904d0
MANUAL: _ZNK3GCS43min_loop_time_remaining_for_message_send_usEv @ 0xb1ce30
MANUAL: _ZNK3GCS19vehicle_initialisedEv @ 0xb1ce80
MANUAL: _ZL3MINImmEDTqultfp_fp0_fp_fp0_ERKT_RKT0_.7320 @ 0x8909e0
MANUAL: _ZN11ObjectArrayIN3GCS12statustext_tEE10push_forceERKS1_ @ 0xb1d010
MANUAL: _ZN2AP11frsky_telemEv @ 0x890a60
MANUAL: _ZN2AP14spektrum_telemEv @ 0x890aa0
MANUAL: _ZN9AP_Notify9send_textEPKc @ 0x890ae0
MANUAL: _ZN17AP_Spektrum_Telem13get_singletonEv @ 0xb1d150
MANUAL: _ZN14AP_Frsky_Telem13get_singletonEv @ 0xb1d190
MANUAL: _ZNK11ObjectArrayIN3GCS12statustext_tEE5spaceEv @ 0xb1d1d0
MANUAL: _ZN11ObjectArrayIN3GCS12statustext_tEE4pushERKS1_ @ 0xb1d230
MANUAL: _ZN5Plane8set_modeEh10ModeReason @ 0x890b80
MANUAL: _ZNK5Plane29current_mode_requires_missionEv @ 0xb1d500
MANUAL: _ZN5Plane19get_scheduler_tasksERPKN12AP_Scheduler4TaskERhRj @ 0x890c00
MANUAL: _ZNK5Plane17get_wp_distance_mERf @ 0x891920
MANUAL: _ZN5Plane14init_ardupilotEv @ 0x891fb0
MANUAL: _ZN5Plane15load_parametersEv @ 0x8924f0
MANUAL: _ZN5Plane20set_control_channelsEv @ 0x893010
MANUAL: _ZN5Plane15get_log_bitmaskEv @ 0xb1d570
MANUAL: _ZNK5Plane18get_log_structuresEv @ 0xb1d5d0
MANUAL: _ZNK5Plane22get_num_log_structuresEv @ 0x8932b0
MANUAL: _ZN5Plane18fence_checks_asyncEv @ 0x893300
MANUAL: _ZN6AP_HAL15timeout_expiredIjjjEEbT_T0_T1_ @ 0xb1d620
MANUAL: _ZN8AC_Fence5checkEb @ 0x8934e0
MANUAL: _ZNK8AC_Fence23get_auto_disable_fencesEv @ 0x893840
MANUAL: _ZN8AC_Fence19clear_margin_breachEh @ 0x8938f0
MANUAL: _ZN10RC_Channel9set_angleEt @ 0x894630
MANUAL: _ZNK5Plane19have_reverse_thrustEv @ 0x8946a0
MANUAL: _ZN12SRV_Channels19set_esc_scaling_forEN11SRV_Channel8FunctionE @ 0x894710
MANUAL: _ZN6AP_HAL8RCOutput15set_esc_scalingEtt @ 0xb1d770
MANUAL: _ZN10AP_Vehicle15load_parametersER9AP_ParamTIsL11ap_var_type2EEt @ 0x8947e0
MANUAL: _ZN8AP_Param22convert_old_parametersEPKNS_14ConversionInfoEhh @ 0x894900
MANUAL: _ZN12SRV_Channels20set_default_functionEhN11SRV_Channel8FunctionE @ 0x894980
MANUAL: _ZN12SRV_Channels18upgrade_parametersEv @ 0x894ab0
MANUAL: _ZN8AP_Param20set_frame_type_flagsEt @ 0xb1d7f0
MANUAL: _ZN8AP_Param13convert_classEtPvPKNS_9GroupInfoEtbb @ 0x894b40
MANUAL: _ZN8AP_Param23convert_centi_parameterE11ap_var_type @ 0xb1d850
MANUAL: _ZN10AP_Landing18convert_parametersEv @ 0x894e70
MANUAL: _ZN8AP_Param18convert_g2_objectsEPKvPKNS_18G2ObjectConversionEh @ 0x894ed0
MANUAL: _ZN8AP_Param24convert_toplevel_objectsEPKNS_24TopLevelObjectConversionEh @ 0x894fb0
MANUAL: _ZN8AP_Param29convert_old_parameters_scaledEPKNS_14ConversionInfoEhfh @ 0x895060
MANUAL: _ZN14StorageManager5eraseEv @ 0x895120
MANUAL: _ZN8AP_Param8load_allEv @ 0x895190
MANUAL: _ZN7FunctorIvJEE4bindI8AP_ParamXadL_ZNS2_15save_io_handlerEvEEEES0_PT_ @ 0xb1d8c0
MANUAL: _ZN8AP_Param15save_io_handlerEv @ 0x895350
MANUAL: _ZN7FunctorIvJEE14method_wrapperI8AP_ParamXadL_ZNS2_15save_io_handlerEvEEEEvPv @ 0xb1d920
MANUAL: _ZN15ObjectBuffer_TSIN8AP_Param10param_saveEE3popERS1_ @ 0xb1d9d0
MANUAL: _ZN17AP_InertialSensor15set_log_raw_bitEj @ 0xb1dab0
MANUAL: _ZN17AP_RollController11convert_pidEv @ 0x895400
MANUAL: _ZN18AP_PitchController11convert_pidEv @ 0x895740
MANUAL: _ZN11RC_Channels15convert_optionsEN10RC_Channel8AUX_FUNCES1_ @ 0x895a80
MANUAL: _ZN11RC_Channels4initEv @ 0x895b70
MANUAL: _ZN8AP_Relay4initEv @ 0x895c10
MANUAL: _ZN9AP_Notify4initEv @ 0x895d90
MANUAL: _ZN5Plane11notify_modeERK4Mode @ 0x895de0
MANUAL: _ZN5Plane16init_rc_out_mainEv @ 0x895e80
MANUAL: _ZN7AP_Baro4initEv @ 0x895f40
MANUAL: _ZN11RangeFinder16set_log_rfnd_bitEj @ 0xb1db10
MANUAL: _ZN11RangeFinder4initE8Rotation @ 0x8963d0
MANUAL: _ZN14AP_BattMonitor4initEv @ 0x896580
MANUAL: _ZN7AP_RSSI4initEv @ 0x897750
MANUAL: _ZN5Plane3gcsEv @ 0xb1db70
MANUAL: _ZN3GCS11setup_uartsEv @ 0x8977c0
MANUAL: _ZN6AP_OSD4initEv @ 0x897930
MANUAL: _ZN7Compass11set_log_bitEj @ 0xb1dbc0
MANUAL: _ZN7Compass4initEv @ 0x897a80
MANUAL: _ZN11AP_Airspeed24set_fixedwing_parametersEPK12AP_FixedWing @ 0x898400
MANUAL: _ZN11AP_Airspeed11set_log_bitEj @ 0xb1dc20
MANUAL: _ZN6AP_GPS15set_log_gps_bitEj @ 0xb1dc80
MANUAL: _ZN6AP_GPS4initEv @ 0x898460
MANUAL: _ZN5Plane10init_rc_inEv @ 0x898760
MANUAL: _ZN8AP_Mount4initEv @ 0x898800
MANUAL: _ZN9AP_Camera4initEv @ 0x899340
MANUAL: _ZN14AP_LandingGear4initEv @ 0x8999c0
MANUAL: _ZL21failsafe_check_staticv @ 0x899cd0
MANUAL: _ZN9QuadPlane5setupEv @ 0x899d10
MANUAL: _ZN5Plane8set_modeER4Mode10ModeReason @ 0x89aa50
MANUAL: _ZN5Plane11startup_INSEv @ 0x89ae50
MANUAL: _ZN10AP_Mission4initEv @ 0x89afc0
MANUAL: _ZN10AP_Mission30set_log_start_mission_item_bitEj @ 0xb1dce0
MANUAL: _ZN7FunctorIvJEE4bindI5PlaneXadL_ZNS2_34Log_Write_Vehicle_Startup_MessagesEvEEEES0_PT_ @ 0xb1dd40
MANUAL: _ZN9AP_Logger25setVehicle_Startup_WriterE7FunctorIvJEE @ 0x89b180
MANUAL: _ZN3GCS16sysid_mygcs_seenEj @ 0xb1dda0
MANUAL: _ZN5Plane15init_rc_out_auxEv @ 0x89b200
MANUAL: _ZN12SRV_Channels18get_dshot_esc_typeEv @ 0xb1de00
MANUAL: _ZN5Plane18set_mode_by_numberEN4Mode6NumberE10ModeReason @ 0x89b270
MANUAL: _ZN11RC_Channels17reset_mode_switchEv @ 0x89b340
MANUAL: _ZL3MINIitEDTqultfp_fp0_fp_fp0_ERKT_RKT0_ @ 0x89b5f0
MANUAL: _ZN11AC_PrecLand4initEt @ 0x89b680
MANUAL: _ZN11AP_ICEngine4initEv @ 0x89ba80
MANUAL: _ZN12SRV_Channels27set_output_min_max_defaultsEN11SRV_Channel8FunctionEtt @ 0x89bb20
MANUAL: _ZN11AP_ICEngine16param_conversionEv @ 0x89bc30
MANUAL: _ZL3MAXItiEDTqugtfp_fp0_fp_fp0_ERKT_RKT0_.13821 @ 0x89c070
MANUAL: _ZN11ObjectArrayIN11AC_PrecLand21inertial_data_frame_sEEC2Et @ 0xb1de50
MANUAL: _ZN11AC_PrecLand21inertial_data_frame_sC2Ev @ 0xb1ea90
MANUAL: _ZN14AP_OpticalFlow17OpticalFlow_stateC2Ev @ 0xb1ebd0
MANUAL: _ZN6AP_HAL16I2CDeviceManager10get_deviceEhhjbj @ 0xb1fec0
MANUAL: _ZN6AP_HAL6OwnPtrINS_6DeviceEEC2INS_9I2CDeviceEEEONS0_IT_EE @ 0xb1ffc0
MANUAL: _ZNK6AP_HAL6OwnPtrINS_6DeviceEEntEv @ 0xb20030
MANUAL: _ZN6AP_HAL6OwnPtrINS_6DeviceEED2Ev @ 0xb20130
MANUAL: _ZN6AP_HAL6OwnPtrINS_6DeviceEE4leakEv @ 0xb201a0
MANUAL: _ZN6AP_HAL6OwnPtrINS_9I2CDeviceEE4leakEv @ 0xb20200
MANUAL: _ZN6AP_HAL6OwnPtrINS_9I2CDeviceEEC2EPS1_ @ 0xb20260
MANUAL: _ZN6AP_HAL6OwnPtrINS_9I2CDeviceEEC2IS1_EEONS0_IT_EE @ 0xb202c0
MANUAL: _ZN10RC_Channel17reset_mode_switchEv @ 0x8a25d0
MANUAL: _ZN10RC_Channel16read_mode_switchEv @ 0x8a2630
MANUAL: _ZN10RC_Channel16read_6pos_switchERa @ 0x8a26b0
MANUAL: _ZN10RC_Channel18debounce_completedEa @ 0x8a2810
MANUAL: _ZN5Plane18mode_from_mode_numEN4Mode6NumberE @ 0x8a2900
MANUAL: _ZN12SRV_Channels17enable_aux_servosEv @ 0x8a2c00
MANUAL: _ZN5Plane13servos_outputEv @ 0x8a2e40
MANUAL: _ZN12SRV_Channels34setup_failsafe_trim_all_non_motorsEv @ 0x8a2ff0
MANUAL: _ZN5Plane22servos_twin_engine_mixEv @ 0x8a30f0
MANUAL: _ZNK5Plane22channel_function_mixerEN11SRV_Channel8FunctionES1_S1_S1_ @ 0x8a33b0
MANUAL: _ZN10Tailsitter6outputEv @ 0x8a35c0
MANUAL: _ZN9Tiltrotor15bicopter_outputEv @ 0x8a4a30
MANUAL: _ZN5Plane11force_flareEv @ 0x8a4cf0
MANUAL: _ZN5Plane15dspoiler_updateEv @ 0x8a4f60
MANUAL: _ZN5Plane38landing_neutral_control_surface_servosEv @ 0x8a54d0
MANUAL: _ZN12SRV_Channels8calc_pwmEv @ 0x8a5840
MANUAL: _ZN12SRV_Channels13output_ch_allEv @ 0x8a5a60
MANUAL: _ZNK12SRV_Channels17auto_trim_enabledEv @ 0xb204b0
MANUAL: _ZNK10AP_Landing23get_then_servos_neutralEv @ 0xb20570
MANUAL: _ZN12SRV_Channels30get_slew_limited_output_scaledEN11SRV_Channel8FunctionE @ 0x8a6550
MANUAL: _ZNK9QuadPlane18in_frwd_transitionEv @ 0x8a6660
MANUAL: _ZN19AP_AdvancedFailsafe20should_crash_vehicleEv @ 0x8a7080
MANUAL: _ZN5Plane24relative_ground_altitudeE14RangeFinderUse @ 0x8a7950
MANUAL: _ZN5Plane24relative_ground_altitudeE14RangeFinderUseb @ 0x8a79c0
MANUAL: _ZN5Plane17get_external_HAGLERf @ 0x8a7bd0
MANUAL: _ZNK5Plane15rangefinder_useE14RangeFinderUse @ 0x8a7ca0
MANUAL: _ZNK5Plane23rangefinder_orientationEv @ 0xb20960
MANUAL: _ZN11AP_SystemID4stopEv @ 0x8aa740
MANUAL: _ZN5Plane10should_logEj @ 0x8aaec0
MANUAL: _ZNK7AP_EnumI11StickMixingEcvKS0_Ev @ 0xb21c20
MANUAL: _ZN10Tailsitter6activeEv @ 0x8acaf0
MANUAL: _ZN16AP_FW_Controller7reset_IEv @ 0x8ad030
MANUAL: _ZN16AP_YawController7reset_IEv @ 0x8ad090
MANUAL: _ZL7degreesf.12 @ 0x8adb20
MANUAL: _ZN6AC_PID7reset_IEv @ 0x8add20
MANUAL: _ZN9AP_Logger10Write_ModeEh10ModeReason @ 0x8ae860
MANUAL: _ZN17AP_Logger_Backend10Write_ModeEh10ModeReason @ 0x8ae9f0
MANUAL: _ZN14AP_BoardConfig21get_sdcard_mission_kbEv @ 0xb22030
MANUAL: _ZN10AP_Mission20check_eeprom_versionEv @ 0x8aeb30
MANUAL: _ZN17AP_InertialSensor23gyro_calibration_timingEv @ 0x8aebd0
MANUAL: _ZN7AP_AHRS4initEv @ 0x8aec70
MANUAL: _ZN7AP_AHRS15set_fly_forwardEb @ 0xb220b0
MANUAL: _ZN7AP_AHRS17set_vehicle_classENS_12VehicleClassE @ 0xb22110
MANUAL: _ZN7AP_AHRS27set_wind_estimation_enabledEb @ 0xb22170
MANUAL: _ZN17AP_InertialSensor4initEt @ 0x8aeea0
MANUAL: _ZN7AP_AHRS5resetEv @ 0x8af6c0
MANUAL: _ZN7AP_Baro16set_log_baro_bitEj @ 0xb221d0
MANUAL: _ZN7AP_Baro9calibrateEb @ 0x8af7c0
MANUAL: _ZN7AP_Baro6updateEv @ 0x8afc80
MANUAL: _ZNK7AP_Baro7healthyEv @ 0xb22230
MANUAL: _ZN15AP_Baro_Backend14backend_updateEh @ 0x8b03a0
MANUAL: _ZN7AP_Baro24wind_pressure_correctionEh @ 0x8b0420
MANUAL: _ZNK7AP_Baro15get_last_updateEv @ 0xb22290
MANUAL: _ZN16DerivativeFilterIfLh7EE6updateEfj @ 0xb222f0
MANUAL: _ZN7AP_Baro22update_field_elevationEv @ 0x8b0760
MANUAL: _ZNK7AP_Baro10should_logEv @ 0x8b09e0
MANUAL: _ZN16FilterWithBufferIfLh7EE5applyEf @ 0xb22500
MANUAL: _ZN11AP_AHRS_DCM5resetEv @ 0xb225a0
MANUAL: _ZN11AP_AHRS_SIM5resetEv @ 0xb225f0
MANUAL: _ZN16AP_AHRS_External5resetEv @ 0xb22640
MANUAL: _ZN25HarmonicNotchFilterParams4initEv @ 0x8b0eb0
MANUAL: _ZN17AP_InertialSensor15_start_backendsEv @ 0x8b0f10
MANUAL: _ZN17AP_InertialSensor12BatchSampler4initEv @ 0x8b10a0
MANUAL: _ZNK10AP_GyroFFT7enabledEv @ 0xb22690
MANUAL: _ZN17AP_InertialSensor12_gyro_offsetEh @ 0xb23a60
MANUAL: _ZN17AP_InertialSensor12caltemp_gyroEh @ 0xb23ad0
MANUAL: _ZN17AP_InertialSensor15detect_backendsEv @ 0x8b2880
MANUAL: _ZNK15AP_ExternalAHRS8get_portENS_15AvailableSensorE @ 0x8b2ad0
MANUAL: _ZN17AP_InertialSensor12_add_backendEP25AP_InertialSensor_Backend @ 0x8b2b70
MANUAL: _ZN22AP_InertialSensor_SITL6detectER17AP_InertialSensorPKt @ 0x8b2c40
MANUAL: _ZN22AP_InertialSensor_SITL11init_sensorEv @ 0x8b2d50
MANUAL: _ZN22AP_InertialSensor_SITLC2ER17AP_InertialSensorPKt @ 0x8b2dd0
MANUAL: _ZN25AP_InertialSensor_BackendC2ER17AP_InertialSensor @ 0x8b2e90
MANUAL: _ZN22AP_InertialSensor_SITL6updateEv @ 0x8b2f30
MANUAL: _ZN25AP_InertialSensor_Backend10accumulateEv @ 0xb23bf0
MANUAL: _ZN22AP_InertialSensor_SITL5startEv @ 0x8b2fb0
MANUAL: _ZN25AP_InertialSensor_Backend17get_output_bannerEPch @ 0xb23c90
MANUAL: _ZNK25AP_InertialSensor_Backend24get_gyro_backend_rate_hzEv @ 0xb23d60
MANUAL: _ZN25AP_InertialSensor_Backend11set_primaryEb @ 0xb23dc0
MANUAL: _ZNK25AP_InertialSensor_Backend21_gyro_raw_sample_rateEh @ 0xb23e10
MANUAL: _ZN17AP_InertialSensor13register_gyroERhtj @ 0x8b3210
MANUAL: _ZN17AP_InertialSensor14register_accelERhtj @ 0x8b3450
MANUAL: _ZN7FunctorIvJEE4bindI22AP_InertialSensor_SITLXadL_ZNS2_12timer_updateEvEEEES0_PT_ @ 0xb23e80
MANUAL: _ZN22AP_InertialSensor_SITL12timer_updateEv @ 0x8b36b0
MANUAL: _ZN7FunctorIvJEE14method_wrapperI22AP_InertialSensor_SITLXadL_ZNS2_12timer_updateEvEEEEvPv @ 0xb23ee0
MANUAL: _ZN22AP_InertialSensor_SITL14generate_accelEv @ 0x8b3b80
MANUAL: _ZN22AP_InertialSensor_SITL13generate_gyroEv @ 0x8b4b60
MANUAL: _ZNK25AP_InertialSensor_Backend20enable_fast_samplingEh @ 0xb23f90
MANUAL: _ZNK22AP_InertialSensor_SITL10gyro_driftEv @ 0x8b55c0
MANUAL: _ZL7radiansd.19672 @ 0x8b57c0
MANUAL: _ZL7radiansf.19673 @ 0x8b5810
MANUAL: _ZN22AP_InertialSensor_SITL15get_temperatureEv @ 0x8b58f0
MANUAL: _ZNK22AP_InertialSensor_TCal15sitl_apply_gyroEfR7Vector3IfE @ 0x8b5a90
MANUAL: _ZN25AP_InertialSensor_Backend35_notify_new_gyro_sensor_rate_sampleEhRK7Vector3IfE @ 0x8b5b70
MANUAL: _ZN25AP_InertialSensor_Backend24_rotate_and_correct_gyroEhR7Vector3IfE @ 0x8b5d70
MANUAL: _ZN25AP_InertialSensor_Backend27_notify_new_gyro_raw_sampleEhRK7Vector3IfEm @ 0x8b5f00
MANUAL: _ZNK25AP_InertialSensor_Backend15has_been_killedEh @ 0xb24020
MANUAL: _ZNK25AP_InertialSensor_Backend19_update_sensor_rateERtRjRf @ 0x8b65a0
MANUAL: _ZN25AP_InertialSensor_Backend18apply_gyro_filtersEhRK7Vector3IfE @ 0x8b6770
MANUAL: _ZN25AP_InertialSensor_Backend12log_gyro_rawEhmRK7Vector3IfES3_ @ 0x8b6b30
MANUAL: _ZN25AP_InertialSensor_Backend14update_primaryEv @ 0x8b6dc0
MANUAL: _ZNK17AP_InertialSensor22raw_logging_option_setENS_18RAW_LOGGING_OPTIONE @ 0xb240a0
MANUAL: _ZNK25AP_InertialSensor_Backend18should_log_imu_rawEv @ 0x8b6ea0
MANUAL: _ZNK17AP_InertialSensor12BatchSampler25doing_sensor_rate_loggingEv @ 0xb24120
MANUAL: _ZNK17AP_InertialSensor12BatchSampler25doing_post_filter_loggingEv @ 0xb24180
MANUAL: _ZN17AP_InertialSensor12BatchSampler6sampleEhNS_15IMU_SENSOR_TYPEEmRK7Vector3IfE @ 0x8b70b0
MANUAL: _ZN17AP_InertialSensor12BatchSampler10should_logEhNS_15IMU_SENSOR_TYPEE @ 0x8b7200
MANUAL: _ZN25AP_InertialSensor_Backend16save_gyro_windowEhRK7Vector3IfEh @ 0x8b7340
MANUAL: _ZN15LowPassFilter2pI7Vector3IfEE5applyERKS1_ @ 0xb24460
MANUAL: _ZN19DigitalBiquadFilterI7Vector3IfEE5applyERKS1_RKNS2_13biquad_paramsE @ 0xb245b0
MANUAL: _ZN19DigitalBiquadFilterI7Vector3IfEE5resetERKS1_RKNS2_13biquad_paramsE @ 0xb24910
MANUAL: _ZNK25AP_InertialSensor_Backend18sensors_convergingEv @ 0x8b7600
MANUAL: _ZNK22AP_InertialSensor_TCal12correct_gyroEffR7Vector3IfE @ 0x8b7730
MANUAL: _ZNK22AP_InertialSensor_TCal14correct_sensorEffPK9AP_ParamVI7Vector3IfEL11ap_var_type5EERS2_ @ 0x8b77d0
MANUAL: _ZNK22AP_InertialSensor_TCal15polynomial_evalEfPK9AP_ParamVI7Vector3IfEL11ap_var_type5EE @ 0x8b79e0
MANUAL: _ZNK22AP_InertialSensor_TCal16sitl_apply_accelEfR7Vector3IfE @ 0x8ba990
MANUAL: _ZN25AP_InertialSensor_Backend36_notify_new_accel_sensor_rate_sampleEhRK7Vector3IfE @ 0x8baa70
MANUAL: _ZN25AP_InertialSensor_Backend25_rotate_and_correct_accelEhR7Vector3IfE @ 0x8bac70
MANUAL: _ZN25AP_InertialSensor_Backend28_notify_new_accel_raw_sampleEhRK7Vector3IfEmb @ 0x8bae90
MANUAL: _ZN25AP_InertialSensor_Backend20_publish_temperatureEhf @ 0x8bb440
MANUAL: _ZN17AP_InertialSensor27calc_vibration_and_clippingEhRK7Vector3IfEf @ 0x8bb4e0
MANUAL: _ZN17AP_InertialSensor19set_accel_peak_holdEhRK7Vector3IfE @ 0x8bb760
MANUAL: _ZN25AP_InertialSensor_Backend13log_accel_rawEhmRK7Vector3IfE @ 0x8bb840
MANUAL: _ZNK25AP_InertialSensor_Backend14get_clip_limitEv @ 0xb255d0
MANUAL: _ZN13LowPassFilterI7Vector3IfEE5applyERKS1_RKf @ 0xb25620
MANUAL: _ZN10DigitalLPFI7Vector3IfEE6_applyERKS1_RKf @ 0xb256e0
MANUAL: _ZNK22AP_InertialSensor_TCal13correct_accelEffR7Vector3IfE @ 0x8bbc20
MANUAL: _ZN25AP_InertialSensor_Backend12update_accelEh @ 0x8bc0a0
MANUAL: _ZN25AP_InertialSensor_Backend11update_gyroEh @ 0x8bc1c0
MANUAL: _ZN25AP_InertialSensor_Backend13_publish_gyroEhRK7Vector3IfE @ 0x8bc320
MANUAL: _ZN25AP_InertialSensor_Backend19update_gyro_filtersEh @ 0x8bc490
MANUAL: _ZNK25AP_InertialSensor_Backend19_gyro_filter_cutoffEv @ 0xb259b0
MANUAL: _ZN15LowPassFilter2pI7Vector3IfEE20set_cutoff_frequencyEff @ 0xb25a10
MANUAL: _ZN19DigitalBiquadFilterI7Vector3IfEE14compute_paramsEffRNS2_13biquad_paramsE @ 0xb25a90
MANUAL: _ZN25AP_InertialSensor_Backend14_publish_accelEhRK7Vector3IfE @ 0x8bc8d0
MANUAL: _ZN25AP_InertialSensor_Backend20update_accel_filtersEh @ 0x8bcb00
MANUAL: _ZNK25AP_InertialSensor_Backend20_accel_filter_cutoffEv @ 0xb25c90
MANUAL: _ZNK25AP_InertialSensor_Backend22_accel_raw_sample_rateEh @ 0xb25cf0
MANUAL: _ZN8AP_Param31convert_bitmask_parameter_widthE11ap_var_type @ 0xb25fe0
MANUAL: _ZN15AP_AHRS_Backend4initEv @ 0x8be500
MANUAL: _ZN4Mode5enterEv @ 0x8be8f0
MANUAL: _ZN4Mode4exitEv @ 0x8bed90
MANUAL: _ZN5Plane16autotune_restoreEv @ 0x8bee10
MANUAL: _ZN16AP_FW_Controller16autotune_restoreEv @ 0x8beed0
MANUAL: _ZN16AP_YawController16autotune_restoreEv @ 0x8bef40
MANUAL: _ZN7Vector3IiE4zeroEv @ 0xb26270
MANUAL: _ZN9AP_Camera16set_is_auto_modeEb @ 0xb262d0
MANUAL: _ZN9QuadPlane10mode_enterEv @ 0x8bf6b0
MANUAL: _ZN7AP_ADSB16set_is_auto_modeEb @ 0xb26330
MANUAL: _ZN18AP_SteerController7reset_IEv @ 0x8bf7f0
MANUAL: _ZN5Plane16control_failsafeEv @ 0x8bf840
MANUAL: _ZN8AC_Fence21manual_recovery_startEv @ 0x8bfc40
MANUAL: _ZN5Plane19update_flight_stageEv @ 0x8bfcd0
MANUAL: _ZN10AP_Landing5resetEv @ 0x8bffb0
MANUAL: _ZNK5Plane18get_throttle_inputEb @ 0x8c0830
MANUAL: _ZNK7AP_AHRS21using_airspeed_sensorEv @ 0x8c0990
MANUAL: _ZNK10RC_Channel22get_control_in_zero_dzEv @ 0x8c0b40
MANUAL: _ZNK10RC_Channel15pwm_to_range_dzEt @ 0x8c0bc0
MANUAL: _ZNK10RC_Channel15pwm_to_angle_dzEt @ 0x8c0d60
MANUAL: _ZNK10RC_Channel20pwm_to_angle_dz_trimEtt @ 0x8c0df0
MANUAL: _ZN5Plane16set_flight_stageEN12AP_FixedWing11FlightStageE @ 0x8c1040
MANUAL: _ZN5Plane16Log_Write_StatusEv @ 0x8c19b0
MANUAL: _ZN17AP_InertialSensor8is_stillEv @ 0x8c1ac0
MANUAL: _ZNK5Plane18rc_failsafe_activeEv @ 0x8c1bd0
MANUAL: _ZN10RC_Channel14set_control_inEs @ 0xb26550
MANUAL: _ZNK5Plane20rc_throttle_value_okEv @ 0x8c1c70
MANUAL: _Z10expo_curveff @ 0x8cca00
MANUAL: _ZN6AC_PIDC2Efffffffffff @ 0x8da350
MANUAL: _ZN11SlewLimiterC2ERKfS1_ @ 0x8da650
MANUAL: _ZN6AC_PID21set_notch_sample_rateEf @ 0x8ded20
MANUAL: _ZN6AC_PIDC2ERKNS_8DefaultsE @ 0xb2a090
MANUAL: _ZN4AC_PC2ERKf @ 0xb2a330
MANUAL: _ZN16DerivativeFilterIfLh7EEC2Ev @ 0xb2b2a0
MANUAL: _ZN16FilterWithBufferIfLh7EE5resetEv @ 0xb2b3b0
MANUAL: _ZN16FilterWithBufferIfLh7EEC2Ev @ 0xb2b440
MANUAL: _ZN5Plane14failsafe_checkEv @ 0x8ea080
MANUAL: _ZN11RC_Channels10read_inputEv @ 0x8ea3a0
MANUAL: _ZNK5Plane12roll_in_expoEb @ 0x8ea620
MANUAL: _ZNK5Plane13pitch_in_expoEb @ 0x8ea6b0
MANUAL: _ZNK5Plane14rudder_in_expoEb @ 0x8ea740
MANUAL: _ZN12SRV_Channels17copy_radio_in_outEN11SRV_Channel8FunctionEb @ 0x8eaa50
MANUAL: _ZN5Plane15flaperon_updateEv @ 0x8eaba0
MANUAL: _ZN11GCS_MAVLINK21send_servo_output_rawEv @ 0x8eac90
MANUAL: _ZL33mavlink_msg_servo_output_raw_send17mavlink_channel_tjhtttttttttttttttt @ 0x8eb0b0
MANUAL: _ZN12SRV_Channels13set_slew_rateEN11SRV_Channel8FunctionEftf @ 0x8eb380
MANUAL: _ZN12SRV_Channels9slew_listC2EN11SRV_Channel8FunctionE @ 0xb2b970
MANUAL: _ZL12channel_expoP10RC_Channelab @ 0x8ecb20
MANUAL: _ZN10RC_Channel6updateEv @ 0x8ecc30
MANUAL: _ZN11RC_Channels23rudder_arm_disarm_checkEv @ 0x8ecda0
MANUAL: _ZNK10RC_Channel12pwm_to_rangeEv @ 0x8ecfa0
MANUAL: _ZNK10RC_Channel12pwm_to_angleEv @ 0x8ed010
MANUAL: _ZN9AP_Camera14convert_paramsEv @ 0x8ed140
MANUAL: _ZN8AP_Param18get_param_by_indexEPvh11ap_var_typeS0_ @ 0x8f58f0
MANUAL: _ZN8AP_Mount14convert_paramsEv @ 0x8f59c0
MANUAL: _ZN7Vector3IiEC2Ev @ 0xb30290
MANUAL: _ZNK7AP_AHRS18get_yaw_rate_earthEv @ 0xb30ba0
MANUAL: _ZNK11SRV_Channel12get_reversedEv @ 0xb30ce0
MANUAL: _ZNK7AP_AHRS9cos_pitchEv @ 0xb30da0
MANUAL: _ZNK7AP_AHRS8cos_rollEv @ 0xb30e40
MANUAL: _ZN10RC_Channel21set_default_dead_zoneEs @ 0x919650
MANUAL: _ZN6AP_GPS18convert_parametersEv @ 0x9196d0
MANUAL: _ZNK6AP_GPS10needs_uartENS_8GPS_TypeE @ 0x919b60
MANUAL: _ZN14AP_GPS_BlendedC2ER6AP_GPSRNS0_6ParamsERNS0_9GPS_StateERNS0_10GPS_timingE @ 0xb30e90
MANUAL: _ZN14AP_GPS_BackendC2ER6AP_GPSRNS0_6ParamsERNS0_9GPS_StateEPN6AP_HAL10UARTDriverE @ 0x919c50
MANUAL: _ZNK14AP_GPS_Backend32supports_mavlink_gps_rtk_messageEv @ 0xb31110
MANUAL: _ZNK14AP_GPS_Blended7get_lagERf @ 0x91a030
MANUAL: _ZNK14AP_GPS_Blended10is_healthyEv @ 0xb312d0
MANUAL: _ZN14AP_GPS_Backend20set_pps_desired_freqEh @ 0xb31540
MANUAL: _ZNK14AP_GPS_Backend18_detection_messageEPch @ 0x91a120
MANUAL: _ZN16JitterCorrectionC2Ett @ 0x91a600
MANUAL: _ZL3MINIiiEDTqultfp_fp0_fp_fp0_ERKT_RKT0_.3548 @ 0x91a680
MANUAL: _ZN7Compass16_detect_backendsEv @ 0x91aa30
MANUAL: _ZN7Compass24probe_dronecan_compassesEv @ 0x91ad60
MANUAL: _ZN7Compass23probe_i2c_spi_compassesEv @ 0x91b1d0
MANUAL: _ZN15AP_Compass_SITLC2Ev @ 0x91b6d0
MANUAL: _ZN7VectorNIN15AP_Compass_SITL16readings_compassELh50EEC2Ev @ 0xb31860
MANUAL: _ZN18AP_Compass_Backend11save_dev_idEh @ 0x91ba20
MANUAL: _ZN18AP_Compass_Backend12set_rotationEh8Rotation @ 0x91bab0
MANUAL: _ZN7Compass11set_offsetsEhRK7Vector3IfE @ 0x91bb50
MANUAL: _ZN7FunctorIvJEE4bindI15AP_Compass_SITLXadL_ZNS2_6_timerEvEEEES0_PT_ @ 0xb31940
MANUAL: _ZN15AP_Compass_SITL6_timerEv @ 0x91bc20
MANUAL: _ZN7FunctorIvJEE14method_wrapperI15AP_Compass_SITLXadL_ZNS2_6_timerEvEEEEvPv @ 0xb319a0
MANUAL: _Z10rand_vec3fv @ 0x91c150
MANUAL: _ZN7VectorNIN15AP_Compass_SITL16readings_compassELh50EEixEh @ 0xb31a50
MANUAL: _ZN15AP_Compass_SITL26_setup_eliptical_correcionEh @ 0x91c1d0
MANUAL: _ZNK18AP_Compass_Backend21get_board_orientationEv @ 0x91c400
MANUAL: _ZN15AP_Compass_SITL16readings_compassC2Ev @ 0xb31ab0
MANUAL: _ZN15AP_Compass_SITL4readEv @ 0x91c450
MANUAL: _ZN7Compass9mag_stateC2Ev @ 0xb31c70
MANUAL: _ZN6AP_OSD12init_backendENS_9osd_typesEh @ 0x91c860
MANUAL: _ZN12AP_LTM_Telem4initEv @ 0x91ec00
MANUAL: _ZN14AP_Frsky_TelemD2Ev @ 0x91f590
MANUAL: _ZN22AP_BattMonitor_BackendC2ER14AP_BattMonitorRNS0_17BattMonitor_StateER21AP_BattMonitor_Params @ 0x91f6e0
MANUAL: _ZNK22AP_BattMonitor_Backend17has_cell_voltagesEv @ 0xb33030
MANUAL: _ZNK22AP_BattMonitor_Backend15has_temperatureEv @ 0xb33080
MANUAL: _ZNK22AP_BattMonitor_Backend15get_temperatureERf @ 0x91fd40
MANUAL: _ZNK22AP_BattMonitor_Backend22capacity_remaining_pctERh @ 0x91fe00
MANUAL: _ZN22AP_BattMonitor_Backend26update_resistance_estimateEv @ 0x91ff80
MANUAL: _ZNK22AP_BattMonitor_Backend25get_mavlink_fault_bitmaskEv @ 0xb33130
MANUAL: _ZL3MINIifEDTqultfp_fp0_fp_fp0_ERKT_RKT0_.19314 @ 0x9205f0
MANUAL: _ZN21AP_BattMonitor_AnalogC2ER14AP_BattMonitorRNS0_17BattMonitor_StateER21AP_BattMonitor_Params @ 0x921e20
MANUAL: _ZNK7AP_EnumIN21AP_BattMonitor_Params4TypeEEcvKS1_Ev @ 0xb33d20
MANUAL: _ZN21AP_BattMonitor_Analog4initEv @ 0xb33dd0
MANUAL: _ZN21AP_BattMonitor_Analog4readEv @ 0x922290
MANUAL: _ZNK21AP_BattMonitor_Analog19has_consumed_energyEv @ 0xb33e20
MANUAL: _ZNK21AP_BattMonitor_Analog11has_currentEv @ 0x922490
MANUAL: _ZN11RangeFinder14convert_paramsEv @ 0x928aa0
MANUAL: _ZN11RangeFinder15detect_instanceEhRh @ 0x928b40
MANUAL: _ZNK6AP_HAL6OwnPtrINS_9I2CDeviceEEntEv @ 0xb37ac0
MANUAL: _ZNK6AP_HAL6OwnPtrINS_9I2CDeviceEEptEv @ 0xb37b20
MANUAL: _ZN21AP_RangeFinder_Params22convert_min_max_paramsEv @ 0x93ade0
MANUAL: _ZN7AP_Baro12_add_backendEP15AP_Baro_Backend @ 0x93ae90
MANUAL: _ZN16AP_Baro_DroneCAN5probeER7AP_Baro @ 0x93af50
MANUAL: _ZNK7AP_Baro16_have_i2c_driverEhh @ 0x93b260
MANUAL: _ZN14AP_Baro_MS56115probeER7AP_BaroN6AP_HAL6OwnPtrINS2_6DeviceEEE @ 0x93b350
MANUAL: _ZNK7AP_Baro14option_enabledENS_7OptionsE @ 0xb3bd40
MANUAL: _ZN6AP_HAL6OwnPtrINS_6DeviceEEC2IS1_EEONS0_IT_EE @ 0xb3bdc0
MANUAL: _ZN14AP_Baro_MS56XX6_probeER7AP_BaroPS_ @ 0x93b540
MANUAL: _ZN14AP_Baro_MS5611CI214AP_Baro_MS56XXER7AP_BaroN6AP_HAL6OwnPtrINS2_6DeviceEEE @ 0xb3bec0
MANUAL: _ZN14AP_Baro_MS56XXC2ER7AP_BaroN6AP_HAL6OwnPtrINS2_6DeviceEEE @ 0x93b5f0
MANUAL: _ZN14AP_Baro_MS5611D2Ev @ 0xb3bf50
MANUAL: _ZN14AP_Baro_MS5611D0Ev @ 0xb3bfa0
MANUAL: _ZN14AP_Baro_MS56XX5_initEv @ 0x93b9c0
MANUAL: _ZN15AP_Baro_Backend17_copy_to_frontendEhff @ 0x93c0a0
MANUAL: _ZN7AP_Baro15register_sensorEv @ 0x93c410
MANUAL: _ZN15AP_Baro_Backend10set_bus_idEhj @ 0xb3c1d0
MANUAL: _ZN14AP_Baro_MS56XXD2Ev @ 0xb3c3d0
MANUAL: _ZN15AP_Baro_BackendD2Ev @ 0xb3c450
MANUAL: _ZN15AP_Baro_BackendC2ER7AP_Baro @ 0x93ca00
MANUAL: _ZN6AP_HAL6Device13change_bus_idEjh @ 0x93cd20
MANUAL: _ZN12AP_Baro_SITLC2ER7AP_Baro @ 0x93d1f0
MANUAL: _ZN7VectorNIN12AP_Baro_SITL13readings_baroELh50EEC2Ev @ 0xb3c870
MANUAL: _ZN7FunctorIvJEE4bindI12AP_Baro_SITLXadL_ZNS2_6_timerEvEEEES0_PT_ @ 0xb3c900
MANUAL: _ZN12AP_Baro_SITL6_timerEv @ 0x93d330
MANUAL: _ZN7FunctorIvJEE14method_wrapperI12AP_Baro_SITLXadL_ZNS2_6_timerEvEEEEvPv @ 0xb3c960
MANUAL: _ZN7VectorNIN12AP_Baro_SITL13readings_baroELh50EEixEh @ 0xb3ca10
MANUAL: _ZN12AP_Baro_SITL22temperature_adjustmentERfS0_ @ 0x93d720
MANUAL: _ZN12AP_Baro_SITL24wind_pressure_correctionEh @ 0x93d910
MANUAL: _ZL2sqf.2785 @ 0x93db20
MANUAL: _ZN7AP_Baro22_get_air_density_ratioEv @ 0x93db70
MANUAL: _ZL2sqf.2764 @ 0x93dc10
MANUAL: _ZN12AP_Baro_SITL6updateEv @ 0x93dd00
MANUAL: _ZN12AP_Baro_SITL19update_healthy_flagEh @ 0xb3cb20
MANUAL: _ZN12AP_Baro_SITL7healthyEh @ 0x93ddb0
MANUAL: _ZN12SRV_Channels19set_trim_to_min_forEN11SRV_Channel8FunctionEb @ 0x93de60
MANUAL: _ZN12SRV_Channels18set_failsafe_limitEN11SRV_Channel8FunctionENS0_5LimitE @ 0x93dfa0
MANUAL: _ZN9AP_Notify19set_flight_mode_strEPKc @ 0x93e0a0
MANUAL: _ZN9AP_Notify12add_backendsEv @ 0x93e130
MANUAL: _ZN9AP_Notify18add_backend_helperEP12NotifyDevice @ 0x93ee90
MANUAL: _ZN7DisplayC2Ev @ 0xb3cba0
MANUAL: _ZN6BuzzerC2Ev @ 0xb3cc10
MANUAL: _ZN12AP_ToneAlarmC2Ev @ 0xb3cc80
MANUAL: _ZN12NotifyDeviceC2Ev @ 0xb3cd00
MANUAL: _ZN12AP_ToneAlarmD2Ev @ 0xb3cd60
MANUAL: _ZN12AP_ToneAlarmD0Ev @ 0xb3cdd0
MANUAL: _ZN12AP_ToneAlarm4initEv @ 0x93ef90
MANUAL: _ZNK9AP_Notify16get_buzzer_typesEv @ 0xb3d0a0
MANUAL: _ZNK9AP_Notify14buzzer_enabledEv @ 0xb3d2c0
MANUAL: _ZN12NotifyDeviceD2Ev @ 0xb3d440
MANUAL: _ZN6BuzzerD2Ev @ 0xb3d530
MANUAL: _ZN6BuzzerD0Ev @ 0xb3d580
MANUAL: _ZN6Buzzer4initEv @ 0x940fd0
MANUAL: _ZNK9AP_Notify12get_buzz_pinEv @ 0xb3d640
MANUAL: _ZN7DisplayD2Ev @ 0xb3d6a0
MANUAL: _ZN7DisplayD0Ev @ 0xb3d6f0
MANUAL: _ZN7Display4initEv @ 0x941600
MANUAL: _ZN10IS31FL3195C2Ehh @ 0x9438a0
MANUAL: _ZN6RGBLedC2Ehhhh @ 0x943950
MANUAL: _ZN10IS31FL3195D2Ev @ 0xb3db40
MANUAL: _ZN10IS31FL3195D0Ev @ 0xb3dbd0
MANUAL: _ZN10IS31FL31954initEv @ 0x943a70
MANUAL: _ZN6RGBLed6updateEv @ 0x943cf0
MANUAL: _ZN10IS31FL319510hw_set_rgbEhhh @ 0x944080
MANUAL: _ZN6RGBLed8_set_rgbEhhh @ 0x944120
MANUAL: _ZNK6RGBLed10rgb_sourceEv @ 0x944230
MANUAL: _ZNK6RGBLed19get_colour_sequenceEv @ 0x944490
MANUAL: _ZNK6RGBLed14get_brightnessEv @ 0x944880
MANUAL: _ZN6RGBLed7set_rgbEhhh @ 0x944980
MANUAL: _ZN7FunctorIvJEE4bindI10IS31FL3195XadL_ZNS2_6_timerEvEEEES0_PT_ @ 0xb3dc30
MANUAL: _ZN10IS31FL31956_timerEv @ 0x944a40
MANUAL: _ZN7FunctorIvJEE14method_wrapperI10IS31FL3195XadL_ZNS2_6_timerEvEEEEvPv @ 0xb3dc90
MANUAL: _ZN6RGBLedD2Ev @ 0xb3dd40
MANUAL: _ZN6LP5562C2Ehh @ 0x944b20
MANUAL: _ZN6AP_HAL6OwnPtrINS_9I2CDeviceEEC2Ev @ 0xb3ddd0
MANUAL: _ZN6LP5562D2Ev @ 0xb3de20
MANUAL: _ZN6LP5562D0Ev @ 0xb3dea0
MANUAL: _ZN6LP55624initEv @ 0x944be0
MANUAL: _ZN6LP556210hw_set_rgbEhhh @ 0x944f30
MANUAL: _ZN6AP_HAL6OwnPtrINS_9I2CDeviceEEaSIS1_EERS2_ONS0_IT_EE @ 0xb3df00
MANUAL: _ZN7FunctorIvJEE4bindI6LP5562XadL_ZNS2_6_timerEvEEEES0_PT_ @ 0xb3dfa0
MANUAL: _ZN6LP55626_timerEv @ 0x944fd0
MANUAL: _ZN7FunctorIvJEE14method_wrapperI6LP5562XadL_ZNS2_6_timerEvEEEEvPv @ 0xb3e000
MANUAL: _ZN7NCP5623C2Eh @ 0x946470
MANUAL: _ZN7NCP5623D2Ev @ 0xb3e9d0
MANUAL: _ZN7NCP5623D0Ev @ 0xb3ea50
MANUAL: _ZN7NCP56234initEv @ 0x946510
MANUAL: _ZN7NCP56235writeEhh @ 0x946880
MANUAL: _ZN14ToshibaLED_I2CC2Eh @ 0x946ad0
MANUAL: _ZN14ToshibaLED_I2CD2Ev @ 0xb3ebc0
MANUAL: _ZN14ToshibaLED_I2CD0Ev @ 0xb3ec50
MANUAL: _ZN14ToshibaLED_I2C4initEv @ 0x946b60
MANUAL: _ZN14ToshibaLED_I2C10hw_set_rgbEhhh @ 0x946d50
MANUAL: _ZN7FunctorIvJEE4bindI14ToshibaLED_I2CXadL_ZNS2_6_timerEvEEEES0_PT_ @ 0xb3ecb0
MANUAL: _ZN14ToshibaLED_I2C6_timerEv @ 0x946e00
MANUAL: _ZN7FunctorIvJEE14method_wrapperI14ToshibaLED_I2CXadL_ZNS2_6_timerEvEEEEvPv @ 0xb3ed10
MANUAL: _ZN8AP_Relay12set_defaultsEv @ 0x946ec0
MANUAL: _ZN8AP_Relay14convert_paramsEv @ 0x946fc0
MANUAL: _ZNK7AP_EnumIN15AP_Relay_Params12DefaultStateEEcvKS1_Ev @ 0xb3edc0
MANUAL: _ZN8AP_Relay8DroneCAN10enable_pinEs @ 0x9472c0
MANUAL: _ZN11AP_ICEngine31get_legacy_ignition_relay_indexERa @ 0x947350
MANUAL: _ZNK12AP_Parachute22get_legacy_relay_indexERa @ 0x947410
MANUAL: _ZNK9AP_Camera22get_legacy_relay_indexERa @ 0x9474e0
MANUAL: _ZL3MINImjEDTqultfp_fp0_fp_fp0_ERKT_RKT0_.8720 @ 0x9475a0
MANUAL: _ZN7AP_EnumIN15AP_Relay_Params8FUNCTIONEE12set_and_saveES1_ @ 0xb3ee10
MANUAL: _ZNK12AP_Parachute7enabledEv @ 0xb3eef0
MANUAL: _ZL3MINImmEDTqultfp_fp0_fp_fp0_ERKT_RKT0_.8721 @ 0x947630
MANUAL: _ZN11RC_Channels12init_aux_allEv @ 0x9476b0
MANUAL: _ZN10RC_Channel8init_auxEv @ 0x947750
MANUAL: _ZN5Plane21set_home_persistentlyERK8Location @ 0x947920
MANUAL: _ZNK9QuadPlane14show_vtol_viewEv @ 0x9479d0
MANUAL: _ZN5Plane20nav_scripting_activeEv @ 0x947d70
MANUAL: _Z11wrap_180_cdIiET_S0_ @ 0xb3f0a0
MANUAL: _ZNK8Location20line_path_proportionERKS_S1_ @ 0x9487d0
MANUAL: _ZN7AP_TECS19set_path_proportionEf @ 0xb3f110
MANUAL: _ZL2sqf.3123 @ 0x948c70
MANUAL: _ZN9QuadPlane9is_flyingEv @ 0x9490d0
MANUAL: _ZN7FunctorIvJEE14method_wrapperI5PlaneXadL_ZNS2_11ahrs_updateEvEEEEvPv @ 0xb3f190
MANUAL: _ZN7FunctorIvJEE14method_wrapperI5PlaneXadL_ZNS2_19update_control_modeEvEEEEvPv @ 0xb3f240
MANUAL: _ZN7FunctorIvJEE14method_wrapperI5PlaneXadL_ZNS2_9stabilizeEvEEEEvPv @ 0xb3f2f0
MANUAL: _ZN7FunctorIvJEE14method_wrapperI5PlaneXadL_ZNS2_10set_servosEvEEEEvPv @ 0xb3f3a0
MANUAL: _ZN7FunctorIvJEE14method_wrapperI5PlaneXadL_ZNS2_10read_radioEvEEEEvPv @ 0xb3f450
MANUAL: _ZN7FunctorIvJEE14method_wrapperI5PlaneXadL_ZNS2_20check_short_failsafeEvEEEEvPv @ 0xb3f500
MANUAL: _ZN7FunctorIvJEE14method_wrapperI5PlaneXadL_ZNS2_19update_speed_heightEvEEEEvPv @ 0xb3f5b0
MANUAL: _ZN7FunctorIvJEE14method_wrapperI5PlaneXadL_ZNS2_21update_throttle_hoverEvEEEEvPv @ 0xb3f660
MANUAL: _ZN7FunctorIvJEE14method_wrapperI11RC_ChannelsXadL_ZNS2_16read_mode_switchEvEEEEvPv @ 0xb3f710
MANUAL: _ZN7FunctorIvJEE14method_wrapperI5PlaneXadL_ZNS2_15update_GPS_50HzEvEEEEvPv @ 0xb3f7b0
MANUAL: _ZN7FunctorIvJEE14method_wrapperI5PlaneXadL_ZNS2_15update_GPS_10HzEvEEEEvPv @ 0xb3f860
MANUAL: _ZN7FunctorIvJEE14method_wrapperI5PlaneXadL_ZNS2_8navigateEvEEEEvPv @ 0xb3f910
MANUAL: _ZN7FunctorIvJEE14method_wrapperI5PlaneXadL_ZNS2_14update_compassEvEEEEvPv @ 0xb3f9c0
MANUAL: _ZN7FunctorIvJEE14method_wrapperI5PlaneXadL_ZNS2_20calc_airspeed_errorsEvEEEEvPv @ 0xb3fa70
MANUAL: _ZN7FunctorIvJEE14method_wrapperI5PlaneXadL_ZNS2_10update_altEvEEEEvPv @ 0xb3fb20
MANUAL: _ZN7FunctorIvJEE14method_wrapperI5PlaneXadL_ZNS2_22adjust_altitude_targetEvEEEEvPv @ 0xb3fbd0
MANUAL: _ZN7FunctorIvJEE14method_wrapperI5PlaneXadL_ZNS2_12afs_fs_checkEvEEEEvPv @ 0xb3fc80
MANUAL: _ZN7FunctorIvJEE14method_wrapperI5PlaneXadL_ZNS2_9ekf_checkEvEEEEvPv @ 0xb3fd30
MANUAL: _ZN7FunctorIvJEE14method_wrapperI3GCSXadL_ZNS2_14update_receiveEvEEEEvPv @ 0xb3fde0
MANUAL: _ZN7FunctorIvJEE14method_wrapperI3GCSXadL_ZNS2_11update_sendEvEEEEvPv @ 0xb3fe90
MANUAL: _ZN7FunctorIvJEE14method_wrapperI19AP_ServoRelayEventsXadL_ZNS2_13update_eventsEvEEEEvPv @ 0xb3ff40
MANUAL: _ZN7FunctorIvJEE14method_wrapperI14AP_BattMonitorXadL_ZNS2_4readEvEEEEvPv @ 0xb3fff0
MANUAL: _ZN7FunctorIvJEE14method_wrapperI5PlaneXadL_ZNS2_16read_rangefinderEvEEEEvPv @ 0xb400a0
MANUAL: _ZN7FunctorIvJEE14method_wrapperI11AP_ICEngineXadL_ZNS2_6updateEvEEEEvPv @ 0xb40150
MANUAL: _ZN7FunctorIvJEE14method_wrapperI14AP_OpticalFlowXadL_ZNS2_6updateEvEEEEvPv @ 0xb40200
MANUAL: _ZN7FunctorIvJEE14method_wrapperI5PlaneXadL_ZNS2_15one_second_loopEvEEEEvPv @ 0xb402b0
MANUAL: _ZN7FunctorIvJEE14method_wrapperI5PlaneXadL_ZNS2_13three_hz_loopEvEEEEvPv @ 0xb40360
MANUAL: _ZN7FunctorIvJEE14method_wrapperI5PlaneXadL_ZNS2_19check_long_failsafeEvEEEEvPv @ 0xb40410
MANUAL: _ZN7FunctorIvJEE14method_wrapperI5PlaneXadL_ZNS2_21airspeed_ratio_updateEvEEEEvPv @ 0xb404c0
MANUAL: _ZN7FunctorIvJEE14method_wrapperI8AP_MountXadL_ZNS2_6updateEvEEEEvPv @ 0xb40570
MANUAL: _ZN7FunctorIvJEE14method_wrapperI9AP_CameraXadL_ZNS2_6updateEvEEEEvPv @ 0xb40620
MANUAL: _ZN7FunctorIvJEE14method_wrapperI12AP_SchedulerXadL_ZNS2_14update_loggingEvEEEEvPv @ 0xb406d0
MANUAL: _ZN7FunctorIvJEE14method_wrapperI5PlaneXadL_ZNS2_18Log_Write_FullRateEvEEEEvPv @ 0xb40780
MANUAL: _ZN7FunctorIvJEE14method_wrapperI5PlaneXadL_ZNS2_16update_logging10EvEEEEvPv @ 0xb40830
MANUAL: _ZN7FunctorIvJEE14method_wrapperI5PlaneXadL_ZNS2_16update_logging25EvEEEEvPv @ 0xb408e0
MANUAL: _ZN7FunctorIvJEE14method_wrapperI5PlaneXadL_ZNS2_14update_soaringEvEEEEvPv @ 0xb40990
MANUAL: _ZN7FunctorIvJEE14method_wrapperI5PlaneXadL_ZNS2_15parachute_checkEvEEEEvPv @ 0xb40a40
MANUAL: _ZN7FunctorIvJEE14method_wrapperI10AP_TerrainXadL_ZNS2_6updateEvEEEEvPv @ 0xb40af0
MANUAL: _ZN7FunctorIvJEE14method_wrapperI5PlaneXadL_ZNS2_20update_is_flying_5HzEvEEEEvPv @ 0xb40ba0
MANUAL: _ZN7FunctorIvJEE14method_wrapperI9AP_LoggerXadL_ZNS2_14periodic_tasksEvEEEEvPv @ 0xb40c50
MANUAL: _ZN7FunctorIvJEE14method_wrapperI17AP_InertialSensorXadL_ZNS2_8periodicEvEEEEvPv @ 0xb40d00
MANUAL: _ZN7FunctorIvJEE14method_wrapperI5PlaneXadL_ZNS2_21avoidance_adsb_updateEvEEEEvPv @ 0xb40db0
MANUAL: _ZN7FunctorIvJEE14method_wrapperI11RC_ChannelsXadL_ZNS2_12read_aux_allEvEEEEvPv @ 0xb40e60
MANUAL: _ZN7FunctorIvJEE14method_wrapperI9AP_ButtonXadL_ZNS2_6updateEvEEEEvPv @ 0xb40f10
MANUAL: _ZN7FunctorIvJEE14method_wrapperI5PlaneXadL_ZNS2_19landing_gear_updateEvEEEEvPv @ 0xb40fc0
MANUAL: _ZN7FunctorIvJEE14method_wrapperI5PlaneXadL_ZNS2_15precland_updateEvEEEEvPv @ 0xb41070
MANUAL: _ZN7FunctorIvJEE14method_wrapperI5PlaneXadL_ZNS2_16update_quicktuneEvEEEEvPv @ 0xb41120
MANUAL: _ZN5Plane16update_quicktuneEv @ 0x949920
MANUAL: _ZN12AP_Quicktune6updateEb @ 0x9499a0
MANUAL: _ZN5Plane15precland_updateEv @ 0x94bce0
MANUAL: _ZN11AC_PrecLand6updateEfb @ 0x94bd70
MANUAL: _ZNK7AP_AHRS37get_relative_position_NE_origin_floatER7Vector2IfE @ 0x94cea0
MANUAL: _ZNK7AP_AHRS31get_relative_position_NE_originER7Vector2IdE @ 0x94cf50
MANUAL: _ZNK11AP_AHRS_DCM31get_relative_position_NE_originER7Vector2IdE @ 0x94d090
MANUAL: _ZN5Plane19landing_gear_updateEv @ 0x94e6f0
MANUAL: _ZN14AP_LandingGear6updateEf @ 0x94e770
MANUAL: _ZN9AP_Button6updateEv @ 0x94ebe0
MANUAL: _ZN11RC_Channels12read_aux_allEv @ 0x94f860
MANUAL: _ZN10RC_Channel8read_auxEv @ 0x94f950
MANUAL: _ZN11RC_Channels12get_radio_inEPth @ 0x94fd40
MANUAL: _ZL3MINIhiEDTqultfp_fp0_fp_fp0_ERKT_RKT0_.7413 @ 0x94fef0
MANUAL: _ZN5Plane21avoidance_adsb_updateEv @ 0x950300
MANUAL: _ZN7AP_ADSB6updateEv @ 0x950370
MANUAL: _ZN12AP_Avoidance6updateEv @ 0x950550
MANUAL: _ZN12AP_Avoidance13check_startupEv @ 0x950610
MANUAL: _ZN7AP_ADSB3LocC2Ev @ 0xb41db0
MANUAL: _ZNK7AP_AHRS19get_vert_pos_rate_DERf @ 0x951e50
MANUAL: _ZN7AP_ADSB6updateERKNS_3LocE @ 0x951f80
MANUAL: _ZNK11AP_AHRS_DCM19get_vert_pos_rate_DERf @ 0x9524c0
MANUAL: _ZNK7NavEKF320getPosDownDerivativeEv @ 0x952640
MANUAL: _ZNK12NavEKF3_core20getPosDownDerivativeEv @ 0x952890
MANUAL: _ZN17AP_InertialSensor8periodicEv @ 0x952950
MANUAL: _ZN17AP_InertialSensor12BatchSampler8periodicEv @ 0x9529b0
MANUAL: _ZN9AP_Logger14periodic_tasksEv @ 0x952fd0
MANUAL: _ZN5Plane20update_is_flying_5HzEv @ 0x953070
MANUAL: _ZL3MAXI9AP_ParamTIsL11ap_var_type2EEiEDTqugtfp_fp0_fp_fp0_ERKT_RKT0_.1261 @ 0x953790
MANUAL: _ZNK10AP_Landing14is_on_approachEv @ 0x953970
MANUAL: _ZNK10AP_Landing10is_flaringEv @ 0x953a50
MANUAL: _ZN7AP_ADSB13set_is_flyingEb @ 0xb41e70
MANUAL: _ZN12AP_Parachute13set_is_flyingEb @ 0xb41ed0
MANUAL: _ZN8AP_Stats10set_flyingEb @ 0x953b20
MANUAL: _ZN5Plane22crash_detection_updateEv @ 0x953bf0
MANUAL: _ZN10AP_Vehicle17set_likely_flyingEb @ 0xb41f40
MANUAL: _ZN10AP_Terrain6updateEv @ 0x9543c0
MANUAL: _ZN10AP_Terrain16schedule_disk_ioEv @ 0x954590
MANUAL: _ZN10AP_Terrain19update_mission_dataEv @ 0x9547e0
MANUAL: _ZN10AP_Terrain17update_rally_dataEv @ 0x954af0
MANUAL: _ZN10AP_Terrain24update_surrounding_tilesERK8Location @ 0x954cc0
MANUAL: _ZNK8AP_Rally19last_change_time_msEv @ 0xb41fd0
MANUAL: _ZNK10AP_Mission19last_change_time_msEv @ 0xb42020
MANUAL: _ZN7FunctorIvJEE4bindI10AP_TerrainXadL_ZNS2_8io_timerEvEEEES0_PT_ @ 0xb42070
MANUAL: _ZN10AP_Terrain15check_disk_readEv @ 0x954e40
MANUAL: _ZN10AP_Terrain16check_disk_writeEv @ 0x954f20
MANUAL: _ZN10AP_Terrain11find_io_idxENS_14GridCacheStateE @ 0x955000
MANUAL: _ZN10AP_Terrain8io_timerEv @ 0x955280
MANUAL: _ZN7FunctorIvJEE14method_wrapperI10AP_TerrainXadL_ZNS2_8io_timerEvEEEEvPv @ 0xb420d0
MANUAL: _ZN10AP_Terrain9open_fileEv @ 0x9553b0
MANUAL: _ZN10AP_Terrain10read_blockEv @ 0x9558d0
MANUAL: _ZN10AP_Terrain11seek_offsetEv @ 0x955ad0
MANUAL: _ZN10AP_Terrain13get_block_crcERNS_10grid_blockE @ 0x955bc0
MANUAL: _ZNK10AP_Terrain11east_blocksERNS_10grid_blockE @ 0x955c50
MANUAL: _ZN5Plane15parachute_checkEv @ 0x955da0
MANUAL: _ZN12AP_Parachute6updateEv @ 0x955e10
MANUAL: _ZN12AP_Parachute15check_sink_rateEv @ 0x9560a0
MANUAL: _ZN5Plane14update_soaringEv @ 0x956150
MANUAL: _ZN17SoaringController19update_active_stateEb @ 0x956370
MANUAL: _ZNK17SoaringController9is_activeEv @ 0xb42180
MANUAL: _ZNK7AP_TECS19get_target_airspeedEv @ 0xb426b0
MANUAL: _ZN7MatrixNIfLh4EEC2Ev @ 0xb42720
MANUAL: _ZN7VectorNIfLh4EEC2Ev @ 0xb42780
MANUAL: _ZNK17SoaringController12active_stateEb @ 0x959b10
MANUAL: _ZN5Plane16update_logging25Ev @ 0x959c30
MANUAL: _ZNK17AP_InertialSensor20get_accel_clip_countEh @ 0x95ad50
MANUAL: _ZNK7AP_AHRS36get_relative_position_D_origin_floatERf @ 0x95c970
MANUAL: _ZNK7AP_AHRS22get_secondary_attitudeER7Vector3IfE @ 0xb43a00
MANUAL: _ZNK7AP_AHRS22get_secondary_positionER8Location @ 0xb43a80
MANUAL: _ZN5Plane16update_logging10Ev @ 0x960930
MANUAL: _ZNK7AP_AHRS6getAOAEv @ 0xb43c90
MANUAL: _ZNK7AP_AHRS6getSSAEv @ 0xb43ce0
MANUAL: _ZN5Plane18Log_Write_FullRateEv @ 0x960b90
MANUAL: _ZN12AP_Scheduler14update_loggingEv @ 0x960c30
MANUAL: _ZN12AP_Scheduler11debug_flagsEv @ 0xb43d30
MANUAL: _ZN2AP8PerfInfo13has_task_infoEv @ 0xb43d90
MANUAL: _ZN12AP_Scheduler12load_averageEv @ 0x9611a0
MANUAL: _ZNK16AP_InternalError5countEv @ 0xb43df0
MANUAL: _ZN9AP_Camera6updateEv @ 0x9613e0
MANUAL: _ZN8AP_Mount6updateEv @ 0x9614a0
MANUAL: _ZN5Plane21airspeed_ratio_updateEv @ 0x961550
MANUAL: _ZN5Plane19check_long_failsafeEv @ 0x962620
MANUAL: _ZN5Plane13three_hz_loopEv @ 0x963340
MANUAL: _ZN5Plane11fence_checkEv @ 0x963390
MANUAL: _ZNK8AC_Fence10get_actionEv @ 0xb44430
MANUAL: _ZN5Plane15one_second_loopEv @ 0x964180
MANUAL: _ZN7AP_ADSB18set_stall_speed_cmEt @ 0xb44700
MANUAL: _ZN7AP_ADSB13set_max_speedEs @ 0xb44790
MANUAL: _ZN16AP_FW_Controller21set_notch_sample_rateEf @ 0xb44830
MANUAL: _ZN16AP_YawController21set_notch_sample_rateEf @ 0xb448a0
MANUAL: _ZN14AP_OpticalFlow6updateEv @ 0x964bc0
MANUAL: _ZN11AP_ICEngine6updateEv @ 0x966170
MANUAL: _ZN5Plane16read_rangefinderEv @ 0x967060
MANUAL: _ZN11RangeFinder28set_estimated_terrain_heightEf @ 0xb44970
MANUAL: _ZN11RangeFinder6updateEv @ 0x967170
MANUAL: _ZN5Plane25rangefinder_height_updateEv @ 0x967290
MANUAL: _ZNK11RangeFinder8Log_RFNDEv @ 0x967a30
MANUAL: _ZN14AP_BattMonitor4readEv @ 0x967b70
MANUAL: _ZN14AP_BattMonitor15check_failsafesEv @ 0x968290
MANUAL: _ZN14AP_BattMonitor16checkPoweringOffEv @ 0x9685a0
MANUAL: _ZN5Plane9ekf_checkEv @ 0x968790
MANUAL: _ZNK9QuadPlane19in_vtol_posvel_modeEv @ 0x968a40
MANUAL: _ZN5Plane22failsafe_ekf_off_eventEv @ 0x968ba0
MANUAL: _ZN5Plane12afs_fs_checkEv @ 0x968f60
MANUAL: _ZN19AP_AdvancedFailsafe5checkEj @ 0x968fc0
MANUAL: _ZN5Plane22adjust_altitude_targetEv @ 0x969d50
MANUAL: _ZN5Plane10update_altEv @ 0x969db0
MANUAL: _ZN12AP_Parachute13set_sink_rateEf @ 0x96a1e0
MANUAL: _ZNK9QuadPlane19should_disable_TECSEv @ 0x96a2d0
MANUAL: _ZNK8ModeAuto9in_pullupEv @ 0xb44b80
MANUAL: _ZN5Plane21reached_loiter_targetEv @ 0x96f1d0
MANUAL: _ZNK12GliderPullup9in_pullupEv @ 0x96f4b0
MANUAL: _ZN5Plane20calc_airspeed_errorsEv @ 0x96f570
MANUAL: _ZL3MAXIffEDTqugtfp_fp0_fp_fp0_ERKT_RKT0_.1632 @ 0x9701f0
MANUAL: _ZN5Plane17calc_speed_scalerEv @ 0x970270
MANUAL: _ZL3MAXI9AP_ParamTIsL11ap_var_type2EEiEDTqugtfp_fp0_fp_fp0_ERKT_RKT0_ @ 0x971590
MANUAL: _ZL3MINIffEDTqultfp_fp0_fp_fp0_ERKT_RKT0_ @ 0x971620
MANUAL: _ZL3MAXIffEDTqugtfp_fp0_fp_fp0_ERKT_RKT0_ @ 0x9716b0
MANUAL: _ZN5Plane14update_compassEv @ 0x971860
MANUAL: _ZN5Plane8navigateEv @ 0x9718c0
MANUAL: _ZN5Plane21check_home_alt_changeEv @ 0x9719f0
MANUAL: _ZN5Plane19loiter_angle_updateEv @ 0x971af0
MANUAL: _ZN5Plane15update_GPS_10HzEv @ 0x971ef0
MANUAL: _ZN7AP_AHRS13estimate_windEv @ 0xb44e50
MANUAL: _ZN5Plane24calc_gndspeed_undershootEv @ 0x972100
MANUAL: _ZN11AP_AHRS_DCM13estimate_windEv @ 0x9722b0
MANUAL: _ZN5Plane15update_GPS_50HzEv @ 0x972970
MANUAL: _ZN6AP_GPS6updateEv @ 0x9729e0
MANUAL: _ZN6AP_GPS15update_instanceEh @ 0x972b60
MANUAL: _ZN6AP_GPS14update_primaryEv @ 0x973300
MANUAL: _ZN14AP_GPS_Blended19zero_health_counterEv @ 0xb44eb0
MANUAL: _ZNK6AP_GPS10should_logEv @ 0x974fb0
MANUAL: _ZNK6AP_GPS11get_rate_msEh @ 0x975da0
MANUAL: _ZL3MINI9AP_ParamTIsL11ap_var_type2EEiEDTqultfp_fp0_fp_fp0_ERKT_RKT0_ @ 0x975f40
MANUAL: _ZN6AP_GPS15detect_instanceEh @ 0x975fd0
MANUAL: _ZN6AP_GPS16send_blob_updateEh @ 0x976130
MANUAL: _ZL3MINIjtEDTqultfp_fp0_fp_fp0_ERKT_RKT0_ @ 0x9762d0
MANUAL: _ZN6AP_GPS16_detect_instanceEh @ 0x976360
MANUAL: _ZNK14AP_GPS_Backend18broadcast_gps_typeEv @ 0x9774d0
MANUAL: _ZN6AP_GPS15send_blob_startEh @ 0x977ec0
MANUAL: _ZL3MINIjjEDTqultfp_fp0_fp_fp0_ERKT_RKT0_.3551 @ 0x978090
MANUAL: _ZN12AP_GPS_UBLOX7_detectER18UBLOX_detect_stateh @ 0x978110
MANUAL: _ZN11AP_GPS_SBP27_detectER17SBP2_detect_stateh @ 0x978380
MANUAL: _ZN10AP_GPS_SBP7_detectER16SBP_detect_stateh @ 0x978670
MANUAL: _ZN11AP_GPS_SIRF7_detectER17SIRF_detect_stateh @ 0x978960
MANUAL: _ZN10AP_GPS_ERB7_detectER16ERB_detect_stateh @ 0x978b40
MANUAL: _ZN14AP_GPS_Backend14check_new_itowEjj @ 0x97ae80
MANUAL: _ZN6AP_GPS15send_blob_startEhPKct @ 0x97ca70
MANUAL: _ZN12AP_GPS_UBLOXC2ER6AP_GPSRNS0_6ParamsERNS0_9GPS_StateEPN6AP_HAL10UARTDriverENS0_8GPS_RoleE @ 0x97eea0
MANUAL: _ZN12AP_GPS_UBLOX20_request_next_configEv @ 0x97f0e0
MANUAL: _ZN12AP_GPS_UBLOX21_request_message_rateEhh @ 0x97fb80
MANUAL: _ZN12AP_GPS_UBLOX13_request_portEv @ 0x97fc40
MANUAL: _ZN12AP_GPS_UBLOX13_send_messageEhhPKvt @ 0x97fcd0
MANUAL: _ZN12AP_GPS_UBLOX16_update_checksumEPhtRhS1_ @ 0x980b90
MANUAL: _ZN12AP_GPS_UBLOX4readEv @ 0x980cc0
MANUAL: _ZNK12AP_GPS_UBLOX13is_configuredEv @ 0xb45de0
MANUAL: _ZNK12AP_GPS_UBLOX7get_lagERf @ 0x9813a0
MANUAL: _ZNK12AP_GPS_UBLOX10is_healthyEv @ 0x981530
MANUAL: _ZNK12AP_GPS_UBLOX4nameEv @ 0xb45e30
MANUAL: _ZL3MINIjjEDTqultfp_fp0_fp_fp0_ERKT_RKT0_.3850 @ 0x981980
MANUAL: _ZN12AP_GPS_UBLOXUt_ixEm @ 0xb45ef0
MANUAL: _ZN12AP_GPS_UBLOX10_parse_gpsEv @ 0x981a00
MANUAL: _ZN12AP_GPS_UBLOX15_check_new_itowEj @ 0x984ec0
MANUAL: _ZN12AP_GPS_UBLOX23_configure_message_rateEhhh @ 0x984f40
MANUAL: _ZN5Plane21update_throttle_hoverEv @ 0x98c540
MANUAL: _ZN9QuadPlane21update_throttle_hoverEv @ 0x98c5a0
MANUAL: _ZN5Plane19update_speed_heightEv @ 0x98cdb0
MANUAL: _ZN5Plane20check_short_failsafeEv @ 0x98df10
MANUAL: _ZN5Plane10read_radioEv @ 0x98e540
MANUAL: _ZNK5Plane17fence_stickmixingEv @ 0x98e7b0
MANUAL: _ZN10Tailsitter11check_inputEv @ 0x98e860
MANUAL: _ZN9AP_Tuning11check_inputEh @ 0x98e930
MANUAL: _ZN5Plane10set_servosEv @ 0x98f8e0
MANUAL: _ZN9QuadPlane6updateEv @ 0x98fc40
MANUAL: _ZN5Plane12set_throttleEv @ 0x990270
MANUAL: _ZN5Plane20set_takeoff_expectedEv @ 0x9904c0
MANUAL: _ZN5Plane16set_servos_flapsEv @ 0x990620
MANUAL: _ZN5Plane15airbrake_updateEv @ 0x990ab0
MANUAL: _ZN5Plane19throttle_slew_limitEv @ 0x990c30
MANUAL: _ZN11AP_ICEngine17throttle_overrideERff @ 0x990f50
MANUAL: _ZN12ParametersG212FWD_BATT_CMP6updateEv @ 0x991470
MANUAL: _ZN5Plane17suppress_throttleEv @ 0x9919d0
MANUAL: _ZN5Plane9stabilizeEv @ 0x997250
MANUAL: _ZN4Mode17reset_controllersEv @ 0x9975f0
MANUAL: _ZN7AP_TECS5resetEv @ 0xb47e60
MANUAL: _ZN5Plane19update_control_modeEv @ 0x999e70
MANUAL: _ZN5Plane18update_fly_forwardEv @ 0x999f50
MANUAL: _ZN12ModeAutoLand23check_takeoff_directionEv @ 0x99a100
MANUAL: _ZN5Plane11ahrs_updateEv @ 0x99a430
MANUAL: _ZN9QuadPlane15check_yaw_resetEv @ 0x99a760
MANUAL: _ZN14AP_InertialNav6updateEb @ 0x99a820
MANUAL: _ZN9AP_Follow16update_estimatesEv @ 0x99ab90
MANUAL: _ZN9AP_Follow32clear_dist_and_bearing_to_targetEv @ 0x99bb10
MANUAL: _ZN5PlaneC2Ev @ 0x99c680
MANUAL: _ZN10AP_VehicleC2Ev @ 0xb48010
MANUAL: _ZN12AP_FixedWingC2Ev @ 0xb48450
MANUAL: _ZN10ParametersC2Ev @ 0xb48600
MANUAL: _ZN7AP_TECSC2ER7AP_AHRSRK12AP_FixedWingRK10AP_Landingj @ 0xb48ab0
MANUAL: _ZN13AP_L1_ControlC2ER7AP_AHRSPK7AP_TECS @ 0xb48e40
MANUAL: _ZN18AP_SteerControllerC2Ev @ 0xb48f60
MANUAL: _ZN9GCS_PlaneC2Ev @ 0xb490a0
MANUAL: _ZN10ModeCircleC2Ev @ 0xb49110
MANUAL: _ZN13ModeStabilizeC2Ev @ 0xb49180
MANUAL: _ZN12ModeTrainingC2Ev @ 0xb491f0
MANUAL: _ZN8ModeAcroC2Ev @ 0xb49260
MANUAL: _ZN8ModeFBWAC2Ev @ 0xb492e0
MANUAL: _ZN8ModeFBWBC2Ev @ 0xb49350
MANUAL: _ZN10ModeCruiseC2Ev @ 0xb493c0
MANUAL: _ZN12ModeAutoTuneC2Ev @ 0xb49430
MANUAL: _ZN8ModeAutoC2Ev @ 0xb494a0
MANUAL: _ZN7ModeRTLC2Ev @ 0xb49520
MANUAL: _ZN10ModeLoiterC2Ev @ 0xb49590
MANUAL: _ZN13ModeAvoidADSBC2Ev @ 0xb49600
MANUAL: _ZN10ModeGuidedC2Ev @ 0xb49670
MANUAL: _ZN16ModeInitializingC2Ev @ 0xb496e0
MANUAL: _ZN10ModeManualC2Ev @ 0xb49750
MANUAL: _ZN14ModeQStabilizeC2Ev @ 0xb497c0
MANUAL: _ZN10ModeQHoverC2Ev @ 0xb49830
MANUAL: _ZN11ModeQLoiterC2Ev @ 0xb498a0
MANUAL: _ZN9ModeQLandC2Ev @ 0xb49910
MANUAL: _ZN8ModeQRTLC2Ev @ 0xb49980
MANUAL: _ZN9ModeQAcroC2Ev @ 0xb499f0
MANUAL: _ZN18ModeLoiterAltQLandC2Ev @ 0xb49a60
MANUAL: _ZN13ModeQAutotuneC2Ev @ 0xb49ad0
MANUAL: _ZN11ModeThermalC2Ev @ 0xb49b40
MANUAL: _ZN12AP_QuicktuneC2Ev @ 0xb49bb0
MANUAL: _ZN7FunctorIvJPKcKaEE4bindI5PlaneXadL_ZNS5_23handle_battery_failsafeES1_aEEEES3_PT_ @ 0xb49d10
MANUAL: _ZN5PlaneUt2_C2Ev @ 0xb49d70
MANUAL: _ZN5PlaneUt3_C2Ev @ 0xb49dc0
MANUAL: _ZN5Plane11GuidedStateC2Ev @ 0xb49e20
MANUAL: _ZN7FunctorIbJRKN10AP_Mission15Mission_CommandEEE4bindI5PlaneXadL_ZNS6_22start_command_callbackES3_EEEES4_PT_ @ 0xb49ec0
MANUAL: _ZN7FunctorIbJRKN10AP_Mission15Mission_CommandEEE4bindI5PlaneXadL_ZNS6_23verify_command_callbackES3_EEEES4_PT_ @ 0xb49f20
MANUAL: _ZN7FunctorIvJEE4bindI5PlaneXadL_ZNS2_21exit_mission_callbackEvEEEES0_PT_ @ 0xb49f80
MANUAL: _ZN10AP_MissionC2E7FunctorIbJRKNS_15Mission_CommandEEES4_S0_IvJEE @ 0xb49fe0
MANUAL: _ZN12AP_ParachuteC2Ev @ 0xb4a1a0
MANUAL: _ZN7FunctorIvJRK8LocationfEE4bindI5PlaneXadL_ZNS5_30set_target_altitude_proportionES2_fEEEES3_PT_ @ 0xb4a2b0
MANUAL: _ZN7FunctorIvJRK8LocationS2_EE4bindI5PlaneXadL_ZNS5_34constrain_target_altitude_locationES2_S2_EEEES3_PT_ @ 0xb4a310
MANUAL: _ZN7FunctorIiJEE4bindI5PlaneXadL_ZNS2_20adjusted_altitude_cmEvEEEES0_PT_ @ 0xb4a370
MANUAL: _ZN7FunctorIiJEE4bindI5PlaneXadL_ZNS2_29adjusted_relative_altitude_cmEvEEEES0_PT_ @ 0xb4a3d0
MANUAL: _ZN7FunctorIvJEE4bindI5PlaneXadL_ZNS2_27disarm_if_autoland_completeEvEEEES0_PT_ @ 0xb4a430
MANUAL: _ZN7FunctorIvJEE4bindI5PlaneXadL_ZNS2_19update_flight_stageEvEEEES0_PT_ @ 0xb4a490
MANUAL: _ZN18AP_Avoidance_PlaneCI212AP_AvoidanceER7AP_ADSB @ 0xb4a4f0
MANUAL: _ZN25AP_AdvancedFailsafe_PlaneC2Ev @ 0xb4a580
MANUAL: _ZN15AP_Arming_PlaneC2Ev @ 0xb4a5f0
MANUAL: _ZN8AP_ParamC2EPKNS_4InfoE @ 0xb4a670
MANUAL: _ZN24AP_ExternalControl_PlaneC2Ev @ 0xb4a760
MANUAL: _ZN15AP_Tuning_PlaneC2Ev @ 0xb4a7d0
MANUAL: _ZN9AP_TuningC2EPKNS_10tuning_setEPKNS_11tuning_nameE @ 0xb4a850
MANUAL: _ZN9QuadPlaneC2ER7AP_AHRS @ 0x99d970
MANUAL: _ZN14AP_MultiCopterC2Ev @ 0xb4ac30
MANUAL: _ZN14AP_InertialNavC2ER7AP_AHRS @ 0xb4ac80
MANUAL: _ZN7AP_EnumIN9AP_Motors17motor_frame_classEEC2Ev @ 0xb4ad00
MANUAL: _ZN7AP_EnumIN9AP_Motors16motor_frame_typeEEC2Ev @ 0xb4ad50
MANUAL: _ZN9QuadPlane10TRANS_FAILC2Ev @ 0xb4ada0
MANUAL: _ZN11VTOL_AssistC2ER9QuadPlane @ 0xb4ae10
MANUAL: _ZN7AP_EnumIN9QuadPlane9FwdThrUseEEC2Ev @ 0xb4aed0
MANUAL: _ZN9QuadPlaneUt_C2Ev @ 0xb4af20
MANUAL: _ZN9QuadPlaneUt0_C2Ev @ 0xb4af70
MANUAL: _ZN9QuadPlane15PosControlStateC2Ev @ 0xb4afd0
MANUAL: _ZN9QuadPlaneUt1_C2Ev @ 0xb4b060
MANUAL: _ZN9QAutoTuneC2Ev @ 0xb4b0c0
MANUAL: _ZN17AC_AutoTune_MultiC2Ev @ 0x99de20
MANUAL: _ZN11AC_AutoTuneC2Ev @ 0x9a79e0
MANUAL: _ZN10TailsitterC2ER9QuadPlaneRP20AP_MotorsMulticopter @ 0x9a7a60
MANUAL: _ZN9TiltrotorC2ER9QuadPlaneRP20AP_MotorsMulticopter @ 0x9a7c70
MANUAL: _ZN13LowPassFilterI7Vector3IfEEC2ERKf @ 0xb4c060
MANUAL: _ZN7AP_EnumIN9QuadPlane10TRANS_FAIL6ACTIONEEC2Ev @ 0xb4c0e0
MANUAL: _ZN15AC_CommandModelC2Efff @ 0x9a7da0
MANUAL: _ZN18AP_ExternalControlC2Ev @ 0x9a7e80
MANUAL: _ZN9AP_ArmingC2Ev @ 0x9a82d0
MANUAL: _ZN7AP_EnumIN9AP_Arming8RequiredEEC2Ev @ 0xb4c260
MANUAL: _ZN7AP_EnumIN9AP_Arming15RequireLocationEEC2Ev @ 0xb4c2b0
MANUAL: _ZN8AP_MountC2Ev @ 0x9a8450
MANUAL: _ZN15AP_Mount_ParamsC2Ev @ 0x9a8520
MANUAL: _ZN19AP_AdvancedFailsafeC2Ev @ 0xb4c300
MANUAL: _ZN12AP_AvoidanceC2ER7AP_ADSB @ 0x9a8920
MANUAL: _ZN7AP_ADSBC2Ev @ 0x9a9790
MANUAL: _ZN7AP_ADSBUt_C2Ev @ 0xb4c680
MANUAL: _ZN7AP_ADSBUt0_C2Ev @ 0xb4c700
MANUAL: _ZN12ObjectBufferIN7AP_ADSB14adsb_vehicle_tEEC2Ej @ 0xb4c760
MANUAL: _ZN7AP_EnumIN7AP_ADSB7LoggingEEC2Ev @ 0xb4c830
MANUAL: _ZN7AP_ADSBUt0_Ut_C2Ev @ 0xb4c880
MANUAL: _ZN10AP_LandingC2ER10AP_MissionR7AP_AHRSP7AP_TECSP13AP_NavigationR12AP_FixedWing7FunctorIvJRK8LocationfEESA_IvJSD_SD_EESA_IiJEESG_SA_IvJEESH_ @ 0x9a98e0
MANUAL: _ZN20AP_Landing_DeepstallC2ER10AP_Landing @ 0xb4c950
MANUAL: _ZN3PIDC2ERKfS1_S1_RKs @ 0xb4cb60
MANUAL: _ZN7FunctorIiJEEC2EPvPFiS1_E @ 0xb4cf00
MANUAL: _ZN7FunctorIvJRK8LocationS2_EEC2EPvPFvS4_S2_S2_E @ 0xb4d100
MANUAL: _ZN7FunctorIvJRK8LocationfEEC2EPvPFvS4_S2_fE @ 0xb4d250
MANUAL: _ZN5Plane28set_target_altitude_locationERK8Location @ 0x9aa060
MANUAL: _ZN10AP_TerrainC2Ev @ 0x9aa230
MANUAL: _ZN7FunctorIbJRKN10AP_Mission15Mission_CommandEEEC2EPvPFbS5_S3_E @ 0xb4d440
MANUAL: _ZN11AP_AutoTune7ATGainsC2Ev @ 0xb4d990
MANUAL: _ZN20LowPassFilterConstDtIfEC2Ev @ 0xb4da10
MANUAL: _ZN14AP_BattMonitorC2Ej7FunctorIvJPKcKaEEPS3_ @ 0x9b4690
MANUAL: _ZN21AP_BattMonitor_ParamsC2Ev @ 0x9b47e0
MANUAL: _ZN7AP_EnumIN21AP_BattMonitor_Params4TypeEEC2Ev @ 0xb4db30
MANUAL: _ZNK14AP_BattMonitor22capacity_remaining_pctERhh @ 0x9b4930
MANUAL: _ZN7FunctorIvJPKcKaEEC2EPvPFvS4_S1_aE @ 0xb4dc50
MANUAL: _ZN4ModeC2Ev @ 0x9b5490
MANUAL: _ZNK4Mode12is_vtol_modeEv @ 0xb4de30
MANUAL: _ZN4Mode22update_target_altitudeEv @ 0x9b57d0
MANUAL: _ZNK4Mode18supports_quicktuneEv @ 0xb4e210
MANUAL: _ZN4Mode5_exitEv @ 0xb4e2b0
MANUAL: _ZNK4Mode15_pre_arm_checksEmPc @ 0x9b5fe0
MANUAL: _ZN10AP_Landing28get_target_altitude_locationER8Location @ 0x9b6890
MANUAL: _ZN4Mode8navigateEv @ 0xb4e7a0
MANUAL: _ZNK4Mode23allows_throttle_nudgingEv @ 0xb4e7f0
MANUAL: _ZNK4Mode20does_auto_navigationEv @ 0xb4e840
MANUAL: _ZNK4Mode18does_auto_throttleEv @ 0xb4e890
MANUAL: _ZN4Mode6_enterEv @ 0xb4e8e0
MANUAL: _ZN12ModeAutoLandC2Ev @ 0x9bbb00
MANUAL: _ZN11ModeTakeoffC2Ev @ 0x9bc680
MANUAL: _ZN4Mode26output_rudder_and_steeringEf @ 0x9be320
MANUAL: _ZN10ModeManual3runEv @ 0x9c8f90
MANUAL: _ZNK10ModeManual11mode_numberEv @ 0xb50690
MANUAL: _ZNK10ModeManual5name4Ev @ 0xb50730
MANUAL: _ZN10ModeManual6updateEv @ 0x9c8fe0
MANUAL: _ZNK10ModeManual19use_throttle_limitsEv @ 0x9c90d0
MANUAL: _ZNK10ModeManual24use_battery_compensationEv @ 0xb50780
MANUAL: _ZNK10ModeManual33allows_autoland_direction_captureEv @ 0xb507d0
MANUAL: _ZNK16ModeInitializing11mode_numberEv @ 0xb50820
MANUAL: _ZNK16ModeInitializing5name4Ev @ 0xb508c0
MANUAL: _ZNK16ModeInitializing18does_auto_throttleEv @ 0xb509b0
MANUAL: _ZN12GliderPullupC2Ev @ 0x9cb8c0
MANUAL: _ZN5Plane19throttle_percentageEv @ 0x9ce0d0
MANUAL: _ZN8ModeAcroUt_C2Ev @ 0xb51e30
MANUAL: _ZN6AP_OSDC2Ev @ 0x9cf090
MANUAL: _ZN6AP_OSD9StatsInfoC2Ev @ 0xb523e0
MANUAL: _ZN18AP_OSD_ParamScreenC2Eh @ 0x9cf380
MANUAL: _ZN21AP_OSD_AbstractScreenC2Ev @ 0xb52440
MANUAL: _ZN19AP_OSD_ParamSettingC2Ev @ 0xb524d0
MANUAL: _ZN19AP_OSD_ParamSettingC2ERKNS_11InitializerE @ 0x9cf510
MANUAL: _ZN7AP_EnumIN19AP_OSD_ParamSetting4TypeEEC2Ev @ 0xb525c0
MANUAL: _ZN13AP_OSD_ScreenC2Ev @ 0x9d1000
MANUAL: _ZN14AP_OSD_SettingC2Ebhh @ 0x9d1760
MANUAL: _ZN8AP_RallyC2Ev @ 0x9d9660
MANUAL: _ZN14AP_OpticalFlowC2Ev @ 0x9d9740
MANUAL: _ZN7AP_EnumIN14AP_OpticalFlow4TypeEEC2Ev @ 0xb52990
MANUAL: _ZN9AP_CameraC2Ej @ 0x9d9850
MANUAL: _ZN16AP_Camera_ParamsC2Ev @ 0x9d9940
MANUAL: _ZN3GCSC2Ev @ 0xb529e0
MANUAL: _ZNK9GCS_Plane11custom_modeEv @ 0x9d9a70
MANUAL: _ZNK9GCS_Plane10frame_typeEv @ 0x9d9ad0
MANUAL: _ZN9GCS_Plane4chanEh @ 0xb52b30
MANUAL: _ZN9GCS_Plane23new_gcs_mavlink_backendERN6AP_HAL10UARTDriverE @ 0xb52c50
MANUAL: _ZN9GCS_Plane34update_vehicle_sensor_status_flagsEv @ 0x9d9b30
MANUAL: _ZNK9GCS_Plane26min_status_for_gps_healthyEv @ 0xb52cf0
MANUAL: _ZN17GCS_MAVLINK_PlaneCI211GCS_MAVLINKERN6AP_HAL10UARTDriverE @ 0xb52d40
MANUAL: _ZN11GCS_MAVLINKC2ERN6AP_HAL10UARTDriverE @ 0x9d9eb0
MANUAL: _ZN17GCS_MAVLINK_Plane14packetReceivedERK16__mavlink_statusRK17__mavlink_message @ 0x9da0b0
MANUAL: _ZNK11GCS_MAVLINK13mission_stateERK10AP_Mission @ 0x9da150
MANUAL: _ZNK11GCS_MAVLINK16send_rangefinderEv @ 0x9da230
MANUAL: _ZNK17GCS_MAVLINK_Plane26send_nav_controller_outputEv @ 0x9da300
MANUAL: _ZN17GCS_MAVLINK_Plane15send_pid_tuningEv @ 0x9da790
MANUAL: _ZN11GCS_MAVLINK21send_scaled_pressure3Ev @ 0x9dab70
MANUAL: _ZNK17GCS_MAVLINK_Plane13send_attitudeEv @ 0x9dabd0
MANUAL: _ZN17GCS_MAVLINK_Plane31send_position_target_global_intEv @ 0x9daf50
MANUAL: _ZNK11GCS_MAVLINK17send_winch_statusEv @ 0xb52ec0
MANUAL: _ZNK17GCS_MAVLINK_Plane9base_modeEv @ 0x9db3b0
MANUAL: _ZNK17GCS_MAVLINK_Plane21vehicle_system_statusEv @ 0x9db5b0
MANUAL: _ZNK17GCS_MAVLINK_Plane19persist_streamratesEv @ 0xb52f10
MANUAL: _ZN17GCS_MAVLINK_Plane25handle_command_int_packetERK23__mavlink_command_int_tRK17__mavlink_message @ 0x9db8b0
MANUAL: _ZN17GCS_MAVLINK_Plane14handle_messageERK17__mavlink_message @ 0x9dc270
MANUAL: _ZN11GCS_MAVLINK11send_bannerEv @ 0x9dcc10
MANUAL: _ZN17GCS_MAVLINK_Plane16try_send_messageE10ap_message @ 0x9dd5c0
MANUAL: _ZN11GCS_MAVLINK24send_global_position_intEv @ 0x9dd7f0
MANUAL: _ZNK11GCS_MAVLINK23global_position_int_altEv @ 0x9dd970
MANUAL: _ZNK11GCS_MAVLINK32global_position_int_relative_altEv @ 0x9dd9d0
MANUAL: _ZNK17GCS_MAVLINK_Plane17vfr_hud_climbrateEv @ 0x9dda40
MANUAL: _ZNK17GCS_MAVLINK_Plane16vfr_hud_airspeedEv @ 0x9ddb00
MANUAL: _ZNK17GCS_MAVLINK_Plane16vfr_hud_throttleEv @ 0x9ddbf0
MANUAL: _ZNK11GCS_MAVLINK11vfr_hud_altEv @ 0x9ddc50
MANUAL: _ZN17GCS_MAVLINK_Plane35convert_COMMAND_LONG_to_COMMAND_INTERK24__mavlink_command_long_tR23__mavlink_command_int_t9MAV_FRAME @ 0x9de1e0
MANUAL: _ZN11GCS_MAVLINK35convert_COMMAND_LONG_to_COMMAND_INTERK24__mavlink_command_long_tR23__mavlink_command_int_t9MAV_FRAME @ 0x9de8c0
MANUAL: _ZN11GCS_MAVLINK28command_long_stores_locationE7MAV_CMD @ 0x9dea80
MANUAL: _ZL30convert_COMMAND_LONG_loc_paramfb @ 0x9deb60
MANUAL: _ZNK11GCS_MAVLINK17vfr_hud_climbrateEv @ 0x9decb0
MANUAL: _ZL36mavlink_msg_global_position_int_send17mavlink_channel_tjiiiissst @ 0x9ded70
MANUAL: _ZN10AP_Terrain12send_requestE17mavlink_channel_t @ 0x9dee90
MANUAL: _ZN10AP_Terrain11send_reportE17mavlink_channel_t @ 0x9defe0
MANUAL: _ZNK17GCS_MAVLINK_Plane9send_windEv @ 0x9df090
MANUAL: _ZN7AP_ADSB17send_adsb_vehicleE17mavlink_channel_t @ 0x9df160
MANUAL: _ZN17GCS_MAVLINK_Plane12send_aoa_ssaEv @ 0x9df370
MANUAL: _ZN10AP_Landing20send_landing_messageE17mavlink_channel_t @ 0x9df410
MANUAL: _ZN17GCS_MAVLINK_Plane15send_hygrometerEv @ 0x9df4f0
MANUAL: _ZN11GCS_MAVLINK16try_send_messageE10ap_message @ 0x9df6f0
MANUAL: _ZN11GCS_MAVLINK17queued_param_sendEv @ 0x9e03a0
MANUAL: _ZNK11GCS_MAVLINK14send_heartbeatEv @ 0x9e0650
MANUAL: _ZNK11GCS_MAVLINK18send_home_positionEv @ 0x9e07b0
MANUAL: _ZNK11GCS_MAVLINK22send_gps_global_originEv @ 0x9e0960
MANUAL: _ZNK11GCS_MAVLINK8send_rpmEv @ 0x9e0a10
MANUAL: _ZN11GCS_MAVLINK24try_send_mission_messageE10ap_message @ 0x9e0af0
MANUAL: _ZN7Compass21send_mag_cal_progressERK11GCS_MAVLINK @ 0x9e0cf0
MANUAL: _ZN7Compass19send_mag_cal_reportERK11GCS_MAVLINK @ 0x9e0f40
MANUAL: _ZN11GCS_MAVLINK19send_battery_statusEv @ 0x9e1270
MANUAL: _ZNK7AP_AHRS22send_ekf_status_reportER11GCS_MAVLINK @ 0x9e13c0
MANUAL: _ZN11GCS_MAVLINK12send_meminfoEv @ 0x9e14c0
MANUAL: _ZNK11GCS_MAVLINK17send_fence_statusEv @ 0x9e1580
MANUAL: _ZN11GCS_MAVLINK20send_distance_sensorEv @ 0x9e16c0
MANUAL: _ZNK11GCS_MAVLINK16send_system_timeEv @ 0x9e1c00
MANUAL: _ZN6AP_GPS20send_mavlink_gps_rawE17mavlink_channel_t @ 0x9e1c90
MANUAL: _ZN6AP_GPS20send_mavlink_gps_rtkE17mavlink_channel_th @ 0x9e1fe0
MANUAL: _ZN6AP_GPS21send_mavlink_gps2_rawE17mavlink_channel_t @ 0x9e20c0
MANUAL: _ZNK11GCS_MAVLINK19send_local_positionEv @ 0x9e2460
MANUAL: _ZNK11GCS_MAVLINK34send_gimbal_device_attitude_statusEv @ 0x9e2530
MANUAL: _ZN11GCS_MAVLINK16send_opticalflowEv @ 0x9e28f0
MANUAL: _ZN11GCS_MAVLINK17send_power_statusEv @ 0x9e2a60
MANUAL: _ZNK11GCS_MAVLINK16send_rc_channelsEv @ 0x9e2b70
MANUAL: _ZNK11GCS_MAVLINK20send_rc_channels_rawEv @ 0x9e2e30
MANUAL: _ZN11GCS_MAVLINK12send_raw_imuEv @ 0x9e2fb0
MANUAL: _ZN11GCS_MAVLINK15send_scaled_imuEhPFv17mavlink_channel_tjssssssssssE @ 0x9e33c0
MANUAL: _ZL28mavlink_msg_scaled_imu2_send17mavlink_channel_tjssssssssss @ 0x9e3680
MANUAL: _ZL28mavlink_msg_scaled_imu3_send17mavlink_channel_tjssssssssss @ 0x9e37f0
MANUAL: _ZN11GCS_MAVLINK20send_scaled_pressureEv @ 0x9e3ba0
MANUAL: _ZN11GCS_MAVLINK21send_scaled_pressure2Ev @ 0x9e3c00
MANUAL: _ZN11GCS_MAVLINK13send_airspeedEv @ 0x9e3c60
MANUAL: _ZNK11GCS_MAVLINK13send_simstateEv @ 0x9e3e20
MANUAL: _ZN11GCS_MAVLINK15send_sys_statusEv @ 0x9e3f40
MANUAL: _ZN11GCS_MAVLINK10send_ahrs2Ev @ 0x9e4230
MANUAL: _ZN11GCS_MAVLINK9send_ahrsEv @ 0x9e4310
MANUAL: _ZN11GCS_MAVLINK12send_vfr_hudEv @ 0x9e4490
MANUAL: _ZNK11GCS_MAVLINK14send_vibrationEv @ 0x9e45d0
MANUAL: _ZNK11GCS_MAVLINK21send_generator_statusEv @ 0x9e46c0
MANUAL: _ZN12AP_ESC_Telem26send_esc_telemetry_mavlinkEh @ 0x9e4a40
MANUAL: _ZN6AP_EFI19send_mavlink_statusE17mavlink_channel_t @ 0x9e4ed0
MANUAL: _ZN6AP_AIS13get_singletonEv @ 0x9e56a0
MANUAL: _ZN11GCS_MAVLINK20send_available_modesEv @ 0x9e5820
MANUAL: _ZNK11GCS_MAVLINK21battery_remaining_pctEh @ 0x9e6030
MANUAL: _ZL3MINIhiEDTqultfp_fp0_fp_fp0_ERKT_RKT0_.7263 @ 0x9e64e0
MANUAL: _ZL44mavlink_msg_esc_telemetry_1_to_4_send_struct17mavlink_channel_tPK32__mavlink_esc_telemetry_1_to_4_t @ 0x9e6800
MANUAL: _ZN12AP_Generator21send_generator_statusERK11GCS_MAVLINK @ 0x9e6e00
MANUAL: _ZL26mavlink_msg_vibration_send17mavlink_channel_tmfffjjj @ 0x9e6e80
MANUAL: _ZL24mavlink_msg_vfr_hud_send17mavlink_channel_tffstff @ 0x9e6f90
MANUAL: _ZNK7AP_AHRS12get_error_rpEv @ 0x9e7120
MANUAL: _ZNK7AP_AHRS13get_error_yawEv @ 0x9e7180
MANUAL: _ZL21mavlink_msg_ahrs_send17mavlink_channel_tfffffff @ 0x9e71e0
MANUAL: _ZL22mavlink_msg_ahrs2_send17mavlink_channel_tffffii @ 0x9e7300
MANUAL: _ZNK9AP_Logger11num_droppedEv @ 0x9e7400
MANUAL: _ZNK14AP_BattMonitor11gcs_voltageEv @ 0xb53200
MANUAL: _ZL27mavlink_msg_sys_status_send17mavlink_channel_tjjjttsatttttt @ 0x9e7480
MANUAL: _ZNK14AP_BattMonitor11gcs_voltageEh @ 0x9e7620
MANUAL: _ZNK17AP_Logger_Backend11num_droppedEv @ 0xb53250
MANUAL: _ZL7radiansf.17181 @ 0x9e7a40
MANUAL: _ZNK4SITL3SIM13simstate_sendE17mavlink_channel_t @ 0x9e7dc0
MANUAL: _ZL25mavlink_msg_simstate_send17mavlink_channel_tfffffffffii @ 0x9e7f90
MANUAL: _ZL32mavlink_msg_airspeed_send_struct17mavlink_channel_tPK20__mavlink_airspeed_t @ 0x9e8130
MANUAL: _ZL33mavlink_msg_scaled_pressure2_send17mavlink_channel_tjffss @ 0x9e81b0
MANUAL: _ZN11GCS_MAVLINK29send_scaled_pressure_instanceEhPFv17mavlink_channel_tjffssE @ 0x9e8290
MANUAL: _ZL32mavlink_msg_scaled_pressure_send17mavlink_channel_tjffss @ 0x9e8480
MANUAL: _ZL24mavlink_msg_raw_imu_send17mavlink_channel_tmssssssssshs @ 0x9e85e0
MANUAL: _ZNK11GCS_MAVLINK16sending_mavlink1Ev @ 0x9e8760
MANUAL: _ZNK11GCS_MAVLINK13receiver_rssiEv @ 0x9e87c0
MANUAL: _ZL28mavlink_msg_rc_channels_send17mavlink_channel_tjhtttttttttttttttttth @ 0x9e89d0
MANUAL: _ZL29mavlink_msg_power_status_send17mavlink_channel_tttt @ 0x9e8c40
MANUAL: _ZN8AP_Mount34send_gimbal_device_attitude_statusE17mavlink_channel_t @ 0x9e96c0
MANUAL: _ZL35mavlink_msg_local_position_ned_send17mavlink_channel_tjffffff @ 0x9e9d20
MANUAL: _ZNK6AP_GPS12gps_yaw_cdegEh @ 0x9e9e30
MANUAL: _ZNK6AP_GPS23have_gps_yaw_configuredEh @ 0xb534b0
MANUAL: _ZL28mavlink_msg_gps_raw_int_send17mavlink_channel_tmhiiitttthijjjjt @ 0x9ea130
MANUAL: _ZL28mavlink_msg_system_time_send17mavlink_channel_tmj @ 0x9ea320
MANUAL: _ZN11GCS_MAVLINK14send_proximityEv @ 0x9eb960
MANUAL: _ZL3MINIjjEDTqultfp_fp0_fp_fp0_ERKT_RKT0_.7265 @ 0x9ec8d0
MANUAL: _ZL24mavlink_msg_meminfo_send17mavlink_channel_tttj @ 0x9ec950
MANUAL: _ZNK7NavEKF318send_status_reportER11GCS_MAVLINK @ 0x9ecbf0
MANUAL: _ZNK12NavEKF3_core18send_status_reportER11GCS_MAVLINK @ 0x9ecc80
MANUAL: _ZL41mavlink_msg_ekf_status_report_send_struct17mavlink_channel_tPK29__mavlink_ekf_status_report_t @ 0x9ed080
MANUAL: _ZNK14AP_BattMonitor13option_is_setEhN21AP_BattMonitor_Params7OptionsE @ 0x9edba0
MANUAL: _ZNK11GCS_MAVLINK19send_battery_statusEh @ 0x9edc70
MANUAL: _ZL3MINIftEDTqultfp_fp0_fp_fp0_ERKT_RKT0_ @ 0x9ee500
MANUAL: _ZNK14AP_BattMonitor14time_remainingERjh @ 0x9ee5a0
MANUAL: _ZNK14AP_BattMonitor24get_mavlink_charge_stateEh @ 0x9ee690
MANUAL: _ZNK14AP_BattMonitor25get_mavlink_fault_bitmaskEh @ 0x9ee7c0
MANUAL: _ZL31mavlink_msg_battery_status_send17mavlink_channel_thhhsPKtsiiaihS1_hj @ 0x9ee870
MANUAL: _ZN14typesafe_indexIh12TAG_PriorityErmERKh @ 0xb53700
MANUAL: _ZN11GCS_MAVLINK20send_mission_currentERK10AP_Missiont @ 0x9eeff0
MANUAL: _ZNK3GCS32try_send_queued_message_for_typeE16MAV_MISSION_TYPE @ 0x9ef170
MANUAL: _ZNK3GCS25get_prot_for_mission_typeE16MAV_MISSION_TYPE @ 0x9ef1f0
MANUAL: _ZN19MissionItemProtocol19queued_request_sendEv @ 0x9ef270
MANUAL: _ZL32mavlink_msg_mission_request_send17mavlink_channel_thhth @ 0x9ef3f0
MANUAL: _ZL32mavlink_msg_mission_current_send17mavlink_channel_ttthh @ 0x9ef4c0
MANUAL: _ZL34mavlink_msg_gps_global_origin_send17mavlink_channel_tiiim @ 0x9ef640
MANUAL: _ZL30mavlink_msg_home_position_send17mavlink_channel_tiiifffPKffffm @ 0x9ef700
MANUAL: _ZNK11GCS_MAVLINK13system_statusEv @ 0x9ef990
MANUAL: _ZL26mavlink_msg_heartbeat_send17mavlink_channel_thhhjh @ 0x9efa20
MANUAL: _ZN11GCS_MAVLINK28send_parameter_async_repliesEv @ 0x9efb00
MANUAL: _ZN11GCS_MAVLINK21last_txbuf_is_greaterEh @ 0x9efd70
MANUAL: _ZN12ObjectBufferIN11GCS_MAVLINK19pending_param_replyEE4peekERS1_ @ 0xb537f0
MANUAL: _ZNK11AP_Airspeed14get_hygrometerEhRjRfS1_ @ 0x9f0040
MANUAL: _ZL24mavlink_msg_aoa_ssa_send17mavlink_channel_tmff @ 0x9f0610
MANUAL: _ZL21mavlink_msg_wind_send17mavlink_channel_tfff @ 0x9f0910
MANUAL: _ZN10AP_Terrain19send_terrain_reportE17mavlink_channel_tRK8Locationb @ 0x9f09c0
MANUAL: _ZL31mavlink_msg_terrain_report_send17mavlink_channel_tiitfftt @ 0x9f0b70
MANUAL: _ZN10AP_Terrain18send_cache_requestE17mavlink_channel_t @ 0x9f0c90
MANUAL: _ZN10AP_Terrain15request_missingE17mavlink_channel_tRKNS_9grid_infoE @ 0x9f0d90
MANUAL: _ZN10AP_Terrain15request_missingE17mavlink_channel_tRNS_10grid_cacheE @ 0x9f0e20
MANUAL: _ZN17AP_InertialSensor17get_output_bannerEhPch @ 0x9f4530
MANUAL: _ZN11GCS_MAVLINK14handle_messageERK17__mavlink_message @ 0x9f4bc0
MANUAL: _ZN11GCS_MAVLINK16handle_heartbeatERK17__mavlink_message @ 0x9f5740
MANUAL: _ZN7GCS_FTP29handle_file_transfer_protocolERK17__mavlink_message17mavlink_channel_t @ 0x9f64c0
MANUAL: _ZN11GCS_MAVLINK29handle_common_mission_messageERK17__mavlink_message @ 0x9f6960
MANUAL: _ZN11GCS_MAVLINK19handle_command_longERK17__mavlink_message @ 0x9f6ab0
MANUAL: _ZN11GCS_MAVLINK26handle_request_data_streamERK17__mavlink_message @ 0x9f80f0
MANUAL: _ZNK3GCS12sysid_is_gcsEh @ 0x9fd750
MANUAL: _ZN11GCS_MAVLINK16sysid_mygcs_seenEj @ 0x9fd9f0
MANUAL: _ZL38mavlink_msg_request_data_stream_decodePK17__mavlink_messageP31__mavlink_request_data_stream_t @ 0x9fec60
MANUAL: _ZN9AP_Logger13Write_CommandERK23__mavlink_command_int_thh10MAV_RESULTb @ 0xa01b50
MANUAL: _ZL31mavlink_msg_command_long_decodePK17__mavlink_messageP24__mavlink_command_long_t @ 0xa01cd0
MANUAL: _ZN11GCS_MAVLINK31try_command_long_as_command_intERK24__mavlink_command_long_tRK17__mavlink_message @ 0xa01da0
MANUAL: _ZN11GCS_MAVLINK19handle_mission_itemERK17__mavlink_message @ 0xa01f80
MANUAL: _ZN11GCS_MAVLINK20handle_mission_countERK17__mavlink_message @ 0xa024b0
MANUAL: _ZN19MissionItemProtocol13cancel_uploadERK11GCS_MAVLINKRK17__mavlink_message @ 0xa02810
MANUAL: _ZNK19MissionItemProtocol16send_mission_ackERK11GCS_MAVLINKRK17__mavlink_message18MAV_MISSION_RESULT @ 0xa02900
MANUAL: _ZL32mavlink_msg_mission_count_decodePK17__mavlink_messageP25__mavlink_mission_count_t @ 0xa02b10
MANUAL: _ZN19MissionItemProtocol20handle_mission_countER11GCS_MAVLINKRK25__mavlink_mission_count_tRK17__mavlink_message @ 0xa02be0
MANUAL: _ZNK19MissionItemProtocol24mavlink2_requirement_metERK11GCS_MAVLINKRK17__mavlink_message @ 0xa02da0
MANUAL: _ZN19MissionItemProtocol20transfer_is_completeERK11GCS_MAVLINKRK17__mavlink_message @ 0xa02e80
MANUAL: _ZN19MissionItemProtocol18init_send_requestsER11GCS_MAVLINKRK17__mavlink_messagess @ 0xa02f30
MANUAL: _ZL35mavlink_msg_mission_item_int_decodePK17__mavlink_messageP28__mavlink_mission_item_int_t @ 0xa03df0
MANUAL: _ZN19MissionItemProtocol19handle_mission_itemERK17__mavlink_messageRK28__mavlink_mission_item_int_t @ 0xa03f40
MANUAL: _ZN11GCS_MAVLINK16_set_mode_commonEhj @ 0xa04600
MANUAL: _ZN14AP_BoardConfig12ftp_disabledEv @ 0xb54530
MANUAL: _ZN7GCS_FTPC2Ev @ 0xb545c0
MANUAL: _ZN7GCS_FTP4initEv @ 0xa04820
MANUAL: _ZL41mavlink_msg_file_transfer_protocol_decodePK17__mavlink_messageP34__mavlink_file_transfer_protocol_t @ 0xa04930
MANUAL: _ZL11le16toh_ptrPKh.20458 @ 0xa04a00
MANUAL: _ZL11le32toh_ptrPKh.20459 @ 0xa04a60
MANUAL: _ZN12ObjectBufferIN7GCS_FTP11TransactionEE4pushERKS1_ @ 0xb54660
MANUAL: _ZN7FunctorIvJEE4bindI7GCS_FTPXadL_ZNS2_6workerEvEEEES0_PT_ @ 0xb54720
MANUAL: _ZN7GCS_FTP6workerEv @ 0xa04ae0
MANUAL: _ZN7FunctorIvJEE14method_wrapperI7GCS_FTPXadL_ZNS2_6workerEvEEEEvPv @ 0xb54780
MANUAL: _ZN12ObjectBufferIN7GCS_FTP11TransactionEE3popERS1_ @ 0xb54830
MANUAL: _ZN7GCS_FTP7Session5closeEv @ 0xa05090
MANUAL: _ZN7GCS_FTP11setup_replyERKNS_11TransactionERS0_ @ 0xa05110
MANUAL: _ZN7GCS_FTP10send_replyERKNS_11TransactionE @ 0xa051f0
MANUAL: _ZN7GCS_FTP5errorERNS_11TransactionENS_9FTP_ERRORE @ 0xa05410
MANUAL: _ZN7GCS_FTP7Session10push_replyERNS_11TransactionE @ 0xa054f0
MANUAL: _ZN7GCS_FTP7Session14handle_requestERNS_11TransactionES2_ @ 0xa055b0
MANUAL: _ZN7GCS_FTP7Session14check_name_lenERKNS_11TransactionE @ 0xa066d0
MANUAL: _ZL12put_le32_ptrPhj @ 0xa067c0
MANUAL: _ZL13valid_channel17mavlink_channel_t.20446 @ 0xa06900
MANUAL: _ZL3MINImtEDTqultfp_fp0_fp_fp0_ERKT_RKT0_.20447 @ 0xa06950
MANUAL: _ZL12put_le16_ptrPht @ 0xa06ea0
MANUAL: _ZL39mavlink_msg_file_transfer_protocol_send17mavlink_channel_thhhPKh @ 0xa06f20
MANUAL: _ZL16mav_array_memcpyPvPKvm.20454 @ 0xa07030
MANUAL: _ZN12ObjectBufferIN7GCS_FTP11TransactionEEC2Ej @ 0xb548f0
MANUAL: _ZN7GCS_FTP7SessionC2Ev @ 0xb549c0
MANUAL: _ZN11GCS_MAVLINK25handle_command_int_packetERK23__mavlink_command_int_tRK17__mavlink_message @ 0xa0bb20
MANUAL: _ZN11GCS_MAVLINK26handle_command_do_set_modeERK23__mavlink_command_int_t @ 0xa0ced0
MANUAL: _ZN11GCS_MAVLINK32handle_command_get_home_positionERK23__mavlink_command_int_t @ 0xa0d6c0
MANUAL: _ZL7radiansf.35 @ 0xa108a0
MANUAL: _ZN5Plane22any_failsafe_triggeredEv @ 0xb551e0
MANUAL: _ZL25mavlink_msg_attitude_send17mavlink_channel_tjffffff @ 0xa11590
MANUAL: _ZN12AP_Avoidance10handle_msgERK17__mavlink_message @ 0xa11d60
MANUAL: _ZN11GCS_MAVLINK14packetReceivedERK16__mavlink_statusRK17__mavlink_message @ 0xa11eb0
MANUAL: _ZN15MAVLink_routing17check_and_forwardER11GCS_MAVLINKRK17__mavlink_message @ 0xa120b0
MANUAL: _ZN9AP_Follow10handle_msgERK17__mavlink_message @ 0xa12620
MANUAL: _ZNK11GCS_MAVLINK13accept_packetERK16__mavlink_statusRK17__mavlink_message @ 0xa127a0
MANUAL: _ZNK9AP_Follow21should_handle_messageERK17__mavlink_message @ 0xa128c0
MANUAL: _ZN15MAVLink_routing11learn_routeER11GCS_MAVLINKRK17__mavlink_message @ 0xa13890
MANUAL: _ZN15MAVLink_routing16handle_heartbeatER11GCS_MAVLINKRK17__mavlink_message @ 0xa13b30
MANUAL: _ZN15MAVLink_routing11get_targetsERK17__mavlink_messageRsS3_ @ 0xa13d60
MANUAL: _ZL30mavlink_msg_heartbeat_get_typePK17__mavlink_message @ 0xa13e60
MANUAL: _ZN11GCS_MAVLINKUt0_C2Ev @ 0xb55760
MANUAL: _ZN11GCS_MAVLINKUt1_C2Ev @ 0xb557b0
MANUAL: _ZN11GCS_MAVLINK25deferred_message_bucket_tC2Ev @ 0xb55800
MANUAL: _ZN7BitmaskILt91EEC2Ev @ 0xb55850
MANUAL: _ZN11GCS_MAVLINKUt2_C2Ev @ 0xb558a0
MANUAL: _ZN7FunctorIbJhPN6AP_HAL10UARTDriverEEEC2Ev @ 0xb558f0
MANUAL: _ZN7FunctorIbJhPN6AP_HAL10UARTDriverEEEC2EPvPFbS4_hS2_E @ 0xb55950
MANUAL: _ZNK9QuadPlane12get_mav_typeEv @ 0xa14210
MANUAL: _ZN12AP_LTM_TelemC2Ev @ 0xb55fa0
MANUAL: _ZN9AP_Enum16IN3GCS6OptionEEC2Ev @ 0xb55ff0
MANUAL: _ZN3GCS15StatusTextQueueCI211ObjectArrayINS_12statustext_tEEEt @ 0xb56040
MANUAL: _ZN3GCSUt_C2Ev @ 0xb560c0
MANUAL: _ZN11ObjectArrayIN3GCS12statustext_tEEC2Et @ 0xb56120
MANUAL: _ZN16AP_YawControllerC2ERK12AP_FixedWing @ 0xa142a0
MANUAL: _ZN6AC_PID20set_slew_limit_scaleEa @ 0xb561f0
MANUAL: _ZN18AP_PitchControllerC2ERK12AP_FixedWing @ 0xa14450
MANUAL: _ZN16AP_FW_ControllerC2ERK12AP_FixedWingRKN6AC_PID8DefaultsEN11AP_AutoTune6ATTypeE @ 0xa14580
MANUAL: _ZN17AP_RollControllerC2ERK12AP_FixedWing @ 0xa14830
MANUAL: _ZN13AP_NavigationC2Ev @ 0xb56250
MANUAL: _ZN13AP_L1_ControlUt_C2Ev @ 0xb562b0
MANUAL: _ZNK13AP_L1_Control17target_bearing_cdEv @ 0xa14cf0
MANUAL: _ZN13AP_L1_Control21reached_loiter_targetEv @ 0xa16410
MANUAL: _ZN13AP_L1_Control17set_data_is_staleEv @ 0xb563b0
MANUAL: _ZN13AverageFilterIffLh5EEC2Ev @ 0xb56550
MANUAL: _ZN8RCMapperC2Ev @ 0xa169b0
MANUAL: _ZN12ParametersG2C2Ev @ 0xa16aa0
MANUAL: _ZN17RC_Channels_PlaneC2Ev @ 0xb565c0
MANUAL: _ZN14AP_LandingGearC2Ev @ 0xb56670
MANUAL: _ZN12ParametersG212FWD_BATT_CMPC2Ev @ 0xb567a0
MANUAL: _ZN11AP_SystemIDC2Ev @ 0xa16db0
MANUAL: _ZN7AP_EnumIN11AP_SystemID8AxisTypeEEC2Ev @ 0xb56830
MANUAL: _ZN5ChirpC2Ev @ 0xa16ee0
MANUAL: _ZN9AP_FollowC2Ev @ 0xa16f30
MANUAL: _ZN11AC_PrecLandC2Ev @ 0xa17160
MANUAL: _ZN7AP_EnumIN11AC_PrecLand4TypeEEC2Ev @ 0xb56880
MANUAL: _ZN7AP_EnumIN11AC_PrecLand13EstimatorTypeEEC2Ev @ 0xb568d0
MANUAL: _ZN7AP_EnumI8RotationEC2Ev @ 0xb56920
MANUAL: _ZN17SoaringControllerC2ER7AP_TECSRK12AP_FixedWing @ 0xa173c0
MANUAL: _ZN10Variometer11PolarParamsC2Ev @ 0xb56970
MANUAL: _ZN20ExtendedKalmanFilterC2Ev @ 0xb569f0
MANUAL: _ZN10SpeedToFlyC2ERKN10Variometer11PolarParamsE @ 0xb56a70
MANUAL: _ZN10VariometerC2ERK12AP_FixedWingRKNS_11PolarParamsE @ 0xa17660
MANUAL: _ZN12SRV_ChannelsC2Ev @ 0xa177b0
MANUAL: _ZN11SRV_ChannelC2Ev @ 0xa179c0
MANUAL: _ZN9AP_Enum16IN11SRV_Channel8FunctionEEC2Ev @ 0xb56ae0
MANUAL: _ZN16AP_FETtecOneWireC2Ev @ 0xa17a80
MANUAL: _ZN16AP_FETtecOneWire12MessageUnionC2Ev @ 0xb56b30
MANUAL: _ZN15AP_RobotisServoC2Ev @ 0xa17b60
MANUAL: _ZN10AP_SBusOutC2Ev @ 0xa17bf0
MANUAL: _ZN16AP_Volz_ProtocolC2Ev @ 0xa17c70
MANUAL: _ZN16AP_Volz_ProtocolUt_C2Ev @ 0xb56b80
MANUAL: _ZN11RC_ChannelsC2Ev @ 0xa17d10
MANUAL: _ZN16RC_Channel_PlaneC2Ev @ 0xb56be0
MANUAL: _ZN16RC_Channel_Plane17init_aux_functionEN10RC_Channel8AUX_FUNCENS0_12AuxSwitchPosE @ 0xa17e20
MANUAL: _ZN16RC_Channel_Plane19mode_switch_changedEa @ 0xa18850
MANUAL: _ZN17RC_Channels_Plane7channelEh @ 0xb56e20
MANUAL: _ZN17RC_Channels_Plane16read_mode_switchEv @ 0xa19940
MANUAL: _ZNK17RC_Channels_Plane14in_rc_failsafeEv @ 0xa199b0
MANUAL: _ZNK17RC_Channels_Plane15has_valid_inputEv @ 0xa19a20
MANUAL: _ZNK17RC_Channels_Plane18get_arming_channelEv @ 0xa19ab0
MANUAL: _ZNK17RC_Channels_Plane26flight_mode_channel_numberEv @ 0xa19b00
MANUAL: _ZN11RC_Channels16read_mode_switchEv @ 0xa19b70
MANUAL: _ZN7BitmaskILt634EEC2Ev @ 0xb56f10
MANUAL: _ZN7BitmaskILt634EE8clearallEv @ 0xb56f60
MANUAL: _ZN11AP_ICEngineC2Ev @ 0xa19c00
MANUAL: _ZN19AP_ICEngine_TCA9554C2Ev @ 0xb570b0
MANUAL: _ZN7AP_EnumI11RtlAutolandEC2Ev @ 0xb57100
MANUAL: _ZN7AP_EnumIN10Parameters11ThrFailsafeEEC2Ev @ 0xb57150
MANUAL: _ZN7AP_EnumI11StickMixingEC2Ev @ 0xb571a0
MANUAL: _ZN6AP_HAL3HAL9CallbacksC2Ev @ 0xb571f0
MANUAL: _ZN13AP_IBus_TelemC2Ev @ 0xb57250
MANUAL: _ZN19AP_ServoRelayEventsC2Ev @ 0xb572a0
MANUAL: _ZN14AP_NMEA_OutputC2Ev @ 0xb57300
MANUAL: _ZN4SITL3SIMC2Ev @ 0xb57390
MANUAL: _ZN10AP_FiltersC2Ev @ 0xa19de0
MANUAL: _ZN16AP_Filter_paramsC2Ev @ 0xa19eb0
MANUAL: _ZN7AP_EnumIN9AP_Filter10FilterTypeEEC2Ev @ 0xb583c0
MANUAL: _ZN18AP_CustomRotationsC2Ev @ 0xa19f20
MANUAL: _ZN24AP_CustomRotation_paramsC2Ev @ 0xa1a000
MANUAL: _ZN4SITL8sitl_fdmC2Ev @ 0xb58410
MANUAL: _ZN7AP_EnumIN4SITL3SIM12CANTransportEEC2Ev @ 0xb584d0
MANUAL: _ZN4SITL3SIM8BaroParmC2Ev @ 0xb58520
MANUAL: _ZN4SITL3SIM12AirspeedParmC2Ev @ 0xb58630
MANUAL: _ZN4SITL3SIM11ServoParamsC2Ev @ 0xb586f0
MANUAL: _ZN4SITL3SIM8GPSParmsC2Ev @ 0xb58780
MANUAL: _ZN4SITL3SIM10ViconParmsC2Ev @ 0xb588f0
MANUAL: _ZN4SITL3SIM9ModelParmC2Ev @ 0xb589f0
MANUAL: _ZN7AP_EnumIN4SITL3SIM8ADSBTypeEEC2Ev @ 0xb58a70
MANUAL: _ZN4SITL3SIMUt_C2Ev @ 0xb58ac0
MANUAL: _ZN4SITL3SIMUt0_C2Ev @ 0xb58b50
MANUAL: _ZN4SITL3SIMUt1_C2Ev @ 0xb58be0
MANUAL: _ZN4SITL3SIMUt2_C2Ev @ 0xb58c80
MANUAL: _ZN4SITL3SIMUt3_C2Ev @ 0xb58cf0
MANUAL: _ZN4SITL7SprayerC2Ev @ 0xb58d80
MANUAL: _ZN4SITL13Gripper_ServoC2Ev @ 0xb58e50
MANUAL: _ZN4SITL11Gripper_EPMC2Ev @ 0xb58f50
MANUAL: _ZN4SITL9ParachuteC2Ev @ 0xb59010
MANUAL: _ZN4SITL3I2CC2Ev @ 0xb590a0
MANUAL: _ZN4SITL3SPIC2Ev @ 0xb590f0
MANUAL: _ZN4SITL9ToneAlarmC2Ev @ 0xb59140
MANUAL: _ZN4SITL12SIM_PreclandC2Ev @ 0xb591b0
MANUAL: _ZN4SITL4VolzC2Ev @ 0xa1a090
MANUAL: _ZN4SITL16FETtecOneWireESCC2Ev @ 0xa1a1f0
MANUAL: _ZN4SITL16FETtecOneWireESC12MessageUnionC2Ev @ 0xb592e0
MANUAL: _ZN4SITL16FETtecOneWireESCUt_C2Ev @ 0xb59330
MANUAL: _ZN4SITL16FETtecOneWireESC3ESCC2Ev @ 0xb59380
MANUAL: _ZN4SITL19IntelligentEnergy24C2Ev @ 0xa1a3a0
MANUAL: _ZN4SITL17IntelligentEnergyC2Ev @ 0xb593e0
MANUAL: _ZN4SITL10LoweheiserC2Ev @ 0xa1ae60
MANUAL: _ZN4SITL19SIM_GeneratorEngineC2Ev @ 0xb59460
MANUAL: _ZN4SITL11RichenPowerC2Ev @ 0xa1af40
MANUAL: _ZN7AP_EnumIN4SITL12SIM_Precland6OptionEEC2Ev @ 0xb594c0
MANUAL: _ZN4SITL6BuzzerC2Ev @ 0xa1b040
MANUAL: _ZN4SITL9TetherSimC2Ev @ 0xa1b0b0
MANUAL: _ZN4SITL15SlungPayloadSimC2Ev @ 0xa1b1f0
MANUAL: _ZN4SITL7ShipSimC2Ev @ 0xa1b330
MANUAL: _ZN4SITL4ShipC2Ev @ 0xb59510
MANUAL: _ZN6AP_RPMC2Ev @ 0xa1b440
MANUAL: _ZN13AP_RPM_ParamsC2Ev @ 0xa1b510
MANUAL: _ZN12AP_ScriptingC2Ev @ 0xa1b600
MANUAL: _ZN12AP_Scripting7mavlinkC2Ev @ 0xb59560
MANUAL: _ZN25AP_Scripting_SerialDeviceC2Ev @ 0xb595c0
MANUAL: _ZN7AP_EnumIN12AP_Scripting14ThreadPriorityEEC2Ev @ 0xb59660
MANUAL: _ZN25AP_Scripting_SerialDevice4PortC2Ev @ 0xb596b0
MANUAL: _ZN20AP_TemperatureSensorC2Ev @ 0xa1be60
MANUAL: _ZN7AP_EnumIN20AP_TemperatureSensor11LoggingTypeEEC2Ev @ 0xb59870
MANUAL: _ZN27AP_TemperatureSensor_ParamsC2Ev @ 0xa1bf40
MANUAL: _ZN7AP_EnumIN27AP_TemperatureSensor_Params4TypeEEC2Ev @ 0xb598c0
MANUAL: _ZN7AP_EnumIN27AP_TemperatureSensor_Params6SourceEEC2Ev @ 0xb59910
MANUAL: _ZN8AC_FenceC2Ev @ 0xa1bff0
MANUAL: _ZN7AP_EnumIN8AC_Fence6ActionEEC2Ev @ 0xb59960
MANUAL: _ZN19AC_PolyFence_loaderC2ER9AP_ParamTIaL11ap_var_type1EERKS0_IsLS1_2EE @ 0xb599b0
MANUAL: _ZN9AP_KDECANC2Ev @ 0xa1c1b0
MANUAL: _ZN6AP_AISC2Ev @ 0xa1c250
MANUAL: _ZN17AP_ExpandingArrayIN6AP_AIS13ais_vehicle_tEEC2Et @ 0xb59a50
MANUAL: _ZN24AP_ExpandingArrayGenericC2Ett @ 0xb59ac0
MANUAL: _ZN8AP_StatsC2Ev @ 0xa1c2f0
MANUAL: _ZN8AP_StatsUt_C2Ev @ 0xb59b40
MANUAL: _ZN11AP_AirspeedC2Ev @ 0xa1c390
MANUAL: _ZN11AP_Airspeed14airspeed_stateC2Ev @ 0xb59be0
MANUAL: _ZN20Airspeed_CalibrationC2Ev @ 0xa1c570
MANUAL: _ZN18AP_Airspeed_ParamsC2Ev @ 0xa1c650
MANUAL: _ZN7AP_EnumIN18AP_Airspeed_Params11SkipCalTypeEEC2Ev @ 0xb59c40
MANUAL: _ZN6AP_EFIC2Ev @ 0xa1c760
MANUAL: _ZN7AP_EnumIN6AP_EFI4TypeEEC2Ev @ 0xb59c90
MANUAL: _ZN13AP_EFI_ThrLinC2Ev @ 0xa1c840
MANUAL: _ZN8AP_TrampC2Ev @ 0xa1c900
MANUAL: _ZN13AP_SmartAudioC2Ev @ 0xa1c970
MANUAL: _ZN12ObjectBufferIN13AP_SmartAudio6PacketEEC2Ej @ 0xb59ce0
MANUAL: _ZN15AP_ExternalAHRSC2Ev @ 0xa1c9f0
MANUAL: _ZN15AP_ExternalAHRS7state_tC2Ev @ 0xb59db0
MANUAL: _ZN7AP_EnumIN15AP_ExternalAHRS7DevTypeEEC2Ev @ 0xb59e70
MANUAL: _ZN12AP_GeneratorC2Ev @ 0xa1cb00
MANUAL: _ZN6AP_MSPC2Ev @ 0xa1cbb0
MANUAL: _ZN6AP_MSPUt_C2Ev @ 0xb59ec0
MANUAL: _ZN14AP_OpenDroneIDC2Ev @ 0xa1cc50
MANUAL: _ZN14AP_Servo_TelemC2Ev @ 0xa1cd70
MANUAL: _ZN12AP_ESC_TelemC2Ev @ 0xa1cdf0
MANUAL: _ZN13AP_VisualOdomC2Ev @ 0xa1ce90
MANUAL: _ZN7AP_EnumIN13AP_VisualOdom15VisualOdom_TypeEEC2Ev @ 0xb59f10
MANUAL: _ZN13AP_Hott_TelemC2Ev @ 0xa1cfb0
MANUAL: _ZN7AP_AHRSC2Eh @ 0xa1d030
MANUAL: _ZN7AP_EnumIN7AP_AHRS7EKFTypeEEC2Ev @ 0xb59f60
MANUAL: _ZN7AP_EnumI6GPSUseEC2Ev @ 0xb59fb0
MANUAL: _ZN7AP_AHRSUt_C2Ev @ 0xb5a000
MANUAL: _ZN11AP_AHRS_DCMC2ER9AP_ParamTIfL11ap_var_type4EES3_S3_S3_R7AP_EnumI6GPSUseERS0_IaLS1_1EE @ 0xb5a160
MANUAL: _ZN15AP_AHRS_Backend9EstimatesC2Ev @ 0xb5a460
MANUAL: _ZN11AP_AHRS_SIMC2ER7NavEKF3 @ 0xb5a510
MANUAL: _ZN16AP_AHRS_ExternalCI215AP_AHRS_BackendEv @ 0xb5a5a0
MANUAL: _ZN15AP_AHRS_BackendC2Ev @ 0xb5a610
MANUAL: _ZNK11AP_AHRS_DCM12airspeed_EASERf @ 0xa1d590
MANUAL: _ZN7NavEKF3C2Ev @ 0xa1d650
MANUAL: _ZN7AP_EnumIN7NavEKF38LogLevelEEC2Ev @ 0xb5b0e0
MANUAL: _ZN7NavEKF3Ut0_C2Ev @ 0xb5b130
MANUAL: _ZN16AP_NavEKF_SourceC2Ev @ 0xa1dce0
MANUAL: _ZN16AP_NavEKF_Source9SourceSetC2Ev @ 0xb5b190
MANUAL: _ZN7AP_EnumIN16AP_NavEKF_Source8SourceXYEEC2Ev @ 0xb5b230
MANUAL: _ZN7AP_EnumIN16AP_NavEKF_Source7SourceZEEC2Ev @ 0xb5b280
MANUAL: _ZN7AP_EnumIN16AP_NavEKF_Source9SourceYawEEC2Ev @ 0xb5b2d0
MANUAL: _ZN7NavEKF2C2Ev @ 0xa1dd90
MANUAL: _ZN7NavEKF2Ut0_C2Ev @ 0xb5b320
MANUAL: _ZN9AP_NotifyC2Ev @ 0xa1e2c0
MANUAL: _ZN8AP_RelayC2Ev @ 0xa1e400
MANUAL: _ZN15AP_Relay_ParamsC2Ev @ 0xa1e4d0
MANUAL: _ZN7AP_EnumIN15AP_Relay_Params8FUNCTIONEEC2Ev @ 0xb5b380
MANUAL: _ZN7AP_EnumIN15AP_Relay_Params12DefaultStateEEC2Ev @ 0xb5b3d0
MANUAL: _ZN16AP_SerialManagerC2Ev @ 0xa1e570
MANUAL: _ZN10AP_VideoTXC2Ev @ 0xa1e660
MANUAL: _ZN10AP_GyroFFTC2Ev @ 0xa1e760
MANUAL: _ZN10AP_GyroFFT11EngineStateC2Ev @ 0xb5b420
MANUAL: _ZN7Vector3IhEC2Ev @ 0xb5b600
MANUAL: _ZN10AP_GyroFFT26MedianLowPassFilter3dFloatC2Ev @ 0xb5b660
MANUAL: _ZN16FilterWithBufferIfLh3EEC2Ev @ 0xb5b730
MANUAL: _ZN16FilterWithBufferIfLh3EE5resetEv @ 0xb5b850
MANUAL: _ZN7Vector3ItEC2Ev @ 0xb5b8e0
MANUAL: _ZN7Vector3IjEC2Ev @ 0xb5b940
MANUAL: _ZN7AP_RSSIC2Ev @ 0xa1eae0
MANUAL: _ZN7AP_RSSI8PWMStateC2Ev @ 0xb5b9a0
MANUAL: _ZN10AP_GripperC2Ev @ 0xa1ebf0
MANUAL: _ZN10AP_Gripper14Backend_ConfigC2Ev @ 0xb5ba00
MANUAL: _ZN9AP_LoggerC2Ev @ 0xa1eca0
MANUAL: _ZN9AP_LoggerUt_C2Ev @ 0xb5bac0
MANUAL: _ZN9AP_Logger11FileContentC2Ev @ 0xb5bbe0
MANUAL: _ZN7AP_EnumIN9AP_Logger11LogDisarmedEEC2Ev @ 0xb5bc40
MANUAL: _ZN11RangeFinderC2Ev @ 0xa1ee00
MANUAL: _ZN21AP_RangeFinder_ParamsC2Ev @ 0xa1ef00
MANUAL: _ZN9AP_ButtonC2Ev @ 0xa1f040
MANUAL: _ZN7CompassC2Ev @ 0xa1f200
MANUAL: _ZN7AP_EnumIN7Compass9LearnTypeEEC2Ev @ 0xb5bc90
MANUAL: _ZN19RestrictIDTypeArrayIN7Compass9mag_stateELj4E14typesafe_indexIh14TAG_StateIndexEEC2Ev @ 0xb5bce0
MANUAL: _ZN19RestrictIDTypeArrayI9AP_ParamTIaL11ap_var_type1EELj3E14typesafe_indexIh12TAG_PriorityEEC2Ev @ 0xb5bd70
MANUAL: _ZN19RestrictIDTypeArrayI9AP_ParamTIiL11ap_var_type3EELj3E14typesafe_indexIh12TAG_PriorityEEC2Ev @ 0xb5bdf0
MANUAL: _ZN16Compass_PerMotorC2ER7Compass @ 0xa1f460
MANUAL: _ZN7AP_BaroC2Ev @ 0xa1f590
MANUAL: _ZN7AP_Baro6sensorC2Ev @ 0xb5be70
MANUAL: _ZN7AP_Baro9WindCoeffC2Ev @ 0xb5bf00
MANUAL: _ZN6AP_GPSC2Ev @ 0xa1f740
MANUAL: _ZN7AP_EnumIN6AP_GPS9SBAS_ModeEEC2Ev @ 0xb5bfc0
MANUAL: _ZN6AP_GPS9GPS_StateC2Ev @ 0xb5c010
MANUAL: _ZN6AP_GPS6ParamsC2Ev @ 0xa1f950
MANUAL: _ZN7AP_EnumIN6AP_GPS8GPS_TypeEEC2Ev @ 0xb5c080
MANUAL: _ZN10MovingBaseC2Ev @ 0xa1fa40
MANUAL: _ZN7AP_EnumIN10MovingBase4TypeEEC2Ev @ 0xb5c0d0
MANUAL: _ZN12AP_SchedulerC2Ev @ 0xa1fac0
MANUAL: _ZN2AP8PerfInfoC2Ev @ 0xb5c120
MANUAL: _ZN13AP_CANManagerC2Ev @ 0xa1fbb0
MANUAL: _ZN13AP_CANManager15CANIface_ParamsC2Ev @ 0xb5c170
MANUAL: _ZN13AP_CANManager16CANDriver_ParamsC2Ev @ 0xb5c210
MANUAL: _ZN13AP_MAVLinkCANC2Ev @ 0xb5c290
MANUAL: _ZN13AP_MAVLinkCANUt_C2Ev @ 0xb5c300
MANUAL: _ZN14AP_BoardConfigC2Ev @ 0xa1fcf0
MANUAL: _ZN14AP_BoardConfigUt_C2Ev @ 0xb5c360
MANUAL: _ZN14AP_BoardConfigUt0_C2Ev @ 0xb5c410
MANUAL: _ZN6AP_RTCC2Ev @ 0xa1fe00
MANUAL: _ZN19AP_Frsky_ParametersC2Ev @ 0xa1feb0
MANUAL: _ZN6AP_HAL7get_HALEv @ 0xa1ff60
MANUAL: __cxx_global_var_init.885 @ 0x5daaf0
MANUAL: __cxx_global_var_init.1.886 @ 0x5dab50
MANUAL: __cxx_global_var_init.82 @ 0x5daba0
MANUAL: __cxx_global_var_init.1.83 @ 0x5dac00
MANUAL: __cxx_global_var_init.43 @ 0x5dac50
MANUAL: __cxx_global_var_init.1.44 @ 0x5dacb0
MANUAL: __cxx_global_var_init.38 @ 0x5dad00
MANUAL: __cxx_global_var_init.1.39 @ 0x5dad60
MANUAL: __cxx_global_var_init.7 @ 0x5dadb0
MANUAL: __cxx_global_var_init.1.8 @ 0x5dae10
MANUAL: __cxx_global_var_init.2 @ 0x5dae60
MANUAL: __cxx_global_var_init.1.3 @ 0x5daec0
MANUAL: __cxx_global_var_init @ 0x5daf10
MANUAL: __cxx_global_var_init.1 @ 0x5daf70
MANUAL: main @ 0xa312e0
MANUAL: __wrap_malloc @ 0xa3bc80
MANUAL: mode_to_string @ 0xa954d0
MANUAL: mode_entry @ 0xa95730
----------------------
Mode: 19 (QLOITER)
QLOITER: _ZN15AP_Arming_Plane3armEN9AP_Arming6MethodEb @ 0x5db0b0
QLOITER: _ZN15AP_Arming_Plane14pre_arm_checksEb @ 0x5db3f0
QLOITER: _ZN15AP_Arming_Plane10arm_checksEN9AP_Arming6MethodE @ 0x5dbb00
QLOITER: _ZN9AP_Arming16barometer_checksEb @ 0x5dbbe0
QLOITER: _ZN15AP_Arming_Plane10ins_checksEb @ 0x5dbcf0
QLOITER: _ZN9AP_Arming10gps_checksEb @ 0x5dbe10
QLOITER: _ZN9AP_Arming20board_voltage_checksEb @ 0x5dc2e0
QLOITER: _ZN9AP_Arming21rc_calibration_checksEb @ 0x5dc490
QLOITER: _ZN15AP_Arming_Plane14mission_checksEb @ 0x5dc640
QLOITER: _ZNK15AP_Arming_Plane25terrain_database_requiredEv @ 0x5dc9d0
QLOITER: _ZN9AP_Arming13system_checksEb @ 0x5dca70
QLOITER: _ZNK9AP_Arming16proximity_checksEb @ 0x5dd020
QLOITER: _ZN15AP_Arming_Plane28rc_received_if_enabled_checkEb @ 0x5dd1b0
QLOITER: _ZN9AP_Arming18opendroneid_checksEb @ 0x5dd3a0
QLOITER: _ZN9AP_Arming23rc_in_calibration_checkEb @ 0x5dd490
QLOITER: _ZN9AP_Arming22serial_protocol_checksEb @ 0x5dd540
QLOITER: _ZN2AP13serialmanagerEv @ 0x5dd670
QLOITER: _ZNK16AP_SerialManager11have_serialENS_14SerialProtocolEh @ 0x5dd6b0
QLOITER: _ZN16AP_SerialManager14pre_arm_checksEPch @ 0x5dd980
QLOITER: _ZNK9AP_ParamTIiL11ap_var_type3EEcvRKiEv @ 0xa99ff0
QLOITER: _ZN6AP_HAL4Util8snprintfEPcmPKcz @ 0x5ddae0
QLOITER: _ZN6AP_HAL4Util9vsnprintfEPcmPKcP13__va_list_tag @ 0x5ddcc0
QLOITER: _ZN13BufferPrinterC2EPcm @ 0xa9a040
QLOITER: _Z13print_vprintfPN6AP_HAL12BetterStreamEPKcP13__va_list_tag @ 0x5dde00
QLOITER: _Z12ultoa_invertjPch @ 0x5dfc90
QLOITER: _ZN6AP_HAL12BetterStreamC2Ev @ 0xa9a0f0
QLOITER: _ZN13BufferPrinter5writeEh @ 0xa9a150
QLOITER: _Z3gcsv @ 0x5e0280
QLOITER: _ZN3GCS10send_textvE12MAV_SEVERITYPKcP13__va_list_tag @ 0x5e02c0
QLOITER: _ZNK3GCS28statustext_send_channel_maskEv @ 0x5e0390
QLOITER: _ZN11GCS_MAVLINK19active_channel_maskEv @ 0xa9a3f0
QLOITER: _ZN11GCS_MAVLINK22streaming_channel_maskEv @ 0xa9a430
QLOITER: _ZN11GCS_MAVLINK20private_channel_maskEv @ 0xa9a470
QLOITER: _ZN3GCS13get_singletonEv @ 0xa9a4b0
QLOITER: _ZNK16AP_SerialManager22find_protocol_instanceENS_14SerialProtocolEh @ 0x5e0420
QLOITER: _ZNK13AP_ParamTBaseIaL11ap_var_type1EE3getEv @ 0xa9a4f0
QLOITER: _ZNK16AP_SerialManager14protocol_matchENS_14SerialProtocolES0_ @ 0x5e05c0
QLOITER: _ZN16AP_SerialManager13get_singletonEv @ 0xa9a540
QLOITER: _Z2rcv @ 0x5e06c0
QLOITER: _ZN11RC_Channels11calibratingEv @ 0xa9a580
QLOITER: _ZNK9AP_Arming13check_enabledENS_5CheckE @ 0x5e0990
QLOITER: _ZN11RC_Channels13get_singletonEv @ 0xa9a5e0
QLOITER: _ZN2AP11opendroneidEv @ 0x5e0a40
QLOITER: _ZN14AP_OpenDroneID13pre_arm_checkEPch @ 0x5e0a80
QLOITER: _ZNK14AP_OpenDroneID14option_enabledENS_7OptionsE @ 0xa9a620
QLOITER: _ZNK9AP_ParamTIaL11ap_var_type1EEcvRKaEv @ 0xa9a6b0
QLOITER: _ZN6AP_HAL6millisEv @ 0x5e0d40
QLOITER: _ZN13WithSemaphoreD2Ev @ 0x5e0d80
QLOITER: _ZN6AP_HAL8millis64Ev @ 0x5e0de0
QLOITER: _ZN6AP_HAL8micros64Ev @ 0x5e0e20
QLOITER: _ZL14uint64_div1000m @ 0x5e0ec0
QLOITER: _ZN7HALSITL9Scheduler4fromEPN6AP_HAL9SchedulerE @ 0xa9a700
QLOITER: _ZNK7HALSITL9Scheduler18stopped_clock_usecEv @ 0xa9a750
QLOITER: _ZNK13AP_ParamTBaseIsL11ap_var_type2EE3getEv @ 0xa9a7a0
QLOITER: _ZN13WithSemaphoreC2ERN6AP_HAL9SemaphoreEj @ 0x5e1010
QLOITER: _ZN14AP_OpenDroneID13get_singletonEv @ 0xa9a7f0
QLOITER: _ZNK11RC_Channels17enabled_protocolsEv @ 0x5e10f0
QLOITER: _ZNK7AP_EnumIN10Parameters11ThrFailsafeEEcvKS1_Ev @ 0xa9a830
QLOITER: _ZNK11RC_Channels19has_had_rc_receiverEv @ 0xa9a880
QLOITER: _ZNK13AP_ParamTBaseIiL11ap_var_type3EE3getEv @ 0xa9a940
QLOITER: _ZN2AP9proximityEv @ 0x5e1170
QLOITER: _ZN12AP_Proximity13get_singletonEv @ 0xa9a990
QLOITER: _ZN8AP_Param15get_eeprom_fullEv @ 0xa9a9d0
QLOITER: _ZN2AP9schedulerEv @ 0x5e1490
QLOITER: _ZN12AP_Scheduler25get_filtered_loop_rate_hzEv @ 0xa9aa10
QLOITER: _ZN12AP_Scheduler16get_loop_rate_hzEv @ 0xa9aa60
QLOITER: _ZN10AP_Terrain13get_singletonEv @ 0xa9aaf0
QLOITER: _ZNK10AP_Terrain11init_failedEv @ 0xa9ab30
QLOITER: _ZN12AP_Scripting13get_singletonEv @ 0xa9ab90
QLOITER: _ZNK12AP_Scripting13arming_checksEmPc @ 0x5e14d0
QLOITER: _ZN2AP4ADSBEv @ 0x5e17c0
QLOITER: _ZNK7AP_ADSB7enabledEv @ 0xa9abd0
QLOITER: _ZN2AP13internalerrorEv @ 0x5e1800
QLOITER: _ZNK16AP_InternalError6errorsEv @ 0xa9acf0
QLOITER: _ZNK16AP_InternalError15last_error_lineEv @ 0xa9ad40
QLOITER: _ZN2AP3rpmEv @ 0x5e1990
QLOITER: _ZNK6AP_RPM13arming_checksEmPc @ 0x5e19d0
QLOITER: _ZN2AP5relayEv @ 0x5e1d00
QLOITER: _ZNK8AP_Relay13arming_checksEmPc @ 0x5e1d40
QLOITER: _ZN2AP9parachuteEv @ 0x5e2090
QLOITER: _ZNK12AP_Parachute13arming_checksEmPc @ 0x5e20d0
QLOITER: _ZN2AP6buttonEv @ 0x5e2270
QLOITER: _ZNK9AP_Button13arming_checksEmPc @ 0x5e22b0
QLOITER: _ZN9AP_Button13get_singletonEv @ 0xa9ad90
QLOITER: _ZNK7AP_EnumIN15AP_Relay_Params8FUNCTIONEEcvKS1_Ev @ 0xa9add0
QLOITER: _ZNK9AP_ParamTIsL11ap_var_type2EEcvRKsEv @ 0xa9ae20
QLOITER: _ZN12SRV_Channels25update_aux_servo_functionEv @ 0x5e2690
QLOITER: _ZNK7BitmaskILt190EE8validateEt @ 0xa9af40
QLOITER: _ZN7BitmaskILt190EE8clearallEv @ 0xa9afd0
QLOITER: _ZNK11SRV_Channel14valid_functionEv @ 0xa9b030
QLOITER: _ZN11SRV_Channel24aux_servo_function_setupEv @ 0x5e3190
QLOITER: _ZN7BitmaskILt190EE3setEt @ 0xa9b090
QLOITER: _ZNK9AP_Enum16IN11SRV_Channel8FunctionEEcvKS1_Ev @ 0xa9b150
QLOITER: _ZN11SRV_Channel14valid_functionENS_8FunctionE @ 0xa9b1a0
QLOITER: _ZN12AP_Parachute13get_singletonEv @ 0xa9b210
QLOITER: _ZNK8AP_Relay14function_validEN15AP_Relay_Params8FUNCTIONE @ 0x5e33b0
QLOITER: _ZNK8AP_Relay8DroneCAN9valid_pinEs @ 0x5e3420
QLOITER: _ZN8AP_Relay13get_singletonEv @ 0xa9b250
QLOITER: _ZN6AP_RPM13get_singletonEv @ 0xa9b290
QLOITER: _ZN7AP_ADSB13get_singletonEv @ 0xa9b2d0
QLOITER: _ZNK12AP_Scripting7enabledEv @ 0xa9b310
QLOITER: _ZNK12AP_Scripting13option_is_setENS_11DebugOptionE @ 0xa9b380
QLOITER: _ZNK2AP8PerfInfo25get_filtered_loop_rate_hzEv @ 0x5e3580
QLOITER: _ZNK2AP8PerfInfo17get_filtered_timeEv @ 0x5e3610
QLOITER: _ZN12AP_Scheduler13get_singletonEv @ 0x5e3660
QLOITER: _ZNK9AP_Arming25terrain_database_requiredEv @ 0x5e36a0
QLOITER: _ZN2AP7missionEv @ 0x5e3730
QLOITER: _ZN10AP_Mission26contains_terrain_alt_itemsEv @ 0x5e3770
QLOITER: _ZNK10AP_Mission12num_commandsEv @ 0xa9b480
QLOITER: _ZNK10AP_Mission14get_command_idEt @ 0x5e3910
QLOITER: _ZN10AP_Mission18stored_in_locationEt @ 0x5e3a10
QLOITER: _ZN10AP_Mission15Mission_CommandC2Ev @ 0xa9b4e0
QLOITER: _ZNK10AP_Mission21read_cmd_from_storageEtRNS_15Mission_CommandE @ 0x5e3ba0
QLOITER: _ZN10AP_Mission7ContentC2Ev @ 0xa9b540
QLOITER: _ZN2AP4ahrsEv @ 0x5e4060
QLOITER: _ZNK7AP_AHRS8get_homeEv @ 0xa9b590
QLOITER: _ZNK13StorageAccess9read_byteEt @ 0x5e40a0
QLOITER: _ZNK13StorageAccess11read_uint16Et @ 0x5e4110
QLOITER: _ZNK13StorageAccess10read_blockEPvtm @ 0x5e4190
QLOITER: _ZN7AP_AHRS13get_singletonEv @ 0xa9b5e0
QLOITER: _ZN8LocationC2Ev @ 0xa9b620
QLOITER: _ZN8Location4zeroEv @ 0x5e46c0
QLOITER: _ZN10AP_Mission13get_singletonEv @ 0xa9b670
QLOITER: _ZN9AP_Arming14mission_checksEb @ 0x5e4720
QLOITER: _ZNK7AP_EnumI11RtlAutolandEcvKS0_Ev @ 0xa9b6b0
QLOITER: _ZNK10AP_Mission13contains_itemE7MAV_CMD @ 0x5e4b30
QLOITER: _ZNK9QuadPlane9availableEv @ 0xa9b700
QLOITER: _ZNK5Plane15is_land_commandEt @ 0x5e4c30
QLOITER: _ZNK8Location12get_distanceERKS_ @ 0x5e4cc0
QLOITER: _Z11is_positiveIfEbT_ @ 0xa9b7c0
QLOITER: _ZNK9AP_ParamTIfL11ap_var_type4EEcvRKfILb1EEEv @ 0xa9b820
QLOITER: _ZN8Location14diff_longitudeEii @ 0x5e4e70
QLOITER: _ZN8Location15longitude_scaleEi @ 0x5e4f50
QLOITER: _Z4normIddJEEdT_T0_DpKT1_ @ 0xa9b870
QLOITER: _Z2sqIdJdEEdT_DpKT0_ @ 0xa9b8e0
QLOITER: _Z2sqIdEdT_ @ 0xa9b960
QLOITER: _ZL3MAXIdfEDTqugtfp_fp0_fp_fp0_ERKT_RKT0_ @ 0x5e4ff0
QLOITER: _ZN2AP5rallyEv @ 0x5e5090
QLOITER: _ZNK7AP_AHRS12get_locationER8Location @ 0x5e50d0
QLOITER: _ZNK10AP_Mission21failed_sdcard_storageEv @ 0xa9b9c0
QLOITER: _ZN14StorageManager14storage_failedEv @ 0xa9ba20
QLOITER: _ZN2AP7vehicleEv @ 0x5e5340
QLOITER: _ZNK10AP_Mission7presentEv @ 0xa9ba60
QLOITER: _ZN10AP_Vehicle13get_singletonEv @ 0x5e5380
QLOITER: _ZN8LocationC2EiiiNS_8AltFrameE @ 0x5e55a0
QLOITER: _ZN8Location10set_alt_cmEiNS_8AltFrameE @ 0x5e5640
QLOITER: _ZN8AP_Rally13get_singletonEv @ 0xa9bad0
QLOITER: _ZN11RC_Channels23get_valid_channel_countEv @ 0x5e5730
QLOITER: _ZNK10RC_Channel12has_overrideEv @ 0x5e57a0
QLOITER: _ZNK10RC_Channel14get_radio_trimEv @ 0xa9bb10
QLOITER: _ZNK10RC_Channel13get_radio_minEv @ 0xa9bb70
QLOITER: _ZNK10RC_Channel13get_radio_maxEv @ 0xa9bbd0
QLOITER: _ZNK13AP_ParamTBaseIfL11ap_var_type4EE3getEv @ 0xa9bd10
QLOITER: _Z7is_zerof @ 0xa9bd60
QLOITER: _ZL3MINIihEDTqultfp_fp0_fp_fp0_ERKT_RKT0_.7422 @ 0x5e5860
QLOITER: _ZN14AP_BoardConfig25get_minimum_board_voltageEv @ 0xa9bdd0
QLOITER: _ZN14AP_BoardConfig25get_minimum_servo_voltageEv @ 0xa9be50
QLOITER: _ZN2AP3gpsEv @ 0x5e58f0
QLOITER: _ZN6AP_GPS14pre_arm_checksEPct @ 0x5e5930
QLOITER: _ZNK6AP_GPS11num_sensorsEv @ 0x5e5ad0
QLOITER: _ZNK6AP_GPS8get_typeEh @ 0xa9bed0
QLOITER: _ZNK6AP_GPS14primary_sensorEv @ 0xa9bf60
QLOITER: _ZNK6AP_GPS6statusEh @ 0xa9bfb0
QLOITER: _ZNK6AP_GPS10is_healthyEh @ 0x5e5b50
QLOITER: _ZNK7AP_AHRS11home_is_setEv @ 0xa9c070
QLOITER: _ZNK6AP_GPS14all_consistentERf @ 0x5e5d00
QLOITER: _ZNK6AP_GPS8locationEv @ 0xa9c0d0
QLOITER: _ZNK6AP_GPS22first_unconfigured_gpsERh @ 0x5e5e10
QLOITER: _ZN3GCS9send_textE12MAV_SEVERITYPKcz @ 0x5e5fe0
QLOITER: _ZNK7AP_EnumIN6AP_GPS8GPS_TypeEEcvKS1_Ev @ 0xa9c130
QLOITER: _ZNK6AP_GPS8locationEh @ 0xa9c180
QLOITER: _ZNK7Vector3IfE6lengthEv @ 0xa9c1f0
QLOITER: _Z4normIffJfEEdT_T0_DpKT1_ @ 0xa9c250
QLOITER: _Z2sqIfJffEEdT_DpKT0_ @ 0xa9c2d0
QLOITER: _ZL2sqf.2617 @ 0x5e62c0
QLOITER: _Z2sqIfJfEEdT_DpKT0_ @ 0xa9c370
QLOITER: _ZL2sqf.1898 @ 0x5e6310
QLOITER: _ZN7Vector3IfEC2Efff @ 0xa9c3f0
QLOITER: _ZNK6AP_GPS12is_rtk_roverEh @ 0x5e6360
QLOITER: _ZN15AP_GPS_DroneCAN29inter_instance_pre_arm_checksEPct @ 0x5e6400
QLOITER: _ZN15AP_GPS_DroneCAN20is_dronecan_gps_typeEN6AP_GPS8GPS_TypeE @ 0xa9c480
QLOITER: _ZN6AP_GPS13get_singletonEv @ 0xa9c500
QLOITER: _ZN9AP_Arming10ins_checksEb @ 0x5e66c0
QLOITER: _ZNK7AP_AHRS13pre_arm_checkEbPch @ 0x5e6ab0
QLOITER: _ZNK7AP_AHRS7healthyEv @ 0x5e6e40
QLOITER: _ZN2AP12externalAHRSEv @ 0x5e7020
QLOITER: _ZNK15AP_ExternalAHRS7enabledEv @ 0x5e7060
QLOITER: _ZNK7AP_AHRS8ekf_typeEv @ 0x5e70c0
QLOITER: _ZNK7AP_AHRS20attitudes_consistentEPch @ 0x5e73a0
QLOITER: _ZNK7AP_AHRS15active_EKF_typeEv @ 0xa9c540
QLOITER: _ZN2AP7compassEv @ 0x5e7a00
QLOITER: _ZNK7Compass11use_for_yawEv @ 0x5e7a40
QLOITER: _ZNK7NavEKF313pre_arm_checkEbPch @ 0x5e7db0
QLOITER: _ZNK16AP_NavEKF_Source13pre_arm_checkEbPch @ 0x5e8080
QLOITER: _ZNK16AP_NavEKF_Source12getYawSourceEh @ 0x5e88b0
QLOITER: _ZNK12NavEKF3_core7healthyEv @ 0x5e8b70
QLOITER: _ZNK12NavEKF3_core13pre_arm_checkEbPch @ 0x5e8da0
QLOITER: _ZNK16AP_NavEKF_Source14useVelXYSourceENS_8SourceXYEh @ 0x5e8f30
QLOITER: _ZNK16AP_NavEKF_Source18getActiveSourceSetEh @ 0xa9c590
QLOITER: _ZNK7AP_EnumIN16AP_NavEKF_Source8SourceXYEEcvKS1_Ev @ 0xa9c640
QLOITER: _ZNK16AP_NavEKF_Source13option_is_setENS_13SourceOptionsE @ 0xa9c690
QLOITER: _ZNK12NavEKF3_core15getFilterFaultsERt @ 0x5e9060
QLOITER: _ZNK11QuaternionTIdE6is_nanEv @ 0xa9c710
QLOITER: _ZNK7Vector3IdE6is_nanEv @ 0xa9c810
QLOITER: _ZNK7AP_EnumIN16AP_NavEKF_Source9SourceYawEEcvKS1_Ev @ 0xa9c8e0
QLOITER: _ZN2AP3dalEv @ 0x5e9180
QLOITER: _ZN6AP_DAL7compassEv @ 0xa9c930
QLOITER: _ZNK14AP_DAL_Compass15get_num_enabledEv @ 0xa9c980
QLOITER: _ZN6AP_DAL13get_singletonEv @ 0xa9c9d0
QLOITER: _ZnwmRKSt9nothrow_t @ 0x5e91c0
QLOITER: _ZN7Matrix3IfEC2Ev @ 0xa9ce10
QLOITER: _ZN7Vector3IfEC2Ev @ 0xa9cf00
QLOITER: _ZN11QuaternionTIfEC2Ev @ 0xa9d080
QLOITER: _ZN7Vector2IfEC2Ev @ 0xa9d0f0
QLOITER: _ZN6AP_DAL4baroEv @ 0xa9d150
QLOITER: _ZNK11AP_DAL_Baro13num_instancesEv @ 0xa9d1a0
QLOITER: _ZN6AP_DAL6beaconEv @ 0xa9d1f0
QLOITER: _ZN6AP_DAL3gpsEv @ 0xa9d2b0
QLOITER: _ZNK10AP_DAL_GPS11num_sensorsEv @ 0xa9d300
QLOITER: _ZN6AP_DAL11rangefinderEv @ 0xa9d3c0
QLOITER: _ZN6AP_DAL10visualodomEv @ 0xa9d410
QLOITER: _ZNK12NavEKF2_core7healthyEv @ 0x5e9760
QLOITER: _ZNK12NavEKF2_core15getFilterFaultsERt @ 0x5e9990
QLOITER: _ZNK7Compass7healthyEh @ 0x5e9af0
QLOITER: _ZNK7Compass11use_for_yawEh @ 0x5e9b90
QLOITER: _ZNK7Compass9availableEv @ 0xa9d530
QLOITER: _ZN14typesafe_indexIh12TAG_PriorityEC2Eh @ 0xa9d5b0
QLOITER: _ZNK19RestrictIDTypeArrayI9AP_ParamTIaL11ap_var_type1EELj3E14typesafe_indexIh12TAG_PriorityEEixERKS5_ @ 0xa9d610
QLOITER: _ZNK7AP_EnumIN7Compass9LearnTypeEEcvKS1_Ev @ 0xa9d690
QLOITER: _ZNK14typesafe_indexIh12TAG_PriorityE7get_intEv @ 0xa9d6e0
QLOITER: _ZNK7Compass10_get_stateE14typesafe_indexIh12TAG_PriorityE @ 0xa9d730
QLOITER: _ZNK7Compass13_get_state_idE14typesafe_indexIh12TAG_PriorityE @ 0x5e9c70
QLOITER: _ZNK19RestrictIDTypeArrayIN7Compass9mag_stateELj4E14typesafe_indexIh14TAG_StateIndexEEixERKS4_ @ 0xa9d7b0
QLOITER: _ZNK14typesafe_indexIh14TAG_StateIndexE7get_intEv @ 0xa9d830
QLOITER: _ZNK19RestrictIDTypeArrayIiLj3E14typesafe_indexIh12TAG_PriorityEEixERKS2_ @ 0xa9d880
QLOITER: _ZN14typesafe_indexIh14TAG_StateIndexEC2Eh @ 0xa9d900
QLOITER: _ZNK14typesafe_indexIh14TAG_StateIndexEltERKh @ 0xa9d960
QLOITER: _ZN14typesafe_indexIh14TAG_StateIndexEppEi @ 0xa9d9d0
QLOITER: _ZN7Compass13get_singletonEv @ 0xa9da40
QLOITER: _ZNK7AP_AHRS20get_quat_body_to_nedER11QuaternionTIfE @ 0x5e9d90
QLOITER: _ZNK7NavEKF211activeCoresEv @ 0xa9da80
QLOITER: _ZNK11QuaternionTIfE21roll_pitch_differenceERKS0_ @ 0xa9dad0
QLOITER: _ZL7radiansi.2480 @ 0x5e9ee0
QLOITER: _ZNK11QuaternionTIfE18angular_differenceERKS0_ @ 0xa9dce0
QLOITER: _ZNK11QuaternionTIfE13to_axis_angleER7Vector3IfE @ 0xa9dd70
QLOITER: _ZNK7NavEKF311activeCoresEv @ 0xa9dec0
QLOITER: _ZNK7NavEKF322getQuaternionBodyToNEDEaR11QuaternionTIfE @ 0x5ea050
QLOITER: _ZNK7AP_AHRS14always_use_EKFEv @ 0xa9df10
QLOITER: _ZNK7AP_AHRS28get_DCM_rotation_body_to_nedEv @ 0xa9df70
QLOITER: _ZN11QuaternionTIfE20from_rotation_matrixERK7Matrix3IfE @ 0xa9dfd0
QLOITER: _ZNK7NavEKF324using_noncompass_for_yawEv @ 0x5ea130
QLOITER: _ZNK12NavEKF3_core24using_noncompass_for_yawEv @ 0x5ea1c0
QLOITER: _ZNK12NavEKF3_core11use_compassEv @ 0x5ea300
QLOITER: _ZNK14AP_DAL_Compass11use_for_yawEh @ 0xa9e4e0
QLOITER: _ZNK12NavEKF3_core20getRotationBodyToNEDER7Matrix3IfE @ 0x5ea3d0
QLOITER: _ZNK11QuaternionTIdE15rotation_matrixER7Matrix3IfE @ 0xa9e550
QLOITER: _ZNK6AP_DAL43get_rotation_vehicle_body_to_autopilot_bodyEv @ 0xa9e760
QLOITER: _ZNK7Matrix3IfEmlERKS0_ @ 0xa9e7b0
QLOITER: _ZN7Matrix3IfEC2ERK7Vector3IfES4_S4_ @ 0xa9ea20
QLOITER: _ZL2sqf.4371 @ 0x5ea490
QLOITER: _ZN7Vector3IfEdVEf @ 0xa9ead0
QLOITER: _Z7wrap_PId @ 0x5ea4e0
QLOITER: _ZN7Vector3IfEmLEf @ 0xa9eb60
QLOITER: _Z8wrap_2PId @ 0x5ea570
QLOITER: _ZNK11QuaternionTIfE7inverseEv @ 0xa9ebf0
QLOITER: _ZNK11QuaternionTIfEmlERKS0_ @ 0xa9ec70
QLOITER: _ZN11QuaternionTIfEC2Effff @ 0xa9eea0
QLOITER: _ZNK11QuaternionTIfE15rotation_matrixER7Matrix3IfE @ 0xa9ef50
QLOITER: _ZNK7Matrix3IfE13mul_transposeERK7Vector3IfE @ 0xa9f140
QLOITER: _ZNK7Vector3IfEmiERKS0_ @ 0xa9f250
QLOITER: _Z20constrain_value_lineIfET_S0_S0_S0_j @ 0xa9f300
QLOITER: _ZNK7AP_AHRS24get_rotation_body_to_nedEv @ 0xa9f420
QLOITER: _ZNK7AP_EnumIN15AP_ExternalAHRS7DevTypeEEcvKS1_Ev @ 0xa9f510
QLOITER: _ZN15AP_ExternalAHRS13get_singletonEv @ 0xa9f560
QLOITER: _ZNK7NavEKF37healthyEv @ 0x5ea830
QLOITER: _ZN2AP3insEv @ 0x5ea9a0
QLOITER: _ZNK17AP_InertialSensor19get_gyro_health_allEv @ 0x5ea9e0
QLOITER: _ZNK17AP_InertialSensor22gyro_calibrated_ok_allEv @ 0x5eaaa0
QLOITER: _ZNK17AP_InertialSensor20get_accel_health_allEv @ 0x5eabb0
QLOITER: _ZNK17AP_InertialSensor23accel_calibrated_ok_allEv @ 0x5eac70
QLOITER: _ZNK17AP_InertialSensor25accel_cal_requires_rebootEv @ 0xa9f5f0
QLOITER: _ZN9AP_Arming21ins_accels_consistentERK17AP_InertialSensor @ 0x5eaf40
QLOITER: _ZN9AP_Arming20ins_gyros_consistentERK17AP_InertialSensor @ 0x5eb040
QLOITER: _ZNK17AP_InertialSensor23temperature_cal_runningEv @ 0x5eb130
QLOITER: _ZNK17AP_InertialSensor12BatchSampler7enabledEv @ 0xa9f650
QLOITER: _ZNK17AP_InertialSensor34pre_arm_check_gyro_backend_rate_hzEPct @ 0x5eb1d0
QLOITER: _ZN2AP3fftEv @ 0x5eb380
QLOITER: _ZN10AP_GyroFFT13pre_arm_checkEPch @ 0x5eb3c0
QLOITER: _ZNK10AP_GyroFFT16analysis_enabledEv @ 0xa9f720
QLOITER: _ZN11ExpectDelayD2Ev @ 0x5ebb10
QLOITER: _ZdlPv @ 0x5ec090
QLOITER: _ZN7Vector3IfEixEh @ 0xa9fab0
QLOITER: _ZN10DigitalLPFIfE6_applyERKfS2_ @ 0xa9fe10
QLOITER: _Z15constrain_int16sss @ 0xaa0410
QLOITER: _Z15constrain_valueIsET_S0_S0_S0_ @ 0xaa04a0
QLOITER: _ZNK10ByteBuffer5spaceEv @ 0x5ed8b0
QLOITER: _ZN10ByteBuffer5writeEPKhj @ 0x5edb10
QLOITER: _ZN10ByteBuffer7reserveEPNS_5IoVecEj @ 0x5edc30
QLOITER: _ZN10ByteBuffer6commitEj @ 0x5ede60
QLOITER: _ZN10ByteBuffer5clearEv @ 0x5ee020
QLOITER: _ZNK10ByteBuffer8get_sizeEv @ 0xaa0550
QLOITER: _ZN11ExpectDelayC2Ej @ 0x5ee2d0
QLOITER: _ZN10AP_GyroFFT13get_singletonEv @ 0xaa05a0
QLOITER: _ZNK17AP_InertialSensor14get_gyro_countEv @ 0xaa05e0
QLOITER: _ZNK17AP_InertialSensor4_useEh @ 0xaa0650
QLOITER: _ZNK17AP_InertialSensor8_gyro_idEh @ 0xaa06b0
QLOITER: _ZN17AP_InertialSensor8_gyro_idEh @ 0xaa0710
QLOITER: _ZN17AP_InertialSensor4_useEh @ 0xaa0780
QLOITER: _ZL3MINIihEDTqultfp_fp0_fp_fp0_ERKT_RKT0_.4077 @ 0x5ee390
QLOITER: _ZNK17AP_InertialSensor4tcalEh @ 0xaa07f0
QLOITER: _ZNK7AP_EnumIN22AP_InertialSensor_TCal6EnableEEcvKS1_Ev @ 0xaa0850
QLOITER: _ZN17AP_InertialSensor4tcalEh @ 0xaa08a0
QLOITER: _ZNK17AP_InertialSensor16gyros_consistentEh @ 0x5ee420
QLOITER: _ZNK17AP_InertialSensor8get_gyroEv @ 0xaa0910
QLOITER: _ZNK17AP_InertialSensor8use_gyroEh @ 0x5ee550
QLOITER: _ZNK17AP_InertialSensor8get_gyroEh @ 0xaa0970
QLOITER: _ZL7radiansi.4147 @ 0x5ee610
QLOITER: _ZNK17AP_InertialSensor15get_gyro_healthEh @ 0xaa09e0
QLOITER: _ZNK17AP_InertialSensor17accels_consistentEf @ 0x5ee670
QLOITER: _ZNK17AP_InertialSensor15get_accel_countEv @ 0xaa0a80
QLOITER: _ZL3MINIihEDTqultfp_fp0_fp_fp0_ERKT_RKT0_ @ 0x5ee7d0
QLOITER: _ZNK17AP_InertialSensor9get_accelEv @ 0xaa0af0
QLOITER: _ZNK17AP_InertialSensor9use_accelEh @ 0x5ee860
QLOITER: _ZNK17AP_InertialSensor9get_accelEh @ 0xaa0b50
QLOITER: _ZNK17AP_InertialSensor16get_accel_healthEh @ 0xaa0bc0
QLOITER: _ZNK17AP_InertialSensor13_accel_offsetEh @ 0xaa0c60
QLOITER: _ZNK9AP_ParamVI7Vector3IfEL11ap_var_type5EE3getEv @ 0xaa0cc0
QLOITER: _ZNK7Vector3IfE7is_zeroEv @ 0xaa0d10
QLOITER: _ZNK17AP_InertialSensor12_accel_scaleEh @ 0xaa0dc0
QLOITER: _ZNK17AP_InertialSensor9_accel_idEh @ 0xaa0e20
QLOITER: _Z8is_equalIffENSt3__19enable_ifIXsr3std17is_floating_pointINS0_11common_typeIJT_T0_EE4typeEEE5valueEbE4typeES3_S4_ @ 0xaa0e80
QLOITER: _ZN17AP_InertialSensor9_accel_idEh @ 0xaa0f00
QLOITER: _ZN17AP_InertialSensor12_accel_scaleEh @ 0xaa0f70
QLOITER: _ZN17AP_InertialSensor13_accel_offsetEh @ 0xaa0fe0
QLOITER: _ZNK17AP_InertialSensor18gyro_calibrated_okEh @ 0xaa1050
QLOITER: _ZN17AP_InertialSensor13get_singletonEv @ 0x5ee920
QLOITER: _ZN8AP_Param17get_default_valueEPKS_RKNS_9GroupInfoE @ 0x5ef840
QLOITER: _ZN13AP_ParamTBaseIiL11ap_var_type3EE3setERKi @ 0xaa1700
QLOITER: _ZN13AP_ParamTBaseIfL11ap_var_type4EE3setERKf @ 0xaa1760
QLOITER: _ZNK8AP_Param13find_var_infoEPjRPKNS_9GroupInfoERNS_12GroupNestingEPh @ 0x5f0390
QLOITER: _ZNK8AP_Param14copy_name_infoEPKNS_4InfoEPKNS_9GroupInfoERKNS_12GroupNestingEhPcmb @ 0x5f0610
QLOITER: _ZNK8AP_Param14send_parameterEPKc11ap_var_typeh @ 0x5f0870
QLOITER: _ZNK8AP_Param13cast_to_floatE11ap_var_type @ 0x5f0a10
QLOITER: _ZN3GCS20send_parameter_valueEPKc11ap_var_typef @ 0x5f0b00
QLOITER: _ZL3MINImmEDTqultfp_fp0_fp_fp0_ERKT_RKT0_.7110 @ 0x5f0c40
QLOITER: _ZN11GCS_MAVLINK14mav_param_typeE11ap_var_type @ 0x5f0cc0
QLOITER: _ZN8AP_Param16count_parametersEv @ 0x5f0d50
QLOITER: _ZN3GCS23send_to_active_channelsEjPKc @ 0x5f0f00
QLOITER: _ZN9AP_Logger13get_singletonEv @ 0xaa1f60
QLOITER: _ZN9AP_Logger15Write_ParameterEPKcf @ 0x5f1020
QLOITER: _ZNK9AP_Logger10quiet_nanfEv @ 0xaa1fa0
QLOITER: _ZN17AP_Logger_Backend15Write_ParameterEPKcff @ 0x5f1110
QLOITER: _Z14strncpy_notermPcPKcm @ 0x5f1230
QLOITER: _ZN17AP_Logger_Backend18WriteCriticalBlockEPKvt @ 0xaa1ff0
QLOITER: _ZN17AP_Logger_Backend21WritePrioritisedBlockEPKvtbb @ 0x5f12e0
QLOITER: _ZN17AP_Logger_Backend30validate_WritePrioritisedBlockEPKvt @ 0x5f14b0
QLOITER: _ZN17AP_Logger_Backend9ShouldLogEb @ 0x5f16a0
QLOITER: _ZN17AP_Logger_Backend21ensure_format_emittedEPKvt @ 0x5f1b40
QLOITER: _ZNK17AP_Logger_Backend23message_type_from_blockEPKvtR11LogMessages @ 0x5f1c60
QLOITER: _ZNK17AP_Logger_Backend28have_emitted_format_for_typeE11LogMessages @ 0xaa2070
QLOITER: _ZN17AP_Logger_Backend14Write_Emit_FMTEh @ 0x5f1d50
QLOITER: _ZNK9AP_Logger17fill_logstructureER12LogStructureh @ 0x5f1ee0
QLOITER: _ZN17AP_Logger_Backend12Write_FormatEPK12LogStructure @ 0x5f2210
QLOITER: _ZN17AP_Logger_Backend18Write_Format_UnitsEPK12LogStructure @ 0x5f22e0
QLOITER: _ZN17AP_Logger_Backend17Fill_Format_UnitsEPK12LogStructureR16log_Format_Units @ 0x5f2370
QLOITER: _ZN17AP_Logger_Backend11Fill_FormatEPK12LogStructureR10log_Format @ 0x5f2470
QLOITER: _ZN7BitmaskILt256EE3setEt @ 0xaa20e0
QLOITER: _ZNK7BitmaskILt256EE8validateEt @ 0xaa21a0
QLOITER: _ZNK9AP_Logger22structure_for_msg_typeEh @ 0x5f25a0
QLOITER: _ZL3MINIhmEDTqultfp_fp0_fp_fp0_ERKT_RKT0_.6833 @ 0x5f2660
QLOITER: _ZNK9AP_Logger9structureEt @ 0x5f26f0
QLOITER: _ZNK7BitmaskILt256EE3getEt @ 0xaa2230
QLOITER: _ZNK6AP_HAL4Util14get_soft_armedEv @ 0xaa2300
QLOITER: _ZN2AP6loggerEv @ 0x5f2760
QLOITER: _ZNK9AP_Logger18in_log_persistanceEv @ 0x5f27a0
QLOITER: _Z7is_zeroI9AP_ParamTIfL11ap_var_type4EEEbT_ @ 0xaa2360
QLOITER: _ZNK12AP_Scheduler5ticksEv @ 0xaa23c0
QLOITER: _ZN6AP_HAL8millis16Ev @ 0x5f29b0
QLOITER: _ZNK6AP_HAL4Util21get_last_armed_changeEv @ 0xaa24d0
QLOITER: _ZNK9AP_Logger13WritesEnabledEv @ 0xaa2520
QLOITER: _ZNK19LoggerMessageWriter8finishedEv @ 0xaa2580
QLOITER: _ZNK9AP_Logger15in_log_downloadEv @ 0x5f29f0
QLOITER: _ZNK9AP_Logger16vehicle_is_armedEv @ 0xaa25e0
QLOITER: _ZNK9AP_Logger18log_while_disarmedEv @ 0x5f2a90
QLOITER: _ZNK7AP_EnumIN9AP_Logger11LogDisarmedEEcvKS1_Ev @ 0xaa2640
QLOITER: _ZNK9AP_Logger26log_write_fmt_for_msg_typeEh @ 0x5f2b90
QLOITER: mavlink_get_msg_entry @ 0x5f2c40
QLOITER: _ZNK3GCS7num_gcsEv @ 0xaa2690
QLOITER: _ZNK11GCS_MAVLINK10is_privateEv @ 0xaa26e0
QLOITER: _ZNK11GCS_MAVLINK9is_activeEv @ 0xaa2740
QLOITER: _ZN11GCS_MAVLINK12send_messageEPKcPK19__mavlink_msg_entry @ 0xaa27c0
QLOITER: _ZN11GCS_MAVLINK18check_payload_sizeEt @ 0x5f2d60
QLOITER: _mav_finalize_message_chan_send @ 0x5f2e10
QLOITER: _Z26mavlink_get_channel_statush @ 0x5f3160
QLOITER: _Z17_mav_trim_payloadPKch @ 0x5f3240
QLOITER: _ZL13crc_calculatePKht @ 0x5f32e0
QLOITER: _ZL21crc_accumulate_bufferPtPKct @ 0x5f3380
QLOITER: _ZL14crc_accumulatehPt @ 0x5f3420
QLOITER: _Z14comm_send_lock17mavlink_channel_tt @ 0x5f36b0
QLOITER: _mavlink_send_uart @ 0x5f3770
QLOITER: _Z16comm_send_unlock17mavlink_channel_t @ 0x5f37f0
QLOITER: _Z16comm_send_buffer17mavlink_channel_tPKhh @ 0x5f3870
QLOITER: _ZL13valid_channel17mavlink_channel_t @ 0x5f39e0
QLOITER: _Z24gcs_out_of_space_to_send17mavlink_channel_t @ 0x5f3a90
QLOITER: _ZN11GCS_MAVLINK20out_of_space_to_sendEv @ 0xaa2900
QLOITER: _ZL8crc_initPt @ 0x5f43c0
QLOITER: _ZN11GCS_MAVLINK14channel_statusEv @ 0xaa2960
QLOITER: _ZNK11GCS_MAVLINK7txspaceEv @ 0xaa29b0
QLOITER: _ZNK11GCS_MAVLINK15packet_overheadEv @ 0xaa2a50
QLOITER: _ZN11GCS_MAVLINK20packet_overhead_chanE17mavlink_channel_t @ 0x5f4410
QLOITER: _ZL3MINIjjEDTqultfp_fp0_fp_fp0_ERKT_RKT0_.7101 @ 0x5f44f0
QLOITER: _ZN11GCS_MAVLINK10is_privateE17mavlink_channel_t @ 0xaa2ab0
QLOITER: _ZN8AP_Param5firstEPNS_10ParamTokenEP11ap_var_typePf @ 0x5f4570
QLOITER: _ZN8AP_Param11next_scalarEPNS_10ParamTokenEP11ap_var_typePf @ 0x5f46b0
QLOITER: _ZN8AP_Param4nextEPNS_10ParamTokenEP11ap_var_typebPf @ 0x5f47a0
QLOITER: _ZN8AP_Param13check_defaultEPS_Pf @ 0x5f4ae0
QLOITER: _ZN8AP_Param8var_infoEt @ 0xaa2b20
QLOITER: _ZN8AP_Param17get_default_valueEPKS_RKNS_4InfoE @ 0x5f4bc0
QLOITER: _ZN8AP_Param16check_frame_typeEt @ 0x5f4cd0
QLOITER: _ZN8AP_Param14get_group_infoERKNS_4InfoE @ 0x5f4d70
QLOITER: _ZN8AP_Param10next_groupEtPKNS_9GroupInfoEPbjhlPNS_10ParamTokenEP11ap_var_typebPf @ 0x5f4df0
QLOITER: _ZN8AP_Param14get_group_infoERKNS_9GroupInfoE @ 0x5f5390
QLOITER: _ZN8AP_Param19adjust_group_offsetEtRKNS_9GroupInfoERl @ 0x5f5410
QLOITER: _ZN8AP_Param8group_idEPKNS_9GroupInfoEjhh @ 0x5f5530
QLOITER: _ZN8AP_Param8get_baseERKNS_4InfoERl @ 0x5f5630
QLOITER: _ZNK13AP_ParamTBaseIaL11ap_var_type1EE13cast_to_floatEv @ 0xaa2bc0
QLOITER: _ZNK13AP_ParamTBaseIsL11ap_var_type2EE13cast_to_floatEv @ 0xaa2c10
QLOITER: _ZNK13AP_ParamTBaseIiL11ap_var_type3EE13cast_to_floatEv @ 0xaa2c60
QLOITER: _ZNK13AP_ParamTBaseIfL11ap_var_type4EE13cast_to_floatEv @ 0xaa2cb0
QLOITER: _ZNK8AP_Param19add_vector3f_suffixEPcmh @ 0x5f56e0
QLOITER: _ZNK8AP_Param19find_var_info_groupEPKNS_9GroupInfoEtjhlPjRS2_RNS_12GroupNestingEPh @ 0x5f57c0
QLOITER: _ZN8AP_Param4saveEb @ 0x5f5cc0
QLOITER: _ZN17AP_InertialSensor13caltemp_accelEh @ 0xaa2de0
QLOITER: _ZNK17AP_InertialSensor15get_temperatureEh @ 0xaa2e50
QLOITER: _ZN7Vector3IfE4zeroEv @ 0xaa30b0
QLOITER: _ZNK7Vector3IfErmERKS0_ @ 0xaa3110
QLOITER: _ZNK7Vector3IfEmlERKS0_ @ 0xaa31f0
QLOITER: _Z9safe_sqrtIfEfT_ @ 0xaa3280
QLOITER: _ZN11QuaternionTIfE9normalizeEv @ 0xaa3330
QLOITER: _ZNK11QuaternionTIfE14get_euler_rollEv @ 0xaa3410
QLOITER: _ZNK11QuaternionTIfE15get_euler_pitchEv @ 0xaa34c0
QLOITER: _Z9safe_asinIfEfT_ @ 0xaa3530
QLOITER: _ZNK11QuaternionTIfE6lengthEv @ 0xaa3610
QLOITER: _ZN7Vector3IfE6rotateE8Rotation @ 0xaa3720
QLOITER: _ZNK7Matrix3IfEmlERK7Vector3IfE @ 0xaa4700
QLOITER: _ZN7Matrix3IfE10from_eulerEfff @ 0xaa48a0
QLOITER: _ZN7Matrix3IfEC2Efffffffff @ 0xaa4ad0
QLOITER: _ZNK7Vector3IfEplERKS0_ @ 0xaa4c00
QLOITER: _ZNK7Vector3IfEdvEf @ 0xaa4cb0
QLOITER: _ZNK7AP_AHRS13get_pitch_radEv @ 0xaa4da0
QLOITER: _Z4normIffJEEdT_T0_DpKT1_ @ 0xaa4e90
QLOITER: _ZN7Vector3IfEpLERKS0_ @ 0xaa4f00
QLOITER: _ZN15ObjectBuffer_TSIN8AP_Param10param_saveEE4peekERS1_ @ 0xaa4fa0
QLOITER: _ZN15ObjectBuffer_TSIN8AP_Param10param_saveEE4pushERKS1_ @ 0xaa5050
QLOITER: _ZN10ByteBuffer9peekbytesEPhj @ 0x5f6d50
QLOITER: _ZN10ByteBuffer9peekiovecEPNS_5IoVecEj @ 0x5f6e60
QLOITER: _ZNK10ByteBuffer9availableEv @ 0x5f6fb0
QLOITER: _ZN10ByteBuffer7readptrERj @ 0x5f7290
QLOITER: _ZNK7Vector3IfEngEv @ 0xaa5130
QLOITER: _ZN2AP4sitlEv @ 0x5f7690
QLOITER: _ZN2AP4baroEv @ 0x5f76d0
QLOITER: _ZNK7AP_Baro13arming_checksEmPc @ 0x5f7710
QLOITER: _ZNK7AP_Baro11all_healthyEv @ 0x5f78e0
QLOITER: _ZNK6AP_GPS6statusEv @ 0xaa5210
QLOITER: _ZNK7AP_Baro12get_pressureEv @ 0xaa5270
QLOITER: _ZNK7AP_Baro23get_altitude_differenceEff @ 0x5f7990
QLOITER: _ZNK7AP_Baro26get_altitude_from_pressureEf @ 0x5f7a30
QLOITER: _ZL33find_atmosphere_layer_by_pressuref @ 0x5f7c90
QLOITER: _ZNK7AP_Baro17get_altitude_AMSLEv @ 0xaa52d0
QLOITER: _ZN7AP_Baro29geopotential_alt_to_geometricEf @ 0x5f7d40
QLOITER: _ZNK7AP_Baro17get_altitude_AMSLEh @ 0xaa5330
QLOITER: _ZNK7AP_Baro12get_altitudeEh @ 0xaa53a0
QLOITER: _ZNK7AP_Baro12get_pressureEh @ 0xaa5410
QLOITER: _ZNK7AP_Baro7healthyEh @ 0x5f7da0
QLOITER: _ZN7AP_Baro13get_singletonEv @ 0xaa5480
QLOITER: _ZN4SITL3SIM13get_singletonEv @ 0xaa54c0
QLOITER: _ZNK6AP_HAL4Util18was_watchdog_armedEv @ 0xaa5500
QLOITER: _ZN9AP_Arming10arm_checksENS_6MethodE @ 0x5f7e90
QLOITER: _ZN9AP_Arming13rc_arm_checksENS_6MethodE @ 0x5f7ff0
QLOITER: _ZN6AP_GPS18prepare_for_armingEv @ 0x5f83b0
QLOITER: _ZNK9AP_Logger15logging_presentEv @ 0x5f8480
QLOITER: _ZN9AP_Logger13PrepForArmingEv @ 0x5f84e0
QLOITER: _ZNK9AP_Logger15logging_startedEv @ 0x5f8570
QLOITER: _ZNK11RC_Channels13last_input_msEv @ 0xaa5580
QLOITER: _ZN11RC_Channels23duplicate_options_existEv @ 0x5f8620
QLOITER: _ZNK11RC_Channels44flight_mode_channel_conflicts_with_rc_optionEv @ 0x5f8740
QLOITER: _ZNK11RC_Channels17option_is_enabledENS_6OptionE @ 0xaa55d0
QLOITER: _ZNK11RC_Channels16get_roll_channelEv @ 0x5f87d0
QLOITER: _ZNK11RC_Channels17get_pitch_channelEv @ 0x5f8840
QLOITER: _ZNK11RC_Channels15get_yaw_channelEv @ 0x5f88b0
QLOITER: _ZNK10RC_Channel14get_control_inEv @ 0xaa5650
QLOITER: _ZNK11RC_Channels20get_throttle_channelEv @ 0x5f8920
QLOITER: _ZN11RC_Channels23find_channel_for_optionEN10RC_Channel8AUX_FUNCE @ 0x5f8990
QLOITER: _ZN2AP5rcmapEv @ 0x5f8c10
QLOITER: _ZNK8RCMapper8throttleEv @ 0xaa5700
QLOITER: _ZNK11RC_Channels25get_rcmap_channel_nonnullEh @ 0x5f8c50
QLOITER: _ZN11RC_Channels10rc_channelEh @ 0xaa5760
QLOITER: _ZN8RCMapper13get_singletonEv @ 0xaa57c0
QLOITER: _ZNK8RCMapper3yawEv @ 0xaa5800
QLOITER: _ZNK8RCMapper5pitchEv @ 0xaa5860
QLOITER: _ZNK8RCMapper4rollEv @ 0xaa58c0
QLOITER: _ZNK11RC_Channels19flight_mode_channelEv @ 0x5f8ce0
QLOITER: _ZN7BitmaskILt317EEC2Ev @ 0xaa5910
QLOITER: _ZN7BitmaskILt317EE8clearallEv @ 0xaa5bd0
QLOITER: _ZN9AP_Arming14pre_arm_checksEb @ 0x5f8d80
QLOITER: _ZN9AP_Arming15airspeed_checksEb @ 0x5f9290
QLOITER: _ZNK9AP_ParamTIfL11ap_var_type4EEltERKS1_ @ 0xaa5c30
QLOITER: _ZNK10RC_Channel11get_reverseEv @ 0x5f93b0
QLOITER: _ZN15AP_Arming_Plane16quadplane_checksEb @ 0x5f9420
QLOITER: _ZNK5Plane21flight_option_enabledE13FlightOptions @ 0x5f9980
QLOITER: _ZNK10AP_Mission28get_in_landing_sequence_flagEv @ 0xaa5ca0
QLOITER: _ZNK4Mode14pre_arm_checksEmPc @ 0x5f9ab0
QLOITER: _ZNK9QuadPlane7enabledEv @ 0xaa5d80
QLOITER: _ZNK10Tailsitter7enabledEv @ 0xaa5df0
QLOITER: _Z11is_positiveI9AP_ParamTIfL11ap_var_type4EEEbT_ @ 0xaa6080
QLOITER: _ZN11AP_Airspeed13get_singletonEv @ 0xaa64d0
QLOITER: _ZNK11AP_Airspeed13arming_checksEmPc @ 0x5fad80
QLOITER: _ZNK11AP_Airspeed7enabledEh @ 0x5faf70
QLOITER: _ZNK11AP_Airspeed3useEh @ 0x5fb030
QLOITER: _ZNK11AP_Airspeed7healthyEh @ 0x5fb160
QLOITER: _ZNK7AP_EnumIN18AP_Airspeed_Params11SkipCalTypeEEcvKS1_Ev @ 0xaa6510
QLOITER: _ZNK11AP_Airspeed11lib_enabledEv @ 0x5fb2e0
QLOITER: _ZN12SRV_Channels17get_output_scaledEN11SRV_Channel8FunctionE @ 0x5fb330
QLOITER: _ZNK9AP_Arming15arming_requiredEv @ 0x5fb3b0
QLOITER: _ZN9AP_Arming21hardware_safety_checkEb @ 0x5fb480
QLOITER: _ZN9AP_Arming14compass_checksEb @ 0x5fb550
QLOITER: _ZN9AP_Arming14battery_checksEb @ 0x5fbc40
QLOITER: _ZN9AP_Arming14logging_checksEb @ 0x5fbd30
QLOITER: _ZN9AP_Arming25manual_transmitter_checksEb @ 0x5fbea0
QLOITER: _ZN9AP_Arming18rangefinder_checksEb @ 0x5fbfa0
QLOITER: _ZNK9AP_Arming12servo_checksEb @ 0x5fc090
QLOITER: _ZNK9AP_Arming14terrain_checksEb @ 0x5fc2e0
QLOITER: _ZN9AP_Arming10can_checksEb @ 0x5fc430
QLOITER: _ZNK9AP_Arming16generator_checksEb @ 0x5fc700
QLOITER: _ZN9AP_Arming13camera_checksEb @ 0x5fc800
QLOITER: _ZNK9AP_Arming10osd_checksEb @ 0x5fc8f0
QLOITER: _ZNK9AP_Arming12mount_checksEb @ 0x5fc9e0
QLOITER: _ZNK9AP_Arming13fettec_checksEb @ 0x5fcaf0
QLOITER: _ZNK9AP_Arming14visodom_checksEb @ 0x5fcbc0
QLOITER: _ZN9AP_Arming15aux_auth_checksEb @ 0x5fccb0
QLOITER: _ZNK9AP_Arming20disarm_switch_checksEb @ 0x5fcf10
QLOITER: _ZN9AP_Arming12fence_checksEb @ 0x5fcfd0
QLOITER: _ZN9AP_Arming12estop_checksEb @ 0x5fd0f0
QLOITER: _ZN12SRV_Channels18get_emergency_stopEv @ 0xaa6560
QLOITER: _ZNK10RC_Channel12get_radio_inEv @ 0xaa65a0
QLOITER: _ZN2AP5fenceEv @ 0x5fd3a0
QLOITER: _ZNK8AC_Fence13pre_arm_checkEPch @ 0x5fd3e0
QLOITER: _ZNK8AC_Fence7presentEv @ 0x5fd980
QLOITER: _ZNK8AC_Fence7enabledEv @ 0xaa66b0
QLOITER: _ZNK8AC_Fence12auto_enabledEv @ 0xaa6710
QLOITER: _ZN15ExpandingStringD2Ev @ 0x5fdfc0
QLOITER: _ZN15ExpandingString6printfEPKcz @ 0x5fe020
QLOITER: _ZN15ExpandingString6expandEj @ 0x5fe2b0
QLOITER: _Z11mem_reallocPvmm @ 0x5fe3b0
QLOITER: _ZN15ExpandingString10set_bufferEPcjj @ 0x5fe560
QLOITER: _ZNK19AC_PolyFence_loader17total_fence_countEv @ 0xaa6900
QLOITER: _ZNK7Vector2IfEmiERKS0_ @ 0xaa7030
QLOITER: _ZNK7Vector2IfEmlERKS0_ @ 0xaa72a0
QLOITER: _ZNK7Vector2IfEmlEf @ 0xaa7320
QLOITER: _ZN7Vector2IfEC2Eff @ 0xaa73a0
QLOITER: _ZNK8Location15get_distance_NEERKS_ @ 0x5ff000
QLOITER: _ZNK19AC_PolyFence_loader27get_exclusion_polygon_countEv @ 0xaa74d0
QLOITER: _ZNK19AC_PolyFence_loader27get_inclusion_polygon_countEv @ 0xaa7520
QLOITER: _ZNK19AC_PolyFence_loader26get_exclusion_circle_countEv @ 0xaa7570
QLOITER: _ZNK19AC_PolyFence_loader26get_inclusion_circle_countEv @ 0xaa75c0
QLOITER: _ZN8AC_Fence13get_singletonEv @ 0xaa7610
QLOITER: _ZN2AP10visualodomEv @ 0x5ff1c0
QLOITER: _ZNK13AP_VisualOdom13pre_arm_checkEPch @ 0x5ff200
QLOITER: _ZNK13AP_VisualOdom7enabledEv @ 0x5ff330
QLOITER: _ZNK7AP_EnumIN13AP_VisualOdom15VisualOdom_TypeEEcvKS1_Ev @ 0xaa7650
QLOITER: _ZN13AP_VisualOdom13get_singletonEv @ 0xaa76a0
QLOITER: _ZN16AP_FETtecOneWire13get_singletonEv @ 0xaa76e0
QLOITER: _ZNK16AP_FETtecOneWire13pre_arm_checkEPch @ 0x5ff4a0
QLOITER: _ZN6AP_HAL6microsEv @ 0x5ff7a0
QLOITER: _ZN2AP5mountEv @ 0x5ff7e0
QLOITER: _ZN8AP_Mount14pre_arm_checksEPch @ 0x5ff820
QLOITER: _ZNK8AP_Mount14get_mount_typeEh @ 0x5ff9b0
QLOITER: _ZN8AP_Mount13get_singletonEv @ 0xaa7720
QLOITER: _ZN2AP3osdEv @ 0x5ffa40
QLOITER: _ZNK6AP_OSD13pre_arm_checkEPch @ 0x5ffa80
QLOITER: _ZNK6AP_OSD18is_readonly_screenEv @ 0xaa7760
QLOITER: _ZN6AP_OSD13get_singletonEv @ 0xaa77c0
QLOITER: _ZN2AP6runcamEv @ 0x5ffbb0
QLOITER: _ZN9AP_RunCam13get_singletonEv @ 0xaa7870
QLOITER: _ZN2AP9generatorEv @ 0x5ffd90
QLOITER: _ZNK12AP_Generator13pre_arm_checkEPch @ 0x5ffdd0
QLOITER: _ZNK12AP_Generator4typeEv @ 0x5ffef0
QLOITER: _ZN12AP_Generator13get_singletonEv @ 0x5fff50
QLOITER: _ZN2AP3canEv @ 0x5fff90
QLOITER: _ZNK13AP_CANManager15get_num_driversEv @ 0xaa78b0
QLOITER: _ZNK13AP_CANManager15get_driver_typeEh @ 0xaa7900
QLOITER: _ZN13AP_CANManager13get_singletonEv @ 0xaa7b90
QLOITER: _ZNK10AP_Terrain14get_statisticsERtS0_ @ 0x600a70
QLOITER: _ZNK10AP_Terrain10bitcount64Em @ 0x600c60
QLOITER: _ZN12SRV_Channels11srv_channelEh @ 0xaa7c50
QLOITER: _ZNK11SRV_Channel12get_functionEv @ 0xaa7cd0
QLOITER: _ZNK11SRV_Channel8get_trimEv @ 0xaa7d30
QLOITER: _ZNK11SRV_Channel14get_output_minEv @ 0xaa7d90
QLOITER: _ZNK11SRV_Channel14get_output_maxEv @ 0xaa7de0
QLOITER: _ZN12SRV_Channels25get_disabled_channel_maskEv @ 0xaa7e40
QLOITER: _ZN11SRV_Channel13should_e_stopENS_8FunctionE @ 0x600d50
QLOITER: _ZN11RangeFinder13get_singletonEv @ 0xaa7e80
QLOITER: _ZNK11RangeFinder14prearm_healthyEPch @ 0x600dd0
QLOITER: _ZNK9AP_Logger14logging_failedEv @ 0x601380
QLOITER: _ZN9AP_Logger12CardInsertedEv @ 0x601450
QLOITER: _ZN2AP7batteryEv @ 0x601500
QLOITER: _ZNK14AP_BattMonitor13arming_checksEmPc @ 0x601540
QLOITER: _ZNK14AP_BattMonitor15configured_typeEh @ 0xaa7f70
QLOITER: _ZNK14AP_BattMonitor14allocated_typeEh @ 0xaa7fe0
QLOITER: _ZNK22AP_BattMonitor_Backend13arming_checksEPcm @ 0x601740
QLOITER: _ZNK22AP_BattMonitor_Backend20check_failsafe_typesERbS0_S0_S0_ @ 0x601c30
QLOITER: _ZL12update_checkmPcbPKc @ 0x601f30
QLOITER: _ZNK21AP_BattMonitor_Params23failsafe_voltage_sourceEv @ 0xaa80c0
QLOITER: _ZL3MAXIffEDTqugtfp_fp0_fp_fp0_ERKT_RKT0_.19313 @ 0x602040
QLOITER: _ZN14AP_BattMonitor13get_singletonEv @ 0xaa8120
QLOITER: _ZNK7Compass14is_calibratingEv @ 0x6020c0
QLOITER: _ZNK7Compass27compass_cal_requires_rebootEv @ 0xaa8160
QLOITER: _ZNK7Compass7healthyEv @ 0xaa81c0
QLOITER: _ZNK7Compass21learn_offsets_enabledEv @ 0xaa8220
QLOITER: _ZN7Compass10configuredEPch @ 0x6021f0
QLOITER: _ZNK7Compass11get_offsetsEv @ 0xaa8290
QLOITER: _ZNK7Compass15get_offsets_maxEv @ 0xaa82f0
QLOITER: _ZNK7Compass9get_fieldEv @ 0xaa8350
QLOITER: _ZNK7Compass10consistentEv @ 0x602480
QLOITER: _ZN7AP_AHRS11use_compassEv @ 0x602640
QLOITER: _ZN14AP_Declination18get_earth_field_gaERK8Location @ 0x602720
QLOITER: _ZNK7Vector3IfEmlEf @ 0xaa83b0
QLOITER: _ZL3MAXIffEDTqugtfp_fp0_fp_fp0_ERKT_RKT0_.12104 @ 0x6028a0
QLOITER: _ZN14AP_Declination16get_mag_field_efEffRfS0_S0_ @ 0x6029c0
QLOITER: _ZL7radiansf.3485 @ 0x602fc0
QLOITER: _Z15constrain_int32iii @ 0xaa8450
QLOITER: _Z15constrain_valueIiET_S0_S0_S0_ @ 0xaa84c0
QLOITER: _ZNK7NavEKF311use_compassEv @ 0x6030a0
QLOITER: _ZN11AP_AHRS_DCM11use_compassEv @ 0x603130
QLOITER: _ZNK7AP_AHRS15get_fly_forwardEv @ 0xaa85b0
QLOITER: _ZNK11AP_AHRS_DCM8have_gpsEv @ 0x6032e0
QLOITER: _ZNK6AP_GPS12ground_speedEv @ 0xaa8610
QLOITER: _ZL7degreesf.2589 @ 0x603370
QLOITER: _ZNK6AP_GPS13ground_courseEv @ 0xaa8670
QLOITER: _Z8wrap_180IfET_S0_ @ 0xaa86d0
QLOITER: _Z8wrap_360f @ 0x6033c0
QLOITER: _ZNK6AP_GPS13ground_courseEh @ 0xaa8760
QLOITER: _ZNK6AP_GPS12ground_speedEh @ 0xaa87d0
QLOITER: _ZNK7AP_EnumI6GPSUseEcvKS0_Ev @ 0xaa8840
QLOITER: _ZNK12NavEKF2_core11use_compassEv @ 0x603440
QLOITER: _ZNK7Vector3IfE2xyEv @ 0xaa8890
QLOITER: _ZNK7Compass9get_countEv @ 0xaa88e0
QLOITER: _ZNK7Compass9get_fieldEh @ 0xaa8930
QLOITER: _ZNK7Vector2IfE7is_zeroEv @ 0xaa89b0
QLOITER: _ZNK7Vector3IfE5angleERKS0_ @ 0xaa8a40
QLOITER: _ZL7radiansf.3200 @ 0x6034e0
QLOITER: _ZNK7Vector2IfE5angleERKS0_ @ 0xaa8b50
QLOITER: _ZNK7Vector2IfE6lengthEv @ 0xaa8c70
QLOITER: _ZNK7Compass11get_offsetsEh @ 0xaa8cd0
QLOITER: _ZNK9AP_ParamVI7Vector3IfEL11ap_var_type5EEcvRKS1_Ev @ 0xaa8d50
QLOITER: _ZNK14typesafe_indexIh12TAG_PriorityEltERKh @ 0xaa8da0
QLOITER: _ZN19RestrictIDTypeArrayIiLj3E14typesafe_indexIh12TAG_PriorityEEixERKS2_ @ 0xaa8e10
QLOITER: _ZNK14typesafe_indexIh12TAG_PriorityEcvhEv @ 0xaa8e90
QLOITER: _ZNK14typesafe_indexIh12TAG_PriorityEplERKh @ 0xaa8ee0
QLOITER: _ZN19RestrictIDTypeArrayI9AP_ParamTIiL11ap_var_type3EELj3E14typesafe_indexIh12TAG_PriorityEEixERKS5_ @ 0xaa8f60
QLOITER: _ZN14typesafe_indexIh12TAG_PriorityEppEi @ 0xaa8fe0
QLOITER: _ZN7Compass10configuredEh @ 0x603530
QLOITER: _ZN19RestrictIDTypeArrayIN7Compass9mag_stateELj4E14typesafe_indexIh14TAG_StateIndexEEixERKS4_ @ 0xaa9050
QLOITER: _ZNK14typesafe_indexIh14TAG_StateIndexEeqERKh @ 0xaa90d0
QLOITER: _ZN8AP_Param4loadEv @ 0x603740
QLOITER: _ZN8AP_Param7set_keyERNS_12Param_headerEt @ 0x603a40
QLOITER: _ZN8AP_Param4scanEPKNS_12Param_headerEPt @ 0x603ad0
QLOITER: _ZN8AP_Param9type_sizeE11ap_var_type @ 0x603c60
QLOITER: _ZNK13StorageAccess4sizeEv @ 0xaa9140
QLOITER: _ZN8AP_Param7get_keyERKNS_12Param_headerE @ 0x603d00
QLOITER: _ZN8AP_Param11is_sentinalERKNS_12Param_headerE @ 0x603d70
QLOITER: _ZNK19RestrictIDTypeArrayIP17CompassCalibratorLj3E14typesafe_indexIh12TAG_PriorityEEixERKS4_ @ 0xaa9190
QLOITER: _ZNK14AP_OpenDroneID7enabledEv @ 0xaa9210
QLOITER: _ZNK7AP_EnumIN9AP_Arming8RequiredEEcvKS1_Ev @ 0xaa9280
QLOITER: _ZN5Plane9is_flyingEv @ 0x603ec0
QLOITER: _ZN15AP_Arming_Plane16change_arm_stateEv @ 0x6041f0
QLOITER: _ZNK9AP_Arming26send_arm_disarm_statustextEPKc @ 0x604360
QLOITER: _ZNK9AP_Arming14option_enabledENS_6OptionE @ 0xaa9340
QLOITER: _ZN15AP_Arming_Plane17update_soft_armedEv @ 0x604400
QLOITER: _ZN9QuadPlane9set_armedEb @ 0x604500
QLOITER: _ZNK9AP_Arming8is_armedEv @ 0x604840
QLOITER: _ZN9AP_Logger17set_vehicle_armedEb @ 0x6048c0
QLOITER: _ZNK9AP_Arming22get_rudder_arming_typeEv @ 0xaa9420
QLOITER: _ZN9AP_Logger11Write_EventE8LogEvent @ 0x6050f0
QLOITER: _ZN8AC_Fence12clear_breachEh @ 0x605180
QLOITER: _ZN9AP_Logger18WriteCriticalBlockEPKvt @ 0x6051f0
QLOITER: _ZNK9AP_Arming23is_armed_and_safety_offEv @ 0x6052a0
QLOITER: _ZNK9QuadPlane14is_flying_vtolEv @ 0x605330
QLOITER: _ZNK9QuadPlane12in_vtol_modeEv @ 0x6054d0
QLOITER: _ZNK9QuadPlane15PosControlState9get_stateEv @ 0xaa9650
QLOITER: _ZNK9QuadPlane12in_vtol_autoEv @ 0x605750
QLOITER: _ZNK10AP_Mission19get_current_nav_cmdEv @ 0xaa96a0
QLOITER: _ZNK9QuadPlane20in_vtol_land_descentEv @ 0x605cb0
QLOITER: _ZN9AP_Arming3armENS_6MethodEb @ 0x605e60
QLOITER: _ZN5Plane11update_homeEv @ 0x6060e0
QLOITER: _ZN7AP_AHRS8set_homeERK8Location @ 0x6062f0
QLOITER: _ZN5Plane18update_current_locEv @ 0x6064e0
QLOITER: _ZN12ModeAutoLand9arm_checkEv @ 0x6065a0
QLOITER: _ZNK12ModeAutoLand22autoland_option_is_setENS_14AutoLandOptionE @ 0xaa97c0
QLOITER: _ZNK7AP_AHRS11get_yaw_degEv @ 0xaa9840
QLOITER: _ZN12ModeAutoLand22set_autoland_directionEf @ 0x606650
QLOITER: _ZNK7AP_AHRS28get_relative_position_D_homeERf @ 0x6066f0
QLOITER: _ZNK7AP_Baro12get_altitudeEv @ 0xaa9890
QLOITER: _ZNK7AP_AHRS30get_relative_position_D_originERd @ 0x606890
QLOITER: _ZNK7AP_AHRS11_get_originER8Location @ 0x6069d0
QLOITER: _ZNK7AP_AHRS11_get_originENS_7EKFTypeER8Location @ 0x606ab0
QLOITER: _ZNK7NavEKF312getOriginLLHER8Location @ 0x606d80
QLOITER: _ZNK8Location11initialisedEv @ 0xaa98f0
QLOITER: _ZNK12NavEKF3_core12getOriginLLHER8Location @ 0x607060
QLOITER: _ZNK12NavEKF2_core12getOriginLLHER8Location @ 0x607150
QLOITER: _ZNK7NavEKF37getPosDERd @ 0x6073f0
QLOITER: _ZNK7Vector3IfE8todoubleEv @ 0xaa9980
QLOITER: _ZN7Vector3IdEmLEd @ 0xaa9a00
QLOITER: _ZN8Location13offset_latlngERiS0_dd @ 0x6078c0
QLOITER: _ZN8Location15limit_lattitudeEi @ 0x6079c0
QLOITER: _ZN8Location14wrap_longitudeEl @ 0x607a60
QLOITER: _ZN7Vector3IdEC2Eddd @ 0xaa9a90
QLOITER: _ZNK12NavEKF3_core7getPosDERd @ 0x607b00
QLOITER: _ZNK12NavEKF3_core13getPosD_localERd @ 0x607bd0
QLOITER: _ZNK12NavEKF2_core7getPosDERd @ 0x607c60
QLOITER: _ZN7Vector3IdEC2Ev @ 0xaa9b20
QLOITER: _ZNK11AP_AHRS_DCM12get_locationER8Location @ 0x607e50
QLOITER: _ZN8Location6offsetEdd @ 0x608180
QLOITER: _ZNK6AP_GPS7get_lagERf @ 0xaa9b80
QLOITER: _ZNK6AP_GPS7get_lagEhRf @ 0x608210
QLOITER: _ZNK8Location12check_latlngEv @ 0x608420
QLOITER: _ZN8Location16change_alt_frameENS_8AltFrameE @ 0x6084a0
QLOITER: _ZN7AP_AHRS25Log_Write_Home_And_OriginEv @ 0x608540
QLOITER: _ZN3GCS12send_messageE10ap_message @ 0x608610
QLOITER: _ZN10AP_Mission21write_home_to_storageEv @ 0x6086c0
QLOITER: _ZN10AP_Mission20write_cmd_to_storageEtRKNS_15Mission_CommandE @ 0x6087c0
QLOITER: _ZNK10AP_Mission16num_commands_maxEv @ 0xaa9cc0
QLOITER: _ZNK13StorageAccess10write_byteEth @ 0x608b40
QLOITER: _ZNK13StorageAccess12write_uint16Ett @ 0x608bc0
QLOITER: _ZNK13StorageAccess11write_blockEtPKvm @ 0x608c50
QLOITER: _ZN11GCS_MAVLINK12send_messageE10ap_message @ 0x608f40
QLOITER: _ZN11GCS_MAVLINK22save_signing_timestampEb @ 0x609050
QLOITER: _ZNK11GCS_MAVLINK12is_streamingEv @ 0xaa9d10
QLOITER: _ZN7BitmaskILt91EE3setEt @ 0xaa9d70
QLOITER: _ZNK7BitmaskILt91EE8validateEt @ 0xaa9e30
QLOITER: _ZN11GCS_MAVLINK16signing_key_loadER10SigningKey @ 0x609180
QLOITER: _ZNK7AP_AHRS10get_originER8Location @ 0x6092e0
QLOITER: _ZNK7AP_AHRS12Write_OriginENS_13LogOriginTypeERK8Location @ 0x609360
QLOITER: _ZNK8Location10get_alt_cmENS_8AltFrameERi @ 0x609450
QLOITER: _ZN9AP_Logger10WriteBlockEPKvt @ 0x609790
QLOITER: _ZN17AP_Logger_Backend10WriteBlockEPKvt @ 0xaa9ec0
QLOITER: _ZNK8Location13get_alt_frameEv @ 0x609840
QLOITER: _ZN2AP7terrainEv @ 0x609920
QLOITER: _ZN10AP_Terrain11height_amslERK8LocationRfb @ 0x609960
QLOITER: _ZN10AP_Terrain8allocateEv @ 0x609da0
QLOITER: _ZNK10AP_Terrain19calculate_grid_infoERK8LocationRNS_9grid_infoE @ 0x609ec0
QLOITER: _ZN10AP_Terrain15find_grid_cacheERKNS_9grid_infoE @ 0x60a330
QLOITER: _ZN10AP_Terrain12check_bitmapERKNS_10grid_blockEhh @ 0x60a640
QLOITER: _ZN10AP_Terrain11grid_bitnumEhh @ 0x60a700
QLOITER: _Z9check_lati @ 0x60a790
QLOITER: _Z9check_lngi @ 0x60a800
QLOITER: _ZNK7AP_AHRS14home_is_lockedEv @ 0xaa9f50
QLOITER: _ZN7AP_Baro18update_calibrationEv @ 0x60a870
QLOITER: _ZN7AP_AHRS16resetHeightDatumEv @ 0x60a9e0
QLOITER: _ZN7NavEKF316resetHeightDatumEv @ 0x60ab50
QLOITER: _ZN7NavEKF216resetHeightDatumEv @ 0x60ac30
QLOITER: _ZN6AP_DAL10log_event2ENS_5EventE @ 0x60ad10
QLOITER: _ZN12NavEKF2_core16resetHeightDatumEv @ 0x60ad90
QLOITER: _ZN11AP_DAL_Baro18update_calibrationEv @ 0x60af00
QLOITER: _ZNK10AP_DAL_GPS8locationEv @ 0xaaa000
QLOITER: _ZN8Location13copy_alt_fromERKS_ @ 0x60af50
QLOITER: _ZNK10AP_DAL_GPS8locationEh @ 0xaaa060
QLOITER: _ZN6AP_DAL9end_frameEv @ 0x60b020
QLOITER: _ZN6AP_DAL15WriteLogMessageE11LogMessagesPvPKvh @ 0x60b0a0
QLOITER: _ZN9AP_Logger16WriteReplayBlockEhPKvt @ 0x60b1c0
QLOITER: _ZNK9AP_Logger10log_replayEv @ 0xaaa0d0
QLOITER: _ZN6AP_DAL10log_event3ENS_5EventE @ 0x60b360
QLOITER: _ZN12NavEKF3_core16resetHeightDatumEv @ 0x60b3e0
QLOITER: _ZNK7AP_Baro21get_sealevel_pressureEff @ 0x60b550
QLOITER: _ZNK7AP_Baro24get_external_temperatureEv @ 0xaaa130
QLOITER: _ZNK7AP_Baro24get_external_temperatureEh @ 0x60b6e0
QLOITER: _ZNK11AP_Airspeed7healthyEv @ 0xaaa190
QLOITER: _ZN11AP_Airspeed15get_temperatureERf @ 0xaaa1f0
QLOITER: _ZNK7AP_Baro15get_temperatureEh @ 0xaaa270
QLOITER: _ZL3MINIffEDTqultfp_fp0_fp_fp0_ERKT_RKT0_.2759 @ 0x60b810
QLOITER: _ZN11AP_Airspeed15get_temperatureEhRf @ 0x60b8a0
QLOITER: _ZN9AP_Arming13Log_Write_ArmEbNS_6MethodE @ 0x60b980
QLOITER: _ZN10AP_GyroFFT18prepare_for_armingEv @ 0x60ba60
QLOITER: _ZN10AP_Terrain22set_reference_locationEv @ 0x60bac0
QLOITER: _ZN8AC_Fence27auto_enable_fence_on_armingEv @ 0x60bbf0
QLOITER: _ZNK7AP_AHRS17get_filter_statusER17nav_filter_status @ 0x60bc90
QLOITER: _ZNK7AP_AHRS16get_velocity_NEDER7Vector3IfE @ 0x60bdc0
QLOITER: _ZN10AP_Terrain23update_reference_offsetEv @ 0x60be40
QLOITER: _ZNK9AP_ParamTIfL11ap_var_type4EEngEv @ 0xaaa340
QLOITER: _ZNK7NavEKF315getFilterStatusER17nav_filter_status @ 0x60c130
QLOITER: _ZNK15AP_ExternalAHRS17get_filter_statusER17nav_filter_status @ 0x60c420
QLOITER: _ZNK12NavEKF3_core15getFilterStatusER17nav_filter_status @ 0x60c5b0
QLOITER: _ZNK12NavEKF2_core15getFilterStatusER17nav_filter_status @ 0x60c620
QLOITER: _ZNK9AP_Arming18get_enabled_checksEv @ 0x60c690
QLOITER: _ZN7HALSITL9Semaphore4takeEj @ 0x60c7f0
QLOITER: _ZN7HALSITL9Semaphore16take_nonblockingEv @ 0x60c990
QLOITER: _ZN6AP_HAL9Semaphore13take_blockingEv @ 0xaaab70
QLOITER: _ZN7HALSITL9Semaphore4giveEv @ 0x60ca20
QLOITER: _ZN4SITL6AS56006updateERKNS_8AircraftE @ 0x60de50
QLOITER: _ZN4SITL17I2CRegisters_8Bit25rdwr_store_register_valueEhh @ 0xaab990
QLOITER: _ZN4SITL17I2CRegisters_8Bit4rdwrERPNS_3I2C19i2c_rdwr_ioctl_dataE @ 0x60df40
QLOITER: _ZNK4SITL8Aircraft12get_attitudeER11QuaternionTIfE @ 0xaaba10
QLOITER: _ZL7degreesf.21535 @ 0x60e220
QLOITER: _ZN4SITL17I2CRegisters_8Bit12set_registerEhh @ 0x60e280
QLOITER: _ZN7BitmaskILt256EE8clearallEv @ 0xaabb50
QLOITER: _ZN4SITL9I2CDevice6updateERKNS_8AircraftE @ 0xaabc00
QLOITER: _ZN4SITL13TeraRangerI2C6updateERKNS_8AircraftE @ 0xaabda0
QLOITER: _ZNK4SITL8Aircraft17rangefinder_rangeEv @ 0x60e940
QLOITER: _Z10rand_floatv @ 0x60ec20
QLOITER: _ZN4SITL7INA32216updateERKNS_8AircraftE @ 0x60ef00
QLOITER: _ZL15convert_voltagef @ 0x60f380
QLOITER: _ZL15convert_currentf @ 0x60f450
QLOITER: _ZN4SITL8QMC5883L6updateERKNS_8AircraftE @ 0x60f6b0
QLOITER: _ZN7Vector3IfE14rotate_inverseE8Rotation @ 0xaabe10
QLOITER: _ZL7htole16t.15963 @ 0x60fac0
QLOITER: _ZN7Vector3IsEC2Esss @ 0xaabfc0
QLOITER: _ZN4SITL10IS31FL31956updateERKNS_8AircraftE @ 0x60fd30
QLOITER: _ZN4SITL10IS31FL31954rdwrERPNS_3I2C19i2c_rdwr_ioctl_dataE @ 0x60fe60
QLOITER: _ZN4SITL10IS31FL319525rdwr_store_register_valueEhh @ 0x60fed0
QLOITER: _ZThn8_N4SITL10IS31FL319525rdwr_store_register_valueEhh @ 0x60fff0
QLOITER: _ZN4SITL17I2CRegisters_8Bit12get_registerEh @ 0xaac160
QLOITER: _ZN10SIM_RGBLED11set_coloursEhhh @ 0xaac1c0
QLOITER: _ZN4SITL6LM27556updateERKNS_8AircraftE @ 0x610a10
QLOITER: _ZNK4SITL6LM275510LEDChannel13current_valueEv @ 0xaac3d0
QLOITER: _ZN4SITL6LP55626updateERKNS_8AircraftE @ 0x610fc0
QLOITER: _ZN4SITL6LP55624rdwrERPNS_3I2C19i2c_rdwr_ioctl_dataE @ 0xaac570
QLOITER: _ZN4SITL6LP556210LEDChannel6updateEv @ 0x6112d0
QLOITER: _ZNK4SITL6LP556210LEDChannel13current_valueEv @ 0xaac650
QLOITER: _ZN4SITL6MS5XXX6updateERKNS_8AircraftE @ 0x6113b0
QLOITER: _ZN7AP_Baro37get_pressure_temperature_for_alt_amslEfRfS0_ @ 0x612360
QLOITER: _ZN7AP_Baro29geometric_alt_to_geopotentialEf @ 0x612540
QLOITER: _ZL33find_atmosphere_layer_by_altitudef @ 0x6125a0
QLOITER: _ZN7AP_Baro33get_temperature_by_altitude_layerEfa @ 0x612650
QLOITER: _ZN7AP_Baro29get_temperatureC_for_alt_amslEf @ 0x6131d0
QLOITER: _ZN4SITL12InvensenseV36updateERKNS_8AircraftE @ 0x613240
QLOITER: _ZNK4SITL8ICM4060911accel_scaleEv @ 0xaacba0
QLOITER: _ZL7radiansd.15405 @ 0x613d00
QLOITER: _ZNK4SITL12InvensenseV310gyro_scaleEv @ 0xaacbf0
QLOITER: _ZN4SITL12InvensenseV313write_to_fifoEhPhh @ 0x613d50
QLOITER: _ZN4SITL7MCP96006updateERKNS_8AircraftE @ 0x6142b0
QLOITER: _ZL7htobe16t.15309 @ 0x614880
QLOITER: _ZL10__bswap_16t.15311 @ 0x6148d0
QLOITER: _ZNK4SITL31I2CRegisters_ConfigurableLength13get_reg_valueEhRh @ 0x614940
QLOITER: _ZN4SITL6TSYS036updateERKNS_8AircraftE @ 0x614d90
QLOITER: _ZN4SITL6TSYS016updateERKNS_8AircraftE @ 0x6157e0
QLOITER: _ZN4SITL5SHT3x6updateERKNS_8AircraftE @ 0x616410
QLOITER: _ZN4SITL13Airspeed_DLVR6updateERKNS_8AircraftE @ 0x616c90
QLOITER: _ZN4SITL29SIM_BattMonitor_SMBus_Generic6updateERKNS_8AircraftE @ 0x617770
QLOITER: _ZNK4SITL29SIM_BattMonitor_SMBus_Generic15connected_cellsEv @ 0xaad4e0
QLOITER: _ZN4SITL21SIM_BattMonitor_SMBus6updateERKNS_8AircraftE @ 0x617fd0
QLOITER: _ZNK4SITL8Aircraft19get_battery_voltageEv @ 0xaad530
QLOITER: _ZN4SITL11SMBusDevice12set_registerEht @ 0xaad580
QLOITER: _ZN4SITL18I2CRegisters_16Bit12set_registerEht @ 0x6180e0
QLOITER: _ZN4SITL11SMBusDevice12set_registerEhs @ 0xaad600
QLOITER: _ZN4SITL18I2CRegisters_16Bit12set_registerEhs @ 0x618190
QLOITER: _ZN4SITL6Rotoye6updateERKNS_8AircraftE @ 0x618430
QLOITER: _ZN4SITL11SMBusDevice13get_reg_valueEh @ 0xaad8b0
QLOITER: _ZN4SITL18I2CRegisters_16Bit13get_reg_valueEh @ 0xaad920
QLOITER: _ZL7be16toht.21586 @ 0x618500
QLOITER: _ZL10__bswap_16t.21587 @ 0x618550
QLOITER: _ZNK4SITL6Maxell15connected_cellsEv @ 0xaad9e0
QLOITER: _ZN4SITL13MaxSonarI2CXL6updateERKNS_8AircraftE @ 0xaadb20
QLOITER: _ZN4SITL10ToshibaLED6updateERKNS_8AircraftE @ 0x618810
QLOITER: _ZN4SITL10ToshibaLED4rdwrERPNS_3I2C19i2c_rdwr_ioctl_dataE @ 0xaadf30
QLOITER: _ZNK6AP_HAL3HAL6serialEh @ 0xaae560
QLOITER: _ZL14fill_stack_nanv @ 0x6192d0
QLOITER: _ZN7HALSITL9Scheduler13_run_io_procsEv @ 0x619650
QLOITER: _ZNK7FunctorIvJEEcvbEv @ 0xaae670
QLOITER: _ZNK7FunctorIvJEEclEv @ 0xaae6d0
QLOITER: _ZN7HALSITL16I2CDeviceManager11_timer_tickEv @ 0x619860
QLOITER: _ZN2AP2RCEv @ 0x619900
QLOITER: _ZN13AP_RCProtocol6updateEv @ 0x6199b0
QLOITER: _ZN13AP_RCProtocol16check_added_uartEv @ 0x619a00
QLOITER: _ZNK13AP_RCProtocol13should_searchEj @ 0x619c70
QLOITER: _ZN21AP_RCProtocol_Backend9new_inputEv @ 0x61a3b0
QLOITER: _ZNK17AP_RCProtocol_FDM6activeEv @ 0xaae970
QLOITER: _ZN6I2CBus11_timer_tickEv @ 0x61a5c0
QLOITER: _ZN9AP_Logger6WriteVEPKcS1_S1_S1_S1_P13__va_list_tagbb @ 0x61a6f0
QLOITER: _ZN9AP_Logger16msg_fmt_for_nameEPKcS1_S1_S1_S1_bb @ 0x61a8f0
QLOITER: _ZN17AP_Logger_Backend5WriteEhP13__va_list_tagbb @ 0x61b1e0
QLOITER: _ZNK9AP_Logger24assert_same_fmt_for_nameEPKNS_13log_write_fmtEPKcS4_S4_S4_S4_ @ 0x61bd60
QLOITER: _ZNK9AP_Logger18find_free_msg_typeEv @ 0x61c210
QLOITER: _ZNK9AP_Logger18Write_calc_msg_lenEPKc @ 0x61c2c0
QLOITER: _ZL3MINImmEDTqultfp_fp0_fp_fp0_ERKT_RKT0_.6818 @ 0x61c550
QLOITER: _ZN9AP_Logger18validate_structureEPK12LogStructures @ 0x61c5d0
QLOITER: _ZN3GCS14update_receiveEv @ 0x61d0d0
QLOITER: _ZN3GCS11update_sendEv @ 0x61d180
QLOITER: _ZN19MissionItemProtocol6updateEv @ 0x61d4c0
QLOITER: _ZN11GCS_MAVLINK11update_sendEv @ 0x61d690
QLOITER: _ZN3GCS18service_statustextEv @ 0x61da70
QLOITER: _ZN3GCS15StatusTextQueue9semaphoreEv @ 0xaaebd0
QLOITER: _ZNK11ObjectArrayIN3GCS12statustext_tEE8is_emptyEv @ 0xaaec20
QLOITER: _ZN11GCS_MAVLINK18service_statustextEv @ 0x61dbe0
QLOITER: _ZN3GCS15StatusTextQueue5pruneEv @ 0x61de20
QLOITER: _ZNK11ObjectArrayIN3GCS12statustext_tEE9availableEv @ 0xaaec80
QLOITER: _ZN11ObjectArrayIN3GCS12statustext_tEEixEt @ 0xaaecd0
QLOITER: _ZN3GCS16statustext_queueEv @ 0xaaef70
QLOITER: _Z14comm_chan_lock17mavlink_channel_t @ 0x61df50
QLOITER: _ZL27mavlink_msg_statustext_send17mavlink_channel_thPKcth @ 0x61dfb0
QLOITER: _ZL16mav_array_memcpyPvPKvm.7264 @ 0x61e090
QLOITER: _ZN9AP_Logger15handle_log_sendEv @ 0x61e130
QLOITER: _ZN22GCS_MAVLINK_InProgress11check_tasksEv @ 0x61e800
QLOITER: _ZNK3GCS11out_of_timeEv @ 0x61e9f0
QLOITER: _ZN11GCS_MAVLINK30deferred_message_to_send_indexEt @ 0x61ead0
QLOITER: _ZN11GCS_MAVLINK19do_try_send_messageE10ap_message @ 0x61ecb0
QLOITER: _ZNK7BitmaskILt91EE9first_setEv @ 0xaaefc0
QLOITER: _ZN7BitmaskILt91EE5clearEt @ 0xaaf090
QLOITER: _ZN11GCS_MAVLINK36next_deferred_bucket_message_to_sendEt @ 0x61ede0
QLOITER: _ZNK7BitmaskILt91EE5countEv @ 0xaaf150
QLOITER: _ZNK11GCS_MAVLINK26get_reschedule_interval_msERKNS_25deferred_message_bucket_tE @ 0x61ef10
QLOITER: _ZN11GCS_MAVLINK24find_next_bucket_to_sendEt @ 0x61f010
QLOITER: _ZN7BitmaskILt91EEaSERKS0_ @ 0xaaf220
QLOITER: _ZNK11GCS_MAVLINK24requesting_mission_itemsEv @ 0x61f1e0
QLOITER: _ZN7GCS_FTP16get_last_send_msE17mavlink_channel_t @ 0x61f2d0
QLOITER: _ZNK11GCS_MAVLINK17telemetry_delayedEv @ 0x61f470
QLOITER: _ZNK3GCS11telem_delayEv @ 0xaaf360
QLOITER: _ZN14AP_BoardConfig15in_config_errorEv @ 0xaaf3c0
QLOITER: _ZNK12AP_Scheduler19time_available_usecEv @ 0x61f540
QLOITER: _ZN2AP2FSEv @ 0x61f7c0
QLOITER: _ZN19AP_Filesystem_Posix4openEPKcib @ 0x61f860
QLOITER: _ZN19AP_Filesystem_Posix5closeEi @ 0x61f9f0
QLOITER: _ZN19AP_Filesystem_Posix4readEiPvj @ 0x61fa90
QLOITER: _ZN19AP_Filesystem_Posix5writeEiPKvj @ 0x61fb60
QLOITER: _ZN19AP_Filesystem_Posix4statEPKcP4stat @ 0x61fda0
QLOITER: _ZN21AP_Filesystem_Backend17bytes_until_fsyncEi @ 0xaaf400
QLOITER: _ZN19AP_Filesystem_Posix9disk_freeEPKc @ 0x620350
QLOITER: _ZN21AP_Filesystem_Backend9load_fileEPKc @ 0x620690
QLOITER: _ZN21AP_Filesystem_Backend11unload_fileEP8FileData @ 0x620990
QLOITER: _ZN8FileDataC2EPv @ 0xaaf590
QLOITER: _ZN8FileDataD2Ev @ 0x620a10
QLOITER: _ZNK21AP_Filesystem_Backend15file_op_allowedEv @ 0x620a80
QLOITER: _ZL12map_filenamePKc @ 0x620b20
QLOITER: _ZL17map_filename_freePKc @ 0x620bc0
QLOITER: _Z16comm_get_txspace17mavlink_channel_t @ 0x620d10
QLOITER: _ZL28mavlink_msg_command_ack_send17mavlink_channel_tthhihh @ 0x620da0
QLOITER: _ZN13AP_Filesystem4statEPKcP4stat @ 0x620e90
QLOITER: _ZN11GCS_MAVLINK23set_ap_message_intervalE10ap_messaget @ 0x621210
QLOITER: _ZNK11GCS_MAVLINK20cap_message_intervalEt @ 0x621630
QLOITER: _ZNK11GCS_MAVLINK26get_deferred_message_indexE10ap_message @ 0x621700
QLOITER: _ZNK7BitmaskILt91EE3getEt @ 0xaaf640
QLOITER: _ZN12AP_Scheduler18get_loop_period_usEv @ 0xaaf710
QLOITER: _ZdaPv @ 0x6219f0
QLOITER: _ZN13AP_Filesystem4openEPKcib @ 0x621a50
QLOITER: _ZN13AP_Filesystem5closeEi @ 0x621f00
QLOITER: _ZNK13AP_Filesystem13backend_by_fdERi @ 0x621f80
QLOITER: _ZNK13AP_Filesystem15backend_by_pathERPKc @ 0x622050
QLOITER: _ZnamRKSt9nothrow_t @ 0x6222c0
QLOITER: _ZN11GCS_MAVLINK39initialise_message_intervals_for_streamENS_7streamsE @ 0x622340
QLOITER: _ZNK11GCS_MAVLINK23get_interval_for_streamENS_7streamsE @ 0x622540
QLOITER: _ZNK11GCS_MAVLINK8get_chanEv @ 0xaaf7b0
QLOITER: _ZN8AC_Fence9polyfenceEv @ 0x623b00
QLOITER: _ZN35LoggerMessageWriter_Write_Polyfence5resetEv @ 0x624e90
QLOITER: _ZN19LoggerMessageWriter5resetEv @ 0x624f00
QLOITER: _ZN19AC_PolyFence_loader13check_indexedEv @ 0x6256b0
QLOITER: _ZNK19AC_PolyFence_loader16num_stored_itemsEv @ 0xaaffa0
QLOITER: _ZN39LoggerMessageWriter_WriteAllRallyPoints5resetEv @ 0x626720
QLOITER: _ZNK8AP_Rally15get_rally_totalEv @ 0xab0300
QLOITER: _ZN38LoggerMessageWriter_WriteEntireMission5resetEv @ 0x627790
QLOITER: _Z11is_negativeIfEbT_ @ 0xab0490
QLOITER: _ZN10AP_Mission26mission_cmd_to_mavlink_intERKNS_15Mission_CommandER28__mavlink_mission_item_int_t @ 0x629720
QLOITER: _ZN11GCS_MAVLINK14update_receiveEj @ 0x62ae30
QLOITER: _ZN3GCS15update_passthruEv @ 0x62b300
QLOITER: _ZN16AP_SerialManager12get_passthruERPN6AP_HAL10UARTDriverES3_RhRjS5_ @ 0x62b830
QLOITER: _ZN6AP_HAL10UARTDriver11read_lockedEPhmj @ 0x62c2b0
QLOITER: _ZNK11GCS_MAVLINK6lockedEv @ 0xab0780
QLOITER: _ZNK7FunctorIbJhPN6AP_HAL10UARTDriverEEEcvbEv @ 0xab07e0
QLOITER: _ZN11GCS_MAVLINK14channel_bufferEv @ 0xab08c0
QLOITER: mavlink_frame_char_buffer @ 0x62c990
QLOITER: _ZN12AP_Scripting14handle_messageERK17__mavlink_message17mavlink_channel_t @ 0x62d230
QLOITER: _ZN11GCS_MAVLINK13send_timesyncEv @ 0x62d420
QLOITER: _ZN11GCS_MAVLINK17log_mavlink_statsEv @ 0x62d490
QLOITER: _ZNK11GCS_MAVLINK15signing_enabledEv @ 0x62d610
QLOITER: _ZNK11GCS_MAVLINK21timesync_timestamp_nsEv @ 0x62d6b0
QLOITER: _ZL25mavlink_msg_timesync_send17mavlink_channel_tll @ 0x62d710
QLOITER: mavlink_start_checksum @ 0x62d7b0
QLOITER: mavlink_update_checksum @ 0x62d810
QLOITER: _ZL12count_commasPKc @ 0x62dce0
QLOITER: _ZNK9AP_Logger21labels_string_is_goodEPKc @ 0x62dd80
QLOITER: _ZNK9AP_Logger15msg_type_in_useEh @ 0x62e150
QLOITER: _Z9fill_nanfPft @ 0x62e250
QLOITER: _ZN10ByteBuffer7advanceEj @ 0x6312e0
QLOITER: _ZN5Empty11OpticalFlow9push_gyroEfff @ 0xab1790
QLOITER: _ZN5Empty11OpticalFlow14push_gyro_biasEff @ 0xab1800
QLOITER: _ZN6AP_HAL4Util14set_soft_armedEb @ 0x631e00
QLOITER: _ZNK7HALSITL4Util18was_watchdog_resetEv @ 0xab1ad0
QLOITER: _ZN7HALSITL4Util19safety_switch_stateEv @ 0x631f90
QLOITER: _ZN7HALSITL4Util10set_hw_rtcEm @ 0xab1c90
QLOITER: _ZN7HALSITL4Util13get_system_idEPc @ 0x632080
QLOITER: _ZN7HALSITL4Util25get_system_id_unformattedEPhRh @ 0x632100
QLOITER: _ZN7HALSITL4Util16available_memoryEv @ 0xab1fc0
QLOITER: _ZN6AP_HAL4Util11thread_infoER15ExpandingString @ 0xab2080
QLOITER: _ZN6AP_HAL4Util8dma_infoER15ExpandingString @ 0xab20e0
QLOITER: _ZN6AP_HAL4Util8mem_infoER15ExpandingString @ 0xab2140
QLOITER: _ZN7HALSITL4Util9uart_infoER15ExpandingString @ 0x632420
QLOITER: _ZN7HALSITL4Util8uart_logEv @ 0x632570
QLOITER: _ZN6AP_HAL4Util10timer_infoER15ExpandingString @ 0xab2280
QLOITER: _ZN6AP_HAL4Util14log_stack_infoEv @ 0xab2360
QLOITER: _ZN6AP_HAL10UARTDriver9log_statsEhRNS0_12StatsTrackerEj @ 0x632740
QLOITER: _ZN6AP_HAL10UARTDriver12StatsTracker11ByteTracker6updateEj @ 0x6328e0
QLOITER: _ZNK7HALSITL10SITL_State12get_instanceEv @ 0xab23b0
QLOITER: _ZN7HALSITL8RCOutput20_safety_switch_stateEv @ 0xab2400
QLOITER: _ZNK7HALSITL9Semaphore11check_ownerEv @ 0x633ea0
QLOITER: _ZN7HALSITL9I2CDevice8transferEPKhjPhj @ 0x6344b0
QLOITER: _ZN7HALSITL9I2CDevice9_transferEPKhjPhj @ 0x6348b0
QLOITER: _ZN6I2CBus5ioctlEhPv @ 0xab42e0
QLOITER: _ZN6I2CBus6_ioctlEhPv @ 0x634b80
QLOITER: _ZN4SITL3SIM9i2c_ioctlEhPv @ 0xab4360
QLOITER: _ZN4SITL3I2C5ioctlEhPv @ 0x634c00
QLOITER: _ZN4SITL3I2C10ioctl_rdwrEPNS0_19i2c_rdwr_ioctl_dataE @ 0x634c90
QLOITER: _ZN6AP_HAL10UARTDriver5writeEPKhm @ 0x634e10
QLOITER: _ZN6AP_HAL10UARTDriver9availableEv @ 0x634f50
QLOITER: _ZN6AP_HAL10UARTDriver4readEv @ 0x634fd0
QLOITER: _ZN6AP_HAL10UARTDriver4readERh @ 0x635050
QLOITER: _ZN6AP_HAL10UARTDriver4readEPht @ 0x635150
QLOITER: _ZN7HALSITL10UARTDriver7txspaceEv @ 0x6351c0
QLOITER: _ZN7HALSITL10UARTDriver11_timer_tickEv @ 0x635540
QLOITER: _ZN7HALSITL10UARTDriver26receive_time_constraint_usEt @ 0x6355a0
QLOITER: _ZN7HALSITL10UARTDriver9uart_infoER15ExpandingStringRN6AP_HAL10UARTDriver12StatsTrackerEj @ 0x635760
QLOITER: _ZN7HALSITL10UARTDriver6_writeEPKhm @ 0x636270
QLOITER: _ZN7HALSITL10UARTDriver5_readEPht @ 0x636440
QLOITER: _ZN7HALSITL10UARTDriver10_availableEv @ 0x636630
QLOITER: _ZNK7HALSITL10UARTDriver18get_total_tx_bytesEv @ 0xab4b90
QLOITER: _ZNK7HALSITL10UARTDriver18get_total_rx_bytesEv @ 0xab4be0
QLOITER: _ZNK6AP_HAL10UARTDriver26get_total_dropped_rx_bytesEv @ 0xab4c30
QLOITER: _ZN7HALSITL10UARTDriver17_check_connectionEv @ 0x636720
QLOITER: _ZN7HALSITL10UARTDriver13_select_checkEi @ 0x636860
QLOITER: _ZN10ByteBuffer4readEPhj @ 0x636a70
QLOITER: _ZN7HALSITL10UARTDriver41handle_writing_from_writebuffer_to_deviceEv @ 0x636b10
QLOITER: _ZN7HALSITL10UARTDriver16_check_reconnectEv @ 0x636ec0
QLOITER: _ZL3MINIjjEDTqultfp_fp0_fp_fp0_ERKT_RKT0_.14591 @ 0x6372c0
QLOITER: _ZNK4SITL12SerialDevice15write_to_deviceEPKcm @ 0x637340
QLOITER: _ZNK4SITL12SerialDevice18write_to_autopilotEPKcm @ 0x63a6a0
QLOITER: _ZNK4SITL12SerialDevice13is_match_baudEv @ 0x63a760
QLOITER: _ZNK4SITL3GPS18write_to_autopilotEPKcm @ 0x63a890
QLOITER: _ZNK4SITL3GPS11device_baudEv @ 0x63aab0
QLOITER: _ZNK8Location31get_vector_xy_from_origin_NE_cmI7Vector2IfEEEbRT_ @ 0xab6110
QLOITER: _Z8wrap_180IdET_S0_ @ 0xab6220
QLOITER: _Z8wrap_360d @ 0x63d940
QLOITER: _ZNK4SITL12SerialDevice19read_from_autopilotEPcm @ 0x63d9e0
QLOITER: _ZN4SITL8Aircraft11rand_normalEdd @ 0x640920
QLOITER: _Z7is_zerod @ 0xab8350
QLOITER: _ZN7HALSITL10UARTDriver40handle_reading_from_device_to_readbufferEv @ 0x6432d0
QLOITER: _ZNK4SITL12SerialDevice16read_from_deviceEPcm @ 0x643760
QLOITER: _ZN7HALSITL8AnalogIn13board_voltageEv @ 0xab9860
QLOITER: _ZN6AP_HAL8AnalogIn17servorail_voltageEv @ 0xab98b0
QLOITER: _ZN6AP_HAL8AnalogIn18power_status_flagsEv @ 0xab9900
QLOITER: _ZN7HALSITL9ADCSource7set_pinEh @ 0x6443a0
QLOITER: _ZN7HALSITL9ADCSource15voltage_averageEv @ 0x644420
QLOITER: _ZN7HALSITL9ADCSource14voltage_latestEv @ 0x644470
QLOITER: _ZN7HALSITL9ADCSource27voltage_average_ratiometricEv @ 0xab9a00
QLOITER: _ZNK7HALSITL4GPIO9valid_pinEh @ 0xab9bb0
QLOITER: _ZN7HALSITL4GPIO13usb_connectedEv @ 0x644bd0
QLOITER: _ZNK6AP_HAL4GPIO13arming_checksEmPc @ 0xab9f30
QLOITER: _ZN7HALSITL8RCOutput9enable_chEh @ 0x644fd0
QLOITER: _ZN7HALSITL8RCOutput10disable_chEh @ 0x645060
QLOITER: _ZN7HALSITL8RCOutput5writeEht @ 0x6450f0
QLOITER: _ZN6AP_HAL8RCOutput20update_channel_masksEv @ 0xaba2e0
QLOITER: _ZN7HALSITL8RCOutput4corkEv @ 0x645220
QLOITER: _ZN7HALSITL8RCOutput4pushEv @ 0x6452b0
QLOITER: _ZN7HALSITL8RCOutput4readEh @ 0x6453e0
QLOITER: _ZN7HALSITL8RCOutput4readEPth @ 0x645470
QLOITER: _ZNK6AP_HAL8RCOutput22get_output_mode_bannerEPch @ 0xabaac0
QLOITER: _ZN6AP_HAL8RCOutput16set_default_rateEt @ 0xabab80
QLOITER: _ZN17AP_ESC_Telem_SITL6updateEv @ 0x645890
QLOITER: _ZL3MAXIffEDTqugtfp_fp0_fp_fp0_ERKT_RKT0_.21054 @ 0x645a60
QLOITER: _ZN20AP_ESC_Telem_Backend10update_rpmEhff @ 0x645ae0
QLOITER: _ZN20AP_ESC_Telem_Backend17update_telem_dataEhRKNS_13TelemetryDataEt @ 0x645b70
QLOITER: _ZN12AP_ESC_Telem17update_telem_dataEhRKN20AP_ESC_Telem_Backend13TelemetryDataEt @ 0x645c00
QLOITER: _ZN12AP_ESC_Telem10update_rpmEhff @ 0x645ee0
QLOITER: _ZL3MAXIjjEDTqugtfp_fp0_fp_fp0_ERKT_RKT0_.10617 @ 0x646040
QLOITER: _Z16constrain_uint32jjj @ 0xabb0b0
QLOITER: _Z15constrain_valueIjET_S0_S0_S0_ @ 0xabb120
QLOITER: _ZN7HALSITL7RCInput9new_inputEv @ 0x6461d0
QLOITER: _ZN7HALSITL7RCInput12num_channelsEv @ 0x646230
QLOITER: _ZN7HALSITL7RCInput4readEh @ 0x646290
QLOITER: _ZN13AP_RCProtocol4readEh @ 0x646540
QLOITER: _ZN21AP_RCProtocol_Backend4readEh @ 0x6465d0
QLOITER: _ZN13AP_RCProtocol12num_channelsEv @ 0x646630
QLOITER: _ZNK21AP_RCProtocol_Backend12num_channelsEv @ 0x6466b0
QLOITER: _ZN13AP_RCProtocol9new_inputEv @ 0x646700
QLOITER: _ZN13AP_RCProtocol21detect_async_protocolENS_12rcprotocol_tE @ 0x6468c0
QLOITER: _ZNK13AP_RCProtocol10using_uartEv @ 0xabb6b0
QLOITER: _ZNK13AP_RCProtocol22detected_protocol_nameEv @ 0x646aa0
QLOITER: _ZN13AP_RCProtocol27protocol_name_from_protocolENS_12rcprotocol_tE @ 0x646af0
QLOITER: _ZN17AP_RCProtocol_FDM6updateEv @ 0x647510
QLOITER: _ZN21AP_RCProtocol_Backend9add_inputEhPtbss @ 0x6476f0
QLOITER: _ZL3MINIhiEDTqultfp_fp0_fp_fp0_ERKT_RKT0_.20689 @ 0x647850
QLOITER: _ZN13AP_RCProtocol19set_failsafe_activeEb @ 0xabc080
QLOITER: _ZN21AP_RCProtocol_Backend6updateEv @ 0xabc190
QLOITER: _ZN17AP_RCProtocol_UDP6updateEv @ 0x6478d0
QLOITER: _ZN17AP_RCProtocol_UDP21read_all_socket_inputEv @ 0x647b30
QLOITER: _ZN16SocketAPM_native4recvEPvmj @ 0x647dd0
QLOITER: _ZN16SocketAPM_native6pollinEj @ 0x648000
QLOITER: _ZNK16SocketAPM_native11get_read_fdEv @ 0xabc2c0
QLOITER: _ZN18AP_RCProtocol_GHST6updateEv @ 0x648860
QLOITER: _ZNK12NavEKF3_core12getVariancesERfS0_S0_R7Vector3IfES0_R7Vector2IfE @ 0x64a970
QLOITER: _ZL3MAXIddEDTqugtfp_fp0_fp_fp0_ERKT_RKT0_.5309 @ 0x64ab70
QLOITER: _ZNK7Vector2IdE7tofloatEv @ 0xabc9f0
QLOITER: _ZNK12NavEKF2_core12getVariancesERfS0_S0_R7Vector3IfES0_R7Vector2IfE @ 0x64abf0
QLOITER: _ZL3MAXIddEDTqugtfp_fp0_fp_fp0_ERKT_RKT0_.4705 @ 0x64adf0
QLOITER: _ZN3GCS23get_sensor_status_flagsERjS0_S0_ @ 0x64aee0
QLOITER: _ZN3GCS26update_sensor_status_flagsEv @ 0x64afa0
QLOITER: _ZNK7AP_AHRS11initialisedEv @ 0x64b760
QLOITER: _ZNK7AP_AHRS17have_inertial_navEv @ 0x64b890
QLOITER: _ZNK7AP_Baro13num_instancesEv @ 0xabca50
QLOITER: _ZNK6AP_GPS10is_healthyEv @ 0xabcaa0
QLOITER: _ZNK14AP_BattMonitor13num_instancesEv @ 0xabcb00
QLOITER: _ZNK14AP_BattMonitor7healthyEv @ 0x64b8f0
QLOITER: _ZNK14AP_BattMonitor13has_failsafedEv @ 0xabcb50
QLOITER: _ZNK17AP_InertialSensor11calibratingEv @ 0x64b9e0
QLOITER: _ZNK9AP_Logger15logging_enabledEv @ 0x64bab0
QLOITER: _ZNK6AP_GPS15logging_presentEv @ 0xabcbb0
QLOITER: _ZNK6AP_GPS15logging_enabledEv @ 0xabcc20
QLOITER: _ZNK6AP_GPS14logging_failedEv @ 0x64bb80
QLOITER: _ZNK7AP_AHRS12get_ekf_typeEv @ 0xabcc90
QLOITER: _ZNK8AC_Fence18sys_status_enabledEv @ 0x64bc60
QLOITER: _ZNK8AC_Fence18sys_status_presentEv @ 0x64bd00
QLOITER: _ZNK8AC_Fence17sys_status_failedEv @ 0x64bd60
QLOITER: _ZNK11AP_Airspeed7enabledEv @ 0xabccf0
QLOITER: _ZNK11AP_Airspeed3useEv @ 0xabcd50
QLOITER: _ZNK7AP_AHRS23airspeed_sensor_enabledEv @ 0xabcdb0
QLOITER: _ZNK11AP_Airspeed11all_healthyEv @ 0x64bdf0
QLOITER: _ZN2AP11opticalflowEv @ 0x64beb0
QLOITER: _ZNK14AP_OpticalFlow7enabledEv @ 0xabce00
QLOITER: _ZNK14AP_OpticalFlow7healthyEv @ 0xabce70
QLOITER: _ZN2AP6armingEv @ 0x64bef0
QLOITER: _ZNK11RC_Channels22has_ever_seen_rc_inputEv @ 0xabcef0
QLOITER: _ZN9AP_Arming13get_singletonEv @ 0x64bf30
QLOITER: _ZNK7AP_EnumIN14AP_OpticalFlow4TypeEEcvKS1_Ev @ 0xabcf50
QLOITER: _ZN14AP_OpticalFlow13get_singletonEv @ 0xabcfa0
QLOITER: _ZN15AP_AHRS_Backend23airspeed_sensor_enabledEv @ 0xabcfe0
QLOITER: _ZN2AP8airspeedEv @ 0x64bf70
QLOITER: _ZNK8AC_Fence12get_breachesEv @ 0xabd070
QLOITER: _ZNK7AP_EnumIN8AC_Fence6ActionEEcvKS1_Ev @ 0xabd0c0
QLOITER: _ZNK14AP_BattMonitor7healthyEh @ 0x64c030
QLOITER: _ZNK6AP_GPS8num_satsEv @ 0xabd2d0
QLOITER: _ZNK6AP_GPS8num_satsEh @ 0xabd3b0
QLOITER: _ZNK14AP_BattMonitor12current_ampsERfh @ 0x64cf20
QLOITER: _ZNK14AP_BattMonitor12consumed_mahERfh @ 0x64d010
QLOITER: _ZN2AP9fwversionEv @ 0x64d410
QLOITER: _ZN12AP_FWVersion10get_fwverzEv @ 0xabd600
QLOITER: _ZN9AP_Logger14WriteStreamingEPKcS1_S1_z @ 0x64dd30
QLOITER: _ZN22AP_RCProtocol_DroneCAN6updateEv @ 0x64df90
QLOITER: _ZNK16AP_SerialManager11find_serialENS_14SerialProtocolEh @ 0x64f380
QLOITER: _ZN9AP_Notify6updateEv @ 0x6525f0
QLOITER: _ZN2AP3srvEv @ 0x652790
QLOITER: _ZN12SRV_Channels4corkEv @ 0x6527d0
QLOITER: _ZN12SRV_Channels4pushEv @ 0x652830
QLOITER: _ZN16AP_Volz_Protocol6updateEv @ 0x6529e0
QLOITER: _ZN10AP_SBusOut6updateEv @ 0x652cb0
QLOITER: _ZN15AP_RobotisServo6updateEv @ 0x652e30
QLOITER: _ZN16AP_FETtecOneWire6updateEv @ 0x6530a0
QLOITER: _ZN2AP6kdecanEv @ 0x653390
QLOITER: _ZN9AP_KDECAN6updateEv @ 0x6533d0
QLOITER: _ZN12SRV_Channels12find_channelEN11SRV_Channel8FunctionERh @ 0x653db0
QLOITER: _ZN11SRV_Channel8calc_pwmEf @ 0x653e80
QLOITER: _ZNK11SRV_Channel21pwm_from_scaled_valueEf @ 0x653f70
QLOITER: _ZNK11SRV_Channel14pwm_from_angleEf @ 0x654010
QLOITER: _ZNK11SRV_Channel14pwm_from_rangeEf @ 0x654210
QLOITER: _ZN9AP_KDECAN13get_singletonEv @ 0xabfd10
QLOITER: _ZN16AP_FETtecOneWire4initEv @ 0x655b40
QLOITER: _ZN16AP_FETtecOneWire9init_uartEv @ 0x657110
QLOITER: _ZN12SRV_Channels13get_singletonEv @ 0xac0770
QLOITER: _ZNK10AP_Mission21get_current_nav_indexEv @ 0xac0b00
QLOITER: _ZNK7AP_AHRS13wind_estimateEv @ 0xac0b80
QLOITER: _ZN10AP_Terrain20height_above_terrainERfb @ 0x65be00
QLOITER: _ZNK10AP_Terrain6statusEv @ 0xac0be0
QLOITER: _ZNK6AP_GPS8get_hdopEh @ 0xac0cf0
QLOITER: _ZNK7AP_AHRS11groundspeedEv @ 0xac0df0
QLOITER: _ZN7AP_Baro14get_climb_rateEv @ 0x65c310
QLOITER: _ZN16DerivativeFilterIfLh7EE5slopeEv @ 0xac0e90
QLOITER: _ZNK11RangeFinder15distance_orientE8Rotation @ 0x65c380
QLOITER: _ZNK11RangeFinder13find_instanceE8Rotation @ 0x65c410
QLOITER: _ZNK11RangeFinder11get_backendEh @ 0x65c560
QLOITER: _Z14float_to_int16f @ 0x65dfc0
QLOITER: _ZNK8Location9get_alt_mENS_8AltFrameERf @ 0x65e140
QLOITER: _ZN18AP_RCProtocol_CRSF6updateEv @ 0x6607d0
QLOITER: _ZN13AP_CRSF_Telem13get_singletonEv @ 0x660e00
QLOITER: _ZN13AP_CRSF_Telem13queue_messageE12MAV_SEVERITYPKc @ 0x661850
QLOITER: _ZN9AP_Notify13get_singletonEv @ 0xac2630
QLOITER: _ZN13AP_ParamTBaseIsL11ap_var_type2EE22set_and_save_ifchangedERKs @ 0xac2c00
QLOITER: _ZN2AP10crsf_telemEv @ 0x6645a0
QLOITER: _ZNK7AP_AHRS12get_roll_radEv @ 0xac2e20
QLOITER: _ZNK7AP_AHRS11get_yaw_radEv @ 0xac2e70
QLOITER: _ZNK8AP_Param15copy_name_tokenERKNS_10ParamTokenEPcmb @ 0x6660b0
QLOITER: _ZNK8AP_Param19find_var_info_tokenERKNS_10ParamTokenEPjRPKNS_9GroupInfoERNS_12GroupNestingEPh @ 0x666220
QLOITER: _ZN19AP_RCProtocol_SRXL26updateEv @ 0x66a3c0
QLOITER: _ZNK14AP_BattMonitor15get_temperatureERfh @ 0x66d4a0
QLOITER: _ZN2AP3rtcEv @ 0x66d570
QLOITER: _ZNK6AP_RTC12get_utc_usecERm @ 0x66d690
QLOITER: _ZN6AP_RTC13get_singletonEv @ 0xac3a80
QLOITER: _ZNK11AP_Airspeed12get_airspeedEv @ 0xac3ac0
QLOITER: _ZNK11AP_Airspeed12get_airspeedEh @ 0x66d940
QLOITER: _ZN2AP9esc_telemEv @ 0x66d9f0
QLOITER: _ZNK12AP_ESC_Telem7get_rpmEhRf @ 0x66db90
QLOITER: _ZL3MINIffEDTqultfp_fp0_fp_fp0_ERKT_RKT0_.10600 @ 0x66dd30
QLOITER: _ZNVK20AP_ESC_Telem_Backend13TelemetryData5staleEv @ 0x66de20
QLOITER: _ZN12AP_ESC_Telem13get_singletonEv @ 0x66dea0
QLOITER: _ZN17AP_RCProtocol_DSM6updateEv @ 0x6713b0
QLOITER: _ZN7HALSITL9Scheduler5delayEt @ 0x672ca0
QLOITER: _ZN7HALSITL9Scheduler18delay_microsecondsEt @ 0x672d90
QLOITER: _ZN6AP_HAL9Scheduler24delay_microseconds_boostEt @ 0xac4260
QLOITER: _ZN6AP_HAL9Scheduler15expect_delay_msEj @ 0xac42d0
QLOITER: _ZN6AP_HAL9Scheduler9boost_endEv @ 0xac4370
QLOITER: _ZNK6AP_HAL9Scheduler17in_delay_callbackEv @ 0xac43c0
QLOITER: _ZN7HALSITL9Scheduler21is_system_initializedEv @ 0xac4420
QLOITER: _ZN7HALSITL9Scheduler10stop_clockEm @ 0x673300
QLOITER: _ZNK7HALSITL9Scheduler14in_main_threadEv @ 0x6733a0
QLOITER: _ZN7HALSITL10SITL_State10wait_clockEm @ 0x673a60
QLOITER: _ZNK4SITL8Aircraft11get_speedupEv @ 0xac45d0
QLOITER: _ZNK7HALSITL9Scheduler28semaphore_wait_hack_requiredEv @ 0x673c10
QLOITER: _ZN7HALSITL10SITL_State15_fdm_input_stepEv @ 0x673c90
QLOITER: _ZN7HALSITL10SITL_State16_fdm_input_localEv @ 0x673de0
QLOITER: _ZNK7HALSITL9Scheduler22interrupts_are_blockedEv @ 0xac4620
QLOITER: _ZN7HALSITL9Scheduler17sitl_begin_atomicEv @ 0xac4680
QLOITER: _ZN7HALSITL9Scheduler11timer_eventEv @ 0xac46e0
QLOITER: _ZN7HALSITL9Scheduler15sitl_end_atomicEv @ 0x673f80
QLOITER: _ZN7HALSITL10SITL_State16_update_airspeedEf @ 0x674020
QLOITER: _ZN7HALSITL10SITL_State19_update_rangefinderEv @ 0x674390
QLOITER: _ZNK7HALSITL10SITL_State18_sonar_pin_voltageEv @ 0x6743f0
QLOITER: _ZN7AP_Baro24get_EAS2TAS_for_alt_amslEf @ 0x674560
QLOITER: _ZL2sqf.14351 @ 0x6745e0
QLOITER: _ZN7AP_Baro28get_air_density_for_alt_amslEf @ 0x674630
QLOITER: _ZL3MAXIffEDTqugtfp_fp0_fp_fp0_ERKT_RKT0_.2718 @ 0x674800
QLOITER: _ZN7HALSITL9Scheduler16_run_timer_procsEv @ 0x674880
QLOITER: _ZN7HALSITL10SITL_State17_simulator_servosER10sitl_input @ 0x674980
QLOITER: _ZN4SITL11JSON_Master7receiveER10sitl_input @ 0x675610
QLOITER: _ZN7HALSITL10SITL_State22multicast_servo_updateER10sitl_input @ 0x675ab0
QLOITER: _ZN4SITL8Aircraft11update_homeEv @ 0x675b90
QLOITER: _ZN4SITL8Aircraft12update_modelERK10sitl_input @ 0x675cf0
QLOITER: _ZN4SITL8Aircraft8fill_fdmERNS_8sitl_fdmE @ 0x675d90
QLOITER: _ZN7HALSITL8CANIface14num_interfacesEv @ 0xac4720
QLOITER: _ZNK4SITL8Aircraft20get_position_relhomeEv @ 0x676960
QLOITER: _ZN4SITL11JSON_Master4sendERKNS_8sitl_fdmERK7Vector3IdE @ 0x676a20
QLOITER: _ZN7HALSITL17SITL_State_Common10sim_updateEv @ 0x676cc0
QLOITER: _ZN7HALSITL10SITL_State14set_height_aglEv @ 0x677510
QLOITER: _ZNK4SITL8Aircraft15get_velocity_efEv @ 0xac47b0
QLOITER: _ZN4SITL3GPS6updateEv @ 0x6788e0
QLOITER: _ZN4SITL12SerialDevice17init_sitl_pointerEv @ 0x67a030
QLOITER: _ZN4SITL3GPS24check_backend_allocationEv @ 0x67a0c0
QLOITER: _ZN4SITL3GPS16interpolate_dataERKNS_8GPS_DataEj @ 0x67a6d0
QLOITER: _ZL3MAXIifEDTqugtfp_fp0_fp_fp0_ERKT_RKT0_.15075 @ 0x67b060
QLOITER: _ZNK4SITL11GPS_Backend11device_baudEv @ 0xac4dd0
QLOITER: _ZN4SITL11GPS_Backend11update_readEv @ 0x67b1e0
QLOITER: _ZNK4SITL11GPS_Backend18write_to_autopilotEPKcm @ 0x67b530
QLOITER: _ZNK4SITL11GPS_Backend19read_from_autopilotEPcm @ 0x67b5b0
QLOITER: _ZN4SITL11GPS_Backend8gps_timeEv @ 0x67c050
QLOITER: _ZN7Vector2IdEC2Edd @ 0xac4ff0
QLOITER: _ZNK7Vector2IdE6lengthEv @ 0xac5070
QLOITER: _ZN4SITL11GPS_Backend18simulation_timevalEP7timeval @ 0x67c980
QLOITER: _ZN4SITL9GPS_UBlox7publishEPKNS_8GPS_DataE @ 0x67f850
QLOITER: _Z4normIddJdEEdT_T0_DpKT1_ @ 0xac5710
QLOITER: _ZL7degreesf.15163 @ 0x680320
QLOITER: _ZN4SITL9GPS_UBlox8send_ubxEhPht @ 0x680850
QLOITER: _ZL3MAXIiiEDTqugtfp_fp0_fp_fp0_ERKT_RKT0_.15164 @ 0x680a20
QLOITER: _ZNK7Vector3IfE6is_nanEv @ 0xac5790
QLOITER: _ZN7Matrix3IfE6rotateERK7Vector3IfE @ 0xac5860
QLOITER: _ZN7Matrix3IfEpLERKS0_ @ 0xac5a80
QLOITER: _ZNK7Matrix3IfEplERKS0_ @ 0xac5b10
QLOITER: _Z2sqIdJddEEdT_DpKT0_ @ 0xac5c30
QLOITER: _Z11wrap_360_cdi @ 0x6811d0
QLOITER: _ZNK11QuaternionTIfE8to_eulerERfS1_S1_ @ 0xac5cd0
QLOITER: _ZNK11QuaternionTIfE13get_euler_yawEv @ 0xac5de0
QLOITER: _ZNK7Vector3IdEplERKS0_ @ 0xac67e0
QLOITER: _ZN7Vector3IdEpLERKS0_ @ 0xac6880
QLOITER: _ZN7Matrix3IdEC2Ev @ 0xac6920
QLOITER: _ZN7Matrix3IdE10from_eulerEddd @ 0xac69a0
QLOITER: _ZNK7Matrix3IdEmlERK7Vector3IdE @ 0xac6b60
QLOITER: _ZNK7Vector3IdEmiERKS0_ @ 0xac7350
QLOITER: _ZNK7Vector3IdE7tofloatEv @ 0xac73f0
QLOITER: _Z11wrap_360_cdf @ 0x68a540
QLOITER: _ZNK7Vector3IdE6lengthEv @ 0xac7530
QLOITER: _ZN7Vector3IdE4zeroEv @ 0xac7590
QLOITER: _ZNK7Vector3IdEmlEd @ 0xac75f0
QLOITER: _ZNK7Matrix3IfE10transposedEv @ 0xac77c0
QLOITER: _ZN7Matrix3IfE9normalizeEv @ 0xac7990
QLOITER: _ZNK8Location22get_distance_NE_doubleERKS_ @ 0x68daf0
QLOITER: _ZN7Vector3IdE2xyEv @ 0xac7c60
QLOITER: _ZN7Vector2IdEpLERKS0_ @ 0xac7cb0
QLOITER: _ZN4SITL8Aircraft14smooth_sensorsEv @ 0x68e050
QLOITER: _ZL7degreesf.16872 @ 0x68ea40
QLOITER: _ZNK7Matrix3IfE8to_eulerEPfS1_S1_ @ 0xac7d30
QLOITER: _ZNK7AP_EnumI8RotationEcvKS0_Ev @ 0xac7e50
QLOITER: _ZNK8HAL_SITL32get_uart_output_full_queue_countEv @ 0x68eb10
QLOITER: _ZNK4SITL8Aircraft16get_wall_time_usEv @ 0x68ec50
QLOITER: _ZNK7Vector3IdEdvEd @ 0xac8030
QLOITER: _ZNK11QuaternionTIfEdvERKS0_ @ 0xac80d0
QLOITER: _ZNK11QuaternionTIfE7is_zeroEv @ 0xac8320
QLOITER: _ZN4SITL8Aircraft12time_advanceEv @ 0x68ecd0
QLOITER: _ZN4SITL8Aircraft15sync_frame_timeEv @ 0x68ed70
QLOITER: _ZN9AP_Logger14WriteStreamingEPKcS1_S1_S1_S1_z @ 0x68f070
QLOITER: _ZL3MAXI9AP_ParamTIfL11ap_var_type4EEdEDTqugtfp_fp0_fp_fp0_ERKT_RKT0_.14196 @ 0x68f3e0
QLOITER: _Z21calc_lowpass_alpha_dtff @ 0x68f480
QLOITER: _ZL3MAXIfiEDTqugtfp_fp0_fp_fp0_ERKT_RKT0_.14197 @ 0x68f5b0
QLOITER: _ZNK4SITL16FETtecOneWireESC7enabledEv @ 0xac83f0
QLOITER: _ZNK4SITL4Volz7enabledEv @ 0xac8460
QLOITER: _ZN7HALSITL17SITL_State_Common22update_voltage_currentER10sitl_inputf @ 0x68f880
QLOITER: _ZN8AP_Param18eeprom_write_checkEPKvth @ 0x6922b0
QLOITER: _ZN8AP_Param14write_sentinalEt @ 0x692340
QLOITER: _ZN13AP_Filesystem9load_fileEPKc @ 0x6923e0
QLOITER: _ZNK4SITL8Aircraft45perpendicular_distance_to_rangefinder_surfaceEv @ 0x692fd0
QLOITER: _ZNK4SITL8Aircraft9on_groundEv @ 0x693030
QLOITER: _ZNK4SITL8Aircraft4haglEv @ 0x6930a0
QLOITER: _ZNK4SITL8Aircraft24ground_height_differenceEv @ 0x693170
QLOITER: _ZN4SITL8Aircraft15update_dynamicsERK7Vector3IfE @ 0x6939e0
QLOITER: _ZN4SITL8Aircraft23update_external_payloadERK10sitl_input @ 0x694a60
QLOITER: _ZN4SITL8Aircraft15update_positionEv @ 0x694ef0
QLOITER: _ZN4SITL8Aircraft11update_windERK10sitl_input @ 0x695080
QLOITER: _ZN4SITL8Aircraft19update_mag_field_bfEv @ 0x695510
QLOITER: _ZL7radiansf.16838 @ 0x695900
QLOITER: _ZNK8Location23get_distance_NED_doubleERKS_ @ 0x695960
QLOITER: _ZN4SITL8Aircraft17get_local_updraftERK7Vector3IdE @ 0x695a80
QLOITER: _ZN7Vector2IdEmIERKS0_ @ 0xaca3b0
QLOITER: _ZNK4SITL7Sprayer10is_enabledEv @ 0xaca440
QLOITER: _ZN4SITL3I2C6updateERKNS_8AircraftE @ 0x696340
QLOITER: _ZNK4SITL6Buzzer10is_enabledEv @ 0xaca4f0
QLOITER: _ZNK4SITL13Gripper_Servo10is_enabledEv @ 0xaca550
QLOITER: _ZNK4SITL11Gripper_EPM10is_enabledEv @ 0xaca610
QLOITER: _ZNK4SITL9Parachute10is_enabledEv @ 0xaca6c0
QLOITER: _ZNK4SITL12SIM_Precland10is_enabledEv @ 0xaca720
QLOITER: _ZN4SITL7ShipSim6updateEv @ 0x697310
QLOITER: _ZNK4SITL7ShipSim12get_locationER8Location @ 0x697c70
QLOITER: _ZNK7Vector3IdE14length_squaredEv @ 0xacc780
QLOITER: _ZNK7Vector3IdEmlERKS0_ @ 0xacc8f0
QLOITER: _ZNK7AP_AHRS11get_EAS2TASEv @ 0x69d2d0
QLOITER: _ZL2sqf.16887 @ 0x69d360
QLOITER: _ZN4SITL8Aircraft19update_eas_airspeedEv @ 0x69d3b0
QLOITER: _ZN4SITL7ShipSim27get_ground_speed_adjustmentERK8LocationRf @ 0x69d540
QLOITER: _ZL3MAXIfiEDTqugtfp_fp0_fp_fp0_ERKT_RKT0_.16891 @ 0x69d7c0
QLOITER: _ZN4SITL15SlungPayloadSim6updateERK7Vector3IdERKS1_IfES7_S7_ @ 0x69d860
QLOITER: _ZN4SITL9TetherSim6updateERK8Location @ 0x69d9f0
QLOITER: _ZN4SITL8Aircraft17adjust_frame_timeEf @ 0x69db60
QLOITER: _ZNK7Vector3IdE7is_zeroEv @ 0xaccaa0
QLOITER: _ZN7Vector3IfE2xyEv @ 0xaccb50
QLOITER: _ZN7Vector3IfEmIERKS0_ @ 0xaccc00
QLOITER: _ZL7radiansi.16892 @ 0x6a0af0
QLOITER: _ZN4SITL8Aircraft20filtered_servo_angleERK10sitl_inputh @ 0x6a0b50
QLOITER: _ZN4SITL8Aircraft20filtered_servo_rangeERK10sitl_inputh @ 0x6a0c50
QLOITER: _ZNK9AP_ParamTIfL11ap_var_type4EEplERKS1_ @ 0xacceb0
QLOITER: _ZN10ServoModel12filter_rangeEtf @ 0x6a15c0
QLOITER: _ZN10ServoModel12apply_filterEff @ 0x6a1660
QLOITER: _ZN10ServoModel19apply_simple_filterEff @ 0x6a1a60
QLOITER: _ZN13LowPassFilterIfE20set_cutoff_frequencyERKf @ 0xacd5d0
QLOITER: _ZN13LowPassFilterIfE5applyERKfS2_ @ 0xacd640
QLOITER: _ZN10ServoModel12filter_angleEtf @ 0x6a1c90
QLOITER: _ZN7Vector2IdE4zeroEv @ 0xacd6e0
QLOITER: _Z11is_positived @ 0xacddb0
QLOITER: _ZN7Vector3IfE9normalizeEv @ 0xace590
QLOITER: _ZN13AP_Filesystem4readEiPvj @ 0x6b43c0
QLOITER: _ZN4SITL5Plane6updateERK10sitl_input @ 0x6b50d0
QLOITER: _ZN4SITL5Plane16calculate_forcesERK10sitl_inputR7Vector3IfE @ 0x6b52a0
QLOITER: _ZL2sqf.15869 @ 0x6b5d30
QLOITER: _ZNK4SITL5Plane8getForceEfff @ 0x6b6380
QLOITER: _ZNK4SITL5Plane9getTorqueEffffRK7Vector3IfE @ 0x6b6c00
QLOITER: _ZN4SITL8Aircraft9add_noiseEf @ 0x6b7270
QLOITER: _ZNK4SITL5Plane9liftCoeffEf @ 0x6b7520
QLOITER: _ZNK4SITL5Plane9dragCoeffEf @ 0x6b7840
QLOITER: _ZN7Vector3IdEmIERKS0_ @ 0xad8810
QLOITER: _ZL7radiansd.17180 @ 0x6c1930
QLOITER: _ZN7HALSITL7Storage10read_blockEPvtm @ 0x6d4260
QLOITER: _ZN7HALSITL7Storage11write_blockEtPKvm @ 0x6d4330
QLOITER: _ZN7HALSITL7Storage11_timer_tickEv @ 0x6d4450
QLOITER: _ZN7HALSITL7Storage7healthyEv @ 0x6d4680
QLOITER: _ZN7HALSITL7Storage15get_storage_ptrERPvRm @ 0x6d4710
QLOITER: _ZNK7BitmaskILt2048EE5emptyEv @ 0xad9f80
QLOITER: _ZNK7BitmaskILt2048EE3getEt @ 0xada020
QLOITER: _ZN10AP_RAMTRON5writeEjPKhj @ 0x6d47c0
QLOITER: _ZN7BitmaskILt2048EE5clearEt @ 0xada0f0
QLOITER: _ZNK8HAL_SITL25get_storage_posix_enabledEv @ 0xada1b0
QLOITER: _ZNK7BitmaskILt2048EE8validateEt @ 0xada270
QLOITER: _ZNK10AP_RAMTRON8get_sizeEv @ 0xada300
QLOITER: _ZN7HALSITL7Storage13_storage_openEv @ 0x6d4e40
QLOITER: _ZN7HALSITL7Storage11_mark_dirtyEtt @ 0x6d5150
QLOITER: _ZN7BitmaskILt2048EE3setEt @ 0xada3a0
QLOITER: _ZNK15ExpandingString10get_lengthEv @ 0xadadf0
QLOITER: _ZNK15ExpandingString10get_stringEv @ 0xadae40
QLOITER: _ZN15ExpandingStringC2Ev @ 0xadaee0
QLOITER: _ZN17AP_Filesystem_Sys4openEPKcib @ 0x6d7fd0
QLOITER: _ZN17AP_Filesystem_Sys5closeEi @ 0x6d8560
QLOITER: _ZN17AP_Filesystem_Sys4readEiPvj @ 0x6d8660
QLOITER: _ZN17AP_Filesystem_Sys13file_in_sysfsEPKc @ 0x6d8d40
QLOITER: _ZL3MINIjjEDTqultfp_fp0_fp_fp0_ERKT_RKT0_.10226 @ 0x6d8e70
QLOITER: _ZNK15ExpandingString21has_failed_allocationEv @ 0xadb250
QLOITER: _ZN8AP_Param9save_syncEbb @ 0x6db8c0
QLOITER: _ZN19AP_Filesystem_ROMFS4openEPKcib @ 0x6dbea0
QLOITER: _ZN8AP_ROMFS15find_decompressEPKcRj @ 0x6dd000
QLOITER: _ZN8AP_ROMFS9find_fileEPKc @ 0x6dd1e0
QLOITER: _ZNK7NavEKF317option_is_enabledENS_6OptionE @ 0xadbb40
QLOITER: _ZNK6AP_DAL6millisEv @ 0xadbbc0
QLOITER: _ZNK12NavEKF3_core10errorScoreEv @ 0x6e1ae0
QLOITER: _ZNK12NavEKF3_core16have_aligned_yawEv @ 0xadbc10
QLOITER: _ZNK12NavEKF3_core17have_aligned_tiltEv @ 0xadbc70
QLOITER: _ZN7Vector2IdEC2Ev @ 0xadbcd0
QLOITER: _ZNK12NavEKF3_core8getPosNEER7Vector2IdE @ 0x6e23c0
QLOITER: _ZNK7Vector3IdE2xyEv @ 0xadbdc0
QLOITER: _ZNK7Vector2IdE8todoubleEv @ 0xadbe10
QLOITER: _ZNK7Vector2IdEplERKS0_ @ 0xadbe70
QLOITER: _ZNK8Location23get_distance_NE_postypeERKS_ @ 0x6e2660
QLOITER: _ZNK10AP_DAL_GPS6statusEh @ 0xadbf00
QLOITER: _ZNK12NavEKF3_core14getEulerAnglesER7Vector3IfE @ 0x6e27c0
QLOITER: _ZNK11QuaternionTIdE8to_eulerER7Vector3IfE @ 0xadbf70
QLOITER: _ZNK6AP_DAL8get_trimEv @ 0xadbff0
QLOITER: _ZNK11QuaternionTIdE8to_eulerERfS1_S1_ @ 0xadc050
QLOITER: _ZNK11QuaternionTIdE14get_euler_rollEv @ 0xadc110
QLOITER: _ZNK11QuaternionTIdE15get_euler_pitchEv @ 0xadc1c0
QLOITER: _ZNK11QuaternionTIdE13get_euler_yawEv @ 0xadc240
QLOITER: _Z9safe_asinIdEfT_ @ 0xadc2f0
QLOITER: _ZL3MAXIfdEDTqugtfp_fp0_fp_fp0_ERKT_RKT0_.5263 @ 0x6e2880
QLOITER: _ZNK12NavEKF3_core20assume_zero_sideslipEv @ 0x6e2920
QLOITER: _ZN6AP_DAL8airspeedEv @ 0xadc3d0
QLOITER: _ZNK15AP_DAL_Airspeed15get_num_sensorsEv @ 0xadc420
QLOITER: _ZNK6AP_DAL15get_fly_forwardEv @ 0xadc470
QLOITER: _ZNK6AP_DAL17get_vehicle_classEv @ 0xadc4e0
QLOITER: _ZNK12NavEKF2_core10errorScoreEv @ 0x6e2b10
QLOITER: _ZNK12NavEKF2_core8getPosNEER7Vector2IdE @ 0x6e3210
QLOITER: _ZNK10AP_DAL_GPS14primary_sensorEv @ 0xadc530
QLOITER: _ZNK12NavEKF2_core14getEulerAnglesER7Vector3IfE @ 0x6e3460
QLOITER: _ZN19RestrictIDTypeArrayIP17CompassCalibratorLj3E14typesafe_indexIh12TAG_PriorityEEixERKS4_ @ 0xadc640
QLOITER: _ZNK6AP_GPS15time_epoch_usecEv @ 0xadcf50
QLOITER: _ZNK9AP_Logger10should_logEj @ 0x6eca50
QLOITER: _ZNK6AP_GPS9time_weekEh @ 0xadd0c0
QLOITER: _ZNK6AP_GPS12time_week_msEh @ 0xadd130
QLOITER: _ZNK7AP_AHRS13get_pitch_degEv @ 0xadd1f0
QLOITER: _ZNK6AP_GPS15time_epoch_usecEh @ 0x6ed2f0
QLOITER: _ZNK14AP_GPS_Backend16get_last_itow_msEv @ 0x6ed460
QLOITER: _ZN6AP_GPS23istate_time_to_epoch_msEtj @ 0x6ed520
QLOITER: _ZN7AP_ADSB13check_startupEv @ 0x6ef090
QLOITER: _ZNK7Vector2IfE6is_nanEv @ 0xade070
QLOITER: _ZNK10AP_Gripper7enabledEv @ 0xadebc0
QLOITER: _ZN10AP_Vehicle13update_armingEv @ 0x6fc030
QLOITER: _ZN7FunctorIvJEE14method_wrapperI10AP_VehicleXadL_ZNS2_13update_armingEvEEEEvPv @ 0xadfc40
QLOITER: _ZN9AP_Arming6updateEv @ 0x6fc080
QLOITER: _ZN8AP_Stats6updateEv @ 0x6fc170
QLOITER: _ZN7FunctorIvJEE14method_wrapperI8AP_StatsXadL_ZNS2_6updateEvEEEEvPv @ 0xadfcf0
QLOITER: _ZN8AP_Stats17update_flighttimeEv @ 0x6fc320
QLOITER: _ZN8AP_Stats14update_runtimeEv @ 0x6fc3f0
QLOITER: _ZN8AP_Stats5flushEv @ 0x6fc490
QLOITER: _ZN13AP_ParamTBaseIiL11ap_var_type3EE22set_and_save_ifchangedERKi @ 0xadfda0
QLOITER: _ZN10AP_Filters6updateEv @ 0x6fc610
QLOITER: _ZN7FunctorIvJEE14method_wrapperI10AP_FiltersXadL_ZNS2_6updateEvEEEEvPv @ 0xadfe30
QLOITER: _ZN10AP_Vehicle17check_motor_noiseEv @ 0x6fd750
QLOITER: _ZN7FunctorIvJEE14method_wrapperI10AP_VehicleXadL_ZNS2_17check_motor_noiseEvEEEEvPv @ 0xae06e0
QLOITER: _ZNK10AP_GyroFFT15check_esc_noiseEv @ 0xae0790
QLOITER: _ZNK17NotchFilterParams7enabledEv @ 0xae09c0
QLOITER: _ZN10AP_Vehicle13one_Hz_updateEv @ 0x6fde30
QLOITER: _ZN7FunctorIvJEE14method_wrapperI10AP_VehicleXadL_ZNS2_13one_Hz_updateEvEEEEvPv @ 0xae0a10
QLOITER: _ZN12AP_Scripting6updateEv @ 0x6fdf10
QLOITER: _ZN16AP_SerialManager20registered_ports_logEv @ 0x6fdf60
QLOITER: _ZN12AP_Scripting13save_checksumEv @ 0x6fe040
QLOITER: _ZN10AP_Gripper6updateEv @ 0x6fe140
QLOITER: _ZN7FunctorIvJEE14method_wrapperI10AP_GripperXadL_ZNS2_6updateEvEEEEvPv @ 0xae0b50
QLOITER: _ZN6AP_EFI6updateEv @ 0x6fe2b0
QLOITER: _ZN7FunctorIvJEE14method_wrapperI6AP_EFIXadL_ZNS2_6updateEvEEEEvPv @ 0xae0c00
QLOITER: _ZN6AP_AIS6updateEv @ 0x6fe730
QLOITER: _ZN7FunctorIvJEE14method_wrapperI6AP_AISXadL_ZNS2_6updateEvEEEEvPv @ 0xae0cb0
QLOITER: _ZN8AC_Fence6updateEv @ 0x6fe780
QLOITER: _ZN7FunctorIvJEE14method_wrapperI8AC_FenceXadL_ZNS2_6updateEvEEEEvPv @ 0xae0d60
QLOITER: _ZN19AC_PolyFence_loader6updateEv @ 0x6fe8b0
QLOITER: _ZN19AC_PolyFence_loader17load_from_storageEv @ 0x6fe9a0
QLOITER: _ZN10AP_Vehicle16accel_cal_updateEv @ 0x6ffe00
QLOITER: _ZN7FunctorIvJEE14method_wrapperI10AP_VehicleXadL_ZNS2_16accel_cal_updateEvEEEEvPv @ 0xae0f40
QLOITER: _ZN20AP_TemperatureSensor6updateEv @ 0x7015a0
QLOITER: _ZN7FunctorIvJEE14method_wrapperI20AP_TemperatureSensorXadL_ZNS2_6updateEvEEEEvPv @ 0xae1040
QLOITER: _ZN10AP_Vehicle16publish_osd_infoEv @ 0x701860
QLOITER: _ZN7FunctorIvJEE14method_wrapperI10AP_VehicleXadL_ZNS2_16publish_osd_infoEvEEEEvPv @ 0xae1190
QLOITER: _ZN6AP_RPM6updateEv @ 0x7019f0
QLOITER: _ZN7FunctorIvJEE14method_wrapperI6AP_RPMXadL_ZNS2_6updateEvEEEEvPv @ 0xae1240
QLOITER: _ZNK6AP_RPM7Log_RPMEv @ 0x701bd0
QLOITER: _ZNK6AP_RPM7enabledEh @ 0x701cf0
QLOITER: _ZN14AP_OpenDroneID6updateEv @ 0x701da0
QLOITER: _ZN7FunctorIvJEE14method_wrapperI14AP_OpenDroneIDXadL_ZNS2_6updateEvEEEEvPv @ 0xae1360
QLOITER: _ZNK6AP_GPS8velocityEv @ 0xae2c00
QLOITER: _ZNK7AP_AHRS18groundspeed_vectorEv @ 0xae2c60
QLOITER: _ZNK6AP_GPS19horizontal_accuracyERf @ 0xae2d40
QLOITER: _ZNK6AP_GPS17vertical_accuracyERf @ 0xae2dc0
QLOITER: _ZNK6AP_GPS14speed_accuracyERf @ 0xae2e40
QLOITER: _ZNK6AP_GPS14speed_accuracyEhRf @ 0x706a10
QLOITER: _ZNK6AP_GPS17vertical_accuracyEhRf @ 0x706ae0
QLOITER: _ZNK6AP_GPS19horizontal_accuracyEhRf @ 0x706bb0
QLOITER: _ZNK6AP_GPS14get_undulationEhRf @ 0x706c80
QLOITER: _ZNK6AP_GPS8velocityEh @ 0xae2ec0
QLOITER: _ZN12AP_Generator6updateEv @ 0x706d50
QLOITER: _ZN7FunctorIvJEE14method_wrapperI12AP_GeneratorXadL_ZNS2_6updateEvEEEEvPv @ 0xae2f90
QLOITER: _ZN14AP_Servo_Telem6updateEv @ 0x706dc0
QLOITER: _ZN7FunctorIvJEE14method_wrapperI14AP_Servo_TelemXadL_ZNS2_6updateEvEEEEvPv @ 0xae3040
QLOITER: _ZN14AP_Servo_Telem9write_logEv @ 0x706e10
QLOITER: _ZN12AP_ESC_Telem6updateEv @ 0x7072c0
QLOITER: _ZN7FunctorIvJEE14method_wrapperI12AP_ESC_TelemXadL_ZNS2_6updateEvEEEEvPv @ 0xae30f0
QLOITER: _ZNK12AP_ESC_Telem11get_raw_rpmEhRf @ 0x707700
QLOITER: _ZN6AP_HAL15timeout_expiredIjjmEEbT_T0_T1_ @ 0xae31a0
QLOITER: _ZN10AP_Vehicle30send_watchdog_reset_statustextEv @ 0x7077d0
QLOITER: _ZN7FunctorIvJEE14method_wrapperI10AP_VehicleXadL_ZNS2_30send_watchdog_reset_statustextEvEEEEvPv @ 0xae3220
QLOITER: _ZN8AP_Tramp6updateEv @ 0x707930
QLOITER: _ZN7FunctorIvJEE14method_wrapperI8AP_TrampXadL_ZNS2_6updateEvEEEEvPv @ 0xae32d0
QLOITER: _ZN10AP_VideoTX6updateEv @ 0x708910
QLOITER: _ZN7FunctorIvJEE14method_wrapperI10AP_VideoTXXadL_ZNS2_6updateEvEEEEvPv @ 0xae3500
QLOITER: _ZN10AP_Vehicle38update_dynamic_notch_at_specified_rateEv @ 0x708b40
QLOITER: _ZN7FunctorIvJEE14method_wrapperI10AP_VehicleXadL_ZNS2_38update_dynamic_notch_at_specified_rateEvEEEEvPv @ 0xae35b0
QLOITER: _ZNK25HarmonicNotchFilterParams9hasOptionENS_7OptionsE @ 0xae3660
QLOITER: _ZN10AP_Vehicle20update_dynamic_notchERN17AP_InertialSensor13HarmonicNotchE @ 0x708c90
QLOITER: _ZN10AP_GyroFFT17update_parametersEv @ 0xae3a10
QLOITER: _ZN7FunctorIvJEE14method_wrapperI10AP_GyroFFTXadL_ZNS2_17update_parametersEvEEEEvPv @ 0xae3a60
QLOITER: _ZN10AP_GyroFFT17update_parametersEb @ 0x709ef0
QLOITER: _ZN10AP_GyroFFT6updateEv @ 0x70a290
QLOITER: _ZN7FunctorIvJEE14method_wrapperI10AP_GyroFFTXadL_ZNS2_6updateEvEEEEvPv @ 0xae3b10
QLOITER: _ZN14AP_NMEA_Output6updateEv @ 0x70a420
QLOITER: _ZN7FunctorIvJEE14method_wrapperI14AP_NMEA_OutputXadL_ZNS2_6updateEvEEEEvPv @ 0xae3bc0
QLOITER: _ZN7FunctorIvJEE14method_wrapperI9AP_NotifyXadL_ZNS2_6updateEvEEEEvPv @ 0xae3c70
QLOITER: _ZN7Compass10cal_updateEv @ 0x70b490
QLOITER: _ZN7FunctorIvJEE14method_wrapperI7CompassXadL_ZNS2_10cal_updateEvEEEEvPv @ 0xae3d20
QLOITER: _ZN11AP_Airspeed6updateEv @ 0x70bfe0
QLOITER: _ZN7FunctorIvJEE14method_wrapperI11AP_AirspeedXadL_ZNS2_6updateEvEEEEvPv @ 0xae3e30
QLOITER: _ZN11AP_Airspeed4readEh @ 0x70c1d0
QLOITER: _ZN11AP_Airspeed21check_sensor_failuresEv @ 0x70c9f0
QLOITER: _ZN11AP_Airspeed12Log_AirspeedEv @ 0x70ca70
QLOITER: _ZNK11AP_Airspeed16get_raw_airspeedEh @ 0x70cd40
QLOITER: _ZNK11AP_Airspeed25get_differential_pressureEh @ 0x70cdf0
QLOITER: _ZNK11AP_Airspeed22get_corrected_pressureEh @ 0x70ce90
QLOITER: _ZNK11AP_Airspeed10get_offsetEh @ 0x70cf30
QLOITER: _ZNK11AP_Airspeed22get_health_probabilityEh @ 0xae3ee0
QLOITER: _ZNK11AP_Airspeed14get_test_ratioEh @ 0xae3f50
QLOITER: _ZNK11AP_Airspeed11get_primaryEv @ 0xae3fc0
QLOITER: _ZN11AP_Airspeed35check_sensor_ahrs_wind_max_failuresEh @ 0x70cff0
QLOITER: _ZNK7AP_AHRS20airspeed_health_dataERfS0_Rj @ 0x70d910
QLOITER: _ZL3MAXI9AP_ParamTIfL11ap_var_type4EEfEDTqugtfp_fp0_fp_fp0_ERKT_RKT0_.19060 @ 0x70da00
QLOITER: _ZNK7NavEKF319getAirSpdHealthDataERfS0_Rj @ 0x70da90
QLOITER: _ZNK12NavEKF3_core19getAirSpdHealthDataERfS0_Rj @ 0x70db60
QLOITER: _ZN10AP_GyroFFT12sample_gyrosEv @ 0x70e290
QLOITER: _ZN7FunctorIvJEE14method_wrapperI10AP_GyroFFTXadL_ZNS2_12sample_gyrosEvEEEEvPv @ 0xae4010
QLOITER: _ZN10AP_Vehicle4loopEv @ 0x70eb30
QLOITER: _ZN12AP_Scheduler4loopEv @ 0x70edd0
QLOITER: _ZN12AP_Scheduler17get_loop_period_sEv @ 0xae7000
QLOITER: _ZN17AP_InertialSensor15wait_for_sampleEv @ 0x70f370
QLOITER: _ZN12AP_Scheduler4tickEv @ 0x70f8b0
QLOITER: _ZN12AP_Scheduler3runEj @ 0x70f910
QLOITER: _ZN2AP8PerfInfo15check_loop_timeEj @ 0x70fec0
QLOITER: _ZN2AP8PerfInfo12task_slippedEh @ 0xae7130
QLOITER: _ZL15fill_nanf_stackv @ 0x710050
QLOITER: _ZN2AP8PerfInfo16update_task_infoEhtb @ 0x7100a0
QLOITER: _ZNK7AP_AHRS9get_accelEv @ 0xae7340
QLOITER: _ZNK6AP_GPS15ground_speed_cmEv @ 0xae7410
QLOITER: _ZNK7AP_AHRS24_get_primary_accel_indexEv @ 0x716980
QLOITER: _ZNK7AP_AHRS22_get_primary_IMU_indexEv @ 0x7169d0
QLOITER: _ZNK7NavEKF322getPrimaryCoreIMUIndexEv @ 0x716b30
QLOITER: _ZNK17AP_InertialSensor21get_first_usable_gyroEv @ 0xae7470
QLOITER: _ZNK12NavEKF3_core11getIMUIndexEv @ 0xae74c0
QLOITER: _ZNK14AP_BattMonitor17has_cell_voltagesEh @ 0x716c60
QLOITER: _ZN2AP3EFIEv @ 0x7174b0
QLOITER: _ZN6AP_EFI13get_singletonEv @ 0xae7e50
QLOITER: _ZN7FunctorIvJEE14method_wrapperI10AP_VehicleXadL_ZNS2_18fence_checks_asyncEvEEEEvPv @ 0xae87f0
QLOITER: _ZN13AP_Filesystem5writeEiPKvj @ 0x718120
QLOITER: _ZN6AP_HAL6Device14write_registerEhhb @ 0x71e1d0
QLOITER: _ZNK7FunctorIvJhPhjbEEcvbEv @ 0xaeb500
QLOITER: _ZNK11AP_ICEngine29allow_throttle_while_disarmedEv @ 0x720150
QLOITER: _ZNK11AP_ICEngine10option_setENS_7OptionsE @ 0xaebd00
QLOITER: _ZL3MAXIjjEDTqugtfp_fp0_fp_fp0_ERKT_RKT0_.5212 @ 0x726770
QLOITER: _ZN15ekf_ring_buffer4pushEPKv @ 0x7267f0
QLOITER: _ZNK15ekf_ring_buffer10get_offsetEh @ 0x7268f0
QLOITER: _ZL3MAXIjjEDTqugtfp_fp0_fp_fp0_ERKT_RKT0_.20153 @ 0x726b00
QLOITER: _ZL7radiansf.5217 @ 0x727c90
QLOITER: _ZL3MAXIffEDTqugtfp_fp0_fp_fp0_ERKT_RKT0_.5204 @ 0x727ce0
QLOITER: _ZN11QuaternionTIdEC2Edddd @ 0xaed620
QLOITER: _ZN11QuaternionTIfEmLERKS0_ @ 0xaed6d0
QLOITER: _ZNK7AP_AHRS38get_relative_position_NED_origin_floatER7Vector3IfE @ 0x728030
QLOITER: _ZNK7AP_AHRS32get_relative_position_NED_originER7Vector3IdE @ 0x728200
QLOITER: _ZNK7NavEKF38getPosNEER7Vector2IdE @ 0x7284a0
QLOITER: _ZNK11AP_AHRS_SIM12get_locationER8Location @ 0x7287d0
QLOITER: _ZN2AP5statsEv @ 0x72ab70
QLOITER: _ZN8AP_Stats13get_singletonEv @ 0xaee5c0
QLOITER: _ZN19AP_Airspeed_Backend12has_airspeedEv @ 0xaeef80
QLOITER: _ZN19AP_Airspeed_Backend14get_hygrometerERjRfS1_ @ 0xaef0f0
QLOITER: _ZNK19AP_Airspeed_Backend7get_pinEv @ 0x731630
QLOITER: _ZN18AP_Airspeed_Analog25get_differential_pressureERf @ 0x731700
QLOITER: _ZN18AP_Airspeed_Analog15get_temperatureERf @ 0xaf0320
QLOITER: _ZNK19AP_Airspeed_Backend13get_psi_rangeEv @ 0x7317f0
QLOITER: _ZN9AP_Logger16log_file_contentERNS_11FileContentEPKc @ 0x74cd70
QLOITER: _ZNK7AP_AHRS8get_gyroEv @ 0xaf0e20
QLOITER: _ZNK7AP_AHRS17airspeed_estimateERf @ 0x755dc0
QLOITER: _ZNK17AP_InertialSensor20get_vibration_levelsEv @ 0xaf0e80
QLOITER: _ZNK17AP_InertialSensor20get_vibration_levelsEh @ 0x755ec0
QLOITER: _ZNK10DigitalLPFI7Vector3IfEE3getEv @ 0xaf0f00
QLOITER: _ZNK11QuaternionTIdE7is_zeroEv @ 0xaf0fb0
QLOITER: _ZN12NavEKF3_core24alignMagStateDeclinationEv @ 0x756f40
QLOITER: _ZN12NavEKF3_core18getEarthFieldTableERK8Location @ 0x7571e0
QLOITER: _ZN14AP_Declination15get_declinationEff @ 0x7572e0
QLOITER: _ZNK12NavEKF3_core14MagDeclinationEv @ 0x757370
QLOITER: _ZN12NavEKF3_core8zeroRowsERA24_A24_dhh @ 0x757450
QLOITER: _ZN12NavEKF3_core8zeroColsERA24_A24_dhh @ 0x757510
QLOITER: _ZN12NavEKF3_core15FuseDeclinationEd @ 0x7575d0
QLOITER: _ZN18NavEKF_core_common10zero_rangeEPdhh @ 0xaf1150
QLOITER: _ZN12NavEKF3_core13ForceSymmetryEv @ 0x758630
QLOITER: _ZN12NavEKF3_core18ConstrainVariancesEv @ 0x758780
QLOITER: _ZN11QuaternionTIdE9normalizeEv @ 0xaf11e0
QLOITER: _ZNK11QuaternionTIdE6lengthEv @ 0xaf12c0
QLOITER: _Z20constrain_value_lineIdET_S0_S0_S0_j @ 0xaf1380
QLOITER: _Z2sqI9AP_ParamTIfL11ap_var_type4EEEdT_ @ 0xaf14a0
QLOITER: _ZNK9AP_ParamTIfL11ap_var_type4EEcvdEv @ 0xaf1500
QLOITER: _ZL7radiansf.5420 @ 0x7591f0
QLOITER: _ZL2sqf.5342 @ 0x759d10
QLOITER: _ZNK8Location21get_distance_NE_ftypeERKS_ @ 0x759e60
QLOITER: _ZN16EKF_IMU_buffer_tIN12NavEKF3_core15output_elementsEEixEj @ 0xaf1620
QLOITER: _ZNK14ekf_imu_buffer3getEh @ 0x75a110
QLOITER: _ZNK14ekf_imu_buffer10get_offsetEh @ 0x75a170
QLOITER: _ZNK14AP_BattMonitor11consumed_whERfh @ 0x75bd10
QLOITER: _ZNK6AP_GPS8get_vdopEh @ 0xaf1780
QLOITER: _ZNK6AP_GPS16last_fix_time_msEh @ 0xaf17f0
QLOITER: _ZNK6AP_GPS20last_message_time_msEh @ 0xaf1860
QLOITER: _ZNK6AP_GPS22have_vertical_velocityEh @ 0xaf18d0
QLOITER: _ZNK6AP_GPS18get_antenna_offsetEh @ 0x75df80
QLOITER: _ZNK14AP_GPS_Blended18get_antenna_offsetEv @ 0xaf1950
QLOITER: _ZNK6AP_GPS11gps_yaw_degEhRfS0_Rj @ 0x75e050
QLOITER: _ZNK6AP_GPS11is_rtk_baseEh @ 0x75e240
QLOITER: _ZNK6AP_GPS12have_gps_yawEh @ 0xaf19a0
QLOITER: _ZNK11RangeFinder15has_orientationE8Rotation @ 0x760100
QLOITER: _ZNK11RangeFinder13status_orientE8Rotation @ 0x760440
QLOITER: _ZNK3GCS29sysid_mygcs_last_seen_time_msEv @ 0xaf1df0
QLOITER: _ZNK10AP_Vehicle18get_time_flying_msEv @ 0xaf1f50
QLOITER: _ZN12SRV_Channels23get_output_channel_maskEN11SRV_Channel8FunctionE @ 0x765da0
QLOITER: _ZN11SRV_Channel9output_chEv @ 0x766bc0
QLOITER: _ZN11SRV_Channel12set_overrideEb @ 0xaf2150
QLOITER: _ZN12SRV_Channels17set_output_scaledEN11SRV_Channel8FunctionEf @ 0x7674e0
QLOITER: _ZNK10AP_Mission5stateEv @ 0xaf2510
QLOITER: _ZN19AP_ServoRelayEvents13update_eventsEv @ 0x770150
QLOITER: _Z16constrain_uint16ttt @ 0xaf2a90
QLOITER: _Z15constrain_valueItET_S0_S0_S0_ @ 0xaf2b20
QLOITER: _ZN17AP_Logger_Backend17Write_Mission_CmdERK10AP_MissionRKNS0_15Mission_CommandE11LogMessages @ 0x7703a0
QLOITER: _ZNK9QuadPlane18in_assisted_flightEv @ 0xaf2e40
QLOITER: _ZN11QuaternionTIfE15from_axis_angleE7Vector3IfE @ 0xaf2f20
QLOITER: _ZNK9AP_Follow11have_targetEv @ 0x776a70
QLOITER: _ZN9AP_Follow13get_singletonEv @ 0xaf3a20
QLOITER: _ZN12AP_Scripting19is_handling_commandEt @ 0x77bc40
QLOITER: _ZNK8Location29get_vector_from_origin_NEU_cmI7Vector3IfEEEbRT_ @ 0xaf4600
QLOITER: _ZNK7Vector3IfE6is_infEv @ 0xaf4740
QLOITER: _ZN7Vector2IfE9normalizeEv @ 0xaf4a70
QLOITER: _ZN7Vector2IfEdVEf @ 0xaf4ad0
QLOITER: _ZNK7Vector2IfE6is_infEv @ 0xaf4b50
QLOITER: _ZL3MAXIjjEDTqugtfp_fp0_fp_fp0_ERKT_RKT0_.6748 @ 0x7ae880
QLOITER: _ZN9AP_Logger19file_content_updateEv @ 0x7aea80
QLOITER: _ZN9AP_Logger34prepare_at_arming_sys_file_loggingEv @ 0x7aeb20
QLOITER: _ZN9AP_Logger19file_content_updateERNS_11FileContentE @ 0x7aebe0
QLOITER: _ZN9AP_Logger11FileContent15remove_and_freeEPNS_9file_listE @ 0x7aee90
QLOITER: _ZN9AP_Logger24WriteBlock_first_succeedEPKvt @ 0x7aeff0
QLOITER: _ZN9AP_Logger11FileContent5resetEv @ 0x7af0e0
QLOITER: _ZN35LoggerMessageWriter_Write_Polyfence7processEv @ 0x7af220
QLOITER: _ZN17AP_Logger_Backend13Write_MessageEPKc @ 0x7af420
QLOITER: _ZNK19LoggerMessageWriter32out_of_time_for_writing_messagesEv @ 0x7af4e0
QLOITER: _ZN39LoggerMessageWriter_WriteAllRallyPoints7processEv @ 0x7af640
QLOITER: _ZN38LoggerMessageWriter_WriteEntireMission7processEv @ 0x7af810
QLOITER: _ZN32LoggerMessageWriter_WriteSysInfo5resetEv @ 0x7af9b0
QLOITER: _ZN32LoggerMessageWriter_WriteSysInfo7processEv @ 0x7afa10
QLOITER: _ZN17AP_Logger_Backend14Write_MessageFEPKcz @ 0x7afd50
QLOITER: _ZN17AP_Logger_Backend9Write_VEREv @ 0x7aff60
QLOITER: _ZN8AP_Param12storage_usedEv @ 0xaf5d90
QLOITER: _ZN8AP_Param12storage_sizeEv @ 0xaf5dd0
QLOITER: _ZN30LoggerMessageWriter_DFLogStart5resetEv @ 0x7b00d0
QLOITER: _ZN30LoggerMessageWriter_DFLogStart7processEv @ 0x7b01e0
QLOITER: _ZNK30LoggerMessageWriter_DFLogStart35out_of_time_for_writing_messages_dfEv @ 0x7b07e0
QLOITER: _ZNK17AP_Logger_Backend9num_typesEv @ 0x7b0870
QLOITER: _ZNK17AP_Logger_Backend9structureEh @ 0x7b08c0
QLOITER: _ZN30LoggerMessageWriter_DFLogStart19check_process_limitEj @ 0x7b0930
QLOITER: _ZN17AP_Logger_Backend15Write_ParameterEPK8AP_ParamRKNS0_10ParamTokenE11ap_var_typef @ 0x7b09a0
QLOITER: _ZNK17AP_Logger_Backend9num_unitsEv @ 0x7b0a80
QLOITER: _ZNK17AP_Logger_Backend4unitEh @ 0x7b0ad0
QLOITER: _ZN17AP_Logger_Backend10Write_UnitEPK13UnitStructure @ 0x7b0b40
QLOITER: _ZNK17AP_Logger_Backend15num_multipliersEv @ 0x7b0c10
QLOITER: _ZNK17AP_Logger_Backend10multiplierEh @ 0x7b0c60
QLOITER: _ZN17AP_Logger_Backend16Write_MultiplierEPK19MultiplierStructure @ 0x7b0cd0
QLOITER: _ZNK17AP_Logger_Backend22vehicle_message_writerEv @ 0x7b0d80
QLOITER: _ZNK9AP_Logger10multiplierEt @ 0x7b0de0
QLOITER: _ZNK9AP_Logger4unitEt @ 0x7b0e50
QLOITER: _ZN17AP_Logger_Backend14periodic_tasksEv @ 0x7b1440
QLOITER: _ZNK17AP_Logger_Backend13StartNewLogOKEv @ 0x7b1830
QLOITER: _ZN17AP_Logger_Backend24WriteMoreStartupMessagesEv @ 0x7b1910
QLOITER: _ZN17AP_Logger_Backend29start_new_log_reset_variablesEv @ 0x7b1ac0
QLOITER: _ZN9AP_Logger24backend_starting_new_logEPK17AP_Logger_Backend @ 0x7b1fe0
QLOITER: _ZN17AP_Logger_Backend13PrepForArmingEv @ 0x7b3890
QLOITER: _ZNK17AP_Logger_Backend15logging_enabledEv @ 0x7b3930
QLOITER: _ZN17AP_Logger_Backend13periodic_10HzEj @ 0x7b3a60
QLOITER: _ZN17AP_Logger_Backend12periodic_1HzEv @ 0x7b3ab0
QLOITER: _ZN17AP_Logger_Backend15push_log_blocksEv @ 0x7b3b40
QLOITER: _ZN17AP_Logger_Backend12df_stats_logEv @ 0x7b3ba0
QLOITER: _ZN17AP_Logger_Backend26Write_AP_Logger_Stats_FileERKNS_8df_statsE @ 0x7b3c10
QLOITER: _ZN17AP_Logger_Backend14df_stats_clearEv @ 0x7b3d20
QLOITER: _ZNK30LoggerMessageWriter_DFLogStart8fmt_doneEv @ 0xaf6a10
QLOITER: _ZNK17AP_Logger_Backend40non_messagewriter_message_reserved_spaceEj @ 0xaf6a70
QLOITER: _ZNK17AP_Logger_Backend31critical_message_reserved_spaceEj @ 0xaf6ae0
QLOITER: _ZN17AP_Logger_Backend15df_stats_gatherEtj @ 0x7b61f0
QLOITER: _ZN9AP_Logger16get_max_num_logsEv @ 0x7b7d40
QLOITER: _ZNK14AP_Logger_File12CardInsertedEv @ 0x7b7f40
QLOITER: _ZN14AP_Logger_File13find_last_logEv @ 0x7b8070
QLOITER: _ZNK14AP_Logger_File15logging_startedEv @ 0xaf6f70
QLOITER: _ZN14AP_Logger_File21bufferspace_availableEv @ 0x7b8ef0
QLOITER: _ZN14AP_Logger_File13start_new_logEv @ 0x7b8fa0
QLOITER: _ZN14AP_Logger_File12stop_loggingEv @ 0x7b93d0
QLOITER: _ZNK14AP_Logger_File14logging_failedEv @ 0x7b9500
QLOITER: _ZN14AP_Logger_File8io_timerEv @ 0x7b95c0
QLOITER: _ZN14AP_Logger_File12periodic_1HzEv @ 0x7b9b90
QLOITER: _ZN14AP_Logger_File17periodic_fullrateEv @ 0x7b9e40
QLOITER: _ZNK14AP_Logger_File8WritesOKEv @ 0x7b9e90
QLOITER: _ZNK14AP_Logger_File13StartNewLogOKEv @ 0x7b9f20
QLOITER: _ZN14AP_Logger_File27PrepForArming_start_loggingEv @ 0x7b9fd0
QLOITER: _ZN14AP_Logger_File22_WritePrioritisedBlockEPKvtb @ 0x7ba0d0
QLOITER: _ZN7AP_AHRS6updateEb @ 0x7ba340
QLOITER: _ZN7AP_AHRS18update_orientationEv @ 0x7ba680
QLOITER: _ZN17AP_InertialSensor6updateEv @ 0x7ba780
QLOITER: _ZN7AP_AHRS29update_trim_rotation_matricesEv @ 0x7badf0
QLOITER: _ZN7AP_AHRS10update_DCMEv @ 0x7baf00
QLOITER: _ZN7AP_AHRS12update_flagsEv @ 0x7bafa0
QLOITER: _ZN7AP_AHRS11update_SITLEv @ 0x7bb060
QLOITER: _ZN7AP_AHRS15update_externalEv @ 0x7bb110
QLOITER: _ZN7AP_AHRS11update_EKF2Ev @ 0x7bb230
QLOITER: _ZN7AP_AHRS11update_EKF3Ev @ 0x7bb720
QLOITER: _ZNK7AP_AHRS14get_gyro_driftEv @ 0xaf6fd0
QLOITER: _ZN7AP_AHRS14update_AOA_SSAEv @ 0x7bbf10
QLOITER: _ZNK7AP_AHRS16_active_EKF_typeEv @ 0x7bc170
QLOITER: _ZN7AP_AHRS12update_stateEv @ 0x7bc6a0
QLOITER: _ZNK7AP_AHRS23_get_primary_gyro_indexEv @ 0x7bc940
QLOITER: _ZNK7AP_AHRS23_get_primary_core_indexEv @ 0x7bc9f0
QLOITER: _ZNK7AP_AHRS14_wind_estimateER7Vector3IfE @ 0x7bcac0
QLOITER: _ZN15AP_AHRS_Backend11get_EAS2TASEv @ 0x7bcbf0
QLOITER: _ZNK7AP_AHRS13_airspeed_EASERfRNS_20AirspeedEstimateTypeE @ 0x7bcc30
QLOITER: _ZNK7AP_AHRS13_airspeed_TASERf @ 0x7bd1b0
QLOITER: _ZNK7AP_AHRS13_airspeed_TASER7Vector3IfE @ 0x7bd2c0
QLOITER: _ZNK7AP_AHRS15_get_quaternionER11QuaternionTIfE @ 0x7bd3a0
QLOITER: _ZNK7AP_AHRS23_get_secondary_attitudeER7Vector3IfE @ 0x7bd560
QLOITER: _ZNK7AP_AHRS25_get_secondary_quaternionER11QuaternionTIfE @ 0x7bd760
QLOITER: _ZNK7AP_AHRS13_get_locationER8Location @ 0x7bd910
QLOITER: _ZNK7AP_AHRS23_get_secondary_positionER8Location @ 0x7bda90
QLOITER: _ZN7AP_AHRS19_groundspeed_vectorEv @ 0x7bdbe0
QLOITER: _ZN7AP_AHRS12_groundspeedEv @ 0x7bdd10
QLOITER: _ZNK7AP_AHRS29_getCorrectedDeltaVelocityNEDER7Vector3IfERf @ 0x7bdde0
QLOITER: _ZNK7AP_AHRS17_get_velocity_NEDER7Vector3IfE @ 0x7be070
QLOITER: _ZNK7NavEKF39getVelNEDER7Vector3IfE @ 0x7be230
QLOITER: _ZNK12NavEKF3_core9getVelNEDER7Vector3IfE @ 0x7be560
QLOITER: _ZNK12NavEKF2_core9getVelNEDER7Vector3IfE @ 0x7be610
QLOITER: _ZNK7NavEKF312getAccelBiasEaR7Vector3IfE @ 0x7be750
QLOITER: _ZNK17AP_InertialSensor18get_delta_velocityEhR7Vector3IfERf @ 0x7be820
QLOITER: _ZNK7AP_AHRS43get_rotation_autopilot_body_to_vehicle_bodyEv @ 0xaf70c0
QLOITER: _ZNK17AP_InertialSensor14get_delta_timeEv @ 0xaf7110
QLOITER: _ZL3MINIffEDTqultfp_fp0_fp_fp0_ERKT_RKT0_.4188 @ 0x7be9d0
QLOITER: _ZL3MINIffEDTqultfp_fp0_fp_fp0_ERKT_RKT0_.2602 @ 0x7bea60
QLOITER: _ZNK12NavEKF3_core12getAccelBiasER7Vector3IfE @ 0x7beaf0
QLOITER: _ZNK12NavEKF2_core13getAccelZBiasERf @ 0x7bebd0
QLOITER: _ZL7radiansf.2590 @ 0x7bf1e0
QLOITER: _ZNK7AP_AHRS23_get_secondary_EKF_typeERNS_7EKFTypeE @ 0x7bf230
QLOITER: _ZNK7NavEKF36getLLHER8Location @ 0x7bf420
QLOITER: _ZNK12NavEKF3_core6getLLHER8Location @ 0x7bf4c0
QLOITER: _ZNK10AP_DAL_GPS6statusEv @ 0xaf7380
QLOITER: _ZNK7AP_AHRS24fallback_active_EKF_typeEv @ 0x7bfa90
QLOITER: _ZNK11AP_AHRS_DCM14get_quaternionER11QuaternionTIfE @ 0x7bfae0
QLOITER: _ZNK7NavEKF313getQuaternionER11QuaternionTIfE @ 0x7bfbe0
QLOITER: _ZN11QuaternionTIfE6rotateERK7Vector3IfE @ 0xaf73f0
QLOITER: _ZN15AP_ExternalAHRS14get_quaternionER11QuaternionTIfE @ 0x7bfce0
QLOITER: _ZNK12NavEKF3_core13getQuaternionER11QuaternionTIfE @ 0x7bfd90
QLOITER: _ZNK11QuaternionTIdE7tofloatEv @ 0xaf74a0
QLOITER: _ZNK12NavEKF2_core13getQuaternionER11QuaternionTIfE @ 0x7bfe20
QLOITER: _ZNK7NavEKF314getEulerAnglesER7Vector3IfE @ 0x7bff40
QLOITER: _ZNK7NavEKF312getAirSpdVecER7Vector3IfE @ 0x7c0120
QLOITER: _ZNK12NavEKF3_core12getAirSpdVecER7Vector3IfE @ 0x7c01c0
QLOITER: _ZNK11QuaternionTIdE7inverseEv @ 0xaf7520
QLOITER: _ZNK7AP_AHRS25get_active_airspeed_indexEv @ 0x7c05c0
QLOITER: _ZNK7AP_AHRS27_should_use_airspeed_sensorEh @ 0x7c06c0
QLOITER: _ZNK7AP_AHRS27get_wind_estimation_enabledEv @ 0xaf75d0
QLOITER: _ZNK7NavEKF37getWindER7Vector3IfE @ 0x7c09d0
QLOITER: _ZNK12NavEKF3_core7getWindER7Vector3IfE @ 0x7c0af0
QLOITER: _ZN15AP_AHRS_Backend23airspeed_sensor_enabledEh @ 0xaf7690
QLOITER: _ZNK7AP_AHRS23airspeed_sensor_enabledEh @ 0xaf7770
QLOITER: _ZNK7AP_AHRS10option_setENS_7OptionsE @ 0xaf77d0
QLOITER: _ZNK7NavEKF317getActiveAirspeedEv @ 0x7c0cc0
QLOITER: _ZNK12NavEKF3_core17getActiveAirspeedEv @ 0x7c0d50
QLOITER: _ZNK7AP_Baro12_get_EAS2TASEv @ 0x7c0da0
QLOITER: _ZNK7AP_Baro20get_EAS2TAS_extendedEf @ 0x7c0e10
QLOITER: _ZNK12NavEKF2_core7getWindER7Vector3IfE @ 0x7c0fe0
QLOITER: _ZNK7NavEKF219getPrimaryCoreIndexEv @ 0x7c1070
QLOITER: _ZNK7NavEKF319getPrimaryCoreIndexEv @ 0x7c10e0
QLOITER: _ZNK7NavEKF326configuredToUseGPSForPosXYEv @ 0x7c1300
QLOITER: _ZNK11AP_AHRS_DCM20yaw_source_availableEv @ 0x7c1380
QLOITER: _ZNK16AP_NavEKF_Source14getPosXYSourceEh @ 0xaf7930
QLOITER: _ZL7degreesf.2538 @ 0x7c13e0
QLOITER: _ZNK7AP_AHRS9calc_trigERK7Matrix3IfERfS4_S4_S4_S4_S4_ @ 0x7c1480
QLOITER: _ZNK9AP_Logger15allow_start_ekfEv @ 0x7c1870
QLOITER: _ZN7NavEKF312UpdateFilterEv @ 0x7c1f40
QLOITER: _ZNK7NavEKF320getRotationBodyToNEDER7Matrix3IfE @ 0x7c2510
QLOITER: _ZN7AP_AHRS16update_cd_valuesEv @ 0x7c25a0
QLOITER: _ZN7AP_AHRS11update_trigEv @ 0x7c26e0
QLOITER: _ZNK17AP_InertialSensor22get_first_usable_accelEv @ 0xaf79b0
QLOITER: _ZNK7NavEKF311getGyroBiasEaR7Vector3IfE @ 0x7c27c0
QLOITER: _ZN7AP_AHRS32update_notify_from_filter_statusERK17nav_filter_status @ 0x7c2890
QLOITER: _ZNK12NavEKF3_core11getGyroBiasER7Vector3IfE @ 0x7c2940
QLOITER: _ZN6AP_DAL11start_frameENS_9FrameTypeE @ 0x7c2a20
QLOITER: _ZNK6AP_DAL8micros64Ev @ 0xaf7a00
QLOITER: _ZNK12NavEKF3_core21getFramesSincePredictEv @ 0x7c2f00
QLOITER: _ZN6AP_DAL22ekf_low_time_remainingENS_7EKFTypeEh @ 0x7c2f60
QLOITER: _ZN12NavEKF3_core12UpdateFilterEb @ 0x7c30a0
QLOITER: _ZNK6AP_DAL9get_armedEv @ 0xaf7a50
QLOITER: _ZN7NavEKF321updateCoreErrorScoresEv @ 0x7c32d0
QLOITER: _ZN7NavEKF324updateCoreRelativeErrorsEv @ 0x7c3390
QLOITER: _ZNK7NavEKF315coreBetterScoreEhh @ 0x7c3530
QLOITER: _ZN16AP_NavEKF_Source22align_inactive_sourcesEv @ 0x7c3730
QLOITER: _ZNK16AP_NavEKF_Source13getPosZSourceEh @ 0x7c39e0
QLOITER: _ZNK7AP_EnumIN16AP_NavEKF_Source7SourceZEEcvKS1_Ev @ 0xaf7b30
QLOITER: _ZL3MAXI9AP_ParamTIfL11ap_var_type4EEfEDTqugtfp_fp0_fp_fp0_ERKT_RKT0_ @ 0x7c3bc0
QLOITER: _ZN18NavEKF_core_common22fill_scratch_variablesEv @ 0x7c3c50
QLOITER: _ZN12NavEKF3_core23update_sensor_selectionEv @ 0x7c3cf0
QLOITER: _ZN12NavEKF3_core18controlFilterModesEv @ 0x7c3d60
QLOITER: _ZN12NavEKF3_core11readIMUDataEb @ 0x7c3e30
QLOITER: _ZN12NavEKF3_core27UpdateStrapdownEquationsNEDEv @ 0x7c4700
QLOITER: _ZN12NavEKF3_core20CovariancePredictionEP7Vector3IdE @ 0x7c4be0
QLOITER: _ZN12NavEKF3_core25runYawEstimatorPredictionEv @ 0x7cf3d0
QLOITER: _ZN12NavEKF3_core15SelectMagFusionEv @ 0x7cf530
QLOITER: _ZN12NavEKF3_core18SelectVelPosFusionEv @ 0x7d0260
QLOITER: _ZN12NavEKF3_core25runYawEstimatorCorrectionEv @ 0x7d0c20
QLOITER: _ZN12NavEKF3_core18SelectRngBcnFusionEv @ 0x7d0e10
QLOITER: _ZN12NavEKF3_core16SelectFlowFusionEv @ 0x7d0f40
QLOITER: _ZN12NavEKF3_core20SelectBodyOdomFusionEv @ 0x7d1220
QLOITER: _ZN12NavEKF3_core15SelectTasFusionEv @ 0x7d14d0
QLOITER: _ZN12NavEKF3_core20SelectBetaDragFusionEv @ 0x7d15d0
QLOITER: _ZN12NavEKF3_core18updateFilterStatusEv @ 0x7d1890
QLOITER: _ZN12NavEKF3_core13moveEKFOriginEv @ 0x7d21d0
QLOITER: _ZN12NavEKF3_core21checkUpdateEarthFieldEv @ 0x7d2380
QLOITER: _ZN12NavEKF3_core16calcOutputStatesEv @ 0x7d2440
QLOITER: _ZN12NavEKF3_core11readMagDataEv @ 0x7d3790
QLOITER: _ZN12NavEKF3_core11readGpsDataEv @ 0x7d3ca0
QLOITER: _ZN12NavEKF3_core14readGpsYawDataEv @ 0x7d4630
QLOITER: _ZN12NavEKF3_core12readBaroDataEv @ 0x7d4760
QLOITER: _ZN6AP_DAL3insEv @ 0xaf7be0
QLOITER: _ZNK21AP_DAL_InertialSensor9get_accelEh @ 0xaf7c30
QLOITER: _ZL2sqf.5403 @ 0x7d6790
QLOITER: _ZNK16AP_NavEKF_Source13useVelZSourceENS_7SourceZEh @ 0x7d6900
QLOITER: _ZNK12NavEKF3_core26CorrectGPSForAntennaOffsetERNS_12gps_elementsE @ 0x7d6a30
QLOITER: _ZNK10AP_DAL_GPS18get_antenna_offsetEh @ 0xaf7f00
QLOITER: _ZNK7Vector3IdErmERKS0_ @ 0xaf7f70
QLOITER: _ZNK7Matrix3IdE13mul_transposeERK7Vector3IdE @ 0xaf8050
QLOITER: _ZN7Vector3IdEdVEd @ 0xaf8160
QLOITER: _ZNK21AP_DAL_InertialSensor16get_loop_delta_tEv @ 0xaf81f0
QLOITER: _ZNK14AP_DAL_Compass16get_first_usableEv @ 0xaf8610
QLOITER: _ZNK11AP_DAL_Baro15get_last_updateEh @ 0xaf8880
QLOITER: _ZNK11AP_DAL_Baro12get_altitudeEh @ 0xaf88f0
QLOITER: _ZN16EKF_obs_buffer_tIN12NavEKF3_core13baro_elementsEE4pushERKS1_ @ 0xaf8960
QLOITER: _ZNK10AP_DAL_GPS11gps_yaw_degEhRfS0_Rj @ 0xaf89d0
QLOITER: _ZL3MAXIfdEDTqugtfp_fp0_fp_fp0_ERKT_RKT0_ @ 0x7d7430
QLOITER: _ZNK10AP_DAL_GPS20last_message_time_msEh @ 0xaf8af0
QLOITER: _ZNK10AP_DAL_GPS7get_lagEhRf @ 0xaf8b60
QLOITER: _ZL3MINIjjEDTqultfp_fp0_fp_fp0_ERKT_RKT0_.5220 @ 0x7d7630
QLOITER: _ZNK10AP_DAL_GPS8velocityEh @ 0xaf8c10
QLOITER: _ZNK10AP_DAL_GPS22have_vertical_velocityEh @ 0xaf8c80
QLOITER: _ZNK10AP_DAL_GPS14speed_accuracyEhRf @ 0xaf8d00
QLOITER: _ZL3MAXIdfEDTqugtfp_fp0_fp_fp0_ERKT_RKT0_.5216 @ 0x7d76b0
QLOITER: _ZL3MINIdfEDTqultfp_fp0_fp_fp0_ERKT_RKT0_ @ 0x7d7750
QLOITER: _ZL3MAXId9AP_ParamTIfL11ap_var_type4EEEDTqugtfp_fp0_fp_fp0_ERKT_RKT0_ @ 0x7d77f0
QLOITER: _ZNK10AP_DAL_GPS19horizontal_accuracyEhRf @ 0xaf8db0
QLOITER: _ZNK10AP_DAL_GPS17vertical_accuracyEhRf @ 0xaf8e60
QLOITER: _ZNK10AP_DAL_GPS8num_satsEh @ 0xaf8f10
QLOITER: _ZN12NavEKF3_core18calcGpsGoodToAlignEv @ 0x7d78a0
QLOITER: _ZN12NavEKF3_core20calcGpsGoodForFlightEv @ 0x7d8800
QLOITER: _ZN16EKF_obs_buffer_tIN12NavEKF3_core12gps_elementsEE4pushERKS1_ @ 0xaf8f80
QLOITER: _ZL3MAXIddEDTqugtfp_fp0_fp_fp0_ERKT_RKT0_.5381 @ 0x7d8cc0
QLOITER: _ZL3MINIdfEDTqultfp_fp0_fp_fp0_ERKT_RKT0_.5368 @ 0x7d8d40
QLOITER: _ZNK10AP_DAL_GPS8get_hdopEh @ 0xaf8ff0
QLOITER: _ZNK14AP_DAL_Compass9availableEv @ 0xaf9060
QLOITER: _ZNK14AP_DAL_Compass9get_countEv @ 0xaf90c0
QLOITER: _ZNK14AP_DAL_Compass21learn_offsets_enabledEv @ 0xaf9110
QLOITER: _ZNK14AP_DAL_Compass7healthyEh @ 0xaf9170
QLOITER: _ZNK14AP_DAL_Compass16last_update_usecEh @ 0xaf91e0
QLOITER: _ZNK14AP_DAL_Compass11get_offsetsEh @ 0xaf9250
QLOITER: _ZNK7Vector3IdEneERKS0_ @ 0xaf92c0
QLOITER: _ZN12NavEKF3_core12mag_elementsC2Ev @ 0xaf9390
QLOITER: _ZNK14AP_DAL_Compass9get_fieldEh @ 0xaf93f0
QLOITER: _ZNK14AP_DAL_Compass10consistentEv @ 0xaf9460
QLOITER: _ZN16EKF_obs_buffer_tIN12NavEKF3_core12mag_elementsEE4pushERKS1_ @ 0xaf94c0
QLOITER: _Z8is_equalIddENSt3__19enable_ifIXsr3std17is_floating_pointINS0_11common_typeIJT_T0_EE4typeEEE5valueEbE4typeES3_S4_ @ 0xaf9530
QLOITER: _ZN12NavEKF3_core17correctDeltaAngleER7Vector3IdEdh @ 0x7d9020
QLOITER: _ZN12NavEKF3_core20correctDeltaVelocityER7Vector3IdEdh @ 0x7d90e0
QLOITER: _ZN11QuaternionTIdEC2Ev @ 0xaf95b0
QLOITER: _ZN11QuaternionTIdE15from_axis_angleE7Vector3IdE @ 0xaf9620
QLOITER: _ZN11QuaternionTIdEmLERKS0_ @ 0xaf96e0
QLOITER: _ZNK11QuaternionTIdE15rotation_matrixER7Matrix3IdE @ 0xaf9880
QLOITER: _ZNK21AP_DAL_InertialSensor8get_gyroEh @ 0xaf9a70
QLOITER: _ZNK6AP_DAL20get_takeoff_expectedEv @ 0xaf9b80
QLOITER: _ZN16EKF_IMU_buffer_tIN12NavEKF3_core12imu_elementsEE18get_youngest_indexEv @ 0xaf9bf0
QLOITER: _ZN16EKF_IMU_buffer_tIN12NavEKF3_core12imu_elementsEE16get_oldest_indexEv @ 0xaf9c50
QLOITER: _ZNK11QuaternionTIdEdvERKS0_ @ 0xaf9cb0
QLOITER: _ZN11QuaternionTIdEixEh @ 0xaf9ed0
QLOITER: _ZL3MAXIddEDTqugtfp_fp0_fp_fp0_ERKT_RKT0_.5431 @ 0x7d9200
QLOITER: _ZN12NavEKF3_core15output_elementsC2Ev @ 0xaf9f40
QLOITER: _ZNK14ekf_imu_buffer16get_oldest_indexEv @ 0xaf9fc0
QLOITER: _ZNK14ekf_imu_buffer18get_youngest_indexEv @ 0xafa010
QLOITER: _ZN11QuaternionTIdE15from_axis_angleERK7Vector3IdEd @ 0xafa060
QLOITER: _ZNK6AP_DAL22get_touchdown_expectedEv @ 0xafa180
QLOITER: _ZN12NavEKF3_core12FuseSideslipEv @ 0x7d92f0
QLOITER: _ZN16EKF_obs_buffer_tIN12NavEKF3_core13drag_elementsEE6recallERS1_j @ 0xafa1e0
QLOITER: _ZNK6AP_DAL11get_EAS2TASEv @ 0xafa260
QLOITER: _ZN7Vector3IdEixEh @ 0xafa320
QLOITER: _ZNK7Vector3IdEixEh @ 0xafa390
QLOITER: _ZN7Vector2IdEixEh @ 0xafa400
QLOITER: _ZN15ekf_ring_buffer6recallEPvj @ 0x7dfd60
QLOITER: _ZNK15ekf_ring_buffer7time_msEh @ 0x7dfec0
QLOITER: _ZN12NavEKF3_core14readAirSpdDataEv @ 0x7dff30
QLOITER: _ZN12NavEKF3_core12FuseAirspeedEv @ 0x7e0360
QLOITER: _ZL3MAXIdfEDTqugtfp_fp0_fp_fp0_ERKT_RKT0_.20297 @ 0x7e1b60
QLOITER: _ZNK12NavEKF3_core11useAirspeedEv @ 0x7e1c00
QLOITER: _ZNK15AP_DAL_Airspeed14last_update_msEh @ 0xafa470
QLOITER: _ZNK15AP_DAL_Airspeed7healthyEh @ 0xafa4e0
QLOITER: _ZNK15AP_DAL_Airspeed3useEh @ 0xafa550
QLOITER: _ZNK15AP_DAL_Airspeed12get_airspeedEh @ 0xafa5c0
QLOITER: _ZL2sqf.5223 @ 0x7e1c60
QLOITER: _ZN16EKF_obs_buffer_tIN12NavEKF3_core12tas_elementsEE4pushERKS1_ @ 0xafa630
QLOITER: _ZN16EKF_obs_buffer_tIN12NavEKF3_core12tas_elementsEE6recallERS1_j @ 0xafa6a0
QLOITER: _ZNK6AP_DAL23airspeed_sensor_enabledEv @ 0xafa720
QLOITER: _ZN16EKF_obs_buffer_tIN12NavEKF3_core16vel_odm_elementsEE6recallERS1_j @ 0xafa790
QLOITER: _ZN16EKF_obs_buffer_tIN12NavEKF3_core18wheel_odm_elementsEE6recallERS1_j @ 0xafa810
QLOITER: _ZN12NavEKF3_core11of_elementsC2Ev @ 0xafa890
QLOITER: _ZN16EKF_obs_buffer_tIN12NavEKF3_core11of_elementsEE6recallERS1_j @ 0xafa920
QLOITER: _ZNK7Vector2IdEixEh @ 0xafa9a0
QLOITER: _ZN12NavEKF3_core14readRngBcnDataEv @ 0x7eeb30
QLOITER: _ZN10EKFGSF_yaw11fuseVelDataERK7Vector2IdEd @ 0x7f27e0
QLOITER: _ZNK12NavEKF3_core13EKFGSF_getYawERdS0_ @ 0x7f2be0
QLOITER: _ZN12NavEKF3_core24recordYawResetsCompletedEv @ 0x7f3340
QLOITER: _ZNK11QuaternionTIdE8to_eulerERdS1_S1_ @ 0xafae70
QLOITER: _ZNK11QuaternionTIdE12to_vector312Ev @ 0xafaf20
QLOITER: _ZN7Matrix3IdE13from_euler312Eddd @ 0xafb260
QLOITER: _ZNK7Matrix3IdE11to_euler312Ev @ 0xafb900
QLOITER: _ZN7Matrix3IdEixEh @ 0xafb9f0
QLOITER: _ZNK10EKFGSF_yaw10getYawDataERdS0_Ph @ 0x7f3550
QLOITER: _ZL7radiansf.5184 @ 0x7f3630
QLOITER: _ZL2sqf.5182 @ 0x7f3680
QLOITER: _ZN10EKFGSF_yaw11resetEKFGSFEv @ 0x7f3810
QLOITER: _ZN10EKFGSF_yaw8alignYawEv @ 0x7f3980
QLOITER: _ZN10EKFGSF_yaw7correctEhRK7Vector2IdEd @ 0x7f3bf0
QLOITER: _ZNK10EKFGSF_yaw15gaussianDensityEh @ 0x7f4fb0
QLOITER: _ZL3MAXIdfEDTqugtfp_fp0_fp_fp0_ERKT_RKT0_.4687 @ 0x7f5330
QLOITER: _ZN10EKFGSF_yaw13forceSymmetryEh @ 0x7f53d0
QLOITER: _ZN16EKF_obs_buffer_tIN12NavEKF3_core16ext_nav_elementsEE6recallERS1_j @ 0xafbb60
QLOITER: _ZN16EKF_obs_buffer_tIN12NavEKF3_core20ext_nav_vel_elementsEE6recallERS1_j @ 0xafbbe0
QLOITER: _ZNK12NavEKF3_core35CalculateVelInnovationsAndVariancesERK7Vector3IdEddRS1_S4_ @ 0x7f5900
QLOITER: _ZN16EKF_obs_buffer_tIN12NavEKF3_core12gps_elementsEE6recallERS1_j @ 0xafbc60
QLOITER: _ZN12NavEKF3_core13realignYawGPSEb @ 0x7f5a80
QLOITER: _ZN12NavEKF3_core21selectHeightForFusionEv @ 0x7f5f40
QLOITER: _ZN12NavEKF3_core13FuseVelPosNEDEv @ 0x7f7440
QLOITER: _ZL3MAXIdfEDTqugtfp_fp0_fp_fp0_ERKT_RKT0_.5356 @ 0x7f9790
QLOITER: _ZL3MAXI9AP_ParamTIfL11ap_var_type4EEfEDTqugtfp_fp0_fp_fp0_ERKT_RKT0_.5357 @ 0x7f9830
QLOITER: _ZN12NavEKF3_core15readRangeFinderEv @ 0x7f98c0
QLOITER: _ZN16EKF_obs_buffer_tIN12NavEKF3_core14range_elementsEE6recallERS1_j @ 0xafbce0
QLOITER: _ZN16EKF_obs_buffer_tIN12NavEKF3_core13baro_elementsEE6recallERS1_j @ 0xafbdb0
QLOITER: _ZL3MAXIddEDTqugtfp_fp0_fp_fp0_ERKT_RKT0_.5205 @ 0x7fa490
QLOITER: _ZNK7Vector2IdE14length_squaredEv @ 0xafbf90
QLOITER: _ZL3MAXIddEDTqugtfp_fp0_fp_fp0_ERKT_RKT0_.5183 @ 0x7fa510
QLOITER: _ZL3MAXI9AP_ParamTIfL11ap_var_type4EEfEDTqugtfp_fp0_fp_fp0_ERKT_RKT0_.5194 @ 0x7fa660
QLOITER: _ZN12NavEKF3_core12fuseEulerYawENS_15yawFusionMethodE @ 0x7fa6f0
QLOITER: _ZN16EKF_obs_buffer_tIN12NavEKF3_core12yaw_elementsEE6recallERS1_j @ 0xafc040
QLOITER: _ZN16EKF_obs_buffer_tIN12NavEKF3_core12mag_elementsEE6recallERS1_j @ 0xafc0c0
QLOITER: _ZN12NavEKF3_core18controlMagYawResetEv @ 0x7fc690
QLOITER: _ZN12NavEKF3_core16FuseMagnetometerEv @ 0x7fcca0
QLOITER: _ZN7Matrix3IdEC2Eddddddddd @ 0xafc140
QLOITER: _ZNK7Matrix3IdEixEh @ 0xafc290
QLOITER: _ZL3MAXIdfEDTqugtfp_fp0_fp_fp0_ERKT_RKT0_.5192 @ 0x8034e0
QLOITER: _ZN12NavEKF3_core17MagTableConstrainEv @ 0x803580
QLOITER: _ZNK11QuaternionTIdE13to_axis_angleER7Vector3IdE @ 0xafc300
QLOITER: _ZL3MAXIdfEDTqugtfp_fp0_fp_fp0_ERKT_RKT0_.5149 @ 0x803c60
QLOITER: _ZN10EKFGSF_yaw6updateERK7Vector3IdES3_ddbd @ 0x803d00
QLOITER: _ZN10EKFGSF_yaw7predictEh @ 0x804790
QLOITER: _ZN10EKFGSF_yaw11predictAHRSEh @ 0x8052e0
QLOITER: _ZL7radiansf.4685 @ 0x805860
QLOITER: _ZL2sqf.4686 @ 0x8058b0
QLOITER: _ZNK10EKFGSF_yaw12updateRotMatERK7Matrix3IdERK7Vector3IdE @ 0x805900
QLOITER: _ZN12NavEKF3_core21calcTiltErrorVarianceEv @ 0x8061e0
QLOITER: _ZN12NavEKF3_core23verifyTiltErrorVarianceEv @ 0x8068c0
QLOITER: _ZL3MINIffEDTqultfp_fp0_fp_fp0_ERKT_RKT0_.5423 @ 0x806cc0
QLOITER: _ZN11QuaternionTIdE6rotateERK7Vector3IdE @ 0xafc8c0
QLOITER: _ZN12NavEKF3_core15ConstrainStatesEv @ 0x806d50
QLOITER: _ZNK21AP_DAL_InertialSensor9use_accelEh @ 0xafc980
QLOITER: _ZNK21AP_DAL_InertialSensor8use_gyroEh @ 0xafca50
QLOITER: _ZN12NavEKF3_core19learnInactiveBiasesEv @ 0x807190
QLOITER: _ZN12NavEKF3_core19updateMovementCheckEv @ 0x807700
QLOITER: _ZN12NavEKF3_core17readDeltaVelocityEhR7Vector3IdERd @ 0x807fa0
QLOITER: _ZNK21AP_DAL_InertialSensor18get_imu_pos_offsetEh @ 0xafcb20
QLOITER: _ZN12NavEKF3_core14readDeltaAngleEhR7Vector3IdERd @ 0x8080f0
QLOITER: _ZN16EKF_IMU_buffer_tIN12NavEKF3_core12imu_elementsEE21push_youngest_elementES1_ @ 0xafcb90
QLOITER: _ZN12NavEKF3_core14SampleDragDataERKNS_12imu_elementsE @ 0x808210
QLOITER: _ZN16EKF_IMU_buffer_tIN12NavEKF3_core12imu_elementsEE18get_oldest_elementEv @ 0xafcbf0
QLOITER: _ZN12NavEKF3_core22updateTimingStatisticsEv @ 0x8084c0
QLOITER: _ZL3MINIfdEDTqultfp_fp0_fp_fp0_ERKT_RKT0_ @ 0x808770
QLOITER: _ZN12NavEKF3_core12imu_elementsC2Ev @ 0xafcc70
QLOITER: _ZN14ekf_imu_buffer18get_oldest_elementEPv @ 0x808810
QLOITER: _ZN14ekf_imu_buffer21push_youngest_elementEPKv @ 0x8088d0
QLOITER: _ZNK21AP_DAL_InertialSensor14get_gyro_countEv @ 0xafcd50
QLOITER: _ZNK21AP_DAL_InertialSensor15get_delta_angleEhR7Vector3IfERf @ 0xafcda0
QLOITER: _ZNK21AP_DAL_InertialSensor15get_accel_countEv @ 0xafcea0
QLOITER: _ZNK21AP_DAL_InertialSensor18get_delta_velocityEhR7Vector3IfERf @ 0xafcef0
QLOITER: _ZL7radiansi.5218 @ 0x8089c0
QLOITER: _ZN12NavEKF3_core12detectFlightEv @ 0x808a20
QLOITER: _ZN12NavEKF3_core27setWindMagStateLearningModeEv @ 0x808ee0
QLOITER: _ZN12NavEKF3_core28checkAttitudeAlignmentStatusEv @ 0x809780
QLOITER: _ZN12NavEKF3_core13setAidingModeEv @ 0x809890
QLOITER: _ZN12NavEKF3_core12setYawSourceEv @ 0x80a800
QLOITER: _ZN12NavEKF3_core18checkGyroCalStatusEv @ 0x80a8d0
QLOITER: _ZL3MINIttEDTqultfp_fp0_fp_fp0_ERKT_RKT0_ @ 0x80afb0
QLOITER: _ZL7radiansd.5136 @ 0x80b030
QLOITER: _ZL2sqf.5140 @ 0x80b0d0
QLOITER: _ZN12NavEKF3_core19updateStateIndexLimEv @ 0x80b120
QLOITER: _ZL2sqf.5384 @ 0x80b200
QLOITER: _ZN10EKFGSF_yaw11setGyroBiasER7Vector3IfE @ 0x80b250
QLOITER: _ZN12NavEKF3_core20update_gps_selectionEv @ 0x80b310
QLOITER: _ZN12NavEKF3_core20update_mag_selectionEv @ 0x80b410
QLOITER: _ZN12NavEKF3_core21update_baro_selectionEv @ 0x80b550
QLOITER: _ZN12NavEKF3_core25update_airspeed_selectionEv @ 0x80b630
QLOITER: _ZNK15AP_DAL_Airspeed11get_primaryEv @ 0xafd030
QLOITER: _ZNK11AP_DAL_Baro11get_primaryEv @ 0xafd080
QLOITER: _Z9fill_nanfPdt @ 0x80b740
QLOITER: _ZNK17AP_InertialSensor20get_last_update_usecEv @ 0xafd140
QLOITER: _ZNK17AP_InertialSensor16get_loop_delta_tEv @ 0xafd190
QLOITER: _ZNK7AP_AHRS17get_vehicle_classEv @ 0xafd1e0
QLOITER: _ZNK7AP_AHRS20get_takeoff_expectedEv @ 0xafd230
QLOITER: _ZNK7AP_AHRS22get_touchdown_expectedEv @ 0xafd290
QLOITER: _ZNK7AP_AHRS8get_trimEv @ 0xafd2f0
QLOITER: _ZN2AP12wheelencoderEv @ 0x80bb60
QLOITER: _ZNK7AP_AHRS43get_rotation_vehicle_body_to_autopilot_bodyEv @ 0xafd3a0
QLOITER: _ZN21AP_DAL_InertialSensor11start_frameEv @ 0x80bba0
QLOITER: _ZN11AP_DAL_Baro11start_frameEv @ 0x80be20
QLOITER: _ZN10AP_DAL_GPS11start_frameEv @ 0x80bf90
QLOITER: _ZN14AP_DAL_Compass11start_frameEv @ 0x80c390
QLOITER: _ZN15AP_DAL_Airspeed11start_frameEv @ 0x80c5b0
QLOITER: _ZN2AP6beaconEv @ 0x80cba0
QLOITER: _ZN9AP_Beacon13get_singletonEv @ 0xafd4a0
QLOITER: _ZNK11AP_Airspeed15get_num_sensorsEv @ 0xafd4e0
QLOITER: _ZNK11AP_Airspeed14last_update_msEh @ 0xafd530
QLOITER: _ZNK7Compass24auto_declination_enabledEv @ 0xafd5a0
QLOITER: _ZNK7Compass15get_declinationEv @ 0x80d2f0
QLOITER: _ZNK7Compass15get_num_enabledEv @ 0x80d350
QLOITER: _ZNK7Compass16get_first_usableEv @ 0xafd610
QLOITER: _ZNK7Compass17have_scale_factorEh @ 0x80d410
QLOITER: _ZNK7Compass16last_update_usecEh @ 0xafd660
QLOITER: _ZNK14typesafe_indexIh14TAG_StateIndexEgeERKh @ 0xafd6e0
QLOITER: _ZNK7AP_Baro11get_primaryEv @ 0xafd750
QLOITER: _ZNK7AP_Baro15get_last_updateEh @ 0xafd7a0
QLOITER: _ZNK17AP_InertialSensor16get_loop_rate_hzEv @ 0xafd810
QLOITER: _ZNK17AP_InertialSensor15get_delta_angleEhR7Vector3IfERf @ 0x80d550
QLOITER: _ZN21AP_DAL_InertialSensor15update_filteredEh @ 0x80d720
QLOITER: _ZNK17AP_InertialSensor18get_imu_pos_offsetEh @ 0xafd860
QLOITER: _ZNK17AP_InertialSensor10_accel_posEh @ 0xafd8c0
QLOITER: _ZN17AP_InertialSensor10_accel_posEh @ 0xafd920
QLOITER: _ZN15AP_WheelEncoder13get_singletonEv @ 0xafd990
QLOITER: _ZN7NavEKF212UpdateFilterEv @ 0x810760
QLOITER: _ZNK12NavEKF2_core11getGyroBiasER7Vector3IfE @ 0x810d40
QLOITER: _ZNK12NavEKF2_core21getFramesSincePredictEv @ 0x810e30
QLOITER: _ZN12NavEKF2_core12UpdateFilterEb @ 0x810e90
QLOITER: _ZN12NavEKF2_core18controlFilterModesEv @ 0x811090
QLOITER: _ZN12NavEKF2_core11readIMUDataEv @ 0x811160
QLOITER: _ZN12NavEKF2_core27UpdateStrapdownEquationsNEDEv @ 0x811980
QLOITER: _ZN12NavEKF2_core20CovariancePredictionEv @ 0x811dc0
QLOITER: _ZN12NavEKF2_core25runYawEstimatorPredictionEv @ 0x81b4d0
QLOITER: _ZN12NavEKF2_core15SelectMagFusionEv @ 0x81b640
QLOITER: _ZN12NavEKF2_core18SelectVelPosFusionEv @ 0x81ba90
QLOITER: _ZN12NavEKF2_core25runYawEstimatorCorrectionEv @ 0x81c2a0
QLOITER: _ZN12NavEKF2_core18SelectRngBcnFusionEv @ 0x81c3f0
QLOITER: _ZN12NavEKF2_core16SelectFlowFusionEv @ 0x81c480
QLOITER: _ZN12NavEKF2_core15SelectTasFusionEv @ 0x81c700
QLOITER: _ZN12NavEKF2_core16SelectBetaFusionEv @ 0x81c820
QLOITER: _ZN12NavEKF2_core18updateFilterStatusEv @ 0x81c9c0
QLOITER: _ZN12NavEKF2_core16calcOutputStatesEv @ 0x81d3c0
QLOITER: _ZNK12NavEKF2_core20assume_zero_sideslipEv @ 0x81e630
QLOITER: _ZN12NavEKF2_core11readMagDataEv @ 0x81e6c0
QLOITER: _ZN12NavEKF2_core11readGpsDataEv @ 0x81eba0
QLOITER: _ZN12NavEKF2_core12readBaroDataEv @ 0x81f660
QLOITER: _ZN16EKF_IMU_buffer_tIN12NavEKF2_core15output_elementsEEixEj @ 0xafed80
QLOITER: _ZN12NavEKF2_core8zeroRowsERA24_A24_dhh @ 0x821600
QLOITER: _ZN12NavEKF2_core8zeroColsERA24_A24_dhh @ 0x8216c0
QLOITER: _ZNK10AP_DAL_GPS22have_vertical_velocityEv @ 0xafedf0
QLOITER: _ZNK12NavEKF2_core26CorrectGPSForAntennaOffsetERNS_12gps_elementsE @ 0x821780
QLOITER: _ZL2sqf.20181 @ 0x821c00
QLOITER: _ZNK11AP_DAL_Baro15get_last_updateEv @ 0xaff250
QLOITER: _ZNK11AP_DAL_Baro12get_altitudeEv @ 0xaff2b0
QLOITER: _ZL3MAXIddEDTqugtfp_fp0_fp_fp0_ERKT_RKT0_.20150 @ 0x821e70
QLOITER: _ZN16EKF_obs_buffer_tIN12NavEKF2_core13baro_elementsEE4pushERKS1_ @ 0xaff310
QLOITER: _ZNK10AP_DAL_GPS7get_lagERf @ 0xaff380
QLOITER: _ZNK10AP_DAL_GPS8velocityEv @ 0xaff400
QLOITER: _ZNK10AP_DAL_GPS14speed_accuracyERf @ 0xaff460
QLOITER: _ZL3MAXIdfEDTqugtfp_fp0_fp_fp0_ERKT_RKT0_.20159 @ 0x821ef0
QLOITER: _ZL3MINIdfEDTqultfp_fp0_fp_fp0_ERKT_RKT0_.20160 @ 0x821f90
QLOITER: _ZL3MAXId9AP_ParamTIfL11ap_var_type4EEEDTqugtfp_fp0_fp_fp0_ERKT_RKT0_.20162 @ 0x822030
QLOITER: _ZNK10AP_DAL_GPS19horizontal_accuracyERf @ 0xaff4e0
QLOITER: _ZNK10AP_DAL_GPS17vertical_accuracyERf @ 0xaff560
QLOITER: _ZNK10AP_DAL_GPS8num_satsEv @ 0xaff5e0
QLOITER: _ZN12NavEKF2_core18calcGpsGoodToAlignEv @ 0x8220e0
QLOITER: _ZN12NavEKF2_core20calcGpsGoodForFlightEv @ 0x822fd0
QLOITER: _ZN12NavEKF2_core24alignMagStateDeclinationEv @ 0x823320
QLOITER: _ZN16EKF_obs_buffer_tIN12NavEKF2_core12gps_elementsEE4pushERKS1_ @ 0xaff650
QLOITER: _ZNK12NavEKF2_core14MagDeclinationEv @ 0x823510
QLOITER: _ZN12NavEKF2_core15FuseDeclinationEd @ 0x8235f0
QLOITER: _ZN12NavEKF2_core13ForceSymmetryEv @ 0x823fd0
QLOITER: _ZN12NavEKF2_core18ConstrainVariancesEv @ 0x824120
QLOITER: _ZL3MAXIddEDTqugtfp_fp0_fp_fp0_ERKT_RKT0_.20213 @ 0x824650
QLOITER: _ZL3MINIdfEDTqultfp_fp0_fp_fp0_ERKT_RKT0_.20200 @ 0x8246d0
QLOITER: _ZNK10AP_DAL_GPS8get_hdopEv @ 0xaff6c0
QLOITER: _ZN12NavEKF2_core12mag_elementsC2Ev @ 0xaff730
QLOITER: _ZN16EKF_obs_buffer_tIN12NavEKF2_core12mag_elementsEE4pushERKS1_ @ 0xaff790
QLOITER: _ZN12NavEKF2_core17correctDeltaAngleER7Vector3IdEdh @ 0x824920
QLOITER: _ZN12NavEKF2_core20correctDeltaVelocityER7Vector3IdEdh @ 0x824a30
QLOITER: _ZN16EKF_IMU_buffer_tIN12NavEKF2_core12imu_elementsEE18get_youngest_indexEv @ 0xaff800
QLOITER: _ZN16EKF_IMU_buffer_tIN12NavEKF2_core12imu_elementsEE16get_oldest_indexEv @ 0xaff860
QLOITER: _ZN12NavEKF2_core15output_elementsC2Ev @ 0xaff8c0
QLOITER: _ZNK12NavEKF2_core11useAirspeedEv @ 0x824ae0
QLOITER: _ZN12NavEKF2_core14readAirSpdDataEv @ 0x828020
QLOITER: _ZN12NavEKF2_core12FuseAirspeedEv @ 0x8281a0
QLOITER: _ZL3MAXIdfEDTqugtfp_fp0_fp_fp0_ERKT_RKT0_.22305 @ 0x8298f0
QLOITER: _ZNK15AP_DAL_Airspeed3useEv @ 0xaff940
QLOITER: _ZNK15AP_DAL_Airspeed7healthyEv @ 0xaff9b0
QLOITER: _ZNK15AP_DAL_Airspeed14last_update_msEv @ 0xaffa20
QLOITER: _ZNK15AP_DAL_Airspeed12get_airspeedEv @ 0xaffa80
QLOITER: _ZN16EKF_obs_buffer_tIN12NavEKF2_core12tas_elementsEE4pushERKS1_ @ 0xaffae0
QLOITER: _ZN16EKF_obs_buffer_tIN12NavEKF2_core12tas_elementsEE6recallERS1_j @ 0xaffb50
QLOITER: _ZN12NavEKF2_core14readRngBcnDataEv @ 0x82f990
QLOITER: _ZN16EKF_obs_buffer_tIN12NavEKF2_core16ext_nav_elementsEE6recallERS1_j @ 0xaffcc0
QLOITER: _ZN16EKF_obs_buffer_tIN12NavEKF2_core20ext_nav_vel_elementsEE6recallERS1_j @ 0xaffd40
QLOITER: _ZN16EKF_obs_buffer_tIN12NavEKF2_core12gps_elementsEE6recallERS1_j @ 0xaffdc0
QLOITER: _ZN12NavEKF2_core18controlMagYawResetEv @ 0x833c10
QLOITER: _ZN12NavEKF2_core12fuseEulerYawEv @ 0x834570
QLOITER: _ZN12NavEKF2_core13realignYawGPSEv @ 0x835b70
QLOITER: _ZN12NavEKF2_core21selectHeightForFusionEv @ 0x835df0
QLOITER: _ZN12NavEKF2_core13FuseVelPosNEDEv @ 0x837130
QLOITER: _ZL3MAXIdfEDTqugtfp_fp0_fp_fp0_ERKT_RKT0_.20190 @ 0x838e40
QLOITER: _ZN12NavEKF2_core15readRangeFinderEv @ 0x838ee0
QLOITER: _ZN16EKF_obs_buffer_tIN12NavEKF2_core14range_elementsEE6recallERS1_j @ 0xaffe40
QLOITER: _ZN16EKF_obs_buffer_tIN12NavEKF2_core13baro_elementsEE6recallERS1_j @ 0xaffec0
QLOITER: _ZL3MAXIddEDTqugtfp_fp0_fp_fp0_ERKT_RKT0_.20133 @ 0x8398e0
QLOITER: _ZL3MAXIdfEDTqugtfp_fp0_fp_fp0_ERKT_RKT0_.20138 @ 0x839a90
QLOITER: _ZN16EKF_obs_buffer_tIN12NavEKF2_core12mag_elementsEE6recallERS1_j @ 0xafffb0
QLOITER: _ZN12NavEKF2_core16FuseMagnetometerEv @ 0x83a080
QLOITER: _ZN12NavEKF2_core17MagTableConstrainEv @ 0x83fb70
QLOITER: _ZN12NavEKF2_core15CopyCovariancesEv @ 0x83fca0
QLOITER: _ZN12NavEKF2_core15ConstrainStatesEv @ 0x83fd90
QLOITER: _ZL3MAXIddEDTqugtfp_fp0_fp_fp0_ERKT_RKT0_.20258 @ 0x8401c0
QLOITER: _ZN12NavEKF2_core19learnInactiveBiasesEv @ 0x840240
QLOITER: _ZN12NavEKF2_core17readDeltaVelocityEhR7Vector3IdERd @ 0x840710
QLOITER: _ZN12NavEKF2_core14readDeltaAngleEhR7Vector3IdERd @ 0x840880
QLOITER: _ZN16EKF_IMU_buffer_tIN12NavEKF2_core12imu_elementsEE21push_youngest_elementES1_ @ 0xb00030
QLOITER: _ZN16EKF_IMU_buffer_tIN12NavEKF2_core12imu_elementsEE18get_oldest_elementEv @ 0xb00090
QLOITER: _ZN12NavEKF2_core22updateTimingStatisticsEv @ 0x8409f0
QLOITER: _ZL3MAXIfdEDTqugtfp_fp0_fp_fp0_ERKT_RKT0_.20157 @ 0x840ca0
QLOITER: _ZL3MINIfdEDTqultfp_fp0_fp_fp0_ERKT_RKT0_.20158 @ 0x840d40
QLOITER: _ZN12NavEKF2_core12imu_elementsC2Ev @ 0xb00110
QLOITER: _ZL7radiansi.20161 @ 0x840de0
QLOITER: _ZN12NavEKF2_core12detectFlightEv @ 0x840e40
QLOITER: _ZN12NavEKF2_core27setWindMagStateLearningModeEv @ 0x8412e0
QLOITER: _ZN12NavEKF2_core28checkAttitudeAlignmentStatusEv @ 0x841980
QLOITER: _ZN12NavEKF2_core13setAidingModeEv @ 0x841af0
QLOITER: _ZL3MINIttEDTqultfp_fp0_fp_fp0_ERKT_RKT0_.20103 @ 0x8429d0
QLOITER: _ZNK12NavEKF2_core16effective_magCalEv @ 0x842af0
QLOITER: _ZN16AP_AHRS_External6updateEv @ 0x843550
QLOITER: _ZN16AP_AHRS_External11get_resultsERN15AP_AHRS_Backend9EstimatesE @ 0x8435a0
QLOITER: _ZN7AP_AHRS37copy_estimates_from_backend_estimatesERKN15AP_AHRS_Backend9EstimatesE @ 0x8437f0
QLOITER: _ZN15AP_ExternalAHRS6updateEv @ 0x843ad0
QLOITER: _ZL7degreesf.11297 @ 0x843e00
QLOITER: _ZN11AP_AHRS_SIM6updateEv @ 0xb00d40
QLOITER: _ZN11AP_AHRS_SIM11get_resultsERN15AP_AHRS_Backend9EstimatesE @ 0x843e50
QLOITER: _ZN11AP_AHRS_DCM6updateEv @ 0x844a30
QLOITER: _ZN11AP_AHRS_DCM11get_resultsERN15AP_AHRS_Backend9EstimatesE @ 0x844d50
QLOITER: _ZN11AP_AHRS_DCM13matrix_updateEv @ 0x844e70
QLOITER: _ZN11AP_AHRS_DCM9normalizeEv @ 0x8450c0
QLOITER: _ZN11AP_AHRS_DCM16drift_correctionEf @ 0x8452e0
QLOITER: _ZN11AP_AHRS_DCM12check_matrixEv @ 0x846640
QLOITER: _ZN11AP_AHRS_DCM15backup_attitudeEv @ 0x846740
QLOITER: _ZNK11AP_AHRS_DCM12get_error_rpEv @ 0xb00e00
QLOITER: _ZNK11AP_AHRS_DCM13get_error_yawEv @ 0xb00e50
QLOITER: _ZN7Matrix3IfE6is_nanEv @ 0xb00ea0
QLOITER: _ZN11AP_AHRS_DCM20drift_correction_yawEv @ 0x846c30
QLOITER: _ZNK7Matrix3IfE4colxEv @ 0xb00f40
QLOITER: _ZNK6AP_GPS16last_fix_time_msEv @ 0xb00fb0
QLOITER: _ZL3MAXIfiEDTqugtfp_fp0_fp_fp0_ERKT_RKT0_.2600 @ 0x847150
QLOITER: _ZNK11AP_AHRS_DCM26should_correct_centrifugalEv @ 0x8471f0
QLOITER: _ZN11AP_AHRS_DCM10ra_delayedEhRK7Vector3IfE @ 0x847240
QLOITER: _ZNK17AP_InertialSensor7healthyEv @ 0xb01010
QLOITER: _ZN11AP_AHRS_DCM7_P_gainEf @ 0x847340
QLOITER: _ZNK11AP_AHRS_DCM14use_fast_gainsEv @ 0x847420
QLOITER: _ZL7radiansi.2601 @ 0x8474b0
QLOITER: _ZNK17AP_InertialSensor19get_gyro_drift_rateEv @ 0xb01090
QLOITER: _ZNK17AP_InertialSensor15get_gyro_healthEv @ 0xb010e0
QLOITER: _ZNK17AP_InertialSensor16get_accel_healthEv @ 0xb01140
QLOITER: _ZNK7Compass16last_update_usecEv @ 0xb011a0
QLOITER: _ZN7Compass4readEv @ 0x847510
QLOITER: _ZN11AP_AHRS_DCM17yaw_error_compassER7Compass @ 0x8478e0
QLOITER: _ZNK11AP_AHRS_DCM9_yaw_gainEv @ 0x847a60
QLOITER: _ZNK7Matrix3IfE5mulXYERK7Vector3IfE @ 0xb01200
QLOITER: _ZNK7Vector2IfErmERKS0_ @ 0xb012d0
QLOITER: _ZN7Compass15_detect_runtimeEv @ 0x847c10
QLOITER: _ZN9AP_Logger13Write_CompassEv @ 0x847f40
QLOITER: _ZN19RestrictIDTypeArrayI9AP_ParamTIaL11ap_var_type1EELj3E14typesafe_indexIh12TAG_PriorityEEixERKS5_ @ 0xb01350
QLOITER: _ZN9AP_Logger22Write_Compass_instanceEmh @ 0x847fe0
QLOITER: _ZNK7Compass17get_motor_offsetsEh @ 0xb013d0
QLOITER: _ZN18AP_Compass_Backend25drain_accumulated_samplesEhPK7Vector3IfE @ 0x849f10
QLOITER: _ZN18AP_Compass_Backend22publish_filtered_fieldERK7Vector3IfEh @ 0x84a090
QLOITER: _ZN11AP_AHRS_DCM6renormERK7Vector3IfERS1_ @ 0x84a150
QLOITER: _ZNK17AP_InertialSensor15get_delta_angleER7Vector3IfERf @ 0xb01c50
QLOITER: _ZNK7Vector3IfEeqERKS0_ @ 0xb01ce0
QLOITER: _ZNK14AP_Logger_File17recent_open_errorEv @ 0x84a500
QLOITER: _ZNK14AP_Logger_File15io_thread_aliveEv @ 0x84a590
QLOITER: _ZN14AP_Logger_File18write_lastlog_fileEt @ 0x84a7b0
QLOITER: _ZN14AP_Logger_File16disk_space_availEv @ 0x84a920
QLOITER: _ZL3MINIjjEDTqultfp_fp0_fp_fp0_ERKT_RKT0_.6871 @ 0x84aa00
QLOITER: _ZN13AP_Filesystem17bytes_until_fsyncEi @ 0x84aa80
QLOITER: _ZN13AP_Filesystem9disk_freeEPKc @ 0x84ab00
QLOITER: _ZNK14AP_Logger_File18_lastlog_file_nameEv @ 0x84ab80
QLOITER: _ZNK14AP_Logger_File14_log_file_nameEt @ 0x84ac10
QLOITER: _ZN14AP_Logger_File13_get_log_sizeEt @ 0x84acb0
QLOITER: _ZN14AP_Logger_File27ensure_log_directory_existsEv @ 0x84ae80
QLOITER: _ZN2AP4rssiEv @ 0x851d40
QLOITER: _ZNK7AP_RSSI7enabledEv @ 0xb02590
QLOITER: _ZN7AP_RSSI13get_singletonEv @ 0x852570
QLOITER: _ZN13AP_CANManager20check_logging_enableEv @ 0x853530
QLOITER: _ZN7FunctorIvJEE14method_wrapperI13AP_CANManagerXadL_ZNS2_20check_logging_enableEvEEEEvPv @ 0xb02bc0
QLOITER: _ZNK13AP_CANManager15CANIface_Params13option_is_setENS0_7OptionsE @ 0xb02c70
QLOITER: _ZN9AP_Logger13Write_MessageEPKc @ 0x85e120
QLOITER: _ZNK6AP_GPS20last_message_time_msEv @ 0xb0cc70
QLOITER: _ZNK22AP_BattMonitor_Backend13option_is_setEN21AP_BattMonitor_Params7OptionsE @ 0xb14c60
QLOITER: _ZN22AP_BattMonitor_Backend15update_consumedERN14AP_BattMonitor17BattMonitor_StateEj @ 0x875960
QLOITER: _ZN22AP_BattMonitor_Backend13calculate_mahEff @ 0xb14cf0
QLOITER: _ZN18AP_Compass_Backend17accumulate_sampleER7Vector3IfEhj @ 0x877c70
QLOITER: _ZN18AP_Compass_Backend12rotate_fieldER7Vector3IfEh @ 0x877df0
QLOITER: _ZN18AP_Compass_Backend17publish_raw_fieldERK7Vector3IfEh @ 0x877ee0
QLOITER: _ZN18AP_Compass_Backend13correct_fieldER7Vector3IfEh @ 0x877ff0
QLOITER: _ZN18AP_Compass_Backend8field_okERK7Vector3IfE @ 0x8783f0
QLOITER: _ZNK7Compass16get_filter_rangeEv @ 0xb17010
QLOITER: _ZNK16Compass_PerMotor7enabledEv @ 0xb17070
QLOITER: _ZN7Compass13_get_priorityE14typesafe_indexIh14TAG_StateIndexE @ 0xb170e0
QLOITER: _ZN14AP_GPS_Backend15set_alt_amsl_cmERN6AP_GPS9GPS_StateEi @ 0x87cac0
QLOITER: _ZN16JitterCorrection31correct_offboard_timestamp_usecEmm @ 0x87ccd0
QLOITER: _ZNK14AP_GPS_Backend10option_setEN6AP_GPS13DriverOptionsE @ 0xb1a270
QLOITER: _ZNK6AP_GPS10option_setENS_13DriverOptionsE @ 0xb1a2e0
QLOITER: _ZN6AP_RTC12set_utc_usecEmNS_11source_typeE @ 0x87d740
QLOITER: _ZN11GCS_MAVLINK24update_signing_timestampEm @ 0x87d8f0
QLOITER: _ZN10RC_Channel9set_rangeEt @ 0x87faf0
QLOITER: _ZNK11GCS_MAVLINK14option_enabledENS_6OptionE @ 0xb1c770
QLOITER: _ZNK16AP_SerialManager9UARTState12get_protocolEv @ 0xb1c7f0
QLOITER: _ZN2AP8PerfInfo13set_loop_rateEt @ 0x88fde0
QLOITER: _ZN2AP8PerfInfo5resetEv @ 0x88fea0
QLOITER: _ZN3GCS10send_textvE12MAV_SEVERITYPKcP13__va_list_tagh @ 0x8904d0
QLOITER: _ZNK3GCS43min_loop_time_remaining_for_message_send_usEv @ 0xb1ce30
QLOITER: _ZNK3GCS19vehicle_initialisedEv @ 0xb1ce80
QLOITER: _ZL3MINImmEDTqultfp_fp0_fp_fp0_ERKT_RKT0_.7320 @ 0x8909e0
QLOITER: _ZN11ObjectArrayIN3GCS12statustext_tEE10push_forceERKS1_ @ 0xb1d010
QLOITER: _ZN2AP11frsky_telemEv @ 0x890a60
QLOITER: _ZN2AP14spektrum_telemEv @ 0x890aa0
QLOITER: _ZN9AP_Notify9send_textEPKc @ 0x890ae0
QLOITER: _ZN17AP_Spektrum_Telem13get_singletonEv @ 0xb1d150
QLOITER: _ZN14AP_Frsky_Telem13get_singletonEv @ 0xb1d190
QLOITER: _ZNK11ObjectArrayIN3GCS12statustext_tEE5spaceEv @ 0xb1d1d0
QLOITER: _ZN11ObjectArrayIN3GCS12statustext_tEE4pushERKS1_ @ 0xb1d230
QLOITER: _ZN5Plane8set_modeEh10ModeReason @ 0x890b80
QLOITER: _ZNK5Plane29current_mode_requires_missionEv @ 0xb1d500
QLOITER: _ZNK5Plane17get_wp_distance_mERf @ 0x891920
QLOITER: _ZN5Plane20set_control_channelsEv @ 0x893010
QLOITER: _ZN5Plane18fence_checks_asyncEv @ 0x893300
QLOITER: _ZN6AP_HAL15timeout_expiredIjjjEEbT_T0_T1_ @ 0xb1d620
QLOITER: _ZN8AC_Fence5checkEb @ 0x8934e0
QLOITER: _ZN8AC_Fence19clear_margin_breachEh @ 0x8938f0
QLOITER: _ZN10RC_Channel9set_angleEt @ 0x894630
QLOITER: _ZNK5Plane19have_reverse_thrustEv @ 0x8946a0
QLOITER: _ZN12SRV_Channels19set_esc_scaling_forEN11SRV_Channel8FunctionE @ 0x894710
QLOITER: _ZN6AP_HAL8RCOutput15set_esc_scalingEtt @ 0xb1d770
QLOITER: _ZN8AP_Param15save_io_handlerEv @ 0x895350
QLOITER: _ZN7FunctorIvJEE14method_wrapperI8AP_ParamXadL_ZNS2_15save_io_handlerEvEEEEvPv @ 0xb1d920
QLOITER: _ZN15ObjectBuffer_TSIN8AP_Param10param_saveEE3popERS1_ @ 0xb1d9d0
QLOITER: _ZN5Plane3gcsEv @ 0xb1db70
QLOITER: _ZL21failsafe_check_staticv @ 0x899cd0
QLOITER: _ZN9QuadPlane5setupEv @ 0x899d10
QLOITER: _ZN5Plane8set_modeER4Mode10ModeReason @ 0x89aa50
QLOITER: _ZN3GCS16sysid_mygcs_seenEj @ 0xb1dda0
QLOITER: _ZN5Plane18set_mode_by_numberEN4Mode6NumberE10ModeReason @ 0x89b270
QLOITER: _ZN10RC_Channel16read_mode_switchEv @ 0x8a2630
QLOITER: _ZN10RC_Channel16read_6pos_switchERa @ 0x8a26b0
QLOITER: _ZN10RC_Channel18debounce_completedEa @ 0x8a2810
QLOITER: _ZN5Plane18mode_from_mode_numEN4Mode6NumberE @ 0x8a2900
QLOITER: _ZN12SRV_Channels17enable_aux_servosEv @ 0x8a2c00
QLOITER: _ZN5Plane13servos_outputEv @ 0x8a2e40
QLOITER: _ZN5Plane22servos_twin_engine_mixEv @ 0x8a30f0
QLOITER: _ZNK5Plane22channel_function_mixerEN11SRV_Channel8FunctionES1_S1_S1_ @ 0x8a33b0
QLOITER: _ZN10Tailsitter6outputEv @ 0x8a35c0
QLOITER: _ZN9Tiltrotor15bicopter_outputEv @ 0x8a4a30
QLOITER: _ZN5Plane11force_flareEv @ 0x8a4cf0
QLOITER: _ZN5Plane15dspoiler_updateEv @ 0x8a4f60
QLOITER: _ZN5Plane38landing_neutral_control_surface_servosEv @ 0x8a54d0
QLOITER: _ZN12SRV_Channels8calc_pwmEv @ 0x8a5840
QLOITER: _ZN12SRV_Channels13output_ch_allEv @ 0x8a5a60
QLOITER: _ZNK12SRV_Channels17auto_trim_enabledEv @ 0xb204b0
QLOITER: _ZNK16AP_FW_Controller12get_pid_infoEv @ 0xb20520
QLOITER: _ZNK10AP_Landing23get_then_servos_neutralEv @ 0xb20570
QLOITER: _ZN12SRV_Channels30get_slew_limited_output_scaledEN11SRV_Channel8FunctionE @ 0x8a6550
QLOITER: _ZNK9QuadPlane18in_frwd_transitionEv @ 0x8a6660
QLOITER: _ZN19AP_AdvancedFailsafe20should_crash_vehicleEv @ 0x8a7080
QLOITER: _ZN5Plane24relative_ground_altitudeE14RangeFinderUse @ 0x8a7950
QLOITER: _ZN5Plane24relative_ground_altitudeE14RangeFinderUseb @ 0x8a79c0
QLOITER: _ZN5Plane17get_external_HAGLERf @ 0x8a7bd0
QLOITER: _ZNK5Plane15rangefinder_useE14RangeFinderUse @ 0x8a7ca0
QLOITER: _ZNK5Plane23rangefinder_orientationEv @ 0xb20960
QLOITER: _ZN5Plane20adjusted_altitude_cmEv @ 0x8a7ec0
QLOITER: _ZN5Plane18mission_alt_offsetEv @ 0x8a7f40
QLOITER: _ZN5Plane10should_logEj @ 0x8aaec0
QLOITER: _ZNK7AP_EnumI11StickMixingEcvKS0_Ev @ 0xb21c20
QLOITER: _ZN10Tailsitter6activeEv @ 0x8acaf0
QLOITER: _ZNK5Plane16get_speed_scalerEv @ 0xb21d90
QLOITER: _ZN16AP_FW_Controller7reset_IEv @ 0x8ad030
QLOITER: _ZN16AP_YawController7reset_IEv @ 0x8ad090
QLOITER: _ZL7degreesf.12 @ 0x8adb20
QLOITER: _ZN6AC_PID7reset_IEv @ 0x8add20
QLOITER: _ZN5Plane34Log_Write_Vehicle_Startup_MessagesEv @ 0x8ae640
QLOITER: _ZN7FunctorIvJEE14method_wrapperI5PlaneXadL_ZNS2_34Log_Write_Vehicle_Startup_MessagesEvEEEEvPv @ 0xb21f80
QLOITER: _ZN9AP_Logger10Write_ModeEh10ModeReason @ 0x8ae860
QLOITER: _ZN6AP_GPS36Write_AP_Logger_Log_Startup_messagesEv @ 0x8ae910
QLOITER: _ZN17AP_Logger_Backend10Write_ModeEh10ModeReason @ 0x8ae9f0
QLOITER: _ZN7AP_AHRS15set_fly_forwardEb @ 0xb220b0
QLOITER: _ZN7AP_Baro6updateEv @ 0x8afc80
QLOITER: _ZNK7AP_Baro7healthyEv @ 0xb22230
QLOITER: _ZN15AP_Baro_Backend14backend_updateEh @ 0x8b03a0
QLOITER: _ZN7AP_Baro24wind_pressure_correctionEh @ 0x8b0420
QLOITER: _ZNK7AP_Baro15get_last_updateEv @ 0xb22290
QLOITER: _ZN16DerivativeFilterIfLh7EE6updateEfj @ 0xb222f0
QLOITER: _ZN7AP_Baro22update_field_elevationEv @ 0x8b0760
QLOITER: _ZNK7AP_Baro10should_logEv @ 0x8b09e0
QLOITER: _ZN7AP_Baro10Write_BaroEv @ 0x8b0a90
QLOITER: _ZN7AP_Baro19Write_Baro_instanceEmh @ 0x8b0b20
QLOITER: _ZNK7AP_Baro21get_baro_drift_offsetEv @ 0xb223d0
QLOITER: _ZNK7AP_Baro22get_ground_temperatureEv @ 0x8b0d40
QLOITER: _ZNK7AP_Baro22get_corrected_pressureEh @ 0xb22420
QLOITER: _ZN16FilterWithBufferIfLh7EE5applyEf @ 0xb22500
QLOITER: _ZN17AP_InertialSensor12_gyro_offsetEh @ 0xb23a60
QLOITER: _ZN17AP_InertialSensor12caltemp_gyroEh @ 0xb23ad0
QLOITER: _ZN22AP_InertialSensor_SITL6updateEv @ 0x8b2f30
QLOITER: _ZN25AP_InertialSensor_Backend10accumulateEv @ 0xb23bf0
QLOITER: _ZNK25AP_InertialSensor_Backend24get_gyro_backend_rate_hzEv @ 0xb23d60
QLOITER: _ZN25AP_InertialSensor_Backend11set_primaryEb @ 0xb23dc0
QLOITER: _ZNK25AP_InertialSensor_Backend21_gyro_raw_sample_rateEh @ 0xb23e10
QLOITER: _ZN22AP_InertialSensor_SITL12timer_updateEv @ 0x8b36b0
QLOITER: _ZN7FunctorIvJEE14method_wrapperI22AP_InertialSensor_SITLXadL_ZNS2_12timer_updateEvEEEEvPv @ 0xb23ee0
QLOITER: _ZN22AP_InertialSensor_SITL14generate_accelEv @ 0x8b3b80
QLOITER: _ZN22AP_InertialSensor_SITL13generate_gyroEv @ 0x8b4b60
QLOITER: _ZNK25AP_InertialSensor_Backend20enable_fast_samplingEh @ 0xb23f90
QLOITER: _ZNK22AP_InertialSensor_SITL10gyro_driftEv @ 0x8b55c0
QLOITER: _ZL7radiansd.19672 @ 0x8b57c0
QLOITER: _ZL7radiansf.19673 @ 0x8b5810
QLOITER: _ZN22AP_InertialSensor_SITL15get_temperatureEv @ 0x8b58f0
QLOITER: _ZNK22AP_InertialSensor_TCal15sitl_apply_gyroEfR7Vector3IfE @ 0x8b5a90
QLOITER: _ZN25AP_InertialSensor_Backend35_notify_new_gyro_sensor_rate_sampleEhRK7Vector3IfE @ 0x8b5b70
QLOITER: _ZN25AP_InertialSensor_Backend24_rotate_and_correct_gyroEhR7Vector3IfE @ 0x8b5d70
QLOITER: _ZN25AP_InertialSensor_Backend27_notify_new_gyro_raw_sampleEhRK7Vector3IfEm @ 0x8b5f00
QLOITER: _ZNK25AP_InertialSensor_Backend15has_been_killedEh @ 0xb24020
QLOITER: _ZNK25AP_InertialSensor_Backend19_update_sensor_rateERtRjRf @ 0x8b65a0
QLOITER: _ZN25AP_InertialSensor_Backend18apply_gyro_filtersEhRK7Vector3IfE @ 0x8b6770
QLOITER: _ZN25AP_InertialSensor_Backend12log_gyro_rawEhmRK7Vector3IfES3_ @ 0x8b6b30
QLOITER: _ZN25AP_InertialSensor_Backend14update_primaryEv @ 0x8b6dc0
QLOITER: _ZNK17AP_InertialSensor22raw_logging_option_setENS_18RAW_LOGGING_OPTIONE @ 0xb240a0
QLOITER: _ZNK25AP_InertialSensor_Backend18should_log_imu_rawEv @ 0x8b6ea0
QLOITER: _ZNK17AP_InertialSensor12BatchSampler25doing_sensor_rate_loggingEv @ 0xb24120
QLOITER: _ZNK17AP_InertialSensor12BatchSampler25doing_post_filter_loggingEv @ 0xb24180
QLOITER: _ZN17AP_InertialSensor12BatchSampler6sampleEhNS_15IMU_SENSOR_TYPEEmRK7Vector3IfE @ 0x8b70b0
QLOITER: _ZN17AP_InertialSensor12BatchSampler10should_logEhNS_15IMU_SENSOR_TYPEE @ 0x8b7200
QLOITER: _ZN25AP_InertialSensor_Backend16save_gyro_windowEhRK7Vector3IfEh @ 0x8b7340
QLOITER: _ZN15LowPassFilter2pI7Vector3IfEE5applyERKS1_ @ 0xb24460
QLOITER: _ZN19DigitalBiquadFilterI7Vector3IfEE5applyERKS1_RKNS2_13biquad_paramsE @ 0xb245b0
QLOITER: _ZNK25AP_InertialSensor_Backend18sensors_convergingEv @ 0x8b7600
QLOITER: _ZNK22AP_InertialSensor_TCal12correct_gyroEffR7Vector3IfE @ 0x8b7730
QLOITER: _ZNK22AP_InertialSensor_TCal14correct_sensorEffPK9AP_ParamVI7Vector3IfEL11ap_var_type5EERS2_ @ 0x8b77d0
QLOITER: _ZNK22AP_InertialSensor_TCal15polynomial_evalEfPK9AP_ParamVI7Vector3IfEL11ap_var_type5EE @ 0x8b79e0
QLOITER: _ZNK22AP_InertialSensor_TCal16sitl_apply_accelEfR7Vector3IfE @ 0x8ba990
QLOITER: _ZN25AP_InertialSensor_Backend36_notify_new_accel_sensor_rate_sampleEhRK7Vector3IfE @ 0x8baa70
QLOITER: _ZN25AP_InertialSensor_Backend25_rotate_and_correct_accelEhR7Vector3IfE @ 0x8bac70
QLOITER: _ZN25AP_InertialSensor_Backend28_notify_new_accel_raw_sampleEhRK7Vector3IfEmb @ 0x8bae90
QLOITER: _ZN25AP_InertialSensor_Backend20_publish_temperatureEhf @ 0x8bb440
QLOITER: _ZN17AP_InertialSensor27calc_vibration_and_clippingEhRK7Vector3IfEf @ 0x8bb4e0
QLOITER: _ZN17AP_InertialSensor19set_accel_peak_holdEhRK7Vector3IfE @ 0x8bb760
QLOITER: _ZN25AP_InertialSensor_Backend13log_accel_rawEhmRK7Vector3IfE @ 0x8bb840
QLOITER: _ZNK25AP_InertialSensor_Backend14get_clip_limitEv @ 0xb255d0
QLOITER: _ZN13LowPassFilterI7Vector3IfEE5applyERKS1_RKf @ 0xb25620
QLOITER: _ZN10DigitalLPFI7Vector3IfEE6_applyERKS1_RKf @ 0xb256e0
QLOITER: _ZNK22AP_InertialSensor_TCal13correct_accelEffR7Vector3IfE @ 0x8bbc20
QLOITER: _ZN25AP_InertialSensor_Backend12update_accelEh @ 0x8bc0a0
QLOITER: _ZN25AP_InertialSensor_Backend11update_gyroEh @ 0x8bc1c0
QLOITER: _ZN25AP_InertialSensor_Backend13_publish_gyroEhRK7Vector3IfE @ 0x8bc320
QLOITER: _ZN25AP_InertialSensor_Backend19update_gyro_filtersEh @ 0x8bc490
QLOITER: _ZNK25AP_InertialSensor_Backend19_gyro_filter_cutoffEv @ 0xb259b0
QLOITER: _ZN25AP_InertialSensor_Backend14_publish_accelEhRK7Vector3IfE @ 0x8bc8d0
QLOITER: _ZN25AP_InertialSensor_Backend20update_accel_filtersEh @ 0x8bcb00
QLOITER: _ZNK25AP_InertialSensor_Backend20_accel_filter_cutoffEv @ 0xb25c90
QLOITER: _ZN18AP_SteerController7reset_IEv @ 0x8bf7f0
QLOITER: _ZN5Plane16control_failsafeEv @ 0x8bf840
QLOITER: _ZN5Plane19update_flight_stageEv @ 0x8bfcd0
QLOITER: _ZNK5Plane18get_throttle_inputEb @ 0x8c0830
QLOITER: _ZNK7AP_AHRS21using_airspeed_sensorEv @ 0x8c0990
QLOITER: _ZNK10RC_Channel22get_control_in_zero_dzEv @ 0x8c0b40
QLOITER: _ZNK10RC_Channel15pwm_to_range_dzEt @ 0x8c0bc0
QLOITER: _ZNK10RC_Channel15pwm_to_angle_dzEt @ 0x8c0d60
QLOITER: _ZNK10RC_Channel20pwm_to_angle_dz_trimEtt @ 0x8c0df0
QLOITER: _ZN5Plane16set_flight_stageEN12AP_FixedWing11FlightStageE @ 0x8c1040
QLOITER: _ZN5Plane16Log_Write_StatusEv @ 0x8c19b0
QLOITER: _ZN17AP_InertialSensor8is_stillEv @ 0x8c1ac0
QLOITER: _ZNK5Plane18rc_failsafe_activeEv @ 0x8c1bd0
QLOITER: _ZNK5Plane20rc_throttle_value_okEv @ 0x8c1c70
QLOITER: _ZN5Plane22calc_altitude_error_cmEv @ 0x8ca720
QLOITER: _Z10expo_curveff @ 0x8cca00
QLOITER: _ZN6AC_PID21set_notch_sample_rateEf @ 0x8ded20
QLOITER: _ZN5Plane14failsafe_checkEv @ 0x8ea080
QLOITER: _ZN11RC_Channels10read_inputEv @ 0x8ea3a0
QLOITER: _ZNK5Plane12roll_in_expoEb @ 0x8ea620
QLOITER: _ZNK5Plane13pitch_in_expoEb @ 0x8ea6b0
QLOITER: _ZNK5Plane14rudder_in_expoEb @ 0x8ea740
QLOITER: _ZN5Plane15flaperon_updateEv @ 0x8eaba0
QLOITER: _ZN11GCS_MAVLINK21send_servo_output_rawEv @ 0x8eac90
QLOITER: _ZL33mavlink_msg_servo_output_raw_send17mavlink_channel_tjhtttttttttttttttt @ 0x8eb0b0
QLOITER: _ZN12SRV_Channels13set_slew_rateEN11SRV_Channel8FunctionEftf @ 0x8eb380
QLOITER: _ZL12channel_expoP10RC_Channelab @ 0x8ecb20
QLOITER: _ZN10RC_Channel6updateEv @ 0x8ecc30
QLOITER: _ZN11RC_Channels23rudder_arm_disarm_checkEv @ 0x8ecda0
QLOITER: _ZNK10RC_Channel12pwm_to_rangeEv @ 0x8ecfa0
QLOITER: _ZNK10RC_Channel12pwm_to_angleEv @ 0x8ed010
QLOITER: _ZNK7AP_AHRS18get_yaw_rate_earthEv @ 0xb30ba0
QLOITER: _ZNK12NavEKF3_core9getMagXYZER7Vector3IfE @ 0x917a40
QLOITER: _ZNK12NavEKF2_core9getMagXYZER7Vector3IfE @ 0x917af0
QLOITER: _ZNK12NavEKF3_core9getMagNEDER7Vector3IfE @ 0x917cc0
QLOITER: _ZNK12NavEKF2_core9getMagNEDER7Vector3IfE @ 0x917d70
QLOITER: _ZNK7AP_AHRS9sin_pitchEv @ 0xb30d50
QLOITER: _ZNK7AP_AHRS9cos_pitchEv @ 0xb30da0
QLOITER: _ZNK7AP_AHRS8cos_rollEv @ 0xb30e40
QLOITER: _ZNK14AP_GPS_Backend32supports_mavlink_gps_rtk_messageEv @ 0xb31110
QLOITER: _ZNK14AP_GPS_Blended7get_lagERf @ 0x91a030
QLOITER: _ZNK14AP_GPS_Blended10is_healthyEv @ 0xb312d0
QLOITER: _ZNK14AP_GPS_Backend36Write_AP_Logger_Log_Startup_messagesEv @ 0x91a0b0
QLOITER: _ZN14AP_GPS_Backend18prepare_for_armingEv @ 0xb313d0
QLOITER: _ZNK14AP_GPS_Backend18_detection_messageEPch @ 0x91a120
QLOITER: _ZN15AP_Compass_SITL6_timerEv @ 0x91bc20
QLOITER: _ZN7FunctorIvJEE14method_wrapperI15AP_Compass_SITLXadL_ZNS2_6_timerEvEEEEvPv @ 0xb319a0
QLOITER: _Z10rand_vec3fv @ 0x91c150
QLOITER: _ZN7VectorNIN15AP_Compass_SITL16readings_compassELh50EEixEh @ 0xb31a50
QLOITER: _ZN15AP_Compass_SITL26_setup_eliptical_correcionEh @ 0x91c1d0
QLOITER: _ZNK18AP_Compass_Backend21get_board_orientationEv @ 0x91c400
QLOITER: _ZN15AP_Compass_SITL4readEv @ 0x91c450
QLOITER: _ZNK22AP_BattMonitor_Backend17has_cell_voltagesEv @ 0xb33030
QLOITER: _ZNK22AP_BattMonitor_Backend15has_temperatureEv @ 0xb33080
QLOITER: _ZNK22AP_BattMonitor_Backend15get_temperatureERf @ 0x91fd40
QLOITER: _ZNK22AP_BattMonitor_Backend22capacity_remaining_pctERh @ 0x91fe00
QLOITER: _ZN22AP_BattMonitor_Backend26update_resistance_estimateEv @ 0x91ff80
QLOITER: _ZN22AP_BattMonitor_Backend16update_failsafesEv @ 0x9202d0
QLOITER: _ZNK22AP_BattMonitor_Backend25get_mavlink_fault_bitmaskEv @ 0xb33130
QLOITER: _ZL3MINIifEDTqultfp_fp0_fp_fp0_ERKT_RKT0_.19314 @ 0x9205f0
QLOITER: _ZN21AP_BattMonitor_Analog4readEv @ 0x922290
QLOITER: _ZNK21AP_BattMonitor_Analog19has_consumed_energyEv @ 0xb33e20
QLOITER: _ZNK21AP_BattMonitor_Analog11has_currentEv @ 0x922490
QLOITER: _ZNK6AP_HAL6OwnPtrINS_9I2CDeviceEEptEv @ 0xb37b20
QLOITER: _ZN15AP_Baro_Backend17_copy_to_frontendEhff @ 0x93c0a0
QLOITER: _ZN12AP_Baro_SITL6_timerEv @ 0x93d330
QLOITER: _ZN7FunctorIvJEE14method_wrapperI12AP_Baro_SITLXadL_ZNS2_6_timerEvEEEEvPv @ 0xb3c960
QLOITER: _ZN7VectorNIN12AP_Baro_SITL13readings_baroELh50EEixEh @ 0xb3ca10
QLOITER: _ZN12AP_Baro_SITL22temperature_adjustmentERfS0_ @ 0x93d720
QLOITER: _ZN12AP_Baro_SITL24wind_pressure_correctionEh @ 0x93d910
QLOITER: _ZL2sqf.2785 @ 0x93db20
QLOITER: _ZN7AP_Baro22_get_air_density_ratioEv @ 0x93db70
QLOITER: _ZL2sqf.2764 @ 0x93dc10
QLOITER: _ZN12AP_Baro_SITL6updateEv @ 0x93dd00
QLOITER: _ZN12AP_Baro_SITL19update_healthy_flagEh @ 0xb3cb20
QLOITER: _ZN12AP_Baro_SITL7healthyEh @ 0x93ddb0
QLOITER: _ZN6RGBLed6updateEv @ 0x943cf0
QLOITER: _ZN10IS31FL319510hw_set_rgbEhhh @ 0x944080
QLOITER: _ZN6RGBLed8_set_rgbEhhh @ 0x944120
QLOITER: _ZNK6RGBLed10rgb_sourceEv @ 0x944230
QLOITER: _ZNK6RGBLed19get_colour_sequenceEv @ 0x944490
QLOITER: _ZNK6RGBLed14get_brightnessEv @ 0x944880
QLOITER: _ZN6RGBLed7set_rgbEhhh @ 0x944980
QLOITER: _ZN10IS31FL31956_timerEv @ 0x944a40
QLOITER: _ZN7FunctorIvJEE14method_wrapperI10IS31FL3195XadL_ZNS2_6_timerEvEEEEvPv @ 0xb3dc90
QLOITER: _ZN6LP556210hw_set_rgbEhhh @ 0x944f30
QLOITER: _ZN6LP55626_timerEv @ 0x944fd0
QLOITER: _ZN7FunctorIvJEE14method_wrapperI6LP5562XadL_ZNS2_6_timerEvEEEEvPv @ 0xb3e000
QLOITER: _ZN14ToshibaLED_I2C10hw_set_rgbEhhh @ 0x946d50
QLOITER: _ZN14ToshibaLED_I2C6_timerEv @ 0x946e00
QLOITER: _ZN7FunctorIvJEE14method_wrapperI14ToshibaLED_I2CXadL_ZNS2_6_timerEvEEEEvPv @ 0xb3ed10
QLOITER: _ZNK9QuadPlane14show_vtol_viewEv @ 0x9479d0
QLOITER: _ZN5Plane20nav_scripting_activeEv @ 0x947d70
QLOITER: _ZN5Plane14fix_terrain_WPER8Locationj @ 0x947e80
QLOITER: _Z11wrap_180_cdIiET_S0_ @ 0xb3f0a0
QLOITER: _ZNK8Location20line_path_proportionERKS_S1_ @ 0x9487d0
QLOITER: _ZN7AP_TECS19set_path_proportionEf @ 0xb3f110
QLOITER: _ZL2sqf.3123 @ 0x948c70
QLOITER: _ZN9QuadPlane9is_flyingEv @ 0x9490d0
QLOITER: _ZN7FunctorIvJEE14method_wrapperI5PlaneXadL_ZNS2_11ahrs_updateEvEEEEvPv @ 0xb3f190
QLOITER: _ZN7FunctorIvJEE14method_wrapperI5PlaneXadL_ZNS2_19update_control_modeEvEEEEvPv @ 0xb3f240
QLOITER: _ZN7FunctorIvJEE14method_wrapperI5PlaneXadL_ZNS2_9stabilizeEvEEEEvPv @ 0xb3f2f0
QLOITER: _ZN7FunctorIvJEE14method_wrapperI5PlaneXadL_ZNS2_10set_servosEvEEEEvPv @ 0xb3f3a0
QLOITER: _ZN7FunctorIvJEE14method_wrapperI5PlaneXadL_ZNS2_10read_radioEvEEEEvPv @ 0xb3f450
QLOITER: _ZN7FunctorIvJEE14method_wrapperI5PlaneXadL_ZNS2_20check_short_failsafeEvEEEEvPv @ 0xb3f500
QLOITER: _ZN7FunctorIvJEE14method_wrapperI5PlaneXadL_ZNS2_19update_speed_heightEvEEEEvPv @ 0xb3f5b0
QLOITER: _ZN7FunctorIvJEE14method_wrapperI5PlaneXadL_ZNS2_21update_throttle_hoverEvEEEEvPv @ 0xb3f660
QLOITER: _ZN7FunctorIvJEE14method_wrapperI11RC_ChannelsXadL_ZNS2_16read_mode_switchEvEEEEvPv @ 0xb3f710
QLOITER: _ZN7FunctorIvJEE14method_wrapperI5PlaneXadL_ZNS2_15update_GPS_50HzEvEEEEvPv @ 0xb3f7b0
QLOITER: _ZN7FunctorIvJEE14method_wrapperI5PlaneXadL_ZNS2_15update_GPS_10HzEvEEEEvPv @ 0xb3f860
QLOITER: _ZN7FunctorIvJEE14method_wrapperI5PlaneXadL_ZNS2_8navigateEvEEEEvPv @ 0xb3f910
QLOITER: _ZN7FunctorIvJEE14method_wrapperI5PlaneXadL_ZNS2_14update_compassEvEEEEvPv @ 0xb3f9c0
QLOITER: _ZN7FunctorIvJEE14method_wrapperI5PlaneXadL_ZNS2_20calc_airspeed_errorsEvEEEEvPv @ 0xb3fa70
QLOITER: _ZN7FunctorIvJEE14method_wrapperI5PlaneXadL_ZNS2_10update_altEvEEEEvPv @ 0xb3fb20
QLOITER: _ZN7FunctorIvJEE14method_wrapperI5PlaneXadL_ZNS2_22adjust_altitude_targetEvEEEEvPv @ 0xb3fbd0
QLOITER: _ZN7FunctorIvJEE14method_wrapperI5PlaneXadL_ZNS2_12afs_fs_checkEvEEEEvPv @ 0xb3fc80
QLOITER: _ZN7FunctorIvJEE14method_wrapperI5PlaneXadL_ZNS2_9ekf_checkEvEEEEvPv @ 0xb3fd30
QLOITER: _ZN7FunctorIvJEE14method_wrapperI3GCSXadL_ZNS2_14update_receiveEvEEEEvPv @ 0xb3fde0
QLOITER: _ZN7FunctorIvJEE14method_wrapperI3GCSXadL_ZNS2_11update_sendEvEEEEvPv @ 0xb3fe90
QLOITER: _ZN7FunctorIvJEE14method_wrapperI19AP_ServoRelayEventsXadL_ZNS2_13update_eventsEvEEEEvPv @ 0xb3ff40
QLOITER: _ZN7FunctorIvJEE14method_wrapperI14AP_BattMonitorXadL_ZNS2_4readEvEEEEvPv @ 0xb3fff0
QLOITER: _ZN7FunctorIvJEE14method_wrapperI5PlaneXadL_ZNS2_16read_rangefinderEvEEEEvPv @ 0xb400a0
QLOITER: _ZN7FunctorIvJEE14method_wrapperI11AP_ICEngineXadL_ZNS2_6updateEvEEEEvPv @ 0xb40150
QLOITER: _ZN7FunctorIvJEE14method_wrapperI14AP_OpticalFlowXadL_ZNS2_6updateEvEEEEvPv @ 0xb40200
QLOITER: _ZN7FunctorIvJEE14method_wrapperI5PlaneXadL_ZNS2_15one_second_loopEvEEEEvPv @ 0xb402b0
QLOITER: _ZN7FunctorIvJEE14method_wrapperI5PlaneXadL_ZNS2_13three_hz_loopEvEEEEvPv @ 0xb40360
QLOITER: _ZN7FunctorIvJEE14method_wrapperI5PlaneXadL_ZNS2_19check_long_failsafeEvEEEEvPv @ 0xb40410
QLOITER: _ZN7FunctorIvJEE14method_wrapperI5PlaneXadL_ZNS2_21airspeed_ratio_updateEvEEEEvPv @ 0xb404c0
QLOITER: _ZN7FunctorIvJEE14method_wrapperI8AP_MountXadL_ZNS2_6updateEvEEEEvPv @ 0xb40570
QLOITER: _ZN7FunctorIvJEE14method_wrapperI9AP_CameraXadL_ZNS2_6updateEvEEEEvPv @ 0xb40620
QLOITER: _ZN7FunctorIvJEE14method_wrapperI12AP_SchedulerXadL_ZNS2_14update_loggingEvEEEEvPv @ 0xb406d0
QLOITER: _ZN7FunctorIvJEE14method_wrapperI5PlaneXadL_ZNS2_18Log_Write_FullRateEvEEEEvPv @ 0xb40780
QLOITER: _ZN7FunctorIvJEE14method_wrapperI5PlaneXadL_ZNS2_16update_logging10EvEEEEvPv @ 0xb40830
QLOITER: _ZN7FunctorIvJEE14method_wrapperI5PlaneXadL_ZNS2_16update_logging25EvEEEEvPv @ 0xb408e0
QLOITER: _ZN7FunctorIvJEE14method_wrapperI5PlaneXadL_ZNS2_14update_soaringEvEEEEvPv @ 0xb40990
QLOITER: _ZN7FunctorIvJEE14method_wrapperI5PlaneXadL_ZNS2_15parachute_checkEvEEEEvPv @ 0xb40a40
QLOITER: _ZN7FunctorIvJEE14method_wrapperI10AP_TerrainXadL_ZNS2_6updateEvEEEEvPv @ 0xb40af0
QLOITER: _ZN7FunctorIvJEE14method_wrapperI5PlaneXadL_ZNS2_20update_is_flying_5HzEvEEEEvPv @ 0xb40ba0
QLOITER: _ZN7FunctorIvJEE14method_wrapperI9AP_LoggerXadL_ZNS2_14periodic_tasksEvEEEEvPv @ 0xb40c50
QLOITER: _ZN7FunctorIvJEE14method_wrapperI17AP_InertialSensorXadL_ZNS2_8periodicEvEEEEvPv @ 0xb40d00
QLOITER: _ZN7FunctorIvJEE14method_wrapperI5PlaneXadL_ZNS2_21avoidance_adsb_updateEvEEEEvPv @ 0xb40db0
QLOITER: _ZN7FunctorIvJEE14method_wrapperI11RC_ChannelsXadL_ZNS2_12read_aux_allEvEEEEvPv @ 0xb40e60
QLOITER: _ZN7FunctorIvJEE14method_wrapperI9AP_ButtonXadL_ZNS2_6updateEvEEEEvPv @ 0xb40f10
QLOITER: _ZN7FunctorIvJEE14method_wrapperI5PlaneXadL_ZNS2_19landing_gear_updateEvEEEEvPv @ 0xb40fc0
QLOITER: _ZN7FunctorIvJEE14method_wrapperI5PlaneXadL_ZNS2_15precland_updateEvEEEEvPv @ 0xb41070
QLOITER: _ZN7FunctorIvJEE14method_wrapperI5PlaneXadL_ZNS2_16update_quicktuneEvEEEEvPv @ 0xb41120
QLOITER: _ZN5Plane16update_quicktuneEv @ 0x949920
QLOITER: _ZN12AP_Quicktune6updateEb @ 0x9499a0
QLOITER: _ZN5Plane15precland_updateEv @ 0x94bce0
QLOITER: _ZN11AC_PrecLand6updateEfb @ 0x94bd70
QLOITER: _ZNK7AP_AHRS37get_relative_position_NE_origin_floatER7Vector2IfE @ 0x94cea0
QLOITER: _ZNK7AP_AHRS31get_relative_position_NE_originER7Vector2IdE @ 0x94cf50
QLOITER: _ZN5Plane19landing_gear_updateEv @ 0x94e6f0
QLOITER: _ZN14AP_LandingGear6updateEf @ 0x94e770
QLOITER: _ZN9AP_Button6updateEv @ 0x94ebe0
QLOITER: _ZN11RC_Channels12read_aux_allEv @ 0x94f860
QLOITER: _ZN10RC_Channel8read_auxEv @ 0x94f950
QLOITER: _ZN9AP_Logger10Write_RCINEv @ 0x94fb50
QLOITER: _ZN11RC_Channels12get_radio_inEPth @ 0x94fd40
QLOITER: _ZNK11RC_Channels17get_override_maskEv @ 0x94fe30
QLOITER: _ZL3MINIhiEDTqultfp_fp0_fp_fp0_ERKT_RKT0_.7413 @ 0x94fef0
QLOITER: _ZN5Plane21avoidance_adsb_updateEv @ 0x950300
QLOITER: _ZN7AP_ADSB6updateEv @ 0x950370
QLOITER: _ZN12AP_Avoidance6updateEv @ 0x950550
QLOITER: _ZN12AP_Avoidance13check_startupEv @ 0x950610
QLOITER: _ZN7AP_ADSB3LocC2Ev @ 0xb41db0
QLOITER: _ZNK7AP_AHRS19get_vert_pos_rate_DERf @ 0x951e50
QLOITER: _ZN7AP_ADSB6updateERKNS_3LocE @ 0x951f80
QLOITER: _ZNK7NavEKF320getPosDownDerivativeEv @ 0x952640
QLOITER: _ZNK12NavEKF3_core20getPosDownDerivativeEv @ 0x952890
QLOITER: _ZNK12NavEKF2_core20getPosDownDerivativeEv @ 0x9528f0
QLOITER: _ZN17AP_InertialSensor8periodicEv @ 0x952950
QLOITER: _ZN17AP_InertialSensor12BatchSampler8periodicEv @ 0x9529b0
QLOITER: _ZN9AP_Logger14periodic_tasksEv @ 0x952fd0
QLOITER: _ZN5Plane20update_is_flying_5HzEv @ 0x953070
QLOITER: _ZL3MAXI9AP_ParamTIsL11ap_var_type2EEiEDTqugtfp_fp0_fp_fp0_ERKT_RKT0_.1261 @ 0x953790
QLOITER: _ZNK10AP_Landing14is_on_approachEv @ 0x953970
QLOITER: _ZNK10AP_Landing10is_flaringEv @ 0x953a50
QLOITER: _ZN7AP_ADSB13set_is_flyingEb @ 0xb41e70
QLOITER: _ZN12AP_Parachute13set_is_flyingEb @ 0xb41ed0
QLOITER: _ZN8AP_Stats10set_flyingEb @ 0x953b20
QLOITER: _ZN5Plane22crash_detection_updateEv @ 0x953bf0
QLOITER: _ZN10AP_Vehicle17set_likely_flyingEb @ 0xb41f40
QLOITER: _ZN10AP_Terrain6updateEv @ 0x9543c0
QLOITER: _ZN10AP_Terrain16schedule_disk_ioEv @ 0x954590
QLOITER: _ZN10AP_Terrain19update_mission_dataEv @ 0x9547e0
QLOITER: _ZN10AP_Terrain17update_rally_dataEv @ 0x954af0
QLOITER: _ZN10AP_Terrain24update_surrounding_tilesERK8Location @ 0x954cc0
QLOITER: _ZNK8AP_Rally19last_change_time_msEv @ 0xb41fd0
QLOITER: _ZNK10AP_Mission19last_change_time_msEv @ 0xb42020
QLOITER: _ZN10AP_Terrain15check_disk_readEv @ 0x954e40
QLOITER: _ZN10AP_Terrain16check_disk_writeEv @ 0x954f20
QLOITER: _ZN10AP_Terrain8io_timerEv @ 0x955280
QLOITER: _ZN7FunctorIvJEE14method_wrapperI10AP_TerrainXadL_ZNS2_8io_timerEvEEEEvPv @ 0xb420d0
QLOITER: _ZN5Plane15parachute_checkEv @ 0x955da0
QLOITER: _ZN12AP_Parachute6updateEv @ 0x955e10
QLOITER: _ZN12AP_Parachute15check_sink_rateEv @ 0x9560a0
QLOITER: _ZN5Plane14update_soaringEv @ 0x956150
QLOITER: _ZN17SoaringController19update_active_stateEb @ 0x956370
QLOITER: _ZNK17SoaringController9is_activeEv @ 0xb42180
QLOITER: _ZNK7AP_TECS19get_target_airspeedEv @ 0xb426b0
QLOITER: _ZNK17SoaringController12active_stateEb @ 0x959b10
QLOITER: _ZN5Plane16update_logging25Ev @ 0x959c30
QLOITER: _ZN5Plane18Log_Write_AttitudeEv @ 0x959d90
QLOITER: _ZN5Plane24Log_Write_Control_TuningEv @ 0x95a1f0
QLOITER: _ZNK17AP_InertialSensor24write_notch_log_messagesEv @ 0x95a3f0
QLOITER: _ZN10AP_GyroFFT18write_log_messagesEv @ 0x95a6f0
QLOITER: _ZN5Plane20Log_Write_Nav_TuningEv @ 0x95a920
QLOITER: _ZN5Plane16Log_Write_GuidedEv @ 0x95aa80
QLOITER: _ZN5Plane12Log_Write_RCEv @ 0x95ab80
QLOITER: _ZNK17AP_InertialSensor15Write_VibrationEv @ 0x95ac30
QLOITER: _ZNK17AP_InertialSensor20get_accel_clip_countEh @ 0x95ad50
QLOITER: _ZN9AP_Logger11Write_RCOUTEv @ 0x95adf0
QLOITER: _ZN5Plane14Log_Write_AETREv @ 0x95b3c0
QLOITER: _ZN9AP_Logger9Write_PIDEhRK10AP_PIDInfo @ 0x95b590
QLOITER: _ZNK7AP_AHRS17airspeed_estimateERfRNS_20AirspeedEstimateTypeE @ 0x95bd90
QLOITER: _ZNK7AP_AHRS18synthetic_airspeedERf @ 0x95be30
QLOITER: _ZN7AP_TECS19get_throttle_demandEv @ 0xb43710
QLOITER: _ZNK11AP_AHRS_DCM22synthetic_airspeed_EASERf @ 0xb43770
QLOITER: _ZNK7AP_AHRS14Write_AttitudeERK7Vector3IfE @ 0x95bfb0
QLOITER: _ZNK16AP_YawController7enabledEv @ 0xb438d0
QLOITER: _ZNK18AP_SteerController6activeEv @ 0x95c180
QLOITER: _ZN7AP_AHRS9Log_WriteEv @ 0x95c1f0
QLOITER: _ZN7NavEKF29Log_WriteEv @ 0x95c280
QLOITER: _ZN7NavEKF39Log_WriteEv @ 0x95c390
QLOITER: _ZNK7AP_AHRS11Write_AHRS2Ev @ 0x95c4a0
QLOITER: _ZNK7AP_AHRS9Write_POSEv @ 0x95c680
QLOITER: _ZN4SITL3SIM18Log_Write_SIMSTATEEv @ 0x95c7e0
QLOITER: _ZNK7AP_AHRS36get_relative_position_D_origin_floatERf @ 0x95c970
QLOITER: _ZNK7AP_AHRS22get_secondary_attitudeER7Vector3IfE @ 0xb43a00
QLOITER: _ZNK7AP_AHRS22get_secondary_positionER8Location @ 0xb43a80
QLOITER: _ZNK7AP_AHRS24get_secondary_quaternionER11QuaternionTIfE @ 0xb43b00
QLOITER: _ZL7degreesf.2388 @ 0x95ca00
QLOITER: _ZN12NavEKF3_core9Log_WriteEm @ 0x95ca50
QLOITER: _ZNK7AP_EnumIN7NavEKF38LogLevelEEcvKS1_Ev @ 0xb43b80
QLOITER: _ZNK12NavEKF3_core14Log_Write_XKF4Em @ 0x95cba0
QLOITER: _ZN12NavEKF3_core13Log_Write_GSFEm @ 0x95cef0
QLOITER: _ZNK12NavEKF3_core14Log_Write_XKF1Em @ 0x95cfa0
QLOITER: _ZNK12NavEKF3_core14Log_Write_XKF2Em @ 0x95d270
QLOITER: _ZNK12NavEKF3_core14Log_Write_XKF3Em @ 0x95d510
QLOITER: _ZNK12NavEKF3_core14Log_Write_XKF5Em @ 0x95d770
QLOITER: _ZNK12NavEKF3_core14Log_Write_XKFSEm @ 0x95d9d0
QLOITER: _ZNK12NavEKF3_core20Log_Write_QuaternionEm @ 0x95dae0
QLOITER: _ZN12NavEKF3_core16Log_Write_BeaconEm @ 0x95dbc0
QLOITER: _ZN12NavEKF3_core18Log_Write_BodyOdomEm @ 0x95deb0
QLOITER: _ZN12NavEKF3_core25Log_Write_State_VariancesEm @ 0x95e020
QLOITER: _ZN12NavEKF3_core16Log_Write_TimingEm @ 0x95e340
QLOITER: _ZNK6AP_DAL12logging_coreEh @ 0x95e4a0
QLOITER: _ZL3MAXIjjEDTqugtfp_fp0_fp_fp0_ERKT_RKT0_.5171 @ 0x95e4f0
QLOITER: _ZNK16AP_NavEKF_Source21getPosVelYawSourceSetEv @ 0xb43bd0
QLOITER: _ZL3MAXIddEDTqugtfp_fp0_fp_fp0_ERKT_RKT0_.5169 @ 0x95e570
QLOITER: _ZL3MINIdiEDTqultfp_fp0_fp_fp0_ERKT_RKT0_.5170 @ 0x95e5f0
QLOITER: _ZNK12NavEKF3_core14getInnovationsER7Vector3IfES2_S2_RfS3_ @ 0x95e690
QLOITER: _ZL7degreesf.5167 @ 0x95e890
QLOITER: _ZNK12NavEKF3_core26getSynthAirDataInnovationsER7Vector2IfERf @ 0x95e8e0
QLOITER: _ZN10EKFGSF_yaw9Log_WriteEm11LogMessagesS0_h @ 0x95e9b0
QLOITER: _ZL7degreesf.20074 @ 0x95ed30
QLOITER: _ZL3MAXIffEDTqugtfp_fp0_fp_fp0_ERKT_RKT0_.20075 @ 0x95ed80
QLOITER: _ZL3MAXIdfEDTqugtfp_fp0_fp_fp0_ERKT_RKT0_.5168 @ 0x95ee00
QLOITER: _ZN12NavEKF2_core9Log_WriteEm @ 0x95eea0
QLOITER: _ZNK12NavEKF2_core14Log_Write_NKF1Em @ 0x95ef70
QLOITER: _ZNK12NavEKF2_core14Log_Write_NKF2Em @ 0x95f240
QLOITER: _ZNK12NavEKF2_core14Log_Write_NKF3Em @ 0x95f4a0
QLOITER: _ZNK12NavEKF2_core14Log_Write_NKF4Em @ 0x95f6e0
QLOITER: _ZNK12NavEKF2_core14Log_Write_NKF5Em @ 0x95fa20
QLOITER: _ZNK12NavEKF2_core20Log_Write_QuaternionEm @ 0x95fc80
QLOITER: _ZNK12NavEKF2_core13Log_Write_GSFEm @ 0x95fd60
QLOITER: _ZN12NavEKF2_core16Log_Write_BeaconEm @ 0x95fe10
QLOITER: _ZN12NavEKF2_core16Log_Write_TimingEm @ 0x9600c0
QLOITER: _ZL3MAXIddEDTqugtfp_fp0_fp_fp0_ERKT_RKT0_ @ 0x960220
QLOITER: _ZL3MINIdiEDTqultfp_fp0_fp_fp0_ERKT_RKT0_ @ 0x9602a0
QLOITER: _ZNK12NavEKF2_core18getFilterGpsStatusER14nav_gps_status @ 0x960340
QLOITER: _ZNK12NavEKF2_core14getInnovationsER7Vector3IfES2_S2_RfS3_ @ 0x9605f0
QLOITER: _ZL7degreesf.4695 @ 0x9607f0
QLOITER: _ZNK12NavEKF2_core27getGyroScaleErrorPercentageER7Vector3IfE @ 0x960840
QLOITER: _ZNK16AP_YawController20rate_control_enabledEv @ 0xb43c20
QLOITER: _ZN5Plane16update_logging10Ev @ 0x960930
QLOITER: _ZNK7AP_AHRS13Write_AOA_SSAEv @ 0x960a40
QLOITER: _ZN8AP_Mount9write_logEv @ 0x960ae0
QLOITER: _ZNK7AP_AHRS6getAOAEv @ 0xb43c90
QLOITER: _ZNK7AP_AHRS6getSSAEv @ 0xb43ce0
QLOITER: _ZN5Plane18Log_Write_FullRateEv @ 0x960b90
QLOITER: _ZN12AP_Scheduler14update_loggingEv @ 0x960c30
QLOITER: _ZN12AP_Scheduler11debug_flagsEv @ 0xb43d30
QLOITER: _ZN12AP_Scheduler21Log_Write_PerformanceEv @ 0x960ea0
QLOITER: _ZN2AP8PerfInfo13has_task_infoEv @ 0xb43d90
QLOITER: _ZNK2AP8PerfInfo20get_num_long_runningEv @ 0x9610b0
QLOITER: _ZNK2AP8PerfInfo13get_num_loopsEv @ 0x961100
QLOITER: _ZNK2AP8PerfInfo12get_max_timeEv @ 0x961150
QLOITER: _ZN12AP_Scheduler12load_averageEv @ 0x9611a0
QLOITER: _ZNK16AP_InternalError5countEv @ 0xb43df0
QLOITER: _ZN9AP_Camera6updateEv @ 0x9613e0
QLOITER: _ZN8AP_Mount6updateEv @ 0x9614a0
QLOITER: _ZN5Plane21airspeed_ratio_updateEv @ 0x961550
QLOITER: _ZN11AP_Airspeed18update_calibrationERK7Vector3IfEs @ 0x9617c0
QLOITER: _ZN11AP_Airspeed18update_calibrationEhRK7Vector3IfEs @ 0x961870
QLOITER: _ZN11AP_Airspeed25send_airspeed_calibrationERK7Vector3IfE @ 0x961d40
QLOITER: _ZN5Plane19check_long_failsafeEv @ 0x962620
QLOITER: _ZN5Plane13three_hz_loopEv @ 0x963340
QLOITER: _ZN5Plane11fence_checkEv @ 0x963390
QLOITER: _ZNK8AC_Fence10get_actionEv @ 0xb44430
QLOITER: _ZN5Plane15one_second_loopEv @ 0x964180
QLOITER: _ZN7AP_ADSB18set_stall_speed_cmEt @ 0xb44700
QLOITER: _ZN7AP_ADSB13set_max_speedEs @ 0xb44790
QLOITER: _ZN10AP_Terrain16log_terrain_dataEv @ 0x964630
QLOITER: _ZN16AP_FW_Controller21set_notch_sample_rateEf @ 0xb44830
QLOITER: _ZN16AP_YawController21set_notch_sample_rateEf @ 0xb448a0
QLOITER: _ZN14AP_OpticalFlow6updateEv @ 0x964bc0
QLOITER: _ZN11AP_ICEngine6updateEv @ 0x966170
QLOITER: _ZN5Plane16read_rangefinderEv @ 0x967060
QLOITER: _ZN11RangeFinder28set_estimated_terrain_heightEf @ 0xb44970
QLOITER: _ZN11RangeFinder6updateEv @ 0x967170
QLOITER: _ZN5Plane25rangefinder_height_updateEv @ 0x967290
QLOITER: _ZNK11RangeFinder8Log_RFNDEv @ 0x967a30
QLOITER: _ZN14AP_BattMonitor4readEv @ 0x967b70
QLOITER: _ZN9AP_Logger11Write_PowerEv @ 0x967da0
QLOITER: _ZNK22AP_BattMonitor_Backend13Log_Write_BATEhm @ 0x967df0
QLOITER: _ZNK22AP_BattMonitor_Backend13Log_Write_BCLEhm @ 0x968090
QLOITER: _ZN14AP_BattMonitor15check_failsafesEv @ 0x968290
QLOITER: _ZN14AP_BattMonitor16checkPoweringOffEv @ 0x9685a0
QLOITER: _ZNK22AP_BattMonitor_Backend23get_state_of_health_pctERh @ 0x968700
QLOITER: _ZN5Plane9ekf_checkEv @ 0x968790
QLOITER: _ZNK9QuadPlane19in_vtol_posvel_modeEv @ 0x968a40
QLOITER: _ZN5Plane22failsafe_ekf_off_eventEv @ 0x968ba0
QLOITER: _ZN5Plane12afs_fs_checkEv @ 0x968f60
QLOITER: _ZN19AP_AdvancedFailsafe5checkEj @ 0x968fc0
QLOITER: _ZN5Plane22adjust_altitude_targetEv @ 0x969d50
QLOITER: _ZN5Plane10update_altEv @ 0x969db0
QLOITER: _ZN12AP_Parachute13set_sink_rateEf @ 0x96a1e0
QLOITER: _ZNK9QuadPlane19should_disable_TECSEv @ 0x96a2d0
QLOITER: _ZNK8ModeAuto9in_pullupEv @ 0xb44b80
QLOITER: _ZN5Plane21reached_loiter_targetEv @ 0x96f1d0
QLOITER: _ZNK12GliderPullup9in_pullupEv @ 0x96f4b0
QLOITER: _ZN5Plane20calc_airspeed_errorsEv @ 0x96f570
QLOITER: _ZL3MAXIffEDTqugtfp_fp0_fp_fp0_ERKT_RKT0_.1632 @ 0x9701f0
QLOITER: _ZN5Plane17calc_speed_scalerEv @ 0x970270
QLOITER: _ZL3MAXI9AP_ParamTIsL11ap_var_type2EEiEDTqugtfp_fp0_fp_fp0_ERKT_RKT0_ @ 0x971590
QLOITER: _ZL3MINIffEDTqultfp_fp0_fp_fp0_ERKT_RKT0_ @ 0x971620
QLOITER: _ZL3MAXIffEDTqugtfp_fp0_fp_fp0_ERKT_RKT0_ @ 0x9716b0
QLOITER: _ZN5Plane14update_compassEv @ 0x971860
QLOITER: _ZN5Plane8navigateEv @ 0x9718c0
QLOITER: _ZN5Plane21check_home_alt_changeEv @ 0x9719f0
QLOITER: _ZN5Plane19loiter_angle_updateEv @ 0x971af0
QLOITER: _ZN7AP_TECS15offset_altitudeEf @ 0x971dd0
QLOITER: _ZN5Plane15update_GPS_10HzEv @ 0x971ef0
QLOITER: _ZN7AP_AHRS13estimate_windEv @ 0xb44e50
QLOITER: _ZN5Plane24calc_gndspeed_undershootEv @ 0x972100
QLOITER: _ZN11AP_AHRS_DCM13estimate_windEv @ 0x9722b0
QLOITER: _ZN5Plane15update_GPS_50HzEv @ 0x972970
QLOITER: _ZN6AP_GPS6updateEv @ 0x9729e0
QLOITER: _ZN6AP_GPS15update_instanceEh @ 0x972b60
QLOITER: _ZN6AP_GPS14update_primaryEv @ 0x973300
QLOITER: _ZN14AP_GPS_Blended19zero_health_counterEv @ 0xb44eb0
QLOITER: _ZN6AP_GPS9Write_GPSEh @ 0x974ad0
QLOITER: _ZL3MINIfiEDTqultfp_fp0_fp_fp0_ERKT_RKT0_.3555 @ 0x974f10
QLOITER: _ZNK6AP_GPS26last_message_delta_time_msEh @ 0xb44f60
QLOITER: _ZNK6AP_GPS10should_logEv @ 0x974fb0
QLOITER: _ZN6AP_GPS16send_blob_updateEh @ 0x976130
QLOITER: _ZN14AP_GPS_Backend14check_new_itowEjj @ 0x97ae80
QLOITER: _ZN12AP_GPS_UBLOX20_request_next_configEv @ 0x97f0e0
QLOITER: _ZN12AP_GPS_UBLOX21_request_message_rateEhh @ 0x97fb80
QLOITER: _ZN12AP_GPS_UBLOX13_request_portEv @ 0x97fc40
QLOITER: _ZN12AP_GPS_UBLOX13_send_messageEhhPKvt @ 0x97fcd0
QLOITER: _ZN12AP_GPS_UBLOX16_update_checksumEPhtRhS1_ @ 0x980b90
QLOITER: _ZN12AP_GPS_UBLOX4readEv @ 0x980cc0
QLOITER: _ZNK12AP_GPS_UBLOX13is_configuredEv @ 0xb45de0
QLOITER: _ZNK12AP_GPS_UBLOX7get_lagERf @ 0x9813a0
QLOITER: _ZNK12AP_GPS_UBLOX10is_healthyEv @ 0x981530
QLOITER: _ZNK12AP_GPS_UBLOX4nameEv @ 0xb45e30
QLOITER: _ZNK12AP_GPS_UBLOX36Write_AP_Logger_Log_Startup_messagesEv @ 0x981630
QLOITER: _ZL3MINIjjEDTqultfp_fp0_fp_fp0_ERKT_RKT0_.3850 @ 0x981980
QLOITER: _ZN12AP_GPS_UBLOXUt_ixEm @ 0xb45ef0
QLOITER: _ZN12AP_GPS_UBLOX10_parse_gpsEv @ 0x981a00
QLOITER: _ZN12AP_GPS_UBLOX15_check_new_itowEj @ 0x984ec0
QLOITER: _ZN12AP_GPS_UBLOX23_configure_message_rateEhhh @ 0x984f40
QLOITER: _ZN5Plane21update_throttle_hoverEv @ 0x98c540
QLOITER: _ZN9QuadPlane21update_throttle_hoverEv @ 0x98c5a0
QLOITER: _ZN5Plane19update_speed_heightEv @ 0x98cdb0
QLOITER: _ZN5Plane20check_short_failsafeEv @ 0x98df10
QLOITER: _ZN5Plane10read_radioEv @ 0x98e540
QLOITER: _ZNK5Plane17fence_stickmixingEv @ 0x98e7b0
QLOITER: _ZN10Tailsitter11check_inputEv @ 0x98e860
QLOITER: _ZN9AP_Tuning11check_inputEh @ 0x98e930
QLOITER: _ZN5Plane10set_servosEv @ 0x98f8e0
QLOITER: _ZN9QuadPlane6updateEv @ 0x98fc40
QLOITER: _ZN5Plane12set_throttleEv @ 0x990270
QLOITER: _ZN5Plane20set_takeoff_expectedEv @ 0x9904c0
QLOITER: _ZN5Plane16set_servos_flapsEv @ 0x990620
QLOITER: _ZN5Plane15airbrake_updateEv @ 0x990ab0
QLOITER: _ZN5Plane19throttle_slew_limitEv @ 0x990c30
QLOITER: _ZN11AP_ICEngine17throttle_overrideERff @ 0x990f50
QLOITER: _ZN12ParametersG212FWD_BATT_CMP6updateEv @ 0x991470
QLOITER: _ZN5Plane17suppress_throttleEv @ 0x9919d0
QLOITER: _ZN5Plane9stabilizeEv @ 0x997250
QLOITER: _ZN4Mode17reset_controllersEv @ 0x9975f0
QLOITER: _ZN7AP_TECS5resetEv @ 0xb47e60
QLOITER: _ZN5Plane19update_control_modeEv @ 0x999e70
QLOITER: _ZN5Plane18update_fly_forwardEv @ 0x999f50
QLOITER: _ZN12ModeAutoLand23check_takeoff_directionEv @ 0x99a100
QLOITER: _ZN5Plane11ahrs_updateEv @ 0x99a430
QLOITER: _ZNK17AP_InertialSensor9Write_IMUEv @ 0x99a6a0
QLOITER: _ZN9QuadPlane15check_yaw_resetEv @ 0x99a760
QLOITER: _ZN14AP_InertialNav6updateEb @ 0x99a820
QLOITER: _ZN9AP_Follow16update_estimatesEv @ 0x99ab90
QLOITER: _ZN9AP_Follow32clear_dist_and_bearing_to_targetEv @ 0x99bb10
QLOITER: _ZL3MAXIhhEDTqugtfp_fp0_fp_fp0_ERKT_RKT0_ @ 0x99c470
QLOITER: _ZNK17AP_InertialSensor18Write_IMU_instanceEmh @ 0x99c4f0
QLOITER: _ZNK17AP_InertialSensor16get_gyro_rate_hzEh @ 0xb47f10
QLOITER: _ZNK17AP_InertialSensor17get_accel_rate_hzEh @ 0xb47f90
QLOITER: _ZN5Plane28set_target_altitude_locationERK8Location @ 0x9aa060
QLOITER: _ZNK14AP_BattMonitor22capacity_remaining_pctERhh @ 0x9b4930
QLOITER: _ZNK4Mode12is_vtol_modeEv @ 0xb4de30
QLOITER: _ZN4Mode22update_target_altitudeEv @ 0x9b57d0
QLOITER: _ZNK4Mode18supports_quicktuneEv @ 0xb4e210
QLOITER: _ZNK4Mode15_pre_arm_checksEmPc @ 0x9b5fe0
QLOITER: _ZN10AP_Landing28get_target_altitude_locationER8Location @ 0x9b6890
QLOITER: _ZN4Mode8navigateEv @ 0xb4e7a0
QLOITER: _ZNK4Mode23allows_throttle_nudgingEv @ 0xb4e7f0
QLOITER: _ZNK4Mode18does_auto_throttleEv @ 0xb4e890
QLOITER: _ZN4Mode26output_rudder_and_steeringEf @ 0x9be320
QLOITER: _ZNK11ModeQLoiter12is_vtol_modeEv @ 0xb500a0
QLOITER: _ZN10ModeManual3runEv @ 0x9c8f90
QLOITER: _ZNK10ModeManual11mode_numberEv @ 0xb50690
QLOITER: _ZN10ModeManual6updateEv @ 0x9c8fe0
QLOITER: _ZNK10ModeManual19use_throttle_limitsEv @ 0x9c90d0
QLOITER: _ZNK10ModeManual24use_battery_compensationEv @ 0xb50780
QLOITER: _ZNK10ModeManual33allows_autoland_direction_captureEv @ 0xb507d0
QLOITER: _ZN5Plane19throttle_percentageEv @ 0x9ce0d0
QLOITER: _ZNK9GCS_Plane11custom_modeEv @ 0x9d9a70
QLOITER: _ZNK9GCS_Plane10frame_typeEv @ 0x9d9ad0
QLOITER: _ZN9GCS_Plane4chanEh @ 0xb52b30
QLOITER: _ZN9GCS_Plane34update_vehicle_sensor_status_flagsEv @ 0x9d9b30
QLOITER: _ZNK9GCS_Plane26min_status_for_gps_healthyEv @ 0xb52cf0
QLOITER: _ZN17GCS_MAVLINK_Plane14packetReceivedERK16__mavlink_statusRK17__mavlink_message @ 0x9da0b0
QLOITER: _ZNK11GCS_MAVLINK13mission_stateERK10AP_Mission @ 0x9da150
QLOITER: _ZNK11GCS_MAVLINK16send_rangefinderEv @ 0x9da230
QLOITER: _ZNK17GCS_MAVLINK_Plane26send_nav_controller_outputEv @ 0x9da300
QLOITER: _ZN17GCS_MAVLINK_Plane15send_pid_tuningEv @ 0x9da790
QLOITER: _ZN11GCS_MAVLINK21send_scaled_pressure3Ev @ 0x9dab70
QLOITER: _ZNK17GCS_MAVLINK_Plane13send_attitudeEv @ 0x9dabd0
QLOITER: _ZN17GCS_MAVLINK_Plane31send_position_target_global_intEv @ 0x9daf50
QLOITER: _ZNK11GCS_MAVLINK17send_winch_statusEv @ 0xb52ec0
QLOITER: _ZNK17GCS_MAVLINK_Plane9base_modeEv @ 0x9db3b0
QLOITER: _ZNK17GCS_MAVLINK_Plane21vehicle_system_statusEv @ 0x9db5b0
QLOITER: _ZNK17GCS_MAVLINK_Plane19persist_streamratesEv @ 0xb52f10
QLOITER: _ZN17GCS_MAVLINK_Plane25handle_command_int_packetERK23__mavlink_command_int_tRK17__mavlink_message @ 0x9db8b0
QLOITER: _ZN11GCS_MAVLINK35handle_command_component_arm_disarmERK23__mavlink_command_int_t @ 0x9dbf10
QLOITER: _ZN17GCS_MAVLINK_Plane14handle_messageERK17__mavlink_message @ 0x9dc270
QLOITER: _ZN17GCS_MAVLINK_Plane16try_send_messageE10ap_message @ 0x9dd5c0
QLOITER: _ZN11GCS_MAVLINK24send_global_position_intEv @ 0x9dd7f0
QLOITER: _ZNK11GCS_MAVLINK23global_position_int_altEv @ 0x9dd970
QLOITER: _ZNK11GCS_MAVLINK32global_position_int_relative_altEv @ 0x9dd9d0
QLOITER: _ZNK17GCS_MAVLINK_Plane17vfr_hud_climbrateEv @ 0x9dda40
QLOITER: _ZNK17GCS_MAVLINK_Plane16vfr_hud_airspeedEv @ 0x9ddb00
QLOITER: _ZNK17GCS_MAVLINK_Plane16vfr_hud_throttleEv @ 0x9ddbf0
QLOITER: _ZNK11GCS_MAVLINK11vfr_hud_altEv @ 0x9ddc50
QLOITER: _ZN17GCS_MAVLINK_Plane35convert_COMMAND_LONG_to_COMMAND_INTERK24__mavlink_command_long_tR23__mavlink_command_int_t9MAV_FRAME @ 0x9de1e0
QLOITER: _ZN11GCS_MAVLINK35convert_COMMAND_LONG_to_COMMAND_INTERK24__mavlink_command_long_tR23__mavlink_command_int_t9MAV_FRAME @ 0x9de8c0
QLOITER: _ZN11GCS_MAVLINK28command_long_stores_locationE7MAV_CMD @ 0x9dea80
QLOITER: _ZL30convert_COMMAND_LONG_loc_paramfb @ 0x9deb60
QLOITER: _ZNK11GCS_MAVLINK17vfr_hud_climbrateEv @ 0x9decb0
QLOITER: _ZL36mavlink_msg_global_position_int_send17mavlink_channel_tjiiiissst @ 0x9ded70
QLOITER: _ZN10AP_Terrain12send_requestE17mavlink_channel_t @ 0x9dee90
QLOITER: _ZN10AP_Terrain11send_reportE17mavlink_channel_t @ 0x9defe0
QLOITER: _ZNK17GCS_MAVLINK_Plane9send_windEv @ 0x9df090
QLOITER: _ZN7AP_ADSB17send_adsb_vehicleE17mavlink_channel_t @ 0x9df160
QLOITER: _ZN17GCS_MAVLINK_Plane12send_aoa_ssaEv @ 0x9df370
QLOITER: _ZN10AP_Landing20send_landing_messageE17mavlink_channel_t @ 0x9df410
QLOITER: _ZN17GCS_MAVLINK_Plane15send_hygrometerEv @ 0x9df4f0
QLOITER: _ZN11GCS_MAVLINK16try_send_messageE10ap_message @ 0x9df6f0
QLOITER: _ZN11GCS_MAVLINK17queued_param_sendEv @ 0x9e03a0
QLOITER: _ZNK11GCS_MAVLINK14send_heartbeatEv @ 0x9e0650
QLOITER: _ZNK11GCS_MAVLINK18send_home_positionEv @ 0x9e07b0
QLOITER: _ZNK11GCS_MAVLINK22send_gps_global_originEv @ 0x9e0960
QLOITER: _ZNK11GCS_MAVLINK8send_rpmEv @ 0x9e0a10
QLOITER: _ZN11GCS_MAVLINK24try_send_mission_messageE10ap_message @ 0x9e0af0
QLOITER: _ZN7Compass21send_mag_cal_progressERK11GCS_MAVLINK @ 0x9e0cf0
QLOITER: _ZN7Compass19send_mag_cal_reportERK11GCS_MAVLINK @ 0x9e0f40
QLOITER: _ZN11GCS_MAVLINK19send_battery_statusEv @ 0x9e1270
QLOITER: _ZNK7AP_AHRS22send_ekf_status_reportER11GCS_MAVLINK @ 0x9e13c0
QLOITER: _ZN11GCS_MAVLINK12send_meminfoEv @ 0x9e14c0
QLOITER: _ZNK11GCS_MAVLINK17send_fence_statusEv @ 0x9e1580
QLOITER: _ZN11GCS_MAVLINK20send_distance_sensorEv @ 0x9e16c0
QLOITER: _ZNK11GCS_MAVLINK16send_system_timeEv @ 0x9e1c00
QLOITER: _ZN6AP_GPS20send_mavlink_gps_rawE17mavlink_channel_t @ 0x9e1c90
QLOITER: _ZN6AP_GPS20send_mavlink_gps_rtkE17mavlink_channel_th @ 0x9e1fe0
QLOITER: _ZN6AP_GPS21send_mavlink_gps2_rawE17mavlink_channel_t @ 0x9e20c0
QLOITER: _ZNK11GCS_MAVLINK19send_local_positionEv @ 0x9e2460
QLOITER: _ZNK11GCS_MAVLINK34send_gimbal_device_attitude_statusEv @ 0x9e2530
QLOITER: _ZN11GCS_MAVLINK16send_opticalflowEv @ 0x9e28f0
QLOITER: _ZN11GCS_MAVLINK17send_power_statusEv @ 0x9e2a60
QLOITER: _ZNK11GCS_MAVLINK16send_rc_channelsEv @ 0x9e2b70
QLOITER: _ZNK11GCS_MAVLINK20send_rc_channels_rawEv @ 0x9e2e30
QLOITER: _ZN11GCS_MAVLINK12send_raw_imuEv @ 0x9e2fb0
QLOITER: _ZN11GCS_MAVLINK15send_scaled_imuEhPFv17mavlink_channel_tjssssssssssE @ 0x9e33c0
QLOITER: _ZL28mavlink_msg_scaled_imu2_send17mavlink_channel_tjssssssssss @ 0x9e3680
QLOITER: _ZL28mavlink_msg_scaled_imu3_send17mavlink_channel_tjssssssssss @ 0x9e37f0
QLOITER: _ZN11GCS_MAVLINK20send_scaled_pressureEv @ 0x9e3ba0
QLOITER: _ZN11GCS_MAVLINK21send_scaled_pressure2Ev @ 0x9e3c00
QLOITER: _ZN11GCS_MAVLINK13send_airspeedEv @ 0x9e3c60
QLOITER: _ZNK11GCS_MAVLINK13send_simstateEv @ 0x9e3e20
QLOITER: _ZN11GCS_MAVLINK15send_sys_statusEv @ 0x9e3f40
QLOITER: _ZN11GCS_MAVLINK10send_ahrs2Ev @ 0x9e4230
QLOITER: _ZN11GCS_MAVLINK9send_ahrsEv @ 0x9e4310
QLOITER: _ZN11GCS_MAVLINK12send_vfr_hudEv @ 0x9e4490
QLOITER: _ZNK11GCS_MAVLINK14send_vibrationEv @ 0x9e45d0
QLOITER: _ZNK11GCS_MAVLINK21send_generator_statusEv @ 0x9e46c0
QLOITER: _ZN12AP_ESC_Telem26send_esc_telemetry_mavlinkEh @ 0x9e4a40
QLOITER: _ZN6AP_EFI19send_mavlink_statusE17mavlink_channel_t @ 0x9e4ed0
QLOITER: _ZN6AP_AIS13get_singletonEv @ 0x9e56a0
QLOITER: _ZN11GCS_MAVLINK20send_available_modesEv @ 0x9e5820
QLOITER: _ZNK11GCS_MAVLINK21battery_remaining_pctEh @ 0x9e6030
QLOITER: _ZL3MINIhiEDTqultfp_fp0_fp_fp0_ERKT_RKT0_.7263 @ 0x9e64e0
QLOITER: _ZL44mavlink_msg_esc_telemetry_1_to_4_send_struct17mavlink_channel_tPK32__mavlink_esc_telemetry_1_to_4_t @ 0x9e6800
QLOITER: _ZN12AP_Generator21send_generator_statusERK11GCS_MAVLINK @ 0x9e6e00
QLOITER: _ZL26mavlink_msg_vibration_send17mavlink_channel_tmfffjjj @ 0x9e6e80
QLOITER: _ZL24mavlink_msg_vfr_hud_send17mavlink_channel_tffstff @ 0x9e6f90
QLOITER: _ZNK7AP_AHRS12get_error_rpEv @ 0x9e7120
QLOITER: _ZNK7AP_AHRS13get_error_yawEv @ 0x9e7180
QLOITER: _ZL21mavlink_msg_ahrs_send17mavlink_channel_tfffffff @ 0x9e71e0
QLOITER: _ZL22mavlink_msg_ahrs2_send17mavlink_channel_tffffii @ 0x9e7300
QLOITER: _ZNK9AP_Logger11num_droppedEv @ 0x9e7400
QLOITER: _ZNK14AP_BattMonitor11gcs_voltageEv @ 0xb53200
QLOITER: _ZL27mavlink_msg_sys_status_send17mavlink_channel_tjjjttsatttttt @ 0x9e7480
QLOITER: _ZNK14AP_BattMonitor11gcs_voltageEh @ 0x9e7620
QLOITER: _ZNK17AP_Logger_Backend11num_droppedEv @ 0xb53250
QLOITER: _ZL7radiansf.17181 @ 0x9e7a40
QLOITER: _ZNK4SITL3SIM13simstate_sendE17mavlink_channel_t @ 0x9e7dc0
QLOITER: _ZL25mavlink_msg_simstate_send17mavlink_channel_tfffffffffii @ 0x9e7f90
QLOITER: _ZL32mavlink_msg_airspeed_send_struct17mavlink_channel_tPK20__mavlink_airspeed_t @ 0x9e8130
QLOITER: _ZL33mavlink_msg_scaled_pressure2_send17mavlink_channel_tjffss @ 0x9e81b0
QLOITER: _ZN11GCS_MAVLINK29send_scaled_pressure_instanceEhPFv17mavlink_channel_tjffssE @ 0x9e8290
QLOITER: _ZL32mavlink_msg_scaled_pressure_send17mavlink_channel_tjffss @ 0x9e8480
QLOITER: _ZL24mavlink_msg_raw_imu_send17mavlink_channel_tmssssssssshs @ 0x9e85e0
QLOITER: _ZNK11GCS_MAVLINK16sending_mavlink1Ev @ 0x9e8760
QLOITER: _ZNK11GCS_MAVLINK13receiver_rssiEv @ 0x9e87c0
QLOITER: _ZL28mavlink_msg_rc_channels_send17mavlink_channel_tjhtttttttttttttttttth @ 0x9e89d0
QLOITER: _ZL29mavlink_msg_power_status_send17mavlink_channel_tttt @ 0x9e8c40
QLOITER: _ZN8AP_Mount34send_gimbal_device_attitude_statusE17mavlink_channel_t @ 0x9e96c0
QLOITER: _ZL35mavlink_msg_local_position_ned_send17mavlink_channel_tjffffff @ 0x9e9d20
QLOITER: _ZNK6AP_GPS12gps_yaw_cdegEh @ 0x9e9e30
QLOITER: _ZNK6AP_GPS23have_gps_yaw_configuredEh @ 0xb534b0
QLOITER: _ZL28mavlink_msg_gps_raw_int_send17mavlink_channel_tmhiiitttthijjjjt @ 0x9ea130
QLOITER: _ZL28mavlink_msg_system_time_send17mavlink_channel_tmj @ 0x9ea320
QLOITER: _ZN11GCS_MAVLINK14send_proximityEv @ 0x9eb960
QLOITER: _ZL3MINIjjEDTqultfp_fp0_fp_fp0_ERKT_RKT0_.7265 @ 0x9ec8d0
QLOITER: _ZL24mavlink_msg_meminfo_send17mavlink_channel_tttj @ 0x9ec950
QLOITER: _ZNK7NavEKF318send_status_reportER11GCS_MAVLINK @ 0x9ecbf0
QLOITER: _ZNK12NavEKF3_core18send_status_reportER11GCS_MAVLINK @ 0x9ecc80
QLOITER: _ZL41mavlink_msg_ekf_status_report_send_struct17mavlink_channel_tPK29__mavlink_ekf_status_report_t @ 0x9ed080
QLOITER: _ZNK14AP_BattMonitor13option_is_setEhN21AP_BattMonitor_Params7OptionsE @ 0x9edba0
QLOITER: _ZNK11GCS_MAVLINK19send_battery_statusEh @ 0x9edc70
QLOITER: _ZL3MINIftEDTqultfp_fp0_fp_fp0_ERKT_RKT0_ @ 0x9ee500
QLOITER: _ZNK14AP_BattMonitor14time_remainingERjh @ 0x9ee5a0
QLOITER: _ZNK14AP_BattMonitor24get_mavlink_charge_stateEh @ 0x9ee690
QLOITER: _ZNK14AP_BattMonitor25get_mavlink_fault_bitmaskEh @ 0x9ee7c0
QLOITER: _ZL31mavlink_msg_battery_status_send17mavlink_channel_thhhsPKtsiiaihS1_hj @ 0x9ee870
QLOITER: _ZN14typesafe_indexIh12TAG_PriorityErmERKh @ 0xb53700
QLOITER: _ZN11GCS_MAVLINK20send_mission_currentERK10AP_Missiont @ 0x9eeff0
QLOITER: _ZL32mavlink_msg_mission_current_send17mavlink_channel_ttthh @ 0x9ef4c0
QLOITER: _ZL34mavlink_msg_gps_global_origin_send17mavlink_channel_tiiim @ 0x9ef640
QLOITER: _ZL30mavlink_msg_home_position_send17mavlink_channel_tiiifffPKffffm @ 0x9ef700
QLOITER: _ZNK11GCS_MAVLINK13system_statusEv @ 0x9ef990
QLOITER: _ZL26mavlink_msg_heartbeat_send17mavlink_channel_thhhjh @ 0x9efa20
QLOITER: _ZN11GCS_MAVLINK28send_parameter_async_repliesEv @ 0x9efb00
QLOITER: _ZN12ObjectBufferIN11GCS_MAVLINK19pending_param_replyEE4peekERS1_ @ 0xb537f0
QLOITER: _ZNK11AP_Airspeed14get_hygrometerEhRjRfS1_ @ 0x9f0040
QLOITER: _ZL24mavlink_msg_aoa_ssa_send17mavlink_channel_tmff @ 0x9f0610
QLOITER: _ZL21mavlink_msg_wind_send17mavlink_channel_tfff @ 0x9f0910
QLOITER: _ZN10AP_Terrain19send_terrain_reportE17mavlink_channel_tRK8Locationb @ 0x9f09c0
QLOITER: _ZL31mavlink_msg_terrain_report_send17mavlink_channel_tiitfftt @ 0x9f0b70
QLOITER: _ZN10AP_Terrain18send_cache_requestE17mavlink_channel_t @ 0x9f0c90
QLOITER: _ZN10AP_Terrain15request_missingE17mavlink_channel_tRKNS_9grid_infoE @ 0x9f0d90
QLOITER: _ZN10AP_Terrain15request_missingE17mavlink_channel_tRNS_10grid_cacheE @ 0x9f0e20
QLOITER: _ZN11GCS_MAVLINK14handle_messageERK17__mavlink_message @ 0x9f4bc0
QLOITER: _ZN11GCS_MAVLINK16handle_heartbeatERK17__mavlink_message @ 0x9f5740
QLOITER: _ZN11GCS_MAVLINK19handle_command_longERK17__mavlink_message @ 0x9f6ab0
QLOITER: _ZN11GCS_MAVLINK26handle_request_data_streamERK17__mavlink_message @ 0x9f80f0
QLOITER: _ZNK3GCS12sysid_is_gcsEh @ 0x9fd750
QLOITER: _ZN11GCS_MAVLINK16sysid_mygcs_seenEj @ 0x9fd9f0
QLOITER: _ZL38mavlink_msg_request_data_stream_decodePK17__mavlink_messageP31__mavlink_request_data_stream_t @ 0x9fec60
QLOITER: _ZN9AP_Logger13Write_CommandERK23__mavlink_command_int_thh10MAV_RESULTb @ 0xa01b50
QLOITER: _ZL31mavlink_msg_command_long_decodePK17__mavlink_messageP24__mavlink_command_long_t @ 0xa01cd0
QLOITER: _ZN11GCS_MAVLINK31try_command_long_as_command_intERK24__mavlink_command_long_tRK17__mavlink_message @ 0xa01da0
QLOITER: _ZN11GCS_MAVLINK16_set_mode_commonEhj @ 0xa04600
QLOITER: _ZN12ObjectBufferIN7GCS_FTP11TransactionEE3popERS1_ @ 0xb54830
QLOITER: _ZN11GCS_MAVLINK25handle_command_int_packetERK23__mavlink_command_int_tRK17__mavlink_message @ 0xa0bb20
QLOITER: _ZN11GCS_MAVLINK26handle_command_do_set_modeERK23__mavlink_command_int_t @ 0xa0ced0
QLOITER: _ZL7radiansf.35 @ 0xa108a0
QLOITER: _ZN5Plane22any_failsafe_triggeredEv @ 0xb551e0
QLOITER: _ZL25mavlink_msg_attitude_send17mavlink_channel_tjffffff @ 0xa11590
QLOITER: _ZN12AP_Avoidance10handle_msgERK17__mavlink_message @ 0xa11d60
QLOITER: _ZN11GCS_MAVLINK14packetReceivedERK16__mavlink_statusRK17__mavlink_message @ 0xa11eb0
QLOITER: _ZN15MAVLink_routing17check_and_forwardER11GCS_MAVLINKRK17__mavlink_message @ 0xa120b0
QLOITER: _ZN9AP_Follow10handle_msgERK17__mavlink_message @ 0xa12620
QLOITER: _ZNK11GCS_MAVLINK13accept_packetERK16__mavlink_statusRK17__mavlink_message @ 0xa127a0
QLOITER: _ZNK9AP_Follow21should_handle_messageERK17__mavlink_message @ 0xa128c0
QLOITER: _ZN15MAVLink_routing11learn_routeER11GCS_MAVLINKRK17__mavlink_message @ 0xa13890
QLOITER: _ZN15MAVLink_routing16handle_heartbeatER11GCS_MAVLINKRK17__mavlink_message @ 0xa13b30
QLOITER: _ZN15MAVLink_routing11get_targetsERK17__mavlink_messageRsS3_ @ 0xa13d60
QLOITER: _ZNK9QuadPlane12get_mav_typeEv @ 0xa14210
QLOITER: _ZNK13AP_L1_Control14nav_bearing_cdEv @ 0xa14c30
QLOITER: _ZNK13AP_L1_Control17target_bearing_cdEv @ 0xa14cf0
QLOITER: _ZNK13AP_L1_Control16crosstrack_errorEv @ 0xb56310
QLOITER: _ZNK13AP_L1_Control27crosstrack_error_integratorEv @ 0xb56360
QLOITER: _ZN13AP_L1_Control21reached_loiter_targetEv @ 0xa16410
QLOITER: _ZL9rad_to_cdf.12675 @ 0xa16910
QLOITER: _Z11wrap_180_cdIfET_S0_ @ 0xb564c0
QLOITER: _ZN17RC_Channels_Plane7channelEh @ 0xb56e20
QLOITER: _ZN17RC_Channels_Plane16read_mode_switchEv @ 0xa19940
QLOITER: _ZNK17RC_Channels_Plane14in_rc_failsafeEv @ 0xa199b0
QLOITER: _ZNK17RC_Channels_Plane15has_valid_inputEv @ 0xa19a20
QLOITER: _ZNK17RC_Channels_Plane18get_arming_channelEv @ 0xa19ab0
QLOITER: _ZNK11RC_Channels21arming_check_throttleEv @ 0xb56eb0
QLOITER: _ZNK17RC_Channels_Plane26flight_mode_channel_numberEv @ 0xa19b00
QLOITER: _ZN11RC_Channels16read_mode_switchEv @ 0xa19b70
QLOITER: __wrap_malloc @ 0xa3bc80
QLOITER: mode_to_string @ 0xa954d0
QLOITER: mode_entry @ 0xa95730
----------------------
Mode: 18 (QHOVER)
QHOVER: _ZN15AP_Arming_Plane14pre_arm_checksEb @ 0x5db3f0
QHOVER: _ZN2AP13serialmanagerEv @ 0x5dd670
QHOVER: _ZNK9AP_ParamTIiL11ap_var_type3EEcvRKiEv @ 0xa99ff0
QHOVER: _ZN6AP_HAL4Util9vsnprintfEPcmPKcP13__va_list_tag @ 0x5ddcc0
QHOVER: _ZN13BufferPrinterC2EPcm @ 0xa9a040
QHOVER: _Z13print_vprintfPN6AP_HAL12BetterStreamEPKcP13__va_list_tag @ 0x5dde00
QHOVER: _Z11ftoa_enginefPchh @ 0x5df650
QHOVER: _ZN6AP_HAL12BetterStreamC2Ev @ 0xa9a0f0
QHOVER: _ZN13BufferPrinter5writeEh @ 0xa9a150
QHOVER: _Z3gcsv @ 0x5e0280
QHOVER: _ZN3GCS10send_textvE12MAV_SEVERITYPKcP13__va_list_tag @ 0x5e02c0
QHOVER: _ZNK3GCS28statustext_send_channel_maskEv @ 0x5e0390
QHOVER: _ZN11GCS_MAVLINK19active_channel_maskEv @ 0xa9a3f0
QHOVER: _ZN11GCS_MAVLINK22streaming_channel_maskEv @ 0xa9a430
QHOVER: _ZN11GCS_MAVLINK20private_channel_maskEv @ 0xa9a470
QHOVER: _ZN3GCS13get_singletonEv @ 0xa9a4b0
QHOVER: _ZNK16AP_SerialManager22find_protocol_instanceENS_14SerialProtocolEh @ 0x5e0420
QHOVER: _ZNK13AP_ParamTBaseIaL11ap_var_type1EE3getEv @ 0xa9a4f0
QHOVER: _ZNK16AP_SerialManager14protocol_matchENS_14SerialProtocolES0_ @ 0x5e05c0
QHOVER: _ZN16AP_SerialManager13get_singletonEv @ 0xa9a540
QHOVER: _Z2rcv @ 0x5e06c0
QHOVER: _ZN11RC_Channels13get_singletonEv @ 0xa9a5e0
QHOVER: _ZNK9AP_ParamTIaL11ap_var_type1EEcvRKaEv @ 0xa9a6b0
QHOVER: _ZN6AP_HAL6millisEv @ 0x5e0d40
QHOVER: _ZN13WithSemaphoreD2Ev @ 0x5e0d80
QHOVER: _ZN6AP_HAL8millis64Ev @ 0x5e0de0
QHOVER: _ZN6AP_HAL8micros64Ev @ 0x5e0e20
QHOVER: _ZL14uint64_div1000m @ 0x5e0ec0
QHOVER: _ZN7HALSITL9Scheduler4fromEPN6AP_HAL9SchedulerE @ 0xa9a700
QHOVER: _ZNK7HALSITL9Scheduler18stopped_clock_usecEv @ 0xa9a750
QHOVER: _ZNK13AP_ParamTBaseIsL11ap_var_type2EE3getEv @ 0xa9a7a0
QHOVER: _ZN13WithSemaphoreC2ERN6AP_HAL9SemaphoreEj @ 0x5e1010
QHOVER: _ZNK7AP_EnumIN10Parameters11ThrFailsafeEEcvKS1_Ev @ 0xa9a830
QHOVER: _ZNK11RC_Channels19has_had_rc_receiverEv @ 0xa9a880
QHOVER: _ZNK13AP_ParamTBaseIiL11ap_var_type3EE3getEv @ 0xa9a940
QHOVER: _ZN12AP_Proximity13get_singletonEv @ 0xa9a990
QHOVER: _ZN2AP9schedulerEv @ 0x5e1490
QHOVER: _ZN12AP_Scheduler25get_filtered_loop_rate_hzEv @ 0xa9aa10
QHOVER: _ZN12AP_Scheduler16get_loop_rate_hzEv @ 0xa9aa60
QHOVER: _ZN10AP_Terrain13get_singletonEv @ 0xa9aaf0
QHOVER: _ZN12AP_Scripting13get_singletonEv @ 0xa9ab90
QHOVER: _ZN2AP13internalerrorEv @ 0x5e1800
QHOVER: _ZNK16AP_InternalError6errorsEv @ 0xa9acf0
QHOVER: _ZNK16AP_InternalError15last_error_lineEv @ 0xa9ad40
QHOVER: _ZN2AP3rpmEv @ 0x5e1990
QHOVER: _ZNK9AP_ParamTIsL11ap_var_type2EEcvRKsEv @ 0xa9ae20
QHOVER: _ZN12SRV_Channels25update_aux_servo_functionEv @ 0x5e2690
QHOVER: _ZNK7BitmaskILt190EE8validateEt @ 0xa9af40
QHOVER: _ZN7BitmaskILt190EE8clearallEv @ 0xa9afd0
QHOVER: _ZNK11SRV_Channel14valid_functionEv @ 0xa9b030
QHOVER: _ZN11SRV_Channel24aux_servo_function_setupEv @ 0x5e3190
QHOVER: _ZN7BitmaskILt190EE3setEt @ 0xa9b090
QHOVER: _ZNK9AP_Enum16IN11SRV_Channel8FunctionEEcvKS1_Ev @ 0xa9b150
QHOVER: _ZN11SRV_Channel14valid_functionENS_8FunctionE @ 0xa9b1a0
QHOVER: _ZN6AP_RPM13get_singletonEv @ 0xa9b290
QHOVER: _ZNK12AP_Scripting13option_is_setENS_11DebugOptionE @ 0xa9b380
QHOVER: _ZNK2AP8PerfInfo25get_filtered_loop_rate_hzEv @ 0x5e3580
QHOVER: _ZNK2AP8PerfInfo17get_filtered_timeEv @ 0x5e3610
QHOVER: _ZN12AP_Scheduler13get_singletonEv @ 0x5e3660
QHOVER: _ZN2AP7missionEv @ 0x5e3730
QHOVER: _ZNK10AP_Mission12num_commandsEv @ 0xa9b480
QHOVER: _ZN2AP4ahrsEv @ 0x5e4060
QHOVER: _ZNK7AP_AHRS8get_homeEv @ 0xa9b590
QHOVER: _ZN7AP_AHRS13get_singletonEv @ 0xa9b5e0
QHOVER: _ZN8LocationC2Ev @ 0xa9b620
QHOVER: _ZN8Location4zeroEv @ 0x5e46c0
QHOVER: _ZN10AP_Mission13get_singletonEv @ 0xa9b670
QHOVER: _ZNK9QuadPlane9availableEv @ 0xa9b700
QHOVER: _ZNK5Plane15is_land_commandEt @ 0x5e4c30
QHOVER: _ZNK8Location12get_distanceERKS_ @ 0x5e4cc0
QHOVER: _Z11is_positiveIfEbT_ @ 0xa9b7c0
QHOVER: _ZNK9AP_ParamTIfL11ap_var_type4EEcvRKfILb1EEEv @ 0xa9b820
QHOVER: _ZN8Location14diff_longitudeEii @ 0x5e4e70
QHOVER: _ZN8Location15longitude_scaleEi @ 0x5e4f50
QHOVER: _Z4normIddJEEdT_T0_DpKT1_ @ 0xa9b870
QHOVER: _Z2sqIdJdEEdT_DpKT0_ @ 0xa9b8e0
QHOVER: _Z2sqIdEdT_ @ 0xa9b960
QHOVER: _ZL3MAXIdfEDTqugtfp_fp0_fp_fp0_ERKT_RKT0_ @ 0x5e4ff0
QHOVER: _ZN2AP5rallyEv @ 0x5e5090
QHOVER: _ZNK7AP_AHRS12get_locationER8Location @ 0x5e50d0
QHOVER: _ZN2AP7vehicleEv @ 0x5e5340
QHOVER: _ZNK10AP_Mission7presentEv @ 0xa9ba60
QHOVER: _ZN10AP_Vehicle13get_singletonEv @ 0x5e5380
QHOVER: _ZN8LocationC2EiiiNS_8AltFrameE @ 0x5e55a0
QHOVER: _ZN8Location10set_alt_cmEiNS_8AltFrameE @ 0x5e5640
QHOVER: _ZN8AP_Rally13get_singletonEv @ 0xa9bad0
QHOVER: _ZN11RC_Channels23get_valid_channel_countEv @ 0x5e5730
QHOVER: _ZNK10RC_Channel12has_overrideEv @ 0x5e57a0
QHOVER: _ZNK13AP_ParamTBaseIfL11ap_var_type4EE3getEv @ 0xa9bd10
QHOVER: _Z7is_zerof @ 0xa9bd60
QHOVER: _ZL3MINIihEDTqultfp_fp0_fp_fp0_ERKT_RKT0_.7422 @ 0x5e5860
QHOVER: _ZN2AP3gpsEv @ 0x5e58f0
QHOVER: _ZNK6AP_GPS11num_sensorsEv @ 0x5e5ad0
QHOVER: _ZNK6AP_GPS8get_typeEh @ 0xa9bed0
QHOVER: _ZNK6AP_GPS14primary_sensorEv @ 0xa9bf60
QHOVER: _ZNK6AP_GPS6statusEh @ 0xa9bfb0
QHOVER: _ZNK6AP_GPS10is_healthyEh @ 0x5e5b50
QHOVER: _ZNK6AP_GPS8locationEv @ 0xa9c0d0
QHOVER: _ZNK6AP_GPS22first_unconfigured_gpsERh @ 0x5e5e10
QHOVER: _ZN3GCS9send_textE12MAV_SEVERITYPKcz @ 0x5e5fe0
QHOVER: _ZNK7AP_EnumIN6AP_GPS8GPS_TypeEEcvKS1_Ev @ 0xa9c130
QHOVER: _ZNK6AP_GPS8locationEh @ 0xa9c180
QHOVER: _ZNK7Vector3IfE6lengthEv @ 0xa9c1f0
QHOVER: _Z4normIffJfEEdT_T0_DpKT1_ @ 0xa9c250
QHOVER: _Z2sqIfJffEEdT_DpKT0_ @ 0xa9c2d0
QHOVER: _ZL2sqf.2617 @ 0x5e62c0
QHOVER: _Z2sqIfJfEEdT_DpKT0_ @ 0xa9c370
QHOVER: _ZL2sqf.1898 @ 0x5e6310
QHOVER: _ZN7Vector3IfEC2Efff @ 0xa9c3f0
QHOVER: _ZNK6AP_GPS12is_rtk_roverEh @ 0x5e6360
QHOVER: _ZN6AP_GPS13get_singletonEv @ 0xa9c500
QHOVER: _ZNK7AP_AHRS7healthyEv @ 0x5e6e40
QHOVER: _ZN2AP12externalAHRSEv @ 0x5e7020
QHOVER: _ZNK7AP_AHRS8ekf_typeEv @ 0x5e70c0
QHOVER: _ZNK7AP_AHRS15active_EKF_typeEv @ 0xa9c540
QHOVER: _ZN2AP7compassEv @ 0x5e7a00
QHOVER: _ZNK7Compass11use_for_yawEv @ 0x5e7a40
QHOVER: _ZNK16AP_NavEKF_Source12getYawSourceEh @ 0x5e88b0
QHOVER: _ZNK12NavEKF3_core7healthyEv @ 0x5e8b70
QHOVER: _ZNK16AP_NavEKF_Source14useVelXYSourceENS_8SourceXYEh @ 0x5e8f30
QHOVER: _ZNK16AP_NavEKF_Source18getActiveSourceSetEh @ 0xa9c590
QHOVER: _ZNK7AP_EnumIN16AP_NavEKF_Source8SourceXYEEcvKS1_Ev @ 0xa9c640
QHOVER: _ZNK16AP_NavEKF_Source13option_is_setENS_13SourceOptionsE @ 0xa9c690
QHOVER: _ZNK12NavEKF3_core15getFilterFaultsERt @ 0x5e9060
QHOVER: _ZNK11QuaternionTIdE6is_nanEv @ 0xa9c710
QHOVER: _ZNK7Vector3IdE6is_nanEv @ 0xa9c810
QHOVER: _ZNK7AP_EnumIN16AP_NavEKF_Source9SourceYawEEcvKS1_Ev @ 0xa9c8e0
QHOVER: _ZN2AP3dalEv @ 0x5e9180
QHOVER: _ZN6AP_DAL7compassEv @ 0xa9c930
QHOVER: _ZNK14AP_DAL_Compass15get_num_enabledEv @ 0xa9c980
QHOVER: _ZN6AP_DAL13get_singletonEv @ 0xa9c9d0
QHOVER: _ZnwmRKSt9nothrow_t @ 0x5e91c0
QHOVER: _ZN7Matrix3IfEC2Ev @ 0xa9ce10
QHOVER: _ZN7Vector3IfEC2Ev @ 0xa9cf00
QHOVER: _ZN11QuaternionTIfEC2Ev @ 0xa9d080
QHOVER: _ZN7Vector2IfEC2Ev @ 0xa9d0f0
QHOVER: _ZN6AP_DAL4baroEv @ 0xa9d150
QHOVER: _ZN6AP_DAL6beaconEv @ 0xa9d1f0
QHOVER: _ZN6AP_DAL3gpsEv @ 0xa9d2b0
QHOVER: _ZN6AP_DAL11rangefinderEv @ 0xa9d3c0
QHOVER: _ZN6AP_DAL10visualodomEv @ 0xa9d410
QHOVER: _ZNK12NavEKF2_core7healthyEv @ 0x5e9760
QHOVER: _ZNK12NavEKF2_core15getFilterFaultsERt @ 0x5e9990
QHOVER: _ZNK7Compass7healthyEh @ 0x5e9af0
QHOVER: _ZNK7Compass11use_for_yawEh @ 0x5e9b90
QHOVER: _ZNK7Compass9availableEv @ 0xa9d530
QHOVER: _ZN14typesafe_indexIh12TAG_PriorityEC2Eh @ 0xa9d5b0
QHOVER: _ZNK19RestrictIDTypeArrayI9AP_ParamTIaL11ap_var_type1EELj3E14typesafe_indexIh12TAG_PriorityEEixERKS5_ @ 0xa9d610
QHOVER: _ZNK7AP_EnumIN7Compass9LearnTypeEEcvKS1_Ev @ 0xa9d690
QHOVER: _ZNK14typesafe_indexIh12TAG_PriorityE7get_intEv @ 0xa9d6e0
QHOVER: _ZNK7Compass10_get_stateE14typesafe_indexIh12TAG_PriorityE @ 0xa9d730
QHOVER: _ZNK7Compass13_get_state_idE14typesafe_indexIh12TAG_PriorityE @ 0x5e9c70
QHOVER: _ZNK19RestrictIDTypeArrayIN7Compass9mag_stateELj4E14typesafe_indexIh14TAG_StateIndexEEixERKS4_ @ 0xa9d7b0
QHOVER: _ZNK14typesafe_indexIh14TAG_StateIndexE7get_intEv @ 0xa9d830
QHOVER: _ZNK19RestrictIDTypeArrayIiLj3E14typesafe_indexIh12TAG_PriorityEEixERKS2_ @ 0xa9d880
QHOVER: _ZN14typesafe_indexIh14TAG_StateIndexEC2Eh @ 0xa9d900
QHOVER: _ZNK14typesafe_indexIh14TAG_StateIndexEltERKh @ 0xa9d960
QHOVER: _ZN14typesafe_indexIh14TAG_StateIndexEppEi @ 0xa9d9d0
QHOVER: _ZN7Compass13get_singletonEv @ 0xa9da40
QHOVER: _ZNK7NavEKF211activeCoresEv @ 0xa9da80
QHOVER: _ZNK11QuaternionTIfE13to_axis_angleER7Vector3IfE @ 0xa9dd70
QHOVER: _ZNK7NavEKF311activeCoresEv @ 0xa9dec0
QHOVER: _ZNK7AP_AHRS14always_use_EKFEv @ 0xa9df10
QHOVER: _ZN11QuaternionTIfE20from_rotation_matrixERK7Matrix3IfE @ 0xa9dfd0
QHOVER: _ZNK12NavEKF3_core11use_compassEv @ 0x5ea300
QHOVER: _ZNK14AP_DAL_Compass11use_for_yawEh @ 0xa9e4e0
QHOVER: _ZNK12NavEKF3_core20getRotationBodyToNEDER7Matrix3IfE @ 0x5ea3d0
QHOVER: _ZNK11QuaternionTIdE15rotation_matrixER7Matrix3IfE @ 0xa9e550
QHOVER: _ZNK6AP_DAL43get_rotation_vehicle_body_to_autopilot_bodyEv @ 0xa9e760
QHOVER: _ZNK7Matrix3IfEmlERKS0_ @ 0xa9e7b0
QHOVER: _ZN7Matrix3IfEC2ERK7Vector3IfES4_S4_ @ 0xa9ea20
QHOVER: _ZL2sqf.4371 @ 0x5ea490
QHOVER: _ZN7Vector3IfEdVEf @ 0xa9ead0
QHOVER: _Z7wrap_PId @ 0x5ea4e0
QHOVER: _ZN7Vector3IfEmLEf @ 0xa9eb60
QHOVER: _Z8wrap_2PId @ 0x5ea570
QHOVER: _ZN11QuaternionTIfEC2Effff @ 0xa9eea0
QHOVER: _ZNK11QuaternionTIfE15rotation_matrixER7Matrix3IfE @ 0xa9ef50
QHOVER: _ZNK7Matrix3IfE13mul_transposeERK7Vector3IfE @ 0xa9f140
QHOVER: _ZNK7Vector3IfEmiERKS0_ @ 0xa9f250
QHOVER: _Z20constrain_value_lineIfET_S0_S0_S0_j @ 0xa9f300
QHOVER: _ZNK7AP_AHRS24get_rotation_body_to_nedEv @ 0xa9f420
QHOVER: _ZN15AP_ExternalAHRS13get_singletonEv @ 0xa9f560
QHOVER: _ZNK7NavEKF37healthyEv @ 0x5ea830
QHOVER: _ZN2AP3insEv @ 0x5ea9a0
QHOVER: _ZNK17AP_InertialSensor19get_gyro_health_allEv @ 0x5ea9e0
QHOVER: _ZNK17AP_InertialSensor22gyro_calibrated_ok_allEv @ 0x5eaaa0
QHOVER: _ZNK17AP_InertialSensor20get_accel_health_allEv @ 0x5eabb0
QHOVER: _ZNK17AP_InertialSensor23accel_calibrated_ok_allEv @ 0x5eac70
QHOVER: _ZNK10AP_GyroFFT16analysis_enabledEv @ 0xa9f720
QHOVER: _ZdlPv @ 0x5ec090
QHOVER: _ZN7Vector3IfEixEh @ 0xa9fab0
QHOVER: _ZN10DigitalLPFIfE6_applyERKfS2_ @ 0xa9fe10
QHOVER: _Z15constrain_int16sss @ 0xaa0410
QHOVER: _Z15constrain_valueIsET_S0_S0_S0_ @ 0xaa04a0
QHOVER: _ZNK10ByteBuffer5spaceEv @ 0x5ed8b0
QHOVER: _ZN10ByteBuffer5writeEPKhj @ 0x5edb10
QHOVER: _ZN10ByteBuffer7reserveEPNS_5IoVecEj @ 0x5edc30
QHOVER: _ZN10ByteBuffer6commitEj @ 0x5ede60
QHOVER: _ZNK10ByteBuffer8get_sizeEv @ 0xaa0550
QHOVER: _ZNK17AP_InertialSensor14get_gyro_countEv @ 0xaa05e0
QHOVER: _ZNK17AP_InertialSensor4_useEh @ 0xaa0650
QHOVER: _ZNK17AP_InertialSensor8_gyro_idEh @ 0xaa06b0
QHOVER: _ZN17AP_InertialSensor8_gyro_idEh @ 0xaa0710
QHOVER: _ZN17AP_InertialSensor4_useEh @ 0xaa0780
QHOVER: _ZL3MINIihEDTqultfp_fp0_fp_fp0_ERKT_RKT0_.4077 @ 0x5ee390
QHOVER: _ZNK7AP_EnumIN22AP_InertialSensor_TCal6EnableEEcvKS1_Ev @ 0xaa0850
QHOVER: _ZN17AP_InertialSensor4tcalEh @ 0xaa08a0
QHOVER: _ZNK17AP_InertialSensor8get_gyroEv @ 0xaa0910
QHOVER: _ZNK17AP_InertialSensor8use_gyroEh @ 0x5ee550
QHOVER: _ZNK17AP_InertialSensor8get_gyroEh @ 0xaa0970
QHOVER: _ZNK17AP_InertialSensor15get_gyro_healthEh @ 0xaa09e0
QHOVER: _ZNK17AP_InertialSensor15get_accel_countEv @ 0xaa0a80
QHOVER: _ZL3MINIihEDTqultfp_fp0_fp_fp0_ERKT_RKT0_ @ 0x5ee7d0
QHOVER: _ZNK17AP_InertialSensor9get_accelEv @ 0xaa0af0
QHOVER: _ZNK17AP_InertialSensor9use_accelEh @ 0x5ee860
QHOVER: _ZNK17AP_InertialSensor9get_accelEh @ 0xaa0b50
QHOVER: _ZNK17AP_InertialSensor16get_accel_healthEh @ 0xaa0bc0
QHOVER: _ZNK17AP_InertialSensor13_accel_offsetEh @ 0xaa0c60
QHOVER: _ZNK9AP_ParamVI7Vector3IfEL11ap_var_type5EE3getEv @ 0xaa0cc0
QHOVER: _ZNK7Vector3IfE7is_zeroEv @ 0xaa0d10
QHOVER: _ZNK17AP_InertialSensor12_accel_scaleEh @ 0xaa0dc0
QHOVER: _ZNK17AP_InertialSensor9_accel_idEh @ 0xaa0e20
QHOVER: _Z8is_equalIffENSt3__19enable_ifIXsr3std17is_floating_pointINS0_11common_typeIJT_T0_EE4typeEEE5valueEbE4typeES3_S4_ @ 0xaa0e80
QHOVER: _ZN17AP_InertialSensor9_accel_idEh @ 0xaa0f00
QHOVER: _ZN17AP_InertialSensor12_accel_scaleEh @ 0xaa0f70
QHOVER: _ZN17AP_InertialSensor13_accel_offsetEh @ 0xaa0fe0
QHOVER: _ZNK17AP_InertialSensor18gyro_calibrated_okEh @ 0xaa1050
QHOVER: _ZN17AP_InertialSensor13get_singletonEv @ 0x5ee920
QHOVER: _ZN8AP_Param16count_parametersEv @ 0x5f0d50
QHOVER: _ZN9AP_Logger13get_singletonEv @ 0xaa1f60
QHOVER: _ZNK9AP_Logger10quiet_nanfEv @ 0xaa1fa0
QHOVER: _Z14strncpy_notermPcPKcm @ 0x5f1230
QHOVER: _ZN17AP_Logger_Backend18WriteCriticalBlockEPKvt @ 0xaa1ff0
QHOVER: _ZN17AP_Logger_Backend21WritePrioritisedBlockEPKvtbb @ 0x5f12e0
QHOVER: _ZN17AP_Logger_Backend30validate_WritePrioritisedBlockEPKvt @ 0x5f14b0
QHOVER: _ZN17AP_Logger_Backend9ShouldLogEb @ 0x5f16a0
QHOVER: _ZN17AP_Logger_Backend21ensure_format_emittedEPKvt @ 0x5f1b40
QHOVER: _ZNK17AP_Logger_Backend23message_type_from_blockEPKvtR11LogMessages @ 0x5f1c60
QHOVER: _ZNK17AP_Logger_Backend28have_emitted_format_for_typeE11LogMessages @ 0xaa2070
QHOVER: _ZNK7BitmaskILt256EE8validateEt @ 0xaa21a0
QHOVER: _ZNK9AP_Logger22structure_for_msg_typeEh @ 0x5f25a0
QHOVER: _ZNK9AP_Logger9structureEt @ 0x5f26f0
QHOVER: _ZNK7BitmaskILt256EE3getEt @ 0xaa2230
QHOVER: _ZNK6AP_HAL4Util14get_soft_armedEv @ 0xaa2300
QHOVER: _ZN2AP6loggerEv @ 0x5f2760
QHOVER: _Z7is_zeroI9AP_ParamTIfL11ap_var_type4EEEbT_ @ 0xaa2360
QHOVER: _ZNK12AP_Scheduler5ticksEv @ 0xaa23c0
QHOVER: _ZN6AP_HAL8millis16Ev @ 0x5f29b0
QHOVER: _ZNK9AP_Logger13WritesEnabledEv @ 0xaa2520
QHOVER: _ZNK19LoggerMessageWriter8finishedEv @ 0xaa2580
QHOVER: _ZNK9AP_Logger15in_log_downloadEv @ 0x5f29f0
QHOVER: _ZNK9AP_Logger16vehicle_is_armedEv @ 0xaa25e0
QHOVER: _ZNK9AP_Logger26log_write_fmt_for_msg_typeEh @ 0x5f2b90
QHOVER: mavlink_get_msg_entry @ 0x5f2c40
QHOVER: _ZNK3GCS7num_gcsEv @ 0xaa2690
QHOVER: _ZNK11GCS_MAVLINK10is_privateEv @ 0xaa26e0
QHOVER: _ZNK11GCS_MAVLINK9is_activeEv @ 0xaa2740
QHOVER: _ZN11GCS_MAVLINK18check_payload_sizeEt @ 0x5f2d60
QHOVER: _mav_finalize_message_chan_send @ 0x5f2e10
QHOVER: _Z26mavlink_get_channel_statush @ 0x5f3160
QHOVER: _Z17_mav_trim_payloadPKch @ 0x5f3240
QHOVER: _ZL13crc_calculatePKht @ 0x5f32e0
QHOVER: _ZL21crc_accumulate_bufferPtPKct @ 0x5f3380
QHOVER: _ZL14crc_accumulatehPt @ 0x5f3420
QHOVER: _Z14comm_send_lock17mavlink_channel_tt @ 0x5f36b0
QHOVER: _mavlink_send_uart @ 0x5f3770
QHOVER: _Z16comm_send_unlock17mavlink_channel_t @ 0x5f37f0
QHOVER: _Z16comm_send_buffer17mavlink_channel_tPKhh @ 0x5f3870
QHOVER: _ZL13valid_channel17mavlink_channel_t @ 0x5f39e0
QHOVER: _Z24gcs_out_of_space_to_send17mavlink_channel_t @ 0x5f3a90
QHOVER: _ZN11GCS_MAVLINK20out_of_space_to_sendEv @ 0xaa2900
QHOVER: _ZL8crc_initPt @ 0x5f43c0
QHOVER: _ZN11GCS_MAVLINK14channel_statusEv @ 0xaa2960
QHOVER: _ZNK11GCS_MAVLINK7txspaceEv @ 0xaa29b0
QHOVER: _ZNK11GCS_MAVLINK15packet_overheadEv @ 0xaa2a50
QHOVER: _ZN11GCS_MAVLINK20packet_overhead_chanE17mavlink_channel_t @ 0x5f4410
QHOVER: _ZL3MINIjjEDTqultfp_fp0_fp_fp0_ERKT_RKT0_.7101 @ 0x5f44f0
QHOVER: _ZN11GCS_MAVLINK10is_privateE17mavlink_channel_t @ 0xaa2ab0
QHOVER: _ZN17AP_InertialSensor13caltemp_accelEh @ 0xaa2de0
QHOVER: _ZNK17AP_InertialSensor15get_temperatureEh @ 0xaa2e50
QHOVER: _ZN7Vector3IfE4zeroEv @ 0xaa30b0
QHOVER: _ZNK7Vector3IfErmERKS0_ @ 0xaa3110
QHOVER: _ZNK7Vector3IfEmlERKS0_ @ 0xaa31f0
QHOVER: _Z9safe_sqrtIfEfT_ @ 0xaa3280
QHOVER: _ZN11QuaternionTIfE9normalizeEv @ 0xaa3330
QHOVER: _ZNK11QuaternionTIfE14get_euler_rollEv @ 0xaa3410
QHOVER: _ZNK11QuaternionTIfE15get_euler_pitchEv @ 0xaa34c0
QHOVER: _Z9safe_asinIfEfT_ @ 0xaa3530
QHOVER: _ZNK11QuaternionTIfE6lengthEv @ 0xaa3610
QHOVER: _ZN7Vector3IfE6rotateE8Rotation @ 0xaa3720
QHOVER: _ZNK7Matrix3IfEmlERK7Vector3IfE @ 0xaa4700
QHOVER: _ZN7Matrix3IfE10from_eulerEfff @ 0xaa48a0
QHOVER: _ZN7Matrix3IfEC2Efffffffff @ 0xaa4ad0
QHOVER: _ZNK7Vector3IfEplERKS0_ @ 0xaa4c00
QHOVER: _ZNK7Vector3IfEdvEf @ 0xaa4cb0
QHOVER: _ZNK7AP_AHRS13get_pitch_radEv @ 0xaa4da0
QHOVER: _Z4normIffJEEdT_T0_DpKT1_ @ 0xaa4e90
QHOVER: _ZN7Vector3IfEpLERKS0_ @ 0xaa4f00
QHOVER: _ZN10ByteBuffer9peekbytesEPhj @ 0x5f6d50
QHOVER: _ZN10ByteBuffer9peekiovecEPNS_5IoVecEj @ 0x5f6e60
QHOVER: _ZNK10ByteBuffer9availableEv @ 0x5f6fb0
QHOVER: _ZN10ByteBuffer7readptrERj @ 0x5f7290
QHOVER: _ZNK7Vector3IfEngEv @ 0xaa5130
QHOVER: _ZN2AP4sitlEv @ 0x5f7690
QHOVER: _ZN2AP4baroEv @ 0x5f76d0
QHOVER: _ZNK7AP_Baro11all_healthyEv @ 0x5f78e0
QHOVER: _ZNK6AP_GPS6statusEv @ 0xaa5210
QHOVER: _ZNK7AP_Baro12get_pressureEv @ 0xaa5270
QHOVER: _ZNK7AP_Baro23get_altitude_differenceEff @ 0x5f7990
QHOVER: _ZNK7AP_Baro26get_altitude_from_pressureEf @ 0x5f7a30
QHOVER: _ZL33find_atmosphere_layer_by_pressuref @ 0x5f7c90
QHOVER: _ZNK7AP_Baro17get_altitude_AMSLEv @ 0xaa52d0
QHOVER: _ZN7AP_Baro29geopotential_alt_to_geometricEf @ 0x5f7d40
QHOVER: _ZNK7AP_Baro17get_altitude_AMSLEh @ 0xaa5330
QHOVER: _ZNK7AP_Baro12get_altitudeEh @ 0xaa53a0
QHOVER: _ZNK7AP_Baro12get_pressureEh @ 0xaa5410
QHOVER: _ZNK7AP_Baro7healthyEh @ 0x5f7da0
QHOVER: _ZN7AP_Baro13get_singletonEv @ 0xaa5480
QHOVER: _ZN4SITL3SIM13get_singletonEv @ 0xaa54c0
QHOVER: _ZNK9AP_Logger15logging_presentEv @ 0x5f8480
QHOVER: _ZNK9AP_Logger15logging_startedEv @ 0x5f8570
QHOVER: _ZNK11RC_Channels17option_is_enabledENS_6OptionE @ 0xaa55d0
QHOVER: _ZNK11RC_Channels16get_roll_channelEv @ 0x5f87d0
QHOVER: _ZNK11RC_Channels17get_pitch_channelEv @ 0x5f8840
QHOVER: _ZNK11RC_Channels15get_yaw_channelEv @ 0x5f88b0
QHOVER: _ZNK10RC_Channel14get_control_inEv @ 0xaa5650
QHOVER: _ZNK11RC_Channels20get_throttle_channelEv @ 0x5f8920
QHOVER: _ZN11RC_Channels23find_channel_for_optionEN10RC_Channel8AUX_FUNCE @ 0x5f8990
QHOVER: _ZN2AP5rcmapEv @ 0x5f8c10
QHOVER: _ZNK8RCMapper8throttleEv @ 0xaa5700
QHOVER: _ZNK11RC_Channels25get_rcmap_channel_nonnullEh @ 0x5f8c50
QHOVER: _ZN11RC_Channels10rc_channelEh @ 0xaa5760
QHOVER: _ZN8RCMapper13get_singletonEv @ 0xaa57c0
QHOVER: _ZNK8RCMapper3yawEv @ 0xaa5800
QHOVER: _ZNK8RCMapper5pitchEv @ 0xaa5860
QHOVER: _ZNK8RCMapper4rollEv @ 0xaa58c0
QHOVER: _ZNK11RC_Channels19flight_mode_channelEv @ 0x5f8ce0
QHOVER: _ZNK10RC_Channel11get_reverseEv @ 0x5f93b0
QHOVER: _ZNK5Plane21flight_option_enabledE13FlightOptions @ 0x5f9980
QHOVER: _ZNK10AP_Mission28get_in_landing_sequence_flagEv @ 0xaa5ca0
QHOVER: _ZNK10Tailsitter7enabledEv @ 0xaa5df0
QHOVER: _Z11is_positiveI9AP_ParamTIfL11ap_var_type4EEEbT_ @ 0xaa6080
QHOVER: _ZN11AP_Airspeed13get_singletonEv @ 0xaa64d0
QHOVER: _ZNK11AP_Airspeed7enabledEh @ 0x5faf70
QHOVER: _ZNK11AP_Airspeed3useEh @ 0x5fb030
QHOVER: _ZNK11AP_Airspeed7healthyEh @ 0x5fb160
QHOVER: _ZNK7AP_EnumIN18AP_Airspeed_Params11SkipCalTypeEEcvKS1_Ev @ 0xaa6510
QHOVER: _ZNK11AP_Airspeed11lib_enabledEv @ 0x5fb2e0
QHOVER: _ZN12SRV_Channels17get_output_scaledEN11SRV_Channel8FunctionE @ 0x5fb330
QHOVER: _ZNK10RC_Channel12get_radio_inEv @ 0xaa65a0
QHOVER: _ZN2AP5fenceEv @ 0x5fd3a0
QHOVER: _ZNK8AC_Fence7presentEv @ 0x5fd980
QHOVER: _ZNK8AC_Fence7enabledEv @ 0xaa66b0
QHOVER: _ZN15ExpandingStringD2Ev @ 0x5fdfc0
QHOVER: _ZNK19AC_PolyFence_loader17total_fence_countEv @ 0xaa6900
QHOVER: _ZNK7Vector2IfEmiERKS0_ @ 0xaa7030
QHOVER: _ZNK7Vector2IfEmlERKS0_ @ 0xaa72a0
QHOVER: _ZNK7Vector2IfEmlEf @ 0xaa7320
QHOVER: _ZN7Vector2IfEC2Eff @ 0xaa73a0
QHOVER: _ZNK8Location15get_distance_NEERKS_ @ 0x5ff000
QHOVER: _ZNK19AC_PolyFence_loader27get_exclusion_polygon_countEv @ 0xaa74d0
QHOVER: _ZNK19AC_PolyFence_loader27get_inclusion_polygon_countEv @ 0xaa7520
QHOVER: _ZNK19AC_PolyFence_loader26get_exclusion_circle_countEv @ 0xaa7570
QHOVER: _ZNK19AC_PolyFence_loader26get_inclusion_circle_countEv @ 0xaa75c0
QHOVER: _ZN8AC_Fence13get_singletonEv @ 0xaa7610
QHOVER: _ZN2AP10visualodomEv @ 0x5ff1c0
QHOVER: _ZNK13AP_VisualOdom7enabledEv @ 0x5ff330
QHOVER: _ZNK7AP_EnumIN13AP_VisualOdom15VisualOdom_TypeEEcvKS1_Ev @ 0xaa7650
QHOVER: _ZN13AP_VisualOdom13get_singletonEv @ 0xaa76a0
QHOVER: _ZN6AP_HAL6microsEv @ 0x5ff7a0
QHOVER: _ZN2AP5mountEv @ 0x5ff7e0
QHOVER: _ZN8AP_Mount13get_singletonEv @ 0xaa7720
QHOVER: _ZN2AP3osdEv @ 0x5ffa40
QHOVER: _ZN6AP_OSD13get_singletonEv @ 0xaa77c0
QHOVER: _ZN2AP9generatorEv @ 0x5ffd90
QHOVER: _ZN12AP_Generator13get_singletonEv @ 0x5fff50
QHOVER: _ZN2AP3canEv @ 0x5fff90
QHOVER: _ZNK13AP_CANManager15get_num_driversEv @ 0xaa78b0
QHOVER: _ZNK13AP_CANManager15get_driver_typeEh @ 0xaa7900
QHOVER: _ZN13AP_CANManager13get_singletonEv @ 0xaa7b90
QHOVER: _ZNK10AP_Terrain14get_statisticsERtS0_ @ 0x600a70
QHOVER: _ZNK10AP_Terrain10bitcount64Em @ 0x600c60
QHOVER: _ZNK11SRV_Channel12get_functionEv @ 0xaa7cd0
QHOVER: _ZNK11SRV_Channel14get_output_minEv @ 0xaa7d90
QHOVER: _ZNK11SRV_Channel14get_output_maxEv @ 0xaa7de0
QHOVER: _ZN11SRV_Channel13should_e_stopENS_8FunctionE @ 0x600d50
QHOVER: _ZN11RangeFinder13get_singletonEv @ 0xaa7e80
QHOVER: _ZNK9AP_Logger14logging_failedEv @ 0x601380
QHOVER: _ZN2AP7batteryEv @ 0x601500
QHOVER: _ZNK14AP_BattMonitor15configured_typeEh @ 0xaa7f70
QHOVER: _ZNK14AP_BattMonitor14allocated_typeEh @ 0xaa7fe0
QHOVER: _ZNK22AP_BattMonitor_Backend20check_failsafe_typesERbS0_S0_S0_ @ 0x601c30
QHOVER: _ZNK21AP_BattMonitor_Params23failsafe_voltage_sourceEv @ 0xaa80c0
QHOVER: _ZL3MAXIffEDTqugtfp_fp0_fp_fp0_ERKT_RKT0_.19313 @ 0x602040
QHOVER: _ZN14AP_BattMonitor13get_singletonEv @ 0xaa8120
QHOVER: _ZNK7Compass14is_calibratingEv @ 0x6020c0
QHOVER: _ZNK7Compass7healthyEv @ 0xaa81c0
QHOVER: _ZNK7Compass21learn_offsets_enabledEv @ 0xaa8220
QHOVER: _ZNK7Compass9get_fieldEv @ 0xaa8350
QHOVER: _ZNK7Compass10consistentEv @ 0x602480
QHOVER: _ZN14AP_Declination18get_earth_field_gaERK8Location @ 0x602720
QHOVER: _ZNK7Vector3IfEmlEf @ 0xaa83b0
QHOVER: _ZN14AP_Declination16get_mag_field_efEffRfS0_S0_ @ 0x6029c0
QHOVER: _ZL7radiansf.3485 @ 0x602fc0
QHOVER: _Z15constrain_int32iii @ 0xaa8450
QHOVER: _Z15constrain_valueIiET_S0_S0_S0_ @ 0xaa84c0
QHOVER: _ZN11AP_AHRS_DCM11use_compassEv @ 0x603130
QHOVER: _ZNK7AP_AHRS15get_fly_forwardEv @ 0xaa85b0
QHOVER: _ZNK11AP_AHRS_DCM8have_gpsEv @ 0x6032e0
QHOVER: _ZNK6AP_GPS12ground_speedEv @ 0xaa8610
QHOVER: _ZL7degreesf.2589 @ 0x603370
QHOVER: _ZNK6AP_GPS13ground_courseEv @ 0xaa8670
QHOVER: _Z8wrap_180IfET_S0_ @ 0xaa86d0
QHOVER: _Z8wrap_360f @ 0x6033c0
QHOVER: _ZNK6AP_GPS13ground_courseEh @ 0xaa8760
QHOVER: _ZNK6AP_GPS12ground_speedEh @ 0xaa87d0
QHOVER: _ZNK7AP_EnumI6GPSUseEcvKS0_Ev @ 0xaa8840
QHOVER: _ZNK12NavEKF2_core11use_compassEv @ 0x603440
QHOVER: _ZNK7Vector3IfE2xyEv @ 0xaa8890
QHOVER: _ZNK7Compass9get_countEv @ 0xaa88e0
QHOVER: _ZNK7Compass9get_fieldEh @ 0xaa8930
QHOVER: _ZNK7Vector2IfE7is_zeroEv @ 0xaa89b0
QHOVER: _ZNK7Vector3IfE5angleERKS0_ @ 0xaa8a40
QHOVER: _ZL7radiansf.3200 @ 0x6034e0
QHOVER: _ZNK7Vector2IfE5angleERKS0_ @ 0xaa8b50
QHOVER: _ZNK7Vector2IfE6lengthEv @ 0xaa8c70
QHOVER: _ZNK7Compass11get_offsetsEh @ 0xaa8cd0
QHOVER: _ZNK9AP_ParamVI7Vector3IfEL11ap_var_type5EEcvRKS1_Ev @ 0xaa8d50
QHOVER: _ZNK14typesafe_indexIh12TAG_PriorityEltERKh @ 0xaa8da0
QHOVER: _ZNK14typesafe_indexIh12TAG_PriorityEcvhEv @ 0xaa8e90
QHOVER: _ZNK14typesafe_indexIh12TAG_PriorityEplERKh @ 0xaa8ee0
QHOVER: _ZN14typesafe_indexIh12TAG_PriorityEppEi @ 0xaa8fe0
QHOVER: _ZN19RestrictIDTypeArrayIN7Compass9mag_stateELj4E14typesafe_indexIh14TAG_StateIndexEEixERKS4_ @ 0xaa9050
QHOVER: _ZNK19RestrictIDTypeArrayIP17CompassCalibratorLj3E14typesafe_indexIh12TAG_PriorityEEixERKS4_ @ 0xaa9190
QHOVER: _ZN5Plane9is_flyingEv @ 0x603ec0
QHOVER: _ZNK9AP_Arming14option_enabledENS_6OptionE @ 0xaa9340
QHOVER: _ZN15AP_Arming_Plane17update_soft_armedEv @ 0x604400
QHOVER: _ZNK9AP_Arming8is_armedEv @ 0x604840
QHOVER: _ZN9AP_Logger17set_vehicle_armedEb @ 0x6048c0
QHOVER: _ZNK9AP_Arming22get_rudder_arming_typeEv @ 0xaa9420
QHOVER: _ZN8AC_Fence12clear_breachEh @ 0x605180
QHOVER: _ZN9AP_Logger18WriteCriticalBlockEPKvt @ 0x6051f0
QHOVER: _ZNK9AP_Arming23is_armed_and_safety_offEv @ 0x6052a0
QHOVER: _ZNK9QuadPlane14is_flying_vtolEv @ 0x605330
QHOVER: _ZNK9QuadPlane12in_vtol_modeEv @ 0x6054d0
QHOVER: _ZNK9QuadPlane15PosControlState9get_stateEv @ 0xaa9650
QHOVER: _ZNK9QuadPlane12in_vtol_autoEv @ 0x605750
QHOVER: _ZNK10AP_Mission19get_current_nav_cmdEv @ 0xaa96a0
QHOVER: _ZNK9QuadPlane20in_vtol_land_descentEv @ 0x605cb0
QHOVER: _ZN5Plane18update_current_locEv @ 0x6064e0
QHOVER: _ZNK7AP_AHRS11get_yaw_degEv @ 0xaa9840
QHOVER: _ZNK7AP_AHRS28get_relative_position_D_homeERf @ 0x6066f0
QHOVER: _ZNK7AP_Baro12get_altitudeEv @ 0xaa9890
QHOVER: _ZNK7AP_AHRS30get_relative_position_D_originERd @ 0x606890
QHOVER: _ZNK7AP_AHRS11_get_originER8Location @ 0x6069d0
QHOVER: _ZNK7AP_AHRS11_get_originENS_7EKFTypeER8Location @ 0x606ab0
QHOVER: _ZNK7NavEKF312getOriginLLHER8Location @ 0x606d80
QHOVER: _ZNK8Location11initialisedEv @ 0xaa98f0
QHOVER: _ZNK12NavEKF3_core12getOriginLLHER8Location @ 0x607060
QHOVER: _ZNK12NavEKF2_core12getOriginLLHER8Location @ 0x607150
QHOVER: _ZNK7NavEKF37getPosDERd @ 0x6073f0
QHOVER: _ZNK7Vector3IfE8todoubleEv @ 0xaa9980
QHOVER: _ZN7Vector3IdEmLEd @ 0xaa9a00
QHOVER: _ZN8Location13offset_latlngERiS0_dd @ 0x6078c0
QHOVER: _ZN8Location15limit_lattitudeEi @ 0x6079c0
QHOVER: _ZN8Location14wrap_longitudeEl @ 0x607a60
QHOVER: _ZN7Vector3IdEC2Eddd @ 0xaa9a90
QHOVER: _ZNK12NavEKF3_core7getPosDERd @ 0x607b00
QHOVER: _ZNK12NavEKF3_core13getPosD_localERd @ 0x607bd0
QHOVER: _ZNK12NavEKF2_core7getPosDERd @ 0x607c60
QHOVER: _ZN7Vector3IdEC2Ev @ 0xaa9b20
QHOVER: _ZNK11AP_AHRS_DCM12get_locationER8Location @ 0x607e50
QHOVER: _ZN8Location6offsetEdd @ 0x608180
QHOVER: _ZNK6AP_GPS7get_lagERf @ 0xaa9b80
QHOVER: _ZNK6AP_GPS7get_lagEhRf @ 0x608210
QHOVER: _ZNK11GCS_MAVLINK12is_streamingEv @ 0xaa9d10
QHOVER: _ZNK7BitmaskILt91EE8validateEt @ 0xaa9e30
QHOVER: _ZNK7AP_AHRS10get_originER8Location @ 0x6092e0
QHOVER: _ZNK8Location10get_alt_cmENS_8AltFrameERi @ 0x609450
QHOVER: _ZN9AP_Logger10WriteBlockEPKvt @ 0x609790
QHOVER: _ZN17AP_Logger_Backend10WriteBlockEPKvt @ 0xaa9ec0
QHOVER: _ZNK8Location13get_alt_frameEv @ 0x609840
QHOVER: _ZN2AP7terrainEv @ 0x609920
QHOVER: _ZN10AP_Terrain11height_amslERK8LocationRfb @ 0x609960
QHOVER: _ZN10AP_Terrain8allocateEv @ 0x609da0
QHOVER: _ZNK10AP_Terrain19calculate_grid_infoERK8LocationRNS_9grid_infoE @ 0x609ec0
QHOVER: _ZN10AP_Terrain15find_grid_cacheERKNS_9grid_infoE @ 0x60a330
QHOVER: _ZN10AP_Terrain12check_bitmapERKNS_10grid_blockEhh @ 0x60a640
QHOVER: _ZN10AP_Terrain11grid_bitnumEhh @ 0x60a700
QHOVER: _ZNK10AP_DAL_GPS8locationEv @ 0xaaa000
QHOVER: _ZNK10AP_DAL_GPS8locationEh @ 0xaaa060
QHOVER: _ZN6AP_DAL9end_frameEv @ 0x60b020
QHOVER: _ZN6AP_DAL15WriteLogMessageE11LogMessagesPvPKvh @ 0x60b0a0
QHOVER: _ZN9AP_Logger16WriteReplayBlockEhPKvt @ 0x60b1c0
QHOVER: _ZNK9AP_Logger10log_replayEv @ 0xaaa0d0
QHOVER: _ZNK11AP_Airspeed7healthyEv @ 0xaaa190
QHOVER: _ZNK7AP_Baro15get_temperatureEh @ 0xaaa270
QHOVER: _ZN11AP_Airspeed15get_temperatureEhRf @ 0x60b8a0
QHOVER: _ZNK7AP_AHRS17get_filter_statusER17nav_filter_status @ 0x60bc90
QHOVER: _ZNK7AP_AHRS16get_velocity_NEDER7Vector3IfE @ 0x60bdc0
QHOVER: _ZN10AP_Terrain23update_reference_offsetEv @ 0x60be40
QHOVER: _ZNK9AP_ParamTIfL11ap_var_type4EEngEv @ 0xaaa340
QHOVER: _ZNK7NavEKF315getFilterStatusER17nav_filter_status @ 0x60c130
QHOVER: _ZNK15AP_ExternalAHRS17get_filter_statusER17nav_filter_status @ 0x60c420
QHOVER: _ZNK12NavEKF3_core15getFilterStatusER17nav_filter_status @ 0x60c5b0
QHOVER: _ZNK12NavEKF2_core15getFilterStatusER17nav_filter_status @ 0x60c620
QHOVER: _ZNK9AP_Arming18get_enabled_checksEv @ 0x60c690
QHOVER: _ZN7HALSITL9Semaphore4takeEj @ 0x60c7f0
QHOVER: _ZN7HALSITL9Semaphore16take_nonblockingEv @ 0x60c990
QHOVER: _ZN6AP_HAL9Semaphore13take_blockingEv @ 0xaaab70
QHOVER: _ZN7HALSITL9Semaphore4giveEv @ 0x60ca20
QHOVER: _ZN4SITL6AS56006updateERKNS_8AircraftE @ 0x60de50
QHOVER: _ZNK4SITL8Aircraft12get_attitudeER11QuaternionTIfE @ 0xaaba10
QHOVER: _ZL7degreesf.21535 @ 0x60e220
QHOVER: _ZN4SITL17I2CRegisters_8Bit12set_registerEhh @ 0x60e280
QHOVER: _ZN4SITL9I2CDevice6updateERKNS_8AircraftE @ 0xaabc00
QHOVER: _ZN4SITL13TeraRangerI2C6updateERKNS_8AircraftE @ 0xaabda0
QHOVER: _ZNK4SITL8Aircraft17rangefinder_rangeEv @ 0x60e940
QHOVER: _Z10rand_floatv @ 0x60ec20
QHOVER: _ZN4SITL7INA32216updateERKNS_8AircraftE @ 0x60ef00
QHOVER: _ZL15convert_voltagef @ 0x60f380
QHOVER: _ZL15convert_currentf @ 0x60f450
QHOVER: _ZN4SITL8QMC5883L6updateERKNS_8AircraftE @ 0x60f6b0
QHOVER: _ZN7Vector3IfE14rotate_inverseE8Rotation @ 0xaabe10
QHOVER: _ZL7htole16t.15963 @ 0x60fac0
QHOVER: _ZN7Vector3IsEC2Esss @ 0xaabfc0
QHOVER: _ZN4SITL10IS31FL31956updateERKNS_8AircraftE @ 0x60fd30
QHOVER: _ZN4SITL17I2CRegisters_8Bit12get_registerEh @ 0xaac160
QHOVER: _ZN10SIM_RGBLED11set_coloursEhhh @ 0xaac1c0
QHOVER: _ZN4SITL6LM27556updateERKNS_8AircraftE @ 0x610a10
QHOVER: _ZNK4SITL6LM275510LEDChannel13current_valueEv @ 0xaac3d0
QHOVER: _ZN4SITL6LP55626updateERKNS_8AircraftE @ 0x610fc0
QHOVER: _ZN4SITL6LP556210LEDChannel6updateEv @ 0x6112d0
QHOVER: _ZNK4SITL6LP556210LEDChannel13current_valueEv @ 0xaac650
QHOVER: _ZN4SITL6MS5XXX6updateERKNS_8AircraftE @ 0x6113b0
QHOVER: _ZN7AP_Baro37get_pressure_temperature_for_alt_amslEfRfS0_ @ 0x612360
QHOVER: _ZN7AP_Baro29geometric_alt_to_geopotentialEf @ 0x612540
QHOVER: _ZL33find_atmosphere_layer_by_altitudef @ 0x6125a0
QHOVER: _ZN7AP_Baro33get_temperature_by_altitude_layerEfa @ 0x612650
QHOVER: _ZN7AP_Baro29get_temperatureC_for_alt_amslEf @ 0x6131d0
QHOVER: _ZN4SITL12InvensenseV36updateERKNS_8AircraftE @ 0x613240
QHOVER: _ZNK4SITL8ICM4060911accel_scaleEv @ 0xaacba0
QHOVER: _ZL7radiansd.15405 @ 0x613d00
QHOVER: _ZNK4SITL12InvensenseV310gyro_scaleEv @ 0xaacbf0
QHOVER: _ZN4SITL12InvensenseV313write_to_fifoEhPhh @ 0x613d50
QHOVER: _ZN4SITL7MCP96006updateERKNS_8AircraftE @ 0x6142b0
QHOVER: _ZL7htobe16t.15309 @ 0x614880
QHOVER: _ZL10__bswap_16t.15311 @ 0x6148d0
QHOVER: _ZNK4SITL31I2CRegisters_ConfigurableLength13get_reg_valueEhRh @ 0x614940
QHOVER: _ZN4SITL6TSYS036updateERKNS_8AircraftE @ 0x614d90
QHOVER: _ZN4SITL6TSYS016updateERKNS_8AircraftE @ 0x6157e0
QHOVER: _ZN4SITL5SHT3x6updateERKNS_8AircraftE @ 0x616410
QHOVER: _ZN4SITL13Airspeed_DLVR6updateERKNS_8AircraftE @ 0x616c90
QHOVER: _ZN4SITL29SIM_BattMonitor_SMBus_Generic6updateERKNS_8AircraftE @ 0x617770
QHOVER: _ZNK4SITL29SIM_BattMonitor_SMBus_Generic15connected_cellsEv @ 0xaad4e0
QHOVER: _ZN4SITL21SIM_BattMonitor_SMBus6updateERKNS_8AircraftE @ 0x617fd0
QHOVER: _ZNK4SITL8Aircraft19get_battery_voltageEv @ 0xaad530
QHOVER: _ZN4SITL11SMBusDevice12set_registerEht @ 0xaad580
QHOVER: _ZN4SITL18I2CRegisters_16Bit12set_registerEht @ 0x6180e0
QHOVER: _ZN4SITL11SMBusDevice12set_registerEhs @ 0xaad600
QHOVER: _ZN4SITL18I2CRegisters_16Bit12set_registerEhs @ 0x618190
QHOVER: _ZN4SITL6Rotoye6updateERKNS_8AircraftE @ 0x618430
QHOVER: _ZN4SITL11SMBusDevice13get_reg_valueEh @ 0xaad8b0
QHOVER: _ZN4SITL18I2CRegisters_16Bit13get_reg_valueEh @ 0xaad920
QHOVER: _ZL7be16toht.21586 @ 0x618500
QHOVER: _ZL10__bswap_16t.21587 @ 0x618550
QHOVER: _ZNK4SITL6Maxell15connected_cellsEv @ 0xaad9e0
QHOVER: _ZN4SITL13MaxSonarI2CXL6updateERKNS_8AircraftE @ 0xaadb20
QHOVER: _ZN4SITL10ToshibaLED6updateERKNS_8AircraftE @ 0x618810
QHOVER: _ZNK6AP_HAL3HAL6serialEh @ 0xaae560
QHOVER: _ZL14fill_stack_nanv @ 0x6192d0
QHOVER: _ZN7HALSITL9Scheduler13_run_io_procsEv @ 0x619650
QHOVER: _ZNK7FunctorIvJEEcvbEv @ 0xaae670
QHOVER: _ZNK7FunctorIvJEEclEv @ 0xaae6d0
QHOVER: _ZN7HALSITL16I2CDeviceManager11_timer_tickEv @ 0x619860
QHOVER: _ZN2AP2RCEv @ 0x619900
QHOVER: _ZN13AP_RCProtocol6updateEv @ 0x6199b0
QHOVER: _ZN13AP_RCProtocol16check_added_uartEv @ 0x619a00
QHOVER: _ZNK13AP_RCProtocol13should_searchEj @ 0x619c70
QHOVER: _ZN21AP_RCProtocol_Backend9new_inputEv @ 0x61a3b0
QHOVER: _ZNK17AP_RCProtocol_FDM6activeEv @ 0xaae970
QHOVER: _ZN6I2CBus11_timer_tickEv @ 0x61a5c0
QHOVER: _ZN9AP_Logger6WriteVEPKcS1_S1_S1_S1_P13__va_list_tagbb @ 0x61a6f0
QHOVER: _ZN9AP_Logger16msg_fmt_for_nameEPKcS1_S1_S1_S1_bb @ 0x61a8f0
QHOVER: _ZN17AP_Logger_Backend5WriteEhP13__va_list_tagbb @ 0x61b1e0
QHOVER: _ZNK9AP_Logger24assert_same_fmt_for_nameEPKNS_13log_write_fmtEPKcS4_S4_S4_S4_ @ 0x61bd60
QHOVER: _ZN3GCS14update_receiveEv @ 0x61d0d0
QHOVER: _ZN3GCS11update_sendEv @ 0x61d180
QHOVER: _ZN19MissionItemProtocol6updateEv @ 0x61d4c0
QHOVER: _ZN11GCS_MAVLINK11update_sendEv @ 0x61d690
QHOVER: _ZN3GCS18service_statustextEv @ 0x61da70
QHOVER: _ZN3GCS15StatusTextQueue9semaphoreEv @ 0xaaebd0
QHOVER: _ZNK11ObjectArrayIN3GCS12statustext_tEE8is_emptyEv @ 0xaaec20
QHOVER: _ZN11GCS_MAVLINK18service_statustextEv @ 0x61dbe0
QHOVER: _ZN3GCS15StatusTextQueue5pruneEv @ 0x61de20
QHOVER: _ZNK11ObjectArrayIN3GCS12statustext_tEE9availableEv @ 0xaaec80
QHOVER: _ZN11ObjectArrayIN3GCS12statustext_tEEixEt @ 0xaaecd0
QHOVER: _ZN11ObjectArrayIN3GCS12statustext_tEE6removeEt @ 0xaaed70
QHOVER: _ZN11ObjectArrayIN3GCS12statustext_tEE3popEv @ 0xaaeec0
QHOVER: _ZN3GCS16statustext_queueEv @ 0xaaef70
QHOVER: _Z14comm_chan_lock17mavlink_channel_t @ 0x61df50
QHOVER: _ZL27mavlink_msg_statustext_send17mavlink_channel_thPKcth @ 0x61dfb0
QHOVER: _ZL16mav_array_memcpyPvPKvm.7264 @ 0x61e090
QHOVER: _ZN9AP_Logger15handle_log_sendEv @ 0x61e130
QHOVER: _ZN22GCS_MAVLINK_InProgress11check_tasksEv @ 0x61e800
QHOVER: _ZNK3GCS11out_of_timeEv @ 0x61e9f0
QHOVER: _ZN11GCS_MAVLINK30deferred_message_to_send_indexEt @ 0x61ead0
QHOVER: _ZN11GCS_MAVLINK19do_try_send_messageE10ap_message @ 0x61ecb0
QHOVER: _ZNK7BitmaskILt91EE9first_setEv @ 0xaaefc0
QHOVER: _ZN7BitmaskILt91EE5clearEt @ 0xaaf090
QHOVER: _ZN11GCS_MAVLINK36next_deferred_bucket_message_to_sendEt @ 0x61ede0
QHOVER: _ZNK7BitmaskILt91EE5countEv @ 0xaaf150
QHOVER: _ZNK11GCS_MAVLINK26get_reschedule_interval_msERKNS_25deferred_message_bucket_tE @ 0x61ef10
QHOVER: _ZN11GCS_MAVLINK24find_next_bucket_to_sendEt @ 0x61f010
QHOVER: _ZN7BitmaskILt91EEaSERKS0_ @ 0xaaf220
QHOVER: _ZNK11GCS_MAVLINK24requesting_mission_itemsEv @ 0x61f1e0
QHOVER: _ZN7GCS_FTP16get_last_send_msE17mavlink_channel_t @ 0x61f2d0
QHOVER: _ZNK11GCS_MAVLINK17telemetry_delayedEv @ 0x61f470
QHOVER: _ZNK3GCS11telem_delayEv @ 0xaaf360
QHOVER: _ZN14AP_BoardConfig15in_config_errorEv @ 0xaaf3c0
QHOVER: _ZNK12AP_Scheduler19time_available_usecEv @ 0x61f540
QHOVER: _ZN2AP2FSEv @ 0x61f7c0
QHOVER: _ZN19AP_Filesystem_Posix5writeEiPKvj @ 0x61fb60
QHOVER: _ZN21AP_Filesystem_Backend17bytes_until_fsyncEi @ 0xaaf400
QHOVER: _ZN19AP_Filesystem_Posix9disk_freeEPKc @ 0x620350
QHOVER: _ZNK21AP_Filesystem_Backend15file_op_allowedEv @ 0x620a80
QHOVER: _ZL12map_filenamePKc @ 0x620b20
QHOVER: _ZL17map_filename_freePKc @ 0x620bc0
QHOVER: _Z16comm_get_txspace17mavlink_channel_t @ 0x620d10
QHOVER: _ZL28mavlink_msg_command_ack_send17mavlink_channel_tthhihh @ 0x620da0
QHOVER: _ZN11GCS_MAVLINK23set_ap_message_intervalE10ap_messaget @ 0x621210
QHOVER: _ZNK11GCS_MAVLINK20cap_message_intervalEt @ 0x621630
QHOVER: _ZNK11GCS_MAVLINK26get_deferred_message_indexE10ap_message @ 0x621700
QHOVER: _ZNK7BitmaskILt91EE3getEt @ 0xaaf640
QHOVER: _ZN12AP_Scheduler18get_loop_period_usEv @ 0xaaf710
QHOVER: _ZdaPv @ 0x6219f0
QHOVER: _ZN13AP_Filesystem4openEPKcib @ 0x621a50
QHOVER: _ZN13AP_Filesystem5closeEi @ 0x621f00
QHOVER: _ZNK13AP_Filesystem13backend_by_fdERi @ 0x621f80
QHOVER: _ZNK13AP_Filesystem15backend_by_pathERPKc @ 0x622050
QHOVER: _ZN11GCS_MAVLINK39initialise_message_intervals_for_streamENS_7streamsE @ 0x622340
QHOVER: _ZNK11GCS_MAVLINK23get_interval_for_streamENS_7streamsE @ 0x622540
QHOVER: _ZNK11GCS_MAVLINK8get_chanEv @ 0xaaf7b0
QHOVER: _ZN19AC_PolyFence_loader13check_indexedEv @ 0x6256b0
QHOVER: _Z11is_negativeIfEbT_ @ 0xab0490
QHOVER: _ZN11GCS_MAVLINK14update_receiveEj @ 0x62ae30
QHOVER: _ZN3GCS15update_passthruEv @ 0x62b300
QHOVER: _ZN16AP_SerialManager12get_passthruERPN6AP_HAL10UARTDriverES3_RhRjS5_ @ 0x62b830
QHOVER: _ZN6AP_HAL10UARTDriver11read_lockedEPhmj @ 0x62c2b0
QHOVER: _ZNK11GCS_MAVLINK6lockedEv @ 0xab0780
QHOVER: _ZNK7FunctorIbJhPN6AP_HAL10UARTDriverEEEcvbEv @ 0xab07e0
QHOVER: _ZN11GCS_MAVLINK14channel_bufferEv @ 0xab08c0
QHOVER: mavlink_frame_char_buffer @ 0x62c990
QHOVER: _ZN12AP_Scripting14handle_messageERK17__mavlink_message17mavlink_channel_t @ 0x62d230
QHOVER: _ZN11GCS_MAVLINK13send_timesyncEv @ 0x62d420
QHOVER: _ZN11GCS_MAVLINK17log_mavlink_statsEv @ 0x62d490
QHOVER: _ZNK11GCS_MAVLINK15signing_enabledEv @ 0x62d610
QHOVER: _ZNK11GCS_MAVLINK21timesync_timestamp_nsEv @ 0x62d6b0
QHOVER: _ZL25mavlink_msg_timesync_send17mavlink_channel_tll @ 0x62d710
QHOVER: mavlink_start_checksum @ 0x62d7b0
QHOVER: mavlink_update_checksum @ 0x62d810
QHOVER: _Z9fill_nanfPft @ 0x62e250
QHOVER: _ZN10ByteBuffer7advanceEj @ 0x6312e0
QHOVER: _ZN5Empty11OpticalFlow9push_gyroEfff @ 0xab1790
QHOVER: _ZN5Empty11OpticalFlow14push_gyro_biasEff @ 0xab1800
QHOVER: _ZN6AP_HAL4Util14set_soft_armedEb @ 0x631e00
QHOVER: _ZNK7HALSITL4Util18was_watchdog_resetEv @ 0xab1ad0
QHOVER: _ZN7HALSITL4Util19safety_switch_stateEv @ 0x631f90
QHOVER: _ZN7HALSITL4Util16available_memoryEv @ 0xab1fc0
QHOVER: _ZN7HALSITL4Util8uart_logEv @ 0x632570
QHOVER: _ZN6AP_HAL4Util14log_stack_infoEv @ 0xab2360
QHOVER: _ZN6AP_HAL10UARTDriver9log_statsEhRNS0_12StatsTrackerEj @ 0x632740
QHOVER: _ZN6AP_HAL10UARTDriver12StatsTracker11ByteTracker6updateEj @ 0x6328e0
QHOVER: _ZN7HALSITL8RCOutput20_safety_switch_stateEv @ 0xab2400
QHOVER: _ZN6AP_HAL10UARTDriver5writeEPKhm @ 0x634e10
QHOVER: _ZN6AP_HAL10UARTDriver9availableEv @ 0x634f50
QHOVER: _ZN6AP_HAL10UARTDriver4readEv @ 0x634fd0
QHOVER: _ZN6AP_HAL10UARTDriver4readERh @ 0x635050
QHOVER: _ZN6AP_HAL10UARTDriver4readEPht @ 0x635150
QHOVER: _ZN7HALSITL10UARTDriver7txspaceEv @ 0x6351c0
QHOVER: _ZN7HALSITL10UARTDriver11_timer_tickEv @ 0x635540
QHOVER: _ZN7HALSITL10UARTDriver26receive_time_constraint_usEt @ 0x6355a0
QHOVER: _ZN7HALSITL10UARTDriver6_writeEPKhm @ 0x636270
QHOVER: _ZN7HALSITL10UARTDriver5_readEPht @ 0x636440
QHOVER: _ZN7HALSITL10UARTDriver10_availableEv @ 0x636630
QHOVER: _ZNK7HALSITL10UARTDriver18get_total_tx_bytesEv @ 0xab4b90
QHOVER: _ZNK7HALSITL10UARTDriver18get_total_rx_bytesEv @ 0xab4be0
QHOVER: _ZNK6AP_HAL10UARTDriver26get_total_dropped_rx_bytesEv @ 0xab4c30
QHOVER: _ZN7HALSITL10UARTDriver17_check_connectionEv @ 0x636720
QHOVER: _ZN7HALSITL10UARTDriver13_select_checkEi @ 0x636860
QHOVER: _ZN10ByteBuffer4readEPhj @ 0x636a70
QHOVER: _ZN7HALSITL10UARTDriver41handle_writing_from_writebuffer_to_deviceEv @ 0x636b10
QHOVER: _ZN7HALSITL10UARTDriver16_check_reconnectEv @ 0x636ec0
QHOVER: _ZL3MINIjjEDTqultfp_fp0_fp_fp0_ERKT_RKT0_.14591 @ 0x6372c0
QHOVER: _ZNK4SITL12SerialDevice15write_to_deviceEPKcm @ 0x637340
QHOVER: _ZNK4SITL12SerialDevice18write_to_autopilotEPKcm @ 0x63a6a0
QHOVER: _ZNK4SITL12SerialDevice13is_match_baudEv @ 0x63a760
QHOVER: _ZNK4SITL3GPS18write_to_autopilotEPKcm @ 0x63a890
QHOVER: _ZNK4SITL3GPS11device_baudEv @ 0x63aab0
QHOVER: _Z8wrap_180IdET_S0_ @ 0xab6220
QHOVER: _Z8wrap_360d @ 0x63d940
QHOVER: _ZNK4SITL12SerialDevice19read_from_autopilotEPcm @ 0x63d9e0
QHOVER: _ZN4SITL8Aircraft11rand_normalEdd @ 0x640920
QHOVER: _Z7is_zerod @ 0xab8350
QHOVER: _ZN7HALSITL10UARTDriver40handle_reading_from_device_to_readbufferEv @ 0x6432d0
QHOVER: _ZNK4SITL12SerialDevice16read_from_deviceEPcm @ 0x643760
QHOVER: _ZN7HALSITL8AnalogIn13board_voltageEv @ 0xab9860
QHOVER: _ZN6AP_HAL8AnalogIn17servorail_voltageEv @ 0xab98b0
QHOVER: _ZN6AP_HAL8AnalogIn18power_status_flagsEv @ 0xab9900
QHOVER: _ZN7HALSITL9ADCSource7set_pinEh @ 0x6443a0
QHOVER: _ZN7HALSITL9ADCSource15voltage_averageEv @ 0x644420
QHOVER: _ZN7HALSITL9ADCSource14voltage_latestEv @ 0x644470
QHOVER: _ZN7HALSITL9ADCSource27voltage_average_ratiometricEv @ 0xab9a00
QHOVER: _ZN7HALSITL4GPIO13usb_connectedEv @ 0x644bd0
QHOVER: _ZN7HALSITL8RCOutput9enable_chEh @ 0x644fd0
QHOVER: _ZN7HALSITL8RCOutput10disable_chEh @ 0x645060
QHOVER: _ZN7HALSITL8RCOutput5writeEht @ 0x6450f0
QHOVER: _ZN6AP_HAL8RCOutput20update_channel_masksEv @ 0xaba2e0
QHOVER: _ZN7HALSITL8RCOutput4corkEv @ 0x645220
QHOVER: _ZN7HALSITL8RCOutput4pushEv @ 0x6452b0
QHOVER: _ZN7HALSITL8RCOutput4readEh @ 0x6453e0
QHOVER: _ZN7HALSITL8RCOutput4readEPth @ 0x645470
QHOVER: _ZN6AP_HAL8RCOutput16set_default_rateEt @ 0xabab80
QHOVER: _ZN17AP_ESC_Telem_SITL6updateEv @ 0x645890
QHOVER: _ZL3MAXIffEDTqugtfp_fp0_fp_fp0_ERKT_RKT0_.21054 @ 0x645a60
QHOVER: _ZN20AP_ESC_Telem_Backend10update_rpmEhff @ 0x645ae0
QHOVER: _ZN20AP_ESC_Telem_Backend17update_telem_dataEhRKNS_13TelemetryDataEt @ 0x645b70
QHOVER: _ZN12AP_ESC_Telem17update_telem_dataEhRKN20AP_ESC_Telem_Backend13TelemetryDataEt @ 0x645c00
QHOVER: _ZN12AP_ESC_Telem10update_rpmEhff @ 0x645ee0
QHOVER: _ZL3MAXIjjEDTqugtfp_fp0_fp_fp0_ERKT_RKT0_.10617 @ 0x646040
QHOVER: _Z16constrain_uint32jjj @ 0xabb0b0
QHOVER: _Z15constrain_valueIjET_S0_S0_S0_ @ 0xabb120
QHOVER: _ZN7HALSITL7RCInput9new_inputEv @ 0x6461d0
QHOVER: _ZN7HALSITL7RCInput12num_channelsEv @ 0x646230
QHOVER: _ZN7HALSITL7RCInput4readEh @ 0x646290
QHOVER: _ZN13AP_RCProtocol4readEh @ 0x646540
QHOVER: _ZN21AP_RCProtocol_Backend4readEh @ 0x6465d0
QHOVER: _ZN13AP_RCProtocol12num_channelsEv @ 0x646630
QHOVER: _ZNK21AP_RCProtocol_Backend12num_channelsEv @ 0x6466b0
QHOVER: _ZN13AP_RCProtocol9new_inputEv @ 0x646700
QHOVER: _ZN13AP_RCProtocol21detect_async_protocolENS_12rcprotocol_tE @ 0x6468c0
QHOVER: _ZNK13AP_RCProtocol10using_uartEv @ 0xabb6b0
QHOVER: _ZN17AP_RCProtocol_FDM6updateEv @ 0x647510
QHOVER: _ZN21AP_RCProtocol_Backend9add_inputEhPtbss @ 0x6476f0
QHOVER: _ZL3MINIhiEDTqultfp_fp0_fp_fp0_ERKT_RKT0_.20689 @ 0x647850
QHOVER: _ZN13AP_RCProtocol19set_failsafe_activeEb @ 0xabc080
QHOVER: _ZN21AP_RCProtocol_Backend6updateEv @ 0xabc190
QHOVER: _ZN17AP_RCProtocol_UDP6updateEv @ 0x6478d0
QHOVER: _ZN17AP_RCProtocol_UDP21read_all_socket_inputEv @ 0x647b30
QHOVER: _ZN16SocketAPM_native4recvEPvmj @ 0x647dd0
QHOVER: _ZN16SocketAPM_native6pollinEj @ 0x648000
QHOVER: _ZNK16SocketAPM_native11get_read_fdEv @ 0xabc2c0
QHOVER: _ZN18AP_RCProtocol_GHST6updateEv @ 0x648860
QHOVER: _ZNK12NavEKF3_core12getVariancesERfS0_S0_R7Vector3IfES0_R7Vector2IfE @ 0x64a970
QHOVER: _ZL3MAXIddEDTqugtfp_fp0_fp_fp0_ERKT_RKT0_.5309 @ 0x64ab70
QHOVER: _ZNK7Vector2IdE7tofloatEv @ 0xabc9f0
QHOVER: _ZNK12NavEKF2_core12getVariancesERfS0_S0_R7Vector3IfES0_R7Vector2IfE @ 0x64abf0
QHOVER: _ZL3MAXIddEDTqugtfp_fp0_fp_fp0_ERKT_RKT0_.4705 @ 0x64adf0
QHOVER: _ZN3GCS23get_sensor_status_flagsERjS0_S0_ @ 0x64aee0
QHOVER: _ZN3GCS26update_sensor_status_flagsEv @ 0x64afa0
QHOVER: _ZNK7AP_AHRS11initialisedEv @ 0x64b760
QHOVER: _ZNK7AP_AHRS17have_inertial_navEv @ 0x64b890
QHOVER: _ZNK7AP_Baro13num_instancesEv @ 0xabca50
QHOVER: _ZNK6AP_GPS10is_healthyEv @ 0xabcaa0
QHOVER: _ZNK14AP_BattMonitor13num_instancesEv @ 0xabcb00
QHOVER: _ZNK14AP_BattMonitor7healthyEv @ 0x64b8f0
QHOVER: _ZNK14AP_BattMonitor13has_failsafedEv @ 0xabcb50
QHOVER: _ZNK17AP_InertialSensor11calibratingEv @ 0x64b9e0
QHOVER: _ZNK9AP_Logger15logging_enabledEv @ 0x64bab0
QHOVER: _ZNK6AP_GPS15logging_presentEv @ 0xabcbb0
QHOVER: _ZNK6AP_GPS15logging_enabledEv @ 0xabcc20
QHOVER: _ZNK6AP_GPS14logging_failedEv @ 0x64bb80
QHOVER: _ZNK7AP_AHRS12get_ekf_typeEv @ 0xabcc90
QHOVER: _ZNK8AC_Fence18sys_status_enabledEv @ 0x64bc60
QHOVER: _ZNK8AC_Fence18sys_status_presentEv @ 0x64bd00
QHOVER: _ZNK8AC_Fence17sys_status_failedEv @ 0x64bd60
QHOVER: _ZNK11AP_Airspeed7enabledEv @ 0xabccf0
QHOVER: _ZNK11AP_Airspeed3useEv @ 0xabcd50
QHOVER: _ZNK7AP_AHRS23airspeed_sensor_enabledEv @ 0xabcdb0
QHOVER: _ZNK11AP_Airspeed11all_healthyEv @ 0x64bdf0
QHOVER: _ZN2AP11opticalflowEv @ 0x64beb0
QHOVER: _ZNK14AP_OpticalFlow7enabledEv @ 0xabce00
QHOVER: _ZNK14AP_OpticalFlow7healthyEv @ 0xabce70
QHOVER: _ZN2AP6armingEv @ 0x64bef0
QHOVER: _ZNK11RC_Channels22has_ever_seen_rc_inputEv @ 0xabcef0
QHOVER: _ZN9AP_Arming13get_singletonEv @ 0x64bf30
QHOVER: _ZNK7AP_EnumIN14AP_OpticalFlow4TypeEEcvKS1_Ev @ 0xabcf50
QHOVER: _ZN14AP_OpticalFlow13get_singletonEv @ 0xabcfa0
QHOVER: _ZN15AP_AHRS_Backend23airspeed_sensor_enabledEv @ 0xabcfe0
QHOVER: _ZN2AP8airspeedEv @ 0x64bf70
QHOVER: _ZNK8AC_Fence12get_breachesEv @ 0xabd070
QHOVER: _ZNK7AP_EnumIN8AC_Fence6ActionEEcvKS1_Ev @ 0xabd0c0
QHOVER: _ZNK14AP_BattMonitor7healthyEh @ 0x64c030
QHOVER: _ZNK6AP_GPS8num_satsEv @ 0xabd2d0
QHOVER: _ZNK6AP_GPS8num_satsEh @ 0xabd3b0
QHOVER: _ZNK14AP_BattMonitor12current_ampsERfh @ 0x64cf20
QHOVER: _ZNK14AP_BattMonitor12consumed_mahERfh @ 0x64d010
QHOVER: _ZN9AP_Logger14WriteStreamingEPKcS1_S1_z @ 0x64dd30
QHOVER: _ZN22AP_RCProtocol_DroneCAN6updateEv @ 0x64df90
QHOVER: _ZNK16AP_SerialManager11find_serialENS_14SerialProtocolEh @ 0x64f380
QHOVER: _ZN9AP_Notify6updateEv @ 0x6525f0
QHOVER: _ZN2AP3srvEv @ 0x652790
QHOVER: _ZN12SRV_Channels4corkEv @ 0x6527d0
QHOVER: _ZN12SRV_Channels4pushEv @ 0x652830
QHOVER: _ZN16AP_Volz_Protocol6updateEv @ 0x6529e0
QHOVER: _ZN10AP_SBusOut6updateEv @ 0x652cb0
QHOVER: _ZN15AP_RobotisServo6updateEv @ 0x652e30
QHOVER: _ZN16AP_FETtecOneWire6updateEv @ 0x6530a0
QHOVER: _ZN2AP6kdecanEv @ 0x653390
QHOVER: _ZN9AP_KDECAN6updateEv @ 0x6533d0
QHOVER: _ZN12SRV_Channels12find_channelEN11SRV_Channel8FunctionERh @ 0x653db0
QHOVER: _ZN11SRV_Channel8calc_pwmEf @ 0x653e80
QHOVER: _ZNK11SRV_Channel21pwm_from_scaled_valueEf @ 0x653f70
QHOVER: _ZNK11SRV_Channel14pwm_from_angleEf @ 0x654010
QHOVER: _ZNK11SRV_Channel14pwm_from_rangeEf @ 0x654210
QHOVER: _ZN9AP_KDECAN13get_singletonEv @ 0xabfd10
QHOVER: _ZN16AP_FETtecOneWire4initEv @ 0x655b40
QHOVER: _ZN16AP_FETtecOneWire9init_uartEv @ 0x657110
QHOVER: _ZN12SRV_Channels13get_singletonEv @ 0xac0770
QHOVER: _ZNK10AP_Mission21get_current_nav_indexEv @ 0xac0b00
QHOVER: _ZNK7AP_AHRS13wind_estimateEv @ 0xac0b80
QHOVER: _ZN10AP_Terrain20height_above_terrainERfb @ 0x65be00
QHOVER: _ZNK10AP_Terrain6statusEv @ 0xac0be0
QHOVER: _ZNK6AP_GPS8get_hdopEh @ 0xac0cf0
QHOVER: _ZNK7AP_AHRS11groundspeedEv @ 0xac0df0
QHOVER: _ZN7AP_Baro14get_climb_rateEv @ 0x65c310
QHOVER: _ZN16DerivativeFilterIfLh7EE5slopeEv @ 0xac0e90
QHOVER: _ZNK11RangeFinder15distance_orientE8Rotation @ 0x65c380
QHOVER: _ZNK11RangeFinder13find_instanceE8Rotation @ 0x65c410
QHOVER: _ZNK11RangeFinder11get_backendEh @ 0x65c560
QHOVER: _Z14float_to_int16f @ 0x65dfc0
QHOVER: _ZNK8Location9get_alt_mENS_8AltFrameERf @ 0x65e140
QHOVER: _ZN18AP_RCProtocol_CRSF6updateEv @ 0x6607d0
QHOVER: _ZN13AP_CRSF_Telem13get_singletonEv @ 0x660e00
QHOVER: _ZN13AP_CRSF_Telem13queue_messageE12MAV_SEVERITYPKc @ 0x661850
QHOVER: _ZN9AP_Notify13get_singletonEv @ 0xac2630
QHOVER: _ZN13AP_ParamTBaseIsL11ap_var_type2EE22set_and_save_ifchangedERKs @ 0xac2c00
QHOVER: _ZN2AP10crsf_telemEv @ 0x6645a0
QHOVER: _ZNK7AP_AHRS12get_roll_radEv @ 0xac2e20
QHOVER: _ZNK7AP_AHRS11get_yaw_radEv @ 0xac2e70
QHOVER: _ZN19AP_RCProtocol_SRXL26updateEv @ 0x66a3c0
QHOVER: _ZNK14AP_BattMonitor15get_temperatureERfh @ 0x66d4a0
QHOVER: _ZN2AP3rtcEv @ 0x66d570
QHOVER: _ZNK6AP_RTC12get_utc_usecERm @ 0x66d690
QHOVER: _ZN6AP_RTC13get_singletonEv @ 0xac3a80
QHOVER: _ZNK11AP_Airspeed12get_airspeedEv @ 0xac3ac0
QHOVER: _ZNK11AP_Airspeed12get_airspeedEh @ 0x66d940
QHOVER: _ZN2AP9esc_telemEv @ 0x66d9f0
QHOVER: _ZNK12AP_ESC_Telem7get_rpmEhRf @ 0x66db90
QHOVER: _ZL3MINIffEDTqultfp_fp0_fp_fp0_ERKT_RKT0_.10600 @ 0x66dd30
QHOVER: _ZNVK20AP_ESC_Telem_Backend13TelemetryData5staleEv @ 0x66de20
QHOVER: _ZN12AP_ESC_Telem13get_singletonEv @ 0x66dea0
QHOVER: _ZN17AP_RCProtocol_DSM6updateEv @ 0x6713b0
QHOVER: _ZN7HALSITL9Scheduler5delayEt @ 0x672ca0
QHOVER: _ZN7HALSITL9Scheduler18delay_microsecondsEt @ 0x672d90
QHOVER: _ZN6AP_HAL9Scheduler24delay_microseconds_boostEt @ 0xac4260
QHOVER: _ZN6AP_HAL9Scheduler9boost_endEv @ 0xac4370
QHOVER: _ZNK6AP_HAL9Scheduler17in_delay_callbackEv @ 0xac43c0
QHOVER: _ZN7HALSITL9Scheduler21is_system_initializedEv @ 0xac4420
QHOVER: _ZN7HALSITL9Scheduler10stop_clockEm @ 0x673300
QHOVER: _ZNK7HALSITL9Scheduler14in_main_threadEv @ 0x6733a0
QHOVER: _ZN7HALSITL10SITL_State10wait_clockEm @ 0x673a60
QHOVER: _ZNK4SITL8Aircraft11get_speedupEv @ 0xac45d0
QHOVER: _ZNK7HALSITL9Scheduler28semaphore_wait_hack_requiredEv @ 0x673c10
QHOVER: _ZN7HALSITL10SITL_State15_fdm_input_stepEv @ 0x673c90
QHOVER: _ZN7HALSITL10SITL_State16_fdm_input_localEv @ 0x673de0
QHOVER: _ZNK7HALSITL9Scheduler22interrupts_are_blockedEv @ 0xac4620
QHOVER: _ZN7HALSITL9Scheduler17sitl_begin_atomicEv @ 0xac4680
QHOVER: _ZN7HALSITL9Scheduler11timer_eventEv @ 0xac46e0
QHOVER: _ZN7HALSITL9Scheduler15sitl_end_atomicEv @ 0x673f80
QHOVER: _ZN7HALSITL10SITL_State16_update_airspeedEf @ 0x674020
QHOVER: _ZN7HALSITL10SITL_State19_update_rangefinderEv @ 0x674390
QHOVER: _ZNK7HALSITL10SITL_State18_sonar_pin_voltageEv @ 0x6743f0
QHOVER: _ZN7AP_Baro24get_EAS2TAS_for_alt_amslEf @ 0x674560
QHOVER: _ZL2sqf.14351 @ 0x6745e0
QHOVER: _ZN7AP_Baro28get_air_density_for_alt_amslEf @ 0x674630
QHOVER: _ZL3MAXIffEDTqugtfp_fp0_fp_fp0_ERKT_RKT0_.2718 @ 0x674800
QHOVER: _ZN7HALSITL9Scheduler16_run_timer_procsEv @ 0x674880
QHOVER: _ZN7HALSITL10SITL_State17_simulator_servosER10sitl_input @ 0x674980
QHOVER: _ZN4SITL11JSON_Master7receiveER10sitl_input @ 0x675610
QHOVER: _ZN7HALSITL10SITL_State22multicast_servo_updateER10sitl_input @ 0x675ab0
QHOVER: _ZN4SITL8Aircraft11update_homeEv @ 0x675b90
QHOVER: _ZN4SITL8Aircraft12update_modelERK10sitl_input @ 0x675cf0
QHOVER: _ZN4SITL8Aircraft8fill_fdmERNS_8sitl_fdmE @ 0x675d90
QHOVER: _ZN7HALSITL8CANIface14num_interfacesEv @ 0xac4720
QHOVER: _ZNK4SITL8Aircraft20get_position_relhomeEv @ 0x676960
QHOVER: _ZN4SITL11JSON_Master4sendERKNS_8sitl_fdmERK7Vector3IdE @ 0x676a20
QHOVER: _ZN7HALSITL17SITL_State_Common10sim_updateEv @ 0x676cc0
QHOVER: _ZN7HALSITL10SITL_State14set_height_aglEv @ 0x677510
QHOVER: _ZNK4SITL8Aircraft15get_velocity_efEv @ 0xac47b0
QHOVER: _ZN4SITL3GPS6updateEv @ 0x6788e0
QHOVER: _ZN4SITL12SerialDevice17init_sitl_pointerEv @ 0x67a030
QHOVER: _ZN4SITL3GPS24check_backend_allocationEv @ 0x67a0c0
QHOVER: _ZN4SITL3GPS16interpolate_dataERKNS_8GPS_DataEj @ 0x67a6d0
QHOVER: _ZL3MAXIifEDTqugtfp_fp0_fp_fp0_ERKT_RKT0_.15075 @ 0x67b060
QHOVER: _ZNK4SITL11GPS_Backend11device_baudEv @ 0xac4dd0
QHOVER: _ZN4SITL11GPS_Backend11update_readEv @ 0x67b1e0
QHOVER: _ZNK4SITL11GPS_Backend18write_to_autopilotEPKcm @ 0x67b530
QHOVER: _ZNK4SITL11GPS_Backend19read_from_autopilotEPcm @ 0x67b5b0
QHOVER: _ZN4SITL11GPS_Backend8gps_timeEv @ 0x67c050
QHOVER: _ZN7Vector2IdEC2Edd @ 0xac4ff0
QHOVER: _ZNK7Vector2IdE6lengthEv @ 0xac5070
QHOVER: _ZN4SITL11GPS_Backend18simulation_timevalEP7timeval @ 0x67c980
QHOVER: _ZN4SITL9GPS_UBlox7publishEPKNS_8GPS_DataE @ 0x67f850
QHOVER: _Z4normIddJdEEdT_T0_DpKT1_ @ 0xac5710
QHOVER: _ZL7degreesf.15163 @ 0x680320
QHOVER: _ZN4SITL9GPS_UBlox8send_ubxEhPht @ 0x680850
QHOVER: _ZL3MAXIiiEDTqugtfp_fp0_fp_fp0_ERKT_RKT0_.15164 @ 0x680a20
QHOVER: _ZNK7Vector3IfE6is_nanEv @ 0xac5790
QHOVER: _ZN7Matrix3IfE6rotateERK7Vector3IfE @ 0xac5860
QHOVER: _ZN7Matrix3IfEpLERKS0_ @ 0xac5a80
QHOVER: _ZNK7Matrix3IfEplERKS0_ @ 0xac5b10
QHOVER: _Z2sqIdJddEEdT_DpKT0_ @ 0xac5c30
QHOVER: _Z11wrap_360_cdi @ 0x6811d0
QHOVER: _ZNK11QuaternionTIfE8to_eulerERfS1_S1_ @ 0xac5cd0
QHOVER: _ZNK11QuaternionTIfE13get_euler_yawEv @ 0xac5de0
QHOVER: _ZNK7Vector3IdEplERKS0_ @ 0xac67e0
QHOVER: _ZN7Vector3IdEpLERKS0_ @ 0xac6880
QHOVER: _ZN7Matrix3IdEC2Ev @ 0xac6920
QHOVER: _ZNK7Matrix3IdEmlERK7Vector3IdE @ 0xac6b60
QHOVER: _ZNK7Vector3IdEmiERKS0_ @ 0xac7350
QHOVER: _ZNK7Vector3IdE7tofloatEv @ 0xac73f0
QHOVER: _Z11wrap_360_cdf @ 0x68a540
QHOVER: _ZNK7Vector3IdE6lengthEv @ 0xac7530
QHOVER: _ZN7Vector3IdE4zeroEv @ 0xac7590
QHOVER: _ZNK7Vector3IdEmlEd @ 0xac75f0
QHOVER: _ZNK7Matrix3IfE10transposedEv @ 0xac77c0
QHOVER: _ZN7Matrix3IfE9normalizeEv @ 0xac7990
QHOVER: _ZNK8Location22get_distance_NE_doubleERKS_ @ 0x68daf0
QHOVER: _ZN7Vector3IdE2xyEv @ 0xac7c60
QHOVER: _ZN7Vector2IdEpLERKS0_ @ 0xac7cb0
QHOVER: _ZN4SITL8Aircraft14smooth_sensorsEv @ 0x68e050
QHOVER: _ZL7degreesf.16872 @ 0x68ea40
QHOVER: _ZNK7Matrix3IfE8to_eulerEPfS1_S1_ @ 0xac7d30
QHOVER: _ZNK7AP_EnumI8RotationEcvKS0_Ev @ 0xac7e50
QHOVER: _ZNK8HAL_SITL32get_uart_output_full_queue_countEv @ 0x68eb10
QHOVER: _ZNK4SITL8Aircraft16get_wall_time_usEv @ 0x68ec50
QHOVER: _ZNK7Vector3IdEdvEd @ 0xac8030
QHOVER: _ZNK11QuaternionTIfEdvERKS0_ @ 0xac80d0
QHOVER: _ZNK11QuaternionTIfE7is_zeroEv @ 0xac8320
QHOVER: _ZN4SITL8Aircraft12time_advanceEv @ 0x68ecd0
QHOVER: _ZN4SITL8Aircraft15sync_frame_timeEv @ 0x68ed70
QHOVER: _ZN9AP_Logger14WriteStreamingEPKcS1_S1_S1_S1_z @ 0x68f070
QHOVER: _ZL3MAXI9AP_ParamTIfL11ap_var_type4EEdEDTqugtfp_fp0_fp_fp0_ERKT_RKT0_.14196 @ 0x68f3e0
QHOVER: _Z21calc_lowpass_alpha_dtff @ 0x68f480
QHOVER: _ZL3MAXIfiEDTqugtfp_fp0_fp_fp0_ERKT_RKT0_.14197 @ 0x68f5b0
QHOVER: _ZNK4SITL16FETtecOneWireESC7enabledEv @ 0xac83f0
QHOVER: _ZNK4SITL4Volz7enabledEv @ 0xac8460
QHOVER: _ZN7HALSITL17SITL_State_Common22update_voltage_currentER10sitl_inputf @ 0x68f880
QHOVER: _ZNK4SITL8Aircraft45perpendicular_distance_to_rangefinder_surfaceEv @ 0x692fd0
QHOVER: _ZNK4SITL8Aircraft9on_groundEv @ 0x693030
QHOVER: _ZNK4SITL8Aircraft4haglEv @ 0x6930a0
QHOVER: _ZNK4SITL8Aircraft24ground_height_differenceEv @ 0x693170
QHOVER: _ZN4SITL8Aircraft15update_dynamicsERK7Vector3IfE @ 0x6939e0
QHOVER: _ZN4SITL8Aircraft23update_external_payloadERK10sitl_input @ 0x694a60
QHOVER: _ZN4SITL8Aircraft15update_positionEv @ 0x694ef0
QHOVER: _ZN4SITL8Aircraft11update_windERK10sitl_input @ 0x695080
QHOVER: _ZN4SITL8Aircraft19update_mag_field_bfEv @ 0x695510
QHOVER: _ZL7radiansf.16838 @ 0x695900
QHOVER: _ZNK8Location23get_distance_NED_doubleERKS_ @ 0x695960
QHOVER: _ZN4SITL8Aircraft17get_local_updraftERK7Vector3IdE @ 0x695a80
QHOVER: _ZN7Vector2IdEmIERKS0_ @ 0xaca3b0
QHOVER: _ZNK4SITL7Sprayer10is_enabledEv @ 0xaca440
QHOVER: _ZN4SITL3I2C6updateERKNS_8AircraftE @ 0x696340
QHOVER: _ZNK4SITL6Buzzer10is_enabledEv @ 0xaca4f0
QHOVER: _ZNK4SITL13Gripper_Servo10is_enabledEv @ 0xaca550
QHOVER: _ZNK4SITL11Gripper_EPM10is_enabledEv @ 0xaca610
QHOVER: _ZNK4SITL9Parachute10is_enabledEv @ 0xaca6c0
QHOVER: _ZNK4SITL12SIM_Precland10is_enabledEv @ 0xaca720
QHOVER: _ZN4SITL7ShipSim6updateEv @ 0x697310
QHOVER: _ZNK4SITL7ShipSim12get_locationER8Location @ 0x697c70
QHOVER: _ZNK7Vector3IdE14length_squaredEv @ 0xacc780
QHOVER: _ZNK7Vector3IdEmlERKS0_ @ 0xacc8f0
QHOVER: _ZNK7AP_AHRS11get_EAS2TASEv @ 0x69d2d0
QHOVER: _ZL2sqf.16887 @ 0x69d360
QHOVER: _ZN4SITL8Aircraft19update_eas_airspeedEv @ 0x69d3b0
QHOVER: _ZN4SITL7ShipSim27get_ground_speed_adjustmentERK8LocationRf @ 0x69d540
QHOVER: _ZL3MAXIfiEDTqugtfp_fp0_fp_fp0_ERKT_RKT0_.16891 @ 0x69d7c0
QHOVER: _ZN4SITL15SlungPayloadSim6updateERK7Vector3IdERKS1_IfES7_S7_ @ 0x69d860
QHOVER: _ZN4SITL9TetherSim6updateERK8Location @ 0x69d9f0
QHOVER: _ZN4SITL8Aircraft17adjust_frame_timeEf @ 0x69db60
QHOVER: _ZNK7Vector3IdE7is_zeroEv @ 0xaccaa0
QHOVER: _ZN7Vector3IfE2xyEv @ 0xaccb50
QHOVER: _ZN7Vector3IfEmIERKS0_ @ 0xaccc00
QHOVER: _ZL7radiansi.16892 @ 0x6a0af0
QHOVER: _ZN4SITL8Aircraft20filtered_servo_angleERK10sitl_inputh @ 0x6a0b50
QHOVER: _ZN4SITL8Aircraft20filtered_servo_rangeERK10sitl_inputh @ 0x6a0c50
QHOVER: _ZNK9AP_ParamTIfL11ap_var_type4EEplERKS1_ @ 0xacceb0
QHOVER: _ZN10ServoModel12filter_rangeEtf @ 0x6a15c0
QHOVER: _ZN10ServoModel12apply_filterEff @ 0x6a1660
QHOVER: _ZN10ServoModel19apply_simple_filterEff @ 0x6a1a60
QHOVER: _ZN13LowPassFilterIfE20set_cutoff_frequencyERKf @ 0xacd5d0
QHOVER: _ZN13LowPassFilterIfE5applyERKfS2_ @ 0xacd640
QHOVER: _ZN10ServoModel12filter_angleEtf @ 0x6a1c90
QHOVER: _ZN7Vector2IdE4zeroEv @ 0xacd6e0
QHOVER: _Z11is_positived @ 0xacddb0
QHOVER: _ZN7Vector3IfE9normalizeEv @ 0xace590
QHOVER: _ZN13AP_Filesystem4readEiPvj @ 0x6b43c0
QHOVER: _ZN4SITL5Plane6updateERK10sitl_input @ 0x6b50d0
QHOVER: _ZN4SITL5Plane16calculate_forcesERK10sitl_inputR7Vector3IfE @ 0x6b52a0
QHOVER: _ZL2sqf.15869 @ 0x6b5d30
QHOVER: _ZNK4SITL5Plane8getForceEfff @ 0x6b6380
QHOVER: _ZNK4SITL5Plane9getTorqueEffffRK7Vector3IfE @ 0x6b6c00
QHOVER: _ZN4SITL8Aircraft9add_noiseEf @ 0x6b7270
QHOVER: _ZNK4SITL5Plane9liftCoeffEf @ 0x6b7520
QHOVER: _ZNK4SITL5Plane9dragCoeffEf @ 0x6b7840
QHOVER: _ZN7Vector3IdEmIERKS0_ @ 0xad8810
QHOVER: _ZL7radiansd.17180 @ 0x6c1930
QHOVER: _ZN7HALSITL7Storage11_timer_tickEv @ 0x6d4450
QHOVER: _ZNK7BitmaskILt2048EE5emptyEv @ 0xad9f80
QHOVER: _ZNK15ExpandingString10get_lengthEv @ 0xadadf0
QHOVER: _ZNK15ExpandingString10get_stringEv @ 0xadae40
QHOVER: _ZN15ExpandingStringC2Ev @ 0xadaee0
QHOVER: _ZN17AP_Filesystem_Sys4openEPKcib @ 0x6d7fd0
QHOVER: _ZN17AP_Filesystem_Sys5closeEi @ 0x6d8560
QHOVER: _ZN17AP_Filesystem_Sys4readEiPvj @ 0x6d8660
QHOVER: _ZN17AP_Filesystem_Sys13file_in_sysfsEPKc @ 0x6d8d40
QHOVER: _ZL3MINIjjEDTqultfp_fp0_fp_fp0_ERKT_RKT0_.10226 @ 0x6d8e70
QHOVER: _ZNK15ExpandingString21has_failed_allocationEv @ 0xadb250
QHOVER: _ZN19AP_Filesystem_ROMFS4openEPKcib @ 0x6dbea0
QHOVER: _ZN8AP_ROMFS15find_decompressEPKcRj @ 0x6dd000
QHOVER: _ZN8AP_ROMFS9find_fileEPKc @ 0x6dd1e0
QHOVER: _ZNK7NavEKF317option_is_enabledENS_6OptionE @ 0xadbb40
QHOVER: _ZNK6AP_DAL6millisEv @ 0xadbbc0
QHOVER: _ZNK12NavEKF3_core10errorScoreEv @ 0x6e1ae0
QHOVER: _ZNK12NavEKF3_core16have_aligned_yawEv @ 0xadbc10
QHOVER: _ZNK12NavEKF3_core17have_aligned_tiltEv @ 0xadbc70
QHOVER: _ZN7Vector2IdEC2Ev @ 0xadbcd0
QHOVER: _ZNK12NavEKF3_core8getPosNEER7Vector2IdE @ 0x6e23c0
QHOVER: _ZNK7Vector3IdE2xyEv @ 0xadbdc0
QHOVER: _ZNK7Vector2IdE8todoubleEv @ 0xadbe10
QHOVER: _ZNK7Vector2IdEplERKS0_ @ 0xadbe70
QHOVER: _ZNK8Location23get_distance_NE_postypeERKS_ @ 0x6e2660
QHOVER: _ZNK10AP_DAL_GPS6statusEh @ 0xadbf00
QHOVER: _ZNK12NavEKF3_core14getEulerAnglesER7Vector3IfE @ 0x6e27c0
QHOVER: _ZNK11QuaternionTIdE8to_eulerER7Vector3IfE @ 0xadbf70
QHOVER: _ZNK6AP_DAL8get_trimEv @ 0xadbff0
QHOVER: _ZNK11QuaternionTIdE8to_eulerERfS1_S1_ @ 0xadc050
QHOVER: _ZNK11QuaternionTIdE14get_euler_rollEv @ 0xadc110
QHOVER: _ZNK11QuaternionTIdE15get_euler_pitchEv @ 0xadc1c0
QHOVER: _ZNK11QuaternionTIdE13get_euler_yawEv @ 0xadc240
QHOVER: _Z9safe_asinIdEfT_ @ 0xadc2f0
QHOVER: _ZL3MAXIfdEDTqugtfp_fp0_fp_fp0_ERKT_RKT0_.5263 @ 0x6e2880
QHOVER: _ZNK12NavEKF3_core20assume_zero_sideslipEv @ 0x6e2920
QHOVER: _ZN6AP_DAL8airspeedEv @ 0xadc3d0
QHOVER: _ZNK15AP_DAL_Airspeed15get_num_sensorsEv @ 0xadc420
QHOVER: _ZNK6AP_DAL15get_fly_forwardEv @ 0xadc470
QHOVER: _ZNK6AP_DAL17get_vehicle_classEv @ 0xadc4e0
QHOVER: _ZNK12NavEKF2_core10errorScoreEv @ 0x6e2b10
QHOVER: _ZNK12NavEKF2_core8getPosNEER7Vector2IdE @ 0x6e3210
QHOVER: _ZNK10AP_DAL_GPS14primary_sensorEv @ 0xadc530
QHOVER: _ZNK12NavEKF2_core14getEulerAnglesER7Vector3IfE @ 0x6e3460
QHOVER: _ZN19RestrictIDTypeArrayIP17CompassCalibratorLj3E14typesafe_indexIh12TAG_PriorityEEixERKS4_ @ 0xadc640
QHOVER: _ZNK6AP_GPS15time_epoch_usecEv @ 0xadcf50
QHOVER: _ZNK9AP_Logger10should_logEj @ 0x6eca50
QHOVER: _ZNK6AP_GPS9time_weekEh @ 0xadd0c0
QHOVER: _ZNK6AP_GPS12time_week_msEh @ 0xadd130
QHOVER: _ZNK7AP_AHRS13get_pitch_degEv @ 0xadd1f0
QHOVER: _ZNK6AP_GPS15time_epoch_usecEh @ 0x6ed2f0
QHOVER: _ZNK14AP_GPS_Backend16get_last_itow_msEv @ 0x6ed460
QHOVER: _ZN6AP_GPS23istate_time_to_epoch_msEtj @ 0x6ed520
QHOVER: _ZN7AP_ADSB13check_startupEv @ 0x6ef090
QHOVER: _ZNK7Vector2IfE6is_nanEv @ 0xade070
QHOVER: _ZNK10AP_Gripper7enabledEv @ 0xadebc0
QHOVER: _ZN10AP_Vehicle13update_armingEv @ 0x6fc030
QHOVER: _ZN7FunctorIvJEE14method_wrapperI10AP_VehicleXadL_ZNS2_13update_armingEvEEEEvPv @ 0xadfc40
QHOVER: _ZN9AP_Arming6updateEv @ 0x6fc080
QHOVER: _ZN8AP_Stats6updateEv @ 0x6fc170
QHOVER: _ZN7FunctorIvJEE14method_wrapperI8AP_StatsXadL_ZNS2_6updateEvEEEEvPv @ 0xadfcf0
QHOVER: _ZN10AP_Filters6updateEv @ 0x6fc610
QHOVER: _ZN7FunctorIvJEE14method_wrapperI10AP_FiltersXadL_ZNS2_6updateEvEEEEvPv @ 0xadfe30
QHOVER: _ZN10AP_Vehicle17check_motor_noiseEv @ 0x6fd750
QHOVER: _ZN7FunctorIvJEE14method_wrapperI10AP_VehicleXadL_ZNS2_17check_motor_noiseEvEEEEvPv @ 0xae06e0
QHOVER: _ZNK10AP_GyroFFT15check_esc_noiseEv @ 0xae0790
QHOVER: _ZNK17NotchFilterParams7enabledEv @ 0xae09c0
QHOVER: _ZN10AP_Vehicle13one_Hz_updateEv @ 0x6fde30
QHOVER: _ZN7FunctorIvJEE14method_wrapperI10AP_VehicleXadL_ZNS2_13one_Hz_updateEvEEEEvPv @ 0xae0a10
QHOVER: _ZN12AP_Scripting6updateEv @ 0x6fdf10
QHOVER: _ZN16AP_SerialManager20registered_ports_logEv @ 0x6fdf60
QHOVER: _ZN12AP_Scripting13save_checksumEv @ 0x6fe040
QHOVER: _ZN10AP_Gripper6updateEv @ 0x6fe140
QHOVER: _ZN7FunctorIvJEE14method_wrapperI10AP_GripperXadL_ZNS2_6updateEvEEEEvPv @ 0xae0b50
QHOVER: _ZN6AP_EFI6updateEv @ 0x6fe2b0
QHOVER: _ZN7FunctorIvJEE14method_wrapperI6AP_EFIXadL_ZNS2_6updateEvEEEEvPv @ 0xae0c00
QHOVER: _ZN6AP_AIS6updateEv @ 0x6fe730
QHOVER: _ZN7FunctorIvJEE14method_wrapperI6AP_AISXadL_ZNS2_6updateEvEEEEvPv @ 0xae0cb0
QHOVER: _ZN8AC_Fence6updateEv @ 0x6fe780
QHOVER: _ZN7FunctorIvJEE14method_wrapperI8AC_FenceXadL_ZNS2_6updateEvEEEEvPv @ 0xae0d60
QHOVER: _ZN19AC_PolyFence_loader6updateEv @ 0x6fe8b0
QHOVER: _ZN19AC_PolyFence_loader17load_from_storageEv @ 0x6fe9a0
QHOVER: _ZN10AP_Vehicle16accel_cal_updateEv @ 0x6ffe00
QHOVER: _ZN7FunctorIvJEE14method_wrapperI10AP_VehicleXadL_ZNS2_16accel_cal_updateEvEEEEvPv @ 0xae0f40
QHOVER: _ZN20AP_TemperatureSensor6updateEv @ 0x7015a0
QHOVER: _ZN7FunctorIvJEE14method_wrapperI20AP_TemperatureSensorXadL_ZNS2_6updateEvEEEEvPv @ 0xae1040
QHOVER: _ZN10AP_Vehicle16publish_osd_infoEv @ 0x701860
QHOVER: _ZN7FunctorIvJEE14method_wrapperI10AP_VehicleXadL_ZNS2_16publish_osd_infoEvEEEEvPv @ 0xae1190
QHOVER: _ZN6AP_RPM6updateEv @ 0x7019f0
QHOVER: _ZN7FunctorIvJEE14method_wrapperI6AP_RPMXadL_ZNS2_6updateEvEEEEvPv @ 0xae1240
QHOVER: _ZNK6AP_RPM7Log_RPMEv @ 0x701bd0
QHOVER: _ZNK6AP_RPM7enabledEh @ 0x701cf0
QHOVER: _ZN14AP_OpenDroneID6updateEv @ 0x701da0
QHOVER: _ZN7FunctorIvJEE14method_wrapperI14AP_OpenDroneIDXadL_ZNS2_6updateEvEEEEvPv @ 0xae1360
QHOVER: _ZNK6AP_GPS8velocityEv @ 0xae2c00
QHOVER: _ZNK7AP_AHRS18groundspeed_vectorEv @ 0xae2c60
QHOVER: _ZNK6AP_GPS19horizontal_accuracyERf @ 0xae2d40
QHOVER: _ZNK6AP_GPS17vertical_accuracyERf @ 0xae2dc0
QHOVER: _ZNK6AP_GPS14speed_accuracyERf @ 0xae2e40
QHOVER: _ZNK6AP_GPS14speed_accuracyEhRf @ 0x706a10
QHOVER: _ZNK6AP_GPS17vertical_accuracyEhRf @ 0x706ae0
QHOVER: _ZNK6AP_GPS19horizontal_accuracyEhRf @ 0x706bb0
QHOVER: _ZNK6AP_GPS14get_undulationEhRf @ 0x706c80
QHOVER: _ZNK6AP_GPS8velocityEh @ 0xae2ec0
QHOVER: _ZN12AP_Generator6updateEv @ 0x706d50
QHOVER: _ZN7FunctorIvJEE14method_wrapperI12AP_GeneratorXadL_ZNS2_6updateEvEEEEvPv @ 0xae2f90
QHOVER: _ZN14AP_Servo_Telem6updateEv @ 0x706dc0
QHOVER: _ZN7FunctorIvJEE14method_wrapperI14AP_Servo_TelemXadL_ZNS2_6updateEvEEEEvPv @ 0xae3040
QHOVER: _ZN14AP_Servo_Telem9write_logEv @ 0x706e10
QHOVER: _ZN12AP_ESC_Telem6updateEv @ 0x7072c0
QHOVER: _ZN7FunctorIvJEE14method_wrapperI12AP_ESC_TelemXadL_ZNS2_6updateEvEEEEvPv @ 0xae30f0
QHOVER: _ZNK12AP_ESC_Telem11get_raw_rpmEhRf @ 0x707700
QHOVER: _ZN6AP_HAL15timeout_expiredIjjmEEbT_T0_T1_ @ 0xae31a0
QHOVER: _ZN10AP_Vehicle30send_watchdog_reset_statustextEv @ 0x7077d0
QHOVER: _ZN7FunctorIvJEE14method_wrapperI10AP_VehicleXadL_ZNS2_30send_watchdog_reset_statustextEvEEEEvPv @ 0xae3220
QHOVER: _ZN8AP_Tramp6updateEv @ 0x707930
QHOVER: _ZN7FunctorIvJEE14method_wrapperI8AP_TrampXadL_ZNS2_6updateEvEEEEvPv @ 0xae32d0
QHOVER: _ZN10AP_VideoTX6updateEv @ 0x708910
QHOVER: _ZN7FunctorIvJEE14method_wrapperI10AP_VideoTXXadL_ZNS2_6updateEvEEEEvPv @ 0xae3500
QHOVER: _ZN10AP_Vehicle38update_dynamic_notch_at_specified_rateEv @ 0x708b40
QHOVER: _ZN7FunctorIvJEE14method_wrapperI10AP_VehicleXadL_ZNS2_38update_dynamic_notch_at_specified_rateEvEEEEvPv @ 0xae35b0
QHOVER: _ZNK25HarmonicNotchFilterParams9hasOptionENS_7OptionsE @ 0xae3660
QHOVER: _ZN10AP_Vehicle20update_dynamic_notchERN17AP_InertialSensor13HarmonicNotchE @ 0x708c90
QHOVER: _ZN10AP_GyroFFT17update_parametersEv @ 0xae3a10
QHOVER: _ZN7FunctorIvJEE14method_wrapperI10AP_GyroFFTXadL_ZNS2_17update_parametersEvEEEEvPv @ 0xae3a60
QHOVER: _ZN10AP_GyroFFT17update_parametersEb @ 0x709ef0
QHOVER: _ZN10AP_GyroFFT6updateEv @ 0x70a290
QHOVER: _ZN7FunctorIvJEE14method_wrapperI10AP_GyroFFTXadL_ZNS2_6updateEvEEEEvPv @ 0xae3b10
QHOVER: _ZN14AP_NMEA_Output6updateEv @ 0x70a420
QHOVER: _ZN7FunctorIvJEE14method_wrapperI14AP_NMEA_OutputXadL_ZNS2_6updateEvEEEEvPv @ 0xae3bc0
QHOVER: _ZN7FunctorIvJEE14method_wrapperI9AP_NotifyXadL_ZNS2_6updateEvEEEEvPv @ 0xae3c70
QHOVER: _ZN7Compass10cal_updateEv @ 0x70b490
QHOVER: _ZN7FunctorIvJEE14method_wrapperI7CompassXadL_ZNS2_10cal_updateEvEEEEvPv @ 0xae3d20
QHOVER: _ZN11AP_Airspeed6updateEv @ 0x70bfe0
QHOVER: _ZN7FunctorIvJEE14method_wrapperI11AP_AirspeedXadL_ZNS2_6updateEvEEEEvPv @ 0xae3e30
QHOVER: _ZN11AP_Airspeed4readEh @ 0x70c1d0
QHOVER: _ZN11AP_Airspeed21check_sensor_failuresEv @ 0x70c9f0
QHOVER: _ZN11AP_Airspeed12Log_AirspeedEv @ 0x70ca70
QHOVER: _ZNK11AP_Airspeed16get_raw_airspeedEh @ 0x70cd40
QHOVER: _ZNK11AP_Airspeed25get_differential_pressureEh @ 0x70cdf0
QHOVER: _ZNK11AP_Airspeed22get_corrected_pressureEh @ 0x70ce90
QHOVER: _ZNK11AP_Airspeed10get_offsetEh @ 0x70cf30
QHOVER: _ZNK11AP_Airspeed22get_health_probabilityEh @ 0xae3ee0
QHOVER: _ZNK11AP_Airspeed14get_test_ratioEh @ 0xae3f50
QHOVER: _ZNK11AP_Airspeed11get_primaryEv @ 0xae3fc0
QHOVER: _ZN11AP_Airspeed35check_sensor_ahrs_wind_max_failuresEh @ 0x70cff0
QHOVER: _ZNK7AP_AHRS20airspeed_health_dataERfS0_Rj @ 0x70d910
QHOVER: _ZL3MAXI9AP_ParamTIfL11ap_var_type4EEfEDTqugtfp_fp0_fp_fp0_ERKT_RKT0_.19060 @ 0x70da00
QHOVER: _ZNK7NavEKF319getAirSpdHealthDataERfS0_Rj @ 0x70da90
QHOVER: _ZNK12NavEKF3_core19getAirSpdHealthDataERfS0_Rj @ 0x70db60
QHOVER: _ZN10AP_GyroFFT12sample_gyrosEv @ 0x70e290
QHOVER: _ZN7FunctorIvJEE14method_wrapperI10AP_GyroFFTXadL_ZNS2_12sample_gyrosEvEEEEvPv @ 0xae4010
QHOVER: _ZN10AP_Vehicle4loopEv @ 0x70eb30
QHOVER: _ZN12AP_Scheduler4loopEv @ 0x70edd0
QHOVER: _ZN12AP_Scheduler17get_loop_period_sEv @ 0xae7000
QHOVER: _ZN17AP_InertialSensor15wait_for_sampleEv @ 0x70f370
QHOVER: _ZN12AP_Scheduler4tickEv @ 0x70f8b0
QHOVER: _ZN12AP_Scheduler3runEj @ 0x70f910
QHOVER: _ZN2AP8PerfInfo15check_loop_timeEj @ 0x70fec0
QHOVER: _ZL15fill_nanf_stackv @ 0x710050
QHOVER: _ZN2AP8PerfInfo16update_task_infoEhtb @ 0x7100a0
QHOVER: _ZNK6AP_GPS15ground_speed_cmEv @ 0xae7410
QHOVER: _ZNK7AP_AHRS24_get_primary_accel_indexEv @ 0x716980
QHOVER: _ZNK7AP_AHRS22_get_primary_IMU_indexEv @ 0x7169d0
QHOVER: _ZNK7NavEKF322getPrimaryCoreIMUIndexEv @ 0x716b30
QHOVER: _ZNK17AP_InertialSensor21get_first_usable_gyroEv @ 0xae7470
QHOVER: _ZNK12NavEKF3_core11getIMUIndexEv @ 0xae74c0
QHOVER: _ZNK14AP_BattMonitor17has_cell_voltagesEh @ 0x716c60
QHOVER: _ZN2AP3EFIEv @ 0x7174b0
QHOVER: _ZN6AP_EFI13get_singletonEv @ 0xae7e50
QHOVER: _ZN7FunctorIvJEE14method_wrapperI10AP_VehicleXadL_ZNS2_18fence_checks_asyncEvEEEEvPv @ 0xae87f0
QHOVER: _ZN13AP_Filesystem5writeEiPKvj @ 0x718120
QHOVER: _ZNK11AP_ICEngine29allow_throttle_while_disarmedEv @ 0x720150
QHOVER: _ZNK11AP_ICEngine10option_setENS_7OptionsE @ 0xaebd00
QHOVER: _ZL3MAXIjjEDTqugtfp_fp0_fp_fp0_ERKT_RKT0_.5212 @ 0x726770
QHOVER: _ZN15ekf_ring_buffer4pushEPKv @ 0x7267f0
QHOVER: _ZNK15ekf_ring_buffer10get_offsetEh @ 0x7268f0
QHOVER: _ZL3MAXIjjEDTqugtfp_fp0_fp_fp0_ERKT_RKT0_.20153 @ 0x726b00
QHOVER: _ZL7radiansf.5217 @ 0x727c90
QHOVER: _ZL3MAXIffEDTqugtfp_fp0_fp_fp0_ERKT_RKT0_.5204 @ 0x727ce0
QHOVER: _ZN11QuaternionTIdEC2Edddd @ 0xaed620
QHOVER: _ZN11QuaternionTIfEmLERKS0_ @ 0xaed6d0
QHOVER: _ZNK7AP_AHRS38get_relative_position_NED_origin_floatER7Vector3IfE @ 0x728030
QHOVER: _ZNK7AP_AHRS32get_relative_position_NED_originER7Vector3IdE @ 0x728200
QHOVER: _ZNK7NavEKF38getPosNEER7Vector2IdE @ 0x7284a0
QHOVER: _ZNK11AP_AHRS_SIM12get_locationER8Location @ 0x7287d0
QHOVER: _ZN2AP5statsEv @ 0x72ab70
QHOVER: _ZN8AP_Stats13get_singletonEv @ 0xaee5c0
QHOVER: _ZN19AP_Airspeed_Backend12has_airspeedEv @ 0xaeef80
QHOVER: _ZN19AP_Airspeed_Backend14get_hygrometerERjRfS1_ @ 0xaef0f0
QHOVER: _ZNK19AP_Airspeed_Backend7get_pinEv @ 0x731630
QHOVER: _ZN18AP_Airspeed_Analog25get_differential_pressureERf @ 0x731700
QHOVER: _ZN18AP_Airspeed_Analog15get_temperatureERf @ 0xaf0320
QHOVER: _ZNK19AP_Airspeed_Backend13get_psi_rangeEv @ 0x7317f0
QHOVER: _ZNK7AP_AHRS8get_gyroEv @ 0xaf0e20
QHOVER: _ZNK7AP_AHRS17airspeed_estimateERf @ 0x755dc0
QHOVER: _ZNK17AP_InertialSensor20get_vibration_levelsEv @ 0xaf0e80
QHOVER: _ZNK17AP_InertialSensor20get_vibration_levelsEh @ 0x755ec0
QHOVER: _ZNK10DigitalLPFI7Vector3IfEE3getEv @ 0xaf0f00
QHOVER: _ZNK11QuaternionTIdE7is_zeroEv @ 0xaf0fb0
QHOVER: _ZN12NavEKF3_core18getEarthFieldTableERK8Location @ 0x7571e0
QHOVER: _ZN14AP_Declination15get_declinationEff @ 0x7572e0
QHOVER: _ZNK12NavEKF3_core14MagDeclinationEv @ 0x757370
QHOVER: _ZN12NavEKF3_core15FuseDeclinationEd @ 0x7575d0
QHOVER: _ZN18NavEKF_core_common10zero_rangeEPdhh @ 0xaf1150
QHOVER: _ZN12NavEKF3_core13ForceSymmetryEv @ 0x758630
QHOVER: _ZN12NavEKF3_core18ConstrainVariancesEv @ 0x758780
QHOVER: _ZN11QuaternionTIdE9normalizeEv @ 0xaf11e0
QHOVER: _ZNK11QuaternionTIdE6lengthEv @ 0xaf12c0
QHOVER: _Z20constrain_value_lineIdET_S0_S0_S0_j @ 0xaf1380
QHOVER: _ZNK9AP_ParamTIfL11ap_var_type4EEcvdEv @ 0xaf1500
QHOVER: _ZL7radiansf.5420 @ 0x7591f0
QHOVER: _ZL2sqf.5342 @ 0x759d10
QHOVER: _ZNK8Location21get_distance_NE_ftypeERKS_ @ 0x759e60
QHOVER: _ZN16EKF_IMU_buffer_tIN12NavEKF3_core15output_elementsEEixEj @ 0xaf1620
QHOVER: _ZNK14ekf_imu_buffer3getEh @ 0x75a110
QHOVER: _ZNK14ekf_imu_buffer10get_offsetEh @ 0x75a170
QHOVER: _ZNK14AP_BattMonitor11consumed_whERfh @ 0x75bd10
QHOVER: _ZNK6AP_GPS8get_vdopEh @ 0xaf1780
QHOVER: _ZNK6AP_GPS16last_fix_time_msEh @ 0xaf17f0
QHOVER: _ZNK6AP_GPS20last_message_time_msEh @ 0xaf1860
QHOVER: _ZNK6AP_GPS22have_vertical_velocityEh @ 0xaf18d0
QHOVER: _ZNK6AP_GPS18get_antenna_offsetEh @ 0x75df80
QHOVER: _ZNK14AP_GPS_Blended18get_antenna_offsetEv @ 0xaf1950
QHOVER: _ZNK6AP_GPS11gps_yaw_degEhRfS0_Rj @ 0x75e050
QHOVER: _ZNK6AP_GPS11is_rtk_baseEh @ 0x75e240
QHOVER: _ZNK6AP_GPS12have_gps_yawEh @ 0xaf19a0
QHOVER: _ZNK11RangeFinder15has_orientationE8Rotation @ 0x760100
QHOVER: _ZNK11RangeFinder13status_orientE8Rotation @ 0x760440
QHOVER: _ZNK3GCS29sysid_mygcs_last_seen_time_msEv @ 0xaf1df0
QHOVER: _ZNK10AP_Vehicle18get_time_flying_msEv @ 0xaf1f50
QHOVER: _ZN12SRV_Channels23get_output_channel_maskEN11SRV_Channel8FunctionE @ 0x765da0
QHOVER: _ZN11SRV_Channel9output_chEv @ 0x766bc0
QHOVER: _ZN11SRV_Channel12set_overrideEb @ 0xaf2150
QHOVER: _ZN12SRV_Channels17set_output_scaledEN11SRV_Channel8FunctionEf @ 0x7674e0
QHOVER: _ZNK10AP_Mission5stateEv @ 0xaf2510
QHOVER: _ZN19AP_ServoRelayEvents13update_eventsEv @ 0x770150
QHOVER: _ZNK9QuadPlane18in_assisted_flightEv @ 0xaf2e40
QHOVER: _ZN11QuaternionTIfE15from_axis_angleE7Vector3IfE @ 0xaf2f20
QHOVER: _ZNK9AP_Follow11have_targetEv @ 0x776a70
QHOVER: _ZN9AP_Follow13get_singletonEv @ 0xaf3a20
QHOVER: _ZN12AP_Scripting19is_handling_commandEt @ 0x77bc40
QHOVER: _ZNK7Vector3IfE6is_infEv @ 0xaf4740
QHOVER: _ZN7Vector2IfE9normalizeEv @ 0xaf4a70
QHOVER: _ZN7Vector2IfEdVEf @ 0xaf4ad0
QHOVER: _ZNK7Vector2IfE6is_infEv @ 0xaf4b50
QHOVER: _ZL3MAXIjjEDTqugtfp_fp0_fp_fp0_ERKT_RKT0_.6748 @ 0x7ae880
QHOVER: _ZN9AP_Logger19file_content_updateEv @ 0x7aea80
QHOVER: _ZN9AP_Logger19file_content_updateERNS_11FileContentE @ 0x7aebe0
QHOVER: _ZN9AP_Logger11FileContent15remove_and_freeEPNS_9file_listE @ 0x7aee90
QHOVER: _ZN9AP_Logger24WriteBlock_first_succeedEPKvt @ 0x7aeff0
QHOVER: _ZN17AP_Logger_Backend13Write_MessageEPKc @ 0x7af420
QHOVER: _ZN17AP_Logger_Backend14periodic_tasksEv @ 0x7b1440
QHOVER: _ZNK17AP_Logger_Backend13StartNewLogOKEv @ 0x7b1830
QHOVER: _ZN17AP_Logger_Backend24WriteMoreStartupMessagesEv @ 0x7b1910
QHOVER: _ZNK17AP_Logger_Backend15logging_enabledEv @ 0x7b3930
QHOVER: _ZN17AP_Logger_Backend13periodic_10HzEj @ 0x7b3a60
QHOVER: _ZN17AP_Logger_Backend12periodic_1HzEv @ 0x7b3ab0
QHOVER: _ZN17AP_Logger_Backend15push_log_blocksEv @ 0x7b3b40
QHOVER: _ZN17AP_Logger_Backend12df_stats_logEv @ 0x7b3ba0
QHOVER: _ZN17AP_Logger_Backend26Write_AP_Logger_Stats_FileERKNS_8df_statsE @ 0x7b3c10
QHOVER: _ZN17AP_Logger_Backend14df_stats_clearEv @ 0x7b3d20
QHOVER: _ZNK17AP_Logger_Backend31critical_message_reserved_spaceEj @ 0xaf6ae0
QHOVER: _ZN17AP_Logger_Backend15df_stats_gatherEtj @ 0x7b61f0
QHOVER: _ZNK14AP_Logger_File15logging_startedEv @ 0xaf6f70
QHOVER: _ZN14AP_Logger_File21bufferspace_availableEv @ 0x7b8ef0
QHOVER: _ZNK14AP_Logger_File14logging_failedEv @ 0x7b9500
QHOVER: _ZN14AP_Logger_File8io_timerEv @ 0x7b95c0
QHOVER: _ZN14AP_Logger_File12periodic_1HzEv @ 0x7b9b90
QHOVER: _ZN14AP_Logger_File17periodic_fullrateEv @ 0x7b9e40
QHOVER: _ZNK14AP_Logger_File8WritesOKEv @ 0x7b9e90
QHOVER: _ZNK14AP_Logger_File13StartNewLogOKEv @ 0x7b9f20
QHOVER: _ZN14AP_Logger_File22_WritePrioritisedBlockEPKvtb @ 0x7ba0d0
QHOVER: _ZN7AP_AHRS6updateEb @ 0x7ba340
QHOVER: _ZN7AP_AHRS18update_orientationEv @ 0x7ba680
QHOVER: _ZN17AP_InertialSensor6updateEv @ 0x7ba780
QHOVER: _ZN7AP_AHRS29update_trim_rotation_matricesEv @ 0x7badf0
QHOVER: _ZN7AP_AHRS10update_DCMEv @ 0x7baf00
QHOVER: _ZN7AP_AHRS12update_flagsEv @ 0x7bafa0
QHOVER: _ZN7AP_AHRS11update_SITLEv @ 0x7bb060
QHOVER: _ZN7AP_AHRS15update_externalEv @ 0x7bb110
QHOVER: _ZN7AP_AHRS11update_EKF2Ev @ 0x7bb230
QHOVER: _ZN7AP_AHRS11update_EKF3Ev @ 0x7bb720
QHOVER: _ZNK7AP_AHRS14get_gyro_driftEv @ 0xaf6fd0
QHOVER: _ZN7AP_AHRS14update_AOA_SSAEv @ 0x7bbf10
QHOVER: _ZNK7AP_AHRS16_active_EKF_typeEv @ 0x7bc170
QHOVER: _ZN7AP_AHRS12update_stateEv @ 0x7bc6a0
QHOVER: _ZNK7AP_AHRS23_get_primary_gyro_indexEv @ 0x7bc940
QHOVER: _ZNK7AP_AHRS23_get_primary_core_indexEv @ 0x7bc9f0
QHOVER: _ZNK7AP_AHRS14_wind_estimateER7Vector3IfE @ 0x7bcac0
QHOVER: _ZN15AP_AHRS_Backend11get_EAS2TASEv @ 0x7bcbf0
QHOVER: _ZNK7AP_AHRS13_airspeed_EASERfRNS_20AirspeedEstimateTypeE @ 0x7bcc30
QHOVER: _ZNK7AP_AHRS13_airspeed_TASERf @ 0x7bd1b0
QHOVER: _ZNK7AP_AHRS13_airspeed_TASER7Vector3IfE @ 0x7bd2c0
QHOVER: _ZNK7AP_AHRS15_get_quaternionER11QuaternionTIfE @ 0x7bd3a0
QHOVER: _ZNK7AP_AHRS23_get_secondary_attitudeER7Vector3IfE @ 0x7bd560
QHOVER: _ZNK7AP_AHRS25_get_secondary_quaternionER11QuaternionTIfE @ 0x7bd760
QHOVER: _ZNK7AP_AHRS13_get_locationER8Location @ 0x7bd910
QHOVER: _ZNK7AP_AHRS23_get_secondary_positionER8Location @ 0x7bda90
QHOVER: _ZN7AP_AHRS19_groundspeed_vectorEv @ 0x7bdbe0
QHOVER: _ZN7AP_AHRS12_groundspeedEv @ 0x7bdd10
QHOVER: _ZNK7AP_AHRS29_getCorrectedDeltaVelocityNEDER7Vector3IfERf @ 0x7bdde0
QHOVER: _ZNK7AP_AHRS17_get_velocity_NEDER7Vector3IfE @ 0x7be070
QHOVER: _ZNK7NavEKF39getVelNEDER7Vector3IfE @ 0x7be230
QHOVER: _ZNK12NavEKF3_core9getVelNEDER7Vector3IfE @ 0x7be560
QHOVER: _ZNK12NavEKF2_core9getVelNEDER7Vector3IfE @ 0x7be610
QHOVER: _ZNK7NavEKF312getAccelBiasEaR7Vector3IfE @ 0x7be750
QHOVER: _ZNK17AP_InertialSensor18get_delta_velocityEhR7Vector3IfERf @ 0x7be820
QHOVER: _ZNK7AP_AHRS43get_rotation_autopilot_body_to_vehicle_bodyEv @ 0xaf70c0
QHOVER: _ZNK17AP_InertialSensor14get_delta_timeEv @ 0xaf7110
QHOVER: _ZL3MINIffEDTqultfp_fp0_fp_fp0_ERKT_RKT0_.4188 @ 0x7be9d0
QHOVER: _ZL3MINIffEDTqultfp_fp0_fp_fp0_ERKT_RKT0_.2602 @ 0x7bea60
QHOVER: _ZNK12NavEKF3_core12getAccelBiasER7Vector3IfE @ 0x7beaf0
QHOVER: _ZNK12NavEKF2_core13getAccelZBiasERf @ 0x7bebd0
QHOVER: _ZL7radiansf.2590 @ 0x7bf1e0
QHOVER: _ZNK7AP_AHRS23_get_secondary_EKF_typeERNS_7EKFTypeE @ 0x7bf230
QHOVER: _ZNK7NavEKF36getLLHER8Location @ 0x7bf420
QHOVER: _ZNK12NavEKF3_core6getLLHER8Location @ 0x7bf4c0
QHOVER: _ZNK10AP_DAL_GPS6statusEv @ 0xaf7380
QHOVER: _ZNK7AP_AHRS24fallback_active_EKF_typeEv @ 0x7bfa90
QHOVER: _ZNK11AP_AHRS_DCM14get_quaternionER11QuaternionTIfE @ 0x7bfae0
QHOVER: _ZNK7NavEKF313getQuaternionER11QuaternionTIfE @ 0x7bfbe0
QHOVER: _ZN11QuaternionTIfE6rotateERK7Vector3IfE @ 0xaf73f0
QHOVER: _ZN15AP_ExternalAHRS14get_quaternionER11QuaternionTIfE @ 0x7bfce0
QHOVER: _ZNK12NavEKF3_core13getQuaternionER11QuaternionTIfE @ 0x7bfd90
QHOVER: _ZNK11QuaternionTIdE7tofloatEv @ 0xaf74a0
QHOVER: _ZNK12NavEKF2_core13getQuaternionER11QuaternionTIfE @ 0x7bfe20
QHOVER: _ZNK7NavEKF314getEulerAnglesER7Vector3IfE @ 0x7bff40
QHOVER: _ZNK7NavEKF312getAirSpdVecER7Vector3IfE @ 0x7c0120
QHOVER: _ZNK12NavEKF3_core12getAirSpdVecER7Vector3IfE @ 0x7c01c0
QHOVER: _ZNK11QuaternionTIdE7inverseEv @ 0xaf7520
QHOVER: _ZNK7AP_AHRS25get_active_airspeed_indexEv @ 0x7c05c0
QHOVER: _ZNK7AP_AHRS27_should_use_airspeed_sensorEh @ 0x7c06c0
QHOVER: _ZNK7AP_AHRS27get_wind_estimation_enabledEv @ 0xaf75d0
QHOVER: _ZNK7NavEKF37getWindER7Vector3IfE @ 0x7c09d0
QHOVER: _ZNK12NavEKF3_core7getWindER7Vector3IfE @ 0x7c0af0
QHOVER: _ZN15AP_AHRS_Backend23airspeed_sensor_enabledEh @ 0xaf7690
QHOVER: _ZNK7AP_AHRS23airspeed_sensor_enabledEh @ 0xaf7770
QHOVER: _ZNK7AP_AHRS10option_setENS_7OptionsE @ 0xaf77d0
QHOVER: _ZNK7NavEKF317getActiveAirspeedEv @ 0x7c0cc0
QHOVER: _ZNK12NavEKF3_core17getActiveAirspeedEv @ 0x7c0d50
QHOVER: _ZNK7AP_Baro12_get_EAS2TASEv @ 0x7c0da0
QHOVER: _ZNK7AP_Baro20get_EAS2TAS_extendedEf @ 0x7c0e10
QHOVER: _ZNK12NavEKF2_core7getWindER7Vector3IfE @ 0x7c0fe0
QHOVER: _ZNK7NavEKF219getPrimaryCoreIndexEv @ 0x7c1070
QHOVER: _ZNK7NavEKF319getPrimaryCoreIndexEv @ 0x7c10e0
QHOVER: _ZNK7NavEKF326configuredToUseGPSForPosXYEv @ 0x7c1300
QHOVER: _ZNK11AP_AHRS_DCM20yaw_source_availableEv @ 0x7c1380
QHOVER: _ZNK16AP_NavEKF_Source14getPosXYSourceEh @ 0xaf7930
QHOVER: _ZL7degreesf.2538 @ 0x7c13e0
QHOVER: _ZNK7AP_AHRS9calc_trigERK7Matrix3IfERfS4_S4_S4_S4_S4_ @ 0x7c1480
QHOVER: _ZNK9AP_Logger15allow_start_ekfEv @ 0x7c1870
QHOVER: _ZN7NavEKF312UpdateFilterEv @ 0x7c1f40
QHOVER: _ZNK7NavEKF320getRotationBodyToNEDER7Matrix3IfE @ 0x7c2510
QHOVER: _ZN7AP_AHRS16update_cd_valuesEv @ 0x7c25a0
QHOVER: _ZN7AP_AHRS11update_trigEv @ 0x7c26e0
QHOVER: _ZNK17AP_InertialSensor22get_first_usable_accelEv @ 0xaf79b0
QHOVER: _ZNK7NavEKF311getGyroBiasEaR7Vector3IfE @ 0x7c27c0
QHOVER: _ZN7AP_AHRS32update_notify_from_filter_statusERK17nav_filter_status @ 0x7c2890
QHOVER: _ZNK12NavEKF3_core11getGyroBiasER7Vector3IfE @ 0x7c2940
QHOVER: _ZN6AP_DAL11start_frameENS_9FrameTypeE @ 0x7c2a20
QHOVER: _ZNK6AP_DAL8micros64Ev @ 0xaf7a00
QHOVER: _ZNK12NavEKF3_core21getFramesSincePredictEv @ 0x7c2f00
QHOVER: _ZN6AP_DAL22ekf_low_time_remainingENS_7EKFTypeEh @ 0x7c2f60
QHOVER: _ZN12NavEKF3_core12UpdateFilterEb @ 0x7c30a0
QHOVER: _ZNK6AP_DAL9get_armedEv @ 0xaf7a50
QHOVER: _ZN7NavEKF321updateCoreErrorScoresEv @ 0x7c32d0
QHOVER: _ZN7NavEKF324updateCoreRelativeErrorsEv @ 0x7c3390
QHOVER: _ZNK7NavEKF315coreBetterScoreEhh @ 0x7c3530
QHOVER: _ZN16AP_NavEKF_Source22align_inactive_sourcesEv @ 0x7c3730
QHOVER: _ZNK16AP_NavEKF_Source13getPosZSourceEh @ 0x7c39e0
QHOVER: _ZNK7AP_EnumIN16AP_NavEKF_Source7SourceZEEcvKS1_Ev @ 0xaf7b30
QHOVER: _ZL3MAXI9AP_ParamTIfL11ap_var_type4EEfEDTqugtfp_fp0_fp_fp0_ERKT_RKT0_ @ 0x7c3bc0
QHOVER: _ZN18NavEKF_core_common22fill_scratch_variablesEv @ 0x7c3c50
QHOVER: _ZN12NavEKF3_core23update_sensor_selectionEv @ 0x7c3cf0
QHOVER: _ZN12NavEKF3_core18controlFilterModesEv @ 0x7c3d60
QHOVER: _ZN12NavEKF3_core11readIMUDataEb @ 0x7c3e30
QHOVER: _ZN12NavEKF3_core27UpdateStrapdownEquationsNEDEv @ 0x7c4700
QHOVER: _ZN12NavEKF3_core20CovariancePredictionEP7Vector3IdE @ 0x7c4be0
QHOVER: _ZN12NavEKF3_core25runYawEstimatorPredictionEv @ 0x7cf3d0
QHOVER: _ZN12NavEKF3_core15SelectMagFusionEv @ 0x7cf530
QHOVER: _ZN12NavEKF3_core18SelectVelPosFusionEv @ 0x7d0260
QHOVER: _ZN12NavEKF3_core25runYawEstimatorCorrectionEv @ 0x7d0c20
QHOVER: _ZN12NavEKF3_core18SelectRngBcnFusionEv @ 0x7d0e10
QHOVER: _ZN12NavEKF3_core16SelectFlowFusionEv @ 0x7d0f40
QHOVER: _ZN12NavEKF3_core20SelectBodyOdomFusionEv @ 0x7d1220
QHOVER: _ZN12NavEKF3_core15SelectTasFusionEv @ 0x7d14d0
QHOVER: _ZN12NavEKF3_core20SelectBetaDragFusionEv @ 0x7d15d0
QHOVER: _ZN12NavEKF3_core18updateFilterStatusEv @ 0x7d1890
QHOVER: _ZN12NavEKF3_core13moveEKFOriginEv @ 0x7d21d0
QHOVER: _ZN12NavEKF3_core21checkUpdateEarthFieldEv @ 0x7d2380
QHOVER: _ZN12NavEKF3_core16calcOutputStatesEv @ 0x7d2440
QHOVER: _ZN12NavEKF3_core11readMagDataEv @ 0x7d3790
QHOVER: _ZN12NavEKF3_core11readGpsDataEv @ 0x7d3ca0
QHOVER: _ZN12NavEKF3_core14readGpsYawDataEv @ 0x7d4630
QHOVER: _ZN12NavEKF3_core12readBaroDataEv @ 0x7d4760
QHOVER: _ZN6AP_DAL3insEv @ 0xaf7be0
QHOVER: _ZNK21AP_DAL_InertialSensor9get_accelEh @ 0xaf7c30
QHOVER: _ZL2sqf.5403 @ 0x7d6790
QHOVER: _ZNK16AP_NavEKF_Source13useVelZSourceENS_7SourceZEh @ 0x7d6900
QHOVER: _ZNK12NavEKF3_core26CorrectGPSForAntennaOffsetERNS_12gps_elementsE @ 0x7d6a30
QHOVER: _ZNK10AP_DAL_GPS18get_antenna_offsetEh @ 0xaf7f00
QHOVER: _ZNK7Vector3IdErmERKS0_ @ 0xaf7f70
QHOVER: _ZNK7Matrix3IdE13mul_transposeERK7Vector3IdE @ 0xaf8050
QHOVER: _ZN7Vector3IdEdVEd @ 0xaf8160
QHOVER: _ZNK21AP_DAL_InertialSensor16get_loop_delta_tEv @ 0xaf81f0
QHOVER: _ZNK14AP_DAL_Compass16get_first_usableEv @ 0xaf8610
QHOVER: _ZNK11AP_DAL_Baro15get_last_updateEh @ 0xaf8880
QHOVER: _ZNK11AP_DAL_Baro12get_altitudeEh @ 0xaf88f0
QHOVER: _ZN16EKF_obs_buffer_tIN12NavEKF3_core13baro_elementsEE4pushERKS1_ @ 0xaf8960
QHOVER: _ZNK10AP_DAL_GPS11gps_yaw_degEhRfS0_Rj @ 0xaf89d0
QHOVER: _ZL3MAXIfdEDTqugtfp_fp0_fp_fp0_ERKT_RKT0_ @ 0x7d7430
QHOVER: _ZNK10AP_DAL_GPS20last_message_time_msEh @ 0xaf8af0
QHOVER: _ZNK10AP_DAL_GPS7get_lagEhRf @ 0xaf8b60
QHOVER: _ZL3MINIjjEDTqultfp_fp0_fp_fp0_ERKT_RKT0_.5220 @ 0x7d7630
QHOVER: _ZNK10AP_DAL_GPS8velocityEh @ 0xaf8c10
QHOVER: _ZNK10AP_DAL_GPS22have_vertical_velocityEh @ 0xaf8c80
QHOVER: _ZNK10AP_DAL_GPS14speed_accuracyEhRf @ 0xaf8d00
QHOVER: _ZL3MAXIdfEDTqugtfp_fp0_fp_fp0_ERKT_RKT0_.5216 @ 0x7d76b0
QHOVER: _ZL3MINIdfEDTqultfp_fp0_fp_fp0_ERKT_RKT0_ @ 0x7d7750
QHOVER: _ZL3MAXId9AP_ParamTIfL11ap_var_type4EEEDTqugtfp_fp0_fp_fp0_ERKT_RKT0_ @ 0x7d77f0
QHOVER: _ZNK10AP_DAL_GPS19horizontal_accuracyEhRf @ 0xaf8db0
QHOVER: _ZNK10AP_DAL_GPS17vertical_accuracyEhRf @ 0xaf8e60
QHOVER: _ZNK10AP_DAL_GPS8num_satsEh @ 0xaf8f10
QHOVER: _ZN12NavEKF3_core18calcGpsGoodToAlignEv @ 0x7d78a0
QHOVER: _ZN12NavEKF3_core20calcGpsGoodForFlightEv @ 0x7d8800
QHOVER: _ZN16EKF_obs_buffer_tIN12NavEKF3_core12gps_elementsEE4pushERKS1_ @ 0xaf8f80
QHOVER: _ZL3MAXIddEDTqugtfp_fp0_fp_fp0_ERKT_RKT0_.5381 @ 0x7d8cc0
QHOVER: _ZL3MINIdfEDTqultfp_fp0_fp_fp0_ERKT_RKT0_.5368 @ 0x7d8d40
QHOVER: _ZNK10AP_DAL_GPS8get_hdopEh @ 0xaf8ff0
QHOVER: _ZNK14AP_DAL_Compass9availableEv @ 0xaf9060
QHOVER: _ZNK14AP_DAL_Compass9get_countEv @ 0xaf90c0
QHOVER: _ZNK14AP_DAL_Compass21learn_offsets_enabledEv @ 0xaf9110
QHOVER: _ZNK14AP_DAL_Compass7healthyEh @ 0xaf9170
QHOVER: _ZNK14AP_DAL_Compass16last_update_usecEh @ 0xaf91e0
QHOVER: _ZNK14AP_DAL_Compass11get_offsetsEh @ 0xaf9250
QHOVER: _ZNK7Vector3IdEneERKS0_ @ 0xaf92c0
QHOVER: _ZN12NavEKF3_core12mag_elementsC2Ev @ 0xaf9390
QHOVER: _ZNK14AP_DAL_Compass9get_fieldEh @ 0xaf93f0
QHOVER: _ZNK14AP_DAL_Compass10consistentEv @ 0xaf9460
QHOVER: _ZN16EKF_obs_buffer_tIN12NavEKF3_core12mag_elementsEE4pushERKS1_ @ 0xaf94c0
QHOVER: _Z8is_equalIddENSt3__19enable_ifIXsr3std17is_floating_pointINS0_11common_typeIJT_T0_EE4typeEEE5valueEbE4typeES3_S4_ @ 0xaf9530
QHOVER: _ZN12NavEKF3_core17correctDeltaAngleER7Vector3IdEdh @ 0x7d9020
QHOVER: _ZN12NavEKF3_core20correctDeltaVelocityER7Vector3IdEdh @ 0x7d90e0
QHOVER: _ZN11QuaternionTIdEC2Ev @ 0xaf95b0
QHOVER: _ZN11QuaternionTIdE15from_axis_angleE7Vector3IdE @ 0xaf9620
QHOVER: _ZN11QuaternionTIdEmLERKS0_ @ 0xaf96e0
QHOVER: _ZNK11QuaternionTIdE15rotation_matrixER7Matrix3IdE @ 0xaf9880
QHOVER: _ZNK21AP_DAL_InertialSensor8get_gyroEh @ 0xaf9a70
QHOVER: _ZNK6AP_DAL20get_takeoff_expectedEv @ 0xaf9b80
QHOVER: _ZN16EKF_IMU_buffer_tIN12NavEKF3_core12imu_elementsEE18get_youngest_indexEv @ 0xaf9bf0
QHOVER: _ZN16EKF_IMU_buffer_tIN12NavEKF3_core12imu_elementsEE16get_oldest_indexEv @ 0xaf9c50
QHOVER: _ZNK11QuaternionTIdEdvERKS0_ @ 0xaf9cb0
QHOVER: _ZN11QuaternionTIdEixEh @ 0xaf9ed0
QHOVER: _ZL3MAXIddEDTqugtfp_fp0_fp_fp0_ERKT_RKT0_.5431 @ 0x7d9200
QHOVER: _ZN12NavEKF3_core15output_elementsC2Ev @ 0xaf9f40
QHOVER: _ZNK14ekf_imu_buffer16get_oldest_indexEv @ 0xaf9fc0
QHOVER: _ZNK14ekf_imu_buffer18get_youngest_indexEv @ 0xafa010
QHOVER: _ZN11QuaternionTIdE15from_axis_angleERK7Vector3IdEd @ 0xafa060
QHOVER: _ZNK6AP_DAL22get_touchdown_expectedEv @ 0xafa180
QHOVER: _ZN12NavEKF3_core12FuseSideslipEv @ 0x7d92f0
QHOVER: _ZN16EKF_obs_buffer_tIN12NavEKF3_core13drag_elementsEE6recallERS1_j @ 0xafa1e0
QHOVER: _ZNK6AP_DAL11get_EAS2TASEv @ 0xafa260
QHOVER: _ZN7Vector3IdEixEh @ 0xafa320
QHOVER: _ZNK7Vector3IdEixEh @ 0xafa390
QHOVER: _ZN7Vector2IdEixEh @ 0xafa400
QHOVER: _ZN15ekf_ring_buffer6recallEPvj @ 0x7dfd60
QHOVER: _ZNK15ekf_ring_buffer7time_msEh @ 0x7dfec0
QHOVER: _ZN12NavEKF3_core14readAirSpdDataEv @ 0x7dff30
QHOVER: _ZN12NavEKF3_core12FuseAirspeedEv @ 0x7e0360
QHOVER: _ZL3MAXIdfEDTqugtfp_fp0_fp_fp0_ERKT_RKT0_.20297 @ 0x7e1b60
QHOVER: _ZNK12NavEKF3_core11useAirspeedEv @ 0x7e1c00
QHOVER: _ZNK15AP_DAL_Airspeed14last_update_msEh @ 0xafa470
QHOVER: _ZNK15AP_DAL_Airspeed7healthyEh @ 0xafa4e0
QHOVER: _ZNK15AP_DAL_Airspeed3useEh @ 0xafa550
QHOVER: _ZNK15AP_DAL_Airspeed12get_airspeedEh @ 0xafa5c0
QHOVER: _ZL2sqf.5223 @ 0x7e1c60
QHOVER: _ZN16EKF_obs_buffer_tIN12NavEKF3_core12tas_elementsEE4pushERKS1_ @ 0xafa630
QHOVER: _ZN16EKF_obs_buffer_tIN12NavEKF3_core12tas_elementsEE6recallERS1_j @ 0xafa6a0
QHOVER: _ZNK6AP_DAL23airspeed_sensor_enabledEv @ 0xafa720
QHOVER: _ZN16EKF_obs_buffer_tIN12NavEKF3_core16vel_odm_elementsEE6recallERS1_j @ 0xafa790
QHOVER: _ZN16EKF_obs_buffer_tIN12NavEKF3_core18wheel_odm_elementsEE6recallERS1_j @ 0xafa810
QHOVER: _ZN12NavEKF3_core11of_elementsC2Ev @ 0xafa890
QHOVER: _ZN16EKF_obs_buffer_tIN12NavEKF3_core11of_elementsEE6recallERS1_j @ 0xafa920
QHOVER: _ZNK7Vector2IdEixEh @ 0xafa9a0
QHOVER: _ZN12NavEKF3_core14readRngBcnDataEv @ 0x7eeb30
QHOVER: _ZN10EKFGSF_yaw11fuseVelDataERK7Vector2IdEd @ 0x7f27e0
QHOVER: _ZNK12NavEKF3_core13EKFGSF_getYawERdS0_ @ 0x7f2be0
QHOVER: _ZNK11QuaternionTIdE8to_eulerERdS1_S1_ @ 0xafae70
QHOVER: _ZN7Matrix3IdEixEh @ 0xafb9f0
QHOVER: _ZNK10EKFGSF_yaw10getYawDataERdS0_Ph @ 0x7f3550
QHOVER: _ZL7radiansf.5184 @ 0x7f3630
QHOVER: _ZL2sqf.5182 @ 0x7f3680
QHOVER: _ZN10EKFGSF_yaw7correctEhRK7Vector2IdEd @ 0x7f3bf0
QHOVER: _ZNK10EKFGSF_yaw15gaussianDensityEh @ 0x7f4fb0
QHOVER: _ZL3MAXIdfEDTqugtfp_fp0_fp_fp0_ERKT_RKT0_.4687 @ 0x7f5330
QHOVER: _ZN10EKFGSF_yaw13forceSymmetryEh @ 0x7f53d0
QHOVER: _ZN16EKF_obs_buffer_tIN12NavEKF3_core16ext_nav_elementsEE6recallERS1_j @ 0xafbb60
QHOVER: _ZN16EKF_obs_buffer_tIN12NavEKF3_core20ext_nav_vel_elementsEE6recallERS1_j @ 0xafbbe0
QHOVER: _ZNK12NavEKF3_core35CalculateVelInnovationsAndVariancesERK7Vector3IdEddRS1_S4_ @ 0x7f5900
QHOVER: _ZN16EKF_obs_buffer_tIN12NavEKF3_core12gps_elementsEE6recallERS1_j @ 0xafbc60
QHOVER: _ZN12NavEKF3_core21selectHeightForFusionEv @ 0x7f5f40
QHOVER: _ZN12NavEKF3_core13FuseVelPosNEDEv @ 0x7f7440
QHOVER: _ZL3MAXIdfEDTqugtfp_fp0_fp_fp0_ERKT_RKT0_.5356 @ 0x7f9790
QHOVER: _ZL3MAXI9AP_ParamTIfL11ap_var_type4EEfEDTqugtfp_fp0_fp_fp0_ERKT_RKT0_.5357 @ 0x7f9830
QHOVER: _ZN12NavEKF3_core15readRangeFinderEv @ 0x7f98c0
QHOVER: _ZN16EKF_obs_buffer_tIN12NavEKF3_core14range_elementsEE6recallERS1_j @ 0xafbce0
QHOVER: _ZN16EKF_obs_buffer_tIN12NavEKF3_core13baro_elementsEE6recallERS1_j @ 0xafbdb0
QHOVER: _ZL3MAXIddEDTqugtfp_fp0_fp_fp0_ERKT_RKT0_.5205 @ 0x7fa490
QHOVER: _ZL3MAXI9AP_ParamTIfL11ap_var_type4EEfEDTqugtfp_fp0_fp_fp0_ERKT_RKT0_.5194 @ 0x7fa660
QHOVER: _ZN16EKF_obs_buffer_tIN12NavEKF3_core12yaw_elementsEE6recallERS1_j @ 0xafc040
QHOVER: _ZN16EKF_obs_buffer_tIN12NavEKF3_core12mag_elementsEE6recallERS1_j @ 0xafc0c0
QHOVER: _ZN12NavEKF3_core18controlMagYawResetEv @ 0x7fc690
QHOVER: _ZN12NavEKF3_core16FuseMagnetometerEv @ 0x7fcca0
QHOVER: _ZN7Matrix3IdEC2Eddddddddd @ 0xafc140
QHOVER: _ZNK7Matrix3IdEixEh @ 0xafc290
QHOVER: _ZL3MAXIdfEDTqugtfp_fp0_fp_fp0_ERKT_RKT0_.5192 @ 0x8034e0
QHOVER: _ZN12NavEKF3_core17MagTableConstrainEv @ 0x803580
QHOVER: _ZNK11QuaternionTIdE13to_axis_angleER7Vector3IdE @ 0xafc300
QHOVER: _ZL3MAXIdfEDTqugtfp_fp0_fp_fp0_ERKT_RKT0_.5149 @ 0x803c60
QHOVER: _ZN10EKFGSF_yaw6updateERK7Vector3IdES3_ddbd @ 0x803d00
QHOVER: _ZN10EKFGSF_yaw7predictEh @ 0x804790
QHOVER: _ZN10EKFGSF_yaw11predictAHRSEh @ 0x8052e0
QHOVER: _ZL7radiansf.4685 @ 0x805860
QHOVER: _ZL2sqf.4686 @ 0x8058b0
QHOVER: _ZNK10EKFGSF_yaw12updateRotMatERK7Matrix3IdERK7Vector3IdE @ 0x805900
QHOVER: _ZN12NavEKF3_core21calcTiltErrorVarianceEv @ 0x8061e0
QHOVER: _ZN12NavEKF3_core23verifyTiltErrorVarianceEv @ 0x8068c0
QHOVER: _ZL3MINIffEDTqultfp_fp0_fp_fp0_ERKT_RKT0_.5423 @ 0x806cc0
QHOVER: _ZN11QuaternionTIdE6rotateERK7Vector3IdE @ 0xafc8c0
QHOVER: _ZN12NavEKF3_core15ConstrainStatesEv @ 0x806d50
QHOVER: _ZNK21AP_DAL_InertialSensor9use_accelEh @ 0xafc980
QHOVER: _ZNK21AP_DAL_InertialSensor8use_gyroEh @ 0xafca50
QHOVER: _ZN12NavEKF3_core19learnInactiveBiasesEv @ 0x807190
QHOVER: _ZN12NavEKF3_core19updateMovementCheckEv @ 0x807700
QHOVER: _ZN12NavEKF3_core17readDeltaVelocityEhR7Vector3IdERd @ 0x807fa0
QHOVER: _ZNK21AP_DAL_InertialSensor18get_imu_pos_offsetEh @ 0xafcb20
QHOVER: _ZN12NavEKF3_core14readDeltaAngleEhR7Vector3IdERd @ 0x8080f0
QHOVER: _ZN16EKF_IMU_buffer_tIN12NavEKF3_core12imu_elementsEE21push_youngest_elementES1_ @ 0xafcb90
QHOVER: _ZN12NavEKF3_core14SampleDragDataERKNS_12imu_elementsE @ 0x808210
QHOVER: _ZN16EKF_IMU_buffer_tIN12NavEKF3_core12imu_elementsEE18get_oldest_elementEv @ 0xafcbf0
QHOVER: _ZN12NavEKF3_core22updateTimingStatisticsEv @ 0x8084c0
QHOVER: _ZL3MINIfdEDTqultfp_fp0_fp_fp0_ERKT_RKT0_ @ 0x808770
QHOVER: _ZN12NavEKF3_core12imu_elementsC2Ev @ 0xafcc70
QHOVER: _ZN14ekf_imu_buffer18get_oldest_elementEPv @ 0x808810
QHOVER: _ZN14ekf_imu_buffer21push_youngest_elementEPKv @ 0x8088d0
QHOVER: _ZNK21AP_DAL_InertialSensor14get_gyro_countEv @ 0xafcd50
QHOVER: _ZNK21AP_DAL_InertialSensor15get_delta_angleEhR7Vector3IfERf @ 0xafcda0
QHOVER: _ZNK21AP_DAL_InertialSensor15get_accel_countEv @ 0xafcea0
QHOVER: _ZNK21AP_DAL_InertialSensor18get_delta_velocityEhR7Vector3IfERf @ 0xafcef0
QHOVER: _ZL7radiansi.5218 @ 0x8089c0
QHOVER: _ZN12NavEKF3_core12detectFlightEv @ 0x808a20
QHOVER: _ZN12NavEKF3_core27setWindMagStateLearningModeEv @ 0x808ee0
QHOVER: _ZN12NavEKF3_core28checkAttitudeAlignmentStatusEv @ 0x809780
QHOVER: _ZN12NavEKF3_core13setAidingModeEv @ 0x809890
QHOVER: _ZN12NavEKF3_core12setYawSourceEv @ 0x80a800
QHOVER: _ZN12NavEKF3_core18checkGyroCalStatusEv @ 0x80a8d0
QHOVER: _ZL3MINIttEDTqultfp_fp0_fp_fp0_ERKT_RKT0_ @ 0x80afb0
QHOVER: _ZL7radiansd.5136 @ 0x80b030
QHOVER: _ZN12NavEKF3_core19updateStateIndexLimEv @ 0x80b120
QHOVER: _ZL2sqf.5384 @ 0x80b200
QHOVER: _ZN12NavEKF3_core20update_gps_selectionEv @ 0x80b310
QHOVER: _ZN12NavEKF3_core20update_mag_selectionEv @ 0x80b410
QHOVER: _ZN12NavEKF3_core21update_baro_selectionEv @ 0x80b550
QHOVER: _ZN12NavEKF3_core25update_airspeed_selectionEv @ 0x80b630
QHOVER: _ZNK15AP_DAL_Airspeed11get_primaryEv @ 0xafd030
QHOVER: _ZNK11AP_DAL_Baro11get_primaryEv @ 0xafd080
QHOVER: _Z9fill_nanfPdt @ 0x80b740
QHOVER: _ZNK17AP_InertialSensor20get_last_update_usecEv @ 0xafd140
QHOVER: _ZNK17AP_InertialSensor16get_loop_delta_tEv @ 0xafd190
QHOVER: _ZNK7AP_AHRS17get_vehicle_classEv @ 0xafd1e0
QHOVER: _ZNK7AP_AHRS20get_takeoff_expectedEv @ 0xafd230
QHOVER: _ZNK7AP_AHRS22get_touchdown_expectedEv @ 0xafd290
QHOVER: _ZNK7AP_AHRS8get_trimEv @ 0xafd2f0
QHOVER: _ZN2AP12wheelencoderEv @ 0x80bb60
QHOVER: _ZNK7AP_AHRS43get_rotation_vehicle_body_to_autopilot_bodyEv @ 0xafd3a0
QHOVER: _ZN21AP_DAL_InertialSensor11start_frameEv @ 0x80bba0
QHOVER: _ZN11AP_DAL_Baro11start_frameEv @ 0x80be20
QHOVER: _ZN10AP_DAL_GPS11start_frameEv @ 0x80bf90
QHOVER: _ZN14AP_DAL_Compass11start_frameEv @ 0x80c390
QHOVER: _ZN15AP_DAL_Airspeed11start_frameEv @ 0x80c5b0
QHOVER: _ZN2AP6beaconEv @ 0x80cba0
QHOVER: _ZN9AP_Beacon13get_singletonEv @ 0xafd4a0
QHOVER: _ZNK11AP_Airspeed15get_num_sensorsEv @ 0xafd4e0
QHOVER: _ZNK11AP_Airspeed14last_update_msEh @ 0xafd530
QHOVER: _ZNK7Compass24auto_declination_enabledEv @ 0xafd5a0
QHOVER: _ZNK7Compass15get_declinationEv @ 0x80d2f0
QHOVER: _ZNK7Compass15get_num_enabledEv @ 0x80d350
QHOVER: _ZNK7Compass16get_first_usableEv @ 0xafd610
QHOVER: _ZNK7Compass17have_scale_factorEh @ 0x80d410
QHOVER: _ZNK7Compass16last_update_usecEh @ 0xafd660
QHOVER: _ZNK14typesafe_indexIh14TAG_StateIndexEgeERKh @ 0xafd6e0
QHOVER: _ZNK7AP_Baro11get_primaryEv @ 0xafd750
QHOVER: _ZNK7AP_Baro15get_last_updateEh @ 0xafd7a0
QHOVER: _ZNK17AP_InertialSensor16get_loop_rate_hzEv @ 0xafd810
QHOVER: _ZNK17AP_InertialSensor15get_delta_angleEhR7Vector3IfERf @ 0x80d550
QHOVER: _ZN21AP_DAL_InertialSensor15update_filteredEh @ 0x80d720
QHOVER: _ZNK17AP_InertialSensor18get_imu_pos_offsetEh @ 0xafd860
QHOVER: _ZNK17AP_InertialSensor10_accel_posEh @ 0xafd8c0
QHOVER: _ZN17AP_InertialSensor10_accel_posEh @ 0xafd920
QHOVER: _ZN15AP_WheelEncoder13get_singletonEv @ 0xafd990
QHOVER: _ZN7NavEKF212UpdateFilterEv @ 0x810760
QHOVER: _ZNK12NavEKF2_core11getGyroBiasER7Vector3IfE @ 0x810d40
QHOVER: _ZNK12NavEKF2_core21getFramesSincePredictEv @ 0x810e30
QHOVER: _ZN12NavEKF2_core12UpdateFilterEb @ 0x810e90
QHOVER: _ZN12NavEKF2_core18controlFilterModesEv @ 0x811090
QHOVER: _ZN12NavEKF2_core11readIMUDataEv @ 0x811160
QHOVER: _ZN12NavEKF2_core27UpdateStrapdownEquationsNEDEv @ 0x811980
QHOVER: _ZN12NavEKF2_core20CovariancePredictionEv @ 0x811dc0
QHOVER: _ZN12NavEKF2_core25runYawEstimatorPredictionEv @ 0x81b4d0
QHOVER: _ZN12NavEKF2_core15SelectMagFusionEv @ 0x81b640
QHOVER: _ZN12NavEKF2_core18SelectVelPosFusionEv @ 0x81ba90
QHOVER: _ZN12NavEKF2_core25runYawEstimatorCorrectionEv @ 0x81c2a0
QHOVER: _ZN12NavEKF2_core18SelectRngBcnFusionEv @ 0x81c3f0
QHOVER: _ZN12NavEKF2_core16SelectFlowFusionEv @ 0x81c480
QHOVER: _ZN12NavEKF2_core15SelectTasFusionEv @ 0x81c700
QHOVER: _ZN12NavEKF2_core16SelectBetaFusionEv @ 0x81c820
QHOVER: _ZN12NavEKF2_core18updateFilterStatusEv @ 0x81c9c0
QHOVER: _ZN12NavEKF2_core16calcOutputStatesEv @ 0x81d3c0
QHOVER: _ZNK12NavEKF2_core20assume_zero_sideslipEv @ 0x81e630
QHOVER: _ZN12NavEKF2_core11readMagDataEv @ 0x81e6c0
QHOVER: _ZN12NavEKF2_core11readGpsDataEv @ 0x81eba0
QHOVER: _ZN12NavEKF2_core12readBaroDataEv @ 0x81f660
QHOVER: _ZN16EKF_IMU_buffer_tIN12NavEKF2_core15output_elementsEEixEj @ 0xafed80
QHOVER: _ZNK10AP_DAL_GPS22have_vertical_velocityEv @ 0xafedf0
QHOVER: _ZNK12NavEKF2_core26CorrectGPSForAntennaOffsetERNS_12gps_elementsE @ 0x821780
QHOVER: _ZL2sqf.20181 @ 0x821c00
QHOVER: _ZNK11AP_DAL_Baro15get_last_updateEv @ 0xaff250
QHOVER: _ZNK11AP_DAL_Baro12get_altitudeEv @ 0xaff2b0
QHOVER: _ZL3MAXIddEDTqugtfp_fp0_fp_fp0_ERKT_RKT0_.20150 @ 0x821e70
QHOVER: _ZN16EKF_obs_buffer_tIN12NavEKF2_core13baro_elementsEE4pushERKS1_ @ 0xaff310
QHOVER: _ZNK10AP_DAL_GPS7get_lagERf @ 0xaff380
QHOVER: _ZNK10AP_DAL_GPS8velocityEv @ 0xaff400
QHOVER: _ZNK10AP_DAL_GPS14speed_accuracyERf @ 0xaff460
QHOVER: _ZL3MAXIdfEDTqugtfp_fp0_fp_fp0_ERKT_RKT0_.20159 @ 0x821ef0
QHOVER: _ZL3MINIdfEDTqultfp_fp0_fp_fp0_ERKT_RKT0_.20160 @ 0x821f90
QHOVER: _ZL3MAXId9AP_ParamTIfL11ap_var_type4EEEDTqugtfp_fp0_fp_fp0_ERKT_RKT0_.20162 @ 0x822030
QHOVER: _ZNK10AP_DAL_GPS19horizontal_accuracyERf @ 0xaff4e0
QHOVER: _ZNK10AP_DAL_GPS17vertical_accuracyERf @ 0xaff560
QHOVER: _ZNK10AP_DAL_GPS8num_satsEv @ 0xaff5e0
QHOVER: _ZN12NavEKF2_core18calcGpsGoodToAlignEv @ 0x8220e0
QHOVER: _ZN12NavEKF2_core20calcGpsGoodForFlightEv @ 0x822fd0
QHOVER: _ZN16EKF_obs_buffer_tIN12NavEKF2_core12gps_elementsEE4pushERKS1_ @ 0xaff650
QHOVER: _ZNK12NavEKF2_core14MagDeclinationEv @ 0x823510
QHOVER: _ZN12NavEKF2_core15FuseDeclinationEd @ 0x8235f0
QHOVER: _ZN12NavEKF2_core13ForceSymmetryEv @ 0x823fd0
QHOVER: _ZN12NavEKF2_core18ConstrainVariancesEv @ 0x824120
QHOVER: _ZL3MAXIddEDTqugtfp_fp0_fp_fp0_ERKT_RKT0_.20213 @ 0x824650
QHOVER: _ZL3MINIdfEDTqultfp_fp0_fp_fp0_ERKT_RKT0_.20200 @ 0x8246d0
QHOVER: _ZNK10AP_DAL_GPS8get_hdopEv @ 0xaff6c0
QHOVER: _ZN12NavEKF2_core12mag_elementsC2Ev @ 0xaff730
QHOVER: _ZN16EKF_obs_buffer_tIN12NavEKF2_core12mag_elementsEE4pushERKS1_ @ 0xaff790
QHOVER: _ZN12NavEKF2_core17correctDeltaAngleER7Vector3IdEdh @ 0x824920
QHOVER: _ZN12NavEKF2_core20correctDeltaVelocityER7Vector3IdEdh @ 0x824a30
QHOVER: _ZN16EKF_IMU_buffer_tIN12NavEKF2_core12imu_elementsEE18get_youngest_indexEv @ 0xaff800
QHOVER: _ZN16EKF_IMU_buffer_tIN12NavEKF2_core12imu_elementsEE16get_oldest_indexEv @ 0xaff860
QHOVER: _ZN12NavEKF2_core15output_elementsC2Ev @ 0xaff8c0
QHOVER: _ZNK12NavEKF2_core11useAirspeedEv @ 0x824ae0
QHOVER: _ZN12NavEKF2_core14readAirSpdDataEv @ 0x828020
QHOVER: _ZN12NavEKF2_core12FuseAirspeedEv @ 0x8281a0
QHOVER: _ZL3MAXIdfEDTqugtfp_fp0_fp_fp0_ERKT_RKT0_.22305 @ 0x8298f0
QHOVER: _ZNK15AP_DAL_Airspeed3useEv @ 0xaff940
QHOVER: _ZNK15AP_DAL_Airspeed7healthyEv @ 0xaff9b0
QHOVER: _ZNK15AP_DAL_Airspeed14last_update_msEv @ 0xaffa20
QHOVER: _ZNK15AP_DAL_Airspeed12get_airspeedEv @ 0xaffa80
QHOVER: _ZN16EKF_obs_buffer_tIN12NavEKF2_core12tas_elementsEE4pushERKS1_ @ 0xaffae0
QHOVER: _ZN16EKF_obs_buffer_tIN12NavEKF2_core12tas_elementsEE6recallERS1_j @ 0xaffb50
QHOVER: _ZN12NavEKF2_core14readRngBcnDataEv @ 0x82f990
QHOVER: _ZN16EKF_obs_buffer_tIN12NavEKF2_core16ext_nav_elementsEE6recallERS1_j @ 0xaffcc0
QHOVER: _ZN16EKF_obs_buffer_tIN12NavEKF2_core20ext_nav_vel_elementsEE6recallERS1_j @ 0xaffd40
QHOVER: _ZN16EKF_obs_buffer_tIN12NavEKF2_core12gps_elementsEE6recallERS1_j @ 0xaffdc0
QHOVER: _ZN12NavEKF2_core18controlMagYawResetEv @ 0x833c10
QHOVER: _ZN12NavEKF2_core13realignYawGPSEv @ 0x835b70
QHOVER: _ZN12NavEKF2_core21selectHeightForFusionEv @ 0x835df0
QHOVER: _ZN12NavEKF2_core13FuseVelPosNEDEv @ 0x837130
QHOVER: _ZL3MAXIdfEDTqugtfp_fp0_fp_fp0_ERKT_RKT0_.20190 @ 0x838e40
QHOVER: _ZN12NavEKF2_core15readRangeFinderEv @ 0x838ee0
QHOVER: _ZN16EKF_obs_buffer_tIN12NavEKF2_core14range_elementsEE6recallERS1_j @ 0xaffe40
QHOVER: _ZN16EKF_obs_buffer_tIN12NavEKF2_core13baro_elementsEE6recallERS1_j @ 0xaffec0
QHOVER: _ZL3MAXIddEDTqugtfp_fp0_fp_fp0_ERKT_RKT0_.20133 @ 0x8398e0
QHOVER: _ZL3MAXIdfEDTqugtfp_fp0_fp_fp0_ERKT_RKT0_.20138 @ 0x839a90
QHOVER: _ZN16EKF_obs_buffer_tIN12NavEKF2_core12mag_elementsEE6recallERS1_j @ 0xafffb0
QHOVER: _ZN12NavEKF2_core16FuseMagnetometerEv @ 0x83a080
QHOVER: _ZN12NavEKF2_core17MagTableConstrainEv @ 0x83fb70
QHOVER: _ZN12NavEKF2_core15CopyCovariancesEv @ 0x83fca0
QHOVER: _ZN12NavEKF2_core15ConstrainStatesEv @ 0x83fd90
QHOVER: _ZL3MAXIddEDTqugtfp_fp0_fp_fp0_ERKT_RKT0_.20258 @ 0x8401c0
QHOVER: _ZN12NavEKF2_core19learnInactiveBiasesEv @ 0x840240
QHOVER: _ZN12NavEKF2_core17readDeltaVelocityEhR7Vector3IdERd @ 0x840710
QHOVER: _ZN12NavEKF2_core14readDeltaAngleEhR7Vector3IdERd @ 0x840880
QHOVER: _ZN16EKF_IMU_buffer_tIN12NavEKF2_core12imu_elementsEE21push_youngest_elementES1_ @ 0xb00030
QHOVER: _ZN16EKF_IMU_buffer_tIN12NavEKF2_core12imu_elementsEE18get_oldest_elementEv @ 0xb00090
QHOVER: _ZN12NavEKF2_core22updateTimingStatisticsEv @ 0x8409f0
QHOVER: _ZL3MAXIfdEDTqugtfp_fp0_fp_fp0_ERKT_RKT0_.20157 @ 0x840ca0
QHOVER: _ZL3MINIfdEDTqultfp_fp0_fp_fp0_ERKT_RKT0_.20158 @ 0x840d40
QHOVER: _ZN12NavEKF2_core12imu_elementsC2Ev @ 0xb00110
QHOVER: _ZL7radiansi.20161 @ 0x840de0
QHOVER: _ZN12NavEKF2_core12detectFlightEv @ 0x840e40
QHOVER: _ZN12NavEKF2_core27setWindMagStateLearningModeEv @ 0x8412e0
QHOVER: _ZN12NavEKF2_core28checkAttitudeAlignmentStatusEv @ 0x841980
QHOVER: _ZN12NavEKF2_core13setAidingModeEv @ 0x841af0
QHOVER: _ZL3MINIttEDTqultfp_fp0_fp_fp0_ERKT_RKT0_.20103 @ 0x8429d0
QHOVER: _ZNK12NavEKF2_core16effective_magCalEv @ 0x842af0
QHOVER: _ZN16AP_AHRS_External6updateEv @ 0x843550
QHOVER: _ZN16AP_AHRS_External11get_resultsERN15AP_AHRS_Backend9EstimatesE @ 0x8435a0
QHOVER: _ZN7AP_AHRS37copy_estimates_from_backend_estimatesERKN15AP_AHRS_Backend9EstimatesE @ 0x8437f0
QHOVER: _ZN15AP_ExternalAHRS6updateEv @ 0x843ad0
QHOVER: _ZL7degreesf.11297 @ 0x843e00
QHOVER: _ZN11AP_AHRS_SIM6updateEv @ 0xb00d40
QHOVER: _ZN11AP_AHRS_SIM11get_resultsERN15AP_AHRS_Backend9EstimatesE @ 0x843e50
QHOVER: _ZN11AP_AHRS_DCM6updateEv @ 0x844a30
QHOVER: _ZN11AP_AHRS_DCM11get_resultsERN15AP_AHRS_Backend9EstimatesE @ 0x844d50
QHOVER: _ZN11AP_AHRS_DCM13matrix_updateEv @ 0x844e70
QHOVER: _ZN11AP_AHRS_DCM9normalizeEv @ 0x8450c0
QHOVER: _ZN11AP_AHRS_DCM16drift_correctionEf @ 0x8452e0
QHOVER: _ZN11AP_AHRS_DCM12check_matrixEv @ 0x846640
QHOVER: _ZN11AP_AHRS_DCM15backup_attitudeEv @ 0x846740
QHOVER: _ZNK11AP_AHRS_DCM12get_error_rpEv @ 0xb00e00
QHOVER: _ZNK11AP_AHRS_DCM13get_error_yawEv @ 0xb00e50
QHOVER: _ZN7Matrix3IfE6is_nanEv @ 0xb00ea0
QHOVER: _ZN11AP_AHRS_DCM20drift_correction_yawEv @ 0x846c30
QHOVER: _ZNK7Matrix3IfE4colxEv @ 0xb00f40
QHOVER: _ZNK6AP_GPS16last_fix_time_msEv @ 0xb00fb0
QHOVER: _ZL3MAXIfiEDTqugtfp_fp0_fp_fp0_ERKT_RKT0_.2600 @ 0x847150
QHOVER: _ZNK11AP_AHRS_DCM26should_correct_centrifugalEv @ 0x8471f0
QHOVER: _ZN11AP_AHRS_DCM10ra_delayedEhRK7Vector3IfE @ 0x847240
QHOVER: _ZNK17AP_InertialSensor7healthyEv @ 0xb01010
QHOVER: _ZN11AP_AHRS_DCM7_P_gainEf @ 0x847340
QHOVER: _ZNK11AP_AHRS_DCM14use_fast_gainsEv @ 0x847420
QHOVER: _ZL7radiansi.2601 @ 0x8474b0
QHOVER: _ZNK17AP_InertialSensor19get_gyro_drift_rateEv @ 0xb01090
QHOVER: _ZNK17AP_InertialSensor15get_gyro_healthEv @ 0xb010e0
QHOVER: _ZNK17AP_InertialSensor16get_accel_healthEv @ 0xb01140
QHOVER: _ZNK7Compass16last_update_usecEv @ 0xb011a0
QHOVER: _ZN7Compass4readEv @ 0x847510
QHOVER: _ZN11AP_AHRS_DCM17yaw_error_compassER7Compass @ 0x8478e0
QHOVER: _ZNK11AP_AHRS_DCM9_yaw_gainEv @ 0x847a60
QHOVER: _ZNK7Matrix3IfE5mulXYERK7Vector3IfE @ 0xb01200
QHOVER: _ZNK7Vector2IfErmERKS0_ @ 0xb012d0
QHOVER: _ZN7Compass15_detect_runtimeEv @ 0x847c10
QHOVER: _ZN9AP_Logger13Write_CompassEv @ 0x847f40
QHOVER: _ZN19RestrictIDTypeArrayI9AP_ParamTIaL11ap_var_type1EELj3E14typesafe_indexIh12TAG_PriorityEEixERKS5_ @ 0xb01350
QHOVER: _ZN9AP_Logger22Write_Compass_instanceEmh @ 0x847fe0
QHOVER: _ZNK7Compass17get_motor_offsetsEh @ 0xb013d0
QHOVER: _ZN18AP_Compass_Backend25drain_accumulated_samplesEhPK7Vector3IfE @ 0x849f10
QHOVER: _ZN18AP_Compass_Backend22publish_filtered_fieldERK7Vector3IfEh @ 0x84a090
QHOVER: _ZN11AP_AHRS_DCM6renormERK7Vector3IfERS1_ @ 0x84a150
QHOVER: _ZNK17AP_InertialSensor15get_delta_angleER7Vector3IfERf @ 0xb01c50
QHOVER: _ZNK7Vector3IfEeqERKS0_ @ 0xb01ce0
QHOVER: _ZNK14AP_Logger_File17recent_open_errorEv @ 0x84a500
QHOVER: _ZNK14AP_Logger_File15io_thread_aliveEv @ 0x84a590
QHOVER: _ZN14AP_Logger_File16disk_space_availEv @ 0x84a920
QHOVER: _ZL3MINIjjEDTqultfp_fp0_fp_fp0_ERKT_RKT0_.6871 @ 0x84aa00
QHOVER: _ZN13AP_Filesystem17bytes_until_fsyncEi @ 0x84aa80
QHOVER: _ZN13AP_Filesystem9disk_freeEPKc @ 0x84ab00
QHOVER: _ZN2AP4rssiEv @ 0x851d40
QHOVER: _ZNK7AP_RSSI7enabledEv @ 0xb02590
QHOVER: _ZN7AP_RSSI13get_singletonEv @ 0x852570
QHOVER: _ZN13AP_CANManager20check_logging_enableEv @ 0x853530
QHOVER: _ZN7FunctorIvJEE14method_wrapperI13AP_CANManagerXadL_ZNS2_20check_logging_enableEvEEEEvPv @ 0xb02bc0
QHOVER: _ZNK13AP_CANManager15CANIface_Params13option_is_setENS0_7OptionsE @ 0xb02c70
QHOVER: _ZN9AP_Logger13Write_MessageEPKc @ 0x85e120
QHOVER: _ZNK6AP_GPS20last_message_time_msEv @ 0xb0cc70
QHOVER: _ZNK22AP_BattMonitor_Backend13option_is_setEN21AP_BattMonitor_Params7OptionsE @ 0xb14c60
QHOVER: _ZN22AP_BattMonitor_Backend15update_consumedERN14AP_BattMonitor17BattMonitor_StateEj @ 0x875960
QHOVER: _ZN22AP_BattMonitor_Backend13calculate_mahEff @ 0xb14cf0
QHOVER: _ZN18AP_Compass_Backend17accumulate_sampleER7Vector3IfEhj @ 0x877c70
QHOVER: _ZN18AP_Compass_Backend12rotate_fieldER7Vector3IfEh @ 0x877df0
QHOVER: _ZN18AP_Compass_Backend17publish_raw_fieldERK7Vector3IfEh @ 0x877ee0
QHOVER: _ZN18AP_Compass_Backend13correct_fieldER7Vector3IfEh @ 0x877ff0
QHOVER: _ZN18AP_Compass_Backend8field_okERK7Vector3IfE @ 0x8783f0
QHOVER: _ZNK7Compass16get_filter_rangeEv @ 0xb17010
QHOVER: _ZNK16Compass_PerMotor7enabledEv @ 0xb17070
QHOVER: _ZN7Compass13_get_priorityE14typesafe_indexIh14TAG_StateIndexE @ 0xb170e0
QHOVER: _ZN14AP_GPS_Backend15set_alt_amsl_cmERN6AP_GPS9GPS_StateEi @ 0x87cac0
QHOVER: _ZN16JitterCorrection31correct_offboard_timestamp_usecEmm @ 0x87ccd0
QHOVER: _ZNK14AP_GPS_Backend10option_setEN6AP_GPS13DriverOptionsE @ 0xb1a270
QHOVER: _ZNK6AP_GPS10option_setENS_13DriverOptionsE @ 0xb1a2e0
QHOVER: _ZN6AP_RTC12set_utc_usecEmNS_11source_typeE @ 0x87d740
QHOVER: _ZN10RC_Channel9set_rangeEt @ 0x87faf0
QHOVER: _ZNK11GCS_MAVLINK14option_enabledENS_6OptionE @ 0xb1c770
QHOVER: _ZNK16AP_SerialManager9UARTState12get_protocolEv @ 0xb1c7f0
QHOVER: _ZN2AP8PerfInfo13set_loop_rateEt @ 0x88fde0
QHOVER: _ZN2AP8PerfInfo5resetEv @ 0x88fea0
QHOVER: _ZN3GCS10send_textvE12MAV_SEVERITYPKcP13__va_list_tagh @ 0x8904d0
QHOVER: _ZNK3GCS43min_loop_time_remaining_for_message_send_usEv @ 0xb1ce30
QHOVER: _ZNK3GCS19vehicle_initialisedEv @ 0xb1ce80
QHOVER: _ZL3MINImmEDTqultfp_fp0_fp_fp0_ERKT_RKT0_.7320 @ 0x8909e0
QHOVER: _ZN11ObjectArrayIN3GCS12statustext_tEE10push_forceERKS1_ @ 0xb1d010
QHOVER: _ZN2AP11frsky_telemEv @ 0x890a60
QHOVER: _ZN2AP14spektrum_telemEv @ 0x890aa0
QHOVER: _ZN9AP_Notify9send_textEPKc @ 0x890ae0
QHOVER: _ZN17AP_Spektrum_Telem13get_singletonEv @ 0xb1d150
QHOVER: _ZN14AP_Frsky_Telem13get_singletonEv @ 0xb1d190
QHOVER: _ZNK11ObjectArrayIN3GCS12statustext_tEE5spaceEv @ 0xb1d1d0
QHOVER: _ZN11ObjectArrayIN3GCS12statustext_tEE4pushERKS1_ @ 0xb1d230
QHOVER: _ZN5Plane8set_modeEh10ModeReason @ 0x890b80
QHOVER: _ZNK5Plane29current_mode_requires_missionEv @ 0xb1d500
QHOVER: _ZNK5Plane17get_wp_distance_mERf @ 0x891920
QHOVER: _ZN5Plane20set_control_channelsEv @ 0x893010
QHOVER: _ZN5Plane18fence_checks_asyncEv @ 0x893300
QHOVER: _ZN6AP_HAL15timeout_expiredIjjjEEbT_T0_T1_ @ 0xb1d620
QHOVER: _ZN8AC_Fence5checkEb @ 0x8934e0
QHOVER: _ZN8AC_Fence19clear_margin_breachEh @ 0x8938f0
QHOVER: _ZN10RC_Channel9set_angleEt @ 0x894630
QHOVER: _ZNK5Plane19have_reverse_thrustEv @ 0x8946a0
QHOVER: _ZN12SRV_Channels19set_esc_scaling_forEN11SRV_Channel8FunctionE @ 0x894710
QHOVER: _ZN6AP_HAL8RCOutput15set_esc_scalingEtt @ 0xb1d770
QHOVER: _ZN8AP_Param15save_io_handlerEv @ 0x895350
QHOVER: _ZN7FunctorIvJEE14method_wrapperI8AP_ParamXadL_ZNS2_15save_io_handlerEvEEEEvPv @ 0xb1d920
QHOVER: _ZN15ObjectBuffer_TSIN8AP_Param10param_saveEE3popERS1_ @ 0xb1d9d0
QHOVER: _ZN5Plane3gcsEv @ 0xb1db70
QHOVER: _ZL21failsafe_check_staticv @ 0x899cd0
QHOVER: _ZN9QuadPlane5setupEv @ 0x899d10
QHOVER: _ZN5Plane8set_modeER4Mode10ModeReason @ 0x89aa50
QHOVER: _ZN3GCS16sysid_mygcs_seenEj @ 0xb1dda0
QHOVER: _ZN5Plane18set_mode_by_numberEN4Mode6NumberE10ModeReason @ 0x89b270
QHOVER: _ZN10RC_Channel16read_mode_switchEv @ 0x8a2630
QHOVER: _ZN10RC_Channel16read_6pos_switchERa @ 0x8a26b0
QHOVER: _ZN10RC_Channel18debounce_completedEa @ 0x8a2810
QHOVER: _ZN5Plane18mode_from_mode_numEN4Mode6NumberE @ 0x8a2900
QHOVER: _ZN12SRV_Channels17enable_aux_servosEv @ 0x8a2c00
QHOVER: _ZN5Plane13servos_outputEv @ 0x8a2e40
QHOVER: _ZN5Plane22servos_twin_engine_mixEv @ 0x8a30f0
QHOVER: _ZNK5Plane22channel_function_mixerEN11SRV_Channel8FunctionES1_S1_S1_ @ 0x8a33b0
QHOVER: _ZN10Tailsitter6outputEv @ 0x8a35c0
QHOVER: _ZN9Tiltrotor15bicopter_outputEv @ 0x8a4a30
QHOVER: _ZN5Plane11force_flareEv @ 0x8a4cf0
QHOVER: _ZN5Plane15dspoiler_updateEv @ 0x8a4f60
QHOVER: _ZN5Plane38landing_neutral_control_surface_servosEv @ 0x8a54d0
QHOVER: _ZN12SRV_Channels8calc_pwmEv @ 0x8a5840
QHOVER: _ZN12SRV_Channels13output_ch_allEv @ 0x8a5a60
QHOVER: _ZNK12SRV_Channels17auto_trim_enabledEv @ 0xb204b0
QHOVER: _ZNK16AP_FW_Controller12get_pid_infoEv @ 0xb20520
QHOVER: _ZNK10AP_Landing23get_then_servos_neutralEv @ 0xb20570
QHOVER: _ZN12SRV_Channels30get_slew_limited_output_scaledEN11SRV_Channel8FunctionE @ 0x8a6550
QHOVER: _ZNK9QuadPlane18in_frwd_transitionEv @ 0x8a6660
QHOVER: _ZN19AP_AdvancedFailsafe20should_crash_vehicleEv @ 0x8a7080
QHOVER: _ZN5Plane24relative_ground_altitudeE14RangeFinderUse @ 0x8a7950
QHOVER: _ZN5Plane24relative_ground_altitudeE14RangeFinderUseb @ 0x8a79c0
QHOVER: _ZN5Plane17get_external_HAGLERf @ 0x8a7bd0
QHOVER: _ZNK5Plane15rangefinder_useE14RangeFinderUse @ 0x8a7ca0
QHOVER: _ZNK5Plane23rangefinder_orientationEv @ 0xb20960
QHOVER: _ZN5Plane20adjusted_altitude_cmEv @ 0x8a7ec0
QHOVER: _ZN5Plane18mission_alt_offsetEv @ 0x8a7f40
QHOVER: _ZN5Plane10should_logEj @ 0x8aaec0
QHOVER: _ZNK7AP_EnumI11StickMixingEcvKS0_Ev @ 0xb21c20
QHOVER: _ZN10Tailsitter6activeEv @ 0x8acaf0
QHOVER: _ZNK5Plane16get_speed_scalerEv @ 0xb21d90
QHOVER: _ZN16AP_FW_Controller7reset_IEv @ 0x8ad030
QHOVER: _ZN16AP_YawController7reset_IEv @ 0x8ad090
QHOVER: _ZL7degreesf.12 @ 0x8adb20
QHOVER: _ZN6AC_PID7reset_IEv @ 0x8add20
QHOVER: _ZN7AP_AHRS15set_fly_forwardEb @ 0xb220b0
QHOVER: _ZN7AP_Baro6updateEv @ 0x8afc80
QHOVER: _ZNK7AP_Baro7healthyEv @ 0xb22230
QHOVER: _ZN15AP_Baro_Backend14backend_updateEh @ 0x8b03a0
QHOVER: _ZN7AP_Baro24wind_pressure_correctionEh @ 0x8b0420
QHOVER: _ZNK7AP_Baro15get_last_updateEv @ 0xb22290
QHOVER: _ZN16DerivativeFilterIfLh7EE6updateEfj @ 0xb222f0
QHOVER: _ZN7AP_Baro22update_field_elevationEv @ 0x8b0760
QHOVER: _ZNK7AP_Baro10should_logEv @ 0x8b09e0
QHOVER: _ZN7AP_Baro10Write_BaroEv @ 0x8b0a90
QHOVER: _ZN7AP_Baro19Write_Baro_instanceEmh @ 0x8b0b20
QHOVER: _ZNK7AP_Baro21get_baro_drift_offsetEv @ 0xb223d0
QHOVER: _ZNK7AP_Baro22get_ground_temperatureEv @ 0x8b0d40
QHOVER: _ZNK7AP_Baro22get_corrected_pressureEh @ 0xb22420
QHOVER: _ZN16FilterWithBufferIfLh7EE5applyEf @ 0xb22500
QHOVER: _ZN17AP_InertialSensor12_gyro_offsetEh @ 0xb23a60
QHOVER: _ZN17AP_InertialSensor12caltemp_gyroEh @ 0xb23ad0
QHOVER: _ZN22AP_InertialSensor_SITL6updateEv @ 0x8b2f30
QHOVER: _ZN25AP_InertialSensor_Backend10accumulateEv @ 0xb23bf0
QHOVER: _ZN25AP_InertialSensor_Backend11set_primaryEb @ 0xb23dc0
QHOVER: _ZNK25AP_InertialSensor_Backend21_gyro_raw_sample_rateEh @ 0xb23e10
QHOVER: _ZN22AP_InertialSensor_SITL12timer_updateEv @ 0x8b36b0
QHOVER: _ZN7FunctorIvJEE14method_wrapperI22AP_InertialSensor_SITLXadL_ZNS2_12timer_updateEvEEEEvPv @ 0xb23ee0
QHOVER: _ZN22AP_InertialSensor_SITL14generate_accelEv @ 0x8b3b80
QHOVER: _ZN22AP_InertialSensor_SITL13generate_gyroEv @ 0x8b4b60
QHOVER: _ZNK25AP_InertialSensor_Backend20enable_fast_samplingEh @ 0xb23f90
QHOVER: _ZNK22AP_InertialSensor_SITL10gyro_driftEv @ 0x8b55c0
QHOVER: _ZL7radiansd.19672 @ 0x8b57c0
QHOVER: _ZL7radiansf.19673 @ 0x8b5810
QHOVER: _ZN22AP_InertialSensor_SITL15get_temperatureEv @ 0x8b58f0
QHOVER: _ZNK22AP_InertialSensor_TCal15sitl_apply_gyroEfR7Vector3IfE @ 0x8b5a90
QHOVER: _ZN25AP_InertialSensor_Backend35_notify_new_gyro_sensor_rate_sampleEhRK7Vector3IfE @ 0x8b5b70
QHOVER: _ZN25AP_InertialSensor_Backend24_rotate_and_correct_gyroEhR7Vector3IfE @ 0x8b5d70
QHOVER: _ZN25AP_InertialSensor_Backend27_notify_new_gyro_raw_sampleEhRK7Vector3IfEm @ 0x8b5f00
QHOVER: _ZNK25AP_InertialSensor_Backend15has_been_killedEh @ 0xb24020
QHOVER: _ZNK25AP_InertialSensor_Backend19_update_sensor_rateERtRjRf @ 0x8b65a0
QHOVER: _ZN25AP_InertialSensor_Backend18apply_gyro_filtersEhRK7Vector3IfE @ 0x8b6770
QHOVER: _ZN25AP_InertialSensor_Backend12log_gyro_rawEhmRK7Vector3IfES3_ @ 0x8b6b30
QHOVER: _ZN25AP_InertialSensor_Backend14update_primaryEv @ 0x8b6dc0
QHOVER: _ZNK17AP_InertialSensor22raw_logging_option_setENS_18RAW_LOGGING_OPTIONE @ 0xb240a0
QHOVER: _ZNK25AP_InertialSensor_Backend18should_log_imu_rawEv @ 0x8b6ea0
QHOVER: _ZNK17AP_InertialSensor12BatchSampler25doing_sensor_rate_loggingEv @ 0xb24120
QHOVER: _ZNK17AP_InertialSensor12BatchSampler25doing_post_filter_loggingEv @ 0xb24180
QHOVER: _ZN17AP_InertialSensor12BatchSampler6sampleEhNS_15IMU_SENSOR_TYPEEmRK7Vector3IfE @ 0x8b70b0
QHOVER: _ZN17AP_InertialSensor12BatchSampler10should_logEhNS_15IMU_SENSOR_TYPEE @ 0x8b7200
QHOVER: _ZN25AP_InertialSensor_Backend16save_gyro_windowEhRK7Vector3IfEh @ 0x8b7340
QHOVER: _ZN15LowPassFilter2pI7Vector3IfEE5applyERKS1_ @ 0xb24460
QHOVER: _ZN19DigitalBiquadFilterI7Vector3IfEE5applyERKS1_RKNS2_13biquad_paramsE @ 0xb245b0
QHOVER: _ZNK25AP_InertialSensor_Backend18sensors_convergingEv @ 0x8b7600
QHOVER: _ZNK22AP_InertialSensor_TCal12correct_gyroEffR7Vector3IfE @ 0x8b7730
QHOVER: _ZNK22AP_InertialSensor_TCal14correct_sensorEffPK9AP_ParamVI7Vector3IfEL11ap_var_type5EERS2_ @ 0x8b77d0
QHOVER: _ZNK22AP_InertialSensor_TCal15polynomial_evalEfPK9AP_ParamVI7Vector3IfEL11ap_var_type5EE @ 0x8b79e0
QHOVER: _ZNK22AP_InertialSensor_TCal16sitl_apply_accelEfR7Vector3IfE @ 0x8ba990
QHOVER: _ZN25AP_InertialSensor_Backend36_notify_new_accel_sensor_rate_sampleEhRK7Vector3IfE @ 0x8baa70
QHOVER: _ZN25AP_InertialSensor_Backend25_rotate_and_correct_accelEhR7Vector3IfE @ 0x8bac70
QHOVER: _ZN25AP_InertialSensor_Backend28_notify_new_accel_raw_sampleEhRK7Vector3IfEmb @ 0x8bae90
QHOVER: _ZN25AP_InertialSensor_Backend20_publish_temperatureEhf @ 0x8bb440
QHOVER: _ZN17AP_InertialSensor27calc_vibration_and_clippingEhRK7Vector3IfEf @ 0x8bb4e0
QHOVER: _ZN17AP_InertialSensor19set_accel_peak_holdEhRK7Vector3IfE @ 0x8bb760
QHOVER: _ZN25AP_InertialSensor_Backend13log_accel_rawEhmRK7Vector3IfE @ 0x8bb840
QHOVER: _ZNK25AP_InertialSensor_Backend14get_clip_limitEv @ 0xb255d0
QHOVER: _ZN13LowPassFilterI7Vector3IfEE5applyERKS1_RKf @ 0xb25620
QHOVER: _ZN10DigitalLPFI7Vector3IfEE6_applyERKS1_RKf @ 0xb256e0
QHOVER: _ZNK22AP_InertialSensor_TCal13correct_accelEffR7Vector3IfE @ 0x8bbc20
QHOVER: _ZN25AP_InertialSensor_Backend12update_accelEh @ 0x8bc0a0
QHOVER: _ZN25AP_InertialSensor_Backend11update_gyroEh @ 0x8bc1c0
QHOVER: _ZN25AP_InertialSensor_Backend13_publish_gyroEhRK7Vector3IfE @ 0x8bc320
QHOVER: _ZN25AP_InertialSensor_Backend19update_gyro_filtersEh @ 0x8bc490
QHOVER: _ZNK25AP_InertialSensor_Backend19_gyro_filter_cutoffEv @ 0xb259b0
QHOVER: _ZN25AP_InertialSensor_Backend14_publish_accelEhRK7Vector3IfE @ 0x8bc8d0
QHOVER: _ZN25AP_InertialSensor_Backend20update_accel_filtersEh @ 0x8bcb00
QHOVER: _ZNK25AP_InertialSensor_Backend20_accel_filter_cutoffEv @ 0xb25c90
QHOVER: _ZN5Plane16control_failsafeEv @ 0x8bf840
QHOVER: _ZN5Plane19update_flight_stageEv @ 0x8bfcd0
QHOVER: _ZNK5Plane18get_throttle_inputEb @ 0x8c0830
QHOVER: _ZNK7AP_AHRS21using_airspeed_sensorEv @ 0x8c0990
QHOVER: _ZNK10RC_Channel22get_control_in_zero_dzEv @ 0x8c0b40
QHOVER: _ZNK10RC_Channel15pwm_to_range_dzEt @ 0x8c0bc0
QHOVER: _ZNK10RC_Channel15pwm_to_angle_dzEt @ 0x8c0d60
QHOVER: _ZNK10RC_Channel20pwm_to_angle_dz_trimEtt @ 0x8c0df0
QHOVER: _ZN5Plane16set_flight_stageEN12AP_FixedWing11FlightStageE @ 0x8c1040
QHOVER: _ZN5Plane16Log_Write_StatusEv @ 0x8c19b0
QHOVER: _ZN17AP_InertialSensor8is_stillEv @ 0x8c1ac0
QHOVER: _ZNK5Plane18rc_failsafe_activeEv @ 0x8c1bd0
QHOVER: _ZNK5Plane20rc_throttle_value_okEv @ 0x8c1c70
QHOVER: _ZN5Plane22calc_altitude_error_cmEv @ 0x8ca720
QHOVER: _Z10expo_curveff @ 0x8cca00
QHOVER: _ZN6AC_PID21set_notch_sample_rateEf @ 0x8ded20
QHOVER: _ZN5Plane14failsafe_checkEv @ 0x8ea080
QHOVER: _ZN11RC_Channels10read_inputEv @ 0x8ea3a0
QHOVER: _ZNK5Plane12roll_in_expoEb @ 0x8ea620
QHOVER: _ZNK5Plane13pitch_in_expoEb @ 0x8ea6b0
QHOVER: _ZNK5Plane14rudder_in_expoEb @ 0x8ea740
QHOVER: _ZN5Plane15flaperon_updateEv @ 0x8eaba0
QHOVER: _ZN11GCS_MAVLINK21send_servo_output_rawEv @ 0x8eac90
QHOVER: _ZL33mavlink_msg_servo_output_raw_send17mavlink_channel_tjhtttttttttttttttt @ 0x8eb0b0
QHOVER: _ZN12SRV_Channels13set_slew_rateEN11SRV_Channel8FunctionEftf @ 0x8eb380
QHOVER: _ZL12channel_expoP10RC_Channelab @ 0x8ecb20
QHOVER: _ZN10RC_Channel6updateEv @ 0x8ecc30
QHOVER: _ZN11RC_Channels23rudder_arm_disarm_checkEv @ 0x8ecda0
QHOVER: _ZNK10RC_Channel12pwm_to_rangeEv @ 0x8ecfa0
QHOVER: _ZNK10RC_Channel12pwm_to_angleEv @ 0x8ed010
QHOVER: _ZNK7AP_AHRS18get_yaw_rate_earthEv @ 0xb30ba0
QHOVER: _ZNK12NavEKF3_core9getMagXYZER7Vector3IfE @ 0x917a40
QHOVER: _ZNK12NavEKF2_core9getMagXYZER7Vector3IfE @ 0x917af0
QHOVER: _ZNK12NavEKF3_core9getMagNEDER7Vector3IfE @ 0x917cc0
QHOVER: _ZNK12NavEKF2_core9getMagNEDER7Vector3IfE @ 0x917d70
QHOVER: _ZNK7AP_AHRS9cos_pitchEv @ 0xb30da0
QHOVER: _ZNK7AP_AHRS8cos_rollEv @ 0xb30e40
QHOVER: _ZNK14AP_GPS_Backend32supports_mavlink_gps_rtk_messageEv @ 0xb31110
QHOVER: _ZNK14AP_GPS_Blended7get_lagERf @ 0x91a030
QHOVER: _ZN15AP_Compass_SITL6_timerEv @ 0x91bc20
QHOVER: _ZN7FunctorIvJEE14method_wrapperI15AP_Compass_SITLXadL_ZNS2_6_timerEvEEEEvPv @ 0xb319a0
QHOVER: _Z10rand_vec3fv @ 0x91c150
QHOVER: _ZN7VectorNIN15AP_Compass_SITL16readings_compassELh50EEixEh @ 0xb31a50
QHOVER: _ZN15AP_Compass_SITL26_setup_eliptical_correcionEh @ 0x91c1d0
QHOVER: _ZNK18AP_Compass_Backend21get_board_orientationEv @ 0x91c400
QHOVER: _ZN15AP_Compass_SITL4readEv @ 0x91c450
QHOVER: _ZNK22AP_BattMonitor_Backend17has_cell_voltagesEv @ 0xb33030
QHOVER: _ZNK22AP_BattMonitor_Backend15has_temperatureEv @ 0xb33080
QHOVER: _ZNK22AP_BattMonitor_Backend15get_temperatureERf @ 0x91fd40
QHOVER: _ZNK22AP_BattMonitor_Backend22capacity_remaining_pctERh @ 0x91fe00
QHOVER: _ZN22AP_BattMonitor_Backend26update_resistance_estimateEv @ 0x91ff80
QHOVER: _ZN22AP_BattMonitor_Backend16update_failsafesEv @ 0x9202d0
QHOVER: _ZNK22AP_BattMonitor_Backend25get_mavlink_fault_bitmaskEv @ 0xb33130
QHOVER: _ZL3MINIifEDTqultfp_fp0_fp_fp0_ERKT_RKT0_.19314 @ 0x9205f0
QHOVER: _ZL3MINIffEDTqultfp_fp0_fp_fp0_ERKT_RKT0_.19315 @ 0x920690
QHOVER: _ZN21AP_BattMonitor_Analog4readEv @ 0x922290
QHOVER: _ZNK21AP_BattMonitor_Analog19has_consumed_energyEv @ 0xb33e20
QHOVER: _ZNK21AP_BattMonitor_Analog11has_currentEv @ 0x922490
QHOVER: _ZN15AP_Baro_Backend17_copy_to_frontendEhff @ 0x93c0a0
QHOVER: _ZN12AP_Baro_SITL6_timerEv @ 0x93d330
QHOVER: _ZN7FunctorIvJEE14method_wrapperI12AP_Baro_SITLXadL_ZNS2_6_timerEvEEEEvPv @ 0xb3c960
QHOVER: _ZN7VectorNIN12AP_Baro_SITL13readings_baroELh50EEixEh @ 0xb3ca10
QHOVER: _ZN12AP_Baro_SITL22temperature_adjustmentERfS0_ @ 0x93d720
QHOVER: _ZN12AP_Baro_SITL24wind_pressure_correctionEh @ 0x93d910
QHOVER: _ZL2sqf.2785 @ 0x93db20
QHOVER: _ZN7AP_Baro22_get_air_density_ratioEv @ 0x93db70
QHOVER: _ZL2sqf.2764 @ 0x93dc10
QHOVER: _ZN12AP_Baro_SITL6updateEv @ 0x93dd00
QHOVER: _ZN12AP_Baro_SITL19update_healthy_flagEh @ 0xb3cb20
QHOVER: _ZN12AP_Baro_SITL7healthyEh @ 0x93ddb0
QHOVER: _ZN6RGBLed6updateEv @ 0x943cf0
QHOVER: _ZN6RGBLed8_set_rgbEhhh @ 0x944120
QHOVER: _ZNK6RGBLed10rgb_sourceEv @ 0x944230
QHOVER: _ZNK6RGBLed19get_colour_sequenceEv @ 0x944490
QHOVER: _ZNK6RGBLed14get_brightnessEv @ 0x944880
QHOVER: _ZN6RGBLed7set_rgbEhhh @ 0x944980
QHOVER: _ZN10IS31FL31956_timerEv @ 0x944a40
QHOVER: _ZN7FunctorIvJEE14method_wrapperI10IS31FL3195XadL_ZNS2_6_timerEvEEEEvPv @ 0xb3dc90
QHOVER: _ZN6LP55626_timerEv @ 0x944fd0
QHOVER: _ZN7FunctorIvJEE14method_wrapperI6LP5562XadL_ZNS2_6_timerEvEEEEvPv @ 0xb3e000
QHOVER: _ZN14ToshibaLED_I2C6_timerEv @ 0x946e00
QHOVER: _ZN7FunctorIvJEE14method_wrapperI14ToshibaLED_I2CXadL_ZNS2_6_timerEvEEEEvPv @ 0xb3ed10
QHOVER: _ZNK9QuadPlane14show_vtol_viewEv @ 0x9479d0
QHOVER: _ZN5Plane20nav_scripting_activeEv @ 0x947d70
QHOVER: _Z11wrap_180_cdIiET_S0_ @ 0xb3f0a0
QHOVER: _ZNK8Location20line_path_proportionERKS_S1_ @ 0x9487d0
QHOVER: _ZN7AP_TECS19set_path_proportionEf @ 0xb3f110
QHOVER: _ZL2sqf.3123 @ 0x948c70
QHOVER: _ZN9QuadPlane9is_flyingEv @ 0x9490d0
QHOVER: _ZN7FunctorIvJEE14method_wrapperI5PlaneXadL_ZNS2_11ahrs_updateEvEEEEvPv @ 0xb3f190
QHOVER: _ZN7FunctorIvJEE14method_wrapperI5PlaneXadL_ZNS2_19update_control_modeEvEEEEvPv @ 0xb3f240
QHOVER: _ZN7FunctorIvJEE14method_wrapperI5PlaneXadL_ZNS2_9stabilizeEvEEEEvPv @ 0xb3f2f0
QHOVER: _ZN7FunctorIvJEE14method_wrapperI5PlaneXadL_ZNS2_10set_servosEvEEEEvPv @ 0xb3f3a0
QHOVER: _ZN7FunctorIvJEE14method_wrapperI5PlaneXadL_ZNS2_10read_radioEvEEEEvPv @ 0xb3f450
QHOVER: _ZN7FunctorIvJEE14method_wrapperI5PlaneXadL_ZNS2_20check_short_failsafeEvEEEEvPv @ 0xb3f500
QHOVER: _ZN7FunctorIvJEE14method_wrapperI5PlaneXadL_ZNS2_19update_speed_heightEvEEEEvPv @ 0xb3f5b0
QHOVER: _ZN7FunctorIvJEE14method_wrapperI5PlaneXadL_ZNS2_21update_throttle_hoverEvEEEEvPv @ 0xb3f660
QHOVER: _ZN7FunctorIvJEE14method_wrapperI11RC_ChannelsXadL_ZNS2_16read_mode_switchEvEEEEvPv @ 0xb3f710
QHOVER: _ZN7FunctorIvJEE14method_wrapperI5PlaneXadL_ZNS2_15update_GPS_50HzEvEEEEvPv @ 0xb3f7b0
QHOVER: _ZN7FunctorIvJEE14method_wrapperI5PlaneXadL_ZNS2_15update_GPS_10HzEvEEEEvPv @ 0xb3f860
QHOVER: _ZN7FunctorIvJEE14method_wrapperI5PlaneXadL_ZNS2_8navigateEvEEEEvPv @ 0xb3f910
QHOVER: _ZN7FunctorIvJEE14method_wrapperI5PlaneXadL_ZNS2_14update_compassEvEEEEvPv @ 0xb3f9c0
QHOVER: _ZN7FunctorIvJEE14method_wrapperI5PlaneXadL_ZNS2_20calc_airspeed_errorsEvEEEEvPv @ 0xb3fa70
QHOVER: _ZN7FunctorIvJEE14method_wrapperI5PlaneXadL_ZNS2_10update_altEvEEEEvPv @ 0xb3fb20
QHOVER: _ZN7FunctorIvJEE14method_wrapperI5PlaneXadL_ZNS2_22adjust_altitude_targetEvEEEEvPv @ 0xb3fbd0
QHOVER: _ZN7FunctorIvJEE14method_wrapperI5PlaneXadL_ZNS2_12afs_fs_checkEvEEEEvPv @ 0xb3fc80
QHOVER: _ZN7FunctorIvJEE14method_wrapperI5PlaneXadL_ZNS2_9ekf_checkEvEEEEvPv @ 0xb3fd30
QHOVER: _ZN7FunctorIvJEE14method_wrapperI3GCSXadL_ZNS2_14update_receiveEvEEEEvPv @ 0xb3fde0
QHOVER: _ZN7FunctorIvJEE14method_wrapperI3GCSXadL_ZNS2_11update_sendEvEEEEvPv @ 0xb3fe90
QHOVER: _ZN7FunctorIvJEE14method_wrapperI19AP_ServoRelayEventsXadL_ZNS2_13update_eventsEvEEEEvPv @ 0xb3ff40
QHOVER: _ZN7FunctorIvJEE14method_wrapperI14AP_BattMonitorXadL_ZNS2_4readEvEEEEvPv @ 0xb3fff0
QHOVER: _ZN7FunctorIvJEE14method_wrapperI5PlaneXadL_ZNS2_16read_rangefinderEvEEEEvPv @ 0xb400a0
QHOVER: _ZN7FunctorIvJEE14method_wrapperI11AP_ICEngineXadL_ZNS2_6updateEvEEEEvPv @ 0xb40150
QHOVER: _ZN7FunctorIvJEE14method_wrapperI14AP_OpticalFlowXadL_ZNS2_6updateEvEEEEvPv @ 0xb40200
QHOVER: _ZN7FunctorIvJEE14method_wrapperI5PlaneXadL_ZNS2_15one_second_loopEvEEEEvPv @ 0xb402b0
QHOVER: _ZN7FunctorIvJEE14method_wrapperI5PlaneXadL_ZNS2_13three_hz_loopEvEEEEvPv @ 0xb40360
QHOVER: _ZN7FunctorIvJEE14method_wrapperI5PlaneXadL_ZNS2_19check_long_failsafeEvEEEEvPv @ 0xb40410
QHOVER: _ZN7FunctorIvJEE14method_wrapperI5PlaneXadL_ZNS2_21airspeed_ratio_updateEvEEEEvPv @ 0xb404c0
QHOVER: _ZN7FunctorIvJEE14method_wrapperI8AP_MountXadL_ZNS2_6updateEvEEEEvPv @ 0xb40570
QHOVER: _ZN7FunctorIvJEE14method_wrapperI9AP_CameraXadL_ZNS2_6updateEvEEEEvPv @ 0xb40620
QHOVER: _ZN7FunctorIvJEE14method_wrapperI12AP_SchedulerXadL_ZNS2_14update_loggingEvEEEEvPv @ 0xb406d0
QHOVER: _ZN7FunctorIvJEE14method_wrapperI5PlaneXadL_ZNS2_18Log_Write_FullRateEvEEEEvPv @ 0xb40780
QHOVER: _ZN7FunctorIvJEE14method_wrapperI5PlaneXadL_ZNS2_16update_logging10EvEEEEvPv @ 0xb40830
QHOVER: _ZN7FunctorIvJEE14method_wrapperI5PlaneXadL_ZNS2_16update_logging25EvEEEEvPv @ 0xb408e0
QHOVER: _ZN7FunctorIvJEE14method_wrapperI5PlaneXadL_ZNS2_14update_soaringEvEEEEvPv @ 0xb40990
QHOVER: _ZN7FunctorIvJEE14method_wrapperI5PlaneXadL_ZNS2_15parachute_checkEvEEEEvPv @ 0xb40a40
QHOVER: _ZN7FunctorIvJEE14method_wrapperI10AP_TerrainXadL_ZNS2_6updateEvEEEEvPv @ 0xb40af0
QHOVER: _ZN7FunctorIvJEE14method_wrapperI5PlaneXadL_ZNS2_20update_is_flying_5HzEvEEEEvPv @ 0xb40ba0
QHOVER: _ZN7FunctorIvJEE14method_wrapperI9AP_LoggerXadL_ZNS2_14periodic_tasksEvEEEEvPv @ 0xb40c50
QHOVER: _ZN7FunctorIvJEE14method_wrapperI17AP_InertialSensorXadL_ZNS2_8periodicEvEEEEvPv @ 0xb40d00
QHOVER: _ZN7FunctorIvJEE14method_wrapperI5PlaneXadL_ZNS2_21avoidance_adsb_updateEvEEEEvPv @ 0xb40db0
QHOVER: _ZN7FunctorIvJEE14method_wrapperI11RC_ChannelsXadL_ZNS2_12read_aux_allEvEEEEvPv @ 0xb40e60
QHOVER: _ZN7FunctorIvJEE14method_wrapperI9AP_ButtonXadL_ZNS2_6updateEvEEEEvPv @ 0xb40f10
QHOVER: _ZN7FunctorIvJEE14method_wrapperI5PlaneXadL_ZNS2_19landing_gear_updateEvEEEEvPv @ 0xb40fc0
QHOVER: _ZN7FunctorIvJEE14method_wrapperI5PlaneXadL_ZNS2_15precland_updateEvEEEEvPv @ 0xb41070
QHOVER: _ZN7FunctorIvJEE14method_wrapperI5PlaneXadL_ZNS2_16update_quicktuneEvEEEEvPv @ 0xb41120
QHOVER: _ZN5Plane16update_quicktuneEv @ 0x949920
QHOVER: _ZN12AP_Quicktune6updateEb @ 0x9499a0
QHOVER: _ZN5Plane15precland_updateEv @ 0x94bce0
QHOVER: _ZN11AC_PrecLand6updateEfb @ 0x94bd70
QHOVER: _ZNK7AP_AHRS37get_relative_position_NE_origin_floatER7Vector2IfE @ 0x94cea0
QHOVER: _ZNK7AP_AHRS31get_relative_position_NE_originER7Vector2IdE @ 0x94cf50
QHOVER: _ZN5Plane19landing_gear_updateEv @ 0x94e6f0
QHOVER: _ZN14AP_LandingGear6updateEf @ 0x94e770
QHOVER: _ZN9AP_Button6updateEv @ 0x94ebe0
QHOVER: _ZN11RC_Channels12read_aux_allEv @ 0x94f860
QHOVER: _ZN10RC_Channel8read_auxEv @ 0x94f950
QHOVER: _ZN9AP_Logger10Write_RCINEv @ 0x94fb50
QHOVER: _ZN11RC_Channels12get_radio_inEPth @ 0x94fd40
QHOVER: _ZNK11RC_Channels17get_override_maskEv @ 0x94fe30
QHOVER: _ZL3MINIhiEDTqultfp_fp0_fp_fp0_ERKT_RKT0_.7413 @ 0x94fef0
QHOVER: _ZN5Plane21avoidance_adsb_updateEv @ 0x950300
QHOVER: _ZN7AP_ADSB6updateEv @ 0x950370
QHOVER: _ZN12AP_Avoidance6updateEv @ 0x950550
QHOVER: _ZN12AP_Avoidance13check_startupEv @ 0x950610
QHOVER: _ZN7AP_ADSB3LocC2Ev @ 0xb41db0
QHOVER: _ZNK7AP_AHRS19get_vert_pos_rate_DERf @ 0x951e50
QHOVER: _ZN7AP_ADSB6updateERKNS_3LocE @ 0x951f80
QHOVER: _ZNK7NavEKF320getPosDownDerivativeEv @ 0x952640
QHOVER: _ZNK12NavEKF3_core20getPosDownDerivativeEv @ 0x952890
QHOVER: _ZNK12NavEKF2_core20getPosDownDerivativeEv @ 0x9528f0
QHOVER: _ZN17AP_InertialSensor8periodicEv @ 0x952950
QHOVER: _ZN17AP_InertialSensor12BatchSampler8periodicEv @ 0x9529b0
QHOVER: _ZN9AP_Logger14periodic_tasksEv @ 0x952fd0
QHOVER: _ZN5Plane20update_is_flying_5HzEv @ 0x953070
QHOVER: _ZL3MAXI9AP_ParamTIsL11ap_var_type2EEiEDTqugtfp_fp0_fp_fp0_ERKT_RKT0_.1261 @ 0x953790
QHOVER: _ZNK10AP_Landing14is_on_approachEv @ 0x953970
QHOVER: _ZNK10AP_Landing10is_flaringEv @ 0x953a50
QHOVER: _ZN7AP_ADSB13set_is_flyingEb @ 0xb41e70
QHOVER: _ZN12AP_Parachute13set_is_flyingEb @ 0xb41ed0
QHOVER: _ZN8AP_Stats10set_flyingEb @ 0x953b20
QHOVER: _ZN5Plane22crash_detection_updateEv @ 0x953bf0
QHOVER: _ZN10AP_Vehicle17set_likely_flyingEb @ 0xb41f40
QHOVER: _ZN10AP_Terrain6updateEv @ 0x9543c0
QHOVER: _ZN10AP_Terrain16schedule_disk_ioEv @ 0x954590
QHOVER: _ZN10AP_Terrain19update_mission_dataEv @ 0x9547e0
QHOVER: _ZN10AP_Terrain17update_rally_dataEv @ 0x954af0
QHOVER: _ZN10AP_Terrain24update_surrounding_tilesERK8Location @ 0x954cc0
QHOVER: _ZNK8AP_Rally19last_change_time_msEv @ 0xb41fd0
QHOVER: _ZNK10AP_Mission19last_change_time_msEv @ 0xb42020
QHOVER: _ZN10AP_Terrain15check_disk_readEv @ 0x954e40
QHOVER: _ZN10AP_Terrain16check_disk_writeEv @ 0x954f20
QHOVER: _ZN10AP_Terrain8io_timerEv @ 0x955280
QHOVER: _ZN7FunctorIvJEE14method_wrapperI10AP_TerrainXadL_ZNS2_8io_timerEvEEEEvPv @ 0xb420d0
QHOVER: _ZN5Plane15parachute_checkEv @ 0x955da0
QHOVER: _ZN12AP_Parachute6updateEv @ 0x955e10
QHOVER: _ZN12AP_Parachute15check_sink_rateEv @ 0x9560a0
QHOVER: _ZN5Plane14update_soaringEv @ 0x956150
QHOVER: _ZN17SoaringController19update_active_stateEb @ 0x956370
QHOVER: _ZNK17SoaringController9is_activeEv @ 0xb42180
QHOVER: _ZNK7AP_TECS19get_target_airspeedEv @ 0xb426b0
QHOVER: _ZNK17SoaringController12active_stateEb @ 0x959b10
QHOVER: _ZN5Plane16update_logging25Ev @ 0x959c30
QHOVER: _ZN5Plane18Log_Write_AttitudeEv @ 0x959d90
QHOVER: _ZN5Plane24Log_Write_Control_TuningEv @ 0x95a1f0
QHOVER: _ZNK17AP_InertialSensor24write_notch_log_messagesEv @ 0x95a3f0
QHOVER: _ZN10AP_GyroFFT18write_log_messagesEv @ 0x95a6f0
QHOVER: _ZN5Plane20Log_Write_Nav_TuningEv @ 0x95a920
QHOVER: _ZN5Plane16Log_Write_GuidedEv @ 0x95aa80
QHOVER: _ZN5Plane12Log_Write_RCEv @ 0x95ab80
QHOVER: _ZNK17AP_InertialSensor15Write_VibrationEv @ 0x95ac30
QHOVER: _ZNK17AP_InertialSensor20get_accel_clip_countEh @ 0x95ad50
QHOVER: _ZN9AP_Logger11Write_RCOUTEv @ 0x95adf0
QHOVER: _ZN5Plane14Log_Write_AETREv @ 0x95b3c0
QHOVER: _ZN9AP_Logger9Write_PIDEhRK10AP_PIDInfo @ 0x95b590
QHOVER: _ZNK7AP_AHRS17airspeed_estimateERfRNS_20AirspeedEstimateTypeE @ 0x95bd90
QHOVER: _ZNK7AP_AHRS18synthetic_airspeedERf @ 0x95be30
QHOVER: _ZN7AP_TECS19get_throttle_demandEv @ 0xb43710
QHOVER: _ZNK11AP_AHRS_DCM22synthetic_airspeed_EASERf @ 0xb43770
QHOVER: _ZNK7AP_AHRS14Write_AttitudeERK7Vector3IfE @ 0x95bfb0
QHOVER: _ZNK16AP_YawController7enabledEv @ 0xb438d0
QHOVER: _ZNK18AP_SteerController6activeEv @ 0x95c180
QHOVER: _ZN7AP_AHRS9Log_WriteEv @ 0x95c1f0
QHOVER: _ZN7NavEKF29Log_WriteEv @ 0x95c280
QHOVER: _ZN7NavEKF39Log_WriteEv @ 0x95c390
QHOVER: _ZNK7AP_AHRS11Write_AHRS2Ev @ 0x95c4a0
QHOVER: _ZNK7AP_AHRS9Write_POSEv @ 0x95c680
QHOVER: _ZN4SITL3SIM18Log_Write_SIMSTATEEv @ 0x95c7e0
QHOVER: _ZNK7AP_AHRS36get_relative_position_D_origin_floatERf @ 0x95c970
QHOVER: _ZNK7AP_AHRS22get_secondary_attitudeER7Vector3IfE @ 0xb43a00
QHOVER: _ZNK7AP_AHRS22get_secondary_positionER8Location @ 0xb43a80
QHOVER: _ZNK7AP_AHRS24get_secondary_quaternionER11QuaternionTIfE @ 0xb43b00
QHOVER: _ZL7degreesf.2388 @ 0x95ca00
QHOVER: _ZN12NavEKF3_core9Log_WriteEm @ 0x95ca50
QHOVER: _ZNK7AP_EnumIN7NavEKF38LogLevelEEcvKS1_Ev @ 0xb43b80
QHOVER: _ZNK12NavEKF3_core14Log_Write_XKF4Em @ 0x95cba0
QHOVER: _ZN12NavEKF3_core13Log_Write_GSFEm @ 0x95cef0
QHOVER: _ZNK12NavEKF3_core14Log_Write_XKF1Em @ 0x95cfa0
QHOVER: _ZNK12NavEKF3_core14Log_Write_XKF2Em @ 0x95d270
QHOVER: _ZNK12NavEKF3_core14Log_Write_XKF3Em @ 0x95d510
QHOVER: _ZNK12NavEKF3_core14Log_Write_XKF5Em @ 0x95d770
QHOVER: _ZNK12NavEKF3_core14Log_Write_XKFSEm @ 0x95d9d0
QHOVER: _ZNK12NavEKF3_core20Log_Write_QuaternionEm @ 0x95dae0
QHOVER: _ZN12NavEKF3_core16Log_Write_BeaconEm @ 0x95dbc0
QHOVER: _ZN12NavEKF3_core18Log_Write_BodyOdomEm @ 0x95deb0
QHOVER: _ZN12NavEKF3_core25Log_Write_State_VariancesEm @ 0x95e020
QHOVER: _ZN12NavEKF3_core16Log_Write_TimingEm @ 0x95e340
QHOVER: _ZNK6AP_DAL12logging_coreEh @ 0x95e4a0
QHOVER: _ZL3MAXIjjEDTqugtfp_fp0_fp_fp0_ERKT_RKT0_.5171 @ 0x95e4f0
QHOVER: _ZNK16AP_NavEKF_Source21getPosVelYawSourceSetEv @ 0xb43bd0
QHOVER: _ZL3MAXIddEDTqugtfp_fp0_fp_fp0_ERKT_RKT0_.5169 @ 0x95e570
QHOVER: _ZL3MINIdiEDTqultfp_fp0_fp_fp0_ERKT_RKT0_.5170 @ 0x95e5f0
QHOVER: _ZNK12NavEKF3_core14getInnovationsER7Vector3IfES2_S2_RfS3_ @ 0x95e690
QHOVER: _ZL7degreesf.5167 @ 0x95e890
QHOVER: _ZNK12NavEKF3_core26getSynthAirDataInnovationsER7Vector2IfERf @ 0x95e8e0
QHOVER: _ZN10EKFGSF_yaw9Log_WriteEm11LogMessagesS0_h @ 0x95e9b0
QHOVER: _ZL7degreesf.20074 @ 0x95ed30
QHOVER: _ZL3MAXIffEDTqugtfp_fp0_fp_fp0_ERKT_RKT0_.20075 @ 0x95ed80
QHOVER: _ZL3MAXIdfEDTqugtfp_fp0_fp_fp0_ERKT_RKT0_.5168 @ 0x95ee00
QHOVER: _ZN12NavEKF2_core9Log_WriteEm @ 0x95eea0
QHOVER: _ZNK12NavEKF2_core14Log_Write_NKF1Em @ 0x95ef70
QHOVER: _ZNK12NavEKF2_core14Log_Write_NKF2Em @ 0x95f240
QHOVER: _ZNK12NavEKF2_core14Log_Write_NKF3Em @ 0x95f4a0
QHOVER: _ZNK12NavEKF2_core14Log_Write_NKF4Em @ 0x95f6e0
QHOVER: _ZNK12NavEKF2_core14Log_Write_NKF5Em @ 0x95fa20
QHOVER: _ZNK12NavEKF2_core20Log_Write_QuaternionEm @ 0x95fc80
QHOVER: _ZNK12NavEKF2_core13Log_Write_GSFEm @ 0x95fd60
QHOVER: _ZN12NavEKF2_core16Log_Write_BeaconEm @ 0x95fe10
QHOVER: _ZN12NavEKF2_core16Log_Write_TimingEm @ 0x9600c0
QHOVER: _ZL3MAXIddEDTqugtfp_fp0_fp_fp0_ERKT_RKT0_ @ 0x960220
QHOVER: _ZL3MINIdiEDTqultfp_fp0_fp_fp0_ERKT_RKT0_ @ 0x9602a0
QHOVER: _ZNK12NavEKF2_core18getFilterGpsStatusER14nav_gps_status @ 0x960340
QHOVER: _ZNK12NavEKF2_core14getInnovationsER7Vector3IfES2_S2_RfS3_ @ 0x9605f0
QHOVER: _ZL7degreesf.4695 @ 0x9607f0
QHOVER: _ZNK12NavEKF2_core27getGyroScaleErrorPercentageER7Vector3IfE @ 0x960840
QHOVER: _ZNK16AP_YawController20rate_control_enabledEv @ 0xb43c20
QHOVER: _ZN5Plane16update_logging10Ev @ 0x960930
QHOVER: _ZNK7AP_AHRS13Write_AOA_SSAEv @ 0x960a40
QHOVER: _ZN8AP_Mount9write_logEv @ 0x960ae0
QHOVER: _ZNK7AP_AHRS6getAOAEv @ 0xb43c90
QHOVER: _ZNK7AP_AHRS6getSSAEv @ 0xb43ce0
QHOVER: _ZN5Plane18Log_Write_FullRateEv @ 0x960b90
QHOVER: _ZN12AP_Scheduler14update_loggingEv @ 0x960c30
QHOVER: _ZN12AP_Scheduler11debug_flagsEv @ 0xb43d30
QHOVER: _ZN12AP_Scheduler21Log_Write_PerformanceEv @ 0x960ea0
QHOVER: _ZN2AP8PerfInfo13has_task_infoEv @ 0xb43d90
QHOVER: _ZNK2AP8PerfInfo20get_num_long_runningEv @ 0x9610b0
QHOVER: _ZNK2AP8PerfInfo13get_num_loopsEv @ 0x961100
QHOVER: _ZNK2AP8PerfInfo12get_max_timeEv @ 0x961150
QHOVER: _ZN12AP_Scheduler12load_averageEv @ 0x9611a0
QHOVER: _ZNK16AP_InternalError5countEv @ 0xb43df0
QHOVER: _ZN9AP_Camera6updateEv @ 0x9613e0
QHOVER: _ZN8AP_Mount6updateEv @ 0x9614a0
QHOVER: _ZN5Plane21airspeed_ratio_updateEv @ 0x961550
QHOVER: _ZN11AP_Airspeed18update_calibrationERK7Vector3IfEs @ 0x9617c0
QHOVER: _ZN11AP_Airspeed18update_calibrationEhRK7Vector3IfEs @ 0x961870
QHOVER: _ZN11AP_Airspeed25send_airspeed_calibrationERK7Vector3IfE @ 0x961d40
QHOVER: _ZN5Plane19check_long_failsafeEv @ 0x962620
QHOVER: _ZN5Plane13three_hz_loopEv @ 0x963340
QHOVER: _ZN5Plane11fence_checkEv @ 0x963390
QHOVER: _ZNK8AC_Fence10get_actionEv @ 0xb44430
QHOVER: _ZN5Plane15one_second_loopEv @ 0x964180
QHOVER: _ZN7AP_ADSB18set_stall_speed_cmEt @ 0xb44700
QHOVER: _ZN7AP_ADSB13set_max_speedEs @ 0xb44790
QHOVER: _ZN10AP_Terrain16log_terrain_dataEv @ 0x964630
QHOVER: _ZN16AP_FW_Controller21set_notch_sample_rateEf @ 0xb44830
QHOVER: _ZN16AP_YawController21set_notch_sample_rateEf @ 0xb448a0
QHOVER: _ZN14AP_OpticalFlow6updateEv @ 0x964bc0
QHOVER: _ZN11AP_ICEngine6updateEv @ 0x966170
QHOVER: _ZN5Plane16read_rangefinderEv @ 0x967060
QHOVER: _ZN11RangeFinder28set_estimated_terrain_heightEf @ 0xb44970
QHOVER: _ZN11RangeFinder6updateEv @ 0x967170
QHOVER: _ZN5Plane25rangefinder_height_updateEv @ 0x967290
QHOVER: _ZNK11RangeFinder8Log_RFNDEv @ 0x967a30
QHOVER: _ZN14AP_BattMonitor4readEv @ 0x967b70
QHOVER: _ZN9AP_Logger11Write_PowerEv @ 0x967da0
QHOVER: _ZNK22AP_BattMonitor_Backend13Log_Write_BATEhm @ 0x967df0
QHOVER: _ZNK22AP_BattMonitor_Backend13Log_Write_BCLEhm @ 0x968090
QHOVER: _ZN14AP_BattMonitor15check_failsafesEv @ 0x968290
QHOVER: _ZN14AP_BattMonitor16checkPoweringOffEv @ 0x9685a0
QHOVER: _ZNK22AP_BattMonitor_Backend23get_state_of_health_pctERh @ 0x968700
QHOVER: _ZN5Plane9ekf_checkEv @ 0x968790
QHOVER: _ZNK9QuadPlane19in_vtol_posvel_modeEv @ 0x968a40
QHOVER: _ZN5Plane22failsafe_ekf_off_eventEv @ 0x968ba0
QHOVER: _ZN5Plane12afs_fs_checkEv @ 0x968f60
QHOVER: _ZN19AP_AdvancedFailsafe5checkEj @ 0x968fc0
QHOVER: _ZN5Plane22adjust_altitude_targetEv @ 0x969d50
QHOVER: _ZN5Plane10update_altEv @ 0x969db0
QHOVER: _ZN12AP_Parachute13set_sink_rateEf @ 0x96a1e0
QHOVER: _ZNK9QuadPlane19should_disable_TECSEv @ 0x96a2d0
QHOVER: _ZNK8ModeAuto9in_pullupEv @ 0xb44b80
QHOVER: _ZN5Plane21reached_loiter_targetEv @ 0x96f1d0
QHOVER: _ZNK12GliderPullup9in_pullupEv @ 0x96f4b0
QHOVER: _ZN5Plane20calc_airspeed_errorsEv @ 0x96f570
QHOVER: _ZL3MAXIffEDTqugtfp_fp0_fp_fp0_ERKT_RKT0_.1632 @ 0x9701f0
QHOVER: _ZN5Plane17calc_speed_scalerEv @ 0x970270
QHOVER: _ZL3MAXI9AP_ParamTIsL11ap_var_type2EEiEDTqugtfp_fp0_fp_fp0_ERKT_RKT0_ @ 0x971590
QHOVER: _ZL3MINIffEDTqultfp_fp0_fp_fp0_ERKT_RKT0_ @ 0x971620
QHOVER: _ZL3MAXIffEDTqugtfp_fp0_fp_fp0_ERKT_RKT0_ @ 0x9716b0
QHOVER: _ZN5Plane14update_compassEv @ 0x971860
QHOVER: _ZN5Plane8navigateEv @ 0x9718c0
QHOVER: _ZN5Plane21check_home_alt_changeEv @ 0x9719f0
QHOVER: _ZN5Plane19loiter_angle_updateEv @ 0x971af0
QHOVER: _ZN5Plane15update_GPS_10HzEv @ 0x971ef0
QHOVER: _ZN7AP_AHRS13estimate_windEv @ 0xb44e50
QHOVER: _ZN5Plane24calc_gndspeed_undershootEv @ 0x972100
QHOVER: _ZN11AP_AHRS_DCM13estimate_windEv @ 0x9722b0
QHOVER: _ZN5Plane15update_GPS_50HzEv @ 0x972970
QHOVER: _ZN6AP_GPS6updateEv @ 0x9729e0
QHOVER: _ZN6AP_GPS15update_instanceEh @ 0x972b60
QHOVER: _ZN6AP_GPS14update_primaryEv @ 0x973300
QHOVER: _ZN14AP_GPS_Blended19zero_health_counterEv @ 0xb44eb0
QHOVER: _ZN6AP_GPS9Write_GPSEh @ 0x974ad0
QHOVER: _ZL3MINIfiEDTqultfp_fp0_fp_fp0_ERKT_RKT0_.3555 @ 0x974f10
QHOVER: _ZNK6AP_GPS26last_message_delta_time_msEh @ 0xb44f60
QHOVER: _ZNK6AP_GPS10should_logEv @ 0x974fb0
QHOVER: _ZN6AP_GPS16send_blob_updateEh @ 0x976130
QHOVER: _ZN14AP_GPS_Backend14check_new_itowEjj @ 0x97ae80
QHOVER: _ZN12AP_GPS_UBLOX20_request_next_configEv @ 0x97f0e0
QHOVER: _ZN12AP_GPS_UBLOX21_request_message_rateEhh @ 0x97fb80
QHOVER: _ZN12AP_GPS_UBLOX13_request_portEv @ 0x97fc40
QHOVER: _ZN12AP_GPS_UBLOX13_send_messageEhhPKvt @ 0x97fcd0
QHOVER: _ZN12AP_GPS_UBLOX16_update_checksumEPhtRhS1_ @ 0x980b90
QHOVER: _ZN12AP_GPS_UBLOX4readEv @ 0x980cc0
QHOVER: _ZNK12AP_GPS_UBLOX13is_configuredEv @ 0xb45de0
QHOVER: _ZNK12AP_GPS_UBLOX7get_lagERf @ 0x9813a0
QHOVER: _ZNK12AP_GPS_UBLOX10is_healthyEv @ 0x981530
QHOVER: _ZL3MINIjjEDTqultfp_fp0_fp_fp0_ERKT_RKT0_.3850 @ 0x981980
QHOVER: _ZN12AP_GPS_UBLOXUt_ixEm @ 0xb45ef0
QHOVER: _ZN12AP_GPS_UBLOX10_parse_gpsEv @ 0x981a00
QHOVER: _ZN12AP_GPS_UBLOX15_check_new_itowEj @ 0x984ec0
QHOVER: _ZN12AP_GPS_UBLOX23_configure_message_rateEhhh @ 0x984f40
QHOVER: _ZN5Plane21update_throttle_hoverEv @ 0x98c540
QHOVER: _ZN9QuadPlane21update_throttle_hoverEv @ 0x98c5a0
QHOVER: _ZN5Plane19update_speed_heightEv @ 0x98cdb0
QHOVER: _ZN5Plane20check_short_failsafeEv @ 0x98df10
QHOVER: _ZN5Plane10read_radioEv @ 0x98e540
QHOVER: _ZNK5Plane17fence_stickmixingEv @ 0x98e7b0
QHOVER: _ZN10Tailsitter11check_inputEv @ 0x98e860
QHOVER: _ZN9AP_Tuning11check_inputEh @ 0x98e930
QHOVER: _ZN5Plane10set_servosEv @ 0x98f8e0
QHOVER: _ZN9QuadPlane6updateEv @ 0x98fc40
QHOVER: _ZN5Plane12set_throttleEv @ 0x990270
QHOVER: _ZN5Plane20set_takeoff_expectedEv @ 0x9904c0
QHOVER: _ZN5Plane16set_servos_flapsEv @ 0x990620
QHOVER: _ZN5Plane15airbrake_updateEv @ 0x990ab0
QHOVER: _ZN5Plane19throttle_slew_limitEv @ 0x990c30
QHOVER: _ZN11AP_ICEngine17throttle_overrideERff @ 0x990f50
QHOVER: _ZN12ParametersG212FWD_BATT_CMP6updateEv @ 0x991470
QHOVER: _ZN5Plane17suppress_throttleEv @ 0x9919d0
QHOVER: _ZN5Plane9stabilizeEv @ 0x997250
QHOVER: _ZN4Mode17reset_controllersEv @ 0x9975f0
QHOVER: _ZN7AP_TECS5resetEv @ 0xb47e60
QHOVER: _ZN5Plane19update_control_modeEv @ 0x999e70
QHOVER: _ZN5Plane18update_fly_forwardEv @ 0x999f50
QHOVER: _ZN12ModeAutoLand23check_takeoff_directionEv @ 0x99a100
QHOVER: _ZN5Plane11ahrs_updateEv @ 0x99a430
QHOVER: _ZNK17AP_InertialSensor9Write_IMUEv @ 0x99a6a0
QHOVER: _ZN9QuadPlane15check_yaw_resetEv @ 0x99a760
QHOVER: _ZN14AP_InertialNav6updateEb @ 0x99a820
QHOVER: _ZN9AP_Follow16update_estimatesEv @ 0x99ab90
QHOVER: _ZN9AP_Follow32clear_dist_and_bearing_to_targetEv @ 0x99bb10
QHOVER: _ZL3MAXIhhEDTqugtfp_fp0_fp_fp0_ERKT_RKT0_ @ 0x99c470
QHOVER: _ZNK17AP_InertialSensor18Write_IMU_instanceEmh @ 0x99c4f0
QHOVER: _ZNK17AP_InertialSensor16get_gyro_rate_hzEh @ 0xb47f10
QHOVER: _ZNK17AP_InertialSensor17get_accel_rate_hzEh @ 0xb47f90
QHOVER: _ZN5Plane28set_target_altitude_locationERK8Location @ 0x9aa060
QHOVER: _ZNK14AP_BattMonitor22capacity_remaining_pctERhh @ 0x9b4930
QHOVER: _ZNK4Mode12is_vtol_modeEv @ 0xb4de30
QHOVER: _ZN4Mode22update_target_altitudeEv @ 0x9b57d0
QHOVER: _ZNK4Mode18supports_quicktuneEv @ 0xb4e210
QHOVER: _ZN10AP_Landing28get_target_altitude_locationER8Location @ 0x9b6890
QHOVER: _ZN4Mode8navigateEv @ 0xb4e7a0
QHOVER: _ZNK4Mode23allows_throttle_nudgingEv @ 0xb4e7f0
QHOVER: _ZNK4Mode18does_auto_throttleEv @ 0xb4e890
QHOVER: _ZN4Mode26output_rudder_and_steeringEf @ 0x9be320
QHOVER: _ZNK10ModeQHover12is_vtol_modeEv @ 0xb502d0
QHOVER: _ZN10ModeManual3runEv @ 0x9c8f90
QHOVER: _ZNK10ModeManual11mode_numberEv @ 0xb50690
QHOVER: _ZN10ModeManual6updateEv @ 0x9c8fe0
QHOVER: _ZNK10ModeManual19use_throttle_limitsEv @ 0x9c90d0
QHOVER: _ZNK10ModeManual24use_battery_compensationEv @ 0xb50780
QHOVER: _ZN5Plane19throttle_percentageEv @ 0x9ce0d0
QHOVER: _ZNK9GCS_Plane11custom_modeEv @ 0x9d9a70
QHOVER: _ZNK9GCS_Plane10frame_typeEv @ 0x9d9ad0
QHOVER: _ZN9GCS_Plane4chanEh @ 0xb52b30
QHOVER: _ZN9GCS_Plane34update_vehicle_sensor_status_flagsEv @ 0x9d9b30
QHOVER: _ZNK9GCS_Plane26min_status_for_gps_healthyEv @ 0xb52cf0
QHOVER: _ZN17GCS_MAVLINK_Plane14packetReceivedERK16__mavlink_statusRK17__mavlink_message @ 0x9da0b0
QHOVER: _ZNK11GCS_MAVLINK13mission_stateERK10AP_Mission @ 0x9da150
QHOVER: _ZNK11GCS_MAVLINK16send_rangefinderEv @ 0x9da230
QHOVER: _ZNK17GCS_MAVLINK_Plane26send_nav_controller_outputEv @ 0x9da300
QHOVER: _ZN17GCS_MAVLINK_Plane15send_pid_tuningEv @ 0x9da790
QHOVER: _ZN11GCS_MAVLINK21send_scaled_pressure3Ev @ 0x9dab70
QHOVER: _ZNK17GCS_MAVLINK_Plane13send_attitudeEv @ 0x9dabd0
QHOVER: _ZN17GCS_MAVLINK_Plane31send_position_target_global_intEv @ 0x9daf50
QHOVER: _ZNK11GCS_MAVLINK17send_winch_statusEv @ 0xb52ec0
QHOVER: _ZNK17GCS_MAVLINK_Plane9base_modeEv @ 0x9db3b0
QHOVER: _ZNK17GCS_MAVLINK_Plane21vehicle_system_statusEv @ 0x9db5b0
QHOVER: _ZNK17GCS_MAVLINK_Plane19persist_streamratesEv @ 0xb52f10
QHOVER: _ZN17GCS_MAVLINK_Plane25handle_command_int_packetERK23__mavlink_command_int_tRK17__mavlink_message @ 0x9db8b0
QHOVER: _ZN17GCS_MAVLINK_Plane14handle_messageERK17__mavlink_message @ 0x9dc270
QHOVER: _ZN17GCS_MAVLINK_Plane16try_send_messageE10ap_message @ 0x9dd5c0
QHOVER: _ZN11GCS_MAVLINK24send_global_position_intEv @ 0x9dd7f0
QHOVER: _ZNK11GCS_MAVLINK23global_position_int_altEv @ 0x9dd970
QHOVER: _ZNK11GCS_MAVLINK32global_position_int_relative_altEv @ 0x9dd9d0
QHOVER: _ZNK17GCS_MAVLINK_Plane17vfr_hud_climbrateEv @ 0x9dda40
QHOVER: _ZNK17GCS_MAVLINK_Plane16vfr_hud_airspeedEv @ 0x9ddb00
QHOVER: _ZNK17GCS_MAVLINK_Plane16vfr_hud_throttleEv @ 0x9ddbf0
QHOVER: _ZNK11GCS_MAVLINK11vfr_hud_altEv @ 0x9ddc50
QHOVER: _ZN17GCS_MAVLINK_Plane35convert_COMMAND_LONG_to_COMMAND_INTERK24__mavlink_command_long_tR23__mavlink_command_int_t9MAV_FRAME @ 0x9de1e0
QHOVER: _ZN11GCS_MAVLINK35convert_COMMAND_LONG_to_COMMAND_INTERK24__mavlink_command_long_tR23__mavlink_command_int_t9MAV_FRAME @ 0x9de8c0
QHOVER: _ZN11GCS_MAVLINK28command_long_stores_locationE7MAV_CMD @ 0x9dea80
QHOVER: _ZL30convert_COMMAND_LONG_loc_paramfb @ 0x9deb60
QHOVER: _ZNK11GCS_MAVLINK17vfr_hud_climbrateEv @ 0x9decb0
QHOVER: _ZL36mavlink_msg_global_position_int_send17mavlink_channel_tjiiiissst @ 0x9ded70
QHOVER: _ZN10AP_Terrain12send_requestE17mavlink_channel_t @ 0x9dee90
QHOVER: _ZN10AP_Terrain11send_reportE17mavlink_channel_t @ 0x9defe0
QHOVER: _ZNK17GCS_MAVLINK_Plane9send_windEv @ 0x9df090
QHOVER: _ZN7AP_ADSB17send_adsb_vehicleE17mavlink_channel_t @ 0x9df160
QHOVER: _ZN17GCS_MAVLINK_Plane12send_aoa_ssaEv @ 0x9df370
QHOVER: _ZN10AP_Landing20send_landing_messageE17mavlink_channel_t @ 0x9df410
QHOVER: _ZN17GCS_MAVLINK_Plane15send_hygrometerEv @ 0x9df4f0
QHOVER: _ZN11GCS_MAVLINK16try_send_messageE10ap_message @ 0x9df6f0
QHOVER: _ZN11GCS_MAVLINK17queued_param_sendEv @ 0x9e03a0
QHOVER: _ZNK11GCS_MAVLINK14send_heartbeatEv @ 0x9e0650
QHOVER: _ZNK11GCS_MAVLINK8send_rpmEv @ 0x9e0a10
QHOVER: _ZN11GCS_MAVLINK24try_send_mission_messageE10ap_message @ 0x9e0af0
QHOVER: _ZN7Compass21send_mag_cal_progressERK11GCS_MAVLINK @ 0x9e0cf0
QHOVER: _ZN7Compass19send_mag_cal_reportERK11GCS_MAVLINK @ 0x9e0f40
QHOVER: _ZN11GCS_MAVLINK19send_battery_statusEv @ 0x9e1270
QHOVER: _ZNK7AP_AHRS22send_ekf_status_reportER11GCS_MAVLINK @ 0x9e13c0
QHOVER: _ZN11GCS_MAVLINK12send_meminfoEv @ 0x9e14c0
QHOVER: _ZNK11GCS_MAVLINK17send_fence_statusEv @ 0x9e1580
QHOVER: _ZN11GCS_MAVLINK20send_distance_sensorEv @ 0x9e16c0
QHOVER: _ZNK11GCS_MAVLINK16send_system_timeEv @ 0x9e1c00
QHOVER: _ZN6AP_GPS20send_mavlink_gps_rawE17mavlink_channel_t @ 0x9e1c90
QHOVER: _ZN6AP_GPS20send_mavlink_gps_rtkE17mavlink_channel_th @ 0x9e1fe0
QHOVER: _ZN6AP_GPS21send_mavlink_gps2_rawE17mavlink_channel_t @ 0x9e20c0
QHOVER: _ZNK11GCS_MAVLINK19send_local_positionEv @ 0x9e2460
QHOVER: _ZNK11GCS_MAVLINK34send_gimbal_device_attitude_statusEv @ 0x9e2530
QHOVER: _ZN11GCS_MAVLINK16send_opticalflowEv @ 0x9e28f0
QHOVER: _ZN11GCS_MAVLINK17send_power_statusEv @ 0x9e2a60
QHOVER: _ZNK11GCS_MAVLINK16send_rc_channelsEv @ 0x9e2b70
QHOVER: _ZNK11GCS_MAVLINK20send_rc_channels_rawEv @ 0x9e2e30
QHOVER: _ZN11GCS_MAVLINK12send_raw_imuEv @ 0x9e2fb0
QHOVER: _ZN11GCS_MAVLINK15send_scaled_imuEhPFv17mavlink_channel_tjssssssssssE @ 0x9e33c0
QHOVER: _ZL28mavlink_msg_scaled_imu2_send17mavlink_channel_tjssssssssss @ 0x9e3680
QHOVER: _ZL28mavlink_msg_scaled_imu3_send17mavlink_channel_tjssssssssss @ 0x9e37f0
QHOVER: _ZN11GCS_MAVLINK20send_scaled_pressureEv @ 0x9e3ba0
QHOVER: _ZN11GCS_MAVLINK21send_scaled_pressure2Ev @ 0x9e3c00
QHOVER: _ZN11GCS_MAVLINK13send_airspeedEv @ 0x9e3c60
QHOVER: _ZNK11GCS_MAVLINK13send_simstateEv @ 0x9e3e20
QHOVER: _ZN11GCS_MAVLINK15send_sys_statusEv @ 0x9e3f40
QHOVER: _ZN11GCS_MAVLINK10send_ahrs2Ev @ 0x9e4230
QHOVER: _ZN11GCS_MAVLINK9send_ahrsEv @ 0x9e4310
QHOVER: _ZN11GCS_MAVLINK12send_vfr_hudEv @ 0x9e4490
QHOVER: _ZNK11GCS_MAVLINK14send_vibrationEv @ 0x9e45d0
QHOVER: _ZNK11GCS_MAVLINK21send_generator_statusEv @ 0x9e46c0
QHOVER: _ZN12AP_ESC_Telem26send_esc_telemetry_mavlinkEh @ 0x9e4a40
QHOVER: _ZN6AP_EFI19send_mavlink_statusE17mavlink_channel_t @ 0x9e4ed0
QHOVER: _ZN6AP_AIS13get_singletonEv @ 0x9e56a0
QHOVER: _ZN11GCS_MAVLINK20send_available_modesEv @ 0x9e5820
QHOVER: _ZNK11GCS_MAVLINK21battery_remaining_pctEh @ 0x9e6030
QHOVER: _ZL3MINIhiEDTqultfp_fp0_fp_fp0_ERKT_RKT0_.7263 @ 0x9e64e0
QHOVER: _ZL44mavlink_msg_esc_telemetry_1_to_4_send_struct17mavlink_channel_tPK32__mavlink_esc_telemetry_1_to_4_t @ 0x9e6800
QHOVER: _ZN12AP_Generator21send_generator_statusERK11GCS_MAVLINK @ 0x9e6e00
QHOVER: _ZL26mavlink_msg_vibration_send17mavlink_channel_tmfffjjj @ 0x9e6e80
QHOVER: _ZL24mavlink_msg_vfr_hud_send17mavlink_channel_tffstff @ 0x9e6f90
QHOVER: _ZNK7AP_AHRS12get_error_rpEv @ 0x9e7120
QHOVER: _ZNK7AP_AHRS13get_error_yawEv @ 0x9e7180
QHOVER: _ZL21mavlink_msg_ahrs_send17mavlink_channel_tfffffff @ 0x9e71e0
QHOVER: _ZL22mavlink_msg_ahrs2_send17mavlink_channel_tffffii @ 0x9e7300
QHOVER: _ZNK9AP_Logger11num_droppedEv @ 0x9e7400
QHOVER: _ZNK14AP_BattMonitor11gcs_voltageEv @ 0xb53200
QHOVER: _ZL27mavlink_msg_sys_status_send17mavlink_channel_tjjjttsatttttt @ 0x9e7480
QHOVER: _ZNK14AP_BattMonitor11gcs_voltageEh @ 0x9e7620
QHOVER: _ZNK17AP_Logger_Backend11num_droppedEv @ 0xb53250
QHOVER: _ZL7radiansf.17181 @ 0x9e7a40
QHOVER: _ZNK4SITL3SIM13simstate_sendE17mavlink_channel_t @ 0x9e7dc0
QHOVER: _ZL25mavlink_msg_simstate_send17mavlink_channel_tfffffffffii @ 0x9e7f90
QHOVER: _ZL32mavlink_msg_airspeed_send_struct17mavlink_channel_tPK20__mavlink_airspeed_t @ 0x9e8130
QHOVER: _ZL33mavlink_msg_scaled_pressure2_send17mavlink_channel_tjffss @ 0x9e81b0
QHOVER: _ZN11GCS_MAVLINK29send_scaled_pressure_instanceEhPFv17mavlink_channel_tjffssE @ 0x9e8290
QHOVER: _ZL32mavlink_msg_scaled_pressure_send17mavlink_channel_tjffss @ 0x9e8480
QHOVER: _ZL24mavlink_msg_raw_imu_send17mavlink_channel_tmssssssssshs @ 0x9e85e0
QHOVER: _ZNK11GCS_MAVLINK16sending_mavlink1Ev @ 0x9e8760
QHOVER: _ZNK11GCS_MAVLINK13receiver_rssiEv @ 0x9e87c0
QHOVER: _ZL28mavlink_msg_rc_channels_send17mavlink_channel_tjhtttttttttttttttttth @ 0x9e89d0
QHOVER: _ZL29mavlink_msg_power_status_send17mavlink_channel_tttt @ 0x9e8c40
QHOVER: _ZN8AP_Mount34send_gimbal_device_attitude_statusE17mavlink_channel_t @ 0x9e96c0
QHOVER: _ZL35mavlink_msg_local_position_ned_send17mavlink_channel_tjffffff @ 0x9e9d20
QHOVER: _ZNK6AP_GPS12gps_yaw_cdegEh @ 0x9e9e30
QHOVER: _ZNK6AP_GPS23have_gps_yaw_configuredEh @ 0xb534b0
QHOVER: _ZL28mavlink_msg_gps_raw_int_send17mavlink_channel_tmhiiitttthijjjjt @ 0x9ea130
QHOVER: _ZL28mavlink_msg_system_time_send17mavlink_channel_tmj @ 0x9ea320
QHOVER: _ZN11GCS_MAVLINK14send_proximityEv @ 0x9eb960
QHOVER: _ZL3MINIjjEDTqultfp_fp0_fp_fp0_ERKT_RKT0_.7265 @ 0x9ec8d0
QHOVER: _ZL24mavlink_msg_meminfo_send17mavlink_channel_tttj @ 0x9ec950
QHOVER: _ZNK7NavEKF318send_status_reportER11GCS_MAVLINK @ 0x9ecbf0
QHOVER: _ZNK12NavEKF3_core18send_status_reportER11GCS_MAVLINK @ 0x9ecc80
QHOVER: _ZL41mavlink_msg_ekf_status_report_send_struct17mavlink_channel_tPK29__mavlink_ekf_status_report_t @ 0x9ed080
QHOVER: _ZNK14AP_BattMonitor13option_is_setEhN21AP_BattMonitor_Params7OptionsE @ 0x9edba0
QHOVER: _ZNK11GCS_MAVLINK19send_battery_statusEh @ 0x9edc70
QHOVER: _ZL3MINIftEDTqultfp_fp0_fp_fp0_ERKT_RKT0_ @ 0x9ee500
QHOVER: _ZNK14AP_BattMonitor14time_remainingERjh @ 0x9ee5a0
QHOVER: _ZNK14AP_BattMonitor24get_mavlink_charge_stateEh @ 0x9ee690
QHOVER: _ZNK14AP_BattMonitor25get_mavlink_fault_bitmaskEh @ 0x9ee7c0
QHOVER: _ZL31mavlink_msg_battery_status_send17mavlink_channel_thhhsPKtsiiaihS1_hj @ 0x9ee870
QHOVER: _ZN14typesafe_indexIh12TAG_PriorityErmERKh @ 0xb53700
QHOVER: _ZN11GCS_MAVLINK20send_mission_currentERK10AP_Missiont @ 0x9eeff0
QHOVER: _ZL32mavlink_msg_mission_current_send17mavlink_channel_ttthh @ 0x9ef4c0
QHOVER: _ZNK11GCS_MAVLINK13system_statusEv @ 0x9ef990
QHOVER: _ZL26mavlink_msg_heartbeat_send17mavlink_channel_thhhjh @ 0x9efa20
QHOVER: _ZN11GCS_MAVLINK28send_parameter_async_repliesEv @ 0x9efb00
QHOVER: _ZN12ObjectBufferIN11GCS_MAVLINK19pending_param_replyEE4peekERS1_ @ 0xb537f0
QHOVER: _ZNK11AP_Airspeed14get_hygrometerEhRjRfS1_ @ 0x9f0040
QHOVER: _ZL24mavlink_msg_aoa_ssa_send17mavlink_channel_tmff @ 0x9f0610
QHOVER: _ZL21mavlink_msg_wind_send17mavlink_channel_tfff @ 0x9f0910
QHOVER: _ZN10AP_Terrain19send_terrain_reportE17mavlink_channel_tRK8Locationb @ 0x9f09c0
QHOVER: _ZL31mavlink_msg_terrain_report_send17mavlink_channel_tiitfftt @ 0x9f0b70
QHOVER: _ZN10AP_Terrain18send_cache_requestE17mavlink_channel_t @ 0x9f0c90
QHOVER: _ZN10AP_Terrain15request_missingE17mavlink_channel_tRKNS_9grid_infoE @ 0x9f0d90
QHOVER: _ZN10AP_Terrain15request_missingE17mavlink_channel_tRNS_10grid_cacheE @ 0x9f0e20
QHOVER: _ZN11GCS_MAVLINK14handle_messageERK17__mavlink_message @ 0x9f4bc0
QHOVER: _ZN11GCS_MAVLINK16handle_heartbeatERK17__mavlink_message @ 0x9f5740
QHOVER: _ZN11GCS_MAVLINK19handle_command_longERK17__mavlink_message @ 0x9f6ab0
QHOVER: _ZN11GCS_MAVLINK26handle_request_data_streamERK17__mavlink_message @ 0x9f80f0
QHOVER: _ZNK3GCS12sysid_is_gcsEh @ 0x9fd750
QHOVER: _ZN11GCS_MAVLINK16sysid_mygcs_seenEj @ 0x9fd9f0
QHOVER: _ZL38mavlink_msg_request_data_stream_decodePK17__mavlink_messageP31__mavlink_request_data_stream_t @ 0x9fec60
QHOVER: _ZN9AP_Logger13Write_CommandERK23__mavlink_command_int_thh10MAV_RESULTb @ 0xa01b50
QHOVER: _ZL31mavlink_msg_command_long_decodePK17__mavlink_messageP24__mavlink_command_long_t @ 0xa01cd0
QHOVER: _ZN11GCS_MAVLINK31try_command_long_as_command_intERK24__mavlink_command_long_tRK17__mavlink_message @ 0xa01da0
QHOVER: _ZN11GCS_MAVLINK16_set_mode_commonEhj @ 0xa04600
QHOVER: _ZN12ObjectBufferIN7GCS_FTP11TransactionEE3popERS1_ @ 0xb54830
QHOVER: _ZN11GCS_MAVLINK25handle_command_int_packetERK23__mavlink_command_int_tRK17__mavlink_message @ 0xa0bb20
QHOVER: _ZN11GCS_MAVLINK26handle_command_do_set_modeERK23__mavlink_command_int_t @ 0xa0ced0
QHOVER: _ZL7radiansf.35 @ 0xa108a0
QHOVER: _ZN5Plane22any_failsafe_triggeredEv @ 0xb551e0
QHOVER: _ZL25mavlink_msg_attitude_send17mavlink_channel_tjffffff @ 0xa11590
QHOVER: _ZN12AP_Avoidance10handle_msgERK17__mavlink_message @ 0xa11d60
QHOVER: _ZN11GCS_MAVLINK14packetReceivedERK16__mavlink_statusRK17__mavlink_message @ 0xa11eb0
QHOVER: _ZN15MAVLink_routing17check_and_forwardER11GCS_MAVLINKRK17__mavlink_message @ 0xa120b0
QHOVER: _ZN9AP_Follow10handle_msgERK17__mavlink_message @ 0xa12620
QHOVER: _ZNK11GCS_MAVLINK13accept_packetERK16__mavlink_statusRK17__mavlink_message @ 0xa127a0
QHOVER: _ZNK9AP_Follow21should_handle_messageERK17__mavlink_message @ 0xa128c0
QHOVER: _ZN15MAVLink_routing11learn_routeER11GCS_MAVLINKRK17__mavlink_message @ 0xa13890
QHOVER: _ZN15MAVLink_routing16handle_heartbeatER11GCS_MAVLINKRK17__mavlink_message @ 0xa13b30
QHOVER: _ZN15MAVLink_routing11get_targetsERK17__mavlink_messageRsS3_ @ 0xa13d60
QHOVER: _ZNK9QuadPlane12get_mav_typeEv @ 0xa14210
QHOVER: _ZNK13AP_L1_Control14nav_bearing_cdEv @ 0xa14c30
QHOVER: _ZNK13AP_L1_Control17target_bearing_cdEv @ 0xa14cf0
QHOVER: _ZNK13AP_L1_Control16crosstrack_errorEv @ 0xb56310
QHOVER: _ZNK13AP_L1_Control27crosstrack_error_integratorEv @ 0xb56360
QHOVER: _ZN13AP_L1_Control21reached_loiter_targetEv @ 0xa16410
QHOVER: _ZL9rad_to_cdf.12675 @ 0xa16910
QHOVER: _Z11wrap_180_cdIfET_S0_ @ 0xb564c0
QHOVER: _ZN17RC_Channels_Plane7channelEh @ 0xb56e20
QHOVER: _ZN17RC_Channels_Plane16read_mode_switchEv @ 0xa19940
QHOVER: _ZNK17RC_Channels_Plane14in_rc_failsafeEv @ 0xa199b0
QHOVER: _ZNK17RC_Channels_Plane15has_valid_inputEv @ 0xa19a20
QHOVER: _ZNK17RC_Channels_Plane18get_arming_channelEv @ 0xa19ab0
QHOVER: _ZNK17RC_Channels_Plane26flight_mode_channel_numberEv @ 0xa19b00
QHOVER: _ZN11RC_Channels16read_mode_switchEv @ 0xa19b70
QHOVER: mode_to_string @ 0xa954d0
QHOVER: mode_entry @ 0xa95730
----------------------
Mode: 10 (AUTO)
AUTO: _ZN15AP_Arming_Plane14pre_arm_checksEb @ 0x5db3f0
AUTO: _ZN2AP13serialmanagerEv @ 0x5dd670
AUTO: _ZNK9AP_ParamTIiL11ap_var_type3EEcvRKiEv @ 0xa99ff0
AUTO: _ZN6AP_HAL4Util9vsnprintfEPcmPKcP13__va_list_tag @ 0x5ddcc0
AUTO: _ZN13BufferPrinterC2EPcm @ 0xa9a040
AUTO: _Z13print_vprintfPN6AP_HAL12BetterStreamEPKcP13__va_list_tag @ 0x5dde00
AUTO: _Z12ultoa_invertjPch @ 0x5dfc90
AUTO: _ZN6AP_HAL12BetterStreamC2Ev @ 0xa9a0f0
AUTO: _ZN13BufferPrinter5writeEh @ 0xa9a150
AUTO: _Z3gcsv @ 0x5e0280
AUTO: _ZN3GCS10send_textvE12MAV_SEVERITYPKcP13__va_list_tag @ 0x5e02c0
AUTO: _ZNK3GCS28statustext_send_channel_maskEv @ 0x5e0390
AUTO: _ZN11GCS_MAVLINK19active_channel_maskEv @ 0xa9a3f0
AUTO: _ZN11GCS_MAVLINK22streaming_channel_maskEv @ 0xa9a430
AUTO: _ZN11GCS_MAVLINK20private_channel_maskEv @ 0xa9a470
AUTO: _ZN3GCS13get_singletonEv @ 0xa9a4b0
AUTO: _ZNK16AP_SerialManager22find_protocol_instanceENS_14SerialProtocolEh @ 0x5e0420
AUTO: _ZNK13AP_ParamTBaseIaL11ap_var_type1EE3getEv @ 0xa9a4f0
AUTO: _ZNK16AP_SerialManager14protocol_matchENS_14SerialProtocolES0_ @ 0x5e05c0
AUTO: _ZN16AP_SerialManager13get_singletonEv @ 0xa9a540
AUTO: _Z2rcv @ 0x5e06c0
AUTO: _ZN11RC_Channels13get_singletonEv @ 0xa9a5e0
AUTO: _ZNK9AP_ParamTIaL11ap_var_type1EEcvRKaEv @ 0xa9a6b0
AUTO: _ZN6AP_HAL6millisEv @ 0x5e0d40
AUTO: _ZN13WithSemaphoreD2Ev @ 0x5e0d80
AUTO: _ZN6AP_HAL8millis64Ev @ 0x5e0de0
AUTO: _ZN6AP_HAL8micros64Ev @ 0x5e0e20
AUTO: _ZL14uint64_div1000m @ 0x5e0ec0
AUTO: _ZN7HALSITL9Scheduler4fromEPN6AP_HAL9SchedulerE @ 0xa9a700
AUTO: _ZNK7HALSITL9Scheduler18stopped_clock_usecEv @ 0xa9a750
AUTO: _ZNK13AP_ParamTBaseIsL11ap_var_type2EE3getEv @ 0xa9a7a0
AUTO: _ZN13WithSemaphoreC2ERN6AP_HAL9SemaphoreEj @ 0x5e1010
AUTO: _ZNK7AP_EnumIN10Parameters11ThrFailsafeEEcvKS1_Ev @ 0xa9a830
AUTO: _ZNK11RC_Channels19has_had_rc_receiverEv @ 0xa9a880
AUTO: _ZNK13AP_ParamTBaseIiL11ap_var_type3EE3getEv @ 0xa9a940
AUTO: _ZN12AP_Proximity13get_singletonEv @ 0xa9a990
AUTO: _ZN2AP9schedulerEv @ 0x5e1490
AUTO: _ZN12AP_Scheduler25get_filtered_loop_rate_hzEv @ 0xa9aa10
AUTO: _ZN12AP_Scheduler16get_loop_rate_hzEv @ 0xa9aa60
AUTO: _ZN10AP_Terrain13get_singletonEv @ 0xa9aaf0
AUTO: _ZN12AP_Scripting13get_singletonEv @ 0xa9ab90
AUTO: _ZN2AP13internalerrorEv @ 0x5e1800
AUTO: _ZNK16AP_InternalError6errorsEv @ 0xa9acf0
AUTO: _ZNK16AP_InternalError15last_error_lineEv @ 0xa9ad40
AUTO: _ZN2AP3rpmEv @ 0x5e1990
AUTO: _ZNK9AP_ParamTIsL11ap_var_type2EEcvRKsEv @ 0xa9ae20
AUTO: _ZN12SRV_Channels25update_aux_servo_functionEv @ 0x5e2690
AUTO: _ZNK7BitmaskILt190EE8validateEt @ 0xa9af40
AUTO: _ZN7BitmaskILt190EE8clearallEv @ 0xa9afd0
AUTO: _ZNK11SRV_Channel14valid_functionEv @ 0xa9b030
AUTO: _ZN11SRV_Channel24aux_servo_function_setupEv @ 0x5e3190
AUTO: _ZN7BitmaskILt190EE3setEt @ 0xa9b090
AUTO: _ZNK9AP_Enum16IN11SRV_Channel8FunctionEEcvKS1_Ev @ 0xa9b150
AUTO: _ZN11SRV_Channel14valid_functionENS_8FunctionE @ 0xa9b1a0
AUTO: _ZN6AP_RPM13get_singletonEv @ 0xa9b290
AUTO: _ZNK12AP_Scripting13option_is_setENS_11DebugOptionE @ 0xa9b380
AUTO: _ZNK2AP8PerfInfo25get_filtered_loop_rate_hzEv @ 0x5e3580
AUTO: _ZNK2AP8PerfInfo17get_filtered_timeEv @ 0x5e3610
AUTO: _ZN12AP_Scheduler13get_singletonEv @ 0x5e3660
AUTO: _ZN2AP7missionEv @ 0x5e3730
AUTO: _ZNK10AP_Mission12num_commandsEv @ 0xa9b480
AUTO: _ZN10AP_Mission18stored_in_locationEt @ 0x5e3a10
AUTO: _ZN10AP_Mission15Mission_CommandC2Ev @ 0xa9b4e0
AUTO: _ZNK10AP_Mission21read_cmd_from_storageEtRNS_15Mission_CommandE @ 0x5e3ba0
AUTO: _ZN10AP_Mission7ContentC2Ev @ 0xa9b540
AUTO: _ZN2AP4ahrsEv @ 0x5e4060
AUTO: _ZNK7AP_AHRS8get_homeEv @ 0xa9b590
AUTO: _ZNK13StorageAccess9read_byteEt @ 0x5e40a0
AUTO: _ZNK13StorageAccess11read_uint16Et @ 0x5e4110
AUTO: _ZNK13StorageAccess10read_blockEPvtm @ 0x5e4190
AUTO: _ZN7AP_AHRS13get_singletonEv @ 0xa9b5e0
AUTO: _ZN8LocationC2Ev @ 0xa9b620
AUTO: _ZN8Location4zeroEv @ 0x5e46c0
AUTO: _ZN10AP_Mission13get_singletonEv @ 0xa9b670
AUTO: _ZNK7AP_EnumI11RtlAutolandEcvKS0_Ev @ 0xa9b6b0
AUTO: _ZNK9QuadPlane9availableEv @ 0xa9b700
AUTO: _ZNK5Plane15is_land_commandEt @ 0x5e4c30
AUTO: _ZNK8Location12get_distanceERKS_ @ 0x5e4cc0
AUTO: _Z11is_positiveIfEbT_ @ 0xa9b7c0
AUTO: _ZNK9AP_ParamTIfL11ap_var_type4EEcvRKfILb1EEEv @ 0xa9b820
AUTO: _ZN8Location14diff_longitudeEii @ 0x5e4e70
AUTO: _ZN8Location15longitude_scaleEi @ 0x5e4f50
AUTO: _Z4normIddJEEdT_T0_DpKT1_ @ 0xa9b870
AUTO: _Z2sqIdJdEEdT_DpKT0_ @ 0xa9b8e0
AUTO: _Z2sqIdEdT_ @ 0xa9b960
AUTO: _ZL3MAXIdfEDTqugtfp_fp0_fp_fp0_ERKT_RKT0_ @ 0x5e4ff0
AUTO: _ZN2AP5rallyEv @ 0x5e5090
AUTO: _ZNK7AP_AHRS12get_locationER8Location @ 0x5e50d0
AUTO: _ZNK8AP_Rally24find_nearest_rally_pointERK8LocationR13RallyLocation @ 0x5e5150
AUTO: _ZN2AP7vehicleEv @ 0x5e5340
AUTO: _ZNK10AP_Mission7presentEv @ 0xa9ba60
AUTO: _ZN10AP_Vehicle13get_singletonEv @ 0x5e5380
AUTO: _ZN8LocationC2EiiiNS_8AltFrameE @ 0x5e55a0
AUTO: _ZN8Location10set_alt_cmEiNS_8AltFrameE @ 0x5e5640
AUTO: _ZN8AP_Rally13get_singletonEv @ 0xa9bad0
AUTO: _ZN11RC_Channels23get_valid_channel_countEv @ 0x5e5730
AUTO: _ZNK10RC_Channel12has_overrideEv @ 0x5e57a0
AUTO: _ZNK13AP_ParamTBaseIfL11ap_var_type4EE3getEv @ 0xa9bd10
AUTO: _Z7is_zerof @ 0xa9bd60
AUTO: _ZL3MINIihEDTqultfp_fp0_fp_fp0_ERKT_RKT0_.7422 @ 0x5e5860
AUTO: _ZN2AP3gpsEv @ 0x5e58f0
AUTO: _ZNK6AP_GPS11num_sensorsEv @ 0x5e5ad0
AUTO: _ZNK6AP_GPS8get_typeEh @ 0xa9bed0
AUTO: _ZNK6AP_GPS14primary_sensorEv @ 0xa9bf60
AUTO: _ZNK6AP_GPS6statusEh @ 0xa9bfb0
AUTO: _ZNK6AP_GPS10is_healthyEh @ 0x5e5b50
AUTO: _ZNK7AP_AHRS11home_is_setEv @ 0xa9c070
AUTO: _ZNK6AP_GPS8locationEv @ 0xa9c0d0
AUTO: _ZNK6AP_GPS22first_unconfigured_gpsERh @ 0x5e5e10
AUTO: _ZN3GCS9send_textE12MAV_SEVERITYPKcz @ 0x5e5fe0
AUTO: _ZNK7AP_EnumIN6AP_GPS8GPS_TypeEEcvKS1_Ev @ 0xa9c130
AUTO: _ZNK6AP_GPS8locationEh @ 0xa9c180
AUTO: _ZNK7Vector3IfE6lengthEv @ 0xa9c1f0
AUTO: _Z4normIffJfEEdT_T0_DpKT1_ @ 0xa9c250
AUTO: _Z2sqIfJffEEdT_DpKT0_ @ 0xa9c2d0
AUTO: _ZL2sqf.2617 @ 0x5e62c0
AUTO: _Z2sqIfJfEEdT_DpKT0_ @ 0xa9c370
AUTO: _ZL2sqf.1898 @ 0x5e6310
AUTO: _ZN7Vector3IfEC2Efff @ 0xa9c3f0
AUTO: _ZNK6AP_GPS12is_rtk_roverEh @ 0x5e6360
AUTO: _ZN6AP_GPS13get_singletonEv @ 0xa9c500
AUTO: _ZNK7AP_AHRS7healthyEv @ 0x5e6e40
AUTO: _ZN2AP12externalAHRSEv @ 0x5e7020
AUTO: _ZNK7AP_AHRS8ekf_typeEv @ 0x5e70c0
AUTO: _ZNK7AP_AHRS15active_EKF_typeEv @ 0xa9c540
AUTO: _ZN2AP7compassEv @ 0x5e7a00
AUTO: _ZNK7Compass11use_for_yawEv @ 0x5e7a40
AUTO: _ZNK16AP_NavEKF_Source12getYawSourceEh @ 0x5e88b0
AUTO: _ZNK12NavEKF3_core7healthyEv @ 0x5e8b70
AUTO: _ZNK16AP_NavEKF_Source14useVelXYSourceENS_8SourceXYEh @ 0x5e8f30
AUTO: _ZNK16AP_NavEKF_Source18getActiveSourceSetEh @ 0xa9c590
AUTO: _ZNK7AP_EnumIN16AP_NavEKF_Source8SourceXYEEcvKS1_Ev @ 0xa9c640
AUTO: _ZNK16AP_NavEKF_Source13option_is_setENS_13SourceOptionsE @ 0xa9c690
AUTO: _ZNK12NavEKF3_core15getFilterFaultsERt @ 0x5e9060
AUTO: _ZNK11QuaternionTIdE6is_nanEv @ 0xa9c710
AUTO: _ZNK7Vector3IdE6is_nanEv @ 0xa9c810
AUTO: _ZNK7AP_EnumIN16AP_NavEKF_Source9SourceYawEEcvKS1_Ev @ 0xa9c8e0
AUTO: _ZN2AP3dalEv @ 0x5e9180
AUTO: _ZN6AP_DAL7compassEv @ 0xa9c930
AUTO: _ZNK14AP_DAL_Compass15get_num_enabledEv @ 0xa9c980
AUTO: _ZN6AP_DAL13get_singletonEv @ 0xa9c9d0
AUTO: _ZnwmRKSt9nothrow_t @ 0x5e91c0
AUTO: _ZN7Matrix3IfEC2Ev @ 0xa9ce10
AUTO: _ZN7Vector3IfEC2Ev @ 0xa9cf00
AUTO: _ZN11QuaternionTIfEC2Ev @ 0xa9d080
AUTO: _ZN7Vector2IfEC2Ev @ 0xa9d0f0
AUTO: _ZN6AP_DAL4baroEv @ 0xa9d150
AUTO: _ZN6AP_DAL6beaconEv @ 0xa9d1f0
AUTO: _ZN6AP_DAL3gpsEv @ 0xa9d2b0
AUTO: _ZN6AP_DAL11rangefinderEv @ 0xa9d3c0
AUTO: _ZN6AP_DAL10visualodomEv @ 0xa9d410
AUTO: _ZNK12NavEKF2_core7healthyEv @ 0x5e9760
AUTO: _ZNK12NavEKF2_core15getFilterFaultsERt @ 0x5e9990
AUTO: _ZNK7Compass7healthyEh @ 0x5e9af0
AUTO: _ZNK7Compass11use_for_yawEh @ 0x5e9b90
AUTO: _ZNK7Compass9availableEv @ 0xa9d530
AUTO: _ZN14typesafe_indexIh12TAG_PriorityEC2Eh @ 0xa9d5b0
AUTO: _ZNK19RestrictIDTypeArrayI9AP_ParamTIaL11ap_var_type1EELj3E14typesafe_indexIh12TAG_PriorityEEixERKS5_ @ 0xa9d610
AUTO: _ZNK7AP_EnumIN7Compass9LearnTypeEEcvKS1_Ev @ 0xa9d690
AUTO: _ZNK14typesafe_indexIh12TAG_PriorityE7get_intEv @ 0xa9d6e0
AUTO: _ZNK7Compass10_get_stateE14typesafe_indexIh12TAG_PriorityE @ 0xa9d730
AUTO: _ZNK7Compass13_get_state_idE14typesafe_indexIh12TAG_PriorityE @ 0x5e9c70
AUTO: _ZNK19RestrictIDTypeArrayIN7Compass9mag_stateELj4E14typesafe_indexIh14TAG_StateIndexEEixERKS4_ @ 0xa9d7b0
AUTO: _ZNK14typesafe_indexIh14TAG_StateIndexE7get_intEv @ 0xa9d830
AUTO: _ZNK19RestrictIDTypeArrayIiLj3E14typesafe_indexIh12TAG_PriorityEEixERKS2_ @ 0xa9d880
AUTO: _ZN14typesafe_indexIh14TAG_StateIndexEC2Eh @ 0xa9d900
AUTO: _ZNK14typesafe_indexIh14TAG_StateIndexEltERKh @ 0xa9d960
AUTO: _ZN14typesafe_indexIh14TAG_StateIndexEppEi @ 0xa9d9d0
AUTO: _ZN7Compass13get_singletonEv @ 0xa9da40
AUTO: _ZNK7NavEKF211activeCoresEv @ 0xa9da80
AUTO: _ZNK11QuaternionTIfE13to_axis_angleER7Vector3IfE @ 0xa9dd70
AUTO: _ZNK7NavEKF311activeCoresEv @ 0xa9dec0
AUTO: _ZNK7AP_AHRS14always_use_EKFEv @ 0xa9df10
AUTO: _ZN11QuaternionTIfE20from_rotation_matrixERK7Matrix3IfE @ 0xa9dfd0
AUTO: _ZNK12NavEKF3_core11use_compassEv @ 0x5ea300
AUTO: _ZNK14AP_DAL_Compass11use_for_yawEh @ 0xa9e4e0
AUTO: _ZNK12NavEKF3_core20getRotationBodyToNEDER7Matrix3IfE @ 0x5ea3d0
AUTO: _ZNK11QuaternionTIdE15rotation_matrixER7Matrix3IfE @ 0xa9e550
AUTO: _ZNK6AP_DAL43get_rotation_vehicle_body_to_autopilot_bodyEv @ 0xa9e760
AUTO: _ZNK7Matrix3IfEmlERKS0_ @ 0xa9e7b0
AUTO: _ZN7Matrix3IfEC2ERK7Vector3IfES4_S4_ @ 0xa9ea20
AUTO: _ZL2sqf.4371 @ 0x5ea490
AUTO: _ZN7Vector3IfEdVEf @ 0xa9ead0
AUTO: _Z7wrap_PId @ 0x5ea4e0
AUTO: _ZN7Vector3IfEmLEf @ 0xa9eb60
AUTO: _Z8wrap_2PId @ 0x5ea570
AUTO: _ZN11QuaternionTIfEC2Effff @ 0xa9eea0
AUTO: _ZNK11QuaternionTIfE15rotation_matrixER7Matrix3IfE @ 0xa9ef50
AUTO: _ZNK7Matrix3IfE13mul_transposeERK7Vector3IfE @ 0xa9f140
AUTO: _ZNK7Vector3IfEmiERKS0_ @ 0xa9f250
AUTO: _Z20constrain_value_lineIfET_S0_S0_S0_j @ 0xa9f300
AUTO: _ZNK7AP_AHRS24get_rotation_body_to_nedEv @ 0xa9f420
AUTO: _ZN15AP_ExternalAHRS13get_singletonEv @ 0xa9f560
AUTO: _ZNK7NavEKF37healthyEv @ 0x5ea830
AUTO: _ZN2AP3insEv @ 0x5ea9a0
AUTO: _ZNK17AP_InertialSensor19get_gyro_health_allEv @ 0x5ea9e0
AUTO: _ZNK17AP_InertialSensor22gyro_calibrated_ok_allEv @ 0x5eaaa0
AUTO: _ZNK17AP_InertialSensor20get_accel_health_allEv @ 0x5eabb0
AUTO: _ZNK17AP_InertialSensor23accel_calibrated_ok_allEv @ 0x5eac70
AUTO: _ZNK10AP_GyroFFT16analysis_enabledEv @ 0xa9f720
AUTO: _ZN7Vector3IfEixEh @ 0xa9fab0
AUTO: _ZN10DigitalLPFIfE6_applyERKfS2_ @ 0xa9fe10
AUTO: _Z15constrain_int16sss @ 0xaa0410
AUTO: _Z15constrain_valueIsET_S0_S0_S0_ @ 0xaa04a0
AUTO: _ZNK10ByteBuffer5spaceEv @ 0x5ed8b0
AUTO: _ZN10ByteBuffer5writeEPKhj @ 0x5edb10
AUTO: _ZN10ByteBuffer7reserveEPNS_5IoVecEj @ 0x5edc30
AUTO: _ZN10ByteBuffer6commitEj @ 0x5ede60
AUTO: _ZNK10ByteBuffer8get_sizeEv @ 0xaa0550
AUTO: _ZNK17AP_InertialSensor14get_gyro_countEv @ 0xaa05e0
AUTO: _ZNK17AP_InertialSensor4_useEh @ 0xaa0650
AUTO: _ZNK17AP_InertialSensor8_gyro_idEh @ 0xaa06b0
AUTO: _ZN17AP_InertialSensor8_gyro_idEh @ 0xaa0710
AUTO: _ZN17AP_InertialSensor4_useEh @ 0xaa0780
AUTO: _ZL3MINIihEDTqultfp_fp0_fp_fp0_ERKT_RKT0_.4077 @ 0x5ee390
AUTO: _ZNK7AP_EnumIN22AP_InertialSensor_TCal6EnableEEcvKS1_Ev @ 0xaa0850
AUTO: _ZN17AP_InertialSensor4tcalEh @ 0xaa08a0
AUTO: _ZNK17AP_InertialSensor8get_gyroEv @ 0xaa0910
AUTO: _ZNK17AP_InertialSensor8use_gyroEh @ 0x5ee550
AUTO: _ZNK17AP_InertialSensor8get_gyroEh @ 0xaa0970
AUTO: _ZNK17AP_InertialSensor15get_gyro_healthEh @ 0xaa09e0
AUTO: _ZNK17AP_InertialSensor15get_accel_countEv @ 0xaa0a80
AUTO: _ZL3MINIihEDTqultfp_fp0_fp_fp0_ERKT_RKT0_ @ 0x5ee7d0
AUTO: _ZNK17AP_InertialSensor9get_accelEv @ 0xaa0af0
AUTO: _ZNK17AP_InertialSensor9use_accelEh @ 0x5ee860
AUTO: _ZNK17AP_InertialSensor9get_accelEh @ 0xaa0b50
AUTO: _ZNK17AP_InertialSensor16get_accel_healthEh @ 0xaa0bc0
AUTO: _ZNK17AP_InertialSensor13_accel_offsetEh @ 0xaa0c60
AUTO: _ZNK9AP_ParamVI7Vector3IfEL11ap_var_type5EE3getEv @ 0xaa0cc0
AUTO: _ZNK7Vector3IfE7is_zeroEv @ 0xaa0d10
AUTO: _ZNK17AP_InertialSensor12_accel_scaleEh @ 0xaa0dc0
AUTO: _ZNK17AP_InertialSensor9_accel_idEh @ 0xaa0e20
AUTO: _Z8is_equalIffENSt3__19enable_ifIXsr3std17is_floating_pointINS0_11common_typeIJT_T0_EE4typeEEE5valueEbE4typeES3_S4_ @ 0xaa0e80
AUTO: _ZN17AP_InertialSensor9_accel_idEh @ 0xaa0f00
AUTO: _ZN17AP_InertialSensor12_accel_scaleEh @ 0xaa0f70
AUTO: _ZN17AP_InertialSensor13_accel_offsetEh @ 0xaa0fe0
AUTO: _ZNK17AP_InertialSensor18gyro_calibrated_okEh @ 0xaa1050
AUTO: _ZN17AP_InertialSensor13get_singletonEv @ 0x5ee920
AUTO: _ZN8AP_Param17get_default_valueEPKS_RKNS_9GroupInfoE @ 0x5ef840
AUTO: _ZN13AP_ParamTBaseIiL11ap_var_type3EE3setERKi @ 0xaa1700
AUTO: _ZNK8AP_Param13find_var_infoEPjRPKNS_9GroupInfoERNS_12GroupNestingEPh @ 0x5f0390
AUTO: _ZNK8AP_Param14copy_name_infoEPKNS_4InfoEPKNS_9GroupInfoERKNS_12GroupNestingEhPcmb @ 0x5f0610
AUTO: _ZNK8AP_Param14send_parameterEPKc11ap_var_typeh @ 0x5f0870
AUTO: _ZNK8AP_Param13cast_to_floatE11ap_var_type @ 0x5f0a10
AUTO: _ZN3GCS20send_parameter_valueEPKc11ap_var_typef @ 0x5f0b00
AUTO: _ZL3MINImmEDTqultfp_fp0_fp_fp0_ERKT_RKT0_.7110 @ 0x5f0c40
AUTO: _ZN11GCS_MAVLINK14mav_param_typeE11ap_var_type @ 0x5f0cc0
AUTO: _ZN8AP_Param16count_parametersEv @ 0x5f0d50
AUTO: _ZN3GCS23send_to_active_channelsEjPKc @ 0x5f0f00
AUTO: _ZN9AP_Logger13get_singletonEv @ 0xaa1f60
AUTO: _ZN9AP_Logger15Write_ParameterEPKcf @ 0x5f1020
AUTO: _ZNK9AP_Logger10quiet_nanfEv @ 0xaa1fa0
AUTO: _ZN17AP_Logger_Backend15Write_ParameterEPKcff @ 0x5f1110
AUTO: _Z14strncpy_notermPcPKcm @ 0x5f1230
AUTO: _ZN17AP_Logger_Backend18WriteCriticalBlockEPKvt @ 0xaa1ff0
AUTO: _ZN17AP_Logger_Backend21WritePrioritisedBlockEPKvtbb @ 0x5f12e0
AUTO: _ZN17AP_Logger_Backend30validate_WritePrioritisedBlockEPKvt @ 0x5f14b0
AUTO: _ZN17AP_Logger_Backend9ShouldLogEb @ 0x5f16a0
AUTO: _ZN17AP_Logger_Backend21ensure_format_emittedEPKvt @ 0x5f1b40
AUTO: _ZNK17AP_Logger_Backend23message_type_from_blockEPKvtR11LogMessages @ 0x5f1c60
AUTO: _ZNK17AP_Logger_Backend28have_emitted_format_for_typeE11LogMessages @ 0xaa2070
AUTO: _ZN17AP_Logger_Backend14Write_Emit_FMTEh @ 0x5f1d50
AUTO: _ZNK9AP_Logger17fill_logstructureER12LogStructureh @ 0x5f1ee0
AUTO: _ZN17AP_Logger_Backend12Write_FormatEPK12LogStructure @ 0x5f2210
AUTO: _ZN17AP_Logger_Backend18Write_Format_UnitsEPK12LogStructure @ 0x5f22e0
AUTO: _ZN17AP_Logger_Backend17Fill_Format_UnitsEPK12LogStructureR16log_Format_Units @ 0x5f2370
AUTO: _ZN17AP_Logger_Backend11Fill_FormatEPK12LogStructureR10log_Format @ 0x5f2470
AUTO: _ZN7BitmaskILt256EE3setEt @ 0xaa20e0
AUTO: _ZNK7BitmaskILt256EE8validateEt @ 0xaa21a0
AUTO: _ZNK9AP_Logger22structure_for_msg_typeEh @ 0x5f25a0
AUTO: _ZL3MINIhmEDTqultfp_fp0_fp_fp0_ERKT_RKT0_.6833 @ 0x5f2660
AUTO: _ZNK9AP_Logger9structureEt @ 0x5f26f0
AUTO: _ZNK7BitmaskILt256EE3getEt @ 0xaa2230
AUTO: _ZNK6AP_HAL4Util14get_soft_armedEv @ 0xaa2300
AUTO: _ZN2AP6loggerEv @ 0x5f2760
AUTO: _Z7is_zeroI9AP_ParamTIfL11ap_var_type4EEEbT_ @ 0xaa2360
AUTO: _ZNK12AP_Scheduler5ticksEv @ 0xaa23c0
AUTO: _ZN6AP_HAL8millis16Ev @ 0x5f29b0
AUTO: _ZNK9AP_Logger13WritesEnabledEv @ 0xaa2520
AUTO: _ZNK19LoggerMessageWriter8finishedEv @ 0xaa2580
AUTO: _ZNK9AP_Logger15in_log_downloadEv @ 0x5f29f0
AUTO: _ZNK9AP_Logger16vehicle_is_armedEv @ 0xaa25e0
AUTO: _ZNK9AP_Logger26log_write_fmt_for_msg_typeEh @ 0x5f2b90
AUTO: mavlink_get_msg_entry @ 0x5f2c40
AUTO: _ZNK3GCS7num_gcsEv @ 0xaa2690
AUTO: _ZNK11GCS_MAVLINK10is_privateEv @ 0xaa26e0
AUTO: _ZNK11GCS_MAVLINK9is_activeEv @ 0xaa2740
AUTO: _ZN11GCS_MAVLINK12send_messageEPKcPK19__mavlink_msg_entry @ 0xaa27c0
AUTO: _ZN11GCS_MAVLINK18check_payload_sizeEt @ 0x5f2d60
AUTO: _mav_finalize_message_chan_send @ 0x5f2e10
AUTO: _Z26mavlink_get_channel_statush @ 0x5f3160
AUTO: _Z17_mav_trim_payloadPKch @ 0x5f3240
AUTO: _ZL13crc_calculatePKht @ 0x5f32e0
AUTO: _ZL21crc_accumulate_bufferPtPKct @ 0x5f3380
AUTO: _ZL14crc_accumulatehPt @ 0x5f3420
AUTO: _Z14comm_send_lock17mavlink_channel_tt @ 0x5f36b0
AUTO: _mavlink_send_uart @ 0x5f3770
AUTO: _Z16comm_send_unlock17mavlink_channel_t @ 0x5f37f0
AUTO: _Z16comm_send_buffer17mavlink_channel_tPKhh @ 0x5f3870
AUTO: _ZL13valid_channel17mavlink_channel_t @ 0x5f39e0
AUTO: _Z24gcs_out_of_space_to_send17mavlink_channel_t @ 0x5f3a90
AUTO: _ZN11GCS_MAVLINK20out_of_space_to_sendEv @ 0xaa2900
AUTO: _ZL8crc_initPt @ 0x5f43c0
AUTO: _ZN11GCS_MAVLINK14channel_statusEv @ 0xaa2960
AUTO: _ZNK11GCS_MAVLINK7txspaceEv @ 0xaa29b0
AUTO: _ZNK11GCS_MAVLINK15packet_overheadEv @ 0xaa2a50
AUTO: _ZN11GCS_MAVLINK20packet_overhead_chanE17mavlink_channel_t @ 0x5f4410
AUTO: _ZL3MINIjjEDTqultfp_fp0_fp_fp0_ERKT_RKT0_.7101 @ 0x5f44f0
AUTO: _ZN11GCS_MAVLINK10is_privateE17mavlink_channel_t @ 0xaa2ab0
AUTO: _ZN8AP_Param8var_infoEt @ 0xaa2b20
AUTO: _ZN8AP_Param14get_group_infoERKNS_4InfoE @ 0x5f4d70
AUTO: _ZN8AP_Param14get_group_infoERKNS_9GroupInfoE @ 0x5f5390
AUTO: _ZN8AP_Param19adjust_group_offsetEtRKNS_9GroupInfoERl @ 0x5f5410
AUTO: _ZN8AP_Param8group_idEPKNS_9GroupInfoEjhh @ 0x5f5530
AUTO: _ZN8AP_Param8get_baseERKNS_4InfoERl @ 0x5f5630
AUTO: _ZNK13AP_ParamTBaseIiL11ap_var_type3EE13cast_to_floatEv @ 0xaa2c60
AUTO: _ZNK8AP_Param19find_var_info_groupEPKNS_9GroupInfoEtjhlPjRS2_RNS_12GroupNestingEPh @ 0x5f57c0
AUTO: _ZN8AP_Param4saveEb @ 0x5f5cc0
AUTO: _ZN17AP_InertialSensor13caltemp_accelEh @ 0xaa2de0
AUTO: _ZNK17AP_InertialSensor15get_temperatureEh @ 0xaa2e50
AUTO: _ZN7Vector3IfE4zeroEv @ 0xaa30b0
AUTO: _ZNK7Vector3IfErmERKS0_ @ 0xaa3110
AUTO: _ZNK7Vector3IfEmlERKS0_ @ 0xaa31f0
AUTO: _Z9safe_sqrtIfEfT_ @ 0xaa3280
AUTO: _ZN11QuaternionTIfE9normalizeEv @ 0xaa3330
AUTO: _ZNK11QuaternionTIfE14get_euler_rollEv @ 0xaa3410
AUTO: _ZNK11QuaternionTIfE15get_euler_pitchEv @ 0xaa34c0
AUTO: _Z9safe_asinIfEfT_ @ 0xaa3530
AUTO: _ZNK11QuaternionTIfE6lengthEv @ 0xaa3610
AUTO: _ZN7Vector3IfE6rotateE8Rotation @ 0xaa3720
AUTO: _ZNK7Matrix3IfEmlERK7Vector3IfE @ 0xaa4700
AUTO: _ZN7Matrix3IfE10from_eulerEfff @ 0xaa48a0
AUTO: _ZN7Matrix3IfEC2Efffffffff @ 0xaa4ad0
AUTO: _ZNK7Vector3IfEplERKS0_ @ 0xaa4c00
AUTO: _ZNK7Vector3IfEdvEf @ 0xaa4cb0
AUTO: _ZNK7AP_AHRS13get_pitch_radEv @ 0xaa4da0
AUTO: _Z4normIffJEEdT_T0_DpKT1_ @ 0xaa4e90
AUTO: _ZN7Vector3IfEpLERKS0_ @ 0xaa4f00
AUTO: _ZN15ObjectBuffer_TSIN8AP_Param10param_saveEE4peekERS1_ @ 0xaa4fa0
AUTO: _ZN15ObjectBuffer_TSIN8AP_Param10param_saveEE4pushERKS1_ @ 0xaa5050
AUTO: _ZN10ByteBuffer9peekbytesEPhj @ 0x5f6d50
AUTO: _ZN10ByteBuffer9peekiovecEPNS_5IoVecEj @ 0x5f6e60
AUTO: _ZNK10ByteBuffer9availableEv @ 0x5f6fb0
AUTO: _ZN10ByteBuffer7readptrERj @ 0x5f7290
AUTO: _ZNK7Vector3IfEngEv @ 0xaa5130
AUTO: _ZN2AP4sitlEv @ 0x5f7690
AUTO: _ZN2AP4baroEv @ 0x5f76d0
AUTO: _ZNK7AP_Baro11all_healthyEv @ 0x5f78e0
AUTO: _ZNK6AP_GPS6statusEv @ 0xaa5210
AUTO: _ZNK7AP_Baro12get_pressureEv @ 0xaa5270
AUTO: _ZNK7AP_Baro23get_altitude_differenceEff @ 0x5f7990
AUTO: _ZNK7AP_Baro26get_altitude_from_pressureEf @ 0x5f7a30
AUTO: _ZL33find_atmosphere_layer_by_pressuref @ 0x5f7c90
AUTO: _ZNK7AP_Baro17get_altitude_AMSLEv @ 0xaa52d0
AUTO: _ZN7AP_Baro29geopotential_alt_to_geometricEf @ 0x5f7d40
AUTO: _ZNK7AP_Baro17get_altitude_AMSLEh @ 0xaa5330
AUTO: _ZNK7AP_Baro12get_altitudeEh @ 0xaa53a0
AUTO: _ZNK7AP_Baro12get_pressureEh @ 0xaa5410
AUTO: _ZNK7AP_Baro7healthyEh @ 0x5f7da0
AUTO: _ZN7AP_Baro13get_singletonEv @ 0xaa5480
AUTO: _ZN4SITL3SIM13get_singletonEv @ 0xaa54c0
AUTO: _ZNK6AP_HAL4Util18was_watchdog_armedEv @ 0xaa5500
AUTO: _ZNK9AP_Logger15logging_presentEv @ 0x5f8480
AUTO: _ZNK9AP_Logger15logging_startedEv @ 0x5f8570
AUTO: _ZNK11RC_Channels17option_is_enabledENS_6OptionE @ 0xaa55d0
AUTO: _ZNK11RC_Channels16get_roll_channelEv @ 0x5f87d0
AUTO: _ZNK11RC_Channels17get_pitch_channelEv @ 0x5f8840
AUTO: _ZNK11RC_Channels15get_yaw_channelEv @ 0x5f88b0
AUTO: _ZNK10RC_Channel14get_control_inEv @ 0xaa5650
AUTO: _ZNK11RC_Channels20get_throttle_channelEv @ 0x5f8920
AUTO: _ZN11RC_Channels23find_channel_for_optionEN10RC_Channel8AUX_FUNCE @ 0x5f8990
AUTO: _ZN2AP5rcmapEv @ 0x5f8c10
AUTO: _ZNK8RCMapper8throttleEv @ 0xaa5700
AUTO: _ZNK11RC_Channels25get_rcmap_channel_nonnullEh @ 0x5f8c50
AUTO: _ZN11RC_Channels10rc_channelEh @ 0xaa5760
AUTO: _ZN8RCMapper13get_singletonEv @ 0xaa57c0
AUTO: _ZNK8RCMapper3yawEv @ 0xaa5800
AUTO: _ZNK8RCMapper5pitchEv @ 0xaa5860
AUTO: _ZNK8RCMapper4rollEv @ 0xaa58c0
AUTO: _ZNK11RC_Channels19flight_mode_channelEv @ 0x5f8ce0
AUTO: _ZNK10RC_Channel11get_reverseEv @ 0x5f93b0
AUTO: _ZNK5Plane21flight_option_enabledE13FlightOptions @ 0x5f9980
AUTO: _ZNK10AP_Mission28get_in_landing_sequence_flagEv @ 0xaa5ca0
AUTO: _ZN10AP_Mission16get_next_nav_cmdEtRNS_15Mission_CommandE @ 0x5f9d00
AUTO: _ZN10AP_Mission12get_next_cmdEtRNS_15Mission_CommandEbb @ 0x5f9e10
AUTO: _ZN10AP_Mission10is_nav_cmdERKNS_15Mission_CommandE @ 0x5fa100
AUTO: _ZNK9QuadPlane7enabledEv @ 0xaa5d80
AUTO: _ZNK10Tailsitter7enabledEv @ 0xaa5df0
AUTO: _Z11is_positiveI9AP_ParamTIfL11ap_var_type4EEEbT_ @ 0xaa6080
AUTO: _ZN11AP_Airspeed13get_singletonEv @ 0xaa64d0
AUTO: _ZNK11AP_Airspeed7enabledEh @ 0x5faf70
AUTO: _ZNK11AP_Airspeed3useEh @ 0x5fb030
AUTO: _ZNK11AP_Airspeed7healthyEh @ 0x5fb160
AUTO: _ZNK7AP_EnumIN18AP_Airspeed_Params11SkipCalTypeEEcvKS1_Ev @ 0xaa6510
AUTO: _ZNK11AP_Airspeed11lib_enabledEv @ 0x5fb2e0
AUTO: _ZN12SRV_Channels17get_output_scaledEN11SRV_Channel8FunctionE @ 0x5fb330
AUTO: _ZNK10RC_Channel12get_radio_inEv @ 0xaa65a0
AUTO: _ZN2AP5fenceEv @ 0x5fd3a0
AUTO: _ZNK8AC_Fence7presentEv @ 0x5fd980
AUTO: _ZNK8AC_Fence7enabledEv @ 0xaa66b0
AUTO: _ZNK19AC_PolyFence_loader17total_fence_countEv @ 0xaa6900
AUTO: _ZNK7Vector2IfEmiERKS0_ @ 0xaa7030
AUTO: _ZNK7Vector2IfEmlERKS0_ @ 0xaa72a0
AUTO: _ZNK7Vector2IfEmlEf @ 0xaa7320
AUTO: _ZN7Vector2IfEC2Eff @ 0xaa73a0
AUTO: _ZNK8Location15get_distance_NEERKS_ @ 0x5ff000
AUTO: _ZNK19AC_PolyFence_loader27get_exclusion_polygon_countEv @ 0xaa74d0
AUTO: _ZNK19AC_PolyFence_loader27get_inclusion_polygon_countEv @ 0xaa7520
AUTO: _ZNK19AC_PolyFence_loader26get_exclusion_circle_countEv @ 0xaa7570
AUTO: _ZNK19AC_PolyFence_loader26get_inclusion_circle_countEv @ 0xaa75c0
AUTO: _ZN8AC_Fence13get_singletonEv @ 0xaa7610
AUTO: _ZN2AP10visualodomEv @ 0x5ff1c0
AUTO: _ZNK13AP_VisualOdom7enabledEv @ 0x5ff330
AUTO: _ZNK7AP_EnumIN13AP_VisualOdom15VisualOdom_TypeEEcvKS1_Ev @ 0xaa7650
AUTO: _ZN13AP_VisualOdom13get_singletonEv @ 0xaa76a0
AUTO: _ZN6AP_HAL6microsEv @ 0x5ff7a0
AUTO: _ZN2AP5mountEv @ 0x5ff7e0
AUTO: _ZN8AP_Mount13get_singletonEv @ 0xaa7720
AUTO: _ZN2AP3osdEv @ 0x5ffa40
AUTO: _ZN6AP_OSD13get_singletonEv @ 0xaa77c0
AUTO: _ZN2AP9generatorEv @ 0x5ffd90
AUTO: _ZN12AP_Generator13get_singletonEv @ 0x5fff50
AUTO: _ZN2AP3canEv @ 0x5fff90
AUTO: _ZNK13AP_CANManager15get_num_driversEv @ 0xaa78b0
AUTO: _ZNK13AP_CANManager15get_driver_typeEh @ 0xaa7900
AUTO: _ZN13AP_CANManager13get_singletonEv @ 0xaa7b90
AUTO: _ZNK10AP_Terrain14get_statisticsERtS0_ @ 0x600a70
AUTO: _ZNK10AP_Terrain10bitcount64Em @ 0x600c60
AUTO: _ZNK11SRV_Channel12get_functionEv @ 0xaa7cd0
AUTO: _ZNK11SRV_Channel14get_output_minEv @ 0xaa7d90
AUTO: _ZNK11SRV_Channel14get_output_maxEv @ 0xaa7de0
AUTO: _ZN11SRV_Channel13should_e_stopENS_8FunctionE @ 0x600d50
AUTO: _ZN11RangeFinder13get_singletonEv @ 0xaa7e80
AUTO: _ZNK9AP_Logger14logging_failedEv @ 0x601380
AUTO: _ZN2AP7batteryEv @ 0x601500
AUTO: _ZNK14AP_BattMonitor15configured_typeEh @ 0xaa7f70
AUTO: _ZNK14AP_BattMonitor14allocated_typeEh @ 0xaa7fe0
AUTO: _ZNK22AP_BattMonitor_Backend20check_failsafe_typesERbS0_S0_S0_ @ 0x601c30
AUTO: _ZNK21AP_BattMonitor_Params23failsafe_voltage_sourceEv @ 0xaa80c0
AUTO: _ZL3MAXIffEDTqugtfp_fp0_fp_fp0_ERKT_RKT0_.19313 @ 0x602040
AUTO: _ZN14AP_BattMonitor13get_singletonEv @ 0xaa8120
AUTO: _ZNK7Compass14is_calibratingEv @ 0x6020c0
AUTO: _ZNK7Compass7healthyEv @ 0xaa81c0
AUTO: _ZNK7Compass21learn_offsets_enabledEv @ 0xaa8220
AUTO: _ZNK7Compass9get_fieldEv @ 0xaa8350
AUTO: _ZNK7Compass10consistentEv @ 0x602480
AUTO: _ZN14AP_Declination18get_earth_field_gaERK8Location @ 0x602720
AUTO: _ZNK7Vector3IfEmlEf @ 0xaa83b0
AUTO: _ZN14AP_Declination16get_mag_field_efEffRfS0_S0_ @ 0x6029c0
AUTO: _ZL7radiansf.3485 @ 0x602fc0
AUTO: _Z15constrain_int32iii @ 0xaa8450
AUTO: _Z15constrain_valueIiET_S0_S0_S0_ @ 0xaa84c0
AUTO: _ZN11AP_AHRS_DCM11use_compassEv @ 0x603130
AUTO: _ZNK7AP_AHRS15get_fly_forwardEv @ 0xaa85b0
AUTO: _ZNK11AP_AHRS_DCM8have_gpsEv @ 0x6032e0
AUTO: _ZNK6AP_GPS12ground_speedEv @ 0xaa8610
AUTO: _ZL7degreesf.2589 @ 0x603370
AUTO: _ZNK6AP_GPS13ground_courseEv @ 0xaa8670
AUTO: _Z8wrap_180IfET_S0_ @ 0xaa86d0
AUTO: _Z8wrap_360f @ 0x6033c0
AUTO: _ZNK6AP_GPS13ground_courseEh @ 0xaa8760
AUTO: _ZNK6AP_GPS12ground_speedEh @ 0xaa87d0
AUTO: _ZNK7AP_EnumI6GPSUseEcvKS0_Ev @ 0xaa8840
AUTO: _ZNK12NavEKF2_core11use_compassEv @ 0x603440
AUTO: _ZNK7Vector3IfE2xyEv @ 0xaa8890
AUTO: _ZNK7Compass9get_countEv @ 0xaa88e0
AUTO: _ZNK7Compass9get_fieldEh @ 0xaa8930
AUTO: _ZNK7Vector2IfE7is_zeroEv @ 0xaa89b0
AUTO: _ZNK7Vector3IfE5angleERKS0_ @ 0xaa8a40
AUTO: _ZL7radiansf.3200 @ 0x6034e0
AUTO: _ZNK7Vector2IfE5angleERKS0_ @ 0xaa8b50
AUTO: _ZNK7Vector2IfE6lengthEv @ 0xaa8c70
AUTO: _ZNK7Compass11get_offsetsEh @ 0xaa8cd0
AUTO: _ZNK9AP_ParamVI7Vector3IfEL11ap_var_type5EEcvRKS1_Ev @ 0xaa8d50
AUTO: _ZNK14typesafe_indexIh12TAG_PriorityEltERKh @ 0xaa8da0
AUTO: _ZNK14typesafe_indexIh12TAG_PriorityEcvhEv @ 0xaa8e90
AUTO: _ZNK14typesafe_indexIh12TAG_PriorityEplERKh @ 0xaa8ee0
AUTO: _ZN14typesafe_indexIh12TAG_PriorityEppEi @ 0xaa8fe0
AUTO: _ZN19RestrictIDTypeArrayIN7Compass9mag_stateELj4E14typesafe_indexIh14TAG_StateIndexEEixERKS4_ @ 0xaa9050
AUTO: _ZN8AP_Param7set_keyERNS_12Param_headerEt @ 0x603a40
AUTO: _ZN8AP_Param4scanEPKNS_12Param_headerEPt @ 0x603ad0
AUTO: _ZN8AP_Param9type_sizeE11ap_var_type @ 0x603c60
AUTO: _ZNK13StorageAccess4sizeEv @ 0xaa9140
AUTO: _ZN8AP_Param7get_keyERKNS_12Param_headerE @ 0x603d00
AUTO: _ZN8AP_Param11is_sentinalERKNS_12Param_headerE @ 0x603d70
AUTO: _ZNK19RestrictIDTypeArrayIP17CompassCalibratorLj3E14typesafe_indexIh12TAG_PriorityEEixERKS4_ @ 0xaa9190
AUTO: _ZN5Plane9is_flyingEv @ 0x603ec0
AUTO: _ZN10AP_Mission5resetEv @ 0x604150
AUTO: _ZNK9AP_Arming14option_enabledENS_6OptionE @ 0xaa9340
AUTO: _ZN15AP_Arming_Plane17update_soft_armedEv @ 0x604400
AUTO: _ZNK9AP_Arming8is_armedEv @ 0x604840
AUTO: _ZN9AP_Logger17set_vehicle_armedEb @ 0x6048c0
AUTO: _ZN10AP_Mission18init_jump_trackingEv @ 0x6049b0
AUTO: _ZN10AP_Mission16reset_wp_historyEv @ 0x604a40
AUTO: _ZNK9AP_Arming22get_rudder_arming_typeEv @ 0xaa9420
AUTO: _ZN8AC_Fence12clear_breachEh @ 0x605180
AUTO: _ZN9AP_Logger18WriteCriticalBlockEPKvt @ 0x6051f0
AUTO: _ZNK9AP_Arming23is_armed_and_safety_offEv @ 0x6052a0
AUTO: _ZNK9QuadPlane14is_flying_vtolEv @ 0x605330
AUTO: _ZNK9QuadPlane12in_vtol_modeEv @ 0x6054d0
AUTO: _ZNK9QuadPlane15PosControlState9get_stateEv @ 0xaa9650
AUTO: _ZNK9QuadPlane12in_vtol_autoEv @ 0x605750
AUTO: _ZNK10AP_Mission19get_current_nav_cmdEv @ 0xaa96a0
AUTO: _ZNK9QuadPlane15is_vtol_takeoffEt @ 0x605880
AUTO: _ZNK9QuadPlane39landing_with_fixed_wing_spiral_approachEv @ 0x605a40
AUTO: _ZNK9QuadPlane21in_vtol_land_approachEv @ 0x605b50
AUTO: _ZNK9QuadPlane20in_vtol_land_descentEv @ 0x605cb0
AUTO: _ZN5Plane18update_current_locEv @ 0x6064e0
AUTO: _ZNK7AP_AHRS11get_yaw_degEv @ 0xaa9840
AUTO: _ZNK7AP_AHRS28get_relative_position_D_homeERf @ 0x6066f0
AUTO: _ZNK7AP_Baro12get_altitudeEv @ 0xaa9890
AUTO: _ZNK7AP_AHRS30get_relative_position_D_originERd @ 0x606890
AUTO: _ZNK7AP_AHRS11_get_originER8Location @ 0x6069d0
AUTO: _ZNK7AP_AHRS11_get_originENS_7EKFTypeER8Location @ 0x606ab0
AUTO: _ZNK7NavEKF312getOriginLLHER8Location @ 0x606d80
AUTO: _ZNK8Location11initialisedEv @ 0xaa98f0
AUTO: _ZNK12NavEKF3_core12getOriginLLHER8Location @ 0x607060
AUTO: _ZNK12NavEKF2_core12getOriginLLHER8Location @ 0x607150
AUTO: _ZNK8Location7is_zeroEv @ 0x607230
AUTO: _ZNK7NavEKF37getPosDERd @ 0x6073f0
AUTO: _ZNK7Vector3IfE8todoubleEv @ 0xaa9980
AUTO: _ZN7Vector3IdEmLEd @ 0xaa9a00
AUTO: _ZN8Location13offset_latlngERiS0_dd @ 0x6078c0
AUTO: _ZN8Location15limit_lattitudeEi @ 0x6079c0
AUTO: _ZN8Location14wrap_longitudeEl @ 0x607a60
AUTO: _ZN7Vector3IdEC2Eddd @ 0xaa9a90
AUTO: _ZNK12NavEKF3_core7getPosDERd @ 0x607b00
AUTO: _ZNK12NavEKF3_core13getPosD_localERd @ 0x607bd0
AUTO: _ZNK12NavEKF2_core7getPosDERd @ 0x607c60
AUTO: _ZN7Vector3IdEC2Ev @ 0xaa9b20
AUTO: _ZNK11AP_AHRS_DCM12get_locationER8Location @ 0x607e50
AUTO: _ZN8Location6offsetEdd @ 0x608180
AUTO: _ZNK6AP_GPS7get_lagERf @ 0xaa9b80
AUTO: _ZNK6AP_GPS7get_lagEhRf @ 0x608210
AUTO: _ZN8Location16change_alt_frameENS_8AltFrameE @ 0x6084a0
AUTO: _ZN3GCS12send_messageE10ap_message @ 0x608610
AUTO: _ZNK13StorageAccess11write_blockEtPKvm @ 0x608c50
AUTO: _ZN11GCS_MAVLINK12send_messageE10ap_message @ 0x608f40
AUTO: _ZN11GCS_MAVLINK22save_signing_timestampEb @ 0x609050
AUTO: _ZNK11GCS_MAVLINK12is_streamingEv @ 0xaa9d10
AUTO: _ZN7BitmaskILt91EE3setEt @ 0xaa9d70
AUTO: _ZNK7BitmaskILt91EE8validateEt @ 0xaa9e30
AUTO: _ZNK7AP_AHRS10get_originER8Location @ 0x6092e0
AUTO: _ZNK8Location10get_alt_cmENS_8AltFrameERi @ 0x609450
AUTO: _ZN9AP_Logger10WriteBlockEPKvt @ 0x609790
AUTO: _ZN17AP_Logger_Backend10WriteBlockEPKvt @ 0xaa9ec0
AUTO: _ZNK8Location13get_alt_frameEv @ 0x609840
AUTO: _ZN2AP7terrainEv @ 0x609920
AUTO: _ZN10AP_Terrain11height_amslERK8LocationRfb @ 0x609960
AUTO: _ZN10AP_Terrain8allocateEv @ 0x609da0
AUTO: _ZNK10AP_Terrain19calculate_grid_infoERK8LocationRNS_9grid_infoE @ 0x609ec0
AUTO: _ZN10AP_Terrain15find_grid_cacheERKNS_9grid_infoE @ 0x60a330
AUTO: _ZN10AP_Terrain12check_bitmapERKNS_10grid_blockEhh @ 0x60a640
AUTO: _ZN10AP_Terrain11grid_bitnumEhh @ 0x60a700
AUTO: _ZNK10AP_DAL_GPS8locationEv @ 0xaaa000
AUTO: _ZNK10AP_DAL_GPS8locationEh @ 0xaaa060
AUTO: _ZN6AP_DAL9end_frameEv @ 0x60b020
AUTO: _ZN6AP_DAL15WriteLogMessageE11LogMessagesPvPKvh @ 0x60b0a0
AUTO: _ZN9AP_Logger16WriteReplayBlockEhPKvt @ 0x60b1c0
AUTO: _ZNK9AP_Logger10log_replayEv @ 0xaaa0d0
AUTO: _ZNK11AP_Airspeed7healthyEv @ 0xaaa190
AUTO: _ZNK7AP_Baro15get_temperatureEh @ 0xaaa270
AUTO: _ZN11AP_Airspeed15get_temperatureEhRf @ 0x60b8a0
AUTO: _ZNK7AP_AHRS17get_filter_statusER17nav_filter_status @ 0x60bc90
AUTO: _ZNK7AP_AHRS16get_velocity_NEDER7Vector3IfE @ 0x60bdc0
AUTO: _ZN10AP_Terrain23update_reference_offsetEv @ 0x60be40
AUTO: _ZNK9AP_ParamTIfL11ap_var_type4EEngEv @ 0xaaa340
AUTO: _ZNK7NavEKF315getFilterStatusER17nav_filter_status @ 0x60c130
AUTO: _ZNK15AP_ExternalAHRS17get_filter_statusER17nav_filter_status @ 0x60c420
AUTO: _ZNK12NavEKF3_core15getFilterStatusER17nav_filter_status @ 0x60c5b0
AUTO: _ZNK12NavEKF2_core15getFilterStatusER17nav_filter_status @ 0x60c620
AUTO: _ZNK9AP_Arming18get_enabled_checksEv @ 0x60c690
AUTO: _ZN7HALSITL9Semaphore4takeEj @ 0x60c7f0
AUTO: _ZN7HALSITL9Semaphore16take_nonblockingEv @ 0x60c990
AUTO: _ZN6AP_HAL9Semaphore13take_blockingEv @ 0xaaab70
AUTO: _ZN7HALSITL9Semaphore4giveEv @ 0x60ca20
AUTO: _ZN4SITL6AS56006updateERKNS_8AircraftE @ 0x60de50
AUTO: _ZNK4SITL8Aircraft12get_attitudeER11QuaternionTIfE @ 0xaaba10
AUTO: _ZL7degreesf.21535 @ 0x60e220
AUTO: _ZN4SITL17I2CRegisters_8Bit12set_registerEhh @ 0x60e280
AUTO: _ZN4SITL9I2CDevice6updateERKNS_8AircraftE @ 0xaabc00
AUTO: _ZN4SITL13TeraRangerI2C6updateERKNS_8AircraftE @ 0xaabda0
AUTO: _ZNK4SITL8Aircraft17rangefinder_rangeEv @ 0x60e940
AUTO: _Z10rand_floatv @ 0x60ec20
AUTO: _ZN4SITL7INA32216updateERKNS_8AircraftE @ 0x60ef00
AUTO: _ZL15convert_voltagef @ 0x60f380
AUTO: _ZL15convert_currentf @ 0x60f450
AUTO: _ZN4SITL8QMC5883L6updateERKNS_8AircraftE @ 0x60f6b0
AUTO: _ZN7Vector3IfE14rotate_inverseE8Rotation @ 0xaabe10
AUTO: _ZL7htole16t.15963 @ 0x60fac0
AUTO: _ZN7Vector3IsEC2Esss @ 0xaabfc0
AUTO: _ZN4SITL10IS31FL31956updateERKNS_8AircraftE @ 0x60fd30
AUTO: _ZN4SITL17I2CRegisters_8Bit12get_registerEh @ 0xaac160
AUTO: _ZN10SIM_RGBLED11set_coloursEhhh @ 0xaac1c0
AUTO: _ZN4SITL6LM27556updateERKNS_8AircraftE @ 0x610a10
AUTO: _ZNK4SITL6LM275510LEDChannel13current_valueEv @ 0xaac3d0
AUTO: _ZN4SITL6LP55626updateERKNS_8AircraftE @ 0x610fc0
AUTO: _ZN4SITL6LP556210LEDChannel6updateEv @ 0x6112d0
AUTO: _ZNK4SITL6LP556210LEDChannel13current_valueEv @ 0xaac650
AUTO: _ZN4SITL6MS5XXX6updateERKNS_8AircraftE @ 0x6113b0
AUTO: _ZN7AP_Baro37get_pressure_temperature_for_alt_amslEfRfS0_ @ 0x612360
AUTO: _ZN7AP_Baro29geometric_alt_to_geopotentialEf @ 0x612540
AUTO: _ZL33find_atmosphere_layer_by_altitudef @ 0x6125a0
AUTO: _ZN7AP_Baro33get_temperature_by_altitude_layerEfa @ 0x612650
AUTO: _ZN7AP_Baro29get_temperatureC_for_alt_amslEf @ 0x6131d0
AUTO: _ZN4SITL12InvensenseV36updateERKNS_8AircraftE @ 0x613240
AUTO: _ZNK4SITL8ICM4060911accel_scaleEv @ 0xaacba0
AUTO: _ZL7radiansd.15405 @ 0x613d00
AUTO: _ZNK4SITL12InvensenseV310gyro_scaleEv @ 0xaacbf0
AUTO: _ZN4SITL12InvensenseV313write_to_fifoEhPhh @ 0x613d50
AUTO: _ZN4SITL7MCP96006updateERKNS_8AircraftE @ 0x6142b0
AUTO: _ZL7htobe16t.15309 @ 0x614880
AUTO: _ZL10__bswap_16t.15311 @ 0x6148d0
AUTO: _ZNK4SITL31I2CRegisters_ConfigurableLength13get_reg_valueEhRh @ 0x614940
AUTO: _ZN4SITL6TSYS036updateERKNS_8AircraftE @ 0x614d90
AUTO: _ZN4SITL6TSYS016updateERKNS_8AircraftE @ 0x6157e0
AUTO: _ZN4SITL5SHT3x6updateERKNS_8AircraftE @ 0x616410
AUTO: _ZN4SITL13Airspeed_DLVR6updateERKNS_8AircraftE @ 0x616c90
AUTO: _ZN4SITL29SIM_BattMonitor_SMBus_Generic6updateERKNS_8AircraftE @ 0x617770
AUTO: _ZNK4SITL29SIM_BattMonitor_SMBus_Generic15connected_cellsEv @ 0xaad4e0
AUTO: _ZN4SITL21SIM_BattMonitor_SMBus6updateERKNS_8AircraftE @ 0x617fd0
AUTO: _ZNK4SITL8Aircraft19get_battery_voltageEv @ 0xaad530
AUTO: _ZN4SITL11SMBusDevice12set_registerEht @ 0xaad580
AUTO: _ZN4SITL18I2CRegisters_16Bit12set_registerEht @ 0x6180e0
AUTO: _ZN4SITL11SMBusDevice12set_registerEhs @ 0xaad600
AUTO: _ZN4SITL18I2CRegisters_16Bit12set_registerEhs @ 0x618190
AUTO: _ZN4SITL6Rotoye6updateERKNS_8AircraftE @ 0x618430
AUTO: _ZN4SITL11SMBusDevice13get_reg_valueEh @ 0xaad8b0
AUTO: _ZN4SITL18I2CRegisters_16Bit13get_reg_valueEh @ 0xaad920
AUTO: _ZL7be16toht.21586 @ 0x618500
AUTO: _ZL10__bswap_16t.21587 @ 0x618550
AUTO: _ZNK4SITL6Maxell15connected_cellsEv @ 0xaad9e0
AUTO: _ZN4SITL13MaxSonarI2CXL6updateERKNS_8AircraftE @ 0xaadb20
AUTO: _ZN4SITL10ToshibaLED6updateERKNS_8AircraftE @ 0x618810
AUTO: _ZNK6AP_HAL3HAL6serialEh @ 0xaae560
AUTO: _ZL14fill_stack_nanv @ 0x6192d0
AUTO: _ZN7HALSITL9Scheduler13_run_io_procsEv @ 0x619650
AUTO: _ZNK7FunctorIvJEEcvbEv @ 0xaae670
AUTO: _ZNK7FunctorIvJEEclEv @ 0xaae6d0
AUTO: _ZN7HALSITL16I2CDeviceManager11_timer_tickEv @ 0x619860
AUTO: _ZN2AP2RCEv @ 0x619900
AUTO: _ZN13AP_RCProtocol6updateEv @ 0x6199b0
AUTO: _ZN13AP_RCProtocol16check_added_uartEv @ 0x619a00
AUTO: _ZNK13AP_RCProtocol13should_searchEj @ 0x619c70
AUTO: _ZN21AP_RCProtocol_Backend9new_inputEv @ 0x61a3b0
AUTO: _ZNK17AP_RCProtocol_FDM6activeEv @ 0xaae970
AUTO: _ZN6I2CBus11_timer_tickEv @ 0x61a5c0
AUTO: _ZN9AP_Logger6WriteVEPKcS1_S1_S1_S1_P13__va_list_tagbb @ 0x61a6f0
AUTO: _ZN9AP_Logger16msg_fmt_for_nameEPKcS1_S1_S1_S1_bb @ 0x61a8f0
AUTO: _ZN17AP_Logger_Backend5WriteEhP13__va_list_tagbb @ 0x61b1e0
AUTO: _ZNK9AP_Logger24assert_same_fmt_for_nameEPKNS_13log_write_fmtEPKcS4_S4_S4_S4_ @ 0x61bd60
AUTO: _ZNK9AP_Logger18find_free_msg_typeEv @ 0x61c210
AUTO: _ZNK9AP_Logger18Write_calc_msg_lenEPKc @ 0x61c2c0
AUTO: _ZL3MINImmEDTqultfp_fp0_fp_fp0_ERKT_RKT0_.6818 @ 0x61c550
AUTO: _ZN9AP_Logger18validate_structureEPK12LogStructures @ 0x61c5d0
AUTO: _ZN3GCS14update_receiveEv @ 0x61d0d0
AUTO: _ZN3GCS11update_sendEv @ 0x61d180
AUTO: _ZN19MissionItemProtocol6updateEv @ 0x61d4c0
AUTO: _ZN11GCS_MAVLINK11update_sendEv @ 0x61d690
AUTO: _ZN3GCS18service_statustextEv @ 0x61da70
AUTO: _ZN3GCS15StatusTextQueue9semaphoreEv @ 0xaaebd0
AUTO: _ZNK11ObjectArrayIN3GCS12statustext_tEE8is_emptyEv @ 0xaaec20
AUTO: _ZN11GCS_MAVLINK18service_statustextEv @ 0x61dbe0
AUTO: _ZN3GCS15StatusTextQueue5pruneEv @ 0x61de20
AUTO: _ZNK11ObjectArrayIN3GCS12statustext_tEE9availableEv @ 0xaaec80
AUTO: _ZN11ObjectArrayIN3GCS12statustext_tEEixEt @ 0xaaecd0
AUTO: _ZN11ObjectArrayIN3GCS12statustext_tEE6removeEt @ 0xaaed70
AUTO: _ZN11ObjectArrayIN3GCS12statustext_tEE3popEv @ 0xaaeec0
AUTO: _ZN3GCS16statustext_queueEv @ 0xaaef70
AUTO: _Z14comm_chan_lock17mavlink_channel_t @ 0x61df50
AUTO: _ZL27mavlink_msg_statustext_send17mavlink_channel_thPKcth @ 0x61dfb0
AUTO: _ZL16mav_array_memcpyPvPKvm.7264 @ 0x61e090
AUTO: _ZN9AP_Logger15handle_log_sendEv @ 0x61e130
AUTO: _ZN22GCS_MAVLINK_InProgress11check_tasksEv @ 0x61e800
AUTO: _ZNK3GCS11out_of_timeEv @ 0x61e9f0
AUTO: _ZN11GCS_MAVLINK30deferred_message_to_send_indexEt @ 0x61ead0
AUTO: _ZN11GCS_MAVLINK19do_try_send_messageE10ap_message @ 0x61ecb0
AUTO: _ZNK7BitmaskILt91EE9first_setEv @ 0xaaefc0
AUTO: _ZN7BitmaskILt91EE5clearEt @ 0xaaf090
AUTO: _ZN11GCS_MAVLINK36next_deferred_bucket_message_to_sendEt @ 0x61ede0
AUTO: _ZNK7BitmaskILt91EE5countEv @ 0xaaf150
AUTO: _ZNK11GCS_MAVLINK26get_reschedule_interval_msERKNS_25deferred_message_bucket_tE @ 0x61ef10
AUTO: _ZN11GCS_MAVLINK24find_next_bucket_to_sendEt @ 0x61f010
AUTO: _ZN7BitmaskILt91EEaSERKS0_ @ 0xaaf220
AUTO: _ZNK11GCS_MAVLINK24requesting_mission_itemsEv @ 0x61f1e0
AUTO: _ZN7GCS_FTP16get_last_send_msE17mavlink_channel_t @ 0x61f2d0
AUTO: _ZNK11GCS_MAVLINK17telemetry_delayedEv @ 0x61f470
AUTO: _ZNK3GCS11telem_delayEv @ 0xaaf360
AUTO: _ZN14AP_BoardConfig15in_config_errorEv @ 0xaaf3c0
AUTO: _ZNK12AP_Scheduler19time_available_usecEv @ 0x61f540
AUTO: _ZN2AP2FSEv @ 0x61f7c0
AUTO: _ZN19AP_Filesystem_Posix5writeEiPKvj @ 0x61fb60
AUTO: _ZN21AP_Filesystem_Backend17bytes_until_fsyncEi @ 0xaaf400
AUTO: _ZN19AP_Filesystem_Posix9disk_freeEPKc @ 0x620350
AUTO: _ZNK21AP_Filesystem_Backend15file_op_allowedEv @ 0x620a80
AUTO: _ZL12map_filenamePKc @ 0x620b20
AUTO: _ZL17map_filename_freePKc @ 0x620bc0
AUTO: _Z16comm_get_txspace17mavlink_channel_t @ 0x620d10
AUTO: _ZL28mavlink_msg_command_ack_send17mavlink_channel_tthhihh @ 0x620da0
AUTO: _ZN11GCS_MAVLINK23set_ap_message_intervalE10ap_messaget @ 0x621210
AUTO: _ZNK11GCS_MAVLINK20cap_message_intervalEt @ 0x621630
AUTO: _ZNK11GCS_MAVLINK26get_deferred_message_indexE10ap_message @ 0x621700
AUTO: _ZNK7BitmaskILt91EE3getEt @ 0xaaf640
AUTO: _ZN12AP_Scheduler18get_loop_period_usEv @ 0xaaf710
AUTO: _ZNK13AP_Filesystem13backend_by_fdERi @ 0x621f80
AUTO: _ZNK13AP_Filesystem15backend_by_pathERPKc @ 0x622050
AUTO: _ZN11GCS_MAVLINK39initialise_message_intervals_for_streamENS_7streamsE @ 0x622340
AUTO: _ZNK11GCS_MAVLINK23get_interval_for_streamENS_7streamsE @ 0x622540
AUTO: _ZNK11GCS_MAVLINK8get_chanEv @ 0xaaf7b0
AUTO: _ZN19AC_PolyFence_loader13check_indexedEv @ 0x6256b0
AUTO: _Z11is_negativeIfEbT_ @ 0xab0490
AUTO: _ZN10AP_Mission26mission_cmd_to_mavlink_intERKNS_15Mission_CommandER28__mavlink_mission_item_int_t @ 0x629720
AUTO: _ZN11GCS_MAVLINK14update_receiveEj @ 0x62ae30
AUTO: _ZN3GCS15update_passthruEv @ 0x62b300
AUTO: _ZN16AP_SerialManager12get_passthruERPN6AP_HAL10UARTDriverES3_RhRjS5_ @ 0x62b830
AUTO: _ZN6AP_HAL10UARTDriver11read_lockedEPhmj @ 0x62c2b0
AUTO: _ZNK11GCS_MAVLINK6lockedEv @ 0xab0780
AUTO: _ZNK7FunctorIbJhPN6AP_HAL10UARTDriverEEEcvbEv @ 0xab07e0
AUTO: _ZN11GCS_MAVLINK14channel_bufferEv @ 0xab08c0
AUTO: mavlink_frame_char_buffer @ 0x62c990
AUTO: _ZN12AP_Scripting14handle_messageERK17__mavlink_message17mavlink_channel_t @ 0x62d230
AUTO: _ZN11GCS_MAVLINK13send_timesyncEv @ 0x62d420
AUTO: _ZN11GCS_MAVLINK17log_mavlink_statsEv @ 0x62d490
AUTO: _ZNK11GCS_MAVLINK15signing_enabledEv @ 0x62d610
AUTO: _ZNK11GCS_MAVLINK21timesync_timestamp_nsEv @ 0x62d6b0
AUTO: _ZL25mavlink_msg_timesync_send17mavlink_channel_tll @ 0x62d710
AUTO: mavlink_start_checksum @ 0x62d7b0
AUTO: mavlink_update_checksum @ 0x62d810
AUTO: _ZL12count_commasPKc @ 0x62dce0
AUTO: _ZNK9AP_Logger21labels_string_is_goodEPKc @ 0x62dd80
AUTO: _ZNK9AP_Logger15msg_type_in_useEh @ 0x62e150
AUTO: _Z9fill_nanfPft @ 0x62e250
AUTO: _ZN10ByteBuffer7advanceEj @ 0x6312e0
AUTO: _ZN5Empty11OpticalFlow9push_gyroEfff @ 0xab1790
AUTO: _ZN5Empty11OpticalFlow14push_gyro_biasEff @ 0xab1800
AUTO: _ZN6AP_HAL4Util14set_soft_armedEb @ 0x631e00
AUTO: _ZNK7HALSITL4Util18was_watchdog_resetEv @ 0xab1ad0
AUTO: _ZN7HALSITL4Util19safety_switch_stateEv @ 0x631f90
AUTO: _ZN7HALSITL4Util16available_memoryEv @ 0xab1fc0
AUTO: _ZN7HALSITL4Util8uart_logEv @ 0x632570
AUTO: _ZN6AP_HAL4Util14log_stack_infoEv @ 0xab2360
AUTO: _ZN6AP_HAL10UARTDriver9log_statsEhRNS0_12StatsTrackerEj @ 0x632740
AUTO: _ZN6AP_HAL10UARTDriver12StatsTracker11ByteTracker6updateEj @ 0x6328e0
AUTO: _ZN7HALSITL8RCOutput20_safety_switch_stateEv @ 0xab2400
AUTO: _ZN6AP_HAL10UARTDriver5writeEPKhm @ 0x634e10
AUTO: _ZN6AP_HAL10UARTDriver9availableEv @ 0x634f50
AUTO: _ZN6AP_HAL10UARTDriver4readEv @ 0x634fd0
AUTO: _ZN6AP_HAL10UARTDriver4readERh @ 0x635050
AUTO: _ZN6AP_HAL10UARTDriver4readEPht @ 0x635150
AUTO: _ZN7HALSITL10UARTDriver7txspaceEv @ 0x6351c0
AUTO: _ZN7HALSITL10UARTDriver11_timer_tickEv @ 0x635540
AUTO: _ZN7HALSITL10UARTDriver26receive_time_constraint_usEt @ 0x6355a0
AUTO: _ZN7HALSITL10UARTDriver6_writeEPKhm @ 0x636270
AUTO: _ZN7HALSITL10UARTDriver5_readEPht @ 0x636440
AUTO: _ZN7HALSITL10UARTDriver10_availableEv @ 0x636630
AUTO: _ZNK7HALSITL10UARTDriver18get_total_tx_bytesEv @ 0xab4b90
AUTO: _ZNK7HALSITL10UARTDriver18get_total_rx_bytesEv @ 0xab4be0
AUTO: _ZNK6AP_HAL10UARTDriver26get_total_dropped_rx_bytesEv @ 0xab4c30
AUTO: _ZN7HALSITL10UARTDriver17_check_connectionEv @ 0x636720
AUTO: _ZN7HALSITL10UARTDriver13_select_checkEi @ 0x636860
AUTO: _ZN10ByteBuffer4readEPhj @ 0x636a70
AUTO: _ZN7HALSITL10UARTDriver41handle_writing_from_writebuffer_to_deviceEv @ 0x636b10
AUTO: _ZN7HALSITL10UARTDriver16_check_reconnectEv @ 0x636ec0
AUTO: _ZL3MINIjjEDTqultfp_fp0_fp_fp0_ERKT_RKT0_.14591 @ 0x6372c0
AUTO: _ZNK4SITL12SerialDevice15write_to_deviceEPKcm @ 0x637340
AUTO: _ZNK4SITL12SerialDevice18write_to_autopilotEPKcm @ 0x63a6a0
AUTO: _ZNK4SITL12SerialDevice13is_match_baudEv @ 0x63a760
AUTO: _ZNK4SITL3GPS18write_to_autopilotEPKcm @ 0x63a890
AUTO: _ZNK4SITL3GPS11device_baudEv @ 0x63aab0
AUTO: _Z8wrap_180IdET_S0_ @ 0xab6220
AUTO: _Z8wrap_360d @ 0x63d940
AUTO: _ZNK4SITL12SerialDevice19read_from_autopilotEPcm @ 0x63d9e0
AUTO: _ZN4SITL8Aircraft11rand_normalEdd @ 0x640920
AUTO: _Z7is_zerod @ 0xab8350
AUTO: _ZN7HALSITL10UARTDriver40handle_reading_from_device_to_readbufferEv @ 0x6432d0
AUTO: _ZNK4SITL12SerialDevice16read_from_deviceEPcm @ 0x643760
AUTO: _ZN7HALSITL8AnalogIn13board_voltageEv @ 0xab9860
AUTO: _ZN6AP_HAL8AnalogIn17servorail_voltageEv @ 0xab98b0
AUTO: _ZN6AP_HAL8AnalogIn18power_status_flagsEv @ 0xab9900
AUTO: _ZN7HALSITL9ADCSource7set_pinEh @ 0x6443a0
AUTO: _ZN7HALSITL9ADCSource15voltage_averageEv @ 0x644420
AUTO: _ZN7HALSITL9ADCSource14voltage_latestEv @ 0x644470
AUTO: _ZN7HALSITL9ADCSource27voltage_average_ratiometricEv @ 0xab9a00
AUTO: _ZN7HALSITL4GPIO13usb_connectedEv @ 0x644bd0
AUTO: _ZN7HALSITL8RCOutput9enable_chEh @ 0x644fd0
AUTO: _ZN7HALSITL8RCOutput10disable_chEh @ 0x645060
AUTO: _ZN7HALSITL8RCOutput5writeEht @ 0x6450f0
AUTO: _ZN6AP_HAL8RCOutput20update_channel_masksEv @ 0xaba2e0
AUTO: _ZN7HALSITL8RCOutput4corkEv @ 0x645220
AUTO: _ZN7HALSITL8RCOutput4pushEv @ 0x6452b0
AUTO: _ZN7HALSITL8RCOutput4readEh @ 0x6453e0
AUTO: _ZN7HALSITL8RCOutput4readEPth @ 0x645470
AUTO: _ZN6AP_HAL8RCOutput16set_default_rateEt @ 0xabab80
AUTO: _ZN17AP_ESC_Telem_SITL6updateEv @ 0x645890
AUTO: _ZL3MAXIffEDTqugtfp_fp0_fp_fp0_ERKT_RKT0_.21054 @ 0x645a60
AUTO: _ZN20AP_ESC_Telem_Backend10update_rpmEhff @ 0x645ae0
AUTO: _ZN20AP_ESC_Telem_Backend17update_telem_dataEhRKNS_13TelemetryDataEt @ 0x645b70
AUTO: _ZN12AP_ESC_Telem17update_telem_dataEhRKN20AP_ESC_Telem_Backend13TelemetryDataEt @ 0x645c00
AUTO: _ZN12AP_ESC_Telem10update_rpmEhff @ 0x645ee0
AUTO: _ZL3MAXIjjEDTqugtfp_fp0_fp_fp0_ERKT_RKT0_.10617 @ 0x646040
AUTO: _Z16constrain_uint32jjj @ 0xabb0b0
AUTO: _Z15constrain_valueIjET_S0_S0_S0_ @ 0xabb120
AUTO: _ZN7HALSITL7RCInput9new_inputEv @ 0x6461d0
AUTO: _ZN7HALSITL7RCInput12num_channelsEv @ 0x646230
AUTO: _ZN7HALSITL7RCInput4readEh @ 0x646290
AUTO: _ZN13AP_RCProtocol4readEh @ 0x646540
AUTO: _ZN21AP_RCProtocol_Backend4readEh @ 0x6465d0
AUTO: _ZN13AP_RCProtocol12num_channelsEv @ 0x646630
AUTO: _ZNK21AP_RCProtocol_Backend12num_channelsEv @ 0x6466b0
AUTO: _ZN13AP_RCProtocol9new_inputEv @ 0x646700
AUTO: _ZN13AP_RCProtocol21detect_async_protocolENS_12rcprotocol_tE @ 0x6468c0
AUTO: _ZNK13AP_RCProtocol10using_uartEv @ 0xabb6b0
AUTO: _ZN17AP_RCProtocol_FDM6updateEv @ 0x647510
AUTO: _ZN21AP_RCProtocol_Backend9add_inputEhPtbss @ 0x6476f0
AUTO: _ZL3MINIhiEDTqultfp_fp0_fp_fp0_ERKT_RKT0_.20689 @ 0x647850
AUTO: _ZN13AP_RCProtocol19set_failsafe_activeEb @ 0xabc080
AUTO: _ZN21AP_RCProtocol_Backend6updateEv @ 0xabc190
AUTO: _ZN17AP_RCProtocol_UDP6updateEv @ 0x6478d0
AUTO: _ZN17AP_RCProtocol_UDP21read_all_socket_inputEv @ 0x647b30
AUTO: _ZN16SocketAPM_native4recvEPvmj @ 0x647dd0
AUTO: _ZN16SocketAPM_native6pollinEj @ 0x648000
AUTO: _ZNK16SocketAPM_native11get_read_fdEv @ 0xabc2c0
AUTO: _ZN18AP_RCProtocol_GHST6updateEv @ 0x648860
AUTO: _ZNK12NavEKF3_core12getVariancesERfS0_S0_R7Vector3IfES0_R7Vector2IfE @ 0x64a970
AUTO: _ZL3MAXIddEDTqugtfp_fp0_fp_fp0_ERKT_RKT0_.5309 @ 0x64ab70
AUTO: _ZNK7Vector2IdE7tofloatEv @ 0xabc9f0
AUTO: _ZNK12NavEKF2_core12getVariancesERfS0_S0_R7Vector3IfES0_R7Vector2IfE @ 0x64abf0
AUTO: _ZL3MAXIddEDTqugtfp_fp0_fp_fp0_ERKT_RKT0_.4705 @ 0x64adf0
AUTO: _ZN3GCS23get_sensor_status_flagsERjS0_S0_ @ 0x64aee0
AUTO: _ZN3GCS26update_sensor_status_flagsEv @ 0x64afa0
AUTO: _ZNK7AP_AHRS11initialisedEv @ 0x64b760
AUTO: _ZNK7AP_AHRS17have_inertial_navEv @ 0x64b890
AUTO: _ZNK7AP_Baro13num_instancesEv @ 0xabca50
AUTO: _ZNK6AP_GPS10is_healthyEv @ 0xabcaa0
AUTO: _ZNK14AP_BattMonitor13num_instancesEv @ 0xabcb00
AUTO: _ZNK14AP_BattMonitor7healthyEv @ 0x64b8f0
AUTO: _ZNK14AP_BattMonitor13has_failsafedEv @ 0xabcb50
AUTO: _ZNK17AP_InertialSensor11calibratingEv @ 0x64b9e0
AUTO: _ZNK9AP_Logger15logging_enabledEv @ 0x64bab0
AUTO: _ZNK6AP_GPS15logging_presentEv @ 0xabcbb0
AUTO: _ZNK6AP_GPS15logging_enabledEv @ 0xabcc20
AUTO: _ZNK6AP_GPS14logging_failedEv @ 0x64bb80
AUTO: _ZNK7AP_AHRS12get_ekf_typeEv @ 0xabcc90
AUTO: _ZNK8AC_Fence18sys_status_enabledEv @ 0x64bc60
AUTO: _ZNK8AC_Fence18sys_status_presentEv @ 0x64bd00
AUTO: _ZNK8AC_Fence17sys_status_failedEv @ 0x64bd60
AUTO: _ZNK11AP_Airspeed7enabledEv @ 0xabccf0
AUTO: _ZNK11AP_Airspeed3useEv @ 0xabcd50
AUTO: _ZNK7AP_AHRS23airspeed_sensor_enabledEv @ 0xabcdb0
AUTO: _ZNK11AP_Airspeed11all_healthyEv @ 0x64bdf0
AUTO: _ZN2AP11opticalflowEv @ 0x64beb0
AUTO: _ZNK14AP_OpticalFlow7enabledEv @ 0xabce00
AUTO: _ZNK14AP_OpticalFlow7healthyEv @ 0xabce70
AUTO: _ZN2AP6armingEv @ 0x64bef0
AUTO: _ZNK11RC_Channels22has_ever_seen_rc_inputEv @ 0xabcef0
AUTO: _ZN9AP_Arming13get_singletonEv @ 0x64bf30
AUTO: _ZNK7AP_EnumIN14AP_OpticalFlow4TypeEEcvKS1_Ev @ 0xabcf50
AUTO: _ZN14AP_OpticalFlow13get_singletonEv @ 0xabcfa0
AUTO: _ZN15AP_AHRS_Backend23airspeed_sensor_enabledEv @ 0xabcfe0
AUTO: _ZN2AP8airspeedEv @ 0x64bf70
AUTO: _ZNK8AC_Fence12get_breachesEv @ 0xabd070
AUTO: _ZNK7AP_EnumIN8AC_Fence6ActionEEcvKS1_Ev @ 0xabd0c0
AUTO: _ZNK14AP_BattMonitor7healthyEh @ 0x64c030
AUTO: _ZNK6AP_GPS8num_satsEv @ 0xabd2d0
AUTO: _ZNK8Location14get_bearing_toERKS_ @ 0xabd330
AUTO: _ZNK8Location11get_bearingERKS_ @ 0x64ccd0
AUTO: _ZL9rad_to_cdf @ 0x64cde0
AUTO: _ZNK6AP_GPS8num_satsEh @ 0xabd3b0
AUTO: _ZNK14AP_BattMonitor12current_ampsERfh @ 0x64cf20
AUTO: _ZNK14AP_BattMonitor12consumed_mahERfh @ 0x64d010
AUTO: _ZN9AP_Logger14WriteStreamingEPKcS1_S1_z @ 0x64dd30
AUTO: _ZN22AP_RCProtocol_DroneCAN6updateEv @ 0x64df90
AUTO: _ZNK16AP_SerialManager11find_serialENS_14SerialProtocolEh @ 0x64f380
AUTO: _ZN9AP_Notify6updateEv @ 0x6525f0
AUTO: _ZN2AP3srvEv @ 0x652790
AUTO: _ZN12SRV_Channels4corkEv @ 0x6527d0
AUTO: _ZN12SRV_Channels4pushEv @ 0x652830
AUTO: _ZN16AP_Volz_Protocol6updateEv @ 0x6529e0
AUTO: _ZN10AP_SBusOut6updateEv @ 0x652cb0
AUTO: _ZN15AP_RobotisServo6updateEv @ 0x652e30
AUTO: _ZN16AP_FETtecOneWire6updateEv @ 0x6530a0
AUTO: _ZN2AP6kdecanEv @ 0x653390
AUTO: _ZN9AP_KDECAN6updateEv @ 0x6533d0
AUTO: _ZN12SRV_Channels12find_channelEN11SRV_Channel8FunctionERh @ 0x653db0
AUTO: _ZN11SRV_Channel8calc_pwmEf @ 0x653e80
AUTO: _ZNK11SRV_Channel21pwm_from_scaled_valueEf @ 0x653f70
AUTO: _ZNK11SRV_Channel14pwm_from_angleEf @ 0x654010
AUTO: _ZNK11SRV_Channel14pwm_from_rangeEf @ 0x654210
AUTO: _ZN9AP_KDECAN13get_singletonEv @ 0xabfd10
AUTO: _ZN16AP_FETtecOneWire4initEv @ 0x655b40
AUTO: _ZN16AP_FETtecOneWire9init_uartEv @ 0x657110
AUTO: _Z18linear_interpolatefffff @ 0x6597d0
AUTO: _ZL10swap_floatRfS_ @ 0x659900
AUTO: _ZN12SRV_Channels13get_singletonEv @ 0xac0770
AUTO: _ZNK10AP_Mission21get_current_nav_indexEv @ 0xac0b00
AUTO: _ZNK7AP_AHRS13wind_estimateEv @ 0xac0b80
AUTO: _ZN10AP_Terrain20height_above_terrainERfb @ 0x65be00
AUTO: _ZNK10AP_Terrain6statusEv @ 0xac0be0
AUTO: _ZNK6AP_GPS8get_hdopEh @ 0xac0cf0
AUTO: _ZNK7AP_AHRS11groundspeedEv @ 0xac0df0
AUTO: _ZN7AP_Baro14get_climb_rateEv @ 0x65c310
AUTO: _ZN16DerivativeFilterIfLh7EE5slopeEv @ 0xac0e90
AUTO: _ZNK11RangeFinder15distance_orientE8Rotation @ 0x65c380
AUTO: _ZNK11RangeFinder13find_instanceE8Rotation @ 0x65c410
AUTO: _ZNK11RangeFinder11get_backendEh @ 0x65c560
AUTO: _Z14float_to_int16f @ 0x65dfc0
AUTO: _ZNK8Location9get_alt_mENS_8AltFrameERf @ 0x65e140
AUTO: _ZN18AP_RCProtocol_CRSF6updateEv @ 0x6607d0
AUTO: _ZN13AP_CRSF_Telem13get_singletonEv @ 0x660e00
AUTO: _ZN13AP_CRSF_Telem13queue_messageE12MAV_SEVERITYPKc @ 0x661850
AUTO: _ZN9AP_Notify13get_singletonEv @ 0xac2630
AUTO: _ZN13AP_ParamTBaseIsL11ap_var_type2EE22set_and_save_ifchangedERKs @ 0xac2c00
AUTO: _ZN2AP10crsf_telemEv @ 0x6645a0
AUTO: _ZNK7AP_AHRS12get_roll_radEv @ 0xac2e20
AUTO: _ZNK7AP_AHRS11get_yaw_radEv @ 0xac2e70
AUTO: _ZN19AP_RCProtocol_SRXL26updateEv @ 0x66a3c0
AUTO: _ZNK14AP_BattMonitor15get_temperatureERfh @ 0x66d4a0
AUTO: _ZN2AP3rtcEv @ 0x66d570
AUTO: _ZNK6AP_RTC12get_utc_usecERm @ 0x66d690
AUTO: _ZN6AP_RTC13get_singletonEv @ 0xac3a80
AUTO: _ZNK11AP_Airspeed12get_airspeedEv @ 0xac3ac0
AUTO: _ZNK11AP_Airspeed12get_airspeedEh @ 0x66d940
AUTO: _ZN2AP9esc_telemEv @ 0x66d9f0
AUTO: _ZNK12AP_ESC_Telem7get_rpmEhRf @ 0x66db90
AUTO: _ZL3MINIffEDTqultfp_fp0_fp_fp0_ERKT_RKT0_.10600 @ 0x66dd30
AUTO: _ZNVK20AP_ESC_Telem_Backend13TelemetryData5staleEv @ 0x66de20
AUTO: _ZN12AP_ESC_Telem13get_singletonEv @ 0x66dea0
AUTO: _ZN17AP_RCProtocol_DSM6updateEv @ 0x6713b0
AUTO: _ZN7HALSITL9Scheduler5delayEt @ 0x672ca0
AUTO: _ZN7HALSITL9Scheduler18delay_microsecondsEt @ 0x672d90
AUTO: _ZN6AP_HAL9Scheduler24delay_microseconds_boostEt @ 0xac4260
AUTO: _ZN6AP_HAL9Scheduler9boost_endEv @ 0xac4370
AUTO: _ZNK6AP_HAL9Scheduler17in_delay_callbackEv @ 0xac43c0
AUTO: _ZN7HALSITL9Scheduler21is_system_initializedEv @ 0xac4420
AUTO: _ZN7HALSITL9Scheduler10stop_clockEm @ 0x673300
AUTO: _ZNK7HALSITL9Scheduler14in_main_threadEv @ 0x6733a0
AUTO: _ZN7HALSITL10SITL_State10wait_clockEm @ 0x673a60
AUTO: _ZNK4SITL8Aircraft11get_speedupEv @ 0xac45d0
AUTO: _ZNK7HALSITL9Scheduler28semaphore_wait_hack_requiredEv @ 0x673c10
AUTO: _ZN7HALSITL10SITL_State15_fdm_input_stepEv @ 0x673c90
AUTO: _ZN7HALSITL10SITL_State16_fdm_input_localEv @ 0x673de0
AUTO: _ZNK7HALSITL9Scheduler22interrupts_are_blockedEv @ 0xac4620
AUTO: _ZN7HALSITL9Scheduler17sitl_begin_atomicEv @ 0xac4680
AUTO: _ZN7HALSITL9Scheduler11timer_eventEv @ 0xac46e0
AUTO: _ZN7HALSITL9Scheduler15sitl_end_atomicEv @ 0x673f80
AUTO: _ZN7HALSITL10SITL_State16_update_airspeedEf @ 0x674020
AUTO: _ZN7HALSITL10SITL_State19_update_rangefinderEv @ 0x674390
AUTO: _ZNK7HALSITL10SITL_State18_sonar_pin_voltageEv @ 0x6743f0
AUTO: _ZN7AP_Baro24get_EAS2TAS_for_alt_amslEf @ 0x674560
AUTO: _ZL2sqf.14351 @ 0x6745e0
AUTO: _ZN7AP_Baro28get_air_density_for_alt_amslEf @ 0x674630
AUTO: _ZL3MAXIffEDTqugtfp_fp0_fp_fp0_ERKT_RKT0_.2718 @ 0x674800
AUTO: _ZN7HALSITL9Scheduler16_run_timer_procsEv @ 0x674880
AUTO: _ZN7HALSITL10SITL_State17_simulator_servosER10sitl_input @ 0x674980
AUTO: _ZN4SITL11JSON_Master7receiveER10sitl_input @ 0x675610
AUTO: _ZN7HALSITL10SITL_State22multicast_servo_updateER10sitl_input @ 0x675ab0
AUTO: _ZN4SITL8Aircraft11update_homeEv @ 0x675b90
AUTO: _ZN4SITL8Aircraft12update_modelERK10sitl_input @ 0x675cf0
AUTO: _ZN4SITL8Aircraft8fill_fdmERNS_8sitl_fdmE @ 0x675d90
AUTO: _ZN7HALSITL8CANIface14num_interfacesEv @ 0xac4720
AUTO: _ZNK4SITL8Aircraft20get_position_relhomeEv @ 0x676960
AUTO: _ZN4SITL11JSON_Master4sendERKNS_8sitl_fdmERK7Vector3IdE @ 0x676a20
AUTO: _ZN7HALSITL17SITL_State_Common10sim_updateEv @ 0x676cc0
AUTO: _ZN7HALSITL10SITL_State14set_height_aglEv @ 0x677510
AUTO: _ZNK4SITL8Aircraft15get_velocity_efEv @ 0xac47b0
AUTO: _ZN4SITL3GPS6updateEv @ 0x6788e0
AUTO: _ZN4SITL12SerialDevice17init_sitl_pointerEv @ 0x67a030
AUTO: _ZN4SITL3GPS24check_backend_allocationEv @ 0x67a0c0
AUTO: _ZN4SITL3GPS16interpolate_dataERKNS_8GPS_DataEj @ 0x67a6d0
AUTO: _ZL3MAXIifEDTqugtfp_fp0_fp_fp0_ERKT_RKT0_.15075 @ 0x67b060
AUTO: _ZNK4SITL11GPS_Backend11device_baudEv @ 0xac4dd0
AUTO: _ZN4SITL11GPS_Backend11update_readEv @ 0x67b1e0
AUTO: _ZNK4SITL11GPS_Backend18write_to_autopilotEPKcm @ 0x67b530
AUTO: _ZNK4SITL11GPS_Backend19read_from_autopilotEPcm @ 0x67b5b0
AUTO: _ZN4SITL11GPS_Backend8gps_timeEv @ 0x67c050
AUTO: _ZN7Vector2IdEC2Edd @ 0xac4ff0
AUTO: _ZNK7Vector2IdE6lengthEv @ 0xac5070
AUTO: _ZN4SITL11GPS_Backend18simulation_timevalEP7timeval @ 0x67c980
AUTO: _ZN4SITL9GPS_UBlox7publishEPKNS_8GPS_DataE @ 0x67f850
AUTO: _Z4normIddJdEEdT_T0_DpKT1_ @ 0xac5710
AUTO: _ZL7degreesf.15163 @ 0x680320
AUTO: _ZN4SITL9GPS_UBlox8send_ubxEhPht @ 0x680850
AUTO: _ZL3MAXIiiEDTqugtfp_fp0_fp_fp0_ERKT_RKT0_.15164 @ 0x680a20
AUTO: _ZNK7Vector3IfE6is_nanEv @ 0xac5790
AUTO: _ZN7Matrix3IfE6rotateERK7Vector3IfE @ 0xac5860
AUTO: _ZNK7Vector2IfE5angleEv @ 0xac5a10
AUTO: _ZN7Matrix3IfEpLERKS0_ @ 0xac5a80
AUTO: _ZNK7Matrix3IfEplERKS0_ @ 0xac5b10
AUTO: _Z2sqIdJddEEdT_DpKT0_ @ 0xac5c30
AUTO: _Z11wrap_360_cdi @ 0x6811d0
AUTO: _ZNK11QuaternionTIfE8to_eulerERfS1_S1_ @ 0xac5cd0
AUTO: _ZNK11QuaternionTIfE13get_euler_yawEv @ 0xac5de0
AUTO: _ZNK7Vector3IdEplERKS0_ @ 0xac67e0
AUTO: _ZN7Vector3IdEpLERKS0_ @ 0xac6880
AUTO: _ZN7Matrix3IdEC2Ev @ 0xac6920
AUTO: _ZNK7Matrix3IdEmlERK7Vector3IdE @ 0xac6b60
AUTO: _ZNK7Vector3IdEmiERKS0_ @ 0xac7350
AUTO: _ZNK7Vector3IdE7tofloatEv @ 0xac73f0
AUTO: _Z11wrap_360_cdf @ 0x68a540
AUTO: _ZNK7Vector3IdE6lengthEv @ 0xac7530
AUTO: _ZN7Vector3IdE4zeroEv @ 0xac7590
AUTO: _ZNK7Vector3IdEmlEd @ 0xac75f0
AUTO: _ZNK7Matrix3IfE10transposedEv @ 0xac77c0
AUTO: _ZN7Matrix3IfE9normalizeEv @ 0xac7990
AUTO: _ZNK8Location22get_distance_NE_doubleERKS_ @ 0x68daf0
AUTO: _ZN7Vector3IdE2xyEv @ 0xac7c60
AUTO: _ZN7Vector2IdEpLERKS0_ @ 0xac7cb0
AUTO: _ZN4SITL8Aircraft14smooth_sensorsEv @ 0x68e050
AUTO: _ZL7degreesf.16872 @ 0x68ea40
AUTO: _ZNK7Matrix3IfE8to_eulerEPfS1_S1_ @ 0xac7d30
AUTO: _ZNK7AP_EnumI8RotationEcvKS0_Ev @ 0xac7e50
AUTO: _ZNK8HAL_SITL32get_uart_output_full_queue_countEv @ 0x68eb10
AUTO: _ZNK4SITL8Aircraft16get_wall_time_usEv @ 0x68ec50
AUTO: _ZNK7Vector3IdEdvEd @ 0xac8030
AUTO: _ZNK11QuaternionTIfEdvERKS0_ @ 0xac80d0
AUTO: _ZNK11QuaternionTIfE7is_zeroEv @ 0xac8320
AUTO: _ZN4SITL8Aircraft12time_advanceEv @ 0x68ecd0
AUTO: _ZN4SITL8Aircraft15sync_frame_timeEv @ 0x68ed70
AUTO: _ZN9AP_Logger14WriteStreamingEPKcS1_S1_S1_S1_z @ 0x68f070
AUTO: _ZL3MAXI9AP_ParamTIfL11ap_var_type4EEdEDTqugtfp_fp0_fp_fp0_ERKT_RKT0_.14196 @ 0x68f3e0
AUTO: _Z21calc_lowpass_alpha_dtff @ 0x68f480
AUTO: _ZL3MAXIfiEDTqugtfp_fp0_fp_fp0_ERKT_RKT0_.14197 @ 0x68f5b0
AUTO: _ZNK4SITL16FETtecOneWireESC7enabledEv @ 0xac83f0
AUTO: _ZNK4SITL4Volz7enabledEv @ 0xac8460
AUTO: _ZN7HALSITL17SITL_State_Common22update_voltage_currentER10sitl_inputf @ 0x68f880
AUTO: _ZN8AP_Param18eeprom_write_checkEPKvth @ 0x6922b0
AUTO: _ZN8AP_Param14write_sentinalEt @ 0x692340
AUTO: _ZNK4SITL8Aircraft45perpendicular_distance_to_rangefinder_surfaceEv @ 0x692fd0
AUTO: _ZNK4SITL8Aircraft9on_groundEv @ 0x693030
AUTO: _ZNK4SITL8Aircraft4haglEv @ 0x6930a0
AUTO: _ZNK4SITL8Aircraft24ground_height_differenceEv @ 0x693170
AUTO: _ZN4SITL8Aircraft15update_dynamicsERK7Vector3IfE @ 0x6939e0
AUTO: _ZN4SITL8Aircraft23update_external_payloadERK10sitl_input @ 0x694a60
AUTO: _ZN4SITL8Aircraft15update_positionEv @ 0x694ef0
AUTO: _ZN4SITL8Aircraft11update_windERK10sitl_input @ 0x695080
AUTO: _ZN4SITL8Aircraft19update_mag_field_bfEv @ 0x695510
AUTO: _ZL7radiansf.16838 @ 0x695900
AUTO: _ZNK8Location23get_distance_NED_doubleERKS_ @ 0x695960
AUTO: _ZN4SITL8Aircraft17get_local_updraftERK7Vector3IdE @ 0x695a80
AUTO: _ZN7Vector2IdEmIERKS0_ @ 0xaca3b0
AUTO: _ZNK4SITL7Sprayer10is_enabledEv @ 0xaca440
AUTO: _ZN4SITL3I2C6updateERKNS_8AircraftE @ 0x696340
AUTO: _ZNK4SITL6Buzzer10is_enabledEv @ 0xaca4f0
AUTO: _ZNK4SITL13Gripper_Servo10is_enabledEv @ 0xaca550
AUTO: _ZNK4SITL11Gripper_EPM10is_enabledEv @ 0xaca610
AUTO: _ZNK4SITL9Parachute10is_enabledEv @ 0xaca6c0
AUTO: _ZNK4SITL12SIM_Precland10is_enabledEv @ 0xaca720
AUTO: _ZN4SITL7ShipSim6updateEv @ 0x697310
AUTO: _ZNK7Vector3IdE14length_squaredEv @ 0xacc780
AUTO: _ZNK7Vector3IdEmlERKS0_ @ 0xacc8f0
AUTO: _ZNK7AP_AHRS11get_EAS2TASEv @ 0x69d2d0
AUTO: _ZL2sqf.16887 @ 0x69d360
AUTO: _ZN4SITL8Aircraft19update_eas_airspeedEv @ 0x69d3b0
AUTO: _ZN4SITL15SlungPayloadSim6updateERK7Vector3IdERKS1_IfES7_S7_ @ 0x69d860
AUTO: _ZN4SITL9TetherSim6updateERK8Location @ 0x69d9f0
AUTO: _ZN4SITL8Aircraft17adjust_frame_timeEf @ 0x69db60
AUTO: _ZNK7Vector3IdE7is_zeroEv @ 0xaccaa0
AUTO: _ZN7Vector3IfE2xyEv @ 0xaccb50
AUTO: _ZN7Vector2IfE4zeroEv @ 0xaccba0
AUTO: _ZN7Vector3IfEmIERKS0_ @ 0xaccc00
AUTO: _ZL7radiansi.16892 @ 0x6a0af0
AUTO: _ZN4SITL8Aircraft20filtered_servo_angleERK10sitl_inputh @ 0x6a0b50
AUTO: _ZN4SITL8Aircraft20filtered_servo_rangeERK10sitl_inputh @ 0x6a0c50
AUTO: _ZNK9AP_ParamTIfL11ap_var_type4EEplERKS1_ @ 0xacceb0
AUTO: _ZN10ServoModel12filter_rangeEtf @ 0x6a15c0
AUTO: _ZN10ServoModel12apply_filterEff @ 0x6a1660
AUTO: _ZN10ServoModel19apply_simple_filterEff @ 0x6a1a60
AUTO: _ZN13LowPassFilterIfE20set_cutoff_frequencyERKf @ 0xacd5d0
AUTO: _ZN13LowPassFilterIfE5applyERKfS2_ @ 0xacd640
AUTO: _ZN10ServoModel12filter_angleEtf @ 0x6a1c90
AUTO: _Z11is_positived @ 0xacddb0
AUTO: _ZNK8Location16get_height_aboveERKS_Rd @ 0x6a86b0
AUTO: _ZN7Vector3IfE9normalizeEv @ 0xace590
AUTO: _ZN4SITL5Plane6updateERK10sitl_input @ 0x6b50d0
AUTO: _ZN4SITL5Plane16calculate_forcesERK10sitl_inputR7Vector3IfE @ 0x6b52a0
AUTO: _ZL2sqf.15869 @ 0x6b5d30
AUTO: _ZNK4SITL5Plane8getForceEfff @ 0x6b6380
AUTO: _ZNK4SITL5Plane9getTorqueEffffRK7Vector3IfE @ 0x6b6c00
AUTO: _ZN4SITL8Aircraft9add_noiseEf @ 0x6b7270
AUTO: _ZNK4SITL5Plane9liftCoeffEf @ 0x6b7520
AUTO: _ZNK4SITL5Plane9dragCoeffEf @ 0x6b7840
AUTO: _ZN7Vector3IdEmIERKS0_ @ 0xad8810
AUTO: _ZL7radiansd.17180 @ 0x6c1930
AUTO: _ZN10DigitalLPFIfE5resetERKf @ 0xad8df0
AUTO: _ZN7HALSITL7Storage10read_blockEPvtm @ 0x6d4260
AUTO: _ZN7HALSITL7Storage11write_blockEtPKvm @ 0x6d4330
AUTO: _ZN7HALSITL7Storage11_timer_tickEv @ 0x6d4450
AUTO: _ZNK7BitmaskILt2048EE5emptyEv @ 0xad9f80
AUTO: _ZNK7BitmaskILt2048EE3getEt @ 0xada020
AUTO: _ZN10AP_RAMTRON5writeEjPKhj @ 0x6d47c0
AUTO: _ZN7BitmaskILt2048EE5clearEt @ 0xada0f0
AUTO: _ZNK8HAL_SITL25get_storage_posix_enabledEv @ 0xada1b0
AUTO: _ZNK7BitmaskILt2048EE8validateEt @ 0xada270
AUTO: _ZNK10AP_RAMTRON8get_sizeEv @ 0xada300
AUTO: _ZN7HALSITL7Storage13_storage_openEv @ 0x6d4e40
AUTO: _ZN7HALSITL7Storage11_mark_dirtyEtt @ 0x6d5150
AUTO: _ZN7BitmaskILt2048EE3setEt @ 0xada3a0
AUTO: _ZN8AP_Param9save_syncEbb @ 0x6db8c0
AUTO: _ZNK7NavEKF317option_is_enabledENS_6OptionE @ 0xadbb40
AUTO: _ZNK6AP_DAL6millisEv @ 0xadbbc0
AUTO: _ZNK12NavEKF3_core10errorScoreEv @ 0x6e1ae0
AUTO: _ZNK12NavEKF3_core16have_aligned_yawEv @ 0xadbc10
AUTO: _ZNK12NavEKF3_core17have_aligned_tiltEv @ 0xadbc70
AUTO: _ZN7Vector2IdEC2Ev @ 0xadbcd0
AUTO: _ZNK12NavEKF3_core8getPosNEER7Vector2IdE @ 0x6e23c0
AUTO: _ZNK7Vector3IdE2xyEv @ 0xadbdc0
AUTO: _ZNK7Vector2IdE8todoubleEv @ 0xadbe10
AUTO: _ZNK7Vector2IdEplERKS0_ @ 0xadbe70
AUTO: _ZNK8Location23get_distance_NE_postypeERKS_ @ 0x6e2660
AUTO: _ZNK10AP_DAL_GPS6statusEh @ 0xadbf00
AUTO: _ZNK12NavEKF3_core14getEulerAnglesER7Vector3IfE @ 0x6e27c0
AUTO: _ZNK11QuaternionTIdE8to_eulerER7Vector3IfE @ 0xadbf70
AUTO: _ZNK6AP_DAL8get_trimEv @ 0xadbff0
AUTO: _ZNK11QuaternionTIdE8to_eulerERfS1_S1_ @ 0xadc050
AUTO: _ZNK11QuaternionTIdE14get_euler_rollEv @ 0xadc110
AUTO: _ZNK11QuaternionTIdE15get_euler_pitchEv @ 0xadc1c0
AUTO: _ZNK11QuaternionTIdE13get_euler_yawEv @ 0xadc240
AUTO: _Z9safe_asinIdEfT_ @ 0xadc2f0
AUTO: _ZL3MAXIfdEDTqugtfp_fp0_fp_fp0_ERKT_RKT0_.5263 @ 0x6e2880
AUTO: _ZNK12NavEKF3_core20assume_zero_sideslipEv @ 0x6e2920
AUTO: _ZN6AP_DAL8airspeedEv @ 0xadc3d0
AUTO: _ZNK15AP_DAL_Airspeed15get_num_sensorsEv @ 0xadc420
AUTO: _ZNK6AP_DAL15get_fly_forwardEv @ 0xadc470
AUTO: _ZNK6AP_DAL17get_vehicle_classEv @ 0xadc4e0
AUTO: _ZNK12NavEKF2_core10errorScoreEv @ 0x6e2b10
AUTO: _ZNK12NavEKF2_core8getPosNEER7Vector2IdE @ 0x6e3210
AUTO: _ZNK10AP_DAL_GPS14primary_sensorEv @ 0xadc530
AUTO: _ZNK12NavEKF2_core14getEulerAnglesER7Vector3IfE @ 0x6e3460
AUTO: _ZN19RestrictIDTypeArrayIP17CompassCalibratorLj3E14typesafe_indexIh12TAG_PriorityEEixERKS4_ @ 0xadc640
AUTO: _ZNK6AP_GPS15time_epoch_usecEv @ 0xadcf50
AUTO: _ZNK9AP_Logger10should_logEj @ 0x6eca50
AUTO: _ZNK6AP_GPS9time_weekEh @ 0xadd0c0
AUTO: _ZNK6AP_GPS12time_week_msEh @ 0xadd130
AUTO: _ZNK7AP_AHRS13get_pitch_degEv @ 0xadd1f0
AUTO: _ZNK6AP_GPS15time_epoch_usecEh @ 0x6ed2f0
AUTO: _ZNK14AP_GPS_Backend16get_last_itow_msEv @ 0x6ed460
AUTO: _ZN6AP_GPS23istate_time_to_epoch_msEtj @ 0x6ed520
AUTO: _ZN7AP_ADSB13check_startupEv @ 0x6ef090
AUTO: _ZNK7Vector2IfE6is_nanEv @ 0xade070
AUTO: _ZNK10AP_Gripper7enabledEv @ 0xadebc0
AUTO: _ZN10AP_Vehicle13update_armingEv @ 0x6fc030
AUTO: _ZN7FunctorIvJEE14method_wrapperI10AP_VehicleXadL_ZNS2_13update_armingEvEEEEvPv @ 0xadfc40
AUTO: _ZN9AP_Arming6updateEv @ 0x6fc080
AUTO: _ZN8AP_Stats6updateEv @ 0x6fc170
AUTO: _ZN7FunctorIvJEE14method_wrapperI8AP_StatsXadL_ZNS2_6updateEvEEEEvPv @ 0xadfcf0
AUTO: _ZN8AP_Stats17update_flighttimeEv @ 0x6fc320
AUTO: _ZN8AP_Stats14update_runtimeEv @ 0x6fc3f0
AUTO: _ZN8AP_Stats5flushEv @ 0x6fc490
AUTO: _ZN13AP_ParamTBaseIiL11ap_var_type3EE22set_and_save_ifchangedERKi @ 0xadfda0
AUTO: _ZN10AP_Filters6updateEv @ 0x6fc610
AUTO: _ZN7FunctorIvJEE14method_wrapperI10AP_FiltersXadL_ZNS2_6updateEvEEEEvPv @ 0xadfe30
AUTO: _ZN10AP_Vehicle17check_motor_noiseEv @ 0x6fd750
AUTO: _ZN7FunctorIvJEE14method_wrapperI10AP_VehicleXadL_ZNS2_17check_motor_noiseEvEEEEvPv @ 0xae06e0
AUTO: _ZNK10AP_GyroFFT15check_esc_noiseEv @ 0xae0790
AUTO: _ZNK17NotchFilterParams7enabledEv @ 0xae09c0
AUTO: _ZN10AP_Vehicle13one_Hz_updateEv @ 0x6fde30
AUTO: _ZN7FunctorIvJEE14method_wrapperI10AP_VehicleXadL_ZNS2_13one_Hz_updateEvEEEEvPv @ 0xae0a10
AUTO: _ZN12AP_Scripting6updateEv @ 0x6fdf10
AUTO: _ZN16AP_SerialManager20registered_ports_logEv @ 0x6fdf60
AUTO: _ZN12AP_Scripting13save_checksumEv @ 0x6fe040
AUTO: _ZN10AP_Gripper6updateEv @ 0x6fe140
AUTO: _ZN7FunctorIvJEE14method_wrapperI10AP_GripperXadL_ZNS2_6updateEvEEEEvPv @ 0xae0b50
AUTO: _ZN6AP_EFI6updateEv @ 0x6fe2b0
AUTO: _ZN7FunctorIvJEE14method_wrapperI6AP_EFIXadL_ZNS2_6updateEvEEEEvPv @ 0xae0c00
AUTO: _ZN6AP_AIS6updateEv @ 0x6fe730
AUTO: _ZN7FunctorIvJEE14method_wrapperI6AP_AISXadL_ZNS2_6updateEvEEEEvPv @ 0xae0cb0
AUTO: _ZN8AC_Fence6updateEv @ 0x6fe780
AUTO: _ZN7FunctorIvJEE14method_wrapperI8AC_FenceXadL_ZNS2_6updateEvEEEEvPv @ 0xae0d60
AUTO: _ZN19AC_PolyFence_loader6updateEv @ 0x6fe8b0
AUTO: _ZN19AC_PolyFence_loader17load_from_storageEv @ 0x6fe9a0
AUTO: _ZN10AP_Vehicle16accel_cal_updateEv @ 0x6ffe00
AUTO: _ZN7FunctorIvJEE14method_wrapperI10AP_VehicleXadL_ZNS2_16accel_cal_updateEvEEEEvPv @ 0xae0f40
AUTO: _ZN20AP_TemperatureSensor6updateEv @ 0x7015a0
AUTO: _ZN7FunctorIvJEE14method_wrapperI20AP_TemperatureSensorXadL_ZNS2_6updateEvEEEEvPv @ 0xae1040
AUTO: _ZN10AP_Vehicle16publish_osd_infoEv @ 0x701860
AUTO: _ZN7FunctorIvJEE14method_wrapperI10AP_VehicleXadL_ZNS2_16publish_osd_infoEvEEEEvPv @ 0xae1190
AUTO: _ZN6AP_OSD12set_nav_infoERNS_7NavInfoE @ 0x701980
AUTO: _ZN6AP_RPM6updateEv @ 0x7019f0
AUTO: _ZN7FunctorIvJEE14method_wrapperI6AP_RPMXadL_ZNS2_6updateEvEEEEvPv @ 0xae1240
AUTO: _ZNK6AP_RPM7Log_RPMEv @ 0x701bd0
AUTO: _ZNK6AP_RPM7enabledEh @ 0x701cf0
AUTO: _ZN14AP_OpenDroneID6updateEv @ 0x701da0
AUTO: _ZN7FunctorIvJEE14method_wrapperI14AP_OpenDroneIDXadL_ZNS2_6updateEvEEEEvPv @ 0xae1360
AUTO: _ZNK6AP_GPS8velocityEv @ 0xae2c00
AUTO: _ZNK7AP_AHRS18groundspeed_vectorEv @ 0xae2c60
AUTO: _ZNK6AP_GPS19horizontal_accuracyERf @ 0xae2d40
AUTO: _ZNK6AP_GPS17vertical_accuracyERf @ 0xae2dc0
AUTO: _ZNK6AP_GPS14speed_accuracyERf @ 0xae2e40
AUTO: _ZNK6AP_GPS14speed_accuracyEhRf @ 0x706a10
AUTO: _ZNK6AP_GPS17vertical_accuracyEhRf @ 0x706ae0
AUTO: _ZNK6AP_GPS19horizontal_accuracyEhRf @ 0x706bb0
AUTO: _ZNK6AP_GPS14get_undulationEhRf @ 0x706c80
AUTO: _ZNK6AP_GPS8velocityEh @ 0xae2ec0
AUTO: _ZN12AP_Generator6updateEv @ 0x706d50
AUTO: _ZN7FunctorIvJEE14method_wrapperI12AP_GeneratorXadL_ZNS2_6updateEvEEEEvPv @ 0xae2f90
AUTO: _ZN14AP_Servo_Telem6updateEv @ 0x706dc0
AUTO: _ZN7FunctorIvJEE14method_wrapperI14AP_Servo_TelemXadL_ZNS2_6updateEvEEEEvPv @ 0xae3040
AUTO: _ZN14AP_Servo_Telem9write_logEv @ 0x706e10
AUTO: _ZN12AP_ESC_Telem6updateEv @ 0x7072c0
AUTO: _ZN7FunctorIvJEE14method_wrapperI12AP_ESC_TelemXadL_ZNS2_6updateEvEEEEvPv @ 0xae30f0
AUTO: _ZNK12AP_ESC_Telem11get_raw_rpmEhRf @ 0x707700
AUTO: _ZN6AP_HAL15timeout_expiredIjjmEEbT_T0_T1_ @ 0xae31a0
AUTO: _ZN10AP_Vehicle30send_watchdog_reset_statustextEv @ 0x7077d0
AUTO: _ZN7FunctorIvJEE14method_wrapperI10AP_VehicleXadL_ZNS2_30send_watchdog_reset_statustextEvEEEEvPv @ 0xae3220
AUTO: _ZN8AP_Tramp6updateEv @ 0x707930
AUTO: _ZN7FunctorIvJEE14method_wrapperI8AP_TrampXadL_ZNS2_6updateEvEEEEvPv @ 0xae32d0
AUTO: _ZN10AP_VideoTX6updateEv @ 0x708910
AUTO: _ZN7FunctorIvJEE14method_wrapperI10AP_VideoTXXadL_ZNS2_6updateEvEEEEvPv @ 0xae3500
AUTO: _ZN10AP_Vehicle38update_dynamic_notch_at_specified_rateEv @ 0x708b40
AUTO: _ZN7FunctorIvJEE14method_wrapperI10AP_VehicleXadL_ZNS2_38update_dynamic_notch_at_specified_rateEvEEEEvPv @ 0xae35b0
AUTO: _ZNK25HarmonicNotchFilterParams9hasOptionENS_7OptionsE @ 0xae3660
AUTO: _ZN10AP_Vehicle20update_dynamic_notchERN17AP_InertialSensor13HarmonicNotchE @ 0x708c90
AUTO: _ZN10AP_GyroFFT17update_parametersEv @ 0xae3a10
AUTO: _ZN7FunctorIvJEE14method_wrapperI10AP_GyroFFTXadL_ZNS2_17update_parametersEvEEEEvPv @ 0xae3a60
AUTO: _ZN10AP_GyroFFT17update_parametersEb @ 0x709ef0
AUTO: _ZN10AP_GyroFFT6updateEv @ 0x70a290
AUTO: _ZN7FunctorIvJEE14method_wrapperI10AP_GyroFFTXadL_ZNS2_6updateEvEEEEvPv @ 0xae3b10
AUTO: _ZN14AP_NMEA_Output6updateEv @ 0x70a420
AUTO: _ZN7FunctorIvJEE14method_wrapperI14AP_NMEA_OutputXadL_ZNS2_6updateEvEEEEvPv @ 0xae3bc0
AUTO: _ZN7FunctorIvJEE14method_wrapperI9AP_NotifyXadL_ZNS2_6updateEvEEEEvPv @ 0xae3c70
AUTO: _ZN7Compass10cal_updateEv @ 0x70b490
AUTO: _ZN7FunctorIvJEE14method_wrapperI7CompassXadL_ZNS2_10cal_updateEvEEEEvPv @ 0xae3d20
AUTO: _ZN11AP_Airspeed6updateEv @ 0x70bfe0
AUTO: _ZN7FunctorIvJEE14method_wrapperI11AP_AirspeedXadL_ZNS2_6updateEvEEEEvPv @ 0xae3e30
AUTO: _ZN11AP_Airspeed4readEh @ 0x70c1d0
AUTO: _ZN11AP_Airspeed21check_sensor_failuresEv @ 0x70c9f0
AUTO: _ZN11AP_Airspeed12Log_AirspeedEv @ 0x70ca70
AUTO: _ZNK11AP_Airspeed16get_raw_airspeedEh @ 0x70cd40
AUTO: _ZNK11AP_Airspeed25get_differential_pressureEh @ 0x70cdf0
AUTO: _ZNK11AP_Airspeed22get_corrected_pressureEh @ 0x70ce90
AUTO: _ZNK11AP_Airspeed10get_offsetEh @ 0x70cf30
AUTO: _ZNK11AP_Airspeed22get_health_probabilityEh @ 0xae3ee0
AUTO: _ZNK11AP_Airspeed14get_test_ratioEh @ 0xae3f50
AUTO: _ZNK11AP_Airspeed11get_primaryEv @ 0xae3fc0
AUTO: _ZN11AP_Airspeed35check_sensor_ahrs_wind_max_failuresEh @ 0x70cff0
AUTO: _ZNK7AP_AHRS20airspeed_health_dataERfS0_Rj @ 0x70d910
AUTO: _ZL3MAXI9AP_ParamTIfL11ap_var_type4EEfEDTqugtfp_fp0_fp_fp0_ERKT_RKT0_.19060 @ 0x70da00
AUTO: _ZNK7NavEKF319getAirSpdHealthDataERfS0_Rj @ 0x70da90
AUTO: _ZNK12NavEKF3_core19getAirSpdHealthDataERfS0_Rj @ 0x70db60
AUTO: _ZN10AP_GyroFFT12sample_gyrosEv @ 0x70e290
AUTO: _ZN7FunctorIvJEE14method_wrapperI10AP_GyroFFTXadL_ZNS2_12sample_gyrosEvEEEEvPv @ 0xae4010
AUTO: _ZN10AP_Vehicle4loopEv @ 0x70eb30
AUTO: _ZN12AP_Scheduler4loopEv @ 0x70edd0
AUTO: _ZN12AP_Scheduler17get_loop_period_sEv @ 0xae7000
AUTO: _ZN17AP_InertialSensor15wait_for_sampleEv @ 0x70f370
AUTO: _ZN12AP_Scheduler4tickEv @ 0x70f8b0
AUTO: _ZN12AP_Scheduler3runEj @ 0x70f910
AUTO: _ZN2AP8PerfInfo15check_loop_timeEj @ 0x70fec0
AUTO: _ZL15fill_nanf_stackv @ 0x710050
AUTO: _ZN2AP8PerfInfo16update_task_infoEhtb @ 0x7100a0
AUTO: _ZNK7AP_AHRS14get_accel_biasEv @ 0xae73b0
AUTO: _ZNK6AP_GPS15ground_speed_cmEv @ 0xae7410
AUTO: _ZNK7AP_AHRS24_get_primary_accel_indexEv @ 0x716980
AUTO: _ZNK7AP_AHRS22_get_primary_IMU_indexEv @ 0x7169d0
AUTO: _ZNK7NavEKF322getPrimaryCoreIMUIndexEv @ 0x716b30
AUTO: _ZNK17AP_InertialSensor21get_first_usable_gyroEv @ 0xae7470
AUTO: _ZNK12NavEKF3_core11getIMUIndexEv @ 0xae74c0
AUTO: _ZNK14AP_BattMonitor17has_cell_voltagesEh @ 0x716c60
AUTO: _ZN2AP3EFIEv @ 0x7174b0
AUTO: _ZN6AP_EFI13get_singletonEv @ 0xae7e50
AUTO: _ZN16FilterWithBufferIfLh5EE5resetEv @ 0xae8140
AUTO: _ZN16FilterWithBufferIfLh5EE5applyEf @ 0xae8450
AUTO: _ZN7FunctorIvJEE14method_wrapperI10AP_VehicleXadL_ZNS2_18fence_checks_asyncEvEEEEvPv @ 0xae87f0
AUTO: _ZN13AP_Filesystem5writeEiPKvj @ 0x718120
AUTO: _ZNK11AP_ICEngine29allow_throttle_while_disarmedEv @ 0x720150
AUTO: _ZNK11AP_ICEngine10option_setENS_7OptionsE @ 0xaebd00
AUTO: _ZL3MAXIjjEDTqugtfp_fp0_fp_fp0_ERKT_RKT0_.5212 @ 0x726770
AUTO: _ZN15ekf_ring_buffer4pushEPKv @ 0x7267f0
AUTO: _ZNK15ekf_ring_buffer10get_offsetEh @ 0x7268f0
AUTO: _ZL3MAXIjjEDTqugtfp_fp0_fp_fp0_ERKT_RKT0_.20153 @ 0x726b00
AUTO: _ZL7radiansf.5217 @ 0x727c90
AUTO: _ZL3MAXIffEDTqugtfp_fp0_fp_fp0_ERKT_RKT0_.5204 @ 0x727ce0
AUTO: _ZN11QuaternionTIdEC2Edddd @ 0xaed620
AUTO: _ZN11QuaternionTIfEmLERKS0_ @ 0xaed6d0
AUTO: _ZNK7AP_AHRS38get_relative_position_NED_origin_floatER7Vector3IfE @ 0x728030
AUTO: _ZNK7AP_AHRS32get_relative_position_NED_originER7Vector3IdE @ 0x728200
AUTO: _ZNK7NavEKF38getPosNEER7Vector2IdE @ 0x7284a0
AUTO: _ZNK11AP_AHRS_SIM12get_locationER8Location @ 0x7287d0
AUTO: _ZN2AP5statsEv @ 0x72ab70
AUTO: _ZN8AP_Stats13get_singletonEv @ 0xaee5c0
AUTO: _ZN19AP_Airspeed_Backend12has_airspeedEv @ 0xaeef80
AUTO: _ZN19AP_Airspeed_Backend14get_hygrometerERjRfS1_ @ 0xaef0f0
AUTO: _ZNK19AP_Airspeed_Backend7get_pinEv @ 0x731630
AUTO: _ZN18AP_Airspeed_Analog25get_differential_pressureERf @ 0x731700
AUTO: _ZN18AP_Airspeed_Analog15get_temperatureERf @ 0xaf0320
AUTO: _ZNK19AP_Airspeed_Backend13get_psi_rangeEv @ 0x7317f0
AUTO: _ZNK7AP_AHRS8get_gyroEv @ 0xaf0e20
AUTO: _ZNK7AP_AHRS17airspeed_estimateERf @ 0x755dc0
AUTO: _ZNK17AP_InertialSensor20get_vibration_levelsEv @ 0xaf0e80
AUTO: _ZNK17AP_InertialSensor20get_vibration_levelsEh @ 0x755ec0
AUTO: _ZNK10DigitalLPFI7Vector3IfEE3getEv @ 0xaf0f00
AUTO: _ZNK11QuaternionTIdE7is_zeroEv @ 0xaf0fb0
AUTO: _ZN12NavEKF3_core18getEarthFieldTableERK8Location @ 0x7571e0
AUTO: _ZN14AP_Declination15get_declinationEff @ 0x7572e0
AUTO: _ZNK12NavEKF3_core14MagDeclinationEv @ 0x757370
AUTO: _ZN12NavEKF3_core15FuseDeclinationEd @ 0x7575d0
AUTO: _ZN18NavEKF_core_common10zero_rangeEPdhh @ 0xaf1150
AUTO: _ZN12NavEKF3_core13ForceSymmetryEv @ 0x758630
AUTO: _ZN12NavEKF3_core18ConstrainVariancesEv @ 0x758780
AUTO: _ZN11QuaternionTIdE9normalizeEv @ 0xaf11e0
AUTO: _ZNK11QuaternionTIdE6lengthEv @ 0xaf12c0
AUTO: _Z20constrain_value_lineIdET_S0_S0_S0_j @ 0xaf1380
AUTO: _ZNK9AP_ParamTIfL11ap_var_type4EEcvdEv @ 0xaf1500
AUTO: _ZL7radiansf.5420 @ 0x7591f0
AUTO: _ZL2sqf.5342 @ 0x759d10
AUTO: _ZNK8Location21get_distance_NE_ftypeERKS_ @ 0x759e60
AUTO: _ZN16EKF_IMU_buffer_tIN12NavEKF3_core15output_elementsEEixEj @ 0xaf1620
AUTO: _ZNK14ekf_imu_buffer3getEh @ 0x75a110
AUTO: _ZNK14ekf_imu_buffer10get_offsetEh @ 0x75a170
AUTO: _ZNK14AP_BattMonitor11consumed_whERfh @ 0x75bd10
AUTO: _ZNK14AP_BattMonitor18overpower_detectedEh @ 0x75be00
AUTO: _ZNK6AP_GPS8get_vdopEh @ 0xaf1780
AUTO: _ZNK6AP_GPS16last_fix_time_msEh @ 0xaf17f0
AUTO: _ZNK6AP_GPS20last_message_time_msEh @ 0xaf1860
AUTO: _ZNK6AP_GPS22have_vertical_velocityEh @ 0xaf18d0
AUTO: _ZNK6AP_GPS18get_antenna_offsetEh @ 0x75df80
AUTO: _ZNK14AP_GPS_Blended18get_antenna_offsetEv @ 0xaf1950
AUTO: _ZNK6AP_GPS11gps_yaw_degEhRfS0_Rj @ 0x75e050
AUTO: _ZNK6AP_GPS11is_rtk_baseEh @ 0x75e240
AUTO: _ZNK6AP_GPS12have_gps_yawEh @ 0xaf19a0
AUTO: _ZNK11RangeFinder15has_orientationE8Rotation @ 0x760100
AUTO: _ZNK11RangeFinder13status_orientE8Rotation @ 0x760440
AUTO: _ZNK3GCS29sysid_mygcs_last_seen_time_msEv @ 0xaf1df0
AUTO: _ZNK10AP_Vehicle18get_time_flying_msEv @ 0xaf1f50
AUTO: _ZN12SRV_Channels23get_output_channel_maskEN11SRV_Channel8FunctionE @ 0x765da0
AUTO: _ZN11SRV_Channel9output_chEv @ 0x766bc0
AUTO: _ZNK10RC_Channel13norm_input_dzEv @ 0x766f20
AUTO: _ZN11SRV_Channel12set_overrideEb @ 0xaf2150
AUTO: _ZN12SRV_Channels17set_output_scaledEN11SRV_Channel8FunctionEf @ 0x7674e0
AUTO: _ZNK10AP_Mission5stateEv @ 0xaf2510
AUTO: _ZN10AP_Mission23advance_current_nav_cmdEt @ 0x76c320
AUTO: _ZN10AP_Mission8completeEv @ 0x76c6d0
AUTO: _ZN10AP_Mission13start_commandERKNS_15Mission_CommandE @ 0x76c740
AUTO: _ZN9AP_Logger10Write_MISEERK10AP_MissionRKNS0_15Mission_CommandE @ 0xaf2560
AUTO: _ZNK10AP_Mission19is_landing_type_cmdEt @ 0x76cbf0
AUTO: _ZNK10AP_Mission19is_takeoff_type_cmdEt @ 0x76cca0
AUTO: _ZNK10AP_Mission15Mission_Command4typeEv @ 0x76cd30
AUTO: _ZNK7FunctorIbJRKN10AP_Mission15Mission_CommandEEEclES3_ @ 0xaf25e0
AUTO: _ZN19AP_ServoRelayEvents13update_eventsEv @ 0x770150
AUTO: _ZN9AP_Logger17Write_Mission_CmdERK10AP_MissionRKNS0_15Mission_CommandE11LogMessages @ 0x7702e0
AUTO: _ZN17AP_Logger_Backend17Write_Mission_CmdERK10AP_MissionRKNS0_15Mission_CommandE11LogMessages @ 0x7703a0
AUTO: _ZN10AP_Mission6resumeEv @ 0x770c10
AUTO: _ZN10AP_Mission5startEv @ 0x770e40
AUTO: _ZNK9QuadPlane18in_assisted_flightEv @ 0xaf2e40
AUTO: _ZN9QuadPlane15PosControlState9set_stateENS_22position_control_stateE @ 0x772090
AUTO: _ZN11QuaternionTIfE15from_axis_angleE7Vector3IfE @ 0xaf2f20
AUTO: _ZNK9AP_Follow11have_targetEv @ 0x776a70
AUTO: _ZN9AP_Follow13get_singletonEv @ 0xaf3a20
AUTO: _ZNK6AC_PID12get_pid_infoEv @ 0xaf3ba0
AUTO: _ZN12AP_Scripting19is_handling_commandEt @ 0x77bc40
AUTO: _ZNK7Vector3IfE6is_infEv @ 0xaf4740
AUTO: _ZN7Vector2IfE9normalizeEv @ 0xaf4a70
AUTO: _ZN7Vector2IfEdVEf @ 0xaf4ad0
AUTO: _ZNK7Vector2IfE6is_infEv @ 0xaf4b50
AUTO: _ZL3MAXIjjEDTqugtfp_fp0_fp_fp0_ERKT_RKT0_.6748 @ 0x7ae880
AUTO: _ZN9AP_Logger19file_content_updateEv @ 0x7aea80
AUTO: _ZN9AP_Logger19file_content_updateERNS_11FileContentE @ 0x7aebe0
AUTO: _ZN17AP_Logger_Backend13Write_MessageEPKc @ 0x7af420
AUTO: _ZN17AP_Logger_Backend14periodic_tasksEv @ 0x7b1440
AUTO: _ZNK17AP_Logger_Backend13StartNewLogOKEv @ 0x7b1830
AUTO: _ZN17AP_Logger_Backend24WriteMoreStartupMessagesEv @ 0x7b1910
AUTO: _ZNK17AP_Logger_Backend15logging_enabledEv @ 0x7b3930
AUTO: _ZN17AP_Logger_Backend13periodic_10HzEj @ 0x7b3a60
AUTO: _ZN17AP_Logger_Backend12periodic_1HzEv @ 0x7b3ab0
AUTO: _ZN17AP_Logger_Backend15push_log_blocksEv @ 0x7b3b40
AUTO: _ZN17AP_Logger_Backend12df_stats_logEv @ 0x7b3ba0
AUTO: _ZN17AP_Logger_Backend26Write_AP_Logger_Stats_FileERKNS_8df_statsE @ 0x7b3c10
AUTO: _ZN17AP_Logger_Backend14df_stats_clearEv @ 0x7b3d20
AUTO: _ZNK17AP_Logger_Backend31critical_message_reserved_spaceEj @ 0xaf6ae0
AUTO: _ZN17AP_Logger_Backend15df_stats_gatherEtj @ 0x7b61f0
AUTO: _ZNK14AP_Logger_File15logging_startedEv @ 0xaf6f70
AUTO: _ZN14AP_Logger_File21bufferspace_availableEv @ 0x7b8ef0
AUTO: _ZNK14AP_Logger_File14logging_failedEv @ 0x7b9500
AUTO: _ZN14AP_Logger_File8io_timerEv @ 0x7b95c0
AUTO: _ZN14AP_Logger_File12periodic_1HzEv @ 0x7b9b90
AUTO: _ZN14AP_Logger_File17periodic_fullrateEv @ 0x7b9e40
AUTO: _ZNK14AP_Logger_File8WritesOKEv @ 0x7b9e90
AUTO: _ZNK14AP_Logger_File13StartNewLogOKEv @ 0x7b9f20
AUTO: _ZN14AP_Logger_File22_WritePrioritisedBlockEPKvtb @ 0x7ba0d0
AUTO: _ZN7AP_AHRS6updateEb @ 0x7ba340
AUTO: _ZN7AP_AHRS18update_orientationEv @ 0x7ba680
AUTO: _ZN17AP_InertialSensor6updateEv @ 0x7ba780
AUTO: _ZN7AP_AHRS29update_trim_rotation_matricesEv @ 0x7badf0
AUTO: _ZN7AP_AHRS10update_DCMEv @ 0x7baf00
AUTO: _ZN7AP_AHRS12update_flagsEv @ 0x7bafa0
AUTO: _ZN7AP_AHRS11update_SITLEv @ 0x7bb060
AUTO: _ZN7AP_AHRS15update_externalEv @ 0x7bb110
AUTO: _ZN7AP_AHRS11update_EKF2Ev @ 0x7bb230
AUTO: _ZN7AP_AHRS11update_EKF3Ev @ 0x7bb720
AUTO: _ZNK7AP_AHRS14get_gyro_driftEv @ 0xaf6fd0
AUTO: _ZN7AP_AHRS14update_AOA_SSAEv @ 0x7bbf10
AUTO: _ZNK7AP_AHRS16_active_EKF_typeEv @ 0x7bc170
AUTO: _ZN7AP_AHRS12update_stateEv @ 0x7bc6a0
AUTO: _ZNK7AP_AHRS23_get_primary_gyro_indexEv @ 0x7bc940
AUTO: _ZNK7AP_AHRS23_get_primary_core_indexEv @ 0x7bc9f0
AUTO: _ZNK7AP_AHRS14_wind_estimateER7Vector3IfE @ 0x7bcac0
AUTO: _ZN15AP_AHRS_Backend11get_EAS2TASEv @ 0x7bcbf0
AUTO: _ZNK7AP_AHRS13_airspeed_EASERfRNS_20AirspeedEstimateTypeE @ 0x7bcc30
AUTO: _ZNK7AP_AHRS13_airspeed_TASERf @ 0x7bd1b0
AUTO: _ZNK7AP_AHRS13_airspeed_TASER7Vector3IfE @ 0x7bd2c0
AUTO: _ZNK7AP_AHRS15_get_quaternionER11QuaternionTIfE @ 0x7bd3a0
AUTO: _ZNK7AP_AHRS23_get_secondary_attitudeER7Vector3IfE @ 0x7bd560
AUTO: _ZNK7AP_AHRS25_get_secondary_quaternionER11QuaternionTIfE @ 0x7bd760
AUTO: _ZNK7AP_AHRS13_get_locationER8Location @ 0x7bd910
AUTO: _ZNK7AP_AHRS23_get_secondary_positionER8Location @ 0x7bda90
AUTO: _ZN7AP_AHRS19_groundspeed_vectorEv @ 0x7bdbe0
AUTO: _ZN7AP_AHRS12_groundspeedEv @ 0x7bdd10
AUTO: _ZNK7AP_AHRS29_getCorrectedDeltaVelocityNEDER7Vector3IfERf @ 0x7bdde0
AUTO: _ZNK7AP_AHRS17_get_velocity_NEDER7Vector3IfE @ 0x7be070
AUTO: _ZNK7NavEKF39getVelNEDER7Vector3IfE @ 0x7be230
AUTO: _ZNK12NavEKF3_core9getVelNEDER7Vector3IfE @ 0x7be560
AUTO: _ZNK12NavEKF2_core9getVelNEDER7Vector3IfE @ 0x7be610
AUTO: _ZNK7NavEKF312getAccelBiasEaR7Vector3IfE @ 0x7be750
AUTO: _ZNK17AP_InertialSensor18get_delta_velocityEhR7Vector3IfERf @ 0x7be820
AUTO: _ZNK7AP_AHRS43get_rotation_autopilot_body_to_vehicle_bodyEv @ 0xaf70c0
AUTO: _ZNK17AP_InertialSensor14get_delta_timeEv @ 0xaf7110
AUTO: _ZL3MINIffEDTqultfp_fp0_fp_fp0_ERKT_RKT0_.4188 @ 0x7be9d0
AUTO: _ZL3MINIffEDTqultfp_fp0_fp_fp0_ERKT_RKT0_.2602 @ 0x7bea60
AUTO: _ZNK12NavEKF3_core12getAccelBiasER7Vector3IfE @ 0x7beaf0
AUTO: _ZNK12NavEKF2_core13getAccelZBiasERf @ 0x7bebd0
AUTO: _ZL7radiansf.2590 @ 0x7bf1e0
AUTO: _ZNK7AP_AHRS23_get_secondary_EKF_typeERNS_7EKFTypeE @ 0x7bf230
AUTO: _ZNK7NavEKF36getLLHER8Location @ 0x7bf420
AUTO: _ZNK12NavEKF3_core6getLLHER8Location @ 0x7bf4c0
AUTO: _ZNK10AP_DAL_GPS6statusEv @ 0xaf7380
AUTO: _ZNK7AP_AHRS24fallback_active_EKF_typeEv @ 0x7bfa90
AUTO: _ZNK11AP_AHRS_DCM14get_quaternionER11QuaternionTIfE @ 0x7bfae0
AUTO: _ZNK7NavEKF313getQuaternionER11QuaternionTIfE @ 0x7bfbe0
AUTO: _ZN11QuaternionTIfE6rotateERK7Vector3IfE @ 0xaf73f0
AUTO: _ZN15AP_ExternalAHRS14get_quaternionER11QuaternionTIfE @ 0x7bfce0
AUTO: _ZNK12NavEKF3_core13getQuaternionER11QuaternionTIfE @ 0x7bfd90
AUTO: _ZNK11QuaternionTIdE7tofloatEv @ 0xaf74a0
AUTO: _ZNK12NavEKF2_core13getQuaternionER11QuaternionTIfE @ 0x7bfe20
AUTO: _ZNK7NavEKF314getEulerAnglesER7Vector3IfE @ 0x7bff40
AUTO: _ZNK7NavEKF312getAirSpdVecER7Vector3IfE @ 0x7c0120
AUTO: _ZNK12NavEKF3_core12getAirSpdVecER7Vector3IfE @ 0x7c01c0
AUTO: _ZNK11QuaternionTIdE7inverseEv @ 0xaf7520
AUTO: _ZNK7AP_AHRS25get_active_airspeed_indexEv @ 0x7c05c0
AUTO: _ZNK7AP_AHRS27_should_use_airspeed_sensorEh @ 0x7c06c0
AUTO: _ZNK7AP_AHRS27get_wind_estimation_enabledEv @ 0xaf75d0
AUTO: _ZNK7NavEKF37getWindER7Vector3IfE @ 0x7c09d0
AUTO: _ZNK12NavEKF3_core7getWindER7Vector3IfE @ 0x7c0af0
AUTO: _ZN15AP_AHRS_Backend23airspeed_sensor_enabledEh @ 0xaf7690
AUTO: _ZNK7AP_AHRS23airspeed_sensor_enabledEh @ 0xaf7770
AUTO: _ZNK7AP_AHRS10option_setENS_7OptionsE @ 0xaf77d0
AUTO: _ZNK7NavEKF317getActiveAirspeedEv @ 0x7c0cc0
AUTO: _ZNK12NavEKF3_core17getActiveAirspeedEv @ 0x7c0d50
AUTO: _ZNK7AP_Baro12_get_EAS2TASEv @ 0x7c0da0
AUTO: _ZNK7AP_Baro20get_EAS2TAS_extendedEf @ 0x7c0e10
AUTO: _ZNK12NavEKF2_core7getWindER7Vector3IfE @ 0x7c0fe0
AUTO: _ZNK7NavEKF219getPrimaryCoreIndexEv @ 0x7c1070
AUTO: _ZNK7NavEKF319getPrimaryCoreIndexEv @ 0x7c10e0
AUTO: _ZNK7NavEKF326configuredToUseGPSForPosXYEv @ 0x7c1300
AUTO: _ZNK11AP_AHRS_DCM20yaw_source_availableEv @ 0x7c1380
AUTO: _ZNK16AP_NavEKF_Source14getPosXYSourceEh @ 0xaf7930
AUTO: _ZL7degreesf.2538 @ 0x7c13e0
AUTO: _ZNK7AP_AHRS9calc_trigERK7Matrix3IfERfS4_S4_S4_S4_S4_ @ 0x7c1480
AUTO: _ZNK9AP_Logger15allow_start_ekfEv @ 0x7c1870
AUTO: _ZN7NavEKF312UpdateFilterEv @ 0x7c1f40
AUTO: _ZNK7NavEKF320getRotationBodyToNEDER7Matrix3IfE @ 0x7c2510
AUTO: _ZN7AP_AHRS16update_cd_valuesEv @ 0x7c25a0
AUTO: _ZN7AP_AHRS11update_trigEv @ 0x7c26e0
AUTO: _ZNK17AP_InertialSensor22get_first_usable_accelEv @ 0xaf79b0
AUTO: _ZNK7NavEKF311getGyroBiasEaR7Vector3IfE @ 0x7c27c0
AUTO: _ZN7AP_AHRS32update_notify_from_filter_statusERK17nav_filter_status @ 0x7c2890
AUTO: _ZNK12NavEKF3_core11getGyroBiasER7Vector3IfE @ 0x7c2940
AUTO: _ZN6AP_DAL11start_frameENS_9FrameTypeE @ 0x7c2a20
AUTO: _ZNK6AP_DAL8micros64Ev @ 0xaf7a00
AUTO: _ZNK12NavEKF3_core21getFramesSincePredictEv @ 0x7c2f00
AUTO: _ZN6AP_DAL22ekf_low_time_remainingENS_7EKFTypeEh @ 0x7c2f60
AUTO: _ZN12NavEKF3_core12UpdateFilterEb @ 0x7c30a0
AUTO: _ZNK6AP_DAL9get_armedEv @ 0xaf7a50
AUTO: _ZN7NavEKF321updateCoreErrorScoresEv @ 0x7c32d0
AUTO: _ZN7NavEKF324updateCoreRelativeErrorsEv @ 0x7c3390
AUTO: _ZNK7NavEKF315coreBetterScoreEhh @ 0x7c3530
AUTO: _ZN16AP_NavEKF_Source22align_inactive_sourcesEv @ 0x7c3730
AUTO: _ZNK16AP_NavEKF_Source13getPosZSourceEh @ 0x7c39e0
AUTO: _ZNK7AP_EnumIN16AP_NavEKF_Source7SourceZEEcvKS1_Ev @ 0xaf7b30
AUTO: _ZL3MAXI9AP_ParamTIfL11ap_var_type4EEfEDTqugtfp_fp0_fp_fp0_ERKT_RKT0_ @ 0x7c3bc0
AUTO: _ZN18NavEKF_core_common22fill_scratch_variablesEv @ 0x7c3c50
AUTO: _ZN12NavEKF3_core23update_sensor_selectionEv @ 0x7c3cf0
AUTO: _ZN12NavEKF3_core18controlFilterModesEv @ 0x7c3d60
AUTO: _ZN12NavEKF3_core11readIMUDataEb @ 0x7c3e30
AUTO: _ZN12NavEKF3_core27UpdateStrapdownEquationsNEDEv @ 0x7c4700
AUTO: _ZN12NavEKF3_core20CovariancePredictionEP7Vector3IdE @ 0x7c4be0
AUTO: _ZN12NavEKF3_core25runYawEstimatorPredictionEv @ 0x7cf3d0
AUTO: _ZN12NavEKF3_core15SelectMagFusionEv @ 0x7cf530
AUTO: _ZN12NavEKF3_core18SelectVelPosFusionEv @ 0x7d0260
AUTO: _ZN12NavEKF3_core25runYawEstimatorCorrectionEv @ 0x7d0c20
AUTO: _ZN12NavEKF3_core18SelectRngBcnFusionEv @ 0x7d0e10
AUTO: _ZN12NavEKF3_core16SelectFlowFusionEv @ 0x7d0f40
AUTO: _ZN12NavEKF3_core20SelectBodyOdomFusionEv @ 0x7d1220
AUTO: _ZN12NavEKF3_core15SelectTasFusionEv @ 0x7d14d0
AUTO: _ZN12NavEKF3_core20SelectBetaDragFusionEv @ 0x7d15d0
AUTO: _ZN12NavEKF3_core18updateFilterStatusEv @ 0x7d1890
AUTO: _ZN12NavEKF3_core13moveEKFOriginEv @ 0x7d21d0
AUTO: _ZN12NavEKF3_core21checkUpdateEarthFieldEv @ 0x7d2380
AUTO: _ZN12NavEKF3_core16calcOutputStatesEv @ 0x7d2440
AUTO: _ZN12NavEKF3_core11readMagDataEv @ 0x7d3790
AUTO: _ZN12NavEKF3_core11readGpsDataEv @ 0x7d3ca0
AUTO: _ZN12NavEKF3_core14readGpsYawDataEv @ 0x7d4630
AUTO: _ZN12NavEKF3_core12readBaroDataEv @ 0x7d4760
AUTO: _ZN6AP_DAL3insEv @ 0xaf7be0
AUTO: _ZNK21AP_DAL_InertialSensor9get_accelEh @ 0xaf7c30
AUTO: _ZL2sqf.5403 @ 0x7d6790
AUTO: _ZNK16AP_NavEKF_Source13useVelZSourceENS_7SourceZEh @ 0x7d6900
AUTO: _ZNK12NavEKF3_core26CorrectGPSForAntennaOffsetERNS_12gps_elementsE @ 0x7d6a30
AUTO: _ZNK10AP_DAL_GPS18get_antenna_offsetEh @ 0xaf7f00
AUTO: _ZNK7Vector3IdErmERKS0_ @ 0xaf7f70
AUTO: _ZNK7Matrix3IdE13mul_transposeERK7Vector3IdE @ 0xaf8050
AUTO: _ZN7Vector3IdEdVEd @ 0xaf8160
AUTO: _ZNK21AP_DAL_InertialSensor16get_loop_delta_tEv @ 0xaf81f0
AUTO: _ZNK14AP_DAL_Compass16get_first_usableEv @ 0xaf8610
AUTO: _ZNK11AP_DAL_Baro15get_last_updateEh @ 0xaf8880
AUTO: _ZNK11AP_DAL_Baro12get_altitudeEh @ 0xaf88f0
AUTO: _ZN16EKF_obs_buffer_tIN12NavEKF3_core13baro_elementsEE4pushERKS1_ @ 0xaf8960
AUTO: _ZNK10AP_DAL_GPS11gps_yaw_degEhRfS0_Rj @ 0xaf89d0
AUTO: _ZL3MAXIfdEDTqugtfp_fp0_fp_fp0_ERKT_RKT0_ @ 0x7d7430
AUTO: _ZNK10AP_DAL_GPS20last_message_time_msEh @ 0xaf8af0
AUTO: _ZNK10AP_DAL_GPS7get_lagEhRf @ 0xaf8b60
AUTO: _ZL3MINIjjEDTqultfp_fp0_fp_fp0_ERKT_RKT0_.5220 @ 0x7d7630
AUTO: _ZNK10AP_DAL_GPS8velocityEh @ 0xaf8c10
AUTO: _ZNK10AP_DAL_GPS22have_vertical_velocityEh @ 0xaf8c80
AUTO: _ZNK10AP_DAL_GPS14speed_accuracyEhRf @ 0xaf8d00
AUTO: _ZL3MAXIdfEDTqugtfp_fp0_fp_fp0_ERKT_RKT0_.5216 @ 0x7d76b0
AUTO: _ZL3MINIdfEDTqultfp_fp0_fp_fp0_ERKT_RKT0_ @ 0x7d7750
AUTO: _ZL3MAXId9AP_ParamTIfL11ap_var_type4EEEDTqugtfp_fp0_fp_fp0_ERKT_RKT0_ @ 0x7d77f0
AUTO: _ZNK10AP_DAL_GPS19horizontal_accuracyEhRf @ 0xaf8db0
AUTO: _ZNK10AP_DAL_GPS17vertical_accuracyEhRf @ 0xaf8e60
AUTO: _ZNK10AP_DAL_GPS8num_satsEh @ 0xaf8f10
AUTO: _ZN12NavEKF3_core18calcGpsGoodToAlignEv @ 0x7d78a0
AUTO: _ZN12NavEKF3_core20calcGpsGoodForFlightEv @ 0x7d8800
AUTO: _ZN16EKF_obs_buffer_tIN12NavEKF3_core12gps_elementsEE4pushERKS1_ @ 0xaf8f80
AUTO: _ZL3MAXIddEDTqugtfp_fp0_fp_fp0_ERKT_RKT0_.5381 @ 0x7d8cc0
AUTO: _ZL3MINIdfEDTqultfp_fp0_fp_fp0_ERKT_RKT0_.5368 @ 0x7d8d40
AUTO: _ZNK10AP_DAL_GPS8get_hdopEh @ 0xaf8ff0
AUTO: _ZNK14AP_DAL_Compass9availableEv @ 0xaf9060
AUTO: _ZNK14AP_DAL_Compass9get_countEv @ 0xaf90c0
AUTO: _ZNK14AP_DAL_Compass21learn_offsets_enabledEv @ 0xaf9110
AUTO: _ZNK14AP_DAL_Compass7healthyEh @ 0xaf9170
AUTO: _ZNK14AP_DAL_Compass16last_update_usecEh @ 0xaf91e0
AUTO: _ZNK14AP_DAL_Compass11get_offsetsEh @ 0xaf9250
AUTO: _ZNK7Vector3IdEneERKS0_ @ 0xaf92c0
AUTO: _ZN12NavEKF3_core12mag_elementsC2Ev @ 0xaf9390
AUTO: _ZNK14AP_DAL_Compass9get_fieldEh @ 0xaf93f0
AUTO: _ZNK14AP_DAL_Compass10consistentEv @ 0xaf9460
AUTO: _ZN16EKF_obs_buffer_tIN12NavEKF3_core12mag_elementsEE4pushERKS1_ @ 0xaf94c0
AUTO: _Z8is_equalIddENSt3__19enable_ifIXsr3std17is_floating_pointINS0_11common_typeIJT_T0_EE4typeEEE5valueEbE4typeES3_S4_ @ 0xaf9530
AUTO: _ZN12NavEKF3_core17correctDeltaAngleER7Vector3IdEdh @ 0x7d9020
AUTO: _ZN12NavEKF3_core20correctDeltaVelocityER7Vector3IdEdh @ 0x7d90e0
AUTO: _ZN11QuaternionTIdEC2Ev @ 0xaf95b0
AUTO: _ZN11QuaternionTIdE15from_axis_angleE7Vector3IdE @ 0xaf9620
AUTO: _ZN11QuaternionTIdEmLERKS0_ @ 0xaf96e0
AUTO: _ZNK11QuaternionTIdE15rotation_matrixER7Matrix3IdE @ 0xaf9880
AUTO: _ZNK21AP_DAL_InertialSensor8get_gyroEh @ 0xaf9a70
AUTO: _ZNK6AP_DAL20get_takeoff_expectedEv @ 0xaf9b80
AUTO: _ZN16EKF_IMU_buffer_tIN12NavEKF3_core12imu_elementsEE18get_youngest_indexEv @ 0xaf9bf0
AUTO: _ZN16EKF_IMU_buffer_tIN12NavEKF3_core12imu_elementsEE16get_oldest_indexEv @ 0xaf9c50
AUTO: _ZNK11QuaternionTIdEdvERKS0_ @ 0xaf9cb0
AUTO: _ZN11QuaternionTIdEixEh @ 0xaf9ed0
AUTO: _ZL3MAXIddEDTqugtfp_fp0_fp_fp0_ERKT_RKT0_.5431 @ 0x7d9200
AUTO: _ZN12NavEKF3_core15output_elementsC2Ev @ 0xaf9f40
AUTO: _ZNK14ekf_imu_buffer16get_oldest_indexEv @ 0xaf9fc0
AUTO: _ZNK14ekf_imu_buffer18get_youngest_indexEv @ 0xafa010
AUTO: _ZN11QuaternionTIdE15from_axis_angleERK7Vector3IdEd @ 0xafa060
AUTO: _ZNK6AP_DAL22get_touchdown_expectedEv @ 0xafa180
AUTO: _ZN12NavEKF3_core12FuseSideslipEv @ 0x7d92f0
AUTO: _ZN16EKF_obs_buffer_tIN12NavEKF3_core13drag_elementsEE6recallERS1_j @ 0xafa1e0
AUTO: _ZNK6AP_DAL11get_EAS2TASEv @ 0xafa260
AUTO: _ZN7Vector3IdEixEh @ 0xafa320
AUTO: _ZNK7Vector3IdEixEh @ 0xafa390
AUTO: _ZN7Vector2IdEixEh @ 0xafa400
AUTO: _ZN15ekf_ring_buffer6recallEPvj @ 0x7dfd60
AUTO: _ZNK15ekf_ring_buffer7time_msEh @ 0x7dfec0
AUTO: _ZN12NavEKF3_core14readAirSpdDataEv @ 0x7dff30
AUTO: _ZN12NavEKF3_core12FuseAirspeedEv @ 0x7e0360
AUTO: _ZL3MAXIdfEDTqugtfp_fp0_fp_fp0_ERKT_RKT0_.20297 @ 0x7e1b60
AUTO: _ZNK12NavEKF3_core11useAirspeedEv @ 0x7e1c00
AUTO: _ZNK15AP_DAL_Airspeed14last_update_msEh @ 0xafa470
AUTO: _ZNK15AP_DAL_Airspeed7healthyEh @ 0xafa4e0
AUTO: _ZNK15AP_DAL_Airspeed3useEh @ 0xafa550
AUTO: _ZNK15AP_DAL_Airspeed12get_airspeedEh @ 0xafa5c0
AUTO: _ZL2sqf.5223 @ 0x7e1c60
AUTO: _ZN16EKF_obs_buffer_tIN12NavEKF3_core12tas_elementsEE4pushERKS1_ @ 0xafa630
AUTO: _ZN16EKF_obs_buffer_tIN12NavEKF3_core12tas_elementsEE6recallERS1_j @ 0xafa6a0
AUTO: _ZNK6AP_DAL23airspeed_sensor_enabledEv @ 0xafa720
AUTO: _ZN16EKF_obs_buffer_tIN12NavEKF3_core16vel_odm_elementsEE6recallERS1_j @ 0xafa790
AUTO: _ZN16EKF_obs_buffer_tIN12NavEKF3_core18wheel_odm_elementsEE6recallERS1_j @ 0xafa810
AUTO: _ZN12NavEKF3_core11of_elementsC2Ev @ 0xafa890
AUTO: _ZN16EKF_obs_buffer_tIN12NavEKF3_core11of_elementsEE6recallERS1_j @ 0xafa920
AUTO: _ZNK7Vector2IdEixEh @ 0xafa9a0
AUTO: _ZN12NavEKF3_core14readRngBcnDataEv @ 0x7eeb30
AUTO: _ZN10EKFGSF_yaw11fuseVelDataERK7Vector2IdEd @ 0x7f27e0
AUTO: _ZNK12NavEKF3_core13EKFGSF_getYawERdS0_ @ 0x7f2be0
AUTO: _ZNK11QuaternionTIdE8to_eulerERdS1_S1_ @ 0xafae70
AUTO: _ZN7Matrix3IdEixEh @ 0xafb9f0
AUTO: _ZNK10EKFGSF_yaw10getYawDataERdS0_Ph @ 0x7f3550
AUTO: _ZL7radiansf.5184 @ 0x7f3630
AUTO: _ZL2sqf.5182 @ 0x7f3680
AUTO: _ZN10EKFGSF_yaw7correctEhRK7Vector2IdEd @ 0x7f3bf0
AUTO: _ZNK10EKFGSF_yaw15gaussianDensityEh @ 0x7f4fb0
AUTO: _ZL3MAXIdfEDTqugtfp_fp0_fp_fp0_ERKT_RKT0_.4687 @ 0x7f5330
AUTO: _ZN10EKFGSF_yaw13forceSymmetryEh @ 0x7f53d0
AUTO: _ZN16EKF_obs_buffer_tIN12NavEKF3_core16ext_nav_elementsEE6recallERS1_j @ 0xafbb60
AUTO: _ZN16EKF_obs_buffer_tIN12NavEKF3_core20ext_nav_vel_elementsEE6recallERS1_j @ 0xafbbe0
AUTO: _ZNK12NavEKF3_core35CalculateVelInnovationsAndVariancesERK7Vector3IdEddRS1_S4_ @ 0x7f5900
AUTO: _ZN16EKF_obs_buffer_tIN12NavEKF3_core12gps_elementsEE6recallERS1_j @ 0xafbc60
AUTO: _ZN12NavEKF3_core21selectHeightForFusionEv @ 0x7f5f40
AUTO: _ZN12NavEKF3_core13FuseVelPosNEDEv @ 0x7f7440
AUTO: _ZL3MAXIdfEDTqugtfp_fp0_fp_fp0_ERKT_RKT0_.5356 @ 0x7f9790
AUTO: _ZL3MAXI9AP_ParamTIfL11ap_var_type4EEfEDTqugtfp_fp0_fp_fp0_ERKT_RKT0_.5357 @ 0x7f9830
AUTO: _ZN12NavEKF3_core15readRangeFinderEv @ 0x7f98c0
AUTO: _ZN16EKF_obs_buffer_tIN12NavEKF3_core14range_elementsEE6recallERS1_j @ 0xafbce0
AUTO: _ZN16EKF_obs_buffer_tIN12NavEKF3_core13baro_elementsEE6recallERS1_j @ 0xafbdb0
AUTO: _ZL3MAXIddEDTqugtfp_fp0_fp_fp0_ERKT_RKT0_.5205 @ 0x7fa490
AUTO: _ZL3MAXI9AP_ParamTIfL11ap_var_type4EEfEDTqugtfp_fp0_fp_fp0_ERKT_RKT0_.5194 @ 0x7fa660
AUTO: _ZN16EKF_obs_buffer_tIN12NavEKF3_core12yaw_elementsEE6recallERS1_j @ 0xafc040
AUTO: _ZN16EKF_obs_buffer_tIN12NavEKF3_core12mag_elementsEE6recallERS1_j @ 0xafc0c0
AUTO: _ZN12NavEKF3_core18controlMagYawResetEv @ 0x7fc690
AUTO: _ZN12NavEKF3_core16FuseMagnetometerEv @ 0x7fcca0
AUTO: _ZN7Matrix3IdEC2Eddddddddd @ 0xafc140
AUTO: _ZNK7Matrix3IdEixEh @ 0xafc290
AUTO: _ZL3MAXIdfEDTqugtfp_fp0_fp_fp0_ERKT_RKT0_.5192 @ 0x8034e0
AUTO: _ZN12NavEKF3_core17MagTableConstrainEv @ 0x803580
AUTO: _ZNK11QuaternionTIdE13to_axis_angleER7Vector3IdE @ 0xafc300
AUTO: _ZL3MAXIdfEDTqugtfp_fp0_fp_fp0_ERKT_RKT0_.5149 @ 0x803c60
AUTO: _ZN10EKFGSF_yaw6updateERK7Vector3IdES3_ddbd @ 0x803d00
AUTO: _ZN10EKFGSF_yaw7predictEh @ 0x804790
AUTO: _ZN10EKFGSF_yaw11predictAHRSEh @ 0x8052e0
AUTO: _ZL7radiansf.4685 @ 0x805860
AUTO: _ZL2sqf.4686 @ 0x8058b0
AUTO: _ZNK10EKFGSF_yaw12updateRotMatERK7Matrix3IdERK7Vector3IdE @ 0x805900
AUTO: _ZN12NavEKF3_core21calcTiltErrorVarianceEv @ 0x8061e0
AUTO: _ZN12NavEKF3_core23verifyTiltErrorVarianceEv @ 0x8068c0
AUTO: _ZL3MINIffEDTqultfp_fp0_fp_fp0_ERKT_RKT0_.5423 @ 0x806cc0
AUTO: _ZN11QuaternionTIdE6rotateERK7Vector3IdE @ 0xafc8c0
AUTO: _ZN12NavEKF3_core15ConstrainStatesEv @ 0x806d50
AUTO: _ZNK21AP_DAL_InertialSensor9use_accelEh @ 0xafc980
AUTO: _ZNK21AP_DAL_InertialSensor8use_gyroEh @ 0xafca50
AUTO: _ZN12NavEKF3_core19learnInactiveBiasesEv @ 0x807190
AUTO: _ZN12NavEKF3_core19updateMovementCheckEv @ 0x807700
AUTO: _ZN12NavEKF3_core17readDeltaVelocityEhR7Vector3IdERd @ 0x807fa0
AUTO: _ZNK21AP_DAL_InertialSensor18get_imu_pos_offsetEh @ 0xafcb20
AUTO: _ZN12NavEKF3_core14readDeltaAngleEhR7Vector3IdERd @ 0x8080f0
AUTO: _ZN16EKF_IMU_buffer_tIN12NavEKF3_core12imu_elementsEE21push_youngest_elementES1_ @ 0xafcb90
AUTO: _ZN12NavEKF3_core14SampleDragDataERKNS_12imu_elementsE @ 0x808210
AUTO: _ZN16EKF_IMU_buffer_tIN12NavEKF3_core12imu_elementsEE18get_oldest_elementEv @ 0xafcbf0
AUTO: _ZN12NavEKF3_core22updateTimingStatisticsEv @ 0x8084c0
AUTO: _ZL3MINIfdEDTqultfp_fp0_fp_fp0_ERKT_RKT0_ @ 0x808770
AUTO: _ZN12NavEKF3_core12imu_elementsC2Ev @ 0xafcc70
AUTO: _ZN14ekf_imu_buffer18get_oldest_elementEPv @ 0x808810
AUTO: _ZN14ekf_imu_buffer21push_youngest_elementEPKv @ 0x8088d0
AUTO: _ZNK21AP_DAL_InertialSensor14get_gyro_countEv @ 0xafcd50
AUTO: _ZNK21AP_DAL_InertialSensor15get_delta_angleEhR7Vector3IfERf @ 0xafcda0
AUTO: _ZNK21AP_DAL_InertialSensor15get_accel_countEv @ 0xafcea0
AUTO: _ZNK21AP_DAL_InertialSensor18get_delta_velocityEhR7Vector3IfERf @ 0xafcef0
AUTO: _ZL7radiansi.5218 @ 0x8089c0
AUTO: _ZN12NavEKF3_core12detectFlightEv @ 0x808a20
AUTO: _ZN12NavEKF3_core27setWindMagStateLearningModeEv @ 0x808ee0
AUTO: _ZN12NavEKF3_core28checkAttitudeAlignmentStatusEv @ 0x809780
AUTO: _ZN12NavEKF3_core13setAidingModeEv @ 0x809890
AUTO: _ZN12NavEKF3_core12setYawSourceEv @ 0x80a800
AUTO: _ZN12NavEKF3_core18checkGyroCalStatusEv @ 0x80a8d0
AUTO: _ZL3MINIttEDTqultfp_fp0_fp_fp0_ERKT_RKT0_ @ 0x80afb0
AUTO: _ZL7radiansd.5136 @ 0x80b030
AUTO: _ZN12NavEKF3_core19updateStateIndexLimEv @ 0x80b120
AUTO: _ZL2sqf.5384 @ 0x80b200
AUTO: _ZN12NavEKF3_core20update_gps_selectionEv @ 0x80b310
AUTO: _ZN12NavEKF3_core20update_mag_selectionEv @ 0x80b410
AUTO: _ZN12NavEKF3_core21update_baro_selectionEv @ 0x80b550
AUTO: _ZN12NavEKF3_core25update_airspeed_selectionEv @ 0x80b630
AUTO: _ZNK15AP_DAL_Airspeed11get_primaryEv @ 0xafd030
AUTO: _ZNK11AP_DAL_Baro11get_primaryEv @ 0xafd080
AUTO: _Z9fill_nanfPdt @ 0x80b740
AUTO: _ZNK17AP_InertialSensor20get_last_update_usecEv @ 0xafd140
AUTO: _ZNK17AP_InertialSensor16get_loop_delta_tEv @ 0xafd190
AUTO: _ZNK7AP_AHRS17get_vehicle_classEv @ 0xafd1e0
AUTO: _ZNK7AP_AHRS20get_takeoff_expectedEv @ 0xafd230
AUTO: _ZNK7AP_AHRS22get_touchdown_expectedEv @ 0xafd290
AUTO: _ZNK7AP_AHRS8get_trimEv @ 0xafd2f0
AUTO: _ZN2AP12wheelencoderEv @ 0x80bb60
AUTO: _ZNK7AP_AHRS43get_rotation_vehicle_body_to_autopilot_bodyEv @ 0xafd3a0
AUTO: _ZN21AP_DAL_InertialSensor11start_frameEv @ 0x80bba0
AUTO: _ZN11AP_DAL_Baro11start_frameEv @ 0x80be20
AUTO: _ZN10AP_DAL_GPS11start_frameEv @ 0x80bf90
AUTO: _ZN14AP_DAL_Compass11start_frameEv @ 0x80c390
AUTO: _ZN15AP_DAL_Airspeed11start_frameEv @ 0x80c5b0
AUTO: _ZN2AP6beaconEv @ 0x80cba0
AUTO: _ZN9AP_Beacon13get_singletonEv @ 0xafd4a0
AUTO: _ZNK11AP_Airspeed15get_num_sensorsEv @ 0xafd4e0
AUTO: _ZNK11AP_Airspeed14last_update_msEh @ 0xafd530
AUTO: _ZNK7Compass24auto_declination_enabledEv @ 0xafd5a0
AUTO: _ZNK7Compass15get_declinationEv @ 0x80d2f0
AUTO: _ZNK7Compass15get_num_enabledEv @ 0x80d350
AUTO: _ZNK7Compass16get_first_usableEv @ 0xafd610
AUTO: _ZNK7Compass17have_scale_factorEh @ 0x80d410
AUTO: _ZNK7Compass16last_update_usecEh @ 0xafd660
AUTO: _ZNK14typesafe_indexIh14TAG_StateIndexEgeERKh @ 0xafd6e0
AUTO: _ZNK7AP_Baro11get_primaryEv @ 0xafd750
AUTO: _ZNK7AP_Baro15get_last_updateEh @ 0xafd7a0
AUTO: _ZNK17AP_InertialSensor16get_loop_rate_hzEv @ 0xafd810
AUTO: _ZNK17AP_InertialSensor15get_delta_angleEhR7Vector3IfERf @ 0x80d550
AUTO: _ZN21AP_DAL_InertialSensor15update_filteredEh @ 0x80d720
AUTO: _ZNK17AP_InertialSensor18get_imu_pos_offsetEh @ 0xafd860
AUTO: _ZNK17AP_InertialSensor10_accel_posEh @ 0xafd8c0
AUTO: _ZN17AP_InertialSensor10_accel_posEh @ 0xafd920
AUTO: _ZN15AP_WheelEncoder13get_singletonEv @ 0xafd990
AUTO: _ZN7NavEKF212UpdateFilterEv @ 0x810760
AUTO: _ZNK12NavEKF2_core11getGyroBiasER7Vector3IfE @ 0x810d40
AUTO: _ZNK12NavEKF2_core21getFramesSincePredictEv @ 0x810e30
AUTO: _ZN12NavEKF2_core12UpdateFilterEb @ 0x810e90
AUTO: _ZN12NavEKF2_core18controlFilterModesEv @ 0x811090
AUTO: _ZN12NavEKF2_core11readIMUDataEv @ 0x811160
AUTO: _ZN12NavEKF2_core27UpdateStrapdownEquationsNEDEv @ 0x811980
AUTO: _ZN12NavEKF2_core20CovariancePredictionEv @ 0x811dc0
AUTO: _ZN12NavEKF2_core25runYawEstimatorPredictionEv @ 0x81b4d0
AUTO: _ZN12NavEKF2_core15SelectMagFusionEv @ 0x81b640
AUTO: _ZN12NavEKF2_core18SelectVelPosFusionEv @ 0x81ba90
AUTO: _ZN12NavEKF2_core25runYawEstimatorCorrectionEv @ 0x81c2a0
AUTO: _ZN12NavEKF2_core18SelectRngBcnFusionEv @ 0x81c3f0
AUTO: _ZN12NavEKF2_core16SelectFlowFusionEv @ 0x81c480
AUTO: _ZN12NavEKF2_core15SelectTasFusionEv @ 0x81c700
AUTO: _ZN12NavEKF2_core16SelectBetaFusionEv @ 0x81c820
AUTO: _ZN12NavEKF2_core18updateFilterStatusEv @ 0x81c9c0
AUTO: _ZN12NavEKF2_core16calcOutputStatesEv @ 0x81d3c0
AUTO: _ZNK12NavEKF2_core20assume_zero_sideslipEv @ 0x81e630
AUTO: _ZN12NavEKF2_core11readMagDataEv @ 0x81e6c0
AUTO: _ZN12NavEKF2_core11readGpsDataEv @ 0x81eba0
AUTO: _ZN12NavEKF2_core12readBaroDataEv @ 0x81f660
AUTO: _ZN16EKF_IMU_buffer_tIN12NavEKF2_core15output_elementsEEixEj @ 0xafed80
AUTO: _ZNK10AP_DAL_GPS22have_vertical_velocityEv @ 0xafedf0
AUTO: _ZNK12NavEKF2_core26CorrectGPSForAntennaOffsetERNS_12gps_elementsE @ 0x821780
AUTO: _ZL2sqf.20181 @ 0x821c00
AUTO: _ZNK11AP_DAL_Baro15get_last_updateEv @ 0xaff250
AUTO: _ZNK11AP_DAL_Baro12get_altitudeEv @ 0xaff2b0
AUTO: _ZL3MAXIddEDTqugtfp_fp0_fp_fp0_ERKT_RKT0_.20150 @ 0x821e70
AUTO: _ZN16EKF_obs_buffer_tIN12NavEKF2_core13baro_elementsEE4pushERKS1_ @ 0xaff310
AUTO: _ZNK10AP_DAL_GPS7get_lagERf @ 0xaff380
AUTO: _ZNK10AP_DAL_GPS8velocityEv @ 0xaff400
AUTO: _ZNK10AP_DAL_GPS14speed_accuracyERf @ 0xaff460
AUTO: _ZL3MAXIdfEDTqugtfp_fp0_fp_fp0_ERKT_RKT0_.20159 @ 0x821ef0
AUTO: _ZL3MINIdfEDTqultfp_fp0_fp_fp0_ERKT_RKT0_.20160 @ 0x821f90
AUTO: _ZL3MAXId9AP_ParamTIfL11ap_var_type4EEEDTqugtfp_fp0_fp_fp0_ERKT_RKT0_.20162 @ 0x822030
AUTO: _ZNK10AP_DAL_GPS19horizontal_accuracyERf @ 0xaff4e0
AUTO: _ZNK10AP_DAL_GPS17vertical_accuracyERf @ 0xaff560
AUTO: _ZNK10AP_DAL_GPS8num_satsEv @ 0xaff5e0
AUTO: _ZN12NavEKF2_core18calcGpsGoodToAlignEv @ 0x8220e0
AUTO: _ZN12NavEKF2_core20calcGpsGoodForFlightEv @ 0x822fd0
AUTO: _ZN16EKF_obs_buffer_tIN12NavEKF2_core12gps_elementsEE4pushERKS1_ @ 0xaff650
AUTO: _ZNK12NavEKF2_core14MagDeclinationEv @ 0x823510
AUTO: _ZN12NavEKF2_core15FuseDeclinationEd @ 0x8235f0
AUTO: _ZN12NavEKF2_core13ForceSymmetryEv @ 0x823fd0
AUTO: _ZN12NavEKF2_core18ConstrainVariancesEv @ 0x824120
AUTO: _ZL3MAXIddEDTqugtfp_fp0_fp_fp0_ERKT_RKT0_.20213 @ 0x824650
AUTO: _ZL3MINIdfEDTqultfp_fp0_fp_fp0_ERKT_RKT0_.20200 @ 0x8246d0
AUTO: _ZNK10AP_DAL_GPS8get_hdopEv @ 0xaff6c0
AUTO: _ZN12NavEKF2_core12mag_elementsC2Ev @ 0xaff730
AUTO: _ZN16EKF_obs_buffer_tIN12NavEKF2_core12mag_elementsEE4pushERKS1_ @ 0xaff790
AUTO: _ZN12NavEKF2_core17correctDeltaAngleER7Vector3IdEdh @ 0x824920
AUTO: _ZN12NavEKF2_core20correctDeltaVelocityER7Vector3IdEdh @ 0x824a30
AUTO: _ZN16EKF_IMU_buffer_tIN12NavEKF2_core12imu_elementsEE18get_youngest_indexEv @ 0xaff800
AUTO: _ZN16EKF_IMU_buffer_tIN12NavEKF2_core12imu_elementsEE16get_oldest_indexEv @ 0xaff860
AUTO: _ZN12NavEKF2_core15output_elementsC2Ev @ 0xaff8c0
AUTO: _ZNK12NavEKF2_core11useAirspeedEv @ 0x824ae0
AUTO: _ZN12NavEKF2_core14readAirSpdDataEv @ 0x828020
AUTO: _ZN12NavEKF2_core12FuseAirspeedEv @ 0x8281a0
AUTO: _ZL3MAXIdfEDTqugtfp_fp0_fp_fp0_ERKT_RKT0_.22305 @ 0x8298f0
AUTO: _ZNK15AP_DAL_Airspeed3useEv @ 0xaff940
AUTO: _ZNK15AP_DAL_Airspeed7healthyEv @ 0xaff9b0
AUTO: _ZNK15AP_DAL_Airspeed14last_update_msEv @ 0xaffa20
AUTO: _ZNK15AP_DAL_Airspeed12get_airspeedEv @ 0xaffa80
AUTO: _ZN16EKF_obs_buffer_tIN12NavEKF2_core12tas_elementsEE4pushERKS1_ @ 0xaffae0
AUTO: _ZN16EKF_obs_buffer_tIN12NavEKF2_core12tas_elementsEE6recallERS1_j @ 0xaffb50
AUTO: _ZN12NavEKF2_core14readRngBcnDataEv @ 0x82f990
AUTO: _ZN16EKF_obs_buffer_tIN12NavEKF2_core16ext_nav_elementsEE6recallERS1_j @ 0xaffcc0
AUTO: _ZN16EKF_obs_buffer_tIN12NavEKF2_core20ext_nav_vel_elementsEE6recallERS1_j @ 0xaffd40
AUTO: _ZN16EKF_obs_buffer_tIN12NavEKF2_core12gps_elementsEE6recallERS1_j @ 0xaffdc0
AUTO: _ZN12NavEKF2_core18controlMagYawResetEv @ 0x833c10
AUTO: _ZN12NavEKF2_core13realignYawGPSEv @ 0x835b70
AUTO: _ZN12NavEKF2_core21selectHeightForFusionEv @ 0x835df0
AUTO: _ZN12NavEKF2_core13FuseVelPosNEDEv @ 0x837130
AUTO: _ZL3MAXIdfEDTqugtfp_fp0_fp_fp0_ERKT_RKT0_.20190 @ 0x838e40
AUTO: _ZN12NavEKF2_core15readRangeFinderEv @ 0x838ee0
AUTO: _ZN16EKF_obs_buffer_tIN12NavEKF2_core14range_elementsEE6recallERS1_j @ 0xaffe40
AUTO: _ZN16EKF_obs_buffer_tIN12NavEKF2_core13baro_elementsEE6recallERS1_j @ 0xaffec0
AUTO: _ZL3MAXIddEDTqugtfp_fp0_fp_fp0_ERKT_RKT0_.20133 @ 0x8398e0
AUTO: _ZL3MAXIdfEDTqugtfp_fp0_fp_fp0_ERKT_RKT0_.20138 @ 0x839a90
AUTO: _ZN16EKF_obs_buffer_tIN12NavEKF2_core12mag_elementsEE6recallERS1_j @ 0xafffb0
AUTO: _ZN12NavEKF2_core16FuseMagnetometerEv @ 0x83a080
AUTO: _ZN12NavEKF2_core17MagTableConstrainEv @ 0x83fb70
AUTO: _ZN12NavEKF2_core15CopyCovariancesEv @ 0x83fca0
AUTO: _ZN12NavEKF2_core15ConstrainStatesEv @ 0x83fd90
AUTO: _ZL3MAXIddEDTqugtfp_fp0_fp_fp0_ERKT_RKT0_.20258 @ 0x8401c0
AUTO: _ZN12NavEKF2_core19learnInactiveBiasesEv @ 0x840240
AUTO: _ZN12NavEKF2_core17readDeltaVelocityEhR7Vector3IdERd @ 0x840710
AUTO: _ZN12NavEKF2_core14readDeltaAngleEhR7Vector3IdERd @ 0x840880
AUTO: _ZN16EKF_IMU_buffer_tIN12NavEKF2_core12imu_elementsEE21push_youngest_elementES1_ @ 0xb00030
AUTO: _ZN16EKF_IMU_buffer_tIN12NavEKF2_core12imu_elementsEE18get_oldest_elementEv @ 0xb00090
AUTO: _ZN12NavEKF2_core22updateTimingStatisticsEv @ 0x8409f0
AUTO: _ZL3MAXIfdEDTqugtfp_fp0_fp_fp0_ERKT_RKT0_.20157 @ 0x840ca0
AUTO: _ZL3MINIfdEDTqultfp_fp0_fp_fp0_ERKT_RKT0_.20158 @ 0x840d40
AUTO: _ZN12NavEKF2_core12imu_elementsC2Ev @ 0xb00110
AUTO: _ZL7radiansi.20161 @ 0x840de0
AUTO: _ZN12NavEKF2_core12detectFlightEv @ 0x840e40
AUTO: _ZN12NavEKF2_core27setWindMagStateLearningModeEv @ 0x8412e0
AUTO: _ZN12NavEKF2_core28checkAttitudeAlignmentStatusEv @ 0x841980
AUTO: _ZN12NavEKF2_core13setAidingModeEv @ 0x841af0
AUTO: _ZL3MINIttEDTqultfp_fp0_fp_fp0_ERKT_RKT0_.20103 @ 0x8429d0
AUTO: _ZNK12NavEKF2_core16effective_magCalEv @ 0x842af0
AUTO: _ZN16AP_AHRS_External6updateEv @ 0x843550
AUTO: _ZN16AP_AHRS_External11get_resultsERN15AP_AHRS_Backend9EstimatesE @ 0x8435a0
AUTO: _ZN7AP_AHRS37copy_estimates_from_backend_estimatesERKN15AP_AHRS_Backend9EstimatesE @ 0x8437f0
AUTO: _ZN15AP_ExternalAHRS6updateEv @ 0x843ad0
AUTO: _ZL7degreesf.11297 @ 0x843e00
AUTO: _ZN11AP_AHRS_SIM6updateEv @ 0xb00d40
AUTO: _ZN11AP_AHRS_SIM11get_resultsERN15AP_AHRS_Backend9EstimatesE @ 0x843e50
AUTO: _ZN11AP_AHRS_DCM6updateEv @ 0x844a30
AUTO: _ZN11AP_AHRS_DCM11get_resultsERN15AP_AHRS_Backend9EstimatesE @ 0x844d50
AUTO: _ZN11AP_AHRS_DCM13matrix_updateEv @ 0x844e70
AUTO: _ZN11AP_AHRS_DCM9normalizeEv @ 0x8450c0
AUTO: _ZN11AP_AHRS_DCM16drift_correctionEf @ 0x8452e0
AUTO: _ZN11AP_AHRS_DCM12check_matrixEv @ 0x846640
AUTO: _ZN11AP_AHRS_DCM15backup_attitudeEv @ 0x846740
AUTO: _ZNK11AP_AHRS_DCM12get_error_rpEv @ 0xb00e00
AUTO: _ZNK11AP_AHRS_DCM13get_error_yawEv @ 0xb00e50
AUTO: _ZN7Matrix3IfE6is_nanEv @ 0xb00ea0
AUTO: _ZN11AP_AHRS_DCM20drift_correction_yawEv @ 0x846c30
AUTO: _ZNK7Matrix3IfE4colxEv @ 0xb00f40
AUTO: _ZNK6AP_GPS16last_fix_time_msEv @ 0xb00fb0
AUTO: _ZL3MAXIfiEDTqugtfp_fp0_fp_fp0_ERKT_RKT0_.2600 @ 0x847150
AUTO: _ZNK11AP_AHRS_DCM26should_correct_centrifugalEv @ 0x8471f0
AUTO: _ZN11AP_AHRS_DCM10ra_delayedEhRK7Vector3IfE @ 0x847240
AUTO: _ZNK17AP_InertialSensor7healthyEv @ 0xb01010
AUTO: _ZN11AP_AHRS_DCM7_P_gainEf @ 0x847340
AUTO: _ZNK11AP_AHRS_DCM14use_fast_gainsEv @ 0x847420
AUTO: _ZL7radiansi.2601 @ 0x8474b0
AUTO: _ZNK17AP_InertialSensor19get_gyro_drift_rateEv @ 0xb01090
AUTO: _ZNK17AP_InertialSensor15get_gyro_healthEv @ 0xb010e0
AUTO: _ZNK17AP_InertialSensor16get_accel_healthEv @ 0xb01140
AUTO: _ZNK7Compass16last_update_usecEv @ 0xb011a0
AUTO: _ZN7Compass4readEv @ 0x847510
AUTO: _ZN11AP_AHRS_DCM17yaw_error_compassER7Compass @ 0x8478e0
AUTO: _ZNK11AP_AHRS_DCM9_yaw_gainEv @ 0x847a60
AUTO: _ZNK7Matrix3IfE5mulXYERK7Vector3IfE @ 0xb01200
AUTO: _ZNK7Vector2IfErmERKS0_ @ 0xb012d0
AUTO: _ZN7Compass15_detect_runtimeEv @ 0x847c10
AUTO: _ZN9AP_Logger13Write_CompassEv @ 0x847f40
AUTO: _ZN19RestrictIDTypeArrayI9AP_ParamTIaL11ap_var_type1EELj3E14typesafe_indexIh12TAG_PriorityEEixERKS5_ @ 0xb01350
AUTO: _ZN9AP_Logger22Write_Compass_instanceEmh @ 0x847fe0
AUTO: _ZNK7Compass17get_motor_offsetsEh @ 0xb013d0
AUTO: _ZN18AP_Compass_Backend25drain_accumulated_samplesEhPK7Vector3IfE @ 0x849f10
AUTO: _ZN18AP_Compass_Backend22publish_filtered_fieldERK7Vector3IfEh @ 0x84a090
AUTO: _ZN11AP_AHRS_DCM6renormERK7Vector3IfERS1_ @ 0x84a150
AUTO: _ZNK17AP_InertialSensor15get_delta_angleER7Vector3IfERf @ 0xb01c50
AUTO: _ZNK7Vector3IfEeqERKS0_ @ 0xb01ce0
AUTO: _ZNK14AP_Logger_File17recent_open_errorEv @ 0x84a500
AUTO: _ZNK14AP_Logger_File15io_thread_aliveEv @ 0x84a590
AUTO: _ZN14AP_Logger_File16disk_space_availEv @ 0x84a920
AUTO: _ZL3MINIjjEDTqultfp_fp0_fp_fp0_ERKT_RKT0_.6871 @ 0x84aa00
AUTO: _ZN13AP_Filesystem17bytes_until_fsyncEi @ 0x84aa80
AUTO: _ZN13AP_Filesystem9disk_freeEPKc @ 0x84ab00
AUTO: _ZN2AP4rssiEv @ 0x851d40
AUTO: _ZNK7AP_RSSI7enabledEv @ 0xb02590
AUTO: _ZN7AP_RSSI13get_singletonEv @ 0x852570
AUTO: _ZN13AP_CANManager20check_logging_enableEv @ 0x853530
AUTO: _ZN7FunctorIvJEE14method_wrapperI13AP_CANManagerXadL_ZNS2_20check_logging_enableEvEEEEvPv @ 0xb02bc0
AUTO: _ZNK13AP_CANManager15CANIface_Params13option_is_setENS0_7OptionsE @ 0xb02c70
AUTO: _ZN9AP_Logger13Write_MessageEPKc @ 0x85e120
AUTO: _ZNK6AP_GPS20last_message_time_msEv @ 0xb0cc70
AUTO: _ZNK22AP_BattMonitor_Backend13option_is_setEN21AP_BattMonitor_Params7OptionsE @ 0xb14c60
AUTO: _ZN22AP_BattMonitor_Backend15update_consumedERN14AP_BattMonitor17BattMonitor_StateEj @ 0x875960
AUTO: _ZN22AP_BattMonitor_Backend13calculate_mahEff @ 0xb14cf0
AUTO: _ZN18AP_Compass_Backend17accumulate_sampleER7Vector3IfEhj @ 0x877c70
AUTO: _ZN18AP_Compass_Backend12rotate_fieldER7Vector3IfEh @ 0x877df0
AUTO: _ZN18AP_Compass_Backend17publish_raw_fieldERK7Vector3IfEh @ 0x877ee0
AUTO: _ZN18AP_Compass_Backend13correct_fieldER7Vector3IfEh @ 0x877ff0
AUTO: _ZN18AP_Compass_Backend8field_okERK7Vector3IfE @ 0x8783f0
AUTO: _ZNK7Compass16get_filter_rangeEv @ 0xb17010
AUTO: _ZNK16Compass_PerMotor7enabledEv @ 0xb17070
AUTO: _ZN7Compass13_get_priorityE14typesafe_indexIh14TAG_StateIndexE @ 0xb170e0
AUTO: _ZN14AP_GPS_Backend15set_alt_amsl_cmERN6AP_GPS9GPS_StateEi @ 0x87cac0
AUTO: _ZN16JitterCorrection31correct_offboard_timestamp_usecEmm @ 0x87ccd0
AUTO: _ZNK14AP_GPS_Backend10option_setEN6AP_GPS13DriverOptionsE @ 0xb1a270
AUTO: _ZNK6AP_GPS10option_setENS_13DriverOptionsE @ 0xb1a2e0
AUTO: _ZN6AP_RTC12set_utc_usecEmNS_11source_typeE @ 0x87d740
AUTO: _ZN10RC_Channel9set_rangeEt @ 0x87faf0
AUTO: _ZNK11GCS_MAVLINK14option_enabledENS_6OptionE @ 0xb1c770
AUTO: _ZNK16AP_SerialManager9UARTState12get_protocolEv @ 0xb1c7f0
AUTO: _ZN2AP8PerfInfo13set_loop_rateEt @ 0x88fde0
AUTO: _ZN2AP8PerfInfo5resetEv @ 0x88fea0
AUTO: _ZN3GCS10send_textvE12MAV_SEVERITYPKcP13__va_list_tagh @ 0x8904d0
AUTO: _ZNK3GCS43min_loop_time_remaining_for_message_send_usEv @ 0xb1ce30
AUTO: _ZNK3GCS19vehicle_initialisedEv @ 0xb1ce80
AUTO: _ZL3MINImmEDTqultfp_fp0_fp_fp0_ERKT_RKT0_.7320 @ 0x8909e0
AUTO: _ZN11ObjectArrayIN3GCS12statustext_tEE10push_forceERKS1_ @ 0xb1d010
AUTO: _ZN2AP11frsky_telemEv @ 0x890a60
AUTO: _ZN2AP14spektrum_telemEv @ 0x890aa0
AUTO: _ZN9AP_Notify9send_textEPKc @ 0x890ae0
AUTO: _ZN17AP_Spektrum_Telem13get_singletonEv @ 0xb1d150
AUTO: _ZN14AP_Frsky_Telem13get_singletonEv @ 0xb1d190
AUTO: _ZNK11ObjectArrayIN3GCS12statustext_tEE5spaceEv @ 0xb1d1d0
AUTO: _ZN11ObjectArrayIN3GCS12statustext_tEE4pushERKS1_ @ 0xb1d230
AUTO: _ZN5Plane8set_modeEh10ModeReason @ 0x890b80
AUTO: _ZNK5Plane29current_mode_requires_missionEv @ 0xb1d500
AUTO: _ZNK5Plane17get_wp_distance_mERf @ 0x891920
AUTO: _ZNK5Plane18get_wp_bearing_degERf @ 0x891a40
AUTO: _ZNK5Plane25get_wp_crosstrack_error_mERf @ 0x891b70
AUTO: _ZN5Plane20set_control_channelsEv @ 0x893010
AUTO: _ZN5Plane18fence_checks_asyncEv @ 0x893300
AUTO: _ZN6AP_HAL15timeout_expiredIjjjEEbT_T0_T1_ @ 0xb1d620
AUTO: _ZN8AC_Fence5checkEb @ 0x8934e0
AUTO: _ZN8AC_Fence19clear_margin_breachEh @ 0x8938f0
AUTO: _ZN10RC_Channel9set_angleEt @ 0x894630
AUTO: _ZNK5Plane19have_reverse_thrustEv @ 0x8946a0
AUTO: _ZN12SRV_Channels19set_esc_scaling_forEN11SRV_Channel8FunctionE @ 0x894710
AUTO: _ZN6AP_HAL8RCOutput15set_esc_scalingEtt @ 0xb1d770
AUTO: _ZN8AP_Param15save_io_handlerEv @ 0x895350
AUTO: _ZN7FunctorIvJEE14method_wrapperI8AP_ParamXadL_ZNS2_15save_io_handlerEvEEEEvPv @ 0xb1d920
AUTO: _ZN15ObjectBuffer_TSIN8AP_Param10param_saveEE3popERS1_ @ 0xb1d9d0
AUTO: _ZN5Plane11notify_modeERK4Mode @ 0x895de0
AUTO: _ZN5Plane3gcsEv @ 0xb1db70
AUTO: _ZL21failsafe_check_staticv @ 0x899cd0
AUTO: _ZN9QuadPlane5setupEv @ 0x899d10
AUTO: _ZN5Plane8set_modeER4Mode10ModeReason @ 0x89aa50
AUTO: _ZN3GCS16sysid_mygcs_seenEj @ 0xb1dda0
AUTO: _ZN5Plane18set_mode_by_numberEN4Mode6NumberE10ModeReason @ 0x89b270
AUTO: _ZNK7Vector2IfEdvEf @ 0xb1fbb0
AUTO: _ZN10RC_Channel16read_mode_switchEv @ 0x8a2630
AUTO: _ZN10RC_Channel16read_6pos_switchERa @ 0x8a26b0
AUTO: _ZN10RC_Channel18debounce_completedEa @ 0x8a2810
AUTO: _ZN5Plane18mode_from_mode_numEN4Mode6NumberE @ 0x8a2900
AUTO: _ZN12SRV_Channels17enable_aux_servosEv @ 0x8a2c00
AUTO: _ZN5Plane13servos_outputEv @ 0x8a2e40
AUTO: _ZN5Plane22servos_twin_engine_mixEv @ 0x8a30f0
AUTO: _ZNK5Plane22channel_function_mixerEN11SRV_Channel8FunctionES1_S1_S1_ @ 0x8a33b0
AUTO: _ZN10Tailsitter6outputEv @ 0x8a35c0
AUTO: _ZN9Tiltrotor15bicopter_outputEv @ 0x8a4a30
AUTO: _ZN5Plane11force_flareEv @ 0x8a4cf0
AUTO: _ZN5Plane15dspoiler_updateEv @ 0x8a4f60
AUTO: _ZN5Plane38landing_neutral_control_surface_servosEv @ 0x8a54d0
AUTO: _ZN12SRV_Channels8calc_pwmEv @ 0x8a5840
AUTO: _ZN12SRV_Channels13output_ch_allEv @ 0x8a5a60
AUTO: _ZNK12SRV_Channels17auto_trim_enabledEv @ 0xb204b0
AUTO: _ZNK16AP_FW_Controller12get_pid_infoEv @ 0xb20520
AUTO: _ZNK10AP_Landing23get_then_servos_neutralEv @ 0xb20570
AUTO: _ZN12SRV_Channels30get_slew_limited_output_scaledEN11SRV_Channel8FunctionE @ 0x8a6550
AUTO: _ZNK9QuadPlane18in_frwd_transitionEv @ 0x8a6660
AUTO: _ZN19AP_AdvancedFailsafe20should_crash_vehicleEv @ 0x8a7080
AUTO: _ZN5Plane24relative_ground_altitudeE14RangeFinderUse @ 0x8a7950
AUTO: _ZN5Plane24relative_ground_altitudeE14RangeFinderUseb @ 0x8a79c0
AUTO: _ZN5Plane17get_external_HAGLERf @ 0x8a7bd0
AUTO: _ZNK5Plane15rangefinder_useE14RangeFinderUse @ 0x8a7ca0
AUTO: _ZNK5Plane23rangefinder_orientationEv @ 0xb20960
AUTO: _ZN5Plane20adjusted_altitude_cmEv @ 0x8a7ec0
AUTO: _ZN5Plane18mission_alt_offsetEv @ 0x8a7f40
AUTO: _ZN6AC_PID12reset_filterEv @ 0xb20e40
AUTO: _ZN11AP_SystemID4stopEv @ 0x8aa740
AUTO: _ZN5Plane10should_logEj @ 0x8aaec0
AUTO: _ZNK7AP_EnumI11StickMixingEcvKS0_Ev @ 0xb21c20
AUTO: _ZN10Tailsitter6activeEv @ 0x8acaf0
AUTO: _ZNK5Plane16get_speed_scalerEv @ 0xb21d90
AUTO: _ZL7degreesf.12 @ 0x8adb20
AUTO: _ZN6AC_PID7reset_IEv @ 0x8add20
AUTO: _ZN9AP_Logger10Write_ModeEh10ModeReason @ 0x8ae860
AUTO: _ZN17AP_Logger_Backend10Write_ModeEh10ModeReason @ 0x8ae9f0
AUTO: _ZN7AP_AHRS15set_fly_forwardEb @ 0xb220b0
AUTO: _ZN7AP_Baro6updateEv @ 0x8afc80
AUTO: _ZNK7AP_Baro7healthyEv @ 0xb22230
AUTO: _ZN15AP_Baro_Backend14backend_updateEh @ 0x8b03a0
AUTO: _ZN7AP_Baro24wind_pressure_correctionEh @ 0x8b0420
AUTO: _ZNK7AP_Baro15get_last_updateEv @ 0xb22290
AUTO: _ZN16DerivativeFilterIfLh7EE6updateEfj @ 0xb222f0
AUTO: _ZN7AP_Baro22update_field_elevationEv @ 0x8b0760
AUTO: _ZNK7AP_Baro10should_logEv @ 0x8b09e0
AUTO: _ZN7AP_Baro10Write_BaroEv @ 0x8b0a90
AUTO: _ZN7AP_Baro19Write_Baro_instanceEmh @ 0x8b0b20
AUTO: _ZNK7AP_Baro21get_baro_drift_offsetEv @ 0xb223d0
AUTO: _ZNK7AP_Baro22get_ground_temperatureEv @ 0x8b0d40
AUTO: _ZNK7AP_Baro22get_corrected_pressureEh @ 0xb22420
AUTO: _ZN16FilterWithBufferIfLh7EE5applyEf @ 0xb22500
AUTO: _ZN17AP_InertialSensor12_gyro_offsetEh @ 0xb23a60
AUTO: _ZN17AP_InertialSensor12caltemp_gyroEh @ 0xb23ad0
AUTO: _ZN22AP_InertialSensor_SITL6updateEv @ 0x8b2f30
AUTO: _ZN25AP_InertialSensor_Backend10accumulateEv @ 0xb23bf0
AUTO: _ZN25AP_InertialSensor_Backend11set_primaryEb @ 0xb23dc0
AUTO: _ZNK25AP_InertialSensor_Backend21_gyro_raw_sample_rateEh @ 0xb23e10
AUTO: _ZN22AP_InertialSensor_SITL12timer_updateEv @ 0x8b36b0
AUTO: _ZN7FunctorIvJEE14method_wrapperI22AP_InertialSensor_SITLXadL_ZNS2_12timer_updateEvEEEEvPv @ 0xb23ee0
AUTO: _ZN22AP_InertialSensor_SITL14generate_accelEv @ 0x8b3b80
AUTO: _ZN22AP_InertialSensor_SITL13generate_gyroEv @ 0x8b4b60
AUTO: _ZNK25AP_InertialSensor_Backend20enable_fast_samplingEh @ 0xb23f90
AUTO: _ZNK22AP_InertialSensor_SITL10gyro_driftEv @ 0x8b55c0
AUTO: _ZL7radiansd.19672 @ 0x8b57c0
AUTO: _ZL7radiansf.19673 @ 0x8b5810
AUTO: _ZN22AP_InertialSensor_SITL15get_temperatureEv @ 0x8b58f0
AUTO: _ZNK22AP_InertialSensor_TCal15sitl_apply_gyroEfR7Vector3IfE @ 0x8b5a90
AUTO: _ZN25AP_InertialSensor_Backend35_notify_new_gyro_sensor_rate_sampleEhRK7Vector3IfE @ 0x8b5b70
AUTO: _ZN25AP_InertialSensor_Backend24_rotate_and_correct_gyroEhR7Vector3IfE @ 0x8b5d70
AUTO: _ZN25AP_InertialSensor_Backend27_notify_new_gyro_raw_sampleEhRK7Vector3IfEm @ 0x8b5f00
AUTO: _ZNK25AP_InertialSensor_Backend15has_been_killedEh @ 0xb24020
AUTO: _ZNK25AP_InertialSensor_Backend19_update_sensor_rateERtRjRf @ 0x8b65a0
AUTO: _ZN25AP_InertialSensor_Backend18apply_gyro_filtersEhRK7Vector3IfE @ 0x8b6770
AUTO: _ZN25AP_InertialSensor_Backend12log_gyro_rawEhmRK7Vector3IfES3_ @ 0x8b6b30
AUTO: _ZN25AP_InertialSensor_Backend14update_primaryEv @ 0x8b6dc0
AUTO: _ZNK17AP_InertialSensor22raw_logging_option_setENS_18RAW_LOGGING_OPTIONE @ 0xb240a0
AUTO: _ZNK25AP_InertialSensor_Backend18should_log_imu_rawEv @ 0x8b6ea0
AUTO: _ZNK17AP_InertialSensor12BatchSampler25doing_sensor_rate_loggingEv @ 0xb24120
AUTO: _ZNK17AP_InertialSensor12BatchSampler25doing_post_filter_loggingEv @ 0xb24180
AUTO: _ZN17AP_InertialSensor12BatchSampler6sampleEhNS_15IMU_SENSOR_TYPEEmRK7Vector3IfE @ 0x8b70b0
AUTO: _ZN17AP_InertialSensor12BatchSampler10should_logEhNS_15IMU_SENSOR_TYPEE @ 0x8b7200
AUTO: _ZN25AP_InertialSensor_Backend16save_gyro_windowEhRK7Vector3IfEh @ 0x8b7340
AUTO: _ZN15LowPassFilter2pI7Vector3IfEE5applyERKS1_ @ 0xb24460
AUTO: _ZN19DigitalBiquadFilterI7Vector3IfEE5applyERKS1_RKNS2_13biquad_paramsE @ 0xb245b0
AUTO: _ZNK25AP_InertialSensor_Backend18sensors_convergingEv @ 0x8b7600
AUTO: _ZNK22AP_InertialSensor_TCal12correct_gyroEffR7Vector3IfE @ 0x8b7730
AUTO: _ZNK22AP_InertialSensor_TCal14correct_sensorEffPK9AP_ParamVI7Vector3IfEL11ap_var_type5EERS2_ @ 0x8b77d0
AUTO: _ZNK22AP_InertialSensor_TCal15polynomial_evalEfPK9AP_ParamVI7Vector3IfEL11ap_var_type5EE @ 0x8b79e0
AUTO: _ZNK22AP_InertialSensor_TCal16sitl_apply_accelEfR7Vector3IfE @ 0x8ba990
AUTO: _ZN25AP_InertialSensor_Backend36_notify_new_accel_sensor_rate_sampleEhRK7Vector3IfE @ 0x8baa70
AUTO: _ZN25AP_InertialSensor_Backend25_rotate_and_correct_accelEhR7Vector3IfE @ 0x8bac70
AUTO: _ZN25AP_InertialSensor_Backend28_notify_new_accel_raw_sampleEhRK7Vector3IfEmb @ 0x8bae90
AUTO: _ZN25AP_InertialSensor_Backend20_publish_temperatureEhf @ 0x8bb440
AUTO: _ZN17AP_InertialSensor27calc_vibration_and_clippingEhRK7Vector3IfEf @ 0x8bb4e0
AUTO: _ZN17AP_InertialSensor19set_accel_peak_holdEhRK7Vector3IfE @ 0x8bb760
AUTO: _ZN25AP_InertialSensor_Backend13log_accel_rawEhmRK7Vector3IfE @ 0x8bb840
AUTO: _ZNK25AP_InertialSensor_Backend14get_clip_limitEv @ 0xb255d0
AUTO: _ZN13LowPassFilterI7Vector3IfEE5applyERKS1_RKf @ 0xb25620
AUTO: _ZN10DigitalLPFI7Vector3IfEE6_applyERKS1_RKf @ 0xb256e0
AUTO: _ZNK22AP_InertialSensor_TCal13correct_accelEffR7Vector3IfE @ 0x8bbc20
AUTO: _ZN25AP_InertialSensor_Backend12update_accelEh @ 0x8bc0a0
AUTO: _ZN25AP_InertialSensor_Backend11update_gyroEh @ 0x8bc1c0
AUTO: _ZN25AP_InertialSensor_Backend13_publish_gyroEhRK7Vector3IfE @ 0x8bc320
AUTO: _ZN25AP_InertialSensor_Backend19update_gyro_filtersEh @ 0x8bc490
AUTO: _ZNK25AP_InertialSensor_Backend19_gyro_filter_cutoffEv @ 0xb259b0
AUTO: _ZN25AP_InertialSensor_Backend14_publish_accelEhRK7Vector3IfE @ 0x8bc8d0
AUTO: _ZN25AP_InertialSensor_Backend20update_accel_filtersEh @ 0x8bcb00
AUTO: _ZNK25AP_InertialSensor_Backend20_accel_filter_cutoffEv @ 0xb25c90
AUTO: _ZNK5Plane16gcs_mode_enabledEN4Mode6NumberE @ 0x8be870
AUTO: _ZN4Mode5enterEv @ 0x8be8f0
AUTO: _ZN4Mode4exitEv @ 0x8bed90
AUTO: _ZN5Plane16autotune_restoreEv @ 0x8bee10
AUTO: _ZN16AP_FW_Controller16autotune_restoreEv @ 0x8beed0
AUTO: _ZN16AP_YawController16autotune_restoreEv @ 0x8bef40
AUTO: _ZN7Vector3IiE4zeroEv @ 0xb26270
AUTO: _ZN9AP_Camera16set_is_auto_modeEb @ 0xb262d0
AUTO: _ZN9QuadPlane10mode_enterEv @ 0x8bf6b0
AUTO: _ZN7AP_ADSB16set_is_auto_modeEb @ 0xb26330
AUTO: _ZN18AP_SteerController7reset_IEv @ 0x8bf7f0
AUTO: _ZN5Plane16control_failsafeEv @ 0x8bf840
AUTO: _ZN8AC_Fence21manual_recovery_startEv @ 0x8bfc40
AUTO: _ZN5Plane19update_flight_stageEv @ 0x8bfcd0
AUTO: _ZN10AP_Landing5resetEv @ 0x8bffb0
AUTO: _ZNK5Plane18get_throttle_inputEb @ 0x8c0830
AUTO: _ZNK7AP_AHRS21using_airspeed_sensorEv @ 0x8c0990
AUTO: _ZNK10RC_Channel15pwm_to_range_dzEt @ 0x8c0bc0
AUTO: _ZNK10RC_Channel15pwm_to_angle_dzEt @ 0x8c0d60
AUTO: _ZNK10RC_Channel20pwm_to_angle_dz_trimEtt @ 0x8c0df0
AUTO: _ZN5Plane16set_flight_stageEN12AP_FixedWing11FlightStageE @ 0x8c1040
AUTO: _ZN5Plane16Log_Write_StatusEv @ 0x8c19b0
AUTO: _ZN17AP_InertialSensor8is_stillEv @ 0x8c1ac0
AUTO: _ZNK5Plane18rc_failsafe_activeEv @ 0x8c1bd0
AUTO: _ZNK5Plane20rc_throttle_value_okEv @ 0x8c1c70
AUTO: _ZNK10AP_Vehicle21block_GCS_mode_changeEhPKhh @ 0x8c1d90
AUTO: _ZN7AP_TECS16set_throttle_minEfb @ 0x8c6830
AUTO: _ZN6AC_PID10update_allEfffbf @ 0x8c85b0
AUTO: _ZNK6AC_PID6get_ffEv @ 0x8c8bc0
AUTO: _ZNK6AC_PID16get_filt_T_alphaEf @ 0x8c8c20
AUTO: _ZNK6AC_PID16get_filt_E_alphaEf @ 0x8c8ca0
AUTO: _ZNK6AC_PID16get_filt_D_alphaEf @ 0x8c8d20
AUTO: _ZN6AC_PID8update_iEfb @ 0x8c8da0
AUTO: _ZN11SlewLimiter8modifierEff @ 0x8c8fa0
AUTO: _ZNK11SlewLimiter13get_slew_rateEv @ 0xb27940
AUTO: _ZL3MINIjjEDTqultfp_fp0_fp_fp0_ERKT_RKT0_.20424 @ 0x8c9520
AUTO: _ZNK6AC_PID5get_iEv @ 0x8c95a0
AUTO: _ZN5Plane22calc_altitude_error_cmEv @ 0x8ca720
AUTO: _ZL3MAXIffEDTqugtfp_fp0_fp_fp0_ERKT_RKT0_.12726 @ 0x8ca800
AUTO: _ZN5Plane12fly_invertedEv @ 0x8cc6c0
AUTO: _ZNK7Vector2IfE10normalizedEv @ 0xb286a0
AUTO: _ZN6AC_PID21set_notch_sample_rateEf @ 0x8ded20
AUTO: _ZN5Plane14failsafe_checkEv @ 0x8ea080
AUTO: _ZN11RC_Channels10read_inputEv @ 0x8ea3a0
AUTO: _ZN5Plane15flaperon_updateEv @ 0x8eaba0
AUTO: _ZN11GCS_MAVLINK21send_servo_output_rawEv @ 0x8eac90
AUTO: _ZL33mavlink_msg_servo_output_raw_send17mavlink_channel_tjhtttttttttttttttt @ 0x8eb0b0
AUTO: _ZN12SRV_Channels13set_slew_rateEN11SRV_Channel8FunctionEftf @ 0x8eb380
AUTO: _ZN12SRV_Channels9slew_listC2EN11SRV_Channel8FunctionE @ 0xb2b970
AUTO: _ZN10RC_Channel6updateEv @ 0x8ecc30
AUTO: _ZN11RC_Channels23rudder_arm_disarm_checkEv @ 0x8ecda0
AUTO: _ZNK10RC_Channel12pwm_to_rangeEv @ 0x8ecfa0
AUTO: _ZNK10RC_Channel12pwm_to_angleEv @ 0x8ed010
AUTO: _ZNK7AP_AHRS18get_yaw_rate_earthEv @ 0xb30ba0
AUTO: _ZNK12NavEKF3_core9getMagXYZER7Vector3IfE @ 0x917a40
AUTO: _ZNK12NavEKF2_core9getMagXYZER7Vector3IfE @ 0x917af0
AUTO: _ZNK12NavEKF3_core9getMagNEDER7Vector3IfE @ 0x917cc0
AUTO: _ZNK12NavEKF2_core9getMagNEDER7Vector3IfE @ 0x917d70
AUTO: _ZNK7AP_AHRS9cos_pitchEv @ 0xb30da0
AUTO: _ZNK7AP_AHRS8cos_rollEv @ 0xb30e40
AUTO: _ZNK14AP_GPS_Backend32supports_mavlink_gps_rtk_messageEv @ 0xb31110
AUTO: _ZNK14AP_GPS_Blended7get_lagERf @ 0x91a030
AUTO: _ZN15AP_Compass_SITL6_timerEv @ 0x91bc20
AUTO: _ZN7FunctorIvJEE14method_wrapperI15AP_Compass_SITLXadL_ZNS2_6_timerEvEEEEvPv @ 0xb319a0
AUTO: _Z10rand_vec3fv @ 0x91c150
AUTO: _ZN7VectorNIN15AP_Compass_SITL16readings_compassELh50EEixEh @ 0xb31a50
AUTO: _ZN15AP_Compass_SITL26_setup_eliptical_correcionEh @ 0x91c1d0
AUTO: _ZNK18AP_Compass_Backend21get_board_orientationEv @ 0x91c400
AUTO: _ZN15AP_Compass_SITL4readEv @ 0x91c450
AUTO: _ZNK22AP_BattMonitor_Backend17has_cell_voltagesEv @ 0xb33030
AUTO: _ZNK22AP_BattMonitor_Backend15has_temperatureEv @ 0xb33080
AUTO: _ZNK22AP_BattMonitor_Backend15get_temperatureERf @ 0x91fd40
AUTO: _ZNK22AP_BattMonitor_Backend22capacity_remaining_pctERh @ 0x91fe00
AUTO: _ZN22AP_BattMonitor_Backend26update_resistance_estimateEv @ 0x91ff80
AUTO: _ZN22AP_BattMonitor_Backend16update_failsafesEv @ 0x9202d0
AUTO: _ZNK22AP_BattMonitor_Backend25get_mavlink_fault_bitmaskEv @ 0xb33130
AUTO: _ZL3MINIifEDTqultfp_fp0_fp_fp0_ERKT_RKT0_.19314 @ 0x9205f0
AUTO: _ZL3MINIffEDTqultfp_fp0_fp_fp0_ERKT_RKT0_.19315 @ 0x920690
AUTO: _ZN21AP_BattMonitor_Analog4readEv @ 0x922290
AUTO: _ZNK21AP_BattMonitor_Analog19has_consumed_energyEv @ 0xb33e20
AUTO: _ZNK21AP_BattMonitor_Analog11has_currentEv @ 0x922490
AUTO: _ZN15AP_Baro_Backend17_copy_to_frontendEhff @ 0x93c0a0
AUTO: _ZN12AP_Baro_SITL6_timerEv @ 0x93d330
AUTO: _ZN7FunctorIvJEE14method_wrapperI12AP_Baro_SITLXadL_ZNS2_6_timerEvEEEEvPv @ 0xb3c960
AUTO: _ZN7VectorNIN12AP_Baro_SITL13readings_baroELh50EEixEh @ 0xb3ca10
AUTO: _ZN12AP_Baro_SITL22temperature_adjustmentERfS0_ @ 0x93d720
AUTO: _ZN12AP_Baro_SITL24wind_pressure_correctionEh @ 0x93d910
AUTO: _ZL2sqf.2785 @ 0x93db20
AUTO: _ZN7AP_Baro22_get_air_density_ratioEv @ 0x93db70
AUTO: _ZL2sqf.2764 @ 0x93dc10
AUTO: _ZN12AP_Baro_SITL6updateEv @ 0x93dd00
AUTO: _ZN12AP_Baro_SITL19update_healthy_flagEh @ 0xb3cb20
AUTO: _ZN12AP_Baro_SITL7healthyEh @ 0x93ddb0
AUTO: _ZN9AP_Notify19set_flight_mode_strEPKc @ 0x93e0a0
AUTO: _ZN6RGBLed6updateEv @ 0x943cf0
AUTO: _ZN6RGBLed8_set_rgbEhhh @ 0x944120
AUTO: _ZNK6RGBLed10rgb_sourceEv @ 0x944230
AUTO: _ZNK6RGBLed19get_colour_sequenceEv @ 0x944490
AUTO: _ZNK6RGBLed14get_brightnessEv @ 0x944880
AUTO: _ZN6RGBLed7set_rgbEhhh @ 0x944980
AUTO: _ZN10IS31FL31956_timerEv @ 0x944a40
AUTO: _ZN7FunctorIvJEE14method_wrapperI10IS31FL3195XadL_ZNS2_6_timerEvEEEEvPv @ 0xb3dc90
AUTO: _ZN6LP55626_timerEv @ 0x944fd0
AUTO: _ZN7FunctorIvJEE14method_wrapperI6LP5562XadL_ZNS2_6_timerEvEEEEvPv @ 0xb3e000
AUTO: _ZN14ToshibaLED_I2C6_timerEv @ 0x946e00
AUTO: _ZN7FunctorIvJEE14method_wrapperI14ToshibaLED_I2CXadL_ZNS2_6_timerEvEEEEvPv @ 0xb3ed10
AUTO: _ZL3MAXIfiEDTqugtfp_fp0_fp_fp0_ERKT_RKT0_.12478 @ 0x9477e0
AUTO: _ZNK9QuadPlane14show_vtol_viewEv @ 0x9479d0
AUTO: _ZN5Plane20nav_scripting_activeEv @ 0x947d70
AUTO: _ZN5Plane14fix_terrain_WPER8Locationj @ 0x947e80
AUTO: _ZN5Plane15setup_alt_slopeEv @ 0x948350
AUTO: _ZN5Plane16setup_turn_angleEv @ 0x948560
AUTO: _ZN5Plane18loiter_angle_resetEv @ 0x948640
AUTO: _ZN10AP_Mission25get_next_ground_course_cdEi @ 0x9486b0
AUTO: _Z11wrap_180_cdIiET_S0_ @ 0xb3f0a0
AUTO: _ZNK8Location20line_path_proportionERKS_S1_ @ 0x9487d0
AUTO: _ZN7AP_TECS19set_path_proportionEf @ 0xb3f110
AUTO: _ZN5Plane22above_location_currentERK8Location @ 0x9488d0
AUTO: _ZN5Plane28set_offset_altitude_locationERK8LocationS2_ @ 0x948a40
AUTO: _ZN5Plane21reset_offset_altitudeEv @ 0x948c20
AUTO: _ZL2sqf.3123 @ 0x948c70
AUTO: _ZNK5Plane31terrain_enabled_in_current_modeEv @ 0x948cc0
AUTO: _ZNK5Plane23terrain_enabled_in_modeEN4Mode6NumberE @ 0x948dc0
AUTO: _ZN9QuadPlane9is_flyingEv @ 0x9490d0
AUTO: _ZN7FunctorIvJEE14method_wrapperI5PlaneXadL_ZNS2_11ahrs_updateEvEEEEvPv @ 0xb3f190
AUTO: _ZN7FunctorIvJEE14method_wrapperI5PlaneXadL_ZNS2_19update_control_modeEvEEEEvPv @ 0xb3f240
AUTO: _ZN7FunctorIvJEE14method_wrapperI5PlaneXadL_ZNS2_9stabilizeEvEEEEvPv @ 0xb3f2f0
AUTO: _ZN7FunctorIvJEE14method_wrapperI5PlaneXadL_ZNS2_10set_servosEvEEEEvPv @ 0xb3f3a0
AUTO: _ZN7FunctorIvJEE14method_wrapperI5PlaneXadL_ZNS2_10read_radioEvEEEEvPv @ 0xb3f450
AUTO: _ZN7FunctorIvJEE14method_wrapperI5PlaneXadL_ZNS2_20check_short_failsafeEvEEEEvPv @ 0xb3f500
AUTO: _ZN7FunctorIvJEE14method_wrapperI5PlaneXadL_ZNS2_19update_speed_heightEvEEEEvPv @ 0xb3f5b0
AUTO: _ZN7FunctorIvJEE14method_wrapperI5PlaneXadL_ZNS2_21update_throttle_hoverEvEEEEvPv @ 0xb3f660
AUTO: _ZN7FunctorIvJEE14method_wrapperI11RC_ChannelsXadL_ZNS2_16read_mode_switchEvEEEEvPv @ 0xb3f710
AUTO: _ZN7FunctorIvJEE14method_wrapperI5PlaneXadL_ZNS2_15update_GPS_50HzEvEEEEvPv @ 0xb3f7b0
AUTO: _ZN7FunctorIvJEE14method_wrapperI5PlaneXadL_ZNS2_15update_GPS_10HzEvEEEEvPv @ 0xb3f860
AUTO: _ZN7FunctorIvJEE14method_wrapperI5PlaneXadL_ZNS2_8navigateEvEEEEvPv @ 0xb3f910
AUTO: _ZN7FunctorIvJEE14method_wrapperI5PlaneXadL_ZNS2_14update_compassEvEEEEvPv @ 0xb3f9c0
AUTO: _ZN7FunctorIvJEE14method_wrapperI5PlaneXadL_ZNS2_20calc_airspeed_errorsEvEEEEvPv @ 0xb3fa70
AUTO: _ZN7FunctorIvJEE14method_wrapperI5PlaneXadL_ZNS2_10update_altEvEEEEvPv @ 0xb3fb20
AUTO: _ZN7FunctorIvJEE14method_wrapperI5PlaneXadL_ZNS2_22adjust_altitude_targetEvEEEEvPv @ 0xb3fbd0
AUTO: _ZN7FunctorIvJEE14method_wrapperI5PlaneXadL_ZNS2_12afs_fs_checkEvEEEEvPv @ 0xb3fc80
AUTO: _ZN7FunctorIvJEE14method_wrapperI5PlaneXadL_ZNS2_9ekf_checkEvEEEEvPv @ 0xb3fd30
AUTO: _ZN7FunctorIvJEE14method_wrapperI3GCSXadL_ZNS2_14update_receiveEvEEEEvPv @ 0xb3fde0
AUTO: _ZN7FunctorIvJEE14method_wrapperI3GCSXadL_ZNS2_11update_sendEvEEEEvPv @ 0xb3fe90
AUTO: _ZN7FunctorIvJEE14method_wrapperI19AP_ServoRelayEventsXadL_ZNS2_13update_eventsEvEEEEvPv @ 0xb3ff40
AUTO: _ZN7FunctorIvJEE14method_wrapperI14AP_BattMonitorXadL_ZNS2_4readEvEEEEvPv @ 0xb3fff0
AUTO: _ZN7FunctorIvJEE14method_wrapperI5PlaneXadL_ZNS2_16read_rangefinderEvEEEEvPv @ 0xb400a0
AUTO: _ZN7FunctorIvJEE14method_wrapperI11AP_ICEngineXadL_ZNS2_6updateEvEEEEvPv @ 0xb40150
AUTO: _ZN7FunctorIvJEE14method_wrapperI14AP_OpticalFlowXadL_ZNS2_6updateEvEEEEvPv @ 0xb40200
AUTO: _ZN7FunctorIvJEE14method_wrapperI5PlaneXadL_ZNS2_15one_second_loopEvEEEEvPv @ 0xb402b0
AUTO: _ZN7FunctorIvJEE14method_wrapperI5PlaneXadL_ZNS2_13three_hz_loopEvEEEEvPv @ 0xb40360
AUTO: _ZN7FunctorIvJEE14method_wrapperI5PlaneXadL_ZNS2_19check_long_failsafeEvEEEEvPv @ 0xb40410
AUTO: _ZN7FunctorIvJEE14method_wrapperI5PlaneXadL_ZNS2_21airspeed_ratio_updateEvEEEEvPv @ 0xb404c0
AUTO: _ZN7FunctorIvJEE14method_wrapperI8AP_MountXadL_ZNS2_6updateEvEEEEvPv @ 0xb40570
AUTO: _ZN7FunctorIvJEE14method_wrapperI9AP_CameraXadL_ZNS2_6updateEvEEEEvPv @ 0xb40620
AUTO: _ZN7FunctorIvJEE14method_wrapperI12AP_SchedulerXadL_ZNS2_14update_loggingEvEEEEvPv @ 0xb406d0
AUTO: _ZN7FunctorIvJEE14method_wrapperI5PlaneXadL_ZNS2_18Log_Write_FullRateEvEEEEvPv @ 0xb40780
AUTO: _ZN7FunctorIvJEE14method_wrapperI5PlaneXadL_ZNS2_16update_logging10EvEEEEvPv @ 0xb40830
AUTO: _ZN7FunctorIvJEE14method_wrapperI5PlaneXadL_ZNS2_16update_logging25EvEEEEvPv @ 0xb408e0
AUTO: _ZN7FunctorIvJEE14method_wrapperI5PlaneXadL_ZNS2_14update_soaringEvEEEEvPv @ 0xb40990
AUTO: _ZN7FunctorIvJEE14method_wrapperI5PlaneXadL_ZNS2_15parachute_checkEvEEEEvPv @ 0xb40a40
AUTO: _ZN7FunctorIvJEE14method_wrapperI10AP_TerrainXadL_ZNS2_6updateEvEEEEvPv @ 0xb40af0
AUTO: _ZN7FunctorIvJEE14method_wrapperI5PlaneXadL_ZNS2_20update_is_flying_5HzEvEEEEvPv @ 0xb40ba0
AUTO: _ZN7FunctorIvJEE14method_wrapperI9AP_LoggerXadL_ZNS2_14periodic_tasksEvEEEEvPv @ 0xb40c50
AUTO: _ZN7FunctorIvJEE14method_wrapperI17AP_InertialSensorXadL_ZNS2_8periodicEvEEEEvPv @ 0xb40d00
AUTO: _ZN7FunctorIvJEE14method_wrapperI5PlaneXadL_ZNS2_21avoidance_adsb_updateEvEEEEvPv @ 0xb40db0
AUTO: _ZN7FunctorIvJEE14method_wrapperI11RC_ChannelsXadL_ZNS2_12read_aux_allEvEEEEvPv @ 0xb40e60
AUTO: _ZN7FunctorIvJEE14method_wrapperI9AP_ButtonXadL_ZNS2_6updateEvEEEEvPv @ 0xb40f10
AUTO: _ZN7FunctorIvJEE14method_wrapperI5PlaneXadL_ZNS2_19landing_gear_updateEvEEEEvPv @ 0xb40fc0
AUTO: _ZN7FunctorIvJEE14method_wrapperI5PlaneXadL_ZNS2_15precland_updateEvEEEEvPv @ 0xb41070
AUTO: _ZN7FunctorIvJEE14method_wrapperI5PlaneXadL_ZNS2_16update_quicktuneEvEEEEvPv @ 0xb41120
AUTO: _ZN5Plane16update_quicktuneEv @ 0x949920
AUTO: _ZN12AP_Quicktune6updateEb @ 0x9499a0
AUTO: _ZN5Plane15precland_updateEv @ 0x94bce0
AUTO: _ZN11AC_PrecLand6updateEfb @ 0x94bd70
AUTO: _ZNK7AP_AHRS37get_relative_position_NE_origin_floatER7Vector2IfE @ 0x94cea0
AUTO: _ZNK7AP_AHRS31get_relative_position_NE_originER7Vector2IdE @ 0x94cf50
AUTO: _ZN5Plane19landing_gear_updateEv @ 0x94e6f0
AUTO: _ZN14AP_LandingGear6updateEf @ 0x94e770
AUTO: _ZN9AP_Button6updateEv @ 0x94ebe0
AUTO: _ZN11RC_Channels12read_aux_allEv @ 0x94f860
AUTO: _ZN10RC_Channel8read_auxEv @ 0x94f950
AUTO: _ZN9AP_Logger10Write_RCINEv @ 0x94fb50
AUTO: _ZN11RC_Channels12get_radio_inEPth @ 0x94fd40
AUTO: _ZNK11RC_Channels17get_override_maskEv @ 0x94fe30
AUTO: _ZL3MINIhiEDTqultfp_fp0_fp_fp0_ERKT_RKT0_.7413 @ 0x94fef0
AUTO: _ZN5Plane21avoidance_adsb_updateEv @ 0x950300
AUTO: _ZN7AP_ADSB6updateEv @ 0x950370
AUTO: _ZN12AP_Avoidance6updateEv @ 0x950550
AUTO: _ZN12AP_Avoidance13check_startupEv @ 0x950610
AUTO: _ZN7AP_ADSB3LocC2Ev @ 0xb41db0
AUTO: _ZNK7AP_AHRS19get_vert_pos_rate_DERf @ 0x951e50
AUTO: _ZN7AP_ADSB6updateERKNS_3LocE @ 0x951f80
AUTO: _ZNK7NavEKF320getPosDownDerivativeEv @ 0x952640
AUTO: _ZNK12NavEKF3_core20getPosDownDerivativeEv @ 0x952890
AUTO: _ZNK12NavEKF2_core20getPosDownDerivativeEv @ 0x9528f0
AUTO: _ZN17AP_InertialSensor8periodicEv @ 0x952950
AUTO: _ZN17AP_InertialSensor12BatchSampler8periodicEv @ 0x9529b0
AUTO: _ZN9AP_Logger14periodic_tasksEv @ 0x952fd0
AUTO: _ZN5Plane20update_is_flying_5HzEv @ 0x953070
AUTO: _ZL3MAXI9AP_ParamTIsL11ap_var_type2EEiEDTqugtfp_fp0_fp_fp0_ERKT_RKT0_.1261 @ 0x953790
AUTO: _ZN5Plane25in_preLaunch_flight_stageEv @ 0x953820
AUTO: _ZNK10AP_Landing14is_on_approachEv @ 0x953970
AUTO: _ZNK10AP_Landing10is_flaringEv @ 0x953a50
AUTO: _ZN7AP_ADSB13set_is_flyingEb @ 0xb41e70
AUTO: _ZN12AP_Parachute13set_is_flyingEb @ 0xb41ed0
AUTO: _ZN8AP_Stats10set_flyingEb @ 0x953b20
AUTO: _ZN5Plane22crash_detection_updateEv @ 0x953bf0
AUTO: _ZN10AP_Vehicle17set_likely_flyingEb @ 0xb41f40
AUTO: _ZN10AP_Terrain6updateEv @ 0x9543c0
AUTO: _ZN10AP_Terrain16schedule_disk_ioEv @ 0x954590
AUTO: _ZN10AP_Terrain19update_mission_dataEv @ 0x9547e0
AUTO: _ZN10AP_Terrain17update_rally_dataEv @ 0x954af0
AUTO: _ZN10AP_Terrain24update_surrounding_tilesERK8Location @ 0x954cc0
AUTO: _ZNK8AP_Rally19last_change_time_msEv @ 0xb41fd0
AUTO: _ZNK10AP_Mission19last_change_time_msEv @ 0xb42020
AUTO: _ZN10AP_Terrain15check_disk_readEv @ 0x954e40
AUTO: _ZN10AP_Terrain16check_disk_writeEv @ 0x954f20
AUTO: _ZN10AP_Terrain8io_timerEv @ 0x955280
AUTO: _ZN7FunctorIvJEE14method_wrapperI10AP_TerrainXadL_ZNS2_8io_timerEvEEEEvPv @ 0xb420d0
AUTO: _ZN5Plane15parachute_checkEv @ 0x955da0
AUTO: _ZN12AP_Parachute6updateEv @ 0x955e10
AUTO: _ZN12AP_Parachute15check_sink_rateEv @ 0x9560a0
AUTO: _ZN5Plane14update_soaringEv @ 0x956150
AUTO: _ZN17SoaringController19update_active_stateEb @ 0x956370
AUTO: _ZNK17SoaringController9is_activeEv @ 0xb42180
AUTO: _ZNK7AP_TECS19get_target_airspeedEv @ 0xb426b0
AUTO: _ZN13AverageFilterIffLh5EE5applyEf @ 0xb430a0
AUTO: _ZNK17SoaringController12active_stateEb @ 0x959b10
AUTO: _ZN17SoaringController13init_cruisingEv @ 0x959bb0
AUTO: _ZN5Plane16update_logging25Ev @ 0x959c30
AUTO: _ZN5Plane18Log_Write_AttitudeEv @ 0x959d90
AUTO: _ZN5Plane24Log_Write_Control_TuningEv @ 0x95a1f0
AUTO: _ZNK17AP_InertialSensor24write_notch_log_messagesEv @ 0x95a3f0
AUTO: _ZN10AP_GyroFFT18write_log_messagesEv @ 0x95a6f0
AUTO: _ZN5Plane20Log_Write_Nav_TuningEv @ 0x95a920
AUTO: _ZN5Plane16Log_Write_GuidedEv @ 0x95aa80
AUTO: _ZN5Plane12Log_Write_RCEv @ 0x95ab80
AUTO: _ZNK17AP_InertialSensor15Write_VibrationEv @ 0x95ac30
AUTO: _ZNK17AP_InertialSensor20get_accel_clip_countEh @ 0x95ad50
AUTO: _ZN9AP_Logger11Write_RCOUTEv @ 0x95adf0
AUTO: _ZN5Plane14Log_Write_AETREv @ 0x95b3c0
AUTO: _ZN9AP_Logger9Write_PIDEhRK10AP_PIDInfo @ 0x95b590
AUTO: _ZNK7AP_AHRS17airspeed_estimateERfRNS_20AirspeedEstimateTypeE @ 0x95bd90
AUTO: _ZNK7AP_AHRS18synthetic_airspeedERf @ 0x95be30
AUTO: _ZN7AP_TECS19get_throttle_demandEv @ 0xb43710
AUTO: _ZNK11AP_AHRS_DCM22synthetic_airspeed_EASERf @ 0xb43770
AUTO: _ZNK7AP_AHRS14Write_AttitudeERK7Vector3IfE @ 0x95bfb0
AUTO: _ZNK16AP_YawController7enabledEv @ 0xb438d0
AUTO: _ZNK18AP_SteerController6activeEv @ 0x95c180
AUTO: _ZN7AP_AHRS9Log_WriteEv @ 0x95c1f0
AUTO: _ZN7NavEKF29Log_WriteEv @ 0x95c280
AUTO: _ZN7NavEKF39Log_WriteEv @ 0x95c390
AUTO: _ZNK7AP_AHRS11Write_AHRS2Ev @ 0x95c4a0
AUTO: _ZNK7AP_AHRS9Write_POSEv @ 0x95c680
AUTO: _ZN4SITL3SIM18Log_Write_SIMSTATEEv @ 0x95c7e0
AUTO: _ZNK7AP_AHRS36get_relative_position_D_origin_floatERf @ 0x95c970
AUTO: _ZNK7AP_AHRS22get_secondary_attitudeER7Vector3IfE @ 0xb43a00
AUTO: _ZNK7AP_AHRS22get_secondary_positionER8Location @ 0xb43a80
AUTO: _ZNK7AP_AHRS24get_secondary_quaternionER11QuaternionTIfE @ 0xb43b00
AUTO: _ZL7degreesf.2388 @ 0x95ca00
AUTO: _ZN12NavEKF3_core9Log_WriteEm @ 0x95ca50
AUTO: _ZNK7AP_EnumIN7NavEKF38LogLevelEEcvKS1_Ev @ 0xb43b80
AUTO: _ZNK12NavEKF3_core14Log_Write_XKF4Em @ 0x95cba0
AUTO: _ZN12NavEKF3_core13Log_Write_GSFEm @ 0x95cef0
AUTO: _ZNK12NavEKF3_core14Log_Write_XKF1Em @ 0x95cfa0
AUTO: _ZNK12NavEKF3_core14Log_Write_XKF2Em @ 0x95d270
AUTO: _ZNK12NavEKF3_core14Log_Write_XKF3Em @ 0x95d510
AUTO: _ZNK12NavEKF3_core14Log_Write_XKF5Em @ 0x95d770
AUTO: _ZNK12NavEKF3_core14Log_Write_XKFSEm @ 0x95d9d0
AUTO: _ZNK12NavEKF3_core20Log_Write_QuaternionEm @ 0x95dae0
AUTO: _ZN12NavEKF3_core16Log_Write_BeaconEm @ 0x95dbc0
AUTO: _ZN12NavEKF3_core18Log_Write_BodyOdomEm @ 0x95deb0
AUTO: _ZN12NavEKF3_core25Log_Write_State_VariancesEm @ 0x95e020
AUTO: _ZN12NavEKF3_core16Log_Write_TimingEm @ 0x95e340
AUTO: _ZNK6AP_DAL12logging_coreEh @ 0x95e4a0
AUTO: _ZL3MAXIjjEDTqugtfp_fp0_fp_fp0_ERKT_RKT0_.5171 @ 0x95e4f0
AUTO: _ZNK16AP_NavEKF_Source21getPosVelYawSourceSetEv @ 0xb43bd0
AUTO: _ZL3MAXIddEDTqugtfp_fp0_fp_fp0_ERKT_RKT0_.5169 @ 0x95e570
AUTO: _ZL3MINIdiEDTqultfp_fp0_fp_fp0_ERKT_RKT0_.5170 @ 0x95e5f0
AUTO: _ZNK12NavEKF3_core14getInnovationsER7Vector3IfES2_S2_RfS3_ @ 0x95e690
AUTO: _ZL7degreesf.5167 @ 0x95e890
AUTO: _ZNK12NavEKF3_core26getSynthAirDataInnovationsER7Vector2IfERf @ 0x95e8e0
AUTO: _ZN10EKFGSF_yaw9Log_WriteEm11LogMessagesS0_h @ 0x95e9b0
AUTO: _ZL7degreesf.20074 @ 0x95ed30
AUTO: _ZL3MAXIffEDTqugtfp_fp0_fp_fp0_ERKT_RKT0_.20075 @ 0x95ed80
AUTO: _ZL3MAXIdfEDTqugtfp_fp0_fp_fp0_ERKT_RKT0_.5168 @ 0x95ee00
AUTO: _ZN12NavEKF2_core9Log_WriteEm @ 0x95eea0
AUTO: _ZNK12NavEKF2_core14Log_Write_NKF1Em @ 0x95ef70
AUTO: _ZNK12NavEKF2_core14Log_Write_NKF2Em @ 0x95f240
AUTO: _ZNK12NavEKF2_core14Log_Write_NKF3Em @ 0x95f4a0
AUTO: _ZNK12NavEKF2_core14Log_Write_NKF4Em @ 0x95f6e0
AUTO: _ZNK12NavEKF2_core14Log_Write_NKF5Em @ 0x95fa20
AUTO: _ZNK12NavEKF2_core20Log_Write_QuaternionEm @ 0x95fc80
AUTO: _ZNK12NavEKF2_core13Log_Write_GSFEm @ 0x95fd60
AUTO: _ZN12NavEKF2_core16Log_Write_BeaconEm @ 0x95fe10
AUTO: _ZN12NavEKF2_core16Log_Write_TimingEm @ 0x9600c0
AUTO: _ZL3MAXIddEDTqugtfp_fp0_fp_fp0_ERKT_RKT0_ @ 0x960220
AUTO: _ZL3MINIdiEDTqultfp_fp0_fp_fp0_ERKT_RKT0_ @ 0x9602a0
AUTO: _ZNK12NavEKF2_core18getFilterGpsStatusER14nav_gps_status @ 0x960340
AUTO: _ZNK12NavEKF2_core14getInnovationsER7Vector3IfES2_S2_RfS3_ @ 0x9605f0
AUTO: _ZL7degreesf.4695 @ 0x9607f0
AUTO: _ZNK12NavEKF2_core27getGyroScaleErrorPercentageER7Vector3IfE @ 0x960840
AUTO: _ZNK16AP_YawController20rate_control_enabledEv @ 0xb43c20
AUTO: _ZN5Plane16update_logging10Ev @ 0x960930
AUTO: _ZNK7AP_AHRS13Write_AOA_SSAEv @ 0x960a40
AUTO: _ZN8AP_Mount9write_logEv @ 0x960ae0
AUTO: _ZNK7AP_AHRS6getAOAEv @ 0xb43c90
AUTO: _ZNK7AP_AHRS6getSSAEv @ 0xb43ce0
AUTO: _ZN5Plane18Log_Write_FullRateEv @ 0x960b90
AUTO: _ZN12AP_Scheduler14update_loggingEv @ 0x960c30
AUTO: _ZN12AP_Scheduler11debug_flagsEv @ 0xb43d30
AUTO: _ZN12AP_Scheduler21Log_Write_PerformanceEv @ 0x960ea0
AUTO: _ZN2AP8PerfInfo13has_task_infoEv @ 0xb43d90
AUTO: _ZNK2AP8PerfInfo20get_num_long_runningEv @ 0x9610b0
AUTO: _ZNK2AP8PerfInfo13get_num_loopsEv @ 0x961100
AUTO: _ZNK2AP8PerfInfo12get_max_timeEv @ 0x961150
AUTO: _ZN12AP_Scheduler12load_averageEv @ 0x9611a0
AUTO: _ZNK16AP_InternalError5countEv @ 0xb43df0
AUTO: _ZN9AP_Camera6updateEv @ 0x9613e0
AUTO: _ZN8AP_Mount6updateEv @ 0x9614a0
AUTO: _ZN5Plane21airspeed_ratio_updateEv @ 0x961550
AUTO: _ZN11AP_Airspeed18update_calibrationERK7Vector3IfEs @ 0x9617c0
AUTO: _ZN11AP_Airspeed18update_calibrationEhRK7Vector3IfEs @ 0x961870
AUTO: _ZN11AP_Airspeed25send_airspeed_calibrationERK7Vector3IfE @ 0x961d40
AUTO: _ZN5Plane19check_long_failsafeEv @ 0x962620
AUTO: _ZN5Plane13three_hz_loopEv @ 0x963340
AUTO: _ZN5Plane11fence_checkEv @ 0x963390
AUTO: _ZNK8AC_Fence10get_actionEv @ 0xb44430
AUTO: _ZNK5Plane19get_RTL_altitude_cmEv @ 0x963a80
AUTO: _ZNK5Plane32calc_best_rally_or_home_locationERK8Locationf @ 0x963b40
AUTO: _ZN5Plane24setup_terrain_target_altER8Location @ 0x963e90
AUTO: _ZNK8AP_Rally32calc_best_rally_or_home_locationERK8Locationf @ 0x964030
AUTO: _ZN5Plane15one_second_loopEv @ 0x964180
AUTO: _ZN7AP_ADSB18set_stall_speed_cmEt @ 0xb44700
AUTO: _ZN7AP_ADSB13set_max_speedEs @ 0xb44790
AUTO: _ZN10AP_Terrain16log_terrain_dataEv @ 0x964630
AUTO: _ZN16AP_FW_Controller21set_notch_sample_rateEf @ 0xb44830
AUTO: _ZN16AP_YawController21set_notch_sample_rateEf @ 0xb448a0
AUTO: _ZN14AP_OpticalFlow6updateEv @ 0x964bc0
AUTO: _ZN11AP_ICEngine6updateEv @ 0x966170
AUTO: _ZNK12AP_Parachute17release_initiatedEv @ 0xb44910
AUTO: _ZN5Plane16read_rangefinderEv @ 0x967060
AUTO: _ZN11RangeFinder28set_estimated_terrain_heightEf @ 0xb44970
AUTO: _ZN11RangeFinder6updateEv @ 0x967170
AUTO: _ZN5Plane25rangefinder_height_updateEv @ 0x967290
AUTO: _ZNK11RangeFinder8Log_RFNDEv @ 0x967a30
AUTO: _ZN14AP_BattMonitor4readEv @ 0x967b70
AUTO: _ZN9AP_Logger11Write_PowerEv @ 0x967da0
AUTO: _ZNK22AP_BattMonitor_Backend13Log_Write_BATEhm @ 0x967df0
AUTO: _ZNK22AP_BattMonitor_Backend13Log_Write_BCLEhm @ 0x968090
AUTO: _ZN14AP_BattMonitor15check_failsafesEv @ 0x968290
AUTO: _ZN14AP_BattMonitor16checkPoweringOffEv @ 0x9685a0
AUTO: _ZNK22AP_BattMonitor_Backend23get_state_of_health_pctERh @ 0x968700
AUTO: _ZN5Plane9ekf_checkEv @ 0x968790
AUTO: _ZNK9QuadPlane19in_vtol_posvel_modeEv @ 0x968a40
AUTO: _ZN5Plane22failsafe_ekf_off_eventEv @ 0x968ba0
AUTO: _ZN5Plane12afs_fs_checkEv @ 0x968f60
AUTO: _ZN19AP_AdvancedFailsafe5checkEj @ 0x968fc0
AUTO: _ZN5Plane22adjust_altitude_targetEv @ 0x969d50
AUTO: _ZN5Plane10update_altEv @ 0x969db0
AUTO: _ZN12AP_Parachute13set_sink_rateEf @ 0x96a1e0
AUTO: _ZNK9QuadPlane19should_disable_TECSEv @ 0x96a2d0
AUTO: _ZNK8ModeAuto9in_pullupEv @ 0xb44b80
AUTO: _ZNK8Location25past_interval_finish_lineERKS_S1_ @ 0x96a380
AUTO: _ZN5Plane27relative_target_altitude_cmEv @ 0x96a410
AUTO: _ZN5Plane24get_takeoff_pitch_min_cdEv @ 0x96a5f0
AUTO: _ZN5Plane12tecs_hgt_afeEv @ 0x96a800
AUTO: _ZN7AP_TECS21update_pitch_throttleEiiN12AP_FixedWing11FlightStageEfisfff @ 0x96a8d0
AUTO: _ZN7AP_TECS23_update_throttle_limitsEv @ 0x96b0e0
AUTO: _ZN7AP_TECS20_update_pitch_limitsEi @ 0x96b350
AUTO: _ZN7AP_TECS18_initialise_statesEf @ 0x96b8c0
AUTO: _ZN7AP_TECS20_update_STE_rate_limEv @ 0x96bda0
AUTO: _ZN7AP_TECS20_update_speed_demandEv @ 0x96be50
AUTO: _ZN7AP_TECS21_update_height_demandEv @ 0x96c1f0
AUTO: _ZN7AP_TECS18_detect_underspeedEv @ 0x96cad0
AUTO: _ZN7AP_TECS16_update_energiesEv @ 0x96ccb0
AUTO: _ZN7AP_TECS13_update_pitchEv @ 0x96cdc0
AUTO: _ZN7AP_TECS30_update_throttle_with_airspeedEv @ 0x96d930
AUTO: _ZN7AP_TECS19_detect_bad_descentEv @ 0x96e540
AUTO: _ZNK7AP_TECS13option_is_setENS_6OptionE @ 0xb44be0
AUTO: _ZL7radiansf.12736 @ 0x96e6b0
AUTO: _ZL2sqf.12729 @ 0x96e700
AUTO: _ZN7AP_TECS18constrain_throttleEv @ 0x96e750
AUTO: _ZL3MINIffEDTqultfp_fp0_fp_fp0_ERKT_RKT0_.12727 @ 0x96e820
AUTO: _ZNK7AP_TECS12timeConstantEv @ 0x96e8b0
AUTO: _ZN7AP_TECS11_get_i_gainEv @ 0x96e9c0
AUTO: _ZNK10AP_Landing21get_throttle_slewrateEv @ 0xb44c60
AUTO: _ZL3MAXI9AP_ParamTIfL11ap_var_type4EEfEDTqugtfp_fp0_fp_fp0_ERKT_RKT0_.12728 @ 0x96eac0
AUTO: _ZN5Plane22rangefinder_correctionEv @ 0x96ece0
AUTO: _ZN5Plane29adjusted_relative_altitude_cmEv @ 0x96edc0
AUTO: _ZN5Plane21reached_loiter_targetEv @ 0x96f1d0
AUTO: _ZNK12GliderPullup9in_pullupEv @ 0x96f4b0
AUTO: _ZN5Plane20calc_airspeed_errorsEv @ 0x96f570
AUTO: _ZL3MAXIffEDTqugtfp_fp0_fp_fp0_ERKT_RKT0_.1632 @ 0x9701f0
AUTO: _ZN5Plane17calc_speed_scalerEv @ 0x970270
AUTO: _ZN5Plane28mode_auto_target_airspeed_cmEv @ 0x970b50
AUTO: _ZL3MAXI9AP_ParamTIsL11ap_var_type2EEiEDTqugtfp_fp0_fp_fp0_ERKT_RKT0_ @ 0x971590
AUTO: _ZL3MINIffEDTqultfp_fp0_fp_fp0_ERKT_RKT0_ @ 0x971620
AUTO: _ZL3MAXIffEDTqugtfp_fp0_fp_fp0_ERKT_RKT0_ @ 0x9716b0
AUTO: _ZL3MAXIfiEDTqugtfp_fp0_fp_fp0_ERKT_RKT0_ @ 0x9717c0
AUTO: _ZN5Plane14update_compassEv @ 0x971860
AUTO: _ZN5Plane8navigateEv @ 0x9718c0
AUTO: _ZN5Plane21check_home_alt_changeEv @ 0x9719f0
AUTO: _ZN5Plane19loiter_angle_updateEv @ 0x971af0
AUTO: _ZN5Plane15update_GPS_10HzEv @ 0x971ef0
AUTO: _ZN7AP_AHRS13estimate_windEv @ 0xb44e50
AUTO: _ZN5Plane24calc_gndspeed_undershootEv @ 0x972100
AUTO: _ZN11AP_AHRS_DCM13estimate_windEv @ 0x9722b0
AUTO: _ZN5Plane15update_GPS_50HzEv @ 0x972970
AUTO: _ZN6AP_GPS6updateEv @ 0x9729e0
AUTO: _ZN6AP_GPS15update_instanceEh @ 0x972b60
AUTO: _ZN6AP_GPS14update_primaryEv @ 0x973300
AUTO: _ZN14AP_GPS_Blended19zero_health_counterEv @ 0xb44eb0
AUTO: _ZN6AP_GPS9Write_GPSEh @ 0x974ad0
AUTO: _ZL3MINIfiEDTqultfp_fp0_fp_fp0_ERKT_RKT0_.3555 @ 0x974f10
AUTO: _ZNK6AP_GPS26last_message_delta_time_msEh @ 0xb44f60
AUTO: _ZNK6AP_GPS10should_logEv @ 0x974fb0
AUTO: _ZN6AP_GPS16send_blob_updateEh @ 0x976130
AUTO: _ZN14AP_GPS_Backend14check_new_itowEjj @ 0x97ae80
AUTO: _ZN12AP_GPS_UBLOX20_request_next_configEv @ 0x97f0e0
AUTO: _ZN12AP_GPS_UBLOX21_request_message_rateEhh @ 0x97fb80
AUTO: _ZN12AP_GPS_UBLOX13_request_portEv @ 0x97fc40
AUTO: _ZN12AP_GPS_UBLOX13_send_messageEhhPKvt @ 0x97fcd0
AUTO: _ZN12AP_GPS_UBLOX16_update_checksumEPhtRhS1_ @ 0x980b90
AUTO: _ZN12AP_GPS_UBLOX4readEv @ 0x980cc0
AUTO: _ZNK12AP_GPS_UBLOX13is_configuredEv @ 0xb45de0
AUTO: _ZNK12AP_GPS_UBLOX7get_lagERf @ 0x9813a0
AUTO: _ZNK12AP_GPS_UBLOX10is_healthyEv @ 0x981530
AUTO: _ZL3MINIjjEDTqultfp_fp0_fp_fp0_ERKT_RKT0_.3850 @ 0x981980
AUTO: _ZN12AP_GPS_UBLOXUt_ixEm @ 0xb45ef0
AUTO: _ZN12AP_GPS_UBLOX10_parse_gpsEv @ 0x981a00
AUTO: _ZN12AP_GPS_UBLOX15_check_new_itowEj @ 0x984ec0
AUTO: _ZN12AP_GPS_UBLOX23_configure_message_rateEhhh @ 0x984f40
AUTO: _ZN5Plane21update_throttle_hoverEv @ 0x98c540
AUTO: _ZN9QuadPlane21update_throttle_hoverEv @ 0x98c5a0
AUTO: _ZN5Plane19update_speed_heightEv @ 0x98cdb0
AUTO: _ZN7AP_TECS11update_50hzEv @ 0x98cee0
AUTO: _ZN13AverageFilterIffLh5EE5resetEv @ 0xb47720
AUTO: _ZN7AP_TECS13_update_speedEf @ 0x98d550
AUTO: _ZNK10AP_Landing11is_on_finalEv @ 0x98de40
AUTO: _ZN5Plane20check_short_failsafeEv @ 0x98df10
AUTO: _ZN5Plane10read_radioEv @ 0x98e540
AUTO: _ZNK5Plane17fence_stickmixingEv @ 0x98e7b0
AUTO: _ZN10Tailsitter11check_inputEv @ 0x98e860
AUTO: _ZN9AP_Tuning11check_inputEh @ 0x98e930
AUTO: _ZN5Plane10set_servosEv @ 0x98f8e0
AUTO: _ZN9QuadPlane6updateEv @ 0x98fc40
AUTO: _ZN5Plane12set_throttleEv @ 0x990270
AUTO: _ZN5Plane20set_takeoff_expectedEv @ 0x9904c0
AUTO: _ZN5Plane16set_servos_flapsEv @ 0x990620
AUTO: _ZN5Plane15airbrake_updateEv @ 0x990ab0
AUTO: _ZN5Plane19throttle_slew_limitEv @ 0x990c30
AUTO: _ZN11AP_ICEngine17throttle_overrideERff @ 0x990f50
AUTO: _ZN12ParametersG212FWD_BATT_CMP6updateEv @ 0x991470
AUTO: _ZNK12ParametersG212FWD_BATT_CMP14apply_throttleEf @ 0x9915f0
AUTO: _ZN5Plane21apply_throttle_limitsEf @ 0x9916a0
AUTO: _ZN5Plane17suppress_throttleEv @ 0x9919d0
AUTO: _ZNK10AP_Landing22is_throttle_suppressedEv @ 0x991e40
AUTO: _ZN11AP_ICEngine20update_idle_governorERa @ 0x992800
AUTO: _ZNK12ParametersG212FWD_BATT_CMP13apply_min_maxERaS1_ @ 0x992bf0
AUTO: _ZN5Plane21throttle_watt_limiterERaS0_ @ 0x992dd0
AUTO: _ZL3MINIaaEDTqultfp_fp0_fp_fp0_ERKT_RKT0_ @ 0x9930c0
AUTO: _ZN7AP_TECS16set_throttle_maxEf @ 0x993140
AUTO: _ZNK14AP_BattMonitor18overpower_detectedEv @ 0x9931c0
AUTO: _ZN5Plane9stabilizeEv @ 0x997250
AUTO: _ZL7degreesf.12555 @ 0x997be0
AUTO: _ZN16AP_FW_Controller13_get_rate_outEffbfb @ 0x9999d0
AUTO: _ZL7radiansf.12452 @ 0x999dd0
AUTO: _ZL7degreesf.12453 @ 0x999e20
AUTO: _ZN5Plane19update_control_modeEv @ 0x999e70
AUTO: _ZN5Plane18update_fly_forwardEv @ 0x999f50
AUTO: _ZN12ModeAutoLand23check_takeoff_directionEv @ 0x99a100
AUTO: _ZN5Plane11ahrs_updateEv @ 0x99a430
AUTO: _ZNK17AP_InertialSensor9Write_IMUEv @ 0x99a6a0
AUTO: _ZN9QuadPlane15check_yaw_resetEv @ 0x99a760
AUTO: _ZN14AP_InertialNav6updateEb @ 0x99a820
AUTO: _ZN9AP_Follow16update_estimatesEv @ 0x99ab90
AUTO: _ZN9AP_Follow32clear_dist_and_bearing_to_targetEv @ 0x99bb10
AUTO: _ZL3MAXIhhEDTqugtfp_fp0_fp_fp0_ERKT_RKT0_ @ 0x99c470
AUTO: _ZNK17AP_InertialSensor18Write_IMU_instanceEmh @ 0x99c4f0
AUTO: _ZNK17AP_InertialSensor16get_gyro_rate_hzEh @ 0xb47f10
AUTO: _ZNK17AP_InertialSensor17get_accel_rate_hzEh @ 0xb47f90
AUTO: _ZN5Plane34constrain_target_altitude_locationERK8LocationS2_ @ 0x9a9d80
AUTO: _ZN5Plane30set_target_altitude_proportionERK8Locationf @ 0x9a9e60
AUTO: _ZN5Plane28set_target_altitude_locationERK8Location @ 0x9aa060
AUTO: _ZN5Plane22change_target_altitudeEi @ 0x9aa190
AUTO: _ZN5Plane21exit_mission_callbackEv @ 0x9aa370
AUTO: _ZN7FunctorIvJEE14method_wrapperI5PlaneXadL_ZNS2_21exit_mission_callbackEvEEEEvPv @ 0xb4d2d0
AUTO: _ZN5Plane23verify_command_callbackERKN10AP_Mission15Mission_CommandE @ 0x9aa420
AUTO: _ZN7FunctorIbJRKN10AP_Mission15Mission_CommandEEE14method_wrapperI5PlaneXadL_ZNS6_23verify_command_callbackES3_EEEEbPvS3_ @ 0xb4d380
AUTO: _ZN5Plane14verify_commandERKN10AP_Mission15Mission_CommandE @ 0x9aa4f0
AUTO: _ZN3GCS33send_mission_item_reached_messageEt @ 0x9aabe0
AUTO: _ZN5Plane13verify_nav_wpERKN10AP_Mission15Mission_CommandE @ 0x9ab380
AUTO: _ZN5Plane6do_RTLEi @ 0x9ad8b0
AUTO: _ZN5Plane11set_next_WPERK8Location @ 0x9adaa0
AUTO: _ZN5Plane13update_loiterEt @ 0x9ae730
AUTO: _ZN5Plane24update_loiter_update_navEt @ 0x9aeb60
AUTO: _ZN9QuadPlane19guided_mode_enabledEv @ 0x9aedd0
AUTO: _ZNK5Plane13get_wp_radiusEv @ 0x9b11e0
AUTO: _ZN5Plane22start_command_callbackERKN10AP_Mission15Mission_CommandE @ 0x9b1a30
AUTO: _ZN7FunctorIbJRKN10AP_Mission15Mission_CommandEEE14method_wrapperI5PlaneXadL_ZNS6_22start_command_callbackES3_EEEEbPvS3_ @ 0xb4d6a0
AUTO: _ZN5Plane13start_commandERKN10AP_Mission15Mission_CommandE @ 0x9b1ad0
AUTO: _ZN5Plane9do_nav_wpERKN10AP_Mission15Mission_CommandE @ 0x9b2470
AUTO: _ZNK14AP_BattMonitor22capacity_remaining_pctERhh @ 0x9b4930
AUTO: _ZN4Mode3runEv @ 0x9b5560
AUTO: _ZNK4Mode12is_vtol_modeEv @ 0xb4de30
AUTO: _ZNK4Mode14is_guided_modeEv @ 0xb4ded0
AUTO: _ZN4Mode22update_target_altitudeEv @ 0x9b57d0
AUTO: _ZNK4Mode19use_throttle_limitsEv @ 0x9b5be0
AUTO: _ZNK4Mode24use_battery_compensationEv @ 0x9b5d80
AUTO: _ZNK4Mode18supports_quicktuneEv @ 0xb4e210
AUTO: _ZN4Mode5_exitEv @ 0xb4e2b0
AUTO: _ZN10AP_Landing28get_target_altitude_locationER8Location @ 0x9b6890
AUTO: _ZN5Plane13calc_nav_rollEv @ 0x9b7570
AUTO: _ZN5Plane14calc_nav_pitchEv @ 0x9b7600
AUTO: _ZN5Plane13calc_throttleEv @ 0x9b76c0
AUTO: _ZN7AP_TECS16get_pitch_demandEv @ 0xb4e680
AUTO: _ZN5Plane18update_load_factorEv @ 0x9b7770
AUTO: _ZL7radiansf @ 0x9b7ac0
AUTO: _ZL2sqf.11 @ 0x9b7b10
AUTO: _ZN5Plane26stabilize_stick_mixing_fbwEv @ 0x9b7c30
AUTO: _ZN5Plane14stabilize_rollEv @ 0x9b80f0
AUTO: _ZN5Plane15stabilize_pitchEv @ 0x9b81b0
AUTO: _ZN5Plane13stabilize_yawEv @ 0x9b8250
AUTO: _ZNK10AP_Landing26is_ground_steering_allowedEv @ 0x9b84a0
AUTO: _ZN5Plane24calc_nav_yaw_coordinatedEv @ 0x9b88f0
AUTO: _ZN11VTOL_Assist20output_spin_recoveryEv @ 0x9b8be0
AUTO: _ZN5Plane12rudder_inputEv @ 0x9b8ce0
AUTO: _ZN16AP_YawController13get_servo_outEfb @ 0x9b8f10
AUTO: _ZN16AP_YawController14reset_rate_PIDEv @ 0x9b9600
AUTO: _ZL3MAXIffEDTqugtfp_fp0_fp_fp0_ERKT_RKT0_.12554 @ 0x9b9670
AUTO: _ZN5Plane20stick_mixing_enabledEv @ 0x9b9830
AUTO: _ZNK9QuadPlane23in_vtol_land_poscontrolEv @ 0x9b9a00
AUTO: _ZN5Plane17takeoff_tail_holdEv @ 0x9ba4e0
AUTO: _ZN5Plane29stabilize_pitch_get_pitch_outEv @ 0x9ba680
AUTO: _ZNK9QuadPlane27use_fw_attitude_controllersEv @ 0x9baa80
AUTO: _ZN18AP_PitchController13get_servo_outEifbb @ 0x9babc0
AUTO: _ZNK18AP_PitchController29_get_coordination_rate_offsetERKfRb @ 0x9baf60
AUTO: _ZL3MINIffEDTqultfp_fp0_fp_fp0_ERKT_RKT0_.12475 @ 0x9bb290
AUTO: _ZL7radiansi.12476 @ 0x9bb320
AUTO: _ZL3MAXI9AP_ParamTIsL11ap_var_type2EEiEDTqugtfp_fp0_fp_fp0_ERKT_RKT0_.12477 @ 0x9bb380
AUTO: _ZL7degreesf.12479 @ 0x9bb410
AUTO: _ZN5Plane27stabilize_roll_get_roll_outEv @ 0x9bb460
AUTO: _ZN17AP_RollController13get_servo_outEifbb @ 0x9bb730
AUTO: _ZNK9QuadPlane18allow_stick_mixingEv @ 0x9bba70
AUTO: _ZNK7ModeRTL11mode_numberEv @ 0xb51030
AUTO: _ZNK7ModeRTL5name4Ev @ 0xb510d0
AUTO: _ZN7ModeRTL6updateEv @ 0x9ca3a0
AUTO: _ZN7ModeRTL8navigateEv @ 0x9ca5b0
AUTO: _ZNK7ModeRTL23allows_throttle_nudgingEv @ 0xb51120
AUTO: _ZNK7ModeRTL20does_auto_navigationEv @ 0xb51170
AUTO: _ZNK7ModeRTL18does_auto_throttleEv @ 0xb511c0
AUTO: _ZN7ModeRTL6_enterEv @ 0x9ca9c0
AUTO: _ZN8ModeAuto3runEv @ 0x9cb9a0
AUTO: _ZNK8ModeAuto11mode_numberEv @ 0xb512e0
AUTO: _ZNK8ModeAuto5name4Ev @ 0xb51380
AUTO: _ZN8ModeAuto6updateEv @ 0x9cbab0
AUTO: _ZN8ModeAuto8navigateEv @ 0x9cbda0
AUTO: _ZNK8ModeAuto23allows_throttle_nudgingEv @ 0xb51420
AUTO: _ZNK8ModeAuto20does_auto_navigationEv @ 0x9cbe20
AUTO: _ZNK8ModeAuto18does_auto_throttleEv @ 0x9cbe80
AUTO: _ZN8ModeAuto6_enterEv @ 0x9cbf40
AUTO: _ZN8ModeAuto5_exitEv @ 0x9cc1b0
AUTO: _ZN10AP_Mission15start_or_resumeEv @ 0x9cc450
AUTO: _ZN10AP_Mission6updateEv @ 0x9cc4f0
AUTO: _ZN10AP_Mission20update_exit_positionEv @ 0x9cc6a0
AUTO: _ZN10AP_Mission27on_mission_timestamp_changeEv @ 0x9cc730
AUTO: _ZN10AP_Mission14verify_commandERKNS_15Mission_CommandE @ 0x9cc780
AUTO: _ZN10AP_Mission22advance_current_do_cmdEv @ 0x9cc930
AUTO: _ZN5Plane19throttle_percentageEv @ 0x9ce0d0
AUTO: _ZNK9GCS_Plane11custom_modeEv @ 0x9d9a70
AUTO: _ZNK9GCS_Plane10frame_typeEv @ 0x9d9ad0
AUTO: _ZN9GCS_Plane4chanEh @ 0xb52b30
AUTO: _ZN9GCS_Plane34update_vehicle_sensor_status_flagsEv @ 0x9d9b30
AUTO: _ZNK9GCS_Plane26min_status_for_gps_healthyEv @ 0xb52cf0
AUTO: _ZN17GCS_MAVLINK_Plane14packetReceivedERK16__mavlink_statusRK17__mavlink_message @ 0x9da0b0
AUTO: _ZNK11GCS_MAVLINK13mission_stateERK10AP_Mission @ 0x9da150
AUTO: _ZNK11GCS_MAVLINK16send_rangefinderEv @ 0x9da230
AUTO: _ZNK17GCS_MAVLINK_Plane26send_nav_controller_outputEv @ 0x9da300
AUTO: _ZN17GCS_MAVLINK_Plane15send_pid_tuningEv @ 0x9da790
AUTO: _ZN11GCS_MAVLINK21send_scaled_pressure3Ev @ 0x9dab70
AUTO: _ZNK17GCS_MAVLINK_Plane13send_attitudeEv @ 0x9dabd0
AUTO: _ZN17GCS_MAVLINK_Plane31send_position_target_global_intEv @ 0x9daf50
AUTO: _ZNK11GCS_MAVLINK17send_winch_statusEv @ 0xb52ec0
AUTO: _ZNK17GCS_MAVLINK_Plane9base_modeEv @ 0x9db3b0
AUTO: _ZNK17GCS_MAVLINK_Plane21vehicle_system_statusEv @ 0x9db5b0
AUTO: _ZNK17GCS_MAVLINK_Plane19persist_streamratesEv @ 0xb52f10
AUTO: _ZN17GCS_MAVLINK_Plane25handle_command_int_packetERK23__mavlink_command_int_tRK17__mavlink_message @ 0x9db8b0
AUTO: _ZN17GCS_MAVLINK_Plane14handle_messageERK17__mavlink_message @ 0x9dc270
AUTO: _ZN17GCS_MAVLINK_Plane16try_send_messageE10ap_message @ 0x9dd5c0
AUTO: _ZN11GCS_MAVLINK24send_global_position_intEv @ 0x9dd7f0
AUTO: _ZNK11GCS_MAVLINK23global_position_int_altEv @ 0x9dd970
AUTO: _ZNK11GCS_MAVLINK32global_position_int_relative_altEv @ 0x9dd9d0
AUTO: _ZNK17GCS_MAVLINK_Plane17vfr_hud_climbrateEv @ 0x9dda40
AUTO: _ZNK17GCS_MAVLINK_Plane16vfr_hud_airspeedEv @ 0x9ddb00
AUTO: _ZNK17GCS_MAVLINK_Plane16vfr_hud_throttleEv @ 0x9ddbf0
AUTO: _ZNK11GCS_MAVLINK11vfr_hud_altEv @ 0x9ddc50
AUTO: _ZN17GCS_MAVLINK_Plane35convert_COMMAND_LONG_to_COMMAND_INTERK24__mavlink_command_long_tR23__mavlink_command_int_t9MAV_FRAME @ 0x9de1e0
AUTO: _ZN11GCS_MAVLINK35convert_COMMAND_LONG_to_COMMAND_INTERK24__mavlink_command_long_tR23__mavlink_command_int_t9MAV_FRAME @ 0x9de8c0
AUTO: _ZN11GCS_MAVLINK28command_long_stores_locationE7MAV_CMD @ 0x9dea80
AUTO: _ZL30convert_COMMAND_LONG_loc_paramfb @ 0x9deb60
AUTO: _ZL3MINIfiEDTqultfp_fp0_fp_fp0_ERKT_RKT0_ @ 0x9dec10
AUTO: _ZNK11GCS_MAVLINK17vfr_hud_climbrateEv @ 0x9decb0
AUTO: _ZL36mavlink_msg_global_position_int_send17mavlink_channel_tjiiiissst @ 0x9ded70
AUTO: _ZN10AP_Terrain12send_requestE17mavlink_channel_t @ 0x9dee90
AUTO: _ZN10AP_Terrain11send_reportE17mavlink_channel_t @ 0x9defe0
AUTO: _ZNK17GCS_MAVLINK_Plane9send_windEv @ 0x9df090
AUTO: _ZN7AP_ADSB17send_adsb_vehicleE17mavlink_channel_t @ 0x9df160
AUTO: _ZN17GCS_MAVLINK_Plane12send_aoa_ssaEv @ 0x9df370
AUTO: _ZN10AP_Landing20send_landing_messageE17mavlink_channel_t @ 0x9df410
AUTO: _ZN17GCS_MAVLINK_Plane15send_hygrometerEv @ 0x9df4f0
AUTO: _ZN11GCS_MAVLINK16try_send_messageE10ap_message @ 0x9df6f0
AUTO: _ZN11GCS_MAVLINK17queued_param_sendEv @ 0x9e03a0
AUTO: _ZNK11GCS_MAVLINK14send_heartbeatEv @ 0x9e0650
AUTO: _ZNK11GCS_MAVLINK8send_rpmEv @ 0x9e0a10
AUTO: _ZN11GCS_MAVLINK24try_send_mission_messageE10ap_message @ 0x9e0af0
AUTO: _ZN7Compass21send_mag_cal_progressERK11GCS_MAVLINK @ 0x9e0cf0
AUTO: _ZN7Compass19send_mag_cal_reportERK11GCS_MAVLINK @ 0x9e0f40
AUTO: _ZN11GCS_MAVLINK19send_battery_statusEv @ 0x9e1270
AUTO: _ZNK7AP_AHRS22send_ekf_status_reportER11GCS_MAVLINK @ 0x9e13c0
AUTO: _ZN11GCS_MAVLINK12send_meminfoEv @ 0x9e14c0
AUTO: _ZNK11GCS_MAVLINK17send_fence_statusEv @ 0x9e1580
AUTO: _ZN11GCS_MAVLINK20send_distance_sensorEv @ 0x9e16c0
AUTO: _ZNK11GCS_MAVLINK16send_system_timeEv @ 0x9e1c00
AUTO: _ZN6AP_GPS20send_mavlink_gps_rawE17mavlink_channel_t @ 0x9e1c90
AUTO: _ZN6AP_GPS20send_mavlink_gps_rtkE17mavlink_channel_th @ 0x9e1fe0
AUTO: _ZN6AP_GPS21send_mavlink_gps2_rawE17mavlink_channel_t @ 0x9e20c0
AUTO: _ZNK11GCS_MAVLINK19send_local_positionEv @ 0x9e2460
AUTO: _ZNK11GCS_MAVLINK34send_gimbal_device_attitude_statusEv @ 0x9e2530
AUTO: _ZN11GCS_MAVLINK16send_opticalflowEv @ 0x9e28f0
AUTO: _ZN11GCS_MAVLINK17send_power_statusEv @ 0x9e2a60
AUTO: _ZNK11GCS_MAVLINK16send_rc_channelsEv @ 0x9e2b70
AUTO: _ZNK11GCS_MAVLINK20send_rc_channels_rawEv @ 0x9e2e30
AUTO: _ZN11GCS_MAVLINK12send_raw_imuEv @ 0x9e2fb0
AUTO: _ZN11GCS_MAVLINK15send_scaled_imuEhPFv17mavlink_channel_tjssssssssssE @ 0x9e33c0
AUTO: _ZL28mavlink_msg_scaled_imu2_send17mavlink_channel_tjssssssssss @ 0x9e3680
AUTO: _ZL28mavlink_msg_scaled_imu3_send17mavlink_channel_tjssssssssss @ 0x9e37f0
AUTO: _ZN11GCS_MAVLINK20send_scaled_pressureEv @ 0x9e3ba0
AUTO: _ZN11GCS_MAVLINK21send_scaled_pressure2Ev @ 0x9e3c00
AUTO: _ZN11GCS_MAVLINK13send_airspeedEv @ 0x9e3c60
AUTO: _ZNK11GCS_MAVLINK13send_simstateEv @ 0x9e3e20
AUTO: _ZN11GCS_MAVLINK15send_sys_statusEv @ 0x9e3f40
AUTO: _ZN11GCS_MAVLINK10send_ahrs2Ev @ 0x9e4230
AUTO: _ZN11GCS_MAVLINK9send_ahrsEv @ 0x9e4310
AUTO: _ZN11GCS_MAVLINK12send_vfr_hudEv @ 0x9e4490
AUTO: _ZNK11GCS_MAVLINK14send_vibrationEv @ 0x9e45d0
AUTO: _ZNK11GCS_MAVLINK21send_generator_statusEv @ 0x9e46c0
AUTO: _ZN12AP_ESC_Telem26send_esc_telemetry_mavlinkEh @ 0x9e4a40
AUTO: _ZN6AP_EFI19send_mavlink_statusE17mavlink_channel_t @ 0x9e4ed0
AUTO: _ZN6AP_AIS13get_singletonEv @ 0x9e56a0
AUTO: _ZN11GCS_MAVLINK20send_available_modesEv @ 0x9e5820
AUTO: _ZNK11GCS_MAVLINK21battery_remaining_pctEh @ 0x9e6030
AUTO: _ZL3MINIhiEDTqultfp_fp0_fp_fp0_ERKT_RKT0_.7263 @ 0x9e64e0
AUTO: _ZL44mavlink_msg_esc_telemetry_1_to_4_send_struct17mavlink_channel_tPK32__mavlink_esc_telemetry_1_to_4_t @ 0x9e6800
AUTO: _ZN12AP_Generator21send_generator_statusERK11GCS_MAVLINK @ 0x9e6e00
AUTO: _ZL26mavlink_msg_vibration_send17mavlink_channel_tmfffjjj @ 0x9e6e80
AUTO: _ZL24mavlink_msg_vfr_hud_send17mavlink_channel_tffstff @ 0x9e6f90
AUTO: _ZNK7AP_AHRS12get_error_rpEv @ 0x9e7120
AUTO: _ZNK7AP_AHRS13get_error_yawEv @ 0x9e7180
AUTO: _ZL21mavlink_msg_ahrs_send17mavlink_channel_tfffffff @ 0x9e71e0
AUTO: _ZL22mavlink_msg_ahrs2_send17mavlink_channel_tffffii @ 0x9e7300
AUTO: _ZNK9AP_Logger11num_droppedEv @ 0x9e7400
AUTO: _ZNK14AP_BattMonitor11gcs_voltageEv @ 0xb53200
AUTO: _ZL27mavlink_msg_sys_status_send17mavlink_channel_tjjjttsatttttt @ 0x9e7480
AUTO: _ZNK14AP_BattMonitor11gcs_voltageEh @ 0x9e7620
AUTO: _ZNK17AP_Logger_Backend11num_droppedEv @ 0xb53250
AUTO: _ZL7radiansf.17181 @ 0x9e7a40
AUTO: _ZNK4SITL3SIM13simstate_sendE17mavlink_channel_t @ 0x9e7dc0
AUTO: _ZL25mavlink_msg_simstate_send17mavlink_channel_tfffffffffii @ 0x9e7f90
AUTO: _ZL32mavlink_msg_airspeed_send_struct17mavlink_channel_tPK20__mavlink_airspeed_t @ 0x9e8130
AUTO: _ZL33mavlink_msg_scaled_pressure2_send17mavlink_channel_tjffss @ 0x9e81b0
AUTO: _ZN11GCS_MAVLINK29send_scaled_pressure_instanceEhPFv17mavlink_channel_tjffssE @ 0x9e8290
AUTO: _ZL32mavlink_msg_scaled_pressure_send17mavlink_channel_tjffss @ 0x9e8480
AUTO: _ZL24mavlink_msg_raw_imu_send17mavlink_channel_tmssssssssshs @ 0x9e85e0
AUTO: _ZNK11GCS_MAVLINK16sending_mavlink1Ev @ 0x9e8760
AUTO: _ZNK11GCS_MAVLINK13receiver_rssiEv @ 0x9e87c0
AUTO: _ZL28mavlink_msg_rc_channels_send17mavlink_channel_tjhtttttttttttttttttth @ 0x9e89d0
AUTO: _ZL29mavlink_msg_power_status_send17mavlink_channel_tttt @ 0x9e8c40
AUTO: _ZN8AP_Mount34send_gimbal_device_attitude_statusE17mavlink_channel_t @ 0x9e96c0
AUTO: _ZL35mavlink_msg_local_position_ned_send17mavlink_channel_tjffffff @ 0x9e9d20
AUTO: _ZNK6AP_GPS12gps_yaw_cdegEh @ 0x9e9e30
AUTO: _ZNK6AP_GPS23have_gps_yaw_configuredEh @ 0xb534b0
AUTO: _ZL28mavlink_msg_gps_raw_int_send17mavlink_channel_tmhiiitttthijjjjt @ 0x9ea130
AUTO: _ZL28mavlink_msg_system_time_send17mavlink_channel_tmj @ 0x9ea320
AUTO: _ZN11GCS_MAVLINK14send_proximityEv @ 0x9eb960
AUTO: _ZL3MINIjjEDTqultfp_fp0_fp_fp0_ERKT_RKT0_.7265 @ 0x9ec8d0
AUTO: _ZL24mavlink_msg_meminfo_send17mavlink_channel_tttj @ 0x9ec950
AUTO: _ZNK7NavEKF318send_status_reportER11GCS_MAVLINK @ 0x9ecbf0
AUTO: _ZNK12NavEKF3_core18send_status_reportER11GCS_MAVLINK @ 0x9ecc80
AUTO: _ZL41mavlink_msg_ekf_status_report_send_struct17mavlink_channel_tPK29__mavlink_ekf_status_report_t @ 0x9ed080
AUTO: _ZNK14AP_BattMonitor13option_is_setEhN21AP_BattMonitor_Params7OptionsE @ 0x9edba0
AUTO: _ZNK11GCS_MAVLINK19send_battery_statusEh @ 0x9edc70
AUTO: _ZL3MINIftEDTqultfp_fp0_fp_fp0_ERKT_RKT0_ @ 0x9ee500
AUTO: _ZNK14AP_BattMonitor14time_remainingERjh @ 0x9ee5a0
AUTO: _ZNK14AP_BattMonitor24get_mavlink_charge_stateEh @ 0x9ee690
AUTO: _ZNK14AP_BattMonitor25get_mavlink_fault_bitmaskEh @ 0x9ee7c0
AUTO: _ZL31mavlink_msg_battery_status_send17mavlink_channel_thhhsPKtsiiaihS1_hj @ 0x9ee870
AUTO: _ZN14typesafe_indexIh12TAG_PriorityErmERKh @ 0xb53700
AUTO: _ZN11GCS_MAVLINK20send_mission_currentERK10AP_Missiont @ 0x9eeff0
AUTO: _ZL37mavlink_msg_mission_item_reached_send17mavlink_channel_tt @ 0x9ef0f0
AUTO: _ZL32mavlink_msg_mission_current_send17mavlink_channel_ttthh @ 0x9ef4c0
AUTO: _ZNK11GCS_MAVLINK13system_statusEv @ 0x9ef990
AUTO: _ZL26mavlink_msg_heartbeat_send17mavlink_channel_thhhjh @ 0x9efa20
AUTO: _ZN11GCS_MAVLINK28send_parameter_async_repliesEv @ 0x9efb00
AUTO: _ZN12ObjectBufferIN11GCS_MAVLINK19pending_param_replyEE4peekERS1_ @ 0xb537f0
AUTO: _ZNK11AP_Airspeed14get_hygrometerEhRjRfS1_ @ 0x9f0040
AUTO: _ZL24mavlink_msg_aoa_ssa_send17mavlink_channel_tmff @ 0x9f0610
AUTO: _ZL21mavlink_msg_wind_send17mavlink_channel_tfff @ 0x9f0910
AUTO: _ZN10AP_Terrain19send_terrain_reportE17mavlink_channel_tRK8Locationb @ 0x9f09c0
AUTO: _ZL31mavlink_msg_terrain_report_send17mavlink_channel_tiitfftt @ 0x9f0b70
AUTO: _ZN10AP_Terrain18send_cache_requestE17mavlink_channel_t @ 0x9f0c90
AUTO: _ZN10AP_Terrain15request_missingE17mavlink_channel_tRKNS_9grid_infoE @ 0x9f0d90
AUTO: _ZN10AP_Terrain15request_missingE17mavlink_channel_tRNS_10grid_cacheE @ 0x9f0e20
AUTO: _ZN11GCS_MAVLINK14handle_messageERK17__mavlink_message @ 0x9f4bc0
AUTO: _ZN11GCS_MAVLINK16handle_heartbeatERK17__mavlink_message @ 0x9f5740
AUTO: _ZN11GCS_MAVLINK19handle_command_longERK17__mavlink_message @ 0x9f6ab0
AUTO: _ZN11GCS_MAVLINK26handle_request_data_streamERK17__mavlink_message @ 0x9f80f0
AUTO: _ZNK3GCS12sysid_is_gcsEh @ 0x9fd750
AUTO: _ZN11GCS_MAVLINK16sysid_mygcs_seenEj @ 0x9fd9f0
AUTO: _ZL38mavlink_msg_request_data_stream_decodePK17__mavlink_messageP31__mavlink_request_data_stream_t @ 0x9fec60
AUTO: _ZN9AP_Logger13Write_CommandERK23__mavlink_command_int_thh10MAV_RESULTb @ 0xa01b50
AUTO: _ZL31mavlink_msg_command_long_decodePK17__mavlink_messageP24__mavlink_command_long_t @ 0xa01cd0
AUTO: _ZN11GCS_MAVLINK31try_command_long_as_command_intERK24__mavlink_command_long_tRK17__mavlink_message @ 0xa01da0
AUTO: _ZN11GCS_MAVLINK16_set_mode_commonEhj @ 0xa04600
AUTO: _ZN12ObjectBufferIN7GCS_FTP11TransactionEE3popERS1_ @ 0xb54830
AUTO: _ZN11GCS_MAVLINK25handle_command_int_packetERK23__mavlink_command_int_tRK17__mavlink_message @ 0xa0bb20
AUTO: _ZN11GCS_MAVLINK26handle_command_do_set_modeERK23__mavlink_command_int_t @ 0xa0ced0
AUTO: _ZL7radiansf.35 @ 0xa108a0
AUTO: _ZN5Plane22any_failsafe_triggeredEv @ 0xb551e0
AUTO: _ZL43mavlink_msg_position_target_global_int_send17mavlink_channel_tjhtiifffffffff @ 0xa110c0
AUTO: _ZL25mavlink_msg_attitude_send17mavlink_channel_tjffffff @ 0xa11590
AUTO: _ZL38mavlink_msg_nav_controller_output_send17mavlink_channel_tffsstfff @ 0xa11b80
AUTO: _ZN12AP_Avoidance10handle_msgERK17__mavlink_message @ 0xa11d60
AUTO: _ZN11GCS_MAVLINK14packetReceivedERK16__mavlink_statusRK17__mavlink_message @ 0xa11eb0
AUTO: _ZN15MAVLink_routing17check_and_forwardER11GCS_MAVLINKRK17__mavlink_message @ 0xa120b0
AUTO: _ZN9AP_Follow10handle_msgERK17__mavlink_message @ 0xa12620
AUTO: _ZNK11GCS_MAVLINK13accept_packetERK16__mavlink_statusRK17__mavlink_message @ 0xa127a0
AUTO: _ZNK9AP_Follow21should_handle_messageERK17__mavlink_message @ 0xa128c0
AUTO: _ZN15MAVLink_routing11learn_routeER11GCS_MAVLINKRK17__mavlink_message @ 0xa13890
AUTO: _ZN15MAVLink_routing16handle_heartbeatER11GCS_MAVLINKRK17__mavlink_message @ 0xa13b30
AUTO: _ZN15MAVLink_routing11get_targetsERK17__mavlink_messageRsS3_ @ 0xa13d60
AUTO: _ZNK9QuadPlane12get_mav_typeEv @ 0xa14210
AUTO: _ZNK18AP_PitchController13is_underspeedEf @ 0xa14660
AUTO: _ZNK18AP_PitchController12get_airspeedEv @ 0xa14700
AUTO: _ZNK18AP_PitchController17get_measured_rateEv @ 0xa147d0
AUTO: _ZNK17AP_RollController13is_underspeedEf @ 0xa14950
AUTO: _ZNK17AP_RollController12get_airspeedEv @ 0xa149e0
AUTO: _ZNK17AP_RollController17get_measured_rateEv @ 0xa14a50
AUTO: _ZNK13AP_L1_Control11nav_roll_cdEv @ 0xa14ab0
AUTO: _ZNK13AP_L1_Control14nav_bearing_cdEv @ 0xa14c30
AUTO: _ZNK13AP_L1_Control17target_bearing_cdEv @ 0xa14cf0
AUTO: _ZNK13AP_L1_Control16crosstrack_errorEv @ 0xb56310
AUTO: _ZNK13AP_L1_Control27crosstrack_error_integratorEv @ 0xb56360
AUTO: _ZNK13AP_L1_Control13turn_distanceEf @ 0xa14d40
AUTO: _ZNK13AP_L1_Control13turn_distanceEff @ 0xa14dd0
AUTO: _ZNK13AP_L1_Control13loiter_radiusEf @ 0xa14eb0
AUTO: _ZN13AP_L1_Control15update_waypointERK8LocationS2_f @ 0xa15050
AUTO: _ZN13AP_L1_Control13update_loiterERK8Locationfa @ 0xa15a20
AUTO: _ZN13AP_L1_Control21reached_loiter_targetEv @ 0xa16410
AUTO: _ZN13AP_L1_Control17set_data_is_staleEv @ 0xb563b0
AUTO: _ZL3MAXIffEDTqugtfp_fp0_fp_fp0_ERKT_RKT0_.12670 @ 0xa164c0
AUTO: _ZN13AP_L1_Control19_prevent_indecisionERf @ 0xa16540
AUTO: _ZNK13AP_L1_Control7get_yawEv @ 0xa166e0
AUTO: _ZL7radiansi.12671 @ 0xa16780
AUTO: _ZL7radiansf.12672 @ 0xa167e0
AUTO: _ZL2sqf.12673 @ 0xa16830
AUTO: _ZL3MINIffEDTqultfp_fp0_fp_fp0_ERKT_RKT0_.12674 @ 0xa16880
AUTO: _ZL9rad_to_cdf.12675 @ 0xa16910
AUTO: _Z11wrap_180_cdIfET_S0_ @ 0xb564c0
AUTO: _ZL7degreesf.12676 @ 0xa16960
AUTO: _ZN17RC_Channels_Plane7channelEh @ 0xb56e20
AUTO: _ZN17RC_Channels_Plane16read_mode_switchEv @ 0xa19940
AUTO: _ZNK17RC_Channels_Plane14in_rc_failsafeEv @ 0xa199b0
AUTO: _ZNK17RC_Channels_Plane15has_valid_inputEv @ 0xa19a20
AUTO: _ZNK17RC_Channels_Plane18get_arming_channelEv @ 0xa19ab0
AUTO: _ZNK17RC_Channels_Plane26flight_mode_channel_numberEv @ 0xa19b00
AUTO: _ZN11RC_Channels16read_mode_switchEv @ 0xa19b70
AUTO: mode_to_string @ 0xa954d0
AUTO: mode_entry @ 0xa95730
----------------------
Mode: 1 (CIRCLE)
CIRCLE: _ZN15AP_Arming_Plane14pre_arm_checksEb @ 0x5db3f0
CIRCLE: _ZN2AP13serialmanagerEv @ 0x5dd670
CIRCLE: _ZNK9AP_ParamTIiL11ap_var_type3EEcvRKiEv @ 0xa99ff0
CIRCLE: _Z3gcsv @ 0x5e0280
CIRCLE: _ZN11GCS_MAVLINK19active_channel_maskEv @ 0xa9a3f0
CIRCLE: _ZN11GCS_MAVLINK20private_channel_maskEv @ 0xa9a470
CIRCLE: _ZN3GCS13get_singletonEv @ 0xa9a4b0
CIRCLE: _ZNK16AP_SerialManager22find_protocol_instanceENS_14SerialProtocolEh @ 0x5e0420
CIRCLE: _ZNK13AP_ParamTBaseIaL11ap_var_type1EE3getEv @ 0xa9a4f0
CIRCLE: _ZNK16AP_SerialManager14protocol_matchENS_14SerialProtocolES0_ @ 0x5e05c0
CIRCLE: _ZN16AP_SerialManager13get_singletonEv @ 0xa9a540
CIRCLE: _Z2rcv @ 0x5e06c0
CIRCLE: _ZN11RC_Channels13get_singletonEv @ 0xa9a5e0
CIRCLE: _ZNK9AP_ParamTIaL11ap_var_type1EEcvRKaEv @ 0xa9a6b0
CIRCLE: _ZN6AP_HAL6millisEv @ 0x5e0d40
CIRCLE: _ZN13WithSemaphoreD2Ev @ 0x5e0d80
CIRCLE: _ZN6AP_HAL8millis64Ev @ 0x5e0de0
CIRCLE: _ZN6AP_HAL8micros64Ev @ 0x5e0e20
CIRCLE: _ZL14uint64_div1000m @ 0x5e0ec0
CIRCLE: _ZN7HALSITL9Scheduler4fromEPN6AP_HAL9SchedulerE @ 0xa9a700
CIRCLE: _ZNK7HALSITL9Scheduler18stopped_clock_usecEv @ 0xa9a750
CIRCLE: _ZNK13AP_ParamTBaseIsL11ap_var_type2EE3getEv @ 0xa9a7a0
CIRCLE: _ZN13WithSemaphoreC2ERN6AP_HAL9SemaphoreEj @ 0x5e1010
CIRCLE: _ZNK7AP_EnumIN10Parameters11ThrFailsafeEEcvKS1_Ev @ 0xa9a830
CIRCLE: _ZNK11RC_Channels19has_had_rc_receiverEv @ 0xa9a880
CIRCLE: _ZNK13AP_ParamTBaseIiL11ap_var_type3EE3getEv @ 0xa9a940
CIRCLE: _ZN12AP_Proximity13get_singletonEv @ 0xa9a990
CIRCLE: _ZN2AP9schedulerEv @ 0x5e1490
CIRCLE: _ZN12AP_Scheduler25get_filtered_loop_rate_hzEv @ 0xa9aa10
CIRCLE: _ZN12AP_Scheduler16get_loop_rate_hzEv @ 0xa9aa60
CIRCLE: _ZN10AP_Terrain13get_singletonEv @ 0xa9aaf0
CIRCLE: _ZN12AP_Scripting13get_singletonEv @ 0xa9ab90
CIRCLE: _ZN2AP13internalerrorEv @ 0x5e1800
CIRCLE: _ZNK16AP_InternalError6errorsEv @ 0xa9acf0
CIRCLE: _ZNK16AP_InternalError15last_error_lineEv @ 0xa9ad40
CIRCLE: _ZN2AP3rpmEv @ 0x5e1990
CIRCLE: _ZNK9AP_ParamTIsL11ap_var_type2EEcvRKsEv @ 0xa9ae20
CIRCLE: _ZN12SRV_Channels25update_aux_servo_functionEv @ 0x5e2690
CIRCLE: _ZNK7BitmaskILt190EE8validateEt @ 0xa9af40
CIRCLE: _ZN7BitmaskILt190EE8clearallEv @ 0xa9afd0
CIRCLE: _ZNK11SRV_Channel14valid_functionEv @ 0xa9b030
CIRCLE: _ZN11SRV_Channel24aux_servo_function_setupEv @ 0x5e3190
CIRCLE: _ZN7BitmaskILt190EE3setEt @ 0xa9b090
CIRCLE: _ZNK9AP_Enum16IN11SRV_Channel8FunctionEEcvKS1_Ev @ 0xa9b150
CIRCLE: _ZN11SRV_Channel14valid_functionENS_8FunctionE @ 0xa9b1a0
CIRCLE: _ZN6AP_RPM13get_singletonEv @ 0xa9b290
CIRCLE: _ZNK12AP_Scripting13option_is_setENS_11DebugOptionE @ 0xa9b380
CIRCLE: _ZNK2AP8PerfInfo25get_filtered_loop_rate_hzEv @ 0x5e3580
CIRCLE: _ZNK2AP8PerfInfo17get_filtered_timeEv @ 0x5e3610
CIRCLE: _ZN12AP_Scheduler13get_singletonEv @ 0x5e3660
CIRCLE: _ZN2AP7missionEv @ 0x5e3730
CIRCLE: _ZNK10AP_Mission12num_commandsEv @ 0xa9b480
CIRCLE: _ZN2AP4ahrsEv @ 0x5e4060
CIRCLE: _ZNK7AP_AHRS8get_homeEv @ 0xa9b590
CIRCLE: _ZNK13StorageAccess10read_blockEPvtm @ 0x5e4190
CIRCLE: _ZN7AP_AHRS13get_singletonEv @ 0xa9b5e0
CIRCLE: _ZN8LocationC2Ev @ 0xa9b620
CIRCLE: _ZN8Location4zeroEv @ 0x5e46c0
CIRCLE: _ZN10AP_Mission13get_singletonEv @ 0xa9b670
CIRCLE: _ZNK9QuadPlane9availableEv @ 0xa9b700
CIRCLE: _ZNK5Plane15is_land_commandEt @ 0x5e4c30
CIRCLE: _ZNK8Location12get_distanceERKS_ @ 0x5e4cc0
CIRCLE: _Z11is_positiveIfEbT_ @ 0xa9b7c0
CIRCLE: _ZNK9AP_ParamTIfL11ap_var_type4EEcvRKfILb1EEEv @ 0xa9b820
CIRCLE: _ZN8Location14diff_longitudeEii @ 0x5e4e70
CIRCLE: _ZN8Location15longitude_scaleEi @ 0x5e4f50
CIRCLE: _Z4normIddJEEdT_T0_DpKT1_ @ 0xa9b870
CIRCLE: _Z2sqIdJdEEdT_DpKT0_ @ 0xa9b8e0
CIRCLE: _Z2sqIdEdT_ @ 0xa9b960
CIRCLE: _ZL3MAXIdfEDTqugtfp_fp0_fp_fp0_ERKT_RKT0_ @ 0x5e4ff0
CIRCLE: _ZN2AP5rallyEv @ 0x5e5090
CIRCLE: _ZNK7AP_AHRS12get_locationER8Location @ 0x5e50d0
CIRCLE: _ZN2AP7vehicleEv @ 0x5e5340
CIRCLE: _ZNK10AP_Mission7presentEv @ 0xa9ba60
CIRCLE: _ZN10AP_Vehicle13get_singletonEv @ 0x5e5380
CIRCLE: _ZN8LocationC2EiiiNS_8AltFrameE @ 0x5e55a0
CIRCLE: _ZN8Location10set_alt_cmEiNS_8AltFrameE @ 0x5e5640
CIRCLE: _ZN8AP_Rally13get_singletonEv @ 0xa9bad0
CIRCLE: _ZN11RC_Channels23get_valid_channel_countEv @ 0x5e5730
CIRCLE: _ZNK10RC_Channel12has_overrideEv @ 0x5e57a0
CIRCLE: _ZNK13AP_ParamTBaseIfL11ap_var_type4EE3getEv @ 0xa9bd10
CIRCLE: _Z7is_zerof @ 0xa9bd60
CIRCLE: _ZL3MINIihEDTqultfp_fp0_fp_fp0_ERKT_RKT0_.7422 @ 0x5e5860
CIRCLE: _ZN2AP3gpsEv @ 0x5e58f0
CIRCLE: _ZNK6AP_GPS11num_sensorsEv @ 0x5e5ad0
CIRCLE: _ZNK6AP_GPS8get_typeEh @ 0xa9bed0
CIRCLE: _ZNK6AP_GPS14primary_sensorEv @ 0xa9bf60
CIRCLE: _ZNK6AP_GPS6statusEh @ 0xa9bfb0
CIRCLE: _ZNK6AP_GPS10is_healthyEh @ 0x5e5b50
CIRCLE: _ZNK6AP_GPS8locationEv @ 0xa9c0d0
CIRCLE: _ZNK6AP_GPS22first_unconfigured_gpsERh @ 0x5e5e10
CIRCLE: _ZNK7AP_EnumIN6AP_GPS8GPS_TypeEEcvKS1_Ev @ 0xa9c130
CIRCLE: _ZNK6AP_GPS8locationEh @ 0xa9c180
CIRCLE: _ZNK7Vector3IfE6lengthEv @ 0xa9c1f0
CIRCLE: _Z4normIffJfEEdT_T0_DpKT1_ @ 0xa9c250
CIRCLE: _Z2sqIfJffEEdT_DpKT0_ @ 0xa9c2d0
CIRCLE: _ZL2sqf.2617 @ 0x5e62c0
CIRCLE: _Z2sqIfJfEEdT_DpKT0_ @ 0xa9c370
CIRCLE: _ZL2sqf.1898 @ 0x5e6310
CIRCLE: _ZN7Vector3IfEC2Efff @ 0xa9c3f0
CIRCLE: _ZNK6AP_GPS12is_rtk_roverEh @ 0x5e6360
CIRCLE: _ZN6AP_GPS13get_singletonEv @ 0xa9c500
CIRCLE: _ZNK7AP_AHRS7healthyEv @ 0x5e6e40
CIRCLE: _ZN2AP12externalAHRSEv @ 0x5e7020
CIRCLE: _ZNK7AP_AHRS8ekf_typeEv @ 0x5e70c0
CIRCLE: _ZNK7AP_AHRS15active_EKF_typeEv @ 0xa9c540
CIRCLE: _ZN2AP7compassEv @ 0x5e7a00
CIRCLE: _ZNK7Compass11use_for_yawEv @ 0x5e7a40
CIRCLE: _ZNK16AP_NavEKF_Source12getYawSourceEh @ 0x5e88b0
CIRCLE: _ZNK12NavEKF3_core7healthyEv @ 0x5e8b70
CIRCLE: _ZNK16AP_NavEKF_Source14useVelXYSourceENS_8SourceXYEh @ 0x5e8f30
CIRCLE: _ZNK16AP_NavEKF_Source18getActiveSourceSetEh @ 0xa9c590
CIRCLE: _ZNK7AP_EnumIN16AP_NavEKF_Source8SourceXYEEcvKS1_Ev @ 0xa9c640
CIRCLE: _ZNK16AP_NavEKF_Source13option_is_setENS_13SourceOptionsE @ 0xa9c690
CIRCLE: _ZNK12NavEKF3_core15getFilterFaultsERt @ 0x5e9060
CIRCLE: _ZNK11QuaternionTIdE6is_nanEv @ 0xa9c710
CIRCLE: _ZNK7Vector3IdE6is_nanEv @ 0xa9c810
CIRCLE: _ZNK7AP_EnumIN16AP_NavEKF_Source9SourceYawEEcvKS1_Ev @ 0xa9c8e0
CIRCLE: _ZN2AP3dalEv @ 0x5e9180
CIRCLE: _ZN6AP_DAL7compassEv @ 0xa9c930
CIRCLE: _ZNK14AP_DAL_Compass15get_num_enabledEv @ 0xa9c980
CIRCLE: _ZN6AP_DAL13get_singletonEv @ 0xa9c9d0
CIRCLE: _ZN7Matrix3IfEC2Ev @ 0xa9ce10
CIRCLE: _ZN7Vector3IfEC2Ev @ 0xa9cf00
CIRCLE: _ZN11QuaternionTIfEC2Ev @ 0xa9d080
CIRCLE: _ZN7Vector2IfEC2Ev @ 0xa9d0f0
CIRCLE: _ZN6AP_DAL4baroEv @ 0xa9d150
CIRCLE: _ZN6AP_DAL6beaconEv @ 0xa9d1f0
CIRCLE: _ZN6AP_DAL3gpsEv @ 0xa9d2b0
CIRCLE: _ZN6AP_DAL11rangefinderEv @ 0xa9d3c0
CIRCLE: _ZN6AP_DAL10visualodomEv @ 0xa9d410
CIRCLE: _ZNK12NavEKF2_core7healthyEv @ 0x5e9760
CIRCLE: _ZNK12NavEKF2_core15getFilterFaultsERt @ 0x5e9990
CIRCLE: _ZNK7Compass7healthyEh @ 0x5e9af0
CIRCLE: _ZNK7Compass11use_for_yawEh @ 0x5e9b90
CIRCLE: _ZNK7Compass9availableEv @ 0xa9d530
CIRCLE: _ZN14typesafe_indexIh12TAG_PriorityEC2Eh @ 0xa9d5b0
CIRCLE: _ZNK19RestrictIDTypeArrayI9AP_ParamTIaL11ap_var_type1EELj3E14typesafe_indexIh12TAG_PriorityEEixERKS5_ @ 0xa9d610
CIRCLE: _ZNK7AP_EnumIN7Compass9LearnTypeEEcvKS1_Ev @ 0xa9d690
CIRCLE: _ZNK14typesafe_indexIh12TAG_PriorityE7get_intEv @ 0xa9d6e0
CIRCLE: _ZNK7Compass10_get_stateE14typesafe_indexIh12TAG_PriorityE @ 0xa9d730
CIRCLE: _ZNK7Compass13_get_state_idE14typesafe_indexIh12TAG_PriorityE @ 0x5e9c70
CIRCLE: _ZNK19RestrictIDTypeArrayIN7Compass9mag_stateELj4E14typesafe_indexIh14TAG_StateIndexEEixERKS4_ @ 0xa9d7b0
CIRCLE: _ZNK14typesafe_indexIh14TAG_StateIndexE7get_intEv @ 0xa9d830
CIRCLE: _ZNK19RestrictIDTypeArrayIiLj3E14typesafe_indexIh12TAG_PriorityEEixERKS2_ @ 0xa9d880
CIRCLE: _ZN14typesafe_indexIh14TAG_StateIndexEC2Eh @ 0xa9d900
CIRCLE: _ZNK14typesafe_indexIh14TAG_StateIndexEltERKh @ 0xa9d960
CIRCLE: _ZN14typesafe_indexIh14TAG_StateIndexEppEi @ 0xa9d9d0
CIRCLE: _ZN7Compass13get_singletonEv @ 0xa9da40
CIRCLE: _ZNK7NavEKF211activeCoresEv @ 0xa9da80
CIRCLE: _ZNK11QuaternionTIfE13to_axis_angleER7Vector3IfE @ 0xa9dd70
CIRCLE: _ZNK7NavEKF311activeCoresEv @ 0xa9dec0
CIRCLE: _ZNK7AP_AHRS14always_use_EKFEv @ 0xa9df10
CIRCLE: _ZN11QuaternionTIfE20from_rotation_matrixERK7Matrix3IfE @ 0xa9dfd0
CIRCLE: _ZNK12NavEKF3_core11use_compassEv @ 0x5ea300
CIRCLE: _ZNK14AP_DAL_Compass11use_for_yawEh @ 0xa9e4e0
CIRCLE: _ZNK12NavEKF3_core20getRotationBodyToNEDER7Matrix3IfE @ 0x5ea3d0
CIRCLE: _ZNK11QuaternionTIdE15rotation_matrixER7Matrix3IfE @ 0xa9e550
CIRCLE: _ZNK6AP_DAL43get_rotation_vehicle_body_to_autopilot_bodyEv @ 0xa9e760
CIRCLE: _ZNK7Matrix3IfEmlERKS0_ @ 0xa9e7b0
CIRCLE: _ZN7Matrix3IfEC2ERK7Vector3IfES4_S4_ @ 0xa9ea20
CIRCLE: _ZL2sqf.4371 @ 0x5ea490
CIRCLE: _ZN7Vector3IfEdVEf @ 0xa9ead0
CIRCLE: _Z7wrap_PId @ 0x5ea4e0
CIRCLE: _ZN7Vector3IfEmLEf @ 0xa9eb60
CIRCLE: _Z8wrap_2PId @ 0x5ea570
CIRCLE: _ZN11QuaternionTIfEC2Effff @ 0xa9eea0
CIRCLE: _ZNK11QuaternionTIfE15rotation_matrixER7Matrix3IfE @ 0xa9ef50
CIRCLE: _ZNK7Matrix3IfE13mul_transposeERK7Vector3IfE @ 0xa9f140
CIRCLE: _ZNK7Vector3IfEmiERKS0_ @ 0xa9f250
CIRCLE: _Z20constrain_value_lineIfET_S0_S0_S0_j @ 0xa9f300
CIRCLE: _ZNK7AP_AHRS24get_rotation_body_to_nedEv @ 0xa9f420
CIRCLE: _ZN15AP_ExternalAHRS13get_singletonEv @ 0xa9f560
CIRCLE: _ZNK7NavEKF37healthyEv @ 0x5ea830
CIRCLE: _ZN2AP3insEv @ 0x5ea9a0
CIRCLE: _ZNK17AP_InertialSensor19get_gyro_health_allEv @ 0x5ea9e0
CIRCLE: _ZNK17AP_InertialSensor22gyro_calibrated_ok_allEv @ 0x5eaaa0
CIRCLE: _ZNK17AP_InertialSensor20get_accel_health_allEv @ 0x5eabb0
CIRCLE: _ZNK17AP_InertialSensor23accel_calibrated_ok_allEv @ 0x5eac70
CIRCLE: _ZNK10AP_GyroFFT16analysis_enabledEv @ 0xa9f720
CIRCLE: _ZN7Vector3IfEixEh @ 0xa9fab0
CIRCLE: _ZN10DigitalLPFIfE6_applyERKfS2_ @ 0xa9fe10
CIRCLE: _Z15constrain_int16sss @ 0xaa0410
CIRCLE: _Z15constrain_valueIsET_S0_S0_S0_ @ 0xaa04a0
CIRCLE: _ZNK10ByteBuffer5spaceEv @ 0x5ed8b0
CIRCLE: _ZN10ByteBuffer5writeEPKhj @ 0x5edb10
CIRCLE: _ZN10ByteBuffer7reserveEPNS_5IoVecEj @ 0x5edc30
CIRCLE: _ZN10ByteBuffer6commitEj @ 0x5ede60
CIRCLE: _ZNK10ByteBuffer8get_sizeEv @ 0xaa0550
CIRCLE: _ZNK17AP_InertialSensor14get_gyro_countEv @ 0xaa05e0
CIRCLE: _ZNK17AP_InertialSensor4_useEh @ 0xaa0650
CIRCLE: _ZNK17AP_InertialSensor8_gyro_idEh @ 0xaa06b0
CIRCLE: _ZN17AP_InertialSensor8_gyro_idEh @ 0xaa0710
CIRCLE: _ZN17AP_InertialSensor4_useEh @ 0xaa0780
CIRCLE: _ZL3MINIihEDTqultfp_fp0_fp_fp0_ERKT_RKT0_.4077 @ 0x5ee390
CIRCLE: _ZNK7AP_EnumIN22AP_InertialSensor_TCal6EnableEEcvKS1_Ev @ 0xaa0850
CIRCLE: _ZN17AP_InertialSensor4tcalEh @ 0xaa08a0
CIRCLE: _ZNK17AP_InertialSensor8get_gyroEv @ 0xaa0910
CIRCLE: _ZNK17AP_InertialSensor8use_gyroEh @ 0x5ee550
CIRCLE: _ZNK17AP_InertialSensor8get_gyroEh @ 0xaa0970
CIRCLE: _ZNK17AP_InertialSensor15get_gyro_healthEh @ 0xaa09e0
CIRCLE: _ZNK17AP_InertialSensor15get_accel_countEv @ 0xaa0a80
CIRCLE: _ZL3MINIihEDTqultfp_fp0_fp_fp0_ERKT_RKT0_ @ 0x5ee7d0
CIRCLE: _ZNK17AP_InertialSensor9get_accelEv @ 0xaa0af0
CIRCLE: _ZNK17AP_InertialSensor9use_accelEh @ 0x5ee860
CIRCLE: _ZNK17AP_InertialSensor9get_accelEh @ 0xaa0b50
CIRCLE: _ZNK17AP_InertialSensor16get_accel_healthEh @ 0xaa0bc0
CIRCLE: _ZNK17AP_InertialSensor13_accel_offsetEh @ 0xaa0c60
CIRCLE: _ZNK9AP_ParamVI7Vector3IfEL11ap_var_type5EE3getEv @ 0xaa0cc0
CIRCLE: _ZNK7Vector3IfE7is_zeroEv @ 0xaa0d10
CIRCLE: _ZNK17AP_InertialSensor12_accel_scaleEh @ 0xaa0dc0
CIRCLE: _ZNK17AP_InertialSensor9_accel_idEh @ 0xaa0e20
CIRCLE: _Z8is_equalIffENSt3__19enable_ifIXsr3std17is_floating_pointINS0_11common_typeIJT_T0_EE4typeEEE5valueEbE4typeES3_S4_ @ 0xaa0e80
CIRCLE: _ZN17AP_InertialSensor9_accel_idEh @ 0xaa0f00
CIRCLE: _ZN17AP_InertialSensor12_accel_scaleEh @ 0xaa0f70
CIRCLE: _ZN17AP_InertialSensor13_accel_offsetEh @ 0xaa0fe0
CIRCLE: _ZNK17AP_InertialSensor18gyro_calibrated_okEh @ 0xaa1050
CIRCLE: _ZN17AP_InertialSensor13get_singletonEv @ 0x5ee920
CIRCLE: _ZN13AP_ParamTBaseIiL11ap_var_type3EE3setERKi @ 0xaa1700
CIRCLE: _ZNK8AP_Param13find_var_infoEPjRPKNS_9GroupInfoERNS_12GroupNestingEPh @ 0x5f0390
CIRCLE: _ZNK8AP_Param14copy_name_infoEPKNS_4InfoEPKNS_9GroupInfoERKNS_12GroupNestingEhPcmb @ 0x5f0610
CIRCLE: _ZNK8AP_Param14send_parameterEPKc11ap_var_typeh @ 0x5f0870
CIRCLE: _ZNK8AP_Param13cast_to_floatE11ap_var_type @ 0x5f0a10
CIRCLE: _ZN3GCS20send_parameter_valueEPKc11ap_var_typef @ 0x5f0b00
CIRCLE: _ZL3MINImmEDTqultfp_fp0_fp_fp0_ERKT_RKT0_.7110 @ 0x5f0c40
CIRCLE: _ZN11GCS_MAVLINK14mav_param_typeE11ap_var_type @ 0x5f0cc0
CIRCLE: _ZN8AP_Param16count_parametersEv @ 0x5f0d50
CIRCLE: _ZN3GCS23send_to_active_channelsEjPKc @ 0x5f0f00
CIRCLE: _ZN9AP_Logger13get_singletonEv @ 0xaa1f60
CIRCLE: _ZN9AP_Logger15Write_ParameterEPKcf @ 0x5f1020
CIRCLE: _ZNK9AP_Logger10quiet_nanfEv @ 0xaa1fa0
CIRCLE: _ZN17AP_Logger_Backend15Write_ParameterEPKcff @ 0x5f1110
CIRCLE: _Z14strncpy_notermPcPKcm @ 0x5f1230
CIRCLE: _ZN17AP_Logger_Backend18WriteCriticalBlockEPKvt @ 0xaa1ff0
CIRCLE: _ZN17AP_Logger_Backend21WritePrioritisedBlockEPKvtbb @ 0x5f12e0
CIRCLE: _ZN17AP_Logger_Backend30validate_WritePrioritisedBlockEPKvt @ 0x5f14b0
CIRCLE: _ZN17AP_Logger_Backend9ShouldLogEb @ 0x5f16a0
CIRCLE: _ZN17AP_Logger_Backend21ensure_format_emittedEPKvt @ 0x5f1b40
CIRCLE: _ZNK17AP_Logger_Backend23message_type_from_blockEPKvtR11LogMessages @ 0x5f1c60
CIRCLE: _ZNK17AP_Logger_Backend28have_emitted_format_for_typeE11LogMessages @ 0xaa2070
CIRCLE: _ZNK7BitmaskILt256EE8validateEt @ 0xaa21a0
CIRCLE: _ZNK7BitmaskILt256EE3getEt @ 0xaa2230
CIRCLE: _ZNK6AP_HAL4Util14get_soft_armedEv @ 0xaa2300
CIRCLE: _ZN2AP6loggerEv @ 0x5f2760
CIRCLE: _Z7is_zeroI9AP_ParamTIfL11ap_var_type4EEEbT_ @ 0xaa2360
CIRCLE: _ZNK12AP_Scheduler5ticksEv @ 0xaa23c0
CIRCLE: _ZN6AP_HAL8millis16Ev @ 0x5f29b0
CIRCLE: _ZNK9AP_Logger13WritesEnabledEv @ 0xaa2520
CIRCLE: _ZNK19LoggerMessageWriter8finishedEv @ 0xaa2580
CIRCLE: _ZNK9AP_Logger15in_log_downloadEv @ 0x5f29f0
CIRCLE: _ZNK9AP_Logger16vehicle_is_armedEv @ 0xaa25e0
CIRCLE: mavlink_get_msg_entry @ 0x5f2c40
CIRCLE: _ZNK3GCS7num_gcsEv @ 0xaa2690
CIRCLE: _ZNK11GCS_MAVLINK10is_privateEv @ 0xaa26e0
CIRCLE: _ZNK11GCS_MAVLINK9is_activeEv @ 0xaa2740
CIRCLE: _ZN11GCS_MAVLINK12send_messageEPKcPK19__mavlink_msg_entry @ 0xaa27c0
CIRCLE: _ZN11GCS_MAVLINK18check_payload_sizeEt @ 0x5f2d60
CIRCLE: _mav_finalize_message_chan_send @ 0x5f2e10
CIRCLE: _Z26mavlink_get_channel_statush @ 0x5f3160
CIRCLE: _Z17_mav_trim_payloadPKch @ 0x5f3240
CIRCLE: _ZL13crc_calculatePKht @ 0x5f32e0
CIRCLE: _ZL21crc_accumulate_bufferPtPKct @ 0x5f3380
CIRCLE: _ZL14crc_accumulatehPt @ 0x5f3420
CIRCLE: _Z14comm_send_lock17mavlink_channel_tt @ 0x5f36b0
CIRCLE: _mavlink_send_uart @ 0x5f3770
CIRCLE: _Z16comm_send_unlock17mavlink_channel_t @ 0x5f37f0
CIRCLE: _Z16comm_send_buffer17mavlink_channel_tPKhh @ 0x5f3870
CIRCLE: _ZL13valid_channel17mavlink_channel_t @ 0x5f39e0
CIRCLE: _Z24gcs_out_of_space_to_send17mavlink_channel_t @ 0x5f3a90
CIRCLE: _ZN11GCS_MAVLINK20out_of_space_to_sendEv @ 0xaa2900
CIRCLE: _ZL8crc_initPt @ 0x5f43c0
CIRCLE: _ZN11GCS_MAVLINK14channel_statusEv @ 0xaa2960
CIRCLE: _ZNK11GCS_MAVLINK7txspaceEv @ 0xaa29b0
CIRCLE: _ZNK11GCS_MAVLINK15packet_overheadEv @ 0xaa2a50
CIRCLE: _ZN11GCS_MAVLINK20packet_overhead_chanE17mavlink_channel_t @ 0x5f4410
CIRCLE: _ZL3MINIjjEDTqultfp_fp0_fp_fp0_ERKT_RKT0_.7101 @ 0x5f44f0
CIRCLE: _ZN11GCS_MAVLINK10is_privateE17mavlink_channel_t @ 0xaa2ab0
CIRCLE: _ZN8AP_Param8var_infoEt @ 0xaa2b20
CIRCLE: _ZN8AP_Param14get_group_infoERKNS_4InfoE @ 0x5f4d70
CIRCLE: _ZN8AP_Param14get_group_infoERKNS_9GroupInfoE @ 0x5f5390
CIRCLE: _ZN8AP_Param19adjust_group_offsetEtRKNS_9GroupInfoERl @ 0x5f5410
CIRCLE: _ZN8AP_Param8group_idEPKNS_9GroupInfoEjhh @ 0x5f5530
CIRCLE: _ZN8AP_Param8get_baseERKNS_4InfoERl @ 0x5f5630
CIRCLE: _ZNK13AP_ParamTBaseIiL11ap_var_type3EE13cast_to_floatEv @ 0xaa2c60
CIRCLE: _ZNK8AP_Param19find_var_info_groupEPKNS_9GroupInfoEtjhlPjRS2_RNS_12GroupNestingEPh @ 0x5f57c0
CIRCLE: _ZN8AP_Param4saveEb @ 0x5f5cc0
CIRCLE: _ZN17AP_InertialSensor13caltemp_accelEh @ 0xaa2de0
CIRCLE: _ZNK17AP_InertialSensor15get_temperatureEh @ 0xaa2e50
CIRCLE: _ZN7Vector3IfE4zeroEv @ 0xaa30b0
CIRCLE: _ZNK7Vector3IfErmERKS0_ @ 0xaa3110
CIRCLE: _ZNK7Vector3IfEmlERKS0_ @ 0xaa31f0
CIRCLE: _Z9safe_sqrtIfEfT_ @ 0xaa3280
CIRCLE: _ZN11QuaternionTIfE9normalizeEv @ 0xaa3330
CIRCLE: _ZNK11QuaternionTIfE14get_euler_rollEv @ 0xaa3410
CIRCLE: _ZNK11QuaternionTIfE15get_euler_pitchEv @ 0xaa34c0
CIRCLE: _Z9safe_asinIfEfT_ @ 0xaa3530
CIRCLE: _ZNK11QuaternionTIfE6lengthEv @ 0xaa3610
CIRCLE: _ZN7Vector3IfE6rotateE8Rotation @ 0xaa3720
CIRCLE: _ZNK7Matrix3IfEmlERK7Vector3IfE @ 0xaa4700
CIRCLE: _ZN7Matrix3IfE10from_eulerEfff @ 0xaa48a0
CIRCLE: _ZN7Matrix3IfEC2Efffffffff @ 0xaa4ad0
CIRCLE: _ZNK7Vector3IfEplERKS0_ @ 0xaa4c00
CIRCLE: _ZNK7Vector3IfEdvEf @ 0xaa4cb0
CIRCLE: _ZNK7AP_AHRS13get_pitch_radEv @ 0xaa4da0
CIRCLE: _Z4normIffJEEdT_T0_DpKT1_ @ 0xaa4e90
CIRCLE: _ZN7Vector3IfEpLERKS0_ @ 0xaa4f00
CIRCLE: _ZN15ObjectBuffer_TSIN8AP_Param10param_saveEE4peekERS1_ @ 0xaa4fa0
CIRCLE: _ZN15ObjectBuffer_TSIN8AP_Param10param_saveEE4pushERKS1_ @ 0xaa5050
CIRCLE: _ZN10ByteBuffer9peekbytesEPhj @ 0x5f6d50
CIRCLE: _ZN10ByteBuffer9peekiovecEPNS_5IoVecEj @ 0x5f6e60
CIRCLE: _ZNK10ByteBuffer9availableEv @ 0x5f6fb0
CIRCLE: _ZN10ByteBuffer7readptrERj @ 0x5f7290
CIRCLE: _ZNK7Vector3IfEngEv @ 0xaa5130
CIRCLE: _ZN2AP4sitlEv @ 0x5f7690
CIRCLE: _ZN2AP4baroEv @ 0x5f76d0
CIRCLE: _ZNK7AP_Baro11all_healthyEv @ 0x5f78e0
CIRCLE: _ZNK6AP_GPS6statusEv @ 0xaa5210
CIRCLE: _ZNK7AP_Baro12get_pressureEv @ 0xaa5270
CIRCLE: _ZNK7AP_Baro23get_altitude_differenceEff @ 0x5f7990
CIRCLE: _ZNK7AP_Baro26get_altitude_from_pressureEf @ 0x5f7a30
CIRCLE: _ZL33find_atmosphere_layer_by_pressuref @ 0x5f7c90
CIRCLE: _ZNK7AP_Baro17get_altitude_AMSLEv @ 0xaa52d0
CIRCLE: _ZN7AP_Baro29geopotential_alt_to_geometricEf @ 0x5f7d40
CIRCLE: _ZNK7AP_Baro17get_altitude_AMSLEh @ 0xaa5330
CIRCLE: _ZNK7AP_Baro12get_altitudeEh @ 0xaa53a0
CIRCLE: _ZNK7AP_Baro12get_pressureEh @ 0xaa5410
CIRCLE: _ZNK7AP_Baro7healthyEh @ 0x5f7da0
CIRCLE: _ZN7AP_Baro13get_singletonEv @ 0xaa5480
CIRCLE: _ZN4SITL3SIM13get_singletonEv @ 0xaa54c0
CIRCLE: _ZNK9AP_Logger15logging_presentEv @ 0x5f8480
CIRCLE: _ZNK9AP_Logger15logging_startedEv @ 0x5f8570
CIRCLE: _ZNK11RC_Channels17option_is_enabledENS_6OptionE @ 0xaa55d0
CIRCLE: _ZNK11RC_Channels16get_roll_channelEv @ 0x5f87d0
CIRCLE: _ZNK11RC_Channels17get_pitch_channelEv @ 0x5f8840
CIRCLE: _ZNK11RC_Channels15get_yaw_channelEv @ 0x5f88b0
CIRCLE: _ZNK10RC_Channel14get_control_inEv @ 0xaa5650
CIRCLE: _ZNK11RC_Channels20get_throttle_channelEv @ 0x5f8920
CIRCLE: _ZN11RC_Channels23find_channel_for_optionEN10RC_Channel8AUX_FUNCE @ 0x5f8990
CIRCLE: _ZN2AP5rcmapEv @ 0x5f8c10
CIRCLE: _ZNK8RCMapper8throttleEv @ 0xaa5700
CIRCLE: _ZNK11RC_Channels25get_rcmap_channel_nonnullEh @ 0x5f8c50
CIRCLE: _ZN11RC_Channels10rc_channelEh @ 0xaa5760
CIRCLE: _ZN8RCMapper13get_singletonEv @ 0xaa57c0
CIRCLE: _ZNK8RCMapper3yawEv @ 0xaa5800
CIRCLE: _ZNK8RCMapper5pitchEv @ 0xaa5860
CIRCLE: _ZNK8RCMapper4rollEv @ 0xaa58c0
CIRCLE: _ZNK11RC_Channels19flight_mode_channelEv @ 0x5f8ce0
CIRCLE: _ZNK10RC_Channel11get_reverseEv @ 0x5f93b0
CIRCLE: _ZNK5Plane21flight_option_enabledE13FlightOptions @ 0x5f9980
CIRCLE: _ZNK10AP_Mission28get_in_landing_sequence_flagEv @ 0xaa5ca0
CIRCLE: _ZNK9QuadPlane7enabledEv @ 0xaa5d80
CIRCLE: _ZNK10Tailsitter7enabledEv @ 0xaa5df0
CIRCLE: _Z11is_positiveI9AP_ParamTIfL11ap_var_type4EEEbT_ @ 0xaa6080
CIRCLE: _ZN11AP_Airspeed13get_singletonEv @ 0xaa64d0
CIRCLE: _ZNK11AP_Airspeed7enabledEh @ 0x5faf70
CIRCLE: _ZNK11AP_Airspeed3useEh @ 0x5fb030
CIRCLE: _ZNK11AP_Airspeed7healthyEh @ 0x5fb160
CIRCLE: _ZNK7AP_EnumIN18AP_Airspeed_Params11SkipCalTypeEEcvKS1_Ev @ 0xaa6510
CIRCLE: _ZNK11AP_Airspeed11lib_enabledEv @ 0x5fb2e0
CIRCLE: _ZN12SRV_Channels17get_output_scaledEN11SRV_Channel8FunctionE @ 0x5fb330
CIRCLE: _ZNK10RC_Channel12get_radio_inEv @ 0xaa65a0
CIRCLE: _ZN2AP5fenceEv @ 0x5fd3a0
CIRCLE: _ZNK8AC_Fence7presentEv @ 0x5fd980
CIRCLE: _ZNK8AC_Fence7enabledEv @ 0xaa66b0
CIRCLE: _ZNK19AC_PolyFence_loader17total_fence_countEv @ 0xaa6900
CIRCLE: _ZNK7Vector2IfEmiERKS0_ @ 0xaa7030
CIRCLE: _ZNK7Vector2IfEmlERKS0_ @ 0xaa72a0
CIRCLE: _ZNK7Vector2IfEmlEf @ 0xaa7320
CIRCLE: _ZN7Vector2IfEC2Eff @ 0xaa73a0
CIRCLE: _ZNK8Location15get_distance_NEERKS_ @ 0x5ff000
CIRCLE: _ZNK19AC_PolyFence_loader27get_exclusion_polygon_countEv @ 0xaa74d0
CIRCLE: _ZNK19AC_PolyFence_loader27get_inclusion_polygon_countEv @ 0xaa7520
CIRCLE: _ZNK19AC_PolyFence_loader26get_exclusion_circle_countEv @ 0xaa7570
CIRCLE: _ZNK19AC_PolyFence_loader26get_inclusion_circle_countEv @ 0xaa75c0
CIRCLE: _ZN8AC_Fence13get_singletonEv @ 0xaa7610
CIRCLE: _ZN2AP10visualodomEv @ 0x5ff1c0
CIRCLE: _ZNK13AP_VisualOdom7enabledEv @ 0x5ff330
CIRCLE: _ZNK7AP_EnumIN13AP_VisualOdom15VisualOdom_TypeEEcvKS1_Ev @ 0xaa7650
CIRCLE: _ZN13AP_VisualOdom13get_singletonEv @ 0xaa76a0
CIRCLE: _ZN6AP_HAL6microsEv @ 0x5ff7a0
CIRCLE: _ZN2AP5mountEv @ 0x5ff7e0
CIRCLE: _ZN8AP_Mount13get_singletonEv @ 0xaa7720
CIRCLE: _ZN2AP3osdEv @ 0x5ffa40
CIRCLE: _ZN6AP_OSD13get_singletonEv @ 0xaa77c0
CIRCLE: _ZN2AP9generatorEv @ 0x5ffd90
CIRCLE: _ZN12AP_Generator13get_singletonEv @ 0x5fff50
CIRCLE: _ZN2AP3canEv @ 0x5fff90
CIRCLE: _ZNK13AP_CANManager15get_num_driversEv @ 0xaa78b0
CIRCLE: _ZNK13AP_CANManager15get_driver_typeEh @ 0xaa7900
CIRCLE: _ZN13AP_CANManager13get_singletonEv @ 0xaa7b90
CIRCLE: _ZNK10AP_Terrain14get_statisticsERtS0_ @ 0x600a70
CIRCLE: _ZNK10AP_Terrain10bitcount64Em @ 0x600c60
CIRCLE: _ZNK11SRV_Channel12get_functionEv @ 0xaa7cd0
CIRCLE: _ZNK11SRV_Channel14get_output_minEv @ 0xaa7d90
CIRCLE: _ZNK11SRV_Channel14get_output_maxEv @ 0xaa7de0
CIRCLE: _ZN11SRV_Channel13should_e_stopENS_8FunctionE @ 0x600d50
CIRCLE: _ZN11RangeFinder13get_singletonEv @ 0xaa7e80
CIRCLE: _ZNK9AP_Logger14logging_failedEv @ 0x601380
CIRCLE: _ZN2AP7batteryEv @ 0x601500
CIRCLE: _ZNK14AP_BattMonitor15configured_typeEh @ 0xaa7f70
CIRCLE: _ZNK14AP_BattMonitor14allocated_typeEh @ 0xaa7fe0
CIRCLE: _ZNK22AP_BattMonitor_Backend20check_failsafe_typesERbS0_S0_S0_ @ 0x601c30
CIRCLE: _ZNK21AP_BattMonitor_Params23failsafe_voltage_sourceEv @ 0xaa80c0
CIRCLE: _ZL3MAXIffEDTqugtfp_fp0_fp_fp0_ERKT_RKT0_.19313 @ 0x602040
CIRCLE: _ZN14AP_BattMonitor13get_singletonEv @ 0xaa8120
CIRCLE: _ZNK7Compass14is_calibratingEv @ 0x6020c0
CIRCLE: _ZNK7Compass7healthyEv @ 0xaa81c0
CIRCLE: _ZNK7Compass21learn_offsets_enabledEv @ 0xaa8220
CIRCLE: _ZNK7Compass9get_fieldEv @ 0xaa8350
CIRCLE: _ZNK7Compass10consistentEv @ 0x602480
CIRCLE: _ZN14AP_Declination18get_earth_field_gaERK8Location @ 0x602720
CIRCLE: _ZNK7Vector3IfEmlEf @ 0xaa83b0
CIRCLE: _ZN14AP_Declination16get_mag_field_efEffRfS0_S0_ @ 0x6029c0
CIRCLE: _ZL7radiansf.3485 @ 0x602fc0
CIRCLE: _Z15constrain_int32iii @ 0xaa8450
CIRCLE: _Z15constrain_valueIiET_S0_S0_S0_ @ 0xaa84c0
CIRCLE: _ZN11AP_AHRS_DCM11use_compassEv @ 0x603130
CIRCLE: _ZNK7AP_AHRS15get_fly_forwardEv @ 0xaa85b0
CIRCLE: _ZNK11AP_AHRS_DCM8have_gpsEv @ 0x6032e0
CIRCLE: _ZNK6AP_GPS12ground_speedEv @ 0xaa8610
CIRCLE: _ZL7degreesf.2589 @ 0x603370
CIRCLE: _ZNK6AP_GPS13ground_courseEv @ 0xaa8670
CIRCLE: _Z8wrap_180IfET_S0_ @ 0xaa86d0
CIRCLE: _Z8wrap_360f @ 0x6033c0
CIRCLE: _ZNK6AP_GPS13ground_courseEh @ 0xaa8760
CIRCLE: _ZNK6AP_GPS12ground_speedEh @ 0xaa87d0
CIRCLE: _ZNK7AP_EnumI6GPSUseEcvKS0_Ev @ 0xaa8840
CIRCLE: _ZNK12NavEKF2_core11use_compassEv @ 0x603440
CIRCLE: _ZNK7Vector3IfE2xyEv @ 0xaa8890
CIRCLE: _ZNK7Compass9get_countEv @ 0xaa88e0
CIRCLE: _ZNK7Compass9get_fieldEh @ 0xaa8930
CIRCLE: _ZNK7Vector2IfE7is_zeroEv @ 0xaa89b0
CIRCLE: _ZNK7Vector3IfE5angleERKS0_ @ 0xaa8a40
CIRCLE: _ZL7radiansf.3200 @ 0x6034e0
CIRCLE: _ZNK7Vector2IfE5angleERKS0_ @ 0xaa8b50
CIRCLE: _ZNK7Vector2IfE6lengthEv @ 0xaa8c70
CIRCLE: _ZNK7Compass11get_offsetsEh @ 0xaa8cd0
CIRCLE: _ZNK9AP_ParamVI7Vector3IfEL11ap_var_type5EEcvRKS1_Ev @ 0xaa8d50
CIRCLE: _ZNK14typesafe_indexIh12TAG_PriorityEltERKh @ 0xaa8da0
CIRCLE: _ZNK14typesafe_indexIh12TAG_PriorityEcvhEv @ 0xaa8e90
CIRCLE: _ZNK14typesafe_indexIh12TAG_PriorityEplERKh @ 0xaa8ee0
CIRCLE: _ZN14typesafe_indexIh12TAG_PriorityEppEi @ 0xaa8fe0
CIRCLE: _ZN19RestrictIDTypeArrayIN7Compass9mag_stateELj4E14typesafe_indexIh14TAG_StateIndexEEixERKS4_ @ 0xaa9050
CIRCLE: _ZN8AP_Param7set_keyERNS_12Param_headerEt @ 0x603a40
CIRCLE: _ZN8AP_Param4scanEPKNS_12Param_headerEPt @ 0x603ad0
CIRCLE: _ZN8AP_Param9type_sizeE11ap_var_type @ 0x603c60
CIRCLE: _ZNK13StorageAccess4sizeEv @ 0xaa9140
CIRCLE: _ZN8AP_Param7get_keyERKNS_12Param_headerE @ 0x603d00
CIRCLE: _ZN8AP_Param11is_sentinalERKNS_12Param_headerE @ 0x603d70
CIRCLE: _ZNK19RestrictIDTypeArrayIP17CompassCalibratorLj3E14typesafe_indexIh12TAG_PriorityEEixERKS4_ @ 0xaa9190
CIRCLE: _ZN5Plane9is_flyingEv @ 0x603ec0
CIRCLE: _ZNK9AP_Arming14option_enabledENS_6OptionE @ 0xaa9340
CIRCLE: _ZN15AP_Arming_Plane17update_soft_armedEv @ 0x604400
CIRCLE: _ZNK9AP_Arming8is_armedEv @ 0x604840
CIRCLE: _ZN9AP_Logger17set_vehicle_armedEb @ 0x6048c0
CIRCLE: _ZNK9AP_Arming22get_rudder_arming_typeEv @ 0xaa9420
CIRCLE: _ZN8AC_Fence12clear_breachEh @ 0x605180
CIRCLE: _ZN9AP_Logger18WriteCriticalBlockEPKvt @ 0x6051f0
CIRCLE: _ZNK9AP_Arming23is_armed_and_safety_offEv @ 0x6052a0
CIRCLE: _ZNK9QuadPlane14is_flying_vtolEv @ 0x605330
CIRCLE: _ZNK9QuadPlane12in_vtol_modeEv @ 0x6054d0
CIRCLE: _ZNK9QuadPlane15PosControlState9get_stateEv @ 0xaa9650
CIRCLE: _ZNK9QuadPlane12in_vtol_autoEv @ 0x605750
CIRCLE: _ZNK10AP_Mission19get_current_nav_cmdEv @ 0xaa96a0
CIRCLE: _ZNK9QuadPlane20in_vtol_land_descentEv @ 0x605cb0
CIRCLE: _ZN5Plane18update_current_locEv @ 0x6064e0
CIRCLE: _ZNK7AP_AHRS11get_yaw_degEv @ 0xaa9840
CIRCLE: _ZNK7AP_AHRS28get_relative_position_D_homeERf @ 0x6066f0
CIRCLE: _ZNK7AP_Baro12get_altitudeEv @ 0xaa9890
CIRCLE: _ZNK7AP_AHRS30get_relative_position_D_originERd @ 0x606890
CIRCLE: _ZNK7AP_AHRS11_get_originER8Location @ 0x6069d0
CIRCLE: _ZNK7AP_AHRS11_get_originENS_7EKFTypeER8Location @ 0x606ab0
CIRCLE: _ZNK7NavEKF312getOriginLLHER8Location @ 0x606d80
CIRCLE: _ZNK8Location11initialisedEv @ 0xaa98f0
CIRCLE: _ZNK12NavEKF3_core12getOriginLLHER8Location @ 0x607060
CIRCLE: _ZNK12NavEKF2_core12getOriginLLHER8Location @ 0x607150
CIRCLE: _ZNK8Location7is_zeroEv @ 0x607230
CIRCLE: _ZNK7NavEKF37getPosDERd @ 0x6073f0
CIRCLE: _ZNK7Vector3IfE8todoubleEv @ 0xaa9980
CIRCLE: _ZN7Vector3IdEmLEd @ 0xaa9a00
CIRCLE: _ZN8Location13offset_latlngERiS0_dd @ 0x6078c0
CIRCLE: _ZN8Location15limit_lattitudeEi @ 0x6079c0
CIRCLE: _ZN8Location14wrap_longitudeEl @ 0x607a60
CIRCLE: _ZN7Vector3IdEC2Eddd @ 0xaa9a90
CIRCLE: _ZNK12NavEKF3_core7getPosDERd @ 0x607b00
CIRCLE: _ZNK12NavEKF3_core13getPosD_localERd @ 0x607bd0
CIRCLE: _ZNK12NavEKF2_core7getPosDERd @ 0x607c60
CIRCLE: _ZN7Vector3IdEC2Ev @ 0xaa9b20
CIRCLE: _ZNK11AP_AHRS_DCM12get_locationER8Location @ 0x607e50
CIRCLE: _ZN8Location6offsetEdd @ 0x608180
CIRCLE: _ZNK6AP_GPS7get_lagERf @ 0xaa9b80
CIRCLE: _ZNK6AP_GPS7get_lagEhRf @ 0x608210
CIRCLE: _ZN3GCS12send_messageE10ap_message @ 0x608610
CIRCLE: _ZNK13StorageAccess11write_blockEtPKvm @ 0x608c50
CIRCLE: _ZN11GCS_MAVLINK12send_messageE10ap_message @ 0x608f40
CIRCLE: _ZN11GCS_MAVLINK22save_signing_timestampEb @ 0x609050
CIRCLE: _ZNK11GCS_MAVLINK12is_streamingEv @ 0xaa9d10
CIRCLE: _ZN7BitmaskILt91EE3setEt @ 0xaa9d70
CIRCLE: _ZNK7BitmaskILt91EE8validateEt @ 0xaa9e30
CIRCLE: _ZN11GCS_MAVLINK16signing_key_loadER10SigningKey @ 0x609180
CIRCLE: _ZNK7AP_AHRS10get_originER8Location @ 0x6092e0
CIRCLE: _ZNK8Location10get_alt_cmENS_8AltFrameERi @ 0x609450
CIRCLE: _ZN9AP_Logger10WriteBlockEPKvt @ 0x609790
CIRCLE: _ZN17AP_Logger_Backend10WriteBlockEPKvt @ 0xaa9ec0
CIRCLE: _ZNK8Location13get_alt_frameEv @ 0x609840
CIRCLE: _ZN2AP7terrainEv @ 0x609920
CIRCLE: _ZN10AP_Terrain11height_amslERK8LocationRfb @ 0x609960
CIRCLE: _ZN10AP_Terrain8allocateEv @ 0x609da0
CIRCLE: _ZNK10AP_Terrain19calculate_grid_infoERK8LocationRNS_9grid_infoE @ 0x609ec0
CIRCLE: _ZN10AP_Terrain15find_grid_cacheERKNS_9grid_infoE @ 0x60a330
CIRCLE: _ZN10AP_Terrain12check_bitmapERKNS_10grid_blockEhh @ 0x60a640
CIRCLE: _ZN10AP_Terrain11grid_bitnumEhh @ 0x60a700
CIRCLE: _ZNK10AP_DAL_GPS8locationEv @ 0xaaa000
CIRCLE: _ZNK10AP_DAL_GPS8locationEh @ 0xaaa060
CIRCLE: _ZN6AP_DAL9end_frameEv @ 0x60b020
CIRCLE: _ZN6AP_DAL15WriteLogMessageE11LogMessagesPvPKvh @ 0x60b0a0
CIRCLE: _ZN9AP_Logger16WriteReplayBlockEhPKvt @ 0x60b1c0
CIRCLE: _ZNK9AP_Logger10log_replayEv @ 0xaaa0d0
CIRCLE: _ZNK11AP_Airspeed7healthyEv @ 0xaaa190
CIRCLE: _ZNK7AP_Baro15get_temperatureEh @ 0xaaa270
CIRCLE: _ZN11AP_Airspeed15get_temperatureEhRf @ 0x60b8a0
CIRCLE: _ZNK7AP_AHRS17get_filter_statusER17nav_filter_status @ 0x60bc90
CIRCLE: _ZNK7AP_AHRS16get_velocity_NEDER7Vector3IfE @ 0x60bdc0
CIRCLE: _ZN10AP_Terrain23update_reference_offsetEv @ 0x60be40
CIRCLE: _ZNK9AP_ParamTIfL11ap_var_type4EEngEv @ 0xaaa340
CIRCLE: _ZNK7NavEKF315getFilterStatusER17nav_filter_status @ 0x60c130
CIRCLE: _ZNK15AP_ExternalAHRS17get_filter_statusER17nav_filter_status @ 0x60c420
CIRCLE: _ZNK12NavEKF3_core15getFilterStatusER17nav_filter_status @ 0x60c5b0
CIRCLE: _ZNK12NavEKF2_core15getFilterStatusER17nav_filter_status @ 0x60c620
CIRCLE: _ZNK9AP_Arming18get_enabled_checksEv @ 0x60c690
CIRCLE: _ZN7HALSITL9Semaphore4takeEj @ 0x60c7f0
CIRCLE: _ZN7HALSITL9Semaphore16take_nonblockingEv @ 0x60c990
CIRCLE: _ZN6AP_HAL9Semaphore13take_blockingEv @ 0xaaab70
CIRCLE: _ZN7HALSITL9Semaphore4giveEv @ 0x60ca20
CIRCLE: _ZN4SITL6AS56006updateERKNS_8AircraftE @ 0x60de50
CIRCLE: _ZNK4SITL8Aircraft12get_attitudeER11QuaternionTIfE @ 0xaaba10
CIRCLE: _ZL7degreesf.21535 @ 0x60e220
CIRCLE: _ZN4SITL17I2CRegisters_8Bit12set_registerEhh @ 0x60e280
CIRCLE: _ZN4SITL9I2CDevice6updateERKNS_8AircraftE @ 0xaabc00
CIRCLE: _ZN4SITL13TeraRangerI2C6updateERKNS_8AircraftE @ 0xaabda0
CIRCLE: _ZNK4SITL8Aircraft17rangefinder_rangeEv @ 0x60e940
CIRCLE: _Z10rand_floatv @ 0x60ec20
CIRCLE: _ZN4SITL7INA32216updateERKNS_8AircraftE @ 0x60ef00
CIRCLE: _ZL15convert_voltagef @ 0x60f380
CIRCLE: _ZL15convert_currentf @ 0x60f450
CIRCLE: _ZN4SITL8QMC5883L6updateERKNS_8AircraftE @ 0x60f6b0
CIRCLE: _ZN7Vector3IfE14rotate_inverseE8Rotation @ 0xaabe10
CIRCLE: _ZL7htole16t.15963 @ 0x60fac0
CIRCLE: _ZN7Vector3IsEC2Esss @ 0xaabfc0
CIRCLE: _ZN4SITL10IS31FL31956updateERKNS_8AircraftE @ 0x60fd30
CIRCLE: _ZN4SITL17I2CRegisters_8Bit12get_registerEh @ 0xaac160
CIRCLE: _ZN10SIM_RGBLED11set_coloursEhhh @ 0xaac1c0
CIRCLE: _ZN4SITL6LM27556updateERKNS_8AircraftE @ 0x610a10
CIRCLE: _ZNK4SITL6LM275510LEDChannel13current_valueEv @ 0xaac3d0
CIRCLE: _ZN4SITL6LP55626updateERKNS_8AircraftE @ 0x610fc0
CIRCLE: _ZN4SITL6LP556210LEDChannel6updateEv @ 0x6112d0
CIRCLE: _ZNK4SITL6LP556210LEDChannel13current_valueEv @ 0xaac650
CIRCLE: _ZN4SITL6MS5XXX6updateERKNS_8AircraftE @ 0x6113b0
CIRCLE: _ZN7AP_Baro37get_pressure_temperature_for_alt_amslEfRfS0_ @ 0x612360
CIRCLE: _ZN7AP_Baro29geometric_alt_to_geopotentialEf @ 0x612540
CIRCLE: _ZL33find_atmosphere_layer_by_altitudef @ 0x6125a0
CIRCLE: _ZN7AP_Baro33get_temperature_by_altitude_layerEfa @ 0x612650
CIRCLE: _ZN7AP_Baro29get_temperatureC_for_alt_amslEf @ 0x6131d0
CIRCLE: _ZN4SITL12InvensenseV36updateERKNS_8AircraftE @ 0x613240
CIRCLE: _ZNK4SITL8ICM4060911accel_scaleEv @ 0xaacba0
CIRCLE: _ZL7radiansd.15405 @ 0x613d00
CIRCLE: _ZNK4SITL12InvensenseV310gyro_scaleEv @ 0xaacbf0
CIRCLE: _ZN4SITL12InvensenseV313write_to_fifoEhPhh @ 0x613d50
CIRCLE: _ZN4SITL7MCP96006updateERKNS_8AircraftE @ 0x6142b0
CIRCLE: _ZL7htobe16t.15309 @ 0x614880
CIRCLE: _ZL10__bswap_16t.15311 @ 0x6148d0
CIRCLE: _ZNK4SITL31I2CRegisters_ConfigurableLength13get_reg_valueEhRh @ 0x614940
CIRCLE: _ZN4SITL6TSYS036updateERKNS_8AircraftE @ 0x614d90
CIRCLE: _ZN4SITL6TSYS016updateERKNS_8AircraftE @ 0x6157e0
CIRCLE: _ZN4SITL5SHT3x6updateERKNS_8AircraftE @ 0x616410
CIRCLE: _ZN4SITL13Airspeed_DLVR6updateERKNS_8AircraftE @ 0x616c90
CIRCLE: _ZN4SITL29SIM_BattMonitor_SMBus_Generic6updateERKNS_8AircraftE @ 0x617770
CIRCLE: _ZNK4SITL29SIM_BattMonitor_SMBus_Generic15connected_cellsEv @ 0xaad4e0
CIRCLE: _ZN4SITL21SIM_BattMonitor_SMBus6updateERKNS_8AircraftE @ 0x617fd0
CIRCLE: _ZNK4SITL8Aircraft19get_battery_voltageEv @ 0xaad530
CIRCLE: _ZN4SITL11SMBusDevice12set_registerEht @ 0xaad580
CIRCLE: _ZN4SITL18I2CRegisters_16Bit12set_registerEht @ 0x6180e0
CIRCLE: _ZN4SITL11SMBusDevice12set_registerEhs @ 0xaad600
CIRCLE: _ZN4SITL18I2CRegisters_16Bit12set_registerEhs @ 0x618190
CIRCLE: _ZN4SITL6Rotoye6updateERKNS_8AircraftE @ 0x618430
CIRCLE: _ZN4SITL11SMBusDevice13get_reg_valueEh @ 0xaad8b0
CIRCLE: _ZN4SITL18I2CRegisters_16Bit13get_reg_valueEh @ 0xaad920
CIRCLE: _ZL7be16toht.21586 @ 0x618500
CIRCLE: _ZL10__bswap_16t.21587 @ 0x618550
CIRCLE: _ZNK4SITL6Maxell15connected_cellsEv @ 0xaad9e0
CIRCLE: _ZN4SITL13MaxSonarI2CXL6updateERKNS_8AircraftE @ 0xaadb20
CIRCLE: _ZN4SITL10ToshibaLED6updateERKNS_8AircraftE @ 0x618810
CIRCLE: _ZNK6AP_HAL3HAL6serialEh @ 0xaae560
CIRCLE: _ZL14fill_stack_nanv @ 0x6192d0
CIRCLE: _ZN7HALSITL9Scheduler13_run_io_procsEv @ 0x619650
CIRCLE: _ZNK7FunctorIvJEEcvbEv @ 0xaae670
CIRCLE: _ZNK7FunctorIvJEEclEv @ 0xaae6d0
CIRCLE: _ZN7HALSITL16I2CDeviceManager11_timer_tickEv @ 0x619860
CIRCLE: _ZN2AP2RCEv @ 0x619900
CIRCLE: _ZN13AP_RCProtocol6updateEv @ 0x6199b0
CIRCLE: _ZN13AP_RCProtocol16check_added_uartEv @ 0x619a00
CIRCLE: _ZNK13AP_RCProtocol13should_searchEj @ 0x619c70
CIRCLE: _ZN21AP_RCProtocol_Backend9new_inputEv @ 0x61a3b0
CIRCLE: _ZNK17AP_RCProtocol_FDM6activeEv @ 0xaae970
CIRCLE: _ZN6I2CBus11_timer_tickEv @ 0x61a5c0
CIRCLE: _ZN9AP_Logger6WriteVEPKcS1_S1_S1_S1_P13__va_list_tagbb @ 0x61a6f0
CIRCLE: _ZN9AP_Logger16msg_fmt_for_nameEPKcS1_S1_S1_S1_bb @ 0x61a8f0
CIRCLE: _ZN17AP_Logger_Backend5WriteEhP13__va_list_tagbb @ 0x61b1e0
CIRCLE: _ZNK9AP_Logger24assert_same_fmt_for_nameEPKNS_13log_write_fmtEPKcS4_S4_S4_S4_ @ 0x61bd60
CIRCLE: _ZN3GCS14update_receiveEv @ 0x61d0d0
CIRCLE: _ZN3GCS11update_sendEv @ 0x61d180
CIRCLE: _ZN19MissionItemProtocol6updateEv @ 0x61d4c0
CIRCLE: _ZN11GCS_MAVLINK11update_sendEv @ 0x61d690
CIRCLE: _ZN3GCS18service_statustextEv @ 0x61da70
CIRCLE: _ZN3GCS15StatusTextQueue9semaphoreEv @ 0xaaebd0
CIRCLE: _ZNK11ObjectArrayIN3GCS12statustext_tEE8is_emptyEv @ 0xaaec20
CIRCLE: _Z14comm_chan_lock17mavlink_channel_t @ 0x61df50
CIRCLE: _ZL16mav_array_memcpyPvPKvm.7264 @ 0x61e090
CIRCLE: _ZN9AP_Logger15handle_log_sendEv @ 0x61e130
CIRCLE: _ZN22GCS_MAVLINK_InProgress11check_tasksEv @ 0x61e800
CIRCLE: _ZNK3GCS11out_of_timeEv @ 0x61e9f0
CIRCLE: _ZN11GCS_MAVLINK30deferred_message_to_send_indexEt @ 0x61ead0
CIRCLE: _ZN11GCS_MAVLINK19do_try_send_messageE10ap_message @ 0x61ecb0
CIRCLE: _ZNK7BitmaskILt91EE9first_setEv @ 0xaaefc0
CIRCLE: _ZN7BitmaskILt91EE5clearEt @ 0xaaf090
CIRCLE: _ZN11GCS_MAVLINK36next_deferred_bucket_message_to_sendEt @ 0x61ede0
CIRCLE: _ZNK7BitmaskILt91EE5countEv @ 0xaaf150
CIRCLE: _ZNK11GCS_MAVLINK26get_reschedule_interval_msERKNS_25deferred_message_bucket_tE @ 0x61ef10
CIRCLE: _ZN11GCS_MAVLINK24find_next_bucket_to_sendEt @ 0x61f010
CIRCLE: _ZN7BitmaskILt91EEaSERKS0_ @ 0xaaf220
CIRCLE: _ZNK11GCS_MAVLINK24requesting_mission_itemsEv @ 0x61f1e0
CIRCLE: _ZN7GCS_FTP16get_last_send_msE17mavlink_channel_t @ 0x61f2d0
CIRCLE: _ZNK11GCS_MAVLINK17telemetry_delayedEv @ 0x61f470
CIRCLE: _ZNK3GCS11telem_delayEv @ 0xaaf360
CIRCLE: _ZN14AP_BoardConfig15in_config_errorEv @ 0xaaf3c0
CIRCLE: _ZNK12AP_Scheduler19time_available_usecEv @ 0x61f540
CIRCLE: _ZN2AP2FSEv @ 0x61f7c0
CIRCLE: _ZN19AP_Filesystem_Posix5writeEiPKvj @ 0x61fb60
CIRCLE: _ZN21AP_Filesystem_Backend17bytes_until_fsyncEi @ 0xaaf400
CIRCLE: _ZN19AP_Filesystem_Posix9disk_freeEPKc @ 0x620350
CIRCLE: _ZNK21AP_Filesystem_Backend15file_op_allowedEv @ 0x620a80
CIRCLE: _ZL12map_filenamePKc @ 0x620b20
CIRCLE: _ZL17map_filename_freePKc @ 0x620bc0
CIRCLE: _Z16comm_get_txspace17mavlink_channel_t @ 0x620d10
CIRCLE: _ZL28mavlink_msg_command_ack_send17mavlink_channel_tthhihh @ 0x620da0
CIRCLE: _ZN11GCS_MAVLINK23set_ap_message_intervalE10ap_messaget @ 0x621210
CIRCLE: _ZNK11GCS_MAVLINK20cap_message_intervalEt @ 0x621630
CIRCLE: _ZNK11GCS_MAVLINK26get_deferred_message_indexE10ap_message @ 0x621700
CIRCLE: _ZNK7BitmaskILt91EE3getEt @ 0xaaf640
CIRCLE: _ZN12AP_Scheduler18get_loop_period_usEv @ 0xaaf710
CIRCLE: _ZNK13AP_Filesystem13backend_by_fdERi @ 0x621f80
CIRCLE: _ZNK13AP_Filesystem15backend_by_pathERPKc @ 0x622050
CIRCLE: _ZN11GCS_MAVLINK39initialise_message_intervals_for_streamENS_7streamsE @ 0x622340
CIRCLE: _ZNK11GCS_MAVLINK23get_interval_for_streamENS_7streamsE @ 0x622540
CIRCLE: _ZNK11GCS_MAVLINK8get_chanEv @ 0xaaf7b0
CIRCLE: _ZN19AC_PolyFence_loader13check_indexedEv @ 0x6256b0
CIRCLE: _Z11is_negativeIfEbT_ @ 0xab0490
CIRCLE: _ZN11GCS_MAVLINK14update_receiveEj @ 0x62ae30
CIRCLE: _ZN3GCS15update_passthruEv @ 0x62b300
CIRCLE: _ZN16AP_SerialManager12get_passthruERPN6AP_HAL10UARTDriverES3_RhRjS5_ @ 0x62b830
CIRCLE: _ZN6AP_HAL10UARTDriver11read_lockedEPhmj @ 0x62c2b0
CIRCLE: _ZNK11GCS_MAVLINK6lockedEv @ 0xab0780
CIRCLE: _ZNK7FunctorIbJhPN6AP_HAL10UARTDriverEEEcvbEv @ 0xab07e0
CIRCLE: _ZN11GCS_MAVLINK14channel_bufferEv @ 0xab08c0
CIRCLE: mavlink_frame_char_buffer @ 0x62c990
CIRCLE: _ZN12AP_Scripting14handle_messageERK17__mavlink_message17mavlink_channel_t @ 0x62d230
CIRCLE: _ZN11GCS_MAVLINK13send_timesyncEv @ 0x62d420
CIRCLE: _ZN11GCS_MAVLINK17log_mavlink_statsEv @ 0x62d490
CIRCLE: _ZNK11GCS_MAVLINK15signing_enabledEv @ 0x62d610
CIRCLE: _ZNK11GCS_MAVLINK21timesync_timestamp_nsEv @ 0x62d6b0
CIRCLE: _ZL25mavlink_msg_timesync_send17mavlink_channel_tll @ 0x62d710
CIRCLE: mavlink_start_checksum @ 0x62d7b0
CIRCLE: mavlink_update_checksum @ 0x62d810
CIRCLE: _Z9fill_nanfPft @ 0x62e250
CIRCLE: _ZN10ByteBuffer7advanceEj @ 0x6312e0
CIRCLE: _ZN5Empty11OpticalFlow9push_gyroEfff @ 0xab1790
CIRCLE: _ZN5Empty11OpticalFlow14push_gyro_biasEff @ 0xab1800
CIRCLE: _ZN6AP_HAL4Util14set_soft_armedEb @ 0x631e00
CIRCLE: _ZNK7HALSITL4Util18was_watchdog_resetEv @ 0xab1ad0
CIRCLE: _ZN7HALSITL4Util19safety_switch_stateEv @ 0x631f90
CIRCLE: _ZN7HALSITL4Util16available_memoryEv @ 0xab1fc0
CIRCLE: _ZN7HALSITL4Util8uart_logEv @ 0x632570
CIRCLE: _ZN6AP_HAL4Util14log_stack_infoEv @ 0xab2360
CIRCLE: _ZN6AP_HAL10UARTDriver9log_statsEhRNS0_12StatsTrackerEj @ 0x632740
CIRCLE: _ZN6AP_HAL10UARTDriver12StatsTracker11ByteTracker6updateEj @ 0x6328e0
CIRCLE: _ZN7HALSITL8RCOutput20_safety_switch_stateEv @ 0xab2400
CIRCLE: _ZN6AP_HAL10UARTDriver5writeEPKhm @ 0x634e10
CIRCLE: _ZN6AP_HAL10UARTDriver9availableEv @ 0x634f50
CIRCLE: _ZN6AP_HAL10UARTDriver4readEv @ 0x634fd0
CIRCLE: _ZN6AP_HAL10UARTDriver4readERh @ 0x635050
CIRCLE: _ZN6AP_HAL10UARTDriver4readEPht @ 0x635150
CIRCLE: _ZN7HALSITL10UARTDriver7txspaceEv @ 0x6351c0
CIRCLE: _ZN7HALSITL10UARTDriver11_timer_tickEv @ 0x635540
CIRCLE: _ZN7HALSITL10UARTDriver26receive_time_constraint_usEt @ 0x6355a0
CIRCLE: _ZN7HALSITL10UARTDriver6_writeEPKhm @ 0x636270
CIRCLE: _ZN7HALSITL10UARTDriver5_readEPht @ 0x636440
CIRCLE: _ZN7HALSITL10UARTDriver10_availableEv @ 0x636630
CIRCLE: _ZNK7HALSITL10UARTDriver18get_total_tx_bytesEv @ 0xab4b90
CIRCLE: _ZNK7HALSITL10UARTDriver18get_total_rx_bytesEv @ 0xab4be0
CIRCLE: _ZNK6AP_HAL10UARTDriver26get_total_dropped_rx_bytesEv @ 0xab4c30
CIRCLE: _ZN7HALSITL10UARTDriver17_check_connectionEv @ 0x636720
CIRCLE: _ZN7HALSITL10UARTDriver13_select_checkEi @ 0x636860
CIRCLE: _ZN10ByteBuffer4readEPhj @ 0x636a70
CIRCLE: _ZN7HALSITL10UARTDriver41handle_writing_from_writebuffer_to_deviceEv @ 0x636b10
CIRCLE: _ZN7HALSITL10UARTDriver16_check_reconnectEv @ 0x636ec0
CIRCLE: _ZL3MINIjjEDTqultfp_fp0_fp_fp0_ERKT_RKT0_.14591 @ 0x6372c0
CIRCLE: _ZNK4SITL12SerialDevice15write_to_deviceEPKcm @ 0x637340
CIRCLE: _ZNK4SITL12SerialDevice18write_to_autopilotEPKcm @ 0x63a6a0
CIRCLE: _ZNK4SITL12SerialDevice13is_match_baudEv @ 0x63a760
CIRCLE: _ZNK4SITL3GPS18write_to_autopilotEPKcm @ 0x63a890
CIRCLE: _ZNK4SITL3GPS11device_baudEv @ 0x63aab0
CIRCLE: _Z8wrap_180IdET_S0_ @ 0xab6220
CIRCLE: _Z8wrap_360d @ 0x63d940
CIRCLE: _ZNK4SITL12SerialDevice19read_from_autopilotEPcm @ 0x63d9e0
CIRCLE: _ZN4SITL8Aircraft11rand_normalEdd @ 0x640920
CIRCLE: _Z7is_zerod @ 0xab8350
CIRCLE: _ZN7HALSITL10UARTDriver40handle_reading_from_device_to_readbufferEv @ 0x6432d0
CIRCLE: _ZNK4SITL12SerialDevice16read_from_deviceEPcm @ 0x643760
CIRCLE: _ZN7HALSITL8AnalogIn13board_voltageEv @ 0xab9860
CIRCLE: _ZN6AP_HAL8AnalogIn17servorail_voltageEv @ 0xab98b0
CIRCLE: _ZN6AP_HAL8AnalogIn18power_status_flagsEv @ 0xab9900
CIRCLE: _ZN7HALSITL9ADCSource7set_pinEh @ 0x6443a0
CIRCLE: _ZN7HALSITL9ADCSource15voltage_averageEv @ 0x644420
CIRCLE: _ZN7HALSITL9ADCSource14voltage_latestEv @ 0x644470
CIRCLE: _ZN7HALSITL9ADCSource27voltage_average_ratiometricEv @ 0xab9a00
CIRCLE: _ZN7HALSITL4GPIO13usb_connectedEv @ 0x644bd0
CIRCLE: _ZN7HALSITL8RCOutput9enable_chEh @ 0x644fd0
CIRCLE: _ZN7HALSITL8RCOutput10disable_chEh @ 0x645060
CIRCLE: _ZN7HALSITL8RCOutput5writeEht @ 0x6450f0
CIRCLE: _ZN6AP_HAL8RCOutput20update_channel_masksEv @ 0xaba2e0
CIRCLE: _ZN7HALSITL8RCOutput4corkEv @ 0x645220
CIRCLE: _ZN7HALSITL8RCOutput4pushEv @ 0x6452b0
CIRCLE: _ZN7HALSITL8RCOutput4readEh @ 0x6453e0
CIRCLE: _ZN7HALSITL8RCOutput4readEPth @ 0x645470
CIRCLE: _ZN6AP_HAL8RCOutput16set_default_rateEt @ 0xabab80
CIRCLE: _ZN17AP_ESC_Telem_SITL6updateEv @ 0x645890
CIRCLE: _ZL3MAXIffEDTqugtfp_fp0_fp_fp0_ERKT_RKT0_.21054 @ 0x645a60
CIRCLE: _ZN20AP_ESC_Telem_Backend10update_rpmEhff @ 0x645ae0
CIRCLE: _ZN20AP_ESC_Telem_Backend17update_telem_dataEhRKNS_13TelemetryDataEt @ 0x645b70
CIRCLE: _ZN12AP_ESC_Telem17update_telem_dataEhRKN20AP_ESC_Telem_Backend13TelemetryDataEt @ 0x645c00
CIRCLE: _ZN12AP_ESC_Telem10update_rpmEhff @ 0x645ee0
CIRCLE: _ZL3MAXIjjEDTqugtfp_fp0_fp_fp0_ERKT_RKT0_.10617 @ 0x646040
CIRCLE: _Z16constrain_uint32jjj @ 0xabb0b0
CIRCLE: _Z15constrain_valueIjET_S0_S0_S0_ @ 0xabb120
CIRCLE: _ZN7HALSITL7RCInput9new_inputEv @ 0x6461d0
CIRCLE: _ZN7HALSITL7RCInput12num_channelsEv @ 0x646230
CIRCLE: _ZN7HALSITL7RCInput4readEh @ 0x646290
CIRCLE: _ZN13AP_RCProtocol4readEh @ 0x646540
CIRCLE: _ZN21AP_RCProtocol_Backend4readEh @ 0x6465d0
CIRCLE: _ZN13AP_RCProtocol12num_channelsEv @ 0x646630
CIRCLE: _ZNK21AP_RCProtocol_Backend12num_channelsEv @ 0x6466b0
CIRCLE: _ZN13AP_RCProtocol9new_inputEv @ 0x646700
CIRCLE: _ZN13AP_RCProtocol21detect_async_protocolENS_12rcprotocol_tE @ 0x6468c0
CIRCLE: _ZNK13AP_RCProtocol10using_uartEv @ 0xabb6b0
CIRCLE: _ZN17AP_RCProtocol_FDM6updateEv @ 0x647510
CIRCLE: _ZN21AP_RCProtocol_Backend9add_inputEhPtbss @ 0x6476f0
CIRCLE: _ZL3MINIhiEDTqultfp_fp0_fp_fp0_ERKT_RKT0_.20689 @ 0x647850
CIRCLE: _ZN13AP_RCProtocol19set_failsafe_activeEb @ 0xabc080
CIRCLE: _ZN21AP_RCProtocol_Backend6updateEv @ 0xabc190
CIRCLE: _ZN17AP_RCProtocol_UDP6updateEv @ 0x6478d0
CIRCLE: _ZN17AP_RCProtocol_UDP21read_all_socket_inputEv @ 0x647b30
CIRCLE: _ZN16SocketAPM_native4recvEPvmj @ 0x647dd0
CIRCLE: _ZN16SocketAPM_native6pollinEj @ 0x648000
CIRCLE: _ZNK16SocketAPM_native11get_read_fdEv @ 0xabc2c0
CIRCLE: _ZN18AP_RCProtocol_GHST6updateEv @ 0x648860
CIRCLE: _ZNK12NavEKF3_core12getVariancesERfS0_S0_R7Vector3IfES0_R7Vector2IfE @ 0x64a970
CIRCLE: _ZL3MAXIddEDTqugtfp_fp0_fp_fp0_ERKT_RKT0_.5309 @ 0x64ab70
CIRCLE: _ZNK7Vector2IdE7tofloatEv @ 0xabc9f0
CIRCLE: _ZNK12NavEKF2_core12getVariancesERfS0_S0_R7Vector3IfES0_R7Vector2IfE @ 0x64abf0
CIRCLE: _ZL3MAXIddEDTqugtfp_fp0_fp_fp0_ERKT_RKT0_.4705 @ 0x64adf0
CIRCLE: _ZN3GCS23get_sensor_status_flagsERjS0_S0_ @ 0x64aee0
CIRCLE: _ZN3GCS26update_sensor_status_flagsEv @ 0x64afa0
CIRCLE: _ZNK7AP_AHRS11initialisedEv @ 0x64b760
CIRCLE: _ZNK7AP_AHRS17have_inertial_navEv @ 0x64b890
CIRCLE: _ZNK7AP_Baro13num_instancesEv @ 0xabca50
CIRCLE: _ZNK6AP_GPS10is_healthyEv @ 0xabcaa0
CIRCLE: _ZNK14AP_BattMonitor13num_instancesEv @ 0xabcb00
CIRCLE: _ZNK14AP_BattMonitor7healthyEv @ 0x64b8f0
CIRCLE: _ZNK14AP_BattMonitor13has_failsafedEv @ 0xabcb50
CIRCLE: _ZNK17AP_InertialSensor11calibratingEv @ 0x64b9e0
CIRCLE: _ZNK9AP_Logger15logging_enabledEv @ 0x64bab0
CIRCLE: _ZNK6AP_GPS15logging_presentEv @ 0xabcbb0
CIRCLE: _ZNK6AP_GPS15logging_enabledEv @ 0xabcc20
CIRCLE: _ZNK6AP_GPS14logging_failedEv @ 0x64bb80
CIRCLE: _ZNK7AP_AHRS12get_ekf_typeEv @ 0xabcc90
CIRCLE: _ZNK8AC_Fence18sys_status_enabledEv @ 0x64bc60
CIRCLE: _ZNK8AC_Fence18sys_status_presentEv @ 0x64bd00
CIRCLE: _ZNK8AC_Fence17sys_status_failedEv @ 0x64bd60
CIRCLE: _ZNK11AP_Airspeed7enabledEv @ 0xabccf0
CIRCLE: _ZNK11AP_Airspeed3useEv @ 0xabcd50
CIRCLE: _ZNK7AP_AHRS23airspeed_sensor_enabledEv @ 0xabcdb0
CIRCLE: _ZNK11AP_Airspeed11all_healthyEv @ 0x64bdf0
CIRCLE: _ZN2AP11opticalflowEv @ 0x64beb0
CIRCLE: _ZNK14AP_OpticalFlow7enabledEv @ 0xabce00
CIRCLE: _ZNK14AP_OpticalFlow7healthyEv @ 0xabce70
CIRCLE: _ZN2AP6armingEv @ 0x64bef0
CIRCLE: _ZNK11RC_Channels22has_ever_seen_rc_inputEv @ 0xabcef0
CIRCLE: _ZN9AP_Arming13get_singletonEv @ 0x64bf30
CIRCLE: _ZNK7AP_EnumIN14AP_OpticalFlow4TypeEEcvKS1_Ev @ 0xabcf50
CIRCLE: _ZN14AP_OpticalFlow13get_singletonEv @ 0xabcfa0
CIRCLE: _ZN15AP_AHRS_Backend23airspeed_sensor_enabledEv @ 0xabcfe0
CIRCLE: _ZN2AP8airspeedEv @ 0x64bf70
CIRCLE: _ZNK8AC_Fence12get_breachesEv @ 0xabd070
CIRCLE: _ZNK7AP_EnumIN8AC_Fence6ActionEEcvKS1_Ev @ 0xabd0c0
CIRCLE: _ZNK14AP_BattMonitor7healthyEh @ 0x64c030
CIRCLE: _ZNK6AP_GPS8num_satsEv @ 0xabd2d0
CIRCLE: _ZNK6AP_GPS8num_satsEh @ 0xabd3b0
CIRCLE: _ZNK14AP_BattMonitor12current_ampsERfh @ 0x64cf20
CIRCLE: _ZNK14AP_BattMonitor12consumed_mahERfh @ 0x64d010
CIRCLE: _ZN9AP_Logger14WriteStreamingEPKcS1_S1_z @ 0x64dd30
CIRCLE: _ZN22AP_RCProtocol_DroneCAN6updateEv @ 0x64df90
CIRCLE: _ZNK16AP_SerialManager11find_serialENS_14SerialProtocolEh @ 0x64f380
CIRCLE: _ZN9AP_Notify6updateEv @ 0x6525f0
CIRCLE: _ZN2AP3srvEv @ 0x652790
CIRCLE: _ZN12SRV_Channels4corkEv @ 0x6527d0
CIRCLE: _ZN12SRV_Channels4pushEv @ 0x652830
CIRCLE: _ZN16AP_Volz_Protocol6updateEv @ 0x6529e0
CIRCLE: _ZN10AP_SBusOut6updateEv @ 0x652cb0
CIRCLE: _ZN15AP_RobotisServo6updateEv @ 0x652e30
CIRCLE: _ZN16AP_FETtecOneWire6updateEv @ 0x6530a0
CIRCLE: _ZN2AP6kdecanEv @ 0x653390
CIRCLE: _ZN9AP_KDECAN6updateEv @ 0x6533d0
CIRCLE: _ZN12SRV_Channels12find_channelEN11SRV_Channel8FunctionERh @ 0x653db0
CIRCLE: _ZN11SRV_Channel8calc_pwmEf @ 0x653e80
CIRCLE: _ZNK11SRV_Channel21pwm_from_scaled_valueEf @ 0x653f70
CIRCLE: _ZNK11SRV_Channel14pwm_from_angleEf @ 0x654010
CIRCLE: _ZNK11SRV_Channel14pwm_from_rangeEf @ 0x654210
CIRCLE: _ZN9AP_KDECAN13get_singletonEv @ 0xabfd10
CIRCLE: _ZN16AP_FETtecOneWire4initEv @ 0x655b40
CIRCLE: _ZN16AP_FETtecOneWire9init_uartEv @ 0x657110
CIRCLE: _Z18linear_interpolatefffff @ 0x6597d0
CIRCLE: _ZL10swap_floatRfS_ @ 0x659900
CIRCLE: _ZN12SRV_Channels13get_singletonEv @ 0xac0770
CIRCLE: _ZNK10AP_Mission21get_current_nav_indexEv @ 0xac0b00
CIRCLE: _ZNK7AP_AHRS13wind_estimateEv @ 0xac0b80
CIRCLE: _ZN10AP_Terrain20height_above_terrainERfb @ 0x65be00
CIRCLE: _ZNK10AP_Terrain6statusEv @ 0xac0be0
CIRCLE: _ZNK6AP_GPS8get_hdopEh @ 0xac0cf0
CIRCLE: _ZNK7AP_AHRS11groundspeedEv @ 0xac0df0
CIRCLE: _ZN7AP_Baro14get_climb_rateEv @ 0x65c310
CIRCLE: _ZN16DerivativeFilterIfLh7EE5slopeEv @ 0xac0e90
CIRCLE: _ZNK11RangeFinder15distance_orientE8Rotation @ 0x65c380
CIRCLE: _ZNK11RangeFinder13find_instanceE8Rotation @ 0x65c410
CIRCLE: _ZNK11RangeFinder11get_backendEh @ 0x65c560
CIRCLE: _Z14float_to_int16f @ 0x65dfc0
CIRCLE: _ZNK8Location9get_alt_mENS_8AltFrameERf @ 0x65e140
CIRCLE: _ZN18AP_RCProtocol_CRSF6updateEv @ 0x6607d0
CIRCLE: _ZN13AP_ParamTBaseIsL11ap_var_type2EE22set_and_save_ifchangedERKs @ 0xac2c00
CIRCLE: _ZNK7AP_AHRS12get_roll_radEv @ 0xac2e20
CIRCLE: _ZNK7AP_AHRS11get_yaw_radEv @ 0xac2e70
CIRCLE: _ZN19AP_RCProtocol_SRXL26updateEv @ 0x66a3c0
CIRCLE: _ZNK14AP_BattMonitor15get_temperatureERfh @ 0x66d4a0
CIRCLE: _ZN2AP3rtcEv @ 0x66d570
CIRCLE: _ZNK6AP_RTC12get_utc_usecERm @ 0x66d690
CIRCLE: _ZN6AP_RTC13get_singletonEv @ 0xac3a80
CIRCLE: _ZNK11AP_Airspeed12get_airspeedEv @ 0xac3ac0
CIRCLE: _ZNK11AP_Airspeed12get_airspeedEh @ 0x66d940
CIRCLE: _ZN2AP9esc_telemEv @ 0x66d9f0
CIRCLE: _ZNK12AP_ESC_Telem7get_rpmEhRf @ 0x66db90
CIRCLE: _ZL3MINIffEDTqultfp_fp0_fp_fp0_ERKT_RKT0_.10600 @ 0x66dd30
CIRCLE: _ZNVK20AP_ESC_Telem_Backend13TelemetryData5staleEv @ 0x66de20
CIRCLE: _ZN12AP_ESC_Telem13get_singletonEv @ 0x66dea0
CIRCLE: _ZN17AP_RCProtocol_DSM6updateEv @ 0x6713b0
CIRCLE: _ZN7HALSITL9Scheduler5delayEt @ 0x672ca0
CIRCLE: _ZN7HALSITL9Scheduler18delay_microsecondsEt @ 0x672d90
CIRCLE: _ZN6AP_HAL9Scheduler24delay_microseconds_boostEt @ 0xac4260
CIRCLE: _ZN6AP_HAL9Scheduler9boost_endEv @ 0xac4370
CIRCLE: _ZNK6AP_HAL9Scheduler17in_delay_callbackEv @ 0xac43c0
CIRCLE: _ZN7HALSITL9Scheduler21is_system_initializedEv @ 0xac4420
CIRCLE: _ZN7HALSITL9Scheduler10stop_clockEm @ 0x673300
CIRCLE: _ZNK7HALSITL9Scheduler14in_main_threadEv @ 0x6733a0
CIRCLE: _ZN7HALSITL10SITL_State10wait_clockEm @ 0x673a60
CIRCLE: _ZNK4SITL8Aircraft11get_speedupEv @ 0xac45d0
CIRCLE: _ZNK7HALSITL9Scheduler28semaphore_wait_hack_requiredEv @ 0x673c10
CIRCLE: _ZN7HALSITL10SITL_State15_fdm_input_stepEv @ 0x673c90
CIRCLE: _ZN7HALSITL10SITL_State16_fdm_input_localEv @ 0x673de0
CIRCLE: _ZNK7HALSITL9Scheduler22interrupts_are_blockedEv @ 0xac4620
CIRCLE: _ZN7HALSITL9Scheduler17sitl_begin_atomicEv @ 0xac4680
CIRCLE: _ZN7HALSITL9Scheduler11timer_eventEv @ 0xac46e0
CIRCLE: _ZN7HALSITL9Scheduler15sitl_end_atomicEv @ 0x673f80
CIRCLE: _ZN7HALSITL10SITL_State16_update_airspeedEf @ 0x674020
CIRCLE: _ZN7HALSITL10SITL_State19_update_rangefinderEv @ 0x674390
CIRCLE: _ZNK7HALSITL10SITL_State18_sonar_pin_voltageEv @ 0x6743f0
CIRCLE: _ZN7AP_Baro24get_EAS2TAS_for_alt_amslEf @ 0x674560
CIRCLE: _ZL2sqf.14351 @ 0x6745e0
CIRCLE: _ZN7AP_Baro28get_air_density_for_alt_amslEf @ 0x674630
CIRCLE: _ZL3MAXIffEDTqugtfp_fp0_fp_fp0_ERKT_RKT0_.2718 @ 0x674800
CIRCLE: _ZN7HALSITL9Scheduler16_run_timer_procsEv @ 0x674880
CIRCLE: _ZN7HALSITL10SITL_State17_simulator_servosER10sitl_input @ 0x674980
CIRCLE: _ZN4SITL11JSON_Master7receiveER10sitl_input @ 0x675610
CIRCLE: _ZN7HALSITL10SITL_State22multicast_servo_updateER10sitl_input @ 0x675ab0
CIRCLE: _ZN4SITL8Aircraft11update_homeEv @ 0x675b90
CIRCLE: _ZN4SITL8Aircraft12update_modelERK10sitl_input @ 0x675cf0
CIRCLE: _ZN4SITL8Aircraft8fill_fdmERNS_8sitl_fdmE @ 0x675d90
CIRCLE: _ZN7HALSITL8CANIface14num_interfacesEv @ 0xac4720
CIRCLE: _ZNK4SITL8Aircraft20get_position_relhomeEv @ 0x676960
CIRCLE: _ZN4SITL11JSON_Master4sendERKNS_8sitl_fdmERK7Vector3IdE @ 0x676a20
CIRCLE: _ZN7HALSITL17SITL_State_Common10sim_updateEv @ 0x676cc0
CIRCLE: _ZN7HALSITL10SITL_State14set_height_aglEv @ 0x677510
CIRCLE: _ZNK4SITL8Aircraft15get_velocity_efEv @ 0xac47b0
CIRCLE: _ZN4SITL3GPS6updateEv @ 0x6788e0
CIRCLE: _ZN4SITL12SerialDevice17init_sitl_pointerEv @ 0x67a030
CIRCLE: _ZN4SITL3GPS24check_backend_allocationEv @ 0x67a0c0
CIRCLE: _ZN4SITL3GPS16interpolate_dataERKNS_8GPS_DataEj @ 0x67a6d0
CIRCLE: _ZL3MAXIifEDTqugtfp_fp0_fp_fp0_ERKT_RKT0_.15075 @ 0x67b060
CIRCLE: _ZNK4SITL11GPS_Backend11device_baudEv @ 0xac4dd0
CIRCLE: _ZN4SITL11GPS_Backend11update_readEv @ 0x67b1e0
CIRCLE: _ZNK4SITL11GPS_Backend18write_to_autopilotEPKcm @ 0x67b530
CIRCLE: _ZNK4SITL11GPS_Backend19read_from_autopilotEPcm @ 0x67b5b0
CIRCLE: _ZN4SITL11GPS_Backend8gps_timeEv @ 0x67c050
CIRCLE: _ZN7Vector2IdEC2Edd @ 0xac4ff0
CIRCLE: _ZNK7Vector2IdE6lengthEv @ 0xac5070
CIRCLE: _ZN4SITL11GPS_Backend18simulation_timevalEP7timeval @ 0x67c980
CIRCLE: _ZN4SITL9GPS_UBlox7publishEPKNS_8GPS_DataE @ 0x67f850
CIRCLE: _Z4normIddJdEEdT_T0_DpKT1_ @ 0xac5710
CIRCLE: _ZL7degreesf.15163 @ 0x680320
CIRCLE: _ZN4SITL9GPS_UBlox8send_ubxEhPht @ 0x680850
CIRCLE: _ZL3MAXIiiEDTqugtfp_fp0_fp_fp0_ERKT_RKT0_.15164 @ 0x680a20
CIRCLE: _ZNK7Vector3IfE6is_nanEv @ 0xac5790
CIRCLE: _ZN7Matrix3IfE6rotateERK7Vector3IfE @ 0xac5860
CIRCLE: _ZN7Matrix3IfEpLERKS0_ @ 0xac5a80
CIRCLE: _ZNK7Matrix3IfEplERKS0_ @ 0xac5b10
CIRCLE: _Z2sqIdJddEEdT_DpKT0_ @ 0xac5c30
CIRCLE: _Z11wrap_360_cdi @ 0x6811d0
CIRCLE: _ZNK11QuaternionTIfE8to_eulerERfS1_S1_ @ 0xac5cd0
CIRCLE: _ZNK11QuaternionTIfE13get_euler_yawEv @ 0xac5de0
CIRCLE: _ZNK7Vector3IdEplERKS0_ @ 0xac67e0
CIRCLE: _ZN7Vector3IdEpLERKS0_ @ 0xac6880
CIRCLE: _ZN7Matrix3IdEC2Ev @ 0xac6920
CIRCLE: _ZNK7Matrix3IdEmlERK7Vector3IdE @ 0xac6b60
CIRCLE: _ZNK7Vector3IdEmiERKS0_ @ 0xac7350
CIRCLE: _ZNK7Vector3IdE7tofloatEv @ 0xac73f0
CIRCLE: _Z11wrap_360_cdf @ 0x68a540
CIRCLE: _ZNK7Vector3IdE6lengthEv @ 0xac7530
CIRCLE: _ZN7Vector3IdE4zeroEv @ 0xac7590
CIRCLE: _ZNK7Vector3IdEmlEd @ 0xac75f0
CIRCLE: _ZNK7Matrix3IfE10transposedEv @ 0xac77c0
CIRCLE: _ZN7Matrix3IfE9normalizeEv @ 0xac7990
CIRCLE: _ZNK8Location22get_distance_NE_doubleERKS_ @ 0x68daf0
CIRCLE: _ZN7Vector3IdE2xyEv @ 0xac7c60
CIRCLE: _ZN7Vector2IdEpLERKS0_ @ 0xac7cb0
CIRCLE: _ZN4SITL8Aircraft14smooth_sensorsEv @ 0x68e050
CIRCLE: _ZL7degreesf.16872 @ 0x68ea40
CIRCLE: _ZNK7Matrix3IfE8to_eulerEPfS1_S1_ @ 0xac7d30
CIRCLE: _ZNK7AP_EnumI8RotationEcvKS0_Ev @ 0xac7e50
CIRCLE: _ZNK8HAL_SITL32get_uart_output_full_queue_countEv @ 0x68eb10
CIRCLE: _ZNK4SITL8Aircraft16get_wall_time_usEv @ 0x68ec50
CIRCLE: _ZNK7Vector3IdEdvEd @ 0xac8030
CIRCLE: _ZNK11QuaternionTIfEdvERKS0_ @ 0xac80d0
CIRCLE: _ZNK11QuaternionTIfE7is_zeroEv @ 0xac8320
CIRCLE: _ZN4SITL8Aircraft12time_advanceEv @ 0x68ecd0
CIRCLE: _ZN4SITL8Aircraft15sync_frame_timeEv @ 0x68ed70
CIRCLE: _ZN9AP_Logger14WriteStreamingEPKcS1_S1_S1_S1_z @ 0x68f070
CIRCLE: _ZL3MAXI9AP_ParamTIfL11ap_var_type4EEdEDTqugtfp_fp0_fp_fp0_ERKT_RKT0_.14196 @ 0x68f3e0
CIRCLE: _Z21calc_lowpass_alpha_dtff @ 0x68f480
CIRCLE: _ZL3MAXIfiEDTqugtfp_fp0_fp_fp0_ERKT_RKT0_.14197 @ 0x68f5b0
CIRCLE: _ZNK4SITL16FETtecOneWireESC7enabledEv @ 0xac83f0
CIRCLE: _ZNK4SITL4Volz7enabledEv @ 0xac8460
CIRCLE: _ZN7HALSITL17SITL_State_Common22update_voltage_currentER10sitl_inputf @ 0x68f880
CIRCLE: _ZN8AP_Param18eeprom_write_checkEPKvth @ 0x6922b0
CIRCLE: _ZNK4SITL8Aircraft45perpendicular_distance_to_rangefinder_surfaceEv @ 0x692fd0
CIRCLE: _ZNK4SITL8Aircraft9on_groundEv @ 0x693030
CIRCLE: _ZNK4SITL8Aircraft4haglEv @ 0x6930a0
CIRCLE: _ZNK4SITL8Aircraft24ground_height_differenceEv @ 0x693170
CIRCLE: _ZN4SITL8Aircraft15update_dynamicsERK7Vector3IfE @ 0x6939e0
CIRCLE: _ZN4SITL8Aircraft23update_external_payloadERK10sitl_input @ 0x694a60
CIRCLE: _ZN4SITL8Aircraft15update_positionEv @ 0x694ef0
CIRCLE: _ZN4SITL8Aircraft11update_windERK10sitl_input @ 0x695080
CIRCLE: _ZN4SITL8Aircraft19update_mag_field_bfEv @ 0x695510
CIRCLE: _ZL7radiansf.16838 @ 0x695900
CIRCLE: _ZNK8Location23get_distance_NED_doubleERKS_ @ 0x695960
CIRCLE: _ZN4SITL8Aircraft17get_local_updraftERK7Vector3IdE @ 0x695a80
CIRCLE: _ZN7Vector2IdEmIERKS0_ @ 0xaca3b0
CIRCLE: _ZNK4SITL7Sprayer10is_enabledEv @ 0xaca440
CIRCLE: _ZN4SITL3I2C6updateERKNS_8AircraftE @ 0x696340
CIRCLE: _ZNK4SITL6Buzzer10is_enabledEv @ 0xaca4f0
CIRCLE: _ZNK4SITL13Gripper_Servo10is_enabledEv @ 0xaca550
CIRCLE: _ZNK4SITL11Gripper_EPM10is_enabledEv @ 0xaca610
CIRCLE: _ZNK4SITL9Parachute10is_enabledEv @ 0xaca6c0
CIRCLE: _ZNK4SITL12SIM_Precland10is_enabledEv @ 0xaca720
CIRCLE: _ZN4SITL7ShipSim6updateEv @ 0x697310
CIRCLE: _ZNK7Vector3IdE14length_squaredEv @ 0xacc780
CIRCLE: _ZNK7Vector3IdEmlERKS0_ @ 0xacc8f0
CIRCLE: _ZNK7AP_AHRS11get_EAS2TASEv @ 0x69d2d0
CIRCLE: _ZL2sqf.16887 @ 0x69d360
CIRCLE: _ZN4SITL8Aircraft19update_eas_airspeedEv @ 0x69d3b0
CIRCLE: _ZN4SITL15SlungPayloadSim6updateERK7Vector3IdERKS1_IfES7_S7_ @ 0x69d860
CIRCLE: _ZN4SITL9TetherSim6updateERK8Location @ 0x69d9f0
CIRCLE: _ZN4SITL8Aircraft17adjust_frame_timeEf @ 0x69db60
CIRCLE: _ZNK7Vector3IdE7is_zeroEv @ 0xaccaa0
CIRCLE: _ZN7Vector3IfE2xyEv @ 0xaccb50
CIRCLE: _ZN7Vector2IfE4zeroEv @ 0xaccba0
CIRCLE: _ZN7Vector3IfEmIERKS0_ @ 0xaccc00
CIRCLE: _ZL7radiansi.16892 @ 0x6a0af0
CIRCLE: _ZN4SITL8Aircraft20filtered_servo_angleERK10sitl_inputh @ 0x6a0b50
CIRCLE: _ZN4SITL8Aircraft20filtered_servo_rangeERK10sitl_inputh @ 0x6a0c50
CIRCLE: _ZNK9AP_ParamTIfL11ap_var_type4EEplERKS1_ @ 0xacceb0
CIRCLE: _ZN10ServoModel12filter_rangeEtf @ 0x6a15c0
CIRCLE: _ZN10ServoModel12apply_filterEff @ 0x6a1660
CIRCLE: _ZN10ServoModel19apply_simple_filterEff @ 0x6a1a60
CIRCLE: _ZN13LowPassFilterIfE20set_cutoff_frequencyERKf @ 0xacd5d0
CIRCLE: _ZN13LowPassFilterIfE5applyERKfS2_ @ 0xacd640
CIRCLE: _ZN10ServoModel12filter_angleEtf @ 0x6a1c90
CIRCLE: _Z11is_positived @ 0xacddb0
CIRCLE: _ZN7Vector3IfE9normalizeEv @ 0xace590
CIRCLE: _ZN4SITL5Plane6updateERK10sitl_input @ 0x6b50d0
CIRCLE: _ZN4SITL5Plane16calculate_forcesERK10sitl_inputR7Vector3IfE @ 0x6b52a0
CIRCLE: _ZL2sqf.15869 @ 0x6b5d30
CIRCLE: _ZNK4SITL5Plane8getForceEfff @ 0x6b6380
CIRCLE: _ZNK4SITL5Plane9getTorqueEffffRK7Vector3IfE @ 0x6b6c00
CIRCLE: _ZN4SITL8Aircraft9add_noiseEf @ 0x6b7270
CIRCLE: _ZNK4SITL5Plane9liftCoeffEf @ 0x6b7520
CIRCLE: _ZNK4SITL5Plane9dragCoeffEf @ 0x6b7840
CIRCLE: _ZN7Vector3IdEmIERKS0_ @ 0xad8810
CIRCLE: _ZL7radiansd.17180 @ 0x6c1930
CIRCLE: _ZN7HALSITL7Storage10read_blockEPvtm @ 0x6d4260
CIRCLE: _ZN7HALSITL7Storage11write_blockEtPKvm @ 0x6d4330
CIRCLE: _ZN7HALSITL7Storage11_timer_tickEv @ 0x6d4450
CIRCLE: _ZNK7BitmaskILt2048EE5emptyEv @ 0xad9f80
CIRCLE: _ZNK7BitmaskILt2048EE3getEt @ 0xada020
CIRCLE: _ZN10AP_RAMTRON5writeEjPKhj @ 0x6d47c0
CIRCLE: _ZN7BitmaskILt2048EE5clearEt @ 0xada0f0
CIRCLE: _ZNK8HAL_SITL25get_storage_posix_enabledEv @ 0xada1b0
CIRCLE: _ZNK7BitmaskILt2048EE8validateEt @ 0xada270
CIRCLE: _ZNK10AP_RAMTRON8get_sizeEv @ 0xada300
CIRCLE: _ZN7HALSITL7Storage13_storage_openEv @ 0x6d4e40
CIRCLE: _ZN7HALSITL7Storage11_mark_dirtyEtt @ 0x6d5150
CIRCLE: _ZN7BitmaskILt2048EE3setEt @ 0xada3a0
CIRCLE: _ZN8AP_Param9save_syncEbb @ 0x6db8c0
CIRCLE: _ZNK7NavEKF317option_is_enabledENS_6OptionE @ 0xadbb40
CIRCLE: _ZNK6AP_DAL6millisEv @ 0xadbbc0
CIRCLE: _ZNK12NavEKF3_core10errorScoreEv @ 0x6e1ae0
CIRCLE: _ZNK12NavEKF3_core16have_aligned_yawEv @ 0xadbc10
CIRCLE: _ZNK12NavEKF3_core17have_aligned_tiltEv @ 0xadbc70
CIRCLE: _ZN7Vector2IdEC2Ev @ 0xadbcd0
CIRCLE: _ZNK12NavEKF3_core8getPosNEER7Vector2IdE @ 0x6e23c0
CIRCLE: _ZNK7Vector3IdE2xyEv @ 0xadbdc0
CIRCLE: _ZNK7Vector2IdE8todoubleEv @ 0xadbe10
CIRCLE: _ZNK7Vector2IdEplERKS0_ @ 0xadbe70
CIRCLE: _ZNK8Location23get_distance_NE_postypeERKS_ @ 0x6e2660
CIRCLE: _ZNK10AP_DAL_GPS6statusEh @ 0xadbf00
CIRCLE: _ZNK12NavEKF3_core14getEulerAnglesER7Vector3IfE @ 0x6e27c0
CIRCLE: _ZNK11QuaternionTIdE8to_eulerER7Vector3IfE @ 0xadbf70
CIRCLE: _ZNK6AP_DAL8get_trimEv @ 0xadbff0
CIRCLE: _ZNK11QuaternionTIdE8to_eulerERfS1_S1_ @ 0xadc050
CIRCLE: _ZNK11QuaternionTIdE14get_euler_rollEv @ 0xadc110
CIRCLE: _ZNK11QuaternionTIdE15get_euler_pitchEv @ 0xadc1c0
CIRCLE: _ZNK11QuaternionTIdE13get_euler_yawEv @ 0xadc240
CIRCLE: _Z9safe_asinIdEfT_ @ 0xadc2f0
CIRCLE: _ZL3MAXIfdEDTqugtfp_fp0_fp_fp0_ERKT_RKT0_.5263 @ 0x6e2880
CIRCLE: _ZNK12NavEKF3_core20assume_zero_sideslipEv @ 0x6e2920
CIRCLE: _ZN6AP_DAL8airspeedEv @ 0xadc3d0
CIRCLE: _ZNK15AP_DAL_Airspeed15get_num_sensorsEv @ 0xadc420
CIRCLE: _ZNK6AP_DAL15get_fly_forwardEv @ 0xadc470
CIRCLE: _ZNK6AP_DAL17get_vehicle_classEv @ 0xadc4e0
CIRCLE: _ZNK12NavEKF2_core10errorScoreEv @ 0x6e2b10
CIRCLE: _ZNK12NavEKF2_core8getPosNEER7Vector2IdE @ 0x6e3210
CIRCLE: _ZNK10AP_DAL_GPS14primary_sensorEv @ 0xadc530
CIRCLE: _ZNK12NavEKF2_core14getEulerAnglesER7Vector3IfE @ 0x6e3460
CIRCLE: _ZN19RestrictIDTypeArrayIP17CompassCalibratorLj3E14typesafe_indexIh12TAG_PriorityEEixERKS4_ @ 0xadc640
CIRCLE: _ZNK6AP_GPS15time_epoch_usecEv @ 0xadcf50
CIRCLE: _ZNK9AP_Logger10should_logEj @ 0x6eca50
CIRCLE: _ZNK6AP_GPS9time_weekEh @ 0xadd0c0
CIRCLE: _ZNK6AP_GPS12time_week_msEh @ 0xadd130
CIRCLE: _ZNK7AP_AHRS13get_pitch_degEv @ 0xadd1f0
CIRCLE: _ZNK6AP_GPS15time_epoch_usecEh @ 0x6ed2f0
CIRCLE: _ZNK14AP_GPS_Backend16get_last_itow_msEv @ 0x6ed460
CIRCLE: _ZN6AP_GPS23istate_time_to_epoch_msEtj @ 0x6ed520
CIRCLE: _ZN7AP_ADSB13check_startupEv @ 0x6ef090
CIRCLE: _ZNK7Vector2IfE6is_nanEv @ 0xade070
CIRCLE: _ZNK10AP_Gripper7enabledEv @ 0xadebc0
CIRCLE: _ZN10AP_Vehicle13update_armingEv @ 0x6fc030
CIRCLE: _ZN7FunctorIvJEE14method_wrapperI10AP_VehicleXadL_ZNS2_13update_armingEvEEEEvPv @ 0xadfc40
CIRCLE: _ZN9AP_Arming6updateEv @ 0x6fc080
CIRCLE: _ZN8AP_Stats6updateEv @ 0x6fc170
CIRCLE: _ZN7FunctorIvJEE14method_wrapperI8AP_StatsXadL_ZNS2_6updateEvEEEEvPv @ 0xadfcf0
CIRCLE: _ZN8AP_Stats17update_flighttimeEv @ 0x6fc320
CIRCLE: _ZN8AP_Stats14update_runtimeEv @ 0x6fc3f0
CIRCLE: _ZN8AP_Stats5flushEv @ 0x6fc490
CIRCLE: _ZN13AP_ParamTBaseIiL11ap_var_type3EE22set_and_save_ifchangedERKi @ 0xadfda0
CIRCLE: _ZN10AP_Filters6updateEv @ 0x6fc610
CIRCLE: _ZN7FunctorIvJEE14method_wrapperI10AP_FiltersXadL_ZNS2_6updateEvEEEEvPv @ 0xadfe30
CIRCLE: _ZN10AP_Vehicle17check_motor_noiseEv @ 0x6fd750
CIRCLE: _ZN7FunctorIvJEE14method_wrapperI10AP_VehicleXadL_ZNS2_17check_motor_noiseEvEEEEvPv @ 0xae06e0
CIRCLE: _ZNK10AP_GyroFFT15check_esc_noiseEv @ 0xae0790
CIRCLE: _ZNK17NotchFilterParams7enabledEv @ 0xae09c0
CIRCLE: _ZN10AP_Vehicle13one_Hz_updateEv @ 0x6fde30
CIRCLE: _ZN7FunctorIvJEE14method_wrapperI10AP_VehicleXadL_ZNS2_13one_Hz_updateEvEEEEvPv @ 0xae0a10
CIRCLE: _ZN12AP_Scripting6updateEv @ 0x6fdf10
CIRCLE: _ZN16AP_SerialManager20registered_ports_logEv @ 0x6fdf60
CIRCLE: _ZN12AP_Scripting13save_checksumEv @ 0x6fe040
CIRCLE: _ZN10AP_Gripper6updateEv @ 0x6fe140
CIRCLE: _ZN7FunctorIvJEE14method_wrapperI10AP_GripperXadL_ZNS2_6updateEvEEEEvPv @ 0xae0b50
CIRCLE: _ZN6AP_EFI6updateEv @ 0x6fe2b0
CIRCLE: _ZN7FunctorIvJEE14method_wrapperI6AP_EFIXadL_ZNS2_6updateEvEEEEvPv @ 0xae0c00
CIRCLE: _ZN6AP_AIS6updateEv @ 0x6fe730
CIRCLE: _ZN7FunctorIvJEE14method_wrapperI6AP_AISXadL_ZNS2_6updateEvEEEEvPv @ 0xae0cb0
CIRCLE: _ZN8AC_Fence6updateEv @ 0x6fe780
CIRCLE: _ZN7FunctorIvJEE14method_wrapperI8AC_FenceXadL_ZNS2_6updateEvEEEEvPv @ 0xae0d60
CIRCLE: _ZN19AC_PolyFence_loader6updateEv @ 0x6fe8b0
CIRCLE: _ZN19AC_PolyFence_loader17load_from_storageEv @ 0x6fe9a0
CIRCLE: _ZN10AP_Vehicle16accel_cal_updateEv @ 0x6ffe00
CIRCLE: _ZN7FunctorIvJEE14method_wrapperI10AP_VehicleXadL_ZNS2_16accel_cal_updateEvEEEEvPv @ 0xae0f40
CIRCLE: _ZN20AP_TemperatureSensor6updateEv @ 0x7015a0
CIRCLE: _ZN7FunctorIvJEE14method_wrapperI20AP_TemperatureSensorXadL_ZNS2_6updateEvEEEEvPv @ 0xae1040
CIRCLE: _ZN10AP_Vehicle16publish_osd_infoEv @ 0x701860
CIRCLE: _ZN7FunctorIvJEE14method_wrapperI10AP_VehicleXadL_ZNS2_16publish_osd_infoEvEEEEvPv @ 0xae1190
CIRCLE: _ZN6AP_OSD12set_nav_infoERNS_7NavInfoE @ 0x701980
CIRCLE: _ZN6AP_RPM6updateEv @ 0x7019f0
CIRCLE: _ZN7FunctorIvJEE14method_wrapperI6AP_RPMXadL_ZNS2_6updateEvEEEEvPv @ 0xae1240
CIRCLE: _ZNK6AP_RPM7Log_RPMEv @ 0x701bd0
CIRCLE: _ZNK6AP_RPM7enabledEh @ 0x701cf0
CIRCLE: _ZN14AP_OpenDroneID6updateEv @ 0x701da0
CIRCLE: _ZN7FunctorIvJEE14method_wrapperI14AP_OpenDroneIDXadL_ZNS2_6updateEvEEEEvPv @ 0xae1360
CIRCLE: _ZNK6AP_GPS8velocityEv @ 0xae2c00
CIRCLE: _ZNK7AP_AHRS18groundspeed_vectorEv @ 0xae2c60
CIRCLE: _ZNK6AP_GPS19horizontal_accuracyERf @ 0xae2d40
CIRCLE: _ZNK6AP_GPS17vertical_accuracyERf @ 0xae2dc0
CIRCLE: _ZNK6AP_GPS14speed_accuracyERf @ 0xae2e40
CIRCLE: _ZNK6AP_GPS14speed_accuracyEhRf @ 0x706a10
CIRCLE: _ZNK6AP_GPS17vertical_accuracyEhRf @ 0x706ae0
CIRCLE: _ZNK6AP_GPS19horizontal_accuracyEhRf @ 0x706bb0
CIRCLE: _ZNK6AP_GPS14get_undulationEhRf @ 0x706c80
CIRCLE: _ZNK6AP_GPS8velocityEh @ 0xae2ec0
CIRCLE: _ZN12AP_Generator6updateEv @ 0x706d50
CIRCLE: _ZN7FunctorIvJEE14method_wrapperI12AP_GeneratorXadL_ZNS2_6updateEvEEEEvPv @ 0xae2f90
CIRCLE: _ZN14AP_Servo_Telem6updateEv @ 0x706dc0
CIRCLE: _ZN7FunctorIvJEE14method_wrapperI14AP_Servo_TelemXadL_ZNS2_6updateEvEEEEvPv @ 0xae3040
CIRCLE: _ZN14AP_Servo_Telem9write_logEv @ 0x706e10
CIRCLE: _ZN12AP_ESC_Telem6updateEv @ 0x7072c0
CIRCLE: _ZN7FunctorIvJEE14method_wrapperI12AP_ESC_TelemXadL_ZNS2_6updateEvEEEEvPv @ 0xae30f0
CIRCLE: _ZNK12AP_ESC_Telem11get_raw_rpmEhRf @ 0x707700
CIRCLE: _ZN6AP_HAL15timeout_expiredIjjmEEbT_T0_T1_ @ 0xae31a0
CIRCLE: _ZN10AP_Vehicle30send_watchdog_reset_statustextEv @ 0x7077d0
CIRCLE: _ZN7FunctorIvJEE14method_wrapperI10AP_VehicleXadL_ZNS2_30send_watchdog_reset_statustextEvEEEEvPv @ 0xae3220
CIRCLE: _ZN8AP_Tramp6updateEv @ 0x707930
CIRCLE: _ZN7FunctorIvJEE14method_wrapperI8AP_TrampXadL_ZNS2_6updateEvEEEEvPv @ 0xae32d0
CIRCLE: _ZN10AP_VideoTX6updateEv @ 0x708910
CIRCLE: _ZN7FunctorIvJEE14method_wrapperI10AP_VideoTXXadL_ZNS2_6updateEvEEEEvPv @ 0xae3500
CIRCLE: _ZN10AP_Vehicle38update_dynamic_notch_at_specified_rateEv @ 0x708b40
CIRCLE: _ZN7FunctorIvJEE14method_wrapperI10AP_VehicleXadL_ZNS2_38update_dynamic_notch_at_specified_rateEvEEEEvPv @ 0xae35b0
CIRCLE: _ZNK25HarmonicNotchFilterParams9hasOptionENS_7OptionsE @ 0xae3660
CIRCLE: _ZN10AP_Vehicle20update_dynamic_notchERN17AP_InertialSensor13HarmonicNotchE @ 0x708c90
CIRCLE: _ZN10AP_GyroFFT17update_parametersEv @ 0xae3a10
CIRCLE: _ZN7FunctorIvJEE14method_wrapperI10AP_GyroFFTXadL_ZNS2_17update_parametersEvEEEEvPv @ 0xae3a60
CIRCLE: _ZN10AP_GyroFFT17update_parametersEb @ 0x709ef0
CIRCLE: _ZN10AP_GyroFFT6updateEv @ 0x70a290
CIRCLE: _ZN7FunctorIvJEE14method_wrapperI10AP_GyroFFTXadL_ZNS2_6updateEvEEEEvPv @ 0xae3b10
CIRCLE: _ZN14AP_NMEA_Output6updateEv @ 0x70a420
CIRCLE: _ZN7FunctorIvJEE14method_wrapperI14AP_NMEA_OutputXadL_ZNS2_6updateEvEEEEvPv @ 0xae3bc0
CIRCLE: _ZN7FunctorIvJEE14method_wrapperI9AP_NotifyXadL_ZNS2_6updateEvEEEEvPv @ 0xae3c70
CIRCLE: _ZN7Compass10cal_updateEv @ 0x70b490
CIRCLE: _ZN7FunctorIvJEE14method_wrapperI7CompassXadL_ZNS2_10cal_updateEvEEEEvPv @ 0xae3d20
CIRCLE: _ZN11AP_Airspeed6updateEv @ 0x70bfe0
CIRCLE: _ZN7FunctorIvJEE14method_wrapperI11AP_AirspeedXadL_ZNS2_6updateEvEEEEvPv @ 0xae3e30
CIRCLE: _ZN11AP_Airspeed4readEh @ 0x70c1d0
CIRCLE: _ZN11AP_Airspeed21check_sensor_failuresEv @ 0x70c9f0
CIRCLE: _ZN11AP_Airspeed12Log_AirspeedEv @ 0x70ca70
CIRCLE: _ZNK11AP_Airspeed16get_raw_airspeedEh @ 0x70cd40
CIRCLE: _ZNK11AP_Airspeed25get_differential_pressureEh @ 0x70cdf0
CIRCLE: _ZNK11AP_Airspeed22get_corrected_pressureEh @ 0x70ce90
CIRCLE: _ZNK11AP_Airspeed10get_offsetEh @ 0x70cf30
CIRCLE: _ZNK11AP_Airspeed22get_health_probabilityEh @ 0xae3ee0
CIRCLE: _ZNK11AP_Airspeed14get_test_ratioEh @ 0xae3f50
CIRCLE: _ZNK11AP_Airspeed11get_primaryEv @ 0xae3fc0
CIRCLE: _ZN11AP_Airspeed35check_sensor_ahrs_wind_max_failuresEh @ 0x70cff0
CIRCLE: _ZNK7AP_AHRS20airspeed_health_dataERfS0_Rj @ 0x70d910
CIRCLE: _ZL3MAXI9AP_ParamTIfL11ap_var_type4EEfEDTqugtfp_fp0_fp_fp0_ERKT_RKT0_.19060 @ 0x70da00
CIRCLE: _ZNK7NavEKF319getAirSpdHealthDataERfS0_Rj @ 0x70da90
CIRCLE: _ZNK12NavEKF3_core19getAirSpdHealthDataERfS0_Rj @ 0x70db60
CIRCLE: _ZN10AP_GyroFFT12sample_gyrosEv @ 0x70e290
CIRCLE: _ZN7FunctorIvJEE14method_wrapperI10AP_GyroFFTXadL_ZNS2_12sample_gyrosEvEEEEvPv @ 0xae4010
CIRCLE: _ZN10AP_Vehicle4loopEv @ 0x70eb30
CIRCLE: _ZN12AP_Scheduler4loopEv @ 0x70edd0
CIRCLE: _ZN12AP_Scheduler17get_loop_period_sEv @ 0xae7000
CIRCLE: _ZN17AP_InertialSensor15wait_for_sampleEv @ 0x70f370
CIRCLE: _ZN12AP_Scheduler4tickEv @ 0x70f8b0
CIRCLE: _ZN12AP_Scheduler3runEj @ 0x70f910
CIRCLE: _ZN2AP8PerfInfo15check_loop_timeEj @ 0x70fec0
CIRCLE: _ZL15fill_nanf_stackv @ 0x710050
CIRCLE: _ZN2AP8PerfInfo16update_task_infoEhtb @ 0x7100a0
CIRCLE: _ZNK7AP_AHRS14get_accel_biasEv @ 0xae73b0
CIRCLE: _ZNK6AP_GPS15ground_speed_cmEv @ 0xae7410
CIRCLE: _ZNK7AP_AHRS24_get_primary_accel_indexEv @ 0x716980
CIRCLE: _ZNK7AP_AHRS22_get_primary_IMU_indexEv @ 0x7169d0
CIRCLE: _ZNK7NavEKF322getPrimaryCoreIMUIndexEv @ 0x716b30
CIRCLE: _ZNK17AP_InertialSensor21get_first_usable_gyroEv @ 0xae7470
CIRCLE: _ZNK12NavEKF3_core11getIMUIndexEv @ 0xae74c0
CIRCLE: _ZNK14AP_BattMonitor17has_cell_voltagesEh @ 0x716c60
CIRCLE: _ZN2AP3EFIEv @ 0x7174b0
CIRCLE: _ZN6AP_EFI13get_singletonEv @ 0xae7e50
CIRCLE: _ZN16FilterWithBufferIfLh5EE5applyEf @ 0xae8450
CIRCLE: _ZN7FunctorIvJEE14method_wrapperI10AP_VehicleXadL_ZNS2_18fence_checks_asyncEvEEEEvPv @ 0xae87f0
CIRCLE: _ZN13AP_Filesystem5writeEiPKvj @ 0x718120
CIRCLE: _ZNK11AP_ICEngine29allow_throttle_while_disarmedEv @ 0x720150
CIRCLE: _ZNK11AP_ICEngine10option_setENS_7OptionsE @ 0xaebd00
CIRCLE: _ZL3MAXIjjEDTqugtfp_fp0_fp_fp0_ERKT_RKT0_.5212 @ 0x726770
CIRCLE: _ZN15ekf_ring_buffer4pushEPKv @ 0x7267f0
CIRCLE: _ZNK15ekf_ring_buffer10get_offsetEh @ 0x7268f0
CIRCLE: _ZL3MAXIjjEDTqugtfp_fp0_fp_fp0_ERKT_RKT0_.20153 @ 0x726b00
CIRCLE: _ZL7radiansf.5217 @ 0x727c90
CIRCLE: _ZL3MAXIffEDTqugtfp_fp0_fp_fp0_ERKT_RKT0_.5204 @ 0x727ce0
CIRCLE: _ZN11QuaternionTIdEC2Edddd @ 0xaed620
CIRCLE: _ZN11QuaternionTIfEmLERKS0_ @ 0xaed6d0
CIRCLE: _ZNK7AP_AHRS38get_relative_position_NED_origin_floatER7Vector3IfE @ 0x728030
CIRCLE: _ZNK7AP_AHRS32get_relative_position_NED_originER7Vector3IdE @ 0x728200
CIRCLE: _ZNK7NavEKF38getPosNEER7Vector2IdE @ 0x7284a0
CIRCLE: _ZNK11AP_AHRS_SIM12get_locationER8Location @ 0x7287d0
CIRCLE: _ZN2AP5statsEv @ 0x72ab70
CIRCLE: _ZN8AP_Stats13get_singletonEv @ 0xaee5c0
CIRCLE: _ZN19AP_Airspeed_Backend12has_airspeedEv @ 0xaeef80
CIRCLE: _ZN19AP_Airspeed_Backend14get_hygrometerERjRfS1_ @ 0xaef0f0
CIRCLE: _ZNK19AP_Airspeed_Backend7get_pinEv @ 0x731630
CIRCLE: _ZN18AP_Airspeed_Analog25get_differential_pressureERf @ 0x731700
CIRCLE: _ZN18AP_Airspeed_Analog15get_temperatureERf @ 0xaf0320
CIRCLE: _ZNK19AP_Airspeed_Backend13get_psi_rangeEv @ 0x7317f0
CIRCLE: _ZNK7AP_AHRS8get_gyroEv @ 0xaf0e20
CIRCLE: _ZNK7AP_AHRS17airspeed_estimateERf @ 0x755dc0
CIRCLE: _ZNK17AP_InertialSensor20get_vibration_levelsEv @ 0xaf0e80
CIRCLE: _ZNK17AP_InertialSensor20get_vibration_levelsEh @ 0x755ec0
CIRCLE: _ZNK10DigitalLPFI7Vector3IfEE3getEv @ 0xaf0f00
CIRCLE: _ZNK11QuaternionTIdE7is_zeroEv @ 0xaf0fb0
CIRCLE: _ZN12NavEKF3_core18getEarthFieldTableERK8Location @ 0x7571e0
CIRCLE: _ZN14AP_Declination15get_declinationEff @ 0x7572e0
CIRCLE: _ZNK12NavEKF3_core14MagDeclinationEv @ 0x757370
CIRCLE: _ZN12NavEKF3_core15FuseDeclinationEd @ 0x7575d0
CIRCLE: _ZN18NavEKF_core_common10zero_rangeEPdhh @ 0xaf1150
CIRCLE: _ZN12NavEKF3_core13ForceSymmetryEv @ 0x758630
CIRCLE: _ZN12NavEKF3_core18ConstrainVariancesEv @ 0x758780
CIRCLE: _ZN11QuaternionTIdE9normalizeEv @ 0xaf11e0
CIRCLE: _ZNK11QuaternionTIdE6lengthEv @ 0xaf12c0
CIRCLE: _Z20constrain_value_lineIdET_S0_S0_S0_j @ 0xaf1380
CIRCLE: _ZNK9AP_ParamTIfL11ap_var_type4EEcvdEv @ 0xaf1500
CIRCLE: _ZL7radiansf.5420 @ 0x7591f0
CIRCLE: _ZL2sqf.5342 @ 0x759d10
CIRCLE: _ZNK8Location21get_distance_NE_ftypeERKS_ @ 0x759e60
CIRCLE: _ZN16EKF_IMU_buffer_tIN12NavEKF3_core15output_elementsEEixEj @ 0xaf1620
CIRCLE: _ZNK14ekf_imu_buffer3getEh @ 0x75a110
CIRCLE: _ZNK14ekf_imu_buffer10get_offsetEh @ 0x75a170
CIRCLE: _ZNK14AP_BattMonitor11consumed_whERfh @ 0x75bd10
CIRCLE: _ZNK14AP_BattMonitor18overpower_detectedEh @ 0x75be00
CIRCLE: _ZNK6AP_GPS8get_vdopEh @ 0xaf1780
CIRCLE: _ZNK6AP_GPS16last_fix_time_msEh @ 0xaf17f0
CIRCLE: _ZNK6AP_GPS20last_message_time_msEh @ 0xaf1860
CIRCLE: _ZNK6AP_GPS22have_vertical_velocityEh @ 0xaf18d0
CIRCLE: _ZNK6AP_GPS18get_antenna_offsetEh @ 0x75df80
CIRCLE: _ZNK14AP_GPS_Blended18get_antenna_offsetEv @ 0xaf1950
CIRCLE: _ZNK6AP_GPS11gps_yaw_degEhRfS0_Rj @ 0x75e050
CIRCLE: _ZNK6AP_GPS11is_rtk_baseEh @ 0x75e240
CIRCLE: _ZNK6AP_GPS12have_gps_yawEh @ 0xaf19a0
CIRCLE: _ZNK11RangeFinder15has_orientationE8Rotation @ 0x760100
CIRCLE: _ZNK11RangeFinder13status_orientE8Rotation @ 0x760440
CIRCLE: _ZNK3GCS29sysid_mygcs_last_seen_time_msEv @ 0xaf1df0
CIRCLE: _ZNK10AP_Vehicle18get_time_flying_msEv @ 0xaf1f50
CIRCLE: _ZN12SRV_Channels23get_output_channel_maskEN11SRV_Channel8FunctionE @ 0x765da0
CIRCLE: _ZN11SRV_Channel9output_chEv @ 0x766bc0
CIRCLE: _ZNK10RC_Channel13norm_input_dzEv @ 0x766f20
CIRCLE: _ZN11SRV_Channel12set_overrideEb @ 0xaf2150
CIRCLE: _ZN12SRV_Channels17set_output_scaledEN11SRV_Channel8FunctionEf @ 0x7674e0
CIRCLE: _ZNK10AP_Mission5stateEv @ 0xaf2510
CIRCLE: _ZN19AP_ServoRelayEvents13update_eventsEv @ 0x770150
CIRCLE: _ZNK9QuadPlane18in_assisted_flightEv @ 0xaf2e40
CIRCLE: _ZN9QuadPlane15PosControlState9set_stateENS_22position_control_stateE @ 0x772090
CIRCLE: _ZN11QuaternionTIfE15from_axis_angleE7Vector3IfE @ 0xaf2f20
CIRCLE: _ZNK9AP_Follow11have_targetEv @ 0x776a70
CIRCLE: _ZN9AP_Follow13get_singletonEv @ 0xaf3a20
CIRCLE: _ZNK6AC_PID12get_pid_infoEv @ 0xaf3ba0
CIRCLE: _ZN12AP_Scripting19is_handling_commandEt @ 0x77bc40
CIRCLE: _ZNK7Vector3IfE6is_infEv @ 0xaf4740
CIRCLE: _ZN7Vector2IfE9normalizeEv @ 0xaf4a70
CIRCLE: _ZN7Vector2IfEdVEf @ 0xaf4ad0
CIRCLE: _ZNK7Vector2IfE6is_infEv @ 0xaf4b50
CIRCLE: _ZL3MAXIjjEDTqugtfp_fp0_fp_fp0_ERKT_RKT0_.6748 @ 0x7ae880
CIRCLE: _ZN9AP_Logger19file_content_updateEv @ 0x7aea80
CIRCLE: _ZN9AP_Logger19file_content_updateERNS_11FileContentE @ 0x7aebe0
CIRCLE: _ZN17AP_Logger_Backend14periodic_tasksEv @ 0x7b1440
CIRCLE: _ZNK17AP_Logger_Backend13StartNewLogOKEv @ 0x7b1830
CIRCLE: _ZN17AP_Logger_Backend24WriteMoreStartupMessagesEv @ 0x7b1910
CIRCLE: _ZNK17AP_Logger_Backend15logging_enabledEv @ 0x7b3930
CIRCLE: _ZN17AP_Logger_Backend13periodic_10HzEj @ 0x7b3a60
CIRCLE: _ZN17AP_Logger_Backend12periodic_1HzEv @ 0x7b3ab0
CIRCLE: _ZN17AP_Logger_Backend15push_log_blocksEv @ 0x7b3b40
CIRCLE: _ZN17AP_Logger_Backend12df_stats_logEv @ 0x7b3ba0
CIRCLE: _ZN17AP_Logger_Backend26Write_AP_Logger_Stats_FileERKNS_8df_statsE @ 0x7b3c10
CIRCLE: _ZN17AP_Logger_Backend14df_stats_clearEv @ 0x7b3d20
CIRCLE: _ZNK17AP_Logger_Backend31critical_message_reserved_spaceEj @ 0xaf6ae0
CIRCLE: _ZN17AP_Logger_Backend15df_stats_gatherEtj @ 0x7b61f0
CIRCLE: _ZNK14AP_Logger_File15logging_startedEv @ 0xaf6f70
CIRCLE: _ZN14AP_Logger_File21bufferspace_availableEv @ 0x7b8ef0
CIRCLE: _ZNK14AP_Logger_File14logging_failedEv @ 0x7b9500
CIRCLE: _ZN14AP_Logger_File8io_timerEv @ 0x7b95c0
CIRCLE: _ZN14AP_Logger_File12periodic_1HzEv @ 0x7b9b90
CIRCLE: _ZN14AP_Logger_File17periodic_fullrateEv @ 0x7b9e40
CIRCLE: _ZNK14AP_Logger_File8WritesOKEv @ 0x7b9e90
CIRCLE: _ZNK14AP_Logger_File13StartNewLogOKEv @ 0x7b9f20
CIRCLE: _ZN14AP_Logger_File22_WritePrioritisedBlockEPKvtb @ 0x7ba0d0
CIRCLE: _ZN7AP_AHRS6updateEb @ 0x7ba340
CIRCLE: _ZN7AP_AHRS18update_orientationEv @ 0x7ba680
CIRCLE: _ZN17AP_InertialSensor6updateEv @ 0x7ba780
CIRCLE: _ZN7AP_AHRS29update_trim_rotation_matricesEv @ 0x7badf0
CIRCLE: _ZN7AP_AHRS10update_DCMEv @ 0x7baf00
CIRCLE: _ZN7AP_AHRS12update_flagsEv @ 0x7bafa0
CIRCLE: _ZN7AP_AHRS11update_SITLEv @ 0x7bb060
CIRCLE: _ZN7AP_AHRS15update_externalEv @ 0x7bb110
CIRCLE: _ZN7AP_AHRS11update_EKF2Ev @ 0x7bb230
CIRCLE: _ZN7AP_AHRS11update_EKF3Ev @ 0x7bb720
CIRCLE: _ZNK7AP_AHRS14get_gyro_driftEv @ 0xaf6fd0
CIRCLE: _ZN7AP_AHRS14update_AOA_SSAEv @ 0x7bbf10
CIRCLE: _ZNK7AP_AHRS16_active_EKF_typeEv @ 0x7bc170
CIRCLE: _ZN7AP_AHRS12update_stateEv @ 0x7bc6a0
CIRCLE: _ZNK7AP_AHRS23_get_primary_gyro_indexEv @ 0x7bc940
CIRCLE: _ZNK7AP_AHRS23_get_primary_core_indexEv @ 0x7bc9f0
CIRCLE: _ZNK7AP_AHRS14_wind_estimateER7Vector3IfE @ 0x7bcac0
CIRCLE: _ZN15AP_AHRS_Backend11get_EAS2TASEv @ 0x7bcbf0
CIRCLE: _ZNK7AP_AHRS13_airspeed_EASERfRNS_20AirspeedEstimateTypeE @ 0x7bcc30
CIRCLE: _ZNK7AP_AHRS13_airspeed_TASERf @ 0x7bd1b0
CIRCLE: _ZNK7AP_AHRS13_airspeed_TASER7Vector3IfE @ 0x7bd2c0
CIRCLE: _ZNK7AP_AHRS15_get_quaternionER11QuaternionTIfE @ 0x7bd3a0
CIRCLE: _ZNK7AP_AHRS23_get_secondary_attitudeER7Vector3IfE @ 0x7bd560
CIRCLE: _ZNK7AP_AHRS25_get_secondary_quaternionER11QuaternionTIfE @ 0x7bd760
CIRCLE: _ZNK7AP_AHRS13_get_locationER8Location @ 0x7bd910
CIRCLE: _ZNK7AP_AHRS23_get_secondary_positionER8Location @ 0x7bda90
CIRCLE: _ZN7AP_AHRS19_groundspeed_vectorEv @ 0x7bdbe0
CIRCLE: _ZN7AP_AHRS12_groundspeedEv @ 0x7bdd10
CIRCLE: _ZNK7AP_AHRS29_getCorrectedDeltaVelocityNEDER7Vector3IfERf @ 0x7bdde0
CIRCLE: _ZNK7AP_AHRS17_get_velocity_NEDER7Vector3IfE @ 0x7be070
CIRCLE: _ZNK7NavEKF39getVelNEDER7Vector3IfE @ 0x7be230
CIRCLE: _ZNK12NavEKF3_core9getVelNEDER7Vector3IfE @ 0x7be560
CIRCLE: _ZNK12NavEKF2_core9getVelNEDER7Vector3IfE @ 0x7be610
CIRCLE: _ZNK7NavEKF312getAccelBiasEaR7Vector3IfE @ 0x7be750
CIRCLE: _ZNK17AP_InertialSensor18get_delta_velocityEhR7Vector3IfERf @ 0x7be820
CIRCLE: _ZNK7AP_AHRS43get_rotation_autopilot_body_to_vehicle_bodyEv @ 0xaf70c0
CIRCLE: _ZNK17AP_InertialSensor14get_delta_timeEv @ 0xaf7110
CIRCLE: _ZL3MINIffEDTqultfp_fp0_fp_fp0_ERKT_RKT0_.4188 @ 0x7be9d0
CIRCLE: _ZL3MINIffEDTqultfp_fp0_fp_fp0_ERKT_RKT0_.2602 @ 0x7bea60
CIRCLE: _ZNK12NavEKF3_core12getAccelBiasER7Vector3IfE @ 0x7beaf0
CIRCLE: _ZNK12NavEKF2_core13getAccelZBiasERf @ 0x7bebd0
CIRCLE: _ZL7radiansf.2590 @ 0x7bf1e0
CIRCLE: _ZNK7AP_AHRS23_get_secondary_EKF_typeERNS_7EKFTypeE @ 0x7bf230
CIRCLE: _ZNK7NavEKF36getLLHER8Location @ 0x7bf420
CIRCLE: _ZNK12NavEKF3_core6getLLHER8Location @ 0x7bf4c0
CIRCLE: _ZNK10AP_DAL_GPS6statusEv @ 0xaf7380
CIRCLE: _ZNK7AP_AHRS24fallback_active_EKF_typeEv @ 0x7bfa90
CIRCLE: _ZNK11AP_AHRS_DCM14get_quaternionER11QuaternionTIfE @ 0x7bfae0
CIRCLE: _ZNK7NavEKF313getQuaternionER11QuaternionTIfE @ 0x7bfbe0
CIRCLE: _ZN11QuaternionTIfE6rotateERK7Vector3IfE @ 0xaf73f0
CIRCLE: _ZN15AP_ExternalAHRS14get_quaternionER11QuaternionTIfE @ 0x7bfce0
CIRCLE: _ZNK12NavEKF3_core13getQuaternionER11QuaternionTIfE @ 0x7bfd90
CIRCLE: _ZNK11QuaternionTIdE7tofloatEv @ 0xaf74a0
CIRCLE: _ZNK12NavEKF2_core13getQuaternionER11QuaternionTIfE @ 0x7bfe20
CIRCLE: _ZNK7NavEKF314getEulerAnglesER7Vector3IfE @ 0x7bff40
CIRCLE: _ZNK7NavEKF312getAirSpdVecER7Vector3IfE @ 0x7c0120
CIRCLE: _ZNK12NavEKF3_core12getAirSpdVecER7Vector3IfE @ 0x7c01c0
CIRCLE: _ZNK11QuaternionTIdE7inverseEv @ 0xaf7520
CIRCLE: _ZNK7AP_AHRS25get_active_airspeed_indexEv @ 0x7c05c0
CIRCLE: _ZNK7AP_AHRS27_should_use_airspeed_sensorEh @ 0x7c06c0
CIRCLE: _ZNK7AP_AHRS27get_wind_estimation_enabledEv @ 0xaf75d0
CIRCLE: _ZNK7NavEKF37getWindER7Vector3IfE @ 0x7c09d0
CIRCLE: _ZNK12NavEKF3_core7getWindER7Vector3IfE @ 0x7c0af0
CIRCLE: _ZN15AP_AHRS_Backend23airspeed_sensor_enabledEh @ 0xaf7690
CIRCLE: _ZNK7AP_AHRS23airspeed_sensor_enabledEh @ 0xaf7770
CIRCLE: _ZNK7AP_AHRS10option_setENS_7OptionsE @ 0xaf77d0
CIRCLE: _ZNK7NavEKF317getActiveAirspeedEv @ 0x7c0cc0
CIRCLE: _ZNK12NavEKF3_core17getActiveAirspeedEv @ 0x7c0d50
CIRCLE: _ZNK7AP_Baro12_get_EAS2TASEv @ 0x7c0da0
CIRCLE: _ZNK7AP_Baro20get_EAS2TAS_extendedEf @ 0x7c0e10
CIRCLE: _ZNK12NavEKF2_core7getWindER7Vector3IfE @ 0x7c0fe0
CIRCLE: _ZNK7NavEKF219getPrimaryCoreIndexEv @ 0x7c1070
CIRCLE: _ZNK7NavEKF319getPrimaryCoreIndexEv @ 0x7c10e0
CIRCLE: _ZNK7NavEKF326configuredToUseGPSForPosXYEv @ 0x7c1300
CIRCLE: _ZNK11AP_AHRS_DCM20yaw_source_availableEv @ 0x7c1380
CIRCLE: _ZNK16AP_NavEKF_Source14getPosXYSourceEh @ 0xaf7930
CIRCLE: _ZL7degreesf.2538 @ 0x7c13e0
CIRCLE: _ZNK7AP_AHRS9calc_trigERK7Matrix3IfERfS4_S4_S4_S4_S4_ @ 0x7c1480
CIRCLE: _ZNK9AP_Logger15allow_start_ekfEv @ 0x7c1870
CIRCLE: _ZN7NavEKF312UpdateFilterEv @ 0x7c1f40
CIRCLE: _ZNK7NavEKF320getRotationBodyToNEDER7Matrix3IfE @ 0x7c2510
CIRCLE: _ZN7AP_AHRS16update_cd_valuesEv @ 0x7c25a0
CIRCLE: _ZN7AP_AHRS11update_trigEv @ 0x7c26e0
CIRCLE: _ZNK17AP_InertialSensor22get_first_usable_accelEv @ 0xaf79b0
CIRCLE: _ZNK7NavEKF311getGyroBiasEaR7Vector3IfE @ 0x7c27c0
CIRCLE: _ZN7AP_AHRS32update_notify_from_filter_statusERK17nav_filter_status @ 0x7c2890
CIRCLE: _ZNK12NavEKF3_core11getGyroBiasER7Vector3IfE @ 0x7c2940
CIRCLE: _ZN6AP_DAL11start_frameENS_9FrameTypeE @ 0x7c2a20
CIRCLE: _ZNK6AP_DAL8micros64Ev @ 0xaf7a00
CIRCLE: _ZNK12NavEKF3_core21getFramesSincePredictEv @ 0x7c2f00
CIRCLE: _ZN6AP_DAL22ekf_low_time_remainingENS_7EKFTypeEh @ 0x7c2f60
CIRCLE: _ZN12NavEKF3_core12UpdateFilterEb @ 0x7c30a0
CIRCLE: _ZNK6AP_DAL9get_armedEv @ 0xaf7a50
CIRCLE: _ZN7NavEKF321updateCoreErrorScoresEv @ 0x7c32d0
CIRCLE: _ZN7NavEKF324updateCoreRelativeErrorsEv @ 0x7c3390
CIRCLE: _ZNK7NavEKF315coreBetterScoreEhh @ 0x7c3530
CIRCLE: _ZN16AP_NavEKF_Source22align_inactive_sourcesEv @ 0x7c3730
CIRCLE: _ZNK16AP_NavEKF_Source13getPosZSourceEh @ 0x7c39e0
CIRCLE: _ZNK7AP_EnumIN16AP_NavEKF_Source7SourceZEEcvKS1_Ev @ 0xaf7b30
CIRCLE: _ZL3MAXI9AP_ParamTIfL11ap_var_type4EEfEDTqugtfp_fp0_fp_fp0_ERKT_RKT0_ @ 0x7c3bc0
CIRCLE: _ZN18NavEKF_core_common22fill_scratch_variablesEv @ 0x7c3c50
CIRCLE: _ZN12NavEKF3_core23update_sensor_selectionEv @ 0x7c3cf0
CIRCLE: _ZN12NavEKF3_core18controlFilterModesEv @ 0x7c3d60
CIRCLE: _ZN12NavEKF3_core11readIMUDataEb @ 0x7c3e30
CIRCLE: _ZN12NavEKF3_core27UpdateStrapdownEquationsNEDEv @ 0x7c4700
CIRCLE: _ZN12NavEKF3_core20CovariancePredictionEP7Vector3IdE @ 0x7c4be0
CIRCLE: _ZN12NavEKF3_core25runYawEstimatorPredictionEv @ 0x7cf3d0
CIRCLE: _ZN12NavEKF3_core15SelectMagFusionEv @ 0x7cf530
CIRCLE: _ZN12NavEKF3_core18SelectVelPosFusionEv @ 0x7d0260
CIRCLE: _ZN12NavEKF3_core25runYawEstimatorCorrectionEv @ 0x7d0c20
CIRCLE: _ZN12NavEKF3_core18SelectRngBcnFusionEv @ 0x7d0e10
CIRCLE: _ZN12NavEKF3_core16SelectFlowFusionEv @ 0x7d0f40
CIRCLE: _ZN12NavEKF3_core20SelectBodyOdomFusionEv @ 0x7d1220
CIRCLE: _ZN12NavEKF3_core15SelectTasFusionEv @ 0x7d14d0
CIRCLE: _ZN12NavEKF3_core20SelectBetaDragFusionEv @ 0x7d15d0
CIRCLE: _ZN12NavEKF3_core18updateFilterStatusEv @ 0x7d1890
CIRCLE: _ZN12NavEKF3_core13moveEKFOriginEv @ 0x7d21d0
CIRCLE: _ZN12NavEKF3_core21checkUpdateEarthFieldEv @ 0x7d2380
CIRCLE: _ZN12NavEKF3_core16calcOutputStatesEv @ 0x7d2440
CIRCLE: _ZN12NavEKF3_core11readMagDataEv @ 0x7d3790
CIRCLE: _ZN12NavEKF3_core11readGpsDataEv @ 0x7d3ca0
CIRCLE: _ZN12NavEKF3_core14readGpsYawDataEv @ 0x7d4630
CIRCLE: _ZN12NavEKF3_core12readBaroDataEv @ 0x7d4760
CIRCLE: _ZN6AP_DAL3insEv @ 0xaf7be0
CIRCLE: _ZNK21AP_DAL_InertialSensor9get_accelEh @ 0xaf7c30
CIRCLE: _ZL2sqf.5403 @ 0x7d6790
CIRCLE: _ZNK16AP_NavEKF_Source13useVelZSourceENS_7SourceZEh @ 0x7d6900
CIRCLE: _ZNK12NavEKF3_core26CorrectGPSForAntennaOffsetERNS_12gps_elementsE @ 0x7d6a30
CIRCLE: _ZNK10AP_DAL_GPS18get_antenna_offsetEh @ 0xaf7f00
CIRCLE: _ZNK7Vector3IdErmERKS0_ @ 0xaf7f70
CIRCLE: _ZNK7Matrix3IdE13mul_transposeERK7Vector3IdE @ 0xaf8050
CIRCLE: _ZN7Vector3IdEdVEd @ 0xaf8160
CIRCLE: _ZNK21AP_DAL_InertialSensor16get_loop_delta_tEv @ 0xaf81f0
CIRCLE: _ZNK14AP_DAL_Compass16get_first_usableEv @ 0xaf8610
CIRCLE: _ZNK11AP_DAL_Baro15get_last_updateEh @ 0xaf8880
CIRCLE: _ZNK11AP_DAL_Baro12get_altitudeEh @ 0xaf88f0
CIRCLE: _ZN16EKF_obs_buffer_tIN12NavEKF3_core13baro_elementsEE4pushERKS1_ @ 0xaf8960
CIRCLE: _ZNK10AP_DAL_GPS11gps_yaw_degEhRfS0_Rj @ 0xaf89d0
CIRCLE: _ZL3MAXIfdEDTqugtfp_fp0_fp_fp0_ERKT_RKT0_ @ 0x7d7430
CIRCLE: _ZNK10AP_DAL_GPS20last_message_time_msEh @ 0xaf8af0
CIRCLE: _ZNK10AP_DAL_GPS7get_lagEhRf @ 0xaf8b60
CIRCLE: _ZL3MINIjjEDTqultfp_fp0_fp_fp0_ERKT_RKT0_.5220 @ 0x7d7630
CIRCLE: _ZNK10AP_DAL_GPS8velocityEh @ 0xaf8c10
CIRCLE: _ZNK10AP_DAL_GPS22have_vertical_velocityEh @ 0xaf8c80
CIRCLE: _ZNK10AP_DAL_GPS14speed_accuracyEhRf @ 0xaf8d00
CIRCLE: _ZL3MAXIdfEDTqugtfp_fp0_fp_fp0_ERKT_RKT0_.5216 @ 0x7d76b0
CIRCLE: _ZL3MINIdfEDTqultfp_fp0_fp_fp0_ERKT_RKT0_ @ 0x7d7750
CIRCLE: _ZL3MAXId9AP_ParamTIfL11ap_var_type4EEEDTqugtfp_fp0_fp_fp0_ERKT_RKT0_ @ 0x7d77f0
CIRCLE: _ZNK10AP_DAL_GPS19horizontal_accuracyEhRf @ 0xaf8db0
CIRCLE: _ZNK10AP_DAL_GPS17vertical_accuracyEhRf @ 0xaf8e60
CIRCLE: _ZNK10AP_DAL_GPS8num_satsEh @ 0xaf8f10
CIRCLE: _ZN12NavEKF3_core18calcGpsGoodToAlignEv @ 0x7d78a0
CIRCLE: _ZN12NavEKF3_core20calcGpsGoodForFlightEv @ 0x7d8800
CIRCLE: _ZN16EKF_obs_buffer_tIN12NavEKF3_core12gps_elementsEE4pushERKS1_ @ 0xaf8f80
CIRCLE: _ZL3MAXIddEDTqugtfp_fp0_fp_fp0_ERKT_RKT0_.5381 @ 0x7d8cc0
CIRCLE: _ZL3MINIdfEDTqultfp_fp0_fp_fp0_ERKT_RKT0_.5368 @ 0x7d8d40
CIRCLE: _ZNK10AP_DAL_GPS8get_hdopEh @ 0xaf8ff0
CIRCLE: _ZNK14AP_DAL_Compass9availableEv @ 0xaf9060
CIRCLE: _ZNK14AP_DAL_Compass9get_countEv @ 0xaf90c0
CIRCLE: _ZNK14AP_DAL_Compass21learn_offsets_enabledEv @ 0xaf9110
CIRCLE: _ZNK14AP_DAL_Compass7healthyEh @ 0xaf9170
CIRCLE: _ZNK14AP_DAL_Compass16last_update_usecEh @ 0xaf91e0
CIRCLE: _ZNK14AP_DAL_Compass11get_offsetsEh @ 0xaf9250
CIRCLE: _ZNK7Vector3IdEneERKS0_ @ 0xaf92c0
CIRCLE: _ZN12NavEKF3_core12mag_elementsC2Ev @ 0xaf9390
CIRCLE: _ZNK14AP_DAL_Compass9get_fieldEh @ 0xaf93f0
CIRCLE: _ZNK14AP_DAL_Compass10consistentEv @ 0xaf9460
CIRCLE: _ZN16EKF_obs_buffer_tIN12NavEKF3_core12mag_elementsEE4pushERKS1_ @ 0xaf94c0
CIRCLE: _Z8is_equalIddENSt3__19enable_ifIXsr3std17is_floating_pointINS0_11common_typeIJT_T0_EE4typeEEE5valueEbE4typeES3_S4_ @ 0xaf9530
CIRCLE: _ZN12NavEKF3_core17correctDeltaAngleER7Vector3IdEdh @ 0x7d9020
CIRCLE: _ZN12NavEKF3_core20correctDeltaVelocityER7Vector3IdEdh @ 0x7d90e0
CIRCLE: _ZN11QuaternionTIdEC2Ev @ 0xaf95b0
CIRCLE: _ZN11QuaternionTIdE15from_axis_angleE7Vector3IdE @ 0xaf9620
CIRCLE: _ZN11QuaternionTIdEmLERKS0_ @ 0xaf96e0
CIRCLE: _ZNK11QuaternionTIdE15rotation_matrixER7Matrix3IdE @ 0xaf9880
CIRCLE: _ZNK21AP_DAL_InertialSensor8get_gyroEh @ 0xaf9a70
CIRCLE: _ZNK6AP_DAL20get_takeoff_expectedEv @ 0xaf9b80
CIRCLE: _ZN16EKF_IMU_buffer_tIN12NavEKF3_core12imu_elementsEE18get_youngest_indexEv @ 0xaf9bf0
CIRCLE: _ZN16EKF_IMU_buffer_tIN12NavEKF3_core12imu_elementsEE16get_oldest_indexEv @ 0xaf9c50
CIRCLE: _ZNK11QuaternionTIdEdvERKS0_ @ 0xaf9cb0
CIRCLE: _ZN11QuaternionTIdEixEh @ 0xaf9ed0
CIRCLE: _ZL3MAXIddEDTqugtfp_fp0_fp_fp0_ERKT_RKT0_.5431 @ 0x7d9200
CIRCLE: _ZN12NavEKF3_core15output_elementsC2Ev @ 0xaf9f40
CIRCLE: _ZNK14ekf_imu_buffer16get_oldest_indexEv @ 0xaf9fc0
CIRCLE: _ZNK14ekf_imu_buffer18get_youngest_indexEv @ 0xafa010
CIRCLE: _ZN11QuaternionTIdE15from_axis_angleERK7Vector3IdEd @ 0xafa060
CIRCLE: _ZNK6AP_DAL22get_touchdown_expectedEv @ 0xafa180
CIRCLE: _ZN12NavEKF3_core12FuseSideslipEv @ 0x7d92f0
CIRCLE: _ZN16EKF_obs_buffer_tIN12NavEKF3_core13drag_elementsEE6recallERS1_j @ 0xafa1e0
CIRCLE: _ZNK6AP_DAL11get_EAS2TASEv @ 0xafa260
CIRCLE: _ZN7Vector3IdEixEh @ 0xafa320
CIRCLE: _ZNK7Vector3IdEixEh @ 0xafa390
CIRCLE: _ZN7Vector2IdEixEh @ 0xafa400
CIRCLE: _ZN15ekf_ring_buffer6recallEPvj @ 0x7dfd60
CIRCLE: _ZNK15ekf_ring_buffer7time_msEh @ 0x7dfec0
CIRCLE: _ZN12NavEKF3_core14readAirSpdDataEv @ 0x7dff30
CIRCLE: _ZN12NavEKF3_core12FuseAirspeedEv @ 0x7e0360
CIRCLE: _ZL3MAXIdfEDTqugtfp_fp0_fp_fp0_ERKT_RKT0_.20297 @ 0x7e1b60
CIRCLE: _ZNK12NavEKF3_core11useAirspeedEv @ 0x7e1c00
CIRCLE: _ZNK15AP_DAL_Airspeed14last_update_msEh @ 0xafa470
CIRCLE: _ZNK15AP_DAL_Airspeed7healthyEh @ 0xafa4e0
CIRCLE: _ZNK15AP_DAL_Airspeed3useEh @ 0xafa550
CIRCLE: _ZNK15AP_DAL_Airspeed12get_airspeedEh @ 0xafa5c0
CIRCLE: _ZL2sqf.5223 @ 0x7e1c60
CIRCLE: _ZN16EKF_obs_buffer_tIN12NavEKF3_core12tas_elementsEE4pushERKS1_ @ 0xafa630
CIRCLE: _ZN16EKF_obs_buffer_tIN12NavEKF3_core12tas_elementsEE6recallERS1_j @ 0xafa6a0
CIRCLE: _ZNK6AP_DAL23airspeed_sensor_enabledEv @ 0xafa720
CIRCLE: _ZN16EKF_obs_buffer_tIN12NavEKF3_core16vel_odm_elementsEE6recallERS1_j @ 0xafa790
CIRCLE: _ZN16EKF_obs_buffer_tIN12NavEKF3_core18wheel_odm_elementsEE6recallERS1_j @ 0xafa810
CIRCLE: _ZN12NavEKF3_core11of_elementsC2Ev @ 0xafa890
CIRCLE: _ZN16EKF_obs_buffer_tIN12NavEKF3_core11of_elementsEE6recallERS1_j @ 0xafa920
CIRCLE: _ZNK7Vector2IdEixEh @ 0xafa9a0
CIRCLE: _ZN12NavEKF3_core14readRngBcnDataEv @ 0x7eeb30
CIRCLE: _ZN10EKFGSF_yaw11fuseVelDataERK7Vector2IdEd @ 0x7f27e0
CIRCLE: _ZNK12NavEKF3_core13EKFGSF_getYawERdS0_ @ 0x7f2be0
CIRCLE: _ZNK11QuaternionTIdE8to_eulerERdS1_S1_ @ 0xafae70
CIRCLE: _ZN7Matrix3IdEixEh @ 0xafb9f0
CIRCLE: _ZNK10EKFGSF_yaw10getYawDataERdS0_Ph @ 0x7f3550
CIRCLE: _ZL7radiansf.5184 @ 0x7f3630
CIRCLE: _ZL2sqf.5182 @ 0x7f3680
CIRCLE: _ZN10EKFGSF_yaw7correctEhRK7Vector2IdEd @ 0x7f3bf0
CIRCLE: _ZNK10EKFGSF_yaw15gaussianDensityEh @ 0x7f4fb0
CIRCLE: _ZL3MAXIdfEDTqugtfp_fp0_fp_fp0_ERKT_RKT0_.4687 @ 0x7f5330
CIRCLE: _ZN10EKFGSF_yaw13forceSymmetryEh @ 0x7f53d0
CIRCLE: _ZN16EKF_obs_buffer_tIN12NavEKF3_core16ext_nav_elementsEE6recallERS1_j @ 0xafbb60
CIRCLE: _ZN16EKF_obs_buffer_tIN12NavEKF3_core20ext_nav_vel_elementsEE6recallERS1_j @ 0xafbbe0
CIRCLE: _ZNK12NavEKF3_core35CalculateVelInnovationsAndVariancesERK7Vector3IdEddRS1_S4_ @ 0x7f5900
CIRCLE: _ZN16EKF_obs_buffer_tIN12NavEKF3_core12gps_elementsEE6recallERS1_j @ 0xafbc60
CIRCLE: _ZN12NavEKF3_core21selectHeightForFusionEv @ 0x7f5f40
CIRCLE: _ZN12NavEKF3_core13FuseVelPosNEDEv @ 0x7f7440
CIRCLE: _ZL3MAXIdfEDTqugtfp_fp0_fp_fp0_ERKT_RKT0_.5356 @ 0x7f9790
CIRCLE: _ZL3MAXI9AP_ParamTIfL11ap_var_type4EEfEDTqugtfp_fp0_fp_fp0_ERKT_RKT0_.5357 @ 0x7f9830
CIRCLE: _ZN12NavEKF3_core15readRangeFinderEv @ 0x7f98c0
CIRCLE: _ZN16EKF_obs_buffer_tIN12NavEKF3_core14range_elementsEE6recallERS1_j @ 0xafbce0
CIRCLE: _ZN16EKF_obs_buffer_tIN12NavEKF3_core13baro_elementsEE6recallERS1_j @ 0xafbdb0
CIRCLE: _ZL3MAXIddEDTqugtfp_fp0_fp_fp0_ERKT_RKT0_.5205 @ 0x7fa490
CIRCLE: _ZL3MAXI9AP_ParamTIfL11ap_var_type4EEfEDTqugtfp_fp0_fp_fp0_ERKT_RKT0_.5194 @ 0x7fa660
CIRCLE: _ZN16EKF_obs_buffer_tIN12NavEKF3_core12yaw_elementsEE6recallERS1_j @ 0xafc040
CIRCLE: _ZN16EKF_obs_buffer_tIN12NavEKF3_core12mag_elementsEE6recallERS1_j @ 0xafc0c0
CIRCLE: _ZN12NavEKF3_core18controlMagYawResetEv @ 0x7fc690
CIRCLE: _ZN12NavEKF3_core16FuseMagnetometerEv @ 0x7fcca0
CIRCLE: _ZN7Matrix3IdEC2Eddddddddd @ 0xafc140
CIRCLE: _ZNK7Matrix3IdEixEh @ 0xafc290
CIRCLE: _ZL3MAXIdfEDTqugtfp_fp0_fp_fp0_ERKT_RKT0_.5192 @ 0x8034e0
CIRCLE: _ZN12NavEKF3_core17MagTableConstrainEv @ 0x803580
CIRCLE: _ZNK11QuaternionTIdE13to_axis_angleER7Vector3IdE @ 0xafc300
CIRCLE: _ZL3MAXIdfEDTqugtfp_fp0_fp_fp0_ERKT_RKT0_.5149 @ 0x803c60
CIRCLE: _ZN10EKFGSF_yaw6updateERK7Vector3IdES3_ddbd @ 0x803d00
CIRCLE: _ZN10EKFGSF_yaw7predictEh @ 0x804790
CIRCLE: _ZN10EKFGSF_yaw11predictAHRSEh @ 0x8052e0
CIRCLE: _ZL7radiansf.4685 @ 0x805860
CIRCLE: _ZL2sqf.4686 @ 0x8058b0
CIRCLE: _ZNK10EKFGSF_yaw12updateRotMatERK7Matrix3IdERK7Vector3IdE @ 0x805900
CIRCLE: _ZN12NavEKF3_core21calcTiltErrorVarianceEv @ 0x8061e0
CIRCLE: _ZN12NavEKF3_core23verifyTiltErrorVarianceEv @ 0x8068c0
CIRCLE: _ZL3MINIffEDTqultfp_fp0_fp_fp0_ERKT_RKT0_.5423 @ 0x806cc0
CIRCLE: _ZN11QuaternionTIdE6rotateERK7Vector3IdE @ 0xafc8c0
CIRCLE: _ZN12NavEKF3_core15ConstrainStatesEv @ 0x806d50
CIRCLE: _ZNK21AP_DAL_InertialSensor9use_accelEh @ 0xafc980
CIRCLE: _ZNK21AP_DAL_InertialSensor8use_gyroEh @ 0xafca50
CIRCLE: _ZN12NavEKF3_core19learnInactiveBiasesEv @ 0x807190
CIRCLE: _ZN12NavEKF3_core19updateMovementCheckEv @ 0x807700
CIRCLE: _ZN12NavEKF3_core17readDeltaVelocityEhR7Vector3IdERd @ 0x807fa0
CIRCLE: _ZNK21AP_DAL_InertialSensor18get_imu_pos_offsetEh @ 0xafcb20
CIRCLE: _ZN12NavEKF3_core14readDeltaAngleEhR7Vector3IdERd @ 0x8080f0
CIRCLE: _ZN16EKF_IMU_buffer_tIN12NavEKF3_core12imu_elementsEE21push_youngest_elementES1_ @ 0xafcb90
CIRCLE: _ZN12NavEKF3_core14SampleDragDataERKNS_12imu_elementsE @ 0x808210
CIRCLE: _ZN16EKF_IMU_buffer_tIN12NavEKF3_core12imu_elementsEE18get_oldest_elementEv @ 0xafcbf0
CIRCLE: _ZN12NavEKF3_core22updateTimingStatisticsEv @ 0x8084c0
CIRCLE: _ZL3MINIfdEDTqultfp_fp0_fp_fp0_ERKT_RKT0_ @ 0x808770
CIRCLE: _ZN12NavEKF3_core12imu_elementsC2Ev @ 0xafcc70
CIRCLE: _ZN14ekf_imu_buffer18get_oldest_elementEPv @ 0x808810
CIRCLE: _ZN14ekf_imu_buffer21push_youngest_elementEPKv @ 0x8088d0
CIRCLE: _ZNK21AP_DAL_InertialSensor14get_gyro_countEv @ 0xafcd50
CIRCLE: _ZNK21AP_DAL_InertialSensor15get_delta_angleEhR7Vector3IfERf @ 0xafcda0
CIRCLE: _ZNK21AP_DAL_InertialSensor15get_accel_countEv @ 0xafcea0
CIRCLE: _ZNK21AP_DAL_InertialSensor18get_delta_velocityEhR7Vector3IfERf @ 0xafcef0
CIRCLE: _ZL7radiansi.5218 @ 0x8089c0
CIRCLE: _ZN12NavEKF3_core12detectFlightEv @ 0x808a20
CIRCLE: _ZN12NavEKF3_core27setWindMagStateLearningModeEv @ 0x808ee0
CIRCLE: _ZN12NavEKF3_core28checkAttitudeAlignmentStatusEv @ 0x809780
CIRCLE: _ZN12NavEKF3_core13setAidingModeEv @ 0x809890
CIRCLE: _ZN12NavEKF3_core12setYawSourceEv @ 0x80a800
CIRCLE: _ZN12NavEKF3_core18checkGyroCalStatusEv @ 0x80a8d0
CIRCLE: _ZL3MINIttEDTqultfp_fp0_fp_fp0_ERKT_RKT0_ @ 0x80afb0
CIRCLE: _ZL7radiansd.5136 @ 0x80b030
CIRCLE: _ZN12NavEKF3_core19updateStateIndexLimEv @ 0x80b120
CIRCLE: _ZL2sqf.5384 @ 0x80b200
CIRCLE: _ZN12NavEKF3_core20update_gps_selectionEv @ 0x80b310
CIRCLE: _ZN12NavEKF3_core20update_mag_selectionEv @ 0x80b410
CIRCLE: _ZN12NavEKF3_core21update_baro_selectionEv @ 0x80b550
CIRCLE: _ZN12NavEKF3_core25update_airspeed_selectionEv @ 0x80b630
CIRCLE: _ZNK15AP_DAL_Airspeed11get_primaryEv @ 0xafd030
CIRCLE: _ZNK11AP_DAL_Baro11get_primaryEv @ 0xafd080
CIRCLE: _Z9fill_nanfPdt @ 0x80b740
CIRCLE: _ZNK17AP_InertialSensor20get_last_update_usecEv @ 0xafd140
CIRCLE: _ZNK17AP_InertialSensor16get_loop_delta_tEv @ 0xafd190
CIRCLE: _ZNK7AP_AHRS17get_vehicle_classEv @ 0xafd1e0
CIRCLE: _ZNK7AP_AHRS20get_takeoff_expectedEv @ 0xafd230
CIRCLE: _ZNK7AP_AHRS22get_touchdown_expectedEv @ 0xafd290
CIRCLE: _ZNK7AP_AHRS8get_trimEv @ 0xafd2f0
CIRCLE: _ZN2AP12wheelencoderEv @ 0x80bb60
CIRCLE: _ZNK7AP_AHRS43get_rotation_vehicle_body_to_autopilot_bodyEv @ 0xafd3a0
CIRCLE: _ZN21AP_DAL_InertialSensor11start_frameEv @ 0x80bba0
CIRCLE: _ZN11AP_DAL_Baro11start_frameEv @ 0x80be20
CIRCLE: _ZN10AP_DAL_GPS11start_frameEv @ 0x80bf90
CIRCLE: _ZN14AP_DAL_Compass11start_frameEv @ 0x80c390
CIRCLE: _ZN15AP_DAL_Airspeed11start_frameEv @ 0x80c5b0
CIRCLE: _ZN2AP6beaconEv @ 0x80cba0
CIRCLE: _ZN9AP_Beacon13get_singletonEv @ 0xafd4a0
CIRCLE: _ZNK11AP_Airspeed15get_num_sensorsEv @ 0xafd4e0
CIRCLE: _ZNK11AP_Airspeed14last_update_msEh @ 0xafd530
CIRCLE: _ZNK7Compass24auto_declination_enabledEv @ 0xafd5a0
CIRCLE: _ZNK7Compass15get_declinationEv @ 0x80d2f0
CIRCLE: _ZNK7Compass15get_num_enabledEv @ 0x80d350
CIRCLE: _ZNK7Compass16get_first_usableEv @ 0xafd610
CIRCLE: _ZNK7Compass17have_scale_factorEh @ 0x80d410
CIRCLE: _ZNK7Compass16last_update_usecEh @ 0xafd660
CIRCLE: _ZNK14typesafe_indexIh14TAG_StateIndexEgeERKh @ 0xafd6e0
CIRCLE: _ZNK7AP_Baro11get_primaryEv @ 0xafd750
CIRCLE: _ZNK7AP_Baro15get_last_updateEh @ 0xafd7a0
CIRCLE: _ZNK17AP_InertialSensor16get_loop_rate_hzEv @ 0xafd810
CIRCLE: _ZNK17AP_InertialSensor15get_delta_angleEhR7Vector3IfERf @ 0x80d550
CIRCLE: _ZN21AP_DAL_InertialSensor15update_filteredEh @ 0x80d720
CIRCLE: _ZNK17AP_InertialSensor18get_imu_pos_offsetEh @ 0xafd860
CIRCLE: _ZNK17AP_InertialSensor10_accel_posEh @ 0xafd8c0
CIRCLE: _ZN17AP_InertialSensor10_accel_posEh @ 0xafd920
CIRCLE: _ZN15AP_WheelEncoder13get_singletonEv @ 0xafd990
CIRCLE: _ZN7NavEKF212UpdateFilterEv @ 0x810760
CIRCLE: _ZNK12NavEKF2_core11getGyroBiasER7Vector3IfE @ 0x810d40
CIRCLE: _ZNK12NavEKF2_core21getFramesSincePredictEv @ 0x810e30
CIRCLE: _ZN12NavEKF2_core12UpdateFilterEb @ 0x810e90
CIRCLE: _ZN12NavEKF2_core18controlFilterModesEv @ 0x811090
CIRCLE: _ZN12NavEKF2_core11readIMUDataEv @ 0x811160
CIRCLE: _ZN12NavEKF2_core27UpdateStrapdownEquationsNEDEv @ 0x811980
CIRCLE: _ZN12NavEKF2_core20CovariancePredictionEv @ 0x811dc0
CIRCLE: _ZN12NavEKF2_core25runYawEstimatorPredictionEv @ 0x81b4d0
CIRCLE: _ZN12NavEKF2_core15SelectMagFusionEv @ 0x81b640
CIRCLE: _ZN12NavEKF2_core18SelectVelPosFusionEv @ 0x81ba90
CIRCLE: _ZN12NavEKF2_core25runYawEstimatorCorrectionEv @ 0x81c2a0
CIRCLE: _ZN12NavEKF2_core18SelectRngBcnFusionEv @ 0x81c3f0
CIRCLE: _ZN12NavEKF2_core16SelectFlowFusionEv @ 0x81c480
CIRCLE: _ZN12NavEKF2_core15SelectTasFusionEv @ 0x81c700
CIRCLE: _ZN12NavEKF2_core16SelectBetaFusionEv @ 0x81c820
CIRCLE: _ZN12NavEKF2_core18updateFilterStatusEv @ 0x81c9c0
CIRCLE: _ZN12NavEKF2_core16calcOutputStatesEv @ 0x81d3c0
CIRCLE: _ZNK12NavEKF2_core20assume_zero_sideslipEv @ 0x81e630
CIRCLE: _ZN12NavEKF2_core11readMagDataEv @ 0x81e6c0
CIRCLE: _ZN12NavEKF2_core11readGpsDataEv @ 0x81eba0
CIRCLE: _ZN12NavEKF2_core12readBaroDataEv @ 0x81f660
CIRCLE: _ZN16EKF_IMU_buffer_tIN12NavEKF2_core15output_elementsEEixEj @ 0xafed80
CIRCLE: _ZNK10AP_DAL_GPS22have_vertical_velocityEv @ 0xafedf0
CIRCLE: _ZNK12NavEKF2_core26CorrectGPSForAntennaOffsetERNS_12gps_elementsE @ 0x821780
CIRCLE: _ZL2sqf.20181 @ 0x821c00
CIRCLE: _ZNK11AP_DAL_Baro15get_last_updateEv @ 0xaff250
CIRCLE: _ZNK11AP_DAL_Baro12get_altitudeEv @ 0xaff2b0
CIRCLE: _ZL3MAXIddEDTqugtfp_fp0_fp_fp0_ERKT_RKT0_.20150 @ 0x821e70
CIRCLE: _ZN16EKF_obs_buffer_tIN12NavEKF2_core13baro_elementsEE4pushERKS1_ @ 0xaff310
CIRCLE: _ZNK10AP_DAL_GPS7get_lagERf @ 0xaff380
CIRCLE: _ZNK10AP_DAL_GPS8velocityEv @ 0xaff400
CIRCLE: _ZNK10AP_DAL_GPS14speed_accuracyERf @ 0xaff460
CIRCLE: _ZL3MAXIdfEDTqugtfp_fp0_fp_fp0_ERKT_RKT0_.20159 @ 0x821ef0
CIRCLE: _ZL3MINIdfEDTqultfp_fp0_fp_fp0_ERKT_RKT0_.20160 @ 0x821f90
CIRCLE: _ZL3MAXId9AP_ParamTIfL11ap_var_type4EEEDTqugtfp_fp0_fp_fp0_ERKT_RKT0_.20162 @ 0x822030
CIRCLE: _ZNK10AP_DAL_GPS19horizontal_accuracyERf @ 0xaff4e0
CIRCLE: _ZNK10AP_DAL_GPS17vertical_accuracyERf @ 0xaff560
CIRCLE: _ZNK10AP_DAL_GPS8num_satsEv @ 0xaff5e0
CIRCLE: _ZN12NavEKF2_core18calcGpsGoodToAlignEv @ 0x8220e0
CIRCLE: _ZN12NavEKF2_core20calcGpsGoodForFlightEv @ 0x822fd0
CIRCLE: _ZN16EKF_obs_buffer_tIN12NavEKF2_core12gps_elementsEE4pushERKS1_ @ 0xaff650
CIRCLE: _ZNK12NavEKF2_core14MagDeclinationEv @ 0x823510
CIRCLE: _ZN12NavEKF2_core15FuseDeclinationEd @ 0x8235f0
CIRCLE: _ZN12NavEKF2_core13ForceSymmetryEv @ 0x823fd0
CIRCLE: _ZN12NavEKF2_core18ConstrainVariancesEv @ 0x824120
CIRCLE: _ZL3MAXIddEDTqugtfp_fp0_fp_fp0_ERKT_RKT0_.20213 @ 0x824650
CIRCLE: _ZL3MINIdfEDTqultfp_fp0_fp_fp0_ERKT_RKT0_.20200 @ 0x8246d0
CIRCLE: _ZNK10AP_DAL_GPS8get_hdopEv @ 0xaff6c0
CIRCLE: _ZN12NavEKF2_core12mag_elementsC2Ev @ 0xaff730
CIRCLE: _ZN16EKF_obs_buffer_tIN12NavEKF2_core12mag_elementsEE4pushERKS1_ @ 0xaff790
CIRCLE: _ZN12NavEKF2_core17correctDeltaAngleER7Vector3IdEdh @ 0x824920
CIRCLE: _ZN12NavEKF2_core20correctDeltaVelocityER7Vector3IdEdh @ 0x824a30
CIRCLE: _ZN16EKF_IMU_buffer_tIN12NavEKF2_core12imu_elementsEE18get_youngest_indexEv @ 0xaff800
CIRCLE: _ZN16EKF_IMU_buffer_tIN12NavEKF2_core12imu_elementsEE16get_oldest_indexEv @ 0xaff860
CIRCLE: _ZN12NavEKF2_core15output_elementsC2Ev @ 0xaff8c0
CIRCLE: _ZNK12NavEKF2_core11useAirspeedEv @ 0x824ae0
CIRCLE: _ZN12NavEKF2_core14readAirSpdDataEv @ 0x828020
CIRCLE: _ZN12NavEKF2_core12FuseAirspeedEv @ 0x8281a0
CIRCLE: _ZL3MAXIdfEDTqugtfp_fp0_fp_fp0_ERKT_RKT0_.22305 @ 0x8298f0
CIRCLE: _ZNK15AP_DAL_Airspeed3useEv @ 0xaff940
CIRCLE: _ZNK15AP_DAL_Airspeed7healthyEv @ 0xaff9b0
CIRCLE: _ZNK15AP_DAL_Airspeed14last_update_msEv @ 0xaffa20
CIRCLE: _ZNK15AP_DAL_Airspeed12get_airspeedEv @ 0xaffa80
CIRCLE: _ZN16EKF_obs_buffer_tIN12NavEKF2_core12tas_elementsEE4pushERKS1_ @ 0xaffae0
CIRCLE: _ZN16EKF_obs_buffer_tIN12NavEKF2_core12tas_elementsEE6recallERS1_j @ 0xaffb50
CIRCLE: _ZN12NavEKF2_core14readRngBcnDataEv @ 0x82f990
CIRCLE: _ZN16EKF_obs_buffer_tIN12NavEKF2_core16ext_nav_elementsEE6recallERS1_j @ 0xaffcc0
CIRCLE: _ZN16EKF_obs_buffer_tIN12NavEKF2_core20ext_nav_vel_elementsEE6recallERS1_j @ 0xaffd40
CIRCLE: _ZN16EKF_obs_buffer_tIN12NavEKF2_core12gps_elementsEE6recallERS1_j @ 0xaffdc0
CIRCLE: _ZN12NavEKF2_core18controlMagYawResetEv @ 0x833c10
CIRCLE: _ZN12NavEKF2_core13realignYawGPSEv @ 0x835b70
CIRCLE: _ZN12NavEKF2_core21selectHeightForFusionEv @ 0x835df0
CIRCLE: _ZN12NavEKF2_core13FuseVelPosNEDEv @ 0x837130
CIRCLE: _ZL3MAXIdfEDTqugtfp_fp0_fp_fp0_ERKT_RKT0_.20190 @ 0x838e40
CIRCLE: _ZN12NavEKF2_core15readRangeFinderEv @ 0x838ee0
CIRCLE: _ZN16EKF_obs_buffer_tIN12NavEKF2_core14range_elementsEE6recallERS1_j @ 0xaffe40
CIRCLE: _ZN16EKF_obs_buffer_tIN12NavEKF2_core13baro_elementsEE6recallERS1_j @ 0xaffec0
CIRCLE: _ZL3MAXIddEDTqugtfp_fp0_fp_fp0_ERKT_RKT0_.20133 @ 0x8398e0
CIRCLE: _ZL3MAXIdfEDTqugtfp_fp0_fp_fp0_ERKT_RKT0_.20138 @ 0x839a90
CIRCLE: _ZN16EKF_obs_buffer_tIN12NavEKF2_core12mag_elementsEE6recallERS1_j @ 0xafffb0
CIRCLE: _ZN12NavEKF2_core16FuseMagnetometerEv @ 0x83a080
CIRCLE: _ZN12NavEKF2_core17MagTableConstrainEv @ 0x83fb70
CIRCLE: _ZN12NavEKF2_core15CopyCovariancesEv @ 0x83fca0
CIRCLE: _ZN12NavEKF2_core15ConstrainStatesEv @ 0x83fd90
CIRCLE: _ZL3MAXIddEDTqugtfp_fp0_fp_fp0_ERKT_RKT0_.20258 @ 0x8401c0
CIRCLE: _ZN12NavEKF2_core19learnInactiveBiasesEv @ 0x840240
CIRCLE: _ZN12NavEKF2_core17readDeltaVelocityEhR7Vector3IdERd @ 0x840710
CIRCLE: _ZN12NavEKF2_core14readDeltaAngleEhR7Vector3IdERd @ 0x840880
CIRCLE: _ZN16EKF_IMU_buffer_tIN12NavEKF2_core12imu_elementsEE21push_youngest_elementES1_ @ 0xb00030
CIRCLE: _ZN16EKF_IMU_buffer_tIN12NavEKF2_core12imu_elementsEE18get_oldest_elementEv @ 0xb00090
CIRCLE: _ZN12NavEKF2_core22updateTimingStatisticsEv @ 0x8409f0
CIRCLE: _ZL3MAXIfdEDTqugtfp_fp0_fp_fp0_ERKT_RKT0_.20157 @ 0x840ca0
CIRCLE: _ZL3MINIfdEDTqultfp_fp0_fp_fp0_ERKT_RKT0_.20158 @ 0x840d40
CIRCLE: _ZN12NavEKF2_core12imu_elementsC2Ev @ 0xb00110
CIRCLE: _ZL7radiansi.20161 @ 0x840de0
CIRCLE: _ZN12NavEKF2_core12detectFlightEv @ 0x840e40
CIRCLE: _ZN12NavEKF2_core27setWindMagStateLearningModeEv @ 0x8412e0
CIRCLE: _ZN12NavEKF2_core28checkAttitudeAlignmentStatusEv @ 0x841980
CIRCLE: _ZN12NavEKF2_core13setAidingModeEv @ 0x841af0
CIRCLE: _ZL3MINIttEDTqultfp_fp0_fp_fp0_ERKT_RKT0_.20103 @ 0x8429d0
CIRCLE: _ZNK12NavEKF2_core16effective_magCalEv @ 0x842af0
CIRCLE: _ZN16AP_AHRS_External6updateEv @ 0x843550
CIRCLE: _ZN16AP_AHRS_External11get_resultsERN15AP_AHRS_Backend9EstimatesE @ 0x8435a0
CIRCLE: _ZN7AP_AHRS37copy_estimates_from_backend_estimatesERKN15AP_AHRS_Backend9EstimatesE @ 0x8437f0
CIRCLE: _ZN15AP_ExternalAHRS6updateEv @ 0x843ad0
CIRCLE: _ZL7degreesf.11297 @ 0x843e00
CIRCLE: _ZN11AP_AHRS_SIM6updateEv @ 0xb00d40
CIRCLE: _ZN11AP_AHRS_SIM11get_resultsERN15AP_AHRS_Backend9EstimatesE @ 0x843e50
CIRCLE: _ZN11AP_AHRS_DCM6updateEv @ 0x844a30
CIRCLE: _ZN11AP_AHRS_DCM11get_resultsERN15AP_AHRS_Backend9EstimatesE @ 0x844d50
CIRCLE: _ZN11AP_AHRS_DCM13matrix_updateEv @ 0x844e70
CIRCLE: _ZN11AP_AHRS_DCM9normalizeEv @ 0x8450c0
CIRCLE: _ZN11AP_AHRS_DCM16drift_correctionEf @ 0x8452e0
CIRCLE: _ZN11AP_AHRS_DCM12check_matrixEv @ 0x846640
CIRCLE: _ZN11AP_AHRS_DCM15backup_attitudeEv @ 0x846740
CIRCLE: _ZNK11AP_AHRS_DCM12get_error_rpEv @ 0xb00e00
CIRCLE: _ZNK11AP_AHRS_DCM13get_error_yawEv @ 0xb00e50
CIRCLE: _ZN7Matrix3IfE6is_nanEv @ 0xb00ea0
CIRCLE: _ZN11AP_AHRS_DCM20drift_correction_yawEv @ 0x846c30
CIRCLE: _ZNK7Matrix3IfE4colxEv @ 0xb00f40
CIRCLE: _ZNK6AP_GPS16last_fix_time_msEv @ 0xb00fb0
CIRCLE: _ZL3MAXIfiEDTqugtfp_fp0_fp_fp0_ERKT_RKT0_.2600 @ 0x847150
CIRCLE: _ZNK11AP_AHRS_DCM26should_correct_centrifugalEv @ 0x8471f0
CIRCLE: _ZN11AP_AHRS_DCM10ra_delayedEhRK7Vector3IfE @ 0x847240
CIRCLE: _ZNK17AP_InertialSensor7healthyEv @ 0xb01010
CIRCLE: _ZN11AP_AHRS_DCM7_P_gainEf @ 0x847340
CIRCLE: _ZNK11AP_AHRS_DCM14use_fast_gainsEv @ 0x847420
CIRCLE: _ZL7radiansi.2601 @ 0x8474b0
CIRCLE: _ZNK17AP_InertialSensor19get_gyro_drift_rateEv @ 0xb01090
CIRCLE: _ZNK17AP_InertialSensor15get_gyro_healthEv @ 0xb010e0
CIRCLE: _ZNK17AP_InertialSensor16get_accel_healthEv @ 0xb01140
CIRCLE: _ZNK7Compass16last_update_usecEv @ 0xb011a0
CIRCLE: _ZN7Compass4readEv @ 0x847510
CIRCLE: _ZN11AP_AHRS_DCM17yaw_error_compassER7Compass @ 0x8478e0
CIRCLE: _ZNK11AP_AHRS_DCM9_yaw_gainEv @ 0x847a60
CIRCLE: _ZNK7Matrix3IfE5mulXYERK7Vector3IfE @ 0xb01200
CIRCLE: _ZNK7Vector2IfErmERKS0_ @ 0xb012d0
CIRCLE: _ZN7Compass15_detect_runtimeEv @ 0x847c10
CIRCLE: _ZN9AP_Logger13Write_CompassEv @ 0x847f40
CIRCLE: _ZN19RestrictIDTypeArrayI9AP_ParamTIaL11ap_var_type1EELj3E14typesafe_indexIh12TAG_PriorityEEixERKS5_ @ 0xb01350
CIRCLE: _ZN9AP_Logger22Write_Compass_instanceEmh @ 0x847fe0
CIRCLE: _ZNK7Compass17get_motor_offsetsEh @ 0xb013d0
CIRCLE: _ZN18AP_Compass_Backend25drain_accumulated_samplesEhPK7Vector3IfE @ 0x849f10
CIRCLE: _ZN18AP_Compass_Backend22publish_filtered_fieldERK7Vector3IfEh @ 0x84a090
CIRCLE: _ZN11AP_AHRS_DCM6renormERK7Vector3IfERS1_ @ 0x84a150
CIRCLE: _ZNK17AP_InertialSensor15get_delta_angleER7Vector3IfERf @ 0xb01c50
CIRCLE: _ZNK7Vector3IfEeqERKS0_ @ 0xb01ce0
CIRCLE: _ZNK14AP_Logger_File17recent_open_errorEv @ 0x84a500
CIRCLE: _ZNK14AP_Logger_File15io_thread_aliveEv @ 0x84a590
CIRCLE: _ZN14AP_Logger_File16disk_space_availEv @ 0x84a920
CIRCLE: _ZL3MINIjjEDTqultfp_fp0_fp_fp0_ERKT_RKT0_.6871 @ 0x84aa00
CIRCLE: _ZN13AP_Filesystem17bytes_until_fsyncEi @ 0x84aa80
CIRCLE: _ZN13AP_Filesystem9disk_freeEPKc @ 0x84ab00
CIRCLE: _ZN2AP4rssiEv @ 0x851d40
CIRCLE: _ZNK7AP_RSSI7enabledEv @ 0xb02590
CIRCLE: _ZN7AP_RSSI13get_singletonEv @ 0x852570
CIRCLE: _ZN13AP_CANManager20check_logging_enableEv @ 0x853530
CIRCLE: _ZN7FunctorIvJEE14method_wrapperI13AP_CANManagerXadL_ZNS2_20check_logging_enableEvEEEEvPv @ 0xb02bc0
CIRCLE: _ZNK13AP_CANManager15CANIface_Params13option_is_setENS0_7OptionsE @ 0xb02c70
CIRCLE: _ZNK6AP_GPS20last_message_time_msEv @ 0xb0cc70
CIRCLE: _ZNK22AP_BattMonitor_Backend13option_is_setEN21AP_BattMonitor_Params7OptionsE @ 0xb14c60
CIRCLE: _ZN22AP_BattMonitor_Backend15update_consumedERN14AP_BattMonitor17BattMonitor_StateEj @ 0x875960
CIRCLE: _ZN22AP_BattMonitor_Backend13calculate_mahEff @ 0xb14cf0
CIRCLE: _ZN18AP_Compass_Backend17accumulate_sampleER7Vector3IfEhj @ 0x877c70
CIRCLE: _ZN18AP_Compass_Backend12rotate_fieldER7Vector3IfEh @ 0x877df0
CIRCLE: _ZN18AP_Compass_Backend17publish_raw_fieldERK7Vector3IfEh @ 0x877ee0
CIRCLE: _ZN18AP_Compass_Backend13correct_fieldER7Vector3IfEh @ 0x877ff0
CIRCLE: _ZN18AP_Compass_Backend8field_okERK7Vector3IfE @ 0x8783f0
CIRCLE: _ZNK7Compass16get_filter_rangeEv @ 0xb17010
CIRCLE: _ZNK16Compass_PerMotor7enabledEv @ 0xb17070
CIRCLE: _ZN7Compass13_get_priorityE14typesafe_indexIh14TAG_StateIndexE @ 0xb170e0
CIRCLE: _ZN14AP_GPS_Backend15set_alt_amsl_cmERN6AP_GPS9GPS_StateEi @ 0x87cac0
CIRCLE: _ZN16JitterCorrection31correct_offboard_timestamp_usecEmm @ 0x87ccd0
CIRCLE: _ZNK14AP_GPS_Backend10option_setEN6AP_GPS13DriverOptionsE @ 0xb1a270
CIRCLE: _ZNK6AP_GPS10option_setENS_13DriverOptionsE @ 0xb1a2e0
CIRCLE: _ZN6AP_RTC12set_utc_usecEmNS_11source_typeE @ 0x87d740
CIRCLE: _ZN10RC_Channel9set_rangeEt @ 0x87faf0
CIRCLE: _ZNK11GCS_MAVLINK14option_enabledENS_6OptionE @ 0xb1c770
CIRCLE: _ZNK16AP_SerialManager9UARTState12get_protocolEv @ 0xb1c7f0
CIRCLE: _ZN2AP8PerfInfo13set_loop_rateEt @ 0x88fde0
CIRCLE: _ZN2AP8PerfInfo5resetEv @ 0x88fea0
CIRCLE: _ZNK3GCS43min_loop_time_remaining_for_message_send_usEv @ 0xb1ce30
CIRCLE: _ZNK3GCS19vehicle_initialisedEv @ 0xb1ce80
CIRCLE: _ZN5Plane8set_modeEh10ModeReason @ 0x890b80
CIRCLE: _ZNK5Plane29current_mode_requires_missionEv @ 0xb1d500
CIRCLE: _ZNK5Plane17get_wp_distance_mERf @ 0x891920
CIRCLE: _ZNK5Plane18get_wp_bearing_degERf @ 0x891a40
CIRCLE: _ZNK5Plane25get_wp_crosstrack_error_mERf @ 0x891b70
CIRCLE: _ZN5Plane20set_control_channelsEv @ 0x893010
CIRCLE: _ZN5Plane18fence_checks_asyncEv @ 0x893300
CIRCLE: _ZN6AP_HAL15timeout_expiredIjjjEEbT_T0_T1_ @ 0xb1d620
CIRCLE: _ZN8AC_Fence5checkEb @ 0x8934e0
CIRCLE: _ZN8AC_Fence19clear_margin_breachEh @ 0x8938f0
CIRCLE: _ZN10RC_Channel9set_angleEt @ 0x894630
CIRCLE: _ZNK5Plane19have_reverse_thrustEv @ 0x8946a0
CIRCLE: _ZN12SRV_Channels19set_esc_scaling_forEN11SRV_Channel8FunctionE @ 0x894710
CIRCLE: _ZN6AP_HAL8RCOutput15set_esc_scalingEtt @ 0xb1d770
CIRCLE: _ZN8AP_Param15save_io_handlerEv @ 0x895350
CIRCLE: _ZN7FunctorIvJEE14method_wrapperI8AP_ParamXadL_ZNS2_15save_io_handlerEvEEEEvPv @ 0xb1d920
CIRCLE: _ZN15ObjectBuffer_TSIN8AP_Param10param_saveEE3popERS1_ @ 0xb1d9d0
CIRCLE: _ZN5Plane11notify_modeERK4Mode @ 0x895de0
CIRCLE: _ZN5Plane3gcsEv @ 0xb1db70
CIRCLE: _ZL21failsafe_check_staticv @ 0x899cd0
CIRCLE: _ZN9QuadPlane5setupEv @ 0x899d10
CIRCLE: _ZN5Plane8set_modeER4Mode10ModeReason @ 0x89aa50
CIRCLE: _ZN3GCS16sysid_mygcs_seenEj @ 0xb1dda0
CIRCLE: _ZN5Plane18set_mode_by_numberEN4Mode6NumberE10ModeReason @ 0x89b270
CIRCLE: _ZN10RC_Channel16read_mode_switchEv @ 0x8a2630
CIRCLE: _ZN10RC_Channel16read_6pos_switchERa @ 0x8a26b0
CIRCLE: _ZN10RC_Channel18debounce_completedEa @ 0x8a2810
CIRCLE: _ZN5Plane18mode_from_mode_numEN4Mode6NumberE @ 0x8a2900
CIRCLE: _ZN12SRV_Channels17enable_aux_servosEv @ 0x8a2c00
CIRCLE: _ZN5Plane13servos_outputEv @ 0x8a2e40
CIRCLE: _ZN5Plane22servos_twin_engine_mixEv @ 0x8a30f0
CIRCLE: _ZNK5Plane22channel_function_mixerEN11SRV_Channel8FunctionES1_S1_S1_ @ 0x8a33b0
CIRCLE: _ZN10Tailsitter6outputEv @ 0x8a35c0
CIRCLE: _ZN9Tiltrotor15bicopter_outputEv @ 0x8a4a30
CIRCLE: _ZN5Plane11force_flareEv @ 0x8a4cf0
CIRCLE: _ZN5Plane15dspoiler_updateEv @ 0x8a4f60
CIRCLE: _ZN5Plane38landing_neutral_control_surface_servosEv @ 0x8a54d0
CIRCLE: _ZN12SRV_Channels8calc_pwmEv @ 0x8a5840
CIRCLE: _ZN12SRV_Channels13output_ch_allEv @ 0x8a5a60
CIRCLE: _ZNK12SRV_Channels17auto_trim_enabledEv @ 0xb204b0
CIRCLE: _ZNK16AP_FW_Controller12get_pid_infoEv @ 0xb20520
CIRCLE: _ZNK10AP_Landing23get_then_servos_neutralEv @ 0xb20570
CIRCLE: _ZN12SRV_Channels30get_slew_limited_output_scaledEN11SRV_Channel8FunctionE @ 0x8a6550
CIRCLE: _ZNK9QuadPlane18in_frwd_transitionEv @ 0x8a6660
CIRCLE: _ZN19AP_AdvancedFailsafe20should_crash_vehicleEv @ 0x8a7080
CIRCLE: _ZN5Plane24relative_ground_altitudeE14RangeFinderUse @ 0x8a7950
CIRCLE: _ZN5Plane24relative_ground_altitudeE14RangeFinderUseb @ 0x8a79c0
CIRCLE: _ZN5Plane17get_external_HAGLERf @ 0x8a7bd0
CIRCLE: _ZNK5Plane15rangefinder_useE14RangeFinderUse @ 0x8a7ca0
CIRCLE: _ZNK5Plane23rangefinder_orientationEv @ 0xb20960
CIRCLE: _ZN5Plane20adjusted_altitude_cmEv @ 0x8a7ec0
CIRCLE: _ZN5Plane18mission_alt_offsetEv @ 0x8a7f40
CIRCLE: _ZN6AC_PID12reset_filterEv @ 0xb20e40
CIRCLE: _ZN11AP_SystemID4stopEv @ 0x8aa740
CIRCLE: _ZN5Plane10should_logEj @ 0x8aaec0
CIRCLE: _ZNK7AP_EnumI11StickMixingEcvKS0_Ev @ 0xb21c20
CIRCLE: _ZN10Tailsitter6activeEv @ 0x8acaf0
CIRCLE: _ZNK5Plane16get_speed_scalerEv @ 0xb21d90
CIRCLE: _ZL7degreesf.12 @ 0x8adb20
CIRCLE: _ZN6AC_PID7reset_IEv @ 0x8add20
CIRCLE: _ZN9AP_Logger10Write_ModeEh10ModeReason @ 0x8ae860
CIRCLE: _ZN17AP_Logger_Backend10Write_ModeEh10ModeReason @ 0x8ae9f0
CIRCLE: _ZN7AP_AHRS15set_fly_forwardEb @ 0xb220b0
CIRCLE: _ZN7AP_Baro6updateEv @ 0x8afc80
CIRCLE: _ZNK7AP_Baro7healthyEv @ 0xb22230
CIRCLE: _ZN15AP_Baro_Backend14backend_updateEh @ 0x8b03a0
CIRCLE: _ZN7AP_Baro24wind_pressure_correctionEh @ 0x8b0420
CIRCLE: _ZNK7AP_Baro15get_last_updateEv @ 0xb22290
CIRCLE: _ZN16DerivativeFilterIfLh7EE6updateEfj @ 0xb222f0
CIRCLE: _ZN7AP_Baro22update_field_elevationEv @ 0x8b0760
CIRCLE: _ZNK7AP_Baro10should_logEv @ 0x8b09e0
CIRCLE: _ZN7AP_Baro10Write_BaroEv @ 0x8b0a90
CIRCLE: _ZN7AP_Baro19Write_Baro_instanceEmh @ 0x8b0b20
CIRCLE: _ZNK7AP_Baro21get_baro_drift_offsetEv @ 0xb223d0
CIRCLE: _ZNK7AP_Baro22get_ground_temperatureEv @ 0x8b0d40
CIRCLE: _ZNK7AP_Baro22get_corrected_pressureEh @ 0xb22420
CIRCLE: _ZN16FilterWithBufferIfLh7EE5applyEf @ 0xb22500
CIRCLE: _ZN17AP_InertialSensor12_gyro_offsetEh @ 0xb23a60
CIRCLE: _ZN17AP_InertialSensor12caltemp_gyroEh @ 0xb23ad0
CIRCLE: _ZN22AP_InertialSensor_SITL6updateEv @ 0x8b2f30
CIRCLE: _ZN25AP_InertialSensor_Backend10accumulateEv @ 0xb23bf0
CIRCLE: _ZN25AP_InertialSensor_Backend11set_primaryEb @ 0xb23dc0
CIRCLE: _ZNK25AP_InertialSensor_Backend21_gyro_raw_sample_rateEh @ 0xb23e10
CIRCLE: _ZN22AP_InertialSensor_SITL12timer_updateEv @ 0x8b36b0
CIRCLE: _ZN7FunctorIvJEE14method_wrapperI22AP_InertialSensor_SITLXadL_ZNS2_12timer_updateEvEEEEvPv @ 0xb23ee0
CIRCLE: _ZN22AP_InertialSensor_SITL14generate_accelEv @ 0x8b3b80
CIRCLE: _ZN22AP_InertialSensor_SITL13generate_gyroEv @ 0x8b4b60
CIRCLE: _ZNK25AP_InertialSensor_Backend20enable_fast_samplingEh @ 0xb23f90
CIRCLE: _ZNK22AP_InertialSensor_SITL10gyro_driftEv @ 0x8b55c0
CIRCLE: _ZL7radiansd.19672 @ 0x8b57c0
CIRCLE: _ZL7radiansf.19673 @ 0x8b5810
CIRCLE: _ZN22AP_InertialSensor_SITL15get_temperatureEv @ 0x8b58f0
CIRCLE: _ZNK22AP_InertialSensor_TCal15sitl_apply_gyroEfR7Vector3IfE @ 0x8b5a90
CIRCLE: _ZN25AP_InertialSensor_Backend35_notify_new_gyro_sensor_rate_sampleEhRK7Vector3IfE @ 0x8b5b70
CIRCLE: _ZN25AP_InertialSensor_Backend24_rotate_and_correct_gyroEhR7Vector3IfE @ 0x8b5d70
CIRCLE: _ZN25AP_InertialSensor_Backend27_notify_new_gyro_raw_sampleEhRK7Vector3IfEm @ 0x8b5f00
CIRCLE: _ZNK25AP_InertialSensor_Backend15has_been_killedEh @ 0xb24020
CIRCLE: _ZNK25AP_InertialSensor_Backend19_update_sensor_rateERtRjRf @ 0x8b65a0
CIRCLE: _ZN25AP_InertialSensor_Backend18apply_gyro_filtersEhRK7Vector3IfE @ 0x8b6770
CIRCLE: _ZN25AP_InertialSensor_Backend12log_gyro_rawEhmRK7Vector3IfES3_ @ 0x8b6b30
CIRCLE: _ZN25AP_InertialSensor_Backend14update_primaryEv @ 0x8b6dc0
CIRCLE: _ZNK17AP_InertialSensor22raw_logging_option_setENS_18RAW_LOGGING_OPTIONE @ 0xb240a0
CIRCLE: _ZNK25AP_InertialSensor_Backend18should_log_imu_rawEv @ 0x8b6ea0
CIRCLE: _ZNK17AP_InertialSensor12BatchSampler25doing_sensor_rate_loggingEv @ 0xb24120
CIRCLE: _ZNK17AP_InertialSensor12BatchSampler25doing_post_filter_loggingEv @ 0xb24180
CIRCLE: _ZN17AP_InertialSensor12BatchSampler6sampleEhNS_15IMU_SENSOR_TYPEEmRK7Vector3IfE @ 0x8b70b0
CIRCLE: _ZN17AP_InertialSensor12BatchSampler10should_logEhNS_15IMU_SENSOR_TYPEE @ 0x8b7200
CIRCLE: _ZN25AP_InertialSensor_Backend16save_gyro_windowEhRK7Vector3IfEh @ 0x8b7340
CIRCLE: _ZN15LowPassFilter2pI7Vector3IfEE5applyERKS1_ @ 0xb24460
CIRCLE: _ZN19DigitalBiquadFilterI7Vector3IfEE5applyERKS1_RKNS2_13biquad_paramsE @ 0xb245b0
CIRCLE: _ZNK25AP_InertialSensor_Backend18sensors_convergingEv @ 0x8b7600
CIRCLE: _ZNK22AP_InertialSensor_TCal12correct_gyroEffR7Vector3IfE @ 0x8b7730
CIRCLE: _ZNK22AP_InertialSensor_TCal14correct_sensorEffPK9AP_ParamVI7Vector3IfEL11ap_var_type5EERS2_ @ 0x8b77d0
CIRCLE: _ZNK22AP_InertialSensor_TCal15polynomial_evalEfPK9AP_ParamVI7Vector3IfEL11ap_var_type5EE @ 0x8b79e0
CIRCLE: _ZNK22AP_InertialSensor_TCal16sitl_apply_accelEfR7Vector3IfE @ 0x8ba990
CIRCLE: _ZN25AP_InertialSensor_Backend36_notify_new_accel_sensor_rate_sampleEhRK7Vector3IfE @ 0x8baa70
CIRCLE: _ZN25AP_InertialSensor_Backend25_rotate_and_correct_accelEhR7Vector3IfE @ 0x8bac70
CIRCLE: _ZN25AP_InertialSensor_Backend28_notify_new_accel_raw_sampleEhRK7Vector3IfEmb @ 0x8bae90
CIRCLE: _ZN25AP_InertialSensor_Backend20_publish_temperatureEhf @ 0x8bb440
CIRCLE: _ZN17AP_InertialSensor27calc_vibration_and_clippingEhRK7Vector3IfEf @ 0x8bb4e0
CIRCLE: _ZN17AP_InertialSensor19set_accel_peak_holdEhRK7Vector3IfE @ 0x8bb760
CIRCLE: _ZN25AP_InertialSensor_Backend13log_accel_rawEhmRK7Vector3IfE @ 0x8bb840
CIRCLE: _ZNK25AP_InertialSensor_Backend14get_clip_limitEv @ 0xb255d0
CIRCLE: _ZN13LowPassFilterI7Vector3IfEE5applyERKS1_RKf @ 0xb25620
CIRCLE: _ZN10DigitalLPFI7Vector3IfEE6_applyERKS1_RKf @ 0xb256e0
CIRCLE: _ZNK22AP_InertialSensor_TCal13correct_accelEffR7Vector3IfE @ 0x8bbc20
CIRCLE: _ZN25AP_InertialSensor_Backend12update_accelEh @ 0x8bc0a0
CIRCLE: _ZN25AP_InertialSensor_Backend11update_gyroEh @ 0x8bc1c0
CIRCLE: _ZN25AP_InertialSensor_Backend13_publish_gyroEhRK7Vector3IfE @ 0x8bc320
CIRCLE: _ZN25AP_InertialSensor_Backend19update_gyro_filtersEh @ 0x8bc490
CIRCLE: _ZNK25AP_InertialSensor_Backend19_gyro_filter_cutoffEv @ 0xb259b0
CIRCLE: _ZN25AP_InertialSensor_Backend14_publish_accelEhRK7Vector3IfE @ 0x8bc8d0
CIRCLE: _ZN25AP_InertialSensor_Backend20update_accel_filtersEh @ 0x8bcb00
CIRCLE: _ZNK25AP_InertialSensor_Backend20_accel_filter_cutoffEv @ 0xb25c90
CIRCLE: _ZNK5Plane16gcs_mode_enabledEN4Mode6NumberE @ 0x8be870
CIRCLE: _ZN4Mode5enterEv @ 0x8be8f0
CIRCLE: _ZN4Mode4exitEv @ 0x8bed90
CIRCLE: _ZN5Plane16autotune_restoreEv @ 0x8bee10
CIRCLE: _ZN16AP_FW_Controller16autotune_restoreEv @ 0x8beed0
CIRCLE: _ZN16AP_YawController16autotune_restoreEv @ 0x8bef40
CIRCLE: _ZN7Vector3IiE4zeroEv @ 0xb26270
CIRCLE: _ZN9AP_Camera16set_is_auto_modeEb @ 0xb262d0
CIRCLE: _ZN9QuadPlane10mode_enterEv @ 0x8bf6b0
CIRCLE: _ZN7AP_ADSB16set_is_auto_modeEb @ 0xb26330
CIRCLE: _ZN18AP_SteerController7reset_IEv @ 0x8bf7f0
CIRCLE: _ZN5Plane16control_failsafeEv @ 0x8bf840
CIRCLE: _ZN8AC_Fence21manual_recovery_startEv @ 0x8bfc40
CIRCLE: _ZN5Plane19update_flight_stageEv @ 0x8bfcd0
CIRCLE: _ZN10AP_Landing5resetEv @ 0x8bffb0
CIRCLE: _ZNK5Plane18get_throttle_inputEb @ 0x8c0830
CIRCLE: _ZNK7AP_AHRS21using_airspeed_sensorEv @ 0x8c0990
CIRCLE: _ZNK10RC_Channel15pwm_to_range_dzEt @ 0x8c0bc0
CIRCLE: _ZNK10RC_Channel15pwm_to_angle_dzEt @ 0x8c0d60
CIRCLE: _ZNK10RC_Channel20pwm_to_angle_dz_trimEtt @ 0x8c0df0
CIRCLE: _ZN5Plane16set_flight_stageEN12AP_FixedWing11FlightStageE @ 0x8c1040
CIRCLE: _ZN5Plane16Log_Write_StatusEv @ 0x8c19b0
CIRCLE: _ZN17AP_InertialSensor8is_stillEv @ 0x8c1ac0
CIRCLE: _ZNK5Plane18rc_failsafe_activeEv @ 0x8c1bd0
CIRCLE: _ZNK5Plane20rc_throttle_value_okEv @ 0x8c1c70
CIRCLE: _ZNK10AP_Vehicle21block_GCS_mode_changeEhPKhh @ 0x8c1d90
CIRCLE: _ZN7AP_TECS16set_throttle_minEfb @ 0x8c6830
CIRCLE: _ZN6AC_PID10update_allEfffbf @ 0x8c85b0
CIRCLE: _ZNK6AC_PID6get_ffEv @ 0x8c8bc0
CIRCLE: _ZNK6AC_PID16get_filt_T_alphaEf @ 0x8c8c20
CIRCLE: _ZNK6AC_PID16get_filt_E_alphaEf @ 0x8c8ca0
CIRCLE: _ZNK6AC_PID16get_filt_D_alphaEf @ 0x8c8d20
CIRCLE: _ZN6AC_PID8update_iEfb @ 0x8c8da0
CIRCLE: _ZN11SlewLimiter8modifierEff @ 0x8c8fa0
CIRCLE: _ZNK11SlewLimiter13get_slew_rateEv @ 0xb27940
CIRCLE: _ZL3MINIjjEDTqultfp_fp0_fp_fp0_ERKT_RKT0_.20424 @ 0x8c9520
CIRCLE: _ZNK6AC_PID5get_iEv @ 0x8c95a0
CIRCLE: _ZN5Plane22calc_altitude_error_cmEv @ 0x8ca720
CIRCLE: _ZL3MAXIffEDTqugtfp_fp0_fp_fp0_ERKT_RKT0_.12726 @ 0x8ca800
CIRCLE: _ZN5Plane12fly_invertedEv @ 0x8cc6c0
CIRCLE: _ZN6AC_PID21set_notch_sample_rateEf @ 0x8ded20
CIRCLE: _ZN5Plane14failsafe_checkEv @ 0x8ea080
CIRCLE: _ZN11RC_Channels10read_inputEv @ 0x8ea3a0
CIRCLE: _ZN5Plane15flaperon_updateEv @ 0x8eaba0
CIRCLE: _ZN11GCS_MAVLINK21send_servo_output_rawEv @ 0x8eac90
CIRCLE: _ZL33mavlink_msg_servo_output_raw_send17mavlink_channel_tjhtttttttttttttttt @ 0x8eb0b0
CIRCLE: _ZN12SRV_Channels13set_slew_rateEN11SRV_Channel8FunctionEftf @ 0x8eb380
CIRCLE: _ZN10RC_Channel6updateEv @ 0x8ecc30
CIRCLE: _ZN11RC_Channels23rudder_arm_disarm_checkEv @ 0x8ecda0
CIRCLE: _ZNK10RC_Channel12pwm_to_rangeEv @ 0x8ecfa0
CIRCLE: _ZNK10RC_Channel12pwm_to_angleEv @ 0x8ed010
CIRCLE: _ZNK7AP_AHRS18get_yaw_rate_earthEv @ 0xb30ba0
CIRCLE: _ZNK12NavEKF3_core9getMagXYZER7Vector3IfE @ 0x917a40
CIRCLE: _ZNK12NavEKF2_core9getMagXYZER7Vector3IfE @ 0x917af0
CIRCLE: _ZNK12NavEKF3_core9getMagNEDER7Vector3IfE @ 0x917cc0
CIRCLE: _ZNK12NavEKF2_core9getMagNEDER7Vector3IfE @ 0x917d70
CIRCLE: _ZNK7AP_AHRS9cos_pitchEv @ 0xb30da0
CIRCLE: _ZNK7AP_AHRS8cos_rollEv @ 0xb30e40
CIRCLE: _ZNK14AP_GPS_Backend32supports_mavlink_gps_rtk_messageEv @ 0xb31110
CIRCLE: _ZNK14AP_GPS_Blended7get_lagERf @ 0x91a030
CIRCLE: _ZN15AP_Compass_SITL6_timerEv @ 0x91bc20
CIRCLE: _ZN7FunctorIvJEE14method_wrapperI15AP_Compass_SITLXadL_ZNS2_6_timerEvEEEEvPv @ 0xb319a0
CIRCLE: _Z10rand_vec3fv @ 0x91c150
CIRCLE: _ZN7VectorNIN15AP_Compass_SITL16readings_compassELh50EEixEh @ 0xb31a50
CIRCLE: _ZN15AP_Compass_SITL26_setup_eliptical_correcionEh @ 0x91c1d0
CIRCLE: _ZNK18AP_Compass_Backend21get_board_orientationEv @ 0x91c400
CIRCLE: _ZN15AP_Compass_SITL4readEv @ 0x91c450
CIRCLE: _ZNK22AP_BattMonitor_Backend17has_cell_voltagesEv @ 0xb33030
CIRCLE: _ZNK22AP_BattMonitor_Backend15has_temperatureEv @ 0xb33080
CIRCLE: _ZNK22AP_BattMonitor_Backend15get_temperatureERf @ 0x91fd40
CIRCLE: _ZNK22AP_BattMonitor_Backend22capacity_remaining_pctERh @ 0x91fe00
CIRCLE: _ZN22AP_BattMonitor_Backend26update_resistance_estimateEv @ 0x91ff80
CIRCLE: _ZN22AP_BattMonitor_Backend16update_failsafesEv @ 0x9202d0
CIRCLE: _ZNK22AP_BattMonitor_Backend25get_mavlink_fault_bitmaskEv @ 0xb33130
CIRCLE: _ZL3MINIifEDTqultfp_fp0_fp_fp0_ERKT_RKT0_.19314 @ 0x9205f0
CIRCLE: _ZL3MINIffEDTqultfp_fp0_fp_fp0_ERKT_RKT0_.19315 @ 0x920690
CIRCLE: _ZN21AP_BattMonitor_Analog4readEv @ 0x922290
CIRCLE: _ZNK21AP_BattMonitor_Analog19has_consumed_energyEv @ 0xb33e20
CIRCLE: _ZNK21AP_BattMonitor_Analog11has_currentEv @ 0x922490
CIRCLE: _ZN15AP_Baro_Backend17_copy_to_frontendEhff @ 0x93c0a0
CIRCLE: _ZN12AP_Baro_SITL6_timerEv @ 0x93d330
CIRCLE: _ZN7FunctorIvJEE14method_wrapperI12AP_Baro_SITLXadL_ZNS2_6_timerEvEEEEvPv @ 0xb3c960
CIRCLE: _ZN7VectorNIN12AP_Baro_SITL13readings_baroELh50EEixEh @ 0xb3ca10
CIRCLE: _ZN12AP_Baro_SITL22temperature_adjustmentERfS0_ @ 0x93d720
CIRCLE: _ZN12AP_Baro_SITL24wind_pressure_correctionEh @ 0x93d910
CIRCLE: _ZL2sqf.2785 @ 0x93db20
CIRCLE: _ZN7AP_Baro22_get_air_density_ratioEv @ 0x93db70
CIRCLE: _ZL2sqf.2764 @ 0x93dc10
CIRCLE: _ZN12AP_Baro_SITL6updateEv @ 0x93dd00
CIRCLE: _ZN12AP_Baro_SITL19update_healthy_flagEh @ 0xb3cb20
CIRCLE: _ZN12AP_Baro_SITL7healthyEh @ 0x93ddb0
CIRCLE: _ZN9AP_Notify19set_flight_mode_strEPKc @ 0x93e0a0
CIRCLE: _ZN6RGBLed6updateEv @ 0x943cf0
CIRCLE: _ZN6RGBLed8_set_rgbEhhh @ 0x944120
CIRCLE: _ZNK6RGBLed10rgb_sourceEv @ 0x944230
CIRCLE: _ZNK6RGBLed19get_colour_sequenceEv @ 0x944490
CIRCLE: _ZNK6RGBLed14get_brightnessEv @ 0x944880
CIRCLE: _ZN6RGBLed7set_rgbEhhh @ 0x944980
CIRCLE: _ZN10IS31FL31956_timerEv @ 0x944a40
CIRCLE: _ZN7FunctorIvJEE14method_wrapperI10IS31FL3195XadL_ZNS2_6_timerEvEEEEvPv @ 0xb3dc90
CIRCLE: _ZN6LP55626_timerEv @ 0x944fd0
CIRCLE: _ZN7FunctorIvJEE14method_wrapperI6LP5562XadL_ZNS2_6_timerEvEEEEvPv @ 0xb3e000
CIRCLE: _ZN14ToshibaLED_I2C6_timerEv @ 0x946e00
CIRCLE: _ZN7FunctorIvJEE14method_wrapperI14ToshibaLED_I2CXadL_ZNS2_6_timerEvEEEEvPv @ 0xb3ed10
CIRCLE: _ZL3MAXIfiEDTqugtfp_fp0_fp_fp0_ERKT_RKT0_.12478 @ 0x9477e0
CIRCLE: _ZNK9QuadPlane14show_vtol_viewEv @ 0x9479d0
CIRCLE: _ZN5Plane20nav_scripting_activeEv @ 0x947d70
CIRCLE: _Z11wrap_180_cdIiET_S0_ @ 0xb3f0a0
CIRCLE: _ZNK8Location20line_path_proportionERKS_S1_ @ 0x9487d0
CIRCLE: _ZN7AP_TECS19set_path_proportionEf @ 0xb3f110
CIRCLE: _ZL2sqf.3123 @ 0x948c70
CIRCLE: _ZN9QuadPlane9is_flyingEv @ 0x9490d0
CIRCLE: _ZN7FunctorIvJEE14method_wrapperI5PlaneXadL_ZNS2_11ahrs_updateEvEEEEvPv @ 0xb3f190
CIRCLE: _ZN7FunctorIvJEE14method_wrapperI5PlaneXadL_ZNS2_19update_control_modeEvEEEEvPv @ 0xb3f240
CIRCLE: _ZN7FunctorIvJEE14method_wrapperI5PlaneXadL_ZNS2_9stabilizeEvEEEEvPv @ 0xb3f2f0
CIRCLE: _ZN7FunctorIvJEE14method_wrapperI5PlaneXadL_ZNS2_10set_servosEvEEEEvPv @ 0xb3f3a0
CIRCLE: _ZN7FunctorIvJEE14method_wrapperI5PlaneXadL_ZNS2_10read_radioEvEEEEvPv @ 0xb3f450
CIRCLE: _ZN7FunctorIvJEE14method_wrapperI5PlaneXadL_ZNS2_20check_short_failsafeEvEEEEvPv @ 0xb3f500
CIRCLE: _ZN7FunctorIvJEE14method_wrapperI5PlaneXadL_ZNS2_19update_speed_heightEvEEEEvPv @ 0xb3f5b0
CIRCLE: _ZN7FunctorIvJEE14method_wrapperI5PlaneXadL_ZNS2_21update_throttle_hoverEvEEEEvPv @ 0xb3f660
CIRCLE: _ZN7FunctorIvJEE14method_wrapperI11RC_ChannelsXadL_ZNS2_16read_mode_switchEvEEEEvPv @ 0xb3f710
CIRCLE: _ZN7FunctorIvJEE14method_wrapperI5PlaneXadL_ZNS2_15update_GPS_50HzEvEEEEvPv @ 0xb3f7b0
CIRCLE: _ZN7FunctorIvJEE14method_wrapperI5PlaneXadL_ZNS2_15update_GPS_10HzEvEEEEvPv @ 0xb3f860
CIRCLE: _ZN7FunctorIvJEE14method_wrapperI5PlaneXadL_ZNS2_8navigateEvEEEEvPv @ 0xb3f910
CIRCLE: _ZN7FunctorIvJEE14method_wrapperI5PlaneXadL_ZNS2_14update_compassEvEEEEvPv @ 0xb3f9c0
CIRCLE: _ZN7FunctorIvJEE14method_wrapperI5PlaneXadL_ZNS2_20calc_airspeed_errorsEvEEEEvPv @ 0xb3fa70
CIRCLE: _ZN7FunctorIvJEE14method_wrapperI5PlaneXadL_ZNS2_10update_altEvEEEEvPv @ 0xb3fb20
CIRCLE: _ZN7FunctorIvJEE14method_wrapperI5PlaneXadL_ZNS2_22adjust_altitude_targetEvEEEEvPv @ 0xb3fbd0
CIRCLE: _ZN7FunctorIvJEE14method_wrapperI5PlaneXadL_ZNS2_12afs_fs_checkEvEEEEvPv @ 0xb3fc80
CIRCLE: _ZN7FunctorIvJEE14method_wrapperI5PlaneXadL_ZNS2_9ekf_checkEvEEEEvPv @ 0xb3fd30
CIRCLE: _ZN7FunctorIvJEE14method_wrapperI3GCSXadL_ZNS2_14update_receiveEvEEEEvPv @ 0xb3fde0
CIRCLE: _ZN7FunctorIvJEE14method_wrapperI3GCSXadL_ZNS2_11update_sendEvEEEEvPv @ 0xb3fe90
CIRCLE: _ZN7FunctorIvJEE14method_wrapperI19AP_ServoRelayEventsXadL_ZNS2_13update_eventsEvEEEEvPv @ 0xb3ff40
CIRCLE: _ZN7FunctorIvJEE14method_wrapperI14AP_BattMonitorXadL_ZNS2_4readEvEEEEvPv @ 0xb3fff0
CIRCLE: _ZN7FunctorIvJEE14method_wrapperI5PlaneXadL_ZNS2_16read_rangefinderEvEEEEvPv @ 0xb400a0
CIRCLE: _ZN7FunctorIvJEE14method_wrapperI11AP_ICEngineXadL_ZNS2_6updateEvEEEEvPv @ 0xb40150
CIRCLE: _ZN7FunctorIvJEE14method_wrapperI14AP_OpticalFlowXadL_ZNS2_6updateEvEEEEvPv @ 0xb40200
CIRCLE: _ZN7FunctorIvJEE14method_wrapperI5PlaneXadL_ZNS2_15one_second_loopEvEEEEvPv @ 0xb402b0
CIRCLE: _ZN7FunctorIvJEE14method_wrapperI5PlaneXadL_ZNS2_13three_hz_loopEvEEEEvPv @ 0xb40360
CIRCLE: _ZN7FunctorIvJEE14method_wrapperI5PlaneXadL_ZNS2_19check_long_failsafeEvEEEEvPv @ 0xb40410
CIRCLE: _ZN7FunctorIvJEE14method_wrapperI5PlaneXadL_ZNS2_21airspeed_ratio_updateEvEEEEvPv @ 0xb404c0
CIRCLE: _ZN7FunctorIvJEE14method_wrapperI8AP_MountXadL_ZNS2_6updateEvEEEEvPv @ 0xb40570
CIRCLE: _ZN7FunctorIvJEE14method_wrapperI9AP_CameraXadL_ZNS2_6updateEvEEEEvPv @ 0xb40620
CIRCLE: _ZN7FunctorIvJEE14method_wrapperI12AP_SchedulerXadL_ZNS2_14update_loggingEvEEEEvPv @ 0xb406d0
CIRCLE: _ZN7FunctorIvJEE14method_wrapperI5PlaneXadL_ZNS2_18Log_Write_FullRateEvEEEEvPv @ 0xb40780
CIRCLE: _ZN7FunctorIvJEE14method_wrapperI5PlaneXadL_ZNS2_16update_logging10EvEEEEvPv @ 0xb40830
CIRCLE: _ZN7FunctorIvJEE14method_wrapperI5PlaneXadL_ZNS2_16update_logging25EvEEEEvPv @ 0xb408e0
CIRCLE: _ZN7FunctorIvJEE14method_wrapperI5PlaneXadL_ZNS2_14update_soaringEvEEEEvPv @ 0xb40990
CIRCLE: _ZN7FunctorIvJEE14method_wrapperI5PlaneXadL_ZNS2_15parachute_checkEvEEEEvPv @ 0xb40a40
CIRCLE: _ZN7FunctorIvJEE14method_wrapperI10AP_TerrainXadL_ZNS2_6updateEvEEEEvPv @ 0xb40af0
CIRCLE: _ZN7FunctorIvJEE14method_wrapperI5PlaneXadL_ZNS2_20update_is_flying_5HzEvEEEEvPv @ 0xb40ba0
CIRCLE: _ZN7FunctorIvJEE14method_wrapperI9AP_LoggerXadL_ZNS2_14periodic_tasksEvEEEEvPv @ 0xb40c50
CIRCLE: _ZN7FunctorIvJEE14method_wrapperI17AP_InertialSensorXadL_ZNS2_8periodicEvEEEEvPv @ 0xb40d00
CIRCLE: _ZN7FunctorIvJEE14method_wrapperI5PlaneXadL_ZNS2_21avoidance_adsb_updateEvEEEEvPv @ 0xb40db0
CIRCLE: _ZN7FunctorIvJEE14method_wrapperI11RC_ChannelsXadL_ZNS2_12read_aux_allEvEEEEvPv @ 0xb40e60
CIRCLE: _ZN7FunctorIvJEE14method_wrapperI9AP_ButtonXadL_ZNS2_6updateEvEEEEvPv @ 0xb40f10
CIRCLE: _ZN7FunctorIvJEE14method_wrapperI5PlaneXadL_ZNS2_19landing_gear_updateEvEEEEvPv @ 0xb40fc0
CIRCLE: _ZN7FunctorIvJEE14method_wrapperI5PlaneXadL_ZNS2_15precland_updateEvEEEEvPv @ 0xb41070
CIRCLE: _ZN7FunctorIvJEE14method_wrapperI5PlaneXadL_ZNS2_16update_quicktuneEvEEEEvPv @ 0xb41120
CIRCLE: _ZN5Plane16update_quicktuneEv @ 0x949920
CIRCLE: _ZN12AP_Quicktune6updateEb @ 0x9499a0
CIRCLE: _ZN5Plane15precland_updateEv @ 0x94bce0
CIRCLE: _ZN11AC_PrecLand6updateEfb @ 0x94bd70
CIRCLE: _ZNK7AP_AHRS37get_relative_position_NE_origin_floatER7Vector2IfE @ 0x94cea0
CIRCLE: _ZNK7AP_AHRS31get_relative_position_NE_originER7Vector2IdE @ 0x94cf50
CIRCLE: _ZN5Plane19landing_gear_updateEv @ 0x94e6f0
CIRCLE: _ZN14AP_LandingGear6updateEf @ 0x94e770
CIRCLE: _ZN9AP_Button6updateEv @ 0x94ebe0
CIRCLE: _ZN11RC_Channels12read_aux_allEv @ 0x94f860
CIRCLE: _ZN10RC_Channel8read_auxEv @ 0x94f950
CIRCLE: _ZN9AP_Logger10Write_RCINEv @ 0x94fb50
CIRCLE: _ZN11RC_Channels12get_radio_inEPth @ 0x94fd40
CIRCLE: _ZNK11RC_Channels17get_override_maskEv @ 0x94fe30
CIRCLE: _ZL3MINIhiEDTqultfp_fp0_fp_fp0_ERKT_RKT0_.7413 @ 0x94fef0
CIRCLE: _ZN5Plane21avoidance_adsb_updateEv @ 0x950300
CIRCLE: _ZN7AP_ADSB6updateEv @ 0x950370
CIRCLE: _ZN12AP_Avoidance6updateEv @ 0x950550
CIRCLE: _ZN12AP_Avoidance13check_startupEv @ 0x950610
CIRCLE: _ZN7AP_ADSB3LocC2Ev @ 0xb41db0
CIRCLE: _ZNK7AP_AHRS19get_vert_pos_rate_DERf @ 0x951e50
CIRCLE: _ZN7AP_ADSB6updateERKNS_3LocE @ 0x951f80
CIRCLE: _ZNK7NavEKF320getPosDownDerivativeEv @ 0x952640
CIRCLE: _ZNK12NavEKF3_core20getPosDownDerivativeEv @ 0x952890
CIRCLE: _ZNK12NavEKF2_core20getPosDownDerivativeEv @ 0x9528f0
CIRCLE: _ZN17AP_InertialSensor8periodicEv @ 0x952950
CIRCLE: _ZN17AP_InertialSensor12BatchSampler8periodicEv @ 0x9529b0
CIRCLE: _ZN9AP_Logger14periodic_tasksEv @ 0x952fd0
CIRCLE: _ZN5Plane20update_is_flying_5HzEv @ 0x953070
CIRCLE: _ZL3MAXI9AP_ParamTIsL11ap_var_type2EEiEDTqugtfp_fp0_fp_fp0_ERKT_RKT0_.1261 @ 0x953790
CIRCLE: _ZNK10AP_Landing14is_on_approachEv @ 0x953970
CIRCLE: _ZNK10AP_Landing10is_flaringEv @ 0x953a50
CIRCLE: _ZN7AP_ADSB13set_is_flyingEb @ 0xb41e70
CIRCLE: _ZN12AP_Parachute13set_is_flyingEb @ 0xb41ed0
CIRCLE: _ZN8AP_Stats10set_flyingEb @ 0x953b20
CIRCLE: _ZN5Plane22crash_detection_updateEv @ 0x953bf0
CIRCLE: _ZN10AP_Vehicle17set_likely_flyingEb @ 0xb41f40
CIRCLE: _ZN10AP_Terrain6updateEv @ 0x9543c0
CIRCLE: _ZN10AP_Terrain16schedule_disk_ioEv @ 0x954590
CIRCLE: _ZN10AP_Terrain19update_mission_dataEv @ 0x9547e0
CIRCLE: _ZN10AP_Terrain17update_rally_dataEv @ 0x954af0
CIRCLE: _ZN10AP_Terrain24update_surrounding_tilesERK8Location @ 0x954cc0
CIRCLE: _ZNK8AP_Rally19last_change_time_msEv @ 0xb41fd0
CIRCLE: _ZNK10AP_Mission19last_change_time_msEv @ 0xb42020
CIRCLE: _ZN10AP_Terrain15check_disk_readEv @ 0x954e40
CIRCLE: _ZN10AP_Terrain16check_disk_writeEv @ 0x954f20
CIRCLE: _ZN10AP_Terrain8io_timerEv @ 0x955280
CIRCLE: _ZN7FunctorIvJEE14method_wrapperI10AP_TerrainXadL_ZNS2_8io_timerEvEEEEvPv @ 0xb420d0
CIRCLE: _ZN5Plane15parachute_checkEv @ 0x955da0
CIRCLE: _ZN12AP_Parachute6updateEv @ 0x955e10
CIRCLE: _ZN12AP_Parachute15check_sink_rateEv @ 0x9560a0
CIRCLE: _ZN5Plane14update_soaringEv @ 0x956150
CIRCLE: _ZN17SoaringController19update_active_stateEb @ 0x956370
CIRCLE: _ZNK17SoaringController9is_activeEv @ 0xb42180
CIRCLE: _ZNK7AP_TECS19get_target_airspeedEv @ 0xb426b0
CIRCLE: _ZN13AverageFilterIffLh5EE5applyEf @ 0xb430a0
CIRCLE: _ZNK17SoaringController12active_stateEb @ 0x959b10
CIRCLE: _ZN5Plane16update_logging25Ev @ 0x959c30
CIRCLE: _ZN5Plane18Log_Write_AttitudeEv @ 0x959d90
CIRCLE: _ZN5Plane24Log_Write_Control_TuningEv @ 0x95a1f0
CIRCLE: _ZNK17AP_InertialSensor24write_notch_log_messagesEv @ 0x95a3f0
CIRCLE: _ZN10AP_GyroFFT18write_log_messagesEv @ 0x95a6f0
CIRCLE: _ZN5Plane20Log_Write_Nav_TuningEv @ 0x95a920
CIRCLE: _ZN5Plane16Log_Write_GuidedEv @ 0x95aa80
CIRCLE: _ZN5Plane12Log_Write_RCEv @ 0x95ab80
CIRCLE: _ZNK17AP_InertialSensor15Write_VibrationEv @ 0x95ac30
CIRCLE: _ZNK17AP_InertialSensor20get_accel_clip_countEh @ 0x95ad50
CIRCLE: _ZN9AP_Logger11Write_RCOUTEv @ 0x95adf0
CIRCLE: _ZN5Plane14Log_Write_AETREv @ 0x95b3c0
CIRCLE: _ZN9AP_Logger9Write_PIDEhRK10AP_PIDInfo @ 0x95b590
CIRCLE: _ZNK7AP_AHRS17airspeed_estimateERfRNS_20AirspeedEstimateTypeE @ 0x95bd90
CIRCLE: _ZNK7AP_AHRS18synthetic_airspeedERf @ 0x95be30
CIRCLE: _ZN7AP_TECS19get_throttle_demandEv @ 0xb43710
CIRCLE: _ZNK11AP_AHRS_DCM22synthetic_airspeed_EASERf @ 0xb43770
CIRCLE: _ZNK7AP_AHRS14Write_AttitudeERK7Vector3IfE @ 0x95bfb0
CIRCLE: _ZNK16AP_YawController7enabledEv @ 0xb438d0
CIRCLE: _ZNK18AP_SteerController6activeEv @ 0x95c180
CIRCLE: _ZN7AP_AHRS9Log_WriteEv @ 0x95c1f0
CIRCLE: _ZN7NavEKF29Log_WriteEv @ 0x95c280
CIRCLE: _ZN7NavEKF39Log_WriteEv @ 0x95c390
CIRCLE: _ZNK7AP_AHRS11Write_AHRS2Ev @ 0x95c4a0
CIRCLE: _ZNK7AP_AHRS9Write_POSEv @ 0x95c680
CIRCLE: _ZN4SITL3SIM18Log_Write_SIMSTATEEv @ 0x95c7e0
CIRCLE: _ZNK7AP_AHRS36get_relative_position_D_origin_floatERf @ 0x95c970
CIRCLE: _ZNK7AP_AHRS22get_secondary_attitudeER7Vector3IfE @ 0xb43a00
CIRCLE: _ZNK7AP_AHRS22get_secondary_positionER8Location @ 0xb43a80
CIRCLE: _ZNK7AP_AHRS24get_secondary_quaternionER11QuaternionTIfE @ 0xb43b00
CIRCLE: _ZL7degreesf.2388 @ 0x95ca00
CIRCLE: _ZN12NavEKF3_core9Log_WriteEm @ 0x95ca50
CIRCLE: _ZNK7AP_EnumIN7NavEKF38LogLevelEEcvKS1_Ev @ 0xb43b80
CIRCLE: _ZNK12NavEKF3_core14Log_Write_XKF4Em @ 0x95cba0
CIRCLE: _ZN12NavEKF3_core13Log_Write_GSFEm @ 0x95cef0
CIRCLE: _ZNK12NavEKF3_core14Log_Write_XKF1Em @ 0x95cfa0
CIRCLE: _ZNK12NavEKF3_core14Log_Write_XKF2Em @ 0x95d270
CIRCLE: _ZNK12NavEKF3_core14Log_Write_XKF3Em @ 0x95d510
CIRCLE: _ZNK12NavEKF3_core14Log_Write_XKF5Em @ 0x95d770
CIRCLE: _ZNK12NavEKF3_core14Log_Write_XKFSEm @ 0x95d9d0
CIRCLE: _ZNK12NavEKF3_core20Log_Write_QuaternionEm @ 0x95dae0
CIRCLE: _ZN12NavEKF3_core16Log_Write_BeaconEm @ 0x95dbc0
CIRCLE: _ZN12NavEKF3_core18Log_Write_BodyOdomEm @ 0x95deb0
CIRCLE: _ZN12NavEKF3_core25Log_Write_State_VariancesEm @ 0x95e020
CIRCLE: _ZN12NavEKF3_core16Log_Write_TimingEm @ 0x95e340
CIRCLE: _ZNK6AP_DAL12logging_coreEh @ 0x95e4a0
CIRCLE: _ZL3MAXIjjEDTqugtfp_fp0_fp_fp0_ERKT_RKT0_.5171 @ 0x95e4f0
CIRCLE: _ZNK16AP_NavEKF_Source21getPosVelYawSourceSetEv @ 0xb43bd0
CIRCLE: _ZL3MAXIddEDTqugtfp_fp0_fp_fp0_ERKT_RKT0_.5169 @ 0x95e570
CIRCLE: _ZL3MINIdiEDTqultfp_fp0_fp_fp0_ERKT_RKT0_.5170 @ 0x95e5f0
CIRCLE: _ZNK12NavEKF3_core14getInnovationsER7Vector3IfES2_S2_RfS3_ @ 0x95e690
CIRCLE: _ZL7degreesf.5167 @ 0x95e890
CIRCLE: _ZNK12NavEKF3_core26getSynthAirDataInnovationsER7Vector2IfERf @ 0x95e8e0
CIRCLE: _ZN10EKFGSF_yaw9Log_WriteEm11LogMessagesS0_h @ 0x95e9b0
CIRCLE: _ZL7degreesf.20074 @ 0x95ed30
CIRCLE: _ZL3MAXIffEDTqugtfp_fp0_fp_fp0_ERKT_RKT0_.20075 @ 0x95ed80
CIRCLE: _ZL3MAXIdfEDTqugtfp_fp0_fp_fp0_ERKT_RKT0_.5168 @ 0x95ee00
CIRCLE: _ZN12NavEKF2_core9Log_WriteEm @ 0x95eea0
CIRCLE: _ZNK12NavEKF2_core14Log_Write_NKF1Em @ 0x95ef70
CIRCLE: _ZNK12NavEKF2_core14Log_Write_NKF2Em @ 0x95f240
CIRCLE: _ZNK12NavEKF2_core14Log_Write_NKF3Em @ 0x95f4a0
CIRCLE: _ZNK12NavEKF2_core14Log_Write_NKF4Em @ 0x95f6e0
CIRCLE: _ZNK12NavEKF2_core14Log_Write_NKF5Em @ 0x95fa20
CIRCLE: _ZNK12NavEKF2_core20Log_Write_QuaternionEm @ 0x95fc80
CIRCLE: _ZNK12NavEKF2_core13Log_Write_GSFEm @ 0x95fd60
CIRCLE: _ZN12NavEKF2_core16Log_Write_BeaconEm @ 0x95fe10
CIRCLE: _ZN12NavEKF2_core16Log_Write_TimingEm @ 0x9600c0
CIRCLE: _ZL3MAXIddEDTqugtfp_fp0_fp_fp0_ERKT_RKT0_ @ 0x960220
CIRCLE: _ZL3MINIdiEDTqultfp_fp0_fp_fp0_ERKT_RKT0_ @ 0x9602a0
CIRCLE: _ZNK12NavEKF2_core18getFilterGpsStatusER14nav_gps_status @ 0x960340
CIRCLE: _ZNK12NavEKF2_core14getInnovationsER7Vector3IfES2_S2_RfS3_ @ 0x9605f0
CIRCLE: _ZL7degreesf.4695 @ 0x9607f0
CIRCLE: _ZNK12NavEKF2_core27getGyroScaleErrorPercentageER7Vector3IfE @ 0x960840
CIRCLE: _ZNK16AP_YawController20rate_control_enabledEv @ 0xb43c20
CIRCLE: _ZN5Plane16update_logging10Ev @ 0x960930
CIRCLE: _ZNK7AP_AHRS13Write_AOA_SSAEv @ 0x960a40
CIRCLE: _ZN8AP_Mount9write_logEv @ 0x960ae0
CIRCLE: _ZNK7AP_AHRS6getAOAEv @ 0xb43c90
CIRCLE: _ZNK7AP_AHRS6getSSAEv @ 0xb43ce0
CIRCLE: _ZN5Plane18Log_Write_FullRateEv @ 0x960b90
CIRCLE: _ZN12AP_Scheduler14update_loggingEv @ 0x960c30
CIRCLE: _ZN12AP_Scheduler11debug_flagsEv @ 0xb43d30
CIRCLE: _ZN12AP_Scheduler21Log_Write_PerformanceEv @ 0x960ea0
CIRCLE: _ZN2AP8PerfInfo13has_task_infoEv @ 0xb43d90
CIRCLE: _ZNK2AP8PerfInfo20get_num_long_runningEv @ 0x9610b0
CIRCLE: _ZNK2AP8PerfInfo13get_num_loopsEv @ 0x961100
CIRCLE: _ZNK2AP8PerfInfo12get_max_timeEv @ 0x961150
CIRCLE: _ZN12AP_Scheduler12load_averageEv @ 0x9611a0
CIRCLE: _ZNK16AP_InternalError5countEv @ 0xb43df0
CIRCLE: _ZN9AP_Camera6updateEv @ 0x9613e0
CIRCLE: _ZN8AP_Mount6updateEv @ 0x9614a0
CIRCLE: _ZN5Plane21airspeed_ratio_updateEv @ 0x961550
CIRCLE: _ZN11AP_Airspeed18update_calibrationERK7Vector3IfEs @ 0x9617c0
CIRCLE: _ZN11AP_Airspeed18update_calibrationEhRK7Vector3IfEs @ 0x961870
CIRCLE: _ZN11AP_Airspeed25send_airspeed_calibrationERK7Vector3IfE @ 0x961d40
CIRCLE: _ZN5Plane19check_long_failsafeEv @ 0x962620
CIRCLE: _ZN5Plane13three_hz_loopEv @ 0x963340
CIRCLE: _ZN5Plane11fence_checkEv @ 0x963390
CIRCLE: _ZNK8AC_Fence10get_actionEv @ 0xb44430
CIRCLE: _ZN5Plane15one_second_loopEv @ 0x964180
CIRCLE: _ZN7AP_ADSB18set_stall_speed_cmEt @ 0xb44700
CIRCLE: _ZN7AP_ADSB13set_max_speedEs @ 0xb44790
CIRCLE: _ZN10AP_Terrain16log_terrain_dataEv @ 0x964630
CIRCLE: _ZN16AP_FW_Controller21set_notch_sample_rateEf @ 0xb44830
CIRCLE: _ZN16AP_YawController21set_notch_sample_rateEf @ 0xb448a0
CIRCLE: _ZN14AP_OpticalFlow6updateEv @ 0x964bc0
CIRCLE: _ZN11AP_ICEngine6updateEv @ 0x966170
CIRCLE: _ZNK12AP_Parachute17release_initiatedEv @ 0xb44910
CIRCLE: _ZN5Plane16read_rangefinderEv @ 0x967060
CIRCLE: _ZN11RangeFinder28set_estimated_terrain_heightEf @ 0xb44970
CIRCLE: _ZN11RangeFinder6updateEv @ 0x967170
CIRCLE: _ZN5Plane25rangefinder_height_updateEv @ 0x967290
CIRCLE: _ZNK11RangeFinder8Log_RFNDEv @ 0x967a30
CIRCLE: _ZN14AP_BattMonitor4readEv @ 0x967b70
CIRCLE: _ZN9AP_Logger11Write_PowerEv @ 0x967da0
CIRCLE: _ZNK22AP_BattMonitor_Backend13Log_Write_BATEhm @ 0x967df0
CIRCLE: _ZNK22AP_BattMonitor_Backend13Log_Write_BCLEhm @ 0x968090
CIRCLE: _ZN14AP_BattMonitor15check_failsafesEv @ 0x968290
CIRCLE: _ZN14AP_BattMonitor16checkPoweringOffEv @ 0x9685a0
CIRCLE: _ZNK22AP_BattMonitor_Backend23get_state_of_health_pctERh @ 0x968700
CIRCLE: _ZN5Plane9ekf_checkEv @ 0x968790
CIRCLE: _ZNK9QuadPlane19in_vtol_posvel_modeEv @ 0x968a40
CIRCLE: _ZN5Plane22failsafe_ekf_off_eventEv @ 0x968ba0
CIRCLE: _ZN5Plane12afs_fs_checkEv @ 0x968f60
CIRCLE: _ZN19AP_AdvancedFailsafe5checkEj @ 0x968fc0
CIRCLE: _ZN5Plane22adjust_altitude_targetEv @ 0x969d50
CIRCLE: _ZN5Plane10update_altEv @ 0x969db0
CIRCLE: _ZN12AP_Parachute13set_sink_rateEf @ 0x96a1e0
CIRCLE: _ZNK9QuadPlane19should_disable_TECSEv @ 0x96a2d0
CIRCLE: _ZNK8ModeAuto9in_pullupEv @ 0xb44b80
CIRCLE: _ZN5Plane27relative_target_altitude_cmEv @ 0x96a410
CIRCLE: _ZN5Plane24get_takeoff_pitch_min_cdEv @ 0x96a5f0
CIRCLE: _ZN5Plane12tecs_hgt_afeEv @ 0x96a800
CIRCLE: _ZN7AP_TECS21update_pitch_throttleEiiN12AP_FixedWing11FlightStageEfisfff @ 0x96a8d0
CIRCLE: _ZN7AP_TECS23_update_throttle_limitsEv @ 0x96b0e0
CIRCLE: _ZN7AP_TECS20_update_pitch_limitsEi @ 0x96b350
CIRCLE: _ZN7AP_TECS18_initialise_statesEf @ 0x96b8c0
CIRCLE: _ZN7AP_TECS20_update_STE_rate_limEv @ 0x96bda0
CIRCLE: _ZN7AP_TECS20_update_speed_demandEv @ 0x96be50
CIRCLE: _ZN7AP_TECS21_update_height_demandEv @ 0x96c1f0
CIRCLE: _ZN7AP_TECS18_detect_underspeedEv @ 0x96cad0
CIRCLE: _ZN7AP_TECS16_update_energiesEv @ 0x96ccb0
CIRCLE: _ZN7AP_TECS13_update_pitchEv @ 0x96cdc0
CIRCLE: _ZN7AP_TECS30_update_throttle_with_airspeedEv @ 0x96d930
CIRCLE: _ZN7AP_TECS19_detect_bad_descentEv @ 0x96e540
CIRCLE: _ZNK7AP_TECS13option_is_setENS_6OptionE @ 0xb44be0
CIRCLE: _ZL7radiansf.12736 @ 0x96e6b0
CIRCLE: _ZL2sqf.12729 @ 0x96e700
CIRCLE: _ZN7AP_TECS18constrain_throttleEv @ 0x96e750
CIRCLE: _ZL3MINIffEDTqultfp_fp0_fp_fp0_ERKT_RKT0_.12727 @ 0x96e820
CIRCLE: _ZNK7AP_TECS12timeConstantEv @ 0x96e8b0
CIRCLE: _ZN7AP_TECS11_get_i_gainEv @ 0x96e9c0
CIRCLE: _ZL3MAXI9AP_ParamTIfL11ap_var_type4EEfEDTqugtfp_fp0_fp_fp0_ERKT_RKT0_.12728 @ 0x96eac0
CIRCLE: _ZN5Plane22rangefinder_correctionEv @ 0x96ece0
CIRCLE: _ZN5Plane21reached_loiter_targetEv @ 0x96f1d0
CIRCLE: _ZNK12GliderPullup9in_pullupEv @ 0x96f4b0
CIRCLE: _ZN5Plane20calc_airspeed_errorsEv @ 0x96f570
CIRCLE: _ZL3MAXIffEDTqugtfp_fp0_fp_fp0_ERKT_RKT0_.1632 @ 0x9701f0
CIRCLE: _ZN5Plane17calc_speed_scalerEv @ 0x970270
CIRCLE: _ZL3MAXI9AP_ParamTIsL11ap_var_type2EEiEDTqugtfp_fp0_fp_fp0_ERKT_RKT0_ @ 0x971590
CIRCLE: _ZL3MINIffEDTqultfp_fp0_fp_fp0_ERKT_RKT0_ @ 0x971620
CIRCLE: _ZL3MAXIffEDTqugtfp_fp0_fp_fp0_ERKT_RKT0_ @ 0x9716b0
CIRCLE: _ZL3MAXIfiEDTqugtfp_fp0_fp_fp0_ERKT_RKT0_ @ 0x9717c0
CIRCLE: _ZN5Plane14update_compassEv @ 0x971860
CIRCLE: _ZN5Plane8navigateEv @ 0x9718c0
CIRCLE: _ZN5Plane21check_home_alt_changeEv @ 0x9719f0
CIRCLE: _ZN5Plane19loiter_angle_updateEv @ 0x971af0
CIRCLE: _ZN5Plane15update_GPS_10HzEv @ 0x971ef0
CIRCLE: _ZN7AP_AHRS13estimate_windEv @ 0xb44e50
CIRCLE: _ZN5Plane24calc_gndspeed_undershootEv @ 0x972100
CIRCLE: _ZN11AP_AHRS_DCM13estimate_windEv @ 0x9722b0
CIRCLE: _ZN5Plane15update_GPS_50HzEv @ 0x972970
CIRCLE: _ZN6AP_GPS6updateEv @ 0x9729e0
CIRCLE: _ZN6AP_GPS15update_instanceEh @ 0x972b60
CIRCLE: _ZN6AP_GPS14update_primaryEv @ 0x973300
CIRCLE: _ZN14AP_GPS_Blended19zero_health_counterEv @ 0xb44eb0
CIRCLE: _ZN6AP_GPS9Write_GPSEh @ 0x974ad0
CIRCLE: _ZL3MINIfiEDTqultfp_fp0_fp_fp0_ERKT_RKT0_.3555 @ 0x974f10
CIRCLE: _ZNK6AP_GPS26last_message_delta_time_msEh @ 0xb44f60
CIRCLE: _ZNK6AP_GPS10should_logEv @ 0x974fb0
CIRCLE: _ZN6AP_GPS16send_blob_updateEh @ 0x976130
CIRCLE: _ZN14AP_GPS_Backend14check_new_itowEjj @ 0x97ae80
CIRCLE: _ZN12AP_GPS_UBLOX20_request_next_configEv @ 0x97f0e0
CIRCLE: _ZN12AP_GPS_UBLOX21_request_message_rateEhh @ 0x97fb80
CIRCLE: _ZN12AP_GPS_UBLOX13_request_portEv @ 0x97fc40
CIRCLE: _ZN12AP_GPS_UBLOX13_send_messageEhhPKvt @ 0x97fcd0
CIRCLE: _ZN12AP_GPS_UBLOX16_update_checksumEPhtRhS1_ @ 0x980b90
CIRCLE: _ZN12AP_GPS_UBLOX4readEv @ 0x980cc0
CIRCLE: _ZNK12AP_GPS_UBLOX13is_configuredEv @ 0xb45de0
CIRCLE: _ZNK12AP_GPS_UBLOX7get_lagERf @ 0x9813a0
CIRCLE: _ZNK12AP_GPS_UBLOX10is_healthyEv @ 0x981530
CIRCLE: _ZL3MINIjjEDTqultfp_fp0_fp_fp0_ERKT_RKT0_.3850 @ 0x981980
CIRCLE: _ZN12AP_GPS_UBLOXUt_ixEm @ 0xb45ef0
CIRCLE: _ZN12AP_GPS_UBLOX10_parse_gpsEv @ 0x981a00
CIRCLE: _ZN12AP_GPS_UBLOX15_check_new_itowEj @ 0x984ec0
CIRCLE: _ZN12AP_GPS_UBLOX23_configure_message_rateEhhh @ 0x984f40
CIRCLE: _ZN5Plane21update_throttle_hoverEv @ 0x98c540
CIRCLE: _ZN9QuadPlane21update_throttle_hoverEv @ 0x98c5a0
CIRCLE: _ZN5Plane19update_speed_heightEv @ 0x98cdb0
CIRCLE: _ZN7AP_TECS11update_50hzEv @ 0x98cee0
CIRCLE: _ZN7AP_TECS13_update_speedEf @ 0x98d550
CIRCLE: _ZNK10AP_Landing11is_on_finalEv @ 0x98de40
CIRCLE: _ZN5Plane20check_short_failsafeEv @ 0x98df10
CIRCLE: _ZN5Plane10read_radioEv @ 0x98e540
CIRCLE: _ZNK5Plane17fence_stickmixingEv @ 0x98e7b0
CIRCLE: _ZN10Tailsitter11check_inputEv @ 0x98e860
CIRCLE: _ZN9AP_Tuning11check_inputEh @ 0x98e930
CIRCLE: _ZN5Plane10set_servosEv @ 0x98f8e0
CIRCLE: _ZN9QuadPlane6updateEv @ 0x98fc40
CIRCLE: _ZN5Plane12set_throttleEv @ 0x990270
CIRCLE: _ZN5Plane20set_takeoff_expectedEv @ 0x9904c0
CIRCLE: _ZN5Plane16set_servos_flapsEv @ 0x990620
CIRCLE: _ZN5Plane15airbrake_updateEv @ 0x990ab0
CIRCLE: _ZN5Plane19throttle_slew_limitEv @ 0x990c30
CIRCLE: _ZN11AP_ICEngine17throttle_overrideERff @ 0x990f50
CIRCLE: _ZN12ParametersG212FWD_BATT_CMP6updateEv @ 0x991470
CIRCLE: _ZNK12ParametersG212FWD_BATT_CMP14apply_throttleEf @ 0x9915f0
CIRCLE: _ZN5Plane21apply_throttle_limitsEf @ 0x9916a0
CIRCLE: _ZN5Plane17suppress_throttleEv @ 0x9919d0
CIRCLE: _ZNK10AP_Landing22is_throttle_suppressedEv @ 0x991e40
CIRCLE: _ZN11AP_ICEngine20update_idle_governorERa @ 0x992800
CIRCLE: _ZNK12ParametersG212FWD_BATT_CMP13apply_min_maxERaS1_ @ 0x992bf0
CIRCLE: _ZN5Plane21throttle_watt_limiterERaS0_ @ 0x992dd0
CIRCLE: _ZL3MINIaaEDTqultfp_fp0_fp_fp0_ERKT_RKT0_ @ 0x9930c0
CIRCLE: _ZN7AP_TECS16set_throttle_maxEf @ 0x993140
CIRCLE: _ZNK14AP_BattMonitor18overpower_detectedEv @ 0x9931c0
CIRCLE: _ZN5Plane9stabilizeEv @ 0x997250
CIRCLE: _ZL7degreesf.12555 @ 0x997be0
CIRCLE: _ZN16AP_FW_Controller13_get_rate_outEffbfb @ 0x9999d0
CIRCLE: _ZL7radiansf.12452 @ 0x999dd0
CIRCLE: _ZL7degreesf.12453 @ 0x999e20
CIRCLE: _ZN5Plane19update_control_modeEv @ 0x999e70
CIRCLE: _ZN5Plane18update_fly_forwardEv @ 0x999f50
CIRCLE: _ZN12ModeAutoLand23check_takeoff_directionEv @ 0x99a100
CIRCLE: _ZN5Plane11ahrs_updateEv @ 0x99a430
CIRCLE: _ZNK17AP_InertialSensor9Write_IMUEv @ 0x99a6a0
CIRCLE: _ZN9QuadPlane15check_yaw_resetEv @ 0x99a760
CIRCLE: _ZN14AP_InertialNav6updateEb @ 0x99a820
CIRCLE: _ZN9AP_Follow16update_estimatesEv @ 0x99ab90
CIRCLE: _ZN9AP_Follow32clear_dist_and_bearing_to_targetEv @ 0x99bb10
CIRCLE: _ZL3MAXIhhEDTqugtfp_fp0_fp_fp0_ERKT_RKT0_ @ 0x99c470
CIRCLE: _ZNK17AP_InertialSensor18Write_IMU_instanceEmh @ 0x99c4f0
CIRCLE: _ZNK17AP_InertialSensor16get_gyro_rate_hzEh @ 0xb47f10
CIRCLE: _ZNK17AP_InertialSensor17get_accel_rate_hzEh @ 0xb47f90
CIRCLE: _ZN5Plane28set_target_altitude_locationERK8Location @ 0x9aa060
CIRCLE: _ZNK14AP_BattMonitor22capacity_remaining_pctERhh @ 0x9b4930
CIRCLE: _ZN4Mode3runEv @ 0x9b5560
CIRCLE: _ZNK4Mode12is_vtol_modeEv @ 0xb4de30
CIRCLE: _ZNK4Mode14is_guided_modeEv @ 0xb4ded0
CIRCLE: _ZN4Mode22update_target_altitudeEv @ 0x9b57d0
CIRCLE: _ZNK4Mode19use_throttle_limitsEv @ 0x9b5be0
CIRCLE: _ZNK4Mode24use_battery_compensationEv @ 0x9b5d80
CIRCLE: _ZNK4Mode18supports_quicktuneEv @ 0xb4e210
CIRCLE: _ZN4Mode5_exitEv @ 0xb4e2b0
CIRCLE: _ZN10AP_Landing28get_target_altitude_locationER8Location @ 0x9b6890
CIRCLE: _ZN5Plane14calc_nav_pitchEv @ 0x9b7600
CIRCLE: _ZN5Plane13calc_throttleEv @ 0x9b76c0
CIRCLE: _ZN7AP_TECS16get_pitch_demandEv @ 0xb4e680
CIRCLE: _ZN5Plane18update_load_factorEv @ 0x9b7770
CIRCLE: _ZL7radiansf @ 0x9b7ac0
CIRCLE: _ZL2sqf.11 @ 0x9b7b10
CIRCLE: _ZN5Plane26stabilize_stick_mixing_fbwEv @ 0x9b7c30
CIRCLE: _ZN5Plane14stabilize_rollEv @ 0x9b80f0
CIRCLE: _ZN5Plane15stabilize_pitchEv @ 0x9b81b0
CIRCLE: _ZN5Plane13stabilize_yawEv @ 0x9b8250
CIRCLE: _ZNK10AP_Landing26is_ground_steering_allowedEv @ 0x9b84a0
CIRCLE: _ZN5Plane24calc_nav_yaw_coordinatedEv @ 0x9b88f0
CIRCLE: _ZN11VTOL_Assist20output_spin_recoveryEv @ 0x9b8be0
CIRCLE: _ZN5Plane12rudder_inputEv @ 0x9b8ce0
CIRCLE: _ZN16AP_YawController13get_servo_outEfb @ 0x9b8f10
CIRCLE: _ZN16AP_YawController14reset_rate_PIDEv @ 0x9b9600
CIRCLE: _ZL3MAXIffEDTqugtfp_fp0_fp_fp0_ERKT_RKT0_.12554 @ 0x9b9670
CIRCLE: _ZN5Plane20stick_mixing_enabledEv @ 0x9b9830
CIRCLE: _ZNK9QuadPlane23in_vtol_land_poscontrolEv @ 0x9b9a00
CIRCLE: _ZN5Plane17takeoff_tail_holdEv @ 0x9ba4e0
CIRCLE: _ZN5Plane29stabilize_pitch_get_pitch_outEv @ 0x9ba680
CIRCLE: _ZNK9QuadPlane27use_fw_attitude_controllersEv @ 0x9baa80
CIRCLE: _ZN18AP_PitchController13get_servo_outEifbb @ 0x9babc0
CIRCLE: _ZNK18AP_PitchController29_get_coordination_rate_offsetERKfRb @ 0x9baf60
CIRCLE: _ZL3MINIffEDTqultfp_fp0_fp_fp0_ERKT_RKT0_.12475 @ 0x9bb290
CIRCLE: _ZL7radiansi.12476 @ 0x9bb320
CIRCLE: _ZL3MAXI9AP_ParamTIsL11ap_var_type2EEiEDTqugtfp_fp0_fp_fp0_ERKT_RKT0_.12477 @ 0x9bb380
CIRCLE: _ZL7degreesf.12479 @ 0x9bb410
CIRCLE: _ZN5Plane27stabilize_roll_get_roll_outEv @ 0x9bb460
CIRCLE: _ZN17AP_RollController13get_servo_outEifbb @ 0x9bb730
CIRCLE: _ZNK9QuadPlane18allow_stick_mixingEv @ 0x9bba70
CIRCLE: _ZN4Mode8navigateEv @ 0xb4e7a0
CIRCLE: _ZNK4Mode23allows_throttle_nudgingEv @ 0xb4e7f0
CIRCLE: _ZN5Plane19throttle_percentageEv @ 0x9ce0d0
CIRCLE: _ZNK10ModeCircle11mode_numberEv @ 0xb52250
CIRCLE: _ZNK10ModeCircle5name4Ev @ 0xb522f0
CIRCLE: _ZN10ModeCircle6updateEv @ 0x9cef90
CIRCLE: _ZNK10ModeCircle20does_auto_navigationEv @ 0xb52340
CIRCLE: _ZNK10ModeCircle18does_auto_throttleEv @ 0xb52390
CIRCLE: _ZN10ModeCircle6_enterEv @ 0x9cf020
CIRCLE: _ZNK9GCS_Plane11custom_modeEv @ 0x9d9a70
CIRCLE: _ZNK9GCS_Plane10frame_typeEv @ 0x9d9ad0
CIRCLE: _ZN9GCS_Plane4chanEh @ 0xb52b30
CIRCLE: _ZN9GCS_Plane34update_vehicle_sensor_status_flagsEv @ 0x9d9b30
CIRCLE: _ZNK9GCS_Plane26min_status_for_gps_healthyEv @ 0xb52cf0
CIRCLE: _ZN17GCS_MAVLINK_Plane14packetReceivedERK16__mavlink_statusRK17__mavlink_message @ 0x9da0b0
CIRCLE: _ZNK11GCS_MAVLINK13mission_stateERK10AP_Mission @ 0x9da150
CIRCLE: _ZNK11GCS_MAVLINK16send_rangefinderEv @ 0x9da230
CIRCLE: _ZNK17GCS_MAVLINK_Plane26send_nav_controller_outputEv @ 0x9da300
CIRCLE: _ZN17GCS_MAVLINK_Plane15send_pid_tuningEv @ 0x9da790
CIRCLE: _ZN11GCS_MAVLINK21send_scaled_pressure3Ev @ 0x9dab70
CIRCLE: _ZNK17GCS_MAVLINK_Plane13send_attitudeEv @ 0x9dabd0
CIRCLE: _ZN17GCS_MAVLINK_Plane31send_position_target_global_intEv @ 0x9daf50
CIRCLE: _ZNK11GCS_MAVLINK17send_winch_statusEv @ 0xb52ec0
CIRCLE: _ZNK17GCS_MAVLINK_Plane9base_modeEv @ 0x9db3b0
CIRCLE: _ZNK17GCS_MAVLINK_Plane21vehicle_system_statusEv @ 0x9db5b0
CIRCLE: _ZNK17GCS_MAVLINK_Plane19persist_streamratesEv @ 0xb52f10
CIRCLE: _ZN17GCS_MAVLINK_Plane25handle_command_int_packetERK23__mavlink_command_int_tRK17__mavlink_message @ 0x9db8b0
CIRCLE: _ZN17GCS_MAVLINK_Plane14handle_messageERK17__mavlink_message @ 0x9dc270
CIRCLE: _ZN17GCS_MAVLINK_Plane16try_send_messageE10ap_message @ 0x9dd5c0
CIRCLE: _ZN11GCS_MAVLINK24send_global_position_intEv @ 0x9dd7f0
CIRCLE: _ZNK11GCS_MAVLINK23global_position_int_altEv @ 0x9dd970
CIRCLE: _ZNK11GCS_MAVLINK32global_position_int_relative_altEv @ 0x9dd9d0
CIRCLE: _ZNK17GCS_MAVLINK_Plane17vfr_hud_climbrateEv @ 0x9dda40
CIRCLE: _ZNK17GCS_MAVLINK_Plane16vfr_hud_airspeedEv @ 0x9ddb00
CIRCLE: _ZNK17GCS_MAVLINK_Plane16vfr_hud_throttleEv @ 0x9ddbf0
CIRCLE: _ZNK11GCS_MAVLINK11vfr_hud_altEv @ 0x9ddc50
CIRCLE: _ZN17GCS_MAVLINK_Plane35convert_COMMAND_LONG_to_COMMAND_INTERK24__mavlink_command_long_tR23__mavlink_command_int_t9MAV_FRAME @ 0x9de1e0
CIRCLE: _ZN11GCS_MAVLINK35convert_COMMAND_LONG_to_COMMAND_INTERK24__mavlink_command_long_tR23__mavlink_command_int_t9MAV_FRAME @ 0x9de8c0
CIRCLE: _ZN11GCS_MAVLINK28command_long_stores_locationE7MAV_CMD @ 0x9dea80
CIRCLE: _ZL30convert_COMMAND_LONG_loc_paramfb @ 0x9deb60
CIRCLE: _ZL3MINIfiEDTqultfp_fp0_fp_fp0_ERKT_RKT0_ @ 0x9dec10
CIRCLE: _ZNK11GCS_MAVLINK17vfr_hud_climbrateEv @ 0x9decb0
CIRCLE: _ZL36mavlink_msg_global_position_int_send17mavlink_channel_tjiiiissst @ 0x9ded70
CIRCLE: _ZN10AP_Terrain12send_requestE17mavlink_channel_t @ 0x9dee90
CIRCLE: _ZN10AP_Terrain11send_reportE17mavlink_channel_t @ 0x9defe0
CIRCLE: _ZNK17GCS_MAVLINK_Plane9send_windEv @ 0x9df090
CIRCLE: _ZN7AP_ADSB17send_adsb_vehicleE17mavlink_channel_t @ 0x9df160
CIRCLE: _ZN17GCS_MAVLINK_Plane12send_aoa_ssaEv @ 0x9df370
CIRCLE: _ZN10AP_Landing20send_landing_messageE17mavlink_channel_t @ 0x9df410
CIRCLE: _ZN17GCS_MAVLINK_Plane15send_hygrometerEv @ 0x9df4f0
CIRCLE: _ZN11GCS_MAVLINK16try_send_messageE10ap_message @ 0x9df6f0
CIRCLE: _ZN11GCS_MAVLINK17queued_param_sendEv @ 0x9e03a0
CIRCLE: _ZNK11GCS_MAVLINK14send_heartbeatEv @ 0x9e0650
CIRCLE: _ZNK11GCS_MAVLINK8send_rpmEv @ 0x9e0a10
CIRCLE: _ZN11GCS_MAVLINK24try_send_mission_messageE10ap_message @ 0x9e0af0
CIRCLE: _ZN7Compass21send_mag_cal_progressERK11GCS_MAVLINK @ 0x9e0cf0
CIRCLE: _ZN7Compass19send_mag_cal_reportERK11GCS_MAVLINK @ 0x9e0f40
CIRCLE: _ZN11GCS_MAVLINK19send_battery_statusEv @ 0x9e1270
CIRCLE: _ZNK7AP_AHRS22send_ekf_status_reportER11GCS_MAVLINK @ 0x9e13c0
CIRCLE: _ZN11GCS_MAVLINK12send_meminfoEv @ 0x9e14c0
CIRCLE: _ZNK11GCS_MAVLINK17send_fence_statusEv @ 0x9e1580
CIRCLE: _ZN11GCS_MAVLINK20send_distance_sensorEv @ 0x9e16c0
CIRCLE: _ZNK11GCS_MAVLINK16send_system_timeEv @ 0x9e1c00
CIRCLE: _ZN6AP_GPS20send_mavlink_gps_rawE17mavlink_channel_t @ 0x9e1c90
CIRCLE: _ZN6AP_GPS20send_mavlink_gps_rtkE17mavlink_channel_th @ 0x9e1fe0
CIRCLE: _ZN6AP_GPS21send_mavlink_gps2_rawE17mavlink_channel_t @ 0x9e20c0
CIRCLE: _ZNK11GCS_MAVLINK19send_local_positionEv @ 0x9e2460
CIRCLE: _ZNK11GCS_MAVLINK34send_gimbal_device_attitude_statusEv @ 0x9e2530
CIRCLE: _ZN11GCS_MAVLINK16send_opticalflowEv @ 0x9e28f0
CIRCLE: _ZN11GCS_MAVLINK17send_power_statusEv @ 0x9e2a60
CIRCLE: _ZNK11GCS_MAVLINK16send_rc_channelsEv @ 0x9e2b70
CIRCLE: _ZNK11GCS_MAVLINK20send_rc_channels_rawEv @ 0x9e2e30
CIRCLE: _ZN11GCS_MAVLINK12send_raw_imuEv @ 0x9e2fb0
CIRCLE: _ZN11GCS_MAVLINK15send_scaled_imuEhPFv17mavlink_channel_tjssssssssssE @ 0x9e33c0
CIRCLE: _ZL28mavlink_msg_scaled_imu2_send17mavlink_channel_tjssssssssss @ 0x9e3680
CIRCLE: _ZL28mavlink_msg_scaled_imu3_send17mavlink_channel_tjssssssssss @ 0x9e37f0
CIRCLE: _ZN11GCS_MAVLINK20send_scaled_pressureEv @ 0x9e3ba0
CIRCLE: _ZN11GCS_MAVLINK21send_scaled_pressure2Ev @ 0x9e3c00
CIRCLE: _ZN11GCS_MAVLINK13send_airspeedEv @ 0x9e3c60
CIRCLE: _ZNK11GCS_MAVLINK13send_simstateEv @ 0x9e3e20
CIRCLE: _ZN11GCS_MAVLINK15send_sys_statusEv @ 0x9e3f40
CIRCLE: _ZN11GCS_MAVLINK10send_ahrs2Ev @ 0x9e4230
CIRCLE: _ZN11GCS_MAVLINK9send_ahrsEv @ 0x9e4310
CIRCLE: _ZN11GCS_MAVLINK12send_vfr_hudEv @ 0x9e4490
CIRCLE: _ZNK11GCS_MAVLINK14send_vibrationEv @ 0x9e45d0
CIRCLE: _ZNK11GCS_MAVLINK21send_generator_statusEv @ 0x9e46c0
CIRCLE: _ZN12AP_ESC_Telem26send_esc_telemetry_mavlinkEh @ 0x9e4a40
CIRCLE: _ZN6AP_EFI19send_mavlink_statusE17mavlink_channel_t @ 0x9e4ed0
CIRCLE: _ZN6AP_AIS13get_singletonEv @ 0x9e56a0
CIRCLE: _ZN11GCS_MAVLINK20send_available_modesEv @ 0x9e5820
CIRCLE: _ZNK11GCS_MAVLINK21battery_remaining_pctEh @ 0x9e6030
CIRCLE: _ZL3MINIhiEDTqultfp_fp0_fp_fp0_ERKT_RKT0_.7263 @ 0x9e64e0
CIRCLE: _ZL44mavlink_msg_esc_telemetry_1_to_4_send_struct17mavlink_channel_tPK32__mavlink_esc_telemetry_1_to_4_t @ 0x9e6800
CIRCLE: _ZN12AP_Generator21send_generator_statusERK11GCS_MAVLINK @ 0x9e6e00
CIRCLE: _ZL26mavlink_msg_vibration_send17mavlink_channel_tmfffjjj @ 0x9e6e80
CIRCLE: _ZL24mavlink_msg_vfr_hud_send17mavlink_channel_tffstff @ 0x9e6f90
CIRCLE: _ZNK7AP_AHRS12get_error_rpEv @ 0x9e7120
CIRCLE: _ZNK7AP_AHRS13get_error_yawEv @ 0x9e7180
CIRCLE: _ZL21mavlink_msg_ahrs_send17mavlink_channel_tfffffff @ 0x9e71e0
CIRCLE: _ZL22mavlink_msg_ahrs2_send17mavlink_channel_tffffii @ 0x9e7300
CIRCLE: _ZNK9AP_Logger11num_droppedEv @ 0x9e7400
CIRCLE: _ZNK14AP_BattMonitor11gcs_voltageEv @ 0xb53200
CIRCLE: _ZL27mavlink_msg_sys_status_send17mavlink_channel_tjjjttsatttttt @ 0x9e7480
CIRCLE: _ZNK14AP_BattMonitor11gcs_voltageEh @ 0x9e7620
CIRCLE: _ZNK17AP_Logger_Backend11num_droppedEv @ 0xb53250
CIRCLE: _ZL7radiansf.17181 @ 0x9e7a40
CIRCLE: _ZNK4SITL3SIM13simstate_sendE17mavlink_channel_t @ 0x9e7dc0
CIRCLE: _ZL25mavlink_msg_simstate_send17mavlink_channel_tfffffffffii @ 0x9e7f90
CIRCLE: _ZL32mavlink_msg_airspeed_send_struct17mavlink_channel_tPK20__mavlink_airspeed_t @ 0x9e8130
CIRCLE: _ZL33mavlink_msg_scaled_pressure2_send17mavlink_channel_tjffss @ 0x9e81b0
CIRCLE: _ZN11GCS_MAVLINK29send_scaled_pressure_instanceEhPFv17mavlink_channel_tjffssE @ 0x9e8290
CIRCLE: _ZL32mavlink_msg_scaled_pressure_send17mavlink_channel_tjffss @ 0x9e8480
CIRCLE: _ZL24mavlink_msg_raw_imu_send17mavlink_channel_tmssssssssshs @ 0x9e85e0
CIRCLE: _ZNK11GCS_MAVLINK16sending_mavlink1Ev @ 0x9e8760
CIRCLE: _ZNK11GCS_MAVLINK13receiver_rssiEv @ 0x9e87c0
CIRCLE: _ZL28mavlink_msg_rc_channels_send17mavlink_channel_tjhtttttttttttttttttth @ 0x9e89d0
CIRCLE: _ZL29mavlink_msg_power_status_send17mavlink_channel_tttt @ 0x9e8c40
CIRCLE: _ZN8AP_Mount34send_gimbal_device_attitude_statusE17mavlink_channel_t @ 0x9e96c0
CIRCLE: _ZL35mavlink_msg_local_position_ned_send17mavlink_channel_tjffffff @ 0x9e9d20
CIRCLE: _ZNK6AP_GPS12gps_yaw_cdegEh @ 0x9e9e30
CIRCLE: _ZNK6AP_GPS23have_gps_yaw_configuredEh @ 0xb534b0
CIRCLE: _ZL28mavlink_msg_gps_raw_int_send17mavlink_channel_tmhiiitttthijjjjt @ 0x9ea130
CIRCLE: _ZL28mavlink_msg_system_time_send17mavlink_channel_tmj @ 0x9ea320
CIRCLE: _ZN11GCS_MAVLINK14send_proximityEv @ 0x9eb960
CIRCLE: _ZL3MINIjjEDTqultfp_fp0_fp_fp0_ERKT_RKT0_.7265 @ 0x9ec8d0
CIRCLE: _ZL24mavlink_msg_meminfo_send17mavlink_channel_tttj @ 0x9ec950
CIRCLE: _ZNK7NavEKF318send_status_reportER11GCS_MAVLINK @ 0x9ecbf0
CIRCLE: _ZNK12NavEKF3_core18send_status_reportER11GCS_MAVLINK @ 0x9ecc80
CIRCLE: _ZL41mavlink_msg_ekf_status_report_send_struct17mavlink_channel_tPK29__mavlink_ekf_status_report_t @ 0x9ed080
CIRCLE: _ZNK14AP_BattMonitor13option_is_setEhN21AP_BattMonitor_Params7OptionsE @ 0x9edba0
CIRCLE: _ZNK11GCS_MAVLINK19send_battery_statusEh @ 0x9edc70
CIRCLE: _ZL3MINIftEDTqultfp_fp0_fp_fp0_ERKT_RKT0_ @ 0x9ee500
CIRCLE: _ZNK14AP_BattMonitor14time_remainingERjh @ 0x9ee5a0
CIRCLE: _ZNK14AP_BattMonitor24get_mavlink_charge_stateEh @ 0x9ee690
CIRCLE: _ZNK14AP_BattMonitor25get_mavlink_fault_bitmaskEh @ 0x9ee7c0
CIRCLE: _ZL31mavlink_msg_battery_status_send17mavlink_channel_thhhsPKtsiiaihS1_hj @ 0x9ee870
CIRCLE: _ZN14typesafe_indexIh12TAG_PriorityErmERKh @ 0xb53700
CIRCLE: _ZN11GCS_MAVLINK20send_mission_currentERK10AP_Missiont @ 0x9eeff0
CIRCLE: _ZL32mavlink_msg_mission_current_send17mavlink_channel_ttthh @ 0x9ef4c0
CIRCLE: _ZNK11GCS_MAVLINK13system_statusEv @ 0x9ef990
CIRCLE: _ZL26mavlink_msg_heartbeat_send17mavlink_channel_thhhjh @ 0x9efa20
CIRCLE: _ZN11GCS_MAVLINK28send_parameter_async_repliesEv @ 0x9efb00
CIRCLE: _ZN12ObjectBufferIN11GCS_MAVLINK19pending_param_replyEE4peekERS1_ @ 0xb537f0
CIRCLE: _ZNK11AP_Airspeed14get_hygrometerEhRjRfS1_ @ 0x9f0040
CIRCLE: _ZL24mavlink_msg_aoa_ssa_send17mavlink_channel_tmff @ 0x9f0610
CIRCLE: _ZL21mavlink_msg_wind_send17mavlink_channel_tfff @ 0x9f0910
CIRCLE: _ZN10AP_Terrain19send_terrain_reportE17mavlink_channel_tRK8Locationb @ 0x9f09c0
CIRCLE: _ZL31mavlink_msg_terrain_report_send17mavlink_channel_tiitfftt @ 0x9f0b70
CIRCLE: _ZN10AP_Terrain18send_cache_requestE17mavlink_channel_t @ 0x9f0c90
CIRCLE: _ZN10AP_Terrain15request_missingE17mavlink_channel_tRKNS_9grid_infoE @ 0x9f0d90
CIRCLE: _ZN10AP_Terrain15request_missingE17mavlink_channel_tRNS_10grid_cacheE @ 0x9f0e20
CIRCLE: _ZN11GCS_MAVLINK14handle_messageERK17__mavlink_message @ 0x9f4bc0
CIRCLE: _ZN11GCS_MAVLINK16handle_heartbeatERK17__mavlink_message @ 0x9f5740
CIRCLE: _ZN11GCS_MAVLINK19handle_command_longERK17__mavlink_message @ 0x9f6ab0
CIRCLE: _ZN11GCS_MAVLINK26handle_request_data_streamERK17__mavlink_message @ 0x9f80f0
CIRCLE: _ZNK3GCS12sysid_is_gcsEh @ 0x9fd750
CIRCLE: _ZN11GCS_MAVLINK16sysid_mygcs_seenEj @ 0x9fd9f0
CIRCLE: _ZL38mavlink_msg_request_data_stream_decodePK17__mavlink_messageP31__mavlink_request_data_stream_t @ 0x9fec60
CIRCLE: _ZN9AP_Logger13Write_CommandERK23__mavlink_command_int_thh10MAV_RESULTb @ 0xa01b50
CIRCLE: _ZL31mavlink_msg_command_long_decodePK17__mavlink_messageP24__mavlink_command_long_t @ 0xa01cd0
CIRCLE: _ZN11GCS_MAVLINK31try_command_long_as_command_intERK24__mavlink_command_long_tRK17__mavlink_message @ 0xa01da0
CIRCLE: _ZN11GCS_MAVLINK16_set_mode_commonEhj @ 0xa04600
CIRCLE: _ZN12ObjectBufferIN7GCS_FTP11TransactionEE3popERS1_ @ 0xb54830
CIRCLE: _ZN11GCS_MAVLINK25handle_command_int_packetERK23__mavlink_command_int_tRK17__mavlink_message @ 0xa0bb20
CIRCLE: _ZN11GCS_MAVLINK26handle_command_do_set_modeERK23__mavlink_command_int_t @ 0xa0ced0
CIRCLE: _ZL7radiansf.35 @ 0xa108a0
CIRCLE: _ZN5Plane22any_failsafe_triggeredEv @ 0xb551e0
CIRCLE: _ZL43mavlink_msg_position_target_global_int_send17mavlink_channel_tjhtiifffffffff @ 0xa110c0
CIRCLE: _ZL25mavlink_msg_attitude_send17mavlink_channel_tjffffff @ 0xa11590
CIRCLE: _ZL38mavlink_msg_nav_controller_output_send17mavlink_channel_tffsstfff @ 0xa11b80
CIRCLE: _ZN12AP_Avoidance10handle_msgERK17__mavlink_message @ 0xa11d60
CIRCLE: _ZN11GCS_MAVLINK14packetReceivedERK16__mavlink_statusRK17__mavlink_message @ 0xa11eb0
CIRCLE: _ZN15MAVLink_routing17check_and_forwardER11GCS_MAVLINKRK17__mavlink_message @ 0xa120b0
CIRCLE: _ZN9AP_Follow10handle_msgERK17__mavlink_message @ 0xa12620
CIRCLE: _ZNK11GCS_MAVLINK13accept_packetERK16__mavlink_statusRK17__mavlink_message @ 0xa127a0
CIRCLE: _ZNK9AP_Follow21should_handle_messageERK17__mavlink_message @ 0xa128c0
CIRCLE: _ZN15MAVLink_routing11learn_routeER11GCS_MAVLINKRK17__mavlink_message @ 0xa13890
CIRCLE: _ZN15MAVLink_routing16handle_heartbeatER11GCS_MAVLINKRK17__mavlink_message @ 0xa13b30
CIRCLE: _ZN15MAVLink_routing11get_targetsERK17__mavlink_messageRsS3_ @ 0xa13d60
CIRCLE: _ZNK9QuadPlane12get_mav_typeEv @ 0xa14210
CIRCLE: _ZNK18AP_PitchController13is_underspeedEf @ 0xa14660
CIRCLE: _ZNK18AP_PitchController12get_airspeedEv @ 0xa14700
CIRCLE: _ZNK18AP_PitchController17get_measured_rateEv @ 0xa147d0
CIRCLE: _ZNK17AP_RollController13is_underspeedEf @ 0xa14950
CIRCLE: _ZNK17AP_RollController12get_airspeedEv @ 0xa149e0
CIRCLE: _ZNK17AP_RollController17get_measured_rateEv @ 0xa14a50
CIRCLE: _ZNK13AP_L1_Control14nav_bearing_cdEv @ 0xa14c30
CIRCLE: _ZNK13AP_L1_Control17target_bearing_cdEv @ 0xa14cf0
CIRCLE: _ZNK13AP_L1_Control16crosstrack_errorEv @ 0xb56310
CIRCLE: _ZNK13AP_L1_Control27crosstrack_error_integratorEv @ 0xb56360
CIRCLE: _ZN13AP_L1_Control21reached_loiter_targetEv @ 0xa16410
CIRCLE: _ZN13AP_L1_Control17set_data_is_staleEv @ 0xb563b0
CIRCLE: _ZL9rad_to_cdf.12675 @ 0xa16910
CIRCLE: _Z11wrap_180_cdIfET_S0_ @ 0xb564c0
CIRCLE: _ZN17RC_Channels_Plane7channelEh @ 0xb56e20
CIRCLE: _ZN17RC_Channels_Plane16read_mode_switchEv @ 0xa19940
CIRCLE: _ZNK17RC_Channels_Plane14in_rc_failsafeEv @ 0xa199b0
CIRCLE: _ZNK17RC_Channels_Plane15has_valid_inputEv @ 0xa19a20
CIRCLE: _ZNK17RC_Channels_Plane18get_arming_channelEv @ 0xa19ab0
CIRCLE: _ZNK17RC_Channels_Plane26flight_mode_channel_numberEv @ 0xa19b00
CIRCLE: _ZN11RC_Channels16read_mode_switchEv @ 0xa19b70
CIRCLE: mode_to_string @ 0xa954d0
CIRCLE: mode_entry @ 0xa95730
----------------------
Mode: 15 (GUIDED)
GUIDED: _ZN15AP_Arming_Plane14pre_arm_checksEb @ 0x5db3f0
GUIDED: _ZN2AP13serialmanagerEv @ 0x5dd670
GUIDED: _ZNK9AP_ParamTIiL11ap_var_type3EEcvRKiEv @ 0xa99ff0
GUIDED: _Z3gcsv @ 0x5e0280
GUIDED: _ZN11GCS_MAVLINK19active_channel_maskEv @ 0xa9a3f0
GUIDED: _ZN11GCS_MAVLINK20private_channel_maskEv @ 0xa9a470
GUIDED: _ZN3GCS13get_singletonEv @ 0xa9a4b0
GUIDED: _ZNK16AP_SerialManager22find_protocol_instanceENS_14SerialProtocolEh @ 0x5e0420
GUIDED: _ZNK13AP_ParamTBaseIaL11ap_var_type1EE3getEv @ 0xa9a4f0
GUIDED: _ZNK16AP_SerialManager14protocol_matchENS_14SerialProtocolES0_ @ 0x5e05c0
GUIDED: _ZN16AP_SerialManager13get_singletonEv @ 0xa9a540
GUIDED: _Z2rcv @ 0x5e06c0
GUIDED: _ZN11RC_Channels13get_singletonEv @ 0xa9a5e0
GUIDED: _ZNK9AP_ParamTIaL11ap_var_type1EEcvRKaEv @ 0xa9a6b0
GUIDED: _ZN6AP_HAL6millisEv @ 0x5e0d40
GUIDED: _ZN13WithSemaphoreD2Ev @ 0x5e0d80
GUIDED: _ZN6AP_HAL8millis64Ev @ 0x5e0de0
GUIDED: _ZN6AP_HAL8micros64Ev @ 0x5e0e20
GUIDED: _ZL14uint64_div1000m @ 0x5e0ec0
GUIDED: _ZN7HALSITL9Scheduler4fromEPN6AP_HAL9SchedulerE @ 0xa9a700
GUIDED: _ZNK7HALSITL9Scheduler18stopped_clock_usecEv @ 0xa9a750
GUIDED: _ZNK13AP_ParamTBaseIsL11ap_var_type2EE3getEv @ 0xa9a7a0
GUIDED: _ZN13WithSemaphoreC2ERN6AP_HAL9SemaphoreEj @ 0x5e1010
GUIDED: _ZNK7AP_EnumIN10Parameters11ThrFailsafeEEcvKS1_Ev @ 0xa9a830
GUIDED: _ZNK11RC_Channels19has_had_rc_receiverEv @ 0xa9a880
GUIDED: _ZNK13AP_ParamTBaseIiL11ap_var_type3EE3getEv @ 0xa9a940
GUIDED: _ZN12AP_Proximity13get_singletonEv @ 0xa9a990
GUIDED: _ZN2AP9schedulerEv @ 0x5e1490
GUIDED: _ZN12AP_Scheduler25get_filtered_loop_rate_hzEv @ 0xa9aa10
GUIDED: _ZN12AP_Scheduler16get_loop_rate_hzEv @ 0xa9aa60
GUIDED: _ZN10AP_Terrain13get_singletonEv @ 0xa9aaf0
GUIDED: _ZN12AP_Scripting13get_singletonEv @ 0xa9ab90
GUIDED: _ZN2AP13internalerrorEv @ 0x5e1800
GUIDED: _ZNK16AP_InternalError6errorsEv @ 0xa9acf0
GUIDED: _ZNK16AP_InternalError15last_error_lineEv @ 0xa9ad40
GUIDED: _ZN2AP3rpmEv @ 0x5e1990
GUIDED: _ZNK9AP_ParamTIsL11ap_var_type2EEcvRKsEv @ 0xa9ae20
GUIDED: _ZN12SRV_Channels25update_aux_servo_functionEv @ 0x5e2690
GUIDED: _ZNK7BitmaskILt190EE8validateEt @ 0xa9af40
GUIDED: _ZN7BitmaskILt190EE8clearallEv @ 0xa9afd0
GUIDED: _ZNK11SRV_Channel14valid_functionEv @ 0xa9b030
GUIDED: _ZN11SRV_Channel24aux_servo_function_setupEv @ 0x5e3190
GUIDED: _ZN7BitmaskILt190EE3setEt @ 0xa9b090
GUIDED: _ZNK9AP_Enum16IN11SRV_Channel8FunctionEEcvKS1_Ev @ 0xa9b150
GUIDED: _ZN11SRV_Channel14valid_functionENS_8FunctionE @ 0xa9b1a0
GUIDED: _ZN6AP_RPM13get_singletonEv @ 0xa9b290
GUIDED: _ZNK12AP_Scripting13option_is_setENS_11DebugOptionE @ 0xa9b380
GUIDED: _ZNK2AP8PerfInfo25get_filtered_loop_rate_hzEv @ 0x5e3580
GUIDED: _ZNK2AP8PerfInfo17get_filtered_timeEv @ 0x5e3610
GUIDED: _ZN12AP_Scheduler13get_singletonEv @ 0x5e3660
GUIDED: _ZN2AP7missionEv @ 0x5e3730
GUIDED: _ZNK10AP_Mission12num_commandsEv @ 0xa9b480
GUIDED: _ZN10AP_Mission15Mission_CommandC2Ev @ 0xa9b4e0
GUIDED: _ZN10AP_Mission7ContentC2Ev @ 0xa9b540
GUIDED: _ZN2AP4ahrsEv @ 0x5e4060
GUIDED: _ZNK7AP_AHRS8get_homeEv @ 0xa9b590
GUIDED: _ZNK13StorageAccess10read_blockEPvtm @ 0x5e4190
GUIDED: _ZN7AP_AHRS13get_singletonEv @ 0xa9b5e0
GUIDED: _ZN8LocationC2Ev @ 0xa9b620
GUIDED: _ZN8Location4zeroEv @ 0x5e46c0
GUIDED: _ZN10AP_Mission13get_singletonEv @ 0xa9b670
GUIDED: _ZNK9QuadPlane9availableEv @ 0xa9b700
GUIDED: _ZNK5Plane15is_land_commandEt @ 0x5e4c30
GUIDED: _ZNK8Location12get_distanceERKS_ @ 0x5e4cc0
GUIDED: _Z11is_positiveIfEbT_ @ 0xa9b7c0
GUIDED: _ZNK9AP_ParamTIfL11ap_var_type4EEcvRKfILb1EEEv @ 0xa9b820
GUIDED: _ZN8Location14diff_longitudeEii @ 0x5e4e70
GUIDED: _ZN8Location15longitude_scaleEi @ 0x5e4f50
GUIDED: _Z4normIddJEEdT_T0_DpKT1_ @ 0xa9b870
GUIDED: _Z2sqIdJdEEdT_DpKT0_ @ 0xa9b8e0
GUIDED: _Z2sqIdEdT_ @ 0xa9b960
GUIDED: _ZL3MAXIdfEDTqugtfp_fp0_fp_fp0_ERKT_RKT0_ @ 0x5e4ff0
GUIDED: _ZN2AP5rallyEv @ 0x5e5090
GUIDED: _ZNK7AP_AHRS12get_locationER8Location @ 0x5e50d0
GUIDED: _ZN2AP7vehicleEv @ 0x5e5340
GUIDED: _ZNK10AP_Mission7presentEv @ 0xa9ba60
GUIDED: _ZN10AP_Vehicle13get_singletonEv @ 0x5e5380
GUIDED: _ZN8LocationC2EiiiNS_8AltFrameE @ 0x5e55a0
GUIDED: _ZN8Location10set_alt_cmEiNS_8AltFrameE @ 0x5e5640
GUIDED: _ZN8AP_Rally13get_singletonEv @ 0xa9bad0
GUIDED: _ZN11RC_Channels23get_valid_channel_countEv @ 0x5e5730
GUIDED: _ZNK10RC_Channel12has_overrideEv @ 0x5e57a0
GUIDED: _ZNK13AP_ParamTBaseIfL11ap_var_type4EE3getEv @ 0xa9bd10
GUIDED: _Z7is_zerof @ 0xa9bd60
GUIDED: _ZL3MINIihEDTqultfp_fp0_fp_fp0_ERKT_RKT0_.7422 @ 0x5e5860
GUIDED: _ZN2AP3gpsEv @ 0x5e58f0
GUIDED: _ZNK6AP_GPS11num_sensorsEv @ 0x5e5ad0
GUIDED: _ZNK6AP_GPS8get_typeEh @ 0xa9bed0
GUIDED: _ZNK6AP_GPS14primary_sensorEv @ 0xa9bf60
GUIDED: _ZNK6AP_GPS6statusEh @ 0xa9bfb0
GUIDED: _ZNK6AP_GPS10is_healthyEh @ 0x5e5b50
GUIDED: _ZNK6AP_GPS8locationEv @ 0xa9c0d0
GUIDED: _ZNK6AP_GPS22first_unconfigured_gpsERh @ 0x5e5e10
GUIDED: _ZNK7AP_EnumIN6AP_GPS8GPS_TypeEEcvKS1_Ev @ 0xa9c130
GUIDED: _ZNK6AP_GPS8locationEh @ 0xa9c180
GUIDED: _ZNK7Vector3IfE6lengthEv @ 0xa9c1f0
GUIDED: _Z4normIffJfEEdT_T0_DpKT1_ @ 0xa9c250
GUIDED: _Z2sqIfJffEEdT_DpKT0_ @ 0xa9c2d0
GUIDED: _ZL2sqf.2617 @ 0x5e62c0
GUIDED: _Z2sqIfJfEEdT_DpKT0_ @ 0xa9c370
GUIDED: _ZL2sqf.1898 @ 0x5e6310
GUIDED: _ZN7Vector3IfEC2Efff @ 0xa9c3f0
GUIDED: _ZNK6AP_GPS12is_rtk_roverEh @ 0x5e6360
GUIDED: _ZN6AP_GPS13get_singletonEv @ 0xa9c500
GUIDED: _ZNK7AP_AHRS7healthyEv @ 0x5e6e40
GUIDED: _ZN2AP12externalAHRSEv @ 0x5e7020
GUIDED: _ZNK7AP_AHRS8ekf_typeEv @ 0x5e70c0
GUIDED: _ZNK7AP_AHRS15active_EKF_typeEv @ 0xa9c540
GUIDED: _ZN2AP7compassEv @ 0x5e7a00
GUIDED: _ZNK7Compass11use_for_yawEv @ 0x5e7a40
GUIDED: _ZNK16AP_NavEKF_Source12getYawSourceEh @ 0x5e88b0
GUIDED: _ZNK12NavEKF3_core7healthyEv @ 0x5e8b70
GUIDED: _ZNK16AP_NavEKF_Source14useVelXYSourceENS_8SourceXYEh @ 0x5e8f30
GUIDED: _ZNK16AP_NavEKF_Source18getActiveSourceSetEh @ 0xa9c590
GUIDED: _ZNK7AP_EnumIN16AP_NavEKF_Source8SourceXYEEcvKS1_Ev @ 0xa9c640
GUIDED: _ZNK16AP_NavEKF_Source13option_is_setENS_13SourceOptionsE @ 0xa9c690
GUIDED: _ZNK12NavEKF3_core15getFilterFaultsERt @ 0x5e9060
GUIDED: _ZNK11QuaternionTIdE6is_nanEv @ 0xa9c710
GUIDED: _ZNK7Vector3IdE6is_nanEv @ 0xa9c810
GUIDED: _ZNK7AP_EnumIN16AP_NavEKF_Source9SourceYawEEcvKS1_Ev @ 0xa9c8e0
GUIDED: _ZN2AP3dalEv @ 0x5e9180
GUIDED: _ZN6AP_DAL7compassEv @ 0xa9c930
GUIDED: _ZNK14AP_DAL_Compass15get_num_enabledEv @ 0xa9c980
GUIDED: _ZN6AP_DAL13get_singletonEv @ 0xa9c9d0
GUIDED: _ZN7Matrix3IfEC2Ev @ 0xa9ce10
GUIDED: _ZN7Vector3IfEC2Ev @ 0xa9cf00
GUIDED: _ZN11QuaternionTIfEC2Ev @ 0xa9d080
GUIDED: _ZN7Vector2IfEC2Ev @ 0xa9d0f0
GUIDED: _ZN6AP_DAL4baroEv @ 0xa9d150
GUIDED: _ZN6AP_DAL6beaconEv @ 0xa9d1f0
GUIDED: _ZN6AP_DAL3gpsEv @ 0xa9d2b0
GUIDED: _ZN6AP_DAL11rangefinderEv @ 0xa9d3c0
GUIDED: _ZN6AP_DAL10visualodomEv @ 0xa9d410
GUIDED: _ZNK12NavEKF2_core7healthyEv @ 0x5e9760
GUIDED: _ZNK12NavEKF2_core15getFilterFaultsERt @ 0x5e9990
GUIDED: _ZNK7Compass7healthyEh @ 0x5e9af0
GUIDED: _ZNK7Compass11use_for_yawEh @ 0x5e9b90
GUIDED: _ZNK7Compass9availableEv @ 0xa9d530
GUIDED: _ZN14typesafe_indexIh12TAG_PriorityEC2Eh @ 0xa9d5b0
GUIDED: _ZNK19RestrictIDTypeArrayI9AP_ParamTIaL11ap_var_type1EELj3E14typesafe_indexIh12TAG_PriorityEEixERKS5_ @ 0xa9d610
GUIDED: _ZNK7AP_EnumIN7Compass9LearnTypeEEcvKS1_Ev @ 0xa9d690
GUIDED: _ZNK14typesafe_indexIh12TAG_PriorityE7get_intEv @ 0xa9d6e0
GUIDED: _ZNK7Compass10_get_stateE14typesafe_indexIh12TAG_PriorityE @ 0xa9d730
GUIDED: _ZNK7Compass13_get_state_idE14typesafe_indexIh12TAG_PriorityE @ 0x5e9c70
GUIDED: _ZNK19RestrictIDTypeArrayIN7Compass9mag_stateELj4E14typesafe_indexIh14TAG_StateIndexEEixERKS4_ @ 0xa9d7b0
GUIDED: _ZNK14typesafe_indexIh14TAG_StateIndexE7get_intEv @ 0xa9d830
GUIDED: _ZNK19RestrictIDTypeArrayIiLj3E14typesafe_indexIh12TAG_PriorityEEixERKS2_ @ 0xa9d880
GUIDED: _ZN14typesafe_indexIh14TAG_StateIndexEC2Eh @ 0xa9d900
GUIDED: _ZNK14typesafe_indexIh14TAG_StateIndexEltERKh @ 0xa9d960
GUIDED: _ZN14typesafe_indexIh14TAG_StateIndexEppEi @ 0xa9d9d0
GUIDED: _ZN7Compass13get_singletonEv @ 0xa9da40
GUIDED: _ZNK7NavEKF211activeCoresEv @ 0xa9da80
GUIDED: _ZNK11QuaternionTIfE13to_axis_angleER7Vector3IfE @ 0xa9dd70
GUIDED: _ZNK7NavEKF311activeCoresEv @ 0xa9dec0
GUIDED: _ZNK7AP_AHRS14always_use_EKFEv @ 0xa9df10
GUIDED: _ZN11QuaternionTIfE20from_rotation_matrixERK7Matrix3IfE @ 0xa9dfd0
GUIDED: _ZNK12NavEKF3_core11use_compassEv @ 0x5ea300
GUIDED: _ZNK14AP_DAL_Compass11use_for_yawEh @ 0xa9e4e0
GUIDED: _ZNK12NavEKF3_core20getRotationBodyToNEDER7Matrix3IfE @ 0x5ea3d0
GUIDED: _ZNK11QuaternionTIdE15rotation_matrixER7Matrix3IfE @ 0xa9e550
GUIDED: _ZNK6AP_DAL43get_rotation_vehicle_body_to_autopilot_bodyEv @ 0xa9e760
GUIDED: _ZNK7Matrix3IfEmlERKS0_ @ 0xa9e7b0
GUIDED: _ZN7Matrix3IfEC2ERK7Vector3IfES4_S4_ @ 0xa9ea20
GUIDED: _ZL2sqf.4371 @ 0x5ea490
GUIDED: _ZN7Vector3IfEdVEf @ 0xa9ead0
GUIDED: _Z7wrap_PId @ 0x5ea4e0
GUIDED: _ZN7Vector3IfEmLEf @ 0xa9eb60
GUIDED: _Z8wrap_2PId @ 0x5ea570
GUIDED: _ZN11QuaternionTIfEC2Effff @ 0xa9eea0
GUIDED: _ZNK11QuaternionTIfE15rotation_matrixER7Matrix3IfE @ 0xa9ef50
GUIDED: _ZNK7Matrix3IfE13mul_transposeERK7Vector3IfE @ 0xa9f140
GUIDED: _ZNK7Vector3IfEmiERKS0_ @ 0xa9f250
GUIDED: _Z20constrain_value_lineIfET_S0_S0_S0_j @ 0xa9f300
GUIDED: _ZNK7AP_AHRS24get_rotation_body_to_nedEv @ 0xa9f420
GUIDED: _ZN15AP_ExternalAHRS13get_singletonEv @ 0xa9f560
GUIDED: _ZNK7NavEKF37healthyEv @ 0x5ea830
GUIDED: _ZN2AP3insEv @ 0x5ea9a0
GUIDED: _ZNK17AP_InertialSensor19get_gyro_health_allEv @ 0x5ea9e0
GUIDED: _ZNK17AP_InertialSensor22gyro_calibrated_ok_allEv @ 0x5eaaa0
GUIDED: _ZNK17AP_InertialSensor20get_accel_health_allEv @ 0x5eabb0
GUIDED: _ZNK17AP_InertialSensor23accel_calibrated_ok_allEv @ 0x5eac70
GUIDED: _ZNK10AP_GyroFFT16analysis_enabledEv @ 0xa9f720
GUIDED: _ZN7Vector3IfEixEh @ 0xa9fab0
GUIDED: _ZN10DigitalLPFIfE6_applyERKfS2_ @ 0xa9fe10
GUIDED: _Z15constrain_int16sss @ 0xaa0410
GUIDED: _Z15constrain_valueIsET_S0_S0_S0_ @ 0xaa04a0
GUIDED: _ZNK10ByteBuffer5spaceEv @ 0x5ed8b0
GUIDED: _ZN10ByteBuffer5writeEPKhj @ 0x5edb10
GUIDED: _ZN10ByteBuffer7reserveEPNS_5IoVecEj @ 0x5edc30
GUIDED: _ZN10ByteBuffer6commitEj @ 0x5ede60
GUIDED: _ZNK10ByteBuffer8get_sizeEv @ 0xaa0550
GUIDED: _ZNK17AP_InertialSensor14get_gyro_countEv @ 0xaa05e0
GUIDED: _ZNK17AP_InertialSensor4_useEh @ 0xaa0650
GUIDED: _ZNK17AP_InertialSensor8_gyro_idEh @ 0xaa06b0
GUIDED: _ZN17AP_InertialSensor8_gyro_idEh @ 0xaa0710
GUIDED: _ZN17AP_InertialSensor4_useEh @ 0xaa0780
GUIDED: _ZL3MINIihEDTqultfp_fp0_fp_fp0_ERKT_RKT0_.4077 @ 0x5ee390
GUIDED: _ZNK7AP_EnumIN22AP_InertialSensor_TCal6EnableEEcvKS1_Ev @ 0xaa0850
GUIDED: _ZN17AP_InertialSensor4tcalEh @ 0xaa08a0
GUIDED: _ZNK17AP_InertialSensor8get_gyroEv @ 0xaa0910
GUIDED: _ZNK17AP_InertialSensor8use_gyroEh @ 0x5ee550
GUIDED: _ZNK17AP_InertialSensor8get_gyroEh @ 0xaa0970
GUIDED: _ZNK17AP_InertialSensor15get_gyro_healthEh @ 0xaa09e0
GUIDED: _ZNK17AP_InertialSensor15get_accel_countEv @ 0xaa0a80
GUIDED: _ZL3MINIihEDTqultfp_fp0_fp_fp0_ERKT_RKT0_ @ 0x5ee7d0
GUIDED: _ZNK17AP_InertialSensor9get_accelEv @ 0xaa0af0
GUIDED: _ZNK17AP_InertialSensor9use_accelEh @ 0x5ee860
GUIDED: _ZNK17AP_InertialSensor9get_accelEh @ 0xaa0b50
GUIDED: _ZNK17AP_InertialSensor16get_accel_healthEh @ 0xaa0bc0
GUIDED: _ZNK17AP_InertialSensor13_accel_offsetEh @ 0xaa0c60
GUIDED: _ZNK9AP_ParamVI7Vector3IfEL11ap_var_type5EE3getEv @ 0xaa0cc0
GUIDED: _ZNK7Vector3IfE7is_zeroEv @ 0xaa0d10
GUIDED: _ZNK17AP_InertialSensor12_accel_scaleEh @ 0xaa0dc0
GUIDED: _ZNK17AP_InertialSensor9_accel_idEh @ 0xaa0e20
GUIDED: _Z8is_equalIffENSt3__19enable_ifIXsr3std17is_floating_pointINS0_11common_typeIJT_T0_EE4typeEEE5valueEbE4typeES3_S4_ @ 0xaa0e80
GUIDED: _ZN17AP_InertialSensor9_accel_idEh @ 0xaa0f00
GUIDED: _ZN17AP_InertialSensor12_accel_scaleEh @ 0xaa0f70
GUIDED: _ZN17AP_InertialSensor13_accel_offsetEh @ 0xaa0fe0
GUIDED: _ZNK17AP_InertialSensor18gyro_calibrated_okEh @ 0xaa1050
GUIDED: _ZN17AP_InertialSensor13get_singletonEv @ 0x5ee920
GUIDED: _ZN8AP_Param16count_parametersEv @ 0x5f0d50
GUIDED: _ZN9AP_Logger13get_singletonEv @ 0xaa1f60
GUIDED: _ZNK9AP_Logger10quiet_nanfEv @ 0xaa1fa0
GUIDED: _ZN17AP_Logger_Backend18WriteCriticalBlockEPKvt @ 0xaa1ff0
GUIDED: _ZN17AP_Logger_Backend21WritePrioritisedBlockEPKvtbb @ 0x5f12e0
GUIDED: _ZN17AP_Logger_Backend30validate_WritePrioritisedBlockEPKvt @ 0x5f14b0
GUIDED: _ZN17AP_Logger_Backend9ShouldLogEb @ 0x5f16a0
GUIDED: _ZN17AP_Logger_Backend21ensure_format_emittedEPKvt @ 0x5f1b40
GUIDED: _ZNK17AP_Logger_Backend23message_type_from_blockEPKvtR11LogMessages @ 0x5f1c60
GUIDED: _ZNK17AP_Logger_Backend28have_emitted_format_for_typeE11LogMessages @ 0xaa2070
GUIDED: _ZNK7BitmaskILt256EE8validateEt @ 0xaa21a0
GUIDED: _ZNK7BitmaskILt256EE3getEt @ 0xaa2230
GUIDED: _ZNK6AP_HAL4Util14get_soft_armedEv @ 0xaa2300
GUIDED: _ZN2AP6loggerEv @ 0x5f2760
GUIDED: _Z7is_zeroI9AP_ParamTIfL11ap_var_type4EEEbT_ @ 0xaa2360
GUIDED: _ZNK12AP_Scheduler5ticksEv @ 0xaa23c0
GUIDED: _ZN6AP_HAL8millis16Ev @ 0x5f29b0
GUIDED: _ZNK9AP_Logger13WritesEnabledEv @ 0xaa2520
GUIDED: _ZNK19LoggerMessageWriter8finishedEv @ 0xaa2580
GUIDED: _ZNK9AP_Logger15in_log_downloadEv @ 0x5f29f0
GUIDED: _ZNK9AP_Logger16vehicle_is_armedEv @ 0xaa25e0
GUIDED: mavlink_get_msg_entry @ 0x5f2c40
GUIDED: _ZNK3GCS7num_gcsEv @ 0xaa2690
GUIDED: _ZNK11GCS_MAVLINK10is_privateEv @ 0xaa26e0
GUIDED: _ZNK11GCS_MAVLINK9is_activeEv @ 0xaa2740
GUIDED: _ZN11GCS_MAVLINK18check_payload_sizeEt @ 0x5f2d60
GUIDED: _mav_finalize_message_chan_send @ 0x5f2e10
GUIDED: _Z26mavlink_get_channel_statush @ 0x5f3160
GUIDED: _Z17_mav_trim_payloadPKch @ 0x5f3240
GUIDED: _ZL13crc_calculatePKht @ 0x5f32e0
GUIDED: _ZL21crc_accumulate_bufferPtPKct @ 0x5f3380
GUIDED: _ZL14crc_accumulatehPt @ 0x5f3420
GUIDED: _Z14comm_send_lock17mavlink_channel_tt @ 0x5f36b0
GUIDED: _mavlink_send_uart @ 0x5f3770
GUIDED: _Z16comm_send_unlock17mavlink_channel_t @ 0x5f37f0
GUIDED: _Z16comm_send_buffer17mavlink_channel_tPKhh @ 0x5f3870
GUIDED: _ZL13valid_channel17mavlink_channel_t @ 0x5f39e0
GUIDED: _Z24gcs_out_of_space_to_send17mavlink_channel_t @ 0x5f3a90
GUIDED: _ZN11GCS_MAVLINK20out_of_space_to_sendEv @ 0xaa2900
GUIDED: _ZL8crc_initPt @ 0x5f43c0
GUIDED: _ZN11GCS_MAVLINK14channel_statusEv @ 0xaa2960
GUIDED: _ZNK11GCS_MAVLINK7txspaceEv @ 0xaa29b0
GUIDED: _ZNK11GCS_MAVLINK15packet_overheadEv @ 0xaa2a50
GUIDED: _ZN11GCS_MAVLINK20packet_overhead_chanE17mavlink_channel_t @ 0x5f4410
GUIDED: _ZL3MINIjjEDTqultfp_fp0_fp_fp0_ERKT_RKT0_.7101 @ 0x5f44f0
GUIDED: _ZN11GCS_MAVLINK10is_privateE17mavlink_channel_t @ 0xaa2ab0
GUIDED: _ZN17AP_InertialSensor13caltemp_accelEh @ 0xaa2de0
GUIDED: _ZNK17AP_InertialSensor15get_temperatureEh @ 0xaa2e50
GUIDED: _ZN7Vector3IfE4zeroEv @ 0xaa30b0
GUIDED: _ZNK7Vector3IfErmERKS0_ @ 0xaa3110
GUIDED: _ZNK7Vector3IfEmlERKS0_ @ 0xaa31f0
GUIDED: _Z9safe_sqrtIfEfT_ @ 0xaa3280
GUIDED: _ZN11QuaternionTIfE9normalizeEv @ 0xaa3330
GUIDED: _ZNK11QuaternionTIfE14get_euler_rollEv @ 0xaa3410
GUIDED: _ZNK11QuaternionTIfE15get_euler_pitchEv @ 0xaa34c0
GUIDED: _Z9safe_asinIfEfT_ @ 0xaa3530
GUIDED: _ZNK11QuaternionTIfE6lengthEv @ 0xaa3610
GUIDED: _ZN7Vector3IfE6rotateE8Rotation @ 0xaa3720
GUIDED: _ZNK7Matrix3IfEmlERK7Vector3IfE @ 0xaa4700
GUIDED: _ZN7Matrix3IfE10from_eulerEfff @ 0xaa48a0
GUIDED: _ZN7Matrix3IfEC2Efffffffff @ 0xaa4ad0
GUIDED: _ZNK7Vector3IfEplERKS0_ @ 0xaa4c00
GUIDED: _ZNK7Vector3IfEdvEf @ 0xaa4cb0
GUIDED: _ZNK7AP_AHRS13get_pitch_radEv @ 0xaa4da0
GUIDED: _Z4normIffJEEdT_T0_DpKT1_ @ 0xaa4e90
GUIDED: _ZN7Vector3IfEpLERKS0_ @ 0xaa4f00
GUIDED: _ZN10ByteBuffer9peekbytesEPhj @ 0x5f6d50
GUIDED: _ZN10ByteBuffer9peekiovecEPNS_5IoVecEj @ 0x5f6e60
GUIDED: _ZNK10ByteBuffer9availableEv @ 0x5f6fb0
GUIDED: _ZN10ByteBuffer7readptrERj @ 0x5f7290
GUIDED: _ZNK7Vector3IfEngEv @ 0xaa5130
GUIDED: _ZN2AP4sitlEv @ 0x5f7690
GUIDED: _ZN2AP4baroEv @ 0x5f76d0
GUIDED: _ZNK7AP_Baro11all_healthyEv @ 0x5f78e0
GUIDED: _ZNK6AP_GPS6statusEv @ 0xaa5210
GUIDED: _ZNK7AP_Baro12get_pressureEv @ 0xaa5270
GUIDED: _ZNK7AP_Baro23get_altitude_differenceEff @ 0x5f7990
GUIDED: _ZNK7AP_Baro26get_altitude_from_pressureEf @ 0x5f7a30
GUIDED: _ZL33find_atmosphere_layer_by_pressuref @ 0x5f7c90
GUIDED: _ZNK7AP_Baro17get_altitude_AMSLEv @ 0xaa52d0
GUIDED: _ZN7AP_Baro29geopotential_alt_to_geometricEf @ 0x5f7d40
GUIDED: _ZNK7AP_Baro17get_altitude_AMSLEh @ 0xaa5330
GUIDED: _ZNK7AP_Baro12get_altitudeEh @ 0xaa53a0
GUIDED: _ZNK7AP_Baro12get_pressureEh @ 0xaa5410
GUIDED: _ZNK7AP_Baro7healthyEh @ 0x5f7da0
GUIDED: _ZN7AP_Baro13get_singletonEv @ 0xaa5480
GUIDED: _ZN4SITL3SIM13get_singletonEv @ 0xaa54c0
GUIDED: _ZNK9AP_Logger15logging_presentEv @ 0x5f8480
GUIDED: _ZNK9AP_Logger15logging_startedEv @ 0x5f8570
GUIDED: _ZNK11RC_Channels17option_is_enabledENS_6OptionE @ 0xaa55d0
GUIDED: _ZNK11RC_Channels16get_roll_channelEv @ 0x5f87d0
GUIDED: _ZNK11RC_Channels17get_pitch_channelEv @ 0x5f8840
GUIDED: _ZNK11RC_Channels15get_yaw_channelEv @ 0x5f88b0
GUIDED: _ZNK10RC_Channel14get_control_inEv @ 0xaa5650
GUIDED: _ZNK11RC_Channels20get_throttle_channelEv @ 0x5f8920
GUIDED: _ZN11RC_Channels23find_channel_for_optionEN10RC_Channel8AUX_FUNCE @ 0x5f8990
GUIDED: _ZN2AP5rcmapEv @ 0x5f8c10
GUIDED: _ZNK8RCMapper8throttleEv @ 0xaa5700
GUIDED: _ZNK11RC_Channels25get_rcmap_channel_nonnullEh @ 0x5f8c50
GUIDED: _ZN11RC_Channels10rc_channelEh @ 0xaa5760
GUIDED: _ZN8RCMapper13get_singletonEv @ 0xaa57c0
GUIDED: _ZNK8RCMapper3yawEv @ 0xaa5800
GUIDED: _ZNK8RCMapper5pitchEv @ 0xaa5860
GUIDED: _ZNK8RCMapper4rollEv @ 0xaa58c0
GUIDED: _ZNK11RC_Channels19flight_mode_channelEv @ 0x5f8ce0
GUIDED: _ZNK10RC_Channel11get_reverseEv @ 0x5f93b0
GUIDED: _ZNK5Plane21flight_option_enabledE13FlightOptions @ 0x5f9980
GUIDED: _ZNK10AP_Mission28get_in_landing_sequence_flagEv @ 0xaa5ca0
GUIDED: _ZN10AP_Mission16get_next_nav_cmdEtRNS_15Mission_CommandE @ 0x5f9d00
GUIDED: _ZNK9QuadPlane7enabledEv @ 0xaa5d80
GUIDED: _ZNK10Tailsitter7enabledEv @ 0xaa5df0
GUIDED: _Z11is_positiveI9AP_ParamTIfL11ap_var_type4EEEbT_ @ 0xaa6080
GUIDED: _ZN11AP_Airspeed13get_singletonEv @ 0xaa64d0
GUIDED: _ZNK11AP_Airspeed7enabledEh @ 0x5faf70
GUIDED: _ZNK11AP_Airspeed3useEh @ 0x5fb030
GUIDED: _ZNK11AP_Airspeed7healthyEh @ 0x5fb160
GUIDED: _ZNK7AP_EnumIN18AP_Airspeed_Params11SkipCalTypeEEcvKS1_Ev @ 0xaa6510
GUIDED: _ZNK11AP_Airspeed11lib_enabledEv @ 0x5fb2e0
GUIDED: _ZN12SRV_Channels17get_output_scaledEN11SRV_Channel8FunctionE @ 0x5fb330
GUIDED: _ZNK10RC_Channel12get_radio_inEv @ 0xaa65a0
GUIDED: _ZN2AP5fenceEv @ 0x5fd3a0
GUIDED: _ZNK8AC_Fence7presentEv @ 0x5fd980
GUIDED: _ZNK8AC_Fence7enabledEv @ 0xaa66b0
GUIDED: _ZNK19AC_PolyFence_loader17total_fence_countEv @ 0xaa6900
GUIDED: _ZNK7Vector2IfEmiERKS0_ @ 0xaa7030
GUIDED: _ZNK7Vector2IfEmlERKS0_ @ 0xaa72a0
GUIDED: _ZNK7Vector2IfEmlEf @ 0xaa7320
GUIDED: _ZN7Vector2IfEC2Eff @ 0xaa73a0
GUIDED: _ZNK8Location15get_distance_NEERKS_ @ 0x5ff000
GUIDED: _ZNK19AC_PolyFence_loader27get_exclusion_polygon_countEv @ 0xaa74d0
GUIDED: _ZNK19AC_PolyFence_loader27get_inclusion_polygon_countEv @ 0xaa7520
GUIDED: _ZNK19AC_PolyFence_loader26get_exclusion_circle_countEv @ 0xaa7570
GUIDED: _ZNK19AC_PolyFence_loader26get_inclusion_circle_countEv @ 0xaa75c0
GUIDED: _ZN8AC_Fence13get_singletonEv @ 0xaa7610
GUIDED: _ZN2AP10visualodomEv @ 0x5ff1c0
GUIDED: _ZNK13AP_VisualOdom7enabledEv @ 0x5ff330
GUIDED: _ZNK7AP_EnumIN13AP_VisualOdom15VisualOdom_TypeEEcvKS1_Ev @ 0xaa7650
GUIDED: _ZN13AP_VisualOdom13get_singletonEv @ 0xaa76a0
GUIDED: _ZN6AP_HAL6microsEv @ 0x5ff7a0
GUIDED: _ZN2AP5mountEv @ 0x5ff7e0
GUIDED: _ZN8AP_Mount13get_singletonEv @ 0xaa7720
GUIDED: _ZN2AP3osdEv @ 0x5ffa40
GUIDED: _ZN6AP_OSD13get_singletonEv @ 0xaa77c0
GUIDED: _ZN2AP9generatorEv @ 0x5ffd90
GUIDED: _ZN12AP_Generator13get_singletonEv @ 0x5fff50
GUIDED: _ZN2AP3canEv @ 0x5fff90
GUIDED: _ZNK13AP_CANManager15get_num_driversEv @ 0xaa78b0
GUIDED: _ZNK13AP_CANManager15get_driver_typeEh @ 0xaa7900
GUIDED: _ZN13AP_CANManager13get_singletonEv @ 0xaa7b90
GUIDED: _ZNK10AP_Terrain14get_statisticsERtS0_ @ 0x600a70
GUIDED: _ZNK10AP_Terrain10bitcount64Em @ 0x600c60
GUIDED: _ZNK11SRV_Channel12get_functionEv @ 0xaa7cd0
GUIDED: _ZNK11SRV_Channel14get_output_minEv @ 0xaa7d90
GUIDED: _ZNK11SRV_Channel14get_output_maxEv @ 0xaa7de0
GUIDED: _ZN11SRV_Channel13should_e_stopENS_8FunctionE @ 0x600d50
GUIDED: _ZN11RangeFinder13get_singletonEv @ 0xaa7e80
GUIDED: _ZNK9AP_Logger14logging_failedEv @ 0x601380
GUIDED: _ZN2AP7batteryEv @ 0x601500
GUIDED: _ZNK14AP_BattMonitor15configured_typeEh @ 0xaa7f70
GUIDED: _ZNK14AP_BattMonitor14allocated_typeEh @ 0xaa7fe0
GUIDED: _ZNK22AP_BattMonitor_Backend20check_failsafe_typesERbS0_S0_S0_ @ 0x601c30
GUIDED: _ZNK21AP_BattMonitor_Params23failsafe_voltage_sourceEv @ 0xaa80c0
GUIDED: _ZL3MAXIffEDTqugtfp_fp0_fp_fp0_ERKT_RKT0_.19313 @ 0x602040
GUIDED: _ZN14AP_BattMonitor13get_singletonEv @ 0xaa8120
GUIDED: _ZNK7Compass14is_calibratingEv @ 0x6020c0
GUIDED: _ZNK7Compass7healthyEv @ 0xaa81c0
GUIDED: _ZNK7Compass21learn_offsets_enabledEv @ 0xaa8220
GUIDED: _ZNK7Compass9get_fieldEv @ 0xaa8350
GUIDED: _ZNK7Compass10consistentEv @ 0x602480
GUIDED: _ZN14AP_Declination18get_earth_field_gaERK8Location @ 0x602720
GUIDED: _ZNK7Vector3IfEmlEf @ 0xaa83b0
GUIDED: _ZN14AP_Declination16get_mag_field_efEffRfS0_S0_ @ 0x6029c0
GUIDED: _ZL7radiansf.3485 @ 0x602fc0
GUIDED: _Z15constrain_int32iii @ 0xaa8450
GUIDED: _Z15constrain_valueIiET_S0_S0_S0_ @ 0xaa84c0
GUIDED: _ZN11AP_AHRS_DCM11use_compassEv @ 0x603130
GUIDED: _ZNK7AP_AHRS15get_fly_forwardEv @ 0xaa85b0
GUIDED: _ZNK11AP_AHRS_DCM8have_gpsEv @ 0x6032e0
GUIDED: _ZNK6AP_GPS12ground_speedEv @ 0xaa8610
GUIDED: _ZL7degreesf.2589 @ 0x603370
GUIDED: _ZNK6AP_GPS13ground_courseEv @ 0xaa8670
GUIDED: _Z8wrap_180IfET_S0_ @ 0xaa86d0
GUIDED: _Z8wrap_360f @ 0x6033c0
GUIDED: _ZNK6AP_GPS13ground_courseEh @ 0xaa8760
GUIDED: _ZNK6AP_GPS12ground_speedEh @ 0xaa87d0
GUIDED: _ZNK7AP_EnumI6GPSUseEcvKS0_Ev @ 0xaa8840
GUIDED: _ZNK12NavEKF2_core11use_compassEv @ 0x603440
GUIDED: _ZNK7Vector3IfE2xyEv @ 0xaa8890
GUIDED: _ZNK7Compass9get_countEv @ 0xaa88e0
GUIDED: _ZNK7Compass9get_fieldEh @ 0xaa8930
GUIDED: _ZNK7Vector2IfE7is_zeroEv @ 0xaa89b0
GUIDED: _ZNK7Vector3IfE5angleERKS0_ @ 0xaa8a40
GUIDED: _ZL7radiansf.3200 @ 0x6034e0
GUIDED: _ZNK7Vector2IfE5angleERKS0_ @ 0xaa8b50
GUIDED: _ZNK7Vector2IfE6lengthEv @ 0xaa8c70
GUIDED: _ZNK7Compass11get_offsetsEh @ 0xaa8cd0
GUIDED: _ZNK9AP_ParamVI7Vector3IfEL11ap_var_type5EEcvRKS1_Ev @ 0xaa8d50
GUIDED: _ZNK14typesafe_indexIh12TAG_PriorityEltERKh @ 0xaa8da0
GUIDED: _ZNK14typesafe_indexIh12TAG_PriorityEcvhEv @ 0xaa8e90
GUIDED: _ZNK14typesafe_indexIh12TAG_PriorityEplERKh @ 0xaa8ee0
GUIDED: _ZN14typesafe_indexIh12TAG_PriorityEppEi @ 0xaa8fe0
GUIDED: _ZN19RestrictIDTypeArrayIN7Compass9mag_stateELj4E14typesafe_indexIh14TAG_StateIndexEEixERKS4_ @ 0xaa9050
GUIDED: _ZNK13StorageAccess4sizeEv @ 0xaa9140
GUIDED: _ZNK19RestrictIDTypeArrayIP17CompassCalibratorLj3E14typesafe_indexIh12TAG_PriorityEEixERKS4_ @ 0xaa9190
GUIDED: _ZN5Plane9is_flyingEv @ 0x603ec0
GUIDED: _ZNK9AP_Arming14option_enabledENS_6OptionE @ 0xaa9340
GUIDED: _ZN15AP_Arming_Plane17update_soft_armedEv @ 0x604400
GUIDED: _ZNK9AP_Arming8is_armedEv @ 0x604840
GUIDED: _ZN9AP_Logger17set_vehicle_armedEb @ 0x6048c0
GUIDED: _ZNK9AP_Arming22get_rudder_arming_typeEv @ 0xaa9420
GUIDED: _ZN8AC_Fence12clear_breachEh @ 0x605180
GUIDED: _ZN9AP_Logger18WriteCriticalBlockEPKvt @ 0x6051f0
GUIDED: _ZNK9AP_Arming23is_armed_and_safety_offEv @ 0x6052a0
GUIDED: _ZNK9QuadPlane14is_flying_vtolEv @ 0x605330
GUIDED: _ZNK9QuadPlane12in_vtol_modeEv @ 0x6054d0
GUIDED: _ZNK9QuadPlane15PosControlState9get_stateEv @ 0xaa9650
GUIDED: _ZNK9QuadPlane12in_vtol_autoEv @ 0x605750
GUIDED: _ZNK10AP_Mission19get_current_nav_cmdEv @ 0xaa96a0
GUIDED: _ZNK9QuadPlane20in_vtol_land_descentEv @ 0x605cb0
GUIDED: _ZN5Plane18update_current_locEv @ 0x6064e0
GUIDED: _ZNK7AP_AHRS11get_yaw_degEv @ 0xaa9840
GUIDED: _ZNK7AP_AHRS28get_relative_position_D_homeERf @ 0x6066f0
GUIDED: _ZNK7AP_Baro12get_altitudeEv @ 0xaa9890
GUIDED: _ZNK7AP_AHRS30get_relative_position_D_originERd @ 0x606890
GUIDED: _ZNK7AP_AHRS11_get_originER8Location @ 0x6069d0
GUIDED: _ZNK7AP_AHRS11_get_originENS_7EKFTypeER8Location @ 0x606ab0
GUIDED: _ZNK7NavEKF312getOriginLLHER8Location @ 0x606d80
GUIDED: _ZNK8Location11initialisedEv @ 0xaa98f0
GUIDED: _ZNK12NavEKF3_core12getOriginLLHER8Location @ 0x607060
GUIDED: _ZNK12NavEKF2_core12getOriginLLHER8Location @ 0x607150
GUIDED: _ZNK8Location7is_zeroEv @ 0x607230
GUIDED: _ZNK7NavEKF37getPosDERd @ 0x6073f0
GUIDED: _ZNK7Vector3IfE8todoubleEv @ 0xaa9980
GUIDED: _ZN7Vector3IdEmLEd @ 0xaa9a00
GUIDED: _ZN8Location13offset_latlngERiS0_dd @ 0x6078c0
GUIDED: _ZN8Location15limit_lattitudeEi @ 0x6079c0
GUIDED: _ZN8Location14wrap_longitudeEl @ 0x607a60
GUIDED: _ZN7Vector3IdEC2Eddd @ 0xaa9a90
GUIDED: _ZNK12NavEKF3_core7getPosDERd @ 0x607b00
GUIDED: _ZNK12NavEKF3_core13getPosD_localERd @ 0x607bd0
GUIDED: _ZNK12NavEKF2_core7getPosDERd @ 0x607c60
GUIDED: _ZN7Vector3IdEC2Ev @ 0xaa9b20
GUIDED: _ZNK11AP_AHRS_DCM12get_locationER8Location @ 0x607e50
GUIDED: _ZN8Location6offsetEdd @ 0x608180
GUIDED: _ZNK6AP_GPS7get_lagERf @ 0xaa9b80
GUIDED: _ZNK6AP_GPS7get_lagEhRf @ 0x608210
GUIDED: _ZN3GCS12send_messageE10ap_message @ 0x608610
GUIDED: _ZN11GCS_MAVLINK12send_messageE10ap_message @ 0x608f40
GUIDED: _ZN11GCS_MAVLINK22save_signing_timestampEb @ 0x609050
GUIDED: _ZNK11GCS_MAVLINK12is_streamingEv @ 0xaa9d10
GUIDED: _ZN7BitmaskILt91EE3setEt @ 0xaa9d70
GUIDED: _ZNK7BitmaskILt91EE8validateEt @ 0xaa9e30
GUIDED: _ZN11GCS_MAVLINK16signing_key_loadER10SigningKey @ 0x609180
GUIDED: _ZNK7AP_AHRS10get_originER8Location @ 0x6092e0
GUIDED: _ZNK8Location10get_alt_cmENS_8AltFrameERi @ 0x609450
GUIDED: _ZN9AP_Logger10WriteBlockEPKvt @ 0x609790
GUIDED: _ZN17AP_Logger_Backend10WriteBlockEPKvt @ 0xaa9ec0
GUIDED: _ZNK8Location13get_alt_frameEv @ 0x609840
GUIDED: _ZN2AP7terrainEv @ 0x609920
GUIDED: _ZN10AP_Terrain11height_amslERK8LocationRfb @ 0x609960
GUIDED: _ZN10AP_Terrain8allocateEv @ 0x609da0
GUIDED: _ZNK10AP_Terrain19calculate_grid_infoERK8LocationRNS_9grid_infoE @ 0x609ec0
GUIDED: _ZN10AP_Terrain15find_grid_cacheERKNS_9grid_infoE @ 0x60a330
GUIDED: _ZN10AP_Terrain12check_bitmapERKNS_10grid_blockEhh @ 0x60a640
GUIDED: _ZN10AP_Terrain11grid_bitnumEhh @ 0x60a700
GUIDED: _ZNK10AP_DAL_GPS8locationEv @ 0xaaa000
GUIDED: _ZNK10AP_DAL_GPS8locationEh @ 0xaaa060
GUIDED: _ZN6AP_DAL9end_frameEv @ 0x60b020
GUIDED: _ZN6AP_DAL15WriteLogMessageE11LogMessagesPvPKvh @ 0x60b0a0
GUIDED: _ZN9AP_Logger16WriteReplayBlockEhPKvt @ 0x60b1c0
GUIDED: _ZNK9AP_Logger10log_replayEv @ 0xaaa0d0
GUIDED: _ZNK11AP_Airspeed7healthyEv @ 0xaaa190
GUIDED: _ZNK7AP_Baro15get_temperatureEh @ 0xaaa270
GUIDED: _ZN11AP_Airspeed15get_temperatureEhRf @ 0x60b8a0
GUIDED: _ZNK7AP_AHRS17get_filter_statusER17nav_filter_status @ 0x60bc90
GUIDED: _ZNK7AP_AHRS16get_velocity_NEDER7Vector3IfE @ 0x60bdc0
GUIDED: _ZN10AP_Terrain23update_reference_offsetEv @ 0x60be40
GUIDED: _ZNK9AP_ParamTIfL11ap_var_type4EEngEv @ 0xaaa340
GUIDED: _ZNK7NavEKF315getFilterStatusER17nav_filter_status @ 0x60c130
GUIDED: _ZNK15AP_ExternalAHRS17get_filter_statusER17nav_filter_status @ 0x60c420
GUIDED: _ZNK12NavEKF3_core15getFilterStatusER17nav_filter_status @ 0x60c5b0
GUIDED: _ZNK12NavEKF2_core15getFilterStatusER17nav_filter_status @ 0x60c620
GUIDED: _ZNK9AP_Arming18get_enabled_checksEv @ 0x60c690
GUIDED: _ZN7HALSITL9Semaphore4takeEj @ 0x60c7f0
GUIDED: _ZN7HALSITL9Semaphore16take_nonblockingEv @ 0x60c990
GUIDED: _ZN6AP_HAL9Semaphore13take_blockingEv @ 0xaaab70
GUIDED: _ZN7HALSITL9Semaphore4giveEv @ 0x60ca20
GUIDED: _ZN4SITL6AS56006updateERKNS_8AircraftE @ 0x60de50
GUIDED: _ZNK4SITL8Aircraft12get_attitudeER11QuaternionTIfE @ 0xaaba10
GUIDED: _ZL7degreesf.21535 @ 0x60e220
GUIDED: _ZN4SITL17I2CRegisters_8Bit12set_registerEhh @ 0x60e280
GUIDED: _ZN4SITL9I2CDevice6updateERKNS_8AircraftE @ 0xaabc00
GUIDED: _ZN4SITL13TeraRangerI2C6updateERKNS_8AircraftE @ 0xaabda0
GUIDED: _ZNK4SITL8Aircraft17rangefinder_rangeEv @ 0x60e940
GUIDED: _Z10rand_floatv @ 0x60ec20
GUIDED: _ZN4SITL7INA32216updateERKNS_8AircraftE @ 0x60ef00
GUIDED: _ZL15convert_voltagef @ 0x60f380
GUIDED: _ZL15convert_currentf @ 0x60f450
GUIDED: _ZN4SITL8QMC5883L6updateERKNS_8AircraftE @ 0x60f6b0
GUIDED: _ZN7Vector3IfE14rotate_inverseE8Rotation @ 0xaabe10
GUIDED: _ZL7htole16t.15963 @ 0x60fac0
GUIDED: _ZN7Vector3IsEC2Esss @ 0xaabfc0
GUIDED: _ZN4SITL10IS31FL31956updateERKNS_8AircraftE @ 0x60fd30
GUIDED: _ZN4SITL17I2CRegisters_8Bit12get_registerEh @ 0xaac160
GUIDED: _ZN10SIM_RGBLED11set_coloursEhhh @ 0xaac1c0
GUIDED: _ZN4SITL6LM27556updateERKNS_8AircraftE @ 0x610a10
GUIDED: _ZNK4SITL6LM275510LEDChannel13current_valueEv @ 0xaac3d0
GUIDED: _ZN4SITL6LP55626updateERKNS_8AircraftE @ 0x610fc0
GUIDED: _ZN4SITL6LP556210LEDChannel6updateEv @ 0x6112d0
GUIDED: _ZNK4SITL6LP556210LEDChannel13current_valueEv @ 0xaac650
GUIDED: _ZN4SITL6MS5XXX6updateERKNS_8AircraftE @ 0x6113b0
GUIDED: _ZN7AP_Baro37get_pressure_temperature_for_alt_amslEfRfS0_ @ 0x612360
GUIDED: _ZN7AP_Baro29geometric_alt_to_geopotentialEf @ 0x612540
GUIDED: _ZL33find_atmosphere_layer_by_altitudef @ 0x6125a0
GUIDED: _ZN7AP_Baro33get_temperature_by_altitude_layerEfa @ 0x612650
GUIDED: _ZN7AP_Baro29get_temperatureC_for_alt_amslEf @ 0x6131d0
GUIDED: _ZN4SITL12InvensenseV36updateERKNS_8AircraftE @ 0x613240
GUIDED: _ZNK4SITL8ICM4060911accel_scaleEv @ 0xaacba0
GUIDED: _ZL7radiansd.15405 @ 0x613d00
GUIDED: _ZNK4SITL12InvensenseV310gyro_scaleEv @ 0xaacbf0
GUIDED: _ZN4SITL12InvensenseV313write_to_fifoEhPhh @ 0x613d50
GUIDED: _ZN4SITL7MCP96006updateERKNS_8AircraftE @ 0x6142b0
GUIDED: _ZL7htobe16t.15309 @ 0x614880
GUIDED: _ZL10__bswap_16t.15311 @ 0x6148d0
GUIDED: _ZNK4SITL31I2CRegisters_ConfigurableLength13get_reg_valueEhRh @ 0x614940
GUIDED: _ZN4SITL6TSYS036updateERKNS_8AircraftE @ 0x614d90
GUIDED: _ZN4SITL6TSYS016updateERKNS_8AircraftE @ 0x6157e0
GUIDED: _ZN4SITL5SHT3x6updateERKNS_8AircraftE @ 0x616410
GUIDED: _ZN4SITL13Airspeed_DLVR6updateERKNS_8AircraftE @ 0x616c90
GUIDED: _ZN4SITL29SIM_BattMonitor_SMBus_Generic6updateERKNS_8AircraftE @ 0x617770
GUIDED: _ZNK4SITL29SIM_BattMonitor_SMBus_Generic15connected_cellsEv @ 0xaad4e0
GUIDED: _ZN4SITL21SIM_BattMonitor_SMBus6updateERKNS_8AircraftE @ 0x617fd0
GUIDED: _ZNK4SITL8Aircraft19get_battery_voltageEv @ 0xaad530
GUIDED: _ZN4SITL11SMBusDevice12set_registerEht @ 0xaad580
GUIDED: _ZN4SITL18I2CRegisters_16Bit12set_registerEht @ 0x6180e0
GUIDED: _ZN4SITL11SMBusDevice12set_registerEhs @ 0xaad600
GUIDED: _ZN4SITL18I2CRegisters_16Bit12set_registerEhs @ 0x618190
GUIDED: _ZN4SITL6Rotoye6updateERKNS_8AircraftE @ 0x618430
GUIDED: _ZN4SITL11SMBusDevice13get_reg_valueEh @ 0xaad8b0
GUIDED: _ZN4SITL18I2CRegisters_16Bit13get_reg_valueEh @ 0xaad920
GUIDED: _ZL7be16toht.21586 @ 0x618500
GUIDED: _ZL10__bswap_16t.21587 @ 0x618550
GUIDED: _ZNK4SITL6Maxell15connected_cellsEv @ 0xaad9e0
GUIDED: _ZN4SITL13MaxSonarI2CXL6updateERKNS_8AircraftE @ 0xaadb20
GUIDED: _ZN4SITL10ToshibaLED6updateERKNS_8AircraftE @ 0x618810
GUIDED: _ZNK6AP_HAL3HAL6serialEh @ 0xaae560
GUIDED: _ZL14fill_stack_nanv @ 0x6192d0
GUIDED: _ZN7HALSITL9Scheduler13_run_io_procsEv @ 0x619650
GUIDED: _ZNK7FunctorIvJEEcvbEv @ 0xaae670
GUIDED: _ZNK7FunctorIvJEEclEv @ 0xaae6d0
GUIDED: _ZN7HALSITL16I2CDeviceManager11_timer_tickEv @ 0x619860
GUIDED: _ZN2AP2RCEv @ 0x619900
GUIDED: _ZN13AP_RCProtocol6updateEv @ 0x6199b0
GUIDED: _ZN13AP_RCProtocol16check_added_uartEv @ 0x619a00
GUIDED: _ZNK13AP_RCProtocol13should_searchEj @ 0x619c70
GUIDED: _ZN21AP_RCProtocol_Backend9new_inputEv @ 0x61a3b0
GUIDED: _ZNK17AP_RCProtocol_FDM6activeEv @ 0xaae970
GUIDED: _ZN6I2CBus11_timer_tickEv @ 0x61a5c0
GUIDED: _ZN9AP_Logger6WriteVEPKcS1_S1_S1_S1_P13__va_list_tagbb @ 0x61a6f0
GUIDED: _ZN9AP_Logger16msg_fmt_for_nameEPKcS1_S1_S1_S1_bb @ 0x61a8f0
GUIDED: _ZN17AP_Logger_Backend5WriteEhP13__va_list_tagbb @ 0x61b1e0
GUIDED: _ZNK9AP_Logger24assert_same_fmt_for_nameEPKNS_13log_write_fmtEPKcS4_S4_S4_S4_ @ 0x61bd60
GUIDED: _ZN3GCS14update_receiveEv @ 0x61d0d0
GUIDED: _ZN3GCS11update_sendEv @ 0x61d180
GUIDED: _ZN19MissionItemProtocol6updateEv @ 0x61d4c0
GUIDED: _ZN11GCS_MAVLINK11update_sendEv @ 0x61d690
GUIDED: _ZN3GCS18service_statustextEv @ 0x61da70
GUIDED: _ZN3GCS15StatusTextQueue9semaphoreEv @ 0xaaebd0
GUIDED: _ZNK11ObjectArrayIN3GCS12statustext_tEE8is_emptyEv @ 0xaaec20
GUIDED: _Z14comm_chan_lock17mavlink_channel_t @ 0x61df50
GUIDED: _ZL16mav_array_memcpyPvPKvm.7264 @ 0x61e090
GUIDED: _ZN9AP_Logger15handle_log_sendEv @ 0x61e130
GUIDED: _ZN22GCS_MAVLINK_InProgress11check_tasksEv @ 0x61e800
GUIDED: _ZNK3GCS11out_of_timeEv @ 0x61e9f0
GUIDED: _ZN11GCS_MAVLINK30deferred_message_to_send_indexEt @ 0x61ead0
GUIDED: _ZN11GCS_MAVLINK19do_try_send_messageE10ap_message @ 0x61ecb0
GUIDED: _ZNK7BitmaskILt91EE9first_setEv @ 0xaaefc0
GUIDED: _ZN7BitmaskILt91EE5clearEt @ 0xaaf090
GUIDED: _ZN11GCS_MAVLINK36next_deferred_bucket_message_to_sendEt @ 0x61ede0
GUIDED: _ZNK7BitmaskILt91EE5countEv @ 0xaaf150
GUIDED: _ZNK11GCS_MAVLINK26get_reschedule_interval_msERKNS_25deferred_message_bucket_tE @ 0x61ef10
GUIDED: _ZN11GCS_MAVLINK24find_next_bucket_to_sendEt @ 0x61f010
GUIDED: _ZN7BitmaskILt91EEaSERKS0_ @ 0xaaf220
GUIDED: _ZNK11GCS_MAVLINK24requesting_mission_itemsEv @ 0x61f1e0
GUIDED: _ZN7GCS_FTP16get_last_send_msE17mavlink_channel_t @ 0x61f2d0
GUIDED: _ZNK11GCS_MAVLINK17telemetry_delayedEv @ 0x61f470
GUIDED: _ZNK3GCS11telem_delayEv @ 0xaaf360
GUIDED: _ZN14AP_BoardConfig15in_config_errorEv @ 0xaaf3c0
GUIDED: _ZNK12AP_Scheduler19time_available_usecEv @ 0x61f540
GUIDED: _ZN2AP2FSEv @ 0x61f7c0
GUIDED: _ZN19AP_Filesystem_Posix5writeEiPKvj @ 0x61fb60
GUIDED: _ZN21AP_Filesystem_Backend17bytes_until_fsyncEi @ 0xaaf400
GUIDED: _ZN19AP_Filesystem_Posix9disk_freeEPKc @ 0x620350
GUIDED: _ZNK21AP_Filesystem_Backend15file_op_allowedEv @ 0x620a80
GUIDED: _ZL12map_filenamePKc @ 0x620b20
GUIDED: _ZL17map_filename_freePKc @ 0x620bc0
GUIDED: _Z16comm_get_txspace17mavlink_channel_t @ 0x620d10
GUIDED: _ZL28mavlink_msg_command_ack_send17mavlink_channel_tthhihh @ 0x620da0
GUIDED: _ZN11GCS_MAVLINK23set_ap_message_intervalE10ap_messaget @ 0x621210
GUIDED: _ZNK11GCS_MAVLINK20cap_message_intervalEt @ 0x621630
GUIDED: _ZNK11GCS_MAVLINK26get_deferred_message_indexE10ap_message @ 0x621700
GUIDED: _ZNK7BitmaskILt91EE3getEt @ 0xaaf640
GUIDED: _ZN12AP_Scheduler18get_loop_period_usEv @ 0xaaf710
GUIDED: _ZNK13AP_Filesystem13backend_by_fdERi @ 0x621f80
GUIDED: _ZNK13AP_Filesystem15backend_by_pathERPKc @ 0x622050
GUIDED: _ZN11GCS_MAVLINK39initialise_message_intervals_for_streamENS_7streamsE @ 0x622340
GUIDED: _ZNK11GCS_MAVLINK23get_interval_for_streamENS_7streamsE @ 0x622540
GUIDED: _ZNK11GCS_MAVLINK8get_chanEv @ 0xaaf7b0
GUIDED: _ZN19AC_PolyFence_loader13check_indexedEv @ 0x6256b0
GUIDED: _Z11is_negativeIfEbT_ @ 0xab0490
GUIDED: _ZN11GCS_MAVLINK14update_receiveEj @ 0x62ae30
GUIDED: _ZN3GCS15update_passthruEv @ 0x62b300
GUIDED: _ZN16AP_SerialManager12get_passthruERPN6AP_HAL10UARTDriverES3_RhRjS5_ @ 0x62b830
GUIDED: _ZN6AP_HAL10UARTDriver11read_lockedEPhmj @ 0x62c2b0
GUIDED: _ZNK11GCS_MAVLINK6lockedEv @ 0xab0780
GUIDED: _ZNK7FunctorIbJhPN6AP_HAL10UARTDriverEEEcvbEv @ 0xab07e0
GUIDED: _ZN11GCS_MAVLINK14channel_bufferEv @ 0xab08c0
GUIDED: mavlink_frame_char_buffer @ 0x62c990
GUIDED: _ZN12AP_Scripting14handle_messageERK17__mavlink_message17mavlink_channel_t @ 0x62d230
GUIDED: _ZN11GCS_MAVLINK13send_timesyncEv @ 0x62d420
GUIDED: _ZN11GCS_MAVLINK17log_mavlink_statsEv @ 0x62d490
GUIDED: _ZNK11GCS_MAVLINK15signing_enabledEv @ 0x62d610
GUIDED: _ZNK11GCS_MAVLINK21timesync_timestamp_nsEv @ 0x62d6b0
GUIDED: _ZL25mavlink_msg_timesync_send17mavlink_channel_tll @ 0x62d710
GUIDED: mavlink_start_checksum @ 0x62d7b0
GUIDED: mavlink_update_checksum @ 0x62d810
GUIDED: _Z9fill_nanfPft @ 0x62e250
GUIDED: _ZN10ByteBuffer7advanceEj @ 0x6312e0
GUIDED: _ZN5Empty11OpticalFlow9push_gyroEfff @ 0xab1790
GUIDED: _ZN5Empty11OpticalFlow14push_gyro_biasEff @ 0xab1800
GUIDED: _ZN6AP_HAL4Util14set_soft_armedEb @ 0x631e00
GUIDED: _ZNK7HALSITL4Util18was_watchdog_resetEv @ 0xab1ad0
GUIDED: _ZN7HALSITL4Util19safety_switch_stateEv @ 0x631f90
GUIDED: _ZN7HALSITL4Util16available_memoryEv @ 0xab1fc0
GUIDED: _ZN7HALSITL4Util8uart_logEv @ 0x632570
GUIDED: _ZN6AP_HAL4Util14log_stack_infoEv @ 0xab2360
GUIDED: _ZN6AP_HAL10UARTDriver9log_statsEhRNS0_12StatsTrackerEj @ 0x632740
GUIDED: _ZN6AP_HAL10UARTDriver12StatsTracker11ByteTracker6updateEj @ 0x6328e0
GUIDED: _ZN7HALSITL8RCOutput20_safety_switch_stateEv @ 0xab2400
GUIDED: _ZN6AP_HAL10UARTDriver5writeEPKhm @ 0x634e10
GUIDED: _ZN6AP_HAL10UARTDriver9availableEv @ 0x634f50
GUIDED: _ZN6AP_HAL10UARTDriver4readEv @ 0x634fd0
GUIDED: _ZN6AP_HAL10UARTDriver4readERh @ 0x635050
GUIDED: _ZN6AP_HAL10UARTDriver4readEPht @ 0x635150
GUIDED: _ZN7HALSITL10UARTDriver7txspaceEv @ 0x6351c0
GUIDED: _ZN7HALSITL10UARTDriver11_timer_tickEv @ 0x635540
GUIDED: _ZN7HALSITL10UARTDriver26receive_time_constraint_usEt @ 0x6355a0
GUIDED: _ZN7HALSITL10UARTDriver6_writeEPKhm @ 0x636270
GUIDED: _ZN7HALSITL10UARTDriver5_readEPht @ 0x636440
GUIDED: _ZN7HALSITL10UARTDriver10_availableEv @ 0x636630
GUIDED: _ZNK7HALSITL10UARTDriver18get_total_tx_bytesEv @ 0xab4b90
GUIDED: _ZNK7HALSITL10UARTDriver18get_total_rx_bytesEv @ 0xab4be0
GUIDED: _ZNK6AP_HAL10UARTDriver26get_total_dropped_rx_bytesEv @ 0xab4c30
GUIDED: _ZN7HALSITL10UARTDriver17_check_connectionEv @ 0x636720
GUIDED: _ZN7HALSITL10UARTDriver13_select_checkEi @ 0x636860
GUIDED: _ZN10ByteBuffer4readEPhj @ 0x636a70
GUIDED: _ZN7HALSITL10UARTDriver41handle_writing_from_writebuffer_to_deviceEv @ 0x636b10
GUIDED: _ZN7HALSITL10UARTDriver16_check_reconnectEv @ 0x636ec0
GUIDED: _ZL3MINIjjEDTqultfp_fp0_fp_fp0_ERKT_RKT0_.14591 @ 0x6372c0
GUIDED: _ZNK4SITL12SerialDevice15write_to_deviceEPKcm @ 0x637340
GUIDED: _ZNK4SITL12SerialDevice18write_to_autopilotEPKcm @ 0x63a6a0
GUIDED: _ZNK4SITL12SerialDevice13is_match_baudEv @ 0x63a760
GUIDED: _ZNK4SITL3GPS18write_to_autopilotEPKcm @ 0x63a890
GUIDED: _ZNK4SITL3GPS11device_baudEv @ 0x63aab0
GUIDED: _Z8wrap_180IdET_S0_ @ 0xab6220
GUIDED: _Z8wrap_360d @ 0x63d940
GUIDED: _ZNK4SITL12SerialDevice19read_from_autopilotEPcm @ 0x63d9e0
GUIDED: _ZN4SITL8Aircraft11rand_normalEdd @ 0x640920
GUIDED: _Z7is_zerod @ 0xab8350
GUIDED: _ZN7HALSITL10UARTDriver40handle_reading_from_device_to_readbufferEv @ 0x6432d0
GUIDED: _ZNK4SITL12SerialDevice16read_from_deviceEPcm @ 0x643760
GUIDED: _ZN7HALSITL8AnalogIn13board_voltageEv @ 0xab9860
GUIDED: _ZN6AP_HAL8AnalogIn17servorail_voltageEv @ 0xab98b0
GUIDED: _ZN6AP_HAL8AnalogIn18power_status_flagsEv @ 0xab9900
GUIDED: _ZN7HALSITL9ADCSource7set_pinEh @ 0x6443a0
GUIDED: _ZN7HALSITL9ADCSource15voltage_averageEv @ 0x644420
GUIDED: _ZN7HALSITL9ADCSource14voltage_latestEv @ 0x644470
GUIDED: _ZN7HALSITL9ADCSource27voltage_average_ratiometricEv @ 0xab9a00
GUIDED: _ZN7HALSITL4GPIO13usb_connectedEv @ 0x644bd0
GUIDED: _ZN7HALSITL8RCOutput9enable_chEh @ 0x644fd0
GUIDED: _ZN7HALSITL8RCOutput10disable_chEh @ 0x645060
GUIDED: _ZN7HALSITL8RCOutput5writeEht @ 0x6450f0
GUIDED: _ZN6AP_HAL8RCOutput20update_channel_masksEv @ 0xaba2e0
GUIDED: _ZN7HALSITL8RCOutput4corkEv @ 0x645220
GUIDED: _ZN7HALSITL8RCOutput4pushEv @ 0x6452b0
GUIDED: _ZN7HALSITL8RCOutput4readEh @ 0x6453e0
GUIDED: _ZN7HALSITL8RCOutput4readEPth @ 0x645470
GUIDED: _ZN6AP_HAL8RCOutput16set_default_rateEt @ 0xabab80
GUIDED: _ZN17AP_ESC_Telem_SITL6updateEv @ 0x645890
GUIDED: _ZL3MAXIffEDTqugtfp_fp0_fp_fp0_ERKT_RKT0_.21054 @ 0x645a60
GUIDED: _ZN20AP_ESC_Telem_Backend10update_rpmEhff @ 0x645ae0
GUIDED: _ZN20AP_ESC_Telem_Backend17update_telem_dataEhRKNS_13TelemetryDataEt @ 0x645b70
GUIDED: _ZN12AP_ESC_Telem17update_telem_dataEhRKN20AP_ESC_Telem_Backend13TelemetryDataEt @ 0x645c00
GUIDED: _ZN12AP_ESC_Telem10update_rpmEhff @ 0x645ee0
GUIDED: _ZL3MAXIjjEDTqugtfp_fp0_fp_fp0_ERKT_RKT0_.10617 @ 0x646040
GUIDED: _Z16constrain_uint32jjj @ 0xabb0b0
GUIDED: _Z15constrain_valueIjET_S0_S0_S0_ @ 0xabb120
GUIDED: _ZN7HALSITL7RCInput9new_inputEv @ 0x6461d0
GUIDED: _ZN7HALSITL7RCInput12num_channelsEv @ 0x646230
GUIDED: _ZN7HALSITL7RCInput4readEh @ 0x646290
GUIDED: _ZN13AP_RCProtocol4readEh @ 0x646540
GUIDED: _ZN21AP_RCProtocol_Backend4readEh @ 0x6465d0
GUIDED: _ZN13AP_RCProtocol12num_channelsEv @ 0x646630
GUIDED: _ZNK21AP_RCProtocol_Backend12num_channelsEv @ 0x6466b0
GUIDED: _ZN13AP_RCProtocol9new_inputEv @ 0x646700
GUIDED: _ZN13AP_RCProtocol21detect_async_protocolENS_12rcprotocol_tE @ 0x6468c0
GUIDED: _ZNK13AP_RCProtocol10using_uartEv @ 0xabb6b0
GUIDED: _ZN17AP_RCProtocol_FDM6updateEv @ 0x647510
GUIDED: _ZN21AP_RCProtocol_Backend9add_inputEhPtbss @ 0x6476f0
GUIDED: _ZL3MINIhiEDTqultfp_fp0_fp_fp0_ERKT_RKT0_.20689 @ 0x647850
GUIDED: _ZN13AP_RCProtocol19set_failsafe_activeEb @ 0xabc080
GUIDED: _ZN21AP_RCProtocol_Backend6updateEv @ 0xabc190
GUIDED: _ZN17AP_RCProtocol_UDP6updateEv @ 0x6478d0
GUIDED: _ZN17AP_RCProtocol_UDP21read_all_socket_inputEv @ 0x647b30
GUIDED: _ZN16SocketAPM_native4recvEPvmj @ 0x647dd0
GUIDED: _ZN16SocketAPM_native6pollinEj @ 0x648000
GUIDED: _ZNK16SocketAPM_native11get_read_fdEv @ 0xabc2c0
GUIDED: _ZN18AP_RCProtocol_GHST6updateEv @ 0x648860
GUIDED: _ZNK12NavEKF3_core12getVariancesERfS0_S0_R7Vector3IfES0_R7Vector2IfE @ 0x64a970
GUIDED: _ZL3MAXIddEDTqugtfp_fp0_fp_fp0_ERKT_RKT0_.5309 @ 0x64ab70
GUIDED: _ZNK7Vector2IdE7tofloatEv @ 0xabc9f0
GUIDED: _ZNK12NavEKF2_core12getVariancesERfS0_S0_R7Vector3IfES0_R7Vector2IfE @ 0x64abf0
GUIDED: _ZL3MAXIddEDTqugtfp_fp0_fp_fp0_ERKT_RKT0_.4705 @ 0x64adf0
GUIDED: _ZN3GCS23get_sensor_status_flagsERjS0_S0_ @ 0x64aee0
GUIDED: _ZN3GCS26update_sensor_status_flagsEv @ 0x64afa0
GUIDED: _ZNK7AP_AHRS11initialisedEv @ 0x64b760
GUIDED: _ZNK7AP_AHRS17have_inertial_navEv @ 0x64b890
GUIDED: _ZNK7AP_Baro13num_instancesEv @ 0xabca50
GUIDED: _ZNK6AP_GPS10is_healthyEv @ 0xabcaa0
GUIDED: _ZNK14AP_BattMonitor13num_instancesEv @ 0xabcb00
GUIDED: _ZNK14AP_BattMonitor7healthyEv @ 0x64b8f0
GUIDED: _ZNK14AP_BattMonitor13has_failsafedEv @ 0xabcb50
GUIDED: _ZNK17AP_InertialSensor11calibratingEv @ 0x64b9e0
GUIDED: _ZNK9AP_Logger15logging_enabledEv @ 0x64bab0
GUIDED: _ZNK6AP_GPS15logging_presentEv @ 0xabcbb0
GUIDED: _ZNK6AP_GPS15logging_enabledEv @ 0xabcc20
GUIDED: _ZNK6AP_GPS14logging_failedEv @ 0x64bb80
GUIDED: _ZNK7AP_AHRS12get_ekf_typeEv @ 0xabcc90
GUIDED: _ZNK8AC_Fence18sys_status_enabledEv @ 0x64bc60
GUIDED: _ZNK8AC_Fence18sys_status_presentEv @ 0x64bd00
GUIDED: _ZNK8AC_Fence17sys_status_failedEv @ 0x64bd60
GUIDED: _ZNK11AP_Airspeed7enabledEv @ 0xabccf0
GUIDED: _ZNK11AP_Airspeed3useEv @ 0xabcd50
GUIDED: _ZNK7AP_AHRS23airspeed_sensor_enabledEv @ 0xabcdb0
GUIDED: _ZNK11AP_Airspeed11all_healthyEv @ 0x64bdf0
GUIDED: _ZN2AP11opticalflowEv @ 0x64beb0
GUIDED: _ZNK14AP_OpticalFlow7enabledEv @ 0xabce00
GUIDED: _ZNK14AP_OpticalFlow7healthyEv @ 0xabce70
GUIDED: _ZN2AP6armingEv @ 0x64bef0
GUIDED: _ZNK11RC_Channels22has_ever_seen_rc_inputEv @ 0xabcef0
GUIDED: _ZN9AP_Arming13get_singletonEv @ 0x64bf30
GUIDED: _ZNK7AP_EnumIN14AP_OpticalFlow4TypeEEcvKS1_Ev @ 0xabcf50
GUIDED: _ZN14AP_OpticalFlow13get_singletonEv @ 0xabcfa0
GUIDED: _ZN15AP_AHRS_Backend23airspeed_sensor_enabledEv @ 0xabcfe0
GUIDED: _ZN2AP8airspeedEv @ 0x64bf70
GUIDED: _ZNK8AC_Fence12get_breachesEv @ 0xabd070
GUIDED: _ZNK7AP_EnumIN8AC_Fence6ActionEEcvKS1_Ev @ 0xabd0c0
GUIDED: _ZNK14AP_BattMonitor7healthyEh @ 0x64c030
GUIDED: _ZNK6AP_GPS8num_satsEv @ 0xabd2d0
GUIDED: _ZNK8Location14get_bearing_toERKS_ @ 0xabd330
GUIDED: _ZNK8Location11get_bearingERKS_ @ 0x64ccd0
GUIDED: _ZL9rad_to_cdf @ 0x64cde0
GUIDED: _ZNK6AP_GPS8num_satsEh @ 0xabd3b0
GUIDED: _ZNK14AP_BattMonitor12current_ampsERfh @ 0x64cf20
GUIDED: _ZNK14AP_BattMonitor12consumed_mahERfh @ 0x64d010
GUIDED: _ZN9AP_Logger14WriteStreamingEPKcS1_S1_z @ 0x64dd30
GUIDED: _ZN22AP_RCProtocol_DroneCAN6updateEv @ 0x64df90
GUIDED: _ZNK16AP_SerialManager11find_serialENS_14SerialProtocolEh @ 0x64f380
GUIDED: _ZN9AP_Notify6updateEv @ 0x6525f0
GUIDED: _ZN2AP3srvEv @ 0x652790
GUIDED: _ZN12SRV_Channels4corkEv @ 0x6527d0
GUIDED: _ZN12SRV_Channels4pushEv @ 0x652830
GUIDED: _ZN16AP_Volz_Protocol6updateEv @ 0x6529e0
GUIDED: _ZN10AP_SBusOut6updateEv @ 0x652cb0
GUIDED: _ZN15AP_RobotisServo6updateEv @ 0x652e30
GUIDED: _ZN16AP_FETtecOneWire6updateEv @ 0x6530a0
GUIDED: _ZN2AP6kdecanEv @ 0x653390
GUIDED: _ZN9AP_KDECAN6updateEv @ 0x6533d0
GUIDED: _ZN12SRV_Channels12find_channelEN11SRV_Channel8FunctionERh @ 0x653db0
GUIDED: _ZN11SRV_Channel8calc_pwmEf @ 0x653e80
GUIDED: _ZNK11SRV_Channel21pwm_from_scaled_valueEf @ 0x653f70
GUIDED: _ZNK11SRV_Channel14pwm_from_angleEf @ 0x654010
GUIDED: _ZNK11SRV_Channel14pwm_from_rangeEf @ 0x654210
GUIDED: _ZN9AP_KDECAN13get_singletonEv @ 0xabfd10
GUIDED: _ZN16AP_FETtecOneWire4initEv @ 0x655b40
GUIDED: _ZN16AP_FETtecOneWire9init_uartEv @ 0x657110
GUIDED: _Z18linear_interpolatefffff @ 0x6597d0
GUIDED: _ZL10swap_floatRfS_ @ 0x659900
GUIDED: _ZN12SRV_Channels13get_singletonEv @ 0xac0770
GUIDED: _ZNK10AP_Mission21get_current_nav_indexEv @ 0xac0b00
GUIDED: _ZNK7AP_AHRS13wind_estimateEv @ 0xac0b80
GUIDED: _ZN10AP_Terrain20height_above_terrainERfb @ 0x65be00
GUIDED: _ZNK10AP_Terrain6statusEv @ 0xac0be0
GUIDED: _ZNK6AP_GPS8get_hdopEh @ 0xac0cf0
GUIDED: _ZNK7AP_AHRS11groundspeedEv @ 0xac0df0
GUIDED: _ZN7AP_Baro14get_climb_rateEv @ 0x65c310
GUIDED: _ZN16DerivativeFilterIfLh7EE5slopeEv @ 0xac0e90
GUIDED: _ZNK11RangeFinder15distance_orientE8Rotation @ 0x65c380
GUIDED: _ZNK11RangeFinder13find_instanceE8Rotation @ 0x65c410
GUIDED: _ZNK11RangeFinder11get_backendEh @ 0x65c560
GUIDED: _Z14float_to_int16f @ 0x65dfc0
GUIDED: _ZNK8Location9get_alt_mENS_8AltFrameERf @ 0x65e140
GUIDED: _ZN18AP_RCProtocol_CRSF6updateEv @ 0x6607d0
GUIDED: _ZN13AP_ParamTBaseIsL11ap_var_type2EE22set_and_save_ifchangedERKs @ 0xac2c00
GUIDED: _ZNK7AP_AHRS12get_roll_radEv @ 0xac2e20
GUIDED: _ZNK7AP_AHRS11get_yaw_radEv @ 0xac2e70
GUIDED: _ZN19AP_RCProtocol_SRXL26updateEv @ 0x66a3c0
GUIDED: _ZNK14AP_BattMonitor15get_temperatureERfh @ 0x66d4a0
GUIDED: _ZN2AP3rtcEv @ 0x66d570
GUIDED: _ZNK6AP_RTC12get_utc_usecERm @ 0x66d690
GUIDED: _ZN6AP_RTC13get_singletonEv @ 0xac3a80
GUIDED: _ZNK11AP_Airspeed12get_airspeedEv @ 0xac3ac0
GUIDED: _ZNK11AP_Airspeed12get_airspeedEh @ 0x66d940
GUIDED: _ZN2AP9esc_telemEv @ 0x66d9f0
GUIDED: _ZNK12AP_ESC_Telem7get_rpmEhRf @ 0x66db90
GUIDED: _ZL3MINIffEDTqultfp_fp0_fp_fp0_ERKT_RKT0_.10600 @ 0x66dd30
GUIDED: _ZNVK20AP_ESC_Telem_Backend13TelemetryData5staleEv @ 0x66de20
GUIDED: _ZN12AP_ESC_Telem13get_singletonEv @ 0x66dea0
GUIDED: _ZN17AP_RCProtocol_DSM6updateEv @ 0x6713b0
GUIDED: _ZN7HALSITL9Scheduler5delayEt @ 0x672ca0
GUIDED: _ZN7HALSITL9Scheduler18delay_microsecondsEt @ 0x672d90
GUIDED: _ZN6AP_HAL9Scheduler24delay_microseconds_boostEt @ 0xac4260
GUIDED: _ZN6AP_HAL9Scheduler9boost_endEv @ 0xac4370
GUIDED: _ZNK6AP_HAL9Scheduler17in_delay_callbackEv @ 0xac43c0
GUIDED: _ZN7HALSITL9Scheduler21is_system_initializedEv @ 0xac4420
GUIDED: _ZN7HALSITL9Scheduler10stop_clockEm @ 0x673300
GUIDED: _ZNK7HALSITL9Scheduler14in_main_threadEv @ 0x6733a0
GUIDED: _ZN7HALSITL10SITL_State10wait_clockEm @ 0x673a60
GUIDED: _ZNK4SITL8Aircraft11get_speedupEv @ 0xac45d0
GUIDED: _ZNK7HALSITL9Scheduler28semaphore_wait_hack_requiredEv @ 0x673c10
GUIDED: _ZN7HALSITL10SITL_State15_fdm_input_stepEv @ 0x673c90
GUIDED: _ZN7HALSITL10SITL_State16_fdm_input_localEv @ 0x673de0
GUIDED: _ZNK7HALSITL9Scheduler22interrupts_are_blockedEv @ 0xac4620
GUIDED: _ZN7HALSITL9Scheduler17sitl_begin_atomicEv @ 0xac4680
GUIDED: _ZN7HALSITL9Scheduler11timer_eventEv @ 0xac46e0
GUIDED: _ZN7HALSITL9Scheduler15sitl_end_atomicEv @ 0x673f80
GUIDED: _ZN7HALSITL10SITL_State16_update_airspeedEf @ 0x674020
GUIDED: _ZN7HALSITL10SITL_State19_update_rangefinderEv @ 0x674390
GUIDED: _ZNK7HALSITL10SITL_State18_sonar_pin_voltageEv @ 0x6743f0
GUIDED: _ZN7AP_Baro24get_EAS2TAS_for_alt_amslEf @ 0x674560
GUIDED: _ZL2sqf.14351 @ 0x6745e0
GUIDED: _ZN7AP_Baro28get_air_density_for_alt_amslEf @ 0x674630
GUIDED: _ZL3MAXIffEDTqugtfp_fp0_fp_fp0_ERKT_RKT0_.2718 @ 0x674800
GUIDED: _ZN7HALSITL9Scheduler16_run_timer_procsEv @ 0x674880
GUIDED: _ZN7HALSITL10SITL_State17_simulator_servosER10sitl_input @ 0x674980
GUIDED: _ZN4SITL11JSON_Master7receiveER10sitl_input @ 0x675610
GUIDED: _ZN7HALSITL10SITL_State22multicast_servo_updateER10sitl_input @ 0x675ab0
GUIDED: _ZN4SITL8Aircraft11update_homeEv @ 0x675b90
GUIDED: _ZN4SITL8Aircraft12update_modelERK10sitl_input @ 0x675cf0
GUIDED: _ZN4SITL8Aircraft8fill_fdmERNS_8sitl_fdmE @ 0x675d90
GUIDED: _ZN7HALSITL8CANIface14num_interfacesEv @ 0xac4720
GUIDED: _ZNK4SITL8Aircraft20get_position_relhomeEv @ 0x676960
GUIDED: _ZN4SITL11JSON_Master4sendERKNS_8sitl_fdmERK7Vector3IdE @ 0x676a20
GUIDED: _ZN7HALSITL17SITL_State_Common10sim_updateEv @ 0x676cc0
GUIDED: _ZN7HALSITL10SITL_State14set_height_aglEv @ 0x677510
GUIDED: _ZNK4SITL8Aircraft15get_velocity_efEv @ 0xac47b0
GUIDED: _ZN4SITL3GPS6updateEv @ 0x6788e0
GUIDED: _ZN4SITL12SerialDevice17init_sitl_pointerEv @ 0x67a030
GUIDED: _ZN4SITL3GPS24check_backend_allocationEv @ 0x67a0c0
GUIDED: _ZN4SITL3GPS16interpolate_dataERKNS_8GPS_DataEj @ 0x67a6d0
GUIDED: _ZL3MAXIifEDTqugtfp_fp0_fp_fp0_ERKT_RKT0_.15075 @ 0x67b060
GUIDED: _ZNK4SITL11GPS_Backend11device_baudEv @ 0xac4dd0
GUIDED: _ZN4SITL11GPS_Backend11update_readEv @ 0x67b1e0
GUIDED: _ZNK4SITL11GPS_Backend18write_to_autopilotEPKcm @ 0x67b530
GUIDED: _ZNK4SITL11GPS_Backend19read_from_autopilotEPcm @ 0x67b5b0
GUIDED: _ZN4SITL11GPS_Backend8gps_timeEv @ 0x67c050
GUIDED: _ZN7Vector2IdEC2Edd @ 0xac4ff0
GUIDED: _ZNK7Vector2IdE6lengthEv @ 0xac5070
GUIDED: _ZN4SITL11GPS_Backend18simulation_timevalEP7timeval @ 0x67c980
GUIDED: _ZN4SITL9GPS_UBlox7publishEPKNS_8GPS_DataE @ 0x67f850
GUIDED: _Z4normIddJdEEdT_T0_DpKT1_ @ 0xac5710
GUIDED: _ZL7degreesf.15163 @ 0x680320
GUIDED: _ZN4SITL9GPS_UBlox8send_ubxEhPht @ 0x680850
GUIDED: _ZL3MAXIiiEDTqugtfp_fp0_fp_fp0_ERKT_RKT0_.15164 @ 0x680a20
GUIDED: _ZNK7Vector3IfE6is_nanEv @ 0xac5790
GUIDED: _ZN7Matrix3IfE6rotateERK7Vector3IfE @ 0xac5860
GUIDED: _ZN7Matrix3IfEpLERKS0_ @ 0xac5a80
GUIDED: _ZNK7Matrix3IfEplERKS0_ @ 0xac5b10
GUIDED: _Z2sqIdJddEEdT_DpKT0_ @ 0xac5c30
GUIDED: _Z11wrap_360_cdi @ 0x6811d0
GUIDED: _ZNK11QuaternionTIfE8to_eulerERfS1_S1_ @ 0xac5cd0
GUIDED: _ZNK11QuaternionTIfE13get_euler_yawEv @ 0xac5de0
GUIDED: _ZNK7Vector3IdEplERKS0_ @ 0xac67e0
GUIDED: _ZN7Vector3IdEpLERKS0_ @ 0xac6880
GUIDED: _ZN7Matrix3IdEC2Ev @ 0xac6920
GUIDED: _ZN7Matrix3IdE10from_eulerEddd @ 0xac69a0
GUIDED: _ZNK7Matrix3IdEmlERK7Vector3IdE @ 0xac6b60
GUIDED: _ZNK7Vector3IdEmiERKS0_ @ 0xac7350
GUIDED: _ZNK7Vector3IdE7tofloatEv @ 0xac73f0
GUIDED: _Z11wrap_360_cdf @ 0x68a540
GUIDED: _ZNK7Vector3IdE6lengthEv @ 0xac7530
GUIDED: _ZN7Vector3IdE4zeroEv @ 0xac7590
GUIDED: _ZNK7Vector3IdEmlEd @ 0xac75f0
GUIDED: _ZNK7Matrix3IfE10transposedEv @ 0xac77c0
GUIDED: _ZN7Matrix3IfE9normalizeEv @ 0xac7990
GUIDED: _ZNK8Location22get_distance_NE_doubleERKS_ @ 0x68daf0
GUIDED: _ZN7Vector3IdE2xyEv @ 0xac7c60
GUIDED: _ZN7Vector2IdEpLERKS0_ @ 0xac7cb0
GUIDED: _ZN4SITL8Aircraft14smooth_sensorsEv @ 0x68e050
GUIDED: _ZL7degreesf.16872 @ 0x68ea40
GUIDED: _ZNK7Matrix3IfE8to_eulerEPfS1_S1_ @ 0xac7d30
GUIDED: _ZNK7AP_EnumI8RotationEcvKS0_Ev @ 0xac7e50
GUIDED: _ZNK8HAL_SITL32get_uart_output_full_queue_countEv @ 0x68eb10
GUIDED: _ZNK4SITL8Aircraft16get_wall_time_usEv @ 0x68ec50
GUIDED: _ZNK7Vector3IdEdvEd @ 0xac8030
GUIDED: _ZNK11QuaternionTIfEdvERKS0_ @ 0xac80d0
GUIDED: _ZNK11QuaternionTIfE7is_zeroEv @ 0xac8320
GUIDED: _ZN4SITL8Aircraft12time_advanceEv @ 0x68ecd0
GUIDED: _ZN4SITL8Aircraft15sync_frame_timeEv @ 0x68ed70
GUIDED: _ZN9AP_Logger14WriteStreamingEPKcS1_S1_S1_S1_z @ 0x68f070
GUIDED: _ZL3MAXI9AP_ParamTIfL11ap_var_type4EEdEDTqugtfp_fp0_fp_fp0_ERKT_RKT0_.14196 @ 0x68f3e0
GUIDED: _Z21calc_lowpass_alpha_dtff @ 0x68f480
GUIDED: _ZL3MAXIfiEDTqugtfp_fp0_fp_fp0_ERKT_RKT0_.14197 @ 0x68f5b0
GUIDED: _ZNK4SITL16FETtecOneWireESC7enabledEv @ 0xac83f0
GUIDED: _ZNK4SITL4Volz7enabledEv @ 0xac8460
GUIDED: _ZN7HALSITL17SITL_State_Common22update_voltage_currentER10sitl_inputf @ 0x68f880
GUIDED: _ZNK4SITL8Aircraft45perpendicular_distance_to_rangefinder_surfaceEv @ 0x692fd0
GUIDED: _ZNK4SITL8Aircraft9on_groundEv @ 0x693030
GUIDED: _ZNK4SITL8Aircraft4haglEv @ 0x6930a0
GUIDED: _ZNK4SITL8Aircraft24ground_height_differenceEv @ 0x693170
GUIDED: _ZN4SITL8Aircraft15update_dynamicsERK7Vector3IfE @ 0x6939e0
GUIDED: _ZN4SITL8Aircraft23update_external_payloadERK10sitl_input @ 0x694a60
GUIDED: _ZN4SITL8Aircraft15update_positionEv @ 0x694ef0
GUIDED: _ZN4SITL8Aircraft11update_windERK10sitl_input @ 0x695080
GUIDED: _ZN4SITL8Aircraft19update_mag_field_bfEv @ 0x695510
GUIDED: _ZL7radiansf.16838 @ 0x695900
GUIDED: _ZNK8Location23get_distance_NED_doubleERKS_ @ 0x695960
GUIDED: _ZN4SITL8Aircraft17get_local_updraftERK7Vector3IdE @ 0x695a80
GUIDED: _ZN7Vector2IdEmIERKS0_ @ 0xaca3b0
GUIDED: _ZNK4SITL7Sprayer10is_enabledEv @ 0xaca440
GUIDED: _ZN4SITL3I2C6updateERKNS_8AircraftE @ 0x696340
GUIDED: _ZNK4SITL6Buzzer10is_enabledEv @ 0xaca4f0
GUIDED: _ZNK4SITL13Gripper_Servo10is_enabledEv @ 0xaca550
GUIDED: _ZNK4SITL11Gripper_EPM10is_enabledEv @ 0xaca610
GUIDED: _ZNK4SITL9Parachute10is_enabledEv @ 0xaca6c0
GUIDED: _ZNK4SITL12SIM_Precland10is_enabledEv @ 0xaca720
GUIDED: _ZN4SITL7ShipSim6updateEv @ 0x697310
GUIDED: _ZNK7Vector3IdE14length_squaredEv @ 0xacc780
GUIDED: _ZNK7Vector3IdEmlERKS0_ @ 0xacc8f0
GUIDED: _ZNK7AP_AHRS11get_EAS2TASEv @ 0x69d2d0
GUIDED: _ZL2sqf.16887 @ 0x69d360
GUIDED: _ZN4SITL8Aircraft19update_eas_airspeedEv @ 0x69d3b0
GUIDED: _ZN4SITL15SlungPayloadSim6updateERK7Vector3IdERKS1_IfES7_S7_ @ 0x69d860
GUIDED: _ZN4SITL9TetherSim6updateERK8Location @ 0x69d9f0
GUIDED: _ZN4SITL8Aircraft17adjust_frame_timeEf @ 0x69db60
GUIDED: _ZNK7Vector3IdE7is_zeroEv @ 0xaccaa0
GUIDED: _ZN7Vector3IfE2xyEv @ 0xaccb50
GUIDED: _ZN7Vector2IfE4zeroEv @ 0xaccba0
GUIDED: _ZN7Vector3IfEmIERKS0_ @ 0xaccc00
GUIDED: _ZL7radiansi.16892 @ 0x6a0af0
GUIDED: _ZN4SITL8Aircraft20filtered_servo_angleERK10sitl_inputh @ 0x6a0b50
GUIDED: _ZN4SITL8Aircraft20filtered_servo_rangeERK10sitl_inputh @ 0x6a0c50
GUIDED: _ZNK9AP_ParamTIfL11ap_var_type4EEplERKS1_ @ 0xacceb0
GUIDED: _ZN10ServoModel12filter_rangeEtf @ 0x6a15c0
GUIDED: _ZN10ServoModel12apply_filterEff @ 0x6a1660
GUIDED: _ZN10ServoModel19apply_simple_filterEff @ 0x6a1a60
GUIDED: _ZN13LowPassFilterIfE20set_cutoff_frequencyERKf @ 0xacd5d0
GUIDED: _ZN13LowPassFilterIfE5applyERKfS2_ @ 0xacd640
GUIDED: _ZN10ServoModel12filter_angleEtf @ 0x6a1c90
GUIDED: _Z11is_positived @ 0xacddb0
GUIDED: _ZN7Vector3IfE9normalizeEv @ 0xace590
GUIDED: _ZN4SITL5Plane6updateERK10sitl_input @ 0x6b50d0
GUIDED: _ZN4SITL5Plane16calculate_forcesERK10sitl_inputR7Vector3IfE @ 0x6b52a0
GUIDED: _ZL2sqf.15869 @ 0x6b5d30
GUIDED: _ZNK4SITL5Plane8getForceEfff @ 0x6b6380
GUIDED: _ZNK4SITL5Plane9getTorqueEffffRK7Vector3IfE @ 0x6b6c00
GUIDED: _ZN4SITL8Aircraft9add_noiseEf @ 0x6b7270
GUIDED: _ZNK4SITL5Plane9liftCoeffEf @ 0x6b7520
GUIDED: _ZNK4SITL5Plane9dragCoeffEf @ 0x6b7840
GUIDED: _ZN7Vector3IdEmIERKS0_ @ 0xad8810
GUIDED: _ZL7radiansd.17180 @ 0x6c1930
GUIDED: _ZN7HALSITL7Storage10read_blockEPvtm @ 0x6d4260
GUIDED: _ZN7HALSITL7Storage11_timer_tickEv @ 0x6d4450
GUIDED: _ZNK7BitmaskILt2048EE5emptyEv @ 0xad9f80
GUIDED: _ZN7HALSITL7Storage13_storage_openEv @ 0x6d4e40
GUIDED: _ZNK7NavEKF317option_is_enabledENS_6OptionE @ 0xadbb40
GUIDED: _ZNK6AP_DAL6millisEv @ 0xadbbc0
GUIDED: _ZNK12NavEKF3_core10errorScoreEv @ 0x6e1ae0
GUIDED: _ZNK12NavEKF3_core16have_aligned_yawEv @ 0xadbc10
GUIDED: _ZNK12NavEKF3_core17have_aligned_tiltEv @ 0xadbc70
GUIDED: _ZN7Vector2IdEC2Ev @ 0xadbcd0
GUIDED: _ZNK12NavEKF3_core8getPosNEER7Vector2IdE @ 0x6e23c0
GUIDED: _ZNK7Vector3IdE2xyEv @ 0xadbdc0
GUIDED: _ZNK7Vector2IdE8todoubleEv @ 0xadbe10
GUIDED: _ZNK7Vector2IdEplERKS0_ @ 0xadbe70
GUIDED: _ZNK8Location23get_distance_NE_postypeERKS_ @ 0x6e2660
GUIDED: _ZNK10AP_DAL_GPS6statusEh @ 0xadbf00
GUIDED: _ZNK12NavEKF3_core14getEulerAnglesER7Vector3IfE @ 0x6e27c0
GUIDED: _ZNK11QuaternionTIdE8to_eulerER7Vector3IfE @ 0xadbf70
GUIDED: _ZNK6AP_DAL8get_trimEv @ 0xadbff0
GUIDED: _ZNK11QuaternionTIdE8to_eulerERfS1_S1_ @ 0xadc050
GUIDED: _ZNK11QuaternionTIdE14get_euler_rollEv @ 0xadc110
GUIDED: _ZNK11QuaternionTIdE15get_euler_pitchEv @ 0xadc1c0
GUIDED: _ZNK11QuaternionTIdE13get_euler_yawEv @ 0xadc240
GUIDED: _Z9safe_asinIdEfT_ @ 0xadc2f0
GUIDED: _ZL3MAXIfdEDTqugtfp_fp0_fp_fp0_ERKT_RKT0_.5263 @ 0x6e2880
GUIDED: _ZNK12NavEKF3_core20assume_zero_sideslipEv @ 0x6e2920
GUIDED: _ZN6AP_DAL8airspeedEv @ 0xadc3d0
GUIDED: _ZNK15AP_DAL_Airspeed15get_num_sensorsEv @ 0xadc420
GUIDED: _ZNK6AP_DAL15get_fly_forwardEv @ 0xadc470
GUIDED: _ZNK6AP_DAL17get_vehicle_classEv @ 0xadc4e0
GUIDED: _ZNK12NavEKF2_core10errorScoreEv @ 0x6e2b10
GUIDED: _ZNK12NavEKF2_core8getPosNEER7Vector2IdE @ 0x6e3210
GUIDED: _ZNK10AP_DAL_GPS14primary_sensorEv @ 0xadc530
GUIDED: _ZNK12NavEKF2_core14getEulerAnglesER7Vector3IfE @ 0x6e3460
GUIDED: _ZN19RestrictIDTypeArrayIP17CompassCalibratorLj3E14typesafe_indexIh12TAG_PriorityEEixERKS4_ @ 0xadc640
GUIDED: _ZNK6AP_GPS15time_epoch_usecEv @ 0xadcf50
GUIDED: _ZNK9AP_Logger10should_logEj @ 0x6eca50
GUIDED: _ZNK6AP_GPS9time_weekEh @ 0xadd0c0
GUIDED: _ZNK6AP_GPS12time_week_msEh @ 0xadd130
GUIDED: _ZNK7AP_AHRS13get_pitch_degEv @ 0xadd1f0
GUIDED: _ZNK6AP_GPS15time_epoch_usecEh @ 0x6ed2f0
GUIDED: _ZNK14AP_GPS_Backend16get_last_itow_msEv @ 0x6ed460
GUIDED: _ZN6AP_GPS23istate_time_to_epoch_msEtj @ 0x6ed520
GUIDED: _ZN7AP_ADSB13check_startupEv @ 0x6ef090
GUIDED: _ZNK7Vector2IfE6is_nanEv @ 0xade070
GUIDED: _ZNK10AP_Gripper7enabledEv @ 0xadebc0
GUIDED: _ZN10AP_Vehicle13update_armingEv @ 0x6fc030
GUIDED: _ZN7FunctorIvJEE14method_wrapperI10AP_VehicleXadL_ZNS2_13update_armingEvEEEEvPv @ 0xadfc40
GUIDED: _ZN9AP_Arming6updateEv @ 0x6fc080
GUIDED: _ZN8AP_Stats6updateEv @ 0x6fc170
GUIDED: _ZN7FunctorIvJEE14method_wrapperI8AP_StatsXadL_ZNS2_6updateEvEEEEvPv @ 0xadfcf0
GUIDED: _ZN10AP_Filters6updateEv @ 0x6fc610
GUIDED: _ZN7FunctorIvJEE14method_wrapperI10AP_FiltersXadL_ZNS2_6updateEvEEEEvPv @ 0xadfe30
GUIDED: _ZN10AP_Vehicle17check_motor_noiseEv @ 0x6fd750
GUIDED: _ZN7FunctorIvJEE14method_wrapperI10AP_VehicleXadL_ZNS2_17check_motor_noiseEvEEEEvPv @ 0xae06e0
GUIDED: _ZNK10AP_GyroFFT15check_esc_noiseEv @ 0xae0790
GUIDED: _ZNK17NotchFilterParams7enabledEv @ 0xae09c0
GUIDED: _ZN10AP_Vehicle13one_Hz_updateEv @ 0x6fde30
GUIDED: _ZN7FunctorIvJEE14method_wrapperI10AP_VehicleXadL_ZNS2_13one_Hz_updateEvEEEEvPv @ 0xae0a10
GUIDED: _ZN12AP_Scripting6updateEv @ 0x6fdf10
GUIDED: _ZN16AP_SerialManager20registered_ports_logEv @ 0x6fdf60
GUIDED: _ZN12AP_Scripting13save_checksumEv @ 0x6fe040
GUIDED: _ZN10AP_Gripper6updateEv @ 0x6fe140
GUIDED: _ZN7FunctorIvJEE14method_wrapperI10AP_GripperXadL_ZNS2_6updateEvEEEEvPv @ 0xae0b50
GUIDED: _ZN6AP_EFI6updateEv @ 0x6fe2b0
GUIDED: _ZN7FunctorIvJEE14method_wrapperI6AP_EFIXadL_ZNS2_6updateEvEEEEvPv @ 0xae0c00
GUIDED: _ZN6AP_AIS6updateEv @ 0x6fe730
GUIDED: _ZN7FunctorIvJEE14method_wrapperI6AP_AISXadL_ZNS2_6updateEvEEEEvPv @ 0xae0cb0
GUIDED: _ZN8AC_Fence6updateEv @ 0x6fe780
GUIDED: _ZN7FunctorIvJEE14method_wrapperI8AC_FenceXadL_ZNS2_6updateEvEEEEvPv @ 0xae0d60
GUIDED: _ZN19AC_PolyFence_loader6updateEv @ 0x6fe8b0
GUIDED: _ZN19AC_PolyFence_loader17load_from_storageEv @ 0x6fe9a0
GUIDED: _ZN10AP_Vehicle16accel_cal_updateEv @ 0x6ffe00
GUIDED: _ZN7FunctorIvJEE14method_wrapperI10AP_VehicleXadL_ZNS2_16accel_cal_updateEvEEEEvPv @ 0xae0f40
GUIDED: _ZN20AP_TemperatureSensor6updateEv @ 0x7015a0
GUIDED: _ZN7FunctorIvJEE14method_wrapperI20AP_TemperatureSensorXadL_ZNS2_6updateEvEEEEvPv @ 0xae1040
GUIDED: _ZN10AP_Vehicle16publish_osd_infoEv @ 0x701860
GUIDED: _ZN7FunctorIvJEE14method_wrapperI10AP_VehicleXadL_ZNS2_16publish_osd_infoEvEEEEvPv @ 0xae1190
GUIDED: _ZN6AP_OSD12set_nav_infoERNS_7NavInfoE @ 0x701980
GUIDED: _ZN6AP_RPM6updateEv @ 0x7019f0
GUIDED: _ZN7FunctorIvJEE14method_wrapperI6AP_RPMXadL_ZNS2_6updateEvEEEEvPv @ 0xae1240
GUIDED: _ZNK6AP_RPM7Log_RPMEv @ 0x701bd0
GUIDED: _ZNK6AP_RPM7enabledEh @ 0x701cf0
GUIDED: _ZN14AP_OpenDroneID6updateEv @ 0x701da0
GUIDED: _ZN7FunctorIvJEE14method_wrapperI14AP_OpenDroneIDXadL_ZNS2_6updateEvEEEEvPv @ 0xae1360
GUIDED: _ZNK6AP_GPS8velocityEv @ 0xae2c00
GUIDED: _ZNK7AP_AHRS18groundspeed_vectorEv @ 0xae2c60
GUIDED: _ZNK6AP_GPS19horizontal_accuracyERf @ 0xae2d40
GUIDED: _ZNK6AP_GPS17vertical_accuracyERf @ 0xae2dc0
GUIDED: _ZNK6AP_GPS14speed_accuracyERf @ 0xae2e40
GUIDED: _ZNK6AP_GPS14speed_accuracyEhRf @ 0x706a10
GUIDED: _ZNK6AP_GPS17vertical_accuracyEhRf @ 0x706ae0
GUIDED: _ZNK6AP_GPS19horizontal_accuracyEhRf @ 0x706bb0
GUIDED: _ZNK6AP_GPS14get_undulationEhRf @ 0x706c80
GUIDED: _ZNK6AP_GPS8velocityEh @ 0xae2ec0
GUIDED: _ZN12AP_Generator6updateEv @ 0x706d50
GUIDED: _ZN7FunctorIvJEE14method_wrapperI12AP_GeneratorXadL_ZNS2_6updateEvEEEEvPv @ 0xae2f90
GUIDED: _ZN14AP_Servo_Telem6updateEv @ 0x706dc0
GUIDED: _ZN7FunctorIvJEE14method_wrapperI14AP_Servo_TelemXadL_ZNS2_6updateEvEEEEvPv @ 0xae3040
GUIDED: _ZN14AP_Servo_Telem9write_logEv @ 0x706e10
GUIDED: _ZN12AP_ESC_Telem6updateEv @ 0x7072c0
GUIDED: _ZN7FunctorIvJEE14method_wrapperI12AP_ESC_TelemXadL_ZNS2_6updateEvEEEEvPv @ 0xae30f0
GUIDED: _ZNK12AP_ESC_Telem11get_raw_rpmEhRf @ 0x707700
GUIDED: _ZN6AP_HAL15timeout_expiredIjjmEEbT_T0_T1_ @ 0xae31a0
GUIDED: _ZN10AP_Vehicle30send_watchdog_reset_statustextEv @ 0x7077d0
GUIDED: _ZN7FunctorIvJEE14method_wrapperI10AP_VehicleXadL_ZNS2_30send_watchdog_reset_statustextEvEEEEvPv @ 0xae3220
GUIDED: _ZN8AP_Tramp6updateEv @ 0x707930
GUIDED: _ZN7FunctorIvJEE14method_wrapperI8AP_TrampXadL_ZNS2_6updateEvEEEEvPv @ 0xae32d0
GUIDED: _ZN10AP_VideoTX6updateEv @ 0x708910
GUIDED: _ZN7FunctorIvJEE14method_wrapperI10AP_VideoTXXadL_ZNS2_6updateEvEEEEvPv @ 0xae3500
GUIDED: _ZN10AP_Vehicle38update_dynamic_notch_at_specified_rateEv @ 0x708b40
GUIDED: _ZN7FunctorIvJEE14method_wrapperI10AP_VehicleXadL_ZNS2_38update_dynamic_notch_at_specified_rateEvEEEEvPv @ 0xae35b0
GUIDED: _ZNK25HarmonicNotchFilterParams9hasOptionENS_7OptionsE @ 0xae3660
GUIDED: _ZN10AP_Vehicle20update_dynamic_notchERN17AP_InertialSensor13HarmonicNotchE @ 0x708c90
GUIDED: _ZN10AP_GyroFFT17update_parametersEv @ 0xae3a10
GUIDED: _ZN7FunctorIvJEE14method_wrapperI10AP_GyroFFTXadL_ZNS2_17update_parametersEvEEEEvPv @ 0xae3a60
GUIDED: _ZN10AP_GyroFFT17update_parametersEb @ 0x709ef0
GUIDED: _ZN10AP_GyroFFT6updateEv @ 0x70a290
GUIDED: _ZN7FunctorIvJEE14method_wrapperI10AP_GyroFFTXadL_ZNS2_6updateEvEEEEvPv @ 0xae3b10
GUIDED: _ZN14AP_NMEA_Output6updateEv @ 0x70a420
GUIDED: _ZN7FunctorIvJEE14method_wrapperI14AP_NMEA_OutputXadL_ZNS2_6updateEvEEEEvPv @ 0xae3bc0
GUIDED: _ZN7FunctorIvJEE14method_wrapperI9AP_NotifyXadL_ZNS2_6updateEvEEEEvPv @ 0xae3c70
GUIDED: _ZN7Compass10cal_updateEv @ 0x70b490
GUIDED: _ZN7FunctorIvJEE14method_wrapperI7CompassXadL_ZNS2_10cal_updateEvEEEEvPv @ 0xae3d20
GUIDED: _ZN11AP_Airspeed6updateEv @ 0x70bfe0
GUIDED: _ZN7FunctorIvJEE14method_wrapperI11AP_AirspeedXadL_ZNS2_6updateEvEEEEvPv @ 0xae3e30
GUIDED: _ZN11AP_Airspeed4readEh @ 0x70c1d0
GUIDED: _ZN11AP_Airspeed21check_sensor_failuresEv @ 0x70c9f0
GUIDED: _ZN11AP_Airspeed12Log_AirspeedEv @ 0x70ca70
GUIDED: _ZNK11AP_Airspeed16get_raw_airspeedEh @ 0x70cd40
GUIDED: _ZNK11AP_Airspeed25get_differential_pressureEh @ 0x70cdf0
GUIDED: _ZNK11AP_Airspeed22get_corrected_pressureEh @ 0x70ce90
GUIDED: _ZNK11AP_Airspeed10get_offsetEh @ 0x70cf30
GUIDED: _ZNK11AP_Airspeed22get_health_probabilityEh @ 0xae3ee0
GUIDED: _ZNK11AP_Airspeed14get_test_ratioEh @ 0xae3f50
GUIDED: _ZNK11AP_Airspeed11get_primaryEv @ 0xae3fc0
GUIDED: _ZN11AP_Airspeed35check_sensor_ahrs_wind_max_failuresEh @ 0x70cff0
GUIDED: _ZNK7AP_AHRS20airspeed_health_dataERfS0_Rj @ 0x70d910
GUIDED: _ZL3MAXI9AP_ParamTIfL11ap_var_type4EEfEDTqugtfp_fp0_fp_fp0_ERKT_RKT0_.19060 @ 0x70da00
GUIDED: _ZNK7NavEKF319getAirSpdHealthDataERfS0_Rj @ 0x70da90
GUIDED: _ZNK12NavEKF3_core19getAirSpdHealthDataERfS0_Rj @ 0x70db60
GUIDED: _ZN10AP_GyroFFT12sample_gyrosEv @ 0x70e290
GUIDED: _ZN7FunctorIvJEE14method_wrapperI10AP_GyroFFTXadL_ZNS2_12sample_gyrosEvEEEEvPv @ 0xae4010
GUIDED: _ZN10AP_Vehicle4loopEv @ 0x70eb30
GUIDED: _ZN12AP_Scheduler4loopEv @ 0x70edd0
GUIDED: _ZN12AP_Scheduler17get_loop_period_sEv @ 0xae7000
GUIDED: _ZN17AP_InertialSensor15wait_for_sampleEv @ 0x70f370
GUIDED: _ZN12AP_Scheduler4tickEv @ 0x70f8b0
GUIDED: _ZN12AP_Scheduler3runEj @ 0x70f910
GUIDED: _ZN2AP8PerfInfo15check_loop_timeEj @ 0x70fec0
GUIDED: _ZL15fill_nanf_stackv @ 0x710050
GUIDED: _ZN2AP8PerfInfo16update_task_infoEhtb @ 0x7100a0
GUIDED: _ZNK7AP_AHRS14get_accel_biasEv @ 0xae73b0
GUIDED: _ZNK6AP_GPS15ground_speed_cmEv @ 0xae7410
GUIDED: _ZNK7AP_AHRS24_get_primary_accel_indexEv @ 0x716980
GUIDED: _ZNK7AP_AHRS22_get_primary_IMU_indexEv @ 0x7169d0
GUIDED: _ZNK7NavEKF322getPrimaryCoreIMUIndexEv @ 0x716b30
GUIDED: _ZNK17AP_InertialSensor21get_first_usable_gyroEv @ 0xae7470
GUIDED: _ZNK12NavEKF3_core11getIMUIndexEv @ 0xae74c0
GUIDED: _ZNK14AP_BattMonitor17has_cell_voltagesEh @ 0x716c60
GUIDED: _ZN2AP3EFIEv @ 0x7174b0
GUIDED: _ZN6AP_EFI13get_singletonEv @ 0xae7e50
GUIDED: _ZN16FilterWithBufferIfLh5EE5applyEf @ 0xae8450
GUIDED: _ZN7FunctorIvJEE14method_wrapperI10AP_VehicleXadL_ZNS2_18fence_checks_asyncEvEEEEvPv @ 0xae87f0
GUIDED: _ZN13AP_Filesystem5writeEiPKvj @ 0x718120
GUIDED: _ZNK11AP_ICEngine29allow_throttle_while_disarmedEv @ 0x720150
GUIDED: _ZNK11AP_ICEngine10option_setENS_7OptionsE @ 0xaebd00
GUIDED: _ZL3MAXIjjEDTqugtfp_fp0_fp_fp0_ERKT_RKT0_.5212 @ 0x726770
GUIDED: _ZN15ekf_ring_buffer4pushEPKv @ 0x7267f0
GUIDED: _ZNK15ekf_ring_buffer10get_offsetEh @ 0x7268f0
GUIDED: _ZL3MAXIjjEDTqugtfp_fp0_fp_fp0_ERKT_RKT0_.20153 @ 0x726b00
GUIDED: _ZL7radiansf.5217 @ 0x727c90
GUIDED: _ZL3MAXIffEDTqugtfp_fp0_fp_fp0_ERKT_RKT0_.5204 @ 0x727ce0
GUIDED: _ZN11QuaternionTIdEC2Edddd @ 0xaed620
GUIDED: _ZN11QuaternionTIfEmLERKS0_ @ 0xaed6d0
GUIDED: _ZNK7AP_AHRS38get_relative_position_NED_origin_floatER7Vector3IfE @ 0x728030
GUIDED: _ZNK7AP_AHRS32get_relative_position_NED_originER7Vector3IdE @ 0x728200
GUIDED: _ZNK7NavEKF38getPosNEER7Vector2IdE @ 0x7284a0
GUIDED: _ZNK11AP_AHRS_SIM12get_locationER8Location @ 0x7287d0
GUIDED: _ZN2AP5statsEv @ 0x72ab70
GUIDED: _ZN8AP_Stats13get_singletonEv @ 0xaee5c0
GUIDED: _ZN19AP_Airspeed_Backend12has_airspeedEv @ 0xaeef80
GUIDED: _ZN19AP_Airspeed_Backend14get_hygrometerERjRfS1_ @ 0xaef0f0
GUIDED: _ZNK19AP_Airspeed_Backend7get_pinEv @ 0x731630
GUIDED: _ZN18AP_Airspeed_Analog25get_differential_pressureERf @ 0x731700
GUIDED: _ZN18AP_Airspeed_Analog15get_temperatureERf @ 0xaf0320
GUIDED: _ZNK19AP_Airspeed_Backend13get_psi_rangeEv @ 0x7317f0
GUIDED: _ZNK7AP_AHRS8get_gyroEv @ 0xaf0e20
GUIDED: _ZNK7AP_AHRS17airspeed_estimateERf @ 0x755dc0
GUIDED: _ZNK17AP_InertialSensor20get_vibration_levelsEv @ 0xaf0e80
GUIDED: _ZNK17AP_InertialSensor20get_vibration_levelsEh @ 0x755ec0
GUIDED: _ZNK10DigitalLPFI7Vector3IfEE3getEv @ 0xaf0f00
GUIDED: _ZNK11QuaternionTIdE7is_zeroEv @ 0xaf0fb0
GUIDED: _ZN12NavEKF3_core18getEarthFieldTableERK8Location @ 0x7571e0
GUIDED: _ZN14AP_Declination15get_declinationEff @ 0x7572e0
GUIDED: _ZNK12NavEKF3_core14MagDeclinationEv @ 0x757370
GUIDED: _ZN12NavEKF3_core15FuseDeclinationEd @ 0x7575d0
GUIDED: _ZN18NavEKF_core_common10zero_rangeEPdhh @ 0xaf1150
GUIDED: _ZN12NavEKF3_core13ForceSymmetryEv @ 0x758630
GUIDED: _ZN12NavEKF3_core18ConstrainVariancesEv @ 0x758780
GUIDED: _ZN11QuaternionTIdE9normalizeEv @ 0xaf11e0
GUIDED: _ZNK11QuaternionTIdE6lengthEv @ 0xaf12c0
GUIDED: _Z20constrain_value_lineIdET_S0_S0_S0_j @ 0xaf1380
GUIDED: _ZNK9AP_ParamTIfL11ap_var_type4EEcvdEv @ 0xaf1500
GUIDED: _ZL7radiansf.5420 @ 0x7591f0
GUIDED: _ZL2sqf.5342 @ 0x759d10
GUIDED: _ZNK8Location21get_distance_NE_ftypeERKS_ @ 0x759e60
GUIDED: _ZN16EKF_IMU_buffer_tIN12NavEKF3_core15output_elementsEEixEj @ 0xaf1620
GUIDED: _ZNK14ekf_imu_buffer3getEh @ 0x75a110
GUIDED: _ZNK14ekf_imu_buffer10get_offsetEh @ 0x75a170
GUIDED: _ZNK14AP_BattMonitor11consumed_whERfh @ 0x75bd10
GUIDED: _ZNK14AP_BattMonitor18overpower_detectedEh @ 0x75be00
GUIDED: _ZNK6AP_GPS8get_vdopEh @ 0xaf1780
GUIDED: _ZNK6AP_GPS16last_fix_time_msEh @ 0xaf17f0
GUIDED: _ZNK6AP_GPS20last_message_time_msEh @ 0xaf1860
GUIDED: _ZNK6AP_GPS22have_vertical_velocityEh @ 0xaf18d0
GUIDED: _ZNK6AP_GPS18get_antenna_offsetEh @ 0x75df80
GUIDED: _ZNK14AP_GPS_Blended18get_antenna_offsetEv @ 0xaf1950
GUIDED: _ZNK6AP_GPS11gps_yaw_degEhRfS0_Rj @ 0x75e050
GUIDED: _ZNK6AP_GPS11is_rtk_baseEh @ 0x75e240
GUIDED: _ZNK6AP_GPS12have_gps_yawEh @ 0xaf19a0
GUIDED: _ZNK11RangeFinder15has_orientationE8Rotation @ 0x760100
GUIDED: _ZNK11RangeFinder13status_orientE8Rotation @ 0x760440
GUIDED: _ZNK3GCS29sysid_mygcs_last_seen_time_msEv @ 0xaf1df0
GUIDED: _ZNK10AP_Vehicle18get_time_flying_msEv @ 0xaf1f50
GUIDED: _ZN12SRV_Channels23get_output_channel_maskEN11SRV_Channel8FunctionE @ 0x765da0
GUIDED: _ZN11SRV_Channel9output_chEv @ 0x766bc0
GUIDED: _ZNK10RC_Channel13norm_input_dzEv @ 0x766f20
GUIDED: _ZN11SRV_Channel12set_overrideEb @ 0xaf2150
GUIDED: _ZN12SRV_Channels17set_output_scaledEN11SRV_Channel8FunctionEf @ 0x7674e0
GUIDED: _ZNK10AP_Mission5stateEv @ 0xaf2510
GUIDED: _ZN19AP_ServoRelayEvents13update_eventsEv @ 0x770150
GUIDED: _ZNK9QuadPlane18in_assisted_flightEv @ 0xaf2e40
GUIDED: _ZN9QuadPlane15PosControlState9set_stateENS_22position_control_stateE @ 0x772090
GUIDED: _ZN11QuaternionTIfE15from_axis_angleE7Vector3IfE @ 0xaf2f20
GUIDED: _ZNK9AP_Follow11have_targetEv @ 0x776a70
GUIDED: _ZN9AP_Follow13get_singletonEv @ 0xaf3a20
GUIDED: _ZNK6AC_PID12get_pid_infoEv @ 0xaf3ba0
GUIDED: _ZN12AP_Scripting19is_handling_commandEt @ 0x77bc40
GUIDED: _ZNK7Vector3IfE6is_infEv @ 0xaf4740
GUIDED: _ZN7Vector2IfE9normalizeEv @ 0xaf4a70
GUIDED: _ZN7Vector2IfEdVEf @ 0xaf4ad0
GUIDED: _ZNK7Vector2IfE6is_infEv @ 0xaf4b50
GUIDED: _ZL3MAXIjjEDTqugtfp_fp0_fp_fp0_ERKT_RKT0_.6748 @ 0x7ae880
GUIDED: _ZN9AP_Logger19file_content_updateEv @ 0x7aea80
GUIDED: _ZN9AP_Logger19file_content_updateERNS_11FileContentE @ 0x7aebe0
GUIDED: _ZN17AP_Logger_Backend14periodic_tasksEv @ 0x7b1440
GUIDED: _ZN17AP_Logger_Backend24WriteMoreStartupMessagesEv @ 0x7b1910
GUIDED: _ZNK17AP_Logger_Backend15logging_enabledEv @ 0x7b3930
GUIDED: _ZN17AP_Logger_Backend13periodic_10HzEj @ 0x7b3a60
GUIDED: _ZN17AP_Logger_Backend12periodic_1HzEv @ 0x7b3ab0
GUIDED: _ZN17AP_Logger_Backend15push_log_blocksEv @ 0x7b3b40
GUIDED: _ZN17AP_Logger_Backend12df_stats_logEv @ 0x7b3ba0
GUIDED: _ZN17AP_Logger_Backend26Write_AP_Logger_Stats_FileERKNS_8df_statsE @ 0x7b3c10
GUIDED: _ZN17AP_Logger_Backend14df_stats_clearEv @ 0x7b3d20
GUIDED: _ZNK17AP_Logger_Backend31critical_message_reserved_spaceEj @ 0xaf6ae0
GUIDED: _ZN17AP_Logger_Backend15df_stats_gatherEtj @ 0x7b61f0
GUIDED: _ZNK14AP_Logger_File15logging_startedEv @ 0xaf6f70
GUIDED: _ZN14AP_Logger_File21bufferspace_availableEv @ 0x7b8ef0
GUIDED: _ZNK14AP_Logger_File14logging_failedEv @ 0x7b9500
GUIDED: _ZN14AP_Logger_File8io_timerEv @ 0x7b95c0
GUIDED: _ZN14AP_Logger_File12periodic_1HzEv @ 0x7b9b90
GUIDED: _ZN14AP_Logger_File17periodic_fullrateEv @ 0x7b9e40
GUIDED: _ZNK14AP_Logger_File8WritesOKEv @ 0x7b9e90
GUIDED: _ZNK14AP_Logger_File13StartNewLogOKEv @ 0x7b9f20
GUIDED: _ZN14AP_Logger_File22_WritePrioritisedBlockEPKvtb @ 0x7ba0d0
GUIDED: _ZN7AP_AHRS6updateEb @ 0x7ba340
GUIDED: _ZN7AP_AHRS18update_orientationEv @ 0x7ba680
GUIDED: _ZN17AP_InertialSensor6updateEv @ 0x7ba780
GUIDED: _ZN7AP_AHRS29update_trim_rotation_matricesEv @ 0x7badf0
GUIDED: _ZN7AP_AHRS10update_DCMEv @ 0x7baf00
GUIDED: _ZN7AP_AHRS12update_flagsEv @ 0x7bafa0
GUIDED: _ZN7AP_AHRS11update_SITLEv @ 0x7bb060
GUIDED: _ZN7AP_AHRS15update_externalEv @ 0x7bb110
GUIDED: _ZN7AP_AHRS11update_EKF2Ev @ 0x7bb230
GUIDED: _ZN7AP_AHRS11update_EKF3Ev @ 0x7bb720
GUIDED: _ZNK7AP_AHRS14get_gyro_driftEv @ 0xaf6fd0
GUIDED: _ZN7AP_AHRS14update_AOA_SSAEv @ 0x7bbf10
GUIDED: _ZNK7AP_AHRS16_active_EKF_typeEv @ 0x7bc170
GUIDED: _ZN7AP_AHRS12update_stateEv @ 0x7bc6a0
GUIDED: _ZNK7AP_AHRS23_get_primary_gyro_indexEv @ 0x7bc940
GUIDED: _ZNK7AP_AHRS23_get_primary_core_indexEv @ 0x7bc9f0
GUIDED: _ZNK7AP_AHRS14_wind_estimateER7Vector3IfE @ 0x7bcac0
GUIDED: _ZN15AP_AHRS_Backend11get_EAS2TASEv @ 0x7bcbf0
GUIDED: _ZNK7AP_AHRS13_airspeed_EASERfRNS_20AirspeedEstimateTypeE @ 0x7bcc30
GUIDED: _ZNK7AP_AHRS13_airspeed_TASERf @ 0x7bd1b0
GUIDED: _ZNK7AP_AHRS13_airspeed_TASER7Vector3IfE @ 0x7bd2c0
GUIDED: _ZNK7AP_AHRS15_get_quaternionER11QuaternionTIfE @ 0x7bd3a0
GUIDED: _ZNK7AP_AHRS23_get_secondary_attitudeER7Vector3IfE @ 0x7bd560
GUIDED: _ZNK7AP_AHRS25_get_secondary_quaternionER11QuaternionTIfE @ 0x7bd760
GUIDED: _ZNK7AP_AHRS13_get_locationER8Location @ 0x7bd910
GUIDED: _ZNK7AP_AHRS23_get_secondary_positionER8Location @ 0x7bda90
GUIDED: _ZN7AP_AHRS19_groundspeed_vectorEv @ 0x7bdbe0
GUIDED: _ZN7AP_AHRS12_groundspeedEv @ 0x7bdd10
GUIDED: _ZNK7AP_AHRS29_getCorrectedDeltaVelocityNEDER7Vector3IfERf @ 0x7bdde0
GUIDED: _ZNK7AP_AHRS17_get_velocity_NEDER7Vector3IfE @ 0x7be070
GUIDED: _ZNK7NavEKF39getVelNEDER7Vector3IfE @ 0x7be230
GUIDED: _ZNK12NavEKF3_core9getVelNEDER7Vector3IfE @ 0x7be560
GUIDED: _ZNK12NavEKF2_core9getVelNEDER7Vector3IfE @ 0x7be610
GUIDED: _ZNK7NavEKF312getAccelBiasEaR7Vector3IfE @ 0x7be750
GUIDED: _ZNK17AP_InertialSensor18get_delta_velocityEhR7Vector3IfERf @ 0x7be820
GUIDED: _ZNK7AP_AHRS43get_rotation_autopilot_body_to_vehicle_bodyEv @ 0xaf70c0
GUIDED: _ZNK17AP_InertialSensor14get_delta_timeEv @ 0xaf7110
GUIDED: _ZL3MINIffEDTqultfp_fp0_fp_fp0_ERKT_RKT0_.4188 @ 0x7be9d0
GUIDED: _ZL3MINIffEDTqultfp_fp0_fp_fp0_ERKT_RKT0_.2602 @ 0x7bea60
GUIDED: _ZNK12NavEKF3_core12getAccelBiasER7Vector3IfE @ 0x7beaf0
GUIDED: _ZNK12NavEKF2_core13getAccelZBiasERf @ 0x7bebd0
GUIDED: _ZL7radiansf.2590 @ 0x7bf1e0
GUIDED: _ZNK7AP_AHRS23_get_secondary_EKF_typeERNS_7EKFTypeE @ 0x7bf230
GUIDED: _ZNK7NavEKF36getLLHER8Location @ 0x7bf420
GUIDED: _ZNK12NavEKF3_core6getLLHER8Location @ 0x7bf4c0
GUIDED: _ZNK10AP_DAL_GPS6statusEv @ 0xaf7380
GUIDED: _ZNK7AP_AHRS24fallback_active_EKF_typeEv @ 0x7bfa90
GUIDED: _ZNK11AP_AHRS_DCM14get_quaternionER11QuaternionTIfE @ 0x7bfae0
GUIDED: _ZNK7NavEKF313getQuaternionER11QuaternionTIfE @ 0x7bfbe0
GUIDED: _ZN11QuaternionTIfE6rotateERK7Vector3IfE @ 0xaf73f0
GUIDED: _ZN15AP_ExternalAHRS14get_quaternionER11QuaternionTIfE @ 0x7bfce0
GUIDED: _ZNK12NavEKF3_core13getQuaternionER11QuaternionTIfE @ 0x7bfd90
GUIDED: _ZNK11QuaternionTIdE7tofloatEv @ 0xaf74a0
GUIDED: _ZNK12NavEKF2_core13getQuaternionER11QuaternionTIfE @ 0x7bfe20
GUIDED: _ZNK7NavEKF314getEulerAnglesER7Vector3IfE @ 0x7bff40
GUIDED: _ZNK7NavEKF312getAirSpdVecER7Vector3IfE @ 0x7c0120
GUIDED: _ZNK12NavEKF3_core12getAirSpdVecER7Vector3IfE @ 0x7c01c0
GUIDED: _ZNK11QuaternionTIdE7inverseEv @ 0xaf7520
GUIDED: _ZNK7AP_AHRS25get_active_airspeed_indexEv @ 0x7c05c0
GUIDED: _ZNK7AP_AHRS27_should_use_airspeed_sensorEh @ 0x7c06c0
GUIDED: _ZNK7AP_AHRS27get_wind_estimation_enabledEv @ 0xaf75d0
GUIDED: _ZNK7NavEKF37getWindER7Vector3IfE @ 0x7c09d0
GUIDED: _ZNK12NavEKF3_core7getWindER7Vector3IfE @ 0x7c0af0
GUIDED: _ZN15AP_AHRS_Backend23airspeed_sensor_enabledEh @ 0xaf7690
GUIDED: _ZNK7AP_AHRS23airspeed_sensor_enabledEh @ 0xaf7770
GUIDED: _ZNK7AP_AHRS10option_setENS_7OptionsE @ 0xaf77d0
GUIDED: _ZNK7NavEKF317getActiveAirspeedEv @ 0x7c0cc0
GUIDED: _ZNK12NavEKF3_core17getActiveAirspeedEv @ 0x7c0d50
GUIDED: _ZNK7AP_Baro12_get_EAS2TASEv @ 0x7c0da0
GUIDED: _ZNK7AP_Baro20get_EAS2TAS_extendedEf @ 0x7c0e10
GUIDED: _ZNK12NavEKF2_core7getWindER7Vector3IfE @ 0x7c0fe0
GUIDED: _ZNK7NavEKF219getPrimaryCoreIndexEv @ 0x7c1070
GUIDED: _ZNK7NavEKF319getPrimaryCoreIndexEv @ 0x7c10e0
GUIDED: _ZNK7NavEKF326configuredToUseGPSForPosXYEv @ 0x7c1300
GUIDED: _ZNK11AP_AHRS_DCM20yaw_source_availableEv @ 0x7c1380
GUIDED: _ZNK16AP_NavEKF_Source14getPosXYSourceEh @ 0xaf7930
GUIDED: _ZL7degreesf.2538 @ 0x7c13e0
GUIDED: _ZNK7AP_AHRS9calc_trigERK7Matrix3IfERfS4_S4_S4_S4_S4_ @ 0x7c1480
GUIDED: _ZNK9AP_Logger15allow_start_ekfEv @ 0x7c1870
GUIDED: _ZN7NavEKF312UpdateFilterEv @ 0x7c1f40
GUIDED: _ZNK7NavEKF320getRotationBodyToNEDER7Matrix3IfE @ 0x7c2510
GUIDED: _ZN7AP_AHRS16update_cd_valuesEv @ 0x7c25a0
GUIDED: _ZN7AP_AHRS11update_trigEv @ 0x7c26e0
GUIDED: _ZNK17AP_InertialSensor22get_first_usable_accelEv @ 0xaf79b0
GUIDED: _ZNK7NavEKF311getGyroBiasEaR7Vector3IfE @ 0x7c27c0
GUIDED: _ZN7AP_AHRS32update_notify_from_filter_statusERK17nav_filter_status @ 0x7c2890
GUIDED: _ZNK12NavEKF3_core11getGyroBiasER7Vector3IfE @ 0x7c2940
GUIDED: _ZN6AP_DAL11start_frameENS_9FrameTypeE @ 0x7c2a20
GUIDED: _ZNK6AP_DAL8micros64Ev @ 0xaf7a00
GUIDED: _ZNK12NavEKF3_core21getFramesSincePredictEv @ 0x7c2f00
GUIDED: _ZN6AP_DAL22ekf_low_time_remainingENS_7EKFTypeEh @ 0x7c2f60
GUIDED: _ZN12NavEKF3_core12UpdateFilterEb @ 0x7c30a0
GUIDED: _ZNK6AP_DAL9get_armedEv @ 0xaf7a50
GUIDED: _ZN7NavEKF321updateCoreErrorScoresEv @ 0x7c32d0
GUIDED: _ZN7NavEKF324updateCoreRelativeErrorsEv @ 0x7c3390
GUIDED: _ZNK7NavEKF315coreBetterScoreEhh @ 0x7c3530
GUIDED: _ZN16AP_NavEKF_Source22align_inactive_sourcesEv @ 0x7c3730
GUIDED: _ZNK16AP_NavEKF_Source13getPosZSourceEh @ 0x7c39e0
GUIDED: _ZNK7AP_EnumIN16AP_NavEKF_Source7SourceZEEcvKS1_Ev @ 0xaf7b30
GUIDED: _ZL3MAXI9AP_ParamTIfL11ap_var_type4EEfEDTqugtfp_fp0_fp_fp0_ERKT_RKT0_ @ 0x7c3bc0
GUIDED: _ZN18NavEKF_core_common22fill_scratch_variablesEv @ 0x7c3c50
GUIDED: _ZN12NavEKF3_core23update_sensor_selectionEv @ 0x7c3cf0
GUIDED: _ZN12NavEKF3_core18controlFilterModesEv @ 0x7c3d60
GUIDED: _ZN12NavEKF3_core11readIMUDataEb @ 0x7c3e30
GUIDED: _ZN12NavEKF3_core27UpdateStrapdownEquationsNEDEv @ 0x7c4700
GUIDED: _ZN12NavEKF3_core20CovariancePredictionEP7Vector3IdE @ 0x7c4be0
GUIDED: _ZN12NavEKF3_core25runYawEstimatorPredictionEv @ 0x7cf3d0
GUIDED: _ZN12NavEKF3_core15SelectMagFusionEv @ 0x7cf530
GUIDED: _ZN12NavEKF3_core18SelectVelPosFusionEv @ 0x7d0260
GUIDED: _ZN12NavEKF3_core25runYawEstimatorCorrectionEv @ 0x7d0c20
GUIDED: _ZN12NavEKF3_core18SelectRngBcnFusionEv @ 0x7d0e10
GUIDED: _ZN12NavEKF3_core16SelectFlowFusionEv @ 0x7d0f40
GUIDED: _ZN12NavEKF3_core20SelectBodyOdomFusionEv @ 0x7d1220
GUIDED: _ZN12NavEKF3_core15SelectTasFusionEv @ 0x7d14d0
GUIDED: _ZN12NavEKF3_core20SelectBetaDragFusionEv @ 0x7d15d0
GUIDED: _ZN12NavEKF3_core18updateFilterStatusEv @ 0x7d1890
GUIDED: _ZN12NavEKF3_core13moveEKFOriginEv @ 0x7d21d0
GUIDED: _ZN12NavEKF3_core21checkUpdateEarthFieldEv @ 0x7d2380
GUIDED: _ZN12NavEKF3_core16calcOutputStatesEv @ 0x7d2440
GUIDED: _ZN12NavEKF3_core11readMagDataEv @ 0x7d3790
GUIDED: _ZN12NavEKF3_core11readGpsDataEv @ 0x7d3ca0
GUIDED: _ZN12NavEKF3_core14readGpsYawDataEv @ 0x7d4630
GUIDED: _ZN12NavEKF3_core12readBaroDataEv @ 0x7d4760
GUIDED: _ZN6AP_DAL3insEv @ 0xaf7be0
GUIDED: _ZNK21AP_DAL_InertialSensor9get_accelEh @ 0xaf7c30
GUIDED: _ZL2sqf.5403 @ 0x7d6790
GUIDED: _ZNK16AP_NavEKF_Source13useVelZSourceENS_7SourceZEh @ 0x7d6900
GUIDED: _ZNK12NavEKF3_core26CorrectGPSForAntennaOffsetERNS_12gps_elementsE @ 0x7d6a30
GUIDED: _ZNK10AP_DAL_GPS18get_antenna_offsetEh @ 0xaf7f00
GUIDED: _ZNK7Vector3IdErmERKS0_ @ 0xaf7f70
GUIDED: _ZNK7Matrix3IdE13mul_transposeERK7Vector3IdE @ 0xaf8050
GUIDED: _ZN7Vector3IdEdVEd @ 0xaf8160
GUIDED: _ZNK21AP_DAL_InertialSensor16get_loop_delta_tEv @ 0xaf81f0
GUIDED: _ZNK14AP_DAL_Compass16get_first_usableEv @ 0xaf8610
GUIDED: _ZNK11AP_DAL_Baro15get_last_updateEh @ 0xaf8880
GUIDED: _ZNK11AP_DAL_Baro12get_altitudeEh @ 0xaf88f0
GUIDED: _ZN16EKF_obs_buffer_tIN12NavEKF3_core13baro_elementsEE4pushERKS1_ @ 0xaf8960
GUIDED: _ZNK10AP_DAL_GPS11gps_yaw_degEhRfS0_Rj @ 0xaf89d0
GUIDED: _ZL3MAXIfdEDTqugtfp_fp0_fp_fp0_ERKT_RKT0_ @ 0x7d7430
GUIDED: _ZNK10AP_DAL_GPS20last_message_time_msEh @ 0xaf8af0
GUIDED: _ZNK10AP_DAL_GPS7get_lagEhRf @ 0xaf8b60
GUIDED: _ZL3MINIjjEDTqultfp_fp0_fp_fp0_ERKT_RKT0_.5220 @ 0x7d7630
GUIDED: _ZNK10AP_DAL_GPS8velocityEh @ 0xaf8c10
GUIDED: _ZNK10AP_DAL_GPS22have_vertical_velocityEh @ 0xaf8c80
GUIDED: _ZNK10AP_DAL_GPS14speed_accuracyEhRf @ 0xaf8d00
GUIDED: _ZL3MAXIdfEDTqugtfp_fp0_fp_fp0_ERKT_RKT0_.5216 @ 0x7d76b0
GUIDED: _ZL3MINIdfEDTqultfp_fp0_fp_fp0_ERKT_RKT0_ @ 0x7d7750
GUIDED: _ZL3MAXId9AP_ParamTIfL11ap_var_type4EEEDTqugtfp_fp0_fp_fp0_ERKT_RKT0_ @ 0x7d77f0
GUIDED: _ZNK10AP_DAL_GPS19horizontal_accuracyEhRf @ 0xaf8db0
GUIDED: _ZNK10AP_DAL_GPS17vertical_accuracyEhRf @ 0xaf8e60
GUIDED: _ZNK10AP_DAL_GPS8num_satsEh @ 0xaf8f10
GUIDED: _ZN12NavEKF3_core18calcGpsGoodToAlignEv @ 0x7d78a0
GUIDED: _ZN12NavEKF3_core20calcGpsGoodForFlightEv @ 0x7d8800
GUIDED: _ZN16EKF_obs_buffer_tIN12NavEKF3_core12gps_elementsEE4pushERKS1_ @ 0xaf8f80
GUIDED: _ZL3MAXIddEDTqugtfp_fp0_fp_fp0_ERKT_RKT0_.5381 @ 0x7d8cc0
GUIDED: _ZL3MINIdfEDTqultfp_fp0_fp_fp0_ERKT_RKT0_.5368 @ 0x7d8d40
GUIDED: _ZNK10AP_DAL_GPS8get_hdopEh @ 0xaf8ff0
GUIDED: _ZNK14AP_DAL_Compass9availableEv @ 0xaf9060
GUIDED: _ZNK14AP_DAL_Compass9get_countEv @ 0xaf90c0
GUIDED: _ZNK14AP_DAL_Compass21learn_offsets_enabledEv @ 0xaf9110
GUIDED: _ZNK14AP_DAL_Compass7healthyEh @ 0xaf9170
GUIDED: _ZNK14AP_DAL_Compass16last_update_usecEh @ 0xaf91e0
GUIDED: _ZNK14AP_DAL_Compass11get_offsetsEh @ 0xaf9250
GUIDED: _ZNK7Vector3IdEneERKS0_ @ 0xaf92c0
GUIDED: _ZN12NavEKF3_core12mag_elementsC2Ev @ 0xaf9390
GUIDED: _ZNK14AP_DAL_Compass9get_fieldEh @ 0xaf93f0
GUIDED: _ZNK14AP_DAL_Compass10consistentEv @ 0xaf9460
GUIDED: _ZN16EKF_obs_buffer_tIN12NavEKF3_core12mag_elementsEE4pushERKS1_ @ 0xaf94c0
GUIDED: _Z8is_equalIddENSt3__19enable_ifIXsr3std17is_floating_pointINS0_11common_typeIJT_T0_EE4typeEEE5valueEbE4typeES3_S4_ @ 0xaf9530
GUIDED: _ZN12NavEKF3_core17correctDeltaAngleER7Vector3IdEdh @ 0x7d9020
GUIDED: _ZN12NavEKF3_core20correctDeltaVelocityER7Vector3IdEdh @ 0x7d90e0
GUIDED: _ZN11QuaternionTIdEC2Ev @ 0xaf95b0
GUIDED: _ZN11QuaternionTIdE15from_axis_angleE7Vector3IdE @ 0xaf9620
GUIDED: _ZN11QuaternionTIdEmLERKS0_ @ 0xaf96e0
GUIDED: _ZNK11QuaternionTIdE15rotation_matrixER7Matrix3IdE @ 0xaf9880
GUIDED: _ZNK21AP_DAL_InertialSensor8get_gyroEh @ 0xaf9a70
GUIDED: _ZNK6AP_DAL20get_takeoff_expectedEv @ 0xaf9b80
GUIDED: _ZN16EKF_IMU_buffer_tIN12NavEKF3_core12imu_elementsEE18get_youngest_indexEv @ 0xaf9bf0
GUIDED: _ZN16EKF_IMU_buffer_tIN12NavEKF3_core12imu_elementsEE16get_oldest_indexEv @ 0xaf9c50
GUIDED: _ZNK11QuaternionTIdEdvERKS0_ @ 0xaf9cb0
GUIDED: _ZN11QuaternionTIdEixEh @ 0xaf9ed0
GUIDED: _ZL3MAXIddEDTqugtfp_fp0_fp_fp0_ERKT_RKT0_.5431 @ 0x7d9200
GUIDED: _ZN12NavEKF3_core15output_elementsC2Ev @ 0xaf9f40
GUIDED: _ZNK14ekf_imu_buffer16get_oldest_indexEv @ 0xaf9fc0
GUIDED: _ZNK14ekf_imu_buffer18get_youngest_indexEv @ 0xafa010
GUIDED: _ZN11QuaternionTIdE15from_axis_angleERK7Vector3IdEd @ 0xafa060
GUIDED: _ZNK6AP_DAL22get_touchdown_expectedEv @ 0xafa180
GUIDED: _ZN12NavEKF3_core12FuseSideslipEv @ 0x7d92f0
GUIDED: _ZN16EKF_obs_buffer_tIN12NavEKF3_core13drag_elementsEE6recallERS1_j @ 0xafa1e0
GUIDED: _ZNK6AP_DAL11get_EAS2TASEv @ 0xafa260
GUIDED: _ZN7Vector3IdEixEh @ 0xafa320
GUIDED: _ZNK7Vector3IdEixEh @ 0xafa390
GUIDED: _ZN7Vector2IdEixEh @ 0xafa400
GUIDED: _ZN15ekf_ring_buffer6recallEPvj @ 0x7dfd60
GUIDED: _ZNK15ekf_ring_buffer7time_msEh @ 0x7dfec0
GUIDED: _ZN12NavEKF3_core14readAirSpdDataEv @ 0x7dff30
GUIDED: _ZN12NavEKF3_core12FuseAirspeedEv @ 0x7e0360
GUIDED: _ZL3MAXIdfEDTqugtfp_fp0_fp_fp0_ERKT_RKT0_.20297 @ 0x7e1b60
GUIDED: _ZNK12NavEKF3_core11useAirspeedEv @ 0x7e1c00
GUIDED: _ZNK15AP_DAL_Airspeed14last_update_msEh @ 0xafa470
GUIDED: _ZNK15AP_DAL_Airspeed7healthyEh @ 0xafa4e0
GUIDED: _ZNK15AP_DAL_Airspeed3useEh @ 0xafa550
GUIDED: _ZNK15AP_DAL_Airspeed12get_airspeedEh @ 0xafa5c0
GUIDED: _ZL2sqf.5223 @ 0x7e1c60
GUIDED: _ZN16EKF_obs_buffer_tIN12NavEKF3_core12tas_elementsEE4pushERKS1_ @ 0xafa630
GUIDED: _ZN16EKF_obs_buffer_tIN12NavEKF3_core12tas_elementsEE6recallERS1_j @ 0xafa6a0
GUIDED: _ZNK6AP_DAL23airspeed_sensor_enabledEv @ 0xafa720
GUIDED: _ZN16EKF_obs_buffer_tIN12NavEKF3_core16vel_odm_elementsEE6recallERS1_j @ 0xafa790
GUIDED: _ZN16EKF_obs_buffer_tIN12NavEKF3_core18wheel_odm_elementsEE6recallERS1_j @ 0xafa810
GUIDED: _ZN12NavEKF3_core11of_elementsC2Ev @ 0xafa890
GUIDED: _ZN16EKF_obs_buffer_tIN12NavEKF3_core11of_elementsEE6recallERS1_j @ 0xafa920
GUIDED: _ZNK7Vector2IdEixEh @ 0xafa9a0
GUIDED: _ZN12NavEKF3_core14readRngBcnDataEv @ 0x7eeb30
GUIDED: _ZN10EKFGSF_yaw11fuseVelDataERK7Vector2IdEd @ 0x7f27e0
GUIDED: _ZNK12NavEKF3_core13EKFGSF_getYawERdS0_ @ 0x7f2be0
GUIDED: _ZNK11QuaternionTIdE8to_eulerERdS1_S1_ @ 0xafae70
GUIDED: _ZN7Matrix3IdEixEh @ 0xafb9f0
GUIDED: _ZNK10EKFGSF_yaw10getYawDataERdS0_Ph @ 0x7f3550
GUIDED: _ZL7radiansf.5184 @ 0x7f3630
GUIDED: _ZL2sqf.5182 @ 0x7f3680
GUIDED: _ZN10EKFGSF_yaw11resetEKFGSFEv @ 0x7f3810
GUIDED: _ZN10EKFGSF_yaw8alignYawEv @ 0x7f3980
GUIDED: _ZN10EKFGSF_yaw7correctEhRK7Vector2IdEd @ 0x7f3bf0
GUIDED: _ZNK10EKFGSF_yaw15gaussianDensityEh @ 0x7f4fb0
GUIDED: _ZL3MAXIdfEDTqugtfp_fp0_fp_fp0_ERKT_RKT0_.4687 @ 0x7f5330
GUIDED: _ZN10EKFGSF_yaw13forceSymmetryEh @ 0x7f53d0
GUIDED: _ZNK7Matrix3IdE8to_eulerEPdS1_S1_ @ 0xafba60
GUIDED: _ZN16EKF_obs_buffer_tIN12NavEKF3_core16ext_nav_elementsEE6recallERS1_j @ 0xafbb60
GUIDED: _ZN16EKF_obs_buffer_tIN12NavEKF3_core20ext_nav_vel_elementsEE6recallERS1_j @ 0xafbbe0
GUIDED: _ZNK12NavEKF3_core35CalculateVelInnovationsAndVariancesERK7Vector3IdEddRS1_S4_ @ 0x7f5900
GUIDED: _ZN16EKF_obs_buffer_tIN12NavEKF3_core12gps_elementsEE6recallERS1_j @ 0xafbc60
GUIDED: _ZN12NavEKF3_core21selectHeightForFusionEv @ 0x7f5f40
GUIDED: _ZN12NavEKF3_core13FuseVelPosNEDEv @ 0x7f7440
GUIDED: _ZL3MAXIdfEDTqugtfp_fp0_fp_fp0_ERKT_RKT0_.5356 @ 0x7f9790
GUIDED: _ZL3MAXI9AP_ParamTIfL11ap_var_type4EEfEDTqugtfp_fp0_fp_fp0_ERKT_RKT0_.5357 @ 0x7f9830
GUIDED: _ZN12NavEKF3_core15readRangeFinderEv @ 0x7f98c0
GUIDED: _ZN16EKF_obs_buffer_tIN12NavEKF3_core14range_elementsEE6recallERS1_j @ 0xafbce0
GUIDED: _ZN16EKF_obs_buffer_tIN12NavEKF3_core13baro_elementsEE6recallERS1_j @ 0xafbdb0
GUIDED: _ZL3MAXIddEDTqugtfp_fp0_fp_fp0_ERKT_RKT0_.5205 @ 0x7fa490
GUIDED: _ZL3MAXI9AP_ParamTIfL11ap_var_type4EEfEDTqugtfp_fp0_fp_fp0_ERKT_RKT0_.5194 @ 0x7fa660
GUIDED: _ZN16EKF_obs_buffer_tIN12NavEKF3_core12yaw_elementsEE6recallERS1_j @ 0xafc040
GUIDED: _ZN16EKF_obs_buffer_tIN12NavEKF3_core12mag_elementsEE6recallERS1_j @ 0xafc0c0
GUIDED: _ZN12NavEKF3_core18controlMagYawResetEv @ 0x7fc690
GUIDED: _ZN12NavEKF3_core16FuseMagnetometerEv @ 0x7fcca0
GUIDED: _ZN7Matrix3IdEC2Eddddddddd @ 0xafc140
GUIDED: _ZNK7Matrix3IdEixEh @ 0xafc290
GUIDED: _ZL3MAXIdfEDTqugtfp_fp0_fp_fp0_ERKT_RKT0_.5192 @ 0x8034e0
GUIDED: _ZN12NavEKF3_core17MagTableConstrainEv @ 0x803580
GUIDED: _ZNK11QuaternionTIdE13to_axis_angleER7Vector3IdE @ 0xafc300
GUIDED: _ZL3MAXIdfEDTqugtfp_fp0_fp_fp0_ERKT_RKT0_.5149 @ 0x803c60
GUIDED: _ZN10EKFGSF_yaw6updateERK7Vector3IdES3_ddbd @ 0x803d00
GUIDED: _ZN10EKFGSF_yaw7predictEh @ 0x804790
GUIDED: _ZN10EKFGSF_yaw11predictAHRSEh @ 0x8052e0
GUIDED: _ZL7radiansf.4685 @ 0x805860
GUIDED: _ZL2sqf.4686 @ 0x8058b0
GUIDED: _ZNK10EKFGSF_yaw12updateRotMatERK7Matrix3IdERK7Vector3IdE @ 0x805900
GUIDED: _ZN12NavEKF3_core21calcTiltErrorVarianceEv @ 0x8061e0
GUIDED: _ZN12NavEKF3_core23verifyTiltErrorVarianceEv @ 0x8068c0
GUIDED: _ZL3MINIffEDTqultfp_fp0_fp_fp0_ERKT_RKT0_.5423 @ 0x806cc0
GUIDED: _ZN11QuaternionTIdE6rotateERK7Vector3IdE @ 0xafc8c0
GUIDED: _ZN12NavEKF3_core15ConstrainStatesEv @ 0x806d50
GUIDED: _ZNK21AP_DAL_InertialSensor9use_accelEh @ 0xafc980
GUIDED: _ZNK21AP_DAL_InertialSensor8use_gyroEh @ 0xafca50
GUIDED: _ZN12NavEKF3_core19learnInactiveBiasesEv @ 0x807190
GUIDED: _ZN12NavEKF3_core19updateMovementCheckEv @ 0x807700
GUIDED: _ZN12NavEKF3_core17readDeltaVelocityEhR7Vector3IdERd @ 0x807fa0
GUIDED: _ZNK21AP_DAL_InertialSensor18get_imu_pos_offsetEh @ 0xafcb20
GUIDED: _ZN12NavEKF3_core14readDeltaAngleEhR7Vector3IdERd @ 0x8080f0
GUIDED: _ZN16EKF_IMU_buffer_tIN12NavEKF3_core12imu_elementsEE21push_youngest_elementES1_ @ 0xafcb90
GUIDED: _ZN12NavEKF3_core14SampleDragDataERKNS_12imu_elementsE @ 0x808210
GUIDED: _ZN16EKF_IMU_buffer_tIN12NavEKF3_core12imu_elementsEE18get_oldest_elementEv @ 0xafcbf0
GUIDED: _ZN12NavEKF3_core22updateTimingStatisticsEv @ 0x8084c0
GUIDED: _ZL3MINIfdEDTqultfp_fp0_fp_fp0_ERKT_RKT0_ @ 0x808770
GUIDED: _ZN12NavEKF3_core12imu_elementsC2Ev @ 0xafcc70
GUIDED: _ZN14ekf_imu_buffer18get_oldest_elementEPv @ 0x808810
GUIDED: _ZN14ekf_imu_buffer21push_youngest_elementEPKv @ 0x8088d0
GUIDED: _ZNK21AP_DAL_InertialSensor14get_gyro_countEv @ 0xafcd50
GUIDED: _ZNK21AP_DAL_InertialSensor15get_delta_angleEhR7Vector3IfERf @ 0xafcda0
GUIDED: _ZNK21AP_DAL_InertialSensor15get_accel_countEv @ 0xafcea0
GUIDED: _ZNK21AP_DAL_InertialSensor18get_delta_velocityEhR7Vector3IfERf @ 0xafcef0
GUIDED: _ZL7radiansi.5218 @ 0x8089c0
GUIDED: _ZN12NavEKF3_core12detectFlightEv @ 0x808a20
GUIDED: _ZN12NavEKF3_core27setWindMagStateLearningModeEv @ 0x808ee0
GUIDED: _ZN12NavEKF3_core28checkAttitudeAlignmentStatusEv @ 0x809780
GUIDED: _ZN12NavEKF3_core13setAidingModeEv @ 0x809890
GUIDED: _ZN12NavEKF3_core12setYawSourceEv @ 0x80a800
GUIDED: _ZN12NavEKF3_core18checkGyroCalStatusEv @ 0x80a8d0
GUIDED: _ZL3MINIttEDTqultfp_fp0_fp_fp0_ERKT_RKT0_ @ 0x80afb0
GUIDED: _ZL7radiansd.5136 @ 0x80b030
GUIDED: _ZN12NavEKF3_core19updateStateIndexLimEv @ 0x80b120
GUIDED: _ZL2sqf.5384 @ 0x80b200
GUIDED: _ZN12NavEKF3_core20update_gps_selectionEv @ 0x80b310
GUIDED: _ZN12NavEKF3_core20update_mag_selectionEv @ 0x80b410
GUIDED: _ZN12NavEKF3_core21update_baro_selectionEv @ 0x80b550
GUIDED: _ZN12NavEKF3_core25update_airspeed_selectionEv @ 0x80b630
GUIDED: _ZNK15AP_DAL_Airspeed11get_primaryEv @ 0xafd030
GUIDED: _ZNK11AP_DAL_Baro11get_primaryEv @ 0xafd080
GUIDED: _Z9fill_nanfPdt @ 0x80b740
GUIDED: _ZNK17AP_InertialSensor20get_last_update_usecEv @ 0xafd140
GUIDED: _ZNK17AP_InertialSensor16get_loop_delta_tEv @ 0xafd190
GUIDED: _ZNK7AP_AHRS17get_vehicle_classEv @ 0xafd1e0
GUIDED: _ZNK7AP_AHRS20get_takeoff_expectedEv @ 0xafd230
GUIDED: _ZNK7AP_AHRS22get_touchdown_expectedEv @ 0xafd290
GUIDED: _ZNK7AP_AHRS8get_trimEv @ 0xafd2f0
GUIDED: _ZN2AP12wheelencoderEv @ 0x80bb60
GUIDED: _ZNK7AP_AHRS43get_rotation_vehicle_body_to_autopilot_bodyEv @ 0xafd3a0
GUIDED: _ZN21AP_DAL_InertialSensor11start_frameEv @ 0x80bba0
GUIDED: _ZN11AP_DAL_Baro11start_frameEv @ 0x80be20
GUIDED: _ZN10AP_DAL_GPS11start_frameEv @ 0x80bf90
GUIDED: _ZN14AP_DAL_Compass11start_frameEv @ 0x80c390
GUIDED: _ZN15AP_DAL_Airspeed11start_frameEv @ 0x80c5b0
GUIDED: _ZN2AP6beaconEv @ 0x80cba0
GUIDED: _ZN9AP_Beacon13get_singletonEv @ 0xafd4a0
GUIDED: _ZNK11AP_Airspeed15get_num_sensorsEv @ 0xafd4e0
GUIDED: _ZNK11AP_Airspeed14last_update_msEh @ 0xafd530
GUIDED: _ZNK7Compass24auto_declination_enabledEv @ 0xafd5a0
GUIDED: _ZNK7Compass15get_declinationEv @ 0x80d2f0
GUIDED: _ZNK7Compass15get_num_enabledEv @ 0x80d350
GUIDED: _ZNK7Compass16get_first_usableEv @ 0xafd610
GUIDED: _ZNK7Compass17have_scale_factorEh @ 0x80d410
GUIDED: _ZNK7Compass16last_update_usecEh @ 0xafd660
GUIDED: _ZNK14typesafe_indexIh14TAG_StateIndexEgeERKh @ 0xafd6e0
GUIDED: _ZNK7AP_Baro11get_primaryEv @ 0xafd750
GUIDED: _ZNK7AP_Baro15get_last_updateEh @ 0xafd7a0
GUIDED: _ZNK17AP_InertialSensor16get_loop_rate_hzEv @ 0xafd810
GUIDED: _ZNK17AP_InertialSensor15get_delta_angleEhR7Vector3IfERf @ 0x80d550
GUIDED: _ZN21AP_DAL_InertialSensor15update_filteredEh @ 0x80d720
GUIDED: _ZNK17AP_InertialSensor18get_imu_pos_offsetEh @ 0xafd860
GUIDED: _ZNK17AP_InertialSensor10_accel_posEh @ 0xafd8c0
GUIDED: _ZN17AP_InertialSensor10_accel_posEh @ 0xafd920
GUIDED: _ZN15AP_WheelEncoder13get_singletonEv @ 0xafd990
GUIDED: _ZN7NavEKF212UpdateFilterEv @ 0x810760
GUIDED: _ZNK12NavEKF2_core11getGyroBiasER7Vector3IfE @ 0x810d40
GUIDED: _ZNK12NavEKF2_core21getFramesSincePredictEv @ 0x810e30
GUIDED: _ZN12NavEKF2_core12UpdateFilterEb @ 0x810e90
GUIDED: _ZN12NavEKF2_core18controlFilterModesEv @ 0x811090
GUIDED: _ZN12NavEKF2_core11readIMUDataEv @ 0x811160
GUIDED: _ZN12NavEKF2_core27UpdateStrapdownEquationsNEDEv @ 0x811980
GUIDED: _ZN12NavEKF2_core20CovariancePredictionEv @ 0x811dc0
GUIDED: _ZN12NavEKF2_core25runYawEstimatorPredictionEv @ 0x81b4d0
GUIDED: _ZN12NavEKF2_core15SelectMagFusionEv @ 0x81b640
GUIDED: _ZN12NavEKF2_core18SelectVelPosFusionEv @ 0x81ba90
GUIDED: _ZN12NavEKF2_core25runYawEstimatorCorrectionEv @ 0x81c2a0
GUIDED: _ZN12NavEKF2_core18SelectRngBcnFusionEv @ 0x81c3f0
GUIDED: _ZN12NavEKF2_core16SelectFlowFusionEv @ 0x81c480
GUIDED: _ZN12NavEKF2_core15SelectTasFusionEv @ 0x81c700
GUIDED: _ZN12NavEKF2_core16SelectBetaFusionEv @ 0x81c820
GUIDED: _ZN12NavEKF2_core18updateFilterStatusEv @ 0x81c9c0
GUIDED: _ZN12NavEKF2_core16calcOutputStatesEv @ 0x81d3c0
GUIDED: _ZNK12NavEKF2_core20assume_zero_sideslipEv @ 0x81e630
GUIDED: _ZN12NavEKF2_core11readMagDataEv @ 0x81e6c0
GUIDED: _ZN12NavEKF2_core11readGpsDataEv @ 0x81eba0
GUIDED: _ZN12NavEKF2_core12readBaroDataEv @ 0x81f660
GUIDED: _ZN16EKF_IMU_buffer_tIN12NavEKF2_core15output_elementsEEixEj @ 0xafed80
GUIDED: _ZNK10AP_DAL_GPS22have_vertical_velocityEv @ 0xafedf0
GUIDED: _ZNK12NavEKF2_core26CorrectGPSForAntennaOffsetERNS_12gps_elementsE @ 0x821780
GUIDED: _ZL2sqf.20181 @ 0x821c00
GUIDED: _ZNK11AP_DAL_Baro15get_last_updateEv @ 0xaff250
GUIDED: _ZNK11AP_DAL_Baro12get_altitudeEv @ 0xaff2b0
GUIDED: _ZL3MAXIddEDTqugtfp_fp0_fp_fp0_ERKT_RKT0_.20150 @ 0x821e70
GUIDED: _ZN16EKF_obs_buffer_tIN12NavEKF2_core13baro_elementsEE4pushERKS1_ @ 0xaff310
GUIDED: _ZNK10AP_DAL_GPS7get_lagERf @ 0xaff380
GUIDED: _ZNK10AP_DAL_GPS8velocityEv @ 0xaff400
GUIDED: _ZNK10AP_DAL_GPS14speed_accuracyERf @ 0xaff460
GUIDED: _ZL3MAXIdfEDTqugtfp_fp0_fp_fp0_ERKT_RKT0_.20159 @ 0x821ef0
GUIDED: _ZL3MINIdfEDTqultfp_fp0_fp_fp0_ERKT_RKT0_.20160 @ 0x821f90
GUIDED: _ZL3MAXId9AP_ParamTIfL11ap_var_type4EEEDTqugtfp_fp0_fp_fp0_ERKT_RKT0_.20162 @ 0x822030
GUIDED: _ZNK10AP_DAL_GPS19horizontal_accuracyERf @ 0xaff4e0
GUIDED: _ZNK10AP_DAL_GPS17vertical_accuracyERf @ 0xaff560
GUIDED: _ZNK10AP_DAL_GPS8num_satsEv @ 0xaff5e0
GUIDED: _ZN12NavEKF2_core18calcGpsGoodToAlignEv @ 0x8220e0
GUIDED: _ZN12NavEKF2_core20calcGpsGoodForFlightEv @ 0x822fd0
GUIDED: _ZN16EKF_obs_buffer_tIN12NavEKF2_core12gps_elementsEE4pushERKS1_ @ 0xaff650
GUIDED: _ZNK12NavEKF2_core14MagDeclinationEv @ 0x823510
GUIDED: _ZN12NavEKF2_core15FuseDeclinationEd @ 0x8235f0
GUIDED: _ZN12NavEKF2_core13ForceSymmetryEv @ 0x823fd0
GUIDED: _ZN12NavEKF2_core18ConstrainVariancesEv @ 0x824120
GUIDED: _ZL3MAXIddEDTqugtfp_fp0_fp_fp0_ERKT_RKT0_.20213 @ 0x824650
GUIDED: _ZL3MINIdfEDTqultfp_fp0_fp_fp0_ERKT_RKT0_.20200 @ 0x8246d0
GUIDED: _ZNK10AP_DAL_GPS8get_hdopEv @ 0xaff6c0
GUIDED: _ZN12NavEKF2_core12mag_elementsC2Ev @ 0xaff730
GUIDED: _ZN16EKF_obs_buffer_tIN12NavEKF2_core12mag_elementsEE4pushERKS1_ @ 0xaff790
GUIDED: _ZN12NavEKF2_core17correctDeltaAngleER7Vector3IdEdh @ 0x824920
GUIDED: _ZN12NavEKF2_core20correctDeltaVelocityER7Vector3IdEdh @ 0x824a30
GUIDED: _ZN16EKF_IMU_buffer_tIN12NavEKF2_core12imu_elementsEE18get_youngest_indexEv @ 0xaff800
GUIDED: _ZN16EKF_IMU_buffer_tIN12NavEKF2_core12imu_elementsEE16get_oldest_indexEv @ 0xaff860
GUIDED: _ZN12NavEKF2_core15output_elementsC2Ev @ 0xaff8c0
GUIDED: _ZNK12NavEKF2_core11useAirspeedEv @ 0x824ae0
GUIDED: _ZN12NavEKF2_core14readAirSpdDataEv @ 0x828020
GUIDED: _ZN12NavEKF2_core12FuseAirspeedEv @ 0x8281a0
GUIDED: _ZL3MAXIdfEDTqugtfp_fp0_fp_fp0_ERKT_RKT0_.22305 @ 0x8298f0
GUIDED: _ZNK15AP_DAL_Airspeed3useEv @ 0xaff940
GUIDED: _ZNK15AP_DAL_Airspeed7healthyEv @ 0xaff9b0
GUIDED: _ZNK15AP_DAL_Airspeed14last_update_msEv @ 0xaffa20
GUIDED: _ZNK15AP_DAL_Airspeed12get_airspeedEv @ 0xaffa80
GUIDED: _ZN16EKF_obs_buffer_tIN12NavEKF2_core12tas_elementsEE4pushERKS1_ @ 0xaffae0
GUIDED: _ZN16EKF_obs_buffer_tIN12NavEKF2_core12tas_elementsEE6recallERS1_j @ 0xaffb50
GUIDED: _ZN12NavEKF2_core14readRngBcnDataEv @ 0x82f990
GUIDED: _ZN16EKF_obs_buffer_tIN12NavEKF2_core16ext_nav_elementsEE6recallERS1_j @ 0xaffcc0
GUIDED: _ZN16EKF_obs_buffer_tIN12NavEKF2_core20ext_nav_vel_elementsEE6recallERS1_j @ 0xaffd40
GUIDED: _ZN16EKF_obs_buffer_tIN12NavEKF2_core12gps_elementsEE6recallERS1_j @ 0xaffdc0
GUIDED: _ZN12NavEKF2_core18controlMagYawResetEv @ 0x833c10
GUIDED: _ZN12NavEKF2_core13realignYawGPSEv @ 0x835b70
GUIDED: _ZN12NavEKF2_core21selectHeightForFusionEv @ 0x835df0
GUIDED: _ZN12NavEKF2_core13FuseVelPosNEDEv @ 0x837130
GUIDED: _ZL3MAXIdfEDTqugtfp_fp0_fp_fp0_ERKT_RKT0_.20190 @ 0x838e40
GUIDED: _ZN12NavEKF2_core15readRangeFinderEv @ 0x838ee0
GUIDED: _ZN16EKF_obs_buffer_tIN12NavEKF2_core14range_elementsEE6recallERS1_j @ 0xaffe40
GUIDED: _ZN16EKF_obs_buffer_tIN12NavEKF2_core13baro_elementsEE6recallERS1_j @ 0xaffec0
GUIDED: _ZL3MAXIddEDTqugtfp_fp0_fp_fp0_ERKT_RKT0_.20133 @ 0x8398e0
GUIDED: _ZL3MAXIdfEDTqugtfp_fp0_fp_fp0_ERKT_RKT0_.20138 @ 0x839a90
GUIDED: _ZN16EKF_obs_buffer_tIN12NavEKF2_core12mag_elementsEE6recallERS1_j @ 0xafffb0
GUIDED: _ZN12NavEKF2_core16FuseMagnetometerEv @ 0x83a080
GUIDED: _ZN12NavEKF2_core17MagTableConstrainEv @ 0x83fb70
GUIDED: _ZN12NavEKF2_core15CopyCovariancesEv @ 0x83fca0
GUIDED: _ZN12NavEKF2_core15ConstrainStatesEv @ 0x83fd90
GUIDED: _ZL3MAXIddEDTqugtfp_fp0_fp_fp0_ERKT_RKT0_.20258 @ 0x8401c0
GUIDED: _ZN12NavEKF2_core19learnInactiveBiasesEv @ 0x840240
GUIDED: _ZN12NavEKF2_core17readDeltaVelocityEhR7Vector3IdERd @ 0x840710
GUIDED: _ZN12NavEKF2_core14readDeltaAngleEhR7Vector3IdERd @ 0x840880
GUIDED: _ZN16EKF_IMU_buffer_tIN12NavEKF2_core12imu_elementsEE21push_youngest_elementES1_ @ 0xb00030
GUIDED: _ZN16EKF_IMU_buffer_tIN12NavEKF2_core12imu_elementsEE18get_oldest_elementEv @ 0xb00090
GUIDED: _ZN12NavEKF2_core22updateTimingStatisticsEv @ 0x8409f0
GUIDED: _ZL3MAXIfdEDTqugtfp_fp0_fp_fp0_ERKT_RKT0_.20157 @ 0x840ca0
GUIDED: _ZL3MINIfdEDTqultfp_fp0_fp_fp0_ERKT_RKT0_.20158 @ 0x840d40
GUIDED: _ZN12NavEKF2_core12imu_elementsC2Ev @ 0xb00110
GUIDED: _ZL7radiansi.20161 @ 0x840de0
GUIDED: _ZN12NavEKF2_core12detectFlightEv @ 0x840e40
GUIDED: _ZN12NavEKF2_core27setWindMagStateLearningModeEv @ 0x8412e0
GUIDED: _ZN12NavEKF2_core28checkAttitudeAlignmentStatusEv @ 0x841980
GUIDED: _ZN12NavEKF2_core13setAidingModeEv @ 0x841af0
GUIDED: _ZL3MINIttEDTqultfp_fp0_fp_fp0_ERKT_RKT0_.20103 @ 0x8429d0
GUIDED: _ZNK12NavEKF2_core16effective_magCalEv @ 0x842af0
GUIDED: _ZN16AP_AHRS_External6updateEv @ 0x843550
GUIDED: _ZN16AP_AHRS_External11get_resultsERN15AP_AHRS_Backend9EstimatesE @ 0x8435a0
GUIDED: _ZN7AP_AHRS37copy_estimates_from_backend_estimatesERKN15AP_AHRS_Backend9EstimatesE @ 0x8437f0
GUIDED: _ZN15AP_ExternalAHRS6updateEv @ 0x843ad0
GUIDED: _ZL7degreesf.11297 @ 0x843e00
GUIDED: _ZN11AP_AHRS_SIM6updateEv @ 0xb00d40
GUIDED: _ZN11AP_AHRS_SIM11get_resultsERN15AP_AHRS_Backend9EstimatesE @ 0x843e50
GUIDED: _ZN11AP_AHRS_DCM6updateEv @ 0x844a30
GUIDED: _ZN11AP_AHRS_DCM11get_resultsERN15AP_AHRS_Backend9EstimatesE @ 0x844d50
GUIDED: _ZN11AP_AHRS_DCM13matrix_updateEv @ 0x844e70
GUIDED: _ZN11AP_AHRS_DCM9normalizeEv @ 0x8450c0
GUIDED: _ZN11AP_AHRS_DCM16drift_correctionEf @ 0x8452e0
GUIDED: _ZN11AP_AHRS_DCM12check_matrixEv @ 0x846640
GUIDED: _ZN11AP_AHRS_DCM15backup_attitudeEv @ 0x846740
GUIDED: _ZNK11AP_AHRS_DCM12get_error_rpEv @ 0xb00e00
GUIDED: _ZNK11AP_AHRS_DCM13get_error_yawEv @ 0xb00e50
GUIDED: _ZN7Matrix3IfE6is_nanEv @ 0xb00ea0
GUIDED: _ZN11AP_AHRS_DCM20drift_correction_yawEv @ 0x846c30
GUIDED: _ZNK7Matrix3IfE4colxEv @ 0xb00f40
GUIDED: _ZNK6AP_GPS16last_fix_time_msEv @ 0xb00fb0
GUIDED: _ZL3MAXIfiEDTqugtfp_fp0_fp_fp0_ERKT_RKT0_.2600 @ 0x847150
GUIDED: _ZNK11AP_AHRS_DCM26should_correct_centrifugalEv @ 0x8471f0
GUIDED: _ZN11AP_AHRS_DCM10ra_delayedEhRK7Vector3IfE @ 0x847240
GUIDED: _ZNK17AP_InertialSensor7healthyEv @ 0xb01010
GUIDED: _ZN11AP_AHRS_DCM7_P_gainEf @ 0x847340
GUIDED: _ZNK11AP_AHRS_DCM14use_fast_gainsEv @ 0x847420
GUIDED: _ZL7radiansi.2601 @ 0x8474b0
GUIDED: _ZNK17AP_InertialSensor19get_gyro_drift_rateEv @ 0xb01090
GUIDED: _ZNK17AP_InertialSensor15get_gyro_healthEv @ 0xb010e0
GUIDED: _ZNK17AP_InertialSensor16get_accel_healthEv @ 0xb01140
GUIDED: _ZNK7Compass16last_update_usecEv @ 0xb011a0
GUIDED: _ZN7Compass4readEv @ 0x847510
GUIDED: _ZN11AP_AHRS_DCM17yaw_error_compassER7Compass @ 0x8478e0
GUIDED: _ZNK11AP_AHRS_DCM9_yaw_gainEv @ 0x847a60
GUIDED: _ZNK7Matrix3IfE5mulXYERK7Vector3IfE @ 0xb01200
GUIDED: _ZNK7Vector2IfErmERKS0_ @ 0xb012d0
GUIDED: _ZN7Compass15_detect_runtimeEv @ 0x847c10
GUIDED: _ZN9AP_Logger13Write_CompassEv @ 0x847f40
GUIDED: _ZN19RestrictIDTypeArrayI9AP_ParamTIaL11ap_var_type1EELj3E14typesafe_indexIh12TAG_PriorityEEixERKS5_ @ 0xb01350
GUIDED: _ZN9AP_Logger22Write_Compass_instanceEmh @ 0x847fe0
GUIDED: _ZNK7Compass17get_motor_offsetsEh @ 0xb013d0
GUIDED: _ZN18AP_Compass_Backend25drain_accumulated_samplesEhPK7Vector3IfE @ 0x849f10
GUIDED: _ZN18AP_Compass_Backend22publish_filtered_fieldERK7Vector3IfEh @ 0x84a090
GUIDED: _ZN11AP_AHRS_DCM6renormERK7Vector3IfERS1_ @ 0x84a150
GUIDED: _ZNK17AP_InertialSensor15get_delta_angleER7Vector3IfERf @ 0xb01c50
GUIDED: _ZNK7Vector3IfEeqERKS0_ @ 0xb01ce0
GUIDED: _ZNK14AP_Logger_File17recent_open_errorEv @ 0x84a500
GUIDED: _ZNK14AP_Logger_File15io_thread_aliveEv @ 0x84a590
GUIDED: _ZN14AP_Logger_File16disk_space_availEv @ 0x84a920
GUIDED: _ZL3MINIjjEDTqultfp_fp0_fp_fp0_ERKT_RKT0_.6871 @ 0x84aa00
GUIDED: _ZN13AP_Filesystem17bytes_until_fsyncEi @ 0x84aa80
GUIDED: _ZN13AP_Filesystem9disk_freeEPKc @ 0x84ab00
GUIDED: _ZN2AP4rssiEv @ 0x851d40
GUIDED: _ZNK7AP_RSSI7enabledEv @ 0xb02590
GUIDED: _ZN7AP_RSSI13get_singletonEv @ 0x852570
GUIDED: _ZN13AP_CANManager20check_logging_enableEv @ 0x853530
GUIDED: _ZN7FunctorIvJEE14method_wrapperI13AP_CANManagerXadL_ZNS2_20check_logging_enableEvEEEEvPv @ 0xb02bc0
GUIDED: _ZNK13AP_CANManager15CANIface_Params13option_is_setENS0_7OptionsE @ 0xb02c70
GUIDED: _ZNK6AP_GPS20last_message_time_msEv @ 0xb0cc70
GUIDED: _ZNK22AP_BattMonitor_Backend13option_is_setEN21AP_BattMonitor_Params7OptionsE @ 0xb14c60
GUIDED: _ZN22AP_BattMonitor_Backend15update_consumedERN14AP_BattMonitor17BattMonitor_StateEj @ 0x875960
GUIDED: _ZN22AP_BattMonitor_Backend13calculate_mahEff @ 0xb14cf0
GUIDED: _ZN18AP_Compass_Backend17accumulate_sampleER7Vector3IfEhj @ 0x877c70
GUIDED: _ZN18AP_Compass_Backend12rotate_fieldER7Vector3IfEh @ 0x877df0
GUIDED: _ZN18AP_Compass_Backend17publish_raw_fieldERK7Vector3IfEh @ 0x877ee0
GUIDED: _ZN18AP_Compass_Backend13correct_fieldER7Vector3IfEh @ 0x877ff0
GUIDED: _ZN18AP_Compass_Backend8field_okERK7Vector3IfE @ 0x8783f0
GUIDED: _ZNK7Compass16get_filter_rangeEv @ 0xb17010
GUIDED: _ZNK16Compass_PerMotor7enabledEv @ 0xb17070
GUIDED: _ZN7Compass13_get_priorityE14typesafe_indexIh14TAG_StateIndexE @ 0xb170e0
GUIDED: _ZN14AP_GPS_Backend15set_alt_amsl_cmERN6AP_GPS9GPS_StateEi @ 0x87cac0
GUIDED: _ZN16JitterCorrection31correct_offboard_timestamp_usecEmm @ 0x87ccd0
GUIDED: _ZNK14AP_GPS_Backend10option_setEN6AP_GPS13DriverOptionsE @ 0xb1a270
GUIDED: _ZNK6AP_GPS10option_setENS_13DriverOptionsE @ 0xb1a2e0
GUIDED: _ZN6AP_RTC12set_utc_usecEmNS_11source_typeE @ 0x87d740
GUIDED: _ZN10RC_Channel9set_rangeEt @ 0x87faf0
GUIDED: _ZNK11GCS_MAVLINK14option_enabledENS_6OptionE @ 0xb1c770
GUIDED: _ZNK16AP_SerialManager9UARTState12get_protocolEv @ 0xb1c7f0
GUIDED: _ZN2AP8PerfInfo13set_loop_rateEt @ 0x88fde0
GUIDED: _ZN2AP8PerfInfo5resetEv @ 0x88fea0
GUIDED: _ZNK3GCS43min_loop_time_remaining_for_message_send_usEv @ 0xb1ce30
GUIDED: _ZNK3GCS19vehicle_initialisedEv @ 0xb1ce80
GUIDED: _ZN5Plane8set_modeEh10ModeReason @ 0x890b80
GUIDED: _ZNK5Plane29current_mode_requires_missionEv @ 0xb1d500
GUIDED: _ZNK5Plane17get_wp_distance_mERf @ 0x891920
GUIDED: _ZNK5Plane18get_wp_bearing_degERf @ 0x891a40
GUIDED: _ZNK5Plane25get_wp_crosstrack_error_mERf @ 0x891b70
GUIDED: _ZN5Plane20set_control_channelsEv @ 0x893010
GUIDED: _ZN5Plane18fence_checks_asyncEv @ 0x893300
GUIDED: _ZN6AP_HAL15timeout_expiredIjjjEEbT_T0_T1_ @ 0xb1d620
GUIDED: _ZN8AC_Fence5checkEb @ 0x8934e0
GUIDED: _ZN8AC_Fence19clear_margin_breachEh @ 0x8938f0
GUIDED: _ZN10RC_Channel9set_angleEt @ 0x894630
GUIDED: _ZNK5Plane19have_reverse_thrustEv @ 0x8946a0
GUIDED: _ZN12SRV_Channels19set_esc_scaling_forEN11SRV_Channel8FunctionE @ 0x894710
GUIDED: _ZN6AP_HAL8RCOutput15set_esc_scalingEtt @ 0xb1d770
GUIDED: _ZN8AP_Param15save_io_handlerEv @ 0x895350
GUIDED: _ZN7FunctorIvJEE14method_wrapperI8AP_ParamXadL_ZNS2_15save_io_handlerEvEEEEvPv @ 0xb1d920
GUIDED: _ZN15ObjectBuffer_TSIN8AP_Param10param_saveEE3popERS1_ @ 0xb1d9d0
GUIDED: _ZN5Plane11notify_modeERK4Mode @ 0x895de0
GUIDED: _ZN5Plane3gcsEv @ 0xb1db70
GUIDED: _ZL21failsafe_check_staticv @ 0x899cd0
GUIDED: _ZN9QuadPlane5setupEv @ 0x899d10
GUIDED: _ZN5Plane8set_modeER4Mode10ModeReason @ 0x89aa50
GUIDED: _ZN3GCS16sysid_mygcs_seenEj @ 0xb1dda0
GUIDED: _ZN5Plane18set_mode_by_numberEN4Mode6NumberE10ModeReason @ 0x89b270
GUIDED: _ZNK7Vector2IfEdvEf @ 0xb1fbb0
GUIDED: _ZN10RC_Channel16read_mode_switchEv @ 0x8a2630
GUIDED: _ZN10RC_Channel16read_6pos_switchERa @ 0x8a26b0
GUIDED: _ZN10RC_Channel18debounce_completedEa @ 0x8a2810
GUIDED: _ZN5Plane18mode_from_mode_numEN4Mode6NumberE @ 0x8a2900
GUIDED: _ZN12SRV_Channels17enable_aux_servosEv @ 0x8a2c00
GUIDED: _ZN5Plane13servos_outputEv @ 0x8a2e40
GUIDED: _ZN5Plane22servos_twin_engine_mixEv @ 0x8a30f0
GUIDED: _ZNK5Plane22channel_function_mixerEN11SRV_Channel8FunctionES1_S1_S1_ @ 0x8a33b0
GUIDED: _ZN10Tailsitter6outputEv @ 0x8a35c0
GUIDED: _ZN9Tiltrotor15bicopter_outputEv @ 0x8a4a30
GUIDED: _ZN5Plane11force_flareEv @ 0x8a4cf0
GUIDED: _ZN5Plane15dspoiler_updateEv @ 0x8a4f60
GUIDED: _ZN5Plane38landing_neutral_control_surface_servosEv @ 0x8a54d0
GUIDED: _ZN12SRV_Channels8calc_pwmEv @ 0x8a5840
GUIDED: _ZN12SRV_Channels13output_ch_allEv @ 0x8a5a60
GUIDED: _ZNK12SRV_Channels17auto_trim_enabledEv @ 0xb204b0
GUIDED: _ZNK16AP_FW_Controller12get_pid_infoEv @ 0xb20520
GUIDED: _ZNK10AP_Landing23get_then_servos_neutralEv @ 0xb20570
GUIDED: _ZN12SRV_Channels30get_slew_limited_output_scaledEN11SRV_Channel8FunctionE @ 0x8a6550
GUIDED: _ZNK9QuadPlane18in_frwd_transitionEv @ 0x8a6660
GUIDED: _ZN19AP_AdvancedFailsafe20should_crash_vehicleEv @ 0x8a7080
GUIDED: _ZN5Plane24relative_ground_altitudeE14RangeFinderUse @ 0x8a7950
GUIDED: _ZN5Plane24relative_ground_altitudeE14RangeFinderUseb @ 0x8a79c0
GUIDED: _ZN5Plane17get_external_HAGLERf @ 0x8a7bd0
GUIDED: _ZNK5Plane15rangefinder_useE14RangeFinderUse @ 0x8a7ca0
GUIDED: _ZNK5Plane23rangefinder_orientationEv @ 0xb20960
GUIDED: _ZN5Plane20adjusted_altitude_cmEv @ 0x8a7ec0
GUIDED: _ZN5Plane18mission_alt_offsetEv @ 0x8a7f40
GUIDED: _ZN6AC_PID12reset_filterEv @ 0xb20e40
GUIDED: _ZN11AP_SystemID4stopEv @ 0x8aa740
GUIDED: _ZN5Plane10should_logEj @ 0x8aaec0
GUIDED: _ZNK7AP_EnumI11StickMixingEcvKS0_Ev @ 0xb21c20
GUIDED: _ZN10Tailsitter6activeEv @ 0x8acaf0
GUIDED: _ZNK5Plane16get_speed_scalerEv @ 0xb21d90
GUIDED: _ZL7degreesf.12 @ 0x8adb20
GUIDED: _ZN6AC_PID7reset_IEv @ 0x8add20
GUIDED: _ZN9AP_Logger10Write_ModeEh10ModeReason @ 0x8ae860
GUIDED: _ZN17AP_Logger_Backend10Write_ModeEh10ModeReason @ 0x8ae9f0
GUIDED: _ZN7AP_AHRS15set_fly_forwardEb @ 0xb220b0
GUIDED: _ZN7AP_Baro6updateEv @ 0x8afc80
GUIDED: _ZNK7AP_Baro7healthyEv @ 0xb22230
GUIDED: _ZN15AP_Baro_Backend14backend_updateEh @ 0x8b03a0
GUIDED: _ZN7AP_Baro24wind_pressure_correctionEh @ 0x8b0420
GUIDED: _ZNK7AP_Baro15get_last_updateEv @ 0xb22290
GUIDED: _ZN16DerivativeFilterIfLh7EE6updateEfj @ 0xb222f0
GUIDED: _ZN7AP_Baro22update_field_elevationEv @ 0x8b0760
GUIDED: _ZNK7AP_Baro10should_logEv @ 0x8b09e0
GUIDED: _ZN7AP_Baro10Write_BaroEv @ 0x8b0a90
GUIDED: _ZN7AP_Baro19Write_Baro_instanceEmh @ 0x8b0b20
GUIDED: _ZNK7AP_Baro21get_baro_drift_offsetEv @ 0xb223d0
GUIDED: _ZNK7AP_Baro22get_ground_temperatureEv @ 0x8b0d40
GUIDED: _ZNK7AP_Baro22get_corrected_pressureEh @ 0xb22420
GUIDED: _ZN16FilterWithBufferIfLh7EE5applyEf @ 0xb22500
GUIDED: _ZN17AP_InertialSensor12_gyro_offsetEh @ 0xb23a60
GUIDED: _ZN17AP_InertialSensor12caltemp_gyroEh @ 0xb23ad0
GUIDED: _ZN22AP_InertialSensor_SITL6updateEv @ 0x8b2f30
GUIDED: _ZN25AP_InertialSensor_Backend10accumulateEv @ 0xb23bf0
GUIDED: _ZN25AP_InertialSensor_Backend11set_primaryEb @ 0xb23dc0
GUIDED: _ZNK25AP_InertialSensor_Backend21_gyro_raw_sample_rateEh @ 0xb23e10
GUIDED: _ZN22AP_InertialSensor_SITL12timer_updateEv @ 0x8b36b0
GUIDED: _ZN7FunctorIvJEE14method_wrapperI22AP_InertialSensor_SITLXadL_ZNS2_12timer_updateEvEEEEvPv @ 0xb23ee0
GUIDED: _ZN22AP_InertialSensor_SITL14generate_accelEv @ 0x8b3b80
GUIDED: _ZN22AP_InertialSensor_SITL13generate_gyroEv @ 0x8b4b60
GUIDED: _ZNK25AP_InertialSensor_Backend20enable_fast_samplingEh @ 0xb23f90
GUIDED: _ZNK22AP_InertialSensor_SITL10gyro_driftEv @ 0x8b55c0
GUIDED: _ZL7radiansd.19672 @ 0x8b57c0
GUIDED: _ZL7radiansf.19673 @ 0x8b5810
GUIDED: _ZN22AP_InertialSensor_SITL15get_temperatureEv @ 0x8b58f0
GUIDED: _ZNK22AP_InertialSensor_TCal15sitl_apply_gyroEfR7Vector3IfE @ 0x8b5a90
GUIDED: _ZN25AP_InertialSensor_Backend35_notify_new_gyro_sensor_rate_sampleEhRK7Vector3IfE @ 0x8b5b70
GUIDED: _ZN25AP_InertialSensor_Backend24_rotate_and_correct_gyroEhR7Vector3IfE @ 0x8b5d70
GUIDED: _ZN25AP_InertialSensor_Backend27_notify_new_gyro_raw_sampleEhRK7Vector3IfEm @ 0x8b5f00
GUIDED: _ZNK25AP_InertialSensor_Backend15has_been_killedEh @ 0xb24020
GUIDED: _ZNK25AP_InertialSensor_Backend19_update_sensor_rateERtRjRf @ 0x8b65a0
GUIDED: _ZN25AP_InertialSensor_Backend18apply_gyro_filtersEhRK7Vector3IfE @ 0x8b6770
GUIDED: _ZN25AP_InertialSensor_Backend12log_gyro_rawEhmRK7Vector3IfES3_ @ 0x8b6b30
GUIDED: _ZN25AP_InertialSensor_Backend14update_primaryEv @ 0x8b6dc0
GUIDED: _ZNK17AP_InertialSensor22raw_logging_option_setENS_18RAW_LOGGING_OPTIONE @ 0xb240a0
GUIDED: _ZNK25AP_InertialSensor_Backend18should_log_imu_rawEv @ 0x8b6ea0
GUIDED: _ZNK17AP_InertialSensor12BatchSampler25doing_sensor_rate_loggingEv @ 0xb24120
GUIDED: _ZNK17AP_InertialSensor12BatchSampler25doing_post_filter_loggingEv @ 0xb24180
GUIDED: _ZN17AP_InertialSensor12BatchSampler6sampleEhNS_15IMU_SENSOR_TYPEEmRK7Vector3IfE @ 0x8b70b0
GUIDED: _ZN17AP_InertialSensor12BatchSampler10should_logEhNS_15IMU_SENSOR_TYPEE @ 0x8b7200
GUIDED: _ZN25AP_InertialSensor_Backend16save_gyro_windowEhRK7Vector3IfEh @ 0x8b7340
GUIDED: _ZN15LowPassFilter2pI7Vector3IfEE5applyERKS1_ @ 0xb24460
GUIDED: _ZN19DigitalBiquadFilterI7Vector3IfEE5applyERKS1_RKNS2_13biquad_paramsE @ 0xb245b0
GUIDED: _ZNK25AP_InertialSensor_Backend18sensors_convergingEv @ 0x8b7600
GUIDED: _ZNK22AP_InertialSensor_TCal12correct_gyroEffR7Vector3IfE @ 0x8b7730
GUIDED: _ZNK22AP_InertialSensor_TCal14correct_sensorEffPK9AP_ParamVI7Vector3IfEL11ap_var_type5EERS2_ @ 0x8b77d0
GUIDED: _ZNK22AP_InertialSensor_TCal15polynomial_evalEfPK9AP_ParamVI7Vector3IfEL11ap_var_type5EE @ 0x8b79e0
GUIDED: _ZNK22AP_InertialSensor_TCal16sitl_apply_accelEfR7Vector3IfE @ 0x8ba990
GUIDED: _ZN25AP_InertialSensor_Backend36_notify_new_accel_sensor_rate_sampleEhRK7Vector3IfE @ 0x8baa70
GUIDED: _ZN25AP_InertialSensor_Backend25_rotate_and_correct_accelEhR7Vector3IfE @ 0x8bac70
GUIDED: _ZN25AP_InertialSensor_Backend28_notify_new_accel_raw_sampleEhRK7Vector3IfEmb @ 0x8bae90
GUIDED: _ZN25AP_InertialSensor_Backend20_publish_temperatureEhf @ 0x8bb440
GUIDED: _ZN17AP_InertialSensor27calc_vibration_and_clippingEhRK7Vector3IfEf @ 0x8bb4e0
GUIDED: _ZN17AP_InertialSensor19set_accel_peak_holdEhRK7Vector3IfE @ 0x8bb760
GUIDED: _ZN25AP_InertialSensor_Backend13log_accel_rawEhmRK7Vector3IfE @ 0x8bb840
GUIDED: _ZNK25AP_InertialSensor_Backend14get_clip_limitEv @ 0xb255d0
GUIDED: _ZN13LowPassFilterI7Vector3IfEE5applyERKS1_RKf @ 0xb25620
GUIDED: _ZN10DigitalLPFI7Vector3IfEE6_applyERKS1_RKf @ 0xb256e0
GUIDED: _ZNK22AP_InertialSensor_TCal13correct_accelEffR7Vector3IfE @ 0x8bbc20
GUIDED: _ZN25AP_InertialSensor_Backend12update_accelEh @ 0x8bc0a0
GUIDED: _ZN25AP_InertialSensor_Backend11update_gyroEh @ 0x8bc1c0
GUIDED: _ZN25AP_InertialSensor_Backend13_publish_gyroEhRK7Vector3IfE @ 0x8bc320
GUIDED: _ZN25AP_InertialSensor_Backend19update_gyro_filtersEh @ 0x8bc490
GUIDED: _ZNK25AP_InertialSensor_Backend19_gyro_filter_cutoffEv @ 0xb259b0
GUIDED: _ZN25AP_InertialSensor_Backend14_publish_accelEhRK7Vector3IfE @ 0x8bc8d0
GUIDED: _ZN25AP_InertialSensor_Backend20update_accel_filtersEh @ 0x8bcb00
GUIDED: _ZNK25AP_InertialSensor_Backend20_accel_filter_cutoffEv @ 0xb25c90
GUIDED: _ZNK5Plane16gcs_mode_enabledEN4Mode6NumberE @ 0x8be870
GUIDED: _ZN4Mode5enterEv @ 0x8be8f0
GUIDED: _ZN4Mode4exitEv @ 0x8bed90
GUIDED: _ZN5Plane16autotune_restoreEv @ 0x8bee10
GUIDED: _ZN16AP_FW_Controller16autotune_restoreEv @ 0x8beed0
GUIDED: _ZN16AP_YawController16autotune_restoreEv @ 0x8bef40
GUIDED: _ZN7Vector3IiE4zeroEv @ 0xb26270
GUIDED: _ZN9AP_Camera16set_is_auto_modeEb @ 0xb262d0
GUIDED: _ZN9QuadPlane10mode_enterEv @ 0x8bf6b0
GUIDED: _ZN7AP_ADSB16set_is_auto_modeEb @ 0xb26330
GUIDED: _ZN18AP_SteerController7reset_IEv @ 0x8bf7f0
GUIDED: _ZN5Plane16control_failsafeEv @ 0x8bf840
GUIDED: _ZN8AC_Fence21manual_recovery_startEv @ 0x8bfc40
GUIDED: _ZN5Plane19update_flight_stageEv @ 0x8bfcd0
GUIDED: _ZN10AP_Landing5resetEv @ 0x8bffb0
GUIDED: _ZNK5Plane18get_throttle_inputEb @ 0x8c0830
GUIDED: _ZNK7AP_AHRS21using_airspeed_sensorEv @ 0x8c0990
GUIDED: _ZNK10RC_Channel15pwm_to_range_dzEt @ 0x8c0bc0
GUIDED: _ZNK10RC_Channel15pwm_to_angle_dzEt @ 0x8c0d60
GUIDED: _ZNK10RC_Channel20pwm_to_angle_dz_trimEtt @ 0x8c0df0
GUIDED: _ZN5Plane16set_flight_stageEN12AP_FixedWing11FlightStageE @ 0x8c1040
GUIDED: _ZN5Plane16Log_Write_StatusEv @ 0x8c19b0
GUIDED: _ZN17AP_InertialSensor8is_stillEv @ 0x8c1ac0
GUIDED: _ZNK5Plane18rc_failsafe_activeEv @ 0x8c1bd0
GUIDED: _ZNK5Plane20rc_throttle_value_okEv @ 0x8c1c70
GUIDED: _ZNK10AP_Vehicle21block_GCS_mode_changeEhPKhh @ 0x8c1d90
GUIDED: _ZN7AP_TECS16set_throttle_minEfb @ 0x8c6830
GUIDED: _ZN6AC_PID10update_allEfffbf @ 0x8c85b0
GUIDED: _ZNK6AC_PID6get_ffEv @ 0x8c8bc0
GUIDED: _ZNK6AC_PID16get_filt_T_alphaEf @ 0x8c8c20
GUIDED: _ZNK6AC_PID16get_filt_E_alphaEf @ 0x8c8ca0
GUIDED: _ZNK6AC_PID16get_filt_D_alphaEf @ 0x8c8d20
GUIDED: _ZN6AC_PID8update_iEfb @ 0x8c8da0
GUIDED: _ZN11SlewLimiter8modifierEff @ 0x8c8fa0
GUIDED: _ZNK11SlewLimiter13get_slew_rateEv @ 0xb27940
GUIDED: _ZL3MINIjjEDTqultfp_fp0_fp_fp0_ERKT_RKT0_.20424 @ 0x8c9520
GUIDED: _ZNK6AC_PID5get_iEv @ 0x8c95a0
GUIDED: _ZN5Plane22calc_altitude_error_cmEv @ 0x8ca720
GUIDED: _ZL3MAXIffEDTqugtfp_fp0_fp_fp0_ERKT_RKT0_.12726 @ 0x8ca800
GUIDED: _ZN5Plane12fly_invertedEv @ 0x8cc6c0
GUIDED: _ZNK7Vector2IfE10normalizedEv @ 0xb286a0
GUIDED: _ZN6AC_PID21set_notch_sample_rateEf @ 0x8ded20
GUIDED: _ZN5Plane14failsafe_checkEv @ 0x8ea080
GUIDED: _ZN11RC_Channels10read_inputEv @ 0x8ea3a0
GUIDED: _ZN5Plane15flaperon_updateEv @ 0x8eaba0
GUIDED: _ZN11GCS_MAVLINK21send_servo_output_rawEv @ 0x8eac90
GUIDED: _ZL33mavlink_msg_servo_output_raw_send17mavlink_channel_tjhtttttttttttttttt @ 0x8eb0b0
GUIDED: _ZN12SRV_Channels13set_slew_rateEN11SRV_Channel8FunctionEftf @ 0x8eb380
GUIDED: _ZN10RC_Channel6updateEv @ 0x8ecc30
GUIDED: _ZN11RC_Channels23rudder_arm_disarm_checkEv @ 0x8ecda0
GUIDED: _ZNK10RC_Channel12pwm_to_rangeEv @ 0x8ecfa0
GUIDED: _ZNK10RC_Channel12pwm_to_angleEv @ 0x8ed010
GUIDED: _ZNK7AP_AHRS18get_yaw_rate_earthEv @ 0xb30ba0
GUIDED: _ZNK12NavEKF3_core9getMagXYZER7Vector3IfE @ 0x917a40
GUIDED: _ZNK12NavEKF2_core9getMagXYZER7Vector3IfE @ 0x917af0
GUIDED: _ZNK12NavEKF3_core9getMagNEDER7Vector3IfE @ 0x917cc0
GUIDED: _ZNK12NavEKF2_core9getMagNEDER7Vector3IfE @ 0x917d70
GUIDED: _ZNK7AP_AHRS9cos_pitchEv @ 0xb30da0
GUIDED: _ZNK7AP_AHRS8cos_rollEv @ 0xb30e40
GUIDED: _ZNK14AP_GPS_Backend32supports_mavlink_gps_rtk_messageEv @ 0xb31110
GUIDED: _ZNK14AP_GPS_Blended7get_lagERf @ 0x91a030
GUIDED: _ZN15AP_Compass_SITL6_timerEv @ 0x91bc20
GUIDED: _ZN7FunctorIvJEE14method_wrapperI15AP_Compass_SITLXadL_ZNS2_6_timerEvEEEEvPv @ 0xb319a0
GUIDED: _Z10rand_vec3fv @ 0x91c150
GUIDED: _ZN7VectorNIN15AP_Compass_SITL16readings_compassELh50EEixEh @ 0xb31a50
GUIDED: _ZN15AP_Compass_SITL26_setup_eliptical_correcionEh @ 0x91c1d0
GUIDED: _ZNK18AP_Compass_Backend21get_board_orientationEv @ 0x91c400
GUIDED: _ZN15AP_Compass_SITL4readEv @ 0x91c450
GUIDED: _ZNK22AP_BattMonitor_Backend17has_cell_voltagesEv @ 0xb33030
GUIDED: _ZNK22AP_BattMonitor_Backend15has_temperatureEv @ 0xb33080
GUIDED: _ZNK22AP_BattMonitor_Backend15get_temperatureERf @ 0x91fd40
GUIDED: _ZNK22AP_BattMonitor_Backend22capacity_remaining_pctERh @ 0x91fe00
GUIDED: _ZN22AP_BattMonitor_Backend26update_resistance_estimateEv @ 0x91ff80
GUIDED: _ZN22AP_BattMonitor_Backend16update_failsafesEv @ 0x9202d0
GUIDED: _ZNK22AP_BattMonitor_Backend25get_mavlink_fault_bitmaskEv @ 0xb33130
GUIDED: _ZL3MINIifEDTqultfp_fp0_fp_fp0_ERKT_RKT0_.19314 @ 0x9205f0
GUIDED: _ZN21AP_BattMonitor_Analog4readEv @ 0x922290
GUIDED: _ZNK21AP_BattMonitor_Analog19has_consumed_energyEv @ 0xb33e20
GUIDED: _ZNK21AP_BattMonitor_Analog11has_currentEv @ 0x922490
GUIDED: _ZN15AP_Baro_Backend17_copy_to_frontendEhff @ 0x93c0a0
GUIDED: _ZN12AP_Baro_SITL6_timerEv @ 0x93d330
GUIDED: _ZN7FunctorIvJEE14method_wrapperI12AP_Baro_SITLXadL_ZNS2_6_timerEvEEEEvPv @ 0xb3c960
GUIDED: _ZN7VectorNIN12AP_Baro_SITL13readings_baroELh50EEixEh @ 0xb3ca10
GUIDED: _ZN12AP_Baro_SITL22temperature_adjustmentERfS0_ @ 0x93d720
GUIDED: _ZN12AP_Baro_SITL24wind_pressure_correctionEh @ 0x93d910
GUIDED: _ZL2sqf.2785 @ 0x93db20
GUIDED: _ZN7AP_Baro22_get_air_density_ratioEv @ 0x93db70
GUIDED: _ZL2sqf.2764 @ 0x93dc10
GUIDED: _ZN12AP_Baro_SITL6updateEv @ 0x93dd00
GUIDED: _ZN12AP_Baro_SITL19update_healthy_flagEh @ 0xb3cb20
GUIDED: _ZN12AP_Baro_SITL7healthyEh @ 0x93ddb0
GUIDED: _ZN9AP_Notify19set_flight_mode_strEPKc @ 0x93e0a0
GUIDED: _ZN6RGBLed6updateEv @ 0x943cf0
GUIDED: _ZN6RGBLed8_set_rgbEhhh @ 0x944120
GUIDED: _ZNK6RGBLed10rgb_sourceEv @ 0x944230
GUIDED: _ZNK6RGBLed19get_colour_sequenceEv @ 0x944490
GUIDED: _ZNK6RGBLed14get_brightnessEv @ 0x944880
GUIDED: _ZN6RGBLed7set_rgbEhhh @ 0x944980
GUIDED: _ZN10IS31FL31956_timerEv @ 0x944a40
GUIDED: _ZN7FunctorIvJEE14method_wrapperI10IS31FL3195XadL_ZNS2_6_timerEvEEEEvPv @ 0xb3dc90
GUIDED: _ZN6LP55626_timerEv @ 0x944fd0
GUIDED: _ZN7FunctorIvJEE14method_wrapperI6LP5562XadL_ZNS2_6_timerEvEEEEvPv @ 0xb3e000
GUIDED: _ZN14ToshibaLED_I2C6_timerEv @ 0x946e00
GUIDED: _ZN7FunctorIvJEE14method_wrapperI14ToshibaLED_I2CXadL_ZNS2_6_timerEvEEEEvPv @ 0xb3ed10
GUIDED: _ZL3MAXIfiEDTqugtfp_fp0_fp_fp0_ERKT_RKT0_.12478 @ 0x9477e0
GUIDED: _ZNK9QuadPlane14show_vtol_viewEv @ 0x9479d0
GUIDED: _ZN5Plane20nav_scripting_activeEv @ 0x947d70
GUIDED: _ZNK8Location11same_loc_asERKS_ @ 0xb3f000
GUIDED: _ZN5Plane14fix_terrain_WPER8Locationj @ 0x947e80
GUIDED: _ZNK8Location14same_latlon_asERKS_ @ 0x947f80
GUIDED: _ZNK8Location11same_alt_asERKS_ @ 0x948020
GUIDED: _ZN5Plane13set_guided_WPERK8Location @ 0x948120
GUIDED: _ZN5Plane27set_target_altitude_currentEv @ 0x948270
GUIDED: _ZN5Plane15setup_alt_slopeEv @ 0x948350
GUIDED: _ZN5Plane16setup_turn_angleEv @ 0x948560
GUIDED: _ZN5Plane18loiter_angle_resetEv @ 0x948640
GUIDED: _ZN10AP_Mission25get_next_ground_course_cdEi @ 0x9486b0
GUIDED: _Z11wrap_180_cdIiET_S0_ @ 0xb3f0a0
GUIDED: _ZNK8Location20line_path_proportionERKS_S1_ @ 0x9487d0
GUIDED: _ZN7AP_TECS19set_path_proportionEf @ 0xb3f110
GUIDED: _ZN5Plane22above_location_currentERK8Location @ 0x9488d0
GUIDED: _ZN5Plane21reset_offset_altitudeEv @ 0x948c20
GUIDED: _ZL2sqf.3123 @ 0x948c70
GUIDED: _ZNK5Plane31terrain_enabled_in_current_modeEv @ 0x948cc0
GUIDED: _ZNK5Plane23terrain_enabled_in_modeEN4Mode6NumberE @ 0x948dc0
GUIDED: _ZN9QuadPlane9is_flyingEv @ 0x9490d0
GUIDED: _ZN7FunctorIvJEE14method_wrapperI5PlaneXadL_ZNS2_11ahrs_updateEvEEEEvPv @ 0xb3f190
GUIDED: _ZN7FunctorIvJEE14method_wrapperI5PlaneXadL_ZNS2_19update_control_modeEvEEEEvPv @ 0xb3f240
GUIDED: _ZN7FunctorIvJEE14method_wrapperI5PlaneXadL_ZNS2_9stabilizeEvEEEEvPv @ 0xb3f2f0
GUIDED: _ZN7FunctorIvJEE14method_wrapperI5PlaneXadL_ZNS2_10set_servosEvEEEEvPv @ 0xb3f3a0
GUIDED: _ZN7FunctorIvJEE14method_wrapperI5PlaneXadL_ZNS2_10read_radioEvEEEEvPv @ 0xb3f450
GUIDED: _ZN7FunctorIvJEE14method_wrapperI5PlaneXadL_ZNS2_20check_short_failsafeEvEEEEvPv @ 0xb3f500
GUIDED: _ZN7FunctorIvJEE14method_wrapperI5PlaneXadL_ZNS2_19update_speed_heightEvEEEEvPv @ 0xb3f5b0
GUIDED: _ZN7FunctorIvJEE14method_wrapperI5PlaneXadL_ZNS2_21update_throttle_hoverEvEEEEvPv @ 0xb3f660
GUIDED: _ZN7FunctorIvJEE14method_wrapperI11RC_ChannelsXadL_ZNS2_16read_mode_switchEvEEEEvPv @ 0xb3f710
GUIDED: _ZN7FunctorIvJEE14method_wrapperI5PlaneXadL_ZNS2_15update_GPS_50HzEvEEEEvPv @ 0xb3f7b0
GUIDED: _ZN7FunctorIvJEE14method_wrapperI5PlaneXadL_ZNS2_15update_GPS_10HzEvEEEEvPv @ 0xb3f860
GUIDED: _ZN7FunctorIvJEE14method_wrapperI5PlaneXadL_ZNS2_8navigateEvEEEEvPv @ 0xb3f910
GUIDED: _ZN7FunctorIvJEE14method_wrapperI5PlaneXadL_ZNS2_14update_compassEvEEEEvPv @ 0xb3f9c0
GUIDED: _ZN7FunctorIvJEE14method_wrapperI5PlaneXadL_ZNS2_20calc_airspeed_errorsEvEEEEvPv @ 0xb3fa70
GUIDED: _ZN7FunctorIvJEE14method_wrapperI5PlaneXadL_ZNS2_10update_altEvEEEEvPv @ 0xb3fb20
GUIDED: _ZN7FunctorIvJEE14method_wrapperI5PlaneXadL_ZNS2_22adjust_altitude_targetEvEEEEvPv @ 0xb3fbd0
GUIDED: _ZN7FunctorIvJEE14method_wrapperI5PlaneXadL_ZNS2_12afs_fs_checkEvEEEEvPv @ 0xb3fc80
GUIDED: _ZN7FunctorIvJEE14method_wrapperI5PlaneXadL_ZNS2_9ekf_checkEvEEEEvPv @ 0xb3fd30
GUIDED: _ZN7FunctorIvJEE14method_wrapperI3GCSXadL_ZNS2_14update_receiveEvEEEEvPv @ 0xb3fde0
GUIDED: _ZN7FunctorIvJEE14method_wrapperI3GCSXadL_ZNS2_11update_sendEvEEEEvPv @ 0xb3fe90
GUIDED: _ZN7FunctorIvJEE14method_wrapperI19AP_ServoRelayEventsXadL_ZNS2_13update_eventsEvEEEEvPv @ 0xb3ff40
GUIDED: _ZN7FunctorIvJEE14method_wrapperI14AP_BattMonitorXadL_ZNS2_4readEvEEEEvPv @ 0xb3fff0
GUIDED: _ZN7FunctorIvJEE14method_wrapperI5PlaneXadL_ZNS2_16read_rangefinderEvEEEEvPv @ 0xb400a0
GUIDED: _ZN7FunctorIvJEE14method_wrapperI11AP_ICEngineXadL_ZNS2_6updateEvEEEEvPv @ 0xb40150
GUIDED: _ZN7FunctorIvJEE14method_wrapperI14AP_OpticalFlowXadL_ZNS2_6updateEvEEEEvPv @ 0xb40200
GUIDED: _ZN7FunctorIvJEE14method_wrapperI5PlaneXadL_ZNS2_15one_second_loopEvEEEEvPv @ 0xb402b0
GUIDED: _ZN7FunctorIvJEE14method_wrapperI5PlaneXadL_ZNS2_13three_hz_loopEvEEEEvPv @ 0xb40360
GUIDED: _ZN7FunctorIvJEE14method_wrapperI5PlaneXadL_ZNS2_19check_long_failsafeEvEEEEvPv @ 0xb40410
GUIDED: _ZN7FunctorIvJEE14method_wrapperI5PlaneXadL_ZNS2_21airspeed_ratio_updateEvEEEEvPv @ 0xb404c0
GUIDED: _ZN7FunctorIvJEE14method_wrapperI8AP_MountXadL_ZNS2_6updateEvEEEEvPv @ 0xb40570
GUIDED: _ZN7FunctorIvJEE14method_wrapperI9AP_CameraXadL_ZNS2_6updateEvEEEEvPv @ 0xb40620
GUIDED: _ZN7FunctorIvJEE14method_wrapperI12AP_SchedulerXadL_ZNS2_14update_loggingEvEEEEvPv @ 0xb406d0
GUIDED: _ZN7FunctorIvJEE14method_wrapperI5PlaneXadL_ZNS2_18Log_Write_FullRateEvEEEEvPv @ 0xb40780
GUIDED: _ZN7FunctorIvJEE14method_wrapperI5PlaneXadL_ZNS2_16update_logging10EvEEEEvPv @ 0xb40830
GUIDED: _ZN7FunctorIvJEE14method_wrapperI5PlaneXadL_ZNS2_16update_logging25EvEEEEvPv @ 0xb408e0
GUIDED: _ZN7FunctorIvJEE14method_wrapperI5PlaneXadL_ZNS2_14update_soaringEvEEEEvPv @ 0xb40990
GUIDED: _ZN7FunctorIvJEE14method_wrapperI5PlaneXadL_ZNS2_15parachute_checkEvEEEEvPv @ 0xb40a40
GUIDED: _ZN7FunctorIvJEE14method_wrapperI10AP_TerrainXadL_ZNS2_6updateEvEEEEvPv @ 0xb40af0
GUIDED: _ZN7FunctorIvJEE14method_wrapperI5PlaneXadL_ZNS2_20update_is_flying_5HzEvEEEEvPv @ 0xb40ba0
GUIDED: _ZN7FunctorIvJEE14method_wrapperI9AP_LoggerXadL_ZNS2_14periodic_tasksEvEEEEvPv @ 0xb40c50
GUIDED: _ZN7FunctorIvJEE14method_wrapperI17AP_InertialSensorXadL_ZNS2_8periodicEvEEEEvPv @ 0xb40d00
GUIDED: _ZN7FunctorIvJEE14method_wrapperI5PlaneXadL_ZNS2_21avoidance_adsb_updateEvEEEEvPv @ 0xb40db0
GUIDED: _ZN7FunctorIvJEE14method_wrapperI11RC_ChannelsXadL_ZNS2_12read_aux_allEvEEEEvPv @ 0xb40e60
GUIDED: _ZN7FunctorIvJEE14method_wrapperI9AP_ButtonXadL_ZNS2_6updateEvEEEEvPv @ 0xb40f10
GUIDED: _ZN7FunctorIvJEE14method_wrapperI5PlaneXadL_ZNS2_19landing_gear_updateEvEEEEvPv @ 0xb40fc0
GUIDED: _ZN7FunctorIvJEE14method_wrapperI5PlaneXadL_ZNS2_15precland_updateEvEEEEvPv @ 0xb41070
GUIDED: _ZN7FunctorIvJEE14method_wrapperI5PlaneXadL_ZNS2_16update_quicktuneEvEEEEvPv @ 0xb41120
GUIDED: _ZN5Plane16update_quicktuneEv @ 0x949920
GUIDED: _ZN12AP_Quicktune6updateEb @ 0x9499a0
GUIDED: _ZN5Plane15precland_updateEv @ 0x94bce0
GUIDED: _ZN11AC_PrecLand6updateEfb @ 0x94bd70
GUIDED: _ZNK7AP_AHRS37get_relative_position_NE_origin_floatER7Vector2IfE @ 0x94cea0
GUIDED: _ZNK7AP_AHRS31get_relative_position_NE_originER7Vector2IdE @ 0x94cf50
GUIDED: _ZN5Plane19landing_gear_updateEv @ 0x94e6f0
GUIDED: _ZN14AP_LandingGear6updateEf @ 0x94e770
GUIDED: _ZN9AP_Button6updateEv @ 0x94ebe0
GUIDED: _ZN11RC_Channels12read_aux_allEv @ 0x94f860
GUIDED: _ZN10RC_Channel8read_auxEv @ 0x94f950
GUIDED: _ZN9AP_Logger10Write_RCINEv @ 0x94fb50
GUIDED: _ZN11RC_Channels12get_radio_inEPth @ 0x94fd40
GUIDED: _ZNK11RC_Channels17get_override_maskEv @ 0x94fe30
GUIDED: _ZL3MINIhiEDTqultfp_fp0_fp_fp0_ERKT_RKT0_.7413 @ 0x94fef0
GUIDED: _ZN5Plane21avoidance_adsb_updateEv @ 0x950300
GUIDED: _ZN7AP_ADSB6updateEv @ 0x950370
GUIDED: _ZN12AP_Avoidance6updateEv @ 0x950550
GUIDED: _ZN12AP_Avoidance13check_startupEv @ 0x950610
GUIDED: _ZN7AP_ADSB3LocC2Ev @ 0xb41db0
GUIDED: _ZNK7AP_AHRS19get_vert_pos_rate_DERf @ 0x951e50
GUIDED: _ZN7AP_ADSB6updateERKNS_3LocE @ 0x951f80
GUIDED: _ZNK7NavEKF320getPosDownDerivativeEv @ 0x952640
GUIDED: _ZNK12NavEKF3_core20getPosDownDerivativeEv @ 0x952890
GUIDED: _ZNK12NavEKF2_core20getPosDownDerivativeEv @ 0x9528f0
GUIDED: _ZN17AP_InertialSensor8periodicEv @ 0x952950
GUIDED: _ZN17AP_InertialSensor12BatchSampler8periodicEv @ 0x9529b0
GUIDED: _ZN9AP_Logger14periodic_tasksEv @ 0x952fd0
GUIDED: _ZN5Plane20update_is_flying_5HzEv @ 0x953070
GUIDED: _ZL3MAXI9AP_ParamTIsL11ap_var_type2EEiEDTqugtfp_fp0_fp_fp0_ERKT_RKT0_.1261 @ 0x953790
GUIDED: _ZNK10AP_Landing14is_on_approachEv @ 0x953970
GUIDED: _ZNK10AP_Landing10is_flaringEv @ 0x953a50
GUIDED: _ZN7AP_ADSB13set_is_flyingEb @ 0xb41e70
GUIDED: _ZN12AP_Parachute13set_is_flyingEb @ 0xb41ed0
GUIDED: _ZN8AP_Stats10set_flyingEb @ 0x953b20
GUIDED: _ZN5Plane22crash_detection_updateEv @ 0x953bf0
GUIDED: _ZN10AP_Vehicle17set_likely_flyingEb @ 0xb41f40
GUIDED: _ZN10AP_Terrain6updateEv @ 0x9543c0
GUIDED: _ZN10AP_Terrain16schedule_disk_ioEv @ 0x954590
GUIDED: _ZN10AP_Terrain19update_mission_dataEv @ 0x9547e0
GUIDED: _ZN10AP_Terrain17update_rally_dataEv @ 0x954af0
GUIDED: _ZN10AP_Terrain24update_surrounding_tilesERK8Location @ 0x954cc0
GUIDED: _ZNK8AP_Rally19last_change_time_msEv @ 0xb41fd0
GUIDED: _ZNK10AP_Mission19last_change_time_msEv @ 0xb42020
GUIDED: _ZN10AP_Terrain15check_disk_readEv @ 0x954e40
GUIDED: _ZN10AP_Terrain16check_disk_writeEv @ 0x954f20
GUIDED: _ZN10AP_Terrain8io_timerEv @ 0x955280
GUIDED: _ZN7FunctorIvJEE14method_wrapperI10AP_TerrainXadL_ZNS2_8io_timerEvEEEEvPv @ 0xb420d0
GUIDED: _ZN5Plane15parachute_checkEv @ 0x955da0
GUIDED: _ZN12AP_Parachute6updateEv @ 0x955e10
GUIDED: _ZN12AP_Parachute15check_sink_rateEv @ 0x9560a0
GUIDED: _ZN5Plane14update_soaringEv @ 0x956150
GUIDED: _ZN17SoaringController19update_active_stateEb @ 0x956370
GUIDED: _ZNK17SoaringController9is_activeEv @ 0xb42180
GUIDED: _ZNK7AP_TECS19get_target_airspeedEv @ 0xb426b0
GUIDED: _ZN13AverageFilterIffLh5EE5applyEf @ 0xb430a0
GUIDED: _ZNK17SoaringController12active_stateEb @ 0x959b10
GUIDED: _ZN5Plane16update_logging25Ev @ 0x959c30
GUIDED: _ZN5Plane18Log_Write_AttitudeEv @ 0x959d90
GUIDED: _ZN5Plane24Log_Write_Control_TuningEv @ 0x95a1f0
GUIDED: _ZNK17AP_InertialSensor24write_notch_log_messagesEv @ 0x95a3f0
GUIDED: _ZN10AP_GyroFFT18write_log_messagesEv @ 0x95a6f0
GUIDED: _ZN5Plane20Log_Write_Nav_TuningEv @ 0x95a920
GUIDED: _ZN5Plane16Log_Write_GuidedEv @ 0x95aa80
GUIDED: _ZN5Plane12Log_Write_RCEv @ 0x95ab80
GUIDED: _ZNK17AP_InertialSensor15Write_VibrationEv @ 0x95ac30
GUIDED: _ZNK17AP_InertialSensor20get_accel_clip_countEh @ 0x95ad50
GUIDED: _ZN9AP_Logger11Write_RCOUTEv @ 0x95adf0
GUIDED: _ZN5Plane14Log_Write_AETREv @ 0x95b3c0
GUIDED: _ZN9AP_Logger9Write_PIDEhRK10AP_PIDInfo @ 0x95b590
GUIDED: _ZNK5Plane11GuidedState32target_location_alt_is_minus_oneEv @ 0x95b720
GUIDED: _ZNK7AP_AHRS17airspeed_estimateERfRNS_20AirspeedEstimateTypeE @ 0x95bd90
GUIDED: _ZNK7AP_AHRS18synthetic_airspeedERf @ 0x95be30
GUIDED: _ZN7AP_TECS19get_throttle_demandEv @ 0xb43710
GUIDED: _ZNK11AP_AHRS_DCM22synthetic_airspeed_EASERf @ 0xb43770
GUIDED: _ZNK7AP_AHRS14Write_AttitudeERK7Vector3IfE @ 0x95bfb0
GUIDED: _ZNK16AP_YawController7enabledEv @ 0xb438d0
GUIDED: _ZNK18AP_SteerController6activeEv @ 0x95c180
GUIDED: _ZN7AP_AHRS9Log_WriteEv @ 0x95c1f0
GUIDED: _ZN7NavEKF29Log_WriteEv @ 0x95c280
GUIDED: _ZN7NavEKF39Log_WriteEv @ 0x95c390
GUIDED: _ZNK7AP_AHRS11Write_AHRS2Ev @ 0x95c4a0
GUIDED: _ZNK7AP_AHRS9Write_POSEv @ 0x95c680
GUIDED: _ZN4SITL3SIM18Log_Write_SIMSTATEEv @ 0x95c7e0
GUIDED: _ZNK7AP_AHRS36get_relative_position_D_origin_floatERf @ 0x95c970
GUIDED: _ZNK7AP_AHRS22get_secondary_attitudeER7Vector3IfE @ 0xb43a00
GUIDED: _ZNK7AP_AHRS22get_secondary_positionER8Location @ 0xb43a80
GUIDED: _ZNK7AP_AHRS24get_secondary_quaternionER11QuaternionTIfE @ 0xb43b00
GUIDED: _ZL7degreesf.2388 @ 0x95ca00
GUIDED: _ZN12NavEKF3_core9Log_WriteEm @ 0x95ca50
GUIDED: _ZNK7AP_EnumIN7NavEKF38LogLevelEEcvKS1_Ev @ 0xb43b80
GUIDED: _ZNK12NavEKF3_core14Log_Write_XKF4Em @ 0x95cba0
GUIDED: _ZN12NavEKF3_core13Log_Write_GSFEm @ 0x95cef0
GUIDED: _ZNK12NavEKF3_core14Log_Write_XKF1Em @ 0x95cfa0
GUIDED: _ZNK12NavEKF3_core14Log_Write_XKF2Em @ 0x95d270
GUIDED: _ZNK12NavEKF3_core14Log_Write_XKF3Em @ 0x95d510
GUIDED: _ZNK12NavEKF3_core14Log_Write_XKF5Em @ 0x95d770
GUIDED: _ZNK12NavEKF3_core14Log_Write_XKFSEm @ 0x95d9d0
GUIDED: _ZNK12NavEKF3_core20Log_Write_QuaternionEm @ 0x95dae0
GUIDED: _ZN12NavEKF3_core16Log_Write_BeaconEm @ 0x95dbc0
GUIDED: _ZN12NavEKF3_core18Log_Write_BodyOdomEm @ 0x95deb0
GUIDED: _ZN12NavEKF3_core25Log_Write_State_VariancesEm @ 0x95e020
GUIDED: _ZN12NavEKF3_core16Log_Write_TimingEm @ 0x95e340
GUIDED: _ZNK6AP_DAL12logging_coreEh @ 0x95e4a0
GUIDED: _ZL3MAXIjjEDTqugtfp_fp0_fp_fp0_ERKT_RKT0_.5171 @ 0x95e4f0
GUIDED: _ZNK16AP_NavEKF_Source21getPosVelYawSourceSetEv @ 0xb43bd0
GUIDED: _ZL3MAXIddEDTqugtfp_fp0_fp_fp0_ERKT_RKT0_.5169 @ 0x95e570
GUIDED: _ZL3MINIdiEDTqultfp_fp0_fp_fp0_ERKT_RKT0_.5170 @ 0x95e5f0
GUIDED: _ZNK12NavEKF3_core14getInnovationsER7Vector3IfES2_S2_RfS3_ @ 0x95e690
GUIDED: _ZL7degreesf.5167 @ 0x95e890
GUIDED: _ZNK12NavEKF3_core26getSynthAirDataInnovationsER7Vector2IfERf @ 0x95e8e0
GUIDED: _ZN10EKFGSF_yaw9Log_WriteEm11LogMessagesS0_h @ 0x95e9b0
GUIDED: _ZL7degreesf.20074 @ 0x95ed30
GUIDED: _ZL3MAXIffEDTqugtfp_fp0_fp_fp0_ERKT_RKT0_.20075 @ 0x95ed80
GUIDED: _ZL3MAXIdfEDTqugtfp_fp0_fp_fp0_ERKT_RKT0_.5168 @ 0x95ee00
GUIDED: _ZN12NavEKF2_core9Log_WriteEm @ 0x95eea0
GUIDED: _ZNK12NavEKF2_core14Log_Write_NKF1Em @ 0x95ef70
GUIDED: _ZNK12NavEKF2_core14Log_Write_NKF2Em @ 0x95f240
GUIDED: _ZNK12NavEKF2_core14Log_Write_NKF3Em @ 0x95f4a0
GUIDED: _ZNK12NavEKF2_core14Log_Write_NKF4Em @ 0x95f6e0
GUIDED: _ZNK12NavEKF2_core14Log_Write_NKF5Em @ 0x95fa20
GUIDED: _ZNK12NavEKF2_core20Log_Write_QuaternionEm @ 0x95fc80
GUIDED: _ZNK12NavEKF2_core13Log_Write_GSFEm @ 0x95fd60
GUIDED: _ZN12NavEKF2_core16Log_Write_BeaconEm @ 0x95fe10
GUIDED: _ZN12NavEKF2_core16Log_Write_TimingEm @ 0x9600c0
GUIDED: _ZL3MAXIddEDTqugtfp_fp0_fp_fp0_ERKT_RKT0_ @ 0x960220
GUIDED: _ZL3MINIdiEDTqultfp_fp0_fp_fp0_ERKT_RKT0_ @ 0x9602a0
GUIDED: _ZNK12NavEKF2_core18getFilterGpsStatusER14nav_gps_status @ 0x960340
GUIDED: _ZNK12NavEKF2_core14getInnovationsER7Vector3IfES2_S2_RfS3_ @ 0x9605f0
GUIDED: _ZL7degreesf.4695 @ 0x9607f0
GUIDED: _ZNK12NavEKF2_core27getGyroScaleErrorPercentageER7Vector3IfE @ 0x960840
GUIDED: _ZNK16AP_YawController20rate_control_enabledEv @ 0xb43c20
GUIDED: _ZN5Plane16update_logging10Ev @ 0x960930
GUIDED: _ZNK7AP_AHRS13Write_AOA_SSAEv @ 0x960a40
GUIDED: _ZN8AP_Mount9write_logEv @ 0x960ae0
GUIDED: _ZNK7AP_AHRS6getAOAEv @ 0xb43c90
GUIDED: _ZNK7AP_AHRS6getSSAEv @ 0xb43ce0
GUIDED: _ZN5Plane18Log_Write_FullRateEv @ 0x960b90
GUIDED: _ZN12AP_Scheduler14update_loggingEv @ 0x960c30
GUIDED: _ZN12AP_Scheduler11debug_flagsEv @ 0xb43d30
GUIDED: _ZN12AP_Scheduler21Log_Write_PerformanceEv @ 0x960ea0
GUIDED: _ZN2AP8PerfInfo13has_task_infoEv @ 0xb43d90
GUIDED: _ZNK2AP8PerfInfo20get_num_long_runningEv @ 0x9610b0
GUIDED: _ZNK2AP8PerfInfo13get_num_loopsEv @ 0x961100
GUIDED: _ZNK2AP8PerfInfo12get_max_timeEv @ 0x961150
GUIDED: _ZN12AP_Scheduler12load_averageEv @ 0x9611a0
GUIDED: _ZNK16AP_InternalError5countEv @ 0xb43df0
GUIDED: _ZN9AP_Camera6updateEv @ 0x9613e0
GUIDED: _ZN8AP_Mount6updateEv @ 0x9614a0
GUIDED: _ZN5Plane21airspeed_ratio_updateEv @ 0x961550
GUIDED: _ZN11AP_Airspeed18update_calibrationERK7Vector3IfEs @ 0x9617c0
GUIDED: _ZN11AP_Airspeed18update_calibrationEhRK7Vector3IfEs @ 0x961870
GUIDED: _ZN11AP_Airspeed25send_airspeed_calibrationERK7Vector3IfE @ 0x961d40
GUIDED: _ZN5Plane19check_long_failsafeEv @ 0x962620
GUIDED: _ZN5Plane13three_hz_loopEv @ 0x963340
GUIDED: _ZN5Plane11fence_checkEv @ 0x963390
GUIDED: _ZNK8AC_Fence10get_actionEv @ 0xb44430
GUIDED: _ZN5Plane15one_second_loopEv @ 0x964180
GUIDED: _ZN7AP_ADSB18set_stall_speed_cmEt @ 0xb44700
GUIDED: _ZN7AP_ADSB13set_max_speedEs @ 0xb44790
GUIDED: _ZN10AP_Terrain16log_terrain_dataEv @ 0x964630
GUIDED: _ZN16AP_FW_Controller21set_notch_sample_rateEf @ 0xb44830
GUIDED: _ZN16AP_YawController21set_notch_sample_rateEf @ 0xb448a0
GUIDED: _ZN14AP_OpticalFlow6updateEv @ 0x964bc0
GUIDED: _ZN11AP_ICEngine6updateEv @ 0x966170
GUIDED: _ZNK12AP_Parachute17release_initiatedEv @ 0xb44910
GUIDED: _ZN5Plane16read_rangefinderEv @ 0x967060
GUIDED: _ZN11RangeFinder28set_estimated_terrain_heightEf @ 0xb44970
GUIDED: _ZN11RangeFinder6updateEv @ 0x967170
GUIDED: _ZN5Plane25rangefinder_height_updateEv @ 0x967290
GUIDED: _ZNK11RangeFinder8Log_RFNDEv @ 0x967a30
GUIDED: _ZN14AP_BattMonitor4readEv @ 0x967b70
GUIDED: _ZN9AP_Logger11Write_PowerEv @ 0x967da0
GUIDED: _ZNK22AP_BattMonitor_Backend13Log_Write_BATEhm @ 0x967df0
GUIDED: _ZNK22AP_BattMonitor_Backend13Log_Write_BCLEhm @ 0x968090
GUIDED: _ZN14AP_BattMonitor15check_failsafesEv @ 0x968290
GUIDED: _ZN14AP_BattMonitor16checkPoweringOffEv @ 0x9685a0
GUIDED: _ZNK22AP_BattMonitor_Backend23get_state_of_health_pctERh @ 0x968700
GUIDED: _ZN5Plane9ekf_checkEv @ 0x968790
GUIDED: _ZNK9QuadPlane19in_vtol_posvel_modeEv @ 0x968a40
GUIDED: _ZN5Plane22failsafe_ekf_off_eventEv @ 0x968ba0
GUIDED: _ZN5Plane12afs_fs_checkEv @ 0x968f60
GUIDED: _ZN19AP_AdvancedFailsafe5checkEj @ 0x968fc0
GUIDED: _ZN5Plane22adjust_altitude_targetEv @ 0x969d50
GUIDED: _ZN5Plane10update_altEv @ 0x969db0
GUIDED: _ZN12AP_Parachute13set_sink_rateEf @ 0x96a1e0
GUIDED: _ZNK9QuadPlane19should_disable_TECSEv @ 0x96a2d0
GUIDED: _ZNK8ModeAuto9in_pullupEv @ 0xb44b80
GUIDED: _ZN5Plane27relative_target_altitude_cmEv @ 0x96a410
GUIDED: _ZN5Plane24get_takeoff_pitch_min_cdEv @ 0x96a5f0
GUIDED: _ZN5Plane12tecs_hgt_afeEv @ 0x96a800
GUIDED: _ZN7AP_TECS21update_pitch_throttleEiiN12AP_FixedWing11FlightStageEfisfff @ 0x96a8d0
GUIDED: _ZN7AP_TECS23_update_throttle_limitsEv @ 0x96b0e0
GUIDED: _ZN7AP_TECS20_update_pitch_limitsEi @ 0x96b350
GUIDED: _ZN7AP_TECS18_initialise_statesEf @ 0x96b8c0
GUIDED: _ZN7AP_TECS20_update_STE_rate_limEv @ 0x96bda0
GUIDED: _ZN7AP_TECS20_update_speed_demandEv @ 0x96be50
GUIDED: _ZN7AP_TECS21_update_height_demandEv @ 0x96c1f0
GUIDED: _ZN7AP_TECS18_detect_underspeedEv @ 0x96cad0
GUIDED: _ZN7AP_TECS16_update_energiesEv @ 0x96ccb0
GUIDED: _ZN7AP_TECS13_update_pitchEv @ 0x96cdc0
GUIDED: _ZN7AP_TECS30_update_throttle_with_airspeedEv @ 0x96d930
GUIDED: _ZN7AP_TECS19_detect_bad_descentEv @ 0x96e540
GUIDED: _ZNK7AP_TECS13option_is_setENS_6OptionE @ 0xb44be0
GUIDED: _ZL7radiansf.12736 @ 0x96e6b0
GUIDED: _ZL2sqf.12729 @ 0x96e700
GUIDED: _ZN7AP_TECS18constrain_throttleEv @ 0x96e750
GUIDED: _ZL3MINIffEDTqultfp_fp0_fp_fp0_ERKT_RKT0_.12727 @ 0x96e820
GUIDED: _ZNK7AP_TECS12timeConstantEv @ 0x96e8b0
GUIDED: _ZN7AP_TECS11_get_i_gainEv @ 0x96e9c0
GUIDED: _ZL3MAXI9AP_ParamTIfL11ap_var_type4EEfEDTqugtfp_fp0_fp_fp0_ERKT_RKT0_.12728 @ 0x96eac0
GUIDED: _ZN5Plane22rangefinder_correctionEv @ 0x96ece0
GUIDED: _ZN5Plane21reached_loiter_targetEv @ 0x96f1d0
GUIDED: _ZNK12GliderPullup9in_pullupEv @ 0x96f4b0
GUIDED: _ZN5Plane20calc_airspeed_errorsEv @ 0x96f570
GUIDED: _ZL3MAXIffEDTqugtfp_fp0_fp_fp0_ERKT_RKT0_.1632 @ 0x9701f0
GUIDED: _ZN5Plane17calc_speed_scalerEv @ 0x970270
GUIDED: _ZL3MAXI9AP_ParamTIsL11ap_var_type2EEiEDTqugtfp_fp0_fp_fp0_ERKT_RKT0_ @ 0x971590
GUIDED: _ZL3MINIffEDTqultfp_fp0_fp_fp0_ERKT_RKT0_ @ 0x971620
GUIDED: _ZL3MAXIffEDTqugtfp_fp0_fp_fp0_ERKT_RKT0_ @ 0x9716b0
GUIDED: _ZL3MAXIfiEDTqugtfp_fp0_fp_fp0_ERKT_RKT0_ @ 0x9717c0
GUIDED: _ZN5Plane14update_compassEv @ 0x971860
GUIDED: _ZN5Plane8navigateEv @ 0x9718c0
GUIDED: _ZN5Plane21check_home_alt_changeEv @ 0x9719f0
GUIDED: _ZN5Plane19loiter_angle_updateEv @ 0x971af0
GUIDED: _ZN5Plane15update_GPS_10HzEv @ 0x971ef0
GUIDED: _ZN7AP_AHRS13estimate_windEv @ 0xb44e50
GUIDED: _ZN5Plane24calc_gndspeed_undershootEv @ 0x972100
GUIDED: _ZN11AP_AHRS_DCM13estimate_windEv @ 0x9722b0
GUIDED: _ZN5Plane15update_GPS_50HzEv @ 0x972970
GUIDED: _ZN6AP_GPS6updateEv @ 0x9729e0
GUIDED: _ZN6AP_GPS15update_instanceEh @ 0x972b60
GUIDED: _ZN6AP_GPS14update_primaryEv @ 0x973300
GUIDED: _ZN14AP_GPS_Blended19zero_health_counterEv @ 0xb44eb0
GUIDED: _ZN6AP_GPS9Write_GPSEh @ 0x974ad0
GUIDED: _ZL3MINIfiEDTqultfp_fp0_fp_fp0_ERKT_RKT0_.3555 @ 0x974f10
GUIDED: _ZNK6AP_GPS26last_message_delta_time_msEh @ 0xb44f60
GUIDED: _ZNK6AP_GPS10should_logEv @ 0x974fb0
GUIDED: _ZN6AP_GPS16send_blob_updateEh @ 0x976130
GUIDED: _ZN14AP_GPS_Backend14check_new_itowEjj @ 0x97ae80
GUIDED: _ZN12AP_GPS_UBLOX20_request_next_configEv @ 0x97f0e0
GUIDED: _ZN12AP_GPS_UBLOX21_request_message_rateEhh @ 0x97fb80
GUIDED: _ZN12AP_GPS_UBLOX13_request_portEv @ 0x97fc40
GUIDED: _ZN12AP_GPS_UBLOX13_send_messageEhhPKvt @ 0x97fcd0
GUIDED: _ZN12AP_GPS_UBLOX16_update_checksumEPhtRhS1_ @ 0x980b90
GUIDED: _ZN12AP_GPS_UBLOX4readEv @ 0x980cc0
GUIDED: _ZNK12AP_GPS_UBLOX13is_configuredEv @ 0xb45de0
GUIDED: _ZNK12AP_GPS_UBLOX7get_lagERf @ 0x9813a0
GUIDED: _ZNK12AP_GPS_UBLOX10is_healthyEv @ 0x981530
GUIDED: _ZL3MINIjjEDTqultfp_fp0_fp_fp0_ERKT_RKT0_.3850 @ 0x981980
GUIDED: _ZN12AP_GPS_UBLOXUt_ixEm @ 0xb45ef0
GUIDED: _ZN12AP_GPS_UBLOX10_parse_gpsEv @ 0x981a00
GUIDED: _ZN12AP_GPS_UBLOX15_check_new_itowEj @ 0x984ec0
GUIDED: _ZN12AP_GPS_UBLOX23_configure_message_rateEhhh @ 0x984f40
GUIDED: _ZN5Plane21update_throttle_hoverEv @ 0x98c540
GUIDED: _ZN9QuadPlane21update_throttle_hoverEv @ 0x98c5a0
GUIDED: _ZN5Plane19update_speed_heightEv @ 0x98cdb0
GUIDED: _ZN7AP_TECS11update_50hzEv @ 0x98cee0
GUIDED: _ZN7AP_TECS13_update_speedEf @ 0x98d550
GUIDED: _ZNK10AP_Landing11is_on_finalEv @ 0x98de40
GUIDED: _ZN5Plane20check_short_failsafeEv @ 0x98df10
GUIDED: _ZN5Plane10read_radioEv @ 0x98e540
GUIDED: _ZNK5Plane17fence_stickmixingEv @ 0x98e7b0
GUIDED: _ZN10Tailsitter11check_inputEv @ 0x98e860
GUIDED: _ZN9AP_Tuning11check_inputEh @ 0x98e930
GUIDED: _ZN5Plane10set_servosEv @ 0x98f8e0
GUIDED: _ZN9QuadPlane6updateEv @ 0x98fc40
GUIDED: _ZN5Plane12set_throttleEv @ 0x990270
GUIDED: _ZN5Plane20set_takeoff_expectedEv @ 0x9904c0
GUIDED: _ZN5Plane16set_servos_flapsEv @ 0x990620
GUIDED: _ZN5Plane15airbrake_updateEv @ 0x990ab0
GUIDED: _ZN5Plane19throttle_slew_limitEv @ 0x990c30
GUIDED: _ZN11AP_ICEngine17throttle_overrideERff @ 0x990f50
GUIDED: _ZN12ParametersG212FWD_BATT_CMP6updateEv @ 0x991470
GUIDED: _ZNK12ParametersG212FWD_BATT_CMP14apply_throttleEf @ 0x9915f0
GUIDED: _ZN5Plane21apply_throttle_limitsEf @ 0x9916a0
GUIDED: _ZN5Plane17suppress_throttleEv @ 0x9919d0
GUIDED: _ZNK10AP_Landing22is_throttle_suppressedEv @ 0x991e40
GUIDED: _ZN11AP_ICEngine20update_idle_governorERa @ 0x992800
GUIDED: _ZNK12ParametersG212FWD_BATT_CMP13apply_min_maxERaS1_ @ 0x992bf0
GUIDED: _ZN5Plane21throttle_watt_limiterERaS0_ @ 0x992dd0
GUIDED: _ZL3MINIaaEDTqultfp_fp0_fp_fp0_ERKT_RKT0_ @ 0x9930c0
GUIDED: _ZN7AP_TECS16set_throttle_maxEf @ 0x993140
GUIDED: _ZNK14AP_BattMonitor18overpower_detectedEv @ 0x9931c0
GUIDED: _ZN5Plane9stabilizeEv @ 0x997250
GUIDED: _ZL7degreesf.12555 @ 0x997be0
GUIDED: _ZN16AP_FW_Controller13_get_rate_outEffbfb @ 0x9999d0
GUIDED: _ZL7radiansf.12452 @ 0x999dd0
GUIDED: _ZL7degreesf.12453 @ 0x999e20
GUIDED: _ZN5Plane19update_control_modeEv @ 0x999e70
GUIDED: _ZN5Plane18update_fly_forwardEv @ 0x999f50
GUIDED: _ZN12ModeAutoLand23check_takeoff_directionEv @ 0x99a100
GUIDED: _ZN5Plane11ahrs_updateEv @ 0x99a430
GUIDED: _ZNK17AP_InertialSensor9Write_IMUEv @ 0x99a6a0
GUIDED: _ZN9QuadPlane15check_yaw_resetEv @ 0x99a760
GUIDED: _ZN14AP_InertialNav6updateEb @ 0x99a820
GUIDED: _ZN9AP_Follow16update_estimatesEv @ 0x99ab90
GUIDED: _ZN9AP_Follow32clear_dist_and_bearing_to_targetEv @ 0x99bb10
GUIDED: _ZL3MAXIhhEDTqugtfp_fp0_fp_fp0_ERKT_RKT0_ @ 0x99c470
GUIDED: _ZNK17AP_InertialSensor18Write_IMU_instanceEmh @ 0x99c4f0
GUIDED: _ZNK17AP_InertialSensor16get_gyro_rate_hzEh @ 0xb47f10
GUIDED: _ZNK17AP_InertialSensor17get_accel_rate_hzEh @ 0xb47f90
GUIDED: _ZN5Plane28set_target_altitude_locationERK8Location @ 0x9aa060
GUIDED: _ZN3GCS33send_mission_item_reached_messageEt @ 0x9aabe0
GUIDED: _ZN5Plane13update_loiterEt @ 0x9ae730
GUIDED: _ZN5Plane24update_loiter_update_navEt @ 0x9aeb60
GUIDED: _ZN9QuadPlane19guided_mode_enabledEv @ 0x9aedd0
GUIDED: _ZNK14AP_BattMonitor22capacity_remaining_pctERhh @ 0x9b4930
GUIDED: _ZN4Mode3runEv @ 0x9b5560
GUIDED: _ZNK4Mode12is_vtol_modeEv @ 0xb4de30
GUIDED: _ZN4Mode22update_target_altitudeEv @ 0x9b57d0
GUIDED: _ZNK4Mode19use_throttle_limitsEv @ 0x9b5be0
GUIDED: _ZNK4Mode24use_battery_compensationEv @ 0x9b5d80
GUIDED: _ZN4Mode5_exitEv @ 0xb4e2b0
GUIDED: _ZN10AP_Landing28get_target_altitude_locationER8Location @ 0x9b6890
GUIDED: _ZN5Plane13calc_nav_rollEv @ 0x9b7570
GUIDED: _ZN5Plane14calc_nav_pitchEv @ 0x9b7600
GUIDED: _ZN5Plane13calc_throttleEv @ 0x9b76c0
GUIDED: _ZN7AP_TECS16get_pitch_demandEv @ 0xb4e680
GUIDED: _ZN5Plane18update_load_factorEv @ 0x9b7770
GUIDED: _ZL7radiansf @ 0x9b7ac0
GUIDED: _ZL2sqf.11 @ 0x9b7b10
GUIDED: _ZN5Plane26stabilize_stick_mixing_fbwEv @ 0x9b7c30
GUIDED: _ZN5Plane14stabilize_rollEv @ 0x9b80f0
GUIDED: _ZN5Plane15stabilize_pitchEv @ 0x9b81b0
GUIDED: _ZN5Plane13stabilize_yawEv @ 0x9b8250
GUIDED: _ZNK10AP_Landing26is_ground_steering_allowedEv @ 0x9b84a0
GUIDED: _ZN5Plane24calc_nav_yaw_coordinatedEv @ 0x9b88f0
GUIDED: _ZN11VTOL_Assist20output_spin_recoveryEv @ 0x9b8be0
GUIDED: _ZN5Plane12rudder_inputEv @ 0x9b8ce0
GUIDED: _ZN16AP_YawController13get_servo_outEfb @ 0x9b8f10
GUIDED: _ZN16AP_YawController14reset_rate_PIDEv @ 0x9b9600
GUIDED: _ZL3MAXIffEDTqugtfp_fp0_fp_fp0_ERKT_RKT0_.12554 @ 0x9b9670
GUIDED: _ZN5Plane20stick_mixing_enabledEv @ 0x9b9830
GUIDED: _ZNK9QuadPlane23in_vtol_land_poscontrolEv @ 0x9b9a00
GUIDED: _ZN5Plane17takeoff_tail_holdEv @ 0x9ba4e0
GUIDED: _ZN5Plane29stabilize_pitch_get_pitch_outEv @ 0x9ba680
GUIDED: _ZNK9QuadPlane27use_fw_attitude_controllersEv @ 0x9baa80
GUIDED: _ZN18AP_PitchController13get_servo_outEifbb @ 0x9babc0
GUIDED: _ZNK18AP_PitchController29_get_coordination_rate_offsetERKfRb @ 0x9baf60
GUIDED: _ZL3MINIffEDTqultfp_fp0_fp_fp0_ERKT_RKT0_.12475 @ 0x9bb290
GUIDED: _ZL7radiansi.12476 @ 0x9bb320
GUIDED: _ZL3MAXI9AP_ParamTIsL11ap_var_type2EEiEDTqugtfp_fp0_fp_fp0_ERKT_RKT0_.12477 @ 0x9bb380
GUIDED: _ZL7degreesf.12479 @ 0x9bb410
GUIDED: _ZN5Plane27stabilize_roll_get_roll_outEv @ 0x9bb460
GUIDED: _ZN17AP_RollController13get_servo_outEifbb @ 0x9bb730
GUIDED: _ZNK9QuadPlane18allow_stick_mixingEv @ 0x9bba70
GUIDED: _ZNK10ModeGuided11mode_numberEv @ 0xb50ac0
GUIDED: _ZNK10ModeGuided5name4Ev @ 0xb50b60
GUIDED: _ZN10ModeGuided6updateEv @ 0x9c9170
GUIDED: _ZNK10ModeGuided14is_guided_modeEv @ 0xb50bb0
GUIDED: _ZN10ModeGuided8navigateEv @ 0x9c95e0
GUIDED: _ZNK10ModeGuided23allows_throttle_nudgingEv @ 0xb50c00
GUIDED: _ZNK10ModeGuided20does_auto_navigationEv @ 0xb50c50
GUIDED: _ZNK10ModeGuided18does_auto_throttleEv @ 0xb50ca0
GUIDED: _ZN10ModeGuided22update_target_altitudeEv @ 0x9c9640
GUIDED: _ZNK10ModeGuided18supports_quicktuneEv @ 0xb50cf0
GUIDED: _ZN10ModeGuided6_enterEv @ 0x9c9900
GUIDED: _ZN5Plane19throttle_percentageEv @ 0x9ce0d0
GUIDED: _ZNK9GCS_Plane11custom_modeEv @ 0x9d9a70
GUIDED: _ZNK9GCS_Plane10frame_typeEv @ 0x9d9ad0
GUIDED: _ZN9GCS_Plane4chanEh @ 0xb52b30
GUIDED: _ZN9GCS_Plane34update_vehicle_sensor_status_flagsEv @ 0x9d9b30
GUIDED: _ZNK9GCS_Plane26min_status_for_gps_healthyEv @ 0xb52cf0
GUIDED: _ZN17GCS_MAVLINK_Plane14packetReceivedERK16__mavlink_statusRK17__mavlink_message @ 0x9da0b0
GUIDED: _ZNK11GCS_MAVLINK13mission_stateERK10AP_Mission @ 0x9da150
GUIDED: _ZNK11GCS_MAVLINK16send_rangefinderEv @ 0x9da230
GUIDED: _ZNK17GCS_MAVLINK_Plane26send_nav_controller_outputEv @ 0x9da300
GUIDED: _ZN17GCS_MAVLINK_Plane15send_pid_tuningEv @ 0x9da790
GUIDED: _ZN11GCS_MAVLINK21send_scaled_pressure3Ev @ 0x9dab70
GUIDED: _ZNK17GCS_MAVLINK_Plane13send_attitudeEv @ 0x9dabd0
GUIDED: _ZN17GCS_MAVLINK_Plane31send_position_target_global_intEv @ 0x9daf50
GUIDED: _ZNK11GCS_MAVLINK17send_winch_statusEv @ 0xb52ec0
GUIDED: _ZNK17GCS_MAVLINK_Plane9base_modeEv @ 0x9db3b0
GUIDED: _ZNK17GCS_MAVLINK_Plane21vehicle_system_statusEv @ 0x9db5b0
GUIDED: _ZNK17GCS_MAVLINK_Plane19persist_streamratesEv @ 0xb52f10
GUIDED: _ZN17GCS_MAVLINK_Plane25handle_command_int_packetERK23__mavlink_command_int_tRK17__mavlink_message @ 0x9db8b0
GUIDED: _ZN17GCS_MAVLINK_Plane14handle_messageERK17__mavlink_message @ 0x9dc270
GUIDED: _ZN17GCS_MAVLINK_Plane16try_send_messageE10ap_message @ 0x9dd5c0
GUIDED: _ZN11GCS_MAVLINK24send_global_position_intEv @ 0x9dd7f0
GUIDED: _ZNK11GCS_MAVLINK23global_position_int_altEv @ 0x9dd970
GUIDED: _ZNK11GCS_MAVLINK32global_position_int_relative_altEv @ 0x9dd9d0
GUIDED: _ZNK17GCS_MAVLINK_Plane17vfr_hud_climbrateEv @ 0x9dda40
GUIDED: _ZNK17GCS_MAVLINK_Plane16vfr_hud_airspeedEv @ 0x9ddb00
GUIDED: _ZNK17GCS_MAVLINK_Plane16vfr_hud_throttleEv @ 0x9ddbf0
GUIDED: _ZNK11GCS_MAVLINK11vfr_hud_altEv @ 0x9ddc50
GUIDED: _ZN17GCS_MAVLINK_Plane35convert_COMMAND_LONG_to_COMMAND_INTERK24__mavlink_command_long_tR23__mavlink_command_int_t9MAV_FRAME @ 0x9de1e0
GUIDED: _ZN11GCS_MAVLINK35convert_COMMAND_LONG_to_COMMAND_INTERK24__mavlink_command_long_tR23__mavlink_command_int_t9MAV_FRAME @ 0x9de8c0
GUIDED: _ZN11GCS_MAVLINK28command_long_stores_locationE7MAV_CMD @ 0x9dea80
GUIDED: _ZL30convert_COMMAND_LONG_loc_paramfb @ 0x9deb60
GUIDED: _ZL3MINIfiEDTqultfp_fp0_fp_fp0_ERKT_RKT0_ @ 0x9dec10
GUIDED: _ZNK11GCS_MAVLINK17vfr_hud_climbrateEv @ 0x9decb0
GUIDED: _ZL36mavlink_msg_global_position_int_send17mavlink_channel_tjiiiissst @ 0x9ded70
GUIDED: _ZN10AP_Terrain12send_requestE17mavlink_channel_t @ 0x9dee90
GUIDED: _ZN10AP_Terrain11send_reportE17mavlink_channel_t @ 0x9defe0
GUIDED: _ZNK17GCS_MAVLINK_Plane9send_windEv @ 0x9df090
GUIDED: _ZN7AP_ADSB17send_adsb_vehicleE17mavlink_channel_t @ 0x9df160
GUIDED: _ZN17GCS_MAVLINK_Plane12send_aoa_ssaEv @ 0x9df370
GUIDED: _ZN10AP_Landing20send_landing_messageE17mavlink_channel_t @ 0x9df410
GUIDED: _ZN17GCS_MAVLINK_Plane15send_hygrometerEv @ 0x9df4f0
GUIDED: _ZN11GCS_MAVLINK16try_send_messageE10ap_message @ 0x9df6f0
GUIDED: _ZN11GCS_MAVLINK17queued_param_sendEv @ 0x9e03a0
GUIDED: _ZNK11GCS_MAVLINK14send_heartbeatEv @ 0x9e0650
GUIDED: _ZNK11GCS_MAVLINK8send_rpmEv @ 0x9e0a10
GUIDED: _ZN11GCS_MAVLINK24try_send_mission_messageE10ap_message @ 0x9e0af0
GUIDED: _ZN7Compass21send_mag_cal_progressERK11GCS_MAVLINK @ 0x9e0cf0
GUIDED: _ZN7Compass19send_mag_cal_reportERK11GCS_MAVLINK @ 0x9e0f40
GUIDED: _ZN11GCS_MAVLINK19send_battery_statusEv @ 0x9e1270
GUIDED: _ZNK7AP_AHRS22send_ekf_status_reportER11GCS_MAVLINK @ 0x9e13c0
GUIDED: _ZN11GCS_MAVLINK12send_meminfoEv @ 0x9e14c0
GUIDED: _ZNK11GCS_MAVLINK17send_fence_statusEv @ 0x9e1580
GUIDED: _ZN11GCS_MAVLINK20send_distance_sensorEv @ 0x9e16c0
GUIDED: _ZNK11GCS_MAVLINK16send_system_timeEv @ 0x9e1c00
GUIDED: _ZN6AP_GPS20send_mavlink_gps_rawE17mavlink_channel_t @ 0x9e1c90
GUIDED: _ZN6AP_GPS20send_mavlink_gps_rtkE17mavlink_channel_th @ 0x9e1fe0
GUIDED: _ZN6AP_GPS21send_mavlink_gps2_rawE17mavlink_channel_t @ 0x9e20c0
GUIDED: _ZNK11GCS_MAVLINK19send_local_positionEv @ 0x9e2460
GUIDED: _ZNK11GCS_MAVLINK34send_gimbal_device_attitude_statusEv @ 0x9e2530
GUIDED: _ZN11GCS_MAVLINK16send_opticalflowEv @ 0x9e28f0
GUIDED: _ZN11GCS_MAVLINK17send_power_statusEv @ 0x9e2a60
GUIDED: _ZNK11GCS_MAVLINK16send_rc_channelsEv @ 0x9e2b70
GUIDED: _ZNK11GCS_MAVLINK20send_rc_channels_rawEv @ 0x9e2e30
GUIDED: _ZN11GCS_MAVLINK12send_raw_imuEv @ 0x9e2fb0
GUIDED: _ZN11GCS_MAVLINK15send_scaled_imuEhPFv17mavlink_channel_tjssssssssssE @ 0x9e33c0
GUIDED: _ZL28mavlink_msg_scaled_imu2_send17mavlink_channel_tjssssssssss @ 0x9e3680
GUIDED: _ZL28mavlink_msg_scaled_imu3_send17mavlink_channel_tjssssssssss @ 0x9e37f0
GUIDED: _ZN11GCS_MAVLINK20send_scaled_pressureEv @ 0x9e3ba0
GUIDED: _ZN11GCS_MAVLINK21send_scaled_pressure2Ev @ 0x9e3c00
GUIDED: _ZN11GCS_MAVLINK13send_airspeedEv @ 0x9e3c60
GUIDED: _ZNK11GCS_MAVLINK13send_simstateEv @ 0x9e3e20
GUIDED: _ZN11GCS_MAVLINK15send_sys_statusEv @ 0x9e3f40
GUIDED: _ZN11GCS_MAVLINK10send_ahrs2Ev @ 0x9e4230
GUIDED: _ZN11GCS_MAVLINK9send_ahrsEv @ 0x9e4310
GUIDED: _ZN11GCS_MAVLINK12send_vfr_hudEv @ 0x9e4490
GUIDED: _ZNK11GCS_MAVLINK14send_vibrationEv @ 0x9e45d0
GUIDED: _ZNK11GCS_MAVLINK21send_generator_statusEv @ 0x9e46c0
GUIDED: _ZN12AP_ESC_Telem26send_esc_telemetry_mavlinkEh @ 0x9e4a40
GUIDED: _ZN6AP_EFI19send_mavlink_statusE17mavlink_channel_t @ 0x9e4ed0
GUIDED: _ZN6AP_AIS13get_singletonEv @ 0x9e56a0
GUIDED: _ZN11GCS_MAVLINK20send_available_modesEv @ 0x9e5820
GUIDED: _ZNK11GCS_MAVLINK21battery_remaining_pctEh @ 0x9e6030
GUIDED: _ZL3MINIhiEDTqultfp_fp0_fp_fp0_ERKT_RKT0_.7263 @ 0x9e64e0
GUIDED: _ZL44mavlink_msg_esc_telemetry_1_to_4_send_struct17mavlink_channel_tPK32__mavlink_esc_telemetry_1_to_4_t @ 0x9e6800
GUIDED: _ZN12AP_Generator21send_generator_statusERK11GCS_MAVLINK @ 0x9e6e00
GUIDED: _ZL26mavlink_msg_vibration_send17mavlink_channel_tmfffjjj @ 0x9e6e80
GUIDED: _ZL24mavlink_msg_vfr_hud_send17mavlink_channel_tffstff @ 0x9e6f90
GUIDED: _ZNK7AP_AHRS12get_error_rpEv @ 0x9e7120
GUIDED: _ZNK7AP_AHRS13get_error_yawEv @ 0x9e7180
GUIDED: _ZL21mavlink_msg_ahrs_send17mavlink_channel_tfffffff @ 0x9e71e0
GUIDED: _ZL22mavlink_msg_ahrs2_send17mavlink_channel_tffffii @ 0x9e7300
GUIDED: _ZNK9AP_Logger11num_droppedEv @ 0x9e7400
GUIDED: _ZNK14AP_BattMonitor11gcs_voltageEv @ 0xb53200
GUIDED: _ZL27mavlink_msg_sys_status_send17mavlink_channel_tjjjttsatttttt @ 0x9e7480
GUIDED: _ZNK14AP_BattMonitor11gcs_voltageEh @ 0x9e7620
GUIDED: _ZNK17AP_Logger_Backend11num_droppedEv @ 0xb53250
GUIDED: _ZL7radiansf.17181 @ 0x9e7a40
GUIDED: _ZNK4SITL3SIM13simstate_sendE17mavlink_channel_t @ 0x9e7dc0
GUIDED: _ZL25mavlink_msg_simstate_send17mavlink_channel_tfffffffffii @ 0x9e7f90
GUIDED: _ZL32mavlink_msg_airspeed_send_struct17mavlink_channel_tPK20__mavlink_airspeed_t @ 0x9e8130
GUIDED: _ZL33mavlink_msg_scaled_pressure2_send17mavlink_channel_tjffss @ 0x9e81b0
GUIDED: _ZN11GCS_MAVLINK29send_scaled_pressure_instanceEhPFv17mavlink_channel_tjffssE @ 0x9e8290
GUIDED: _ZL32mavlink_msg_scaled_pressure_send17mavlink_channel_tjffss @ 0x9e8480
GUIDED: _ZL24mavlink_msg_raw_imu_send17mavlink_channel_tmssssssssshs @ 0x9e85e0
GUIDED: _ZNK11GCS_MAVLINK16sending_mavlink1Ev @ 0x9e8760
GUIDED: _ZNK11GCS_MAVLINK13receiver_rssiEv @ 0x9e87c0
GUIDED: _ZL28mavlink_msg_rc_channels_send17mavlink_channel_tjhtttttttttttttttttth @ 0x9e89d0
GUIDED: _ZL29mavlink_msg_power_status_send17mavlink_channel_tttt @ 0x9e8c40
GUIDED: _ZN8AP_Mount34send_gimbal_device_attitude_statusE17mavlink_channel_t @ 0x9e96c0
GUIDED: _ZL35mavlink_msg_local_position_ned_send17mavlink_channel_tjffffff @ 0x9e9d20
GUIDED: _ZNK6AP_GPS12gps_yaw_cdegEh @ 0x9e9e30
GUIDED: _ZNK6AP_GPS23have_gps_yaw_configuredEh @ 0xb534b0
GUIDED: _ZL28mavlink_msg_gps_raw_int_send17mavlink_channel_tmhiiitttthijjjjt @ 0x9ea130
GUIDED: _ZL28mavlink_msg_system_time_send17mavlink_channel_tmj @ 0x9ea320
GUIDED: _ZN11GCS_MAVLINK14send_proximityEv @ 0x9eb960
GUIDED: _ZL3MINIjjEDTqultfp_fp0_fp_fp0_ERKT_RKT0_.7265 @ 0x9ec8d0
GUIDED: _ZL24mavlink_msg_meminfo_send17mavlink_channel_tttj @ 0x9ec950
GUIDED: _ZNK7NavEKF318send_status_reportER11GCS_MAVLINK @ 0x9ecbf0
GUIDED: _ZNK12NavEKF3_core18send_status_reportER11GCS_MAVLINK @ 0x9ecc80
GUIDED: _ZL41mavlink_msg_ekf_status_report_send_struct17mavlink_channel_tPK29__mavlink_ekf_status_report_t @ 0x9ed080
GUIDED: _ZNK14AP_BattMonitor13option_is_setEhN21AP_BattMonitor_Params7OptionsE @ 0x9edba0
GUIDED: _ZNK11GCS_MAVLINK19send_battery_statusEh @ 0x9edc70
GUIDED: _ZL3MINIftEDTqultfp_fp0_fp_fp0_ERKT_RKT0_ @ 0x9ee500
GUIDED: _ZNK14AP_BattMonitor14time_remainingERjh @ 0x9ee5a0
GUIDED: _ZNK14AP_BattMonitor24get_mavlink_charge_stateEh @ 0x9ee690
GUIDED: _ZNK14AP_BattMonitor25get_mavlink_fault_bitmaskEh @ 0x9ee7c0
GUIDED: _ZL31mavlink_msg_battery_status_send17mavlink_channel_thhhsPKtsiiaihS1_hj @ 0x9ee870
GUIDED: _ZN14typesafe_indexIh12TAG_PriorityErmERKh @ 0xb53700
GUIDED: _ZN11GCS_MAVLINK20send_mission_currentERK10AP_Missiont @ 0x9eeff0
GUIDED: _ZL37mavlink_msg_mission_item_reached_send17mavlink_channel_tt @ 0x9ef0f0
GUIDED: _ZL32mavlink_msg_mission_current_send17mavlink_channel_ttthh @ 0x9ef4c0
GUIDED: _ZNK11GCS_MAVLINK13system_statusEv @ 0x9ef990
GUIDED: _ZL26mavlink_msg_heartbeat_send17mavlink_channel_thhhjh @ 0x9efa20
GUIDED: _ZN11GCS_MAVLINK28send_parameter_async_repliesEv @ 0x9efb00
GUIDED: _ZN12ObjectBufferIN11GCS_MAVLINK19pending_param_replyEE4peekERS1_ @ 0xb537f0
GUIDED: _ZNK11AP_Airspeed14get_hygrometerEhRjRfS1_ @ 0x9f0040
GUIDED: _ZL24mavlink_msg_aoa_ssa_send17mavlink_channel_tmff @ 0x9f0610
GUIDED: _ZL21mavlink_msg_wind_send17mavlink_channel_tfff @ 0x9f0910
GUIDED: _ZN10AP_Terrain19send_terrain_reportE17mavlink_channel_tRK8Locationb @ 0x9f09c0
GUIDED: _ZL31mavlink_msg_terrain_report_send17mavlink_channel_tiitfftt @ 0x9f0b70
GUIDED: _ZN10AP_Terrain18send_cache_requestE17mavlink_channel_t @ 0x9f0c90
GUIDED: _ZN10AP_Terrain15request_missingE17mavlink_channel_tRKNS_9grid_infoE @ 0x9f0d90
GUIDED: _ZN10AP_Terrain15request_missingE17mavlink_channel_tRNS_10grid_cacheE @ 0x9f0e20
GUIDED: _ZN11GCS_MAVLINK14handle_messageERK17__mavlink_message @ 0x9f4bc0
GUIDED: _ZN11GCS_MAVLINK16handle_heartbeatERK17__mavlink_message @ 0x9f5740
GUIDED: _ZN11GCS_MAVLINK19handle_command_longERK17__mavlink_message @ 0x9f6ab0
GUIDED: _ZN11GCS_MAVLINK26handle_request_data_streamERK17__mavlink_message @ 0x9f80f0
GUIDED: _ZNK3GCS12sysid_is_gcsEh @ 0x9fd750
GUIDED: _ZN11GCS_MAVLINK16sysid_mygcs_seenEj @ 0x9fd9f0
GUIDED: _ZL38mavlink_msg_request_data_stream_decodePK17__mavlink_messageP31__mavlink_request_data_stream_t @ 0x9fec60
GUIDED: _ZN9AP_Logger13Write_CommandERK23__mavlink_command_int_thh10MAV_RESULTb @ 0xa01b50
GUIDED: _ZL31mavlink_msg_command_long_decodePK17__mavlink_messageP24__mavlink_command_long_t @ 0xa01cd0
GUIDED: _ZN11GCS_MAVLINK31try_command_long_as_command_intERK24__mavlink_command_long_tRK17__mavlink_message @ 0xa01da0
GUIDED: _ZN11GCS_MAVLINK16_set_mode_commonEhj @ 0xa04600
GUIDED: _ZN12ObjectBufferIN7GCS_FTP11TransactionEE3popERS1_ @ 0xb54830
GUIDED: _ZN11GCS_MAVLINK25handle_command_int_packetERK23__mavlink_command_int_tRK17__mavlink_message @ 0xa0bb20
GUIDED: _ZN11GCS_MAVLINK26handle_command_do_set_modeERK23__mavlink_command_int_t @ 0xa0ced0
GUIDED: _ZL7radiansf.35 @ 0xa108a0
GUIDED: _ZN5Plane22any_failsafe_triggeredEv @ 0xb551e0
GUIDED: _ZL43mavlink_msg_position_target_global_int_send17mavlink_channel_tjhtiifffffffff @ 0xa110c0
GUIDED: _ZL25mavlink_msg_attitude_send17mavlink_channel_tjffffff @ 0xa11590
GUIDED: _ZL38mavlink_msg_nav_controller_output_send17mavlink_channel_tffsstfff @ 0xa11b80
GUIDED: _ZN12AP_Avoidance10handle_msgERK17__mavlink_message @ 0xa11d60
GUIDED: _ZN11GCS_MAVLINK14packetReceivedERK16__mavlink_statusRK17__mavlink_message @ 0xa11eb0
GUIDED: _ZN15MAVLink_routing17check_and_forwardER11GCS_MAVLINKRK17__mavlink_message @ 0xa120b0
GUIDED: _ZN9AP_Follow10handle_msgERK17__mavlink_message @ 0xa12620
GUIDED: _ZNK11GCS_MAVLINK13accept_packetERK16__mavlink_statusRK17__mavlink_message @ 0xa127a0
GUIDED: _ZNK9AP_Follow21should_handle_messageERK17__mavlink_message @ 0xa128c0
GUIDED: _ZN15MAVLink_routing11learn_routeER11GCS_MAVLINKRK17__mavlink_message @ 0xa13890
GUIDED: _ZN15MAVLink_routing16handle_heartbeatER11GCS_MAVLINKRK17__mavlink_message @ 0xa13b30
GUIDED: _ZN15MAVLink_routing11get_targetsERK17__mavlink_messageRsS3_ @ 0xa13d60
GUIDED: _ZNK9QuadPlane12get_mav_typeEv @ 0xa14210
GUIDED: _ZNK18AP_PitchController13is_underspeedEf @ 0xa14660
GUIDED: _ZNK18AP_PitchController12get_airspeedEv @ 0xa14700
GUIDED: _ZNK18AP_PitchController17get_measured_rateEv @ 0xa147d0
GUIDED: _ZNK17AP_RollController13is_underspeedEf @ 0xa14950
GUIDED: _ZNK17AP_RollController12get_airspeedEv @ 0xa149e0
GUIDED: _ZNK17AP_RollController17get_measured_rateEv @ 0xa14a50
GUIDED: _ZNK13AP_L1_Control11nav_roll_cdEv @ 0xa14ab0
GUIDED: _ZNK13AP_L1_Control14nav_bearing_cdEv @ 0xa14c30
GUIDED: _ZNK13AP_L1_Control17target_bearing_cdEv @ 0xa14cf0
GUIDED: _ZNK13AP_L1_Control16crosstrack_errorEv @ 0xb56310
GUIDED: _ZNK13AP_L1_Control27crosstrack_error_integratorEv @ 0xb56360
GUIDED: _ZNK13AP_L1_Control13loiter_radiusEf @ 0xa14eb0
GUIDED: _ZN13AP_L1_Control13update_loiterERK8Locationfa @ 0xa15a20
GUIDED: _ZN13AP_L1_Control21reached_loiter_targetEv @ 0xa16410
GUIDED: _ZN13AP_L1_Control17set_data_is_staleEv @ 0xb563b0
GUIDED: _ZL3MAXIffEDTqugtfp_fp0_fp_fp0_ERKT_RKT0_.12670 @ 0xa164c0
GUIDED: _ZN13AP_L1_Control19_prevent_indecisionERf @ 0xa16540
GUIDED: _ZNK13AP_L1_Control14get_yaw_sensorEv @ 0xa16650
GUIDED: _ZL7radiansi.12671 @ 0xa16780
GUIDED: _ZL7radiansf.12672 @ 0xa167e0
GUIDED: _ZL2sqf.12673 @ 0xa16830
GUIDED: _ZL9rad_to_cdf.12675 @ 0xa16910
GUIDED: _Z11wrap_180_cdIfET_S0_ @ 0xb564c0
GUIDED: _ZL7degreesf.12676 @ 0xa16960
GUIDED: _ZN17RC_Channels_Plane7channelEh @ 0xb56e20
GUIDED: _ZN17RC_Channels_Plane16read_mode_switchEv @ 0xa19940
GUIDED: _ZNK17RC_Channels_Plane14in_rc_failsafeEv @ 0xa199b0
GUIDED: _ZNK17RC_Channels_Plane15has_valid_inputEv @ 0xa19a20
GUIDED: _ZNK17RC_Channels_Plane18get_arming_channelEv @ 0xa19ab0
GUIDED: _ZNK17RC_Channels_Plane26flight_mode_channel_numberEv @ 0xa19b00
GUIDED: _ZN11RC_Channels16read_mode_switchEv @ 0xa19b70
GUIDED: mode_to_string @ 0xa954d0
GUIDED: mode_entry @ 0xa95730
----------------------
Mode: 11 (RTL)
RTL: _ZN15AP_Arming_Plane14pre_arm_checksEb @ 0x5db3f0
RTL: _ZN2AP13serialmanagerEv @ 0x5dd670
RTL: _ZNK9AP_ParamTIiL11ap_var_type3EEcvRKiEv @ 0xa99ff0
RTL: _Z3gcsv @ 0x5e0280
RTL: _ZN11GCS_MAVLINK19active_channel_maskEv @ 0xa9a3f0
RTL: _ZN11GCS_MAVLINK20private_channel_maskEv @ 0xa9a470
RTL: _ZN3GCS13get_singletonEv @ 0xa9a4b0
RTL: _ZNK16AP_SerialManager22find_protocol_instanceENS_14SerialProtocolEh @ 0x5e0420
RTL: _ZNK13AP_ParamTBaseIaL11ap_var_type1EE3getEv @ 0xa9a4f0
RTL: _ZNK16AP_SerialManager14protocol_matchENS_14SerialProtocolES0_ @ 0x5e05c0
RTL: _ZN16AP_SerialManager13get_singletonEv @ 0xa9a540
RTL: _Z2rcv @ 0x5e06c0
RTL: _ZN11RC_Channels13get_singletonEv @ 0xa9a5e0
RTL: _ZNK9AP_ParamTIaL11ap_var_type1EEcvRKaEv @ 0xa9a6b0
RTL: _ZN6AP_HAL6millisEv @ 0x5e0d40
RTL: _ZN13WithSemaphoreD2Ev @ 0x5e0d80
RTL: _ZN6AP_HAL8millis64Ev @ 0x5e0de0
RTL: _ZN6AP_HAL8micros64Ev @ 0x5e0e20
RTL: _ZL14uint64_div1000m @ 0x5e0ec0
RTL: _ZN7HALSITL9Scheduler4fromEPN6AP_HAL9SchedulerE @ 0xa9a700
RTL: _ZNK7HALSITL9Scheduler18stopped_clock_usecEv @ 0xa9a750
RTL: _ZNK13AP_ParamTBaseIsL11ap_var_type2EE3getEv @ 0xa9a7a0
RTL: _ZN13WithSemaphoreC2ERN6AP_HAL9SemaphoreEj @ 0x5e1010
RTL: _ZNK7AP_EnumIN10Parameters11ThrFailsafeEEcvKS1_Ev @ 0xa9a830
RTL: _ZNK11RC_Channels19has_had_rc_receiverEv @ 0xa9a880
RTL: _ZNK13AP_ParamTBaseIiL11ap_var_type3EE3getEv @ 0xa9a940
RTL: _ZN12AP_Proximity13get_singletonEv @ 0xa9a990
RTL: _ZN2AP9schedulerEv @ 0x5e1490
RTL: _ZN12AP_Scheduler25get_filtered_loop_rate_hzEv @ 0xa9aa10
RTL: _ZN12AP_Scheduler16get_loop_rate_hzEv @ 0xa9aa60
RTL: _ZN10AP_Terrain13get_singletonEv @ 0xa9aaf0
RTL: _ZN12AP_Scripting13get_singletonEv @ 0xa9ab90
RTL: _ZN2AP13internalerrorEv @ 0x5e1800
RTL: _ZNK16AP_InternalError6errorsEv @ 0xa9acf0
RTL: _ZNK16AP_InternalError15last_error_lineEv @ 0xa9ad40
RTL: _ZN2AP3rpmEv @ 0x5e1990
RTL: _ZNK9AP_ParamTIsL11ap_var_type2EEcvRKsEv @ 0xa9ae20
RTL: _ZN12SRV_Channels25update_aux_servo_functionEv @ 0x5e2690
RTL: _ZNK7BitmaskILt190EE8validateEt @ 0xa9af40
RTL: _ZN7BitmaskILt190EE8clearallEv @ 0xa9afd0
RTL: _ZNK11SRV_Channel14valid_functionEv @ 0xa9b030
RTL: _ZN11SRV_Channel24aux_servo_function_setupEv @ 0x5e3190
RTL: _ZN7BitmaskILt190EE3setEt @ 0xa9b090
RTL: _ZNK9AP_Enum16IN11SRV_Channel8FunctionEEcvKS1_Ev @ 0xa9b150
RTL: _ZN11SRV_Channel14valid_functionENS_8FunctionE @ 0xa9b1a0
RTL: _ZN6AP_RPM13get_singletonEv @ 0xa9b290
RTL: _ZNK12AP_Scripting13option_is_setENS_11DebugOptionE @ 0xa9b380
RTL: _ZNK2AP8PerfInfo25get_filtered_loop_rate_hzEv @ 0x5e3580
RTL: _ZNK2AP8PerfInfo17get_filtered_timeEv @ 0x5e3610
RTL: _ZN12AP_Scheduler13get_singletonEv @ 0x5e3660
RTL: _ZN2AP7missionEv @ 0x5e3730
RTL: _ZNK10AP_Mission12num_commandsEv @ 0xa9b480
RTL: _ZN10AP_Mission15Mission_CommandC2Ev @ 0xa9b4e0
RTL: _ZN10AP_Mission7ContentC2Ev @ 0xa9b540
RTL: _ZN2AP4ahrsEv @ 0x5e4060
RTL: _ZNK7AP_AHRS8get_homeEv @ 0xa9b590
RTL: _ZNK13StorageAccess10read_blockEPvtm @ 0x5e4190
RTL: _ZN7AP_AHRS13get_singletonEv @ 0xa9b5e0
RTL: _ZN8LocationC2Ev @ 0xa9b620
RTL: _ZN8Location4zeroEv @ 0x5e46c0
RTL: _ZN10AP_Mission13get_singletonEv @ 0xa9b670
RTL: _ZNK7AP_EnumI11RtlAutolandEcvKS0_Ev @ 0xa9b6b0
RTL: _ZNK9QuadPlane9availableEv @ 0xa9b700
RTL: _ZNK5Plane15is_land_commandEt @ 0x5e4c30
RTL: _ZNK8Location12get_distanceERKS_ @ 0x5e4cc0
RTL: _Z11is_positiveIfEbT_ @ 0xa9b7c0
RTL: _ZNK9AP_ParamTIfL11ap_var_type4EEcvRKfILb1EEEv @ 0xa9b820
RTL: _ZN8Location14diff_longitudeEii @ 0x5e4e70
RTL: _ZN8Location15longitude_scaleEi @ 0x5e4f50
RTL: _Z4normIddJEEdT_T0_DpKT1_ @ 0xa9b870
RTL: _Z2sqIdJdEEdT_DpKT0_ @ 0xa9b8e0
RTL: _Z2sqIdEdT_ @ 0xa9b960
RTL: _ZL3MAXIdfEDTqugtfp_fp0_fp_fp0_ERKT_RKT0_ @ 0x5e4ff0
RTL: _ZN2AP5rallyEv @ 0x5e5090
RTL: _ZNK7AP_AHRS12get_locationER8Location @ 0x5e50d0
RTL: _ZNK8AP_Rally24find_nearest_rally_pointERK8LocationR13RallyLocation @ 0x5e5150
RTL: _ZN2AP7vehicleEv @ 0x5e5340
RTL: _ZNK10AP_Mission7presentEv @ 0xa9ba60
RTL: _ZN10AP_Vehicle13get_singletonEv @ 0x5e5380
RTL: _ZN8LocationC2EiiiNS_8AltFrameE @ 0x5e55a0
RTL: _ZN8Location10set_alt_cmEiNS_8AltFrameE @ 0x5e5640
RTL: _ZN8AP_Rally13get_singletonEv @ 0xa9bad0
RTL: _ZN11RC_Channels23get_valid_channel_countEv @ 0x5e5730
RTL: _ZNK10RC_Channel12has_overrideEv @ 0x5e57a0
RTL: _ZNK13AP_ParamTBaseIfL11ap_var_type4EE3getEv @ 0xa9bd10
RTL: _Z7is_zerof @ 0xa9bd60
RTL: _ZL3MINIihEDTqultfp_fp0_fp_fp0_ERKT_RKT0_.7422 @ 0x5e5860
RTL: _ZN2AP3gpsEv @ 0x5e58f0
RTL: _ZNK6AP_GPS11num_sensorsEv @ 0x5e5ad0
RTL: _ZNK6AP_GPS8get_typeEh @ 0xa9bed0
RTL: _ZNK6AP_GPS14primary_sensorEv @ 0xa9bf60
RTL: _ZNK6AP_GPS6statusEh @ 0xa9bfb0
RTL: _ZNK6AP_GPS10is_healthyEh @ 0x5e5b50
RTL: _ZNK6AP_GPS8locationEv @ 0xa9c0d0
RTL: _ZNK6AP_GPS22first_unconfigured_gpsERh @ 0x5e5e10
RTL: _ZNK7AP_EnumIN6AP_GPS8GPS_TypeEEcvKS1_Ev @ 0xa9c130
RTL: _ZNK6AP_GPS8locationEh @ 0xa9c180
RTL: _ZNK7Vector3IfE6lengthEv @ 0xa9c1f0
RTL: _Z4normIffJfEEdT_T0_DpKT1_ @ 0xa9c250
RTL: _Z2sqIfJffEEdT_DpKT0_ @ 0xa9c2d0
RTL: _ZL2sqf.2617 @ 0x5e62c0
RTL: _Z2sqIfJfEEdT_DpKT0_ @ 0xa9c370
RTL: _ZL2sqf.1898 @ 0x5e6310
RTL: _ZN7Vector3IfEC2Efff @ 0xa9c3f0
RTL: _ZNK6AP_GPS12is_rtk_roverEh @ 0x5e6360
RTL: _ZN6AP_GPS13get_singletonEv @ 0xa9c500
RTL: _ZNK7AP_AHRS7healthyEv @ 0x5e6e40
RTL: _ZN2AP12externalAHRSEv @ 0x5e7020
RTL: _ZNK7AP_AHRS8ekf_typeEv @ 0x5e70c0
RTL: _ZNK7AP_AHRS15active_EKF_typeEv @ 0xa9c540
RTL: _ZN2AP7compassEv @ 0x5e7a00
RTL: _ZNK7Compass11use_for_yawEv @ 0x5e7a40
RTL: _ZNK16AP_NavEKF_Source12getYawSourceEh @ 0x5e88b0
RTL: _ZNK12NavEKF3_core7healthyEv @ 0x5e8b70
RTL: _ZNK16AP_NavEKF_Source14useVelXYSourceENS_8SourceXYEh @ 0x5e8f30
RTL: _ZNK16AP_NavEKF_Source18getActiveSourceSetEh @ 0xa9c590
RTL: _ZNK7AP_EnumIN16AP_NavEKF_Source8SourceXYEEcvKS1_Ev @ 0xa9c640
RTL: _ZNK16AP_NavEKF_Source13option_is_setENS_13SourceOptionsE @ 0xa9c690
RTL: _ZNK12NavEKF3_core15getFilterFaultsERt @ 0x5e9060
RTL: _ZNK11QuaternionTIdE6is_nanEv @ 0xa9c710
RTL: _ZNK7Vector3IdE6is_nanEv @ 0xa9c810
RTL: _ZNK7AP_EnumIN16AP_NavEKF_Source9SourceYawEEcvKS1_Ev @ 0xa9c8e0
RTL: _ZN2AP3dalEv @ 0x5e9180
RTL: _ZN6AP_DAL7compassEv @ 0xa9c930
RTL: _ZNK14AP_DAL_Compass15get_num_enabledEv @ 0xa9c980
RTL: _ZN6AP_DAL13get_singletonEv @ 0xa9c9d0
RTL: _ZN7Matrix3IfEC2Ev @ 0xa9ce10
RTL: _ZN7Vector3IfEC2Ev @ 0xa9cf00
RTL: _ZN11QuaternionTIfEC2Ev @ 0xa9d080
RTL: _ZN7Vector2IfEC2Ev @ 0xa9d0f0
RTL: _ZN6AP_DAL4baroEv @ 0xa9d150
RTL: _ZN6AP_DAL6beaconEv @ 0xa9d1f0
RTL: _ZN6AP_DAL3gpsEv @ 0xa9d2b0
RTL: _ZN6AP_DAL11rangefinderEv @ 0xa9d3c0
RTL: _ZN6AP_DAL10visualodomEv @ 0xa9d410
RTL: _ZNK12NavEKF2_core7healthyEv @ 0x5e9760
RTL: _ZNK12NavEKF2_core15getFilterFaultsERt @ 0x5e9990
RTL: _ZNK7Compass7healthyEh @ 0x5e9af0
RTL: _ZNK7Compass11use_for_yawEh @ 0x5e9b90
RTL: _ZNK7Compass9availableEv @ 0xa9d530
RTL: _ZN14typesafe_indexIh12TAG_PriorityEC2Eh @ 0xa9d5b0
RTL: _ZNK19RestrictIDTypeArrayI9AP_ParamTIaL11ap_var_type1EELj3E14typesafe_indexIh12TAG_PriorityEEixERKS5_ @ 0xa9d610
RTL: _ZNK7AP_EnumIN7Compass9LearnTypeEEcvKS1_Ev @ 0xa9d690
RTL: _ZNK14typesafe_indexIh12TAG_PriorityE7get_intEv @ 0xa9d6e0
RTL: _ZNK7Compass10_get_stateE14typesafe_indexIh12TAG_PriorityE @ 0xa9d730
RTL: _ZNK7Compass13_get_state_idE14typesafe_indexIh12TAG_PriorityE @ 0x5e9c70
RTL: _ZNK19RestrictIDTypeArrayIN7Compass9mag_stateELj4E14typesafe_indexIh14TAG_StateIndexEEixERKS4_ @ 0xa9d7b0
RTL: _ZNK14typesafe_indexIh14TAG_StateIndexE7get_intEv @ 0xa9d830
RTL: _ZNK19RestrictIDTypeArrayIiLj3E14typesafe_indexIh12TAG_PriorityEEixERKS2_ @ 0xa9d880
RTL: _ZN14typesafe_indexIh14TAG_StateIndexEC2Eh @ 0xa9d900
RTL: _ZNK14typesafe_indexIh14TAG_StateIndexEltERKh @ 0xa9d960
RTL: _ZN14typesafe_indexIh14TAG_StateIndexEppEi @ 0xa9d9d0
RTL: _ZN7Compass13get_singletonEv @ 0xa9da40
RTL: _ZNK7NavEKF211activeCoresEv @ 0xa9da80
RTL: _ZNK11QuaternionTIfE13to_axis_angleER7Vector3IfE @ 0xa9dd70
RTL: _ZNK7NavEKF311activeCoresEv @ 0xa9dec0
RTL: _ZNK7AP_AHRS14always_use_EKFEv @ 0xa9df10
RTL: _ZN11QuaternionTIfE20from_rotation_matrixERK7Matrix3IfE @ 0xa9dfd0
RTL: _ZNK12NavEKF3_core11use_compassEv @ 0x5ea300
RTL: _ZNK14AP_DAL_Compass11use_for_yawEh @ 0xa9e4e0
RTL: _ZNK12NavEKF3_core20getRotationBodyToNEDER7Matrix3IfE @ 0x5ea3d0
RTL: _ZNK11QuaternionTIdE15rotation_matrixER7Matrix3IfE @ 0xa9e550
RTL: _ZNK6AP_DAL43get_rotation_vehicle_body_to_autopilot_bodyEv @ 0xa9e760
RTL: _ZNK7Matrix3IfEmlERKS0_ @ 0xa9e7b0
RTL: _ZN7Matrix3IfEC2ERK7Vector3IfES4_S4_ @ 0xa9ea20
RTL: _ZL2sqf.4371 @ 0x5ea490
RTL: _ZN7Vector3IfEdVEf @ 0xa9ead0
RTL: _Z7wrap_PId @ 0x5ea4e0
RTL: _ZN7Vector3IfEmLEf @ 0xa9eb60
RTL: _Z8wrap_2PId @ 0x5ea570
RTL: _ZN11QuaternionTIfEC2Effff @ 0xa9eea0
RTL: _ZNK11QuaternionTIfE15rotation_matrixER7Matrix3IfE @ 0xa9ef50
RTL: _ZNK7Matrix3IfE13mul_transposeERK7Vector3IfE @ 0xa9f140
RTL: _ZNK7Vector3IfEmiERKS0_ @ 0xa9f250
RTL: _Z20constrain_value_lineIfET_S0_S0_S0_j @ 0xa9f300
RTL: _ZNK7AP_AHRS24get_rotation_body_to_nedEv @ 0xa9f420
RTL: _ZN15AP_ExternalAHRS13get_singletonEv @ 0xa9f560
RTL: _ZNK7NavEKF37healthyEv @ 0x5ea830
RTL: _ZN2AP3insEv @ 0x5ea9a0
RTL: _ZNK17AP_InertialSensor19get_gyro_health_allEv @ 0x5ea9e0
RTL: _ZNK17AP_InertialSensor22gyro_calibrated_ok_allEv @ 0x5eaaa0
RTL: _ZNK17AP_InertialSensor20get_accel_health_allEv @ 0x5eabb0
RTL: _ZNK17AP_InertialSensor23accel_calibrated_ok_allEv @ 0x5eac70
RTL: _ZNK10AP_GyroFFT16analysis_enabledEv @ 0xa9f720
RTL: _ZN7Vector3IfEixEh @ 0xa9fab0
RTL: _ZN10DigitalLPFIfE6_applyERKfS2_ @ 0xa9fe10
RTL: _Z15constrain_int16sss @ 0xaa0410
RTL: _Z15constrain_valueIsET_S0_S0_S0_ @ 0xaa04a0
RTL: _ZNK10ByteBuffer5spaceEv @ 0x5ed8b0
RTL: _ZN10ByteBuffer5writeEPKhj @ 0x5edb10
RTL: _ZN10ByteBuffer7reserveEPNS_5IoVecEj @ 0x5edc30
RTL: _ZN10ByteBuffer6commitEj @ 0x5ede60
RTL: _ZNK10ByteBuffer8get_sizeEv @ 0xaa0550
RTL: _ZNK17AP_InertialSensor14get_gyro_countEv @ 0xaa05e0
RTL: _ZNK17AP_InertialSensor4_useEh @ 0xaa0650
RTL: _ZNK17AP_InertialSensor8_gyro_idEh @ 0xaa06b0
RTL: _ZN17AP_InertialSensor8_gyro_idEh @ 0xaa0710
RTL: _ZN17AP_InertialSensor4_useEh @ 0xaa0780
RTL: _ZL3MINIihEDTqultfp_fp0_fp_fp0_ERKT_RKT0_.4077 @ 0x5ee390
RTL: _ZNK7AP_EnumIN22AP_InertialSensor_TCal6EnableEEcvKS1_Ev @ 0xaa0850
RTL: _ZN17AP_InertialSensor4tcalEh @ 0xaa08a0
RTL: _ZNK17AP_InertialSensor8get_gyroEv @ 0xaa0910
RTL: _ZNK17AP_InertialSensor8use_gyroEh @ 0x5ee550
RTL: _ZNK17AP_InertialSensor8get_gyroEh @ 0xaa0970
RTL: _ZNK17AP_InertialSensor15get_gyro_healthEh @ 0xaa09e0
RTL: _ZNK17AP_InertialSensor15get_accel_countEv @ 0xaa0a80
RTL: _ZL3MINIihEDTqultfp_fp0_fp_fp0_ERKT_RKT0_ @ 0x5ee7d0
RTL: _ZNK17AP_InertialSensor9get_accelEv @ 0xaa0af0
RTL: _ZNK17AP_InertialSensor9use_accelEh @ 0x5ee860
RTL: _ZNK17AP_InertialSensor9get_accelEh @ 0xaa0b50
RTL: _ZNK17AP_InertialSensor16get_accel_healthEh @ 0xaa0bc0
RTL: _ZNK17AP_InertialSensor13_accel_offsetEh @ 0xaa0c60
RTL: _ZNK9AP_ParamVI7Vector3IfEL11ap_var_type5EE3getEv @ 0xaa0cc0
RTL: _ZNK7Vector3IfE7is_zeroEv @ 0xaa0d10
RTL: _ZNK17AP_InertialSensor12_accel_scaleEh @ 0xaa0dc0
RTL: _ZNK17AP_InertialSensor9_accel_idEh @ 0xaa0e20
RTL: _Z8is_equalIffENSt3__19enable_ifIXsr3std17is_floating_pointINS0_11common_typeIJT_T0_EE4typeEEE5valueEbE4typeES3_S4_ @ 0xaa0e80
RTL: _ZN17AP_InertialSensor9_accel_idEh @ 0xaa0f00
RTL: _ZN17AP_InertialSensor12_accel_scaleEh @ 0xaa0f70
RTL: _ZN17AP_InertialSensor13_accel_offsetEh @ 0xaa0fe0
RTL: _ZNK17AP_InertialSensor18gyro_calibrated_okEh @ 0xaa1050
RTL: _ZN17AP_InertialSensor13get_singletonEv @ 0x5ee920
RTL: _ZN13AP_ParamTBaseIiL11ap_var_type3EE3setERKi @ 0xaa1700
RTL: _ZNK8AP_Param13find_var_infoEPjRPKNS_9GroupInfoERNS_12GroupNestingEPh @ 0x5f0390
RTL: _ZNK8AP_Param14copy_name_infoEPKNS_4InfoEPKNS_9GroupInfoERKNS_12GroupNestingEhPcmb @ 0x5f0610
RTL: _ZNK8AP_Param14send_parameterEPKc11ap_var_typeh @ 0x5f0870
RTL: _ZNK8AP_Param13cast_to_floatE11ap_var_type @ 0x5f0a10
RTL: _ZN3GCS20send_parameter_valueEPKc11ap_var_typef @ 0x5f0b00
RTL: _ZL3MINImmEDTqultfp_fp0_fp_fp0_ERKT_RKT0_.7110 @ 0x5f0c40
RTL: _ZN11GCS_MAVLINK14mav_param_typeE11ap_var_type @ 0x5f0cc0
RTL: _ZN8AP_Param16count_parametersEv @ 0x5f0d50
RTL: _ZN3GCS23send_to_active_channelsEjPKc @ 0x5f0f00
RTL: _ZN9AP_Logger13get_singletonEv @ 0xaa1f60
RTL: _ZN9AP_Logger15Write_ParameterEPKcf @ 0x5f1020
RTL: _ZNK9AP_Logger10quiet_nanfEv @ 0xaa1fa0
RTL: _ZN17AP_Logger_Backend15Write_ParameterEPKcff @ 0x5f1110
RTL: _Z14strncpy_notermPcPKcm @ 0x5f1230
RTL: _ZN17AP_Logger_Backend18WriteCriticalBlockEPKvt @ 0xaa1ff0
RTL: _ZN17AP_Logger_Backend21WritePrioritisedBlockEPKvtbb @ 0x5f12e0
RTL: _ZN17AP_Logger_Backend30validate_WritePrioritisedBlockEPKvt @ 0x5f14b0
RTL: _ZN17AP_Logger_Backend9ShouldLogEb @ 0x5f16a0
RTL: _ZN17AP_Logger_Backend21ensure_format_emittedEPKvt @ 0x5f1b40
RTL: _ZNK17AP_Logger_Backend23message_type_from_blockEPKvtR11LogMessages @ 0x5f1c60
RTL: _ZNK17AP_Logger_Backend28have_emitted_format_for_typeE11LogMessages @ 0xaa2070
RTL: _ZNK7BitmaskILt256EE8validateEt @ 0xaa21a0
RTL: _ZNK7BitmaskILt256EE3getEt @ 0xaa2230
RTL: _ZNK6AP_HAL4Util14get_soft_armedEv @ 0xaa2300
RTL: _ZN2AP6loggerEv @ 0x5f2760
RTL: _Z7is_zeroI9AP_ParamTIfL11ap_var_type4EEEbT_ @ 0xaa2360
RTL: _ZNK12AP_Scheduler5ticksEv @ 0xaa23c0
RTL: _ZN6AP_HAL8millis16Ev @ 0x5f29b0
RTL: _ZNK9AP_Logger13WritesEnabledEv @ 0xaa2520
RTL: _ZNK19LoggerMessageWriter8finishedEv @ 0xaa2580
RTL: _ZNK9AP_Logger15in_log_downloadEv @ 0x5f29f0
RTL: _ZNK9AP_Logger16vehicle_is_armedEv @ 0xaa25e0
RTL: mavlink_get_msg_entry @ 0x5f2c40
RTL: _ZNK3GCS7num_gcsEv @ 0xaa2690
RTL: _ZNK11GCS_MAVLINK10is_privateEv @ 0xaa26e0
RTL: _ZNK11GCS_MAVLINK9is_activeEv @ 0xaa2740
RTL: _ZN11GCS_MAVLINK12send_messageEPKcPK19__mavlink_msg_entry @ 0xaa27c0
RTL: _ZN11GCS_MAVLINK18check_payload_sizeEt @ 0x5f2d60
RTL: _mav_finalize_message_chan_send @ 0x5f2e10
RTL: _Z26mavlink_get_channel_statush @ 0x5f3160
RTL: _Z17_mav_trim_payloadPKch @ 0x5f3240
RTL: _ZL13crc_calculatePKht @ 0x5f32e0
RTL: _ZL21crc_accumulate_bufferPtPKct @ 0x5f3380
RTL: _ZL14crc_accumulatehPt @ 0x5f3420
RTL: _Z14comm_send_lock17mavlink_channel_tt @ 0x5f36b0
RTL: _mavlink_send_uart @ 0x5f3770
RTL: _Z16comm_send_unlock17mavlink_channel_t @ 0x5f37f0
RTL: _Z16comm_send_buffer17mavlink_channel_tPKhh @ 0x5f3870
RTL: _ZL13valid_channel17mavlink_channel_t @ 0x5f39e0
RTL: _Z24gcs_out_of_space_to_send17mavlink_channel_t @ 0x5f3a90
RTL: _ZN11GCS_MAVLINK20out_of_space_to_sendEv @ 0xaa2900
RTL: _ZL8crc_initPt @ 0x5f43c0
RTL: _ZN11GCS_MAVLINK14channel_statusEv @ 0xaa2960
RTL: _ZNK11GCS_MAVLINK7txspaceEv @ 0xaa29b0
RTL: _ZNK11GCS_MAVLINK15packet_overheadEv @ 0xaa2a50
RTL: _ZN11GCS_MAVLINK20packet_overhead_chanE17mavlink_channel_t @ 0x5f4410
RTL: _ZL3MINIjjEDTqultfp_fp0_fp_fp0_ERKT_RKT0_.7101 @ 0x5f44f0
RTL: _ZN11GCS_MAVLINK10is_privateE17mavlink_channel_t @ 0xaa2ab0
RTL: _ZN8AP_Param8var_infoEt @ 0xaa2b20
RTL: _ZN8AP_Param14get_group_infoERKNS_4InfoE @ 0x5f4d70
RTL: _ZN8AP_Param14get_group_infoERKNS_9GroupInfoE @ 0x5f5390
RTL: _ZN8AP_Param19adjust_group_offsetEtRKNS_9GroupInfoERl @ 0x5f5410
RTL: _ZN8AP_Param8group_idEPKNS_9GroupInfoEjhh @ 0x5f5530
RTL: _ZN8AP_Param8get_baseERKNS_4InfoERl @ 0x5f5630
RTL: _ZNK13AP_ParamTBaseIiL11ap_var_type3EE13cast_to_floatEv @ 0xaa2c60
RTL: _ZNK8AP_Param19find_var_info_groupEPKNS_9GroupInfoEtjhlPjRS2_RNS_12GroupNestingEPh @ 0x5f57c0
RTL: _ZN8AP_Param4saveEb @ 0x5f5cc0
RTL: _ZN17AP_InertialSensor13caltemp_accelEh @ 0xaa2de0
RTL: _ZNK17AP_InertialSensor15get_temperatureEh @ 0xaa2e50
RTL: _ZN7Vector3IfE4zeroEv @ 0xaa30b0
RTL: _ZNK7Vector3IfErmERKS0_ @ 0xaa3110
RTL: _ZNK7Vector3IfEmlERKS0_ @ 0xaa31f0
RTL: _Z9safe_sqrtIfEfT_ @ 0xaa3280
RTL: _ZN11QuaternionTIfE9normalizeEv @ 0xaa3330
RTL: _ZNK11QuaternionTIfE14get_euler_rollEv @ 0xaa3410
RTL: _ZNK11QuaternionTIfE15get_euler_pitchEv @ 0xaa34c0
RTL: _Z9safe_asinIfEfT_ @ 0xaa3530
RTL: _ZNK11QuaternionTIfE6lengthEv @ 0xaa3610
RTL: _ZN7Vector3IfE6rotateE8Rotation @ 0xaa3720
RTL: _ZNK7Matrix3IfEmlERK7Vector3IfE @ 0xaa4700
RTL: _ZN7Matrix3IfE10from_eulerEfff @ 0xaa48a0
RTL: _ZN7Matrix3IfEC2Efffffffff @ 0xaa4ad0
RTL: _ZNK7Vector3IfEplERKS0_ @ 0xaa4c00
RTL: _ZNK7Vector3IfEdvEf @ 0xaa4cb0
RTL: _ZNK7AP_AHRS13get_pitch_radEv @ 0xaa4da0
RTL: _Z4normIffJEEdT_T0_DpKT1_ @ 0xaa4e90
RTL: _ZN7Vector3IfEpLERKS0_ @ 0xaa4f00
RTL: _ZN15ObjectBuffer_TSIN8AP_Param10param_saveEE4peekERS1_ @ 0xaa4fa0
RTL: _ZN15ObjectBuffer_TSIN8AP_Param10param_saveEE4pushERKS1_ @ 0xaa5050
RTL: _ZN10ByteBuffer9peekbytesEPhj @ 0x5f6d50
RTL: _ZN10ByteBuffer9peekiovecEPNS_5IoVecEj @ 0x5f6e60
RTL: _ZNK10ByteBuffer9availableEv @ 0x5f6fb0
RTL: _ZN10ByteBuffer7readptrERj @ 0x5f7290
RTL: _ZNK7Vector3IfEngEv @ 0xaa5130
RTL: _ZN2AP4sitlEv @ 0x5f7690
RTL: _ZN2AP4baroEv @ 0x5f76d0
RTL: _ZNK7AP_Baro11all_healthyEv @ 0x5f78e0
RTL: _ZNK6AP_GPS6statusEv @ 0xaa5210
RTL: _ZNK7AP_Baro12get_pressureEv @ 0xaa5270
RTL: _ZNK7AP_Baro23get_altitude_differenceEff @ 0x5f7990
RTL: _ZNK7AP_Baro26get_altitude_from_pressureEf @ 0x5f7a30
RTL: _ZL33find_atmosphere_layer_by_pressuref @ 0x5f7c90
RTL: _ZNK7AP_Baro17get_altitude_AMSLEv @ 0xaa52d0
RTL: _ZN7AP_Baro29geopotential_alt_to_geometricEf @ 0x5f7d40
RTL: _ZNK7AP_Baro17get_altitude_AMSLEh @ 0xaa5330
RTL: _ZNK7AP_Baro12get_altitudeEh @ 0xaa53a0
RTL: _ZNK7AP_Baro12get_pressureEh @ 0xaa5410
RTL: _ZNK7AP_Baro7healthyEh @ 0x5f7da0
RTL: _ZN7AP_Baro13get_singletonEv @ 0xaa5480
RTL: _ZN4SITL3SIM13get_singletonEv @ 0xaa54c0
RTL: _ZNK9AP_Logger15logging_presentEv @ 0x5f8480
RTL: _ZNK9AP_Logger15logging_startedEv @ 0x5f8570
RTL: _ZNK11RC_Channels17option_is_enabledENS_6OptionE @ 0xaa55d0
RTL: _ZNK11RC_Channels16get_roll_channelEv @ 0x5f87d0
RTL: _ZNK11RC_Channels17get_pitch_channelEv @ 0x5f8840
RTL: _ZNK11RC_Channels15get_yaw_channelEv @ 0x5f88b0
RTL: _ZNK10RC_Channel14get_control_inEv @ 0xaa5650
RTL: _ZNK11RC_Channels20get_throttle_channelEv @ 0x5f8920
RTL: _ZN11RC_Channels23find_channel_for_optionEN10RC_Channel8AUX_FUNCE @ 0x5f8990
RTL: _ZN2AP5rcmapEv @ 0x5f8c10
RTL: _ZNK8RCMapper8throttleEv @ 0xaa5700
RTL: _ZNK11RC_Channels25get_rcmap_channel_nonnullEh @ 0x5f8c50
RTL: _ZN11RC_Channels10rc_channelEh @ 0xaa5760
RTL: _ZN8RCMapper13get_singletonEv @ 0xaa57c0
RTL: _ZNK8RCMapper3yawEv @ 0xaa5800
RTL: _ZNK8RCMapper5pitchEv @ 0xaa5860
RTL: _ZNK8RCMapper4rollEv @ 0xaa58c0
RTL: _ZNK11RC_Channels19flight_mode_channelEv @ 0x5f8ce0
RTL: _ZNK10RC_Channel11get_reverseEv @ 0x5f93b0
RTL: _ZNK5Plane21flight_option_enabledE13FlightOptions @ 0x5f9980
RTL: _ZNK10AP_Mission28get_in_landing_sequence_flagEv @ 0xaa5ca0
RTL: _ZN10AP_Mission16get_next_nav_cmdEtRNS_15Mission_CommandE @ 0x5f9d00
RTL: _ZNK9QuadPlane7enabledEv @ 0xaa5d80
RTL: _ZNK10Tailsitter7enabledEv @ 0xaa5df0
RTL: _Z11is_positiveI9AP_ParamTIfL11ap_var_type4EEEbT_ @ 0xaa6080
RTL: _ZN11AP_Airspeed13get_singletonEv @ 0xaa64d0
RTL: _ZNK11AP_Airspeed7enabledEh @ 0x5faf70
RTL: _ZNK11AP_Airspeed3useEh @ 0x5fb030
RTL: _ZNK11AP_Airspeed7healthyEh @ 0x5fb160
RTL: _ZNK7AP_EnumIN18AP_Airspeed_Params11SkipCalTypeEEcvKS1_Ev @ 0xaa6510
RTL: _ZNK11AP_Airspeed11lib_enabledEv @ 0x5fb2e0
RTL: _ZN12SRV_Channels17get_output_scaledEN11SRV_Channel8FunctionE @ 0x5fb330
RTL: _ZNK10RC_Channel12get_radio_inEv @ 0xaa65a0
RTL: _ZN2AP5fenceEv @ 0x5fd3a0
RTL: _ZNK8AC_Fence7presentEv @ 0x5fd980
RTL: _ZNK8AC_Fence7enabledEv @ 0xaa66b0
RTL: _ZNK19AC_PolyFence_loader17total_fence_countEv @ 0xaa6900
RTL: _ZNK7Vector2IfEmiERKS0_ @ 0xaa7030
RTL: _ZNK7Vector2IfEmlERKS0_ @ 0xaa72a0
RTL: _ZNK7Vector2IfEmlEf @ 0xaa7320
RTL: _ZN7Vector2IfEC2Eff @ 0xaa73a0
RTL: _ZNK8Location15get_distance_NEERKS_ @ 0x5ff000
RTL: _ZNK19AC_PolyFence_loader27get_exclusion_polygon_countEv @ 0xaa74d0
RTL: _ZNK19AC_PolyFence_loader27get_inclusion_polygon_countEv @ 0xaa7520
RTL: _ZNK19AC_PolyFence_loader26get_exclusion_circle_countEv @ 0xaa7570
RTL: _ZNK19AC_PolyFence_loader26get_inclusion_circle_countEv @ 0xaa75c0
RTL: _ZN8AC_Fence13get_singletonEv @ 0xaa7610
RTL: _ZN2AP10visualodomEv @ 0x5ff1c0
RTL: _ZNK13AP_VisualOdom7enabledEv @ 0x5ff330
RTL: _ZNK7AP_EnumIN13AP_VisualOdom15VisualOdom_TypeEEcvKS1_Ev @ 0xaa7650
RTL: _ZN13AP_VisualOdom13get_singletonEv @ 0xaa76a0
RTL: _ZN6AP_HAL6microsEv @ 0x5ff7a0
RTL: _ZN2AP5mountEv @ 0x5ff7e0
RTL: _ZN8AP_Mount13get_singletonEv @ 0xaa7720
RTL: _ZN2AP3osdEv @ 0x5ffa40
RTL: _ZN6AP_OSD13get_singletonEv @ 0xaa77c0
RTL: _ZN2AP9generatorEv @ 0x5ffd90
RTL: _ZN12AP_Generator13get_singletonEv @ 0x5fff50
RTL: _ZN2AP3canEv @ 0x5fff90
RTL: _ZNK13AP_CANManager15get_num_driversEv @ 0xaa78b0
RTL: _ZNK13AP_CANManager15get_driver_typeEh @ 0xaa7900
RTL: _ZN13AP_CANManager13get_singletonEv @ 0xaa7b90
RTL: _ZNK10AP_Terrain14get_statisticsERtS0_ @ 0x600a70
RTL: _ZNK10AP_Terrain10bitcount64Em @ 0x600c60
RTL: _ZNK11SRV_Channel12get_functionEv @ 0xaa7cd0
RTL: _ZNK11SRV_Channel14get_output_minEv @ 0xaa7d90
RTL: _ZNK11SRV_Channel14get_output_maxEv @ 0xaa7de0
RTL: _ZN11SRV_Channel13should_e_stopENS_8FunctionE @ 0x600d50
RTL: _ZN11RangeFinder13get_singletonEv @ 0xaa7e80
RTL: _ZNK9AP_Logger14logging_failedEv @ 0x601380
RTL: _ZN2AP7batteryEv @ 0x601500
RTL: _ZNK14AP_BattMonitor15configured_typeEh @ 0xaa7f70
RTL: _ZNK14AP_BattMonitor14allocated_typeEh @ 0xaa7fe0
RTL: _ZNK22AP_BattMonitor_Backend20check_failsafe_typesERbS0_S0_S0_ @ 0x601c30
RTL: _ZNK21AP_BattMonitor_Params23failsafe_voltage_sourceEv @ 0xaa80c0
RTL: _ZL3MAXIffEDTqugtfp_fp0_fp_fp0_ERKT_RKT0_.19313 @ 0x602040
RTL: _ZN14AP_BattMonitor13get_singletonEv @ 0xaa8120
RTL: _ZNK7Compass14is_calibratingEv @ 0x6020c0
RTL: _ZNK7Compass7healthyEv @ 0xaa81c0
RTL: _ZNK7Compass21learn_offsets_enabledEv @ 0xaa8220
RTL: _ZNK7Compass9get_fieldEv @ 0xaa8350
RTL: _ZNK7Compass10consistentEv @ 0x602480
RTL: _ZN14AP_Declination18get_earth_field_gaERK8Location @ 0x602720
RTL: _ZNK7Vector3IfEmlEf @ 0xaa83b0
RTL: _ZN14AP_Declination16get_mag_field_efEffRfS0_S0_ @ 0x6029c0
RTL: _ZL7radiansf.3485 @ 0x602fc0
RTL: _Z15constrain_int32iii @ 0xaa8450
RTL: _Z15constrain_valueIiET_S0_S0_S0_ @ 0xaa84c0
RTL: _ZN11AP_AHRS_DCM11use_compassEv @ 0x603130
RTL: _ZNK7AP_AHRS15get_fly_forwardEv @ 0xaa85b0
RTL: _ZNK11AP_AHRS_DCM8have_gpsEv @ 0x6032e0
RTL: _ZNK6AP_GPS12ground_speedEv @ 0xaa8610
RTL: _ZL7degreesf.2589 @ 0x603370
RTL: _ZNK6AP_GPS13ground_courseEv @ 0xaa8670
RTL: _Z8wrap_180IfET_S0_ @ 0xaa86d0
RTL: _Z8wrap_360f @ 0x6033c0
RTL: _ZNK6AP_GPS13ground_courseEh @ 0xaa8760
RTL: _ZNK6AP_GPS12ground_speedEh @ 0xaa87d0
RTL: _ZNK7AP_EnumI6GPSUseEcvKS0_Ev @ 0xaa8840
RTL: _ZNK12NavEKF2_core11use_compassEv @ 0x603440
RTL: _ZNK7Vector3IfE2xyEv @ 0xaa8890
RTL: _ZNK7Compass9get_countEv @ 0xaa88e0
RTL: _ZNK7Compass9get_fieldEh @ 0xaa8930
RTL: _ZNK7Vector2IfE7is_zeroEv @ 0xaa89b0
RTL: _ZNK7Vector3IfE5angleERKS0_ @ 0xaa8a40
RTL: _ZL7radiansf.3200 @ 0x6034e0
RTL: _ZNK7Vector2IfE5angleERKS0_ @ 0xaa8b50
RTL: _ZNK7Vector2IfE6lengthEv @ 0xaa8c70
RTL: _ZNK7Compass11get_offsetsEh @ 0xaa8cd0
RTL: _ZNK9AP_ParamVI7Vector3IfEL11ap_var_type5EEcvRKS1_Ev @ 0xaa8d50
RTL: _ZNK14typesafe_indexIh12TAG_PriorityEltERKh @ 0xaa8da0
RTL: _ZNK14typesafe_indexIh12TAG_PriorityEcvhEv @ 0xaa8e90
RTL: _ZNK14typesafe_indexIh12TAG_PriorityEplERKh @ 0xaa8ee0
RTL: _ZN14typesafe_indexIh12TAG_PriorityEppEi @ 0xaa8fe0
RTL: _ZN19RestrictIDTypeArrayIN7Compass9mag_stateELj4E14typesafe_indexIh14TAG_StateIndexEEixERKS4_ @ 0xaa9050
RTL: _ZN8AP_Param7set_keyERNS_12Param_headerEt @ 0x603a40
RTL: _ZN8AP_Param4scanEPKNS_12Param_headerEPt @ 0x603ad0
RTL: _ZN8AP_Param9type_sizeE11ap_var_type @ 0x603c60
RTL: _ZNK13StorageAccess4sizeEv @ 0xaa9140
RTL: _ZN8AP_Param7get_keyERKNS_12Param_headerE @ 0x603d00
RTL: _ZN8AP_Param11is_sentinalERKNS_12Param_headerE @ 0x603d70
RTL: _ZNK19RestrictIDTypeArrayIP17CompassCalibratorLj3E14typesafe_indexIh12TAG_PriorityEEixERKS4_ @ 0xaa9190
RTL: _ZN5Plane9is_flyingEv @ 0x603ec0
RTL: _ZNK9AP_Arming14option_enabledENS_6OptionE @ 0xaa9340
RTL: _ZN15AP_Arming_Plane17update_soft_armedEv @ 0x604400
RTL: _ZNK9AP_Arming8is_armedEv @ 0x604840
RTL: _ZN9AP_Logger17set_vehicle_armedEb @ 0x6048c0
RTL: _ZNK9AP_Arming22get_rudder_arming_typeEv @ 0xaa9420
RTL: _ZN8AC_Fence12clear_breachEh @ 0x605180
RTL: _ZN9AP_Logger18WriteCriticalBlockEPKvt @ 0x6051f0
RTL: _ZNK9AP_Arming23is_armed_and_safety_offEv @ 0x6052a0
RTL: _ZNK9QuadPlane14is_flying_vtolEv @ 0x605330
RTL: _ZNK9QuadPlane12in_vtol_modeEv @ 0x6054d0
RTL: _ZNK9QuadPlane15PosControlState9get_stateEv @ 0xaa9650
RTL: _ZNK9QuadPlane12in_vtol_autoEv @ 0x605750
RTL: _ZNK10AP_Mission19get_current_nav_cmdEv @ 0xaa96a0
RTL: _ZNK9QuadPlane20in_vtol_land_descentEv @ 0x605cb0
RTL: _ZN5Plane18update_current_locEv @ 0x6064e0
RTL: _ZNK7AP_AHRS11get_yaw_degEv @ 0xaa9840
RTL: _ZNK7AP_AHRS28get_relative_position_D_homeERf @ 0x6066f0
RTL: _ZNK7AP_Baro12get_altitudeEv @ 0xaa9890
RTL: _ZNK7AP_AHRS30get_relative_position_D_originERd @ 0x606890
RTL: _ZNK7AP_AHRS11_get_originER8Location @ 0x6069d0
RTL: _ZNK7AP_AHRS11_get_originENS_7EKFTypeER8Location @ 0x606ab0
RTL: _ZNK7NavEKF312getOriginLLHER8Location @ 0x606d80
RTL: _ZNK8Location11initialisedEv @ 0xaa98f0
RTL: _ZNK12NavEKF3_core12getOriginLLHER8Location @ 0x607060
RTL: _ZNK12NavEKF2_core12getOriginLLHER8Location @ 0x607150
RTL: _ZNK8Location7is_zeroEv @ 0x607230
RTL: _ZNK7NavEKF37getPosDERd @ 0x6073f0
RTL: _ZNK7Vector3IfE8todoubleEv @ 0xaa9980
RTL: _ZN7Vector3IdEmLEd @ 0xaa9a00
RTL: _ZN8Location13offset_latlngERiS0_dd @ 0x6078c0
RTL: _ZN8Location15limit_lattitudeEi @ 0x6079c0
RTL: _ZN8Location14wrap_longitudeEl @ 0x607a60
RTL: _ZN7Vector3IdEC2Eddd @ 0xaa9a90
RTL: _ZNK12NavEKF3_core7getPosDERd @ 0x607b00
RTL: _ZNK12NavEKF3_core13getPosD_localERd @ 0x607bd0
RTL: _ZNK12NavEKF2_core7getPosDERd @ 0x607c60
RTL: _ZN7Vector3IdEC2Ev @ 0xaa9b20
RTL: _ZNK11AP_AHRS_DCM12get_locationER8Location @ 0x607e50
RTL: _ZN8Location6offsetEdd @ 0x608180
RTL: _ZNK6AP_GPS7get_lagERf @ 0xaa9b80
RTL: _ZNK6AP_GPS7get_lagEhRf @ 0x608210
RTL: _ZN3GCS12send_messageE10ap_message @ 0x608610
RTL: _ZNK13StorageAccess11write_blockEtPKvm @ 0x608c50
RTL: _ZN11GCS_MAVLINK12send_messageE10ap_message @ 0x608f40
RTL: _ZN11GCS_MAVLINK22save_signing_timestampEb @ 0x609050
RTL: _ZNK11GCS_MAVLINK12is_streamingEv @ 0xaa9d10
RTL: _ZN7BitmaskILt91EE3setEt @ 0xaa9d70
RTL: _ZNK7BitmaskILt91EE8validateEt @ 0xaa9e30
RTL: _ZNK7AP_AHRS10get_originER8Location @ 0x6092e0
RTL: _ZNK8Location10get_alt_cmENS_8AltFrameERi @ 0x609450
RTL: _ZN9AP_Logger10WriteBlockEPKvt @ 0x609790
RTL: _ZN17AP_Logger_Backend10WriteBlockEPKvt @ 0xaa9ec0
RTL: _ZNK8Location13get_alt_frameEv @ 0x609840
RTL: _ZN2AP7terrainEv @ 0x609920
RTL: _ZN10AP_Terrain11height_amslERK8LocationRfb @ 0x609960
RTL: _ZN10AP_Terrain8allocateEv @ 0x609da0
RTL: _ZNK10AP_Terrain19calculate_grid_infoERK8LocationRNS_9grid_infoE @ 0x609ec0
RTL: _ZN10AP_Terrain15find_grid_cacheERKNS_9grid_infoE @ 0x60a330
RTL: _ZN10AP_Terrain12check_bitmapERKNS_10grid_blockEhh @ 0x60a640
RTL: _ZN10AP_Terrain11grid_bitnumEhh @ 0x60a700
RTL: _ZNK10AP_DAL_GPS8locationEv @ 0xaaa000
RTL: _ZNK10AP_DAL_GPS8locationEh @ 0xaaa060
RTL: _ZN6AP_DAL9end_frameEv @ 0x60b020
RTL: _ZN6AP_DAL15WriteLogMessageE11LogMessagesPvPKvh @ 0x60b0a0
RTL: _ZN9AP_Logger16WriteReplayBlockEhPKvt @ 0x60b1c0
RTL: _ZNK9AP_Logger10log_replayEv @ 0xaaa0d0
RTL: _ZNK11AP_Airspeed7healthyEv @ 0xaaa190
RTL: _ZNK7AP_Baro15get_temperatureEh @ 0xaaa270
RTL: _ZN11AP_Airspeed15get_temperatureEhRf @ 0x60b8a0
RTL: _ZNK7AP_AHRS17get_filter_statusER17nav_filter_status @ 0x60bc90
RTL: _ZNK7AP_AHRS16get_velocity_NEDER7Vector3IfE @ 0x60bdc0
RTL: _ZN10AP_Terrain23update_reference_offsetEv @ 0x60be40
RTL: _ZNK9AP_ParamTIfL11ap_var_type4EEngEv @ 0xaaa340
RTL: _ZNK7NavEKF315getFilterStatusER17nav_filter_status @ 0x60c130
RTL: _ZNK15AP_ExternalAHRS17get_filter_statusER17nav_filter_status @ 0x60c420
RTL: _ZNK12NavEKF3_core15getFilterStatusER17nav_filter_status @ 0x60c5b0
RTL: _ZNK12NavEKF2_core15getFilterStatusER17nav_filter_status @ 0x60c620
RTL: _ZNK9AP_Arming18get_enabled_checksEv @ 0x60c690
RTL: _ZN7HALSITL9Semaphore4takeEj @ 0x60c7f0
RTL: _ZN7HALSITL9Semaphore16take_nonblockingEv @ 0x60c990
RTL: _ZN6AP_HAL9Semaphore13take_blockingEv @ 0xaaab70
RTL: _ZN7HALSITL9Semaphore4giveEv @ 0x60ca20
RTL: _ZN4SITL6AS56006updateERKNS_8AircraftE @ 0x60de50
RTL: _ZNK4SITL8Aircraft12get_attitudeER11QuaternionTIfE @ 0xaaba10
RTL: _ZL7degreesf.21535 @ 0x60e220
RTL: _ZN4SITL17I2CRegisters_8Bit12set_registerEhh @ 0x60e280
RTL: _ZN4SITL9I2CDevice6updateERKNS_8AircraftE @ 0xaabc00
RTL: _ZN4SITL13TeraRangerI2C6updateERKNS_8AircraftE @ 0xaabda0
RTL: _ZNK4SITL8Aircraft17rangefinder_rangeEv @ 0x60e940
RTL: _Z10rand_floatv @ 0x60ec20
RTL: _ZN4SITL7INA32216updateERKNS_8AircraftE @ 0x60ef00
RTL: _ZL15convert_voltagef @ 0x60f380
RTL: _ZL15convert_currentf @ 0x60f450
RTL: _ZN4SITL8QMC5883L6updateERKNS_8AircraftE @ 0x60f6b0
RTL: _ZN7Vector3IfE14rotate_inverseE8Rotation @ 0xaabe10
RTL: _ZL7htole16t.15963 @ 0x60fac0
RTL: _ZN7Vector3IsEC2Esss @ 0xaabfc0
RTL: _ZN4SITL10IS31FL31956updateERKNS_8AircraftE @ 0x60fd30
RTL: _ZN4SITL17I2CRegisters_8Bit12get_registerEh @ 0xaac160
RTL: _ZN10SIM_RGBLED11set_coloursEhhh @ 0xaac1c0
RTL: _ZN4SITL6LM27556updateERKNS_8AircraftE @ 0x610a10
RTL: _ZNK4SITL6LM275510LEDChannel13current_valueEv @ 0xaac3d0
RTL: _ZN4SITL6LP55626updateERKNS_8AircraftE @ 0x610fc0
RTL: _ZN4SITL6LP556210LEDChannel6updateEv @ 0x6112d0
RTL: _ZNK4SITL6LP556210LEDChannel13current_valueEv @ 0xaac650
RTL: _ZN4SITL6MS5XXX6updateERKNS_8AircraftE @ 0x6113b0
RTL: _ZN7AP_Baro37get_pressure_temperature_for_alt_amslEfRfS0_ @ 0x612360
RTL: _ZN7AP_Baro29geometric_alt_to_geopotentialEf @ 0x612540
RTL: _ZL33find_atmosphere_layer_by_altitudef @ 0x6125a0
RTL: _ZN7AP_Baro33get_temperature_by_altitude_layerEfa @ 0x612650
RTL: _ZN7AP_Baro29get_temperatureC_for_alt_amslEf @ 0x6131d0
RTL: _ZN4SITL12InvensenseV36updateERKNS_8AircraftE @ 0x613240
RTL: _ZNK4SITL8ICM4060911accel_scaleEv @ 0xaacba0
RTL: _ZL7radiansd.15405 @ 0x613d00
RTL: _ZNK4SITL12InvensenseV310gyro_scaleEv @ 0xaacbf0
RTL: _ZN4SITL12InvensenseV313write_to_fifoEhPhh @ 0x613d50
RTL: _ZN4SITL7MCP96006updateERKNS_8AircraftE @ 0x6142b0
RTL: _ZL7htobe16t.15309 @ 0x614880
RTL: _ZL10__bswap_16t.15311 @ 0x6148d0
RTL: _ZNK4SITL31I2CRegisters_ConfigurableLength13get_reg_valueEhRh @ 0x614940
RTL: _ZN4SITL6TSYS036updateERKNS_8AircraftE @ 0x614d90
RTL: _ZN4SITL6TSYS016updateERKNS_8AircraftE @ 0x6157e0
RTL: _ZN4SITL5SHT3x6updateERKNS_8AircraftE @ 0x616410
RTL: _ZN4SITL13Airspeed_DLVR6updateERKNS_8AircraftE @ 0x616c90
RTL: _ZN4SITL29SIM_BattMonitor_SMBus_Generic6updateERKNS_8AircraftE @ 0x617770
RTL: _ZNK4SITL29SIM_BattMonitor_SMBus_Generic15connected_cellsEv @ 0xaad4e0
RTL: _ZN4SITL21SIM_BattMonitor_SMBus6updateERKNS_8AircraftE @ 0x617fd0
RTL: _ZNK4SITL8Aircraft19get_battery_voltageEv @ 0xaad530
RTL: _ZN4SITL11SMBusDevice12set_registerEht @ 0xaad580
RTL: _ZN4SITL18I2CRegisters_16Bit12set_registerEht @ 0x6180e0
RTL: _ZN4SITL11SMBusDevice12set_registerEhs @ 0xaad600
RTL: _ZN4SITL18I2CRegisters_16Bit12set_registerEhs @ 0x618190
RTL: _ZN4SITL6Rotoye6updateERKNS_8AircraftE @ 0x618430
RTL: _ZN4SITL11SMBusDevice13get_reg_valueEh @ 0xaad8b0
RTL: _ZN4SITL18I2CRegisters_16Bit13get_reg_valueEh @ 0xaad920
RTL: _ZL7be16toht.21586 @ 0x618500
RTL: _ZL10__bswap_16t.21587 @ 0x618550
RTL: _ZNK4SITL6Maxell15connected_cellsEv @ 0xaad9e0
RTL: _ZN4SITL13MaxSonarI2CXL6updateERKNS_8AircraftE @ 0xaadb20
RTL: _ZN4SITL10ToshibaLED6updateERKNS_8AircraftE @ 0x618810
RTL: _ZNK6AP_HAL3HAL6serialEh @ 0xaae560
RTL: _ZL14fill_stack_nanv @ 0x6192d0
RTL: _ZN7HALSITL9Scheduler13_run_io_procsEv @ 0x619650
RTL: _ZNK7FunctorIvJEEcvbEv @ 0xaae670
RTL: _ZNK7FunctorIvJEEclEv @ 0xaae6d0
RTL: _ZN7HALSITL16I2CDeviceManager11_timer_tickEv @ 0x619860
RTL: _ZN2AP2RCEv @ 0x619900
RTL: _ZN13AP_RCProtocol6updateEv @ 0x6199b0
RTL: _ZN13AP_RCProtocol16check_added_uartEv @ 0x619a00
RTL: _ZNK13AP_RCProtocol13should_searchEj @ 0x619c70
RTL: _ZN21AP_RCProtocol_Backend9new_inputEv @ 0x61a3b0
RTL: _ZNK17AP_RCProtocol_FDM6activeEv @ 0xaae970
RTL: _ZN6I2CBus11_timer_tickEv @ 0x61a5c0
RTL: _ZN9AP_Logger6WriteVEPKcS1_S1_S1_S1_P13__va_list_tagbb @ 0x61a6f0
RTL: _ZN9AP_Logger16msg_fmt_for_nameEPKcS1_S1_S1_S1_bb @ 0x61a8f0
RTL: _ZN17AP_Logger_Backend5WriteEhP13__va_list_tagbb @ 0x61b1e0
RTL: _ZNK9AP_Logger24assert_same_fmt_for_nameEPKNS_13log_write_fmtEPKcS4_S4_S4_S4_ @ 0x61bd60
RTL: _ZN3GCS14update_receiveEv @ 0x61d0d0
RTL: _ZN3GCS11update_sendEv @ 0x61d180
RTL: _ZN19MissionItemProtocol6updateEv @ 0x61d4c0
RTL: _ZN11GCS_MAVLINK11update_sendEv @ 0x61d690
RTL: _ZN3GCS18service_statustextEv @ 0x61da70
RTL: _ZN3GCS15StatusTextQueue9semaphoreEv @ 0xaaebd0
RTL: _ZNK11ObjectArrayIN3GCS12statustext_tEE8is_emptyEv @ 0xaaec20
RTL: _Z14comm_chan_lock17mavlink_channel_t @ 0x61df50
RTL: _ZL16mav_array_memcpyPvPKvm.7264 @ 0x61e090
RTL: _ZN9AP_Logger15handle_log_sendEv @ 0x61e130
RTL: _ZN22GCS_MAVLINK_InProgress11check_tasksEv @ 0x61e800
RTL: _ZNK3GCS11out_of_timeEv @ 0x61e9f0
RTL: _ZN11GCS_MAVLINK30deferred_message_to_send_indexEt @ 0x61ead0
RTL: _ZN11GCS_MAVLINK19do_try_send_messageE10ap_message @ 0x61ecb0
RTL: _ZNK7BitmaskILt91EE9first_setEv @ 0xaaefc0
RTL: _ZN7BitmaskILt91EE5clearEt @ 0xaaf090
RTL: _ZN11GCS_MAVLINK36next_deferred_bucket_message_to_sendEt @ 0x61ede0
RTL: _ZNK7BitmaskILt91EE5countEv @ 0xaaf150
RTL: _ZNK11GCS_MAVLINK26get_reschedule_interval_msERKNS_25deferred_message_bucket_tE @ 0x61ef10
RTL: _ZN11GCS_MAVLINK24find_next_bucket_to_sendEt @ 0x61f010
RTL: _ZN7BitmaskILt91EEaSERKS0_ @ 0xaaf220
RTL: _ZNK11GCS_MAVLINK24requesting_mission_itemsEv @ 0x61f1e0
RTL: _ZN7GCS_FTP16get_last_send_msE17mavlink_channel_t @ 0x61f2d0
RTL: _ZNK11GCS_MAVLINK17telemetry_delayedEv @ 0x61f470
RTL: _ZNK3GCS11telem_delayEv @ 0xaaf360
RTL: _ZN14AP_BoardConfig15in_config_errorEv @ 0xaaf3c0
RTL: _ZNK12AP_Scheduler19time_available_usecEv @ 0x61f540
RTL: _ZN2AP2FSEv @ 0x61f7c0
RTL: _ZN19AP_Filesystem_Posix5writeEiPKvj @ 0x61fb60
RTL: _ZN21AP_Filesystem_Backend17bytes_until_fsyncEi @ 0xaaf400
RTL: _ZN19AP_Filesystem_Posix9disk_freeEPKc @ 0x620350
RTL: _ZNK21AP_Filesystem_Backend15file_op_allowedEv @ 0x620a80
RTL: _ZL12map_filenamePKc @ 0x620b20
RTL: _ZL17map_filename_freePKc @ 0x620bc0
RTL: _Z16comm_get_txspace17mavlink_channel_t @ 0x620d10
RTL: _ZL28mavlink_msg_command_ack_send17mavlink_channel_tthhihh @ 0x620da0
RTL: _ZN11GCS_MAVLINK23set_ap_message_intervalE10ap_messaget @ 0x621210
RTL: _ZNK11GCS_MAVLINK20cap_message_intervalEt @ 0x621630
RTL: _ZNK11GCS_MAVLINK26get_deferred_message_indexE10ap_message @ 0x621700
RTL: _ZNK7BitmaskILt91EE3getEt @ 0xaaf640
RTL: _ZN12AP_Scheduler18get_loop_period_usEv @ 0xaaf710
RTL: _ZNK13AP_Filesystem13backend_by_fdERi @ 0x621f80
RTL: _ZNK13AP_Filesystem15backend_by_pathERPKc @ 0x622050
RTL: _ZN11GCS_MAVLINK39initialise_message_intervals_for_streamENS_7streamsE @ 0x622340
RTL: _ZNK11GCS_MAVLINK23get_interval_for_streamENS_7streamsE @ 0x622540
RTL: _ZNK11GCS_MAVLINK8get_chanEv @ 0xaaf7b0
RTL: _ZN19AC_PolyFence_loader13check_indexedEv @ 0x6256b0
RTL: _Z11is_negativeIfEbT_ @ 0xab0490
RTL: _ZN11GCS_MAVLINK14update_receiveEj @ 0x62ae30
RTL: _ZN3GCS15update_passthruEv @ 0x62b300
RTL: _ZN16AP_SerialManager12get_passthruERPN6AP_HAL10UARTDriverES3_RhRjS5_ @ 0x62b830
RTL: _ZN6AP_HAL10UARTDriver11read_lockedEPhmj @ 0x62c2b0
RTL: _ZNK11GCS_MAVLINK6lockedEv @ 0xab0780
RTL: _ZNK7FunctorIbJhPN6AP_HAL10UARTDriverEEEcvbEv @ 0xab07e0
RTL: _ZN11GCS_MAVLINK14channel_bufferEv @ 0xab08c0
RTL: mavlink_frame_char_buffer @ 0x62c990
RTL: _ZN12AP_Scripting14handle_messageERK17__mavlink_message17mavlink_channel_t @ 0x62d230
RTL: _ZN11GCS_MAVLINK13send_timesyncEv @ 0x62d420
RTL: _ZN11GCS_MAVLINK17log_mavlink_statsEv @ 0x62d490
RTL: _ZNK11GCS_MAVLINK15signing_enabledEv @ 0x62d610
RTL: _ZNK11GCS_MAVLINK21timesync_timestamp_nsEv @ 0x62d6b0
RTL: _ZL25mavlink_msg_timesync_send17mavlink_channel_tll @ 0x62d710
RTL: mavlink_start_checksum @ 0x62d7b0
RTL: mavlink_update_checksum @ 0x62d810
RTL: _Z9fill_nanfPft @ 0x62e250
RTL: _ZN10ByteBuffer7advanceEj @ 0x6312e0
RTL: _ZN5Empty11OpticalFlow9push_gyroEfff @ 0xab1790
RTL: _ZN5Empty11OpticalFlow14push_gyro_biasEff @ 0xab1800
RTL: _ZN6AP_HAL4Util14set_soft_armedEb @ 0x631e00
RTL: _ZNK7HALSITL4Util18was_watchdog_resetEv @ 0xab1ad0
RTL: _ZN7HALSITL4Util19safety_switch_stateEv @ 0x631f90
RTL: _ZN7HALSITL4Util16available_memoryEv @ 0xab1fc0
RTL: _ZN7HALSITL4Util8uart_logEv @ 0x632570
RTL: _ZN6AP_HAL4Util14log_stack_infoEv @ 0xab2360
RTL: _ZN6AP_HAL10UARTDriver9log_statsEhRNS0_12StatsTrackerEj @ 0x632740
RTL: _ZN6AP_HAL10UARTDriver12StatsTracker11ByteTracker6updateEj @ 0x6328e0
RTL: _ZN7HALSITL8RCOutput20_safety_switch_stateEv @ 0xab2400
RTL: _ZN6AP_HAL10UARTDriver5writeEPKhm @ 0x634e10
RTL: _ZN6AP_HAL10UARTDriver9availableEv @ 0x634f50
RTL: _ZN6AP_HAL10UARTDriver4readEv @ 0x634fd0
RTL: _ZN6AP_HAL10UARTDriver4readERh @ 0x635050
RTL: _ZN6AP_HAL10UARTDriver4readEPht @ 0x635150
RTL: _ZN7HALSITL10UARTDriver7txspaceEv @ 0x6351c0
RTL: _ZN7HALSITL10UARTDriver11_timer_tickEv @ 0x635540
RTL: _ZN7HALSITL10UARTDriver26receive_time_constraint_usEt @ 0x6355a0
RTL: _ZN7HALSITL10UARTDriver6_writeEPKhm @ 0x636270
RTL: _ZN7HALSITL10UARTDriver5_readEPht @ 0x636440
RTL: _ZN7HALSITL10UARTDriver10_availableEv @ 0x636630
RTL: _ZNK7HALSITL10UARTDriver18get_total_tx_bytesEv @ 0xab4b90
RTL: _ZNK7HALSITL10UARTDriver18get_total_rx_bytesEv @ 0xab4be0
RTL: _ZNK6AP_HAL10UARTDriver26get_total_dropped_rx_bytesEv @ 0xab4c30
RTL: _ZN7HALSITL10UARTDriver17_check_connectionEv @ 0x636720
RTL: _ZN7HALSITL10UARTDriver13_select_checkEi @ 0x636860
RTL: _ZN10ByteBuffer4readEPhj @ 0x636a70
RTL: _ZN7HALSITL10UARTDriver41handle_writing_from_writebuffer_to_deviceEv @ 0x636b10
RTL: _ZN7HALSITL10UARTDriver16_check_reconnectEv @ 0x636ec0
RTL: _ZL3MINIjjEDTqultfp_fp0_fp_fp0_ERKT_RKT0_.14591 @ 0x6372c0
RTL: _ZNK4SITL12SerialDevice15write_to_deviceEPKcm @ 0x637340
RTL: _ZNK4SITL12SerialDevice18write_to_autopilotEPKcm @ 0x63a6a0
RTL: _ZNK4SITL12SerialDevice13is_match_baudEv @ 0x63a760
RTL: _ZNK4SITL3GPS18write_to_autopilotEPKcm @ 0x63a890
RTL: _ZNK4SITL3GPS11device_baudEv @ 0x63aab0
RTL: _Z8wrap_180IdET_S0_ @ 0xab6220
RTL: _Z8wrap_360d @ 0x63d940
RTL: _ZNK4SITL12SerialDevice19read_from_autopilotEPcm @ 0x63d9e0
RTL: _ZN4SITL8Aircraft11rand_normalEdd @ 0x640920
RTL: _Z7is_zerod @ 0xab8350
RTL: _ZN7HALSITL10UARTDriver40handle_reading_from_device_to_readbufferEv @ 0x6432d0
RTL: _ZNK4SITL12SerialDevice16read_from_deviceEPcm @ 0x643760
RTL: _ZN7HALSITL8AnalogIn13board_voltageEv @ 0xab9860
RTL: _ZN6AP_HAL8AnalogIn17servorail_voltageEv @ 0xab98b0
RTL: _ZN6AP_HAL8AnalogIn18power_status_flagsEv @ 0xab9900
RTL: _ZN7HALSITL9ADCSource7set_pinEh @ 0x6443a0
RTL: _ZN7HALSITL9ADCSource15voltage_averageEv @ 0x644420
RTL: _ZN7HALSITL9ADCSource14voltage_latestEv @ 0x644470
RTL: _ZN7HALSITL9ADCSource27voltage_average_ratiometricEv @ 0xab9a00
RTL: _ZN7HALSITL4GPIO13usb_connectedEv @ 0x644bd0
RTL: _ZN7HALSITL8RCOutput9enable_chEh @ 0x644fd0
RTL: _ZN7HALSITL8RCOutput10disable_chEh @ 0x645060
RTL: _ZN7HALSITL8RCOutput5writeEht @ 0x6450f0
RTL: _ZN6AP_HAL8RCOutput20update_channel_masksEv @ 0xaba2e0
RTL: _ZN7HALSITL8RCOutput4corkEv @ 0x645220
RTL: _ZN7HALSITL8RCOutput4pushEv @ 0x6452b0
RTL: _ZN7HALSITL8RCOutput4readEh @ 0x6453e0
RTL: _ZN7HALSITL8RCOutput4readEPth @ 0x645470
RTL: _ZN6AP_HAL8RCOutput16set_default_rateEt @ 0xabab80
RTL: _ZN17AP_ESC_Telem_SITL6updateEv @ 0x645890
RTL: _ZL3MAXIffEDTqugtfp_fp0_fp_fp0_ERKT_RKT0_.21054 @ 0x645a60
RTL: _ZN20AP_ESC_Telem_Backend10update_rpmEhff @ 0x645ae0
RTL: _ZN20AP_ESC_Telem_Backend17update_telem_dataEhRKNS_13TelemetryDataEt @ 0x645b70
RTL: _ZN12AP_ESC_Telem17update_telem_dataEhRKN20AP_ESC_Telem_Backend13TelemetryDataEt @ 0x645c00
RTL: _ZN12AP_ESC_Telem10update_rpmEhff @ 0x645ee0
RTL: _ZL3MAXIjjEDTqugtfp_fp0_fp_fp0_ERKT_RKT0_.10617 @ 0x646040
RTL: _Z16constrain_uint32jjj @ 0xabb0b0
RTL: _Z15constrain_valueIjET_S0_S0_S0_ @ 0xabb120
RTL: _ZN7HALSITL7RCInput9new_inputEv @ 0x6461d0
RTL: _ZN7HALSITL7RCInput12num_channelsEv @ 0x646230
RTL: _ZN7HALSITL7RCInput4readEh @ 0x646290
RTL: _ZN13AP_RCProtocol4readEh @ 0x646540
RTL: _ZN21AP_RCProtocol_Backend4readEh @ 0x6465d0
RTL: _ZN13AP_RCProtocol12num_channelsEv @ 0x646630
RTL: _ZNK21AP_RCProtocol_Backend12num_channelsEv @ 0x6466b0
RTL: _ZN13AP_RCProtocol9new_inputEv @ 0x646700
RTL: _ZN13AP_RCProtocol21detect_async_protocolENS_12rcprotocol_tE @ 0x6468c0
RTL: _ZNK13AP_RCProtocol10using_uartEv @ 0xabb6b0
RTL: _ZN17AP_RCProtocol_FDM6updateEv @ 0x647510
RTL: _ZN21AP_RCProtocol_Backend9add_inputEhPtbss @ 0x6476f0
RTL: _ZL3MINIhiEDTqultfp_fp0_fp_fp0_ERKT_RKT0_.20689 @ 0x647850
RTL: _ZN13AP_RCProtocol19set_failsafe_activeEb @ 0xabc080
RTL: _ZN21AP_RCProtocol_Backend6updateEv @ 0xabc190
RTL: _ZN17AP_RCProtocol_UDP6updateEv @ 0x6478d0
RTL: _ZN17AP_RCProtocol_UDP21read_all_socket_inputEv @ 0x647b30
RTL: _ZN16SocketAPM_native4recvEPvmj @ 0x647dd0
RTL: _ZN16SocketAPM_native6pollinEj @ 0x648000
RTL: _ZNK16SocketAPM_native11get_read_fdEv @ 0xabc2c0
RTL: _ZN18AP_RCProtocol_GHST6updateEv @ 0x648860
RTL: _ZNK12NavEKF3_core12getVariancesERfS0_S0_R7Vector3IfES0_R7Vector2IfE @ 0x64a970
RTL: _ZL3MAXIddEDTqugtfp_fp0_fp_fp0_ERKT_RKT0_.5309 @ 0x64ab70
RTL: _ZNK7Vector2IdE7tofloatEv @ 0xabc9f0
RTL: _ZNK12NavEKF2_core12getVariancesERfS0_S0_R7Vector3IfES0_R7Vector2IfE @ 0x64abf0
RTL: _ZL3MAXIddEDTqugtfp_fp0_fp_fp0_ERKT_RKT0_.4705 @ 0x64adf0
RTL: _ZN3GCS23get_sensor_status_flagsERjS0_S0_ @ 0x64aee0
RTL: _ZN3GCS26update_sensor_status_flagsEv @ 0x64afa0
RTL: _ZNK7AP_AHRS11initialisedEv @ 0x64b760
RTL: _ZNK7AP_AHRS17have_inertial_navEv @ 0x64b890
RTL: _ZNK7AP_Baro13num_instancesEv @ 0xabca50
RTL: _ZNK6AP_GPS10is_healthyEv @ 0xabcaa0
RTL: _ZNK14AP_BattMonitor13num_instancesEv @ 0xabcb00
RTL: _ZNK14AP_BattMonitor7healthyEv @ 0x64b8f0
RTL: _ZNK14AP_BattMonitor13has_failsafedEv @ 0xabcb50
RTL: _ZNK17AP_InertialSensor11calibratingEv @ 0x64b9e0
RTL: _ZNK9AP_Logger15logging_enabledEv @ 0x64bab0
RTL: _ZNK6AP_GPS15logging_presentEv @ 0xabcbb0
RTL: _ZNK6AP_GPS15logging_enabledEv @ 0xabcc20
RTL: _ZNK6AP_GPS14logging_failedEv @ 0x64bb80
RTL: _ZNK7AP_AHRS12get_ekf_typeEv @ 0xabcc90
RTL: _ZNK8AC_Fence18sys_status_enabledEv @ 0x64bc60
RTL: _ZNK8AC_Fence18sys_status_presentEv @ 0x64bd00
RTL: _ZNK8AC_Fence17sys_status_failedEv @ 0x64bd60
RTL: _ZNK11AP_Airspeed7enabledEv @ 0xabccf0
RTL: _ZNK11AP_Airspeed3useEv @ 0xabcd50
RTL: _ZNK7AP_AHRS23airspeed_sensor_enabledEv @ 0xabcdb0
RTL: _ZNK11AP_Airspeed11all_healthyEv @ 0x64bdf0
RTL: _ZN2AP11opticalflowEv @ 0x64beb0
RTL: _ZNK14AP_OpticalFlow7enabledEv @ 0xabce00
RTL: _ZNK14AP_OpticalFlow7healthyEv @ 0xabce70
RTL: _ZN2AP6armingEv @ 0x64bef0
RTL: _ZNK11RC_Channels22has_ever_seen_rc_inputEv @ 0xabcef0
RTL: _ZN9AP_Arming13get_singletonEv @ 0x64bf30
RTL: _ZNK7AP_EnumIN14AP_OpticalFlow4TypeEEcvKS1_Ev @ 0xabcf50
RTL: _ZN14AP_OpticalFlow13get_singletonEv @ 0xabcfa0
RTL: _ZN15AP_AHRS_Backend23airspeed_sensor_enabledEv @ 0xabcfe0
RTL: _ZN2AP8airspeedEv @ 0x64bf70
RTL: _ZNK8AC_Fence12get_breachesEv @ 0xabd070
RTL: _ZNK7AP_EnumIN8AC_Fence6ActionEEcvKS1_Ev @ 0xabd0c0
RTL: _ZNK14AP_BattMonitor7healthyEh @ 0x64c030
RTL: _ZNK6AP_GPS8num_satsEv @ 0xabd2d0
RTL: _ZNK8Location14get_bearing_toERKS_ @ 0xabd330
RTL: _ZNK8Location11get_bearingERKS_ @ 0x64ccd0
RTL: _ZL9rad_to_cdf @ 0x64cde0
RTL: _ZNK6AP_GPS8num_satsEh @ 0xabd3b0
RTL: _ZNK14AP_BattMonitor12current_ampsERfh @ 0x64cf20
RTL: _ZNK14AP_BattMonitor12consumed_mahERfh @ 0x64d010
RTL: _ZN9AP_Logger14WriteStreamingEPKcS1_S1_z @ 0x64dd30
RTL: _ZN22AP_RCProtocol_DroneCAN6updateEv @ 0x64df90
RTL: _ZNK16AP_SerialManager11find_serialENS_14SerialProtocolEh @ 0x64f380
RTL: _ZN9AP_Notify6updateEv @ 0x6525f0
RTL: _ZN2AP3srvEv @ 0x652790
RTL: _ZN12SRV_Channels4corkEv @ 0x6527d0
RTL: _ZN12SRV_Channels4pushEv @ 0x652830
RTL: _ZN16AP_Volz_Protocol6updateEv @ 0x6529e0
RTL: _ZN10AP_SBusOut6updateEv @ 0x652cb0
RTL: _ZN15AP_RobotisServo6updateEv @ 0x652e30
RTL: _ZN16AP_FETtecOneWire6updateEv @ 0x6530a0
RTL: _ZN2AP6kdecanEv @ 0x653390
RTL: _ZN9AP_KDECAN6updateEv @ 0x6533d0
RTL: _ZN12SRV_Channels12find_channelEN11SRV_Channel8FunctionERh @ 0x653db0
RTL: _ZN11SRV_Channel8calc_pwmEf @ 0x653e80
RTL: _ZNK11SRV_Channel21pwm_from_scaled_valueEf @ 0x653f70
RTL: _ZNK11SRV_Channel14pwm_from_angleEf @ 0x654010
RTL: _ZNK11SRV_Channel14pwm_from_rangeEf @ 0x654210
RTL: _ZN9AP_KDECAN13get_singletonEv @ 0xabfd10
RTL: _ZN16AP_FETtecOneWire4initEv @ 0x655b40
RTL: _ZN16AP_FETtecOneWire9init_uartEv @ 0x657110
RTL: _Z18linear_interpolatefffff @ 0x6597d0
RTL: _ZL10swap_floatRfS_ @ 0x659900
RTL: _ZN12SRV_Channels13get_singletonEv @ 0xac0770
RTL: _ZNK10AP_Mission21get_current_nav_indexEv @ 0xac0b00
RTL: _ZNK7AP_AHRS13wind_estimateEv @ 0xac0b80
RTL: _ZN10AP_Terrain20height_above_terrainERfb @ 0x65be00
RTL: _ZNK10AP_Terrain6statusEv @ 0xac0be0
RTL: _ZNK6AP_GPS8get_hdopEh @ 0xac0cf0
RTL: _ZNK7AP_AHRS11groundspeedEv @ 0xac0df0
RTL: _ZN7AP_Baro14get_climb_rateEv @ 0x65c310
RTL: _ZN16DerivativeFilterIfLh7EE5slopeEv @ 0xac0e90
RTL: _ZNK11RangeFinder15distance_orientE8Rotation @ 0x65c380
RTL: _ZNK11RangeFinder13find_instanceE8Rotation @ 0x65c410
RTL: _ZNK11RangeFinder11get_backendEh @ 0x65c560
RTL: _Z14float_to_int16f @ 0x65dfc0
RTL: _ZNK8Location9get_alt_mENS_8AltFrameERf @ 0x65e140
RTL: _ZN18AP_RCProtocol_CRSF6updateEv @ 0x6607d0
RTL: _ZN13AP_ParamTBaseIsL11ap_var_type2EE22set_and_save_ifchangedERKs @ 0xac2c00
RTL: _ZNK7AP_AHRS12get_roll_radEv @ 0xac2e20
RTL: _ZNK7AP_AHRS11get_yaw_radEv @ 0xac2e70
RTL: _ZN19AP_RCProtocol_SRXL26updateEv @ 0x66a3c0
RTL: _ZNK14AP_BattMonitor15get_temperatureERfh @ 0x66d4a0
RTL: _ZN2AP3rtcEv @ 0x66d570
RTL: _ZNK6AP_RTC12get_utc_usecERm @ 0x66d690
RTL: _ZN6AP_RTC13get_singletonEv @ 0xac3a80
RTL: _ZNK11AP_Airspeed12get_airspeedEv @ 0xac3ac0
RTL: _ZNK11AP_Airspeed12get_airspeedEh @ 0x66d940
RTL: _ZN2AP9esc_telemEv @ 0x66d9f0
RTL: _ZNK12AP_ESC_Telem7get_rpmEhRf @ 0x66db90
RTL: _ZL3MINIffEDTqultfp_fp0_fp_fp0_ERKT_RKT0_.10600 @ 0x66dd30
RTL: _ZNVK20AP_ESC_Telem_Backend13TelemetryData5staleEv @ 0x66de20
RTL: _ZN12AP_ESC_Telem13get_singletonEv @ 0x66dea0
RTL: _ZN17AP_RCProtocol_DSM6updateEv @ 0x6713b0
RTL: _ZN7HALSITL9Scheduler5delayEt @ 0x672ca0
RTL: _ZN7HALSITL9Scheduler18delay_microsecondsEt @ 0x672d90
RTL: _ZN6AP_HAL9Scheduler24delay_microseconds_boostEt @ 0xac4260
RTL: _ZN6AP_HAL9Scheduler9boost_endEv @ 0xac4370
RTL: _ZNK6AP_HAL9Scheduler17in_delay_callbackEv @ 0xac43c0
RTL: _ZN7HALSITL9Scheduler21is_system_initializedEv @ 0xac4420
RTL: _ZN7HALSITL9Scheduler10stop_clockEm @ 0x673300
RTL: _ZNK7HALSITL9Scheduler14in_main_threadEv @ 0x6733a0
RTL: _ZN7HALSITL10SITL_State10wait_clockEm @ 0x673a60
RTL: _ZNK4SITL8Aircraft11get_speedupEv @ 0xac45d0
RTL: _ZNK7HALSITL9Scheduler28semaphore_wait_hack_requiredEv @ 0x673c10
RTL: _ZN7HALSITL10SITL_State15_fdm_input_stepEv @ 0x673c90
RTL: _ZN7HALSITL10SITL_State16_fdm_input_localEv @ 0x673de0
RTL: _ZNK7HALSITL9Scheduler22interrupts_are_blockedEv @ 0xac4620
RTL: _ZN7HALSITL9Scheduler17sitl_begin_atomicEv @ 0xac4680
RTL: _ZN7HALSITL9Scheduler11timer_eventEv @ 0xac46e0
RTL: _ZN7HALSITL9Scheduler15sitl_end_atomicEv @ 0x673f80
RTL: _ZN7HALSITL10SITL_State16_update_airspeedEf @ 0x674020
RTL: _ZN7HALSITL10SITL_State19_update_rangefinderEv @ 0x674390
RTL: _ZNK7HALSITL10SITL_State18_sonar_pin_voltageEv @ 0x6743f0
RTL: _ZN7AP_Baro24get_EAS2TAS_for_alt_amslEf @ 0x674560
RTL: _ZL2sqf.14351 @ 0x6745e0
RTL: _ZN7AP_Baro28get_air_density_for_alt_amslEf @ 0x674630
RTL: _ZL3MAXIffEDTqugtfp_fp0_fp_fp0_ERKT_RKT0_.2718 @ 0x674800
RTL: _ZN7HALSITL9Scheduler16_run_timer_procsEv @ 0x674880
RTL: _ZN7HALSITL10SITL_State17_simulator_servosER10sitl_input @ 0x674980
RTL: _ZN4SITL11JSON_Master7receiveER10sitl_input @ 0x675610
RTL: _ZN7HALSITL10SITL_State22multicast_servo_updateER10sitl_input @ 0x675ab0
RTL: _ZN4SITL8Aircraft11update_homeEv @ 0x675b90
RTL: _ZN4SITL8Aircraft12update_modelERK10sitl_input @ 0x675cf0
RTL: _ZN4SITL8Aircraft8fill_fdmERNS_8sitl_fdmE @ 0x675d90
RTL: _ZN7HALSITL8CANIface14num_interfacesEv @ 0xac4720
RTL: _ZNK4SITL8Aircraft20get_position_relhomeEv @ 0x676960
RTL: _ZN4SITL11JSON_Master4sendERKNS_8sitl_fdmERK7Vector3IdE @ 0x676a20
RTL: _ZN7HALSITL17SITL_State_Common10sim_updateEv @ 0x676cc0
RTL: _ZN7HALSITL10SITL_State14set_height_aglEv @ 0x677510
RTL: _ZNK4SITL8Aircraft15get_velocity_efEv @ 0xac47b0
RTL: _ZN4SITL3GPS6updateEv @ 0x6788e0
RTL: _ZN4SITL12SerialDevice17init_sitl_pointerEv @ 0x67a030
RTL: _ZN4SITL3GPS24check_backend_allocationEv @ 0x67a0c0
RTL: _ZN4SITL3GPS16interpolate_dataERKNS_8GPS_DataEj @ 0x67a6d0
RTL: _ZL3MAXIifEDTqugtfp_fp0_fp_fp0_ERKT_RKT0_.15075 @ 0x67b060
RTL: _ZNK4SITL11GPS_Backend11device_baudEv @ 0xac4dd0
RTL: _ZN4SITL11GPS_Backend11update_readEv @ 0x67b1e0
RTL: _ZNK4SITL11GPS_Backend18write_to_autopilotEPKcm @ 0x67b530
RTL: _ZNK4SITL11GPS_Backend19read_from_autopilotEPcm @ 0x67b5b0
RTL: _ZN4SITL11GPS_Backend8gps_timeEv @ 0x67c050
RTL: _ZN7Vector2IdEC2Edd @ 0xac4ff0
RTL: _ZNK7Vector2IdE6lengthEv @ 0xac5070
RTL: _ZN4SITL11GPS_Backend18simulation_timevalEP7timeval @ 0x67c980
RTL: _ZN4SITL9GPS_UBlox7publishEPKNS_8GPS_DataE @ 0x67f850
RTL: _Z4normIddJdEEdT_T0_DpKT1_ @ 0xac5710
RTL: _ZL7degreesf.15163 @ 0x680320
RTL: _ZN4SITL9GPS_UBlox8send_ubxEhPht @ 0x680850
RTL: _ZL3MAXIiiEDTqugtfp_fp0_fp_fp0_ERKT_RKT0_.15164 @ 0x680a20
RTL: _ZNK7Vector3IfE6is_nanEv @ 0xac5790
RTL: _ZN7Matrix3IfE6rotateERK7Vector3IfE @ 0xac5860
RTL: _ZN7Matrix3IfEpLERKS0_ @ 0xac5a80
RTL: _ZNK7Matrix3IfEplERKS0_ @ 0xac5b10
RTL: _Z2sqIdJddEEdT_DpKT0_ @ 0xac5c30
RTL: _Z11wrap_360_cdi @ 0x6811d0
RTL: _ZNK11QuaternionTIfE8to_eulerERfS1_S1_ @ 0xac5cd0
RTL: _ZNK11QuaternionTIfE13get_euler_yawEv @ 0xac5de0
RTL: _ZNK7Vector3IdEplERKS0_ @ 0xac67e0
RTL: _ZN7Vector3IdEpLERKS0_ @ 0xac6880
RTL: _ZN7Matrix3IdEC2Ev @ 0xac6920
RTL: _ZN7Matrix3IdE10from_eulerEddd @ 0xac69a0
RTL: _ZNK7Matrix3IdEmlERK7Vector3IdE @ 0xac6b60
RTL: _ZNK7Vector3IdEmiERKS0_ @ 0xac7350
RTL: _ZNK7Vector3IdE7tofloatEv @ 0xac73f0
RTL: _Z11wrap_360_cdf @ 0x68a540
RTL: _ZNK7Vector3IdE6lengthEv @ 0xac7530
RTL: _ZN7Vector3IdE4zeroEv @ 0xac7590
RTL: _ZNK7Vector3IdEmlEd @ 0xac75f0
RTL: _ZNK7Matrix3IfE10transposedEv @ 0xac77c0
RTL: _ZN7Matrix3IfE9normalizeEv @ 0xac7990
RTL: _ZNK8Location22get_distance_NE_doubleERKS_ @ 0x68daf0
RTL: _ZN7Vector3IdE2xyEv @ 0xac7c60
RTL: _ZN7Vector2IdEpLERKS0_ @ 0xac7cb0
RTL: _ZN4SITL8Aircraft14smooth_sensorsEv @ 0x68e050
RTL: _ZL7degreesf.16872 @ 0x68ea40
RTL: _ZNK7Matrix3IfE8to_eulerEPfS1_S1_ @ 0xac7d30
RTL: _ZNK7AP_EnumI8RotationEcvKS0_Ev @ 0xac7e50
RTL: _ZNK8HAL_SITL32get_uart_output_full_queue_countEv @ 0x68eb10
RTL: _ZNK4SITL8Aircraft16get_wall_time_usEv @ 0x68ec50
RTL: _ZNK7Vector3IdEdvEd @ 0xac8030
RTL: _ZNK11QuaternionTIfEdvERKS0_ @ 0xac80d0
RTL: _ZNK11QuaternionTIfE7is_zeroEv @ 0xac8320
RTL: _ZN4SITL8Aircraft12time_advanceEv @ 0x68ecd0
RTL: _ZN4SITL8Aircraft15sync_frame_timeEv @ 0x68ed70
RTL: _ZN9AP_Logger14WriteStreamingEPKcS1_S1_S1_S1_z @ 0x68f070
RTL: _ZL3MAXI9AP_ParamTIfL11ap_var_type4EEdEDTqugtfp_fp0_fp_fp0_ERKT_RKT0_.14196 @ 0x68f3e0
RTL: _Z21calc_lowpass_alpha_dtff @ 0x68f480
RTL: _ZL3MAXIfiEDTqugtfp_fp0_fp_fp0_ERKT_RKT0_.14197 @ 0x68f5b0
RTL: _ZNK4SITL16FETtecOneWireESC7enabledEv @ 0xac83f0
RTL: _ZNK4SITL4Volz7enabledEv @ 0xac8460
RTL: _ZN7HALSITL17SITL_State_Common22update_voltage_currentER10sitl_inputf @ 0x68f880
RTL: _ZN8AP_Param18eeprom_write_checkEPKvth @ 0x6922b0
RTL: _ZNK4SITL8Aircraft45perpendicular_distance_to_rangefinder_surfaceEv @ 0x692fd0
RTL: _ZNK4SITL8Aircraft9on_groundEv @ 0x693030
RTL: _ZNK4SITL8Aircraft4haglEv @ 0x6930a0
RTL: _ZNK4SITL8Aircraft24ground_height_differenceEv @ 0x693170
RTL: _ZN4SITL8Aircraft15update_dynamicsERK7Vector3IfE @ 0x6939e0
RTL: _ZN4SITL8Aircraft23update_external_payloadERK10sitl_input @ 0x694a60
RTL: _ZN4SITL8Aircraft15update_positionEv @ 0x694ef0
RTL: _ZN4SITL8Aircraft11update_windERK10sitl_input @ 0x695080
RTL: _ZN4SITL8Aircraft19update_mag_field_bfEv @ 0x695510
RTL: _ZL7radiansf.16838 @ 0x695900
RTL: _ZNK8Location23get_distance_NED_doubleERKS_ @ 0x695960
RTL: _ZN4SITL8Aircraft17get_local_updraftERK7Vector3IdE @ 0x695a80
RTL: _ZN7Vector2IdEmIERKS0_ @ 0xaca3b0
RTL: _ZNK4SITL7Sprayer10is_enabledEv @ 0xaca440
RTL: _ZN4SITL3I2C6updateERKNS_8AircraftE @ 0x696340
RTL: _ZNK4SITL6Buzzer10is_enabledEv @ 0xaca4f0
RTL: _ZNK4SITL13Gripper_Servo10is_enabledEv @ 0xaca550
RTL: _ZNK4SITL11Gripper_EPM10is_enabledEv @ 0xaca610
RTL: _ZNK4SITL9Parachute10is_enabledEv @ 0xaca6c0
RTL: _ZNK4SITL12SIM_Precland10is_enabledEv @ 0xaca720
RTL: _ZN4SITL7ShipSim6updateEv @ 0x697310
RTL: _ZNK7Vector3IdE14length_squaredEv @ 0xacc780
RTL: _ZNK7Vector3IdEmlERKS0_ @ 0xacc8f0
RTL: _ZNK7AP_AHRS11get_EAS2TASEv @ 0x69d2d0
RTL: _ZL2sqf.16887 @ 0x69d360
RTL: _ZN4SITL8Aircraft19update_eas_airspeedEv @ 0x69d3b0
RTL: _ZN4SITL15SlungPayloadSim6updateERK7Vector3IdERKS1_IfES7_S7_ @ 0x69d860
RTL: _ZN4SITL9TetherSim6updateERK8Location @ 0x69d9f0
RTL: _ZN4SITL8Aircraft17adjust_frame_timeEf @ 0x69db60
RTL: _ZNK7Vector3IdE7is_zeroEv @ 0xaccaa0
RTL: _ZN7Vector3IfE2xyEv @ 0xaccb50
RTL: _ZN7Vector2IfE4zeroEv @ 0xaccba0
RTL: _ZN7Vector3IfEmIERKS0_ @ 0xaccc00
RTL: _ZL7radiansi.16892 @ 0x6a0af0
RTL: _ZN4SITL8Aircraft20filtered_servo_angleERK10sitl_inputh @ 0x6a0b50
RTL: _ZN4SITL8Aircraft20filtered_servo_rangeERK10sitl_inputh @ 0x6a0c50
RTL: _ZNK9AP_ParamTIfL11ap_var_type4EEplERKS1_ @ 0xacceb0
RTL: _ZN10ServoModel12filter_rangeEtf @ 0x6a15c0
RTL: _ZN10ServoModel12apply_filterEff @ 0x6a1660
RTL: _ZN10ServoModel19apply_simple_filterEff @ 0x6a1a60
RTL: _ZN13LowPassFilterIfE20set_cutoff_frequencyERKf @ 0xacd5d0
RTL: _ZN13LowPassFilterIfE5applyERKfS2_ @ 0xacd640
RTL: _ZN10ServoModel12filter_angleEtf @ 0x6a1c90
RTL: _Z11is_positived @ 0xacddb0
RTL: _ZN7Vector3IfE9normalizeEv @ 0xace590
RTL: _ZN4SITL5Plane6updateERK10sitl_input @ 0x6b50d0
RTL: _ZN4SITL5Plane16calculate_forcesERK10sitl_inputR7Vector3IfE @ 0x6b52a0
RTL: _ZL2sqf.15869 @ 0x6b5d30
RTL: _ZNK4SITL5Plane8getForceEfff @ 0x6b6380
RTL: _ZNK4SITL5Plane9getTorqueEffffRK7Vector3IfE @ 0x6b6c00
RTL: _ZN4SITL8Aircraft9add_noiseEf @ 0x6b7270
RTL: _ZNK4SITL5Plane9liftCoeffEf @ 0x6b7520
RTL: _ZNK4SITL5Plane9dragCoeffEf @ 0x6b7840
RTL: _ZN7Vector3IdEmIERKS0_ @ 0xad8810
RTL: _ZL7radiansd.17180 @ 0x6c1930
RTL: _ZN7HALSITL7Storage10read_blockEPvtm @ 0x6d4260
RTL: _ZN7HALSITL7Storage11write_blockEtPKvm @ 0x6d4330
RTL: _ZN7HALSITL7Storage11_timer_tickEv @ 0x6d4450
RTL: _ZNK7BitmaskILt2048EE5emptyEv @ 0xad9f80
RTL: _ZNK7BitmaskILt2048EE3getEt @ 0xada020
RTL: _ZN10AP_RAMTRON5writeEjPKhj @ 0x6d47c0
RTL: _ZN7BitmaskILt2048EE5clearEt @ 0xada0f0
RTL: _ZNK8HAL_SITL25get_storage_posix_enabledEv @ 0xada1b0
RTL: _ZNK7BitmaskILt2048EE8validateEt @ 0xada270
RTL: _ZNK10AP_RAMTRON8get_sizeEv @ 0xada300
RTL: _ZN7HALSITL7Storage13_storage_openEv @ 0x6d4e40
RTL: _ZN7HALSITL7Storage11_mark_dirtyEtt @ 0x6d5150
RTL: _ZN7BitmaskILt2048EE3setEt @ 0xada3a0
RTL: _ZN8AP_Param9save_syncEbb @ 0x6db8c0
RTL: _ZNK7NavEKF317option_is_enabledENS_6OptionE @ 0xadbb40
RTL: _ZNK6AP_DAL6millisEv @ 0xadbbc0
RTL: _ZNK12NavEKF3_core10errorScoreEv @ 0x6e1ae0
RTL: _ZNK12NavEKF3_core16have_aligned_yawEv @ 0xadbc10
RTL: _ZNK12NavEKF3_core17have_aligned_tiltEv @ 0xadbc70
RTL: _ZN7Vector2IdEC2Ev @ 0xadbcd0
RTL: _ZNK12NavEKF3_core8getPosNEER7Vector2IdE @ 0x6e23c0
RTL: _ZNK7Vector3IdE2xyEv @ 0xadbdc0
RTL: _ZNK7Vector2IdE8todoubleEv @ 0xadbe10
RTL: _ZNK7Vector2IdEplERKS0_ @ 0xadbe70
RTL: _ZNK8Location23get_distance_NE_postypeERKS_ @ 0x6e2660
RTL: _ZNK10AP_DAL_GPS6statusEh @ 0xadbf00
RTL: _ZNK12NavEKF3_core14getEulerAnglesER7Vector3IfE @ 0x6e27c0
RTL: _ZNK11QuaternionTIdE8to_eulerER7Vector3IfE @ 0xadbf70
RTL: _ZNK6AP_DAL8get_trimEv @ 0xadbff0
RTL: _ZNK11QuaternionTIdE8to_eulerERfS1_S1_ @ 0xadc050
RTL: _ZNK11QuaternionTIdE14get_euler_rollEv @ 0xadc110
RTL: _ZNK11QuaternionTIdE15get_euler_pitchEv @ 0xadc1c0
RTL: _ZNK11QuaternionTIdE13get_euler_yawEv @ 0xadc240
RTL: _Z9safe_asinIdEfT_ @ 0xadc2f0
RTL: _ZL3MAXIfdEDTqugtfp_fp0_fp_fp0_ERKT_RKT0_.5263 @ 0x6e2880
RTL: _ZNK12NavEKF3_core20assume_zero_sideslipEv @ 0x6e2920
RTL: _ZN6AP_DAL8airspeedEv @ 0xadc3d0
RTL: _ZNK15AP_DAL_Airspeed15get_num_sensorsEv @ 0xadc420
RTL: _ZNK6AP_DAL15get_fly_forwardEv @ 0xadc470
RTL: _ZNK6AP_DAL17get_vehicle_classEv @ 0xadc4e0
RTL: _ZNK12NavEKF2_core10errorScoreEv @ 0x6e2b10
RTL: _ZNK12NavEKF2_core8getPosNEER7Vector2IdE @ 0x6e3210
RTL: _ZNK10AP_DAL_GPS14primary_sensorEv @ 0xadc530
RTL: _ZNK12NavEKF2_core14getEulerAnglesER7Vector3IfE @ 0x6e3460
RTL: _ZN19RestrictIDTypeArrayIP17CompassCalibratorLj3E14typesafe_indexIh12TAG_PriorityEEixERKS4_ @ 0xadc640
RTL: _ZNK6AP_GPS15time_epoch_usecEv @ 0xadcf50
RTL: _ZNK9AP_Logger10should_logEj @ 0x6eca50
RTL: _ZNK6AP_GPS9time_weekEh @ 0xadd0c0
RTL: _ZNK6AP_GPS12time_week_msEh @ 0xadd130
RTL: _ZNK7AP_AHRS13get_pitch_degEv @ 0xadd1f0
RTL: _ZNK6AP_GPS15time_epoch_usecEh @ 0x6ed2f0
RTL: _ZNK14AP_GPS_Backend16get_last_itow_msEv @ 0x6ed460
RTL: _ZN6AP_GPS23istate_time_to_epoch_msEtj @ 0x6ed520
RTL: _ZN7AP_ADSB13check_startupEv @ 0x6ef090
RTL: _ZNK7Vector2IfE6is_nanEv @ 0xade070
RTL: _ZNK10AP_Gripper7enabledEv @ 0xadebc0
RTL: _ZN10AP_Vehicle13update_armingEv @ 0x6fc030
RTL: _ZN7FunctorIvJEE14method_wrapperI10AP_VehicleXadL_ZNS2_13update_armingEvEEEEvPv @ 0xadfc40
RTL: _ZN9AP_Arming6updateEv @ 0x6fc080
RTL: _ZN8AP_Stats6updateEv @ 0x6fc170
RTL: _ZN7FunctorIvJEE14method_wrapperI8AP_StatsXadL_ZNS2_6updateEvEEEEvPv @ 0xadfcf0
RTL: _ZN8AP_Stats17update_flighttimeEv @ 0x6fc320
RTL: _ZN8AP_Stats14update_runtimeEv @ 0x6fc3f0
RTL: _ZN8AP_Stats5flushEv @ 0x6fc490
RTL: _ZN13AP_ParamTBaseIiL11ap_var_type3EE22set_and_save_ifchangedERKi @ 0xadfda0
RTL: _ZN10AP_Filters6updateEv @ 0x6fc610
RTL: _ZN7FunctorIvJEE14method_wrapperI10AP_FiltersXadL_ZNS2_6updateEvEEEEvPv @ 0xadfe30
RTL: _ZN10AP_Vehicle17check_motor_noiseEv @ 0x6fd750
RTL: _ZN7FunctorIvJEE14method_wrapperI10AP_VehicleXadL_ZNS2_17check_motor_noiseEvEEEEvPv @ 0xae06e0
RTL: _ZNK10AP_GyroFFT15check_esc_noiseEv @ 0xae0790
RTL: _ZNK17NotchFilterParams7enabledEv @ 0xae09c0
RTL: _ZN10AP_Vehicle13one_Hz_updateEv @ 0x6fde30
RTL: _ZN7FunctorIvJEE14method_wrapperI10AP_VehicleXadL_ZNS2_13one_Hz_updateEvEEEEvPv @ 0xae0a10
RTL: _ZN12AP_Scripting6updateEv @ 0x6fdf10
RTL: _ZN16AP_SerialManager20registered_ports_logEv @ 0x6fdf60
RTL: _ZN12AP_Scripting13save_checksumEv @ 0x6fe040
RTL: _ZN10AP_Gripper6updateEv @ 0x6fe140
RTL: _ZN7FunctorIvJEE14method_wrapperI10AP_GripperXadL_ZNS2_6updateEvEEEEvPv @ 0xae0b50
RTL: _ZN6AP_EFI6updateEv @ 0x6fe2b0
RTL: _ZN7FunctorIvJEE14method_wrapperI6AP_EFIXadL_ZNS2_6updateEvEEEEvPv @ 0xae0c00
RTL: _ZN6AP_AIS6updateEv @ 0x6fe730
RTL: _ZN7FunctorIvJEE14method_wrapperI6AP_AISXadL_ZNS2_6updateEvEEEEvPv @ 0xae0cb0
RTL: _ZN8AC_Fence6updateEv @ 0x6fe780
RTL: _ZN7FunctorIvJEE14method_wrapperI8AC_FenceXadL_ZNS2_6updateEvEEEEvPv @ 0xae0d60
RTL: _ZN19AC_PolyFence_loader6updateEv @ 0x6fe8b0
RTL: _ZN19AC_PolyFence_loader17load_from_storageEv @ 0x6fe9a0
RTL: _ZN10AP_Vehicle16accel_cal_updateEv @ 0x6ffe00
RTL: _ZN7FunctorIvJEE14method_wrapperI10AP_VehicleXadL_ZNS2_16accel_cal_updateEvEEEEvPv @ 0xae0f40
RTL: _ZN20AP_TemperatureSensor6updateEv @ 0x7015a0
RTL: _ZN7FunctorIvJEE14method_wrapperI20AP_TemperatureSensorXadL_ZNS2_6updateEvEEEEvPv @ 0xae1040
RTL: _ZN10AP_Vehicle16publish_osd_infoEv @ 0x701860
RTL: _ZN7FunctorIvJEE14method_wrapperI10AP_VehicleXadL_ZNS2_16publish_osd_infoEvEEEEvPv @ 0xae1190
RTL: _ZN6AP_OSD12set_nav_infoERNS_7NavInfoE @ 0x701980
RTL: _ZN6AP_RPM6updateEv @ 0x7019f0
RTL: _ZN7FunctorIvJEE14method_wrapperI6AP_RPMXadL_ZNS2_6updateEvEEEEvPv @ 0xae1240
RTL: _ZNK6AP_RPM7Log_RPMEv @ 0x701bd0
RTL: _ZNK6AP_RPM7enabledEh @ 0x701cf0
RTL: _ZN14AP_OpenDroneID6updateEv @ 0x701da0
RTL: _ZN7FunctorIvJEE14method_wrapperI14AP_OpenDroneIDXadL_ZNS2_6updateEvEEEEvPv @ 0xae1360
RTL: _ZNK6AP_GPS8velocityEv @ 0xae2c00
RTL: _ZNK7AP_AHRS18groundspeed_vectorEv @ 0xae2c60
RTL: _ZNK6AP_GPS19horizontal_accuracyERf @ 0xae2d40
RTL: _ZNK6AP_GPS17vertical_accuracyERf @ 0xae2dc0
RTL: _ZNK6AP_GPS14speed_accuracyERf @ 0xae2e40
RTL: _ZNK6AP_GPS14speed_accuracyEhRf @ 0x706a10
RTL: _ZNK6AP_GPS17vertical_accuracyEhRf @ 0x706ae0
RTL: _ZNK6AP_GPS19horizontal_accuracyEhRf @ 0x706bb0
RTL: _ZNK6AP_GPS14get_undulationEhRf @ 0x706c80
RTL: _ZNK6AP_GPS8velocityEh @ 0xae2ec0
RTL: _ZN12AP_Generator6updateEv @ 0x706d50
RTL: _ZN7FunctorIvJEE14method_wrapperI12AP_GeneratorXadL_ZNS2_6updateEvEEEEvPv @ 0xae2f90
RTL: _ZN14AP_Servo_Telem6updateEv @ 0x706dc0
RTL: _ZN7FunctorIvJEE14method_wrapperI14AP_Servo_TelemXadL_ZNS2_6updateEvEEEEvPv @ 0xae3040
RTL: _ZN14AP_Servo_Telem9write_logEv @ 0x706e10
RTL: _ZN12AP_ESC_Telem6updateEv @ 0x7072c0
RTL: _ZN7FunctorIvJEE14method_wrapperI12AP_ESC_TelemXadL_ZNS2_6updateEvEEEEvPv @ 0xae30f0
RTL: _ZNK12AP_ESC_Telem11get_raw_rpmEhRf @ 0x707700
RTL: _ZN6AP_HAL15timeout_expiredIjjmEEbT_T0_T1_ @ 0xae31a0
RTL: _ZN10AP_Vehicle30send_watchdog_reset_statustextEv @ 0x7077d0
RTL: _ZN7FunctorIvJEE14method_wrapperI10AP_VehicleXadL_ZNS2_30send_watchdog_reset_statustextEvEEEEvPv @ 0xae3220
RTL: _ZN8AP_Tramp6updateEv @ 0x707930
RTL: _ZN7FunctorIvJEE14method_wrapperI8AP_TrampXadL_ZNS2_6updateEvEEEEvPv @ 0xae32d0
RTL: _ZN10AP_VideoTX6updateEv @ 0x708910
RTL: _ZN7FunctorIvJEE14method_wrapperI10AP_VideoTXXadL_ZNS2_6updateEvEEEEvPv @ 0xae3500
RTL: _ZN10AP_Vehicle38update_dynamic_notch_at_specified_rateEv @ 0x708b40
RTL: _ZN7FunctorIvJEE14method_wrapperI10AP_VehicleXadL_ZNS2_38update_dynamic_notch_at_specified_rateEvEEEEvPv @ 0xae35b0
RTL: _ZNK25HarmonicNotchFilterParams9hasOptionENS_7OptionsE @ 0xae3660
RTL: _ZN10AP_Vehicle20update_dynamic_notchERN17AP_InertialSensor13HarmonicNotchE @ 0x708c90
RTL: _ZN10AP_GyroFFT17update_parametersEv @ 0xae3a10
RTL: _ZN7FunctorIvJEE14method_wrapperI10AP_GyroFFTXadL_ZNS2_17update_parametersEvEEEEvPv @ 0xae3a60
RTL: _ZN10AP_GyroFFT17update_parametersEb @ 0x709ef0
RTL: _ZN10AP_GyroFFT6updateEv @ 0x70a290
RTL: _ZN7FunctorIvJEE14method_wrapperI10AP_GyroFFTXadL_ZNS2_6updateEvEEEEvPv @ 0xae3b10
RTL: _ZN14AP_NMEA_Output6updateEv @ 0x70a420
RTL: _ZN7FunctorIvJEE14method_wrapperI14AP_NMEA_OutputXadL_ZNS2_6updateEvEEEEvPv @ 0xae3bc0
RTL: _ZN7FunctorIvJEE14method_wrapperI9AP_NotifyXadL_ZNS2_6updateEvEEEEvPv @ 0xae3c70
RTL: _ZN7Compass10cal_updateEv @ 0x70b490
RTL: _ZN7FunctorIvJEE14method_wrapperI7CompassXadL_ZNS2_10cal_updateEvEEEEvPv @ 0xae3d20
RTL: _ZN11AP_Airspeed6updateEv @ 0x70bfe0
RTL: _ZN7FunctorIvJEE14method_wrapperI11AP_AirspeedXadL_ZNS2_6updateEvEEEEvPv @ 0xae3e30
RTL: _ZN11AP_Airspeed4readEh @ 0x70c1d0
RTL: _ZN11AP_Airspeed21check_sensor_failuresEv @ 0x70c9f0
RTL: _ZN11AP_Airspeed12Log_AirspeedEv @ 0x70ca70
RTL: _ZNK11AP_Airspeed16get_raw_airspeedEh @ 0x70cd40
RTL: _ZNK11AP_Airspeed25get_differential_pressureEh @ 0x70cdf0
RTL: _ZNK11AP_Airspeed22get_corrected_pressureEh @ 0x70ce90
RTL: _ZNK11AP_Airspeed10get_offsetEh @ 0x70cf30
RTL: _ZNK11AP_Airspeed22get_health_probabilityEh @ 0xae3ee0
RTL: _ZNK11AP_Airspeed14get_test_ratioEh @ 0xae3f50
RTL: _ZNK11AP_Airspeed11get_primaryEv @ 0xae3fc0
RTL: _ZN11AP_Airspeed35check_sensor_ahrs_wind_max_failuresEh @ 0x70cff0
RTL: _ZNK7AP_AHRS20airspeed_health_dataERfS0_Rj @ 0x70d910
RTL: _ZL3MAXI9AP_ParamTIfL11ap_var_type4EEfEDTqugtfp_fp0_fp_fp0_ERKT_RKT0_.19060 @ 0x70da00
RTL: _ZNK7NavEKF319getAirSpdHealthDataERfS0_Rj @ 0x70da90
RTL: _ZNK12NavEKF3_core19getAirSpdHealthDataERfS0_Rj @ 0x70db60
RTL: _ZN10AP_GyroFFT12sample_gyrosEv @ 0x70e290
RTL: _ZN7FunctorIvJEE14method_wrapperI10AP_GyroFFTXadL_ZNS2_12sample_gyrosEvEEEEvPv @ 0xae4010
RTL: _ZN10AP_Vehicle4loopEv @ 0x70eb30
RTL: _ZN12AP_Scheduler4loopEv @ 0x70edd0
RTL: _ZN12AP_Scheduler17get_loop_period_sEv @ 0xae7000
RTL: _ZN17AP_InertialSensor15wait_for_sampleEv @ 0x70f370
RTL: _ZN12AP_Scheduler4tickEv @ 0x70f8b0
RTL: _ZN12AP_Scheduler3runEj @ 0x70f910
RTL: _ZN2AP8PerfInfo15check_loop_timeEj @ 0x70fec0
RTL: _ZL15fill_nanf_stackv @ 0x710050
RTL: _ZN2AP8PerfInfo16update_task_infoEhtb @ 0x7100a0
RTL: _ZNK7AP_AHRS14get_accel_biasEv @ 0xae73b0
RTL: _ZNK6AP_GPS15ground_speed_cmEv @ 0xae7410
RTL: _ZNK7AP_AHRS24_get_primary_accel_indexEv @ 0x716980
RTL: _ZNK7AP_AHRS22_get_primary_IMU_indexEv @ 0x7169d0
RTL: _ZNK7NavEKF322getPrimaryCoreIMUIndexEv @ 0x716b30
RTL: _ZNK17AP_InertialSensor21get_first_usable_gyroEv @ 0xae7470
RTL: _ZNK12NavEKF3_core11getIMUIndexEv @ 0xae74c0
RTL: _ZNK14AP_BattMonitor17has_cell_voltagesEh @ 0x716c60
RTL: _ZN2AP3EFIEv @ 0x7174b0
RTL: _ZN6AP_EFI13get_singletonEv @ 0xae7e50
RTL: _ZN16FilterWithBufferIfLh5EE5applyEf @ 0xae8450
RTL: _ZN7FunctorIvJEE14method_wrapperI10AP_VehicleXadL_ZNS2_18fence_checks_asyncEvEEEEvPv @ 0xae87f0
RTL: _ZN13AP_Filesystem5writeEiPKvj @ 0x718120
RTL: _ZNK11AP_ICEngine29allow_throttle_while_disarmedEv @ 0x720150
RTL: _ZNK11AP_ICEngine10option_setENS_7OptionsE @ 0xaebd00
RTL: _ZL3MAXIjjEDTqugtfp_fp0_fp_fp0_ERKT_RKT0_.5212 @ 0x726770
RTL: _ZN15ekf_ring_buffer4pushEPKv @ 0x7267f0
RTL: _ZNK15ekf_ring_buffer10get_offsetEh @ 0x7268f0
RTL: _ZL3MAXIjjEDTqugtfp_fp0_fp_fp0_ERKT_RKT0_.20153 @ 0x726b00
RTL: _ZL7radiansf.5217 @ 0x727c90
RTL: _ZL3MAXIffEDTqugtfp_fp0_fp_fp0_ERKT_RKT0_.5204 @ 0x727ce0
RTL: _ZN11QuaternionTIdEC2Edddd @ 0xaed620
RTL: _ZN11QuaternionTIfEmLERKS0_ @ 0xaed6d0
RTL: _ZNK7AP_AHRS38get_relative_position_NED_origin_floatER7Vector3IfE @ 0x728030
RTL: _ZNK7AP_AHRS32get_relative_position_NED_originER7Vector3IdE @ 0x728200
RTL: _ZNK7NavEKF38getPosNEER7Vector2IdE @ 0x7284a0
RTL: _ZNK11AP_AHRS_SIM12get_locationER8Location @ 0x7287d0
RTL: _ZN2AP5statsEv @ 0x72ab70
RTL: _ZN8AP_Stats13get_singletonEv @ 0xaee5c0
RTL: _ZN19AP_Airspeed_Backend12has_airspeedEv @ 0xaeef80
RTL: _ZN19AP_Airspeed_Backend14get_hygrometerERjRfS1_ @ 0xaef0f0
RTL: _ZNK19AP_Airspeed_Backend7get_pinEv @ 0x731630
RTL: _ZN18AP_Airspeed_Analog25get_differential_pressureERf @ 0x731700
RTL: _ZN18AP_Airspeed_Analog15get_temperatureERf @ 0xaf0320
RTL: _ZNK19AP_Airspeed_Backend13get_psi_rangeEv @ 0x7317f0
RTL: _ZNK7AP_AHRS8get_gyroEv @ 0xaf0e20
RTL: _ZNK7AP_AHRS17airspeed_estimateERf @ 0x755dc0
RTL: _ZNK17AP_InertialSensor20get_vibration_levelsEv @ 0xaf0e80
RTL: _ZNK17AP_InertialSensor20get_vibration_levelsEh @ 0x755ec0
RTL: _ZNK10DigitalLPFI7Vector3IfEE3getEv @ 0xaf0f00
RTL: _ZNK11QuaternionTIdE7is_zeroEv @ 0xaf0fb0
RTL: _ZN12NavEKF3_core18getEarthFieldTableERK8Location @ 0x7571e0
RTL: _ZN14AP_Declination15get_declinationEff @ 0x7572e0
RTL: _ZNK12NavEKF3_core14MagDeclinationEv @ 0x757370
RTL: _ZN12NavEKF3_core15FuseDeclinationEd @ 0x7575d0
RTL: _ZN18NavEKF_core_common10zero_rangeEPdhh @ 0xaf1150
RTL: _ZN12NavEKF3_core13ForceSymmetryEv @ 0x758630
RTL: _ZN12NavEKF3_core18ConstrainVariancesEv @ 0x758780
RTL: _ZN11QuaternionTIdE9normalizeEv @ 0xaf11e0
RTL: _ZNK11QuaternionTIdE6lengthEv @ 0xaf12c0
RTL: _Z20constrain_value_lineIdET_S0_S0_S0_j @ 0xaf1380
RTL: _ZNK9AP_ParamTIfL11ap_var_type4EEcvdEv @ 0xaf1500
RTL: _ZL7radiansf.5420 @ 0x7591f0
RTL: _ZL2sqf.5342 @ 0x759d10
RTL: _ZNK8Location21get_distance_NE_ftypeERKS_ @ 0x759e60
RTL: _ZN16EKF_IMU_buffer_tIN12NavEKF3_core15output_elementsEEixEj @ 0xaf1620
RTL: _ZNK14ekf_imu_buffer3getEh @ 0x75a110
RTL: _ZNK14ekf_imu_buffer10get_offsetEh @ 0x75a170
RTL: _ZNK14AP_BattMonitor11consumed_whERfh @ 0x75bd10
RTL: _ZNK14AP_BattMonitor18overpower_detectedEh @ 0x75be00
RTL: _ZNK6AP_GPS8get_vdopEh @ 0xaf1780
RTL: _ZNK6AP_GPS16last_fix_time_msEh @ 0xaf17f0
RTL: _ZNK6AP_GPS20last_message_time_msEh @ 0xaf1860
RTL: _ZNK6AP_GPS22have_vertical_velocityEh @ 0xaf18d0
RTL: _ZNK6AP_GPS18get_antenna_offsetEh @ 0x75df80
RTL: _ZNK14AP_GPS_Blended18get_antenna_offsetEv @ 0xaf1950
RTL: _ZNK6AP_GPS11gps_yaw_degEhRfS0_Rj @ 0x75e050
RTL: _ZNK6AP_GPS11is_rtk_baseEh @ 0x75e240
RTL: _ZNK6AP_GPS12have_gps_yawEh @ 0xaf19a0
RTL: _ZNK11RangeFinder15has_orientationE8Rotation @ 0x760100
RTL: _ZNK11RangeFinder13status_orientE8Rotation @ 0x760440
RTL: _ZNK3GCS29sysid_mygcs_last_seen_time_msEv @ 0xaf1df0
RTL: _ZNK10AP_Vehicle18get_time_flying_msEv @ 0xaf1f50
RTL: _ZN12SRV_Channels23get_output_channel_maskEN11SRV_Channel8FunctionE @ 0x765da0
RTL: _ZN11SRV_Channel9output_chEv @ 0x766bc0
RTL: _ZNK10RC_Channel13norm_input_dzEv @ 0x766f20
RTL: _ZN11SRV_Channel12set_overrideEb @ 0xaf2150
RTL: _ZN12SRV_Channels17set_output_scaledEN11SRV_Channel8FunctionEf @ 0x7674e0
RTL: _ZNK10AP_Mission5stateEv @ 0xaf2510
RTL: _ZN19AP_ServoRelayEvents13update_eventsEv @ 0x770150
RTL: _ZNK9QuadPlane18in_assisted_flightEv @ 0xaf2e40
RTL: _ZN9QuadPlane15PosControlState9set_stateENS_22position_control_stateE @ 0x772090
RTL: _ZN11QuaternionTIfE15from_axis_angleE7Vector3IfE @ 0xaf2f20
RTL: _ZNK9AP_Follow11have_targetEv @ 0x776a70
RTL: _ZN9AP_Follow13get_singletonEv @ 0xaf3a20
RTL: _ZNK6AC_PID12get_pid_infoEv @ 0xaf3ba0
RTL: _ZN12AP_Scripting19is_handling_commandEt @ 0x77bc40
RTL: _ZNK7Vector3IfE6is_infEv @ 0xaf4740
RTL: _ZN7Vector2IfE9normalizeEv @ 0xaf4a70
RTL: _ZN7Vector2IfEdVEf @ 0xaf4ad0
RTL: _ZNK7Vector2IfE6is_infEv @ 0xaf4b50
RTL: _ZL3MAXIjjEDTqugtfp_fp0_fp_fp0_ERKT_RKT0_.6748 @ 0x7ae880
RTL: _ZN9AP_Logger19file_content_updateEv @ 0x7aea80
RTL: _ZN9AP_Logger19file_content_updateERNS_11FileContentE @ 0x7aebe0
RTL: _ZN17AP_Logger_Backend14periodic_tasksEv @ 0x7b1440
RTL: _ZNK17AP_Logger_Backend13StartNewLogOKEv @ 0x7b1830
RTL: _ZN17AP_Logger_Backend24WriteMoreStartupMessagesEv @ 0x7b1910
RTL: _ZNK17AP_Logger_Backend15logging_enabledEv @ 0x7b3930
RTL: _ZN17AP_Logger_Backend13periodic_10HzEj @ 0x7b3a60
RTL: _ZN17AP_Logger_Backend12periodic_1HzEv @ 0x7b3ab0
RTL: _ZN17AP_Logger_Backend15push_log_blocksEv @ 0x7b3b40
RTL: _ZN17AP_Logger_Backend12df_stats_logEv @ 0x7b3ba0
RTL: _ZN17AP_Logger_Backend26Write_AP_Logger_Stats_FileERKNS_8df_statsE @ 0x7b3c10
RTL: _ZN17AP_Logger_Backend14df_stats_clearEv @ 0x7b3d20
RTL: _ZNK17AP_Logger_Backend31critical_message_reserved_spaceEj @ 0xaf6ae0
RTL: _ZN17AP_Logger_Backend15df_stats_gatherEtj @ 0x7b61f0
RTL: _ZNK14AP_Logger_File15logging_startedEv @ 0xaf6f70
RTL: _ZN14AP_Logger_File21bufferspace_availableEv @ 0x7b8ef0
RTL: _ZNK14AP_Logger_File14logging_failedEv @ 0x7b9500
RTL: _ZN14AP_Logger_File8io_timerEv @ 0x7b95c0
RTL: _ZN14AP_Logger_File12periodic_1HzEv @ 0x7b9b90
RTL: _ZN14AP_Logger_File17periodic_fullrateEv @ 0x7b9e40
RTL: _ZNK14AP_Logger_File8WritesOKEv @ 0x7b9e90
RTL: _ZNK14AP_Logger_File13StartNewLogOKEv @ 0x7b9f20
RTL: _ZN14AP_Logger_File22_WritePrioritisedBlockEPKvtb @ 0x7ba0d0
RTL: _ZN7AP_AHRS6updateEb @ 0x7ba340
RTL: _ZN7AP_AHRS18update_orientationEv @ 0x7ba680
RTL: _ZN17AP_InertialSensor6updateEv @ 0x7ba780
RTL: _ZN7AP_AHRS29update_trim_rotation_matricesEv @ 0x7badf0
RTL: _ZN7AP_AHRS10update_DCMEv @ 0x7baf00
RTL: _ZN7AP_AHRS12update_flagsEv @ 0x7bafa0
RTL: _ZN7AP_AHRS11update_SITLEv @ 0x7bb060
RTL: _ZN7AP_AHRS15update_externalEv @ 0x7bb110
RTL: _ZN7AP_AHRS11update_EKF2Ev @ 0x7bb230
RTL: _ZN7AP_AHRS11update_EKF3Ev @ 0x7bb720
RTL: _ZNK7AP_AHRS14get_gyro_driftEv @ 0xaf6fd0
RTL: _ZN7AP_AHRS14update_AOA_SSAEv @ 0x7bbf10
RTL: _ZNK7AP_AHRS16_active_EKF_typeEv @ 0x7bc170
RTL: _ZN7AP_AHRS12update_stateEv @ 0x7bc6a0
RTL: _ZNK7AP_AHRS23_get_primary_gyro_indexEv @ 0x7bc940
RTL: _ZNK7AP_AHRS23_get_primary_core_indexEv @ 0x7bc9f0
RTL: _ZNK7AP_AHRS14_wind_estimateER7Vector3IfE @ 0x7bcac0
RTL: _ZN15AP_AHRS_Backend11get_EAS2TASEv @ 0x7bcbf0
RTL: _ZNK7AP_AHRS13_airspeed_EASERfRNS_20AirspeedEstimateTypeE @ 0x7bcc30
RTL: _ZNK7AP_AHRS13_airspeed_TASERf @ 0x7bd1b0
RTL: _ZNK7AP_AHRS13_airspeed_TASER7Vector3IfE @ 0x7bd2c0
RTL: _ZNK7AP_AHRS15_get_quaternionER11QuaternionTIfE @ 0x7bd3a0
RTL: _ZNK7AP_AHRS23_get_secondary_attitudeER7Vector3IfE @ 0x7bd560
RTL: _ZNK7AP_AHRS25_get_secondary_quaternionER11QuaternionTIfE @ 0x7bd760
RTL: _ZNK7AP_AHRS13_get_locationER8Location @ 0x7bd910
RTL: _ZNK7AP_AHRS23_get_secondary_positionER8Location @ 0x7bda90
RTL: _ZN7AP_AHRS19_groundspeed_vectorEv @ 0x7bdbe0
RTL: _ZN7AP_AHRS12_groundspeedEv @ 0x7bdd10
RTL: _ZNK7AP_AHRS29_getCorrectedDeltaVelocityNEDER7Vector3IfERf @ 0x7bdde0
RTL: _ZNK7AP_AHRS17_get_velocity_NEDER7Vector3IfE @ 0x7be070
RTL: _ZNK7NavEKF39getVelNEDER7Vector3IfE @ 0x7be230
RTL: _ZNK12NavEKF3_core9getVelNEDER7Vector3IfE @ 0x7be560
RTL: _ZNK12NavEKF2_core9getVelNEDER7Vector3IfE @ 0x7be610
RTL: _ZNK7NavEKF312getAccelBiasEaR7Vector3IfE @ 0x7be750
RTL: _ZNK17AP_InertialSensor18get_delta_velocityEhR7Vector3IfERf @ 0x7be820
RTL: _ZNK7AP_AHRS43get_rotation_autopilot_body_to_vehicle_bodyEv @ 0xaf70c0
RTL: _ZNK17AP_InertialSensor14get_delta_timeEv @ 0xaf7110
RTL: _ZL3MINIffEDTqultfp_fp0_fp_fp0_ERKT_RKT0_.4188 @ 0x7be9d0
RTL: _ZL3MINIffEDTqultfp_fp0_fp_fp0_ERKT_RKT0_.2602 @ 0x7bea60
RTL: _ZNK12NavEKF3_core12getAccelBiasER7Vector3IfE @ 0x7beaf0
RTL: _ZNK12NavEKF2_core13getAccelZBiasERf @ 0x7bebd0
RTL: _ZL7radiansf.2590 @ 0x7bf1e0
RTL: _ZNK7AP_AHRS23_get_secondary_EKF_typeERNS_7EKFTypeE @ 0x7bf230
RTL: _ZNK7NavEKF36getLLHER8Location @ 0x7bf420
RTL: _ZNK12NavEKF3_core6getLLHER8Location @ 0x7bf4c0
RTL: _ZNK10AP_DAL_GPS6statusEv @ 0xaf7380
RTL: _ZNK7AP_AHRS24fallback_active_EKF_typeEv @ 0x7bfa90
RTL: _ZNK11AP_AHRS_DCM14get_quaternionER11QuaternionTIfE @ 0x7bfae0
RTL: _ZNK7NavEKF313getQuaternionER11QuaternionTIfE @ 0x7bfbe0
RTL: _ZN11QuaternionTIfE6rotateERK7Vector3IfE @ 0xaf73f0
RTL: _ZN15AP_ExternalAHRS14get_quaternionER11QuaternionTIfE @ 0x7bfce0
RTL: _ZNK12NavEKF3_core13getQuaternionER11QuaternionTIfE @ 0x7bfd90
RTL: _ZNK11QuaternionTIdE7tofloatEv @ 0xaf74a0
RTL: _ZNK12NavEKF2_core13getQuaternionER11QuaternionTIfE @ 0x7bfe20
RTL: _ZNK7NavEKF314getEulerAnglesER7Vector3IfE @ 0x7bff40
RTL: _ZNK7NavEKF312getAirSpdVecER7Vector3IfE @ 0x7c0120
RTL: _ZNK12NavEKF3_core12getAirSpdVecER7Vector3IfE @ 0x7c01c0
RTL: _ZNK11QuaternionTIdE7inverseEv @ 0xaf7520
RTL: _ZNK7AP_AHRS25get_active_airspeed_indexEv @ 0x7c05c0
RTL: _ZNK7AP_AHRS27_should_use_airspeed_sensorEh @ 0x7c06c0
RTL: _ZNK7AP_AHRS27get_wind_estimation_enabledEv @ 0xaf75d0
RTL: _ZNK7NavEKF37getWindER7Vector3IfE @ 0x7c09d0
RTL: _ZNK12NavEKF3_core7getWindER7Vector3IfE @ 0x7c0af0
RTL: _ZN15AP_AHRS_Backend23airspeed_sensor_enabledEh @ 0xaf7690
RTL: _ZNK7AP_AHRS23airspeed_sensor_enabledEh @ 0xaf7770
RTL: _ZNK7AP_AHRS10option_setENS_7OptionsE @ 0xaf77d0
RTL: _ZNK7NavEKF317getActiveAirspeedEv @ 0x7c0cc0
RTL: _ZNK12NavEKF3_core17getActiveAirspeedEv @ 0x7c0d50
RTL: _ZNK7AP_Baro12_get_EAS2TASEv @ 0x7c0da0
RTL: _ZNK7AP_Baro20get_EAS2TAS_extendedEf @ 0x7c0e10
RTL: _ZNK12NavEKF2_core7getWindER7Vector3IfE @ 0x7c0fe0
RTL: _ZNK7NavEKF219getPrimaryCoreIndexEv @ 0x7c1070
RTL: _ZNK7NavEKF319getPrimaryCoreIndexEv @ 0x7c10e0
RTL: _ZNK7NavEKF326configuredToUseGPSForPosXYEv @ 0x7c1300
RTL: _ZNK11AP_AHRS_DCM20yaw_source_availableEv @ 0x7c1380
RTL: _ZNK16AP_NavEKF_Source14getPosXYSourceEh @ 0xaf7930
RTL: _ZL7degreesf.2538 @ 0x7c13e0
RTL: _ZNK7AP_AHRS9calc_trigERK7Matrix3IfERfS4_S4_S4_S4_S4_ @ 0x7c1480
RTL: _ZNK9AP_Logger15allow_start_ekfEv @ 0x7c1870
RTL: _ZN7NavEKF312UpdateFilterEv @ 0x7c1f40
RTL: _ZNK7NavEKF320getRotationBodyToNEDER7Matrix3IfE @ 0x7c2510
RTL: _ZN7AP_AHRS16update_cd_valuesEv @ 0x7c25a0
RTL: _ZN7AP_AHRS11update_trigEv @ 0x7c26e0
RTL: _ZNK17AP_InertialSensor22get_first_usable_accelEv @ 0xaf79b0
RTL: _ZNK7NavEKF311getGyroBiasEaR7Vector3IfE @ 0x7c27c0
RTL: _ZN7AP_AHRS32update_notify_from_filter_statusERK17nav_filter_status @ 0x7c2890
RTL: _ZNK12NavEKF3_core11getGyroBiasER7Vector3IfE @ 0x7c2940
RTL: _ZN6AP_DAL11start_frameENS_9FrameTypeE @ 0x7c2a20
RTL: _ZNK6AP_DAL8micros64Ev @ 0xaf7a00
RTL: _ZNK12NavEKF3_core21getFramesSincePredictEv @ 0x7c2f00
RTL: _ZN6AP_DAL22ekf_low_time_remainingENS_7EKFTypeEh @ 0x7c2f60
RTL: _ZN12NavEKF3_core12UpdateFilterEb @ 0x7c30a0
RTL: _ZNK6AP_DAL9get_armedEv @ 0xaf7a50
RTL: _ZN7NavEKF321updateCoreErrorScoresEv @ 0x7c32d0
RTL: _ZN7NavEKF324updateCoreRelativeErrorsEv @ 0x7c3390
RTL: _ZNK7NavEKF315coreBetterScoreEhh @ 0x7c3530
RTL: _ZN16AP_NavEKF_Source22align_inactive_sourcesEv @ 0x7c3730
RTL: _ZNK16AP_NavEKF_Source13getPosZSourceEh @ 0x7c39e0
RTL: _ZNK7AP_EnumIN16AP_NavEKF_Source7SourceZEEcvKS1_Ev @ 0xaf7b30
RTL: _ZL3MAXI9AP_ParamTIfL11ap_var_type4EEfEDTqugtfp_fp0_fp_fp0_ERKT_RKT0_ @ 0x7c3bc0
RTL: _ZN18NavEKF_core_common22fill_scratch_variablesEv @ 0x7c3c50
RTL: _ZN12NavEKF3_core23update_sensor_selectionEv @ 0x7c3cf0
RTL: _ZN12NavEKF3_core18controlFilterModesEv @ 0x7c3d60
RTL: _ZN12NavEKF3_core11readIMUDataEb @ 0x7c3e30
RTL: _ZN12NavEKF3_core27UpdateStrapdownEquationsNEDEv @ 0x7c4700
RTL: _ZN12NavEKF3_core20CovariancePredictionEP7Vector3IdE @ 0x7c4be0
RTL: _ZN12NavEKF3_core25runYawEstimatorPredictionEv @ 0x7cf3d0
RTL: _ZN12NavEKF3_core15SelectMagFusionEv @ 0x7cf530
RTL: _ZN12NavEKF3_core18SelectVelPosFusionEv @ 0x7d0260
RTL: _ZN12NavEKF3_core25runYawEstimatorCorrectionEv @ 0x7d0c20
RTL: _ZN12NavEKF3_core18SelectRngBcnFusionEv @ 0x7d0e10
RTL: _ZN12NavEKF3_core16SelectFlowFusionEv @ 0x7d0f40
RTL: _ZN12NavEKF3_core20SelectBodyOdomFusionEv @ 0x7d1220
RTL: _ZN12NavEKF3_core15SelectTasFusionEv @ 0x7d14d0
RTL: _ZN12NavEKF3_core20SelectBetaDragFusionEv @ 0x7d15d0
RTL: _ZN12NavEKF3_core18updateFilterStatusEv @ 0x7d1890
RTL: _ZN12NavEKF3_core13moveEKFOriginEv @ 0x7d21d0
RTL: _ZN12NavEKF3_core21checkUpdateEarthFieldEv @ 0x7d2380
RTL: _ZN12NavEKF3_core16calcOutputStatesEv @ 0x7d2440
RTL: _ZN12NavEKF3_core11readMagDataEv @ 0x7d3790
RTL: _ZN12NavEKF3_core11readGpsDataEv @ 0x7d3ca0
RTL: _ZN12NavEKF3_core14readGpsYawDataEv @ 0x7d4630
RTL: _ZN12NavEKF3_core12readBaroDataEv @ 0x7d4760
RTL: _ZN6AP_DAL3insEv @ 0xaf7be0
RTL: _ZNK21AP_DAL_InertialSensor9get_accelEh @ 0xaf7c30
RTL: _ZL2sqf.5403 @ 0x7d6790
RTL: _ZNK16AP_NavEKF_Source13useVelZSourceENS_7SourceZEh @ 0x7d6900
RTL: _ZNK12NavEKF3_core26CorrectGPSForAntennaOffsetERNS_12gps_elementsE @ 0x7d6a30
RTL: _ZNK10AP_DAL_GPS18get_antenna_offsetEh @ 0xaf7f00
RTL: _ZNK7Vector3IdErmERKS0_ @ 0xaf7f70
RTL: _ZNK7Matrix3IdE13mul_transposeERK7Vector3IdE @ 0xaf8050
RTL: _ZN7Vector3IdEdVEd @ 0xaf8160
RTL: _ZNK21AP_DAL_InertialSensor16get_loop_delta_tEv @ 0xaf81f0
RTL: _ZNK14AP_DAL_Compass16get_first_usableEv @ 0xaf8610
RTL: _ZNK11AP_DAL_Baro15get_last_updateEh @ 0xaf8880
RTL: _ZNK11AP_DAL_Baro12get_altitudeEh @ 0xaf88f0
RTL: _ZN16EKF_obs_buffer_tIN12NavEKF3_core13baro_elementsEE4pushERKS1_ @ 0xaf8960
RTL: _ZNK10AP_DAL_GPS11gps_yaw_degEhRfS0_Rj @ 0xaf89d0
RTL: _ZL3MAXIfdEDTqugtfp_fp0_fp_fp0_ERKT_RKT0_ @ 0x7d7430
RTL: _ZNK10AP_DAL_GPS20last_message_time_msEh @ 0xaf8af0
RTL: _ZNK10AP_DAL_GPS7get_lagEhRf @ 0xaf8b60
RTL: _ZL3MINIjjEDTqultfp_fp0_fp_fp0_ERKT_RKT0_.5220 @ 0x7d7630
RTL: _ZNK10AP_DAL_GPS8velocityEh @ 0xaf8c10
RTL: _ZNK10AP_DAL_GPS22have_vertical_velocityEh @ 0xaf8c80
RTL: _ZNK10AP_DAL_GPS14speed_accuracyEhRf @ 0xaf8d00
RTL: _ZL3MAXIdfEDTqugtfp_fp0_fp_fp0_ERKT_RKT0_.5216 @ 0x7d76b0
RTL: _ZL3MINIdfEDTqultfp_fp0_fp_fp0_ERKT_RKT0_ @ 0x7d7750
RTL: _ZL3MAXId9AP_ParamTIfL11ap_var_type4EEEDTqugtfp_fp0_fp_fp0_ERKT_RKT0_ @ 0x7d77f0
RTL: _ZNK10AP_DAL_GPS19horizontal_accuracyEhRf @ 0xaf8db0
RTL: _ZNK10AP_DAL_GPS17vertical_accuracyEhRf @ 0xaf8e60
RTL: _ZNK10AP_DAL_GPS8num_satsEh @ 0xaf8f10
RTL: _ZN12NavEKF3_core18calcGpsGoodToAlignEv @ 0x7d78a0
RTL: _ZN12NavEKF3_core20calcGpsGoodForFlightEv @ 0x7d8800
RTL: _ZN16EKF_obs_buffer_tIN12NavEKF3_core12gps_elementsEE4pushERKS1_ @ 0xaf8f80
RTL: _ZL3MAXIddEDTqugtfp_fp0_fp_fp0_ERKT_RKT0_.5381 @ 0x7d8cc0
RTL: _ZL3MINIdfEDTqultfp_fp0_fp_fp0_ERKT_RKT0_.5368 @ 0x7d8d40
RTL: _ZNK10AP_DAL_GPS8get_hdopEh @ 0xaf8ff0
RTL: _ZNK14AP_DAL_Compass9availableEv @ 0xaf9060
RTL: _ZNK14AP_DAL_Compass9get_countEv @ 0xaf90c0
RTL: _ZNK14AP_DAL_Compass21learn_offsets_enabledEv @ 0xaf9110
RTL: _ZNK14AP_DAL_Compass7healthyEh @ 0xaf9170
RTL: _ZNK14AP_DAL_Compass16last_update_usecEh @ 0xaf91e0
RTL: _ZNK14AP_DAL_Compass11get_offsetsEh @ 0xaf9250
RTL: _ZNK7Vector3IdEneERKS0_ @ 0xaf92c0
RTL: _ZN12NavEKF3_core12mag_elementsC2Ev @ 0xaf9390
RTL: _ZNK14AP_DAL_Compass9get_fieldEh @ 0xaf93f0
RTL: _ZNK14AP_DAL_Compass10consistentEv @ 0xaf9460
RTL: _ZN16EKF_obs_buffer_tIN12NavEKF3_core12mag_elementsEE4pushERKS1_ @ 0xaf94c0
RTL: _Z8is_equalIddENSt3__19enable_ifIXsr3std17is_floating_pointINS0_11common_typeIJT_T0_EE4typeEEE5valueEbE4typeES3_S4_ @ 0xaf9530
RTL: _ZN12NavEKF3_core17correctDeltaAngleER7Vector3IdEdh @ 0x7d9020
RTL: _ZN12NavEKF3_core20correctDeltaVelocityER7Vector3IdEdh @ 0x7d90e0
RTL: _ZN11QuaternionTIdEC2Ev @ 0xaf95b0
RTL: _ZN11QuaternionTIdE15from_axis_angleE7Vector3IdE @ 0xaf9620
RTL: _ZN11QuaternionTIdEmLERKS0_ @ 0xaf96e0
RTL: _ZNK11QuaternionTIdE15rotation_matrixER7Matrix3IdE @ 0xaf9880
RTL: _ZNK21AP_DAL_InertialSensor8get_gyroEh @ 0xaf9a70
RTL: _ZNK6AP_DAL20get_takeoff_expectedEv @ 0xaf9b80
RTL: _ZN16EKF_IMU_buffer_tIN12NavEKF3_core12imu_elementsEE18get_youngest_indexEv @ 0xaf9bf0
RTL: _ZN16EKF_IMU_buffer_tIN12NavEKF3_core12imu_elementsEE16get_oldest_indexEv @ 0xaf9c50
RTL: _ZNK11QuaternionTIdEdvERKS0_ @ 0xaf9cb0
RTL: _ZN11QuaternionTIdEixEh @ 0xaf9ed0
RTL: _ZL3MAXIddEDTqugtfp_fp0_fp_fp0_ERKT_RKT0_.5431 @ 0x7d9200
RTL: _ZN12NavEKF3_core15output_elementsC2Ev @ 0xaf9f40
RTL: _ZNK14ekf_imu_buffer16get_oldest_indexEv @ 0xaf9fc0
RTL: _ZNK14ekf_imu_buffer18get_youngest_indexEv @ 0xafa010
RTL: _ZN11QuaternionTIdE15from_axis_angleERK7Vector3IdEd @ 0xafa060
RTL: _ZNK6AP_DAL22get_touchdown_expectedEv @ 0xafa180
RTL: _ZN12NavEKF3_core12FuseSideslipEv @ 0x7d92f0
RTL: _ZN16EKF_obs_buffer_tIN12NavEKF3_core13drag_elementsEE6recallERS1_j @ 0xafa1e0
RTL: _ZNK6AP_DAL11get_EAS2TASEv @ 0xafa260
RTL: _ZN7Vector3IdEixEh @ 0xafa320
RTL: _ZNK7Vector3IdEixEh @ 0xafa390
RTL: _ZN7Vector2IdEixEh @ 0xafa400
RTL: _ZN15ekf_ring_buffer6recallEPvj @ 0x7dfd60
RTL: _ZNK15ekf_ring_buffer7time_msEh @ 0x7dfec0
RTL: _ZN12NavEKF3_core14readAirSpdDataEv @ 0x7dff30
RTL: _ZN12NavEKF3_core12FuseAirspeedEv @ 0x7e0360
RTL: _ZL3MAXIdfEDTqugtfp_fp0_fp_fp0_ERKT_RKT0_.20297 @ 0x7e1b60
RTL: _ZNK12NavEKF3_core11useAirspeedEv @ 0x7e1c00
RTL: _ZNK15AP_DAL_Airspeed14last_update_msEh @ 0xafa470
RTL: _ZNK15AP_DAL_Airspeed7healthyEh @ 0xafa4e0
RTL: _ZNK15AP_DAL_Airspeed3useEh @ 0xafa550
RTL: _ZNK15AP_DAL_Airspeed12get_airspeedEh @ 0xafa5c0
RTL: _ZL2sqf.5223 @ 0x7e1c60
RTL: _ZN16EKF_obs_buffer_tIN12NavEKF3_core12tas_elementsEE4pushERKS1_ @ 0xafa630
RTL: _ZN16EKF_obs_buffer_tIN12NavEKF3_core12tas_elementsEE6recallERS1_j @ 0xafa6a0
RTL: _ZNK6AP_DAL23airspeed_sensor_enabledEv @ 0xafa720
RTL: _ZN16EKF_obs_buffer_tIN12NavEKF3_core16vel_odm_elementsEE6recallERS1_j @ 0xafa790
RTL: _ZN16EKF_obs_buffer_tIN12NavEKF3_core18wheel_odm_elementsEE6recallERS1_j @ 0xafa810
RTL: _ZN12NavEKF3_core11of_elementsC2Ev @ 0xafa890
RTL: _ZN16EKF_obs_buffer_tIN12NavEKF3_core11of_elementsEE6recallERS1_j @ 0xafa920
RTL: _ZNK7Vector2IdEixEh @ 0xafa9a0
RTL: _ZN12NavEKF3_core14readRngBcnDataEv @ 0x7eeb30
RTL: _ZN10EKFGSF_yaw11fuseVelDataERK7Vector2IdEd @ 0x7f27e0
RTL: _ZNK12NavEKF3_core13EKFGSF_getYawERdS0_ @ 0x7f2be0
RTL: _ZNK11QuaternionTIdE8to_eulerERdS1_S1_ @ 0xafae70
RTL: _ZN7Matrix3IdE13from_euler312Eddd @ 0xafb260
RTL: _ZNK7Matrix3IdE11to_euler312Ev @ 0xafb900
RTL: _ZN7Matrix3IdEixEh @ 0xafb9f0
RTL: _ZNK10EKFGSF_yaw10getYawDataERdS0_Ph @ 0x7f3550
RTL: _ZL7radiansf.5184 @ 0x7f3630
RTL: _ZL2sqf.5182 @ 0x7f3680
RTL: _ZN10EKFGSF_yaw11resetEKFGSFEv @ 0x7f3810
RTL: _ZN10EKFGSF_yaw8alignYawEv @ 0x7f3980
RTL: _ZN10EKFGSF_yaw7correctEhRK7Vector2IdEd @ 0x7f3bf0
RTL: _ZNK10EKFGSF_yaw15gaussianDensityEh @ 0x7f4fb0
RTL: _ZL3MAXIdfEDTqugtfp_fp0_fp_fp0_ERKT_RKT0_.4687 @ 0x7f5330
RTL: _ZN10EKFGSF_yaw13forceSymmetryEh @ 0x7f53d0
RTL: _ZNK7Matrix3IdE8to_eulerEPdS1_S1_ @ 0xafba60
RTL: _ZN16EKF_obs_buffer_tIN12NavEKF3_core16ext_nav_elementsEE6recallERS1_j @ 0xafbb60
RTL: _ZN16EKF_obs_buffer_tIN12NavEKF3_core20ext_nav_vel_elementsEE6recallERS1_j @ 0xafbbe0
RTL: _ZNK12NavEKF3_core35CalculateVelInnovationsAndVariancesERK7Vector3IdEddRS1_S4_ @ 0x7f5900
RTL: _ZN16EKF_obs_buffer_tIN12NavEKF3_core12gps_elementsEE6recallERS1_j @ 0xafbc60
RTL: _ZN12NavEKF3_core21selectHeightForFusionEv @ 0x7f5f40
RTL: _ZN12NavEKF3_core13FuseVelPosNEDEv @ 0x7f7440
RTL: _ZL3MAXIdfEDTqugtfp_fp0_fp_fp0_ERKT_RKT0_.5356 @ 0x7f9790
RTL: _ZL3MAXI9AP_ParamTIfL11ap_var_type4EEfEDTqugtfp_fp0_fp_fp0_ERKT_RKT0_.5357 @ 0x7f9830
RTL: _ZN12NavEKF3_core15readRangeFinderEv @ 0x7f98c0
RTL: _ZN16EKF_obs_buffer_tIN12NavEKF3_core14range_elementsEE6recallERS1_j @ 0xafbce0
RTL: _ZN16EKF_obs_buffer_tIN12NavEKF3_core13baro_elementsEE6recallERS1_j @ 0xafbdb0
RTL: _ZL3MAXIddEDTqugtfp_fp0_fp_fp0_ERKT_RKT0_.5205 @ 0x7fa490
RTL: _ZL3MAXI9AP_ParamTIfL11ap_var_type4EEfEDTqugtfp_fp0_fp_fp0_ERKT_RKT0_.5194 @ 0x7fa660
RTL: _ZN16EKF_obs_buffer_tIN12NavEKF3_core12yaw_elementsEE6recallERS1_j @ 0xafc040
RTL: _ZN16EKF_obs_buffer_tIN12NavEKF3_core12mag_elementsEE6recallERS1_j @ 0xafc0c0
RTL: _ZN12NavEKF3_core18controlMagYawResetEv @ 0x7fc690
RTL: _ZN12NavEKF3_core16FuseMagnetometerEv @ 0x7fcca0
RTL: _ZN7Matrix3IdEC2Eddddddddd @ 0xafc140
RTL: _ZNK7Matrix3IdEixEh @ 0xafc290
RTL: _ZL3MAXIdfEDTqugtfp_fp0_fp_fp0_ERKT_RKT0_.5192 @ 0x8034e0
RTL: _ZN12NavEKF3_core17MagTableConstrainEv @ 0x803580
RTL: _ZNK11QuaternionTIdE13to_axis_angleER7Vector3IdE @ 0xafc300
RTL: _ZL3MAXIdfEDTqugtfp_fp0_fp_fp0_ERKT_RKT0_.5149 @ 0x803c60
RTL: _ZN10EKFGSF_yaw6updateERK7Vector3IdES3_ddbd @ 0x803d00
RTL: _ZN10EKFGSF_yaw7predictEh @ 0x804790
RTL: _ZN10EKFGSF_yaw11predictAHRSEh @ 0x8052e0
RTL: _ZL7radiansf.4685 @ 0x805860
RTL: _ZL2sqf.4686 @ 0x8058b0
RTL: _ZNK10EKFGSF_yaw12updateRotMatERK7Matrix3IdERK7Vector3IdE @ 0x805900
RTL: _ZN12NavEKF3_core21calcTiltErrorVarianceEv @ 0x8061e0
RTL: _ZN12NavEKF3_core23verifyTiltErrorVarianceEv @ 0x8068c0
RTL: _ZL3MINIffEDTqultfp_fp0_fp_fp0_ERKT_RKT0_.5423 @ 0x806cc0
RTL: _ZN11QuaternionTIdE6rotateERK7Vector3IdE @ 0xafc8c0
RTL: _ZN12NavEKF3_core15ConstrainStatesEv @ 0x806d50
RTL: _ZNK21AP_DAL_InertialSensor9use_accelEh @ 0xafc980
RTL: _ZNK21AP_DAL_InertialSensor8use_gyroEh @ 0xafca50
RTL: _ZN12NavEKF3_core19learnInactiveBiasesEv @ 0x807190
RTL: _ZN12NavEKF3_core19updateMovementCheckEv @ 0x807700
RTL: _ZN12NavEKF3_core17readDeltaVelocityEhR7Vector3IdERd @ 0x807fa0
RTL: _ZNK21AP_DAL_InertialSensor18get_imu_pos_offsetEh @ 0xafcb20
RTL: _ZN12NavEKF3_core14readDeltaAngleEhR7Vector3IdERd @ 0x8080f0
RTL: _ZN16EKF_IMU_buffer_tIN12NavEKF3_core12imu_elementsEE21push_youngest_elementES1_ @ 0xafcb90
RTL: _ZN12NavEKF3_core14SampleDragDataERKNS_12imu_elementsE @ 0x808210
RTL: _ZN16EKF_IMU_buffer_tIN12NavEKF3_core12imu_elementsEE18get_oldest_elementEv @ 0xafcbf0
RTL: _ZN12NavEKF3_core22updateTimingStatisticsEv @ 0x8084c0
RTL: _ZL3MINIfdEDTqultfp_fp0_fp_fp0_ERKT_RKT0_ @ 0x808770
RTL: _ZN12NavEKF3_core12imu_elementsC2Ev @ 0xafcc70
RTL: _ZN14ekf_imu_buffer18get_oldest_elementEPv @ 0x808810
RTL: _ZN14ekf_imu_buffer21push_youngest_elementEPKv @ 0x8088d0
RTL: _ZNK21AP_DAL_InertialSensor14get_gyro_countEv @ 0xafcd50
RTL: _ZNK21AP_DAL_InertialSensor15get_delta_angleEhR7Vector3IfERf @ 0xafcda0
RTL: _ZNK21AP_DAL_InertialSensor15get_accel_countEv @ 0xafcea0
RTL: _ZNK21AP_DAL_InertialSensor18get_delta_velocityEhR7Vector3IfERf @ 0xafcef0
RTL: _ZL7radiansi.5218 @ 0x8089c0
RTL: _ZN12NavEKF3_core12detectFlightEv @ 0x808a20
RTL: _ZN12NavEKF3_core27setWindMagStateLearningModeEv @ 0x808ee0
RTL: _ZN12NavEKF3_core28checkAttitudeAlignmentStatusEv @ 0x809780
RTL: _ZN12NavEKF3_core13setAidingModeEv @ 0x809890
RTL: _ZN12NavEKF3_core12setYawSourceEv @ 0x80a800
RTL: _ZN12NavEKF3_core18checkGyroCalStatusEv @ 0x80a8d0
RTL: _ZL3MINIttEDTqultfp_fp0_fp_fp0_ERKT_RKT0_ @ 0x80afb0
RTL: _ZL7radiansd.5136 @ 0x80b030
RTL: _ZN12NavEKF3_core19updateStateIndexLimEv @ 0x80b120
RTL: _ZL2sqf.5384 @ 0x80b200
RTL: _ZN12NavEKF3_core20update_gps_selectionEv @ 0x80b310
RTL: _ZN12NavEKF3_core20update_mag_selectionEv @ 0x80b410
RTL: _ZN12NavEKF3_core21update_baro_selectionEv @ 0x80b550
RTL: _ZN12NavEKF3_core25update_airspeed_selectionEv @ 0x80b630
RTL: _ZNK15AP_DAL_Airspeed11get_primaryEv @ 0xafd030
RTL: _ZNK11AP_DAL_Baro11get_primaryEv @ 0xafd080
RTL: _Z9fill_nanfPdt @ 0x80b740
RTL: _ZNK17AP_InertialSensor20get_last_update_usecEv @ 0xafd140
RTL: _ZNK17AP_InertialSensor16get_loop_delta_tEv @ 0xafd190
RTL: _ZNK7AP_AHRS17get_vehicle_classEv @ 0xafd1e0
RTL: _ZNK7AP_AHRS20get_takeoff_expectedEv @ 0xafd230
RTL: _ZNK7AP_AHRS22get_touchdown_expectedEv @ 0xafd290
RTL: _ZNK7AP_AHRS8get_trimEv @ 0xafd2f0
RTL: _ZN2AP12wheelencoderEv @ 0x80bb60
RTL: _ZNK7AP_AHRS43get_rotation_vehicle_body_to_autopilot_bodyEv @ 0xafd3a0
RTL: _ZN21AP_DAL_InertialSensor11start_frameEv @ 0x80bba0
RTL: _ZN11AP_DAL_Baro11start_frameEv @ 0x80be20
RTL: _ZN10AP_DAL_GPS11start_frameEv @ 0x80bf90
RTL: _ZN14AP_DAL_Compass11start_frameEv @ 0x80c390
RTL: _ZN15AP_DAL_Airspeed11start_frameEv @ 0x80c5b0
RTL: _ZN2AP6beaconEv @ 0x80cba0
RTL: _ZN9AP_Beacon13get_singletonEv @ 0xafd4a0
RTL: _ZNK11AP_Airspeed15get_num_sensorsEv @ 0xafd4e0
RTL: _ZNK11AP_Airspeed14last_update_msEh @ 0xafd530
RTL: _ZNK7Compass24auto_declination_enabledEv @ 0xafd5a0
RTL: _ZNK7Compass15get_declinationEv @ 0x80d2f0
RTL: _ZNK7Compass15get_num_enabledEv @ 0x80d350
RTL: _ZNK7Compass16get_first_usableEv @ 0xafd610
RTL: _ZNK7Compass17have_scale_factorEh @ 0x80d410
RTL: _ZNK7Compass16last_update_usecEh @ 0xafd660
RTL: _ZNK14typesafe_indexIh14TAG_StateIndexEgeERKh @ 0xafd6e0
RTL: _ZNK7AP_Baro11get_primaryEv @ 0xafd750
RTL: _ZNK7AP_Baro15get_last_updateEh @ 0xafd7a0
RTL: _ZNK17AP_InertialSensor16get_loop_rate_hzEv @ 0xafd810
RTL: _ZNK17AP_InertialSensor15get_delta_angleEhR7Vector3IfERf @ 0x80d550
RTL: _ZN21AP_DAL_InertialSensor15update_filteredEh @ 0x80d720
RTL: _ZNK17AP_InertialSensor18get_imu_pos_offsetEh @ 0xafd860
RTL: _ZNK17AP_InertialSensor10_accel_posEh @ 0xafd8c0
RTL: _ZN17AP_InertialSensor10_accel_posEh @ 0xafd920
RTL: _ZN15AP_WheelEncoder13get_singletonEv @ 0xafd990
RTL: _ZN7NavEKF212UpdateFilterEv @ 0x810760
RTL: _ZNK12NavEKF2_core11getGyroBiasER7Vector3IfE @ 0x810d40
RTL: _ZNK12NavEKF2_core21getFramesSincePredictEv @ 0x810e30
RTL: _ZN12NavEKF2_core12UpdateFilterEb @ 0x810e90
RTL: _ZN12NavEKF2_core18controlFilterModesEv @ 0x811090
RTL: _ZN12NavEKF2_core11readIMUDataEv @ 0x811160
RTL: _ZN12NavEKF2_core27UpdateStrapdownEquationsNEDEv @ 0x811980
RTL: _ZN12NavEKF2_core20CovariancePredictionEv @ 0x811dc0
RTL: _ZN12NavEKF2_core25runYawEstimatorPredictionEv @ 0x81b4d0
RTL: _ZN12NavEKF2_core15SelectMagFusionEv @ 0x81b640
RTL: _ZN12NavEKF2_core18SelectVelPosFusionEv @ 0x81ba90
RTL: _ZN12NavEKF2_core25runYawEstimatorCorrectionEv @ 0x81c2a0
RTL: _ZN12NavEKF2_core18SelectRngBcnFusionEv @ 0x81c3f0
RTL: _ZN12NavEKF2_core16SelectFlowFusionEv @ 0x81c480
RTL: _ZN12NavEKF2_core15SelectTasFusionEv @ 0x81c700
RTL: _ZN12NavEKF2_core16SelectBetaFusionEv @ 0x81c820
RTL: _ZN12NavEKF2_core18updateFilterStatusEv @ 0x81c9c0
RTL: _ZN12NavEKF2_core16calcOutputStatesEv @ 0x81d3c0
RTL: _ZNK12NavEKF2_core20assume_zero_sideslipEv @ 0x81e630
RTL: _ZN12NavEKF2_core11readMagDataEv @ 0x81e6c0
RTL: _ZN12NavEKF2_core11readGpsDataEv @ 0x81eba0
RTL: _ZN12NavEKF2_core12readBaroDataEv @ 0x81f660
RTL: _ZN16EKF_IMU_buffer_tIN12NavEKF2_core15output_elementsEEixEj @ 0xafed80
RTL: _ZNK10AP_DAL_GPS22have_vertical_velocityEv @ 0xafedf0
RTL: _ZNK12NavEKF2_core26CorrectGPSForAntennaOffsetERNS_12gps_elementsE @ 0x821780
RTL: _ZL2sqf.20181 @ 0x821c00
RTL: _ZNK11AP_DAL_Baro15get_last_updateEv @ 0xaff250
RTL: _ZNK11AP_DAL_Baro12get_altitudeEv @ 0xaff2b0
RTL: _ZL3MAXIddEDTqugtfp_fp0_fp_fp0_ERKT_RKT0_.20150 @ 0x821e70
RTL: _ZN16EKF_obs_buffer_tIN12NavEKF2_core13baro_elementsEE4pushERKS1_ @ 0xaff310
RTL: _ZNK10AP_DAL_GPS7get_lagERf @ 0xaff380
RTL: _ZNK10AP_DAL_GPS8velocityEv @ 0xaff400
RTL: _ZNK10AP_DAL_GPS14speed_accuracyERf @ 0xaff460
RTL: _ZL3MAXIdfEDTqugtfp_fp0_fp_fp0_ERKT_RKT0_.20159 @ 0x821ef0
RTL: _ZL3MINIdfEDTqultfp_fp0_fp_fp0_ERKT_RKT0_.20160 @ 0x821f90
RTL: _ZL3MAXId9AP_ParamTIfL11ap_var_type4EEEDTqugtfp_fp0_fp_fp0_ERKT_RKT0_.20162 @ 0x822030
RTL: _ZNK10AP_DAL_GPS19horizontal_accuracyERf @ 0xaff4e0
RTL: _ZNK10AP_DAL_GPS17vertical_accuracyERf @ 0xaff560
RTL: _ZNK10AP_DAL_GPS8num_satsEv @ 0xaff5e0
RTL: _ZN12NavEKF2_core18calcGpsGoodToAlignEv @ 0x8220e0
RTL: _ZN12NavEKF2_core20calcGpsGoodForFlightEv @ 0x822fd0
RTL: _ZN16EKF_obs_buffer_tIN12NavEKF2_core12gps_elementsEE4pushERKS1_ @ 0xaff650
RTL: _ZNK12NavEKF2_core14MagDeclinationEv @ 0x823510
RTL: _ZN12NavEKF2_core15FuseDeclinationEd @ 0x8235f0
RTL: _ZN12NavEKF2_core13ForceSymmetryEv @ 0x823fd0
RTL: _ZN12NavEKF2_core18ConstrainVariancesEv @ 0x824120
RTL: _ZL3MAXIddEDTqugtfp_fp0_fp_fp0_ERKT_RKT0_.20213 @ 0x824650
RTL: _ZL3MINIdfEDTqultfp_fp0_fp_fp0_ERKT_RKT0_.20200 @ 0x8246d0
RTL: _ZNK10AP_DAL_GPS8get_hdopEv @ 0xaff6c0
RTL: _ZN12NavEKF2_core12mag_elementsC2Ev @ 0xaff730
RTL: _ZN16EKF_obs_buffer_tIN12NavEKF2_core12mag_elementsEE4pushERKS1_ @ 0xaff790
RTL: _ZN12NavEKF2_core17correctDeltaAngleER7Vector3IdEdh @ 0x824920
RTL: _ZN12NavEKF2_core20correctDeltaVelocityER7Vector3IdEdh @ 0x824a30
RTL: _ZN16EKF_IMU_buffer_tIN12NavEKF2_core12imu_elementsEE18get_youngest_indexEv @ 0xaff800
RTL: _ZN16EKF_IMU_buffer_tIN12NavEKF2_core12imu_elementsEE16get_oldest_indexEv @ 0xaff860
RTL: _ZN12NavEKF2_core15output_elementsC2Ev @ 0xaff8c0
RTL: _ZNK12NavEKF2_core11useAirspeedEv @ 0x824ae0
RTL: _ZN12NavEKF2_core14readAirSpdDataEv @ 0x828020
RTL: _ZN12NavEKF2_core12FuseAirspeedEv @ 0x8281a0
RTL: _ZL3MAXIdfEDTqugtfp_fp0_fp_fp0_ERKT_RKT0_.22305 @ 0x8298f0
RTL: _ZNK15AP_DAL_Airspeed3useEv @ 0xaff940
RTL: _ZNK15AP_DAL_Airspeed7healthyEv @ 0xaff9b0
RTL: _ZNK15AP_DAL_Airspeed14last_update_msEv @ 0xaffa20
RTL: _ZNK15AP_DAL_Airspeed12get_airspeedEv @ 0xaffa80
RTL: _ZN16EKF_obs_buffer_tIN12NavEKF2_core12tas_elementsEE4pushERKS1_ @ 0xaffae0
RTL: _ZN16EKF_obs_buffer_tIN12NavEKF2_core12tas_elementsEE6recallERS1_j @ 0xaffb50
RTL: _ZN12NavEKF2_core14readRngBcnDataEv @ 0x82f990
RTL: _ZN16EKF_obs_buffer_tIN12NavEKF2_core16ext_nav_elementsEE6recallERS1_j @ 0xaffcc0
RTL: _ZN16EKF_obs_buffer_tIN12NavEKF2_core20ext_nav_vel_elementsEE6recallERS1_j @ 0xaffd40
RTL: _ZN16EKF_obs_buffer_tIN12NavEKF2_core12gps_elementsEE6recallERS1_j @ 0xaffdc0
RTL: _ZN12NavEKF2_core18controlMagYawResetEv @ 0x833c10
RTL: _ZN12NavEKF2_core13realignYawGPSEv @ 0x835b70
RTL: _ZN12NavEKF2_core21selectHeightForFusionEv @ 0x835df0
RTL: _ZN12NavEKF2_core13FuseVelPosNEDEv @ 0x837130
RTL: _ZL3MAXIdfEDTqugtfp_fp0_fp_fp0_ERKT_RKT0_.20190 @ 0x838e40
RTL: _ZN12NavEKF2_core15readRangeFinderEv @ 0x838ee0
RTL: _ZN16EKF_obs_buffer_tIN12NavEKF2_core14range_elementsEE6recallERS1_j @ 0xaffe40
RTL: _ZN16EKF_obs_buffer_tIN12NavEKF2_core13baro_elementsEE6recallERS1_j @ 0xaffec0
RTL: _ZL3MAXIddEDTqugtfp_fp0_fp_fp0_ERKT_RKT0_.20133 @ 0x8398e0
RTL: _ZL3MAXIdfEDTqugtfp_fp0_fp_fp0_ERKT_RKT0_.20138 @ 0x839a90
RTL: _ZN16EKF_obs_buffer_tIN12NavEKF2_core12mag_elementsEE6recallERS1_j @ 0xafffb0
RTL: _ZN12NavEKF2_core16FuseMagnetometerEv @ 0x83a080
RTL: _ZN12NavEKF2_core17MagTableConstrainEv @ 0x83fb70
RTL: _ZN12NavEKF2_core15CopyCovariancesEv @ 0x83fca0
RTL: _ZN12NavEKF2_core15ConstrainStatesEv @ 0x83fd90
RTL: _ZL3MAXIddEDTqugtfp_fp0_fp_fp0_ERKT_RKT0_.20258 @ 0x8401c0
RTL: _ZN12NavEKF2_core19learnInactiveBiasesEv @ 0x840240
RTL: _ZN12NavEKF2_core17readDeltaVelocityEhR7Vector3IdERd @ 0x840710
RTL: _ZN12NavEKF2_core14readDeltaAngleEhR7Vector3IdERd @ 0x840880
RTL: _ZN16EKF_IMU_buffer_tIN12NavEKF2_core12imu_elementsEE21push_youngest_elementES1_ @ 0xb00030
RTL: _ZN16EKF_IMU_buffer_tIN12NavEKF2_core12imu_elementsEE18get_oldest_elementEv @ 0xb00090
RTL: _ZN12NavEKF2_core22updateTimingStatisticsEv @ 0x8409f0
RTL: _ZL3MAXIfdEDTqugtfp_fp0_fp_fp0_ERKT_RKT0_.20157 @ 0x840ca0
RTL: _ZL3MINIfdEDTqultfp_fp0_fp_fp0_ERKT_RKT0_.20158 @ 0x840d40
RTL: _ZN12NavEKF2_core12imu_elementsC2Ev @ 0xb00110
RTL: _ZL7radiansi.20161 @ 0x840de0
RTL: _ZN12NavEKF2_core12detectFlightEv @ 0x840e40
RTL: _ZN12NavEKF2_core27setWindMagStateLearningModeEv @ 0x8412e0
RTL: _ZN12NavEKF2_core28checkAttitudeAlignmentStatusEv @ 0x841980
RTL: _ZN12NavEKF2_core13setAidingModeEv @ 0x841af0
RTL: _ZL3MINIttEDTqultfp_fp0_fp_fp0_ERKT_RKT0_.20103 @ 0x8429d0
RTL: _ZNK12NavEKF2_core16effective_magCalEv @ 0x842af0
RTL: _ZN16AP_AHRS_External6updateEv @ 0x843550
RTL: _ZN16AP_AHRS_External11get_resultsERN15AP_AHRS_Backend9EstimatesE @ 0x8435a0
RTL: _ZN7AP_AHRS37copy_estimates_from_backend_estimatesERKN15AP_AHRS_Backend9EstimatesE @ 0x8437f0
RTL: _ZN15AP_ExternalAHRS6updateEv @ 0x843ad0
RTL: _ZL7degreesf.11297 @ 0x843e00
RTL: _ZN11AP_AHRS_SIM6updateEv @ 0xb00d40
RTL: _ZN11AP_AHRS_SIM11get_resultsERN15AP_AHRS_Backend9EstimatesE @ 0x843e50
RTL: _ZN11AP_AHRS_DCM6updateEv @ 0x844a30
RTL: _ZN11AP_AHRS_DCM11get_resultsERN15AP_AHRS_Backend9EstimatesE @ 0x844d50
RTL: _ZN11AP_AHRS_DCM13matrix_updateEv @ 0x844e70
RTL: _ZN11AP_AHRS_DCM9normalizeEv @ 0x8450c0
RTL: _ZN11AP_AHRS_DCM16drift_correctionEf @ 0x8452e0
RTL: _ZN11AP_AHRS_DCM12check_matrixEv @ 0x846640
RTL: _ZN11AP_AHRS_DCM15backup_attitudeEv @ 0x846740
RTL: _ZNK11AP_AHRS_DCM12get_error_rpEv @ 0xb00e00
RTL: _ZNK11AP_AHRS_DCM13get_error_yawEv @ 0xb00e50
RTL: _ZN7Matrix3IfE6is_nanEv @ 0xb00ea0
RTL: _ZN11AP_AHRS_DCM20drift_correction_yawEv @ 0x846c30
RTL: _ZNK7Matrix3IfE4colxEv @ 0xb00f40
RTL: _ZNK6AP_GPS16last_fix_time_msEv @ 0xb00fb0
RTL: _ZL3MAXIfiEDTqugtfp_fp0_fp_fp0_ERKT_RKT0_.2600 @ 0x847150
RTL: _ZNK11AP_AHRS_DCM26should_correct_centrifugalEv @ 0x8471f0
RTL: _ZN11AP_AHRS_DCM10ra_delayedEhRK7Vector3IfE @ 0x847240
RTL: _ZNK17AP_InertialSensor7healthyEv @ 0xb01010
RTL: _ZN11AP_AHRS_DCM7_P_gainEf @ 0x847340
RTL: _ZNK11AP_AHRS_DCM14use_fast_gainsEv @ 0x847420
RTL: _ZL7radiansi.2601 @ 0x8474b0
RTL: _ZNK17AP_InertialSensor19get_gyro_drift_rateEv @ 0xb01090
RTL: _ZNK17AP_InertialSensor15get_gyro_healthEv @ 0xb010e0
RTL: _ZNK17AP_InertialSensor16get_accel_healthEv @ 0xb01140
RTL: _ZNK7Compass16last_update_usecEv @ 0xb011a0
RTL: _ZN7Compass4readEv @ 0x847510
RTL: _ZN11AP_AHRS_DCM17yaw_error_compassER7Compass @ 0x8478e0
RTL: _ZNK11AP_AHRS_DCM9_yaw_gainEv @ 0x847a60
RTL: _ZNK7Matrix3IfE5mulXYERK7Vector3IfE @ 0xb01200
RTL: _ZNK7Vector2IfErmERKS0_ @ 0xb012d0
RTL: _ZN7Compass15_detect_runtimeEv @ 0x847c10
RTL: _ZN9AP_Logger13Write_CompassEv @ 0x847f40
RTL: _ZN19RestrictIDTypeArrayI9AP_ParamTIaL11ap_var_type1EELj3E14typesafe_indexIh12TAG_PriorityEEixERKS5_ @ 0xb01350
RTL: _ZN9AP_Logger22Write_Compass_instanceEmh @ 0x847fe0
RTL: _ZNK7Compass17get_motor_offsetsEh @ 0xb013d0
RTL: _ZN18AP_Compass_Backend25drain_accumulated_samplesEhPK7Vector3IfE @ 0x849f10
RTL: _ZN18AP_Compass_Backend22publish_filtered_fieldERK7Vector3IfEh @ 0x84a090
RTL: _ZN11AP_AHRS_DCM6renormERK7Vector3IfERS1_ @ 0x84a150
RTL: _ZNK17AP_InertialSensor15get_delta_angleER7Vector3IfERf @ 0xb01c50
RTL: _ZNK7Vector3IfEeqERKS0_ @ 0xb01ce0
RTL: _ZNK14AP_Logger_File17recent_open_errorEv @ 0x84a500
RTL: _ZNK14AP_Logger_File15io_thread_aliveEv @ 0x84a590
RTL: _ZN14AP_Logger_File16disk_space_availEv @ 0x84a920
RTL: _ZL3MINIjjEDTqultfp_fp0_fp_fp0_ERKT_RKT0_.6871 @ 0x84aa00
RTL: _ZN13AP_Filesystem17bytes_until_fsyncEi @ 0x84aa80
RTL: _ZN13AP_Filesystem9disk_freeEPKc @ 0x84ab00
RTL: _ZN2AP4rssiEv @ 0x851d40
RTL: _ZNK7AP_RSSI7enabledEv @ 0xb02590
RTL: _ZN7AP_RSSI13get_singletonEv @ 0x852570
RTL: _ZN13AP_CANManager20check_logging_enableEv @ 0x853530
RTL: _ZN7FunctorIvJEE14method_wrapperI13AP_CANManagerXadL_ZNS2_20check_logging_enableEvEEEEvPv @ 0xb02bc0
RTL: _ZNK13AP_CANManager15CANIface_Params13option_is_setENS0_7OptionsE @ 0xb02c70
RTL: _ZNK6AP_GPS20last_message_time_msEv @ 0xb0cc70
RTL: _ZNK22AP_BattMonitor_Backend13option_is_setEN21AP_BattMonitor_Params7OptionsE @ 0xb14c60
RTL: _ZN22AP_BattMonitor_Backend15update_consumedERN14AP_BattMonitor17BattMonitor_StateEj @ 0x875960
RTL: _ZN22AP_BattMonitor_Backend13calculate_mahEff @ 0xb14cf0
RTL: _ZN18AP_Compass_Backend17accumulate_sampleER7Vector3IfEhj @ 0x877c70
RTL: _ZN18AP_Compass_Backend12rotate_fieldER7Vector3IfEh @ 0x877df0
RTL: _ZN18AP_Compass_Backend17publish_raw_fieldERK7Vector3IfEh @ 0x877ee0
RTL: _ZN18AP_Compass_Backend13correct_fieldER7Vector3IfEh @ 0x877ff0
RTL: _ZN18AP_Compass_Backend8field_okERK7Vector3IfE @ 0x8783f0
RTL: _ZNK7Compass16get_filter_rangeEv @ 0xb17010
RTL: _ZNK16Compass_PerMotor7enabledEv @ 0xb17070
RTL: _ZN7Compass13_get_priorityE14typesafe_indexIh14TAG_StateIndexE @ 0xb170e0
RTL: _ZN14AP_GPS_Backend15set_alt_amsl_cmERN6AP_GPS9GPS_StateEi @ 0x87cac0
RTL: _ZN16JitterCorrection31correct_offboard_timestamp_usecEmm @ 0x87ccd0
RTL: _ZNK14AP_GPS_Backend10option_setEN6AP_GPS13DriverOptionsE @ 0xb1a270
RTL: _ZNK6AP_GPS10option_setENS_13DriverOptionsE @ 0xb1a2e0
RTL: _ZN6AP_RTC12set_utc_usecEmNS_11source_typeE @ 0x87d740
RTL: _ZN10RC_Channel9set_rangeEt @ 0x87faf0
RTL: _ZNK11GCS_MAVLINK14option_enabledENS_6OptionE @ 0xb1c770
RTL: _ZNK16AP_SerialManager9UARTState12get_protocolEv @ 0xb1c7f0
RTL: _ZN2AP8PerfInfo13set_loop_rateEt @ 0x88fde0
RTL: _ZN2AP8PerfInfo5resetEv @ 0x88fea0
RTL: _ZNK3GCS43min_loop_time_remaining_for_message_send_usEv @ 0xb1ce30
RTL: _ZNK3GCS19vehicle_initialisedEv @ 0xb1ce80
RTL: _ZN5Plane8set_modeEh10ModeReason @ 0x890b80
RTL: _ZNK5Plane29current_mode_requires_missionEv @ 0xb1d500
RTL: _ZNK5Plane17get_wp_distance_mERf @ 0x891920
RTL: _ZNK5Plane18get_wp_bearing_degERf @ 0x891a40
RTL: _ZNK5Plane25get_wp_crosstrack_error_mERf @ 0x891b70
RTL: _ZN5Plane20set_control_channelsEv @ 0x893010
RTL: _ZN5Plane18fence_checks_asyncEv @ 0x893300
RTL: _ZN6AP_HAL15timeout_expiredIjjjEEbT_T0_T1_ @ 0xb1d620
RTL: _ZN8AC_Fence5checkEb @ 0x8934e0
RTL: _ZN8AC_Fence19clear_margin_breachEh @ 0x8938f0
RTL: _ZN10RC_Channel9set_angleEt @ 0x894630
RTL: _ZNK5Plane19have_reverse_thrustEv @ 0x8946a0
RTL: _ZN12SRV_Channels19set_esc_scaling_forEN11SRV_Channel8FunctionE @ 0x894710
RTL: _ZN6AP_HAL8RCOutput15set_esc_scalingEtt @ 0xb1d770
RTL: _ZN8AP_Param15save_io_handlerEv @ 0x895350
RTL: _ZN7FunctorIvJEE14method_wrapperI8AP_ParamXadL_ZNS2_15save_io_handlerEvEEEEvPv @ 0xb1d920
RTL: _ZN15ObjectBuffer_TSIN8AP_Param10param_saveEE3popERS1_ @ 0xb1d9d0
RTL: _ZN5Plane11notify_modeERK4Mode @ 0x895de0
RTL: _ZN5Plane3gcsEv @ 0xb1db70
RTL: _ZL21failsafe_check_staticv @ 0x899cd0
RTL: _ZN9QuadPlane5setupEv @ 0x899d10
RTL: _ZN5Plane8set_modeER4Mode10ModeReason @ 0x89aa50
RTL: _ZN3GCS16sysid_mygcs_seenEj @ 0xb1dda0
RTL: _ZN5Plane18set_mode_by_numberEN4Mode6NumberE10ModeReason @ 0x89b270
RTL: _ZNK7Vector2IfEdvEf @ 0xb1fbb0
RTL: _ZN10RC_Channel16read_mode_switchEv @ 0x8a2630
RTL: _ZN10RC_Channel16read_6pos_switchERa @ 0x8a26b0
RTL: _ZN10RC_Channel18debounce_completedEa @ 0x8a2810
RTL: _ZN5Plane18mode_from_mode_numEN4Mode6NumberE @ 0x8a2900
RTL: _ZN12SRV_Channels17enable_aux_servosEv @ 0x8a2c00
RTL: _ZN5Plane13servos_outputEv @ 0x8a2e40
RTL: _ZN5Plane22servos_twin_engine_mixEv @ 0x8a30f0
RTL: _ZNK5Plane22channel_function_mixerEN11SRV_Channel8FunctionES1_S1_S1_ @ 0x8a33b0
RTL: _ZN10Tailsitter6outputEv @ 0x8a35c0
RTL: _ZN9Tiltrotor15bicopter_outputEv @ 0x8a4a30
RTL: _ZN5Plane11force_flareEv @ 0x8a4cf0
RTL: _ZN5Plane15dspoiler_updateEv @ 0x8a4f60
RTL: _ZN5Plane38landing_neutral_control_surface_servosEv @ 0x8a54d0
RTL: _ZN12SRV_Channels8calc_pwmEv @ 0x8a5840
RTL: _ZN12SRV_Channels13output_ch_allEv @ 0x8a5a60
RTL: _ZNK12SRV_Channels17auto_trim_enabledEv @ 0xb204b0
RTL: _ZNK16AP_FW_Controller12get_pid_infoEv @ 0xb20520
RTL: _ZNK10AP_Landing23get_then_servos_neutralEv @ 0xb20570
RTL: _ZN12SRV_Channels30get_slew_limited_output_scaledEN11SRV_Channel8FunctionE @ 0x8a6550
RTL: _ZNK9QuadPlane18in_frwd_transitionEv @ 0x8a6660
RTL: _ZN19AP_AdvancedFailsafe20should_crash_vehicleEv @ 0x8a7080
RTL: _ZN5Plane24relative_ground_altitudeE14RangeFinderUse @ 0x8a7950
RTL: _ZN5Plane24relative_ground_altitudeE14RangeFinderUseb @ 0x8a79c0
RTL: _ZN5Plane17get_external_HAGLERf @ 0x8a7bd0
RTL: _ZNK5Plane15rangefinder_useE14RangeFinderUse @ 0x8a7ca0
RTL: _ZNK5Plane23rangefinder_orientationEv @ 0xb20960
RTL: _ZN5Plane20adjusted_altitude_cmEv @ 0x8a7ec0
RTL: _ZN5Plane18mission_alt_offsetEv @ 0x8a7f40
RTL: _ZN6AC_PID12reset_filterEv @ 0xb20e40
RTL: _ZN11AP_SystemID4stopEv @ 0x8aa740
RTL: _ZN5Plane10should_logEj @ 0x8aaec0
RTL: _ZNK7AP_EnumI11StickMixingEcvKS0_Ev @ 0xb21c20
RTL: _ZN10Tailsitter6activeEv @ 0x8acaf0
RTL: _ZNK5Plane16get_speed_scalerEv @ 0xb21d90
RTL: _ZL7degreesf.12 @ 0x8adb20
RTL: _ZN6AC_PID7reset_IEv @ 0x8add20
RTL: _ZN9AP_Logger10Write_ModeEh10ModeReason @ 0x8ae860
RTL: _ZN17AP_Logger_Backend10Write_ModeEh10ModeReason @ 0x8ae9f0
RTL: _ZN7AP_AHRS15set_fly_forwardEb @ 0xb220b0
RTL: _ZN7AP_Baro6updateEv @ 0x8afc80
RTL: _ZNK7AP_Baro7healthyEv @ 0xb22230
RTL: _ZN15AP_Baro_Backend14backend_updateEh @ 0x8b03a0
RTL: _ZN7AP_Baro24wind_pressure_correctionEh @ 0x8b0420
RTL: _ZNK7AP_Baro15get_last_updateEv @ 0xb22290
RTL: _ZN16DerivativeFilterIfLh7EE6updateEfj @ 0xb222f0
RTL: _ZN7AP_Baro22update_field_elevationEv @ 0x8b0760
RTL: _ZNK7AP_Baro10should_logEv @ 0x8b09e0
RTL: _ZN7AP_Baro10Write_BaroEv @ 0x8b0a90
RTL: _ZN7AP_Baro19Write_Baro_instanceEmh @ 0x8b0b20
RTL: _ZNK7AP_Baro21get_baro_drift_offsetEv @ 0xb223d0
RTL: _ZNK7AP_Baro22get_ground_temperatureEv @ 0x8b0d40
RTL: _ZNK7AP_Baro22get_corrected_pressureEh @ 0xb22420
RTL: _ZN16FilterWithBufferIfLh7EE5applyEf @ 0xb22500
RTL: _ZN17AP_InertialSensor12_gyro_offsetEh @ 0xb23a60
RTL: _ZN17AP_InertialSensor12caltemp_gyroEh @ 0xb23ad0
RTL: _ZN22AP_InertialSensor_SITL6updateEv @ 0x8b2f30
RTL: _ZN25AP_InertialSensor_Backend10accumulateEv @ 0xb23bf0
RTL: _ZN25AP_InertialSensor_Backend11set_primaryEb @ 0xb23dc0
RTL: _ZNK25AP_InertialSensor_Backend21_gyro_raw_sample_rateEh @ 0xb23e10
RTL: _ZN22AP_InertialSensor_SITL12timer_updateEv @ 0x8b36b0
RTL: _ZN7FunctorIvJEE14method_wrapperI22AP_InertialSensor_SITLXadL_ZNS2_12timer_updateEvEEEEvPv @ 0xb23ee0
RTL: _ZN22AP_InertialSensor_SITL14generate_accelEv @ 0x8b3b80
RTL: _ZN22AP_InertialSensor_SITL13generate_gyroEv @ 0x8b4b60
RTL: _ZNK25AP_InertialSensor_Backend20enable_fast_samplingEh @ 0xb23f90
RTL: _ZNK22AP_InertialSensor_SITL10gyro_driftEv @ 0x8b55c0
RTL: _ZL7radiansd.19672 @ 0x8b57c0
RTL: _ZL7radiansf.19673 @ 0x8b5810
RTL: _ZN22AP_InertialSensor_SITL15get_temperatureEv @ 0x8b58f0
RTL: _ZNK22AP_InertialSensor_TCal15sitl_apply_gyroEfR7Vector3IfE @ 0x8b5a90
RTL: _ZN25AP_InertialSensor_Backend35_notify_new_gyro_sensor_rate_sampleEhRK7Vector3IfE @ 0x8b5b70
RTL: _ZN25AP_InertialSensor_Backend24_rotate_and_correct_gyroEhR7Vector3IfE @ 0x8b5d70
RTL: _ZN25AP_InertialSensor_Backend27_notify_new_gyro_raw_sampleEhRK7Vector3IfEm @ 0x8b5f00
RTL: _ZNK25AP_InertialSensor_Backend15has_been_killedEh @ 0xb24020
RTL: _ZNK25AP_InertialSensor_Backend19_update_sensor_rateERtRjRf @ 0x8b65a0
RTL: _ZN25AP_InertialSensor_Backend18apply_gyro_filtersEhRK7Vector3IfE @ 0x8b6770
RTL: _ZN25AP_InertialSensor_Backend12log_gyro_rawEhmRK7Vector3IfES3_ @ 0x8b6b30
RTL: _ZN25AP_InertialSensor_Backend14update_primaryEv @ 0x8b6dc0
RTL: _ZNK17AP_InertialSensor22raw_logging_option_setENS_18RAW_LOGGING_OPTIONE @ 0xb240a0
RTL: _ZNK25AP_InertialSensor_Backend18should_log_imu_rawEv @ 0x8b6ea0
RTL: _ZNK17AP_InertialSensor12BatchSampler25doing_sensor_rate_loggingEv @ 0xb24120
RTL: _ZNK17AP_InertialSensor12BatchSampler25doing_post_filter_loggingEv @ 0xb24180
RTL: _ZN17AP_InertialSensor12BatchSampler6sampleEhNS_15IMU_SENSOR_TYPEEmRK7Vector3IfE @ 0x8b70b0
RTL: _ZN17AP_InertialSensor12BatchSampler10should_logEhNS_15IMU_SENSOR_TYPEE @ 0x8b7200
RTL: _ZN25AP_InertialSensor_Backend16save_gyro_windowEhRK7Vector3IfEh @ 0x8b7340
RTL: _ZN15LowPassFilter2pI7Vector3IfEE5applyERKS1_ @ 0xb24460
RTL: _ZN19DigitalBiquadFilterI7Vector3IfEE5applyERKS1_RKNS2_13biquad_paramsE @ 0xb245b0
RTL: _ZNK25AP_InertialSensor_Backend18sensors_convergingEv @ 0x8b7600
RTL: _ZNK22AP_InertialSensor_TCal12correct_gyroEffR7Vector3IfE @ 0x8b7730
RTL: _ZNK22AP_InertialSensor_TCal14correct_sensorEffPK9AP_ParamVI7Vector3IfEL11ap_var_type5EERS2_ @ 0x8b77d0
RTL: _ZNK22AP_InertialSensor_TCal15polynomial_evalEfPK9AP_ParamVI7Vector3IfEL11ap_var_type5EE @ 0x8b79e0
RTL: _ZNK22AP_InertialSensor_TCal16sitl_apply_accelEfR7Vector3IfE @ 0x8ba990
RTL: _ZN25AP_InertialSensor_Backend36_notify_new_accel_sensor_rate_sampleEhRK7Vector3IfE @ 0x8baa70
RTL: _ZN25AP_InertialSensor_Backend25_rotate_and_correct_accelEhR7Vector3IfE @ 0x8bac70
RTL: _ZN25AP_InertialSensor_Backend28_notify_new_accel_raw_sampleEhRK7Vector3IfEmb @ 0x8bae90
RTL: _ZN25AP_InertialSensor_Backend20_publish_temperatureEhf @ 0x8bb440
RTL: _ZN17AP_InertialSensor27calc_vibration_and_clippingEhRK7Vector3IfEf @ 0x8bb4e0
RTL: _ZN17AP_InertialSensor19set_accel_peak_holdEhRK7Vector3IfE @ 0x8bb760
RTL: _ZN25AP_InertialSensor_Backend13log_accel_rawEhmRK7Vector3IfE @ 0x8bb840
RTL: _ZNK25AP_InertialSensor_Backend14get_clip_limitEv @ 0xb255d0
RTL: _ZN13LowPassFilterI7Vector3IfEE5applyERKS1_RKf @ 0xb25620
RTL: _ZN10DigitalLPFI7Vector3IfEE6_applyERKS1_RKf @ 0xb256e0
RTL: _ZNK22AP_InertialSensor_TCal13correct_accelEffR7Vector3IfE @ 0x8bbc20
RTL: _ZN25AP_InertialSensor_Backend12update_accelEh @ 0x8bc0a0
RTL: _ZN25AP_InertialSensor_Backend11update_gyroEh @ 0x8bc1c0
RTL: _ZN25AP_InertialSensor_Backend13_publish_gyroEhRK7Vector3IfE @ 0x8bc320
RTL: _ZN25AP_InertialSensor_Backend19update_gyro_filtersEh @ 0x8bc490
RTL: _ZNK25AP_InertialSensor_Backend19_gyro_filter_cutoffEv @ 0xb259b0
RTL: _ZN25AP_InertialSensor_Backend14_publish_accelEhRK7Vector3IfE @ 0x8bc8d0
RTL: _ZN25AP_InertialSensor_Backend20update_accel_filtersEh @ 0x8bcb00
RTL: _ZNK25AP_InertialSensor_Backend20_accel_filter_cutoffEv @ 0xb25c90
RTL: _ZNK5Plane16gcs_mode_enabledEN4Mode6NumberE @ 0x8be870
RTL: _ZN4Mode5enterEv @ 0x8be8f0
RTL: _ZN4Mode4exitEv @ 0x8bed90
RTL: _ZN5Plane16autotune_restoreEv @ 0x8bee10
RTL: _ZN16AP_FW_Controller16autotune_restoreEv @ 0x8beed0
RTL: _ZN16AP_YawController16autotune_restoreEv @ 0x8bef40
RTL: _ZN7Vector3IiE4zeroEv @ 0xb26270
RTL: _ZN9AP_Camera16set_is_auto_modeEb @ 0xb262d0
RTL: _ZN9QuadPlane10mode_enterEv @ 0x8bf6b0
RTL: _ZN7AP_ADSB16set_is_auto_modeEb @ 0xb26330
RTL: _ZN18AP_SteerController7reset_IEv @ 0x8bf7f0
RTL: _ZN5Plane16control_failsafeEv @ 0x8bf840
RTL: _ZN8AC_Fence21manual_recovery_startEv @ 0x8bfc40
RTL: _ZN5Plane19update_flight_stageEv @ 0x8bfcd0
RTL: _ZN10AP_Landing5resetEv @ 0x8bffb0
RTL: _ZNK5Plane18get_throttle_inputEb @ 0x8c0830
RTL: _ZNK7AP_AHRS21using_airspeed_sensorEv @ 0x8c0990
RTL: _ZNK10RC_Channel15pwm_to_range_dzEt @ 0x8c0bc0
RTL: _ZNK10RC_Channel15pwm_to_angle_dzEt @ 0x8c0d60
RTL: _ZNK10RC_Channel20pwm_to_angle_dz_trimEtt @ 0x8c0df0
RTL: _ZN5Plane16set_flight_stageEN12AP_FixedWing11FlightStageE @ 0x8c1040
RTL: _ZN5Plane16Log_Write_StatusEv @ 0x8c19b0
RTL: _ZN17AP_InertialSensor8is_stillEv @ 0x8c1ac0
RTL: _ZNK5Plane18rc_failsafe_activeEv @ 0x8c1bd0
RTL: _ZNK5Plane20rc_throttle_value_okEv @ 0x8c1c70
RTL: _ZNK10AP_Vehicle21block_GCS_mode_changeEhPKhh @ 0x8c1d90
RTL: _ZN7AP_TECS16set_throttle_minEfb @ 0x8c6830
RTL: _ZN6AC_PID10update_allEfffbf @ 0x8c85b0
RTL: _ZNK6AC_PID6get_ffEv @ 0x8c8bc0
RTL: _ZNK6AC_PID16get_filt_T_alphaEf @ 0x8c8c20
RTL: _ZNK6AC_PID16get_filt_E_alphaEf @ 0x8c8ca0
RTL: _ZNK6AC_PID16get_filt_D_alphaEf @ 0x8c8d20
RTL: _ZN6AC_PID8update_iEfb @ 0x8c8da0
RTL: _ZN11SlewLimiter8modifierEff @ 0x8c8fa0
RTL: _ZNK11SlewLimiter13get_slew_rateEv @ 0xb27940
RTL: _ZL3MINIjjEDTqultfp_fp0_fp_fp0_ERKT_RKT0_.20424 @ 0x8c9520
RTL: _ZNK6AC_PID5get_iEv @ 0x8c95a0
RTL: _ZN5Plane22calc_altitude_error_cmEv @ 0x8ca720
RTL: _ZL3MAXIffEDTqugtfp_fp0_fp_fp0_ERKT_RKT0_.12726 @ 0x8ca800
RTL: _ZN5Plane12fly_invertedEv @ 0x8cc6c0
RTL: _ZNK7Vector2IfE10normalizedEv @ 0xb286a0
RTL: _ZN6AC_PID21set_notch_sample_rateEf @ 0x8ded20
RTL: _ZN5Plane14failsafe_checkEv @ 0x8ea080
RTL: _ZN11RC_Channels10read_inputEv @ 0x8ea3a0
RTL: _ZN5Plane15flaperon_updateEv @ 0x8eaba0
RTL: _ZN11GCS_MAVLINK21send_servo_output_rawEv @ 0x8eac90
RTL: _ZL33mavlink_msg_servo_output_raw_send17mavlink_channel_tjhtttttttttttttttt @ 0x8eb0b0
RTL: _ZN12SRV_Channels13set_slew_rateEN11SRV_Channel8FunctionEftf @ 0x8eb380
RTL: _ZN10RC_Channel6updateEv @ 0x8ecc30
RTL: _ZN11RC_Channels23rudder_arm_disarm_checkEv @ 0x8ecda0
RTL: _ZNK10RC_Channel12pwm_to_rangeEv @ 0x8ecfa0
RTL: _ZNK10RC_Channel12pwm_to_angleEv @ 0x8ed010
RTL: _ZNK7AP_AHRS18get_yaw_rate_earthEv @ 0xb30ba0
RTL: _ZNK12NavEKF3_core9getMagXYZER7Vector3IfE @ 0x917a40
RTL: _ZNK12NavEKF2_core9getMagXYZER7Vector3IfE @ 0x917af0
RTL: _ZNK12NavEKF3_core9getMagNEDER7Vector3IfE @ 0x917cc0
RTL: _ZNK12NavEKF2_core9getMagNEDER7Vector3IfE @ 0x917d70
RTL: _ZNK7AP_AHRS9cos_pitchEv @ 0xb30da0
RTL: _ZNK7AP_AHRS8cos_rollEv @ 0xb30e40
RTL: _ZNK14AP_GPS_Backend32supports_mavlink_gps_rtk_messageEv @ 0xb31110
RTL: _ZNK14AP_GPS_Blended7get_lagERf @ 0x91a030
RTL: _ZN15AP_Compass_SITL6_timerEv @ 0x91bc20
RTL: _ZN7FunctorIvJEE14method_wrapperI15AP_Compass_SITLXadL_ZNS2_6_timerEvEEEEvPv @ 0xb319a0
RTL: _Z10rand_vec3fv @ 0x91c150
RTL: _ZN7VectorNIN15AP_Compass_SITL16readings_compassELh50EEixEh @ 0xb31a50
RTL: _ZN15AP_Compass_SITL26_setup_eliptical_correcionEh @ 0x91c1d0
RTL: _ZNK18AP_Compass_Backend21get_board_orientationEv @ 0x91c400
RTL: _ZN15AP_Compass_SITL4readEv @ 0x91c450
RTL: _ZNK22AP_BattMonitor_Backend17has_cell_voltagesEv @ 0xb33030
RTL: _ZNK22AP_BattMonitor_Backend15has_temperatureEv @ 0xb33080
RTL: _ZNK22AP_BattMonitor_Backend15get_temperatureERf @ 0x91fd40
RTL: _ZNK22AP_BattMonitor_Backend22capacity_remaining_pctERh @ 0x91fe00
RTL: _ZN22AP_BattMonitor_Backend26update_resistance_estimateEv @ 0x91ff80
RTL: _ZN22AP_BattMonitor_Backend16update_failsafesEv @ 0x9202d0
RTL: _ZNK22AP_BattMonitor_Backend25get_mavlink_fault_bitmaskEv @ 0xb33130
RTL: _ZL3MINIifEDTqultfp_fp0_fp_fp0_ERKT_RKT0_.19314 @ 0x9205f0
RTL: _ZL3MINIffEDTqultfp_fp0_fp_fp0_ERKT_RKT0_.19315 @ 0x920690
RTL: _ZN21AP_BattMonitor_Analog4readEv @ 0x922290
RTL: _ZNK21AP_BattMonitor_Analog19has_consumed_energyEv @ 0xb33e20
RTL: _ZNK21AP_BattMonitor_Analog11has_currentEv @ 0x922490
RTL: _ZN15AP_Baro_Backend17_copy_to_frontendEhff @ 0x93c0a0
RTL: _ZN12AP_Baro_SITL6_timerEv @ 0x93d330
RTL: _ZN7FunctorIvJEE14method_wrapperI12AP_Baro_SITLXadL_ZNS2_6_timerEvEEEEvPv @ 0xb3c960
RTL: _ZN7VectorNIN12AP_Baro_SITL13readings_baroELh50EEixEh @ 0xb3ca10
RTL: _ZN12AP_Baro_SITL22temperature_adjustmentERfS0_ @ 0x93d720
RTL: _ZN12AP_Baro_SITL24wind_pressure_correctionEh @ 0x93d910
RTL: _ZL2sqf.2785 @ 0x93db20
RTL: _ZN7AP_Baro22_get_air_density_ratioEv @ 0x93db70
RTL: _ZL2sqf.2764 @ 0x93dc10
RTL: _ZN12AP_Baro_SITL6updateEv @ 0x93dd00
RTL: _ZN12AP_Baro_SITL19update_healthy_flagEh @ 0xb3cb20
RTL: _ZN12AP_Baro_SITL7healthyEh @ 0x93ddb0
RTL: _ZN9AP_Notify19set_flight_mode_strEPKc @ 0x93e0a0
RTL: _ZN6RGBLed6updateEv @ 0x943cf0
RTL: _ZN6RGBLed8_set_rgbEhhh @ 0x944120
RTL: _ZNK6RGBLed10rgb_sourceEv @ 0x944230
RTL: _ZNK6RGBLed19get_colour_sequenceEv @ 0x944490
RTL: _ZNK6RGBLed14get_brightnessEv @ 0x944880
RTL: _ZN6RGBLed7set_rgbEhhh @ 0x944980
RTL: _ZN10IS31FL31956_timerEv @ 0x944a40
RTL: _ZN7FunctorIvJEE14method_wrapperI10IS31FL3195XadL_ZNS2_6_timerEvEEEEvPv @ 0xb3dc90
RTL: _ZN6LP55626_timerEv @ 0x944fd0
RTL: _ZN7FunctorIvJEE14method_wrapperI6LP5562XadL_ZNS2_6_timerEvEEEEvPv @ 0xb3e000
RTL: _ZN14ToshibaLED_I2C6_timerEv @ 0x946e00
RTL: _ZN7FunctorIvJEE14method_wrapperI14ToshibaLED_I2CXadL_ZNS2_6_timerEvEEEEvPv @ 0xb3ed10
RTL: _ZL3MAXIfiEDTqugtfp_fp0_fp_fp0_ERKT_RKT0_.12478 @ 0x9477e0
RTL: _ZNK9QuadPlane14show_vtol_viewEv @ 0x9479d0
RTL: _ZN5Plane20nav_scripting_activeEv @ 0x947d70
RTL: _ZNK8Location11same_loc_asERKS_ @ 0xb3f000
RTL: _ZN5Plane14fix_terrain_WPER8Locationj @ 0x947e80
RTL: _ZNK8Location14same_latlon_asERKS_ @ 0x947f80
RTL: _ZN5Plane15setup_alt_slopeEv @ 0x948350
RTL: _ZN5Plane16setup_turn_angleEv @ 0x948560
RTL: _ZN10AP_Mission25get_next_ground_course_cdEi @ 0x9486b0
RTL: _Z11wrap_180_cdIiET_S0_ @ 0xb3f0a0
RTL: _ZNK8Location20line_path_proportionERKS_S1_ @ 0x9487d0
RTL: _ZN7AP_TECS19set_path_proportionEf @ 0xb3f110
RTL: _ZN5Plane22above_location_currentERK8Location @ 0x9488d0
RTL: _ZN5Plane21reset_offset_altitudeEv @ 0x948c20
RTL: _ZL2sqf.3123 @ 0x948c70
RTL: _ZNK5Plane31terrain_enabled_in_current_modeEv @ 0x948cc0
RTL: _ZNK5Plane23terrain_enabled_in_modeEN4Mode6NumberE @ 0x948dc0
RTL: _ZN9QuadPlane9is_flyingEv @ 0x9490d0
RTL: _ZN7FunctorIvJEE14method_wrapperI5PlaneXadL_ZNS2_11ahrs_updateEvEEEEvPv @ 0xb3f190
RTL: _ZN7FunctorIvJEE14method_wrapperI5PlaneXadL_ZNS2_19update_control_modeEvEEEEvPv @ 0xb3f240
RTL: _ZN7FunctorIvJEE14method_wrapperI5PlaneXadL_ZNS2_9stabilizeEvEEEEvPv @ 0xb3f2f0
RTL: _ZN7FunctorIvJEE14method_wrapperI5PlaneXadL_ZNS2_10set_servosEvEEEEvPv @ 0xb3f3a0
RTL: _ZN7FunctorIvJEE14method_wrapperI5PlaneXadL_ZNS2_10read_radioEvEEEEvPv @ 0xb3f450
RTL: _ZN7FunctorIvJEE14method_wrapperI5PlaneXadL_ZNS2_20check_short_failsafeEvEEEEvPv @ 0xb3f500
RTL: _ZN7FunctorIvJEE14method_wrapperI5PlaneXadL_ZNS2_19update_speed_heightEvEEEEvPv @ 0xb3f5b0
RTL: _ZN7FunctorIvJEE14method_wrapperI5PlaneXadL_ZNS2_21update_throttle_hoverEvEEEEvPv @ 0xb3f660
RTL: _ZN7FunctorIvJEE14method_wrapperI11RC_ChannelsXadL_ZNS2_16read_mode_switchEvEEEEvPv @ 0xb3f710
RTL: _ZN7FunctorIvJEE14method_wrapperI5PlaneXadL_ZNS2_15update_GPS_50HzEvEEEEvPv @ 0xb3f7b0
RTL: _ZN7FunctorIvJEE14method_wrapperI5PlaneXadL_ZNS2_15update_GPS_10HzEvEEEEvPv @ 0xb3f860
RTL: _ZN7FunctorIvJEE14method_wrapperI5PlaneXadL_ZNS2_8navigateEvEEEEvPv @ 0xb3f910
RTL: _ZN7FunctorIvJEE14method_wrapperI5PlaneXadL_ZNS2_14update_compassEvEEEEvPv @ 0xb3f9c0
RTL: _ZN7FunctorIvJEE14method_wrapperI5PlaneXadL_ZNS2_20calc_airspeed_errorsEvEEEEvPv @ 0xb3fa70
RTL: _ZN7FunctorIvJEE14method_wrapperI5PlaneXadL_ZNS2_10update_altEvEEEEvPv @ 0xb3fb20
RTL: _ZN7FunctorIvJEE14method_wrapperI5PlaneXadL_ZNS2_22adjust_altitude_targetEvEEEEvPv @ 0xb3fbd0
RTL: _ZN7FunctorIvJEE14method_wrapperI5PlaneXadL_ZNS2_12afs_fs_checkEvEEEEvPv @ 0xb3fc80
RTL: _ZN7FunctorIvJEE14method_wrapperI5PlaneXadL_ZNS2_9ekf_checkEvEEEEvPv @ 0xb3fd30
RTL: _ZN7FunctorIvJEE14method_wrapperI3GCSXadL_ZNS2_14update_receiveEvEEEEvPv @ 0xb3fde0
RTL: _ZN7FunctorIvJEE14method_wrapperI3GCSXadL_ZNS2_11update_sendEvEEEEvPv @ 0xb3fe90
RTL: _ZN7FunctorIvJEE14method_wrapperI19AP_ServoRelayEventsXadL_ZNS2_13update_eventsEvEEEEvPv @ 0xb3ff40
RTL: _ZN7FunctorIvJEE14method_wrapperI14AP_BattMonitorXadL_ZNS2_4readEvEEEEvPv @ 0xb3fff0
RTL: _ZN7FunctorIvJEE14method_wrapperI5PlaneXadL_ZNS2_16read_rangefinderEvEEEEvPv @ 0xb400a0
RTL: _ZN7FunctorIvJEE14method_wrapperI11AP_ICEngineXadL_ZNS2_6updateEvEEEEvPv @ 0xb40150
RTL: _ZN7FunctorIvJEE14method_wrapperI14AP_OpticalFlowXadL_ZNS2_6updateEvEEEEvPv @ 0xb40200
RTL: _ZN7FunctorIvJEE14method_wrapperI5PlaneXadL_ZNS2_15one_second_loopEvEEEEvPv @ 0xb402b0
RTL: _ZN7FunctorIvJEE14method_wrapperI5PlaneXadL_ZNS2_13three_hz_loopEvEEEEvPv @ 0xb40360
RTL: _ZN7FunctorIvJEE14method_wrapperI5PlaneXadL_ZNS2_19check_long_failsafeEvEEEEvPv @ 0xb40410
RTL: _ZN7FunctorIvJEE14method_wrapperI5PlaneXadL_ZNS2_21airspeed_ratio_updateEvEEEEvPv @ 0xb404c0
RTL: _ZN7FunctorIvJEE14method_wrapperI8AP_MountXadL_ZNS2_6updateEvEEEEvPv @ 0xb40570
RTL: _ZN7FunctorIvJEE14method_wrapperI9AP_CameraXadL_ZNS2_6updateEvEEEEvPv @ 0xb40620
RTL: _ZN7FunctorIvJEE14method_wrapperI12AP_SchedulerXadL_ZNS2_14update_loggingEvEEEEvPv @ 0xb406d0
RTL: _ZN7FunctorIvJEE14method_wrapperI5PlaneXadL_ZNS2_18Log_Write_FullRateEvEEEEvPv @ 0xb40780
RTL: _ZN7FunctorIvJEE14method_wrapperI5PlaneXadL_ZNS2_16update_logging10EvEEEEvPv @ 0xb40830
RTL: _ZN7FunctorIvJEE14method_wrapperI5PlaneXadL_ZNS2_16update_logging25EvEEEEvPv @ 0xb408e0
RTL: _ZN7FunctorIvJEE14method_wrapperI5PlaneXadL_ZNS2_14update_soaringEvEEEEvPv @ 0xb40990
RTL: _ZN7FunctorIvJEE14method_wrapperI5PlaneXadL_ZNS2_15parachute_checkEvEEEEvPv @ 0xb40a40
RTL: _ZN7FunctorIvJEE14method_wrapperI10AP_TerrainXadL_ZNS2_6updateEvEEEEvPv @ 0xb40af0
RTL: _ZN7FunctorIvJEE14method_wrapperI5PlaneXadL_ZNS2_20update_is_flying_5HzEvEEEEvPv @ 0xb40ba0
RTL: _ZN7FunctorIvJEE14method_wrapperI9AP_LoggerXadL_ZNS2_14periodic_tasksEvEEEEvPv @ 0xb40c50
RTL: _ZN7FunctorIvJEE14method_wrapperI17AP_InertialSensorXadL_ZNS2_8periodicEvEEEEvPv @ 0xb40d00
RTL: _ZN7FunctorIvJEE14method_wrapperI5PlaneXadL_ZNS2_21avoidance_adsb_updateEvEEEEvPv @ 0xb40db0
RTL: _ZN7FunctorIvJEE14method_wrapperI11RC_ChannelsXadL_ZNS2_12read_aux_allEvEEEEvPv @ 0xb40e60
RTL: _ZN7FunctorIvJEE14method_wrapperI9AP_ButtonXadL_ZNS2_6updateEvEEEEvPv @ 0xb40f10
RTL: _ZN7FunctorIvJEE14method_wrapperI5PlaneXadL_ZNS2_19landing_gear_updateEvEEEEvPv @ 0xb40fc0
RTL: _ZN7FunctorIvJEE14method_wrapperI5PlaneXadL_ZNS2_15precland_updateEvEEEEvPv @ 0xb41070
RTL: _ZN7FunctorIvJEE14method_wrapperI5PlaneXadL_ZNS2_16update_quicktuneEvEEEEvPv @ 0xb41120
RTL: _ZN5Plane16update_quicktuneEv @ 0x949920
RTL: _ZN12AP_Quicktune6updateEb @ 0x9499a0
RTL: _ZN5Plane15precland_updateEv @ 0x94bce0
RTL: _ZN11AC_PrecLand6updateEfb @ 0x94bd70
RTL: _ZNK7AP_AHRS37get_relative_position_NE_origin_floatER7Vector2IfE @ 0x94cea0
RTL: _ZNK7AP_AHRS31get_relative_position_NE_originER7Vector2IdE @ 0x94cf50
RTL: _ZN5Plane19landing_gear_updateEv @ 0x94e6f0
RTL: _ZN14AP_LandingGear6updateEf @ 0x94e770
RTL: _ZN9AP_Button6updateEv @ 0x94ebe0
RTL: _ZN11RC_Channels12read_aux_allEv @ 0x94f860
RTL: _ZN10RC_Channel8read_auxEv @ 0x94f950
RTL: _ZN9AP_Logger10Write_RCINEv @ 0x94fb50
RTL: _ZN11RC_Channels12get_radio_inEPth @ 0x94fd40
RTL: _ZNK11RC_Channels17get_override_maskEv @ 0x94fe30
RTL: _ZL3MINIhiEDTqultfp_fp0_fp_fp0_ERKT_RKT0_.7413 @ 0x94fef0
RTL: _ZN5Plane21avoidance_adsb_updateEv @ 0x950300
RTL: _ZN7AP_ADSB6updateEv @ 0x950370
RTL: _ZN12AP_Avoidance6updateEv @ 0x950550
RTL: _ZN12AP_Avoidance13check_startupEv @ 0x950610
RTL: _ZN7AP_ADSB3LocC2Ev @ 0xb41db0
RTL: _ZNK7AP_AHRS19get_vert_pos_rate_DERf @ 0x951e50
RTL: _ZN7AP_ADSB6updateERKNS_3LocE @ 0x951f80
RTL: _ZNK7NavEKF320getPosDownDerivativeEv @ 0x952640
RTL: _ZNK12NavEKF3_core20getPosDownDerivativeEv @ 0x952890
RTL: _ZNK12NavEKF2_core20getPosDownDerivativeEv @ 0x9528f0
RTL: _ZN17AP_InertialSensor8periodicEv @ 0x952950
RTL: _ZN17AP_InertialSensor12BatchSampler8periodicEv @ 0x9529b0
RTL: _ZN9AP_Logger14periodic_tasksEv @ 0x952fd0
RTL: _ZN5Plane20update_is_flying_5HzEv @ 0x953070
RTL: _ZL3MAXI9AP_ParamTIsL11ap_var_type2EEiEDTqugtfp_fp0_fp_fp0_ERKT_RKT0_.1261 @ 0x953790
RTL: _ZNK10AP_Landing14is_on_approachEv @ 0x953970
RTL: _ZNK10AP_Landing10is_flaringEv @ 0x953a50
RTL: _ZN7AP_ADSB13set_is_flyingEb @ 0xb41e70
RTL: _ZN12AP_Parachute13set_is_flyingEb @ 0xb41ed0
RTL: _ZN8AP_Stats10set_flyingEb @ 0x953b20
RTL: _ZN5Plane22crash_detection_updateEv @ 0x953bf0
RTL: _ZN10AP_Vehicle17set_likely_flyingEb @ 0xb41f40
RTL: _ZN10AP_Terrain6updateEv @ 0x9543c0
RTL: _ZN10AP_Terrain16schedule_disk_ioEv @ 0x954590
RTL: _ZN10AP_Terrain19update_mission_dataEv @ 0x9547e0
RTL: _ZN10AP_Terrain17update_rally_dataEv @ 0x954af0
RTL: _ZN10AP_Terrain24update_surrounding_tilesERK8Location @ 0x954cc0
RTL: _ZNK8AP_Rally19last_change_time_msEv @ 0xb41fd0
RTL: _ZNK10AP_Mission19last_change_time_msEv @ 0xb42020
RTL: _ZN10AP_Terrain15check_disk_readEv @ 0x954e40
RTL: _ZN10AP_Terrain16check_disk_writeEv @ 0x954f20
RTL: _ZN10AP_Terrain8io_timerEv @ 0x955280
RTL: _ZN7FunctorIvJEE14method_wrapperI10AP_TerrainXadL_ZNS2_8io_timerEvEEEEvPv @ 0xb420d0
RTL: _ZN5Plane15parachute_checkEv @ 0x955da0
RTL: _ZN12AP_Parachute6updateEv @ 0x955e10
RTL: _ZN12AP_Parachute15check_sink_rateEv @ 0x9560a0
RTL: _ZN5Plane14update_soaringEv @ 0x956150
RTL: _ZN17SoaringController19update_active_stateEb @ 0x956370
RTL: _ZNK17SoaringController9is_activeEv @ 0xb42180
RTL: _ZNK7AP_TECS19get_target_airspeedEv @ 0xb426b0
RTL: _ZN13AverageFilterIffLh5EE5applyEf @ 0xb430a0
RTL: _ZNK17SoaringController12active_stateEb @ 0x959b10
RTL: _ZN5Plane16update_logging25Ev @ 0x959c30
RTL: _ZN5Plane18Log_Write_AttitudeEv @ 0x959d90
RTL: _ZN5Plane24Log_Write_Control_TuningEv @ 0x95a1f0
RTL: _ZNK17AP_InertialSensor24write_notch_log_messagesEv @ 0x95a3f0
RTL: _ZN10AP_GyroFFT18write_log_messagesEv @ 0x95a6f0
RTL: _ZN5Plane20Log_Write_Nav_TuningEv @ 0x95a920
RTL: _ZN5Plane16Log_Write_GuidedEv @ 0x95aa80
RTL: _ZN5Plane12Log_Write_RCEv @ 0x95ab80
RTL: _ZNK17AP_InertialSensor15Write_VibrationEv @ 0x95ac30
RTL: _ZNK17AP_InertialSensor20get_accel_clip_countEh @ 0x95ad50
RTL: _ZN9AP_Logger11Write_RCOUTEv @ 0x95adf0
RTL: _ZN5Plane14Log_Write_AETREv @ 0x95b3c0
RTL: _ZN9AP_Logger9Write_PIDEhRK10AP_PIDInfo @ 0x95b590
RTL: _ZNK7AP_AHRS17airspeed_estimateERfRNS_20AirspeedEstimateTypeE @ 0x95bd90
RTL: _ZNK7AP_AHRS18synthetic_airspeedERf @ 0x95be30
RTL: _ZN7AP_TECS19get_throttle_demandEv @ 0xb43710
RTL: _ZNK11AP_AHRS_DCM22synthetic_airspeed_EASERf @ 0xb43770
RTL: _ZNK7AP_AHRS14Write_AttitudeERK7Vector3IfE @ 0x95bfb0
RTL: _ZNK16AP_YawController7enabledEv @ 0xb438d0
RTL: _ZNK18AP_SteerController6activeEv @ 0x95c180
RTL: _ZN7AP_AHRS9Log_WriteEv @ 0x95c1f0
RTL: _ZN7NavEKF29Log_WriteEv @ 0x95c280
RTL: _ZN7NavEKF39Log_WriteEv @ 0x95c390
RTL: _ZNK7AP_AHRS11Write_AHRS2Ev @ 0x95c4a0
RTL: _ZNK7AP_AHRS9Write_POSEv @ 0x95c680
RTL: _ZN4SITL3SIM18Log_Write_SIMSTATEEv @ 0x95c7e0
RTL: _ZNK7AP_AHRS36get_relative_position_D_origin_floatERf @ 0x95c970
RTL: _ZNK7AP_AHRS22get_secondary_attitudeER7Vector3IfE @ 0xb43a00
RTL: _ZNK7AP_AHRS22get_secondary_positionER8Location @ 0xb43a80
RTL: _ZNK7AP_AHRS24get_secondary_quaternionER11QuaternionTIfE @ 0xb43b00
RTL: _ZL7degreesf.2388 @ 0x95ca00
RTL: _ZN12NavEKF3_core9Log_WriteEm @ 0x95ca50
RTL: _ZNK7AP_EnumIN7NavEKF38LogLevelEEcvKS1_Ev @ 0xb43b80
RTL: _ZNK12NavEKF3_core14Log_Write_XKF4Em @ 0x95cba0
RTL: _ZN12NavEKF3_core13Log_Write_GSFEm @ 0x95cef0
RTL: _ZNK12NavEKF3_core14Log_Write_XKF1Em @ 0x95cfa0
RTL: _ZNK12NavEKF3_core14Log_Write_XKF2Em @ 0x95d270
RTL: _ZNK12NavEKF3_core14Log_Write_XKF3Em @ 0x95d510
RTL: _ZNK12NavEKF3_core14Log_Write_XKF5Em @ 0x95d770
RTL: _ZNK12NavEKF3_core14Log_Write_XKFSEm @ 0x95d9d0
RTL: _ZNK12NavEKF3_core20Log_Write_QuaternionEm @ 0x95dae0
RTL: _ZN12NavEKF3_core16Log_Write_BeaconEm @ 0x95dbc0
RTL: _ZN12NavEKF3_core18Log_Write_BodyOdomEm @ 0x95deb0
RTL: _ZN12NavEKF3_core25Log_Write_State_VariancesEm @ 0x95e020
RTL: _ZN12NavEKF3_core16Log_Write_TimingEm @ 0x95e340
RTL: _ZNK6AP_DAL12logging_coreEh @ 0x95e4a0
RTL: _ZL3MAXIjjEDTqugtfp_fp0_fp_fp0_ERKT_RKT0_.5171 @ 0x95e4f0
RTL: _ZNK16AP_NavEKF_Source21getPosVelYawSourceSetEv @ 0xb43bd0
RTL: _ZL3MAXIddEDTqugtfp_fp0_fp_fp0_ERKT_RKT0_.5169 @ 0x95e570
RTL: _ZL3MINIdiEDTqultfp_fp0_fp_fp0_ERKT_RKT0_.5170 @ 0x95e5f0
RTL: _ZNK12NavEKF3_core14getInnovationsER7Vector3IfES2_S2_RfS3_ @ 0x95e690
RTL: _ZL7degreesf.5167 @ 0x95e890
RTL: _ZNK12NavEKF3_core26getSynthAirDataInnovationsER7Vector2IfERf @ 0x95e8e0
RTL: _ZN10EKFGSF_yaw9Log_WriteEm11LogMessagesS0_h @ 0x95e9b0
RTL: _ZL7degreesf.20074 @ 0x95ed30
RTL: _ZL3MAXIffEDTqugtfp_fp0_fp_fp0_ERKT_RKT0_.20075 @ 0x95ed80
RTL: _ZL3MAXIdfEDTqugtfp_fp0_fp_fp0_ERKT_RKT0_.5168 @ 0x95ee00
RTL: _ZN12NavEKF2_core9Log_WriteEm @ 0x95eea0
RTL: _ZNK12NavEKF2_core14Log_Write_NKF1Em @ 0x95ef70
RTL: _ZNK12NavEKF2_core14Log_Write_NKF2Em @ 0x95f240
RTL: _ZNK12NavEKF2_core14Log_Write_NKF3Em @ 0x95f4a0
RTL: _ZNK12NavEKF2_core14Log_Write_NKF4Em @ 0x95f6e0
RTL: _ZNK12NavEKF2_core14Log_Write_NKF5Em @ 0x95fa20
RTL: _ZNK12NavEKF2_core20Log_Write_QuaternionEm @ 0x95fc80
RTL: _ZNK12NavEKF2_core13Log_Write_GSFEm @ 0x95fd60
RTL: _ZN12NavEKF2_core16Log_Write_BeaconEm @ 0x95fe10
RTL: _ZN12NavEKF2_core16Log_Write_TimingEm @ 0x9600c0
RTL: _ZL3MAXIddEDTqugtfp_fp0_fp_fp0_ERKT_RKT0_ @ 0x960220
RTL: _ZL3MINIdiEDTqultfp_fp0_fp_fp0_ERKT_RKT0_ @ 0x9602a0
RTL: _ZNK12NavEKF2_core18getFilterGpsStatusER14nav_gps_status @ 0x960340
RTL: _ZNK12NavEKF2_core14getInnovationsER7Vector3IfES2_S2_RfS3_ @ 0x9605f0
RTL: _ZL7degreesf.4695 @ 0x9607f0
RTL: _ZNK12NavEKF2_core27getGyroScaleErrorPercentageER7Vector3IfE @ 0x960840
RTL: _ZNK16AP_YawController20rate_control_enabledEv @ 0xb43c20
RTL: _ZN5Plane16update_logging10Ev @ 0x960930
RTL: _ZNK7AP_AHRS13Write_AOA_SSAEv @ 0x960a40
RTL: _ZN8AP_Mount9write_logEv @ 0x960ae0
RTL: _ZNK7AP_AHRS6getAOAEv @ 0xb43c90
RTL: _ZNK7AP_AHRS6getSSAEv @ 0xb43ce0
RTL: _ZN5Plane18Log_Write_FullRateEv @ 0x960b90
RTL: _ZN12AP_Scheduler14update_loggingEv @ 0x960c30
RTL: _ZN12AP_Scheduler11debug_flagsEv @ 0xb43d30
RTL: _ZN12AP_Scheduler21Log_Write_PerformanceEv @ 0x960ea0
RTL: _ZN2AP8PerfInfo13has_task_infoEv @ 0xb43d90
RTL: _ZNK2AP8PerfInfo20get_num_long_runningEv @ 0x9610b0
RTL: _ZNK2AP8PerfInfo13get_num_loopsEv @ 0x961100
RTL: _ZNK2AP8PerfInfo12get_max_timeEv @ 0x961150
RTL: _ZN12AP_Scheduler12load_averageEv @ 0x9611a0
RTL: _ZNK16AP_InternalError5countEv @ 0xb43df0
RTL: _ZN9AP_Camera6updateEv @ 0x9613e0
RTL: _ZN8AP_Mount6updateEv @ 0x9614a0
RTL: _ZN5Plane21airspeed_ratio_updateEv @ 0x961550
RTL: _ZN11AP_Airspeed18update_calibrationERK7Vector3IfEs @ 0x9617c0
RTL: _ZN11AP_Airspeed18update_calibrationEhRK7Vector3IfEs @ 0x961870
RTL: _ZN11AP_Airspeed25send_airspeed_calibrationERK7Vector3IfE @ 0x961d40
RTL: _ZN5Plane19check_long_failsafeEv @ 0x962620
RTL: _ZN5Plane13three_hz_loopEv @ 0x963340
RTL: _ZN5Plane11fence_checkEv @ 0x963390
RTL: _ZNK8AC_Fence10get_actionEv @ 0xb44430
RTL: _ZNK5Plane19get_RTL_altitude_cmEv @ 0x963a80
RTL: _ZNK5Plane32calc_best_rally_or_home_locationERK8Locationf @ 0x963b40
RTL: _ZN5Plane24setup_terrain_target_altER8Location @ 0x963e90
RTL: _ZNK8AP_Rally32calc_best_rally_or_home_locationERK8Locationf @ 0x964030
RTL: _ZN5Plane15one_second_loopEv @ 0x964180
RTL: _ZN7AP_ADSB18set_stall_speed_cmEt @ 0xb44700
RTL: _ZN7AP_ADSB13set_max_speedEs @ 0xb44790
RTL: _ZN10AP_Terrain16log_terrain_dataEv @ 0x964630
RTL: _ZN16AP_FW_Controller21set_notch_sample_rateEf @ 0xb44830
RTL: _ZN16AP_YawController21set_notch_sample_rateEf @ 0xb448a0
RTL: _ZN14AP_OpticalFlow6updateEv @ 0x964bc0
RTL: _ZN11AP_ICEngine6updateEv @ 0x966170
RTL: _ZNK12AP_Parachute17release_initiatedEv @ 0xb44910
RTL: _ZN5Plane16read_rangefinderEv @ 0x967060
RTL: _ZN11RangeFinder28set_estimated_terrain_heightEf @ 0xb44970
RTL: _ZN11RangeFinder6updateEv @ 0x967170
RTL: _ZN5Plane25rangefinder_height_updateEv @ 0x967290
RTL: _ZNK11RangeFinder8Log_RFNDEv @ 0x967a30
RTL: _ZN14AP_BattMonitor4readEv @ 0x967b70
RTL: _ZN9AP_Logger11Write_PowerEv @ 0x967da0
RTL: _ZNK22AP_BattMonitor_Backend13Log_Write_BATEhm @ 0x967df0
RTL: _ZNK22AP_BattMonitor_Backend13Log_Write_BCLEhm @ 0x968090
RTL: _ZN14AP_BattMonitor15check_failsafesEv @ 0x968290
RTL: _ZN14AP_BattMonitor16checkPoweringOffEv @ 0x9685a0
RTL: _ZNK22AP_BattMonitor_Backend23get_state_of_health_pctERh @ 0x968700
RTL: _ZN5Plane9ekf_checkEv @ 0x968790
RTL: _ZNK9QuadPlane19in_vtol_posvel_modeEv @ 0x968a40
RTL: _ZN5Plane22failsafe_ekf_off_eventEv @ 0x968ba0
RTL: _ZN5Plane12afs_fs_checkEv @ 0x968f60
RTL: _ZN19AP_AdvancedFailsafe5checkEj @ 0x968fc0
RTL: _ZN5Plane22adjust_altitude_targetEv @ 0x969d50
RTL: _ZN5Plane10update_altEv @ 0x969db0
RTL: _ZN12AP_Parachute13set_sink_rateEf @ 0x96a1e0
RTL: _ZNK9QuadPlane19should_disable_TECSEv @ 0x96a2d0
RTL: _ZNK8ModeAuto9in_pullupEv @ 0xb44b80
RTL: _ZN5Plane27relative_target_altitude_cmEv @ 0x96a410
RTL: _ZN5Plane24get_takeoff_pitch_min_cdEv @ 0x96a5f0
RTL: _ZN5Plane12tecs_hgt_afeEv @ 0x96a800
RTL: _ZN7AP_TECS21update_pitch_throttleEiiN12AP_FixedWing11FlightStageEfisfff @ 0x96a8d0
RTL: _ZN7AP_TECS23_update_throttle_limitsEv @ 0x96b0e0
RTL: _ZN7AP_TECS20_update_pitch_limitsEi @ 0x96b350
RTL: _ZN7AP_TECS18_initialise_statesEf @ 0x96b8c0
RTL: _ZN7AP_TECS20_update_STE_rate_limEv @ 0x96bda0
RTL: _ZN7AP_TECS20_update_speed_demandEv @ 0x96be50
RTL: _ZN7AP_TECS21_update_height_demandEv @ 0x96c1f0
RTL: _ZN7AP_TECS18_detect_underspeedEv @ 0x96cad0
RTL: _ZN7AP_TECS16_update_energiesEv @ 0x96ccb0
RTL: _ZN7AP_TECS13_update_pitchEv @ 0x96cdc0
RTL: _ZN7AP_TECS30_update_throttle_with_airspeedEv @ 0x96d930
RTL: _ZN7AP_TECS19_detect_bad_descentEv @ 0x96e540
RTL: _ZNK7AP_TECS13option_is_setENS_6OptionE @ 0xb44be0
RTL: _ZL7radiansf.12736 @ 0x96e6b0
RTL: _ZL2sqf.12729 @ 0x96e700
RTL: _ZN7AP_TECS18constrain_throttleEv @ 0x96e750
RTL: _ZL3MINIffEDTqultfp_fp0_fp_fp0_ERKT_RKT0_.12727 @ 0x96e820
RTL: _ZNK7AP_TECS12timeConstantEv @ 0x96e8b0
RTL: _ZN7AP_TECS11_get_i_gainEv @ 0x96e9c0
RTL: _ZL3MAXI9AP_ParamTIfL11ap_var_type4EEfEDTqugtfp_fp0_fp_fp0_ERKT_RKT0_.12728 @ 0x96eac0
RTL: _ZN5Plane22rangefinder_correctionEv @ 0x96ece0
RTL: _ZN5Plane21reached_loiter_targetEv @ 0x96f1d0
RTL: _ZNK12GliderPullup9in_pullupEv @ 0x96f4b0
RTL: _ZN5Plane20calc_airspeed_errorsEv @ 0x96f570
RTL: _ZL3MAXIffEDTqugtfp_fp0_fp_fp0_ERKT_RKT0_.1632 @ 0x9701f0
RTL: _ZN5Plane17calc_speed_scalerEv @ 0x970270
RTL: _ZL3MAXI9AP_ParamTIsL11ap_var_type2EEiEDTqugtfp_fp0_fp_fp0_ERKT_RKT0_ @ 0x971590
RTL: _ZL3MINIffEDTqultfp_fp0_fp_fp0_ERKT_RKT0_ @ 0x971620
RTL: _ZL3MAXIffEDTqugtfp_fp0_fp_fp0_ERKT_RKT0_ @ 0x9716b0
RTL: _ZL3MAXIfiEDTqugtfp_fp0_fp_fp0_ERKT_RKT0_ @ 0x9717c0
RTL: _ZN5Plane14update_compassEv @ 0x971860
RTL: _ZN5Plane8navigateEv @ 0x9718c0
RTL: _ZN5Plane21check_home_alt_changeEv @ 0x9719f0
RTL: _ZN5Plane19loiter_angle_updateEv @ 0x971af0
RTL: _ZN5Plane15update_GPS_10HzEv @ 0x971ef0
RTL: _ZN7AP_AHRS13estimate_windEv @ 0xb44e50
RTL: _ZN5Plane24calc_gndspeed_undershootEv @ 0x972100
RTL: _ZN11AP_AHRS_DCM13estimate_windEv @ 0x9722b0
RTL: _ZN5Plane15update_GPS_50HzEv @ 0x972970
RTL: _ZN6AP_GPS6updateEv @ 0x9729e0
RTL: _ZN6AP_GPS15update_instanceEh @ 0x972b60
RTL: _ZN6AP_GPS14update_primaryEv @ 0x973300
RTL: _ZN14AP_GPS_Blended19zero_health_counterEv @ 0xb44eb0
RTL: _ZN6AP_GPS9Write_GPSEh @ 0x974ad0
RTL: _ZL3MINIfiEDTqultfp_fp0_fp_fp0_ERKT_RKT0_.3555 @ 0x974f10
RTL: _ZNK6AP_GPS26last_message_delta_time_msEh @ 0xb44f60
RTL: _ZNK6AP_GPS10should_logEv @ 0x974fb0
RTL: _ZN6AP_GPS16send_blob_updateEh @ 0x976130
RTL: _ZN14AP_GPS_Backend14check_new_itowEjj @ 0x97ae80
RTL: _ZN12AP_GPS_UBLOX20_request_next_configEv @ 0x97f0e0
RTL: _ZN12AP_GPS_UBLOX21_request_message_rateEhh @ 0x97fb80
RTL: _ZN12AP_GPS_UBLOX13_request_portEv @ 0x97fc40
RTL: _ZN12AP_GPS_UBLOX13_send_messageEhhPKvt @ 0x97fcd0
RTL: _ZN12AP_GPS_UBLOX16_update_checksumEPhtRhS1_ @ 0x980b90
RTL: _ZN12AP_GPS_UBLOX4readEv @ 0x980cc0
RTL: _ZNK12AP_GPS_UBLOX13is_configuredEv @ 0xb45de0
RTL: _ZNK12AP_GPS_UBLOX7get_lagERf @ 0x9813a0
RTL: _ZNK12AP_GPS_UBLOX10is_healthyEv @ 0x981530
RTL: _ZL3MINIjjEDTqultfp_fp0_fp_fp0_ERKT_RKT0_.3850 @ 0x981980
RTL: _ZN12AP_GPS_UBLOXUt_ixEm @ 0xb45ef0
RTL: _ZN12AP_GPS_UBLOX10_parse_gpsEv @ 0x981a00
RTL: _ZN12AP_GPS_UBLOX15_check_new_itowEj @ 0x984ec0
RTL: _ZN12AP_GPS_UBLOX23_configure_message_rateEhhh @ 0x984f40
RTL: _ZN5Plane21update_throttle_hoverEv @ 0x98c540
RTL: _ZN9QuadPlane21update_throttle_hoverEv @ 0x98c5a0
RTL: _ZN5Plane19update_speed_heightEv @ 0x98cdb0
RTL: _ZN7AP_TECS11update_50hzEv @ 0x98cee0
RTL: _ZN7AP_TECS13_update_speedEf @ 0x98d550
RTL: _ZNK10AP_Landing11is_on_finalEv @ 0x98de40
RTL: _ZN5Plane20check_short_failsafeEv @ 0x98df10
RTL: _ZN5Plane10read_radioEv @ 0x98e540
RTL: _ZNK5Plane17fence_stickmixingEv @ 0x98e7b0
RTL: _ZN10Tailsitter11check_inputEv @ 0x98e860
RTL: _ZN9AP_Tuning11check_inputEh @ 0x98e930
RTL: _ZN5Plane10set_servosEv @ 0x98f8e0
RTL: _ZN9QuadPlane6updateEv @ 0x98fc40
RTL: _ZN5Plane12set_throttleEv @ 0x990270
RTL: _ZN5Plane20set_takeoff_expectedEv @ 0x9904c0
RTL: _ZN5Plane16set_servos_flapsEv @ 0x990620
RTL: _ZN5Plane15airbrake_updateEv @ 0x990ab0
RTL: _ZN5Plane19throttle_slew_limitEv @ 0x990c30
RTL: _ZN11AP_ICEngine17throttle_overrideERff @ 0x990f50
RTL: _ZN12ParametersG212FWD_BATT_CMP6updateEv @ 0x991470
RTL: _ZNK12ParametersG212FWD_BATT_CMP14apply_throttleEf @ 0x9915f0
RTL: _ZN5Plane21apply_throttle_limitsEf @ 0x9916a0
RTL: _ZN5Plane17suppress_throttleEv @ 0x9919d0
RTL: _ZNK10AP_Landing22is_throttle_suppressedEv @ 0x991e40
RTL: _ZN11AP_ICEngine20update_idle_governorERa @ 0x992800
RTL: _ZNK12ParametersG212FWD_BATT_CMP13apply_min_maxERaS1_ @ 0x992bf0
RTL: _ZN5Plane21throttle_watt_limiterERaS0_ @ 0x992dd0
RTL: _ZL3MINIaaEDTqultfp_fp0_fp_fp0_ERKT_RKT0_ @ 0x9930c0
RTL: _ZN7AP_TECS16set_throttle_maxEf @ 0x993140
RTL: _ZNK14AP_BattMonitor18overpower_detectedEv @ 0x9931c0
RTL: _ZN5Plane9stabilizeEv @ 0x997250
RTL: _ZL7degreesf.12555 @ 0x997be0
RTL: _ZN16AP_FW_Controller13_get_rate_outEffbfb @ 0x9999d0
RTL: _ZL7radiansf.12452 @ 0x999dd0
RTL: _ZL7degreesf.12453 @ 0x999e20
RTL: _ZN5Plane19update_control_modeEv @ 0x999e70
RTL: _ZN5Plane18update_fly_forwardEv @ 0x999f50
RTL: _ZN12ModeAutoLand23check_takeoff_directionEv @ 0x99a100
RTL: _ZN5Plane11ahrs_updateEv @ 0x99a430
RTL: _ZNK17AP_InertialSensor9Write_IMUEv @ 0x99a6a0
RTL: _ZN9QuadPlane15check_yaw_resetEv @ 0x99a760
RTL: _ZN14AP_InertialNav6updateEb @ 0x99a820
RTL: _ZN9AP_Follow16update_estimatesEv @ 0x99ab90
RTL: _ZN9AP_Follow32clear_dist_and_bearing_to_targetEv @ 0x99bb10
RTL: _ZL3MAXIhhEDTqugtfp_fp0_fp_fp0_ERKT_RKT0_ @ 0x99c470
RTL: _ZNK17AP_InertialSensor18Write_IMU_instanceEmh @ 0x99c4f0
RTL: _ZNK17AP_InertialSensor16get_gyro_rate_hzEh @ 0xb47f10
RTL: _ZNK17AP_InertialSensor17get_accel_rate_hzEh @ 0xb47f90
RTL: _ZN5Plane28set_target_altitude_locationERK8Location @ 0x9aa060
RTL: _ZN5Plane6do_RTLEi @ 0x9ad8b0
RTL: _ZN5Plane13update_loiterEt @ 0x9ae730
RTL: _ZN5Plane24update_loiter_update_navEt @ 0x9aeb60
RTL: _ZN9QuadPlane19guided_mode_enabledEv @ 0x9aedd0
RTL: _ZNK14AP_BattMonitor22capacity_remaining_pctERhh @ 0x9b4930
RTL: _ZN4Mode3runEv @ 0x9b5560
RTL: _ZNK4Mode12is_vtol_modeEv @ 0xb4de30
RTL: _ZNK4Mode14is_guided_modeEv @ 0xb4ded0
RTL: _ZN4Mode22update_target_altitudeEv @ 0x9b57d0
RTL: _ZNK4Mode19use_throttle_limitsEv @ 0x9b5be0
RTL: _ZNK4Mode24use_battery_compensationEv @ 0x9b5d80
RTL: _ZNK4Mode18supports_quicktuneEv @ 0xb4e210
RTL: _ZN4Mode5_exitEv @ 0xb4e2b0
RTL: _ZN10AP_Landing28get_target_altitude_locationER8Location @ 0x9b6890
RTL: _ZN5Plane13calc_nav_rollEv @ 0x9b7570
RTL: _ZN5Plane14calc_nav_pitchEv @ 0x9b7600
RTL: _ZN5Plane13calc_throttleEv @ 0x9b76c0
RTL: _ZN7AP_TECS16get_pitch_demandEv @ 0xb4e680
RTL: _ZN5Plane18update_load_factorEv @ 0x9b7770
RTL: _ZL7radiansf @ 0x9b7ac0
RTL: _ZL2sqf.11 @ 0x9b7b10
RTL: _ZN5Plane26stabilize_stick_mixing_fbwEv @ 0x9b7c30
RTL: _ZN5Plane14stabilize_rollEv @ 0x9b80f0
RTL: _ZN5Plane15stabilize_pitchEv @ 0x9b81b0
RTL: _ZN5Plane13stabilize_yawEv @ 0x9b8250
RTL: _ZNK10AP_Landing26is_ground_steering_allowedEv @ 0x9b84a0
RTL: _ZN5Plane24calc_nav_yaw_coordinatedEv @ 0x9b88f0
RTL: _ZN11VTOL_Assist20output_spin_recoveryEv @ 0x9b8be0
RTL: _ZN5Plane12rudder_inputEv @ 0x9b8ce0
RTL: _ZN16AP_YawController13get_servo_outEfb @ 0x9b8f10
RTL: _ZN16AP_YawController14reset_rate_PIDEv @ 0x9b9600
RTL: _ZL3MAXIffEDTqugtfp_fp0_fp_fp0_ERKT_RKT0_.12554 @ 0x9b9670
RTL: _ZN5Plane20stick_mixing_enabledEv @ 0x9b9830
RTL: _ZNK9QuadPlane23in_vtol_land_poscontrolEv @ 0x9b9a00
RTL: _ZN5Plane17takeoff_tail_holdEv @ 0x9ba4e0
RTL: _ZN5Plane29stabilize_pitch_get_pitch_outEv @ 0x9ba680
RTL: _ZNK9QuadPlane27use_fw_attitude_controllersEv @ 0x9baa80
RTL: _ZN18AP_PitchController13get_servo_outEifbb @ 0x9babc0
RTL: _ZNK18AP_PitchController29_get_coordination_rate_offsetERKfRb @ 0x9baf60
RTL: _ZL3MINIffEDTqultfp_fp0_fp_fp0_ERKT_RKT0_.12475 @ 0x9bb290
RTL: _ZL7radiansi.12476 @ 0x9bb320
RTL: _ZL3MAXI9AP_ParamTIsL11ap_var_type2EEiEDTqugtfp_fp0_fp_fp0_ERKT_RKT0_.12477 @ 0x9bb380
RTL: _ZL7degreesf.12479 @ 0x9bb410
RTL: _ZN5Plane27stabilize_roll_get_roll_outEv @ 0x9bb460
RTL: _ZN17AP_RollController13get_servo_outEifbb @ 0x9bb730
RTL: _ZNK9QuadPlane18allow_stick_mixingEv @ 0x9bba70
RTL: _ZNK7ModeRTL11mode_numberEv @ 0xb51030
RTL: _ZNK7ModeRTL5name4Ev @ 0xb510d0
RTL: _ZN7ModeRTL6updateEv @ 0x9ca3a0
RTL: _ZN7ModeRTL8navigateEv @ 0x9ca5b0
RTL: _ZNK7ModeRTL23allows_throttle_nudgingEv @ 0xb51120
RTL: _ZNK7ModeRTL20does_auto_navigationEv @ 0xb51170
RTL: _ZNK7ModeRTL18does_auto_throttleEv @ 0xb511c0
RTL: _ZN7ModeRTL6_enterEv @ 0x9ca9c0
RTL: _ZN5Plane19throttle_percentageEv @ 0x9ce0d0
RTL: _ZNK9GCS_Plane11custom_modeEv @ 0x9d9a70
RTL: _ZNK9GCS_Plane10frame_typeEv @ 0x9d9ad0
RTL: _ZN9GCS_Plane4chanEh @ 0xb52b30
RTL: _ZN9GCS_Plane34update_vehicle_sensor_status_flagsEv @ 0x9d9b30
RTL: _ZNK9GCS_Plane26min_status_for_gps_healthyEv @ 0xb52cf0
RTL: _ZN17GCS_MAVLINK_Plane14packetReceivedERK16__mavlink_statusRK17__mavlink_message @ 0x9da0b0
RTL: _ZNK11GCS_MAVLINK13mission_stateERK10AP_Mission @ 0x9da150
RTL: _ZNK11GCS_MAVLINK16send_rangefinderEv @ 0x9da230
RTL: _ZNK17GCS_MAVLINK_Plane26send_nav_controller_outputEv @ 0x9da300
RTL: _ZN17GCS_MAVLINK_Plane15send_pid_tuningEv @ 0x9da790
RTL: _ZN11GCS_MAVLINK21send_scaled_pressure3Ev @ 0x9dab70
RTL: _ZNK17GCS_MAVLINK_Plane13send_attitudeEv @ 0x9dabd0
RTL: _ZN17GCS_MAVLINK_Plane31send_position_target_global_intEv @ 0x9daf50
RTL: _ZNK11GCS_MAVLINK17send_winch_statusEv @ 0xb52ec0
RTL: _ZNK17GCS_MAVLINK_Plane9base_modeEv @ 0x9db3b0
RTL: _ZNK17GCS_MAVLINK_Plane21vehicle_system_statusEv @ 0x9db5b0
RTL: _ZNK17GCS_MAVLINK_Plane19persist_streamratesEv @ 0xb52f10
RTL: _ZN17GCS_MAVLINK_Plane25handle_command_int_packetERK23__mavlink_command_int_tRK17__mavlink_message @ 0x9db8b0
RTL: _ZN17GCS_MAVLINK_Plane14handle_messageERK17__mavlink_message @ 0x9dc270
RTL: _ZN17GCS_MAVLINK_Plane16try_send_messageE10ap_message @ 0x9dd5c0
RTL: _ZN11GCS_MAVLINK24send_global_position_intEv @ 0x9dd7f0
RTL: _ZNK11GCS_MAVLINK23global_position_int_altEv @ 0x9dd970
RTL: _ZNK11GCS_MAVLINK32global_position_int_relative_altEv @ 0x9dd9d0
RTL: _ZNK17GCS_MAVLINK_Plane17vfr_hud_climbrateEv @ 0x9dda40
RTL: _ZNK17GCS_MAVLINK_Plane16vfr_hud_airspeedEv @ 0x9ddb00
RTL: _ZNK17GCS_MAVLINK_Plane16vfr_hud_throttleEv @ 0x9ddbf0
RTL: _ZNK11GCS_MAVLINK11vfr_hud_altEv @ 0x9ddc50
RTL: _ZN17GCS_MAVLINK_Plane35convert_COMMAND_LONG_to_COMMAND_INTERK24__mavlink_command_long_tR23__mavlink_command_int_t9MAV_FRAME @ 0x9de1e0
RTL: _ZN11GCS_MAVLINK35convert_COMMAND_LONG_to_COMMAND_INTERK24__mavlink_command_long_tR23__mavlink_command_int_t9MAV_FRAME @ 0x9de8c0
RTL: _ZN11GCS_MAVLINK28command_long_stores_locationE7MAV_CMD @ 0x9dea80
RTL: _ZL30convert_COMMAND_LONG_loc_paramfb @ 0x9deb60
RTL: _ZL3MINIfiEDTqultfp_fp0_fp_fp0_ERKT_RKT0_ @ 0x9dec10
RTL: _ZNK11GCS_MAVLINK17vfr_hud_climbrateEv @ 0x9decb0
RTL: _ZL36mavlink_msg_global_position_int_send17mavlink_channel_tjiiiissst @ 0x9ded70
RTL: _ZN10AP_Terrain12send_requestE17mavlink_channel_t @ 0x9dee90
RTL: _ZN10AP_Terrain11send_reportE17mavlink_channel_t @ 0x9defe0
RTL: _ZNK17GCS_MAVLINK_Plane9send_windEv @ 0x9df090
RTL: _ZN7AP_ADSB17send_adsb_vehicleE17mavlink_channel_t @ 0x9df160
RTL: _ZN17GCS_MAVLINK_Plane12send_aoa_ssaEv @ 0x9df370
RTL: _ZN10AP_Landing20send_landing_messageE17mavlink_channel_t @ 0x9df410
RTL: _ZN17GCS_MAVLINK_Plane15send_hygrometerEv @ 0x9df4f0
RTL: _ZN11GCS_MAVLINK16try_send_messageE10ap_message @ 0x9df6f0
RTL: _ZN11GCS_MAVLINK17queued_param_sendEv @ 0x9e03a0
RTL: _ZNK11GCS_MAVLINK14send_heartbeatEv @ 0x9e0650
RTL: _ZNK11GCS_MAVLINK8send_rpmEv @ 0x9e0a10
RTL: _ZN11GCS_MAVLINK24try_send_mission_messageE10ap_message @ 0x9e0af0
RTL: _ZN7Compass21send_mag_cal_progressERK11GCS_MAVLINK @ 0x9e0cf0
RTL: _ZN7Compass19send_mag_cal_reportERK11GCS_MAVLINK @ 0x9e0f40
RTL: _ZN11GCS_MAVLINK19send_battery_statusEv @ 0x9e1270
RTL: _ZNK7AP_AHRS22send_ekf_status_reportER11GCS_MAVLINK @ 0x9e13c0
RTL: _ZN11GCS_MAVLINK12send_meminfoEv @ 0x9e14c0
RTL: _ZNK11GCS_MAVLINK17send_fence_statusEv @ 0x9e1580
RTL: _ZN11GCS_MAVLINK20send_distance_sensorEv @ 0x9e16c0
RTL: _ZNK11GCS_MAVLINK16send_system_timeEv @ 0x9e1c00
RTL: _ZN6AP_GPS20send_mavlink_gps_rawE17mavlink_channel_t @ 0x9e1c90
RTL: _ZN6AP_GPS20send_mavlink_gps_rtkE17mavlink_channel_th @ 0x9e1fe0
RTL: _ZN6AP_GPS21send_mavlink_gps2_rawE17mavlink_channel_t @ 0x9e20c0
RTL: _ZNK11GCS_MAVLINK19send_local_positionEv @ 0x9e2460
RTL: _ZNK11GCS_MAVLINK34send_gimbal_device_attitude_statusEv @ 0x9e2530
RTL: _ZN11GCS_MAVLINK16send_opticalflowEv @ 0x9e28f0
RTL: _ZN11GCS_MAVLINK17send_power_statusEv @ 0x9e2a60
RTL: _ZNK11GCS_MAVLINK16send_rc_channelsEv @ 0x9e2b70
RTL: _ZNK11GCS_MAVLINK20send_rc_channels_rawEv @ 0x9e2e30
RTL: _ZN11GCS_MAVLINK12send_raw_imuEv @ 0x9e2fb0
RTL: _ZN11GCS_MAVLINK15send_scaled_imuEhPFv17mavlink_channel_tjssssssssssE @ 0x9e33c0
RTL: _ZL28mavlink_msg_scaled_imu2_send17mavlink_channel_tjssssssssss @ 0x9e3680
RTL: _ZL28mavlink_msg_scaled_imu3_send17mavlink_channel_tjssssssssss @ 0x9e37f0
RTL: _ZN11GCS_MAVLINK20send_scaled_pressureEv @ 0x9e3ba0
RTL: _ZN11GCS_MAVLINK21send_scaled_pressure2Ev @ 0x9e3c00
RTL: _ZN11GCS_MAVLINK13send_airspeedEv @ 0x9e3c60
RTL: _ZNK11GCS_MAVLINK13send_simstateEv @ 0x9e3e20
RTL: _ZN11GCS_MAVLINK15send_sys_statusEv @ 0x9e3f40
RTL: _ZN11GCS_MAVLINK10send_ahrs2Ev @ 0x9e4230
RTL: _ZN11GCS_MAVLINK9send_ahrsEv @ 0x9e4310
RTL: _ZN11GCS_MAVLINK12send_vfr_hudEv @ 0x9e4490
RTL: _ZNK11GCS_MAVLINK14send_vibrationEv @ 0x9e45d0
RTL: _ZNK11GCS_MAVLINK21send_generator_statusEv @ 0x9e46c0
RTL: _ZN12AP_ESC_Telem26send_esc_telemetry_mavlinkEh @ 0x9e4a40
RTL: _ZN6AP_EFI19send_mavlink_statusE17mavlink_channel_t @ 0x9e4ed0
RTL: _ZN6AP_AIS13get_singletonEv @ 0x9e56a0
RTL: _ZN11GCS_MAVLINK20send_available_modesEv @ 0x9e5820
RTL: _ZNK11GCS_MAVLINK21battery_remaining_pctEh @ 0x9e6030
RTL: _ZL3MINIhiEDTqultfp_fp0_fp_fp0_ERKT_RKT0_.7263 @ 0x9e64e0
RTL: _ZL44mavlink_msg_esc_telemetry_1_to_4_send_struct17mavlink_channel_tPK32__mavlink_esc_telemetry_1_to_4_t @ 0x9e6800
RTL: _ZN12AP_Generator21send_generator_statusERK11GCS_MAVLINK @ 0x9e6e00
RTL: _ZL26mavlink_msg_vibration_send17mavlink_channel_tmfffjjj @ 0x9e6e80
RTL: _ZL24mavlink_msg_vfr_hud_send17mavlink_channel_tffstff @ 0x9e6f90
RTL: _ZNK7AP_AHRS12get_error_rpEv @ 0x9e7120
RTL: _ZNK7AP_AHRS13get_error_yawEv @ 0x9e7180
RTL: _ZL21mavlink_msg_ahrs_send17mavlink_channel_tfffffff @ 0x9e71e0
RTL: _ZL22mavlink_msg_ahrs2_send17mavlink_channel_tffffii @ 0x9e7300
RTL: _ZNK9AP_Logger11num_droppedEv @ 0x9e7400
RTL: _ZNK14AP_BattMonitor11gcs_voltageEv @ 0xb53200
RTL: _ZL27mavlink_msg_sys_status_send17mavlink_channel_tjjjttsatttttt @ 0x9e7480
RTL: _ZNK14AP_BattMonitor11gcs_voltageEh @ 0x9e7620
RTL: _ZNK17AP_Logger_Backend11num_droppedEv @ 0xb53250
RTL: _ZL7radiansf.17181 @ 0x9e7a40
RTL: _ZNK4SITL3SIM13simstate_sendE17mavlink_channel_t @ 0x9e7dc0
RTL: _ZL25mavlink_msg_simstate_send17mavlink_channel_tfffffffffii @ 0x9e7f90
RTL: _ZL32mavlink_msg_airspeed_send_struct17mavlink_channel_tPK20__mavlink_airspeed_t @ 0x9e8130
RTL: _ZL33mavlink_msg_scaled_pressure2_send17mavlink_channel_tjffss @ 0x9e81b0
RTL: _ZN11GCS_MAVLINK29send_scaled_pressure_instanceEhPFv17mavlink_channel_tjffssE @ 0x9e8290
RTL: _ZL32mavlink_msg_scaled_pressure_send17mavlink_channel_tjffss @ 0x9e8480
RTL: _ZL24mavlink_msg_raw_imu_send17mavlink_channel_tmssssssssshs @ 0x9e85e0
RTL: _ZNK11GCS_MAVLINK16sending_mavlink1Ev @ 0x9e8760
RTL: _ZNK11GCS_MAVLINK13receiver_rssiEv @ 0x9e87c0
RTL: _ZL28mavlink_msg_rc_channels_send17mavlink_channel_tjhtttttttttttttttttth @ 0x9e89d0
RTL: _ZL29mavlink_msg_power_status_send17mavlink_channel_tttt @ 0x9e8c40
RTL: _ZN8AP_Mount34send_gimbal_device_attitude_statusE17mavlink_channel_t @ 0x9e96c0
RTL: _ZL35mavlink_msg_local_position_ned_send17mavlink_channel_tjffffff @ 0x9e9d20
RTL: _ZNK6AP_GPS12gps_yaw_cdegEh @ 0x9e9e30
RTL: _ZNK6AP_GPS23have_gps_yaw_configuredEh @ 0xb534b0
RTL: _ZL28mavlink_msg_gps_raw_int_send17mavlink_channel_tmhiiitttthijjjjt @ 0x9ea130
RTL: _ZL28mavlink_msg_system_time_send17mavlink_channel_tmj @ 0x9ea320
RTL: _ZN11GCS_MAVLINK14send_proximityEv @ 0x9eb960
RTL: _ZL3MINIjjEDTqultfp_fp0_fp_fp0_ERKT_RKT0_.7265 @ 0x9ec8d0
RTL: _ZL24mavlink_msg_meminfo_send17mavlink_channel_tttj @ 0x9ec950
RTL: _ZNK7NavEKF318send_status_reportER11GCS_MAVLINK @ 0x9ecbf0
RTL: _ZNK12NavEKF3_core18send_status_reportER11GCS_MAVLINK @ 0x9ecc80
RTL: _ZL41mavlink_msg_ekf_status_report_send_struct17mavlink_channel_tPK29__mavlink_ekf_status_report_t @ 0x9ed080
RTL: _ZNK14AP_BattMonitor13option_is_setEhN21AP_BattMonitor_Params7OptionsE @ 0x9edba0
RTL: _ZNK11GCS_MAVLINK19send_battery_statusEh @ 0x9edc70
RTL: _ZL3MINIftEDTqultfp_fp0_fp_fp0_ERKT_RKT0_ @ 0x9ee500
RTL: _ZNK14AP_BattMonitor14time_remainingERjh @ 0x9ee5a0
RTL: _ZNK14AP_BattMonitor24get_mavlink_charge_stateEh @ 0x9ee690
RTL: _ZNK14AP_BattMonitor25get_mavlink_fault_bitmaskEh @ 0x9ee7c0
RTL: _ZL31mavlink_msg_battery_status_send17mavlink_channel_thhhsPKtsiiaihS1_hj @ 0x9ee870
RTL: _ZN14typesafe_indexIh12TAG_PriorityErmERKh @ 0xb53700
RTL: _ZN11GCS_MAVLINK20send_mission_currentERK10AP_Missiont @ 0x9eeff0
RTL: _ZL32mavlink_msg_mission_current_send17mavlink_channel_ttthh @ 0x9ef4c0
RTL: _ZNK11GCS_MAVLINK13system_statusEv @ 0x9ef990
RTL: _ZL26mavlink_msg_heartbeat_send17mavlink_channel_thhhjh @ 0x9efa20
RTL: _ZN11GCS_MAVLINK28send_parameter_async_repliesEv @ 0x9efb00
RTL: _ZN12ObjectBufferIN11GCS_MAVLINK19pending_param_replyEE4peekERS1_ @ 0xb537f0
RTL: _ZNK11AP_Airspeed14get_hygrometerEhRjRfS1_ @ 0x9f0040
RTL: _ZL24mavlink_msg_aoa_ssa_send17mavlink_channel_tmff @ 0x9f0610
RTL: _ZL21mavlink_msg_wind_send17mavlink_channel_tfff @ 0x9f0910
RTL: _ZN10AP_Terrain19send_terrain_reportE17mavlink_channel_tRK8Locationb @ 0x9f09c0
RTL: _ZL31mavlink_msg_terrain_report_send17mavlink_channel_tiitfftt @ 0x9f0b70
RTL: _ZN10AP_Terrain18send_cache_requestE17mavlink_channel_t @ 0x9f0c90
RTL: _ZN10AP_Terrain15request_missingE17mavlink_channel_tRKNS_9grid_infoE @ 0x9f0d90
RTL: _ZN10AP_Terrain15request_missingE17mavlink_channel_tRNS_10grid_cacheE @ 0x9f0e20
RTL: _ZN11GCS_MAVLINK14handle_messageERK17__mavlink_message @ 0x9f4bc0
RTL: _ZN11GCS_MAVLINK16handle_heartbeatERK17__mavlink_message @ 0x9f5740
RTL: _ZN11GCS_MAVLINK19handle_command_longERK17__mavlink_message @ 0x9f6ab0
RTL: _ZN11GCS_MAVLINK26handle_request_data_streamERK17__mavlink_message @ 0x9f80f0
RTL: _ZNK3GCS12sysid_is_gcsEh @ 0x9fd750
RTL: _ZN11GCS_MAVLINK16sysid_mygcs_seenEj @ 0x9fd9f0
RTL: _ZL38mavlink_msg_request_data_stream_decodePK17__mavlink_messageP31__mavlink_request_data_stream_t @ 0x9fec60
RTL: _ZN9AP_Logger13Write_CommandERK23__mavlink_command_int_thh10MAV_RESULTb @ 0xa01b50
RTL: _ZL31mavlink_msg_command_long_decodePK17__mavlink_messageP24__mavlink_command_long_t @ 0xa01cd0
RTL: _ZN11GCS_MAVLINK31try_command_long_as_command_intERK24__mavlink_command_long_tRK17__mavlink_message @ 0xa01da0
RTL: _ZN11GCS_MAVLINK16_set_mode_commonEhj @ 0xa04600
RTL: _ZN12ObjectBufferIN7GCS_FTP11TransactionEE3popERS1_ @ 0xb54830
RTL: _ZN11GCS_MAVLINK25handle_command_int_packetERK23__mavlink_command_int_tRK17__mavlink_message @ 0xa0bb20
RTL: _ZN11GCS_MAVLINK26handle_command_do_set_modeERK23__mavlink_command_int_t @ 0xa0ced0
RTL: _ZL7radiansf.35 @ 0xa108a0
RTL: _ZN5Plane22any_failsafe_triggeredEv @ 0xb551e0
RTL: _ZL43mavlink_msg_position_target_global_int_send17mavlink_channel_tjhtiifffffffff @ 0xa110c0
RTL: _ZL25mavlink_msg_attitude_send17mavlink_channel_tjffffff @ 0xa11590
RTL: _ZL38mavlink_msg_nav_controller_output_send17mavlink_channel_tffsstfff @ 0xa11b80
RTL: _ZN12AP_Avoidance10handle_msgERK17__mavlink_message @ 0xa11d60
RTL: _ZN11GCS_MAVLINK14packetReceivedERK16__mavlink_statusRK17__mavlink_message @ 0xa11eb0
RTL: _ZN15MAVLink_routing17check_and_forwardER11GCS_MAVLINKRK17__mavlink_message @ 0xa120b0
RTL: _ZN9AP_Follow10handle_msgERK17__mavlink_message @ 0xa12620
RTL: _ZNK11GCS_MAVLINK13accept_packetERK16__mavlink_statusRK17__mavlink_message @ 0xa127a0
RTL: _ZNK9AP_Follow21should_handle_messageERK17__mavlink_message @ 0xa128c0
RTL: _ZN15MAVLink_routing11learn_routeER11GCS_MAVLINKRK17__mavlink_message @ 0xa13890
RTL: _ZN15MAVLink_routing16handle_heartbeatER11GCS_MAVLINKRK17__mavlink_message @ 0xa13b30
RTL: _ZN15MAVLink_routing11get_targetsERK17__mavlink_messageRsS3_ @ 0xa13d60
RTL: _ZNK9QuadPlane12get_mav_typeEv @ 0xa14210
RTL: _ZNK18AP_PitchController13is_underspeedEf @ 0xa14660
RTL: _ZNK18AP_PitchController12get_airspeedEv @ 0xa14700
RTL: _ZNK18AP_PitchController17get_measured_rateEv @ 0xa147d0
RTL: _ZNK17AP_RollController13is_underspeedEf @ 0xa14950
RTL: _ZNK17AP_RollController12get_airspeedEv @ 0xa149e0
RTL: _ZNK17AP_RollController17get_measured_rateEv @ 0xa14a50
RTL: _ZNK13AP_L1_Control11nav_roll_cdEv @ 0xa14ab0
RTL: _ZNK13AP_L1_Control14nav_bearing_cdEv @ 0xa14c30
RTL: _ZNK13AP_L1_Control17target_bearing_cdEv @ 0xa14cf0
RTL: _ZNK13AP_L1_Control16crosstrack_errorEv @ 0xb56310
RTL: _ZNK13AP_L1_Control27crosstrack_error_integratorEv @ 0xb56360
RTL: _ZNK13AP_L1_Control13loiter_radiusEf @ 0xa14eb0
RTL: _ZN13AP_L1_Control13update_loiterERK8Locationfa @ 0xa15a20
RTL: _ZN13AP_L1_Control21reached_loiter_targetEv @ 0xa16410
RTL: _ZN13AP_L1_Control17set_data_is_staleEv @ 0xb563b0
RTL: _ZL3MAXIffEDTqugtfp_fp0_fp_fp0_ERKT_RKT0_.12670 @ 0xa164c0
RTL: _ZN13AP_L1_Control19_prevent_indecisionERf @ 0xa16540
RTL: _ZL7radiansi.12671 @ 0xa16780
RTL: _ZL7radiansf.12672 @ 0xa167e0
RTL: _ZL2sqf.12673 @ 0xa16830
RTL: _ZL9rad_to_cdf.12675 @ 0xa16910
RTL: _Z11wrap_180_cdIfET_S0_ @ 0xb564c0
RTL: _ZL7degreesf.12676 @ 0xa16960
RTL: _ZN17RC_Channels_Plane7channelEh @ 0xb56e20
RTL: _ZN17RC_Channels_Plane16read_mode_switchEv @ 0xa19940
RTL: _ZNK17RC_Channels_Plane14in_rc_failsafeEv @ 0xa199b0
RTL: _ZNK17RC_Channels_Plane15has_valid_inputEv @ 0xa19a20
RTL: _ZNK17RC_Channels_Plane18get_arming_channelEv @ 0xa19ab0
RTL: _ZNK17RC_Channels_Plane26flight_mode_channel_numberEv @ 0xa19b00
RTL: _ZN11RC_Channels16read_mode_switchEv @ 0xa19b70
RTL: mode_to_string @ 0xa954d0
RTL: mode_entry @ 0xa95730
----------------------
Mode: 1 (CIRCLE)
CIRCLE: _ZN15AP_Arming_Plane14pre_arm_checksEb @ 0x5db3f0
CIRCLE: _ZN2AP13serialmanagerEv @ 0x5dd670
CIRCLE: _ZNK9AP_ParamTIiL11ap_var_type3EEcvRKiEv @ 0xa99ff0
CIRCLE: _ZN6AP_HAL4Util8snprintfEPcmPKcz @ 0x5ddae0
CIRCLE: _ZN6AP_HAL4Util9vsnprintfEPcmPKcP13__va_list_tag @ 0x5ddcc0
CIRCLE: _ZN13BufferPrinterC2EPcm @ 0xa9a040
CIRCLE: _Z13print_vprintfPN6AP_HAL12BetterStreamEPKcP13__va_list_tag @ 0x5dde00
CIRCLE: _Z12ultoa_invertjPch @ 0x5dfc90
CIRCLE: _ZN6AP_HAL12BetterStreamC2Ev @ 0xa9a0f0
CIRCLE: _ZN13BufferPrinter5writeEh @ 0xa9a150
CIRCLE: _Z3gcsv @ 0x5e0280
CIRCLE: _ZNK3GCS28statustext_send_channel_maskEv @ 0x5e0390
CIRCLE: _ZN11GCS_MAVLINK19active_channel_maskEv @ 0xa9a3f0
CIRCLE: _ZN11GCS_MAVLINK22streaming_channel_maskEv @ 0xa9a430
CIRCLE: _ZN11GCS_MAVLINK20private_channel_maskEv @ 0xa9a470
CIRCLE: _ZN3GCS13get_singletonEv @ 0xa9a4b0
CIRCLE: _ZNK16AP_SerialManager22find_protocol_instanceENS_14SerialProtocolEh @ 0x5e0420
CIRCLE: _ZNK13AP_ParamTBaseIaL11ap_var_type1EE3getEv @ 0xa9a4f0
CIRCLE: _ZNK16AP_SerialManager14protocol_matchENS_14SerialProtocolES0_ @ 0x5e05c0
CIRCLE: _ZN16AP_SerialManager13get_singletonEv @ 0xa9a540
CIRCLE: _Z2rcv @ 0x5e06c0
CIRCLE: _ZN11RC_Channels13get_singletonEv @ 0xa9a5e0
CIRCLE: _ZNK9AP_ParamTIaL11ap_var_type1EEcvRKaEv @ 0xa9a6b0
CIRCLE: _ZN6AP_HAL6millisEv @ 0x5e0d40
CIRCLE: _ZN13WithSemaphoreD2Ev @ 0x5e0d80
CIRCLE: _ZN6AP_HAL8millis64Ev @ 0x5e0de0
CIRCLE: _ZN6AP_HAL8micros64Ev @ 0x5e0e20
CIRCLE: _ZL14uint64_div1000m @ 0x5e0ec0
CIRCLE: _ZN7HALSITL9Scheduler4fromEPN6AP_HAL9SchedulerE @ 0xa9a700
CIRCLE: _ZNK7HALSITL9Scheduler18stopped_clock_usecEv @ 0xa9a750
CIRCLE: _ZNK13AP_ParamTBaseIsL11ap_var_type2EE3getEv @ 0xa9a7a0
CIRCLE: _ZN13WithSemaphoreC2ERN6AP_HAL9SemaphoreEj @ 0x5e1010
CIRCLE: _ZNK7AP_EnumIN10Parameters11ThrFailsafeEEcvKS1_Ev @ 0xa9a830
CIRCLE: _ZNK11RC_Channels19has_had_rc_receiverEv @ 0xa9a880
CIRCLE: _ZNK13AP_ParamTBaseIiL11ap_var_type3EE3getEv @ 0xa9a940
CIRCLE: _ZN12AP_Proximity13get_singletonEv @ 0xa9a990
CIRCLE: _ZN2AP9schedulerEv @ 0x5e1490
CIRCLE: _ZN12AP_Scheduler25get_filtered_loop_rate_hzEv @ 0xa9aa10
CIRCLE: _ZN12AP_Scheduler16get_loop_rate_hzEv @ 0xa9aa60
CIRCLE: _ZN10AP_Terrain13get_singletonEv @ 0xa9aaf0
CIRCLE: _ZN12AP_Scripting13get_singletonEv @ 0xa9ab90
CIRCLE: _ZN2AP13internalerrorEv @ 0x5e1800
CIRCLE: _ZNK16AP_InternalError6errorsEv @ 0xa9acf0
CIRCLE: _ZNK16AP_InternalError15last_error_lineEv @ 0xa9ad40
CIRCLE: _ZN2AP3rpmEv @ 0x5e1990
CIRCLE: _ZNK9AP_ParamTIsL11ap_var_type2EEcvRKsEv @ 0xa9ae20
CIRCLE: _ZN12SRV_Channels25update_aux_servo_functionEv @ 0x5e2690
CIRCLE: _ZNK7BitmaskILt190EE8validateEt @ 0xa9af40
CIRCLE: _ZN7BitmaskILt190EE8clearallEv @ 0xa9afd0
CIRCLE: _ZNK11SRV_Channel14valid_functionEv @ 0xa9b030
CIRCLE: _ZN11SRV_Channel24aux_servo_function_setupEv @ 0x5e3190
CIRCLE: _ZN7BitmaskILt190EE3setEt @ 0xa9b090
CIRCLE: _ZNK9AP_Enum16IN11SRV_Channel8FunctionEEcvKS1_Ev @ 0xa9b150
CIRCLE: _ZN11SRV_Channel14valid_functionENS_8FunctionE @ 0xa9b1a0
CIRCLE: _ZN6AP_RPM13get_singletonEv @ 0xa9b290
CIRCLE: _ZNK12AP_Scripting13option_is_setENS_11DebugOptionE @ 0xa9b380
CIRCLE: _ZNK2AP8PerfInfo25get_filtered_loop_rate_hzEv @ 0x5e3580
CIRCLE: _ZNK2AP8PerfInfo17get_filtered_timeEv @ 0x5e3610
CIRCLE: _ZN12AP_Scheduler13get_singletonEv @ 0x5e3660
CIRCLE: _ZN2AP7missionEv @ 0x5e3730
CIRCLE: _ZNK10AP_Mission12num_commandsEv @ 0xa9b480
CIRCLE: _ZN10AP_Mission18stored_in_locationEt @ 0x5e3a10
CIRCLE: _ZN10AP_Mission15Mission_CommandC2Ev @ 0xa9b4e0
CIRCLE: _ZNK10AP_Mission21read_cmd_from_storageEtRNS_15Mission_CommandE @ 0x5e3ba0
CIRCLE: _ZN10AP_Mission7ContentC2Ev @ 0xa9b540
CIRCLE: _ZN2AP4ahrsEv @ 0x5e4060
CIRCLE: _ZNK7AP_AHRS8get_homeEv @ 0xa9b590
CIRCLE: _ZNK13StorageAccess9read_byteEt @ 0x5e40a0
CIRCLE: _ZNK13StorageAccess11read_uint16Et @ 0x5e4110
CIRCLE: _ZNK13StorageAccess10read_blockEPvtm @ 0x5e4190
CIRCLE: _ZN7AP_AHRS13get_singletonEv @ 0xa9b5e0
CIRCLE: _ZN8LocationC2Ev @ 0xa9b620
CIRCLE: _ZN8Location4zeroEv @ 0x5e46c0
CIRCLE: _ZN10AP_Mission13get_singletonEv @ 0xa9b670
CIRCLE: _ZNK9QuadPlane9availableEv @ 0xa9b700
CIRCLE: _ZNK5Plane15is_land_commandEt @ 0x5e4c30
CIRCLE: _ZNK8Location12get_distanceERKS_ @ 0x5e4cc0
CIRCLE: _Z11is_positiveIfEbT_ @ 0xa9b7c0
CIRCLE: _ZNK9AP_ParamTIfL11ap_var_type4EEcvRKfILb1EEEv @ 0xa9b820
CIRCLE: _ZN8Location14diff_longitudeEii @ 0x5e4e70
CIRCLE: _ZN8Location15longitude_scaleEi @ 0x5e4f50
CIRCLE: _Z4normIddJEEdT_T0_DpKT1_ @ 0xa9b870
CIRCLE: _Z2sqIdJdEEdT_DpKT0_ @ 0xa9b8e0
CIRCLE: _Z2sqIdEdT_ @ 0xa9b960
CIRCLE: _ZL3MAXIdfEDTqugtfp_fp0_fp_fp0_ERKT_RKT0_ @ 0x5e4ff0
CIRCLE: _ZN2AP5rallyEv @ 0x5e5090
CIRCLE: _ZNK7AP_AHRS12get_locationER8Location @ 0x5e50d0
CIRCLE: _ZN2AP7vehicleEv @ 0x5e5340
CIRCLE: _ZNK10AP_Mission7presentEv @ 0xa9ba60
CIRCLE: _ZN10AP_Vehicle13get_singletonEv @ 0x5e5380
CIRCLE: _ZN8LocationC2EiiiNS_8AltFrameE @ 0x5e55a0
CIRCLE: _ZN8Location10set_alt_cmEiNS_8AltFrameE @ 0x5e5640
CIRCLE: _ZN8AP_Rally13get_singletonEv @ 0xa9bad0
CIRCLE: _ZN11RC_Channels23get_valid_channel_countEv @ 0x5e5730
CIRCLE: _ZNK10RC_Channel12has_overrideEv @ 0x5e57a0
CIRCLE: _ZNK13AP_ParamTBaseIfL11ap_var_type4EE3getEv @ 0xa9bd10
CIRCLE: _Z7is_zerof @ 0xa9bd60
CIRCLE: _ZL3MINIihEDTqultfp_fp0_fp_fp0_ERKT_RKT0_.7422 @ 0x5e5860
CIRCLE: _ZN2AP3gpsEv @ 0x5e58f0
CIRCLE: _ZNK6AP_GPS11num_sensorsEv @ 0x5e5ad0
CIRCLE: _ZNK6AP_GPS8get_typeEh @ 0xa9bed0
CIRCLE: _ZNK6AP_GPS14primary_sensorEv @ 0xa9bf60
CIRCLE: _ZNK6AP_GPS6statusEh @ 0xa9bfb0
CIRCLE: _ZNK6AP_GPS10is_healthyEh @ 0x5e5b50
CIRCLE: _ZNK6AP_GPS8locationEv @ 0xa9c0d0
CIRCLE: _ZNK6AP_GPS22first_unconfigured_gpsERh @ 0x5e5e10
CIRCLE: _ZNK7AP_EnumIN6AP_GPS8GPS_TypeEEcvKS1_Ev @ 0xa9c130
CIRCLE: _ZNK6AP_GPS8locationEh @ 0xa9c180
CIRCLE: _ZNK7Vector3IfE6lengthEv @ 0xa9c1f0
CIRCLE: _Z4normIffJfEEdT_T0_DpKT1_ @ 0xa9c250
CIRCLE: _Z2sqIfJffEEdT_DpKT0_ @ 0xa9c2d0
CIRCLE: _ZL2sqf.2617 @ 0x5e62c0
CIRCLE: _Z2sqIfJfEEdT_DpKT0_ @ 0xa9c370
CIRCLE: _ZL2sqf.1898 @ 0x5e6310
CIRCLE: _ZN7Vector3IfEC2Efff @ 0xa9c3f0
CIRCLE: _ZNK6AP_GPS12is_rtk_roverEh @ 0x5e6360
CIRCLE: _ZN6AP_GPS13get_singletonEv @ 0xa9c500
CIRCLE: _ZNK7AP_AHRS7healthyEv @ 0x5e6e40
CIRCLE: _ZN2AP12externalAHRSEv @ 0x5e7020
CIRCLE: _ZNK7AP_AHRS8ekf_typeEv @ 0x5e70c0
CIRCLE: _ZNK7AP_AHRS15active_EKF_typeEv @ 0xa9c540
CIRCLE: _ZN2AP7compassEv @ 0x5e7a00
CIRCLE: _ZNK7Compass11use_for_yawEv @ 0x5e7a40
CIRCLE: _ZNK16AP_NavEKF_Source12getYawSourceEh @ 0x5e88b0
CIRCLE: _ZNK12NavEKF3_core7healthyEv @ 0x5e8b70
CIRCLE: _ZNK16AP_NavEKF_Source14useVelXYSourceENS_8SourceXYEh @ 0x5e8f30
CIRCLE: _ZNK16AP_NavEKF_Source18getActiveSourceSetEh @ 0xa9c590
CIRCLE: _ZNK7AP_EnumIN16AP_NavEKF_Source8SourceXYEEcvKS1_Ev @ 0xa9c640
CIRCLE: _ZNK16AP_NavEKF_Source13option_is_setENS_13SourceOptionsE @ 0xa9c690
CIRCLE: _ZNK12NavEKF3_core15getFilterFaultsERt @ 0x5e9060
CIRCLE: _ZNK11QuaternionTIdE6is_nanEv @ 0xa9c710
CIRCLE: _ZNK7Vector3IdE6is_nanEv @ 0xa9c810
CIRCLE: _ZNK7AP_EnumIN16AP_NavEKF_Source9SourceYawEEcvKS1_Ev @ 0xa9c8e0
CIRCLE: _ZN2AP3dalEv @ 0x5e9180
CIRCLE: _ZN6AP_DAL7compassEv @ 0xa9c930
CIRCLE: _ZNK14AP_DAL_Compass15get_num_enabledEv @ 0xa9c980
CIRCLE: _ZN6AP_DAL13get_singletonEv @ 0xa9c9d0
CIRCLE: _ZN7Matrix3IfEC2Ev @ 0xa9ce10
CIRCLE: _ZN7Vector3IfEC2Ev @ 0xa9cf00
CIRCLE: _ZN11QuaternionTIfEC2Ev @ 0xa9d080
CIRCLE: _ZN7Vector2IfEC2Ev @ 0xa9d0f0
CIRCLE: _ZN6AP_DAL4baroEv @ 0xa9d150
CIRCLE: _ZN6AP_DAL6beaconEv @ 0xa9d1f0
CIRCLE: _ZN6AP_DAL3gpsEv @ 0xa9d2b0
CIRCLE: _ZN6AP_DAL11rangefinderEv @ 0xa9d3c0
CIRCLE: _ZN6AP_DAL10visualodomEv @ 0xa9d410
CIRCLE: _ZNK12NavEKF2_core7healthyEv @ 0x5e9760
CIRCLE: _ZNK12NavEKF2_core15getFilterFaultsERt @ 0x5e9990
CIRCLE: _ZNK7Compass7healthyEh @ 0x5e9af0
CIRCLE: _ZNK7Compass11use_for_yawEh @ 0x5e9b90
CIRCLE: _ZNK7Compass9availableEv @ 0xa9d530
CIRCLE: _ZN14typesafe_indexIh12TAG_PriorityEC2Eh @ 0xa9d5b0
CIRCLE: _ZNK19RestrictIDTypeArrayI9AP_ParamTIaL11ap_var_type1EELj3E14typesafe_indexIh12TAG_PriorityEEixERKS5_ @ 0xa9d610
CIRCLE: _ZNK7AP_EnumIN7Compass9LearnTypeEEcvKS1_Ev @ 0xa9d690
CIRCLE: _ZNK14typesafe_indexIh12TAG_PriorityE7get_intEv @ 0xa9d6e0
CIRCLE: _ZNK7Compass10_get_stateE14typesafe_indexIh12TAG_PriorityE @ 0xa9d730
CIRCLE: _ZNK7Compass13_get_state_idE14typesafe_indexIh12TAG_PriorityE @ 0x5e9c70
CIRCLE: _ZNK19RestrictIDTypeArrayIN7Compass9mag_stateELj4E14typesafe_indexIh14TAG_StateIndexEEixERKS4_ @ 0xa9d7b0
CIRCLE: _ZNK14typesafe_indexIh14TAG_StateIndexE7get_intEv @ 0xa9d830
CIRCLE: _ZNK19RestrictIDTypeArrayIiLj3E14typesafe_indexIh12TAG_PriorityEEixERKS2_ @ 0xa9d880
CIRCLE: _ZN14typesafe_indexIh14TAG_StateIndexEC2Eh @ 0xa9d900
CIRCLE: _ZNK14typesafe_indexIh14TAG_StateIndexEltERKh @ 0xa9d960
CIRCLE: _ZN14typesafe_indexIh14TAG_StateIndexEppEi @ 0xa9d9d0
CIRCLE: _ZN7Compass13get_singletonEv @ 0xa9da40
CIRCLE: _ZNK7NavEKF211activeCoresEv @ 0xa9da80
CIRCLE: _ZNK11QuaternionTIfE13to_axis_angleER7Vector3IfE @ 0xa9dd70
CIRCLE: _ZNK7NavEKF311activeCoresEv @ 0xa9dec0
CIRCLE: _ZNK7AP_AHRS14always_use_EKFEv @ 0xa9df10
CIRCLE: _ZN11QuaternionTIfE20from_rotation_matrixERK7Matrix3IfE @ 0xa9dfd0
CIRCLE: _ZNK12NavEKF3_core11use_compassEv @ 0x5ea300
CIRCLE: _ZNK14AP_DAL_Compass11use_for_yawEh @ 0xa9e4e0
CIRCLE: _ZNK12NavEKF3_core20getRotationBodyToNEDER7Matrix3IfE @ 0x5ea3d0
CIRCLE: _ZNK11QuaternionTIdE15rotation_matrixER7Matrix3IfE @ 0xa9e550
CIRCLE: _ZNK6AP_DAL43get_rotation_vehicle_body_to_autopilot_bodyEv @ 0xa9e760
CIRCLE: _ZNK7Matrix3IfEmlERKS0_ @ 0xa9e7b0
CIRCLE: _ZN7Matrix3IfEC2ERK7Vector3IfES4_S4_ @ 0xa9ea20
CIRCLE: _ZL2sqf.4371 @ 0x5ea490
CIRCLE: _ZN7Vector3IfEdVEf @ 0xa9ead0
CIRCLE: _Z7wrap_PId @ 0x5ea4e0
CIRCLE: _ZN7Vector3IfEmLEf @ 0xa9eb60
CIRCLE: _Z8wrap_2PId @ 0x5ea570
CIRCLE: _ZN11QuaternionTIfEC2Effff @ 0xa9eea0
CIRCLE: _ZNK11QuaternionTIfE15rotation_matrixER7Matrix3IfE @ 0xa9ef50
CIRCLE: _ZNK7Matrix3IfE13mul_transposeERK7Vector3IfE @ 0xa9f140
CIRCLE: _ZNK7Vector3IfEmiERKS0_ @ 0xa9f250
CIRCLE: _Z20constrain_value_lineIfET_S0_S0_S0_j @ 0xa9f300
CIRCLE: _ZNK7AP_AHRS24get_rotation_body_to_nedEv @ 0xa9f420
CIRCLE: _ZN15AP_ExternalAHRS13get_singletonEv @ 0xa9f560
CIRCLE: _ZNK7NavEKF37healthyEv @ 0x5ea830
CIRCLE: _ZN2AP3insEv @ 0x5ea9a0
CIRCLE: _ZNK17AP_InertialSensor19get_gyro_health_allEv @ 0x5ea9e0
CIRCLE: _ZNK17AP_InertialSensor22gyro_calibrated_ok_allEv @ 0x5eaaa0
CIRCLE: _ZNK17AP_InertialSensor20get_accel_health_allEv @ 0x5eabb0
CIRCLE: _ZNK17AP_InertialSensor23accel_calibrated_ok_allEv @ 0x5eac70
CIRCLE: _ZNK10AP_GyroFFT16analysis_enabledEv @ 0xa9f720
CIRCLE: _ZN7Vector3IfEixEh @ 0xa9fab0
CIRCLE: _ZN10DigitalLPFIfE6_applyERKfS2_ @ 0xa9fe10
CIRCLE: _Z15constrain_int16sss @ 0xaa0410
CIRCLE: _Z15constrain_valueIsET_S0_S0_S0_ @ 0xaa04a0
CIRCLE: _ZNK10ByteBuffer5spaceEv @ 0x5ed8b0
CIRCLE: _ZN10ByteBuffer5writeEPKhj @ 0x5edb10
CIRCLE: _ZN10ByteBuffer7reserveEPNS_5IoVecEj @ 0x5edc30
CIRCLE: _ZN10ByteBuffer6commitEj @ 0x5ede60
CIRCLE: _ZNK10ByteBuffer8get_sizeEv @ 0xaa0550
CIRCLE: _ZNK17AP_InertialSensor14get_gyro_countEv @ 0xaa05e0
CIRCLE: _ZNK17AP_InertialSensor4_useEh @ 0xaa0650
CIRCLE: _ZNK17AP_InertialSensor8_gyro_idEh @ 0xaa06b0
CIRCLE: _ZN17AP_InertialSensor8_gyro_idEh @ 0xaa0710
CIRCLE: _ZN17AP_InertialSensor4_useEh @ 0xaa0780
CIRCLE: _ZL3MINIihEDTqultfp_fp0_fp_fp0_ERKT_RKT0_.4077 @ 0x5ee390
CIRCLE: _ZNK7AP_EnumIN22AP_InertialSensor_TCal6EnableEEcvKS1_Ev @ 0xaa0850
CIRCLE: _ZN17AP_InertialSensor4tcalEh @ 0xaa08a0
CIRCLE: _ZNK17AP_InertialSensor8get_gyroEv @ 0xaa0910
CIRCLE: _ZNK17AP_InertialSensor8use_gyroEh @ 0x5ee550
CIRCLE: _ZNK17AP_InertialSensor8get_gyroEh @ 0xaa0970
CIRCLE: _ZNK17AP_InertialSensor15get_gyro_healthEh @ 0xaa09e0
CIRCLE: _ZNK17AP_InertialSensor15get_accel_countEv @ 0xaa0a80
CIRCLE: _ZL3MINIihEDTqultfp_fp0_fp_fp0_ERKT_RKT0_ @ 0x5ee7d0
CIRCLE: _ZNK17AP_InertialSensor9get_accelEv @ 0xaa0af0
CIRCLE: _ZNK17AP_InertialSensor9use_accelEh @ 0x5ee860
CIRCLE: _ZNK17AP_InertialSensor9get_accelEh @ 0xaa0b50
CIRCLE: _ZNK17AP_InertialSensor16get_accel_healthEh @ 0xaa0bc0
CIRCLE: _ZNK17AP_InertialSensor13_accel_offsetEh @ 0xaa0c60
CIRCLE: _ZNK9AP_ParamVI7Vector3IfEL11ap_var_type5EE3getEv @ 0xaa0cc0
CIRCLE: _ZNK7Vector3IfE7is_zeroEv @ 0xaa0d10
CIRCLE: _ZNK17AP_InertialSensor12_accel_scaleEh @ 0xaa0dc0
CIRCLE: _ZNK17AP_InertialSensor9_accel_idEh @ 0xaa0e20
CIRCLE: _Z8is_equalIffENSt3__19enable_ifIXsr3std17is_floating_pointINS0_11common_typeIJT_T0_EE4typeEEE5valueEbE4typeES3_S4_ @ 0xaa0e80
CIRCLE: _ZN17AP_InertialSensor9_accel_idEh @ 0xaa0f00
CIRCLE: _ZN17AP_InertialSensor12_accel_scaleEh @ 0xaa0f70
CIRCLE: _ZN17AP_InertialSensor13_accel_offsetEh @ 0xaa0fe0
CIRCLE: _ZNK17AP_InertialSensor18gyro_calibrated_okEh @ 0xaa1050
CIRCLE: _ZN17AP_InertialSensor13get_singletonEv @ 0x5ee920
CIRCLE: _ZN13AP_ParamTBaseIiL11ap_var_type3EE3setERKi @ 0xaa1700
CIRCLE: _ZNK8AP_Param13find_var_infoEPjRPKNS_9GroupInfoERNS_12GroupNestingEPh @ 0x5f0390
CIRCLE: _ZNK8AP_Param14copy_name_infoEPKNS_4InfoEPKNS_9GroupInfoERKNS_12GroupNestingEhPcmb @ 0x5f0610
CIRCLE: _ZNK8AP_Param14send_parameterEPKc11ap_var_typeh @ 0x5f0870
CIRCLE: _ZNK8AP_Param13cast_to_floatE11ap_var_type @ 0x5f0a10
CIRCLE: _ZN3GCS20send_parameter_valueEPKc11ap_var_typef @ 0x5f0b00
CIRCLE: _ZL3MINImmEDTqultfp_fp0_fp_fp0_ERKT_RKT0_.7110 @ 0x5f0c40
CIRCLE: _ZN11GCS_MAVLINK14mav_param_typeE11ap_var_type @ 0x5f0cc0
CIRCLE: _ZN8AP_Param16count_parametersEv @ 0x5f0d50
CIRCLE: _ZN3GCS23send_to_active_channelsEjPKc @ 0x5f0f00
CIRCLE: _ZN9AP_Logger13get_singletonEv @ 0xaa1f60
CIRCLE: _ZN9AP_Logger15Write_ParameterEPKcf @ 0x5f1020
CIRCLE: _ZNK9AP_Logger10quiet_nanfEv @ 0xaa1fa0
CIRCLE: _ZN17AP_Logger_Backend15Write_ParameterEPKcff @ 0x5f1110
CIRCLE: _Z14strncpy_notermPcPKcm @ 0x5f1230
CIRCLE: _ZN17AP_Logger_Backend18WriteCriticalBlockEPKvt @ 0xaa1ff0
CIRCLE: _ZN17AP_Logger_Backend21WritePrioritisedBlockEPKvtbb @ 0x5f12e0
CIRCLE: _ZN17AP_Logger_Backend30validate_WritePrioritisedBlockEPKvt @ 0x5f14b0
CIRCLE: _ZN17AP_Logger_Backend9ShouldLogEb @ 0x5f16a0
CIRCLE: _ZN17AP_Logger_Backend21ensure_format_emittedEPKvt @ 0x5f1b40
CIRCLE: _ZNK17AP_Logger_Backend23message_type_from_blockEPKvtR11LogMessages @ 0x5f1c60
CIRCLE: _ZNK17AP_Logger_Backend28have_emitted_format_for_typeE11LogMessages @ 0xaa2070
CIRCLE: _ZNK7BitmaskILt256EE8validateEt @ 0xaa21a0
CIRCLE: _ZNK7BitmaskILt256EE3getEt @ 0xaa2230
CIRCLE: _ZNK6AP_HAL4Util14get_soft_armedEv @ 0xaa2300
CIRCLE: _ZN2AP6loggerEv @ 0x5f2760
CIRCLE: _Z7is_zeroI9AP_ParamTIfL11ap_var_type4EEEbT_ @ 0xaa2360
CIRCLE: _ZNK12AP_Scheduler5ticksEv @ 0xaa23c0
CIRCLE: _ZN6AP_HAL8millis16Ev @ 0x5f29b0
CIRCLE: _ZNK9AP_Logger13WritesEnabledEv @ 0xaa2520
CIRCLE: _ZNK19LoggerMessageWriter8finishedEv @ 0xaa2580
CIRCLE: _ZNK9AP_Logger15in_log_downloadEv @ 0x5f29f0
CIRCLE: _ZNK9AP_Logger16vehicle_is_armedEv @ 0xaa25e0
CIRCLE: mavlink_get_msg_entry @ 0x5f2c40
CIRCLE: _ZNK3GCS7num_gcsEv @ 0xaa2690
CIRCLE: _ZNK11GCS_MAVLINK10is_privateEv @ 0xaa26e0
CIRCLE: _ZNK11GCS_MAVLINK9is_activeEv @ 0xaa2740
CIRCLE: _ZN11GCS_MAVLINK12send_messageEPKcPK19__mavlink_msg_entry @ 0xaa27c0
CIRCLE: _ZN11GCS_MAVLINK18check_payload_sizeEt @ 0x5f2d60
CIRCLE: _mav_finalize_message_chan_send @ 0x5f2e10
CIRCLE: _Z26mavlink_get_channel_statush @ 0x5f3160
CIRCLE: _Z17_mav_trim_payloadPKch @ 0x5f3240
CIRCLE: _ZL13crc_calculatePKht @ 0x5f32e0
CIRCLE: _ZL21crc_accumulate_bufferPtPKct @ 0x5f3380
CIRCLE: _ZL14crc_accumulatehPt @ 0x5f3420
CIRCLE: _Z14comm_send_lock17mavlink_channel_tt @ 0x5f36b0
CIRCLE: _mavlink_send_uart @ 0x5f3770
CIRCLE: _Z16comm_send_unlock17mavlink_channel_t @ 0x5f37f0
CIRCLE: _Z16comm_send_buffer17mavlink_channel_tPKhh @ 0x5f3870
CIRCLE: _ZL13valid_channel17mavlink_channel_t @ 0x5f39e0
CIRCLE: _Z24gcs_out_of_space_to_send17mavlink_channel_t @ 0x5f3a90
CIRCLE: _ZN11GCS_MAVLINK20out_of_space_to_sendEv @ 0xaa2900
CIRCLE: _ZL8crc_initPt @ 0x5f43c0
CIRCLE: _ZN11GCS_MAVLINK14channel_statusEv @ 0xaa2960
CIRCLE: _ZNK11GCS_MAVLINK7txspaceEv @ 0xaa29b0
CIRCLE: _ZNK11GCS_MAVLINK15packet_overheadEv @ 0xaa2a50
CIRCLE: _ZN11GCS_MAVLINK20packet_overhead_chanE17mavlink_channel_t @ 0x5f4410
CIRCLE: _ZL3MINIjjEDTqultfp_fp0_fp_fp0_ERKT_RKT0_.7101 @ 0x5f44f0
CIRCLE: _ZN11GCS_MAVLINK10is_privateE17mavlink_channel_t @ 0xaa2ab0
CIRCLE: _ZN8AP_Param8var_infoEt @ 0xaa2b20
CIRCLE: _ZN8AP_Param14get_group_infoERKNS_4InfoE @ 0x5f4d70
CIRCLE: _ZN8AP_Param14get_group_infoERKNS_9GroupInfoE @ 0x5f5390
CIRCLE: _ZN8AP_Param19adjust_group_offsetEtRKNS_9GroupInfoERl @ 0x5f5410
CIRCLE: _ZN8AP_Param8group_idEPKNS_9GroupInfoEjhh @ 0x5f5530
CIRCLE: _ZN8AP_Param8get_baseERKNS_4InfoERl @ 0x5f5630
CIRCLE: _ZNK13AP_ParamTBaseIiL11ap_var_type3EE13cast_to_floatEv @ 0xaa2c60
CIRCLE: _ZNK8AP_Param19find_var_info_groupEPKNS_9GroupInfoEtjhlPjRS2_RNS_12GroupNestingEPh @ 0x5f57c0
CIRCLE: _ZN8AP_Param4saveEb @ 0x5f5cc0
CIRCLE: _ZN17AP_InertialSensor13caltemp_accelEh @ 0xaa2de0
CIRCLE: _ZNK17AP_InertialSensor15get_temperatureEh @ 0xaa2e50
CIRCLE: _ZN7Vector3IfE4zeroEv @ 0xaa30b0
CIRCLE: _ZNK7Vector3IfErmERKS0_ @ 0xaa3110
CIRCLE: _ZNK7Vector3IfEmlERKS0_ @ 0xaa31f0
CIRCLE: _Z9safe_sqrtIfEfT_ @ 0xaa3280
CIRCLE: _ZN11QuaternionTIfE9normalizeEv @ 0xaa3330
CIRCLE: _ZNK11QuaternionTIfE14get_euler_rollEv @ 0xaa3410
CIRCLE: _ZNK11QuaternionTIfE15get_euler_pitchEv @ 0xaa34c0
CIRCLE: _Z9safe_asinIfEfT_ @ 0xaa3530
CIRCLE: _ZNK11QuaternionTIfE6lengthEv @ 0xaa3610
CIRCLE: _ZN7Vector3IfE6rotateE8Rotation @ 0xaa3720
CIRCLE: _ZNK7Matrix3IfEmlERK7Vector3IfE @ 0xaa4700
CIRCLE: _ZN7Matrix3IfE10from_eulerEfff @ 0xaa48a0
CIRCLE: _ZN7Matrix3IfEC2Efffffffff @ 0xaa4ad0
CIRCLE: _ZNK7Vector3IfEplERKS0_ @ 0xaa4c00
CIRCLE: _ZNK7Vector3IfEdvEf @ 0xaa4cb0
CIRCLE: _ZNK7AP_AHRS13get_pitch_radEv @ 0xaa4da0
CIRCLE: _Z4normIffJEEdT_T0_DpKT1_ @ 0xaa4e90
CIRCLE: _ZN7Vector3IfEpLERKS0_ @ 0xaa4f00
CIRCLE: _ZN15ObjectBuffer_TSIN8AP_Param10param_saveEE4peekERS1_ @ 0xaa4fa0
CIRCLE: _ZN15ObjectBuffer_TSIN8AP_Param10param_saveEE4pushERKS1_ @ 0xaa5050
CIRCLE: _ZN10ByteBuffer9peekbytesEPhj @ 0x5f6d50
CIRCLE: _ZN10ByteBuffer9peekiovecEPNS_5IoVecEj @ 0x5f6e60
CIRCLE: _ZNK10ByteBuffer9availableEv @ 0x5f6fb0
CIRCLE: _ZN10ByteBuffer7readptrERj @ 0x5f7290
CIRCLE: _ZNK7Vector3IfEngEv @ 0xaa5130
CIRCLE: _ZN2AP4sitlEv @ 0x5f7690
CIRCLE: _ZN2AP4baroEv @ 0x5f76d0
CIRCLE: _ZNK7AP_Baro11all_healthyEv @ 0x5f78e0
CIRCLE: _ZNK6AP_GPS6statusEv @ 0xaa5210
CIRCLE: _ZNK7AP_Baro12get_pressureEv @ 0xaa5270
CIRCLE: _ZNK7AP_Baro23get_altitude_differenceEff @ 0x5f7990
CIRCLE: _ZNK7AP_Baro26get_altitude_from_pressureEf @ 0x5f7a30
CIRCLE: _ZL33find_atmosphere_layer_by_pressuref @ 0x5f7c90
CIRCLE: _ZNK7AP_Baro17get_altitude_AMSLEv @ 0xaa52d0
CIRCLE: _ZN7AP_Baro29geopotential_alt_to_geometricEf @ 0x5f7d40
CIRCLE: _ZNK7AP_Baro17get_altitude_AMSLEh @ 0xaa5330
CIRCLE: _ZNK7AP_Baro12get_altitudeEh @ 0xaa53a0
CIRCLE: _ZNK7AP_Baro12get_pressureEh @ 0xaa5410
CIRCLE: _ZNK7AP_Baro7healthyEh @ 0x5f7da0
CIRCLE: _ZN7AP_Baro13get_singletonEv @ 0xaa5480
CIRCLE: _ZN4SITL3SIM13get_singletonEv @ 0xaa54c0
CIRCLE: _ZNK9AP_Logger15logging_presentEv @ 0x5f8480
CIRCLE: _ZNK9AP_Logger15logging_startedEv @ 0x5f8570
CIRCLE: _ZNK11RC_Channels17option_is_enabledENS_6OptionE @ 0xaa55d0
CIRCLE: _ZNK11RC_Channels16get_roll_channelEv @ 0x5f87d0
CIRCLE: _ZNK11RC_Channels17get_pitch_channelEv @ 0x5f8840
CIRCLE: _ZNK11RC_Channels15get_yaw_channelEv @ 0x5f88b0
CIRCLE: _ZNK10RC_Channel14get_control_inEv @ 0xaa5650
CIRCLE: _ZNK11RC_Channels20get_throttle_channelEv @ 0x5f8920
CIRCLE: _ZN11RC_Channels23find_channel_for_optionEN10RC_Channel8AUX_FUNCE @ 0x5f8990
CIRCLE: _ZN2AP5rcmapEv @ 0x5f8c10
CIRCLE: _ZNK8RCMapper8throttleEv @ 0xaa5700
CIRCLE: _ZNK11RC_Channels25get_rcmap_channel_nonnullEh @ 0x5f8c50
CIRCLE: _ZN11RC_Channels10rc_channelEh @ 0xaa5760
CIRCLE: _ZN8RCMapper13get_singletonEv @ 0xaa57c0
CIRCLE: _ZNK8RCMapper3yawEv @ 0xaa5800
CIRCLE: _ZNK8RCMapper5pitchEv @ 0xaa5860
CIRCLE: _ZNK8RCMapper4rollEv @ 0xaa58c0
CIRCLE: _ZNK11RC_Channels19flight_mode_channelEv @ 0x5f8ce0
CIRCLE: _ZNK10RC_Channel11get_reverseEv @ 0x5f93b0
CIRCLE: _ZNK5Plane21flight_option_enabledE13FlightOptions @ 0x5f9980
CIRCLE: _ZNK10AP_Mission28get_in_landing_sequence_flagEv @ 0xaa5ca0
CIRCLE: _ZNK9QuadPlane7enabledEv @ 0xaa5d80
CIRCLE: _ZNK10Tailsitter7enabledEv @ 0xaa5df0
CIRCLE: _Z11is_positiveI9AP_ParamTIfL11ap_var_type4EEEbT_ @ 0xaa6080
CIRCLE: _ZN11AP_Airspeed13get_singletonEv @ 0xaa64d0
CIRCLE: _ZNK11AP_Airspeed7enabledEh @ 0x5faf70
CIRCLE: _ZNK11AP_Airspeed3useEh @ 0x5fb030
CIRCLE: _ZNK11AP_Airspeed7healthyEh @ 0x5fb160
CIRCLE: _ZNK7AP_EnumIN18AP_Airspeed_Params11SkipCalTypeEEcvKS1_Ev @ 0xaa6510
CIRCLE: _ZNK11AP_Airspeed11lib_enabledEv @ 0x5fb2e0
CIRCLE: _ZN12SRV_Channels17get_output_scaledEN11SRV_Channel8FunctionE @ 0x5fb330
CIRCLE: _ZNK10RC_Channel12get_radio_inEv @ 0xaa65a0
CIRCLE: _ZN2AP5fenceEv @ 0x5fd3a0
CIRCLE: _ZNK8AC_Fence7presentEv @ 0x5fd980
CIRCLE: _ZNK8AC_Fence7enabledEv @ 0xaa66b0
CIRCLE: _ZNK19AC_PolyFence_loader17total_fence_countEv @ 0xaa6900
CIRCLE: _ZNK7Vector2IfEmiERKS0_ @ 0xaa7030
CIRCLE: _ZNK7Vector2IfEmlERKS0_ @ 0xaa72a0
CIRCLE: _ZNK7Vector2IfEmlEf @ 0xaa7320
CIRCLE: _ZN7Vector2IfEC2Eff @ 0xaa73a0
CIRCLE: _ZNK8Location15get_distance_NEERKS_ @ 0x5ff000
CIRCLE: _ZNK19AC_PolyFence_loader27get_exclusion_polygon_countEv @ 0xaa74d0
CIRCLE: _ZNK19AC_PolyFence_loader27get_inclusion_polygon_countEv @ 0xaa7520
CIRCLE: _ZNK19AC_PolyFence_loader26get_exclusion_circle_countEv @ 0xaa7570
CIRCLE: _ZNK19AC_PolyFence_loader26get_inclusion_circle_countEv @ 0xaa75c0
CIRCLE: _ZN8AC_Fence13get_singletonEv @ 0xaa7610
CIRCLE: _ZN2AP10visualodomEv @ 0x5ff1c0
CIRCLE: _ZNK13AP_VisualOdom7enabledEv @ 0x5ff330
CIRCLE: _ZNK7AP_EnumIN13AP_VisualOdom15VisualOdom_TypeEEcvKS1_Ev @ 0xaa7650
CIRCLE: _ZN13AP_VisualOdom13get_singletonEv @ 0xaa76a0
CIRCLE: _ZN6AP_HAL6microsEv @ 0x5ff7a0
CIRCLE: _ZN2AP5mountEv @ 0x5ff7e0
CIRCLE: _ZN8AP_Mount13get_singletonEv @ 0xaa7720
CIRCLE: _ZN2AP3osdEv @ 0x5ffa40
CIRCLE: _ZN6AP_OSD13get_singletonEv @ 0xaa77c0
CIRCLE: _ZN2AP9generatorEv @ 0x5ffd90
CIRCLE: _ZN12AP_Generator13get_singletonEv @ 0x5fff50
CIRCLE: _ZN2AP3canEv @ 0x5fff90
CIRCLE: _ZNK13AP_CANManager15get_num_driversEv @ 0xaa78b0
CIRCLE: _ZNK13AP_CANManager15get_driver_typeEh @ 0xaa7900
CIRCLE: _ZN13AP_CANManager13get_singletonEv @ 0xaa7b90
CIRCLE: _ZNK10AP_Terrain14get_statisticsERtS0_ @ 0x600a70
CIRCLE: _ZNK10AP_Terrain10bitcount64Em @ 0x600c60
CIRCLE: _ZNK11SRV_Channel12get_functionEv @ 0xaa7cd0
CIRCLE: _ZNK11SRV_Channel14get_output_minEv @ 0xaa7d90
CIRCLE: _ZNK11SRV_Channel14get_output_maxEv @ 0xaa7de0
CIRCLE: _ZN11SRV_Channel13should_e_stopENS_8FunctionE @ 0x600d50
CIRCLE: _ZN11RangeFinder13get_singletonEv @ 0xaa7e80
CIRCLE: _ZNK9AP_Logger14logging_failedEv @ 0x601380
CIRCLE: _ZN2AP7batteryEv @ 0x601500
CIRCLE: _ZNK14AP_BattMonitor15configured_typeEh @ 0xaa7f70
CIRCLE: _ZNK14AP_BattMonitor14allocated_typeEh @ 0xaa7fe0
CIRCLE: _ZNK22AP_BattMonitor_Backend20check_failsafe_typesERbS0_S0_S0_ @ 0x601c30
CIRCLE: _ZNK21AP_BattMonitor_Params23failsafe_voltage_sourceEv @ 0xaa80c0
CIRCLE: _ZL3MAXIffEDTqugtfp_fp0_fp_fp0_ERKT_RKT0_.19313 @ 0x602040
CIRCLE: _ZN14AP_BattMonitor13get_singletonEv @ 0xaa8120
CIRCLE: _ZNK7Compass14is_calibratingEv @ 0x6020c0
CIRCLE: _ZNK7Compass7healthyEv @ 0xaa81c0
CIRCLE: _ZNK7Compass21learn_offsets_enabledEv @ 0xaa8220
CIRCLE: _ZNK7Compass9get_fieldEv @ 0xaa8350
CIRCLE: _ZNK7Compass10consistentEv @ 0x602480
CIRCLE: _ZN14AP_Declination18get_earth_field_gaERK8Location @ 0x602720
CIRCLE: _ZNK7Vector3IfEmlEf @ 0xaa83b0
CIRCLE: _ZN14AP_Declination16get_mag_field_efEffRfS0_S0_ @ 0x6029c0
CIRCLE: _ZL7radiansf.3485 @ 0x602fc0
CIRCLE: _Z15constrain_int32iii @ 0xaa8450
CIRCLE: _Z15constrain_valueIiET_S0_S0_S0_ @ 0xaa84c0
CIRCLE: _ZN11AP_AHRS_DCM11use_compassEv @ 0x603130
CIRCLE: _ZNK7AP_AHRS15get_fly_forwardEv @ 0xaa85b0
CIRCLE: _ZNK11AP_AHRS_DCM8have_gpsEv @ 0x6032e0
CIRCLE: _ZNK6AP_GPS12ground_speedEv @ 0xaa8610
CIRCLE: _ZL7degreesf.2589 @ 0x603370
CIRCLE: _ZNK6AP_GPS13ground_courseEv @ 0xaa8670
CIRCLE: _Z8wrap_180IfET_S0_ @ 0xaa86d0
CIRCLE: _Z8wrap_360f @ 0x6033c0
CIRCLE: _ZNK6AP_GPS13ground_courseEh @ 0xaa8760
CIRCLE: _ZNK6AP_GPS12ground_speedEh @ 0xaa87d0
CIRCLE: _ZNK7AP_EnumI6GPSUseEcvKS0_Ev @ 0xaa8840
CIRCLE: _ZNK12NavEKF2_core11use_compassEv @ 0x603440
CIRCLE: _ZNK7Vector3IfE2xyEv @ 0xaa8890
CIRCLE: _ZNK7Compass9get_countEv @ 0xaa88e0
CIRCLE: _ZNK7Compass9get_fieldEh @ 0xaa8930
CIRCLE: _ZNK7Vector2IfE7is_zeroEv @ 0xaa89b0
CIRCLE: _ZNK7Vector3IfE5angleERKS0_ @ 0xaa8a40
CIRCLE: _ZL7radiansf.3200 @ 0x6034e0
CIRCLE: _ZNK7Vector2IfE5angleERKS0_ @ 0xaa8b50
CIRCLE: _ZNK7Vector2IfE6lengthEv @ 0xaa8c70
CIRCLE: _ZNK7Compass11get_offsetsEh @ 0xaa8cd0
CIRCLE: _ZNK9AP_ParamVI7Vector3IfEL11ap_var_type5EEcvRKS1_Ev @ 0xaa8d50
CIRCLE: _ZNK14typesafe_indexIh12TAG_PriorityEltERKh @ 0xaa8da0
CIRCLE: _ZNK14typesafe_indexIh12TAG_PriorityEcvhEv @ 0xaa8e90
CIRCLE: _ZNK14typesafe_indexIh12TAG_PriorityEplERKh @ 0xaa8ee0
CIRCLE: _ZN14typesafe_indexIh12TAG_PriorityEppEi @ 0xaa8fe0
CIRCLE: _ZN19RestrictIDTypeArrayIN7Compass9mag_stateELj4E14typesafe_indexIh14TAG_StateIndexEEixERKS4_ @ 0xaa9050
CIRCLE: _ZN8AP_Param7set_keyERNS_12Param_headerEt @ 0x603a40
CIRCLE: _ZN8AP_Param4scanEPKNS_12Param_headerEPt @ 0x603ad0
CIRCLE: _ZN8AP_Param9type_sizeE11ap_var_type @ 0x603c60
CIRCLE: _ZNK13StorageAccess4sizeEv @ 0xaa9140
CIRCLE: _ZN8AP_Param7get_keyERKNS_12Param_headerE @ 0x603d00
CIRCLE: _ZN8AP_Param11is_sentinalERKNS_12Param_headerE @ 0x603d70
CIRCLE: _ZNK19RestrictIDTypeArrayIP17CompassCalibratorLj3E14typesafe_indexIh12TAG_PriorityEEixERKS4_ @ 0xaa9190
CIRCLE: _ZN5Plane9is_flyingEv @ 0x603ec0
CIRCLE: _ZNK9AP_Arming14option_enabledENS_6OptionE @ 0xaa9340
CIRCLE: _ZN15AP_Arming_Plane17update_soft_armedEv @ 0x604400
CIRCLE: _ZNK9AP_Arming8is_armedEv @ 0x604840
CIRCLE: _ZN9AP_Logger17set_vehicle_armedEb @ 0x6048c0
CIRCLE: _ZNK9AP_Arming22get_rudder_arming_typeEv @ 0xaa9420
CIRCLE: _ZN8AC_Fence12clear_breachEh @ 0x605180
CIRCLE: _ZN9AP_Logger18WriteCriticalBlockEPKvt @ 0x6051f0
CIRCLE: _ZNK9AP_Arming23is_armed_and_safety_offEv @ 0x6052a0
CIRCLE: _ZNK9QuadPlane14is_flying_vtolEv @ 0x605330
CIRCLE: _ZNK9QuadPlane12in_vtol_modeEv @ 0x6054d0
CIRCLE: _ZNK9QuadPlane15PosControlState9get_stateEv @ 0xaa9650
CIRCLE: _ZNK9QuadPlane12in_vtol_autoEv @ 0x605750
CIRCLE: _ZNK10AP_Mission19get_current_nav_cmdEv @ 0xaa96a0
CIRCLE: _ZNK9QuadPlane20in_vtol_land_descentEv @ 0x605cb0
CIRCLE: _ZN5Plane18update_current_locEv @ 0x6064e0
CIRCLE: _ZNK7AP_AHRS11get_yaw_degEv @ 0xaa9840
CIRCLE: _ZNK7AP_AHRS28get_relative_position_D_homeERf @ 0x6066f0
CIRCLE: _ZNK7AP_Baro12get_altitudeEv @ 0xaa9890
CIRCLE: _ZNK7AP_AHRS30get_relative_position_D_originERd @ 0x606890
CIRCLE: _ZNK7AP_AHRS11_get_originER8Location @ 0x6069d0
CIRCLE: _ZNK7AP_AHRS11_get_originENS_7EKFTypeER8Location @ 0x606ab0
CIRCLE: _ZNK7NavEKF312getOriginLLHER8Location @ 0x606d80
CIRCLE: _ZNK8Location11initialisedEv @ 0xaa98f0
CIRCLE: _ZNK12NavEKF3_core12getOriginLLHER8Location @ 0x607060
CIRCLE: _ZNK12NavEKF2_core12getOriginLLHER8Location @ 0x607150
CIRCLE: _ZNK8Location7is_zeroEv @ 0x607230
CIRCLE: _ZNK7NavEKF37getPosDERd @ 0x6073f0
CIRCLE: _ZNK7Vector3IfE8todoubleEv @ 0xaa9980
CIRCLE: _ZN7Vector3IdEmLEd @ 0xaa9a00
CIRCLE: _ZN8Location13offset_latlngERiS0_dd @ 0x6078c0
CIRCLE: _ZN8Location15limit_lattitudeEi @ 0x6079c0
CIRCLE: _ZN8Location14wrap_longitudeEl @ 0x607a60
CIRCLE: _ZN7Vector3IdEC2Eddd @ 0xaa9a90
CIRCLE: _ZNK12NavEKF3_core7getPosDERd @ 0x607b00
CIRCLE: _ZNK12NavEKF3_core13getPosD_localERd @ 0x607bd0
CIRCLE: _ZNK12NavEKF2_core7getPosDERd @ 0x607c60
CIRCLE: _ZN7Vector3IdEC2Ev @ 0xaa9b20
CIRCLE: _ZNK11AP_AHRS_DCM12get_locationER8Location @ 0x607e50
CIRCLE: _ZN8Location6offsetEdd @ 0x608180
CIRCLE: _ZNK6AP_GPS7get_lagERf @ 0xaa9b80
CIRCLE: _ZNK6AP_GPS7get_lagEhRf @ 0x608210
CIRCLE: _ZN7AP_AHRS25Log_Write_Home_And_OriginEv @ 0x608540
CIRCLE: _ZN3GCS12send_messageE10ap_message @ 0x608610
CIRCLE: _ZN10AP_Mission20write_cmd_to_storageEtRKNS_15Mission_CommandE @ 0x6087c0
CIRCLE: _ZNK10AP_Mission16num_commands_maxEv @ 0xaa9cc0
CIRCLE: _ZNK13StorageAccess10write_byteEth @ 0x608b40
CIRCLE: _ZNK13StorageAccess12write_uint16Ett @ 0x608bc0
CIRCLE: _ZNK13StorageAccess11write_blockEtPKvm @ 0x608c50
CIRCLE: _ZN11GCS_MAVLINK12send_messageE10ap_message @ 0x608f40
CIRCLE: _ZN11GCS_MAVLINK22save_signing_timestampEb @ 0x609050
CIRCLE: _ZNK11GCS_MAVLINK12is_streamingEv @ 0xaa9d10
CIRCLE: _ZN7BitmaskILt91EE3setEt @ 0xaa9d70
CIRCLE: _ZNK7BitmaskILt91EE8validateEt @ 0xaa9e30
CIRCLE: _ZN11GCS_MAVLINK16signing_key_loadER10SigningKey @ 0x609180
CIRCLE: _ZNK7AP_AHRS10get_originER8Location @ 0x6092e0
CIRCLE: _ZNK7AP_AHRS12Write_OriginENS_13LogOriginTypeERK8Location @ 0x609360
CIRCLE: _ZNK8Location10get_alt_cmENS_8AltFrameERi @ 0x609450
CIRCLE: _ZN9AP_Logger10WriteBlockEPKvt @ 0x609790
CIRCLE: _ZN17AP_Logger_Backend10WriteBlockEPKvt @ 0xaa9ec0
CIRCLE: _ZNK8Location13get_alt_frameEv @ 0x609840
CIRCLE: _ZN2AP7terrainEv @ 0x609920
CIRCLE: _ZN10AP_Terrain11height_amslERK8LocationRfb @ 0x609960
CIRCLE: _ZN10AP_Terrain8allocateEv @ 0x609da0
CIRCLE: _ZNK10AP_Terrain19calculate_grid_infoERK8LocationRNS_9grid_infoE @ 0x609ec0
CIRCLE: _ZN10AP_Terrain15find_grid_cacheERKNS_9grid_infoE @ 0x60a330
CIRCLE: _ZN10AP_Terrain12check_bitmapERKNS_10grid_blockEhh @ 0x60a640
CIRCLE: _ZN10AP_Terrain11grid_bitnumEhh @ 0x60a700
CIRCLE: _Z9check_lati @ 0x60a790
CIRCLE: _Z9check_lngi @ 0x60a800
CIRCLE: _ZNK10AP_DAL_GPS8locationEv @ 0xaaa000
CIRCLE: _ZNK10AP_DAL_GPS8locationEh @ 0xaaa060
CIRCLE: _ZN6AP_DAL9end_frameEv @ 0x60b020
CIRCLE: _ZN6AP_DAL15WriteLogMessageE11LogMessagesPvPKvh @ 0x60b0a0
CIRCLE: _ZN9AP_Logger16WriteReplayBlockEhPKvt @ 0x60b1c0
CIRCLE: _ZNK9AP_Logger10log_replayEv @ 0xaaa0d0
CIRCLE: _ZNK11AP_Airspeed7healthyEv @ 0xaaa190
CIRCLE: _ZNK7AP_Baro15get_temperatureEh @ 0xaaa270
CIRCLE: _ZN11AP_Airspeed15get_temperatureEhRf @ 0x60b8a0
CIRCLE: _ZNK7AP_AHRS17get_filter_statusER17nav_filter_status @ 0x60bc90
CIRCLE: _ZNK7AP_AHRS16get_velocity_NEDER7Vector3IfE @ 0x60bdc0
CIRCLE: _ZN10AP_Terrain23update_reference_offsetEv @ 0x60be40
CIRCLE: _ZNK9AP_ParamTIfL11ap_var_type4EEngEv @ 0xaaa340
CIRCLE: _ZNK7NavEKF315getFilterStatusER17nav_filter_status @ 0x60c130
CIRCLE: _ZNK15AP_ExternalAHRS17get_filter_statusER17nav_filter_status @ 0x60c420
CIRCLE: _ZNK12NavEKF3_core15getFilterStatusER17nav_filter_status @ 0x60c5b0
CIRCLE: _ZNK12NavEKF2_core15getFilterStatusER17nav_filter_status @ 0x60c620
CIRCLE: _ZNK9AP_Arming18get_enabled_checksEv @ 0x60c690
CIRCLE: _ZN7HALSITL9Semaphore4takeEj @ 0x60c7f0
CIRCLE: _ZN7HALSITL9Semaphore16take_nonblockingEv @ 0x60c990
CIRCLE: _ZN6AP_HAL9Semaphore13take_blockingEv @ 0xaaab70
CIRCLE: _ZN7HALSITL9Semaphore4giveEv @ 0x60ca20
CIRCLE: _ZN4SITL6AS56006updateERKNS_8AircraftE @ 0x60de50
CIRCLE: _ZNK4SITL8Aircraft12get_attitudeER11QuaternionTIfE @ 0xaaba10
CIRCLE: _ZL7degreesf.21535 @ 0x60e220
CIRCLE: _ZN4SITL17I2CRegisters_8Bit12set_registerEhh @ 0x60e280
CIRCLE: _ZN4SITL9I2CDevice6updateERKNS_8AircraftE @ 0xaabc00
CIRCLE: _ZN4SITL13TeraRangerI2C6updateERKNS_8AircraftE @ 0xaabda0
CIRCLE: _ZNK4SITL8Aircraft17rangefinder_rangeEv @ 0x60e940
CIRCLE: _Z10rand_floatv @ 0x60ec20
CIRCLE: _ZN4SITL7INA32216updateERKNS_8AircraftE @ 0x60ef00
CIRCLE: _ZL15convert_voltagef @ 0x60f380
CIRCLE: _ZL15convert_currentf @ 0x60f450
CIRCLE: _ZN4SITL8QMC5883L6updateERKNS_8AircraftE @ 0x60f6b0
CIRCLE: _ZN7Vector3IfE14rotate_inverseE8Rotation @ 0xaabe10
CIRCLE: _ZL7htole16t.15963 @ 0x60fac0
CIRCLE: _ZN7Vector3IsEC2Esss @ 0xaabfc0
CIRCLE: _ZN4SITL10IS31FL31956updateERKNS_8AircraftE @ 0x60fd30
CIRCLE: _ZN4SITL17I2CRegisters_8Bit12get_registerEh @ 0xaac160
CIRCLE: _ZN10SIM_RGBLED11set_coloursEhhh @ 0xaac1c0
CIRCLE: _ZN4SITL6LM27556updateERKNS_8AircraftE @ 0x610a10
CIRCLE: _ZNK4SITL6LM275510LEDChannel13current_valueEv @ 0xaac3d0
CIRCLE: _ZN4SITL6LP55626updateERKNS_8AircraftE @ 0x610fc0
CIRCLE: _ZN4SITL6LP556210LEDChannel6updateEv @ 0x6112d0
CIRCLE: _ZNK4SITL6LP556210LEDChannel13current_valueEv @ 0xaac650
CIRCLE: _ZN4SITL6MS5XXX6updateERKNS_8AircraftE @ 0x6113b0
CIRCLE: _ZN7AP_Baro37get_pressure_temperature_for_alt_amslEfRfS0_ @ 0x612360
CIRCLE: _ZN7AP_Baro29geometric_alt_to_geopotentialEf @ 0x612540
CIRCLE: _ZL33find_atmosphere_layer_by_altitudef @ 0x6125a0
CIRCLE: _ZN7AP_Baro33get_temperature_by_altitude_layerEfa @ 0x612650
CIRCLE: _ZN7AP_Baro29get_temperatureC_for_alt_amslEf @ 0x6131d0
CIRCLE: _ZN4SITL12InvensenseV36updateERKNS_8AircraftE @ 0x613240
CIRCLE: _ZNK4SITL8ICM4060911accel_scaleEv @ 0xaacba0
CIRCLE: _ZL7radiansd.15405 @ 0x613d00
CIRCLE: _ZNK4SITL12InvensenseV310gyro_scaleEv @ 0xaacbf0
CIRCLE: _ZN4SITL12InvensenseV313write_to_fifoEhPhh @ 0x613d50
CIRCLE: _ZN4SITL7MCP96006updateERKNS_8AircraftE @ 0x6142b0
CIRCLE: _ZL7htobe16t.15309 @ 0x614880
CIRCLE: _ZL10__bswap_16t.15311 @ 0x6148d0
CIRCLE: _ZNK4SITL31I2CRegisters_ConfigurableLength13get_reg_valueEhRh @ 0x614940
CIRCLE: _ZN4SITL6TSYS036updateERKNS_8AircraftE @ 0x614d90
CIRCLE: _ZN4SITL6TSYS016updateERKNS_8AircraftE @ 0x6157e0
CIRCLE: _ZN4SITL5SHT3x6updateERKNS_8AircraftE @ 0x616410
CIRCLE: _ZN4SITL13Airspeed_DLVR6updateERKNS_8AircraftE @ 0x616c90
CIRCLE: _ZN4SITL29SIM_BattMonitor_SMBus_Generic6updateERKNS_8AircraftE @ 0x617770
CIRCLE: _ZNK4SITL29SIM_BattMonitor_SMBus_Generic15connected_cellsEv @ 0xaad4e0
CIRCLE: _ZN4SITL21SIM_BattMonitor_SMBus6updateERKNS_8AircraftE @ 0x617fd0
CIRCLE: _ZNK4SITL8Aircraft19get_battery_voltageEv @ 0xaad530
CIRCLE: _ZN4SITL11SMBusDevice12set_registerEht @ 0xaad580
CIRCLE: _ZN4SITL18I2CRegisters_16Bit12set_registerEht @ 0x6180e0
CIRCLE: _ZN4SITL11SMBusDevice12set_registerEhs @ 0xaad600
CIRCLE: _ZN4SITL18I2CRegisters_16Bit12set_registerEhs @ 0x618190
CIRCLE: _ZN4SITL6Rotoye6updateERKNS_8AircraftE @ 0x618430
CIRCLE: _ZN4SITL11SMBusDevice13get_reg_valueEh @ 0xaad8b0
CIRCLE: _ZN4SITL18I2CRegisters_16Bit13get_reg_valueEh @ 0xaad920
CIRCLE: _ZL7be16toht.21586 @ 0x618500
CIRCLE: _ZL10__bswap_16t.21587 @ 0x618550
CIRCLE: _ZNK4SITL6Maxell15connected_cellsEv @ 0xaad9e0
CIRCLE: _ZN4SITL13MaxSonarI2CXL6updateERKNS_8AircraftE @ 0xaadb20
CIRCLE: _ZN4SITL10ToshibaLED6updateERKNS_8AircraftE @ 0x618810
CIRCLE: _ZNK6AP_HAL3HAL6serialEh @ 0xaae560
CIRCLE: _ZL14fill_stack_nanv @ 0x6192d0
CIRCLE: _ZN7HALSITL9Scheduler13_run_io_procsEv @ 0x619650
CIRCLE: _ZNK7FunctorIvJEEcvbEv @ 0xaae670
CIRCLE: _ZNK7FunctorIvJEEclEv @ 0xaae6d0
CIRCLE: _ZN7HALSITL16I2CDeviceManager11_timer_tickEv @ 0x619860
CIRCLE: _ZN2AP2RCEv @ 0x619900
CIRCLE: _ZN13AP_RCProtocol6updateEv @ 0x6199b0
CIRCLE: _ZN13AP_RCProtocol16check_added_uartEv @ 0x619a00
CIRCLE: _ZNK13AP_RCProtocol13should_searchEj @ 0x619c70
CIRCLE: _ZN21AP_RCProtocol_Backend9new_inputEv @ 0x61a3b0
CIRCLE: _ZNK17AP_RCProtocol_FDM6activeEv @ 0xaae970
CIRCLE: _ZN6I2CBus11_timer_tickEv @ 0x61a5c0
CIRCLE: _ZN9AP_Logger6WriteVEPKcS1_S1_S1_S1_P13__va_list_tagbb @ 0x61a6f0
CIRCLE: _ZN9AP_Logger16msg_fmt_for_nameEPKcS1_S1_S1_S1_bb @ 0x61a8f0
CIRCLE: _ZN17AP_Logger_Backend5WriteEhP13__va_list_tagbb @ 0x61b1e0
CIRCLE: _ZNK9AP_Logger24assert_same_fmt_for_nameEPKNS_13log_write_fmtEPKcS4_S4_S4_S4_ @ 0x61bd60
CIRCLE: _ZN3GCS14update_receiveEv @ 0x61d0d0
CIRCLE: _ZN3GCS11update_sendEv @ 0x61d180
CIRCLE: _ZN19MissionItemProtocol6updateEv @ 0x61d4c0
CIRCLE: _ZN11GCS_MAVLINK11update_sendEv @ 0x61d690
CIRCLE: _ZN3GCS18service_statustextEv @ 0x61da70
CIRCLE: _ZN3GCS15StatusTextQueue9semaphoreEv @ 0xaaebd0
CIRCLE: _ZNK11ObjectArrayIN3GCS12statustext_tEE8is_emptyEv @ 0xaaec20
CIRCLE: _ZN11GCS_MAVLINK18service_statustextEv @ 0x61dbe0
CIRCLE: _ZN3GCS15StatusTextQueue5pruneEv @ 0x61de20
CIRCLE: _ZNK11ObjectArrayIN3GCS12statustext_tEE9availableEv @ 0xaaec80
CIRCLE: _ZN11ObjectArrayIN3GCS12statustext_tEEixEt @ 0xaaecd0
CIRCLE: _ZN11ObjectArrayIN3GCS12statustext_tEE6removeEt @ 0xaaed70
CIRCLE: _ZN3GCS16statustext_queueEv @ 0xaaef70
CIRCLE: _Z14comm_chan_lock17mavlink_channel_t @ 0x61df50
CIRCLE: _ZL27mavlink_msg_statustext_send17mavlink_channel_thPKcth @ 0x61dfb0
CIRCLE: _ZL16mav_array_memcpyPvPKvm.7264 @ 0x61e090
CIRCLE: _ZN9AP_Logger15handle_log_sendEv @ 0x61e130
CIRCLE: _ZN22GCS_MAVLINK_InProgress11check_tasksEv @ 0x61e800
CIRCLE: _ZNK3GCS11out_of_timeEv @ 0x61e9f0
CIRCLE: _ZN11GCS_MAVLINK30deferred_message_to_send_indexEt @ 0x61ead0
CIRCLE: _ZN11GCS_MAVLINK19do_try_send_messageE10ap_message @ 0x61ecb0
CIRCLE: _ZNK7BitmaskILt91EE9first_setEv @ 0xaaefc0
CIRCLE: _ZN7BitmaskILt91EE5clearEt @ 0xaaf090
CIRCLE: _ZN11GCS_MAVLINK36next_deferred_bucket_message_to_sendEt @ 0x61ede0
CIRCLE: _ZNK7BitmaskILt91EE5countEv @ 0xaaf150
CIRCLE: _ZNK11GCS_MAVLINK26get_reschedule_interval_msERKNS_25deferred_message_bucket_tE @ 0x61ef10
CIRCLE: _ZN11GCS_MAVLINK24find_next_bucket_to_sendEt @ 0x61f010
CIRCLE: _ZN7BitmaskILt91EEaSERKS0_ @ 0xaaf220
CIRCLE: _ZNK11GCS_MAVLINK24requesting_mission_itemsEv @ 0x61f1e0
CIRCLE: _ZN7GCS_FTP16get_last_send_msE17mavlink_channel_t @ 0x61f2d0
CIRCLE: _ZNK19MissionItemProtocol14active_link_isEPK11GCS_MAVLINK @ 0xaaf2f0
CIRCLE: _ZNK11GCS_MAVLINK17telemetry_delayedEv @ 0x61f470
CIRCLE: _ZNK3GCS11telem_delayEv @ 0xaaf360
CIRCLE: _ZN14AP_BoardConfig15in_config_errorEv @ 0xaaf3c0
CIRCLE: _ZNK12AP_Scheduler19time_available_usecEv @ 0x61f540
CIRCLE: _ZN2AP2FSEv @ 0x61f7c0
CIRCLE: _ZN19AP_Filesystem_Posix5writeEiPKvj @ 0x61fb60
CIRCLE: _ZN21AP_Filesystem_Backend17bytes_until_fsyncEi @ 0xaaf400
CIRCLE: _ZN19AP_Filesystem_Posix9disk_freeEPKc @ 0x620350
CIRCLE: _ZNK21AP_Filesystem_Backend15file_op_allowedEv @ 0x620a80
CIRCLE: _ZL12map_filenamePKc @ 0x620b20
CIRCLE: _ZL17map_filename_freePKc @ 0x620bc0
CIRCLE: _Z16comm_get_txspace17mavlink_channel_t @ 0x620d10
CIRCLE: _ZL28mavlink_msg_command_ack_send17mavlink_channel_tthhihh @ 0x620da0
CIRCLE: _ZN11GCS_MAVLINK23set_ap_message_intervalE10ap_messaget @ 0x621210
CIRCLE: _ZNK11GCS_MAVLINK20cap_message_intervalEt @ 0x621630
CIRCLE: _ZNK11GCS_MAVLINK26get_deferred_message_indexE10ap_message @ 0x621700
CIRCLE: _ZNK7BitmaskILt91EE3getEt @ 0xaaf640
CIRCLE: _ZN12AP_Scheduler18get_loop_period_usEv @ 0xaaf710
CIRCLE: _ZNK13AP_Filesystem13backend_by_fdERi @ 0x621f80
CIRCLE: _ZNK13AP_Filesystem15backend_by_pathERPKc @ 0x622050
CIRCLE: _ZN11GCS_MAVLINK39initialise_message_intervals_for_streamENS_7streamsE @ 0x622340
CIRCLE: _ZNK11GCS_MAVLINK23get_interval_for_streamENS_7streamsE @ 0x622540
CIRCLE: _ZNK11GCS_MAVLINK8get_chanEv @ 0xaaf7b0
CIRCLE: _ZL28mavlink_msg_mission_ack_send17mavlink_channel_thhhh.20496 @ 0x622f20
CIRCLE: _ZNK11GCS_MAVLINK22get_stream_slowdown_msEv @ 0xaaf850
CIRCLE: _ZNK11GCS_MAVLINK9send_textE12MAV_SEVERITYPKcz @ 0x623900
CIRCLE: _ZN19LoggerMessageWriter5resetEv @ 0x624f00
CIRCLE: _ZN19AC_PolyFence_loader13check_indexedEv @ 0x6256b0
CIRCLE: _ZN19MissionItemProtocol26allocate_receive_resourcesEt @ 0xab00b0
CIRCLE: _ZN19MissionItemProtocol21free_upload_resourcesEv @ 0xab0160
CIRCLE: _ZNK29MissionItemProtocol_Waypoints12mission_typeEv @ 0xab03f0
CIRCLE: _ZNK29MissionItemProtocol_Waypoints23next_item_ap_message_idEv @ 0xab0440
CIRCLE: _ZN29MissionItemProtocol_Waypoints8truncateERK25__mavlink_mission_count_t @ 0x627010
CIRCLE: _ZNK29MissionItemProtocol_Waypoints10item_countEv @ 0x6271c0
CIRCLE: _ZNK29MissionItemProtocol_Waypoints9max_itemsEv @ 0x627220
CIRCLE: _ZN29MissionItemProtocol_Waypoints12replace_itemERK28__mavlink_mission_item_int_t @ 0x627280
CIRCLE: _ZN29MissionItemProtocol_Waypoints8completeERK11GCS_MAVLINK @ 0x627530
CIRCLE: _ZN9AP_Logger19Write_EntireMissionEv @ 0x627610
CIRCLE: _ZN17AP_Logger_Backend19Write_EntireMissionEv @ 0x6276a0
CIRCLE: _ZN30LoggerMessageWriter_DFLogStart18writeentiremissionEv @ 0x627700
CIRCLE: _ZN38LoggerMessageWriter_WriteEntireMission5resetEv @ 0x627790
CIRCLE: _ZN10AP_Mission26mavlink_int_to_mission_cmdERK28__mavlink_mission_item_int_tRNS_15Mission_CommandE @ 0x627800
CIRCLE: _ZN10AP_Mission19sanity_check_paramsERK28__mavlink_mission_item_int_t @ 0x6291f0
CIRCLE: _ZL3MINIitEDTqultfp_fp0_fp_fp0_ERKT_RKT0_.4657 @ 0x629520
CIRCLE: _Z11is_negativeIfEbT_ @ 0xab0490
CIRCLE: _ZN10AP_Mission11replace_cmdEtRKNS_15Mission_CommandE @ 0x629650
CIRCLE: _ZN10AP_Mission26mission_cmd_to_mavlink_intERKNS_15Mission_CommandER28__mavlink_mission_item_int_t @ 0x629720
CIRCLE: _ZN10AP_Mission8truncateEt @ 0x62acc0
CIRCLE: _ZN11GCS_MAVLINK14update_receiveEj @ 0x62ae30
CIRCLE: _ZN3GCS15update_passthruEv @ 0x62b300
CIRCLE: _ZN16AP_SerialManager12get_passthruERPN6AP_HAL10UARTDriverES3_RhRjS5_ @ 0x62b830
CIRCLE: _ZN6AP_HAL10UARTDriver11read_lockedEPhmj @ 0x62c2b0
CIRCLE: _ZNK11GCS_MAVLINK6lockedEv @ 0xab0780
CIRCLE: _ZNK7FunctorIbJhPN6AP_HAL10UARTDriverEEEcvbEv @ 0xab07e0
CIRCLE: _ZN11GCS_MAVLINK14channel_bufferEv @ 0xab08c0
CIRCLE: mavlink_frame_char_buffer @ 0x62c990
CIRCLE: _ZN12AP_Scripting14handle_messageERK17__mavlink_message17mavlink_channel_t @ 0x62d230
CIRCLE: _ZN11GCS_MAVLINK13send_timesyncEv @ 0x62d420
CIRCLE: _ZN11GCS_MAVLINK17log_mavlink_statsEv @ 0x62d490
CIRCLE: _ZNK11GCS_MAVLINK15signing_enabledEv @ 0x62d610
CIRCLE: _ZNK11GCS_MAVLINK21timesync_timestamp_nsEv @ 0x62d6b0
CIRCLE: _ZL25mavlink_msg_timesync_send17mavlink_channel_tll @ 0x62d710
CIRCLE: mavlink_start_checksum @ 0x62d7b0
CIRCLE: mavlink_update_checksum @ 0x62d810
CIRCLE: _Z9fill_nanfPft @ 0x62e250
CIRCLE: _ZN10ByteBuffer7advanceEj @ 0x6312e0
CIRCLE: _ZN5Empty11OpticalFlow9push_gyroEfff @ 0xab1790
CIRCLE: _ZN5Empty11OpticalFlow14push_gyro_biasEff @ 0xab1800
CIRCLE: _ZN6AP_HAL4Util14set_soft_armedEb @ 0x631e00
CIRCLE: _ZNK7HALSITL4Util18was_watchdog_resetEv @ 0xab1ad0
CIRCLE: _ZN7HALSITL4Util19safety_switch_stateEv @ 0x631f90
CIRCLE: _ZN7HALSITL4Util16available_memoryEv @ 0xab1fc0
CIRCLE: _ZN7HALSITL4Util8uart_logEv @ 0x632570
CIRCLE: _ZN6AP_HAL4Util14log_stack_infoEv @ 0xab2360
CIRCLE: _ZN6AP_HAL10UARTDriver9log_statsEhRNS0_12StatsTrackerEj @ 0x632740
CIRCLE: _ZN6AP_HAL10UARTDriver12StatsTracker11ByteTracker6updateEj @ 0x6328e0
CIRCLE: _ZN7HALSITL8RCOutput20_safety_switch_stateEv @ 0xab2400
CIRCLE: _ZN6AP_HAL10UARTDriver5writeEPKhm @ 0x634e10
CIRCLE: _ZN6AP_HAL10UARTDriver9availableEv @ 0x634f50
CIRCLE: _ZN6AP_HAL10UARTDriver4readEv @ 0x634fd0
CIRCLE: _ZN6AP_HAL10UARTDriver4readERh @ 0x635050
CIRCLE: _ZN6AP_HAL10UARTDriver4readEPht @ 0x635150
CIRCLE: _ZN7HALSITL10UARTDriver7txspaceEv @ 0x6351c0
CIRCLE: _ZN7HALSITL10UARTDriver11_timer_tickEv @ 0x635540
CIRCLE: _ZN7HALSITL10UARTDriver26receive_time_constraint_usEt @ 0x6355a0
CIRCLE: _ZN7HALSITL10UARTDriver6_writeEPKhm @ 0x636270
CIRCLE: _ZN7HALSITL10UARTDriver5_readEPht @ 0x636440
CIRCLE: _ZN7HALSITL10UARTDriver10_availableEv @ 0x636630
CIRCLE: _ZNK7HALSITL10UARTDriver18get_total_tx_bytesEv @ 0xab4b90
CIRCLE: _ZNK7HALSITL10UARTDriver18get_total_rx_bytesEv @ 0xab4be0
CIRCLE: _ZNK6AP_HAL10UARTDriver26get_total_dropped_rx_bytesEv @ 0xab4c30
CIRCLE: _ZN7HALSITL10UARTDriver17_check_connectionEv @ 0x636720
CIRCLE: _ZN7HALSITL10UARTDriver13_select_checkEi @ 0x636860
CIRCLE: _ZN10ByteBuffer4readEPhj @ 0x636a70
CIRCLE: _ZN7HALSITL10UARTDriver41handle_writing_from_writebuffer_to_deviceEv @ 0x636b10
CIRCLE: _ZN7HALSITL10UARTDriver16_check_reconnectEv @ 0x636ec0
CIRCLE: _ZL3MINIjjEDTqultfp_fp0_fp_fp0_ERKT_RKT0_.14591 @ 0x6372c0
CIRCLE: _ZNK4SITL12SerialDevice15write_to_deviceEPKcm @ 0x637340
CIRCLE: _ZNK4SITL12SerialDevice18write_to_autopilotEPKcm @ 0x63a6a0
CIRCLE: _ZNK4SITL12SerialDevice13is_match_baudEv @ 0x63a760
CIRCLE: _ZNK4SITL3GPS18write_to_autopilotEPKcm @ 0x63a890
CIRCLE: _ZNK4SITL3GPS11device_baudEv @ 0x63aab0
CIRCLE: _Z8wrap_180IdET_S0_ @ 0xab6220
CIRCLE: _ZN8Location14offset_bearingEdd @ 0x63d7f0
CIRCLE: _ZL7radiansd @ 0x63d8f0
CIRCLE: _Z8wrap_360d @ 0x63d940
CIRCLE: _ZNK4SITL12SerialDevice19read_from_autopilotEPcm @ 0x63d9e0
CIRCLE: _ZN4SITL8Aircraft11rand_normalEdd @ 0x640920
CIRCLE: _Z7is_zerod @ 0xab8350
CIRCLE: _ZN7HALSITL10UARTDriver40handle_reading_from_device_to_readbufferEv @ 0x6432d0
CIRCLE: _ZNK4SITL12SerialDevice16read_from_deviceEPcm @ 0x643760
CIRCLE: _ZN7HALSITL8AnalogIn13board_voltageEv @ 0xab9860
CIRCLE: _ZN6AP_HAL8AnalogIn17servorail_voltageEv @ 0xab98b0
CIRCLE: _ZN6AP_HAL8AnalogIn18power_status_flagsEv @ 0xab9900
CIRCLE: _ZN7HALSITL9ADCSource7set_pinEh @ 0x6443a0
CIRCLE: _ZN7HALSITL9ADCSource15voltage_averageEv @ 0x644420
CIRCLE: _ZN7HALSITL9ADCSource14voltage_latestEv @ 0x644470
CIRCLE: _ZN7HALSITL9ADCSource27voltage_average_ratiometricEv @ 0xab9a00
CIRCLE: _ZN7HALSITL4GPIO13usb_connectedEv @ 0x644bd0
CIRCLE: _ZN7HALSITL8RCOutput9enable_chEh @ 0x644fd0
CIRCLE: _ZN7HALSITL8RCOutput10disable_chEh @ 0x645060
CIRCLE: _ZN7HALSITL8RCOutput5writeEht @ 0x6450f0
CIRCLE: _ZN6AP_HAL8RCOutput20update_channel_masksEv @ 0xaba2e0
CIRCLE: _ZN7HALSITL8RCOutput4corkEv @ 0x645220
CIRCLE: _ZN7HALSITL8RCOutput4pushEv @ 0x6452b0
CIRCLE: _ZN7HALSITL8RCOutput4readEh @ 0x6453e0
CIRCLE: _ZN7HALSITL8RCOutput4readEPth @ 0x645470
CIRCLE: _ZN6AP_HAL8RCOutput16set_default_rateEt @ 0xabab80
CIRCLE: _ZN17AP_ESC_Telem_SITL6updateEv @ 0x645890
CIRCLE: _ZL3MAXIffEDTqugtfp_fp0_fp_fp0_ERKT_RKT0_.21054 @ 0x645a60
CIRCLE: _ZN20AP_ESC_Telem_Backend10update_rpmEhff @ 0x645ae0
CIRCLE: _ZN20AP_ESC_Telem_Backend17update_telem_dataEhRKNS_13TelemetryDataEt @ 0x645b70
CIRCLE: _ZN12AP_ESC_Telem17update_telem_dataEhRKN20AP_ESC_Telem_Backend13TelemetryDataEt @ 0x645c00
CIRCLE: _ZN12AP_ESC_Telem10update_rpmEhff @ 0x645ee0
CIRCLE: _ZL3MAXIjjEDTqugtfp_fp0_fp_fp0_ERKT_RKT0_.10617 @ 0x646040
CIRCLE: _Z16constrain_uint32jjj @ 0xabb0b0
CIRCLE: _Z15constrain_valueIjET_S0_S0_S0_ @ 0xabb120
CIRCLE: _ZN7HALSITL7RCInput9new_inputEv @ 0x6461d0
CIRCLE: _ZN7HALSITL7RCInput12num_channelsEv @ 0x646230
CIRCLE: _ZN7HALSITL7RCInput4readEh @ 0x646290
CIRCLE: _ZN13AP_RCProtocol4readEh @ 0x646540
CIRCLE: _ZN21AP_RCProtocol_Backend4readEh @ 0x6465d0
CIRCLE: _ZN13AP_RCProtocol12num_channelsEv @ 0x646630
CIRCLE: _ZNK21AP_RCProtocol_Backend12num_channelsEv @ 0x6466b0
CIRCLE: _ZN13AP_RCProtocol9new_inputEv @ 0x646700
CIRCLE: _ZN13AP_RCProtocol21detect_async_protocolENS_12rcprotocol_tE @ 0x6468c0
CIRCLE: _ZNK13AP_RCProtocol10using_uartEv @ 0xabb6b0
CIRCLE: _ZN17AP_RCProtocol_FDM6updateEv @ 0x647510
CIRCLE: _ZN21AP_RCProtocol_Backend9add_inputEhPtbss @ 0x6476f0
CIRCLE: _ZL3MINIhiEDTqultfp_fp0_fp_fp0_ERKT_RKT0_.20689 @ 0x647850
CIRCLE: _ZN13AP_RCProtocol19set_failsafe_activeEb @ 0xabc080
CIRCLE: _ZN21AP_RCProtocol_Backend6updateEv @ 0xabc190
CIRCLE: _ZN17AP_RCProtocol_UDP6updateEv @ 0x6478d0
CIRCLE: _ZN17AP_RCProtocol_UDP21read_all_socket_inputEv @ 0x647b30
CIRCLE: _ZN16SocketAPM_native4recvEPvmj @ 0x647dd0
CIRCLE: _ZN16SocketAPM_native6pollinEj @ 0x648000
CIRCLE: _ZNK16SocketAPM_native11get_read_fdEv @ 0xabc2c0
CIRCLE: _ZN18AP_RCProtocol_GHST6updateEv @ 0x648860
CIRCLE: _ZNK12NavEKF3_core12getVariancesERfS0_S0_R7Vector3IfES0_R7Vector2IfE @ 0x64a970
CIRCLE: _ZL3MAXIddEDTqugtfp_fp0_fp_fp0_ERKT_RKT0_.5309 @ 0x64ab70
CIRCLE: _ZNK7Vector2IdE7tofloatEv @ 0xabc9f0
CIRCLE: _ZNK12NavEKF2_core12getVariancesERfS0_S0_R7Vector3IfES0_R7Vector2IfE @ 0x64abf0
CIRCLE: _ZL3MAXIddEDTqugtfp_fp0_fp_fp0_ERKT_RKT0_.4705 @ 0x64adf0
CIRCLE: _ZN3GCS23get_sensor_status_flagsERjS0_S0_ @ 0x64aee0
CIRCLE: _ZN3GCS26update_sensor_status_flagsEv @ 0x64afa0
CIRCLE: _ZNK7AP_AHRS11initialisedEv @ 0x64b760
CIRCLE: _ZNK7AP_AHRS17have_inertial_navEv @ 0x64b890
CIRCLE: _ZNK7AP_Baro13num_instancesEv @ 0xabca50
CIRCLE: _ZNK6AP_GPS10is_healthyEv @ 0xabcaa0
CIRCLE: _ZNK14AP_BattMonitor13num_instancesEv @ 0xabcb00
CIRCLE: _ZNK14AP_BattMonitor7healthyEv @ 0x64b8f0
CIRCLE: _ZNK14AP_BattMonitor13has_failsafedEv @ 0xabcb50
CIRCLE: _ZNK17AP_InertialSensor11calibratingEv @ 0x64b9e0
CIRCLE: _ZNK9AP_Logger15logging_enabledEv @ 0x64bab0
CIRCLE: _ZNK6AP_GPS15logging_presentEv @ 0xabcbb0
CIRCLE: _ZNK6AP_GPS15logging_enabledEv @ 0xabcc20
CIRCLE: _ZNK6AP_GPS14logging_failedEv @ 0x64bb80
CIRCLE: _ZNK7AP_AHRS12get_ekf_typeEv @ 0xabcc90
CIRCLE: _ZNK8AC_Fence18sys_status_enabledEv @ 0x64bc60
CIRCLE: _ZNK8AC_Fence18sys_status_presentEv @ 0x64bd00
CIRCLE: _ZNK8AC_Fence17sys_status_failedEv @ 0x64bd60
CIRCLE: _ZNK11AP_Airspeed7enabledEv @ 0xabccf0
CIRCLE: _ZNK11AP_Airspeed3useEv @ 0xabcd50
CIRCLE: _ZNK7AP_AHRS23airspeed_sensor_enabledEv @ 0xabcdb0
CIRCLE: _ZNK11AP_Airspeed11all_healthyEv @ 0x64bdf0
CIRCLE: _ZN2AP11opticalflowEv @ 0x64beb0
CIRCLE: _ZNK14AP_OpticalFlow7enabledEv @ 0xabce00
CIRCLE: _ZNK14AP_OpticalFlow7healthyEv @ 0xabce70
CIRCLE: _ZN2AP6armingEv @ 0x64bef0
CIRCLE: _ZNK11RC_Channels22has_ever_seen_rc_inputEv @ 0xabcef0
CIRCLE: _ZN9AP_Arming13get_singletonEv @ 0x64bf30
CIRCLE: _ZNK7AP_EnumIN14AP_OpticalFlow4TypeEEcvKS1_Ev @ 0xabcf50
CIRCLE: _ZN14AP_OpticalFlow13get_singletonEv @ 0xabcfa0
CIRCLE: _ZN15AP_AHRS_Backend23airspeed_sensor_enabledEv @ 0xabcfe0
CIRCLE: _ZN2AP8airspeedEv @ 0x64bf70
CIRCLE: _ZNK8AC_Fence12get_breachesEv @ 0xabd070
CIRCLE: _ZNK7AP_EnumIN8AC_Fence6ActionEEcvKS1_Ev @ 0xabd0c0
CIRCLE: _ZNK14AP_BattMonitor7healthyEh @ 0x64c030
CIRCLE: _ZNK6AP_GPS8num_satsEv @ 0xabd2d0
CIRCLE: _ZNK6AP_GPS8num_satsEh @ 0xabd3b0
CIRCLE: _ZNK14AP_BattMonitor12current_ampsERfh @ 0x64cf20
CIRCLE: _ZNK14AP_BattMonitor12consumed_mahERfh @ 0x64d010
CIRCLE: _ZN9AP_Logger14WriteStreamingEPKcS1_S1_z @ 0x64dd30
CIRCLE: _ZN22AP_RCProtocol_DroneCAN6updateEv @ 0x64df90
CIRCLE: _ZNK16AP_SerialManager11find_serialENS_14SerialProtocolEh @ 0x64f380
CIRCLE: _ZN9AP_Notify6updateEv @ 0x6525f0
CIRCLE: _ZN2AP3srvEv @ 0x652790
CIRCLE: _ZN12SRV_Channels4corkEv @ 0x6527d0
CIRCLE: _ZN12SRV_Channels4pushEv @ 0x652830
CIRCLE: _ZN16AP_Volz_Protocol6updateEv @ 0x6529e0
CIRCLE: _ZN10AP_SBusOut6updateEv @ 0x652cb0
CIRCLE: _ZN15AP_RobotisServo6updateEv @ 0x652e30
CIRCLE: _ZN16AP_FETtecOneWire6updateEv @ 0x6530a0
CIRCLE: _ZN2AP6kdecanEv @ 0x653390
CIRCLE: _ZN9AP_KDECAN6updateEv @ 0x6533d0
CIRCLE: _ZN12SRV_Channels12find_channelEN11SRV_Channel8FunctionERh @ 0x653db0
CIRCLE: _ZN11SRV_Channel8calc_pwmEf @ 0x653e80
CIRCLE: _ZNK11SRV_Channel21pwm_from_scaled_valueEf @ 0x653f70
CIRCLE: _ZNK11SRV_Channel14pwm_from_angleEf @ 0x654010
CIRCLE: _ZNK11SRV_Channel14pwm_from_rangeEf @ 0x654210
CIRCLE: _ZN9AP_KDECAN13get_singletonEv @ 0xabfd10
CIRCLE: _ZN16AP_FETtecOneWire4initEv @ 0x655b40
CIRCLE: _ZN16AP_FETtecOneWire9init_uartEv @ 0x657110
CIRCLE: _Z18linear_interpolatefffff @ 0x6597d0
CIRCLE: _ZL10swap_floatRfS_ @ 0x659900
CIRCLE: _ZN12SRV_Channels13get_singletonEv @ 0xac0770
CIRCLE: _ZNK10AP_Mission21get_current_nav_indexEv @ 0xac0b00
CIRCLE: _ZNK7AP_AHRS13wind_estimateEv @ 0xac0b80
CIRCLE: _ZN10AP_Terrain20height_above_terrainERfb @ 0x65be00
CIRCLE: _ZNK10AP_Terrain6statusEv @ 0xac0be0
CIRCLE: _ZNK6AP_GPS8get_hdopEh @ 0xac0cf0
CIRCLE: _ZNK7AP_AHRS11groundspeedEv @ 0xac0df0
CIRCLE: _ZN7AP_Baro14get_climb_rateEv @ 0x65c310
CIRCLE: _ZN16DerivativeFilterIfLh7EE5slopeEv @ 0xac0e90
CIRCLE: _ZNK11RangeFinder15distance_orientE8Rotation @ 0x65c380
CIRCLE: _ZNK11RangeFinder13find_instanceE8Rotation @ 0x65c410
CIRCLE: _ZNK11RangeFinder11get_backendEh @ 0x65c560
CIRCLE: _Z14float_to_int16f @ 0x65dfc0
CIRCLE: _ZNK8Location9get_alt_mENS_8AltFrameERf @ 0x65e140
CIRCLE: _ZN18AP_RCProtocol_CRSF6updateEv @ 0x6607d0
CIRCLE: _ZN13AP_CRSF_Telem13get_singletonEv @ 0x660e00
CIRCLE: _ZN13AP_CRSF_Telem13queue_messageE12MAV_SEVERITYPKc @ 0x661850
CIRCLE: _ZN9AP_Notify13get_singletonEv @ 0xac2630
CIRCLE: _ZN13AP_ParamTBaseIsL11ap_var_type2EE22set_and_save_ifchangedERKs @ 0xac2c00
CIRCLE: _ZN2AP10crsf_telemEv @ 0x6645a0
CIRCLE: _ZNK7AP_AHRS12get_roll_radEv @ 0xac2e20
CIRCLE: _ZNK7AP_AHRS11get_yaw_radEv @ 0xac2e70
CIRCLE: _ZN19AP_RCProtocol_SRXL26updateEv @ 0x66a3c0
CIRCLE: _ZNK14AP_BattMonitor15get_temperatureERfh @ 0x66d4a0
CIRCLE: _ZN2AP3rtcEv @ 0x66d570
CIRCLE: _ZNK6AP_RTC12get_utc_usecERm @ 0x66d690
CIRCLE: _ZN6AP_RTC13get_singletonEv @ 0xac3a80
CIRCLE: _ZNK11AP_Airspeed12get_airspeedEv @ 0xac3ac0
CIRCLE: _ZNK11AP_Airspeed12get_airspeedEh @ 0x66d940
CIRCLE: _ZN2AP9esc_telemEv @ 0x66d9f0
CIRCLE: _ZNK12AP_ESC_Telem7get_rpmEhRf @ 0x66db90
CIRCLE: _ZL3MINIffEDTqultfp_fp0_fp_fp0_ERKT_RKT0_.10600 @ 0x66dd30
CIRCLE: _ZNVK20AP_ESC_Telem_Backend13TelemetryData5staleEv @ 0x66de20
CIRCLE: _ZN12AP_ESC_Telem13get_singletonEv @ 0x66dea0
CIRCLE: _ZN17AP_RCProtocol_DSM6updateEv @ 0x6713b0
CIRCLE: _ZN7HALSITL9Scheduler5delayEt @ 0x672ca0
CIRCLE: _ZN7HALSITL9Scheduler18delay_microsecondsEt @ 0x672d90
CIRCLE: _ZN6AP_HAL9Scheduler24delay_microseconds_boostEt @ 0xac4260
CIRCLE: _ZN6AP_HAL9Scheduler9boost_endEv @ 0xac4370
CIRCLE: _ZNK6AP_HAL9Scheduler17in_delay_callbackEv @ 0xac43c0
CIRCLE: _ZN7HALSITL9Scheduler21is_system_initializedEv @ 0xac4420
CIRCLE: _ZN7HALSITL9Scheduler10stop_clockEm @ 0x673300
CIRCLE: _ZNK7HALSITL9Scheduler14in_main_threadEv @ 0x6733a0
CIRCLE: _ZN7HALSITL10SITL_State10wait_clockEm @ 0x673a60
CIRCLE: _ZNK4SITL8Aircraft11get_speedupEv @ 0xac45d0
CIRCLE: _ZNK7HALSITL9Scheduler28semaphore_wait_hack_requiredEv @ 0x673c10
CIRCLE: _ZN7HALSITL10SITL_State15_fdm_input_stepEv @ 0x673c90
CIRCLE: _ZN7HALSITL10SITL_State16_fdm_input_localEv @ 0x673de0
CIRCLE: _ZNK7HALSITL9Scheduler22interrupts_are_blockedEv @ 0xac4620
CIRCLE: _ZN7HALSITL9Scheduler17sitl_begin_atomicEv @ 0xac4680
CIRCLE: _ZN7HALSITL9Scheduler11timer_eventEv @ 0xac46e0
CIRCLE: _ZN7HALSITL9Scheduler15sitl_end_atomicEv @ 0x673f80
CIRCLE: _ZN7HALSITL10SITL_State16_update_airspeedEf @ 0x674020
CIRCLE: _ZN7HALSITL10SITL_State19_update_rangefinderEv @ 0x674390
CIRCLE: _ZNK7HALSITL10SITL_State18_sonar_pin_voltageEv @ 0x6743f0
CIRCLE: _ZN7AP_Baro24get_EAS2TAS_for_alt_amslEf @ 0x674560
CIRCLE: _ZL2sqf.14351 @ 0x6745e0
CIRCLE: _ZN7AP_Baro28get_air_density_for_alt_amslEf @ 0x674630
CIRCLE: _ZL3MAXIffEDTqugtfp_fp0_fp_fp0_ERKT_RKT0_.2718 @ 0x674800
CIRCLE: _ZN7HALSITL9Scheduler16_run_timer_procsEv @ 0x674880
CIRCLE: _ZN7HALSITL10SITL_State17_simulator_servosER10sitl_input @ 0x674980
CIRCLE: _ZN4SITL11JSON_Master7receiveER10sitl_input @ 0x675610
CIRCLE: _ZN7HALSITL10SITL_State22multicast_servo_updateER10sitl_input @ 0x675ab0
CIRCLE: _ZN4SITL8Aircraft11update_homeEv @ 0x675b90
CIRCLE: _ZN4SITL8Aircraft12update_modelERK10sitl_input @ 0x675cf0
CIRCLE: _ZN4SITL8Aircraft8fill_fdmERNS_8sitl_fdmE @ 0x675d90
CIRCLE: _ZN7HALSITL8CANIface14num_interfacesEv @ 0xac4720
CIRCLE: _ZNK4SITL8Aircraft20get_position_relhomeEv @ 0x676960
CIRCLE: _ZN4SITL11JSON_Master4sendERKNS_8sitl_fdmERK7Vector3IdE @ 0x676a20
CIRCLE: _ZN7HALSITL17SITL_State_Common10sim_updateEv @ 0x676cc0
CIRCLE: _ZN7HALSITL10SITL_State14set_height_aglEv @ 0x677510
CIRCLE: _ZNK4SITL8Aircraft15get_velocity_efEv @ 0xac47b0
CIRCLE: _ZN4SITL3GPS6updateEv @ 0x6788e0
CIRCLE: _ZN4SITL12SerialDevice17init_sitl_pointerEv @ 0x67a030
CIRCLE: _ZN4SITL3GPS24check_backend_allocationEv @ 0x67a0c0
CIRCLE: _ZN4SITL3GPS16interpolate_dataERKNS_8GPS_DataEj @ 0x67a6d0
CIRCLE: _ZL3MAXIifEDTqugtfp_fp0_fp_fp0_ERKT_RKT0_.15075 @ 0x67b060
CIRCLE: _ZNK4SITL11GPS_Backend11device_baudEv @ 0xac4dd0
CIRCLE: _ZN4SITL11GPS_Backend11update_readEv @ 0x67b1e0
CIRCLE: _ZNK4SITL11GPS_Backend18write_to_autopilotEPKcm @ 0x67b530
CIRCLE: _ZNK4SITL11GPS_Backend19read_from_autopilotEPcm @ 0x67b5b0
CIRCLE: _ZN4SITL11GPS_Backend8gps_timeEv @ 0x67c050
CIRCLE: _ZN7Vector2IdEC2Edd @ 0xac4ff0
CIRCLE: _ZNK7Vector2IdE6lengthEv @ 0xac5070
CIRCLE: _ZN4SITL11GPS_Backend18simulation_timevalEP7timeval @ 0x67c980
CIRCLE: _ZN4SITL9GPS_UBlox7publishEPKNS_8GPS_DataE @ 0x67f850
CIRCLE: _Z4normIddJdEEdT_T0_DpKT1_ @ 0xac5710
CIRCLE: _ZL7degreesf.15163 @ 0x680320
CIRCLE: _ZN4SITL9GPS_UBlox8send_ubxEhPht @ 0x680850
CIRCLE: _ZL3MAXIiiEDTqugtfp_fp0_fp_fp0_ERKT_RKT0_.15164 @ 0x680a20
CIRCLE: _ZNK7Vector3IfE6is_nanEv @ 0xac5790
CIRCLE: _ZN7Matrix3IfE6rotateERK7Vector3IfE @ 0xac5860
CIRCLE: _ZN7Matrix3IfEpLERKS0_ @ 0xac5a80
CIRCLE: _ZNK7Matrix3IfEplERKS0_ @ 0xac5b10
CIRCLE: _Z2sqIdJddEEdT_DpKT0_ @ 0xac5c30
CIRCLE: _Z11wrap_360_cdi @ 0x6811d0
CIRCLE: _ZNK11QuaternionTIfE8to_eulerERfS1_S1_ @ 0xac5cd0
CIRCLE: _ZNK11QuaternionTIfE13get_euler_yawEv @ 0xac5de0
CIRCLE: _ZNK7Vector3IdEplERKS0_ @ 0xac67e0
CIRCLE: _ZN7Vector3IdEpLERKS0_ @ 0xac6880
CIRCLE: _ZN7Matrix3IdEC2Ev @ 0xac6920
CIRCLE: _ZN7Matrix3IdE10from_eulerEddd @ 0xac69a0
CIRCLE: _ZNK7Matrix3IdEmlERK7Vector3IdE @ 0xac6b60
CIRCLE: _ZNK7Vector3IdEmiERKS0_ @ 0xac7350
CIRCLE: _ZNK7Vector3IdE7tofloatEv @ 0xac73f0
CIRCLE: _Z11wrap_360_cdf @ 0x68a540
CIRCLE: _ZNK7Vector3IdE6lengthEv @ 0xac7530
CIRCLE: _ZN7Vector3IdE4zeroEv @ 0xac7590
CIRCLE: _ZNK7Vector3IdEmlEd @ 0xac75f0
CIRCLE: _ZNK7Matrix3IfE10transposedEv @ 0xac77c0
CIRCLE: _ZN7Matrix3IfE9normalizeEv @ 0xac7990
CIRCLE: _ZNK8Location22get_distance_NE_doubleERKS_ @ 0x68daf0
CIRCLE: _ZN7Vector3IdE2xyEv @ 0xac7c60
CIRCLE: _ZN7Vector2IdEpLERKS0_ @ 0xac7cb0
CIRCLE: _ZN4SITL8Aircraft14smooth_sensorsEv @ 0x68e050
CIRCLE: _ZL7degreesf.16872 @ 0x68ea40
CIRCLE: _ZNK7Matrix3IfE8to_eulerEPfS1_S1_ @ 0xac7d30
CIRCLE: _ZNK7AP_EnumI8RotationEcvKS0_Ev @ 0xac7e50
CIRCLE: _ZNK8HAL_SITL32get_uart_output_full_queue_countEv @ 0x68eb10
CIRCLE: _ZNK4SITL8Aircraft16get_wall_time_usEv @ 0x68ec50
CIRCLE: _ZNK7Vector3IdEdvEd @ 0xac8030
CIRCLE: _ZNK11QuaternionTIfEdvERKS0_ @ 0xac80d0
CIRCLE: _ZNK11QuaternionTIfE7is_zeroEv @ 0xac8320
CIRCLE: _ZN4SITL8Aircraft12time_advanceEv @ 0x68ecd0
CIRCLE: _ZN4SITL8Aircraft15sync_frame_timeEv @ 0x68ed70
CIRCLE: _ZN9AP_Logger14WriteStreamingEPKcS1_S1_S1_S1_z @ 0x68f070
CIRCLE: _ZL3MAXI9AP_ParamTIfL11ap_var_type4EEdEDTqugtfp_fp0_fp_fp0_ERKT_RKT0_.14196 @ 0x68f3e0
CIRCLE: _Z21calc_lowpass_alpha_dtff @ 0x68f480
CIRCLE: _ZL3MAXIfiEDTqugtfp_fp0_fp_fp0_ERKT_RKT0_.14197 @ 0x68f5b0
CIRCLE: _ZNK4SITL16FETtecOneWireESC7enabledEv @ 0xac83f0
CIRCLE: _ZNK4SITL4Volz7enabledEv @ 0xac8460
CIRCLE: _ZN7HALSITL17SITL_State_Common22update_voltage_currentER10sitl_inputf @ 0x68f880
CIRCLE: _ZN8AP_Param18eeprom_write_checkEPKvth @ 0x6922b0
CIRCLE: _ZNK4SITL8Aircraft45perpendicular_distance_to_rangefinder_surfaceEv @ 0x692fd0
CIRCLE: _ZNK4SITL8Aircraft9on_groundEv @ 0x693030
CIRCLE: _ZNK4SITL8Aircraft4haglEv @ 0x6930a0
CIRCLE: _ZNK4SITL8Aircraft24ground_height_differenceEv @ 0x693170
CIRCLE: _ZN4SITL8Aircraft15update_dynamicsERK7Vector3IfE @ 0x6939e0
CIRCLE: _ZN4SITL8Aircraft23update_external_payloadERK10sitl_input @ 0x694a60
CIRCLE: _ZN4SITL8Aircraft15update_positionEv @ 0x694ef0
CIRCLE: _ZN4SITL8Aircraft11update_windERK10sitl_input @ 0x695080
CIRCLE: _ZN4SITL8Aircraft19update_mag_field_bfEv @ 0x695510
CIRCLE: _ZL7radiansf.16838 @ 0x695900
CIRCLE: _ZNK8Location23get_distance_NED_doubleERKS_ @ 0x695960
CIRCLE: _ZN4SITL8Aircraft17get_local_updraftERK7Vector3IdE @ 0x695a80
CIRCLE: _ZN7Vector2IdEmIERKS0_ @ 0xaca3b0
CIRCLE: _ZNK4SITL7Sprayer10is_enabledEv @ 0xaca440
CIRCLE: _ZN4SITL3I2C6updateERKNS_8AircraftE @ 0x696340
CIRCLE: _ZNK4SITL6Buzzer10is_enabledEv @ 0xaca4f0
CIRCLE: _ZNK4SITL13Gripper_Servo10is_enabledEv @ 0xaca550
CIRCLE: _ZNK4SITL11Gripper_EPM10is_enabledEv @ 0xaca610
CIRCLE: _ZNK4SITL9Parachute10is_enabledEv @ 0xaca6c0
CIRCLE: _ZNK4SITL12SIM_Precland10is_enabledEv @ 0xaca720
CIRCLE: _ZN4SITL7ShipSim6updateEv @ 0x697310
CIRCLE: _ZNK7Vector3IdE14length_squaredEv @ 0xacc780
CIRCLE: _ZNK7Vector3IdEmlERKS0_ @ 0xacc8f0
CIRCLE: _ZNK7AP_AHRS11get_EAS2TASEv @ 0x69d2d0
CIRCLE: _ZL2sqf.16887 @ 0x69d360
CIRCLE: _ZN4SITL8Aircraft19update_eas_airspeedEv @ 0x69d3b0
CIRCLE: _ZN4SITL15SlungPayloadSim6updateERK7Vector3IdERKS1_IfES7_S7_ @ 0x69d860
CIRCLE: _ZN4SITL9TetherSim6updateERK8Location @ 0x69d9f0
CIRCLE: _ZN4SITL8Aircraft17adjust_frame_timeEf @ 0x69db60
CIRCLE: _ZNK7Vector3IdE7is_zeroEv @ 0xaccaa0
CIRCLE: _ZN7Vector3IfE2xyEv @ 0xaccb50
CIRCLE: _ZN7Vector2IfE4zeroEv @ 0xaccba0
CIRCLE: _ZN7Vector3IfEmIERKS0_ @ 0xaccc00
CIRCLE: _ZL7radiansi.16892 @ 0x6a0af0
CIRCLE: _ZN4SITL8Aircraft20filtered_servo_angleERK10sitl_inputh @ 0x6a0b50
CIRCLE: _ZN4SITL8Aircraft20filtered_servo_rangeERK10sitl_inputh @ 0x6a0c50
CIRCLE: _ZNK9AP_ParamTIfL11ap_var_type4EEplERKS1_ @ 0xacceb0
CIRCLE: _ZN10ServoModel12filter_rangeEtf @ 0x6a15c0
CIRCLE: _ZN10ServoModel12apply_filterEff @ 0x6a1660
CIRCLE: _ZN10ServoModel19apply_simple_filterEff @ 0x6a1a60
CIRCLE: _ZN13LowPassFilterIfE20set_cutoff_frequencyERKf @ 0xacd5d0
CIRCLE: _ZN13LowPassFilterIfE5applyERKfS2_ @ 0xacd640
CIRCLE: _ZN10ServoModel12filter_angleEtf @ 0x6a1c90
CIRCLE: _Z11is_positived @ 0xacddb0
CIRCLE: _ZN7Vector3IfE9normalizeEv @ 0xace590
CIRCLE: _ZN4SITL5Plane6updateERK10sitl_input @ 0x6b50d0
CIRCLE: _ZN4SITL5Plane16calculate_forcesERK10sitl_inputR7Vector3IfE @ 0x6b52a0
CIRCLE: _ZL2sqf.15869 @ 0x6b5d30
CIRCLE: _ZNK4SITL5Plane8getForceEfff @ 0x6b6380
CIRCLE: _ZNK4SITL5Plane9getTorqueEffffRK7Vector3IfE @ 0x6b6c00
CIRCLE: _ZN4SITL8Aircraft9add_noiseEf @ 0x6b7270
CIRCLE: _ZNK4SITL5Plane9liftCoeffEf @ 0x6b7520
CIRCLE: _ZNK4SITL5Plane9dragCoeffEf @ 0x6b7840
CIRCLE: _ZN7Vector3IdEmIERKS0_ @ 0xad8810
CIRCLE: _ZL7radiansd.17180 @ 0x6c1930
CIRCLE: _ZN7HALSITL7Storage10read_blockEPvtm @ 0x6d4260
CIRCLE: _ZN7HALSITL7Storage11write_blockEtPKvm @ 0x6d4330
CIRCLE: _ZN7HALSITL7Storage11_timer_tickEv @ 0x6d4450
CIRCLE: _ZNK7BitmaskILt2048EE5emptyEv @ 0xad9f80
CIRCLE: _ZNK7BitmaskILt2048EE3getEt @ 0xada020
CIRCLE: _ZN10AP_RAMTRON5writeEjPKhj @ 0x6d47c0
CIRCLE: _ZN7BitmaskILt2048EE5clearEt @ 0xada0f0
CIRCLE: _ZNK8HAL_SITL25get_storage_posix_enabledEv @ 0xada1b0
CIRCLE: _ZNK7BitmaskILt2048EE8validateEt @ 0xada270
CIRCLE: _ZNK10AP_RAMTRON8get_sizeEv @ 0xada300
CIRCLE: _ZN7HALSITL7Storage13_storage_openEv @ 0x6d4e40
CIRCLE: _ZN7HALSITL7Storage11_mark_dirtyEtt @ 0x6d5150
CIRCLE: _ZN7BitmaskILt2048EE3setEt @ 0xada3a0
CIRCLE: _ZN8AP_Param9save_syncEbb @ 0x6db8c0
CIRCLE: _ZNK7NavEKF317option_is_enabledENS_6OptionE @ 0xadbb40
CIRCLE: _ZNK6AP_DAL6millisEv @ 0xadbbc0
CIRCLE: _ZNK12NavEKF3_core10errorScoreEv @ 0x6e1ae0
CIRCLE: _ZNK12NavEKF3_core16have_aligned_yawEv @ 0xadbc10
CIRCLE: _ZNK12NavEKF3_core17have_aligned_tiltEv @ 0xadbc70
CIRCLE: _ZN7Vector2IdEC2Ev @ 0xadbcd0
CIRCLE: _ZNK12NavEKF3_core8getPosNEER7Vector2IdE @ 0x6e23c0
CIRCLE: _ZNK7Vector3IdE2xyEv @ 0xadbdc0
CIRCLE: _ZNK7Vector2IdE8todoubleEv @ 0xadbe10
CIRCLE: _ZNK7Vector2IdEplERKS0_ @ 0xadbe70
CIRCLE: _ZNK8Location23get_distance_NE_postypeERKS_ @ 0x6e2660
CIRCLE: _ZNK10AP_DAL_GPS6statusEh @ 0xadbf00
CIRCLE: _ZNK12NavEKF3_core14getEulerAnglesER7Vector3IfE @ 0x6e27c0
CIRCLE: _ZNK11QuaternionTIdE8to_eulerER7Vector3IfE @ 0xadbf70
CIRCLE: _ZNK6AP_DAL8get_trimEv @ 0xadbff0
CIRCLE: _ZNK11QuaternionTIdE8to_eulerERfS1_S1_ @ 0xadc050
CIRCLE: _ZNK11QuaternionTIdE14get_euler_rollEv @ 0xadc110
CIRCLE: _ZNK11QuaternionTIdE15get_euler_pitchEv @ 0xadc1c0
CIRCLE: _ZNK11QuaternionTIdE13get_euler_yawEv @ 0xadc240
CIRCLE: _Z9safe_asinIdEfT_ @ 0xadc2f0
CIRCLE: _ZL3MAXIfdEDTqugtfp_fp0_fp_fp0_ERKT_RKT0_.5263 @ 0x6e2880
CIRCLE: _ZNK12NavEKF3_core20assume_zero_sideslipEv @ 0x6e2920
CIRCLE: _ZN6AP_DAL8airspeedEv @ 0xadc3d0
CIRCLE: _ZNK15AP_DAL_Airspeed15get_num_sensorsEv @ 0xadc420
CIRCLE: _ZNK6AP_DAL15get_fly_forwardEv @ 0xadc470
CIRCLE: _ZNK6AP_DAL17get_vehicle_classEv @ 0xadc4e0
CIRCLE: _ZNK12NavEKF2_core10errorScoreEv @ 0x6e2b10
CIRCLE: _ZNK12NavEKF2_core8getPosNEER7Vector2IdE @ 0x6e3210
CIRCLE: _ZNK10AP_DAL_GPS14primary_sensorEv @ 0xadc530
CIRCLE: _ZNK12NavEKF2_core14getEulerAnglesER7Vector3IfE @ 0x6e3460
CIRCLE: _ZN19RestrictIDTypeArrayIP17CompassCalibratorLj3E14typesafe_indexIh12TAG_PriorityEEixERKS4_ @ 0xadc640
CIRCLE: _ZNK6AP_GPS15time_epoch_usecEv @ 0xadcf50
CIRCLE: _ZNK9AP_Logger10should_logEj @ 0x6eca50
CIRCLE: _ZNK6AP_GPS9time_weekEh @ 0xadd0c0
CIRCLE: _ZNK6AP_GPS12time_week_msEh @ 0xadd130
CIRCLE: _ZNK7AP_AHRS13get_pitch_degEv @ 0xadd1f0
CIRCLE: _ZNK6AP_GPS15time_epoch_usecEh @ 0x6ed2f0
CIRCLE: _ZNK14AP_GPS_Backend16get_last_itow_msEv @ 0x6ed460
CIRCLE: _ZN6AP_GPS23istate_time_to_epoch_msEtj @ 0x6ed520
CIRCLE: _ZN7AP_ADSB13check_startupEv @ 0x6ef090
CIRCLE: _ZNK7Vector2IfE6is_nanEv @ 0xade070
CIRCLE: _ZNK10AP_Gripper7enabledEv @ 0xadebc0
CIRCLE: _ZN10AP_Vehicle13update_armingEv @ 0x6fc030
CIRCLE: _ZN7FunctorIvJEE14method_wrapperI10AP_VehicleXadL_ZNS2_13update_armingEvEEEEvPv @ 0xadfc40
CIRCLE: _ZN9AP_Arming6updateEv @ 0x6fc080
CIRCLE: _ZN8AP_Stats6updateEv @ 0x6fc170
CIRCLE: _ZN7FunctorIvJEE14method_wrapperI8AP_StatsXadL_ZNS2_6updateEvEEEEvPv @ 0xadfcf0
CIRCLE: _ZN8AP_Stats17update_flighttimeEv @ 0x6fc320
CIRCLE: _ZN8AP_Stats14update_runtimeEv @ 0x6fc3f0
CIRCLE: _ZN8AP_Stats5flushEv @ 0x6fc490
CIRCLE: _ZN13AP_ParamTBaseIiL11ap_var_type3EE22set_and_save_ifchangedERKi @ 0xadfda0
CIRCLE: _ZN10AP_Filters6updateEv @ 0x6fc610
CIRCLE: _ZN7FunctorIvJEE14method_wrapperI10AP_FiltersXadL_ZNS2_6updateEvEEEEvPv @ 0xadfe30
CIRCLE: _ZN10AP_Vehicle17check_motor_noiseEv @ 0x6fd750
CIRCLE: _ZN7FunctorIvJEE14method_wrapperI10AP_VehicleXadL_ZNS2_17check_motor_noiseEvEEEEvPv @ 0xae06e0
CIRCLE: _ZNK10AP_GyroFFT15check_esc_noiseEv @ 0xae0790
CIRCLE: _ZNK17NotchFilterParams7enabledEv @ 0xae09c0
CIRCLE: _ZN10AP_Vehicle13one_Hz_updateEv @ 0x6fde30
CIRCLE: _ZN7FunctorIvJEE14method_wrapperI10AP_VehicleXadL_ZNS2_13one_Hz_updateEvEEEEvPv @ 0xae0a10
CIRCLE: _ZN12AP_Scripting6updateEv @ 0x6fdf10
CIRCLE: _ZN16AP_SerialManager20registered_ports_logEv @ 0x6fdf60
CIRCLE: _ZN12AP_Scripting13save_checksumEv @ 0x6fe040
CIRCLE: _ZN10AP_Gripper6updateEv @ 0x6fe140
CIRCLE: _ZN7FunctorIvJEE14method_wrapperI10AP_GripperXadL_ZNS2_6updateEvEEEEvPv @ 0xae0b50
CIRCLE: _ZN6AP_EFI6updateEv @ 0x6fe2b0
CIRCLE: _ZN7FunctorIvJEE14method_wrapperI6AP_EFIXadL_ZNS2_6updateEvEEEEvPv @ 0xae0c00
CIRCLE: _ZN6AP_AIS6updateEv @ 0x6fe730
CIRCLE: _ZN7FunctorIvJEE14method_wrapperI6AP_AISXadL_ZNS2_6updateEvEEEEvPv @ 0xae0cb0
CIRCLE: _ZN8AC_Fence6updateEv @ 0x6fe780
CIRCLE: _ZN7FunctorIvJEE14method_wrapperI8AC_FenceXadL_ZNS2_6updateEvEEEEvPv @ 0xae0d60
CIRCLE: _ZN19AC_PolyFence_loader6updateEv @ 0x6fe8b0
CIRCLE: _ZN19AC_PolyFence_loader17load_from_storageEv @ 0x6fe9a0
CIRCLE: _ZN10AP_Vehicle16accel_cal_updateEv @ 0x6ffe00
CIRCLE: _ZN7FunctorIvJEE14method_wrapperI10AP_VehicleXadL_ZNS2_16accel_cal_updateEvEEEEvPv @ 0xae0f40
CIRCLE: _ZN20AP_TemperatureSensor6updateEv @ 0x7015a0
CIRCLE: _ZN7FunctorIvJEE14method_wrapperI20AP_TemperatureSensorXadL_ZNS2_6updateEvEEEEvPv @ 0xae1040
CIRCLE: _ZN10AP_Vehicle16publish_osd_infoEv @ 0x701860
CIRCLE: _ZN7FunctorIvJEE14method_wrapperI10AP_VehicleXadL_ZNS2_16publish_osd_infoEvEEEEvPv @ 0xae1190
CIRCLE: _ZN6AP_OSD12set_nav_infoERNS_7NavInfoE @ 0x701980
CIRCLE: _ZN6AP_RPM6updateEv @ 0x7019f0
CIRCLE: _ZN7FunctorIvJEE14method_wrapperI6AP_RPMXadL_ZNS2_6updateEvEEEEvPv @ 0xae1240
CIRCLE: _ZNK6AP_RPM7Log_RPMEv @ 0x701bd0
CIRCLE: _ZNK6AP_RPM7enabledEh @ 0x701cf0
CIRCLE: _ZN14AP_OpenDroneID6updateEv @ 0x701da0
CIRCLE: _ZN7FunctorIvJEE14method_wrapperI14AP_OpenDroneIDXadL_ZNS2_6updateEvEEEEvPv @ 0xae1360
CIRCLE: _ZNK6AP_GPS8velocityEv @ 0xae2c00
CIRCLE: _ZNK7AP_AHRS18groundspeed_vectorEv @ 0xae2c60
CIRCLE: _ZNK6AP_GPS19horizontal_accuracyERf @ 0xae2d40
CIRCLE: _ZNK6AP_GPS17vertical_accuracyERf @ 0xae2dc0
CIRCLE: _ZNK6AP_GPS14speed_accuracyERf @ 0xae2e40
CIRCLE: _ZNK6AP_GPS14speed_accuracyEhRf @ 0x706a10
CIRCLE: _ZNK6AP_GPS17vertical_accuracyEhRf @ 0x706ae0
CIRCLE: _ZNK6AP_GPS19horizontal_accuracyEhRf @ 0x706bb0
CIRCLE: _ZNK6AP_GPS14get_undulationEhRf @ 0x706c80
CIRCLE: _ZNK6AP_GPS8velocityEh @ 0xae2ec0
CIRCLE: _ZN12AP_Generator6updateEv @ 0x706d50
CIRCLE: _ZN7FunctorIvJEE14method_wrapperI12AP_GeneratorXadL_ZNS2_6updateEvEEEEvPv @ 0xae2f90
CIRCLE: _ZN14AP_Servo_Telem6updateEv @ 0x706dc0
CIRCLE: _ZN7FunctorIvJEE14method_wrapperI14AP_Servo_TelemXadL_ZNS2_6updateEvEEEEvPv @ 0xae3040
CIRCLE: _ZN14AP_Servo_Telem9write_logEv @ 0x706e10
CIRCLE: _ZN12AP_ESC_Telem6updateEv @ 0x7072c0
CIRCLE: _ZN7FunctorIvJEE14method_wrapperI12AP_ESC_TelemXadL_ZNS2_6updateEvEEEEvPv @ 0xae30f0
CIRCLE: _ZNK12AP_ESC_Telem11get_raw_rpmEhRf @ 0x707700
CIRCLE: _ZN6AP_HAL15timeout_expiredIjjmEEbT_T0_T1_ @ 0xae31a0
CIRCLE: _ZN10AP_Vehicle30send_watchdog_reset_statustextEv @ 0x7077d0
CIRCLE: _ZN7FunctorIvJEE14method_wrapperI10AP_VehicleXadL_ZNS2_30send_watchdog_reset_statustextEvEEEEvPv @ 0xae3220
CIRCLE: _ZN8AP_Tramp6updateEv @ 0x707930
CIRCLE: _ZN7FunctorIvJEE14method_wrapperI8AP_TrampXadL_ZNS2_6updateEvEEEEvPv @ 0xae32d0
CIRCLE: _ZN10AP_VideoTX6updateEv @ 0x708910
CIRCLE: _ZN7FunctorIvJEE14method_wrapperI10AP_VideoTXXadL_ZNS2_6updateEvEEEEvPv @ 0xae3500
CIRCLE: _ZN10AP_Vehicle38update_dynamic_notch_at_specified_rateEv @ 0x708b40
CIRCLE: _ZN7FunctorIvJEE14method_wrapperI10AP_VehicleXadL_ZNS2_38update_dynamic_notch_at_specified_rateEvEEEEvPv @ 0xae35b0
CIRCLE: _ZNK25HarmonicNotchFilterParams9hasOptionENS_7OptionsE @ 0xae3660
CIRCLE: _ZN10AP_Vehicle20update_dynamic_notchERN17AP_InertialSensor13HarmonicNotchE @ 0x708c90
CIRCLE: _ZN10AP_GyroFFT17update_parametersEv @ 0xae3a10
CIRCLE: _ZN7FunctorIvJEE14method_wrapperI10AP_GyroFFTXadL_ZNS2_17update_parametersEvEEEEvPv @ 0xae3a60
CIRCLE: _ZN10AP_GyroFFT17update_parametersEb @ 0x709ef0
CIRCLE: _ZN10AP_GyroFFT6updateEv @ 0x70a290
CIRCLE: _ZN7FunctorIvJEE14method_wrapperI10AP_GyroFFTXadL_ZNS2_6updateEvEEEEvPv @ 0xae3b10
CIRCLE: _ZN14AP_NMEA_Output6updateEv @ 0x70a420
CIRCLE: _ZN7FunctorIvJEE14method_wrapperI14AP_NMEA_OutputXadL_ZNS2_6updateEvEEEEvPv @ 0xae3bc0
CIRCLE: _ZN7FunctorIvJEE14method_wrapperI9AP_NotifyXadL_ZNS2_6updateEvEEEEvPv @ 0xae3c70
CIRCLE: _ZN7Compass10cal_updateEv @ 0x70b490
CIRCLE: _ZN7FunctorIvJEE14method_wrapperI7CompassXadL_ZNS2_10cal_updateEvEEEEvPv @ 0xae3d20
CIRCLE: _ZN11AP_Airspeed6updateEv @ 0x70bfe0
CIRCLE: _ZN7FunctorIvJEE14method_wrapperI11AP_AirspeedXadL_ZNS2_6updateEvEEEEvPv @ 0xae3e30
CIRCLE: _ZN11AP_Airspeed4readEh @ 0x70c1d0
CIRCLE: _ZN11AP_Airspeed21check_sensor_failuresEv @ 0x70c9f0
CIRCLE: _ZN11AP_Airspeed12Log_AirspeedEv @ 0x70ca70
CIRCLE: _ZNK11AP_Airspeed16get_raw_airspeedEh @ 0x70cd40
CIRCLE: _ZNK11AP_Airspeed25get_differential_pressureEh @ 0x70cdf0
CIRCLE: _ZNK11AP_Airspeed22get_corrected_pressureEh @ 0x70ce90
CIRCLE: _ZNK11AP_Airspeed10get_offsetEh @ 0x70cf30
CIRCLE: _ZNK11AP_Airspeed22get_health_probabilityEh @ 0xae3ee0
CIRCLE: _ZNK11AP_Airspeed14get_test_ratioEh @ 0xae3f50
CIRCLE: _ZNK11AP_Airspeed11get_primaryEv @ 0xae3fc0
CIRCLE: _ZN11AP_Airspeed35check_sensor_ahrs_wind_max_failuresEh @ 0x70cff0
CIRCLE: _ZNK7AP_AHRS20airspeed_health_dataERfS0_Rj @ 0x70d910
CIRCLE: _ZL3MAXI9AP_ParamTIfL11ap_var_type4EEfEDTqugtfp_fp0_fp_fp0_ERKT_RKT0_.19060 @ 0x70da00
CIRCLE: _ZNK7NavEKF319getAirSpdHealthDataERfS0_Rj @ 0x70da90
CIRCLE: _ZNK12NavEKF3_core19getAirSpdHealthDataERfS0_Rj @ 0x70db60
CIRCLE: _ZN10AP_GyroFFT12sample_gyrosEv @ 0x70e290
CIRCLE: _ZN7FunctorIvJEE14method_wrapperI10AP_GyroFFTXadL_ZNS2_12sample_gyrosEvEEEEvPv @ 0xae4010
CIRCLE: _ZN10AP_Vehicle4loopEv @ 0x70eb30
CIRCLE: _ZN12AP_Scheduler4loopEv @ 0x70edd0
CIRCLE: _ZN12AP_Scheduler17get_loop_period_sEv @ 0xae7000
CIRCLE: _ZN17AP_InertialSensor15wait_for_sampleEv @ 0x70f370
CIRCLE: _ZN12AP_Scheduler4tickEv @ 0x70f8b0
CIRCLE: _ZN12AP_Scheduler3runEj @ 0x70f910
CIRCLE: _ZN2AP8PerfInfo15check_loop_timeEj @ 0x70fec0
CIRCLE: _ZL15fill_nanf_stackv @ 0x710050
CIRCLE: _ZN2AP8PerfInfo16update_task_infoEhtb @ 0x7100a0
CIRCLE: _ZNK7AP_AHRS14get_accel_biasEv @ 0xae73b0
CIRCLE: _ZNK6AP_GPS15ground_speed_cmEv @ 0xae7410
CIRCLE: _ZNK7AP_AHRS24_get_primary_accel_indexEv @ 0x716980
CIRCLE: _ZNK7AP_AHRS22_get_primary_IMU_indexEv @ 0x7169d0
CIRCLE: _ZNK7NavEKF322getPrimaryCoreIMUIndexEv @ 0x716b30
CIRCLE: _ZNK17AP_InertialSensor21get_first_usable_gyroEv @ 0xae7470
CIRCLE: _ZNK12NavEKF3_core11getIMUIndexEv @ 0xae74c0
CIRCLE: _ZNK14AP_BattMonitor17has_cell_voltagesEh @ 0x716c60
CIRCLE: _ZN2AP3EFIEv @ 0x7174b0
CIRCLE: _ZN6AP_EFI13get_singletonEv @ 0xae7e50
CIRCLE: _ZN16FilterWithBufferIfLh5EE5applyEf @ 0xae8450
CIRCLE: _ZN7FunctorIvJEE14method_wrapperI10AP_VehicleXadL_ZNS2_18fence_checks_asyncEvEEEEvPv @ 0xae87f0
CIRCLE: _ZN13AP_Filesystem5writeEiPKvj @ 0x718120
CIRCLE: _ZNK11AP_ICEngine29allow_throttle_while_disarmedEv @ 0x720150
CIRCLE: _ZNK11AP_ICEngine10option_setENS_7OptionsE @ 0xaebd00
CIRCLE: _ZL3MAXIjjEDTqugtfp_fp0_fp_fp0_ERKT_RKT0_.5212 @ 0x726770
CIRCLE: _ZN15ekf_ring_buffer4pushEPKv @ 0x7267f0
CIRCLE: _ZNK15ekf_ring_buffer10get_offsetEh @ 0x7268f0
CIRCLE: _ZL3MAXIjjEDTqugtfp_fp0_fp_fp0_ERKT_RKT0_.20153 @ 0x726b00
CIRCLE: _ZL7radiansf.5217 @ 0x727c90
CIRCLE: _ZL3MAXIffEDTqugtfp_fp0_fp_fp0_ERKT_RKT0_.5204 @ 0x727ce0
CIRCLE: _ZN11QuaternionTIdEC2Edddd @ 0xaed620
CIRCLE: _ZN11QuaternionTIfEmLERKS0_ @ 0xaed6d0
CIRCLE: _ZNK7AP_AHRS38get_relative_position_NED_origin_floatER7Vector3IfE @ 0x728030
CIRCLE: _ZNK7AP_AHRS32get_relative_position_NED_originER7Vector3IdE @ 0x728200
CIRCLE: _ZNK7NavEKF38getPosNEER7Vector2IdE @ 0x7284a0
CIRCLE: _ZNK11AP_AHRS_SIM12get_locationER8Location @ 0x7287d0
CIRCLE: _ZN2AP5statsEv @ 0x72ab70
CIRCLE: _ZN8AP_Stats13get_singletonEv @ 0xaee5c0
CIRCLE: _ZN19AP_Airspeed_Backend12has_airspeedEv @ 0xaeef80
CIRCLE: _ZN19AP_Airspeed_Backend14get_hygrometerERjRfS1_ @ 0xaef0f0
CIRCLE: _ZNK19AP_Airspeed_Backend7get_pinEv @ 0x731630
CIRCLE: _ZN18AP_Airspeed_Analog25get_differential_pressureERf @ 0x731700
CIRCLE: _ZN18AP_Airspeed_Analog15get_temperatureERf @ 0xaf0320
CIRCLE: _ZNK19AP_Airspeed_Backend13get_psi_rangeEv @ 0x7317f0
CIRCLE: _ZNK7AP_AHRS8get_gyroEv @ 0xaf0e20
CIRCLE: _ZNK7AP_AHRS17airspeed_estimateERf @ 0x755dc0
CIRCLE: _ZNK17AP_InertialSensor20get_vibration_levelsEv @ 0xaf0e80
CIRCLE: _ZNK17AP_InertialSensor20get_vibration_levelsEh @ 0x755ec0
CIRCLE: _ZNK10DigitalLPFI7Vector3IfEE3getEv @ 0xaf0f00
CIRCLE: _ZNK11QuaternionTIdE7is_zeroEv @ 0xaf0fb0
CIRCLE: _ZN12NavEKF3_core18getEarthFieldTableERK8Location @ 0x7571e0
CIRCLE: _ZN14AP_Declination15get_declinationEff @ 0x7572e0
CIRCLE: _ZNK12NavEKF3_core14MagDeclinationEv @ 0x757370
CIRCLE: _ZN12NavEKF3_core15FuseDeclinationEd @ 0x7575d0
CIRCLE: _ZN18NavEKF_core_common10zero_rangeEPdhh @ 0xaf1150
CIRCLE: _ZN12NavEKF3_core13ForceSymmetryEv @ 0x758630
CIRCLE: _ZN12NavEKF3_core18ConstrainVariancesEv @ 0x758780
CIRCLE: _ZN11QuaternionTIdE9normalizeEv @ 0xaf11e0
CIRCLE: _ZNK11QuaternionTIdE6lengthEv @ 0xaf12c0
CIRCLE: _Z20constrain_value_lineIdET_S0_S0_S0_j @ 0xaf1380
CIRCLE: _ZNK9AP_ParamTIfL11ap_var_type4EEcvdEv @ 0xaf1500
CIRCLE: _ZL7radiansf.5420 @ 0x7591f0
CIRCLE: _ZL2sqf.5342 @ 0x759d10
CIRCLE: _ZNK8Location21get_distance_NE_ftypeERKS_ @ 0x759e60
CIRCLE: _ZN16EKF_IMU_buffer_tIN12NavEKF3_core15output_elementsEEixEj @ 0xaf1620
CIRCLE: _ZNK14ekf_imu_buffer3getEh @ 0x75a110
CIRCLE: _ZNK14ekf_imu_buffer10get_offsetEh @ 0x75a170
CIRCLE: _ZNK14AP_BattMonitor11consumed_whERfh @ 0x75bd10
CIRCLE: _ZNK14AP_BattMonitor18overpower_detectedEh @ 0x75be00
CIRCLE: _ZNK6AP_GPS8get_vdopEh @ 0xaf1780
CIRCLE: _ZNK6AP_GPS16last_fix_time_msEh @ 0xaf17f0
CIRCLE: _ZNK6AP_GPS20last_message_time_msEh @ 0xaf1860
CIRCLE: _ZNK6AP_GPS22have_vertical_velocityEh @ 0xaf18d0
CIRCLE: _ZNK6AP_GPS18get_antenna_offsetEh @ 0x75df80
CIRCLE: _ZNK14AP_GPS_Blended18get_antenna_offsetEv @ 0xaf1950
CIRCLE: _ZNK6AP_GPS11gps_yaw_degEhRfS0_Rj @ 0x75e050
CIRCLE: _ZNK6AP_GPS11is_rtk_baseEh @ 0x75e240
CIRCLE: _ZNK6AP_GPS12have_gps_yawEh @ 0xaf19a0
CIRCLE: _ZNK11RangeFinder15has_orientationE8Rotation @ 0x760100
CIRCLE: _ZNK11RangeFinder13status_orientE8Rotation @ 0x760440
CIRCLE: _ZNK3GCS29sysid_mygcs_last_seen_time_msEv @ 0xaf1df0
CIRCLE: _ZNK10AP_Vehicle18get_time_flying_msEv @ 0xaf1f50
CIRCLE: _ZN12SRV_Channels23get_output_channel_maskEN11SRV_Channel8FunctionE @ 0x765da0
CIRCLE: _ZN11SRV_Channel9output_chEv @ 0x766bc0
CIRCLE: _ZNK10RC_Channel13norm_input_dzEv @ 0x766f20
CIRCLE: _ZN11SRV_Channel12set_overrideEb @ 0xaf2150
CIRCLE: _ZN12SRV_Channels17set_output_scaledEN11SRV_Channel8FunctionEf @ 0x7674e0
CIRCLE: _ZNK10AP_Mission5stateEv @ 0xaf2510
CIRCLE: _ZN19AP_ServoRelayEvents13update_eventsEv @ 0x770150
CIRCLE: _ZN17AP_Logger_Backend17Write_Mission_CmdERK10AP_MissionRKNS0_15Mission_CommandE11LogMessages @ 0x7703a0
CIRCLE: _ZNK9QuadPlane18in_assisted_flightEv @ 0xaf2e40
CIRCLE: _ZN9QuadPlane15PosControlState9set_stateENS_22position_control_stateE @ 0x772090
CIRCLE: _ZN11QuaternionTIfE15from_axis_angleE7Vector3IfE @ 0xaf2f20
CIRCLE: _ZNK9AP_Follow11have_targetEv @ 0x776a70
CIRCLE: _ZN9AP_Follow13get_singletonEv @ 0xaf3a20
CIRCLE: _ZNK6AC_PID12get_pid_infoEv @ 0xaf3ba0
CIRCLE: _ZN12AP_Scripting19is_handling_commandEt @ 0x77bc40
CIRCLE: _ZNK7Vector3IfE6is_infEv @ 0xaf4740
CIRCLE: _ZN7Vector2IfE9normalizeEv @ 0xaf4a70
CIRCLE: _ZN7Vector2IfEdVEf @ 0xaf4ad0
CIRCLE: _ZNK7Vector2IfE6is_infEv @ 0xaf4b50
CIRCLE: _ZL3MAXIjjEDTqugtfp_fp0_fp_fp0_ERKT_RKT0_.6748 @ 0x7ae880
CIRCLE: _ZN9AP_Logger19file_content_updateEv @ 0x7aea80
CIRCLE: _ZN9AP_Logger19file_content_updateERNS_11FileContentE @ 0x7aebe0
CIRCLE: _ZN17AP_Logger_Backend13Write_MessageEPKc @ 0x7af420
CIRCLE: _ZNK19LoggerMessageWriter32out_of_time_for_writing_messagesEv @ 0x7af4e0
CIRCLE: _ZN38LoggerMessageWriter_WriteEntireMission7processEv @ 0x7af810
CIRCLE: _ZN30LoggerMessageWriter_DFLogStart7processEv @ 0x7b01e0
CIRCLE: _ZNK30LoggerMessageWriter_DFLogStart35out_of_time_for_writing_messages_dfEv @ 0x7b07e0
CIRCLE: _ZNK17AP_Logger_Backend22vehicle_message_writerEv @ 0x7b0d80
CIRCLE: _ZN17AP_Logger_Backend14periodic_tasksEv @ 0x7b1440
CIRCLE: _ZNK17AP_Logger_Backend13StartNewLogOKEv @ 0x7b1830
CIRCLE: _ZN17AP_Logger_Backend24WriteMoreStartupMessagesEv @ 0x7b1910
CIRCLE: _ZNK17AP_Logger_Backend15logging_enabledEv @ 0x7b3930
CIRCLE: _ZN17AP_Logger_Backend13periodic_10HzEj @ 0x7b3a60
CIRCLE: _ZN17AP_Logger_Backend12periodic_1HzEv @ 0x7b3ab0
CIRCLE: _ZN17AP_Logger_Backend15push_log_blocksEv @ 0x7b3b40
CIRCLE: _ZN17AP_Logger_Backend12df_stats_logEv @ 0x7b3ba0
CIRCLE: _ZN17AP_Logger_Backend26Write_AP_Logger_Stats_FileERKNS_8df_statsE @ 0x7b3c10
CIRCLE: _ZN17AP_Logger_Backend14df_stats_clearEv @ 0x7b3d20
CIRCLE: _ZNK30LoggerMessageWriter_DFLogStart8fmt_doneEv @ 0xaf6a10
CIRCLE: _ZNK17AP_Logger_Backend40non_messagewriter_message_reserved_spaceEj @ 0xaf6a70
CIRCLE: _ZNK17AP_Logger_Backend31critical_message_reserved_spaceEj @ 0xaf6ae0
CIRCLE: _ZN17AP_Logger_Backend15df_stats_gatherEtj @ 0x7b61f0
CIRCLE: _ZNK14AP_Logger_File15logging_startedEv @ 0xaf6f70
CIRCLE: _ZN14AP_Logger_File21bufferspace_availableEv @ 0x7b8ef0
CIRCLE: _ZNK14AP_Logger_File14logging_failedEv @ 0x7b9500
CIRCLE: _ZN14AP_Logger_File8io_timerEv @ 0x7b95c0
CIRCLE: _ZN14AP_Logger_File12periodic_1HzEv @ 0x7b9b90
CIRCLE: _ZN14AP_Logger_File17periodic_fullrateEv @ 0x7b9e40
CIRCLE: _ZNK14AP_Logger_File8WritesOKEv @ 0x7b9e90
CIRCLE: _ZNK14AP_Logger_File13StartNewLogOKEv @ 0x7b9f20
CIRCLE: _ZN14AP_Logger_File22_WritePrioritisedBlockEPKvtb @ 0x7ba0d0
CIRCLE: _ZN7AP_AHRS6updateEb @ 0x7ba340
CIRCLE: _ZN7AP_AHRS18update_orientationEv @ 0x7ba680
CIRCLE: _ZN17AP_InertialSensor6updateEv @ 0x7ba780
CIRCLE: _ZN7AP_AHRS29update_trim_rotation_matricesEv @ 0x7badf0
CIRCLE: _ZN7AP_AHRS10update_DCMEv @ 0x7baf00
CIRCLE: _ZN7AP_AHRS12update_flagsEv @ 0x7bafa0
CIRCLE: _ZN7AP_AHRS11update_SITLEv @ 0x7bb060
CIRCLE: _ZN7AP_AHRS15update_externalEv @ 0x7bb110
CIRCLE: _ZN7AP_AHRS11update_EKF2Ev @ 0x7bb230
CIRCLE: _ZN7AP_AHRS11update_EKF3Ev @ 0x7bb720
CIRCLE: _ZNK7AP_AHRS14get_gyro_driftEv @ 0xaf6fd0
CIRCLE: _ZN7AP_AHRS14update_AOA_SSAEv @ 0x7bbf10
CIRCLE: _ZNK7AP_AHRS16_active_EKF_typeEv @ 0x7bc170
CIRCLE: _ZN7AP_AHRS12update_stateEv @ 0x7bc6a0
CIRCLE: _ZNK7AP_AHRS23_get_primary_gyro_indexEv @ 0x7bc940
CIRCLE: _ZNK7AP_AHRS23_get_primary_core_indexEv @ 0x7bc9f0
CIRCLE: _ZNK7AP_AHRS14_wind_estimateER7Vector3IfE @ 0x7bcac0
CIRCLE: _ZN15AP_AHRS_Backend11get_EAS2TASEv @ 0x7bcbf0
CIRCLE: _ZNK7AP_AHRS13_airspeed_EASERfRNS_20AirspeedEstimateTypeE @ 0x7bcc30
CIRCLE: _ZNK7AP_AHRS13_airspeed_TASERf @ 0x7bd1b0
CIRCLE: _ZNK7AP_AHRS13_airspeed_TASER7Vector3IfE @ 0x7bd2c0
CIRCLE: _ZNK7AP_AHRS15_get_quaternionER11QuaternionTIfE @ 0x7bd3a0
CIRCLE: _ZNK7AP_AHRS23_get_secondary_attitudeER7Vector3IfE @ 0x7bd560
CIRCLE: _ZNK7AP_AHRS25_get_secondary_quaternionER11QuaternionTIfE @ 0x7bd760
CIRCLE: _ZNK7AP_AHRS13_get_locationER8Location @ 0x7bd910
CIRCLE: _ZNK7AP_AHRS23_get_secondary_positionER8Location @ 0x7bda90
CIRCLE: _ZN7AP_AHRS19_groundspeed_vectorEv @ 0x7bdbe0
CIRCLE: _ZN7AP_AHRS12_groundspeedEv @ 0x7bdd10
CIRCLE: _ZNK7AP_AHRS29_getCorrectedDeltaVelocityNEDER7Vector3IfERf @ 0x7bdde0
CIRCLE: _ZNK7AP_AHRS17_get_velocity_NEDER7Vector3IfE @ 0x7be070
CIRCLE: _ZNK7NavEKF39getVelNEDER7Vector3IfE @ 0x7be230
CIRCLE: _ZNK12NavEKF3_core9getVelNEDER7Vector3IfE @ 0x7be560
CIRCLE: _ZNK12NavEKF2_core9getVelNEDER7Vector3IfE @ 0x7be610
CIRCLE: _ZNK7NavEKF312getAccelBiasEaR7Vector3IfE @ 0x7be750
CIRCLE: _ZNK17AP_InertialSensor18get_delta_velocityEhR7Vector3IfERf @ 0x7be820
CIRCLE: _ZNK7AP_AHRS43get_rotation_autopilot_body_to_vehicle_bodyEv @ 0xaf70c0
CIRCLE: _ZNK17AP_InertialSensor14get_delta_timeEv @ 0xaf7110
CIRCLE: _ZL3MINIffEDTqultfp_fp0_fp_fp0_ERKT_RKT0_.4188 @ 0x7be9d0
CIRCLE: _ZL3MINIffEDTqultfp_fp0_fp_fp0_ERKT_RKT0_.2602 @ 0x7bea60
CIRCLE: _ZNK12NavEKF3_core12getAccelBiasER7Vector3IfE @ 0x7beaf0
CIRCLE: _ZNK12NavEKF2_core13getAccelZBiasERf @ 0x7bebd0
CIRCLE: _ZL7radiansf.2590 @ 0x7bf1e0
CIRCLE: _ZNK7AP_AHRS23_get_secondary_EKF_typeERNS_7EKFTypeE @ 0x7bf230
CIRCLE: _ZNK7NavEKF36getLLHER8Location @ 0x7bf420
CIRCLE: _ZNK12NavEKF3_core6getLLHER8Location @ 0x7bf4c0
CIRCLE: _ZNK10AP_DAL_GPS6statusEv @ 0xaf7380
CIRCLE: _ZNK7AP_AHRS24fallback_active_EKF_typeEv @ 0x7bfa90
CIRCLE: _ZNK11AP_AHRS_DCM14get_quaternionER11QuaternionTIfE @ 0x7bfae0
CIRCLE: _ZNK7NavEKF313getQuaternionER11QuaternionTIfE @ 0x7bfbe0
CIRCLE: _ZN11QuaternionTIfE6rotateERK7Vector3IfE @ 0xaf73f0
CIRCLE: _ZN15AP_ExternalAHRS14get_quaternionER11QuaternionTIfE @ 0x7bfce0
CIRCLE: _ZNK12NavEKF3_core13getQuaternionER11QuaternionTIfE @ 0x7bfd90
CIRCLE: _ZNK11QuaternionTIdE7tofloatEv @ 0xaf74a0
CIRCLE: _ZNK12NavEKF2_core13getQuaternionER11QuaternionTIfE @ 0x7bfe20
CIRCLE: _ZNK7NavEKF314getEulerAnglesER7Vector3IfE @ 0x7bff40
CIRCLE: _ZNK7NavEKF312getAirSpdVecER7Vector3IfE @ 0x7c0120
CIRCLE: _ZNK12NavEKF3_core12getAirSpdVecER7Vector3IfE @ 0x7c01c0
CIRCLE: _ZNK11QuaternionTIdE7inverseEv @ 0xaf7520
CIRCLE: _ZNK7AP_AHRS25get_active_airspeed_indexEv @ 0x7c05c0
CIRCLE: _ZNK7AP_AHRS27_should_use_airspeed_sensorEh @ 0x7c06c0
CIRCLE: _ZNK7AP_AHRS27get_wind_estimation_enabledEv @ 0xaf75d0
CIRCLE: _ZNK7NavEKF37getWindER7Vector3IfE @ 0x7c09d0
CIRCLE: _ZNK12NavEKF3_core7getWindER7Vector3IfE @ 0x7c0af0
CIRCLE: _ZN15AP_AHRS_Backend23airspeed_sensor_enabledEh @ 0xaf7690
CIRCLE: _ZNK7AP_AHRS23airspeed_sensor_enabledEh @ 0xaf7770
CIRCLE: _ZNK7AP_AHRS10option_setENS_7OptionsE @ 0xaf77d0
CIRCLE: _ZNK7NavEKF317getActiveAirspeedEv @ 0x7c0cc0
CIRCLE: _ZNK12NavEKF3_core17getActiveAirspeedEv @ 0x7c0d50
CIRCLE: _ZNK7AP_Baro12_get_EAS2TASEv @ 0x7c0da0
CIRCLE: _ZNK7AP_Baro20get_EAS2TAS_extendedEf @ 0x7c0e10
CIRCLE: _ZNK12NavEKF2_core7getWindER7Vector3IfE @ 0x7c0fe0
CIRCLE: _ZNK7NavEKF219getPrimaryCoreIndexEv @ 0x7c1070
CIRCLE: _ZNK7NavEKF319getPrimaryCoreIndexEv @ 0x7c10e0
CIRCLE: _ZNK7NavEKF326configuredToUseGPSForPosXYEv @ 0x7c1300
CIRCLE: _ZNK11AP_AHRS_DCM20yaw_source_availableEv @ 0x7c1380
CIRCLE: _ZNK16AP_NavEKF_Source14getPosXYSourceEh @ 0xaf7930
CIRCLE: _ZL7degreesf.2538 @ 0x7c13e0
CIRCLE: _ZNK7AP_AHRS9calc_trigERK7Matrix3IfERfS4_S4_S4_S4_S4_ @ 0x7c1480
CIRCLE: _ZNK9AP_Logger15allow_start_ekfEv @ 0x7c1870
CIRCLE: _ZN7NavEKF312UpdateFilterEv @ 0x7c1f40
CIRCLE: _ZNK7NavEKF320getRotationBodyToNEDER7Matrix3IfE @ 0x7c2510
CIRCLE: _ZN7AP_AHRS16update_cd_valuesEv @ 0x7c25a0
CIRCLE: _ZN7AP_AHRS11update_trigEv @ 0x7c26e0
CIRCLE: _ZNK17AP_InertialSensor22get_first_usable_accelEv @ 0xaf79b0
CIRCLE: _ZNK7NavEKF311getGyroBiasEaR7Vector3IfE @ 0x7c27c0
CIRCLE: _ZN7AP_AHRS32update_notify_from_filter_statusERK17nav_filter_status @ 0x7c2890
CIRCLE: _ZNK12NavEKF3_core11getGyroBiasER7Vector3IfE @ 0x7c2940
CIRCLE: _ZN6AP_DAL11start_frameENS_9FrameTypeE @ 0x7c2a20
CIRCLE: _ZNK6AP_DAL8micros64Ev @ 0xaf7a00
CIRCLE: _ZNK12NavEKF3_core21getFramesSincePredictEv @ 0x7c2f00
CIRCLE: _ZN6AP_DAL22ekf_low_time_remainingENS_7EKFTypeEh @ 0x7c2f60
CIRCLE: _ZN12NavEKF3_core12UpdateFilterEb @ 0x7c30a0
CIRCLE: _ZNK6AP_DAL9get_armedEv @ 0xaf7a50
CIRCLE: _ZN7NavEKF321updateCoreErrorScoresEv @ 0x7c32d0
CIRCLE: _ZN7NavEKF324updateCoreRelativeErrorsEv @ 0x7c3390
CIRCLE: _ZNK7NavEKF315coreBetterScoreEhh @ 0x7c3530
CIRCLE: _ZN16AP_NavEKF_Source22align_inactive_sourcesEv @ 0x7c3730
CIRCLE: _ZNK16AP_NavEKF_Source13getPosZSourceEh @ 0x7c39e0
CIRCLE: _ZNK7AP_EnumIN16AP_NavEKF_Source7SourceZEEcvKS1_Ev @ 0xaf7b30
CIRCLE: _ZL3MAXI9AP_ParamTIfL11ap_var_type4EEfEDTqugtfp_fp0_fp_fp0_ERKT_RKT0_ @ 0x7c3bc0
CIRCLE: _ZN18NavEKF_core_common22fill_scratch_variablesEv @ 0x7c3c50
CIRCLE: _ZN12NavEKF3_core23update_sensor_selectionEv @ 0x7c3cf0
CIRCLE: _ZN12NavEKF3_core18controlFilterModesEv @ 0x7c3d60
CIRCLE: _ZN12NavEKF3_core11readIMUDataEb @ 0x7c3e30
CIRCLE: _ZN12NavEKF3_core27UpdateStrapdownEquationsNEDEv @ 0x7c4700
CIRCLE: _ZN12NavEKF3_core20CovariancePredictionEP7Vector3IdE @ 0x7c4be0
CIRCLE: _ZN12NavEKF3_core25runYawEstimatorPredictionEv @ 0x7cf3d0
CIRCLE: _ZN12NavEKF3_core15SelectMagFusionEv @ 0x7cf530
CIRCLE: _ZN12NavEKF3_core18SelectVelPosFusionEv @ 0x7d0260
CIRCLE: _ZN12NavEKF3_core25runYawEstimatorCorrectionEv @ 0x7d0c20
CIRCLE: _ZN12NavEKF3_core18SelectRngBcnFusionEv @ 0x7d0e10
CIRCLE: _ZN12NavEKF3_core16SelectFlowFusionEv @ 0x7d0f40
CIRCLE: _ZN12NavEKF3_core20SelectBodyOdomFusionEv @ 0x7d1220
CIRCLE: _ZN12NavEKF3_core15SelectTasFusionEv @ 0x7d14d0
CIRCLE: _ZN12NavEKF3_core20SelectBetaDragFusionEv @ 0x7d15d0
CIRCLE: _ZN12NavEKF3_core18updateFilterStatusEv @ 0x7d1890
CIRCLE: _ZN12NavEKF3_core13moveEKFOriginEv @ 0x7d21d0
CIRCLE: _ZN12NavEKF3_core21checkUpdateEarthFieldEv @ 0x7d2380
CIRCLE: _ZN12NavEKF3_core16calcOutputStatesEv @ 0x7d2440
CIRCLE: _ZN12NavEKF3_core11readMagDataEv @ 0x7d3790
CIRCLE: _ZN12NavEKF3_core11readGpsDataEv @ 0x7d3ca0
CIRCLE: _ZN12NavEKF3_core14readGpsYawDataEv @ 0x7d4630
CIRCLE: _ZN12NavEKF3_core12readBaroDataEv @ 0x7d4760
CIRCLE: _ZN6AP_DAL3insEv @ 0xaf7be0
CIRCLE: _ZNK21AP_DAL_InertialSensor9get_accelEh @ 0xaf7c30
CIRCLE: _ZL2sqf.5403 @ 0x7d6790
CIRCLE: _ZNK16AP_NavEKF_Source13useVelZSourceENS_7SourceZEh @ 0x7d6900
CIRCLE: _ZNK12NavEKF3_core26CorrectGPSForAntennaOffsetERNS_12gps_elementsE @ 0x7d6a30
CIRCLE: _ZNK10AP_DAL_GPS18get_antenna_offsetEh @ 0xaf7f00
CIRCLE: _ZNK7Vector3IdErmERKS0_ @ 0xaf7f70
CIRCLE: _ZNK7Matrix3IdE13mul_transposeERK7Vector3IdE @ 0xaf8050
CIRCLE: _ZN7Vector3IdEdVEd @ 0xaf8160
CIRCLE: _ZNK21AP_DAL_InertialSensor16get_loop_delta_tEv @ 0xaf81f0
CIRCLE: _ZNK14AP_DAL_Compass16get_first_usableEv @ 0xaf8610
CIRCLE: _ZNK11AP_DAL_Baro15get_last_updateEh @ 0xaf8880
CIRCLE: _ZNK11AP_DAL_Baro12get_altitudeEh @ 0xaf88f0
CIRCLE: _ZN16EKF_obs_buffer_tIN12NavEKF3_core13baro_elementsEE4pushERKS1_ @ 0xaf8960
CIRCLE: _ZNK10AP_DAL_GPS11gps_yaw_degEhRfS0_Rj @ 0xaf89d0
CIRCLE: _ZL3MAXIfdEDTqugtfp_fp0_fp_fp0_ERKT_RKT0_ @ 0x7d7430
CIRCLE: _ZNK10AP_DAL_GPS20last_message_time_msEh @ 0xaf8af0
CIRCLE: _ZNK10AP_DAL_GPS7get_lagEhRf @ 0xaf8b60
CIRCLE: _ZL3MINIjjEDTqultfp_fp0_fp_fp0_ERKT_RKT0_.5220 @ 0x7d7630
CIRCLE: _ZNK10AP_DAL_GPS8velocityEh @ 0xaf8c10
CIRCLE: _ZNK10AP_DAL_GPS22have_vertical_velocityEh @ 0xaf8c80
CIRCLE: _ZNK10AP_DAL_GPS14speed_accuracyEhRf @ 0xaf8d00
CIRCLE: _ZL3MAXIdfEDTqugtfp_fp0_fp_fp0_ERKT_RKT0_.5216 @ 0x7d76b0
CIRCLE: _ZL3MINIdfEDTqultfp_fp0_fp_fp0_ERKT_RKT0_ @ 0x7d7750
CIRCLE: _ZL3MAXId9AP_ParamTIfL11ap_var_type4EEEDTqugtfp_fp0_fp_fp0_ERKT_RKT0_ @ 0x7d77f0
CIRCLE: _ZNK10AP_DAL_GPS19horizontal_accuracyEhRf @ 0xaf8db0
CIRCLE: _ZNK10AP_DAL_GPS17vertical_accuracyEhRf @ 0xaf8e60
CIRCLE: _ZNK10AP_DAL_GPS8num_satsEh @ 0xaf8f10
CIRCLE: _ZN12NavEKF3_core18calcGpsGoodToAlignEv @ 0x7d78a0
CIRCLE: _ZN12NavEKF3_core20calcGpsGoodForFlightEv @ 0x7d8800
CIRCLE: _ZN16EKF_obs_buffer_tIN12NavEKF3_core12gps_elementsEE4pushERKS1_ @ 0xaf8f80
CIRCLE: _ZL3MAXIddEDTqugtfp_fp0_fp_fp0_ERKT_RKT0_.5381 @ 0x7d8cc0
CIRCLE: _ZL3MINIdfEDTqultfp_fp0_fp_fp0_ERKT_RKT0_.5368 @ 0x7d8d40
CIRCLE: _ZNK10AP_DAL_GPS8get_hdopEh @ 0xaf8ff0
CIRCLE: _ZNK14AP_DAL_Compass9availableEv @ 0xaf9060
CIRCLE: _ZNK14AP_DAL_Compass9get_countEv @ 0xaf90c0
CIRCLE: _ZNK14AP_DAL_Compass21learn_offsets_enabledEv @ 0xaf9110
CIRCLE: _ZNK14AP_DAL_Compass7healthyEh @ 0xaf9170
CIRCLE: _ZNK14AP_DAL_Compass16last_update_usecEh @ 0xaf91e0
CIRCLE: _ZNK14AP_DAL_Compass11get_offsetsEh @ 0xaf9250
CIRCLE: _ZNK7Vector3IdEneERKS0_ @ 0xaf92c0
CIRCLE: _ZN12NavEKF3_core12mag_elementsC2Ev @ 0xaf9390
CIRCLE: _ZNK14AP_DAL_Compass9get_fieldEh @ 0xaf93f0
CIRCLE: _ZNK14AP_DAL_Compass10consistentEv @ 0xaf9460
CIRCLE: _ZN16EKF_obs_buffer_tIN12NavEKF3_core12mag_elementsEE4pushERKS1_ @ 0xaf94c0
CIRCLE: _Z8is_equalIddENSt3__19enable_ifIXsr3std17is_floating_pointINS0_11common_typeIJT_T0_EE4typeEEE5valueEbE4typeES3_S4_ @ 0xaf9530
CIRCLE: _ZN12NavEKF3_core17correctDeltaAngleER7Vector3IdEdh @ 0x7d9020
CIRCLE: _ZN12NavEKF3_core20correctDeltaVelocityER7Vector3IdEdh @ 0x7d90e0
CIRCLE: _ZN11QuaternionTIdEC2Ev @ 0xaf95b0
CIRCLE: _ZN11QuaternionTIdE15from_axis_angleE7Vector3IdE @ 0xaf9620
CIRCLE: _ZN11QuaternionTIdEmLERKS0_ @ 0xaf96e0
CIRCLE: _ZNK11QuaternionTIdE15rotation_matrixER7Matrix3IdE @ 0xaf9880
CIRCLE: _ZNK21AP_DAL_InertialSensor8get_gyroEh @ 0xaf9a70
CIRCLE: _ZNK6AP_DAL20get_takeoff_expectedEv @ 0xaf9b80
CIRCLE: _ZN16EKF_IMU_buffer_tIN12NavEKF3_core12imu_elementsEE18get_youngest_indexEv @ 0xaf9bf0
CIRCLE: _ZN16EKF_IMU_buffer_tIN12NavEKF3_core12imu_elementsEE16get_oldest_indexEv @ 0xaf9c50
CIRCLE: _ZNK11QuaternionTIdEdvERKS0_ @ 0xaf9cb0
CIRCLE: _ZN11QuaternionTIdEixEh @ 0xaf9ed0
CIRCLE: _ZL3MAXIddEDTqugtfp_fp0_fp_fp0_ERKT_RKT0_.5431 @ 0x7d9200
CIRCLE: _ZN12NavEKF3_core15output_elementsC2Ev @ 0xaf9f40
CIRCLE: _ZNK14ekf_imu_buffer16get_oldest_indexEv @ 0xaf9fc0
CIRCLE: _ZNK14ekf_imu_buffer18get_youngest_indexEv @ 0xafa010
CIRCLE: _ZN11QuaternionTIdE15from_axis_angleERK7Vector3IdEd @ 0xafa060
CIRCLE: _ZNK6AP_DAL22get_touchdown_expectedEv @ 0xafa180
CIRCLE: _ZN12NavEKF3_core12FuseSideslipEv @ 0x7d92f0
CIRCLE: _ZN16EKF_obs_buffer_tIN12NavEKF3_core13drag_elementsEE6recallERS1_j @ 0xafa1e0
CIRCLE: _ZNK6AP_DAL11get_EAS2TASEv @ 0xafa260
CIRCLE: _ZN7Vector3IdEixEh @ 0xafa320
CIRCLE: _ZNK7Vector3IdEixEh @ 0xafa390
CIRCLE: _ZN7Vector2IdEixEh @ 0xafa400
CIRCLE: _ZN15ekf_ring_buffer6recallEPvj @ 0x7dfd60
CIRCLE: _ZNK15ekf_ring_buffer7time_msEh @ 0x7dfec0
CIRCLE: _ZN12NavEKF3_core14readAirSpdDataEv @ 0x7dff30
CIRCLE: _ZN12NavEKF3_core12FuseAirspeedEv @ 0x7e0360
CIRCLE: _ZL3MAXIdfEDTqugtfp_fp0_fp_fp0_ERKT_RKT0_.20297 @ 0x7e1b60
CIRCLE: _ZNK12NavEKF3_core11useAirspeedEv @ 0x7e1c00
CIRCLE: _ZNK15AP_DAL_Airspeed14last_update_msEh @ 0xafa470
CIRCLE: _ZNK15AP_DAL_Airspeed7healthyEh @ 0xafa4e0
CIRCLE: _ZNK15AP_DAL_Airspeed3useEh @ 0xafa550
CIRCLE: _ZNK15AP_DAL_Airspeed12get_airspeedEh @ 0xafa5c0
CIRCLE: _ZL2sqf.5223 @ 0x7e1c60
CIRCLE: _ZN16EKF_obs_buffer_tIN12NavEKF3_core12tas_elementsEE4pushERKS1_ @ 0xafa630
CIRCLE: _ZN16EKF_obs_buffer_tIN12NavEKF3_core12tas_elementsEE6recallERS1_j @ 0xafa6a0
CIRCLE: _ZNK6AP_DAL23airspeed_sensor_enabledEv @ 0xafa720
CIRCLE: _ZN16EKF_obs_buffer_tIN12NavEKF3_core16vel_odm_elementsEE6recallERS1_j @ 0xafa790
CIRCLE: _ZN16EKF_obs_buffer_tIN12NavEKF3_core18wheel_odm_elementsEE6recallERS1_j @ 0xafa810
CIRCLE: _ZN12NavEKF3_core11of_elementsC2Ev @ 0xafa890
CIRCLE: _ZN16EKF_obs_buffer_tIN12NavEKF3_core11of_elementsEE6recallERS1_j @ 0xafa920
CIRCLE: _ZNK7Vector2IdEixEh @ 0xafa9a0
CIRCLE: _ZN12NavEKF3_core14readRngBcnDataEv @ 0x7eeb30
CIRCLE: _ZN10EKFGSF_yaw11fuseVelDataERK7Vector2IdEd @ 0x7f27e0
CIRCLE: _ZNK12NavEKF3_core13EKFGSF_getYawERdS0_ @ 0x7f2be0
CIRCLE: _ZNK11QuaternionTIdE8to_eulerERdS1_S1_ @ 0xafae70
CIRCLE: _ZN7Matrix3IdEixEh @ 0xafb9f0
CIRCLE: _ZNK10EKFGSF_yaw10getYawDataERdS0_Ph @ 0x7f3550
CIRCLE: _ZL7radiansf.5184 @ 0x7f3630
CIRCLE: _ZL2sqf.5182 @ 0x7f3680
CIRCLE: _ZN10EKFGSF_yaw11resetEKFGSFEv @ 0x7f3810
CIRCLE: _ZN10EKFGSF_yaw8alignYawEv @ 0x7f3980
CIRCLE: _ZN10EKFGSF_yaw7correctEhRK7Vector2IdEd @ 0x7f3bf0
CIRCLE: _ZNK10EKFGSF_yaw15gaussianDensityEh @ 0x7f4fb0
CIRCLE: _ZL3MAXIdfEDTqugtfp_fp0_fp_fp0_ERKT_RKT0_.4687 @ 0x7f5330
CIRCLE: _ZN10EKFGSF_yaw13forceSymmetryEh @ 0x7f53d0
CIRCLE: _ZNK7Matrix3IdE8to_eulerEPdS1_S1_ @ 0xafba60
CIRCLE: _ZN16EKF_obs_buffer_tIN12NavEKF3_core16ext_nav_elementsEE6recallERS1_j @ 0xafbb60
CIRCLE: _ZN16EKF_obs_buffer_tIN12NavEKF3_core20ext_nav_vel_elementsEE6recallERS1_j @ 0xafbbe0
CIRCLE: _ZNK12NavEKF3_core35CalculateVelInnovationsAndVariancesERK7Vector3IdEddRS1_S4_ @ 0x7f5900
CIRCLE: _ZN16EKF_obs_buffer_tIN12NavEKF3_core12gps_elementsEE6recallERS1_j @ 0xafbc60
CIRCLE: _ZN12NavEKF3_core21selectHeightForFusionEv @ 0x7f5f40
CIRCLE: _ZN12NavEKF3_core13FuseVelPosNEDEv @ 0x7f7440
CIRCLE: _ZL3MAXIdfEDTqugtfp_fp0_fp_fp0_ERKT_RKT0_.5356 @ 0x7f9790
CIRCLE: _ZL3MAXI9AP_ParamTIfL11ap_var_type4EEfEDTqugtfp_fp0_fp_fp0_ERKT_RKT0_.5357 @ 0x7f9830
CIRCLE: _ZN12NavEKF3_core15readRangeFinderEv @ 0x7f98c0
CIRCLE: _ZN16EKF_obs_buffer_tIN12NavEKF3_core14range_elementsEE6recallERS1_j @ 0xafbce0
CIRCLE: _ZN16EKF_obs_buffer_tIN12NavEKF3_core13baro_elementsEE6recallERS1_j @ 0xafbdb0
CIRCLE: _ZL3MAXIddEDTqugtfp_fp0_fp_fp0_ERKT_RKT0_.5205 @ 0x7fa490
CIRCLE: _ZL3MAXI9AP_ParamTIfL11ap_var_type4EEfEDTqugtfp_fp0_fp_fp0_ERKT_RKT0_.5194 @ 0x7fa660
CIRCLE: _ZN16EKF_obs_buffer_tIN12NavEKF3_core12yaw_elementsEE6recallERS1_j @ 0xafc040
CIRCLE: _ZN16EKF_obs_buffer_tIN12NavEKF3_core12mag_elementsEE6recallERS1_j @ 0xafc0c0
CIRCLE: _ZN12NavEKF3_core18controlMagYawResetEv @ 0x7fc690
CIRCLE: _ZN12NavEKF3_core16FuseMagnetometerEv @ 0x7fcca0
CIRCLE: _ZN7Matrix3IdEC2Eddddddddd @ 0xafc140
CIRCLE: _ZNK7Matrix3IdEixEh @ 0xafc290
CIRCLE: _ZL3MAXIdfEDTqugtfp_fp0_fp_fp0_ERKT_RKT0_.5192 @ 0x8034e0
CIRCLE: _ZN12NavEKF3_core17MagTableConstrainEv @ 0x803580
CIRCLE: _ZNK11QuaternionTIdE13to_axis_angleER7Vector3IdE @ 0xafc300
CIRCLE: _ZL3MAXIdfEDTqugtfp_fp0_fp_fp0_ERKT_RKT0_.5149 @ 0x803c60
CIRCLE: _ZN10EKFGSF_yaw6updateERK7Vector3IdES3_ddbd @ 0x803d00
CIRCLE: _ZN10EKFGSF_yaw7predictEh @ 0x804790
CIRCLE: _ZN10EKFGSF_yaw11predictAHRSEh @ 0x8052e0
CIRCLE: _ZL7radiansf.4685 @ 0x805860
CIRCLE: _ZL2sqf.4686 @ 0x8058b0
CIRCLE: _ZNK10EKFGSF_yaw12updateRotMatERK7Matrix3IdERK7Vector3IdE @ 0x805900
CIRCLE: _ZN12NavEKF3_core21calcTiltErrorVarianceEv @ 0x8061e0
CIRCLE: _ZN12NavEKF3_core23verifyTiltErrorVarianceEv @ 0x8068c0
CIRCLE: _ZL3MINIffEDTqultfp_fp0_fp_fp0_ERKT_RKT0_.5423 @ 0x806cc0
CIRCLE: _ZN11QuaternionTIdE6rotateERK7Vector3IdE @ 0xafc8c0
CIRCLE: _ZN12NavEKF3_core15ConstrainStatesEv @ 0x806d50
CIRCLE: _ZNK21AP_DAL_InertialSensor9use_accelEh @ 0xafc980
CIRCLE: _ZNK21AP_DAL_InertialSensor8use_gyroEh @ 0xafca50
CIRCLE: _ZN12NavEKF3_core19learnInactiveBiasesEv @ 0x807190
CIRCLE: _ZN12NavEKF3_core19updateMovementCheckEv @ 0x807700
CIRCLE: _ZN12NavEKF3_core17readDeltaVelocityEhR7Vector3IdERd @ 0x807fa0
CIRCLE: _ZNK21AP_DAL_InertialSensor18get_imu_pos_offsetEh @ 0xafcb20
CIRCLE: _ZN12NavEKF3_core14readDeltaAngleEhR7Vector3IdERd @ 0x8080f0
CIRCLE: _ZN16EKF_IMU_buffer_tIN12NavEKF3_core12imu_elementsEE21push_youngest_elementES1_ @ 0xafcb90
CIRCLE: _ZN12NavEKF3_core14SampleDragDataERKNS_12imu_elementsE @ 0x808210
CIRCLE: _ZN16EKF_IMU_buffer_tIN12NavEKF3_core12imu_elementsEE18get_oldest_elementEv @ 0xafcbf0
CIRCLE: _ZN12NavEKF3_core22updateTimingStatisticsEv @ 0x8084c0
CIRCLE: _ZL3MINIfdEDTqultfp_fp0_fp_fp0_ERKT_RKT0_ @ 0x808770
CIRCLE: _ZN12NavEKF3_core12imu_elementsC2Ev @ 0xafcc70
CIRCLE: _ZN14ekf_imu_buffer18get_oldest_elementEPv @ 0x808810
CIRCLE: _ZN14ekf_imu_buffer21push_youngest_elementEPKv @ 0x8088d0
CIRCLE: _ZNK21AP_DAL_InertialSensor14get_gyro_countEv @ 0xafcd50
CIRCLE: _ZNK21AP_DAL_InertialSensor15get_delta_angleEhR7Vector3IfERf @ 0xafcda0
CIRCLE: _ZNK21AP_DAL_InertialSensor15get_accel_countEv @ 0xafcea0
CIRCLE: _ZNK21AP_DAL_InertialSensor18get_delta_velocityEhR7Vector3IfERf @ 0xafcef0
CIRCLE: _ZL7radiansi.5218 @ 0x8089c0
CIRCLE: _ZN12NavEKF3_core12detectFlightEv @ 0x808a20
CIRCLE: _ZN12NavEKF3_core27setWindMagStateLearningModeEv @ 0x808ee0
CIRCLE: _ZN12NavEKF3_core28checkAttitudeAlignmentStatusEv @ 0x809780
CIRCLE: _ZN12NavEKF3_core13setAidingModeEv @ 0x809890
CIRCLE: _ZN12NavEKF3_core12setYawSourceEv @ 0x80a800
CIRCLE: _ZN12NavEKF3_core18checkGyroCalStatusEv @ 0x80a8d0
CIRCLE: _ZL3MINIttEDTqultfp_fp0_fp_fp0_ERKT_RKT0_ @ 0x80afb0
CIRCLE: _ZL7radiansd.5136 @ 0x80b030
CIRCLE: _ZN12NavEKF3_core19updateStateIndexLimEv @ 0x80b120
CIRCLE: _ZL2sqf.5384 @ 0x80b200
CIRCLE: _ZN12NavEKF3_core20update_gps_selectionEv @ 0x80b310
CIRCLE: _ZN12NavEKF3_core20update_mag_selectionEv @ 0x80b410
CIRCLE: _ZN12NavEKF3_core21update_baro_selectionEv @ 0x80b550
CIRCLE: _ZN12NavEKF3_core25update_airspeed_selectionEv @ 0x80b630
CIRCLE: _ZNK15AP_DAL_Airspeed11get_primaryEv @ 0xafd030
CIRCLE: _ZNK11AP_DAL_Baro11get_primaryEv @ 0xafd080
CIRCLE: _Z9fill_nanfPdt @ 0x80b740
CIRCLE: _ZNK17AP_InertialSensor20get_last_update_usecEv @ 0xafd140
CIRCLE: _ZNK17AP_InertialSensor16get_loop_delta_tEv @ 0xafd190
CIRCLE: _ZNK7AP_AHRS17get_vehicle_classEv @ 0xafd1e0
CIRCLE: _ZNK7AP_AHRS20get_takeoff_expectedEv @ 0xafd230
CIRCLE: _ZNK7AP_AHRS22get_touchdown_expectedEv @ 0xafd290
CIRCLE: _ZNK7AP_AHRS8get_trimEv @ 0xafd2f0
CIRCLE: _ZN2AP12wheelencoderEv @ 0x80bb60
CIRCLE: _ZNK7AP_AHRS43get_rotation_vehicle_body_to_autopilot_bodyEv @ 0xafd3a0
CIRCLE: _ZN21AP_DAL_InertialSensor11start_frameEv @ 0x80bba0
CIRCLE: _ZN11AP_DAL_Baro11start_frameEv @ 0x80be20
CIRCLE: _ZN10AP_DAL_GPS11start_frameEv @ 0x80bf90
CIRCLE: _ZN14AP_DAL_Compass11start_frameEv @ 0x80c390
CIRCLE: _ZN15AP_DAL_Airspeed11start_frameEv @ 0x80c5b0
CIRCLE: _ZN2AP6beaconEv @ 0x80cba0
CIRCLE: _ZN9AP_Beacon13get_singletonEv @ 0xafd4a0
CIRCLE: _ZNK11AP_Airspeed15get_num_sensorsEv @ 0xafd4e0
CIRCLE: _ZNK11AP_Airspeed14last_update_msEh @ 0xafd530
CIRCLE: _ZNK7Compass24auto_declination_enabledEv @ 0xafd5a0
CIRCLE: _ZNK7Compass15get_declinationEv @ 0x80d2f0
CIRCLE: _ZNK7Compass15get_num_enabledEv @ 0x80d350
CIRCLE: _ZNK7Compass16get_first_usableEv @ 0xafd610
CIRCLE: _ZNK7Compass17have_scale_factorEh @ 0x80d410
CIRCLE: _ZNK7Compass16last_update_usecEh @ 0xafd660
CIRCLE: _ZNK14typesafe_indexIh14TAG_StateIndexEgeERKh @ 0xafd6e0
CIRCLE: _ZNK7AP_Baro11get_primaryEv @ 0xafd750
CIRCLE: _ZNK7AP_Baro15get_last_updateEh @ 0xafd7a0
CIRCLE: _ZNK17AP_InertialSensor16get_loop_rate_hzEv @ 0xafd810
CIRCLE: _ZNK17AP_InertialSensor15get_delta_angleEhR7Vector3IfERf @ 0x80d550
CIRCLE: _ZN21AP_DAL_InertialSensor15update_filteredEh @ 0x80d720
CIRCLE: _ZNK17AP_InertialSensor18get_imu_pos_offsetEh @ 0xafd860
CIRCLE: _ZNK17AP_InertialSensor10_accel_posEh @ 0xafd8c0
CIRCLE: _ZN17AP_InertialSensor10_accel_posEh @ 0xafd920
CIRCLE: _ZN15AP_WheelEncoder13get_singletonEv @ 0xafd990
CIRCLE: _ZN7NavEKF212UpdateFilterEv @ 0x810760
CIRCLE: _ZNK12NavEKF2_core11getGyroBiasER7Vector3IfE @ 0x810d40
CIRCLE: _ZNK12NavEKF2_core21getFramesSincePredictEv @ 0x810e30
CIRCLE: _ZN12NavEKF2_core12UpdateFilterEb @ 0x810e90
CIRCLE: _ZN12NavEKF2_core18controlFilterModesEv @ 0x811090
CIRCLE: _ZN12NavEKF2_core11readIMUDataEv @ 0x811160
CIRCLE: _ZN12NavEKF2_core27UpdateStrapdownEquationsNEDEv @ 0x811980
CIRCLE: _ZN12NavEKF2_core20CovariancePredictionEv @ 0x811dc0
CIRCLE: _ZN12NavEKF2_core25runYawEstimatorPredictionEv @ 0x81b4d0
CIRCLE: _ZN12NavEKF2_core15SelectMagFusionEv @ 0x81b640
CIRCLE: _ZN12NavEKF2_core18SelectVelPosFusionEv @ 0x81ba90
CIRCLE: _ZN12NavEKF2_core25runYawEstimatorCorrectionEv @ 0x81c2a0
CIRCLE: _ZN12NavEKF2_core18SelectRngBcnFusionEv @ 0x81c3f0
CIRCLE: _ZN12NavEKF2_core16SelectFlowFusionEv @ 0x81c480
CIRCLE: _ZN12NavEKF2_core15SelectTasFusionEv @ 0x81c700
CIRCLE: _ZN12NavEKF2_core16SelectBetaFusionEv @ 0x81c820
CIRCLE: _ZN12NavEKF2_core18updateFilterStatusEv @ 0x81c9c0
CIRCLE: _ZN12NavEKF2_core16calcOutputStatesEv @ 0x81d3c0
CIRCLE: _ZNK12NavEKF2_core20assume_zero_sideslipEv @ 0x81e630
CIRCLE: _ZN12NavEKF2_core11readMagDataEv @ 0x81e6c0
CIRCLE: _ZN12NavEKF2_core11readGpsDataEv @ 0x81eba0
CIRCLE: _ZN12NavEKF2_core12readBaroDataEv @ 0x81f660
CIRCLE: _ZN16EKF_IMU_buffer_tIN12NavEKF2_core15output_elementsEEixEj @ 0xafed80
CIRCLE: _ZNK10AP_DAL_GPS22have_vertical_velocityEv @ 0xafedf0
CIRCLE: _ZNK12NavEKF2_core26CorrectGPSForAntennaOffsetERNS_12gps_elementsE @ 0x821780
CIRCLE: _ZL2sqf.20181 @ 0x821c00
CIRCLE: _ZNK11AP_DAL_Baro15get_last_updateEv @ 0xaff250
CIRCLE: _ZNK11AP_DAL_Baro12get_altitudeEv @ 0xaff2b0
CIRCLE: _ZL3MAXIddEDTqugtfp_fp0_fp_fp0_ERKT_RKT0_.20150 @ 0x821e70
CIRCLE: _ZN16EKF_obs_buffer_tIN12NavEKF2_core13baro_elementsEE4pushERKS1_ @ 0xaff310
CIRCLE: _ZNK10AP_DAL_GPS7get_lagERf @ 0xaff380
CIRCLE: _ZNK10AP_DAL_GPS8velocityEv @ 0xaff400
CIRCLE: _ZNK10AP_DAL_GPS14speed_accuracyERf @ 0xaff460
CIRCLE: _ZL3MAXIdfEDTqugtfp_fp0_fp_fp0_ERKT_RKT0_.20159 @ 0x821ef0
CIRCLE: _ZL3MINIdfEDTqultfp_fp0_fp_fp0_ERKT_RKT0_.20160 @ 0x821f90
CIRCLE: _ZL3MAXId9AP_ParamTIfL11ap_var_type4EEEDTqugtfp_fp0_fp_fp0_ERKT_RKT0_.20162 @ 0x822030
CIRCLE: _ZNK10AP_DAL_GPS19horizontal_accuracyERf @ 0xaff4e0
CIRCLE: _ZNK10AP_DAL_GPS17vertical_accuracyERf @ 0xaff560
CIRCLE: _ZNK10AP_DAL_GPS8num_satsEv @ 0xaff5e0
CIRCLE: _ZN12NavEKF2_core18calcGpsGoodToAlignEv @ 0x8220e0
CIRCLE: _ZN12NavEKF2_core20calcGpsGoodForFlightEv @ 0x822fd0
CIRCLE: _ZN16EKF_obs_buffer_tIN12NavEKF2_core12gps_elementsEE4pushERKS1_ @ 0xaff650
CIRCLE: _ZNK12NavEKF2_core14MagDeclinationEv @ 0x823510
CIRCLE: _ZN12NavEKF2_core15FuseDeclinationEd @ 0x8235f0
CIRCLE: _ZN12NavEKF2_core13ForceSymmetryEv @ 0x823fd0
CIRCLE: _ZN12NavEKF2_core18ConstrainVariancesEv @ 0x824120
CIRCLE: _ZL3MAXIddEDTqugtfp_fp0_fp_fp0_ERKT_RKT0_.20213 @ 0x824650
CIRCLE: _ZL3MINIdfEDTqultfp_fp0_fp_fp0_ERKT_RKT0_.20200 @ 0x8246d0
CIRCLE: _ZNK10AP_DAL_GPS8get_hdopEv @ 0xaff6c0
CIRCLE: _ZN12NavEKF2_core12mag_elementsC2Ev @ 0xaff730
CIRCLE: _ZN16EKF_obs_buffer_tIN12NavEKF2_core12mag_elementsEE4pushERKS1_ @ 0xaff790
CIRCLE: _ZN12NavEKF2_core17correctDeltaAngleER7Vector3IdEdh @ 0x824920
CIRCLE: _ZN12NavEKF2_core20correctDeltaVelocityER7Vector3IdEdh @ 0x824a30
CIRCLE: _ZN16EKF_IMU_buffer_tIN12NavEKF2_core12imu_elementsEE18get_youngest_indexEv @ 0xaff800
CIRCLE: _ZN16EKF_IMU_buffer_tIN12NavEKF2_core12imu_elementsEE16get_oldest_indexEv @ 0xaff860
CIRCLE: _ZN12NavEKF2_core15output_elementsC2Ev @ 0xaff8c0
CIRCLE: _ZNK12NavEKF2_core11useAirspeedEv @ 0x824ae0
CIRCLE: _ZN12NavEKF2_core14readAirSpdDataEv @ 0x828020
CIRCLE: _ZN12NavEKF2_core12FuseAirspeedEv @ 0x8281a0
CIRCLE: _ZL3MAXIdfEDTqugtfp_fp0_fp_fp0_ERKT_RKT0_.22305 @ 0x8298f0
CIRCLE: _ZNK15AP_DAL_Airspeed3useEv @ 0xaff940
CIRCLE: _ZNK15AP_DAL_Airspeed7healthyEv @ 0xaff9b0
CIRCLE: _ZNK15AP_DAL_Airspeed14last_update_msEv @ 0xaffa20
CIRCLE: _ZNK15AP_DAL_Airspeed12get_airspeedEv @ 0xaffa80
CIRCLE: _ZN16EKF_obs_buffer_tIN12NavEKF2_core12tas_elementsEE4pushERKS1_ @ 0xaffae0
CIRCLE: _ZN16EKF_obs_buffer_tIN12NavEKF2_core12tas_elementsEE6recallERS1_j @ 0xaffb50
CIRCLE: _ZN12NavEKF2_core14readRngBcnDataEv @ 0x82f990
CIRCLE: _ZN16EKF_obs_buffer_tIN12NavEKF2_core16ext_nav_elementsEE6recallERS1_j @ 0xaffcc0
CIRCLE: _ZN16EKF_obs_buffer_tIN12NavEKF2_core20ext_nav_vel_elementsEE6recallERS1_j @ 0xaffd40
CIRCLE: _ZN16EKF_obs_buffer_tIN12NavEKF2_core12gps_elementsEE6recallERS1_j @ 0xaffdc0
CIRCLE: _ZN12NavEKF2_core18controlMagYawResetEv @ 0x833c10
CIRCLE: _ZN12NavEKF2_core13realignYawGPSEv @ 0x835b70
CIRCLE: _ZN12NavEKF2_core21selectHeightForFusionEv @ 0x835df0
CIRCLE: _ZN12NavEKF2_core13FuseVelPosNEDEv @ 0x837130
CIRCLE: _ZL3MAXIdfEDTqugtfp_fp0_fp_fp0_ERKT_RKT0_.20190 @ 0x838e40
CIRCLE: _ZN12NavEKF2_core15readRangeFinderEv @ 0x838ee0
CIRCLE: _ZN16EKF_obs_buffer_tIN12NavEKF2_core14range_elementsEE6recallERS1_j @ 0xaffe40
CIRCLE: _ZN16EKF_obs_buffer_tIN12NavEKF2_core13baro_elementsEE6recallERS1_j @ 0xaffec0
CIRCLE: _ZL3MAXIddEDTqugtfp_fp0_fp_fp0_ERKT_RKT0_.20133 @ 0x8398e0
CIRCLE: _ZL3MAXIdfEDTqugtfp_fp0_fp_fp0_ERKT_RKT0_.20138 @ 0x839a90
CIRCLE: _ZN16EKF_obs_buffer_tIN12NavEKF2_core12mag_elementsEE6recallERS1_j @ 0xafffb0
CIRCLE: _ZN12NavEKF2_core16FuseMagnetometerEv @ 0x83a080
CIRCLE: _ZN12NavEKF2_core17MagTableConstrainEv @ 0x83fb70
CIRCLE: _ZN12NavEKF2_core15CopyCovariancesEv @ 0x83fca0
CIRCLE: _ZN12NavEKF2_core15ConstrainStatesEv @ 0x83fd90
CIRCLE: _ZL3MAXIddEDTqugtfp_fp0_fp_fp0_ERKT_RKT0_.20258 @ 0x8401c0
CIRCLE: _ZN12NavEKF2_core19learnInactiveBiasesEv @ 0x840240
CIRCLE: _ZN12NavEKF2_core17readDeltaVelocityEhR7Vector3IdERd @ 0x840710
CIRCLE: _ZN12NavEKF2_core14readDeltaAngleEhR7Vector3IdERd @ 0x840880
CIRCLE: _ZN16EKF_IMU_buffer_tIN12NavEKF2_core12imu_elementsEE21push_youngest_elementES1_ @ 0xb00030
CIRCLE: _ZN16EKF_IMU_buffer_tIN12NavEKF2_core12imu_elementsEE18get_oldest_elementEv @ 0xb00090
CIRCLE: _ZN12NavEKF2_core22updateTimingStatisticsEv @ 0x8409f0
CIRCLE: _ZL3MAXIfdEDTqugtfp_fp0_fp_fp0_ERKT_RKT0_.20157 @ 0x840ca0
CIRCLE: _ZL3MINIfdEDTqultfp_fp0_fp_fp0_ERKT_RKT0_.20158 @ 0x840d40
CIRCLE: _ZN12NavEKF2_core12imu_elementsC2Ev @ 0xb00110
CIRCLE: _ZL7radiansi.20161 @ 0x840de0
CIRCLE: _ZN12NavEKF2_core12detectFlightEv @ 0x840e40
CIRCLE: _ZN12NavEKF2_core27setWindMagStateLearningModeEv @ 0x8412e0
CIRCLE: _ZN12NavEKF2_core28checkAttitudeAlignmentStatusEv @ 0x841980
CIRCLE: _ZN12NavEKF2_core13setAidingModeEv @ 0x841af0
CIRCLE: _ZL3MINIttEDTqultfp_fp0_fp_fp0_ERKT_RKT0_.20103 @ 0x8429d0
CIRCLE: _ZNK12NavEKF2_core16effective_magCalEv @ 0x842af0
CIRCLE: _ZN16AP_AHRS_External6updateEv @ 0x843550
CIRCLE: _ZN16AP_AHRS_External11get_resultsERN15AP_AHRS_Backend9EstimatesE @ 0x8435a0
CIRCLE: _ZN7AP_AHRS37copy_estimates_from_backend_estimatesERKN15AP_AHRS_Backend9EstimatesE @ 0x8437f0
CIRCLE: _ZN15AP_ExternalAHRS6updateEv @ 0x843ad0
CIRCLE: _ZL7degreesf.11297 @ 0x843e00
CIRCLE: _ZN11AP_AHRS_SIM6updateEv @ 0xb00d40
CIRCLE: _ZN11AP_AHRS_SIM11get_resultsERN15AP_AHRS_Backend9EstimatesE @ 0x843e50
CIRCLE: _ZN11AP_AHRS_DCM6updateEv @ 0x844a30
CIRCLE: _ZN11AP_AHRS_DCM11get_resultsERN15AP_AHRS_Backend9EstimatesE @ 0x844d50
CIRCLE: _ZN11AP_AHRS_DCM13matrix_updateEv @ 0x844e70
CIRCLE: _ZN11AP_AHRS_DCM9normalizeEv @ 0x8450c0
CIRCLE: _ZN11AP_AHRS_DCM16drift_correctionEf @ 0x8452e0
CIRCLE: _ZN11AP_AHRS_DCM12check_matrixEv @ 0x846640
CIRCLE: _ZN11AP_AHRS_DCM15backup_attitudeEv @ 0x846740
CIRCLE: _ZNK11AP_AHRS_DCM12get_error_rpEv @ 0xb00e00
CIRCLE: _ZNK11AP_AHRS_DCM13get_error_yawEv @ 0xb00e50
CIRCLE: _ZN7Matrix3IfE6is_nanEv @ 0xb00ea0
CIRCLE: _ZN11AP_AHRS_DCM20drift_correction_yawEv @ 0x846c30
CIRCLE: _ZNK7Matrix3IfE4colxEv @ 0xb00f40
CIRCLE: _ZNK6AP_GPS16last_fix_time_msEv @ 0xb00fb0
CIRCLE: _ZL3MAXIfiEDTqugtfp_fp0_fp_fp0_ERKT_RKT0_.2600 @ 0x847150
CIRCLE: _ZNK11AP_AHRS_DCM26should_correct_centrifugalEv @ 0x8471f0
CIRCLE: _ZN11AP_AHRS_DCM10ra_delayedEhRK7Vector3IfE @ 0x847240
CIRCLE: _ZNK17AP_InertialSensor7healthyEv @ 0xb01010
CIRCLE: _ZN11AP_AHRS_DCM7_P_gainEf @ 0x847340
CIRCLE: _ZNK11AP_AHRS_DCM14use_fast_gainsEv @ 0x847420
CIRCLE: _ZL7radiansi.2601 @ 0x8474b0
CIRCLE: _ZNK17AP_InertialSensor19get_gyro_drift_rateEv @ 0xb01090
CIRCLE: _ZNK17AP_InertialSensor15get_gyro_healthEv @ 0xb010e0
CIRCLE: _ZNK17AP_InertialSensor16get_accel_healthEv @ 0xb01140
CIRCLE: _ZNK7Compass16last_update_usecEv @ 0xb011a0
CIRCLE: _ZN7Compass4readEv @ 0x847510
CIRCLE: _ZN11AP_AHRS_DCM17yaw_error_compassER7Compass @ 0x8478e0
CIRCLE: _ZNK11AP_AHRS_DCM9_yaw_gainEv @ 0x847a60
CIRCLE: _ZNK7Matrix3IfE5mulXYERK7Vector3IfE @ 0xb01200
CIRCLE: _ZNK7Vector2IfErmERKS0_ @ 0xb012d0
CIRCLE: _ZN7Compass15_detect_runtimeEv @ 0x847c10
CIRCLE: _ZN9AP_Logger13Write_CompassEv @ 0x847f40
CIRCLE: _ZN19RestrictIDTypeArrayI9AP_ParamTIaL11ap_var_type1EELj3E14typesafe_indexIh12TAG_PriorityEEixERKS5_ @ 0xb01350
CIRCLE: _ZN9AP_Logger22Write_Compass_instanceEmh @ 0x847fe0
CIRCLE: _ZNK7Compass17get_motor_offsetsEh @ 0xb013d0
CIRCLE: _ZN18AP_Compass_Backend25drain_accumulated_samplesEhPK7Vector3IfE @ 0x849f10
CIRCLE: _ZN18AP_Compass_Backend22publish_filtered_fieldERK7Vector3IfEh @ 0x84a090
CIRCLE: _ZN11AP_AHRS_DCM6renormERK7Vector3IfERS1_ @ 0x84a150
CIRCLE: _ZNK17AP_InertialSensor15get_delta_angleER7Vector3IfERf @ 0xb01c50
CIRCLE: _ZNK7Vector3IfEeqERKS0_ @ 0xb01ce0
CIRCLE: _ZNK14AP_Logger_File17recent_open_errorEv @ 0x84a500
CIRCLE: _ZNK14AP_Logger_File15io_thread_aliveEv @ 0x84a590
CIRCLE: _ZN14AP_Logger_File16disk_space_availEv @ 0x84a920
CIRCLE: _ZL3MINIjjEDTqultfp_fp0_fp_fp0_ERKT_RKT0_.6871 @ 0x84aa00
CIRCLE: _ZN13AP_Filesystem17bytes_until_fsyncEi @ 0x84aa80
CIRCLE: _ZN13AP_Filesystem9disk_freeEPKc @ 0x84ab00
CIRCLE: _ZN2AP4rssiEv @ 0x851d40
CIRCLE: _ZNK7AP_RSSI7enabledEv @ 0xb02590
CIRCLE: _ZN7AP_RSSI13get_singletonEv @ 0x852570
CIRCLE: _ZN13AP_CANManager20check_logging_enableEv @ 0x853530
CIRCLE: _ZN7FunctorIvJEE14method_wrapperI13AP_CANManagerXadL_ZNS2_20check_logging_enableEvEEEEvPv @ 0xb02bc0
CIRCLE: _ZNK13AP_CANManager15CANIface_Params13option_is_setENS0_7OptionsE @ 0xb02c70
CIRCLE: _ZN9AP_Logger13Write_MessageEPKc @ 0x85e120
CIRCLE: _ZNK6AP_GPS20last_message_time_msEv @ 0xb0cc70
CIRCLE: _ZNK22AP_BattMonitor_Backend13option_is_setEN21AP_BattMonitor_Params7OptionsE @ 0xb14c60
CIRCLE: _ZN22AP_BattMonitor_Backend15update_consumedERN14AP_BattMonitor17BattMonitor_StateEj @ 0x875960
CIRCLE: _ZN22AP_BattMonitor_Backend13calculate_mahEff @ 0xb14cf0
CIRCLE: _ZN18AP_Compass_Backend17accumulate_sampleER7Vector3IfEhj @ 0x877c70
CIRCLE: _ZN18AP_Compass_Backend12rotate_fieldER7Vector3IfEh @ 0x877df0
CIRCLE: _ZN18AP_Compass_Backend17publish_raw_fieldERK7Vector3IfEh @ 0x877ee0
CIRCLE: _ZN18AP_Compass_Backend13correct_fieldER7Vector3IfEh @ 0x877ff0
CIRCLE: _ZN18AP_Compass_Backend8field_okERK7Vector3IfE @ 0x8783f0
CIRCLE: _ZNK7Compass16get_filter_rangeEv @ 0xb17010
CIRCLE: _ZNK16Compass_PerMotor7enabledEv @ 0xb17070
CIRCLE: _ZN7Compass13_get_priorityE14typesafe_indexIh14TAG_StateIndexE @ 0xb170e0
CIRCLE: _ZN14AP_GPS_Backend15set_alt_amsl_cmERN6AP_GPS9GPS_StateEi @ 0x87cac0
CIRCLE: _ZN16JitterCorrection31correct_offboard_timestamp_usecEmm @ 0x87ccd0
CIRCLE: _ZNK14AP_GPS_Backend10option_setEN6AP_GPS13DriverOptionsE @ 0xb1a270
CIRCLE: _ZNK6AP_GPS10option_setENS_13DriverOptionsE @ 0xb1a2e0
CIRCLE: _ZN6AP_RTC12set_utc_usecEmNS_11source_typeE @ 0x87d740
CIRCLE: _ZN10RC_Channel9set_rangeEt @ 0x87faf0
CIRCLE: _ZNK11GCS_MAVLINK14option_enabledENS_6OptionE @ 0xb1c770
CIRCLE: _ZNK16AP_SerialManager9UARTState12get_protocolEv @ 0xb1c7f0
CIRCLE: _ZN2AP8PerfInfo13set_loop_rateEt @ 0x88fde0
CIRCLE: _ZN2AP8PerfInfo5resetEv @ 0x88fea0
CIRCLE: _ZN3GCS10send_textvE12MAV_SEVERITYPKcP13__va_list_tagh @ 0x8904d0
CIRCLE: _ZNK3GCS43min_loop_time_remaining_for_message_send_usEv @ 0xb1ce30
CIRCLE: _ZNK3GCS19vehicle_initialisedEv @ 0xb1ce80
CIRCLE: _ZL3MINImmEDTqultfp_fp0_fp_fp0_ERKT_RKT0_.7320 @ 0x8909e0
CIRCLE: _ZN11ObjectArrayIN3GCS12statustext_tEE10push_forceERKS1_ @ 0xb1d010
CIRCLE: _ZN2AP11frsky_telemEv @ 0x890a60
CIRCLE: _ZN2AP14spektrum_telemEv @ 0x890aa0
CIRCLE: _ZN9AP_Notify9send_textEPKc @ 0x890ae0
CIRCLE: _ZN17AP_Spektrum_Telem13get_singletonEv @ 0xb1d150
CIRCLE: _ZN14AP_Frsky_Telem13get_singletonEv @ 0xb1d190
CIRCLE: _ZNK11ObjectArrayIN3GCS12statustext_tEE5spaceEv @ 0xb1d1d0
CIRCLE: _ZN11ObjectArrayIN3GCS12statustext_tEE4pushERKS1_ @ 0xb1d230
CIRCLE: _ZN5Plane8set_modeEh10ModeReason @ 0x890b80
CIRCLE: _ZNK5Plane29current_mode_requires_missionEv @ 0xb1d500
CIRCLE: _ZNK5Plane17get_wp_distance_mERf @ 0x891920
CIRCLE: _ZNK5Plane18get_wp_bearing_degERf @ 0x891a40
CIRCLE: _ZNK5Plane25get_wp_crosstrack_error_mERf @ 0x891b70
CIRCLE: _ZN5Plane20set_control_channelsEv @ 0x893010
CIRCLE: _ZN5Plane18fence_checks_asyncEv @ 0x893300
CIRCLE: _ZN6AP_HAL15timeout_expiredIjjjEEbT_T0_T1_ @ 0xb1d620
CIRCLE: _ZN8AC_Fence5checkEb @ 0x8934e0
CIRCLE: _ZN8AC_Fence19clear_margin_breachEh @ 0x8938f0
CIRCLE: _ZN10RC_Channel9set_angleEt @ 0x894630
CIRCLE: _ZNK5Plane19have_reverse_thrustEv @ 0x8946a0
CIRCLE: _ZN12SRV_Channels19set_esc_scaling_forEN11SRV_Channel8FunctionE @ 0x894710
CIRCLE: _ZN6AP_HAL8RCOutput15set_esc_scalingEtt @ 0xb1d770
CIRCLE: _ZN8AP_Param15save_io_handlerEv @ 0x895350
CIRCLE: _ZN7FunctorIvJEE14method_wrapperI8AP_ParamXadL_ZNS2_15save_io_handlerEvEEEEvPv @ 0xb1d920
CIRCLE: _ZN15ObjectBuffer_TSIN8AP_Param10param_saveEE3popERS1_ @ 0xb1d9d0
CIRCLE: _ZN5Plane11notify_modeERK4Mode @ 0x895de0
CIRCLE: _ZN5Plane3gcsEv @ 0xb1db70
CIRCLE: _ZL21failsafe_check_staticv @ 0x899cd0
CIRCLE: _ZN9QuadPlane5setupEv @ 0x899d10
CIRCLE: _ZN5Plane8set_modeER4Mode10ModeReason @ 0x89aa50
CIRCLE: _ZN3GCS16sysid_mygcs_seenEj @ 0xb1dda0
CIRCLE: _ZN5Plane18set_mode_by_numberEN4Mode6NumberE10ModeReason @ 0x89b270
CIRCLE: _ZN10RC_Channel16read_mode_switchEv @ 0x8a2630
CIRCLE: _ZN10RC_Channel16read_6pos_switchERa @ 0x8a26b0
CIRCLE: _ZN10RC_Channel18debounce_completedEa @ 0x8a2810
CIRCLE: _ZN5Plane18mode_from_mode_numEN4Mode6NumberE @ 0x8a2900
CIRCLE: _ZN12SRV_Channels17enable_aux_servosEv @ 0x8a2c00
CIRCLE: _ZN5Plane13servos_outputEv @ 0x8a2e40
CIRCLE: _ZN5Plane22servos_twin_engine_mixEv @ 0x8a30f0
CIRCLE: _ZNK5Plane22channel_function_mixerEN11SRV_Channel8FunctionES1_S1_S1_ @ 0x8a33b0
CIRCLE: _ZN10Tailsitter6outputEv @ 0x8a35c0
CIRCLE: _ZN9Tiltrotor15bicopter_outputEv @ 0x8a4a30
CIRCLE: _ZN5Plane11force_flareEv @ 0x8a4cf0
CIRCLE: _ZN5Plane15dspoiler_updateEv @ 0x8a4f60
CIRCLE: _ZN5Plane38landing_neutral_control_surface_servosEv @ 0x8a54d0
CIRCLE: _ZN12SRV_Channels8calc_pwmEv @ 0x8a5840
CIRCLE: _ZN12SRV_Channels13output_ch_allEv @ 0x8a5a60
CIRCLE: _ZNK12SRV_Channels17auto_trim_enabledEv @ 0xb204b0
CIRCLE: _ZNK16AP_FW_Controller12get_pid_infoEv @ 0xb20520
CIRCLE: _ZNK10AP_Landing23get_then_servos_neutralEv @ 0xb20570
CIRCLE: _ZN12SRV_Channels30get_slew_limited_output_scaledEN11SRV_Channel8FunctionE @ 0x8a6550
CIRCLE: _ZNK9QuadPlane18in_frwd_transitionEv @ 0x8a6660
CIRCLE: _ZN19AP_AdvancedFailsafe20should_crash_vehicleEv @ 0x8a7080
CIRCLE: _ZN5Plane24relative_ground_altitudeE14RangeFinderUse @ 0x8a7950
CIRCLE: _ZN5Plane24relative_ground_altitudeE14RangeFinderUseb @ 0x8a79c0
CIRCLE: _ZN5Plane17get_external_HAGLERf @ 0x8a7bd0
CIRCLE: _ZNK5Plane15rangefinder_useE14RangeFinderUse @ 0x8a7ca0
CIRCLE: _ZNK5Plane23rangefinder_orientationEv @ 0xb20960
CIRCLE: _ZN5Plane20adjusted_altitude_cmEv @ 0x8a7ec0
CIRCLE: _ZN5Plane18mission_alt_offsetEv @ 0x8a7f40
CIRCLE: _ZN6AC_PID12reset_filterEv @ 0xb20e40
CIRCLE: _ZN11AP_SystemID4stopEv @ 0x8aa740
CIRCLE: _ZN5Plane10should_logEj @ 0x8aaec0
CIRCLE: _ZNK7AP_EnumI11StickMixingEcvKS0_Ev @ 0xb21c20
CIRCLE: _ZN10Tailsitter6activeEv @ 0x8acaf0
CIRCLE: _ZNK5Plane16get_speed_scalerEv @ 0xb21d90
CIRCLE: _ZL7degreesf.12 @ 0x8adb20
CIRCLE: _ZN6AC_PID7reset_IEv @ 0x8add20
CIRCLE: _ZN5Plane34Log_Write_Vehicle_Startup_MessagesEv @ 0x8ae640
CIRCLE: _ZN7FunctorIvJEE14method_wrapperI5PlaneXadL_ZNS2_34Log_Write_Vehicle_Startup_MessagesEvEEEEvPv @ 0xb21f80
CIRCLE: _ZN9AP_Logger10Write_ModeEh10ModeReason @ 0x8ae860
CIRCLE: _ZN6AP_GPS36Write_AP_Logger_Log_Startup_messagesEv @ 0x8ae910
CIRCLE: _ZN17AP_Logger_Backend10Write_ModeEh10ModeReason @ 0x8ae9f0
CIRCLE: _ZN7AP_AHRS15set_fly_forwardEb @ 0xb220b0
CIRCLE: _ZN7AP_Baro6updateEv @ 0x8afc80
CIRCLE: _ZNK7AP_Baro7healthyEv @ 0xb22230
CIRCLE: _ZN15AP_Baro_Backend14backend_updateEh @ 0x8b03a0
CIRCLE: _ZN7AP_Baro24wind_pressure_correctionEh @ 0x8b0420
CIRCLE: _ZNK7AP_Baro15get_last_updateEv @ 0xb22290
CIRCLE: _ZN16DerivativeFilterIfLh7EE6updateEfj @ 0xb222f0
CIRCLE: _ZN7AP_Baro22update_field_elevationEv @ 0x8b0760
CIRCLE: _ZNK7AP_Baro10should_logEv @ 0x8b09e0
CIRCLE: _ZN7AP_Baro10Write_BaroEv @ 0x8b0a90
CIRCLE: _ZN7AP_Baro19Write_Baro_instanceEmh @ 0x8b0b20
CIRCLE: _ZNK7AP_Baro21get_baro_drift_offsetEv @ 0xb223d0
CIRCLE: _ZNK7AP_Baro22get_ground_temperatureEv @ 0x8b0d40
CIRCLE: _ZNK7AP_Baro22get_corrected_pressureEh @ 0xb22420
CIRCLE: _ZN16FilterWithBufferIfLh7EE5applyEf @ 0xb22500
CIRCLE: _ZN17AP_InertialSensor12_gyro_offsetEh @ 0xb23a60
CIRCLE: _ZN17AP_InertialSensor12caltemp_gyroEh @ 0xb23ad0
CIRCLE: _ZN22AP_InertialSensor_SITL6updateEv @ 0x8b2f30
CIRCLE: _ZN25AP_InertialSensor_Backend10accumulateEv @ 0xb23bf0
CIRCLE: _ZN25AP_InertialSensor_Backend11set_primaryEb @ 0xb23dc0
CIRCLE: _ZNK25AP_InertialSensor_Backend21_gyro_raw_sample_rateEh @ 0xb23e10
CIRCLE: _ZN22AP_InertialSensor_SITL12timer_updateEv @ 0x8b36b0
CIRCLE: _ZN7FunctorIvJEE14method_wrapperI22AP_InertialSensor_SITLXadL_ZNS2_12timer_updateEvEEEEvPv @ 0xb23ee0
CIRCLE: _ZN22AP_InertialSensor_SITL14generate_accelEv @ 0x8b3b80
CIRCLE: _ZN22AP_InertialSensor_SITL13generate_gyroEv @ 0x8b4b60
CIRCLE: _ZNK25AP_InertialSensor_Backend20enable_fast_samplingEh @ 0xb23f90
CIRCLE: _ZNK22AP_InertialSensor_SITL10gyro_driftEv @ 0x8b55c0
CIRCLE: _ZL7radiansd.19672 @ 0x8b57c0
CIRCLE: _ZL7radiansf.19673 @ 0x8b5810
CIRCLE: _ZN22AP_InertialSensor_SITL15get_temperatureEv @ 0x8b58f0
CIRCLE: _ZNK22AP_InertialSensor_TCal15sitl_apply_gyroEfR7Vector3IfE @ 0x8b5a90
CIRCLE: _ZN25AP_InertialSensor_Backend35_notify_new_gyro_sensor_rate_sampleEhRK7Vector3IfE @ 0x8b5b70
CIRCLE: _ZN25AP_InertialSensor_Backend24_rotate_and_correct_gyroEhR7Vector3IfE @ 0x8b5d70
CIRCLE: _ZN25AP_InertialSensor_Backend27_notify_new_gyro_raw_sampleEhRK7Vector3IfEm @ 0x8b5f00
CIRCLE: _ZNK25AP_InertialSensor_Backend15has_been_killedEh @ 0xb24020
CIRCLE: _ZNK25AP_InertialSensor_Backend19_update_sensor_rateERtRjRf @ 0x8b65a0
CIRCLE: _ZN25AP_InertialSensor_Backend18apply_gyro_filtersEhRK7Vector3IfE @ 0x8b6770
CIRCLE: _ZN25AP_InertialSensor_Backend12log_gyro_rawEhmRK7Vector3IfES3_ @ 0x8b6b30
CIRCLE: _ZN25AP_InertialSensor_Backend14update_primaryEv @ 0x8b6dc0
CIRCLE: _ZNK17AP_InertialSensor22raw_logging_option_setENS_18RAW_LOGGING_OPTIONE @ 0xb240a0
CIRCLE: _ZNK25AP_InertialSensor_Backend18should_log_imu_rawEv @ 0x8b6ea0
CIRCLE: _ZNK17AP_InertialSensor12BatchSampler25doing_sensor_rate_loggingEv @ 0xb24120
CIRCLE: _ZNK17AP_InertialSensor12BatchSampler25doing_post_filter_loggingEv @ 0xb24180
CIRCLE: _ZN17AP_InertialSensor12BatchSampler6sampleEhNS_15IMU_SENSOR_TYPEEmRK7Vector3IfE @ 0x8b70b0
CIRCLE: _ZN17AP_InertialSensor12BatchSampler10should_logEhNS_15IMU_SENSOR_TYPEE @ 0x8b7200
CIRCLE: _ZN25AP_InertialSensor_Backend16save_gyro_windowEhRK7Vector3IfEh @ 0x8b7340
CIRCLE: _ZN15LowPassFilter2pI7Vector3IfEE5applyERKS1_ @ 0xb24460
CIRCLE: _ZN19DigitalBiquadFilterI7Vector3IfEE5applyERKS1_RKNS2_13biquad_paramsE @ 0xb245b0
CIRCLE: _ZNK25AP_InertialSensor_Backend18sensors_convergingEv @ 0x8b7600
CIRCLE: _ZNK22AP_InertialSensor_TCal12correct_gyroEffR7Vector3IfE @ 0x8b7730
CIRCLE: _ZNK22AP_InertialSensor_TCal14correct_sensorEffPK9AP_ParamVI7Vector3IfEL11ap_var_type5EERS2_ @ 0x8b77d0
CIRCLE: _ZNK22AP_InertialSensor_TCal15polynomial_evalEfPK9AP_ParamVI7Vector3IfEL11ap_var_type5EE @ 0x8b79e0
CIRCLE: _ZNK22AP_InertialSensor_TCal16sitl_apply_accelEfR7Vector3IfE @ 0x8ba990
CIRCLE: _ZN25AP_InertialSensor_Backend36_notify_new_accel_sensor_rate_sampleEhRK7Vector3IfE @ 0x8baa70
CIRCLE: _ZN25AP_InertialSensor_Backend25_rotate_and_correct_accelEhR7Vector3IfE @ 0x8bac70
CIRCLE: _ZN25AP_InertialSensor_Backend28_notify_new_accel_raw_sampleEhRK7Vector3IfEmb @ 0x8bae90
CIRCLE: _ZN25AP_InertialSensor_Backend20_publish_temperatureEhf @ 0x8bb440
CIRCLE: _ZN17AP_InertialSensor27calc_vibration_and_clippingEhRK7Vector3IfEf @ 0x8bb4e0
CIRCLE: _ZN17AP_InertialSensor19set_accel_peak_holdEhRK7Vector3IfE @ 0x8bb760
CIRCLE: _ZN25AP_InertialSensor_Backend13log_accel_rawEhmRK7Vector3IfE @ 0x8bb840
CIRCLE: _ZNK25AP_InertialSensor_Backend14get_clip_limitEv @ 0xb255d0
CIRCLE: _ZN13LowPassFilterI7Vector3IfEE5applyERKS1_RKf @ 0xb25620
CIRCLE: _ZN10DigitalLPFI7Vector3IfEE6_applyERKS1_RKf @ 0xb256e0
CIRCLE: _ZNK22AP_InertialSensor_TCal13correct_accelEffR7Vector3IfE @ 0x8bbc20
CIRCLE: _ZN25AP_InertialSensor_Backend12update_accelEh @ 0x8bc0a0
CIRCLE: _ZN25AP_InertialSensor_Backend11update_gyroEh @ 0x8bc1c0
CIRCLE: _ZN25AP_InertialSensor_Backend13_publish_gyroEhRK7Vector3IfE @ 0x8bc320
CIRCLE: _ZN25AP_InertialSensor_Backend19update_gyro_filtersEh @ 0x8bc490
CIRCLE: _ZNK25AP_InertialSensor_Backend19_gyro_filter_cutoffEv @ 0xb259b0
CIRCLE: _ZN25AP_InertialSensor_Backend14_publish_accelEhRK7Vector3IfE @ 0x8bc8d0
CIRCLE: _ZN25AP_InertialSensor_Backend20update_accel_filtersEh @ 0x8bcb00
CIRCLE: _ZNK25AP_InertialSensor_Backend20_accel_filter_cutoffEv @ 0xb25c90
CIRCLE: _ZNK5Plane16gcs_mode_enabledEN4Mode6NumberE @ 0x8be870
CIRCLE: _ZN4Mode5enterEv @ 0x8be8f0
CIRCLE: _ZN4Mode4exitEv @ 0x8bed90
CIRCLE: _ZN5Plane16autotune_restoreEv @ 0x8bee10
CIRCLE: _ZN16AP_FW_Controller16autotune_restoreEv @ 0x8beed0
CIRCLE: _ZN16AP_YawController16autotune_restoreEv @ 0x8bef40
CIRCLE: _ZN7Vector3IiE4zeroEv @ 0xb26270
CIRCLE: _ZN9AP_Camera16set_is_auto_modeEb @ 0xb262d0
CIRCLE: _ZN9QuadPlane10mode_enterEv @ 0x8bf6b0
CIRCLE: _ZN7AP_ADSB16set_is_auto_modeEb @ 0xb26330
CIRCLE: _ZN18AP_SteerController7reset_IEv @ 0x8bf7f0
CIRCLE: _ZN5Plane16control_failsafeEv @ 0x8bf840
CIRCLE: _ZN8AC_Fence21manual_recovery_startEv @ 0x8bfc40
CIRCLE: _ZN5Plane19update_flight_stageEv @ 0x8bfcd0
CIRCLE: _ZN10AP_Landing5resetEv @ 0x8bffb0
CIRCLE: _ZNK5Plane18get_throttle_inputEb @ 0x8c0830
CIRCLE: _ZNK7AP_AHRS21using_airspeed_sensorEv @ 0x8c0990
CIRCLE: _ZNK10RC_Channel15pwm_to_range_dzEt @ 0x8c0bc0
CIRCLE: _ZNK10RC_Channel15pwm_to_angle_dzEt @ 0x8c0d60
CIRCLE: _ZNK10RC_Channel20pwm_to_angle_dz_trimEtt @ 0x8c0df0
CIRCLE: _ZN5Plane16set_flight_stageEN12AP_FixedWing11FlightStageE @ 0x8c1040
CIRCLE: _ZN5Plane16Log_Write_StatusEv @ 0x8c19b0
CIRCLE: _ZN17AP_InertialSensor8is_stillEv @ 0x8c1ac0
CIRCLE: _ZNK5Plane18rc_failsafe_activeEv @ 0x8c1bd0
CIRCLE: _ZNK5Plane20rc_throttle_value_okEv @ 0x8c1c70
CIRCLE: _ZNK10AP_Vehicle21block_GCS_mode_changeEhPKhh @ 0x8c1d90
CIRCLE: _ZN7AP_TECS16set_throttle_minEfb @ 0x8c6830
CIRCLE: _ZN6AC_PID10update_allEfffbf @ 0x8c85b0
CIRCLE: _ZNK6AC_PID6get_ffEv @ 0x8c8bc0
CIRCLE: _ZNK6AC_PID16get_filt_T_alphaEf @ 0x8c8c20
CIRCLE: _ZNK6AC_PID16get_filt_E_alphaEf @ 0x8c8ca0
CIRCLE: _ZNK6AC_PID16get_filt_D_alphaEf @ 0x8c8d20
CIRCLE: _ZN6AC_PID8update_iEfb @ 0x8c8da0
CIRCLE: _ZN11SlewLimiter8modifierEff @ 0x8c8fa0
CIRCLE: _ZNK11SlewLimiter13get_slew_rateEv @ 0xb27940
CIRCLE: _ZL3MINIjjEDTqultfp_fp0_fp_fp0_ERKT_RKT0_.20424 @ 0x8c9520
CIRCLE: _ZNK6AC_PID5get_iEv @ 0x8c95a0
CIRCLE: _ZN5Plane22calc_altitude_error_cmEv @ 0x8ca720
CIRCLE: _ZL3MAXIffEDTqugtfp_fp0_fp_fp0_ERKT_RKT0_.12726 @ 0x8ca800
CIRCLE: _ZN5Plane12fly_invertedEv @ 0x8cc6c0
CIRCLE: _ZN6AC_PID21set_notch_sample_rateEf @ 0x8ded20
CIRCLE: _ZN5Plane14failsafe_checkEv @ 0x8ea080
CIRCLE: _ZN11RC_Channels10read_inputEv @ 0x8ea3a0
CIRCLE: _ZN5Plane15flaperon_updateEv @ 0x8eaba0
CIRCLE: _ZN11GCS_MAVLINK21send_servo_output_rawEv @ 0x8eac90
CIRCLE: _ZL33mavlink_msg_servo_output_raw_send17mavlink_channel_tjhtttttttttttttttt @ 0x8eb0b0
CIRCLE: _ZN12SRV_Channels13set_slew_rateEN11SRV_Channel8FunctionEftf @ 0x8eb380
CIRCLE: _ZN10RC_Channel6updateEv @ 0x8ecc30
CIRCLE: _ZN11RC_Channels23rudder_arm_disarm_checkEv @ 0x8ecda0
CIRCLE: _ZNK10RC_Channel12pwm_to_rangeEv @ 0x8ecfa0
CIRCLE: _ZNK10RC_Channel12pwm_to_angleEv @ 0x8ed010
CIRCLE: _ZNK7AP_AHRS18get_yaw_rate_earthEv @ 0xb30ba0
CIRCLE: _ZNK12NavEKF3_core9getMagXYZER7Vector3IfE @ 0x917a40
CIRCLE: _ZNK12NavEKF2_core9getMagXYZER7Vector3IfE @ 0x917af0
CIRCLE: _ZNK12NavEKF3_core9getMagNEDER7Vector3IfE @ 0x917cc0
CIRCLE: _ZNK12NavEKF2_core9getMagNEDER7Vector3IfE @ 0x917d70
CIRCLE: _ZNK7AP_AHRS9cos_pitchEv @ 0xb30da0
CIRCLE: _ZNK7AP_AHRS8cos_rollEv @ 0xb30e40
CIRCLE: _ZNK14AP_GPS_Backend32supports_mavlink_gps_rtk_messageEv @ 0xb31110
CIRCLE: _ZNK14AP_GPS_Blended7get_lagERf @ 0x91a030
CIRCLE: _ZNK14AP_GPS_Backend36Write_AP_Logger_Log_Startup_messagesEv @ 0x91a0b0
CIRCLE: _ZNK14AP_GPS_Backend18_detection_messageEPch @ 0x91a120
CIRCLE: _ZN15AP_Compass_SITL6_timerEv @ 0x91bc20
CIRCLE: _ZN7FunctorIvJEE14method_wrapperI15AP_Compass_SITLXadL_ZNS2_6_timerEvEEEEvPv @ 0xb319a0
CIRCLE: _Z10rand_vec3fv @ 0x91c150
CIRCLE: _ZN7VectorNIN15AP_Compass_SITL16readings_compassELh50EEixEh @ 0xb31a50
CIRCLE: _ZN15AP_Compass_SITL26_setup_eliptical_correcionEh @ 0x91c1d0
CIRCLE: _ZNK18AP_Compass_Backend21get_board_orientationEv @ 0x91c400
CIRCLE: _ZN15AP_Compass_SITL4readEv @ 0x91c450
CIRCLE: _ZNK22AP_BattMonitor_Backend17has_cell_voltagesEv @ 0xb33030
CIRCLE: _ZNK22AP_BattMonitor_Backend15has_temperatureEv @ 0xb33080
CIRCLE: _ZNK22AP_BattMonitor_Backend15get_temperatureERf @ 0x91fd40
CIRCLE: _ZNK22AP_BattMonitor_Backend22capacity_remaining_pctERh @ 0x91fe00
CIRCLE: _ZN22AP_BattMonitor_Backend26update_resistance_estimateEv @ 0x91ff80
CIRCLE: _ZN22AP_BattMonitor_Backend16update_failsafesEv @ 0x9202d0
CIRCLE: _ZNK22AP_BattMonitor_Backend25get_mavlink_fault_bitmaskEv @ 0xb33130
CIRCLE: _ZL3MINIifEDTqultfp_fp0_fp_fp0_ERKT_RKT0_.19314 @ 0x9205f0
CIRCLE: _ZL3MINIffEDTqultfp_fp0_fp_fp0_ERKT_RKT0_.19315 @ 0x920690
CIRCLE: _ZN21AP_BattMonitor_Analog4readEv @ 0x922290
CIRCLE: _ZNK21AP_BattMonitor_Analog19has_consumed_energyEv @ 0xb33e20
CIRCLE: _ZNK21AP_BattMonitor_Analog11has_currentEv @ 0x922490
CIRCLE: _ZN15AP_Baro_Backend17_copy_to_frontendEhff @ 0x93c0a0
CIRCLE: _ZN12AP_Baro_SITL6_timerEv @ 0x93d330
CIRCLE: _ZN7FunctorIvJEE14method_wrapperI12AP_Baro_SITLXadL_ZNS2_6_timerEvEEEEvPv @ 0xb3c960
CIRCLE: _ZN7VectorNIN12AP_Baro_SITL13readings_baroELh50EEixEh @ 0xb3ca10
CIRCLE: _ZN12AP_Baro_SITL22temperature_adjustmentERfS0_ @ 0x93d720
CIRCLE: _ZN12AP_Baro_SITL24wind_pressure_correctionEh @ 0x93d910
CIRCLE: _ZL2sqf.2785 @ 0x93db20
CIRCLE: _ZN7AP_Baro22_get_air_density_ratioEv @ 0x93db70
CIRCLE: _ZL2sqf.2764 @ 0x93dc10
CIRCLE: _ZN12AP_Baro_SITL6updateEv @ 0x93dd00
CIRCLE: _ZN12AP_Baro_SITL19update_healthy_flagEh @ 0xb3cb20
CIRCLE: _ZN12AP_Baro_SITL7healthyEh @ 0x93ddb0
CIRCLE: _ZN9AP_Notify19set_flight_mode_strEPKc @ 0x93e0a0
CIRCLE: _ZN6RGBLed6updateEv @ 0x943cf0
CIRCLE: _ZN6RGBLed8_set_rgbEhhh @ 0x944120
CIRCLE: _ZNK6RGBLed10rgb_sourceEv @ 0x944230
CIRCLE: _ZNK6RGBLed19get_colour_sequenceEv @ 0x944490
CIRCLE: _ZNK6RGBLed14get_brightnessEv @ 0x944880
CIRCLE: _ZN6RGBLed7set_rgbEhhh @ 0x944980
CIRCLE: _ZN10IS31FL31956_timerEv @ 0x944a40
CIRCLE: _ZN7FunctorIvJEE14method_wrapperI10IS31FL3195XadL_ZNS2_6_timerEvEEEEvPv @ 0xb3dc90
CIRCLE: _ZN6LP55626_timerEv @ 0x944fd0
CIRCLE: _ZN7FunctorIvJEE14method_wrapperI6LP5562XadL_ZNS2_6_timerEvEEEEvPv @ 0xb3e000
CIRCLE: _ZN14ToshibaLED_I2C6_timerEv @ 0x946e00
CIRCLE: _ZN7FunctorIvJEE14method_wrapperI14ToshibaLED_I2CXadL_ZNS2_6_timerEvEEEEvPv @ 0xb3ed10
CIRCLE: _ZL3MAXIfiEDTqugtfp_fp0_fp_fp0_ERKT_RKT0_.12478 @ 0x9477e0
CIRCLE: _ZNK9QuadPlane14show_vtol_viewEv @ 0x9479d0
CIRCLE: _ZN5Plane20nav_scripting_activeEv @ 0x947d70
CIRCLE: _Z11wrap_180_cdIiET_S0_ @ 0xb3f0a0
CIRCLE: _ZNK8Location20line_path_proportionERKS_S1_ @ 0x9487d0
CIRCLE: _ZN7AP_TECS19set_path_proportionEf @ 0xb3f110
CIRCLE: _ZL2sqf.3123 @ 0x948c70
CIRCLE: _ZN9QuadPlane9is_flyingEv @ 0x9490d0
CIRCLE: _ZN7FunctorIvJEE14method_wrapperI5PlaneXadL_ZNS2_11ahrs_updateEvEEEEvPv @ 0xb3f190
CIRCLE: _ZN7FunctorIvJEE14method_wrapperI5PlaneXadL_ZNS2_19update_control_modeEvEEEEvPv @ 0xb3f240
CIRCLE: _ZN7FunctorIvJEE14method_wrapperI5PlaneXadL_ZNS2_9stabilizeEvEEEEvPv @ 0xb3f2f0
CIRCLE: _ZN7FunctorIvJEE14method_wrapperI5PlaneXadL_ZNS2_10set_servosEvEEEEvPv @ 0xb3f3a0
CIRCLE: _ZN7FunctorIvJEE14method_wrapperI5PlaneXadL_ZNS2_10read_radioEvEEEEvPv @ 0xb3f450
CIRCLE: _ZN7FunctorIvJEE14method_wrapperI5PlaneXadL_ZNS2_20check_short_failsafeEvEEEEvPv @ 0xb3f500
CIRCLE: _ZN7FunctorIvJEE14method_wrapperI5PlaneXadL_ZNS2_19update_speed_heightEvEEEEvPv @ 0xb3f5b0
CIRCLE: _ZN7FunctorIvJEE14method_wrapperI5PlaneXadL_ZNS2_21update_throttle_hoverEvEEEEvPv @ 0xb3f660
CIRCLE: _ZN7FunctorIvJEE14method_wrapperI11RC_ChannelsXadL_ZNS2_16read_mode_switchEvEEEEvPv @ 0xb3f710
CIRCLE: _ZN7FunctorIvJEE14method_wrapperI5PlaneXadL_ZNS2_15update_GPS_50HzEvEEEEvPv @ 0xb3f7b0
CIRCLE: _ZN7FunctorIvJEE14method_wrapperI5PlaneXadL_ZNS2_15update_GPS_10HzEvEEEEvPv @ 0xb3f860
CIRCLE: _ZN7FunctorIvJEE14method_wrapperI5PlaneXadL_ZNS2_8navigateEvEEEEvPv @ 0xb3f910
CIRCLE: _ZN7FunctorIvJEE14method_wrapperI5PlaneXadL_ZNS2_14update_compassEvEEEEvPv @ 0xb3f9c0
CIRCLE: _ZN7FunctorIvJEE14method_wrapperI5PlaneXadL_ZNS2_20calc_airspeed_errorsEvEEEEvPv @ 0xb3fa70
CIRCLE: _ZN7FunctorIvJEE14method_wrapperI5PlaneXadL_ZNS2_10update_altEvEEEEvPv @ 0xb3fb20
CIRCLE: _ZN7FunctorIvJEE14method_wrapperI5PlaneXadL_ZNS2_22adjust_altitude_targetEvEEEEvPv @ 0xb3fbd0
CIRCLE: _ZN7FunctorIvJEE14method_wrapperI5PlaneXadL_ZNS2_12afs_fs_checkEvEEEEvPv @ 0xb3fc80
CIRCLE: _ZN7FunctorIvJEE14method_wrapperI5PlaneXadL_ZNS2_9ekf_checkEvEEEEvPv @ 0xb3fd30
CIRCLE: _ZN7FunctorIvJEE14method_wrapperI3GCSXadL_ZNS2_14update_receiveEvEEEEvPv @ 0xb3fde0
CIRCLE: _ZN7FunctorIvJEE14method_wrapperI3GCSXadL_ZNS2_11update_sendEvEEEEvPv @ 0xb3fe90
CIRCLE: _ZN7FunctorIvJEE14method_wrapperI19AP_ServoRelayEventsXadL_ZNS2_13update_eventsEvEEEEvPv @ 0xb3ff40
CIRCLE: _ZN7FunctorIvJEE14method_wrapperI14AP_BattMonitorXadL_ZNS2_4readEvEEEEvPv @ 0xb3fff0
CIRCLE: _ZN7FunctorIvJEE14method_wrapperI5PlaneXadL_ZNS2_16read_rangefinderEvEEEEvPv @ 0xb400a0
CIRCLE: _ZN7FunctorIvJEE14method_wrapperI11AP_ICEngineXadL_ZNS2_6updateEvEEEEvPv @ 0xb40150
CIRCLE: _ZN7FunctorIvJEE14method_wrapperI14AP_OpticalFlowXadL_ZNS2_6updateEvEEEEvPv @ 0xb40200
CIRCLE: _ZN7FunctorIvJEE14method_wrapperI5PlaneXadL_ZNS2_15one_second_loopEvEEEEvPv @ 0xb402b0
CIRCLE: _ZN7FunctorIvJEE14method_wrapperI5PlaneXadL_ZNS2_13three_hz_loopEvEEEEvPv @ 0xb40360
CIRCLE: _ZN7FunctorIvJEE14method_wrapperI5PlaneXadL_ZNS2_19check_long_failsafeEvEEEEvPv @ 0xb40410
CIRCLE: _ZN7FunctorIvJEE14method_wrapperI5PlaneXadL_ZNS2_21airspeed_ratio_updateEvEEEEvPv @ 0xb404c0
CIRCLE: _ZN7FunctorIvJEE14method_wrapperI8AP_MountXadL_ZNS2_6updateEvEEEEvPv @ 0xb40570
CIRCLE: _ZN7FunctorIvJEE14method_wrapperI9AP_CameraXadL_ZNS2_6updateEvEEEEvPv @ 0xb40620
CIRCLE: _ZN7FunctorIvJEE14method_wrapperI12AP_SchedulerXadL_ZNS2_14update_loggingEvEEEEvPv @ 0xb406d0
CIRCLE: _ZN7FunctorIvJEE14method_wrapperI5PlaneXadL_ZNS2_18Log_Write_FullRateEvEEEEvPv @ 0xb40780
CIRCLE: _ZN7FunctorIvJEE14method_wrapperI5PlaneXadL_ZNS2_16update_logging10EvEEEEvPv @ 0xb40830
CIRCLE: _ZN7FunctorIvJEE14method_wrapperI5PlaneXadL_ZNS2_16update_logging25EvEEEEvPv @ 0xb408e0
CIRCLE: _ZN7FunctorIvJEE14method_wrapperI5PlaneXadL_ZNS2_14update_soaringEvEEEEvPv @ 0xb40990
CIRCLE: _ZN7FunctorIvJEE14method_wrapperI5PlaneXadL_ZNS2_15parachute_checkEvEEEEvPv @ 0xb40a40
CIRCLE: _ZN7FunctorIvJEE14method_wrapperI10AP_TerrainXadL_ZNS2_6updateEvEEEEvPv @ 0xb40af0
CIRCLE: _ZN7FunctorIvJEE14method_wrapperI5PlaneXadL_ZNS2_20update_is_flying_5HzEvEEEEvPv @ 0xb40ba0
CIRCLE: _ZN7FunctorIvJEE14method_wrapperI9AP_LoggerXadL_ZNS2_14periodic_tasksEvEEEEvPv @ 0xb40c50
CIRCLE: _ZN7FunctorIvJEE14method_wrapperI17AP_InertialSensorXadL_ZNS2_8periodicEvEEEEvPv @ 0xb40d00
CIRCLE: _ZN7FunctorIvJEE14method_wrapperI5PlaneXadL_ZNS2_21avoidance_adsb_updateEvEEEEvPv @ 0xb40db0
CIRCLE: _ZN7FunctorIvJEE14method_wrapperI11RC_ChannelsXadL_ZNS2_12read_aux_allEvEEEEvPv @ 0xb40e60
CIRCLE: _ZN7FunctorIvJEE14method_wrapperI9AP_ButtonXadL_ZNS2_6updateEvEEEEvPv @ 0xb40f10
CIRCLE: _ZN7FunctorIvJEE14method_wrapperI5PlaneXadL_ZNS2_19landing_gear_updateEvEEEEvPv @ 0xb40fc0
CIRCLE: _ZN7FunctorIvJEE14method_wrapperI5PlaneXadL_ZNS2_15precland_updateEvEEEEvPv @ 0xb41070
CIRCLE: _ZN7FunctorIvJEE14method_wrapperI5PlaneXadL_ZNS2_16update_quicktuneEvEEEEvPv @ 0xb41120
CIRCLE: _ZN5Plane16update_quicktuneEv @ 0x949920
CIRCLE: _ZN12AP_Quicktune6updateEb @ 0x9499a0
CIRCLE: _ZN5Plane15precland_updateEv @ 0x94bce0
CIRCLE: _ZN11AC_PrecLand6updateEfb @ 0x94bd70
CIRCLE: _ZNK7AP_AHRS37get_relative_position_NE_origin_floatER7Vector2IfE @ 0x94cea0
CIRCLE: _ZNK7AP_AHRS31get_relative_position_NE_originER7Vector2IdE @ 0x94cf50
CIRCLE: _ZN5Plane19landing_gear_updateEv @ 0x94e6f0
CIRCLE: _ZN14AP_LandingGear6updateEf @ 0x94e770
CIRCLE: _ZN9AP_Button6updateEv @ 0x94ebe0
CIRCLE: _ZN11RC_Channels12read_aux_allEv @ 0x94f860
CIRCLE: _ZN10RC_Channel8read_auxEv @ 0x94f950
CIRCLE: _ZN9AP_Logger10Write_RCINEv @ 0x94fb50
CIRCLE: _ZN11RC_Channels12get_radio_inEPth @ 0x94fd40
CIRCLE: _ZNK11RC_Channels17get_override_maskEv @ 0x94fe30
CIRCLE: _ZL3MINIhiEDTqultfp_fp0_fp_fp0_ERKT_RKT0_.7413 @ 0x94fef0
CIRCLE: _ZN5Plane21avoidance_adsb_updateEv @ 0x950300
CIRCLE: _ZN7AP_ADSB6updateEv @ 0x950370
CIRCLE: _ZN12AP_Avoidance6updateEv @ 0x950550
CIRCLE: _ZN12AP_Avoidance13check_startupEv @ 0x950610
CIRCLE: _ZN7AP_ADSB3LocC2Ev @ 0xb41db0
CIRCLE: _ZNK7AP_AHRS19get_vert_pos_rate_DERf @ 0x951e50
CIRCLE: _ZN7AP_ADSB6updateERKNS_3LocE @ 0x951f80
CIRCLE: _ZNK7NavEKF320getPosDownDerivativeEv @ 0x952640
CIRCLE: _ZNK12NavEKF3_core20getPosDownDerivativeEv @ 0x952890
CIRCLE: _ZNK12NavEKF2_core20getPosDownDerivativeEv @ 0x9528f0
CIRCLE: _ZN17AP_InertialSensor8periodicEv @ 0x952950
CIRCLE: _ZN17AP_InertialSensor12BatchSampler8periodicEv @ 0x9529b0
CIRCLE: _ZN9AP_Logger14periodic_tasksEv @ 0x952fd0
CIRCLE: _ZN5Plane20update_is_flying_5HzEv @ 0x953070
CIRCLE: _ZL3MAXI9AP_ParamTIsL11ap_var_type2EEiEDTqugtfp_fp0_fp_fp0_ERKT_RKT0_.1261 @ 0x953790
CIRCLE: _ZNK10AP_Landing14is_on_approachEv @ 0x953970
CIRCLE: _ZNK10AP_Landing10is_flaringEv @ 0x953a50
CIRCLE: _ZN7AP_ADSB13set_is_flyingEb @ 0xb41e70
CIRCLE: _ZN12AP_Parachute13set_is_flyingEb @ 0xb41ed0
CIRCLE: _ZN8AP_Stats10set_flyingEb @ 0x953b20
CIRCLE: _ZN5Plane22crash_detection_updateEv @ 0x953bf0
CIRCLE: _ZN10AP_Vehicle17set_likely_flyingEb @ 0xb41f40
CIRCLE: _ZN10AP_Terrain6updateEv @ 0x9543c0
CIRCLE: _ZN10AP_Terrain16schedule_disk_ioEv @ 0x954590
CIRCLE: _ZN10AP_Terrain19update_mission_dataEv @ 0x9547e0
CIRCLE: _ZN10AP_Terrain17update_rally_dataEv @ 0x954af0
CIRCLE: _ZN10AP_Terrain24update_surrounding_tilesERK8Location @ 0x954cc0
CIRCLE: _ZNK8AP_Rally19last_change_time_msEv @ 0xb41fd0
CIRCLE: _ZNK10AP_Mission19last_change_time_msEv @ 0xb42020
CIRCLE: _ZN10AP_Terrain15check_disk_readEv @ 0x954e40
CIRCLE: _ZN10AP_Terrain16check_disk_writeEv @ 0x954f20
CIRCLE: _ZN10AP_Terrain8io_timerEv @ 0x955280
CIRCLE: _ZN7FunctorIvJEE14method_wrapperI10AP_TerrainXadL_ZNS2_8io_timerEvEEEEvPv @ 0xb420d0
CIRCLE: _ZN5Plane15parachute_checkEv @ 0x955da0
CIRCLE: _ZN12AP_Parachute6updateEv @ 0x955e10
CIRCLE: _ZN12AP_Parachute15check_sink_rateEv @ 0x9560a0
CIRCLE: _ZN5Plane14update_soaringEv @ 0x956150
CIRCLE: _ZN17SoaringController19update_active_stateEb @ 0x956370
CIRCLE: _ZNK17SoaringController9is_activeEv @ 0xb42180
CIRCLE: _ZNK7AP_TECS19get_target_airspeedEv @ 0xb426b0
CIRCLE: _ZN13AverageFilterIffLh5EE5applyEf @ 0xb430a0
CIRCLE: _ZNK17SoaringController12active_stateEb @ 0x959b10
CIRCLE: _ZN5Plane16update_logging25Ev @ 0x959c30
CIRCLE: _ZN5Plane18Log_Write_AttitudeEv @ 0x959d90
CIRCLE: _ZN5Plane24Log_Write_Control_TuningEv @ 0x95a1f0
CIRCLE: _ZNK17AP_InertialSensor24write_notch_log_messagesEv @ 0x95a3f0
CIRCLE: _ZN10AP_GyroFFT18write_log_messagesEv @ 0x95a6f0
CIRCLE: _ZN5Plane20Log_Write_Nav_TuningEv @ 0x95a920
CIRCLE: _ZN5Plane16Log_Write_GuidedEv @ 0x95aa80
CIRCLE: _ZN5Plane12Log_Write_RCEv @ 0x95ab80
CIRCLE: _ZNK17AP_InertialSensor15Write_VibrationEv @ 0x95ac30
CIRCLE: _ZNK17AP_InertialSensor20get_accel_clip_countEh @ 0x95ad50
CIRCLE: _ZN9AP_Logger11Write_RCOUTEv @ 0x95adf0
CIRCLE: _ZN5Plane14Log_Write_AETREv @ 0x95b3c0
CIRCLE: _ZN9AP_Logger9Write_PIDEhRK10AP_PIDInfo @ 0x95b590
CIRCLE: _ZNK7AP_AHRS17airspeed_estimateERfRNS_20AirspeedEstimateTypeE @ 0x95bd90
CIRCLE: _ZNK7AP_AHRS18synthetic_airspeedERf @ 0x95be30
CIRCLE: _ZN7AP_TECS19get_throttle_demandEv @ 0xb43710
CIRCLE: _ZNK11AP_AHRS_DCM22synthetic_airspeed_EASERf @ 0xb43770
CIRCLE: _ZNK7AP_AHRS14Write_AttitudeERK7Vector3IfE @ 0x95bfb0
CIRCLE: _ZNK16AP_YawController7enabledEv @ 0xb438d0
CIRCLE: _ZNK18AP_SteerController6activeEv @ 0x95c180
CIRCLE: _ZN7AP_AHRS9Log_WriteEv @ 0x95c1f0
CIRCLE: _ZN7NavEKF29Log_WriteEv @ 0x95c280
CIRCLE: _ZN7NavEKF39Log_WriteEv @ 0x95c390
CIRCLE: _ZNK7AP_AHRS11Write_AHRS2Ev @ 0x95c4a0
CIRCLE: _ZNK7AP_AHRS9Write_POSEv @ 0x95c680
CIRCLE: _ZN4SITL3SIM18Log_Write_SIMSTATEEv @ 0x95c7e0
CIRCLE: _ZNK7AP_AHRS36get_relative_position_D_origin_floatERf @ 0x95c970
CIRCLE: _ZNK7AP_AHRS22get_secondary_attitudeER7Vector3IfE @ 0xb43a00
CIRCLE: _ZNK7AP_AHRS22get_secondary_positionER8Location @ 0xb43a80
CIRCLE: _ZNK7AP_AHRS24get_secondary_quaternionER11QuaternionTIfE @ 0xb43b00
CIRCLE: _ZL7degreesf.2388 @ 0x95ca00
CIRCLE: _ZN12NavEKF3_core9Log_WriteEm @ 0x95ca50
CIRCLE: _ZNK7AP_EnumIN7NavEKF38LogLevelEEcvKS1_Ev @ 0xb43b80
CIRCLE: _ZNK12NavEKF3_core14Log_Write_XKF4Em @ 0x95cba0
CIRCLE: _ZN12NavEKF3_core13Log_Write_GSFEm @ 0x95cef0
CIRCLE: _ZNK12NavEKF3_core14Log_Write_XKF1Em @ 0x95cfa0
CIRCLE: _ZNK12NavEKF3_core14Log_Write_XKF2Em @ 0x95d270
CIRCLE: _ZNK12NavEKF3_core14Log_Write_XKF3Em @ 0x95d510
CIRCLE: _ZNK12NavEKF3_core14Log_Write_XKF5Em @ 0x95d770
CIRCLE: _ZNK12NavEKF3_core14Log_Write_XKFSEm @ 0x95d9d0
CIRCLE: _ZNK12NavEKF3_core20Log_Write_QuaternionEm @ 0x95dae0
CIRCLE: _ZN12NavEKF3_core16Log_Write_BeaconEm @ 0x95dbc0
CIRCLE: _ZN12NavEKF3_core18Log_Write_BodyOdomEm @ 0x95deb0
CIRCLE: _ZN12NavEKF3_core25Log_Write_State_VariancesEm @ 0x95e020
CIRCLE: _ZN12NavEKF3_core16Log_Write_TimingEm @ 0x95e340
CIRCLE: _ZNK6AP_DAL12logging_coreEh @ 0x95e4a0
CIRCLE: _ZL3MAXIjjEDTqugtfp_fp0_fp_fp0_ERKT_RKT0_.5171 @ 0x95e4f0
CIRCLE: _ZNK16AP_NavEKF_Source21getPosVelYawSourceSetEv @ 0xb43bd0
CIRCLE: _ZL3MAXIddEDTqugtfp_fp0_fp_fp0_ERKT_RKT0_.5169 @ 0x95e570
CIRCLE: _ZL3MINIdiEDTqultfp_fp0_fp_fp0_ERKT_RKT0_.5170 @ 0x95e5f0
CIRCLE: _ZNK12NavEKF3_core14getInnovationsER7Vector3IfES2_S2_RfS3_ @ 0x95e690
CIRCLE: _ZL7degreesf.5167 @ 0x95e890
CIRCLE: _ZNK12NavEKF3_core26getSynthAirDataInnovationsER7Vector2IfERf @ 0x95e8e0
CIRCLE: _ZN10EKFGSF_yaw9Log_WriteEm11LogMessagesS0_h @ 0x95e9b0
CIRCLE: _ZL7degreesf.20074 @ 0x95ed30
CIRCLE: _ZL3MAXIffEDTqugtfp_fp0_fp_fp0_ERKT_RKT0_.20075 @ 0x95ed80
CIRCLE: _ZL3MAXIdfEDTqugtfp_fp0_fp_fp0_ERKT_RKT0_.5168 @ 0x95ee00
CIRCLE: _ZN12NavEKF2_core9Log_WriteEm @ 0x95eea0
CIRCLE: _ZNK12NavEKF2_core14Log_Write_NKF1Em @ 0x95ef70
CIRCLE: _ZNK12NavEKF2_core14Log_Write_NKF2Em @ 0x95f240
CIRCLE: _ZNK12NavEKF2_core14Log_Write_NKF3Em @ 0x95f4a0
CIRCLE: _ZNK12NavEKF2_core14Log_Write_NKF4Em @ 0x95f6e0
CIRCLE: _ZNK12NavEKF2_core14Log_Write_NKF5Em @ 0x95fa20
CIRCLE: _ZNK12NavEKF2_core20Log_Write_QuaternionEm @ 0x95fc80
CIRCLE: _ZNK12NavEKF2_core13Log_Write_GSFEm @ 0x95fd60
CIRCLE: _ZN12NavEKF2_core16Log_Write_BeaconEm @ 0x95fe10
CIRCLE: _ZN12NavEKF2_core16Log_Write_TimingEm @ 0x9600c0
CIRCLE: _ZL3MAXIddEDTqugtfp_fp0_fp_fp0_ERKT_RKT0_ @ 0x960220
CIRCLE: _ZL3MINIdiEDTqultfp_fp0_fp_fp0_ERKT_RKT0_ @ 0x9602a0
CIRCLE: _ZNK12NavEKF2_core18getFilterGpsStatusER14nav_gps_status @ 0x960340
CIRCLE: _ZNK12NavEKF2_core14getInnovationsER7Vector3IfES2_S2_RfS3_ @ 0x9605f0
CIRCLE: _ZL7degreesf.4695 @ 0x9607f0
CIRCLE: _ZNK12NavEKF2_core27getGyroScaleErrorPercentageER7Vector3IfE @ 0x960840
CIRCLE: _ZNK16AP_YawController20rate_control_enabledEv @ 0xb43c20
CIRCLE: _ZN5Plane16update_logging10Ev @ 0x960930
CIRCLE: _ZNK7AP_AHRS13Write_AOA_SSAEv @ 0x960a40
CIRCLE: _ZN8AP_Mount9write_logEv @ 0x960ae0
CIRCLE: _ZNK7AP_AHRS6getAOAEv @ 0xb43c90
CIRCLE: _ZNK7AP_AHRS6getSSAEv @ 0xb43ce0
CIRCLE: _ZN5Plane18Log_Write_FullRateEv @ 0x960b90
CIRCLE: _ZN12AP_Scheduler14update_loggingEv @ 0x960c30
CIRCLE: _ZN12AP_Scheduler11debug_flagsEv @ 0xb43d30
CIRCLE: _ZN12AP_Scheduler21Log_Write_PerformanceEv @ 0x960ea0
CIRCLE: _ZN2AP8PerfInfo13has_task_infoEv @ 0xb43d90
CIRCLE: _ZNK2AP8PerfInfo20get_num_long_runningEv @ 0x9610b0
CIRCLE: _ZNK2AP8PerfInfo13get_num_loopsEv @ 0x961100
CIRCLE: _ZNK2AP8PerfInfo12get_max_timeEv @ 0x961150
CIRCLE: _ZN12AP_Scheduler12load_averageEv @ 0x9611a0
CIRCLE: _ZNK16AP_InternalError5countEv @ 0xb43df0
CIRCLE: _ZN9AP_Camera6updateEv @ 0x9613e0
CIRCLE: _ZN8AP_Mount6updateEv @ 0x9614a0
CIRCLE: _ZN5Plane21airspeed_ratio_updateEv @ 0x961550
CIRCLE: _ZN11AP_Airspeed18update_calibrationERK7Vector3IfEs @ 0x9617c0
CIRCLE: _ZN11AP_Airspeed18update_calibrationEhRK7Vector3IfEs @ 0x961870
CIRCLE: _ZN11AP_Airspeed25send_airspeed_calibrationERK7Vector3IfE @ 0x961d40
CIRCLE: _ZN5Plane19check_long_failsafeEv @ 0x962620
CIRCLE: _ZN5Plane13three_hz_loopEv @ 0x963340
CIRCLE: _ZN5Plane11fence_checkEv @ 0x963390
CIRCLE: _ZNK8AC_Fence10get_actionEv @ 0xb44430
CIRCLE: _ZN5Plane15one_second_loopEv @ 0x964180
CIRCLE: _ZN7AP_ADSB18set_stall_speed_cmEt @ 0xb44700
CIRCLE: _ZN7AP_ADSB13set_max_speedEs @ 0xb44790
CIRCLE: _ZN10AP_Terrain16log_terrain_dataEv @ 0x964630
CIRCLE: _ZN16AP_FW_Controller21set_notch_sample_rateEf @ 0xb44830
CIRCLE: _ZN16AP_YawController21set_notch_sample_rateEf @ 0xb448a0
CIRCLE: _ZN14AP_OpticalFlow6updateEv @ 0x964bc0
CIRCLE: _ZN11AP_ICEngine6updateEv @ 0x966170
CIRCLE: _ZNK12AP_Parachute17release_initiatedEv @ 0xb44910
CIRCLE: _ZN5Plane16read_rangefinderEv @ 0x967060
CIRCLE: _ZN11RangeFinder28set_estimated_terrain_heightEf @ 0xb44970
CIRCLE: _ZN11RangeFinder6updateEv @ 0x967170
CIRCLE: _ZN5Plane25rangefinder_height_updateEv @ 0x967290
CIRCLE: _ZNK11RangeFinder8Log_RFNDEv @ 0x967a30
CIRCLE: _ZN14AP_BattMonitor4readEv @ 0x967b70
CIRCLE: _ZN9AP_Logger11Write_PowerEv @ 0x967da0
CIRCLE: _ZNK22AP_BattMonitor_Backend13Log_Write_BATEhm @ 0x967df0
CIRCLE: _ZNK22AP_BattMonitor_Backend13Log_Write_BCLEhm @ 0x968090
CIRCLE: _ZN14AP_BattMonitor15check_failsafesEv @ 0x968290
CIRCLE: _ZN14AP_BattMonitor16checkPoweringOffEv @ 0x9685a0
CIRCLE: _ZNK22AP_BattMonitor_Backend23get_state_of_health_pctERh @ 0x968700
CIRCLE: _ZN5Plane9ekf_checkEv @ 0x968790
CIRCLE: _ZNK9QuadPlane19in_vtol_posvel_modeEv @ 0x968a40
CIRCLE: _ZN5Plane22failsafe_ekf_off_eventEv @ 0x968ba0
CIRCLE: _ZN5Plane12afs_fs_checkEv @ 0x968f60
CIRCLE: _ZN19AP_AdvancedFailsafe5checkEj @ 0x968fc0
CIRCLE: _ZN5Plane22adjust_altitude_targetEv @ 0x969d50
CIRCLE: _ZN5Plane10update_altEv @ 0x969db0
CIRCLE: _ZN12AP_Parachute13set_sink_rateEf @ 0x96a1e0
CIRCLE: _ZNK9QuadPlane19should_disable_TECSEv @ 0x96a2d0
CIRCLE: _ZNK8ModeAuto9in_pullupEv @ 0xb44b80
CIRCLE: _ZN5Plane27relative_target_altitude_cmEv @ 0x96a410
CIRCLE: _ZN5Plane24get_takeoff_pitch_min_cdEv @ 0x96a5f0
CIRCLE: _ZN5Plane12tecs_hgt_afeEv @ 0x96a800
CIRCLE: _ZN7AP_TECS21update_pitch_throttleEiiN12AP_FixedWing11FlightStageEfisfff @ 0x96a8d0
CIRCLE: _ZN7AP_TECS23_update_throttle_limitsEv @ 0x96b0e0
CIRCLE: _ZN7AP_TECS20_update_pitch_limitsEi @ 0x96b350
CIRCLE: _ZN7AP_TECS18_initialise_statesEf @ 0x96b8c0
CIRCLE: _ZN7AP_TECS20_update_STE_rate_limEv @ 0x96bda0
CIRCLE: _ZN7AP_TECS20_update_speed_demandEv @ 0x96be50
CIRCLE: _ZN7AP_TECS21_update_height_demandEv @ 0x96c1f0
CIRCLE: _ZN7AP_TECS18_detect_underspeedEv @ 0x96cad0
CIRCLE: _ZN7AP_TECS16_update_energiesEv @ 0x96ccb0
CIRCLE: _ZN7AP_TECS13_update_pitchEv @ 0x96cdc0
CIRCLE: _ZN7AP_TECS30_update_throttle_with_airspeedEv @ 0x96d930
CIRCLE: _ZN7AP_TECS19_detect_bad_descentEv @ 0x96e540
CIRCLE: _ZNK7AP_TECS13option_is_setENS_6OptionE @ 0xb44be0
CIRCLE: _ZL7radiansf.12736 @ 0x96e6b0
CIRCLE: _ZL2sqf.12729 @ 0x96e700
CIRCLE: _ZN7AP_TECS18constrain_throttleEv @ 0x96e750
CIRCLE: _ZL3MINIffEDTqultfp_fp0_fp_fp0_ERKT_RKT0_.12727 @ 0x96e820
CIRCLE: _ZNK7AP_TECS12timeConstantEv @ 0x96e8b0
CIRCLE: _ZN7AP_TECS11_get_i_gainEv @ 0x96e9c0
CIRCLE: _ZL3MAXI9AP_ParamTIfL11ap_var_type4EEfEDTqugtfp_fp0_fp_fp0_ERKT_RKT0_.12728 @ 0x96eac0
CIRCLE: _ZN5Plane22rangefinder_correctionEv @ 0x96ece0
CIRCLE: _ZN5Plane21reached_loiter_targetEv @ 0x96f1d0
CIRCLE: _ZNK12GliderPullup9in_pullupEv @ 0x96f4b0
CIRCLE: _ZN5Plane20calc_airspeed_errorsEv @ 0x96f570
CIRCLE: _ZL3MAXIffEDTqugtfp_fp0_fp_fp0_ERKT_RKT0_.1632 @ 0x9701f0
CIRCLE: _ZN5Plane17calc_speed_scalerEv @ 0x970270
CIRCLE: _ZL3MAXI9AP_ParamTIsL11ap_var_type2EEiEDTqugtfp_fp0_fp_fp0_ERKT_RKT0_ @ 0x971590
CIRCLE: _ZL3MINIffEDTqultfp_fp0_fp_fp0_ERKT_RKT0_ @ 0x971620
CIRCLE: _ZL3MAXIffEDTqugtfp_fp0_fp_fp0_ERKT_RKT0_ @ 0x9716b0
CIRCLE: _ZL3MAXIfiEDTqugtfp_fp0_fp_fp0_ERKT_RKT0_ @ 0x9717c0
CIRCLE: _ZN5Plane14update_compassEv @ 0x971860
CIRCLE: _ZN5Plane8navigateEv @ 0x9718c0
CIRCLE: _ZN5Plane21check_home_alt_changeEv @ 0x9719f0
CIRCLE: _ZN5Plane19loiter_angle_updateEv @ 0x971af0
CIRCLE: _ZN5Plane15update_GPS_10HzEv @ 0x971ef0
CIRCLE: _ZN7AP_AHRS13estimate_windEv @ 0xb44e50
CIRCLE: _ZN5Plane24calc_gndspeed_undershootEv @ 0x972100
CIRCLE: _ZN11AP_AHRS_DCM13estimate_windEv @ 0x9722b0
CIRCLE: _ZN5Plane15update_GPS_50HzEv @ 0x972970
CIRCLE: _ZN6AP_GPS6updateEv @ 0x9729e0
CIRCLE: _ZN6AP_GPS15update_instanceEh @ 0x972b60
CIRCLE: _ZN6AP_GPS14update_primaryEv @ 0x973300
CIRCLE: _ZN14AP_GPS_Blended19zero_health_counterEv @ 0xb44eb0
CIRCLE: _ZN6AP_GPS9Write_GPSEh @ 0x974ad0
CIRCLE: _ZL3MINIfiEDTqultfp_fp0_fp_fp0_ERKT_RKT0_.3555 @ 0x974f10
CIRCLE: _ZNK6AP_GPS26last_message_delta_time_msEh @ 0xb44f60
CIRCLE: _ZNK6AP_GPS10should_logEv @ 0x974fb0
CIRCLE: _ZN6AP_GPS16send_blob_updateEh @ 0x976130
CIRCLE: _ZN14AP_GPS_Backend14check_new_itowEjj @ 0x97ae80
CIRCLE: _ZN12AP_GPS_UBLOX20_request_next_configEv @ 0x97f0e0
CIRCLE: _ZN12AP_GPS_UBLOX21_request_message_rateEhh @ 0x97fb80
CIRCLE: _ZN12AP_GPS_UBLOX13_request_portEv @ 0x97fc40
CIRCLE: _ZN12AP_GPS_UBLOX13_send_messageEhhPKvt @ 0x97fcd0
CIRCLE: _ZN12AP_GPS_UBLOX16_update_checksumEPhtRhS1_ @ 0x980b90
CIRCLE: _ZN12AP_GPS_UBLOX4readEv @ 0x980cc0
CIRCLE: _ZNK12AP_GPS_UBLOX13is_configuredEv @ 0xb45de0
CIRCLE: _ZNK12AP_GPS_UBLOX7get_lagERf @ 0x9813a0
CIRCLE: _ZNK12AP_GPS_UBLOX10is_healthyEv @ 0x981530
CIRCLE: _ZNK12AP_GPS_UBLOX4nameEv @ 0xb45e30
CIRCLE: _ZNK12AP_GPS_UBLOX36Write_AP_Logger_Log_Startup_messagesEv @ 0x981630
CIRCLE: _ZL3MINIjjEDTqultfp_fp0_fp_fp0_ERKT_RKT0_.3850 @ 0x981980
CIRCLE: _ZN12AP_GPS_UBLOXUt_ixEm @ 0xb45ef0
CIRCLE: _ZN12AP_GPS_UBLOX10_parse_gpsEv @ 0x981a00
CIRCLE: _ZN12AP_GPS_UBLOX15_check_new_itowEj @ 0x984ec0
CIRCLE: _ZN12AP_GPS_UBLOX23_configure_message_rateEhhh @ 0x984f40
CIRCLE: _ZN5Plane21update_throttle_hoverEv @ 0x98c540
CIRCLE: _ZN9QuadPlane21update_throttle_hoverEv @ 0x98c5a0
CIRCLE: _ZN5Plane19update_speed_heightEv @ 0x98cdb0
CIRCLE: _ZN7AP_TECS11update_50hzEv @ 0x98cee0
CIRCLE: _ZN7AP_TECS13_update_speedEf @ 0x98d550
CIRCLE: _ZNK10AP_Landing11is_on_finalEv @ 0x98de40
CIRCLE: _ZN5Plane20check_short_failsafeEv @ 0x98df10
CIRCLE: _ZN5Plane10read_radioEv @ 0x98e540
CIRCLE: _ZNK5Plane17fence_stickmixingEv @ 0x98e7b0
CIRCLE: _ZN10Tailsitter11check_inputEv @ 0x98e860
CIRCLE: _ZN9AP_Tuning11check_inputEh @ 0x98e930
CIRCLE: _ZN5Plane10set_servosEv @ 0x98f8e0
CIRCLE: _ZN9QuadPlane6updateEv @ 0x98fc40
CIRCLE: _ZN5Plane12set_throttleEv @ 0x990270
CIRCLE: _ZN5Plane20set_takeoff_expectedEv @ 0x9904c0
CIRCLE: _ZN5Plane16set_servos_flapsEv @ 0x990620
CIRCLE: _ZN5Plane15airbrake_updateEv @ 0x990ab0
CIRCLE: _ZN5Plane19throttle_slew_limitEv @ 0x990c30
CIRCLE: _ZN11AP_ICEngine17throttle_overrideERff @ 0x990f50
CIRCLE: _ZN12ParametersG212FWD_BATT_CMP6updateEv @ 0x991470
CIRCLE: _ZNK12ParametersG212FWD_BATT_CMP14apply_throttleEf @ 0x9915f0
CIRCLE: _ZN5Plane21apply_throttle_limitsEf @ 0x9916a0
CIRCLE: _ZN5Plane17suppress_throttleEv @ 0x9919d0
CIRCLE: _ZNK10AP_Landing22is_throttle_suppressedEv @ 0x991e40
CIRCLE: _ZN11AP_ICEngine20update_idle_governorERa @ 0x992800
CIRCLE: _ZNK12ParametersG212FWD_BATT_CMP13apply_min_maxERaS1_ @ 0x992bf0
CIRCLE: _ZN5Plane21throttle_watt_limiterERaS0_ @ 0x992dd0
CIRCLE: _ZL3MINIaaEDTqultfp_fp0_fp_fp0_ERKT_RKT0_ @ 0x9930c0
CIRCLE: _ZN7AP_TECS16set_throttle_maxEf @ 0x993140
CIRCLE: _ZNK14AP_BattMonitor18overpower_detectedEv @ 0x9931c0
CIRCLE: _ZN5Plane9stabilizeEv @ 0x997250
CIRCLE: _ZL7degreesf.12555 @ 0x997be0
CIRCLE: _ZN16AP_FW_Controller13_get_rate_outEffbfb @ 0x9999d0
CIRCLE: _ZL7radiansf.12452 @ 0x999dd0
CIRCLE: _ZL7degreesf.12453 @ 0x999e20
CIRCLE: _ZN5Plane19update_control_modeEv @ 0x999e70
CIRCLE: _ZN5Plane18update_fly_forwardEv @ 0x999f50
CIRCLE: _ZN12ModeAutoLand23check_takeoff_directionEv @ 0x99a100
CIRCLE: _ZN5Plane11ahrs_updateEv @ 0x99a430
CIRCLE: _ZNK17AP_InertialSensor9Write_IMUEv @ 0x99a6a0
CIRCLE: _ZN9QuadPlane15check_yaw_resetEv @ 0x99a760
CIRCLE: _ZN14AP_InertialNav6updateEb @ 0x99a820
CIRCLE: _ZN9AP_Follow16update_estimatesEv @ 0x99ab90
CIRCLE: _ZN9AP_Follow32clear_dist_and_bearing_to_targetEv @ 0x99bb10
CIRCLE: _ZL3MAXIhhEDTqugtfp_fp0_fp_fp0_ERKT_RKT0_ @ 0x99c470
CIRCLE: _ZNK17AP_InertialSensor18Write_IMU_instanceEmh @ 0x99c4f0
CIRCLE: _ZNK17AP_InertialSensor16get_gyro_rate_hzEh @ 0xb47f10
CIRCLE: _ZNK17AP_InertialSensor17get_accel_rate_hzEh @ 0xb47f90
CIRCLE: _ZN5Plane28set_target_altitude_locationERK8Location @ 0x9aa060
CIRCLE: _ZNK14AP_BattMonitor22capacity_remaining_pctERhh @ 0x9b4930
CIRCLE: _ZN4Mode3runEv @ 0x9b5560
CIRCLE: _ZNK4Mode12is_vtol_modeEv @ 0xb4de30
CIRCLE: _ZNK4Mode14is_guided_modeEv @ 0xb4ded0
CIRCLE: _ZN4Mode22update_target_altitudeEv @ 0x9b57d0
CIRCLE: _ZNK4Mode19use_throttle_limitsEv @ 0x9b5be0
CIRCLE: _ZNK4Mode24use_battery_compensationEv @ 0x9b5d80
CIRCLE: _ZNK4Mode18supports_quicktuneEv @ 0xb4e210
CIRCLE: _ZN4Mode5_exitEv @ 0xb4e2b0
CIRCLE: _ZN10AP_Landing28get_target_altitude_locationER8Location @ 0x9b6890
CIRCLE: _ZN5Plane14calc_nav_pitchEv @ 0x9b7600
CIRCLE: _ZN5Plane13calc_throttleEv @ 0x9b76c0
CIRCLE: _ZN7AP_TECS16get_pitch_demandEv @ 0xb4e680
CIRCLE: _ZN5Plane18update_load_factorEv @ 0x9b7770
CIRCLE: _ZL7radiansf @ 0x9b7ac0
CIRCLE: _ZL2sqf.11 @ 0x9b7b10
CIRCLE: _ZN5Plane26stabilize_stick_mixing_fbwEv @ 0x9b7c30
CIRCLE: _ZN5Plane14stabilize_rollEv @ 0x9b80f0
CIRCLE: _ZN5Plane15stabilize_pitchEv @ 0x9b81b0
CIRCLE: _ZN5Plane13stabilize_yawEv @ 0x9b8250
CIRCLE: _ZNK10AP_Landing26is_ground_steering_allowedEv @ 0x9b84a0
CIRCLE: _ZN5Plane24calc_nav_yaw_coordinatedEv @ 0x9b88f0
CIRCLE: _ZN11VTOL_Assist20output_spin_recoveryEv @ 0x9b8be0
CIRCLE: _ZN5Plane12rudder_inputEv @ 0x9b8ce0
CIRCLE: _ZN16AP_YawController13get_servo_outEfb @ 0x9b8f10
CIRCLE: _ZN16AP_YawController14reset_rate_PIDEv @ 0x9b9600
CIRCLE: _ZL3MAXIffEDTqugtfp_fp0_fp_fp0_ERKT_RKT0_.12554 @ 0x9b9670
CIRCLE: _ZN5Plane20stick_mixing_enabledEv @ 0x9b9830
CIRCLE: _ZNK9QuadPlane23in_vtol_land_poscontrolEv @ 0x9b9a00
CIRCLE: _ZN5Plane17takeoff_tail_holdEv @ 0x9ba4e0
CIRCLE: _ZN5Plane29stabilize_pitch_get_pitch_outEv @ 0x9ba680
CIRCLE: _ZNK9QuadPlane27use_fw_attitude_controllersEv @ 0x9baa80
CIRCLE: _ZN18AP_PitchController13get_servo_outEifbb @ 0x9babc0
CIRCLE: _ZNK18AP_PitchController29_get_coordination_rate_offsetERKfRb @ 0x9baf60
CIRCLE: _ZL3MINIffEDTqultfp_fp0_fp_fp0_ERKT_RKT0_.12475 @ 0x9bb290
CIRCLE: _ZL7radiansi.12476 @ 0x9bb320
CIRCLE: _ZL3MAXI9AP_ParamTIsL11ap_var_type2EEiEDTqugtfp_fp0_fp_fp0_ERKT_RKT0_.12477 @ 0x9bb380
CIRCLE: _ZL7degreesf.12479 @ 0x9bb410
CIRCLE: _ZN5Plane27stabilize_roll_get_roll_outEv @ 0x9bb460
CIRCLE: _ZN17AP_RollController13get_servo_outEifbb @ 0x9bb730
CIRCLE: _ZNK9QuadPlane18allow_stick_mixingEv @ 0x9bba70
CIRCLE: _ZN4Mode8navigateEv @ 0xb4e7a0
CIRCLE: _ZNK4Mode23allows_throttle_nudgingEv @ 0xb4e7f0
CIRCLE: _ZN5Plane19throttle_percentageEv @ 0x9ce0d0
CIRCLE: _ZNK10ModeCircle11mode_numberEv @ 0xb52250
CIRCLE: _ZNK10ModeCircle5name4Ev @ 0xb522f0
CIRCLE: _ZN10ModeCircle6updateEv @ 0x9cef90
CIRCLE: _ZNK10ModeCircle20does_auto_navigationEv @ 0xb52340
CIRCLE: _ZNK10ModeCircle18does_auto_throttleEv @ 0xb52390
CIRCLE: _ZN10ModeCircle6_enterEv @ 0x9cf020
CIRCLE: _ZNK9GCS_Plane11custom_modeEv @ 0x9d9a70
CIRCLE: _ZNK9GCS_Plane10frame_typeEv @ 0x9d9ad0
CIRCLE: _ZN9GCS_Plane4chanEh @ 0xb52b30
CIRCLE: _ZN9GCS_Plane34update_vehicle_sensor_status_flagsEv @ 0x9d9b30
CIRCLE: _ZNK9GCS_Plane26min_status_for_gps_healthyEv @ 0xb52cf0
CIRCLE: _ZN17GCS_MAVLINK_Plane14packetReceivedERK16__mavlink_statusRK17__mavlink_message @ 0x9da0b0
CIRCLE: _ZNK11GCS_MAVLINK13mission_stateERK10AP_Mission @ 0x9da150
CIRCLE: _ZNK11GCS_MAVLINK16send_rangefinderEv @ 0x9da230
CIRCLE: _ZNK17GCS_MAVLINK_Plane26send_nav_controller_outputEv @ 0x9da300
CIRCLE: _ZN17GCS_MAVLINK_Plane15send_pid_tuningEv @ 0x9da790
CIRCLE: _ZN11GCS_MAVLINK21send_scaled_pressure3Ev @ 0x9dab70
CIRCLE: _ZNK17GCS_MAVLINK_Plane13send_attitudeEv @ 0x9dabd0
CIRCLE: _ZN17GCS_MAVLINK_Plane31send_position_target_global_intEv @ 0x9daf50
CIRCLE: _ZNK11GCS_MAVLINK17send_winch_statusEv @ 0xb52ec0
CIRCLE: _ZNK17GCS_MAVLINK_Plane9base_modeEv @ 0x9db3b0
CIRCLE: _ZNK17GCS_MAVLINK_Plane21vehicle_system_statusEv @ 0x9db5b0
CIRCLE: _ZNK17GCS_MAVLINK_Plane19persist_streamratesEv @ 0xb52f10
CIRCLE: _ZN17GCS_MAVLINK_Plane25handle_command_int_packetERK23__mavlink_command_int_tRK17__mavlink_message @ 0x9db8b0
CIRCLE: _ZN17GCS_MAVLINK_Plane14handle_messageERK17__mavlink_message @ 0x9dc270
CIRCLE: _ZN17GCS_MAVLINK_Plane16try_send_messageE10ap_message @ 0x9dd5c0
CIRCLE: _ZN11GCS_MAVLINK24send_global_position_intEv @ 0x9dd7f0
CIRCLE: _ZNK11GCS_MAVLINK23global_position_int_altEv @ 0x9dd970
CIRCLE: _ZNK11GCS_MAVLINK32global_position_int_relative_altEv @ 0x9dd9d0
CIRCLE: _ZNK17GCS_MAVLINK_Plane17vfr_hud_climbrateEv @ 0x9dda40
CIRCLE: _ZNK17GCS_MAVLINK_Plane16vfr_hud_airspeedEv @ 0x9ddb00
CIRCLE: _ZNK17GCS_MAVLINK_Plane16vfr_hud_throttleEv @ 0x9ddbf0
CIRCLE: _ZNK11GCS_MAVLINK11vfr_hud_altEv @ 0x9ddc50
CIRCLE: _ZN17GCS_MAVLINK_Plane35convert_COMMAND_LONG_to_COMMAND_INTERK24__mavlink_command_long_tR23__mavlink_command_int_t9MAV_FRAME @ 0x9de1e0
CIRCLE: _ZN11GCS_MAVLINK35convert_COMMAND_LONG_to_COMMAND_INTERK24__mavlink_command_long_tR23__mavlink_command_int_t9MAV_FRAME @ 0x9de8c0
CIRCLE: _ZN11GCS_MAVLINK28command_long_stores_locationE7MAV_CMD @ 0x9dea80
CIRCLE: _ZL30convert_COMMAND_LONG_loc_paramfb @ 0x9deb60
CIRCLE: _ZL3MINIfiEDTqultfp_fp0_fp_fp0_ERKT_RKT0_ @ 0x9dec10
CIRCLE: _ZNK11GCS_MAVLINK17vfr_hud_climbrateEv @ 0x9decb0
CIRCLE: _ZL36mavlink_msg_global_position_int_send17mavlink_channel_tjiiiissst @ 0x9ded70
CIRCLE: _ZN10AP_Terrain12send_requestE17mavlink_channel_t @ 0x9dee90
CIRCLE: _ZN10AP_Terrain11send_reportE17mavlink_channel_t @ 0x9defe0
CIRCLE: _ZNK17GCS_MAVLINK_Plane9send_windEv @ 0x9df090
CIRCLE: _ZN7AP_ADSB17send_adsb_vehicleE17mavlink_channel_t @ 0x9df160
CIRCLE: _ZN17GCS_MAVLINK_Plane12send_aoa_ssaEv @ 0x9df370
CIRCLE: _ZN10AP_Landing20send_landing_messageE17mavlink_channel_t @ 0x9df410
CIRCLE: _ZN17GCS_MAVLINK_Plane15send_hygrometerEv @ 0x9df4f0
CIRCLE: _ZN11GCS_MAVLINK16try_send_messageE10ap_message @ 0x9df6f0
CIRCLE: _ZN11GCS_MAVLINK17queued_param_sendEv @ 0x9e03a0
CIRCLE: _ZNK11GCS_MAVLINK14send_heartbeatEv @ 0x9e0650
CIRCLE: _ZNK11GCS_MAVLINK8send_rpmEv @ 0x9e0a10
CIRCLE: _ZN11GCS_MAVLINK24try_send_mission_messageE10ap_message @ 0x9e0af0
CIRCLE: _ZN7Compass21send_mag_cal_progressERK11GCS_MAVLINK @ 0x9e0cf0
CIRCLE: _ZN7Compass19send_mag_cal_reportERK11GCS_MAVLINK @ 0x9e0f40
CIRCLE: _ZN11GCS_MAVLINK19send_battery_statusEv @ 0x9e1270
CIRCLE: _ZNK7AP_AHRS22send_ekf_status_reportER11GCS_MAVLINK @ 0x9e13c0
CIRCLE: _ZN11GCS_MAVLINK12send_meminfoEv @ 0x9e14c0
CIRCLE: _ZNK11GCS_MAVLINK17send_fence_statusEv @ 0x9e1580
CIRCLE: _ZN11GCS_MAVLINK20send_distance_sensorEv @ 0x9e16c0
CIRCLE: _ZNK11GCS_MAVLINK16send_system_timeEv @ 0x9e1c00
CIRCLE: _ZN6AP_GPS20send_mavlink_gps_rawE17mavlink_channel_t @ 0x9e1c90
CIRCLE: _ZN6AP_GPS20send_mavlink_gps_rtkE17mavlink_channel_th @ 0x9e1fe0
CIRCLE: _ZN6AP_GPS21send_mavlink_gps2_rawE17mavlink_channel_t @ 0x9e20c0
CIRCLE: _ZNK11GCS_MAVLINK19send_local_positionEv @ 0x9e2460
CIRCLE: _ZNK11GCS_MAVLINK34send_gimbal_device_attitude_statusEv @ 0x9e2530
CIRCLE: _ZN11GCS_MAVLINK16send_opticalflowEv @ 0x9e28f0
CIRCLE: _ZN11GCS_MAVLINK17send_power_statusEv @ 0x9e2a60
CIRCLE: _ZNK11GCS_MAVLINK16send_rc_channelsEv @ 0x9e2b70
CIRCLE: _ZNK11GCS_MAVLINK20send_rc_channels_rawEv @ 0x9e2e30
CIRCLE: _ZN11GCS_MAVLINK12send_raw_imuEv @ 0x9e2fb0
CIRCLE: _ZN11GCS_MAVLINK15send_scaled_imuEhPFv17mavlink_channel_tjssssssssssE @ 0x9e33c0
CIRCLE: _ZL28mavlink_msg_scaled_imu2_send17mavlink_channel_tjssssssssss @ 0x9e3680
CIRCLE: _ZL28mavlink_msg_scaled_imu3_send17mavlink_channel_tjssssssssss @ 0x9e37f0
CIRCLE: _ZN11GCS_MAVLINK20send_scaled_pressureEv @ 0x9e3ba0
CIRCLE: _ZN11GCS_MAVLINK21send_scaled_pressure2Ev @ 0x9e3c00
CIRCLE: _ZN11GCS_MAVLINK13send_airspeedEv @ 0x9e3c60
CIRCLE: _ZNK11GCS_MAVLINK13send_simstateEv @ 0x9e3e20
CIRCLE: _ZN11GCS_MAVLINK15send_sys_statusEv @ 0x9e3f40
CIRCLE: _ZN11GCS_MAVLINK10send_ahrs2Ev @ 0x9e4230
CIRCLE: _ZN11GCS_MAVLINK9send_ahrsEv @ 0x9e4310
CIRCLE: _ZN11GCS_MAVLINK12send_vfr_hudEv @ 0x9e4490
CIRCLE: _ZNK11GCS_MAVLINK14send_vibrationEv @ 0x9e45d0
CIRCLE: _ZNK11GCS_MAVLINK21send_generator_statusEv @ 0x9e46c0
CIRCLE: _ZN12AP_ESC_Telem26send_esc_telemetry_mavlinkEh @ 0x9e4a40
CIRCLE: _ZN6AP_EFI19send_mavlink_statusE17mavlink_channel_t @ 0x9e4ed0
CIRCLE: _ZN6AP_AIS13get_singletonEv @ 0x9e56a0
CIRCLE: _ZN11GCS_MAVLINK20send_available_modesEv @ 0x9e5820
CIRCLE: _ZNK11GCS_MAVLINK21battery_remaining_pctEh @ 0x9e6030
CIRCLE: _ZL3MINIhiEDTqultfp_fp0_fp_fp0_ERKT_RKT0_.7263 @ 0x9e64e0
CIRCLE: _ZL44mavlink_msg_esc_telemetry_1_to_4_send_struct17mavlink_channel_tPK32__mavlink_esc_telemetry_1_to_4_t @ 0x9e6800
CIRCLE: _ZN12AP_Generator21send_generator_statusERK11GCS_MAVLINK @ 0x9e6e00
CIRCLE: _ZL26mavlink_msg_vibration_send17mavlink_channel_tmfffjjj @ 0x9e6e80
CIRCLE: _ZL24mavlink_msg_vfr_hud_send17mavlink_channel_tffstff @ 0x9e6f90
CIRCLE: _ZNK7AP_AHRS12get_error_rpEv @ 0x9e7120
CIRCLE: _ZNK7AP_AHRS13get_error_yawEv @ 0x9e7180
CIRCLE: _ZL21mavlink_msg_ahrs_send17mavlink_channel_tfffffff @ 0x9e71e0
CIRCLE: _ZL22mavlink_msg_ahrs2_send17mavlink_channel_tffffii @ 0x9e7300
CIRCLE: _ZNK9AP_Logger11num_droppedEv @ 0x9e7400
CIRCLE: _ZNK14AP_BattMonitor11gcs_voltageEv @ 0xb53200
CIRCLE: _ZL27mavlink_msg_sys_status_send17mavlink_channel_tjjjttsatttttt @ 0x9e7480
CIRCLE: _ZNK14AP_BattMonitor11gcs_voltageEh @ 0x9e7620
CIRCLE: _ZNK17AP_Logger_Backend11num_droppedEv @ 0xb53250
CIRCLE: _ZL7radiansf.17181 @ 0x9e7a40
CIRCLE: _ZNK4SITL3SIM13simstate_sendE17mavlink_channel_t @ 0x9e7dc0
CIRCLE: _ZL25mavlink_msg_simstate_send17mavlink_channel_tfffffffffii @ 0x9e7f90
CIRCLE: _ZL32mavlink_msg_airspeed_send_struct17mavlink_channel_tPK20__mavlink_airspeed_t @ 0x9e8130
CIRCLE: _ZL33mavlink_msg_scaled_pressure2_send17mavlink_channel_tjffss @ 0x9e81b0
CIRCLE: _ZN11GCS_MAVLINK29send_scaled_pressure_instanceEhPFv17mavlink_channel_tjffssE @ 0x9e8290
CIRCLE: _ZL32mavlink_msg_scaled_pressure_send17mavlink_channel_tjffss @ 0x9e8480
CIRCLE: _ZL24mavlink_msg_raw_imu_send17mavlink_channel_tmssssssssshs @ 0x9e85e0
CIRCLE: _ZNK11GCS_MAVLINK16sending_mavlink1Ev @ 0x9e8760
CIRCLE: _ZNK11GCS_MAVLINK13receiver_rssiEv @ 0x9e87c0
CIRCLE: _ZL28mavlink_msg_rc_channels_send17mavlink_channel_tjhtttttttttttttttttth @ 0x9e89d0
CIRCLE: _ZL29mavlink_msg_power_status_send17mavlink_channel_tttt @ 0x9e8c40
CIRCLE: _ZN8AP_Mount34send_gimbal_device_attitude_statusE17mavlink_channel_t @ 0x9e96c0
CIRCLE: _ZL35mavlink_msg_local_position_ned_send17mavlink_channel_tjffffff @ 0x9e9d20
CIRCLE: _ZNK6AP_GPS12gps_yaw_cdegEh @ 0x9e9e30
CIRCLE: _ZNK6AP_GPS23have_gps_yaw_configuredEh @ 0xb534b0
CIRCLE: _ZL28mavlink_msg_gps_raw_int_send17mavlink_channel_tmhiiitttthijjjjt @ 0x9ea130
CIRCLE: _ZL28mavlink_msg_system_time_send17mavlink_channel_tmj @ 0x9ea320
CIRCLE: _ZN11GCS_MAVLINK14send_proximityEv @ 0x9eb960
CIRCLE: _ZL3MINIjjEDTqultfp_fp0_fp_fp0_ERKT_RKT0_.7265 @ 0x9ec8d0
CIRCLE: _ZL24mavlink_msg_meminfo_send17mavlink_channel_tttj @ 0x9ec950
CIRCLE: _ZNK7NavEKF318send_status_reportER11GCS_MAVLINK @ 0x9ecbf0
CIRCLE: _ZNK12NavEKF3_core18send_status_reportER11GCS_MAVLINK @ 0x9ecc80
CIRCLE: _ZL41mavlink_msg_ekf_status_report_send_struct17mavlink_channel_tPK29__mavlink_ekf_status_report_t @ 0x9ed080
CIRCLE: _ZNK14AP_BattMonitor13option_is_setEhN21AP_BattMonitor_Params7OptionsE @ 0x9edba0
CIRCLE: _ZNK11GCS_MAVLINK19send_battery_statusEh @ 0x9edc70
CIRCLE: _ZL3MINIftEDTqultfp_fp0_fp_fp0_ERKT_RKT0_ @ 0x9ee500
CIRCLE: _ZNK14AP_BattMonitor14time_remainingERjh @ 0x9ee5a0
CIRCLE: _ZNK14AP_BattMonitor24get_mavlink_charge_stateEh @ 0x9ee690
CIRCLE: _ZNK14AP_BattMonitor25get_mavlink_fault_bitmaskEh @ 0x9ee7c0
CIRCLE: _ZL31mavlink_msg_battery_status_send17mavlink_channel_thhhsPKtsiiaihS1_hj @ 0x9ee870
CIRCLE: _ZN14typesafe_indexIh12TAG_PriorityErmERKh @ 0xb53700
CIRCLE: _ZN11GCS_MAVLINK20send_mission_currentERK10AP_Missiont @ 0x9eeff0
CIRCLE: _ZNK3GCS32try_send_queued_message_for_typeE16MAV_MISSION_TYPE @ 0x9ef170
CIRCLE: _ZNK3GCS25get_prot_for_mission_typeE16MAV_MISSION_TYPE @ 0x9ef1f0
CIRCLE: _ZN19MissionItemProtocol19queued_request_sendEv @ 0x9ef270
CIRCLE: _ZL32mavlink_msg_mission_request_send17mavlink_channel_thhth @ 0x9ef3f0
CIRCLE: _ZL32mavlink_msg_mission_current_send17mavlink_channel_ttthh @ 0x9ef4c0
CIRCLE: _ZNK11GCS_MAVLINK13system_statusEv @ 0x9ef990
CIRCLE: _ZL26mavlink_msg_heartbeat_send17mavlink_channel_thhhjh @ 0x9efa20
CIRCLE: _ZN11GCS_MAVLINK28send_parameter_async_repliesEv @ 0x9efb00
CIRCLE: _ZN12ObjectBufferIN11GCS_MAVLINK19pending_param_replyEE4peekERS1_ @ 0xb537f0
CIRCLE: _ZNK11AP_Airspeed14get_hygrometerEhRjRfS1_ @ 0x9f0040
CIRCLE: _ZL24mavlink_msg_aoa_ssa_send17mavlink_channel_tmff @ 0x9f0610
CIRCLE: _ZL21mavlink_msg_wind_send17mavlink_channel_tfff @ 0x9f0910
CIRCLE: _ZN10AP_Terrain19send_terrain_reportE17mavlink_channel_tRK8Locationb @ 0x9f09c0
CIRCLE: _ZL31mavlink_msg_terrain_report_send17mavlink_channel_tiitfftt @ 0x9f0b70
CIRCLE: _ZN10AP_Terrain18send_cache_requestE17mavlink_channel_t @ 0x9f0c90
CIRCLE: _ZN10AP_Terrain15request_missingE17mavlink_channel_tRKNS_9grid_infoE @ 0x9f0d90
CIRCLE: _ZN10AP_Terrain15request_missingE17mavlink_channel_tRNS_10grid_cacheE @ 0x9f0e20
CIRCLE: _ZN11GCS_MAVLINK14handle_messageERK17__mavlink_message @ 0x9f4bc0
CIRCLE: _ZN11GCS_MAVLINK16handle_heartbeatERK17__mavlink_message @ 0x9f5740
CIRCLE: _ZN11GCS_MAVLINK29handle_common_mission_messageERK17__mavlink_message @ 0x9f6960
CIRCLE: _ZN11GCS_MAVLINK19handle_command_longERK17__mavlink_message @ 0x9f6ab0
CIRCLE: _ZN11GCS_MAVLINK26handle_request_data_streamERK17__mavlink_message @ 0x9f80f0
CIRCLE: _ZNK3GCS12sysid_is_gcsEh @ 0x9fd750
CIRCLE: _ZN11GCS_MAVLINK16sysid_mygcs_seenEj @ 0x9fd9f0
CIRCLE: _ZL38mavlink_msg_request_data_stream_decodePK17__mavlink_messageP31__mavlink_request_data_stream_t @ 0x9fec60
CIRCLE: _ZN9AP_Logger13Write_CommandERK23__mavlink_command_int_thh10MAV_RESULTb @ 0xa01b50
CIRCLE: _ZL31mavlink_msg_command_long_decodePK17__mavlink_messageP24__mavlink_command_long_t @ 0xa01cd0
CIRCLE: _ZN11GCS_MAVLINK31try_command_long_as_command_intERK24__mavlink_command_long_tRK17__mavlink_message @ 0xa01da0
CIRCLE: _ZN11GCS_MAVLINK19handle_mission_itemERK17__mavlink_message @ 0xa01f80
CIRCLE: _ZN11GCS_MAVLINK20handle_mission_countERK17__mavlink_message @ 0xa024b0
CIRCLE: _ZN19MissionItemProtocol13cancel_uploadERK11GCS_MAVLINKRK17__mavlink_message @ 0xa02810
CIRCLE: _ZNK19MissionItemProtocol16send_mission_ackERK11GCS_MAVLINKRK17__mavlink_message18MAV_MISSION_RESULT @ 0xa02900
CIRCLE: _ZL32mavlink_msg_mission_count_decodePK17__mavlink_messageP25__mavlink_mission_count_t @ 0xa02b10
CIRCLE: _ZN19MissionItemProtocol20handle_mission_countER11GCS_MAVLINKRK25__mavlink_mission_count_tRK17__mavlink_message @ 0xa02be0
CIRCLE: _ZNK19MissionItemProtocol24mavlink2_requirement_metERK11GCS_MAVLINKRK17__mavlink_message @ 0xa02da0
CIRCLE: _ZN19MissionItemProtocol20transfer_is_completeERK11GCS_MAVLINKRK17__mavlink_message @ 0xa02e80
CIRCLE: _ZN19MissionItemProtocol18init_send_requestsER11GCS_MAVLINKRK17__mavlink_messagess @ 0xa02f30
CIRCLE: _ZL35mavlink_msg_mission_item_int_decodePK17__mavlink_messageP28__mavlink_mission_item_int_t @ 0xa03df0
CIRCLE: _ZN19MissionItemProtocol19handle_mission_itemERK17__mavlink_messageRK28__mavlink_mission_item_int_t @ 0xa03f40
CIRCLE: _ZN11GCS_MAVLINK16_set_mode_commonEhj @ 0xa04600
CIRCLE: _ZN12ObjectBufferIN7GCS_FTP11TransactionEE3popERS1_ @ 0xb54830
CIRCLE: _ZN11GCS_MAVLINK25handle_command_int_packetERK23__mavlink_command_int_tRK17__mavlink_message @ 0xa0bb20
CIRCLE: _ZN11GCS_MAVLINK26handle_command_do_set_modeERK23__mavlink_command_int_t @ 0xa0ced0
CIRCLE: _ZL7radiansf.35 @ 0xa108a0
CIRCLE: _ZN5Plane22any_failsafe_triggeredEv @ 0xb551e0
CIRCLE: _ZL43mavlink_msg_position_target_global_int_send17mavlink_channel_tjhtiifffffffff @ 0xa110c0
CIRCLE: _ZL25mavlink_msg_attitude_send17mavlink_channel_tjffffff @ 0xa11590
CIRCLE: _ZL38mavlink_msg_nav_controller_output_send17mavlink_channel_tffsstfff @ 0xa11b80
CIRCLE: _ZN12AP_Avoidance10handle_msgERK17__mavlink_message @ 0xa11d60
CIRCLE: _ZN11GCS_MAVLINK14packetReceivedERK16__mavlink_statusRK17__mavlink_message @ 0xa11eb0
CIRCLE: _ZN15MAVLink_routing17check_and_forwardER11GCS_MAVLINKRK17__mavlink_message @ 0xa120b0
CIRCLE: _ZN9AP_Follow10handle_msgERK17__mavlink_message @ 0xa12620
CIRCLE: _ZNK11GCS_MAVLINK13accept_packetERK16__mavlink_statusRK17__mavlink_message @ 0xa127a0
CIRCLE: _ZNK9AP_Follow21should_handle_messageERK17__mavlink_message @ 0xa128c0
CIRCLE: _ZN15MAVLink_routing11learn_routeER11GCS_MAVLINKRK17__mavlink_message @ 0xa13890
CIRCLE: _ZN15MAVLink_routing16handle_heartbeatER11GCS_MAVLINKRK17__mavlink_message @ 0xa13b30
CIRCLE: _ZN15MAVLink_routing11get_targetsERK17__mavlink_messageRsS3_ @ 0xa13d60
CIRCLE: _ZNK9QuadPlane12get_mav_typeEv @ 0xa14210
CIRCLE: _ZNK18AP_PitchController13is_underspeedEf @ 0xa14660
CIRCLE: _ZNK18AP_PitchController12get_airspeedEv @ 0xa14700
CIRCLE: _ZNK18AP_PitchController17get_measured_rateEv @ 0xa147d0
CIRCLE: _ZNK17AP_RollController13is_underspeedEf @ 0xa14950
CIRCLE: _ZNK17AP_RollController12get_airspeedEv @ 0xa149e0
CIRCLE: _ZNK17AP_RollController17get_measured_rateEv @ 0xa14a50
CIRCLE: _ZNK13AP_L1_Control14nav_bearing_cdEv @ 0xa14c30
CIRCLE: _ZNK13AP_L1_Control17target_bearing_cdEv @ 0xa14cf0
CIRCLE: _ZNK13AP_L1_Control16crosstrack_errorEv @ 0xb56310
CIRCLE: _ZNK13AP_L1_Control27crosstrack_error_integratorEv @ 0xb56360
CIRCLE: _ZN13AP_L1_Control21reached_loiter_targetEv @ 0xa16410
CIRCLE: _ZN13AP_L1_Control17set_data_is_staleEv @ 0xb563b0
CIRCLE: _ZL9rad_to_cdf.12675 @ 0xa16910
CIRCLE: _Z11wrap_180_cdIfET_S0_ @ 0xb564c0
CIRCLE: _ZN17RC_Channels_Plane7channelEh @ 0xb56e20
CIRCLE: _ZN17RC_Channels_Plane16read_mode_switchEv @ 0xa19940
CIRCLE: _ZNK17RC_Channels_Plane14in_rc_failsafeEv @ 0xa199b0
CIRCLE: _ZNK17RC_Channels_Plane15has_valid_inputEv @ 0xa19a20
CIRCLE: _ZNK17RC_Channels_Plane18get_arming_channelEv @ 0xa19ab0
CIRCLE: _ZNK17RC_Channels_Plane26flight_mode_channel_numberEv @ 0xa19b00
CIRCLE: _ZN11RC_Channels16read_mode_switchEv @ 0xa19b70
CIRCLE: mode_to_string @ 0xa954d0
CIRCLE: mode_entry @ 0xa95730
----------------------
Mode: 19 (QLOITER)
QLOITER: _ZN15AP_Arming_Plane3armEN9AP_Arming6MethodEb @ 0x5db0b0
QLOITER: _ZN15AP_Arming_Plane14pre_arm_checksEb @ 0x5db3f0
QLOITER: _ZN15AP_Arming_Plane10arm_checksEN9AP_Arming6MethodE @ 0x5dbb00
QLOITER: _ZN9AP_Arming16barometer_checksEb @ 0x5dbbe0
QLOITER: _ZN15AP_Arming_Plane10ins_checksEb @ 0x5dbcf0
QLOITER: _ZN9AP_Arming10gps_checksEb @ 0x5dbe10
QLOITER: _ZN9AP_Arming20board_voltage_checksEb @ 0x5dc2e0
QLOITER: _ZN9AP_Arming21rc_calibration_checksEb @ 0x5dc490
QLOITER: _ZN15AP_Arming_Plane14mission_checksEb @ 0x5dc640
QLOITER: _ZNK15AP_Arming_Plane25terrain_database_requiredEv @ 0x5dc9d0
QLOITER: _ZN9AP_Arming13system_checksEb @ 0x5dca70
QLOITER: _ZNK9AP_Arming16proximity_checksEb @ 0x5dd020
QLOITER: _ZN15AP_Arming_Plane28rc_received_if_enabled_checkEb @ 0x5dd1b0
QLOITER: _ZN9AP_Arming18opendroneid_checksEb @ 0x5dd3a0
QLOITER: _ZN9AP_Arming23rc_in_calibration_checkEb @ 0x5dd490
QLOITER: _ZN9AP_Arming22serial_protocol_checksEb @ 0x5dd540
QLOITER: _ZN2AP13serialmanagerEv @ 0x5dd670
QLOITER: _ZNK16AP_SerialManager11have_serialENS_14SerialProtocolEh @ 0x5dd6b0
QLOITER: _ZN16AP_SerialManager14pre_arm_checksEPch @ 0x5dd980
QLOITER: _ZNK9AP_ParamTIiL11ap_var_type3EEcvRKiEv @ 0xa99ff0
QLOITER: _ZN6AP_HAL4Util8snprintfEPcmPKcz @ 0x5ddae0
QLOITER: _ZN6AP_HAL4Util9vsnprintfEPcmPKcP13__va_list_tag @ 0x5ddcc0
QLOITER: _ZN13BufferPrinterC2EPcm @ 0xa9a040
QLOITER: _Z13print_vprintfPN6AP_HAL12BetterStreamEPKcP13__va_list_tag @ 0x5dde00
QLOITER: _Z12ultoa_invertjPch @ 0x5dfc90
QLOITER: _ZN6AP_HAL12BetterStreamC2Ev @ 0xa9a0f0
QLOITER: _ZN13BufferPrinter5writeEh @ 0xa9a150
QLOITER: _Z3gcsv @ 0x5e0280
QLOITER: _ZN3GCS10send_textvE12MAV_SEVERITYPKcP13__va_list_tag @ 0x5e02c0
QLOITER: _ZNK3GCS28statustext_send_channel_maskEv @ 0x5e0390
QLOITER: _ZN11GCS_MAVLINK19active_channel_maskEv @ 0xa9a3f0
QLOITER: _ZN11GCS_MAVLINK22streaming_channel_maskEv @ 0xa9a430
QLOITER: _ZN11GCS_MAVLINK20private_channel_maskEv @ 0xa9a470
QLOITER: _ZN3GCS13get_singletonEv @ 0xa9a4b0
QLOITER: _ZNK16AP_SerialManager22find_protocol_instanceENS_14SerialProtocolEh @ 0x5e0420
QLOITER: _ZNK13AP_ParamTBaseIaL11ap_var_type1EE3getEv @ 0xa9a4f0
QLOITER: _ZNK16AP_SerialManager14protocol_matchENS_14SerialProtocolES0_ @ 0x5e05c0
QLOITER: _ZN16AP_SerialManager13get_singletonEv @ 0xa9a540
QLOITER: _Z2rcv @ 0x5e06c0
QLOITER: _ZN11RC_Channels11calibratingEv @ 0xa9a580
QLOITER: _ZNK9AP_Arming13check_enabledENS_5CheckE @ 0x5e0990
QLOITER: _ZN11RC_Channels13get_singletonEv @ 0xa9a5e0
QLOITER: _ZN2AP11opendroneidEv @ 0x5e0a40
QLOITER: _ZN14AP_OpenDroneID13pre_arm_checkEPch @ 0x5e0a80
QLOITER: _ZNK14AP_OpenDroneID14option_enabledENS_7OptionsE @ 0xa9a620
QLOITER: _ZNK9AP_ParamTIaL11ap_var_type1EEcvRKaEv @ 0xa9a6b0
QLOITER: _ZN6AP_HAL6millisEv @ 0x5e0d40
QLOITER: _ZN13WithSemaphoreD2Ev @ 0x5e0d80
QLOITER: _ZN6AP_HAL8millis64Ev @ 0x5e0de0
QLOITER: _ZN6AP_HAL8micros64Ev @ 0x5e0e20
QLOITER: _ZL14uint64_div1000m @ 0x5e0ec0
QLOITER: _ZN7HALSITL9Scheduler4fromEPN6AP_HAL9SchedulerE @ 0xa9a700
QLOITER: _ZNK7HALSITL9Scheduler18stopped_clock_usecEv @ 0xa9a750
QLOITER: _ZNK13AP_ParamTBaseIsL11ap_var_type2EE3getEv @ 0xa9a7a0
QLOITER: _ZN13WithSemaphoreC2ERN6AP_HAL9SemaphoreEj @ 0x5e1010
QLOITER: _ZN14AP_OpenDroneID13get_singletonEv @ 0xa9a7f0
QLOITER: _ZNK11RC_Channels17enabled_protocolsEv @ 0x5e10f0
QLOITER: _ZNK7AP_EnumIN10Parameters11ThrFailsafeEEcvKS1_Ev @ 0xa9a830
QLOITER: _ZNK11RC_Channels19has_had_rc_receiverEv @ 0xa9a880
QLOITER: _ZNK13AP_ParamTBaseIiL11ap_var_type3EE3getEv @ 0xa9a940
QLOITER: _ZN2AP9proximityEv @ 0x5e1170
QLOITER: _ZN12AP_Proximity13get_singletonEv @ 0xa9a990
QLOITER: _ZN8AP_Param15get_eeprom_fullEv @ 0xa9a9d0
QLOITER: _ZN2AP9schedulerEv @ 0x5e1490
QLOITER: _ZN12AP_Scheduler25get_filtered_loop_rate_hzEv @ 0xa9aa10
QLOITER: _ZN12AP_Scheduler16get_loop_rate_hzEv @ 0xa9aa60
QLOITER: _ZN10AP_Terrain13get_singletonEv @ 0xa9aaf0
QLOITER: _ZNK10AP_Terrain11init_failedEv @ 0xa9ab30
QLOITER: _ZN12AP_Scripting13get_singletonEv @ 0xa9ab90
QLOITER: _ZNK12AP_Scripting13arming_checksEmPc @ 0x5e14d0
QLOITER: _ZN2AP4ADSBEv @ 0x5e17c0
QLOITER: _ZNK7AP_ADSB7enabledEv @ 0xa9abd0
QLOITER: _ZN2AP13internalerrorEv @ 0x5e1800
QLOITER: _ZNK16AP_InternalError6errorsEv @ 0xa9acf0
QLOITER: _ZNK16AP_InternalError15last_error_lineEv @ 0xa9ad40
QLOITER: _ZN2AP3rpmEv @ 0x5e1990
QLOITER: _ZNK6AP_RPM13arming_checksEmPc @ 0x5e19d0
QLOITER: _ZN2AP5relayEv @ 0x5e1d00
QLOITER: _ZNK8AP_Relay13arming_checksEmPc @ 0x5e1d40
QLOITER: _ZN2AP9parachuteEv @ 0x5e2090
QLOITER: _ZNK12AP_Parachute13arming_checksEmPc @ 0x5e20d0
QLOITER: _ZN2AP6buttonEv @ 0x5e2270
QLOITER: _ZNK9AP_Button13arming_checksEmPc @ 0x5e22b0
QLOITER: _ZN9AP_Button13get_singletonEv @ 0xa9ad90
QLOITER: _ZNK7AP_EnumIN15AP_Relay_Params8FUNCTIONEEcvKS1_Ev @ 0xa9add0
QLOITER: _ZNK9AP_ParamTIsL11ap_var_type2EEcvRKsEv @ 0xa9ae20
QLOITER: _ZN12SRV_Channels25update_aux_servo_functionEv @ 0x5e2690
QLOITER: _ZNK7BitmaskILt190EE8validateEt @ 0xa9af40
QLOITER: _ZN7BitmaskILt190EE8clearallEv @ 0xa9afd0
QLOITER: _ZNK11SRV_Channel14valid_functionEv @ 0xa9b030
QLOITER: _ZN11SRV_Channel24aux_servo_function_setupEv @ 0x5e3190
QLOITER: _ZN7BitmaskILt190EE3setEt @ 0xa9b090
QLOITER: _ZNK9AP_Enum16IN11SRV_Channel8FunctionEEcvKS1_Ev @ 0xa9b150
QLOITER: _ZN11SRV_Channel14valid_functionENS_8FunctionE @ 0xa9b1a0
QLOITER: _ZN12AP_Parachute13get_singletonEv @ 0xa9b210
QLOITER: _ZNK8AP_Relay14function_validEN15AP_Relay_Params8FUNCTIONE @ 0x5e33b0
QLOITER: _ZNK8AP_Relay8DroneCAN9valid_pinEs @ 0x5e3420
QLOITER: _ZN8AP_Relay13get_singletonEv @ 0xa9b250
QLOITER: _ZN6AP_RPM13get_singletonEv @ 0xa9b290
QLOITER: _ZN7AP_ADSB13get_singletonEv @ 0xa9b2d0
QLOITER: _ZNK12AP_Scripting7enabledEv @ 0xa9b310
QLOITER: _ZNK12AP_Scripting13option_is_setENS_11DebugOptionE @ 0xa9b380
QLOITER: _ZNK2AP8PerfInfo25get_filtered_loop_rate_hzEv @ 0x5e3580
QLOITER: _ZNK2AP8PerfInfo17get_filtered_timeEv @ 0x5e3610
QLOITER: _ZN12AP_Scheduler13get_singletonEv @ 0x5e3660
QLOITER: _ZNK9AP_Arming25terrain_database_requiredEv @ 0x5e36a0
QLOITER: _ZN2AP7missionEv @ 0x5e3730
QLOITER: _ZN10AP_Mission26contains_terrain_alt_itemsEv @ 0x5e3770
QLOITER: _ZNK10AP_Mission12num_commandsEv @ 0xa9b480
QLOITER: _ZNK10AP_Mission14get_command_idEt @ 0x5e3910
QLOITER: _ZN10AP_Mission18stored_in_locationEt @ 0x5e3a10
QLOITER: _ZN10AP_Mission15Mission_CommandC2Ev @ 0xa9b4e0
QLOITER: _ZNK10AP_Mission21read_cmd_from_storageEtRNS_15Mission_CommandE @ 0x5e3ba0
QLOITER: _ZN10AP_Mission7ContentC2Ev @ 0xa9b540
QLOITER: _ZN2AP4ahrsEv @ 0x5e4060
QLOITER: _ZNK7AP_AHRS8get_homeEv @ 0xa9b590
QLOITER: _ZNK13StorageAccess9read_byteEt @ 0x5e40a0
QLOITER: _ZNK13StorageAccess11read_uint16Et @ 0x5e4110
QLOITER: _ZNK13StorageAccess10read_blockEPvtm @ 0x5e4190
QLOITER: _ZN7AP_AHRS13get_singletonEv @ 0xa9b5e0
QLOITER: _ZN8LocationC2Ev @ 0xa9b620
QLOITER: _ZN8Location4zeroEv @ 0x5e46c0
QLOITER: _ZN10AP_Mission13get_singletonEv @ 0xa9b670
QLOITER: _ZN9AP_Arming14mission_checksEb @ 0x5e4720
QLOITER: _ZNK7AP_EnumI11RtlAutolandEcvKS0_Ev @ 0xa9b6b0
QLOITER: _ZNK10AP_Mission13contains_itemE7MAV_CMD @ 0x5e4b30
QLOITER: _ZNK9QuadPlane9availableEv @ 0xa9b700
QLOITER: _ZNK5Plane15is_land_commandEt @ 0x5e4c30
QLOITER: _ZNK8Location12get_distanceERKS_ @ 0x5e4cc0
QLOITER: _Z11is_positiveIfEbT_ @ 0xa9b7c0
QLOITER: _ZNK9AP_ParamTIfL11ap_var_type4EEcvRKfILb1EEEv @ 0xa9b820
QLOITER: _ZN8Location14diff_longitudeEii @ 0x5e4e70
QLOITER: _ZN8Location15longitude_scaleEi @ 0x5e4f50
QLOITER: _Z4normIddJEEdT_T0_DpKT1_ @ 0xa9b870
QLOITER: _Z2sqIdJdEEdT_DpKT0_ @ 0xa9b8e0
QLOITER: _Z2sqIdEdT_ @ 0xa9b960
QLOITER: _ZL3MAXIdfEDTqugtfp_fp0_fp_fp0_ERKT_RKT0_ @ 0x5e4ff0
QLOITER: _ZN2AP5rallyEv @ 0x5e5090
QLOITER: _ZNK7AP_AHRS12get_locationER8Location @ 0x5e50d0
QLOITER: _ZNK10AP_Mission21failed_sdcard_storageEv @ 0xa9b9c0
QLOITER: _ZN14StorageManager14storage_failedEv @ 0xa9ba20
QLOITER: _ZN2AP7vehicleEv @ 0x5e5340
QLOITER: _ZNK10AP_Mission7presentEv @ 0xa9ba60
QLOITER: _ZN10AP_Vehicle13get_singletonEv @ 0x5e5380
QLOITER: _ZN8LocationC2EiiiNS_8AltFrameE @ 0x5e55a0
QLOITER: _ZN8Location10set_alt_cmEiNS_8AltFrameE @ 0x5e5640
QLOITER: _ZN8AP_Rally13get_singletonEv @ 0xa9bad0
QLOITER: _ZN11RC_Channels23get_valid_channel_countEv @ 0x5e5730
QLOITER: _ZNK10RC_Channel12has_overrideEv @ 0x5e57a0
QLOITER: _ZNK10RC_Channel14get_radio_trimEv @ 0xa9bb10
QLOITER: _ZNK10RC_Channel13get_radio_minEv @ 0xa9bb70
QLOITER: _ZNK10RC_Channel13get_radio_maxEv @ 0xa9bbd0
QLOITER: _ZNK13AP_ParamTBaseIfL11ap_var_type4EE3getEv @ 0xa9bd10
QLOITER: _Z7is_zerof @ 0xa9bd60
QLOITER: _ZL3MINIihEDTqultfp_fp0_fp_fp0_ERKT_RKT0_.7422 @ 0x5e5860
QLOITER: _ZN14AP_BoardConfig25get_minimum_board_voltageEv @ 0xa9bdd0
QLOITER: _ZN14AP_BoardConfig25get_minimum_servo_voltageEv @ 0xa9be50
QLOITER: _ZN2AP3gpsEv @ 0x5e58f0
QLOITER: _ZN6AP_GPS14pre_arm_checksEPct @ 0x5e5930
QLOITER: _ZNK6AP_GPS11num_sensorsEv @ 0x5e5ad0
QLOITER: _ZNK6AP_GPS8get_typeEh @ 0xa9bed0
QLOITER: _ZNK6AP_GPS14primary_sensorEv @ 0xa9bf60
QLOITER: _ZNK6AP_GPS6statusEh @ 0xa9bfb0
QLOITER: _ZNK6AP_GPS10is_healthyEh @ 0x5e5b50
QLOITER: _ZNK7AP_AHRS11home_is_setEv @ 0xa9c070
QLOITER: _ZNK6AP_GPS14all_consistentERf @ 0x5e5d00
QLOITER: _ZNK6AP_GPS8locationEv @ 0xa9c0d0
QLOITER: _ZNK6AP_GPS22first_unconfigured_gpsERh @ 0x5e5e10
QLOITER: _ZN3GCS9send_textE12MAV_SEVERITYPKcz @ 0x5e5fe0
QLOITER: _ZNK7AP_EnumIN6AP_GPS8GPS_TypeEEcvKS1_Ev @ 0xa9c130
QLOITER: _ZNK6AP_GPS8locationEh @ 0xa9c180
QLOITER: _ZNK7Vector3IfE6lengthEv @ 0xa9c1f0
QLOITER: _Z4normIffJfEEdT_T0_DpKT1_ @ 0xa9c250
QLOITER: _Z2sqIfJffEEdT_DpKT0_ @ 0xa9c2d0
QLOITER: _ZL2sqf.2617 @ 0x5e62c0
QLOITER: _Z2sqIfJfEEdT_DpKT0_ @ 0xa9c370
QLOITER: _ZL2sqf.1898 @ 0x5e6310
QLOITER: _ZN7Vector3IfEC2Efff @ 0xa9c3f0
QLOITER: _ZNK6AP_GPS12is_rtk_roverEh @ 0x5e6360
QLOITER: _ZN15AP_GPS_DroneCAN29inter_instance_pre_arm_checksEPct @ 0x5e6400
QLOITER: _ZN15AP_GPS_DroneCAN20is_dronecan_gps_typeEN6AP_GPS8GPS_TypeE @ 0xa9c480
QLOITER: _ZN6AP_GPS13get_singletonEv @ 0xa9c500
QLOITER: _ZN9AP_Arming10ins_checksEb @ 0x5e66c0
QLOITER: _ZNK7AP_AHRS13pre_arm_checkEbPch @ 0x5e6ab0
QLOITER: _ZNK7AP_AHRS7healthyEv @ 0x5e6e40
QLOITER: _ZN2AP12externalAHRSEv @ 0x5e7020
QLOITER: _ZNK15AP_ExternalAHRS7enabledEv @ 0x5e7060
QLOITER: _ZNK7AP_AHRS8ekf_typeEv @ 0x5e70c0
QLOITER: _ZNK7AP_AHRS20attitudes_consistentEPch @ 0x5e73a0
QLOITER: _ZNK7AP_AHRS15active_EKF_typeEv @ 0xa9c540
QLOITER: _ZN2AP7compassEv @ 0x5e7a00
QLOITER: _ZNK7Compass11use_for_yawEv @ 0x5e7a40
QLOITER: _ZNK7NavEKF313pre_arm_checkEbPch @ 0x5e7db0
QLOITER: _ZNK16AP_NavEKF_Source13pre_arm_checkEbPch @ 0x5e8080
QLOITER: _ZNK16AP_NavEKF_Source12getYawSourceEh @ 0x5e88b0
QLOITER: _ZNK12NavEKF3_core7healthyEv @ 0x5e8b70
QLOITER: _ZNK12NavEKF3_core13pre_arm_checkEbPch @ 0x5e8da0
QLOITER: _ZNK16AP_NavEKF_Source14useVelXYSourceENS_8SourceXYEh @ 0x5e8f30
QLOITER: _ZNK16AP_NavEKF_Source18getActiveSourceSetEh @ 0xa9c590
QLOITER: _ZNK7AP_EnumIN16AP_NavEKF_Source8SourceXYEEcvKS1_Ev @ 0xa9c640
QLOITER: _ZNK16AP_NavEKF_Source13option_is_setENS_13SourceOptionsE @ 0xa9c690
QLOITER: _ZNK12NavEKF3_core15getFilterFaultsERt @ 0x5e9060
QLOITER: _ZNK11QuaternionTIdE6is_nanEv @ 0xa9c710
QLOITER: _ZNK7Vector3IdE6is_nanEv @ 0xa9c810
QLOITER: _ZNK7AP_EnumIN16AP_NavEKF_Source9SourceYawEEcvKS1_Ev @ 0xa9c8e0
QLOITER: _ZN2AP3dalEv @ 0x5e9180
QLOITER: _ZN6AP_DAL7compassEv @ 0xa9c930
QLOITER: _ZNK14AP_DAL_Compass15get_num_enabledEv @ 0xa9c980
QLOITER: _ZN6AP_DAL13get_singletonEv @ 0xa9c9d0
QLOITER: _ZnwmRKSt9nothrow_t @ 0x5e91c0
QLOITER: _ZN7Matrix3IfEC2Ev @ 0xa9ce10
QLOITER: _ZN7Vector3IfEC2Ev @ 0xa9cf00
QLOITER: _ZN11QuaternionTIfEC2Ev @ 0xa9d080
QLOITER: _ZN7Vector2IfEC2Ev @ 0xa9d0f0
QLOITER: _ZN6AP_DAL4baroEv @ 0xa9d150
QLOITER: _ZNK11AP_DAL_Baro13num_instancesEv @ 0xa9d1a0
QLOITER: _ZN6AP_DAL6beaconEv @ 0xa9d1f0
QLOITER: _ZN6AP_DAL3gpsEv @ 0xa9d2b0
QLOITER: _ZNK10AP_DAL_GPS11num_sensorsEv @ 0xa9d300
QLOITER: _ZN6AP_DAL11rangefinderEv @ 0xa9d3c0
QLOITER: _ZN6AP_DAL10visualodomEv @ 0xa9d410
QLOITER: _ZNK12NavEKF2_core7healthyEv @ 0x5e9760
QLOITER: _ZNK12NavEKF2_core15getFilterFaultsERt @ 0x5e9990
QLOITER: _ZNK7Compass7healthyEh @ 0x5e9af0
QLOITER: _ZNK7Compass11use_for_yawEh @ 0x5e9b90
QLOITER: _ZNK7Compass9availableEv @ 0xa9d530
QLOITER: _ZN14typesafe_indexIh12TAG_PriorityEC2Eh @ 0xa9d5b0
QLOITER: _ZNK19RestrictIDTypeArrayI9AP_ParamTIaL11ap_var_type1EELj3E14typesafe_indexIh12TAG_PriorityEEixERKS5_ @ 0xa9d610
QLOITER: _ZNK7AP_EnumIN7Compass9LearnTypeEEcvKS1_Ev @ 0xa9d690
QLOITER: _ZNK14typesafe_indexIh12TAG_PriorityE7get_intEv @ 0xa9d6e0
QLOITER: _ZNK7Compass10_get_stateE14typesafe_indexIh12TAG_PriorityE @ 0xa9d730
QLOITER: _ZNK7Compass13_get_state_idE14typesafe_indexIh12TAG_PriorityE @ 0x5e9c70
QLOITER: _ZNK19RestrictIDTypeArrayIN7Compass9mag_stateELj4E14typesafe_indexIh14TAG_StateIndexEEixERKS4_ @ 0xa9d7b0
QLOITER: _ZNK14typesafe_indexIh14TAG_StateIndexE7get_intEv @ 0xa9d830
QLOITER: _ZNK19RestrictIDTypeArrayIiLj3E14typesafe_indexIh12TAG_PriorityEEixERKS2_ @ 0xa9d880
QLOITER: _ZN14typesafe_indexIh14TAG_StateIndexEC2Eh @ 0xa9d900
QLOITER: _ZNK14typesafe_indexIh14TAG_StateIndexEltERKh @ 0xa9d960
QLOITER: _ZN14typesafe_indexIh14TAG_StateIndexEppEi @ 0xa9d9d0
QLOITER: _ZN7Compass13get_singletonEv @ 0xa9da40
QLOITER: _ZNK7AP_AHRS20get_quat_body_to_nedER11QuaternionTIfE @ 0x5e9d90
QLOITER: _ZNK7NavEKF211activeCoresEv @ 0xa9da80
QLOITER: _ZNK11QuaternionTIfE21roll_pitch_differenceERKS0_ @ 0xa9dad0
QLOITER: _ZL7radiansi.2480 @ 0x5e9ee0
QLOITER: _ZNK11QuaternionTIfE18angular_differenceERKS0_ @ 0xa9dce0
QLOITER: _ZNK11QuaternionTIfE13to_axis_angleER7Vector3IfE @ 0xa9dd70
QLOITER: _ZNK7NavEKF311activeCoresEv @ 0xa9dec0
QLOITER: _ZNK7NavEKF322getQuaternionBodyToNEDEaR11QuaternionTIfE @ 0x5ea050
QLOITER: _ZNK7AP_AHRS14always_use_EKFEv @ 0xa9df10
QLOITER: _ZNK7AP_AHRS28get_DCM_rotation_body_to_nedEv @ 0xa9df70
QLOITER: _ZN11QuaternionTIfE20from_rotation_matrixERK7Matrix3IfE @ 0xa9dfd0
QLOITER: _ZNK7NavEKF324using_noncompass_for_yawEv @ 0x5ea130
QLOITER: _ZNK12NavEKF3_core24using_noncompass_for_yawEv @ 0x5ea1c0
QLOITER: _ZNK12NavEKF3_core11use_compassEv @ 0x5ea300
QLOITER: _ZNK14AP_DAL_Compass11use_for_yawEh @ 0xa9e4e0
QLOITER: _ZNK12NavEKF3_core20getRotationBodyToNEDER7Matrix3IfE @ 0x5ea3d0
QLOITER: _ZNK11QuaternionTIdE15rotation_matrixER7Matrix3IfE @ 0xa9e550
QLOITER: _ZNK6AP_DAL43get_rotation_vehicle_body_to_autopilot_bodyEv @ 0xa9e760
QLOITER: _ZNK7Matrix3IfEmlERKS0_ @ 0xa9e7b0
QLOITER: _ZN7Matrix3IfEC2ERK7Vector3IfES4_S4_ @ 0xa9ea20
QLOITER: _ZL2sqf.4371 @ 0x5ea490
QLOITER: _ZN7Vector3IfEdVEf @ 0xa9ead0
QLOITER: _Z7wrap_PId @ 0x5ea4e0
QLOITER: _ZN7Vector3IfEmLEf @ 0xa9eb60
QLOITER: _Z8wrap_2PId @ 0x5ea570
QLOITER: _ZNK11QuaternionTIfE7inverseEv @ 0xa9ebf0
QLOITER: _ZNK11QuaternionTIfEmlERKS0_ @ 0xa9ec70
QLOITER: _ZN11QuaternionTIfEC2Effff @ 0xa9eea0
QLOITER: _ZNK11QuaternionTIfE15rotation_matrixER7Matrix3IfE @ 0xa9ef50
QLOITER: _ZNK7Matrix3IfE13mul_transposeERK7Vector3IfE @ 0xa9f140
QLOITER: _ZNK7Vector3IfEmiERKS0_ @ 0xa9f250
QLOITER: _Z20constrain_value_lineIfET_S0_S0_S0_j @ 0xa9f300
QLOITER: _ZNK7AP_AHRS24get_rotation_body_to_nedEv @ 0xa9f420
QLOITER: _ZNK7AP_EnumIN15AP_ExternalAHRS7DevTypeEEcvKS1_Ev @ 0xa9f510
QLOITER: _ZN15AP_ExternalAHRS13get_singletonEv @ 0xa9f560
QLOITER: _ZNK7NavEKF37healthyEv @ 0x5ea830
QLOITER: _ZN2AP3insEv @ 0x5ea9a0
QLOITER: _ZNK17AP_InertialSensor19get_gyro_health_allEv @ 0x5ea9e0
QLOITER: _ZNK17AP_InertialSensor22gyro_calibrated_ok_allEv @ 0x5eaaa0
QLOITER: _ZNK17AP_InertialSensor20get_accel_health_allEv @ 0x5eabb0
QLOITER: _ZNK17AP_InertialSensor23accel_calibrated_ok_allEv @ 0x5eac70
QLOITER: _ZNK17AP_InertialSensor25accel_cal_requires_rebootEv @ 0xa9f5f0
QLOITER: _ZN9AP_Arming21ins_accels_consistentERK17AP_InertialSensor @ 0x5eaf40
QLOITER: _ZN9AP_Arming20ins_gyros_consistentERK17AP_InertialSensor @ 0x5eb040
QLOITER: _ZNK17AP_InertialSensor23temperature_cal_runningEv @ 0x5eb130
QLOITER: _ZNK17AP_InertialSensor12BatchSampler7enabledEv @ 0xa9f650
QLOITER: _ZNK17AP_InertialSensor34pre_arm_check_gyro_backend_rate_hzEPct @ 0x5eb1d0
QLOITER: _ZN2AP3fftEv @ 0x5eb380
QLOITER: _ZN10AP_GyroFFT13pre_arm_checkEPch @ 0x5eb3c0
QLOITER: _ZNK10AP_GyroFFT16analysis_enabledEv @ 0xa9f720
QLOITER: _ZN11ExpectDelayD2Ev @ 0x5ebb10
QLOITER: _ZdlPv @ 0x5ec090
QLOITER: _ZN7Vector3IfEixEh @ 0xa9fab0
QLOITER: _ZN10DigitalLPFIfE6_applyERKfS2_ @ 0xa9fe10
QLOITER: _Z15constrain_int16sss @ 0xaa0410
QLOITER: _Z15constrain_valueIsET_S0_S0_S0_ @ 0xaa04a0
QLOITER: _ZNK10ByteBuffer5spaceEv @ 0x5ed8b0
QLOITER: _ZN10ByteBuffer5writeEPKhj @ 0x5edb10
QLOITER: _ZN10ByteBuffer7reserveEPNS_5IoVecEj @ 0x5edc30
QLOITER: _ZN10ByteBuffer6commitEj @ 0x5ede60
QLOITER: _ZN10ByteBuffer5clearEv @ 0x5ee020
QLOITER: _ZNK10ByteBuffer8get_sizeEv @ 0xaa0550
QLOITER: _ZN11ExpectDelayC2Ej @ 0x5ee2d0
QLOITER: _ZN10AP_GyroFFT13get_singletonEv @ 0xaa05a0
QLOITER: _ZNK17AP_InertialSensor14get_gyro_countEv @ 0xaa05e0
QLOITER: _ZNK17AP_InertialSensor4_useEh @ 0xaa0650
QLOITER: _ZNK17AP_InertialSensor8_gyro_idEh @ 0xaa06b0
QLOITER: _ZN17AP_InertialSensor8_gyro_idEh @ 0xaa0710
QLOITER: _ZN17AP_InertialSensor4_useEh @ 0xaa0780
QLOITER: _ZL3MINIihEDTqultfp_fp0_fp_fp0_ERKT_RKT0_.4077 @ 0x5ee390
QLOITER: _ZNK17AP_InertialSensor4tcalEh @ 0xaa07f0
QLOITER: _ZNK7AP_EnumIN22AP_InertialSensor_TCal6EnableEEcvKS1_Ev @ 0xaa0850
QLOITER: _ZN17AP_InertialSensor4tcalEh @ 0xaa08a0
QLOITER: _ZNK17AP_InertialSensor16gyros_consistentEh @ 0x5ee420
QLOITER: _ZNK17AP_InertialSensor8get_gyroEv @ 0xaa0910
QLOITER: _ZNK17AP_InertialSensor8use_gyroEh @ 0x5ee550
QLOITER: _ZNK17AP_InertialSensor8get_gyroEh @ 0xaa0970
QLOITER: _ZL7radiansi.4147 @ 0x5ee610
QLOITER: _ZNK17AP_InertialSensor15get_gyro_healthEh @ 0xaa09e0
QLOITER: _ZNK17AP_InertialSensor17accels_consistentEf @ 0x5ee670
QLOITER: _ZNK17AP_InertialSensor15get_accel_countEv @ 0xaa0a80
QLOITER: _ZL3MINIihEDTqultfp_fp0_fp_fp0_ERKT_RKT0_ @ 0x5ee7d0
QLOITER: _ZNK17AP_InertialSensor9get_accelEv @ 0xaa0af0
QLOITER: _ZNK17AP_InertialSensor9use_accelEh @ 0x5ee860
QLOITER: _ZNK17AP_InertialSensor9get_accelEh @ 0xaa0b50
QLOITER: _ZNK17AP_InertialSensor16get_accel_healthEh @ 0xaa0bc0
QLOITER: _ZNK17AP_InertialSensor13_accel_offsetEh @ 0xaa0c60
QLOITER: _ZNK9AP_ParamVI7Vector3IfEL11ap_var_type5EE3getEv @ 0xaa0cc0
QLOITER: _ZNK7Vector3IfE7is_zeroEv @ 0xaa0d10
QLOITER: _ZNK17AP_InertialSensor12_accel_scaleEh @ 0xaa0dc0
QLOITER: _ZNK17AP_InertialSensor9_accel_idEh @ 0xaa0e20
QLOITER: _Z8is_equalIffENSt3__19enable_ifIXsr3std17is_floating_pointINS0_11common_typeIJT_T0_EE4typeEEE5valueEbE4typeES3_S4_ @ 0xaa0e80
QLOITER: _ZN17AP_InertialSensor9_accel_idEh @ 0xaa0f00
QLOITER: _ZN17AP_InertialSensor12_accel_scaleEh @ 0xaa0f70
QLOITER: _ZN17AP_InertialSensor13_accel_offsetEh @ 0xaa0fe0
QLOITER: _ZNK17AP_InertialSensor18gyro_calibrated_okEh @ 0xaa1050
QLOITER: _ZN17AP_InertialSensor13get_singletonEv @ 0x5ee920
QLOITER: _ZN8AP_Param17get_default_valueEPKS_RKNS_9GroupInfoE @ 0x5ef840
QLOITER: _ZN13AP_ParamTBaseIiL11ap_var_type3EE3setERKi @ 0xaa1700
QLOITER: _ZN13AP_ParamTBaseIfL11ap_var_type4EE3setERKf @ 0xaa1760
QLOITER: _ZNK8AP_Param13find_var_infoEPjRPKNS_9GroupInfoERNS_12GroupNestingEPh @ 0x5f0390
QLOITER: _ZNK8AP_Param14copy_name_infoEPKNS_4InfoEPKNS_9GroupInfoERKNS_12GroupNestingEhPcmb @ 0x5f0610
QLOITER: _ZNK8AP_Param14send_parameterEPKc11ap_var_typeh @ 0x5f0870
QLOITER: _ZNK8AP_Param13cast_to_floatE11ap_var_type @ 0x5f0a10
QLOITER: _ZN3GCS20send_parameter_valueEPKc11ap_var_typef @ 0x5f0b00
QLOITER: _ZL3MINImmEDTqultfp_fp0_fp_fp0_ERKT_RKT0_.7110 @ 0x5f0c40
QLOITER: _ZN11GCS_MAVLINK14mav_param_typeE11ap_var_type @ 0x5f0cc0
QLOITER: _ZN8AP_Param16count_parametersEv @ 0x5f0d50
QLOITER: _ZN3GCS23send_to_active_channelsEjPKc @ 0x5f0f00
QLOITER: _ZN9AP_Logger13get_singletonEv @ 0xaa1f60
QLOITER: _ZN9AP_Logger15Write_ParameterEPKcf @ 0x5f1020
QLOITER: _ZNK9AP_Logger10quiet_nanfEv @ 0xaa1fa0
QLOITER: _ZN17AP_Logger_Backend15Write_ParameterEPKcff @ 0x5f1110
QLOITER: _Z14strncpy_notermPcPKcm @ 0x5f1230
QLOITER: _ZN17AP_Logger_Backend18WriteCriticalBlockEPKvt @ 0xaa1ff0
QLOITER: _ZN17AP_Logger_Backend21WritePrioritisedBlockEPKvtbb @ 0x5f12e0
QLOITER: _ZN17AP_Logger_Backend30validate_WritePrioritisedBlockEPKvt @ 0x5f14b0
QLOITER: _ZN17AP_Logger_Backend9ShouldLogEb @ 0x5f16a0
QLOITER: _ZN17AP_Logger_Backend21ensure_format_emittedEPKvt @ 0x5f1b40
QLOITER: _ZNK17AP_Logger_Backend23message_type_from_blockEPKvtR11LogMessages @ 0x5f1c60
QLOITER: _ZNK17AP_Logger_Backend28have_emitted_format_for_typeE11LogMessages @ 0xaa2070
QLOITER: _ZN17AP_Logger_Backend14Write_Emit_FMTEh @ 0x5f1d50
QLOITER: _ZNK9AP_Logger17fill_logstructureER12LogStructureh @ 0x5f1ee0
QLOITER: _ZN17AP_Logger_Backend12Write_FormatEPK12LogStructure @ 0x5f2210
QLOITER: _ZN17AP_Logger_Backend18Write_Format_UnitsEPK12LogStructure @ 0x5f22e0
QLOITER: _ZN17AP_Logger_Backend17Fill_Format_UnitsEPK12LogStructureR16log_Format_Units @ 0x5f2370
QLOITER: _ZN17AP_Logger_Backend11Fill_FormatEPK12LogStructureR10log_Format @ 0x5f2470
QLOITER: _ZN7BitmaskILt256EE3setEt @ 0xaa20e0
QLOITER: _ZNK7BitmaskILt256EE8validateEt @ 0xaa21a0
QLOITER: _ZNK9AP_Logger22structure_for_msg_typeEh @ 0x5f25a0
QLOITER: _ZL3MINIhmEDTqultfp_fp0_fp_fp0_ERKT_RKT0_.6833 @ 0x5f2660
QLOITER: _ZNK9AP_Logger9structureEt @ 0x5f26f0
QLOITER: _ZNK7BitmaskILt256EE3getEt @ 0xaa2230
QLOITER: _ZNK6AP_HAL4Util14get_soft_armedEv @ 0xaa2300
QLOITER: _ZN2AP6loggerEv @ 0x5f2760
QLOITER: _ZNK9AP_Logger18in_log_persistanceEv @ 0x5f27a0
QLOITER: _Z7is_zeroI9AP_ParamTIfL11ap_var_type4EEEbT_ @ 0xaa2360
QLOITER: _ZNK12AP_Scheduler5ticksEv @ 0xaa23c0
QLOITER: _ZN6AP_HAL8millis16Ev @ 0x5f29b0
QLOITER: _ZNK6AP_HAL4Util21get_last_armed_changeEv @ 0xaa24d0
QLOITER: _ZNK9AP_Logger13WritesEnabledEv @ 0xaa2520
QLOITER: _ZNK19LoggerMessageWriter8finishedEv @ 0xaa2580
QLOITER: _ZNK9AP_Logger15in_log_downloadEv @ 0x5f29f0
QLOITER: _ZNK9AP_Logger16vehicle_is_armedEv @ 0xaa25e0
QLOITER: _ZNK9AP_Logger18log_while_disarmedEv @ 0x5f2a90
QLOITER: _ZNK7AP_EnumIN9AP_Logger11LogDisarmedEEcvKS1_Ev @ 0xaa2640
QLOITER: _ZNK9AP_Logger26log_write_fmt_for_msg_typeEh @ 0x5f2b90
QLOITER: mavlink_get_msg_entry @ 0x5f2c40
QLOITER: _ZNK3GCS7num_gcsEv @ 0xaa2690
QLOITER: _ZNK11GCS_MAVLINK10is_privateEv @ 0xaa26e0
QLOITER: _ZNK11GCS_MAVLINK9is_activeEv @ 0xaa2740
QLOITER: _ZN11GCS_MAVLINK12send_messageEPKcPK19__mavlink_msg_entry @ 0xaa27c0
QLOITER: _ZN11GCS_MAVLINK18check_payload_sizeEt @ 0x5f2d60
QLOITER: _mav_finalize_message_chan_send @ 0x5f2e10
QLOITER: _Z26mavlink_get_channel_statush @ 0x5f3160
QLOITER: _Z17_mav_trim_payloadPKch @ 0x5f3240
QLOITER: _ZL13crc_calculatePKht @ 0x5f32e0
QLOITER: _ZL21crc_accumulate_bufferPtPKct @ 0x5f3380
QLOITER: _ZL14crc_accumulatehPt @ 0x5f3420
QLOITER: _Z14comm_send_lock17mavlink_channel_tt @ 0x5f36b0
QLOITER: _mavlink_send_uart @ 0x5f3770
QLOITER: _Z16comm_send_unlock17mavlink_channel_t @ 0x5f37f0
QLOITER: _Z16comm_send_buffer17mavlink_channel_tPKhh @ 0x5f3870
QLOITER: _ZL13valid_channel17mavlink_channel_t @ 0x5f39e0
QLOITER: _Z24gcs_out_of_space_to_send17mavlink_channel_t @ 0x5f3a90
QLOITER: _ZN11GCS_MAVLINK20out_of_space_to_sendEv @ 0xaa2900
QLOITER: _ZL8crc_initPt @ 0x5f43c0
QLOITER: _ZN11GCS_MAVLINK14channel_statusEv @ 0xaa2960
QLOITER: _ZNK11GCS_MAVLINK7txspaceEv @ 0xaa29b0
QLOITER: _ZNK11GCS_MAVLINK15packet_overheadEv @ 0xaa2a50
QLOITER: _ZN11GCS_MAVLINK20packet_overhead_chanE17mavlink_channel_t @ 0x5f4410
QLOITER: _ZL3MINIjjEDTqultfp_fp0_fp_fp0_ERKT_RKT0_.7101 @ 0x5f44f0
QLOITER: _ZN11GCS_MAVLINK10is_privateE17mavlink_channel_t @ 0xaa2ab0
QLOITER: _ZN8AP_Param5firstEPNS_10ParamTokenEP11ap_var_typePf @ 0x5f4570
QLOITER: _ZN8AP_Param11next_scalarEPNS_10ParamTokenEP11ap_var_typePf @ 0x5f46b0
QLOITER: _ZN8AP_Param4nextEPNS_10ParamTokenEP11ap_var_typebPf @ 0x5f47a0
QLOITER: _ZN8AP_Param13check_defaultEPS_Pf @ 0x5f4ae0
QLOITER: _ZN8AP_Param8var_infoEt @ 0xaa2b20
QLOITER: _ZN8AP_Param17get_default_valueEPKS_RKNS_4InfoE @ 0x5f4bc0
QLOITER: _ZN8AP_Param16check_frame_typeEt @ 0x5f4cd0
QLOITER: _ZN8AP_Param14get_group_infoERKNS_4InfoE @ 0x5f4d70
QLOITER: _ZN8AP_Param10next_groupEtPKNS_9GroupInfoEPbjhlPNS_10ParamTokenEP11ap_var_typebPf @ 0x5f4df0
QLOITER: _ZN8AP_Param14get_group_infoERKNS_9GroupInfoE @ 0x5f5390
QLOITER: _ZN8AP_Param19adjust_group_offsetEtRKNS_9GroupInfoERl @ 0x5f5410
QLOITER: _ZN8AP_Param8group_idEPKNS_9GroupInfoEjhh @ 0x5f5530
QLOITER: _ZN8AP_Param8get_baseERKNS_4InfoERl @ 0x5f5630
QLOITER: _ZNK13AP_ParamTBaseIaL11ap_var_type1EE13cast_to_floatEv @ 0xaa2bc0
QLOITER: _ZNK13AP_ParamTBaseIsL11ap_var_type2EE13cast_to_floatEv @ 0xaa2c10
QLOITER: _ZNK13AP_ParamTBaseIiL11ap_var_type3EE13cast_to_floatEv @ 0xaa2c60
QLOITER: _ZNK13AP_ParamTBaseIfL11ap_var_type4EE13cast_to_floatEv @ 0xaa2cb0
QLOITER: _ZNK8AP_Param19add_vector3f_suffixEPcmh @ 0x5f56e0
QLOITER: _ZNK8AP_Param19find_var_info_groupEPKNS_9GroupInfoEtjhlPjRS2_RNS_12GroupNestingEPh @ 0x5f57c0
QLOITER: _ZN8AP_Param4saveEb @ 0x5f5cc0
QLOITER: _ZN17AP_InertialSensor13caltemp_accelEh @ 0xaa2de0
QLOITER: _ZNK17AP_InertialSensor15get_temperatureEh @ 0xaa2e50
QLOITER: _ZN7Vector3IfE4zeroEv @ 0xaa30b0
QLOITER: _ZNK7Vector3IfErmERKS0_ @ 0xaa3110
QLOITER: _ZNK7Vector3IfEmlERKS0_ @ 0xaa31f0
QLOITER: _Z9safe_sqrtIfEfT_ @ 0xaa3280
QLOITER: _ZN11QuaternionTIfE9normalizeEv @ 0xaa3330
QLOITER: _ZNK11QuaternionTIfE14get_euler_rollEv @ 0xaa3410
QLOITER: _ZNK11QuaternionTIfE15get_euler_pitchEv @ 0xaa34c0
QLOITER: _Z9safe_asinIfEfT_ @ 0xaa3530
QLOITER: _ZNK11QuaternionTIfE6lengthEv @ 0xaa3610
QLOITER: _ZN7Vector3IfE6rotateE8Rotation @ 0xaa3720
QLOITER: _ZNK7Matrix3IfEmlERK7Vector3IfE @ 0xaa4700
QLOITER: _ZN7Matrix3IfE10from_eulerEfff @ 0xaa48a0
QLOITER: _ZN7Matrix3IfEC2Efffffffff @ 0xaa4ad0
QLOITER: _ZNK7Vector3IfEplERKS0_ @ 0xaa4c00
QLOITER: _ZNK7Vector3IfEdvEf @ 0xaa4cb0
QLOITER: _ZNK7AP_AHRS13get_pitch_radEv @ 0xaa4da0
QLOITER: _Z4normIffJEEdT_T0_DpKT1_ @ 0xaa4e90
QLOITER: _ZN7Vector3IfEpLERKS0_ @ 0xaa4f00
QLOITER: _ZN15ObjectBuffer_TSIN8AP_Param10param_saveEE4peekERS1_ @ 0xaa4fa0
QLOITER: _ZN15ObjectBuffer_TSIN8AP_Param10param_saveEE4pushERKS1_ @ 0xaa5050
QLOITER: _ZN10ByteBuffer9peekbytesEPhj @ 0x5f6d50
QLOITER: _ZN10ByteBuffer9peekiovecEPNS_5IoVecEj @ 0x5f6e60
QLOITER: _ZNK10ByteBuffer9availableEv @ 0x5f6fb0
QLOITER: _ZN10ByteBuffer7readptrERj @ 0x5f7290
QLOITER: _ZNK7Vector3IfEngEv @ 0xaa5130
QLOITER: _ZN2AP4sitlEv @ 0x5f7690
QLOITER: _ZN2AP4baroEv @ 0x5f76d0
QLOITER: _ZNK7AP_Baro13arming_checksEmPc @ 0x5f7710
QLOITER: _ZNK7AP_Baro11all_healthyEv @ 0x5f78e0
QLOITER: _ZNK6AP_GPS6statusEv @ 0xaa5210
QLOITER: _ZNK7AP_Baro12get_pressureEv @ 0xaa5270
QLOITER: _ZNK7AP_Baro23get_altitude_differenceEff @ 0x5f7990
QLOITER: _ZNK7AP_Baro26get_altitude_from_pressureEf @ 0x5f7a30
QLOITER: _ZL33find_atmosphere_layer_by_pressuref @ 0x5f7c90
QLOITER: _ZNK7AP_Baro17get_altitude_AMSLEv @ 0xaa52d0
QLOITER: _ZN7AP_Baro29geopotential_alt_to_geometricEf @ 0x5f7d40
QLOITER: _ZNK7AP_Baro17get_altitude_AMSLEh @ 0xaa5330
QLOITER: _ZNK7AP_Baro12get_altitudeEh @ 0xaa53a0
QLOITER: _ZNK7AP_Baro12get_pressureEh @ 0xaa5410
QLOITER: _ZNK7AP_Baro7healthyEh @ 0x5f7da0
QLOITER: _ZN7AP_Baro13get_singletonEv @ 0xaa5480
QLOITER: _ZN4SITL3SIM13get_singletonEv @ 0xaa54c0
QLOITER: _ZNK6AP_HAL4Util18was_watchdog_armedEv @ 0xaa5500
QLOITER: _ZN9AP_Arming10arm_checksENS_6MethodE @ 0x5f7e90
QLOITER: _ZN9AP_Arming13rc_arm_checksENS_6MethodE @ 0x5f7ff0
QLOITER: _ZN6AP_GPS18prepare_for_armingEv @ 0x5f83b0
QLOITER: _ZNK9AP_Logger15logging_presentEv @ 0x5f8480
QLOITER: _ZN9AP_Logger13PrepForArmingEv @ 0x5f84e0
QLOITER: _ZNK9AP_Logger15logging_startedEv @ 0x5f8570
QLOITER: _ZNK11RC_Channels13last_input_msEv @ 0xaa5580
QLOITER: _ZN11RC_Channels23duplicate_options_existEv @ 0x5f8620
QLOITER: _ZNK11RC_Channels44flight_mode_channel_conflicts_with_rc_optionEv @ 0x5f8740
QLOITER: _ZNK11RC_Channels17option_is_enabledENS_6OptionE @ 0xaa55d0
QLOITER: _ZNK11RC_Channels16get_roll_channelEv @ 0x5f87d0
QLOITER: _ZNK11RC_Channels17get_pitch_channelEv @ 0x5f8840
QLOITER: _ZNK11RC_Channels15get_yaw_channelEv @ 0x5f88b0
QLOITER: _ZNK10RC_Channel14get_control_inEv @ 0xaa5650
QLOITER: _ZNK11RC_Channels20get_throttle_channelEv @ 0x5f8920
QLOITER: _ZN11RC_Channels23find_channel_for_optionEN10RC_Channel8AUX_FUNCE @ 0x5f8990
QLOITER: _ZN2AP5rcmapEv @ 0x5f8c10
QLOITER: _ZNK8RCMapper8throttleEv @ 0xaa5700
QLOITER: _ZNK11RC_Channels25get_rcmap_channel_nonnullEh @ 0x5f8c50
QLOITER: _ZN11RC_Channels10rc_channelEh @ 0xaa5760
QLOITER: _ZN8RCMapper13get_singletonEv @ 0xaa57c0
QLOITER: _ZNK8RCMapper3yawEv @ 0xaa5800
QLOITER: _ZNK8RCMapper5pitchEv @ 0xaa5860
QLOITER: _ZNK8RCMapper4rollEv @ 0xaa58c0
QLOITER: _ZNK11RC_Channels19flight_mode_channelEv @ 0x5f8ce0
QLOITER: _ZN7BitmaskILt317EEC2Ev @ 0xaa5910
QLOITER: _ZN7BitmaskILt317EE8clearallEv @ 0xaa5bd0
QLOITER: _ZN9AP_Arming14pre_arm_checksEb @ 0x5f8d80
QLOITER: _ZN9AP_Arming15airspeed_checksEb @ 0x5f9290
QLOITER: _ZNK9AP_ParamTIfL11ap_var_type4EEltERKS1_ @ 0xaa5c30
QLOITER: _ZNK10RC_Channel11get_reverseEv @ 0x5f93b0
QLOITER: _ZN15AP_Arming_Plane16quadplane_checksEb @ 0x5f9420
QLOITER: _ZNK5Plane21flight_option_enabledE13FlightOptions @ 0x5f9980
QLOITER: _ZNK10AP_Mission28get_in_landing_sequence_flagEv @ 0xaa5ca0
QLOITER: _ZNK4Mode14pre_arm_checksEmPc @ 0x5f9ab0
QLOITER: _ZNK9QuadPlane7enabledEv @ 0xaa5d80
QLOITER: _ZNK10Tailsitter7enabledEv @ 0xaa5df0
QLOITER: _Z11is_positiveI9AP_ParamTIfL11ap_var_type4EEEbT_ @ 0xaa6080
QLOITER: _ZN11AP_Airspeed13get_singletonEv @ 0xaa64d0
QLOITER: _ZNK11AP_Airspeed13arming_checksEmPc @ 0x5fad80
QLOITER: _ZNK11AP_Airspeed7enabledEh @ 0x5faf70
QLOITER: _ZNK11AP_Airspeed3useEh @ 0x5fb030
QLOITER: _ZNK11AP_Airspeed7healthyEh @ 0x5fb160
QLOITER: _ZNK7AP_EnumIN18AP_Airspeed_Params11SkipCalTypeEEcvKS1_Ev @ 0xaa6510
QLOITER: _ZNK11AP_Airspeed11lib_enabledEv @ 0x5fb2e0
QLOITER: _ZN12SRV_Channels17get_output_scaledEN11SRV_Channel8FunctionE @ 0x5fb330
QLOITER: _ZNK9AP_Arming15arming_requiredEv @ 0x5fb3b0
QLOITER: _ZN9AP_Arming21hardware_safety_checkEb @ 0x5fb480
QLOITER: _ZN9AP_Arming14compass_checksEb @ 0x5fb550
QLOITER: _ZN9AP_Arming14battery_checksEb @ 0x5fbc40
QLOITER: _ZN9AP_Arming14logging_checksEb @ 0x5fbd30
QLOITER: _ZN9AP_Arming25manual_transmitter_checksEb @ 0x5fbea0
QLOITER: _ZN9AP_Arming18rangefinder_checksEb @ 0x5fbfa0
QLOITER: _ZNK9AP_Arming12servo_checksEb @ 0x5fc090
QLOITER: _ZNK9AP_Arming14terrain_checksEb @ 0x5fc2e0
QLOITER: _ZN9AP_Arming10can_checksEb @ 0x5fc430
QLOITER: _ZNK9AP_Arming16generator_checksEb @ 0x5fc700
QLOITER: _ZN9AP_Arming13camera_checksEb @ 0x5fc800
QLOITER: _ZNK9AP_Arming10osd_checksEb @ 0x5fc8f0
QLOITER: _ZNK9AP_Arming12mount_checksEb @ 0x5fc9e0
QLOITER: _ZNK9AP_Arming13fettec_checksEb @ 0x5fcaf0
QLOITER: _ZNK9AP_Arming14visodom_checksEb @ 0x5fcbc0
QLOITER: _ZN9AP_Arming15aux_auth_checksEb @ 0x5fccb0
QLOITER: _ZNK9AP_Arming20disarm_switch_checksEb @ 0x5fcf10
QLOITER: _ZN9AP_Arming12fence_checksEb @ 0x5fcfd0
QLOITER: _ZN9AP_Arming12estop_checksEb @ 0x5fd0f0
QLOITER: _ZN12SRV_Channels18get_emergency_stopEv @ 0xaa6560
QLOITER: _ZNK10RC_Channel12get_radio_inEv @ 0xaa65a0
QLOITER: _ZN2AP5fenceEv @ 0x5fd3a0
QLOITER: _ZNK8AC_Fence13pre_arm_checkEPch @ 0x5fd3e0
QLOITER: _ZNK8AC_Fence7presentEv @ 0x5fd980
QLOITER: _ZNK8AC_Fence7enabledEv @ 0xaa66b0
QLOITER: _ZNK8AC_Fence12auto_enabledEv @ 0xaa6710
QLOITER: _ZN15ExpandingStringD2Ev @ 0x5fdfc0
QLOITER: _ZN15ExpandingString6printfEPKcz @ 0x5fe020
QLOITER: _ZN15ExpandingString6expandEj @ 0x5fe2b0
QLOITER: _Z11mem_reallocPvmm @ 0x5fe3b0
QLOITER: _ZN15ExpandingString10set_bufferEPcjj @ 0x5fe560
QLOITER: _ZNK19AC_PolyFence_loader17total_fence_countEv @ 0xaa6900
QLOITER: _ZNK7Vector2IfEmiERKS0_ @ 0xaa7030
QLOITER: _ZNK7Vector2IfEmlERKS0_ @ 0xaa72a0
QLOITER: _ZNK7Vector2IfEmlEf @ 0xaa7320
QLOITER: _ZN7Vector2IfEC2Eff @ 0xaa73a0
QLOITER: _ZNK8Location15get_distance_NEERKS_ @ 0x5ff000
QLOITER: _ZNK19AC_PolyFence_loader27get_exclusion_polygon_countEv @ 0xaa74d0
QLOITER: _ZNK19AC_PolyFence_loader27get_inclusion_polygon_countEv @ 0xaa7520
QLOITER: _ZNK19AC_PolyFence_loader26get_exclusion_circle_countEv @ 0xaa7570
QLOITER: _ZNK19AC_PolyFence_loader26get_inclusion_circle_countEv @ 0xaa75c0
QLOITER: _ZN8AC_Fence13get_singletonEv @ 0xaa7610
QLOITER: _ZN2AP10visualodomEv @ 0x5ff1c0
QLOITER: _ZNK13AP_VisualOdom13pre_arm_checkEPch @ 0x5ff200
QLOITER: _ZNK13AP_VisualOdom7enabledEv @ 0x5ff330
QLOITER: _ZNK7AP_EnumIN13AP_VisualOdom15VisualOdom_TypeEEcvKS1_Ev @ 0xaa7650
QLOITER: _ZN13AP_VisualOdom13get_singletonEv @ 0xaa76a0
QLOITER: _ZN16AP_FETtecOneWire13get_singletonEv @ 0xaa76e0
QLOITER: _ZNK16AP_FETtecOneWire13pre_arm_checkEPch @ 0x5ff4a0
QLOITER: _ZN6AP_HAL6microsEv @ 0x5ff7a0
QLOITER: _ZN2AP5mountEv @ 0x5ff7e0
QLOITER: _ZN8AP_Mount14pre_arm_checksEPch @ 0x5ff820
QLOITER: _ZNK8AP_Mount14get_mount_typeEh @ 0x5ff9b0
QLOITER: _ZN8AP_Mount13get_singletonEv @ 0xaa7720
QLOITER: _ZN2AP3osdEv @ 0x5ffa40
QLOITER: _ZNK6AP_OSD13pre_arm_checkEPch @ 0x5ffa80
QLOITER: _ZNK6AP_OSD18is_readonly_screenEv @ 0xaa7760
QLOITER: _ZN6AP_OSD13get_singletonEv @ 0xaa77c0
QLOITER: _ZN2AP6runcamEv @ 0x5ffbb0
QLOITER: _ZN9AP_RunCam13get_singletonEv @ 0xaa7870
QLOITER: _ZN2AP9generatorEv @ 0x5ffd90
QLOITER: _ZNK12AP_Generator13pre_arm_checkEPch @ 0x5ffdd0
QLOITER: _ZNK12AP_Generator4typeEv @ 0x5ffef0
QLOITER: _ZN12AP_Generator13get_singletonEv @ 0x5fff50
QLOITER: _ZN2AP3canEv @ 0x5fff90
QLOITER: _ZNK13AP_CANManager15get_num_driversEv @ 0xaa78b0
QLOITER: _ZNK13AP_CANManager15get_driver_typeEh @ 0xaa7900
QLOITER: _ZN13AP_CANManager13get_singletonEv @ 0xaa7b90
QLOITER: _ZNK10AP_Terrain14get_statisticsERtS0_ @ 0x600a70
QLOITER: _ZNK10AP_Terrain10bitcount64Em @ 0x600c60
QLOITER: _ZN12SRV_Channels11srv_channelEh @ 0xaa7c50
QLOITER: _ZNK11SRV_Channel12get_functionEv @ 0xaa7cd0
QLOITER: _ZNK11SRV_Channel8get_trimEv @ 0xaa7d30
QLOITER: _ZNK11SRV_Channel14get_output_minEv @ 0xaa7d90
QLOITER: _ZNK11SRV_Channel14get_output_maxEv @ 0xaa7de0
QLOITER: _ZN12SRV_Channels25get_disabled_channel_maskEv @ 0xaa7e40
QLOITER: _ZN11SRV_Channel13should_e_stopENS_8FunctionE @ 0x600d50
QLOITER: _ZN11RangeFinder13get_singletonEv @ 0xaa7e80
QLOITER: _ZNK11RangeFinder14prearm_healthyEPch @ 0x600dd0
QLOITER: _ZNK9AP_Logger14logging_failedEv @ 0x601380
QLOITER: _ZN9AP_Logger12CardInsertedEv @ 0x601450
QLOITER: _ZN2AP7batteryEv @ 0x601500
QLOITER: _ZNK14AP_BattMonitor13arming_checksEmPc @ 0x601540
QLOITER: _ZNK14AP_BattMonitor15configured_typeEh @ 0xaa7f70
QLOITER: _ZNK14AP_BattMonitor14allocated_typeEh @ 0xaa7fe0
QLOITER: _ZNK22AP_BattMonitor_Backend13arming_checksEPcm @ 0x601740
QLOITER: _ZNK22AP_BattMonitor_Backend20check_failsafe_typesERbS0_S0_S0_ @ 0x601c30
QLOITER: _ZL12update_checkmPcbPKc @ 0x601f30
QLOITER: _ZNK21AP_BattMonitor_Params23failsafe_voltage_sourceEv @ 0xaa80c0
QLOITER: _ZL3MAXIffEDTqugtfp_fp0_fp_fp0_ERKT_RKT0_.19313 @ 0x602040
QLOITER: _ZN14AP_BattMonitor13get_singletonEv @ 0xaa8120
QLOITER: _ZNK7Compass14is_calibratingEv @ 0x6020c0
QLOITER: _ZNK7Compass27compass_cal_requires_rebootEv @ 0xaa8160
QLOITER: _ZNK7Compass7healthyEv @ 0xaa81c0
QLOITER: _ZNK7Compass21learn_offsets_enabledEv @ 0xaa8220
QLOITER: _ZN7Compass10configuredEPch @ 0x6021f0
QLOITER: _ZNK7Compass11get_offsetsEv @ 0xaa8290
QLOITER: _ZNK7Compass15get_offsets_maxEv @ 0xaa82f0
QLOITER: _ZNK7Compass9get_fieldEv @ 0xaa8350
QLOITER: _ZNK7Compass10consistentEv @ 0x602480
QLOITER: _ZN7AP_AHRS11use_compassEv @ 0x602640
QLOITER: _ZN14AP_Declination18get_earth_field_gaERK8Location @ 0x602720
QLOITER: _ZNK7Vector3IfEmlEf @ 0xaa83b0
QLOITER: _ZL3MAXIffEDTqugtfp_fp0_fp_fp0_ERKT_RKT0_.12104 @ 0x6028a0
QLOITER: _ZN14AP_Declination16get_mag_field_efEffRfS0_S0_ @ 0x6029c0
QLOITER: _ZL7radiansf.3485 @ 0x602fc0
QLOITER: _Z15constrain_int32iii @ 0xaa8450
QLOITER: _Z15constrain_valueIiET_S0_S0_S0_ @ 0xaa84c0
QLOITER: _ZNK7NavEKF311use_compassEv @ 0x6030a0
QLOITER: _ZN11AP_AHRS_DCM11use_compassEv @ 0x603130
QLOITER: _ZNK7AP_AHRS15get_fly_forwardEv @ 0xaa85b0
QLOITER: _ZNK11AP_AHRS_DCM8have_gpsEv @ 0x6032e0
QLOITER: _ZNK6AP_GPS12ground_speedEv @ 0xaa8610
QLOITER: _ZL7degreesf.2589 @ 0x603370
QLOITER: _ZNK6AP_GPS13ground_courseEv @ 0xaa8670
QLOITER: _Z8wrap_180IfET_S0_ @ 0xaa86d0
QLOITER: _Z8wrap_360f @ 0x6033c0
QLOITER: _ZNK6AP_GPS13ground_courseEh @ 0xaa8760
QLOITER: _ZNK6AP_GPS12ground_speedEh @ 0xaa87d0
QLOITER: _ZNK7AP_EnumI6GPSUseEcvKS0_Ev @ 0xaa8840
QLOITER: _ZNK12NavEKF2_core11use_compassEv @ 0x603440
QLOITER: _ZNK7Vector3IfE2xyEv @ 0xaa8890
QLOITER: _ZNK7Compass9get_countEv @ 0xaa88e0
QLOITER: _ZNK7Compass9get_fieldEh @ 0xaa8930
QLOITER: _ZNK7Vector2IfE7is_zeroEv @ 0xaa89b0
QLOITER: _ZNK7Vector3IfE5angleERKS0_ @ 0xaa8a40
QLOITER: _ZL7radiansf.3200 @ 0x6034e0
QLOITER: _ZNK7Vector2IfE5angleERKS0_ @ 0xaa8b50
QLOITER: _ZNK7Vector2IfE6lengthEv @ 0xaa8c70
QLOITER: _ZNK7Compass11get_offsetsEh @ 0xaa8cd0
QLOITER: _ZNK9AP_ParamVI7Vector3IfEL11ap_var_type5EEcvRKS1_Ev @ 0xaa8d50
QLOITER: _ZNK14typesafe_indexIh12TAG_PriorityEltERKh @ 0xaa8da0
QLOITER: _ZN19RestrictIDTypeArrayIiLj3E14typesafe_indexIh12TAG_PriorityEEixERKS2_ @ 0xaa8e10
QLOITER: _ZNK14typesafe_indexIh12TAG_PriorityEcvhEv @ 0xaa8e90
QLOITER: _ZNK14typesafe_indexIh12TAG_PriorityEplERKh @ 0xaa8ee0
QLOITER: _ZN19RestrictIDTypeArrayI9AP_ParamTIiL11ap_var_type3EELj3E14typesafe_indexIh12TAG_PriorityEEixERKS5_ @ 0xaa8f60
QLOITER: _ZN14typesafe_indexIh12TAG_PriorityEppEi @ 0xaa8fe0
QLOITER: _ZN7Compass10configuredEh @ 0x603530
QLOITER: _ZN19RestrictIDTypeArrayIN7Compass9mag_stateELj4E14typesafe_indexIh14TAG_StateIndexEEixERKS4_ @ 0xaa9050
QLOITER: _ZNK14typesafe_indexIh14TAG_StateIndexEeqERKh @ 0xaa90d0
QLOITER: _ZN8AP_Param4loadEv @ 0x603740
QLOITER: _ZN8AP_Param7set_keyERNS_12Param_headerEt @ 0x603a40
QLOITER: _ZN8AP_Param4scanEPKNS_12Param_headerEPt @ 0x603ad0
QLOITER: _ZN8AP_Param9type_sizeE11ap_var_type @ 0x603c60
QLOITER: _ZNK13StorageAccess4sizeEv @ 0xaa9140
QLOITER: _ZN8AP_Param7get_keyERKNS_12Param_headerE @ 0x603d00
QLOITER: _ZN8AP_Param11is_sentinalERKNS_12Param_headerE @ 0x603d70
QLOITER: _ZNK19RestrictIDTypeArrayIP17CompassCalibratorLj3E14typesafe_indexIh12TAG_PriorityEEixERKS4_ @ 0xaa9190
QLOITER: _ZNK14AP_OpenDroneID7enabledEv @ 0xaa9210
QLOITER: _ZNK7AP_EnumIN9AP_Arming8RequiredEEcvKS1_Ev @ 0xaa9280
QLOITER: _ZN5Plane9is_flyingEv @ 0x603ec0
QLOITER: _ZN15AP_Arming_Plane16change_arm_stateEv @ 0x6041f0
QLOITER: _ZNK9AP_Arming26send_arm_disarm_statustextEPKc @ 0x604360
QLOITER: _ZNK9AP_Arming14option_enabledENS_6OptionE @ 0xaa9340
QLOITER: _ZN15AP_Arming_Plane17update_soft_armedEv @ 0x604400
QLOITER: _ZN9QuadPlane9set_armedEb @ 0x604500
QLOITER: _ZNK9AP_Arming8is_armedEv @ 0x604840
QLOITER: _ZN9AP_Logger17set_vehicle_armedEb @ 0x6048c0
QLOITER: _ZNK9AP_Arming22get_rudder_arming_typeEv @ 0xaa9420
QLOITER: _ZN9AP_Logger11Write_EventE8LogEvent @ 0x6050f0
QLOITER: _ZN8AC_Fence12clear_breachEh @ 0x605180
QLOITER: _ZN9AP_Logger18WriteCriticalBlockEPKvt @ 0x6051f0
QLOITER: _ZNK9AP_Arming23is_armed_and_safety_offEv @ 0x6052a0
QLOITER: _ZNK9QuadPlane14is_flying_vtolEv @ 0x605330
QLOITER: _ZNK9QuadPlane12in_vtol_modeEv @ 0x6054d0
QLOITER: _ZNK9QuadPlane15PosControlState9get_stateEv @ 0xaa9650
QLOITER: _ZNK9QuadPlane12in_vtol_autoEv @ 0x605750
QLOITER: _ZNK10AP_Mission19get_current_nav_cmdEv @ 0xaa96a0
QLOITER: _ZNK9QuadPlane20in_vtol_land_descentEv @ 0x605cb0
QLOITER: _ZN9AP_Arming3armENS_6MethodEb @ 0x605e60
QLOITER: _ZN5Plane11update_homeEv @ 0x6060e0
QLOITER: _ZN7AP_AHRS8set_homeERK8Location @ 0x6062f0
QLOITER: _ZN5Plane18update_current_locEv @ 0x6064e0
QLOITER: _ZN12ModeAutoLand9arm_checkEv @ 0x6065a0
QLOITER: _ZNK12ModeAutoLand22autoland_option_is_setENS_14AutoLandOptionE @ 0xaa97c0
QLOITER: _ZNK7AP_AHRS11get_yaw_degEv @ 0xaa9840
QLOITER: _ZN12ModeAutoLand22set_autoland_directionEf @ 0x606650
QLOITER: _ZNK7AP_AHRS28get_relative_position_D_homeERf @ 0x6066f0
QLOITER: _ZNK7AP_Baro12get_altitudeEv @ 0xaa9890
QLOITER: _ZNK7AP_AHRS30get_relative_position_D_originERd @ 0x606890
QLOITER: _ZNK7AP_AHRS11_get_originER8Location @ 0x6069d0
QLOITER: _ZNK7AP_AHRS11_get_originENS_7EKFTypeER8Location @ 0x606ab0
QLOITER: _ZNK7NavEKF312getOriginLLHER8Location @ 0x606d80
QLOITER: _ZNK8Location11initialisedEv @ 0xaa98f0
QLOITER: _ZNK12NavEKF3_core12getOriginLLHER8Location @ 0x607060
QLOITER: _ZNK12NavEKF2_core12getOriginLLHER8Location @ 0x607150
QLOITER: _ZNK8Location7is_zeroEv @ 0x607230
QLOITER: _ZNK7NavEKF37getPosDERd @ 0x6073f0
QLOITER: _ZNK7Vector3IfE8todoubleEv @ 0xaa9980
QLOITER: _ZN7Vector3IdEmLEd @ 0xaa9a00
QLOITER: _ZN8Location13offset_latlngERiS0_dd @ 0x6078c0
QLOITER: _ZN8Location15limit_lattitudeEi @ 0x6079c0
QLOITER: _ZN8Location14wrap_longitudeEl @ 0x607a60
QLOITER: _ZN7Vector3IdEC2Eddd @ 0xaa9a90
QLOITER: _ZNK12NavEKF3_core7getPosDERd @ 0x607b00
QLOITER: _ZNK12NavEKF3_core13getPosD_localERd @ 0x607bd0
QLOITER: _ZNK12NavEKF2_core7getPosDERd @ 0x607c60
QLOITER: _ZN7Vector3IdEC2Ev @ 0xaa9b20
QLOITER: _ZNK11AP_AHRS_DCM12get_locationER8Location @ 0x607e50
QLOITER: _ZN8Location6offsetEdd @ 0x608180
QLOITER: _ZNK6AP_GPS7get_lagERf @ 0xaa9b80
QLOITER: _ZNK6AP_GPS7get_lagEhRf @ 0x608210
QLOITER: _ZNK8Location12check_latlngEv @ 0x608420
QLOITER: _ZN8Location16change_alt_frameENS_8AltFrameE @ 0x6084a0
QLOITER: _ZN7AP_AHRS25Log_Write_Home_And_OriginEv @ 0x608540
QLOITER: _ZN3GCS12send_messageE10ap_message @ 0x608610
QLOITER: _ZN10AP_Mission21write_home_to_storageEv @ 0x6086c0
QLOITER: _ZN10AP_Mission20write_cmd_to_storageEtRKNS_15Mission_CommandE @ 0x6087c0
QLOITER: _ZNK10AP_Mission16num_commands_maxEv @ 0xaa9cc0
QLOITER: _ZNK13StorageAccess10write_byteEth @ 0x608b40
QLOITER: _ZNK13StorageAccess12write_uint16Ett @ 0x608bc0
QLOITER: _ZNK13StorageAccess11write_blockEtPKvm @ 0x608c50
QLOITER: _ZN11GCS_MAVLINK12send_messageE10ap_message @ 0x608f40
QLOITER: _ZN11GCS_MAVLINK22save_signing_timestampEb @ 0x609050
QLOITER: _ZNK11GCS_MAVLINK12is_streamingEv @ 0xaa9d10
QLOITER: _ZN7BitmaskILt91EE3setEt @ 0xaa9d70
QLOITER: _ZNK7BitmaskILt91EE8validateEt @ 0xaa9e30
QLOITER: _ZN11GCS_MAVLINK16signing_key_loadER10SigningKey @ 0x609180
QLOITER: _ZNK7AP_AHRS10get_originER8Location @ 0x6092e0
QLOITER: _ZNK7AP_AHRS12Write_OriginENS_13LogOriginTypeERK8Location @ 0x609360
QLOITER: _ZNK8Location10get_alt_cmENS_8AltFrameERi @ 0x609450
QLOITER: _ZN9AP_Logger10WriteBlockEPKvt @ 0x609790
QLOITER: _ZN17AP_Logger_Backend10WriteBlockEPKvt @ 0xaa9ec0
QLOITER: _ZNK8Location13get_alt_frameEv @ 0x609840
QLOITER: _ZN2AP7terrainEv @ 0x609920
QLOITER: _ZN10AP_Terrain11height_amslERK8LocationRfb @ 0x609960
QLOITER: _ZN10AP_Terrain8allocateEv @ 0x609da0
QLOITER: _ZNK10AP_Terrain19calculate_grid_infoERK8LocationRNS_9grid_infoE @ 0x609ec0
QLOITER: _ZN10AP_Terrain15find_grid_cacheERKNS_9grid_infoE @ 0x60a330
QLOITER: _ZN10AP_Terrain12check_bitmapERKNS_10grid_blockEhh @ 0x60a640
QLOITER: _ZN10AP_Terrain11grid_bitnumEhh @ 0x60a700
QLOITER: _Z9check_lati @ 0x60a790
QLOITER: _Z9check_lngi @ 0x60a800
QLOITER: _ZNK7AP_AHRS14home_is_lockedEv @ 0xaa9f50
QLOITER: _ZN7AP_Baro18update_calibrationEv @ 0x60a870
QLOITER: _ZN7AP_AHRS16resetHeightDatumEv @ 0x60a9e0
QLOITER: _ZN7NavEKF316resetHeightDatumEv @ 0x60ab50
QLOITER: _ZN7NavEKF216resetHeightDatumEv @ 0x60ac30
QLOITER: _ZN6AP_DAL10log_event2ENS_5EventE @ 0x60ad10
QLOITER: _ZN12NavEKF2_core16resetHeightDatumEv @ 0x60ad90
QLOITER: _ZN11AP_DAL_Baro18update_calibrationEv @ 0x60af00
QLOITER: _ZNK10AP_DAL_GPS8locationEv @ 0xaaa000
QLOITER: _ZN8Location13copy_alt_fromERKS_ @ 0x60af50
QLOITER: _ZNK10AP_DAL_GPS8locationEh @ 0xaaa060
QLOITER: _ZN6AP_DAL9end_frameEv @ 0x60b020
QLOITER: _ZN6AP_DAL15WriteLogMessageE11LogMessagesPvPKvh @ 0x60b0a0
QLOITER: _ZN9AP_Logger16WriteReplayBlockEhPKvt @ 0x60b1c0
QLOITER: _ZNK9AP_Logger10log_replayEv @ 0xaaa0d0
QLOITER: _ZN6AP_DAL10log_event3ENS_5EventE @ 0x60b360
QLOITER: _ZN12NavEKF3_core16resetHeightDatumEv @ 0x60b3e0
QLOITER: _ZNK7AP_Baro21get_sealevel_pressureEff @ 0x60b550
QLOITER: _ZNK7AP_Baro24get_external_temperatureEv @ 0xaaa130
QLOITER: _ZNK7AP_Baro24get_external_temperatureEh @ 0x60b6e0
QLOITER: _ZNK11AP_Airspeed7healthyEv @ 0xaaa190
QLOITER: _ZN11AP_Airspeed15get_temperatureERf @ 0xaaa1f0
QLOITER: _ZNK7AP_Baro15get_temperatureEh @ 0xaaa270
QLOITER: _ZL3MINIffEDTqultfp_fp0_fp_fp0_ERKT_RKT0_.2759 @ 0x60b810
QLOITER: _ZN11AP_Airspeed15get_temperatureEhRf @ 0x60b8a0
QLOITER: _ZN9AP_Arming13Log_Write_ArmEbNS_6MethodE @ 0x60b980
QLOITER: _ZN10AP_GyroFFT18prepare_for_armingEv @ 0x60ba60
QLOITER: _ZN10AP_Terrain22set_reference_locationEv @ 0x60bac0
QLOITER: _ZN8AC_Fence27auto_enable_fence_on_armingEv @ 0x60bbf0
QLOITER: _ZNK7AP_AHRS17get_filter_statusER17nav_filter_status @ 0x60bc90
QLOITER: _ZNK7AP_AHRS16get_velocity_NEDER7Vector3IfE @ 0x60bdc0
QLOITER: _ZN10AP_Terrain23update_reference_offsetEv @ 0x60be40
QLOITER: _ZNK9AP_ParamTIfL11ap_var_type4EEngEv @ 0xaaa340
QLOITER: _ZNK7NavEKF315getFilterStatusER17nav_filter_status @ 0x60c130
QLOITER: _ZNK15AP_ExternalAHRS17get_filter_statusER17nav_filter_status @ 0x60c420
QLOITER: _ZNK12NavEKF3_core15getFilterStatusER17nav_filter_status @ 0x60c5b0
QLOITER: _ZNK12NavEKF2_core15getFilterStatusER17nav_filter_status @ 0x60c620
QLOITER: _ZNK9AP_Arming18get_enabled_checksEv @ 0x60c690
QLOITER: _ZN7HALSITL9Semaphore4takeEj @ 0x60c7f0
QLOITER: _ZN7HALSITL9Semaphore16take_nonblockingEv @ 0x60c990
QLOITER: _ZN6AP_HAL9Semaphore13take_blockingEv @ 0xaaab70
QLOITER: _ZN7HALSITL9Semaphore4giveEv @ 0x60ca20
QLOITER: _ZN4SITL6AS56006updateERKNS_8AircraftE @ 0x60de50
QLOITER: _ZN4SITL17I2CRegisters_8Bit25rdwr_store_register_valueEhh @ 0xaab990
QLOITER: _ZN4SITL17I2CRegisters_8Bit4rdwrERPNS_3I2C19i2c_rdwr_ioctl_dataE @ 0x60df40
QLOITER: _ZNK4SITL8Aircraft12get_attitudeER11QuaternionTIfE @ 0xaaba10
QLOITER: _ZL7degreesf.21535 @ 0x60e220
QLOITER: _ZN4SITL17I2CRegisters_8Bit12set_registerEhh @ 0x60e280
QLOITER: _ZN7BitmaskILt256EE8clearallEv @ 0xaabb50
QLOITER: _ZN4SITL9I2CDevice6updateERKNS_8AircraftE @ 0xaabc00
QLOITER: _ZN4SITL13TeraRangerI2C6updateERKNS_8AircraftE @ 0xaabda0
QLOITER: _ZNK4SITL8Aircraft17rangefinder_rangeEv @ 0x60e940
QLOITER: _Z10rand_floatv @ 0x60ec20
QLOITER: _ZN4SITL7INA32216updateERKNS_8AircraftE @ 0x60ef00
QLOITER: _ZL15convert_voltagef @ 0x60f380
QLOITER: _ZL15convert_currentf @ 0x60f450
QLOITER: _ZN4SITL8QMC5883L6updateERKNS_8AircraftE @ 0x60f6b0
QLOITER: _ZN7Vector3IfE14rotate_inverseE8Rotation @ 0xaabe10
QLOITER: _ZL7htole16t.15963 @ 0x60fac0
QLOITER: _ZN7Vector3IsEC2Esss @ 0xaabfc0
QLOITER: _ZN4SITL10IS31FL31956updateERKNS_8AircraftE @ 0x60fd30
QLOITER: _ZN4SITL10IS31FL31954rdwrERPNS_3I2C19i2c_rdwr_ioctl_dataE @ 0x60fe60
QLOITER: _ZN4SITL10IS31FL319525rdwr_store_register_valueEhh @ 0x60fed0
QLOITER: _ZThn8_N4SITL10IS31FL319525rdwr_store_register_valueEhh @ 0x60fff0
QLOITER: _ZN4SITL17I2CRegisters_8Bit12get_registerEh @ 0xaac160
QLOITER: _ZN10SIM_RGBLED11set_coloursEhhh @ 0xaac1c0
QLOITER: _ZN4SITL6LM27556updateERKNS_8AircraftE @ 0x610a10
QLOITER: _ZNK4SITL6LM275510LEDChannel13current_valueEv @ 0xaac3d0
QLOITER: _ZN4SITL6LP55626updateERKNS_8AircraftE @ 0x610fc0
QLOITER: _ZN4SITL6LP55624rdwrERPNS_3I2C19i2c_rdwr_ioctl_dataE @ 0xaac570
QLOITER: _ZN4SITL6LP556210LEDChannel6updateEv @ 0x6112d0
QLOITER: _ZNK4SITL6LP556210LEDChannel13current_valueEv @ 0xaac650
QLOITER: _ZN4SITL6MS5XXX6updateERKNS_8AircraftE @ 0x6113b0
QLOITER: _ZN7AP_Baro37get_pressure_temperature_for_alt_amslEfRfS0_ @ 0x612360
QLOITER: _ZN7AP_Baro29geometric_alt_to_geopotentialEf @ 0x612540
QLOITER: _ZL33find_atmosphere_layer_by_altitudef @ 0x6125a0
QLOITER: _ZN7AP_Baro33get_temperature_by_altitude_layerEfa @ 0x612650
QLOITER: _ZN7AP_Baro29get_temperatureC_for_alt_amslEf @ 0x6131d0
QLOITER: _ZN4SITL12InvensenseV36updateERKNS_8AircraftE @ 0x613240
QLOITER: _ZNK4SITL8ICM4060911accel_scaleEv @ 0xaacba0
QLOITER: _ZL7radiansd.15405 @ 0x613d00
QLOITER: _ZNK4SITL12InvensenseV310gyro_scaleEv @ 0xaacbf0
QLOITER: _ZN4SITL12InvensenseV313write_to_fifoEhPhh @ 0x613d50
QLOITER: _ZN4SITL7MCP96006updateERKNS_8AircraftE @ 0x6142b0
QLOITER: _ZL7htobe16t.15309 @ 0x614880
QLOITER: _ZL10__bswap_16t.15311 @ 0x6148d0
QLOITER: _ZNK4SITL31I2CRegisters_ConfigurableLength13get_reg_valueEhRh @ 0x614940
QLOITER: _ZN4SITL6TSYS036updateERKNS_8AircraftE @ 0x614d90
QLOITER: _ZN4SITL6TSYS016updateERKNS_8AircraftE @ 0x6157e0
QLOITER: _ZN4SITL5SHT3x6updateERKNS_8AircraftE @ 0x616410
QLOITER: _ZN4SITL13Airspeed_DLVR6updateERKNS_8AircraftE @ 0x616c90
QLOITER: _ZN4SITL29SIM_BattMonitor_SMBus_Generic6updateERKNS_8AircraftE @ 0x617770
QLOITER: _ZNK4SITL29SIM_BattMonitor_SMBus_Generic15connected_cellsEv @ 0xaad4e0
QLOITER: _ZN4SITL21SIM_BattMonitor_SMBus6updateERKNS_8AircraftE @ 0x617fd0
QLOITER: _ZNK4SITL8Aircraft19get_battery_voltageEv @ 0xaad530
QLOITER: _ZN4SITL11SMBusDevice12set_registerEht @ 0xaad580
QLOITER: _ZN4SITL18I2CRegisters_16Bit12set_registerEht @ 0x6180e0
QLOITER: _ZN4SITL11SMBusDevice12set_registerEhs @ 0xaad600
QLOITER: _ZN4SITL18I2CRegisters_16Bit12set_registerEhs @ 0x618190
QLOITER: _ZN4SITL6Rotoye6updateERKNS_8AircraftE @ 0x618430
QLOITER: _ZN4SITL11SMBusDevice13get_reg_valueEh @ 0xaad8b0
QLOITER: _ZN4SITL18I2CRegisters_16Bit13get_reg_valueEh @ 0xaad920
QLOITER: _ZL7be16toht.21586 @ 0x618500
QLOITER: _ZL10__bswap_16t.21587 @ 0x618550
QLOITER: _ZNK4SITL6Maxell15connected_cellsEv @ 0xaad9e0
QLOITER: _ZN4SITL13MaxSonarI2CXL6updateERKNS_8AircraftE @ 0xaadb20
QLOITER: _ZN4SITL10ToshibaLED6updateERKNS_8AircraftE @ 0x618810
QLOITER: _ZN4SITL10ToshibaLED4rdwrERPNS_3I2C19i2c_rdwr_ioctl_dataE @ 0xaadf30
QLOITER: _ZNK6AP_HAL3HAL6serialEh @ 0xaae560
QLOITER: _ZL14fill_stack_nanv @ 0x6192d0
QLOITER: _ZN7HALSITL9Scheduler13_run_io_procsEv @ 0x619650
QLOITER: _ZNK7FunctorIvJEEcvbEv @ 0xaae670
QLOITER: _ZNK7FunctorIvJEEclEv @ 0xaae6d0
QLOITER: _ZN7HALSITL16I2CDeviceManager11_timer_tickEv @ 0x619860
QLOITER: _ZN2AP2RCEv @ 0x619900
QLOITER: _ZN13AP_RCProtocol6updateEv @ 0x6199b0
QLOITER: _ZN13AP_RCProtocol16check_added_uartEv @ 0x619a00
QLOITER: _ZNK13AP_RCProtocol13should_searchEj @ 0x619c70
QLOITER: _ZN21AP_RCProtocol_Backend9new_inputEv @ 0x61a3b0
QLOITER: _ZNK17AP_RCProtocol_FDM6activeEv @ 0xaae970
QLOITER: _ZN6I2CBus11_timer_tickEv @ 0x61a5c0
QLOITER: _ZN9AP_Logger6WriteVEPKcS1_S1_S1_S1_P13__va_list_tagbb @ 0x61a6f0
QLOITER: _ZN9AP_Logger16msg_fmt_for_nameEPKcS1_S1_S1_S1_bb @ 0x61a8f0
QLOITER: _ZN17AP_Logger_Backend5WriteEhP13__va_list_tagbb @ 0x61b1e0
QLOITER: _ZNK9AP_Logger24assert_same_fmt_for_nameEPKNS_13log_write_fmtEPKcS4_S4_S4_S4_ @ 0x61bd60
QLOITER: _ZNK9AP_Logger18find_free_msg_typeEv @ 0x61c210
QLOITER: _ZNK9AP_Logger18Write_calc_msg_lenEPKc @ 0x61c2c0
QLOITER: _ZL3MINImmEDTqultfp_fp0_fp_fp0_ERKT_RKT0_.6818 @ 0x61c550
QLOITER: _ZN9AP_Logger18validate_structureEPK12LogStructures @ 0x61c5d0
QLOITER: _ZN3GCS14update_receiveEv @ 0x61d0d0
QLOITER: _ZN3GCS11update_sendEv @ 0x61d180
QLOITER: _ZN19MissionItemProtocol6updateEv @ 0x61d4c0
QLOITER: _ZN11GCS_MAVLINK11update_sendEv @ 0x61d690
QLOITER: _ZN3GCS18service_statustextEv @ 0x61da70
QLOITER: _ZN3GCS15StatusTextQueue9semaphoreEv @ 0xaaebd0
QLOITER: _ZNK11ObjectArrayIN3GCS12statustext_tEE8is_emptyEv @ 0xaaec20
QLOITER: _ZN11GCS_MAVLINK18service_statustextEv @ 0x61dbe0
QLOITER: _ZN3GCS15StatusTextQueue5pruneEv @ 0x61de20
QLOITER: _ZNK11ObjectArrayIN3GCS12statustext_tEE9availableEv @ 0xaaec80
QLOITER: _ZN11ObjectArrayIN3GCS12statustext_tEEixEt @ 0xaaecd0
QLOITER: _ZN3GCS16statustext_queueEv @ 0xaaef70
QLOITER: _Z14comm_chan_lock17mavlink_channel_t @ 0x61df50
QLOITER: _ZL27mavlink_msg_statustext_send17mavlink_channel_thPKcth @ 0x61dfb0
QLOITER: _ZL16mav_array_memcpyPvPKvm.7264 @ 0x61e090
QLOITER: _ZN9AP_Logger15handle_log_sendEv @ 0x61e130
QLOITER: _ZN22GCS_MAVLINK_InProgress11check_tasksEv @ 0x61e800
QLOITER: _ZNK3GCS11out_of_timeEv @ 0x61e9f0
QLOITER: _ZN11GCS_MAVLINK30deferred_message_to_send_indexEt @ 0x61ead0
QLOITER: _ZN11GCS_MAVLINK19do_try_send_messageE10ap_message @ 0x61ecb0
QLOITER: _ZNK7BitmaskILt91EE9first_setEv @ 0xaaefc0
QLOITER: _ZN7BitmaskILt91EE5clearEt @ 0xaaf090
QLOITER: _ZN11GCS_MAVLINK36next_deferred_bucket_message_to_sendEt @ 0x61ede0
QLOITER: _ZNK7BitmaskILt91EE5countEv @ 0xaaf150
QLOITER: _ZNK11GCS_MAVLINK26get_reschedule_interval_msERKNS_25deferred_message_bucket_tE @ 0x61ef10
QLOITER: _ZN11GCS_MAVLINK24find_next_bucket_to_sendEt @ 0x61f010
QLOITER: _ZN7BitmaskILt91EEaSERKS0_ @ 0xaaf220
QLOITER: _ZNK11GCS_MAVLINK24requesting_mission_itemsEv @ 0x61f1e0
QLOITER: _ZN7GCS_FTP16get_last_send_msE17mavlink_channel_t @ 0x61f2d0
QLOITER: _ZNK11GCS_MAVLINK17telemetry_delayedEv @ 0x61f470
QLOITER: _ZNK3GCS11telem_delayEv @ 0xaaf360
QLOITER: _ZN14AP_BoardConfig15in_config_errorEv @ 0xaaf3c0
QLOITER: _ZNK12AP_Scheduler19time_available_usecEv @ 0x61f540
QLOITER: _ZN2AP2FSEv @ 0x61f7c0
QLOITER: _ZN19AP_Filesystem_Posix4openEPKcib @ 0x61f860
QLOITER: _ZN19AP_Filesystem_Posix5closeEi @ 0x61f9f0
QLOITER: _ZN19AP_Filesystem_Posix4readEiPvj @ 0x61fa90
QLOITER: _ZN19AP_Filesystem_Posix5writeEiPKvj @ 0x61fb60
QLOITER: _ZN19AP_Filesystem_Posix4statEPKcP4stat @ 0x61fda0
QLOITER: _ZN21AP_Filesystem_Backend17bytes_until_fsyncEi @ 0xaaf400
QLOITER: _ZN19AP_Filesystem_Posix9disk_freeEPKc @ 0x620350
QLOITER: _ZN21AP_Filesystem_Backend9load_fileEPKc @ 0x620690
QLOITER: _ZN21AP_Filesystem_Backend11unload_fileEP8FileData @ 0x620990
QLOITER: _ZN8FileDataC2EPv @ 0xaaf590
QLOITER: _ZN8FileDataD2Ev @ 0x620a10
QLOITER: _ZNK21AP_Filesystem_Backend15file_op_allowedEv @ 0x620a80
QLOITER: _ZL12map_filenamePKc @ 0x620b20
QLOITER: _ZL17map_filename_freePKc @ 0x620bc0
QLOITER: _Z16comm_get_txspace17mavlink_channel_t @ 0x620d10
QLOITER: _ZL28mavlink_msg_command_ack_send17mavlink_channel_tthhihh @ 0x620da0
QLOITER: _ZN13AP_Filesystem4statEPKcP4stat @ 0x620e90
QLOITER: _ZN11GCS_MAVLINK23set_ap_message_intervalE10ap_messaget @ 0x621210
QLOITER: _ZNK11GCS_MAVLINK20cap_message_intervalEt @ 0x621630
QLOITER: _ZNK11GCS_MAVLINK26get_deferred_message_indexE10ap_message @ 0x621700
QLOITER: _ZNK7BitmaskILt91EE3getEt @ 0xaaf640
QLOITER: _ZN12AP_Scheduler18get_loop_period_usEv @ 0xaaf710
QLOITER: _ZdaPv @ 0x6219f0
QLOITER: _ZN13AP_Filesystem4openEPKcib @ 0x621a50
QLOITER: _ZN13AP_Filesystem5closeEi @ 0x621f00
QLOITER: _ZNK13AP_Filesystem13backend_by_fdERi @ 0x621f80
QLOITER: _ZNK13AP_Filesystem15backend_by_pathERPKc @ 0x622050
QLOITER: _ZnamRKSt9nothrow_t @ 0x6222c0
QLOITER: _ZN11GCS_MAVLINK39initialise_message_intervals_for_streamENS_7streamsE @ 0x622340
QLOITER: _ZNK11GCS_MAVLINK23get_interval_for_streamENS_7streamsE @ 0x622540
QLOITER: _ZNK11GCS_MAVLINK8get_chanEv @ 0xaaf7b0
QLOITER: _ZN8AC_Fence9polyfenceEv @ 0x623b00
QLOITER: _ZN35LoggerMessageWriter_Write_Polyfence5resetEv @ 0x624e90
QLOITER: _ZN19LoggerMessageWriter5resetEv @ 0x624f00
QLOITER: _ZN19AC_PolyFence_loader13check_indexedEv @ 0x6256b0
QLOITER: _ZNK19AC_PolyFence_loader16num_stored_itemsEv @ 0xaaffa0
QLOITER: _ZN39LoggerMessageWriter_WriteAllRallyPoints5resetEv @ 0x626720
QLOITER: _ZNK8AP_Rally15get_rally_totalEv @ 0xab0300
QLOITER: _ZN38LoggerMessageWriter_WriteEntireMission5resetEv @ 0x627790
QLOITER: _Z11is_negativeIfEbT_ @ 0xab0490
QLOITER: _ZN10AP_Mission26mission_cmd_to_mavlink_intERKNS_15Mission_CommandER28__mavlink_mission_item_int_t @ 0x629720
QLOITER: _ZN11GCS_MAVLINK14update_receiveEj @ 0x62ae30
QLOITER: _ZN3GCS15update_passthruEv @ 0x62b300
QLOITER: _ZN16AP_SerialManager12get_passthruERPN6AP_HAL10UARTDriverES3_RhRjS5_ @ 0x62b830
QLOITER: _ZN6AP_HAL10UARTDriver11read_lockedEPhmj @ 0x62c2b0
QLOITER: _ZNK11GCS_MAVLINK6lockedEv @ 0xab0780
QLOITER: _ZNK7FunctorIbJhPN6AP_HAL10UARTDriverEEEcvbEv @ 0xab07e0
QLOITER: _ZN11GCS_MAVLINK14channel_bufferEv @ 0xab08c0
QLOITER: mavlink_frame_char_buffer @ 0x62c990
QLOITER: _ZN12AP_Scripting14handle_messageERK17__mavlink_message17mavlink_channel_t @ 0x62d230
QLOITER: _ZN11GCS_MAVLINK13send_timesyncEv @ 0x62d420
QLOITER: _ZN11GCS_MAVLINK17log_mavlink_statsEv @ 0x62d490
QLOITER: _ZNK11GCS_MAVLINK15signing_enabledEv @ 0x62d610
QLOITER: _ZNK11GCS_MAVLINK21timesync_timestamp_nsEv @ 0x62d6b0
QLOITER: _ZL25mavlink_msg_timesync_send17mavlink_channel_tll @ 0x62d710
QLOITER: mavlink_start_checksum @ 0x62d7b0
QLOITER: mavlink_update_checksum @ 0x62d810
QLOITER: _ZL12count_commasPKc @ 0x62dce0
QLOITER: _ZNK9AP_Logger21labels_string_is_goodEPKc @ 0x62dd80
QLOITER: _ZNK9AP_Logger15msg_type_in_useEh @ 0x62e150
QLOITER: _Z9fill_nanfPft @ 0x62e250
QLOITER: _ZN10ByteBuffer7advanceEj @ 0x6312e0
QLOITER: _ZN5Empty11OpticalFlow9push_gyroEfff @ 0xab1790
QLOITER: _ZN5Empty11OpticalFlow14push_gyro_biasEff @ 0xab1800
QLOITER: _ZN6AP_HAL4Util14set_soft_armedEb @ 0x631e00
QLOITER: _ZNK7HALSITL4Util18was_watchdog_resetEv @ 0xab1ad0
QLOITER: _ZN7HALSITL4Util19safety_switch_stateEv @ 0x631f90
QLOITER: _ZN7HALSITL4Util10set_hw_rtcEm @ 0xab1c90
QLOITER: _ZN7HALSITL4Util13get_system_idEPc @ 0x632080
QLOITER: _ZN7HALSITL4Util25get_system_id_unformattedEPhRh @ 0x632100
QLOITER: _ZN7HALSITL4Util16available_memoryEv @ 0xab1fc0
QLOITER: _ZN6AP_HAL4Util11thread_infoER15ExpandingString @ 0xab2080
QLOITER: _ZN6AP_HAL4Util8dma_infoER15ExpandingString @ 0xab20e0
QLOITER: _ZN6AP_HAL4Util8mem_infoER15ExpandingString @ 0xab2140
QLOITER: _ZN7HALSITL4Util9uart_infoER15ExpandingString @ 0x632420
QLOITER: _ZN7HALSITL4Util8uart_logEv @ 0x632570
QLOITER: _ZN6AP_HAL4Util10timer_infoER15ExpandingString @ 0xab2280
QLOITER: _ZN6AP_HAL4Util14log_stack_infoEv @ 0xab2360
QLOITER: _ZN6AP_HAL10UARTDriver9log_statsEhRNS0_12StatsTrackerEj @ 0x632740
QLOITER: _ZN6AP_HAL10UARTDriver12StatsTracker11ByteTracker6updateEj @ 0x6328e0
QLOITER: _ZNK7HALSITL10SITL_State12get_instanceEv @ 0xab23b0
QLOITER: _ZN7HALSITL8RCOutput20_safety_switch_stateEv @ 0xab2400
QLOITER: _ZNK7HALSITL9Semaphore11check_ownerEv @ 0x633ea0
QLOITER: _ZN7HALSITL9I2CDevice8transferEPKhjPhj @ 0x6344b0
QLOITER: _ZN7HALSITL9I2CDevice9_transferEPKhjPhj @ 0x6348b0
QLOITER: _ZN6I2CBus5ioctlEhPv @ 0xab42e0
QLOITER: _ZN6I2CBus6_ioctlEhPv @ 0x634b80
QLOITER: _ZN4SITL3SIM9i2c_ioctlEhPv @ 0xab4360
QLOITER: _ZN4SITL3I2C5ioctlEhPv @ 0x634c00
QLOITER: _ZN4SITL3I2C10ioctl_rdwrEPNS0_19i2c_rdwr_ioctl_dataE @ 0x634c90
QLOITER: _ZN6AP_HAL10UARTDriver5writeEPKhm @ 0x634e10
QLOITER: _ZN6AP_HAL10UARTDriver9availableEv @ 0x634f50
QLOITER: _ZN6AP_HAL10UARTDriver4readEv @ 0x634fd0
QLOITER: _ZN6AP_HAL10UARTDriver4readERh @ 0x635050
QLOITER: _ZN6AP_HAL10UARTDriver4readEPht @ 0x635150
QLOITER: _ZN7HALSITL10UARTDriver7txspaceEv @ 0x6351c0
QLOITER: _ZN7HALSITL10UARTDriver11_timer_tickEv @ 0x635540
QLOITER: _ZN7HALSITL10UARTDriver26receive_time_constraint_usEt @ 0x6355a0
QLOITER: _ZN7HALSITL10UARTDriver9uart_infoER15ExpandingStringRN6AP_HAL10UARTDriver12StatsTrackerEj @ 0x635760
QLOITER: _ZN7HALSITL10UARTDriver6_writeEPKhm @ 0x636270
QLOITER: _ZN7HALSITL10UARTDriver5_readEPht @ 0x636440
QLOITER: _ZN7HALSITL10UARTDriver10_availableEv @ 0x636630
QLOITER: _ZNK7HALSITL10UARTDriver18get_total_tx_bytesEv @ 0xab4b90
QLOITER: _ZNK7HALSITL10UARTDriver18get_total_rx_bytesEv @ 0xab4be0
QLOITER: _ZNK6AP_HAL10UARTDriver26get_total_dropped_rx_bytesEv @ 0xab4c30
QLOITER: _ZN7HALSITL10UARTDriver17_check_connectionEv @ 0x636720
QLOITER: _ZN7HALSITL10UARTDriver13_select_checkEi @ 0x636860
QLOITER: _ZN10ByteBuffer4readEPhj @ 0x636a70
QLOITER: _ZN7HALSITL10UARTDriver41handle_writing_from_writebuffer_to_deviceEv @ 0x636b10
QLOITER: _ZN7HALSITL10UARTDriver16_check_reconnectEv @ 0x636ec0
QLOITER: _ZL3MINIjjEDTqultfp_fp0_fp_fp0_ERKT_RKT0_.14591 @ 0x6372c0
QLOITER: _ZNK4SITL12SerialDevice15write_to_deviceEPKcm @ 0x637340
QLOITER: _ZNK4SITL12SerialDevice18write_to_autopilotEPKcm @ 0x63a6a0
QLOITER: _ZNK4SITL12SerialDevice13is_match_baudEv @ 0x63a760
QLOITER: _ZNK4SITL3GPS18write_to_autopilotEPKcm @ 0x63a890
QLOITER: _ZNK4SITL3GPS11device_baudEv @ 0x63aab0
QLOITER: _ZNK8Location31get_vector_xy_from_origin_NE_cmI7Vector2IfEEEbRT_ @ 0xab6110
QLOITER: _Z8wrap_180IdET_S0_ @ 0xab6220
QLOITER: _Z8wrap_360d @ 0x63d940
QLOITER: _ZNK4SITL12SerialDevice19read_from_autopilotEPcm @ 0x63d9e0
QLOITER: _ZN4SITL8Aircraft11rand_normalEdd @ 0x640920
QLOITER: _Z7is_zerod @ 0xab8350
QLOITER: _ZN7HALSITL10UARTDriver40handle_reading_from_device_to_readbufferEv @ 0x6432d0
QLOITER: _ZNK4SITL12SerialDevice16read_from_deviceEPcm @ 0x643760
QLOITER: _ZN7HALSITL8AnalogIn13board_voltageEv @ 0xab9860
QLOITER: _ZN6AP_HAL8AnalogIn17servorail_voltageEv @ 0xab98b0
QLOITER: _ZN6AP_HAL8AnalogIn18power_status_flagsEv @ 0xab9900
QLOITER: _ZN7HALSITL9ADCSource7set_pinEh @ 0x6443a0
QLOITER: _ZN7HALSITL9ADCSource15voltage_averageEv @ 0x644420
QLOITER: _ZN7HALSITL9ADCSource14voltage_latestEv @ 0x644470
QLOITER: _ZN7HALSITL9ADCSource27voltage_average_ratiometricEv @ 0xab9a00
QLOITER: _ZNK7HALSITL4GPIO9valid_pinEh @ 0xab9bb0
QLOITER: _ZN7HALSITL4GPIO13usb_connectedEv @ 0x644bd0
QLOITER: _ZNK6AP_HAL4GPIO13arming_checksEmPc @ 0xab9f30
QLOITER: _ZN7HALSITL8RCOutput9enable_chEh @ 0x644fd0
QLOITER: _ZN7HALSITL8RCOutput10disable_chEh @ 0x645060
QLOITER: _ZN7HALSITL8RCOutput5writeEht @ 0x6450f0
QLOITER: _ZN6AP_HAL8RCOutput20update_channel_masksEv @ 0xaba2e0
QLOITER: _ZN7HALSITL8RCOutput4corkEv @ 0x645220
QLOITER: _ZN7HALSITL8RCOutput4pushEv @ 0x6452b0
QLOITER: _ZN7HALSITL8RCOutput4readEh @ 0x6453e0
QLOITER: _ZN7HALSITL8RCOutput4readEPth @ 0x645470
QLOITER: _ZNK6AP_HAL8RCOutput22get_output_mode_bannerEPch @ 0xabaac0
QLOITER: _ZN6AP_HAL8RCOutput16set_default_rateEt @ 0xabab80
QLOITER: _ZN17AP_ESC_Telem_SITL6updateEv @ 0x645890
QLOITER: _ZL3MAXIffEDTqugtfp_fp0_fp_fp0_ERKT_RKT0_.21054 @ 0x645a60
QLOITER: _ZN20AP_ESC_Telem_Backend10update_rpmEhff @ 0x645ae0
QLOITER: _ZN20AP_ESC_Telem_Backend17update_telem_dataEhRKNS_13TelemetryDataEt @ 0x645b70
QLOITER: _ZN12AP_ESC_Telem17update_telem_dataEhRKN20AP_ESC_Telem_Backend13TelemetryDataEt @ 0x645c00
QLOITER: _ZN12AP_ESC_Telem10update_rpmEhff @ 0x645ee0
QLOITER: _ZL3MAXIjjEDTqugtfp_fp0_fp_fp0_ERKT_RKT0_.10617 @ 0x646040
QLOITER: _Z16constrain_uint32jjj @ 0xabb0b0
QLOITER: _Z15constrain_valueIjET_S0_S0_S0_ @ 0xabb120
QLOITER: _ZN7HALSITL7RCInput9new_inputEv @ 0x6461d0
QLOITER: _ZN7HALSITL7RCInput12num_channelsEv @ 0x646230
QLOITER: _ZN7HALSITL7RCInput4readEh @ 0x646290
QLOITER: _ZN13AP_RCProtocol4readEh @ 0x646540
QLOITER: _ZN21AP_RCProtocol_Backend4readEh @ 0x6465d0
QLOITER: _ZN13AP_RCProtocol12num_channelsEv @ 0x646630
QLOITER: _ZNK21AP_RCProtocol_Backend12num_channelsEv @ 0x6466b0
QLOITER: _ZN13AP_RCProtocol9new_inputEv @ 0x646700
QLOITER: _ZN13AP_RCProtocol21detect_async_protocolENS_12rcprotocol_tE @ 0x6468c0
QLOITER: _ZNK13AP_RCProtocol10using_uartEv @ 0xabb6b0
QLOITER: _ZNK13AP_RCProtocol22detected_protocol_nameEv @ 0x646aa0
QLOITER: _ZN13AP_RCProtocol27protocol_name_from_protocolENS_12rcprotocol_tE @ 0x646af0
QLOITER: _ZN17AP_RCProtocol_FDM6updateEv @ 0x647510
QLOITER: _ZN21AP_RCProtocol_Backend9add_inputEhPtbss @ 0x6476f0
QLOITER: _ZL3MINIhiEDTqultfp_fp0_fp_fp0_ERKT_RKT0_.20689 @ 0x647850
QLOITER: _ZN13AP_RCProtocol19set_failsafe_activeEb @ 0xabc080
QLOITER: _ZN21AP_RCProtocol_Backend6updateEv @ 0xabc190
QLOITER: _ZN17AP_RCProtocol_UDP6updateEv @ 0x6478d0
QLOITER: _ZN17AP_RCProtocol_UDP21read_all_socket_inputEv @ 0x647b30
QLOITER: _ZN16SocketAPM_native4recvEPvmj @ 0x647dd0
QLOITER: _ZN16SocketAPM_native6pollinEj @ 0x648000
QLOITER: _ZNK16SocketAPM_native11get_read_fdEv @ 0xabc2c0
QLOITER: _ZN18AP_RCProtocol_GHST6updateEv @ 0x648860
QLOITER: _ZNK12NavEKF3_core12getVariancesERfS0_S0_R7Vector3IfES0_R7Vector2IfE @ 0x64a970
QLOITER: _ZL3MAXIddEDTqugtfp_fp0_fp_fp0_ERKT_RKT0_.5309 @ 0x64ab70
QLOITER: _ZNK7Vector2IdE7tofloatEv @ 0xabc9f0
QLOITER: _ZNK12NavEKF2_core12getVariancesERfS0_S0_R7Vector3IfES0_R7Vector2IfE @ 0x64abf0
QLOITER: _ZL3MAXIddEDTqugtfp_fp0_fp_fp0_ERKT_RKT0_.4705 @ 0x64adf0
QLOITER: _ZN3GCS23get_sensor_status_flagsERjS0_S0_ @ 0x64aee0
QLOITER: _ZN3GCS26update_sensor_status_flagsEv @ 0x64afa0
QLOITER: _ZNK7AP_AHRS11initialisedEv @ 0x64b760
QLOITER: _ZNK7AP_AHRS17have_inertial_navEv @ 0x64b890
QLOITER: _ZNK7AP_Baro13num_instancesEv @ 0xabca50
QLOITER: _ZNK6AP_GPS10is_healthyEv @ 0xabcaa0
QLOITER: _ZNK14AP_BattMonitor13num_instancesEv @ 0xabcb00
QLOITER: _ZNK14AP_BattMonitor7healthyEv @ 0x64b8f0
QLOITER: _ZNK14AP_BattMonitor13has_failsafedEv @ 0xabcb50
QLOITER: _ZNK17AP_InertialSensor11calibratingEv @ 0x64b9e0
QLOITER: _ZNK9AP_Logger15logging_enabledEv @ 0x64bab0
QLOITER: _ZNK6AP_GPS15logging_presentEv @ 0xabcbb0
QLOITER: _ZNK6AP_GPS15logging_enabledEv @ 0xabcc20
QLOITER: _ZNK6AP_GPS14logging_failedEv @ 0x64bb80
QLOITER: _ZNK7AP_AHRS12get_ekf_typeEv @ 0xabcc90
QLOITER: _ZNK8AC_Fence18sys_status_enabledEv @ 0x64bc60
QLOITER: _ZNK8AC_Fence18sys_status_presentEv @ 0x64bd00
QLOITER: _ZNK8AC_Fence17sys_status_failedEv @ 0x64bd60
QLOITER: _ZNK11AP_Airspeed7enabledEv @ 0xabccf0
QLOITER: _ZNK11AP_Airspeed3useEv @ 0xabcd50
QLOITER: _ZNK7AP_AHRS23airspeed_sensor_enabledEv @ 0xabcdb0
QLOITER: _ZNK11AP_Airspeed11all_healthyEv @ 0x64bdf0
QLOITER: _ZN2AP11opticalflowEv @ 0x64beb0
QLOITER: _ZNK14AP_OpticalFlow7enabledEv @ 0xabce00
QLOITER: _ZNK14AP_OpticalFlow7healthyEv @ 0xabce70
QLOITER: _ZN2AP6armingEv @ 0x64bef0
QLOITER: _ZNK11RC_Channels22has_ever_seen_rc_inputEv @ 0xabcef0
QLOITER: _ZN9AP_Arming13get_singletonEv @ 0x64bf30
QLOITER: _ZNK7AP_EnumIN14AP_OpticalFlow4TypeEEcvKS1_Ev @ 0xabcf50
QLOITER: _ZN14AP_OpticalFlow13get_singletonEv @ 0xabcfa0
QLOITER: _ZN15AP_AHRS_Backend23airspeed_sensor_enabledEv @ 0xabcfe0
QLOITER: _ZN2AP8airspeedEv @ 0x64bf70
QLOITER: _ZNK8AC_Fence12get_breachesEv @ 0xabd070
QLOITER: _ZNK7AP_EnumIN8AC_Fence6ActionEEcvKS1_Ev @ 0xabd0c0
QLOITER: _ZNK14AP_BattMonitor7healthyEh @ 0x64c030
QLOITER: _ZNK6AP_GPS8num_satsEv @ 0xabd2d0
QLOITER: _ZNK6AP_GPS8num_satsEh @ 0xabd3b0
QLOITER: _ZNK14AP_BattMonitor12current_ampsERfh @ 0x64cf20
QLOITER: _ZNK14AP_BattMonitor12consumed_mahERfh @ 0x64d010
QLOITER: _ZN2AP9fwversionEv @ 0x64d410
QLOITER: _ZN12AP_FWVersion10get_fwverzEv @ 0xabd600
QLOITER: _ZN9AP_Logger14WriteStreamingEPKcS1_S1_z @ 0x64dd30
QLOITER: _ZN22AP_RCProtocol_DroneCAN6updateEv @ 0x64df90
QLOITER: _ZNK16AP_SerialManager11find_serialENS_14SerialProtocolEh @ 0x64f380
QLOITER: _ZN9AP_Notify6updateEv @ 0x6525f0
QLOITER: _ZN2AP3srvEv @ 0x652790
QLOITER: _ZN12SRV_Channels4corkEv @ 0x6527d0
QLOITER: _ZN12SRV_Channels4pushEv @ 0x652830
QLOITER: _ZN16AP_Volz_Protocol6updateEv @ 0x6529e0
QLOITER: _ZN10AP_SBusOut6updateEv @ 0x652cb0
QLOITER: _ZN15AP_RobotisServo6updateEv @ 0x652e30
QLOITER: _ZN16AP_FETtecOneWire6updateEv @ 0x6530a0
QLOITER: _ZN2AP6kdecanEv @ 0x653390
QLOITER: _ZN9AP_KDECAN6updateEv @ 0x6533d0
QLOITER: _ZN12SRV_Channels12find_channelEN11SRV_Channel8FunctionERh @ 0x653db0
QLOITER: _ZN11SRV_Channel8calc_pwmEf @ 0x653e80
QLOITER: _ZNK11SRV_Channel21pwm_from_scaled_valueEf @ 0x653f70
QLOITER: _ZNK11SRV_Channel14pwm_from_angleEf @ 0x654010
QLOITER: _ZNK11SRV_Channel14pwm_from_rangeEf @ 0x654210
QLOITER: _ZN9AP_KDECAN13get_singletonEv @ 0xabfd10
QLOITER: _ZN16AP_FETtecOneWire4initEv @ 0x655b40
QLOITER: _ZN16AP_FETtecOneWire9init_uartEv @ 0x657110
QLOITER: _Z18linear_interpolatefffff @ 0x6597d0
QLOITER: _ZL10swap_floatRfS_ @ 0x659900
QLOITER: _ZN12SRV_Channels13get_singletonEv @ 0xac0770
QLOITER: _ZNK10AP_Mission21get_current_nav_indexEv @ 0xac0b00
QLOITER: _ZNK7AP_AHRS13wind_estimateEv @ 0xac0b80
QLOITER: _ZN10AP_Terrain20height_above_terrainERfb @ 0x65be00
QLOITER: _ZNK10AP_Terrain6statusEv @ 0xac0be0
QLOITER: _ZNK6AP_GPS8get_hdopEh @ 0xac0cf0
QLOITER: _ZNK7AP_AHRS11groundspeedEv @ 0xac0df0
QLOITER: _ZN7AP_Baro14get_climb_rateEv @ 0x65c310
QLOITER: _ZN16DerivativeFilterIfLh7EE5slopeEv @ 0xac0e90
QLOITER: _ZNK11RangeFinder15distance_orientE8Rotation @ 0x65c380
QLOITER: _ZNK11RangeFinder13find_instanceE8Rotation @ 0x65c410
QLOITER: _ZNK11RangeFinder11get_backendEh @ 0x65c560
QLOITER: _Z14float_to_int16f @ 0x65dfc0
QLOITER: _ZNK8Location9get_alt_mENS_8AltFrameERf @ 0x65e140
QLOITER: _ZN18AP_RCProtocol_CRSF6updateEv @ 0x6607d0
QLOITER: _ZN13AP_CRSF_Telem13get_singletonEv @ 0x660e00
QLOITER: _ZN13AP_CRSF_Telem13queue_messageE12MAV_SEVERITYPKc @ 0x661850
QLOITER: _ZN9AP_Notify13get_singletonEv @ 0xac2630
QLOITER: _ZN13AP_ParamTBaseIsL11ap_var_type2EE22set_and_save_ifchangedERKs @ 0xac2c00
QLOITER: _ZN2AP10crsf_telemEv @ 0x6645a0
QLOITER: _ZNK7AP_AHRS12get_roll_radEv @ 0xac2e20
QLOITER: _ZNK7AP_AHRS11get_yaw_radEv @ 0xac2e70
QLOITER: _ZNK8AP_Param15copy_name_tokenERKNS_10ParamTokenEPcmb @ 0x6660b0
QLOITER: _ZNK8AP_Param19find_var_info_tokenERKNS_10ParamTokenEPjRPKNS_9GroupInfoERNS_12GroupNestingEPh @ 0x666220
QLOITER: _ZN19AP_RCProtocol_SRXL26updateEv @ 0x66a3c0
QLOITER: _ZNK14AP_BattMonitor15get_temperatureERfh @ 0x66d4a0
QLOITER: _ZN2AP3rtcEv @ 0x66d570
QLOITER: _ZNK6AP_RTC12get_utc_usecERm @ 0x66d690
QLOITER: _ZN6AP_RTC13get_singletonEv @ 0xac3a80
QLOITER: _ZNK11AP_Airspeed12get_airspeedEv @ 0xac3ac0
QLOITER: _ZNK11AP_Airspeed12get_airspeedEh @ 0x66d940
QLOITER: _ZN2AP9esc_telemEv @ 0x66d9f0
QLOITER: _ZNK12AP_ESC_Telem7get_rpmEhRf @ 0x66db90
QLOITER: _ZL3MINIffEDTqultfp_fp0_fp_fp0_ERKT_RKT0_.10600 @ 0x66dd30
QLOITER: _ZNVK20AP_ESC_Telem_Backend13TelemetryData5staleEv @ 0x66de20
QLOITER: _ZN12AP_ESC_Telem13get_singletonEv @ 0x66dea0
QLOITER: _ZN17AP_RCProtocol_DSM6updateEv @ 0x6713b0
QLOITER: _ZN7HALSITL9Scheduler5delayEt @ 0x672ca0
QLOITER: _ZN7HALSITL9Scheduler18delay_microsecondsEt @ 0x672d90
QLOITER: _ZN6AP_HAL9Scheduler24delay_microseconds_boostEt @ 0xac4260
QLOITER: _ZN6AP_HAL9Scheduler15expect_delay_msEj @ 0xac42d0
QLOITER: _ZN6AP_HAL9Scheduler9boost_endEv @ 0xac4370
QLOITER: _ZNK6AP_HAL9Scheduler17in_delay_callbackEv @ 0xac43c0
QLOITER: _ZN7HALSITL9Scheduler21is_system_initializedEv @ 0xac4420
QLOITER: _ZN7HALSITL9Scheduler10stop_clockEm @ 0x673300
QLOITER: _ZNK7HALSITL9Scheduler14in_main_threadEv @ 0x6733a0
QLOITER: _ZN7HALSITL10SITL_State10wait_clockEm @ 0x673a60
QLOITER: _ZNK4SITL8Aircraft11get_speedupEv @ 0xac45d0
QLOITER: _ZNK7HALSITL9Scheduler28semaphore_wait_hack_requiredEv @ 0x673c10
QLOITER: _ZN7HALSITL10SITL_State15_fdm_input_stepEv @ 0x673c90
QLOITER: _ZN7HALSITL10SITL_State16_fdm_input_localEv @ 0x673de0
QLOITER: _ZNK7HALSITL9Scheduler22interrupts_are_blockedEv @ 0xac4620
QLOITER: _ZN7HALSITL9Scheduler17sitl_begin_atomicEv @ 0xac4680
QLOITER: _ZN7HALSITL9Scheduler11timer_eventEv @ 0xac46e0
QLOITER: _ZN7HALSITL9Scheduler15sitl_end_atomicEv @ 0x673f80
QLOITER: _ZN7HALSITL10SITL_State16_update_airspeedEf @ 0x674020
QLOITER: _ZN7HALSITL10SITL_State19_update_rangefinderEv @ 0x674390
QLOITER: _ZNK7HALSITL10SITL_State18_sonar_pin_voltageEv @ 0x6743f0
QLOITER: _ZN7AP_Baro24get_EAS2TAS_for_alt_amslEf @ 0x674560
QLOITER: _ZL2sqf.14351 @ 0x6745e0
QLOITER: _ZN7AP_Baro28get_air_density_for_alt_amslEf @ 0x674630
QLOITER: _ZL3MAXIffEDTqugtfp_fp0_fp_fp0_ERKT_RKT0_.2718 @ 0x674800
QLOITER: _ZN7HALSITL9Scheduler16_run_timer_procsEv @ 0x674880
QLOITER: _ZN7HALSITL10SITL_State17_simulator_servosER10sitl_input @ 0x674980
QLOITER: _ZN4SITL11JSON_Master7receiveER10sitl_input @ 0x675610
QLOITER: _ZN7HALSITL10SITL_State22multicast_servo_updateER10sitl_input @ 0x675ab0
QLOITER: _ZN4SITL8Aircraft11update_homeEv @ 0x675b90
QLOITER: _ZN4SITL8Aircraft12update_modelERK10sitl_input @ 0x675cf0
QLOITER: _ZN4SITL8Aircraft8fill_fdmERNS_8sitl_fdmE @ 0x675d90
QLOITER: _ZN7HALSITL8CANIface14num_interfacesEv @ 0xac4720
QLOITER: _ZNK4SITL8Aircraft20get_position_relhomeEv @ 0x676960
QLOITER: _ZN4SITL11JSON_Master4sendERKNS_8sitl_fdmERK7Vector3IdE @ 0x676a20
QLOITER: _ZN7HALSITL17SITL_State_Common10sim_updateEv @ 0x676cc0
QLOITER: _ZN7HALSITL10SITL_State14set_height_aglEv @ 0x677510
QLOITER: _ZNK4SITL8Aircraft15get_velocity_efEv @ 0xac47b0
QLOITER: _ZN4SITL3GPS6updateEv @ 0x6788e0
QLOITER: _ZN4SITL12SerialDevice17init_sitl_pointerEv @ 0x67a030
QLOITER: _ZN4SITL3GPS24check_backend_allocationEv @ 0x67a0c0
QLOITER: _ZN4SITL3GPS16interpolate_dataERKNS_8GPS_DataEj @ 0x67a6d0
QLOITER: _ZL3MAXIifEDTqugtfp_fp0_fp_fp0_ERKT_RKT0_.15075 @ 0x67b060
QLOITER: _ZNK4SITL11GPS_Backend11device_baudEv @ 0xac4dd0
QLOITER: _ZN4SITL11GPS_Backend11update_readEv @ 0x67b1e0
QLOITER: _ZNK4SITL11GPS_Backend18write_to_autopilotEPKcm @ 0x67b530
QLOITER: _ZNK4SITL11GPS_Backend19read_from_autopilotEPcm @ 0x67b5b0
QLOITER: _ZN4SITL11GPS_Backend8gps_timeEv @ 0x67c050
QLOITER: _ZN7Vector2IdEC2Edd @ 0xac4ff0
QLOITER: _ZNK7Vector2IdE6lengthEv @ 0xac5070
QLOITER: _ZN4SITL11GPS_Backend18simulation_timevalEP7timeval @ 0x67c980
QLOITER: _ZN4SITL9GPS_UBlox7publishEPKNS_8GPS_DataE @ 0x67f850
QLOITER: _Z4normIddJdEEdT_T0_DpKT1_ @ 0xac5710
QLOITER: _ZL7degreesf.15163 @ 0x680320
QLOITER: _ZN4SITL9GPS_UBlox8send_ubxEhPht @ 0x680850
QLOITER: _ZL3MAXIiiEDTqugtfp_fp0_fp_fp0_ERKT_RKT0_.15164 @ 0x680a20
QLOITER: _ZNK7Vector3IfE6is_nanEv @ 0xac5790
QLOITER: _ZN7Matrix3IfE6rotateERK7Vector3IfE @ 0xac5860
QLOITER: _ZN7Matrix3IfEpLERKS0_ @ 0xac5a80
QLOITER: _ZNK7Matrix3IfEplERKS0_ @ 0xac5b10
QLOITER: _Z2sqIdJddEEdT_DpKT0_ @ 0xac5c30
QLOITER: _Z11wrap_360_cdi @ 0x6811d0
QLOITER: _ZNK11QuaternionTIfE8to_eulerERfS1_S1_ @ 0xac5cd0
QLOITER: _ZNK11QuaternionTIfE13get_euler_yawEv @ 0xac5de0
QLOITER: _ZNK7Vector3IdEplERKS0_ @ 0xac67e0
QLOITER: _ZN7Vector3IdEpLERKS0_ @ 0xac6880
QLOITER: _ZN7Matrix3IdEC2Ev @ 0xac6920
QLOITER: _ZN7Matrix3IdE10from_eulerEddd @ 0xac69a0
QLOITER: _ZNK7Matrix3IdEmlERK7Vector3IdE @ 0xac6b60
QLOITER: _ZNK7Vector3IdEmiERKS0_ @ 0xac7350
QLOITER: _ZNK7Vector3IdE7tofloatEv @ 0xac73f0
QLOITER: _Z11wrap_360_cdf @ 0x68a540
QLOITER: _ZNK7Vector3IdE6lengthEv @ 0xac7530
QLOITER: _ZN7Vector3IdE4zeroEv @ 0xac7590
QLOITER: _ZNK7Vector3IdEmlEd @ 0xac75f0
QLOITER: _ZNK7Matrix3IfE10transposedEv @ 0xac77c0
QLOITER: _ZN7Matrix3IfE9normalizeEv @ 0xac7990
QLOITER: _ZNK8Location22get_distance_NE_doubleERKS_ @ 0x68daf0
QLOITER: _ZN7Vector3IdE2xyEv @ 0xac7c60
QLOITER: _ZN7Vector2IdEpLERKS0_ @ 0xac7cb0
QLOITER: _ZN4SITL8Aircraft14smooth_sensorsEv @ 0x68e050
QLOITER: _ZL7degreesf.16872 @ 0x68ea40
QLOITER: _ZNK7Matrix3IfE8to_eulerEPfS1_S1_ @ 0xac7d30
QLOITER: _ZNK7AP_EnumI8RotationEcvKS0_Ev @ 0xac7e50
QLOITER: _ZNK8HAL_SITL32get_uart_output_full_queue_countEv @ 0x68eb10
QLOITER: _ZNK4SITL8Aircraft16get_wall_time_usEv @ 0x68ec50
QLOITER: _ZNK7Vector3IdEdvEd @ 0xac8030
QLOITER: _ZNK11QuaternionTIfEdvERKS0_ @ 0xac80d0
QLOITER: _ZNK11QuaternionTIfE7is_zeroEv @ 0xac8320
QLOITER: _ZN4SITL8Aircraft12time_advanceEv @ 0x68ecd0
QLOITER: _ZN4SITL8Aircraft15sync_frame_timeEv @ 0x68ed70
QLOITER: _ZN9AP_Logger14WriteStreamingEPKcS1_S1_S1_S1_z @ 0x68f070
QLOITER: _ZL3MAXI9AP_ParamTIfL11ap_var_type4EEdEDTqugtfp_fp0_fp_fp0_ERKT_RKT0_.14196 @ 0x68f3e0
QLOITER: _Z21calc_lowpass_alpha_dtff @ 0x68f480
QLOITER: _ZL3MAXIfiEDTqugtfp_fp0_fp_fp0_ERKT_RKT0_.14197 @ 0x68f5b0
QLOITER: _ZNK4SITL16FETtecOneWireESC7enabledEv @ 0xac83f0
QLOITER: _ZNK4SITL4Volz7enabledEv @ 0xac8460
QLOITER: _ZN7HALSITL17SITL_State_Common22update_voltage_currentER10sitl_inputf @ 0x68f880
QLOITER: _ZN8AP_Param18eeprom_write_checkEPKvth @ 0x6922b0
QLOITER: _ZN8AP_Param14write_sentinalEt @ 0x692340
QLOITER: _ZN13AP_Filesystem9load_fileEPKc @ 0x6923e0
QLOITER: _ZNK4SITL8Aircraft45perpendicular_distance_to_rangefinder_surfaceEv @ 0x692fd0
QLOITER: _ZNK4SITL8Aircraft9on_groundEv @ 0x693030
QLOITER: _ZNK4SITL8Aircraft4haglEv @ 0x6930a0
QLOITER: _ZNK4SITL8Aircraft24ground_height_differenceEv @ 0x693170
QLOITER: _ZN4SITL8Aircraft15update_dynamicsERK7Vector3IfE @ 0x6939e0
QLOITER: _ZN4SITL8Aircraft23update_external_payloadERK10sitl_input @ 0x694a60
QLOITER: _ZN4SITL8Aircraft15update_positionEv @ 0x694ef0
QLOITER: _ZN4SITL8Aircraft11update_windERK10sitl_input @ 0x695080
QLOITER: _ZN4SITL8Aircraft19update_mag_field_bfEv @ 0x695510
QLOITER: _ZL7radiansf.16838 @ 0x695900
QLOITER: _ZNK8Location23get_distance_NED_doubleERKS_ @ 0x695960
QLOITER: _ZN4SITL8Aircraft17get_local_updraftERK7Vector3IdE @ 0x695a80
QLOITER: _ZN7Vector2IdEmIERKS0_ @ 0xaca3b0
QLOITER: _ZNK4SITL7Sprayer10is_enabledEv @ 0xaca440
QLOITER: _ZN4SITL3I2C6updateERKNS_8AircraftE @ 0x696340
QLOITER: _ZNK4SITL6Buzzer10is_enabledEv @ 0xaca4f0
QLOITER: _ZNK4SITL13Gripper_Servo10is_enabledEv @ 0xaca550
QLOITER: _ZNK4SITL11Gripper_EPM10is_enabledEv @ 0xaca610
QLOITER: _ZNK4SITL9Parachute10is_enabledEv @ 0xaca6c0
QLOITER: _ZNK4SITL12SIM_Precland10is_enabledEv @ 0xaca720
QLOITER: _ZN4SITL7ShipSim6updateEv @ 0x697310
QLOITER: _ZNK4SITL7ShipSim12get_locationER8Location @ 0x697c70
QLOITER: _ZNK7Vector3IdE14length_squaredEv @ 0xacc780
QLOITER: _ZNK7Vector3IdEmlERKS0_ @ 0xacc8f0
QLOITER: _ZNK7AP_AHRS11get_EAS2TASEv @ 0x69d2d0
QLOITER: _ZL2sqf.16887 @ 0x69d360
QLOITER: _ZN4SITL8Aircraft19update_eas_airspeedEv @ 0x69d3b0
QLOITER: _ZN4SITL7ShipSim27get_ground_speed_adjustmentERK8LocationRf @ 0x69d540
QLOITER: _ZL3MAXIfiEDTqugtfp_fp0_fp_fp0_ERKT_RKT0_.16891 @ 0x69d7c0
QLOITER: _ZN4SITL15SlungPayloadSim6updateERK7Vector3IdERKS1_IfES7_S7_ @ 0x69d860
QLOITER: _ZN4SITL9TetherSim6updateERK8Location @ 0x69d9f0
QLOITER: _ZN4SITL8Aircraft17adjust_frame_timeEf @ 0x69db60
QLOITER: _ZNK7Vector3IdE7is_zeroEv @ 0xaccaa0
QLOITER: _ZN7Vector3IfE2xyEv @ 0xaccb50
QLOITER: _ZN7Vector3IfEmIERKS0_ @ 0xaccc00
QLOITER: _ZL7radiansi.16892 @ 0x6a0af0
QLOITER: _ZN4SITL8Aircraft20filtered_servo_angleERK10sitl_inputh @ 0x6a0b50
QLOITER: _ZN4SITL8Aircraft20filtered_servo_rangeERK10sitl_inputh @ 0x6a0c50
QLOITER: _ZNK9AP_ParamTIfL11ap_var_type4EEplERKS1_ @ 0xacceb0
QLOITER: _ZN10ServoModel12filter_rangeEtf @ 0x6a15c0
QLOITER: _ZN10ServoModel12apply_filterEff @ 0x6a1660
QLOITER: _ZN10ServoModel19apply_simple_filterEff @ 0x6a1a60
QLOITER: _ZN13LowPassFilterIfE20set_cutoff_frequencyERKf @ 0xacd5d0
QLOITER: _ZN13LowPassFilterIfE5applyERKfS2_ @ 0xacd640
QLOITER: _ZN10ServoModel12filter_angleEtf @ 0x6a1c90
QLOITER: _ZN7Vector2IdE4zeroEv @ 0xacd6e0
QLOITER: _Z11is_positived @ 0xacddb0
QLOITER: _ZN7Vector3IfE9normalizeEv @ 0xace590
QLOITER: _ZN13AP_Filesystem4readEiPvj @ 0x6b43c0
QLOITER: _ZN4SITL5Plane6updateERK10sitl_input @ 0x6b50d0
QLOITER: _ZN4SITL5Plane16calculate_forcesERK10sitl_inputR7Vector3IfE @ 0x6b52a0
QLOITER: _ZL2sqf.15869 @ 0x6b5d30
QLOITER: _ZNK4SITL5Plane8getForceEfff @ 0x6b6380
QLOITER: _ZNK4SITL5Plane9getTorqueEffffRK7Vector3IfE @ 0x6b6c00
QLOITER: _ZN4SITL8Aircraft9add_noiseEf @ 0x6b7270
QLOITER: _ZNK4SITL5Plane9liftCoeffEf @ 0x6b7520
QLOITER: _ZNK4SITL5Plane9dragCoeffEf @ 0x6b7840
QLOITER: _ZN7Vector3IdEmIERKS0_ @ 0xad8810
QLOITER: _ZL7radiansd.17180 @ 0x6c1930
QLOITER: _ZN7HALSITL7Storage10read_blockEPvtm @ 0x6d4260
QLOITER: _ZN7HALSITL7Storage11write_blockEtPKvm @ 0x6d4330
QLOITER: _ZN7HALSITL7Storage11_timer_tickEv @ 0x6d4450
QLOITER: _ZN7HALSITL7Storage7healthyEv @ 0x6d4680
QLOITER: _ZN7HALSITL7Storage15get_storage_ptrERPvRm @ 0x6d4710
QLOITER: _ZNK7BitmaskILt2048EE5emptyEv @ 0xad9f80
QLOITER: _ZNK7BitmaskILt2048EE3getEt @ 0xada020
QLOITER: _ZN10AP_RAMTRON5writeEjPKhj @ 0x6d47c0
QLOITER: _ZN7BitmaskILt2048EE5clearEt @ 0xada0f0
QLOITER: _ZNK8HAL_SITL25get_storage_posix_enabledEv @ 0xada1b0
QLOITER: _ZNK7BitmaskILt2048EE8validateEt @ 0xada270
QLOITER: _ZNK10AP_RAMTRON8get_sizeEv @ 0xada300
QLOITER: _ZN7HALSITL7Storage13_storage_openEv @ 0x6d4e40
QLOITER: _ZN7HALSITL7Storage11_mark_dirtyEtt @ 0x6d5150
QLOITER: _ZN7BitmaskILt2048EE3setEt @ 0xada3a0
QLOITER: _ZNK15ExpandingString10get_lengthEv @ 0xadadf0
QLOITER: _ZNK15ExpandingString10get_stringEv @ 0xadae40
QLOITER: _ZN15ExpandingStringC2Ev @ 0xadaee0
QLOITER: _ZN17AP_Filesystem_Sys4openEPKcib @ 0x6d7fd0
QLOITER: _ZN17AP_Filesystem_Sys5closeEi @ 0x6d8560
QLOITER: _ZN17AP_Filesystem_Sys4readEiPvj @ 0x6d8660
QLOITER: _ZN17AP_Filesystem_Sys13file_in_sysfsEPKc @ 0x6d8d40
QLOITER: _ZL3MINIjjEDTqultfp_fp0_fp_fp0_ERKT_RKT0_.10226 @ 0x6d8e70
QLOITER: _ZNK15ExpandingString21has_failed_allocationEv @ 0xadb250
QLOITER: _ZN8AP_Param9save_syncEbb @ 0x6db8c0
QLOITER: _ZN19AP_Filesystem_ROMFS4openEPKcib @ 0x6dbea0
QLOITER: _ZN8AP_ROMFS15find_decompressEPKcRj @ 0x6dd000
QLOITER: _ZN8AP_ROMFS9find_fileEPKc @ 0x6dd1e0
QLOITER: _ZNK7NavEKF317option_is_enabledENS_6OptionE @ 0xadbb40
QLOITER: _ZNK6AP_DAL6millisEv @ 0xadbbc0
QLOITER: _ZNK12NavEKF3_core10errorScoreEv @ 0x6e1ae0
QLOITER: _ZNK12NavEKF3_core16have_aligned_yawEv @ 0xadbc10
QLOITER: _ZNK12NavEKF3_core17have_aligned_tiltEv @ 0xadbc70
QLOITER: _ZN7Vector2IdEC2Ev @ 0xadbcd0
QLOITER: _ZNK12NavEKF3_core8getPosNEER7Vector2IdE @ 0x6e23c0
QLOITER: _ZNK7Vector3IdE2xyEv @ 0xadbdc0
QLOITER: _ZNK7Vector2IdE8todoubleEv @ 0xadbe10
QLOITER: _ZNK7Vector2IdEplERKS0_ @ 0xadbe70
QLOITER: _ZNK8Location23get_distance_NE_postypeERKS_ @ 0x6e2660
QLOITER: _ZNK10AP_DAL_GPS6statusEh @ 0xadbf00
QLOITER: _ZNK12NavEKF3_core14getEulerAnglesER7Vector3IfE @ 0x6e27c0
QLOITER: _ZNK11QuaternionTIdE8to_eulerER7Vector3IfE @ 0xadbf70
QLOITER: _ZNK6AP_DAL8get_trimEv @ 0xadbff0
QLOITER: _ZNK11QuaternionTIdE8to_eulerERfS1_S1_ @ 0xadc050
QLOITER: _ZNK11QuaternionTIdE14get_euler_rollEv @ 0xadc110
QLOITER: _ZNK11QuaternionTIdE15get_euler_pitchEv @ 0xadc1c0
QLOITER: _ZNK11QuaternionTIdE13get_euler_yawEv @ 0xadc240
QLOITER: _Z9safe_asinIdEfT_ @ 0xadc2f0
QLOITER: _ZL3MAXIfdEDTqugtfp_fp0_fp_fp0_ERKT_RKT0_.5263 @ 0x6e2880
QLOITER: _ZNK12NavEKF3_core20assume_zero_sideslipEv @ 0x6e2920
QLOITER: _ZN6AP_DAL8airspeedEv @ 0xadc3d0
QLOITER: _ZNK15AP_DAL_Airspeed15get_num_sensorsEv @ 0xadc420
QLOITER: _ZNK6AP_DAL15get_fly_forwardEv @ 0xadc470
QLOITER: _ZNK6AP_DAL17get_vehicle_classEv @ 0xadc4e0
QLOITER: _ZNK12NavEKF2_core10errorScoreEv @ 0x6e2b10
QLOITER: _ZNK12NavEKF2_core8getPosNEER7Vector2IdE @ 0x6e3210
QLOITER: _ZNK10AP_DAL_GPS14primary_sensorEv @ 0xadc530
QLOITER: _ZNK12NavEKF2_core14getEulerAnglesER7Vector3IfE @ 0x6e3460
QLOITER: _ZN19RestrictIDTypeArrayIP17CompassCalibratorLj3E14typesafe_indexIh12TAG_PriorityEEixERKS4_ @ 0xadc640
QLOITER: _ZNK6AP_GPS15time_epoch_usecEv @ 0xadcf50
QLOITER: _ZNK9AP_Logger10should_logEj @ 0x6eca50
QLOITER: _ZNK6AP_GPS9time_weekEh @ 0xadd0c0
QLOITER: _ZNK6AP_GPS12time_week_msEh @ 0xadd130
QLOITER: _ZNK7AP_AHRS13get_pitch_degEv @ 0xadd1f0
QLOITER: _ZNK6AP_GPS15time_epoch_usecEh @ 0x6ed2f0
QLOITER: _ZNK14AP_GPS_Backend16get_last_itow_msEv @ 0x6ed460
QLOITER: _ZN6AP_GPS23istate_time_to_epoch_msEtj @ 0x6ed520
QLOITER: _ZN7AP_ADSB13check_startupEv @ 0x6ef090
QLOITER: _ZNK7Vector2IfE6is_nanEv @ 0xade070
QLOITER: _ZNK10AP_Gripper7enabledEv @ 0xadebc0
QLOITER: _ZN10AP_Vehicle13update_armingEv @ 0x6fc030
QLOITER: _ZN7FunctorIvJEE14method_wrapperI10AP_VehicleXadL_ZNS2_13update_armingEvEEEEvPv @ 0xadfc40
QLOITER: _ZN9AP_Arming6updateEv @ 0x6fc080
QLOITER: _ZN8AP_Stats6updateEv @ 0x6fc170
QLOITER: _ZN7FunctorIvJEE14method_wrapperI8AP_StatsXadL_ZNS2_6updateEvEEEEvPv @ 0xadfcf0
QLOITER: _ZN8AP_Stats17update_flighttimeEv @ 0x6fc320
QLOITER: _ZN8AP_Stats14update_runtimeEv @ 0x6fc3f0
QLOITER: _ZN8AP_Stats5flushEv @ 0x6fc490
QLOITER: _ZN13AP_ParamTBaseIiL11ap_var_type3EE22set_and_save_ifchangedERKi @ 0xadfda0
QLOITER: _ZN10AP_Filters6updateEv @ 0x6fc610
QLOITER: _ZN7FunctorIvJEE14method_wrapperI10AP_FiltersXadL_ZNS2_6updateEvEEEEvPv @ 0xadfe30
QLOITER: _ZN10AP_Vehicle17check_motor_noiseEv @ 0x6fd750
QLOITER: _ZN7FunctorIvJEE14method_wrapperI10AP_VehicleXadL_ZNS2_17check_motor_noiseEvEEEEvPv @ 0xae06e0
QLOITER: _ZNK10AP_GyroFFT15check_esc_noiseEv @ 0xae0790
QLOITER: _ZNK17NotchFilterParams7enabledEv @ 0xae09c0
QLOITER: _ZN10AP_Vehicle13one_Hz_updateEv @ 0x6fde30
QLOITER: _ZN7FunctorIvJEE14method_wrapperI10AP_VehicleXadL_ZNS2_13one_Hz_updateEvEEEEvPv @ 0xae0a10
QLOITER: _ZN12AP_Scripting6updateEv @ 0x6fdf10
QLOITER: _ZN16AP_SerialManager20registered_ports_logEv @ 0x6fdf60
QLOITER: _ZN12AP_Scripting13save_checksumEv @ 0x6fe040
QLOITER: _ZN10AP_Gripper6updateEv @ 0x6fe140
QLOITER: _ZN7FunctorIvJEE14method_wrapperI10AP_GripperXadL_ZNS2_6updateEvEEEEvPv @ 0xae0b50
QLOITER: _ZN6AP_EFI6updateEv @ 0x6fe2b0
QLOITER: _ZN7FunctorIvJEE14method_wrapperI6AP_EFIXadL_ZNS2_6updateEvEEEEvPv @ 0xae0c00
QLOITER: _ZN6AP_AIS6updateEv @ 0x6fe730
QLOITER: _ZN7FunctorIvJEE14method_wrapperI6AP_AISXadL_ZNS2_6updateEvEEEEvPv @ 0xae0cb0
QLOITER: _ZN8AC_Fence6updateEv @ 0x6fe780
QLOITER: _ZN7FunctorIvJEE14method_wrapperI8AC_FenceXadL_ZNS2_6updateEvEEEEvPv @ 0xae0d60
QLOITER: _ZN19AC_PolyFence_loader6updateEv @ 0x6fe8b0
QLOITER: _ZN19AC_PolyFence_loader17load_from_storageEv @ 0x6fe9a0
QLOITER: _ZN10AP_Vehicle16accel_cal_updateEv @ 0x6ffe00
QLOITER: _ZN7FunctorIvJEE14method_wrapperI10AP_VehicleXadL_ZNS2_16accel_cal_updateEvEEEEvPv @ 0xae0f40
QLOITER: _ZN20AP_TemperatureSensor6updateEv @ 0x7015a0
QLOITER: _ZN7FunctorIvJEE14method_wrapperI20AP_TemperatureSensorXadL_ZNS2_6updateEvEEEEvPv @ 0xae1040
QLOITER: _ZN10AP_Vehicle16publish_osd_infoEv @ 0x701860
QLOITER: _ZN7FunctorIvJEE14method_wrapperI10AP_VehicleXadL_ZNS2_16publish_osd_infoEvEEEEvPv @ 0xae1190
QLOITER: _ZN6AP_OSD12set_nav_infoERNS_7NavInfoE @ 0x701980
QLOITER: _ZN6AP_RPM6updateEv @ 0x7019f0
QLOITER: _ZN7FunctorIvJEE14method_wrapperI6AP_RPMXadL_ZNS2_6updateEvEEEEvPv @ 0xae1240
QLOITER: _ZNK6AP_RPM7Log_RPMEv @ 0x701bd0
QLOITER: _ZNK6AP_RPM7enabledEh @ 0x701cf0
QLOITER: _ZN14AP_OpenDroneID6updateEv @ 0x701da0
QLOITER: _ZN7FunctorIvJEE14method_wrapperI14AP_OpenDroneIDXadL_ZNS2_6updateEvEEEEvPv @ 0xae1360
QLOITER: _ZNK6AP_GPS8velocityEv @ 0xae2c00
QLOITER: _ZNK7AP_AHRS18groundspeed_vectorEv @ 0xae2c60
QLOITER: _ZNK6AP_GPS19horizontal_accuracyERf @ 0xae2d40
QLOITER: _ZNK6AP_GPS17vertical_accuracyERf @ 0xae2dc0
QLOITER: _ZNK6AP_GPS14speed_accuracyERf @ 0xae2e40
QLOITER: _ZNK6AP_GPS14speed_accuracyEhRf @ 0x706a10
QLOITER: _ZNK6AP_GPS17vertical_accuracyEhRf @ 0x706ae0
QLOITER: _ZNK6AP_GPS19horizontal_accuracyEhRf @ 0x706bb0
QLOITER: _ZNK6AP_GPS14get_undulationEhRf @ 0x706c80
QLOITER: _ZNK6AP_GPS8velocityEh @ 0xae2ec0
QLOITER: _ZN12AP_Generator6updateEv @ 0x706d50
QLOITER: _ZN7FunctorIvJEE14method_wrapperI12AP_GeneratorXadL_ZNS2_6updateEvEEEEvPv @ 0xae2f90
QLOITER: _ZN14AP_Servo_Telem6updateEv @ 0x706dc0
QLOITER: _ZN7FunctorIvJEE14method_wrapperI14AP_Servo_TelemXadL_ZNS2_6updateEvEEEEvPv @ 0xae3040
QLOITER: _ZN14AP_Servo_Telem9write_logEv @ 0x706e10
QLOITER: _ZN12AP_ESC_Telem6updateEv @ 0x7072c0
QLOITER: _ZN7FunctorIvJEE14method_wrapperI12AP_ESC_TelemXadL_ZNS2_6updateEvEEEEvPv @ 0xae30f0
QLOITER: _ZNK12AP_ESC_Telem11get_raw_rpmEhRf @ 0x707700
QLOITER: _ZN6AP_HAL15timeout_expiredIjjmEEbT_T0_T1_ @ 0xae31a0
QLOITER: _ZN10AP_Vehicle30send_watchdog_reset_statustextEv @ 0x7077d0
QLOITER: _ZN7FunctorIvJEE14method_wrapperI10AP_VehicleXadL_ZNS2_30send_watchdog_reset_statustextEvEEEEvPv @ 0xae3220
QLOITER: _ZN8AP_Tramp6updateEv @ 0x707930
QLOITER: _ZN7FunctorIvJEE14method_wrapperI8AP_TrampXadL_ZNS2_6updateEvEEEEvPv @ 0xae32d0
QLOITER: _ZN10AP_VideoTX6updateEv @ 0x708910
QLOITER: _ZN7FunctorIvJEE14method_wrapperI10AP_VideoTXXadL_ZNS2_6updateEvEEEEvPv @ 0xae3500
QLOITER: _ZN10AP_Vehicle38update_dynamic_notch_at_specified_rateEv @ 0x708b40
QLOITER: _ZN7FunctorIvJEE14method_wrapperI10AP_VehicleXadL_ZNS2_38update_dynamic_notch_at_specified_rateEvEEEEvPv @ 0xae35b0
QLOITER: _ZNK25HarmonicNotchFilterParams9hasOptionENS_7OptionsE @ 0xae3660
QLOITER: _ZN10AP_Vehicle20update_dynamic_notchERN17AP_InertialSensor13HarmonicNotchE @ 0x708c90
QLOITER: _ZN10AP_GyroFFT17update_parametersEv @ 0xae3a10
QLOITER: _ZN7FunctorIvJEE14method_wrapperI10AP_GyroFFTXadL_ZNS2_17update_parametersEvEEEEvPv @ 0xae3a60
QLOITER: _ZN10AP_GyroFFT17update_parametersEb @ 0x709ef0
QLOITER: _ZN10AP_GyroFFT6updateEv @ 0x70a290
QLOITER: _ZN7FunctorIvJEE14method_wrapperI10AP_GyroFFTXadL_ZNS2_6updateEvEEEEvPv @ 0xae3b10
QLOITER: _ZN14AP_NMEA_Output6updateEv @ 0x70a420
QLOITER: _ZN7FunctorIvJEE14method_wrapperI14AP_NMEA_OutputXadL_ZNS2_6updateEvEEEEvPv @ 0xae3bc0
QLOITER: _ZN7FunctorIvJEE14method_wrapperI9AP_NotifyXadL_ZNS2_6updateEvEEEEvPv @ 0xae3c70
QLOITER: _ZN7Compass10cal_updateEv @ 0x70b490
QLOITER: _ZN7FunctorIvJEE14method_wrapperI7CompassXadL_ZNS2_10cal_updateEvEEEEvPv @ 0xae3d20
QLOITER: _ZN11AP_Airspeed6updateEv @ 0x70bfe0
QLOITER: _ZN7FunctorIvJEE14method_wrapperI11AP_AirspeedXadL_ZNS2_6updateEvEEEEvPv @ 0xae3e30
QLOITER: _ZN11AP_Airspeed4readEh @ 0x70c1d0
QLOITER: _ZN11AP_Airspeed21check_sensor_failuresEv @ 0x70c9f0
QLOITER: _ZN11AP_Airspeed12Log_AirspeedEv @ 0x70ca70
QLOITER: _ZNK11AP_Airspeed16get_raw_airspeedEh @ 0x70cd40
QLOITER: _ZNK11AP_Airspeed25get_differential_pressureEh @ 0x70cdf0
QLOITER: _ZNK11AP_Airspeed22get_corrected_pressureEh @ 0x70ce90
QLOITER: _ZNK11AP_Airspeed10get_offsetEh @ 0x70cf30
QLOITER: _ZNK11AP_Airspeed22get_health_probabilityEh @ 0xae3ee0
QLOITER: _ZNK11AP_Airspeed14get_test_ratioEh @ 0xae3f50
QLOITER: _ZNK11AP_Airspeed11get_primaryEv @ 0xae3fc0
QLOITER: _ZN11AP_Airspeed35check_sensor_ahrs_wind_max_failuresEh @ 0x70cff0
QLOITER: _ZNK7AP_AHRS20airspeed_health_dataERfS0_Rj @ 0x70d910
QLOITER: _ZL3MAXI9AP_ParamTIfL11ap_var_type4EEfEDTqugtfp_fp0_fp_fp0_ERKT_RKT0_.19060 @ 0x70da00
QLOITER: _ZNK7NavEKF319getAirSpdHealthDataERfS0_Rj @ 0x70da90
QLOITER: _ZNK12NavEKF3_core19getAirSpdHealthDataERfS0_Rj @ 0x70db60
QLOITER: _ZN10AP_GyroFFT12sample_gyrosEv @ 0x70e290
QLOITER: _ZN7FunctorIvJEE14method_wrapperI10AP_GyroFFTXadL_ZNS2_12sample_gyrosEvEEEEvPv @ 0xae4010
QLOITER: _ZN10AP_Vehicle4loopEv @ 0x70eb30
QLOITER: _ZN12AP_Scheduler4loopEv @ 0x70edd0
QLOITER: _ZN12AP_Scheduler17get_loop_period_sEv @ 0xae7000
QLOITER: _ZN17AP_InertialSensor15wait_for_sampleEv @ 0x70f370
QLOITER: _ZN12AP_Scheduler4tickEv @ 0x70f8b0
QLOITER: _ZN12AP_Scheduler3runEj @ 0x70f910
QLOITER: _ZN2AP8PerfInfo15check_loop_timeEj @ 0x70fec0
QLOITER: _ZN2AP8PerfInfo12task_slippedEh @ 0xae7130
QLOITER: _ZL15fill_nanf_stackv @ 0x710050
QLOITER: _ZN2AP8PerfInfo16update_task_infoEhtb @ 0x7100a0
QLOITER: _ZNK7AP_AHRS9get_accelEv @ 0xae7340
QLOITER: _ZNK7AP_AHRS14get_accel_biasEv @ 0xae73b0
QLOITER: _ZNK6AP_GPS15ground_speed_cmEv @ 0xae7410
QLOITER: _ZNK7AP_AHRS24_get_primary_accel_indexEv @ 0x716980
QLOITER: _ZNK7AP_AHRS22_get_primary_IMU_indexEv @ 0x7169d0
QLOITER: _ZNK7NavEKF322getPrimaryCoreIMUIndexEv @ 0x716b30
QLOITER: _ZNK17AP_InertialSensor21get_first_usable_gyroEv @ 0xae7470
QLOITER: _ZNK12NavEKF3_core11getIMUIndexEv @ 0xae74c0
QLOITER: _ZNK14AP_BattMonitor17has_cell_voltagesEh @ 0x716c60
QLOITER: _ZN2AP3EFIEv @ 0x7174b0
QLOITER: _ZN6AP_EFI13get_singletonEv @ 0xae7e50
QLOITER: _ZN16FilterWithBufferIfLh5EE5applyEf @ 0xae8450
QLOITER: _ZN7FunctorIvJEE14method_wrapperI10AP_VehicleXadL_ZNS2_18fence_checks_asyncEvEEEEvPv @ 0xae87f0
QLOITER: _ZN13AP_Filesystem5writeEiPKvj @ 0x718120
QLOITER: _ZN6AP_HAL6Device14write_registerEhhb @ 0x71e1d0
QLOITER: _ZNK7FunctorIvJhPhjbEEcvbEv @ 0xaeb500
QLOITER: _ZNK11AP_ICEngine29allow_throttle_while_disarmedEv @ 0x720150
QLOITER: _ZNK11AP_ICEngine10option_setENS_7OptionsE @ 0xaebd00
QLOITER: _ZL3MAXIjjEDTqugtfp_fp0_fp_fp0_ERKT_RKT0_.5212 @ 0x726770
QLOITER: _ZN15ekf_ring_buffer4pushEPKv @ 0x7267f0
QLOITER: _ZNK15ekf_ring_buffer10get_offsetEh @ 0x7268f0
QLOITER: _ZL3MAXIjjEDTqugtfp_fp0_fp_fp0_ERKT_RKT0_.20153 @ 0x726b00
QLOITER: _ZL7radiansf.5217 @ 0x727c90
QLOITER: _ZL3MAXIffEDTqugtfp_fp0_fp_fp0_ERKT_RKT0_.5204 @ 0x727ce0
QLOITER: _ZN11QuaternionTIdEC2Edddd @ 0xaed620
QLOITER: _ZN11QuaternionTIfEmLERKS0_ @ 0xaed6d0
QLOITER: _ZNK7AP_AHRS38get_relative_position_NED_origin_floatER7Vector3IfE @ 0x728030
QLOITER: _ZNK7AP_AHRS32get_relative_position_NED_originER7Vector3IdE @ 0x728200
QLOITER: _ZNK7NavEKF38getPosNEER7Vector2IdE @ 0x7284a0
QLOITER: _ZNK11AP_AHRS_SIM12get_locationER8Location @ 0x7287d0
QLOITER: _ZN2AP5statsEv @ 0x72ab70
QLOITER: _ZN8AP_Stats13get_singletonEv @ 0xaee5c0
QLOITER: _ZN19AP_Airspeed_Backend12has_airspeedEv @ 0xaeef80
QLOITER: _ZN19AP_Airspeed_Backend14get_hygrometerERjRfS1_ @ 0xaef0f0
QLOITER: _ZNK19AP_Airspeed_Backend7get_pinEv @ 0x731630
QLOITER: _ZN18AP_Airspeed_Analog25get_differential_pressureERf @ 0x731700
QLOITER: _ZN18AP_Airspeed_Analog15get_temperatureERf @ 0xaf0320
QLOITER: _ZNK19AP_Airspeed_Backend13get_psi_rangeEv @ 0x7317f0
QLOITER: _ZN9AP_Logger16log_file_contentERNS_11FileContentEPKc @ 0x74cd70
QLOITER: _ZNK7AP_AHRS8get_gyroEv @ 0xaf0e20
QLOITER: _ZNK7AP_AHRS17airspeed_estimateERf @ 0x755dc0
QLOITER: _ZNK17AP_InertialSensor20get_vibration_levelsEv @ 0xaf0e80
QLOITER: _ZNK17AP_InertialSensor20get_vibration_levelsEh @ 0x755ec0
QLOITER: _ZNK10DigitalLPFI7Vector3IfEE3getEv @ 0xaf0f00
QLOITER: _ZNK11QuaternionTIdE7is_zeroEv @ 0xaf0fb0
QLOITER: _ZN12NavEKF3_core24alignMagStateDeclinationEv @ 0x756f40
QLOITER: _ZN12NavEKF3_core18getEarthFieldTableERK8Location @ 0x7571e0
QLOITER: _ZN14AP_Declination15get_declinationEff @ 0x7572e0
QLOITER: _ZNK12NavEKF3_core14MagDeclinationEv @ 0x757370
QLOITER: _ZN12NavEKF3_core8zeroRowsERA24_A24_dhh @ 0x757450
QLOITER: _ZN12NavEKF3_core8zeroColsERA24_A24_dhh @ 0x757510
QLOITER: _ZN12NavEKF3_core15FuseDeclinationEd @ 0x7575d0
QLOITER: _ZN18NavEKF_core_common10zero_rangeEPdhh @ 0xaf1150
QLOITER: _ZN12NavEKF3_core13ForceSymmetryEv @ 0x758630
QLOITER: _ZN12NavEKF3_core18ConstrainVariancesEv @ 0x758780
QLOITER: _ZN11QuaternionTIdE9normalizeEv @ 0xaf11e0
QLOITER: _ZNK11QuaternionTIdE6lengthEv @ 0xaf12c0
QLOITER: _Z20constrain_value_lineIdET_S0_S0_S0_j @ 0xaf1380
QLOITER: _Z2sqI9AP_ParamTIfL11ap_var_type4EEEdT_ @ 0xaf14a0
QLOITER: _ZNK9AP_ParamTIfL11ap_var_type4EEcvdEv @ 0xaf1500
QLOITER: _ZL7radiansf.5420 @ 0x7591f0
QLOITER: _ZL2sqf.5342 @ 0x759d10
QLOITER: _ZNK8Location21get_distance_NE_ftypeERKS_ @ 0x759e60
QLOITER: _ZN16EKF_IMU_buffer_tIN12NavEKF3_core15output_elementsEEixEj @ 0xaf1620
QLOITER: _ZNK14ekf_imu_buffer3getEh @ 0x75a110
QLOITER: _ZNK14ekf_imu_buffer10get_offsetEh @ 0x75a170
QLOITER: _ZNK14AP_BattMonitor11consumed_whERfh @ 0x75bd10
QLOITER: _ZNK14AP_BattMonitor18overpower_detectedEh @ 0x75be00
QLOITER: _ZNK6AP_GPS8get_vdopEh @ 0xaf1780
QLOITER: _ZNK6AP_GPS16last_fix_time_msEh @ 0xaf17f0
QLOITER: _ZNK6AP_GPS20last_message_time_msEh @ 0xaf1860
QLOITER: _ZNK6AP_GPS22have_vertical_velocityEh @ 0xaf18d0
QLOITER: _ZNK6AP_GPS18get_antenna_offsetEh @ 0x75df80
QLOITER: _ZNK14AP_GPS_Blended18get_antenna_offsetEv @ 0xaf1950
QLOITER: _ZNK6AP_GPS11gps_yaw_degEhRfS0_Rj @ 0x75e050
QLOITER: _ZNK6AP_GPS11is_rtk_baseEh @ 0x75e240
QLOITER: _ZNK6AP_GPS12have_gps_yawEh @ 0xaf19a0
QLOITER: _ZNK11RangeFinder15has_orientationE8Rotation @ 0x760100
QLOITER: _ZNK11RangeFinder13status_orientE8Rotation @ 0x760440
QLOITER: _ZNK3GCS29sysid_mygcs_last_seen_time_msEv @ 0xaf1df0
QLOITER: _ZNK10AP_Vehicle18get_time_flying_msEv @ 0xaf1f50
QLOITER: _ZN12SRV_Channels23get_output_channel_maskEN11SRV_Channel8FunctionE @ 0x765da0
QLOITER: _ZN11SRV_Channel9output_chEv @ 0x766bc0
QLOITER: _ZNK10RC_Channel13norm_input_dzEv @ 0x766f20
QLOITER: _ZN11SRV_Channel12set_overrideEb @ 0xaf2150
QLOITER: _ZN12SRV_Channels17set_output_scaledEN11SRV_Channel8FunctionEf @ 0x7674e0
QLOITER: _ZNK10AP_Mission5stateEv @ 0xaf2510
QLOITER: _ZN19AP_ServoRelayEvents13update_eventsEv @ 0x770150
QLOITER: _Z16constrain_uint16ttt @ 0xaf2a90
QLOITER: _Z15constrain_valueItET_S0_S0_S0_ @ 0xaf2b20
QLOITER: _ZN17AP_Logger_Backend17Write_Mission_CmdERK10AP_MissionRKNS0_15Mission_CommandE11LogMessages @ 0x7703a0
QLOITER: _ZNK9QuadPlane18in_assisted_flightEv @ 0xaf2e40
QLOITER: _ZN11QuaternionTIfE15from_axis_angleE7Vector3IfE @ 0xaf2f20
QLOITER: _ZNK9AP_Follow11have_targetEv @ 0x776a70
QLOITER: _ZN9AP_Follow13get_singletonEv @ 0xaf3a20
QLOITER: _ZNK6AC_PID12get_pid_infoEv @ 0xaf3ba0
QLOITER: _ZN12AP_Scripting19is_handling_commandEt @ 0x77bc40
QLOITER: _ZNK8Location29get_vector_from_origin_NEU_cmI7Vector3IfEEEbRT_ @ 0xaf4600
QLOITER: _ZNK7Vector3IfE6is_infEv @ 0xaf4740
QLOITER: _ZN7Vector2IfE9normalizeEv @ 0xaf4a70
QLOITER: _ZN7Vector2IfEdVEf @ 0xaf4ad0
QLOITER: _ZNK7Vector2IfE6is_infEv @ 0xaf4b50
QLOITER: _ZL3MAXIjjEDTqugtfp_fp0_fp_fp0_ERKT_RKT0_.6748 @ 0x7ae880
QLOITER: _ZN9AP_Logger19file_content_updateEv @ 0x7aea80
QLOITER: _ZN9AP_Logger34prepare_at_arming_sys_file_loggingEv @ 0x7aeb20
QLOITER: _ZN9AP_Logger19file_content_updateERNS_11FileContentE @ 0x7aebe0
QLOITER: _ZN9AP_Logger11FileContent15remove_and_freeEPNS_9file_listE @ 0x7aee90
QLOITER: _ZN9AP_Logger24WriteBlock_first_succeedEPKvt @ 0x7aeff0
QLOITER: _ZN9AP_Logger11FileContent5resetEv @ 0x7af0e0
QLOITER: _ZN35LoggerMessageWriter_Write_Polyfence7processEv @ 0x7af220
QLOITER: _ZN17AP_Logger_Backend13Write_MessageEPKc @ 0x7af420
QLOITER: _ZNK19LoggerMessageWriter32out_of_time_for_writing_messagesEv @ 0x7af4e0
QLOITER: _ZN39LoggerMessageWriter_WriteAllRallyPoints7processEv @ 0x7af640
QLOITER: _ZN38LoggerMessageWriter_WriteEntireMission7processEv @ 0x7af810
QLOITER: _ZN32LoggerMessageWriter_WriteSysInfo5resetEv @ 0x7af9b0
QLOITER: _ZN32LoggerMessageWriter_WriteSysInfo7processEv @ 0x7afa10
QLOITER: _ZN17AP_Logger_Backend14Write_MessageFEPKcz @ 0x7afd50
QLOITER: _ZN17AP_Logger_Backend9Write_VEREv @ 0x7aff60
QLOITER: _ZN8AP_Param12storage_usedEv @ 0xaf5d90
QLOITER: _ZN8AP_Param12storage_sizeEv @ 0xaf5dd0
QLOITER: _ZN30LoggerMessageWriter_DFLogStart5resetEv @ 0x7b00d0
QLOITER: _ZN30LoggerMessageWriter_DFLogStart7processEv @ 0x7b01e0
QLOITER: _ZNK30LoggerMessageWriter_DFLogStart35out_of_time_for_writing_messages_dfEv @ 0x7b07e0
QLOITER: _ZNK17AP_Logger_Backend9num_typesEv @ 0x7b0870
QLOITER: _ZNK17AP_Logger_Backend9structureEh @ 0x7b08c0
QLOITER: _ZN30LoggerMessageWriter_DFLogStart19check_process_limitEj @ 0x7b0930
QLOITER: _ZN17AP_Logger_Backend15Write_ParameterEPK8AP_ParamRKNS0_10ParamTokenE11ap_var_typef @ 0x7b09a0
QLOITER: _ZNK17AP_Logger_Backend9num_unitsEv @ 0x7b0a80
QLOITER: _ZNK17AP_Logger_Backend4unitEh @ 0x7b0ad0
QLOITER: _ZN17AP_Logger_Backend10Write_UnitEPK13UnitStructure @ 0x7b0b40
QLOITER: _ZNK17AP_Logger_Backend15num_multipliersEv @ 0x7b0c10
QLOITER: _ZNK17AP_Logger_Backend10multiplierEh @ 0x7b0c60
QLOITER: _ZN17AP_Logger_Backend16Write_MultiplierEPK19MultiplierStructure @ 0x7b0cd0
QLOITER: _ZNK17AP_Logger_Backend22vehicle_message_writerEv @ 0x7b0d80
QLOITER: _ZNK9AP_Logger10multiplierEt @ 0x7b0de0
QLOITER: _ZNK9AP_Logger4unitEt @ 0x7b0e50
QLOITER: _ZN17AP_Logger_Backend14periodic_tasksEv @ 0x7b1440
QLOITER: _ZNK17AP_Logger_Backend13StartNewLogOKEv @ 0x7b1830
QLOITER: _ZN17AP_Logger_Backend24WriteMoreStartupMessagesEv @ 0x7b1910
QLOITER: _ZN17AP_Logger_Backend29start_new_log_reset_variablesEv @ 0x7b1ac0
QLOITER: _ZN9AP_Logger24backend_starting_new_logEPK17AP_Logger_Backend @ 0x7b1fe0
QLOITER: _ZN17AP_Logger_Backend13PrepForArmingEv @ 0x7b3890
QLOITER: _ZNK17AP_Logger_Backend15logging_enabledEv @ 0x7b3930
QLOITER: _ZN17AP_Logger_Backend13periodic_10HzEj @ 0x7b3a60
QLOITER: _ZN17AP_Logger_Backend12periodic_1HzEv @ 0x7b3ab0
QLOITER: _ZN17AP_Logger_Backend15push_log_blocksEv @ 0x7b3b40
QLOITER: _ZN17AP_Logger_Backend12df_stats_logEv @ 0x7b3ba0
QLOITER: _ZN17AP_Logger_Backend26Write_AP_Logger_Stats_FileERKNS_8df_statsE @ 0x7b3c10
QLOITER: _ZN17AP_Logger_Backend14df_stats_clearEv @ 0x7b3d20
QLOITER: _ZNK30LoggerMessageWriter_DFLogStart8fmt_doneEv @ 0xaf6a10
QLOITER: _ZNK17AP_Logger_Backend40non_messagewriter_message_reserved_spaceEj @ 0xaf6a70
QLOITER: _ZNK17AP_Logger_Backend31critical_message_reserved_spaceEj @ 0xaf6ae0
QLOITER: _ZN17AP_Logger_Backend15df_stats_gatherEtj @ 0x7b61f0
QLOITER: _ZN9AP_Logger16get_max_num_logsEv @ 0x7b7d40
QLOITER: _ZNK14AP_Logger_File12CardInsertedEv @ 0x7b7f40
QLOITER: _ZN14AP_Logger_File13find_last_logEv @ 0x7b8070
QLOITER: _ZNK14AP_Logger_File15logging_startedEv @ 0xaf6f70
QLOITER: _ZN14AP_Logger_File21bufferspace_availableEv @ 0x7b8ef0
QLOITER: _ZN14AP_Logger_File13start_new_logEv @ 0x7b8fa0
QLOITER: _ZN14AP_Logger_File12stop_loggingEv @ 0x7b93d0
QLOITER: _ZNK14AP_Logger_File14logging_failedEv @ 0x7b9500
QLOITER: _ZN14AP_Logger_File8io_timerEv @ 0x7b95c0
QLOITER: _ZN14AP_Logger_File12periodic_1HzEv @ 0x7b9b90
QLOITER: _ZN14AP_Logger_File17periodic_fullrateEv @ 0x7b9e40
QLOITER: _ZNK14AP_Logger_File8WritesOKEv @ 0x7b9e90
QLOITER: _ZNK14AP_Logger_File13StartNewLogOKEv @ 0x7b9f20
QLOITER: _ZN14AP_Logger_File27PrepForArming_start_loggingEv @ 0x7b9fd0
QLOITER: _ZN14AP_Logger_File22_WritePrioritisedBlockEPKvtb @ 0x7ba0d0
QLOITER: _ZN7AP_AHRS6updateEb @ 0x7ba340
QLOITER: _ZN7AP_AHRS18update_orientationEv @ 0x7ba680
QLOITER: _ZN17AP_InertialSensor6updateEv @ 0x7ba780
QLOITER: _ZN7AP_AHRS29update_trim_rotation_matricesEv @ 0x7badf0
QLOITER: _ZN7AP_AHRS10update_DCMEv @ 0x7baf00
QLOITER: _ZN7AP_AHRS12update_flagsEv @ 0x7bafa0
QLOITER: _ZN7AP_AHRS11update_SITLEv @ 0x7bb060
QLOITER: _ZN7AP_AHRS15update_externalEv @ 0x7bb110
QLOITER: _ZN7AP_AHRS11update_EKF2Ev @ 0x7bb230
QLOITER: _ZN7AP_AHRS11update_EKF3Ev @ 0x7bb720
QLOITER: _ZNK7AP_AHRS14get_gyro_driftEv @ 0xaf6fd0
QLOITER: _ZN7AP_AHRS14update_AOA_SSAEv @ 0x7bbf10
QLOITER: _ZNK7AP_AHRS16_active_EKF_typeEv @ 0x7bc170
QLOITER: _ZN7AP_AHRS12update_stateEv @ 0x7bc6a0
QLOITER: _ZNK7AP_AHRS23_get_primary_gyro_indexEv @ 0x7bc940
QLOITER: _ZNK7AP_AHRS23_get_primary_core_indexEv @ 0x7bc9f0
QLOITER: _ZNK7AP_AHRS14_wind_estimateER7Vector3IfE @ 0x7bcac0
QLOITER: _ZN15AP_AHRS_Backend11get_EAS2TASEv @ 0x7bcbf0
QLOITER: _ZNK7AP_AHRS13_airspeed_EASERfRNS_20AirspeedEstimateTypeE @ 0x7bcc30
QLOITER: _ZNK7AP_AHRS13_airspeed_TASERf @ 0x7bd1b0
QLOITER: _ZNK7AP_AHRS13_airspeed_TASER7Vector3IfE @ 0x7bd2c0
QLOITER: _ZNK7AP_AHRS15_get_quaternionER11QuaternionTIfE @ 0x7bd3a0
QLOITER: _ZNK7AP_AHRS23_get_secondary_attitudeER7Vector3IfE @ 0x7bd560
QLOITER: _ZNK7AP_AHRS25_get_secondary_quaternionER11QuaternionTIfE @ 0x7bd760
QLOITER: _ZNK7AP_AHRS13_get_locationER8Location @ 0x7bd910
QLOITER: _ZNK7AP_AHRS23_get_secondary_positionER8Location @ 0x7bda90
QLOITER: _ZN7AP_AHRS19_groundspeed_vectorEv @ 0x7bdbe0
QLOITER: _ZN7AP_AHRS12_groundspeedEv @ 0x7bdd10
QLOITER: _ZNK7AP_AHRS29_getCorrectedDeltaVelocityNEDER7Vector3IfERf @ 0x7bdde0
QLOITER: _ZNK7AP_AHRS17_get_velocity_NEDER7Vector3IfE @ 0x7be070
QLOITER: _ZNK7NavEKF39getVelNEDER7Vector3IfE @ 0x7be230
QLOITER: _ZNK12NavEKF3_core9getVelNEDER7Vector3IfE @ 0x7be560
QLOITER: _ZNK12NavEKF2_core9getVelNEDER7Vector3IfE @ 0x7be610
QLOITER: _ZNK7NavEKF312getAccelBiasEaR7Vector3IfE @ 0x7be750
QLOITER: _ZNK17AP_InertialSensor18get_delta_velocityEhR7Vector3IfERf @ 0x7be820
QLOITER: _ZNK7AP_AHRS43get_rotation_autopilot_body_to_vehicle_bodyEv @ 0xaf70c0
QLOITER: _ZNK17AP_InertialSensor14get_delta_timeEv @ 0xaf7110
QLOITER: _ZL3MINIffEDTqultfp_fp0_fp_fp0_ERKT_RKT0_.4188 @ 0x7be9d0
QLOITER: _ZL3MINIffEDTqultfp_fp0_fp_fp0_ERKT_RKT0_.2602 @ 0x7bea60
QLOITER: _ZNK12NavEKF3_core12getAccelBiasER7Vector3IfE @ 0x7beaf0
QLOITER: _ZNK12NavEKF2_core13getAccelZBiasERf @ 0x7bebd0
QLOITER: _ZL7radiansf.2590 @ 0x7bf1e0
QLOITER: _ZNK7AP_AHRS23_get_secondary_EKF_typeERNS_7EKFTypeE @ 0x7bf230
QLOITER: _ZNK7NavEKF36getLLHER8Location @ 0x7bf420
QLOITER: _ZNK12NavEKF3_core6getLLHER8Location @ 0x7bf4c0
QLOITER: _ZNK10AP_DAL_GPS6statusEv @ 0xaf7380
QLOITER: _ZNK7AP_AHRS24fallback_active_EKF_typeEv @ 0x7bfa90
QLOITER: _ZNK11AP_AHRS_DCM14get_quaternionER11QuaternionTIfE @ 0x7bfae0
QLOITER: _ZNK7NavEKF313getQuaternionER11QuaternionTIfE @ 0x7bfbe0
QLOITER: _ZN11QuaternionTIfE6rotateERK7Vector3IfE @ 0xaf73f0
QLOITER: _ZN15AP_ExternalAHRS14get_quaternionER11QuaternionTIfE @ 0x7bfce0
QLOITER: _ZNK12NavEKF3_core13getQuaternionER11QuaternionTIfE @ 0x7bfd90
QLOITER: _ZNK11QuaternionTIdE7tofloatEv @ 0xaf74a0
QLOITER: _ZNK12NavEKF2_core13getQuaternionER11QuaternionTIfE @ 0x7bfe20
QLOITER: _ZNK7NavEKF314getEulerAnglesER7Vector3IfE @ 0x7bff40
QLOITER: _ZNK7NavEKF312getAirSpdVecER7Vector3IfE @ 0x7c0120
QLOITER: _ZNK12NavEKF3_core12getAirSpdVecER7Vector3IfE @ 0x7c01c0
QLOITER: _ZNK11QuaternionTIdE7inverseEv @ 0xaf7520
QLOITER: _ZNK7AP_AHRS25get_active_airspeed_indexEv @ 0x7c05c0
QLOITER: _ZNK7AP_AHRS27_should_use_airspeed_sensorEh @ 0x7c06c0
QLOITER: _ZNK7AP_AHRS27get_wind_estimation_enabledEv @ 0xaf75d0
QLOITER: _ZNK7NavEKF37getWindER7Vector3IfE @ 0x7c09d0
QLOITER: _ZNK12NavEKF3_core7getWindER7Vector3IfE @ 0x7c0af0
QLOITER: _ZN15AP_AHRS_Backend23airspeed_sensor_enabledEh @ 0xaf7690
QLOITER: _ZNK7AP_AHRS23airspeed_sensor_enabledEh @ 0xaf7770
QLOITER: _ZNK7AP_AHRS10option_setENS_7OptionsE @ 0xaf77d0
QLOITER: _ZNK7NavEKF317getActiveAirspeedEv @ 0x7c0cc0
QLOITER: _ZNK12NavEKF3_core17getActiveAirspeedEv @ 0x7c0d50
QLOITER: _ZNK7AP_Baro12_get_EAS2TASEv @ 0x7c0da0
QLOITER: _ZNK7AP_Baro20get_EAS2TAS_extendedEf @ 0x7c0e10
QLOITER: _ZNK12NavEKF2_core7getWindER7Vector3IfE @ 0x7c0fe0
QLOITER: _ZNK7NavEKF219getPrimaryCoreIndexEv @ 0x7c1070
QLOITER: _ZNK7NavEKF319getPrimaryCoreIndexEv @ 0x7c10e0
QLOITER: _ZNK7NavEKF326configuredToUseGPSForPosXYEv @ 0x7c1300
QLOITER: _ZNK11AP_AHRS_DCM20yaw_source_availableEv @ 0x7c1380
QLOITER: _ZNK16AP_NavEKF_Source14getPosXYSourceEh @ 0xaf7930
QLOITER: _ZL7degreesf.2538 @ 0x7c13e0
QLOITER: _ZNK7AP_AHRS9calc_trigERK7Matrix3IfERfS4_S4_S4_S4_S4_ @ 0x7c1480
QLOITER: _ZNK9AP_Logger15allow_start_ekfEv @ 0x7c1870
QLOITER: _ZN7NavEKF312UpdateFilterEv @ 0x7c1f40
QLOITER: _ZNK7NavEKF320getRotationBodyToNEDER7Matrix3IfE @ 0x7c2510
QLOITER: _ZN7AP_AHRS16update_cd_valuesEv @ 0x7c25a0
QLOITER: _ZN7AP_AHRS11update_trigEv @ 0x7c26e0
QLOITER: _ZNK17AP_InertialSensor22get_first_usable_accelEv @ 0xaf79b0
QLOITER: _ZNK7NavEKF311getGyroBiasEaR7Vector3IfE @ 0x7c27c0
QLOITER: _ZN7AP_AHRS32update_notify_from_filter_statusERK17nav_filter_status @ 0x7c2890
QLOITER: _ZNK12NavEKF3_core11getGyroBiasER7Vector3IfE @ 0x7c2940
QLOITER: _ZN6AP_DAL11start_frameENS_9FrameTypeE @ 0x7c2a20
QLOITER: _ZNK6AP_DAL8micros64Ev @ 0xaf7a00
QLOITER: _ZNK12NavEKF3_core21getFramesSincePredictEv @ 0x7c2f00
QLOITER: _ZN6AP_DAL22ekf_low_time_remainingENS_7EKFTypeEh @ 0x7c2f60
QLOITER: _ZN12NavEKF3_core12UpdateFilterEb @ 0x7c30a0
QLOITER: _ZNK6AP_DAL9get_armedEv @ 0xaf7a50
QLOITER: _ZN7NavEKF321updateCoreErrorScoresEv @ 0x7c32d0
QLOITER: _ZN7NavEKF324updateCoreRelativeErrorsEv @ 0x7c3390
QLOITER: _ZNK7NavEKF315coreBetterScoreEhh @ 0x7c3530
QLOITER: _ZN16AP_NavEKF_Source22align_inactive_sourcesEv @ 0x7c3730
QLOITER: _ZNK16AP_NavEKF_Source13getPosZSourceEh @ 0x7c39e0
QLOITER: _ZNK7AP_EnumIN16AP_NavEKF_Source7SourceZEEcvKS1_Ev @ 0xaf7b30
QLOITER: _ZL3MAXI9AP_ParamTIfL11ap_var_type4EEfEDTqugtfp_fp0_fp_fp0_ERKT_RKT0_ @ 0x7c3bc0
QLOITER: _ZN18NavEKF_core_common22fill_scratch_variablesEv @ 0x7c3c50
QLOITER: _ZN12NavEKF3_core23update_sensor_selectionEv @ 0x7c3cf0
QLOITER: _ZN12NavEKF3_core18controlFilterModesEv @ 0x7c3d60
QLOITER: _ZN12NavEKF3_core11readIMUDataEb @ 0x7c3e30
QLOITER: _ZN12NavEKF3_core27UpdateStrapdownEquationsNEDEv @ 0x7c4700
QLOITER: _ZN12NavEKF3_core20CovariancePredictionEP7Vector3IdE @ 0x7c4be0
QLOITER: _ZN12NavEKF3_core25runYawEstimatorPredictionEv @ 0x7cf3d0
QLOITER: _ZN12NavEKF3_core15SelectMagFusionEv @ 0x7cf530
QLOITER: _ZN12NavEKF3_core18SelectVelPosFusionEv @ 0x7d0260
QLOITER: _ZN12NavEKF3_core25runYawEstimatorCorrectionEv @ 0x7d0c20
QLOITER: _ZN12NavEKF3_core18SelectRngBcnFusionEv @ 0x7d0e10
QLOITER: _ZN12NavEKF3_core16SelectFlowFusionEv @ 0x7d0f40
QLOITER: _ZN12NavEKF3_core20SelectBodyOdomFusionEv @ 0x7d1220
QLOITER: _ZN12NavEKF3_core15SelectTasFusionEv @ 0x7d14d0
QLOITER: _ZN12NavEKF3_core20SelectBetaDragFusionEv @ 0x7d15d0
QLOITER: _ZN12NavEKF3_core18updateFilterStatusEv @ 0x7d1890
QLOITER: _ZN12NavEKF3_core13moveEKFOriginEv @ 0x7d21d0
QLOITER: _ZN12NavEKF3_core21checkUpdateEarthFieldEv @ 0x7d2380
QLOITER: _ZN12NavEKF3_core16calcOutputStatesEv @ 0x7d2440
QLOITER: _ZN12NavEKF3_core11readMagDataEv @ 0x7d3790
QLOITER: _ZN12NavEKF3_core11readGpsDataEv @ 0x7d3ca0
QLOITER: _ZN12NavEKF3_core14readGpsYawDataEv @ 0x7d4630
QLOITER: _ZN12NavEKF3_core12readBaroDataEv @ 0x7d4760
QLOITER: _ZN6AP_DAL3insEv @ 0xaf7be0
QLOITER: _ZNK21AP_DAL_InertialSensor9get_accelEh @ 0xaf7c30
QLOITER: _ZL2sqf.5403 @ 0x7d6790
QLOITER: _ZNK16AP_NavEKF_Source13useVelZSourceENS_7SourceZEh @ 0x7d6900
QLOITER: _ZNK12NavEKF3_core26CorrectGPSForAntennaOffsetERNS_12gps_elementsE @ 0x7d6a30
QLOITER: _ZNK10AP_DAL_GPS18get_antenna_offsetEh @ 0xaf7f00
QLOITER: _ZNK7Vector3IdErmERKS0_ @ 0xaf7f70
QLOITER: _ZNK7Matrix3IdE13mul_transposeERK7Vector3IdE @ 0xaf8050
QLOITER: _ZN7Vector3IdEdVEd @ 0xaf8160
QLOITER: _ZNK21AP_DAL_InertialSensor16get_loop_delta_tEv @ 0xaf81f0
QLOITER: _ZNK14AP_DAL_Compass16get_first_usableEv @ 0xaf8610
QLOITER: _ZNK11AP_DAL_Baro15get_last_updateEh @ 0xaf8880
QLOITER: _ZNK11AP_DAL_Baro12get_altitudeEh @ 0xaf88f0
QLOITER: _ZN16EKF_obs_buffer_tIN12NavEKF3_core13baro_elementsEE4pushERKS1_ @ 0xaf8960
QLOITER: _ZNK10AP_DAL_GPS11gps_yaw_degEhRfS0_Rj @ 0xaf89d0
QLOITER: _ZL3MAXIfdEDTqugtfp_fp0_fp_fp0_ERKT_RKT0_ @ 0x7d7430
QLOITER: _ZNK10AP_DAL_GPS20last_message_time_msEh @ 0xaf8af0
QLOITER: _ZNK10AP_DAL_GPS7get_lagEhRf @ 0xaf8b60
QLOITER: _ZL3MINIjjEDTqultfp_fp0_fp_fp0_ERKT_RKT0_.5220 @ 0x7d7630
QLOITER: _ZNK10AP_DAL_GPS8velocityEh @ 0xaf8c10
QLOITER: _ZNK10AP_DAL_GPS22have_vertical_velocityEh @ 0xaf8c80
QLOITER: _ZNK10AP_DAL_GPS14speed_accuracyEhRf @ 0xaf8d00
QLOITER: _ZL3MAXIdfEDTqugtfp_fp0_fp_fp0_ERKT_RKT0_.5216 @ 0x7d76b0
QLOITER: _ZL3MINIdfEDTqultfp_fp0_fp_fp0_ERKT_RKT0_ @ 0x7d7750
QLOITER: _ZL3MAXId9AP_ParamTIfL11ap_var_type4EEEDTqugtfp_fp0_fp_fp0_ERKT_RKT0_ @ 0x7d77f0
QLOITER: _ZNK10AP_DAL_GPS19horizontal_accuracyEhRf @ 0xaf8db0
QLOITER: _ZNK10AP_DAL_GPS17vertical_accuracyEhRf @ 0xaf8e60
QLOITER: _ZNK10AP_DAL_GPS8num_satsEh @ 0xaf8f10
QLOITER: _ZN12NavEKF3_core18calcGpsGoodToAlignEv @ 0x7d78a0
QLOITER: _ZN12NavEKF3_core20calcGpsGoodForFlightEv @ 0x7d8800
QLOITER: _ZN16EKF_obs_buffer_tIN12NavEKF3_core12gps_elementsEE4pushERKS1_ @ 0xaf8f80
QLOITER: _ZL3MAXIddEDTqugtfp_fp0_fp_fp0_ERKT_RKT0_.5381 @ 0x7d8cc0
QLOITER: _ZL3MINIdfEDTqultfp_fp0_fp_fp0_ERKT_RKT0_.5368 @ 0x7d8d40
QLOITER: _ZNK10AP_DAL_GPS8get_hdopEh @ 0xaf8ff0
QLOITER: _ZNK14AP_DAL_Compass9availableEv @ 0xaf9060
QLOITER: _ZNK14AP_DAL_Compass9get_countEv @ 0xaf90c0
QLOITER: _ZNK14AP_DAL_Compass21learn_offsets_enabledEv @ 0xaf9110
QLOITER: _ZNK14AP_DAL_Compass7healthyEh @ 0xaf9170
QLOITER: _ZNK14AP_DAL_Compass16last_update_usecEh @ 0xaf91e0
QLOITER: _ZNK14AP_DAL_Compass11get_offsetsEh @ 0xaf9250
QLOITER: _ZNK7Vector3IdEneERKS0_ @ 0xaf92c0
QLOITER: _ZN12NavEKF3_core12mag_elementsC2Ev @ 0xaf9390
QLOITER: _ZNK14AP_DAL_Compass9get_fieldEh @ 0xaf93f0
QLOITER: _ZNK14AP_DAL_Compass10consistentEv @ 0xaf9460
QLOITER: _ZN16EKF_obs_buffer_tIN12NavEKF3_core12mag_elementsEE4pushERKS1_ @ 0xaf94c0
QLOITER: _Z8is_equalIddENSt3__19enable_ifIXsr3std17is_floating_pointINS0_11common_typeIJT_T0_EE4typeEEE5valueEbE4typeES3_S4_ @ 0xaf9530
QLOITER: _ZN12NavEKF3_core17correctDeltaAngleER7Vector3IdEdh @ 0x7d9020
QLOITER: _ZN12NavEKF3_core20correctDeltaVelocityER7Vector3IdEdh @ 0x7d90e0
QLOITER: _ZN11QuaternionTIdEC2Ev @ 0xaf95b0
QLOITER: _ZN11QuaternionTIdE15from_axis_angleE7Vector3IdE @ 0xaf9620
QLOITER: _ZN11QuaternionTIdEmLERKS0_ @ 0xaf96e0
QLOITER: _ZNK11QuaternionTIdE15rotation_matrixER7Matrix3IdE @ 0xaf9880
QLOITER: _ZNK21AP_DAL_InertialSensor8get_gyroEh @ 0xaf9a70
QLOITER: _ZNK6AP_DAL20get_takeoff_expectedEv @ 0xaf9b80
QLOITER: _ZN16EKF_IMU_buffer_tIN12NavEKF3_core12imu_elementsEE18get_youngest_indexEv @ 0xaf9bf0
QLOITER: _ZN16EKF_IMU_buffer_tIN12NavEKF3_core12imu_elementsEE16get_oldest_indexEv @ 0xaf9c50
QLOITER: _ZNK11QuaternionTIdEdvERKS0_ @ 0xaf9cb0
QLOITER: _ZN11QuaternionTIdEixEh @ 0xaf9ed0
QLOITER: _ZL3MAXIddEDTqugtfp_fp0_fp_fp0_ERKT_RKT0_.5431 @ 0x7d9200
QLOITER: _ZN12NavEKF3_core15output_elementsC2Ev @ 0xaf9f40
QLOITER: _ZNK14ekf_imu_buffer16get_oldest_indexEv @ 0xaf9fc0
QLOITER: _ZNK14ekf_imu_buffer18get_youngest_indexEv @ 0xafa010
QLOITER: _ZN11QuaternionTIdE15from_axis_angleERK7Vector3IdEd @ 0xafa060
QLOITER: _ZNK6AP_DAL22get_touchdown_expectedEv @ 0xafa180
QLOITER: _ZN12NavEKF3_core12FuseSideslipEv @ 0x7d92f0
QLOITER: _ZN16EKF_obs_buffer_tIN12NavEKF3_core13drag_elementsEE6recallERS1_j @ 0xafa1e0
QLOITER: _ZNK6AP_DAL11get_EAS2TASEv @ 0xafa260
QLOITER: _ZN7Vector3IdEixEh @ 0xafa320
QLOITER: _ZNK7Vector3IdEixEh @ 0xafa390
QLOITER: _ZN7Vector2IdEixEh @ 0xafa400
QLOITER: _ZN15ekf_ring_buffer6recallEPvj @ 0x7dfd60
QLOITER: _ZNK15ekf_ring_buffer7time_msEh @ 0x7dfec0
QLOITER: _ZN12NavEKF3_core14readAirSpdDataEv @ 0x7dff30
QLOITER: _ZN12NavEKF3_core12FuseAirspeedEv @ 0x7e0360
QLOITER: _ZL3MAXIdfEDTqugtfp_fp0_fp_fp0_ERKT_RKT0_.20297 @ 0x7e1b60
QLOITER: _ZNK12NavEKF3_core11useAirspeedEv @ 0x7e1c00
QLOITER: _ZNK15AP_DAL_Airspeed14last_update_msEh @ 0xafa470
QLOITER: _ZNK15AP_DAL_Airspeed7healthyEh @ 0xafa4e0
QLOITER: _ZNK15AP_DAL_Airspeed3useEh @ 0xafa550
QLOITER: _ZNK15AP_DAL_Airspeed12get_airspeedEh @ 0xafa5c0
QLOITER: _ZL2sqf.5223 @ 0x7e1c60
QLOITER: _ZN16EKF_obs_buffer_tIN12NavEKF3_core12tas_elementsEE4pushERKS1_ @ 0xafa630
QLOITER: _ZN16EKF_obs_buffer_tIN12NavEKF3_core12tas_elementsEE6recallERS1_j @ 0xafa6a0
QLOITER: _ZNK6AP_DAL23airspeed_sensor_enabledEv @ 0xafa720
QLOITER: _ZN16EKF_obs_buffer_tIN12NavEKF3_core16vel_odm_elementsEE6recallERS1_j @ 0xafa790
QLOITER: _ZN16EKF_obs_buffer_tIN12NavEKF3_core18wheel_odm_elementsEE6recallERS1_j @ 0xafa810
QLOITER: _ZN12NavEKF3_core11of_elementsC2Ev @ 0xafa890
QLOITER: _ZN16EKF_obs_buffer_tIN12NavEKF3_core11of_elementsEE6recallERS1_j @ 0xafa920
QLOITER: _ZNK7Vector2IdEixEh @ 0xafa9a0
QLOITER: _ZN12NavEKF3_core14readRngBcnDataEv @ 0x7eeb30
QLOITER: _ZN10EKFGSF_yaw11fuseVelDataERK7Vector2IdEd @ 0x7f27e0
QLOITER: _ZNK12NavEKF3_core13EKFGSF_getYawERdS0_ @ 0x7f2be0
QLOITER: _ZN12NavEKF3_core24recordYawResetsCompletedEv @ 0x7f3340
QLOITER: _ZNK11QuaternionTIdE8to_eulerERdS1_S1_ @ 0xafae70
QLOITER: _ZNK11QuaternionTIdE12to_vector312Ev @ 0xafaf20
QLOITER: _ZN7Matrix3IdE13from_euler312Eddd @ 0xafb260
QLOITER: _ZNK7Matrix3IdE11to_euler312Ev @ 0xafb900
QLOITER: _ZN7Matrix3IdEixEh @ 0xafb9f0
QLOITER: _ZNK10EKFGSF_yaw10getYawDataERdS0_Ph @ 0x7f3550
QLOITER: _ZL7radiansf.5184 @ 0x7f3630
QLOITER: _ZL2sqf.5182 @ 0x7f3680
QLOITER: _ZN10EKFGSF_yaw11resetEKFGSFEv @ 0x7f3810
QLOITER: _ZN10EKFGSF_yaw8alignYawEv @ 0x7f3980
QLOITER: _ZN10EKFGSF_yaw7correctEhRK7Vector2IdEd @ 0x7f3bf0
QLOITER: _ZNK10EKFGSF_yaw15gaussianDensityEh @ 0x7f4fb0
QLOITER: _ZL3MAXIdfEDTqugtfp_fp0_fp_fp0_ERKT_RKT0_.4687 @ 0x7f5330
QLOITER: _ZN10EKFGSF_yaw13forceSymmetryEh @ 0x7f53d0
QLOITER: _ZN16EKF_obs_buffer_tIN12NavEKF3_core16ext_nav_elementsEE6recallERS1_j @ 0xafbb60
QLOITER: _ZN16EKF_obs_buffer_tIN12NavEKF3_core20ext_nav_vel_elementsEE6recallERS1_j @ 0xafbbe0
QLOITER: _ZNK12NavEKF3_core35CalculateVelInnovationsAndVariancesERK7Vector3IdEddRS1_S4_ @ 0x7f5900
QLOITER: _ZN16EKF_obs_buffer_tIN12NavEKF3_core12gps_elementsEE6recallERS1_j @ 0xafbc60
QLOITER: _ZN12NavEKF3_core13realignYawGPSEb @ 0x7f5a80
QLOITER: _ZN12NavEKF3_core21selectHeightForFusionEv @ 0x7f5f40
QLOITER: _ZN12NavEKF3_core13FuseVelPosNEDEv @ 0x7f7440
QLOITER: _ZL3MAXIdfEDTqugtfp_fp0_fp_fp0_ERKT_RKT0_.5356 @ 0x7f9790
QLOITER: _ZL3MAXI9AP_ParamTIfL11ap_var_type4EEfEDTqugtfp_fp0_fp_fp0_ERKT_RKT0_.5357 @ 0x7f9830
QLOITER: _ZN12NavEKF3_core15readRangeFinderEv @ 0x7f98c0
QLOITER: _ZN16EKF_obs_buffer_tIN12NavEKF3_core14range_elementsEE6recallERS1_j @ 0xafbce0
QLOITER: _ZN16EKF_obs_buffer_tIN12NavEKF3_core13baro_elementsEE6recallERS1_j @ 0xafbdb0
QLOITER: _ZL3MAXIddEDTqugtfp_fp0_fp_fp0_ERKT_RKT0_.5205 @ 0x7fa490
QLOITER: _ZNK7Vector2IdE14length_squaredEv @ 0xafbf90
QLOITER: _ZL3MAXIddEDTqugtfp_fp0_fp_fp0_ERKT_RKT0_.5183 @ 0x7fa510
QLOITER: _ZL3MAXI9AP_ParamTIfL11ap_var_type4EEfEDTqugtfp_fp0_fp_fp0_ERKT_RKT0_.5194 @ 0x7fa660
QLOITER: _ZN12NavEKF3_core12fuseEulerYawENS_15yawFusionMethodE @ 0x7fa6f0
QLOITER: _ZN16EKF_obs_buffer_tIN12NavEKF3_core12yaw_elementsEE6recallERS1_j @ 0xafc040
QLOITER: _ZN16EKF_obs_buffer_tIN12NavEKF3_core12mag_elementsEE6recallERS1_j @ 0xafc0c0
QLOITER: _ZN12NavEKF3_core18controlMagYawResetEv @ 0x7fc690
QLOITER: _ZN12NavEKF3_core16FuseMagnetometerEv @ 0x7fcca0
QLOITER: _ZN7Matrix3IdEC2Eddddddddd @ 0xafc140
QLOITER: _ZNK7Matrix3IdEixEh @ 0xafc290
QLOITER: _ZL3MAXIdfEDTqugtfp_fp0_fp_fp0_ERKT_RKT0_.5192 @ 0x8034e0
QLOITER: _ZN12NavEKF3_core17MagTableConstrainEv @ 0x803580
QLOITER: _ZNK11QuaternionTIdE13to_axis_angleER7Vector3IdE @ 0xafc300
QLOITER: _ZL3MAXIdfEDTqugtfp_fp0_fp_fp0_ERKT_RKT0_.5149 @ 0x803c60
QLOITER: _ZN10EKFGSF_yaw6updateERK7Vector3IdES3_ddbd @ 0x803d00
QLOITER: _ZN10EKFGSF_yaw7predictEh @ 0x804790
QLOITER: _ZN10EKFGSF_yaw11predictAHRSEh @ 0x8052e0
QLOITER: _ZL7radiansf.4685 @ 0x805860
QLOITER: _ZL2sqf.4686 @ 0x8058b0
QLOITER: _ZNK10EKFGSF_yaw12updateRotMatERK7Matrix3IdERK7Vector3IdE @ 0x805900
QLOITER: _ZN12NavEKF3_core21calcTiltErrorVarianceEv @ 0x8061e0
QLOITER: _ZN12NavEKF3_core23verifyTiltErrorVarianceEv @ 0x8068c0
QLOITER: _ZL3MINIffEDTqultfp_fp0_fp_fp0_ERKT_RKT0_.5423 @ 0x806cc0
QLOITER: _ZN11QuaternionTIdE6rotateERK7Vector3IdE @ 0xafc8c0
QLOITER: _ZN12NavEKF3_core15ConstrainStatesEv @ 0x806d50
QLOITER: _ZNK21AP_DAL_InertialSensor9use_accelEh @ 0xafc980
QLOITER: _ZNK21AP_DAL_InertialSensor8use_gyroEh @ 0xafca50
QLOITER: _ZN12NavEKF3_core19learnInactiveBiasesEv @ 0x807190
QLOITER: _ZN12NavEKF3_core19updateMovementCheckEv @ 0x807700
QLOITER: _ZN12NavEKF3_core17readDeltaVelocityEhR7Vector3IdERd @ 0x807fa0
QLOITER: _ZNK21AP_DAL_InertialSensor18get_imu_pos_offsetEh @ 0xafcb20
QLOITER: _ZN12NavEKF3_core14readDeltaAngleEhR7Vector3IdERd @ 0x8080f0
QLOITER: _ZN16EKF_IMU_buffer_tIN12NavEKF3_core12imu_elementsEE21push_youngest_elementES1_ @ 0xafcb90
QLOITER: _ZN12NavEKF3_core14SampleDragDataERKNS_12imu_elementsE @ 0x808210
QLOITER: _ZN16EKF_IMU_buffer_tIN12NavEKF3_core12imu_elementsEE18get_oldest_elementEv @ 0xafcbf0
QLOITER: _ZN12NavEKF3_core22updateTimingStatisticsEv @ 0x8084c0
QLOITER: _ZL3MINIfdEDTqultfp_fp0_fp_fp0_ERKT_RKT0_ @ 0x808770
QLOITER: _ZN12NavEKF3_core12imu_elementsC2Ev @ 0xafcc70
QLOITER: _ZN14ekf_imu_buffer18get_oldest_elementEPv @ 0x808810
QLOITER: _ZN14ekf_imu_buffer21push_youngest_elementEPKv @ 0x8088d0
QLOITER: _ZNK21AP_DAL_InertialSensor14get_gyro_countEv @ 0xafcd50
QLOITER: _ZNK21AP_DAL_InertialSensor15get_delta_angleEhR7Vector3IfERf @ 0xafcda0
QLOITER: _ZNK21AP_DAL_InertialSensor15get_accel_countEv @ 0xafcea0
QLOITER: _ZNK21AP_DAL_InertialSensor18get_delta_velocityEhR7Vector3IfERf @ 0xafcef0
QLOITER: _ZL7radiansi.5218 @ 0x8089c0
QLOITER: _ZN12NavEKF3_core12detectFlightEv @ 0x808a20
QLOITER: _ZN12NavEKF3_core27setWindMagStateLearningModeEv @ 0x808ee0
QLOITER: _ZN12NavEKF3_core28checkAttitudeAlignmentStatusEv @ 0x809780
QLOITER: _ZN12NavEKF3_core13setAidingModeEv @ 0x809890
QLOITER: _ZN12NavEKF3_core12setYawSourceEv @ 0x80a800
QLOITER: _ZN12NavEKF3_core18checkGyroCalStatusEv @ 0x80a8d0
QLOITER: _ZL3MINIttEDTqultfp_fp0_fp_fp0_ERKT_RKT0_ @ 0x80afb0
QLOITER: _ZL7radiansd.5136 @ 0x80b030
QLOITER: _ZL2sqf.5140 @ 0x80b0d0
QLOITER: _ZN12NavEKF3_core19updateStateIndexLimEv @ 0x80b120
QLOITER: _ZL2sqf.5384 @ 0x80b200
QLOITER: _ZN10EKFGSF_yaw11setGyroBiasER7Vector3IfE @ 0x80b250
QLOITER: _ZN12NavEKF3_core20update_gps_selectionEv @ 0x80b310
QLOITER: _ZN12NavEKF3_core20update_mag_selectionEv @ 0x80b410
QLOITER: _ZN12NavEKF3_core21update_baro_selectionEv @ 0x80b550
QLOITER: _ZN12NavEKF3_core25update_airspeed_selectionEv @ 0x80b630
QLOITER: _ZNK15AP_DAL_Airspeed11get_primaryEv @ 0xafd030
QLOITER: _ZNK11AP_DAL_Baro11get_primaryEv @ 0xafd080
QLOITER: _Z9fill_nanfPdt @ 0x80b740
QLOITER: _ZNK17AP_InertialSensor20get_last_update_usecEv @ 0xafd140
QLOITER: _ZNK17AP_InertialSensor16get_loop_delta_tEv @ 0xafd190
QLOITER: _ZNK7AP_AHRS17get_vehicle_classEv @ 0xafd1e0
QLOITER: _ZNK7AP_AHRS20get_takeoff_expectedEv @ 0xafd230
QLOITER: _ZNK7AP_AHRS22get_touchdown_expectedEv @ 0xafd290
QLOITER: _ZNK7AP_AHRS8get_trimEv @ 0xafd2f0
QLOITER: _ZN2AP12wheelencoderEv @ 0x80bb60
QLOITER: _ZNK7AP_AHRS43get_rotation_vehicle_body_to_autopilot_bodyEv @ 0xafd3a0
QLOITER: _ZN21AP_DAL_InertialSensor11start_frameEv @ 0x80bba0
QLOITER: _ZN11AP_DAL_Baro11start_frameEv @ 0x80be20
QLOITER: _ZN10AP_DAL_GPS11start_frameEv @ 0x80bf90
QLOITER: _ZN14AP_DAL_Compass11start_frameEv @ 0x80c390
QLOITER: _ZN15AP_DAL_Airspeed11start_frameEv @ 0x80c5b0
QLOITER: _ZN2AP6beaconEv @ 0x80cba0
QLOITER: _ZN9AP_Beacon13get_singletonEv @ 0xafd4a0
QLOITER: _ZNK11AP_Airspeed15get_num_sensorsEv @ 0xafd4e0
QLOITER: _ZNK11AP_Airspeed14last_update_msEh @ 0xafd530
QLOITER: _ZNK7Compass24auto_declination_enabledEv @ 0xafd5a0
QLOITER: _ZNK7Compass15get_declinationEv @ 0x80d2f0
QLOITER: _ZNK7Compass15get_num_enabledEv @ 0x80d350
QLOITER: _ZNK7Compass16get_first_usableEv @ 0xafd610
QLOITER: _ZNK7Compass17have_scale_factorEh @ 0x80d410
QLOITER: _ZNK7Compass16last_update_usecEh @ 0xafd660
QLOITER: _ZNK14typesafe_indexIh14TAG_StateIndexEgeERKh @ 0xafd6e0
QLOITER: _ZNK7AP_Baro11get_primaryEv @ 0xafd750
QLOITER: _ZNK7AP_Baro15get_last_updateEh @ 0xafd7a0
QLOITER: _ZNK17AP_InertialSensor16get_loop_rate_hzEv @ 0xafd810
QLOITER: _ZNK17AP_InertialSensor15get_delta_angleEhR7Vector3IfERf @ 0x80d550
QLOITER: _ZN21AP_DAL_InertialSensor15update_filteredEh @ 0x80d720
QLOITER: _ZNK17AP_InertialSensor18get_imu_pos_offsetEh @ 0xafd860
QLOITER: _ZNK17AP_InertialSensor10_accel_posEh @ 0xafd8c0
QLOITER: _ZN17AP_InertialSensor10_accel_posEh @ 0xafd920
QLOITER: _ZN15AP_WheelEncoder13get_singletonEv @ 0xafd990
QLOITER: _ZN7NavEKF212UpdateFilterEv @ 0x810760
QLOITER: _ZNK12NavEKF2_core11getGyroBiasER7Vector3IfE @ 0x810d40
QLOITER: _ZNK12NavEKF2_core21getFramesSincePredictEv @ 0x810e30
QLOITER: _ZN12NavEKF2_core12UpdateFilterEb @ 0x810e90
QLOITER: _ZN12NavEKF2_core18controlFilterModesEv @ 0x811090
QLOITER: _ZN12NavEKF2_core11readIMUDataEv @ 0x811160
QLOITER: _ZN12NavEKF2_core27UpdateStrapdownEquationsNEDEv @ 0x811980
QLOITER: _ZN12NavEKF2_core20CovariancePredictionEv @ 0x811dc0
QLOITER: _ZN12NavEKF2_core25runYawEstimatorPredictionEv @ 0x81b4d0
QLOITER: _ZN12NavEKF2_core15SelectMagFusionEv @ 0x81b640
QLOITER: _ZN12NavEKF2_core18SelectVelPosFusionEv @ 0x81ba90
QLOITER: _ZN12NavEKF2_core25runYawEstimatorCorrectionEv @ 0x81c2a0
QLOITER: _ZN12NavEKF2_core18SelectRngBcnFusionEv @ 0x81c3f0
QLOITER: _ZN12NavEKF2_core16SelectFlowFusionEv @ 0x81c480
QLOITER: _ZN12NavEKF2_core15SelectTasFusionEv @ 0x81c700
QLOITER: _ZN12NavEKF2_core16SelectBetaFusionEv @ 0x81c820
QLOITER: _ZN12NavEKF2_core18updateFilterStatusEv @ 0x81c9c0
QLOITER: _ZN12NavEKF2_core16calcOutputStatesEv @ 0x81d3c0
QLOITER: _ZNK12NavEKF2_core20assume_zero_sideslipEv @ 0x81e630
QLOITER: _ZN12NavEKF2_core11readMagDataEv @ 0x81e6c0
QLOITER: _ZN12NavEKF2_core11readGpsDataEv @ 0x81eba0
QLOITER: _ZN12NavEKF2_core12readBaroDataEv @ 0x81f660
QLOITER: _ZN16EKF_IMU_buffer_tIN12NavEKF2_core15output_elementsEEixEj @ 0xafed80
QLOITER: _ZN12NavEKF2_core8zeroRowsERA24_A24_dhh @ 0x821600
QLOITER: _ZN12NavEKF2_core8zeroColsERA24_A24_dhh @ 0x8216c0
QLOITER: _ZNK10AP_DAL_GPS22have_vertical_velocityEv @ 0xafedf0
QLOITER: _ZNK12NavEKF2_core26CorrectGPSForAntennaOffsetERNS_12gps_elementsE @ 0x821780
QLOITER: _ZL2sqf.20181 @ 0x821c00
QLOITER: _ZNK11AP_DAL_Baro15get_last_updateEv @ 0xaff250
QLOITER: _ZNK11AP_DAL_Baro12get_altitudeEv @ 0xaff2b0
QLOITER: _ZL3MAXIddEDTqugtfp_fp0_fp_fp0_ERKT_RKT0_.20150 @ 0x821e70
QLOITER: _ZN16EKF_obs_buffer_tIN12NavEKF2_core13baro_elementsEE4pushERKS1_ @ 0xaff310
QLOITER: _ZNK10AP_DAL_GPS7get_lagERf @ 0xaff380
QLOITER: _ZNK10AP_DAL_GPS8velocityEv @ 0xaff400
QLOITER: _ZNK10AP_DAL_GPS14speed_accuracyERf @ 0xaff460
QLOITER: _ZL3MAXIdfEDTqugtfp_fp0_fp_fp0_ERKT_RKT0_.20159 @ 0x821ef0
QLOITER: _ZL3MINIdfEDTqultfp_fp0_fp_fp0_ERKT_RKT0_.20160 @ 0x821f90
QLOITER: _ZL3MAXId9AP_ParamTIfL11ap_var_type4EEEDTqugtfp_fp0_fp_fp0_ERKT_RKT0_.20162 @ 0x822030
QLOITER: _ZNK10AP_DAL_GPS19horizontal_accuracyERf @ 0xaff4e0
QLOITER: _ZNK10AP_DAL_GPS17vertical_accuracyERf @ 0xaff560
QLOITER: _ZNK10AP_DAL_GPS8num_satsEv @ 0xaff5e0
QLOITER: _ZN12NavEKF2_core18calcGpsGoodToAlignEv @ 0x8220e0
QLOITER: _ZN12NavEKF2_core20calcGpsGoodForFlightEv @ 0x822fd0
QLOITER: _ZN12NavEKF2_core24alignMagStateDeclinationEv @ 0x823320
QLOITER: _ZN16EKF_obs_buffer_tIN12NavEKF2_core12gps_elementsEE4pushERKS1_ @ 0xaff650
QLOITER: _ZNK12NavEKF2_core14MagDeclinationEv @ 0x823510
QLOITER: _ZN12NavEKF2_core15FuseDeclinationEd @ 0x8235f0
QLOITER: _ZN12NavEKF2_core13ForceSymmetryEv @ 0x823fd0
QLOITER: _ZN12NavEKF2_core18ConstrainVariancesEv @ 0x824120
QLOITER: _ZL3MAXIddEDTqugtfp_fp0_fp_fp0_ERKT_RKT0_.20213 @ 0x824650
QLOITER: _ZL3MINIdfEDTqultfp_fp0_fp_fp0_ERKT_RKT0_.20200 @ 0x8246d0
QLOITER: _ZNK10AP_DAL_GPS8get_hdopEv @ 0xaff6c0
QLOITER: _ZN12NavEKF2_core12mag_elementsC2Ev @ 0xaff730
QLOITER: _ZN16EKF_obs_buffer_tIN12NavEKF2_core12mag_elementsEE4pushERKS1_ @ 0xaff790
QLOITER: _ZN12NavEKF2_core17correctDeltaAngleER7Vector3IdEdh @ 0x824920
QLOITER: _ZN12NavEKF2_core20correctDeltaVelocityER7Vector3IdEdh @ 0x824a30
QLOITER: _ZN16EKF_IMU_buffer_tIN12NavEKF2_core12imu_elementsEE18get_youngest_indexEv @ 0xaff800
QLOITER: _ZN16EKF_IMU_buffer_tIN12NavEKF2_core12imu_elementsEE16get_oldest_indexEv @ 0xaff860
QLOITER: _ZN12NavEKF2_core15output_elementsC2Ev @ 0xaff8c0
QLOITER: _ZNK12NavEKF2_core11useAirspeedEv @ 0x824ae0
QLOITER: _ZN12NavEKF2_core14readAirSpdDataEv @ 0x828020
QLOITER: _ZN12NavEKF2_core12FuseAirspeedEv @ 0x8281a0
QLOITER: _ZL3MAXIdfEDTqugtfp_fp0_fp_fp0_ERKT_RKT0_.22305 @ 0x8298f0
QLOITER: _ZNK15AP_DAL_Airspeed3useEv @ 0xaff940
QLOITER: _ZNK15AP_DAL_Airspeed7healthyEv @ 0xaff9b0
QLOITER: _ZNK15AP_DAL_Airspeed14last_update_msEv @ 0xaffa20
QLOITER: _ZNK15AP_DAL_Airspeed12get_airspeedEv @ 0xaffa80
QLOITER: _ZN16EKF_obs_buffer_tIN12NavEKF2_core12tas_elementsEE4pushERKS1_ @ 0xaffae0
QLOITER: _ZN16EKF_obs_buffer_tIN12NavEKF2_core12tas_elementsEE6recallERS1_j @ 0xaffb50
QLOITER: _ZN12NavEKF2_core14readRngBcnDataEv @ 0x82f990
QLOITER: _ZN16EKF_obs_buffer_tIN12NavEKF2_core16ext_nav_elementsEE6recallERS1_j @ 0xaffcc0
QLOITER: _ZN16EKF_obs_buffer_tIN12NavEKF2_core20ext_nav_vel_elementsEE6recallERS1_j @ 0xaffd40
QLOITER: _ZN16EKF_obs_buffer_tIN12NavEKF2_core12gps_elementsEE6recallERS1_j @ 0xaffdc0
QLOITER: _ZN12NavEKF2_core18controlMagYawResetEv @ 0x833c10
QLOITER: _ZN12NavEKF2_core12fuseEulerYawEv @ 0x834570
QLOITER: _ZN12NavEKF2_core13realignYawGPSEv @ 0x835b70
QLOITER: _ZN12NavEKF2_core21selectHeightForFusionEv @ 0x835df0
QLOITER: _ZN12NavEKF2_core13FuseVelPosNEDEv @ 0x837130
QLOITER: _ZL3MAXIdfEDTqugtfp_fp0_fp_fp0_ERKT_RKT0_.20190 @ 0x838e40
QLOITER: _ZN12NavEKF2_core15readRangeFinderEv @ 0x838ee0
QLOITER: _ZN16EKF_obs_buffer_tIN12NavEKF2_core14range_elementsEE6recallERS1_j @ 0xaffe40
QLOITER: _ZN16EKF_obs_buffer_tIN12NavEKF2_core13baro_elementsEE6recallERS1_j @ 0xaffec0
QLOITER: _ZL3MAXIddEDTqugtfp_fp0_fp_fp0_ERKT_RKT0_.20133 @ 0x8398e0
QLOITER: _ZL3MAXIdfEDTqugtfp_fp0_fp_fp0_ERKT_RKT0_.20138 @ 0x839a90
QLOITER: _ZN16EKF_obs_buffer_tIN12NavEKF2_core12mag_elementsEE6recallERS1_j @ 0xafffb0
QLOITER: _ZN12NavEKF2_core16FuseMagnetometerEv @ 0x83a080
QLOITER: _ZN12NavEKF2_core17MagTableConstrainEv @ 0x83fb70
QLOITER: _ZN12NavEKF2_core15CopyCovariancesEv @ 0x83fca0
QLOITER: _ZN12NavEKF2_core15ConstrainStatesEv @ 0x83fd90
QLOITER: _ZL3MAXIddEDTqugtfp_fp0_fp_fp0_ERKT_RKT0_.20258 @ 0x8401c0
QLOITER: _ZN12NavEKF2_core19learnInactiveBiasesEv @ 0x840240
QLOITER: _ZN12NavEKF2_core17readDeltaVelocityEhR7Vector3IdERd @ 0x840710
QLOITER: _ZN12NavEKF2_core14readDeltaAngleEhR7Vector3IdERd @ 0x840880
QLOITER: _ZN16EKF_IMU_buffer_tIN12NavEKF2_core12imu_elementsEE21push_youngest_elementES1_ @ 0xb00030
QLOITER: _ZN16EKF_IMU_buffer_tIN12NavEKF2_core12imu_elementsEE18get_oldest_elementEv @ 0xb00090
QLOITER: _ZN12NavEKF2_core22updateTimingStatisticsEv @ 0x8409f0
QLOITER: _ZL3MAXIfdEDTqugtfp_fp0_fp_fp0_ERKT_RKT0_.20157 @ 0x840ca0
QLOITER: _ZL3MINIfdEDTqultfp_fp0_fp_fp0_ERKT_RKT0_.20158 @ 0x840d40
QLOITER: _ZN12NavEKF2_core12imu_elementsC2Ev @ 0xb00110
QLOITER: _ZL7radiansi.20161 @ 0x840de0
QLOITER: _ZN12NavEKF2_core12detectFlightEv @ 0x840e40
QLOITER: _ZN12NavEKF2_core27setWindMagStateLearningModeEv @ 0x8412e0
QLOITER: _ZN12NavEKF2_core28checkAttitudeAlignmentStatusEv @ 0x841980
QLOITER: _ZN12NavEKF2_core13setAidingModeEv @ 0x841af0
QLOITER: _ZL3MINIttEDTqultfp_fp0_fp_fp0_ERKT_RKT0_.20103 @ 0x8429d0
QLOITER: _ZNK12NavEKF2_core16effective_magCalEv @ 0x842af0
QLOITER: _ZN16AP_AHRS_External6updateEv @ 0x843550
QLOITER: _ZN16AP_AHRS_External11get_resultsERN15AP_AHRS_Backend9EstimatesE @ 0x8435a0
QLOITER: _ZN7AP_AHRS37copy_estimates_from_backend_estimatesERKN15AP_AHRS_Backend9EstimatesE @ 0x8437f0
QLOITER: _ZN15AP_ExternalAHRS6updateEv @ 0x843ad0
QLOITER: _ZL7degreesf.11297 @ 0x843e00
QLOITER: _ZN11AP_AHRS_SIM6updateEv @ 0xb00d40
QLOITER: _ZN11AP_AHRS_SIM11get_resultsERN15AP_AHRS_Backend9EstimatesE @ 0x843e50
QLOITER: _ZN11AP_AHRS_DCM6updateEv @ 0x844a30
QLOITER: _ZN11AP_AHRS_DCM11get_resultsERN15AP_AHRS_Backend9EstimatesE @ 0x844d50
QLOITER: _ZN11AP_AHRS_DCM13matrix_updateEv @ 0x844e70
QLOITER: _ZN11AP_AHRS_DCM9normalizeEv @ 0x8450c0
QLOITER: _ZN11AP_AHRS_DCM16drift_correctionEf @ 0x8452e0
QLOITER: _ZN11AP_AHRS_DCM12check_matrixEv @ 0x846640
QLOITER: _ZN11AP_AHRS_DCM15backup_attitudeEv @ 0x846740
QLOITER: _ZNK11AP_AHRS_DCM12get_error_rpEv @ 0xb00e00
QLOITER: _ZNK11AP_AHRS_DCM13get_error_yawEv @ 0xb00e50
QLOITER: _ZN7Matrix3IfE6is_nanEv @ 0xb00ea0
QLOITER: _ZN11AP_AHRS_DCM20drift_correction_yawEv @ 0x846c30
QLOITER: _ZNK7Matrix3IfE4colxEv @ 0xb00f40
QLOITER: _ZNK6AP_GPS16last_fix_time_msEv @ 0xb00fb0
QLOITER: _ZL3MAXIfiEDTqugtfp_fp0_fp_fp0_ERKT_RKT0_.2600 @ 0x847150
QLOITER: _ZNK11AP_AHRS_DCM26should_correct_centrifugalEv @ 0x8471f0
QLOITER: _ZN11AP_AHRS_DCM10ra_delayedEhRK7Vector3IfE @ 0x847240
QLOITER: _ZNK17AP_InertialSensor7healthyEv @ 0xb01010
QLOITER: _ZN11AP_AHRS_DCM7_P_gainEf @ 0x847340
QLOITER: _ZNK11AP_AHRS_DCM14use_fast_gainsEv @ 0x847420
QLOITER: _ZL7radiansi.2601 @ 0x8474b0
QLOITER: _ZNK17AP_InertialSensor19get_gyro_drift_rateEv @ 0xb01090
QLOITER: _ZNK17AP_InertialSensor15get_gyro_healthEv @ 0xb010e0
QLOITER: _ZNK17AP_InertialSensor16get_accel_healthEv @ 0xb01140
QLOITER: _ZNK7Compass16last_update_usecEv @ 0xb011a0
QLOITER: _ZN7Compass4readEv @ 0x847510
QLOITER: _ZN11AP_AHRS_DCM17yaw_error_compassER7Compass @ 0x8478e0
QLOITER: _ZNK11AP_AHRS_DCM9_yaw_gainEv @ 0x847a60
QLOITER: _ZNK7Matrix3IfE5mulXYERK7Vector3IfE @ 0xb01200
QLOITER: _ZNK7Vector2IfErmERKS0_ @ 0xb012d0
QLOITER: _ZN7Compass15_detect_runtimeEv @ 0x847c10
QLOITER: _ZN9AP_Logger13Write_CompassEv @ 0x847f40
QLOITER: _ZN19RestrictIDTypeArrayI9AP_ParamTIaL11ap_var_type1EELj3E14typesafe_indexIh12TAG_PriorityEEixERKS5_ @ 0xb01350
QLOITER: _ZN9AP_Logger22Write_Compass_instanceEmh @ 0x847fe0
QLOITER: _ZNK7Compass17get_motor_offsetsEh @ 0xb013d0
QLOITER: _ZN18AP_Compass_Backend25drain_accumulated_samplesEhPK7Vector3IfE @ 0x849f10
QLOITER: _ZN18AP_Compass_Backend22publish_filtered_fieldERK7Vector3IfEh @ 0x84a090
QLOITER: _ZN11AP_AHRS_DCM6renormERK7Vector3IfERS1_ @ 0x84a150
QLOITER: _ZNK17AP_InertialSensor15get_delta_angleER7Vector3IfERf @ 0xb01c50
QLOITER: _ZNK7Vector3IfEeqERKS0_ @ 0xb01ce0
QLOITER: _ZNK14AP_Logger_File17recent_open_errorEv @ 0x84a500
QLOITER: _ZNK14AP_Logger_File15io_thread_aliveEv @ 0x84a590
QLOITER: _ZN14AP_Logger_File18write_lastlog_fileEt @ 0x84a7b0
QLOITER: _ZN14AP_Logger_File16disk_space_availEv @ 0x84a920
QLOITER: _ZL3MINIjjEDTqultfp_fp0_fp_fp0_ERKT_RKT0_.6871 @ 0x84aa00
QLOITER: _ZN13AP_Filesystem17bytes_until_fsyncEi @ 0x84aa80
QLOITER: _ZN13AP_Filesystem9disk_freeEPKc @ 0x84ab00
QLOITER: _ZNK14AP_Logger_File18_lastlog_file_nameEv @ 0x84ab80
QLOITER: _ZNK14AP_Logger_File14_log_file_nameEt @ 0x84ac10
QLOITER: _ZN14AP_Logger_File13_get_log_sizeEt @ 0x84acb0
QLOITER: _ZN14AP_Logger_File27ensure_log_directory_existsEv @ 0x84ae80
QLOITER: _ZN2AP4rssiEv @ 0x851d40
QLOITER: _ZNK7AP_RSSI7enabledEv @ 0xb02590
QLOITER: _ZN7AP_RSSI13get_singletonEv @ 0x852570
QLOITER: _ZN13AP_CANManager20check_logging_enableEv @ 0x853530
QLOITER: _ZN7FunctorIvJEE14method_wrapperI13AP_CANManagerXadL_ZNS2_20check_logging_enableEvEEEEvPv @ 0xb02bc0
QLOITER: _ZNK13AP_CANManager15CANIface_Params13option_is_setENS0_7OptionsE @ 0xb02c70
QLOITER: _ZN9AP_Logger13Write_MessageEPKc @ 0x85e120
QLOITER: _ZNK6AP_GPS20last_message_time_msEv @ 0xb0cc70
QLOITER: _ZNK22AP_BattMonitor_Backend13option_is_setEN21AP_BattMonitor_Params7OptionsE @ 0xb14c60
QLOITER: _ZN22AP_BattMonitor_Backend15update_consumedERN14AP_BattMonitor17BattMonitor_StateEj @ 0x875960
QLOITER: _ZN22AP_BattMonitor_Backend13calculate_mahEff @ 0xb14cf0
QLOITER: _ZN18AP_Compass_Backend17accumulate_sampleER7Vector3IfEhj @ 0x877c70
QLOITER: _ZN18AP_Compass_Backend12rotate_fieldER7Vector3IfEh @ 0x877df0
QLOITER: _ZN18AP_Compass_Backend17publish_raw_fieldERK7Vector3IfEh @ 0x877ee0
QLOITER: _ZN18AP_Compass_Backend13correct_fieldER7Vector3IfEh @ 0x877ff0
QLOITER: _ZN18AP_Compass_Backend8field_okERK7Vector3IfE @ 0x8783f0
QLOITER: _ZNK7Compass16get_filter_rangeEv @ 0xb17010
QLOITER: _ZNK16Compass_PerMotor7enabledEv @ 0xb17070
QLOITER: _ZN7Compass13_get_priorityE14typesafe_indexIh14TAG_StateIndexE @ 0xb170e0
QLOITER: _ZN14AP_GPS_Backend15set_alt_amsl_cmERN6AP_GPS9GPS_StateEi @ 0x87cac0
QLOITER: _ZN16JitterCorrection31correct_offboard_timestamp_usecEmm @ 0x87ccd0
QLOITER: _ZNK14AP_GPS_Backend10option_setEN6AP_GPS13DriverOptionsE @ 0xb1a270
QLOITER: _ZNK6AP_GPS10option_setENS_13DriverOptionsE @ 0xb1a2e0
QLOITER: _ZN6AP_RTC12set_utc_usecEmNS_11source_typeE @ 0x87d740
QLOITER: _ZN11GCS_MAVLINK24update_signing_timestampEm @ 0x87d8f0
QLOITER: _ZN10RC_Channel9set_rangeEt @ 0x87faf0
QLOITER: _ZNK11GCS_MAVLINK14option_enabledENS_6OptionE @ 0xb1c770
QLOITER: _ZNK16AP_SerialManager9UARTState12get_protocolEv @ 0xb1c7f0
QLOITER: _ZN2AP8PerfInfo13set_loop_rateEt @ 0x88fde0
QLOITER: _ZN2AP8PerfInfo5resetEv @ 0x88fea0
QLOITER: _ZN3GCS10send_textvE12MAV_SEVERITYPKcP13__va_list_tagh @ 0x8904d0
QLOITER: _ZNK3GCS43min_loop_time_remaining_for_message_send_usEv @ 0xb1ce30
QLOITER: _ZNK3GCS19vehicle_initialisedEv @ 0xb1ce80
QLOITER: _ZL3MINImmEDTqultfp_fp0_fp_fp0_ERKT_RKT0_.7320 @ 0x8909e0
QLOITER: _ZN11ObjectArrayIN3GCS12statustext_tEE10push_forceERKS1_ @ 0xb1d010
QLOITER: _ZN2AP11frsky_telemEv @ 0x890a60
QLOITER: _ZN2AP14spektrum_telemEv @ 0x890aa0
QLOITER: _ZN9AP_Notify9send_textEPKc @ 0x890ae0
QLOITER: _ZN17AP_Spektrum_Telem13get_singletonEv @ 0xb1d150
QLOITER: _ZN14AP_Frsky_Telem13get_singletonEv @ 0xb1d190
QLOITER: _ZNK11ObjectArrayIN3GCS12statustext_tEE5spaceEv @ 0xb1d1d0
QLOITER: _ZN11ObjectArrayIN3GCS12statustext_tEE4pushERKS1_ @ 0xb1d230
QLOITER: _ZN5Plane8set_modeEh10ModeReason @ 0x890b80
QLOITER: _ZNK5Plane29current_mode_requires_missionEv @ 0xb1d500
QLOITER: _ZNK5Plane17get_wp_distance_mERf @ 0x891920
QLOITER: _ZNK5Plane18get_wp_bearing_degERf @ 0x891a40
QLOITER: _ZNK5Plane25get_wp_crosstrack_error_mERf @ 0x891b70
QLOITER: _ZN5Plane20set_control_channelsEv @ 0x893010
QLOITER: _ZN5Plane18fence_checks_asyncEv @ 0x893300
QLOITER: _ZN6AP_HAL15timeout_expiredIjjjEEbT_T0_T1_ @ 0xb1d620
QLOITER: _ZN8AC_Fence5checkEb @ 0x8934e0
QLOITER: _ZN8AC_Fence19clear_margin_breachEh @ 0x8938f0
QLOITER: _ZN10RC_Channel9set_angleEt @ 0x894630
QLOITER: _ZNK5Plane19have_reverse_thrustEv @ 0x8946a0
QLOITER: _ZN12SRV_Channels19set_esc_scaling_forEN11SRV_Channel8FunctionE @ 0x894710
QLOITER: _ZN6AP_HAL8RCOutput15set_esc_scalingEtt @ 0xb1d770
QLOITER: _ZN8AP_Param15save_io_handlerEv @ 0x895350
QLOITER: _ZN7FunctorIvJEE14method_wrapperI8AP_ParamXadL_ZNS2_15save_io_handlerEvEEEEvPv @ 0xb1d920
QLOITER: _ZN15ObjectBuffer_TSIN8AP_Param10param_saveEE3popERS1_ @ 0xb1d9d0
QLOITER: _ZN5Plane3gcsEv @ 0xb1db70
QLOITER: _ZL21failsafe_check_staticv @ 0x899cd0
QLOITER: _ZN9QuadPlane5setupEv @ 0x899d10
QLOITER: _ZN5Plane8set_modeER4Mode10ModeReason @ 0x89aa50
QLOITER: _ZN3GCS16sysid_mygcs_seenEj @ 0xb1dda0
QLOITER: _ZN5Plane18set_mode_by_numberEN4Mode6NumberE10ModeReason @ 0x89b270
QLOITER: _ZN10RC_Channel16read_mode_switchEv @ 0x8a2630
QLOITER: _ZN10RC_Channel16read_6pos_switchERa @ 0x8a26b0
QLOITER: _ZN10RC_Channel18debounce_completedEa @ 0x8a2810
QLOITER: _ZN5Plane18mode_from_mode_numEN4Mode6NumberE @ 0x8a2900
QLOITER: _ZN12SRV_Channels17enable_aux_servosEv @ 0x8a2c00
QLOITER: _ZN5Plane13servos_outputEv @ 0x8a2e40
QLOITER: _ZN5Plane22servos_twin_engine_mixEv @ 0x8a30f0
QLOITER: _ZNK5Plane22channel_function_mixerEN11SRV_Channel8FunctionES1_S1_S1_ @ 0x8a33b0
QLOITER: _ZN10Tailsitter6outputEv @ 0x8a35c0
QLOITER: _ZN9Tiltrotor15bicopter_outputEv @ 0x8a4a30
QLOITER: _ZN5Plane11force_flareEv @ 0x8a4cf0
QLOITER: _ZN5Plane15dspoiler_updateEv @ 0x8a4f60
QLOITER: _ZN5Plane38landing_neutral_control_surface_servosEv @ 0x8a54d0
QLOITER: _ZN12SRV_Channels8calc_pwmEv @ 0x8a5840
QLOITER: _ZN12SRV_Channels13output_ch_allEv @ 0x8a5a60
QLOITER: _ZNK12SRV_Channels17auto_trim_enabledEv @ 0xb204b0
QLOITER: _ZNK16AP_FW_Controller12get_pid_infoEv @ 0xb20520
QLOITER: _ZNK10AP_Landing23get_then_servos_neutralEv @ 0xb20570
QLOITER: _ZN12SRV_Channels30get_slew_limited_output_scaledEN11SRV_Channel8FunctionE @ 0x8a6550
QLOITER: _ZNK9QuadPlane18in_frwd_transitionEv @ 0x8a6660
QLOITER: _ZN19AP_AdvancedFailsafe20should_crash_vehicleEv @ 0x8a7080
QLOITER: _ZN5Plane24relative_ground_altitudeE14RangeFinderUse @ 0x8a7950
QLOITER: _ZN5Plane24relative_ground_altitudeE14RangeFinderUseb @ 0x8a79c0
QLOITER: _ZN5Plane17get_external_HAGLERf @ 0x8a7bd0
QLOITER: _ZNK5Plane15rangefinder_useE14RangeFinderUse @ 0x8a7ca0
QLOITER: _ZNK5Plane23rangefinder_orientationEv @ 0xb20960
QLOITER: _ZN5Plane20adjusted_altitude_cmEv @ 0x8a7ec0
QLOITER: _ZN5Plane18mission_alt_offsetEv @ 0x8a7f40
QLOITER: _ZN6AC_PID12reset_filterEv @ 0xb20e40
QLOITER: _ZN5Plane10should_logEj @ 0x8aaec0
QLOITER: _ZNK7AP_EnumI11StickMixingEcvKS0_Ev @ 0xb21c20
QLOITER: _ZN10Tailsitter6activeEv @ 0x8acaf0
QLOITER: _ZNK5Plane16get_speed_scalerEv @ 0xb21d90
QLOITER: _ZN16AP_FW_Controller7reset_IEv @ 0x8ad030
QLOITER: _ZN16AP_YawController7reset_IEv @ 0x8ad090
QLOITER: _ZL7degreesf.12 @ 0x8adb20
QLOITER: _ZN6AC_PID7reset_IEv @ 0x8add20
QLOITER: _ZN5Plane34Log_Write_Vehicle_Startup_MessagesEv @ 0x8ae640
QLOITER: _ZN7FunctorIvJEE14method_wrapperI5PlaneXadL_ZNS2_34Log_Write_Vehicle_Startup_MessagesEvEEEEvPv @ 0xb21f80
QLOITER: _ZN9AP_Logger10Write_ModeEh10ModeReason @ 0x8ae860
QLOITER: _ZN6AP_GPS36Write_AP_Logger_Log_Startup_messagesEv @ 0x8ae910
QLOITER: _ZN17AP_Logger_Backend10Write_ModeEh10ModeReason @ 0x8ae9f0
QLOITER: _ZN7AP_AHRS15set_fly_forwardEb @ 0xb220b0
QLOITER: _ZN7AP_Baro6updateEv @ 0x8afc80
QLOITER: _ZNK7AP_Baro7healthyEv @ 0xb22230
QLOITER: _ZN15AP_Baro_Backend14backend_updateEh @ 0x8b03a0
QLOITER: _ZN7AP_Baro24wind_pressure_correctionEh @ 0x8b0420
QLOITER: _ZNK7AP_Baro15get_last_updateEv @ 0xb22290
QLOITER: _ZN16DerivativeFilterIfLh7EE6updateEfj @ 0xb222f0
QLOITER: _ZN7AP_Baro22update_field_elevationEv @ 0x8b0760
QLOITER: _ZNK7AP_Baro10should_logEv @ 0x8b09e0
QLOITER: _ZN7AP_Baro10Write_BaroEv @ 0x8b0a90
QLOITER: _ZN7AP_Baro19Write_Baro_instanceEmh @ 0x8b0b20
QLOITER: _ZNK7AP_Baro21get_baro_drift_offsetEv @ 0xb223d0
QLOITER: _ZNK7AP_Baro22get_ground_temperatureEv @ 0x8b0d40
QLOITER: _ZNK7AP_Baro22get_corrected_pressureEh @ 0xb22420
QLOITER: _ZN16FilterWithBufferIfLh7EE5applyEf @ 0xb22500
QLOITER: _ZN17AP_InertialSensor12_gyro_offsetEh @ 0xb23a60
QLOITER: _ZN17AP_InertialSensor12caltemp_gyroEh @ 0xb23ad0
QLOITER: _ZN22AP_InertialSensor_SITL6updateEv @ 0x8b2f30
QLOITER: _ZN25AP_InertialSensor_Backend10accumulateEv @ 0xb23bf0
QLOITER: _ZNK25AP_InertialSensor_Backend24get_gyro_backend_rate_hzEv @ 0xb23d60
QLOITER: _ZN25AP_InertialSensor_Backend11set_primaryEb @ 0xb23dc0
QLOITER: _ZNK25AP_InertialSensor_Backend21_gyro_raw_sample_rateEh @ 0xb23e10
QLOITER: _ZN22AP_InertialSensor_SITL12timer_updateEv @ 0x8b36b0
QLOITER: _ZN7FunctorIvJEE14method_wrapperI22AP_InertialSensor_SITLXadL_ZNS2_12timer_updateEvEEEEvPv @ 0xb23ee0
QLOITER: _ZN22AP_InertialSensor_SITL14generate_accelEv @ 0x8b3b80
QLOITER: _ZN22AP_InertialSensor_SITL13generate_gyroEv @ 0x8b4b60
QLOITER: _ZNK25AP_InertialSensor_Backend20enable_fast_samplingEh @ 0xb23f90
QLOITER: _ZNK22AP_InertialSensor_SITL10gyro_driftEv @ 0x8b55c0
QLOITER: _ZL7radiansd.19672 @ 0x8b57c0
QLOITER: _ZL7radiansf.19673 @ 0x8b5810
QLOITER: _ZN22AP_InertialSensor_SITL15get_temperatureEv @ 0x8b58f0
QLOITER: _ZNK22AP_InertialSensor_TCal15sitl_apply_gyroEfR7Vector3IfE @ 0x8b5a90
QLOITER: _ZN25AP_InertialSensor_Backend35_notify_new_gyro_sensor_rate_sampleEhRK7Vector3IfE @ 0x8b5b70
QLOITER: _ZN25AP_InertialSensor_Backend24_rotate_and_correct_gyroEhR7Vector3IfE @ 0x8b5d70
QLOITER: _ZN25AP_InertialSensor_Backend27_notify_new_gyro_raw_sampleEhRK7Vector3IfEm @ 0x8b5f00
QLOITER: _ZNK25AP_InertialSensor_Backend15has_been_killedEh @ 0xb24020
QLOITER: _ZNK25AP_InertialSensor_Backend19_update_sensor_rateERtRjRf @ 0x8b65a0
QLOITER: _ZN25AP_InertialSensor_Backend18apply_gyro_filtersEhRK7Vector3IfE @ 0x8b6770
QLOITER: _ZN25AP_InertialSensor_Backend12log_gyro_rawEhmRK7Vector3IfES3_ @ 0x8b6b30
QLOITER: _ZN25AP_InertialSensor_Backend14update_primaryEv @ 0x8b6dc0
QLOITER: _ZNK17AP_InertialSensor22raw_logging_option_setENS_18RAW_LOGGING_OPTIONE @ 0xb240a0
QLOITER: _ZNK25AP_InertialSensor_Backend18should_log_imu_rawEv @ 0x8b6ea0
QLOITER: _ZNK17AP_InertialSensor12BatchSampler25doing_sensor_rate_loggingEv @ 0xb24120
QLOITER: _ZNK17AP_InertialSensor12BatchSampler25doing_post_filter_loggingEv @ 0xb24180
QLOITER: _ZN17AP_InertialSensor12BatchSampler6sampleEhNS_15IMU_SENSOR_TYPEEmRK7Vector3IfE @ 0x8b70b0
QLOITER: _ZN17AP_InertialSensor12BatchSampler10should_logEhNS_15IMU_SENSOR_TYPEE @ 0x8b7200
QLOITER: _ZN25AP_InertialSensor_Backend16save_gyro_windowEhRK7Vector3IfEh @ 0x8b7340
QLOITER: _ZN15LowPassFilter2pI7Vector3IfEE5applyERKS1_ @ 0xb24460
QLOITER: _ZN19DigitalBiquadFilterI7Vector3IfEE5applyERKS1_RKNS2_13biquad_paramsE @ 0xb245b0
QLOITER: _ZNK25AP_InertialSensor_Backend18sensors_convergingEv @ 0x8b7600
QLOITER: _ZNK22AP_InertialSensor_TCal12correct_gyroEffR7Vector3IfE @ 0x8b7730
QLOITER: _ZNK22AP_InertialSensor_TCal14correct_sensorEffPK9AP_ParamVI7Vector3IfEL11ap_var_type5EERS2_ @ 0x8b77d0
QLOITER: _ZNK22AP_InertialSensor_TCal15polynomial_evalEfPK9AP_ParamVI7Vector3IfEL11ap_var_type5EE @ 0x8b79e0
QLOITER: _ZNK22AP_InertialSensor_TCal16sitl_apply_accelEfR7Vector3IfE @ 0x8ba990
QLOITER: _ZN25AP_InertialSensor_Backend36_notify_new_accel_sensor_rate_sampleEhRK7Vector3IfE @ 0x8baa70
QLOITER: _ZN25AP_InertialSensor_Backend25_rotate_and_correct_accelEhR7Vector3IfE @ 0x8bac70
QLOITER: _ZN25AP_InertialSensor_Backend28_notify_new_accel_raw_sampleEhRK7Vector3IfEmb @ 0x8bae90
QLOITER: _ZN25AP_InertialSensor_Backend20_publish_temperatureEhf @ 0x8bb440
QLOITER: _ZN17AP_InertialSensor27calc_vibration_and_clippingEhRK7Vector3IfEf @ 0x8bb4e0
QLOITER: _ZN17AP_InertialSensor19set_accel_peak_holdEhRK7Vector3IfE @ 0x8bb760
QLOITER: _ZN25AP_InertialSensor_Backend13log_accel_rawEhmRK7Vector3IfE @ 0x8bb840
QLOITER: _ZNK25AP_InertialSensor_Backend14get_clip_limitEv @ 0xb255d0
QLOITER: _ZN13LowPassFilterI7Vector3IfEE5applyERKS1_RKf @ 0xb25620
QLOITER: _ZN10DigitalLPFI7Vector3IfEE6_applyERKS1_RKf @ 0xb256e0
QLOITER: _ZNK22AP_InertialSensor_TCal13correct_accelEffR7Vector3IfE @ 0x8bbc20
QLOITER: _ZN25AP_InertialSensor_Backend12update_accelEh @ 0x8bc0a0
QLOITER: _ZN25AP_InertialSensor_Backend11update_gyroEh @ 0x8bc1c0
QLOITER: _ZN25AP_InertialSensor_Backend13_publish_gyroEhRK7Vector3IfE @ 0x8bc320
QLOITER: _ZN25AP_InertialSensor_Backend19update_gyro_filtersEh @ 0x8bc490
QLOITER: _ZNK25AP_InertialSensor_Backend19_gyro_filter_cutoffEv @ 0xb259b0
QLOITER: _ZN25AP_InertialSensor_Backend14_publish_accelEhRK7Vector3IfE @ 0x8bc8d0
QLOITER: _ZN25AP_InertialSensor_Backend20update_accel_filtersEh @ 0x8bcb00
QLOITER: _ZNK25AP_InertialSensor_Backend20_accel_filter_cutoffEv @ 0xb25c90
QLOITER: _ZN18AP_SteerController7reset_IEv @ 0x8bf7f0
QLOITER: _ZN5Plane16control_failsafeEv @ 0x8bf840
QLOITER: _ZN5Plane19update_flight_stageEv @ 0x8bfcd0
QLOITER: _ZNK5Plane18get_throttle_inputEb @ 0x8c0830
QLOITER: _ZNK7AP_AHRS21using_airspeed_sensorEv @ 0x8c0990
QLOITER: _ZNK10RC_Channel22get_control_in_zero_dzEv @ 0x8c0b40
QLOITER: _ZNK10RC_Channel15pwm_to_range_dzEt @ 0x8c0bc0
QLOITER: _ZNK10RC_Channel15pwm_to_angle_dzEt @ 0x8c0d60
QLOITER: _ZNK10RC_Channel20pwm_to_angle_dz_trimEtt @ 0x8c0df0
QLOITER: _ZN5Plane16set_flight_stageEN12AP_FixedWing11FlightStageE @ 0x8c1040
QLOITER: _ZN5Plane16Log_Write_StatusEv @ 0x8c19b0
QLOITER: _ZN17AP_InertialSensor8is_stillEv @ 0x8c1ac0
QLOITER: _ZNK5Plane18rc_failsafe_activeEv @ 0x8c1bd0
QLOITER: _ZNK5Plane20rc_throttle_value_okEv @ 0x8c1c70
QLOITER: _ZN7AP_TECS16set_throttle_minEfb @ 0x8c6830
QLOITER: _ZN6AC_PID10update_allEfffbf @ 0x8c85b0
QLOITER: _ZNK6AC_PID6get_ffEv @ 0x8c8bc0
QLOITER: _ZNK6AC_PID16get_filt_T_alphaEf @ 0x8c8c20
QLOITER: _ZNK6AC_PID16get_filt_E_alphaEf @ 0x8c8ca0
QLOITER: _ZNK6AC_PID16get_filt_D_alphaEf @ 0x8c8d20
QLOITER: _ZN6AC_PID8update_iEfb @ 0x8c8da0
QLOITER: _ZN11SlewLimiter8modifierEff @ 0x8c8fa0
QLOITER: _ZNK11SlewLimiter13get_slew_rateEv @ 0xb27940
QLOITER: _ZL3MINIjjEDTqultfp_fp0_fp_fp0_ERKT_RKT0_.20424 @ 0x8c9520
QLOITER: _ZNK6AC_PID5get_iEv @ 0x8c95a0
QLOITER: _ZN5Plane22calc_altitude_error_cmEv @ 0x8ca720
QLOITER: _ZL3MAXIffEDTqugtfp_fp0_fp_fp0_ERKT_RKT0_.12726 @ 0x8ca800
QLOITER: _ZN5Plane12fly_invertedEv @ 0x8cc6c0
QLOITER: _Z10expo_curveff @ 0x8cca00
QLOITER: _ZN6AC_PID21set_notch_sample_rateEf @ 0x8ded20
QLOITER: _ZN5Plane14failsafe_checkEv @ 0x8ea080
QLOITER: _ZN11RC_Channels10read_inputEv @ 0x8ea3a0
QLOITER: _ZNK5Plane12roll_in_expoEb @ 0x8ea620
QLOITER: _ZNK5Plane13pitch_in_expoEb @ 0x8ea6b0
QLOITER: _ZNK5Plane14rudder_in_expoEb @ 0x8ea740
QLOITER: _ZN5Plane15flaperon_updateEv @ 0x8eaba0
QLOITER: _ZN11GCS_MAVLINK21send_servo_output_rawEv @ 0x8eac90
QLOITER: _ZL33mavlink_msg_servo_output_raw_send17mavlink_channel_tjhtttttttttttttttt @ 0x8eb0b0
QLOITER: _ZN12SRV_Channels13set_slew_rateEN11SRV_Channel8FunctionEftf @ 0x8eb380
QLOITER: _ZL12channel_expoP10RC_Channelab @ 0x8ecb20
QLOITER: _ZN10RC_Channel6updateEv @ 0x8ecc30
QLOITER: _ZN11RC_Channels23rudder_arm_disarm_checkEv @ 0x8ecda0
QLOITER: _ZNK10RC_Channel12pwm_to_rangeEv @ 0x8ecfa0
QLOITER: _ZNK10RC_Channel12pwm_to_angleEv @ 0x8ed010
QLOITER: _ZNK7AP_AHRS18get_yaw_rate_earthEv @ 0xb30ba0
QLOITER: _ZNK12NavEKF3_core9getMagXYZER7Vector3IfE @ 0x917a40
QLOITER: _ZNK12NavEKF2_core9getMagXYZER7Vector3IfE @ 0x917af0
QLOITER: _ZNK12NavEKF3_core9getMagNEDER7Vector3IfE @ 0x917cc0
QLOITER: _ZNK12NavEKF2_core9getMagNEDER7Vector3IfE @ 0x917d70
QLOITER: _ZNK7AP_AHRS9sin_pitchEv @ 0xb30d50
QLOITER: _ZNK7AP_AHRS9cos_pitchEv @ 0xb30da0
QLOITER: _ZNK7AP_AHRS8cos_rollEv @ 0xb30e40
QLOITER: _ZNK14AP_GPS_Backend32supports_mavlink_gps_rtk_messageEv @ 0xb31110
QLOITER: _ZNK14AP_GPS_Blended7get_lagERf @ 0x91a030
QLOITER: _ZNK14AP_GPS_Blended10is_healthyEv @ 0xb312d0
QLOITER: _ZNK14AP_GPS_Backend36Write_AP_Logger_Log_Startup_messagesEv @ 0x91a0b0
QLOITER: _ZN14AP_GPS_Backend18prepare_for_armingEv @ 0xb313d0
QLOITER: _ZNK14AP_GPS_Backend18_detection_messageEPch @ 0x91a120
QLOITER: _ZN15AP_Compass_SITL6_timerEv @ 0x91bc20
QLOITER: _ZN7FunctorIvJEE14method_wrapperI15AP_Compass_SITLXadL_ZNS2_6_timerEvEEEEvPv @ 0xb319a0
QLOITER: _Z10rand_vec3fv @ 0x91c150
QLOITER: _ZN7VectorNIN15AP_Compass_SITL16readings_compassELh50EEixEh @ 0xb31a50
QLOITER: _ZN15AP_Compass_SITL26_setup_eliptical_correcionEh @ 0x91c1d0
QLOITER: _ZNK18AP_Compass_Backend21get_board_orientationEv @ 0x91c400
QLOITER: _ZN15AP_Compass_SITL4readEv @ 0x91c450
QLOITER: _ZNK22AP_BattMonitor_Backend17has_cell_voltagesEv @ 0xb33030
QLOITER: _ZNK22AP_BattMonitor_Backend15has_temperatureEv @ 0xb33080
QLOITER: _ZNK22AP_BattMonitor_Backend15get_temperatureERf @ 0x91fd40
QLOITER: _ZNK22AP_BattMonitor_Backend22capacity_remaining_pctERh @ 0x91fe00
QLOITER: _ZN22AP_BattMonitor_Backend26update_resistance_estimateEv @ 0x91ff80
QLOITER: _ZN22AP_BattMonitor_Backend16update_failsafesEv @ 0x9202d0
QLOITER: _ZNK22AP_BattMonitor_Backend25get_mavlink_fault_bitmaskEv @ 0xb33130
QLOITER: _ZL3MINIifEDTqultfp_fp0_fp_fp0_ERKT_RKT0_.19314 @ 0x9205f0
QLOITER: _ZN21AP_BattMonitor_Analog4readEv @ 0x922290
QLOITER: _ZNK21AP_BattMonitor_Analog19has_consumed_energyEv @ 0xb33e20
QLOITER: _ZNK21AP_BattMonitor_Analog11has_currentEv @ 0x922490
QLOITER: _ZNK6AP_HAL6OwnPtrINS_9I2CDeviceEEptEv @ 0xb37b20
QLOITER: _ZN15AP_Baro_Backend17_copy_to_frontendEhff @ 0x93c0a0
QLOITER: _ZN12AP_Baro_SITL6_timerEv @ 0x93d330
QLOITER: _ZN7FunctorIvJEE14method_wrapperI12AP_Baro_SITLXadL_ZNS2_6_timerEvEEEEvPv @ 0xb3c960
QLOITER: _ZN7VectorNIN12AP_Baro_SITL13readings_baroELh50EEixEh @ 0xb3ca10
QLOITER: _ZN12AP_Baro_SITL22temperature_adjustmentERfS0_ @ 0x93d720
QLOITER: _ZN12AP_Baro_SITL24wind_pressure_correctionEh @ 0x93d910
QLOITER: _ZL2sqf.2785 @ 0x93db20
QLOITER: _ZN7AP_Baro22_get_air_density_ratioEv @ 0x93db70
QLOITER: _ZL2sqf.2764 @ 0x93dc10
QLOITER: _ZN12AP_Baro_SITL6updateEv @ 0x93dd00
QLOITER: _ZN12AP_Baro_SITL19update_healthy_flagEh @ 0xb3cb20
QLOITER: _ZN12AP_Baro_SITL7healthyEh @ 0x93ddb0
QLOITER: _ZN6RGBLed6updateEv @ 0x943cf0
QLOITER: _ZN10IS31FL319510hw_set_rgbEhhh @ 0x944080
QLOITER: _ZN6RGBLed8_set_rgbEhhh @ 0x944120
QLOITER: _ZNK6RGBLed10rgb_sourceEv @ 0x944230
QLOITER: _ZNK6RGBLed19get_colour_sequenceEv @ 0x944490
QLOITER: _ZNK6RGBLed14get_brightnessEv @ 0x944880
QLOITER: _ZN6RGBLed7set_rgbEhhh @ 0x944980
QLOITER: _ZN10IS31FL31956_timerEv @ 0x944a40
QLOITER: _ZN7FunctorIvJEE14method_wrapperI10IS31FL3195XadL_ZNS2_6_timerEvEEEEvPv @ 0xb3dc90
QLOITER: _ZN6LP556210hw_set_rgbEhhh @ 0x944f30
QLOITER: _ZN6LP55626_timerEv @ 0x944fd0
QLOITER: _ZN7FunctorIvJEE14method_wrapperI6LP5562XadL_ZNS2_6_timerEvEEEEvPv @ 0xb3e000
QLOITER: _ZN14ToshibaLED_I2C10hw_set_rgbEhhh @ 0x946d50
QLOITER: _ZN14ToshibaLED_I2C6_timerEv @ 0x946e00
QLOITER: _ZN7FunctorIvJEE14method_wrapperI14ToshibaLED_I2CXadL_ZNS2_6_timerEvEEEEvPv @ 0xb3ed10
QLOITER: _ZL3MAXIfiEDTqugtfp_fp0_fp_fp0_ERKT_RKT0_.12478 @ 0x9477e0
QLOITER: _ZNK9QuadPlane14show_vtol_viewEv @ 0x9479d0
QLOITER: _ZN5Plane20nav_scripting_activeEv @ 0x947d70
QLOITER: _ZN5Plane14fix_terrain_WPER8Locationj @ 0x947e80
QLOITER: _Z11wrap_180_cdIiET_S0_ @ 0xb3f0a0
QLOITER: _ZNK8Location20line_path_proportionERKS_S1_ @ 0x9487d0
QLOITER: _ZN7AP_TECS19set_path_proportionEf @ 0xb3f110
QLOITER: _ZL2sqf.3123 @ 0x948c70
QLOITER: _ZN9QuadPlane9is_flyingEv @ 0x9490d0
QLOITER: _ZN7FunctorIvJEE14method_wrapperI5PlaneXadL_ZNS2_11ahrs_updateEvEEEEvPv @ 0xb3f190
QLOITER: _ZN7FunctorIvJEE14method_wrapperI5PlaneXadL_ZNS2_19update_control_modeEvEEEEvPv @ 0xb3f240
QLOITER: _ZN7FunctorIvJEE14method_wrapperI5PlaneXadL_ZNS2_9stabilizeEvEEEEvPv @ 0xb3f2f0
QLOITER: _ZN7FunctorIvJEE14method_wrapperI5PlaneXadL_ZNS2_10set_servosEvEEEEvPv @ 0xb3f3a0
QLOITER: _ZN7FunctorIvJEE14method_wrapperI5PlaneXadL_ZNS2_10read_radioEvEEEEvPv @ 0xb3f450
QLOITER: _ZN7FunctorIvJEE14method_wrapperI5PlaneXadL_ZNS2_20check_short_failsafeEvEEEEvPv @ 0xb3f500
QLOITER: _ZN7FunctorIvJEE14method_wrapperI5PlaneXadL_ZNS2_19update_speed_heightEvEEEEvPv @ 0xb3f5b0
QLOITER: _ZN7FunctorIvJEE14method_wrapperI5PlaneXadL_ZNS2_21update_throttle_hoverEvEEEEvPv @ 0xb3f660
QLOITER: _ZN7FunctorIvJEE14method_wrapperI11RC_ChannelsXadL_ZNS2_16read_mode_switchEvEEEEvPv @ 0xb3f710
QLOITER: _ZN7FunctorIvJEE14method_wrapperI5PlaneXadL_ZNS2_15update_GPS_50HzEvEEEEvPv @ 0xb3f7b0
QLOITER: _ZN7FunctorIvJEE14method_wrapperI5PlaneXadL_ZNS2_15update_GPS_10HzEvEEEEvPv @ 0xb3f860
QLOITER: _ZN7FunctorIvJEE14method_wrapperI5PlaneXadL_ZNS2_8navigateEvEEEEvPv @ 0xb3f910
QLOITER: _ZN7FunctorIvJEE14method_wrapperI5PlaneXadL_ZNS2_14update_compassEvEEEEvPv @ 0xb3f9c0
QLOITER: _ZN7FunctorIvJEE14method_wrapperI5PlaneXadL_ZNS2_20calc_airspeed_errorsEvEEEEvPv @ 0xb3fa70
QLOITER: _ZN7FunctorIvJEE14method_wrapperI5PlaneXadL_ZNS2_10update_altEvEEEEvPv @ 0xb3fb20
QLOITER: _ZN7FunctorIvJEE14method_wrapperI5PlaneXadL_ZNS2_22adjust_altitude_targetEvEEEEvPv @ 0xb3fbd0
QLOITER: _ZN7FunctorIvJEE14method_wrapperI5PlaneXadL_ZNS2_12afs_fs_checkEvEEEEvPv @ 0xb3fc80
QLOITER: _ZN7FunctorIvJEE14method_wrapperI5PlaneXadL_ZNS2_9ekf_checkEvEEEEvPv @ 0xb3fd30
QLOITER: _ZN7FunctorIvJEE14method_wrapperI3GCSXadL_ZNS2_14update_receiveEvEEEEvPv @ 0xb3fde0
QLOITER: _ZN7FunctorIvJEE14method_wrapperI3GCSXadL_ZNS2_11update_sendEvEEEEvPv @ 0xb3fe90
QLOITER: _ZN7FunctorIvJEE14method_wrapperI19AP_ServoRelayEventsXadL_ZNS2_13update_eventsEvEEEEvPv @ 0xb3ff40
QLOITER: _ZN7FunctorIvJEE14method_wrapperI14AP_BattMonitorXadL_ZNS2_4readEvEEEEvPv @ 0xb3fff0
QLOITER: _ZN7FunctorIvJEE14method_wrapperI5PlaneXadL_ZNS2_16read_rangefinderEvEEEEvPv @ 0xb400a0
QLOITER: _ZN7FunctorIvJEE14method_wrapperI11AP_ICEngineXadL_ZNS2_6updateEvEEEEvPv @ 0xb40150
QLOITER: _ZN7FunctorIvJEE14method_wrapperI14AP_OpticalFlowXadL_ZNS2_6updateEvEEEEvPv @ 0xb40200
QLOITER: _ZN7FunctorIvJEE14method_wrapperI5PlaneXadL_ZNS2_15one_second_loopEvEEEEvPv @ 0xb402b0
QLOITER: _ZN7FunctorIvJEE14method_wrapperI5PlaneXadL_ZNS2_13three_hz_loopEvEEEEvPv @ 0xb40360
QLOITER: _ZN7FunctorIvJEE14method_wrapperI5PlaneXadL_ZNS2_19check_long_failsafeEvEEEEvPv @ 0xb40410
QLOITER: _ZN7FunctorIvJEE14method_wrapperI5PlaneXadL_ZNS2_21airspeed_ratio_updateEvEEEEvPv @ 0xb404c0
QLOITER: _ZN7FunctorIvJEE14method_wrapperI8AP_MountXadL_ZNS2_6updateEvEEEEvPv @ 0xb40570
QLOITER: _ZN7FunctorIvJEE14method_wrapperI9AP_CameraXadL_ZNS2_6updateEvEEEEvPv @ 0xb40620
QLOITER: _ZN7FunctorIvJEE14method_wrapperI12AP_SchedulerXadL_ZNS2_14update_loggingEvEEEEvPv @ 0xb406d0
QLOITER: _ZN7FunctorIvJEE14method_wrapperI5PlaneXadL_ZNS2_18Log_Write_FullRateEvEEEEvPv @ 0xb40780
QLOITER: _ZN7FunctorIvJEE14method_wrapperI5PlaneXadL_ZNS2_16update_logging10EvEEEEvPv @ 0xb40830
QLOITER: _ZN7FunctorIvJEE14method_wrapperI5PlaneXadL_ZNS2_16update_logging25EvEEEEvPv @ 0xb408e0
QLOITER: _ZN7FunctorIvJEE14method_wrapperI5PlaneXadL_ZNS2_14update_soaringEvEEEEvPv @ 0xb40990
QLOITER: _ZN7FunctorIvJEE14method_wrapperI5PlaneXadL_ZNS2_15parachute_checkEvEEEEvPv @ 0xb40a40
QLOITER: _ZN7FunctorIvJEE14method_wrapperI10AP_TerrainXadL_ZNS2_6updateEvEEEEvPv @ 0xb40af0
QLOITER: _ZN7FunctorIvJEE14method_wrapperI5PlaneXadL_ZNS2_20update_is_flying_5HzEvEEEEvPv @ 0xb40ba0
QLOITER: _ZN7FunctorIvJEE14method_wrapperI9AP_LoggerXadL_ZNS2_14periodic_tasksEvEEEEvPv @ 0xb40c50
QLOITER: _ZN7FunctorIvJEE14method_wrapperI17AP_InertialSensorXadL_ZNS2_8periodicEvEEEEvPv @ 0xb40d00
QLOITER: _ZN7FunctorIvJEE14method_wrapperI5PlaneXadL_ZNS2_21avoidance_adsb_updateEvEEEEvPv @ 0xb40db0
QLOITER: _ZN7FunctorIvJEE14method_wrapperI11RC_ChannelsXadL_ZNS2_12read_aux_allEvEEEEvPv @ 0xb40e60
QLOITER: _ZN7FunctorIvJEE14method_wrapperI9AP_ButtonXadL_ZNS2_6updateEvEEEEvPv @ 0xb40f10
QLOITER: _ZN7FunctorIvJEE14method_wrapperI5PlaneXadL_ZNS2_19landing_gear_updateEvEEEEvPv @ 0xb40fc0
QLOITER: _ZN7FunctorIvJEE14method_wrapperI5PlaneXadL_ZNS2_15precland_updateEvEEEEvPv @ 0xb41070
QLOITER: _ZN7FunctorIvJEE14method_wrapperI5PlaneXadL_ZNS2_16update_quicktuneEvEEEEvPv @ 0xb41120
QLOITER: _ZN5Plane16update_quicktuneEv @ 0x949920
QLOITER: _ZN12AP_Quicktune6updateEb @ 0x9499a0
QLOITER: _ZN5Plane15precland_updateEv @ 0x94bce0
QLOITER: _ZN11AC_PrecLand6updateEfb @ 0x94bd70
QLOITER: _ZNK7AP_AHRS37get_relative_position_NE_origin_floatER7Vector2IfE @ 0x94cea0
QLOITER: _ZNK7AP_AHRS31get_relative_position_NE_originER7Vector2IdE @ 0x94cf50
QLOITER: _ZN5Plane19landing_gear_updateEv @ 0x94e6f0
QLOITER: _ZN14AP_LandingGear6updateEf @ 0x94e770
QLOITER: _ZN9AP_Button6updateEv @ 0x94ebe0
QLOITER: _ZN11RC_Channels12read_aux_allEv @ 0x94f860
QLOITER: _ZN10RC_Channel8read_auxEv @ 0x94f950
QLOITER: _ZN9AP_Logger10Write_RCINEv @ 0x94fb50
QLOITER: _ZN11RC_Channels12get_radio_inEPth @ 0x94fd40
QLOITER: _ZNK11RC_Channels17get_override_maskEv @ 0x94fe30
QLOITER: _ZL3MINIhiEDTqultfp_fp0_fp_fp0_ERKT_RKT0_.7413 @ 0x94fef0
QLOITER: _ZN5Plane21avoidance_adsb_updateEv @ 0x950300
QLOITER: _ZN7AP_ADSB6updateEv @ 0x950370
QLOITER: _ZN12AP_Avoidance6updateEv @ 0x950550
QLOITER: _ZN12AP_Avoidance13check_startupEv @ 0x950610
QLOITER: _ZN7AP_ADSB3LocC2Ev @ 0xb41db0
QLOITER: _ZNK7AP_AHRS19get_vert_pos_rate_DERf @ 0x951e50
QLOITER: _ZN7AP_ADSB6updateERKNS_3LocE @ 0x951f80
QLOITER: _ZNK7NavEKF320getPosDownDerivativeEv @ 0x952640
QLOITER: _ZNK12NavEKF3_core20getPosDownDerivativeEv @ 0x952890
QLOITER: _ZNK12NavEKF2_core20getPosDownDerivativeEv @ 0x9528f0
QLOITER: _ZN17AP_InertialSensor8periodicEv @ 0x952950
QLOITER: _ZN17AP_InertialSensor12BatchSampler8periodicEv @ 0x9529b0
QLOITER: _ZN9AP_Logger14periodic_tasksEv @ 0x952fd0
QLOITER: _ZN5Plane20update_is_flying_5HzEv @ 0x953070
QLOITER: _ZL3MAXI9AP_ParamTIsL11ap_var_type2EEiEDTqugtfp_fp0_fp_fp0_ERKT_RKT0_.1261 @ 0x953790
QLOITER: _ZNK10AP_Landing14is_on_approachEv @ 0x953970
QLOITER: _ZNK10AP_Landing10is_flaringEv @ 0x953a50
QLOITER: _ZN7AP_ADSB13set_is_flyingEb @ 0xb41e70
QLOITER: _ZN12AP_Parachute13set_is_flyingEb @ 0xb41ed0
QLOITER: _ZN8AP_Stats10set_flyingEb @ 0x953b20
QLOITER: _ZN5Plane22crash_detection_updateEv @ 0x953bf0
QLOITER: _ZN10AP_Vehicle17set_likely_flyingEb @ 0xb41f40
QLOITER: _ZN10AP_Terrain6updateEv @ 0x9543c0
QLOITER: _ZN10AP_Terrain16schedule_disk_ioEv @ 0x954590
QLOITER: _ZN10AP_Terrain19update_mission_dataEv @ 0x9547e0
QLOITER: _ZN10AP_Terrain17update_rally_dataEv @ 0x954af0
QLOITER: _ZN10AP_Terrain24update_surrounding_tilesERK8Location @ 0x954cc0
QLOITER: _ZNK8AP_Rally19last_change_time_msEv @ 0xb41fd0
QLOITER: _ZNK10AP_Mission19last_change_time_msEv @ 0xb42020
QLOITER: _ZN10AP_Terrain15check_disk_readEv @ 0x954e40
QLOITER: _ZN10AP_Terrain16check_disk_writeEv @ 0x954f20
QLOITER: _ZN10AP_Terrain8io_timerEv @ 0x955280
QLOITER: _ZN7FunctorIvJEE14method_wrapperI10AP_TerrainXadL_ZNS2_8io_timerEvEEEEvPv @ 0xb420d0
QLOITER: _ZN5Plane15parachute_checkEv @ 0x955da0
QLOITER: _ZN12AP_Parachute6updateEv @ 0x955e10
QLOITER: _ZN12AP_Parachute15check_sink_rateEv @ 0x9560a0
QLOITER: _ZN5Plane14update_soaringEv @ 0x956150
QLOITER: _ZN17SoaringController19update_active_stateEb @ 0x956370
QLOITER: _ZNK17SoaringController9is_activeEv @ 0xb42180
QLOITER: _ZNK7AP_TECS19get_target_airspeedEv @ 0xb426b0
QLOITER: _ZN13AverageFilterIffLh5EE5applyEf @ 0xb430a0
QLOITER: _ZNK17SoaringController12active_stateEb @ 0x959b10
QLOITER: _ZN5Plane16update_logging25Ev @ 0x959c30
QLOITER: _ZN5Plane18Log_Write_AttitudeEv @ 0x959d90
QLOITER: _ZN5Plane24Log_Write_Control_TuningEv @ 0x95a1f0
QLOITER: _ZNK17AP_InertialSensor24write_notch_log_messagesEv @ 0x95a3f0
QLOITER: _ZN10AP_GyroFFT18write_log_messagesEv @ 0x95a6f0
QLOITER: _ZN5Plane20Log_Write_Nav_TuningEv @ 0x95a920
QLOITER: _ZN5Plane16Log_Write_GuidedEv @ 0x95aa80
QLOITER: _ZN5Plane12Log_Write_RCEv @ 0x95ab80
QLOITER: _ZNK17AP_InertialSensor15Write_VibrationEv @ 0x95ac30
QLOITER: _ZNK17AP_InertialSensor20get_accel_clip_countEh @ 0x95ad50
QLOITER: _ZN9AP_Logger11Write_RCOUTEv @ 0x95adf0
QLOITER: _ZN5Plane14Log_Write_AETREv @ 0x95b3c0
QLOITER: _ZN9AP_Logger9Write_PIDEhRK10AP_PIDInfo @ 0x95b590
QLOITER: _ZNK7AP_AHRS17airspeed_estimateERfRNS_20AirspeedEstimateTypeE @ 0x95bd90
QLOITER: _ZNK7AP_AHRS18synthetic_airspeedERf @ 0x95be30
QLOITER: _ZN7AP_TECS19get_throttle_demandEv @ 0xb43710
QLOITER: _ZNK11AP_AHRS_DCM22synthetic_airspeed_EASERf @ 0xb43770
QLOITER: _ZNK7AP_AHRS14Write_AttitudeERK7Vector3IfE @ 0x95bfb0
QLOITER: _ZNK16AP_YawController7enabledEv @ 0xb438d0
QLOITER: _ZNK18AP_SteerController6activeEv @ 0x95c180
QLOITER: _ZN7AP_AHRS9Log_WriteEv @ 0x95c1f0
QLOITER: _ZN7NavEKF29Log_WriteEv @ 0x95c280
QLOITER: _ZN7NavEKF39Log_WriteEv @ 0x95c390
QLOITER: _ZNK7AP_AHRS11Write_AHRS2Ev @ 0x95c4a0
QLOITER: _ZNK7AP_AHRS9Write_POSEv @ 0x95c680
QLOITER: _ZN4SITL3SIM18Log_Write_SIMSTATEEv @ 0x95c7e0
QLOITER: _ZNK7AP_AHRS36get_relative_position_D_origin_floatERf @ 0x95c970
QLOITER: _ZNK7AP_AHRS22get_secondary_attitudeER7Vector3IfE @ 0xb43a00
QLOITER: _ZNK7AP_AHRS22get_secondary_positionER8Location @ 0xb43a80
QLOITER: _ZNK7AP_AHRS24get_secondary_quaternionER11QuaternionTIfE @ 0xb43b00
QLOITER: _ZL7degreesf.2388 @ 0x95ca00
QLOITER: _ZN12NavEKF3_core9Log_WriteEm @ 0x95ca50
QLOITER: _ZNK7AP_EnumIN7NavEKF38LogLevelEEcvKS1_Ev @ 0xb43b80
QLOITER: _ZNK12NavEKF3_core14Log_Write_XKF4Em @ 0x95cba0
QLOITER: _ZN12NavEKF3_core13Log_Write_GSFEm @ 0x95cef0
QLOITER: _ZNK12NavEKF3_core14Log_Write_XKF1Em @ 0x95cfa0
QLOITER: _ZNK12NavEKF3_core14Log_Write_XKF2Em @ 0x95d270
QLOITER: _ZNK12NavEKF3_core14Log_Write_XKF3Em @ 0x95d510
QLOITER: _ZNK12NavEKF3_core14Log_Write_XKF5Em @ 0x95d770
QLOITER: _ZNK12NavEKF3_core14Log_Write_XKFSEm @ 0x95d9d0
QLOITER: _ZNK12NavEKF3_core20Log_Write_QuaternionEm @ 0x95dae0
QLOITER: _ZN12NavEKF3_core16Log_Write_BeaconEm @ 0x95dbc0
QLOITER: _ZN12NavEKF3_core18Log_Write_BodyOdomEm @ 0x95deb0
QLOITER: _ZN12NavEKF3_core25Log_Write_State_VariancesEm @ 0x95e020
QLOITER: _ZN12NavEKF3_core16Log_Write_TimingEm @ 0x95e340
QLOITER: _ZNK6AP_DAL12logging_coreEh @ 0x95e4a0
QLOITER: _ZL3MAXIjjEDTqugtfp_fp0_fp_fp0_ERKT_RKT0_.5171 @ 0x95e4f0
QLOITER: _ZNK16AP_NavEKF_Source21getPosVelYawSourceSetEv @ 0xb43bd0
QLOITER: _ZL3MAXIddEDTqugtfp_fp0_fp_fp0_ERKT_RKT0_.5169 @ 0x95e570
QLOITER: _ZL3MINIdiEDTqultfp_fp0_fp_fp0_ERKT_RKT0_.5170 @ 0x95e5f0
QLOITER: _ZNK12NavEKF3_core14getInnovationsER7Vector3IfES2_S2_RfS3_ @ 0x95e690
QLOITER: _ZL7degreesf.5167 @ 0x95e890
QLOITER: _ZNK12NavEKF3_core26getSynthAirDataInnovationsER7Vector2IfERf @ 0x95e8e0
QLOITER: _ZN10EKFGSF_yaw9Log_WriteEm11LogMessagesS0_h @ 0x95e9b0
QLOITER: _ZL7degreesf.20074 @ 0x95ed30
QLOITER: _ZL3MAXIffEDTqugtfp_fp0_fp_fp0_ERKT_RKT0_.20075 @ 0x95ed80
QLOITER: _ZL3MAXIdfEDTqugtfp_fp0_fp_fp0_ERKT_RKT0_.5168 @ 0x95ee00
QLOITER: _ZN12NavEKF2_core9Log_WriteEm @ 0x95eea0
QLOITER: _ZNK12NavEKF2_core14Log_Write_NKF1Em @ 0x95ef70
QLOITER: _ZNK12NavEKF2_core14Log_Write_NKF2Em @ 0x95f240
QLOITER: _ZNK12NavEKF2_core14Log_Write_NKF3Em @ 0x95f4a0
QLOITER: _ZNK12NavEKF2_core14Log_Write_NKF4Em @ 0x95f6e0
QLOITER: _ZNK12NavEKF2_core14Log_Write_NKF5Em @ 0x95fa20
QLOITER: _ZNK12NavEKF2_core20Log_Write_QuaternionEm @ 0x95fc80
QLOITER: _ZNK12NavEKF2_core13Log_Write_GSFEm @ 0x95fd60
QLOITER: _ZN12NavEKF2_core16Log_Write_BeaconEm @ 0x95fe10
QLOITER: _ZN12NavEKF2_core16Log_Write_TimingEm @ 0x9600c0
QLOITER: _ZL3MAXIddEDTqugtfp_fp0_fp_fp0_ERKT_RKT0_ @ 0x960220
QLOITER: _ZL3MINIdiEDTqultfp_fp0_fp_fp0_ERKT_RKT0_ @ 0x9602a0
QLOITER: _ZNK12NavEKF2_core18getFilterGpsStatusER14nav_gps_status @ 0x960340
QLOITER: _ZNK12NavEKF2_core14getInnovationsER7Vector3IfES2_S2_RfS3_ @ 0x9605f0
QLOITER: _ZL7degreesf.4695 @ 0x9607f0
QLOITER: _ZNK12NavEKF2_core27getGyroScaleErrorPercentageER7Vector3IfE @ 0x960840
QLOITER: _ZNK16AP_YawController20rate_control_enabledEv @ 0xb43c20
QLOITER: _ZN5Plane16update_logging10Ev @ 0x960930
QLOITER: _ZNK7AP_AHRS13Write_AOA_SSAEv @ 0x960a40
QLOITER: _ZN8AP_Mount9write_logEv @ 0x960ae0
QLOITER: _ZNK7AP_AHRS6getAOAEv @ 0xb43c90
QLOITER: _ZNK7AP_AHRS6getSSAEv @ 0xb43ce0
QLOITER: _ZN5Plane18Log_Write_FullRateEv @ 0x960b90
QLOITER: _ZN12AP_Scheduler14update_loggingEv @ 0x960c30
QLOITER: _ZN12AP_Scheduler11debug_flagsEv @ 0xb43d30
QLOITER: _ZN12AP_Scheduler21Log_Write_PerformanceEv @ 0x960ea0
QLOITER: _ZN2AP8PerfInfo13has_task_infoEv @ 0xb43d90
QLOITER: _ZNK2AP8PerfInfo20get_num_long_runningEv @ 0x9610b0
QLOITER: _ZNK2AP8PerfInfo13get_num_loopsEv @ 0x961100
QLOITER: _ZNK2AP8PerfInfo12get_max_timeEv @ 0x961150
QLOITER: _ZN12AP_Scheduler12load_averageEv @ 0x9611a0
QLOITER: _ZNK16AP_InternalError5countEv @ 0xb43df0
QLOITER: _ZN9AP_Camera6updateEv @ 0x9613e0
QLOITER: _ZN8AP_Mount6updateEv @ 0x9614a0
QLOITER: _ZN5Plane21airspeed_ratio_updateEv @ 0x961550
QLOITER: _ZN11AP_Airspeed18update_calibrationERK7Vector3IfEs @ 0x9617c0
QLOITER: _ZN11AP_Airspeed18update_calibrationEhRK7Vector3IfEs @ 0x961870
QLOITER: _ZN11AP_Airspeed25send_airspeed_calibrationERK7Vector3IfE @ 0x961d40
QLOITER: _ZN5Plane19check_long_failsafeEv @ 0x962620
QLOITER: _ZN5Plane13three_hz_loopEv @ 0x963340
QLOITER: _ZN5Plane11fence_checkEv @ 0x963390
QLOITER: _ZNK8AC_Fence10get_actionEv @ 0xb44430
QLOITER: _ZN5Plane15one_second_loopEv @ 0x964180
QLOITER: _ZN7AP_ADSB18set_stall_speed_cmEt @ 0xb44700
QLOITER: _ZN7AP_ADSB13set_max_speedEs @ 0xb44790
QLOITER: _ZN10AP_Terrain16log_terrain_dataEv @ 0x964630
QLOITER: _ZN16AP_FW_Controller21set_notch_sample_rateEf @ 0xb44830
QLOITER: _ZN16AP_YawController21set_notch_sample_rateEf @ 0xb448a0
QLOITER: _ZN14AP_OpticalFlow6updateEv @ 0x964bc0
QLOITER: _ZN11AP_ICEngine6updateEv @ 0x966170
QLOITER: _ZNK12AP_Parachute17release_initiatedEv @ 0xb44910
QLOITER: _ZN5Plane16read_rangefinderEv @ 0x967060
QLOITER: _ZN11RangeFinder28set_estimated_terrain_heightEf @ 0xb44970
QLOITER: _ZN11RangeFinder6updateEv @ 0x967170
QLOITER: _ZN5Plane25rangefinder_height_updateEv @ 0x967290
QLOITER: _ZNK11RangeFinder8Log_RFNDEv @ 0x967a30
QLOITER: _ZN14AP_BattMonitor4readEv @ 0x967b70
QLOITER: _ZN9AP_Logger11Write_PowerEv @ 0x967da0
QLOITER: _ZNK22AP_BattMonitor_Backend13Log_Write_BATEhm @ 0x967df0
QLOITER: _ZNK22AP_BattMonitor_Backend13Log_Write_BCLEhm @ 0x968090
QLOITER: _ZN14AP_BattMonitor15check_failsafesEv @ 0x968290
QLOITER: _ZN14AP_BattMonitor16checkPoweringOffEv @ 0x9685a0
QLOITER: _ZNK22AP_BattMonitor_Backend23get_state_of_health_pctERh @ 0x968700
QLOITER: _ZN5Plane9ekf_checkEv @ 0x968790
QLOITER: _ZNK9QuadPlane19in_vtol_posvel_modeEv @ 0x968a40
QLOITER: _ZN5Plane22failsafe_ekf_off_eventEv @ 0x968ba0
QLOITER: _ZN5Plane12afs_fs_checkEv @ 0x968f60
QLOITER: _ZN19AP_AdvancedFailsafe5checkEj @ 0x968fc0
QLOITER: _ZN5Plane22adjust_altitude_targetEv @ 0x969d50
QLOITER: _ZN5Plane10update_altEv @ 0x969db0
QLOITER: _ZN12AP_Parachute13set_sink_rateEf @ 0x96a1e0
QLOITER: _ZNK9QuadPlane19should_disable_TECSEv @ 0x96a2d0
QLOITER: _ZNK8ModeAuto9in_pullupEv @ 0xb44b80
QLOITER: _ZN5Plane27relative_target_altitude_cmEv @ 0x96a410
QLOITER: _ZN5Plane24get_takeoff_pitch_min_cdEv @ 0x96a5f0
QLOITER: _ZN5Plane12tecs_hgt_afeEv @ 0x96a800
QLOITER: _ZN7AP_TECS21update_pitch_throttleEiiN12AP_FixedWing11FlightStageEfisfff @ 0x96a8d0
QLOITER: _ZN7AP_TECS23_update_throttle_limitsEv @ 0x96b0e0
QLOITER: _ZN7AP_TECS20_update_pitch_limitsEi @ 0x96b350
QLOITER: _ZN7AP_TECS18_initialise_statesEf @ 0x96b8c0
QLOITER: _ZN7AP_TECS20_update_STE_rate_limEv @ 0x96bda0
QLOITER: _ZN7AP_TECS20_update_speed_demandEv @ 0x96be50
QLOITER: _ZN7AP_TECS21_update_height_demandEv @ 0x96c1f0
QLOITER: _ZN7AP_TECS18_detect_underspeedEv @ 0x96cad0
QLOITER: _ZN7AP_TECS16_update_energiesEv @ 0x96ccb0
QLOITER: _ZN7AP_TECS13_update_pitchEv @ 0x96cdc0
QLOITER: _ZN7AP_TECS30_update_throttle_with_airspeedEv @ 0x96d930
QLOITER: _ZN7AP_TECS19_detect_bad_descentEv @ 0x96e540
QLOITER: _ZNK7AP_TECS13option_is_setENS_6OptionE @ 0xb44be0
QLOITER: _ZL7radiansf.12736 @ 0x96e6b0
QLOITER: _ZL2sqf.12729 @ 0x96e700
QLOITER: _ZN7AP_TECS18constrain_throttleEv @ 0x96e750
QLOITER: _ZL3MINIffEDTqultfp_fp0_fp_fp0_ERKT_RKT0_.12727 @ 0x96e820
QLOITER: _ZNK7AP_TECS12timeConstantEv @ 0x96e8b0
QLOITER: _ZN7AP_TECS11_get_i_gainEv @ 0x96e9c0
QLOITER: _ZL3MAXI9AP_ParamTIfL11ap_var_type4EEfEDTqugtfp_fp0_fp_fp0_ERKT_RKT0_.12728 @ 0x96eac0
QLOITER: _ZN5Plane22rangefinder_correctionEv @ 0x96ece0
QLOITER: _ZN5Plane21reached_loiter_targetEv @ 0x96f1d0
QLOITER: _ZNK12GliderPullup9in_pullupEv @ 0x96f4b0
QLOITER: _ZN5Plane20calc_airspeed_errorsEv @ 0x96f570
QLOITER: _ZL3MAXIffEDTqugtfp_fp0_fp_fp0_ERKT_RKT0_.1632 @ 0x9701f0
QLOITER: _ZN5Plane17calc_speed_scalerEv @ 0x970270
QLOITER: _ZL3MAXI9AP_ParamTIsL11ap_var_type2EEiEDTqugtfp_fp0_fp_fp0_ERKT_RKT0_ @ 0x971590
QLOITER: _ZL3MINIffEDTqultfp_fp0_fp_fp0_ERKT_RKT0_ @ 0x971620
QLOITER: _ZL3MAXIffEDTqugtfp_fp0_fp_fp0_ERKT_RKT0_ @ 0x9716b0
QLOITER: _ZL3MAXIfiEDTqugtfp_fp0_fp_fp0_ERKT_RKT0_ @ 0x9717c0
QLOITER: _ZN5Plane14update_compassEv @ 0x971860
QLOITER: _ZN5Plane8navigateEv @ 0x9718c0
QLOITER: _ZN5Plane21check_home_alt_changeEv @ 0x9719f0
QLOITER: _ZN5Plane19loiter_angle_updateEv @ 0x971af0
QLOITER: _ZN7AP_TECS15offset_altitudeEf @ 0x971dd0
QLOITER: _ZN5Plane15update_GPS_10HzEv @ 0x971ef0
QLOITER: _ZN7AP_AHRS13estimate_windEv @ 0xb44e50
QLOITER: _ZN5Plane24calc_gndspeed_undershootEv @ 0x972100
QLOITER: _ZN11AP_AHRS_DCM13estimate_windEv @ 0x9722b0
QLOITER: _ZN5Plane15update_GPS_50HzEv @ 0x972970
QLOITER: _ZN6AP_GPS6updateEv @ 0x9729e0
QLOITER: _ZN6AP_GPS15update_instanceEh @ 0x972b60
QLOITER: _ZN6AP_GPS14update_primaryEv @ 0x973300
QLOITER: _ZN14AP_GPS_Blended19zero_health_counterEv @ 0xb44eb0
QLOITER: _ZN6AP_GPS9Write_GPSEh @ 0x974ad0
QLOITER: _ZL3MINIfiEDTqultfp_fp0_fp_fp0_ERKT_RKT0_.3555 @ 0x974f10
QLOITER: _ZNK6AP_GPS26last_message_delta_time_msEh @ 0xb44f60
QLOITER: _ZNK6AP_GPS10should_logEv @ 0x974fb0
QLOITER: _ZN6AP_GPS16send_blob_updateEh @ 0x976130
QLOITER: _ZN14AP_GPS_Backend14check_new_itowEjj @ 0x97ae80
QLOITER: _ZN12AP_GPS_UBLOX20_request_next_configEv @ 0x97f0e0
QLOITER: _ZN12AP_GPS_UBLOX21_request_message_rateEhh @ 0x97fb80
QLOITER: _ZN12AP_GPS_UBLOX13_request_portEv @ 0x97fc40
QLOITER: _ZN12AP_GPS_UBLOX13_send_messageEhhPKvt @ 0x97fcd0
QLOITER: _ZN12AP_GPS_UBLOX16_update_checksumEPhtRhS1_ @ 0x980b90
QLOITER: _ZN12AP_GPS_UBLOX4readEv @ 0x980cc0
QLOITER: _ZNK12AP_GPS_UBLOX13is_configuredEv @ 0xb45de0
QLOITER: _ZNK12AP_GPS_UBLOX7get_lagERf @ 0x9813a0
QLOITER: _ZNK12AP_GPS_UBLOX10is_healthyEv @ 0x981530
QLOITER: _ZNK12AP_GPS_UBLOX4nameEv @ 0xb45e30
QLOITER: _ZNK12AP_GPS_UBLOX36Write_AP_Logger_Log_Startup_messagesEv @ 0x981630
QLOITER: _ZL3MINIjjEDTqultfp_fp0_fp_fp0_ERKT_RKT0_.3850 @ 0x981980
QLOITER: _ZN12AP_GPS_UBLOXUt_ixEm @ 0xb45ef0
QLOITER: _ZN12AP_GPS_UBLOX10_parse_gpsEv @ 0x981a00
QLOITER: _ZN12AP_GPS_UBLOX15_check_new_itowEj @ 0x984ec0
QLOITER: _ZN12AP_GPS_UBLOX23_configure_message_rateEhhh @ 0x984f40
QLOITER: _ZN5Plane21update_throttle_hoverEv @ 0x98c540
QLOITER: _ZN9QuadPlane21update_throttle_hoverEv @ 0x98c5a0
QLOITER: _ZN5Plane19update_speed_heightEv @ 0x98cdb0
QLOITER: _ZN7AP_TECS11update_50hzEv @ 0x98cee0
QLOITER: _ZN7AP_TECS13_update_speedEf @ 0x98d550
QLOITER: _ZNK10AP_Landing11is_on_finalEv @ 0x98de40
QLOITER: _ZN5Plane20check_short_failsafeEv @ 0x98df10
QLOITER: _ZN5Plane10read_radioEv @ 0x98e540
QLOITER: _ZNK5Plane17fence_stickmixingEv @ 0x98e7b0
QLOITER: _ZN10Tailsitter11check_inputEv @ 0x98e860
QLOITER: _ZN9AP_Tuning11check_inputEh @ 0x98e930
QLOITER: _ZN5Plane10set_servosEv @ 0x98f8e0
QLOITER: _ZN9QuadPlane6updateEv @ 0x98fc40
QLOITER: _ZN5Plane12set_throttleEv @ 0x990270
QLOITER: _ZN5Plane20set_takeoff_expectedEv @ 0x9904c0
QLOITER: _ZN5Plane16set_servos_flapsEv @ 0x990620
QLOITER: _ZN5Plane15airbrake_updateEv @ 0x990ab0
QLOITER: _ZN5Plane19throttle_slew_limitEv @ 0x990c30
QLOITER: _ZN11AP_ICEngine17throttle_overrideERff @ 0x990f50
QLOITER: _ZN12ParametersG212FWD_BATT_CMP6updateEv @ 0x991470
QLOITER: _ZNK12ParametersG212FWD_BATT_CMP14apply_throttleEf @ 0x9915f0
QLOITER: _ZN5Plane21apply_throttle_limitsEf @ 0x9916a0
QLOITER: _ZN5Plane17suppress_throttleEv @ 0x9919d0
QLOITER: _ZNK10AP_Landing22is_throttle_suppressedEv @ 0x991e40
QLOITER: _ZN11AP_ICEngine20update_idle_governorERa @ 0x992800
QLOITER: _ZNK12ParametersG212FWD_BATT_CMP13apply_min_maxERaS1_ @ 0x992bf0
QLOITER: _ZN5Plane21throttle_watt_limiterERaS0_ @ 0x992dd0
QLOITER: _ZL3MINIaaEDTqultfp_fp0_fp_fp0_ERKT_RKT0_ @ 0x9930c0
QLOITER: _ZN7AP_TECS16set_throttle_maxEf @ 0x993140
QLOITER: _ZNK14AP_BattMonitor18overpower_detectedEv @ 0x9931c0
QLOITER: _ZN5Plane9stabilizeEv @ 0x997250
QLOITER: _ZN4Mode17reset_controllersEv @ 0x9975f0
QLOITER: _ZL7degreesf.12555 @ 0x997be0
QLOITER: _ZN16AP_FW_Controller13_get_rate_outEffbfb @ 0x9999d0
QLOITER: _ZL7radiansf.12452 @ 0x999dd0
QLOITER: _ZL7degreesf.12453 @ 0x999e20
QLOITER: _ZN7AP_TECS5resetEv @ 0xb47e60
QLOITER: _ZN5Plane19update_control_modeEv @ 0x999e70
QLOITER: _ZN5Plane18update_fly_forwardEv @ 0x999f50
QLOITER: _ZN12ModeAutoLand23check_takeoff_directionEv @ 0x99a100
QLOITER: _ZN5Plane11ahrs_updateEv @ 0x99a430
QLOITER: _ZNK17AP_InertialSensor9Write_IMUEv @ 0x99a6a0
QLOITER: _ZN9QuadPlane15check_yaw_resetEv @ 0x99a760
QLOITER: _ZN14AP_InertialNav6updateEb @ 0x99a820
QLOITER: _ZN9AP_Follow16update_estimatesEv @ 0x99ab90
QLOITER: _ZN9AP_Follow32clear_dist_and_bearing_to_targetEv @ 0x99bb10
QLOITER: _ZL3MAXIhhEDTqugtfp_fp0_fp_fp0_ERKT_RKT0_ @ 0x99c470
QLOITER: _ZNK17AP_InertialSensor18Write_IMU_instanceEmh @ 0x99c4f0
QLOITER: _ZNK17AP_InertialSensor16get_gyro_rate_hzEh @ 0xb47f10
QLOITER: _ZNK17AP_InertialSensor17get_accel_rate_hzEh @ 0xb47f90
QLOITER: _ZN5Plane28set_target_altitude_locationERK8Location @ 0x9aa060
QLOITER: _ZNK14AP_BattMonitor22capacity_remaining_pctERhh @ 0x9b4930
QLOITER: _ZN4Mode3runEv @ 0x9b5560
QLOITER: _ZNK4Mode12is_vtol_modeEv @ 0xb4de30
QLOITER: _ZNK4Mode14is_guided_modeEv @ 0xb4ded0
QLOITER: _ZN4Mode22update_target_altitudeEv @ 0x9b57d0
QLOITER: _ZNK4Mode19use_throttle_limitsEv @ 0x9b5be0
QLOITER: _ZNK4Mode24use_battery_compensationEv @ 0x9b5d80
QLOITER: _ZNK4Mode18supports_quicktuneEv @ 0xb4e210
QLOITER: _ZNK4Mode15_pre_arm_checksEmPc @ 0x9b5fe0
QLOITER: _ZN10AP_Landing28get_target_altitude_locationER8Location @ 0x9b6890
QLOITER: _ZN5Plane14calc_nav_pitchEv @ 0x9b7600
QLOITER: _ZN5Plane13calc_throttleEv @ 0x9b76c0
QLOITER: _ZN7AP_TECS16get_pitch_demandEv @ 0xb4e680
QLOITER: _ZN5Plane18update_load_factorEv @ 0x9b7770
QLOITER: _ZL7radiansf @ 0x9b7ac0
QLOITER: _ZL2sqf.11 @ 0x9b7b10
QLOITER: _ZN5Plane26stabilize_stick_mixing_fbwEv @ 0x9b7c30
QLOITER: _ZN5Plane14stabilize_rollEv @ 0x9b80f0
QLOITER: _ZN5Plane15stabilize_pitchEv @ 0x9b81b0
QLOITER: _ZN5Plane13stabilize_yawEv @ 0x9b8250
QLOITER: _ZNK10AP_Landing26is_ground_steering_allowedEv @ 0x9b84a0
QLOITER: _ZN5Plane24calc_nav_yaw_coordinatedEv @ 0x9b88f0
QLOITER: _ZN11VTOL_Assist20output_spin_recoveryEv @ 0x9b8be0
QLOITER: _ZN5Plane12rudder_inputEv @ 0x9b8ce0
QLOITER: _ZN16AP_YawController13get_servo_outEfb @ 0x9b8f10
QLOITER: _ZN16AP_YawController14reset_rate_PIDEv @ 0x9b9600
QLOITER: _ZL3MAXIffEDTqugtfp_fp0_fp_fp0_ERKT_RKT0_.12554 @ 0x9b9670
QLOITER: _ZN5Plane20stick_mixing_enabledEv @ 0x9b9830
QLOITER: _ZNK9QuadPlane23in_vtol_land_poscontrolEv @ 0x9b9a00
QLOITER: _ZN5Plane17takeoff_tail_holdEv @ 0x9ba4e0
QLOITER: _ZN5Plane29stabilize_pitch_get_pitch_outEv @ 0x9ba680
QLOITER: _ZNK9QuadPlane27use_fw_attitude_controllersEv @ 0x9baa80
QLOITER: _ZN18AP_PitchController13get_servo_outEifbb @ 0x9babc0
QLOITER: _ZNK18AP_PitchController29_get_coordination_rate_offsetERKfRb @ 0x9baf60
QLOITER: _ZL3MINIffEDTqultfp_fp0_fp_fp0_ERKT_RKT0_.12475 @ 0x9bb290
QLOITER: _ZL7radiansi.12476 @ 0x9bb320
QLOITER: _ZL3MAXI9AP_ParamTIsL11ap_var_type2EEiEDTqugtfp_fp0_fp_fp0_ERKT_RKT0_.12477 @ 0x9bb380
QLOITER: _ZL7degreesf.12479 @ 0x9bb410
QLOITER: _ZN5Plane27stabilize_roll_get_roll_outEv @ 0x9bb460
QLOITER: _ZN17AP_RollController13get_servo_outEifbb @ 0x9bb730
QLOITER: _ZNK9QuadPlane18allow_stick_mixingEv @ 0x9bba70
QLOITER: _ZN4Mode8navigateEv @ 0xb4e7a0
QLOITER: _ZNK4Mode23allows_throttle_nudgingEv @ 0xb4e7f0
QLOITER: _ZNK4Mode18does_auto_throttleEv @ 0xb4e890
QLOITER: _ZN4Mode26output_rudder_and_steeringEf @ 0x9be320
QLOITER: _ZNK11ModeQLoiter12is_vtol_modeEv @ 0xb500a0
QLOITER: _ZN10ModeManual3runEv @ 0x9c8f90
QLOITER: _ZNK10ModeManual11mode_numberEv @ 0xb50690
QLOITER: _ZN10ModeManual6updateEv @ 0x9c8fe0
QLOITER: _ZNK10ModeManual19use_throttle_limitsEv @ 0x9c90d0
QLOITER: _ZNK10ModeManual24use_battery_compensationEv @ 0xb50780
QLOITER: _ZNK10ModeManual33allows_autoland_direction_captureEv @ 0xb507d0
QLOITER: _ZN5Plane19throttle_percentageEv @ 0x9ce0d0
QLOITER: _ZNK10ModeCircle11mode_numberEv @ 0xb52250
QLOITER: _ZN10ModeCircle6updateEv @ 0x9cef90
QLOITER: _ZNK10ModeCircle20does_auto_navigationEv @ 0xb52340
QLOITER: _ZNK10ModeCircle18does_auto_throttleEv @ 0xb52390
QLOITER: _ZNK9GCS_Plane11custom_modeEv @ 0x9d9a70
QLOITER: _ZNK9GCS_Plane10frame_typeEv @ 0x9d9ad0
QLOITER: _ZN9GCS_Plane4chanEh @ 0xb52b30
QLOITER: _ZN9GCS_Plane34update_vehicle_sensor_status_flagsEv @ 0x9d9b30
QLOITER: _ZNK9GCS_Plane26min_status_for_gps_healthyEv @ 0xb52cf0
QLOITER: _ZN17GCS_MAVLINK_Plane14packetReceivedERK16__mavlink_statusRK17__mavlink_message @ 0x9da0b0
QLOITER: _ZNK11GCS_MAVLINK13mission_stateERK10AP_Mission @ 0x9da150
QLOITER: _ZNK11GCS_MAVLINK16send_rangefinderEv @ 0x9da230
QLOITER: _ZNK17GCS_MAVLINK_Plane26send_nav_controller_outputEv @ 0x9da300
QLOITER: _ZN17GCS_MAVLINK_Plane15send_pid_tuningEv @ 0x9da790
QLOITER: _ZN11GCS_MAVLINK21send_scaled_pressure3Ev @ 0x9dab70
QLOITER: _ZNK17GCS_MAVLINK_Plane13send_attitudeEv @ 0x9dabd0
QLOITER: _ZN17GCS_MAVLINK_Plane31send_position_target_global_intEv @ 0x9daf50
QLOITER: _ZNK11GCS_MAVLINK17send_winch_statusEv @ 0xb52ec0
QLOITER: _ZNK17GCS_MAVLINK_Plane9base_modeEv @ 0x9db3b0
QLOITER: _ZNK17GCS_MAVLINK_Plane21vehicle_system_statusEv @ 0x9db5b0
QLOITER: _ZNK17GCS_MAVLINK_Plane19persist_streamratesEv @ 0xb52f10
QLOITER: _ZN17GCS_MAVLINK_Plane25handle_command_int_packetERK23__mavlink_command_int_tRK17__mavlink_message @ 0x9db8b0
QLOITER: _ZN11GCS_MAVLINK35handle_command_component_arm_disarmERK23__mavlink_command_int_t @ 0x9dbf10
QLOITER: _ZN17GCS_MAVLINK_Plane14handle_messageERK17__mavlink_message @ 0x9dc270
QLOITER: _ZN17GCS_MAVLINK_Plane16try_send_messageE10ap_message @ 0x9dd5c0
QLOITER: _ZN11GCS_MAVLINK24send_global_position_intEv @ 0x9dd7f0
QLOITER: _ZNK11GCS_MAVLINK23global_position_int_altEv @ 0x9dd970
QLOITER: _ZNK11GCS_MAVLINK32global_position_int_relative_altEv @ 0x9dd9d0
QLOITER: _ZNK17GCS_MAVLINK_Plane17vfr_hud_climbrateEv @ 0x9dda40
QLOITER: _ZNK17GCS_MAVLINK_Plane16vfr_hud_airspeedEv @ 0x9ddb00
QLOITER: _ZNK17GCS_MAVLINK_Plane16vfr_hud_throttleEv @ 0x9ddbf0
QLOITER: _ZNK11GCS_MAVLINK11vfr_hud_altEv @ 0x9ddc50
QLOITER: _ZN17GCS_MAVLINK_Plane35convert_COMMAND_LONG_to_COMMAND_INTERK24__mavlink_command_long_tR23__mavlink_command_int_t9MAV_FRAME @ 0x9de1e0
QLOITER: _ZN11GCS_MAVLINK35convert_COMMAND_LONG_to_COMMAND_INTERK24__mavlink_command_long_tR23__mavlink_command_int_t9MAV_FRAME @ 0x9de8c0
QLOITER: _ZN11GCS_MAVLINK28command_long_stores_locationE7MAV_CMD @ 0x9dea80
QLOITER: _ZL30convert_COMMAND_LONG_loc_paramfb @ 0x9deb60
QLOITER: _ZL3MINIfiEDTqultfp_fp0_fp_fp0_ERKT_RKT0_ @ 0x9dec10
QLOITER: _ZNK11GCS_MAVLINK17vfr_hud_climbrateEv @ 0x9decb0
QLOITER: _ZL36mavlink_msg_global_position_int_send17mavlink_channel_tjiiiissst @ 0x9ded70
QLOITER: _ZN10AP_Terrain12send_requestE17mavlink_channel_t @ 0x9dee90
QLOITER: _ZN10AP_Terrain11send_reportE17mavlink_channel_t @ 0x9defe0
QLOITER: _ZNK17GCS_MAVLINK_Plane9send_windEv @ 0x9df090
QLOITER: _ZN7AP_ADSB17send_adsb_vehicleE17mavlink_channel_t @ 0x9df160
QLOITER: _ZN17GCS_MAVLINK_Plane12send_aoa_ssaEv @ 0x9df370
QLOITER: _ZN10AP_Landing20send_landing_messageE17mavlink_channel_t @ 0x9df410
QLOITER: _ZN17GCS_MAVLINK_Plane15send_hygrometerEv @ 0x9df4f0
QLOITER: _ZN11GCS_MAVLINK16try_send_messageE10ap_message @ 0x9df6f0
QLOITER: _ZN11GCS_MAVLINK17queued_param_sendEv @ 0x9e03a0
QLOITER: _ZNK11GCS_MAVLINK14send_heartbeatEv @ 0x9e0650
QLOITER: _ZNK11GCS_MAVLINK18send_home_positionEv @ 0x9e07b0
QLOITER: _ZNK11GCS_MAVLINK22send_gps_global_originEv @ 0x9e0960
QLOITER: _ZNK11GCS_MAVLINK8send_rpmEv @ 0x9e0a10
QLOITER: _ZN11GCS_MAVLINK24try_send_mission_messageE10ap_message @ 0x9e0af0
QLOITER: _ZN7Compass21send_mag_cal_progressERK11GCS_MAVLINK @ 0x9e0cf0
QLOITER: _ZN7Compass19send_mag_cal_reportERK11GCS_MAVLINK @ 0x9e0f40
QLOITER: _ZN11GCS_MAVLINK19send_battery_statusEv @ 0x9e1270
QLOITER: _ZNK7AP_AHRS22send_ekf_status_reportER11GCS_MAVLINK @ 0x9e13c0
QLOITER: _ZN11GCS_MAVLINK12send_meminfoEv @ 0x9e14c0
QLOITER: _ZNK11GCS_MAVLINK17send_fence_statusEv @ 0x9e1580
QLOITER: _ZN11GCS_MAVLINK20send_distance_sensorEv @ 0x9e16c0
QLOITER: _ZNK11GCS_MAVLINK16send_system_timeEv @ 0x9e1c00
QLOITER: _ZN6AP_GPS20send_mavlink_gps_rawE17mavlink_channel_t @ 0x9e1c90
QLOITER: _ZN6AP_GPS20send_mavlink_gps_rtkE17mavlink_channel_th @ 0x9e1fe0
QLOITER: _ZN6AP_GPS21send_mavlink_gps2_rawE17mavlink_channel_t @ 0x9e20c0
QLOITER: _ZNK11GCS_MAVLINK19send_local_positionEv @ 0x9e2460
QLOITER: _ZNK11GCS_MAVLINK34send_gimbal_device_attitude_statusEv @ 0x9e2530
QLOITER: _ZN11GCS_MAVLINK16send_opticalflowEv @ 0x9e28f0
QLOITER: _ZN11GCS_MAVLINK17send_power_statusEv @ 0x9e2a60
QLOITER: _ZNK11GCS_MAVLINK16send_rc_channelsEv @ 0x9e2b70
QLOITER: _ZNK11GCS_MAVLINK20send_rc_channels_rawEv @ 0x9e2e30
QLOITER: _ZN11GCS_MAVLINK12send_raw_imuEv @ 0x9e2fb0
QLOITER: _ZN11GCS_MAVLINK15send_scaled_imuEhPFv17mavlink_channel_tjssssssssssE @ 0x9e33c0
QLOITER: _ZL28mavlink_msg_scaled_imu2_send17mavlink_channel_tjssssssssss @ 0x9e3680
QLOITER: _ZL28mavlink_msg_scaled_imu3_send17mavlink_channel_tjssssssssss @ 0x9e37f0
QLOITER: _ZN11GCS_MAVLINK20send_scaled_pressureEv @ 0x9e3ba0
QLOITER: _ZN11GCS_MAVLINK21send_scaled_pressure2Ev @ 0x9e3c00
QLOITER: _ZN11GCS_MAVLINK13send_airspeedEv @ 0x9e3c60
QLOITER: _ZNK11GCS_MAVLINK13send_simstateEv @ 0x9e3e20
QLOITER: _ZN11GCS_MAVLINK15send_sys_statusEv @ 0x9e3f40
QLOITER: _ZN11GCS_MAVLINK10send_ahrs2Ev @ 0x9e4230
QLOITER: _ZN11GCS_MAVLINK9send_ahrsEv @ 0x9e4310
QLOITER: _ZN11GCS_MAVLINK12send_vfr_hudEv @ 0x9e4490
QLOITER: _ZNK11GCS_MAVLINK14send_vibrationEv @ 0x9e45d0
QLOITER: _ZNK11GCS_MAVLINK21send_generator_statusEv @ 0x9e46c0
QLOITER: _ZN12AP_ESC_Telem26send_esc_telemetry_mavlinkEh @ 0x9e4a40
QLOITER: _ZN6AP_EFI19send_mavlink_statusE17mavlink_channel_t @ 0x9e4ed0
QLOITER: _ZN6AP_AIS13get_singletonEv @ 0x9e56a0
QLOITER: _ZN11GCS_MAVLINK20send_available_modesEv @ 0x9e5820
QLOITER: _ZNK11GCS_MAVLINK21battery_remaining_pctEh @ 0x9e6030
QLOITER: _ZL3MINIhiEDTqultfp_fp0_fp_fp0_ERKT_RKT0_.7263 @ 0x9e64e0
QLOITER: _ZL44mavlink_msg_esc_telemetry_1_to_4_send_struct17mavlink_channel_tPK32__mavlink_esc_telemetry_1_to_4_t @ 0x9e6800
QLOITER: _ZN12AP_Generator21send_generator_statusERK11GCS_MAVLINK @ 0x9e6e00
QLOITER: _ZL26mavlink_msg_vibration_send17mavlink_channel_tmfffjjj @ 0x9e6e80
QLOITER: _ZL24mavlink_msg_vfr_hud_send17mavlink_channel_tffstff @ 0x9e6f90
QLOITER: _ZNK7AP_AHRS12get_error_rpEv @ 0x9e7120
QLOITER: _ZNK7AP_AHRS13get_error_yawEv @ 0x9e7180
QLOITER: _ZL21mavlink_msg_ahrs_send17mavlink_channel_tfffffff @ 0x9e71e0
QLOITER: _ZL22mavlink_msg_ahrs2_send17mavlink_channel_tffffii @ 0x9e7300
QLOITER: _ZNK9AP_Logger11num_droppedEv @ 0x9e7400
QLOITER: _ZNK14AP_BattMonitor11gcs_voltageEv @ 0xb53200
QLOITER: _ZL27mavlink_msg_sys_status_send17mavlink_channel_tjjjttsatttttt @ 0x9e7480
QLOITER: _ZNK14AP_BattMonitor11gcs_voltageEh @ 0x9e7620
QLOITER: _ZNK17AP_Logger_Backend11num_droppedEv @ 0xb53250
QLOITER: _ZL7radiansf.17181 @ 0x9e7a40
QLOITER: _ZNK4SITL3SIM13simstate_sendE17mavlink_channel_t @ 0x9e7dc0
QLOITER: _ZL25mavlink_msg_simstate_send17mavlink_channel_tfffffffffii @ 0x9e7f90
QLOITER: _ZL32mavlink_msg_airspeed_send_struct17mavlink_channel_tPK20__mavlink_airspeed_t @ 0x9e8130
QLOITER: _ZL33mavlink_msg_scaled_pressure2_send17mavlink_channel_tjffss @ 0x9e81b0
QLOITER: _ZN11GCS_MAVLINK29send_scaled_pressure_instanceEhPFv17mavlink_channel_tjffssE @ 0x9e8290
QLOITER: _ZL32mavlink_msg_scaled_pressure_send17mavlink_channel_tjffss @ 0x9e8480
QLOITER: _ZL24mavlink_msg_raw_imu_send17mavlink_channel_tmssssssssshs @ 0x9e85e0
QLOITER: _ZNK11GCS_MAVLINK16sending_mavlink1Ev @ 0x9e8760
QLOITER: _ZNK11GCS_MAVLINK13receiver_rssiEv @ 0x9e87c0
QLOITER: _ZL28mavlink_msg_rc_channels_send17mavlink_channel_tjhtttttttttttttttttth @ 0x9e89d0
QLOITER: _ZL29mavlink_msg_power_status_send17mavlink_channel_tttt @ 0x9e8c40
QLOITER: _ZN8AP_Mount34send_gimbal_device_attitude_statusE17mavlink_channel_t @ 0x9e96c0
QLOITER: _ZL35mavlink_msg_local_position_ned_send17mavlink_channel_tjffffff @ 0x9e9d20
QLOITER: _ZNK6AP_GPS12gps_yaw_cdegEh @ 0x9e9e30
QLOITER: _ZNK6AP_GPS23have_gps_yaw_configuredEh @ 0xb534b0
QLOITER: _ZL28mavlink_msg_gps_raw_int_send17mavlink_channel_tmhiiitttthijjjjt @ 0x9ea130
QLOITER: _ZL28mavlink_msg_system_time_send17mavlink_channel_tmj @ 0x9ea320
QLOITER: _ZN11GCS_MAVLINK14send_proximityEv @ 0x9eb960
QLOITER: _ZL3MINIjjEDTqultfp_fp0_fp_fp0_ERKT_RKT0_.7265 @ 0x9ec8d0
QLOITER: _ZL24mavlink_msg_meminfo_send17mavlink_channel_tttj @ 0x9ec950
QLOITER: _ZNK7NavEKF318send_status_reportER11GCS_MAVLINK @ 0x9ecbf0
QLOITER: _ZNK12NavEKF3_core18send_status_reportER11GCS_MAVLINK @ 0x9ecc80
QLOITER: _ZL41mavlink_msg_ekf_status_report_send_struct17mavlink_channel_tPK29__mavlink_ekf_status_report_t @ 0x9ed080
QLOITER: _ZNK14AP_BattMonitor13option_is_setEhN21AP_BattMonitor_Params7OptionsE @ 0x9edba0
QLOITER: _ZNK11GCS_MAVLINK19send_battery_statusEh @ 0x9edc70
QLOITER: _ZL3MINIftEDTqultfp_fp0_fp_fp0_ERKT_RKT0_ @ 0x9ee500
QLOITER: _ZNK14AP_BattMonitor14time_remainingERjh @ 0x9ee5a0
QLOITER: _ZNK14AP_BattMonitor24get_mavlink_charge_stateEh @ 0x9ee690
QLOITER: _ZNK14AP_BattMonitor25get_mavlink_fault_bitmaskEh @ 0x9ee7c0
QLOITER: _ZL31mavlink_msg_battery_status_send17mavlink_channel_thhhsPKtsiiaihS1_hj @ 0x9ee870
QLOITER: _ZN14typesafe_indexIh12TAG_PriorityErmERKh @ 0xb53700
QLOITER: _ZN11GCS_MAVLINK20send_mission_currentERK10AP_Missiont @ 0x9eeff0
QLOITER: _ZL32mavlink_msg_mission_current_send17mavlink_channel_ttthh @ 0x9ef4c0
QLOITER: _ZL34mavlink_msg_gps_global_origin_send17mavlink_channel_tiiim @ 0x9ef640
QLOITER: _ZL30mavlink_msg_home_position_send17mavlink_channel_tiiifffPKffffm @ 0x9ef700
QLOITER: _ZNK11GCS_MAVLINK13system_statusEv @ 0x9ef990
QLOITER: _ZL26mavlink_msg_heartbeat_send17mavlink_channel_thhhjh @ 0x9efa20
QLOITER: _ZN11GCS_MAVLINK28send_parameter_async_repliesEv @ 0x9efb00
QLOITER: _ZN12ObjectBufferIN11GCS_MAVLINK19pending_param_replyEE4peekERS1_ @ 0xb537f0
QLOITER: _ZNK11AP_Airspeed14get_hygrometerEhRjRfS1_ @ 0x9f0040
QLOITER: _ZL24mavlink_msg_aoa_ssa_send17mavlink_channel_tmff @ 0x9f0610
QLOITER: _ZL21mavlink_msg_wind_send17mavlink_channel_tfff @ 0x9f0910
QLOITER: _ZN10AP_Terrain19send_terrain_reportE17mavlink_channel_tRK8Locationb @ 0x9f09c0
QLOITER: _ZL31mavlink_msg_terrain_report_send17mavlink_channel_tiitfftt @ 0x9f0b70
QLOITER: _ZN10AP_Terrain18send_cache_requestE17mavlink_channel_t @ 0x9f0c90
QLOITER: _ZN10AP_Terrain15request_missingE17mavlink_channel_tRKNS_9grid_infoE @ 0x9f0d90
QLOITER: _ZN10AP_Terrain15request_missingE17mavlink_channel_tRNS_10grid_cacheE @ 0x9f0e20
QLOITER: _ZN11GCS_MAVLINK14handle_messageERK17__mavlink_message @ 0x9f4bc0
QLOITER: _ZN11GCS_MAVLINK16handle_heartbeatERK17__mavlink_message @ 0x9f5740
QLOITER: _ZN11GCS_MAVLINK19handle_command_longERK17__mavlink_message @ 0x9f6ab0
QLOITER: _ZN11GCS_MAVLINK26handle_request_data_streamERK17__mavlink_message @ 0x9f80f0
QLOITER: _ZNK3GCS12sysid_is_gcsEh @ 0x9fd750
QLOITER: _ZN11GCS_MAVLINK16sysid_mygcs_seenEj @ 0x9fd9f0
QLOITER: _ZL38mavlink_msg_request_data_stream_decodePK17__mavlink_messageP31__mavlink_request_data_stream_t @ 0x9fec60
QLOITER: _ZN9AP_Logger13Write_CommandERK23__mavlink_command_int_thh10MAV_RESULTb @ 0xa01b50
QLOITER: _ZL31mavlink_msg_command_long_decodePK17__mavlink_messageP24__mavlink_command_long_t @ 0xa01cd0
QLOITER: _ZN11GCS_MAVLINK31try_command_long_as_command_intERK24__mavlink_command_long_tRK17__mavlink_message @ 0xa01da0
QLOITER: _ZN11GCS_MAVLINK16_set_mode_commonEhj @ 0xa04600
QLOITER: _ZN12ObjectBufferIN7GCS_FTP11TransactionEE3popERS1_ @ 0xb54830
QLOITER: _ZN11GCS_MAVLINK25handle_command_int_packetERK23__mavlink_command_int_tRK17__mavlink_message @ 0xa0bb20
QLOITER: _ZN11GCS_MAVLINK26handle_command_do_set_modeERK23__mavlink_command_int_t @ 0xa0ced0
QLOITER: _ZL7radiansf.35 @ 0xa108a0
QLOITER: _ZN5Plane22any_failsafe_triggeredEv @ 0xb551e0
QLOITER: _ZL43mavlink_msg_position_target_global_int_send17mavlink_channel_tjhtiifffffffff @ 0xa110c0
QLOITER: _ZL25mavlink_msg_attitude_send17mavlink_channel_tjffffff @ 0xa11590
QLOITER: _ZL38mavlink_msg_nav_controller_output_send17mavlink_channel_tffsstfff @ 0xa11b80
QLOITER: _ZN12AP_Avoidance10handle_msgERK17__mavlink_message @ 0xa11d60
QLOITER: _ZN11GCS_MAVLINK14packetReceivedERK16__mavlink_statusRK17__mavlink_message @ 0xa11eb0
QLOITER: _ZN15MAVLink_routing17check_and_forwardER11GCS_MAVLINKRK17__mavlink_message @ 0xa120b0
QLOITER: _ZN9AP_Follow10handle_msgERK17__mavlink_message @ 0xa12620
QLOITER: _ZNK11GCS_MAVLINK13accept_packetERK16__mavlink_statusRK17__mavlink_message @ 0xa127a0
QLOITER: _ZNK9AP_Follow21should_handle_messageERK17__mavlink_message @ 0xa128c0
QLOITER: _ZN15MAVLink_routing11learn_routeER11GCS_MAVLINKRK17__mavlink_message @ 0xa13890
QLOITER: _ZN15MAVLink_routing16handle_heartbeatER11GCS_MAVLINKRK17__mavlink_message @ 0xa13b30
QLOITER: _ZN15MAVLink_routing11get_targetsERK17__mavlink_messageRsS3_ @ 0xa13d60
QLOITER: _ZNK9QuadPlane12get_mav_typeEv @ 0xa14210
QLOITER: _ZNK18AP_PitchController13is_underspeedEf @ 0xa14660
QLOITER: _ZNK18AP_PitchController12get_airspeedEv @ 0xa14700
QLOITER: _ZNK18AP_PitchController17get_measured_rateEv @ 0xa147d0
QLOITER: _ZNK17AP_RollController13is_underspeedEf @ 0xa14950
QLOITER: _ZNK17AP_RollController12get_airspeedEv @ 0xa149e0
QLOITER: _ZNK17AP_RollController17get_measured_rateEv @ 0xa14a50
QLOITER: _ZNK13AP_L1_Control14nav_bearing_cdEv @ 0xa14c30
QLOITER: _ZNK13AP_L1_Control17target_bearing_cdEv @ 0xa14cf0
QLOITER: _ZNK13AP_L1_Control16crosstrack_errorEv @ 0xb56310
QLOITER: _ZNK13AP_L1_Control27crosstrack_error_integratorEv @ 0xb56360
QLOITER: _ZN13AP_L1_Control21reached_loiter_targetEv @ 0xa16410
QLOITER: _ZL9rad_to_cdf.12675 @ 0xa16910
QLOITER: _Z11wrap_180_cdIfET_S0_ @ 0xb564c0
QLOITER: _ZN17RC_Channels_Plane7channelEh @ 0xb56e20
QLOITER: _ZN17RC_Channels_Plane16read_mode_switchEv @ 0xa19940
QLOITER: _ZNK17RC_Channels_Plane14in_rc_failsafeEv @ 0xa199b0
QLOITER: _ZNK17RC_Channels_Plane15has_valid_inputEv @ 0xa19a20
QLOITER: _ZNK17RC_Channels_Plane18get_arming_channelEv @ 0xa19ab0
QLOITER: _ZNK11RC_Channels21arming_check_throttleEv @ 0xb56eb0
QLOITER: _ZNK17RC_Channels_Plane26flight_mode_channel_numberEv @ 0xa19b00
QLOITER: _ZN11RC_Channels16read_mode_switchEv @ 0xa19b70
QLOITER: __wrap_malloc @ 0xa3bc80
QLOITER: mode_to_string @ 0xa954d0
QLOITER: mode_entry @ 0xa95730
----------------------
Mode: 18 (QHOVER)
QHOVER: _ZN15AP_Arming_Plane14pre_arm_checksEb @ 0x5db3f0
QHOVER: _ZN2AP13serialmanagerEv @ 0x5dd670
QHOVER: _ZNK9AP_ParamTIiL11ap_var_type3EEcvRKiEv @ 0xa99ff0
QHOVER: _ZN6AP_HAL4Util9vsnprintfEPcmPKcP13__va_list_tag @ 0x5ddcc0
QHOVER: _ZN13BufferPrinterC2EPcm @ 0xa9a040
QHOVER: _Z13print_vprintfPN6AP_HAL12BetterStreamEPKcP13__va_list_tag @ 0x5dde00
QHOVER: _Z11ftoa_enginefPchh @ 0x5df650
QHOVER: _ZN6AP_HAL12BetterStreamC2Ev @ 0xa9a0f0
QHOVER: _ZN13BufferPrinter5writeEh @ 0xa9a150
QHOVER: _Z3gcsv @ 0x5e0280
QHOVER: _ZN3GCS10send_textvE12MAV_SEVERITYPKcP13__va_list_tag @ 0x5e02c0
QHOVER: _ZNK3GCS28statustext_send_channel_maskEv @ 0x5e0390
QHOVER: _ZN11GCS_MAVLINK19active_channel_maskEv @ 0xa9a3f0
QHOVER: _ZN11GCS_MAVLINK22streaming_channel_maskEv @ 0xa9a430
QHOVER: _ZN11GCS_MAVLINK20private_channel_maskEv @ 0xa9a470
QHOVER: _ZN3GCS13get_singletonEv @ 0xa9a4b0
QHOVER: _ZNK16AP_SerialManager22find_protocol_instanceENS_14SerialProtocolEh @ 0x5e0420
QHOVER: _ZNK13AP_ParamTBaseIaL11ap_var_type1EE3getEv @ 0xa9a4f0
QHOVER: _ZNK16AP_SerialManager14protocol_matchENS_14SerialProtocolES0_ @ 0x5e05c0
QHOVER: _ZN16AP_SerialManager13get_singletonEv @ 0xa9a540
QHOVER: _Z2rcv @ 0x5e06c0
QHOVER: _ZN11RC_Channels13get_singletonEv @ 0xa9a5e0
QHOVER: _ZNK9AP_ParamTIaL11ap_var_type1EEcvRKaEv @ 0xa9a6b0
QHOVER: _ZN6AP_HAL6millisEv @ 0x5e0d40
QHOVER: _ZN13WithSemaphoreD2Ev @ 0x5e0d80
QHOVER: _ZN6AP_HAL8millis64Ev @ 0x5e0de0
QHOVER: _ZN6AP_HAL8micros64Ev @ 0x5e0e20
QHOVER: _ZL14uint64_div1000m @ 0x5e0ec0
QHOVER: _ZN7HALSITL9Scheduler4fromEPN6AP_HAL9SchedulerE @ 0xa9a700
QHOVER: _ZNK7HALSITL9Scheduler18stopped_clock_usecEv @ 0xa9a750
QHOVER: _ZNK13AP_ParamTBaseIsL11ap_var_type2EE3getEv @ 0xa9a7a0
QHOVER: _ZN13WithSemaphoreC2ERN6AP_HAL9SemaphoreEj @ 0x5e1010
QHOVER: _ZNK7AP_EnumIN10Parameters11ThrFailsafeEEcvKS1_Ev @ 0xa9a830
QHOVER: _ZNK11RC_Channels19has_had_rc_receiverEv @ 0xa9a880
QHOVER: _ZNK13AP_ParamTBaseIiL11ap_var_type3EE3getEv @ 0xa9a940
QHOVER: _ZN12AP_Proximity13get_singletonEv @ 0xa9a990
QHOVER: _ZN2AP9schedulerEv @ 0x5e1490
QHOVER: _ZN12AP_Scheduler25get_filtered_loop_rate_hzEv @ 0xa9aa10
QHOVER: _ZN12AP_Scheduler16get_loop_rate_hzEv @ 0xa9aa60
QHOVER: _ZN10AP_Terrain13get_singletonEv @ 0xa9aaf0
QHOVER: _ZN12AP_Scripting13get_singletonEv @ 0xa9ab90
QHOVER: _ZN2AP13internalerrorEv @ 0x5e1800
QHOVER: _ZNK16AP_InternalError6errorsEv @ 0xa9acf0
QHOVER: _ZNK16AP_InternalError15last_error_lineEv @ 0xa9ad40
QHOVER: _ZN2AP3rpmEv @ 0x5e1990
QHOVER: _ZNK9AP_ParamTIsL11ap_var_type2EEcvRKsEv @ 0xa9ae20
QHOVER: _ZN12SRV_Channels25update_aux_servo_functionEv @ 0x5e2690
QHOVER: _ZNK7BitmaskILt190EE8validateEt @ 0xa9af40
QHOVER: _ZN7BitmaskILt190EE8clearallEv @ 0xa9afd0
QHOVER: _ZNK11SRV_Channel14valid_functionEv @ 0xa9b030
QHOVER: _ZN11SRV_Channel24aux_servo_function_setupEv @ 0x5e3190
QHOVER: _ZN7BitmaskILt190EE3setEt @ 0xa9b090
QHOVER: _ZNK9AP_Enum16IN11SRV_Channel8FunctionEEcvKS1_Ev @ 0xa9b150
QHOVER: _ZN11SRV_Channel14valid_functionENS_8FunctionE @ 0xa9b1a0
QHOVER: _ZN6AP_RPM13get_singletonEv @ 0xa9b290
QHOVER: _ZNK12AP_Scripting13option_is_setENS_11DebugOptionE @ 0xa9b380
QHOVER: _ZNK2AP8PerfInfo25get_filtered_loop_rate_hzEv @ 0x5e3580
QHOVER: _ZNK2AP8PerfInfo17get_filtered_timeEv @ 0x5e3610
QHOVER: _ZN12AP_Scheduler13get_singletonEv @ 0x5e3660
QHOVER: _ZN2AP7missionEv @ 0x5e3730
QHOVER: _ZNK10AP_Mission12num_commandsEv @ 0xa9b480
QHOVER: _ZN2AP4ahrsEv @ 0x5e4060
QHOVER: _ZNK7AP_AHRS8get_homeEv @ 0xa9b590
QHOVER: _ZN7AP_AHRS13get_singletonEv @ 0xa9b5e0
QHOVER: _ZN8LocationC2Ev @ 0xa9b620
QHOVER: _ZN8Location4zeroEv @ 0x5e46c0
QHOVER: _ZN10AP_Mission13get_singletonEv @ 0xa9b670
QHOVER: _ZNK9QuadPlane9availableEv @ 0xa9b700
QHOVER: _ZNK5Plane15is_land_commandEt @ 0x5e4c30
QHOVER: _ZNK8Location12get_distanceERKS_ @ 0x5e4cc0
QHOVER: _Z11is_positiveIfEbT_ @ 0xa9b7c0
QHOVER: _ZNK9AP_ParamTIfL11ap_var_type4EEcvRKfILb1EEEv @ 0xa9b820
QHOVER: _ZN8Location14diff_longitudeEii @ 0x5e4e70
QHOVER: _ZN8Location15longitude_scaleEi @ 0x5e4f50
QHOVER: _Z4normIddJEEdT_T0_DpKT1_ @ 0xa9b870
QHOVER: _Z2sqIdJdEEdT_DpKT0_ @ 0xa9b8e0
QHOVER: _Z2sqIdEdT_ @ 0xa9b960
QHOVER: _ZL3MAXIdfEDTqugtfp_fp0_fp_fp0_ERKT_RKT0_ @ 0x5e4ff0
QHOVER: _ZN2AP5rallyEv @ 0x5e5090
QHOVER: _ZNK7AP_AHRS12get_locationER8Location @ 0x5e50d0
QHOVER: _ZN2AP7vehicleEv @ 0x5e5340
QHOVER: _ZNK10AP_Mission7presentEv @ 0xa9ba60
QHOVER: _ZN10AP_Vehicle13get_singletonEv @ 0x5e5380
QHOVER: _ZN8LocationC2EiiiNS_8AltFrameE @ 0x5e55a0
QHOVER: _ZN8Location10set_alt_cmEiNS_8AltFrameE @ 0x5e5640
QHOVER: _ZN8AP_Rally13get_singletonEv @ 0xa9bad0
QHOVER: _ZN11RC_Channels23get_valid_channel_countEv @ 0x5e5730
QHOVER: _ZNK10RC_Channel12has_overrideEv @ 0x5e57a0
QHOVER: _ZNK13AP_ParamTBaseIfL11ap_var_type4EE3getEv @ 0xa9bd10
QHOVER: _Z7is_zerof @ 0xa9bd60
QHOVER: _ZL3MINIihEDTqultfp_fp0_fp_fp0_ERKT_RKT0_.7422 @ 0x5e5860
QHOVER: _ZN2AP3gpsEv @ 0x5e58f0
QHOVER: _ZNK6AP_GPS11num_sensorsEv @ 0x5e5ad0
QHOVER: _ZNK6AP_GPS8get_typeEh @ 0xa9bed0
QHOVER: _ZNK6AP_GPS14primary_sensorEv @ 0xa9bf60
QHOVER: _ZNK6AP_GPS6statusEh @ 0xa9bfb0
QHOVER: _ZNK6AP_GPS10is_healthyEh @ 0x5e5b50
QHOVER: _ZNK6AP_GPS8locationEv @ 0xa9c0d0
QHOVER: _ZNK6AP_GPS22first_unconfigured_gpsERh @ 0x5e5e10
QHOVER: _ZN3GCS9send_textE12MAV_SEVERITYPKcz @ 0x5e5fe0
QHOVER: _ZNK7AP_EnumIN6AP_GPS8GPS_TypeEEcvKS1_Ev @ 0xa9c130
QHOVER: _ZNK6AP_GPS8locationEh @ 0xa9c180
QHOVER: _ZNK7Vector3IfE6lengthEv @ 0xa9c1f0
QHOVER: _Z4normIffJfEEdT_T0_DpKT1_ @ 0xa9c250
QHOVER: _Z2sqIfJffEEdT_DpKT0_ @ 0xa9c2d0
QHOVER: _ZL2sqf.2617 @ 0x5e62c0
QHOVER: _Z2sqIfJfEEdT_DpKT0_ @ 0xa9c370
QHOVER: _ZL2sqf.1898 @ 0x5e6310
QHOVER: _ZN7Vector3IfEC2Efff @ 0xa9c3f0
QHOVER: _ZNK6AP_GPS12is_rtk_roverEh @ 0x5e6360
QHOVER: _ZN6AP_GPS13get_singletonEv @ 0xa9c500
QHOVER: _ZNK7AP_AHRS7healthyEv @ 0x5e6e40
QHOVER: _ZN2AP12externalAHRSEv @ 0x5e7020
QHOVER: _ZNK7AP_AHRS8ekf_typeEv @ 0x5e70c0
QHOVER: _ZNK7AP_AHRS15active_EKF_typeEv @ 0xa9c540
QHOVER: _ZN2AP7compassEv @ 0x5e7a00
QHOVER: _ZNK7Compass11use_for_yawEv @ 0x5e7a40
QHOVER: _ZNK16AP_NavEKF_Source12getYawSourceEh @ 0x5e88b0
QHOVER: _ZNK12NavEKF3_core7healthyEv @ 0x5e8b70
QHOVER: _ZNK16AP_NavEKF_Source14useVelXYSourceENS_8SourceXYEh @ 0x5e8f30
QHOVER: _ZNK16AP_NavEKF_Source18getActiveSourceSetEh @ 0xa9c590
QHOVER: _ZNK7AP_EnumIN16AP_NavEKF_Source8SourceXYEEcvKS1_Ev @ 0xa9c640
QHOVER: _ZNK16AP_NavEKF_Source13option_is_setENS_13SourceOptionsE @ 0xa9c690
QHOVER: _ZNK12NavEKF3_core15getFilterFaultsERt @ 0x5e9060
QHOVER: _ZNK11QuaternionTIdE6is_nanEv @ 0xa9c710
QHOVER: _ZNK7Vector3IdE6is_nanEv @ 0xa9c810
QHOVER: _ZNK7AP_EnumIN16AP_NavEKF_Source9SourceYawEEcvKS1_Ev @ 0xa9c8e0
QHOVER: _ZN2AP3dalEv @ 0x5e9180
QHOVER: _ZN6AP_DAL7compassEv @ 0xa9c930
QHOVER: _ZNK14AP_DAL_Compass15get_num_enabledEv @ 0xa9c980
QHOVER: _ZN6AP_DAL13get_singletonEv @ 0xa9c9d0
QHOVER: _ZnwmRKSt9nothrow_t @ 0x5e91c0
QHOVER: _ZN7Matrix3IfEC2Ev @ 0xa9ce10
QHOVER: _ZN7Vector3IfEC2Ev @ 0xa9cf00
QHOVER: _ZN11QuaternionTIfEC2Ev @ 0xa9d080
QHOVER: _ZN7Vector2IfEC2Ev @ 0xa9d0f0
QHOVER: _ZN6AP_DAL4baroEv @ 0xa9d150
QHOVER: _ZN6AP_DAL6beaconEv @ 0xa9d1f0
QHOVER: _ZN6AP_DAL3gpsEv @ 0xa9d2b0
QHOVER: _ZN6AP_DAL11rangefinderEv @ 0xa9d3c0
QHOVER: _ZN6AP_DAL10visualodomEv @ 0xa9d410
QHOVER: _ZNK12NavEKF2_core7healthyEv @ 0x5e9760
QHOVER: _ZNK12NavEKF2_core15getFilterFaultsERt @ 0x5e9990
QHOVER: _ZNK7Compass7healthyEh @ 0x5e9af0
QHOVER: _ZNK7Compass11use_for_yawEh @ 0x5e9b90
QHOVER: _ZNK7Compass9availableEv @ 0xa9d530
QHOVER: _ZN14typesafe_indexIh12TAG_PriorityEC2Eh @ 0xa9d5b0
QHOVER: _ZNK19RestrictIDTypeArrayI9AP_ParamTIaL11ap_var_type1EELj3E14typesafe_indexIh12TAG_PriorityEEixERKS5_ @ 0xa9d610
QHOVER: _ZNK7AP_EnumIN7Compass9LearnTypeEEcvKS1_Ev @ 0xa9d690
QHOVER: _ZNK14typesafe_indexIh12TAG_PriorityE7get_intEv @ 0xa9d6e0
QHOVER: _ZNK7Compass10_get_stateE14typesafe_indexIh12TAG_PriorityE @ 0xa9d730
QHOVER: _ZNK7Compass13_get_state_idE14typesafe_indexIh12TAG_PriorityE @ 0x5e9c70
QHOVER: _ZNK19RestrictIDTypeArrayIN7Compass9mag_stateELj4E14typesafe_indexIh14TAG_StateIndexEEixERKS4_ @ 0xa9d7b0
QHOVER: _ZNK14typesafe_indexIh14TAG_StateIndexE7get_intEv @ 0xa9d830
QHOVER: _ZNK19RestrictIDTypeArrayIiLj3E14typesafe_indexIh12TAG_PriorityEEixERKS2_ @ 0xa9d880
QHOVER: _ZN14typesafe_indexIh14TAG_StateIndexEC2Eh @ 0xa9d900
QHOVER: _ZNK14typesafe_indexIh14TAG_StateIndexEltERKh @ 0xa9d960
QHOVER: _ZN14typesafe_indexIh14TAG_StateIndexEppEi @ 0xa9d9d0
QHOVER: _ZN7Compass13get_singletonEv @ 0xa9da40
QHOVER: _ZNK7NavEKF211activeCoresEv @ 0xa9da80
QHOVER: _ZNK11QuaternionTIfE13to_axis_angleER7Vector3IfE @ 0xa9dd70
QHOVER: _ZNK7NavEKF311activeCoresEv @ 0xa9dec0
QHOVER: _ZNK7AP_AHRS14always_use_EKFEv @ 0xa9df10
QHOVER: _ZN11QuaternionTIfE20from_rotation_matrixERK7Matrix3IfE @ 0xa9dfd0
QHOVER: _ZNK12NavEKF3_core11use_compassEv @ 0x5ea300
QHOVER: _ZNK14AP_DAL_Compass11use_for_yawEh @ 0xa9e4e0
QHOVER: _ZNK12NavEKF3_core20getRotationBodyToNEDER7Matrix3IfE @ 0x5ea3d0
QHOVER: _ZNK11QuaternionTIdE15rotation_matrixER7Matrix3IfE @ 0xa9e550
QHOVER: _ZNK6AP_DAL43get_rotation_vehicle_body_to_autopilot_bodyEv @ 0xa9e760
QHOVER: _ZNK7Matrix3IfEmlERKS0_ @ 0xa9e7b0
QHOVER: _ZN7Matrix3IfEC2ERK7Vector3IfES4_S4_ @ 0xa9ea20
QHOVER: _ZL2sqf.4371 @ 0x5ea490
QHOVER: _ZN7Vector3IfEdVEf @ 0xa9ead0
QHOVER: _Z7wrap_PId @ 0x5ea4e0
QHOVER: _ZN7Vector3IfEmLEf @ 0xa9eb60
QHOVER: _Z8wrap_2PId @ 0x5ea570
QHOVER: _ZN11QuaternionTIfEC2Effff @ 0xa9eea0
QHOVER: _ZNK11QuaternionTIfE15rotation_matrixER7Matrix3IfE @ 0xa9ef50
QHOVER: _ZNK7Matrix3IfE13mul_transposeERK7Vector3IfE @ 0xa9f140
QHOVER: _ZNK7Vector3IfEmiERKS0_ @ 0xa9f250
QHOVER: _Z20constrain_value_lineIfET_S0_S0_S0_j @ 0xa9f300
QHOVER: _ZNK7AP_AHRS24get_rotation_body_to_nedEv @ 0xa9f420
QHOVER: _ZN15AP_ExternalAHRS13get_singletonEv @ 0xa9f560
QHOVER: _ZNK7NavEKF37healthyEv @ 0x5ea830
QHOVER: _ZN2AP3insEv @ 0x5ea9a0
QHOVER: _ZNK17AP_InertialSensor19get_gyro_health_allEv @ 0x5ea9e0
QHOVER: _ZNK17AP_InertialSensor22gyro_calibrated_ok_allEv @ 0x5eaaa0
QHOVER: _ZNK17AP_InertialSensor20get_accel_health_allEv @ 0x5eabb0
QHOVER: _ZNK17AP_InertialSensor23accel_calibrated_ok_allEv @ 0x5eac70
QHOVER: _ZNK10AP_GyroFFT16analysis_enabledEv @ 0xa9f720
QHOVER: _ZdlPv @ 0x5ec090
QHOVER: _ZN7Vector3IfEixEh @ 0xa9fab0
QHOVER: _ZN10DigitalLPFIfE6_applyERKfS2_ @ 0xa9fe10
QHOVER: _Z15constrain_int16sss @ 0xaa0410
QHOVER: _Z15constrain_valueIsET_S0_S0_S0_ @ 0xaa04a0
QHOVER: _ZNK10ByteBuffer5spaceEv @ 0x5ed8b0
QHOVER: _ZN10ByteBuffer5writeEPKhj @ 0x5edb10
QHOVER: _ZN10ByteBuffer7reserveEPNS_5IoVecEj @ 0x5edc30
QHOVER: _ZN10ByteBuffer6commitEj @ 0x5ede60
QHOVER: _ZNK10ByteBuffer8get_sizeEv @ 0xaa0550
QHOVER: _ZNK17AP_InertialSensor14get_gyro_countEv @ 0xaa05e0
QHOVER: _ZNK17AP_InertialSensor4_useEh @ 0xaa0650
QHOVER: _ZNK17AP_InertialSensor8_gyro_idEh @ 0xaa06b0
QHOVER: _ZN17AP_InertialSensor8_gyro_idEh @ 0xaa0710
QHOVER: _ZN17AP_InertialSensor4_useEh @ 0xaa0780
QHOVER: _ZL3MINIihEDTqultfp_fp0_fp_fp0_ERKT_RKT0_.4077 @ 0x5ee390
QHOVER: _ZNK7AP_EnumIN22AP_InertialSensor_TCal6EnableEEcvKS1_Ev @ 0xaa0850
QHOVER: _ZN17AP_InertialSensor4tcalEh @ 0xaa08a0
QHOVER: _ZNK17AP_InertialSensor8get_gyroEv @ 0xaa0910
QHOVER: _ZNK17AP_InertialSensor8use_gyroEh @ 0x5ee550
QHOVER: _ZNK17AP_InertialSensor8get_gyroEh @ 0xaa0970
QHOVER: _ZNK17AP_InertialSensor15get_gyro_healthEh @ 0xaa09e0
QHOVER: _ZNK17AP_InertialSensor15get_accel_countEv @ 0xaa0a80
QHOVER: _ZL3MINIihEDTqultfp_fp0_fp_fp0_ERKT_RKT0_ @ 0x5ee7d0
QHOVER: _ZNK17AP_InertialSensor9get_accelEv @ 0xaa0af0
QHOVER: _ZNK17AP_InertialSensor9use_accelEh @ 0x5ee860
QHOVER: _ZNK17AP_InertialSensor9get_accelEh @ 0xaa0b50
QHOVER: _ZNK17AP_InertialSensor16get_accel_healthEh @ 0xaa0bc0
QHOVER: _ZNK17AP_InertialSensor13_accel_offsetEh @ 0xaa0c60
QHOVER: _ZNK9AP_ParamVI7Vector3IfEL11ap_var_type5EE3getEv @ 0xaa0cc0
QHOVER: _ZNK7Vector3IfE7is_zeroEv @ 0xaa0d10
QHOVER: _ZNK17AP_InertialSensor12_accel_scaleEh @ 0xaa0dc0
QHOVER: _ZNK17AP_InertialSensor9_accel_idEh @ 0xaa0e20
QHOVER: _Z8is_equalIffENSt3__19enable_ifIXsr3std17is_floating_pointINS0_11common_typeIJT_T0_EE4typeEEE5valueEbE4typeES3_S4_ @ 0xaa0e80
QHOVER: _ZN17AP_InertialSensor9_accel_idEh @ 0xaa0f00
QHOVER: _ZN17AP_InertialSensor12_accel_scaleEh @ 0xaa0f70
QHOVER: _ZN17AP_InertialSensor13_accel_offsetEh @ 0xaa0fe0
QHOVER: _ZNK17AP_InertialSensor18gyro_calibrated_okEh @ 0xaa1050
QHOVER: _ZN17AP_InertialSensor13get_singletonEv @ 0x5ee920
QHOVER: _ZN8AP_Param16count_parametersEv @ 0x5f0d50
QHOVER: _ZN9AP_Logger13get_singletonEv @ 0xaa1f60
QHOVER: _ZNK9AP_Logger10quiet_nanfEv @ 0xaa1fa0
QHOVER: _Z14strncpy_notermPcPKcm @ 0x5f1230
QHOVER: _ZN17AP_Logger_Backend18WriteCriticalBlockEPKvt @ 0xaa1ff0
QHOVER: _ZN17AP_Logger_Backend21WritePrioritisedBlockEPKvtbb @ 0x5f12e0
QHOVER: _ZN17AP_Logger_Backend30validate_WritePrioritisedBlockEPKvt @ 0x5f14b0
QHOVER: _ZN17AP_Logger_Backend9ShouldLogEb @ 0x5f16a0
QHOVER: _ZN17AP_Logger_Backend21ensure_format_emittedEPKvt @ 0x5f1b40
QHOVER: _ZNK17AP_Logger_Backend23message_type_from_blockEPKvtR11LogMessages @ 0x5f1c60
QHOVER: _ZNK17AP_Logger_Backend28have_emitted_format_for_typeE11LogMessages @ 0xaa2070
QHOVER: _ZNK7BitmaskILt256EE8validateEt @ 0xaa21a0
QHOVER: _ZNK9AP_Logger22structure_for_msg_typeEh @ 0x5f25a0
QHOVER: _ZNK9AP_Logger9structureEt @ 0x5f26f0
QHOVER: _ZNK7BitmaskILt256EE3getEt @ 0xaa2230
QHOVER: _ZNK6AP_HAL4Util14get_soft_armedEv @ 0xaa2300
QHOVER: _ZN2AP6loggerEv @ 0x5f2760
QHOVER: _Z7is_zeroI9AP_ParamTIfL11ap_var_type4EEEbT_ @ 0xaa2360
QHOVER: _ZNK12AP_Scheduler5ticksEv @ 0xaa23c0
QHOVER: _ZN6AP_HAL8millis16Ev @ 0x5f29b0
QHOVER: _ZNK9AP_Logger13WritesEnabledEv @ 0xaa2520
QHOVER: _ZNK19LoggerMessageWriter8finishedEv @ 0xaa2580
QHOVER: _ZNK9AP_Logger15in_log_downloadEv @ 0x5f29f0
QHOVER: _ZNK9AP_Logger16vehicle_is_armedEv @ 0xaa25e0
QHOVER: _ZNK9AP_Logger26log_write_fmt_for_msg_typeEh @ 0x5f2b90
QHOVER: mavlink_get_msg_entry @ 0x5f2c40
QHOVER: _ZNK3GCS7num_gcsEv @ 0xaa2690
QHOVER: _ZNK11GCS_MAVLINK10is_privateEv @ 0xaa26e0
QHOVER: _ZNK11GCS_MAVLINK9is_activeEv @ 0xaa2740
QHOVER: _ZN11GCS_MAVLINK18check_payload_sizeEt @ 0x5f2d60
QHOVER: _mav_finalize_message_chan_send @ 0x5f2e10
QHOVER: _Z26mavlink_get_channel_statush @ 0x5f3160
QHOVER: _Z17_mav_trim_payloadPKch @ 0x5f3240
QHOVER: _ZL13crc_calculatePKht @ 0x5f32e0
QHOVER: _ZL21crc_accumulate_bufferPtPKct @ 0x5f3380
QHOVER: _ZL14crc_accumulatehPt @ 0x5f3420
QHOVER: _Z14comm_send_lock17mavlink_channel_tt @ 0x5f36b0
QHOVER: _mavlink_send_uart @ 0x5f3770
QHOVER: _Z16comm_send_unlock17mavlink_channel_t @ 0x5f37f0
QHOVER: _Z16comm_send_buffer17mavlink_channel_tPKhh @ 0x5f3870
QHOVER: _ZL13valid_channel17mavlink_channel_t @ 0x5f39e0
QHOVER: _Z24gcs_out_of_space_to_send17mavlink_channel_t @ 0x5f3a90
QHOVER: _ZN11GCS_MAVLINK20out_of_space_to_sendEv @ 0xaa2900
QHOVER: _ZL8crc_initPt @ 0x5f43c0
QHOVER: _ZN11GCS_MAVLINK14channel_statusEv @ 0xaa2960
QHOVER: _ZNK11GCS_MAVLINK7txspaceEv @ 0xaa29b0
QHOVER: _ZNK11GCS_MAVLINK15packet_overheadEv @ 0xaa2a50
QHOVER: _ZN11GCS_MAVLINK20packet_overhead_chanE17mavlink_channel_t @ 0x5f4410
QHOVER: _ZL3MINIjjEDTqultfp_fp0_fp_fp0_ERKT_RKT0_.7101 @ 0x5f44f0
QHOVER: _ZN11GCS_MAVLINK10is_privateE17mavlink_channel_t @ 0xaa2ab0
QHOVER: _ZN17AP_InertialSensor13caltemp_accelEh @ 0xaa2de0
QHOVER: _ZNK17AP_InertialSensor15get_temperatureEh @ 0xaa2e50
QHOVER: _ZN7Vector3IfE4zeroEv @ 0xaa30b0
QHOVER: _ZNK7Vector3IfErmERKS0_ @ 0xaa3110
QHOVER: _ZNK7Vector3IfEmlERKS0_ @ 0xaa31f0
QHOVER: _Z9safe_sqrtIfEfT_ @ 0xaa3280
QHOVER: _ZN11QuaternionTIfE9normalizeEv @ 0xaa3330
QHOVER: _ZNK11QuaternionTIfE14get_euler_rollEv @ 0xaa3410
QHOVER: _ZNK11QuaternionTIfE15get_euler_pitchEv @ 0xaa34c0
QHOVER: _Z9safe_asinIfEfT_ @ 0xaa3530
QHOVER: _ZNK11QuaternionTIfE6lengthEv @ 0xaa3610
QHOVER: _ZN7Vector3IfE6rotateE8Rotation @ 0xaa3720
QHOVER: _ZNK7Matrix3IfEmlERK7Vector3IfE @ 0xaa4700
QHOVER: _ZN7Matrix3IfE10from_eulerEfff @ 0xaa48a0
QHOVER: _ZN7Matrix3IfEC2Efffffffff @ 0xaa4ad0
QHOVER: _ZNK7Vector3IfEplERKS0_ @ 0xaa4c00
QHOVER: _ZNK7Vector3IfEdvEf @ 0xaa4cb0
QHOVER: _ZNK7AP_AHRS13get_pitch_radEv @ 0xaa4da0
QHOVER: _Z4normIffJEEdT_T0_DpKT1_ @ 0xaa4e90
QHOVER: _ZN7Vector3IfEpLERKS0_ @ 0xaa4f00
QHOVER: _ZN10ByteBuffer9peekbytesEPhj @ 0x5f6d50
QHOVER: _ZN10ByteBuffer9peekiovecEPNS_5IoVecEj @ 0x5f6e60
QHOVER: _ZNK10ByteBuffer9availableEv @ 0x5f6fb0
QHOVER: _ZN10ByteBuffer7readptrERj @ 0x5f7290
QHOVER: _ZNK7Vector3IfEngEv @ 0xaa5130
QHOVER: _ZN2AP4sitlEv @ 0x5f7690
QHOVER: _ZN2AP4baroEv @ 0x5f76d0
QHOVER: _ZNK7AP_Baro11all_healthyEv @ 0x5f78e0
QHOVER: _ZNK6AP_GPS6statusEv @ 0xaa5210
QHOVER: _ZNK7AP_Baro12get_pressureEv @ 0xaa5270
QHOVER: _ZNK7AP_Baro23get_altitude_differenceEff @ 0x5f7990
QHOVER: _ZNK7AP_Baro26get_altitude_from_pressureEf @ 0x5f7a30
QHOVER: _ZL33find_atmosphere_layer_by_pressuref @ 0x5f7c90
QHOVER: _ZNK7AP_Baro17get_altitude_AMSLEv @ 0xaa52d0
QHOVER: _ZN7AP_Baro29geopotential_alt_to_geometricEf @ 0x5f7d40
QHOVER: _ZNK7AP_Baro17get_altitude_AMSLEh @ 0xaa5330
QHOVER: _ZNK7AP_Baro12get_altitudeEh @ 0xaa53a0
QHOVER: _ZNK7AP_Baro12get_pressureEh @ 0xaa5410
QHOVER: _ZNK7AP_Baro7healthyEh @ 0x5f7da0
QHOVER: _ZN7AP_Baro13get_singletonEv @ 0xaa5480
QHOVER: _ZN4SITL3SIM13get_singletonEv @ 0xaa54c0
QHOVER: _ZNK9AP_Logger15logging_presentEv @ 0x5f8480
QHOVER: _ZNK9AP_Logger15logging_startedEv @ 0x5f8570
QHOVER: _ZNK11RC_Channels17option_is_enabledENS_6OptionE @ 0xaa55d0
QHOVER: _ZNK11RC_Channels16get_roll_channelEv @ 0x5f87d0
QHOVER: _ZNK11RC_Channels17get_pitch_channelEv @ 0x5f8840
QHOVER: _ZNK11RC_Channels15get_yaw_channelEv @ 0x5f88b0
QHOVER: _ZNK10RC_Channel14get_control_inEv @ 0xaa5650
QHOVER: _ZNK11RC_Channels20get_throttle_channelEv @ 0x5f8920
QHOVER: _ZN11RC_Channels23find_channel_for_optionEN10RC_Channel8AUX_FUNCE @ 0x5f8990
QHOVER: _ZN2AP5rcmapEv @ 0x5f8c10
QHOVER: _ZNK8RCMapper8throttleEv @ 0xaa5700
QHOVER: _ZNK11RC_Channels25get_rcmap_channel_nonnullEh @ 0x5f8c50
QHOVER: _ZN11RC_Channels10rc_channelEh @ 0xaa5760
QHOVER: _ZN8RCMapper13get_singletonEv @ 0xaa57c0
QHOVER: _ZNK8RCMapper3yawEv @ 0xaa5800
QHOVER: _ZNK8RCMapper5pitchEv @ 0xaa5860
QHOVER: _ZNK8RCMapper4rollEv @ 0xaa58c0
QHOVER: _ZNK11RC_Channels19flight_mode_channelEv @ 0x5f8ce0
QHOVER: _ZNK10RC_Channel11get_reverseEv @ 0x5f93b0
QHOVER: _ZNK5Plane21flight_option_enabledE13FlightOptions @ 0x5f9980
QHOVER: _ZNK10AP_Mission28get_in_landing_sequence_flagEv @ 0xaa5ca0
QHOVER: _ZNK10Tailsitter7enabledEv @ 0xaa5df0
QHOVER: _Z11is_positiveI9AP_ParamTIfL11ap_var_type4EEEbT_ @ 0xaa6080
QHOVER: _ZN11AP_Airspeed13get_singletonEv @ 0xaa64d0
QHOVER: _ZNK11AP_Airspeed7enabledEh @ 0x5faf70
QHOVER: _ZNK11AP_Airspeed3useEh @ 0x5fb030
QHOVER: _ZNK11AP_Airspeed7healthyEh @ 0x5fb160
QHOVER: _ZNK7AP_EnumIN18AP_Airspeed_Params11SkipCalTypeEEcvKS1_Ev @ 0xaa6510
QHOVER: _ZNK11AP_Airspeed11lib_enabledEv @ 0x5fb2e0
QHOVER: _ZN12SRV_Channels17get_output_scaledEN11SRV_Channel8FunctionE @ 0x5fb330
QHOVER: _ZNK10RC_Channel12get_radio_inEv @ 0xaa65a0
QHOVER: _ZN2AP5fenceEv @ 0x5fd3a0
QHOVER: _ZNK8AC_Fence7presentEv @ 0x5fd980
QHOVER: _ZNK8AC_Fence7enabledEv @ 0xaa66b0
QHOVER: _ZN15ExpandingStringD2Ev @ 0x5fdfc0
QHOVER: _ZNK19AC_PolyFence_loader17total_fence_countEv @ 0xaa6900
QHOVER: _ZNK7Vector2IfEmiERKS0_ @ 0xaa7030
QHOVER: _ZNK7Vector2IfEmlERKS0_ @ 0xaa72a0
QHOVER: _ZNK7Vector2IfEmlEf @ 0xaa7320
QHOVER: _ZN7Vector2IfEC2Eff @ 0xaa73a0
QHOVER: _ZNK8Location15get_distance_NEERKS_ @ 0x5ff000
QHOVER: _ZNK19AC_PolyFence_loader27get_exclusion_polygon_countEv @ 0xaa74d0
QHOVER: _ZNK19AC_PolyFence_loader27get_inclusion_polygon_countEv @ 0xaa7520
QHOVER: _ZNK19AC_PolyFence_loader26get_exclusion_circle_countEv @ 0xaa7570
QHOVER: _ZNK19AC_PolyFence_loader26get_inclusion_circle_countEv @ 0xaa75c0
QHOVER: _ZN8AC_Fence13get_singletonEv @ 0xaa7610
QHOVER: _ZN2AP10visualodomEv @ 0x5ff1c0
QHOVER: _ZNK13AP_VisualOdom7enabledEv @ 0x5ff330
QHOVER: _ZNK7AP_EnumIN13AP_VisualOdom15VisualOdom_TypeEEcvKS1_Ev @ 0xaa7650
QHOVER: _ZN13AP_VisualOdom13get_singletonEv @ 0xaa76a0
QHOVER: _ZN6AP_HAL6microsEv @ 0x5ff7a0
QHOVER: _ZN2AP5mountEv @ 0x5ff7e0
QHOVER: _ZN8AP_Mount13get_singletonEv @ 0xaa7720
QHOVER: _ZN2AP3osdEv @ 0x5ffa40
QHOVER: _ZN6AP_OSD13get_singletonEv @ 0xaa77c0
QHOVER: _ZN2AP9generatorEv @ 0x5ffd90
QHOVER: _ZN12AP_Generator13get_singletonEv @ 0x5fff50
QHOVER: _ZN2AP3canEv @ 0x5fff90
QHOVER: _ZNK13AP_CANManager15get_num_driversEv @ 0xaa78b0
QHOVER: _ZNK13AP_CANManager15get_driver_typeEh @ 0xaa7900
QHOVER: _ZN13AP_CANManager13get_singletonEv @ 0xaa7b90
QHOVER: _ZNK10AP_Terrain14get_statisticsERtS0_ @ 0x600a70
QHOVER: _ZNK10AP_Terrain10bitcount64Em @ 0x600c60
QHOVER: _ZNK11SRV_Channel12get_functionEv @ 0xaa7cd0
QHOVER: _ZNK11SRV_Channel14get_output_minEv @ 0xaa7d90
QHOVER: _ZNK11SRV_Channel14get_output_maxEv @ 0xaa7de0
QHOVER: _ZN11SRV_Channel13should_e_stopENS_8FunctionE @ 0x600d50
QHOVER: _ZN11RangeFinder13get_singletonEv @ 0xaa7e80
QHOVER: _ZNK9AP_Logger14logging_failedEv @ 0x601380
QHOVER: _ZN2AP7batteryEv @ 0x601500
QHOVER: _ZNK14AP_BattMonitor15configured_typeEh @ 0xaa7f70
QHOVER: _ZNK14AP_BattMonitor14allocated_typeEh @ 0xaa7fe0
QHOVER: _ZNK22AP_BattMonitor_Backend20check_failsafe_typesERbS0_S0_S0_ @ 0x601c30
QHOVER: _ZNK21AP_BattMonitor_Params23failsafe_voltage_sourceEv @ 0xaa80c0
QHOVER: _ZL3MAXIffEDTqugtfp_fp0_fp_fp0_ERKT_RKT0_.19313 @ 0x602040
QHOVER: _ZN14AP_BattMonitor13get_singletonEv @ 0xaa8120
QHOVER: _ZNK7Compass14is_calibratingEv @ 0x6020c0
QHOVER: _ZNK7Compass7healthyEv @ 0xaa81c0
QHOVER: _ZNK7Compass21learn_offsets_enabledEv @ 0xaa8220
QHOVER: _ZNK7Compass9get_fieldEv @ 0xaa8350
QHOVER: _ZNK7Compass10consistentEv @ 0x602480
QHOVER: _ZN14AP_Declination18get_earth_field_gaERK8Location @ 0x602720
QHOVER: _ZNK7Vector3IfEmlEf @ 0xaa83b0
QHOVER: _ZN14AP_Declination16get_mag_field_efEffRfS0_S0_ @ 0x6029c0
QHOVER: _ZL7radiansf.3485 @ 0x602fc0
QHOVER: _Z15constrain_int32iii @ 0xaa8450
QHOVER: _Z15constrain_valueIiET_S0_S0_S0_ @ 0xaa84c0
QHOVER: _ZN11AP_AHRS_DCM11use_compassEv @ 0x603130
QHOVER: _ZNK7AP_AHRS15get_fly_forwardEv @ 0xaa85b0
QHOVER: _ZNK11AP_AHRS_DCM8have_gpsEv @ 0x6032e0
QHOVER: _ZNK6AP_GPS12ground_speedEv @ 0xaa8610
QHOVER: _ZL7degreesf.2589 @ 0x603370
QHOVER: _ZNK6AP_GPS13ground_courseEv @ 0xaa8670
QHOVER: _Z8wrap_180IfET_S0_ @ 0xaa86d0
QHOVER: _Z8wrap_360f @ 0x6033c0
QHOVER: _ZNK6AP_GPS13ground_courseEh @ 0xaa8760
QHOVER: _ZNK6AP_GPS12ground_speedEh @ 0xaa87d0
QHOVER: _ZNK7AP_EnumI6GPSUseEcvKS0_Ev @ 0xaa8840
QHOVER: _ZNK12NavEKF2_core11use_compassEv @ 0x603440
QHOVER: _ZNK7Vector3IfE2xyEv @ 0xaa8890
QHOVER: _ZNK7Compass9get_countEv @ 0xaa88e0
QHOVER: _ZNK7Compass9get_fieldEh @ 0xaa8930
QHOVER: _ZNK7Vector2IfE7is_zeroEv @ 0xaa89b0
QHOVER: _ZNK7Vector3IfE5angleERKS0_ @ 0xaa8a40
QHOVER: _ZL7radiansf.3200 @ 0x6034e0
QHOVER: _ZNK7Vector2IfE5angleERKS0_ @ 0xaa8b50
QHOVER: _ZNK7Vector2IfE6lengthEv @ 0xaa8c70
QHOVER: _ZNK7Compass11get_offsetsEh @ 0xaa8cd0
QHOVER: _ZNK9AP_ParamVI7Vector3IfEL11ap_var_type5EEcvRKS1_Ev @ 0xaa8d50
QHOVER: _ZNK14typesafe_indexIh12TAG_PriorityEltERKh @ 0xaa8da0
QHOVER: _ZNK14typesafe_indexIh12TAG_PriorityEcvhEv @ 0xaa8e90
QHOVER: _ZNK14typesafe_indexIh12TAG_PriorityEplERKh @ 0xaa8ee0
QHOVER: _ZN14typesafe_indexIh12TAG_PriorityEppEi @ 0xaa8fe0
QHOVER: _ZN19RestrictIDTypeArrayIN7Compass9mag_stateELj4E14typesafe_indexIh14TAG_StateIndexEEixERKS4_ @ 0xaa9050
QHOVER: _ZNK19RestrictIDTypeArrayIP17CompassCalibratorLj3E14typesafe_indexIh12TAG_PriorityEEixERKS4_ @ 0xaa9190
QHOVER: _ZN5Plane9is_flyingEv @ 0x603ec0
QHOVER: _ZNK9AP_Arming14option_enabledENS_6OptionE @ 0xaa9340
QHOVER: _ZN15AP_Arming_Plane17update_soft_armedEv @ 0x604400
QHOVER: _ZNK9AP_Arming8is_armedEv @ 0x604840
QHOVER: _ZN9AP_Logger17set_vehicle_armedEb @ 0x6048c0
QHOVER: _ZNK9AP_Arming22get_rudder_arming_typeEv @ 0xaa9420
QHOVER: _ZN8AC_Fence12clear_breachEh @ 0x605180
QHOVER: _ZN9AP_Logger18WriteCriticalBlockEPKvt @ 0x6051f0
QHOVER: _ZNK9AP_Arming23is_armed_and_safety_offEv @ 0x6052a0
QHOVER: _ZNK9QuadPlane14is_flying_vtolEv @ 0x605330
QHOVER: _ZNK9QuadPlane12in_vtol_modeEv @ 0x6054d0
QHOVER: _ZNK9QuadPlane15PosControlState9get_stateEv @ 0xaa9650
QHOVER: _ZNK9QuadPlane12in_vtol_autoEv @ 0x605750
QHOVER: _ZNK10AP_Mission19get_current_nav_cmdEv @ 0xaa96a0
QHOVER: _ZNK9QuadPlane20in_vtol_land_descentEv @ 0x605cb0
QHOVER: _ZN5Plane18update_current_locEv @ 0x6064e0
QHOVER: _ZNK7AP_AHRS11get_yaw_degEv @ 0xaa9840
QHOVER: _ZNK7AP_AHRS28get_relative_position_D_homeERf @ 0x6066f0
QHOVER: _ZNK7AP_Baro12get_altitudeEv @ 0xaa9890
QHOVER: _ZNK7AP_AHRS30get_relative_position_D_originERd @ 0x606890
QHOVER: _ZNK7AP_AHRS11_get_originER8Location @ 0x6069d0
QHOVER: _ZNK7AP_AHRS11_get_originENS_7EKFTypeER8Location @ 0x606ab0
QHOVER: _ZNK7NavEKF312getOriginLLHER8Location @ 0x606d80
QHOVER: _ZNK8Location11initialisedEv @ 0xaa98f0
QHOVER: _ZNK12NavEKF3_core12getOriginLLHER8Location @ 0x607060
QHOVER: _ZNK12NavEKF2_core12getOriginLLHER8Location @ 0x607150
QHOVER: _ZNK8Location7is_zeroEv @ 0x607230
QHOVER: _ZNK7NavEKF37getPosDERd @ 0x6073f0
QHOVER: _ZNK7Vector3IfE8todoubleEv @ 0xaa9980
QHOVER: _ZN7Vector3IdEmLEd @ 0xaa9a00
QHOVER: _ZN8Location13offset_latlngERiS0_dd @ 0x6078c0
QHOVER: _ZN8Location15limit_lattitudeEi @ 0x6079c0
QHOVER: _ZN8Location14wrap_longitudeEl @ 0x607a60
QHOVER: _ZN7Vector3IdEC2Eddd @ 0xaa9a90
QHOVER: _ZNK12NavEKF3_core7getPosDERd @ 0x607b00
QHOVER: _ZNK12NavEKF3_core13getPosD_localERd @ 0x607bd0
QHOVER: _ZNK12NavEKF2_core7getPosDERd @ 0x607c60
QHOVER: _ZN7Vector3IdEC2Ev @ 0xaa9b20
QHOVER: _ZNK11AP_AHRS_DCM12get_locationER8Location @ 0x607e50
QHOVER: _ZN8Location6offsetEdd @ 0x608180
QHOVER: _ZNK6AP_GPS7get_lagERf @ 0xaa9b80
QHOVER: _ZNK6AP_GPS7get_lagEhRf @ 0x608210
QHOVER: _ZNK11GCS_MAVLINK12is_streamingEv @ 0xaa9d10
QHOVER: _ZNK7BitmaskILt91EE8validateEt @ 0xaa9e30
QHOVER: _ZNK7AP_AHRS10get_originER8Location @ 0x6092e0
QHOVER: _ZNK8Location10get_alt_cmENS_8AltFrameERi @ 0x609450
QHOVER: _ZN9AP_Logger10WriteBlockEPKvt @ 0x609790
QHOVER: _ZN17AP_Logger_Backend10WriteBlockEPKvt @ 0xaa9ec0
QHOVER: _ZNK8Location13get_alt_frameEv @ 0x609840
QHOVER: _ZN2AP7terrainEv @ 0x609920
QHOVER: _ZN10AP_Terrain11height_amslERK8LocationRfb @ 0x609960
QHOVER: _ZN10AP_Terrain8allocateEv @ 0x609da0
QHOVER: _ZNK10AP_Terrain19calculate_grid_infoERK8LocationRNS_9grid_infoE @ 0x609ec0
QHOVER: _ZN10AP_Terrain15find_grid_cacheERKNS_9grid_infoE @ 0x60a330
QHOVER: _ZN10AP_Terrain12check_bitmapERKNS_10grid_blockEhh @ 0x60a640
QHOVER: _ZN10AP_Terrain11grid_bitnumEhh @ 0x60a700
QHOVER: _ZNK10AP_DAL_GPS8locationEv @ 0xaaa000
QHOVER: _ZNK10AP_DAL_GPS8locationEh @ 0xaaa060
QHOVER: _ZN6AP_DAL9end_frameEv @ 0x60b020
QHOVER: _ZN6AP_DAL15WriteLogMessageE11LogMessagesPvPKvh @ 0x60b0a0
QHOVER: _ZN9AP_Logger16WriteReplayBlockEhPKvt @ 0x60b1c0
QHOVER: _ZNK9AP_Logger10log_replayEv @ 0xaaa0d0
QHOVER: _ZNK11AP_Airspeed7healthyEv @ 0xaaa190
QHOVER: _ZNK7AP_Baro15get_temperatureEh @ 0xaaa270
QHOVER: _ZN11AP_Airspeed15get_temperatureEhRf @ 0x60b8a0
QHOVER: _ZNK7AP_AHRS17get_filter_statusER17nav_filter_status @ 0x60bc90
QHOVER: _ZNK7AP_AHRS16get_velocity_NEDER7Vector3IfE @ 0x60bdc0
QHOVER: _ZN10AP_Terrain23update_reference_offsetEv @ 0x60be40
QHOVER: _ZNK9AP_ParamTIfL11ap_var_type4EEngEv @ 0xaaa340
QHOVER: _ZNK7NavEKF315getFilterStatusER17nav_filter_status @ 0x60c130
QHOVER: _ZNK15AP_ExternalAHRS17get_filter_statusER17nav_filter_status @ 0x60c420
QHOVER: _ZNK12NavEKF3_core15getFilterStatusER17nav_filter_status @ 0x60c5b0
QHOVER: _ZNK12NavEKF2_core15getFilterStatusER17nav_filter_status @ 0x60c620
QHOVER: _ZNK9AP_Arming18get_enabled_checksEv @ 0x60c690
QHOVER: _ZN7HALSITL9Semaphore4takeEj @ 0x60c7f0
QHOVER: _ZN7HALSITL9Semaphore16take_nonblockingEv @ 0x60c990
QHOVER: _ZN6AP_HAL9Semaphore13take_blockingEv @ 0xaaab70
QHOVER: _ZN7HALSITL9Semaphore4giveEv @ 0x60ca20
QHOVER: _ZN4SITL6AS56006updateERKNS_8AircraftE @ 0x60de50
QHOVER: _ZNK4SITL8Aircraft12get_attitudeER11QuaternionTIfE @ 0xaaba10
QHOVER: _ZL7degreesf.21535 @ 0x60e220
QHOVER: _ZN4SITL17I2CRegisters_8Bit12set_registerEhh @ 0x60e280
QHOVER: _ZN4SITL9I2CDevice6updateERKNS_8AircraftE @ 0xaabc00
QHOVER: _ZN4SITL13TeraRangerI2C6updateERKNS_8AircraftE @ 0xaabda0
QHOVER: _ZNK4SITL8Aircraft17rangefinder_rangeEv @ 0x60e940
QHOVER: _Z10rand_floatv @ 0x60ec20
QHOVER: _ZN4SITL7INA32216updateERKNS_8AircraftE @ 0x60ef00
QHOVER: _ZL15convert_voltagef @ 0x60f380
QHOVER: _ZL15convert_currentf @ 0x60f450
QHOVER: _ZN4SITL8QMC5883L6updateERKNS_8AircraftE @ 0x60f6b0
QHOVER: _ZN7Vector3IfE14rotate_inverseE8Rotation @ 0xaabe10
QHOVER: _ZL7htole16t.15963 @ 0x60fac0
QHOVER: _ZN7Vector3IsEC2Esss @ 0xaabfc0
QHOVER: _ZN4SITL10IS31FL31956updateERKNS_8AircraftE @ 0x60fd30
QHOVER: _ZN4SITL17I2CRegisters_8Bit12get_registerEh @ 0xaac160
QHOVER: _ZN10SIM_RGBLED11set_coloursEhhh @ 0xaac1c0
QHOVER: _ZN4SITL6LM27556updateERKNS_8AircraftE @ 0x610a10
QHOVER: _ZNK4SITL6LM275510LEDChannel13current_valueEv @ 0xaac3d0
QHOVER: _ZN4SITL6LP55626updateERKNS_8AircraftE @ 0x610fc0
QHOVER: _ZN4SITL6LP556210LEDChannel6updateEv @ 0x6112d0
QHOVER: _ZNK4SITL6LP556210LEDChannel13current_valueEv @ 0xaac650
QHOVER: _ZN4SITL6MS5XXX6updateERKNS_8AircraftE @ 0x6113b0
QHOVER: _ZN7AP_Baro37get_pressure_temperature_for_alt_amslEfRfS0_ @ 0x612360
QHOVER: _ZN7AP_Baro29geometric_alt_to_geopotentialEf @ 0x612540
QHOVER: _ZL33find_atmosphere_layer_by_altitudef @ 0x6125a0
QHOVER: _ZN7AP_Baro33get_temperature_by_altitude_layerEfa @ 0x612650
QHOVER: _ZN7AP_Baro29get_temperatureC_for_alt_amslEf @ 0x6131d0
QHOVER: _ZN4SITL12InvensenseV36updateERKNS_8AircraftE @ 0x613240
QHOVER: _ZNK4SITL8ICM4060911accel_scaleEv @ 0xaacba0
QHOVER: _ZL7radiansd.15405 @ 0x613d00
QHOVER: _ZNK4SITL12InvensenseV310gyro_scaleEv @ 0xaacbf0
QHOVER: _ZN4SITL12InvensenseV313write_to_fifoEhPhh @ 0x613d50
QHOVER: _ZN4SITL7MCP96006updateERKNS_8AircraftE @ 0x6142b0
QHOVER: _ZL7htobe16t.15309 @ 0x614880
QHOVER: _ZL10__bswap_16t.15311 @ 0x6148d0
QHOVER: _ZNK4SITL31I2CRegisters_ConfigurableLength13get_reg_valueEhRh @ 0x614940
QHOVER: _ZN4SITL6TSYS036updateERKNS_8AircraftE @ 0x614d90
QHOVER: _ZN4SITL6TSYS016updateERKNS_8AircraftE @ 0x6157e0
QHOVER: _ZN4SITL5SHT3x6updateERKNS_8AircraftE @ 0x616410
QHOVER: _ZN4SITL13Airspeed_DLVR6updateERKNS_8AircraftE @ 0x616c90
QHOVER: _ZN4SITL29SIM_BattMonitor_SMBus_Generic6updateERKNS_8AircraftE @ 0x617770
QHOVER: _ZNK4SITL29SIM_BattMonitor_SMBus_Generic15connected_cellsEv @ 0xaad4e0
QHOVER: _ZN4SITL21SIM_BattMonitor_SMBus6updateERKNS_8AircraftE @ 0x617fd0
QHOVER: _ZNK4SITL8Aircraft19get_battery_voltageEv @ 0xaad530
QHOVER: _ZN4SITL11SMBusDevice12set_registerEht @ 0xaad580
QHOVER: _ZN4SITL18I2CRegisters_16Bit12set_registerEht @ 0x6180e0
QHOVER: _ZN4SITL11SMBusDevice12set_registerEhs @ 0xaad600
QHOVER: _ZN4SITL18I2CRegisters_16Bit12set_registerEhs @ 0x618190
QHOVER: _ZN4SITL6Rotoye6updateERKNS_8AircraftE @ 0x618430
QHOVER: _ZN4SITL11SMBusDevice13get_reg_valueEh @ 0xaad8b0
QHOVER: _ZN4SITL18I2CRegisters_16Bit13get_reg_valueEh @ 0xaad920
QHOVER: _ZL7be16toht.21586 @ 0x618500
QHOVER: _ZL10__bswap_16t.21587 @ 0x618550
QHOVER: _ZNK4SITL6Maxell15connected_cellsEv @ 0xaad9e0
QHOVER: _ZN4SITL13MaxSonarI2CXL6updateERKNS_8AircraftE @ 0xaadb20
QHOVER: _ZN4SITL10ToshibaLED6updateERKNS_8AircraftE @ 0x618810
QHOVER: _ZNK6AP_HAL3HAL6serialEh @ 0xaae560
QHOVER: _ZL14fill_stack_nanv @ 0x6192d0
QHOVER: _ZN7HALSITL9Scheduler13_run_io_procsEv @ 0x619650
QHOVER: _ZNK7FunctorIvJEEcvbEv @ 0xaae670
QHOVER: _ZNK7FunctorIvJEEclEv @ 0xaae6d0
QHOVER: _ZN7HALSITL16I2CDeviceManager11_timer_tickEv @ 0x619860
QHOVER: _ZN2AP2RCEv @ 0x619900
QHOVER: _ZN13AP_RCProtocol6updateEv @ 0x6199b0
QHOVER: _ZN13AP_RCProtocol16check_added_uartEv @ 0x619a00
QHOVER: _ZNK13AP_RCProtocol13should_searchEj @ 0x619c70
QHOVER: _ZN21AP_RCProtocol_Backend9new_inputEv @ 0x61a3b0
QHOVER: _ZNK17AP_RCProtocol_FDM6activeEv @ 0xaae970
QHOVER: _ZN6I2CBus11_timer_tickEv @ 0x61a5c0
QHOVER: _ZN9AP_Logger6WriteVEPKcS1_S1_S1_S1_P13__va_list_tagbb @ 0x61a6f0
QHOVER: _ZN9AP_Logger16msg_fmt_for_nameEPKcS1_S1_S1_S1_bb @ 0x61a8f0
QHOVER: _ZN17AP_Logger_Backend5WriteEhP13__va_list_tagbb @ 0x61b1e0
QHOVER: _ZNK9AP_Logger24assert_same_fmt_for_nameEPKNS_13log_write_fmtEPKcS4_S4_S4_S4_ @ 0x61bd60
QHOVER: _ZN3GCS14update_receiveEv @ 0x61d0d0
QHOVER: _ZN3GCS11update_sendEv @ 0x61d180
QHOVER: _ZN19MissionItemProtocol6updateEv @ 0x61d4c0
QHOVER: _ZN11GCS_MAVLINK11update_sendEv @ 0x61d690
QHOVER: _ZN3GCS18service_statustextEv @ 0x61da70
QHOVER: _ZN3GCS15StatusTextQueue9semaphoreEv @ 0xaaebd0
QHOVER: _ZNK11ObjectArrayIN3GCS12statustext_tEE8is_emptyEv @ 0xaaec20
QHOVER: _ZN11GCS_MAVLINK18service_statustextEv @ 0x61dbe0
QHOVER: _ZN3GCS15StatusTextQueue5pruneEv @ 0x61de20
QHOVER: _ZNK11ObjectArrayIN3GCS12statustext_tEE9availableEv @ 0xaaec80
QHOVER: _ZN11ObjectArrayIN3GCS12statustext_tEEixEt @ 0xaaecd0
QHOVER: _ZN11ObjectArrayIN3GCS12statustext_tEE6removeEt @ 0xaaed70
QHOVER: _ZN11ObjectArrayIN3GCS12statustext_tEE3popEv @ 0xaaeec0
QHOVER: _ZN3GCS16statustext_queueEv @ 0xaaef70
QHOVER: _Z14comm_chan_lock17mavlink_channel_t @ 0x61df50
QHOVER: _ZL27mavlink_msg_statustext_send17mavlink_channel_thPKcth @ 0x61dfb0
QHOVER: _ZL16mav_array_memcpyPvPKvm.7264 @ 0x61e090
QHOVER: _ZN9AP_Logger15handle_log_sendEv @ 0x61e130
QHOVER: _ZN22GCS_MAVLINK_InProgress11check_tasksEv @ 0x61e800
QHOVER: _ZNK3GCS11out_of_timeEv @ 0x61e9f0
QHOVER: _ZN11GCS_MAVLINK30deferred_message_to_send_indexEt @ 0x61ead0
QHOVER: _ZN11GCS_MAVLINK19do_try_send_messageE10ap_message @ 0x61ecb0
QHOVER: _ZNK7BitmaskILt91EE9first_setEv @ 0xaaefc0
QHOVER: _ZN7BitmaskILt91EE5clearEt @ 0xaaf090
QHOVER: _ZN11GCS_MAVLINK36next_deferred_bucket_message_to_sendEt @ 0x61ede0
QHOVER: _ZNK7BitmaskILt91EE5countEv @ 0xaaf150
QHOVER: _ZNK11GCS_MAVLINK26get_reschedule_interval_msERKNS_25deferred_message_bucket_tE @ 0x61ef10
QHOVER: _ZN11GCS_MAVLINK24find_next_bucket_to_sendEt @ 0x61f010
QHOVER: _ZN7BitmaskILt91EEaSERKS0_ @ 0xaaf220
QHOVER: _ZNK11GCS_MAVLINK24requesting_mission_itemsEv @ 0x61f1e0
QHOVER: _ZN7GCS_FTP16get_last_send_msE17mavlink_channel_t @ 0x61f2d0
QHOVER: _ZNK11GCS_MAVLINK17telemetry_delayedEv @ 0x61f470
QHOVER: _ZNK3GCS11telem_delayEv @ 0xaaf360
QHOVER: _ZN14AP_BoardConfig15in_config_errorEv @ 0xaaf3c0
QHOVER: _ZNK12AP_Scheduler19time_available_usecEv @ 0x61f540
QHOVER: _ZN2AP2FSEv @ 0x61f7c0
QHOVER: _ZN19AP_Filesystem_Posix5writeEiPKvj @ 0x61fb60
QHOVER: _ZN21AP_Filesystem_Backend17bytes_until_fsyncEi @ 0xaaf400
QHOVER: _ZN19AP_Filesystem_Posix9disk_freeEPKc @ 0x620350
QHOVER: _ZNK21AP_Filesystem_Backend15file_op_allowedEv @ 0x620a80
QHOVER: _ZL12map_filenamePKc @ 0x620b20
QHOVER: _ZL17map_filename_freePKc @ 0x620bc0
QHOVER: _Z16comm_get_txspace17mavlink_channel_t @ 0x620d10
QHOVER: _ZL28mavlink_msg_command_ack_send17mavlink_channel_tthhihh @ 0x620da0
QHOVER: _ZN11GCS_MAVLINK23set_ap_message_intervalE10ap_messaget @ 0x621210
QHOVER: _ZNK11GCS_MAVLINK20cap_message_intervalEt @ 0x621630
QHOVER: _ZNK11GCS_MAVLINK26get_deferred_message_indexE10ap_message @ 0x621700
QHOVER: _ZNK7BitmaskILt91EE3getEt @ 0xaaf640
QHOVER: _ZN12AP_Scheduler18get_loop_period_usEv @ 0xaaf710
QHOVER: _ZdaPv @ 0x6219f0
QHOVER: _ZN13AP_Filesystem4openEPKcib @ 0x621a50
QHOVER: _ZN13AP_Filesystem5closeEi @ 0x621f00
QHOVER: _ZNK13AP_Filesystem13backend_by_fdERi @ 0x621f80
QHOVER: _ZNK13AP_Filesystem15backend_by_pathERPKc @ 0x622050
QHOVER: _ZN11GCS_MAVLINK39initialise_message_intervals_for_streamENS_7streamsE @ 0x622340
QHOVER: _ZNK11GCS_MAVLINK23get_interval_for_streamENS_7streamsE @ 0x622540
QHOVER: _ZNK11GCS_MAVLINK8get_chanEv @ 0xaaf7b0
QHOVER: _ZN19AC_PolyFence_loader13check_indexedEv @ 0x6256b0
QHOVER: _Z11is_negativeIfEbT_ @ 0xab0490
QHOVER: _ZN11GCS_MAVLINK14update_receiveEj @ 0x62ae30
QHOVER: _ZN3GCS15update_passthruEv @ 0x62b300
QHOVER: _ZN16AP_SerialManager12get_passthruERPN6AP_HAL10UARTDriverES3_RhRjS5_ @ 0x62b830
QHOVER: _ZN6AP_HAL10UARTDriver11read_lockedEPhmj @ 0x62c2b0
QHOVER: _ZNK11GCS_MAVLINK6lockedEv @ 0xab0780
QHOVER: _ZNK7FunctorIbJhPN6AP_HAL10UARTDriverEEEcvbEv @ 0xab07e0
QHOVER: _ZN11GCS_MAVLINK14channel_bufferEv @ 0xab08c0
QHOVER: mavlink_frame_char_buffer @ 0x62c990
QHOVER: _ZN12AP_Scripting14handle_messageERK17__mavlink_message17mavlink_channel_t @ 0x62d230
QHOVER: _ZN11GCS_MAVLINK13send_timesyncEv @ 0x62d420
QHOVER: _ZN11GCS_MAVLINK17log_mavlink_statsEv @ 0x62d490
QHOVER: _ZNK11GCS_MAVLINK15signing_enabledEv @ 0x62d610
QHOVER: _ZNK11GCS_MAVLINK21timesync_timestamp_nsEv @ 0x62d6b0
QHOVER: _ZL25mavlink_msg_timesync_send17mavlink_channel_tll @ 0x62d710
QHOVER: mavlink_start_checksum @ 0x62d7b0
QHOVER: mavlink_update_checksum @ 0x62d810
QHOVER: _Z9fill_nanfPft @ 0x62e250
QHOVER: _ZN10ByteBuffer7advanceEj @ 0x6312e0
QHOVER: _ZN5Empty11OpticalFlow9push_gyroEfff @ 0xab1790
QHOVER: _ZN5Empty11OpticalFlow14push_gyro_biasEff @ 0xab1800
QHOVER: _ZN6AP_HAL4Util14set_soft_armedEb @ 0x631e00
QHOVER: _ZNK7HALSITL4Util18was_watchdog_resetEv @ 0xab1ad0
QHOVER: _ZN7HALSITL4Util19safety_switch_stateEv @ 0x631f90
QHOVER: _ZN7HALSITL4Util16available_memoryEv @ 0xab1fc0
QHOVER: _ZN7HALSITL4Util8uart_logEv @ 0x632570
QHOVER: _ZN6AP_HAL4Util14log_stack_infoEv @ 0xab2360
QHOVER: _ZN6AP_HAL10UARTDriver9log_statsEhRNS0_12StatsTrackerEj @ 0x632740
QHOVER: _ZN6AP_HAL10UARTDriver12StatsTracker11ByteTracker6updateEj @ 0x6328e0
QHOVER: _ZN7HALSITL8RCOutput20_safety_switch_stateEv @ 0xab2400
QHOVER: _ZN6AP_HAL10UARTDriver5writeEPKhm @ 0x634e10
QHOVER: _ZN6AP_HAL10UARTDriver9availableEv @ 0x634f50
QHOVER: _ZN6AP_HAL10UARTDriver4readEv @ 0x634fd0
QHOVER: _ZN6AP_HAL10UARTDriver4readERh @ 0x635050
QHOVER: _ZN6AP_HAL10UARTDriver4readEPht @ 0x635150
QHOVER: _ZN7HALSITL10UARTDriver7txspaceEv @ 0x6351c0
QHOVER: _ZN7HALSITL10UARTDriver11_timer_tickEv @ 0x635540
QHOVER: _ZN7HALSITL10UARTDriver26receive_time_constraint_usEt @ 0x6355a0
QHOVER: _ZN7HALSITL10UARTDriver6_writeEPKhm @ 0x636270
QHOVER: _ZN7HALSITL10UARTDriver5_readEPht @ 0x636440
QHOVER: _ZN7HALSITL10UARTDriver10_availableEv @ 0x636630
QHOVER: _ZNK7HALSITL10UARTDriver18get_total_tx_bytesEv @ 0xab4b90
QHOVER: _ZNK7HALSITL10UARTDriver18get_total_rx_bytesEv @ 0xab4be0
QHOVER: _ZNK6AP_HAL10UARTDriver26get_total_dropped_rx_bytesEv @ 0xab4c30
QHOVER: _ZN7HALSITL10UARTDriver17_check_connectionEv @ 0x636720
QHOVER: _ZN7HALSITL10UARTDriver13_select_checkEi @ 0x636860
QHOVER: _ZN10ByteBuffer4readEPhj @ 0x636a70
QHOVER: _ZN7HALSITL10UARTDriver41handle_writing_from_writebuffer_to_deviceEv @ 0x636b10
QHOVER: _ZN7HALSITL10UARTDriver16_check_reconnectEv @ 0x636ec0
QHOVER: _ZL3MINIjjEDTqultfp_fp0_fp_fp0_ERKT_RKT0_.14591 @ 0x6372c0
QHOVER: _ZNK4SITL12SerialDevice15write_to_deviceEPKcm @ 0x637340
QHOVER: _ZNK4SITL12SerialDevice18write_to_autopilotEPKcm @ 0x63a6a0
QHOVER: _ZNK4SITL12SerialDevice13is_match_baudEv @ 0x63a760
QHOVER: _ZNK4SITL3GPS18write_to_autopilotEPKcm @ 0x63a890
QHOVER: _ZNK4SITL3GPS11device_baudEv @ 0x63aab0
QHOVER: _Z8wrap_180IdET_S0_ @ 0xab6220
QHOVER: _Z8wrap_360d @ 0x63d940
QHOVER: _ZNK4SITL12SerialDevice19read_from_autopilotEPcm @ 0x63d9e0
QHOVER: _ZN4SITL8Aircraft11rand_normalEdd @ 0x640920
QHOVER: _Z7is_zerod @ 0xab8350
QHOVER: _ZN7HALSITL10UARTDriver40handle_reading_from_device_to_readbufferEv @ 0x6432d0
QHOVER: _ZNK4SITL12SerialDevice16read_from_deviceEPcm @ 0x643760
QHOVER: _ZN7HALSITL8AnalogIn13board_voltageEv @ 0xab9860
QHOVER: _ZN6AP_HAL8AnalogIn17servorail_voltageEv @ 0xab98b0
QHOVER: _ZN6AP_HAL8AnalogIn18power_status_flagsEv @ 0xab9900
QHOVER: _ZN7HALSITL9ADCSource7set_pinEh @ 0x6443a0
QHOVER: _ZN7HALSITL9ADCSource15voltage_averageEv @ 0x644420
QHOVER: _ZN7HALSITL9ADCSource14voltage_latestEv @ 0x644470
QHOVER: _ZN7HALSITL9ADCSource27voltage_average_ratiometricEv @ 0xab9a00
QHOVER: _ZN7HALSITL4GPIO13usb_connectedEv @ 0x644bd0
QHOVER: _ZN7HALSITL8RCOutput9enable_chEh @ 0x644fd0
QHOVER: _ZN7HALSITL8RCOutput10disable_chEh @ 0x645060
QHOVER: _ZN7HALSITL8RCOutput5writeEht @ 0x6450f0
QHOVER: _ZN6AP_HAL8RCOutput20update_channel_masksEv @ 0xaba2e0
QHOVER: _ZN7HALSITL8RCOutput4corkEv @ 0x645220
QHOVER: _ZN7HALSITL8RCOutput4pushEv @ 0x6452b0
QHOVER: _ZN7HALSITL8RCOutput4readEh @ 0x6453e0
QHOVER: _ZN7HALSITL8RCOutput4readEPth @ 0x645470
QHOVER: _ZN6AP_HAL8RCOutput16set_default_rateEt @ 0xabab80
QHOVER: _ZN17AP_ESC_Telem_SITL6updateEv @ 0x645890
QHOVER: _ZL3MAXIffEDTqugtfp_fp0_fp_fp0_ERKT_RKT0_.21054 @ 0x645a60
QHOVER: _ZN20AP_ESC_Telem_Backend10update_rpmEhff @ 0x645ae0
QHOVER: _ZN20AP_ESC_Telem_Backend17update_telem_dataEhRKNS_13TelemetryDataEt @ 0x645b70
QHOVER: _ZN12AP_ESC_Telem17update_telem_dataEhRKN20AP_ESC_Telem_Backend13TelemetryDataEt @ 0x645c00
QHOVER: _ZN12AP_ESC_Telem10update_rpmEhff @ 0x645ee0
QHOVER: _ZL3MAXIjjEDTqugtfp_fp0_fp_fp0_ERKT_RKT0_.10617 @ 0x646040
QHOVER: _Z16constrain_uint32jjj @ 0xabb0b0
QHOVER: _Z15constrain_valueIjET_S0_S0_S0_ @ 0xabb120
QHOVER: _ZN7HALSITL7RCInput9new_inputEv @ 0x6461d0
QHOVER: _ZN7HALSITL7RCInput12num_channelsEv @ 0x646230
QHOVER: _ZN7HALSITL7RCInput4readEh @ 0x646290
QHOVER: _ZN13AP_RCProtocol4readEh @ 0x646540
QHOVER: _ZN21AP_RCProtocol_Backend4readEh @ 0x6465d0
QHOVER: _ZN13AP_RCProtocol12num_channelsEv @ 0x646630
QHOVER: _ZNK21AP_RCProtocol_Backend12num_channelsEv @ 0x6466b0
QHOVER: _ZN13AP_RCProtocol9new_inputEv @ 0x646700
QHOVER: _ZN13AP_RCProtocol21detect_async_protocolENS_12rcprotocol_tE @ 0x6468c0
QHOVER: _ZNK13AP_RCProtocol10using_uartEv @ 0xabb6b0
QHOVER: _ZN17AP_RCProtocol_FDM6updateEv @ 0x647510
QHOVER: _ZN21AP_RCProtocol_Backend9add_inputEhPtbss @ 0x6476f0
QHOVER: _ZL3MINIhiEDTqultfp_fp0_fp_fp0_ERKT_RKT0_.20689 @ 0x647850
QHOVER: _ZN13AP_RCProtocol19set_failsafe_activeEb @ 0xabc080
QHOVER: _ZN21AP_RCProtocol_Backend6updateEv @ 0xabc190
QHOVER: _ZN17AP_RCProtocol_UDP6updateEv @ 0x6478d0
QHOVER: _ZN17AP_RCProtocol_UDP21read_all_socket_inputEv @ 0x647b30
QHOVER: _ZN16SocketAPM_native4recvEPvmj @ 0x647dd0
QHOVER: _ZN16SocketAPM_native6pollinEj @ 0x648000
QHOVER: _ZNK16SocketAPM_native11get_read_fdEv @ 0xabc2c0
QHOVER: _ZN18AP_RCProtocol_GHST6updateEv @ 0x648860
QHOVER: _ZNK12NavEKF3_core12getVariancesERfS0_S0_R7Vector3IfES0_R7Vector2IfE @ 0x64a970
QHOVER: _ZL3MAXIddEDTqugtfp_fp0_fp_fp0_ERKT_RKT0_.5309 @ 0x64ab70
QHOVER: _ZNK7Vector2IdE7tofloatEv @ 0xabc9f0
QHOVER: _ZNK12NavEKF2_core12getVariancesERfS0_S0_R7Vector3IfES0_R7Vector2IfE @ 0x64abf0
QHOVER: _ZL3MAXIddEDTqugtfp_fp0_fp_fp0_ERKT_RKT0_.4705 @ 0x64adf0
QHOVER: _ZN3GCS23get_sensor_status_flagsERjS0_S0_ @ 0x64aee0
QHOVER: _ZN3GCS26update_sensor_status_flagsEv @ 0x64afa0
QHOVER: _ZNK7AP_AHRS11initialisedEv @ 0x64b760
QHOVER: _ZNK7AP_AHRS17have_inertial_navEv @ 0x64b890
QHOVER: _ZNK7AP_Baro13num_instancesEv @ 0xabca50
QHOVER: _ZNK6AP_GPS10is_healthyEv @ 0xabcaa0
QHOVER: _ZNK14AP_BattMonitor13num_instancesEv @ 0xabcb00
QHOVER: _ZNK14AP_BattMonitor7healthyEv @ 0x64b8f0
QHOVER: _ZNK14AP_BattMonitor13has_failsafedEv @ 0xabcb50
QHOVER: _ZNK17AP_InertialSensor11calibratingEv @ 0x64b9e0
QHOVER: _ZNK9AP_Logger15logging_enabledEv @ 0x64bab0
QHOVER: _ZNK6AP_GPS15logging_presentEv @ 0xabcbb0
QHOVER: _ZNK6AP_GPS15logging_enabledEv @ 0xabcc20
QHOVER: _ZNK6AP_GPS14logging_failedEv @ 0x64bb80
QHOVER: _ZNK7AP_AHRS12get_ekf_typeEv @ 0xabcc90
QHOVER: _ZNK8AC_Fence18sys_status_enabledEv @ 0x64bc60
QHOVER: _ZNK8AC_Fence18sys_status_presentEv @ 0x64bd00
QHOVER: _ZNK8AC_Fence17sys_status_failedEv @ 0x64bd60
QHOVER: _ZNK11AP_Airspeed7enabledEv @ 0xabccf0
QHOVER: _ZNK11AP_Airspeed3useEv @ 0xabcd50
QHOVER: _ZNK7AP_AHRS23airspeed_sensor_enabledEv @ 0xabcdb0
QHOVER: _ZNK11AP_Airspeed11all_healthyEv @ 0x64bdf0
QHOVER: _ZN2AP11opticalflowEv @ 0x64beb0
QHOVER: _ZNK14AP_OpticalFlow7enabledEv @ 0xabce00
QHOVER: _ZNK14AP_OpticalFlow7healthyEv @ 0xabce70
QHOVER: _ZN2AP6armingEv @ 0x64bef0
QHOVER: _ZNK11RC_Channels22has_ever_seen_rc_inputEv @ 0xabcef0
QHOVER: _ZN9AP_Arming13get_singletonEv @ 0x64bf30
QHOVER: _ZNK7AP_EnumIN14AP_OpticalFlow4TypeEEcvKS1_Ev @ 0xabcf50
QHOVER: _ZN14AP_OpticalFlow13get_singletonEv @ 0xabcfa0
QHOVER: _ZN15AP_AHRS_Backend23airspeed_sensor_enabledEv @ 0xabcfe0
QHOVER: _ZN2AP8airspeedEv @ 0x64bf70
QHOVER: _ZNK8AC_Fence12get_breachesEv @ 0xabd070
QHOVER: _ZNK7AP_EnumIN8AC_Fence6ActionEEcvKS1_Ev @ 0xabd0c0
QHOVER: _ZNK14AP_BattMonitor7healthyEh @ 0x64c030
QHOVER: _ZNK6AP_GPS8num_satsEv @ 0xabd2d0
QHOVER: _ZNK6AP_GPS8num_satsEh @ 0xabd3b0
QHOVER: _ZNK14AP_BattMonitor12current_ampsERfh @ 0x64cf20
QHOVER: _ZNK14AP_BattMonitor12consumed_mahERfh @ 0x64d010
QHOVER: _ZN9AP_Logger14WriteStreamingEPKcS1_S1_z @ 0x64dd30
QHOVER: _ZN22AP_RCProtocol_DroneCAN6updateEv @ 0x64df90
QHOVER: _ZNK16AP_SerialManager11find_serialENS_14SerialProtocolEh @ 0x64f380
QHOVER: _ZN9AP_Notify6updateEv @ 0x6525f0
QHOVER: _ZN2AP3srvEv @ 0x652790
QHOVER: _ZN12SRV_Channels4corkEv @ 0x6527d0
QHOVER: _ZN12SRV_Channels4pushEv @ 0x652830
QHOVER: _ZN16AP_Volz_Protocol6updateEv @ 0x6529e0
QHOVER: _ZN10AP_SBusOut6updateEv @ 0x652cb0
QHOVER: _ZN15AP_RobotisServo6updateEv @ 0x652e30
QHOVER: _ZN16AP_FETtecOneWire6updateEv @ 0x6530a0
QHOVER: _ZN2AP6kdecanEv @ 0x653390
QHOVER: _ZN9AP_KDECAN6updateEv @ 0x6533d0
QHOVER: _ZN12SRV_Channels12find_channelEN11SRV_Channel8FunctionERh @ 0x653db0
QHOVER: _ZN11SRV_Channel8calc_pwmEf @ 0x653e80
QHOVER: _ZNK11SRV_Channel21pwm_from_scaled_valueEf @ 0x653f70
QHOVER: _ZNK11SRV_Channel14pwm_from_angleEf @ 0x654010
QHOVER: _ZNK11SRV_Channel14pwm_from_rangeEf @ 0x654210
QHOVER: _ZN9AP_KDECAN13get_singletonEv @ 0xabfd10
QHOVER: _ZN16AP_FETtecOneWire4initEv @ 0x655b40
QHOVER: _ZN16AP_FETtecOneWire9init_uartEv @ 0x657110
QHOVER: _Z18linear_interpolatefffff @ 0x6597d0
QHOVER: _ZL10swap_floatRfS_ @ 0x659900
QHOVER: _ZN12SRV_Channels13get_singletonEv @ 0xac0770
QHOVER: _ZNK10AP_Mission21get_current_nav_indexEv @ 0xac0b00
QHOVER: _ZNK7AP_AHRS13wind_estimateEv @ 0xac0b80
QHOVER: _ZN10AP_Terrain20height_above_terrainERfb @ 0x65be00
QHOVER: _ZNK10AP_Terrain6statusEv @ 0xac0be0
QHOVER: _ZNK6AP_GPS8get_hdopEh @ 0xac0cf0
QHOVER: _ZNK7AP_AHRS11groundspeedEv @ 0xac0df0
QHOVER: _ZN7AP_Baro14get_climb_rateEv @ 0x65c310
QHOVER: _ZN16DerivativeFilterIfLh7EE5slopeEv @ 0xac0e90
QHOVER: _ZNK11RangeFinder15distance_orientE8Rotation @ 0x65c380
QHOVER: _ZNK11RangeFinder13find_instanceE8Rotation @ 0x65c410
QHOVER: _ZNK11RangeFinder11get_backendEh @ 0x65c560
QHOVER: _Z14float_to_int16f @ 0x65dfc0
QHOVER: _ZNK8Location9get_alt_mENS_8AltFrameERf @ 0x65e140
QHOVER: _ZN18AP_RCProtocol_CRSF6updateEv @ 0x6607d0
QHOVER: _ZN13AP_CRSF_Telem13get_singletonEv @ 0x660e00
QHOVER: _ZN13AP_CRSF_Telem13queue_messageE12MAV_SEVERITYPKc @ 0x661850
QHOVER: _ZN9AP_Notify13get_singletonEv @ 0xac2630
QHOVER: _ZN13AP_ParamTBaseIsL11ap_var_type2EE22set_and_save_ifchangedERKs @ 0xac2c00
QHOVER: _ZN2AP10crsf_telemEv @ 0x6645a0
QHOVER: _ZNK7AP_AHRS12get_roll_radEv @ 0xac2e20
QHOVER: _ZNK7AP_AHRS11get_yaw_radEv @ 0xac2e70
QHOVER: _ZN19AP_RCProtocol_SRXL26updateEv @ 0x66a3c0
QHOVER: _ZNK14AP_BattMonitor15get_temperatureERfh @ 0x66d4a0
QHOVER: _ZN2AP3rtcEv @ 0x66d570
QHOVER: _ZNK6AP_RTC12get_utc_usecERm @ 0x66d690
QHOVER: _ZN6AP_RTC13get_singletonEv @ 0xac3a80
QHOVER: _ZNK11AP_Airspeed12get_airspeedEv @ 0xac3ac0
QHOVER: _ZNK11AP_Airspeed12get_airspeedEh @ 0x66d940
QHOVER: _ZN2AP9esc_telemEv @ 0x66d9f0
QHOVER: _ZNK12AP_ESC_Telem7get_rpmEhRf @ 0x66db90
QHOVER: _ZL3MINIffEDTqultfp_fp0_fp_fp0_ERKT_RKT0_.10600 @ 0x66dd30
QHOVER: _ZNVK20AP_ESC_Telem_Backend13TelemetryData5staleEv @ 0x66de20
QHOVER: _ZN12AP_ESC_Telem13get_singletonEv @ 0x66dea0
QHOVER: _ZN17AP_RCProtocol_DSM6updateEv @ 0x6713b0
QHOVER: _ZN7HALSITL9Scheduler5delayEt @ 0x672ca0
QHOVER: _ZN7HALSITL9Scheduler18delay_microsecondsEt @ 0x672d90
QHOVER: _ZN6AP_HAL9Scheduler24delay_microseconds_boostEt @ 0xac4260
QHOVER: _ZN6AP_HAL9Scheduler9boost_endEv @ 0xac4370
QHOVER: _ZNK6AP_HAL9Scheduler17in_delay_callbackEv @ 0xac43c0
QHOVER: _ZN7HALSITL9Scheduler21is_system_initializedEv @ 0xac4420
QHOVER: _ZN7HALSITL9Scheduler10stop_clockEm @ 0x673300
QHOVER: _ZNK7HALSITL9Scheduler14in_main_threadEv @ 0x6733a0
QHOVER: _ZN7HALSITL10SITL_State10wait_clockEm @ 0x673a60
QHOVER: _ZNK4SITL8Aircraft11get_speedupEv @ 0xac45d0
QHOVER: _ZNK7HALSITL9Scheduler28semaphore_wait_hack_requiredEv @ 0x673c10
QHOVER: _ZN7HALSITL10SITL_State15_fdm_input_stepEv @ 0x673c90
QHOVER: _ZN7HALSITL10SITL_State16_fdm_input_localEv @ 0x673de0
QHOVER: _ZNK7HALSITL9Scheduler22interrupts_are_blockedEv @ 0xac4620
QHOVER: _ZN7HALSITL9Scheduler17sitl_begin_atomicEv @ 0xac4680
QHOVER: _ZN7HALSITL9Scheduler11timer_eventEv @ 0xac46e0
QHOVER: _ZN7HALSITL9Scheduler15sitl_end_atomicEv @ 0x673f80
QHOVER: _ZN7HALSITL10SITL_State16_update_airspeedEf @ 0x674020
QHOVER: _ZN7HALSITL10SITL_State19_update_rangefinderEv @ 0x674390
QHOVER: _ZNK7HALSITL10SITL_State18_sonar_pin_voltageEv @ 0x6743f0
QHOVER: _ZN7AP_Baro24get_EAS2TAS_for_alt_amslEf @ 0x674560
QHOVER: _ZL2sqf.14351 @ 0x6745e0
QHOVER: _ZN7AP_Baro28get_air_density_for_alt_amslEf @ 0x674630
QHOVER: _ZL3MAXIffEDTqugtfp_fp0_fp_fp0_ERKT_RKT0_.2718 @ 0x674800
QHOVER: _ZN7HALSITL9Scheduler16_run_timer_procsEv @ 0x674880
QHOVER: _ZN7HALSITL10SITL_State17_simulator_servosER10sitl_input @ 0x674980
QHOVER: _ZN4SITL11JSON_Master7receiveER10sitl_input @ 0x675610
QHOVER: _ZN7HALSITL10SITL_State22multicast_servo_updateER10sitl_input @ 0x675ab0
QHOVER: _ZN4SITL8Aircraft11update_homeEv @ 0x675b90
QHOVER: _ZN4SITL8Aircraft12update_modelERK10sitl_input @ 0x675cf0
QHOVER: _ZN4SITL8Aircraft8fill_fdmERNS_8sitl_fdmE @ 0x675d90
QHOVER: _ZN7HALSITL8CANIface14num_interfacesEv @ 0xac4720
QHOVER: _ZNK4SITL8Aircraft20get_position_relhomeEv @ 0x676960
QHOVER: _ZN4SITL11JSON_Master4sendERKNS_8sitl_fdmERK7Vector3IdE @ 0x676a20
QHOVER: _ZN7HALSITL17SITL_State_Common10sim_updateEv @ 0x676cc0
QHOVER: _ZN7HALSITL10SITL_State14set_height_aglEv @ 0x677510
QHOVER: _ZNK4SITL8Aircraft15get_velocity_efEv @ 0xac47b0
QHOVER: _ZN4SITL3GPS6updateEv @ 0x6788e0
QHOVER: _ZN4SITL12SerialDevice17init_sitl_pointerEv @ 0x67a030
QHOVER: _ZN4SITL3GPS24check_backend_allocationEv @ 0x67a0c0
QHOVER: _ZN4SITL3GPS16interpolate_dataERKNS_8GPS_DataEj @ 0x67a6d0
QHOVER: _ZL3MAXIifEDTqugtfp_fp0_fp_fp0_ERKT_RKT0_.15075 @ 0x67b060
QHOVER: _ZNK4SITL11GPS_Backend11device_baudEv @ 0xac4dd0
QHOVER: _ZN4SITL11GPS_Backend11update_readEv @ 0x67b1e0
QHOVER: _ZNK4SITL11GPS_Backend18write_to_autopilotEPKcm @ 0x67b530
QHOVER: _ZNK4SITL11GPS_Backend19read_from_autopilotEPcm @ 0x67b5b0
QHOVER: _ZN4SITL11GPS_Backend8gps_timeEv @ 0x67c050
QHOVER: _ZN7Vector2IdEC2Edd @ 0xac4ff0
QHOVER: _ZNK7Vector2IdE6lengthEv @ 0xac5070
QHOVER: _ZN4SITL11GPS_Backend18simulation_timevalEP7timeval @ 0x67c980
QHOVER: _ZN4SITL9GPS_UBlox7publishEPKNS_8GPS_DataE @ 0x67f850
QHOVER: _Z4normIddJdEEdT_T0_DpKT1_ @ 0xac5710
QHOVER: _ZL7degreesf.15163 @ 0x680320
QHOVER: _ZN4SITL9GPS_UBlox8send_ubxEhPht @ 0x680850
QHOVER: _ZL3MAXIiiEDTqugtfp_fp0_fp_fp0_ERKT_RKT0_.15164 @ 0x680a20
QHOVER: _ZNK7Vector3IfE6is_nanEv @ 0xac5790
QHOVER: _ZN7Matrix3IfE6rotateERK7Vector3IfE @ 0xac5860
QHOVER: _ZN7Matrix3IfEpLERKS0_ @ 0xac5a80
QHOVER: _ZNK7Matrix3IfEplERKS0_ @ 0xac5b10
QHOVER: _Z2sqIdJddEEdT_DpKT0_ @ 0xac5c30
QHOVER: _Z11wrap_360_cdi @ 0x6811d0
QHOVER: _ZNK11QuaternionTIfE8to_eulerERfS1_S1_ @ 0xac5cd0
QHOVER: _ZNK11QuaternionTIfE13get_euler_yawEv @ 0xac5de0
QHOVER: _ZNK7Vector3IdEplERKS0_ @ 0xac67e0
QHOVER: _ZN7Vector3IdEpLERKS0_ @ 0xac6880
QHOVER: _ZN7Matrix3IdEC2Ev @ 0xac6920
QHOVER: _ZNK7Matrix3IdEmlERK7Vector3IdE @ 0xac6b60
QHOVER: _ZNK7Vector3IdEmiERKS0_ @ 0xac7350
QHOVER: _ZNK7Vector3IdE7tofloatEv @ 0xac73f0
QHOVER: _Z11wrap_360_cdf @ 0x68a540
QHOVER: _ZNK7Vector3IdE6lengthEv @ 0xac7530
QHOVER: _ZN7Vector3IdE4zeroEv @ 0xac7590
QHOVER: _ZNK7Vector3IdEmlEd @ 0xac75f0
QHOVER: _ZNK7Matrix3IfE10transposedEv @ 0xac77c0
QHOVER: _ZN7Matrix3IfE9normalizeEv @ 0xac7990
QHOVER: _ZNK8Location22get_distance_NE_doubleERKS_ @ 0x68daf0
QHOVER: _ZN7Vector3IdE2xyEv @ 0xac7c60
QHOVER: _ZN7Vector2IdEpLERKS0_ @ 0xac7cb0
QHOVER: _ZN4SITL8Aircraft14smooth_sensorsEv @ 0x68e050
QHOVER: _ZL7degreesf.16872 @ 0x68ea40
QHOVER: _ZNK7Matrix3IfE8to_eulerEPfS1_S1_ @ 0xac7d30
QHOVER: _ZNK7AP_EnumI8RotationEcvKS0_Ev @ 0xac7e50
QHOVER: _ZNK8HAL_SITL32get_uart_output_full_queue_countEv @ 0x68eb10
QHOVER: _ZNK4SITL8Aircraft16get_wall_time_usEv @ 0x68ec50
QHOVER: _ZNK7Vector3IdEdvEd @ 0xac8030
QHOVER: _ZNK11QuaternionTIfEdvERKS0_ @ 0xac80d0
QHOVER: _ZNK11QuaternionTIfE7is_zeroEv @ 0xac8320
QHOVER: _ZN4SITL8Aircraft12time_advanceEv @ 0x68ecd0
QHOVER: _ZN4SITL8Aircraft15sync_frame_timeEv @ 0x68ed70
QHOVER: _ZN9AP_Logger14WriteStreamingEPKcS1_S1_S1_S1_z @ 0x68f070
QHOVER: _ZL3MAXI9AP_ParamTIfL11ap_var_type4EEdEDTqugtfp_fp0_fp_fp0_ERKT_RKT0_.14196 @ 0x68f3e0
QHOVER: _Z21calc_lowpass_alpha_dtff @ 0x68f480
QHOVER: _ZL3MAXIfiEDTqugtfp_fp0_fp_fp0_ERKT_RKT0_.14197 @ 0x68f5b0
QHOVER: _ZNK4SITL16FETtecOneWireESC7enabledEv @ 0xac83f0
QHOVER: _ZNK4SITL4Volz7enabledEv @ 0xac8460
QHOVER: _ZN7HALSITL17SITL_State_Common22update_voltage_currentER10sitl_inputf @ 0x68f880
QHOVER: _ZNK4SITL8Aircraft45perpendicular_distance_to_rangefinder_surfaceEv @ 0x692fd0
QHOVER: _ZNK4SITL8Aircraft9on_groundEv @ 0x693030
QHOVER: _ZNK4SITL8Aircraft4haglEv @ 0x6930a0
QHOVER: _ZNK4SITL8Aircraft24ground_height_differenceEv @ 0x693170
QHOVER: _ZN4SITL8Aircraft15update_dynamicsERK7Vector3IfE @ 0x6939e0
QHOVER: _ZN4SITL8Aircraft23update_external_payloadERK10sitl_input @ 0x694a60
QHOVER: _ZN4SITL8Aircraft15update_positionEv @ 0x694ef0
QHOVER: _ZN4SITL8Aircraft11update_windERK10sitl_input @ 0x695080
QHOVER: _ZN4SITL8Aircraft19update_mag_field_bfEv @ 0x695510
QHOVER: _ZL7radiansf.16838 @ 0x695900
QHOVER: _ZNK8Location23get_distance_NED_doubleERKS_ @ 0x695960
QHOVER: _ZN4SITL8Aircraft17get_local_updraftERK7Vector3IdE @ 0x695a80
QHOVER: _ZN7Vector2IdEmIERKS0_ @ 0xaca3b0
QHOVER: _ZNK4SITL7Sprayer10is_enabledEv @ 0xaca440
QHOVER: _ZN4SITL3I2C6updateERKNS_8AircraftE @ 0x696340
QHOVER: _ZNK4SITL6Buzzer10is_enabledEv @ 0xaca4f0
QHOVER: _ZNK4SITL13Gripper_Servo10is_enabledEv @ 0xaca550
QHOVER: _ZNK4SITL11Gripper_EPM10is_enabledEv @ 0xaca610
QHOVER: _ZNK4SITL9Parachute10is_enabledEv @ 0xaca6c0
QHOVER: _ZNK4SITL12SIM_Precland10is_enabledEv @ 0xaca720
QHOVER: _ZN4SITL7ShipSim6updateEv @ 0x697310
QHOVER: _ZNK4SITL7ShipSim12get_locationER8Location @ 0x697c70
QHOVER: _ZNK7Vector3IdE14length_squaredEv @ 0xacc780
QHOVER: _ZNK7Vector3IdEmlERKS0_ @ 0xacc8f0
QHOVER: _ZNK7AP_AHRS11get_EAS2TASEv @ 0x69d2d0
QHOVER: _ZL2sqf.16887 @ 0x69d360
QHOVER: _ZN4SITL8Aircraft19update_eas_airspeedEv @ 0x69d3b0
QHOVER: _ZN4SITL7ShipSim27get_ground_speed_adjustmentERK8LocationRf @ 0x69d540
QHOVER: _ZL3MAXIfiEDTqugtfp_fp0_fp_fp0_ERKT_RKT0_.16891 @ 0x69d7c0
QHOVER: _ZN4SITL15SlungPayloadSim6updateERK7Vector3IdERKS1_IfES7_S7_ @ 0x69d860
QHOVER: _ZN4SITL9TetherSim6updateERK8Location @ 0x69d9f0
QHOVER: _ZN4SITL8Aircraft17adjust_frame_timeEf @ 0x69db60
QHOVER: _ZNK7Vector3IdE7is_zeroEv @ 0xaccaa0
QHOVER: _ZN7Vector3IfE2xyEv @ 0xaccb50
QHOVER: _ZN7Vector3IfEmIERKS0_ @ 0xaccc00
QHOVER: _ZL7radiansi.16892 @ 0x6a0af0
QHOVER: _ZN4SITL8Aircraft20filtered_servo_angleERK10sitl_inputh @ 0x6a0b50
QHOVER: _ZN4SITL8Aircraft20filtered_servo_rangeERK10sitl_inputh @ 0x6a0c50
QHOVER: _ZNK9AP_ParamTIfL11ap_var_type4EEplERKS1_ @ 0xacceb0
QHOVER: _ZN10ServoModel12filter_rangeEtf @ 0x6a15c0
QHOVER: _ZN10ServoModel12apply_filterEff @ 0x6a1660
QHOVER: _ZN10ServoModel19apply_simple_filterEff @ 0x6a1a60
QHOVER: _ZN13LowPassFilterIfE20set_cutoff_frequencyERKf @ 0xacd5d0
QHOVER: _ZN13LowPassFilterIfE5applyERKfS2_ @ 0xacd640
QHOVER: _ZN10ServoModel12filter_angleEtf @ 0x6a1c90
QHOVER: _ZN7Vector2IdE4zeroEv @ 0xacd6e0
QHOVER: _Z11is_positived @ 0xacddb0
QHOVER: _ZN7Vector3IfE9normalizeEv @ 0xace590
QHOVER: _ZN13AP_Filesystem4readEiPvj @ 0x6b43c0
QHOVER: _ZN4SITL5Plane6updateERK10sitl_input @ 0x6b50d0
QHOVER: _ZN4SITL5Plane16calculate_forcesERK10sitl_inputR7Vector3IfE @ 0x6b52a0
QHOVER: _ZL2sqf.15869 @ 0x6b5d30
QHOVER: _ZNK4SITL5Plane8getForceEfff @ 0x6b6380
QHOVER: _ZNK4SITL5Plane9getTorqueEffffRK7Vector3IfE @ 0x6b6c00
QHOVER: _ZN4SITL8Aircraft9add_noiseEf @ 0x6b7270
QHOVER: _ZNK4SITL5Plane9liftCoeffEf @ 0x6b7520
QHOVER: _ZNK4SITL5Plane9dragCoeffEf @ 0x6b7840
QHOVER: _ZN7Vector3IdEmIERKS0_ @ 0xad8810
QHOVER: _ZL7radiansd.17180 @ 0x6c1930
QHOVER: _ZN7HALSITL7Storage11_timer_tickEv @ 0x6d4450
QHOVER: _ZNK7BitmaskILt2048EE5emptyEv @ 0xad9f80
QHOVER: _ZNK15ExpandingString10get_lengthEv @ 0xadadf0
QHOVER: _ZNK15ExpandingString10get_stringEv @ 0xadae40
QHOVER: _ZN15ExpandingStringC2Ev @ 0xadaee0
QHOVER: _ZN17AP_Filesystem_Sys4openEPKcib @ 0x6d7fd0
QHOVER: _ZN17AP_Filesystem_Sys5closeEi @ 0x6d8560
QHOVER: _ZN17AP_Filesystem_Sys4readEiPvj @ 0x6d8660
QHOVER: _ZN17AP_Filesystem_Sys13file_in_sysfsEPKc @ 0x6d8d40
QHOVER: _ZL3MINIjjEDTqultfp_fp0_fp_fp0_ERKT_RKT0_.10226 @ 0x6d8e70
QHOVER: _ZNK15ExpandingString21has_failed_allocationEv @ 0xadb250
QHOVER: _ZN19AP_Filesystem_ROMFS4openEPKcib @ 0x6dbea0
QHOVER: _ZN8AP_ROMFS15find_decompressEPKcRj @ 0x6dd000
QHOVER: _ZN8AP_ROMFS9find_fileEPKc @ 0x6dd1e0
QHOVER: _ZNK7NavEKF317option_is_enabledENS_6OptionE @ 0xadbb40
QHOVER: _ZNK6AP_DAL6millisEv @ 0xadbbc0
QHOVER: _ZNK12NavEKF3_core10errorScoreEv @ 0x6e1ae0
QHOVER: _ZNK12NavEKF3_core16have_aligned_yawEv @ 0xadbc10
QHOVER: _ZNK12NavEKF3_core17have_aligned_tiltEv @ 0xadbc70
QHOVER: _ZN7Vector2IdEC2Ev @ 0xadbcd0
QHOVER: _ZNK12NavEKF3_core8getPosNEER7Vector2IdE @ 0x6e23c0
QHOVER: _ZNK7Vector3IdE2xyEv @ 0xadbdc0
QHOVER: _ZNK7Vector2IdE8todoubleEv @ 0xadbe10
QHOVER: _ZNK7Vector2IdEplERKS0_ @ 0xadbe70
QHOVER: _ZNK8Location23get_distance_NE_postypeERKS_ @ 0x6e2660
QHOVER: _ZNK10AP_DAL_GPS6statusEh @ 0xadbf00
QHOVER: _ZNK12NavEKF3_core14getEulerAnglesER7Vector3IfE @ 0x6e27c0
QHOVER: _ZNK11QuaternionTIdE8to_eulerER7Vector3IfE @ 0xadbf70
QHOVER: _ZNK6AP_DAL8get_trimEv @ 0xadbff0
QHOVER: _ZNK11QuaternionTIdE8to_eulerERfS1_S1_ @ 0xadc050
QHOVER: _ZNK11QuaternionTIdE14get_euler_rollEv @ 0xadc110
QHOVER: _ZNK11QuaternionTIdE15get_euler_pitchEv @ 0xadc1c0
QHOVER: _ZNK11QuaternionTIdE13get_euler_yawEv @ 0xadc240
QHOVER: _Z9safe_asinIdEfT_ @ 0xadc2f0
QHOVER: _ZL3MAXIfdEDTqugtfp_fp0_fp_fp0_ERKT_RKT0_.5263 @ 0x6e2880
QHOVER: _ZNK12NavEKF3_core20assume_zero_sideslipEv @ 0x6e2920
QHOVER: _ZN6AP_DAL8airspeedEv @ 0xadc3d0
QHOVER: _ZNK15AP_DAL_Airspeed15get_num_sensorsEv @ 0xadc420
QHOVER: _ZNK6AP_DAL15get_fly_forwardEv @ 0xadc470
QHOVER: _ZNK6AP_DAL17get_vehicle_classEv @ 0xadc4e0
QHOVER: _ZNK12NavEKF2_core10errorScoreEv @ 0x6e2b10
QHOVER: _ZNK12NavEKF2_core8getPosNEER7Vector2IdE @ 0x6e3210
QHOVER: _ZNK10AP_DAL_GPS14primary_sensorEv @ 0xadc530
QHOVER: _ZNK12NavEKF2_core14getEulerAnglesER7Vector3IfE @ 0x6e3460
QHOVER: _ZN19RestrictIDTypeArrayIP17CompassCalibratorLj3E14typesafe_indexIh12TAG_PriorityEEixERKS4_ @ 0xadc640
QHOVER: _ZNK6AP_GPS15time_epoch_usecEv @ 0xadcf50
QHOVER: _ZNK9AP_Logger10should_logEj @ 0x6eca50
QHOVER: _ZNK6AP_GPS9time_weekEh @ 0xadd0c0
QHOVER: _ZNK6AP_GPS12time_week_msEh @ 0xadd130
QHOVER: _ZNK7AP_AHRS13get_pitch_degEv @ 0xadd1f0
QHOVER: _ZNK6AP_GPS15time_epoch_usecEh @ 0x6ed2f0
QHOVER: _ZNK14AP_GPS_Backend16get_last_itow_msEv @ 0x6ed460
QHOVER: _ZN6AP_GPS23istate_time_to_epoch_msEtj @ 0x6ed520
QHOVER: _ZN7AP_ADSB13check_startupEv @ 0x6ef090
QHOVER: _ZNK7Vector2IfE6is_nanEv @ 0xade070
QHOVER: _ZNK10AP_Gripper7enabledEv @ 0xadebc0
QHOVER: _ZN10AP_Vehicle13update_armingEv @ 0x6fc030
QHOVER: _ZN7FunctorIvJEE14method_wrapperI10AP_VehicleXadL_ZNS2_13update_armingEvEEEEvPv @ 0xadfc40
QHOVER: _ZN9AP_Arming6updateEv @ 0x6fc080
QHOVER: _ZN8AP_Stats6updateEv @ 0x6fc170
QHOVER: _ZN7FunctorIvJEE14method_wrapperI8AP_StatsXadL_ZNS2_6updateEvEEEEvPv @ 0xadfcf0
QHOVER: _ZN10AP_Filters6updateEv @ 0x6fc610
QHOVER: _ZN7FunctorIvJEE14method_wrapperI10AP_FiltersXadL_ZNS2_6updateEvEEEEvPv @ 0xadfe30
QHOVER: _ZN10AP_Vehicle17check_motor_noiseEv @ 0x6fd750
QHOVER: _ZN7FunctorIvJEE14method_wrapperI10AP_VehicleXadL_ZNS2_17check_motor_noiseEvEEEEvPv @ 0xae06e0
QHOVER: _ZNK10AP_GyroFFT15check_esc_noiseEv @ 0xae0790
QHOVER: _ZNK17NotchFilterParams7enabledEv @ 0xae09c0
QHOVER: _ZN10AP_Vehicle13one_Hz_updateEv @ 0x6fde30
QHOVER: _ZN7FunctorIvJEE14method_wrapperI10AP_VehicleXadL_ZNS2_13one_Hz_updateEvEEEEvPv @ 0xae0a10
QHOVER: _ZN12AP_Scripting6updateEv @ 0x6fdf10
QHOVER: _ZN16AP_SerialManager20registered_ports_logEv @ 0x6fdf60
QHOVER: _ZN12AP_Scripting13save_checksumEv @ 0x6fe040
QHOVER: _ZN10AP_Gripper6updateEv @ 0x6fe140
QHOVER: _ZN7FunctorIvJEE14method_wrapperI10AP_GripperXadL_ZNS2_6updateEvEEEEvPv @ 0xae0b50
QHOVER: _ZN6AP_EFI6updateEv @ 0x6fe2b0
QHOVER: _ZN7FunctorIvJEE14method_wrapperI6AP_EFIXadL_ZNS2_6updateEvEEEEvPv @ 0xae0c00
QHOVER: _ZN6AP_AIS6updateEv @ 0x6fe730
QHOVER: _ZN7FunctorIvJEE14method_wrapperI6AP_AISXadL_ZNS2_6updateEvEEEEvPv @ 0xae0cb0
QHOVER: _ZN8AC_Fence6updateEv @ 0x6fe780
QHOVER: _ZN7FunctorIvJEE14method_wrapperI8AC_FenceXadL_ZNS2_6updateEvEEEEvPv @ 0xae0d60
QHOVER: _ZN19AC_PolyFence_loader6updateEv @ 0x6fe8b0
QHOVER: _ZN19AC_PolyFence_loader17load_from_storageEv @ 0x6fe9a0
QHOVER: _ZN10AP_Vehicle16accel_cal_updateEv @ 0x6ffe00
QHOVER: _ZN7FunctorIvJEE14method_wrapperI10AP_VehicleXadL_ZNS2_16accel_cal_updateEvEEEEvPv @ 0xae0f40
QHOVER: _ZN20AP_TemperatureSensor6updateEv @ 0x7015a0
QHOVER: _ZN7FunctorIvJEE14method_wrapperI20AP_TemperatureSensorXadL_ZNS2_6updateEvEEEEvPv @ 0xae1040
QHOVER: _ZN10AP_Vehicle16publish_osd_infoEv @ 0x701860
QHOVER: _ZN7FunctorIvJEE14method_wrapperI10AP_VehicleXadL_ZNS2_16publish_osd_infoEvEEEEvPv @ 0xae1190
QHOVER: _ZN6AP_OSD12set_nav_infoERNS_7NavInfoE @ 0x701980
QHOVER: _ZN6AP_RPM6updateEv @ 0x7019f0
QHOVER: _ZN7FunctorIvJEE14method_wrapperI6AP_RPMXadL_ZNS2_6updateEvEEEEvPv @ 0xae1240
QHOVER: _ZNK6AP_RPM7Log_RPMEv @ 0x701bd0
QHOVER: _ZNK6AP_RPM7enabledEh @ 0x701cf0
QHOVER: _ZN14AP_OpenDroneID6updateEv @ 0x701da0
QHOVER: _ZN7FunctorIvJEE14method_wrapperI14AP_OpenDroneIDXadL_ZNS2_6updateEvEEEEvPv @ 0xae1360
QHOVER: _ZNK6AP_GPS8velocityEv @ 0xae2c00
QHOVER: _ZNK7AP_AHRS18groundspeed_vectorEv @ 0xae2c60
QHOVER: _ZNK6AP_GPS19horizontal_accuracyERf @ 0xae2d40
QHOVER: _ZNK6AP_GPS17vertical_accuracyERf @ 0xae2dc0
QHOVER: _ZNK6AP_GPS14speed_accuracyERf @ 0xae2e40
QHOVER: _ZNK6AP_GPS14speed_accuracyEhRf @ 0x706a10
QHOVER: _ZNK6AP_GPS17vertical_accuracyEhRf @ 0x706ae0
QHOVER: _ZNK6AP_GPS19horizontal_accuracyEhRf @ 0x706bb0
QHOVER: _ZNK6AP_GPS14get_undulationEhRf @ 0x706c80
QHOVER: _ZNK6AP_GPS8velocityEh @ 0xae2ec0
QHOVER: _ZN12AP_Generator6updateEv @ 0x706d50
QHOVER: _ZN7FunctorIvJEE14method_wrapperI12AP_GeneratorXadL_ZNS2_6updateEvEEEEvPv @ 0xae2f90
QHOVER: _ZN14AP_Servo_Telem6updateEv @ 0x706dc0
QHOVER: _ZN7FunctorIvJEE14method_wrapperI14AP_Servo_TelemXadL_ZNS2_6updateEvEEEEvPv @ 0xae3040
QHOVER: _ZN14AP_Servo_Telem9write_logEv @ 0x706e10
QHOVER: _ZN12AP_ESC_Telem6updateEv @ 0x7072c0
QHOVER: _ZN7FunctorIvJEE14method_wrapperI12AP_ESC_TelemXadL_ZNS2_6updateEvEEEEvPv @ 0xae30f0
QHOVER: _ZNK12AP_ESC_Telem11get_raw_rpmEhRf @ 0x707700
QHOVER: _ZN6AP_HAL15timeout_expiredIjjmEEbT_T0_T1_ @ 0xae31a0
QHOVER: _ZN10AP_Vehicle30send_watchdog_reset_statustextEv @ 0x7077d0
QHOVER: _ZN7FunctorIvJEE14method_wrapperI10AP_VehicleXadL_ZNS2_30send_watchdog_reset_statustextEvEEEEvPv @ 0xae3220
QHOVER: _ZN8AP_Tramp6updateEv @ 0x707930
QHOVER: _ZN7FunctorIvJEE14method_wrapperI8AP_TrampXadL_ZNS2_6updateEvEEEEvPv @ 0xae32d0
QHOVER: _ZN10AP_VideoTX6updateEv @ 0x708910
QHOVER: _ZN7FunctorIvJEE14method_wrapperI10AP_VideoTXXadL_ZNS2_6updateEvEEEEvPv @ 0xae3500
QHOVER: _ZN10AP_Vehicle38update_dynamic_notch_at_specified_rateEv @ 0x708b40
QHOVER: _ZN7FunctorIvJEE14method_wrapperI10AP_VehicleXadL_ZNS2_38update_dynamic_notch_at_specified_rateEvEEEEvPv @ 0xae35b0
QHOVER: _ZNK25HarmonicNotchFilterParams9hasOptionENS_7OptionsE @ 0xae3660
QHOVER: _ZN10AP_Vehicle20update_dynamic_notchERN17AP_InertialSensor13HarmonicNotchE @ 0x708c90
QHOVER: _ZN10AP_GyroFFT17update_parametersEv @ 0xae3a10
QHOVER: _ZN7FunctorIvJEE14method_wrapperI10AP_GyroFFTXadL_ZNS2_17update_parametersEvEEEEvPv @ 0xae3a60
QHOVER: _ZN10AP_GyroFFT17update_parametersEb @ 0x709ef0
QHOVER: _ZN10AP_GyroFFT6updateEv @ 0x70a290
QHOVER: _ZN7FunctorIvJEE14method_wrapperI10AP_GyroFFTXadL_ZNS2_6updateEvEEEEvPv @ 0xae3b10
QHOVER: _ZN14AP_NMEA_Output6updateEv @ 0x70a420
QHOVER: _ZN7FunctorIvJEE14method_wrapperI14AP_NMEA_OutputXadL_ZNS2_6updateEvEEEEvPv @ 0xae3bc0
QHOVER: _ZN7FunctorIvJEE14method_wrapperI9AP_NotifyXadL_ZNS2_6updateEvEEEEvPv @ 0xae3c70
QHOVER: _ZN7Compass10cal_updateEv @ 0x70b490
QHOVER: _ZN7FunctorIvJEE14method_wrapperI7CompassXadL_ZNS2_10cal_updateEvEEEEvPv @ 0xae3d20
QHOVER: _ZN11AP_Airspeed6updateEv @ 0x70bfe0
QHOVER: _ZN7FunctorIvJEE14method_wrapperI11AP_AirspeedXadL_ZNS2_6updateEvEEEEvPv @ 0xae3e30
QHOVER: _ZN11AP_Airspeed4readEh @ 0x70c1d0
QHOVER: _ZN11AP_Airspeed21check_sensor_failuresEv @ 0x70c9f0
QHOVER: _ZN11AP_Airspeed12Log_AirspeedEv @ 0x70ca70
QHOVER: _ZNK11AP_Airspeed16get_raw_airspeedEh @ 0x70cd40
QHOVER: _ZNK11AP_Airspeed25get_differential_pressureEh @ 0x70cdf0
QHOVER: _ZNK11AP_Airspeed22get_corrected_pressureEh @ 0x70ce90
QHOVER: _ZNK11AP_Airspeed10get_offsetEh @ 0x70cf30
QHOVER: _ZNK11AP_Airspeed22get_health_probabilityEh @ 0xae3ee0
QHOVER: _ZNK11AP_Airspeed14get_test_ratioEh @ 0xae3f50
QHOVER: _ZNK11AP_Airspeed11get_primaryEv @ 0xae3fc0
QHOVER: _ZN11AP_Airspeed35check_sensor_ahrs_wind_max_failuresEh @ 0x70cff0
QHOVER: _ZNK7AP_AHRS20airspeed_health_dataERfS0_Rj @ 0x70d910
QHOVER: _ZL3MAXI9AP_ParamTIfL11ap_var_type4EEfEDTqugtfp_fp0_fp_fp0_ERKT_RKT0_.19060 @ 0x70da00
QHOVER: _ZNK7NavEKF319getAirSpdHealthDataERfS0_Rj @ 0x70da90
QHOVER: _ZNK12NavEKF3_core19getAirSpdHealthDataERfS0_Rj @ 0x70db60
QHOVER: _ZN10AP_GyroFFT12sample_gyrosEv @ 0x70e290
QHOVER: _ZN7FunctorIvJEE14method_wrapperI10AP_GyroFFTXadL_ZNS2_12sample_gyrosEvEEEEvPv @ 0xae4010
QHOVER: _ZN10AP_Vehicle4loopEv @ 0x70eb30
QHOVER: _ZN12AP_Scheduler4loopEv @ 0x70edd0
QHOVER: _ZN12AP_Scheduler17get_loop_period_sEv @ 0xae7000
QHOVER: _ZN17AP_InertialSensor15wait_for_sampleEv @ 0x70f370
QHOVER: _ZN12AP_Scheduler4tickEv @ 0x70f8b0
QHOVER: _ZN12AP_Scheduler3runEj @ 0x70f910
QHOVER: _ZN2AP8PerfInfo15check_loop_timeEj @ 0x70fec0
QHOVER: _ZL15fill_nanf_stackv @ 0x710050
QHOVER: _ZN2AP8PerfInfo16update_task_infoEhtb @ 0x7100a0
QHOVER: _ZNK7AP_AHRS14get_accel_biasEv @ 0xae73b0
QHOVER: _ZNK6AP_GPS15ground_speed_cmEv @ 0xae7410
QHOVER: _ZNK7AP_AHRS24_get_primary_accel_indexEv @ 0x716980
QHOVER: _ZNK7AP_AHRS22_get_primary_IMU_indexEv @ 0x7169d0
QHOVER: _ZNK7NavEKF322getPrimaryCoreIMUIndexEv @ 0x716b30
QHOVER: _ZNK17AP_InertialSensor21get_first_usable_gyroEv @ 0xae7470
QHOVER: _ZNK12NavEKF3_core11getIMUIndexEv @ 0xae74c0
QHOVER: _ZNK14AP_BattMonitor17has_cell_voltagesEh @ 0x716c60
QHOVER: _ZN2AP3EFIEv @ 0x7174b0
QHOVER: _ZN6AP_EFI13get_singletonEv @ 0xae7e50
QHOVER: _ZN16FilterWithBufferIfLh5EE5applyEf @ 0xae8450
QHOVER: _ZN7FunctorIvJEE14method_wrapperI10AP_VehicleXadL_ZNS2_18fence_checks_asyncEvEEEEvPv @ 0xae87f0
QHOVER: _ZN13AP_Filesystem5writeEiPKvj @ 0x718120
QHOVER: _ZNK11AP_ICEngine29allow_throttle_while_disarmedEv @ 0x720150
QHOVER: _ZNK11AP_ICEngine10option_setENS_7OptionsE @ 0xaebd00
QHOVER: _ZL3MAXIjjEDTqugtfp_fp0_fp_fp0_ERKT_RKT0_.5212 @ 0x726770
QHOVER: _ZN15ekf_ring_buffer4pushEPKv @ 0x7267f0
QHOVER: _ZNK15ekf_ring_buffer10get_offsetEh @ 0x7268f0
QHOVER: _ZL3MAXIjjEDTqugtfp_fp0_fp_fp0_ERKT_RKT0_.20153 @ 0x726b00
QHOVER: _ZL7radiansf.5217 @ 0x727c90
QHOVER: _ZL3MAXIffEDTqugtfp_fp0_fp_fp0_ERKT_RKT0_.5204 @ 0x727ce0
QHOVER: _ZN11QuaternionTIdEC2Edddd @ 0xaed620
QHOVER: _ZN11QuaternionTIfEmLERKS0_ @ 0xaed6d0
QHOVER: _ZNK7AP_AHRS38get_relative_position_NED_origin_floatER7Vector3IfE @ 0x728030
QHOVER: _ZNK7AP_AHRS32get_relative_position_NED_originER7Vector3IdE @ 0x728200
QHOVER: _ZNK7NavEKF38getPosNEER7Vector2IdE @ 0x7284a0
QHOVER: _ZNK11AP_AHRS_SIM12get_locationER8Location @ 0x7287d0
QHOVER: _ZN2AP5statsEv @ 0x72ab70
QHOVER: _ZN8AP_Stats13get_singletonEv @ 0xaee5c0
QHOVER: _ZN19AP_Airspeed_Backend12has_airspeedEv @ 0xaeef80
QHOVER: _ZN19AP_Airspeed_Backend14get_hygrometerERjRfS1_ @ 0xaef0f0
QHOVER: _ZNK19AP_Airspeed_Backend7get_pinEv @ 0x731630
QHOVER: _ZN18AP_Airspeed_Analog25get_differential_pressureERf @ 0x731700
QHOVER: _ZN18AP_Airspeed_Analog15get_temperatureERf @ 0xaf0320
QHOVER: _ZNK19AP_Airspeed_Backend13get_psi_rangeEv @ 0x7317f0
QHOVER: _ZNK7AP_AHRS8get_gyroEv @ 0xaf0e20
QHOVER: _ZNK7AP_AHRS17airspeed_estimateERf @ 0x755dc0
QHOVER: _ZNK17AP_InertialSensor20get_vibration_levelsEv @ 0xaf0e80
QHOVER: _ZNK17AP_InertialSensor20get_vibration_levelsEh @ 0x755ec0
QHOVER: _ZNK10DigitalLPFI7Vector3IfEE3getEv @ 0xaf0f00
QHOVER: _ZNK11QuaternionTIdE7is_zeroEv @ 0xaf0fb0
QHOVER: _ZN12NavEKF3_core18getEarthFieldTableERK8Location @ 0x7571e0
QHOVER: _ZN14AP_Declination15get_declinationEff @ 0x7572e0
QHOVER: _ZNK12NavEKF3_core14MagDeclinationEv @ 0x757370
QHOVER: _ZN12NavEKF3_core15FuseDeclinationEd @ 0x7575d0
QHOVER: _ZN18NavEKF_core_common10zero_rangeEPdhh @ 0xaf1150
QHOVER: _ZN12NavEKF3_core13ForceSymmetryEv @ 0x758630
QHOVER: _ZN12NavEKF3_core18ConstrainVariancesEv @ 0x758780
QHOVER: _ZN11QuaternionTIdE9normalizeEv @ 0xaf11e0
QHOVER: _ZNK11QuaternionTIdE6lengthEv @ 0xaf12c0
QHOVER: _Z20constrain_value_lineIdET_S0_S0_S0_j @ 0xaf1380
QHOVER: _ZNK9AP_ParamTIfL11ap_var_type4EEcvdEv @ 0xaf1500
QHOVER: _ZL7radiansf.5420 @ 0x7591f0
QHOVER: _ZL2sqf.5342 @ 0x759d10
QHOVER: _ZNK8Location21get_distance_NE_ftypeERKS_ @ 0x759e60
QHOVER: _ZN16EKF_IMU_buffer_tIN12NavEKF3_core15output_elementsEEixEj @ 0xaf1620
QHOVER: _ZNK14ekf_imu_buffer3getEh @ 0x75a110
QHOVER: _ZNK14ekf_imu_buffer10get_offsetEh @ 0x75a170
QHOVER: _ZNK14AP_BattMonitor11consumed_whERfh @ 0x75bd10
QHOVER: _ZNK14AP_BattMonitor18overpower_detectedEh @ 0x75be00
QHOVER: _ZNK6AP_GPS8get_vdopEh @ 0xaf1780
QHOVER: _ZNK6AP_GPS16last_fix_time_msEh @ 0xaf17f0
QHOVER: _ZNK6AP_GPS20last_message_time_msEh @ 0xaf1860
QHOVER: _ZNK6AP_GPS22have_vertical_velocityEh @ 0xaf18d0
QHOVER: _ZNK6AP_GPS18get_antenna_offsetEh @ 0x75df80
QHOVER: _ZNK14AP_GPS_Blended18get_antenna_offsetEv @ 0xaf1950
QHOVER: _ZNK6AP_GPS11gps_yaw_degEhRfS0_Rj @ 0x75e050
QHOVER: _ZNK6AP_GPS11is_rtk_baseEh @ 0x75e240
QHOVER: _ZNK6AP_GPS12have_gps_yawEh @ 0xaf19a0
QHOVER: _ZNK11RangeFinder15has_orientationE8Rotation @ 0x760100
QHOVER: _ZNK11RangeFinder13status_orientE8Rotation @ 0x760440
QHOVER: _ZNK3GCS29sysid_mygcs_last_seen_time_msEv @ 0xaf1df0
QHOVER: _ZNK10AP_Vehicle18get_time_flying_msEv @ 0xaf1f50
QHOVER: _ZN12SRV_Channels23get_output_channel_maskEN11SRV_Channel8FunctionE @ 0x765da0
QHOVER: _ZN11SRV_Channel9output_chEv @ 0x766bc0
QHOVER: _ZNK10RC_Channel13norm_input_dzEv @ 0x766f20
QHOVER: _ZN11SRV_Channel12set_overrideEb @ 0xaf2150
QHOVER: _ZN12SRV_Channels17set_output_scaledEN11SRV_Channel8FunctionEf @ 0x7674e0
QHOVER: _ZNK10AP_Mission5stateEv @ 0xaf2510
QHOVER: _ZN19AP_ServoRelayEvents13update_eventsEv @ 0x770150
QHOVER: _ZNK9QuadPlane18in_assisted_flightEv @ 0xaf2e40
QHOVER: _ZN11QuaternionTIfE15from_axis_angleE7Vector3IfE @ 0xaf2f20
QHOVER: _ZNK9AP_Follow11have_targetEv @ 0x776a70
QHOVER: _ZN9AP_Follow13get_singletonEv @ 0xaf3a20
QHOVER: _ZNK6AC_PID12get_pid_infoEv @ 0xaf3ba0
QHOVER: _ZN12AP_Scripting19is_handling_commandEt @ 0x77bc40
QHOVER: _ZNK7Vector3IfE6is_infEv @ 0xaf4740
QHOVER: _ZN7Vector2IfE9normalizeEv @ 0xaf4a70
QHOVER: _ZN7Vector2IfEdVEf @ 0xaf4ad0
QHOVER: _ZNK7Vector2IfE6is_infEv @ 0xaf4b50
QHOVER: _ZL3MAXIjjEDTqugtfp_fp0_fp_fp0_ERKT_RKT0_.6748 @ 0x7ae880
QHOVER: _ZN9AP_Logger19file_content_updateEv @ 0x7aea80
QHOVER: _ZN9AP_Logger19file_content_updateERNS_11FileContentE @ 0x7aebe0
QHOVER: _ZN9AP_Logger11FileContent15remove_and_freeEPNS_9file_listE @ 0x7aee90
QHOVER: _ZN9AP_Logger24WriteBlock_first_succeedEPKvt @ 0x7aeff0
QHOVER: _ZN17AP_Logger_Backend13Write_MessageEPKc @ 0x7af420
QHOVER: _ZN17AP_Logger_Backend14periodic_tasksEv @ 0x7b1440
QHOVER: _ZNK17AP_Logger_Backend13StartNewLogOKEv @ 0x7b1830
QHOVER: _ZN17AP_Logger_Backend24WriteMoreStartupMessagesEv @ 0x7b1910
QHOVER: _ZNK17AP_Logger_Backend15logging_enabledEv @ 0x7b3930
QHOVER: _ZN17AP_Logger_Backend13periodic_10HzEj @ 0x7b3a60
QHOVER: _ZN17AP_Logger_Backend12periodic_1HzEv @ 0x7b3ab0
QHOVER: _ZN17AP_Logger_Backend15push_log_blocksEv @ 0x7b3b40
QHOVER: _ZN17AP_Logger_Backend12df_stats_logEv @ 0x7b3ba0
QHOVER: _ZN17AP_Logger_Backend26Write_AP_Logger_Stats_FileERKNS_8df_statsE @ 0x7b3c10
QHOVER: _ZN17AP_Logger_Backend14df_stats_clearEv @ 0x7b3d20
QHOVER: _ZNK17AP_Logger_Backend31critical_message_reserved_spaceEj @ 0xaf6ae0
QHOVER: _ZN17AP_Logger_Backend15df_stats_gatherEtj @ 0x7b61f0
QHOVER: _ZNK14AP_Logger_File15logging_startedEv @ 0xaf6f70
QHOVER: _ZN14AP_Logger_File21bufferspace_availableEv @ 0x7b8ef0
QHOVER: _ZNK14AP_Logger_File14logging_failedEv @ 0x7b9500
QHOVER: _ZN14AP_Logger_File8io_timerEv @ 0x7b95c0
QHOVER: _ZN14AP_Logger_File12periodic_1HzEv @ 0x7b9b90
QHOVER: _ZN14AP_Logger_File17periodic_fullrateEv @ 0x7b9e40
QHOVER: _ZNK14AP_Logger_File8WritesOKEv @ 0x7b9e90
QHOVER: _ZNK14AP_Logger_File13StartNewLogOKEv @ 0x7b9f20
QHOVER: _ZN14AP_Logger_File22_WritePrioritisedBlockEPKvtb @ 0x7ba0d0
QHOVER: _ZN7AP_AHRS6updateEb @ 0x7ba340
QHOVER: _ZN7AP_AHRS18update_orientationEv @ 0x7ba680
QHOVER: _ZN17AP_InertialSensor6updateEv @ 0x7ba780
QHOVER: _ZN7AP_AHRS29update_trim_rotation_matricesEv @ 0x7badf0
QHOVER: _ZN7AP_AHRS10update_DCMEv @ 0x7baf00
QHOVER: _ZN7AP_AHRS12update_flagsEv @ 0x7bafa0
QHOVER: _ZN7AP_AHRS11update_SITLEv @ 0x7bb060
QHOVER: _ZN7AP_AHRS15update_externalEv @ 0x7bb110
QHOVER: _ZN7AP_AHRS11update_EKF2Ev @ 0x7bb230
QHOVER: _ZN7AP_AHRS11update_EKF3Ev @ 0x7bb720
QHOVER: _ZNK7AP_AHRS14get_gyro_driftEv @ 0xaf6fd0
QHOVER: _ZN7AP_AHRS14update_AOA_SSAEv @ 0x7bbf10
QHOVER: _ZNK7AP_AHRS16_active_EKF_typeEv @ 0x7bc170
QHOVER: _ZN7AP_AHRS12update_stateEv @ 0x7bc6a0
QHOVER: _ZNK7AP_AHRS23_get_primary_gyro_indexEv @ 0x7bc940
QHOVER: _ZNK7AP_AHRS23_get_primary_core_indexEv @ 0x7bc9f0
QHOVER: _ZNK7AP_AHRS14_wind_estimateER7Vector3IfE @ 0x7bcac0
QHOVER: _ZN15AP_AHRS_Backend11get_EAS2TASEv @ 0x7bcbf0
QHOVER: _ZNK7AP_AHRS13_airspeed_EASERfRNS_20AirspeedEstimateTypeE @ 0x7bcc30
QHOVER: _ZNK7AP_AHRS13_airspeed_TASERf @ 0x7bd1b0
QHOVER: _ZNK7AP_AHRS13_airspeed_TASER7Vector3IfE @ 0x7bd2c0
QHOVER: _ZNK7AP_AHRS15_get_quaternionER11QuaternionTIfE @ 0x7bd3a0
QHOVER: _ZNK7AP_AHRS23_get_secondary_attitudeER7Vector3IfE @ 0x7bd560
QHOVER: _ZNK7AP_AHRS25_get_secondary_quaternionER11QuaternionTIfE @ 0x7bd760
QHOVER: _ZNK7AP_AHRS13_get_locationER8Location @ 0x7bd910
QHOVER: _ZNK7AP_AHRS23_get_secondary_positionER8Location @ 0x7bda90
QHOVER: _ZN7AP_AHRS19_groundspeed_vectorEv @ 0x7bdbe0
QHOVER: _ZN7AP_AHRS12_groundspeedEv @ 0x7bdd10
QHOVER: _ZNK7AP_AHRS29_getCorrectedDeltaVelocityNEDER7Vector3IfERf @ 0x7bdde0
QHOVER: _ZNK7AP_AHRS17_get_velocity_NEDER7Vector3IfE @ 0x7be070
QHOVER: _ZNK7NavEKF39getVelNEDER7Vector3IfE @ 0x7be230
QHOVER: _ZNK12NavEKF3_core9getVelNEDER7Vector3IfE @ 0x7be560
QHOVER: _ZNK12NavEKF2_core9getVelNEDER7Vector3IfE @ 0x7be610
QHOVER: _ZNK7NavEKF312getAccelBiasEaR7Vector3IfE @ 0x7be750
QHOVER: _ZNK17AP_InertialSensor18get_delta_velocityEhR7Vector3IfERf @ 0x7be820
QHOVER: _ZNK7AP_AHRS43get_rotation_autopilot_body_to_vehicle_bodyEv @ 0xaf70c0
QHOVER: _ZNK17AP_InertialSensor14get_delta_timeEv @ 0xaf7110
QHOVER: _ZL3MINIffEDTqultfp_fp0_fp_fp0_ERKT_RKT0_.4188 @ 0x7be9d0
QHOVER: _ZL3MINIffEDTqultfp_fp0_fp_fp0_ERKT_RKT0_.2602 @ 0x7bea60
QHOVER: _ZNK12NavEKF3_core12getAccelBiasER7Vector3IfE @ 0x7beaf0
QHOVER: _ZNK12NavEKF2_core13getAccelZBiasERf @ 0x7bebd0
QHOVER: _ZL7radiansf.2590 @ 0x7bf1e0
QHOVER: _ZNK7AP_AHRS23_get_secondary_EKF_typeERNS_7EKFTypeE @ 0x7bf230
QHOVER: _ZNK7NavEKF36getLLHER8Location @ 0x7bf420
QHOVER: _ZNK12NavEKF3_core6getLLHER8Location @ 0x7bf4c0
QHOVER: _ZNK10AP_DAL_GPS6statusEv @ 0xaf7380
QHOVER: _ZNK7AP_AHRS24fallback_active_EKF_typeEv @ 0x7bfa90
QHOVER: _ZNK11AP_AHRS_DCM14get_quaternionER11QuaternionTIfE @ 0x7bfae0
QHOVER: _ZNK7NavEKF313getQuaternionER11QuaternionTIfE @ 0x7bfbe0
QHOVER: _ZN11QuaternionTIfE6rotateERK7Vector3IfE @ 0xaf73f0
QHOVER: _ZN15AP_ExternalAHRS14get_quaternionER11QuaternionTIfE @ 0x7bfce0
QHOVER: _ZNK12NavEKF3_core13getQuaternionER11QuaternionTIfE @ 0x7bfd90
QHOVER: _ZNK11QuaternionTIdE7tofloatEv @ 0xaf74a0
QHOVER: _ZNK12NavEKF2_core13getQuaternionER11QuaternionTIfE @ 0x7bfe20
QHOVER: _ZNK7NavEKF314getEulerAnglesER7Vector3IfE @ 0x7bff40
QHOVER: _ZNK7NavEKF312getAirSpdVecER7Vector3IfE @ 0x7c0120
QHOVER: _ZNK12NavEKF3_core12getAirSpdVecER7Vector3IfE @ 0x7c01c0
QHOVER: _ZNK11QuaternionTIdE7inverseEv @ 0xaf7520
QHOVER: _ZNK7AP_AHRS25get_active_airspeed_indexEv @ 0x7c05c0
QHOVER: _ZNK7AP_AHRS27_should_use_airspeed_sensorEh @ 0x7c06c0
QHOVER: _ZNK7AP_AHRS27get_wind_estimation_enabledEv @ 0xaf75d0
QHOVER: _ZNK7NavEKF37getWindER7Vector3IfE @ 0x7c09d0
QHOVER: _ZNK12NavEKF3_core7getWindER7Vector3IfE @ 0x7c0af0
QHOVER: _ZN15AP_AHRS_Backend23airspeed_sensor_enabledEh @ 0xaf7690
QHOVER: _ZNK7AP_AHRS23airspeed_sensor_enabledEh @ 0xaf7770
QHOVER: _ZNK7AP_AHRS10option_setENS_7OptionsE @ 0xaf77d0
QHOVER: _ZNK7NavEKF317getActiveAirspeedEv @ 0x7c0cc0
QHOVER: _ZNK12NavEKF3_core17getActiveAirspeedEv @ 0x7c0d50
QHOVER: _ZNK7AP_Baro12_get_EAS2TASEv @ 0x7c0da0
QHOVER: _ZNK7AP_Baro20get_EAS2TAS_extendedEf @ 0x7c0e10
QHOVER: _ZNK12NavEKF2_core7getWindER7Vector3IfE @ 0x7c0fe0
QHOVER: _ZNK7NavEKF219getPrimaryCoreIndexEv @ 0x7c1070
QHOVER: _ZNK7NavEKF319getPrimaryCoreIndexEv @ 0x7c10e0
QHOVER: _ZNK7NavEKF326configuredToUseGPSForPosXYEv @ 0x7c1300
QHOVER: _ZNK11AP_AHRS_DCM20yaw_source_availableEv @ 0x7c1380
QHOVER: _ZNK16AP_NavEKF_Source14getPosXYSourceEh @ 0xaf7930
QHOVER: _ZL7degreesf.2538 @ 0x7c13e0
QHOVER: _ZNK7AP_AHRS9calc_trigERK7Matrix3IfERfS4_S4_S4_S4_S4_ @ 0x7c1480
QHOVER: _ZNK9AP_Logger15allow_start_ekfEv @ 0x7c1870
QHOVER: _ZN7NavEKF312UpdateFilterEv @ 0x7c1f40
QHOVER: _ZNK7NavEKF320getRotationBodyToNEDER7Matrix3IfE @ 0x7c2510
QHOVER: _ZN7AP_AHRS16update_cd_valuesEv @ 0x7c25a0
QHOVER: _ZN7AP_AHRS11update_trigEv @ 0x7c26e0
QHOVER: _ZNK17AP_InertialSensor22get_first_usable_accelEv @ 0xaf79b0
QHOVER: _ZNK7NavEKF311getGyroBiasEaR7Vector3IfE @ 0x7c27c0
QHOVER: _ZN7AP_AHRS32update_notify_from_filter_statusERK17nav_filter_status @ 0x7c2890
QHOVER: _ZNK12NavEKF3_core11getGyroBiasER7Vector3IfE @ 0x7c2940
QHOVER: _ZN6AP_DAL11start_frameENS_9FrameTypeE @ 0x7c2a20
QHOVER: _ZNK6AP_DAL8micros64Ev @ 0xaf7a00
QHOVER: _ZNK12NavEKF3_core21getFramesSincePredictEv @ 0x7c2f00
QHOVER: _ZN6AP_DAL22ekf_low_time_remainingENS_7EKFTypeEh @ 0x7c2f60
QHOVER: _ZN12NavEKF3_core12UpdateFilterEb @ 0x7c30a0
QHOVER: _ZNK6AP_DAL9get_armedEv @ 0xaf7a50
QHOVER: _ZN7NavEKF321updateCoreErrorScoresEv @ 0x7c32d0
QHOVER: _ZN7NavEKF324updateCoreRelativeErrorsEv @ 0x7c3390
QHOVER: _ZNK7NavEKF315coreBetterScoreEhh @ 0x7c3530
QHOVER: _ZN16AP_NavEKF_Source22align_inactive_sourcesEv @ 0x7c3730
QHOVER: _ZNK16AP_NavEKF_Source13getPosZSourceEh @ 0x7c39e0
QHOVER: _ZNK7AP_EnumIN16AP_NavEKF_Source7SourceZEEcvKS1_Ev @ 0xaf7b30
QHOVER: _ZL3MAXI9AP_ParamTIfL11ap_var_type4EEfEDTqugtfp_fp0_fp_fp0_ERKT_RKT0_ @ 0x7c3bc0
QHOVER: _ZN18NavEKF_core_common22fill_scratch_variablesEv @ 0x7c3c50
QHOVER: _ZN12NavEKF3_core23update_sensor_selectionEv @ 0x7c3cf0
QHOVER: _ZN12NavEKF3_core18controlFilterModesEv @ 0x7c3d60
QHOVER: _ZN12NavEKF3_core11readIMUDataEb @ 0x7c3e30
QHOVER: _ZN12NavEKF3_core27UpdateStrapdownEquationsNEDEv @ 0x7c4700
QHOVER: _ZN12NavEKF3_core20CovariancePredictionEP7Vector3IdE @ 0x7c4be0
QHOVER: _ZN12NavEKF3_core25runYawEstimatorPredictionEv @ 0x7cf3d0
QHOVER: _ZN12NavEKF3_core15SelectMagFusionEv @ 0x7cf530
QHOVER: _ZN12NavEKF3_core18SelectVelPosFusionEv @ 0x7d0260
QHOVER: _ZN12NavEKF3_core25runYawEstimatorCorrectionEv @ 0x7d0c20
QHOVER: _ZN12NavEKF3_core18SelectRngBcnFusionEv @ 0x7d0e10
QHOVER: _ZN12NavEKF3_core16SelectFlowFusionEv @ 0x7d0f40
QHOVER: _ZN12NavEKF3_core20SelectBodyOdomFusionEv @ 0x7d1220
QHOVER: _ZN12NavEKF3_core15SelectTasFusionEv @ 0x7d14d0
QHOVER: _ZN12NavEKF3_core20SelectBetaDragFusionEv @ 0x7d15d0
QHOVER: _ZN12NavEKF3_core18updateFilterStatusEv @ 0x7d1890
QHOVER: _ZN12NavEKF3_core13moveEKFOriginEv @ 0x7d21d0
QHOVER: _ZN12NavEKF3_core21checkUpdateEarthFieldEv @ 0x7d2380
QHOVER: _ZN12NavEKF3_core16calcOutputStatesEv @ 0x7d2440
QHOVER: _ZN12NavEKF3_core11readMagDataEv @ 0x7d3790
QHOVER: _ZN12NavEKF3_core11readGpsDataEv @ 0x7d3ca0
QHOVER: _ZN12NavEKF3_core14readGpsYawDataEv @ 0x7d4630
QHOVER: _ZN12NavEKF3_core12readBaroDataEv @ 0x7d4760
QHOVER: _ZN6AP_DAL3insEv @ 0xaf7be0
QHOVER: _ZNK21AP_DAL_InertialSensor9get_accelEh @ 0xaf7c30
QHOVER: _ZL2sqf.5403 @ 0x7d6790
QHOVER: _ZNK16AP_NavEKF_Source13useVelZSourceENS_7SourceZEh @ 0x7d6900
QHOVER: _ZNK12NavEKF3_core26CorrectGPSForAntennaOffsetERNS_12gps_elementsE @ 0x7d6a30
QHOVER: _ZNK10AP_DAL_GPS18get_antenna_offsetEh @ 0xaf7f00
QHOVER: _ZNK7Vector3IdErmERKS0_ @ 0xaf7f70
QHOVER: _ZNK7Matrix3IdE13mul_transposeERK7Vector3IdE @ 0xaf8050
QHOVER: _ZN7Vector3IdEdVEd @ 0xaf8160
QHOVER: _ZNK21AP_DAL_InertialSensor16get_loop_delta_tEv @ 0xaf81f0
QHOVER: _ZNK14AP_DAL_Compass16get_first_usableEv @ 0xaf8610
QHOVER: _ZNK11AP_DAL_Baro15get_last_updateEh @ 0xaf8880
QHOVER: _ZNK11AP_DAL_Baro12get_altitudeEh @ 0xaf88f0
QHOVER: _ZN16EKF_obs_buffer_tIN12NavEKF3_core13baro_elementsEE4pushERKS1_ @ 0xaf8960
QHOVER: _ZNK10AP_DAL_GPS11gps_yaw_degEhRfS0_Rj @ 0xaf89d0
QHOVER: _ZL3MAXIfdEDTqugtfp_fp0_fp_fp0_ERKT_RKT0_ @ 0x7d7430
QHOVER: _ZNK10AP_DAL_GPS20last_message_time_msEh @ 0xaf8af0
QHOVER: _ZNK10AP_DAL_GPS7get_lagEhRf @ 0xaf8b60
QHOVER: _ZL3MINIjjEDTqultfp_fp0_fp_fp0_ERKT_RKT0_.5220 @ 0x7d7630
QHOVER: _ZNK10AP_DAL_GPS8velocityEh @ 0xaf8c10
QHOVER: _ZNK10AP_DAL_GPS22have_vertical_velocityEh @ 0xaf8c80
QHOVER: _ZNK10AP_DAL_GPS14speed_accuracyEhRf @ 0xaf8d00
QHOVER: _ZL3MAXIdfEDTqugtfp_fp0_fp_fp0_ERKT_RKT0_.5216 @ 0x7d76b0
QHOVER: _ZL3MINIdfEDTqultfp_fp0_fp_fp0_ERKT_RKT0_ @ 0x7d7750
QHOVER: _ZL3MAXId9AP_ParamTIfL11ap_var_type4EEEDTqugtfp_fp0_fp_fp0_ERKT_RKT0_ @ 0x7d77f0
QHOVER: _ZNK10AP_DAL_GPS19horizontal_accuracyEhRf @ 0xaf8db0
QHOVER: _ZNK10AP_DAL_GPS17vertical_accuracyEhRf @ 0xaf8e60
QHOVER: _ZNK10AP_DAL_GPS8num_satsEh @ 0xaf8f10
QHOVER: _ZN12NavEKF3_core18calcGpsGoodToAlignEv @ 0x7d78a0
QHOVER: _ZN12NavEKF3_core20calcGpsGoodForFlightEv @ 0x7d8800
QHOVER: _ZN16EKF_obs_buffer_tIN12NavEKF3_core12gps_elementsEE4pushERKS1_ @ 0xaf8f80
QHOVER: _ZL3MAXIddEDTqugtfp_fp0_fp_fp0_ERKT_RKT0_.5381 @ 0x7d8cc0
QHOVER: _ZL3MINIdfEDTqultfp_fp0_fp_fp0_ERKT_RKT0_.5368 @ 0x7d8d40
QHOVER: _ZNK10AP_DAL_GPS8get_hdopEh @ 0xaf8ff0
QHOVER: _ZNK14AP_DAL_Compass9availableEv @ 0xaf9060
QHOVER: _ZNK14AP_DAL_Compass9get_countEv @ 0xaf90c0
QHOVER: _ZNK14AP_DAL_Compass21learn_offsets_enabledEv @ 0xaf9110
QHOVER: _ZNK14AP_DAL_Compass7healthyEh @ 0xaf9170
QHOVER: _ZNK14AP_DAL_Compass16last_update_usecEh @ 0xaf91e0
QHOVER: _ZNK14AP_DAL_Compass11get_offsetsEh @ 0xaf9250
QHOVER: _ZNK7Vector3IdEneERKS0_ @ 0xaf92c0
QHOVER: _ZN12NavEKF3_core12mag_elementsC2Ev @ 0xaf9390
QHOVER: _ZNK14AP_DAL_Compass9get_fieldEh @ 0xaf93f0
QHOVER: _ZNK14AP_DAL_Compass10consistentEv @ 0xaf9460
QHOVER: _ZN16EKF_obs_buffer_tIN12NavEKF3_core12mag_elementsEE4pushERKS1_ @ 0xaf94c0
QHOVER: _Z8is_equalIddENSt3__19enable_ifIXsr3std17is_floating_pointINS0_11common_typeIJT_T0_EE4typeEEE5valueEbE4typeES3_S4_ @ 0xaf9530
QHOVER: _ZN12NavEKF3_core17correctDeltaAngleER7Vector3IdEdh @ 0x7d9020
QHOVER: _ZN12NavEKF3_core20correctDeltaVelocityER7Vector3IdEdh @ 0x7d90e0
QHOVER: _ZN11QuaternionTIdEC2Ev @ 0xaf95b0
QHOVER: _ZN11QuaternionTIdE15from_axis_angleE7Vector3IdE @ 0xaf9620
QHOVER: _ZN11QuaternionTIdEmLERKS0_ @ 0xaf96e0
QHOVER: _ZNK11QuaternionTIdE15rotation_matrixER7Matrix3IdE @ 0xaf9880
QHOVER: _ZNK21AP_DAL_InertialSensor8get_gyroEh @ 0xaf9a70
QHOVER: _ZNK6AP_DAL20get_takeoff_expectedEv @ 0xaf9b80
QHOVER: _ZN16EKF_IMU_buffer_tIN12NavEKF3_core12imu_elementsEE18get_youngest_indexEv @ 0xaf9bf0
QHOVER: _ZN16EKF_IMU_buffer_tIN12NavEKF3_core12imu_elementsEE16get_oldest_indexEv @ 0xaf9c50
QHOVER: _ZNK11QuaternionTIdEdvERKS0_ @ 0xaf9cb0
QHOVER: _ZN11QuaternionTIdEixEh @ 0xaf9ed0
QHOVER: _ZL3MAXIddEDTqugtfp_fp0_fp_fp0_ERKT_RKT0_.5431 @ 0x7d9200
QHOVER: _ZN12NavEKF3_core15output_elementsC2Ev @ 0xaf9f40
QHOVER: _ZNK14ekf_imu_buffer16get_oldest_indexEv @ 0xaf9fc0
QHOVER: _ZNK14ekf_imu_buffer18get_youngest_indexEv @ 0xafa010
QHOVER: _ZN11QuaternionTIdE15from_axis_angleERK7Vector3IdEd @ 0xafa060
QHOVER: _ZNK6AP_DAL22get_touchdown_expectedEv @ 0xafa180
QHOVER: _ZN12NavEKF3_core12FuseSideslipEv @ 0x7d92f0
QHOVER: _ZN16EKF_obs_buffer_tIN12NavEKF3_core13drag_elementsEE6recallERS1_j @ 0xafa1e0
QHOVER: _ZNK6AP_DAL11get_EAS2TASEv @ 0xafa260
QHOVER: _ZN7Vector3IdEixEh @ 0xafa320
QHOVER: _ZNK7Vector3IdEixEh @ 0xafa390
QHOVER: _ZN7Vector2IdEixEh @ 0xafa400
QHOVER: _ZN15ekf_ring_buffer6recallEPvj @ 0x7dfd60
QHOVER: _ZNK15ekf_ring_buffer7time_msEh @ 0x7dfec0
QHOVER: _ZN12NavEKF3_core14readAirSpdDataEv @ 0x7dff30
QHOVER: _ZN12NavEKF3_core12FuseAirspeedEv @ 0x7e0360
QHOVER: _ZL3MAXIdfEDTqugtfp_fp0_fp_fp0_ERKT_RKT0_.20297 @ 0x7e1b60
QHOVER: _ZNK12NavEKF3_core11useAirspeedEv @ 0x7e1c00
QHOVER: _ZNK15AP_DAL_Airspeed14last_update_msEh @ 0xafa470
QHOVER: _ZNK15AP_DAL_Airspeed7healthyEh @ 0xafa4e0
QHOVER: _ZNK15AP_DAL_Airspeed3useEh @ 0xafa550
QHOVER: _ZNK15AP_DAL_Airspeed12get_airspeedEh @ 0xafa5c0
QHOVER: _ZL2sqf.5223 @ 0x7e1c60
QHOVER: _ZN16EKF_obs_buffer_tIN12NavEKF3_core12tas_elementsEE4pushERKS1_ @ 0xafa630
QHOVER: _ZN16EKF_obs_buffer_tIN12NavEKF3_core12tas_elementsEE6recallERS1_j @ 0xafa6a0
QHOVER: _ZNK6AP_DAL23airspeed_sensor_enabledEv @ 0xafa720
QHOVER: _ZN16EKF_obs_buffer_tIN12NavEKF3_core16vel_odm_elementsEE6recallERS1_j @ 0xafa790
QHOVER: _ZN16EKF_obs_buffer_tIN12NavEKF3_core18wheel_odm_elementsEE6recallERS1_j @ 0xafa810
QHOVER: _ZN12NavEKF3_core11of_elementsC2Ev @ 0xafa890
QHOVER: _ZN16EKF_obs_buffer_tIN12NavEKF3_core11of_elementsEE6recallERS1_j @ 0xafa920
QHOVER: _ZNK7Vector2IdEixEh @ 0xafa9a0
QHOVER: _ZN12NavEKF3_core14readRngBcnDataEv @ 0x7eeb30
QHOVER: _ZN10EKFGSF_yaw11fuseVelDataERK7Vector2IdEd @ 0x7f27e0
QHOVER: _ZNK12NavEKF3_core13EKFGSF_getYawERdS0_ @ 0x7f2be0
QHOVER: _ZNK11QuaternionTIdE8to_eulerERdS1_S1_ @ 0xafae70
QHOVER: _ZN7Matrix3IdEixEh @ 0xafb9f0
QHOVER: _ZNK10EKFGSF_yaw10getYawDataERdS0_Ph @ 0x7f3550
QHOVER: _ZL7radiansf.5184 @ 0x7f3630
QHOVER: _ZL2sqf.5182 @ 0x7f3680
QHOVER: _ZN10EKFGSF_yaw7correctEhRK7Vector2IdEd @ 0x7f3bf0
QHOVER: _ZNK10EKFGSF_yaw15gaussianDensityEh @ 0x7f4fb0
QHOVER: _ZL3MAXIdfEDTqugtfp_fp0_fp_fp0_ERKT_RKT0_.4687 @ 0x7f5330
QHOVER: _ZN10EKFGSF_yaw13forceSymmetryEh @ 0x7f53d0
QHOVER: _ZN16EKF_obs_buffer_tIN12NavEKF3_core16ext_nav_elementsEE6recallERS1_j @ 0xafbb60
QHOVER: _ZN16EKF_obs_buffer_tIN12NavEKF3_core20ext_nav_vel_elementsEE6recallERS1_j @ 0xafbbe0
QHOVER: _ZNK12NavEKF3_core35CalculateVelInnovationsAndVariancesERK7Vector3IdEddRS1_S4_ @ 0x7f5900
QHOVER: _ZN16EKF_obs_buffer_tIN12NavEKF3_core12gps_elementsEE6recallERS1_j @ 0xafbc60
QHOVER: _ZN12NavEKF3_core21selectHeightForFusionEv @ 0x7f5f40
QHOVER: _ZN12NavEKF3_core13FuseVelPosNEDEv @ 0x7f7440
QHOVER: _ZL3MAXIdfEDTqugtfp_fp0_fp_fp0_ERKT_RKT0_.5356 @ 0x7f9790
QHOVER: _ZL3MAXI9AP_ParamTIfL11ap_var_type4EEfEDTqugtfp_fp0_fp_fp0_ERKT_RKT0_.5357 @ 0x7f9830
QHOVER: _ZN12NavEKF3_core15readRangeFinderEv @ 0x7f98c0
QHOVER: _ZN16EKF_obs_buffer_tIN12NavEKF3_core14range_elementsEE6recallERS1_j @ 0xafbce0
QHOVER: _ZN16EKF_obs_buffer_tIN12NavEKF3_core13baro_elementsEE6recallERS1_j @ 0xafbdb0
QHOVER: _ZL3MAXIddEDTqugtfp_fp0_fp_fp0_ERKT_RKT0_.5205 @ 0x7fa490
QHOVER: _ZL3MAXI9AP_ParamTIfL11ap_var_type4EEfEDTqugtfp_fp0_fp_fp0_ERKT_RKT0_.5194 @ 0x7fa660
QHOVER: _ZN16EKF_obs_buffer_tIN12NavEKF3_core12yaw_elementsEE6recallERS1_j @ 0xafc040
QHOVER: _ZN16EKF_obs_buffer_tIN12NavEKF3_core12mag_elementsEE6recallERS1_j @ 0xafc0c0
QHOVER: _ZN12NavEKF3_core18controlMagYawResetEv @ 0x7fc690
QHOVER: _ZN12NavEKF3_core16FuseMagnetometerEv @ 0x7fcca0
QHOVER: _ZN7Matrix3IdEC2Eddddddddd @ 0xafc140
QHOVER: _ZNK7Matrix3IdEixEh @ 0xafc290
QHOVER: _ZL3MAXIdfEDTqugtfp_fp0_fp_fp0_ERKT_RKT0_.5192 @ 0x8034e0
QHOVER: _ZN12NavEKF3_core17MagTableConstrainEv @ 0x803580
QHOVER: _ZNK11QuaternionTIdE13to_axis_angleER7Vector3IdE @ 0xafc300
QHOVER: _ZL3MAXIdfEDTqugtfp_fp0_fp_fp0_ERKT_RKT0_.5149 @ 0x803c60
QHOVER: _ZN10EKFGSF_yaw6updateERK7Vector3IdES3_ddbd @ 0x803d00
QHOVER: _ZN10EKFGSF_yaw7predictEh @ 0x804790
QHOVER: _ZN10EKFGSF_yaw11predictAHRSEh @ 0x8052e0
QHOVER: _ZL7radiansf.4685 @ 0x805860
QHOVER: _ZL2sqf.4686 @ 0x8058b0
QHOVER: _ZNK10EKFGSF_yaw12updateRotMatERK7Matrix3IdERK7Vector3IdE @ 0x805900
QHOVER: _ZN12NavEKF3_core21calcTiltErrorVarianceEv @ 0x8061e0
QHOVER: _ZN12NavEKF3_core23verifyTiltErrorVarianceEv @ 0x8068c0
QHOVER: _ZL3MINIffEDTqultfp_fp0_fp_fp0_ERKT_RKT0_.5423 @ 0x806cc0
QHOVER: _ZN11QuaternionTIdE6rotateERK7Vector3IdE @ 0xafc8c0
QHOVER: _ZN12NavEKF3_core15ConstrainStatesEv @ 0x806d50
QHOVER: _ZNK21AP_DAL_InertialSensor9use_accelEh @ 0xafc980
QHOVER: _ZNK21AP_DAL_InertialSensor8use_gyroEh @ 0xafca50
QHOVER: _ZN12NavEKF3_core19learnInactiveBiasesEv @ 0x807190
QHOVER: _ZN12NavEKF3_core19updateMovementCheckEv @ 0x807700
QHOVER: _ZN12NavEKF3_core17readDeltaVelocityEhR7Vector3IdERd @ 0x807fa0
QHOVER: _ZNK21AP_DAL_InertialSensor18get_imu_pos_offsetEh @ 0xafcb20
QHOVER: _ZN12NavEKF3_core14readDeltaAngleEhR7Vector3IdERd @ 0x8080f0
QHOVER: _ZN16EKF_IMU_buffer_tIN12NavEKF3_core12imu_elementsEE21push_youngest_elementES1_ @ 0xafcb90
QHOVER: _ZN12NavEKF3_core14SampleDragDataERKNS_12imu_elementsE @ 0x808210
QHOVER: _ZN16EKF_IMU_buffer_tIN12NavEKF3_core12imu_elementsEE18get_oldest_elementEv @ 0xafcbf0
QHOVER: _ZN12NavEKF3_core22updateTimingStatisticsEv @ 0x8084c0
QHOVER: _ZL3MINIfdEDTqultfp_fp0_fp_fp0_ERKT_RKT0_ @ 0x808770
QHOVER: _ZN12NavEKF3_core12imu_elementsC2Ev @ 0xafcc70
QHOVER: _ZN14ekf_imu_buffer18get_oldest_elementEPv @ 0x808810
QHOVER: _ZN14ekf_imu_buffer21push_youngest_elementEPKv @ 0x8088d0
QHOVER: _ZNK21AP_DAL_InertialSensor14get_gyro_countEv @ 0xafcd50
QHOVER: _ZNK21AP_DAL_InertialSensor15get_delta_angleEhR7Vector3IfERf @ 0xafcda0
QHOVER: _ZNK21AP_DAL_InertialSensor15get_accel_countEv @ 0xafcea0
QHOVER: _ZNK21AP_DAL_InertialSensor18get_delta_velocityEhR7Vector3IfERf @ 0xafcef0
QHOVER: _ZL7radiansi.5218 @ 0x8089c0
QHOVER: _ZN12NavEKF3_core12detectFlightEv @ 0x808a20
QHOVER: _ZN12NavEKF3_core27setWindMagStateLearningModeEv @ 0x808ee0
QHOVER: _ZN12NavEKF3_core28checkAttitudeAlignmentStatusEv @ 0x809780
QHOVER: _ZN12NavEKF3_core13setAidingModeEv @ 0x809890
QHOVER: _ZN12NavEKF3_core12setYawSourceEv @ 0x80a800
QHOVER: _ZN12NavEKF3_core18checkGyroCalStatusEv @ 0x80a8d0
QHOVER: _ZL3MINIttEDTqultfp_fp0_fp_fp0_ERKT_RKT0_ @ 0x80afb0
QHOVER: _ZL7radiansd.5136 @ 0x80b030
QHOVER: _ZN12NavEKF3_core19updateStateIndexLimEv @ 0x80b120
QHOVER: _ZL2sqf.5384 @ 0x80b200
QHOVER: _ZN12NavEKF3_core20update_gps_selectionEv @ 0x80b310
QHOVER: _ZN12NavEKF3_core20update_mag_selectionEv @ 0x80b410
QHOVER: _ZN12NavEKF3_core21update_baro_selectionEv @ 0x80b550
QHOVER: _ZN12NavEKF3_core25update_airspeed_selectionEv @ 0x80b630
QHOVER: _ZNK15AP_DAL_Airspeed11get_primaryEv @ 0xafd030
QHOVER: _ZNK11AP_DAL_Baro11get_primaryEv @ 0xafd080
QHOVER: _Z9fill_nanfPdt @ 0x80b740
QHOVER: _ZNK17AP_InertialSensor20get_last_update_usecEv @ 0xafd140
QHOVER: _ZNK17AP_InertialSensor16get_loop_delta_tEv @ 0xafd190
QHOVER: _ZNK7AP_AHRS17get_vehicle_classEv @ 0xafd1e0
QHOVER: _ZNK7AP_AHRS20get_takeoff_expectedEv @ 0xafd230
QHOVER: _ZNK7AP_AHRS22get_touchdown_expectedEv @ 0xafd290
QHOVER: _ZNK7AP_AHRS8get_trimEv @ 0xafd2f0
QHOVER: _ZN2AP12wheelencoderEv @ 0x80bb60
QHOVER: _ZNK7AP_AHRS43get_rotation_vehicle_body_to_autopilot_bodyEv @ 0xafd3a0
QHOVER: _ZN21AP_DAL_InertialSensor11start_frameEv @ 0x80bba0
QHOVER: _ZN11AP_DAL_Baro11start_frameEv @ 0x80be20
QHOVER: _ZN10AP_DAL_GPS11start_frameEv @ 0x80bf90
QHOVER: _ZN14AP_DAL_Compass11start_frameEv @ 0x80c390
QHOVER: _ZN15AP_DAL_Airspeed11start_frameEv @ 0x80c5b0
QHOVER: _ZN2AP6beaconEv @ 0x80cba0
QHOVER: _ZN9AP_Beacon13get_singletonEv @ 0xafd4a0
QHOVER: _ZNK11AP_Airspeed15get_num_sensorsEv @ 0xafd4e0
QHOVER: _ZNK11AP_Airspeed14last_update_msEh @ 0xafd530
QHOVER: _ZNK7Compass24auto_declination_enabledEv @ 0xafd5a0
QHOVER: _ZNK7Compass15get_declinationEv @ 0x80d2f0
QHOVER: _ZNK7Compass15get_num_enabledEv @ 0x80d350
QHOVER: _ZNK7Compass16get_first_usableEv @ 0xafd610
QHOVER: _ZNK7Compass17have_scale_factorEh @ 0x80d410
QHOVER: _ZNK7Compass16last_update_usecEh @ 0xafd660
QHOVER: _ZNK14typesafe_indexIh14TAG_StateIndexEgeERKh @ 0xafd6e0
QHOVER: _ZNK7AP_Baro11get_primaryEv @ 0xafd750
QHOVER: _ZNK7AP_Baro15get_last_updateEh @ 0xafd7a0
QHOVER: _ZNK17AP_InertialSensor16get_loop_rate_hzEv @ 0xafd810
QHOVER: _ZNK17AP_InertialSensor15get_delta_angleEhR7Vector3IfERf @ 0x80d550
QHOVER: _ZN21AP_DAL_InertialSensor15update_filteredEh @ 0x80d720
QHOVER: _ZNK17AP_InertialSensor18get_imu_pos_offsetEh @ 0xafd860
QHOVER: _ZNK17AP_InertialSensor10_accel_posEh @ 0xafd8c0
QHOVER: _ZN17AP_InertialSensor10_accel_posEh @ 0xafd920
QHOVER: _ZN15AP_WheelEncoder13get_singletonEv @ 0xafd990
QHOVER: _ZN7NavEKF212UpdateFilterEv @ 0x810760
QHOVER: _ZNK12NavEKF2_core11getGyroBiasER7Vector3IfE @ 0x810d40
QHOVER: _ZNK12NavEKF2_core21getFramesSincePredictEv @ 0x810e30
QHOVER: _ZN12NavEKF2_core12UpdateFilterEb @ 0x810e90
QHOVER: _ZN12NavEKF2_core18controlFilterModesEv @ 0x811090
QHOVER: _ZN12NavEKF2_core11readIMUDataEv @ 0x811160
QHOVER: _ZN12NavEKF2_core27UpdateStrapdownEquationsNEDEv @ 0x811980
QHOVER: _ZN12NavEKF2_core20CovariancePredictionEv @ 0x811dc0
QHOVER: _ZN12NavEKF2_core25runYawEstimatorPredictionEv @ 0x81b4d0
QHOVER: _ZN12NavEKF2_core15SelectMagFusionEv @ 0x81b640
QHOVER: _ZN12NavEKF2_core18SelectVelPosFusionEv @ 0x81ba90
QHOVER: _ZN12NavEKF2_core25runYawEstimatorCorrectionEv @ 0x81c2a0
QHOVER: _ZN12NavEKF2_core18SelectRngBcnFusionEv @ 0x81c3f0
QHOVER: _ZN12NavEKF2_core16SelectFlowFusionEv @ 0x81c480
QHOVER: _ZN12NavEKF2_core15SelectTasFusionEv @ 0x81c700
QHOVER: _ZN12NavEKF2_core16SelectBetaFusionEv @ 0x81c820
QHOVER: _ZN12NavEKF2_core18updateFilterStatusEv @ 0x81c9c0
QHOVER: _ZN12NavEKF2_core16calcOutputStatesEv @ 0x81d3c0
QHOVER: _ZNK12NavEKF2_core20assume_zero_sideslipEv @ 0x81e630
QHOVER: _ZN12NavEKF2_core11readMagDataEv @ 0x81e6c0
QHOVER: _ZN12NavEKF2_core11readGpsDataEv @ 0x81eba0
QHOVER: _ZN12NavEKF2_core12readBaroDataEv @ 0x81f660
QHOVER: _ZN16EKF_IMU_buffer_tIN12NavEKF2_core15output_elementsEEixEj @ 0xafed80
QHOVER: _ZNK10AP_DAL_GPS22have_vertical_velocityEv @ 0xafedf0
QHOVER: _ZNK12NavEKF2_core26CorrectGPSForAntennaOffsetERNS_12gps_elementsE @ 0x821780
QHOVER: _ZL2sqf.20181 @ 0x821c00
QHOVER: _ZNK11AP_DAL_Baro15get_last_updateEv @ 0xaff250
QHOVER: _ZNK11AP_DAL_Baro12get_altitudeEv @ 0xaff2b0
QHOVER: _ZL3MAXIddEDTqugtfp_fp0_fp_fp0_ERKT_RKT0_.20150 @ 0x821e70
QHOVER: _ZN16EKF_obs_buffer_tIN12NavEKF2_core13baro_elementsEE4pushERKS1_ @ 0xaff310
QHOVER: _ZNK10AP_DAL_GPS7get_lagERf @ 0xaff380
QHOVER: _ZNK10AP_DAL_GPS8velocityEv @ 0xaff400
QHOVER: _ZNK10AP_DAL_GPS14speed_accuracyERf @ 0xaff460
QHOVER: _ZL3MAXIdfEDTqugtfp_fp0_fp_fp0_ERKT_RKT0_.20159 @ 0x821ef0
QHOVER: _ZL3MINIdfEDTqultfp_fp0_fp_fp0_ERKT_RKT0_.20160 @ 0x821f90
QHOVER: _ZL3MAXId9AP_ParamTIfL11ap_var_type4EEEDTqugtfp_fp0_fp_fp0_ERKT_RKT0_.20162 @ 0x822030
QHOVER: _ZNK10AP_DAL_GPS19horizontal_accuracyERf @ 0xaff4e0
QHOVER: _ZNK10AP_DAL_GPS17vertical_accuracyERf @ 0xaff560
QHOVER: _ZNK10AP_DAL_GPS8num_satsEv @ 0xaff5e0
QHOVER: _ZN12NavEKF2_core18calcGpsGoodToAlignEv @ 0x8220e0
QHOVER: _ZN12NavEKF2_core20calcGpsGoodForFlightEv @ 0x822fd0
QHOVER: _ZN16EKF_obs_buffer_tIN12NavEKF2_core12gps_elementsEE4pushERKS1_ @ 0xaff650
QHOVER: _ZNK12NavEKF2_core14MagDeclinationEv @ 0x823510
QHOVER: _ZN12NavEKF2_core15FuseDeclinationEd @ 0x8235f0
QHOVER: _ZN12NavEKF2_core13ForceSymmetryEv @ 0x823fd0
QHOVER: _ZN12NavEKF2_core18ConstrainVariancesEv @ 0x824120
QHOVER: _ZL3MAXIddEDTqugtfp_fp0_fp_fp0_ERKT_RKT0_.20213 @ 0x824650
QHOVER: _ZL3MINIdfEDTqultfp_fp0_fp_fp0_ERKT_RKT0_.20200 @ 0x8246d0
QHOVER: _ZNK10AP_DAL_GPS8get_hdopEv @ 0xaff6c0
QHOVER: _ZN12NavEKF2_core12mag_elementsC2Ev @ 0xaff730
QHOVER: _ZN16EKF_obs_buffer_tIN12NavEKF2_core12mag_elementsEE4pushERKS1_ @ 0xaff790
QHOVER: _ZN12NavEKF2_core17correctDeltaAngleER7Vector3IdEdh @ 0x824920
QHOVER: _ZN12NavEKF2_core20correctDeltaVelocityER7Vector3IdEdh @ 0x824a30
QHOVER: _ZN16EKF_IMU_buffer_tIN12NavEKF2_core12imu_elementsEE18get_youngest_indexEv @ 0xaff800
QHOVER: _ZN16EKF_IMU_buffer_tIN12NavEKF2_core12imu_elementsEE16get_oldest_indexEv @ 0xaff860
QHOVER: _ZN12NavEKF2_core15output_elementsC2Ev @ 0xaff8c0
QHOVER: _ZNK12NavEKF2_core11useAirspeedEv @ 0x824ae0
QHOVER: _ZN12NavEKF2_core14readAirSpdDataEv @ 0x828020
QHOVER: _ZN12NavEKF2_core12FuseAirspeedEv @ 0x8281a0
QHOVER: _ZL3MAXIdfEDTqugtfp_fp0_fp_fp0_ERKT_RKT0_.22305 @ 0x8298f0
QHOVER: _ZNK15AP_DAL_Airspeed3useEv @ 0xaff940
QHOVER: _ZNK15AP_DAL_Airspeed7healthyEv @ 0xaff9b0
QHOVER: _ZNK15AP_DAL_Airspeed14last_update_msEv @ 0xaffa20
QHOVER: _ZNK15AP_DAL_Airspeed12get_airspeedEv @ 0xaffa80
QHOVER: _ZN16EKF_obs_buffer_tIN12NavEKF2_core12tas_elementsEE4pushERKS1_ @ 0xaffae0
QHOVER: _ZN16EKF_obs_buffer_tIN12NavEKF2_core12tas_elementsEE6recallERS1_j @ 0xaffb50
QHOVER: _ZN12NavEKF2_core14readRngBcnDataEv @ 0x82f990
QHOVER: _ZN16EKF_obs_buffer_tIN12NavEKF2_core16ext_nav_elementsEE6recallERS1_j @ 0xaffcc0
QHOVER: _ZN16EKF_obs_buffer_tIN12NavEKF2_core20ext_nav_vel_elementsEE6recallERS1_j @ 0xaffd40
QHOVER: _ZN16EKF_obs_buffer_tIN12NavEKF2_core12gps_elementsEE6recallERS1_j @ 0xaffdc0
QHOVER: _ZN12NavEKF2_core18controlMagYawResetEv @ 0x833c10
QHOVER: _ZN12NavEKF2_core13realignYawGPSEv @ 0x835b70
QHOVER: _ZN12NavEKF2_core21selectHeightForFusionEv @ 0x835df0
QHOVER: _ZN12NavEKF2_core13FuseVelPosNEDEv @ 0x837130
QHOVER: _ZL3MAXIdfEDTqugtfp_fp0_fp_fp0_ERKT_RKT0_.20190 @ 0x838e40
QHOVER: _ZN12NavEKF2_core15readRangeFinderEv @ 0x838ee0
QHOVER: _ZN16EKF_obs_buffer_tIN12NavEKF2_core14range_elementsEE6recallERS1_j @ 0xaffe40
QHOVER: _ZN16EKF_obs_buffer_tIN12NavEKF2_core13baro_elementsEE6recallERS1_j @ 0xaffec0
QHOVER: _ZL3MAXIddEDTqugtfp_fp0_fp_fp0_ERKT_RKT0_.20133 @ 0x8398e0
QHOVER: _ZL3MAXIdfEDTqugtfp_fp0_fp_fp0_ERKT_RKT0_.20138 @ 0x839a90
QHOVER: _ZN16EKF_obs_buffer_tIN12NavEKF2_core12mag_elementsEE6recallERS1_j @ 0xafffb0
QHOVER: _ZN12NavEKF2_core16FuseMagnetometerEv @ 0x83a080
QHOVER: _ZN12NavEKF2_core17MagTableConstrainEv @ 0x83fb70
QHOVER: _ZN12NavEKF2_core15CopyCovariancesEv @ 0x83fca0
QHOVER: _ZN12NavEKF2_core15ConstrainStatesEv @ 0x83fd90
QHOVER: _ZL3MAXIddEDTqugtfp_fp0_fp_fp0_ERKT_RKT0_.20258 @ 0x8401c0
QHOVER: _ZN12NavEKF2_core19learnInactiveBiasesEv @ 0x840240
QHOVER: _ZN12NavEKF2_core17readDeltaVelocityEhR7Vector3IdERd @ 0x840710
QHOVER: _ZN12NavEKF2_core14readDeltaAngleEhR7Vector3IdERd @ 0x840880
QHOVER: _ZN16EKF_IMU_buffer_tIN12NavEKF2_core12imu_elementsEE21push_youngest_elementES1_ @ 0xb00030
QHOVER: _ZN16EKF_IMU_buffer_tIN12NavEKF2_core12imu_elementsEE18get_oldest_elementEv @ 0xb00090
QHOVER: _ZN12NavEKF2_core22updateTimingStatisticsEv @ 0x8409f0
QHOVER: _ZL3MAXIfdEDTqugtfp_fp0_fp_fp0_ERKT_RKT0_.20157 @ 0x840ca0
QHOVER: _ZL3MINIfdEDTqultfp_fp0_fp_fp0_ERKT_RKT0_.20158 @ 0x840d40
QHOVER: _ZN12NavEKF2_core12imu_elementsC2Ev @ 0xb00110
QHOVER: _ZL7radiansi.20161 @ 0x840de0
QHOVER: _ZN12NavEKF2_core12detectFlightEv @ 0x840e40
QHOVER: _ZN12NavEKF2_core27setWindMagStateLearningModeEv @ 0x8412e0
QHOVER: _ZN12NavEKF2_core28checkAttitudeAlignmentStatusEv @ 0x841980
QHOVER: _ZN12NavEKF2_core13setAidingModeEv @ 0x841af0
QHOVER: _ZL3MINIttEDTqultfp_fp0_fp_fp0_ERKT_RKT0_.20103 @ 0x8429d0
QHOVER: _ZNK12NavEKF2_core16effective_magCalEv @ 0x842af0
QHOVER: _ZN16AP_AHRS_External6updateEv @ 0x843550
QHOVER: _ZN16AP_AHRS_External11get_resultsERN15AP_AHRS_Backend9EstimatesE @ 0x8435a0
QHOVER: _ZN7AP_AHRS37copy_estimates_from_backend_estimatesERKN15AP_AHRS_Backend9EstimatesE @ 0x8437f0
QHOVER: _ZN15AP_ExternalAHRS6updateEv @ 0x843ad0
QHOVER: _ZL7degreesf.11297 @ 0x843e00
QHOVER: _ZN11AP_AHRS_SIM6updateEv @ 0xb00d40
QHOVER: _ZN11AP_AHRS_SIM11get_resultsERN15AP_AHRS_Backend9EstimatesE @ 0x843e50
QHOVER: _ZN11AP_AHRS_DCM6updateEv @ 0x844a30
QHOVER: _ZN11AP_AHRS_DCM11get_resultsERN15AP_AHRS_Backend9EstimatesE @ 0x844d50
QHOVER: _ZN11AP_AHRS_DCM13matrix_updateEv @ 0x844e70
QHOVER: _ZN11AP_AHRS_DCM9normalizeEv @ 0x8450c0
QHOVER: _ZN11AP_AHRS_DCM16drift_correctionEf @ 0x8452e0
QHOVER: _ZN11AP_AHRS_DCM12check_matrixEv @ 0x846640
QHOVER: _ZN11AP_AHRS_DCM15backup_attitudeEv @ 0x846740
QHOVER: _ZNK11AP_AHRS_DCM12get_error_rpEv @ 0xb00e00
QHOVER: _ZNK11AP_AHRS_DCM13get_error_yawEv @ 0xb00e50
QHOVER: _ZN7Matrix3IfE6is_nanEv @ 0xb00ea0
QHOVER: _ZN11AP_AHRS_DCM20drift_correction_yawEv @ 0x846c30
QHOVER: _ZNK7Matrix3IfE4colxEv @ 0xb00f40
QHOVER: _ZNK6AP_GPS16last_fix_time_msEv @ 0xb00fb0
QHOVER: _ZL3MAXIfiEDTqugtfp_fp0_fp_fp0_ERKT_RKT0_.2600 @ 0x847150
QHOVER: _ZNK11AP_AHRS_DCM26should_correct_centrifugalEv @ 0x8471f0
QHOVER: _ZN11AP_AHRS_DCM10ra_delayedEhRK7Vector3IfE @ 0x847240
QHOVER: _ZNK17AP_InertialSensor7healthyEv @ 0xb01010
QHOVER: _ZN11AP_AHRS_DCM7_P_gainEf @ 0x847340
QHOVER: _ZNK11AP_AHRS_DCM14use_fast_gainsEv @ 0x847420
QHOVER: _ZL7radiansi.2601 @ 0x8474b0
QHOVER: _ZNK17AP_InertialSensor19get_gyro_drift_rateEv @ 0xb01090
QHOVER: _ZNK17AP_InertialSensor15get_gyro_healthEv @ 0xb010e0
QHOVER: _ZNK17AP_InertialSensor16get_accel_healthEv @ 0xb01140
QHOVER: _ZNK7Compass16last_update_usecEv @ 0xb011a0
QHOVER: _ZN7Compass4readEv @ 0x847510
QHOVER: _ZN11AP_AHRS_DCM17yaw_error_compassER7Compass @ 0x8478e0
QHOVER: _ZNK11AP_AHRS_DCM9_yaw_gainEv @ 0x847a60
QHOVER: _ZNK7Matrix3IfE5mulXYERK7Vector3IfE @ 0xb01200
QHOVER: _ZNK7Vector2IfErmERKS0_ @ 0xb012d0
QHOVER: _ZN7Compass15_detect_runtimeEv @ 0x847c10
QHOVER: _ZN9AP_Logger13Write_CompassEv @ 0x847f40
QHOVER: _ZN19RestrictIDTypeArrayI9AP_ParamTIaL11ap_var_type1EELj3E14typesafe_indexIh12TAG_PriorityEEixERKS5_ @ 0xb01350
QHOVER: _ZN9AP_Logger22Write_Compass_instanceEmh @ 0x847fe0
QHOVER: _ZNK7Compass17get_motor_offsetsEh @ 0xb013d0
QHOVER: _ZN18AP_Compass_Backend25drain_accumulated_samplesEhPK7Vector3IfE @ 0x849f10
QHOVER: _ZN18AP_Compass_Backend22publish_filtered_fieldERK7Vector3IfEh @ 0x84a090
QHOVER: _ZN11AP_AHRS_DCM6renormERK7Vector3IfERS1_ @ 0x84a150
QHOVER: _ZNK17AP_InertialSensor15get_delta_angleER7Vector3IfERf @ 0xb01c50
QHOVER: _ZNK7Vector3IfEeqERKS0_ @ 0xb01ce0
QHOVER: _ZNK14AP_Logger_File17recent_open_errorEv @ 0x84a500
QHOVER: _ZNK14AP_Logger_File15io_thread_aliveEv @ 0x84a590
QHOVER: _ZN14AP_Logger_File16disk_space_availEv @ 0x84a920
QHOVER: _ZL3MINIjjEDTqultfp_fp0_fp_fp0_ERKT_RKT0_.6871 @ 0x84aa00
QHOVER: _ZN13AP_Filesystem17bytes_until_fsyncEi @ 0x84aa80
QHOVER: _ZN13AP_Filesystem9disk_freeEPKc @ 0x84ab00
QHOVER: _ZN2AP4rssiEv @ 0x851d40
QHOVER: _ZNK7AP_RSSI7enabledEv @ 0xb02590
QHOVER: _ZN7AP_RSSI13get_singletonEv @ 0x852570
QHOVER: _ZN13AP_CANManager20check_logging_enableEv @ 0x853530
QHOVER: _ZN7FunctorIvJEE14method_wrapperI13AP_CANManagerXadL_ZNS2_20check_logging_enableEvEEEEvPv @ 0xb02bc0
QHOVER: _ZNK13AP_CANManager15CANIface_Params13option_is_setENS0_7OptionsE @ 0xb02c70
QHOVER: _ZN9AP_Logger13Write_MessageEPKc @ 0x85e120
QHOVER: _ZNK6AP_GPS20last_message_time_msEv @ 0xb0cc70
QHOVER: _ZNK22AP_BattMonitor_Backend13option_is_setEN21AP_BattMonitor_Params7OptionsE @ 0xb14c60
QHOVER: _ZN22AP_BattMonitor_Backend15update_consumedERN14AP_BattMonitor17BattMonitor_StateEj @ 0x875960
QHOVER: _ZN22AP_BattMonitor_Backend13calculate_mahEff @ 0xb14cf0
QHOVER: _ZN18AP_Compass_Backend17accumulate_sampleER7Vector3IfEhj @ 0x877c70
QHOVER: _ZN18AP_Compass_Backend12rotate_fieldER7Vector3IfEh @ 0x877df0
QHOVER: _ZN18AP_Compass_Backend17publish_raw_fieldERK7Vector3IfEh @ 0x877ee0
QHOVER: _ZN18AP_Compass_Backend13correct_fieldER7Vector3IfEh @ 0x877ff0
QHOVER: _ZN18AP_Compass_Backend8field_okERK7Vector3IfE @ 0x8783f0
QHOVER: _ZNK7Compass16get_filter_rangeEv @ 0xb17010
QHOVER: _ZNK16Compass_PerMotor7enabledEv @ 0xb17070
QHOVER: _ZN7Compass13_get_priorityE14typesafe_indexIh14TAG_StateIndexE @ 0xb170e0
QHOVER: _ZN14AP_GPS_Backend15set_alt_amsl_cmERN6AP_GPS9GPS_StateEi @ 0x87cac0
QHOVER: _ZN16JitterCorrection31correct_offboard_timestamp_usecEmm @ 0x87ccd0
QHOVER: _ZNK14AP_GPS_Backend10option_setEN6AP_GPS13DriverOptionsE @ 0xb1a270
QHOVER: _ZNK6AP_GPS10option_setENS_13DriverOptionsE @ 0xb1a2e0
QHOVER: _ZN6AP_RTC12set_utc_usecEmNS_11source_typeE @ 0x87d740
QHOVER: _ZN10RC_Channel9set_rangeEt @ 0x87faf0
QHOVER: _ZNK11GCS_MAVLINK14option_enabledENS_6OptionE @ 0xb1c770
QHOVER: _ZNK16AP_SerialManager9UARTState12get_protocolEv @ 0xb1c7f0
QHOVER: _ZN2AP8PerfInfo13set_loop_rateEt @ 0x88fde0
QHOVER: _ZN2AP8PerfInfo5resetEv @ 0x88fea0
QHOVER: _ZN3GCS10send_textvE12MAV_SEVERITYPKcP13__va_list_tagh @ 0x8904d0
QHOVER: _ZNK3GCS43min_loop_time_remaining_for_message_send_usEv @ 0xb1ce30
QHOVER: _ZNK3GCS19vehicle_initialisedEv @ 0xb1ce80
QHOVER: _ZL3MINImmEDTqultfp_fp0_fp_fp0_ERKT_RKT0_.7320 @ 0x8909e0
QHOVER: _ZN11ObjectArrayIN3GCS12statustext_tEE10push_forceERKS1_ @ 0xb1d010
QHOVER: _ZN2AP11frsky_telemEv @ 0x890a60
QHOVER: _ZN2AP14spektrum_telemEv @ 0x890aa0
QHOVER: _ZN9AP_Notify9send_textEPKc @ 0x890ae0
QHOVER: _ZN17AP_Spektrum_Telem13get_singletonEv @ 0xb1d150
QHOVER: _ZN14AP_Frsky_Telem13get_singletonEv @ 0xb1d190
QHOVER: _ZNK11ObjectArrayIN3GCS12statustext_tEE5spaceEv @ 0xb1d1d0
QHOVER: _ZN11ObjectArrayIN3GCS12statustext_tEE4pushERKS1_ @ 0xb1d230
QHOVER: _ZN5Plane8set_modeEh10ModeReason @ 0x890b80
QHOVER: _ZNK5Plane29current_mode_requires_missionEv @ 0xb1d500
QHOVER: _ZNK5Plane17get_wp_distance_mERf @ 0x891920
QHOVER: _ZNK5Plane18get_wp_bearing_degERf @ 0x891a40
QHOVER: _ZNK5Plane25get_wp_crosstrack_error_mERf @ 0x891b70
QHOVER: _ZN5Plane20set_control_channelsEv @ 0x893010
QHOVER: _ZN5Plane18fence_checks_asyncEv @ 0x893300
QHOVER: _ZN6AP_HAL15timeout_expiredIjjjEEbT_T0_T1_ @ 0xb1d620
QHOVER: _ZN8AC_Fence5checkEb @ 0x8934e0
QHOVER: _ZN8AC_Fence19clear_margin_breachEh @ 0x8938f0
QHOVER: _ZN10RC_Channel9set_angleEt @ 0x894630
QHOVER: _ZNK5Plane19have_reverse_thrustEv @ 0x8946a0
QHOVER: _ZN12SRV_Channels19set_esc_scaling_forEN11SRV_Channel8FunctionE @ 0x894710
QHOVER: _ZN6AP_HAL8RCOutput15set_esc_scalingEtt @ 0xb1d770
QHOVER: _ZN8AP_Param15save_io_handlerEv @ 0x895350
QHOVER: _ZN7FunctorIvJEE14method_wrapperI8AP_ParamXadL_ZNS2_15save_io_handlerEvEEEEvPv @ 0xb1d920
QHOVER: _ZN15ObjectBuffer_TSIN8AP_Param10param_saveEE3popERS1_ @ 0xb1d9d0
QHOVER: _ZN5Plane3gcsEv @ 0xb1db70
QHOVER: _ZL21failsafe_check_staticv @ 0x899cd0
QHOVER: _ZN9QuadPlane5setupEv @ 0x899d10
QHOVER: _ZN5Plane8set_modeER4Mode10ModeReason @ 0x89aa50
QHOVER: _ZN3GCS16sysid_mygcs_seenEj @ 0xb1dda0
QHOVER: _ZN5Plane18set_mode_by_numberEN4Mode6NumberE10ModeReason @ 0x89b270
QHOVER: _ZN10RC_Channel16read_mode_switchEv @ 0x8a2630
QHOVER: _ZN10RC_Channel16read_6pos_switchERa @ 0x8a26b0
QHOVER: _ZN10RC_Channel18debounce_completedEa @ 0x8a2810
QHOVER: _ZN5Plane18mode_from_mode_numEN4Mode6NumberE @ 0x8a2900
QHOVER: _ZN12SRV_Channels17enable_aux_servosEv @ 0x8a2c00
QHOVER: _ZN5Plane13servos_outputEv @ 0x8a2e40
QHOVER: _ZN5Plane22servos_twin_engine_mixEv @ 0x8a30f0
QHOVER: _ZNK5Plane22channel_function_mixerEN11SRV_Channel8FunctionES1_S1_S1_ @ 0x8a33b0
QHOVER: _ZN10Tailsitter6outputEv @ 0x8a35c0
QHOVER: _ZN9Tiltrotor15bicopter_outputEv @ 0x8a4a30
QHOVER: _ZN5Plane11force_flareEv @ 0x8a4cf0
QHOVER: _ZN5Plane15dspoiler_updateEv @ 0x8a4f60
QHOVER: _ZN5Plane38landing_neutral_control_surface_servosEv @ 0x8a54d0
QHOVER: _ZN12SRV_Channels8calc_pwmEv @ 0x8a5840
QHOVER: _ZN12SRV_Channels13output_ch_allEv @ 0x8a5a60
QHOVER: _ZNK12SRV_Channels17auto_trim_enabledEv @ 0xb204b0
QHOVER: _ZNK16AP_FW_Controller12get_pid_infoEv @ 0xb20520
QHOVER: _ZNK10AP_Landing23get_then_servos_neutralEv @ 0xb20570
QHOVER: _ZN12SRV_Channels30get_slew_limited_output_scaledEN11SRV_Channel8FunctionE @ 0x8a6550
QHOVER: _ZNK9QuadPlane18in_frwd_transitionEv @ 0x8a6660
QHOVER: _ZN19AP_AdvancedFailsafe20should_crash_vehicleEv @ 0x8a7080
QHOVER: _ZN5Plane24relative_ground_altitudeE14RangeFinderUse @ 0x8a7950
QHOVER: _ZN5Plane24relative_ground_altitudeE14RangeFinderUseb @ 0x8a79c0
QHOVER: _ZN5Plane17get_external_HAGLERf @ 0x8a7bd0
QHOVER: _ZNK5Plane15rangefinder_useE14RangeFinderUse @ 0x8a7ca0
QHOVER: _ZNK5Plane23rangefinder_orientationEv @ 0xb20960
QHOVER: _ZN5Plane20adjusted_altitude_cmEv @ 0x8a7ec0
QHOVER: _ZN5Plane18mission_alt_offsetEv @ 0x8a7f40
QHOVER: _ZN6AC_PID12reset_filterEv @ 0xb20e40
QHOVER: _ZN5Plane10should_logEj @ 0x8aaec0
QHOVER: _ZNK7AP_EnumI11StickMixingEcvKS0_Ev @ 0xb21c20
QHOVER: _ZN10Tailsitter6activeEv @ 0x8acaf0
QHOVER: _ZNK5Plane16get_speed_scalerEv @ 0xb21d90
QHOVER: _ZN16AP_FW_Controller7reset_IEv @ 0x8ad030
QHOVER: _ZN16AP_YawController7reset_IEv @ 0x8ad090
QHOVER: _ZL7degreesf.12 @ 0x8adb20
QHOVER: _ZN6AC_PID7reset_IEv @ 0x8add20
QHOVER: _ZN7AP_AHRS15set_fly_forwardEb @ 0xb220b0
QHOVER: _ZN7AP_Baro6updateEv @ 0x8afc80
QHOVER: _ZNK7AP_Baro7healthyEv @ 0xb22230
QHOVER: _ZN15AP_Baro_Backend14backend_updateEh @ 0x8b03a0
QHOVER: _ZN7AP_Baro24wind_pressure_correctionEh @ 0x8b0420
QHOVER: _ZNK7AP_Baro15get_last_updateEv @ 0xb22290
QHOVER: _ZN16DerivativeFilterIfLh7EE6updateEfj @ 0xb222f0
QHOVER: _ZN7AP_Baro22update_field_elevationEv @ 0x8b0760
QHOVER: _ZNK7AP_Baro10should_logEv @ 0x8b09e0
QHOVER: _ZN7AP_Baro10Write_BaroEv @ 0x8b0a90
QHOVER: _ZN7AP_Baro19Write_Baro_instanceEmh @ 0x8b0b20
QHOVER: _ZNK7AP_Baro21get_baro_drift_offsetEv @ 0xb223d0
QHOVER: _ZNK7AP_Baro22get_ground_temperatureEv @ 0x8b0d40
QHOVER: _ZNK7AP_Baro22get_corrected_pressureEh @ 0xb22420
QHOVER: _ZN16FilterWithBufferIfLh7EE5applyEf @ 0xb22500
QHOVER: _ZN17AP_InertialSensor12_gyro_offsetEh @ 0xb23a60
QHOVER: _ZN17AP_InertialSensor12caltemp_gyroEh @ 0xb23ad0
QHOVER: _ZN22AP_InertialSensor_SITL6updateEv @ 0x8b2f30
QHOVER: _ZN25AP_InertialSensor_Backend10accumulateEv @ 0xb23bf0
QHOVER: _ZN25AP_InertialSensor_Backend11set_primaryEb @ 0xb23dc0
QHOVER: _ZNK25AP_InertialSensor_Backend21_gyro_raw_sample_rateEh @ 0xb23e10
QHOVER: _ZN22AP_InertialSensor_SITL12timer_updateEv @ 0x8b36b0
QHOVER: _ZN7FunctorIvJEE14method_wrapperI22AP_InertialSensor_SITLXadL_ZNS2_12timer_updateEvEEEEvPv @ 0xb23ee0
QHOVER: _ZN22AP_InertialSensor_SITL14generate_accelEv @ 0x8b3b80
QHOVER: _ZN22AP_InertialSensor_SITL13generate_gyroEv @ 0x8b4b60
QHOVER: _ZNK25AP_InertialSensor_Backend20enable_fast_samplingEh @ 0xb23f90
QHOVER: _ZNK22AP_InertialSensor_SITL10gyro_driftEv @ 0x8b55c0
QHOVER: _ZL7radiansd.19672 @ 0x8b57c0
QHOVER: _ZL7radiansf.19673 @ 0x8b5810
QHOVER: _ZN22AP_InertialSensor_SITL15get_temperatureEv @ 0x8b58f0
QHOVER: _ZNK22AP_InertialSensor_TCal15sitl_apply_gyroEfR7Vector3IfE @ 0x8b5a90
QHOVER: _ZN25AP_InertialSensor_Backend35_notify_new_gyro_sensor_rate_sampleEhRK7Vector3IfE @ 0x8b5b70
QHOVER: _ZN25AP_InertialSensor_Backend24_rotate_and_correct_gyroEhR7Vector3IfE @ 0x8b5d70
QHOVER: _ZN25AP_InertialSensor_Backend27_notify_new_gyro_raw_sampleEhRK7Vector3IfEm @ 0x8b5f00
QHOVER: _ZNK25AP_InertialSensor_Backend15has_been_killedEh @ 0xb24020
QHOVER: _ZNK25AP_InertialSensor_Backend19_update_sensor_rateERtRjRf @ 0x8b65a0
QHOVER: _ZN25AP_InertialSensor_Backend18apply_gyro_filtersEhRK7Vector3IfE @ 0x8b6770
QHOVER: _ZN25AP_InertialSensor_Backend12log_gyro_rawEhmRK7Vector3IfES3_ @ 0x8b6b30
QHOVER: _ZN25AP_InertialSensor_Backend14update_primaryEv @ 0x8b6dc0
QHOVER: _ZNK17AP_InertialSensor22raw_logging_option_setENS_18RAW_LOGGING_OPTIONE @ 0xb240a0
QHOVER: _ZNK25AP_InertialSensor_Backend18should_log_imu_rawEv @ 0x8b6ea0
QHOVER: _ZNK17AP_InertialSensor12BatchSampler25doing_sensor_rate_loggingEv @ 0xb24120
QHOVER: _ZNK17AP_InertialSensor12BatchSampler25doing_post_filter_loggingEv @ 0xb24180
QHOVER: _ZN17AP_InertialSensor12BatchSampler6sampleEhNS_15IMU_SENSOR_TYPEEmRK7Vector3IfE @ 0x8b70b0
QHOVER: _ZN17AP_InertialSensor12BatchSampler10should_logEhNS_15IMU_SENSOR_TYPEE @ 0x8b7200
QHOVER: _ZN25AP_InertialSensor_Backend16save_gyro_windowEhRK7Vector3IfEh @ 0x8b7340
QHOVER: _ZN15LowPassFilter2pI7Vector3IfEE5applyERKS1_ @ 0xb24460
QHOVER: _ZN19DigitalBiquadFilterI7Vector3IfEE5applyERKS1_RKNS2_13biquad_paramsE @ 0xb245b0
QHOVER: _ZNK25AP_InertialSensor_Backend18sensors_convergingEv @ 0x8b7600
QHOVER: _ZNK22AP_InertialSensor_TCal12correct_gyroEffR7Vector3IfE @ 0x8b7730
QHOVER: _ZNK22AP_InertialSensor_TCal14correct_sensorEffPK9AP_ParamVI7Vector3IfEL11ap_var_type5EERS2_ @ 0x8b77d0
QHOVER: _ZNK22AP_InertialSensor_TCal15polynomial_evalEfPK9AP_ParamVI7Vector3IfEL11ap_var_type5EE @ 0x8b79e0
QHOVER: _ZNK22AP_InertialSensor_TCal16sitl_apply_accelEfR7Vector3IfE @ 0x8ba990
QHOVER: _ZN25AP_InertialSensor_Backend36_notify_new_accel_sensor_rate_sampleEhRK7Vector3IfE @ 0x8baa70
QHOVER: _ZN25AP_InertialSensor_Backend25_rotate_and_correct_accelEhR7Vector3IfE @ 0x8bac70
QHOVER: _ZN25AP_InertialSensor_Backend28_notify_new_accel_raw_sampleEhRK7Vector3IfEmb @ 0x8bae90
QHOVER: _ZN25AP_InertialSensor_Backend20_publish_temperatureEhf @ 0x8bb440
QHOVER: _ZN17AP_InertialSensor27calc_vibration_and_clippingEhRK7Vector3IfEf @ 0x8bb4e0
QHOVER: _ZN17AP_InertialSensor19set_accel_peak_holdEhRK7Vector3IfE @ 0x8bb760
QHOVER: _ZN25AP_InertialSensor_Backend13log_accel_rawEhmRK7Vector3IfE @ 0x8bb840
QHOVER: _ZNK25AP_InertialSensor_Backend14get_clip_limitEv @ 0xb255d0
QHOVER: _ZN13LowPassFilterI7Vector3IfEE5applyERKS1_RKf @ 0xb25620
QHOVER: _ZN10DigitalLPFI7Vector3IfEE6_applyERKS1_RKf @ 0xb256e0
QHOVER: _ZNK22AP_InertialSensor_TCal13correct_accelEffR7Vector3IfE @ 0x8bbc20
QHOVER: _ZN25AP_InertialSensor_Backend12update_accelEh @ 0x8bc0a0
QHOVER: _ZN25AP_InertialSensor_Backend11update_gyroEh @ 0x8bc1c0
QHOVER: _ZN25AP_InertialSensor_Backend13_publish_gyroEhRK7Vector3IfE @ 0x8bc320
QHOVER: _ZN25AP_InertialSensor_Backend19update_gyro_filtersEh @ 0x8bc490
QHOVER: _ZNK25AP_InertialSensor_Backend19_gyro_filter_cutoffEv @ 0xb259b0
QHOVER: _ZN25AP_InertialSensor_Backend14_publish_accelEhRK7Vector3IfE @ 0x8bc8d0
QHOVER: _ZN25AP_InertialSensor_Backend20update_accel_filtersEh @ 0x8bcb00
QHOVER: _ZNK25AP_InertialSensor_Backend20_accel_filter_cutoffEv @ 0xb25c90
QHOVER: _ZN5Plane16control_failsafeEv @ 0x8bf840
QHOVER: _ZN5Plane19update_flight_stageEv @ 0x8bfcd0
QHOVER: _ZNK5Plane18get_throttle_inputEb @ 0x8c0830
QHOVER: _ZNK7AP_AHRS21using_airspeed_sensorEv @ 0x8c0990
QHOVER: _ZNK10RC_Channel22get_control_in_zero_dzEv @ 0x8c0b40
QHOVER: _ZNK10RC_Channel15pwm_to_range_dzEt @ 0x8c0bc0
QHOVER: _ZNK10RC_Channel15pwm_to_angle_dzEt @ 0x8c0d60
QHOVER: _ZNK10RC_Channel20pwm_to_angle_dz_trimEtt @ 0x8c0df0
QHOVER: _ZN5Plane16set_flight_stageEN12AP_FixedWing11FlightStageE @ 0x8c1040
QHOVER: _ZN5Plane16Log_Write_StatusEv @ 0x8c19b0
QHOVER: _ZN17AP_InertialSensor8is_stillEv @ 0x8c1ac0
QHOVER: _ZNK5Plane18rc_failsafe_activeEv @ 0x8c1bd0
QHOVER: _ZNK5Plane20rc_throttle_value_okEv @ 0x8c1c70
QHOVER: _ZN7AP_TECS16set_throttle_minEfb @ 0x8c6830
QHOVER: _ZN6AC_PID10update_allEfffbf @ 0x8c85b0
QHOVER: _ZNK6AC_PID6get_ffEv @ 0x8c8bc0
QHOVER: _ZNK6AC_PID16get_filt_T_alphaEf @ 0x8c8c20
QHOVER: _ZNK6AC_PID16get_filt_E_alphaEf @ 0x8c8ca0
QHOVER: _ZNK6AC_PID16get_filt_D_alphaEf @ 0x8c8d20
QHOVER: _ZN6AC_PID8update_iEfb @ 0x8c8da0
QHOVER: _ZN11SlewLimiter8modifierEff @ 0x8c8fa0
QHOVER: _ZNK11SlewLimiter13get_slew_rateEv @ 0xb27940
QHOVER: _ZL3MINIjjEDTqultfp_fp0_fp_fp0_ERKT_RKT0_.20424 @ 0x8c9520
QHOVER: _ZNK6AC_PID5get_iEv @ 0x8c95a0
QHOVER: _ZN5Plane22calc_altitude_error_cmEv @ 0x8ca720
QHOVER: _ZL3MAXIffEDTqugtfp_fp0_fp_fp0_ERKT_RKT0_.12726 @ 0x8ca800
QHOVER: _ZN5Plane12fly_invertedEv @ 0x8cc6c0
QHOVER: _Z10expo_curveff @ 0x8cca00
QHOVER: _ZN6AC_PID21set_notch_sample_rateEf @ 0x8ded20
QHOVER: _ZN5Plane14failsafe_checkEv @ 0x8ea080
QHOVER: _ZN11RC_Channels10read_inputEv @ 0x8ea3a0
QHOVER: _ZNK5Plane12roll_in_expoEb @ 0x8ea620
QHOVER: _ZNK5Plane13pitch_in_expoEb @ 0x8ea6b0
QHOVER: _ZNK5Plane14rudder_in_expoEb @ 0x8ea740
QHOVER: _ZN5Plane15flaperon_updateEv @ 0x8eaba0
QHOVER: _ZN11GCS_MAVLINK21send_servo_output_rawEv @ 0x8eac90
QHOVER: _ZL33mavlink_msg_servo_output_raw_send17mavlink_channel_tjhtttttttttttttttt @ 0x8eb0b0
QHOVER: _ZN12SRV_Channels13set_slew_rateEN11SRV_Channel8FunctionEftf @ 0x8eb380
QHOVER: _ZL12channel_expoP10RC_Channelab @ 0x8ecb20
QHOVER: _ZN10RC_Channel6updateEv @ 0x8ecc30
QHOVER: _ZN11RC_Channels23rudder_arm_disarm_checkEv @ 0x8ecda0
QHOVER: _ZNK10RC_Channel12pwm_to_rangeEv @ 0x8ecfa0
QHOVER: _ZNK10RC_Channel12pwm_to_angleEv @ 0x8ed010
QHOVER: _ZNK7AP_AHRS18get_yaw_rate_earthEv @ 0xb30ba0
QHOVER: _ZNK12NavEKF3_core9getMagXYZER7Vector3IfE @ 0x917a40
QHOVER: _ZNK12NavEKF2_core9getMagXYZER7Vector3IfE @ 0x917af0
QHOVER: _ZNK12NavEKF3_core9getMagNEDER7Vector3IfE @ 0x917cc0
QHOVER: _ZNK12NavEKF2_core9getMagNEDER7Vector3IfE @ 0x917d70
QHOVER: _ZNK7AP_AHRS9cos_pitchEv @ 0xb30da0
QHOVER: _ZNK7AP_AHRS8cos_rollEv @ 0xb30e40
QHOVER: _ZNK14AP_GPS_Backend32supports_mavlink_gps_rtk_messageEv @ 0xb31110
QHOVER: _ZNK14AP_GPS_Blended7get_lagERf @ 0x91a030
QHOVER: _ZN15AP_Compass_SITL6_timerEv @ 0x91bc20
QHOVER: _ZN7FunctorIvJEE14method_wrapperI15AP_Compass_SITLXadL_ZNS2_6_timerEvEEEEvPv @ 0xb319a0
QHOVER: _Z10rand_vec3fv @ 0x91c150
QHOVER: _ZN7VectorNIN15AP_Compass_SITL16readings_compassELh50EEixEh @ 0xb31a50
QHOVER: _ZN15AP_Compass_SITL26_setup_eliptical_correcionEh @ 0x91c1d0
QHOVER: _ZNK18AP_Compass_Backend21get_board_orientationEv @ 0x91c400
QHOVER: _ZN15AP_Compass_SITL4readEv @ 0x91c450
QHOVER: _ZNK22AP_BattMonitor_Backend17has_cell_voltagesEv @ 0xb33030
QHOVER: _ZNK22AP_BattMonitor_Backend15has_temperatureEv @ 0xb33080
QHOVER: _ZNK22AP_BattMonitor_Backend15get_temperatureERf @ 0x91fd40
QHOVER: _ZNK22AP_BattMonitor_Backend22capacity_remaining_pctERh @ 0x91fe00
QHOVER: _ZN22AP_BattMonitor_Backend26update_resistance_estimateEv @ 0x91ff80
QHOVER: _ZN22AP_BattMonitor_Backend16update_failsafesEv @ 0x9202d0
QHOVER: _ZNK22AP_BattMonitor_Backend25get_mavlink_fault_bitmaskEv @ 0xb33130
QHOVER: _ZL3MINIifEDTqultfp_fp0_fp_fp0_ERKT_RKT0_.19314 @ 0x9205f0
QHOVER: _ZL3MINIffEDTqultfp_fp0_fp_fp0_ERKT_RKT0_.19315 @ 0x920690
QHOVER: _ZN21AP_BattMonitor_Analog4readEv @ 0x922290
QHOVER: _ZNK21AP_BattMonitor_Analog19has_consumed_energyEv @ 0xb33e20
QHOVER: _ZNK21AP_BattMonitor_Analog11has_currentEv @ 0x922490
QHOVER: _ZN15AP_Baro_Backend17_copy_to_frontendEhff @ 0x93c0a0
QHOVER: _ZN12AP_Baro_SITL6_timerEv @ 0x93d330
QHOVER: _ZN7FunctorIvJEE14method_wrapperI12AP_Baro_SITLXadL_ZNS2_6_timerEvEEEEvPv @ 0xb3c960
QHOVER: _ZN7VectorNIN12AP_Baro_SITL13readings_baroELh50EEixEh @ 0xb3ca10
QHOVER: _ZN12AP_Baro_SITL22temperature_adjustmentERfS0_ @ 0x93d720
QHOVER: _ZN12AP_Baro_SITL24wind_pressure_correctionEh @ 0x93d910
QHOVER: _ZL2sqf.2785 @ 0x93db20
QHOVER: _ZN7AP_Baro22_get_air_density_ratioEv @ 0x93db70
QHOVER: _ZL2sqf.2764 @ 0x93dc10
QHOVER: _ZN12AP_Baro_SITL6updateEv @ 0x93dd00
QHOVER: _ZN12AP_Baro_SITL19update_healthy_flagEh @ 0xb3cb20
QHOVER: _ZN12AP_Baro_SITL7healthyEh @ 0x93ddb0
QHOVER: _ZN6RGBLed6updateEv @ 0x943cf0
QHOVER: _ZN6RGBLed8_set_rgbEhhh @ 0x944120
QHOVER: _ZNK6RGBLed10rgb_sourceEv @ 0x944230
QHOVER: _ZNK6RGBLed19get_colour_sequenceEv @ 0x944490
QHOVER: _ZNK6RGBLed14get_brightnessEv @ 0x944880
QHOVER: _ZN6RGBLed7set_rgbEhhh @ 0x944980
QHOVER: _ZN10IS31FL31956_timerEv @ 0x944a40
QHOVER: _ZN7FunctorIvJEE14method_wrapperI10IS31FL3195XadL_ZNS2_6_timerEvEEEEvPv @ 0xb3dc90
QHOVER: _ZN6LP55626_timerEv @ 0x944fd0
QHOVER: _ZN7FunctorIvJEE14method_wrapperI6LP5562XadL_ZNS2_6_timerEvEEEEvPv @ 0xb3e000
QHOVER: _ZN14ToshibaLED_I2C6_timerEv @ 0x946e00
QHOVER: _ZN7FunctorIvJEE14method_wrapperI14ToshibaLED_I2CXadL_ZNS2_6_timerEvEEEEvPv @ 0xb3ed10
QHOVER: _ZL3MAXIfiEDTqugtfp_fp0_fp_fp0_ERKT_RKT0_.12478 @ 0x9477e0
QHOVER: _ZNK9QuadPlane14show_vtol_viewEv @ 0x9479d0
QHOVER: _ZN5Plane20nav_scripting_activeEv @ 0x947d70
QHOVER: _Z11wrap_180_cdIiET_S0_ @ 0xb3f0a0
QHOVER: _ZNK8Location20line_path_proportionERKS_S1_ @ 0x9487d0
QHOVER: _ZN7AP_TECS19set_path_proportionEf @ 0xb3f110
QHOVER: _ZL2sqf.3123 @ 0x948c70
QHOVER: _ZN9QuadPlane9is_flyingEv @ 0x9490d0
QHOVER: _ZN7FunctorIvJEE14method_wrapperI5PlaneXadL_ZNS2_11ahrs_updateEvEEEEvPv @ 0xb3f190
QHOVER: _ZN7FunctorIvJEE14method_wrapperI5PlaneXadL_ZNS2_19update_control_modeEvEEEEvPv @ 0xb3f240
QHOVER: _ZN7FunctorIvJEE14method_wrapperI5PlaneXadL_ZNS2_9stabilizeEvEEEEvPv @ 0xb3f2f0
QHOVER: _ZN7FunctorIvJEE14method_wrapperI5PlaneXadL_ZNS2_10set_servosEvEEEEvPv @ 0xb3f3a0
QHOVER: _ZN7FunctorIvJEE14method_wrapperI5PlaneXadL_ZNS2_10read_radioEvEEEEvPv @ 0xb3f450
QHOVER: _ZN7FunctorIvJEE14method_wrapperI5PlaneXadL_ZNS2_20check_short_failsafeEvEEEEvPv @ 0xb3f500
QHOVER: _ZN7FunctorIvJEE14method_wrapperI5PlaneXadL_ZNS2_19update_speed_heightEvEEEEvPv @ 0xb3f5b0
QHOVER: _ZN7FunctorIvJEE14method_wrapperI5PlaneXadL_ZNS2_21update_throttle_hoverEvEEEEvPv @ 0xb3f660
QHOVER: _ZN7FunctorIvJEE14method_wrapperI11RC_ChannelsXadL_ZNS2_16read_mode_switchEvEEEEvPv @ 0xb3f710
QHOVER: _ZN7FunctorIvJEE14method_wrapperI5PlaneXadL_ZNS2_15update_GPS_50HzEvEEEEvPv @ 0xb3f7b0
QHOVER: _ZN7FunctorIvJEE14method_wrapperI5PlaneXadL_ZNS2_15update_GPS_10HzEvEEEEvPv @ 0xb3f860
QHOVER: _ZN7FunctorIvJEE14method_wrapperI5PlaneXadL_ZNS2_8navigateEvEEEEvPv @ 0xb3f910
QHOVER: _ZN7FunctorIvJEE14method_wrapperI5PlaneXadL_ZNS2_14update_compassEvEEEEvPv @ 0xb3f9c0
QHOVER: _ZN7FunctorIvJEE14method_wrapperI5PlaneXadL_ZNS2_20calc_airspeed_errorsEvEEEEvPv @ 0xb3fa70
QHOVER: _ZN7FunctorIvJEE14method_wrapperI5PlaneXadL_ZNS2_10update_altEvEEEEvPv @ 0xb3fb20
QHOVER: _ZN7FunctorIvJEE14method_wrapperI5PlaneXadL_ZNS2_22adjust_altitude_targetEvEEEEvPv @ 0xb3fbd0
QHOVER: _ZN7FunctorIvJEE14method_wrapperI5PlaneXadL_ZNS2_12afs_fs_checkEvEEEEvPv @ 0xb3fc80
QHOVER: _ZN7FunctorIvJEE14method_wrapperI5PlaneXadL_ZNS2_9ekf_checkEvEEEEvPv @ 0xb3fd30
QHOVER: _ZN7FunctorIvJEE14method_wrapperI3GCSXadL_ZNS2_14update_receiveEvEEEEvPv @ 0xb3fde0
QHOVER: _ZN7FunctorIvJEE14method_wrapperI3GCSXadL_ZNS2_11update_sendEvEEEEvPv @ 0xb3fe90
QHOVER: _ZN7FunctorIvJEE14method_wrapperI19AP_ServoRelayEventsXadL_ZNS2_13update_eventsEvEEEEvPv @ 0xb3ff40
QHOVER: _ZN7FunctorIvJEE14method_wrapperI14AP_BattMonitorXadL_ZNS2_4readEvEEEEvPv @ 0xb3fff0
QHOVER: _ZN7FunctorIvJEE14method_wrapperI5PlaneXadL_ZNS2_16read_rangefinderEvEEEEvPv @ 0xb400a0
QHOVER: _ZN7FunctorIvJEE14method_wrapperI11AP_ICEngineXadL_ZNS2_6updateEvEEEEvPv @ 0xb40150
QHOVER: _ZN7FunctorIvJEE14method_wrapperI14AP_OpticalFlowXadL_ZNS2_6updateEvEEEEvPv @ 0xb40200
QHOVER: _ZN7FunctorIvJEE14method_wrapperI5PlaneXadL_ZNS2_15one_second_loopEvEEEEvPv @ 0xb402b0
QHOVER: _ZN7FunctorIvJEE14method_wrapperI5PlaneXadL_ZNS2_13three_hz_loopEvEEEEvPv @ 0xb40360
QHOVER: _ZN7FunctorIvJEE14method_wrapperI5PlaneXadL_ZNS2_19check_long_failsafeEvEEEEvPv @ 0xb40410
QHOVER: _ZN7FunctorIvJEE14method_wrapperI5PlaneXadL_ZNS2_21airspeed_ratio_updateEvEEEEvPv @ 0xb404c0
QHOVER: _ZN7FunctorIvJEE14method_wrapperI8AP_MountXadL_ZNS2_6updateEvEEEEvPv @ 0xb40570
QHOVER: _ZN7FunctorIvJEE14method_wrapperI9AP_CameraXadL_ZNS2_6updateEvEEEEvPv @ 0xb40620
QHOVER: _ZN7FunctorIvJEE14method_wrapperI12AP_SchedulerXadL_ZNS2_14update_loggingEvEEEEvPv @ 0xb406d0
QHOVER: _ZN7FunctorIvJEE14method_wrapperI5PlaneXadL_ZNS2_18Log_Write_FullRateEvEEEEvPv @ 0xb40780
QHOVER: _ZN7FunctorIvJEE14method_wrapperI5PlaneXadL_ZNS2_16update_logging10EvEEEEvPv @ 0xb40830
QHOVER: _ZN7FunctorIvJEE14method_wrapperI5PlaneXadL_ZNS2_16update_logging25EvEEEEvPv @ 0xb408e0
QHOVER: _ZN7FunctorIvJEE14method_wrapperI5PlaneXadL_ZNS2_14update_soaringEvEEEEvPv @ 0xb40990
QHOVER: _ZN7FunctorIvJEE14method_wrapperI5PlaneXadL_ZNS2_15parachute_checkEvEEEEvPv @ 0xb40a40
QHOVER: _ZN7FunctorIvJEE14method_wrapperI10AP_TerrainXadL_ZNS2_6updateEvEEEEvPv @ 0xb40af0
QHOVER: _ZN7FunctorIvJEE14method_wrapperI5PlaneXadL_ZNS2_20update_is_flying_5HzEvEEEEvPv @ 0xb40ba0
QHOVER: _ZN7FunctorIvJEE14method_wrapperI9AP_LoggerXadL_ZNS2_14periodic_tasksEvEEEEvPv @ 0xb40c50
QHOVER: _ZN7FunctorIvJEE14method_wrapperI17AP_InertialSensorXadL_ZNS2_8periodicEvEEEEvPv @ 0xb40d00
QHOVER: _ZN7FunctorIvJEE14method_wrapperI5PlaneXadL_ZNS2_21avoidance_adsb_updateEvEEEEvPv @ 0xb40db0
QHOVER: _ZN7FunctorIvJEE14method_wrapperI11RC_ChannelsXadL_ZNS2_12read_aux_allEvEEEEvPv @ 0xb40e60
QHOVER: _ZN7FunctorIvJEE14method_wrapperI9AP_ButtonXadL_ZNS2_6updateEvEEEEvPv @ 0xb40f10
QHOVER: _ZN7FunctorIvJEE14method_wrapperI5PlaneXadL_ZNS2_19landing_gear_updateEvEEEEvPv @ 0xb40fc0
QHOVER: _ZN7FunctorIvJEE14method_wrapperI5PlaneXadL_ZNS2_15precland_updateEvEEEEvPv @ 0xb41070
QHOVER: _ZN7FunctorIvJEE14method_wrapperI5PlaneXadL_ZNS2_16update_quicktuneEvEEEEvPv @ 0xb41120
QHOVER: _ZN5Plane16update_quicktuneEv @ 0x949920
QHOVER: _ZN12AP_Quicktune6updateEb @ 0x9499a0
QHOVER: _ZN5Plane15precland_updateEv @ 0x94bce0
QHOVER: _ZN11AC_PrecLand6updateEfb @ 0x94bd70
QHOVER: _ZNK7AP_AHRS37get_relative_position_NE_origin_floatER7Vector2IfE @ 0x94cea0
QHOVER: _ZNK7AP_AHRS31get_relative_position_NE_originER7Vector2IdE @ 0x94cf50
QHOVER: _ZN5Plane19landing_gear_updateEv @ 0x94e6f0
QHOVER: _ZN14AP_LandingGear6updateEf @ 0x94e770
QHOVER: _ZN9AP_Button6updateEv @ 0x94ebe0
QHOVER: _ZN11RC_Channels12read_aux_allEv @ 0x94f860
QHOVER: _ZN10RC_Channel8read_auxEv @ 0x94f950
QHOVER: _ZN9AP_Logger10Write_RCINEv @ 0x94fb50
QHOVER: _ZN11RC_Channels12get_radio_inEPth @ 0x94fd40
QHOVER: _ZNK11RC_Channels17get_override_maskEv @ 0x94fe30
QHOVER: _ZL3MINIhiEDTqultfp_fp0_fp_fp0_ERKT_RKT0_.7413 @ 0x94fef0
QHOVER: _ZN5Plane21avoidance_adsb_updateEv @ 0x950300
QHOVER: _ZN7AP_ADSB6updateEv @ 0x950370
QHOVER: _ZN12AP_Avoidance6updateEv @ 0x950550
QHOVER: _ZN12AP_Avoidance13check_startupEv @ 0x950610
QHOVER: _ZN7AP_ADSB3LocC2Ev @ 0xb41db0
QHOVER: _ZNK7AP_AHRS19get_vert_pos_rate_DERf @ 0x951e50
QHOVER: _ZN7AP_ADSB6updateERKNS_3LocE @ 0x951f80
QHOVER: _ZNK7NavEKF320getPosDownDerivativeEv @ 0x952640
QHOVER: _ZNK12NavEKF3_core20getPosDownDerivativeEv @ 0x952890
QHOVER: _ZNK12NavEKF2_core20getPosDownDerivativeEv @ 0x9528f0
QHOVER: _ZN17AP_InertialSensor8periodicEv @ 0x952950
QHOVER: _ZN17AP_InertialSensor12BatchSampler8periodicEv @ 0x9529b0
QHOVER: _ZN9AP_Logger14periodic_tasksEv @ 0x952fd0
QHOVER: _ZN5Plane20update_is_flying_5HzEv @ 0x953070
QHOVER: _ZL3MAXI9AP_ParamTIsL11ap_var_type2EEiEDTqugtfp_fp0_fp_fp0_ERKT_RKT0_.1261 @ 0x953790
QHOVER: _ZNK10AP_Landing14is_on_approachEv @ 0x953970
QHOVER: _ZNK10AP_Landing10is_flaringEv @ 0x953a50
QHOVER: _ZN7AP_ADSB13set_is_flyingEb @ 0xb41e70
QHOVER: _ZN12AP_Parachute13set_is_flyingEb @ 0xb41ed0
QHOVER: _ZN8AP_Stats10set_flyingEb @ 0x953b20
QHOVER: _ZN5Plane22crash_detection_updateEv @ 0x953bf0
QHOVER: _ZN10AP_Vehicle17set_likely_flyingEb @ 0xb41f40
QHOVER: _ZN10AP_Terrain6updateEv @ 0x9543c0
QHOVER: _ZN10AP_Terrain16schedule_disk_ioEv @ 0x954590
QHOVER: _ZN10AP_Terrain19update_mission_dataEv @ 0x9547e0
QHOVER: _ZN10AP_Terrain17update_rally_dataEv @ 0x954af0
QHOVER: _ZN10AP_Terrain24update_surrounding_tilesERK8Location @ 0x954cc0
QHOVER: _ZNK8AP_Rally19last_change_time_msEv @ 0xb41fd0
QHOVER: _ZNK10AP_Mission19last_change_time_msEv @ 0xb42020
QHOVER: _ZN10AP_Terrain15check_disk_readEv @ 0x954e40
QHOVER: _ZN10AP_Terrain16check_disk_writeEv @ 0x954f20
QHOVER: _ZN10AP_Terrain8io_timerEv @ 0x955280
QHOVER: _ZN7FunctorIvJEE14method_wrapperI10AP_TerrainXadL_ZNS2_8io_timerEvEEEEvPv @ 0xb420d0
QHOVER: _ZN5Plane15parachute_checkEv @ 0x955da0
QHOVER: _ZN12AP_Parachute6updateEv @ 0x955e10
QHOVER: _ZN12AP_Parachute15check_sink_rateEv @ 0x9560a0
QHOVER: _ZN5Plane14update_soaringEv @ 0x956150
QHOVER: _ZN17SoaringController19update_active_stateEb @ 0x956370
QHOVER: _ZNK17SoaringController9is_activeEv @ 0xb42180
QHOVER: _ZNK7AP_TECS19get_target_airspeedEv @ 0xb426b0
QHOVER: _ZN13AverageFilterIffLh5EE5applyEf @ 0xb430a0
QHOVER: _ZNK17SoaringController12active_stateEb @ 0x959b10
QHOVER: _ZN5Plane16update_logging25Ev @ 0x959c30
QHOVER: _ZN5Plane18Log_Write_AttitudeEv @ 0x959d90
QHOVER: _ZN5Plane24Log_Write_Control_TuningEv @ 0x95a1f0
QHOVER: _ZNK17AP_InertialSensor24write_notch_log_messagesEv @ 0x95a3f0
QHOVER: _ZN10AP_GyroFFT18write_log_messagesEv @ 0x95a6f0
QHOVER: _ZN5Plane20Log_Write_Nav_TuningEv @ 0x95a920
QHOVER: _ZN5Plane16Log_Write_GuidedEv @ 0x95aa80
QHOVER: _ZN5Plane12Log_Write_RCEv @ 0x95ab80
QHOVER: _ZNK17AP_InertialSensor15Write_VibrationEv @ 0x95ac30
QHOVER: _ZNK17AP_InertialSensor20get_accel_clip_countEh @ 0x95ad50
QHOVER: _ZN9AP_Logger11Write_RCOUTEv @ 0x95adf0
QHOVER: _ZN5Plane14Log_Write_AETREv @ 0x95b3c0
QHOVER: _ZN9AP_Logger9Write_PIDEhRK10AP_PIDInfo @ 0x95b590
QHOVER: _ZNK7AP_AHRS17airspeed_estimateERfRNS_20AirspeedEstimateTypeE @ 0x95bd90
QHOVER: _ZNK7AP_AHRS18synthetic_airspeedERf @ 0x95be30
QHOVER: _ZN7AP_TECS19get_throttle_demandEv @ 0xb43710
QHOVER: _ZNK11AP_AHRS_DCM22synthetic_airspeed_EASERf @ 0xb43770
QHOVER: _ZNK7AP_AHRS14Write_AttitudeERK7Vector3IfE @ 0x95bfb0
QHOVER: _ZNK16AP_YawController7enabledEv @ 0xb438d0
QHOVER: _ZNK18AP_SteerController6activeEv @ 0x95c180
QHOVER: _ZN7AP_AHRS9Log_WriteEv @ 0x95c1f0
QHOVER: _ZN7NavEKF29Log_WriteEv @ 0x95c280
QHOVER: _ZN7NavEKF39Log_WriteEv @ 0x95c390
QHOVER: _ZNK7AP_AHRS11Write_AHRS2Ev @ 0x95c4a0
QHOVER: _ZNK7AP_AHRS9Write_POSEv @ 0x95c680
QHOVER: _ZN4SITL3SIM18Log_Write_SIMSTATEEv @ 0x95c7e0
QHOVER: _ZNK7AP_AHRS36get_relative_position_D_origin_floatERf @ 0x95c970
QHOVER: _ZNK7AP_AHRS22get_secondary_attitudeER7Vector3IfE @ 0xb43a00
QHOVER: _ZNK7AP_AHRS22get_secondary_positionER8Location @ 0xb43a80
QHOVER: _ZNK7AP_AHRS24get_secondary_quaternionER11QuaternionTIfE @ 0xb43b00
QHOVER: _ZL7degreesf.2388 @ 0x95ca00
QHOVER: _ZN12NavEKF3_core9Log_WriteEm @ 0x95ca50
QHOVER: _ZNK7AP_EnumIN7NavEKF38LogLevelEEcvKS1_Ev @ 0xb43b80
QHOVER: _ZNK12NavEKF3_core14Log_Write_XKF4Em @ 0x95cba0
QHOVER: _ZN12NavEKF3_core13Log_Write_GSFEm @ 0x95cef0
QHOVER: _ZNK12NavEKF3_core14Log_Write_XKF1Em @ 0x95cfa0
QHOVER: _ZNK12NavEKF3_core14Log_Write_XKF2Em @ 0x95d270
QHOVER: _ZNK12NavEKF3_core14Log_Write_XKF3Em @ 0x95d510
QHOVER: _ZNK12NavEKF3_core14Log_Write_XKF5Em @ 0x95d770
QHOVER: _ZNK12NavEKF3_core14Log_Write_XKFSEm @ 0x95d9d0
QHOVER: _ZNK12NavEKF3_core20Log_Write_QuaternionEm @ 0x95dae0
QHOVER: _ZN12NavEKF3_core16Log_Write_BeaconEm @ 0x95dbc0
QHOVER: _ZN12NavEKF3_core18Log_Write_BodyOdomEm @ 0x95deb0
QHOVER: _ZN12NavEKF3_core25Log_Write_State_VariancesEm @ 0x95e020
QHOVER: _ZN12NavEKF3_core16Log_Write_TimingEm @ 0x95e340
QHOVER: _ZNK6AP_DAL12logging_coreEh @ 0x95e4a0
QHOVER: _ZL3MAXIjjEDTqugtfp_fp0_fp_fp0_ERKT_RKT0_.5171 @ 0x95e4f0
QHOVER: _ZNK16AP_NavEKF_Source21getPosVelYawSourceSetEv @ 0xb43bd0
QHOVER: _ZL3MAXIddEDTqugtfp_fp0_fp_fp0_ERKT_RKT0_.5169 @ 0x95e570
QHOVER: _ZL3MINIdiEDTqultfp_fp0_fp_fp0_ERKT_RKT0_.5170 @ 0x95e5f0
QHOVER: _ZNK12NavEKF3_core14getInnovationsER7Vector3IfES2_S2_RfS3_ @ 0x95e690
QHOVER: _ZL7degreesf.5167 @ 0x95e890
QHOVER: _ZNK12NavEKF3_core26getSynthAirDataInnovationsER7Vector2IfERf @ 0x95e8e0
QHOVER: _ZN10EKFGSF_yaw9Log_WriteEm11LogMessagesS0_h @ 0x95e9b0
QHOVER: _ZL7degreesf.20074 @ 0x95ed30
QHOVER: _ZL3MAXIffEDTqugtfp_fp0_fp_fp0_ERKT_RKT0_.20075 @ 0x95ed80
QHOVER: _ZL3MAXIdfEDTqugtfp_fp0_fp_fp0_ERKT_RKT0_.5168 @ 0x95ee00
QHOVER: _ZN12NavEKF2_core9Log_WriteEm @ 0x95eea0
QHOVER: _ZNK12NavEKF2_core14Log_Write_NKF1Em @ 0x95ef70
QHOVER: _ZNK12NavEKF2_core14Log_Write_NKF2Em @ 0x95f240
QHOVER: _ZNK12NavEKF2_core14Log_Write_NKF3Em @ 0x95f4a0
QHOVER: _ZNK12NavEKF2_core14Log_Write_NKF4Em @ 0x95f6e0
QHOVER: _ZNK12NavEKF2_core14Log_Write_NKF5Em @ 0x95fa20
QHOVER: _ZNK12NavEKF2_core20Log_Write_QuaternionEm @ 0x95fc80
QHOVER: _ZNK12NavEKF2_core13Log_Write_GSFEm @ 0x95fd60
QHOVER: _ZN12NavEKF2_core16Log_Write_BeaconEm @ 0x95fe10
QHOVER: _ZN12NavEKF2_core16Log_Write_TimingEm @ 0x9600c0
QHOVER: _ZL3MAXIddEDTqugtfp_fp0_fp_fp0_ERKT_RKT0_ @ 0x960220
QHOVER: _ZL3MINIdiEDTqultfp_fp0_fp_fp0_ERKT_RKT0_ @ 0x9602a0
QHOVER: _ZNK12NavEKF2_core18getFilterGpsStatusER14nav_gps_status @ 0x960340
QHOVER: _ZNK12NavEKF2_core14getInnovationsER7Vector3IfES2_S2_RfS3_ @ 0x9605f0
QHOVER: _ZL7degreesf.4695 @ 0x9607f0
QHOVER: _ZNK12NavEKF2_core27getGyroScaleErrorPercentageER7Vector3IfE @ 0x960840
QHOVER: _ZNK16AP_YawController20rate_control_enabledEv @ 0xb43c20
QHOVER: _ZN5Plane16update_logging10Ev @ 0x960930
QHOVER: _ZNK7AP_AHRS13Write_AOA_SSAEv @ 0x960a40
QHOVER: _ZN8AP_Mount9write_logEv @ 0x960ae0
QHOVER: _ZNK7AP_AHRS6getAOAEv @ 0xb43c90
QHOVER: _ZNK7AP_AHRS6getSSAEv @ 0xb43ce0
QHOVER: _ZN5Plane18Log_Write_FullRateEv @ 0x960b90
QHOVER: _ZN12AP_Scheduler14update_loggingEv @ 0x960c30
QHOVER: _ZN12AP_Scheduler11debug_flagsEv @ 0xb43d30
QHOVER: _ZN12AP_Scheduler21Log_Write_PerformanceEv @ 0x960ea0
QHOVER: _ZN2AP8PerfInfo13has_task_infoEv @ 0xb43d90
QHOVER: _ZNK2AP8PerfInfo20get_num_long_runningEv @ 0x9610b0
QHOVER: _ZNK2AP8PerfInfo13get_num_loopsEv @ 0x961100
QHOVER: _ZNK2AP8PerfInfo12get_max_timeEv @ 0x961150
QHOVER: _ZN12AP_Scheduler12load_averageEv @ 0x9611a0
QHOVER: _ZNK16AP_InternalError5countEv @ 0xb43df0
QHOVER: _ZN9AP_Camera6updateEv @ 0x9613e0
QHOVER: _ZN8AP_Mount6updateEv @ 0x9614a0
QHOVER: _ZN5Plane21airspeed_ratio_updateEv @ 0x961550
QHOVER: _ZN11AP_Airspeed18update_calibrationERK7Vector3IfEs @ 0x9617c0
QHOVER: _ZN11AP_Airspeed18update_calibrationEhRK7Vector3IfEs @ 0x961870
QHOVER: _ZN11AP_Airspeed25send_airspeed_calibrationERK7Vector3IfE @ 0x961d40
QHOVER: _ZN5Plane19check_long_failsafeEv @ 0x962620
QHOVER: _ZN5Plane13three_hz_loopEv @ 0x963340
QHOVER: _ZN5Plane11fence_checkEv @ 0x963390
QHOVER: _ZNK8AC_Fence10get_actionEv @ 0xb44430
QHOVER: _ZN5Plane15one_second_loopEv @ 0x964180
QHOVER: _ZN7AP_ADSB18set_stall_speed_cmEt @ 0xb44700
QHOVER: _ZN7AP_ADSB13set_max_speedEs @ 0xb44790
QHOVER: _ZN10AP_Terrain16log_terrain_dataEv @ 0x964630
QHOVER: _ZN16AP_FW_Controller21set_notch_sample_rateEf @ 0xb44830
QHOVER: _ZN16AP_YawController21set_notch_sample_rateEf @ 0xb448a0
QHOVER: _ZN14AP_OpticalFlow6updateEv @ 0x964bc0
QHOVER: _ZN11AP_ICEngine6updateEv @ 0x966170
QHOVER: _ZNK12AP_Parachute17release_initiatedEv @ 0xb44910
QHOVER: _ZN5Plane16read_rangefinderEv @ 0x967060
QHOVER: _ZN11RangeFinder28set_estimated_terrain_heightEf @ 0xb44970
QHOVER: _ZN11RangeFinder6updateEv @ 0x967170
QHOVER: _ZN5Plane25rangefinder_height_updateEv @ 0x967290
QHOVER: _ZNK11RangeFinder8Log_RFNDEv @ 0x967a30
QHOVER: _ZN14AP_BattMonitor4readEv @ 0x967b70
QHOVER: _ZN9AP_Logger11Write_PowerEv @ 0x967da0
QHOVER: _ZNK22AP_BattMonitor_Backend13Log_Write_BATEhm @ 0x967df0
QHOVER: _ZNK22AP_BattMonitor_Backend13Log_Write_BCLEhm @ 0x968090
QHOVER: _ZN14AP_BattMonitor15check_failsafesEv @ 0x968290
QHOVER: _ZN14AP_BattMonitor16checkPoweringOffEv @ 0x9685a0
QHOVER: _ZNK22AP_BattMonitor_Backend23get_state_of_health_pctERh @ 0x968700
QHOVER: _ZN5Plane9ekf_checkEv @ 0x968790
QHOVER: _ZNK9QuadPlane19in_vtol_posvel_modeEv @ 0x968a40
QHOVER: _ZN5Plane22failsafe_ekf_off_eventEv @ 0x968ba0
QHOVER: _ZN5Plane12afs_fs_checkEv @ 0x968f60
QHOVER: _ZN19AP_AdvancedFailsafe5checkEj @ 0x968fc0
QHOVER: _ZN5Plane22adjust_altitude_targetEv @ 0x969d50
QHOVER: _ZN5Plane10update_altEv @ 0x969db0
QHOVER: _ZN12AP_Parachute13set_sink_rateEf @ 0x96a1e0
QHOVER: _ZNK9QuadPlane19should_disable_TECSEv @ 0x96a2d0
QHOVER: _ZNK8ModeAuto9in_pullupEv @ 0xb44b80
QHOVER: _ZN5Plane27relative_target_altitude_cmEv @ 0x96a410
QHOVER: _ZN5Plane24get_takeoff_pitch_min_cdEv @ 0x96a5f0
QHOVER: _ZN5Plane12tecs_hgt_afeEv @ 0x96a800
QHOVER: _ZN7AP_TECS21update_pitch_throttleEiiN12AP_FixedWing11FlightStageEfisfff @ 0x96a8d0
QHOVER: _ZN7AP_TECS23_update_throttle_limitsEv @ 0x96b0e0
QHOVER: _ZN7AP_TECS20_update_pitch_limitsEi @ 0x96b350
QHOVER: _ZN7AP_TECS18_initialise_statesEf @ 0x96b8c0
QHOVER: _ZN7AP_TECS20_update_STE_rate_limEv @ 0x96bda0
QHOVER: _ZN7AP_TECS20_update_speed_demandEv @ 0x96be50
QHOVER: _ZN7AP_TECS21_update_height_demandEv @ 0x96c1f0
QHOVER: _ZN7AP_TECS18_detect_underspeedEv @ 0x96cad0
QHOVER: _ZN7AP_TECS16_update_energiesEv @ 0x96ccb0
QHOVER: _ZN7AP_TECS13_update_pitchEv @ 0x96cdc0
QHOVER: _ZN7AP_TECS30_update_throttle_with_airspeedEv @ 0x96d930
QHOVER: _ZN7AP_TECS19_detect_bad_descentEv @ 0x96e540
QHOVER: _ZNK7AP_TECS13option_is_setENS_6OptionE @ 0xb44be0
QHOVER: _ZL7radiansf.12736 @ 0x96e6b0
QHOVER: _ZL2sqf.12729 @ 0x96e700
QHOVER: _ZN7AP_TECS18constrain_throttleEv @ 0x96e750
QHOVER: _ZL3MINIffEDTqultfp_fp0_fp_fp0_ERKT_RKT0_.12727 @ 0x96e820
QHOVER: _ZNK7AP_TECS12timeConstantEv @ 0x96e8b0
QHOVER: _ZN7AP_TECS11_get_i_gainEv @ 0x96e9c0
QHOVER: _ZL3MAXI9AP_ParamTIfL11ap_var_type4EEfEDTqugtfp_fp0_fp_fp0_ERKT_RKT0_.12728 @ 0x96eac0
QHOVER: _ZN5Plane22rangefinder_correctionEv @ 0x96ece0
QHOVER: _ZN5Plane21reached_loiter_targetEv @ 0x96f1d0
QHOVER: _ZNK12GliderPullup9in_pullupEv @ 0x96f4b0
QHOVER: _ZN5Plane20calc_airspeed_errorsEv @ 0x96f570
QHOVER: _ZL3MAXIffEDTqugtfp_fp0_fp_fp0_ERKT_RKT0_.1632 @ 0x9701f0
QHOVER: _ZN5Plane17calc_speed_scalerEv @ 0x970270
QHOVER: _ZL3MAXI9AP_ParamTIsL11ap_var_type2EEiEDTqugtfp_fp0_fp_fp0_ERKT_RKT0_ @ 0x971590
QHOVER: _ZL3MINIffEDTqultfp_fp0_fp_fp0_ERKT_RKT0_ @ 0x971620
QHOVER: _ZL3MAXIffEDTqugtfp_fp0_fp_fp0_ERKT_RKT0_ @ 0x9716b0
QHOVER: _ZL3MAXIfiEDTqugtfp_fp0_fp_fp0_ERKT_RKT0_ @ 0x9717c0
QHOVER: _ZN5Plane14update_compassEv @ 0x971860
QHOVER: _ZN5Plane8navigateEv @ 0x9718c0
QHOVER: _ZN5Plane21check_home_alt_changeEv @ 0x9719f0
QHOVER: _ZN5Plane19loiter_angle_updateEv @ 0x971af0
QHOVER: _ZN5Plane15update_GPS_10HzEv @ 0x971ef0
QHOVER: _ZN7AP_AHRS13estimate_windEv @ 0xb44e50
QHOVER: _ZN5Plane24calc_gndspeed_undershootEv @ 0x972100
QHOVER: _ZN11AP_AHRS_DCM13estimate_windEv @ 0x9722b0
QHOVER: _ZN5Plane15update_GPS_50HzEv @ 0x972970
QHOVER: _ZN6AP_GPS6updateEv @ 0x9729e0
QHOVER: _ZN6AP_GPS15update_instanceEh @ 0x972b60
QHOVER: _ZN6AP_GPS14update_primaryEv @ 0x973300
QHOVER: _ZN14AP_GPS_Blended19zero_health_counterEv @ 0xb44eb0
QHOVER: _ZN6AP_GPS9Write_GPSEh @ 0x974ad0
QHOVER: _ZL3MINIfiEDTqultfp_fp0_fp_fp0_ERKT_RKT0_.3555 @ 0x974f10
QHOVER: _ZNK6AP_GPS26last_message_delta_time_msEh @ 0xb44f60
QHOVER: _ZNK6AP_GPS10should_logEv @ 0x974fb0
QHOVER: _ZN6AP_GPS16send_blob_updateEh @ 0x976130
QHOVER: _ZN14AP_GPS_Backend14check_new_itowEjj @ 0x97ae80
QHOVER: _ZN12AP_GPS_UBLOX20_request_next_configEv @ 0x97f0e0
QHOVER: _ZN12AP_GPS_UBLOX21_request_message_rateEhh @ 0x97fb80
QHOVER: _ZN12AP_GPS_UBLOX13_request_portEv @ 0x97fc40
QHOVER: _ZN12AP_GPS_UBLOX13_send_messageEhhPKvt @ 0x97fcd0
QHOVER: _ZN12AP_GPS_UBLOX16_update_checksumEPhtRhS1_ @ 0x980b90
QHOVER: _ZN12AP_GPS_UBLOX4readEv @ 0x980cc0
QHOVER: _ZNK12AP_GPS_UBLOX13is_configuredEv @ 0xb45de0
QHOVER: _ZNK12AP_GPS_UBLOX7get_lagERf @ 0x9813a0
QHOVER: _ZNK12AP_GPS_UBLOX10is_healthyEv @ 0x981530
QHOVER: _ZL3MINIjjEDTqultfp_fp0_fp_fp0_ERKT_RKT0_.3850 @ 0x981980
QHOVER: _ZN12AP_GPS_UBLOXUt_ixEm @ 0xb45ef0
QHOVER: _ZN12AP_GPS_UBLOX10_parse_gpsEv @ 0x981a00
QHOVER: _ZN12AP_GPS_UBLOX15_check_new_itowEj @ 0x984ec0
QHOVER: _ZN12AP_GPS_UBLOX23_configure_message_rateEhhh @ 0x984f40
QHOVER: _ZN5Plane21update_throttle_hoverEv @ 0x98c540
QHOVER: _ZN9QuadPlane21update_throttle_hoverEv @ 0x98c5a0
QHOVER: _ZN5Plane19update_speed_heightEv @ 0x98cdb0
QHOVER: _ZN7AP_TECS11update_50hzEv @ 0x98cee0
QHOVER: _ZN7AP_TECS13_update_speedEf @ 0x98d550
QHOVER: _ZNK10AP_Landing11is_on_finalEv @ 0x98de40
QHOVER: _ZN5Plane20check_short_failsafeEv @ 0x98df10
QHOVER: _ZN5Plane10read_radioEv @ 0x98e540
QHOVER: _ZNK5Plane17fence_stickmixingEv @ 0x98e7b0
QHOVER: _ZN10Tailsitter11check_inputEv @ 0x98e860
QHOVER: _ZN9AP_Tuning11check_inputEh @ 0x98e930
QHOVER: _ZN5Plane10set_servosEv @ 0x98f8e0
QHOVER: _ZN9QuadPlane6updateEv @ 0x98fc40
QHOVER: _ZN5Plane12set_throttleEv @ 0x990270
QHOVER: _ZN5Plane20set_takeoff_expectedEv @ 0x9904c0
QHOVER: _ZN5Plane16set_servos_flapsEv @ 0x990620
QHOVER: _ZN5Plane15airbrake_updateEv @ 0x990ab0
QHOVER: _ZN5Plane19throttle_slew_limitEv @ 0x990c30
QHOVER: _ZN11AP_ICEngine17throttle_overrideERff @ 0x990f50
QHOVER: _ZN12ParametersG212FWD_BATT_CMP6updateEv @ 0x991470
QHOVER: _ZNK12ParametersG212FWD_BATT_CMP14apply_throttleEf @ 0x9915f0
QHOVER: _ZN5Plane21apply_throttle_limitsEf @ 0x9916a0
QHOVER: _ZN5Plane17suppress_throttleEv @ 0x9919d0
QHOVER: _ZNK10AP_Landing22is_throttle_suppressedEv @ 0x991e40
QHOVER: _ZN11AP_ICEngine20update_idle_governorERa @ 0x992800
QHOVER: _ZNK12ParametersG212FWD_BATT_CMP13apply_min_maxERaS1_ @ 0x992bf0
QHOVER: _ZN5Plane21throttle_watt_limiterERaS0_ @ 0x992dd0
QHOVER: _ZL3MINIaaEDTqultfp_fp0_fp_fp0_ERKT_RKT0_ @ 0x9930c0
QHOVER: _ZN7AP_TECS16set_throttle_maxEf @ 0x993140
QHOVER: _ZNK14AP_BattMonitor18overpower_detectedEv @ 0x9931c0
QHOVER: _ZN5Plane9stabilizeEv @ 0x997250
QHOVER: _ZN4Mode17reset_controllersEv @ 0x9975f0
QHOVER: _ZL7degreesf.12555 @ 0x997be0
QHOVER: _ZN16AP_FW_Controller13_get_rate_outEffbfb @ 0x9999d0
QHOVER: _ZL7radiansf.12452 @ 0x999dd0
QHOVER: _ZL7degreesf.12453 @ 0x999e20
QHOVER: _ZN7AP_TECS5resetEv @ 0xb47e60
QHOVER: _ZN5Plane19update_control_modeEv @ 0x999e70
QHOVER: _ZN5Plane18update_fly_forwardEv @ 0x999f50
QHOVER: _ZN12ModeAutoLand23check_takeoff_directionEv @ 0x99a100
QHOVER: _ZN5Plane11ahrs_updateEv @ 0x99a430
QHOVER: _ZNK17AP_InertialSensor9Write_IMUEv @ 0x99a6a0
QHOVER: _ZN9QuadPlane15check_yaw_resetEv @ 0x99a760
QHOVER: _ZN14AP_InertialNav6updateEb @ 0x99a820
QHOVER: _ZN9AP_Follow16update_estimatesEv @ 0x99ab90
QHOVER: _ZN9AP_Follow32clear_dist_and_bearing_to_targetEv @ 0x99bb10
QHOVER: _ZL3MAXIhhEDTqugtfp_fp0_fp_fp0_ERKT_RKT0_ @ 0x99c470
QHOVER: _ZNK17AP_InertialSensor18Write_IMU_instanceEmh @ 0x99c4f0
QHOVER: _ZNK17AP_InertialSensor16get_gyro_rate_hzEh @ 0xb47f10
QHOVER: _ZNK17AP_InertialSensor17get_accel_rate_hzEh @ 0xb47f90
QHOVER: _ZN5Plane28set_target_altitude_locationERK8Location @ 0x9aa060
QHOVER: _ZNK14AP_BattMonitor22capacity_remaining_pctERhh @ 0x9b4930
QHOVER: _ZN4Mode3runEv @ 0x9b5560
QHOVER: _ZNK4Mode12is_vtol_modeEv @ 0xb4de30
QHOVER: _ZNK4Mode14is_guided_modeEv @ 0xb4ded0
QHOVER: _ZN4Mode22update_target_altitudeEv @ 0x9b57d0
QHOVER: _ZNK4Mode19use_throttle_limitsEv @ 0x9b5be0
QHOVER: _ZNK4Mode24use_battery_compensationEv @ 0x9b5d80
QHOVER: _ZNK4Mode18supports_quicktuneEv @ 0xb4e210
QHOVER: _ZN10AP_Landing28get_target_altitude_locationER8Location @ 0x9b6890
QHOVER: _ZN5Plane14calc_nav_pitchEv @ 0x9b7600
QHOVER: _ZN5Plane13calc_throttleEv @ 0x9b76c0
QHOVER: _ZN7AP_TECS16get_pitch_demandEv @ 0xb4e680
QHOVER: _ZN5Plane18update_load_factorEv @ 0x9b7770
QHOVER: _ZL7radiansf @ 0x9b7ac0
QHOVER: _ZL2sqf.11 @ 0x9b7b10
QHOVER: _ZN5Plane26stabilize_stick_mixing_fbwEv @ 0x9b7c30
QHOVER: _ZN5Plane14stabilize_rollEv @ 0x9b80f0
QHOVER: _ZN5Plane15stabilize_pitchEv @ 0x9b81b0
QHOVER: _ZN5Plane13stabilize_yawEv @ 0x9b8250
QHOVER: _ZNK10AP_Landing26is_ground_steering_allowedEv @ 0x9b84a0
QHOVER: _ZN5Plane24calc_nav_yaw_coordinatedEv @ 0x9b88f0
QHOVER: _ZN11VTOL_Assist20output_spin_recoveryEv @ 0x9b8be0
QHOVER: _ZN5Plane12rudder_inputEv @ 0x9b8ce0
QHOVER: _ZN16AP_YawController13get_servo_outEfb @ 0x9b8f10
QHOVER: _ZN16AP_YawController14reset_rate_PIDEv @ 0x9b9600
QHOVER: _ZL3MAXIffEDTqugtfp_fp0_fp_fp0_ERKT_RKT0_.12554 @ 0x9b9670
QHOVER: _ZN5Plane20stick_mixing_enabledEv @ 0x9b9830
QHOVER: _ZNK9QuadPlane23in_vtol_land_poscontrolEv @ 0x9b9a00
QHOVER: _ZN5Plane17takeoff_tail_holdEv @ 0x9ba4e0
QHOVER: _ZN5Plane29stabilize_pitch_get_pitch_outEv @ 0x9ba680
QHOVER: _ZNK9QuadPlane27use_fw_attitude_controllersEv @ 0x9baa80
QHOVER: _ZN18AP_PitchController13get_servo_outEifbb @ 0x9babc0
QHOVER: _ZNK18AP_PitchController29_get_coordination_rate_offsetERKfRb @ 0x9baf60
QHOVER: _ZL3MINIffEDTqultfp_fp0_fp_fp0_ERKT_RKT0_.12475 @ 0x9bb290
QHOVER: _ZL7radiansi.12476 @ 0x9bb320
QHOVER: _ZL3MAXI9AP_ParamTIsL11ap_var_type2EEiEDTqugtfp_fp0_fp_fp0_ERKT_RKT0_.12477 @ 0x9bb380
QHOVER: _ZL7degreesf.12479 @ 0x9bb410
QHOVER: _ZN5Plane27stabilize_roll_get_roll_outEv @ 0x9bb460
QHOVER: _ZN17AP_RollController13get_servo_outEifbb @ 0x9bb730
QHOVER: _ZNK9QuadPlane18allow_stick_mixingEv @ 0x9bba70
QHOVER: _ZN4Mode8navigateEv @ 0xb4e7a0
QHOVER: _ZNK4Mode23allows_throttle_nudgingEv @ 0xb4e7f0
QHOVER: _ZNK4Mode18does_auto_throttleEv @ 0xb4e890
QHOVER: _ZN4Mode26output_rudder_and_steeringEf @ 0x9be320
QHOVER: _ZNK10ModeQHover12is_vtol_modeEv @ 0xb502d0
QHOVER: _ZN10ModeManual3runEv @ 0x9c8f90
QHOVER: _ZNK10ModeManual11mode_numberEv @ 0xb50690
QHOVER: _ZN10ModeManual6updateEv @ 0x9c8fe0
QHOVER: _ZNK10ModeManual19use_throttle_limitsEv @ 0x9c90d0
QHOVER: _ZNK10ModeManual24use_battery_compensationEv @ 0xb50780
QHOVER: _ZN5Plane19throttle_percentageEv @ 0x9ce0d0
QHOVER: _ZNK10ModeCircle11mode_numberEv @ 0xb52250
QHOVER: _ZN10ModeCircle6updateEv @ 0x9cef90
QHOVER: _ZNK10ModeCircle20does_auto_navigationEv @ 0xb52340
QHOVER: _ZNK10ModeCircle18does_auto_throttleEv @ 0xb52390
QHOVER: _ZNK9GCS_Plane11custom_modeEv @ 0x9d9a70
QHOVER: _ZNK9GCS_Plane10frame_typeEv @ 0x9d9ad0
QHOVER: _ZN9GCS_Plane4chanEh @ 0xb52b30
QHOVER: _ZN9GCS_Plane34update_vehicle_sensor_status_flagsEv @ 0x9d9b30
QHOVER: _ZNK9GCS_Plane26min_status_for_gps_healthyEv @ 0xb52cf0
QHOVER: _ZN17GCS_MAVLINK_Plane14packetReceivedERK16__mavlink_statusRK17__mavlink_message @ 0x9da0b0
QHOVER: _ZNK11GCS_MAVLINK13mission_stateERK10AP_Mission @ 0x9da150
QHOVER: _ZNK11GCS_MAVLINK16send_rangefinderEv @ 0x9da230
QHOVER: _ZNK17GCS_MAVLINK_Plane26send_nav_controller_outputEv @ 0x9da300
QHOVER: _ZN17GCS_MAVLINK_Plane15send_pid_tuningEv @ 0x9da790
QHOVER: _ZN11GCS_MAVLINK21send_scaled_pressure3Ev @ 0x9dab70
QHOVER: _ZNK17GCS_MAVLINK_Plane13send_attitudeEv @ 0x9dabd0
QHOVER: _ZN17GCS_MAVLINK_Plane31send_position_target_global_intEv @ 0x9daf50
QHOVER: _ZNK11GCS_MAVLINK17send_winch_statusEv @ 0xb52ec0
QHOVER: _ZNK17GCS_MAVLINK_Plane9base_modeEv @ 0x9db3b0
QHOVER: _ZNK17GCS_MAVLINK_Plane21vehicle_system_statusEv @ 0x9db5b0
QHOVER: _ZNK17GCS_MAVLINK_Plane19persist_streamratesEv @ 0xb52f10
QHOVER: _ZN17GCS_MAVLINK_Plane25handle_command_int_packetERK23__mavlink_command_int_tRK17__mavlink_message @ 0x9db8b0
QHOVER: _ZN17GCS_MAVLINK_Plane14handle_messageERK17__mavlink_message @ 0x9dc270
QHOVER: _ZN17GCS_MAVLINK_Plane16try_send_messageE10ap_message @ 0x9dd5c0
QHOVER: _ZN11GCS_MAVLINK24send_global_position_intEv @ 0x9dd7f0
QHOVER: _ZNK11GCS_MAVLINK23global_position_int_altEv @ 0x9dd970
QHOVER: _ZNK11GCS_MAVLINK32global_position_int_relative_altEv @ 0x9dd9d0
QHOVER: _ZNK17GCS_MAVLINK_Plane17vfr_hud_climbrateEv @ 0x9dda40
QHOVER: _ZNK17GCS_MAVLINK_Plane16vfr_hud_airspeedEv @ 0x9ddb00
QHOVER: _ZNK17GCS_MAVLINK_Plane16vfr_hud_throttleEv @ 0x9ddbf0
QHOVER: _ZNK11GCS_MAVLINK11vfr_hud_altEv @ 0x9ddc50
QHOVER: _ZN17GCS_MAVLINK_Plane35convert_COMMAND_LONG_to_COMMAND_INTERK24__mavlink_command_long_tR23__mavlink_command_int_t9MAV_FRAME @ 0x9de1e0
QHOVER: _ZN11GCS_MAVLINK35convert_COMMAND_LONG_to_COMMAND_INTERK24__mavlink_command_long_tR23__mavlink_command_int_t9MAV_FRAME @ 0x9de8c0
QHOVER: _ZN11GCS_MAVLINK28command_long_stores_locationE7MAV_CMD @ 0x9dea80
QHOVER: _ZL30convert_COMMAND_LONG_loc_paramfb @ 0x9deb60
QHOVER: _ZL3MINIfiEDTqultfp_fp0_fp_fp0_ERKT_RKT0_ @ 0x9dec10
QHOVER: _ZNK11GCS_MAVLINK17vfr_hud_climbrateEv @ 0x9decb0
QHOVER: _ZL36mavlink_msg_global_position_int_send17mavlink_channel_tjiiiissst @ 0x9ded70
QHOVER: _ZN10AP_Terrain12send_requestE17mavlink_channel_t @ 0x9dee90
QHOVER: _ZN10AP_Terrain11send_reportE17mavlink_channel_t @ 0x9defe0
QHOVER: _ZNK17GCS_MAVLINK_Plane9send_windEv @ 0x9df090
QHOVER: _ZN7AP_ADSB17send_adsb_vehicleE17mavlink_channel_t @ 0x9df160
QHOVER: _ZN17GCS_MAVLINK_Plane12send_aoa_ssaEv @ 0x9df370
QHOVER: _ZN10AP_Landing20send_landing_messageE17mavlink_channel_t @ 0x9df410
QHOVER: _ZN17GCS_MAVLINK_Plane15send_hygrometerEv @ 0x9df4f0
QHOVER: _ZN11GCS_MAVLINK16try_send_messageE10ap_message @ 0x9df6f0
QHOVER: _ZN11GCS_MAVLINK17queued_param_sendEv @ 0x9e03a0
QHOVER: _ZNK11GCS_MAVLINK14send_heartbeatEv @ 0x9e0650
QHOVER: _ZNK11GCS_MAVLINK8send_rpmEv @ 0x9e0a10
QHOVER: _ZN11GCS_MAVLINK24try_send_mission_messageE10ap_message @ 0x9e0af0
QHOVER: _ZN7Compass21send_mag_cal_progressERK11GCS_MAVLINK @ 0x9e0cf0
QHOVER: _ZN7Compass19send_mag_cal_reportERK11GCS_MAVLINK @ 0x9e0f40
QHOVER: _ZN11GCS_MAVLINK19send_battery_statusEv @ 0x9e1270
QHOVER: _ZNK7AP_AHRS22send_ekf_status_reportER11GCS_MAVLINK @ 0x9e13c0
QHOVER: _ZN11GCS_MAVLINK12send_meminfoEv @ 0x9e14c0
QHOVER: _ZNK11GCS_MAVLINK17send_fence_statusEv @ 0x9e1580
QHOVER: _ZN11GCS_MAVLINK20send_distance_sensorEv @ 0x9e16c0
QHOVER: _ZNK11GCS_MAVLINK16send_system_timeEv @ 0x9e1c00
QHOVER: _ZN6AP_GPS20send_mavlink_gps_rawE17mavlink_channel_t @ 0x9e1c90
QHOVER: _ZN6AP_GPS20send_mavlink_gps_rtkE17mavlink_channel_th @ 0x9e1fe0
QHOVER: _ZN6AP_GPS21send_mavlink_gps2_rawE17mavlink_channel_t @ 0x9e20c0
QHOVER: _ZNK11GCS_MAVLINK19send_local_positionEv @ 0x9e2460
QHOVER: _ZNK11GCS_MAVLINK34send_gimbal_device_attitude_statusEv @ 0x9e2530
QHOVER: _ZN11GCS_MAVLINK16send_opticalflowEv @ 0x9e28f0
QHOVER: _ZN11GCS_MAVLINK17send_power_statusEv @ 0x9e2a60
QHOVER: _ZNK11GCS_MAVLINK16send_rc_channelsEv @ 0x9e2b70
QHOVER: _ZNK11GCS_MAVLINK20send_rc_channels_rawEv @ 0x9e2e30
QHOVER: _ZN11GCS_MAVLINK12send_raw_imuEv @ 0x9e2fb0
QHOVER: _ZN11GCS_MAVLINK15send_scaled_imuEhPFv17mavlink_channel_tjssssssssssE @ 0x9e33c0
QHOVER: _ZL28mavlink_msg_scaled_imu2_send17mavlink_channel_tjssssssssss @ 0x9e3680
QHOVER: _ZL28mavlink_msg_scaled_imu3_send17mavlink_channel_tjssssssssss @ 0x9e37f0
QHOVER: _ZN11GCS_MAVLINK20send_scaled_pressureEv @ 0x9e3ba0
QHOVER: _ZN11GCS_MAVLINK21send_scaled_pressure2Ev @ 0x9e3c00
QHOVER: _ZN11GCS_MAVLINK13send_airspeedEv @ 0x9e3c60
QHOVER: _ZNK11GCS_MAVLINK13send_simstateEv @ 0x9e3e20
QHOVER: _ZN11GCS_MAVLINK15send_sys_statusEv @ 0x9e3f40
QHOVER: _ZN11GCS_MAVLINK10send_ahrs2Ev @ 0x9e4230
QHOVER: _ZN11GCS_MAVLINK9send_ahrsEv @ 0x9e4310
QHOVER: _ZN11GCS_MAVLINK12send_vfr_hudEv @ 0x9e4490
QHOVER: _ZNK11GCS_MAVLINK14send_vibrationEv @ 0x9e45d0
QHOVER: _ZNK11GCS_MAVLINK21send_generator_statusEv @ 0x9e46c0
QHOVER: _ZN12AP_ESC_Telem26send_esc_telemetry_mavlinkEh @ 0x9e4a40
QHOVER: _ZN6AP_EFI19send_mavlink_statusE17mavlink_channel_t @ 0x9e4ed0
QHOVER: _ZN6AP_AIS13get_singletonEv @ 0x9e56a0
QHOVER: _ZN11GCS_MAVLINK20send_available_modesEv @ 0x9e5820
QHOVER: _ZNK11GCS_MAVLINK21battery_remaining_pctEh @ 0x9e6030
QHOVER: _ZL3MINIhiEDTqultfp_fp0_fp_fp0_ERKT_RKT0_.7263 @ 0x9e64e0
QHOVER: _ZL44mavlink_msg_esc_telemetry_1_to_4_send_struct17mavlink_channel_tPK32__mavlink_esc_telemetry_1_to_4_t @ 0x9e6800
QHOVER: _ZN12AP_Generator21send_generator_statusERK11GCS_MAVLINK @ 0x9e6e00
QHOVER: _ZL26mavlink_msg_vibration_send17mavlink_channel_tmfffjjj @ 0x9e6e80
QHOVER: _ZL24mavlink_msg_vfr_hud_send17mavlink_channel_tffstff @ 0x9e6f90
QHOVER: _ZNK7AP_AHRS12get_error_rpEv @ 0x9e7120
QHOVER: _ZNK7AP_AHRS13get_error_yawEv @ 0x9e7180
QHOVER: _ZL21mavlink_msg_ahrs_send17mavlink_channel_tfffffff @ 0x9e71e0
QHOVER: _ZL22mavlink_msg_ahrs2_send17mavlink_channel_tffffii @ 0x9e7300
QHOVER: _ZNK9AP_Logger11num_droppedEv @ 0x9e7400
QHOVER: _ZNK14AP_BattMonitor11gcs_voltageEv @ 0xb53200
QHOVER: _ZL27mavlink_msg_sys_status_send17mavlink_channel_tjjjttsatttttt @ 0x9e7480
QHOVER: _ZNK14AP_BattMonitor11gcs_voltageEh @ 0x9e7620
QHOVER: _ZNK17AP_Logger_Backend11num_droppedEv @ 0xb53250
QHOVER: _ZL7radiansf.17181 @ 0x9e7a40
QHOVER: _ZNK4SITL3SIM13simstate_sendE17mavlink_channel_t @ 0x9e7dc0
QHOVER: _ZL25mavlink_msg_simstate_send17mavlink_channel_tfffffffffii @ 0x9e7f90
QHOVER: _ZL32mavlink_msg_airspeed_send_struct17mavlink_channel_tPK20__mavlink_airspeed_t @ 0x9e8130
QHOVER: _ZL33mavlink_msg_scaled_pressure2_send17mavlink_channel_tjffss @ 0x9e81b0
QHOVER: _ZN11GCS_MAVLINK29send_scaled_pressure_instanceEhPFv17mavlink_channel_tjffssE @ 0x9e8290
QHOVER: _ZL32mavlink_msg_scaled_pressure_send17mavlink_channel_tjffss @ 0x9e8480
QHOVER: _ZL24mavlink_msg_raw_imu_send17mavlink_channel_tmssssssssshs @ 0x9e85e0
QHOVER: _ZNK11GCS_MAVLINK16sending_mavlink1Ev @ 0x9e8760
QHOVER: _ZNK11GCS_MAVLINK13receiver_rssiEv @ 0x9e87c0
QHOVER: _ZL28mavlink_msg_rc_channels_send17mavlink_channel_tjhtttttttttttttttttth @ 0x9e89d0
QHOVER: _ZL29mavlink_msg_power_status_send17mavlink_channel_tttt @ 0x9e8c40
QHOVER: _ZN8AP_Mount34send_gimbal_device_attitude_statusE17mavlink_channel_t @ 0x9e96c0
QHOVER: _ZL35mavlink_msg_local_position_ned_send17mavlink_channel_tjffffff @ 0x9e9d20
QHOVER: _ZNK6AP_GPS12gps_yaw_cdegEh @ 0x9e9e30
QHOVER: _ZNK6AP_GPS23have_gps_yaw_configuredEh @ 0xb534b0
QHOVER: _ZL28mavlink_msg_gps_raw_int_send17mavlink_channel_tmhiiitttthijjjjt @ 0x9ea130
QHOVER: _ZL28mavlink_msg_system_time_send17mavlink_channel_tmj @ 0x9ea320
QHOVER: _ZN11GCS_MAVLINK14send_proximityEv @ 0x9eb960
QHOVER: _ZL3MINIjjEDTqultfp_fp0_fp_fp0_ERKT_RKT0_.7265 @ 0x9ec8d0
QHOVER: _ZL24mavlink_msg_meminfo_send17mavlink_channel_tttj @ 0x9ec950
QHOVER: _ZNK7NavEKF318send_status_reportER11GCS_MAVLINK @ 0x9ecbf0
QHOVER: _ZNK12NavEKF3_core18send_status_reportER11GCS_MAVLINK @ 0x9ecc80
QHOVER: _ZL41mavlink_msg_ekf_status_report_send_struct17mavlink_channel_tPK29__mavlink_ekf_status_report_t @ 0x9ed080
QHOVER: _ZNK14AP_BattMonitor13option_is_setEhN21AP_BattMonitor_Params7OptionsE @ 0x9edba0
QHOVER: _ZNK11GCS_MAVLINK19send_battery_statusEh @ 0x9edc70
QHOVER: _ZL3MINIftEDTqultfp_fp0_fp_fp0_ERKT_RKT0_ @ 0x9ee500
QHOVER: _ZNK14AP_BattMonitor14time_remainingERjh @ 0x9ee5a0
QHOVER: _ZNK14AP_BattMonitor24get_mavlink_charge_stateEh @ 0x9ee690
QHOVER: _ZNK14AP_BattMonitor25get_mavlink_fault_bitmaskEh @ 0x9ee7c0
QHOVER: _ZL31mavlink_msg_battery_status_send17mavlink_channel_thhhsPKtsiiaihS1_hj @ 0x9ee870
QHOVER: _ZN14typesafe_indexIh12TAG_PriorityErmERKh @ 0xb53700
QHOVER: _ZN11GCS_MAVLINK20send_mission_currentERK10AP_Missiont @ 0x9eeff0
QHOVER: _ZL32mavlink_msg_mission_current_send17mavlink_channel_ttthh @ 0x9ef4c0
QHOVER: _ZNK11GCS_MAVLINK13system_statusEv @ 0x9ef990
QHOVER: _ZL26mavlink_msg_heartbeat_send17mavlink_channel_thhhjh @ 0x9efa20
QHOVER: _ZN11GCS_MAVLINK28send_parameter_async_repliesEv @ 0x9efb00
QHOVER: _ZN12ObjectBufferIN11GCS_MAVLINK19pending_param_replyEE4peekERS1_ @ 0xb537f0
QHOVER: _ZNK11AP_Airspeed14get_hygrometerEhRjRfS1_ @ 0x9f0040
QHOVER: _ZL24mavlink_msg_aoa_ssa_send17mavlink_channel_tmff @ 0x9f0610
QHOVER: _ZL21mavlink_msg_wind_send17mavlink_channel_tfff @ 0x9f0910
QHOVER: _ZN10AP_Terrain19send_terrain_reportE17mavlink_channel_tRK8Locationb @ 0x9f09c0
QHOVER: _ZL31mavlink_msg_terrain_report_send17mavlink_channel_tiitfftt @ 0x9f0b70
QHOVER: _ZN10AP_Terrain18send_cache_requestE17mavlink_channel_t @ 0x9f0c90
QHOVER: _ZN10AP_Terrain15request_missingE17mavlink_channel_tRKNS_9grid_infoE @ 0x9f0d90
QHOVER: _ZN10AP_Terrain15request_missingE17mavlink_channel_tRNS_10grid_cacheE @ 0x9f0e20
QHOVER: _ZN11GCS_MAVLINK14handle_messageERK17__mavlink_message @ 0x9f4bc0
QHOVER: _ZN11GCS_MAVLINK16handle_heartbeatERK17__mavlink_message @ 0x9f5740
QHOVER: _ZN11GCS_MAVLINK19handle_command_longERK17__mavlink_message @ 0x9f6ab0
QHOVER: _ZN11GCS_MAVLINK26handle_request_data_streamERK17__mavlink_message @ 0x9f80f0
QHOVER: _ZNK3GCS12sysid_is_gcsEh @ 0x9fd750
QHOVER: _ZN11GCS_MAVLINK16sysid_mygcs_seenEj @ 0x9fd9f0
QHOVER: _ZL38mavlink_msg_request_data_stream_decodePK17__mavlink_messageP31__mavlink_request_data_stream_t @ 0x9fec60
QHOVER: _ZN9AP_Logger13Write_CommandERK23__mavlink_command_int_thh10MAV_RESULTb @ 0xa01b50
QHOVER: _ZL31mavlink_msg_command_long_decodePK17__mavlink_messageP24__mavlink_command_long_t @ 0xa01cd0
QHOVER: _ZN11GCS_MAVLINK31try_command_long_as_command_intERK24__mavlink_command_long_tRK17__mavlink_message @ 0xa01da0
QHOVER: _ZN11GCS_MAVLINK16_set_mode_commonEhj @ 0xa04600
QHOVER: _ZN12ObjectBufferIN7GCS_FTP11TransactionEE3popERS1_ @ 0xb54830
QHOVER: _ZN11GCS_MAVLINK25handle_command_int_packetERK23__mavlink_command_int_tRK17__mavlink_message @ 0xa0bb20
QHOVER: _ZN11GCS_MAVLINK26handle_command_do_set_modeERK23__mavlink_command_int_t @ 0xa0ced0
QHOVER: _ZL7radiansf.35 @ 0xa108a0
QHOVER: _ZN5Plane22any_failsafe_triggeredEv @ 0xb551e0
QHOVER: _ZL43mavlink_msg_position_target_global_int_send17mavlink_channel_tjhtiifffffffff @ 0xa110c0
QHOVER: _ZL25mavlink_msg_attitude_send17mavlink_channel_tjffffff @ 0xa11590
QHOVER: _ZL38mavlink_msg_nav_controller_output_send17mavlink_channel_tffsstfff @ 0xa11b80
QHOVER: _ZN12AP_Avoidance10handle_msgERK17__mavlink_message @ 0xa11d60
QHOVER: _ZN11GCS_MAVLINK14packetReceivedERK16__mavlink_statusRK17__mavlink_message @ 0xa11eb0
QHOVER: _ZN15MAVLink_routing17check_and_forwardER11GCS_MAVLINKRK17__mavlink_message @ 0xa120b0
QHOVER: _ZN9AP_Follow10handle_msgERK17__mavlink_message @ 0xa12620
QHOVER: _ZNK11GCS_MAVLINK13accept_packetERK16__mavlink_statusRK17__mavlink_message @ 0xa127a0
QHOVER: _ZNK9AP_Follow21should_handle_messageERK17__mavlink_message @ 0xa128c0
QHOVER: _ZN15MAVLink_routing11learn_routeER11GCS_MAVLINKRK17__mavlink_message @ 0xa13890
QHOVER: _ZN15MAVLink_routing16handle_heartbeatER11GCS_MAVLINKRK17__mavlink_message @ 0xa13b30
QHOVER: _ZN15MAVLink_routing11get_targetsERK17__mavlink_messageRsS3_ @ 0xa13d60
QHOVER: _ZNK9QuadPlane12get_mav_typeEv @ 0xa14210
QHOVER: _ZNK18AP_PitchController13is_underspeedEf @ 0xa14660
QHOVER: _ZNK18AP_PitchController12get_airspeedEv @ 0xa14700
QHOVER: _ZNK18AP_PitchController17get_measured_rateEv @ 0xa147d0
QHOVER: _ZNK17AP_RollController13is_underspeedEf @ 0xa14950
QHOVER: _ZNK17AP_RollController12get_airspeedEv @ 0xa149e0
QHOVER: _ZNK17AP_RollController17get_measured_rateEv @ 0xa14a50
QHOVER: _ZNK13AP_L1_Control14nav_bearing_cdEv @ 0xa14c30
QHOVER: _ZNK13AP_L1_Control17target_bearing_cdEv @ 0xa14cf0
QHOVER: _ZNK13AP_L1_Control16crosstrack_errorEv @ 0xb56310
QHOVER: _ZNK13AP_L1_Control27crosstrack_error_integratorEv @ 0xb56360
QHOVER: _ZN13AP_L1_Control21reached_loiter_targetEv @ 0xa16410
QHOVER: _ZL9rad_to_cdf.12675 @ 0xa16910
QHOVER: _Z11wrap_180_cdIfET_S0_ @ 0xb564c0
QHOVER: _ZN17RC_Channels_Plane7channelEh @ 0xb56e20
QHOVER: _ZN17RC_Channels_Plane16read_mode_switchEv @ 0xa19940
QHOVER: _ZNK17RC_Channels_Plane14in_rc_failsafeEv @ 0xa199b0
QHOVER: _ZNK17RC_Channels_Plane15has_valid_inputEv @ 0xa19a20
QHOVER: _ZNK17RC_Channels_Plane18get_arming_channelEv @ 0xa19ab0
QHOVER: _ZNK17RC_Channels_Plane26flight_mode_channel_numberEv @ 0xa19b00
QHOVER: _ZN11RC_Channels16read_mode_switchEv @ 0xa19b70
QHOVER: mode_to_string @ 0xa954d0
QHOVER: mode_entry @ 0xa95730
----------------------
Mode: 10 (AUTO)
AUTO: _ZN15AP_Arming_Plane14pre_arm_checksEb @ 0x5db3f0
AUTO: _ZN2AP13serialmanagerEv @ 0x5dd670
AUTO: _ZNK9AP_ParamTIiL11ap_var_type3EEcvRKiEv @ 0xa99ff0
AUTO: _ZN6AP_HAL4Util9vsnprintfEPcmPKcP13__va_list_tag @ 0x5ddcc0
AUTO: _ZN13BufferPrinterC2EPcm @ 0xa9a040
AUTO: _Z13print_vprintfPN6AP_HAL12BetterStreamEPKcP13__va_list_tag @ 0x5dde00
AUTO: _Z12ultoa_invertjPch @ 0x5dfc90
AUTO: _ZN6AP_HAL12BetterStreamC2Ev @ 0xa9a0f0
AUTO: _ZN13BufferPrinter5writeEh @ 0xa9a150
AUTO: _Z3gcsv @ 0x5e0280
AUTO: _ZN3GCS10send_textvE12MAV_SEVERITYPKcP13__va_list_tag @ 0x5e02c0
AUTO: _ZNK3GCS28statustext_send_channel_maskEv @ 0x5e0390
AUTO: _ZN11GCS_MAVLINK19active_channel_maskEv @ 0xa9a3f0
AUTO: _ZN11GCS_MAVLINK22streaming_channel_maskEv @ 0xa9a430
AUTO: _ZN11GCS_MAVLINK20private_channel_maskEv @ 0xa9a470
AUTO: _ZN3GCS13get_singletonEv @ 0xa9a4b0
AUTO: _ZNK16AP_SerialManager22find_protocol_instanceENS_14SerialProtocolEh @ 0x5e0420
AUTO: _ZNK13AP_ParamTBaseIaL11ap_var_type1EE3getEv @ 0xa9a4f0
AUTO: _ZNK16AP_SerialManager14protocol_matchENS_14SerialProtocolES0_ @ 0x5e05c0
AUTO: _ZN16AP_SerialManager13get_singletonEv @ 0xa9a540
AUTO: _Z2rcv @ 0x5e06c0
AUTO: _ZN11RC_Channels13get_singletonEv @ 0xa9a5e0
AUTO: _ZNK9AP_ParamTIaL11ap_var_type1EEcvRKaEv @ 0xa9a6b0
AUTO: _ZN6AP_HAL6millisEv @ 0x5e0d40
AUTO: _ZN13WithSemaphoreD2Ev @ 0x5e0d80
AUTO: _ZN6AP_HAL8millis64Ev @ 0x5e0de0
AUTO: _ZN6AP_HAL8micros64Ev @ 0x5e0e20
AUTO: _ZL14uint64_div1000m @ 0x5e0ec0
AUTO: _ZN7HALSITL9Scheduler4fromEPN6AP_HAL9SchedulerE @ 0xa9a700
AUTO: _ZNK7HALSITL9Scheduler18stopped_clock_usecEv @ 0xa9a750
AUTO: _ZNK13AP_ParamTBaseIsL11ap_var_type2EE3getEv @ 0xa9a7a0
AUTO: _ZN13WithSemaphoreC2ERN6AP_HAL9SemaphoreEj @ 0x5e1010
AUTO: _ZNK7AP_EnumIN10Parameters11ThrFailsafeEEcvKS1_Ev @ 0xa9a830
AUTO: _ZNK11RC_Channels19has_had_rc_receiverEv @ 0xa9a880
AUTO: _ZNK13AP_ParamTBaseIiL11ap_var_type3EE3getEv @ 0xa9a940
AUTO: _ZN12AP_Proximity13get_singletonEv @ 0xa9a990
AUTO: _ZN2AP9schedulerEv @ 0x5e1490
AUTO: _ZN12AP_Scheduler25get_filtered_loop_rate_hzEv @ 0xa9aa10
AUTO: _ZN12AP_Scheduler16get_loop_rate_hzEv @ 0xa9aa60
AUTO: _ZN10AP_Terrain13get_singletonEv @ 0xa9aaf0
AUTO: _ZN12AP_Scripting13get_singletonEv @ 0xa9ab90
AUTO: _ZN2AP13internalerrorEv @ 0x5e1800
AUTO: _ZNK16AP_InternalError6errorsEv @ 0xa9acf0
AUTO: _ZNK16AP_InternalError15last_error_lineEv @ 0xa9ad40
AUTO: _ZN2AP3rpmEv @ 0x5e1990
AUTO: _ZNK9AP_ParamTIsL11ap_var_type2EEcvRKsEv @ 0xa9ae20
AUTO: _ZN12SRV_Channels25update_aux_servo_functionEv @ 0x5e2690
AUTO: _ZNK7BitmaskILt190EE8validateEt @ 0xa9af40
AUTO: _ZN7BitmaskILt190EE8clearallEv @ 0xa9afd0
AUTO: _ZNK11SRV_Channel14valid_functionEv @ 0xa9b030
AUTO: _ZN11SRV_Channel24aux_servo_function_setupEv @ 0x5e3190
AUTO: _ZN7BitmaskILt190EE3setEt @ 0xa9b090
AUTO: _ZNK9AP_Enum16IN11SRV_Channel8FunctionEEcvKS1_Ev @ 0xa9b150
AUTO: _ZN11SRV_Channel14valid_functionENS_8FunctionE @ 0xa9b1a0
AUTO: _ZN6AP_RPM13get_singletonEv @ 0xa9b290
AUTO: _ZNK12AP_Scripting13option_is_setENS_11DebugOptionE @ 0xa9b380
AUTO: _ZNK2AP8PerfInfo25get_filtered_loop_rate_hzEv @ 0x5e3580
AUTO: _ZNK2AP8PerfInfo17get_filtered_timeEv @ 0x5e3610
AUTO: _ZN12AP_Scheduler13get_singletonEv @ 0x5e3660
AUTO: _ZN2AP7missionEv @ 0x5e3730
AUTO: _ZNK10AP_Mission12num_commandsEv @ 0xa9b480
AUTO: _ZN10AP_Mission18stored_in_locationEt @ 0x5e3a10
AUTO: _ZN10AP_Mission15Mission_CommandC2Ev @ 0xa9b4e0
AUTO: _ZNK10AP_Mission21read_cmd_from_storageEtRNS_15Mission_CommandE @ 0x5e3ba0
AUTO: _ZN10AP_Mission7ContentC2Ev @ 0xa9b540
AUTO: _ZN2AP4ahrsEv @ 0x5e4060
AUTO: _ZNK7AP_AHRS8get_homeEv @ 0xa9b590
AUTO: _ZNK13StorageAccess9read_byteEt @ 0x5e40a0
AUTO: _ZNK13StorageAccess11read_uint16Et @ 0x5e4110
AUTO: _ZNK13StorageAccess10read_blockEPvtm @ 0x5e4190
AUTO: _ZN7AP_AHRS13get_singletonEv @ 0xa9b5e0
AUTO: _ZN8LocationC2Ev @ 0xa9b620
AUTO: _ZN8Location4zeroEv @ 0x5e46c0
AUTO: _ZN10AP_Mission13get_singletonEv @ 0xa9b670
AUTO: _ZNK7AP_EnumI11RtlAutolandEcvKS0_Ev @ 0xa9b6b0
AUTO: _ZNK9QuadPlane9availableEv @ 0xa9b700
AUTO: _ZNK5Plane15is_land_commandEt @ 0x5e4c30
AUTO: _ZNK8Location12get_distanceERKS_ @ 0x5e4cc0
AUTO: _Z11is_positiveIfEbT_ @ 0xa9b7c0
AUTO: _ZNK9AP_ParamTIfL11ap_var_type4EEcvRKfILb1EEEv @ 0xa9b820
AUTO: _ZN8Location14diff_longitudeEii @ 0x5e4e70
AUTO: _ZN8Location15longitude_scaleEi @ 0x5e4f50
AUTO: _Z4normIddJEEdT_T0_DpKT1_ @ 0xa9b870
AUTO: _Z2sqIdJdEEdT_DpKT0_ @ 0xa9b8e0
AUTO: _Z2sqIdEdT_ @ 0xa9b960
AUTO: _ZL3MAXIdfEDTqugtfp_fp0_fp_fp0_ERKT_RKT0_ @ 0x5e4ff0
AUTO: _ZN2AP5rallyEv @ 0x5e5090
AUTO: _ZNK7AP_AHRS12get_locationER8Location @ 0x5e50d0
AUTO: _ZNK8AP_Rally24find_nearest_rally_pointERK8LocationR13RallyLocation @ 0x5e5150
AUTO: _ZN2AP7vehicleEv @ 0x5e5340
AUTO: _ZNK10AP_Mission7presentEv @ 0xa9ba60
AUTO: _ZN10AP_Vehicle13get_singletonEv @ 0x5e5380
AUTO: _ZN8LocationC2EiiiNS_8AltFrameE @ 0x5e55a0
AUTO: _ZN8Location10set_alt_cmEiNS_8AltFrameE @ 0x5e5640
AUTO: _ZN8AP_Rally13get_singletonEv @ 0xa9bad0
AUTO: _ZN11RC_Channels23get_valid_channel_countEv @ 0x5e5730
AUTO: _ZNK10RC_Channel12has_overrideEv @ 0x5e57a0
AUTO: _ZNK13AP_ParamTBaseIfL11ap_var_type4EE3getEv @ 0xa9bd10
AUTO: _Z7is_zerof @ 0xa9bd60
AUTO: _ZL3MINIihEDTqultfp_fp0_fp_fp0_ERKT_RKT0_.7422 @ 0x5e5860
AUTO: _ZN2AP3gpsEv @ 0x5e58f0
AUTO: _ZNK6AP_GPS11num_sensorsEv @ 0x5e5ad0
AUTO: _ZNK6AP_GPS8get_typeEh @ 0xa9bed0
AUTO: _ZNK6AP_GPS14primary_sensorEv @ 0xa9bf60
AUTO: _ZNK6AP_GPS6statusEh @ 0xa9bfb0
AUTO: _ZNK6AP_GPS10is_healthyEh @ 0x5e5b50
AUTO: _ZNK7AP_AHRS11home_is_setEv @ 0xa9c070
AUTO: _ZNK6AP_GPS8locationEv @ 0xa9c0d0
AUTO: _ZNK6AP_GPS22first_unconfigured_gpsERh @ 0x5e5e10
AUTO: _ZN3GCS9send_textE12MAV_SEVERITYPKcz @ 0x5e5fe0
AUTO: _ZNK7AP_EnumIN6AP_GPS8GPS_TypeEEcvKS1_Ev @ 0xa9c130
AUTO: _ZNK6AP_GPS8locationEh @ 0xa9c180
AUTO: _ZNK7Vector3IfE6lengthEv @ 0xa9c1f0
AUTO: _Z4normIffJfEEdT_T0_DpKT1_ @ 0xa9c250
AUTO: _Z2sqIfJffEEdT_DpKT0_ @ 0xa9c2d0
AUTO: _ZL2sqf.2617 @ 0x5e62c0
AUTO: _Z2sqIfJfEEdT_DpKT0_ @ 0xa9c370
AUTO: _ZL2sqf.1898 @ 0x5e6310
AUTO: _ZN7Vector3IfEC2Efff @ 0xa9c3f0
AUTO: _ZNK6AP_GPS12is_rtk_roverEh @ 0x5e6360
AUTO: _ZN6AP_GPS13get_singletonEv @ 0xa9c500
AUTO: _ZNK7AP_AHRS7healthyEv @ 0x5e6e40
AUTO: _ZN2AP12externalAHRSEv @ 0x5e7020
AUTO: _ZNK7AP_AHRS8ekf_typeEv @ 0x5e70c0
AUTO: _ZNK7AP_AHRS15active_EKF_typeEv @ 0xa9c540
AUTO: _ZN2AP7compassEv @ 0x5e7a00
AUTO: _ZNK7Compass11use_for_yawEv @ 0x5e7a40
AUTO: _ZNK16AP_NavEKF_Source12getYawSourceEh @ 0x5e88b0
AUTO: _ZNK12NavEKF3_core7healthyEv @ 0x5e8b70
AUTO: _ZNK16AP_NavEKF_Source14useVelXYSourceENS_8SourceXYEh @ 0x5e8f30
AUTO: _ZNK16AP_NavEKF_Source18getActiveSourceSetEh @ 0xa9c590
AUTO: _ZNK7AP_EnumIN16AP_NavEKF_Source8SourceXYEEcvKS1_Ev @ 0xa9c640
AUTO: _ZNK16AP_NavEKF_Source13option_is_setENS_13SourceOptionsE @ 0xa9c690
AUTO: _ZNK12NavEKF3_core15getFilterFaultsERt @ 0x5e9060
AUTO: _ZNK11QuaternionTIdE6is_nanEv @ 0xa9c710
AUTO: _ZNK7Vector3IdE6is_nanEv @ 0xa9c810
AUTO: _ZNK7AP_EnumIN16AP_NavEKF_Source9SourceYawEEcvKS1_Ev @ 0xa9c8e0
AUTO: _ZN2AP3dalEv @ 0x5e9180
AUTO: _ZN6AP_DAL7compassEv @ 0xa9c930
AUTO: _ZNK14AP_DAL_Compass15get_num_enabledEv @ 0xa9c980
AUTO: _ZN6AP_DAL13get_singletonEv @ 0xa9c9d0
AUTO: _ZnwmRKSt9nothrow_t @ 0x5e91c0
AUTO: _ZN7Matrix3IfEC2Ev @ 0xa9ce10
AUTO: _ZN7Vector3IfEC2Ev @ 0xa9cf00
AUTO: _ZN11QuaternionTIfEC2Ev @ 0xa9d080
AUTO: _ZN7Vector2IfEC2Ev @ 0xa9d0f0
AUTO: _ZN6AP_DAL4baroEv @ 0xa9d150
AUTO: _ZN6AP_DAL6beaconEv @ 0xa9d1f0
AUTO: _ZN6AP_DAL3gpsEv @ 0xa9d2b0
AUTO: _ZN6AP_DAL11rangefinderEv @ 0xa9d3c0
AUTO: _ZN6AP_DAL10visualodomEv @ 0xa9d410
AUTO: _ZNK12NavEKF2_core7healthyEv @ 0x5e9760
AUTO: _ZNK12NavEKF2_core15getFilterFaultsERt @ 0x5e9990
AUTO: _ZNK7Compass7healthyEh @ 0x5e9af0
AUTO: _ZNK7Compass11use_for_yawEh @ 0x5e9b90
AUTO: _ZNK7Compass9availableEv @ 0xa9d530
AUTO: _ZN14typesafe_indexIh12TAG_PriorityEC2Eh @ 0xa9d5b0
AUTO: _ZNK19RestrictIDTypeArrayI9AP_ParamTIaL11ap_var_type1EELj3E14typesafe_indexIh12TAG_PriorityEEixERKS5_ @ 0xa9d610
AUTO: _ZNK7AP_EnumIN7Compass9LearnTypeEEcvKS1_Ev @ 0xa9d690
AUTO: _ZNK14typesafe_indexIh12TAG_PriorityE7get_intEv @ 0xa9d6e0
AUTO: _ZNK7Compass10_get_stateE14typesafe_indexIh12TAG_PriorityE @ 0xa9d730
AUTO: _ZNK7Compass13_get_state_idE14typesafe_indexIh12TAG_PriorityE @ 0x5e9c70
AUTO: _ZNK19RestrictIDTypeArrayIN7Compass9mag_stateELj4E14typesafe_indexIh14TAG_StateIndexEEixERKS4_ @ 0xa9d7b0
AUTO: _ZNK14typesafe_indexIh14TAG_StateIndexE7get_intEv @ 0xa9d830
AUTO: _ZNK19RestrictIDTypeArrayIiLj3E14typesafe_indexIh12TAG_PriorityEEixERKS2_ @ 0xa9d880
AUTO: _ZN14typesafe_indexIh14TAG_StateIndexEC2Eh @ 0xa9d900
AUTO: _ZNK14typesafe_indexIh14TAG_StateIndexEltERKh @ 0xa9d960
AUTO: _ZN14typesafe_indexIh14TAG_StateIndexEppEi @ 0xa9d9d0
AUTO: _ZN7Compass13get_singletonEv @ 0xa9da40
AUTO: _ZNK7NavEKF211activeCoresEv @ 0xa9da80
AUTO: _ZNK11QuaternionTIfE13to_axis_angleER7Vector3IfE @ 0xa9dd70
AUTO: _ZNK7NavEKF311activeCoresEv @ 0xa9dec0
AUTO: _ZNK7AP_AHRS14always_use_EKFEv @ 0xa9df10
AUTO: _ZN11QuaternionTIfE20from_rotation_matrixERK7Matrix3IfE @ 0xa9dfd0
AUTO: _ZNK12NavEKF3_core11use_compassEv @ 0x5ea300
AUTO: _ZNK14AP_DAL_Compass11use_for_yawEh @ 0xa9e4e0
AUTO: _ZNK12NavEKF3_core20getRotationBodyToNEDER7Matrix3IfE @ 0x5ea3d0
AUTO: _ZNK11QuaternionTIdE15rotation_matrixER7Matrix3IfE @ 0xa9e550
AUTO: _ZNK6AP_DAL43get_rotation_vehicle_body_to_autopilot_bodyEv @ 0xa9e760
AUTO: _ZNK7Matrix3IfEmlERKS0_ @ 0xa9e7b0
AUTO: _ZN7Matrix3IfEC2ERK7Vector3IfES4_S4_ @ 0xa9ea20
AUTO: _ZL2sqf.4371 @ 0x5ea490
AUTO: _ZN7Vector3IfEdVEf @ 0xa9ead0
AUTO: _Z7wrap_PId @ 0x5ea4e0
AUTO: _ZN7Vector3IfEmLEf @ 0xa9eb60
AUTO: _Z8wrap_2PId @ 0x5ea570
AUTO: _ZN11QuaternionTIfEC2Effff @ 0xa9eea0
AUTO: _ZNK11QuaternionTIfE15rotation_matrixER7Matrix3IfE @ 0xa9ef50
AUTO: _ZNK7Matrix3IfE13mul_transposeERK7Vector3IfE @ 0xa9f140
AUTO: _ZNK7Vector3IfEmiERKS0_ @ 0xa9f250
AUTO: _Z20constrain_value_lineIfET_S0_S0_S0_j @ 0xa9f300
AUTO: _ZNK7AP_AHRS24get_rotation_body_to_nedEv @ 0xa9f420
AUTO: _ZN15AP_ExternalAHRS13get_singletonEv @ 0xa9f560
AUTO: _ZNK7NavEKF37healthyEv @ 0x5ea830
AUTO: _ZN2AP3insEv @ 0x5ea9a0
AUTO: _ZNK17AP_InertialSensor19get_gyro_health_allEv @ 0x5ea9e0
AUTO: _ZNK17AP_InertialSensor22gyro_calibrated_ok_allEv @ 0x5eaaa0
AUTO: _ZNK17AP_InertialSensor20get_accel_health_allEv @ 0x5eabb0
AUTO: _ZNK17AP_InertialSensor23accel_calibrated_ok_allEv @ 0x5eac70
AUTO: _ZNK10AP_GyroFFT16analysis_enabledEv @ 0xa9f720
AUTO: _ZN7Vector3IfEixEh @ 0xa9fab0
AUTO: _ZN10DigitalLPFIfE6_applyERKfS2_ @ 0xa9fe10
AUTO: _Z15constrain_int16sss @ 0xaa0410
AUTO: _Z15constrain_valueIsET_S0_S0_S0_ @ 0xaa04a0
AUTO: _ZNK10ByteBuffer5spaceEv @ 0x5ed8b0
AUTO: _ZN10ByteBuffer5writeEPKhj @ 0x5edb10
AUTO: _ZN10ByteBuffer7reserveEPNS_5IoVecEj @ 0x5edc30
AUTO: _ZN10ByteBuffer6commitEj @ 0x5ede60
AUTO: _ZNK10ByteBuffer8get_sizeEv @ 0xaa0550
AUTO: _ZNK17AP_InertialSensor14get_gyro_countEv @ 0xaa05e0
AUTO: _ZNK17AP_InertialSensor4_useEh @ 0xaa0650
AUTO: _ZNK17AP_InertialSensor8_gyro_idEh @ 0xaa06b0
AUTO: _ZN17AP_InertialSensor8_gyro_idEh @ 0xaa0710
AUTO: _ZN17AP_InertialSensor4_useEh @ 0xaa0780
AUTO: _ZL3MINIihEDTqultfp_fp0_fp_fp0_ERKT_RKT0_.4077 @ 0x5ee390
AUTO: _ZNK7AP_EnumIN22AP_InertialSensor_TCal6EnableEEcvKS1_Ev @ 0xaa0850
AUTO: _ZN17AP_InertialSensor4tcalEh @ 0xaa08a0
AUTO: _ZNK17AP_InertialSensor8get_gyroEv @ 0xaa0910
AUTO: _ZNK17AP_InertialSensor8use_gyroEh @ 0x5ee550
AUTO: _ZNK17AP_InertialSensor8get_gyroEh @ 0xaa0970
AUTO: _ZNK17AP_InertialSensor15get_gyro_healthEh @ 0xaa09e0
AUTO: _ZNK17AP_InertialSensor15get_accel_countEv @ 0xaa0a80
AUTO: _ZL3MINIihEDTqultfp_fp0_fp_fp0_ERKT_RKT0_ @ 0x5ee7d0
AUTO: _ZNK17AP_InertialSensor9get_accelEv @ 0xaa0af0
AUTO: _ZNK17AP_InertialSensor9use_accelEh @ 0x5ee860
AUTO: _ZNK17AP_InertialSensor9get_accelEh @ 0xaa0b50
AUTO: _ZNK17AP_InertialSensor16get_accel_healthEh @ 0xaa0bc0
AUTO: _ZNK17AP_InertialSensor13_accel_offsetEh @ 0xaa0c60
AUTO: _ZNK9AP_ParamVI7Vector3IfEL11ap_var_type5EE3getEv @ 0xaa0cc0
AUTO: _ZNK7Vector3IfE7is_zeroEv @ 0xaa0d10
AUTO: _ZNK17AP_InertialSensor12_accel_scaleEh @ 0xaa0dc0
AUTO: _ZNK17AP_InertialSensor9_accel_idEh @ 0xaa0e20
AUTO: _Z8is_equalIffENSt3__19enable_ifIXsr3std17is_floating_pointINS0_11common_typeIJT_T0_EE4typeEEE5valueEbE4typeES3_S4_ @ 0xaa0e80
AUTO: _ZN17AP_InertialSensor9_accel_idEh @ 0xaa0f00
AUTO: _ZN17AP_InertialSensor12_accel_scaleEh @ 0xaa0f70
AUTO: _ZN17AP_InertialSensor13_accel_offsetEh @ 0xaa0fe0
AUTO: _ZNK17AP_InertialSensor18gyro_calibrated_okEh @ 0xaa1050
AUTO: _ZN17AP_InertialSensor13get_singletonEv @ 0x5ee920
AUTO: _ZN8AP_Param17get_default_valueEPKS_RKNS_9GroupInfoE @ 0x5ef840
AUTO: _ZN13AP_ParamTBaseIiL11ap_var_type3EE3setERKi @ 0xaa1700
AUTO: _ZNK8AP_Param13find_var_infoEPjRPKNS_9GroupInfoERNS_12GroupNestingEPh @ 0x5f0390
AUTO: _ZNK8AP_Param14copy_name_infoEPKNS_4InfoEPKNS_9GroupInfoERKNS_12GroupNestingEhPcmb @ 0x5f0610
AUTO: _ZNK8AP_Param14send_parameterEPKc11ap_var_typeh @ 0x5f0870
AUTO: _ZNK8AP_Param13cast_to_floatE11ap_var_type @ 0x5f0a10
AUTO: _ZN3GCS20send_parameter_valueEPKc11ap_var_typef @ 0x5f0b00
AUTO: _ZL3MINImmEDTqultfp_fp0_fp_fp0_ERKT_RKT0_.7110 @ 0x5f0c40
AUTO: _ZN11GCS_MAVLINK14mav_param_typeE11ap_var_type @ 0x5f0cc0
AUTO: _ZN8AP_Param16count_parametersEv @ 0x5f0d50
AUTO: _ZN3GCS23send_to_active_channelsEjPKc @ 0x5f0f00
AUTO: _ZN9AP_Logger13get_singletonEv @ 0xaa1f60
AUTO: _ZN9AP_Logger15Write_ParameterEPKcf @ 0x5f1020
AUTO: _ZNK9AP_Logger10quiet_nanfEv @ 0xaa1fa0
AUTO: _ZN17AP_Logger_Backend15Write_ParameterEPKcff @ 0x5f1110
AUTO: _Z14strncpy_notermPcPKcm @ 0x5f1230
AUTO: _ZN17AP_Logger_Backend18WriteCriticalBlockEPKvt @ 0xaa1ff0
AUTO: _ZN17AP_Logger_Backend21WritePrioritisedBlockEPKvtbb @ 0x5f12e0
AUTO: _ZN17AP_Logger_Backend30validate_WritePrioritisedBlockEPKvt @ 0x5f14b0
AUTO: _ZN17AP_Logger_Backend9ShouldLogEb @ 0x5f16a0
AUTO: _ZN17AP_Logger_Backend21ensure_format_emittedEPKvt @ 0x5f1b40
AUTO: _ZNK17AP_Logger_Backend23message_type_from_blockEPKvtR11LogMessages @ 0x5f1c60
AUTO: _ZNK17AP_Logger_Backend28have_emitted_format_for_typeE11LogMessages @ 0xaa2070
AUTO: _ZN17AP_Logger_Backend14Write_Emit_FMTEh @ 0x5f1d50
AUTO: _ZNK9AP_Logger17fill_logstructureER12LogStructureh @ 0x5f1ee0
AUTO: _ZN17AP_Logger_Backend12Write_FormatEPK12LogStructure @ 0x5f2210
AUTO: _ZN17AP_Logger_Backend18Write_Format_UnitsEPK12LogStructure @ 0x5f22e0
AUTO: _ZN17AP_Logger_Backend17Fill_Format_UnitsEPK12LogStructureR16log_Format_Units @ 0x5f2370
AUTO: _ZN17AP_Logger_Backend11Fill_FormatEPK12LogStructureR10log_Format @ 0x5f2470
AUTO: _ZN7BitmaskILt256EE3setEt @ 0xaa20e0
AUTO: _ZNK7BitmaskILt256EE8validateEt @ 0xaa21a0
AUTO: _ZNK9AP_Logger22structure_for_msg_typeEh @ 0x5f25a0
AUTO: _ZL3MINIhmEDTqultfp_fp0_fp_fp0_ERKT_RKT0_.6833 @ 0x5f2660
AUTO: _ZNK9AP_Logger9structureEt @ 0x5f26f0
AUTO: _ZNK7BitmaskILt256EE3getEt @ 0xaa2230
AUTO: _ZNK6AP_HAL4Util14get_soft_armedEv @ 0xaa2300
AUTO: _ZN2AP6loggerEv @ 0x5f2760
AUTO: _Z7is_zeroI9AP_ParamTIfL11ap_var_type4EEEbT_ @ 0xaa2360
AUTO: _ZNK12AP_Scheduler5ticksEv @ 0xaa23c0
AUTO: _ZN6AP_HAL8millis16Ev @ 0x5f29b0
AUTO: _ZNK9AP_Logger13WritesEnabledEv @ 0xaa2520
AUTO: _ZNK19LoggerMessageWriter8finishedEv @ 0xaa2580
AUTO: _ZNK9AP_Logger15in_log_downloadEv @ 0x5f29f0
AUTO: _ZNK9AP_Logger16vehicle_is_armedEv @ 0xaa25e0
AUTO: _ZNK9AP_Logger26log_write_fmt_for_msg_typeEh @ 0x5f2b90
AUTO: mavlink_get_msg_entry @ 0x5f2c40
AUTO: _ZNK3GCS7num_gcsEv @ 0xaa2690
AUTO: _ZNK11GCS_MAVLINK10is_privateEv @ 0xaa26e0
AUTO: _ZNK11GCS_MAVLINK9is_activeEv @ 0xaa2740
AUTO: _ZN11GCS_MAVLINK12send_messageEPKcPK19__mavlink_msg_entry @ 0xaa27c0
AUTO: _ZN11GCS_MAVLINK18check_payload_sizeEt @ 0x5f2d60
AUTO: _mav_finalize_message_chan_send @ 0x5f2e10
AUTO: _Z26mavlink_get_channel_statush @ 0x5f3160
AUTO: _Z17_mav_trim_payloadPKch @ 0x5f3240
AUTO: _ZL13crc_calculatePKht @ 0x5f32e0
AUTO: _ZL21crc_accumulate_bufferPtPKct @ 0x5f3380
AUTO: _ZL14crc_accumulatehPt @ 0x5f3420
AUTO: _Z14comm_send_lock17mavlink_channel_tt @ 0x5f36b0
AUTO: _mavlink_send_uart @ 0x5f3770
AUTO: _Z16comm_send_unlock17mavlink_channel_t @ 0x5f37f0
AUTO: _Z16comm_send_buffer17mavlink_channel_tPKhh @ 0x5f3870
AUTO: _ZL13valid_channel17mavlink_channel_t @ 0x5f39e0
AUTO: _Z24gcs_out_of_space_to_send17mavlink_channel_t @ 0x5f3a90
AUTO: _ZN11GCS_MAVLINK20out_of_space_to_sendEv @ 0xaa2900
AUTO: _ZL8crc_initPt @ 0x5f43c0
AUTO: _ZN11GCS_MAVLINK14channel_statusEv @ 0xaa2960
AUTO: _ZNK11GCS_MAVLINK7txspaceEv @ 0xaa29b0
AUTO: _ZNK11GCS_MAVLINK15packet_overheadEv @ 0xaa2a50
AUTO: _ZN11GCS_MAVLINK20packet_overhead_chanE17mavlink_channel_t @ 0x5f4410
AUTO: _ZL3MINIjjEDTqultfp_fp0_fp_fp0_ERKT_RKT0_.7101 @ 0x5f44f0
AUTO: _ZN11GCS_MAVLINK10is_privateE17mavlink_channel_t @ 0xaa2ab0
AUTO: _ZN8AP_Param8var_infoEt @ 0xaa2b20
AUTO: _ZN8AP_Param14get_group_infoERKNS_4InfoE @ 0x5f4d70
AUTO: _ZN8AP_Param14get_group_infoERKNS_9GroupInfoE @ 0x5f5390
AUTO: _ZN8AP_Param19adjust_group_offsetEtRKNS_9GroupInfoERl @ 0x5f5410
AUTO: _ZN8AP_Param8group_idEPKNS_9GroupInfoEjhh @ 0x5f5530
AUTO: _ZN8AP_Param8get_baseERKNS_4InfoERl @ 0x5f5630
AUTO: _ZNK13AP_ParamTBaseIiL11ap_var_type3EE13cast_to_floatEv @ 0xaa2c60
AUTO: _ZNK8AP_Param19find_var_info_groupEPKNS_9GroupInfoEtjhlPjRS2_RNS_12GroupNestingEPh @ 0x5f57c0
AUTO: _ZN8AP_Param4saveEb @ 0x5f5cc0
AUTO: _ZN17AP_InertialSensor13caltemp_accelEh @ 0xaa2de0
AUTO: _ZNK17AP_InertialSensor15get_temperatureEh @ 0xaa2e50
AUTO: _ZN7Vector3IfE4zeroEv @ 0xaa30b0
AUTO: _ZNK7Vector3IfErmERKS0_ @ 0xaa3110
AUTO: _ZNK7Vector3IfEmlERKS0_ @ 0xaa31f0
AUTO: _Z9safe_sqrtIfEfT_ @ 0xaa3280
AUTO: _ZN11QuaternionTIfE9normalizeEv @ 0xaa3330
AUTO: _ZNK11QuaternionTIfE14get_euler_rollEv @ 0xaa3410
AUTO: _ZNK11QuaternionTIfE15get_euler_pitchEv @ 0xaa34c0
AUTO: _Z9safe_asinIfEfT_ @ 0xaa3530
AUTO: _ZNK11QuaternionTIfE6lengthEv @ 0xaa3610
AUTO: _ZN7Vector3IfE6rotateE8Rotation @ 0xaa3720
AUTO: _ZNK7Matrix3IfEmlERK7Vector3IfE @ 0xaa4700
AUTO: _ZN7Matrix3IfE10from_eulerEfff @ 0xaa48a0
AUTO: _ZN7Matrix3IfEC2Efffffffff @ 0xaa4ad0
AUTO: _ZNK7Vector3IfEplERKS0_ @ 0xaa4c00
AUTO: _ZNK7Vector3IfEdvEf @ 0xaa4cb0
AUTO: _ZNK7AP_AHRS13get_pitch_radEv @ 0xaa4da0
AUTO: _Z4normIffJEEdT_T0_DpKT1_ @ 0xaa4e90
AUTO: _ZN7Vector3IfEpLERKS0_ @ 0xaa4f00
AUTO: _ZN15ObjectBuffer_TSIN8AP_Param10param_saveEE4peekERS1_ @ 0xaa4fa0
AUTO: _ZN15ObjectBuffer_TSIN8AP_Param10param_saveEE4pushERKS1_ @ 0xaa5050
AUTO: _ZN10ByteBuffer9peekbytesEPhj @ 0x5f6d50
AUTO: _ZN10ByteBuffer9peekiovecEPNS_5IoVecEj @ 0x5f6e60
AUTO: _ZNK10ByteBuffer9availableEv @ 0x5f6fb0
AUTO: _ZN10ByteBuffer7readptrERj @ 0x5f7290
AUTO: _ZNK7Vector3IfEngEv @ 0xaa5130
AUTO: _ZN2AP4sitlEv @ 0x5f7690
AUTO: _ZN2AP4baroEv @ 0x5f76d0
AUTO: _ZNK7AP_Baro11all_healthyEv @ 0x5f78e0
AUTO: _ZNK6AP_GPS6statusEv @ 0xaa5210
AUTO: _ZNK7AP_Baro12get_pressureEv @ 0xaa5270
AUTO: _ZNK7AP_Baro23get_altitude_differenceEff @ 0x5f7990
AUTO: _ZNK7AP_Baro26get_altitude_from_pressureEf @ 0x5f7a30
AUTO: _ZL33find_atmosphere_layer_by_pressuref @ 0x5f7c90
AUTO: _ZNK7AP_Baro17get_altitude_AMSLEv @ 0xaa52d0
AUTO: _ZN7AP_Baro29geopotential_alt_to_geometricEf @ 0x5f7d40
AUTO: _ZNK7AP_Baro17get_altitude_AMSLEh @ 0xaa5330
AUTO: _ZNK7AP_Baro12get_altitudeEh @ 0xaa53a0
AUTO: _ZNK7AP_Baro12get_pressureEh @ 0xaa5410
AUTO: _ZNK7AP_Baro7healthyEh @ 0x5f7da0
AUTO: _ZN7AP_Baro13get_singletonEv @ 0xaa5480
AUTO: _ZN4SITL3SIM13get_singletonEv @ 0xaa54c0
AUTO: _ZNK6AP_HAL4Util18was_watchdog_armedEv @ 0xaa5500
AUTO: _ZNK9AP_Logger15logging_presentEv @ 0x5f8480
AUTO: _ZNK9AP_Logger15logging_startedEv @ 0x5f8570
AUTO: _ZNK11RC_Channels17option_is_enabledENS_6OptionE @ 0xaa55d0
AUTO: _ZNK11RC_Channels16get_roll_channelEv @ 0x5f87d0
AUTO: _ZNK11RC_Channels17get_pitch_channelEv @ 0x5f8840
AUTO: _ZNK11RC_Channels15get_yaw_channelEv @ 0x5f88b0
AUTO: _ZNK10RC_Channel14get_control_inEv @ 0xaa5650
AUTO: _ZNK11RC_Channels20get_throttle_channelEv @ 0x5f8920
AUTO: _ZN11RC_Channels23find_channel_for_optionEN10RC_Channel8AUX_FUNCE @ 0x5f8990
AUTO: _ZN2AP5rcmapEv @ 0x5f8c10
AUTO: _ZNK8RCMapper8throttleEv @ 0xaa5700
AUTO: _ZNK11RC_Channels25get_rcmap_channel_nonnullEh @ 0x5f8c50
AUTO: _ZN11RC_Channels10rc_channelEh @ 0xaa5760
AUTO: _ZN8RCMapper13get_singletonEv @ 0xaa57c0
AUTO: _ZNK8RCMapper3yawEv @ 0xaa5800
AUTO: _ZNK8RCMapper5pitchEv @ 0xaa5860
AUTO: _ZNK8RCMapper4rollEv @ 0xaa58c0
AUTO: _ZNK11RC_Channels19flight_mode_channelEv @ 0x5f8ce0
AUTO: _ZNK10RC_Channel11get_reverseEv @ 0x5f93b0
AUTO: _ZNK5Plane21flight_option_enabledE13FlightOptions @ 0x5f9980
AUTO: _ZNK10AP_Mission28get_in_landing_sequence_flagEv @ 0xaa5ca0
AUTO: _ZN10AP_Mission16get_next_nav_cmdEtRNS_15Mission_CommandE @ 0x5f9d00
AUTO: _ZN10AP_Mission12get_next_cmdEtRNS_15Mission_CommandEbb @ 0x5f9e10
AUTO: _ZN10AP_Mission10is_nav_cmdERKNS_15Mission_CommandE @ 0x5fa100
AUTO: _ZNK9QuadPlane7enabledEv @ 0xaa5d80
AUTO: _ZNK10Tailsitter7enabledEv @ 0xaa5df0
AUTO: _Z11is_positiveI9AP_ParamTIfL11ap_var_type4EEEbT_ @ 0xaa6080
AUTO: _ZN11AP_Airspeed13get_singletonEv @ 0xaa64d0
AUTO: _ZNK11AP_Airspeed7enabledEh @ 0x5faf70
AUTO: _ZNK11AP_Airspeed3useEh @ 0x5fb030
AUTO: _ZNK11AP_Airspeed7healthyEh @ 0x5fb160
AUTO: _ZNK7AP_EnumIN18AP_Airspeed_Params11SkipCalTypeEEcvKS1_Ev @ 0xaa6510
AUTO: _ZNK11AP_Airspeed11lib_enabledEv @ 0x5fb2e0
AUTO: _ZN12SRV_Channels17get_output_scaledEN11SRV_Channel8FunctionE @ 0x5fb330
AUTO: _ZNK10RC_Channel12get_radio_inEv @ 0xaa65a0
AUTO: _ZN2AP5fenceEv @ 0x5fd3a0
AUTO: _ZNK8AC_Fence7presentEv @ 0x5fd980
AUTO: _ZNK8AC_Fence7enabledEv @ 0xaa66b0
AUTO: _ZNK19AC_PolyFence_loader17total_fence_countEv @ 0xaa6900
AUTO: _ZNK7Vector2IfEmiERKS0_ @ 0xaa7030
AUTO: _ZNK7Vector2IfEmlERKS0_ @ 0xaa72a0
AUTO: _ZNK7Vector2IfEmlEf @ 0xaa7320
AUTO: _ZN7Vector2IfEC2Eff @ 0xaa73a0
AUTO: _ZNK8Location15get_distance_NEERKS_ @ 0x5ff000
AUTO: _ZNK19AC_PolyFence_loader27get_exclusion_polygon_countEv @ 0xaa74d0
AUTO: _ZNK19AC_PolyFence_loader27get_inclusion_polygon_countEv @ 0xaa7520
AUTO: _ZNK19AC_PolyFence_loader26get_exclusion_circle_countEv @ 0xaa7570
AUTO: _ZNK19AC_PolyFence_loader26get_inclusion_circle_countEv @ 0xaa75c0
AUTO: _ZN8AC_Fence13get_singletonEv @ 0xaa7610
AUTO: _ZN2AP10visualodomEv @ 0x5ff1c0
AUTO: _ZNK13AP_VisualOdom7enabledEv @ 0x5ff330
AUTO: _ZNK7AP_EnumIN13AP_VisualOdom15VisualOdom_TypeEEcvKS1_Ev @ 0xaa7650
AUTO: _ZN13AP_VisualOdom13get_singletonEv @ 0xaa76a0
AUTO: _ZN6AP_HAL6microsEv @ 0x5ff7a0
AUTO: _ZN2AP5mountEv @ 0x5ff7e0
AUTO: _ZN8AP_Mount13get_singletonEv @ 0xaa7720
AUTO: _ZN2AP3osdEv @ 0x5ffa40
AUTO: _ZN6AP_OSD13get_singletonEv @ 0xaa77c0
AUTO: _ZN2AP9generatorEv @ 0x5ffd90
AUTO: _ZN12AP_Generator13get_singletonEv @ 0x5fff50
AUTO: _ZN2AP3canEv @ 0x5fff90
AUTO: _ZNK13AP_CANManager15get_num_driversEv @ 0xaa78b0
AUTO: _ZNK13AP_CANManager15get_driver_typeEh @ 0xaa7900
AUTO: _ZN13AP_CANManager13get_singletonEv @ 0xaa7b90
AUTO: _ZNK10AP_Terrain14get_statisticsERtS0_ @ 0x600a70
AUTO: _ZNK10AP_Terrain10bitcount64Em @ 0x600c60
AUTO: _ZNK11SRV_Channel12get_functionEv @ 0xaa7cd0
AUTO: _ZNK11SRV_Channel14get_output_minEv @ 0xaa7d90
AUTO: _ZNK11SRV_Channel14get_output_maxEv @ 0xaa7de0
AUTO: _ZN11SRV_Channel13should_e_stopENS_8FunctionE @ 0x600d50
AUTO: _ZN11RangeFinder13get_singletonEv @ 0xaa7e80
AUTO: _ZNK9AP_Logger14logging_failedEv @ 0x601380
AUTO: _ZN2AP7batteryEv @ 0x601500
AUTO: _ZNK14AP_BattMonitor15configured_typeEh @ 0xaa7f70
AUTO: _ZNK14AP_BattMonitor14allocated_typeEh @ 0xaa7fe0
AUTO: _ZNK22AP_BattMonitor_Backend20check_failsafe_typesERbS0_S0_S0_ @ 0x601c30
AUTO: _ZNK21AP_BattMonitor_Params23failsafe_voltage_sourceEv @ 0xaa80c0
AUTO: _ZL3MAXIffEDTqugtfp_fp0_fp_fp0_ERKT_RKT0_.19313 @ 0x602040
AUTO: _ZN14AP_BattMonitor13get_singletonEv @ 0xaa8120
AUTO: _ZNK7Compass14is_calibratingEv @ 0x6020c0
AUTO: _ZNK7Compass7healthyEv @ 0xaa81c0
AUTO: _ZNK7Compass21learn_offsets_enabledEv @ 0xaa8220
AUTO: _ZNK7Compass9get_fieldEv @ 0xaa8350
AUTO: _ZNK7Compass10consistentEv @ 0x602480
AUTO: _ZN14AP_Declination18get_earth_field_gaERK8Location @ 0x602720
AUTO: _ZNK7Vector3IfEmlEf @ 0xaa83b0
AUTO: _ZN14AP_Declination16get_mag_field_efEffRfS0_S0_ @ 0x6029c0
AUTO: _ZL7radiansf.3485 @ 0x602fc0
AUTO: _Z15constrain_int32iii @ 0xaa8450
AUTO: _Z15constrain_valueIiET_S0_S0_S0_ @ 0xaa84c0
AUTO: _ZN11AP_AHRS_DCM11use_compassEv @ 0x603130
AUTO: _ZNK7AP_AHRS15get_fly_forwardEv @ 0xaa85b0
AUTO: _ZNK11AP_AHRS_DCM8have_gpsEv @ 0x6032e0
AUTO: _ZNK6AP_GPS12ground_speedEv @ 0xaa8610
AUTO: _ZL7degreesf.2589 @ 0x603370
AUTO: _ZNK6AP_GPS13ground_courseEv @ 0xaa8670
AUTO: _Z8wrap_180IfET_S0_ @ 0xaa86d0
AUTO: _Z8wrap_360f @ 0x6033c0
AUTO: _ZNK6AP_GPS13ground_courseEh @ 0xaa8760
AUTO: _ZNK6AP_GPS12ground_speedEh @ 0xaa87d0
AUTO: _ZNK7AP_EnumI6GPSUseEcvKS0_Ev @ 0xaa8840
AUTO: _ZNK12NavEKF2_core11use_compassEv @ 0x603440
AUTO: _ZNK7Vector3IfE2xyEv @ 0xaa8890
AUTO: _ZNK7Compass9get_countEv @ 0xaa88e0
AUTO: _ZNK7Compass9get_fieldEh @ 0xaa8930
AUTO: _ZNK7Vector2IfE7is_zeroEv @ 0xaa89b0
AUTO: _ZNK7Vector3IfE5angleERKS0_ @ 0xaa8a40
AUTO: _ZL7radiansf.3200 @ 0x6034e0
AUTO: _ZNK7Vector2IfE5angleERKS0_ @ 0xaa8b50
AUTO: _ZNK7Vector2IfE6lengthEv @ 0xaa8c70
AUTO: _ZNK7Compass11get_offsetsEh @ 0xaa8cd0
AUTO: _ZNK9AP_ParamVI7Vector3IfEL11ap_var_type5EEcvRKS1_Ev @ 0xaa8d50
AUTO: _ZNK14typesafe_indexIh12TAG_PriorityEltERKh @ 0xaa8da0
AUTO: _ZNK14typesafe_indexIh12TAG_PriorityEcvhEv @ 0xaa8e90
AUTO: _ZNK14typesafe_indexIh12TAG_PriorityEplERKh @ 0xaa8ee0
AUTO: _ZN14typesafe_indexIh12TAG_PriorityEppEi @ 0xaa8fe0
AUTO: _ZN19RestrictIDTypeArrayIN7Compass9mag_stateELj4E14typesafe_indexIh14TAG_StateIndexEEixERKS4_ @ 0xaa9050
AUTO: _ZN8AP_Param7set_keyERNS_12Param_headerEt @ 0x603a40
AUTO: _ZN8AP_Param4scanEPKNS_12Param_headerEPt @ 0x603ad0
AUTO: _ZN8AP_Param9type_sizeE11ap_var_type @ 0x603c60
AUTO: _ZNK13StorageAccess4sizeEv @ 0xaa9140
AUTO: _ZN8AP_Param7get_keyERKNS_12Param_headerE @ 0x603d00
AUTO: _ZN8AP_Param11is_sentinalERKNS_12Param_headerE @ 0x603d70
AUTO: _ZNK19RestrictIDTypeArrayIP17CompassCalibratorLj3E14typesafe_indexIh12TAG_PriorityEEixERKS4_ @ 0xaa9190
AUTO: _ZN5Plane9is_flyingEv @ 0x603ec0
AUTO: _ZN10AP_Mission5resetEv @ 0x604150
AUTO: _ZNK9AP_Arming14option_enabledENS_6OptionE @ 0xaa9340
AUTO: _ZN15AP_Arming_Plane17update_soft_armedEv @ 0x604400
AUTO: _ZNK9AP_Arming8is_armedEv @ 0x604840
AUTO: _ZN9AP_Logger17set_vehicle_armedEb @ 0x6048c0
AUTO: _ZN10AP_Mission18init_jump_trackingEv @ 0x6049b0
AUTO: _ZN10AP_Mission16reset_wp_historyEv @ 0x604a40
AUTO: _ZNK9AP_Arming22get_rudder_arming_typeEv @ 0xaa9420
AUTO: _ZN8AC_Fence12clear_breachEh @ 0x605180
AUTO: _ZN9AP_Logger18WriteCriticalBlockEPKvt @ 0x6051f0
AUTO: _ZNK9AP_Arming23is_armed_and_safety_offEv @ 0x6052a0
AUTO: _ZNK9QuadPlane14is_flying_vtolEv @ 0x605330
AUTO: _ZNK9QuadPlane12in_vtol_modeEv @ 0x6054d0
AUTO: _ZNK9QuadPlane15PosControlState9get_stateEv @ 0xaa9650
AUTO: _ZNK9QuadPlane12in_vtol_autoEv @ 0x605750
AUTO: _ZNK10AP_Mission19get_current_nav_cmdEv @ 0xaa96a0
AUTO: _ZNK9QuadPlane15is_vtol_takeoffEt @ 0x605880
AUTO: _ZNK9QuadPlane39landing_with_fixed_wing_spiral_approachEv @ 0x605a40
AUTO: _ZNK9QuadPlane21in_vtol_land_approachEv @ 0x605b50
AUTO: _ZNK9QuadPlane20in_vtol_land_descentEv @ 0x605cb0
AUTO: _ZN5Plane18update_current_locEv @ 0x6064e0
AUTO: _ZNK7AP_AHRS11get_yaw_degEv @ 0xaa9840
AUTO: _ZNK7AP_AHRS28get_relative_position_D_homeERf @ 0x6066f0
AUTO: _ZNK7AP_Baro12get_altitudeEv @ 0xaa9890
AUTO: _ZNK7AP_AHRS30get_relative_position_D_originERd @ 0x606890
AUTO: _ZNK7AP_AHRS11_get_originER8Location @ 0x6069d0
AUTO: _ZNK7AP_AHRS11_get_originENS_7EKFTypeER8Location @ 0x606ab0
AUTO: _ZNK7NavEKF312getOriginLLHER8Location @ 0x606d80
AUTO: _ZNK8Location11initialisedEv @ 0xaa98f0
AUTO: _ZNK12NavEKF3_core12getOriginLLHER8Location @ 0x607060
AUTO: _ZNK12NavEKF2_core12getOriginLLHER8Location @ 0x607150
AUTO: _ZNK8Location7is_zeroEv @ 0x607230
AUTO: _ZNK7NavEKF37getPosDERd @ 0x6073f0
AUTO: _ZNK7Vector3IfE8todoubleEv @ 0xaa9980
AUTO: _ZN7Vector3IdEmLEd @ 0xaa9a00
AUTO: _ZN8Location13offset_latlngERiS0_dd @ 0x6078c0
AUTO: _ZN8Location15limit_lattitudeEi @ 0x6079c0
AUTO: _ZN8Location14wrap_longitudeEl @ 0x607a60
AUTO: _ZN7Vector3IdEC2Eddd @ 0xaa9a90
AUTO: _ZNK12NavEKF3_core7getPosDERd @ 0x607b00
AUTO: _ZNK12NavEKF3_core13getPosD_localERd @ 0x607bd0
AUTO: _ZNK12NavEKF2_core7getPosDERd @ 0x607c60
AUTO: _ZN7Vector3IdEC2Ev @ 0xaa9b20
AUTO: _ZNK11AP_AHRS_DCM12get_locationER8Location @ 0x607e50
AUTO: _ZN8Location6offsetEdd @ 0x608180
AUTO: _ZNK6AP_GPS7get_lagERf @ 0xaa9b80
AUTO: _ZNK6AP_GPS7get_lagEhRf @ 0x608210
AUTO: _ZN8Location16change_alt_frameENS_8AltFrameE @ 0x6084a0
AUTO: _ZN3GCS12send_messageE10ap_message @ 0x608610
AUTO: _ZNK13StorageAccess11write_blockEtPKvm @ 0x608c50
AUTO: _ZN11GCS_MAVLINK12send_messageE10ap_message @ 0x608f40
AUTO: _ZN11GCS_MAVLINK22save_signing_timestampEb @ 0x609050
AUTO: _ZNK11GCS_MAVLINK12is_streamingEv @ 0xaa9d10
AUTO: _ZN7BitmaskILt91EE3setEt @ 0xaa9d70
AUTO: _ZNK7BitmaskILt91EE8validateEt @ 0xaa9e30
AUTO: _ZN11GCS_MAVLINK16signing_key_loadER10SigningKey @ 0x609180
AUTO: _ZNK7AP_AHRS10get_originER8Location @ 0x6092e0
AUTO: _ZNK8Location10get_alt_cmENS_8AltFrameERi @ 0x609450
AUTO: _ZN9AP_Logger10WriteBlockEPKvt @ 0x609790
AUTO: _ZN17AP_Logger_Backend10WriteBlockEPKvt @ 0xaa9ec0
AUTO: _ZNK8Location13get_alt_frameEv @ 0x609840
AUTO: _ZN2AP7terrainEv @ 0x609920
AUTO: _ZN10AP_Terrain11height_amslERK8LocationRfb @ 0x609960
AUTO: _ZN10AP_Terrain8allocateEv @ 0x609da0
AUTO: _ZNK10AP_Terrain19calculate_grid_infoERK8LocationRNS_9grid_infoE @ 0x609ec0
AUTO: _ZN10AP_Terrain15find_grid_cacheERKNS_9grid_infoE @ 0x60a330
AUTO: _ZN10AP_Terrain12check_bitmapERKNS_10grid_blockEhh @ 0x60a640
AUTO: _ZN10AP_Terrain11grid_bitnumEhh @ 0x60a700
AUTO: _ZNK10AP_DAL_GPS8locationEv @ 0xaaa000
AUTO: _ZNK10AP_DAL_GPS8locationEh @ 0xaaa060
AUTO: _ZN6AP_DAL9end_frameEv @ 0x60b020
AUTO: _ZN6AP_DAL15WriteLogMessageE11LogMessagesPvPKvh @ 0x60b0a0
AUTO: _ZN9AP_Logger16WriteReplayBlockEhPKvt @ 0x60b1c0
AUTO: _ZNK9AP_Logger10log_replayEv @ 0xaaa0d0
AUTO: _ZNK11AP_Airspeed7healthyEv @ 0xaaa190
AUTO: _ZNK7AP_Baro15get_temperatureEh @ 0xaaa270
AUTO: _ZN11AP_Airspeed15get_temperatureEhRf @ 0x60b8a0
AUTO: _ZNK7AP_AHRS17get_filter_statusER17nav_filter_status @ 0x60bc90
AUTO: _ZNK7AP_AHRS16get_velocity_NEDER7Vector3IfE @ 0x60bdc0
AUTO: _ZN10AP_Terrain23update_reference_offsetEv @ 0x60be40
AUTO: _ZNK9AP_ParamTIfL11ap_var_type4EEngEv @ 0xaaa340
AUTO: _ZNK7NavEKF315getFilterStatusER17nav_filter_status @ 0x60c130
AUTO: _ZNK15AP_ExternalAHRS17get_filter_statusER17nav_filter_status @ 0x60c420
AUTO: _ZNK12NavEKF3_core15getFilterStatusER17nav_filter_status @ 0x60c5b0
AUTO: _ZNK12NavEKF2_core15getFilterStatusER17nav_filter_status @ 0x60c620
AUTO: _ZNK9AP_Arming18get_enabled_checksEv @ 0x60c690
AUTO: _ZN7HALSITL9Semaphore4takeEj @ 0x60c7f0
AUTO: _ZN7HALSITL9Semaphore16take_nonblockingEv @ 0x60c990
AUTO: _ZN6AP_HAL9Semaphore13take_blockingEv @ 0xaaab70
AUTO: _ZN7HALSITL9Semaphore4giveEv @ 0x60ca20
AUTO: _ZN4SITL6AS56006updateERKNS_8AircraftE @ 0x60de50
AUTO: _ZNK4SITL8Aircraft12get_attitudeER11QuaternionTIfE @ 0xaaba10
AUTO: _ZL7degreesf.21535 @ 0x60e220
AUTO: _ZN4SITL17I2CRegisters_8Bit12set_registerEhh @ 0x60e280
AUTO: _ZN4SITL9I2CDevice6updateERKNS_8AircraftE @ 0xaabc00
AUTO: _ZN4SITL13TeraRangerI2C6updateERKNS_8AircraftE @ 0xaabda0
AUTO: _ZNK4SITL8Aircraft17rangefinder_rangeEv @ 0x60e940
AUTO: _Z10rand_floatv @ 0x60ec20
AUTO: _ZN4SITL7INA32216updateERKNS_8AircraftE @ 0x60ef00
AUTO: _ZL15convert_voltagef @ 0x60f380
AUTO: _ZL15convert_currentf @ 0x60f450
AUTO: _ZN4SITL8QMC5883L6updateERKNS_8AircraftE @ 0x60f6b0
AUTO: _ZN7Vector3IfE14rotate_inverseE8Rotation @ 0xaabe10
AUTO: _ZL7htole16t.15963 @ 0x60fac0
AUTO: _ZN7Vector3IsEC2Esss @ 0xaabfc0
AUTO: _ZN4SITL10IS31FL31956updateERKNS_8AircraftE @ 0x60fd30
AUTO: _ZN4SITL17I2CRegisters_8Bit12get_registerEh @ 0xaac160
AUTO: _ZN10SIM_RGBLED11set_coloursEhhh @ 0xaac1c0
AUTO: _ZN4SITL6LM27556updateERKNS_8AircraftE @ 0x610a10
AUTO: _ZNK4SITL6LM275510LEDChannel13current_valueEv @ 0xaac3d0
AUTO: _ZN4SITL6LP55626updateERKNS_8AircraftE @ 0x610fc0
AUTO: _ZN4SITL6LP556210LEDChannel6updateEv @ 0x6112d0
AUTO: _ZNK4SITL6LP556210LEDChannel13current_valueEv @ 0xaac650
AUTO: _ZN4SITL6MS5XXX6updateERKNS_8AircraftE @ 0x6113b0
AUTO: _ZN7AP_Baro37get_pressure_temperature_for_alt_amslEfRfS0_ @ 0x612360
AUTO: _ZN7AP_Baro29geometric_alt_to_geopotentialEf @ 0x612540
AUTO: _ZL33find_atmosphere_layer_by_altitudef @ 0x6125a0
AUTO: _ZN7AP_Baro33get_temperature_by_altitude_layerEfa @ 0x612650
AUTO: _ZN7AP_Baro29get_temperatureC_for_alt_amslEf @ 0x6131d0
AUTO: _ZN4SITL12InvensenseV36updateERKNS_8AircraftE @ 0x613240
AUTO: _ZNK4SITL8ICM4060911accel_scaleEv @ 0xaacba0
AUTO: _ZL7radiansd.15405 @ 0x613d00
AUTO: _ZNK4SITL12InvensenseV310gyro_scaleEv @ 0xaacbf0
AUTO: _ZN4SITL12InvensenseV313write_to_fifoEhPhh @ 0x613d50
AUTO: _ZN4SITL7MCP96006updateERKNS_8AircraftE @ 0x6142b0
AUTO: _ZL7htobe16t.15309 @ 0x614880
AUTO: _ZL10__bswap_16t.15311 @ 0x6148d0
AUTO: _ZNK4SITL31I2CRegisters_ConfigurableLength13get_reg_valueEhRh @ 0x614940
AUTO: _ZN4SITL6TSYS036updateERKNS_8AircraftE @ 0x614d90
AUTO: _ZN4SITL6TSYS016updateERKNS_8AircraftE @ 0x6157e0
AUTO: _ZN4SITL5SHT3x6updateERKNS_8AircraftE @ 0x616410
AUTO: _ZN4SITL13Airspeed_DLVR6updateERKNS_8AircraftE @ 0x616c90
AUTO: _ZN4SITL29SIM_BattMonitor_SMBus_Generic6updateERKNS_8AircraftE @ 0x617770
AUTO: _ZNK4SITL29SIM_BattMonitor_SMBus_Generic15connected_cellsEv @ 0xaad4e0
AUTO: _ZN4SITL21SIM_BattMonitor_SMBus6updateERKNS_8AircraftE @ 0x617fd0
AUTO: _ZNK4SITL8Aircraft19get_battery_voltageEv @ 0xaad530
AUTO: _ZN4SITL11SMBusDevice12set_registerEht @ 0xaad580
AUTO: _ZN4SITL18I2CRegisters_16Bit12set_registerEht @ 0x6180e0
AUTO: _ZN4SITL11SMBusDevice12set_registerEhs @ 0xaad600
AUTO: _ZN4SITL18I2CRegisters_16Bit12set_registerEhs @ 0x618190
AUTO: _ZN4SITL6Rotoye6updateERKNS_8AircraftE @ 0x618430
AUTO: _ZN4SITL11SMBusDevice13get_reg_valueEh @ 0xaad8b0
AUTO: _ZN4SITL18I2CRegisters_16Bit13get_reg_valueEh @ 0xaad920
AUTO: _ZL7be16toht.21586 @ 0x618500
AUTO: _ZL10__bswap_16t.21587 @ 0x618550
AUTO: _ZNK4SITL6Maxell15connected_cellsEv @ 0xaad9e0
AUTO: _ZN4SITL13MaxSonarI2CXL6updateERKNS_8AircraftE @ 0xaadb20
AUTO: _ZN4SITL10ToshibaLED6updateERKNS_8AircraftE @ 0x618810
AUTO: _ZNK6AP_HAL3HAL6serialEh @ 0xaae560
AUTO: _ZL14fill_stack_nanv @ 0x6192d0
AUTO: _ZN7HALSITL9Scheduler13_run_io_procsEv @ 0x619650
AUTO: _ZNK7FunctorIvJEEcvbEv @ 0xaae670
AUTO: _ZNK7FunctorIvJEEclEv @ 0xaae6d0
AUTO: _ZN7HALSITL16I2CDeviceManager11_timer_tickEv @ 0x619860
AUTO: _ZN2AP2RCEv @ 0x619900
AUTO: _ZN13AP_RCProtocol6updateEv @ 0x6199b0
AUTO: _ZN13AP_RCProtocol16check_added_uartEv @ 0x619a00
AUTO: _ZNK13AP_RCProtocol13should_searchEj @ 0x619c70
AUTO: _ZN21AP_RCProtocol_Backend9new_inputEv @ 0x61a3b0
AUTO: _ZNK17AP_RCProtocol_FDM6activeEv @ 0xaae970
AUTO: _ZN6I2CBus11_timer_tickEv @ 0x61a5c0
AUTO: _ZN9AP_Logger6WriteVEPKcS1_S1_S1_S1_P13__va_list_tagbb @ 0x61a6f0
AUTO: _ZN9AP_Logger16msg_fmt_for_nameEPKcS1_S1_S1_S1_bb @ 0x61a8f0
AUTO: _ZN17AP_Logger_Backend5WriteEhP13__va_list_tagbb @ 0x61b1e0
AUTO: _ZNK9AP_Logger24assert_same_fmt_for_nameEPKNS_13log_write_fmtEPKcS4_S4_S4_S4_ @ 0x61bd60
AUTO: _ZNK9AP_Logger18find_free_msg_typeEv @ 0x61c210
AUTO: _ZNK9AP_Logger18Write_calc_msg_lenEPKc @ 0x61c2c0
AUTO: _ZL3MINImmEDTqultfp_fp0_fp_fp0_ERKT_RKT0_.6818 @ 0x61c550
AUTO: _ZN9AP_Logger18validate_structureEPK12LogStructures @ 0x61c5d0
AUTO: _ZN3GCS14update_receiveEv @ 0x61d0d0
AUTO: _ZN3GCS11update_sendEv @ 0x61d180
AUTO: _ZN19MissionItemProtocol6updateEv @ 0x61d4c0
AUTO: _ZN11GCS_MAVLINK11update_sendEv @ 0x61d690
AUTO: _ZN3GCS18service_statustextEv @ 0x61da70
AUTO: _ZN3GCS15StatusTextQueue9semaphoreEv @ 0xaaebd0
AUTO: _ZNK11ObjectArrayIN3GCS12statustext_tEE8is_emptyEv @ 0xaaec20
AUTO: _ZN11GCS_MAVLINK18service_statustextEv @ 0x61dbe0
AUTO: _ZN3GCS15StatusTextQueue5pruneEv @ 0x61de20
AUTO: _ZNK11ObjectArrayIN3GCS12statustext_tEE9availableEv @ 0xaaec80
AUTO: _ZN11ObjectArrayIN3GCS12statustext_tEEixEt @ 0xaaecd0
AUTO: _ZN11ObjectArrayIN3GCS12statustext_tEE6removeEt @ 0xaaed70
AUTO: _ZN11ObjectArrayIN3GCS12statustext_tEE3popEv @ 0xaaeec0
AUTO: _ZN3GCS16statustext_queueEv @ 0xaaef70
AUTO: _Z14comm_chan_lock17mavlink_channel_t @ 0x61df50
AUTO: _ZL27mavlink_msg_statustext_send17mavlink_channel_thPKcth @ 0x61dfb0
AUTO: _ZL16mav_array_memcpyPvPKvm.7264 @ 0x61e090
AUTO: _ZN9AP_Logger15handle_log_sendEv @ 0x61e130
AUTO: _ZN22GCS_MAVLINK_InProgress11check_tasksEv @ 0x61e800
AUTO: _ZNK3GCS11out_of_timeEv @ 0x61e9f0
AUTO: _ZN11GCS_MAVLINK30deferred_message_to_send_indexEt @ 0x61ead0
AUTO: _ZN11GCS_MAVLINK19do_try_send_messageE10ap_message @ 0x61ecb0
AUTO: _ZNK7BitmaskILt91EE9first_setEv @ 0xaaefc0
AUTO: _ZN7BitmaskILt91EE5clearEt @ 0xaaf090
AUTO: _ZN11GCS_MAVLINK36next_deferred_bucket_message_to_sendEt @ 0x61ede0
AUTO: _ZNK7BitmaskILt91EE5countEv @ 0xaaf150
AUTO: _ZNK11GCS_MAVLINK26get_reschedule_interval_msERKNS_25deferred_message_bucket_tE @ 0x61ef10
AUTO: _ZN11GCS_MAVLINK24find_next_bucket_to_sendEt @ 0x61f010
AUTO: _ZN7BitmaskILt91EEaSERKS0_ @ 0xaaf220
AUTO: _ZNK11GCS_MAVLINK24requesting_mission_itemsEv @ 0x61f1e0
AUTO: _ZN7GCS_FTP16get_last_send_msE17mavlink_channel_t @ 0x61f2d0
AUTO: _ZNK11GCS_MAVLINK17telemetry_delayedEv @ 0x61f470
AUTO: _ZNK3GCS11telem_delayEv @ 0xaaf360
AUTO: _ZN14AP_BoardConfig15in_config_errorEv @ 0xaaf3c0
AUTO: _ZNK12AP_Scheduler19time_available_usecEv @ 0x61f540
AUTO: _ZN2AP2FSEv @ 0x61f7c0
AUTO: _ZN19AP_Filesystem_Posix5writeEiPKvj @ 0x61fb60
AUTO: _ZN21AP_Filesystem_Backend17bytes_until_fsyncEi @ 0xaaf400
AUTO: _ZN19AP_Filesystem_Posix9disk_freeEPKc @ 0x620350
AUTO: _ZNK21AP_Filesystem_Backend15file_op_allowedEv @ 0x620a80
AUTO: _ZL12map_filenamePKc @ 0x620b20
AUTO: _ZL17map_filename_freePKc @ 0x620bc0
AUTO: _Z16comm_get_txspace17mavlink_channel_t @ 0x620d10
AUTO: _ZL28mavlink_msg_command_ack_send17mavlink_channel_tthhihh @ 0x620da0
AUTO: _ZN11GCS_MAVLINK23set_ap_message_intervalE10ap_messaget @ 0x621210
AUTO: _ZNK11GCS_MAVLINK20cap_message_intervalEt @ 0x621630
AUTO: _ZNK11GCS_MAVLINK26get_deferred_message_indexE10ap_message @ 0x621700
AUTO: _ZNK7BitmaskILt91EE3getEt @ 0xaaf640
AUTO: _ZN12AP_Scheduler18get_loop_period_usEv @ 0xaaf710
AUTO: _ZNK13AP_Filesystem13backend_by_fdERi @ 0x621f80
AUTO: _ZNK13AP_Filesystem15backend_by_pathERPKc @ 0x622050
AUTO: _ZN11GCS_MAVLINK39initialise_message_intervals_for_streamENS_7streamsE @ 0x622340
AUTO: _ZNK11GCS_MAVLINK23get_interval_for_streamENS_7streamsE @ 0x622540
AUTO: _ZNK11GCS_MAVLINK8get_chanEv @ 0xaaf7b0
AUTO: _ZN19AC_PolyFence_loader13check_indexedEv @ 0x6256b0
AUTO: _Z11is_negativeIfEbT_ @ 0xab0490
AUTO: _ZN10AP_Mission26mission_cmd_to_mavlink_intERKNS_15Mission_CommandER28__mavlink_mission_item_int_t @ 0x629720
AUTO: _ZN11GCS_MAVLINK14update_receiveEj @ 0x62ae30
AUTO: _ZN3GCS15update_passthruEv @ 0x62b300
AUTO: _ZN16AP_SerialManager12get_passthruERPN6AP_HAL10UARTDriverES3_RhRjS5_ @ 0x62b830
AUTO: _ZN6AP_HAL10UARTDriver11read_lockedEPhmj @ 0x62c2b0
AUTO: _ZNK11GCS_MAVLINK6lockedEv @ 0xab0780
AUTO: _ZNK7FunctorIbJhPN6AP_HAL10UARTDriverEEEcvbEv @ 0xab07e0
AUTO: _ZN11GCS_MAVLINK14channel_bufferEv @ 0xab08c0
AUTO: mavlink_frame_char_buffer @ 0x62c990
AUTO: _ZN12AP_Scripting14handle_messageERK17__mavlink_message17mavlink_channel_t @ 0x62d230
AUTO: _ZN11GCS_MAVLINK13send_timesyncEv @ 0x62d420
AUTO: _ZN11GCS_MAVLINK17log_mavlink_statsEv @ 0x62d490
AUTO: _ZNK11GCS_MAVLINK15signing_enabledEv @ 0x62d610
AUTO: _ZNK11GCS_MAVLINK21timesync_timestamp_nsEv @ 0x62d6b0
AUTO: _ZL25mavlink_msg_timesync_send17mavlink_channel_tll @ 0x62d710
AUTO: mavlink_start_checksum @ 0x62d7b0
AUTO: mavlink_update_checksum @ 0x62d810
AUTO: _ZL12count_commasPKc @ 0x62dce0
AUTO: _ZNK9AP_Logger21labels_string_is_goodEPKc @ 0x62dd80
AUTO: _ZNK9AP_Logger15msg_type_in_useEh @ 0x62e150
AUTO: _Z9fill_nanfPft @ 0x62e250
AUTO: _ZN10ByteBuffer7advanceEj @ 0x6312e0
AUTO: _ZN5Empty11OpticalFlow9push_gyroEfff @ 0xab1790
AUTO: _ZN5Empty11OpticalFlow14push_gyro_biasEff @ 0xab1800
AUTO: _ZN6AP_HAL4Util14set_soft_armedEb @ 0x631e00
AUTO: _ZNK7HALSITL4Util18was_watchdog_resetEv @ 0xab1ad0
AUTO: _ZN7HALSITL4Util19safety_switch_stateEv @ 0x631f90
AUTO: _ZN7HALSITL4Util16available_memoryEv @ 0xab1fc0
AUTO: _ZN7HALSITL4Util8uart_logEv @ 0x632570
AUTO: _ZN6AP_HAL4Util14log_stack_infoEv @ 0xab2360
AUTO: _ZN6AP_HAL10UARTDriver9log_statsEhRNS0_12StatsTrackerEj @ 0x632740
AUTO: _ZN6AP_HAL10UARTDriver12StatsTracker11ByteTracker6updateEj @ 0x6328e0
AUTO: _ZN7HALSITL8RCOutput20_safety_switch_stateEv @ 0xab2400
AUTO: _ZN6AP_HAL10UARTDriver5writeEPKhm @ 0x634e10
AUTO: _ZN6AP_HAL10UARTDriver9availableEv @ 0x634f50
AUTO: _ZN6AP_HAL10UARTDriver4readEv @ 0x634fd0
AUTO: _ZN6AP_HAL10UARTDriver4readERh @ 0x635050
AUTO: _ZN6AP_HAL10UARTDriver4readEPht @ 0x635150
AUTO: _ZN7HALSITL10UARTDriver7txspaceEv @ 0x6351c0
AUTO: _ZN7HALSITL10UARTDriver11_timer_tickEv @ 0x635540
AUTO: _ZN7HALSITL10UARTDriver26receive_time_constraint_usEt @ 0x6355a0
AUTO: _ZN7HALSITL10UARTDriver6_writeEPKhm @ 0x636270
AUTO: _ZN7HALSITL10UARTDriver5_readEPht @ 0x636440
AUTO: _ZN7HALSITL10UARTDriver10_availableEv @ 0x636630
AUTO: _ZNK7HALSITL10UARTDriver18get_total_tx_bytesEv @ 0xab4b90
AUTO: _ZNK7HALSITL10UARTDriver18get_total_rx_bytesEv @ 0xab4be0
AUTO: _ZNK6AP_HAL10UARTDriver26get_total_dropped_rx_bytesEv @ 0xab4c30
AUTO: _ZN7HALSITL10UARTDriver17_check_connectionEv @ 0x636720
AUTO: _ZN7HALSITL10UARTDriver13_select_checkEi @ 0x636860
AUTO: _ZN10ByteBuffer4readEPhj @ 0x636a70
AUTO: _ZN7HALSITL10UARTDriver41handle_writing_from_writebuffer_to_deviceEv @ 0x636b10
AUTO: _ZN7HALSITL10UARTDriver16_check_reconnectEv @ 0x636ec0
AUTO: _ZL3MINIjjEDTqultfp_fp0_fp_fp0_ERKT_RKT0_.14591 @ 0x6372c0
AUTO: _ZNK4SITL12SerialDevice15write_to_deviceEPKcm @ 0x637340
AUTO: _ZNK4SITL12SerialDevice18write_to_autopilotEPKcm @ 0x63a6a0
AUTO: _ZNK4SITL12SerialDevice13is_match_baudEv @ 0x63a760
AUTO: _ZNK4SITL3GPS18write_to_autopilotEPKcm @ 0x63a890
AUTO: _ZNK4SITL3GPS11device_baudEv @ 0x63aab0
AUTO: _Z8wrap_180IdET_S0_ @ 0xab6220
AUTO: _Z8wrap_360d @ 0x63d940
AUTO: _ZNK4SITL12SerialDevice19read_from_autopilotEPcm @ 0x63d9e0
AUTO: _ZN4SITL8Aircraft11rand_normalEdd @ 0x640920
AUTO: _Z7is_zerod @ 0xab8350
AUTO: _ZN7HALSITL10UARTDriver40handle_reading_from_device_to_readbufferEv @ 0x6432d0
AUTO: _ZNK4SITL12SerialDevice16read_from_deviceEPcm @ 0x643760
AUTO: _ZN7HALSITL8AnalogIn13board_voltageEv @ 0xab9860
AUTO: _ZN6AP_HAL8AnalogIn17servorail_voltageEv @ 0xab98b0
AUTO: _ZN6AP_HAL8AnalogIn18power_status_flagsEv @ 0xab9900
AUTO: _ZN7HALSITL9ADCSource7set_pinEh @ 0x6443a0
AUTO: _ZN7HALSITL9ADCSource15voltage_averageEv @ 0x644420
AUTO: _ZN7HALSITL9ADCSource14voltage_latestEv @ 0x644470
AUTO: _ZN7HALSITL9ADCSource27voltage_average_ratiometricEv @ 0xab9a00
AUTO: _ZN7HALSITL4GPIO13usb_connectedEv @ 0x644bd0
AUTO: _ZN7HALSITL8RCOutput9enable_chEh @ 0x644fd0
AUTO: _ZN7HALSITL8RCOutput10disable_chEh @ 0x645060
AUTO: _ZN7HALSITL8RCOutput5writeEht @ 0x6450f0
AUTO: _ZN6AP_HAL8RCOutput20update_channel_masksEv @ 0xaba2e0
AUTO: _ZN7HALSITL8RCOutput4corkEv @ 0x645220
AUTO: _ZN7HALSITL8RCOutput4pushEv @ 0x6452b0
AUTO: _ZN7HALSITL8RCOutput4readEh @ 0x6453e0
AUTO: _ZN7HALSITL8RCOutput4readEPth @ 0x645470
AUTO: _ZN6AP_HAL8RCOutput16set_default_rateEt @ 0xabab80
AUTO: _ZN17AP_ESC_Telem_SITL6updateEv @ 0x645890
AUTO: _ZL3MAXIffEDTqugtfp_fp0_fp_fp0_ERKT_RKT0_.21054 @ 0x645a60
AUTO: _ZN20AP_ESC_Telem_Backend10update_rpmEhff @ 0x645ae0
AUTO: _ZN20AP_ESC_Telem_Backend17update_telem_dataEhRKNS_13TelemetryDataEt @ 0x645b70
AUTO: _ZN12AP_ESC_Telem17update_telem_dataEhRKN20AP_ESC_Telem_Backend13TelemetryDataEt @ 0x645c00
AUTO: _ZN12AP_ESC_Telem10update_rpmEhff @ 0x645ee0
AUTO: _ZL3MAXIjjEDTqugtfp_fp0_fp_fp0_ERKT_RKT0_.10617 @ 0x646040
AUTO: _Z16constrain_uint32jjj @ 0xabb0b0
AUTO: _Z15constrain_valueIjET_S0_S0_S0_ @ 0xabb120
AUTO: _ZN7HALSITL7RCInput9new_inputEv @ 0x6461d0
AUTO: _ZN7HALSITL7RCInput12num_channelsEv @ 0x646230
AUTO: _ZN7HALSITL7RCInput4readEh @ 0x646290
AUTO: _ZN13AP_RCProtocol4readEh @ 0x646540
AUTO: _ZN21AP_RCProtocol_Backend4readEh @ 0x6465d0
AUTO: _ZN13AP_RCProtocol12num_channelsEv @ 0x646630
AUTO: _ZNK21AP_RCProtocol_Backend12num_channelsEv @ 0x6466b0
AUTO: _ZN13AP_RCProtocol9new_inputEv @ 0x646700
AUTO: _ZN13AP_RCProtocol21detect_async_protocolENS_12rcprotocol_tE @ 0x6468c0
AUTO: _ZNK13AP_RCProtocol10using_uartEv @ 0xabb6b0
AUTO: _ZN17AP_RCProtocol_FDM6updateEv @ 0x647510
AUTO: _ZN21AP_RCProtocol_Backend9add_inputEhPtbss @ 0x6476f0
AUTO: _ZL3MINIhiEDTqultfp_fp0_fp_fp0_ERKT_RKT0_.20689 @ 0x647850
AUTO: _ZN13AP_RCProtocol19set_failsafe_activeEb @ 0xabc080
AUTO: _ZN21AP_RCProtocol_Backend6updateEv @ 0xabc190
AUTO: _ZN17AP_RCProtocol_UDP6updateEv @ 0x6478d0
AUTO: _ZN17AP_RCProtocol_UDP21read_all_socket_inputEv @ 0x647b30
AUTO: _ZN16SocketAPM_native4recvEPvmj @ 0x647dd0
AUTO: _ZN16SocketAPM_native6pollinEj @ 0x648000
AUTO: _ZNK16SocketAPM_native11get_read_fdEv @ 0xabc2c0
AUTO: _ZN18AP_RCProtocol_GHST6updateEv @ 0x648860
AUTO: _ZNK12NavEKF3_core12getVariancesERfS0_S0_R7Vector3IfES0_R7Vector2IfE @ 0x64a970
AUTO: _ZL3MAXIddEDTqugtfp_fp0_fp_fp0_ERKT_RKT0_.5309 @ 0x64ab70
AUTO: _ZNK7Vector2IdE7tofloatEv @ 0xabc9f0
AUTO: _ZNK12NavEKF2_core12getVariancesERfS0_S0_R7Vector3IfES0_R7Vector2IfE @ 0x64abf0
AUTO: _ZL3MAXIddEDTqugtfp_fp0_fp_fp0_ERKT_RKT0_.4705 @ 0x64adf0
AUTO: _ZN3GCS23get_sensor_status_flagsERjS0_S0_ @ 0x64aee0
AUTO: _ZN3GCS26update_sensor_status_flagsEv @ 0x64afa0
AUTO: _ZNK7AP_AHRS11initialisedEv @ 0x64b760
AUTO: _ZNK7AP_AHRS17have_inertial_navEv @ 0x64b890
AUTO: _ZNK7AP_Baro13num_instancesEv @ 0xabca50
AUTO: _ZNK6AP_GPS10is_healthyEv @ 0xabcaa0
AUTO: _ZNK14AP_BattMonitor13num_instancesEv @ 0xabcb00
AUTO: _ZNK14AP_BattMonitor7healthyEv @ 0x64b8f0
AUTO: _ZNK14AP_BattMonitor13has_failsafedEv @ 0xabcb50
AUTO: _ZNK17AP_InertialSensor11calibratingEv @ 0x64b9e0
AUTO: _ZNK9AP_Logger15logging_enabledEv @ 0x64bab0
AUTO: _ZNK6AP_GPS15logging_presentEv @ 0xabcbb0
AUTO: _ZNK6AP_GPS15logging_enabledEv @ 0xabcc20
AUTO: _ZNK6AP_GPS14logging_failedEv @ 0x64bb80
AUTO: _ZNK7AP_AHRS12get_ekf_typeEv @ 0xabcc90
AUTO: _ZNK8AC_Fence18sys_status_enabledEv @ 0x64bc60
AUTO: _ZNK8AC_Fence18sys_status_presentEv @ 0x64bd00
AUTO: _ZNK8AC_Fence17sys_status_failedEv @ 0x64bd60
AUTO: _ZNK11AP_Airspeed7enabledEv @ 0xabccf0
AUTO: _ZNK11AP_Airspeed3useEv @ 0xabcd50
AUTO: _ZNK7AP_AHRS23airspeed_sensor_enabledEv @ 0xabcdb0
AUTO: _ZNK11AP_Airspeed11all_healthyEv @ 0x64bdf0
AUTO: _ZN2AP11opticalflowEv @ 0x64beb0
AUTO: _ZNK14AP_OpticalFlow7enabledEv @ 0xabce00
AUTO: _ZNK14AP_OpticalFlow7healthyEv @ 0xabce70
AUTO: _ZN2AP6armingEv @ 0x64bef0
AUTO: _ZNK11RC_Channels22has_ever_seen_rc_inputEv @ 0xabcef0
AUTO: _ZN9AP_Arming13get_singletonEv @ 0x64bf30
AUTO: _ZNK7AP_EnumIN14AP_OpticalFlow4TypeEEcvKS1_Ev @ 0xabcf50
AUTO: _ZN14AP_OpticalFlow13get_singletonEv @ 0xabcfa0
AUTO: _ZN15AP_AHRS_Backend23airspeed_sensor_enabledEv @ 0xabcfe0
AUTO: _ZN2AP8airspeedEv @ 0x64bf70
AUTO: _ZNK8AC_Fence12get_breachesEv @ 0xabd070
AUTO: _ZNK7AP_EnumIN8AC_Fence6ActionEEcvKS1_Ev @ 0xabd0c0
AUTO: _ZNK14AP_BattMonitor7healthyEh @ 0x64c030
AUTO: _ZNK6AP_GPS8num_satsEv @ 0xabd2d0
AUTO: _ZNK8Location14get_bearing_toERKS_ @ 0xabd330
AUTO: _ZNK8Location11get_bearingERKS_ @ 0x64ccd0
AUTO: _ZL9rad_to_cdf @ 0x64cde0
AUTO: _ZNK6AP_GPS8num_satsEh @ 0xabd3b0
AUTO: _ZNK14AP_BattMonitor12current_ampsERfh @ 0x64cf20
AUTO: _ZNK14AP_BattMonitor12consumed_mahERfh @ 0x64d010
AUTO: _ZN9AP_Logger14WriteStreamingEPKcS1_S1_z @ 0x64dd30
AUTO: _ZN22AP_RCProtocol_DroneCAN6updateEv @ 0x64df90
AUTO: _ZNK16AP_SerialManager11find_serialENS_14SerialProtocolEh @ 0x64f380
AUTO: _ZN9AP_Notify6updateEv @ 0x6525f0
AUTO: _ZN2AP3srvEv @ 0x652790
AUTO: _ZN12SRV_Channels4corkEv @ 0x6527d0
AUTO: _ZN12SRV_Channels4pushEv @ 0x652830
AUTO: _ZN16AP_Volz_Protocol6updateEv @ 0x6529e0
AUTO: _ZN10AP_SBusOut6updateEv @ 0x652cb0
AUTO: _ZN15AP_RobotisServo6updateEv @ 0x652e30
AUTO: _ZN16AP_FETtecOneWire6updateEv @ 0x6530a0
AUTO: _ZN2AP6kdecanEv @ 0x653390
AUTO: _ZN9AP_KDECAN6updateEv @ 0x6533d0
AUTO: _ZN12SRV_Channels12find_channelEN11SRV_Channel8FunctionERh @ 0x653db0
AUTO: _ZN11SRV_Channel8calc_pwmEf @ 0x653e80
AUTO: _ZNK11SRV_Channel21pwm_from_scaled_valueEf @ 0x653f70
AUTO: _ZNK11SRV_Channel14pwm_from_angleEf @ 0x654010
AUTO: _ZNK11SRV_Channel14pwm_from_rangeEf @ 0x654210
AUTO: _ZN9AP_KDECAN13get_singletonEv @ 0xabfd10
AUTO: _ZN16AP_FETtecOneWire4initEv @ 0x655b40
AUTO: _ZN16AP_FETtecOneWire9init_uartEv @ 0x657110
AUTO: _Z18linear_interpolatefffff @ 0x6597d0
AUTO: _ZL10swap_floatRfS_ @ 0x659900
AUTO: _ZN12SRV_Channels13get_singletonEv @ 0xac0770
AUTO: _ZNK10AP_Mission21get_current_nav_indexEv @ 0xac0b00
AUTO: _ZNK7AP_AHRS13wind_estimateEv @ 0xac0b80
AUTO: _ZN10AP_Terrain20height_above_terrainERfb @ 0x65be00
AUTO: _ZNK10AP_Terrain6statusEv @ 0xac0be0
AUTO: _ZNK6AP_GPS8get_hdopEh @ 0xac0cf0
AUTO: _ZNK7AP_AHRS11groundspeedEv @ 0xac0df0
AUTO: _ZN7AP_Baro14get_climb_rateEv @ 0x65c310
AUTO: _ZN16DerivativeFilterIfLh7EE5slopeEv @ 0xac0e90
AUTO: _ZNK11RangeFinder15distance_orientE8Rotation @ 0x65c380
AUTO: _ZNK11RangeFinder13find_instanceE8Rotation @ 0x65c410
AUTO: _ZNK11RangeFinder11get_backendEh @ 0x65c560
AUTO: _Z14float_to_int16f @ 0x65dfc0
AUTO: _ZNK8Location9get_alt_mENS_8AltFrameERf @ 0x65e140
AUTO: _ZN18AP_RCProtocol_CRSF6updateEv @ 0x6607d0
AUTO: _ZN13AP_CRSF_Telem13get_singletonEv @ 0x660e00
AUTO: _ZN13AP_CRSF_Telem13queue_messageE12MAV_SEVERITYPKc @ 0x661850
AUTO: _ZN9AP_Notify13get_singletonEv @ 0xac2630
AUTO: _ZN13AP_ParamTBaseIsL11ap_var_type2EE22set_and_save_ifchangedERKs @ 0xac2c00
AUTO: _ZN2AP10crsf_telemEv @ 0x6645a0
AUTO: _ZNK7AP_AHRS12get_roll_radEv @ 0xac2e20
AUTO: _ZNK7AP_AHRS11get_yaw_radEv @ 0xac2e70
AUTO: _ZN19AP_RCProtocol_SRXL26updateEv @ 0x66a3c0
AUTO: _ZNK14AP_BattMonitor15get_temperatureERfh @ 0x66d4a0
AUTO: _ZN2AP3rtcEv @ 0x66d570
AUTO: _ZNK6AP_RTC12get_utc_usecERm @ 0x66d690
AUTO: _ZN6AP_RTC13get_singletonEv @ 0xac3a80
AUTO: _ZNK11AP_Airspeed12get_airspeedEv @ 0xac3ac0
AUTO: _ZNK11AP_Airspeed12get_airspeedEh @ 0x66d940
AUTO: _ZN2AP9esc_telemEv @ 0x66d9f0
AUTO: _ZNK12AP_ESC_Telem7get_rpmEhRf @ 0x66db90
AUTO: _ZL3MINIffEDTqultfp_fp0_fp_fp0_ERKT_RKT0_.10600 @ 0x66dd30
AUTO: _ZNVK20AP_ESC_Telem_Backend13TelemetryData5staleEv @ 0x66de20
AUTO: _ZN12AP_ESC_Telem13get_singletonEv @ 0x66dea0
AUTO: _ZN17AP_RCProtocol_DSM6updateEv @ 0x6713b0
AUTO: _ZN7HALSITL9Scheduler5delayEt @ 0x672ca0
AUTO: _ZN7HALSITL9Scheduler18delay_microsecondsEt @ 0x672d90
AUTO: _ZN6AP_HAL9Scheduler24delay_microseconds_boostEt @ 0xac4260
AUTO: _ZN6AP_HAL9Scheduler9boost_endEv @ 0xac4370
AUTO: _ZNK6AP_HAL9Scheduler17in_delay_callbackEv @ 0xac43c0
AUTO: _ZN7HALSITL9Scheduler21is_system_initializedEv @ 0xac4420
AUTO: _ZN7HALSITL9Scheduler10stop_clockEm @ 0x673300
AUTO: _ZNK7HALSITL9Scheduler14in_main_threadEv @ 0x6733a0
AUTO: _ZN7HALSITL10SITL_State10wait_clockEm @ 0x673a60
AUTO: _ZNK4SITL8Aircraft11get_speedupEv @ 0xac45d0
AUTO: _ZNK7HALSITL9Scheduler28semaphore_wait_hack_requiredEv @ 0x673c10
AUTO: _ZN7HALSITL10SITL_State15_fdm_input_stepEv @ 0x673c90
AUTO: _ZN7HALSITL10SITL_State16_fdm_input_localEv @ 0x673de0
AUTO: _ZNK7HALSITL9Scheduler22interrupts_are_blockedEv @ 0xac4620
AUTO: _ZN7HALSITL9Scheduler17sitl_begin_atomicEv @ 0xac4680
AUTO: _ZN7HALSITL9Scheduler11timer_eventEv @ 0xac46e0
AUTO: _ZN7HALSITL9Scheduler15sitl_end_atomicEv @ 0x673f80
AUTO: _ZN7HALSITL10SITL_State16_update_airspeedEf @ 0x674020
AUTO: _ZN7HALSITL10SITL_State19_update_rangefinderEv @ 0x674390
AUTO: _ZNK7HALSITL10SITL_State18_sonar_pin_voltageEv @ 0x6743f0
AUTO: _ZN7AP_Baro24get_EAS2TAS_for_alt_amslEf @ 0x674560
AUTO: _ZL2sqf.14351 @ 0x6745e0
AUTO: _ZN7AP_Baro28get_air_density_for_alt_amslEf @ 0x674630
AUTO: _ZL3MAXIffEDTqugtfp_fp0_fp_fp0_ERKT_RKT0_.2718 @ 0x674800
AUTO: _ZN7HALSITL9Scheduler16_run_timer_procsEv @ 0x674880
AUTO: _ZN7HALSITL10SITL_State17_simulator_servosER10sitl_input @ 0x674980
AUTO: _ZN4SITL11JSON_Master7receiveER10sitl_input @ 0x675610
AUTO: _ZN7HALSITL10SITL_State22multicast_servo_updateER10sitl_input @ 0x675ab0
AUTO: _ZN4SITL8Aircraft11update_homeEv @ 0x675b90
AUTO: _ZN4SITL8Aircraft12update_modelERK10sitl_input @ 0x675cf0
AUTO: _ZN4SITL8Aircraft8fill_fdmERNS_8sitl_fdmE @ 0x675d90
AUTO: _ZN7HALSITL8CANIface14num_interfacesEv @ 0xac4720
AUTO: _ZNK4SITL8Aircraft20get_position_relhomeEv @ 0x676960
AUTO: _ZN4SITL11JSON_Master4sendERKNS_8sitl_fdmERK7Vector3IdE @ 0x676a20
AUTO: _ZN7HALSITL17SITL_State_Common10sim_updateEv @ 0x676cc0
AUTO: _ZN7HALSITL10SITL_State14set_height_aglEv @ 0x677510
AUTO: _ZNK4SITL8Aircraft15get_velocity_efEv @ 0xac47b0
AUTO: _ZN4SITL3GPS6updateEv @ 0x6788e0
AUTO: _ZN4SITL12SerialDevice17init_sitl_pointerEv @ 0x67a030
AUTO: _ZN4SITL3GPS24check_backend_allocationEv @ 0x67a0c0
AUTO: _ZN4SITL3GPS16interpolate_dataERKNS_8GPS_DataEj @ 0x67a6d0
AUTO: _ZL3MAXIifEDTqugtfp_fp0_fp_fp0_ERKT_RKT0_.15075 @ 0x67b060
AUTO: _ZNK4SITL11GPS_Backend11device_baudEv @ 0xac4dd0
AUTO: _ZN4SITL11GPS_Backend11update_readEv @ 0x67b1e0
AUTO: _ZNK4SITL11GPS_Backend18write_to_autopilotEPKcm @ 0x67b530
AUTO: _ZNK4SITL11GPS_Backend19read_from_autopilotEPcm @ 0x67b5b0
AUTO: _ZN4SITL11GPS_Backend8gps_timeEv @ 0x67c050
AUTO: _ZN7Vector2IdEC2Edd @ 0xac4ff0
AUTO: _ZNK7Vector2IdE6lengthEv @ 0xac5070
AUTO: _ZN4SITL11GPS_Backend18simulation_timevalEP7timeval @ 0x67c980
AUTO: _ZN4SITL9GPS_UBlox7publishEPKNS_8GPS_DataE @ 0x67f850
AUTO: _Z4normIddJdEEdT_T0_DpKT1_ @ 0xac5710
AUTO: _ZL7degreesf.15163 @ 0x680320
AUTO: _ZN4SITL9GPS_UBlox8send_ubxEhPht @ 0x680850
AUTO: _ZL3MAXIiiEDTqugtfp_fp0_fp_fp0_ERKT_RKT0_.15164 @ 0x680a20
AUTO: _ZNK7Vector3IfE6is_nanEv @ 0xac5790
AUTO: _ZN7Matrix3IfE6rotateERK7Vector3IfE @ 0xac5860
AUTO: _ZNK7Vector2IfE5angleEv @ 0xac5a10
AUTO: _ZN7Matrix3IfEpLERKS0_ @ 0xac5a80
AUTO: _ZNK7Matrix3IfEplERKS0_ @ 0xac5b10
AUTO: _Z2sqIdJddEEdT_DpKT0_ @ 0xac5c30
AUTO: _Z11wrap_360_cdi @ 0x6811d0
AUTO: _ZNK11QuaternionTIfE8to_eulerERfS1_S1_ @ 0xac5cd0
AUTO: _ZNK11QuaternionTIfE13get_euler_yawEv @ 0xac5de0
AUTO: _ZNK7Vector3IdEplERKS0_ @ 0xac67e0
AUTO: _ZN7Vector3IdEpLERKS0_ @ 0xac6880
AUTO: _ZN7Matrix3IdEC2Ev @ 0xac6920
AUTO: _ZN7Matrix3IdE10from_eulerEddd @ 0xac69a0
AUTO: _ZNK7Matrix3IdEmlERK7Vector3IdE @ 0xac6b60
AUTO: _ZNK7Vector3IdEmiERKS0_ @ 0xac7350
AUTO: _ZNK7Vector3IdE7tofloatEv @ 0xac73f0
AUTO: _Z11wrap_360_cdf @ 0x68a540
AUTO: _ZNK7Vector3IdE6lengthEv @ 0xac7530
AUTO: _ZN7Vector3IdE4zeroEv @ 0xac7590
AUTO: _ZNK7Vector3IdEmlEd @ 0xac75f0
AUTO: _ZNK7Matrix3IfE10transposedEv @ 0xac77c0
AUTO: _ZN7Matrix3IfE9normalizeEv @ 0xac7990
AUTO: _ZNK8Location22get_distance_NE_doubleERKS_ @ 0x68daf0
AUTO: _ZN7Vector3IdE2xyEv @ 0xac7c60
AUTO: _ZN7Vector2IdEpLERKS0_ @ 0xac7cb0
AUTO: _ZN4SITL8Aircraft14smooth_sensorsEv @ 0x68e050
AUTO: _ZL7degreesf.16872 @ 0x68ea40
AUTO: _ZNK7Matrix3IfE8to_eulerEPfS1_S1_ @ 0xac7d30
AUTO: _ZNK7AP_EnumI8RotationEcvKS0_Ev @ 0xac7e50
AUTO: _ZNK8HAL_SITL32get_uart_output_full_queue_countEv @ 0x68eb10
AUTO: _ZNK4SITL8Aircraft16get_wall_time_usEv @ 0x68ec50
AUTO: _ZNK7Vector3IdEdvEd @ 0xac8030
AUTO: _ZNK11QuaternionTIfEdvERKS0_ @ 0xac80d0
AUTO: _ZNK11QuaternionTIfE7is_zeroEv @ 0xac8320
AUTO: _ZN4SITL8Aircraft12time_advanceEv @ 0x68ecd0
AUTO: _ZN4SITL8Aircraft15sync_frame_timeEv @ 0x68ed70
AUTO: _ZN9AP_Logger14WriteStreamingEPKcS1_S1_S1_S1_z @ 0x68f070
AUTO: _ZL3MAXI9AP_ParamTIfL11ap_var_type4EEdEDTqugtfp_fp0_fp_fp0_ERKT_RKT0_.14196 @ 0x68f3e0
AUTO: _Z21calc_lowpass_alpha_dtff @ 0x68f480
AUTO: _ZL3MAXIfiEDTqugtfp_fp0_fp_fp0_ERKT_RKT0_.14197 @ 0x68f5b0
AUTO: _ZNK4SITL16FETtecOneWireESC7enabledEv @ 0xac83f0
AUTO: _ZNK4SITL4Volz7enabledEv @ 0xac8460
AUTO: _ZN7HALSITL17SITL_State_Common22update_voltage_currentER10sitl_inputf @ 0x68f880
AUTO: _ZN8AP_Param18eeprom_write_checkEPKvth @ 0x6922b0
AUTO: _ZN8AP_Param14write_sentinalEt @ 0x692340
AUTO: _ZNK4SITL8Aircraft45perpendicular_distance_to_rangefinder_surfaceEv @ 0x692fd0
AUTO: _ZNK4SITL8Aircraft9on_groundEv @ 0x693030
AUTO: _ZNK4SITL8Aircraft4haglEv @ 0x6930a0
AUTO: _ZNK4SITL8Aircraft24ground_height_differenceEv @ 0x693170
AUTO: _ZN4SITL8Aircraft15update_dynamicsERK7Vector3IfE @ 0x6939e0
AUTO: _ZN4SITL8Aircraft23update_external_payloadERK10sitl_input @ 0x694a60
AUTO: _ZN4SITL8Aircraft15update_positionEv @ 0x694ef0
AUTO: _ZN4SITL8Aircraft11update_windERK10sitl_input @ 0x695080
AUTO: _ZN4SITL8Aircraft19update_mag_field_bfEv @ 0x695510
AUTO: _ZL7radiansf.16838 @ 0x695900
AUTO: _ZNK8Location23get_distance_NED_doubleERKS_ @ 0x695960
AUTO: _ZN4SITL8Aircraft17get_local_updraftERK7Vector3IdE @ 0x695a80
AUTO: _ZN7Vector2IdEmIERKS0_ @ 0xaca3b0
AUTO: _ZNK4SITL7Sprayer10is_enabledEv @ 0xaca440
AUTO: _ZN4SITL3I2C6updateERKNS_8AircraftE @ 0x696340
AUTO: _ZNK4SITL6Buzzer10is_enabledEv @ 0xaca4f0
AUTO: _ZNK4SITL13Gripper_Servo10is_enabledEv @ 0xaca550
AUTO: _ZNK4SITL11Gripper_EPM10is_enabledEv @ 0xaca610
AUTO: _ZNK4SITL9Parachute10is_enabledEv @ 0xaca6c0
AUTO: _ZNK4SITL12SIM_Precland10is_enabledEv @ 0xaca720
AUTO: _ZN4SITL7ShipSim6updateEv @ 0x697310
AUTO: _ZNK7Vector3IdE14length_squaredEv @ 0xacc780
AUTO: _ZNK7Vector3IdEmlERKS0_ @ 0xacc8f0
AUTO: _ZNK7AP_AHRS11get_EAS2TASEv @ 0x69d2d0
AUTO: _ZL2sqf.16887 @ 0x69d360
AUTO: _ZN4SITL8Aircraft19update_eas_airspeedEv @ 0x69d3b0
AUTO: _ZN4SITL15SlungPayloadSim6updateERK7Vector3IdERKS1_IfES7_S7_ @ 0x69d860
AUTO: _ZN4SITL9TetherSim6updateERK8Location @ 0x69d9f0
AUTO: _ZN4SITL8Aircraft17adjust_frame_timeEf @ 0x69db60
AUTO: _ZNK7Vector3IdE7is_zeroEv @ 0xaccaa0
AUTO: _ZN7Vector3IfE2xyEv @ 0xaccb50
AUTO: _ZN7Vector2IfE4zeroEv @ 0xaccba0
AUTO: _ZN7Vector3IfEmIERKS0_ @ 0xaccc00
AUTO: _ZL7radiansi.16892 @ 0x6a0af0
AUTO: _ZN4SITL8Aircraft20filtered_servo_angleERK10sitl_inputh @ 0x6a0b50
AUTO: _ZN4SITL8Aircraft20filtered_servo_rangeERK10sitl_inputh @ 0x6a0c50
AUTO: _ZNK9AP_ParamTIfL11ap_var_type4EEplERKS1_ @ 0xacceb0
AUTO: _ZN10ServoModel12filter_rangeEtf @ 0x6a15c0
AUTO: _ZN10ServoModel12apply_filterEff @ 0x6a1660
AUTO: _ZN10ServoModel19apply_simple_filterEff @ 0x6a1a60
AUTO: _ZN13LowPassFilterIfE20set_cutoff_frequencyERKf @ 0xacd5d0
AUTO: _ZN13LowPassFilterIfE5applyERKfS2_ @ 0xacd640
AUTO: _ZN10ServoModel12filter_angleEtf @ 0x6a1c90
AUTO: _Z11is_positived @ 0xacddb0
AUTO: _ZNK8Location16get_height_aboveERKS_Rd @ 0x6a86b0
AUTO: _ZN7Vector3IfE9normalizeEv @ 0xace590
AUTO: _ZN4SITL5Plane6updateERK10sitl_input @ 0x6b50d0
AUTO: _ZN4SITL5Plane16calculate_forcesERK10sitl_inputR7Vector3IfE @ 0x6b52a0
AUTO: _ZL2sqf.15869 @ 0x6b5d30
AUTO: _ZNK4SITL5Plane8getForceEfff @ 0x6b6380
AUTO: _ZNK4SITL5Plane9getTorqueEffffRK7Vector3IfE @ 0x6b6c00
AUTO: _ZN4SITL8Aircraft9add_noiseEf @ 0x6b7270
AUTO: _ZNK4SITL5Plane9liftCoeffEf @ 0x6b7520
AUTO: _ZNK4SITL5Plane9dragCoeffEf @ 0x6b7840
AUTO: _ZN7Vector3IdEmIERKS0_ @ 0xad8810
AUTO: _ZL7radiansd.17180 @ 0x6c1930
AUTO: _ZN10DigitalLPFIfE5resetERKf @ 0xad8df0
AUTO: _ZN7HALSITL7Storage10read_blockEPvtm @ 0x6d4260
AUTO: _ZN7HALSITL7Storage11write_blockEtPKvm @ 0x6d4330
AUTO: _ZN7HALSITL7Storage11_timer_tickEv @ 0x6d4450
AUTO: _ZNK7BitmaskILt2048EE5emptyEv @ 0xad9f80
AUTO: _ZNK7BitmaskILt2048EE3getEt @ 0xada020
AUTO: _ZN10AP_RAMTRON5writeEjPKhj @ 0x6d47c0
AUTO: _ZN7BitmaskILt2048EE5clearEt @ 0xada0f0
AUTO: _ZNK8HAL_SITL25get_storage_posix_enabledEv @ 0xada1b0
AUTO: _ZNK7BitmaskILt2048EE8validateEt @ 0xada270
AUTO: _ZNK10AP_RAMTRON8get_sizeEv @ 0xada300
AUTO: _ZN7HALSITL7Storage13_storage_openEv @ 0x6d4e40
AUTO: _ZN7HALSITL7Storage11_mark_dirtyEtt @ 0x6d5150
AUTO: _ZN7BitmaskILt2048EE3setEt @ 0xada3a0
AUTO: _ZN8AP_Param9save_syncEbb @ 0x6db8c0
AUTO: _ZNK7NavEKF317option_is_enabledENS_6OptionE @ 0xadbb40
AUTO: _ZNK6AP_DAL6millisEv @ 0xadbbc0
AUTO: _ZNK12NavEKF3_core10errorScoreEv @ 0x6e1ae0
AUTO: _ZNK12NavEKF3_core16have_aligned_yawEv @ 0xadbc10
AUTO: _ZNK12NavEKF3_core17have_aligned_tiltEv @ 0xadbc70
AUTO: _ZN7Vector2IdEC2Ev @ 0xadbcd0
AUTO: _ZNK12NavEKF3_core8getPosNEER7Vector2IdE @ 0x6e23c0
AUTO: _ZNK7Vector3IdE2xyEv @ 0xadbdc0
AUTO: _ZNK7Vector2IdE8todoubleEv @ 0xadbe10
AUTO: _ZNK7Vector2IdEplERKS0_ @ 0xadbe70
AUTO: _ZNK8Location23get_distance_NE_postypeERKS_ @ 0x6e2660
AUTO: _ZNK10AP_DAL_GPS6statusEh @ 0xadbf00
AUTO: _ZNK12NavEKF3_core14getEulerAnglesER7Vector3IfE @ 0x6e27c0
AUTO: _ZNK11QuaternionTIdE8to_eulerER7Vector3IfE @ 0xadbf70
AUTO: _ZNK6AP_DAL8get_trimEv @ 0xadbff0
AUTO: _ZNK11QuaternionTIdE8to_eulerERfS1_S1_ @ 0xadc050
AUTO: _ZNK11QuaternionTIdE14get_euler_rollEv @ 0xadc110
AUTO: _ZNK11QuaternionTIdE15get_euler_pitchEv @ 0xadc1c0
AUTO: _ZNK11QuaternionTIdE13get_euler_yawEv @ 0xadc240
AUTO: _Z9safe_asinIdEfT_ @ 0xadc2f0
AUTO: _ZL3MAXIfdEDTqugtfp_fp0_fp_fp0_ERKT_RKT0_.5263 @ 0x6e2880
AUTO: _ZNK12NavEKF3_core20assume_zero_sideslipEv @ 0x6e2920
AUTO: _ZN6AP_DAL8airspeedEv @ 0xadc3d0
AUTO: _ZNK15AP_DAL_Airspeed15get_num_sensorsEv @ 0xadc420
AUTO: _ZNK6AP_DAL15get_fly_forwardEv @ 0xadc470
AUTO: _ZNK6AP_DAL17get_vehicle_classEv @ 0xadc4e0
AUTO: _ZNK12NavEKF2_core10errorScoreEv @ 0x6e2b10
AUTO: _ZNK12NavEKF2_core8getPosNEER7Vector2IdE @ 0x6e3210
AUTO: _ZNK10AP_DAL_GPS14primary_sensorEv @ 0xadc530
AUTO: _ZNK12NavEKF2_core14getEulerAnglesER7Vector3IfE @ 0x6e3460
AUTO: _ZN19RestrictIDTypeArrayIP17CompassCalibratorLj3E14typesafe_indexIh12TAG_PriorityEEixERKS4_ @ 0xadc640
AUTO: _ZNK6AP_GPS15time_epoch_usecEv @ 0xadcf50
AUTO: _ZNK9AP_Logger10should_logEj @ 0x6eca50
AUTO: _ZNK6AP_GPS9time_weekEh @ 0xadd0c0
AUTO: _ZNK6AP_GPS12time_week_msEh @ 0xadd130
AUTO: _ZNK7AP_AHRS13get_pitch_degEv @ 0xadd1f0
AUTO: _ZNK6AP_GPS15time_epoch_usecEh @ 0x6ed2f0
AUTO: _ZNK14AP_GPS_Backend16get_last_itow_msEv @ 0x6ed460
AUTO: _ZN6AP_GPS23istate_time_to_epoch_msEtj @ 0x6ed520
AUTO: _ZN7AP_ADSB13check_startupEv @ 0x6ef090
AUTO: _ZNK7Vector2IfE6is_nanEv @ 0xade070
AUTO: _ZNK10AP_Gripper7enabledEv @ 0xadebc0
AUTO: _ZN10AP_Vehicle13update_armingEv @ 0x6fc030
AUTO: _ZN7FunctorIvJEE14method_wrapperI10AP_VehicleXadL_ZNS2_13update_armingEvEEEEvPv @ 0xadfc40
AUTO: _ZN9AP_Arming6updateEv @ 0x6fc080
AUTO: _ZN8AP_Stats6updateEv @ 0x6fc170
AUTO: _ZN7FunctorIvJEE14method_wrapperI8AP_StatsXadL_ZNS2_6updateEvEEEEvPv @ 0xadfcf0
AUTO: _ZN8AP_Stats17update_flighttimeEv @ 0x6fc320
AUTO: _ZN8AP_Stats14update_runtimeEv @ 0x6fc3f0
AUTO: _ZN8AP_Stats5flushEv @ 0x6fc490
AUTO: _ZN13AP_ParamTBaseIiL11ap_var_type3EE22set_and_save_ifchangedERKi @ 0xadfda0
AUTO: _ZN10AP_Filters6updateEv @ 0x6fc610
AUTO: _ZN7FunctorIvJEE14method_wrapperI10AP_FiltersXadL_ZNS2_6updateEvEEEEvPv @ 0xadfe30
AUTO: _ZN10AP_Vehicle17check_motor_noiseEv @ 0x6fd750
AUTO: _ZN7FunctorIvJEE14method_wrapperI10AP_VehicleXadL_ZNS2_17check_motor_noiseEvEEEEvPv @ 0xae06e0
AUTO: _ZNK10AP_GyroFFT15check_esc_noiseEv @ 0xae0790
AUTO: _ZNK17NotchFilterParams7enabledEv @ 0xae09c0
AUTO: _ZN10AP_Vehicle13one_Hz_updateEv @ 0x6fde30
AUTO: _ZN7FunctorIvJEE14method_wrapperI10AP_VehicleXadL_ZNS2_13one_Hz_updateEvEEEEvPv @ 0xae0a10
AUTO: _ZN12AP_Scripting6updateEv @ 0x6fdf10
AUTO: _ZN16AP_SerialManager20registered_ports_logEv @ 0x6fdf60
AUTO: _ZN12AP_Scripting13save_checksumEv @ 0x6fe040
AUTO: _ZN10AP_Gripper6updateEv @ 0x6fe140
AUTO: _ZN7FunctorIvJEE14method_wrapperI10AP_GripperXadL_ZNS2_6updateEvEEEEvPv @ 0xae0b50
AUTO: _ZN6AP_EFI6updateEv @ 0x6fe2b0
AUTO: _ZN7FunctorIvJEE14method_wrapperI6AP_EFIXadL_ZNS2_6updateEvEEEEvPv @ 0xae0c00
AUTO: _ZN6AP_AIS6updateEv @ 0x6fe730
AUTO: _ZN7FunctorIvJEE14method_wrapperI6AP_AISXadL_ZNS2_6updateEvEEEEvPv @ 0xae0cb0
AUTO: _ZN8AC_Fence6updateEv @ 0x6fe780
AUTO: _ZN7FunctorIvJEE14method_wrapperI8AC_FenceXadL_ZNS2_6updateEvEEEEvPv @ 0xae0d60
AUTO: _ZN19AC_PolyFence_loader6updateEv @ 0x6fe8b0
AUTO: _ZN19AC_PolyFence_loader17load_from_storageEv @ 0x6fe9a0
AUTO: _ZN10AP_Vehicle16accel_cal_updateEv @ 0x6ffe00
AUTO: _ZN7FunctorIvJEE14method_wrapperI10AP_VehicleXadL_ZNS2_16accel_cal_updateEvEEEEvPv @ 0xae0f40
AUTO: _ZN20AP_TemperatureSensor6updateEv @ 0x7015a0
AUTO: _ZN7FunctorIvJEE14method_wrapperI20AP_TemperatureSensorXadL_ZNS2_6updateEvEEEEvPv @ 0xae1040
AUTO: _ZN10AP_Vehicle16publish_osd_infoEv @ 0x701860
AUTO: _ZN7FunctorIvJEE14method_wrapperI10AP_VehicleXadL_ZNS2_16publish_osd_infoEvEEEEvPv @ 0xae1190
AUTO: _ZN6AP_OSD12set_nav_infoERNS_7NavInfoE @ 0x701980
AUTO: _ZN6AP_RPM6updateEv @ 0x7019f0
AUTO: _ZN7FunctorIvJEE14method_wrapperI6AP_RPMXadL_ZNS2_6updateEvEEEEvPv @ 0xae1240
AUTO: _ZNK6AP_RPM7Log_RPMEv @ 0x701bd0
AUTO: _ZNK6AP_RPM7enabledEh @ 0x701cf0
AUTO: _ZN14AP_OpenDroneID6updateEv @ 0x701da0
AUTO: _ZN7FunctorIvJEE14method_wrapperI14AP_OpenDroneIDXadL_ZNS2_6updateEvEEEEvPv @ 0xae1360
AUTO: _ZNK6AP_GPS8velocityEv @ 0xae2c00
AUTO: _ZNK7AP_AHRS18groundspeed_vectorEv @ 0xae2c60
AUTO: _ZNK6AP_GPS19horizontal_accuracyERf @ 0xae2d40
AUTO: _ZNK6AP_GPS17vertical_accuracyERf @ 0xae2dc0
AUTO: _ZNK6AP_GPS14speed_accuracyERf @ 0xae2e40
AUTO: _ZNK6AP_GPS14speed_accuracyEhRf @ 0x706a10
AUTO: _ZNK6AP_GPS17vertical_accuracyEhRf @ 0x706ae0
AUTO: _ZNK6AP_GPS19horizontal_accuracyEhRf @ 0x706bb0
AUTO: _ZNK6AP_GPS14get_undulationEhRf @ 0x706c80
AUTO: _ZNK6AP_GPS8velocityEh @ 0xae2ec0
AUTO: _ZN12AP_Generator6updateEv @ 0x706d50
AUTO: _ZN7FunctorIvJEE14method_wrapperI12AP_GeneratorXadL_ZNS2_6updateEvEEEEvPv @ 0xae2f90
AUTO: _ZN14AP_Servo_Telem6updateEv @ 0x706dc0
AUTO: _ZN7FunctorIvJEE14method_wrapperI14AP_Servo_TelemXadL_ZNS2_6updateEvEEEEvPv @ 0xae3040
AUTO: _ZN14AP_Servo_Telem9write_logEv @ 0x706e10
AUTO: _ZN12AP_ESC_Telem6updateEv @ 0x7072c0
AUTO: _ZN7FunctorIvJEE14method_wrapperI12AP_ESC_TelemXadL_ZNS2_6updateEvEEEEvPv @ 0xae30f0
AUTO: _ZNK12AP_ESC_Telem11get_raw_rpmEhRf @ 0x707700
AUTO: _ZN6AP_HAL15timeout_expiredIjjmEEbT_T0_T1_ @ 0xae31a0
AUTO: _ZN10AP_Vehicle30send_watchdog_reset_statustextEv @ 0x7077d0
AUTO: _ZN7FunctorIvJEE14method_wrapperI10AP_VehicleXadL_ZNS2_30send_watchdog_reset_statustextEvEEEEvPv @ 0xae3220
AUTO: _ZN8AP_Tramp6updateEv @ 0x707930
AUTO: _ZN7FunctorIvJEE14method_wrapperI8AP_TrampXadL_ZNS2_6updateEvEEEEvPv @ 0xae32d0
AUTO: _ZN10AP_VideoTX6updateEv @ 0x708910
AUTO: _ZN7FunctorIvJEE14method_wrapperI10AP_VideoTXXadL_ZNS2_6updateEvEEEEvPv @ 0xae3500
AUTO: _ZN10AP_Vehicle38update_dynamic_notch_at_specified_rateEv @ 0x708b40
AUTO: _ZN7FunctorIvJEE14method_wrapperI10AP_VehicleXadL_ZNS2_38update_dynamic_notch_at_specified_rateEvEEEEvPv @ 0xae35b0
AUTO: _ZNK25HarmonicNotchFilterParams9hasOptionENS_7OptionsE @ 0xae3660
AUTO: _ZN10AP_Vehicle20update_dynamic_notchERN17AP_InertialSensor13HarmonicNotchE @ 0x708c90
AUTO: _ZN10AP_GyroFFT17update_parametersEv @ 0xae3a10
AUTO: _ZN7FunctorIvJEE14method_wrapperI10AP_GyroFFTXadL_ZNS2_17update_parametersEvEEEEvPv @ 0xae3a60
AUTO: _ZN10AP_GyroFFT17update_parametersEb @ 0x709ef0
AUTO: _ZN10AP_GyroFFT6updateEv @ 0x70a290
AUTO: _ZN7FunctorIvJEE14method_wrapperI10AP_GyroFFTXadL_ZNS2_6updateEvEEEEvPv @ 0xae3b10
AUTO: _ZN14AP_NMEA_Output6updateEv @ 0x70a420
AUTO: _ZN7FunctorIvJEE14method_wrapperI14AP_NMEA_OutputXadL_ZNS2_6updateEvEEEEvPv @ 0xae3bc0
AUTO: _ZN7FunctorIvJEE14method_wrapperI9AP_NotifyXadL_ZNS2_6updateEvEEEEvPv @ 0xae3c70
AUTO: _ZN7Compass10cal_updateEv @ 0x70b490
AUTO: _ZN7FunctorIvJEE14method_wrapperI7CompassXadL_ZNS2_10cal_updateEvEEEEvPv @ 0xae3d20
AUTO: _ZN11AP_Airspeed6updateEv @ 0x70bfe0
AUTO: _ZN7FunctorIvJEE14method_wrapperI11AP_AirspeedXadL_ZNS2_6updateEvEEEEvPv @ 0xae3e30
AUTO: _ZN11AP_Airspeed4readEh @ 0x70c1d0
AUTO: _ZN11AP_Airspeed21check_sensor_failuresEv @ 0x70c9f0
AUTO: _ZN11AP_Airspeed12Log_AirspeedEv @ 0x70ca70
AUTO: _ZNK11AP_Airspeed16get_raw_airspeedEh @ 0x70cd40
AUTO: _ZNK11AP_Airspeed25get_differential_pressureEh @ 0x70cdf0
AUTO: _ZNK11AP_Airspeed22get_corrected_pressureEh @ 0x70ce90
AUTO: _ZNK11AP_Airspeed10get_offsetEh @ 0x70cf30
AUTO: _ZNK11AP_Airspeed22get_health_probabilityEh @ 0xae3ee0
AUTO: _ZNK11AP_Airspeed14get_test_ratioEh @ 0xae3f50
AUTO: _ZNK11AP_Airspeed11get_primaryEv @ 0xae3fc0
AUTO: _ZN11AP_Airspeed35check_sensor_ahrs_wind_max_failuresEh @ 0x70cff0
AUTO: _ZNK7AP_AHRS20airspeed_health_dataERfS0_Rj @ 0x70d910
AUTO: _ZL3MAXI9AP_ParamTIfL11ap_var_type4EEfEDTqugtfp_fp0_fp_fp0_ERKT_RKT0_.19060 @ 0x70da00
AUTO: _ZNK7NavEKF319getAirSpdHealthDataERfS0_Rj @ 0x70da90
AUTO: _ZNK12NavEKF3_core19getAirSpdHealthDataERfS0_Rj @ 0x70db60
AUTO: _ZN10AP_GyroFFT12sample_gyrosEv @ 0x70e290
AUTO: _ZN7FunctorIvJEE14method_wrapperI10AP_GyroFFTXadL_ZNS2_12sample_gyrosEvEEEEvPv @ 0xae4010
AUTO: _ZN10AP_Vehicle4loopEv @ 0x70eb30
AUTO: _ZN12AP_Scheduler4loopEv @ 0x70edd0
AUTO: _ZN12AP_Scheduler17get_loop_period_sEv @ 0xae7000
AUTO: _ZN17AP_InertialSensor15wait_for_sampleEv @ 0x70f370
AUTO: _ZN12AP_Scheduler4tickEv @ 0x70f8b0
AUTO: _ZN12AP_Scheduler3runEj @ 0x70f910
AUTO: _ZN2AP8PerfInfo15check_loop_timeEj @ 0x70fec0
AUTO: _ZL15fill_nanf_stackv @ 0x710050
AUTO: _ZN2AP8PerfInfo16update_task_infoEhtb @ 0x7100a0
AUTO: _ZNK7AP_AHRS14get_accel_biasEv @ 0xae73b0
AUTO: _ZNK6AP_GPS15ground_speed_cmEv @ 0xae7410
AUTO: _ZNK7AP_AHRS24_get_primary_accel_indexEv @ 0x716980
AUTO: _ZNK7AP_AHRS22_get_primary_IMU_indexEv @ 0x7169d0
AUTO: _ZNK7NavEKF322getPrimaryCoreIMUIndexEv @ 0x716b30
AUTO: _ZNK17AP_InertialSensor21get_first_usable_gyroEv @ 0xae7470
AUTO: _ZNK12NavEKF3_core11getIMUIndexEv @ 0xae74c0
AUTO: _ZNK14AP_BattMonitor17has_cell_voltagesEh @ 0x716c60
AUTO: _ZN2AP3EFIEv @ 0x7174b0
AUTO: _ZN6AP_EFI13get_singletonEv @ 0xae7e50
AUTO: _ZN16FilterWithBufferIfLh5EE5resetEv @ 0xae8140
AUTO: _ZN16FilterWithBufferIfLh5EE5applyEf @ 0xae8450
AUTO: _ZN7FunctorIvJEE14method_wrapperI10AP_VehicleXadL_ZNS2_18fence_checks_asyncEvEEEEvPv @ 0xae87f0
AUTO: _ZN13AP_Filesystem5writeEiPKvj @ 0x718120
AUTO: _ZNK11AP_ICEngine29allow_throttle_while_disarmedEv @ 0x720150
AUTO: _ZNK11AP_ICEngine10option_setENS_7OptionsE @ 0xaebd00
AUTO: _ZL3MAXIjjEDTqugtfp_fp0_fp_fp0_ERKT_RKT0_.5212 @ 0x726770
AUTO: _ZN15ekf_ring_buffer4pushEPKv @ 0x7267f0
AUTO: _ZNK15ekf_ring_buffer10get_offsetEh @ 0x7268f0
AUTO: _ZL3MAXIjjEDTqugtfp_fp0_fp_fp0_ERKT_RKT0_.20153 @ 0x726b00
AUTO: _ZL7radiansf.5217 @ 0x727c90
AUTO: _ZL3MAXIffEDTqugtfp_fp0_fp_fp0_ERKT_RKT0_.5204 @ 0x727ce0
AUTO: _ZN11QuaternionTIdEC2Edddd @ 0xaed620
AUTO: _ZN11QuaternionTIfEmLERKS0_ @ 0xaed6d0
AUTO: _ZNK7AP_AHRS38get_relative_position_NED_origin_floatER7Vector3IfE @ 0x728030
AUTO: _ZNK7AP_AHRS32get_relative_position_NED_originER7Vector3IdE @ 0x728200
AUTO: _ZNK7NavEKF38getPosNEER7Vector2IdE @ 0x7284a0
AUTO: _ZNK11AP_AHRS_SIM12get_locationER8Location @ 0x7287d0
AUTO: _ZN2AP5statsEv @ 0x72ab70
AUTO: _ZN8AP_Stats13get_singletonEv @ 0xaee5c0
AUTO: _ZN19AP_Airspeed_Backend12has_airspeedEv @ 0xaeef80
AUTO: _ZN19AP_Airspeed_Backend14get_hygrometerERjRfS1_ @ 0xaef0f0
AUTO: _ZNK19AP_Airspeed_Backend7get_pinEv @ 0x731630
AUTO: _ZN18AP_Airspeed_Analog25get_differential_pressureERf @ 0x731700
AUTO: _ZN18AP_Airspeed_Analog15get_temperatureERf @ 0xaf0320
AUTO: _ZNK19AP_Airspeed_Backend13get_psi_rangeEv @ 0x7317f0
AUTO: _ZNK7AP_AHRS8get_gyroEv @ 0xaf0e20
AUTO: _ZNK7AP_AHRS17airspeed_estimateERf @ 0x755dc0
AUTO: _ZNK17AP_InertialSensor20get_vibration_levelsEv @ 0xaf0e80
AUTO: _ZNK17AP_InertialSensor20get_vibration_levelsEh @ 0x755ec0
AUTO: _ZNK10DigitalLPFI7Vector3IfEE3getEv @ 0xaf0f00
AUTO: _ZNK11QuaternionTIdE7is_zeroEv @ 0xaf0fb0
AUTO: _ZN12NavEKF3_core18getEarthFieldTableERK8Location @ 0x7571e0
AUTO: _ZN14AP_Declination15get_declinationEff @ 0x7572e0
AUTO: _ZNK12NavEKF3_core14MagDeclinationEv @ 0x757370
AUTO: _ZN12NavEKF3_core15FuseDeclinationEd @ 0x7575d0
AUTO: _ZN18NavEKF_core_common10zero_rangeEPdhh @ 0xaf1150
AUTO: _ZN12NavEKF3_core13ForceSymmetryEv @ 0x758630
AUTO: _ZN12NavEKF3_core18ConstrainVariancesEv @ 0x758780
AUTO: _ZN11QuaternionTIdE9normalizeEv @ 0xaf11e0
AUTO: _ZNK11QuaternionTIdE6lengthEv @ 0xaf12c0
AUTO: _Z20constrain_value_lineIdET_S0_S0_S0_j @ 0xaf1380
AUTO: _ZNK9AP_ParamTIfL11ap_var_type4EEcvdEv @ 0xaf1500
AUTO: _ZL7radiansf.5420 @ 0x7591f0
AUTO: _ZL2sqf.5342 @ 0x759d10
AUTO: _ZNK8Location21get_distance_NE_ftypeERKS_ @ 0x759e60
AUTO: _ZN16EKF_IMU_buffer_tIN12NavEKF3_core15output_elementsEEixEj @ 0xaf1620
AUTO: _ZNK14ekf_imu_buffer3getEh @ 0x75a110
AUTO: _ZNK14ekf_imu_buffer10get_offsetEh @ 0x75a170
AUTO: _ZNK14AP_BattMonitor11consumed_whERfh @ 0x75bd10
AUTO: _ZNK14AP_BattMonitor18overpower_detectedEh @ 0x75be00
AUTO: _ZNK6AP_GPS8get_vdopEh @ 0xaf1780
AUTO: _ZNK6AP_GPS16last_fix_time_msEh @ 0xaf17f0
AUTO: _ZNK6AP_GPS20last_message_time_msEh @ 0xaf1860
AUTO: _ZNK6AP_GPS22have_vertical_velocityEh @ 0xaf18d0
AUTO: _ZNK6AP_GPS18get_antenna_offsetEh @ 0x75df80
AUTO: _ZNK14AP_GPS_Blended18get_antenna_offsetEv @ 0xaf1950
AUTO: _ZNK6AP_GPS11gps_yaw_degEhRfS0_Rj @ 0x75e050
AUTO: _ZNK6AP_GPS11is_rtk_baseEh @ 0x75e240
AUTO: _ZNK6AP_GPS12have_gps_yawEh @ 0xaf19a0
AUTO: _ZNK11RangeFinder15has_orientationE8Rotation @ 0x760100
AUTO: _ZNK11RangeFinder13status_orientE8Rotation @ 0x760440
AUTO: _ZNK3GCS29sysid_mygcs_last_seen_time_msEv @ 0xaf1df0
AUTO: _ZNK10AP_Vehicle18get_time_flying_msEv @ 0xaf1f50
AUTO: _ZN12SRV_Channels23get_output_channel_maskEN11SRV_Channel8FunctionE @ 0x765da0
AUTO: _ZN11SRV_Channel9output_chEv @ 0x766bc0
AUTO: _ZNK10RC_Channel13norm_input_dzEv @ 0x766f20
AUTO: _ZN11SRV_Channel12set_overrideEb @ 0xaf2150
AUTO: _ZN12SRV_Channels17set_output_scaledEN11SRV_Channel8FunctionEf @ 0x7674e0
AUTO: _ZNK10AP_Mission5stateEv @ 0xaf2510
AUTO: _ZN10AP_Mission23advance_current_nav_cmdEt @ 0x76c320
AUTO: _ZN10AP_Mission8completeEv @ 0x76c6d0
AUTO: _ZN10AP_Mission13start_commandERKNS_15Mission_CommandE @ 0x76c740
AUTO: _ZN9AP_Logger10Write_MISEERK10AP_MissionRKNS0_15Mission_CommandE @ 0xaf2560
AUTO: _ZNK10AP_Mission19is_landing_type_cmdEt @ 0x76cbf0
AUTO: _ZNK10AP_Mission19is_takeoff_type_cmdEt @ 0x76cca0
AUTO: _ZNK10AP_Mission15Mission_Command4typeEv @ 0x76cd30
AUTO: _ZNK7FunctorIbJRKN10AP_Mission15Mission_CommandEEEclES3_ @ 0xaf25e0
AUTO: _ZN19AP_ServoRelayEvents13update_eventsEv @ 0x770150
AUTO: _ZN9AP_Logger17Write_Mission_CmdERK10AP_MissionRKNS0_15Mission_CommandE11LogMessages @ 0x7702e0
AUTO: _ZN17AP_Logger_Backend17Write_Mission_CmdERK10AP_MissionRKNS0_15Mission_CommandE11LogMessages @ 0x7703a0
AUTO: _ZN10AP_Mission6resumeEv @ 0x770c10
AUTO: _ZN10AP_Mission5startEv @ 0x770e40
AUTO: _ZNK9QuadPlane18in_assisted_flightEv @ 0xaf2e40
AUTO: _ZN9QuadPlane15PosControlState9set_stateENS_22position_control_stateE @ 0x772090
AUTO: _ZN11QuaternionTIfE15from_axis_angleE7Vector3IfE @ 0xaf2f20
AUTO: _ZNK9AP_Follow11have_targetEv @ 0x776a70
AUTO: _ZN9AP_Follow13get_singletonEv @ 0xaf3a20
AUTO: _ZNK6AC_PID12get_pid_infoEv @ 0xaf3ba0
AUTO: _ZN12AP_Scripting19is_handling_commandEt @ 0x77bc40
AUTO: _ZNK7Vector3IfE6is_infEv @ 0xaf4740
AUTO: _ZN7Vector2IfE9normalizeEv @ 0xaf4a70
AUTO: _ZN7Vector2IfEdVEf @ 0xaf4ad0
AUTO: _ZNK7Vector2IfE6is_infEv @ 0xaf4b50
AUTO: _ZL3MAXIjjEDTqugtfp_fp0_fp_fp0_ERKT_RKT0_.6748 @ 0x7ae880
AUTO: _ZN9AP_Logger19file_content_updateEv @ 0x7aea80
AUTO: _ZN9AP_Logger19file_content_updateERNS_11FileContentE @ 0x7aebe0
AUTO: _ZN17AP_Logger_Backend13Write_MessageEPKc @ 0x7af420
AUTO: _ZN17AP_Logger_Backend14periodic_tasksEv @ 0x7b1440
AUTO: _ZNK17AP_Logger_Backend13StartNewLogOKEv @ 0x7b1830
AUTO: _ZN17AP_Logger_Backend24WriteMoreStartupMessagesEv @ 0x7b1910
AUTO: _ZNK17AP_Logger_Backend15logging_enabledEv @ 0x7b3930
AUTO: _ZN17AP_Logger_Backend13periodic_10HzEj @ 0x7b3a60
AUTO: _ZN17AP_Logger_Backend12periodic_1HzEv @ 0x7b3ab0
AUTO: _ZN17AP_Logger_Backend15push_log_blocksEv @ 0x7b3b40
AUTO: _ZN17AP_Logger_Backend12df_stats_logEv @ 0x7b3ba0
AUTO: _ZN17AP_Logger_Backend26Write_AP_Logger_Stats_FileERKNS_8df_statsE @ 0x7b3c10
AUTO: _ZN17AP_Logger_Backend14df_stats_clearEv @ 0x7b3d20
AUTO: _ZNK17AP_Logger_Backend31critical_message_reserved_spaceEj @ 0xaf6ae0
AUTO: _ZN17AP_Logger_Backend15df_stats_gatherEtj @ 0x7b61f0
AUTO: _ZNK14AP_Logger_File15logging_startedEv @ 0xaf6f70
AUTO: _ZN14AP_Logger_File21bufferspace_availableEv @ 0x7b8ef0
AUTO: _ZNK14AP_Logger_File14logging_failedEv @ 0x7b9500
AUTO: _ZN14AP_Logger_File8io_timerEv @ 0x7b95c0
AUTO: _ZN14AP_Logger_File12periodic_1HzEv @ 0x7b9b90
AUTO: _ZN14AP_Logger_File17periodic_fullrateEv @ 0x7b9e40
AUTO: _ZNK14AP_Logger_File8WritesOKEv @ 0x7b9e90
AUTO: _ZNK14AP_Logger_File13StartNewLogOKEv @ 0x7b9f20
AUTO: _ZN14AP_Logger_File22_WritePrioritisedBlockEPKvtb @ 0x7ba0d0
AUTO: _ZN7AP_AHRS6updateEb @ 0x7ba340
AUTO: _ZN7AP_AHRS18update_orientationEv @ 0x7ba680
AUTO: _ZN17AP_InertialSensor6updateEv @ 0x7ba780
AUTO: _ZN7AP_AHRS29update_trim_rotation_matricesEv @ 0x7badf0
AUTO: _ZN7AP_AHRS10update_DCMEv @ 0x7baf00
AUTO: _ZN7AP_AHRS12update_flagsEv @ 0x7bafa0
AUTO: _ZN7AP_AHRS11update_SITLEv @ 0x7bb060
AUTO: _ZN7AP_AHRS15update_externalEv @ 0x7bb110
AUTO: _ZN7AP_AHRS11update_EKF2Ev @ 0x7bb230
AUTO: _ZN7AP_AHRS11update_EKF3Ev @ 0x7bb720
AUTO: _ZNK7AP_AHRS14get_gyro_driftEv @ 0xaf6fd0
AUTO: _ZN7AP_AHRS14update_AOA_SSAEv @ 0x7bbf10
AUTO: _ZNK7AP_AHRS16_active_EKF_typeEv @ 0x7bc170
AUTO: _ZN7AP_AHRS12update_stateEv @ 0x7bc6a0
AUTO: _ZNK7AP_AHRS23_get_primary_gyro_indexEv @ 0x7bc940
AUTO: _ZNK7AP_AHRS23_get_primary_core_indexEv @ 0x7bc9f0
AUTO: _ZNK7AP_AHRS14_wind_estimateER7Vector3IfE @ 0x7bcac0
AUTO: _ZN15AP_AHRS_Backend11get_EAS2TASEv @ 0x7bcbf0
AUTO: _ZNK7AP_AHRS13_airspeed_EASERfRNS_20AirspeedEstimateTypeE @ 0x7bcc30
AUTO: _ZNK7AP_AHRS13_airspeed_TASERf @ 0x7bd1b0
AUTO: _ZNK7AP_AHRS13_airspeed_TASER7Vector3IfE @ 0x7bd2c0
AUTO: _ZNK7AP_AHRS15_get_quaternionER11QuaternionTIfE @ 0x7bd3a0
AUTO: _ZNK7AP_AHRS23_get_secondary_attitudeER7Vector3IfE @ 0x7bd560
AUTO: _ZNK7AP_AHRS25_get_secondary_quaternionER11QuaternionTIfE @ 0x7bd760
AUTO: _ZNK7AP_AHRS13_get_locationER8Location @ 0x7bd910
AUTO: _ZNK7AP_AHRS23_get_secondary_positionER8Location @ 0x7bda90
AUTO: _ZN7AP_AHRS19_groundspeed_vectorEv @ 0x7bdbe0
AUTO: _ZN7AP_AHRS12_groundspeedEv @ 0x7bdd10
AUTO: _ZNK7AP_AHRS29_getCorrectedDeltaVelocityNEDER7Vector3IfERf @ 0x7bdde0
AUTO: _ZNK7AP_AHRS17_get_velocity_NEDER7Vector3IfE @ 0x7be070
AUTO: _ZNK7NavEKF39getVelNEDER7Vector3IfE @ 0x7be230
AUTO: _ZNK12NavEKF3_core9getVelNEDER7Vector3IfE @ 0x7be560
AUTO: _ZNK12NavEKF2_core9getVelNEDER7Vector3IfE @ 0x7be610
AUTO: _ZNK7NavEKF312getAccelBiasEaR7Vector3IfE @ 0x7be750
AUTO: _ZNK17AP_InertialSensor18get_delta_velocityEhR7Vector3IfERf @ 0x7be820
AUTO: _ZNK7AP_AHRS43get_rotation_autopilot_body_to_vehicle_bodyEv @ 0xaf70c0
AUTO: _ZNK17AP_InertialSensor14get_delta_timeEv @ 0xaf7110
AUTO: _ZL3MINIffEDTqultfp_fp0_fp_fp0_ERKT_RKT0_.4188 @ 0x7be9d0
AUTO: _ZL3MINIffEDTqultfp_fp0_fp_fp0_ERKT_RKT0_.2602 @ 0x7bea60
AUTO: _ZNK12NavEKF3_core12getAccelBiasER7Vector3IfE @ 0x7beaf0
AUTO: _ZNK12NavEKF2_core13getAccelZBiasERf @ 0x7bebd0
AUTO: _ZL7radiansf.2590 @ 0x7bf1e0
AUTO: _ZNK7AP_AHRS23_get_secondary_EKF_typeERNS_7EKFTypeE @ 0x7bf230
AUTO: _ZNK7NavEKF36getLLHER8Location @ 0x7bf420
AUTO: _ZNK12NavEKF3_core6getLLHER8Location @ 0x7bf4c0
AUTO: _ZNK10AP_DAL_GPS6statusEv @ 0xaf7380
AUTO: _ZNK7AP_AHRS24fallback_active_EKF_typeEv @ 0x7bfa90
AUTO: _ZNK11AP_AHRS_DCM14get_quaternionER11QuaternionTIfE @ 0x7bfae0
AUTO: _ZNK7NavEKF313getQuaternionER11QuaternionTIfE @ 0x7bfbe0
AUTO: _ZN11QuaternionTIfE6rotateERK7Vector3IfE @ 0xaf73f0
AUTO: _ZN15AP_ExternalAHRS14get_quaternionER11QuaternionTIfE @ 0x7bfce0
AUTO: _ZNK12NavEKF3_core13getQuaternionER11QuaternionTIfE @ 0x7bfd90
AUTO: _ZNK11QuaternionTIdE7tofloatEv @ 0xaf74a0
AUTO: _ZNK12NavEKF2_core13getQuaternionER11QuaternionTIfE @ 0x7bfe20
AUTO: _ZNK7NavEKF314getEulerAnglesER7Vector3IfE @ 0x7bff40
AUTO: _ZNK7NavEKF312getAirSpdVecER7Vector3IfE @ 0x7c0120
AUTO: _ZNK12NavEKF3_core12getAirSpdVecER7Vector3IfE @ 0x7c01c0
AUTO: _ZNK11QuaternionTIdE7inverseEv @ 0xaf7520
AUTO: _ZNK7AP_AHRS25get_active_airspeed_indexEv @ 0x7c05c0
AUTO: _ZNK7AP_AHRS27_should_use_airspeed_sensorEh @ 0x7c06c0
AUTO: _ZNK7AP_AHRS27get_wind_estimation_enabledEv @ 0xaf75d0
AUTO: _ZNK7NavEKF37getWindER7Vector3IfE @ 0x7c09d0
AUTO: _ZNK12NavEKF3_core7getWindER7Vector3IfE @ 0x7c0af0
AUTO: _ZN15AP_AHRS_Backend23airspeed_sensor_enabledEh @ 0xaf7690
AUTO: _ZNK7AP_AHRS23airspeed_sensor_enabledEh @ 0xaf7770
AUTO: _ZNK7AP_AHRS10option_setENS_7OptionsE @ 0xaf77d0
AUTO: _ZNK7NavEKF317getActiveAirspeedEv @ 0x7c0cc0
AUTO: _ZNK12NavEKF3_core17getActiveAirspeedEv @ 0x7c0d50
AUTO: _ZNK7AP_Baro12_get_EAS2TASEv @ 0x7c0da0
AUTO: _ZNK7AP_Baro20get_EAS2TAS_extendedEf @ 0x7c0e10
AUTO: _ZNK12NavEKF2_core7getWindER7Vector3IfE @ 0x7c0fe0
AUTO: _ZNK7NavEKF219getPrimaryCoreIndexEv @ 0x7c1070
AUTO: _ZNK7NavEKF319getPrimaryCoreIndexEv @ 0x7c10e0
AUTO: _ZNK7NavEKF326configuredToUseGPSForPosXYEv @ 0x7c1300
AUTO: _ZNK11AP_AHRS_DCM20yaw_source_availableEv @ 0x7c1380
AUTO: _ZNK16AP_NavEKF_Source14getPosXYSourceEh @ 0xaf7930
AUTO: _ZL7degreesf.2538 @ 0x7c13e0
AUTO: _ZNK7AP_AHRS9calc_trigERK7Matrix3IfERfS4_S4_S4_S4_S4_ @ 0x7c1480
AUTO: _ZNK9AP_Logger15allow_start_ekfEv @ 0x7c1870
AUTO: _ZN7NavEKF312UpdateFilterEv @ 0x7c1f40
AUTO: _ZNK7NavEKF320getRotationBodyToNEDER7Matrix3IfE @ 0x7c2510
AUTO: _ZN7AP_AHRS16update_cd_valuesEv @ 0x7c25a0
AUTO: _ZN7AP_AHRS11update_trigEv @ 0x7c26e0
AUTO: _ZNK17AP_InertialSensor22get_first_usable_accelEv @ 0xaf79b0
AUTO: _ZNK7NavEKF311getGyroBiasEaR7Vector3IfE @ 0x7c27c0
AUTO: _ZN7AP_AHRS32update_notify_from_filter_statusERK17nav_filter_status @ 0x7c2890
AUTO: _ZNK12NavEKF3_core11getGyroBiasER7Vector3IfE @ 0x7c2940
AUTO: _ZN6AP_DAL11start_frameENS_9FrameTypeE @ 0x7c2a20
AUTO: _ZNK6AP_DAL8micros64Ev @ 0xaf7a00
AUTO: _ZNK12NavEKF3_core21getFramesSincePredictEv @ 0x7c2f00
AUTO: _ZN6AP_DAL22ekf_low_time_remainingENS_7EKFTypeEh @ 0x7c2f60
AUTO: _ZN12NavEKF3_core12UpdateFilterEb @ 0x7c30a0
AUTO: _ZNK6AP_DAL9get_armedEv @ 0xaf7a50
AUTO: _ZN7NavEKF321updateCoreErrorScoresEv @ 0x7c32d0
AUTO: _ZN7NavEKF324updateCoreRelativeErrorsEv @ 0x7c3390
AUTO: _ZNK7NavEKF315coreBetterScoreEhh @ 0x7c3530
AUTO: _ZN16AP_NavEKF_Source22align_inactive_sourcesEv @ 0x7c3730
AUTO: _ZNK16AP_NavEKF_Source13getPosZSourceEh @ 0x7c39e0
AUTO: _ZNK7AP_EnumIN16AP_NavEKF_Source7SourceZEEcvKS1_Ev @ 0xaf7b30
AUTO: _ZL3MAXI9AP_ParamTIfL11ap_var_type4EEfEDTqugtfp_fp0_fp_fp0_ERKT_RKT0_ @ 0x7c3bc0
AUTO: _ZN18NavEKF_core_common22fill_scratch_variablesEv @ 0x7c3c50
AUTO: _ZN12NavEKF3_core23update_sensor_selectionEv @ 0x7c3cf0
AUTO: _ZN12NavEKF3_core18controlFilterModesEv @ 0x7c3d60
AUTO: _ZN12NavEKF3_core11readIMUDataEb @ 0x7c3e30
AUTO: _ZN12NavEKF3_core27UpdateStrapdownEquationsNEDEv @ 0x7c4700
AUTO: _ZN12NavEKF3_core20CovariancePredictionEP7Vector3IdE @ 0x7c4be0
AUTO: _ZN12NavEKF3_core25runYawEstimatorPredictionEv @ 0x7cf3d0
AUTO: _ZN12NavEKF3_core15SelectMagFusionEv @ 0x7cf530
AUTO: _ZN12NavEKF3_core18SelectVelPosFusionEv @ 0x7d0260
AUTO: _ZN12NavEKF3_core25runYawEstimatorCorrectionEv @ 0x7d0c20
AUTO: _ZN12NavEKF3_core18SelectRngBcnFusionEv @ 0x7d0e10
AUTO: _ZN12NavEKF3_core16SelectFlowFusionEv @ 0x7d0f40
AUTO: _ZN12NavEKF3_core20SelectBodyOdomFusionEv @ 0x7d1220
AUTO: _ZN12NavEKF3_core15SelectTasFusionEv @ 0x7d14d0
AUTO: _ZN12NavEKF3_core20SelectBetaDragFusionEv @ 0x7d15d0
AUTO: _ZN12NavEKF3_core18updateFilterStatusEv @ 0x7d1890
AUTO: _ZN12NavEKF3_core13moveEKFOriginEv @ 0x7d21d0
AUTO: _ZN12NavEKF3_core21checkUpdateEarthFieldEv @ 0x7d2380
AUTO: _ZN12NavEKF3_core16calcOutputStatesEv @ 0x7d2440
AUTO: _ZN12NavEKF3_core11readMagDataEv @ 0x7d3790
AUTO: _ZN12NavEKF3_core11readGpsDataEv @ 0x7d3ca0
AUTO: _ZN12NavEKF3_core14readGpsYawDataEv @ 0x7d4630
AUTO: _ZN12NavEKF3_core12readBaroDataEv @ 0x7d4760
AUTO: _ZN6AP_DAL3insEv @ 0xaf7be0
AUTO: _ZNK21AP_DAL_InertialSensor9get_accelEh @ 0xaf7c30
AUTO: _ZL2sqf.5403 @ 0x7d6790
AUTO: _ZNK16AP_NavEKF_Source13useVelZSourceENS_7SourceZEh @ 0x7d6900
AUTO: _ZNK12NavEKF3_core26CorrectGPSForAntennaOffsetERNS_12gps_elementsE @ 0x7d6a30
AUTO: _ZNK10AP_DAL_GPS18get_antenna_offsetEh @ 0xaf7f00
AUTO: _ZNK7Vector3IdErmERKS0_ @ 0xaf7f70
AUTO: _ZNK7Matrix3IdE13mul_transposeERK7Vector3IdE @ 0xaf8050
AUTO: _ZN7Vector3IdEdVEd @ 0xaf8160
AUTO: _ZNK21AP_DAL_InertialSensor16get_loop_delta_tEv @ 0xaf81f0
AUTO: _ZNK14AP_DAL_Compass16get_first_usableEv @ 0xaf8610
AUTO: _ZNK11AP_DAL_Baro15get_last_updateEh @ 0xaf8880
AUTO: _ZNK11AP_DAL_Baro12get_altitudeEh @ 0xaf88f0
AUTO: _ZN16EKF_obs_buffer_tIN12NavEKF3_core13baro_elementsEE4pushERKS1_ @ 0xaf8960
AUTO: _ZNK10AP_DAL_GPS11gps_yaw_degEhRfS0_Rj @ 0xaf89d0
AUTO: _ZL3MAXIfdEDTqugtfp_fp0_fp_fp0_ERKT_RKT0_ @ 0x7d7430
AUTO: _ZNK10AP_DAL_GPS20last_message_time_msEh @ 0xaf8af0
AUTO: _ZNK10AP_DAL_GPS7get_lagEhRf @ 0xaf8b60
AUTO: _ZL3MINIjjEDTqultfp_fp0_fp_fp0_ERKT_RKT0_.5220 @ 0x7d7630
AUTO: _ZNK10AP_DAL_GPS8velocityEh @ 0xaf8c10
AUTO: _ZNK10AP_DAL_GPS22have_vertical_velocityEh @ 0xaf8c80
AUTO: _ZNK10AP_DAL_GPS14speed_accuracyEhRf @ 0xaf8d00
AUTO: _ZL3MAXIdfEDTqugtfp_fp0_fp_fp0_ERKT_RKT0_.5216 @ 0x7d76b0
AUTO: _ZL3MINIdfEDTqultfp_fp0_fp_fp0_ERKT_RKT0_ @ 0x7d7750
AUTO: _ZL3MAXId9AP_ParamTIfL11ap_var_type4EEEDTqugtfp_fp0_fp_fp0_ERKT_RKT0_ @ 0x7d77f0
AUTO: _ZNK10AP_DAL_GPS19horizontal_accuracyEhRf @ 0xaf8db0
AUTO: _ZNK10AP_DAL_GPS17vertical_accuracyEhRf @ 0xaf8e60
AUTO: _ZNK10AP_DAL_GPS8num_satsEh @ 0xaf8f10
AUTO: _ZN12NavEKF3_core18calcGpsGoodToAlignEv @ 0x7d78a0
AUTO: _ZN12NavEKF3_core20calcGpsGoodForFlightEv @ 0x7d8800
AUTO: _ZN16EKF_obs_buffer_tIN12NavEKF3_core12gps_elementsEE4pushERKS1_ @ 0xaf8f80
AUTO: _ZL3MAXIddEDTqugtfp_fp0_fp_fp0_ERKT_RKT0_.5381 @ 0x7d8cc0
AUTO: _ZL3MINIdfEDTqultfp_fp0_fp_fp0_ERKT_RKT0_.5368 @ 0x7d8d40
AUTO: _ZNK10AP_DAL_GPS8get_hdopEh @ 0xaf8ff0
AUTO: _ZNK14AP_DAL_Compass9availableEv @ 0xaf9060
AUTO: _ZNK14AP_DAL_Compass9get_countEv @ 0xaf90c0
AUTO: _ZNK14AP_DAL_Compass21learn_offsets_enabledEv @ 0xaf9110
AUTO: _ZNK14AP_DAL_Compass7healthyEh @ 0xaf9170
AUTO: _ZNK14AP_DAL_Compass16last_update_usecEh @ 0xaf91e0
AUTO: _ZNK14AP_DAL_Compass11get_offsetsEh @ 0xaf9250
AUTO: _ZNK7Vector3IdEneERKS0_ @ 0xaf92c0
AUTO: _ZN12NavEKF3_core12mag_elementsC2Ev @ 0xaf9390
AUTO: _ZNK14AP_DAL_Compass9get_fieldEh @ 0xaf93f0
AUTO: _ZNK14AP_DAL_Compass10consistentEv @ 0xaf9460
AUTO: _ZN16EKF_obs_buffer_tIN12NavEKF3_core12mag_elementsEE4pushERKS1_ @ 0xaf94c0
AUTO: _Z8is_equalIddENSt3__19enable_ifIXsr3std17is_floating_pointINS0_11common_typeIJT_T0_EE4typeEEE5valueEbE4typeES3_S4_ @ 0xaf9530
AUTO: _ZN12NavEKF3_core17correctDeltaAngleER7Vector3IdEdh @ 0x7d9020
AUTO: _ZN12NavEKF3_core20correctDeltaVelocityER7Vector3IdEdh @ 0x7d90e0
AUTO: _ZN11QuaternionTIdEC2Ev @ 0xaf95b0
AUTO: _ZN11QuaternionTIdE15from_axis_angleE7Vector3IdE @ 0xaf9620
AUTO: _ZN11QuaternionTIdEmLERKS0_ @ 0xaf96e0
AUTO: _ZNK11QuaternionTIdE15rotation_matrixER7Matrix3IdE @ 0xaf9880
AUTO: _ZNK21AP_DAL_InertialSensor8get_gyroEh @ 0xaf9a70
AUTO: _ZNK6AP_DAL20get_takeoff_expectedEv @ 0xaf9b80
AUTO: _ZN16EKF_IMU_buffer_tIN12NavEKF3_core12imu_elementsEE18get_youngest_indexEv @ 0xaf9bf0
AUTO: _ZN16EKF_IMU_buffer_tIN12NavEKF3_core12imu_elementsEE16get_oldest_indexEv @ 0xaf9c50
AUTO: _ZNK11QuaternionTIdEdvERKS0_ @ 0xaf9cb0
AUTO: _ZN11QuaternionTIdEixEh @ 0xaf9ed0
AUTO: _ZL3MAXIddEDTqugtfp_fp0_fp_fp0_ERKT_RKT0_.5431 @ 0x7d9200
AUTO: _ZN12NavEKF3_core15output_elementsC2Ev @ 0xaf9f40
AUTO: _ZNK14ekf_imu_buffer16get_oldest_indexEv @ 0xaf9fc0
AUTO: _ZNK14ekf_imu_buffer18get_youngest_indexEv @ 0xafa010
AUTO: _ZN11QuaternionTIdE15from_axis_angleERK7Vector3IdEd @ 0xafa060
AUTO: _ZNK6AP_DAL22get_touchdown_expectedEv @ 0xafa180
AUTO: _ZN12NavEKF3_core12FuseSideslipEv @ 0x7d92f0
AUTO: _ZN16EKF_obs_buffer_tIN12NavEKF3_core13drag_elementsEE6recallERS1_j @ 0xafa1e0
AUTO: _ZNK6AP_DAL11get_EAS2TASEv @ 0xafa260
AUTO: _ZN7Vector3IdEixEh @ 0xafa320
AUTO: _ZNK7Vector3IdEixEh @ 0xafa390
AUTO: _ZN7Vector2IdEixEh @ 0xafa400
AUTO: _ZN15ekf_ring_buffer6recallEPvj @ 0x7dfd60
AUTO: _ZNK15ekf_ring_buffer7time_msEh @ 0x7dfec0
AUTO: _ZN12NavEKF3_core14readAirSpdDataEv @ 0x7dff30
AUTO: _ZN12NavEKF3_core12FuseAirspeedEv @ 0x7e0360
AUTO: _ZL3MAXIdfEDTqugtfp_fp0_fp_fp0_ERKT_RKT0_.20297 @ 0x7e1b60
AUTO: _ZNK12NavEKF3_core11useAirspeedEv @ 0x7e1c00
AUTO: _ZNK15AP_DAL_Airspeed14last_update_msEh @ 0xafa470
AUTO: _ZNK15AP_DAL_Airspeed7healthyEh @ 0xafa4e0
AUTO: _ZNK15AP_DAL_Airspeed3useEh @ 0xafa550
AUTO: _ZNK15AP_DAL_Airspeed12get_airspeedEh @ 0xafa5c0
AUTO: _ZL2sqf.5223 @ 0x7e1c60
AUTO: _ZN16EKF_obs_buffer_tIN12NavEKF3_core12tas_elementsEE4pushERKS1_ @ 0xafa630
AUTO: _ZN16EKF_obs_buffer_tIN12NavEKF3_core12tas_elementsEE6recallERS1_j @ 0xafa6a0
AUTO: _ZNK6AP_DAL23airspeed_sensor_enabledEv @ 0xafa720
AUTO: _ZN16EKF_obs_buffer_tIN12NavEKF3_core16vel_odm_elementsEE6recallERS1_j @ 0xafa790
AUTO: _ZN16EKF_obs_buffer_tIN12NavEKF3_core18wheel_odm_elementsEE6recallERS1_j @ 0xafa810
AUTO: _ZN12NavEKF3_core11of_elementsC2Ev @ 0xafa890
AUTO: _ZN16EKF_obs_buffer_tIN12NavEKF3_core11of_elementsEE6recallERS1_j @ 0xafa920
AUTO: _ZNK7Vector2IdEixEh @ 0xafa9a0
AUTO: _ZN12NavEKF3_core14readRngBcnDataEv @ 0x7eeb30
AUTO: _ZN10EKFGSF_yaw11fuseVelDataERK7Vector2IdEd @ 0x7f27e0
AUTO: _ZNK12NavEKF3_core13EKFGSF_getYawERdS0_ @ 0x7f2be0
AUTO: _ZNK11QuaternionTIdE8to_eulerERdS1_S1_ @ 0xafae70
AUTO: _ZN7Matrix3IdEixEh @ 0xafb9f0
AUTO: _ZNK10EKFGSF_yaw10getYawDataERdS0_Ph @ 0x7f3550
AUTO: _ZL7radiansf.5184 @ 0x7f3630
AUTO: _ZL2sqf.5182 @ 0x7f3680
AUTO: _ZN10EKFGSF_yaw11resetEKFGSFEv @ 0x7f3810
AUTO: _ZN10EKFGSF_yaw8alignYawEv @ 0x7f3980
AUTO: _ZN10EKFGSF_yaw7correctEhRK7Vector2IdEd @ 0x7f3bf0
AUTO: _ZNK10EKFGSF_yaw15gaussianDensityEh @ 0x7f4fb0
AUTO: _ZL3MAXIdfEDTqugtfp_fp0_fp_fp0_ERKT_RKT0_.4687 @ 0x7f5330
AUTO: _ZN10EKFGSF_yaw13forceSymmetryEh @ 0x7f53d0
AUTO: _ZNK7Matrix3IdE8to_eulerEPdS1_S1_ @ 0xafba60
AUTO: _ZN16EKF_obs_buffer_tIN12NavEKF3_core16ext_nav_elementsEE6recallERS1_j @ 0xafbb60
AUTO: _ZN16EKF_obs_buffer_tIN12NavEKF3_core20ext_nav_vel_elementsEE6recallERS1_j @ 0xafbbe0
AUTO: _ZNK12NavEKF3_core35CalculateVelInnovationsAndVariancesERK7Vector3IdEddRS1_S4_ @ 0x7f5900
AUTO: _ZN16EKF_obs_buffer_tIN12NavEKF3_core12gps_elementsEE6recallERS1_j @ 0xafbc60
AUTO: _ZN12NavEKF3_core21selectHeightForFusionEv @ 0x7f5f40
AUTO: _ZN12NavEKF3_core13FuseVelPosNEDEv @ 0x7f7440
AUTO: _ZL3MAXIdfEDTqugtfp_fp0_fp_fp0_ERKT_RKT0_.5356 @ 0x7f9790
AUTO: _ZL3MAXI9AP_ParamTIfL11ap_var_type4EEfEDTqugtfp_fp0_fp_fp0_ERKT_RKT0_.5357 @ 0x7f9830
AUTO: _ZN12NavEKF3_core15readRangeFinderEv @ 0x7f98c0
AUTO: _ZN16EKF_obs_buffer_tIN12NavEKF3_core14range_elementsEE6recallERS1_j @ 0xafbce0
AUTO: _ZN16EKF_obs_buffer_tIN12NavEKF3_core13baro_elementsEE6recallERS1_j @ 0xafbdb0
AUTO: _ZL3MAXIddEDTqugtfp_fp0_fp_fp0_ERKT_RKT0_.5205 @ 0x7fa490
AUTO: _ZL3MAXI9AP_ParamTIfL11ap_var_type4EEfEDTqugtfp_fp0_fp_fp0_ERKT_RKT0_.5194 @ 0x7fa660
AUTO: _ZN16EKF_obs_buffer_tIN12NavEKF3_core12yaw_elementsEE6recallERS1_j @ 0xafc040
AUTO: _ZN16EKF_obs_buffer_tIN12NavEKF3_core12mag_elementsEE6recallERS1_j @ 0xafc0c0
AUTO: _ZN12NavEKF3_core18controlMagYawResetEv @ 0x7fc690
AUTO: _ZN12NavEKF3_core16FuseMagnetometerEv @ 0x7fcca0
AUTO: _ZN7Matrix3IdEC2Eddddddddd @ 0xafc140
AUTO: _ZNK7Matrix3IdEixEh @ 0xafc290
AUTO: _ZL3MAXIdfEDTqugtfp_fp0_fp_fp0_ERKT_RKT0_.5192 @ 0x8034e0
AUTO: _ZN12NavEKF3_core17MagTableConstrainEv @ 0x803580
AUTO: _ZNK11QuaternionTIdE13to_axis_angleER7Vector3IdE @ 0xafc300
AUTO: _ZL3MAXIdfEDTqugtfp_fp0_fp_fp0_ERKT_RKT0_.5149 @ 0x803c60
AUTO: _ZN10EKFGSF_yaw6updateERK7Vector3IdES3_ddbd @ 0x803d00
AUTO: _ZN10EKFGSF_yaw7predictEh @ 0x804790
AUTO: _ZN10EKFGSF_yaw11predictAHRSEh @ 0x8052e0
AUTO: _ZL7radiansf.4685 @ 0x805860
AUTO: _ZL2sqf.4686 @ 0x8058b0
AUTO: _ZNK10EKFGSF_yaw12updateRotMatERK7Matrix3IdERK7Vector3IdE @ 0x805900
AUTO: _ZN12NavEKF3_core21calcTiltErrorVarianceEv @ 0x8061e0
AUTO: _ZN12NavEKF3_core23verifyTiltErrorVarianceEv @ 0x8068c0
AUTO: _ZL3MINIffEDTqultfp_fp0_fp_fp0_ERKT_RKT0_.5423 @ 0x806cc0
AUTO: _ZN11QuaternionTIdE6rotateERK7Vector3IdE @ 0xafc8c0
AUTO: _ZN12NavEKF3_core15ConstrainStatesEv @ 0x806d50
AUTO: _ZNK21AP_DAL_InertialSensor9use_accelEh @ 0xafc980
AUTO: _ZNK21AP_DAL_InertialSensor8use_gyroEh @ 0xafca50
AUTO: _ZN12NavEKF3_core19learnInactiveBiasesEv @ 0x807190
AUTO: _ZN12NavEKF3_core19updateMovementCheckEv @ 0x807700
AUTO: _ZN12NavEKF3_core17readDeltaVelocityEhR7Vector3IdERd @ 0x807fa0
AUTO: _ZNK21AP_DAL_InertialSensor18get_imu_pos_offsetEh @ 0xafcb20
AUTO: _ZN12NavEKF3_core14readDeltaAngleEhR7Vector3IdERd @ 0x8080f0
AUTO: _ZN16EKF_IMU_buffer_tIN12NavEKF3_core12imu_elementsEE21push_youngest_elementES1_ @ 0xafcb90
AUTO: _ZN12NavEKF3_core14SampleDragDataERKNS_12imu_elementsE @ 0x808210
AUTO: _ZN16EKF_IMU_buffer_tIN12NavEKF3_core12imu_elementsEE18get_oldest_elementEv @ 0xafcbf0
AUTO: _ZN12NavEKF3_core22updateTimingStatisticsEv @ 0x8084c0
AUTO: _ZL3MINIfdEDTqultfp_fp0_fp_fp0_ERKT_RKT0_ @ 0x808770
AUTO: _ZN12NavEKF3_core12imu_elementsC2Ev @ 0xafcc70
AUTO: _ZN14ekf_imu_buffer18get_oldest_elementEPv @ 0x808810
AUTO: _ZN14ekf_imu_buffer21push_youngest_elementEPKv @ 0x8088d0
AUTO: _ZNK21AP_DAL_InertialSensor14get_gyro_countEv @ 0xafcd50
AUTO: _ZNK21AP_DAL_InertialSensor15get_delta_angleEhR7Vector3IfERf @ 0xafcda0
AUTO: _ZNK21AP_DAL_InertialSensor15get_accel_countEv @ 0xafcea0
AUTO: _ZNK21AP_DAL_InertialSensor18get_delta_velocityEhR7Vector3IfERf @ 0xafcef0
AUTO: _ZL7radiansi.5218 @ 0x8089c0
AUTO: _ZN12NavEKF3_core12detectFlightEv @ 0x808a20
AUTO: _ZN12NavEKF3_core27setWindMagStateLearningModeEv @ 0x808ee0
AUTO: _ZN12NavEKF3_core28checkAttitudeAlignmentStatusEv @ 0x809780
AUTO: _ZN12NavEKF3_core13setAidingModeEv @ 0x809890
AUTO: _ZN12NavEKF3_core12setYawSourceEv @ 0x80a800
AUTO: _ZN12NavEKF3_core18checkGyroCalStatusEv @ 0x80a8d0
AUTO: _ZL3MINIttEDTqultfp_fp0_fp_fp0_ERKT_RKT0_ @ 0x80afb0
AUTO: _ZL7radiansd.5136 @ 0x80b030
AUTO: _ZN12NavEKF3_core19updateStateIndexLimEv @ 0x80b120
AUTO: _ZL2sqf.5384 @ 0x80b200
AUTO: _ZN12NavEKF3_core20update_gps_selectionEv @ 0x80b310
AUTO: _ZN12NavEKF3_core20update_mag_selectionEv @ 0x80b410
AUTO: _ZN12NavEKF3_core21update_baro_selectionEv @ 0x80b550
AUTO: _ZN12NavEKF3_core25update_airspeed_selectionEv @ 0x80b630
AUTO: _ZNK15AP_DAL_Airspeed11get_primaryEv @ 0xafd030
AUTO: _ZNK11AP_DAL_Baro11get_primaryEv @ 0xafd080
AUTO: _Z9fill_nanfPdt @ 0x80b740
AUTO: _ZNK17AP_InertialSensor20get_last_update_usecEv @ 0xafd140
AUTO: _ZNK17AP_InertialSensor16get_loop_delta_tEv @ 0xafd190
AUTO: _ZNK7AP_AHRS17get_vehicle_classEv @ 0xafd1e0
AUTO: _ZNK7AP_AHRS20get_takeoff_expectedEv @ 0xafd230
AUTO: _ZNK7AP_AHRS22get_touchdown_expectedEv @ 0xafd290
AUTO: _ZNK7AP_AHRS8get_trimEv @ 0xafd2f0
AUTO: _ZN2AP12wheelencoderEv @ 0x80bb60
AUTO: _ZNK7AP_AHRS43get_rotation_vehicle_body_to_autopilot_bodyEv @ 0xafd3a0
AUTO: _ZN21AP_DAL_InertialSensor11start_frameEv @ 0x80bba0
AUTO: _ZN11AP_DAL_Baro11start_frameEv @ 0x80be20
AUTO: _ZN10AP_DAL_GPS11start_frameEv @ 0x80bf90
AUTO: _ZN14AP_DAL_Compass11start_frameEv @ 0x80c390
AUTO: _ZN15AP_DAL_Airspeed11start_frameEv @ 0x80c5b0
AUTO: _ZN2AP6beaconEv @ 0x80cba0
AUTO: _ZN9AP_Beacon13get_singletonEv @ 0xafd4a0
AUTO: _ZNK11AP_Airspeed15get_num_sensorsEv @ 0xafd4e0
AUTO: _ZNK11AP_Airspeed14last_update_msEh @ 0xafd530
AUTO: _ZNK7Compass24auto_declination_enabledEv @ 0xafd5a0
AUTO: _ZNK7Compass15get_declinationEv @ 0x80d2f0
AUTO: _ZNK7Compass15get_num_enabledEv @ 0x80d350
AUTO: _ZNK7Compass16get_first_usableEv @ 0xafd610
AUTO: _ZNK7Compass17have_scale_factorEh @ 0x80d410
AUTO: _ZNK7Compass16last_update_usecEh @ 0xafd660
AUTO: _ZNK14typesafe_indexIh14TAG_StateIndexEgeERKh @ 0xafd6e0
AUTO: _ZNK7AP_Baro11get_primaryEv @ 0xafd750
AUTO: _ZNK7AP_Baro15get_last_updateEh @ 0xafd7a0
AUTO: _ZNK17AP_InertialSensor16get_loop_rate_hzEv @ 0xafd810
AUTO: _ZNK17AP_InertialSensor15get_delta_angleEhR7Vector3IfERf @ 0x80d550
AUTO: _ZN21AP_DAL_InertialSensor15update_filteredEh @ 0x80d720
AUTO: _ZNK17AP_InertialSensor18get_imu_pos_offsetEh @ 0xafd860
AUTO: _ZNK17AP_InertialSensor10_accel_posEh @ 0xafd8c0
AUTO: _ZN17AP_InertialSensor10_accel_posEh @ 0xafd920
AUTO: _ZN15AP_WheelEncoder13get_singletonEv @ 0xafd990
AUTO: _ZN7NavEKF212UpdateFilterEv @ 0x810760
AUTO: _ZNK12NavEKF2_core11getGyroBiasER7Vector3IfE @ 0x810d40
AUTO: _ZNK12NavEKF2_core21getFramesSincePredictEv @ 0x810e30
AUTO: _ZN12NavEKF2_core12UpdateFilterEb @ 0x810e90
AUTO: _ZN12NavEKF2_core18controlFilterModesEv @ 0x811090
AUTO: _ZN12NavEKF2_core11readIMUDataEv @ 0x811160
AUTO: _ZN12NavEKF2_core27UpdateStrapdownEquationsNEDEv @ 0x811980
AUTO: _ZN12NavEKF2_core20CovariancePredictionEv @ 0x811dc0
AUTO: _ZN12NavEKF2_core25runYawEstimatorPredictionEv @ 0x81b4d0
AUTO: _ZN12NavEKF2_core15SelectMagFusionEv @ 0x81b640
AUTO: _ZN12NavEKF2_core18SelectVelPosFusionEv @ 0x81ba90
AUTO: _ZN12NavEKF2_core25runYawEstimatorCorrectionEv @ 0x81c2a0
AUTO: _ZN12NavEKF2_core18SelectRngBcnFusionEv @ 0x81c3f0
AUTO: _ZN12NavEKF2_core16SelectFlowFusionEv @ 0x81c480
AUTO: _ZN12NavEKF2_core15SelectTasFusionEv @ 0x81c700
AUTO: _ZN12NavEKF2_core16SelectBetaFusionEv @ 0x81c820
AUTO: _ZN12NavEKF2_core18updateFilterStatusEv @ 0x81c9c0
AUTO: _ZN12NavEKF2_core16calcOutputStatesEv @ 0x81d3c0
AUTO: _ZNK12NavEKF2_core20assume_zero_sideslipEv @ 0x81e630
AUTO: _ZN12NavEKF2_core11readMagDataEv @ 0x81e6c0
AUTO: _ZN12NavEKF2_core11readGpsDataEv @ 0x81eba0
AUTO: _ZN12NavEKF2_core12readBaroDataEv @ 0x81f660
AUTO: _ZN16EKF_IMU_buffer_tIN12NavEKF2_core15output_elementsEEixEj @ 0xafed80
AUTO: _ZNK10AP_DAL_GPS22have_vertical_velocityEv @ 0xafedf0
AUTO: _ZNK12NavEKF2_core26CorrectGPSForAntennaOffsetERNS_12gps_elementsE @ 0x821780
AUTO: _ZL2sqf.20181 @ 0x821c00
AUTO: _ZNK11AP_DAL_Baro15get_last_updateEv @ 0xaff250
AUTO: _ZNK11AP_DAL_Baro12get_altitudeEv @ 0xaff2b0
AUTO: _ZL3MAXIddEDTqugtfp_fp0_fp_fp0_ERKT_RKT0_.20150 @ 0x821e70
AUTO: _ZN16EKF_obs_buffer_tIN12NavEKF2_core13baro_elementsEE4pushERKS1_ @ 0xaff310
AUTO: _ZNK10AP_DAL_GPS7get_lagERf @ 0xaff380
AUTO: _ZNK10AP_DAL_GPS8velocityEv @ 0xaff400
AUTO: _ZNK10AP_DAL_GPS14speed_accuracyERf @ 0xaff460
AUTO: _ZL3MAXIdfEDTqugtfp_fp0_fp_fp0_ERKT_RKT0_.20159 @ 0x821ef0
AUTO: _ZL3MINIdfEDTqultfp_fp0_fp_fp0_ERKT_RKT0_.20160 @ 0x821f90
AUTO: _ZL3MAXId9AP_ParamTIfL11ap_var_type4EEEDTqugtfp_fp0_fp_fp0_ERKT_RKT0_.20162 @ 0x822030
AUTO: _ZNK10AP_DAL_GPS19horizontal_accuracyERf @ 0xaff4e0
AUTO: _ZNK10AP_DAL_GPS17vertical_accuracyERf @ 0xaff560
AUTO: _ZNK10AP_DAL_GPS8num_satsEv @ 0xaff5e0
AUTO: _ZN12NavEKF2_core18calcGpsGoodToAlignEv @ 0x8220e0
AUTO: _ZN12NavEKF2_core20calcGpsGoodForFlightEv @ 0x822fd0
AUTO: _ZN16EKF_obs_buffer_tIN12NavEKF2_core12gps_elementsEE4pushERKS1_ @ 0xaff650
AUTO: _ZNK12NavEKF2_core14MagDeclinationEv @ 0x823510
AUTO: _ZN12NavEKF2_core15FuseDeclinationEd @ 0x8235f0
AUTO: _ZN12NavEKF2_core13ForceSymmetryEv @ 0x823fd0
AUTO: _ZN12NavEKF2_core18ConstrainVariancesEv @ 0x824120
AUTO: _ZL3MAXIddEDTqugtfp_fp0_fp_fp0_ERKT_RKT0_.20213 @ 0x824650
AUTO: _ZL3MINIdfEDTqultfp_fp0_fp_fp0_ERKT_RKT0_.20200 @ 0x8246d0
AUTO: _ZNK10AP_DAL_GPS8get_hdopEv @ 0xaff6c0
AUTO: _ZN12NavEKF2_core12mag_elementsC2Ev @ 0xaff730
AUTO: _ZN16EKF_obs_buffer_tIN12NavEKF2_core12mag_elementsEE4pushERKS1_ @ 0xaff790
AUTO: _ZN12NavEKF2_core17correctDeltaAngleER7Vector3IdEdh @ 0x824920
AUTO: _ZN12NavEKF2_core20correctDeltaVelocityER7Vector3IdEdh @ 0x824a30
AUTO: _ZN16EKF_IMU_buffer_tIN12NavEKF2_core12imu_elementsEE18get_youngest_indexEv @ 0xaff800
AUTO: _ZN16EKF_IMU_buffer_tIN12NavEKF2_core12imu_elementsEE16get_oldest_indexEv @ 0xaff860
AUTO: _ZN12NavEKF2_core15output_elementsC2Ev @ 0xaff8c0
AUTO: _ZNK12NavEKF2_core11useAirspeedEv @ 0x824ae0
AUTO: _ZN12NavEKF2_core14readAirSpdDataEv @ 0x828020
AUTO: _ZN12NavEKF2_core12FuseAirspeedEv @ 0x8281a0
AUTO: _ZL3MAXIdfEDTqugtfp_fp0_fp_fp0_ERKT_RKT0_.22305 @ 0x8298f0
AUTO: _ZNK15AP_DAL_Airspeed3useEv @ 0xaff940
AUTO: _ZNK15AP_DAL_Airspeed7healthyEv @ 0xaff9b0
AUTO: _ZNK15AP_DAL_Airspeed14last_update_msEv @ 0xaffa20
AUTO: _ZNK15AP_DAL_Airspeed12get_airspeedEv @ 0xaffa80
AUTO: _ZN16EKF_obs_buffer_tIN12NavEKF2_core12tas_elementsEE4pushERKS1_ @ 0xaffae0
AUTO: _ZN16EKF_obs_buffer_tIN12NavEKF2_core12tas_elementsEE6recallERS1_j @ 0xaffb50
AUTO: _ZN12NavEKF2_core14readRngBcnDataEv @ 0x82f990
AUTO: _ZN16EKF_obs_buffer_tIN12NavEKF2_core16ext_nav_elementsEE6recallERS1_j @ 0xaffcc0
AUTO: _ZN16EKF_obs_buffer_tIN12NavEKF2_core20ext_nav_vel_elementsEE6recallERS1_j @ 0xaffd40
AUTO: _ZN16EKF_obs_buffer_tIN12NavEKF2_core12gps_elementsEE6recallERS1_j @ 0xaffdc0
AUTO: _ZN12NavEKF2_core18controlMagYawResetEv @ 0x833c10
AUTO: _ZN12NavEKF2_core13realignYawGPSEv @ 0x835b70
AUTO: _ZN12NavEKF2_core21selectHeightForFusionEv @ 0x835df0
AUTO: _ZN12NavEKF2_core13FuseVelPosNEDEv @ 0x837130
AUTO: _ZL3MAXIdfEDTqugtfp_fp0_fp_fp0_ERKT_RKT0_.20190 @ 0x838e40
AUTO: _ZN12NavEKF2_core15readRangeFinderEv @ 0x838ee0
AUTO: _ZN16EKF_obs_buffer_tIN12NavEKF2_core14range_elementsEE6recallERS1_j @ 0xaffe40
AUTO: _ZN16EKF_obs_buffer_tIN12NavEKF2_core13baro_elementsEE6recallERS1_j @ 0xaffec0
AUTO: _ZL3MAXIddEDTqugtfp_fp0_fp_fp0_ERKT_RKT0_.20133 @ 0x8398e0
AUTO: _ZL3MAXIdfEDTqugtfp_fp0_fp_fp0_ERKT_RKT0_.20138 @ 0x839a90
AUTO: _ZN16EKF_obs_buffer_tIN12NavEKF2_core12mag_elementsEE6recallERS1_j @ 0xafffb0
AUTO: _ZN12NavEKF2_core16FuseMagnetometerEv @ 0x83a080
AUTO: _ZN12NavEKF2_core17MagTableConstrainEv @ 0x83fb70
AUTO: _ZN12NavEKF2_core15CopyCovariancesEv @ 0x83fca0
AUTO: _ZN12NavEKF2_core15ConstrainStatesEv @ 0x83fd90
AUTO: _ZL3MAXIddEDTqugtfp_fp0_fp_fp0_ERKT_RKT0_.20258 @ 0x8401c0
AUTO: _ZN12NavEKF2_core19learnInactiveBiasesEv @ 0x840240
AUTO: _ZN12NavEKF2_core17readDeltaVelocityEhR7Vector3IdERd @ 0x840710
AUTO: _ZN12NavEKF2_core14readDeltaAngleEhR7Vector3IdERd @ 0x840880
AUTO: _ZN16EKF_IMU_buffer_tIN12NavEKF2_core12imu_elementsEE21push_youngest_elementES1_ @ 0xb00030
AUTO: _ZN16EKF_IMU_buffer_tIN12NavEKF2_core12imu_elementsEE18get_oldest_elementEv @ 0xb00090
AUTO: _ZN12NavEKF2_core22updateTimingStatisticsEv @ 0x8409f0
AUTO: _ZL3MAXIfdEDTqugtfp_fp0_fp_fp0_ERKT_RKT0_.20157 @ 0x840ca0
AUTO: _ZL3MINIfdEDTqultfp_fp0_fp_fp0_ERKT_RKT0_.20158 @ 0x840d40
AUTO: _ZN12NavEKF2_core12imu_elementsC2Ev @ 0xb00110
AUTO: _ZL7radiansi.20161 @ 0x840de0
AUTO: _ZN12NavEKF2_core12detectFlightEv @ 0x840e40
AUTO: _ZN12NavEKF2_core27setWindMagStateLearningModeEv @ 0x8412e0
AUTO: _ZN12NavEKF2_core28checkAttitudeAlignmentStatusEv @ 0x841980
AUTO: _ZN12NavEKF2_core13setAidingModeEv @ 0x841af0
AUTO: _ZL3MINIttEDTqultfp_fp0_fp_fp0_ERKT_RKT0_.20103 @ 0x8429d0
AUTO: _ZNK12NavEKF2_core16effective_magCalEv @ 0x842af0
AUTO: _ZN16AP_AHRS_External6updateEv @ 0x843550
AUTO: _ZN16AP_AHRS_External11get_resultsERN15AP_AHRS_Backend9EstimatesE @ 0x8435a0
AUTO: _ZN7AP_AHRS37copy_estimates_from_backend_estimatesERKN15AP_AHRS_Backend9EstimatesE @ 0x8437f0
AUTO: _ZN15AP_ExternalAHRS6updateEv @ 0x843ad0
AUTO: _ZL7degreesf.11297 @ 0x843e00
AUTO: _ZN11AP_AHRS_SIM6updateEv @ 0xb00d40
AUTO: _ZN11AP_AHRS_SIM11get_resultsERN15AP_AHRS_Backend9EstimatesE @ 0x843e50
AUTO: _ZN11AP_AHRS_DCM6updateEv @ 0x844a30
AUTO: _ZN11AP_AHRS_DCM11get_resultsERN15AP_AHRS_Backend9EstimatesE @ 0x844d50
AUTO: _ZN11AP_AHRS_DCM13matrix_updateEv @ 0x844e70
AUTO: _ZN11AP_AHRS_DCM9normalizeEv @ 0x8450c0
AUTO: _ZN11AP_AHRS_DCM16drift_correctionEf @ 0x8452e0
AUTO: _ZN11AP_AHRS_DCM12check_matrixEv @ 0x846640
AUTO: _ZN11AP_AHRS_DCM15backup_attitudeEv @ 0x846740
AUTO: _ZNK11AP_AHRS_DCM12get_error_rpEv @ 0xb00e00
AUTO: _ZNK11AP_AHRS_DCM13get_error_yawEv @ 0xb00e50
AUTO: _ZN7Matrix3IfE6is_nanEv @ 0xb00ea0
AUTO: _ZN11AP_AHRS_DCM20drift_correction_yawEv @ 0x846c30
AUTO: _ZNK7Matrix3IfE4colxEv @ 0xb00f40
AUTO: _ZNK6AP_GPS16last_fix_time_msEv @ 0xb00fb0
AUTO: _ZL3MAXIfiEDTqugtfp_fp0_fp_fp0_ERKT_RKT0_.2600 @ 0x847150
AUTO: _ZNK11AP_AHRS_DCM26should_correct_centrifugalEv @ 0x8471f0
AUTO: _ZN11AP_AHRS_DCM10ra_delayedEhRK7Vector3IfE @ 0x847240
AUTO: _ZNK17AP_InertialSensor7healthyEv @ 0xb01010
AUTO: _ZN11AP_AHRS_DCM7_P_gainEf @ 0x847340
AUTO: _ZNK11AP_AHRS_DCM14use_fast_gainsEv @ 0x847420
AUTO: _ZL7radiansi.2601 @ 0x8474b0
AUTO: _ZNK17AP_InertialSensor19get_gyro_drift_rateEv @ 0xb01090
AUTO: _ZNK17AP_InertialSensor15get_gyro_healthEv @ 0xb010e0
AUTO: _ZNK17AP_InertialSensor16get_accel_healthEv @ 0xb01140
AUTO: _ZNK7Compass16last_update_usecEv @ 0xb011a0
AUTO: _ZN7Compass4readEv @ 0x847510
AUTO: _ZN11AP_AHRS_DCM17yaw_error_compassER7Compass @ 0x8478e0
AUTO: _ZNK11AP_AHRS_DCM9_yaw_gainEv @ 0x847a60
AUTO: _ZNK7Matrix3IfE5mulXYERK7Vector3IfE @ 0xb01200
AUTO: _ZNK7Vector2IfErmERKS0_ @ 0xb012d0
AUTO: _ZN7Compass15_detect_runtimeEv @ 0x847c10
AUTO: _ZN9AP_Logger13Write_CompassEv @ 0x847f40
AUTO: _ZN19RestrictIDTypeArrayI9AP_ParamTIaL11ap_var_type1EELj3E14typesafe_indexIh12TAG_PriorityEEixERKS5_ @ 0xb01350
AUTO: _ZN9AP_Logger22Write_Compass_instanceEmh @ 0x847fe0
AUTO: _ZNK7Compass17get_motor_offsetsEh @ 0xb013d0
AUTO: _ZN18AP_Compass_Backend25drain_accumulated_samplesEhPK7Vector3IfE @ 0x849f10
AUTO: _ZN18AP_Compass_Backend22publish_filtered_fieldERK7Vector3IfEh @ 0x84a090
AUTO: _ZN11AP_AHRS_DCM6renormERK7Vector3IfERS1_ @ 0x84a150
AUTO: _ZNK17AP_InertialSensor15get_delta_angleER7Vector3IfERf @ 0xb01c50
AUTO: _ZNK7Vector3IfEeqERKS0_ @ 0xb01ce0
AUTO: _ZNK14AP_Logger_File17recent_open_errorEv @ 0x84a500
AUTO: _ZNK14AP_Logger_File15io_thread_aliveEv @ 0x84a590
AUTO: _ZN14AP_Logger_File16disk_space_availEv @ 0x84a920
AUTO: _ZL3MINIjjEDTqultfp_fp0_fp_fp0_ERKT_RKT0_.6871 @ 0x84aa00
AUTO: _ZN13AP_Filesystem17bytes_until_fsyncEi @ 0x84aa80
AUTO: _ZN13AP_Filesystem9disk_freeEPKc @ 0x84ab00
AUTO: _ZN2AP4rssiEv @ 0x851d40
AUTO: _ZNK7AP_RSSI7enabledEv @ 0xb02590
AUTO: _ZN7AP_RSSI13get_singletonEv @ 0x852570
AUTO: _ZN13AP_CANManager20check_logging_enableEv @ 0x853530
AUTO: _ZN7FunctorIvJEE14method_wrapperI13AP_CANManagerXadL_ZNS2_20check_logging_enableEvEEEEvPv @ 0xb02bc0
AUTO: _ZNK13AP_CANManager15CANIface_Params13option_is_setENS0_7OptionsE @ 0xb02c70
AUTO: _ZN9AP_Logger13Write_MessageEPKc @ 0x85e120
AUTO: _ZNK6AP_GPS20last_message_time_msEv @ 0xb0cc70
AUTO: _ZNK22AP_BattMonitor_Backend13option_is_setEN21AP_BattMonitor_Params7OptionsE @ 0xb14c60
AUTO: _ZN22AP_BattMonitor_Backend15update_consumedERN14AP_BattMonitor17BattMonitor_StateEj @ 0x875960
AUTO: _ZN22AP_BattMonitor_Backend13calculate_mahEff @ 0xb14cf0
AUTO: _ZN18AP_Compass_Backend17accumulate_sampleER7Vector3IfEhj @ 0x877c70
AUTO: _ZN18AP_Compass_Backend12rotate_fieldER7Vector3IfEh @ 0x877df0
AUTO: _ZN18AP_Compass_Backend17publish_raw_fieldERK7Vector3IfEh @ 0x877ee0
AUTO: _ZN18AP_Compass_Backend13correct_fieldER7Vector3IfEh @ 0x877ff0
AUTO: _ZN18AP_Compass_Backend8field_okERK7Vector3IfE @ 0x8783f0
AUTO: _ZNK7Compass16get_filter_rangeEv @ 0xb17010
AUTO: _ZNK16Compass_PerMotor7enabledEv @ 0xb17070
AUTO: _ZN7Compass13_get_priorityE14typesafe_indexIh14TAG_StateIndexE @ 0xb170e0
AUTO: _ZN14AP_GPS_Backend15set_alt_amsl_cmERN6AP_GPS9GPS_StateEi @ 0x87cac0
AUTO: _ZN16JitterCorrection31correct_offboard_timestamp_usecEmm @ 0x87ccd0
AUTO: _ZNK14AP_GPS_Backend10option_setEN6AP_GPS13DriverOptionsE @ 0xb1a270
AUTO: _ZNK6AP_GPS10option_setENS_13DriverOptionsE @ 0xb1a2e0
AUTO: _ZN6AP_RTC12set_utc_usecEmNS_11source_typeE @ 0x87d740
AUTO: _ZN10RC_Channel9set_rangeEt @ 0x87faf0
AUTO: _ZNK11GCS_MAVLINK14option_enabledENS_6OptionE @ 0xb1c770
AUTO: _ZNK16AP_SerialManager9UARTState12get_protocolEv @ 0xb1c7f0
AUTO: _ZN2AP8PerfInfo13set_loop_rateEt @ 0x88fde0
AUTO: _ZN2AP8PerfInfo5resetEv @ 0x88fea0
AUTO: _ZN3GCS10send_textvE12MAV_SEVERITYPKcP13__va_list_tagh @ 0x8904d0
AUTO: _ZNK3GCS43min_loop_time_remaining_for_message_send_usEv @ 0xb1ce30
AUTO: _ZNK3GCS19vehicle_initialisedEv @ 0xb1ce80
AUTO: _ZL3MINImmEDTqultfp_fp0_fp_fp0_ERKT_RKT0_.7320 @ 0x8909e0
AUTO: _ZN11ObjectArrayIN3GCS12statustext_tEE10push_forceERKS1_ @ 0xb1d010
AUTO: _ZN2AP11frsky_telemEv @ 0x890a60
AUTO: _ZN2AP14spektrum_telemEv @ 0x890aa0
AUTO: _ZN9AP_Notify9send_textEPKc @ 0x890ae0
AUTO: _ZN17AP_Spektrum_Telem13get_singletonEv @ 0xb1d150
AUTO: _ZN14AP_Frsky_Telem13get_singletonEv @ 0xb1d190
AUTO: _ZNK11ObjectArrayIN3GCS12statustext_tEE5spaceEv @ 0xb1d1d0
AUTO: _ZN11ObjectArrayIN3GCS12statustext_tEE4pushERKS1_ @ 0xb1d230
AUTO: _ZN5Plane8set_modeEh10ModeReason @ 0x890b80
AUTO: _ZNK5Plane29current_mode_requires_missionEv @ 0xb1d500
AUTO: _ZNK5Plane17get_wp_distance_mERf @ 0x891920
AUTO: _ZNK5Plane18get_wp_bearing_degERf @ 0x891a40
AUTO: _ZNK5Plane25get_wp_crosstrack_error_mERf @ 0x891b70
AUTO: _ZN5Plane20set_control_channelsEv @ 0x893010
AUTO: _ZN5Plane18fence_checks_asyncEv @ 0x893300
AUTO: _ZN6AP_HAL15timeout_expiredIjjjEEbT_T0_T1_ @ 0xb1d620
AUTO: _ZN8AC_Fence5checkEb @ 0x8934e0
AUTO: _ZN8AC_Fence19clear_margin_breachEh @ 0x8938f0
AUTO: _ZN10RC_Channel9set_angleEt @ 0x894630
AUTO: _ZNK5Plane19have_reverse_thrustEv @ 0x8946a0
AUTO: _ZN12SRV_Channels19set_esc_scaling_forEN11SRV_Channel8FunctionE @ 0x894710
AUTO: _ZN6AP_HAL8RCOutput15set_esc_scalingEtt @ 0xb1d770
AUTO: _ZN8AP_Param15save_io_handlerEv @ 0x895350
AUTO: _ZN7FunctorIvJEE14method_wrapperI8AP_ParamXadL_ZNS2_15save_io_handlerEvEEEEvPv @ 0xb1d920
AUTO: _ZN15ObjectBuffer_TSIN8AP_Param10param_saveEE3popERS1_ @ 0xb1d9d0
AUTO: _ZN5Plane11notify_modeERK4Mode @ 0x895de0
AUTO: _ZN5Plane3gcsEv @ 0xb1db70
AUTO: _ZL21failsafe_check_staticv @ 0x899cd0
AUTO: _ZN9QuadPlane5setupEv @ 0x899d10
AUTO: _ZN5Plane8set_modeER4Mode10ModeReason @ 0x89aa50
AUTO: _ZN3GCS16sysid_mygcs_seenEj @ 0xb1dda0
AUTO: _ZN5Plane18set_mode_by_numberEN4Mode6NumberE10ModeReason @ 0x89b270
AUTO: _ZNK7Vector2IfEdvEf @ 0xb1fbb0
AUTO: _ZN10RC_Channel16read_mode_switchEv @ 0x8a2630
AUTO: _ZN10RC_Channel16read_6pos_switchERa @ 0x8a26b0
AUTO: _ZN10RC_Channel18debounce_completedEa @ 0x8a2810
AUTO: _ZN5Plane18mode_from_mode_numEN4Mode6NumberE @ 0x8a2900
AUTO: _ZN12SRV_Channels17enable_aux_servosEv @ 0x8a2c00
AUTO: _ZN5Plane13servos_outputEv @ 0x8a2e40
AUTO: _ZN5Plane22servos_twin_engine_mixEv @ 0x8a30f0
AUTO: _ZNK5Plane22channel_function_mixerEN11SRV_Channel8FunctionES1_S1_S1_ @ 0x8a33b0
AUTO: _ZN10Tailsitter6outputEv @ 0x8a35c0
AUTO: _ZN9Tiltrotor15bicopter_outputEv @ 0x8a4a30
AUTO: _ZN5Plane11force_flareEv @ 0x8a4cf0
AUTO: _ZN5Plane15dspoiler_updateEv @ 0x8a4f60
AUTO: _ZN5Plane38landing_neutral_control_surface_servosEv @ 0x8a54d0
AUTO: _ZN12SRV_Channels8calc_pwmEv @ 0x8a5840
AUTO: _ZN12SRV_Channels13output_ch_allEv @ 0x8a5a60
AUTO: _ZNK12SRV_Channels17auto_trim_enabledEv @ 0xb204b0
AUTO: _ZNK16AP_FW_Controller12get_pid_infoEv @ 0xb20520
AUTO: _ZNK10AP_Landing23get_then_servos_neutralEv @ 0xb20570
AUTO: _ZN12SRV_Channels30get_slew_limited_output_scaledEN11SRV_Channel8FunctionE @ 0x8a6550
AUTO: _ZNK9QuadPlane18in_frwd_transitionEv @ 0x8a6660
AUTO: _ZN19AP_AdvancedFailsafe20should_crash_vehicleEv @ 0x8a7080
AUTO: _ZN5Plane24relative_ground_altitudeE14RangeFinderUse @ 0x8a7950
AUTO: _ZN5Plane24relative_ground_altitudeE14RangeFinderUseb @ 0x8a79c0
AUTO: _ZN5Plane17get_external_HAGLERf @ 0x8a7bd0
AUTO: _ZNK5Plane15rangefinder_useE14RangeFinderUse @ 0x8a7ca0
AUTO: _ZNK5Plane23rangefinder_orientationEv @ 0xb20960
AUTO: _ZN5Plane20adjusted_altitude_cmEv @ 0x8a7ec0
AUTO: _ZN5Plane18mission_alt_offsetEv @ 0x8a7f40
AUTO: _ZN6AC_PID12reset_filterEv @ 0xb20e40
AUTO: _ZN11AP_SystemID4stopEv @ 0x8aa740
AUTO: _ZN5Plane10should_logEj @ 0x8aaec0
AUTO: _ZNK7AP_EnumI11StickMixingEcvKS0_Ev @ 0xb21c20
AUTO: _ZN10Tailsitter6activeEv @ 0x8acaf0
AUTO: _ZNK5Plane16get_speed_scalerEv @ 0xb21d90
AUTO: _ZL7degreesf.12 @ 0x8adb20
AUTO: _ZN6AC_PID7reset_IEv @ 0x8add20
AUTO: _ZN9AP_Logger10Write_ModeEh10ModeReason @ 0x8ae860
AUTO: _ZN17AP_Logger_Backend10Write_ModeEh10ModeReason @ 0x8ae9f0
AUTO: _ZN7AP_AHRS15set_fly_forwardEb @ 0xb220b0
AUTO: _ZN7AP_Baro6updateEv @ 0x8afc80
AUTO: _ZNK7AP_Baro7healthyEv @ 0xb22230
AUTO: _ZN15AP_Baro_Backend14backend_updateEh @ 0x8b03a0
AUTO: _ZN7AP_Baro24wind_pressure_correctionEh @ 0x8b0420
AUTO: _ZNK7AP_Baro15get_last_updateEv @ 0xb22290
AUTO: _ZN16DerivativeFilterIfLh7EE6updateEfj @ 0xb222f0
AUTO: _ZN7AP_Baro22update_field_elevationEv @ 0x8b0760
AUTO: _ZNK7AP_Baro10should_logEv @ 0x8b09e0
AUTO: _ZN7AP_Baro10Write_BaroEv @ 0x8b0a90
AUTO: _ZN7AP_Baro19Write_Baro_instanceEmh @ 0x8b0b20
AUTO: _ZNK7AP_Baro21get_baro_drift_offsetEv @ 0xb223d0
AUTO: _ZNK7AP_Baro22get_ground_temperatureEv @ 0x8b0d40
AUTO: _ZNK7AP_Baro22get_corrected_pressureEh @ 0xb22420
AUTO: _ZN16FilterWithBufferIfLh7EE5applyEf @ 0xb22500
AUTO: _ZN17AP_InertialSensor12_gyro_offsetEh @ 0xb23a60
AUTO: _ZN17AP_InertialSensor12caltemp_gyroEh @ 0xb23ad0
AUTO: _ZN22AP_InertialSensor_SITL6updateEv @ 0x8b2f30
AUTO: _ZN25AP_InertialSensor_Backend10accumulateEv @ 0xb23bf0
AUTO: _ZN25AP_InertialSensor_Backend11set_primaryEb @ 0xb23dc0
AUTO: _ZNK25AP_InertialSensor_Backend21_gyro_raw_sample_rateEh @ 0xb23e10
AUTO: _ZN22AP_InertialSensor_SITL12timer_updateEv @ 0x8b36b0
AUTO: _ZN7FunctorIvJEE14method_wrapperI22AP_InertialSensor_SITLXadL_ZNS2_12timer_updateEvEEEEvPv @ 0xb23ee0
AUTO: _ZN22AP_InertialSensor_SITL14generate_accelEv @ 0x8b3b80
AUTO: _ZN22AP_InertialSensor_SITL13generate_gyroEv @ 0x8b4b60
AUTO: _ZNK25AP_InertialSensor_Backend20enable_fast_samplingEh @ 0xb23f90
AUTO: _ZNK22AP_InertialSensor_SITL10gyro_driftEv @ 0x8b55c0
AUTO: _ZL7radiansd.19672 @ 0x8b57c0
AUTO: _ZL7radiansf.19673 @ 0x8b5810
AUTO: _ZN22AP_InertialSensor_SITL15get_temperatureEv @ 0x8b58f0
AUTO: _ZNK22AP_InertialSensor_TCal15sitl_apply_gyroEfR7Vector3IfE @ 0x8b5a90
AUTO: _ZN25AP_InertialSensor_Backend35_notify_new_gyro_sensor_rate_sampleEhRK7Vector3IfE @ 0x8b5b70
AUTO: _ZN25AP_InertialSensor_Backend24_rotate_and_correct_gyroEhR7Vector3IfE @ 0x8b5d70
AUTO: _ZN25AP_InertialSensor_Backend27_notify_new_gyro_raw_sampleEhRK7Vector3IfEm @ 0x8b5f00
AUTO: _ZNK25AP_InertialSensor_Backend15has_been_killedEh @ 0xb24020
AUTO: _ZNK25AP_InertialSensor_Backend19_update_sensor_rateERtRjRf @ 0x8b65a0
AUTO: _ZN25AP_InertialSensor_Backend18apply_gyro_filtersEhRK7Vector3IfE @ 0x8b6770
AUTO: _ZN25AP_InertialSensor_Backend12log_gyro_rawEhmRK7Vector3IfES3_ @ 0x8b6b30
AUTO: _ZN25AP_InertialSensor_Backend14update_primaryEv @ 0x8b6dc0
AUTO: _ZNK17AP_InertialSensor22raw_logging_option_setENS_18RAW_LOGGING_OPTIONE @ 0xb240a0
AUTO: _ZNK25AP_InertialSensor_Backend18should_log_imu_rawEv @ 0x8b6ea0
AUTO: _ZNK17AP_InertialSensor12BatchSampler25doing_sensor_rate_loggingEv @ 0xb24120
AUTO: _ZNK17AP_InertialSensor12BatchSampler25doing_post_filter_loggingEv @ 0xb24180
AUTO: _ZN17AP_InertialSensor12BatchSampler6sampleEhNS_15IMU_SENSOR_TYPEEmRK7Vector3IfE @ 0x8b70b0
AUTO: _ZN17AP_InertialSensor12BatchSampler10should_logEhNS_15IMU_SENSOR_TYPEE @ 0x8b7200
AUTO: _ZN25AP_InertialSensor_Backend16save_gyro_windowEhRK7Vector3IfEh @ 0x8b7340
AUTO: _ZN15LowPassFilter2pI7Vector3IfEE5applyERKS1_ @ 0xb24460
AUTO: _ZN19DigitalBiquadFilterI7Vector3IfEE5applyERKS1_RKNS2_13biquad_paramsE @ 0xb245b0
AUTO: _ZNK25AP_InertialSensor_Backend18sensors_convergingEv @ 0x8b7600
AUTO: _ZNK22AP_InertialSensor_TCal12correct_gyroEffR7Vector3IfE @ 0x8b7730
AUTO: _ZNK22AP_InertialSensor_TCal14correct_sensorEffPK9AP_ParamVI7Vector3IfEL11ap_var_type5EERS2_ @ 0x8b77d0
AUTO: _ZNK22AP_InertialSensor_TCal15polynomial_evalEfPK9AP_ParamVI7Vector3IfEL11ap_var_type5EE @ 0x8b79e0
AUTO: _ZNK22AP_InertialSensor_TCal16sitl_apply_accelEfR7Vector3IfE @ 0x8ba990
AUTO: _ZN25AP_InertialSensor_Backend36_notify_new_accel_sensor_rate_sampleEhRK7Vector3IfE @ 0x8baa70
AUTO: _ZN25AP_InertialSensor_Backend25_rotate_and_correct_accelEhR7Vector3IfE @ 0x8bac70
AUTO: _ZN25AP_InertialSensor_Backend28_notify_new_accel_raw_sampleEhRK7Vector3IfEmb @ 0x8bae90
AUTO: _ZN25AP_InertialSensor_Backend20_publish_temperatureEhf @ 0x8bb440
AUTO: _ZN17AP_InertialSensor27calc_vibration_and_clippingEhRK7Vector3IfEf @ 0x8bb4e0
AUTO: _ZN17AP_InertialSensor19set_accel_peak_holdEhRK7Vector3IfE @ 0x8bb760
AUTO: _ZN25AP_InertialSensor_Backend13log_accel_rawEhmRK7Vector3IfE @ 0x8bb840
AUTO: _ZNK25AP_InertialSensor_Backend14get_clip_limitEv @ 0xb255d0
AUTO: _ZN13LowPassFilterI7Vector3IfEE5applyERKS1_RKf @ 0xb25620
AUTO: _ZN10DigitalLPFI7Vector3IfEE6_applyERKS1_RKf @ 0xb256e0
AUTO: _ZNK22AP_InertialSensor_TCal13correct_accelEffR7Vector3IfE @ 0x8bbc20
AUTO: _ZN25AP_InertialSensor_Backend12update_accelEh @ 0x8bc0a0
AUTO: _ZN25AP_InertialSensor_Backend11update_gyroEh @ 0x8bc1c0
AUTO: _ZN25AP_InertialSensor_Backend13_publish_gyroEhRK7Vector3IfE @ 0x8bc320
AUTO: _ZN25AP_InertialSensor_Backend19update_gyro_filtersEh @ 0x8bc490
AUTO: _ZNK25AP_InertialSensor_Backend19_gyro_filter_cutoffEv @ 0xb259b0
AUTO: _ZN25AP_InertialSensor_Backend14_publish_accelEhRK7Vector3IfE @ 0x8bc8d0
AUTO: _ZN25AP_InertialSensor_Backend20update_accel_filtersEh @ 0x8bcb00
AUTO: _ZNK25AP_InertialSensor_Backend20_accel_filter_cutoffEv @ 0xb25c90
AUTO: _ZNK5Plane16gcs_mode_enabledEN4Mode6NumberE @ 0x8be870
AUTO: _ZN4Mode5enterEv @ 0x8be8f0
AUTO: _ZN4Mode4exitEv @ 0x8bed90
AUTO: _ZN5Plane16autotune_restoreEv @ 0x8bee10
AUTO: _ZN16AP_FW_Controller16autotune_restoreEv @ 0x8beed0
AUTO: _ZN16AP_YawController16autotune_restoreEv @ 0x8bef40
AUTO: _ZN7Vector3IiE4zeroEv @ 0xb26270
AUTO: _ZN9AP_Camera16set_is_auto_modeEb @ 0xb262d0
AUTO: _ZN9QuadPlane10mode_enterEv @ 0x8bf6b0
AUTO: _ZN7AP_ADSB16set_is_auto_modeEb @ 0xb26330
AUTO: _ZN18AP_SteerController7reset_IEv @ 0x8bf7f0
AUTO: _ZN5Plane16control_failsafeEv @ 0x8bf840
AUTO: _ZN8AC_Fence21manual_recovery_startEv @ 0x8bfc40
AUTO: _ZN5Plane19update_flight_stageEv @ 0x8bfcd0
AUTO: _ZN10AP_Landing5resetEv @ 0x8bffb0
AUTO: _ZNK5Plane18get_throttle_inputEb @ 0x8c0830
AUTO: _ZNK7AP_AHRS21using_airspeed_sensorEv @ 0x8c0990
AUTO: _ZNK10RC_Channel15pwm_to_range_dzEt @ 0x8c0bc0
AUTO: _ZNK10RC_Channel15pwm_to_angle_dzEt @ 0x8c0d60
AUTO: _ZNK10RC_Channel20pwm_to_angle_dz_trimEtt @ 0x8c0df0
AUTO: _ZN5Plane16set_flight_stageEN12AP_FixedWing11FlightStageE @ 0x8c1040
AUTO: _ZN5Plane16Log_Write_StatusEv @ 0x8c19b0
AUTO: _ZN17AP_InertialSensor8is_stillEv @ 0x8c1ac0
AUTO: _ZNK5Plane18rc_failsafe_activeEv @ 0x8c1bd0
AUTO: _ZNK5Plane20rc_throttle_value_okEv @ 0x8c1c70
AUTO: _ZNK10AP_Vehicle21block_GCS_mode_changeEhPKhh @ 0x8c1d90
AUTO: _ZN7AP_TECS16set_throttle_minEfb @ 0x8c6830
AUTO: _ZN6AC_PID10update_allEfffbf @ 0x8c85b0
AUTO: _ZNK6AC_PID6get_ffEv @ 0x8c8bc0
AUTO: _ZNK6AC_PID16get_filt_T_alphaEf @ 0x8c8c20
AUTO: _ZNK6AC_PID16get_filt_E_alphaEf @ 0x8c8ca0
AUTO: _ZNK6AC_PID16get_filt_D_alphaEf @ 0x8c8d20
AUTO: _ZN6AC_PID8update_iEfb @ 0x8c8da0
AUTO: _ZN11SlewLimiter8modifierEff @ 0x8c8fa0
AUTO: _ZNK11SlewLimiter13get_slew_rateEv @ 0xb27940
AUTO: _ZL3MINIjjEDTqultfp_fp0_fp_fp0_ERKT_RKT0_.20424 @ 0x8c9520
AUTO: _ZNK6AC_PID5get_iEv @ 0x8c95a0
AUTO: _ZN5Plane22calc_altitude_error_cmEv @ 0x8ca720
AUTO: _ZL3MAXIffEDTqugtfp_fp0_fp_fp0_ERKT_RKT0_.12726 @ 0x8ca800
AUTO: _ZN5Plane12fly_invertedEv @ 0x8cc6c0
AUTO: _ZNK7Vector2IfE10normalizedEv @ 0xb286a0
AUTO: _ZN6AC_PID21set_notch_sample_rateEf @ 0x8ded20
AUTO: _ZN5Plane14failsafe_checkEv @ 0x8ea080
AUTO: _ZN11RC_Channels10read_inputEv @ 0x8ea3a0
AUTO: _ZN5Plane15flaperon_updateEv @ 0x8eaba0
AUTO: _ZN11GCS_MAVLINK21send_servo_output_rawEv @ 0x8eac90
AUTO: _ZL33mavlink_msg_servo_output_raw_send17mavlink_channel_tjhtttttttttttttttt @ 0x8eb0b0
AUTO: _ZN12SRV_Channels13set_slew_rateEN11SRV_Channel8FunctionEftf @ 0x8eb380
AUTO: _ZN12SRV_Channels9slew_listC2EN11SRV_Channel8FunctionE @ 0xb2b970
AUTO: _ZN10RC_Channel6updateEv @ 0x8ecc30
AUTO: _ZN11RC_Channels23rudder_arm_disarm_checkEv @ 0x8ecda0
AUTO: _ZNK10RC_Channel12pwm_to_rangeEv @ 0x8ecfa0
AUTO: _ZNK10RC_Channel12pwm_to_angleEv @ 0x8ed010
AUTO: _ZNK7AP_AHRS18get_yaw_rate_earthEv @ 0xb30ba0
AUTO: _ZNK12NavEKF3_core9getMagXYZER7Vector3IfE @ 0x917a40
AUTO: _ZNK12NavEKF2_core9getMagXYZER7Vector3IfE @ 0x917af0
AUTO: _ZNK12NavEKF3_core9getMagNEDER7Vector3IfE @ 0x917cc0
AUTO: _ZNK12NavEKF2_core9getMagNEDER7Vector3IfE @ 0x917d70
AUTO: _ZNK7AP_AHRS9cos_pitchEv @ 0xb30da0
AUTO: _ZNK7AP_AHRS8cos_rollEv @ 0xb30e40
AUTO: _ZNK14AP_GPS_Backend32supports_mavlink_gps_rtk_messageEv @ 0xb31110
AUTO: _ZNK14AP_GPS_Blended7get_lagERf @ 0x91a030
AUTO: _ZN15AP_Compass_SITL6_timerEv @ 0x91bc20
AUTO: _ZN7FunctorIvJEE14method_wrapperI15AP_Compass_SITLXadL_ZNS2_6_timerEvEEEEvPv @ 0xb319a0
AUTO: _Z10rand_vec3fv @ 0x91c150
AUTO: _ZN7VectorNIN15AP_Compass_SITL16readings_compassELh50EEixEh @ 0xb31a50
AUTO: _ZN15AP_Compass_SITL26_setup_eliptical_correcionEh @ 0x91c1d0
AUTO: _ZNK18AP_Compass_Backend21get_board_orientationEv @ 0x91c400
AUTO: _ZN15AP_Compass_SITL4readEv @ 0x91c450
AUTO: _ZNK22AP_BattMonitor_Backend17has_cell_voltagesEv @ 0xb33030
AUTO: _ZNK22AP_BattMonitor_Backend15has_temperatureEv @ 0xb33080
AUTO: _ZNK22AP_BattMonitor_Backend15get_temperatureERf @ 0x91fd40
AUTO: _ZNK22AP_BattMonitor_Backend22capacity_remaining_pctERh @ 0x91fe00
AUTO: _ZN22AP_BattMonitor_Backend26update_resistance_estimateEv @ 0x91ff80
AUTO: _ZN22AP_BattMonitor_Backend16update_failsafesEv @ 0x9202d0
AUTO: _ZNK22AP_BattMonitor_Backend25get_mavlink_fault_bitmaskEv @ 0xb33130
AUTO: _ZL3MINIifEDTqultfp_fp0_fp_fp0_ERKT_RKT0_.19314 @ 0x9205f0
AUTO: _ZL3MINIffEDTqultfp_fp0_fp_fp0_ERKT_RKT0_.19315 @ 0x920690
AUTO: _ZN21AP_BattMonitor_Analog4readEv @ 0x922290
AUTO: _ZNK21AP_BattMonitor_Analog19has_consumed_energyEv @ 0xb33e20
AUTO: _ZNK21AP_BattMonitor_Analog11has_currentEv @ 0x922490
AUTO: _ZN15AP_Baro_Backend17_copy_to_frontendEhff @ 0x93c0a0
AUTO: _ZN12AP_Baro_SITL6_timerEv @ 0x93d330
AUTO: _ZN7FunctorIvJEE14method_wrapperI12AP_Baro_SITLXadL_ZNS2_6_timerEvEEEEvPv @ 0xb3c960
AUTO: _ZN7VectorNIN12AP_Baro_SITL13readings_baroELh50EEixEh @ 0xb3ca10
AUTO: _ZN12AP_Baro_SITL22temperature_adjustmentERfS0_ @ 0x93d720
AUTO: _ZN12AP_Baro_SITL24wind_pressure_correctionEh @ 0x93d910
AUTO: _ZL2sqf.2785 @ 0x93db20
AUTO: _ZN7AP_Baro22_get_air_density_ratioEv @ 0x93db70
AUTO: _ZL2sqf.2764 @ 0x93dc10
AUTO: _ZN12AP_Baro_SITL6updateEv @ 0x93dd00
AUTO: _ZN12AP_Baro_SITL19update_healthy_flagEh @ 0xb3cb20
AUTO: _ZN12AP_Baro_SITL7healthyEh @ 0x93ddb0
AUTO: _ZN9AP_Notify19set_flight_mode_strEPKc @ 0x93e0a0
AUTO: _ZN6RGBLed6updateEv @ 0x943cf0
AUTO: _ZN6RGBLed8_set_rgbEhhh @ 0x944120
AUTO: _ZNK6RGBLed10rgb_sourceEv @ 0x944230
AUTO: _ZNK6RGBLed19get_colour_sequenceEv @ 0x944490
AUTO: _ZNK6RGBLed14get_brightnessEv @ 0x944880
AUTO: _ZN6RGBLed7set_rgbEhhh @ 0x944980
AUTO: _ZN10IS31FL31956_timerEv @ 0x944a40
AUTO: _ZN7FunctorIvJEE14method_wrapperI10IS31FL3195XadL_ZNS2_6_timerEvEEEEvPv @ 0xb3dc90
AUTO: _ZN6LP55626_timerEv @ 0x944fd0
AUTO: _ZN7FunctorIvJEE14method_wrapperI6LP5562XadL_ZNS2_6_timerEvEEEEvPv @ 0xb3e000
AUTO: _ZN14ToshibaLED_I2C6_timerEv @ 0x946e00
AUTO: _ZN7FunctorIvJEE14method_wrapperI14ToshibaLED_I2CXadL_ZNS2_6_timerEvEEEEvPv @ 0xb3ed10
AUTO: _ZL3MAXIfiEDTqugtfp_fp0_fp_fp0_ERKT_RKT0_.12478 @ 0x9477e0
AUTO: _ZNK9QuadPlane14show_vtol_viewEv @ 0x9479d0
AUTO: _ZN5Plane20nav_scripting_activeEv @ 0x947d70
AUTO: _ZN5Plane14fix_terrain_WPER8Locationj @ 0x947e80
AUTO: _ZN5Plane15setup_alt_slopeEv @ 0x948350
AUTO: _ZN5Plane16setup_turn_angleEv @ 0x948560
AUTO: _ZN5Plane18loiter_angle_resetEv @ 0x948640
AUTO: _ZN10AP_Mission25get_next_ground_course_cdEi @ 0x9486b0
AUTO: _Z11wrap_180_cdIiET_S0_ @ 0xb3f0a0
AUTO: _ZNK8Location20line_path_proportionERKS_S1_ @ 0x9487d0
AUTO: _ZN7AP_TECS19set_path_proportionEf @ 0xb3f110
AUTO: _ZN5Plane22above_location_currentERK8Location @ 0x9488d0
AUTO: _ZN5Plane28set_offset_altitude_locationERK8LocationS2_ @ 0x948a40
AUTO: _ZN5Plane21reset_offset_altitudeEv @ 0x948c20
AUTO: _ZL2sqf.3123 @ 0x948c70
AUTO: _ZNK5Plane31terrain_enabled_in_current_modeEv @ 0x948cc0
AUTO: _ZNK5Plane23terrain_enabled_in_modeEN4Mode6NumberE @ 0x948dc0
AUTO: _ZN9QuadPlane9is_flyingEv @ 0x9490d0
AUTO: _ZN7FunctorIvJEE14method_wrapperI5PlaneXadL_ZNS2_11ahrs_updateEvEEEEvPv @ 0xb3f190
AUTO: _ZN7FunctorIvJEE14method_wrapperI5PlaneXadL_ZNS2_19update_control_modeEvEEEEvPv @ 0xb3f240
AUTO: _ZN7FunctorIvJEE14method_wrapperI5PlaneXadL_ZNS2_9stabilizeEvEEEEvPv @ 0xb3f2f0
AUTO: _ZN7FunctorIvJEE14method_wrapperI5PlaneXadL_ZNS2_10set_servosEvEEEEvPv @ 0xb3f3a0
AUTO: _ZN7FunctorIvJEE14method_wrapperI5PlaneXadL_ZNS2_10read_radioEvEEEEvPv @ 0xb3f450
AUTO: _ZN7FunctorIvJEE14method_wrapperI5PlaneXadL_ZNS2_20check_short_failsafeEvEEEEvPv @ 0xb3f500
AUTO: _ZN7FunctorIvJEE14method_wrapperI5PlaneXadL_ZNS2_19update_speed_heightEvEEEEvPv @ 0xb3f5b0
AUTO: _ZN7FunctorIvJEE14method_wrapperI5PlaneXadL_ZNS2_21update_throttle_hoverEvEEEEvPv @ 0xb3f660
AUTO: _ZN7FunctorIvJEE14method_wrapperI11RC_ChannelsXadL_ZNS2_16read_mode_switchEvEEEEvPv @ 0xb3f710
AUTO: _ZN7FunctorIvJEE14method_wrapperI5PlaneXadL_ZNS2_15update_GPS_50HzEvEEEEvPv @ 0xb3f7b0
AUTO: _ZN7FunctorIvJEE14method_wrapperI5PlaneXadL_ZNS2_15update_GPS_10HzEvEEEEvPv @ 0xb3f860
AUTO: _ZN7FunctorIvJEE14method_wrapperI5PlaneXadL_ZNS2_8navigateEvEEEEvPv @ 0xb3f910
AUTO: _ZN7FunctorIvJEE14method_wrapperI5PlaneXadL_ZNS2_14update_compassEvEEEEvPv @ 0xb3f9c0
AUTO: _ZN7FunctorIvJEE14method_wrapperI5PlaneXadL_ZNS2_20calc_airspeed_errorsEvEEEEvPv @ 0xb3fa70
AUTO: _ZN7FunctorIvJEE14method_wrapperI5PlaneXadL_ZNS2_10update_altEvEEEEvPv @ 0xb3fb20
AUTO: _ZN7FunctorIvJEE14method_wrapperI5PlaneXadL_ZNS2_22adjust_altitude_targetEvEEEEvPv @ 0xb3fbd0
AUTO: _ZN7FunctorIvJEE14method_wrapperI5PlaneXadL_ZNS2_12afs_fs_checkEvEEEEvPv @ 0xb3fc80
AUTO: _ZN7FunctorIvJEE14method_wrapperI5PlaneXadL_ZNS2_9ekf_checkEvEEEEvPv @ 0xb3fd30
AUTO: _ZN7FunctorIvJEE14method_wrapperI3GCSXadL_ZNS2_14update_receiveEvEEEEvPv @ 0xb3fde0
AUTO: _ZN7FunctorIvJEE14method_wrapperI3GCSXadL_ZNS2_11update_sendEvEEEEvPv @ 0xb3fe90
AUTO: _ZN7FunctorIvJEE14method_wrapperI19AP_ServoRelayEventsXadL_ZNS2_13update_eventsEvEEEEvPv @ 0xb3ff40
AUTO: _ZN7FunctorIvJEE14method_wrapperI14AP_BattMonitorXadL_ZNS2_4readEvEEEEvPv @ 0xb3fff0
AUTO: _ZN7FunctorIvJEE14method_wrapperI5PlaneXadL_ZNS2_16read_rangefinderEvEEEEvPv @ 0xb400a0
AUTO: _ZN7FunctorIvJEE14method_wrapperI11AP_ICEngineXadL_ZNS2_6updateEvEEEEvPv @ 0xb40150
AUTO: _ZN7FunctorIvJEE14method_wrapperI14AP_OpticalFlowXadL_ZNS2_6updateEvEEEEvPv @ 0xb40200
AUTO: _ZN7FunctorIvJEE14method_wrapperI5PlaneXadL_ZNS2_15one_second_loopEvEEEEvPv @ 0xb402b0
AUTO: _ZN7FunctorIvJEE14method_wrapperI5PlaneXadL_ZNS2_13three_hz_loopEvEEEEvPv @ 0xb40360
AUTO: _ZN7FunctorIvJEE14method_wrapperI5PlaneXadL_ZNS2_19check_long_failsafeEvEEEEvPv @ 0xb40410
AUTO: _ZN7FunctorIvJEE14method_wrapperI5PlaneXadL_ZNS2_21airspeed_ratio_updateEvEEEEvPv @ 0xb404c0
AUTO: _ZN7FunctorIvJEE14method_wrapperI8AP_MountXadL_ZNS2_6updateEvEEEEvPv @ 0xb40570
AUTO: _ZN7FunctorIvJEE14method_wrapperI9AP_CameraXadL_ZNS2_6updateEvEEEEvPv @ 0xb40620
AUTO: _ZN7FunctorIvJEE14method_wrapperI12AP_SchedulerXadL_ZNS2_14update_loggingEvEEEEvPv @ 0xb406d0
AUTO: _ZN7FunctorIvJEE14method_wrapperI5PlaneXadL_ZNS2_18Log_Write_FullRateEvEEEEvPv @ 0xb40780
AUTO: _ZN7FunctorIvJEE14method_wrapperI5PlaneXadL_ZNS2_16update_logging10EvEEEEvPv @ 0xb40830
AUTO: _ZN7FunctorIvJEE14method_wrapperI5PlaneXadL_ZNS2_16update_logging25EvEEEEvPv @ 0xb408e0
AUTO: _ZN7FunctorIvJEE14method_wrapperI5PlaneXadL_ZNS2_14update_soaringEvEEEEvPv @ 0xb40990
AUTO: _ZN7FunctorIvJEE14method_wrapperI5PlaneXadL_ZNS2_15parachute_checkEvEEEEvPv @ 0xb40a40
AUTO: _ZN7FunctorIvJEE14method_wrapperI10AP_TerrainXadL_ZNS2_6updateEvEEEEvPv @ 0xb40af0
AUTO: _ZN7FunctorIvJEE14method_wrapperI5PlaneXadL_ZNS2_20update_is_flying_5HzEvEEEEvPv @ 0xb40ba0
AUTO: _ZN7FunctorIvJEE14method_wrapperI9AP_LoggerXadL_ZNS2_14periodic_tasksEvEEEEvPv @ 0xb40c50
AUTO: _ZN7FunctorIvJEE14method_wrapperI17AP_InertialSensorXadL_ZNS2_8periodicEvEEEEvPv @ 0xb40d00
AUTO: _ZN7FunctorIvJEE14method_wrapperI5PlaneXadL_ZNS2_21avoidance_adsb_updateEvEEEEvPv @ 0xb40db0
AUTO: _ZN7FunctorIvJEE14method_wrapperI11RC_ChannelsXadL_ZNS2_12read_aux_allEvEEEEvPv @ 0xb40e60
AUTO: _ZN7FunctorIvJEE14method_wrapperI9AP_ButtonXadL_ZNS2_6updateEvEEEEvPv @ 0xb40f10
AUTO: _ZN7FunctorIvJEE14method_wrapperI5PlaneXadL_ZNS2_19landing_gear_updateEvEEEEvPv @ 0xb40fc0
AUTO: _ZN7FunctorIvJEE14method_wrapperI5PlaneXadL_ZNS2_15precland_updateEvEEEEvPv @ 0xb41070
AUTO: _ZN7FunctorIvJEE14method_wrapperI5PlaneXadL_ZNS2_16update_quicktuneEvEEEEvPv @ 0xb41120
AUTO: _ZN5Plane16update_quicktuneEv @ 0x949920
AUTO: _ZN12AP_Quicktune6updateEb @ 0x9499a0
AUTO: _ZN5Plane15precland_updateEv @ 0x94bce0
AUTO: _ZN11AC_PrecLand6updateEfb @ 0x94bd70
AUTO: _ZNK7AP_AHRS37get_relative_position_NE_origin_floatER7Vector2IfE @ 0x94cea0
AUTO: _ZNK7AP_AHRS31get_relative_position_NE_originER7Vector2IdE @ 0x94cf50
AUTO: _ZN5Plane19landing_gear_updateEv @ 0x94e6f0
AUTO: _ZN14AP_LandingGear6updateEf @ 0x94e770
AUTO: _ZN9AP_Button6updateEv @ 0x94ebe0
AUTO: _ZN11RC_Channels12read_aux_allEv @ 0x94f860
AUTO: _ZN10RC_Channel8read_auxEv @ 0x94f950
AUTO: _ZN9AP_Logger10Write_RCINEv @ 0x94fb50
AUTO: _ZN11RC_Channels12get_radio_inEPth @ 0x94fd40
AUTO: _ZNK11RC_Channels17get_override_maskEv @ 0x94fe30
AUTO: _ZL3MINIhiEDTqultfp_fp0_fp_fp0_ERKT_RKT0_.7413 @ 0x94fef0
AUTO: _ZN5Plane21avoidance_adsb_updateEv @ 0x950300
AUTO: _ZN7AP_ADSB6updateEv @ 0x950370
AUTO: _ZN12AP_Avoidance6updateEv @ 0x950550
AUTO: _ZN12AP_Avoidance13check_startupEv @ 0x950610
AUTO: _ZN7AP_ADSB3LocC2Ev @ 0xb41db0
AUTO: _ZNK7AP_AHRS19get_vert_pos_rate_DERf @ 0x951e50
AUTO: _ZN7AP_ADSB6updateERKNS_3LocE @ 0x951f80
AUTO: _ZNK7NavEKF320getPosDownDerivativeEv @ 0x952640
AUTO: _ZNK12NavEKF3_core20getPosDownDerivativeEv @ 0x952890
AUTO: _ZNK12NavEKF2_core20getPosDownDerivativeEv @ 0x9528f0
AUTO: _ZN17AP_InertialSensor8periodicEv @ 0x952950
AUTO: _ZN17AP_InertialSensor12BatchSampler8periodicEv @ 0x9529b0
AUTO: _ZN9AP_Logger14periodic_tasksEv @ 0x952fd0
AUTO: _ZN5Plane20update_is_flying_5HzEv @ 0x953070
AUTO: _ZL3MAXI9AP_ParamTIsL11ap_var_type2EEiEDTqugtfp_fp0_fp_fp0_ERKT_RKT0_.1261 @ 0x953790
AUTO: _ZN5Plane25in_preLaunch_flight_stageEv @ 0x953820
AUTO: _ZNK10AP_Landing14is_on_approachEv @ 0x953970
AUTO: _ZNK10AP_Landing10is_flaringEv @ 0x953a50
AUTO: _ZN7AP_ADSB13set_is_flyingEb @ 0xb41e70
AUTO: _ZN12AP_Parachute13set_is_flyingEb @ 0xb41ed0
AUTO: _ZN8AP_Stats10set_flyingEb @ 0x953b20
AUTO: _ZN5Plane22crash_detection_updateEv @ 0x953bf0
AUTO: _ZN10AP_Vehicle17set_likely_flyingEb @ 0xb41f40
AUTO: _ZN10AP_Terrain6updateEv @ 0x9543c0
AUTO: _ZN10AP_Terrain16schedule_disk_ioEv @ 0x954590
AUTO: _ZN10AP_Terrain19update_mission_dataEv @ 0x9547e0
AUTO: _ZN10AP_Terrain17update_rally_dataEv @ 0x954af0
AUTO: _ZN10AP_Terrain24update_surrounding_tilesERK8Location @ 0x954cc0
AUTO: _ZNK8AP_Rally19last_change_time_msEv @ 0xb41fd0
AUTO: _ZNK10AP_Mission19last_change_time_msEv @ 0xb42020
AUTO: _ZN10AP_Terrain15check_disk_readEv @ 0x954e40
AUTO: _ZN10AP_Terrain16check_disk_writeEv @ 0x954f20
AUTO: _ZN10AP_Terrain8io_timerEv @ 0x955280
AUTO: _ZN7FunctorIvJEE14method_wrapperI10AP_TerrainXadL_ZNS2_8io_timerEvEEEEvPv @ 0xb420d0
AUTO: _ZN5Plane15parachute_checkEv @ 0x955da0
AUTO: _ZN12AP_Parachute6updateEv @ 0x955e10
AUTO: _ZN12AP_Parachute15check_sink_rateEv @ 0x9560a0
AUTO: _ZN5Plane14update_soaringEv @ 0x956150
AUTO: _ZN17SoaringController19update_active_stateEb @ 0x956370
AUTO: _ZNK17SoaringController9is_activeEv @ 0xb42180
AUTO: _ZNK7AP_TECS19get_target_airspeedEv @ 0xb426b0
AUTO: _ZN13AverageFilterIffLh5EE5applyEf @ 0xb430a0
AUTO: _ZNK17SoaringController12active_stateEb @ 0x959b10
AUTO: _ZN17SoaringController13init_cruisingEv @ 0x959bb0
AUTO: _ZN5Plane16update_logging25Ev @ 0x959c30
AUTO: _ZN5Plane18Log_Write_AttitudeEv @ 0x959d90
AUTO: _ZN5Plane24Log_Write_Control_TuningEv @ 0x95a1f0
AUTO: _ZNK17AP_InertialSensor24write_notch_log_messagesEv @ 0x95a3f0
AUTO: _ZN10AP_GyroFFT18write_log_messagesEv @ 0x95a6f0
AUTO: _ZN5Plane20Log_Write_Nav_TuningEv @ 0x95a920
AUTO: _ZN5Plane16Log_Write_GuidedEv @ 0x95aa80
AUTO: _ZN5Plane12Log_Write_RCEv @ 0x95ab80
AUTO: _ZNK17AP_InertialSensor15Write_VibrationEv @ 0x95ac30
AUTO: _ZNK17AP_InertialSensor20get_accel_clip_countEh @ 0x95ad50
AUTO: _ZN9AP_Logger11Write_RCOUTEv @ 0x95adf0
AUTO: _ZN5Plane14Log_Write_AETREv @ 0x95b3c0
AUTO: _ZN9AP_Logger9Write_PIDEhRK10AP_PIDInfo @ 0x95b590
AUTO: _ZNK7AP_AHRS17airspeed_estimateERfRNS_20AirspeedEstimateTypeE @ 0x95bd90
AUTO: _ZNK7AP_AHRS18synthetic_airspeedERf @ 0x95be30
AUTO: _ZN7AP_TECS19get_throttle_demandEv @ 0xb43710
AUTO: _ZNK11AP_AHRS_DCM22synthetic_airspeed_EASERf @ 0xb43770
AUTO: _ZNK7AP_AHRS14Write_AttitudeERK7Vector3IfE @ 0x95bfb0
AUTO: _ZNK16AP_YawController7enabledEv @ 0xb438d0
AUTO: _ZNK18AP_SteerController6activeEv @ 0x95c180
AUTO: _ZN7AP_AHRS9Log_WriteEv @ 0x95c1f0
AUTO: _ZN7NavEKF29Log_WriteEv @ 0x95c280
AUTO: _ZN7NavEKF39Log_WriteEv @ 0x95c390
AUTO: _ZNK7AP_AHRS11Write_AHRS2Ev @ 0x95c4a0
AUTO: _ZNK7AP_AHRS9Write_POSEv @ 0x95c680
AUTO: _ZN4SITL3SIM18Log_Write_SIMSTATEEv @ 0x95c7e0
AUTO: _ZNK7AP_AHRS36get_relative_position_D_origin_floatERf @ 0x95c970
AUTO: _ZNK7AP_AHRS22get_secondary_attitudeER7Vector3IfE @ 0xb43a00
AUTO: _ZNK7AP_AHRS22get_secondary_positionER8Location @ 0xb43a80
AUTO: _ZNK7AP_AHRS24get_secondary_quaternionER11QuaternionTIfE @ 0xb43b00
AUTO: _ZL7degreesf.2388 @ 0x95ca00
AUTO: _ZN12NavEKF3_core9Log_WriteEm @ 0x95ca50
AUTO: _ZNK7AP_EnumIN7NavEKF38LogLevelEEcvKS1_Ev @ 0xb43b80
AUTO: _ZNK12NavEKF3_core14Log_Write_XKF4Em @ 0x95cba0
AUTO: _ZN12NavEKF3_core13Log_Write_GSFEm @ 0x95cef0
AUTO: _ZNK12NavEKF3_core14Log_Write_XKF1Em @ 0x95cfa0
AUTO: _ZNK12NavEKF3_core14Log_Write_XKF2Em @ 0x95d270
AUTO: _ZNK12NavEKF3_core14Log_Write_XKF3Em @ 0x95d510
AUTO: _ZNK12NavEKF3_core14Log_Write_XKF5Em @ 0x95d770
AUTO: _ZNK12NavEKF3_core14Log_Write_XKFSEm @ 0x95d9d0
AUTO: _ZNK12NavEKF3_core20Log_Write_QuaternionEm @ 0x95dae0
AUTO: _ZN12NavEKF3_core16Log_Write_BeaconEm @ 0x95dbc0
AUTO: _ZN12NavEKF3_core18Log_Write_BodyOdomEm @ 0x95deb0
AUTO: _ZN12NavEKF3_core25Log_Write_State_VariancesEm @ 0x95e020
AUTO: _ZN12NavEKF3_core16Log_Write_TimingEm @ 0x95e340
AUTO: _ZNK6AP_DAL12logging_coreEh @ 0x95e4a0
AUTO: _ZL3MAXIjjEDTqugtfp_fp0_fp_fp0_ERKT_RKT0_.5171 @ 0x95e4f0
AUTO: _ZNK16AP_NavEKF_Source21getPosVelYawSourceSetEv @ 0xb43bd0
AUTO: _ZL3MAXIddEDTqugtfp_fp0_fp_fp0_ERKT_RKT0_.5169 @ 0x95e570
AUTO: _ZL3MINIdiEDTqultfp_fp0_fp_fp0_ERKT_RKT0_.5170 @ 0x95e5f0
AUTO: _ZNK12NavEKF3_core14getInnovationsER7Vector3IfES2_S2_RfS3_ @ 0x95e690
AUTO: _ZL7degreesf.5167 @ 0x95e890
AUTO: _ZNK12NavEKF3_core26getSynthAirDataInnovationsER7Vector2IfERf @ 0x95e8e0
AUTO: _ZN10EKFGSF_yaw9Log_WriteEm11LogMessagesS0_h @ 0x95e9b0
AUTO: _ZL7degreesf.20074 @ 0x95ed30
AUTO: _ZL3MAXIffEDTqugtfp_fp0_fp_fp0_ERKT_RKT0_.20075 @ 0x95ed80
AUTO: _ZL3MAXIdfEDTqugtfp_fp0_fp_fp0_ERKT_RKT0_.5168 @ 0x95ee00
AUTO: _ZN12NavEKF2_core9Log_WriteEm @ 0x95eea0
AUTO: _ZNK12NavEKF2_core14Log_Write_NKF1Em @ 0x95ef70
AUTO: _ZNK12NavEKF2_core14Log_Write_NKF2Em @ 0x95f240
AUTO: _ZNK12NavEKF2_core14Log_Write_NKF3Em @ 0x95f4a0
AUTO: _ZNK12NavEKF2_core14Log_Write_NKF4Em @ 0x95f6e0
AUTO: _ZNK12NavEKF2_core14Log_Write_NKF5Em @ 0x95fa20
AUTO: _ZNK12NavEKF2_core20Log_Write_QuaternionEm @ 0x95fc80
AUTO: _ZNK12NavEKF2_core13Log_Write_GSFEm @ 0x95fd60
AUTO: _ZN12NavEKF2_core16Log_Write_BeaconEm @ 0x95fe10
AUTO: _ZN12NavEKF2_core16Log_Write_TimingEm @ 0x9600c0
AUTO: _ZL3MAXIddEDTqugtfp_fp0_fp_fp0_ERKT_RKT0_ @ 0x960220
AUTO: _ZL3MINIdiEDTqultfp_fp0_fp_fp0_ERKT_RKT0_ @ 0x9602a0
AUTO: _ZNK12NavEKF2_core18getFilterGpsStatusER14nav_gps_status @ 0x960340
AUTO: _ZNK12NavEKF2_core14getInnovationsER7Vector3IfES2_S2_RfS3_ @ 0x9605f0
AUTO: _ZL7degreesf.4695 @ 0x9607f0
AUTO: _ZNK12NavEKF2_core27getGyroScaleErrorPercentageER7Vector3IfE @ 0x960840
AUTO: _ZNK16AP_YawController20rate_control_enabledEv @ 0xb43c20
AUTO: _ZN5Plane16update_logging10Ev @ 0x960930
AUTO: _ZNK7AP_AHRS13Write_AOA_SSAEv @ 0x960a40
AUTO: _ZN8AP_Mount9write_logEv @ 0x960ae0
AUTO: _ZNK7AP_AHRS6getAOAEv @ 0xb43c90
AUTO: _ZNK7AP_AHRS6getSSAEv @ 0xb43ce0
AUTO: _ZN5Plane18Log_Write_FullRateEv @ 0x960b90
AUTO: _ZN12AP_Scheduler14update_loggingEv @ 0x960c30
AUTO: _ZN12AP_Scheduler11debug_flagsEv @ 0xb43d30
AUTO: _ZN12AP_Scheduler21Log_Write_PerformanceEv @ 0x960ea0
AUTO: _ZN2AP8PerfInfo13has_task_infoEv @ 0xb43d90
AUTO: _ZNK2AP8PerfInfo20get_num_long_runningEv @ 0x9610b0
AUTO: _ZNK2AP8PerfInfo13get_num_loopsEv @ 0x961100
AUTO: _ZNK2AP8PerfInfo12get_max_timeEv @ 0x961150
AUTO: _ZN12AP_Scheduler12load_averageEv @ 0x9611a0
AUTO: _ZNK16AP_InternalError5countEv @ 0xb43df0
AUTO: _ZN9AP_Camera6updateEv @ 0x9613e0
AUTO: _ZN8AP_Mount6updateEv @ 0x9614a0
AUTO: _ZN5Plane21airspeed_ratio_updateEv @ 0x961550
AUTO: _ZN11AP_Airspeed18update_calibrationERK7Vector3IfEs @ 0x9617c0
AUTO: _ZN11AP_Airspeed18update_calibrationEhRK7Vector3IfEs @ 0x961870
AUTO: _ZN11AP_Airspeed25send_airspeed_calibrationERK7Vector3IfE @ 0x961d40
AUTO: _ZN5Plane19check_long_failsafeEv @ 0x962620
AUTO: _ZN5Plane13three_hz_loopEv @ 0x963340
AUTO: _ZN5Plane11fence_checkEv @ 0x963390
AUTO: _ZNK8AC_Fence10get_actionEv @ 0xb44430
AUTO: _ZNK5Plane19get_RTL_altitude_cmEv @ 0x963a80
AUTO: _ZNK5Plane32calc_best_rally_or_home_locationERK8Locationf @ 0x963b40
AUTO: _ZN5Plane24setup_terrain_target_altER8Location @ 0x963e90
AUTO: _ZNK8AP_Rally32calc_best_rally_or_home_locationERK8Locationf @ 0x964030
AUTO: _ZN5Plane15one_second_loopEv @ 0x964180
AUTO: _ZN7AP_ADSB18set_stall_speed_cmEt @ 0xb44700
AUTO: _ZN7AP_ADSB13set_max_speedEs @ 0xb44790
AUTO: _ZN10AP_Terrain16log_terrain_dataEv @ 0x964630
AUTO: _ZN16AP_FW_Controller21set_notch_sample_rateEf @ 0xb44830
AUTO: _ZN16AP_YawController21set_notch_sample_rateEf @ 0xb448a0
AUTO: _ZN14AP_OpticalFlow6updateEv @ 0x964bc0
AUTO: _ZN11AP_ICEngine6updateEv @ 0x966170
AUTO: _ZNK12AP_Parachute17release_initiatedEv @ 0xb44910
AUTO: _ZN5Plane16read_rangefinderEv @ 0x967060
AUTO: _ZN11RangeFinder28set_estimated_terrain_heightEf @ 0xb44970
AUTO: _ZN11RangeFinder6updateEv @ 0x967170
AUTO: _ZN5Plane25rangefinder_height_updateEv @ 0x967290
AUTO: _ZNK11RangeFinder8Log_RFNDEv @ 0x967a30
AUTO: _ZN14AP_BattMonitor4readEv @ 0x967b70
AUTO: _ZN9AP_Logger11Write_PowerEv @ 0x967da0
AUTO: _ZNK22AP_BattMonitor_Backend13Log_Write_BATEhm @ 0x967df0
AUTO: _ZNK22AP_BattMonitor_Backend13Log_Write_BCLEhm @ 0x968090
AUTO: _ZN14AP_BattMonitor15check_failsafesEv @ 0x968290
AUTO: _ZN14AP_BattMonitor16checkPoweringOffEv @ 0x9685a0
AUTO: _ZNK22AP_BattMonitor_Backend23get_state_of_health_pctERh @ 0x968700
AUTO: _ZN5Plane9ekf_checkEv @ 0x968790
AUTO: _ZNK9QuadPlane19in_vtol_posvel_modeEv @ 0x968a40
AUTO: _ZN5Plane22failsafe_ekf_off_eventEv @ 0x968ba0
AUTO: _ZN5Plane12afs_fs_checkEv @ 0x968f60
AUTO: _ZN19AP_AdvancedFailsafe5checkEj @ 0x968fc0
AUTO: _ZN5Plane22adjust_altitude_targetEv @ 0x969d50
AUTO: _ZN5Plane10update_altEv @ 0x969db0
AUTO: _ZN12AP_Parachute13set_sink_rateEf @ 0x96a1e0
AUTO: _ZNK9QuadPlane19should_disable_TECSEv @ 0x96a2d0
AUTO: _ZNK8ModeAuto9in_pullupEv @ 0xb44b80
AUTO: _ZNK8Location25past_interval_finish_lineERKS_S1_ @ 0x96a380
AUTO: _ZN5Plane27relative_target_altitude_cmEv @ 0x96a410
AUTO: _ZN5Plane24get_takeoff_pitch_min_cdEv @ 0x96a5f0
AUTO: _ZN5Plane12tecs_hgt_afeEv @ 0x96a800
AUTO: _ZN7AP_TECS21update_pitch_throttleEiiN12AP_FixedWing11FlightStageEfisfff @ 0x96a8d0
AUTO: _ZN7AP_TECS23_update_throttle_limitsEv @ 0x96b0e0
AUTO: _ZN7AP_TECS20_update_pitch_limitsEi @ 0x96b350
AUTO: _ZN7AP_TECS18_initialise_statesEf @ 0x96b8c0
AUTO: _ZN7AP_TECS20_update_STE_rate_limEv @ 0x96bda0
AUTO: _ZN7AP_TECS20_update_speed_demandEv @ 0x96be50
AUTO: _ZN7AP_TECS21_update_height_demandEv @ 0x96c1f0
AUTO: _ZN7AP_TECS18_detect_underspeedEv @ 0x96cad0
AUTO: _ZN7AP_TECS16_update_energiesEv @ 0x96ccb0
AUTO: _ZN7AP_TECS13_update_pitchEv @ 0x96cdc0
AUTO: _ZN7AP_TECS30_update_throttle_with_airspeedEv @ 0x96d930
AUTO: _ZN7AP_TECS19_detect_bad_descentEv @ 0x96e540
AUTO: _ZNK7AP_TECS13option_is_setENS_6OptionE @ 0xb44be0
AUTO: _ZL7radiansf.12736 @ 0x96e6b0
AUTO: _ZL2sqf.12729 @ 0x96e700
AUTO: _ZN7AP_TECS18constrain_throttleEv @ 0x96e750
AUTO: _ZL3MINIffEDTqultfp_fp0_fp_fp0_ERKT_RKT0_.12727 @ 0x96e820
AUTO: _ZNK7AP_TECS12timeConstantEv @ 0x96e8b0
AUTO: _ZN7AP_TECS11_get_i_gainEv @ 0x96e9c0
AUTO: _ZNK10AP_Landing21get_throttle_slewrateEv @ 0xb44c60
AUTO: _ZL3MAXI9AP_ParamTIfL11ap_var_type4EEfEDTqugtfp_fp0_fp_fp0_ERKT_RKT0_.12728 @ 0x96eac0
AUTO: _ZN5Plane22rangefinder_correctionEv @ 0x96ece0
AUTO: _ZN5Plane29adjusted_relative_altitude_cmEv @ 0x96edc0
AUTO: _ZN5Plane21reached_loiter_targetEv @ 0x96f1d0
AUTO: _ZNK12GliderPullup9in_pullupEv @ 0x96f4b0
AUTO: _ZN5Plane20calc_airspeed_errorsEv @ 0x96f570
AUTO: _ZL3MAXIffEDTqugtfp_fp0_fp_fp0_ERKT_RKT0_.1632 @ 0x9701f0
AUTO: _ZN5Plane17calc_speed_scalerEv @ 0x970270
AUTO: _ZN5Plane28mode_auto_target_airspeed_cmEv @ 0x970b50
AUTO: _ZL3MAXI9AP_ParamTIsL11ap_var_type2EEiEDTqugtfp_fp0_fp_fp0_ERKT_RKT0_ @ 0x971590
AUTO: _ZL3MINIffEDTqultfp_fp0_fp_fp0_ERKT_RKT0_ @ 0x971620
AUTO: _ZL3MAXIffEDTqugtfp_fp0_fp_fp0_ERKT_RKT0_ @ 0x9716b0
AUTO: _ZL3MAXIfiEDTqugtfp_fp0_fp_fp0_ERKT_RKT0_ @ 0x9717c0
AUTO: _ZN5Plane14update_compassEv @ 0x971860
AUTO: _ZN5Plane8navigateEv @ 0x9718c0
AUTO: _ZN5Plane21check_home_alt_changeEv @ 0x9719f0
AUTO: _ZN5Plane19loiter_angle_updateEv @ 0x971af0
AUTO: _ZN5Plane15update_GPS_10HzEv @ 0x971ef0
AUTO: _ZN7AP_AHRS13estimate_windEv @ 0xb44e50
AUTO: _ZN5Plane24calc_gndspeed_undershootEv @ 0x972100
AUTO: _ZN11AP_AHRS_DCM13estimate_windEv @ 0x9722b0
AUTO: _ZN5Plane15update_GPS_50HzEv @ 0x972970
AUTO: _ZN6AP_GPS6updateEv @ 0x9729e0
AUTO: _ZN6AP_GPS15update_instanceEh @ 0x972b60
AUTO: _ZN6AP_GPS14update_primaryEv @ 0x973300
AUTO: _ZN14AP_GPS_Blended19zero_health_counterEv @ 0xb44eb0
AUTO: _ZN6AP_GPS9Write_GPSEh @ 0x974ad0
AUTO: _ZL3MINIfiEDTqultfp_fp0_fp_fp0_ERKT_RKT0_.3555 @ 0x974f10
AUTO: _ZNK6AP_GPS26last_message_delta_time_msEh @ 0xb44f60
AUTO: _ZNK6AP_GPS10should_logEv @ 0x974fb0
AUTO: _ZN6AP_GPS16send_blob_updateEh @ 0x976130
AUTO: _ZN14AP_GPS_Backend14check_new_itowEjj @ 0x97ae80
AUTO: _ZN12AP_GPS_UBLOX20_request_next_configEv @ 0x97f0e0
AUTO: _ZN12AP_GPS_UBLOX21_request_message_rateEhh @ 0x97fb80
AUTO: _ZN12AP_GPS_UBLOX13_request_portEv @ 0x97fc40
AUTO: _ZN12AP_GPS_UBLOX13_send_messageEhhPKvt @ 0x97fcd0
AUTO: _ZN12AP_GPS_UBLOX16_update_checksumEPhtRhS1_ @ 0x980b90
AUTO: _ZN12AP_GPS_UBLOX4readEv @ 0x980cc0
AUTO: _ZNK12AP_GPS_UBLOX13is_configuredEv @ 0xb45de0
AUTO: _ZNK12AP_GPS_UBLOX7get_lagERf @ 0x9813a0
AUTO: _ZNK12AP_GPS_UBLOX10is_healthyEv @ 0x981530
AUTO: _ZL3MINIjjEDTqultfp_fp0_fp_fp0_ERKT_RKT0_.3850 @ 0x981980
AUTO: _ZN12AP_GPS_UBLOXUt_ixEm @ 0xb45ef0
AUTO: _ZN12AP_GPS_UBLOX10_parse_gpsEv @ 0x981a00
AUTO: _ZN12AP_GPS_UBLOX15_check_new_itowEj @ 0x984ec0
AUTO: _ZN12AP_GPS_UBLOX23_configure_message_rateEhhh @ 0x984f40
AUTO: _ZN5Plane21update_throttle_hoverEv @ 0x98c540
AUTO: _ZN9QuadPlane21update_throttle_hoverEv @ 0x98c5a0
AUTO: _ZN5Plane19update_speed_heightEv @ 0x98cdb0
AUTO: _ZN7AP_TECS11update_50hzEv @ 0x98cee0
AUTO: _ZN13AverageFilterIffLh5EE5resetEv @ 0xb47720
AUTO: _ZN7AP_TECS13_update_speedEf @ 0x98d550
AUTO: _ZNK10AP_Landing11is_on_finalEv @ 0x98de40
AUTO: _ZN5Plane20check_short_failsafeEv @ 0x98df10
AUTO: _ZN5Plane10read_radioEv @ 0x98e540
AUTO: _ZNK5Plane17fence_stickmixingEv @ 0x98e7b0
AUTO: _ZN10Tailsitter11check_inputEv @ 0x98e860
AUTO: _ZN9AP_Tuning11check_inputEh @ 0x98e930
AUTO: _ZN5Plane10set_servosEv @ 0x98f8e0
AUTO: _ZN9QuadPlane6updateEv @ 0x98fc40
AUTO: _ZN5Plane12set_throttleEv @ 0x990270
AUTO: _ZN5Plane20set_takeoff_expectedEv @ 0x9904c0
AUTO: _ZN5Plane16set_servos_flapsEv @ 0x990620
AUTO: _ZN5Plane15airbrake_updateEv @ 0x990ab0
AUTO: _ZN5Plane19throttle_slew_limitEv @ 0x990c30
AUTO: _ZN11AP_ICEngine17throttle_overrideERff @ 0x990f50
AUTO: _ZN12ParametersG212FWD_BATT_CMP6updateEv @ 0x991470
AUTO: _ZNK12ParametersG212FWD_BATT_CMP14apply_throttleEf @ 0x9915f0
AUTO: _ZN5Plane21apply_throttle_limitsEf @ 0x9916a0
AUTO: _ZN5Plane17suppress_throttleEv @ 0x9919d0
AUTO: _ZNK10AP_Landing22is_throttle_suppressedEv @ 0x991e40
AUTO: _ZN11AP_ICEngine20update_idle_governorERa @ 0x992800
AUTO: _ZNK12ParametersG212FWD_BATT_CMP13apply_min_maxERaS1_ @ 0x992bf0
AUTO: _ZN5Plane21throttle_watt_limiterERaS0_ @ 0x992dd0
AUTO: _ZL3MINIaaEDTqultfp_fp0_fp_fp0_ERKT_RKT0_ @ 0x9930c0
AUTO: _ZN7AP_TECS16set_throttle_maxEf @ 0x993140
AUTO: _ZNK14AP_BattMonitor18overpower_detectedEv @ 0x9931c0
AUTO: _ZN5Plane9stabilizeEv @ 0x997250
AUTO: _ZL7degreesf.12555 @ 0x997be0
AUTO: _ZN16AP_FW_Controller13_get_rate_outEffbfb @ 0x9999d0
AUTO: _ZL7radiansf.12452 @ 0x999dd0
AUTO: _ZL7degreesf.12453 @ 0x999e20
AUTO: _ZN5Plane19update_control_modeEv @ 0x999e70
AUTO: _ZN5Plane18update_fly_forwardEv @ 0x999f50
AUTO: _ZN12ModeAutoLand23check_takeoff_directionEv @ 0x99a100
AUTO: _ZN5Plane11ahrs_updateEv @ 0x99a430
AUTO: _ZNK17AP_InertialSensor9Write_IMUEv @ 0x99a6a0
AUTO: _ZN9QuadPlane15check_yaw_resetEv @ 0x99a760
AUTO: _ZN14AP_InertialNav6updateEb @ 0x99a820
AUTO: _ZN9AP_Follow16update_estimatesEv @ 0x99ab90
AUTO: _ZN9AP_Follow32clear_dist_and_bearing_to_targetEv @ 0x99bb10
AUTO: _ZL3MAXIhhEDTqugtfp_fp0_fp_fp0_ERKT_RKT0_ @ 0x99c470
AUTO: _ZNK17AP_InertialSensor18Write_IMU_instanceEmh @ 0x99c4f0
AUTO: _ZNK17AP_InertialSensor16get_gyro_rate_hzEh @ 0xb47f10
AUTO: _ZNK17AP_InertialSensor17get_accel_rate_hzEh @ 0xb47f90
AUTO: _ZN5Plane34constrain_target_altitude_locationERK8LocationS2_ @ 0x9a9d80
AUTO: _ZN5Plane30set_target_altitude_proportionERK8Locationf @ 0x9a9e60
AUTO: _ZN5Plane28set_target_altitude_locationERK8Location @ 0x9aa060
AUTO: _ZN5Plane22change_target_altitudeEi @ 0x9aa190
AUTO: _ZN5Plane21exit_mission_callbackEv @ 0x9aa370
AUTO: _ZN7FunctorIvJEE14method_wrapperI5PlaneXadL_ZNS2_21exit_mission_callbackEvEEEEvPv @ 0xb4d2d0
AUTO: _ZN5Plane23verify_command_callbackERKN10AP_Mission15Mission_CommandE @ 0x9aa420
AUTO: _ZN7FunctorIbJRKN10AP_Mission15Mission_CommandEEE14method_wrapperI5PlaneXadL_ZNS6_23verify_command_callbackES3_EEEEbPvS3_ @ 0xb4d380
AUTO: _ZN5Plane14verify_commandERKN10AP_Mission15Mission_CommandE @ 0x9aa4f0
AUTO: _ZN3GCS33send_mission_item_reached_messageEt @ 0x9aabe0
AUTO: _ZN5Plane13verify_nav_wpERKN10AP_Mission15Mission_CommandE @ 0x9ab380
AUTO: _ZN5Plane6do_RTLEi @ 0x9ad8b0
AUTO: _ZN5Plane11set_next_WPERK8Location @ 0x9adaa0
AUTO: _ZN5Plane13update_loiterEt @ 0x9ae730
AUTO: _ZN5Plane24update_loiter_update_navEt @ 0x9aeb60
AUTO: _ZN9QuadPlane19guided_mode_enabledEv @ 0x9aedd0
AUTO: _ZNK5Plane13get_wp_radiusEv @ 0x9b11e0
AUTO: _ZN5Plane22start_command_callbackERKN10AP_Mission15Mission_CommandE @ 0x9b1a30
AUTO: _ZN7FunctorIbJRKN10AP_Mission15Mission_CommandEEE14method_wrapperI5PlaneXadL_ZNS6_22start_command_callbackES3_EEEEbPvS3_ @ 0xb4d6a0
AUTO: _ZN5Plane13start_commandERKN10AP_Mission15Mission_CommandE @ 0x9b1ad0
AUTO: _ZN5Plane9do_nav_wpERKN10AP_Mission15Mission_CommandE @ 0x9b2470
AUTO: _ZNK14AP_BattMonitor22capacity_remaining_pctERhh @ 0x9b4930
AUTO: _ZN4Mode3runEv @ 0x9b5560
AUTO: _ZNK4Mode12is_vtol_modeEv @ 0xb4de30
AUTO: _ZNK4Mode14is_guided_modeEv @ 0xb4ded0
AUTO: _ZN4Mode22update_target_altitudeEv @ 0x9b57d0
AUTO: _ZNK4Mode19use_throttle_limitsEv @ 0x9b5be0
AUTO: _ZNK4Mode24use_battery_compensationEv @ 0x9b5d80
AUTO: _ZNK4Mode18supports_quicktuneEv @ 0xb4e210
AUTO: _ZN4Mode5_exitEv @ 0xb4e2b0
AUTO: _ZN10AP_Landing28get_target_altitude_locationER8Location @ 0x9b6890
AUTO: _ZN5Plane13calc_nav_rollEv @ 0x9b7570
AUTO: _ZN5Plane14calc_nav_pitchEv @ 0x9b7600
AUTO: _ZN5Plane13calc_throttleEv @ 0x9b76c0
AUTO: _ZN7AP_TECS16get_pitch_demandEv @ 0xb4e680
AUTO: _ZN5Plane18update_load_factorEv @ 0x9b7770
AUTO: _ZL7radiansf @ 0x9b7ac0
AUTO: _ZL2sqf.11 @ 0x9b7b10
AUTO: _ZN5Plane26stabilize_stick_mixing_fbwEv @ 0x9b7c30
AUTO: _ZN5Plane14stabilize_rollEv @ 0x9b80f0
AUTO: _ZN5Plane15stabilize_pitchEv @ 0x9b81b0
AUTO: _ZN5Plane13stabilize_yawEv @ 0x9b8250
AUTO: _ZNK10AP_Landing26is_ground_steering_allowedEv @ 0x9b84a0
AUTO: _ZN5Plane24calc_nav_yaw_coordinatedEv @ 0x9b88f0
AUTO: _ZN11VTOL_Assist20output_spin_recoveryEv @ 0x9b8be0
AUTO: _ZN5Plane12rudder_inputEv @ 0x9b8ce0
AUTO: _ZN16AP_YawController13get_servo_outEfb @ 0x9b8f10
AUTO: _ZN16AP_YawController14reset_rate_PIDEv @ 0x9b9600
AUTO: _ZL3MAXIffEDTqugtfp_fp0_fp_fp0_ERKT_RKT0_.12554 @ 0x9b9670
AUTO: _ZN5Plane20stick_mixing_enabledEv @ 0x9b9830
AUTO: _ZNK9QuadPlane23in_vtol_land_poscontrolEv @ 0x9b9a00
AUTO: _ZN5Plane17takeoff_tail_holdEv @ 0x9ba4e0
AUTO: _ZN5Plane29stabilize_pitch_get_pitch_outEv @ 0x9ba680
AUTO: _ZNK9QuadPlane27use_fw_attitude_controllersEv @ 0x9baa80
AUTO: _ZN18AP_PitchController13get_servo_outEifbb @ 0x9babc0
AUTO: _ZNK18AP_PitchController29_get_coordination_rate_offsetERKfRb @ 0x9baf60
AUTO: _ZL3MINIffEDTqultfp_fp0_fp_fp0_ERKT_RKT0_.12475 @ 0x9bb290
AUTO: _ZL7radiansi.12476 @ 0x9bb320
AUTO: _ZL3MAXI9AP_ParamTIsL11ap_var_type2EEiEDTqugtfp_fp0_fp_fp0_ERKT_RKT0_.12477 @ 0x9bb380
AUTO: _ZL7degreesf.12479 @ 0x9bb410
AUTO: _ZN5Plane27stabilize_roll_get_roll_outEv @ 0x9bb460
AUTO: _ZN17AP_RollController13get_servo_outEifbb @ 0x9bb730
AUTO: _ZNK9QuadPlane18allow_stick_mixingEv @ 0x9bba70
AUTO: _ZNK7ModeRTL11mode_numberEv @ 0xb51030
AUTO: _ZNK7ModeRTL5name4Ev @ 0xb510d0
AUTO: _ZN7ModeRTL6updateEv @ 0x9ca3a0
AUTO: _ZN7ModeRTL8navigateEv @ 0x9ca5b0
AUTO: _ZNK7ModeRTL23allows_throttle_nudgingEv @ 0xb51120
AUTO: _ZNK7ModeRTL20does_auto_navigationEv @ 0xb51170
AUTO: _ZNK7ModeRTL18does_auto_throttleEv @ 0xb511c0
AUTO: _ZN7ModeRTL6_enterEv @ 0x9ca9c0
AUTO: _ZN8ModeAuto3runEv @ 0x9cb9a0
AUTO: _ZNK8ModeAuto11mode_numberEv @ 0xb512e0
AUTO: _ZNK8ModeAuto5name4Ev @ 0xb51380
AUTO: _ZN8ModeAuto6updateEv @ 0x9cbab0
AUTO: _ZN8ModeAuto8navigateEv @ 0x9cbda0
AUTO: _ZNK8ModeAuto23allows_throttle_nudgingEv @ 0xb51420
AUTO: _ZNK8ModeAuto20does_auto_navigationEv @ 0x9cbe20
AUTO: _ZNK8ModeAuto18does_auto_throttleEv @ 0x9cbe80
AUTO: _ZN8ModeAuto6_enterEv @ 0x9cbf40
AUTO: _ZN8ModeAuto5_exitEv @ 0x9cc1b0
AUTO: _ZN10AP_Mission15start_or_resumeEv @ 0x9cc450
AUTO: _ZN10AP_Mission6updateEv @ 0x9cc4f0
AUTO: _ZN10AP_Mission20update_exit_positionEv @ 0x9cc6a0
AUTO: _ZN10AP_Mission27on_mission_timestamp_changeEv @ 0x9cc730
AUTO: _ZN10AP_Mission14verify_commandERKNS_15Mission_CommandE @ 0x9cc780
AUTO: _ZN10AP_Mission22advance_current_do_cmdEv @ 0x9cc930
AUTO: _ZN5Plane19throttle_percentageEv @ 0x9ce0d0
AUTO: _ZNK9GCS_Plane11custom_modeEv @ 0x9d9a70
AUTO: _ZNK9GCS_Plane10frame_typeEv @ 0x9d9ad0
AUTO: _ZN9GCS_Plane4chanEh @ 0xb52b30
AUTO: _ZN9GCS_Plane34update_vehicle_sensor_status_flagsEv @ 0x9d9b30
AUTO: _ZNK9GCS_Plane26min_status_for_gps_healthyEv @ 0xb52cf0
AUTO: _ZN17GCS_MAVLINK_Plane14packetReceivedERK16__mavlink_statusRK17__mavlink_message @ 0x9da0b0
AUTO: _ZNK11GCS_MAVLINK13mission_stateERK10AP_Mission @ 0x9da150
AUTO: _ZNK11GCS_MAVLINK16send_rangefinderEv @ 0x9da230
AUTO: _ZNK17GCS_MAVLINK_Plane26send_nav_controller_outputEv @ 0x9da300
AUTO: _ZN17GCS_MAVLINK_Plane15send_pid_tuningEv @ 0x9da790
AUTO: _ZN11GCS_MAVLINK21send_scaled_pressure3Ev @ 0x9dab70
AUTO: _ZNK17GCS_MAVLINK_Plane13send_attitudeEv @ 0x9dabd0
AUTO: _ZN17GCS_MAVLINK_Plane31send_position_target_global_intEv @ 0x9daf50
AUTO: _ZNK11GCS_MAVLINK17send_winch_statusEv @ 0xb52ec0
AUTO: _ZNK17GCS_MAVLINK_Plane9base_modeEv @ 0x9db3b0
AUTO: _ZNK17GCS_MAVLINK_Plane21vehicle_system_statusEv @ 0x9db5b0
AUTO: _ZNK17GCS_MAVLINK_Plane19persist_streamratesEv @ 0xb52f10
AUTO: _ZN17GCS_MAVLINK_Plane25handle_command_int_packetERK23__mavlink_command_int_tRK17__mavlink_message @ 0x9db8b0
AUTO: _ZN17GCS_MAVLINK_Plane14handle_messageERK17__mavlink_message @ 0x9dc270
AUTO: _ZN17GCS_MAVLINK_Plane16try_send_messageE10ap_message @ 0x9dd5c0
AUTO: _ZN11GCS_MAVLINK24send_global_position_intEv @ 0x9dd7f0
AUTO: _ZNK11GCS_MAVLINK23global_position_int_altEv @ 0x9dd970
AUTO: _ZNK11GCS_MAVLINK32global_position_int_relative_altEv @ 0x9dd9d0
AUTO: _ZNK17GCS_MAVLINK_Plane17vfr_hud_climbrateEv @ 0x9dda40
AUTO: _ZNK17GCS_MAVLINK_Plane16vfr_hud_airspeedEv @ 0x9ddb00
AUTO: _ZNK17GCS_MAVLINK_Plane16vfr_hud_throttleEv @ 0x9ddbf0
AUTO: _ZNK11GCS_MAVLINK11vfr_hud_altEv @ 0x9ddc50
AUTO: _ZN17GCS_MAVLINK_Plane35convert_COMMAND_LONG_to_COMMAND_INTERK24__mavlink_command_long_tR23__mavlink_command_int_t9MAV_FRAME @ 0x9de1e0
AUTO: _ZN11GCS_MAVLINK35convert_COMMAND_LONG_to_COMMAND_INTERK24__mavlink_command_long_tR23__mavlink_command_int_t9MAV_FRAME @ 0x9de8c0
AUTO: _ZN11GCS_MAVLINK28command_long_stores_locationE7MAV_CMD @ 0x9dea80
AUTO: _ZL30convert_COMMAND_LONG_loc_paramfb @ 0x9deb60
AUTO: _ZL3MINIfiEDTqultfp_fp0_fp_fp0_ERKT_RKT0_ @ 0x9dec10
AUTO: _ZNK11GCS_MAVLINK17vfr_hud_climbrateEv @ 0x9decb0
AUTO: _ZL36mavlink_msg_global_position_int_send17mavlink_channel_tjiiiissst @ 0x9ded70
AUTO: _ZN10AP_Terrain12send_requestE17mavlink_channel_t @ 0x9dee90
AUTO: _ZN10AP_Terrain11send_reportE17mavlink_channel_t @ 0x9defe0
AUTO: _ZNK17GCS_MAVLINK_Plane9send_windEv @ 0x9df090
AUTO: _ZN7AP_ADSB17send_adsb_vehicleE17mavlink_channel_t @ 0x9df160
AUTO: _ZN17GCS_MAVLINK_Plane12send_aoa_ssaEv @ 0x9df370
AUTO: _ZN10AP_Landing20send_landing_messageE17mavlink_channel_t @ 0x9df410
AUTO: _ZN17GCS_MAVLINK_Plane15send_hygrometerEv @ 0x9df4f0
AUTO: _ZN11GCS_MAVLINK16try_send_messageE10ap_message @ 0x9df6f0
AUTO: _ZN11GCS_MAVLINK17queued_param_sendEv @ 0x9e03a0
AUTO: _ZNK11GCS_MAVLINK14send_heartbeatEv @ 0x9e0650
AUTO: _ZNK11GCS_MAVLINK8send_rpmEv @ 0x9e0a10
AUTO: _ZN11GCS_MAVLINK24try_send_mission_messageE10ap_message @ 0x9e0af0
AUTO: _ZN7Compass21send_mag_cal_progressERK11GCS_MAVLINK @ 0x9e0cf0
AUTO: _ZN7Compass19send_mag_cal_reportERK11GCS_MAVLINK @ 0x9e0f40
AUTO: _ZN11GCS_MAVLINK19send_battery_statusEv @ 0x9e1270
AUTO: _ZNK7AP_AHRS22send_ekf_status_reportER11GCS_MAVLINK @ 0x9e13c0
AUTO: _ZN11GCS_MAVLINK12send_meminfoEv @ 0x9e14c0
AUTO: _ZNK11GCS_MAVLINK17send_fence_statusEv @ 0x9e1580
AUTO: _ZN11GCS_MAVLINK20send_distance_sensorEv @ 0x9e16c0
AUTO: _ZNK11GCS_MAVLINK16send_system_timeEv @ 0x9e1c00
AUTO: _ZN6AP_GPS20send_mavlink_gps_rawE17mavlink_channel_t @ 0x9e1c90
AUTO: _ZN6AP_GPS20send_mavlink_gps_rtkE17mavlink_channel_th @ 0x9e1fe0
AUTO: _ZN6AP_GPS21send_mavlink_gps2_rawE17mavlink_channel_t @ 0x9e20c0
AUTO: _ZNK11GCS_MAVLINK19send_local_positionEv @ 0x9e2460
AUTO: _ZNK11GCS_MAVLINK34send_gimbal_device_attitude_statusEv @ 0x9e2530
AUTO: _ZN11GCS_MAVLINK16send_opticalflowEv @ 0x9e28f0
AUTO: _ZN11GCS_MAVLINK17send_power_statusEv @ 0x9e2a60
AUTO: _ZNK11GCS_MAVLINK16send_rc_channelsEv @ 0x9e2b70
AUTO: _ZNK11GCS_MAVLINK20send_rc_channels_rawEv @ 0x9e2e30
AUTO: _ZN11GCS_MAVLINK12send_raw_imuEv @ 0x9e2fb0
AUTO: _ZN11GCS_MAVLINK15send_scaled_imuEhPFv17mavlink_channel_tjssssssssssE @ 0x9e33c0
AUTO: _ZL28mavlink_msg_scaled_imu2_send17mavlink_channel_tjssssssssss @ 0x9e3680
AUTO: _ZL28mavlink_msg_scaled_imu3_send17mavlink_channel_tjssssssssss @ 0x9e37f0
AUTO: _ZN11GCS_MAVLINK20send_scaled_pressureEv @ 0x9e3ba0
AUTO: _ZN11GCS_MAVLINK21send_scaled_pressure2Ev @ 0x9e3c00
AUTO: _ZN11GCS_MAVLINK13send_airspeedEv @ 0x9e3c60
AUTO: _ZNK11GCS_MAVLINK13send_simstateEv @ 0x9e3e20
AUTO: _ZN11GCS_MAVLINK15send_sys_statusEv @ 0x9e3f40
AUTO: _ZN11GCS_MAVLINK10send_ahrs2Ev @ 0x9e4230
AUTO: _ZN11GCS_MAVLINK9send_ahrsEv @ 0x9e4310
AUTO: _ZN11GCS_MAVLINK12send_vfr_hudEv @ 0x9e4490
AUTO: _ZNK11GCS_MAVLINK14send_vibrationEv @ 0x9e45d0
AUTO: _ZNK11GCS_MAVLINK21send_generator_statusEv @ 0x9e46c0
AUTO: _ZN12AP_ESC_Telem26send_esc_telemetry_mavlinkEh @ 0x9e4a40
AUTO: _ZN6AP_EFI19send_mavlink_statusE17mavlink_channel_t @ 0x9e4ed0
AUTO: _ZN6AP_AIS13get_singletonEv @ 0x9e56a0
AUTO: _ZN11GCS_MAVLINK20send_available_modesEv @ 0x9e5820
AUTO: _ZNK11GCS_MAVLINK21battery_remaining_pctEh @ 0x9e6030
AUTO: _ZL3MINIhiEDTqultfp_fp0_fp_fp0_ERKT_RKT0_.7263 @ 0x9e64e0
AUTO: _ZL44mavlink_msg_esc_telemetry_1_to_4_send_struct17mavlink_channel_tPK32__mavlink_esc_telemetry_1_to_4_t @ 0x9e6800
AUTO: _ZN12AP_Generator21send_generator_statusERK11GCS_MAVLINK @ 0x9e6e00
AUTO: _ZL26mavlink_msg_vibration_send17mavlink_channel_tmfffjjj @ 0x9e6e80
AUTO: _ZL24mavlink_msg_vfr_hud_send17mavlink_channel_tffstff @ 0x9e6f90
AUTO: _ZNK7AP_AHRS12get_error_rpEv @ 0x9e7120
AUTO: _ZNK7AP_AHRS13get_error_yawEv @ 0x9e7180
AUTO: _ZL21mavlink_msg_ahrs_send17mavlink_channel_tfffffff @ 0x9e71e0
AUTO: _ZL22mavlink_msg_ahrs2_send17mavlink_channel_tffffii @ 0x9e7300
AUTO: _ZNK9AP_Logger11num_droppedEv @ 0x9e7400
AUTO: _ZNK14AP_BattMonitor11gcs_voltageEv @ 0xb53200
AUTO: _ZL27mavlink_msg_sys_status_send17mavlink_channel_tjjjttsatttttt @ 0x9e7480
AUTO: _ZNK14AP_BattMonitor11gcs_voltageEh @ 0x9e7620
AUTO: _ZNK17AP_Logger_Backend11num_droppedEv @ 0xb53250
AUTO: _ZL7radiansf.17181 @ 0x9e7a40
AUTO: _ZNK4SITL3SIM13simstate_sendE17mavlink_channel_t @ 0x9e7dc0
AUTO: _ZL25mavlink_msg_simstate_send17mavlink_channel_tfffffffffii @ 0x9e7f90
AUTO: _ZL32mavlink_msg_airspeed_send_struct17mavlink_channel_tPK20__mavlink_airspeed_t @ 0x9e8130
AUTO: _ZL33mavlink_msg_scaled_pressure2_send17mavlink_channel_tjffss @ 0x9e81b0
AUTO: _ZN11GCS_MAVLINK29send_scaled_pressure_instanceEhPFv17mavlink_channel_tjffssE @ 0x9e8290
AUTO: _ZL32mavlink_msg_scaled_pressure_send17mavlink_channel_tjffss @ 0x9e8480
AUTO: _ZL24mavlink_msg_raw_imu_send17mavlink_channel_tmssssssssshs @ 0x9e85e0
AUTO: _ZNK11GCS_MAVLINK16sending_mavlink1Ev @ 0x9e8760
AUTO: _ZNK11GCS_MAVLINK13receiver_rssiEv @ 0x9e87c0
AUTO: _ZL28mavlink_msg_rc_channels_send17mavlink_channel_tjhtttttttttttttttttth @ 0x9e89d0
AUTO: _ZL29mavlink_msg_power_status_send17mavlink_channel_tttt @ 0x9e8c40
AUTO: _ZN8AP_Mount34send_gimbal_device_attitude_statusE17mavlink_channel_t @ 0x9e96c0
AUTO: _ZL35mavlink_msg_local_position_ned_send17mavlink_channel_tjffffff @ 0x9e9d20
AUTO: _ZNK6AP_GPS12gps_yaw_cdegEh @ 0x9e9e30
AUTO: _ZNK6AP_GPS23have_gps_yaw_configuredEh @ 0xb534b0
AUTO: _ZL28mavlink_msg_gps_raw_int_send17mavlink_channel_tmhiiitttthijjjjt @ 0x9ea130
AUTO: _ZL28mavlink_msg_system_time_send17mavlink_channel_tmj @ 0x9ea320
AUTO: _ZN11GCS_MAVLINK14send_proximityEv @ 0x9eb960
AUTO: _ZL3MINIjjEDTqultfp_fp0_fp_fp0_ERKT_RKT0_.7265 @ 0x9ec8d0
AUTO: _ZL24mavlink_msg_meminfo_send17mavlink_channel_tttj @ 0x9ec950
AUTO: _ZNK7NavEKF318send_status_reportER11GCS_MAVLINK @ 0x9ecbf0
AUTO: _ZNK12NavEKF3_core18send_status_reportER11GCS_MAVLINK @ 0x9ecc80
AUTO: _ZL41mavlink_msg_ekf_status_report_send_struct17mavlink_channel_tPK29__mavlink_ekf_status_report_t @ 0x9ed080
AUTO: _ZNK14AP_BattMonitor13option_is_setEhN21AP_BattMonitor_Params7OptionsE @ 0x9edba0
AUTO: _ZNK11GCS_MAVLINK19send_battery_statusEh @ 0x9edc70
AUTO: _ZL3MINIftEDTqultfp_fp0_fp_fp0_ERKT_RKT0_ @ 0x9ee500
AUTO: _ZNK14AP_BattMonitor14time_remainingERjh @ 0x9ee5a0
AUTO: _ZNK14AP_BattMonitor24get_mavlink_charge_stateEh @ 0x9ee690
AUTO: _ZNK14AP_BattMonitor25get_mavlink_fault_bitmaskEh @ 0x9ee7c0
AUTO: _ZL31mavlink_msg_battery_status_send17mavlink_channel_thhhsPKtsiiaihS1_hj @ 0x9ee870
AUTO: _ZN14typesafe_indexIh12TAG_PriorityErmERKh @ 0xb53700
AUTO: _ZN11GCS_MAVLINK20send_mission_currentERK10AP_Missiont @ 0x9eeff0
AUTO: _ZL37mavlink_msg_mission_item_reached_send17mavlink_channel_tt @ 0x9ef0f0
