Mode: 0 (STABILIZE)
STABILIZE: _ZN16AP_Arming_Copter14pre_arm_checksEb @ 0x5de4e0
STABILIZE: _ZN16AP_Arming_Copter16barometer_checksEb @ 0x5de990
STABILIZE: _ZN16AP_Arming_Copter10ins_checksEb @ 0x5deb20
STABILIZE: _ZN16AP_Arming_Copter10gps_checksEb @ 0x5dec00
STABILIZE: _ZN16AP_Arming_Copter20board_voltage_checksEb @ 0x5dee30
STABILIZE: _ZN16AP_Arming_Copter21rc_calibration_checksEb @ 0x5def30
STABILIZE: _ZN9AP_Arming14mission_checksEb @ 0x5df020
STABILIZE: _ZNK16AP_Arming_Copter25terrain_database_requiredEv @ 0x5df430
STABILIZE: _ZN9AP_Arming13system_checksEb @ 0x5df500
STABILIZE: _ZNK16AP_Arming_Copter16proximity_checksEb @ 0x5dfab0
STABILIZE: _ZN16AP_Arming_Copter20mandatory_gps_checksEb @ 0x5dfcf0
STABILIZE: _ZN16AP_Arming_Copter10alt_checksEb @ 0x5e0170
STABILIZE: _ZN9AP_Arming18opendroneid_checksEb @ 0x5e0320
STABILIZE: _ZN9AP_Arming23rc_in_calibration_checkEb @ 0x5e0410
STABILIZE: _ZN9AP_Arming22serial_protocol_checksEb @ 0x5e04c0
STABILIZE: _ZN2AP13serialmanagerEv @ 0x5e05f0
STABILIZE: _ZNK16AP_SerialManager11have_serialENS_14SerialProtocolEh @ 0x5e0630
STABILIZE: _ZNK9AP_Arming12check_failedEbPKcz @ 0x5e06b0
STABILIZE: _ZN16AP_SerialManager14pre_arm_checksEPch @ 0x5e0900
STABILIZE: _ZNK9AP_ParamTIiL11ap_var_type3EEcvRKiEv @ 0xa98a80
STABILIZE: _ZN6AP_HAL4Util8snprintfEPcmPKcz @ 0x5e0a60
STABILIZE: _ZN6AP_HAL4Util9vsnprintfEPcmPKcP13__va_list_tag @ 0x5e0c40
STABILIZE: _ZN13BufferPrinterC2EPcm @ 0xa98ad0
STABILIZE: _Z13print_vprintfPN6AP_HAL12BetterStreamEPKcP13__va_list_tag @ 0x5e0d80
STABILIZE: _Z11ftoa_enginefPchh @ 0x5e25d0
STABILIZE: _Z12ultoa_invertjPch @ 0x5e2c10
STABILIZE: _ZN6AP_HAL12BetterStreamC2Ev @ 0xa98b80
STABILIZE: _ZN6AP_HAL12BetterStream6printfEPKcz @ 0x5e2de0
STABILIZE: _ZN6AP_HAL12BetterStream7vprintfEPKcP13__va_list_tag @ 0x5e2f90
STABILIZE: _ZN13BufferPrinter5writeEh @ 0xa98be0
STABILIZE: _Z3gcsv @ 0x5e3200
STABILIZE: _ZN3GCS10send_textvE12MAV_SEVERITYPKcP13__va_list_tag @ 0x5e3240
STABILIZE: _ZNK3GCS28statustext_send_channel_maskEv @ 0x5e3310
STABILIZE: _ZN11GCS_MAVLINK19active_channel_maskEv @ 0xa98e80
STABILIZE: _ZN11GCS_MAVLINK22streaming_channel_maskEv @ 0xa98ec0
STABILIZE: _ZN11GCS_MAVLINK20private_channel_maskEv @ 0xa98f00
STABILIZE: _ZN3GCS13get_singletonEv @ 0xa98f40
STABILIZE: _ZNK16AP_SerialManager22find_protocol_instanceENS_14SerialProtocolEh @ 0x5e33a0
STABILIZE: _ZNK13AP_ParamTBaseIaL11ap_var_type1EE3getEv @ 0xa98f80
STABILIZE: _ZNK16AP_SerialManager14protocol_matchENS_14SerialProtocolES0_ @ 0x5e3540
STABILIZE: _ZN16AP_SerialManager13get_singletonEv @ 0xa98fd0
STABILIZE: _Z2rcv @ 0x5e3640
STABILIZE: _ZN11RC_Channels11calibratingEv @ 0xa99010
STABILIZE: _ZNK9AP_Arming12check_failedENS_5CheckEbPKcz @ 0x5e3680
STABILIZE: _ZNK9AP_Arming13check_enabledENS_5CheckE @ 0x5e3910
STABILIZE: _ZN11RC_Channels13get_singletonEv @ 0xa99070
STABILIZE: _ZN2AP11opendroneidEv @ 0x5e39c0
STABILIZE: _ZN14AP_OpenDroneID13pre_arm_checkEPch @ 0x5e3a00
STABILIZE: _ZNK14AP_OpenDroneID14option_enabledENS_7OptionsE @ 0xa990b0
STABILIZE: _ZNK9AP_ParamTIaL11ap_var_type1EEcvRKaEv @ 0xa99140
STABILIZE: _ZN6AP_HAL6millisEv @ 0x5e3cc0
STABILIZE: _ZN13WithSemaphoreD2Ev @ 0x5e3d00
STABILIZE: _ZN6AP_HAL8millis64Ev @ 0x5e3d60
STABILIZE: _ZN6AP_HAL8micros64Ev @ 0x5e3da0
STABILIZE: _ZL14uint64_div1000m @ 0x5e3e40
STABILIZE: _ZN7HALSITL9Scheduler4fromEPN6AP_HAL9SchedulerE @ 0xa99190
STABILIZE: _ZNK7HALSITL9Scheduler18stopped_clock_usecEv @ 0xa991e0
STABILIZE: _ZN6AP_HALL10ts_to_nsecER8timespec @ 0x5e3f30
STABILIZE: _ZNK13AP_ParamTBaseIsL11ap_var_type2EE3getEv @ 0xa99230
STABILIZE: _ZN13WithSemaphoreC2ERN6AP_HAL9SemaphoreEj @ 0x5e3f90
STABILIZE: _ZN14AP_OpenDroneID13get_singletonEv @ 0xa99280
STABILIZE: _ZNK7AP_AHRS17have_inertial_navEv @ 0x5e4140
STABILIZE: _ZNK7AP_AHRS10has_statusE18NavFilterStatusBit @ 0x5e41a0
STABILIZE: _ZNK7AP_AHRS17get_filter_statusER17nav_filter_status @ 0x5e4230
STABILIZE: _ZNK7AP_AHRS8ekf_typeEv @ 0x5e4360
STABILIZE: _ZNK7NavEKF315getFilterStatusER17nav_filter_status @ 0x5e44f0
STABILIZE: _ZN2AP12externalAHRSEv @ 0x5e47e0
STABILIZE: _ZNK15AP_ExternalAHRS17get_filter_statusER17nav_filter_status @ 0x5e4820
STABILIZE: _ZN15AP_ExternalAHRS13get_singletonEv @ 0xa99320
STABILIZE: _ZNK12NavEKF3_core15getFilterStatusER17nav_filter_status @ 0x5e49b0
STABILIZE: _ZNK7AP_AHRS14always_use_EKFEv @ 0xa99360
STABILIZE: _ZNK7AP_AHRS15active_EKF_typeEv @ 0xa993c0
STABILIZE: _ZN2AP4ahrsEv @ 0x5e4a90
STABILIZE: _ZNK7AP_AHRS13pre_arm_checkEbPch @ 0x5e4ad0
STABILIZE: _ZNK8AC_Fence18get_enabled_fencesEv @ 0x5e4e60
STABILIZE: _ZNK7AP_EnumIN9AP_Arming15RequireLocationEEcvKS1_Ev @ 0xa99410
STABILIZE: _ZNK6Copter11position_okEv @ 0x5e4ed0
STABILIZE: _ZNK9AP_ParamTIfL11ap_var_type4EEcvRKfILb1EEEv @ 0xa99460
STABILIZE: _ZN7Vector3IfEC2Ev @ 0xa994b0
STABILIZE: _ZNK7AP_AHRS13get_variancesERfS0_S0_R7Vector3IfES0_ @ 0x5e4f70
STABILIZE: _ZNK7Vector3IfE6lengthEv @ 0xa99510
STABILIZE: _Z4normIffJfEEdT_T0_DpKT1_ @ 0xa99570
STABILIZE: _Z2sqIfJffEEdT_DpKT0_ @ 0xa995f0
STABILIZE: _ZL2sqf.4012 @ 0x5e5140
STABILIZE: _Z2sqIfJfEEdT_DpKT0_ @ 0xa99690
STABILIZE: _ZL2sqf.1211 @ 0x5e5190
STABILIZE: _ZN7Vector2IfEC2Ev @ 0xa99710
STABILIZE: _ZNK7NavEKF312getVariancesERfS0_S0_R7Vector3IfES0_R7Vector2IfE @ 0x5e52f0
STABILIZE: _ZN7Vector3IfE4zeroEv @ 0xa99810
STABILIZE: _ZNK12NavEKF3_core12getVariancesERfS0_S0_R7Vector3IfES0_R7Vector2IfE @ 0x5e54d0
STABILIZE: _ZL3MAXIddEDTqugtfp_fp0_fp_fp0_ERKT_RKT0_.4817 @ 0x5e56d0
STABILIZE: _ZNK7Vector2IdE7tofloatEv @ 0xa99870
STABILIZE: _ZN7Vector2IfEC2Eff @ 0xa998d0
STABILIZE: _ZNK6Copter25ekf_has_absolute_positionEv @ 0x5e59d0
STABILIZE: _ZNK6Copter25ekf_has_relative_positionEv @ 0x5e5b10
STABILIZE: _ZNK14AP_OpticalFlow7enabledEv @ 0xa99950
STABILIZE: _ZNK13AP_VisualOdom7enabledEv @ 0x5e5ca0
STABILIZE: _ZNK9AP_Motors5armedEv @ 0xa999c0
STABILIZE: _ZNK7AP_EnumIN13AP_VisualOdom15VisualOdom_TypeEEcvKS1_Ev @ 0xa99a20
STABILIZE: _ZNK7AP_EnumIN14AP_OpticalFlow4TypeEEcvKS1_Ev @ 0xa99a70
STABILIZE: _ZNK8AC_Fence7presentEv @ 0x5e5d00
STABILIZE: _ZNK19AC_PolyFence_loader17total_fence_countEv @ 0xa99ac0
STABILIZE: _ZNK19AC_PolyFence_loader27get_exclusion_polygon_countEv @ 0xa99b70
STABILIZE: _ZNK19AC_PolyFence_loader27get_inclusion_polygon_countEv @ 0xa99bc0
STABILIZE: _ZNK19AC_PolyFence_loader26get_exclusion_circle_countEv @ 0xa99c10
STABILIZE: _ZNK19AC_PolyFence_loader26get_inclusion_circle_countEv @ 0xa99c60
STABILIZE: _ZNK7AP_AHRS7healthyEv @ 0x5e5da0
STABILIZE: _ZNK15AP_ExternalAHRS7enabledEv @ 0x5e5f80
STABILIZE: _ZNK7AP_AHRS20attitudes_consistentEPch @ 0x5e61e0
STABILIZE: _ZN2AP7compassEv @ 0x5e6840
STABILIZE: _ZNK7Compass11use_for_yawEv @ 0x5e6880
STABILIZE: _ZNK7NavEKF313pre_arm_checkEbPch @ 0x5e6bf0
STABILIZE: _ZNK16AP_NavEKF_Source13pre_arm_checkEbPch @ 0x5e6ec0
STABILIZE: _ZNK16AP_NavEKF_Source12getYawSourceEh @ 0x5e76f0
STABILIZE: _ZNK6AP_DAL8snprintfEPcmPKcz @ 0x5e77d0
STABILIZE: _ZNK12NavEKF3_core7healthyEv @ 0x5e79b0
STABILIZE: _ZNK12NavEKF3_core21prearm_failure_reasonEv @ 0x5e7b60
STABILIZE: _ZNK12NavEKF3_core13pre_arm_checkEbPch @ 0x5e7be0
STABILIZE: _Z2sqIdEdT_ @ 0xa99cb0
STABILIZE: _ZNK16AP_NavEKF_Source14useVelXYSourceENS_8SourceXYEh @ 0x5e7d70
STABILIZE: _ZNK16AP_NavEKF_Source18getActiveSourceSetEh @ 0xa99d10
STABILIZE: _ZNK7AP_EnumIN16AP_NavEKF_Source8SourceXYEEcvKS1_Ev @ 0xa99dc0
STABILIZE: _ZNK16AP_NavEKF_Source13option_is_setENS_13SourceOptionsE @ 0xa99e10
STABILIZE: _ZNK12NavEKF3_core15getFilterFaultsERt @ 0x5e7ea0
STABILIZE: _ZNK11QuaternionTIdE6is_nanEv @ 0xa99e90
STABILIZE: _ZNK7Vector3IdE6is_nanEv @ 0xa99f90
STABILIZE: _ZNK7AP_EnumIN16AP_NavEKF_Source9SourceYawEEcvKS1_Ev @ 0xa9a060
STABILIZE: _ZN2AP3dalEv @ 0x5e7fc0
STABILIZE: _ZN6AP_DAL7compassEv @ 0xa9a0b0
STABILIZE: _ZNK14AP_DAL_Compass15get_num_enabledEv @ 0xa9a100
STABILIZE: _ZN6AP_DAL13get_singletonEv @ 0xa9a150
STABILIZE: _ZnwmRKSt9nothrow_t @ 0x5e8000
STABILIZE: _ZN6AP_DALC2Ev @ 0xa9a1f0
STABILIZE: _ZN8log_RFRNC2Ev @ 0xa9a310
STABILIZE: _ZN8log_ROFHC2Ev @ 0xa9a370
STABILIZE: _ZN8log_REPHC2Ev @ 0xa9a3f0
STABILIZE: _ZN8log_REVHC2Ev @ 0xa9a460
STABILIZE: _ZN8log_RWOHC2Ev @ 0xa9a4b0
STABILIZE: _ZN8log_RBOHC2Ev @ 0xa9a510
STABILIZE: _ZN7Matrix3IfEC2Ev @ 0xa9a590
STABILIZE: _ZN8LocationC2Ev @ 0xa9a610
STABILIZE: _ZN14AP_DAL_CompassC2Ev @ 0x5e8080
STABILIZE: _ZN8log_RMGIC2Ev @ 0xa9a660
STABILIZE: _ZN10AP_DAL_GPSC2Ev @ 0x5e8150
STABILIZE: _ZN8log_RGPIC2Ev @ 0xa9a6d0
STABILIZE: _ZN8log_RGPJC2Ev @ 0xa9a720
STABILIZE: _ZN11AP_DAL_BaroC2Ev @ 0x5e82c0
STABILIZE: _ZN21AP_DAL_InertialSensorC2Ev @ 0x5e8350
STABILIZE: _ZN8log_RISIC2Ev @ 0xa9a780
STABILIZE: _ZN8Location4zeroEv @ 0x5e84e0
STABILIZE: _ZN11QuaternionTIfEC2Ev @ 0xa9a7f0
STABILIZE: _ZN6AP_DAL4baroEv @ 0xa9a860
STABILIZE: _ZN6AP_DAL6beaconEv @ 0xa9a900
STABILIZE: _ZN6AP_DAL3gpsEv @ 0xa9a9c0
STABILIZE: _ZNK6AP_DAL19opticalflow_enabledEv @ 0xa9aa60
STABILIZE: _ZN6AP_DAL11rangefinderEv @ 0xa9aad0
STABILIZE: _ZN6AP_DAL10visualodomEv @ 0xa9ab20
STABILIZE: _ZNK7Compass7healthyEh @ 0x5e8990
STABILIZE: _ZNK7Compass11use_for_yawEh @ 0x5e8a30
STABILIZE: _ZNK7Compass9availableEv @ 0xa9ac40
STABILIZE: _ZN14typesafe_indexIh12TAG_PriorityEC2Eh @ 0xa9acc0
STABILIZE: _ZNK19RestrictIDTypeArrayI9AP_ParamTIaL11ap_var_type1EELj3E14typesafe_indexIh12TAG_PriorityEEixERKS5_ @ 0xa9ad20
STABILIZE: _ZNK7AP_EnumIN7Compass9LearnTypeEEcvKS1_Ev @ 0xa9ada0
STABILIZE: _ZNK14typesafe_indexIh12TAG_PriorityE7get_intEv @ 0xa9adf0
STABILIZE: _ZNK7Compass10_get_stateE14typesafe_indexIh12TAG_PriorityE @ 0xa9ae40
STABILIZE: _ZNK7Compass13_get_state_idE14typesafe_indexIh12TAG_PriorityE @ 0x5e8b10
STABILIZE: _ZNK19RestrictIDTypeArrayIN7Compass9mag_stateELj4E14typesafe_indexIh14TAG_StateIndexEEixERKS4_ @ 0xa9aec0
STABILIZE: _ZNK14typesafe_indexIh14TAG_StateIndexE7get_intEv @ 0xa9af40
STABILIZE: _ZNK19RestrictIDTypeArrayIiLj3E14typesafe_indexIh12TAG_PriorityEEixERKS2_ @ 0xa9af90
STABILIZE: _ZN14typesafe_indexIh14TAG_StateIndexEC2Eh @ 0xa9b010
STABILIZE: _ZNK14typesafe_indexIh14TAG_StateIndexEltERKh @ 0xa9b070
STABILIZE: _ZN14typesafe_indexIh14TAG_StateIndexEppEi @ 0xa9b0e0
STABILIZE: _ZN7Compass13get_singletonEv @ 0xa9b150
STABILIZE: _ZNK7AP_AHRS20get_quat_body_to_nedER11QuaternionTIfE @ 0x5e8c30
STABILIZE: _ZNK7NavEKF211activeCoresEv @ 0xa9b190
STABILIZE: _ZNK11QuaternionTIfE21roll_pitch_differenceERKS0_ @ 0xa9b1e0
STABILIZE: _ZL7radiansi.1993 @ 0x5e8d80
STABILIZE: _ZNK11QuaternionTIfE18angular_differenceERKS0_ @ 0xa9b3f0
STABILIZE: _ZNK11QuaternionTIfE13to_axis_angleER7Vector3IfE @ 0xa9b480
STABILIZE: _ZNK7NavEKF311activeCoresEv @ 0xa9b5d0
STABILIZE: _ZNK7NavEKF322getQuaternionBodyToNEDEaR11QuaternionTIfE @ 0x5e8ef0
STABILIZE: _ZN11QuaternionTIfE20from_rotation_matrixERK7Matrix3IfE @ 0xa9b680
STABILIZE: _ZNK12NavEKF3_core11use_compassEv @ 0x5e91a0
STABILIZE: _ZNK14AP_DAL_Compass11use_for_yawEh @ 0xa9bb90
STABILIZE: _ZNK12NavEKF3_core20getRotationBodyToNEDER7Matrix3IfE @ 0x5e9270
STABILIZE: _ZNK11QuaternionTIdE15rotation_matrixER7Matrix3IfE @ 0xa9bc00
STABILIZE: _ZNK6AP_DAL43get_rotation_vehicle_body_to_autopilot_bodyEv @ 0xa9be10
STABILIZE: _ZNK7Matrix3IfEmlERKS0_ @ 0xa9be60
STABILIZE: _ZN7Vector3IfEC2Efff @ 0xa9c0d0
STABILIZE: _ZN7Matrix3IfEC2ERK7Vector3IfES4_S4_ @ 0xa9c160
STABILIZE: _ZL2sqf.3887 @ 0x5e9330
STABILIZE: _Z7is_zerof @ 0xa9c210
STABILIZE: _ZN7Vector3IfEdVEf @ 0xa9c280
STABILIZE: _Z7wrap_PId @ 0x5e9380
STABILIZE: _ZN7Vector3IfEmLEf @ 0xa9c310
STABILIZE: _Z8wrap_2PId @ 0x5e9410
STABILIZE: _ZNK11QuaternionTIfE7inverseEv @ 0xa9c3a0
STABILIZE: _ZNK11QuaternionTIfEmlERKS0_ @ 0xa9c420
STABILIZE: _ZN11QuaternionTIfEC2Effff @ 0xa9c650
STABILIZE: _ZNK11QuaternionTIfE15rotation_matrixER7Matrix3IfE @ 0xa9c700
STABILIZE: _ZNK7Matrix3IfE13mul_transposeERK7Vector3IfE @ 0xa9c8f0
STABILIZE: _ZNK7Vector3IfEmiERKS0_ @ 0xa9ca00
STABILIZE: _Z20constrain_value_lineIfET_S0_S0_S0_j @ 0xa9cab0
STABILIZE: _ZN2AP13internalerrorEv @ 0x5e9500
STABILIZE: _ZNK7AP_AHRS24get_rotation_body_to_nedEv @ 0xa9cbd0
STABILIZE: _ZN2AP3gpsEv @ 0x5e9f80
STABILIZE: _ZNK6AP_GPS8get_typeEh @ 0xa9ccc0
STABILIZE: _ZNK7AP_EnumIN6AP_GPS8GPS_TypeEEcvKS1_Ev @ 0xa9cd50
STABILIZE: _ZN6AP_GPS13get_singletonEv @ 0xa9cda0
STABILIZE: _ZNK7AP_EnumIN15AP_ExternalAHRS7DevTypeEEcvKS1_Ev @ 0xa9cde0
STABILIZE: _ZNK7NavEKF37healthyEv @ 0x5ea0d0
STABILIZE: _ZN7AP_AHRS13get_singletonEv @ 0xa9ce80
STABILIZE: _ZNK9AP_Arming16proximity_checksEb @ 0x5ea240
STABILIZE: _ZNK8AC_Avoid27proximity_avoidance_enabledEv @ 0xa9cec0
STABILIZE: _ZNK12AP_Proximity18get_closest_objectERfS0_ @ 0x5ea310
STABILIZE: _ZNK24AP_Proximity_Boundary_3D18get_closest_objectERfS0_ @ 0x5ea390
STABILIZE: _ZN2AP9proximityEv @ 0x5ea550
STABILIZE: _ZNK12AP_Proximity14prearm_healthyEPch @ 0x5ea590
STABILIZE: _ZN12AP_Proximity13get_singletonEv @ 0xa9cf40
STABILIZE: _ZN8AP_Param15get_eeprom_fullEv @ 0xa9cf80
STABILIZE: _ZN2AP9schedulerEv @ 0x5ea870
STABILIZE: _ZN12AP_Scheduler25get_filtered_loop_rate_hzEv @ 0xa9cfc0
STABILIZE: _ZN12AP_Scheduler16get_loop_rate_hzEv @ 0xa9d010
STABILIZE: _ZN10AP_Terrain13get_singletonEv @ 0xa9d0a0
STABILIZE: _ZNK10AP_Terrain11init_failedEv @ 0xa9d0e0
STABILIZE: _ZN12AP_Scripting13get_singletonEv @ 0xa9d140
STABILIZE: _ZNK12AP_Scripting13arming_checksEmPc @ 0x5ea8b0
STABILIZE: _ZN2AP4ADSBEv @ 0x5eaba0
STABILIZE: _ZNK7AP_ADSB7enabledEv @ 0xa9d180
STABILIZE: _ZNK16AP_InternalError6errorsEv @ 0xa9d2a0
STABILIZE: _ZN2AP3rpmEv @ 0x5ead30
STABILIZE: _ZNK6AP_RPM13arming_checksEmPc @ 0x5ead70
STABILIZE: _ZN2AP5relayEv @ 0x5eb0a0
STABILIZE: _ZNK8AP_Relay13arming_checksEmPc @ 0x5eb0e0
STABILIZE: _ZN2AP9parachuteEv @ 0x5eb430
STABILIZE: _ZNK12AP_Parachute13arming_checksEmPc @ 0x5eb470
STABILIZE: _ZN2AP6buttonEv @ 0x5eb610
STABILIZE: _ZNK9AP_Button13arming_checksEmPc @ 0x5eb650
STABILIZE: _ZN9AP_Button13get_singletonEv @ 0xa9d340
STABILIZE: _ZN12SRV_Channels17function_assignedEN11SRV_Channel8FunctionE @ 0x5eb8e0
STABILIZE: _ZNK7AP_EnumIN15AP_Relay_Params8FUNCTIONEEcvKS1_Ev @ 0xa9d380
STABILIZE: _ZNK9AP_ParamTIsL11ap_var_type2EEcvRKsEv @ 0xa9d3d0
STABILIZE: _ZN12SRV_Channels25update_aux_servo_functionEv @ 0x5eba30
STABILIZE: _ZNK7BitmaskILt190EE3getEt @ 0xa9d420
STABILIZE: _ZNK7BitmaskILt190EE8validateEt @ 0xa9d4f0
STABILIZE: _ZN7BitmaskILt190EE8clearallEv @ 0xa9d580
STABILIZE: _ZNK11SRV_Channel14valid_functionEv @ 0xa9d5e0
STABILIZE: _ZN11SRV_Channel24aux_servo_function_setupEv @ 0x5ebbb0
STABILIZE: _ZN7BitmaskILt190EE3setEt @ 0xa9d640
STABILIZE: _ZNK9AP_Enum16IN11SRV_Channel8FunctionEEcvKS1_Ev @ 0xa9d700
STABILIZE: _ZN11SRV_Channel14valid_functionENS_8FunctionE @ 0xa9d750
STABILIZE: _ZN12AP_Parachute13get_singletonEv @ 0xa9d7c0
STABILIZE: _ZNK8AP_Relay14function_validEN15AP_Relay_Params8FUNCTIONE @ 0x5ebdd0
STABILIZE: _ZNK8AP_Relay8DroneCAN9valid_pinEs @ 0x5ebe40
STABILIZE: _ZN8AP_Relay13get_singletonEv @ 0xa9d800
STABILIZE: _ZN6AP_RPM13get_singletonEv @ 0xa9d840
STABILIZE: _ZN7AP_ADSB13get_singletonEv @ 0xa9d880
STABILIZE: _ZNK12AP_Scripting7enabledEv @ 0xa9d8c0
STABILIZE: _ZNK12AP_Scripting13option_is_setENS_11DebugOptionE @ 0xa9d930
STABILIZE: _ZNK13AP_ParamTBaseIiL11ap_var_type3EE3getEv @ 0xa9da30
STABILIZE: _ZNK2AP8PerfInfo25get_filtered_loop_rate_hzEv @ 0x5ebfa0
STABILIZE: _ZNK2AP8PerfInfo17get_filtered_timeEv @ 0x5ec030
STABILIZE: _ZN12AP_Scheduler13get_singletonEv @ 0x5ec080
STABILIZE: _ZNK8AC_WPNav18get_terrain_sourceEv @ 0x5ec0c0
STABILIZE: _ZNK7ModeRTL12get_alt_typeEv @ 0x5ec180
STABILIZE: _ZNK9AP_Arming25terrain_database_requiredEv @ 0x5ec210
STABILIZE: _ZN2AP7missionEv @ 0x5ec2a0
STABILIZE: _ZN10AP_Mission26contains_terrain_alt_itemsEv @ 0x5ec2e0
STABILIZE: _ZNK10AP_Mission36calculate_contains_terrain_alt_itemsEv @ 0x5ec370
STABILIZE: _ZNK10AP_Mission12num_commandsEv @ 0xa9da80
STABILIZE: _ZNK10AP_Mission14get_command_idEt @ 0x5ec480
STABILIZE: _ZN10AP_Mission18stored_in_locationEt @ 0x5ec580
STABILIZE: _ZN10AP_Mission15Mission_CommandC2Ev @ 0xa9dae0
STABILIZE: _ZNK10AP_Mission21read_cmd_from_storageEtRNS_15Mission_CommandE @ 0x5ec710
STABILIZE: _ZN10AP_Mission7ContentC2Ev @ 0xa9db40
STABILIZE: _ZNK7AP_AHRS8get_homeEv @ 0xa9db90
STABILIZE: _ZNK13StorageAccess9read_byteEt @ 0x5ecbd0
STABILIZE: _ZNK13StorageAccess11read_uint16Et @ 0x5ecc40
STABILIZE: _ZNK13StorageAccess10read_blockEPvtm @ 0x5eccc0
STABILIZE: _ZN10AP_Mission13get_singletonEv @ 0xa9dbe0
STABILIZE: _ZNK7AP_EnumIN7ModeRTL10RTLAltTypeEEcvKS1_Ev @ 0xa9dc20
STABILIZE: _ZN2AP7terrainEv @ 0x5ed1f0
STABILIZE: _ZNK10AP_Terrain7enabledEv @ 0xa9dc70
STABILIZE: _ZN2AP5rallyEv @ 0x5ed330
STABILIZE: _ZNK7AP_AHRS12get_locationER8Location @ 0x5ed370
STABILIZE: _ZNK10AP_Mission21failed_sdcard_storageEv @ 0xa9dcd0
STABILIZE: _ZN14StorageManager14storage_failedEv @ 0xa9dd30
STABILIZE: _ZN2AP7vehicleEv @ 0x5ed5e0
STABILIZE: _ZNK10AP_Mission7presentEv @ 0xa9dd70
STABILIZE: _ZN10AP_Vehicle13get_singletonEv @ 0x5ed620
STABILIZE: _ZNK8AP_Rally26get_rally_point_with_indexEhR13RallyLocation @ 0x5ed660
STABILIZE: _ZNK8Location12get_distanceERKS_ @ 0x5ed840
STABILIZE: _ZN8Location14diff_longitudeEii @ 0x5ed910
STABILIZE: _ZN8Location15longitude_scaleEi @ 0x5ed9f0
STABILIZE: _Z4normIddJEEdT_T0_DpKT1_ @ 0xa9dde0
STABILIZE: _Z2sqIdJdEEdT_DpKT0_ @ 0xa9de50
STABILIZE: _ZL3MAXIdfEDTqugtfp_fp0_fp_fp0_ERKT_RKT0_ @ 0x5eda90
STABILIZE: _ZN8LocationC2EiiiNS_8AltFrameE @ 0x5edb30
STABILIZE: _ZN8Location10set_alt_cmEiNS_8AltFrameE @ 0x5edbd0
STABILIZE: _ZN8AP_Rally13get_singletonEv @ 0xa9ded0
STABILIZE: _ZNK9AP_Arming20rc_checks_copter_subEbPPK10RC_Channel @ 0x5edcc0
STABILIZE: _ZN9AP_Arming21rc_calibration_checksEb @ 0x5ede70
STABILIZE: _ZN11RC_Channels23get_valid_channel_countEv @ 0x5ee020
STABILIZE: _ZNK10RC_Channel12has_overrideEv @ 0x5ee090
STABILIZE: _ZNK10RC_Channel14get_radio_trimEv @ 0xa9df10
STABILIZE: _ZNK10RC_Channel13get_radio_minEv @ 0xa9df70
STABILIZE: _ZNK10RC_Channel13get_radio_maxEv @ 0xa9dfd0
STABILIZE: _ZNK13AP_ParamTBaseIfL11ap_var_type4EE3getEv @ 0xa9e110
STABILIZE: _Z11is_positiveIfEbT_ @ 0xa9e160
STABILIZE: _ZL3MINIihEDTqultfp_fp0_fp_fp0_ERKT_RKT0_.6943 @ 0x5ee150
STABILIZE: _ZN9AP_Arming20board_voltage_checksEb @ 0x5ee1e0
STABILIZE: _ZNK14AP_BattMonitor13has_failsafedEv @ 0xa9e1c0
STABILIZE: _ZN14AP_BoardConfig25get_minimum_board_voltageEv @ 0xa9e220
STABILIZE: _ZN14AP_BoardConfig25get_minimum_servo_voltageEv @ 0xa9e2a0
STABILIZE: _ZNK6AP_GPS11num_sensorsEv @ 0x5ee860
STABILIZE: _ZNK6AP_GPS8get_hdopEh @ 0xa9e380
STABILIZE: _ZNK6AP_GPS14primary_sensorEv @ 0xa9e3f0
STABILIZE: _ZNK6AP_GPS6statusEh @ 0xa9e440
STABILIZE: _ZNK6AP_GPS10is_healthyEh @ 0x5eea80
STABILIZE: _ZNK7AP_AHRS11home_is_setEv @ 0xa9e500
STABILIZE: _ZNK6AP_GPS8locationEv @ 0xa9e560
STABILIZE: _ZNK6AP_GPS22first_unconfigured_gpsERh @ 0x5eed40
STABILIZE: _ZN3GCS9send_textE12MAV_SEVERITYPKcz @ 0x5eef10
STABILIZE: _ZNK6AP_GPS8locationEh @ 0xa9e5c0
STABILIZE: _ZNK6AP_GPS12is_rtk_roverEh @ 0x5ef1f0
STABILIZE: _ZN9AP_Arming10ins_checksEb @ 0x5ef550
STABILIZE: _ZN16AP_Arming_Copter26pre_arm_ekf_attitude_checkEv @ 0x5ef940
STABILIZE: _ZN2AP3insEv @ 0x5ef9a0
STABILIZE: _ZNK17AP_InertialSensor19get_gyro_health_allEv @ 0x5ef9e0
STABILIZE: _ZNK17AP_InertialSensor22gyro_calibrated_ok_allEv @ 0x5efaa0
STABILIZE: _ZNK17AP_InertialSensor20get_accel_health_allEv @ 0x5efbb0
STABILIZE: _ZNK17AP_InertialSensor23accel_calibrated_ok_allEv @ 0x5efc70
STABILIZE: _ZNK17AP_InertialSensor25accel_cal_requires_rebootEv @ 0xa9e6b0
STABILIZE: _ZN9AP_Arming21ins_accels_consistentERK17AP_InertialSensor @ 0x5eff40
STABILIZE: _ZN9AP_Arming20ins_gyros_consistentERK17AP_InertialSensor @ 0x5f0040
STABILIZE: _ZNK17AP_InertialSensor23temperature_cal_runningEv @ 0x5f0130
STABILIZE: _ZNK17AP_InertialSensor12BatchSampler7enabledEv @ 0xa9e710
STABILIZE: _ZNK17AP_InertialSensor34pre_arm_check_gyro_backend_rate_hzEPct @ 0x5f01d0
STABILIZE: _ZN2AP3fftEv @ 0x5f0380
STABILIZE: _ZN10AP_GyroFFT13pre_arm_checkEPch @ 0x5f03c0
STABILIZE: _ZNK10AP_GyroFFT16analysis_enabledEv @ 0xa9e7e0
STABILIZE: _ZN11ExpectDelayD2Ev @ 0x5f0b10
STABILIZE: _ZN12ObjectBufferIfEC2Ej @ 0xa9e870
STABILIZE: _ZdlPv @ 0x5f1090
STABILIZE: _ZN7Vector3IfEixEh @ 0xa9eb70
STABILIZE: _ZN10DigitalLPFIfE6_applyERKfS2_ @ 0xa9eed0
STABILIZE: _Z15constrain_int16sss @ 0xa9f4d0
STABILIZE: _Z15constrain_valueIsET_S0_S0_S0_ @ 0xa9f560
STABILIZE: _ZNK10ByteBuffer5spaceEv @ 0x5f28b0
STABILIZE: _ZN10ByteBuffer5writeEPKhj @ 0x5f2b10
STABILIZE: _ZN10ByteBuffer7reserveEPNS_5IoVecEj @ 0x5f2c30
STABILIZE: _ZN10ByteBuffer6commitEj @ 0x5f2e60
STABILIZE: _ZN10ByteBuffer5clearEv @ 0x5f3020
STABILIZE: _ZNK10ByteBuffer8get_sizeEv @ 0xa9f610
STABILIZE: _ZN10ByteBufferC2Ej @ 0x5f31a0
STABILIZE: _ZN11ExpectDelayC2Ej @ 0x5f32d0
STABILIZE: _ZN10AP_GyroFFT13get_singletonEv @ 0xa9f660
STABILIZE: _ZNK17AP_InertialSensor14get_gyro_countEv @ 0xa9f6a0
STABILIZE: _ZNK17AP_InertialSensor4_useEh @ 0xa9f710
STABILIZE: _ZNK17AP_InertialSensor8_gyro_idEh @ 0xa9f770
STABILIZE: _ZN17AP_InertialSensor8_gyro_idEh @ 0xa9f7d0
STABILIZE: _ZN17AP_InertialSensor4_useEh @ 0xa9f840
STABILIZE: _ZL3MINIihEDTqultfp_fp0_fp_fp0_ERKT_RKT0_.3586 @ 0x5f3390
STABILIZE: _ZNK17AP_InertialSensor4tcalEh @ 0xa9f8b0
STABILIZE: _ZNK7AP_EnumIN22AP_InertialSensor_TCal6EnableEEcvKS1_Ev @ 0xa9f910
STABILIZE: _ZN17AP_InertialSensor4tcalEh @ 0xa9f960
STABILIZE: _ZNK17AP_InertialSensor16gyros_consistentEh @ 0x5f3420
STABILIZE: _ZNK17AP_InertialSensor8get_gyroEv @ 0xa9f9d0
STABILIZE: _ZNK17AP_InertialSensor8use_gyroEh @ 0x5f3550
STABILIZE: _ZNK17AP_InertialSensor8get_gyroEh @ 0xa9fa30
STABILIZE: _ZL7radiansi.3656 @ 0x5f3610
STABILIZE: _ZNK17AP_InertialSensor15get_gyro_healthEh @ 0xa9faa0
STABILIZE: _ZNK17AP_InertialSensor17accels_consistentEf @ 0x5f3670
STABILIZE: _ZNK17AP_InertialSensor15get_accel_countEv @ 0xa9fb40
STABILIZE: _ZL3MINIihEDTqultfp_fp0_fp_fp0_ERKT_RKT0_ @ 0x5f37d0
STABILIZE: _ZNK17AP_InertialSensor9get_accelEv @ 0xa9fbb0
STABILIZE: _ZNK17AP_InertialSensor9use_accelEh @ 0x5f3860
STABILIZE: _ZNK17AP_InertialSensor9get_accelEh @ 0xa9fc10
STABILIZE: _ZNK17AP_InertialSensor16get_accel_healthEh @ 0xa9fc80
STABILIZE: _ZNK17AP_InertialSensor13_accel_offsetEh @ 0xa9fd20
STABILIZE: _ZNK9AP_ParamVI7Vector3IfEL11ap_var_type5EE3getEv @ 0xa9fd80
STABILIZE: _ZNK7Vector3IfE7is_zeroEv @ 0xa9fdd0
STABILIZE: _ZNK17AP_InertialSensor12_accel_scaleEh @ 0xa9fe80
STABILIZE: _ZNK17AP_InertialSensor9_accel_idEh @ 0xa9fee0
STABILIZE: _Z8is_equalIffENSt3__19enable_ifIXsr3std17is_floating_pointINS0_11common_typeIJT_T0_EE4typeEEE5valueEbE4typeES3_S4_ @ 0xa9ff40
STABILIZE: _ZN17AP_InertialSensor9_accel_idEh @ 0xa9ffc0
STABILIZE: _ZN17AP_InertialSensor12_accel_scaleEh @ 0xaa0030
STABILIZE: _ZN17AP_InertialSensor13_accel_offsetEh @ 0xaa00a0
STABILIZE: _ZNK17AP_InertialSensor18gyro_calibrated_okEh @ 0xaa0110
STABILIZE: _ZN17AP_InertialSensor13get_singletonEv @ 0x5f3920
STABILIZE: _ZN17AP_InertialSensorC2Ev @ 0x5f39c0
STABILIZE: _ZN18AP_AccelCal_ClientC2Ev @ 0xaa0180
STABILIZE: _ZN17AP_InertialSensor12BatchSamplerC2ERKS_ @ 0xaa01e0
STABILIZE: _ZN17AP_InertialSensor13HarmonicNotchC2Ev @ 0xaa02b0
STABILIZE: _ZN9AP_ParamTIiL11ap_var_type3EEC2Ev @ 0xaa0300
STABILIZE: _ZN9AP_ParamVI7Vector3IfEL11ap_var_type5EEC2Ev @ 0xaa0350
STABILIZE: _ZN9AP_ParamTIsL11ap_var_type2EEC2Ev @ 0xaa03b0
STABILIZE: _ZN9AP_ParamTIaL11ap_var_type1EEC2Ev @ 0xaa0400
STABILIZE: _ZN13LowPassFilterI7Vector3IfEEC2Ev @ 0xaa0450
STABILIZE: _ZN9AP_ParamTIfL11ap_var_type4EEC2Ev @ 0xaa04a0
STABILIZE: _ZN22AP_InertialSensor_TCalC2Ev @ 0xaa04f0
STABILIZE: _ZN8AP_Param21setup_object_defaultsEPKvPKNS_9GroupInfoE @ 0x5f45d0
STABILIZE: _ZN13LowPassFilterI7Vector3IfEE20set_cutoff_frequencyERKf @ 0xaa0610
STABILIZE: _ZN11AP_AccelCal15register_clientEP18AP_AccelCal_Client @ 0x5f4760
STABILIZE: _ZN8AP_Param17get_default_valueEPKS_RKNS_9GroupInfoE @ 0x5f4840
STABILIZE: _ZN8AP_Param9set_valueE11ap_var_typePvf @ 0x5f4950
STABILIZE: _ZN9AP_ParamVI7Vector3IfEL11ap_var_type5EE3setERKS1_ @ 0xaa0680
STABILIZE: _ZN13AP_ParamTBaseIaL11ap_var_type1EE3setERKa @ 0xaa06f0
STABILIZE: _ZN13AP_ParamTBaseIsL11ap_var_type2EE3setERKs @ 0xaa0750
STABILIZE: _ZN13AP_ParamTBaseIiL11ap_var_type3EE3setERKi @ 0xaa07c0
STABILIZE: _ZN13AP_ParamTBaseIfL11ap_var_type4EE3setERKf @ 0xaa0820
STABILIZE: _ZN7AP_EnumIN22AP_InertialSensor_TCal6EnableEEC2Ev @ 0xaa0890
STABILIZE: _ZN13AP_ParamTBaseIfL11ap_var_type4EEC2Ev @ 0xaa08e0
STABILIZE: _ZN8AP_ParamC2Ev @ 0xaa0930
STABILIZE: _ZN10DigitalLPFI7Vector3IfEEC2Ev @ 0xaa0980
STABILIZE: _ZN13AP_ParamTBaseIaL11ap_var_type1EEC2Ev @ 0xaa09f0
STABILIZE: _ZN13AP_ParamTBaseIsL11ap_var_type2EEC2Ev @ 0xaa0a40
STABILIZE: _ZN13AP_ParamTBaseIiL11ap_var_type3EEC2Ev @ 0xaa0a90
STABILIZE: _ZN15LowPassFilter2pI7Vector3IfEEC2Ev @ 0xaa0ae0
STABILIZE: _ZN19DigitalBiquadFilterI7Vector3IfEEC2Ev @ 0xaa0b50
STABILIZE: _ZN25HarmonicNotchFilterParamsC2Ev @ 0x5f4a50
STABILIZE: _ZN17NotchFilterParamsC2Ev @ 0xaa0bf0
STABILIZE: _ZNK7Vector3IfEneERKS0_ @ 0xaa0f50
STABILIZE: _ZNK8AP_Param6notifyEv @ 0x5f5260
STABILIZE: _ZNK8AP_Param13find_var_infoEPjRPKNS_9GroupInfoERNS_12GroupNestingEPh @ 0x5f5390
STABILIZE: _ZNK8AP_Param14copy_name_infoEPKNS_4InfoEPKNS_9GroupInfoERKNS_12GroupNestingEhPcmb @ 0x5f5610
STABILIZE: _ZNK8AP_Param14send_parameterEPKc11ap_var_typeh @ 0x5f5870
STABILIZE: _ZNK8AP_Param13cast_to_floatE11ap_var_type @ 0x5f5a10
STABILIZE: _ZN3GCS20send_parameter_valueEPKc11ap_var_typef @ 0x5f5b00
STABILIZE: _ZL3MINImmEDTqultfp_fp0_fp_fp0_ERKT_RKT0_.6631 @ 0x5f5c40
STABILIZE: _ZN11GCS_MAVLINK14mav_param_typeE11ap_var_type @ 0x5f5cc0
STABILIZE: _ZN8AP_Param16count_parametersEv @ 0x5f5d50
STABILIZE: _ZN3GCS23send_to_active_channelsEjPKc @ 0x5f5f00
STABILIZE: _ZN9AP_Logger13get_singletonEv @ 0xaa1020
STABILIZE: _ZN9AP_Logger15Write_ParameterEPKcf @ 0x5f6020
STABILIZE: _ZNK9AP_Logger10quiet_nanfEv @ 0xaa1060
STABILIZE: _ZN17AP_Logger_Backend15Write_ParameterEPKcff @ 0x5f6110
STABILIZE: _Z14strncpy_notermPcPKcm @ 0x5f6230
STABILIZE: _ZN17AP_Logger_Backend18WriteCriticalBlockEPKvt @ 0xaa10b0
STABILIZE: _ZN17AP_Logger_Backend21WritePrioritisedBlockEPKvtbb @ 0x5f62e0
STABILIZE: _ZN17AP_Logger_Backend30validate_WritePrioritisedBlockEPKvt @ 0x5f64b0
STABILIZE: _ZN17AP_Logger_Backend9ShouldLogEb @ 0x5f66a0
STABILIZE: _ZNK17AP_Logger_Backend23message_type_from_blockEPKvtR11LogMessages @ 0x5f6c60
STABILIZE: _ZNK17AP_Logger_Backend28have_emitted_format_for_typeE11LogMessages @ 0xaa1130
STABILIZE: _ZN17AP_Logger_Backend12Write_FormatEPK12LogStructure @ 0x5f7210
STABILIZE: _ZN17AP_Logger_Backend11Fill_FormatEPK12LogStructureR10log_Format @ 0x5f7470
STABILIZE: _ZN7BitmaskILt256EE3setEt @ 0xaa11a0
STABILIZE: _ZNK7BitmaskILt256EE8validateEt @ 0xaa1260
STABILIZE: _ZNK9AP_Logger22structure_for_msg_typeEh @ 0x5f75a0
STABILIZE: _ZNK9AP_Logger9structureEt @ 0x5f76f0
STABILIZE: _ZNK7BitmaskILt256EE3getEt @ 0xaa12f0
STABILIZE: _ZNK6AP_HAL4Util14get_soft_armedEv @ 0xaa13c0
STABILIZE: _ZN2AP6loggerEv @ 0x5f7760
STABILIZE: _ZNK9AP_Logger18in_log_persistanceEv @ 0x5f77a0
STABILIZE: _Z7is_zeroI9AP_ParamTIfL11ap_var_type4EEEbT_ @ 0xaa1420
STABILIZE: _ZNK12AP_Scheduler5ticksEv @ 0xaa1480
STABILIZE: _ZN6AP_HAL8millis16Ev @ 0x5f79b0
STABILIZE: _ZNK6AP_HAL4Util21get_last_armed_changeEv @ 0xaa1590
STABILIZE: _ZNK9AP_Logger13WritesEnabledEv @ 0xaa15e0
STABILIZE: _ZNK19LoggerMessageWriter8finishedEv @ 0xaa1640
STABILIZE: _ZNK9AP_Logger15in_log_downloadEv @ 0x5f79f0
STABILIZE: _ZNK9AP_Logger16vehicle_is_armedEv @ 0xaa16a0
STABILIZE: _ZNK9AP_Logger18log_while_disarmedEv @ 0x5f7a90
STABILIZE: _ZNK7AP_EnumIN9AP_Logger11LogDisarmedEEcvKS1_Ev @ 0xaa1700
STABILIZE: _ZNK9AP_Logger26log_write_fmt_for_msg_typeEh @ 0x5f7b90
STABILIZE: mavlink_get_msg_entry @ 0x5f7c40
STABILIZE: _ZNK3GCS7num_gcsEv @ 0xaa1750
STABILIZE: _ZNK11GCS_MAVLINK10is_privateEv @ 0xaa17a0
STABILIZE: _ZNK11GCS_MAVLINK9is_activeEv @ 0xaa1800
STABILIZE: _ZN11GCS_MAVLINK12send_messageEPKcPK19__mavlink_msg_entry @ 0xaa1880
STABILIZE: _ZN11GCS_MAVLINK18check_payload_sizeEt @ 0x5f7d60
STABILIZE: _mav_finalize_message_chan_send @ 0x5f7e10
STABILIZE: _Z26mavlink_get_channel_statush @ 0x5f8160
STABILIZE: _Z17_mav_trim_payloadPKch @ 0x5f8240
STABILIZE: _ZL13crc_calculatePKht @ 0x5f82e0
STABILIZE: _ZL21crc_accumulate_bufferPtPKct @ 0x5f8380
STABILIZE: _ZL14crc_accumulatehPt @ 0x5f8420
STABILIZE: _Z14comm_send_lock17mavlink_channel_tt @ 0x5f86b0
STABILIZE: _mavlink_send_uart @ 0x5f8770
STABILIZE: _Z16comm_send_unlock17mavlink_channel_t @ 0x5f87f0
STABILIZE: _Z16comm_send_buffer17mavlink_channel_tPKhh @ 0x5f8870
STABILIZE: _ZL13valid_channel17mavlink_channel_t @ 0x5f89e0
STABILIZE: _Z24gcs_out_of_space_to_send17mavlink_channel_t @ 0x5f8a90
STABILIZE: _ZN11GCS_MAVLINK20out_of_space_to_sendEv @ 0xaa19c0
STABILIZE: _ZL8crc_initPt @ 0x5f93c0
STABILIZE: _ZN11GCS_MAVLINK14channel_statusEv @ 0xaa1a20
STABILIZE: _ZNK11GCS_MAVLINK7txspaceEv @ 0xaa1a70
STABILIZE: _ZNK11GCS_MAVLINK15packet_overheadEv @ 0xaa1b10
STABILIZE: _ZN11GCS_MAVLINK20packet_overhead_chanE17mavlink_channel_t @ 0x5f9410
STABILIZE: _ZL3MINIjjEDTqultfp_fp0_fp_fp0_ERKT_RKT0_.6622 @ 0x5f94f0
STABILIZE: _ZN11GCS_MAVLINK10is_privateE17mavlink_channel_t @ 0xaa1b70
STABILIZE: _ZN8AP_Param5firstEPNS_10ParamTokenEP11ap_var_typePf @ 0x5f9570
STABILIZE: _ZN8AP_Param11next_scalarEPNS_10ParamTokenEP11ap_var_typePf @ 0x5f96b0
STABILIZE: _ZN8AP_Param4nextEPNS_10ParamTokenEP11ap_var_typebPf @ 0x5f97a0
STABILIZE: _ZN8AP_Param13check_defaultEPS_Pf @ 0x5f9ae0
STABILIZE: _ZN8AP_Param8var_infoEt @ 0xaa1be0
STABILIZE: _ZN8AP_Param17get_default_valueEPKS_RKNS_4InfoE @ 0x5f9bc0
STABILIZE: _ZN8AP_Param16check_frame_typeEt @ 0x5f9cd0
STABILIZE: _ZN8AP_Param14get_group_infoERKNS_4InfoE @ 0x5f9d70
STABILIZE: _ZN8AP_Param10next_groupEtPKNS_9GroupInfoEPbjhlPNS_10ParamTokenEP11ap_var_typebPf @ 0x5f9df0
STABILIZE: _ZN8AP_Param14get_group_infoERKNS_9GroupInfoE @ 0x5fa390
STABILIZE: _ZN8AP_Param19adjust_group_offsetEtRKNS_9GroupInfoERl @ 0x5fa410
STABILIZE: _ZN8AP_Param8group_idEPKNS_9GroupInfoEjhh @ 0x5fa530
STABILIZE: _ZN8AP_Param8get_baseERKNS_4InfoERl @ 0x5fa630
STABILIZE: _ZNK13AP_ParamTBaseIaL11ap_var_type1EE13cast_to_floatEv @ 0xaa1c80
STABILIZE: _ZNK13AP_ParamTBaseIsL11ap_var_type2EE13cast_to_floatEv @ 0xaa1cd0
STABILIZE: _ZNK13AP_ParamTBaseIiL11ap_var_type3EE13cast_to_floatEv @ 0xaa1d20
STABILIZE: _ZNK13AP_ParamTBaseIfL11ap_var_type4EE13cast_to_floatEv @ 0xaa1d70
STABILIZE: _ZNK8AP_Param19add_vector3f_suffixEPcmh @ 0x5fa6e0
STABILIZE: _ZNK8AP_Param19find_var_info_groupEPKNS_9GroupInfoEtjhlPjRS2_RNS_12GroupNestingEPh @ 0x5fa7c0
STABILIZE: _ZN9AP_ParamVI7Vector3IfEL11ap_var_type5EE12set_and_saveERKS1_ @ 0xaa1e10
STABILIZE: _ZN8AP_Param4saveEb @ 0x5facc0
STABILIZE: _ZN17AP_InertialSensor13caltemp_accelEh @ 0xaa1ea0
STABILIZE: _ZNK17AP_InertialSensor15get_temperatureEh @ 0xaa1f10
STABILIZE: _ZN13AP_ParamTBaseIfL11ap_var_type4EE12set_and_saveERKf @ 0xaa1f70
STABILIZE: _ZN13AP_ParamTBaseIiL11ap_var_type3EE12set_and_saveERKi @ 0xaa2020
STABILIZE: _ZN13AP_ParamTBaseIfL11ap_var_type4EE22set_and_save_ifchangedERKf @ 0xaa20d0
STABILIZE: _ZNK7Vector3IfErmERKS0_ @ 0xaa2170
STABILIZE: _ZNK7Vector3IfEmlERKS0_ @ 0xaa2250
STABILIZE: _Z9safe_sqrtIfEfT_ @ 0xaa22e0
STABILIZE: _ZN11QuaternionTIfE9normalizeEv @ 0xaa2390
STABILIZE: _ZNK11QuaternionTIfE14get_euler_rollEv @ 0xaa2470
STABILIZE: _ZNK11QuaternionTIfE15get_euler_pitchEv @ 0xaa2520
STABILIZE: _Z9safe_asinIfEfT_ @ 0xaa2590
STABILIZE: _ZNK11QuaternionTIfE6lengthEv @ 0xaa2670
STABILIZE: _ZN7Vector3IfE6rotateE8Rotation @ 0xaa2780
STABILIZE: _ZNK7Matrix3IfEmlERK7Vector3IfE @ 0xaa3760
STABILIZE: _ZN13AP_ParamTBaseIaL11ap_var_type1EE22set_and_save_ifchangedERKa @ 0xaa3870
STABILIZE: _ZN7Matrix3IfE10from_eulerEfff @ 0xaa3900
STABILIZE: _ZN7Matrix3IfEC2Efffffffff @ 0xaa3b30
STABILIZE: _ZNK7Vector3IfEplERKS0_ @ 0xaa3c60
STABILIZE: _ZNK7Vector3IfEdvEf @ 0xaa3d10
STABILIZE: _Z4normIffJEEdT_T0_DpKT1_ @ 0xaa3db0
STABILIZE: _ZL3MINIhiEDTqultfp_fp0_fp_fp0_ERKT_RKT0_.3662 @ 0x5fbbf0
STABILIZE: _ZN7Vector3IfEpLERKS0_ @ 0xaa3e20
STABILIZE: _ZN15ObjectBuffer_TSIN8AP_Param10param_saveEE4peekERS1_ @ 0xaa3ec0
STABILIZE: _ZN15ObjectBuffer_TSIN8AP_Param10param_saveEE4pushERKS1_ @ 0xaa3f70
STABILIZE: _ZN10ByteBuffer9peekbytesEPhj @ 0x5fbc70
STABILIZE: _ZN10ByteBuffer9peekiovecEPNS_5IoVecEj @ 0x5fbd80
STABILIZE: _ZNK10ByteBuffer9availableEv @ 0x5fbed0
STABILIZE: _ZN10ByteBuffer7readptrERj @ 0x5fc1b0
STABILIZE: _ZNK7Vector3IfEngEv @ 0xaa4050
STABILIZE: _ZN9AP_Arming16barometer_checksEb @ 0x5fc5b0
STABILIZE: _ZNK7AP_AHRS36get_relative_position_D_origin_floatERf @ 0x5fc6c0
STABILIZE: _ZNK7AP_AHRS30get_relative_position_D_originERd @ 0x5fc750
STABILIZE: _ZNK11AP_AHRS_DCM30get_relative_position_D_originERd @ 0x5fc890
STABILIZE: _ZNK7NavEKF37getPosDERd @ 0x5fc9d0
STABILIZE: _ZN15AP_ExternalAHRS10get_originER8Location @ 0x5fcc50
STABILIZE: _ZNK8Location11initialisedEv @ 0xaa4130
STABILIZE: _ZN6AP_HAL6microsEv @ 0x5fcec0
STABILIZE: _ZNK7Vector3IfE8todoubleEv @ 0xaa41c0
STABILIZE: _ZN7Vector3IdEmLEd @ 0xaa4240
STABILIZE: _ZN8Location13offset_latlngERiS0_dd @ 0x5fcfd0
STABILIZE: _ZN8Location15limit_lattitudeEi @ 0x5fd0d0
STABILIZE: _ZN8Location14wrap_longitudeEl @ 0x5fd170
STABILIZE: _ZN7Vector3IdEC2Eddd @ 0xaa42d0
STABILIZE: _ZNK12NavEKF3_core7getPosDERd @ 0x5fd210
STABILIZE: _ZNK12NavEKF3_core13getPosD_localERd @ 0x5fd2e0
STABILIZE: _ZNK12NavEKF3_core12getOriginLLHER8Location @ 0x5fd370
STABILIZE: _ZN7Vector3IdEC2Ev @ 0xaa4360
STABILIZE: _ZNK11AP_AHRS_DCM32get_relative_position_NED_originER7Vector3IdE @ 0x5fd570
STABILIZE: _ZNK11AP_AHRS_DCM10get_originER8Location @ 0x5fd650
STABILIZE: _ZNK11AP_AHRS_DCM12get_locationER8Location @ 0x5fd710
STABILIZE: _ZN2AP4baroEv @ 0x5fda40
STABILIZE: _ZNK7AP_EnumI6GPSUseEcvKS0_Ev @ 0xaa43c0
STABILIZE: _ZNK6AP_GPS6statusEv @ 0xaa4410
STABILIZE: _ZNK7AP_Baro12get_altitudeEv @ 0xaa4470
STABILIZE: _ZN8Location6offsetEdd @ 0x5fda80
STABILIZE: _ZNK6AP_GPS7get_lagERf @ 0xaa44d0
STABILIZE: _ZNK7Vector3IfE2xyEv @ 0xaa4550
STABILIZE: _ZNK7Vector2IfEmlEf @ 0xaa45a0
STABILIZE: _ZNK6AP_GPS7get_lagEhRf @ 0x5fdb10
STABILIZE: _ZNK7AP_Baro12get_altitudeEh @ 0xaa4620
STABILIZE: _ZN7AP_Baro13get_singletonEv @ 0xaa4690
STABILIZE: _ZNK8Location7is_zeroEv @ 0x5fdd20
STABILIZE: _ZN2AP4sitlEv @ 0x5fdda0
STABILIZE: _ZNK7AP_Baro13arming_checksEmPc @ 0x5fdde0
STABILIZE: _ZNK7AP_Baro11all_healthyEv @ 0x5fdfb0
STABILIZE: _ZNK7AP_Baro12get_pressureEv @ 0xaa46d0
STABILIZE: _ZNK7AP_Baro23get_altitude_differenceEff @ 0x5fe060
STABILIZE: _ZNK7AP_Baro26get_altitude_from_pressureEf @ 0x5fe100
STABILIZE: _ZL33find_atmosphere_layer_by_pressuref @ 0x5fe360
STABILIZE: _ZNK7AP_Baro17get_altitude_AMSLEv @ 0xaa4730
STABILIZE: _ZN7AP_Baro29geopotential_alt_to_geometricEf @ 0x5fe410
STABILIZE: _ZNK7AP_Baro17get_altitude_AMSLEh @ 0xaa4790
STABILIZE: _ZNK7AP_Baro12get_pressureEh @ 0xaa4800
STABILIZE: _ZNK7AP_Baro7healthyEh @ 0x5fe470
STABILIZE: _ZN4SITL3SIM13get_singletonEv @ 0xaa4870
STABILIZE: _ZNK7Compass7healthyEv @ 0xaa48b0
STABILIZE: _ZNK10RC_Channel14get_control_inEv @ 0xaa4a20
STABILIZE: _ZNK9AP_Logger15logging_presentEv @ 0x5fee70
STABILIZE: _ZNK9AP_Logger15logging_startedEv @ 0x5fef60
STABILIZE: _ZNK11RC_Channels17option_is_enabledENS_6OptionE @ 0xaa4ac0
STABILIZE: _ZNK11RC_Channels16get_roll_channelEv @ 0x5ff1c0
STABILIZE: _ZNK11RC_Channels17get_pitch_channelEv @ 0x5ff230
STABILIZE: _ZNK11RC_Channels15get_yaw_channelEv @ 0x5ff2a0
STABILIZE: _ZNK11RC_Channels20get_throttle_channelEv @ 0x5ff310
STABILIZE: _ZN11RC_Channels23find_channel_for_optionEN10RC_Channel8AUX_FUNCE @ 0x5ff380
STABILIZE: _ZN2AP5rcmapEv @ 0x5ff600
STABILIZE: _ZNK8RCMapper8throttleEv @ 0xaa4ba0
STABILIZE: _ZNK11RC_Channels25get_rcmap_channel_nonnullEh @ 0x5ff640
STABILIZE: _ZN11RC_Channels10rc_channelEh @ 0xaa4c00
STABILIZE: _ZN8RCMapper13get_singletonEv @ 0xaa4c60
STABILIZE: _ZNK8RCMapper3yawEv @ 0xaa4ca0
STABILIZE: _ZNK8RCMapper5pitchEv @ 0xaa4d00
STABILIZE: _ZNK8RCMapper4rollEv @ 0xaa4d60
STABILIZE: _ZNK11RC_Channels19flight_mode_channelEv @ 0x5ff6d0
STABILIZE: _ZN6Copter16get_throttle_midEv @ 0x5ff770
STABILIZE: _ZNK10RC_Channel15get_control_midEv @ 0x5ff8a0
STABILIZE: _ZN16AP_Arming_Copter18run_pre_arm_checksEb @ 0x5ffab0
STABILIZE: _ZN16AP_Arming_Copter17set_pre_arm_checkEb @ 0x5ffea0
STABILIZE: _ZNK9AP_Arming20disarm_switch_checksEb @ 0x5fff10
STABILIZE: _ZN16AP_Arming_Copter16parameter_checksEb @ 0x5fffd0
STABILIZE: _ZN16AP_Arming_Copter9oa_checksEb @ 0x6006d0
STABILIZE: _ZN16AP_Arming_Copter18gcs_failsafe_checkEb @ 0x600830
STABILIZE: _ZNK16AP_Arming_Copter12winch_checksEb @ 0x6008d0
STABILIZE: _ZNK16AP_Arming_Copter27rc_throttle_failsafe_checksEb @ 0x600a00
STABILIZE: _ZN9AP_Arming15airspeed_checksEb @ 0x600b90
STABILIZE: _ZN9AP_Arming14pre_arm_checksEb @ 0x600cb0
STABILIZE: _ZN9AP_Arming21hardware_safety_checkEb @ 0x6011a0
STABILIZE: _ZN9AP_Arming14compass_checksEb @ 0x601270
STABILIZE: _ZN9AP_Arming14battery_checksEb @ 0x601940
STABILIZE: _ZN9AP_Arming14logging_checksEb @ 0x601a30
STABILIZE: _ZN9AP_Arming25manual_transmitter_checksEb @ 0x601ba0
STABILIZE: _ZN9AP_Arming18rangefinder_checksEb @ 0x601ca0
STABILIZE: _ZNK9AP_Arming12servo_checksEb @ 0x601d90
STABILIZE: _ZNK9AP_Arming14terrain_checksEb @ 0x601fe0
STABILIZE: _ZN9AP_Arming10can_checksEb @ 0x602130
STABILIZE: _ZNK9AP_Arming16generator_checksEb @ 0x602400
STABILIZE: _ZN9AP_Arming13camera_checksEb @ 0x602500
STABILIZE: _ZNK9AP_Arming10osd_checksEb @ 0x6025f0
STABILIZE: _ZNK9AP_Arming12mount_checksEb @ 0x6026e0
STABILIZE: _ZNK9AP_Arming13fettec_checksEb @ 0x6027f0
STABILIZE: _ZNK9AP_Arming14visodom_checksEb @ 0x6028c0
STABILIZE: _ZN9AP_Arming15aux_auth_checksEb @ 0x6029b0
STABILIZE: _ZN9AP_Arming12fence_checksEb @ 0x602c10
STABILIZE: _ZN9AP_Arming12estop_checksEb @ 0x602d30
STABILIZE: _ZN12SRV_Channels18get_emergency_stopEv @ 0xaa50d0
STABILIZE: _ZNK10RC_Channel16read_3pos_switchERNS_12AuxSwitchPosE @ 0x602e80
STABILIZE: _ZNK10RC_Channel12get_radio_inEv @ 0xaa5110
STABILIZE: _ZN2AP5fenceEv @ 0x602fe0
STABILIZE: _ZNK8AC_Fence13pre_arm_checkEPch @ 0x603020
STABILIZE: _ZNK8AC_Fence7enabledEv @ 0xaa5220
STABILIZE: _ZNK8AC_Fence12auto_enabledEv @ 0xaa5280
STABILIZE: _ZN15ExpandingStringD2Ev @ 0x603b60
STABILIZE: _ZNK7Vector2IfEmiERKS0_ @ 0xaa5b60
STABILIZE: _ZNK7Vector2IfEmlERKS0_ @ 0xaa5dd0
STABILIZE: _ZNK8Location15get_distance_NEERKS_ @ 0x604ba0
STABILIZE: _ZN8AC_Fence13get_singletonEv @ 0xaa5f00
STABILIZE: _ZN2AP10visualodomEv @ 0x604d60
STABILIZE: _ZNK13AP_VisualOdom13pre_arm_checkEPch @ 0x604da0
STABILIZE: _ZN13AP_VisualOdom13get_singletonEv @ 0xaa5f40
STABILIZE: _ZN16AP_FETtecOneWire13get_singletonEv @ 0xaa5f80
STABILIZE: _ZNK16AP_FETtecOneWire13pre_arm_checkEPch @ 0x604fe0
STABILIZE: _ZN2AP5mountEv @ 0x6052e0
STABILIZE: _ZN8AP_Mount14pre_arm_checksEPch @ 0x605320
STABILIZE: _ZNK8AP_Mount14get_mount_typeEh @ 0x6054b0
STABILIZE: _ZN8AP_Mount13get_singletonEv @ 0xaa5fc0
STABILIZE: _ZN2AP3osdEv @ 0x605540
STABILIZE: _ZNK6AP_OSD13pre_arm_checkEPch @ 0x605580
STABILIZE: _ZNK6AP_OSD18is_readonly_screenEv @ 0xaa6000
STABILIZE: _ZN6AP_OSD13get_singletonEv @ 0xaa6060
STABILIZE: _ZN2AP6runcamEv @ 0x6056b0
STABILIZE: _ZN9AP_RunCam13get_singletonEv @ 0xaa6110
STABILIZE: _ZN2AP9generatorEv @ 0x605890
STABILIZE: _ZNK12AP_Generator13pre_arm_checkEPch @ 0x6058d0
STABILIZE: _ZNK12AP_Generator4typeEv @ 0x6059f0
STABILIZE: _ZN12AP_Generator13get_singletonEv @ 0x605a50
STABILIZE: _ZN2AP3canEv @ 0x605a90
STABILIZE: _ZNK13AP_CANManager15get_num_driversEv @ 0xaa6150
STABILIZE: _ZNK13AP_CANManager15get_driver_typeEh @ 0xaa61a0
STABILIZE: _ZN12SRV_Channels18get_motor_functionEh @ 0xaa63a0
STABILIZE: _ZN13AP_CANManager13get_singletonEv @ 0xaa6430
STABILIZE: _ZNK10AP_Terrain14get_statisticsERtS0_ @ 0x606570
STABILIZE: _ZNK10AP_Terrain10bitcount64Em @ 0x606760
STABILIZE: _ZN12SRV_Channels11srv_channelEh @ 0xaa6490
STABILIZE: _ZNK11SRV_Channel12get_functionEv @ 0xaa6510
STABILIZE: _ZNK11SRV_Channel8get_trimEv @ 0xaa6570
STABILIZE: _ZNK11SRV_Channel14get_output_minEv @ 0xaa65d0
STABILIZE: _ZNK11SRV_Channel14get_output_maxEv @ 0xaa6620
STABILIZE: _ZN12SRV_Channels25get_disabled_channel_maskEv @ 0xaa6680
STABILIZE: _ZN11RangeFinder13get_singletonEv @ 0xaa66c0
STABILIZE: _ZNK11RangeFinder14prearm_healthyEPch @ 0x6068d0
STABILIZE: _ZNK9AP_Logger14logging_failedEv @ 0x606e80
STABILIZE: _ZN9AP_Logger12CardInsertedEv @ 0x606f50
STABILIZE: _ZN2AP7batteryEv @ 0x607000
STABILIZE: _ZNK14AP_BattMonitor13arming_checksEmPc @ 0x607040
STABILIZE: _ZNK14AP_BattMonitor15configured_typeEh @ 0xaa67b0
STABILIZE: _ZNK14AP_BattMonitor14allocated_typeEh @ 0xaa6820
STABILIZE: _ZNK22AP_BattMonitor_Backend13arming_checksEPcm @ 0x607240
STABILIZE: _ZNK22AP_BattMonitor_Backend20check_failsafe_typesERbS0_S0_S0_ @ 0x607730
STABILIZE: _Z11is_positiveI9AP_ParamTIfL11ap_var_type4EEEbT_ @ 0xaa6890
STABILIZE: _ZNK9AP_ParamTIfL11ap_var_type4EEgtERKS1_ @ 0xaa6900
STABILIZE: _ZL12update_checkmPcbPKc @ 0x607a30
STABILIZE: _ZNK21AP_BattMonitor_Params23failsafe_voltage_sourceEv @ 0xaa6970
STABILIZE: _ZNK22AP_BattMonitor_Backend24voltage_resting_estimateEv @ 0x607ad0
STABILIZE: _ZL3MAXIffEDTqugtfp_fp0_fp_fp0_ERKT_RKT0_.18691 @ 0x607b40
STABILIZE: _ZN14AP_BattMonitor13get_singletonEv @ 0xaa69d0
STABILIZE: _ZNK7Compass14is_calibratingEv @ 0x607bc0
STABILIZE: _ZNK7Compass27compass_cal_requires_rebootEv @ 0xaa6a10
STABILIZE: _ZN7Compass10configuredEPch @ 0x607cf0
STABILIZE: _ZNK7Compass11get_offsetsEv @ 0xaa6a70
STABILIZE: _ZNK7Compass15get_offsets_maxEv @ 0xaa6ad0
STABILIZE: _ZNK7Compass9get_fieldEv @ 0xaa6b30
STABILIZE: _ZNK7Compass10consistentEv @ 0x607f80
STABILIZE: _ZN7AP_AHRS11use_compassEv @ 0x608140
STABILIZE: _ZN14AP_Declination18get_earth_field_gaERK8Location @ 0x608220
STABILIZE: _ZNK7Vector3IfEmlEf @ 0xaa6b90
STABILIZE: _ZL3MAXIffEDTqugtfp_fp0_fp_fp0_ERKT_RKT0_.11700 @ 0x6083a0
STABILIZE: _ZN14AP_Declination16get_mag_field_efEffRfS0_S0_ @ 0x6084c0
STABILIZE: _ZL7radiansf.2992 @ 0x608ac0
STABILIZE: _Z15constrain_int32iii @ 0xaa6c30
STABILIZE: _Z15constrain_valueIiET_S0_S0_S0_ @ 0xaa6ca0
STABILIZE: _ZNK7NavEKF311use_compassEv @ 0x608ba0
STABILIZE: _ZN11AP_AHRS_DCM11use_compassEv @ 0x608c30
STABILIZE: _ZNK7AP_AHRS15get_fly_forwardEv @ 0xaa6d90
STABILIZE: _ZNK11AP_AHRS_DCM8have_gpsEv @ 0x608de0
STABILIZE: _ZNK6AP_GPS12ground_speedEv @ 0xaa6df0
STABILIZE: _ZL7degreesf.2106 @ 0x608e70
STABILIZE: _Z8wrap_180IfET_S0_ @ 0xaa6eb0
STABILIZE: _Z8wrap_360f @ 0x608ec0
STABILIZE: _ZNK6AP_GPS13ground_courseEh @ 0xaa6f40
STABILIZE: _ZNK6AP_GPS12ground_speedEh @ 0xaa6fb0
STABILIZE: _ZNK7Compass9get_countEv @ 0xaa7020
STABILIZE: _ZNK7Compass9get_fieldEh @ 0xaa7070
STABILIZE: _ZNK7Vector2IfE7is_zeroEv @ 0xaa70f0
STABILIZE: _ZNK7Vector3IfE5angleERKS0_ @ 0xaa7180
STABILIZE: _ZL7radiansf.2689 @ 0x608fe0
STABILIZE: _ZNK7Vector2IfE5angleERKS0_ @ 0xaa7290
STABILIZE: _ZNK7Vector2IfE6lengthEv @ 0xaa73b0
STABILIZE: _ZNK7Compass11get_offsetsEh @ 0xaa7410
STABILIZE: _ZNK9AP_ParamVI7Vector3IfEL11ap_var_type5EEcvRKS1_Ev @ 0xaa7490
STABILIZE: _ZNK14typesafe_indexIh12TAG_PriorityEltERKh @ 0xaa74e0
STABILIZE: _ZN19RestrictIDTypeArrayIiLj3E14typesafe_indexIh12TAG_PriorityEEixERKS2_ @ 0xaa7550
STABILIZE: _ZNK14typesafe_indexIh12TAG_PriorityEcvhEv @ 0xaa75d0
STABILIZE: _ZNK14typesafe_indexIh12TAG_PriorityEplERKh @ 0xaa7620
STABILIZE: _ZN19RestrictIDTypeArrayI9AP_ParamTIiL11ap_var_type3EELj3E14typesafe_indexIh12TAG_PriorityEEixERKS5_ @ 0xaa76a0
STABILIZE: _ZN14typesafe_indexIh12TAG_PriorityEppEi @ 0xaa7720
STABILIZE: _ZN7Compass10configuredEh @ 0x609030
STABILIZE: _ZN19RestrictIDTypeArrayIN7Compass9mag_stateELj4E14typesafe_indexIh14TAG_StateIndexEEixERKS4_ @ 0xaa7790
STABILIZE: _ZNK14typesafe_indexIh14TAG_StateIndexEeqERKh @ 0xaa7810
STABILIZE: _ZN8AP_Param4loadEv @ 0x609240
STABILIZE: _ZN8AP_Param7set_keyERNS_12Param_headerEt @ 0x609540
STABILIZE: _ZN8AP_Param4scanEPKNS_12Param_headerEPt @ 0x6095d0
STABILIZE: _ZN8AP_Param9type_sizeE11ap_var_type @ 0x609760
STABILIZE: _ZNK13StorageAccess4sizeEv @ 0xaa7880
STABILIZE: _ZN8AP_Param7get_keyERKNS_12Param_headerE @ 0x609800
STABILIZE: _ZN8AP_Param11is_sentinalERKNS_12Param_headerE @ 0x609870
STABILIZE: _ZNK19RestrictIDTypeArrayIP17CompassCalibratorLj3E14typesafe_indexIh12TAG_PriorityEEixERKS4_ @ 0xaa78d0
STABILIZE: _ZN11AP_Airspeed13get_singletonEv @ 0xaa7950
STABILIZE: _ZNK11AP_Airspeed13arming_checksEmPc @ 0x6099c0
STABILIZE: _ZNK11AP_Airspeed7enabledEh @ 0x609bb0
STABILIZE: _ZNK11AP_Airspeed3useEh @ 0x609c70
STABILIZE: _ZNK11AP_Airspeed7healthyEh @ 0x609da0
STABILIZE: _ZNK11AP_Airspeed11lib_enabledEv @ 0x609f20
STABILIZE: _ZNK11RC_Channels19has_had_rc_receiverEv @ 0xaa79e0
STABILIZE: _ZN2AP5winchEv @ 0x60a000
STABILIZE: _ZNK8AP_Winch13pre_arm_checkEPch @ 0x60a040
STABILIZE: _ZN8AP_Winch13get_singletonEv @ 0x60a1a0
STABILIZE: _ZNK16AP_OAPathPlanner13pre_arm_checkEPch @ 0x60a1e0
STABILIZE: _ZN18AC_AttitudeControl16get_angle_roll_pEv @ 0xaa7aa0
STABILIZE: _ZN4AC_P2kPEv @ 0xaa7af0
STABILIZE: _ZN18AC_AttitudeControl17get_angle_pitch_pEv @ 0xaa7b40
STABILIZE: _ZNK11RangeFinder15has_orientationE8Rotation @ 0x60a380
STABILIZE: _ZN13AC_PosControl14pre_arm_checksEPKcPch @ 0x60a520
STABILIZE: _ZN18AC_AttitudeControl14pre_arm_checksEPKcPch @ 0x60a790
STABILIZE: _ZN18AC_AttitudeControl15get_angle_yaw_pEv @ 0xaa7b90
STABILIZE: _ZN6AC_PID2ffEv @ 0xaa7be0
STABILIZE: _ZN6AC_PID2kPEv @ 0xaa7c30
STABILIZE: _Z11is_negativeI9AP_ParamTIfL11ap_var_type4EEEbT_ @ 0xaa7c80
STABILIZE: _ZN6AC_PID2kIEv @ 0xaa7cf0
STABILIZE: _ZN6AC_PID2kDEv @ 0xaa7d40
STABILIZE: _ZN13AC_PosControl12get_pos_NE_pEv @ 0xaa7d90
STABILIZE: _ZN7AC_P_2D2kPEv @ 0xaa7de0
STABILIZE: _ZN13AC_PosControl11get_pos_U_pEv @ 0xaa7e30
STABILIZE: _ZN7AC_P_1D2kPEv @ 0xaa7e80
STABILIZE: _ZN13AC_PosControl13get_vel_U_pidEv @ 0xaa7ed0
STABILIZE: _ZN12AC_PID_Basic2kPEv @ 0xaa7f20
STABILIZE: _ZN13AC_PosControl15get_accel_U_pidEv @ 0xaa7f70
STABILIZE: _ZNK11RangeFinder13find_instanceE8Rotation @ 0x60ac70
STABILIZE: _ZNK11RangeFinder11get_backendEh @ 0x60adc0
STABILIZE: _ZN6Copter17set_land_completeEb @ 0x60b2d0
STABILIZE: _ZN6Copter23set_land_complete_maybeEb @ 0x60b490
STABILIZE: _ZN10AP_Mission18init_jump_trackingEv @ 0x60b850
STABILIZE: _ZN9AP_Logger11Write_EventE8LogEvent @ 0x60b970
STABILIZE: _ZN9AP_Logger18WriteCriticalBlockEPKvt @ 0x60ba00
STABILIZE: _ZN2AP5statsEv @ 0x60bab0
STABILIZE: _ZN8AP_Stats10set_flyingEb @ 0x60baf0
STABILIZE: _ZN10AP_Vehicle17set_likely_flyingEb @ 0xaa80e0
STABILIZE: _ZN8AP_Stats17update_flighttimeEv @ 0x60bbc0
STABILIZE: _ZN8AP_Stats14update_runtimeEv @ 0x60bc90
STABILIZE: _ZN8AP_Stats5flushEv @ 0x60bd30
STABILIZE: _ZN13AP_ParamTBaseIiL11ap_var_type3EE22set_and_save_ifchangedERKi @ 0xaa8170
STABILIZE: _ZN8AP_Stats13get_singletonEv @ 0xaa8200
STABILIZE: _ZNK14AP_DAL_Compass9availableEv @ 0xaa8240
STABILIZE: _ZNK14AP_DAL_Compass7healthyEh @ 0xaa82a0
STABILIZE: _ZNK14AP_DAL_Compass11get_offsetsEh @ 0xaa8310
STABILIZE: _ZNK7Vector3IdE7tofloatEv @ 0xaa8380
STABILIZE: _ZNK7Vector3IdEmlEd @ 0xaa8400
STABILIZE: _ZNK9AP_Arming14option_enabledENS_6OptionE @ 0xaa84a0
STABILIZE: _ZNK9AP_Arming22get_rudder_arming_typeEv @ 0xaa8520
STABILIZE: _ZN14AP_BoardConfig13get_singletonEv @ 0xaa8580
STABILIZE: _ZN8AC_Fence12clear_breachEh @ 0x60ccd0
STABILIZE: _ZN9AP_Notify6updateEv @ 0x60d1a0
STABILIZE: _ZNK7AP_AHRS11get_yaw_radEv @ 0xaa8750
STABILIZE: _ZN7AP_AHRS16resetHeightDatumEv @ 0x60d350
STABILIZE: _ZN6Copter28set_home_to_current_locationEb @ 0x60d4c0
STABILIZE: _ZN6Copter27update_super_simple_bearingEb @ 0x60d5b0
STABILIZE: _ZN11AP_SmartRTL8set_homeEb @ 0x60d6d0
STABILIZE: _ZN9AP_Logger10Write_ModeEh10ModeReason @ 0x60d780
STABILIZE: _ZN6Copter15failsafe_enableEv @ 0x60d830
STABILIZE: _ZN17AP_Logger_Backend10Write_ModeEh10ModeReason @ 0x60d8e0
STABILIZE: _ZNK7AP_AHRS38get_relative_position_NED_origin_floatER7Vector3IfE @ 0x60d990
STABILIZE: _ZN11AP_SmartRTL8set_homeEbRK7Vector3IfE @ 0x60da50
STABILIZE: _ZN11AP_SmartRTL20reset_simplificationEv @ 0x60db30
STABILIZE: _ZN11AP_SmartRTL13reset_pruningEv @ 0x60db90
STABILIZE: _ZN11AP_SmartRTL9add_pointERK7Vector3IfE @ 0x60dc00
STABILIZE: _ZN7HALSITL9Semaphore16take_nonblockingEv @ 0x60ddc0
STABILIZE: _ZNK11AP_SmartRTL10log_actionENS_6ActionERK7Vector3IfE @ 0x60de50
STABILIZE: _ZN7HALSITL9Semaphore4giveEv @ 0x60df60
STABILIZE: _ZN9AP_Logger10Write_SRTLEbtthRK7Vector3IfE @ 0x60e010
STABILIZE: _ZN9AP_Logger10WriteBlockEPKvt @ 0x60e130
STABILIZE: _ZN17AP_Logger_Backend10WriteBlockEPKvt @ 0xaa8930
STABILIZE: _ZN11AP_SmartRTL15restart_pruningEt @ 0x60e1e0
STABILIZE: _ZN11AP_SmartRTL22restart_simplificationEt @ 0x60e290
STABILIZE: _ZN7BitmaskILt500EE6setallEv @ 0xaa89c0
STABILIZE: _ZNK7AP_AHRS32get_relative_position_NED_originER7Vector3IdE @ 0x60e320
STABILIZE: _ZN7Vector2IdEC2Ev @ 0xaa8a70
STABILIZE: _ZNK7NavEKF38getPosNEER7Vector2IdE @ 0x60e5c0
STABILIZE: _ZNK11AP_AHRS_SIM12get_locationER8Location @ 0x60e8f0
STABILIZE: _ZNK8Location23get_distance_NE_postypeERKS_ @ 0x60e9e0
STABILIZE: _ZN7Vector2IdEC2Edd @ 0xaa8ad0
STABILIZE: _ZNK12NavEKF3_core8getPosNEER7Vector2IdE @ 0x60ead0
STABILIZE: _ZNK7Vector3IdE2xyEv @ 0xaa8b50
STABILIZE: _ZNK7Vector2IdE8todoubleEv @ 0xaa8ba0
STABILIZE: _ZNK7Vector2IdEplERKS0_ @ 0xaa8c00
STABILIZE: _ZNK10AP_DAL_GPS6statusEh @ 0xaa8c90
STABILIZE: _ZNK10AP_DAL_GPS8locationEh @ 0xaa8d00
STABILIZE: _ZN7Vector2IdE4zeroEv @ 0xaa8d70
STABILIZE: _ZNK10AP_DAL_GPS14primary_sensorEv @ 0xaa8dd0
STABILIZE: _ZNK10AP_DAL_GPS8locationEv @ 0xaa8e20
STABILIZE: _ZN7NavEKF316resetHeightDatumEv @ 0x60f260
STABILIZE: _ZN7NavEKF216resetHeightDatumEv @ 0x60f340
STABILIZE: _ZN6AP_DAL10log_event2ENS_5EventE @ 0x60f420
STABILIZE: _ZN11AP_DAL_Baro18update_calibrationEv @ 0x60f610
STABILIZE: _ZN8Location13copy_alt_fromERKS_ @ 0x60f660
STABILIZE: _ZN7AP_Baro18update_calibrationEv @ 0x60f730
STABILIZE: _ZNK7AP_Baro21get_sealevel_pressureEff @ 0x60f8a0
STABILIZE: _ZNK7AP_Baro24get_external_temperatureEv @ 0xaa8f50
STABILIZE: _ZNK7AP_Baro24get_external_temperatureEh @ 0x60fa30
STABILIZE: _ZNK11AP_Airspeed7healthyEv @ 0xaa8fb0
STABILIZE: _ZNK7AP_Baro15get_temperatureEh @ 0xaa9090
STABILIZE: _ZL3MINIffEDTqultfp_fp0_fp_fp0_ERKT_RKT0_.2255 @ 0x60fb60
STABILIZE: _ZN6AP_DAL9end_frameEv @ 0x60fcd0
STABILIZE: _ZN6AP_DAL15WriteLogMessageE11LogMessagesPvPKvh @ 0x60fd50
STABILIZE: _ZNK9AP_Logger10log_replayEv @ 0xaa9100
STABILIZE: _ZN6AP_DAL10log_event3ENS_5EventE @ 0x610010
STABILIZE: _ZN12NavEKF3_core16resetHeightDatumEv @ 0x610090
STABILIZE: _ZN6Copter10should_logEj @ 0x610270
STABILIZE: _ZNK9AP_Logger10should_logEj @ 0x6103a0
STABILIZE: _ZN9AP_Notify13get_singletonEv @ 0xaa9200
STABILIZE: _ZNK7AP_AHRS16get_velocity_NEDER7Vector3IfE @ 0x6107b0
STABILIZE: _ZN10AP_Terrain23update_reference_offsetEv @ 0x610830
STABILIZE: _ZNK9AP_ParamTIfL11ap_var_type4EEngEv @ 0xaa92a0
STABILIZE: _ZN10AP_Terrain11height_amslERK8LocationRfb @ 0x610a70
STABILIZE: _ZNK8Location10get_alt_cmENS_8AltFrameERi @ 0x610eb0
STABILIZE: _ZNK8Location13get_alt_frameEv @ 0x6111f0
STABILIZE: _ZNK7AP_AHRS10get_originER8Location @ 0x6112d0
STABILIZE: _ZN10AP_Terrain8allocateEv @ 0x611350
STABILIZE: _ZNK10AP_Terrain19calculate_grid_infoERK8LocationRNS_9grid_infoE @ 0x611470
STABILIZE: _ZN10AP_Terrain15find_grid_cacheERKNS_9grid_infoE @ 0x6118e0
STABILIZE: _ZN10AP_Terrain12check_bitmapERKNS_10grid_blockEhh @ 0x611bf0
STABILIZE: _ZN10AP_Terrain11grid_bitnumEhh @ 0x611cb0
STABILIZE: _ZNK9AP_Arming18get_enabled_checksEv @ 0x611d40
STABILIZE: _GLOBAL__sub_I_AP_Arming_Copter.cpp @ 0x5a6d10
STABILIZE: _GLOBAL__sub_I_AP_ExternalControl_Copter.cpp @ 0x5a6d50
STABILIZE: _GLOBAL__sub_I_AP_Rally.cpp @ 0x5a6d90
STABILIZE: _GLOBAL__sub_I_AP_State.cpp @ 0x5a6dd0
STABILIZE: _GLOBAL__sub_I_Attitude.cpp @ 0x5a6e10
STABILIZE: _GLOBAL__sub_I_Copter.cpp @ 0x5a6e50
STABILIZE: _GLOBAL__sub_I_GCS_Copter.cpp @ 0x5a6e90
STABILIZE: _GLOBAL__sub_I_GCS_MAVLink_Copter.cpp @ 0x5a6ed0
STABILIZE: _GLOBAL__sub_I_Log.cpp @ 0x5a6f10
STABILIZE: _GLOBAL__sub_I_Parameters.cpp @ 0x5a6f50
STABILIZE: _GLOBAL__sub_I_RC_Channel_Copter.cpp @ 0x5a6f90
STABILIZE: _GLOBAL__sub_I_UserCode.cpp @ 0x5a6fd0
STABILIZE: _GLOBAL__sub_I_afs_copter.cpp @ 0x5a7010
STABILIZE: _GLOBAL__sub_I_autoyaw.cpp @ 0x5a7050
STABILIZE: _GLOBAL__sub_I_avoidance.cpp @ 0x5a7090
STABILIZE: _GLOBAL__sub_I_avoidance_adsb.cpp @ 0x5a70d0
STABILIZE: _GLOBAL__sub_I_baro_ground_effect.cpp @ 0x5a7110
STABILIZE: _GLOBAL__sub_I_commands.cpp @ 0x5a7150
STABILIZE: _GLOBAL__sub_I_compassmot.cpp @ 0x5a7190
STABILIZE: _GLOBAL__sub_I_crash_check.cpp @ 0x5a71d0
STABILIZE: _GLOBAL__sub_I_ekf_check.cpp @ 0x5a7210
STABILIZE: _GLOBAL__sub_I_esc_calibration.cpp @ 0x5a7250
STABILIZE: _GLOBAL__sub_I_events.cpp @ 0x5a7290
STABILIZE: _GLOBAL__sub_I_failsafe.cpp @ 0x5a72d0
STABILIZE: _GLOBAL__sub_I_fence.cpp @ 0x5a7310
STABILIZE: _GLOBAL__sub_I_heli.cpp @ 0x5a7350
STABILIZE: _GLOBAL__sub_I_inertia.cpp @ 0x5a7390
STABILIZE: _GLOBAL__sub_I_land_detector.cpp @ 0x5a73d0
STABILIZE: _GLOBAL__sub_I_landing_gear.cpp @ 0x5a7410
STABILIZE: _GLOBAL__sub_I_mode.cpp @ 0x5a7450
STABILIZE: _GLOBAL__sub_I_mode_acro.cpp @ 0x5a7490
STABILIZE: _GLOBAL__sub_I_mode_acro_heli.cpp @ 0x5a74d0
STABILIZE: _GLOBAL__sub_I_mode_althold.cpp @ 0x5a7510
STABILIZE: _GLOBAL__sub_I_mode_auto.cpp @ 0x5a7550
STABILIZE: _GLOBAL__sub_I_mode_autorotate.cpp @ 0x5a7590
STABILIZE: _GLOBAL__sub_I_mode_autotune.cpp @ 0x5a75d0
STABILIZE: _GLOBAL__sub_I_mode_avoid_adsb.cpp @ 0x5a7610
STABILIZE: _GLOBAL__sub_I_mode_brake.cpp @ 0x5a7650
STABILIZE: _GLOBAL__sub_I_mode_circle.cpp @ 0x5a7690
STABILIZE: _GLOBAL__sub_I_mode_drift.cpp @ 0x5a76d0
STABILIZE: _GLOBAL__sub_I_mode_flip.cpp @ 0x5a7710
STABILIZE: _GLOBAL__sub_I_mode_flowhold.cpp @ 0x5a7750
STABILIZE: _GLOBAL__sub_I_mode_follow.cpp @ 0x5a7790
STABILIZE: _GLOBAL__sub_I_mode_guided.cpp @ 0x5a77d0
STABILIZE: _GLOBAL__sub_I_mode_guided_custom.cpp @ 0x5a7810
STABILIZE: _GLOBAL__sub_I_mode_guided_nogps.cpp @ 0x5a7850
STABILIZE: _GLOBAL__sub_I_mode_land.cpp @ 0x5a7890
STABILIZE: _GLOBAL__sub_I_mode_loiter.cpp @ 0x5a78d0
STABILIZE: _GLOBAL__sub_I_mode_poshold.cpp @ 0x5a7910
STABILIZE: _GLOBAL__sub_I_mode_rtl.cpp @ 0x5a7950
STABILIZE: _GLOBAL__sub_I_mode_smart_rtl.cpp @ 0x5a7990
STABILIZE: _GLOBAL__sub_I_mode_sport.cpp @ 0x5a79d0
STABILIZE: _GLOBAL__sub_I_mode_stabilize.cpp @ 0x5a7a10
STABILIZE: _GLOBAL__sub_I_mode_stabilize_heli.cpp @ 0x5a7a50
STABILIZE: _GLOBAL__sub_I_mode_systemid.cpp @ 0x5a7a90
STABILIZE: _GLOBAL__sub_I_mode_throw.cpp @ 0x5a7ad0
STABILIZE: _GLOBAL__sub_I_mode_turtle.cpp @ 0x5a7b10
STABILIZE: _GLOBAL__sub_I_mode_zigzag.cpp @ 0x5a7b50
STABILIZE: _GLOBAL__sub_I_motor_test.cpp @ 0x5a7b90
STABILIZE: _GLOBAL__sub_I_motors.cpp @ 0x5a7bd0
STABILIZE: _GLOBAL__sub_I_navigation.cpp @ 0x5a7c10
STABILIZE: _GLOBAL__sub_I_precision_landing.cpp @ 0x5a7c50
STABILIZE: _GLOBAL__sub_I_radio.cpp @ 0x5a7c90
STABILIZE: _GLOBAL__sub_I_rate_thread.cpp @ 0x5a7cd0
STABILIZE: _GLOBAL__sub_I_sensors.cpp @ 0x5a7d10
STABILIZE: _GLOBAL__sub_I_standby.cpp @ 0x5a7d50
STABILIZE: _GLOBAL__sub_I_surface_tracking.cpp @ 0x5a7d90
STABILIZE: _GLOBAL__sub_I_system.cpp @ 0x5a7dd0
STABILIZE: _GLOBAL__sub_I_takeoff.cpp @ 0x5a7e10
STABILIZE: _GLOBAL__sub_I_takeoff_check.cpp @ 0x5a7e50
STABILIZE: _GLOBAL__sub_I_terrain.cpp @ 0x5a7e90
STABILIZE: _GLOBAL__sub_I_toy_mode.cpp @ 0x5a7ed0
STABILIZE: _GLOBAL__sub_I_tuning.cpp @ 0x5a7f10
STABILIZE: _GLOBAL__sub_I_AP_AHRS_Logging.cpp @ 0x5a7f50
STABILIZE: _GLOBAL__sub_I_AP_AHRS.cpp @ 0x5a7f90
STABILIZE: _GLOBAL__sub_I_AP_AHRS_Backend.cpp @ 0x5a7fd0
STABILIZE: _GLOBAL__sub_I_AP_AHRS_DCM.cpp @ 0x5a8010
STABILIZE: _GLOBAL__sub_I_AP_Airspeed.cpp @ 0x5a8050
STABILIZE: _GLOBAL__sub_I_AP_Airspeed_Params.cpp @ 0x5a8090
STABILIZE: _GLOBAL__sub_I_AP_Baro_atmosphere.cpp @ 0x5a80d0
STABILIZE: _GLOBAL__sub_I_AP_Baro.cpp @ 0x5a8110
STABILIZE: _GLOBAL__sub_I_AP_Baro_SITL.cpp @ 0x5a8150
STABILIZE: _GLOBAL__sub_I_AP_BattMonitor.cpp @ 0x5a8190
STABILIZE: _GLOBAL__sub_I_AP_BattMonitor_Params.cpp @ 0x5a81d0
STABILIZE: _GLOBAL__sub_I_AP_BoardConfig.cpp @ 0x5a8210
STABILIZE: _GLOBAL__sub_I_AP_Camera.cpp @ 0x5a8250
STABILIZE: _GLOBAL__sub_I_AP_Camera_Backend.cpp @ 0x5a8290
STABILIZE: _GLOBAL__sub_I_AP_Camera_Logging.cpp @ 0x5a82d0
STABILIZE: _GLOBAL__sub_I_AP_Camera_MAVLink.cpp @ 0x5a8310
STABILIZE: _GLOBAL__sub_I_AP_Camera_MAVLinkCamV2.cpp @ 0x5a8350
STABILIZE: _GLOBAL__sub_I_AP_Camera_Mount.cpp @ 0x5a8390
STABILIZE: _GLOBAL__sub_I_AP_Camera_Params.cpp @ 0x5a83d0
STABILIZE: _GLOBAL__sub_I_AP_Camera_Relay.cpp @ 0x5a8410
STABILIZE: _GLOBAL__sub_I_AP_Camera_Scripting.cpp @ 0x5a8450
STABILIZE: _GLOBAL__sub_I_AP_Camera_Servo.cpp @ 0x5a8490
STABILIZE: _GLOBAL__sub_I_AP_Camera_SoloGimbal.cpp @ 0x5a84d0
STABILIZE: _GLOBAL__sub_I_AP_RunCam.cpp @ 0x5a8510
STABILIZE: _GLOBAL__sub_I_Location.cpp @ 0x5a8550
STABILIZE: _GLOBAL__sub_I_AP_Compass.cpp @ 0x5a8590
STABILIZE: _GLOBAL__sub_I_AP_Compass_AK09916.cpp @ 0x5a85d0
STABILIZE: _GLOBAL__sub_I_AP_Compass_BMM150.cpp @ 0x5a8610
STABILIZE: _GLOBAL__sub_I_AP_Compass_BMM350.cpp @ 0x5a8650
STABILIZE: _GLOBAL__sub_I_AP_Compass_Backend.cpp @ 0x5a8690
STABILIZE: _GLOBAL__sub_I_AP_Compass_Calibration.cpp @ 0x5a86d0
STABILIZE: _GLOBAL__sub_I_AP_Compass_DroneCAN.cpp @ 0x5a8710
STABILIZE: _GLOBAL__sub_I_AP_Compass_ExternalAHRS.cpp @ 0x5a8750
STABILIZE: _GLOBAL__sub_I_AP_Compass_HMC5843.cpp @ 0x5a8790
STABILIZE: _GLOBAL__sub_I_AP_Compass_IST8308.cpp @ 0x5a87d0
STABILIZE: _GLOBAL__sub_I_AP_Compass_IST8310.cpp @ 0x5a8810
STABILIZE: _GLOBAL__sub_I_AP_Compass_LIS3MDL.cpp @ 0x5a8850
STABILIZE: _GLOBAL__sub_I_AP_Compass_MMC3416.cpp @ 0x5a8890
STABILIZE: _GLOBAL__sub_I_AP_Compass_MSP.cpp @ 0x5a88d0
STABILIZE: _GLOBAL__sub_I_AP_Compass_QMC5883L.cpp @ 0x5a8910
STABILIZE: _GLOBAL__sub_I_AP_Compass_QMC5883P.cpp @ 0x5a8950
STABILIZE: _GLOBAL__sub_I_AP_Compass_RM3100.cpp @ 0x5a8990
STABILIZE: _GLOBAL__sub_I_AP_Compass_SITL.cpp @ 0x5a89d0
STABILIZE: _GLOBAL__sub_I_CompassCalibrator.cpp @ 0x5a8a10
STABILIZE: _GLOBAL__sub_I_Compass_PerMotor.cpp @ 0x5a8a50
STABILIZE: _GLOBAL__sub_I_Compass_learn.cpp @ 0x5a8a90
STABILIZE: _GLOBAL__sub_I_AP_Declination.cpp @ 0x5a8ad0
STABILIZE: _GLOBAL__sub_I_tables.cpp @ 0x5a8b10
STABILIZE: _GLOBAL__sub_I_AP_GPS.cpp @ 0x5a8b50
STABILIZE: _GLOBAL__sub_I_AP_GPS_Blended.cpp @ 0x5a8b90
STABILIZE: _GLOBAL__sub_I_AP_GPS_DroneCAN.cpp @ 0x5a8bd0
STABILIZE: _GLOBAL__sub_I_AP_GPS_ERB.cpp @ 0x5a8c10
STABILIZE: _GLOBAL__sub_I_AP_GPS_ExternalAHRS.cpp @ 0x5a8c50
STABILIZE: _GLOBAL__sub_I_AP_GPS_GSOF.cpp @ 0x5a8c90
STABILIZE: _GLOBAL__sub_I_AP_GPS_MAV.cpp @ 0x5a8cd0
STABILIZE: _GLOBAL__sub_I_AP_GPS_MSP.cpp @ 0x5a8d10
STABILIZE: _GLOBAL__sub_I_AP_GPS_NMEA.cpp @ 0x5a8d50
STABILIZE: _GLOBAL__sub_I_AP_GPS_NOVA.cpp @ 0x5a8d90
STABILIZE: _GLOBAL__sub_I_AP_GPS_Params.cpp @ 0x5a8dd0
STABILIZE: _GLOBAL__sub_I_AP_GPS_SBF.cpp @ 0x5a8e10
STABILIZE: _GLOBAL__sub_I_AP_GPS_SBP.cpp @ 0x5a8e50
STABILIZE: _GLOBAL__sub_I_AP_GPS_SBP2.cpp @ 0x5a8e90
STABILIZE: _GLOBAL__sub_I_AP_GPS_SIRF.cpp @ 0x5a8ed0
STABILIZE: _GLOBAL__sub_I_AP_GPS_SITL.cpp @ 0x5a8f10
STABILIZE: _GLOBAL__sub_I_AP_GPS_UBLOX.cpp @ 0x5a8f50
STABILIZE: _GLOBAL__sub_I_GPS_Backend.cpp @ 0x5a8f90
STABILIZE: _GLOBAL__sub_I_MovingBase.cpp @ 0x5a8fd0
STABILIZE: _GLOBAL__sub_I_RTCM3_Parser.cpp @ 0x5a9010
STABILIZE: _GLOBAL__sub_I_AP_GSOF.cpp @ 0x5a9050
STABILIZE: _GLOBAL__sub_I_GPIO.cpp @ 0x5a9090
STABILIZE: _GLOBAL__sub_I_UARTDriver.cpp @ 0x5a90d0
STABILIZE: _GLOBAL__sub_I_Util.cpp @ 0x5a9110
STABILIZE: _GLOBAL__sub_I_AP_InertialSensor_Logging.cpp @ 0x5a9150
STABILIZE: _GLOBAL__sub_I_AP_InertialSensor.cpp @ 0x5a9190
STABILIZE: _GLOBAL__sub_I_FastRateBuffer.cpp @ 0x5a91d0
STABILIZE: _GLOBAL__sub_I_AP_GeodesicGrid.cpp @ 0x5a9210
STABILIZE: _GLOBAL__sub_I_AP_Math.cpp @ 0x5a9250
STABILIZE: _GLOBAL__sub_I_chirp.cpp @ 0x5a9290
STABILIZE: _GLOBAL__sub_I_control.cpp @ 0x5a92d0
STABILIZE: _GLOBAL__sub_I_location.cpp @ 0x5a9310
STABILIZE: _GLOBAL__sub_I_matrix3.cpp @ 0x5a9350
STABILIZE: _GLOBAL__sub_I_matrix_alg.cpp @ 0x5a9390
STABILIZE: _GLOBAL__sub_I_quaternion.cpp @ 0x5a93d0
STABILIZE: _GLOBAL__sub_I_vector2.cpp @ 0x5a9410
STABILIZE: _GLOBAL__sub_I_vector3.cpp @ 0x5a9450
STABILIZE: _GLOBAL__sub_I_AP_Mission_ChangeDetector.cpp @ 0x5a9490
STABILIZE: _GLOBAL__sub_I_AP_Mission.cpp @ 0x5a94d0
STABILIZE: _GLOBAL__sub_I_EKFGSF_yaw.cpp @ 0x5a9510
STABILIZE: _GLOBAL__sub_I_AP_NavEKF2_Logging.cpp @ 0x5a9550
STABILIZE: _GLOBAL__sub_I_AP_NavEKF2_Outputs.cpp @ 0x5a9590
STABILIZE: _GLOBAL__sub_I_AP_NavEKF2.cpp @ 0x5a95d0
STABILIZE: _GLOBAL__sub_I_AP_NavEKF3.cpp @ 0x5a9610
STABILIZE: _GLOBAL__sub_I_AP_NavEKF3_Control.cpp @ 0x5a9650
STABILIZE: _GLOBAL__sub_I_AP_NavEKF3_GyroBias.cpp @ 0x5a9690
STABILIZE: _GLOBAL__sub_I_AP_NavEKF3_Logging.cpp @ 0x5a96d0
STABILIZE: _GLOBAL__sub_I_AP_NavEKF3_MagFusion.cpp @ 0x5a9710
STABILIZE: _GLOBAL__sub_I_AP_NavEKF3_Measurements.cpp @ 0x5a9750
STABILIZE: _GLOBAL__sub_I_AP_NavEKF3_OptFlowFusion.cpp @ 0x5a9790
STABILIZE: _GLOBAL__sub_I_AP_NavEKF3_Outputs.cpp @ 0x5a97d0
STABILIZE: _GLOBAL__sub_I_AP_NavEKF3_PosVelFusion.cpp @ 0x5a9810
STABILIZE: _GLOBAL__sub_I_AP_NavEKF3_VehicleStatus.cpp @ 0x5a9850
STABILIZE: _GLOBAL__sub_I_AP_NavEKF3_core.cpp @ 0x5a9890
STABILIZE: _GLOBAL__sub_I_AP_Notify.cpp @ 0x5a98d0
STABILIZE: _GLOBAL__sub_I_Display.cpp @ 0x5a9910
STABILIZE: _GLOBAL__sub_I_DroneCAN_RGB_LED.cpp @ 0x5a9950
STABILIZE: _GLOBAL__sub_I_NeoPixel.cpp @ 0x5a9990
STABILIZE: _GLOBAL__sub_I_ProfiLED.cpp @ 0x5a99d0
STABILIZE: _GLOBAL__sub_I_RGBLed.cpp @ 0x5a9a10
STABILIZE: _GLOBAL__sub_I_ToneAlarm.cpp @ 0x5a9a50
STABILIZE: _GLOBAL__sub_I_AP_OpticalFlow.cpp @ 0x5a9a90
STABILIZE: _GLOBAL__sub_I_AP_OpticalFlow_Backend.cpp @ 0x5a9ad0
STABILIZE: _GLOBAL__sub_I_AP_OpticalFlow_CXOF.cpp @ 0x5a9b10
STABILIZE: _GLOBAL__sub_I_AP_OpticalFlow_Calibrator.cpp @ 0x5a9b50
STABILIZE: _GLOBAL__sub_I_AP_OpticalFlow_HereFlow.cpp @ 0x5a9b90
STABILIZE: _GLOBAL__sub_I_AP_OpticalFlow_MAV.cpp @ 0x5a9bd0
STABILIZE: _GLOBAL__sub_I_AP_OpticalFlow_MSP.cpp @ 0x5a9c10
STABILIZE: _GLOBAL__sub_I_AP_OpticalFlow_PX4Flow.cpp @ 0x5a9c50
STABILIZE: _GLOBAL__sub_I_AP_OpticalFlow_Pixart.cpp @ 0x5a9c90
STABILIZE: _GLOBAL__sub_I_AP_OpticalFlow_SITL.cpp @ 0x5a9cd0
STABILIZE: _GLOBAL__sub_I_AP_OpticalFlow_UPFLOW.cpp @ 0x5a9d10
STABILIZE: _GLOBAL__sub_I_AP_Param.cpp @ 0x5a9d50
STABILIZE: _GLOBAL__sub_I_AP_ParamT.cpp @ 0x5a9da0
STABILIZE: _GLOBAL__sub_I_AP_Rally.cpp.5393 @ 0x5a9de0
STABILIZE: _GLOBAL__sub_I_AP_RangeFinder.cpp @ 0x5a9e20
STABILIZE: _GLOBAL__sub_I_AP_RangeFinder_Ainstein_LR_D1.cpp @ 0x5a9e60
STABILIZE: _GLOBAL__sub_I_AP_RangeFinder_BLPing.cpp @ 0x5a9ea0
STABILIZE: _GLOBAL__sub_I_AP_RangeFinder_Backend.cpp @ 0x5a9ee0
STABILIZE: _GLOBAL__sub_I_AP_RangeFinder_Backend_CAN.cpp @ 0x5a9f20
STABILIZE: _GLOBAL__sub_I_AP_RangeFinder_Backend_Serial.cpp @ 0x5a9f60
STABILIZE: _GLOBAL__sub_I_AP_RangeFinder_Benewake.cpp @ 0x5a9fa0
STABILIZE: _GLOBAL__sub_I_AP_RangeFinder_Benewake_CAN.cpp @ 0x5a9fe0
STABILIZE: _GLOBAL__sub_I_AP_RangeFinder_Benewake_TFMiniPlus.cpp @ 0x5aa020
STABILIZE: _GLOBAL__sub_I_AP_RangeFinder_GYUS42v2.cpp @ 0x5aa060
STABILIZE: _GLOBAL__sub_I_AP_RangeFinder_HC_SR04.cpp @ 0x5aa0a0
STABILIZE: _GLOBAL__sub_I_AP_RangeFinder_JRE_Serial.cpp @ 0x5aa0e0
STABILIZE: _GLOBAL__sub_I_AP_RangeFinder_Lanbao.cpp @ 0x5aa120
STABILIZE: _GLOBAL__sub_I_AP_RangeFinder_LeddarOne.cpp @ 0x5aa160
STABILIZE: _GLOBAL__sub_I_AP_RangeFinder_LeddarVu8.cpp @ 0x5aa1a0
STABILIZE: _GLOBAL__sub_I_AP_RangeFinder_LightWareI2C.cpp @ 0x5aa1e0
STABILIZE: _GLOBAL__sub_I_AP_RangeFinder_LightWareSerial.cpp @ 0x5aa220
STABILIZE: _GLOBAL__sub_I_AP_RangeFinder_Lua.cpp @ 0x5aa260
STABILIZE: _GLOBAL__sub_I_AP_RangeFinder_MAVLink.cpp @ 0x5aa2a0
STABILIZE: _GLOBAL__sub_I_AP_RangeFinder_MSP.cpp @ 0x5aa2e0
STABILIZE: _GLOBAL__sub_I_AP_RangeFinder_MaxsonarI2CXL.cpp @ 0x5aa320
STABILIZE: _GLOBAL__sub_I_AP_RangeFinder_MaxsonarSerialLV.cpp @ 0x5aa360
STABILIZE: _GLOBAL__sub_I_AP_RangeFinder_NMEA.cpp @ 0x5aa3a0
STABILIZE: _GLOBAL__sub_I_AP_RangeFinder_NRA24_CAN.cpp @ 0x5aa3e0
STABILIZE: _GLOBAL__sub_I_AP_RangeFinder_NoopLoop.cpp @ 0x5aa420
STABILIZE: _GLOBAL__sub_I_AP_RangeFinder_Params.cpp @ 0x5aa460
STABILIZE: _GLOBAL__sub_I_AP_RangeFinder_PulsedLightLRF.cpp @ 0x5aa4a0
STABILIZE: _GLOBAL__sub_I_AP_RangeFinder_RDS02UF.cpp @ 0x5aa4e0
STABILIZE: _GLOBAL__sub_I_AP_RangeFinder_SITL.cpp @ 0x5aa520
STABILIZE: _GLOBAL__sub_I_AP_RangeFinder_TOFSenseF_I2C.cpp @ 0x5aa560
STABILIZE: _GLOBAL__sub_I_AP_RangeFinder_TOFSenseP_CAN.cpp @ 0x5aa5a0
STABILIZE: _GLOBAL__sub_I_AP_RangeFinder_TeraRangerI2C.cpp @ 0x5aa5e0
STABILIZE: _GLOBAL__sub_I_AP_RangeFinder_TeraRanger_Serial.cpp @ 0x5aa620
STABILIZE: _GLOBAL__sub_I_AP_RangeFinder_USD1_CAN.cpp @ 0x5aa660
STABILIZE: _GLOBAL__sub_I_AP_RangeFinder_USD1_Serial.cpp @ 0x5aa6a0
STABILIZE: _GLOBAL__sub_I_AP_RangeFinder_VL53L0X.cpp @ 0x5aa6e0
STABILIZE: _GLOBAL__sub_I_AP_RangeFinder_VL53L1X.cpp @ 0x5aa720
STABILIZE: _GLOBAL__sub_I_AP_RangeFinder_Wasp.cpp @ 0x5aa760
STABILIZE: _GLOBAL__sub_I_AP_RangeFinder_analog.cpp @ 0x5aa7a0
STABILIZE: _GLOBAL__sub_I_PerfInfo.cpp @ 0x5aa7e0
STABILIZE: _GLOBAL__sub_I_AP_Scheduler.cpp @ 0x5aa820
STABILIZE: _GLOBAL__sub_I_AP_SerialManager.cpp @ 0x5aa860
STABILIZE: _GLOBAL__sub_I_TerrainGCS.cpp @ 0x5aa8a0
STABILIZE: _GLOBAL__sub_I_TerrainIO.cpp @ 0x5aa8e0
STABILIZE: _GLOBAL__sub_I_TerrainUtil.cpp @ 0x5aa920
STABILIZE: _GLOBAL__sub_I_AP_Terrain.cpp @ 0x5aa960
STABILIZE: _GLOBAL__sub_I_Parameters.cpp.6023 @ 0x5aa9a0
STABILIZE: _GLOBAL__sub_I_AP_Vehicle.cpp @ 0x5aa9e0
STABILIZE: _GLOBAL__sub_I_LogFile.cpp @ 0x5aaa20
STABILIZE: _GLOBAL__sub_I_AP_Logger.cpp @ 0x5aaa60
STABILIZE: _GLOBAL__sub_I_AP_Logger_Backend.cpp @ 0x5aaaa0
STABILIZE: _GLOBAL__sub_I_AP_Logger_File.cpp @ 0x5aaae0
STABILIZE: _GLOBAL__sub_I_LoggerMessageWriter.cpp @ 0x5aab20
STABILIZE: _GLOBAL__sub_I_AP_Filter.cpp @ 0x5aab60
STABILIZE: _GLOBAL__sub_I_AP_Filter_params.cpp @ 0x5aaba0
STABILIZE: _GLOBAL__sub_I_AP_NotchFilter_params.cpp @ 0x5aabe0
STABILIZE: _GLOBAL__sub_I_DerivativeFilter.cpp @ 0x5aac20
STABILIZE: _GLOBAL__sub_I_LowPassFilter.cpp @ 0x5aac60
STABILIZE: _GLOBAL__sub_I_LowPassFilter2p.cpp @ 0x5aaca0
STABILIZE: _GLOBAL__sub_I_NotchFilter.cpp @ 0x5aace0
STABILIZE: _GLOBAL__sub_I_HarmonicNotchFilter.cpp @ 0x5aad20
STABILIZE: _GLOBAL__sub_I_GCS_MAVLink.cpp @ 0x5aad60
STABILIZE: _GLOBAL__sub_I_GCS_Param.cpp @ 0x5aada0
STABILIZE: _GLOBAL__sub_I_GCS_Signing.cpp @ 0x5aade0
STABILIZE: _GLOBAL__sub_I_MAVLink_routing.cpp @ 0x5aae20
STABILIZE: _GLOBAL__sub_I_GCS.cpp @ 0x5aae60
STABILIZE: _GLOBAL__sub_I_GCS_Common.cpp @ 0x5aaea0
STABILIZE: _GLOBAL__sub_I_GCS_Fence.cpp @ 0x5aaee0
STABILIZE: _GLOBAL__sub_I_GCS_MAVLink_Parameters.cpp @ 0x5aaf20
STABILIZE: _GLOBAL__sub_I_RC_Channels.cpp @ 0x5aaf60
STABILIZE: _GLOBAL__sub_I_RC_Channel.cpp @ 0x5aafa0
STABILIZE: _GLOBAL__sub_I_SRV_Channel_aux.cpp @ 0x5aafe0
STABILIZE: _GLOBAL__sub_I_SRV_Channels.cpp @ 0x5ab020
STABILIZE: _GLOBAL__sub_I_StorageManager.cpp @ 0x5ab060
STABILIZE: _GLOBAL__sub_I_AP_RPM.cpp @ 0x5ab0a0
STABILIZE: _GLOBAL__sub_I_AP_RPM_Params.cpp @ 0x5ab0e0
STABILIZE: _GLOBAL__sub_I_RPM_Backend.cpp @ 0x5ab120
STABILIZE: _GLOBAL__sub_I_RPM_DroneCAN.cpp @ 0x5ab160
STABILIZE: _GLOBAL__sub_I_RPM_EFI.cpp @ 0x5ab1a0
STABILIZE: _GLOBAL__sub_I_RPM_ESC_Telem.cpp @ 0x5ab1e0
STABILIZE: _GLOBAL__sub_I_RPM_Generator.cpp @ 0x5ab220
STABILIZE: _GLOBAL__sub_I_RPM_HarmonicNotch.cpp @ 0x5ab260
STABILIZE: _GLOBAL__sub_I_RPM_Pin.cpp @ 0x5ab2a0
STABILIZE: _GLOBAL__sub_I_RPM_SITL.cpp @ 0x5ab2e0
STABILIZE: _GLOBAL__sub_I_AP_RSSI.cpp @ 0x5ab320
STABILIZE: _GLOBAL__sub_I_AP_Mount.cpp @ 0x5ab360
STABILIZE: _GLOBAL__sub_I_AP_Mount_Alexmos.cpp @ 0x5ab3a0
STABILIZE: _GLOBAL__sub_I_AP_Mount_Backend.cpp @ 0x5ab3e0
STABILIZE: _GLOBAL__sub_I_AP_Mount_Backend_Serial.cpp @ 0x5ab420
STABILIZE: _GLOBAL__sub_I_AP_Mount_CADDX.cpp @ 0x5ab460
STABILIZE: _GLOBAL__sub_I_AP_Mount_Gremsy.cpp @ 0x5ab4a0
STABILIZE: _GLOBAL__sub_I_AP_Mount_Params.cpp @ 0x5ab4e0
STABILIZE: _GLOBAL__sub_I_AP_Mount_SToRM32.cpp @ 0x5ab520
STABILIZE: _GLOBAL__sub_I_AP_Mount_SToRM32_serial.cpp @ 0x5ab560
STABILIZE: _GLOBAL__sub_I_AP_Mount_Scripting.cpp @ 0x5ab5a0
STABILIZE: _GLOBAL__sub_I_AP_Mount_Servo.cpp @ 0x5ab5e0
STABILIZE: _GLOBAL__sub_I_AP_Mount_Siyi.cpp @ 0x5ab620
STABILIZE: _GLOBAL__sub_I_AP_Mount_SoloGimbal.cpp @ 0x5ab660
STABILIZE: _GLOBAL__sub_I_AP_Mount_Topotek.cpp @ 0x5ab6a0
STABILIZE: _GLOBAL__sub_I_AP_Mount_Viewpro.cpp @ 0x5ab6e0
STABILIZE: _GLOBAL__sub_I_AP_Mount_XFRobot.cpp @ 0x5ab720
STABILIZE: _GLOBAL__sub_I_AP_Mount_Xacti.cpp @ 0x5ab760
STABILIZE: _GLOBAL__sub_I_SoloGimbal.cpp @ 0x5ab7a0
STABILIZE: _GLOBAL__sub_I_SoloGimbalEKF.cpp @ 0x5ab7e0
STABILIZE: _GLOBAL__sub_I_SoloGimbal_Parameters.cpp @ 0x5ab820
STABILIZE: _GLOBAL__sub_I_AP_Button.cpp @ 0x5ab860
STABILIZE: _GLOBAL__sub_I_AP_Frsky_Telem.cpp @ 0x5ab8a0
STABILIZE: _GLOBAL__sub_I_AP_Frsky_SPort_Passthrough.cpp @ 0x5ab8e0
STABILIZE: _GLOBAL__sub_I_AP_IBus_Telem.cpp @ 0x5ab920
STABILIZE: _GLOBAL__sub_I_AP_Relay.cpp @ 0x5ab960
STABILIZE: _GLOBAL__sub_I_AP_ServoRelayEvents.cpp @ 0x5ab9a0
STABILIZE: _GLOBAL__sub_I_AP_Volz_Protocol.cpp @ 0x5ab9e0
STABILIZE: _GLOBAL__sub_I_AP_SBusOut.cpp @ 0x5aba20
STABILIZE: _GLOBAL__sub_I_AP_Parachute.cpp @ 0x5aba60
STABILIZE: _GLOBAL__sub_I_AP_RCProtocol.cpp @ 0x5abaa0
STABILIZE: _GLOBAL__sub_I_AP_RCProtocol_CRSF.cpp @ 0x5abae0
STABILIZE: _GLOBAL__sub_I_AP_RCProtocol_FPort.cpp @ 0x5abb20
STABILIZE: _GLOBAL__sub_I_AP_RCProtocol_FPort2.cpp @ 0x5abb60
STABILIZE: _GLOBAL__sub_I_AP_RCProtocol_GHST.cpp @ 0x5abba0
STABILIZE: _GLOBAL__sub_I_AP_RCProtocol_SRXL2.cpp @ 0x5abbe0
STABILIZE: _GLOBAL__sub_I_AP_RCProtocol_UDP.cpp @ 0x5abc20
STABILIZE: _GLOBAL__sub_I_AP_TempCalibration.cpp @ 0x5abc60
STABILIZE: _GLOBAL__sub_I_AP_VisualOdom.cpp @ 0x5abca0
STABILIZE: _GLOBAL__sub_I_AP_VisualOdom_Backend.cpp @ 0x5abce0
STABILIZE: _GLOBAL__sub_I_AP_VisualOdom_IntelT265.cpp @ 0x5abd20
STABILIZE: _GLOBAL__sub_I_AP_VisualOdom_Logging.cpp @ 0x5abd60
STABILIZE: _GLOBAL__sub_I_AP_VisualOdom_MAV.cpp @ 0x5abda0
STABILIZE: _GLOBAL__sub_I_AP_Proximity.cpp @ 0x5abde0
STABILIZE: _GLOBAL__sub_I_AP_Proximity_AirSimSITL.cpp @ 0x5abe20
STABILIZE: _GLOBAL__sub_I_AP_Proximity_Backend.cpp @ 0x5abe60
STABILIZE: _GLOBAL__sub_I_AP_Proximity_Backend_Serial.cpp @ 0x5abea0
STABILIZE: _GLOBAL__sub_I_AP_Proximity_Boundary_3D.cpp @ 0x5abee0
STABILIZE: _GLOBAL__sub_I_AP_Proximity_Cygbot_D1.cpp @ 0x5abf20
STABILIZE: _GLOBAL__sub_I_AP_Proximity_LD06.cpp @ 0x5abf60
STABILIZE: _GLOBAL__sub_I_AP_Proximity_LightWareSF40C.cpp @ 0x5abfa0
STABILIZE: _GLOBAL__sub_I_AP_Proximity_LightWareSF45B.cpp @ 0x5abfe0
STABILIZE: _GLOBAL__sub_I_AP_Proximity_LightWareSerial.cpp @ 0x5ac020
STABILIZE: _GLOBAL__sub_I_AP_Proximity_MAV.cpp @ 0x5ac060
STABILIZE: _GLOBAL__sub_I_AP_Proximity_MR72_CAN.cpp @ 0x5ac0a0
STABILIZE: _GLOBAL__sub_I_AP_Proximity_Params.cpp @ 0x5ac0e0
STABILIZE: _GLOBAL__sub_I_AP_Proximity_RPLidarA2.cpp @ 0x5ac120
STABILIZE: _GLOBAL__sub_I_AP_Proximity_RangeFinder.cpp @ 0x5ac160
STABILIZE: _GLOBAL__sub_I_AP_Proximity_SITL.cpp @ 0x5ac1a0
STABILIZE: _GLOBAL__sub_I_AP_Proximity_Scripting.cpp @ 0x5ac1e0
STABILIZE: _GLOBAL__sub_I_AP_Proximity_TeraRangerTower.cpp @ 0x5ac220
STABILIZE: _GLOBAL__sub_I_AP_Proximity_TeraRangerTowerEvo.cpp @ 0x5ac260
STABILIZE: _GLOBAL__sub_I_AP_Proximity_Utils.cpp @ 0x5ac2a0
STABILIZE: _GLOBAL__sub_I_AP_Gripper_Backend.cpp @ 0x5ac2e0
STABILIZE: _GLOBAL__sub_I_AP_Gripper_EPM.cpp @ 0x5ac320
STABILIZE: _GLOBAL__sub_I_AP_Gripper_Servo.cpp @ 0x5ac360
STABILIZE: _GLOBAL__sub_I_AP_RTC.cpp @ 0x5ac3a0
STABILIZE: _GLOBAL__sub_I_AC_Sprayer.cpp @ 0x5ac3e0
STABILIZE: _GLOBAL__sub_I_AC_Fence.cpp @ 0x5ac420
STABILIZE: _GLOBAL__sub_I_AC_PolyFence_loader.cpp @ 0x5ac460
STABILIZE: _GLOBAL__sub_I_AP_OAPathPlanner.cpp @ 0x5ac4a0
STABILIZE: _GLOBAL__sub_I_AC_Avoid.cpp @ 0x5ac4e0
STABILIZE: _GLOBAL__sub_I_AP_OABendyRuler.cpp @ 0x5ac520
STABILIZE: _GLOBAL__sub_I_AP_OADatabase.cpp @ 0x5ac560
STABILIZE: _GLOBAL__sub_I_AP_LandingGear.cpp @ 0x5ac5a0
STABILIZE: _GLOBAL__sub_I_AP_RobotisServo.cpp @ 0x5ac5e0
STABILIZE: _GLOBAL__sub_I_AP_NMEA_Output.cpp @ 0x5ac620
STABILIZE: _GLOBAL__sub_I_AP_OSD.cpp @ 0x5ac660
STABILIZE: _GLOBAL__sub_I_AP_OSD_MSP.cpp @ 0x5ac6a0
STABILIZE: _GLOBAL__sub_I_AP_OSD_MSP_DisplayPort.cpp @ 0x5ac6e0
STABILIZE: _GLOBAL__sub_I_AP_OSD_ParamScreen.cpp @ 0x5ac720
STABILIZE: _GLOBAL__sub_I_AP_OSD_ParamSetting.cpp @ 0x5ac760
STABILIZE: _GLOBAL__sub_I_AP_OSD_Screen.cpp @ 0x5ac7a0
STABILIZE: _GLOBAL__sub_I_AP_Filesystem.cpp @ 0x5ac7e0
STABILIZE: _GLOBAL__sub_I_AP_Filesystem_Mission.cpp @ 0x5ac830
STABILIZE: _GLOBAL__sub_I_AP_Filesystem_Param.cpp @ 0x5ac870
STABILIZE: _GLOBAL__sub_I_AP_Filesystem_ROMFS.cpp @ 0x5ac8b0
STABILIZE: _GLOBAL__sub_I_AP_Filesystem_Sys.cpp @ 0x5ac8f0
STABILIZE: _GLOBAL__sub_I_AP_ADSB.cpp @ 0x5ac930
STABILIZE: _GLOBAL__sub_I_AP_ADSB_Sagetech_MXS.cpp @ 0x5ac970
STABILIZE: _GLOBAL__sub_I_AC_PID.cpp @ 0x5ac9b0
STABILIZE: _GLOBAL__sub_I_AC_PI_2D.cpp @ 0x5ac9f0
STABILIZE: _GLOBAL__sub_I_AP_SerialLED.cpp @ 0x5aca30
STABILIZE: _GLOBAL__sub_I_AP_EFI.cpp @ 0x5aca70
STABILIZE: _GLOBAL__sub_I_AP_EFI_Backend.cpp @ 0x5acab0
STABILIZE: _GLOBAL__sub_I_AP_EFI_Currawong_ECU.cpp @ 0x5acaf0
STABILIZE: _GLOBAL__sub_I_AP_EFI_DroneCAN.cpp @ 0x5acb30
STABILIZE: _GLOBAL__sub_I_AP_EFI_Loweheiser.cpp @ 0x5acb70
STABILIZE: _GLOBAL__sub_I_AP_EFI_MAV.cpp @ 0x5acbb0
STABILIZE: _GLOBAL__sub_I_AP_EFI_NWPMU.cpp @ 0x5acbf0
STABILIZE: _GLOBAL__sub_I_AP_EFI_Scripting.cpp @ 0x5acc30
STABILIZE: _GLOBAL__sub_I_AP_EFI_Serial_Hirth.cpp @ 0x5acc70
STABILIZE: _GLOBAL__sub_I_AP_EFI_Serial_Lutan.cpp @ 0x5accb0
STABILIZE: _GLOBAL__sub_I_AP_EFI_Serial_MS.cpp @ 0x5accf0
STABILIZE: _GLOBAL__sub_I_AP_EFI_ThrottleLinearisation.cpp @ 0x5acd30
STABILIZE: _GLOBAL__sub_I_AP_Hott_Telem.cpp @ 0x5acd70
STABILIZE: _GLOBAL__sub_I_AP_ESC_Telem.cpp @ 0x5acdb0
STABILIZE: _GLOBAL__sub_I_AP_ESC_Telem_Backend.cpp @ 0x5acdf0
STABILIZE: _GLOBAL__sub_I_AP_Servo_Telem.cpp @ 0x5ace30
STABILIZE: _GLOBAL__sub_I_AP_Stats.cpp @ 0x5ace70
STABILIZE: _GLOBAL__sub_I_AP_GyroFFT.cpp @ 0x5aceb0
STABILIZE: _GLOBAL__sub_I_AP_GHST_Telem.cpp @ 0x5acef0
STABILIZE: _GLOBAL__sub_I_AP_Spektrum_Telem.cpp @ 0x5acf30
STABILIZE: _GLOBAL__sub_I_AP_CRSF_Telem.cpp @ 0x5acf70
STABILIZE: _GLOBAL__sub_I_AP_RCTelemetry.cpp @ 0x5acfb0
STABILIZE: _GLOBAL__sub_I_AP_Generator.cpp @ 0x5acff0
STABILIZE: _GLOBAL__sub_I_AP_Generator_Backend.cpp @ 0x5ad030
STABILIZE: _GLOBAL__sub_I_AP_Generator_IE_2400.cpp @ 0x5ad070
STABILIZE: _GLOBAL__sub_I_AP_Generator_IE_650_800.cpp @ 0x5ad0b0
STABILIZE: _GLOBAL__sub_I_AP_Generator_IE_FuelCell.cpp @ 0x5ad0f0
STABILIZE: _GLOBAL__sub_I_AP_Generator_Loweheiser.cpp @ 0x5ad130
STABILIZE: _GLOBAL__sub_I_AP_Generator_RichenPower.cpp @ 0x5ad170
STABILIZE: _GLOBAL__sub_I_AP_MSP.cpp @ 0x5ad1b0
STABILIZE: _GLOBAL__sub_I_AP_MSP_Telem_Backend.cpp @ 0x5ad1f0
STABILIZE: _GLOBAL__sub_I_AP_MSP_Telem_DJI.cpp @ 0x5ad230
STABILIZE: _GLOBAL__sub_I_AP_MSP_Telem_DisplayPort.cpp @ 0x5ad270
STABILIZE: _GLOBAL__sub_I_msp.cpp @ 0x5ad2b0
STABILIZE: _GLOBAL__sub_I_msp_sbuf.cpp @ 0x5ad2f0
STABILIZE: _GLOBAL__sub_I_AP_OLC.cpp @ 0x5ad330
STABILIZE: _GLOBAL__sub_I_AP_ExternalAHRS.cpp @ 0x5ad380
STABILIZE: _GLOBAL__sub_I_AP_ExternalAHRS_MicroStrain5.cpp @ 0x5ad3c0
STABILIZE: _GLOBAL__sub_I_AP_ExternalAHRS_MicroStrain7.cpp @ 0x5ad400
STABILIZE: _GLOBAL__sub_I_AP_ExternalAHRS_VectorNav.cpp @ 0x5ad440
STABILIZE: _GLOBAL__sub_I_AP_ExternalAHRS_backend.cpp @ 0x5ad480
STABILIZE: _GLOBAL__sub_I_MicroStrain_common.cpp @ 0x5ad4c0
STABILIZE: _GLOBAL__sub_I_AP_ExternalAHRS_InertialLabs.cpp @ 0x5ad500
STABILIZE: _GLOBAL__sub_I_AP_SmartAudio.cpp @ 0x5ad540
STABILIZE: _GLOBAL__sub_I_AP_Tramp.cpp @ 0x5ad580
STABILIZE: _GLOBAL__sub_I_AP_VideoTX.cpp @ 0x5ad5c0
STABILIZE: _GLOBAL__sub_I_AP_FETtecOneWire.cpp @ 0x5ad600
STABILIZE: _GLOBAL__sub_I_AP_TemperatureSensor.cpp @ 0x5ad640
STABILIZE: _GLOBAL__sub_I_AP_Torqeedo.cpp @ 0x5ad680
STABILIZE: _GLOBAL__sub_I_AP_Torqeedo_Backend.cpp @ 0x5ad6c0
STABILIZE: _GLOBAL__sub_I_AP_Torqeedo_Params.cpp @ 0x5ad700
STABILIZE: _GLOBAL__sub_I_AP_Torqeedo_TQBus.cpp @ 0x5ad740
STABILIZE: _GLOBAL__sub_I_AP_CustomRotations.cpp @ 0x5ad780
STABILIZE: _GLOBAL__sub_I_AP_CustomRotations_params.cpp @ 0x5ad7c0
STABILIZE: _GLOBAL__sub_I_AP_OpenDroneID.cpp @ 0x5ad800
STABILIZE: _GLOBAL__sub_I_AP_OpenDroneID_DroneCAN.cpp @ 0x5ad840
STABILIZE: _GLOBAL__sub_I_AP_ExternalControl.cpp @ 0x5ad880
STABILIZE: _GLOBAL__sub_I_AP_Beacon.cpp @ 0x5ad8c0
STABILIZE: _GLOBAL__sub_I_AP_Beacon_Backend.cpp @ 0x5ad900
STABILIZE: _GLOBAL__sub_I_AP_Beacon_Marvelmind.cpp @ 0x5ad940
STABILIZE: _GLOBAL__sub_I_AP_Beacon_Nooploop.cpp @ 0x5ad980
STABILIZE: _GLOBAL__sub_I_AP_Beacon_Pozyx.cpp @ 0x5ad9c0
STABILIZE: _GLOBAL__sub_I_AP_Beacon_SITL.cpp @ 0x5ada00
STABILIZE: _GLOBAL__sub_I_AP_Arming.cpp @ 0x5ada40
STABILIZE: _GLOBAL__sub_I_AP_Follow.cpp @ 0x5ada80
STABILIZE: _GLOBAL__sub_I_AP_CANManager.cpp @ 0x5adac0
STABILIZE: _GLOBAL__sub_I_AP_CANManager_CANDriver_Params.cpp @ 0x5adb00
STABILIZE: _GLOBAL__sub_I_AP_CANSensor.cpp @ 0x5adb40
STABILIZE: _GLOBAL__sub_I_AP_MAVLinkCAN.cpp @ 0x5adb80
STABILIZE: _GLOBAL__sub_I_AP_KDECAN.cpp @ 0x5adbc0
STABILIZE: _GLOBAL__sub_I_AP_PiccoloCAN.cpp @ 0x5adc00
STABILIZE: _GLOBAL__sub_I_AP_PiccoloCAN_ESC.cpp @ 0x5adc40
STABILIZE: _GLOBAL__sub_I_AP_PiccoloCAN_Servo.cpp @ 0x5adc80
STABILIZE: _GLOBAL__sub_I_AC_AttitudeControl_Logging.cpp @ 0x5adcc0
STABILIZE: _GLOBAL__sub_I_AC_AttitudeControl_Multi.cpp @ 0x5add00
STABILIZE: _GLOBAL__sub_I_AC_AttitudeControl_Multi_6DoF.cpp @ 0x5add40
STABILIZE: _GLOBAL__sub_I_AC_AttitudeControl.cpp @ 0x5add80
STABILIZE: _GLOBAL__sub_I_AC_PosControl.cpp @ 0x5addc0
STABILIZE: _GLOBAL__sub_I_AC_WeatherVane.cpp @ 0x5ade00
STABILIZE: _GLOBAL__sub_I_AC_PrecLand_StateMachine.cpp @ 0x5ade40
STABILIZE: _GLOBAL__sub_I_AC_PrecLand.cpp @ 0x5ade80
STABILIZE: _GLOBAL__sub_I_AC_Circle.cpp @ 0x5adec0
STABILIZE: _GLOBAL__sub_I_AC_WPNav.cpp @ 0x5adf00
STABILIZE: _GLOBAL__sub_I_AC_WPNav_OA.cpp @ 0x5adf40
STABILIZE: _GLOBAL__sub_I_AC_Loiter.cpp @ 0x5adf80
STABILIZE: _GLOBAL__sub_I_AP_MotorsCoax.cpp @ 0x5adfc0
STABILIZE: _GLOBAL__sub_I_AP_MotorsMatrix_6DoF_Scripting.cpp @ 0x5ae000
STABILIZE: _GLOBAL__sub_I_AP_MotorsMatrix_Scripting_Dynamic.cpp @ 0x5ae040
STABILIZE: _GLOBAL__sub_I_AP_MotorsSingle.cpp @ 0x5ae080
STABILIZE: _GLOBAL__sub_I_AP_MotorsTailsitter.cpp @ 0x5ae0c0
STABILIZE: _GLOBAL__sub_I_AP_Motors_Class.cpp @ 0x5ae100
STABILIZE: _GLOBAL__sub_I_AP_MotorsMatrix.cpp @ 0x5ae140
STABILIZE: _GLOBAL__sub_I_AP_MotorsMulticopter.cpp @ 0x5ae180
STABILIZE: _GLOBAL__sub_I_AP_MotorsTri.cpp @ 0x5ae1c0
STABILIZE: _GLOBAL__sub_I_AP_Motors_Thrust_Linearization.cpp @ 0x5ae200
STABILIZE: _GLOBAL__sub_I_AP_Avoidance.cpp @ 0x5ae240
STABILIZE: _GLOBAL__sub_I_AP_AdvancedFailsafe.cpp @ 0x5ae280
STABILIZE: _GLOBAL__sub_I_AP_SmartRTL.cpp @ 0x5ae2c0
STABILIZE: _GLOBAL__sub_I_AP_Winch.cpp @ 0x5ae300
STABILIZE: _GLOBAL__sub_I_AP_Winch_Backend.cpp @ 0x5ae340
STABILIZE: _GLOBAL__sub_I_AP_Winch_Daiwa.cpp @ 0x5ae380
STABILIZE: _GLOBAL__sub_I_AP_Winch_PWM.cpp @ 0x5ae3c0
STABILIZE: _GLOBAL__sub_I_AP_LTM_Telem.cpp @ 0x5ae400
STABILIZE: _GLOBAL__sub_I_AC_AutoTune.cpp @ 0x5ae440
STABILIZE: _GLOBAL__sub_I_AC_AutoTune_Multi.cpp @ 0x5ae480
STABILIZE: _GLOBAL__sub_I_AP_SurfaceDistance.cpp @ 0x5ae4c0
STABILIZE: _GLOBAL__sub_I_AP_Canard_iface.cpp @ 0x5ae500
STABILIZE: _GLOBAL__sub_I_AP_DroneCAN.cpp @ 0x5ae540
STABILIZE: _GLOBAL__sub_I_AP_DroneCAN_DNA_Server.cpp @ 0x5ae580
STABILIZE: _GLOBAL__sub_I_AP_DroneCAN_serial.cpp @ 0x5ae5c0
STABILIZE: _GLOBAL__sub_I_CANSocketIface.cpp @ 0x5ae600
STABILIZE: _GLOBAL__sub_I_CAN_Multicast.cpp @ 0x5ae640
STABILIZE: _GLOBAL__sub_I_CAN_SocketCAN.cpp @ 0x5ae680
STABILIZE: _GLOBAL__sub_I_HAL_SITL_Class.cpp @ 0x5ae6c0
STABILIZE: _GLOBAL__sub_I_I2CDevice.cpp @ 0x5ae770
STABILIZE: _GLOBAL__sub_I_RCInput.cpp @ 0x5ae7b0
STABILIZE: _GLOBAL__sub_I_RCOutput.cpp @ 0x5ae7f0
STABILIZE: _GLOBAL__sub_I_SITL_State.cpp @ 0x5ae830
STABILIZE: _GLOBAL__sub_I_SITL_State_common.cpp @ 0x5ae870
STABILIZE: _GLOBAL__sub_I_SPIDevice.cpp @ 0x5ae8b0
STABILIZE: _GLOBAL__sub_I_Scheduler.cpp @ 0x5ae8f0
STABILIZE: _GLOBAL__sub_I_Util.cpp.13637 @ 0x5ae930
STABILIZE: _GLOBAL__sub_I_sitl_airspeed.cpp @ 0x5ae970
STABILIZE: _GLOBAL__sub_I_sitl_rangefinder.cpp @ 0x5ae9b0
STABILIZE: _GLOBAL__sub_I_SITL_cmdline.cpp @ 0x5ae9f0
STABILIZE: _GLOBAL__sub_I_Storage.cpp @ 0x5aea30
STABILIZE: _GLOBAL__sub_I_UARTDriver.cpp.13949 @ 0x5aea70
STABILIZE: _GLOBAL__sub_I_SIM_ADSB.cpp @ 0x5aeab0
STABILIZE: _GLOBAL__sub_I_SIM_ADSB_Sagetech_MXS.cpp @ 0x5aeaf0
STABILIZE: _GLOBAL__sub_I_SIM_AIS.cpp @ 0x5aeb30
STABILIZE: _GLOBAL__sub_I_SIM_AirSim.cpp @ 0x5aeb70
STABILIZE: _GLOBAL__sub_I_SIM_BalanceBot.cpp @ 0x5aebb0
STABILIZE: _GLOBAL__sub_I_SIM_Balloon.cpp @ 0x5aebf0
STABILIZE: _GLOBAL__sub_I_SIM_Blimp.cpp @ 0x5aec30
STABILIZE: _GLOBAL__sub_I_SIM_Buzzer.cpp @ 0x5aec70
STABILIZE: _GLOBAL__sub_I_SIM_CRRCSim.cpp @ 0x5aecb0
STABILIZE: _GLOBAL__sub_I_SIM_CRSF.cpp @ 0x5aecf0
STABILIZE: _GLOBAL__sub_I_SIM_Calibration.cpp @ 0x5aed30
STABILIZE: _GLOBAL__sub_I_SIM_EFI_Hirth.cpp @ 0x5aed70
STABILIZE: _GLOBAL__sub_I_SIM_EFI_MegaSquirt.cpp @ 0x5aedb0
STABILIZE: _GLOBAL__sub_I_SIM_ELRS.cpp @ 0x5aedf0
STABILIZE: _GLOBAL__sub_I_SIM_FETtecOneWireESC.cpp @ 0x5aee30
STABILIZE: _GLOBAL__sub_I_SIM_FlightAxis.cpp @ 0x5aee70
STABILIZE: _GLOBAL__sub_I_SIM_Frsky_D.cpp @ 0x5aeeb0
STABILIZE: _GLOBAL__sub_I_SIM_GPS.cpp @ 0x5aeef0
STABILIZE: _GLOBAL__sub_I_SIM_GPS_FILE.cpp @ 0x5aef30
STABILIZE: _GLOBAL__sub_I_SIM_GPS_MSP.cpp @ 0x5aef70
STABILIZE: _GLOBAL__sub_I_SIM_GPS_NMEA.cpp @ 0x5aefb0
STABILIZE: _GLOBAL__sub_I_SIM_GPS_NOVA.cpp @ 0x5aeff0
STABILIZE: _GLOBAL__sub_I_SIM_GPS_SBF.cpp @ 0x5af030
STABILIZE: _GLOBAL__sub_I_SIM_GPS_SBP.cpp @ 0x5af070
STABILIZE: _GLOBAL__sub_I_SIM_GPS_SBP2.cpp @ 0x5af0b0
STABILIZE: _GLOBAL__sub_I_SIM_GPS_Trimble.cpp @ 0x5af0f0
STABILIZE: _GLOBAL__sub_I_SIM_GPS_UBLOX.cpp @ 0x5af130
STABILIZE: _GLOBAL__sub_I_SIM_Gazebo.cpp @ 0x5af170
STABILIZE: _GLOBAL__sub_I_SIM_Glider.cpp @ 0x5af1b0
STABILIZE: _GLOBAL__sub_I_SIM_Gripper_EPM.cpp @ 0x5af1f0
STABILIZE: _GLOBAL__sub_I_SIM_Gripper_Servo.cpp @ 0x5af230
STABILIZE: _GLOBAL__sub_I_SIM_Helicopter.cpp @ 0x5af270
STABILIZE: _GLOBAL__sub_I_SIM_I2C.cpp @ 0x5af2b0
STABILIZE: _GLOBAL__sub_I_SIM_I2CDevice.cpp @ 0x5af350
STABILIZE: _GLOBAL__sub_I_SIM_INA3221.cpp @ 0x5af390
STABILIZE: _GLOBAL__sub_I_SIM_IS31FL3195.cpp @ 0x5af3d0
STABILIZE: _GLOBAL__sub_I_SIM_InertialLabs.cpp @ 0x5af410
STABILIZE: _GLOBAL__sub_I_SIM_IntelligentEnergy24.cpp @ 0x5af450
STABILIZE: _GLOBAL__sub_I_SIM_Invensense_v3.cpp @ 0x5af490
STABILIZE: _GLOBAL__sub_I_SIM_JSBSim.cpp @ 0x5af4d0
STABILIZE: _GLOBAL__sub_I_SIM_JSON.cpp @ 0x5af510
STABILIZE: _GLOBAL__sub_I_SIM_JSON_Master.cpp @ 0x5af550
STABILIZE: _GLOBAL__sub_I_SIM_LM2755.cpp @ 0x5af590
STABILIZE: _GLOBAL__sub_I_SIM_LP5562.cpp @ 0x5af5d0
STABILIZE: _GLOBAL__sub_I_SIM_Loweheiser.cpp @ 0x5af610
STABILIZE: _GLOBAL__sub_I_SIM_MS5525.cpp @ 0x5af650
STABILIZE: _GLOBAL__sub_I_SIM_MS5611.cpp @ 0x5af690
STABILIZE: _GLOBAL__sub_I_SIM_MS5XXX.cpp @ 0x5af6d0
STABILIZE: _GLOBAL__sub_I_SIM_MicroStrain.cpp @ 0x5af710
STABILIZE: _GLOBAL__sub_I_SIM_MicroStrain7.cpp @ 0x5af750
STABILIZE: _GLOBAL__sub_I_SIM_Morse.cpp @ 0x5af790
STABILIZE: _GLOBAL__sub_I_SIM_Multicopter.cpp @ 0x5af7d0
STABILIZE: _GLOBAL__sub_I_SIM_PS_LD06.cpp @ 0x5af810
STABILIZE: _GLOBAL__sub_I_SIM_PS_LightWare_SF45B.cpp @ 0x5af850
STABILIZE: _GLOBAL__sub_I_SIM_PS_RPLidar.cpp @ 0x5af890
STABILIZE: _GLOBAL__sub_I_SIM_PS_TeraRangerTower.cpp @ 0x5af8d0
STABILIZE: _GLOBAL__sub_I_SIM_Parachute.cpp @ 0x5af910
STABILIZE: _GLOBAL__sub_I_SIM_Plane.cpp @ 0x5af950
STABILIZE: _GLOBAL__sub_I_SIM_Precland.cpp @ 0x5af990
STABILIZE: _GLOBAL__sub_I_SIM_QMC5883L.cpp @ 0x5af9d0
STABILIZE: _GLOBAL__sub_I_SIM_QuadPlane.cpp @ 0x5afa10
STABILIZE: _GLOBAL__sub_I_SIM_RF_Ainstein_LR_D1.cpp @ 0x5afa50
STABILIZE: _GLOBAL__sub_I_SIM_RF_BLping.cpp @ 0x5afa90
STABILIZE: _GLOBAL__sub_I_SIM_RF_Benewake.cpp @ 0x5afad0
STABILIZE: _GLOBAL__sub_I_SIM_RF_GYUS42v2.cpp @ 0x5afb10
STABILIZE: _GLOBAL__sub_I_SIM_RF_JRE.cpp @ 0x5afb50
STABILIZE: _GLOBAL__sub_I_SIM_RF_Lanbao.cpp @ 0x5afb90
STABILIZE: _GLOBAL__sub_I_SIM_RF_LeddarOne.cpp @ 0x5afbd0
STABILIZE: _GLOBAL__sub_I_SIM_RF_LightWareSerial.cpp @ 0x5afc10
STABILIZE: _GLOBAL__sub_I_SIM_RF_LightWareSerialBinary.cpp @ 0x5afc50
STABILIZE: _GLOBAL__sub_I_SIM_RF_MAVLink.cpp @ 0x5afc90
STABILIZE: _GLOBAL__sub_I_SIM_RF_MaxsonarSerialLV.cpp @ 0x5afcd0
STABILIZE: _GLOBAL__sub_I_SIM_RF_NMEA.cpp @ 0x5afd10
STABILIZE: _GLOBAL__sub_I_SIM_RF_NoopLoop.cpp @ 0x5afd50
STABILIZE: _GLOBAL__sub_I_SIM_RF_RDS02UF.cpp @ 0x5afd90
STABILIZE: _GLOBAL__sub_I_SIM_RF_TeraRanger_Serial.cpp @ 0x5afdd0
STABILIZE: _GLOBAL__sub_I_SIM_RF_USD1_v0.cpp @ 0x5afe10
STABILIZE: _GLOBAL__sub_I_SIM_RF_USD1_v1.cpp @ 0x5afe50
STABILIZE: _GLOBAL__sub_I_SIM_RF_Wasp.cpp @ 0x5afe90
STABILIZE: _GLOBAL__sub_I_SIM_RichenPower.cpp @ 0x5afed0
STABILIZE: _GLOBAL__sub_I_SIM_Rover.cpp @ 0x5aff10
STABILIZE: _GLOBAL__sub_I_SIM_SPI.cpp @ 0x5aff50
STABILIZE: _GLOBAL__sub_I_SIM_Sailboat.cpp @ 0x5aff90
STABILIZE: _GLOBAL__sub_I_SIM_Scrimmage.cpp @ 0x5affd0
STABILIZE: _GLOBAL__sub_I_SIM_SerialDevice.cpp @ 0x5b0010
STABILIZE: _GLOBAL__sub_I_SIM_SerialProximitySensor.cpp @ 0x5b0050
STABILIZE: _GLOBAL__sub_I_SIM_SerialRangeFinder.cpp @ 0x5b0090
STABILIZE: _GLOBAL__sub_I_SIM_Ship.cpp @ 0x5b00d0
STABILIZE: _GLOBAL__sub_I_SIM_SilentWings.cpp @ 0x5b0110
STABILIZE: _GLOBAL__sub_I_SIM_SingleCopter.cpp @ 0x5b0150
STABILIZE: _GLOBAL__sub_I_SIM_SlungPayload.cpp @ 0x5b0190
STABILIZE: _GLOBAL__sub_I_SIM_SoloGimbal.cpp @ 0x5b01d0
STABILIZE: _GLOBAL__sub_I_SIM_Sprayer.cpp @ 0x5b0210
STABILIZE: _GLOBAL__sub_I_SIM_StratoBlimp.cpp @ 0x5b0250
STABILIZE: _GLOBAL__sub_I_SIM_Submarine.cpp @ 0x5b0290
STABILIZE: _GLOBAL__sub_I_SIM_Temperature_MCP9600.cpp @ 0x5b02d0
STABILIZE: _GLOBAL__sub_I_SIM_Temperature_SHT3x.cpp @ 0x5b0310
STABILIZE: _GLOBAL__sub_I_SIM_Temperature_TSYS01.cpp @ 0x5b0350
STABILIZE: _GLOBAL__sub_I_SIM_Temperature_TSYS03.cpp @ 0x5b0390
STABILIZE: _GLOBAL__sub_I_SIM_TeraRangerI2C.cpp @ 0x5b03d0
STABILIZE: _GLOBAL__sub_I_SIM_Tether.cpp @ 0x5b0410
STABILIZE: _GLOBAL__sub_I_SIM_ToneAlarm.cpp @ 0x5b0450
STABILIZE: _GLOBAL__sub_I_SIM_ToshibaLED.cpp @ 0x5b0490
STABILIZE: _GLOBAL__sub_I_SIM_Tracker.cpp @ 0x5b04d0
STABILIZE: _GLOBAL__sub_I_SIM_VectorNav.cpp @ 0x5b0510
STABILIZE: _GLOBAL__sub_I_SIM_Vicon.cpp @ 0x5b0550
STABILIZE: _GLOBAL__sub_I_SIM_Volz.cpp @ 0x5b0590
STABILIZE: _GLOBAL__sub_I_SIM_Webots.cpp @ 0x5b05d0
STABILIZE: _GLOBAL__sub_I_SIM_Webots_Python.cpp @ 0x5b0610
STABILIZE: _GLOBAL__sub_I_SIM_last_letter.cpp @ 0x5b0650
STABILIZE: _GLOBAL__sub_I_SITL_Airspeed.cpp @ 0x5b0690
STABILIZE: _GLOBAL__sub_I_SITL_Baro.cpp @ 0x5b06d0
STABILIZE: _GLOBAL__sub_I_ServoModel.cpp @ 0x5b0710
STABILIZE: _GLOBAL__sub_I_SIM_Aircraft.cpp @ 0x5b0750
STABILIZE: _GLOBAL__sub_I_SIM_XPlane.cpp @ 0x5b0790
STABILIZE: _GLOBAL__sub_I_SITL.cpp @ 0x5b07d0
STABILIZE: _GLOBAL__sub_I_AP_Scripting.cpp @ 0x5b0810
STABILIZE: _GLOBAL__sub_I_AP_Scripting_SerialDevice.cpp @ 0x5b0850
STABILIZE: _GLOBAL__sub_I_lua_scripts.cpp @ 0x5b0890
STABILIZE: _GLOBAL__sub_I_lua_generated_bindings.cpp @ 0x5b08d0
STABILIZE: _GLOBAL__sub_I_AC_CustomControl.cpp @ 0x5b0910
STABILIZE: _GLOBAL__sub_I_AC_CustomControl_PID.cpp @ 0x5b0950
STABILIZE: _GLOBAL__sub_I_AP_AccelCal.cpp @ 0x5b0990
STABILIZE: _GLOBAL__sub_I_AccelCalibrator.cpp @ 0x5b09d0
STABILIZE: _GLOBAL__sub_I_AP_AHRS_External.cpp @ 0x5b0a10
STABILIZE: _GLOBAL__sub_I_AP_AHRS_SIM.cpp @ 0x5b0a50
STABILIZE: _GLOBAL__sub_I_AP_AHRS_View.cpp @ 0x5b0a90
STABILIZE: _GLOBAL__sub_I_AP_Airspeed_ASP5033.cpp @ 0x5b0ad0
STABILIZE: _GLOBAL__sub_I_AP_Airspeed_AUAV.cpp @ 0x5b0b10
STABILIZE: _GLOBAL__sub_I_AP_Airspeed_Backend.cpp @ 0x5b0b50
STABILIZE: _GLOBAL__sub_I_AP_Airspeed_DLVR.cpp @ 0x5b0b90
STABILIZE: _GLOBAL__sub_I_AP_Airspeed_DroneCAN.cpp @ 0x5b0bd0
STABILIZE: _GLOBAL__sub_I_AP_Airspeed_External.cpp @ 0x5b0c10
STABILIZE: _GLOBAL__sub_I_AP_Airspeed_Health.cpp @ 0x5b0c50
STABILIZE: _GLOBAL__sub_I_AP_Airspeed_MS4525.cpp @ 0x5b0c90
STABILIZE: _GLOBAL__sub_I_AP_Airspeed_MS5525.cpp @ 0x5b0cd0
STABILIZE: _GLOBAL__sub_I_AP_Airspeed_MSP.cpp @ 0x5b0d10
STABILIZE: _GLOBAL__sub_I_AP_Airspeed_SDP3X.cpp @ 0x5b0d50
STABILIZE: _GLOBAL__sub_I_AP_Airspeed_SITL.cpp @ 0x5b0d90
STABILIZE: _GLOBAL__sub_I_AP_Airspeed_analog.cpp @ 0x5b0dd0
STABILIZE: _GLOBAL__sub_I_Airspeed_Calibration.cpp @ 0x5b0e10
STABILIZE: _GLOBAL__sub_I_AP_Baro_AUAV.cpp @ 0x5b0e50
STABILIZE: _GLOBAL__sub_I_AP_Baro_BMP085.cpp @ 0x5b0e90
STABILIZE: _GLOBAL__sub_I_AP_Baro_BMP280.cpp @ 0x5b0ed0
STABILIZE: _GLOBAL__sub_I_AP_Baro_BMP388.cpp @ 0x5b0f10
STABILIZE: _GLOBAL__sub_I_AP_Baro_BMP581.cpp @ 0x5b0f50
STABILIZE: _GLOBAL__sub_I_AP_Baro_Backend.cpp @ 0x5b0f90
STABILIZE: _GLOBAL__sub_I_AP_Baro_DPS280.cpp @ 0x5b0fd0
STABILIZE: _GLOBAL__sub_I_AP_Baro_DroneCAN.cpp @ 0x5b1010
STABILIZE: _GLOBAL__sub_I_AP_Baro_ExternalAHRS.cpp @ 0x5b1050
STABILIZE: _GLOBAL__sub_I_AP_Baro_FBM320.cpp @ 0x5b1090
STABILIZE: _GLOBAL__sub_I_AP_Baro_HIL.cpp @ 0x5b10d0
STABILIZE: _GLOBAL__sub_I_AP_Baro_LPS2XH.cpp @ 0x5b1110
STABILIZE: _GLOBAL__sub_I_AP_Baro_Logging.cpp @ 0x5b1150
STABILIZE: _GLOBAL__sub_I_AP_Baro_MS5611.cpp @ 0x5b1190
STABILIZE: _GLOBAL__sub_I_AP_Baro_SPL06.cpp @ 0x5b11d0
STABILIZE: _GLOBAL__sub_I_AP_Baro_Wind.cpp @ 0x5b1210
STABILIZE: _GLOBAL__sub_I_AP_BattMonitor_AD7091R5.cpp @ 0x5b1250
STABILIZE: _GLOBAL__sub_I_AP_BattMonitor_Analog.cpp @ 0x5b1290
STABILIZE: _GLOBAL__sub_I_AP_BattMonitor_Backend.cpp @ 0x5b12d0
STABILIZE: _GLOBAL__sub_I_AP_BattMonitor_DroneCAN.cpp @ 0x5b1310
STABILIZE: _GLOBAL__sub_I_AP_BattMonitor_EFI.cpp @ 0x5b1350
STABILIZE: _GLOBAL__sub_I_AP_BattMonitor_ESC.cpp @ 0x5b1390
STABILIZE: _GLOBAL__sub_I_AP_BattMonitor_FuelFlow.cpp @ 0x5b13d0
STABILIZE: _GLOBAL__sub_I_AP_BattMonitor_FuelLevel_Analog.cpp @ 0x5b1410
STABILIZE: _GLOBAL__sub_I_AP_BattMonitor_FuelLevel_PWM.cpp @ 0x5b1450
STABILIZE: _GLOBAL__sub_I_AP_BattMonitor_Generator.cpp @ 0x5b1490
STABILIZE: _GLOBAL__sub_I_AP_BattMonitor_INA2xx.cpp @ 0x5b14d0
STABILIZE: _GLOBAL__sub_I_AP_BattMonitor_INA3221.cpp @ 0x5b1510
STABILIZE: _GLOBAL__sub_I_AP_BattMonitor_Logging.cpp @ 0x5b1550
STABILIZE: _GLOBAL__sub_I_AP_BattMonitor_SMBus.cpp @ 0x5b1590
STABILIZE: _GLOBAL__sub_I_AP_BattMonitor_SMBus_Generic.cpp @ 0x5b15d0
STABILIZE: _GLOBAL__sub_I_AP_BattMonitor_SMBus_NeoDesign.cpp @ 0x5b1610
STABILIZE: _GLOBAL__sub_I_AP_BattMonitor_SMBus_Rotoye.cpp @ 0x5b1650
STABILIZE: _GLOBAL__sub_I_AP_BattMonitor_SMBus_SUI.cpp @ 0x5b1690
STABILIZE: _GLOBAL__sub_I_AP_BattMonitor_Scripting.cpp @ 0x5b16d0
STABILIZE: _GLOBAL__sub_I_AP_BattMonitor_Sum.cpp @ 0x5b1710
STABILIZE: _GLOBAL__sub_I_AP_BattMonitor_Synthetic_Current.cpp @ 0x5b1750
STABILIZE: _GLOBAL__sub_I_AP_BattMonitor_Torqeedo.cpp @ 0x5b1790
STABILIZE: _GLOBAL__sub_I_board_drivers.cpp @ 0x5b17d0
STABILIZE: _GLOBAL__sub_I_DSP.cpp @ 0x5b1810
STABILIZE: _GLOBAL__sub_I_Storage.cpp.19018 @ 0x5b1850
STABILIZE: _GLOBAL__sub_I_AP_InertialSensor_ExternalAHRS.cpp @ 0x5b1890
STABILIZE: _GLOBAL__sub_I_AP_InertialSensor_SITL.cpp @ 0x5b18d0
STABILIZE: _GLOBAL__sub_I_AP_InertialSensor_tempcal.cpp @ 0x5b1910
STABILIZE: _GLOBAL__sub_I_BatchSampler.cpp @ 0x5b1950
STABILIZE: _GLOBAL__sub_I_AP_InertialSensor_Backend.cpp @ 0x5b1990
STABILIZE: _GLOBAL__sub_I_SplineCurve.cpp @ 0x5b19d0
STABILIZE: _GLOBAL__sub_I_polyfit.cpp @ 0x5b1a10
STABILIZE: _GLOBAL__sub_I_polygon.cpp @ 0x5b1a50
STABILIZE: _GLOBAL__sub_I_SCurve.cpp @ 0x5b1a90
STABILIZE: _GLOBAL__sub_I_AP_Mission_Commands.cpp @ 0x5b1ad0
STABILIZE: _GLOBAL__sub_I_AP_DAL_Baro.cpp @ 0x5b1b10
STABILIZE: _GLOBAL__sub_I_AP_DAL.cpp @ 0x5b1b50
STABILIZE: _GLOBAL__sub_I_AP_DAL_Beacon.cpp @ 0x5b1b90
STABILIZE: _GLOBAL__sub_I_AP_DAL_RangeFinder.cpp @ 0x5b1bd0
STABILIZE: _GLOBAL__sub_I_AP_DAL_VisualOdom.cpp @ 0x5b1c10
STABILIZE: _GLOBAL__sub_I_AP_NavEKF_Source.cpp @ 0x5b1c50
STABILIZE: _GLOBAL__sub_I_AP_NavEKF_core_common.cpp @ 0x5b1c90
STABILIZE: _GLOBAL__sub_I_EKFGSF_Logging.cpp @ 0x5b1cd0
STABILIZE: _GLOBAL__sub_I_AP_NavEKF2_Control.cpp @ 0x5b1d10
STABILIZE: _GLOBAL__sub_I_AP_NavEKF2_MagFusion.cpp @ 0x5b1d50
STABILIZE: _GLOBAL__sub_I_AP_NavEKF2_Measurements.cpp @ 0x5b1d90
STABILIZE: _GLOBAL__sub_I_AP_NavEKF2_PosVelFusion.cpp @ 0x5b1dd0
STABILIZE: _GLOBAL__sub_I_AP_NavEKF2_VehicleStatus.cpp @ 0x5b1e10
STABILIZE: _GLOBAL__sub_I_AP_NavEKF2_core.cpp @ 0x5b1e50
STABILIZE: _GLOBAL__sub_I_AP_NavEKF_GyroBias.cpp @ 0x5b1e90
STABILIZE: _GLOBAL__sub_I_AP_NavEKF2_OptFlowFusion.cpp @ 0x5b1ed0
STABILIZE: _GLOBAL__sub_I_AP_NavEKF3_AirDataFusion.cpp @ 0x5b1f10
STABILIZE: _GLOBAL__sub_I_AP_NavEKF3_RngBcnFusion.cpp @ 0x5b1f50
STABILIZE: _GLOBAL__sub_I_MMLPlayer.cpp @ 0x5b1f90
STABILIZE: _GLOBAL__sub_I_AP_RangeFinder_DroneCAN.cpp @ 0x5b1fd0
STABILIZE: _GLOBAL__sub_I_TerrainMission.cpp @ 0x5b2010
STABILIZE: _GLOBAL__sub_I_AP_Logger_Block.cpp @ 0x5b2050
STABILIZE: _GLOBAL__sub_I_AP_Logger_Flash_JEDEC.cpp @ 0x5b2090
STABILIZE: _GLOBAL__sub_I_AP_Logger_MAVLink.cpp @ 0x5b20d0
STABILIZE: _GLOBAL__sub_I_AP_Logger_MAVLinkLogTransfer.cpp @ 0x5b2110
STABILIZE: _GLOBAL__sub_I_SlewLimiter.cpp @ 0x5b2150
STABILIZE: _GLOBAL__sub_I_GCS_DeviceOp.cpp @ 0x5b2190
STABILIZE: _GLOBAL__sub_I_GCS_FTP.cpp @ 0x5b21d0
STABILIZE: _GLOBAL__sub_I_GCS_Rally.cpp @ 0x5b2210
STABILIZE: _GLOBAL__sub_I_GCS_ServoRelay.cpp @ 0x5b2250
STABILIZE: _GLOBAL__sub_I_GCS_serial_control.cpp @ 0x5b2290
STABILIZE: _GLOBAL__sub_I_MissionItemProtocol.cpp @ 0x5b22d0
STABILIZE: _GLOBAL__sub_I_MissionItemProtocol_Fence.cpp @ 0x5b2310
STABILIZE: _GLOBAL__sub_I_MissionItemProtocol_Rally.cpp @ 0x5b2350
STABILIZE: _GLOBAL__sub_I_MissionItemProtocol_Waypoints.cpp @ 0x5b2390
STABILIZE: _GLOBAL__sub_I_SRV_Channel.cpp @ 0x5b23d0
STABILIZE: _GLOBAL__sub_I_AP_ICEngine.cpp @ 0x5b2410
STABILIZE: _GLOBAL__sub_I_AP_ICEngine_TCA9554.cpp @ 0x5b2450
STABILIZE: _GLOBAL__sub_I_AP_Frsky_Backend.cpp @ 0x5b2490
STABILIZE: _GLOBAL__sub_I_AP_Frsky_D.cpp @ 0x5b24d0
STABILIZE: _GLOBAL__sub_I_AP_Frsky_MAVliteMsgHandler.cpp @ 0x5b2510
STABILIZE: _GLOBAL__sub_I_AP_Frsky_MAVlite_Message.cpp @ 0x5b2550
STABILIZE: _GLOBAL__sub_I_AP_Frsky_SPort.cpp @ 0x5b2590
STABILIZE: _GLOBAL__sub_I_AP_FlashStorage.cpp @ 0x5b25d0
STABILIZE: _GLOBAL__sub_I_AP_RAMTRON.cpp @ 0x5b2610
STABILIZE: _GLOBAL__sub_I_AP_RCProtocol_Backend.cpp @ 0x5b2650
STABILIZE: _GLOBAL__sub_I_AP_RCProtocol_DSM.cpp @ 0x5b2690
STABILIZE: _GLOBAL__sub_I_AP_RCProtocol_DroneCAN.cpp @ 0x5b26d0
STABILIZE: _GLOBAL__sub_I_AP_RCProtocol_FDM.cpp @ 0x5b2710
STABILIZE: _GLOBAL__sub_I_AP_RCProtocol_IBUS.cpp @ 0x5b2750
STABILIZE: _GLOBAL__sub_I_AP_RCProtocol_MAVLinkRadio.cpp @ 0x5b2790
STABILIZE: _GLOBAL__sub_I_AP_RCProtocol_PPMSum.cpp @ 0x5b27d0
STABILIZE: _GLOBAL__sub_I_AP_RCProtocol_SBUS.cpp @ 0x5b2810
STABILIZE: _GLOBAL__sub_I_AP_RCProtocol_SRXL.cpp @ 0x5b2850
STABILIZE: _GLOBAL__sub_I_AP_RCProtocol_ST24.cpp @ 0x5b2890
STABILIZE: _GLOBAL__sub_I_AP_RCProtocol_SUMD.cpp @ 0x5b28d0
STABILIZE: _GLOBAL__sub_I_SoftSerial.cpp @ 0x5b2910
STABILIZE: _GLOBAL__sub_I_AP_Proximity_DroneCAN.cpp @ 0x5b2950
STABILIZE: _GLOBAL__sub_I_AC_Avoidance_Logging.cpp @ 0x5b2990
STABILIZE: _GLOBAL__sub_I_AP_OADijkstra.cpp @ 0x5b29d0
STABILIZE: _GLOBAL__sub_I_AP_OSD_Backend.cpp @ 0x5b2a10
STABILIZE: _GLOBAL__sub_I_AP_OSD_Setting.cpp @ 0x5b2a50
STABILIZE: _GLOBAL__sub_I_posix_compat.cpp @ 0x5b2a90
STABILIZE: _GLOBAL__sub_I_AP_ADSB_Backend.cpp @ 0x5b2ad0
STABILIZE: _GLOBAL__sub_I_AP_ADSB_Sagetech.cpp @ 0x5b2b10
STABILIZE: _GLOBAL__sub_I_AP_ADSB_uAvionix_MAVLink.cpp @ 0x5b2b50
STABILIZE: _GLOBAL__sub_I_AP_ADSB_uAvionix_UCP.cpp @ 0x5b2b90
STABILIZE: _GLOBAL__sub_I_AC_P.cpp @ 0x5b2bd0
STABILIZE: _GLOBAL__sub_I_AC_PID_2D.cpp @ 0x5b2c10
STABILIZE: _GLOBAL__sub_I_AC_PID_Basic.cpp @ 0x5b2c50
STABILIZE: _GLOBAL__sub_I_AC_P_1D.cpp @ 0x5b2c90
STABILIZE: _GLOBAL__sub_I_AC_P_2D.cpp @ 0x5b2cd0
STABILIZE: _GLOBAL__sub_I_AP_ESC_Telem_SITL.cpp @ 0x5b2d10
STABILIZE: _GLOBAL__sub_I_AP_WheelEncoder.cpp @ 0x5b2d50
STABILIZE: _GLOBAL__sub_I_WheelEncoder_Backend.cpp @ 0x5b2d90
STABILIZE: _GLOBAL__sub_I_WheelEncoder_SITL_Quadrature.cpp @ 0x5b2dd0
STABILIZE: _GLOBAL__sub_I_AP_TemperatureSensor_Backend.cpp @ 0x5b2e10
STABILIZE: _GLOBAL__sub_I_AP_TemperatureSensor_DroneCAN.cpp @ 0x5b2e50
STABILIZE: _GLOBAL__sub_I_AP_TemperatureSensor_MAX31865.cpp @ 0x5b2e90
STABILIZE: _GLOBAL__sub_I_AP_TemperatureSensor_MCP9600.cpp @ 0x5b2ed0
STABILIZE: _GLOBAL__sub_I_AP_TemperatureSensor_MLX90614.cpp @ 0x5b2f10
STABILIZE: _GLOBAL__sub_I_AP_TemperatureSensor_SHT3x.cpp @ 0x5b2f50
STABILIZE: _GLOBAL__sub_I_AP_TemperatureSensor_TSYS01.cpp @ 0x5b2f90
STABILIZE: _GLOBAL__sub_I_AP_TemperatureSensor_TSYS03.cpp @ 0x5b2fd0
STABILIZE: _GLOBAL__sub_I_AP_JSON.cpp @ 0x5b3010
STABILIZE: _GLOBAL__sub_I_AP_MultiHeap.cpp @ 0x5b3050
STABILIZE: _GLOBAL__sub_I_AP_CANIfaceParams.cpp @ 0x5b3090
STABILIZE: _GLOBAL__sub_I_AP_PiccoloCAN_ECU.cpp @ 0x5b30d0
STABILIZE: _GLOBAL__sub_I_AC_PosControl_Logging.cpp @ 0x5b3110
STABILIZE: _GLOBAL__sub_I_AC_PrecLand_IRLock.cpp @ 0x5b3150
STABILIZE: _GLOBAL__sub_I_AC_PrecLand_MAVLink.cpp @ 0x5b3190
STABILIZE: _GLOBAL__sub_I_AC_PrecLand_SITL.cpp @ 0x5b31d0
STABILIZE: _GLOBAL__sub_I_AC_PrecLand_SITL_Gazebo.cpp @ 0x5b3210
STABILIZE: _GLOBAL__sub_I_AP_IRLock.cpp @ 0x5b3250
STABILIZE: _GLOBAL__sub_I_AP_IRLock_SITL.cpp @ 0x5b3290
STABILIZE: _GLOBAL__sub_I_AP_IRLock_SITL_Gazebo.cpp @ 0x5b32d0
STABILIZE: _GLOBAL__sub_I_AnalogIn.cpp @ 0x5b3310
STABILIZE: _GLOBAL__sub_I_DSP.cpp.20995 @ 0x5b3350
STABILIZE: _GLOBAL__sub_I_GPIO.cpp.21003 @ 0x5b3390
STABILIZE: _GLOBAL__sub_I_SIM_AS5600.cpp @ 0x5b33d0
STABILIZE: _GLOBAL__sub_I_SIM_Airspeed_DLVR.cpp @ 0x5b3410
STABILIZE: _GLOBAL__sub_I_SIM_BattMonitor_SMBus_Generic.cpp @ 0x5b3450
STABILIZE: _GLOBAL__sub_I_SIM_BattMonitor_SMBus_Maxell.cpp @ 0x5b3490
STABILIZE: _GLOBAL__sub_I_SIM_BattMonitor_SMBus_Rotoye.cpp @ 0x5b34d0
STABILIZE: _GLOBAL__sub_I_SIM_Battery.cpp @ 0x5b3510
STABILIZE: _GLOBAL__sub_I_SIM_Frame.cpp @ 0x5b3550
STABILIZE: _GLOBAL__sub_I_SIM_Frsky.cpp @ 0x5b3620
STABILIZE: _GLOBAL__sub_I_SIM_GeneratorEngine.cpp @ 0x5b3660
STABILIZE: _GLOBAL__sub_I_SIM_Gimbal.cpp @ 0x5b36a0
STABILIZE: _GLOBAL__sub_I_SIM_ICEngine.cpp @ 0x5b36e0
STABILIZE: _GLOBAL__sub_I_SIM_JEDEC.cpp @ 0x5b3720
STABILIZE: _GLOBAL__sub_I_SIM_JEDEC_MX25L3206E.cpp @ 0x5b3760
STABILIZE: _GLOBAL__sub_I_SIM_Motor.cpp @ 0x5b37a0
STABILIZE: _GLOBAL__sub_I_SIM_RAMTRON.cpp @ 0x5b37e0
STABILIZE: _GLOBAL__sub_I_SIM_RAMTRON_FM25V02.cpp @ 0x5b3820
STABILIZE: _GLOBAL__sub_I_SIM_SMBusDevice.cpp @ 0x5b3860
STABILIZE: _GLOBAL__sub_I_AP_Scripting_CANSensor.cpp @ 0x5b38a0
STABILIZE: _GLOBAL__sub_I_AP_Scripting_SerialAccess.cpp @ 0x5b38e0
STABILIZE: _GLOBAL__sub_I_AP_Scripting_CRSFMenu.cpp @ 0x5b3920
STABILIZE: _GLOBAL__sub_I_AP_Scripting_helpers.cpp @ 0x5b3960
STABILIZE: _GLOBAL__sub_I_lua_bindings.cpp @ 0x5b39a0
STABILIZE: _GLOBAL__sub_I_lua_boxed_numerics.cpp @ 0x5b39e0
STABILIZE: _GLOBAL__sub_I_AP_DAL_Airspeed.cpp @ 0x5b3a20
STABILIZE: _GLOBAL__sub_I_AP_DAL_Compass.cpp @ 0x5b3a60
STABILIZE: _GLOBAL__sub_I_AP_DAL_GPS.cpp @ 0x5b3aa0
STABILIZE: _GLOBAL__sub_I_AP_DAL_InertialSensor.cpp @ 0x5b3ae0
STABILIZE: _GLOBAL__sub_I_AP_NavEKF2_AirDataFusion.cpp @ 0x5b3b20
STABILIZE: _GLOBAL__sub_I_AP_NavEKF2_RngBcnFusion.cpp @ 0x5b3b60
STABILIZE: _GLOBAL__sub_I_SIM_BattMonitor_SMBus.cpp @ 0x5b3ba0
STABILIZE: __cxx_global_var_init.21806 @ 0x5b3be0
STABILIZE: __cxx_global_var_init.1.21807 @ 0x5b3c40
STABILIZE: __cxx_global_var_init.21792 @ 0x5b3c90
STABILIZE: __cxx_global_var_init.1.21793 @ 0x5b3cf0
STABILIZE: __cxx_global_var_init.21782 @ 0x5b3d40
STABILIZE: __cxx_global_var_init.1.21783 @ 0x5b3da0
STABILIZE: __cxx_global_var_init.21773 @ 0x5b3df0
STABILIZE: __cxx_global_var_init.1.21774 @ 0x5b3e50
STABILIZE: __cxx_global_var_init.21764 @ 0x5b3ea0
STABILIZE: __cxx_global_var_init.1.21765 @ 0x5b3f00
STABILIZE: __cxx_global_var_init.21755 @ 0x5b3f50
STABILIZE: __cxx_global_var_init.1.21756 @ 0x5b3fb0
STABILIZE: __cxx_global_var_init.21746 @ 0x5b4000
STABILIZE: __cxx_global_var_init.1.21747 @ 0x5b4060
STABILIZE: __cxx_global_var_init.21537 @ 0x5b40b0
STABILIZE: __cxx_global_var_init.1.21538 @ 0x5b4110
STABILIZE: __cxx_global_var_init.21422 @ 0x5b4160
STABILIZE: __cxx_global_var_init.1.21423 @ 0x5b41c0
STABILIZE: __cxx_global_var_init.21385 @ 0x5b4210
STABILIZE: __cxx_global_var_init.1.21386 @ 0x5b4270
STABILIZE: __cxx_global_var_init.21363 @ 0x5b42c0
STABILIZE: __cxx_global_var_init.1.21364 @ 0x5b4320
STABILIZE: __cxx_global_var_init.21344 @ 0x5b4370
STABILIZE: __cxx_global_var_init.1.21345 @ 0x5b43d0
STABILIZE: __cxx_global_var_init.21333 @ 0x5b4420
STABILIZE: __cxx_global_var_init.1.21334 @ 0x5b4480
STABILIZE: __cxx_global_var_init.21323 @ 0x5b44d0
STABILIZE: __cxx_global_var_init.1.21324 @ 0x5b4530
STABILIZE: __cxx_global_var_init.21311 @ 0x5b4580
STABILIZE: __cxx_global_var_init.1.21312 @ 0x5b45e0
STABILIZE: __cxx_global_var_init.21303 @ 0x5b4630
STABILIZE: __cxx_global_var_init.1.21304 @ 0x5b4690
STABILIZE: __cxx_global_var_init.21279 @ 0x5b46e0
STABILIZE: __cxx_global_var_init.1.21280 @ 0x5b4740
STABILIZE: __cxx_global_var_init.21274 @ 0x5b4790
STABILIZE: __cxx_global_var_init.1.21275 @ 0x5b47f0
STABILIZE: __cxx_global_var_init.21266 @ 0x5b4840
STABILIZE: __cxx_global_var_init.1.21267 @ 0x5b48a0
STABILIZE: __cxx_global_var_init.21240 @ 0x5b48f0
STABILIZE: __cxx_global_var_init.1.21241 @ 0x5b4950
STABILIZE: __cxx_global_var_init.21231 @ 0x5b49a0
STABILIZE: __cxx_global_var_init.1.21232 @ 0x5b4a00
STABILIZE: __cxx_global_var_init.21220 @ 0x5b4a50
STABILIZE: __cxx_global_var_init.1.21221 @ 0x5b4ab0
STABILIZE: __cxx_global_var_init.21194 @ 0x5b4b00
STABILIZE: __cxx_global_var_init.1.21195 @ 0x5b4b60
STABILIZE: __cxx_global_var_init.21088 @ 0x5b4bb0
STABILIZE: __cxx_global_var_init.1.21089 @ 0x5b4c10
STABILIZE: __cxx_global_var_init.2.21090 @ 0x5b4c60
STABILIZE: __cxx_global_var_init.3.21091 @ 0x5b4d40
STABILIZE: __cxx_global_var_init.4.21092 @ 0x5b4e30
STABILIZE: __cxx_global_var_init.5.21093 @ 0x5b4f20
STABILIZE: __cxx_global_var_init.6.21094 @ 0x5b5010
STABILIZE: __cxx_global_var_init.7.21095 @ 0x5b5100
STABILIZE: __cxx_global_var_init.8.21096 @ 0x5b51f0
STABILIZE: __cxx_global_var_init.9.21097 @ 0x5b5850
STABILIZE: __cxx_global_var_init.10.21098 @ 0x5b59e0
STABILIZE: __cxx_global_var_init.11.21099 @ 0x5b5b20
STABILIZE: __cxx_global_var_init.12.21100 @ 0x5b5c70
STABILIZE: __cxx_global_var_init.13.21101 @ 0x5b5dc0
STABILIZE: __cxx_global_var_init.14.21102 @ 0x5b5f10
STABILIZE: __cxx_global_var_init.15.21103 @ 0x5b6060
STABILIZE: __cxx_global_var_init.16.21104 @ 0x5b6210
STABILIZE: __cxx_global_var_init.17.21105 @ 0x5b63c0
STABILIZE: __cxx_global_var_init.18.21106 @ 0x5b6570
STABILIZE: __cxx_global_var_init.19.21107 @ 0x5b6720
STABILIZE: __cxx_global_var_init.20.21108 @ 0x5b68d0
STABILIZE: __cxx_global_var_init.21.21109 @ 0x5b6b50
STABILIZE: __cxx_global_var_init.22.21110 @ 0x5b6e90
STABILIZE: __cxx_global_var_init.23.21111 @ 0x5b71d0
STABILIZE: __cxx_global_var_init.24 @ 0x5b73e0
STABILIZE: __cxx_global_var_init.25 @ 0x5b7600
STABILIZE: __cxx_global_var_init.26 @ 0x5b76f0
STABILIZE: __cxx_global_var_init.27 @ 0x5b7820
STABILIZE: __cxx_global_var_init.28 @ 0x5b7930
STABILIZE: __cxx_global_var_init.29 @ 0x5b7a80
STABILIZE: __cxx_global_var_init.30 @ 0x5b7c70
STABILIZE: _ZN4SITL5FrameC2EPKchPNS_5MotorE @ 0xaa9300
STABILIZE: _ZN4SITL5Frame5ModelC2Ev @ 0xaa93b0
STABILIZE: _ZN4SITL5MotorC2Ehffh @ 0xaa9640
STABILIZE: _ZN4SITL5MotorC2Ehffhaffaff @ 0xaa9790
STABILIZE: _ZL7radiansf.21142 @ 0x611da0
STABILIZE: __cxx_global_var_init.21080 @ 0x5b8260
STABILIZE: __cxx_global_var_init.1.21081 @ 0x5b82c0
STABILIZE: __cxx_global_var_init.21070 @ 0x5b8310
STABILIZE: __cxx_global_var_init.1.21071 @ 0x5b8370
STABILIZE: __cxx_global_var_init.21059 @ 0x5b83c0
STABILIZE: __cxx_global_var_init.1.21060 @ 0x5b8420
STABILIZE: __cxx_global_var_init.21051 @ 0x5b8470
STABILIZE: __cxx_global_var_init.1.21052 @ 0x5b84d0
STABILIZE: __cxx_global_var_init.21030 @ 0x5b8520
STABILIZE: __cxx_global_var_init.1.21031 @ 0x5b8580
STABILIZE: __cxx_global_var_init.21021 @ 0x5b85d0
STABILIZE: __cxx_global_var_init.1.21022 @ 0x5b8630
STABILIZE: __cxx_global_var_init.21004 @ 0x5b8680
STABILIZE: __cxx_global_var_init.1.21005 @ 0x5b86e0
STABILIZE: __cxx_global_var_init.20996 @ 0x5b8730
STABILIZE: __cxx_global_var_init.1.20997 @ 0x5b8790
STABILIZE: __cxx_global_var_init.20987 @ 0x5b87e0
STABILIZE: __cxx_global_var_init.1.20988 @ 0x5b8840
STABILIZE: __cxx_global_var_init.20978 @ 0x5b8890
STABILIZE: __cxx_global_var_init.1.20979 @ 0x5b88f0
STABILIZE: __cxx_global_var_init.20965 @ 0x5b8940
STABILIZE: __cxx_global_var_init.1.20966 @ 0x5b89a0
STABILIZE: __cxx_global_var_init.20952 @ 0x5b89f0
STABILIZE: __cxx_global_var_init.1.20953 @ 0x5b8a50
STABILIZE: __cxx_global_var_init.20937 @ 0x5b8aa0
STABILIZE: __cxx_global_var_init.1.20938 @ 0x5b8b00
STABILIZE: __cxx_global_var_init.20932 @ 0x5b8b50
STABILIZE: __cxx_global_var_init.1.20933 @ 0x5b8bb0
STABILIZE: __cxx_global_var_init.20925 @ 0x5b8c00
STABILIZE: __cxx_global_var_init.1.20926 @ 0x5b8c60
STABILIZE: __cxx_global_var_init.20914 @ 0x5b8cb0
STABILIZE: __cxx_global_var_init.1.20915 @ 0x5b8d10
STABILIZE: __cxx_global_var_init.20895 @ 0x5b8d60
STABILIZE: __cxx_global_var_init.1.20896 @ 0x5b8dc0
STABILIZE: __cxx_global_var_init.20812 @ 0x5b8e10
STABILIZE: __cxx_global_var_init.1.20813 @ 0x5b8e70
STABILIZE: __cxx_global_var_init.20807 @ 0x5b8ec0
STABILIZE: __cxx_global_var_init.1.20808 @ 0x5b8f20
STABILIZE: __cxx_global_var_init.20772 @ 0x5b8f70
STABILIZE: __cxx_global_var_init.1.20773 @ 0x5b8fd0
STABILIZE: __cxx_global_var_init.20718 @ 0x5b9020
STABILIZE: __cxx_global_var_init.1.20719 @ 0x5b9080
STABILIZE: __cxx_global_var_init.20713 @ 0x5b90d0
STABILIZE: __cxx_global_var_init.1.20714 @ 0x5b9130
STABILIZE: __cxx_global_var_init.20703 @ 0x5b9180
STABILIZE: __cxx_global_var_init.1.20704 @ 0x5b91e0
STABILIZE: __cxx_global_var_init.20692 @ 0x5b9230
STABILIZE: __cxx_global_var_init.1.20693 @ 0x5b9290
STABILIZE: __cxx_global_var_init.20671 @ 0x5b92e0
STABILIZE: __cxx_global_var_init.1.20672 @ 0x5b9340
STABILIZE: __cxx_global_var_init.20664 @ 0x5b9390
STABILIZE: __cxx_global_var_init.1.20665 @ 0x5b93f0
STABILIZE: __cxx_global_var_init.20652 @ 0x5b9440
STABILIZE: __cxx_global_var_init.1.20653 @ 0x5b94a0
STABILIZE: __cxx_global_var_init.20637 @ 0x5b94f0
STABILIZE: __cxx_global_var_init.1.20638 @ 0x5b9550
STABILIZE: __cxx_global_var_init.2.20639 @ 0x5b95a0
STABILIZE: _ZN7HALSITL9SemaphoreD2Ev @ 0xaa9970
STABILIZE: _ZN6AP_HAL9SemaphoreD2Ev @ 0xaa99c0
STABILIZE: _ZN7HALSITL9SemaphoreC2Ev @ 0x611e00
STABILIZE: _ZN6AP_HAL9SemaphoreC2Ev @ 0xaa9a10
STABILIZE: _ZN7HALSITL9Semaphore4takeEj @ 0x611ea0
STABILIZE: _ZN6AP_HAL9Semaphore13take_blockingEv @ 0xaa9a70
STABILIZE: __cxx_global_var_init.20619 @ 0x5b9610
STABILIZE: __cxx_global_var_init.1.20620 @ 0x5b9670
STABILIZE: __cxx_global_var_init.20600 @ 0x5b96c0
STABILIZE: __cxx_global_var_init.1.20601 @ 0x5b9720
STABILIZE: __cxx_global_var_init.20587 @ 0x5b9770
STABILIZE: __cxx_global_var_init.1.20588 @ 0x5b97d0
STABILIZE: __cxx_global_var_init.20580 @ 0x5b9820
STABILIZE: __cxx_global_var_init.1.20581 @ 0x5b9880
STABILIZE: __cxx_global_var_init.20557 @ 0x5b98d0
STABILIZE: __cxx_global_var_init.1.20558 @ 0x5b9930
STABILIZE: __cxx_global_var_init.20543 @ 0x5b9980
STABILIZE: __cxx_global_var_init.1.20544 @ 0x5b99e0
STABILIZE: __cxx_global_var_init.20526 @ 0x5b9a30
STABILIZE: __cxx_global_var_init.1.20527 @ 0x5b9a90
STABILIZE: __cxx_global_var_init.20511 @ 0x5b9ae0
STABILIZE: __cxx_global_var_init.1.20512 @ 0x5b9b40
STABILIZE: __cxx_global_var_init.20488 @ 0x5b9b90
STABILIZE: __cxx_global_var_init.1.20489 @ 0x5b9bf0
STABILIZE: __cxx_global_var_init.20471 @ 0x5b9c40
STABILIZE: __cxx_global_var_init.1.20472 @ 0x5b9ca0
STABILIZE: __cxx_global_var_init.20450 @ 0x5b9cf0
STABILIZE: __cxx_global_var_init.1.20451 @ 0x5b9d50
STABILIZE: __cxx_global_var_init.20431 @ 0x5b9da0
STABILIZE: __cxx_global_var_init.1.20432 @ 0x5b9e00
STABILIZE: __cxx_global_var_init.20419 @ 0x5b9e50
STABILIZE: __cxx_global_var_init.1.20420 @ 0x5b9eb0
STABILIZE: __cxx_global_var_init.20396 @ 0x5b9f00
STABILIZE: __cxx_global_var_init.1.20397 @ 0x5b9f60
STABILIZE: __cxx_global_var_init.20351 @ 0x5b9fb0
STABILIZE: __cxx_global_var_init.1.20352 @ 0x5ba010
STABILIZE: __cxx_global_var_init.20344 @ 0x5ba060
STABILIZE: __cxx_global_var_init.1.20345 @ 0x5ba0c0
STABILIZE: __cxx_global_var_init.20332 @ 0x5ba110
STABILIZE: __cxx_global_var_init.1.20333 @ 0x5ba170
STABILIZE: __cxx_global_var_init.20292 @ 0x5ba1c0
STABILIZE: __cxx_global_var_init.1.20293 @ 0x5ba220
STABILIZE: __cxx_global_var_init.20280 @ 0x5ba270
STABILIZE: __cxx_global_var_init.1.20281 @ 0x5ba2d0
STABILIZE: __cxx_global_var_init.2.20282 @ 0x5ba320
STABILIZE: __cxx_global_var_init.20270 @ 0x5ba370
STABILIZE: __cxx_global_var_init.1.20271 @ 0x5ba3d0
STABILIZE: __cxx_global_var_init.2.20272 @ 0x5ba420
STABILIZE: _ZN15ObjectBuffer_TSIN21AP_Proximity_DroneCAN12ObstacleItemEEC2Ej @ 0xaa9bd0
STABILIZE: __cxx_global_var_init.20249 @ 0x5ba4a0
STABILIZE: __cxx_global_var_init.1.20250 @ 0x5ba500
STABILIZE: __cxx_global_var_init.20244 @ 0x5ba550
STABILIZE: __cxx_global_var_init.1.20245 @ 0x5ba5b0
STABILIZE: __cxx_global_var_init.20237 @ 0x5ba600
STABILIZE: __cxx_global_var_init.1.20238 @ 0x5ba660
STABILIZE: __cxx_global_var_init.20230 @ 0x5ba6b0
STABILIZE: __cxx_global_var_init.1.20231 @ 0x5ba710
STABILIZE: __cxx_global_var_init.20220 @ 0x5ba760
STABILIZE: __cxx_global_var_init.1.20221 @ 0x5ba7c0
STABILIZE: __cxx_global_var_init.20215 @ 0x5ba810
STABILIZE: __cxx_global_var_init.1.20216 @ 0x5ba870
STABILIZE: __cxx_global_var_init.20208 @ 0x5ba8c0
STABILIZE: __cxx_global_var_init.1.20209 @ 0x5ba920
STABILIZE: __cxx_global_var_init.20200 @ 0x5ba970
STABILIZE: __cxx_global_var_init.1.20201 @ 0x5ba9d0
STABILIZE: __cxx_global_var_init.20193 @ 0x5baa20
STABILIZE: __cxx_global_var_init.1.20194 @ 0x5baa80
STABILIZE: __cxx_global_var_init.20181 @ 0x5baad0
STABILIZE: __cxx_global_var_init.1.20182 @ 0x5bab30
STABILIZE: __cxx_global_var_init.2.20183 @ 0x5bab80
STABILIZE: _ZN22AP_RCProtocol_DroneCAN8RegistryC2Ev @ 0xaa9d20
STABILIZE: __cxx_global_var_init.20172 @ 0x5babf0
STABILIZE: __cxx_global_var_init.1.20173 @ 0x5bac50
STABILIZE: __cxx_global_var_init.20143 @ 0x5baca0
STABILIZE: __cxx_global_var_init.1.20144 @ 0x5bad00
STABILIZE: __cxx_global_var_init.20128 @ 0x5bad50
STABILIZE: __cxx_global_var_init.1.20129 @ 0x5badb0
STABILIZE: __cxx_global_var_init.20105 @ 0x5bae00
STABILIZE: __cxx_global_var_init.1.20106 @ 0x5bae60
STABILIZE: __cxx_global_var_init.20090 @ 0x5baeb0
STABILIZE: __cxx_global_var_init.1.20091 @ 0x5baf10
STABILIZE: __cxx_global_var_init.20059 @ 0x5baf60
STABILIZE: __cxx_global_var_init.1.20060 @ 0x5bafc0
STABILIZE: __cxx_global_var_init.20045 @ 0x5bb010
STABILIZE: __cxx_global_var_init.1.20046 @ 0x5bb070
STABILIZE: __cxx_global_var_init.20040 @ 0x5bb0c0
STABILIZE: __cxx_global_var_init.1.20041 @ 0x5bb120
STABILIZE: __cxx_global_var_init.20033 @ 0x5bb170
STABILIZE: __cxx_global_var_init.1.20034 @ 0x5bb1d0
STABILIZE: __cxx_global_var_init.20019 @ 0x5bb220
STABILIZE: __cxx_global_var_init.1.20020 @ 0x5bb280
STABILIZE: __cxx_global_var_init.19996 @ 0x5bb2d0
STABILIZE: __cxx_global_var_init.1.19997 @ 0x5bb330
STABILIZE: __cxx_global_var_init.19949 @ 0x5bb380
STABILIZE: __cxx_global_var_init.1.19950 @ 0x5bb3e0
STABILIZE: __cxx_global_var_init.19934 @ 0x5bb430
STABILIZE: __cxx_global_var_init.1.19935 @ 0x5bb490
STABILIZE: __cxx_global_var_init.19925 @ 0x5bb4e0
STABILIZE: __cxx_global_var_init.1.19926 @ 0x5bb540
STABILIZE: __cxx_global_var_init.19913 @ 0x5bb590
STABILIZE: __cxx_global_var_init.1.19914 @ 0x5bb5f0
STABILIZE: __cxx_global_var_init.19873 @ 0x5bb640
STABILIZE: __cxx_global_var_init.1.19874 @ 0x5bb6a0
STABILIZE: __cxx_global_var_init.19865 @ 0x5bb6f0
STABILIZE: __cxx_global_var_init.1.19866 @ 0x5bb750
STABILIZE: __cxx_global_var_init.19858 @ 0x5bb7a0
STABILIZE: __cxx_global_var_init.1.19859 @ 0x5bb800
STABILIZE: __cxx_global_var_init.19846 @ 0x5bb850
STABILIZE: __cxx_global_var_init.1.19847 @ 0x5bb8b0
STABILIZE: __cxx_global_var_init.19821 @ 0x5bb900
STABILIZE: __cxx_global_var_init.1.19822 @ 0x5bb960
STABILIZE: __cxx_global_var_init.19811 @ 0x5bb9b0
STABILIZE: __cxx_global_var_init.1.19812 @ 0x5bba10
STABILIZE: __cxx_global_var_init.19801 @ 0x5bba60
STABILIZE: __cxx_global_var_init.1.19802 @ 0x5bbac0
STABILIZE: __cxx_global_var_init.19778 @ 0x5bbb10
STABILIZE: __cxx_global_var_init.1.19779 @ 0x5bbb70
STABILIZE: __cxx_global_var_init.19771 @ 0x5bbbc0
STABILIZE: __cxx_global_var_init.1.19772 @ 0x5bbc20
STABILIZE: __cxx_global_var_init.19765 @ 0x5bbc70
STABILIZE: __cxx_global_var_init.1.19766 @ 0x5bbcd0
STABILIZE: __cxx_global_var_init.19740 @ 0x5bbd20
STABILIZE: __cxx_global_var_init.1.19741 @ 0x5bbd80
STABILIZE: __cxx_global_var_init.19718 @ 0x5bbdd0
STABILIZE: __cxx_global_var_init.1.19719 @ 0x5bbe30
STABILIZE: __cxx_global_var_init.19710 @ 0x5bbe80
STABILIZE: __cxx_global_var_init.1.19711 @ 0x5bbee0
STABILIZE: __cxx_global_var_init.19699 @ 0x5bbf30
STABILIZE: __cxx_global_var_init.1.19700 @ 0x5bbf90
STABILIZE: __cxx_global_var_init.19687 @ 0x5bbfe0
STABILIZE: __cxx_global_var_init.1.19688 @ 0x5bc040
STABILIZE: __cxx_global_var_init.19676 @ 0x5bc090
STABILIZE: __cxx_global_var_init.1.19677 @ 0x5bc0f0
STABILIZE: __cxx_global_var_init.19663 @ 0x5bc140
STABILIZE: __cxx_global_var_init.1.19664 @ 0x5bc1a0
STABILIZE: __cxx_global_var_init.19653 @ 0x5bc1f0
STABILIZE: __cxx_global_var_init.1.19654 @ 0x5bc250
STABILIZE: __cxx_global_var_init.19604 @ 0x5bc2a0
STABILIZE: __cxx_global_var_init.1.19605 @ 0x5bc300
STABILIZE: __cxx_global_var_init.19577 @ 0x5bc350
STABILIZE: __cxx_global_var_init.1.19578 @ 0x5bc3b0
STABILIZE: __cxx_global_var_init.19557 @ 0x5bc400
STABILIZE: __cxx_global_var_init.1.19558 @ 0x5bc460
STABILIZE: __cxx_global_var_init.19528 @ 0x5bc4b0
STABILIZE: __cxx_global_var_init.1.19529 @ 0x5bc510
STABILIZE: __cxx_global_var_init.19506 @ 0x5bc560
STABILIZE: __cxx_global_var_init.1.19507 @ 0x5bc5c0
STABILIZE: __cxx_global_var_init.19482 @ 0x5bc610
STABILIZE: __cxx_global_var_init.1.19483 @ 0x5bc670
STABILIZE: __cxx_global_var_init.19451 @ 0x5bc6c0
STABILIZE: __cxx_global_var_init.1.19452 @ 0x5bc720
STABILIZE: __cxx_global_var_init.19444 @ 0x5bc770
STABILIZE: __cxx_global_var_init.1.19445 @ 0x5bc7d0
STABILIZE: __cxx_global_var_init.19387 @ 0x5bc820
STABILIZE: __cxx_global_var_init.1.19388 @ 0x5bc880
STABILIZE: __cxx_global_var_init.19361 @ 0x5bc8d0
STABILIZE: __cxx_global_var_init.1.19362 @ 0x5bc930
STABILIZE: __cxx_global_var_init.19345 @ 0x5bc980
STABILIZE: __cxx_global_var_init.1.19346 @ 0x5bc9e0
STABILIZE: __cxx_global_var_init.19336 @ 0x5bca30
STABILIZE: __cxx_global_var_init.1.19337 @ 0x5bca90
STABILIZE: __cxx_global_var_init.19284 @ 0x5bcae0
STABILIZE: __cxx_global_var_init.1.19285 @ 0x5bcb40
STABILIZE: __cxx_global_var_init.19277 @ 0x5bcb90
STABILIZE: __cxx_global_var_init.1.19278 @ 0x5bcbf0
STABILIZE: __cxx_global_var_init.19244 @ 0x5bcc40
STABILIZE: __cxx_global_var_init.1.19245 @ 0x5bcca0
STABILIZE: __cxx_global_var_init.19203 @ 0x5bccf0
STABILIZE: __cxx_global_var_init.1.19204 @ 0x5bcd50
STABILIZE: __cxx_global_var_init.19189 @ 0x5bcda0
STABILIZE: __cxx_global_var_init.1.19190 @ 0x5bce00
STABILIZE: __cxx_global_var_init.19180 @ 0x5bce50
STABILIZE: __cxx_global_var_init.1.19181 @ 0x5bceb0
STABILIZE: __cxx_global_var_init.19164 @ 0x5bcf00
STABILIZE: __cxx_global_var_init.1.19165 @ 0x5bcf60
STABILIZE: __cxx_global_var_init.19132 @ 0x5bcfb0
STABILIZE: __cxx_global_var_init.1.19133 @ 0x5bd010
STABILIZE: __cxx_global_var_init.19120 @ 0x5bd060
STABILIZE: __cxx_global_var_init.1.19121 @ 0x5bd0c0
STABILIZE: __cxx_global_var_init.19077 @ 0x5bd110
STABILIZE: __cxx_global_var_init.1.19078 @ 0x5bd170
STABILIZE: __cxx_global_var_init.19058 @ 0x5bd1c0
STABILIZE: __cxx_global_var_init.1.19059 @ 0x5bd220
STABILIZE: __cxx_global_var_init.19042 @ 0x5bd270
STABILIZE: __cxx_global_var_init.1.19043 @ 0x5bd2d0
STABILIZE: __cxx_global_var_init.19019 @ 0x5bd320
STABILIZE: __cxx_global_var_init.1.19020 @ 0x5bd380
STABILIZE: __cxx_global_var_init.18996 @ 0x5bd3d0
STABILIZE: __cxx_global_var_init.1.18997 @ 0x5bd430
STABILIZE: __cxx_global_var_init.18927 @ 0x5bd480
STABILIZE: __cxx_global_var_init.1.18928 @ 0x5bd4e0
STABILIZE: __cxx_global_var_init.18922 @ 0x5bd530
STABILIZE: __cxx_global_var_init.1.18923 @ 0x5bd590
STABILIZE: __cxx_global_var_init.18913 @ 0x5bd5e0
STABILIZE: __cxx_global_var_init.1.18914 @ 0x5bd640
STABILIZE: __cxx_global_var_init.18903 @ 0x5bd690
STABILIZE: __cxx_global_var_init.1.18904 @ 0x5bd6f0
STABILIZE: __cxx_global_var_init.18896 @ 0x5bd740
STABILIZE: __cxx_global_var_init.1.18897 @ 0x5bd7a0
STABILIZE: __cxx_global_var_init.18886 @ 0x5bd7f0
STABILIZE: __cxx_global_var_init.1.18887 @ 0x5bd850
STABILIZE: __cxx_global_var_init.18879 @ 0x5bd8a0
STABILIZE: __cxx_global_var_init.1.18880 @ 0x5bd900
STABILIZE: __cxx_global_var_init.18869 @ 0x5bd950
STABILIZE: __cxx_global_var_init.1.18870 @ 0x5bd9b0
STABILIZE: __cxx_global_var_init.18860 @ 0x5bda00
STABILIZE: __cxx_global_var_init.1.18861 @ 0x5bda60
STABILIZE: __cxx_global_var_init.18848 @ 0x5bdab0
STABILIZE: __cxx_global_var_init.1.18849 @ 0x5bdb10
STABILIZE: __cxx_global_var_init.18820 @ 0x5bdb60
STABILIZE: __cxx_global_var_init.1.18821 @ 0x5bdbc0
STABILIZE: __cxx_global_var_init.6.18822 @ 0x5bdc10
STABILIZE: __cxx_global_var_init.18813 @ 0x5bdc60
STABILIZE: __cxx_global_var_init.1.18814 @ 0x5bdcc0
STABILIZE: __cxx_global_var_init.18800 @ 0x5bdd10
STABILIZE: __cxx_global_var_init.1.18801 @ 0x5bdd70
STABILIZE: __cxx_global_var_init.18788 @ 0x5bddc0
STABILIZE: __cxx_global_var_init.1.18789 @ 0x5bde20
STABILIZE: __cxx_global_var_init.18777 @ 0x5bde70
STABILIZE: __cxx_global_var_init.1.18778 @ 0x5bded0
STABILIZE: __cxx_global_var_init.18769 @ 0x5bdf20
STABILIZE: __cxx_global_var_init.1.18770 @ 0x5bdf80
STABILIZE: __cxx_global_var_init.18753 @ 0x5bdfd0
STABILIZE: __cxx_global_var_init.1.18754 @ 0x5be030
STABILIZE: __cxx_global_var_init.18745 @ 0x5be080
STABILIZE: __cxx_global_var_init.1.18746 @ 0x5be0e0
STABILIZE: __cxx_global_var_init.18738 @ 0x5be130
STABILIZE: __cxx_global_var_init.1.18739 @ 0x5be190
STABILIZE: __cxx_global_var_init.18723 @ 0x5be1e0
STABILIZE: __cxx_global_var_init.1.18724 @ 0x5be240
STABILIZE: __cxx_global_var_init.18695 @ 0x5be290
STABILIZE: __cxx_global_var_init.1.18696 @ 0x5be2f0
STABILIZE: __cxx_global_var_init.18669 @ 0x5be340
STABILIZE: __cxx_global_var_init.1.18670 @ 0x5be3a0
STABILIZE: __cxx_global_var_init.18655 @ 0x5be3f0
STABILIZE: __cxx_global_var_init.1.18656 @ 0x5be450
STABILIZE: __cxx_global_var_init.18640 @ 0x5be4a0
STABILIZE: __cxx_global_var_init.1.18641 @ 0x5be500
STABILIZE: __cxx_global_var_init.18622 @ 0x5be550
STABILIZE: __cxx_global_var_init.1.18623 @ 0x5be5b0
STABILIZE: __cxx_global_var_init.18611 @ 0x5be600
STABILIZE: __cxx_global_var_init.1.18612 @ 0x5be660
STABILIZE: __cxx_global_var_init.18598 @ 0x5be6b0
STABILIZE: __cxx_global_var_init.1.18599 @ 0x5be710
STABILIZE: __cxx_global_var_init.18589 @ 0x5be760
STABILIZE: __cxx_global_var_init.1.18590 @ 0x5be7c0
STABILIZE: __cxx_global_var_init.18582 @ 0x5be810
STABILIZE: __cxx_global_var_init.1.18583 @ 0x5be870
STABILIZE: __cxx_global_var_init.18574 @ 0x5be8c0
STABILIZE: __cxx_global_var_init.1.18575 @ 0x5be920
STABILIZE: __cxx_global_var_init.18567 @ 0x5be970
STABILIZE: __cxx_global_var_init.1.18568 @ 0x5be9d0
STABILIZE: __cxx_global_var_init.18554 @ 0x5bea20
STABILIZE: __cxx_global_var_init.1.18555 @ 0x5bea80
STABILIZE: __cxx_global_var_init.2.18556 @ 0x5bead0
STABILIZE: __cxx_global_var_init.18547 @ 0x5beb40
STABILIZE: __cxx_global_var_init.1.18548 @ 0x5beba0
STABILIZE: __cxx_global_var_init.18534 @ 0x5bebf0
STABILIZE: __cxx_global_var_init.1.18535 @ 0x5bec50
STABILIZE: __cxx_global_var_init.18523 @ 0x5beca0
STABILIZE: __cxx_global_var_init.1.18524 @ 0x5bed00
STABILIZE: __cxx_global_var_init.18515 @ 0x5bed50
STABILIZE: __cxx_global_var_init.1.18516 @ 0x5bedb0
STABILIZE: __cxx_global_var_init.18508 @ 0x5bee00
STABILIZE: __cxx_global_var_init.1.18509 @ 0x5bee60
STABILIZE: __cxx_global_var_init.18501 @ 0x5beeb0
STABILIZE: __cxx_global_var_init.1.18502 @ 0x5bef10
STABILIZE: __cxx_global_var_init.18494 @ 0x5bef60
STABILIZE: __cxx_global_var_init.1.18495 @ 0x5befc0
STABILIZE: __cxx_global_var_init.18481 @ 0x5bf010
STABILIZE: __cxx_global_var_init.1.18482 @ 0x5bf070
STABILIZE: __cxx_global_var_init.18474 @ 0x5bf0c0
STABILIZE: __cxx_global_var_init.1.18475 @ 0x5bf120
STABILIZE: __cxx_global_var_init.18469 @ 0x5bf170
STABILIZE: __cxx_global_var_init.1.18470 @ 0x5bf1d0
STABILIZE: __cxx_global_var_init.18462 @ 0x5bf220
STABILIZE: __cxx_global_var_init.1.18463 @ 0x5bf280
STABILIZE: __cxx_global_var_init.18451 @ 0x5bf2d0
STABILIZE: __cxx_global_var_init.1.18452 @ 0x5bf330
STABILIZE: __cxx_global_var_init.18444 @ 0x5bf380
STABILIZE: __cxx_global_var_init.1.18445 @ 0x5bf3e0
STABILIZE: __cxx_global_var_init.18434 @ 0x5bf430
STABILIZE: __cxx_global_var_init.1.18435 @ 0x5bf490
STABILIZE: __cxx_global_var_init.18418 @ 0x5bf4e0
STABILIZE: __cxx_global_var_init.1.18419 @ 0x5bf540
STABILIZE: __cxx_global_var_init.18411 @ 0x5bf590
STABILIZE: __cxx_global_var_init.1.18412 @ 0x5bf5f0
STABILIZE: __cxx_global_var_init.18398 @ 0x5bf640
STABILIZE: __cxx_global_var_init.1.18399 @ 0x5bf6a0
STABILIZE: __cxx_global_var_init.2.18400 @ 0x5bf6f0
STABILIZE: __cxx_global_var_init.18391 @ 0x5bf760
STABILIZE: __cxx_global_var_init.1.18392 @ 0x5bf7c0
STABILIZE: __cxx_global_var_init.18380 @ 0x5bf810
STABILIZE: __cxx_global_var_init.1.18381 @ 0x5bf870
STABILIZE: __cxx_global_var_init.18373 @ 0x5bf8c0
STABILIZE: __cxx_global_var_init.1.18374 @ 0x5bf920
STABILIZE: __cxx_global_var_init.18366 @ 0x5bf970
STABILIZE: __cxx_global_var_init.1.18367 @ 0x5bf9d0
STABILIZE: __cxx_global_var_init.18350 @ 0x5bfa20
STABILIZE: __cxx_global_var_init.1.18351 @ 0x5bfa80
STABILIZE: __cxx_global_var_init.18345 @ 0x5bfad0
STABILIZE: __cxx_global_var_init.1.18346 @ 0x5bfb30
STABILIZE: __cxx_global_var_init.18302 @ 0x5bfb80
STABILIZE: __cxx_global_var_init.1.18303 @ 0x5bfbe0
STABILIZE: __cxx_global_var_init.18246 @ 0x5bfc30
STABILIZE: __cxx_global_var_init.1.18247 @ 0x5bfc90
STABILIZE: __cxx_global_var_init.18214 @ 0x5bfce0
STABILIZE: __cxx_global_var_init.1.18215 @ 0x5bfd40
STABILIZE: __cxx_global_var_init.18065 @ 0x5bfd90
STABILIZE: __cxx_global_var_init.1.18066 @ 0x5bfdf0
STABILIZE: __cxx_global_var_init.18032 @ 0x5bfe40
STABILIZE: __cxx_global_var_init.1.18033 @ 0x5bfea0
STABILIZE: __cxx_global_var_init.16633 @ 0x5bfef0
STABILIZE: __cxx_global_var_init.1.16634 @ 0x5bff50
STABILIZE: __cxx_global_var_init.16578 @ 0x5bffa0
STABILIZE: __cxx_global_var_init.1.16579 @ 0x5c0000
STABILIZE: __cxx_global_var_init.2.16580 @ 0x5c0050
STABILIZE: __cxx_global_var_init.3.16581 @ 0x5c00c0
STABILIZE: __cxx_global_var_init.16563 @ 0x5c0130
STABILIZE: __cxx_global_var_init.1.16564 @ 0x5c0190
STABILIZE: __cxx_global_var_init.16521 @ 0x5c01e0
STABILIZE: __cxx_global_var_init.1.16522 @ 0x5c0240
STABILIZE: __cxx_global_var_init.16468 @ 0x5c0290
STABILIZE: __cxx_global_var_init.1.16469 @ 0x5c02f0
STABILIZE: __cxx_global_var_init.195 @ 0x5c0340
STABILIZE: __cxx_global_var_init.16251 @ 0x5c03a0
STABILIZE: __cxx_global_var_init.1.16252 @ 0x5c0400
STABILIZE: __cxx_global_var_init.16137 @ 0x5c0450
STABILIZE: __cxx_global_var_init.1.16138 @ 0x5c04b0
STABILIZE: __cxx_global_var_init.16117 @ 0x5c0500
STABILIZE: __cxx_global_var_init.1.16118 @ 0x5c0560
STABILIZE: __cxx_global_var_init.16106 @ 0x5c05b0
STABILIZE: __cxx_global_var_init.1.16107 @ 0x5c0610
STABILIZE: __cxx_global_var_init.16086 @ 0x5c0660
STABILIZE: __cxx_global_var_init.1.16087 @ 0x5c06c0
STABILIZE: __cxx_global_var_init.16064 @ 0x5c0710
STABILIZE: __cxx_global_var_init.1.16065 @ 0x5c0770
STABILIZE: __cxx_global_var_init.16055 @ 0x5c07c0
STABILIZE: __cxx_global_var_init.1.16056 @ 0x5c0820
STABILIZE: __cxx_global_var_init.15978 @ 0x5c0870
STABILIZE: __cxx_global_var_init.1.15979 @ 0x5c08d0
STABILIZE: __cxx_global_var_init.15942 @ 0x5c0920
STABILIZE: __cxx_global_var_init.1.15943 @ 0x5c0980
STABILIZE: __cxx_global_var_init.15922 @ 0x5c09d0
STABILIZE: __cxx_global_var_init.1.15923 @ 0x5c0a30
STABILIZE: __cxx_global_var_init.15894 @ 0x5c0a80
STABILIZE: __cxx_global_var_init.1.15895 @ 0x5c0ae0
STABILIZE: __cxx_global_var_init.15889 @ 0x5c0b30
STABILIZE: __cxx_global_var_init.1.15890 @ 0x5c0b90
STABILIZE: __cxx_global_var_init.15879 @ 0x5c0be0
STABILIZE: __cxx_global_var_init.1.15880 @ 0x5c0c40
STABILIZE: __cxx_global_var_init.15868 @ 0x5c0c90
STABILIZE: __cxx_global_var_init.1.15869 @ 0x5c0cf0
STABILIZE: __cxx_global_var_init.15843 @ 0x5c0d40
STABILIZE: __cxx_global_var_init.1.15844 @ 0x5c0da0
STABILIZE: __cxx_global_var_init.15830 @ 0x5c0df0
STABILIZE: __cxx_global_var_init.1.15831 @ 0x5c0e50
STABILIZE: __cxx_global_var_init.15813 @ 0x5c0ea0
STABILIZE: __cxx_global_var_init.1.15814 @ 0x5c0f00
STABILIZE: __cxx_global_var_init.15797 @ 0x5c0f50
STABILIZE: __cxx_global_var_init.1.15798 @ 0x5c0fb0
STABILIZE: __cxx_global_var_init.15780 @ 0x5c1000
STABILIZE: __cxx_global_var_init.1.15781 @ 0x5c1060
STABILIZE: __cxx_global_var_init.15766 @ 0x5c10b0
STABILIZE: __cxx_global_var_init.1.15767 @ 0x5c1110
STABILIZE: __cxx_global_var_init.15745 @ 0x5c1160
STABILIZE: __cxx_global_var_init.1.15746 @ 0x5c11c0
STABILIZE: __cxx_global_var_init.2.15747 @ 0x5c1210
STABILIZE: __cxx_global_var_init.3.15748 @ 0x5c13f0
STABILIZE: _ZN4SITL8ThrusterC2Eaffffff @ 0xaa9de0
STABILIZE: __cxx_global_var_init.15738 @ 0x5c1660
STABILIZE: __cxx_global_var_init.1.15739 @ 0x5c16c0
STABILIZE: __cxx_global_var_init.15710 @ 0x5c1710
STABILIZE: __cxx_global_var_init.1.15711 @ 0x5c1770
STABILIZE: __cxx_global_var_init.15668 @ 0x5c17c0
STABILIZE: __cxx_global_var_init.1.15669 @ 0x5c1820
STABILIZE: __cxx_global_var_init.15644 @ 0x5c1870
STABILIZE: __cxx_global_var_init.1.15645 @ 0x5c18d0
STABILIZE: __cxx_global_var_init.15628 @ 0x5c1920
STABILIZE: __cxx_global_var_init.1.15629 @ 0x5c1980
STABILIZE: __cxx_global_var_init.15602 @ 0x5c19d0
STABILIZE: __cxx_global_var_init.1.15603 @ 0x5c1a30
STABILIZE: __cxx_global_var_init.15573 @ 0x5c1a80
STABILIZE: __cxx_global_var_init.1.15574 @ 0x5c1ae0
STABILIZE: __cxx_global_var_init.15561 @ 0x5c1b30
STABILIZE: __cxx_global_var_init.1.15562 @ 0x5c1b90
STABILIZE: __cxx_global_var_init.15550 @ 0x5c1be0
STABILIZE: __cxx_global_var_init.1.15551 @ 0x5c1c40
STABILIZE: __cxx_global_var_init.15529 @ 0x5c1c90
STABILIZE: __cxx_global_var_init.1.15530 @ 0x5c1cf0
STABILIZE: __cxx_global_var_init.15518 @ 0x5c1d40
STABILIZE: __cxx_global_var_init.1.15519 @ 0x5c1da0
STABILIZE: __cxx_global_var_init.15504 @ 0x5c1df0
STABILIZE: __cxx_global_var_init.1.15505 @ 0x5c1e50
STABILIZE: __cxx_global_var_init.15484 @ 0x5c1ea0
STABILIZE: __cxx_global_var_init.1.15485 @ 0x5c1f00
STABILIZE: __cxx_global_var_init.2.15486 @ 0x5c1f50
STABILIZE: __cxx_global_var_init.3.15487 @ 0x5c1f90
STABILIZE: _ZN4SITL16JEDEC_MX25L3206EC2Ev @ 0xaa9f20
STABILIZE: _ZN4SITL5JEDECC2Ev @ 0xaa9f90
STABILIZE: _ZN4SITL9SPIDeviceC2Ev @ 0xaaa3a0
STABILIZE: _ZN4SITL15RAMTRON_FM25V02C2Ev @ 0xaaa400
STABILIZE: _ZN4SITL7RAMTRONC2Ev @ 0xaaa490
STABILIZE: __cxx_global_var_init.15471 @ 0x5c1fd0
STABILIZE: __cxx_global_var_init.1.15472 @ 0x5c2030
STABILIZE: __cxx_global_var_init.15456 @ 0x5c2080
STABILIZE: __cxx_global_var_init.1.15457 @ 0x5c20e0
STABILIZE: __cxx_global_var_init.15446 @ 0x5c2130
STABILIZE: __cxx_global_var_init.1.15447 @ 0x5c2190
STABILIZE: __cxx_global_var_init.15432 @ 0x5c21e0
STABILIZE: __cxx_global_var_init.1.15433 @ 0x5c2240
STABILIZE: __cxx_global_var_init.15425 @ 0x5c2290
STABILIZE: __cxx_global_var_init.1.15426 @ 0x5c22f0
STABILIZE: __cxx_global_var_init.15418 @ 0x5c2340
STABILIZE: __cxx_global_var_init.1.15419 @ 0x5c23a0
STABILIZE: __cxx_global_var_init.15411 @ 0x5c23f0
STABILIZE: __cxx_global_var_init.1.15412 @ 0x5c2450
STABILIZE: __cxx_global_var_init.15403 @ 0x5c24a0
STABILIZE: __cxx_global_var_init.1.15404 @ 0x5c2500
STABILIZE: __cxx_global_var_init.15396 @ 0x5c2550
STABILIZE: __cxx_global_var_init.1.15397 @ 0x5c25b0
STABILIZE: __cxx_global_var_init.15386 @ 0x5c2600
STABILIZE: __cxx_global_var_init.1.15387 @ 0x5c2660
STABILIZE: __cxx_global_var_init.15378 @ 0x5c26b0
STABILIZE: __cxx_global_var_init.1.15379 @ 0x5c2710
STABILIZE: __cxx_global_var_init.15369 @ 0x5c2760
STABILIZE: __cxx_global_var_init.1.15370 @ 0x5c27c0
STABILIZE: __cxx_global_var_init.15362 @ 0x5c2810
STABILIZE: __cxx_global_var_init.1.15363 @ 0x5c2870
STABILIZE: __cxx_global_var_init.15352 @ 0x5c28c0
STABILIZE: __cxx_global_var_init.1.15353 @ 0x5c2920
STABILIZE: __cxx_global_var_init.15345 @ 0x5c2970
STABILIZE: __cxx_global_var_init.1.15346 @ 0x5c29d0
STABILIZE: __cxx_global_var_init.15338 @ 0x5c2a20
STABILIZE: __cxx_global_var_init.1.15339 @ 0x5c2a80
STABILIZE: __cxx_global_var_init.15331 @ 0x5c2ad0
STABILIZE: __cxx_global_var_init.1.15332 @ 0x5c2b30
STABILIZE: __cxx_global_var_init.15324 @ 0x5c2b80
STABILIZE: __cxx_global_var_init.1.15325 @ 0x5c2be0
STABILIZE: __cxx_global_var_init.15313 @ 0x5c2c30
STABILIZE: __cxx_global_var_init.1.15314 @ 0x5c2c90
STABILIZE: __cxx_global_var_init.15306 @ 0x5c2ce0
STABILIZE: __cxx_global_var_init.1.15307 @ 0x5c2d40
STABILIZE: __cxx_global_var_init.15269 @ 0x5c2d90
STABILIZE: __cxx_global_var_init.1.15270 @ 0x5c2df0
STABILIZE: __cxx_global_var_init.15262 @ 0x5c2e40
STABILIZE: __cxx_global_var_init.1.15263 @ 0x5c2ea0
STABILIZE: __cxx_global_var_init.15252 @ 0x5c2ef0
STABILIZE: __cxx_global_var_init.1.15253 @ 0x5c2f50
STABILIZE: __cxx_global_var_init.15168 @ 0x5c2fa0
STABILIZE: __cxx_global_var_init.1.15169 @ 0x5c3000
STABILIZE: __cxx_global_var_init.15160 @ 0x5c3050
STABILIZE: __cxx_global_var_init.1.15161 @ 0x5c30b0
STABILIZE: __cxx_global_var_init.15150 @ 0x5c3100
STABILIZE: __cxx_global_var_init.1.15151 @ 0x5c3160
STABILIZE: __cxx_global_var_init.15141 @ 0x5c31b0
STABILIZE: __cxx_global_var_init.1.15142 @ 0x5c3210
STABILIZE: __cxx_global_var_init.15122 @ 0x5c3260
STABILIZE: __cxx_global_var_init.1.15123 @ 0x5c32c0
STABILIZE: __cxx_global_var_init.15111 @ 0x5c3310
STABILIZE: __cxx_global_var_init.1.15112 @ 0x5c3370
STABILIZE: __cxx_global_var_init.15098 @ 0x5c33c0
STABILIZE: __cxx_global_var_init.1.15099 @ 0x5c3420
STABILIZE: __cxx_global_var_init.15029 @ 0x5c3470
STABILIZE: __cxx_global_var_init.1.15030 @ 0x5c34d0
STABILIZE: __cxx_global_var_init.15004 @ 0x5c3520
STABILIZE: __cxx_global_var_init.1.15005 @ 0x5c3580
STABILIZE: __cxx_global_var_init.14992 @ 0x5c35d0
STABILIZE: __cxx_global_var_init.1.14993 @ 0x5c3630
STABILIZE: __cxx_global_var_init.14981 @ 0x5c3680
STABILIZE: __cxx_global_var_init.1.14982 @ 0x5c36e0
STABILIZE: __cxx_global_var_init.14961 @ 0x5c3730
STABILIZE: __cxx_global_var_init.1.14962 @ 0x5c3790
STABILIZE: __cxx_global_var_init.14951 @ 0x5c37e0
STABILIZE: __cxx_global_var_init.1.14952 @ 0x5c3840
STABILIZE: __cxx_global_var_init.14932 @ 0x5c3890
STABILIZE: __cxx_global_var_init.1.14933 @ 0x5c38f0
STABILIZE: __cxx_global_var_init.14927 @ 0x5c3940
STABILIZE: __cxx_global_var_init.1.14928 @ 0x5c39a0
STABILIZE: __cxx_global_var_init.14905 @ 0x5c39f0
STABILIZE: __cxx_global_var_init.1.14906 @ 0x5c3a50
STABILIZE: __cxx_global_var_init.14847 @ 0x5c3aa0
STABILIZE: __cxx_global_var_init.1.14848 @ 0x5c3b00
STABILIZE: __cxx_global_var_init.14788 @ 0x5c3b50
STABILIZE: __cxx_global_var_init.1.14789 @ 0x5c3bb0
STABILIZE: __cxx_global_var_init.14753 @ 0x5c3c00
STABILIZE: __cxx_global_var_init.35 @ 0x5c3c60
STABILIZE: __cxx_global_var_init.1.14754 @ 0x5c3cb0
STABILIZE: __cxx_global_var_init.14707 @ 0x5c3d00
STABILIZE: __cxx_global_var_init.1.14708 @ 0x5c3d60
STABILIZE: __cxx_global_var_init.14679 @ 0x5c3db0
STABILIZE: __cxx_global_var_init.1.14680 @ 0x5c3e10
STABILIZE: __cxx_global_var_init.14658 @ 0x5c3e60
STABILIZE: __cxx_global_var_init.1.14659 @ 0x5c3ec0
STABILIZE: __cxx_global_var_init.14651 @ 0x5c3f10
STABILIZE: __cxx_global_var_init.1.14652 @ 0x5c3f70
STABILIZE: __cxx_global_var_init.14630 @ 0x5c3fc0
STABILIZE: __cxx_global_var_init.1.14631 @ 0x5c4020
STABILIZE: __cxx_global_var_init.14610 @ 0x5c4070
STABILIZE: __cxx_global_var_init.1.14611 @ 0x5c40d0
STABILIZE: __cxx_global_var_init.14555 @ 0x5c4120
STABILIZE: __cxx_global_var_init.1.14556 @ 0x5c4180
STABILIZE: __cxx_global_var_init.2.14557 @ 0x5c41d0
STABILIZE: __cxx_global_var_init.3.14558 @ 0x5c4210
STABILIZE: __cxx_global_var_init.4.14559 @ 0x5c4250
STABILIZE: __cxx_global_var_init.5.14560 @ 0x5c4290
STABILIZE: __cxx_global_var_init.6.14561 @ 0x5c42d0
STABILIZE: __cxx_global_var_init.7.14562 @ 0x5c4310
STABILIZE: __cxx_global_var_init.8.14563 @ 0x5c4350
STABILIZE: __cxx_global_var_init.9.14564 @ 0x5c4390
STABILIZE: __cxx_global_var_init.10.14565 @ 0x5c43d0
STABILIZE: __cxx_global_var_init.11.14566 @ 0x5c4410
STABILIZE: __cxx_global_var_init.12.14567 @ 0x5c4450
STABILIZE: __cxx_global_var_init.13.14568 @ 0x5c4490
STABILIZE: __cxx_global_var_init.14.14569 @ 0x5c44d0
STABILIZE: __cxx_global_var_init.15.14570 @ 0x5c4510
STABILIZE: __cxx_global_var_init.16.14571 @ 0x5c4550
STABILIZE: __cxx_global_var_init.17.14572 @ 0x5c4590
STABILIZE: __cxx_global_var_init.18.14573 @ 0x5c45d0
STABILIZE: __cxx_global_var_init.19.14574 @ 0x5c4610
STABILIZE: __cxx_global_var_init.20.14575 @ 0x5c4650
STABILIZE: __cxx_global_var_init.21.14576 @ 0x5c4690
STABILIZE: __cxx_global_var_init.22.14577 @ 0x5c46d0
STABILIZE: _ZN4SITL6AS5600C2Ev @ 0xaaa650
STABILIZE: _ZN4SITL9I2CDeviceC2Ev @ 0xaaa6e0
STABILIZE: _ZN4SITL17I2CRegisters_8BitC2Ev @ 0xaaa740
STABILIZE: _ZN4SITL6AS56004initEv @ 0x6132c0
STABILIZE: _ZN4SITL6AS56006updateERKNS_8AircraftE @ 0x6133c0
STABILIZE: _ZN4SITL17I2CRegisters_8Bit25rdwr_store_register_valueEhh @ 0xaaa890
STABILIZE: _ZN4SITL17I2CRegisters_8Bit4rdwrERPNS_3I2C19i2c_rdwr_ioctl_dataE @ 0x6134b0
STABILIZE: _ZNK4SITL8Aircraft12get_attitudeER11QuaternionTIfE @ 0xaaa910
STABILIZE: _ZL7degreesf.21016 @ 0x613790
STABILIZE: _ZN4SITL17I2CRegisters_8Bit12set_registerEhh @ 0x6137f0
STABILIZE: _ZN4SITL12I2CRegisters12add_registerEPKchNS0_7RegModeE @ 0x613890
STABILIZE: _ZN4SITL12I2CRegistersC2Ev @ 0xaaa980
STABILIZE: _ZN7BitmaskILt256EEC2Ev @ 0xaaaa00
STABILIZE: _ZN7BitmaskILt256EE8clearallEv @ 0xaaaa50
STABILIZE: _ZN4SITL9I2CDevice4initEv @ 0xaaaab0
STABILIZE: _ZN4SITL9I2CDevice6updateERKNS_8AircraftE @ 0xaaab00
STABILIZE: _ZN4SITL13TeraRangerI2CC2Ev @ 0xaaab60
STABILIZE: _ZN4SITL13TeraRangerI2C4initEv @ 0xaaabf0
STABILIZE: _ZN4SITL13TeraRangerI2C6updateERKNS_8AircraftE @ 0xaaaca0
STABILIZE: _ZNK4SITL8Aircraft17rangefinder_rangeEv @ 0x613eb0
STABILIZE: _ZL7radiansf.16135 @ 0x614390
STABILIZE: _Z10rand_floatv @ 0x6143f0
STABILIZE: _ZN4SITL7INA3221C2Ev @ 0x614460
STABILIZE: _ZN4SITL7INA32215resetEv @ 0x614600
STABILIZE: _ZN4SITL7INA32216updateERKNS_8AircraftE @ 0x6146d0
STABILIZE: _ZL15convert_voltagef @ 0x614b50
STABILIZE: _ZL15convert_currentf @ 0x614c20
STABILIZE: _ZN4SITL8QMC5883LC2Ev @ 0x614d00
STABILIZE: _ZN4SITL8QMC5883L5resetEv @ 0x614e10
STABILIZE: _ZN4SITL8QMC5883L6updateERKNS_8AircraftE @ 0x614e80
STABILIZE: _ZN7Vector3IfE14rotate_inverseE8Rotation @ 0xaaad10
STABILIZE: _ZL7htole16t.15260 @ 0x615290
STABILIZE: _ZN7Vector3IsEC2Esss @ 0xaaaec0
STABILIZE: _ZN4SITL10IS31FL3195C2Ev @ 0xaaaf60
STABILIZE: _ZN10SIM_RGBLEDC2EPKc @ 0xaab000
STABILIZE: _ZN4SITL10IS31FL31954initEv @ 0x6152e0
STABILIZE: _ZN4SITL10IS31FL31956updateERKNS_8AircraftE @ 0x615500
STABILIZE: _ZN4SITL10IS31FL31954rdwrERPNS_3I2C19i2c_rdwr_ioctl_dataE @ 0x615630
STABILIZE: _ZN4SITL10IS31FL319525rdwr_store_register_valueEhh @ 0x6156a0
STABILIZE: _ZThn8_N4SITL10IS31FL319525rdwr_store_register_valueEhh @ 0x6157c0
STABILIZE: _ZN4SITL17I2CRegisters_8Bit12get_registerEh @ 0xaab060
STABILIZE: _ZN4SITL10IS31FL319515reset_registersEv @ 0x615850
STABILIZE: _ZN10SIM_RGBLED11set_coloursEhhh @ 0xaab0c0
STABILIZE: _ZN10SIM_RGBLED4initEv @ 0x615990
STABILIZE: _ZN4SITL6LM2755C2Ev @ 0xaab150
STABILIZE: _ZN4SITL6LM27554initEv @ 0x6159e0
STABILIZE: _ZN4SITL6LM27556updateERKNS_8AircraftE @ 0x6161e0
STABILIZE: _ZNK4SITL6LM275510LEDChannel13current_valueEv @ 0xaab2d0
STABILIZE: _ZN4SITL6LM275510LEDChannelC2ERhS2_S2_S2_S2_S2_S2_ @ 0xaab320
STABILIZE: _ZN4SITL6LP5562C2Ev @ 0xaab3d0
STABILIZE: _ZN4SITL6LP55624initEv @ 0x616440
STABILIZE: _ZN4SITL6LP55626updateERKNS_8AircraftE @ 0x616790
STABILIZE: _ZN4SITL6LP55624rdwrERPNS_3I2C19i2c_rdwr_ioctl_dataE @ 0xaab470
STABILIZE: _ZN4SITL6LP556215reset_registersEv @ 0x6169d0
STABILIZE: _ZN4SITL6LP556210LEDChannel6updateEv @ 0x616aa0
STABILIZE: _ZNK4SITL6LP556210LEDChannel13current_valueEv @ 0xaab550
STABILIZE: _ZN4SITL6LP556210LEDChannelC2ERh @ 0xaab5a0
STABILIZE: _ZN4SITL6MS5611C2Ev @ 0xaab600
STABILIZE: _ZN4SITL6MS5XXXC2Ev @ 0x616af0
STABILIZE: _ZN4SITL6MS5XXX6updateERKNS_8AircraftE @ 0x616b80
STABILIZE: _ZN7AP_Baro37get_pressure_temperature_for_alt_amslEfRfS0_ @ 0x617b30
STABILIZE: _ZN7AP_Baro29geometric_alt_to_geopotentialEf @ 0x617d10
STABILIZE: _ZL33find_atmosphere_layer_by_altitudef @ 0x617d70
STABILIZE: _ZN7AP_Baro33get_temperature_by_altitude_layerEfa @ 0x617e20
STABILIZE: _ZN4SITL6MS5525C2Ev @ 0xaab7a0
STABILIZE: _ZN7AP_Baro29get_temperatureC_for_alt_amslEf @ 0x6189a0
STABILIZE: _ZN4SITL8ICM40609C2Ev @ 0xaab8e0
STABILIZE: _ZN4SITL12InvensenseV3C2Ev @ 0xaab960
STABILIZE: _ZN4SITL8ICM406094initEv @ 0xaaba30
STABILIZE: _ZN4SITL12InvensenseV36updateERKNS_8AircraftE @ 0x618a10
STABILIZE: _ZNK4SITL8ICM4060911accel_scaleEv @ 0xaabaa0
STABILIZE: _ZN4SITL12InvensenseV319update_sample_countEv @ 0x619260
STABILIZE: _ZN4SITL12InvensenseV39set_blockEhPhh @ 0x619300
STABILIZE: _ZL7radiansd.14702 @ 0x6194d0
STABILIZE: _ZNK4SITL12InvensenseV310gyro_scaleEv @ 0xaabaf0
STABILIZE: _ZN4SITL12InvensenseV313write_to_fifoEhPhh @ 0x619520
STABILIZE: _ZN4SITL12InvensenseV34initEv @ 0xaabb40
STABILIZE: _ZN4SITL12InvensenseV39add_blockEPKchhNS_12I2CRegisters7RegModeE @ 0x6196b0
STABILIZE: _ZN4SITL12InvensenseV38add_fifoEPKchNS_12I2CRegisters7RegModeE @ 0x619800
STABILIZE: _ZN4SITL7MCP9600C2Ev @ 0xaabcf0
STABILIZE: _ZN4SITL31I2CRegisters_ConfigurableLengthC2Ev @ 0xaabd90
STABILIZE: _ZN4SITL7MCP96004initEv @ 0x619930
STABILIZE: _ZN4SITL7MCP96006updateERKNS_8AircraftE @ 0x619a80
STABILIZE: _ZL7htobe16t.14606 @ 0x61a050
STABILIZE: _ZL10__bswap_16t.14608 @ 0x61a0a0
STABILIZE: _ZNK4SITL31I2CRegisters_ConfigurableLength13get_reg_valueEhRh @ 0x61a110
STABILIZE: _ZN4SITL31I2CRegisters_ConfigurableLength12set_registerEhh @ 0x61a350
STABILIZE: _ZN4SITL12I2CRegisters9set_debugEb @ 0xaabe00
STABILIZE: _ZN4SITL31I2CRegisters_ConfigurableLength12add_registerEPKchhNS_12I2CRegisters7RegModeE @ 0x61a490
STABILIZE: _ZN4SITL6TSYS03C2Ev @ 0xaabe60
STABILIZE: _ZN4SITL6TSYS036updateERKNS_8AircraftE @ 0x61a560
STABILIZE: _ZN4SITL6TSYS039set_stateENS0_5StateE @ 0xaabee0
STABILIZE: _ZNK4SITL6TSYS0316time_in_state_msEv @ 0xaabf50
STABILIZE: _ZN4SITL6TSYS01C2Ev @ 0xaac060
STABILIZE: _ZN4SITL6TSYS016updateERKNS_8AircraftE @ 0x61afb0
STABILIZE: _ZN4SITL6TSYS019set_stateENS0_5StateE @ 0xaac0e0
STABILIZE: _ZNK4SITL6TSYS0116time_in_state_msEv @ 0xaac150
STABILIZE: _ZN4SITL5SHT3xC2Ev @ 0x61bae0
STABILIZE: _ZN4SITL5SHT3x5resetEv @ 0x61bb70
STABILIZE: _ZN4SITL5SHT3x6updateERKNS_8AircraftE @ 0x61bbe0
STABILIZE: _ZN4SITL5SHT3x9set_stateENS0_5StateE @ 0xaac1b0
STABILIZE: _ZNK4SITL5SHT3x16time_in_state_msEv @ 0xaac220
STABILIZE: _ZN4SITL13Airspeed_DLVRC2Ev @ 0xaac280
STABILIZE: _ZN4SITL13Airspeed_DLVR6updateERKNS_8AircraftE @ 0x61c460
STABILIZE: _ZN4SITL29SIM_BattMonitor_SMBus_GenericC2Ev @ 0x61c730
STABILIZE: _ZN4SITL21SIM_BattMonitor_SMBusC2Ev @ 0x61c7d0
STABILIZE: _ZN4SITL11SMBusDevice9set_blockEhPKc @ 0xaac2f0
STABILIZE: _ZN4SITL11SMBusDevice9set_blockEhPhh @ 0x61cba0
STABILIZE: _ZN4SITL29SIM_BattMonitor_SMBus_Generic4initEv @ 0x61cce0
STABILIZE: _ZN4SITL29SIM_BattMonitor_SMBus_Generic6updateERKNS_8AircraftE @ 0x61cf40
STABILIZE: _ZNK4SITL29SIM_BattMonitor_SMBus_Generic9cellcountEv @ 0xaac390
STABILIZE: _ZNK4SITL29SIM_BattMonitor_SMBus_Generic15connected_cellsEv @ 0xaac3e0
STABILIZE: _ZN4SITL21SIM_BattMonitor_SMBus6updateERKNS_8AircraftE @ 0x61d7a0
STABILIZE: _ZNK4SITL8Aircraft19get_battery_voltageEv @ 0xaac430
STABILIZE: _ZN4SITL11SMBusDevice12set_registerEht @ 0xaac480
STABILIZE: _ZN4SITL18I2CRegisters_16Bit12set_registerEht @ 0x61d8b0
STABILIZE: _ZN4SITL11SMBusDevice12set_registerEhs @ 0xaac500
STABILIZE: _ZN4SITL18I2CRegisters_16Bit12set_registerEhs @ 0x61d960
STABILIZE: _ZN4SITL11SMBusDevice12add_registerEPKchNS_12I2CRegisters7RegModeE @ 0xaac580
STABILIZE: _ZN4SITL11SMBusDeviceC2Ev @ 0xaac610
STABILIZE: _ZN4SITL11SMBusDevice9add_blockEPKchNS_12I2CRegisters7RegModeE @ 0x61da10
STABILIZE: _ZN4SITL18I2CRegisters_16BitC2Ev @ 0xaac6f0
STABILIZE: _ZN4SITL6RotoyeC2Ev @ 0x61daf0
STABILIZE: _ZN4SITL6Rotoye6updateERKNS_8AircraftE @ 0x61dc00
STABILIZE: _ZNK4SITL6Rotoye9cellcountEv @ 0xaac760
STABILIZE: _ZN4SITL11SMBusDevice13get_reg_valueEh @ 0xaac7b0
STABILIZE: _ZN4SITL18I2CRegisters_16Bit13get_reg_valueEh @ 0xaac820
STABILIZE: _ZL7be16toht.21067 @ 0x61dcd0
STABILIZE: _ZL10__bswap_16t.21068 @ 0x61dd20
STABILIZE: _ZN4SITL6MaxellC2Ev @ 0x61dd90
STABILIZE: _ZNK4SITL6Maxell9cellcountEv @ 0xaac890
STABILIZE: _ZNK4SITL6Maxell15connected_cellsEv @ 0xaac8e0
STABILIZE: _ZN4SITL13MaxSonarI2CXLC2Ev @ 0xaac930
STABILIZE: _ZN4SITL24I2CCommandResponseDeviceC2Ev @ 0xaac9c0
STABILIZE: _ZN4SITL13MaxSonarI2CXL6updateERKNS_8AircraftE @ 0xaaca20
STABILIZE: _ZN4SITL10ToshibaLEDC2Ev @ 0xaacca0
STABILIZE: _ZN4SITL10ToshibaLED4initEv @ 0xaacd40
STABILIZE: _ZN4SITL10ToshibaLED6updateERKNS_8AircraftE @ 0x61dfe0
STABILIZE: _ZN4SITL10ToshibaLED4rdwrERPNS_3I2C19i2c_rdwr_ioctl_dataE @ 0xaace30
STABILIZE: __cxx_global_var_init.14542 @ 0x5c4710
STABILIZE: __cxx_global_var_init.1.14543 @ 0x5c4770
STABILIZE: __cxx_global_var_init.14535 @ 0x5c47c0
STABILIZE: __cxx_global_var_init.1.14536 @ 0x5c4820
STABILIZE: __cxx_global_var_init.14519 @ 0x5c4870
STABILIZE: __cxx_global_var_init.1.14520 @ 0x5c48d0
STABILIZE: __cxx_global_var_init.14507 @ 0x5c4920
STABILIZE: __cxx_global_var_init.1.14508 @ 0x5c4980
STABILIZE: __cxx_global_var_init.14480 @ 0x5c49d0
STABILIZE: __cxx_global_var_init.1.14481 @ 0x5c4a30
STABILIZE: __cxx_global_var_init.14466 @ 0x5c4a80
STABILIZE: __cxx_global_var_init.1.14467 @ 0x5c4ae0
STABILIZE: __cxx_global_var_init.2.14468 @ 0x5c4b30
STABILIZE: __cxx_global_var_init.14455 @ 0x5c4b80
STABILIZE: __cxx_global_var_init.1.14456 @ 0x5c4be0
STABILIZE: __cxx_global_var_init.14438 @ 0x5c4c30
STABILIZE: __cxx_global_var_init.1.14439 @ 0x5c4c90
STABILIZE: __cxx_global_var_init.14431 @ 0x5c4ce0
STABILIZE: __cxx_global_var_init.1.14432 @ 0x5c4d40
STABILIZE: __cxx_global_var_init.14424 @ 0x5c4d90
STABILIZE: __cxx_global_var_init.1.14425 @ 0x5c4df0
STABILIZE: __cxx_global_var_init.14414 @ 0x5c4e40
STABILIZE: __cxx_global_var_init.1.14415 @ 0x5c4ea0
STABILIZE: __cxx_global_var_init.14406 @ 0x5c4ef0
STABILIZE: __cxx_global_var_init.1.14407 @ 0x5c4f50
STABILIZE: __cxx_global_var_init.14388 @ 0x5c4fa0
STABILIZE: __cxx_global_var_init.1.14389 @ 0x5c5000
STABILIZE: __cxx_global_var_init.14380 @ 0x5c5050
STABILIZE: __cxx_global_var_init.1.14381 @ 0x5c50b0
STABILIZE: __cxx_global_var_init.14363 @ 0x5c5100
STABILIZE: __cxx_global_var_init.1.14364 @ 0x5c5160
STABILIZE: __cxx_global_var_init.14338 @ 0x5c51b0
STABILIZE: __cxx_global_var_init.1.14339 @ 0x5c5210
STABILIZE: __cxx_global_var_init.14234 @ 0x5c5260
STABILIZE: __cxx_global_var_init.1.14235 @ 0x5c52c0
STABILIZE: __cxx_global_var_init.14184 @ 0x5c5310
STABILIZE: __cxx_global_var_init.1.14185 @ 0x5c5370
STABILIZE: __cxx_global_var_init.14169 @ 0x5c53c0
STABILIZE: __cxx_global_var_init.1.14170 @ 0x5c5420
STABILIZE: __cxx_global_var_init.14154 @ 0x5c5470
STABILIZE: __cxx_global_var_init.1.14155 @ 0x5c54d0
STABILIZE: __cxx_global_var_init.14140 @ 0x5c5520
STABILIZE: __cxx_global_var_init.1.14141 @ 0x5c5580
STABILIZE: __cxx_global_var_init.14133 @ 0x5c55d0
STABILIZE: __cxx_global_var_init.1.14134 @ 0x5c5630
STABILIZE: __cxx_global_var_init.14123 @ 0x5c5680
STABILIZE: __cxx_global_var_init.1.14124 @ 0x5c56e0
STABILIZE: __cxx_global_var_init.14115 @ 0x5c5730
STABILIZE: __cxx_global_var_init.1.14116 @ 0x5c5790
STABILIZE: __cxx_global_var_init.14107 @ 0x5c57e0
STABILIZE: __cxx_global_var_init.1.14108 @ 0x5c5840
STABILIZE: __cxx_global_var_init.14098 @ 0x5c5890
STABILIZE: __cxx_global_var_init.1.14099 @ 0x5c58f0
STABILIZE: __cxx_global_var_init.14073 @ 0x5c5940
STABILIZE: __cxx_global_var_init.1.14074 @ 0x5c59a0
STABILIZE: __cxx_global_var_init.14061 @ 0x5c59f0
STABILIZE: __cxx_global_var_init.1.14062 @ 0x5c5a50
STABILIZE: __cxx_global_var_init.14026 @ 0x5c5aa0
STABILIZE: __cxx_global_var_init.1.14027 @ 0x5c5b00
STABILIZE: __cxx_global_var_init.13983 @ 0x5c5b50
STABILIZE: __cxx_global_var_init.1.13984 @ 0x5c5bb0
STABILIZE: __cxx_global_var_init.13969 @ 0x5c5c00
STABILIZE: __cxx_global_var_init.1.13970 @ 0x5c5c60
STABILIZE: __cxx_global_var_init.13957 @ 0x5c5cb0
STABILIZE: __cxx_global_var_init.1.13958 @ 0x5c5d10
STABILIZE: __cxx_global_var_init.13950 @ 0x5c5d60
STABILIZE: __cxx_global_var_init.1.13951 @ 0x5c5dc0
STABILIZE: __cxx_global_var_init.13858 @ 0x5c5e10
STABILIZE: __cxx_global_var_init.1.13859 @ 0x5c5e70
STABILIZE: __cxx_global_var_init.13693 @ 0x5c5ec0
STABILIZE: __cxx_global_var_init.1.13694 @ 0x5c5f20
STABILIZE: __cxx_global_var_init.13651 @ 0x5c5f70
STABILIZE: __cxx_global_var_init.1.13652 @ 0x5c5fd0
STABILIZE: __cxx_global_var_init.13643 @ 0x5c6020
STABILIZE: __cxx_global_var_init.1.13644 @ 0x5c6080
STABILIZE: __cxx_global_var_init.13638 @ 0x5c60d0
STABILIZE: __cxx_global_var_init.1.13639 @ 0x5c6130
STABILIZE: __cxx_global_var_init.13592 @ 0x5c6180
STABILIZE: __cxx_global_var_init.1.13593 @ 0x5c61e0
STABILIZE: __cxx_global_var_init.2.13594 @ 0x5c6230
STABILIZE: __cxx_global_var_init.13577 @ 0x5c62a0
STABILIZE: __cxx_global_var_init.1.13578 @ 0x5c6300
STABILIZE: __cxx_global_var_init.2.13579 @ 0x5c6350
STABILIZE: _ZN7HALSITL7SPIDescC2EPKchh @ 0xaacf10
STABILIZE: __cxx_global_var_init.13494 @ 0x5c63d0
STABILIZE: __cxx_global_var_init.1.13495 @ 0x5c6430
STABILIZE: __cxx_global_var_init.13470 @ 0x5c6480
STABILIZE: __cxx_global_var_init.1.13471 @ 0x5c64e0
STABILIZE: __cxx_global_var_init.13463 @ 0x5c6530
STABILIZE: __cxx_global_var_init.1.13464 @ 0x5c6590
STABILIZE: __cxx_global_var_init.13456 @ 0x5c65e0
STABILIZE: __cxx_global_var_init.1.13457 @ 0x5c6640
STABILIZE: __cxx_global_var_init.13444 @ 0x5c6690
STABILIZE: __cxx_global_var_init.1.13445 @ 0x5c66f0
STABILIZE: __cxx_global_var_init.2.13446 @ 0x5c6740
STABILIZE: _ZN6I2CBusC2Ev @ 0xaacfa0
STABILIZE: __cxx_global_var_init.13412 @ 0x5c6870
STABILIZE: __cxx_global_var_init.1.13413 @ 0x5c68d0
STABILIZE: __cxx_global_var_init.2.13414 @ 0x5c6920
STABILIZE: __cxx_global_var_init.3.13415 @ 0x5c6960
STABILIZE: __cxx_global_var_init.4.13416 @ 0x5c69a0
STABILIZE: __cxx_global_var_init.5.13417 @ 0x5c6a10
STABILIZE: __cxx_global_var_init.6.13418 @ 0x5c6a60
STABILIZE: __cxx_global_var_init.7.13419 @ 0x5c6aa0
STABILIZE: __cxx_global_var_init.8 @ 0x5c6af0
STABILIZE: __cxx_global_var_init.9.13420 @ 0x5c6b40
STABILIZE: __cxx_global_var_init.10 @ 0x5c6b90
STABILIZE: __cxx_global_var_init.11.13421 @ 0x5c6c10
STABILIZE: __cxx_global_var_init.12.13422 @ 0x5c6c90
STABILIZE: __cxx_global_var_init.13 @ 0x5c6d10
STABILIZE: __cxx_global_var_init.14 @ 0x5c6d90
STABILIZE: __cxx_global_var_init.15 @ 0x5c6e10
STABILIZE: __cxx_global_var_init.16 @ 0x5c6e90
STABILIZE: __cxx_global_var_init.17 @ 0x5c6f10
STABILIZE: __cxx_global_var_init.18.13423 @ 0x5c6f90
STABILIZE: __cxx_global_var_init.19 @ 0x5c7010
STABILIZE: __cxx_global_var_init.20 @ 0x5c7090
STABILIZE: __cxx_global_var_init.21 @ 0x5c7100
STABILIZE: __cxx_global_var_init.22 @ 0x5c7140
STABILIZE: __cxx_global_var_init.32 @ 0x5c7190
STABILIZE: _ZN8HAL_SITLC2Ev @ 0x61e220
STABILIZE: _ZN6AP_HAL3HALC2EPNS_10UARTDriverES2_S2_S2_S2_S2_S2_S2_S2_S2_PNS_16I2CDeviceManagerEPNS_16SPIDeviceManagerEPNS_17WSPIDeviceManagerEPNS_8AnalogInEPNS_7StorageES2_PNS_4GPIOEPNS_7RCInputEPNS_8RCOutputEPNS_9SchedulerEPNS_4UtilEPNS_11OpticalFlowEPNS_5FlashEPNS_3DSPEPPNS_8CANIfaceE @ 0xaad080
STABILIZE: _ZNK8HAL_SITL3runEiPKPcPN6AP_HAL3HAL9CallbacksE @ 0x61e450
STABILIZE: _ZN7HALSITL4Util4initEiPKPc @ 0xaad3e0
STABILIZE: _ZNK6AP_HAL3HAL6serialEh @ 0xaad460
STABILIZE: _ZN6AP_HAL10UARTDriver5beginEj @ 0x61e970
STABILIZE: _ZL14fill_stack_nanv @ 0x61eaa0
STABILIZE: _ZN14AP_BoardConfig16watchdog_enabledEv @ 0xaad4f0
STABILIZE: _ZNK8HAL_SITL21setup_signal_handlersEv @ 0x61ed60
STABILIZE: _ZN7HALSITL9Scheduler13_run_io_procsEv @ 0x61ee20
STABILIZE: _ZNK7FunctorIvJEEcvbEv @ 0xaad570
STABILIZE: _ZNK7FunctorIvJEEclEv @ 0xaad5d0
STABILIZE: _ZN7HALSITL16I2CDeviceManager11_timer_tickEv @ 0x61f030
STABILIZE: _ZN2AP2RCEv @ 0x61f0d0
STABILIZE: _ZN13AP_RCProtocol6updateEv @ 0x61f180
STABILIZE: _ZN13AP_RCProtocol16check_added_uartEv @ 0x61f1d0
STABILIZE: _ZNK13AP_RCProtocol13should_searchEj @ 0x61f440
STABILIZE: _ZNK11RC_Channels17enabled_protocolsEv @ 0x61f640
STABILIZE: _ZNK13AP_RCProtocol16protocol_enabledENS_12rcprotocol_tE @ 0x61fb50
STABILIZE: _ZN21AP_RCProtocol_Backend9new_inputEv @ 0x61fc00
STABILIZE: _ZN6AP_HAL10UARTDriver5beginEjtt @ 0x61fc80
STABILIZE: _ZNK17AP_RCProtocol_FDM6activeEv @ 0xaad870
STABILIZE: _ZN13AP_RCProtocolC2Ev @ 0xaad8d0
STABILIZE: _ZN6I2CBus11_timer_tickEv @ 0x61fe10
STABILIZE: _ZN9AP_Logger6WriteVEPKcS1_S1_S1_S1_P13__va_list_tagbb @ 0x61ff40
STABILIZE: _ZN9AP_Logger16msg_fmt_for_nameEPKcS1_S1_S1_S1_bb @ 0x620140
STABILIZE: _ZN17AP_Logger_Backend5WriteEhP13__va_list_tagbb @ 0x620a30
STABILIZE: _ZNK9AP_Logger24assert_same_fmt_for_nameEPKNS_13log_write_fmtEPKcS4_S4_S4_S4_ @ 0x6215b0
STABILIZE: _ZNK9AP_Logger18find_free_msg_typeEv @ 0x621a60
STABILIZE: _ZNK9AP_Logger18Write_calc_msg_lenEPKc @ 0x621b10
STABILIZE: _ZL3MINImmEDTqultfp_fp0_fp_fp0_ERKT_RKT0_.6325 @ 0x621da0
STABILIZE: _ZN9AP_Logger18validate_structureEPK12LogStructures @ 0x621e20
STABILIZE: _ZN3GCS14update_receiveEv @ 0x622920
STABILIZE: _ZN3GCS11update_sendEv @ 0x6229d0
STABILIZE: _ZN29MissionItemProtocol_WaypointsC2ER10AP_Mission @ 0xaad920
STABILIZE: _ZN25MissionItemProtocol_RallyC2ER8AP_Rally @ 0xaad9b0
STABILIZE: _ZN25MissionItemProtocol_FenceC2ER8AC_Fence @ 0xaada40
STABILIZE: _ZN19MissionItemProtocol6updateEv @ 0x622d10
STABILIZE: _ZN11GCS_MAVLINK11update_sendEv @ 0x622ee0
STABILIZE: _ZN3GCS18service_statustextEv @ 0x6232c0
STABILIZE: _ZN3GCS15StatusTextQueue9semaphoreEv @ 0xaadad0
STABILIZE: _ZNK11ObjectArrayIN3GCS12statustext_tEE8is_emptyEv @ 0xaadb20
STABILIZE: _ZN11GCS_MAVLINK18service_statustextEv @ 0x623430
STABILIZE: _ZN3GCS15StatusTextQueue5pruneEv @ 0x623670
STABILIZE: _ZNK11ObjectArrayIN3GCS12statustext_tEE9availableEv @ 0xaadb80
STABILIZE: _ZN11ObjectArrayIN3GCS12statustext_tEEixEt @ 0xaadbd0
STABILIZE: _ZN11ObjectArrayIN3GCS12statustext_tEE6removeEt @ 0xaadc70
STABILIZE: _ZN11ObjectArrayIN3GCS12statustext_tEE3popEv @ 0xaaddc0
STABILIZE: _ZN3GCS16statustext_queueEv @ 0xaade70
STABILIZE: _Z14comm_chan_lock17mavlink_channel_t @ 0x6237a0
STABILIZE: _ZL27mavlink_msg_statustext_send17mavlink_channel_thPKcth @ 0x623800
STABILIZE: _ZL16mav_array_memcpyPvPKvm.6783 @ 0x6238e0
STABILIZE: _ZN9AP_Logger15handle_log_sendEv @ 0x623980
STABILIZE: _ZN11GCS_MAVLINK45initialise_message_intervals_from_streamratesEv @ 0x623ab0
STABILIZE: _ZN11GCS_MAVLINK46initialise_message_intervals_from_config_filesEv @ 0x623b90
STABILIZE: _ZN22GCS_MAVLINK_InProgress11check_tasksEv @ 0x624050
STABILIZE: _ZNK3GCS11out_of_timeEv @ 0x624240
STABILIZE: _ZN11GCS_MAVLINK30deferred_message_to_send_indexEt @ 0x624320
STABILIZE: _ZN11GCS_MAVLINK19do_try_send_messageE10ap_message @ 0x624500
STABILIZE: _ZNK7BitmaskILt91EE9first_setEv @ 0xaadec0
STABILIZE: _ZN7BitmaskILt91EE5clearEt @ 0xaadf90
STABILIZE: _ZN11GCS_MAVLINK36next_deferred_bucket_message_to_sendEt @ 0x624630
STABILIZE: _ZNK7BitmaskILt91EE5countEv @ 0xaae050
STABILIZE: _ZNK11GCS_MAVLINK26get_reschedule_interval_msERKNS_25deferred_message_bucket_tE @ 0x624760
STABILIZE: _ZN11GCS_MAVLINK24find_next_bucket_to_sendEt @ 0x624860
STABILIZE: _ZN7BitmaskILt91EEaSERKS0_ @ 0xaae120
STABILIZE: _ZN7BitmaskILt91EE8clearallEv @ 0xaae190
STABILIZE: _ZNK11GCS_MAVLINK24requesting_mission_itemsEv @ 0x624a30
STABILIZE: _ZN7GCS_FTP16get_last_send_msE17mavlink_channel_t @ 0x624b20
STABILIZE: _ZNK19MissionItemProtocol14active_link_isEPK11GCS_MAVLINK @ 0xaae1f0
STABILIZE: _ZNK7BitmaskILt91EE8validateEt @ 0xaae260
STABILIZE: _ZNK11GCS_MAVLINK37should_send_message_in_delay_callbackE10ap_message @ 0x624c10
STABILIZE: _ZNK11GCS_MAVLINK17telemetry_delayedEv @ 0x624cc0
STABILIZE: _ZNK3GCS11telem_delayEv @ 0xaae2f0
STABILIZE: _ZN14AP_BoardConfig15in_config_errorEv @ 0xaae350
STABILIZE: _ZNK12AP_Scheduler19time_available_usecEv @ 0x624d90
STABILIZE: _ZN2AP2FSEv @ 0x625010
STABILIZE: _ZN19AP_Filesystem_Posix4openEPKcib @ 0x6250b0
STABILIZE: _ZN19AP_Filesystem_Posix5closeEi @ 0x625240
STABILIZE: _ZN19AP_Filesystem_Posix4readEiPvj @ 0x6252e0
STABILIZE: _ZN19AP_Filesystem_Posix5writeEiPKvj @ 0x6253b0
STABILIZE: _ZN19AP_Filesystem_Posix5fsyncEi @ 0x625480
STABILIZE: _ZN19AP_Filesystem_Posix5lseekEiii @ 0x625520
STABILIZE: _ZN19AP_Filesystem_Posix4statEPKcP4stat @ 0x6255f0
STABILIZE: _ZN19AP_Filesystem_Posix5mkdirEPKc @ 0x6257b0
STABILIZE: _ZN21AP_Filesystem_Backend9load_fileEPKc @ 0x625ee0
STABILIZE: _ZNK21AP_Filesystem_Backend15file_op_allowedEv @ 0x6262d0
STABILIZE: _ZL12map_filenamePKc @ 0x626370
STABILIZE: _ZL17map_filename_freePKc @ 0x626410
STABILIZE: _Z16comm_get_txspace17mavlink_channel_t @ 0x626560
STABILIZE: _ZL28mavlink_msg_command_ack_send17mavlink_channel_tthhihh.6806 @ 0x6265f0
STABILIZE: _ZN13AP_Filesystem4statEPKcP4stat @ 0x6266e0
STABILIZE: _ZN11GCS_MAVLINK23set_ap_message_intervalE10ap_messaget @ 0x626a60
STABILIZE: _ZNK11GCS_MAVLINK20cap_message_intervalEt @ 0x626e80
STABILIZE: _ZNK11GCS_MAVLINK26get_deferred_message_indexE10ap_message @ 0x626f50
STABILIZE: _ZNK7BitmaskILt91EE3getEt @ 0xaae5d0
STABILIZE: _ZN7BitmaskILt91EE3setEt @ 0xaae6a0
STABILIZE: _ZN12AP_Scheduler18get_loop_period_usEv @ 0xaae760
STABILIZE: _ZdaPv @ 0x627240
STABILIZE: _ZN13AP_Filesystem4openEPKcib @ 0x6272a0
STABILIZE: _ZN13AP_Filesystem5fgetsEPchi @ 0x6273d0
STABILIZE: _ZNK11GCS_MAVLINK27mavlink_id_to_ap_message_idEj @ 0x627570
STABILIZE: _ZN13AP_Filesystem5closeEi @ 0x627750
STABILIZE: _ZNK13AP_Filesystem13backend_by_fdERi @ 0x6277d0
STABILIZE: _ZNK13AP_Filesystem15backend_by_pathERPKc @ 0x6278a0
STABILIZE: _ZnamRKSt9nothrow_t @ 0x627b10
STABILIZE: _ZN11GCS_MAVLINK39initialise_message_intervals_for_streamENS_7streamsE @ 0x627b90
STABILIZE: _ZN11GCS_MAVLINK31set_mavlink_message_id_intervalEjt @ 0x627cb0
STABILIZE: _ZNK11GCS_MAVLINK23get_interval_for_streamENS_7streamsE @ 0x627d90
STABILIZE: _ZNK11GCS_MAVLINK8get_chanEv @ 0xaae800
STABILIZE: _ZL28mavlink_msg_mission_ack_send17mavlink_channel_thhhh.19879 @ 0x628770
STABILIZE: _ZNK11GCS_MAVLINK22get_stream_slowdown_msEv @ 0xaae8a0
STABILIZE: _ZN11GCS_MAVLINK12send_messageE10ap_message @ 0x628840
STABILIZE: _ZN11GCS_MAVLINK22save_signing_timestampEb @ 0x628950
STABILIZE: _ZNK11GCS_MAVLINK12is_streamingEv @ 0xaae8f0
STABILIZE: _ZN11GCS_MAVLINK16signing_key_loadER10SigningKey @ 0x628a80
STABILIZE: _ZNK13StorageAccess11write_blockEtPKvm @ 0x628be0
STABILIZE: _ZN19MissionItemProtocolC2Ev @ 0xaae950
STABILIZE: _ZNK11GCS_MAVLINK9send_textE12MAV_SEVERITYPKcz @ 0x6297e0
STABILIZE: _ZN19AC_PolyFence_loader6formatEv @ 0x62a6b0
STABILIZE: _ZN19AC_PolyFence_loader21write_type_to_storageERt16AC_PolyFenceType @ 0x62a770
STABILIZE: _ZNK13StorageAccess11write_uint8Eth @ 0xaaea60
STABILIZE: _ZN19AC_PolyFence_loader20write_eos_to_storageERt @ 0x62a960
STABILIZE: _ZN19AC_PolyFence_loader12index_eepromEv @ 0x62aa00
STABILIZE: _ZN19AC_PolyFence_loader10void_indexEv @ 0xaaeae0
STABILIZE: _ZN13AP_ParamTBaseIaL11ap_var_type1EE12set_and_saveERKa @ 0xaaeb70
STABILIZE: _ZNK19AC_PolyFence_loader9formattedEv @ 0x62ae30
STABILIZE: _ZN19AC_PolyFence_loader19count_eeprom_fencesEv @ 0x62af20
STABILIZE: _ZN19AC_PolyFence_loader11scan_eepromE7FunctorIvJK16AC_PolyFenceTypetEE @ 0x62afb0
STABILIZE: _ZNK13StorageAccess10read_uint8Et @ 0xaaec80
STABILIZE: _ZNK7FunctorIvJK16AC_PolyFenceTypetEEclES0_t @ 0xaaece0
STABILIZE: _ZN7FunctorIvJK16AC_PolyFenceTypetEEC2EPvPFvS3_S0_tE @ 0xaaee30
STABILIZE: _ZN7FunctorIvJK16AC_PolyFenceTypetEE4bindI19AC_PolyFence_loaderXadL_ZNS4_24scan_eeprom_count_fencesES0_tEEEES2_PT_ @ 0xaaeeb0
STABILIZE: _ZN19AC_PolyFence_loader24scan_eeprom_count_fencesE16AC_PolyFenceTypet @ 0x62b340
STABILIZE: _ZN7FunctorIvJK16AC_PolyFenceTypetEE14method_wrapperI19AC_PolyFence_loaderXadL_ZNS4_24scan_eeprom_count_fencesES0_tEEEEvPvS0_t @ 0xaaef10
STABILIZE: _ZNK13StorageAccess12write_uint32Etj @ 0x62b490
STABILIZE: _ZNK13StorageAccess10write_byteEth @ 0x62b510
STABILIZE: _Z9check_lati @ 0x62b610
STABILIZE: _Z9check_lngi @ 0x62b680
STABILIZE: _ZN19AC_PolyFence_loader13check_indexedEv @ 0x62b6f0
STABILIZE: _ZNK13StorageAccess11read_uint32Et @ 0x62bb10
STABILIZE: _ZN19MissionItemProtocol26allocate_receive_resourcesEt @ 0xaaf160
STABILIZE: _ZN19MissionItemProtocol21free_upload_resourcesEv @ 0xaaf210
STABILIZE: _ZNK29MissionItemProtocol_Waypoints12mission_typeEv @ 0xaaf4a0
STABILIZE: _ZNK29MissionItemProtocol_Waypoints23next_item_ap_message_idEv @ 0xaaf4f0
STABILIZE: _ZN29MissionItemProtocol_Waypoints8truncateERK25__mavlink_mission_count_t @ 0x62d050
STABILIZE: _ZNK29MissionItemProtocol_Waypoints10item_countEv @ 0x62d200
STABILIZE: _ZNK29MissionItemProtocol_Waypoints9max_itemsEv @ 0x62d260
STABILIZE: _ZN29MissionItemProtocol_Waypoints12replace_itemERK28__mavlink_mission_item_int_t @ 0x62d2c0
STABILIZE: _ZN29MissionItemProtocol_Waypoints11append_itemERK28__mavlink_mission_item_int_t @ 0x62d420
STABILIZE: _ZN29MissionItemProtocol_Waypoints8completeERK11GCS_MAVLINK @ 0x62d570
STABILIZE: _ZN9AP_Logger19Write_EntireMissionEv @ 0x62d650
STABILIZE: _ZN17AP_Logger_Backend19Write_EntireMissionEv @ 0x62d6e0
STABILIZE: _ZN30LoggerMessageWriter_DFLogStart18writeentiremissionEv @ 0x62d740
STABILIZE: _ZN10AP_Mission26mavlink_int_to_mission_cmdERK28__mavlink_mission_item_int_tRNS_15Mission_CommandE @ 0x62d840
STABILIZE: _ZN10AP_Mission7add_cmdERNS_15Mission_CommandE @ 0x62f0c0
STABILIZE: _ZN10AP_Mission21write_home_to_storageEv @ 0x62f1d0
STABILIZE: _ZN10AP_Mission20write_cmd_to_storageEtRKNS_15Mission_CommandE @ 0x62f2d0
STABILIZE: _ZN13AP_ParamTBaseIsL11ap_var_type2EE12set_and_saveERKs @ 0xaaf540
STABILIZE: _ZNK10AP_Mission16num_commands_maxEv @ 0xaaf600
STABILIZE: _ZNK13StorageAccess12write_uint16Ett @ 0x62f650
STABILIZE: _ZN10AP_Mission19sanity_check_paramsERK28__mavlink_mission_item_int_t @ 0x62f6e0
STABILIZE: _Z11is_negativeIfEbT_ @ 0xaaf650
STABILIZE: _ZN10AP_Mission11replace_cmdEtRKNS_15Mission_CommandE @ 0x62fab0
STABILIZE: _ZN10AP_Mission8truncateEt @ 0x631100
STABILIZE: _ZN10AP_Mission5clearEv @ 0x6311b0
STABILIZE: _ZN11GCS_MAVLINK14update_receiveEj @ 0x631270
STABILIZE: _ZN3GCS15update_passthruEv @ 0x631740
STABILIZE: _ZN16AP_SerialManager12get_passthruERPN6AP_HAL10UARTDriverES3_RhRjS5_ @ 0x631c70
STABILIZE: _ZN13AP_ParamTBaseIaL11ap_var_type1EE14set_and_notifyERKa @ 0xaaf770
STABILIZE: _ZN7FunctorIvJEEC2EPvPFvS1_E @ 0xaaf8b0
STABILIZE: _ZN6AP_HAL10UARTDriver11read_lockedEPhmj @ 0x6326f0
STABILIZE: _ZNK16AP_SerialManager9UARTState8baudrateEv @ 0xaaf930
STABILIZE: _ZN16AP_SerialManager12map_baudrateEi @ 0x632b20
STABILIZE: _ZNK11GCS_MAVLINK6lockedEv @ 0xaaf990
STABILIZE: _ZNK7FunctorIbJhPN6AP_HAL10UARTDriverEEEcvbEv @ 0xaaf9f0
STABILIZE: _ZN11GCS_MAVLINK14channel_bufferEv @ 0xaafad0
STABILIZE: mavlink_frame_char_buffer @ 0x632dd0
STABILIZE: _ZN12AP_Scripting14handle_messageERK17__mavlink_message17mavlink_channel_t @ 0x633670
STABILIZE: _ZN11GCS_MAVLINK13send_timesyncEv @ 0x633860
STABILIZE: _ZN11GCS_MAVLINK17log_mavlink_statsEv @ 0x6338d0
STABILIZE: _ZNK11GCS_MAVLINK15signing_enabledEv @ 0x633a50
STABILIZE: _ZNK11GCS_MAVLINK21timesync_timestamp_nsEv @ 0x633af0
STABILIZE: _ZL25mavlink_msg_timesync_send17mavlink_channel_tll @ 0x633b50
STABILIZE: mavlink_start_checksum @ 0x633bf0
STABILIZE: mavlink_update_checksum @ 0x633c50
STABILIZE: _ZL12count_commasPKc @ 0x634120
STABILIZE: _ZNK9AP_Logger21labels_string_is_goodEPKc @ 0x6341c0
STABILIZE: _ZNK9AP_Logger15msg_type_in_useEh @ 0x634590
STABILIZE: _Z9fill_nanfPft @ 0x634690
STABILIZE: _ZN6AP_HAL4initEv @ 0x634790
STABILIZE: _ZN10ByteBuffer7advanceEj @ 0x637720
STABILIZE: _ZN5Empty11OpticalFlow9push_gyroEfff @ 0xab09a0
STABILIZE: _ZN5Empty11OpticalFlow14push_gyro_biasEff @ 0xab0a10
STABILIZE: _ZN7HALSITL4UtilC2EPNS_10SITL_StateE @ 0xab0bf0
STABILIZE: _ZN6AP_HAL4UtilC2Ev @ 0xab0c80
STABILIZE: _ZNK7HALSITL4Util18was_watchdog_resetEv @ 0xab0ce0
STABILIZE: _ZNK6AP_HAL4Util24get_custom_log_directoryEv @ 0xab0d50
STABILIZE: _ZNK6AP_HAL4Util28get_custom_terrain_directoryEv @ 0xab0da0
STABILIZE: _ZNK7HALSITL4Util24get_custom_defaults_fileEv @ 0xab0e40
STABILIZE: _ZN7HALSITL4Util22set_cmdline_parametersEv @ 0x6382f0
STABILIZE: _ZN7HALSITL4Util19safety_switch_stateEv @ 0x6383d0
STABILIZE: _ZN7HALSITL4Util10set_hw_rtcEm @ 0xab0ea0
STABILIZE: _ZNK7HALSITL4Util10get_hw_rtcEv @ 0x638430
STABILIZE: _ZN7HALSITL4Util13get_system_idEPc @ 0x6384c0
STABILIZE: _ZN7HALSITL4Util25get_system_id_unformattedEPhRh @ 0x638540
STABILIZE: _ZN6AP_HAL4Util14toneAlarm_initEh @ 0xab0f50
STABILIZE: _ZN6AP_HAL4Util11malloc_typeEmNS0_11Memory_TypeE @ 0xab10e0
STABILIZE: _ZN7HALSITL4Util16available_memoryEv @ 0xab11d0
STABILIZE: _ZN7HALSITL4Util8uart_logEv @ 0x6389b0
STABILIZE: _ZN6AP_HAL4Util14log_stack_infoEv @ 0xab1570
STABILIZE: _ZN6AP_HAL10UARTDriver9log_statsEhRNS0_12StatsTrackerEj @ 0x638b80
STABILIZE: _ZN6AP_HAL10UARTDriver12StatsTracker11ByteTracker6updateEj @ 0x638d20
STABILIZE: _ZNK7HALSITL10SITL_State12get_instanceEv @ 0xab15c0
STABILIZE: _ZN7HALSITL8RCOutput20_safety_switch_stateEv @ 0xab1610
STABILIZE: _ZNK11ObjectArrayIN8AP_Param21defaults_table_structEE9availableEv @ 0xab1660
STABILIZE: _ZN11ObjectArrayIN8AP_Param21defaults_table_structEEixEt @ 0xab16b0
STABILIZE: _ZN8AP_Param19set_default_by_nameEPKcf @ 0x638d90
STABILIZE: _ZN8AP_Param4findEPKcP11ap_var_typePt @ 0x638ed0
STABILIZE: _ZN13AP_ParamTBaseIaL11ap_var_type1EE11set_defaultERKa @ 0xab1750
STABILIZE: _ZN13AP_ParamTBaseIsL11ap_var_type2EE11set_defaultERKs @ 0xab17f0
STABILIZE: _ZN13AP_ParamTBaseIiL11ap_var_type3EE11set_defaultERKi @ 0xab1890
STABILIZE: _ZN13AP_ParamTBaseIfL11ap_var_type4EE11set_defaultERKf @ 0xab1920
STABILIZE: _ZN8AP_Param11add_defaultEPS_f @ 0x639160
STABILIZE: _ZNK8AP_Param10configuredEv @ 0x6392f0
STABILIZE: _ZNK8AP_Param27configured_in_defaults_fileERb @ 0x639370
STABILIZE: _ZNK8AP_Param21configured_in_storageEv @ 0x6394d0
STABILIZE: _ZN8AP_Param10find_groupEPKctlPKNS_9GroupInfoEP11ap_var_type @ 0x639640
STABILIZE: _ZN7HALSITL16SPIDeviceManagerC2Ev @ 0x639ab0
STABILIZE: _ZN6AP_HAL16SPIDeviceManagerC2Ev @ 0xab1df0
STABILIZE: _ZN6AP_HAL6Device14set_device_busEh @ 0xab2050
STABILIZE: _ZN6AP_HAL6Device18set_device_addressEh @ 0xab20c0
STABILIZE: _ZN7FunctorIbJhEEC2EPvPFbS1_hE @ 0xab2960
STABILIZE: _ZN7FunctorIvJEEC2Ev @ 0xab2a40
STABILIZE: _ZNK7HALSITL9Semaphore11check_ownerEv @ 0x63a2e0
STABILIZE: _ZN6AP_HAL6DeviceD2Ev @ 0xab2c40
STABILIZE: _ZN6AP_HAL6DeviceC2ENS0_7BusTypeE @ 0xab2d90
STABILIZE: _ZN7FunctorIbJhEEC2Ev @ 0xab2f10
STABILIZE: _ZN7FunctorIvJhPhjbEEC2Ev @ 0xab2f70
STABILIZE: _ZN7FunctorIvJhPhjbEEC2EPvPFvS2_hS0_jbE @ 0xab2fd0
STABILIZE: _ZN7HALSITL16I2CDeviceManagerC2Ev @ 0x63a670
STABILIZE: _ZN6AP_HAL16I2CDeviceManagerC2Ev @ 0xab30a0
STABILIZE: _ZN7HALSITL16I2CDeviceManager14get_device_ptrEhhjbj @ 0x63a720
STABILIZE: _ZNK6AP_HAL16I2CDeviceManager12get_bus_maskEv @ 0xab3100
STABILIZE: _ZNK6AP_HAL16I2CDeviceManager21get_bus_mask_externalEv @ 0xab3150
STABILIZE: _ZNK6AP_HAL16I2CDeviceManager21get_bus_mask_internalEv @ 0xab31a0
STABILIZE: _ZN7HALSITL9I2CDeviceC2ER6I2CBush @ 0x63a830
STABILIZE: _ZN6AP_HAL9I2CDeviceC2Ev @ 0xab31f0
STABILIZE: _ZN7HALSITL9I2CDeviceD2Ev @ 0xab3260
STABILIZE: _ZN7HALSITL9I2CDeviceD0Ev @ 0xab32b0
STABILIZE: _ZN7HALSITL9I2CDevice8transferEPKhjPhj @ 0x63a8f0
STABILIZE: _ZN7HALSITL9I2CDevice13get_semaphoreEv @ 0x63a9a0
STABILIZE: _ZN7HALSITL9I2CDevice26register_periodic_callbackEj7FunctorIvJEE @ 0x63aa00
STABILIZE: _ZN7HALSITL9I2CDevice11set_retriesEh @ 0xab33d0
STABILIZE: _ZN6I2CBus26register_periodic_callbackEj7FunctorIvJEE @ 0x63abc0
STABILIZE: _ZN6I2CBus13callback_infoC2Ev @ 0xab3490
STABILIZE: _ZN7HALSITL9I2CDevice9_transferEPKhjPhj @ 0x63acf0
STABILIZE: _ZN6I2CBus5ioctlEhPv @ 0xab34f0
STABILIZE: _ZN6I2CBus6_ioctlEhPv @ 0x63afc0
STABILIZE: _ZN4SITL3SIM9i2c_ioctlEhPv @ 0xab3570
STABILIZE: _ZN4SITL3I2C5ioctlEhPv @ 0x63b040
STABILIZE: _ZN4SITL3I2C10ioctl_rdwrEPNS0_19i2c_rdwr_ioctl_dataE @ 0x63b0d0
STABILIZE: _ZN16IgnoredI2CDevice4rdwrERPN4SITL3I2C19i2c_rdwr_ioctl_dataE @ 0xab35f0
STABILIZE: _ZN6AP_HAL9I2CDeviceD2Ev @ 0xab3650
STABILIZE: _ZN7HALSITL10UARTDriverC2EhPNS_10SITL_StateE @ 0xab3730
STABILIZE: _ZN6AP_HAL10UARTDriver5writeEh @ 0x63b1e0
STABILIZE: _ZN6AP_HAL10UARTDriver5writeEPKhm @ 0x63b250
STABILIZE: _ZN6AP_HAL10UARTDriver9availableEv @ 0x63b390
STABILIZE: _ZN6AP_HAL10UARTDriver4readEv @ 0x63b410
STABILIZE: _ZN6AP_HAL10UARTDriver4readERh @ 0x63b490
STABILIZE: _ZN6AP_HAL10UARTDriver4readEPht @ 0x63b590
STABILIZE: _ZN7HALSITL10UARTDriver7txspaceEv @ 0x63b600
STABILIZE: _ZN6AP_HAL10UARTDriver11set_optionsEt @ 0xab3980
STABILIZE: _ZN6AP_HAL10UARTDriver16set_flow_controlENS0_12flow_controlE @ 0xab3a40
STABILIZE: _ZN7HALSITL10UARTDriver16get_flow_controlEv @ 0xab3a90
STABILIZE: _ZN7HALSITL10UARTDriver11_timer_tickEv @ 0x63b980
STABILIZE: _ZN7HALSITL10UARTDriver26receive_time_constraint_usEt @ 0x63b9e0
STABILIZE: _ZNK7HALSITL10UARTDriver13get_baud_rateEv @ 0xab3b50
STABILIZE: _ZNK6AP_HAL10UARTDriver12disable_rxtxEv @ 0xab3d50
STABILIZE: _ZN7HALSITL10UARTDriver6_beginEjtt @ 0x63bd10
STABILIZE: _ZN7HALSITL10UARTDriver6_writeEPKhm @ 0x63c6b0
STABILIZE: _ZN7HALSITL10UARTDriver5_readEPht @ 0x63c880
STABILIZE: _ZN7HALSITL10UARTDriver10_availableEv @ 0x63ca70
STABILIZE: _ZNK7HALSITL10UARTDriver18get_total_tx_bytesEv @ 0xab3da0
STABILIZE: _ZNK7HALSITL10UARTDriver18get_total_rx_bytesEv @ 0xab3df0
STABILIZE: _ZNK6AP_HAL10UARTDriver26get_total_dropped_rx_bytesEv @ 0xab3e40
STABILIZE: _ZN7HALSITL10UARTDriver17_check_connectionEv @ 0x63cb60
STABILIZE: _ZN7HALSITL10UARTDriver13_select_checkEi @ 0x63cca0
STABILIZE: _ZN10ByteBuffer4readEPhj @ 0x63ceb0
STABILIZE: _ZN7HALSITL10UARTDriver41handle_writing_from_writebuffer_to_deviceEv @ 0x63cf50
STABILIZE: _ZN7HALSITL10UARTDriver16_check_reconnectEv @ 0x63d300
STABILIZE: _ZL3MINIjjEDTqultfp_fp0_fp_fp0_ERKT_RKT0_.13888 @ 0x63d700
STABILIZE: _ZNK4SITL12SerialDevice15write_to_deviceEPKcm @ 0x63d780
STABILIZE: _ZN10ByteBuffer8set_sizeEj @ 0x63db90
STABILIZE: _ZN7HALSITL17SITL_State_Common17create_serial_simEPKcS2_h @ 0x63def0
STABILIZE: _ZN7HALSITL10UARTDriver21_tcp_start_connectionEtb @ 0x63f280
STABILIZE: _ZN4SITL12SerialDevice18set_autopilot_baudEj @ 0xab3ef0
STABILIZE: _ZN7HALSITL10UARTDriver16_set_nonblockingEi @ 0x640180
STABILIZE: _ZNK7HALSITL10SITL_State9base_portEv @ 0xab3f50
STABILIZE: _ZN4SITL12SerialDeviceC2Ett @ 0x640390
STABILIZE: _ZNK16SocketAPM_native12reuseaddressEv @ 0x6404c0
STABILIZE: _ZN16SocketAPM_native4bindEPKct @ 0x640560
STABILIZE: _ZNK16SocketAPM_native12set_blockingEb @ 0x6406c0
STABILIZE: _ZN16SocketAPM_native13make_sockaddrEPKctR11sockaddr_in @ 0x640850
STABILIZE: _ZN16SocketAPM_native16inet_str_to_addrEPKc @ 0x640900
STABILIZE: _ZN16SocketAPM_nativeC2Eb @ 0x640970
STABILIZE: _ZN16SocketAPM_nativeC2Ebi @ 0x640a10
STABILIZE: _ZNK4SITL12SerialDevice18write_to_autopilotEPKcm @ 0x640ae0
STABILIZE: _ZNK4SITL12SerialDevice13is_match_baudEv @ 0x640ba0
STABILIZE: _ZN4SITL3GPSC2Eh @ 0x640c40
STABILIZE: _ZNK4SITL3GPS18write_to_autopilotEPKcm @ 0x640cd0
STABILIZE: _ZNK4SITL3GPS11device_baudEv @ 0x640ef0
STABILIZE: _ZNK8Location31get_vector_xy_from_origin_NE_cmI7Vector2IfEEEbRT_ @ 0xab5320
STABILIZE: _Z8wrap_180IdET_S0_ @ 0xab5430
STABILIZE: _ZNK7Vector2IfEplERKS0_ @ 0xab5890
STABILIZE: _Z8wrap_360d @ 0x643d80
STABILIZE: _ZNK4SITL12SerialDevice19read_from_autopilotEPcm @ 0x643e20
STABILIZE: _Z7is_zerod @ 0xab7560
STABILIZE: _ZN7HALSITL10UARTDriver40handle_reading_from_device_to_readbufferEv @ 0x649710
STABILIZE: _ZNK4SITL12SerialDevice16read_from_deviceEPcm @ 0x649ba0
STABILIZE: _ZN6AP_HAL10UARTDriverC2Ev @ 0xab84b0
STABILIZE: _ZN7HALSITL10UARTDriverUt0_C2Ev @ 0xab8520
STABILIZE: _ZN12AP_CSVReaderC2EPhhh @ 0xab85a0
STABILIZE: _ZN7HALSITL8AnalogInC2EPNS_10SITL_StateE @ 0xab8980
STABILIZE: _ZN6AP_HAL8AnalogInC2Ev @ 0xab8a10
STABILIZE: _ZN7HALSITL8AnalogIn4initEv @ 0x64a580
STABILIZE: _ZN7HALSITL8AnalogIn7channelEs @ 0x64a5d0
STABILIZE: _ZN7HALSITL8AnalogIn13board_voltageEv @ 0xab8a70
STABILIZE: _ZN6AP_HAL8AnalogIn17servorail_voltageEv @ 0xab8ac0
STABILIZE: _ZN6AP_HAL8AnalogIn18power_status_flagsEv @ 0xab8b10
STABILIZE: _ZN7HALSITL9ADCSourceC2EPNS_10SITL_StateEs @ 0x64a680
STABILIZE: _ZN6AP_HAL12AnalogSourceC2Ev @ 0xab8bb0
STABILIZE: _ZN7HALSITL9ADCSource7set_pinEh @ 0x64a7e0
STABILIZE: _ZN7HALSITL9ADCSource15voltage_averageEv @ 0x64a860
STABILIZE: _ZN7HALSITL9ADCSource14voltage_latestEv @ 0x64a8b0
STABILIZE: _ZN7HALSITL4GPIOC2EPNS_10SITL_StateE @ 0xab8c60
STABILIZE: _ZN6AP_HAL4GPIOC2Ev @ 0xab8cf0
STABILIZE: _ZN7HALSITL4GPIO7pinModeEhh @ 0x64aac0
STABILIZE: _ZN7HALSITL4GPIO4readEh @ 0x64ab80
STABILIZE: _ZNK7HALSITL4GPIO9valid_pinEh @ 0xab8dc0
STABILIZE: _ZN7HALSITL4GPIO13usb_connectedEv @ 0x64b010
STABILIZE: _ZNK6AP_HAL4GPIO13arming_checksEmPc @ 0xab9140
STABILIZE: _ZN7HALSITL8RCOutputC2EPNS_10SITL_StateE @ 0xab9300
STABILIZE: _ZN6AP_HAL8RCOutputC2Ev @ 0xab9390
STABILIZE: _ZN7HALSITL8RCOutput4initEv @ 0x64b2f0
STABILIZE: _ZN7HALSITL8RCOutput8set_freqEjt @ 0x64b340
STABILIZE: _ZN7HALSITL8RCOutput9enable_chEh @ 0x64b410
STABILIZE: _ZN7HALSITL8RCOutput10disable_chEh @ 0x64b4a0
STABILIZE: _ZN7HALSITL8RCOutput5writeEht @ 0x64b530
STABILIZE: _ZN6AP_HAL8RCOutput20update_channel_masksEv @ 0xab94f0
STABILIZE: _ZN7HALSITL8RCOutput4corkEv @ 0x64b660
STABILIZE: _ZN7HALSITL8RCOutput4pushEv @ 0x64b6f0
STABILIZE: _ZN7HALSITL8RCOutput4readEPth @ 0x64b8b0
STABILIZE: _ZN7HALSITL8RCOutput16force_safety_offEv @ 0xab9790
STABILIZE: _ZN6AP_HAL8RCOutput15set_output_modeEjNS0_11output_modeE @ 0xab9c10
STABILIZE: _ZNK6AP_HAL8RCOutput22get_output_mode_bannerEPch @ 0xab9cd0
STABILIZE: _ZN6AP_HAL8RCOutput16set_default_rateEt @ 0xab9d90
STABILIZE: _ZN6AP_HAL8RCOutput14set_dshot_rateEht @ 0xab9ed0
STABILIZE: _ZN6AP_HAL8RCOutput18set_dshot_esc_typeENS0_12DshotEscTypeE @ 0xab9fe0
STABILIZE: _ZN17AP_ESC_Telem_SITL6updateEv @ 0x64bcd0
STABILIZE: _ZL3MAXIffEDTqugtfp_fp0_fp_fp0_ERKT_RKT0_.20563 @ 0x64bea0
STABILIZE: _ZN20AP_ESC_Telem_Backend10update_rpmEhff @ 0x64bf20
STABILIZE: _ZN20AP_ESC_Telem_Backend17update_telem_dataEhRKNS_13TelemetryDataEt @ 0x64bfb0
STABILIZE: _ZN12AP_ESC_Telem17update_telem_dataEhRKN20AP_ESC_Telem_Backend13TelemetryDataEt @ 0x64c040
STABILIZE: _ZN12AP_ESC_Telem10update_rpmEhff @ 0x64c320
STABILIZE: _ZL3MAXIjjEDTqugtfp_fp0_fp_fp0_ERKT_RKT0_.10200 @ 0x64c480
STABILIZE: _Z16constrain_uint32jjj @ 0xaba2c0
STABILIZE: _Z15constrain_valueIjET_S0_S0_S0_ @ 0xaba330
STABILIZE: _ZN17AP_ESC_Telem_SITLC2Ev @ 0x64c500
STABILIZE: _ZN20AP_ESC_Telem_BackendC2Ev @ 0x64c550
STABILIZE: _ZNK14AP_BoardConfig15get_safety_maskEv @ 0xaba3d0
STABILIZE: _ZN7HALSITL7RCInputC2Ev @ 0xaba660
STABILIZE: _ZN6AP_HAL7RCInputC2Ev @ 0xaba6d0
STABILIZE: _ZN7HALSITL7RCInput4initEv @ 0x64c5c0
STABILIZE: _ZN7HALSITL7RCInput9new_inputEv @ 0x64c610
STABILIZE: _ZN7HALSITL7RCInput12num_channelsEv @ 0x64c670
STABILIZE: _ZN7HALSITL7RCInput4readEh @ 0x64c6d0
STABILIZE: _ZN13AP_RCProtocol4readEh @ 0x64c980
STABILIZE: _ZN21AP_RCProtocol_Backend4readEh @ 0x64ca10
STABILIZE: _ZN13AP_RCProtocol12num_channelsEv @ 0x64ca70
STABILIZE: _ZNK21AP_RCProtocol_Backend12num_channelsEv @ 0x64caf0
STABILIZE: _ZN13AP_RCProtocol9new_inputEv @ 0x64cb40
STABILIZE: _ZN13AP_RCProtocol21detect_async_protocolENS_12rcprotocol_tE @ 0x64cd00
STABILIZE: _ZNK13AP_RCProtocol10using_uartEv @ 0xaba8c0
STABILIZE: _ZN13AP_RCProtocol17announce_detectedEv @ 0x64ce20
STABILIZE: _ZNK13AP_RCProtocol22detected_protocol_nameEv @ 0x64cee0
STABILIZE: _ZN13AP_RCProtocol27protocol_name_from_protocolENS_12rcprotocol_tE @ 0x64cf30
STABILIZE: _ZN13AP_RCProtocol4initEv @ 0x64d100
STABILIZE: _ZN20AP_RCProtocol_PPMSumC2ER13AP_RCProtocol @ 0xaba920
STABILIZE: _ZN18AP_RCProtocol_IBUSCI221AP_RCProtocol_BackendER13AP_RCProtocol @ 0xaba9a0
STABILIZE: _ZN17AP_RCProtocol_DSMC2ER13AP_RCProtocol @ 0xabaa40
STABILIZE: _ZN18AP_RCProtocol_SUMDC2ER13AP_RCProtocol @ 0xabaae0
STABILIZE: _ZN18AP_RCProtocol_SRXLC2ER13AP_RCProtocol @ 0xabab80
STABILIZE: _ZN18AP_RCProtocol_ST24C2ER13AP_RCProtocol @ 0xabac90
STABILIZE: _ZN22AP_RCProtocol_DroneCANC2ER13AP_RCProtocol @ 0xabad30
STABILIZE: _ZN26AP_RCProtocol_MAVLinkRadioCI221AP_RCProtocol_BackendER13AP_RCProtocol @ 0xabadd0
STABILIZE: _ZN17AP_RCProtocol_UDPCI221AP_RCProtocol_BackendER13AP_RCProtocol @ 0xabae50
STABILIZE: _ZN17AP_RCProtocol_FDMCI221AP_RCProtocol_BackendER13AP_RCProtocol @ 0xabaef0
STABILIZE: _ZN17AP_RCProtocol_UDP15set_fdm_backendEP17AP_RCProtocol_FDM @ 0xabaf70
STABILIZE: _ZN21AP_RCProtocol_BackendC2ER13AP_RCProtocol @ 0x64d8b0
STABILIZE: _ZN17AP_RCProtocol_FDM6updateEv @ 0x64d950
STABILIZE: _ZN21AP_RCProtocol_Backend9add_inputEhPtbss @ 0x64db30
STABILIZE: _ZL3MINIhiEDTqultfp_fp0_fp_fp0_ERKT_RKT0_.20159 @ 0x64dc90
STABILIZE: _ZN13AP_RCProtocol19set_failsafe_activeEb @ 0xabb290
STABILIZE: _ZN21AP_RCProtocol_Backend6updateEv @ 0xabb3a0
STABILIZE: _ZN17AP_RCProtocol_UDP6updateEv @ 0x64dd10
STABILIZE: _ZN17AP_RCProtocol_UDP4initEv @ 0x64de50
STABILIZE: _ZN17AP_RCProtocol_UDP21read_all_socket_inputEv @ 0x64df70
STABILIZE: _ZN16SocketAPM_native4recvEPvmj @ 0x64e210
STABILIZE: _ZN16SocketAPM_native6pollinEj @ 0x64e440
STABILIZE: _ZNK16SocketAPM_native11get_read_fdEv @ 0xabb4d0
STABILIZE: _ZNK16SocketAPM_native11set_cloexecEv @ 0x64e610
STABILIZE: _ZN17AP_RCProtocol_UDP28set_default_pwm_input_valuesEv @ 0x64e6a0
STABILIZE: _ZN18AP_RCProtocol_GHSTC2ER13AP_RCProtocol @ 0x64e940
STABILIZE: _ZL3MINIhhEDTqultfp_fp0_fp_fp0_ERKT_RKT0_.8277 @ 0x64ea20
STABILIZE: _ZN18AP_RCProtocol_GHST10LinkStatusC2Ev @ 0xabb5f0
STABILIZE: _ZN18AP_RCProtocol_GHST6updateEv @ 0x64eca0
STABILIZE: _ZN3GCS23get_sensor_status_flagsERjS0_S0_ @ 0x650960
STABILIZE: _ZN3GCS26update_sensor_status_flagsEv @ 0x650a20
STABILIZE: _ZNK7AP_AHRS11initialisedEv @ 0x6511e0
STABILIZE: _ZNK7AP_Baro13num_instancesEv @ 0xabbb60
STABILIZE: _ZNK6AP_GPS10is_healthyEv @ 0xabbbb0
STABILIZE: _ZNK14AP_BattMonitor13num_instancesEv @ 0xabbc10
STABILIZE: _ZNK14AP_BattMonitor7healthyEv @ 0x651310
STABILIZE: _ZNK17AP_InertialSensor11calibratingEv @ 0x651400
STABILIZE: _ZNK9AP_Logger15logging_enabledEv @ 0x6514d0
STABILIZE: _ZNK6AP_GPS15logging_presentEv @ 0xabbc60
STABILIZE: _ZNK6AP_GPS15logging_enabledEv @ 0xabbcd0
STABILIZE: _ZNK6AP_GPS14logging_failedEv @ 0x6515a0
STABILIZE: _ZNK7AP_AHRS12get_ekf_typeEv @ 0xabbd40
STABILIZE: _ZNK8AC_Fence18sys_status_enabledEv @ 0x651680
STABILIZE: _ZNK8AC_Fence18sys_status_presentEv @ 0x651720
STABILIZE: _ZNK8AC_Fence17sys_status_failedEv @ 0x651780
STABILIZE: _ZNK11AP_Airspeed7enabledEv @ 0xabbda0
STABILIZE: _ZNK11AP_Airspeed3useEv @ 0xabbe00
STABILIZE: _ZN2AP11opticalflowEv @ 0x6518d0
STABILIZE: _ZNK14AP_OpticalFlow7healthyEv @ 0xabbeb0
STABILIZE: _ZN2AP6armingEv @ 0x651910
STABILIZE: _ZNK11RC_Channels22has_ever_seen_rc_inputEv @ 0xabbf30
STABILIZE: _ZN9AP_Arming13get_singletonEv @ 0x651950
STABILIZE: _ZN14AP_OpticalFlow13get_singletonEv @ 0xabbf90
STABILIZE: _ZN15AP_AHRS_Backend23airspeed_sensor_enabledEv @ 0xabbfd0
STABILIZE: _ZN2AP8airspeedEv @ 0x651990
STABILIZE: _ZNK8AC_Fence12get_breachesEv @ 0xabc060
STABILIZE: _ZNK7AP_EnumIN8AC_Fence6ActionEEcvKS1_Ev @ 0xabc0b0
STABILIZE: _ZNK14AP_BattMonitor7healthyEh @ 0x651a50
STABILIZE: _ZN14AP_RCTelemetryC2Eh @ 0xabc100
STABILIZE: _ZNK6AP_GPS8num_satsEv @ 0xabc2c0
STABILIZE: _ZNK6AP_GPS8num_satsEh @ 0xabc320
STABILIZE: _ZNK14AP_BattMonitor7voltageEh @ 0x652740
STABILIZE: _ZNK14AP_BattMonitor12current_ampsERfh @ 0x6527e0
STABILIZE: _ZNK14AP_BattMonitor12consumed_mahERfh @ 0x6528d0
STABILIZE: _ZNK7Compass17calculate_headingERK7Matrix3IfE @ 0xabc390
STABILIZE: _ZNK7Compass17calculate_headingERK7Matrix3IfEh @ 0x652a50
STABILIZE: _ZN2AP9fwversionEv @ 0x652cd0
STABILIZE: _ZN12AP_FWVersion10get_fwverzEv @ 0xabc570
STABILIZE: _ZN14AP_RCTelemetryUt0_C2Ev @ 0xabc910
STABILIZE: _ZN12ObjectBufferI22__mavlink_statustext_tEC2Ej @ 0xabc980
STABILIZE: _ZN9AP_Logger14WriteStreamingEPKcS1_S1_z @ 0x6535f0
STABILIZE: _ZN22AP_RCProtocol_DroneCANUt_C2Ev @ 0xabcc50
STABILIZE: _ZN22AP_RCProtocol_DroneCAN6updateEv @ 0x653850
STABILIZE: _ZN19AP_RCProtocol_FPortC2ER13AP_RCProtocolb @ 0x6539a0
STABILIZE: _ZN19AP_RCProtocol_FPortUt0_C2Ev @ 0xabcdf0
STABILIZE: _ZN10SoftSerialC2EjNS_13serial_configE @ 0x653a70
STABILIZE: _ZN14AP_Frsky_Telem4initEb @ 0x6549c0
STABILIZE: _ZNK16AP_SerialManager11find_serialENS_14SerialProtocolEh @ 0x654c40
STABILIZE: _ZN8AP_Param5flushEv @ 0x657eb0
STABILIZE: _ZN15ObjectBuffer_TSIN8AP_Param10param_saveEE9availableEv @ 0xabdf70
STABILIZE: _ZN2AP3srvEv @ 0x657f90
STABILIZE: _ZN12SRV_Channels4corkEv @ 0x657fd0
STABILIZE: _ZN12SRV_Channels4pushEv @ 0x658030
STABILIZE: _ZN16AP_Volz_Protocol6updateEv @ 0x6581e0
STABILIZE: _ZN10AP_SBusOut6updateEv @ 0x6584b0
STABILIZE: _ZN15AP_RobotisServo6updateEv @ 0x658630
STABILIZE: _ZN16AP_FETtecOneWire6updateEv @ 0x6588a0
STABILIZE: _ZN2AP6kdecanEv @ 0x658b90
STABILIZE: _ZN9AP_KDECAN6updateEv @ 0x658bd0
STABILIZE: _ZN12SRV_Channels12find_channelEN11SRV_Channel8FunctionERh @ 0x6595b0
STABILIZE: _ZN11SRV_Channel8calc_pwmEf @ 0x659680
STABILIZE: _ZN9AP_KDECAN13get_singletonEv @ 0xabec80
STABILIZE: _ZN16AP_FETtecOneWire4initEv @ 0x65b340
STABILIZE: _ZN16AP_FETtecOneWire9init_uartEv @ 0x65c910
STABILIZE: _ZN13AP_ParamTBaseIsL11ap_var_type2EE15set_and_defaultERKs @ 0xabf4c0
STABILIZE: _ZN15AP_RobotisServo4initEv @ 0x65cca0
STABILIZE: _ZN10AP_SBusOut4initEv @ 0x65dbd0
STABILIZE: _ZN16AP_Volz_Protocol4initEv @ 0x65e190
STABILIZE: _ZN12SRV_Channels13get_singletonEv @ 0xabf6e0
STABILIZE: _ZNK10AP_Mission21get_current_nav_indexEv @ 0xabfa70
STABILIZE: _ZNK7AP_AHRS13wind_estimateEv @ 0xabfaf0
STABILIZE: _ZN10AP_Terrain20height_above_terrainERfb @ 0x661600
STABILIZE: _ZNK10AP_Terrain6statusEv @ 0xabfb50
STABILIZE: _ZNK7AP_AHRS11groundspeedEv @ 0xabfc90
STABILIZE: _ZN7AP_Baro14get_climb_rateEv @ 0x661b10
STABILIZE: _ZN16DerivativeFilterIfLh7EE5slopeEv @ 0xabfd30
STABILIZE: _ZNK11RangeFinder15distance_orientE8Rotation @ 0x661b80
STABILIZE: _ZNK14AP_BattMonitor7voltageEv @ 0xac0800
STABILIZE: _Z14float_to_int16f @ 0x663590
STABILIZE: _ZNK7AP_AHRS11get_yaw_degEv @ 0xac0850
STABILIZE: _ZNK7AP_AHRS28get_relative_position_D_homeERf @ 0x663710
STABILIZE: _ZNK8Location9get_alt_mENS_8AltFrameERf @ 0x6638b0
STABILIZE: _ZNK7AP_AHRS11_get_originER8Location @ 0x663960
STABILIZE: _ZNK7AP_AHRS11_get_originENS_7EKFTypeER8Location @ 0x663a40
STABILIZE: _ZNK7NavEKF312getOriginLLHER8Location @ 0x663c50
STABILIZE: _ZNK16AP_AHRS_External10get_originER8Location @ 0x663dd0
STABILIZE: _ZN14AP_Frsky_TelemC2Ev @ 0x664460
STABILIZE: _ZN20AP_RCProtocol_FPort2C2ER13AP_RCProtocolb @ 0x665590
STABILIZE: _ZN18AP_RCProtocol_CRSFC2ER13AP_RCProtocol @ 0x665fd0
STABILIZE: _ZL3MINIhhEDTqultfp_fp0_fp_fp0_ERKT_RKT0_.8243 @ 0x666100
STABILIZE: _ZN18AP_RCProtocol_CRSF10LinkStatusC2Ev @ 0xac0bf0
STABILIZE: _ZN18AP_RCProtocol_CRSF6updateEv @ 0x666500
STABILIZE: _ZN13AP_CRSF_Telem13get_singletonEv @ 0x666b30
STABILIZE: _ZN13AP_CRSF_TelemC2Ev @ 0x667440
STABILIZE: _ZN13AP_CRSF_Telem12ScriptedMenuC2Ev @ 0xac10c0
STABILIZE: _ZN12ObjectBufferIN13AP_CRSF_Telem22ScriptedParameterWriteEEC2Ej @ 0xac1110
STABILIZE: _ZN13AP_CRSF_TelemUt_C2Ev @ 0xac11e0
STABILIZE: _ZN13AP_CRSF_TelemUt0_C2Ev @ 0xac1230
STABILIZE: _ZN13AP_CRSF_Telem13queue_messageE12MAV_SEVERITYPKc @ 0x667580
STABILIZE: _ZN13AP_CRSF_Telem4initEv @ 0x667620
STABILIZE: _ZN2AP3vtxEv @ 0x669ce0
STABILIZE: _ZNK10AP_VideoTX11get_enabledEv @ 0xac1510
STABILIZE: _ZN2AP10crsf_telemEv @ 0x66a2d0
STABILIZE: _ZN10AP_VideoTX13get_singletonEv @ 0xac1c30
STABILIZE: _ZNK7AP_AHRS12get_roll_radEv @ 0xac1c70
STABILIZE: _ZNK7AP_AHRS13get_pitch_radEv @ 0xac1cc0
STABILIZE: _ZNK8AP_Param15copy_name_tokenERKNS_10ParamTokenEPcmb @ 0x66bde0
STABILIZE: _ZNK8AP_Param19find_var_info_tokenERKNS_10ParamTokenEPjRPKNS_9GroupInfoERNS_12GroupNestingEPh @ 0x66bf50
STABILIZE: _ZN19AP_RCProtocol_SRXL2C2ER13AP_RCProtocol @ 0x66fd60
STABILIZE: _ZN19AP_RCProtocol_SRXL26updateEv @ 0x6700f0
STABILIZE: _Z11crc16_ccittPKhjt @ 0x670cb0
STABILIZE: _ZNK14AP_BattMonitor15get_temperatureERfh @ 0x6731d0
STABILIZE: _ZN2AP3rtcEv @ 0x6732a0
STABILIZE: _ZNK6AP_RTC12get_utc_usecERm @ 0x6733c0
STABILIZE: _ZN6AP_RTC13get_singletonEv @ 0xac28d0
STABILIZE: _ZN2AP9esc_telemEv @ 0x673720
STABILIZE: _ZNK12AP_ESC_Telem7get_rpmEhRf @ 0x6738c0
STABILIZE: _ZL3MINIffEDTqultfp_fp0_fp_fp0_ERKT_RKT0_.10179 @ 0x673a60
STABILIZE: _ZNVK20AP_ESC_Telem_Backend13TelemetryData5staleEv @ 0x673b50
STABILIZE: _ZN12AP_ESC_Telem13get_singletonEv @ 0x673bd0
STABILIZE: _ZN17AP_RCProtocol_DSM6updateEv @ 0x6770e0
STABILIZE: _ZN18AP_RCProtocol_SBUSC2ER13AP_RCProtocolbj @ 0x677c90
STABILIZE: _ZN7HALSITL9SchedulerC2EPNS_10SITL_StateE @ 0x6788e0
STABILIZE: _ZN6AP_HAL9SchedulerC2Ev @ 0xac3050
STABILIZE: _ZN7HALSITL9Scheduler4initEv @ 0x678970
STABILIZE: _ZN7HALSITL9Scheduler5delayEt @ 0x6789d0
STABILIZE: _ZN7HALSITL9Scheduler18delay_microsecondsEt @ 0x678ac0
STABILIZE: _ZN6AP_HAL9Scheduler24delay_microseconds_boostEt @ 0xac30b0
STABILIZE: _ZN6AP_HAL9Scheduler15expect_delay_msEj @ 0xac3120
STABILIZE: _ZN6AP_HAL9Scheduler9boost_endEv @ 0xac31c0
STABILIZE: _ZN6AP_HAL9Scheduler23register_delay_callbackEPFvvEt @ 0x678bc0
STABILIZE: _ZNK6AP_HAL9Scheduler17in_delay_callbackEv @ 0xac3210
STABILIZE: _ZN7HALSITL9Scheduler22register_timer_processE7FunctorIvJEE @ 0x678c40
STABILIZE: _ZN7HALSITL9Scheduler19register_io_processE7FunctorIvJEE @ 0x678d60
STABILIZE: _ZN7HALSITL9Scheduler23register_timer_failsafeEPFvvEj @ 0x678e80
STABILIZE: _ZN7HALSITL9Scheduler22set_system_initializedEv @ 0x678ef0
STABILIZE: _ZN7HALSITL9Scheduler21is_system_initializedEv @ 0xac3270
STABILIZE: _ZN7HALSITL9Scheduler10stop_clockEm @ 0x679030
STABILIZE: _ZNK7HALSITL9Scheduler14in_main_threadEv @ 0x6790d0
STABILIZE: _ZN6AP_HAL9Scheduler13call_delay_cbEv @ 0x679160
STABILIZE: _ZN7HALSITL9Scheduler13thread_createE7FunctorIvJEEPKcjN6AP_HAL9Scheduler13priority_baseEa @ 0x679200
STABILIZE: _ZL3MAXImjEDTqugtfp_fp0_fp_fp0_ERKT_RKT0_ @ 0x679540
STABILIZE: _ZN7HALSITL9Scheduler24thread_create_trampolineEPv @ 0x6795d0
STABILIZE: _ZN7FunctorIvJEEeqERKS0_ @ 0xac3380
STABILIZE: _ZN7HALSITL10SITL_State10wait_clockEm @ 0x679790
STABILIZE: _ZNK4SITL8Aircraft11get_speedupEv @ 0xac3420
STABILIZE: _ZNK7HALSITL9Scheduler28semaphore_wait_hack_requiredEv @ 0x679940
STABILIZE: _ZN7HALSITL10SITL_State15_fdm_input_stepEv @ 0x6799c0
STABILIZE: _ZN7HALSITL10SITL_State16_fdm_input_localEv @ 0x679b10
STABILIZE: _ZNK7HALSITL9Scheduler22interrupts_are_blockedEv @ 0xac3470
STABILIZE: _ZN7HALSITL9Scheduler17sitl_begin_atomicEv @ 0xac34d0
STABILIZE: _ZN7HALSITL9Scheduler11timer_eventEv @ 0xac3530
STABILIZE: _ZN7HALSITL9Scheduler15sitl_end_atomicEv @ 0x679cb0
STABILIZE: _ZN7HALSITL10SITL_State16_update_airspeedEf @ 0x679d50
STABILIZE: _ZN7HALSITL10SITL_State19_update_rangefinderEv @ 0x67a0c0
STABILIZE: _ZNK7HALSITL10SITL_State18_sonar_pin_voltageEv @ 0x67a120
STABILIZE: _ZN7AP_Baro24get_EAS2TAS_for_alt_amslEf @ 0x67a290
STABILIZE: _ZL2sqf.13649 @ 0x67a310
STABILIZE: _ZN7AP_Baro28get_air_density_for_alt_amslEf @ 0x67a360
STABILIZE: _ZL3MAXIffEDTqugtfp_fp0_fp_fp0_ERKT_RKT0_.2214 @ 0x67a530
STABILIZE: _ZN7HALSITL9Scheduler16_run_timer_procsEv @ 0x67a5b0
STABILIZE: _ZN7HALSITL10SITL_State17_simulator_servosER10sitl_input @ 0x67a6b0
STABILIZE: _ZN4SITL11JSON_Master7receiveER10sitl_input @ 0x67b340
STABILIZE: _ZN7HALSITL10SITL_State22multicast_servo_updateER10sitl_input @ 0x67b7e0
STABILIZE: _ZN4SITL8Aircraft11update_homeEv @ 0x67b8c0
STABILIZE: _ZN4SITL8Aircraft12update_modelERK10sitl_input @ 0x67ba20
STABILIZE: _ZN4SITL8Aircraft8fill_fdmERNS_8sitl_fdmE @ 0x67bac0
STABILIZE: _ZN7HALSITL8CANIface14num_interfacesEv @ 0xac3570
STABILIZE: _ZNK4SITL8Aircraft20get_position_relhomeEv @ 0x67c690
STABILIZE: _ZN4SITL11JSON_Master4sendERKNS_8sitl_fdmERK7Vector3IdE @ 0x67c750
STABILIZE: _ZN7HALSITL17SITL_State_Common10sim_updateEv @ 0x67c9f0
STABILIZE: _ZN7HALSITL10SITL_State14set_height_aglEv @ 0x67d240
STABILIZE: _ZNK4SITL8Aircraft12get_locationEv @ 0xac35b0
STABILIZE: _ZNK4SITL8Aircraft15get_velocity_efEv @ 0xac3600
STABILIZE: _ZN4SITL3GPS6updateEv @ 0x67e610
STABILIZE: _ZN4SITL12SerialDevice17init_sitl_pointerEv @ 0x67fd60
STABILIZE: _ZN4SITL3GPS24check_backend_allocationEv @ 0x67fdf0
STABILIZE: _ZN4SITL3GPS16interpolate_dataERKNS_8GPS_DataEj @ 0x680400
STABILIZE: _ZL3MAXIifEDTqugtfp_fp0_fp_fp0_ERKT_RKT0_.14372 @ 0x680d90
STABILIZE: _ZN4SITL9GPS_UBloxCI2NS_11GPS_BackendEERNS_3GPSEh @ 0xac3650
STABILIZE: _ZN4SITL11GPS_BackendC2ERNS_3GPSEh @ 0x680e20
STABILIZE: _ZNK4SITL11GPS_Backend11device_baudEv @ 0xac3c20
STABILIZE: _ZN4SITL11GPS_Backend11update_readEv @ 0x680f10
STABILIZE: _ZNK4SITL11GPS_Backend18write_to_autopilotEPKcm @ 0x681260
STABILIZE: _ZNK4SITL11GPS_Backend19read_from_autopilotEPcm @ 0x6812e0
STABILIZE: _ZN4SITL11GPS_Backend8gps_timeEv @ 0x681d80
STABILIZE: _ZNK7Vector2IdE6lengthEv @ 0xac3e40
STABILIZE: _ZN4SITL11GPS_Backend18simulation_timevalEP7timeval @ 0x6826b0
STABILIZE: _ZN4SITL9GPS_UBlox7publishEPKNS_8GPS_DataE @ 0x685580
STABILIZE: _Z4normIddJdEEdT_T0_DpKT1_ @ 0xac44e0
STABILIZE: _ZL7degreesf.14460 @ 0x686050
STABILIZE: _ZN4SITL9GPS_UBlox8send_ubxEhPht @ 0x686580
STABILIZE: _ZL3MAXIiiEDTqugtfp_fp0_fp_fp0_ERKT_RKT0_.14461 @ 0x686750
STABILIZE: _ZNK7Vector3IfE6is_nanEv @ 0xac4560
STABILIZE: _ZN7Matrix3IfE6rotateERK7Vector3IfE @ 0xac4630
STABILIZE: _ZN7Matrix3IfEpLERKS0_ @ 0xac4850
STABILIZE: _ZNK7Matrix3IfEplERKS0_ @ 0xac48e0
STABILIZE: _Z2sqIdJddEEdT_DpKT0_ @ 0xac4a00
STABILIZE: _ZNK11QuaternionTIfE8to_eulerERfS1_S1_ @ 0xac4aa0
STABILIZE: _ZNK11QuaternionTIfE13get_euler_yawEv @ 0xac4bb0
STABILIZE: _ZNK7Vector3IdEplERKS0_ @ 0xac55b0
STABILIZE: _ZN7Vector3IdEpLERKS0_ @ 0xac5650
STABILIZE: _ZN7Matrix3IdEC2Ev @ 0xac56f0
STABILIZE: _ZN7Matrix3IdE10from_eulerEddd @ 0xac5770
STABILIZE: _ZNK7Matrix3IdEmlERK7Vector3IdE @ 0xac5930
STABILIZE: _ZNK11QuaternionTIfEmlERK7Vector3IfE @ 0xac5c30
STABILIZE: _ZNK7Vector3IdEmiERKS0_ @ 0xac6120
STABILIZE: _Z11wrap_360_cdf @ 0x690200
STABILIZE: _ZNK7Vector3IdE6lengthEv @ 0xac6280
STABILIZE: _ZN7Vector3IdE4zeroEv @ 0xac62e0
STABILIZE: _ZNK4SITL8Aircraft7get_dcmEv @ 0xac6420
STABILIZE: _ZNK7Matrix3IfE10transposedEv @ 0xac6470
STABILIZE: _ZN7Matrix3IfE9normalizeEv @ 0xac6640
STABILIZE: _ZNK8Location22get_distance_NE_doubleERKS_ @ 0x6937b0
STABILIZE: _ZN7Vector3IdE2xyEv @ 0xac6910
STABILIZE: _ZN7Vector2IdEpLERKS0_ @ 0xac6960
STABILIZE: _ZN4SITL8Aircraft14smooth_sensorsEv @ 0x693d10
STABILIZE: _ZL7degreesf.16169 @ 0x694700
STABILIZE: _ZNK7Matrix3IfE8to_eulerEPfS1_S1_ @ 0xac69e0
STABILIZE: _ZNK7AP_EnumI8RotationEcvKS0_Ev @ 0xac6b00
STABILIZE: _ZN7Matrix3IfE13from_rotationE8Rotation @ 0xac6b50
STABILIZE: _ZN4SITL8Aircraft11set_speedupEf @ 0x694760
STABILIZE: _ZNK8HAL_SITL32get_uart_output_full_queue_countEv @ 0x6947d0
STABILIZE: _ZN4SITL8Aircraft16setup_frame_timeEff @ 0x694830
STABILIZE: _ZNK4SITL8Aircraft16get_wall_time_usEv @ 0x694910
STABILIZE: _ZN7Matrix3IfE9transposeEv @ 0xac6c70
STABILIZE: _ZNK7Vector3IdEdvEd @ 0xac6ce0
STABILIZE: _ZNK11QuaternionTIfEdvERKS0_ @ 0xac6d80
STABILIZE: _ZNK11QuaternionTIfE7is_zeroEv @ 0xac6fd0
STABILIZE: _ZN4SITL8Aircraft12time_advanceEv @ 0x694990
STABILIZE: _ZN4SITL8Aircraft15sync_frame_timeEv @ 0x694a30
STABILIZE: _ZN9AP_Logger14WriteStreamingEPKcS1_S1_S1_S1_z @ 0x694d30
STABILIZE: _ZL3MAXI9AP_ParamTIfL11ap_var_type4EEdEDTqugtfp_fp0_fp_fp0_ERKT_RKT0_.13490 @ 0x6950a0
STABILIZE: _Z21calc_lowpass_alpha_dtff @ 0x695140
STABILIZE: _ZL3MAXIfiEDTqugtfp_fp0_fp_fp0_ERKT_RKT0_.13491 @ 0x695270
STABILIZE: _ZNK4SITL16FETtecOneWireESC7enabledEv @ 0xac70a0
STABILIZE: _ZNK4SITL4Volz7enabledEv @ 0xac7110
STABILIZE: _ZN7HALSITL17SITL_State_Common22update_voltage_currentER10sitl_inputf @ 0x695540
STABILIZE: _ZN7HALSITL10SITL_StateC2Ev @ 0xac7310
STABILIZE: _ZN7HALSITL10SITL_State4initEiPKPc @ 0x695790
STABILIZE: _ZN7HALSITL10SITL_State19_parse_command_lineEiPKPc @ 0x695830
STABILIZE: _ZNK7HALSITL10SITL_State20_set_signal_handlersEv @ 0x696700
STABILIZE: _ZN10GetOptLong9getoptionEv @ 0x696880
STABILIZE: _ZN11ObjectArrayIN8AP_Param21defaults_table_structEE4pushERKS1_ @ 0xac7660
STABILIZE: _ZN4SITL8Aircraft12set_instanceEh @ 0xac7740
STABILIZE: _ZN4SITL8Aircraft16set_autotest_dirEPKc @ 0xac77d0
STABILIZE: _ZN8HAL_SITL25set_storage_posix_enabledEb @ 0xac7830
STABILIZE: _ZN8HAL_SITL25set_storage_flash_enabledEb @ 0xac7890
STABILIZE: _ZN8HAL_SITL24set_storage_fram_enabledEb @ 0xac78f0
STABILIZE: _ZN8AP_Param9erase_allEv @ 0x697810
STABILIZE: _ZN8HAL_SITL16set_wipe_storageEb @ 0xac7950
STABILIZE: _ZN7HALSITL10SITL_State11_sitl_setupEv @ 0x697880
STABILIZE: _ZN4SITL8Aircraft10set_buzzerEPNS_6BuzzerE @ 0xac7a50
STABILIZE: _ZN4SITL8Aircraft11set_sprayerEPNS_7SprayerE @ 0xac7ab0
STABILIZE: _ZN4SITL8Aircraft17set_gripper_servoEPNS_13Gripper_ServoE @ 0xac7b10
STABILIZE: _ZN4SITL8Aircraft15set_gripper_epmEPNS_11Gripper_EPME @ 0xac7b70
STABILIZE: _ZN4SITL8Aircraft13set_parachuteEPNS_9ParachuteE @ 0xac7bd0
STABILIZE: _ZN4SITL8Aircraft12set_preclandEPNS_12SIM_PreclandE @ 0x697b60
STABILIZE: _ZN4SITL3I2C4initEv @ 0x697c30
STABILIZE: _ZN4SITL8Aircraft7set_i2cEPNS_3I2CE @ 0xac7c30
STABILIZE: _ZN4SITL10IS31FL319514set_product_idEh @ 0x697db0
STABILIZE: _ZNK4SITL8Aircraft12get_home_yawEv @ 0xac7c90
STABILIZE: _ZN4SITL12SIM_Precland20set_default_locationEffs @ 0x697e20
STABILIZE: _ZN8AP_Param18eeprom_write_checkEPKvth @ 0x697f70
STABILIZE: _ZN8AP_Param14write_sentinalEt @ 0x698000
STABILIZE: _ZN13AP_Filesystem9load_fileEPKc @ 0x6980a0
STABILIZE: _ZN4SITL11MultiCopter6createEPKc @ 0xac7f80
STABILIZE: _ZN4SITL8AircraftC2EPKc @ 0x698310
STABILIZE: _ZN4SITL8Aircraft18set_start_locationERK8Locationf @ 0x6986d0
STABILIZE: _ZN4SITL8Aircraft19set_interface_portsEPKcii @ 0xac8f40
STABILIZE: _ZN4SITL8Aircraft10set_configEPKc @ 0xac8fb0
STABILIZE: _ZNK4SITL8Aircraft22rangefinder_beam_widthEv @ 0xac9010
STABILIZE: _ZNK4SITL8Aircraft45perpendicular_distance_to_rangefinder_surfaceEv @ 0x698c90
STABILIZE: _ZNK4SITL8Aircraft9on_groundEv @ 0x698d80
STABILIZE: _ZNK4SITL8Aircraft4haglEv @ 0x698df0
STABILIZE: _ZNK4SITL8Aircraft24ground_height_differenceEv @ 0x698ec0
STABILIZE: _ZN4SITL8Aircraft15update_dynamicsERK7Vector3IfE @ 0x699730
STABILIZE: _ZN4SITL8Aircraft23update_external_payloadERK10sitl_input @ 0x69a7b0
STABILIZE: _ZN4SITL8Aircraft15update_positionEv @ 0x69ac40
STABILIZE: _ZN4SITL8Aircraft11update_windERK10sitl_input @ 0x69add0
STABILIZE: _ZN4SITL8Aircraft19update_mag_field_bfEv @ 0x69b260
STABILIZE: _ZNK8Location23get_distance_NED_doubleERKS_ @ 0x69b650
STABILIZE: _ZN4SITL8Aircraft17get_local_updraftERK7Vector3IdE @ 0x69b770
STABILIZE: _ZN7Vector2IdEmIERKS0_ @ 0xac9060
STABILIZE: _ZNK4SITL7Sprayer10is_enabledEv @ 0xac90f0
STABILIZE: _ZN4SITL3I2C6updateERKNS_8AircraftE @ 0x69c030
STABILIZE: _ZNK4SITL6Buzzer10is_enabledEv @ 0xac91a0
STABILIZE: _ZNK4SITL13Gripper_Servo10is_enabledEv @ 0xac9200
STABILIZE: _ZNK4SITL11Gripper_EPM10is_enabledEv @ 0xac92c0
STABILIZE: _ZNK4SITL9Parachute10is_enabledEv @ 0xac9370
STABILIZE: _ZNK4SITL12SIM_Precland10is_enabledEv @ 0xac93d0
STABILIZE: _ZN4SITL7ShipSim6updateEv @ 0x69d000
STABILIZE: _ZNK4SITL7ShipSim12get_locationER8Location @ 0x69d960
STABILIZE: _ZNK10DigitalLPFIfE3getEv @ 0xac96a0
STABILIZE: _ZN4SITL16FETtecOneWireESC3ESCUt_C2Ev @ 0xaca3f0
STABILIZE: _ZN8Location16change_alt_frameENS_8AltFrameE @ 0x6a2780
STABILIZE: _ZNK7Vector3IdE14length_squaredEv @ 0xacb480
STABILIZE: _ZNK7Vector3IdEmlERKS0_ @ 0xacb5f0
STABILIZE: _ZNK7AP_AHRS11get_EAS2TASEv @ 0x6a3060
STABILIZE: _ZL2sqf.16184 @ 0x6a30f0
STABILIZE: _ZN4SITL8Aircraft19update_eas_airspeedEv @ 0x6a3140
STABILIZE: _ZN4SITL7ShipSim27get_ground_speed_adjustmentERK8LocationRf @ 0x6a32d0
STABILIZE: _ZN4SITL15SlungPayloadSim6updateERK7Vector3IdERKS1_IfES7_S7_ @ 0x6a35f0
STABILIZE: _ZN4SITL9TetherSim6updateERK8Location @ 0x6a3780
STABILIZE: _ZN4SITL8Aircraft17adjust_frame_timeEf @ 0x6a38f0
STABILIZE: _ZNK7Vector3IdE7is_zeroEv @ 0xacb7a0
STABILIZE: _ZN7Vector3IfE2xyEv @ 0xacb850
STABILIZE: _ZN7Vector2IfE4zeroEv @ 0xacb8a0
STABILIZE: _ZN7Vector3IfEmIERKS0_ @ 0xacb900
STABILIZE: _ZNK7Vector3IfE9projectedERKS0_ @ 0xacba70
STABILIZE: _ZL7radiansi.16189 @ 0x6a6880
STABILIZE: _ZNK9AP_ParamTIfL11ap_var_type4EEplERKS1_ @ 0xacbbb0
STABILIZE: _ZL3MINIffEDTqultfp_fp0_fp_fp0_ERKT_RKT0_.6539 @ 0x6a7990
STABILIZE: _ZN13LowPassFilterIfE20set_cutoff_frequencyERKf @ 0xacc2d0
STABILIZE: _ZN13LowPassFilterIfE5applyERKfS2_ @ 0xacc340
STABILIZE: _ZN10ServoModelC2Ev @ 0xacc3e0
STABILIZE: _ZN4SITL7BatteryC2Ev @ 0xacc460
STABILIZE: _ZN4SITL8AircraftUt1_C2Ev @ 0xacc4e0
STABILIZE: _ZN4SITL7BatteryUt_C2Ev @ 0xacc590
STABILIZE: _ZN13LowPassFilterIfEC2ERKf @ 0xacc5f0
STABILIZE: _ZN10DigitalLPFIfEC2Ev @ 0xacc670
STABILIZE: _ZN13LowPassFilterIfEC2Ev @ 0xacc6c0
STABILIZE: _ZN15LowPassFilter2pIfEC2Ev @ 0xacc710
STABILIZE: _ZN19DigitalBiquadFilterIfEC2Ev @ 0xacc780
STABILIZE: _Z11is_positived @ 0xacca50
STABILIZE: _ZN4SITL8Aircraft16add_shove_forcesER7Vector3IfES3_ @ 0x6b5280
STABILIZE: _ZN7Vector3IfEmLERKS0_ @ 0xacd190
STABILIZE: _ZN7Vector3IfE9normalizeEv @ 0xacd230
STABILIZE: _ZN7Matrix3IfE8identityEv @ 0xacd290
STABILIZE: _ZN7Matrix3IfE4zeroEv @ 0xacd520
STABILIZE: _ZN8AP_Param18load_defaults_fileEPKcb @ 0x6b7530
STABILIZE: _ZN8AP_Param22count_defaults_in_fileEPKcRt @ 0x6b7800
STABILIZE: _ZN8AP_Param24read_param_defaults_fileEPKcbRt @ 0x6b7940
STABILIZE: _ZN8AP_Param16parse_param_lineEPcPS0_RfRb @ 0x6b7bc0
STABILIZE: _ZN8AP_Param9set_floatEf11ap_var_type @ 0x6b7d80
STABILIZE: _ZN13AP_Filesystem4readEiPvj @ 0x6ba150
STABILIZE: _ZN7Vector3IdEmIERKS0_ @ 0xad74b0
STABILIZE: _ZL7radiansd.16474 @ 0x6c76c0
STABILIZE: _ZN4SITL11MultiCopterC2EPKc @ 0x6cf000
STABILIZE: _ZN4SITL5Frame10find_frameEPKc @ 0x6cf120
STABILIZE: _ZN4SITL5Frame4initEPKcPNS_7BatteryE @ 0x6cf210
STABILIZE: _ZNK4SITL5Frame8get_massEv @ 0xad7a40
STABILIZE: _ZNK4SITL5Frame15get_air_densityEf @ 0x6d0740
STABILIZE: _ZL2sqf.21180 @ 0x6d07a0
STABILIZE: _ZN4SITL7Battery5setupEfff @ 0x6d07f0
STABILIZE: _ZN4SITL5Motor12setup_paramsEttfffffffff7Vector3IfES2_fff @ 0x6d0880
STABILIZE: _ZL7radiansf.21286 @ 0x6d0b40
STABILIZE: _ZN4SITL11MultiCopter6updateERK10sitl_input @ 0x6d0ff0
STABILIZE: _ZN4SITL11MultiCopter16calculate_forcesERK10sitl_inputR7Vector3IfES6_ @ 0x6d1150
STABILIZE: _ZN4SITL8Aircraft5Clamp7clampedERS0_RK10sitl_input @ 0x6d1270
STABILIZE: _ZN4SITL5Frame19current_and_voltageERfS1_ @ 0x6d1480
STABILIZE: _ZN4SITL7Battery11set_currentEf @ 0x6d15c0
STABILIZE: _ZL3MAXIifEDTqugtfp_fp0_fp_fp0_ERKT_RKT0_.21086 @ 0x6d1850
STABILIZE: _ZN4SITL7Battery12init_voltageEf @ 0x6d1a50
STABILIZE: _ZNK4SITL7Battery11get_voltageEv @ 0x6d1ae0
STABILIZE: _ZNK4SITL5Motor11get_currentEv @ 0x6d1b40
STABILIZE: _ZN10DigitalLPFIfE5resetERKf @ 0xad7a90
STABILIZE: _ZN4SITL7Battery15set_initial_SoCEf @ 0x6d1b90
STABILIZE: _ZN4SITL5Frame16calculate_forcesERKNS_8AircraftERK10sitl_inputR7Vector3IfES9_Pfb @ 0x6d1d20
STABILIZE: _ZN4SITL8Aircraft16add_twist_forcesER7Vector3IfE @ 0x6d2410
STABILIZE: _ZN4SITL8Aircraft19add_external_forcesER7Vector3IfE @ 0x6d2650
STABILIZE: _ZNK4SITL15SlungPayloadSim21get_forces_on_vehicleER7Vector3IfE @ 0x6d2840
STABILIZE: _ZNK4SITL9TetherSim21get_forces_on_vehicleER7Vector3IfE @ 0x6d28e0
STABILIZE: _ZNK4SITL8Aircraft8get_gyroEv @ 0xad7b00
STABILIZE: _ZNK4SITL8Aircraft19get_velocity_air_efEv @ 0xad7b50
STABILIZE: _ZN4SITL5Motor16calculate_forcesERK10sitl_inputhR7Vector3IfES6_RKS5_S8_ffb @ 0x6d2980
STABILIZE: _ZL7radiansd.21190 @ 0x6d35c0
STABILIZE: _ZNK4SITL8Aircraft10gross_massEv @ 0xad7bf0
STABILIZE: _ZNK4SITL5Motor14pwm_to_commandEf @ 0x6d3610
STABILIZE: _ZL3MAXIifEDTqugtfp_fp0_fp_fp0_ERKT_RKT0_.21285 @ 0x6d36e0
STABILIZE: _ZNK4SITL5Motor11calc_thrustEffff @ 0x6d3770
STABILIZE: _ZL3MAXIfdEDTqugtfp_fp0_fp_fp0_ERKT_RKT0_.21287 @ 0x6d3ae0
STABILIZE: _ZL2sqf.21288 @ 0x6d3b80
STABILIZE: _ZN4SITL11JSON_Master11socket_listC2Ev @ 0xad7d30
STABILIZE: _ZNK11ObjectArrayIN8AP_Param21defaults_table_structEE5spaceEv @ 0xad7da0
STABILIZE: _ZN10GetOptLongC2EiPKPcPKcPKNS_6optionE @ 0x6d8460
STABILIZE: _ZN7HALSITL17SITL_State_CommonC2Ev @ 0xad7e00
STABILIZE: _ZN11ObjectArrayIN8AP_Param21defaults_table_structEEC2Et @ 0xad7eb0
STABILIZE: _ZN7VectorNIN7HALSITL10SITL_State13readings_windELh50EEC2Ev @ 0xad7f80
STABILIZE: _ZN4SITL11JSON_MasterC2Ev @ 0xad8010
STABILIZE: _ZN7HALSITL7StorageC2Ev @ 0xad8060
STABILIZE: _ZN6AP_HAL7StorageC2Ev @ 0xad81b0
STABILIZE: _ZN7BitmaskILt2048EEC2Ev @ 0xad8210
STABILIZE: _ZN7FunctorIbJhjPKhtEE4bindIN7HALSITL7StorageEXadL_ZNS5_17_flash_write_dataEhjS1_tEEEES2_PT_ @ 0xad8260
STABILIZE: _ZN7FunctorIbJhjPhtEE4bindIN7HALSITL7StorageEXadL_ZNS4_16_flash_read_dataEhjS0_tEEEES1_PT_ @ 0xad82c0
STABILIZE: _ZN7FunctorIbJhEE4bindIN7HALSITL7StorageEXadL_ZNS3_19_flash_erase_sectorEhEEEES0_PT_ @ 0xad8320
STABILIZE: _ZN7FunctorIbJEE4bindIN7HALSITL7StorageEXadL_ZNS3_15_flash_erase_okEvEEEES0_PT_ @ 0xad8380
STABILIZE: _ZN10AP_RAMTRONC2Ev @ 0xad83e0
STABILIZE: _ZN15AP_FlashStorageC2EPhj7FunctorIbJhjPKhtEES1_IbJhjS0_tEES1_IbJhEES1_IbJEE @ 0x6d8610
STABILIZE: _ZN7FunctorIbJEEC2EPvPFbS1_E @ 0xad84e0
STABILIZE: _ZN7FunctorIbJhjPhtEEC2EPvPFbS2_hjS0_tE @ 0xad8730
STABILIZE: _ZN7FunctorIbJhjPKhtEEC2EPvPFbS3_hjS1_tE @ 0xad88c0
STABILIZE: _ZN7BitmaskILt2048EE8clearallEv @ 0xad8b70
STABILIZE: _ZN6AP_HAL7Storage5eraseEv @ 0x6d9ec0
STABILIZE: _ZN7HALSITL7Storage10read_blockEPvtm @ 0x6d9fa0
STABILIZE: _ZN7HALSITL7Storage11write_blockEtPKvm @ 0x6da070
STABILIZE: _ZN7HALSITL7Storage11_timer_tickEv @ 0x6da190
STABILIZE: _ZN7HALSITL7Storage7healthyEv @ 0x6da3c0
STABILIZE: _ZNK7BitmaskILt2048EE5emptyEv @ 0xad8c20
STABILIZE: _ZNK7BitmaskILt2048EE3getEt @ 0xad8cc0
STABILIZE: _ZN10AP_RAMTRON5writeEjPKhj @ 0x6da500
STABILIZE: _ZN7BitmaskILt2048EE5clearEt @ 0xad8d90
STABILIZE: _ZNK8HAL_SITL25get_storage_posix_enabledEv @ 0xad8e50
STABILIZE: _ZNK8HAL_SITL25get_storage_flash_enabledEv @ 0xad8eb0
STABILIZE: _ZNK7BitmaskILt2048EE8validateEt @ 0xad8f10
STABILIZE: _ZNK10AP_RAMTRON8get_sizeEv @ 0xad8fa0
STABILIZE: _ZN13WithSemaphoreC2EPN6AP_HAL9SemaphoreEj @ 0x6dab10
STABILIZE: _ZN7HALSITL7Storage13_storage_openEv @ 0x6dab80
STABILIZE: _ZN7HALSITL7Storage11_mark_dirtyEtt @ 0x6dae90
STABILIZE: _ZN7BitmaskILt2048EE3setEt @ 0xad9040
STABILIZE: _ZNK8HAL_SITL24get_storage_fram_enabledEv @ 0xad9100
STABILIZE: _ZN6AP_HAL6Device14read_registersEhPhj @ 0x6dbcf0
STABILIZE: _ZN7FunctorIvJhPhjbEEC2EDn @ 0xad9160
STABILIZE: _ZN7FunctorIvJhPhjbEEneERKS1_ @ 0xad91d0
STABILIZE: _ZL3MINImjEDTqultfp_fp0_fp_fp0_ERKT_RKT0_.19016 @ 0x6dbe30
STABILIZE: _ZN6AP_HAL15get_HAL_mutableEv @ 0x6dbec0
STABILIZE: __cxx_global_var_init.13396 @ 0x5c71d0
STABILIZE: __cxx_global_var_init.1.13397 @ 0x5c7230
STABILIZE: __cxx_global_var_init.13388 @ 0x5c7280
STABILIZE: __cxx_global_var_init.1.13389 @ 0x5c72e0
STABILIZE: __cxx_global_var_init.13381 @ 0x5c7330
STABILIZE: __cxx_global_var_init.1.13382 @ 0x5c7390
STABILIZE: __cxx_global_var_init.13317 @ 0x5c73e0
STABILIZE: __cxx_global_var_init.1.13318 @ 0x5c7440
STABILIZE: __cxx_global_var_init.13288 @ 0x5c7490
STABILIZE: __cxx_global_var_init.1.13289 @ 0x5c74f0
STABILIZE: __cxx_global_var_init.2.13290 @ 0x5c7540
STABILIZE: _ZN22AP_DroneCAN_DNA_Server8DatabaseC2Ev @ 0xad9420
STABILIZE: _ZN7BitmaskILt128EEC2Ev @ 0xad94f0
STABILIZE: _ZN7BitmaskILt128EE8clearallEv @ 0xad9540
STABILIZE: __cxx_global_var_init.13260 @ 0x5c75b0
STABILIZE: __cxx_global_var_init.1.13261 @ 0x5c7610
STABILIZE: __cxx_global_var_init.13199 @ 0x5c7660
STABILIZE: __cxx_global_var_init.1.13200 @ 0x5c76c0
STABILIZE: __cxx_global_var_init.2.13201 @ 0x5c7710
STABILIZE: __cxx_global_var_init.3.13202 @ 0x5c77b0
STABILIZE: __cxx_global_var_init.13170 @ 0x5c7970
STABILIZE: __cxx_global_var_init.1.13171 @ 0x5c79d0
STABILIZE: __cxx_global_var_init.13163 @ 0x5c7a20
STABILIZE: __cxx_global_var_init.1.13164 @ 0x5c7a80
STABILIZE: __cxx_global_var_init.13046 @ 0x5c7ad0
STABILIZE: __cxx_global_var_init.1.13047 @ 0x5c7b30
STABILIZE: __cxx_global_var_init.13018 @ 0x5c7b80
STABILIZE: __cxx_global_var_init.1.13019 @ 0x5c7be0
STABILIZE: __cxx_global_var_init.13013 @ 0x5c7c30
STABILIZE: __cxx_global_var_init.1.13014 @ 0x5c7c90
STABILIZE: __cxx_global_var_init.13005 @ 0x5c7ce0
STABILIZE: __cxx_global_var_init.1.13006 @ 0x5c7d40
STABILIZE: __cxx_global_var_init.12976 @ 0x5c7d90
STABILIZE: __cxx_global_var_init.1.12977 @ 0x5c7df0
STABILIZE: __cxx_global_var_init.12943 @ 0x5c7e40
STABILIZE: __cxx_global_var_init.1.12944 @ 0x5c7ea0
STABILIZE: __cxx_global_var_init.12902 @ 0x5c7ef0
STABILIZE: __cxx_global_var_init.1.12903 @ 0x5c7f50
STABILIZE: __cxx_global_var_init.12874 @ 0x5c7fa0
STABILIZE: __cxx_global_var_init.1.12875 @ 0x5c8000
STABILIZE: __cxx_global_var_init.12833 @ 0x5c8050
STABILIZE: __cxx_global_var_init.1.12834 @ 0x5c80b0
STABILIZE: __cxx_global_var_init.12800 @ 0x5c8100
STABILIZE: __cxx_global_var_init.1.12801 @ 0x5c8160
STABILIZE: __cxx_global_var_init.12788 @ 0x5c81b0
STABILIZE: __cxx_global_var_init.1.12789 @ 0x5c8210
STABILIZE: __cxx_global_var_init.12759 @ 0x5c8260
STABILIZE: __cxx_global_var_init.1.12760 @ 0x5c82c0
STABILIZE: __cxx_global_var_init.12689 @ 0x5c8310
STABILIZE: __cxx_global_var_init.1.12690 @ 0x5c8370
STABILIZE: __cxx_global_var_init.12612 @ 0x5c83c0
STABILIZE: __cxx_global_var_init.1.12613 @ 0x5c8420
STABILIZE: __cxx_global_var_init.12592 @ 0x5c8470
STABILIZE: __cxx_global_var_init.1.12593 @ 0x5c84d0
STABILIZE: __cxx_global_var_init.12584 @ 0x5c8520
STABILIZE: __cxx_global_var_init.1.12585 @ 0x5c8580
STABILIZE: __cxx_global_var_init.12574 @ 0x5c85d0
STABILIZE: __cxx_global_var_init.1.12575 @ 0x5c8630
STABILIZE: __cxx_global_var_init.12563 @ 0x5c8680
STABILIZE: __cxx_global_var_init.1.12564 @ 0x5c86e0
STABILIZE: __cxx_global_var_init.12551 @ 0x5c8730
STABILIZE: __cxx_global_var_init.1.12552 @ 0x5c8790
STABILIZE: __cxx_global_var_init.12517 @ 0x5c87e0
STABILIZE: __cxx_global_var_init.1.12518 @ 0x5c8840
STABILIZE: __cxx_global_var_init.12501 @ 0x5c8890
STABILIZE: __cxx_global_var_init.1.12502 @ 0x5c88f0
STABILIZE: __cxx_global_var_init.12469 @ 0x5c8940
STABILIZE: __cxx_global_var_init.1.12470 @ 0x5c89a0
STABILIZE: __cxx_global_var_init.12417 @ 0x5c89f0
STABILIZE: __cxx_global_var_init.1.12418 @ 0x5c8a50
STABILIZE: __cxx_global_var_init.12379 @ 0x5c8aa0
STABILIZE: __cxx_global_var_init.1.12380 @ 0x5c8b00
STABILIZE: __cxx_global_var_init.12343 @ 0x5c8b50
STABILIZE: __cxx_global_var_init.1.12344 @ 0x5c8bb0
STABILIZE: __cxx_global_var_init.12328 @ 0x5c8c00
STABILIZE: __cxx_global_var_init.1.12329 @ 0x5c8c60
STABILIZE: __cxx_global_var_init.12226 @ 0x5c8cb0
STABILIZE: __cxx_global_var_init.1.12227 @ 0x5c8d10
STABILIZE: __cxx_global_var_init.12176 @ 0x5c8d60
STABILIZE: __cxx_global_var_init.1.12177 @ 0x5c8dc0
STABILIZE: __cxx_global_var_init.12099 @ 0x5c8e10
STABILIZE: __cxx_global_var_init.1.12100 @ 0x5c8e70
STABILIZE: __cxx_global_var_init.12084 @ 0x5c8ec0
STABILIZE: __cxx_global_var_init.1.12085 @ 0x5c8f20
STABILIZE: __cxx_global_var_init.12060 @ 0x5c8f70
STABILIZE: __cxx_global_var_init.1.12061 @ 0x5c8fd0
STABILIZE: __cxx_global_var_init.11970 @ 0x5c9020
STABILIZE: __cxx_global_var_init.1.11971 @ 0x5c9080
STABILIZE: __cxx_global_var_init.11963 @ 0x5c90d0
STABILIZE: __cxx_global_var_init.1.11964 @ 0x5c9130
STABILIZE: __cxx_global_var_init.11944 @ 0x5c9180
STABILIZE: __cxx_global_var_init.1.11945 @ 0x5c91e0
STABILIZE: __cxx_global_var_init.11904 @ 0x5c9230
STABILIZE: __cxx_global_var_init.1.11905 @ 0x5c9290
STABILIZE: __cxx_global_var_init.11887 @ 0x5c92e0
STABILIZE: __cxx_global_var_init.1.11888 @ 0x5c9340
STABILIZE: __cxx_global_var_init.11871 @ 0x5c9390
STABILIZE: __cxx_global_var_init.1.11872 @ 0x5c93f0
STABILIZE: __cxx_global_var_init.11851 @ 0x5c9440
STABILIZE: __cxx_global_var_init.1.11852 @ 0x5c94a0
STABILIZE: __cxx_global_var_init.11813 @ 0x5c94f0
STABILIZE: __cxx_global_var_init.1.11814 @ 0x5c9550
STABILIZE: __cxx_global_var_init.11769 @ 0x5c95a0
STABILIZE: __cxx_global_var_init.1.11770 @ 0x5c9600
STABILIZE: __cxx_global_var_init.11712 @ 0x5c9650
STABILIZE: __cxx_global_var_init.1.11713 @ 0x5c96b0
STABILIZE: __cxx_global_var_init.11561 @ 0x5c9700
STABILIZE: __cxx_global_var_init.1.11562 @ 0x5c9760
STABILIZE: __cxx_global_var_init.11556 @ 0x5c97b0
STABILIZE: __cxx_global_var_init.1.11557 @ 0x5c9810
STABILIZE: __cxx_global_var_init.11549 @ 0x5c9860
STABILIZE: __cxx_global_var_init.1.11550 @ 0x5c98c0
STABILIZE: __cxx_global_var_init.11539 @ 0x5c9910
STABILIZE: __cxx_global_var_init.1.11540 @ 0x5c9970
STABILIZE: __cxx_global_var_init.11528 @ 0x5c99c0
STABILIZE: __cxx_global_var_init.1.11529 @ 0x5c9a20
STABILIZE: __cxx_global_var_init.11510 @ 0x5c9a70
STABILIZE: __cxx_global_var_init.1.11511 @ 0x5c9ad0
STABILIZE: __cxx_global_var_init.11495 @ 0x5c9b20
STABILIZE: __cxx_global_var_init.1.11496 @ 0x5c9b80
STABILIZE: __cxx_global_var_init.11478 @ 0x5c9bd0
STABILIZE: __cxx_global_var_init.1.11479 @ 0x5c9c30
STABILIZE: __cxx_global_var_init.11446 @ 0x5c9c80
STABILIZE: __cxx_global_var_init.1.11447 @ 0x5c9ce0
STABILIZE: __cxx_global_var_init.11418 @ 0x5c9d30
STABILIZE: __cxx_global_var_init.1.11419 @ 0x5c9d90
STABILIZE: __cxx_global_var_init.11388 @ 0x5c9de0
STABILIZE: __cxx_global_var_init.1.11389 @ 0x5c9e40
STABILIZE: __cxx_global_var_init.11377 @ 0x5c9e90
STABILIZE: __cxx_global_var_init.1.11378 @ 0x5c9ef0
STABILIZE: __cxx_global_var_init.11304 @ 0x5c9f40
STABILIZE: __cxx_global_var_init.1.11305 @ 0x5c9fa0
STABILIZE: __cxx_global_var_init.11286 @ 0x5c9ff0
STABILIZE: __cxx_global_var_init.1.11287 @ 0x5ca050
STABILIZE: __cxx_global_var_init.11276 @ 0x5ca0a0
STABILIZE: __cxx_global_var_init.1.11277 @ 0x5ca100
STABILIZE: __cxx_global_var_init.11261 @ 0x5ca150
STABILIZE: __cxx_global_var_init.1.11262 @ 0x5ca1b0
STABILIZE: __cxx_global_var_init.11232 @ 0x5ca200
STABILIZE: __cxx_global_var_init.1.11233 @ 0x5ca260
STABILIZE: __cxx_global_var_init.11173 @ 0x5ca2b0
STABILIZE: __cxx_global_var_init.1.11174 @ 0x5ca310
STABILIZE: __cxx_global_var_init.11135 @ 0x5ca360
STABILIZE: __cxx_global_var_init.1.11136 @ 0x5ca3c0
STABILIZE: __cxx_global_var_init.11122 @ 0x5ca410
STABILIZE: __cxx_global_var_init.1.11123 @ 0x5ca470
STABILIZE: __cxx_global_var_init.11112 @ 0x5ca4c0
STABILIZE: __cxx_global_var_init.1.11113 @ 0x5ca520
STABILIZE: __cxx_global_var_init.10991 @ 0x5ca570
STABILIZE: __cxx_global_var_init.1.10992 @ 0x5ca5d0
STABILIZE: __cxx_global_var_init.10980 @ 0x5ca620
STABILIZE: __cxx_global_var_init.1.10981 @ 0x5ca680
STABILIZE: __cxx_global_var_init.10951 @ 0x5ca6d0
STABILIZE: __cxx_global_var_init.1.10952 @ 0x5ca730
STABILIZE: __cxx_global_var_init.10918 @ 0x5ca780
STABILIZE: __cxx_global_var_init.1.10919 @ 0x5ca7e0
STABILIZE: __cxx_global_var_init.10899 @ 0x5ca830
STABILIZE: __cxx_global_var_init.1.10900 @ 0x5ca890
STABILIZE: __cxx_global_var_init.10860 @ 0x5ca8e0
STABILIZE: __cxx_global_var_init.1.10861 @ 0x5ca940
STABILIZE: __cxx_global_var_init.10841 @ 0x5ca990
STABILIZE: __cxx_global_var_init.1.10842 @ 0x5ca9f0
STABILIZE: __cxx_global_var_init.2.10843 @ 0x5caa40
STABILIZE: __cxx_global_var_init.3.10844 @ 0x5caac0
STABILIZE: __cxx_global_var_init.4.10845 @ 0x5cab40
STABILIZE: __cxx_global_var_init.10828 @ 0x5caba0
STABILIZE: __cxx_global_var_init.1.10829 @ 0x5cac00
STABILIZE: __cxx_global_var_init.10819 @ 0x5cac50
STABILIZE: __cxx_global_var_init.1.10820 @ 0x5cacb0
STABILIZE: __cxx_global_var_init.10814 @ 0x5cad00
STABILIZE: __cxx_global_var_init.1.10815 @ 0x5cad60
STABILIZE: __cxx_global_var_init.10805 @ 0x5cadb0
STABILIZE: __cxx_global_var_init.1.10806 @ 0x5cae10
STABILIZE: __cxx_global_var_init.10785 @ 0x5cae60
STABILIZE: __cxx_global_var_init.1.10786 @ 0x5caec0
STABILIZE: __cxx_global_var_init.10672 @ 0x5caf10
STABILIZE: __cxx_global_var_init.1.10673 @ 0x5caf70
STABILIZE: __cxx_global_var_init.10662 @ 0x5cafc0
STABILIZE: __cxx_global_var_init.1.10663 @ 0x5cb020
STABILIZE: __cxx_global_var_init.10631 @ 0x5cb070
STABILIZE: __cxx_global_var_init.1.10632 @ 0x5cb0d0
STABILIZE: __cxx_global_var_init.10587 @ 0x5cb120
STABILIZE: __cxx_global_var_init.1.10588 @ 0x5cb180
STABILIZE: __cxx_global_var_init.10554 @ 0x5cb1d0
STABILIZE: __cxx_global_var_init.1.10555 @ 0x5cb230
STABILIZE: __cxx_global_var_init.10546 @ 0x5cb280
STABILIZE: __cxx_global_var_init.1.10547 @ 0x5cb2e0
STABILIZE: __cxx_global_var_init.10510 @ 0x5cb330
STABILIZE: __cxx_global_var_init.1.10511 @ 0x5cb390
STABILIZE: __cxx_global_var_init.10478 @ 0x5cb3e0
STABILIZE: __cxx_global_var_init.1.10479 @ 0x5cb440
STABILIZE: __cxx_global_var_init.10442 @ 0x5cb490
STABILIZE: __cxx_global_var_init.1.10443 @ 0x5cb4f0
STABILIZE: __cxx_global_var_init.10417 @ 0x5cb540
STABILIZE: __cxx_global_var_init.1.10418 @ 0x5cb5a0
STABILIZE: __cxx_global_var_init.10385 @ 0x5cb5f0
STABILIZE: __cxx_global_var_init.1.10386 @ 0x5cb650
STABILIZE: __cxx_global_var_init.10366 @ 0x5cb6a0
STABILIZE: __cxx_global_var_init.1.10367 @ 0x5cb700
STABILIZE: __cxx_global_var_init.10283 @ 0x5cb750
STABILIZE: __cxx_global_var_init.1.10284 @ 0x5cb7b0
STABILIZE: __cxx_global_var_init.10248 @ 0x5cb800
STABILIZE: __cxx_global_var_init.1.10249 @ 0x5cb860
STABILIZE: __cxx_global_var_init.10223 @ 0x5cb8b0
STABILIZE: __cxx_global_var_init.1.10224 @ 0x5cb910
STABILIZE: __cxx_global_var_init.2.10225 @ 0x5cb960
STABILIZE: __cxx_global_var_init.10213 @ 0x5cb9b0
STABILIZE: __cxx_global_var_init.1.10214 @ 0x5cba10
STABILIZE: __cxx_global_var_init.10167 @ 0x5cba60
STABILIZE: __cxx_global_var_init.1.10168 @ 0x5cbac0
STABILIZE: __cxx_global_var_init.9.10169 @ 0x5cbb10
STABILIZE: __cxx_global_var_init.10141 @ 0x5cbb60
STABILIZE: __cxx_global_var_init.1.10142 @ 0x5cbbc0
STABILIZE: __cxx_global_var_init.10132 @ 0x5cbc10
STABILIZE: __cxx_global_var_init.1.10133 @ 0x5cbc70
STABILIZE: __cxx_global_var_init.10117 @ 0x5cbcc0
STABILIZE: __cxx_global_var_init.1.10118 @ 0x5cbd20
STABILIZE: __cxx_global_var_init.10110 @ 0x5cbd70
STABILIZE: __cxx_global_var_init.1.10111 @ 0x5cbdd0
STABILIZE: __cxx_global_var_init.10097 @ 0x5cbe20
STABILIZE: __cxx_global_var_init.1.10098 @ 0x5cbe80
STABILIZE: __cxx_global_var_init.10087 @ 0x5cbed0
STABILIZE: __cxx_global_var_init.1.10088 @ 0x5cbf30
STABILIZE: __cxx_global_var_init.10077 @ 0x5cbf80
STABILIZE: __cxx_global_var_init.1.10078 @ 0x5cbfe0
STABILIZE: __cxx_global_var_init.10071 @ 0x5cc030
STABILIZE: __cxx_global_var_init.1.10072 @ 0x5cc090
STABILIZE: __cxx_global_var_init.10064 @ 0x5cc0e0
STABILIZE: __cxx_global_var_init.1.10065 @ 0x5cc140
STABILIZE: __cxx_global_var_init.10055 @ 0x5cc190
STABILIZE: __cxx_global_var_init.1.10056 @ 0x5cc1f0
STABILIZE: __cxx_global_var_init.10048 @ 0x5cc240
STABILIZE: __cxx_global_var_init.1.10049 @ 0x5cc2a0
STABILIZE: __cxx_global_var_init.10041 @ 0x5cc2f0
STABILIZE: __cxx_global_var_init.1.10042 @ 0x5cc350
STABILIZE: __cxx_global_var_init.10008 @ 0x5cc3a0
STABILIZE: __cxx_global_var_init.1.10009 @ 0x5cc400
STABILIZE: __cxx_global_var_init.9985 @ 0x5cc450
STABILIZE: __cxx_global_var_init.1.9986 @ 0x5cc4b0
STABILIZE: __cxx_global_var_init.9963 @ 0x5cc500
STABILIZE: __cxx_global_var_init.1.9964 @ 0x5cc560
STABILIZE: __cxx_global_var_init.9945 @ 0x5cc5b0
STABILIZE: __cxx_global_var_init.1.9946 @ 0x5cc610
STABILIZE: __cxx_global_var_init.9874 @ 0x5cc660
STABILIZE: __cxx_global_var_init.1.9875 @ 0x5cc6c0
STABILIZE: __cxx_global_var_init.9826 @ 0x5cc710
STABILIZE: __cxx_global_var_init.1.9827 @ 0x5cc770
STABILIZE: __cxx_global_var_init.9789 @ 0x5cc7c0
STABILIZE: __cxx_global_var_init.1.9790 @ 0x5cc820
STABILIZE: __cxx_global_var_init.9768 @ 0x5cc870
STABILIZE: __cxx_global_var_init.1.9769 @ 0x5cc8d0
STABILIZE: __cxx_global_var_init.9760 @ 0x5cc920
STABILIZE: __cxx_global_var_init.1.9761 @ 0x5cc980
STABILIZE: __cxx_global_var_init.9746 @ 0x5cc9d0
STABILIZE: __cxx_global_var_init.1.9747 @ 0x5cca30
STABILIZE: __cxx_global_var_init.9687 @ 0x5cca80
STABILIZE: __cxx_global_var_init.1.9688 @ 0x5ccae0
STABILIZE: __cxx_global_var_init.2.9689 @ 0x5ccb30
STABILIZE: __cxx_global_var_init.3.9690 @ 0x5ccb70
STABILIZE: __cxx_global_var_init.4.9691 @ 0x5ccbe0
STABILIZE: __cxx_global_var_init.5.9692 @ 0x5ccc20
STABILIZE: __cxx_global_var_init.6.9693 @ 0x5ccc60
STABILIZE: _ZN21AP_Filesystem_MissionC2Ev @ 0xad95a0
STABILIZE: _ZN21AP_Filesystem_BackendC2Ev @ 0xad9610
STABILIZE: _ZNK15ExpandingString10get_lengthEv @ 0xad9a90
STABILIZE: _ZN15ExpandingStringC2Ev @ 0xad9b80
STABILIZE: _ZN17AP_Filesystem_SysC2Ev @ 0xad9e80
STABILIZE: _ZN17AP_Filesystem_Sys4openEPKcib @ 0x6ddd10
STABILIZE: _ZN17AP_Filesystem_Sys13file_in_sysfsEPKc @ 0x6dea80
STABILIZE: _ZNK15ExpandingString21has_failed_allocationEv @ 0xad9ef0
STABILIZE: _ZN19AP_Filesystem_ParamC2Ev @ 0xada000
STABILIZE: _ZN19AP_Filesystem_Param4openEPKcib @ 0x6df250
STABILIZE: _ZN19AP_Filesystem_Param5closeEi @ 0x6df730
STABILIZE: _ZN19AP_Filesystem_Param4readEiPvj @ 0x6df8a0
STABILIZE: _ZN19AP_Filesystem_Param5lseekEiii @ 0x6e0290
STABILIZE: _ZN19AP_Filesystem_Param4statEPKcP4stat @ 0x6e03e0
STABILIZE: _ZN19AP_Filesystem_Param15check_file_nameEPKc @ 0x6e04b0
STABILIZE: _ZN19AP_Filesystem_Param6headerC2Ev @ 0xada070
STABILIZE: _ZL3MINIjjEDTqultfp_fp0_fp_fp0_ERKT_RKT0_.9753 @ 0x6e0560
STABILIZE: _ZL3MINImjEDTqultfp_fp0_fp_fp0_ERKT_RKT0_.9754 @ 0x6e05e0
STABILIZE: _ZL3MINIhjEDTqultfp_fp0_fp_fp0_ERKT_RKT0_.9755 @ 0x6e08e0
STABILIZE: _ZN19AP_Filesystem_Param10pack_paramERKNS_5rfileERNS_6cursorEPh @ 0x6e0960
STABILIZE: _ZN8AP_Param16invalidate_countEv @ 0x6e0f20
STABILIZE: _ZN8AP_Param9save_syncEbb @ 0x6e1600
STABILIZE: _ZN19AP_Filesystem_ROMFSC2Ev @ 0xada120
STABILIZE: _ZN19AP_Filesystem_ROMFS4statEPKcP4stat @ 0x6e2310
STABILIZE: _ZN8AP_ROMFS9find_fileEPKc @ 0x6e2f20
STABILIZE: _ZN8AP_ROMFS9find_sizeEPKcRj @ 0x6e44f0
STABILIZE: _ZN13AP_FilesystemC2Ev @ 0xada200
STABILIZE: __cxx_global_var_init.9674 @ 0x5ccca0
STABILIZE: __cxx_global_var_init.1.9675 @ 0x5ccd00
STABILIZE: __cxx_global_var_init.9535 @ 0x5ccd50
STABILIZE: __cxx_global_var_init.1.9536 @ 0x5ccdb0
STABILIZE: __cxx_global_var_init.9255 @ 0x5cce00
STABILIZE: __cxx_global_var_init.1.9256 @ 0x5cce60
STABILIZE: __cxx_global_var_init.9220 @ 0x5cceb0
STABILIZE: __cxx_global_var_init.1.9221 @ 0x5ccf10
STABILIZE: __cxx_global_var_init.9210 @ 0x5ccf60
STABILIZE: __cxx_global_var_init.1.9211 @ 0x5ccfc0
STABILIZE: __cxx_global_var_init.9188 @ 0x5cd010
STABILIZE: __cxx_global_var_init.1.9189 @ 0x5cd070
STABILIZE: __cxx_global_var_init.9138 @ 0x5cd0c0
STABILIZE: __cxx_global_var_init.1.9139 @ 0x5cd120
STABILIZE: __cxx_global_var_init.9121 @ 0x5cd170
STABILIZE: __cxx_global_var_init.1.9122 @ 0x5cd1d0
STABILIZE: __cxx_global_var_init.9094 @ 0x5cd220
STABILIZE: __cxx_global_var_init.1.9095 @ 0x5cd280
STABILIZE: __cxx_global_var_init.9051 @ 0x5cd2d0
STABILIZE: __cxx_global_var_init.1.9052 @ 0x5cd330
STABILIZE: __cxx_global_var_init.9022 @ 0x5cd380
STABILIZE: __cxx_global_var_init.1.9023 @ 0x5cd3e0
STABILIZE: __cxx_global_var_init.8993 @ 0x5cd430
STABILIZE: __cxx_global_var_init.1.8994 @ 0x5cd490
STABILIZE: __cxx_global_var_init.8962 @ 0x5cd4e0
STABILIZE: __cxx_global_var_init.1.8963 @ 0x5cd540
STABILIZE: __cxx_global_var_init.8888 @ 0x5cd590
STABILIZE: __cxx_global_var_init.1.8889 @ 0x5cd5f0
STABILIZE: __cxx_global_var_init.2.8890 @ 0x5cd640
STABILIZE: _ZN13StorageAccessC2EN14StorageManager11StorageTypeE @ 0x6e4600
STABILIZE: __cxx_global_var_init.8820 @ 0x5cd680
STABILIZE: __cxx_global_var_init.1.8821 @ 0x5cd6e0
STABILIZE: __cxx_global_var_init.8788 @ 0x5cd730
STABILIZE: __cxx_global_var_init.1.8789 @ 0x5cd790
STABILIZE: __cxx_global_var_init.8757 @ 0x5cd7e0
STABILIZE: __cxx_global_var_init.1.8758 @ 0x5cd840
STABILIZE: __cxx_global_var_init.8747 @ 0x5cd890
STABILIZE: __cxx_global_var_init.1.8748 @ 0x5cd8f0
STABILIZE: __cxx_global_var_init.8734 @ 0x5cd940
STABILIZE: __cxx_global_var_init.1.8735 @ 0x5cd9a0
STABILIZE: __cxx_global_var_init.8723 @ 0x5cd9f0
STABILIZE: __cxx_global_var_init.1.8724 @ 0x5cda50
STABILIZE: __cxx_global_var_init.8686 @ 0x5cdaa0
STABILIZE: __cxx_global_var_init.1.8687 @ 0x5cdb00
STABILIZE: __cxx_global_var_init.8681 @ 0x5cdb50
STABILIZE: __cxx_global_var_init.1.8682 @ 0x5cdbb0
STABILIZE: __cxx_global_var_init.8674 @ 0x5cdc00
STABILIZE: __cxx_global_var_init.1.8675 @ 0x5cdc60
STABILIZE: __cxx_global_var_init.8667 @ 0x5cdcb0
STABILIZE: __cxx_global_var_init.1.8668 @ 0x5cdd10
STABILIZE: __cxx_global_var_init.8655 @ 0x5cdd60
STABILIZE: __cxx_global_var_init.1.8656 @ 0x5cddc0
STABILIZE: __cxx_global_var_init.8649 @ 0x5cde10
STABILIZE: __cxx_global_var_init.1.8650 @ 0x5cde70
STABILIZE: __cxx_global_var_init.8642 @ 0x5cdec0
STABILIZE: __cxx_global_var_init.1.8643 @ 0x5cdf20
STABILIZE: __cxx_global_var_init.8626 @ 0x5cdf70
STABILIZE: __cxx_global_var_init.1.8627 @ 0x5cdfd0
STABILIZE: __cxx_global_var_init.8599 @ 0x5ce020
STABILIZE: __cxx_global_var_init.1.8600 @ 0x5ce080
STABILIZE: __cxx_global_var_init.8592 @ 0x5ce0d0
STABILIZE: __cxx_global_var_init.1.8593 @ 0x5ce130
STABILIZE: __cxx_global_var_init.8578 @ 0x5ce180
STABILIZE: __cxx_global_var_init.1.8579 @ 0x5ce1e0
STABILIZE: __cxx_global_var_init.8573 @ 0x5ce230
STABILIZE: __cxx_global_var_init.1.8574 @ 0x5ce290
STABILIZE: __cxx_global_var_init.8565 @ 0x5ce2e0
STABILIZE: __cxx_global_var_init.1.8566 @ 0x5ce340
STABILIZE: __cxx_global_var_init.8557 @ 0x5ce390
STABILIZE: __cxx_global_var_init.1.8558 @ 0x5ce3f0
STABILIZE: __cxx_global_var_init.8550 @ 0x5ce440
STABILIZE: __cxx_global_var_init.1.8551 @ 0x5ce4a0
STABILIZE: __cxx_global_var_init.8512 @ 0x5ce4f0
STABILIZE: __cxx_global_var_init.1.8513 @ 0x5ce550
STABILIZE: __cxx_global_var_init.8503 @ 0x5ce5a0
STABILIZE: __cxx_global_var_init.1.8504 @ 0x5ce600
STABILIZE: __cxx_global_var_init.8492 @ 0x5ce650
STABILIZE: __cxx_global_var_init.1.8493 @ 0x5ce6b0
STABILIZE: __cxx_global_var_init.8487 @ 0x5ce700
STABILIZE: __cxx_global_var_init.1.8488 @ 0x5ce760
STABILIZE: __cxx_global_var_init.8442 @ 0x5ce7b0
STABILIZE: __cxx_global_var_init.1.8443 @ 0x5ce810
STABILIZE: __cxx_global_var_init.8402 @ 0x5ce860
STABILIZE: __cxx_global_var_init.1.8403 @ 0x5ce8c0
STABILIZE: __cxx_global_var_init.8388 @ 0x5ce910
STABILIZE: __cxx_global_var_init.1.8389 @ 0x5ce970
STABILIZE: __cxx_global_var_init.8383 @ 0x5ce9c0
STABILIZE: __cxx_global_var_init.1.8384 @ 0x5cea20
STABILIZE: __cxx_global_var_init.8361 @ 0x5cea70
STABILIZE: __cxx_global_var_init.1.8362 @ 0x5cead0
STABILIZE: __cxx_global_var_init.8333 @ 0x5ceb20
STABILIZE: __cxx_global_var_init.1.8334 @ 0x5ceb80
STABILIZE: __cxx_global_var_init.8311 @ 0x5cebd0
STABILIZE: __cxx_global_var_init.1.8312 @ 0x5cec30
STABILIZE: __cxx_global_var_init.8299 @ 0x5cec80
STABILIZE: __cxx_global_var_init.1.8300 @ 0x5cece0
STABILIZE: __cxx_global_var_init.8285 @ 0x5ced30
STABILIZE: __cxx_global_var_init.1.8286 @ 0x5ced90
STABILIZE: __cxx_global_var_init.8273 @ 0x5cede0
STABILIZE: __cxx_global_var_init.1.8274 @ 0x5cee40
STABILIZE: __cxx_global_var_init.8266 @ 0x5cee90
STABILIZE: __cxx_global_var_init.1.8267 @ 0x5ceef0
STABILIZE: __cxx_global_var_init.8257 @ 0x5cef40
STABILIZE: __cxx_global_var_init.1.8258 @ 0x5cefa0
STABILIZE: __cxx_global_var_init.8245 @ 0x5ceff0
STABILIZE: __cxx_global_var_init.1.8246 @ 0x5cf050
STABILIZE: __cxx_global_var_init.8207 @ 0x5cf0a0
STABILIZE: __cxx_global_var_init.1.8208 @ 0x5cf100
STABILIZE: __cxx_global_var_init.8184 @ 0x5cf150
STABILIZE: __cxx_global_var_init.1.8185 @ 0x5cf1b0
STABILIZE: __cxx_global_var_init.8159 @ 0x5cf200
STABILIZE: __cxx_global_var_init.1.8160 @ 0x5cf260
STABILIZE: __cxx_global_var_init.8143 @ 0x5cf2b0
STABILIZE: __cxx_global_var_init.1.8144 @ 0x5cf310
STABILIZE: __cxx_global_var_init.8126 @ 0x5cf360
STABILIZE: __cxx_global_var_init.1.8127 @ 0x5cf3c0
STABILIZE: __cxx_global_var_init.8097 @ 0x5cf410
STABILIZE: __cxx_global_var_init.1.8098 @ 0x5cf470
STABILIZE: __cxx_global_var_init.8080 @ 0x5cf4c0
STABILIZE: __cxx_global_var_init.1.8081 @ 0x5cf520
STABILIZE: __cxx_global_var_init.8073 @ 0x5cf570
STABILIZE: __cxx_global_var_init.1.8074 @ 0x5cf5d0
STABILIZE: __cxx_global_var_init.8053 @ 0x5cf620
STABILIZE: __cxx_global_var_init.1.8054 @ 0x5cf680
STABILIZE: __cxx_global_var_init.8029 @ 0x5cf6d0
STABILIZE: __cxx_global_var_init.1.8030 @ 0x5cf730
STABILIZE: __cxx_global_var_init.7952 @ 0x5cf780
STABILIZE: __cxx_global_var_init.1.7953 @ 0x5cf7e0
STABILIZE: __cxx_global_var_init.7932 @ 0x5cf830
STABILIZE: __cxx_global_var_init.1.7933 @ 0x5cf890
STABILIZE: __cxx_global_var_init.7905 @ 0x5cf8e0
STABILIZE: __cxx_global_var_init.1.7906 @ 0x5cf940
STABILIZE: __cxx_global_var_init.7859 @ 0x5cf990
STABILIZE: __cxx_global_var_init.1.7860 @ 0x5cf9f0
STABILIZE: __cxx_global_var_init.52.7861 @ 0x5cfa40
STABILIZE: __cxx_global_var_init.2.7862 @ 0x5cfa90
STABILIZE: __cxx_global_var_init.7829 @ 0x5cfb00
STABILIZE: __cxx_global_var_init.1.7830 @ 0x5cfb60
STABILIZE: __cxx_global_var_init.7809 @ 0x5cfbb0
STABILIZE: __cxx_global_var_init.1.7810 @ 0x5cfc10
STABILIZE: __cxx_global_var_init.11 @ 0x5cfc60
STABILIZE: __cxx_global_var_init.7753 @ 0x5cfcb0
STABILIZE: __cxx_global_var_init.1.7754 @ 0x5cfd10
STABILIZE: __cxx_global_var_init.43 @ 0x5cfd60
STABILIZE: __cxx_global_var_init.7703 @ 0x5cfdb0
STABILIZE: __cxx_global_var_init.1.7704 @ 0x5cfe10
STABILIZE: __cxx_global_var_init.7697 @ 0x5cfe60
STABILIZE: __cxx_global_var_init.1.7698 @ 0x5cfec0
STABILIZE: __cxx_global_var_init.23 @ 0x5cff10
STABILIZE: __cxx_global_var_init.7660 @ 0x5cff60
STABILIZE: __cxx_global_var_init.1.7661 @ 0x5cffc0
STABILIZE: __cxx_global_var_init.7651 @ 0x5d0010
STABILIZE: __cxx_global_var_init.1.7652 @ 0x5d0070
STABILIZE: __cxx_global_var_init.7643 @ 0x5d00c0
STABILIZE: __cxx_global_var_init.1.7644 @ 0x5d0120
STABILIZE: __cxx_global_var_init.7631 @ 0x5d0170
STABILIZE: __cxx_global_var_init.1.7632 @ 0x5d01d0
STABILIZE: __cxx_global_var_init.7619 @ 0x5d0220
STABILIZE: __cxx_global_var_init.1.7620 @ 0x5d0280
STABILIZE: __cxx_global_var_init.7595 @ 0x5d02d0
STABILIZE: __cxx_global_var_init.1.7596 @ 0x5d0330
STABILIZE: __cxx_global_var_init.7586 @ 0x5d0380
STABILIZE: __cxx_global_var_init.1.7587 @ 0x5d03e0
STABILIZE: __cxx_global_var_init.7579 @ 0x5d0430
STABILIZE: __cxx_global_var_init.1.7580 @ 0x5d0490
STABILIZE: __cxx_global_var_init.7516 @ 0x5d04e0
STABILIZE: __cxx_global_var_init.1.7517 @ 0x5d0540
STABILIZE: __cxx_global_var_init.7.7518 @ 0x5d0590
STABILIZE: __cxx_global_var_init.7494 @ 0x5d05e0
STABILIZE: __cxx_global_var_init.1.7495 @ 0x5d0640
STABILIZE: __cxx_global_var_init.7391 @ 0x5d0690
STABILIZE: __cxx_global_var_init.1.7392 @ 0x5d06f0
STABILIZE: __cxx_global_var_init.7365 @ 0x5d0740
STABILIZE: __cxx_global_var_init.1.7366 @ 0x5d07a0
STABILIZE: __cxx_global_var_init.7348 @ 0x5d07f0
STABILIZE: __cxx_global_var_init.1.7349 @ 0x5d0850
STABILIZE: __cxx_global_var_init.7343 @ 0x5d08a0
STABILIZE: __cxx_global_var_init.1.7344 @ 0x5d0900
STABILIZE: __cxx_global_var_init.7335 @ 0x5d0950
STABILIZE: __cxx_global_var_init.1.7336 @ 0x5d09b0
STABILIZE: __cxx_global_var_init.7328 @ 0x5d0a00
STABILIZE: __cxx_global_var_init.1.7329 @ 0x5d0a60
STABILIZE: __cxx_global_var_init.7321 @ 0x5d0ab0
STABILIZE: __cxx_global_var_init.1.7322 @ 0x5d0b10
STABILIZE: __cxx_global_var_init.7314 @ 0x5d0b60
STABILIZE: __cxx_global_var_init.1.7315 @ 0x5d0bc0
STABILIZE: __cxx_global_var_init.7304 @ 0x5d0c10
STABILIZE: __cxx_global_var_init.1.7305 @ 0x5d0c70
STABILIZE: __cxx_global_var_init.2.7306 @ 0x5d0cc0
STABILIZE: __cxx_global_var_init.7295 @ 0x5d0d30
STABILIZE: __cxx_global_var_init.1.7296 @ 0x5d0d90
STABILIZE: __cxx_global_var_init.7288 @ 0x5d0de0
STABILIZE: __cxx_global_var_init.1.7289 @ 0x5d0e40
STABILIZE: __cxx_global_var_init.7255 @ 0x5d0e90
STABILIZE: __cxx_global_var_init.1.7256 @ 0x5d0ef0
STABILIZE: __cxx_global_var_init.7216 @ 0x5d0f40
STABILIZE: __cxx_global_var_init.1.7217 @ 0x5d0fa0
STABILIZE: __cxx_global_var_init.7194 @ 0x5d0ff0
STABILIZE: __cxx_global_var_init.1.7195 @ 0x5d1050
STABILIZE: __cxx_global_var_init.2.7196 @ 0x5d10a0
STABILIZE: _ZN7BitmaskILt190EEC2Ev @ 0xada250
STABILIZE: __cxx_global_var_init.7096 @ 0x5d10e0
STABILIZE: __cxx_global_var_init.1.7097 @ 0x5d1140
STABILIZE: __cxx_global_var_init.7044 @ 0x5d1190
STABILIZE: __cxx_global_var_init.1.7045 @ 0x5d11f0
STABILIZE: __cxx_global_var_init.6920 @ 0x5d1240
STABILIZE: __cxx_global_var_init.1.6921 @ 0x5d12a0
STABILIZE: __cxx_global_var_init.2.6922 @ 0x5d12f0
STABILIZE: _ZN10RC_ChannelC2Ev @ 0x6e46e0
STABILIZE: _ZN10RC_ChannelUt_C2Ev @ 0xada2a0
STABILIZE: _ZN10RC_Channel17init_aux_functionENS_8AUX_FUNCENS_12AuxSwitchPosE @ 0x6e47d0
STABILIZE: _ZN9AP_Camera13get_singletonEv @ 0xada5a0
STABILIZE: _ZNK7NavEKF317option_is_enabledENS_6OptionE @ 0xada7e0
STABILIZE: _ZNK6AP_DAL6millisEv @ 0xada860
STABILIZE: _ZNK12NavEKF3_core19getLastPosDownResetERf @ 0x6e8070
STABILIZE: _ZNK12NavEKF3_core24getLastPosNorthEastResetER7Vector2IfE @ 0x6e80e0
STABILIZE: _ZNK7Vector2IdEmiERKS0_ @ 0xada970
STABILIZE: _ZNK12NavEKF3_core20getLastYawResetAngleERf @ 0x6e8170
STABILIZE: _ZNK12NavEKF3_core14getEulerAnglesER7Vector3IfE @ 0x6e81e0
STABILIZE: _ZNK11QuaternionTIdE8to_eulerER7Vector3IfE @ 0xadaa00
STABILIZE: _ZNK6AP_DAL8get_trimEv @ 0xadaa80
STABILIZE: _ZNK11QuaternionTIdE8to_eulerERfS1_S1_ @ 0xadaae0
STABILIZE: _ZNK11QuaternionTIdE14get_euler_rollEv @ 0xadaba0
STABILIZE: _ZNK11QuaternionTIdE15get_euler_pitchEv @ 0xadac50
STABILIZE: _ZNK11QuaternionTIdE13get_euler_yawEv @ 0xadacd0
STABILIZE: _Z9safe_asinIdEfT_ @ 0xadad80
STABILIZE: _ZNK12NavEKF3_core20assume_zero_sideslipEv @ 0x6e8340
STABILIZE: _ZN6AP_DAL8airspeedEv @ 0xadae60
STABILIZE: _ZNK6AP_DAL15get_fly_forwardEv @ 0xadaf00
STABILIZE: _ZN19RestrictIDTypeArrayIP17CompassCalibratorLj3E14typesafe_indexIh12TAG_PriorityEEixERKS4_ @ 0xadb080
STABILIZE: _ZNK7Compass10option_setENS_6OptionE @ 0xadb100
STABILIZE: _ZN2AP6cameraEv @ 0x6f1410
STABILIZE: _ZNK6AP_GPS15time_epoch_usecEv @ 0xadb990
STABILIZE: _ZN3GCS12send_messageE10ap_message @ 0x6f2a30
STABILIZE: _ZNK6AP_GPS15time_epoch_usecEh @ 0x6f2ae0
STABILIZE: _ZNK14AP_GPS_Backend16get_last_itow_msEv @ 0x6f2c50
STABILIZE: _ZN6AP_GPS23istate_time_to_epoch_msEtj @ 0x6f2d10
STABILIZE: _ZN11SRV_Channel14set_output_pwmEtb @ 0x6f3610
STABILIZE: _ZN10AC_Sprayer3runEb @ 0x6f3700
STABILIZE: _ZN7AP_ADSB13check_startupEv @ 0x6f4880
STABILIZE: _ZNK7Vector2IfE6is_nanEv @ 0xadca40
STABILIZE: _ZN13AP_ParamTBaseIiL11ap_var_type3EE14set_and_notifyERKi @ 0xadcb50
STABILIZE: _ZN8AP_Relay19set_pin_by_instanceEhb @ 0x7008d0
STABILIZE: _ZNK8AP_Relay7get_pinEs @ 0x700aa0
STABILIZE: _ZN9AP_Logger5WriteEPKcS1_S1_S1_S1_z @ 0x700cf0
STABILIZE: _ZN2AP7gripperEv @ 0x7013a0
STABILIZE: _ZNK10AP_Gripper7enabledEv @ 0xadd630
STABILIZE: _ZN10AP_Gripper13get_singletonEv @ 0x7014e0
STABILIZE: _ZN10RC_Channel16run_aux_functionENS_8AUX_FUNCENS_12AuxSwitchPosENS_14AuxFuncTrigger6SourceEt @ 0x701520
STABILIZE: _ZN11RC_Channels14set_aux_cachedEN10RC_Channel8AUX_FUNCENS0_12AuxSwitchPosE @ 0x7016c0
STABILIZE: _ZN7BitmaskILt634EE8setonoffEtb @ 0xadd690
STABILIZE: _ZN7BitmaskILt634EE3setEt @ 0xadd730
STABILIZE: _ZN7BitmaskILt634EE5clearEt @ 0xadd7f0
STABILIZE: _ZNK7BitmaskILt634EE8validateEt @ 0xadd8b0
STABILIZE: __cxx_global_var_init.6909 @ 0x5d1330
STABILIZE: __cxx_global_var_init.1.6910 @ 0x5d1390
STABILIZE: __cxx_global_var_init.6878 @ 0x5d13e0
STABILIZE: __cxx_global_var_init.1.6879 @ 0x5d1440
STABILIZE: __cxx_global_var_init.6843 @ 0x5d1490
STABILIZE: __cxx_global_var_init.1.6844 @ 0x5d14f0
STABILIZE: __cxx_global_var_init.2.6845 @ 0x5d1540
STABILIZE: _ZN11GCS_MAVLINK15LastRadioStatusC2Ev @ 0xadd940
STABILIZE: __cxx_global_var_init.6676 @ 0x5d1580
STABILIZE: __cxx_global_var_init.1.6677 @ 0x5d15e0
STABILIZE: __cxx_global_var_init.6646 @ 0x5d1630
STABILIZE: __cxx_global_var_init.1.6647 @ 0x5d1690
STABILIZE: __cxx_global_var_init.6636 @ 0x5d16e0
STABILIZE: __cxx_global_var_init.1.6637 @ 0x5d1740
STABILIZE: __cxx_global_var_init.2.6638 @ 0x5d1790
STABILIZE: __cxx_global_var_init.6624 @ 0x5d17d0
STABILIZE: __cxx_global_var_init.1.6625 @ 0x5d1830
STABILIZE: __cxx_global_var_init.2.6626 @ 0x5d1880
STABILIZE: __cxx_global_var_init.3.6627 @ 0x5d1900
STABILIZE: _ZN12ObjectBufferIN11GCS_MAVLINK19pending_param_replyEEC2Ej @ 0xadd990
STABILIZE: _ZN12ObjectBufferIN11GCS_MAVLINK21pending_param_requestEEC2Ej @ 0xaddae0
STABILIZE: __cxx_global_var_init.6607 @ 0x5d1980
STABILIZE: __cxx_global_var_init.1.6608 @ 0x5d19e0
STABILIZE: __cxx_global_var_init.2.6609 @ 0x5d1a30
STABILIZE: __cxx_global_var_init.3.6610 @ 0x5d1ad0
STABILIZE: _ZN15MAVLink_routingC2Ev @ 0x7017d0
STABILIZE: __cxx_global_var_init.6566 @ 0x5d1ba0
STABILIZE: __cxx_global_var_init.1.6567 @ 0x5d1c00
STABILIZE: __cxx_global_var_init.6543 @ 0x5d1c50
STABILIZE: __cxx_global_var_init.1.6544 @ 0x5d1cb0
STABILIZE: __cxx_global_var_init.2.6545 @ 0x5d1d00
STABILIZE: __cxx_global_var_init.6535 @ 0x5d1d50
STABILIZE: __cxx_global_var_init.1.6536 @ 0x5d1db0
STABILIZE: __cxx_global_var_init.6494 @ 0x5d1e00
STABILIZE: __cxx_global_var_init.1.6495 @ 0x5d1e60
STABILIZE: __cxx_global_var_init.6483 @ 0x5d1eb0
STABILIZE: __cxx_global_var_init.1.6484 @ 0x5d1f10
STABILIZE: __cxx_global_var_init.6476 @ 0x5d1f60
STABILIZE: __cxx_global_var_init.1.6477 @ 0x5d1fc0
STABILIZE: __cxx_global_var_init.6463 @ 0x5d2010
STABILIZE: __cxx_global_var_init.1.6464 @ 0x5d2070
STABILIZE: __cxx_global_var_init.6447 @ 0x5d20c0
STABILIZE: __cxx_global_var_init.1.6448 @ 0x5d2120
STABILIZE: __cxx_global_var_init.6423 @ 0x5d2170
STABILIZE: __cxx_global_var_init.1.6424 @ 0x5d21d0
STABILIZE: __cxx_global_var_init.9 @ 0x5d2220
STABILIZE: __cxx_global_var_init.6397 @ 0x5d2270
STABILIZE: __cxx_global_var_init.1.6398 @ 0x5d22d0
STABILIZE: __cxx_global_var_init.6351 @ 0x5d2320
STABILIZE: __cxx_global_var_init.1.6352 @ 0x5d2380
STABILIZE: __cxx_global_var_init.6201 @ 0x5d23d0
STABILIZE: __cxx_global_var_init.1.6202 @ 0x5d2430
STABILIZE: __cxx_global_var_init.111 @ 0x5d2480
STABILIZE: __cxx_global_var_init.6166 @ 0x5d24d0
STABILIZE: __cxx_global_var_init.1.6167 @ 0x5d2530
STABILIZE: __cxx_global_var_init.6082 @ 0x5d2580
STABILIZE: __cxx_global_var_init.1.6083 @ 0x5d25e0
STABILIZE: __cxx_global_var_init.31 @ 0x5d2630
STABILIZE: _ZN7FunctorIvJEE4bindI10AP_GyroFFTXadL_ZNS2_12sample_gyrosEvEEEES0_PT_ @ 0xaddc30
STABILIZE: _ZN7FunctorIvJEE4bindI11AP_AirspeedXadL_ZNS2_6updateEvEEEES0_PT_ @ 0xaddc90
STABILIZE: _ZN7FunctorIvJEE4bindI7CompassXadL_ZNS2_10cal_updateEvEEEES0_PT_ @ 0xaddcf0
STABILIZE: _ZN7FunctorIvJEE4bindI9AP_NotifyXadL_ZNS2_6updateEvEEEES0_PT_ @ 0xaddd50
STABILIZE: _ZN7FunctorIvJEE4bindI14AP_NMEA_OutputXadL_ZNS2_6updateEvEEEES0_PT_ @ 0xadddb0
STABILIZE: _ZN7FunctorIvJEE4bindI10AP_GyroFFTXadL_ZNS2_6updateEvEEEES0_PT_ @ 0xadde10
STABILIZE: _ZN7FunctorIvJEE4bindI10AP_GyroFFTXadL_ZNS2_17update_parametersEvEEEES0_PT_ @ 0xadde70
STABILIZE: _ZN7FunctorIvJEE4bindI10AP_VideoTXXadL_ZNS2_6updateEvEEEES0_PT_ @ 0xadded0
STABILIZE: _ZN7FunctorIvJEE4bindI8AP_TrampXadL_ZNS2_6updateEvEEEES0_PT_ @ 0xaddf30
STABILIZE: _ZN7FunctorIvJEE4bindI10AP_VehicleXadL_ZNS2_30send_watchdog_reset_statustextEvEEEES0_PT_ @ 0xaddf90
STABILIZE: _ZN7FunctorIvJEE4bindI12AP_ESC_TelemXadL_ZNS2_6updateEvEEEES0_PT_ @ 0xaddff0
STABILIZE: _ZN7FunctorIvJEE4bindI14AP_Servo_TelemXadL_ZNS2_6updateEvEEEES0_PT_ @ 0xade050
STABILIZE: _ZN7FunctorIvJEE4bindI12AP_GeneratorXadL_ZNS2_6updateEvEEEES0_PT_ @ 0xade0b0
STABILIZE: _ZN7FunctorIvJEE4bindI14AP_OpenDroneIDXadL_ZNS2_6updateEvEEEES0_PT_ @ 0xade110
STABILIZE: _ZN7FunctorIvJEE4bindI6AP_RPMXadL_ZNS2_6updateEvEEEES0_PT_ @ 0xade170
STABILIZE: _ZN7FunctorIvJEE4bindI10AP_VehicleXadL_ZNS2_16publish_osd_infoEvEEEES0_PT_ @ 0xade1d0
STABILIZE: _ZN7FunctorIvJEE4bindI20AP_TemperatureSensorXadL_ZNS2_6updateEvEEEES0_PT_ @ 0xade230
STABILIZE: _ZN7FunctorIvJEE4bindI10AP_VehicleXadL_ZNS2_16accel_cal_updateEvEEEES0_PT_ @ 0xade290
STABILIZE: _ZN7FunctorIvJEE4bindI8AC_FenceXadL_ZNS2_6updateEvEEEES0_PT_ @ 0xade2f0
STABILIZE: _ZN7FunctorIvJEE4bindI6AP_AISXadL_ZNS2_6updateEvEEEES0_PT_ @ 0xade350
STABILIZE: _ZN7FunctorIvJEE4bindI6AP_EFIXadL_ZNS2_6updateEvEEEES0_PT_ @ 0xade3b0
STABILIZE: _ZN7FunctorIvJEE4bindI10AP_GripperXadL_ZNS2_6updateEvEEEES0_PT_ @ 0xade410
STABILIZE: _ZN7FunctorIvJEE4bindI10AP_VehicleXadL_ZNS2_13one_Hz_updateEvEEEES0_PT_ @ 0xade470
STABILIZE: _ZN7FunctorIvJEE4bindI10AP_VehicleXadL_ZNS2_17check_motor_noiseEvEEEES0_PT_ @ 0xade4d0
STABILIZE: _ZN7FunctorIvJEE4bindI10AP_FiltersXadL_ZNS2_6updateEvEEEES0_PT_ @ 0xade530
STABILIZE: _ZN7FunctorIvJEE4bindI8AP_StatsXadL_ZNS2_6updateEvEEEES0_PT_ @ 0xade590
STABILIZE: _ZN7FunctorIvJEE4bindI10AP_VehicleXadL_ZNS2_13update_armingEvEEEES0_PT_ @ 0xade5f0
STABILIZE: _ZN10AP_Vehicle13update_armingEv @ 0x701820
STABILIZE: _ZN7FunctorIvJEE14method_wrapperI10AP_VehicleXadL_ZNS2_13update_armingEvEEEEvPv @ 0xade650
STABILIZE: _ZN9AP_Arming6updateEv @ 0x701870
STABILIZE: _ZN8AP_Stats6updateEv @ 0x701960
STABILIZE: _ZN7FunctorIvJEE14method_wrapperI8AP_StatsXadL_ZNS2_6updateEvEEEEvPv @ 0xade700
STABILIZE: _ZN8AP_Stats30copy_variables_from_parametersEv @ 0x701b10
STABILIZE: _ZN10AP_Filters6updateEv @ 0x701bd0
STABILIZE: _ZN7FunctorIvJEE14method_wrapperI10AP_FiltersXadL_ZNS2_6updateEvEEEEvPv @ 0xade7b0
STABILIZE: _ZNK7AP_EnumIN9AP_Filter10FilterTypeEEcvKS1_Ev @ 0xade860
STABILIZE: _ZN8AP_Param23load_object_from_eepromEPKvPKNS_9GroupInfoE @ 0x701d70
STABILIZE: _ZN8AP_Param19find_key_by_pointerEPKvRt @ 0x702060
STABILIZE: _ZN8AP_Param14find_by_headerENS_12Param_headerEPPv @ 0x7021b0
STABILIZE: _ZN8AP_Param20reload_defaults_fileEb @ 0x702350
STABILIZE: _ZN8AP_Param34load_defaults_file_from_filesystemEPKcb @ 0x7023e0
STABILIZE: _ZN8AP_Param20find_by_header_groupENS_12Param_headerEPPvtPKNS_9GroupInfoEjhl @ 0x702480
STABILIZE: _ZN8AP_Param25find_key_by_pointer_groupEPKvtPKNS_9GroupInfoElRt @ 0x702760
STABILIZE: _ZN10AP_Vehicle17check_motor_noiseEv @ 0x702d10
STABILIZE: _ZN7FunctorIvJEE14method_wrapperI10AP_VehicleXadL_ZNS2_17check_motor_noiseEvEEEEvPv @ 0xadf060
STABILIZE: _ZNK17NotchFilterParams7enabledEv @ 0xadf340
STABILIZE: _ZN10AP_Vehicle13one_Hz_updateEv @ 0x7033f0
STABILIZE: _ZN7FunctorIvJEE14method_wrapperI10AP_VehicleXadL_ZNS2_13one_Hz_updateEvEEEEvPv @ 0xadf390
STABILIZE: _ZN12AP_Scripting6updateEv @ 0x7034d0
STABILIZE: _ZN16AP_SerialManager20registered_ports_logEv @ 0x703520
STABILIZE: _ZN12AP_Scripting13save_checksumEv @ 0x703600
STABILIZE: _ZN10AP_Gripper6updateEv @ 0x703700
STABILIZE: _ZN7FunctorIvJEE14method_wrapperI10AP_GripperXadL_ZNS2_6updateEvEEEEvPv @ 0xadf4d0
STABILIZE: _ZN6AP_EFI6updateEv @ 0x703870
STABILIZE: _ZN7FunctorIvJEE14method_wrapperI6AP_EFIXadL_ZNS2_6updateEvEEEEvPv @ 0xadf580
STABILIZE: _ZN6AP_AIS6updateEv @ 0x703cf0
STABILIZE: _ZN7FunctorIvJEE14method_wrapperI6AP_AISXadL_ZNS2_6updateEvEEEEvPv @ 0xadf630
STABILIZE: _ZN8AC_Fence6updateEv @ 0x703d40
STABILIZE: _ZN7FunctorIvJEE14method_wrapperI8AC_FenceXadL_ZNS2_6updateEvEEEEvPv @ 0xadf6e0
STABILIZE: _ZN19AC_PolyFence_loader6updateEv @ 0x703e70
STABILIZE: _ZN19AC_PolyFence_loader17load_from_storageEv @ 0x703f60
STABILIZE: _ZN19AC_PolyFence_loader26get_loaded_fence_semaphoreEv @ 0xadf790
STABILIZE: _ZN19AC_PolyFence_loader6unloadEv @ 0x704f10
STABILIZE: _ZN10AP_Vehicle16accel_cal_updateEv @ 0x7053c0
STABILIZE: _ZN7FunctorIvJEE14method_wrapperI10AP_VehicleXadL_ZNS2_16accel_cal_updateEvEEEEvPv @ 0xadf8c0
STABILIZE: _ZN17AP_InertialSensor11acal_updateEv @ 0x705490
STABILIZE: _ZN17AP_InertialSensor12get_new_trimER7Vector3IfE @ 0x705560
STABILIZE: _ZN20AP_TemperatureSensor6updateEv @ 0x706b60
STABILIZE: _ZN7FunctorIvJEE14method_wrapperI20AP_TemperatureSensorXadL_ZNS2_6updateEvEEEEvPv @ 0xadf9c0
STABILIZE: _ZNK20AP_TemperatureSensor8get_typeEh @ 0x706cc0
STABILIZE: _ZN10AP_Vehicle16publish_osd_infoEv @ 0x706e20
STABILIZE: _ZN7FunctorIvJEE14method_wrapperI10AP_VehicleXadL_ZNS2_16publish_osd_infoEvEEEEvPv @ 0xadfb10
STABILIZE: _ZN6AP_OSD12set_nav_infoERNS_7NavInfoE @ 0x706f40
STABILIZE: _ZN6AP_RPM6updateEv @ 0x706fb0
STABILIZE: _ZN7FunctorIvJEE14method_wrapperI6AP_RPMXadL_ZNS2_6updateEvEEEEvPv @ 0xadfbc0
STABILIZE: _ZNK6AP_RPM7Log_RPMEv @ 0x707190
STABILIZE: _ZNK6AP_RPM7enabledEh @ 0x7072b0
STABILIZE: _ZN14AP_OpenDroneID6updateEv @ 0x707360
STABILIZE: _ZN7FunctorIvJEE14method_wrapperI14AP_OpenDroneIDXadL_ZNS2_6updateEvEEEEvPv @ 0xadfce0
STABILIZE: _ZNK6AP_GPS8velocityEv @ 0xae1580
STABILIZE: _ZNK6AP_HAL4Util18was_watchdog_armedEv @ 0xae15e0
STABILIZE: _ZNK7AP_AHRS18groundspeed_vectorEv @ 0xae1660
STABILIZE: _ZNK8Location12check_latlngEv @ 0x70b9f0
STABILIZE: _ZNK6AP_GPS19horizontal_accuracyERf @ 0xae1740
STABILIZE: _ZNK6AP_GPS17vertical_accuracyERf @ 0xae17c0
STABILIZE: _ZNK6AP_GPS14speed_accuracyERf @ 0xae1840
STABILIZE: _ZNK6AP_GPS14speed_accuracyEhRf @ 0x70c050
STABILIZE: _ZNK6AP_GPS17vertical_accuracyEhRf @ 0x70c120
STABILIZE: _ZNK6AP_GPS19horizontal_accuracyEhRf @ 0x70c1f0
STABILIZE: _ZNK6AP_GPS14get_undulationEhRf @ 0x70c2c0
STABILIZE: _ZNK6AP_GPS8velocityEh @ 0xae18c0
STABILIZE: _ZNK3GCS14sysid_this_mavEv @ 0xae1930
STABILIZE: _ZN12AP_Generator6updateEv @ 0x70c390
STABILIZE: _ZN7FunctorIvJEE14method_wrapperI12AP_GeneratorXadL_ZNS2_6updateEvEEEEvPv @ 0xae1990
STABILIZE: _ZN14AP_Servo_Telem6updateEv @ 0x70c400
STABILIZE: _ZN7FunctorIvJEE14method_wrapperI14AP_Servo_TelemXadL_ZNS2_6updateEvEEEEvPv @ 0xae1a40
STABILIZE: _ZN14AP_Servo_Telem9write_logEv @ 0x70c450
STABILIZE: _ZN12AP_ESC_Telem6updateEv @ 0x70c900
STABILIZE: _ZN7FunctorIvJEE14method_wrapperI12AP_ESC_TelemXadL_ZNS2_6updateEvEEEEvPv @ 0xae1af0
STABILIZE: _ZN6AP_HAL15timeout_expiredIjjmEEbT_T0_T1_ @ 0xae1ba0
STABILIZE: _ZN10AP_Vehicle30send_watchdog_reset_statustextEv @ 0x70ce10
STABILIZE: _ZN7FunctorIvJEE14method_wrapperI10AP_VehicleXadL_ZNS2_30send_watchdog_reset_statustextEvEEEEvPv @ 0xae1c20
STABILIZE: _ZN8AP_Tramp6updateEv @ 0x70cf70
STABILIZE: _ZN7FunctorIvJEE14method_wrapperI8AP_TrampXadL_ZNS2_6updateEvEEEEvPv @ 0xae1cd0
STABILIZE: _ZN10AP_VideoTX6updateEv @ 0x70df50
STABILIZE: _ZN7FunctorIvJEE14method_wrapperI10AP_VideoTXXadL_ZNS2_6updateEvEEEEvPv @ 0xae1f00
STABILIZE: _ZN10AP_GyroFFT17update_parametersEv @ 0xae1fb0
STABILIZE: _ZN7FunctorIvJEE14method_wrapperI10AP_GyroFFTXadL_ZNS2_17update_parametersEvEEEEvPv @ 0xae2000
STABILIZE: _ZN10AP_GyroFFT17update_parametersEb @ 0x70e180
STABILIZE: _ZN10AP_GyroFFT6updateEv @ 0x70e520
STABILIZE: _ZN7FunctorIvJEE14method_wrapperI10AP_GyroFFTXadL_ZNS2_6updateEvEEEEvPv @ 0xae20b0
STABILIZE: _ZN14AP_NMEA_Output6updateEv @ 0x70e6b0
STABILIZE: _ZN7FunctorIvJEE14method_wrapperI14AP_NMEA_OutputXadL_ZNS2_6updateEvEEEEvPv @ 0xae2160
STABILIZE: _ZN7FunctorIvJEE14method_wrapperI9AP_NotifyXadL_ZNS2_6updateEvEEEEvPv @ 0xae2210
STABILIZE: _ZN7Compass10cal_updateEv @ 0x70f720
STABILIZE: _ZN7FunctorIvJEE14method_wrapperI7CompassXadL_ZNS2_10cal_updateEvEEEEvPv @ 0xae22c0
STABILIZE: _ZN11AP_Airspeed6updateEv @ 0x710090
STABILIZE: _ZN7FunctorIvJEE14method_wrapperI11AP_AirspeedXadL_ZNS2_6updateEvEEEEvPv @ 0xae23d0
STABILIZE: _ZNK11AP_Airspeed11get_primaryEv @ 0xae2560
STABILIZE: _ZN10AP_GyroFFT12sample_gyrosEv @ 0x712340
STABILIZE: _ZN7FunctorIvJEE14method_wrapperI10AP_GyroFFTXadL_ZNS2_12sample_gyrosEvEEEEvPv @ 0xae25b0
STABILIZE: __cxx_global_var_init.6024 @ 0x5d2fc0
STABILIZE: __cxx_global_var_init.1.6025 @ 0x5d3020
STABILIZE: __cxx_global_var_init.5997 @ 0x5d3070
STABILIZE: __cxx_global_var_init.1.5998 @ 0x5d30d0
STABILIZE: __cxx_global_var_init.5975 @ 0x5d3120
STABILIZE: __cxx_global_var_init.1.5976 @ 0x5d3180
STABILIZE: __cxx_global_var_init.5965 @ 0x5d31d0
STABILIZE: __cxx_global_var_init.1.5966 @ 0x5d3230
STABILIZE: __cxx_global_var_init.5954 @ 0x5d3280
STABILIZE: __cxx_global_var_init.1.5955 @ 0x5d32e0
STABILIZE: __cxx_global_var_init.5935 @ 0x5d3330
STABILIZE: __cxx_global_var_init.1.5936 @ 0x5d3390
STABILIZE: __cxx_global_var_init.5888 @ 0x5d33e0
STABILIZE: __cxx_global_var_init.1.5889 @ 0x5d3440
STABILIZE: __cxx_global_var_init.5867 @ 0x5d3490
STABILIZE: __cxx_global_var_init.1.5868 @ 0x5d34f0
STABILIZE: __cxx_global_var_init.5858 @ 0x5d3540
STABILIZE: __cxx_global_var_init.1.5859 @ 0x5d35a0
STABILIZE: __cxx_global_var_init.5851 @ 0x5d35f0
STABILIZE: __cxx_global_var_init.1.5852 @ 0x5d3650
STABILIZE: __cxx_global_var_init.5811 @ 0x5d36a0
STABILIZE: __cxx_global_var_init.1.5812 @ 0x5d3700
STABILIZE: __cxx_global_var_init.5797 @ 0x5d3750
STABILIZE: __cxx_global_var_init.1.5798 @ 0x5d37b0
STABILIZE: __cxx_global_var_init.5792 @ 0x5d3800
STABILIZE: __cxx_global_var_init.1.5793 @ 0x5d3860
STABILIZE: __cxx_global_var_init.5785 @ 0x5d38b0
STABILIZE: __cxx_global_var_init.1.5786 @ 0x5d3910
STABILIZE: __cxx_global_var_init.5778 @ 0x5d3960
STABILIZE: __cxx_global_var_init.1.5779 @ 0x5d39c0
STABILIZE: __cxx_global_var_init.5768 @ 0x5d3a10
STABILIZE: __cxx_global_var_init.1.5769 @ 0x5d3a70
STABILIZE: __cxx_global_var_init.5763 @ 0x5d3ac0
STABILIZE: __cxx_global_var_init.1.5764 @ 0x5d3b20
STABILIZE: __cxx_global_var_init.5753 @ 0x5d3b70
STABILIZE: __cxx_global_var_init.1.5754 @ 0x5d3bd0
STABILIZE: __cxx_global_var_init.5746 @ 0x5d3c20
STABILIZE: __cxx_global_var_init.1.5747 @ 0x5d3c80
STABILIZE: __cxx_global_var_init.5740 @ 0x5d3cd0
STABILIZE: __cxx_global_var_init.1.5741 @ 0x5d3d30
STABILIZE: __cxx_global_var_init.5725 @ 0x5d3d80
STABILIZE: __cxx_global_var_init.1.5726 @ 0x5d3de0
STABILIZE: __cxx_global_var_init.5716 @ 0x5d3e30
STABILIZE: __cxx_global_var_init.1.5717 @ 0x5d3e90
STABILIZE: __cxx_global_var_init.5694 @ 0x5d3ee0
STABILIZE: __cxx_global_var_init.1.5695 @ 0x5d3f40
STABILIZE: __cxx_global_var_init.5687 @ 0x5d3f90
STABILIZE: __cxx_global_var_init.1.5688 @ 0x5d3ff0
STABILIZE: __cxx_global_var_init.5680 @ 0x5d4040
STABILIZE: __cxx_global_var_init.1.5681 @ 0x5d40a0
STABILIZE: __cxx_global_var_init.5667 @ 0x5d40f0
STABILIZE: __cxx_global_var_init.1.5668 @ 0x5d4150
STABILIZE: __cxx_global_var_init.5658 @ 0x5d41a0
STABILIZE: __cxx_global_var_init.1.5659 @ 0x5d4200
STABILIZE: __cxx_global_var_init.5649 @ 0x5d4250
STABILIZE: __cxx_global_var_init.1.5650 @ 0x5d42b0
STABILIZE: __cxx_global_var_init.5644 @ 0x5d4300
STABILIZE: __cxx_global_var_init.1.5645 @ 0x5d4360
STABILIZE: __cxx_global_var_init.5633 @ 0x5d43b0
STABILIZE: __cxx_global_var_init.1.5634 @ 0x5d4410
STABILIZE: __cxx_global_var_init.5628 @ 0x5d4460
STABILIZE: __cxx_global_var_init.1.5629 @ 0x5d44c0
STABILIZE: __cxx_global_var_init.5590 @ 0x5d4510
STABILIZE: __cxx_global_var_init.1.5591 @ 0x5d4570
STABILIZE: __cxx_global_var_init.5585 @ 0x5d45c0
STABILIZE: __cxx_global_var_init.1.5586 @ 0x5d4620
STABILIZE: __cxx_global_var_init.5577 @ 0x5d4670
STABILIZE: __cxx_global_var_init.1.5578 @ 0x5d46d0
STABILIZE: __cxx_global_var_init.5570 @ 0x5d4720
STABILIZE: __cxx_global_var_init.1.5571 @ 0x5d4780
STABILIZE: __cxx_global_var_init.5563 @ 0x5d47d0
STABILIZE: __cxx_global_var_init.1.5564 @ 0x5d4830
STABILIZE: __cxx_global_var_init.5549 @ 0x5d4880
STABILIZE: __cxx_global_var_init.1.5550 @ 0x5d48e0
STABILIZE: __cxx_global_var_init.5543 @ 0x5d4930
STABILIZE: __cxx_global_var_init.1.5544 @ 0x5d4990
STABILIZE: __cxx_global_var_init.5530 @ 0x5d49e0
STABILIZE: __cxx_global_var_init.1.5531 @ 0x5d4a40
STABILIZE: __cxx_global_var_init.5525 @ 0x5d4a90
STABILIZE: __cxx_global_var_init.1.5526 @ 0x5d4af0
STABILIZE: __cxx_global_var_init.5518 @ 0x5d4b40
STABILIZE: __cxx_global_var_init.1.5519 @ 0x5d4ba0
STABILIZE: __cxx_global_var_init.5504 @ 0x5d4bf0
STABILIZE: __cxx_global_var_init.1.5505 @ 0x5d4c50
STABILIZE: __cxx_global_var_init.5488 @ 0x5d4ca0
STABILIZE: __cxx_global_var_init.1.5489 @ 0x5d4d00
STABILIZE: __cxx_global_var_init.5472 @ 0x5d4d50
STABILIZE: __cxx_global_var_init.1.5473 @ 0x5d4db0
STABILIZE: __cxx_global_var_init.5467 @ 0x5d4e00
STABILIZE: __cxx_global_var_init.1.5468 @ 0x5d4e60
STABILIZE: __cxx_global_var_init.5460 @ 0x5d4eb0
STABILIZE: __cxx_global_var_init.1.5461 @ 0x5d4f10
STABILIZE: __cxx_global_var_init.5420 @ 0x5d4f60
STABILIZE: __cxx_global_var_init.1.5421 @ 0x5d4fc0
STABILIZE: __cxx_global_var_init.5394 @ 0x5d5010
STABILIZE: __cxx_global_var_init.1.5395 @ 0x5d5070
STABILIZE: __cxx_global_var_init.2.5396 @ 0x5d50c0
STABILIZE: __cxx_global_var_init.5338 @ 0x5d5100
STABILIZE: __cxx_global_var_init.1.5339 @ 0x5d5160
STABILIZE: __cxx_global_var_init.5270 @ 0x5d51b0
STABILIZE: __cxx_global_var_init.1.5271 @ 0x5d5210
STABILIZE: __cxx_global_var_init.2.5272 @ 0x5d5260
STABILIZE: __cxx_global_var_init.3.5273 @ 0x5d52d0
STABILIZE: __cxx_global_var_init.4.5274 @ 0x5d5350
STABILIZE: __cxx_global_var_init.5.5275 @ 0x5d5390
STABILIZE: _ZN15ObjectBuffer_TSIN8AP_Param10param_saveEEC2Ej @ 0xae26d0
STABILIZE: __cxx_global_var_init.5253 @ 0x5d53d0
STABILIZE: __cxx_global_var_init.1.5254 @ 0x5d5430
STABILIZE: __cxx_global_var_init.5247 @ 0x5d5480
STABILIZE: __cxx_global_var_init.1.5248 @ 0x5d54e0
STABILIZE: __cxx_global_var_init.5228 @ 0x5d5530
STABILIZE: __cxx_global_var_init.1.5229 @ 0x5d5590
STABILIZE: __cxx_global_var_init.5220 @ 0x5d55e0
STABILIZE: __cxx_global_var_init.1.5221 @ 0x5d5640
STABILIZE: __cxx_global_var_init.5213 @ 0x5d5690
STABILIZE: __cxx_global_var_init.1.5214 @ 0x5d56f0
STABILIZE: __cxx_global_var_init.5206 @ 0x5d5740
STABILIZE: __cxx_global_var_init.1.5207 @ 0x5d57a0
STABILIZE: __cxx_global_var_init.5198 @ 0x5d57f0
STABILIZE: __cxx_global_var_init.1.5199 @ 0x5d5850
STABILIZE: __cxx_global_var_init.5163 @ 0x5d58a0
STABILIZE: __cxx_global_var_init.1.5164 @ 0x5d5900
STABILIZE: __cxx_global_var_init.5156 @ 0x5d5950
STABILIZE: __cxx_global_var_init.1.5157 @ 0x5d59b0
STABILIZE: __cxx_global_var_init.5148 @ 0x5d5a00
STABILIZE: __cxx_global_var_init.1.5149 @ 0x5d5a60
STABILIZE: __cxx_global_var_init.5133 @ 0x5d5ab0
STABILIZE: __cxx_global_var_init.1.5134 @ 0x5d5b10
STABILIZE: __cxx_global_var_init.5114 @ 0x5d5b60
STABILIZE: __cxx_global_var_init.1.5115 @ 0x5d5bc0
STABILIZE: __cxx_global_var_init.5060 @ 0x5d5c10
STABILIZE: __cxx_global_var_init.1.5061 @ 0x5d5c70
STABILIZE: __cxx_global_var_init.5043 @ 0x5d5cc0
STABILIZE: __cxx_global_var_init.1.5044 @ 0x5d5d20
STABILIZE: __cxx_global_var_init.5034 @ 0x5d5d70
STABILIZE: __cxx_global_var_init.1.5035 @ 0x5d5dd0
STABILIZE: __cxx_global_var_init.5021 @ 0x5d5e20
STABILIZE: __cxx_global_var_init.1.5022 @ 0x5d5e80
STABILIZE: __cxx_global_var_init.5011 @ 0x5d5ed0
STABILIZE: __cxx_global_var_init.1.5012 @ 0x5d5f30
STABILIZE: __cxx_global_var_init.4971 @ 0x5d5f80
STABILIZE: __cxx_global_var_init.1.4972 @ 0x5d5fe0
STABILIZE: __cxx_global_var_init.4897 @ 0x5d6030
STABILIZE: __cxx_global_var_init.1.4898 @ 0x5d6090
STABILIZE: __cxx_global_var_init.4869 @ 0x5d60e0
STABILIZE: __cxx_global_var_init.1.4870 @ 0x5d6140
STABILIZE: __cxx_global_var_init.4844 @ 0x5d6190
STABILIZE: __cxx_global_var_init.1.4845 @ 0x5d61f0
STABILIZE: __cxx_global_var_init.4758 @ 0x5d6240
STABILIZE: __cxx_global_var_init.1.4759 @ 0x5d62a0
STABILIZE: __cxx_global_var_init.4744 @ 0x5d62f0
STABILIZE: __cxx_global_var_init.1.4745 @ 0x5d6350
STABILIZE: __cxx_global_var_init.4707 @ 0x5d63a0
STABILIZE: __cxx_global_var_init.1.4708 @ 0x5d6400
STABILIZE: __cxx_global_var_init.4682 @ 0x5d6450
STABILIZE: __cxx_global_var_init.1.4683 @ 0x5d64b0
STABILIZE: __cxx_global_var_init.4671 @ 0x5d6500
STABILIZE: __cxx_global_var_init.1.4672 @ 0x5d6560
STABILIZE: __cxx_global_var_init.4661 @ 0x5d65b0
STABILIZE: __cxx_global_var_init.1.4662 @ 0x5d6610
STABILIZE: __cxx_global_var_init.4631 @ 0x5d6660
STABILIZE: __cxx_global_var_init.1.4632 @ 0x5d66c0
STABILIZE: __cxx_global_var_init.4490 @ 0x5d6710
STABILIZE: __cxx_global_var_init.1.4491 @ 0x5d6770
STABILIZE: __cxx_global_var_init.4307 @ 0x5d67c0
STABILIZE: __cxx_global_var_init.1.4308 @ 0x5d6820
STABILIZE: __cxx_global_var_init.4206 @ 0x5d6870
STABILIZE: __cxx_global_var_init.1.4207 @ 0x5d68d0
STABILIZE: __cxx_global_var_init.4198 @ 0x5d6920
STABILIZE: __cxx_global_var_init.1.4199 @ 0x5d6980
STABILIZE: __cxx_global_var_init.4188 @ 0x5d69d0
STABILIZE: __cxx_global_var_init.1.4189 @ 0x5d6a30
STABILIZE: __cxx_global_var_init.4071 @ 0x5d6a80
STABILIZE: __cxx_global_var_init.1.4072 @ 0x5d6ae0
STABILIZE: __cxx_global_var_init.5.4073 @ 0x5d6b30
STABILIZE: __cxx_global_var_init.6 @ 0x5d6b70
STABILIZE: __cxx_global_var_init.4056 @ 0x5d6be0
STABILIZE: __cxx_global_var_init.1.4057 @ 0x5d6c40
STABILIZE: __cxx_global_var_init.3974 @ 0x5d6c90
STABILIZE: __cxx_global_var_init.1.3975 @ 0x5d6cf0
STABILIZE: __cxx_global_var_init.3909 @ 0x5d6d40
STABILIZE: __cxx_global_var_init.1.3910 @ 0x5d6da0
STABILIZE: __cxx_global_var_init.3869 @ 0x5d6df0
STABILIZE: __cxx_global_var_init.1.3870 @ 0x5d6e50
STABILIZE: __cxx_global_var_init.3862 @ 0x5d6ea0
STABILIZE: __cxx_global_var_init.1.3863 @ 0x5d6f00
STABILIZE: __cxx_global_var_init.3833 @ 0x5d6f50
STABILIZE: __cxx_global_var_init.1.3834 @ 0x5d6fb0
STABILIZE: __cxx_global_var_init.3819 @ 0x5d7000
STABILIZE: __cxx_global_var_init.1.3820 @ 0x5d7060
STABILIZE: __cxx_global_var_init.3794 @ 0x5d70b0
STABILIZE: __cxx_global_var_init.1.3795 @ 0x5d7110
STABILIZE: __cxx_global_var_init.3783 @ 0x5d7160
STABILIZE: __cxx_global_var_init.1.3784 @ 0x5d71c0
STABILIZE: __cxx_global_var_init.3738 @ 0x5d7210
STABILIZE: __cxx_global_var_init.1.3739 @ 0x5d7270
STABILIZE: __cxx_global_var_init.3731 @ 0x5d72c0
STABILIZE: __cxx_global_var_init.1.3732 @ 0x5d7320
STABILIZE: __cxx_global_var_init.3713 @ 0x5d7370
STABILIZE: __cxx_global_var_init.1.3714 @ 0x5d73d0
STABILIZE: __cxx_global_var_init.3664 @ 0x5d7420
STABILIZE: __cxx_global_var_init.1.3665 @ 0x5d7480
STABILIZE: __cxx_global_var_init.3580 @ 0x5d74d0
STABILIZE: __cxx_global_var_init.1.3581 @ 0x5d7530
STABILIZE: __cxx_global_var_init.3536 @ 0x5d7580
STABILIZE: __cxx_global_var_init.1.3537 @ 0x5d75e0
STABILIZE: __cxx_global_var_init.3527 @ 0x5d7630
STABILIZE: __cxx_global_var_init.1.3528 @ 0x5d7690
STABILIZE: __cxx_global_var_init.3494 @ 0x5d76e0
STABILIZE: __cxx_global_var_init.1.3495 @ 0x5d7740
STABILIZE: __cxx_global_var_init.3468 @ 0x5d7790
STABILIZE: __cxx_global_var_init.1.3469 @ 0x5d77f0
STABILIZE: __cxx_global_var_init.3453 @ 0x5d7840
STABILIZE: __cxx_global_var_init.1.3454 @ 0x5d78a0
STABILIZE: __cxx_global_var_init.3446 @ 0x5d78f0
STABILIZE: __cxx_global_var_init.1.3447 @ 0x5d7950
STABILIZE: __cxx_global_var_init.3402 @ 0x5d79a0
STABILIZE: __cxx_global_var_init.1.3403 @ 0x5d7a00
STABILIZE: __cxx_global_var_init.3382 @ 0x5d7a50
STABILIZE: __cxx_global_var_init.1.3383 @ 0x5d7ab0
STABILIZE: __cxx_global_var_init.3330 @ 0x5d7b00
STABILIZE: __cxx_global_var_init.1.3331 @ 0x5d7b60
STABILIZE: __cxx_global_var_init.3318 @ 0x5d7bb0
STABILIZE: __cxx_global_var_init.1.3319 @ 0x5d7c10
STABILIZE: __cxx_global_var_init.3306 @ 0x5d7c60
STABILIZE: __cxx_global_var_init.1.3307 @ 0x5d7cc0
STABILIZE: __cxx_global_var_init.3291 @ 0x5d7d10
STABILIZE: __cxx_global_var_init.1.3292 @ 0x5d7d70
STABILIZE: __cxx_global_var_init.3279 @ 0x5d7dc0
STABILIZE: __cxx_global_var_init.46 @ 0x5d7e20
STABILIZE: __cxx_global_var_init.1.3280 @ 0x5d7e70
STABILIZE: __cxx_global_var_init.3224 @ 0x5d7ec0
STABILIZE: __cxx_global_var_init.1.3225 @ 0x5d7f20
STABILIZE: __cxx_global_var_init.3205 @ 0x5d7f70
STABILIZE: __cxx_global_var_init.1.3206 @ 0x5d7fd0
STABILIZE: __cxx_global_var_init.3193 @ 0x5d8020
STABILIZE: __cxx_global_var_init.1.3194 @ 0x5d8080
STABILIZE: __cxx_global_var_init.3164 @ 0x5d80d0
STABILIZE: __cxx_global_var_init.1.3165 @ 0x5d8130
STABILIZE: __cxx_global_var_init.3156 @ 0x5d8180
STABILIZE: __cxx_global_var_init.1.3157 @ 0x5d81e0
STABILIZE: __cxx_global_var_init.3143 @ 0x5d8230
STABILIZE: __cxx_global_var_init.3.3144 @ 0x5d8290
STABILIZE: __cxx_global_var_init.1.3145 @ 0x5d82e0
STABILIZE: __cxx_global_var_init.3136 @ 0x5d8330
STABILIZE: __cxx_global_var_init.1.3137 @ 0x5d8390
STABILIZE: __cxx_global_var_init.3125 @ 0x5d83e0
STABILIZE: __cxx_global_var_init.1.3126 @ 0x5d8440
STABILIZE: __cxx_global_var_init.3102 @ 0x5d8490
STABILIZE: __cxx_global_var_init.1.3103 @ 0x5d84f0
STABILIZE: __cxx_global_var_init.2.3104 @ 0x5d8540
STABILIZE: __cxx_global_var_init.3086 @ 0x5d85b0
STABILIZE: __cxx_global_var_init.1.3087 @ 0x5d8610
STABILIZE: __cxx_global_var_init.3032 @ 0x5d8660
STABILIZE: __cxx_global_var_init.1.3033 @ 0x5d86c0
STABILIZE: __cxx_global_var_init.3010 @ 0x5d8710
STABILIZE: __cxx_global_var_init.1.3011 @ 0x5d8770
STABILIZE: __cxx_global_var_init.2984 @ 0x5d87c0
STABILIZE: __cxx_global_var_init.1.2985 @ 0x5d8820
STABILIZE: __cxx_global_var_init.2970 @ 0x5d8870
STABILIZE: __cxx_global_var_init.1.2971 @ 0x5d88d0
STABILIZE: __cxx_global_var_init.2955 @ 0x5d8920
STABILIZE: __cxx_global_var_init.1.2956 @ 0x5d8980
STABILIZE: __cxx_global_var_init.2914 @ 0x5d89d0
STABILIZE: __cxx_global_var_init.1.2915 @ 0x5d8a30
STABILIZE: __cxx_global_var_init.2904 @ 0x5d8a80
STABILIZE: __cxx_global_var_init.1.2905 @ 0x5d8ae0
STABILIZE: __cxx_global_var_init.2896 @ 0x5d8b30
STABILIZE: __cxx_global_var_init.1.2897 @ 0x5d8b90
STABILIZE: __cxx_global_var_init.2884 @ 0x5d8be0
STABILIZE: __cxx_global_var_init.1.2885 @ 0x5d8c40
STABILIZE: __cxx_global_var_init.2871 @ 0x5d8c90
STABILIZE: __cxx_global_var_init.1.2872 @ 0x5d8cf0
STABILIZE: __cxx_global_var_init.2864 @ 0x5d8d40
STABILIZE: __cxx_global_var_init.1.2865 @ 0x5d8da0
STABILIZE: __cxx_global_var_init.2856 @ 0x5d8df0
STABILIZE: __cxx_global_var_init.1.2857 @ 0x5d8e50
STABILIZE: __cxx_global_var_init.2848 @ 0x5d8ea0
STABILIZE: __cxx_global_var_init.1.2849 @ 0x5d8f00
STABILIZE: __cxx_global_var_init.2836 @ 0x5d8f50
STABILIZE: __cxx_global_var_init.1.2837 @ 0x5d8fb0
STABILIZE: __cxx_global_var_init.2824 @ 0x5d9000
STABILIZE: __cxx_global_var_init.1.2825 @ 0x5d9060
STABILIZE: __cxx_global_var_init.2809 @ 0x5d90b0
STABILIZE: __cxx_global_var_init.1.2810 @ 0x5d9110
STABILIZE: __cxx_global_var_init.2802 @ 0x5d9160
STABILIZE: __cxx_global_var_init.1.2803 @ 0x5d91c0
STABILIZE: __cxx_global_var_init.2791 @ 0x5d9210
STABILIZE: __cxx_global_var_init.1.2792 @ 0x5d9270
STABILIZE: __cxx_global_var_init.2.2793 @ 0x5d92c0
STABILIZE: __cxx_global_var_init.2770 @ 0x5d9330
STABILIZE: __cxx_global_var_init.1.2771 @ 0x5d9390
STABILIZE: __cxx_global_var_init.2751 @ 0x5d93e0
STABILIZE: __cxx_global_var_init.1.2752 @ 0x5d9440
STABILIZE: __cxx_global_var_init.2744 @ 0x5d9490
STABILIZE: __cxx_global_var_init.1.2745 @ 0x5d94f0
STABILIZE: __cxx_global_var_init.2735 @ 0x5d9540
STABILIZE: __cxx_global_var_init.1.2736 @ 0x5d95a0
STABILIZE: __cxx_global_var_init.2722 @ 0x5d95f0
STABILIZE: __cxx_global_var_init.1.2723 @ 0x5d9650
STABILIZE: __cxx_global_var_init.2680 @ 0x5d96a0
STABILIZE: __cxx_global_var_init.1.2681 @ 0x5d9700
STABILIZE: __cxx_global_var_init.2562 @ 0x5d9750
STABILIZE: __cxx_global_var_init.1.2563 @ 0x5d97b0
STABILIZE: __cxx_global_var_init.2.2564 @ 0x5d9800
STABILIZE: __cxx_global_var_init.2549 @ 0x5d9840
STABILIZE: __cxx_global_var_init.1.2550 @ 0x5d98a0
STABILIZE: __cxx_global_var_init.18 @ 0x5d98f0
STABILIZE: __cxx_global_var_init.2523 @ 0x5d9940
STABILIZE: __cxx_global_var_init.1.2524 @ 0x5d99a0
STABILIZE: __cxx_global_var_init.2507 @ 0x5d99f0
STABILIZE: __cxx_global_var_init.1.2508 @ 0x5d9a50
STABILIZE: __cxx_global_var_init.2499 @ 0x5d9aa0
STABILIZE: __cxx_global_var_init.1.2500 @ 0x5d9b00
STABILIZE: __cxx_global_var_init.2492 @ 0x5d9b50
STABILIZE: __cxx_global_var_init.1.2493 @ 0x5d9bb0
STABILIZE: __cxx_global_var_init.2483 @ 0x5d9c00
STABILIZE: __cxx_global_var_init.1.2484 @ 0x5d9c60
STABILIZE: __cxx_global_var_init.2462 @ 0x5d9cb0
STABILIZE: __cxx_global_var_init.1.2463 @ 0x5d9d10
STABILIZE: __cxx_global_var_init.2455 @ 0x5d9d60
STABILIZE: __cxx_global_var_init.1.2456 @ 0x5d9dc0
STABILIZE: __cxx_global_var_init.2446 @ 0x5d9e10
STABILIZE: __cxx_global_var_init.1.2447 @ 0x5d9e70
STABILIZE: __cxx_global_var_init.2435 @ 0x5d9ec0
STABILIZE: __cxx_global_var_init.1.2436 @ 0x5d9f20
STABILIZE: __cxx_global_var_init.2413 @ 0x5d9f70
STABILIZE: __cxx_global_var_init.1.2414 @ 0x5d9fd0
STABILIZE: __cxx_global_var_init.5 @ 0x5da020
STABILIZE: __cxx_global_var_init.2389 @ 0x5da070
STABILIZE: __cxx_global_var_init.1.2390 @ 0x5da0d0
STABILIZE: __cxx_global_var_init.2360 @ 0x5da120
STABILIZE: __cxx_global_var_init.1.2361 @ 0x5da180
STABILIZE: __cxx_global_var_init.2337 @ 0x5da1d0
STABILIZE: __cxx_global_var_init.1.2338 @ 0x5da230
STABILIZE: __cxx_global_var_init.2296 @ 0x5da280
STABILIZE: __cxx_global_var_init.1.2297 @ 0x5da2e0
STABILIZE: __cxx_global_var_init.2275 @ 0x5da330
STABILIZE: __cxx_global_var_init.1.2276 @ 0x5da390
STABILIZE: __cxx_global_var_init.2240 @ 0x5da3e0
STABILIZE: __cxx_global_var_init.1.2241 @ 0x5da440
STABILIZE: __cxx_global_var_init.2210 @ 0x5da490
STABILIZE: __cxx_global_var_init.1.2211 @ 0x5da4f0
STABILIZE: __cxx_global_var_init.2203 @ 0x5da540
STABILIZE: __cxx_global_var_init.1.2204 @ 0x5da5a0
STABILIZE: __cxx_global_var_init.2138 @ 0x5da5f0
STABILIZE: __cxx_global_var_init.1.2139 @ 0x5da650
STABILIZE: __cxx_global_var_init.2121 @ 0x5da6a0
STABILIZE: __cxx_global_var_init.1.2122 @ 0x5da700
STABILIZE: __cxx_global_var_init.2038 @ 0x5da750
STABILIZE: __cxx_global_var_init.1.2039 @ 0x5da7b0
STABILIZE: __cxx_global_var_init.1937 @ 0x5da800
STABILIZE: __cxx_global_var_init.1.1938 @ 0x5da860
STABILIZE: __cxx_global_var_init.1911 @ 0x5da8b0
STABILIZE: __cxx_global_var_init.1.1912 @ 0x5da910
STABILIZE: __cxx_global_var_init.2.1913 @ 0x5da960
STABILIZE: __cxx_global_var_init.1901 @ 0x5da9b0
STABILIZE: __cxx_global_var_init.1.1902 @ 0x5daa10
STABILIZE: __cxx_global_var_init.1896 @ 0x5daa60
STABILIZE: __cxx_global_var_init.1.1897 @ 0x5daac0
STABILIZE: __cxx_global_var_init.1887 @ 0x5dab10
STABILIZE: __cxx_global_var_init.1.1888 @ 0x5dab70
STABILIZE: __cxx_global_var_init.1877 @ 0x5dabc0
STABILIZE: __cxx_global_var_init.1.1878 @ 0x5dac20
STABILIZE: __cxx_global_var_init.1858 @ 0x5dac70
STABILIZE: __cxx_global_var_init.1.1859 @ 0x5dacd0
STABILIZE: __cxx_global_var_init.2.1860 @ 0x5dad20
STABILIZE: _ZN12_AutoTakeoffC2Ev @ 0xae2820
STABILIZE: __cxx_global_var_init.1811 @ 0x5dad60
STABILIZE: __cxx_global_var_init.1.1812 @ 0x5dadc0
STABILIZE: __cxx_global_var_init.1794 @ 0x5dae10
STABILIZE: __cxx_global_var_init.1.1795 @ 0x5dae70
STABILIZE: __cxx_global_var_init.1787 @ 0x5daec0
STABILIZE: __cxx_global_var_init.1.1788 @ 0x5daf20
STABILIZE: __cxx_global_var_init.1771 @ 0x5daf70
STABILIZE: __cxx_global_var_init.1.1772 @ 0x5dafd0
STABILIZE: __cxx_global_var_init.1757 @ 0x5db020
STABILIZE: __cxx_global_var_init.1.1758 @ 0x5db080
STABILIZE: __cxx_global_var_init.1747 @ 0x5db0d0
STABILIZE: __cxx_global_var_init.1.1748 @ 0x5db130
STABILIZE: __cxx_global_var_init.1740 @ 0x5db180
STABILIZE: __cxx_global_var_init.1.1741 @ 0x5db1e0
STABILIZE: __cxx_global_var_init.1728 @ 0x5db230
STABILIZE: __cxx_global_var_init.1.1729 @ 0x5db290
STABILIZE: __cxx_global_var_init.1716 @ 0x5db2e0
STABILIZE: __cxx_global_var_init.1.1717 @ 0x5db340
STABILIZE: __cxx_global_var_init.1696 @ 0x5db390
STABILIZE: __cxx_global_var_init.1.1697 @ 0x5db3f0
STABILIZE: __cxx_global_var_init.1685 @ 0x5db440
STABILIZE: __cxx_global_var_init.1.1686 @ 0x5db4a0
STABILIZE: __cxx_global_var_init.1651 @ 0x5db4f0
STABILIZE: __cxx_global_var_init.1.1652 @ 0x5db550
STABILIZE: __cxx_global_var_init.1638 @ 0x5db5a0
STABILIZE: __cxx_global_var_init.1.1639 @ 0x5db600
STABILIZE: __cxx_global_var_init.1617 @ 0x5db650
STABILIZE: __cxx_global_var_init.1.1618 @ 0x5db6b0
STABILIZE: __cxx_global_var_init.1588 @ 0x5db700
STABILIZE: __cxx_global_var_init.1.1589 @ 0x5db760
STABILIZE: __cxx_global_var_init.1583 @ 0x5db7b0
STABILIZE: __cxx_global_var_init.1.1584 @ 0x5db810
STABILIZE: __cxx_global_var_init.1574 @ 0x5db860
STABILIZE: __cxx_global_var_init.1.1575 @ 0x5db8c0
STABILIZE: __cxx_global_var_init.1567 @ 0x5db910
STABILIZE: __cxx_global_var_init.1.1568 @ 0x5db970
STABILIZE: __cxx_global_var_init.1556 @ 0x5db9c0
STABILIZE: __cxx_global_var_init.1.1557 @ 0x5dba20
STABILIZE: __cxx_global_var_init.1522 @ 0x5dba70
STABILIZE: __cxx_global_var_init.1.1523 @ 0x5dbad0
STABILIZE: __cxx_global_var_init.1509 @ 0x5dbb20
STABILIZE: __cxx_global_var_init.1.1510 @ 0x5dbb80
STABILIZE: __cxx_global_var_init.1493 @ 0x5dbbd0
STABILIZE: __cxx_global_var_init.1.1494 @ 0x5dbc30
STABILIZE: __cxx_global_var_init.1485 @ 0x5dbc80
STABILIZE: __cxx_global_var_init.1.1486 @ 0x5dbce0
STABILIZE: __cxx_global_var_init.1474 @ 0x5dbd30
STABILIZE: __cxx_global_var_init.1.1475 @ 0x5dbd90
STABILIZE: __cxx_global_var_init.1436 @ 0x5dbde0
STABILIZE: __cxx_global_var_init.1.1437 @ 0x5dbe40
STABILIZE: __cxx_global_var_init.2.1438 @ 0x5dbe90
STABILIZE: __cxx_global_var_init.3 @ 0x5dbed0
STABILIZE: _ZN12Guided_LimitC2Ev @ 0xae2880
STABILIZE: _ZN3$_0C2Ev @ 0x7124f0
STABILIZE: __cxx_global_var_init.1392 @ 0x5dbf10
STABILIZE: __cxx_global_var_init.1.1393 @ 0x5dbf70
STABILIZE: __cxx_global_var_init.1379 @ 0x5dbfc0
STABILIZE: __cxx_global_var_init.1.1380 @ 0x5dc020
STABILIZE: __cxx_global_var_init.1356 @ 0x5dc070
STABILIZE: __cxx_global_var_init.1.1357 @ 0x5dc0d0
STABILIZE: __cxx_global_var_init.1346 @ 0x5dc120
STABILIZE: __cxx_global_var_init.1.1347 @ 0x5dc180
STABILIZE: __cxx_global_var_init.1335 @ 0x5dc1d0
STABILIZE: __cxx_global_var_init.1.1336 @ 0x5dc230
STABILIZE: __cxx_global_var_init.1323 @ 0x5dc280
STABILIZE: __cxx_global_var_init.1.1324 @ 0x5dc2e0
STABILIZE: __cxx_global_var_init.1312 @ 0x5dc330
STABILIZE: __cxx_global_var_init.1.1313 @ 0x5dc390
STABILIZE: __cxx_global_var_init.1303 @ 0x5dc3e0
STABILIZE: __cxx_global_var_init.1.1304 @ 0x5dc440
STABILIZE: __cxx_global_var_init.1292 @ 0x5dc490
STABILIZE: __cxx_global_var_init.1.1293 @ 0x5dc4f0
STABILIZE: __cxx_global_var_init.1256 @ 0x5dc540
STABILIZE: __cxx_global_var_init.1.1257 @ 0x5dc5a0
STABILIZE: __cxx_global_var_init.1229 @ 0x5dc5f0
STABILIZE: __cxx_global_var_init.1.1230 @ 0x5dc650
STABILIZE: __cxx_global_var_init.1220 @ 0x5dc6a0
STABILIZE: __cxx_global_var_init.1.1221 @ 0x5dc700
STABILIZE: __cxx_global_var_init.1213 @ 0x5dc750
STABILIZE: __cxx_global_var_init.1.1214 @ 0x5dc7b0
STABILIZE: __cxx_global_var_init.1176 @ 0x5dc800
STABILIZE: __cxx_global_var_init.1.1177 @ 0x5dc860
STABILIZE: __cxx_global_var_init.2.1178 @ 0x5dc8b0
STABILIZE: _ZN12PayloadPlaceC2Ev @ 0xae28e0
STABILIZE: __cxx_global_var_init.1169 @ 0x5dc8f0
STABILIZE: __cxx_global_var_init.1.1170 @ 0x5dc950
STABILIZE: __cxx_global_var_init.1148 @ 0x5dc9a0
STABILIZE: __cxx_global_var_init.1.1149 @ 0x5dca00
STABILIZE: __cxx_global_var_init.1141 @ 0x5dca50
STABILIZE: __cxx_global_var_init.1.1142 @ 0x5dcab0
STABILIZE: __cxx_global_var_init.1136 @ 0x5dcb00
STABILIZE: __cxx_global_var_init.1.1137 @ 0x5dcb60
STABILIZE: __cxx_global_var_init.1125 @ 0x5dcbb0
STABILIZE: __cxx_global_var_init.1.1126 @ 0x5dcc10
STABILIZE: __cxx_global_var_init.1116 @ 0x5dcc60
STABILIZE: __cxx_global_var_init.1.1117 @ 0x5dccc0
STABILIZE: __cxx_global_var_init.1069 @ 0x5dcd10
STABILIZE: __cxx_global_var_init.1.1070 @ 0x5dcd70
STABILIZE: __cxx_global_var_init.1060 @ 0x5dcdc0
STABILIZE: __cxx_global_var_init.1.1061 @ 0x5dce20
STABILIZE: __cxx_global_var_init.1042 @ 0x5dce70
STABILIZE: __cxx_global_var_init.1.1043 @ 0x5dced0
STABILIZE: __cxx_global_var_init.1028 @ 0x5dcf20
STABILIZE: __cxx_global_var_init.1.1029 @ 0x5dcf80
STABILIZE: __cxx_global_var_init.1011 @ 0x5dcfd0
STABILIZE: __cxx_global_var_init.1.1012 @ 0x5dd030
STABILIZE: __cxx_global_var_init.1000 @ 0x5dd080
STABILIZE: __cxx_global_var_init.1.1001 @ 0x5dd0e0
STABILIZE: __cxx_global_var_init.990 @ 0x5dd130
STABILIZE: __cxx_global_var_init.1.991 @ 0x5dd190
STABILIZE: __cxx_global_var_init.983 @ 0x5dd1e0
STABILIZE: __cxx_global_var_init.1.984 @ 0x5dd240
STABILIZE: __cxx_global_var_init.974 @ 0x5dd290
STABILIZE: __cxx_global_var_init.1.975 @ 0x5dd2f0
STABILIZE: __cxx_global_var_init.959 @ 0x5dd340
STABILIZE: __cxx_global_var_init.1.960 @ 0x5dd3a0
STABILIZE: __cxx_global_var_init.2.961 @ 0x5dd3f0
STABILIZE: _ZN4Mode7AutoYawC2Ev @ 0xae2930
STABILIZE: __cxx_global_var_init.952 @ 0x5dd430
STABILIZE: __cxx_global_var_init.1.953 @ 0x5dd490
STABILIZE: __cxx_global_var_init.947 @ 0x5dd4e0
STABILIZE: __cxx_global_var_init.1.948 @ 0x5dd540
STABILIZE: __cxx_global_var_init.938 @ 0x5dd590
STABILIZE: __cxx_global_var_init.1.939 @ 0x5dd5f0
STABILIZE: __cxx_global_var_init.864 @ 0x5dd640
STABILIZE: __cxx_global_var_init.1.865 @ 0x5dd6a0
STABILIZE: __cxx_global_var_init.228 @ 0x5dd6f0
STABILIZE: __cxx_global_var_init.1.229 @ 0x5dd750
STABILIZE: __cxx_global_var_init.142 @ 0x5dd7a0
STABILIZE: __cxx_global_var_init.1.143 @ 0x5dd800
STABILIZE: __cxx_global_var_init.126 @ 0x5dd850
STABILIZE: __cxx_global_var_init.1.127 @ 0x5dd8b0
STABILIZE: __cxx_global_var_init.113 @ 0x5dd900
STABILIZE: __cxx_global_var_init.1.114 @ 0x5dd960
STABILIZE: __cxx_global_var_init.4 @ 0x5dd9b0
STABILIZE: __cxx_global_var_init.64 @ 0x5dd9f0
STABILIZE: _ZN10AP_Vehicle5setupEv @ 0x712730
STABILIZE: _ZN10AP_Vehicle4loopEv @ 0x712c30
STABILIZE: _ZN10AP_Vehicle20set_control_channelsEv @ 0xae55f0
STABILIZE: _ZN12AP_Scheduler4loopEv @ 0x712ed0
STABILIZE: _ZN12AP_Scheduler17get_loop_period_sEv @ 0xae57d0
STABILIZE: _ZN14AP_BoardConfig11init_safetyEv @ 0x7131d0
STABILIZE: _ZN14AP_BoardConfig17board_init_safetyEv @ 0x7132d0
STABILIZE: _ZN14AP_BoardConfig16board_init_debugEv @ 0x713420
STABILIZE: _ZN17AP_InertialSensor15wait_for_sampleEv @ 0x713470
STABILIZE: _ZN12AP_Scheduler4tickEv @ 0x7139b0
STABILIZE: _ZN12AP_Scheduler3runEj @ 0x713a10
STABILIZE: _ZN2AP8PerfInfo15check_loop_timeEj @ 0x713fc0
STABILIZE: _ZL15fill_nanf_stackv @ 0x714150
STABILIZE: _ZN2AP8PerfInfo16update_task_infoEhtb @ 0x7141a0
STABILIZE: _ZN8AP_Param21setup_sketch_defaultsEv @ 0x714490
STABILIZE: _ZN16AP_SerialManager12init_consoleEv @ 0x714570
STABILIZE: _Z20check_firmware_printv @ 0x714600
STABILIZE: _ZN8AP_Param14check_var_infoEv @ 0x714680
STABILIZE: _ZN12AP_Scheduler4initEPKNS_4TaskEhj @ 0x714830
STABILIZE: _ZN3GCS4initEv @ 0x714bc0
STABILIZE: _ZN16AP_SerialManager4initEv @ 0x714c20
STABILIZE: _ZN3GCS13setup_consoleEv @ 0x715260
STABILIZE: _ZN12AP_Scripting23init_serialdevice_portsEv @ 0x7152e0
STABILIZE: _ZN10AP_Vehicle24scheduler_delay_callbackEv @ 0x715360
STABILIZE: _ZN15AP_ExternalAHRS4initEv @ 0x7154d0
STABILIZE: _ZN12AP_Generator4initEv @ 0x715770
STABILIZE: _ZN8AP_Stats4initEv @ 0x7159c0
STABILIZE: _ZN14AP_BoardConfig4initEv @ 0x715a50
STABILIZE: _ZN13AP_CANManager4initEv @ 0x715b80
STABILIZE: _ZN6AP_MSP4initEv @ 0x716320
STABILIZE: _ZN9AP_Logger4initERK9AP_ParamTIiL11ap_var_type3EEPK12LogStructureh @ 0x716520
STABILIZE: _ZN10AP_Gripper4initEv @ 0x716800
STABILIZE: _ZN12AP_Scripting4initEv @ 0x7169a0
STABILIZE: _ZN11AP_Airspeed4initEv @ 0x716bc0
STABILIZE: _ZN12SRV_Channels4initEjN6AP_HAL8RCOutput11output_modeE @ 0x716cc0
STABILIZE: _ZN10AP_GyroFFT4initEt @ 0x716d80
STABILIZE: _ZN13AP_Hott_Telem4initEv @ 0x717bb0
STABILIZE: _ZN13AP_VisualOdom4initEv @ 0x717cd0
STABILIZE: _ZN10AP_VideoTX4initEv @ 0x717e10
STABILIZE: _ZN13AP_SmartAudio4initEv @ 0x718010
STABILIZE: _ZN8AP_Tramp4initEv @ 0x718200
STABILIZE: _ZN14AP_OpenDroneID4initEv @ 0x718360
STABILIZE: _ZN6AP_EFI4initEv @ 0x718410
STABILIZE: _ZN20AP_TemperatureSensor4initEv @ 0x7188c0
STABILIZE: _ZN9AP_KDECAN4initEv @ 0x718f70
STABILIZE: _ZN6AP_AIS4initEv @ 0x719060
STABILIZE: _ZN14AP_NMEA_Output4initEv @ 0x7190b0
STABILIZE: _ZN8AC_Fence4initEv @ 0xae59a0
STABILIZE: _ZN10AP_Vehicle10fence_initEv @ 0x719170
STABILIZE: _ZN18AP_CustomRotations4initEv @ 0x7191f0
STABILIZE: _ZN10AP_Filters4initEv @ 0x7192b0
STABILIZE: _ZN6AP_RPM4initEv @ 0x719300
STABILIZE: _ZN13AP_IBus_Telem4initEv @ 0x719820
STABILIZE: _ZNK7AP_AHRS24_get_primary_accel_indexEv @ 0x71ab00
STABILIZE: _ZNK7AP_AHRS22_get_primary_IMU_indexEv @ 0x71ab50
STABILIZE: _ZNK7NavEKF322getPrimaryCoreIMUIndexEv @ 0x71acb0
STABILIZE: _ZNK17AP_InertialSensor21get_first_usable_gyroEv @ 0xae5c40
STABILIZE: _ZNK12NavEKF3_core11getIMUIndexEv @ 0xae5c90
STABILIZE: _ZNK14AP_BattMonitor17has_cell_voltagesEh @ 0x71ade0
STABILIZE: _ZN2AP3EFIEv @ 0x71b630
STABILIZE: _ZN6AP_EFI13get_singletonEv @ 0xae6620
STABILIZE: _ZN6FilterIfEC2Ev @ 0xae6bc0
STABILIZE: _ZN7FunctorIvJEE4bindI10AP_VehicleXadL_ZNS2_18fence_checks_asyncEvEEEES0_PT_ @ 0xae6f60
STABILIZE: _ZN7FunctorIvJEE14method_wrapperI10AP_VehicleXadL_ZNS2_18fence_checks_asyncEvEEEEvPv @ 0xae6fc0
STABILIZE: _ZN19AC_PolyFence_loader4initEv @ 0x71be50
STABILIZE: _ZN2AP11boardConfigEv @ 0x71bf60
STABILIZE: _ZN14AP_BoardConfig19get_sdcard_fence_kbEv @ 0xae7060
STABILIZE: _ZN13AP_Filesystem5writeEiPKvj @ 0x71c3a0
STABILIZE: _ZN13AP_Filesystem5fsyncEi @ 0x71c440
STABILIZE: _ZN13AP_Filesystem5lseekEiii @ 0x71c7a0
STABILIZE: _ZN9CANSensor15get_driver_typeEh @ 0xae7290
STABILIZE: _ZN6AP_HAL6Device14write_registerEhhb @ 0x722450
STABILIZE: _ZNK7FunctorIvJhPhjbEEcvbEv @ 0xae9cd0
STABILIZE: _ZN9EFI_StateC2Ev @ 0xaea320
STABILIZE: _ZN2AP3iceEv @ 0x724390
STABILIZE: _ZN11AP_ICEngine13get_singletonEv @ 0xaea550
STABILIZE: _ZN8AP_Param23convert_parameter_widthE11ap_var_typef @ 0xaeb2c0
STABILIZE: _ZN8AP_Param24_convert_parameter_widthE11ap_var_typefb @ 0x7291f0
STABILIZE: _ZL3MAXIjjEDTqugtfp_fp0_fp_fp0_ERKT_RKT0_.4719 @ 0x72a9f0
STABILIZE: _ZN12NavEKF3_core20ext_nav_vel_elementsC2Ev @ 0xaeb670
STABILIZE: _ZN15ekf_ring_buffer4pushEPKv @ 0x72aa70
STABILIZE: _ZNK15ekf_ring_buffer10get_offsetEh @ 0x72ab70
STABILIZE: _ZN12NavEKF3_core16ext_nav_elementsC2Ev @ 0xaeb9f0
STABILIZE: _ZL7radiansf.4725 @ 0x72bf10
STABILIZE: _ZN11QuaternionTIdEC2Edddd @ 0xaebdf0
STABILIZE: _ZN11QuaternionTIfEmLERKS0_ @ 0xaebea0
STABILIZE: _ZN11AP_Airspeed20convert_per_instanceEv @ 0x72f360
STABILIZE: _ZN6AP_HAL6Device11make_bus_idENS0_7BusTypeEhhh @ 0x731850
STABILIZE: _ZL3MINIiiEDTqultfp_fp0_fp_fp0_ERKT_RKT0_ @ 0x7362b0
STABILIZE: _ZN8AP_Param21convert_old_parameterEPKNS_14ConversionInfoEfh @ 0x736330
STABILIZE: _ZN8AP_Param18find_old_parameterEPKNS_14ConversionInfoEPS_ @ 0x736640
STABILIZE: _ZN13AP_Filesystem5mkdirEPKc @ 0x736750
STABILIZE: _ZN6AP_HAL9PWMSourceC2Ev @ 0xaef250
STABILIZE: _ZNK7AP_AHRS8get_gyroEv @ 0xaef5b0
STABILIZE: _ZNK7AP_AHRS17airspeed_estimateERf @ 0x759930
STABILIZE: _ZNK17AP_InertialSensor20get_vibration_levelsEv @ 0xaef610
STABILIZE: _ZNK17AP_InertialSensor20get_vibration_levelsEh @ 0x759a30
STABILIZE: _ZNK10DigitalLPFI7Vector3IfEE3getEv @ 0xaef690
STABILIZE: _ZN7AP_AHRS8set_homeERK8Location @ 0x75a340
STABILIZE: _ZN7AP_AHRS25Log_Write_Home_And_OriginEv @ 0x75a530
STABILIZE: _ZNK7AP_AHRS12Write_OriginENS_13LogOriginTypeERK8Location @ 0x75a600
STABILIZE: _ZN7NavEKF212setOriginLLHERK8Location @ 0x75a860
STABILIZE: _ZN15AP_AHRS_Backend10set_originERK8Location @ 0xaef6e0
STABILIZE: _ZN12NavEKF3_core9setOriginERK8Location @ 0x75abe0
STABILIZE: _ZNK12NavEKF3_core16calcEarthRateNEDER7Vector3IdEi @ 0x75ad70
STABILIZE: _ZNK11QuaternionTIdE7is_zeroEv @ 0xaef740
STABILIZE: _ZN12NavEKF3_core24alignMagStateDeclinationEv @ 0x75ae60
STABILIZE: _ZN12NavEKF3_core25setEarthFieldFromLocationERK8Location @ 0x75b000
STABILIZE: _ZNK14AP_DAL_Compass17have_scale_factorEh @ 0xaef810
STABILIZE: _ZNK14AP_DAL_Compass24auto_declination_enabledEv @ 0xaef880
STABILIZE: _ZN12NavEKF3_core18getEarthFieldTableERK8Location @ 0x75b100
STABILIZE: _ZN14AP_Declination15get_declinationEff @ 0x75b200
STABILIZE: _ZNK12NavEKF3_core14MagDeclinationEv @ 0x75b290
STABILIZE: _ZN12NavEKF3_core8zeroRowsERA24_A24_dhh @ 0x75b370
STABILIZE: _ZN12NavEKF3_core8zeroColsERA24_A24_dhh @ 0x75b430
STABILIZE: _ZN18NavEKF_core_common10zero_rangeEPdhh @ 0xaef8e0
STABILIZE: _ZN12NavEKF3_core13ForceSymmetryEv @ 0x75c550
STABILIZE: _ZN12NavEKF3_core18ConstrainVariancesEv @ 0x75c6a0
STABILIZE: _ZN11QuaternionTIdE9normalizeEv @ 0xaef970
STABILIZE: _ZNK11QuaternionTIdE6lengthEv @ 0xaefa50
STABILIZE: _Z20constrain_value_lineIdET_S0_S0_S0_j @ 0xaefb10
STABILIZE: _Z2sqI9AP_ParamTIfL11ap_var_type4EEEdT_ @ 0xaefc30
STABILIZE: _ZNK9AP_ParamTIfL11ap_var_type4EEcvdEv @ 0xaefc90
STABILIZE: _ZNK14AP_DAL_Compass15get_declinationEv @ 0xaefce0
STABILIZE: _ZL7radiansf.4927 @ 0x75d110
STABILIZE: _ZN6AP_DAL17log_SetOriginLLH2ERK8Location @ 0x75d160
STABILIZE: _ZL2sqf.4850 @ 0x75dc30
STABILIZE: _ZNK8Location21get_distance_NE_ftypeERKS_ @ 0x75dd80
STABILIZE: _ZNK7Vector2IdEmlEd @ 0xaefd30
STABILIZE: _ZN16EKF_IMU_buffer_tIN12NavEKF3_core15output_elementsEEixEj @ 0xaefdb0
STABILIZE: _ZNK14ekf_imu_buffer3getEh @ 0x75e030
STABILIZE: _ZNK14ekf_imu_buffer10get_offsetEh @ 0x75e090
STABILIZE: _ZNK14AP_BattMonitor24voltage_resting_estimateEh @ 0x75fb80
STABILIZE: _ZNK14AP_BattMonitor11consumed_whERfh @ 0x75fc30
STABILIZE: _ZNK6AP_GPS8get_vdopEh @ 0xaeff10
STABILIZE: _ZNK6AP_GPS16last_fix_time_msEh @ 0xaeff80
STABILIZE: _ZNK6AP_GPS20last_message_time_msEh @ 0xaefff0
STABILIZE: _ZNK6AP_GPS22have_vertical_velocityEh @ 0xaf0060
STABILIZE: _ZNK6AP_GPS18get_antenna_offsetEh @ 0x761da0
STABILIZE: _ZNK14AP_GPS_Blended18get_antenna_offsetEv @ 0xaf00e0
STABILIZE: _ZNK6AP_GPS11gps_yaw_degEhRfS0_Rj @ 0x761e70
STABILIZE: _ZNK6AP_GPS11is_rtk_baseEh @ 0x762060
STABILIZE: _ZNK6AP_GPS12have_gps_yawEh @ 0xaf0130
STABILIZE: _ZNK12AP_Proximity10get_statusEv @ 0x762da0
STABILIZE: _ZNK12AP_Proximity11num_sensorsEv @ 0xaf01d0
STABILIZE: _ZNK11RangeFinder11num_sensorsEv @ 0xaf0220
STABILIZE: _ZNK11RangeFinder13status_orientE8Rotation @ 0x763e80
STABILIZE: _ZNK10AP_Vehicle18get_time_flying_msEv @ 0xaf06e0
STABILIZE: _ZN12SRV_Channels23get_output_channel_maskEN11SRV_Channel8FunctionE @ 0x7697e0
STABILIZE: _ZN12SRV_Channels14set_output_pwmEN11SRV_Channel8FunctionEt @ 0x76a510
STABILIZE: _ZN11SRV_Channel9output_chEv @ 0x76a600
STABILIZE: _ZNK10RC_Channel13norm_input_dzEv @ 0x76a960
STABILIZE: _ZN11SRV_Channel12set_overrideEb @ 0xaf08e0
STABILIZE: _ZN12SRV_Channels17set_output_scaledEN11SRV_Channel8FunctionEf @ 0x76af20
STABILIZE: _ZNK10AP_Mission5stateEv @ 0xaf0ca0
STABILIZE: _ZN19AP_ServoRelayEvents13update_eventsEv @ 0x773f30
STABILIZE: _ZNK10AP_Mission13option_is_setENS_6OptionE @ 0xaf1360
STABILIZE: _ZN15AP_MotorsMatrix13add_motor_rawEafffhf @ 0x776550
STABILIZE: _ZNK9AP_Motors14initialised_okEv @ 0xaf1650
STABILIZE: _ZN9AP_Motors13add_motor_numEa @ 0x7766a0
STABILIZE: _ZN12SRV_Channels23set_aux_channel_defaultEN11SRV_Channel8FunctionEh @ 0x776720
STABILIZE: _ZNK9AP_Motors16get_thrust_boostEv @ 0xaf16b0
STABILIZE: _ZNK20AP_MotorsMulticopter18get_pwm_output_minEv @ 0xaf1910
STABILIZE: _ZNK20AP_MotorsMulticopter18get_pwm_output_maxEv @ 0xaf1970
STABILIZE: _ZNK9AP_Motors13get_interlockEv @ 0xaf1f20
STABILIZE: _ZNK9AP_Motors12get_throttleEv @ 0xaf21b0
STABILIZE: _ZNK9AP_Motors15get_spool_stateEv @ 0xaf22c0
STABILIZE: _ZNK9AP_Follow11have_targetEv @ 0x77a9b0
STABILIZE: _ZN9AP_Follow13get_singletonEv @ 0xaf2310
STABILIZE: _ZN11AC_PrecLand13get_singletonEv @ 0xaf2400
STABILIZE: _ZNK13AC_PosControl12is_active_NEEv @ 0x77c180
STABILIZE: _ZNK13AC_PosControl11is_active_UEv @ 0x77c200
STABILIZE: _ZNK12AP_Scheduler7ticks32Ev @ 0xaf25c0
STABILIZE: _ZN12AP_Scripting19is_handling_commandEt @ 0x780c20
STABILIZE: _ZNK10RC_Channel10norm_inputEv @ 0x7a12b0
STABILIZE: _ZNK8Location29get_vector_from_origin_NEU_cmI7Vector3IfEEEbRT_ @ 0xaf30c0
STABILIZE: _ZNK7Vector3IfE6is_infEv @ 0xaf3200
STABILIZE: _ZN7Vector2IfE9normalizeEv @ 0xaf3530
STABILIZE: _ZN7Vector2IfEdVEf @ 0xaf3590
STABILIZE: _ZNK7Vector2IfE6is_infEv @ 0xaf3610
STABILIZE: _ZN11QuaternionTIfE15from_axis_angleERK7Vector3IfEf @ 0xaf37b0
STABILIZE: _ZN9AP_Logger19validate_structuresEPK12LogStructureh @ 0x7b3110
STABILIZE: _ZN9AP_Logger15dump_structuresEPK12LogStructureh @ 0x7b3560
STABILIZE: _ZN30LoggerMessageWriter_DFLogStartC2Ev @ 0xaf4450
STABILIZE: _ZN9AP_Logger15start_io_threadEv @ 0x7b35c0
STABILIZE: _ZN9AP_Logger12EnableWritesEb @ 0xaf4570
STABILIZE: _ZN7FunctorIvJEE4bindI9AP_LoggerXadL_ZNS2_9io_threadEvEEEES0_PT_ @ 0xaf45e0
STABILIZE: _ZN9AP_Logger9io_threadEv @ 0x7b36e0
STABILIZE: _ZN7FunctorIvJEE14method_wrapperI9AP_LoggerXadL_ZNS2_9io_threadEvEEEEvPv @ 0xaf4640
STABILIZE: _ZL3MAXIjjEDTqugtfp_fp0_fp_fp0_ERKT_RKT0_.6253 @ 0x7b3860
STABILIZE: _ZN9AP_Logger21check_crash_dump_saveEv @ 0x7b38e0
STABILIZE: _ZN9AP_Logger19file_content_updateEv @ 0x7b3a60
STABILIZE: _ZN9AP_Logger19file_content_updateERNS_11FileContentE @ 0x7b3bc0
STABILIZE: _ZN19LoggerMessageWriterC2Ev @ 0xaf46f0
STABILIZE: _ZN32LoggerMessageWriter_WriteSysInfoC2Ev @ 0xaf4760
STABILIZE: _ZN38LoggerMessageWriter_WriteEntireMissionC2Ev @ 0xaf47d0
STABILIZE: _ZN39LoggerMessageWriter_WriteAllRallyPointsC2Ev @ 0xaf4840
STABILIZE: _ZN35LoggerMessageWriter_Write_PolyfenceC2Ev @ 0xaf48c0
STABILIZE: _ZN19LoggerMessageWriter18set_logger_backendEP17AP_Logger_Backend @ 0xaf4930
STABILIZE: _ZN17AP_Logger_Backend13Write_MessageEPKc @ 0x7b4400
STABILIZE: _ZN30LoggerMessageWriter_DFLogStart7processEv @ 0x7b51c0
STABILIZE: _ZN30LoggerMessageWriter_DFLogStart18set_logger_backendEP17AP_Logger_Backend @ 0xaf4a10
STABILIZE: _ZNK30LoggerMessageWriter_DFLogStart35out_of_time_for_writing_messages_dfEv @ 0x7b57c0
STABILIZE: _ZNK17AP_Logger_Backend9num_typesEv @ 0x7b5850
STABILIZE: _ZNK17AP_Logger_Backend9structureEh @ 0x7b58a0
STABILIZE: _ZN14AP_Logger_File5probeER9AP_LoggerP30LoggerMessageWriter_DFLogStart @ 0xaf4ad0
STABILIZE: _ZN17AP_Logger_BackendC2ER9AP_LoggerP30LoggerMessageWriter_DFLogStart @ 0x7b5f90
STABILIZE: _ZN17AP_Logger_Backend14periodic_tasksEv @ 0x7b6420
STABILIZE: _ZN17AP_Logger_Backend24WriteMoreStartupMessagesEv @ 0x7b68f0
STABILIZE: _ZNK17AP_Logger_Backend15logging_enabledEv @ 0x7b8910
STABILIZE: _ZN17AP_Logger_Backend13periodic_10HzEj @ 0x7b8a40
STABILIZE: _ZN17AP_Logger_Backend12periodic_1HzEv @ 0x7b8a90
STABILIZE: _ZN17AP_Logger_Backend15push_log_blocksEv @ 0x7b8b20
STABILIZE: _ZN17AP_Logger_Backend12df_stats_logEv @ 0x7b8b80
STABILIZE: _ZN17AP_Logger_Backend26Write_AP_Logger_Stats_FileERKNS_8df_statsE @ 0x7b8bf0
STABILIZE: _ZN17AP_Logger_Backend14df_stats_clearEv @ 0x7b8d00
STABILIZE: _ZNK17AP_Logger_Backend31critical_message_reserved_spaceEj @ 0xaf56e0
STABILIZE: _ZN14AP_Logger_FileC2ER9AP_LoggerP30LoggerMessageWriter_DFLogStart @ 0x7bcdf0
STABILIZE: _ZNK14AP_Logger_File12CardInsertedEv @ 0x7bcf20
STABILIZE: _ZN14AP_Logger_File13find_last_logEv @ 0x7bd050
STABILIZE: _ZN14AP_Logger_File15find_oldest_logEv @ 0x7bd9d0
STABILIZE: _ZNK14AP_Logger_File15logging_startedEv @ 0xaf5b70
STABILIZE: _ZN14AP_Logger_File4InitEv @ 0x7bdc50
STABILIZE: _ZN14AP_Logger_File21bufferspace_availableEv @ 0x7bded0
STABILIZE: _ZNK14AP_Logger_File14logging_failedEv @ 0x7be4e0
STABILIZE: _ZN14AP_Logger_File8io_timerEv @ 0x7be5a0
STABILIZE: _ZN14AP_Logger_File12periodic_1HzEv @ 0x7beb70
STABILIZE: _ZN14AP_Logger_File17periodic_fullrateEv @ 0x7bee20
STABILIZE: _ZN7AP_AHRS6updateEb @ 0x7bf320
STABILIZE: _ZN7AP_AHRS18update_orientationEv @ 0x7bf660
STABILIZE: _ZN17AP_InertialSensor6updateEv @ 0x7bf760
STABILIZE: _ZN7AP_AHRS18load_watchdog_homeEv @ 0x7bfcb0
STABILIZE: _ZN7AP_AHRS29update_trim_rotation_matricesEv @ 0x7bfdd0
STABILIZE: _ZN7AP_AHRS10update_DCMEv @ 0x7bfee0
STABILIZE: _ZN7AP_AHRS12update_flagsEv @ 0x7bff80
STABILIZE: _ZN7AP_AHRS11update_SITLEv @ 0x7c0040
STABILIZE: _ZN7AP_AHRS15update_externalEv @ 0x7c00f0
STABILIZE: _ZN7AP_AHRS11update_EKF2Ev @ 0x7c0210
STABILIZE: _ZN7AP_AHRS11update_EKF3Ev @ 0x7c0700
STABILIZE: _ZNK7AP_AHRS14get_gyro_driftEv @ 0xaf5bd0
STABILIZE: _ZN12AP_AHRS_View6updateEv @ 0x7c0c40
STABILIZE: _ZN7AP_AHRS14update_AOA_SSAEv @ 0x7c0ef0
STABILIZE: _ZNK7AP_AHRS16_active_EKF_typeEv @ 0x7c0f40
STABILIZE: _ZN7AP_AHRS12update_stateEv @ 0x7c1470
STABILIZE: _ZNK7AP_AHRS23_get_primary_gyro_indexEv @ 0x7c1710
STABILIZE: _ZNK7AP_AHRS23_get_primary_core_indexEv @ 0x7c17c0
STABILIZE: _ZNK7AP_AHRS14_wind_estimateER7Vector3IfE @ 0x7c1890
STABILIZE: _ZN15AP_AHRS_Backend11get_EAS2TASEv @ 0x7c19c0
STABILIZE: _ZNK7AP_AHRS13_airspeed_EASERfRNS_20AirspeedEstimateTypeE @ 0x7c1a00
STABILIZE: _ZNK7AP_AHRS13_airspeed_TASERf @ 0x7c1f80
STABILIZE: _ZNK7AP_AHRS13_airspeed_TASER7Vector3IfE @ 0x7c2090
STABILIZE: _ZNK7AP_AHRS15_get_quaternionER11QuaternionTIfE @ 0x7c2170
STABILIZE: _ZNK7AP_AHRS23_get_secondary_attitudeER7Vector3IfE @ 0x7c2330
STABILIZE: _ZNK7AP_AHRS25_get_secondary_quaternionER11QuaternionTIfE @ 0x7c2530
STABILIZE: _ZNK7AP_AHRS13_get_locationER8Location @ 0x7c26e0
STABILIZE: _ZNK7AP_AHRS23_get_secondary_positionER8Location @ 0x7c2860
STABILIZE: _ZN7AP_AHRS19_groundspeed_vectorEv @ 0x7c29b0
STABILIZE: _ZN7AP_AHRS12_groundspeedEv @ 0x7c2ae0
STABILIZE: _ZNK7AP_AHRS29_getCorrectedDeltaVelocityNEDER7Vector3IfERf @ 0x7c2bb0
STABILIZE: _ZNK7AP_AHRS17_get_velocity_NEDER7Vector3IfE @ 0x7c2e40
STABILIZE: _ZNK7NavEKF39getVelNEDER7Vector3IfE @ 0x7c3000
STABILIZE: _ZNK11AP_AHRS_DCM16get_velocity_NEDER7Vector3IfE @ 0x7c31d0
STABILIZE: _ZNK12NavEKF3_core9getVelNEDER7Vector3IfE @ 0x7c3330
STABILIZE: _ZNK7NavEKF312getAccelBiasEaR7Vector3IfE @ 0x7c3520
STABILIZE: _ZNK17AP_InertialSensor18get_delta_velocityER7Vector3IfERf @ 0xaf5c30
STABILIZE: _ZNK17AP_InertialSensor18get_delta_velocityEhR7Vector3IfERf @ 0x7c35f0
STABILIZE: _ZNK7AP_AHRS43get_rotation_autopilot_body_to_vehicle_bodyEv @ 0xaf5cc0
STABILIZE: _ZNK17AP_InertialSensor14get_delta_timeEv @ 0xaf5d10
STABILIZE: _ZL3MINIffEDTqultfp_fp0_fp_fp0_ERKT_RKT0_.3694 @ 0x7c37a0
STABILIZE: _ZL3MINIffEDTqultfp_fp0_fp_fp0_ERKT_RKT0_.2119 @ 0x7c3830
STABILIZE: _ZNK12NavEKF3_core12getAccelBiasER7Vector3IfE @ 0x7c38c0
STABILIZE: _ZN15AP_AHRS_Backend11groundspeedEv @ 0xaf5d80
STABILIZE: _ZN11AP_AHRS_DCM18groundspeed_vectorEv @ 0x7c3a40
STABILIZE: _ZNK15AP_AHRS_Backend12airspeed_TASERf @ 0xaf5de0
STABILIZE: _ZL7radiansf.2107 @ 0x7c3fb0
STABILIZE: _ZNK7AP_AHRS23_get_secondary_EKF_typeERNS_7EKFTypeE @ 0x7c4000
STABILIZE: _ZNK7NavEKF36getLLHER8Location @ 0x7c41f0
STABILIZE: _ZNK15AP_AHRS_Backend9Estimates12get_locationER8Location @ 0xaf5f00
STABILIZE: _ZNK12NavEKF3_core6getLLHER8Location @ 0x7c4290
STABILIZE: _ZNK12NavEKF3_core9getGPSLLHER8Location @ 0x7c4520
STABILIZE: _ZNK7AP_AHRS24fallback_active_EKF_typeEv @ 0x7c4860
STABILIZE: _ZNK11AP_AHRS_DCM14get_quaternionER11QuaternionTIfE @ 0x7c48b0
STABILIZE: _ZNK7NavEKF313getQuaternionER11QuaternionTIfE @ 0x7c49b0
STABILIZE: _ZN11QuaternionTIfE6rotateERK7Vector3IfE @ 0xaf5ff0
STABILIZE: _ZN11QuaternionTIfE15from_axis_angleE7Vector3IfE @ 0xaf60a0
STABILIZE: _ZN15AP_ExternalAHRS14get_quaternionER11QuaternionTIfE @ 0x7c4ab0
STABILIZE: _ZNK12NavEKF3_core13getQuaternionER11QuaternionTIfE @ 0x7c4b60
STABILIZE: _ZNK11QuaternionTIdE7tofloatEv @ 0xaf6180
STABILIZE: _ZNK7NavEKF314getEulerAnglesER7Vector3IfE @ 0x7c4d10
STABILIZE: _ZNK7NavEKF312getAirSpdVecER7Vector3IfE @ 0x7c4ef0
STABILIZE: _ZNK12NavEKF3_core12getAirSpdVecER7Vector3IfE @ 0x7c4f90
STABILIZE: _ZNK11QuaternionTIdE7inverseEv @ 0xaf6200
STABILIZE: _ZNK7AP_AHRS25get_active_airspeed_indexEv @ 0x7c5390
STABILIZE: _ZNK7AP_AHRS27_should_use_airspeed_sensorEh @ 0x7c5490
STABILIZE: _ZNK7AP_AHRS27get_wind_estimation_enabledEv @ 0xaf62b0
STABILIZE: _ZNK11AP_AHRS_DCM12airspeed_EASEhRf @ 0x7c55b0
STABILIZE: _ZNK7NavEKF37getWindER7Vector3IfE @ 0x7c57a0
STABILIZE: _ZNK12NavEKF3_core7getWindER7Vector3IfE @ 0x7c58c0
STABILIZE: _ZNK11AP_AHRS_DCM30get_unconstrained_airspeed_EASEhRf @ 0x7c5960
STABILIZE: _ZN15AP_AHRS_Backend23airspeed_sensor_enabledEh @ 0xaf6370
STABILIZE: _ZN15AP_AHRS_Backend11get_TAS2EASEv @ 0xaf6410
STABILIZE: _ZNK7AP_AHRS23airspeed_sensor_enabledEh @ 0xaf6450
STABILIZE: _ZNK7NavEKF317getActiveAirspeedEv @ 0x7c5a90
STABILIZE: _ZNK12NavEKF3_core17getActiveAirspeedEv @ 0x7c5b20
STABILIZE: _ZNK7AP_Baro12_get_EAS2TASEv @ 0x7c5b70
STABILIZE: _ZNK7AP_Baro20get_EAS2TAS_extendedEf @ 0x7c5be0
STABILIZE: _ZNK11AP_AHRS_DCM13wind_estimateER7Vector3IfE @ 0xaf6530
STABILIZE: _ZNK7NavEKF319getPrimaryCoreIndexEv @ 0x7c5eb0
STABILIZE: _ZNK7NavEKF315getFilterFaultsERt @ 0x7c5fc0
STABILIZE: _ZNK16AP_NavEKF_Source14getPosXYSourceEh @ 0xaf6610
STABILIZE: _ZL7degreesf.18358 @ 0x7c61b0
STABILIZE: _ZNK7AP_AHRS9calc_trigERK7Matrix3IfERfS4_S4_S4_S4_S4_ @ 0x7c6200
STABILIZE: _ZNK9AP_Logger15allow_start_ekfEv @ 0x7c65f0
STABILIZE: _ZN7NavEKF316InitialiseFilterEv @ 0x7c66c0
STABILIZE: _ZN7NavEKF312UpdateFilterEv @ 0x7c6cc0
STABILIZE: _ZNK7NavEKF320getRotationBodyToNEDER7Matrix3IfE @ 0x7c7290
STABILIZE: _ZN7AP_AHRS16update_cd_valuesEv @ 0x7c7320
STABILIZE: _ZN7AP_AHRS11update_trigEv @ 0x7c7460
STABILIZE: _ZNK17AP_InertialSensor22get_first_usable_accelEv @ 0xaf6690
STABILIZE: _ZNK7NavEKF311getGyroBiasEaR7Vector3IfE @ 0x7c7540
STABILIZE: _ZN7AP_AHRS32update_notify_from_filter_statusERK17nav_filter_status @ 0x7c7610
STABILIZE: _ZNK12NavEKF3_core11getGyroBiasER7Vector3IfE @ 0x7c76c0
STABILIZE: _ZL7degreesf.2051 @ 0x7c77a0
STABILIZE: _ZN6AP_DAL11start_frameENS_9FrameTypeE @ 0x7c77f0
STABILIZE: _ZNK6AP_DAL8micros64Ev @ 0xaf66e0
STABILIZE: _ZNK12NavEKF3_core21getFramesSincePredictEv @ 0x7c7cd0
STABILIZE: _ZN6AP_DAL22ekf_low_time_remainingENS_7EKFTypeEh @ 0x7c7d30
STABILIZE: _ZN12NavEKF3_core12UpdateFilterEb @ 0x7c7e70
STABILIZE: _ZNK6AP_DAL9get_armedEv @ 0xaf6730
STABILIZE: _ZN7NavEKF315resetCoreErrorsEv @ 0x7c8470
STABILIZE: _ZN16AP_NavEKF_Source22align_inactive_sourcesEv @ 0x7c8500
STABILIZE: _ZNK16AP_NavEKF_Source14getVelXYSourceEh @ 0xaf6790
STABILIZE: _ZNK16AP_NavEKF_Source13getPosZSourceEh @ 0x7c87b0
STABILIZE: _ZNK7AP_EnumIN16AP_NavEKF_Source7SourceZEEcvKS1_Ev @ 0xaf6810
STABILIZE: _ZN18NavEKF_core_common22fill_scratch_variablesEv @ 0x7c8a20
STABILIZE: _ZN12NavEKF3_core23update_sensor_selectionEv @ 0x7c8ac0
STABILIZE: _ZN12NavEKF3_core18controlFilterModesEv @ 0x7c8b30
STABILIZE: _ZN12NavEKF3_core11readIMUDataEb @ 0x7c8c00
STABILIZE: _ZN12NavEKF3_core27UpdateStrapdownEquationsNEDEv @ 0x7c94d0
STABILIZE: _ZN12NavEKF3_core20CovariancePredictionEP7Vector3IdE @ 0x7c99b0
STABILIZE: _ZN12NavEKF3_core25runYawEstimatorPredictionEv @ 0x7d41a0
STABILIZE: _ZN12NavEKF3_core15SelectMagFusionEv @ 0x7d4300
STABILIZE: _ZN12NavEKF3_core18SelectVelPosFusionEv @ 0x7d5030
STABILIZE: _ZN12NavEKF3_core25runYawEstimatorCorrectionEv @ 0x7d59f0
STABILIZE: _ZN12NavEKF3_core18SelectRngBcnFusionEv @ 0x7d5be0
STABILIZE: _ZN12NavEKF3_core16SelectFlowFusionEv @ 0x7d5d10
STABILIZE: _ZN12NavEKF3_core20SelectBodyOdomFusionEv @ 0x7d5ff0
STABILIZE: _ZN12NavEKF3_core15SelectTasFusionEv @ 0x7d62a0
STABILIZE: _ZN12NavEKF3_core20SelectBetaDragFusionEv @ 0x7d63a0
STABILIZE: _ZN12NavEKF3_core18updateFilterStatusEv @ 0x7d6660
STABILIZE: _ZN12NavEKF3_core13moveEKFOriginEv @ 0x7d6fa0
STABILIZE: _ZN12NavEKF3_core21checkUpdateEarthFieldEv @ 0x7d7150
STABILIZE: _ZN12NavEKF3_core16calcOutputStatesEv @ 0x7d7210
STABILIZE: _ZN12NavEKF3_core25InitialiseFilterBootstrapEv @ 0x7d8110
STABILIZE: _ZN12NavEKF3_core11readMagDataEv @ 0x7d8560
STABILIZE: _ZN12NavEKF3_core11readGpsDataEv @ 0x7d8a70
STABILIZE: _ZN12NavEKF3_core14readGpsYawDataEv @ 0x7d9400
STABILIZE: _ZN12NavEKF3_core12readBaroDataEv @ 0x7d9530
STABILIZE: _ZNK16EKF_IMU_buffer_tIN12NavEKF3_core12imu_elementsEE9is_filledEv @ 0xaf6860
STABILIZE: _ZN12NavEKF3_core19InitialiseVariablesEv @ 0x7d96a0
STABILIZE: _ZN6AP_DAL3insEv @ 0xaf68c0
STABILIZE: _ZNK21AP_DAL_InertialSensor9get_accelEh @ 0xaf6910
STABILIZE: _ZN7Vector3IdE9normalizeEv @ 0xaf6980
STABILIZE: _ZN11QuaternionTIdE10from_eulerEddd @ 0xaf69e0
STABILIZE: _ZN12NavEKF3_core13ResetVelocityENS_15resetDataSourceE @ 0x7da3d0
STABILIZE: _ZN12NavEKF3_core13ResetPositionENS_15resetDataSourceE @ 0x7da7d0
STABILIZE: _ZN12NavEKF3_core11ResetHeightEv @ 0x7dad60
STABILIZE: _ZNK6AP_DAL8get_homeEv @ 0xaf6b90
STABILIZE: _ZN12NavEKF3_core14CovarianceInitEv @ 0x7db160
STABILIZE: _ZN12NavEKF3_core16StoreOutputResetEv @ 0x7db400
STABILIZE: _ZL2sqf.4910 @ 0x7db560
STABILIZE: _ZNK12NavEKF3_core26InitialGyroBiasUncertaintyEv @ 0x7db5b0
STABILIZE: _ZL7radiansd.4922 @ 0x7db600
STABILIZE: _ZNK16AP_NavEKF_Source13useVelZSourceENS_7SourceZEh @ 0x7db6d0
STABILIZE: _ZNK12NavEKF3_core26CorrectGPSForAntennaOffsetERNS_12gps_elementsE @ 0x7db800
STABILIZE: _ZL3MAXId9AP_ParamTIfL11ap_var_type4EEEDTqugtfp_fp0_fp_fp0_ERKT_RKT0_.4853 @ 0x7dba10
STABILIZE: _ZNK10AP_DAL_GPS18get_antenna_offsetEh @ 0xaf6be0
STABILIZE: _ZNK7Vector3IdErmERKS0_ @ 0xaf6c50
STABILIZE: _ZNK7Matrix3IdE13mul_transposeERK7Vector3IdE @ 0xaf6d30
STABILIZE: _ZL3MAXI9AP_ParamTIfL11ap_var_type4EEdEDTqugtfp_fp0_fp_fp0_ERKT_RKT0_ @ 0x7dbac0
STABILIZE: _ZN7Vector3IdEdVEd @ 0xaf6e40
STABILIZE: _ZNK21AP_DAL_InertialSensor16get_loop_delta_tEv @ 0xaf6ed0
STABILIZE: _ZL3MAXIhhEDTqugtfp_fp0_fp_fp0_ERKT_RKT0_.4909 @ 0x7dbb60
STABILIZE: _ZN7Matrix3IdE4zeroEv @ 0xaf6f20
STABILIZE: _ZN12NavEKF3_core12BeaconFusion19InitialiseVariablesEv @ 0x7dbbe0
STABILIZE: _ZN16EKF_IMU_buffer_tIN12NavEKF3_core12imu_elementsEE5resetEv @ 0xaf6f80
STABILIZE: _ZN16EKF_obs_buffer_tIN12NavEKF3_core12gps_elementsEE5resetEv @ 0xaf6fd0
STABILIZE: _ZN16EKF_obs_buffer_tIN12NavEKF3_core13baro_elementsEE5resetEv @ 0xaf7020
STABILIZE: _ZN16EKF_obs_buffer_tIN12NavEKF3_core12tas_elementsEE5resetEv @ 0xaf7070
STABILIZE: _ZN16EKF_obs_buffer_tIN12NavEKF3_core14range_elementsEE5resetEv @ 0xaf70c0
STABILIZE: _ZN16EKF_IMU_buffer_tIN12NavEKF3_core15output_elementsEE5resetEv @ 0xaf7110
STABILIZE: _ZN16EKF_obs_buffer_tIN12NavEKF3_core16rng_bcn_elementsEE5resetEv @ 0xaf7160
STABILIZE: _ZN16EKF_obs_buffer_tIN12NavEKF3_core16vel_odm_elementsEE5resetEv @ 0xaf71b0
STABILIZE: _ZN16EKF_obs_buffer_tIN12NavEKF3_core18wheel_odm_elementsEE5resetEv @ 0xaf7200
STABILIZE: _ZN16EKF_obs_buffer_tIN12NavEKF3_core16ext_nav_elementsEE5resetEv @ 0xaf7250
STABILIZE: _ZN16EKF_obs_buffer_tIN12NavEKF3_core20ext_nav_vel_elementsEE5resetEv @ 0xaf72a0
STABILIZE: _ZN12NavEKF3_core22InitialiseVariablesMagEv @ 0x7dbef0
STABILIZE: _ZNK12NavEKF3_core16effective_magCalEv @ 0x7dc060
STABILIZE: _ZNK14AP_DAL_Compass16get_first_usableEv @ 0xaf72f0
STABILIZE: _ZN11QuaternionTIdE10initialiseEv @ 0xaf7340
STABILIZE: _ZN16EKF_obs_buffer_tIN12NavEKF3_core12mag_elementsEE5resetEv @ 0xaf73b0
STABILIZE: _ZN16EKF_obs_buffer_tIN12NavEKF3_core12yaw_elementsEE5resetEv @ 0xaf7400
STABILIZE: _ZN15ekf_ring_buffer5resetEv @ 0x7dc140
STABILIZE: _ZN14ekf_imu_buffer5resetEv @ 0x7dc190
STABILIZE: _ZNK14ekf_imu_buffer9is_filledEv @ 0xaf7500
STABILIZE: _ZNK11AP_DAL_Baro15get_last_updateEh @ 0xaf7560
STABILIZE: _ZNK11AP_DAL_Baro12get_altitudeEh @ 0xaf75d0
STABILIZE: _ZN16EKF_obs_buffer_tIN12NavEKF3_core13baro_elementsEE4pushERKS1_ @ 0xaf7640
STABILIZE: _ZNK10AP_DAL_GPS11gps_yaw_degEhRfS0_Rj @ 0xaf76b0
STABILIZE: _ZL3MAXIfdEDTqugtfp_fp0_fp_fp0_ERKT_RKT0_ @ 0x7dc200
STABILIZE: _ZNK10AP_DAL_GPS20last_message_time_msEh @ 0xaf77d0
STABILIZE: _ZNK10AP_DAL_GPS7get_lagEhRf @ 0xaf7840
STABILIZE: _ZL3MINIjjEDTqultfp_fp0_fp_fp0_ERKT_RKT0_.4728 @ 0x7dc400
STABILIZE: _ZNK10AP_DAL_GPS8velocityEh @ 0xaf78f0
STABILIZE: _ZNK10AP_DAL_GPS22have_vertical_velocityEh @ 0xaf7960
STABILIZE: _ZNK10AP_DAL_GPS14speed_accuracyEhRf @ 0xaf79e0
STABILIZE: _ZL3MAXIdfEDTqugtfp_fp0_fp_fp0_ERKT_RKT0_.4723 @ 0x7dc480
STABILIZE: _ZL3MINIdfEDTqultfp_fp0_fp_fp0_ERKT_RKT0_ @ 0x7dc520
STABILIZE: _ZL3MAXId9AP_ParamTIfL11ap_var_type4EEEDTqugtfp_fp0_fp_fp0_ERKT_RKT0_ @ 0x7dc5c0
STABILIZE: _ZNK10AP_DAL_GPS19horizontal_accuracyEhRf @ 0xaf7a90
STABILIZE: _ZNK10AP_DAL_GPS17vertical_accuracyEhRf @ 0xaf7b40
STABILIZE: _ZNK10AP_DAL_GPS8num_satsEh @ 0xaf7bf0
STABILIZE: _ZN12NavEKF3_core18calcGpsGoodToAlignEv @ 0x7dc670
STABILIZE: _ZN12NavEKF3_core20calcGpsGoodForFlightEv @ 0x7dd5d0
STABILIZE: _ZN16EKF_obs_buffer_tIN12NavEKF3_core12gps_elementsEE4pushERKS1_ @ 0xaf7c60
STABILIZE: _ZL3MAXIddEDTqugtfp_fp0_fp_fp0_ERKT_RKT0_.4888 @ 0x7dda90
STABILIZE: _ZL3MINIdfEDTqultfp_fp0_fp_fp0_ERKT_RKT0_.4875 @ 0x7ddb10
STABILIZE: _ZNK10AP_DAL_GPS8get_hdopEh @ 0xaf7cd0
STABILIZE: _ZNK14AP_DAL_Compass9get_countEv @ 0xaf7d40
STABILIZE: _ZNK14AP_DAL_Compass21learn_offsets_enabledEv @ 0xaf7d90
STABILIZE: _ZNK14AP_DAL_Compass16last_update_usecEh @ 0xaf7df0
STABILIZE: _ZNK7Vector3IdEneERKS0_ @ 0xaf7e60
STABILIZE: _ZN12NavEKF3_core12mag_elementsC2Ev @ 0xaf7f30
STABILIZE: _ZNK14AP_DAL_Compass9get_fieldEh @ 0xaf7f90
STABILIZE: _ZNK14AP_DAL_Compass10consistentEv @ 0xaf8000
STABILIZE: _ZN16EKF_obs_buffer_tIN12NavEKF3_core12mag_elementsEE4pushERKS1_ @ 0xaf8060
STABILIZE: _Z8is_equalIddENSt3__19enable_ifIXsr3std17is_floating_pointINS0_11common_typeIJT_T0_EE4typeEEE5valueEbE4typeES3_S4_ @ 0xaf80d0
STABILIZE: _ZN12NavEKF3_core17correctDeltaAngleER7Vector3IdEdh @ 0x7dddf0
STABILIZE: _ZN12NavEKF3_core20correctDeltaVelocityER7Vector3IdEdh @ 0x7ddeb0
STABILIZE: _ZN11QuaternionTIdEC2Ev @ 0xaf8150
STABILIZE: _ZN11QuaternionTIdE15from_axis_angleE7Vector3IdE @ 0xaf81c0
STABILIZE: _ZN11QuaternionTIdEmLERKS0_ @ 0xaf8280
STABILIZE: _ZNK11QuaternionTIdE15rotation_matrixER7Matrix3IdE @ 0xaf8420
STABILIZE: _ZNK21AP_DAL_InertialSensor8get_gyroEh @ 0xaf8610
STABILIZE: _ZNK7Vector3IdEngEv @ 0xaf8680
STABILIZE: _ZNK6AP_DAL20get_takeoff_expectedEv @ 0xaf8720
STABILIZE: _ZN16EKF_IMU_buffer_tIN12NavEKF3_core12imu_elementsEE18get_youngest_indexEv @ 0xaf8790
STABILIZE: _ZN16EKF_IMU_buffer_tIN12NavEKF3_core12imu_elementsEE16get_oldest_indexEv @ 0xaf87f0
STABILIZE: _ZNK11QuaternionTIdEdvERKS0_ @ 0xaf8850
STABILIZE: _ZN11QuaternionTIdEixEh @ 0xaf8a70
STABILIZE: _ZL3MAXIddEDTqugtfp_fp0_fp_fp0_ERKT_RKT0_.4938 @ 0x7ddfd0
STABILIZE: _ZN12NavEKF3_core15output_elementsC2Ev @ 0xaf8ae0
STABILIZE: _ZNK14ekf_imu_buffer16get_oldest_indexEv @ 0xaf8b60
STABILIZE: _ZNK14ekf_imu_buffer18get_youngest_indexEv @ 0xaf8bb0
STABILIZE: _ZN7AP_AHRS20set_takeoff_expectedEb @ 0x7de050
STABILIZE: _ZN11QuaternionTIdE15from_axis_angleERK7Vector3IdEd @ 0xaf8c00
STABILIZE: _ZNK6AP_DAL22get_touchdown_expectedEv @ 0xaf8d20
STABILIZE: _ZNK6AP_DAL11get_EAS2TASEv @ 0xaf8e00
STABILIZE: _ZN7Vector3IdEixEh @ 0xaf8ec0
STABILIZE: _ZNK7Vector3IdEixEh @ 0xaf8f30
STABILIZE: _ZN7Vector2IdEixEh @ 0xaf8fa0
STABILIZE: _ZN15ekf_ring_buffer6recallEPvj @ 0x7e4b30
STABILIZE: _ZNK15ekf_ring_buffer7time_msEh @ 0x7e4c90
STABILIZE: _ZN12NavEKF3_core14readAirSpdDataEv @ 0x7e4d00
STABILIZE: _ZNK12NavEKF3_core11useAirspeedEv @ 0x7e69d0
STABILIZE: _ZNK6AP_DAL23airspeed_sensor_enabledEv @ 0xaf92c0
STABILIZE: _ZN16EKF_obs_buffer_tIN12NavEKF3_core16vel_odm_elementsEE6recallERS1_j @ 0xaf9330
STABILIZE: _ZN16EKF_obs_buffer_tIN12NavEKF3_core18wheel_odm_elementsEE6recallERS1_j @ 0xaf93b0
STABILIZE: _ZN12NavEKF3_core11of_elementsC2Ev @ 0xaf9430
STABILIZE: _ZN16EKF_obs_buffer_tIN12NavEKF3_core11of_elementsEE6recallERS1_j @ 0xaf94c0
STABILIZE: _ZNK7Vector2IdEixEh @ 0xaf9540
STABILIZE: _ZN12NavEKF3_core14readRngBcnDataEv @ 0x7f3900
STABILIZE: _ZN12NavEKF3_core16rng_bcn_elementsC2Ev @ 0xaf96a0
STABILIZE: _ZN12NavEKF3_core17bestRotationOrderERNS_13rotationOrderE @ 0x7f7d50
STABILIZE: _ZN12NavEKF3_core21resetQuatStateYawOnlyEddNS_13rotationOrderE @ 0x7f7e40
STABILIZE: _ZN12NavEKF3_core24recordYawResetsCompletedEv @ 0x7f8110
STABILIZE: _ZNK11QuaternionTIdE8to_eulerERdS1_S1_ @ 0xaf9a10
STABILIZE: _ZNK11QuaternionTIdE12to_vector312Ev @ 0xaf9ac0
STABILIZE: _ZN11QuaternionTIdE14from_vector312Eddd @ 0xaf9b50
STABILIZE: _ZN12NavEKF3_core15StoreQuatRotateERK11QuaternionTIdE @ 0x7f8190
STABILIZE: _ZNK11QuaternionTIdEmlERKS0_ @ 0xaf9c10
STABILIZE: _ZN7Matrix3IdE13from_euler312Eddd @ 0xaf9e00
STABILIZE: _ZN11QuaternionTIdE20from_rotation_matrixERK7Matrix3IdE @ 0xaf9fd0
STABILIZE: _ZNK7Matrix3IdE11to_euler312Ev @ 0xafa4a0
STABILIZE: _ZN7Matrix3IdEixEh @ 0xafa590
STABILIZE: _ZN16EKF_obs_buffer_tIN12NavEKF3_core16ext_nav_elementsEE6recallERS1_j @ 0xafa700
STABILIZE: _ZN16EKF_obs_buffer_tIN12NavEKF3_core20ext_nav_vel_elementsEE6recallERS1_j @ 0xafa780
STABILIZE: _ZNK12NavEKF3_core35CalculateVelInnovationsAndVariancesERK7Vector3IdEddRS1_S4_ @ 0x7fa6d0
STABILIZE: _ZN16EKF_obs_buffer_tIN12NavEKF3_core12gps_elementsEE6recallERS1_j @ 0xafa800
STABILIZE: _ZN12NavEKF3_core21selectHeightForFusionEv @ 0x7fad10
STABILIZE: _ZN12NavEKF3_core13FuseVelPosNEDEv @ 0x7fc210
STABILIZE: _ZL3MAXIdfEDTqugtfp_fp0_fp_fp0_ERKT_RKT0_.4863 @ 0x7fe560
STABILIZE: _ZL3MAXI9AP_ParamTIfL11ap_var_type4EEfEDTqugtfp_fp0_fp_fp0_ERKT_RKT0_.4864 @ 0x7fe600
STABILIZE: _ZN12NavEKF3_core15readRangeFinderEv @ 0x7fe690
STABILIZE: _ZN16EKF_obs_buffer_tIN12NavEKF3_core14range_elementsEE6recallERS1_j @ 0xafa880
STABILIZE: _ZN16EKF_obs_buffer_tIN12NavEKF3_core13baro_elementsEE6recallERS1_j @ 0xafa950
STABILIZE: _ZN2AP11rangefinderEv @ 0x7ff170
STABILIZE: _ZL3MAXIddEDTqugtfp_fp0_fp_fp0_ERKT_RKT0_.4712 @ 0x7ff260
STABILIZE: _ZL3MAXI9AP_ParamTIfL11ap_var_type4EEfEDTqugtfp_fp0_fp_fp0_ERKT_RKT0_.4701 @ 0x7ff430
STABILIZE: _ZN12NavEKF3_core12fuseEulerYawENS_15yawFusionMethodE @ 0x7ff4c0
STABILIZE: _ZN16EKF_obs_buffer_tIN12NavEKF3_core12yaw_elementsEE6recallERS1_j @ 0xafabe0
STABILIZE: _ZN16EKF_obs_buffer_tIN12NavEKF3_core12mag_elementsEE6recallERS1_j @ 0xafac60
STABILIZE: _ZN12NavEKF3_core18controlMagYawResetEv @ 0x801460
STABILIZE: _ZN7Matrix3IdEC2Eddddddddd @ 0xaface0
STABILIZE: _ZNK7Matrix3IdEixEh @ 0xafae30
STABILIZE: _ZL3MAXIdfEDTqugtfp_fp0_fp_fp0_ERKT_RKT0_.4699 @ 0x8082b0
STABILIZE: _ZN12NavEKF3_core17MagTableConstrainEv @ 0x808350
STABILIZE: _ZNK11QuaternionTIdE13to_axis_angleER7Vector3IdE @ 0xafaea0
STABILIZE: _ZN12NavEKF3_core13setYawFromMagEv @ 0x808480
STABILIZE: _ZN12NavEKF3_core19resetMagFieldStatesEv @ 0x8086b0
STABILIZE: _ZNK7Matrix3IdE10transposedEv @ 0xafafe0
STABILIZE: _ZN12NavEKF3_core14recordMagResetEv @ 0x8088e0
STABILIZE: _ZN7Matrix3IdEC2ERK7Vector3IdES4_S4_ @ 0xafb0a0
STABILIZE: _ZNK11QuaternionTIdE8to_eulerER7Vector3IdE @ 0xafb170
STABILIZE: _ZL3MAXI9AP_ParamTIfL11ap_var_type4EEfEDTqugtfp_fp0_fp_fp0_ERKT_RKT0_.4949 @ 0x8089a0
STABILIZE: _ZN10EKFGSF_yaw6updateERK7Vector3IdES3_ddbd @ 0x808ad0
STABILIZE: _ZN10EKFGSF_yaw9alignTiltEv @ 0x8092f0
STABILIZE: _ZN10EKFGSF_yaw7predictEh @ 0x809560
STABILIZE: _ZN10EKFGSF_yaw11predictAHRSEh @ 0x80a0b0
STABILIZE: _ZL7radiansf.4192 @ 0x80a630
STABILIZE: _ZL2sqf.4193 @ 0x80a680
STABILIZE: _ZNK10EKFGSF_yaw12updateRotMatERK7Matrix3IdERK7Vector3IdE @ 0x80a6d0
STABILIZE: _ZNK7Matrix3IdEmlERKS0_ @ 0xafb1f0
STABILIZE: _ZN12NavEKF3_core21calcTiltErrorVarianceEv @ 0x80afb0
STABILIZE: _ZN12NavEKF3_core23verifyTiltErrorVarianceEv @ 0x80b690
STABILIZE: _ZL3MINIffEDTqultfp_fp0_fp_fp0_ERKT_RKT0_.4930 @ 0x80ba90
STABILIZE: _ZN11QuaternionTIdE6rotateERK7Vector3IdE @ 0xafb460
STABILIZE: _ZN12NavEKF3_core15ConstrainStatesEv @ 0x80bb20
STABILIZE: _ZNK21AP_DAL_InertialSensor9use_accelEh @ 0xafb520
STABILIZE: _ZNK21AP_DAL_InertialSensor8use_gyroEh @ 0xafb5f0
STABILIZE: _ZN12NavEKF3_core19learnInactiveBiasesEv @ 0x80bf60
STABILIZE: _ZN12NavEKF3_core19updateMovementCheckEv @ 0x80c4d0
STABILIZE: _ZN12NavEKF3_core17readDeltaVelocityEhR7Vector3IdERd @ 0x80cd70
STABILIZE: _ZNK21AP_DAL_InertialSensor18get_imu_pos_offsetEh @ 0xafb6c0
STABILIZE: _ZN12NavEKF3_core14readDeltaAngleEhR7Vector3IdERd @ 0x80cec0
STABILIZE: _ZN16EKF_IMU_buffer_tIN12NavEKF3_core12imu_elementsEE21push_youngest_elementES1_ @ 0xafb730
STABILIZE: _ZN12NavEKF3_core14SampleDragDataERKNS_12imu_elementsE @ 0x80cfe0
STABILIZE: _ZN16EKF_IMU_buffer_tIN12NavEKF3_core12imu_elementsEE18get_oldest_elementEv @ 0xafb790
STABILIZE: _ZN12NavEKF3_core22updateTimingStatisticsEv @ 0x80d290
STABILIZE: _ZL3MINIfdEDTqultfp_fp0_fp_fp0_ERKT_RKT0_.4724 @ 0x80d540
STABILIZE: _ZN12NavEKF3_core12imu_elementsC2Ev @ 0xafb810
STABILIZE: _ZN14ekf_imu_buffer18get_oldest_elementEPv @ 0x80d5e0
STABILIZE: _ZN14ekf_imu_buffer21push_youngest_elementEPKv @ 0x80d6a0
STABILIZE: _ZNK21AP_DAL_InertialSensor14get_gyro_countEv @ 0xafb8f0
STABILIZE: _ZNK21AP_DAL_InertialSensor15get_delta_angleEhR7Vector3IfERf @ 0xafb940
STABILIZE: _ZNK21AP_DAL_InertialSensor15get_accel_countEv @ 0xafba40
STABILIZE: _ZNK21AP_DAL_InertialSensor18get_delta_velocityEhR7Vector3IfERf @ 0xafba90
STABILIZE: _ZL7radiansi.4726 @ 0x80d790
STABILIZE: _ZN12NavEKF3_core12detectFlightEv @ 0x80d7f0
STABILIZE: _ZN12NavEKF3_core27setWindMagStateLearningModeEv @ 0x80dcb0
STABILIZE: _ZN12NavEKF3_core28checkAttitudeAlignmentStatusEv @ 0x80e550
STABILIZE: _ZN12NavEKF3_core13setAidingModeEv @ 0x80e660
STABILIZE: _ZN12NavEKF3_core12setYawSourceEv @ 0x80f5d0
STABILIZE: _ZN12NavEKF3_core18checkGyroCalStatusEv @ 0x80f6a0
STABILIZE: _ZNK12NavEKF3_core13readyToUseGPSEv @ 0x80f860
STABILIZE: _ZNK12NavEKF3_core21readyToUseRangeBeaconEv @ 0x80f980
STABILIZE: _ZNK12NavEKF3_core16readyToUseExtNavEv @ 0x80fa70
STABILIZE: _ZNK12NavEKF3_core17readyToUseOptFlowEv @ 0x80fb20
STABILIZE: _ZNK12NavEKF3_core17readyToUseBodyOdmEv @ 0x80fc20
STABILIZE: _ZL3MINIttEDTqultfp_fp0_fp_fp0_ERKT_RKT0_ @ 0x80fd80
STABILIZE: _ZL7radiansd.4644 @ 0x80fe00
STABILIZE: _ZL7radiansf.4647 @ 0x80fe50
STABILIZE: _ZL2sqf.4648 @ 0x80fea0
STABILIZE: _ZN12NavEKF3_core19updateStateIndexLimEv @ 0x80fef0
STABILIZE: _ZN12NavEKF3_core20update_gps_selectionEv @ 0x8100e0
STABILIZE: _ZN12NavEKF3_core20update_mag_selectionEv @ 0x8101e0
STABILIZE: _ZN12NavEKF3_core21update_baro_selectionEv @ 0x810320
STABILIZE: _ZN12NavEKF3_core25update_airspeed_selectionEv @ 0x810400
STABILIZE: _ZNK11AP_DAL_Baro11get_primaryEv @ 0xafbc20
STABILIZE: _Z9fill_nanfPdt @ 0x810510
STABILIZE: _ZNK17AP_InertialSensor20get_last_update_usecEv @ 0xafbce0
STABILIZE: _ZNK17AP_InertialSensor16get_loop_delta_tEv @ 0xafbd30
STABILIZE: _ZN6AP_DAL12init_sensorsEv @ 0x810610
STABILIZE: _ZNK7AP_AHRS17get_vehicle_classEv @ 0xafbd80
STABILIZE: _ZNK7AP_AHRS20get_takeoff_expectedEv @ 0xafbdd0
STABILIZE: _ZNK7AP_AHRS22get_touchdown_expectedEv @ 0xafbe30
STABILIZE: _ZNK7AP_AHRS8get_trimEv @ 0xafbe90
STABILIZE: _ZN2AP12wheelencoderEv @ 0x810930
STABILIZE: _ZNK7AP_AHRS43get_rotation_vehicle_body_to_autopilot_bodyEv @ 0xafbf40
STABILIZE: _ZN21AP_DAL_InertialSensor11start_frameEv @ 0x810970
STABILIZE: _ZN11AP_DAL_Baro11start_frameEv @ 0x810bf0
STABILIZE: _ZN10AP_DAL_GPS11start_frameEv @ 0x810d60
STABILIZE: _ZN14AP_DAL_Compass11start_frameEv @ 0x811160
STABILIZE: _ZN2AP6beaconEv @ 0x811970
STABILIZE: _ZNK9AP_Beacon7enabledEv @ 0x811c10
STABILIZE: _ZNK9AP_Beacon12device_readyEv @ 0x811f50
STABILIZE: _ZNK7AP_EnumIN9AP_Beacon4TypeEEcvKS1_Ev @ 0xafbff0
STABILIZE: _ZN9AP_Beacon13get_singletonEv @ 0xafc040
STABILIZE: _ZNK11AP_Airspeed15get_num_sensorsEv @ 0xafc080
STABILIZE: _ZNK7Compass24auto_declination_enabledEv @ 0xafc140
STABILIZE: _ZNK7Compass15get_declinationEv @ 0x8120c0
STABILIZE: _ZNK7Compass15get_num_enabledEv @ 0x812120
STABILIZE: _ZNK7Compass16get_first_usableEv @ 0xafc1b0
STABILIZE: _ZNK7Compass21learn_offsets_enabledEv @ 0xafc200
STABILIZE: _ZNK7Compass17have_scale_factorEh @ 0x8121e0
STABILIZE: _ZNK7Compass16last_update_usecEh @ 0xafc270
STABILIZE: _ZNK14typesafe_indexIh14TAG_StateIndexEgeERKh @ 0xafc2f0
STABILIZE: _ZNK7AP_Baro11get_primaryEv @ 0xafc360
STABILIZE: _ZNK7AP_Baro15get_last_updateEh @ 0xafc3b0
STABILIZE: _ZNK17AP_InertialSensor16get_loop_rate_hzEv @ 0xafc420
STABILIZE: _ZNK17AP_InertialSensor15get_delta_angleEhR7Vector3IfERf @ 0x812320
STABILIZE: _ZN21AP_DAL_InertialSensor15update_filteredEh @ 0x8124f0
STABILIZE: _ZNK17AP_InertialSensor18get_imu_pos_offsetEh @ 0xafc470
STABILIZE: _ZNK17AP_InertialSensor10_accel_posEh @ 0xafc4d0
STABILIZE: _ZN17AP_InertialSensor10_accel_posEh @ 0xafc530
STABILIZE: _ZN15AP_WheelEncoder13get_singletonEv @ 0xafc5a0
STABILIZE: _ZNK21AP_DAL_InertialSensor16get_loop_rate_hzEv @ 0xafc780
STABILIZE: _ZN7NavEKF318convert_parametersEv @ 0x812cc0
STABILIZE: _ZN13AP_ParamTBaseIaL11ap_var_type1EE15set_and_defaultERKa @ 0xafc7d0
STABILIZE: _ZNK6AP_DAL16available_memoryEv @ 0xafc860
STABILIZE: _ZNK6AP_DAL11malloc_typeEmNS_10MemoryTypeE @ 0x8130f0
STABILIZE: _ZN12NavEKF3_core10setup_coreEhh @ 0x813170
STABILIZE: _ZL3MAXIdfEDTqugtfp_fp0_fp_fp0_ERKT_RKT0_.4903 @ 0x813b60
STABILIZE: _ZL3MAXIttEDTqugtfp_fp0_fp_fp0_ERKT_RKT0_ @ 0x813c00
STABILIZE: _ZL3MAXI9AP_ParamTIaL11ap_var_type1EEtEDTqugtfp_fp0_fp_fp0_ERKT_RKT0_ @ 0x813c80
STABILIZE: _ZL3MAXI9AP_ParamTIsL11ap_var_type2EEtEDTqugtfp_fp0_fp_fp0_ERKT_RKT0_ @ 0x813d20
STABILIZE: _ZNK16AP_NavEKF_Source8usingGPSEh @ 0x813dc0
STABILIZE: _ZL3MINItiEDTqultfp_fp0_fp_fp0_ERKT_RKT0_ @ 0x813ea0
STABILIZE: _ZL3MAXItiEDTqugtfp_fp0_fp_fp0_ERKT_RKT0_ @ 0x813f20
STABILIZE: _ZL3MINIhhEDTqultfp_fp0_fp_fp0_ERKT_RKT0_.4905 @ 0x813fa0
STABILIZE: _ZL3MINIihEDTqultfp_fp0_fp_fp0_ERKT_RKT0_.4906 @ 0x814020
STABILIZE: _ZN16EKF_obs_buffer_tIN12NavEKF3_core12gps_elementsEE4initEh @ 0xafc920
STABILIZE: _ZN16EKF_obs_buffer_tIN12NavEKF3_core12mag_elementsEE4initEh @ 0xafc980
STABILIZE: _ZN16EKF_obs_buffer_tIN12NavEKF3_core13baro_elementsEE4initEh @ 0xafc9e0
STABILIZE: _ZNK16AP_NavEKF_Source15ext_nav_enabledEv @ 0x8140b0
STABILIZE: _ZNK16AP_NavEKF_Source21wheel_encoder_enabledEv @ 0x8141e0
STABILIZE: _ZNK16AP_NavEKF_Source15gps_yaw_enabledEv @ 0x814290
STABILIZE: _ZN16EKF_IMU_buffer_tIN12NavEKF3_core12imu_elementsEE4initEh @ 0xafcda0
STABILIZE: _ZN16EKF_IMU_buffer_tIN12NavEKF3_core15output_elementsEE4initEh @ 0xafce10
STABILIZE: _ZN16EKF_obs_buffer_tIN12NavEKF3_core13drag_elementsEE4initEh @ 0xafce80
STABILIZE: _ZN10EKFGSF_yawC2Ev @ 0x814360
STABILIZE: _ZN10EKFGSF_yaw11ahrs_structC2Ev @ 0xafcee0
STABILIZE: _ZN15ekf_ring_buffer4initEh @ 0x814460
STABILIZE: _ZN14ekf_imu_buffer4initEj @ 0x814520
STABILIZE: _ZN12NavEKF3_coreC2EP7NavEKF3R6AP_DAL @ 0x8145f0
STABILIZE: _ZN12NavEKF3_coreUt0_C2Ev @ 0xafcfd0
STABILIZE: _ZN16EKF_IMU_buffer_tIN12NavEKF3_core12imu_elementsEEC2Ev @ 0xafd040
STABILIZE: _ZN16EKF_obs_buffer_tIN12NavEKF3_core12gps_elementsEEC2Ev @ 0xafd0a0
STABILIZE: _ZN16EKF_obs_buffer_tIN12NavEKF3_core12mag_elementsEEC2Ev @ 0xafd100
STABILIZE: _ZN16EKF_obs_buffer_tIN12NavEKF3_core13baro_elementsEEC2Ev @ 0xafd160
STABILIZE: _ZN16EKF_obs_buffer_tIN12NavEKF3_core12tas_elementsEEC2Ev @ 0xafd1c0
STABILIZE: _ZN16EKF_obs_buffer_tIN12NavEKF3_core14range_elementsEEC2Ev @ 0xafd220
STABILIZE: _ZN16EKF_IMU_buffer_tIN12NavEKF3_core15output_elementsEEC2Ev @ 0xafd280
STABILIZE: _ZN12NavEKF3_core12gps_elementsC2Ev @ 0xafd2e0
STABILIZE: _ZN16EKF_obs_buffer_tIN12NavEKF3_core11of_elementsEEC2Ev @ 0xafd340
STABILIZE: _ZN12NavEKF3_coreUt2_C2Ev @ 0xafd3a0
STABILIZE: _ZN16EKF_obs_buffer_tIN12NavEKF3_core16vel_odm_elementsEEC2Ev @ 0xafd420
STABILIZE: _ZN12NavEKF3_core16vel_odm_elementsC2Ev @ 0xafd480
STABILIZE: _ZN16EKF_obs_buffer_tIN12NavEKF3_core18wheel_odm_elementsEEC2Ev @ 0xafd500
STABILIZE: _ZN12NavEKF3_core18wheel_odm_elementsC2Ev @ 0xafd560
STABILIZE: _ZN16EKF_obs_buffer_tIN12NavEKF3_core12yaw_elementsEEC2Ev @ 0xafd5c0
STABILIZE: _ZN12NavEKF3_core12BeaconFusionC2ER6AP_DAL @ 0xafd620
STABILIZE: _ZN16EKF_obs_buffer_tIN12NavEKF3_core13drag_elementsEEC2Ev @ 0xafd6f0
STABILIZE: _ZN12NavEKF3_core13drag_elementsC2Ev @ 0xafd750
STABILIZE: _ZN16EKF_obs_buffer_tIN12NavEKF3_core16ext_nav_elementsEEC2Ev @ 0xafd7b0
STABILIZE: _ZN16EKF_obs_buffer_tIN12NavEKF3_core20ext_nav_vel_elementsEEC2Ev @ 0xafd810
STABILIZE: _ZN15ekf_ring_bufferC2Eh @ 0x814c50
STABILIZE: _ZN16EKF_obs_buffer_tIN12NavEKF3_core16rng_bcn_elementsEEC2Ev @ 0xafd870
STABILIZE: _ZN14ekf_imu_bufferC2Eh @ 0x814cb0
STABILIZE: _ZN16AP_NavEKF_Source10configuredEv @ 0x814d10
STABILIZE: _ZN8AP_Param29find_top_level_key_by_pointerEPKvRt @ 0x814da0
STABILIZE: _ZN16AP_NavEKF_Source15mark_configuredEv @ 0x814e80
STABILIZE: _ZN7NavEKF216InitialiseFilterEv @ 0x814f80
STABILIZE: _ZNK6AP_DAL12get_ekf_typeEv @ 0xafed90
STABILIZE: _ZN16AP_AHRS_External6updateEv @ 0x848320
STABILIZE: _ZN16AP_AHRS_External11get_resultsERN15AP_AHRS_Backend9EstimatesE @ 0x848370
STABILIZE: _ZN7AP_AHRS37copy_estimates_from_backend_estimatesERKN15AP_AHRS_Backend9EstimatesE @ 0x8485c0
STABILIZE: _ZN15AP_ExternalAHRS6updateEv @ 0x8488a0
STABILIZE: _ZL7degreesf.10880 @ 0x848bd0
STABILIZE: _ZN11AP_AHRS_SIM6updateEv @ 0xaff950
STABILIZE: _ZN11AP_AHRS_SIM11get_resultsERN15AP_AHRS_Backend9EstimatesE @ 0x848c20
STABILIZE: _ZN11AP_AHRS_DCM6updateEv @ 0x849800
STABILIZE: _ZN11AP_AHRS_DCM11get_resultsERN15AP_AHRS_Backend9EstimatesE @ 0x849b20
STABILIZE: _ZN11AP_AHRS_DCM13matrix_updateEv @ 0x849c40
STABILIZE: _ZN11AP_AHRS_DCM9normalizeEv @ 0x849e90
STABILIZE: _ZN11AP_AHRS_DCM16drift_correctionEf @ 0x84a0b0
STABILIZE: _ZN11AP_AHRS_DCM12check_matrixEv @ 0x84b410
STABILIZE: _ZN11AP_AHRS_DCM15backup_attitudeEv @ 0x84b510
STABILIZE: _ZNK11AP_AHRS_DCM12get_error_rpEv @ 0xaffa10
STABILIZE: _ZNK11AP_AHRS_DCM13get_error_yawEv @ 0xaffa60
STABILIZE: _ZN7Matrix3IfE6is_nanEv @ 0xaffab0
STABILIZE: _ZN11AP_AHRS_DCM5resetEb @ 0x84b5a0
STABILIZE: _ZN11AP_AHRS_DCM20drift_correction_yawEv @ 0x84ba00
STABILIZE: _ZNK7Matrix3IfE4colxEv @ 0xaffb50
STABILIZE: _ZNK6AP_GPS16last_fix_time_msEv @ 0xaffbc0
STABILIZE: _ZL3MAXIfiEDTqugtfp_fp0_fp_fp0_ERKT_RKT0_.2117 @ 0x84bf20
STABILIZE: _ZNK11AP_AHRS_DCM26should_correct_centrifugalEv @ 0x84bfc0
STABILIZE: _ZNK17AP_InertialSensor7healthyEv @ 0xaffc20
STABILIZE: _ZN11AP_AHRS_DCM7_P_gainEf @ 0x84c120
STABILIZE: _ZNK11AP_AHRS_DCM14use_fast_gainsEv @ 0x84c200
STABILIZE: _ZL7radiansi.2118 @ 0x84c290
STABILIZE: _ZNK17AP_InertialSensor19get_gyro_drift_rateEv @ 0xaffca0
STABILIZE: _ZNK17AP_InertialSensor15get_gyro_healthEv @ 0xaffcf0
STABILIZE: _ZNK17AP_InertialSensor16get_accel_healthEv @ 0xaffd50
STABILIZE: _ZNK7Compass16last_update_usecEv @ 0xaffdb0
STABILIZE: _ZN7Compass4readEv @ 0x84c2f0
STABILIZE: _ZN11AP_AHRS_DCM17yaw_error_compassER7Compass @ 0x84c6c0
STABILIZE: _ZNK11AP_AHRS_DCM9_yaw_gainEv @ 0x84c840
STABILIZE: _ZNK7Matrix3IfE5mulXYERK7Vector3IfE @ 0xaffe10
STABILIZE: _ZNK7Vector2IfErmERKS0_ @ 0xaffee0
STABILIZE: _ZN7Compass24try_set_initial_locationEv @ 0x84c8f0
STABILIZE: _ZN7Compass15_detect_runtimeEv @ 0x84c9f0
STABILIZE: _ZN19RestrictIDTypeArrayI9AP_ParamTIaL11ap_var_type1EELj3E14typesafe_indexIh12TAG_PriorityEEixERKS5_ @ 0xafff60
STABILIZE: _ZN7Matrix3IfE6invertEv @ 0xb00160
STABILIZE: _ZNK7Matrix3IfE7inverseERS0_ @ 0xb001f0
STABILIZE: _ZNK7Matrix3IfE3detEv @ 0xb003e0
STABILIZE: _ZN7Compass15_driver_enabledENS_10DriverTypeE @ 0x84dd70
STABILIZE: _ZN19AP_Compass_DroneCAN5probeEh @ 0x84de10
STABILIZE: _ZN7Compass12_add_backendEP18AP_Compass_Backend @ 0x84e080
STABILIZE: _ZNK18AP_Compass_Backend16register_compassEiRh @ 0x84e230
STABILIZE: _ZN18AP_Compass_Backend10set_dev_idEhj @ 0x84e2b0
STABILIZE: _ZN18AP_Compass_Backend12set_externalEhb @ 0x84e390
STABILIZE: _ZN7Compass16register_compassEiRh @ 0x84e480
STABILIZE: _ZN7Compass21_update_priority_listEi @ 0x84e950
STABILIZE: _ZNK14typesafe_indexIh14TAG_StateIndexEcvhEv @ 0xb00530
STABILIZE: _ZNK14typesafe_indexIh12TAG_PriorityEgeERKh @ 0xb00580
STABILIZE: _ZN18AP_Compass_BackendC2Ev @ 0x84ec10
STABILIZE: _ZN18AP_Compass_Backend25drain_accumulated_samplesEhPK7Vector3IfE @ 0x84ecf0
STABILIZE: _ZN18AP_Compass_Backend22publish_filtered_fieldERK7Vector3IfEh @ 0x84ee70
STABILIZE: _ZN11AP_AHRS_DCM6renormERK7Vector3IfERS1_ @ 0x84ef30
STABILIZE: _ZNK17AP_InertialSensor15get_delta_angleER7Vector3IfERf @ 0xb00800
STABILIZE: _ZNK7Vector3IfEeqERKS0_ @ 0xb00890
STABILIZE: _ZN17AP_InertialSensor21set_board_orientationE8Rotation @ 0xb00960
STABILIZE: _ZN7Compass21set_board_orientationE8Rotation @ 0xb009c0
STABILIZE: _ZNK14AP_Logger_File17recent_open_errorEv @ 0x84f2e0
STABILIZE: _ZNK14AP_Logger_File15io_thread_aliveEv @ 0x84f370
STABILIZE: _ZNK14AP_Logger_File18_lastlog_file_nameEv @ 0x84f960
STABILIZE: _ZN14AP_Logger_File13Prep_MinSpaceEv @ 0x84fd90
STABILIZE: _ZN2AP4rssiEv @ 0x856b20
STABILIZE: _ZNK7AP_RSSI7enabledEv @ 0xb01140
STABILIZE: _ZN7AP_RSSI13get_singletonEv @ 0x857350
STABILIZE: _ZN7FunctorIvJEE4bindI13AP_CANManagerXadL_ZNS2_20check_logging_enableEvEEEES0_PT_ @ 0xb01710
STABILIZE: _ZN13AP_CANManager20check_logging_enableEv @ 0x858310
STABILIZE: _ZN7FunctorIvJEE14method_wrapperI13AP_CANManagerXadL_ZNS2_20check_logging_enableEvEEEEvPv @ 0xb01770
STABILIZE: _ZNK13AP_CANManager15CANIface_Params13option_is_setENS0_7OptionsE @ 0xb01820
STABILIZE: _ZN9AP_Logger13Write_MessageEPKc @ 0x862f00
STABILIZE: _ZN16AP_SerialManager14RegisteredPortC2Ev @ 0xb08600
STABILIZE: _ZN16AP_SerialManager9UARTStateC2Ev @ 0xb08970
STABILIZE: _ZNK13AP_OADatabase7healthyEv @ 0xb0fa70
STABILIZE: _ZN7Vector3IfE14offset_bearingEfff @ 0xb0faf0
STABILIZE: _ZL7radiansf.4021 @ 0x875ad0
STABILIZE: _ZN13AP_OADatabase13get_singletonEv @ 0xb0fcf0
STABILIZE: _ZNK22AP_BattMonitor_Backend13option_is_setEN21AP_BattMonitor_Params7OptionsE @ 0xb13810
STABILIZE: _ZN22AP_BattMonitor_Backend15update_consumedERN14AP_BattMonitor17BattMonitor_StateEj @ 0x87a820
STABILIZE: _ZN22AP_BattMonitor_Backend13calculate_mahEff @ 0xb138a0
STABILIZE: _ZN18AP_Compass_Backend17accumulate_sampleER7Vector3IfEhj @ 0x87cb30
STABILIZE: _ZN18AP_Compass_Backend12rotate_fieldER7Vector3IfEh @ 0x87ccb0
STABILIZE: _ZN18AP_Compass_Backend17publish_raw_fieldERK7Vector3IfEh @ 0x87cda0
STABILIZE: _ZN18AP_Compass_Backend13correct_fieldER7Vector3IfEh @ 0x87ceb0
STABILIZE: _ZN18AP_Compass_Backend8field_okERK7Vector3IfE @ 0x87d2b0
STABILIZE: _ZNK7Compass16get_filter_rangeEv @ 0xb15bc0
STABILIZE: _ZNK16Compass_PerMotor7enabledEv @ 0xb15c20
STABILIZE: _ZN7Compass13_get_priorityE14typesafe_indexIh14TAG_StateIndexE @ 0xb15c90
STABILIZE: _ZL7degreesf.3417 @ 0x87f130
STABILIZE: _ZN14AP_GPS_Backend15set_alt_amsl_cmERN6AP_GPS9GPS_StateEi @ 0x881980
STABILIZE: _ZN16JitterCorrection31correct_offboard_timestamp_usecEmm @ 0x881b90
STABILIZE: _ZN14AP_GPS_Backend24velocity_to_speed_courseERN6AP_GPS9GPS_StateE @ 0x881d00
STABILIZE: _ZNK14AP_GPS_Backend10option_setEN6AP_GPS13DriverOptionsE @ 0xb18e20
STABILIZE: _ZNK6AP_GPS10option_setENS_13DriverOptionsE @ 0xb18e90
STABILIZE: _ZN14AP_BoardConfig11board_setupEv @ 0x8825a0
STABILIZE: _ZN6AP_RTC12set_utc_usecEmNS_11source_typeE @ 0x882600
STABILIZE: _ZN11GCS_MAVLINK24update_signing_timestampEm @ 0x8827b0
STABILIZE: _ZN14AP_BoardConfig16board_setup_uartEv @ 0x8828d0
STABILIZE: _ZN14AP_BoardConfig16board_setup_sbusEv @ 0x882920
STABILIZE: _ZN10RC_Channel9set_rangeEt @ 0x8849b0
STABILIZE: _ZN3GCS26create_gcs_mavlink_backendERN6AP_HAL10UARTDriverE @ 0x8941c0
STABILIZE: _ZN11GCS_MAVLINK4initEh @ 0x894320
STABILIZE: _ZL13valid_channel17mavlink_channel_t.6850 @ 0x894670
STABILIZE: _ZNK6AP_HAL10UARTDriver13option_is_setENS0_6OptionE @ 0xb1b130
STABILIZE: _ZNK11GCS_MAVLINK14option_enabledENS_6OptionE @ 0xb1b320
STABILIZE: _ZNK16AP_SerialManager9UARTState12get_protocolEv @ 0xb1b3a0
STABILIZE: _ZN11GCS_MAVLINK16load_signing_keyEv @ 0x894730
STABILIZE: _ZN16AP_SerialManager18convert_parametersEv @ 0x894990
STABILIZE: _ZN16AP_SerialManager11set_optionsEt @ 0x894a40
STABILIZE: _ZN10AP_Vehicle26get_common_scheduler_tasksERPKN12AP_Scheduler4TaskERh @ 0x894c20
STABILIZE: _ZN2AP8PerfInfo13set_loop_rateEt @ 0x894ca0
STABILIZE: _ZN2AP8PerfInfo5resetEv @ 0x894d60
STABILIZE: _ZN8AP_Param16check_group_infoEPKNS_9GroupInfoEPthh @ 0x894f20
STABILIZE: _ZN8AP_Param13duplicate_keyEtt @ 0x895210
STABILIZE: _ZN8AP_Param5setupEv @ 0x8952e0
STABILIZE: _ZN3GCS10send_textvE12MAV_SEVERITYPKcP13__va_list_tagh @ 0x895390
STABILIZE: _ZNK3GCS26min_status_for_gps_healthyEv @ 0xb1bcf0
STABILIZE: _ZL3MINImmEDTqultfp_fp0_fp_fp0_ERKT_RKT0_.6841 @ 0x8958a0
STABILIZE: _ZN11ObjectArrayIN3GCS12statustext_tEE10push_forceERKS1_ @ 0xb1bd40
STABILIZE: _ZN2AP11frsky_telemEv @ 0x895920
STABILIZE: _ZN2AP14spektrum_telemEv @ 0x895960
STABILIZE: _ZN9AP_Notify9send_textEPKc @ 0x8959a0
STABILIZE: _ZN17AP_Spektrum_Telem13get_singletonEv @ 0xb1be80
STABILIZE: _ZN14AP_Frsky_Telem13get_singletonEv @ 0xb1bec0
STABILIZE: _ZNK11ObjectArrayIN3GCS12statustext_tEE5spaceEv @ 0xb1bf00
STABILIZE: _ZN11ObjectArrayIN3GCS12statustext_tEE4pushERKS1_ @ 0xb1bf60
STABILIZE: _ZN6Copter8set_modeEh10ModeReason @ 0x895a40
STABILIZE: _ZNK6Copter29current_mode_requires_missionEv @ 0x895ac0
STABILIZE: _ZN6Copter19get_scheduler_tasksERPKN12AP_Scheduler4TaskERhRj @ 0x895b30
STABILIZE: _ZNK6Copter17get_wp_distance_mERf @ 0x897390
STABILIZE: _ZNK6Copter18get_wp_bearing_degERf @ 0x897410
STABILIZE: _ZNK6Copter25get_wp_crosstrack_error_mERf @ 0x897490
STABILIZE: _ZN6Copter8set_homeERK8Locationb @ 0x8975c0
STABILIZE: _ZN6Copter14init_ardupilotEv @ 0x8976b0
STABILIZE: _ZN6Copter15load_parametersEv @ 0x897b40
STABILIZE: _ZN6Copter15get_log_bitmaskEv @ 0xb1c180
STABILIZE: _ZNK6Copter18get_log_structuresEv @ 0xb1c1e0
STABILIZE: _ZNK6Copter22get_num_log_structuresEv @ 0x897e50
STABILIZE: _ZN6Copter18fence_checks_asyncEv @ 0x897ea0
STABILIZE: _ZN6AP_HAL15timeout_expiredIjjjEEbT_T0_T1_ @ 0xb1c230
STABILIZE: _ZN8AC_Fence5checkEb @ 0x898050
STABILIZE: _ZN6Copter3gcsEv @ 0xb1c2b0
STABILIZE: _ZNK8AC_Fence23get_auto_disable_fencesEv @ 0x8983b0
STABILIZE: _ZN8AC_Fence19clear_margin_breachEh @ 0x898460
STABILIZE: _ZN10AP_Vehicle15load_parametersER9AP_ParamTIsL11ap_var_type2EEt @ 0x899130
STABILIZE: _ZN8AP_Param13convert_classEtPvPKNS_9GroupInfoEtbb @ 0x899250
STABILIZE: _ZN8AP_Param18convert_g2_objectsEPKvPKNS_18G2ObjectConversionEh @ 0x899580
STABILIZE: _ZN8AP_Param24convert_toplevel_objectsEPKNS_24TopLevelObjectConversionEh @ 0x899660
STABILIZE: _ZN8AP_Param22convert_old_parametersEPKNS_14ConversionInfoEhh @ 0x899710
STABILIZE: _ZN8AP_Param20set_frame_type_flagsEt @ 0xb1c3d0
STABILIZE: _ZN8AP_Param29convert_old_parameters_scaledEPKNS_14ConversionInfoEhfh @ 0x899790
STABILIZE: _ZN14StorageManager5eraseEv @ 0x899850
STABILIZE: _ZN8AP_Param8load_allEv @ 0x8998c0
STABILIZE: _ZN7FunctorIvJEE4bindI8AP_ParamXadL_ZNS2_15save_io_handlerEvEEEES0_PT_ @ 0xb1c430
STABILIZE: _ZN8AP_Param15save_io_handlerEv @ 0x899a80
STABILIZE: _ZN7FunctorIvJEE14method_wrapperI8AP_ParamXadL_ZNS2_15save_io_handlerEvEEEEvPv @ 0xb1c490
STABILIZE: _ZN15ObjectBuffer_TSIN8AP_Param10param_saveEE3popERS1_ @ 0xb1c540
STABILIZE: _ZN8AP_Winch4initEv @ 0x899b30
STABILIZE: _ZN9AP_Notify4initEv @ 0x899cd0
STABILIZE: _ZN6Copter18notify_flight_modeEv @ 0x899d20
STABILIZE: _ZN14AP_BattMonitor4initEv @ 0x899de0
STABILIZE: _ZN7AP_RSSI4initEv @ 0x89afb0
STABILIZE: _ZN7AP_Baro4initEv @ 0x89b020
STABILIZE: _ZN3GCS11setup_uartsEv @ 0x89b4b0
STABILIZE: _ZN6AP_OSD4initEv @ 0x89b620
STABILIZE: _ZN6Copter22update_using_interlockEv @ 0x89b770
STABILIZE: _ZN6Copter10init_rc_inEv @ 0x89b7f0
STABILIZE: _ZN6Copter15SurfaceTracking4initENS0_7SurfaceE @ 0xb1c620
STABILIZE: _ZN6Copter15allocate_motorsEv @ 0x89b940
STABILIZE: _ZN11RC_Channels15convert_optionsEN10RC_Channel8AUX_FUNCES1_ @ 0x89c560
STABILIZE: _ZN11RC_Channels4initEv @ 0x89c650
STABILIZE: _ZN6Copter11init_rc_outEv @ 0x89c6f0
STABILIZE: _ZN6Copter29esc_calibration_startup_checkEv @ 0x89c8b0
STABILIZE: _ZN8AP_Relay4initEv @ 0x89cb70
STABILIZE: _ZL21failsafe_check_staticv @ 0x89ccf0
STABILIZE: _ZN6AP_GPS15set_log_gps_bitEj @ 0xb1c680
STABILIZE: _ZN6AP_GPS4initEv @ 0x89cd30
STABILIZE: _ZN7Compass11set_log_bitEj @ 0xb1c6e0
STABILIZE: _ZN7Compass4initEv @ 0x89d030
STABILIZE: _ZN11AP_Airspeed11set_log_bitEj @ 0xb1c740
STABILIZE: _ZN16AP_OAPathPlanner4initEv @ 0x89d9b0
STABILIZE: _ZN14AP_OpticalFlow4initEj @ 0x89dc50
STABILIZE: _ZN8AP_Mount4initEv @ 0x89de90
STABILIZE: _ZN9AP_Camera4initEv @ 0x89e9d0
STABILIZE: _ZN6Copter13init_preclandEv @ 0x89f050
STABILIZE: _ZN14AP_LandingGear4initEv @ 0x89f0e0
STABILIZE: _ZN7AP_Baro16set_log_baro_bitEj @ 0xb1c7a0
STABILIZE: _ZN7AP_Baro9calibrateEb @ 0x89f3f0
STABILIZE: _ZN6Copter16init_rangefinderEv @ 0x89f8b0
STABILIZE: _ZN12AP_Proximity4initEv @ 0x89f9e0
STABILIZE: _ZN9AP_Beacon4initEv @ 0x8a0780
STABILIZE: _ZN10AP_Mission4initEv @ 0x8a0980
STABILIZE: _ZN10AP_Mission30set_log_start_mission_item_bitEj @ 0xb1c800
STABILIZE: _ZN11AP_SmartRTL4initEv @ 0x8a0b40
STABILIZE: _ZN7FunctorIvJEE4bindI6CopterXadL_ZNS2_34Log_Write_Vehicle_Startup_MessagesEvEEEES0_PT_ @ 0xb1c860
STABILIZE: _ZN9AP_Logger25setVehicle_Startup_WriterE7FunctorIvJEE @ 0x8a0df0
STABILIZE: _ZN6Copter18startup_INS_groundEv @ 0x8a0e70
STABILIZE: _ZN16AC_CustomControl4initEv @ 0x8a0f30
STABILIZE: _ZN17AP_InertialSensor15set_log_raw_bitEj @ 0xb1c8c0
STABILIZE: _ZN6Copter8set_modeEN4Mode6NumberE10ModeReason @ 0x8a10b0
STABILIZE: _ZNK15AC_CommandModel11get_rate_tcEv @ 0xb1c920
STABILIZE: _ZN18AC_AttitudeControl15set_yaw_rate_tcEf @ 0xb1c970
STABILIZE: _ZN6Copter16gcs_mode_enabledEN4Mode6NumberE @ 0x8a17a0
STABILIZE: _ZN6Copter18mode_from_mode_numEN4Mode6NumberE @ 0x8a19a0
STABILIZE: _ZNK4Mode26get_pilot_desired_throttleEv @ 0x8a1cf0
STABILIZE: _ZN6Copter24get_non_takeoff_throttleEv @ 0x8a1ea0
STABILIZE: _ZN6Copter9exit_modeERP4ModeS2_ @ 0x8a2010
STABILIZE: _ZN7AP_ADSB16set_is_auto_modeEb @ 0xb1c9e0
STABILIZE: _ZNK8AC_Fence10get_actionEv @ 0xb1ca40
STABILIZE: _ZN8AC_Fence21manual_recovery_startEv @ 0x8a2100
STABILIZE: _ZN9AP_Camera16set_is_auto_modeEb @ 0xb1caa0
STABILIZE: _ZN18AC_AttitudeControl22set_roll_pitch_rate_tcEf @ 0xb1cb00
STABILIZE: _ZN4Mode12takeoff_stopEv @ 0xb1cb70
STABILIZE: _ZN4Mode8_TakeOff4stopEv @ 0x8a2260
STABILIZE: _ZNK18AC_AttitudeControl15get_throttle_inEv @ 0xb1cbb0
STABILIZE: _ZN6AC_PID14set_integratorEf @ 0x8a22f0
STABILIZE: _ZL3MAXIifEDTqugtfp_fp0_fp_fp0_ERKT_RKT0_ @ 0x8a23c0
STABILIZE: _Z19inv_sqrt_controllerfff @ 0x8a34e0
STABILIZE: _ZL2sqf.3798 @ 0x8a3720
STABILIZE: _ZNK10AP_Vehicle21block_GCS_mode_changeEhPKhh @ 0x8a3930
STABILIZE: _ZNK7AP_EnumIN16AC_CustomControl17CustomControlTypeEEcvKS1_Ev @ 0xb1ce00
STABILIZE: _ZN4AC_PC2ERKf @ 0xb1cfc0
STABILIZE: _ZN6AC_PIDC2Efffffffffff @ 0x8a3d50
STABILIZE: _ZN11SlewLimiterC2ERKfS1_ @ 0x8a4050
STABILIZE: _ZN6AC_PID21set_notch_sample_rateEf @ 0x8a47e0
STABILIZE: _ZN6AC_PID7reset_IEv @ 0x8a4bc0
STABILIZE: _ZN6AC_PID12reset_filterEv @ 0xb1d140
STABILIZE: _ZNK12AP_AHRS_View20get_quat_body_to_nedER11QuaternionTIfE @ 0xb1d1a0
STABILIZE: _ZNK18AC_AttitudeControl30thrust_heading_rotation_anglesER11QuaternionTIfERKS1_R7Vector3IfERfS8_ @ 0x8a4c30
STABILIZE: _ZNK12AP_AHRS_View15get_gyro_latestEv @ 0x8a4fc0
STABILIZE: _ZN6AC_PID10update_allEfffbf @ 0x8a5070
STABILIZE: _ZNK6AC_PID16get_filt_T_alphaEf @ 0x8a5680
STABILIZE: _ZNK6AC_PID16get_filt_E_alphaEf @ 0x8a5700
STABILIZE: _ZNK6AC_PID16get_filt_D_alphaEf @ 0x8a5780
STABILIZE: _ZN6AC_PID8update_iEfb @ 0x8a5800
STABILIZE: _ZN11SlewLimiter8modifierEff @ 0x8a5a00
STABILIZE: _ZNK11SlewLimiter13get_slew_rateEv @ 0xb1d460
STABILIZE: _ZNK7AP_AHRS15get_gyro_latestEv @ 0x8a6000
STABILIZE: _ZNK7AP_AHRS22get_primary_gyro_indexEv @ 0xb1d4b0
STABILIZE: _ZNK18AC_AttitudeControl29thrust_vector_rotation_anglesERK11QuaternionTIfES3_RS1_R7Vector3IfERfS8_ @ 0x8a60b0
STABILIZE: _ZNK18AC_AttitudeControl23get_accel_yaw_max_radssEv @ 0xb1d500
STABILIZE: _ZL7radiansf.12163 @ 0x8a64a0
STABILIZE: _ZNK6AC_PID2kPEv @ 0xb1d560
STABILIZE: _ZNK4AC_P2kPEv @ 0xb1d5b0
STABILIZE: _ZL3MINIffEDTqultfp_fp0_fp_fp0_ERKT_RKT0_.12170 @ 0x8a64f0
STABILIZE: _ZL9cd_to_radf.12171 @ 0x8a6580
STABILIZE: _ZN7AP_AHRS4initEv @ 0x8a65d0
STABILIZE: _ZN7AP_AHRS17set_vehicle_classENS_12VehicleClassE @ 0xb1d6f0
STABILIZE: _ZN17AP_InertialSensor4initEt @ 0x8a6800
STABILIZE: _ZN7AP_AHRS5resetEv @ 0x8a7020
STABILIZE: _ZN11AP_AHRS_DCM5resetEv @ 0xb1d750
STABILIZE: _ZN11AP_AHRS_SIM5resetEv @ 0xb1d7a0
STABILIZE: _ZN16AP_AHRS_External5resetEv @ 0xb1d7f0
STABILIZE: _ZN25HarmonicNotchFilterParams4initEv @ 0x8a7120
STABILIZE: _ZN17AP_InertialSensor15_start_backendsEv @ 0x8a7180
STABILIZE: _ZN17AP_InertialSensor23gyro_calibration_timingEv @ 0x8a72b0
STABILIZE: _ZN17AP_InertialSensor9init_gyroEv @ 0x8a7350
STABILIZE: _ZN17AP_InertialSensor12BatchSampler4initEv @ 0x8a73b0
STABILIZE: _ZNK10AP_GyroFFT7enabledEv @ 0xb1d840
STABILIZE: _ZNK25HarmonicNotchFilterParams9hasOptionENS_7OptionsE @ 0xb1d8b0
STABILIZE: _ZN17AP_InertialSensor10_init_gyroEv @ 0x8a7b00
STABILIZE: _ZN17AP_InertialSensor22_save_gyro_calibrationEv @ 0x8a89f0
STABILIZE: _ZN17AP_InertialSensor12_gyro_offsetEh @ 0xb1ecf0
STABILIZE: _ZN17AP_InertialSensor12caltemp_gyroEh @ 0xb1ed60
STABILIZE: _ZL7radiansf.3684 @ 0x8a8b40
STABILIZE: _ZN17AP_InertialSensor15detect_backendsEv @ 0x8a8b90
STABILIZE: _ZNK15AP_ExternalAHRS8get_portENS_15AvailableSensorE @ 0x8a8de0
STABILIZE: _ZN17AP_InertialSensor12_add_backendEP25AP_InertialSensor_Backend @ 0x8a8e80
STABILIZE: _ZN22AP_InertialSensor_SITL6detectER17AP_InertialSensorPKt @ 0x8a8f50
STABILIZE: _ZN22AP_InertialSensor_SITL11init_sensorEv @ 0x8a9060
STABILIZE: _ZN22AP_InertialSensor_SITLC2ER17AP_InertialSensorPKt @ 0x8a90e0
STABILIZE: _ZN25AP_InertialSensor_BackendC2ER17AP_InertialSensor @ 0x8a91a0
STABILIZE: _ZN22AP_InertialSensor_SITL6updateEv @ 0x8a9240
STABILIZE: _ZN25AP_InertialSensor_Backend10accumulateEv @ 0xb1ee80
STABILIZE: _ZN22AP_InertialSensor_SITL5startEv @ 0x8a92c0
STABILIZE: _ZN25AP_InertialSensor_Backend17get_output_bannerEPch @ 0xb1ef20
STABILIZE: _ZNK25AP_InertialSensor_Backend24get_gyro_backend_rate_hzEv @ 0xb1eff0
STABILIZE: _ZN25AP_InertialSensor_Backend11set_primaryEb @ 0xb1f050
STABILIZE: _ZNK25AP_InertialSensor_Backend21_gyro_raw_sample_rateEh @ 0xb1f0a0
STABILIZE: _ZN17AP_InertialSensor13register_gyroERhtj @ 0x8a9520
STABILIZE: _ZN17AP_InertialSensor14register_accelERhtj @ 0x8a9760
STABILIZE: _ZN7FunctorIvJEE4bindI22AP_InertialSensor_SITLXadL_ZNS2_12timer_updateEvEEEES0_PT_ @ 0xb1f110
STABILIZE: _ZN22AP_InertialSensor_SITL12timer_updateEv @ 0x8a99c0
STABILIZE: _ZN7FunctorIvJEE14method_wrapperI22AP_InertialSensor_SITLXadL_ZNS2_12timer_updateEvEEEEvPv @ 0xb1f170
STABILIZE: _ZN22AP_InertialSensor_SITL14generate_accelEv @ 0x8a9e90
STABILIZE: _ZN22AP_InertialSensor_SITL13generate_gyroEv @ 0x8aae70
STABILIZE: _ZNK25AP_InertialSensor_Backend20enable_fast_samplingEh @ 0xb1f220
STABILIZE: _ZNK22AP_InertialSensor_SITL10gyro_driftEv @ 0x8ab8d0
STABILIZE: _ZL7radiansd.19050 @ 0x8abad0
STABILIZE: _ZL7radiansf.19051 @ 0x8abb20
STABILIZE: _ZN22AP_InertialSensor_SITL15get_temperatureEv @ 0x8abc00
STABILIZE: _ZNK22AP_InertialSensor_TCal15sitl_apply_gyroEfR7Vector3IfE @ 0x8abda0
STABILIZE: _ZN25AP_InertialSensor_Backend35_notify_new_gyro_sensor_rate_sampleEhRK7Vector3IfE @ 0x8abe80
STABILIZE: _ZN25AP_InertialSensor_Backend24_rotate_and_correct_gyroEhR7Vector3IfE @ 0x8ac080
STABILIZE: _ZN25AP_InertialSensor_Backend27_notify_new_gyro_raw_sampleEhRK7Vector3IfEm @ 0x8ac210
STABILIZE: _ZNK25AP_InertialSensor_Backend15has_been_killedEh @ 0xb1f2b0
STABILIZE: _ZNK25AP_InertialSensor_Backend19_update_sensor_rateERtRjRf @ 0x8ac8b0
STABILIZE: _ZN25AP_InertialSensor_Backend18apply_gyro_filtersEhRK7Vector3IfE @ 0x8aca80
STABILIZE: _ZN25AP_InertialSensor_Backend12log_gyro_rawEhmRK7Vector3IfES3_ @ 0x8aceb0
STABILIZE: _ZN25AP_InertialSensor_Backend14update_primaryEv @ 0x8ad140
STABILIZE: _ZNK17AP_InertialSensor22raw_logging_option_setENS_18RAW_LOGGING_OPTIONE @ 0xb1f330
STABILIZE: _ZNK25AP_InertialSensor_Backend18should_log_imu_rawEv @ 0x8ad220
STABILIZE: _ZNK17AP_InertialSensor12BatchSampler25doing_sensor_rate_loggingEv @ 0xb1f3b0
STABILIZE: _ZNK17AP_InertialSensor12BatchSampler25doing_post_filter_loggingEv @ 0xb1f410
STABILIZE: _ZN17AP_InertialSensor12BatchSampler6sampleEhNS_15IMU_SENSOR_TYPEEmRK7Vector3IfE @ 0x8ad430
STABILIZE: _ZN17AP_InertialSensor12BatchSampler10should_logEhNS_15IMU_SENSOR_TYPEE @ 0x8ad580
STABILIZE: _ZN25AP_InertialSensor_Backend16save_gyro_windowEhRK7Vector3IfEh @ 0x8ad6c0
STABILIZE: _ZN15LowPassFilter2pI7Vector3IfEE5applyERKS1_ @ 0xb1f6f0
STABILIZE: _ZNK17AP_InertialSensor25is_rate_loop_gyro_enabledEh @ 0x8ad980
STABILIZE: _ZN19DigitalBiquadFilterI7Vector3IfEE5applyERKS1_RKNS2_13biquad_paramsE @ 0xb1f950
STABILIZE: _ZN19DigitalBiquadFilterI7Vector3IfEE5resetERKS1_RKNS2_13biquad_paramsE @ 0xb1fcb0
STABILIZE: _ZNK25AP_InertialSensor_Backend18sensors_convergingEv @ 0x8adbb0
STABILIZE: _ZNK22AP_InertialSensor_TCal12correct_gyroEffR7Vector3IfE @ 0x8adce0
STABILIZE: _ZNK22AP_InertialSensor_TCal14correct_sensorEffPK9AP_ParamVI7Vector3IfEL11ap_var_type5EERS2_ @ 0x8add80
STABILIZE: _ZNK22AP_InertialSensor_TCal15polynomial_evalEfPK9AP_ParamVI7Vector3IfEL11ap_var_type5EE @ 0x8adf90
STABILIZE: _ZNK22AP_InertialSensor_TCal16sitl_apply_accelEfR7Vector3IfE @ 0x8b0f40
STABILIZE: _ZN25AP_InertialSensor_Backend36_notify_new_accel_sensor_rate_sampleEhRK7Vector3IfE @ 0x8b1020
STABILIZE: _ZN25AP_InertialSensor_Backend25_rotate_and_correct_accelEhR7Vector3IfE @ 0x8b1220
STABILIZE: _ZN25AP_InertialSensor_Backend28_notify_new_accel_raw_sampleEhRK7Vector3IfEmb @ 0x8b1440
STABILIZE: _ZN25AP_InertialSensor_Backend20_publish_temperatureEhf @ 0x8b19f0
STABILIZE: _ZN17AP_InertialSensor27calc_vibration_and_clippingEhRK7Vector3IfEf @ 0x8b1a90
STABILIZE: _ZN17AP_InertialSensor19set_accel_peak_holdEhRK7Vector3IfE @ 0x8b1d10
STABILIZE: _ZN25AP_InertialSensor_Backend13log_accel_rawEhmRK7Vector3IfE @ 0x8b1df0
STABILIZE: _ZNK25AP_InertialSensor_Backend14get_clip_limitEv @ 0xb20970
STABILIZE: _ZN13LowPassFilterI7Vector3IfEE5applyERKS1_RKf @ 0xb209c0
STABILIZE: _ZN10DigitalLPFI7Vector3IfEE6_applyERKS1_RKf @ 0xb20a80
STABILIZE: _ZNK22AP_InertialSensor_TCal13correct_accelEffR7Vector3IfE @ 0x8b21d0
STABILIZE: _ZN25AP_InertialSensor_Backend12update_accelEh @ 0x8b2650
STABILIZE: _ZN25AP_InertialSensor_Backend11update_gyroEh @ 0x8b2770
STABILIZE: _ZN25AP_InertialSensor_Backend13_publish_gyroEhRK7Vector3IfE @ 0x8b28d0
STABILIZE: _ZN25AP_InertialSensor_Backend19update_gyro_filtersEh @ 0x8b2a40
STABILIZE: _ZNK25AP_InertialSensor_Backend19_gyro_filter_cutoffEv @ 0xb20d50
STABILIZE: _ZN15LowPassFilter2pI7Vector3IfEE20set_cutoff_frequencyEff @ 0xb20db0
STABILIZE: _ZN19DigitalBiquadFilterI7Vector3IfEE14compute_paramsEffRNS2_13biquad_paramsE @ 0xb20e30
STABILIZE: _ZN25AP_InertialSensor_Backend14_publish_accelEhRK7Vector3IfE @ 0x8b2e80
STABILIZE: _ZN25AP_InertialSensor_Backend20update_accel_filtersEh @ 0x8b30b0
STABILIZE: _ZNK25AP_InertialSensor_Backend20_accel_filter_cutoffEv @ 0xb21030
STABILIZE: _ZNK25AP_InertialSensor_Backend22_accel_raw_sample_rateEh @ 0xb21090
STABILIZE: _ZN8AP_Param31convert_bitmask_parameter_widthE11ap_var_type @ 0xb21380
STABILIZE: _ZN15AP_AHRS_Backend4initEv @ 0x8b4ab0
STABILIZE: _ZNK9AP_Motors25get_frame_and_type_stringEPch @ 0x8b4d30
STABILIZE: _ZNK9AP_Motors16get_frame_stringEv @ 0x8b4f30
STABILIZE: _ZN7FunctorIvJEE4bindI11AP_SmartRTLXadL_ZNS2_22run_background_cleanupEvEEEES0_PT_ @ 0xb21580
STABILIZE: _ZN11AP_SmartRTL22run_background_cleanupEv @ 0x8b4fc0
STABILIZE: _ZN7FunctorIvJEE14method_wrapperI11AP_SmartRTLXadL_ZNS2_22run_background_cleanupEvEEEEvPv @ 0xb215e0
STABILIZE: _ZN11AP_SmartRTL15routine_cleanupEtt @ 0x8b5290
STABILIZE: _ZN11AP_SmartRTL22detect_simplificationsEv @ 0x8b5460
STABILIZE: _ZN11AP_SmartRTL29restart_pruning_if_new_pointsEv @ 0x8b59b0
STABILIZE: _ZN11AP_SmartRTL12detect_loopsEv @ 0x8b5a20
STABILIZE: _ZN14AP_BoardConfig21get_sdcard_mission_kbEv @ 0xb21aa0
STABILIZE: _ZN10AP_Mission20check_eeprom_versionEv @ 0x8b6b80
STABILIZE: _ZNK12AP_Proximity8get_typeEh @ 0x8b9b70
STABILIZE: _ZN11RangeFinder16set_log_rfnd_bitEj @ 0xb24d50
STABILIZE: _ZN11RangeFinder4initE8Rotation @ 0x8c24b0
STABILIZE: _ZN11RangeFinder14convert_paramsEv @ 0x8c2660
STABILIZE: _ZN11RangeFinder15detect_instanceEhRh @ 0x8c2700
STABILIZE: _ZN6AP_HAL16I2CDeviceManager10get_deviceEhhjbj @ 0xb24db0
STABILIZE: _ZN6AP_HAL6OwnPtrINS_9I2CDeviceEEC2IS1_EEONS0_IT_EE @ 0xb24eb0
STABILIZE: _ZN6AP_HAL6OwnPtrINS_9I2CDeviceEED2Ev @ 0xb24f20
STABILIZE: _ZNK6AP_HAL6OwnPtrINS_9I2CDeviceEEntEv @ 0xb26670
STABILIZE: _ZNK6AP_HAL6OwnPtrINS_9I2CDeviceEEptEv @ 0xb266d0
STABILIZE: _ZN6AP_HAL6OwnPtrINS_9I2CDeviceEE4leakEv @ 0xb2a180
STABILIZE: _ZN6AP_HAL6OwnPtrINS_9I2CDeviceEEC2EPS1_ @ 0xb2a1e0
STABILIZE: _ZN21AP_RangeFinder_Params22convert_min_max_paramsEv @ 0x8d4580
STABILIZE: _ZN7AP_Baro6updateEv @ 0x8d4630
STABILIZE: _ZNK7AP_Baro7healthyEv @ 0xb2a740
STABILIZE: _ZN15AP_Baro_Backend14backend_updateEh @ 0x8d4d50
STABILIZE: _ZN7AP_Baro24wind_pressure_correctionEh @ 0x8d4dd0
STABILIZE: _ZNK7AP_Baro15get_last_updateEv @ 0xb2a7a0
STABILIZE: _ZN16DerivativeFilterIfLh7EE6updateEfj @ 0xb2a800
STABILIZE: _ZN7AP_Baro22update_field_elevationEv @ 0x8d5110
STABILIZE: _ZNK7AP_Baro10should_logEv @ 0x8d5390
STABILIZE: _ZN16FilterWithBufferIfLh7EE5applyEf @ 0xb2aa10
STABILIZE: _ZNK7AP_AHRS20airspeed_vector_trueER7Vector3IfE @ 0x8d5790
STABILIZE: _ZNK7AP_AHRS21get_air_density_ratioEv @ 0x8d5810
STABILIZE: _ZL2sqf.2028 @ 0x8d58d0
STABILIZE: _ZL3MINIitEDTqultfp_fp0_fp_fp0_ERKT_RKT0_ @ 0x8d59e0
STABILIZE: _ZN11AC_PrecLand4initEt @ 0x8d5a70
STABILIZE: _ZL3MAXItiEDTqugtfp_fp0_fp_fp0_ERKT_RKT0_.12386 @ 0x8d5e70
STABILIZE: _ZN11ObjectArrayIN11AC_PrecLand21inertial_data_frame_sEEC2Et @ 0xb2aab0
STABILIZE: _ZN11AC_PrecLand21inertial_data_frame_sC2Ev @ 0xb2b6f0
STABILIZE: _ZN9AP_Camera14convert_paramsEv @ 0x8d7030
STABILIZE: _ZN8AP_Param18get_param_by_indexEPvh11ap_var_typeS0_ @ 0x8df850
STABILIZE: _ZN8AP_Mount14convert_paramsEv @ 0x8df920
STABILIZE: _ZNK7AP_AHRS12get_accel_efEv @ 0xb2e2b0
STABILIZE: _ZNK12NavEKF3_core9getMagXYZER7Vector3IfE @ 0x9019a0
STABILIZE: _ZNK12NavEKF3_core9getMagNEDER7Vector3IfE @ 0x901c20
STABILIZE: _ZN14AP_OpticalFlow17OpticalFlow_stateC2Ev @ 0xb30cb0
STABILIZE: _ZN6AP_HAL6OwnPtrINS_6DeviceEEC2INS_9I2CDeviceEEEONS0_IT_EE @ 0xb31f30
STABILIZE: _ZNK6AP_HAL6OwnPtrINS_6DeviceEEntEv @ 0xb31fa0
STABILIZE: _ZN6AP_HAL6OwnPtrINS_6DeviceEED2Ev @ 0xb320a0
STABILIZE: _ZN6AP_HAL6OwnPtrINS_6DeviceEE4leakEv @ 0xb32110
STABILIZE: _ZNK7AP_EnumIN13AP_OADatabase11OutputLevelEEcvKS1_Ev @ 0xb33970
STABILIZE: _ZN24AP_ExpandingArrayGenericC2Ett @ 0xb33e80
STABILIZE: _ZN7Compass16_detect_backendsEv @ 0x9120c0
STABILIZE: _ZN7Compass24probe_dronecan_compassesEv @ 0x9123f0
STABILIZE: _ZN7Compass23probe_i2c_spi_compassesEv @ 0x912860
STABILIZE: _ZN15AP_Compass_SITLC2Ev @ 0x912d60
STABILIZE: _ZN7VectorNIN15AP_Compass_SITL16readings_compassELh50EEC2Ev @ 0xb340f0
STABILIZE: _ZN18AP_Compass_Backend11save_dev_idEh @ 0x9130b0
STABILIZE: _ZN18AP_Compass_Backend12set_rotationEh8Rotation @ 0x913140
STABILIZE: _ZN7FunctorIvJEE4bindI15AP_Compass_SITLXadL_ZNS2_6_timerEvEEEES0_PT_ @ 0xb341d0
STABILIZE: _ZN15AP_Compass_SITL6_timerEv @ 0x9132b0
STABILIZE: _ZN7FunctorIvJEE14method_wrapperI15AP_Compass_SITLXadL_ZNS2_6_timerEvEEEEvPv @ 0xb34230
STABILIZE: _Z10rand_vec3fv @ 0x9137e0
STABILIZE: _ZN7VectorNIN15AP_Compass_SITL16readings_compassELh50EEixEh @ 0xb342e0
STABILIZE: _ZN15AP_Compass_SITL26_setup_eliptical_correcionEh @ 0x913860
STABILIZE: _ZNK18AP_Compass_Backend21get_board_orientationEv @ 0x913a90
STABILIZE: _ZN15AP_Compass_SITL16readings_compassC2Ev @ 0xb34340
STABILIZE: _ZN15AP_Compass_SITL4readEv @ 0x913ae0
STABILIZE: _ZN7Compass9mag_stateC2Ev @ 0xb34500
STABILIZE: _ZN6AP_GPS18convert_parametersEv @ 0x913ef0
STABILIZE: _ZNK6AP_GPS10needs_uartENS_8GPS_TypeE @ 0x914380
STABILIZE: _ZN14AP_GPS_BlendedC2ER6AP_GPSRNS0_6ParamsERNS0_9GPS_StateERNS0_10GPS_timingE @ 0xb346e0
STABILIZE: _ZN14AP_GPS_BackendC2ER6AP_GPSRNS0_6ParamsERNS0_9GPS_StateEPN6AP_HAL10UARTDriverE @ 0x914470
STABILIZE: _ZNK14AP_GPS_Backend32supports_mavlink_gps_rtk_messageEv @ 0xb34960
STABILIZE: _ZNK14AP_GPS_Blended7get_lagERf @ 0x914850
STABILIZE: _ZN14AP_GPS_Backend20set_pps_desired_freqEh @ 0xb34d90
STABILIZE: _ZNK14AP_GPS_Backend18_detection_messageEPch @ 0x914940
STABILIZE: _ZN16JitterCorrectionC2Ett @ 0x914e20
STABILIZE: _ZL3MINIiiEDTqultfp_fp0_fp_fp0_ERKT_RKT0_.3055 @ 0x914ea0
STABILIZE: _ZN6Copter14failsafe_checkEv @ 0x914f20
STABILIZE: _ZN8AP_Relay12set_defaultsEv @ 0x915100
STABILIZE: _ZN8AP_Relay14convert_paramsEv @ 0x915200
STABILIZE: _ZNK7AP_EnumIN15AP_Relay_Params12DefaultStateEEcvKS1_Ev @ 0xb34f30
STABILIZE: _ZN8AP_Relay8DroneCAN10enable_pinEs @ 0x915500
STABILIZE: _ZNK12AP_Parachute22get_legacy_relay_indexERa @ 0x915650
STABILIZE: _ZNK9AP_Camera22get_legacy_relay_indexERa @ 0x915720
STABILIZE: _ZL3MINImjEDTqultfp_fp0_fp_fp0_ERKT_RKT0_.8102 @ 0x9157e0
STABILIZE: _ZN7AP_EnumIN15AP_Relay_Params8FUNCTIONEE12set_and_saveES1_ @ 0xb34f80
STABILIZE: _ZNK12AP_Parachute7enabledEv @ 0xb35060
STABILIZE: _ZL3MINImmEDTqultfp_fp0_fp_fp0_ERKT_RKT0_.8103 @ 0x915870
STABILIZE: _ZNK9AP_Motors19is_brushed_pwm_typeEv @ 0xb350c0
STABILIZE: _ZN6Copter10read_radioEv @ 0x9158f0
STABILIZE: _ZNK7AP_EnumIN9AP_Motors7PWMTypeEEcvKS1_Ev @ 0xb351d0
STABILIZE: _ZN11RC_Channels10read_inputEv @ 0x9161f0
STABILIZE: _ZN6Copter25set_throttle_and_failsafeEt @ 0x916320
STABILIZE: _ZN6Copter22set_throttle_zero_flagEs @ 0x9164c0
STABILIZE: _ZN6Copter27radio_passthrough_to_motorsEv @ 0x9165e0
STABILIZE: _ZNK11RC_Channels17get_fs_timeout_msEv @ 0xb35220
STABILIZE: _ZL3MAXIfiEDTqugtfp_fp0_fp_fp0_ERKT_RKT0_.1753 @ 0x917340
STABILIZE: _ZNK10RC_Channel22get_control_in_zero_dzEv @ 0x9173e0
STABILIZE: _ZN9AP_Motors21set_radio_passthroughEffff @ 0x917460
STABILIZE: _ZNK10RC_Channel15pwm_to_range_dzEt @ 0x917520
STABILIZE: _ZNK10RC_Channel15pwm_to_angle_dzEt @ 0x9176c0
STABILIZE: _ZNK10RC_Channel20pwm_to_angle_dz_trimEtt @ 0x917750
STABILIZE: _ZN10RC_Channel6updateEv @ 0x9179a0
STABILIZE: _ZN11RC_Channels23rudder_arm_disarm_checkEv @ 0x917b10
STABILIZE: _ZNK10RC_Channel12pwm_to_rangeEv @ 0x917d10
STABILIZE: _ZNK10RC_Channel12pwm_to_angleEv @ 0x917d80
STABILIZE: _ZN12SRV_Channels17enable_aux_servosEv @ 0x917df0
STABILIZE: _ZN10RC_Channel10configuredEv @ 0xb35350
STABILIZE: _ZN20AP_MotorsMulticopter25convert_pwm_min_max_paramEss @ 0x918030
STABILIZE: _ZN20AP_MotorsMulticopter21update_throttle_rangeEv @ 0x918110
STABILIZE: _ZN14AP_BoardConfig30set_default_safety_ignore_maskEj @ 0x918220
STABILIZE: _ZN12SRV_Channels20have_digital_outputsEj @ 0xb353f0
STABILIZE: _ZN6AP_HAL8RCOutput15set_esc_scalingEtt @ 0xb35460
STABILIZE: _ZN11RC_Channels12init_aux_allEv @ 0x918290
STABILIZE: _ZN10RC_Channel8init_auxEv @ 0x918330
STABILIZE: _ZN11RC_Channels17reset_mode_switchEv @ 0x9183c0
STABILIZE: _ZN10RC_Channel17reset_mode_switchEv @ 0x918430
STABILIZE: _ZN10RC_Channel16read_mode_switchEv @ 0x918490
STABILIZE: _ZN10RC_Channel16read_6pos_switchERa @ 0x918510
STABILIZE: _ZN10RC_Channel18debounce_completedEa @ 0x918670
STABILIZE: _ZN15AP_MotorsMatrixC2Et @ 0xb354e0
STABILIZE: _ZN7AP_AHRS11create_viewE8Rotationf @ 0x918760
STABILIZE: _ZN6Copter22convert_pid_parametersEv @ 0x918850
STABILIZE: _ZN6Copter22convert_prx_parametersEv @ 0x918b70
STABILIZE: _ZN12SRV_Channels18upgrade_parametersEv @ 0x918c10
STABILIZE: _ZN9AC_CircleC2ERK12AP_AHRS_ViewR13AC_PosControl @ 0x918ca0
STABILIZE: _ZL7radiansf.12421 @ 0x918da0
STABILIZE: _ZN9AC_LoiterC2ERK12AP_AHRS_ViewR13AC_PosControlRK18AC_AttitudeControl @ 0x918df0
STABILIZE: _ZN11AC_WPNav_OAC2ERK12AP_AHRS_ViewR13AC_PosControlRK18AC_AttitudeControl @ 0x918f40
STABILIZE: _ZN8AC_WPNavC2ERK12AP_AHRS_ViewR13AC_PosControlRK18AC_AttitudeControl @ 0x919040
STABILIZE: _ZNK8AC_WPNav23get_default_speed_NE_msEv @ 0xb35af0
STABILIZE: _ZNK8AC_WPNav23get_default_speed_up_msEv @ 0xb35b50
STABILIZE: _ZNK8AC_WPNav25get_default_speed_down_msEv @ 0xb35bb0
STABILIZE: _ZNK8AC_WPNav23get_wp_acceleration_mssEv @ 0xb35fa0
STABILIZE: _Z15sqrt_controllerffff @ 0x91fff0
STABILIZE: _ZNK7AC_P_1D9get_errorEv @ 0xb36350
STABILIZE: _ZN13AC_PosControl23set_max_speed_accel_U_mEfff @ 0x920470
STABILIZE: _ZNK8AC_WPNav15get_accel_U_mssEv @ 0xb364e0
STABILIZE: _ZN6SCurve11add_segmentERhfNS_11SegmentTypeEffff @ 0x921ea0
STABILIZE: _ZN6SCurve4initEv @ 0x924ab0
STABILIZE: _ZN6AC_PID9filt_T_hzEv @ 0xb36540
STABILIZE: _ZL3MINIffEDTqultfp_fp0_fp_fp0_ERKT_RKT0_.12234 @ 0x9253a0
STABILIZE: _ZN6AC_PID9filt_E_hzEv @ 0xb36590
STABILIZE: _ZN13AC_PosControl24set_max_speed_accel_NE_mEff @ 0x925430
STABILIZE: _ZN13AC_PosControl31set_correction_speed_accel_NE_mEff @ 0x925630
STABILIZE: _ZN7AC_P_2D10set_limitsEfff @ 0x9256b0
STABILIZE: _ZNK18AC_AttitudeControl25get_ang_vel_roll_max_radsEv @ 0xb365e0
STABILIZE: _ZNK18AC_AttitudeControl26get_ang_vel_pitch_max_radsEv @ 0xb36640
STABILIZE: _ZNK18AC_AttitudeControl24get_accel_roll_max_radssEv @ 0xb366a0
STABILIZE: _ZNK18AC_AttitudeControl25get_accel_pitch_max_radssEv @ 0xb36700
STABILIZE: _ZN18AC_AttitudeControl18get_bf_feedforwardEv @ 0xb36760
STABILIZE: _ZL9cd_to_radf.1210 @ 0x9258e0
STABILIZE: _ZN13AC_PosControl18init_NE_controllerEv @ 0x925b40
STABILIZE: _ZNK13AC_PosControl22get_lean_angle_max_radEv @ 0x9269e0
STABILIZE: _Z22angle_rad_to_accel_mssf @ 0x926ab0
STABILIZE: _ZNK18AC_AttitudeControl24get_att_target_euler_radEv @ 0xb367d0
STABILIZE: _ZN7Vector2IfE12limit_lengthEf @ 0xb368c0
STABILIZE: _ZNK18AC_AttitudeControl18lean_angle_max_radEv @ 0xb369f0
STABILIZE: _ZN13AC_PosControl15init_offsets_NEEv @ 0x928760
STABILIZE: _ZNK13AC_PosControl27lean_angles_to_accel_NE_mssERfS0_ @ 0x9288c0
STABILIZE: _ZN9AC_PID_2D12reset_filterEv @ 0xb36aa0
STABILIZE: _ZN9AC_PID_2D2ffEv @ 0xb36af0
STABILIZE: _ZN9AC_PID_2D14set_integratorERK7Vector2IfE @ 0x928990
STABILIZE: _ZN13AC_PosControl17init_ekf_NE_resetEv @ 0x928a20
STABILIZE: _ZN12AP_AHRS_View24getLastPosNorthEastResetER7Vector2IfE @ 0xb36b40
STABILIZE: _ZN7AP_AHRS24getLastPosNorthEastResetER7Vector2IfE @ 0x928a90
STABILIZE: _ZN7NavEKF324getLastPosNorthEastResetER7Vector2IfE @ 0x928ce0
STABILIZE: _ZNK13AC_PosControl32lean_angles_rad_to_accel_NEU_mssERK7Vector3IfE @ 0x928e30
STABILIZE: _ZL3MAXIffEDTqugtfp_fp0_fp_fp0_ERKT_RKT0_.12242 @ 0x929010
STABILIZE: _ZN13AC_PosControl30set_correction_speed_accel_U_mEfff @ 0x92abd0
STABILIZE: _ZN7AC_P_1D10set_limitsEffff @ 0x92af30
STABILIZE: _ZN13AC_PosControl17init_U_controllerEv @ 0x92b1d0
STABILIZE: _ZN13AC_PosControl12init_terrainEv @ 0x92b440
STABILIZE: _ZN13AC_PosControl14init_offsets_UEv @ 0x92b4b0
STABILIZE: _ZN12AC_PID_Basic12reset_filterEv @ 0xb36e60
STABILIZE: _ZN12AC_PID_Basic14set_integratorEf @ 0x92b570
STABILIZE: _ZNK13AC_PosControl24get_measured_accel_U_mssEv @ 0xb36eb0
STABILIZE: _ZN13AC_PosControl16init_ekf_U_resetEv @ 0x92b620
STABILIZE: _ZN12AP_AHRS_View19getLastPosDownResetERf @ 0xb36f20
STABILIZE: _ZN7AP_AHRS19getLastPosDownResetERf @ 0x92b690
STABILIZE: _ZN7NavEKF319getLastPosDownResetERf @ 0x92b8d0
STABILIZE: _ZNK12AP_AHRS_View12get_accel_efEv @ 0xb36ff0
STABILIZE: _ZN11SplineCurveC2Ev @ 0xb37090
STABILIZE: _ZNK8AC_WPNav26get_default_speed_down_cmsEv @ 0xb37160
STABILIZE: _ZN6SCurveC2Ev @ 0x92bb10
STABILIZE: _ZN13AC_PosControlC2ER12AP_AHRS_ViewRK9AP_MotorsR18AC_AttitudeControl @ 0x92bdf0
STABILIZE: _ZN12AC_PID_BasicC2Efffffff @ 0x92c1d0
STABILIZE: _ZN9AC_PID_2DC2Efffffff @ 0x92c360
STABILIZE: _ZN7AC_P_1DC2Ef @ 0x92c540
STABILIZE: _ZN7AC_P_2DC2Ef @ 0x92c5d0
STABILIZE: _ZN24AC_AttitudeControl_MultiC2ER12AP_AHRS_ViewRK14AP_MultiCopterR20AP_MotorsMulticopter @ 0x92c830
STABILIZE: _ZN18AC_AttitudeControlC2ER12AP_AHRS_ViewRK14AP_MultiCopterR9AP_Motors @ 0xb37230
STABILIZE: _ZN6AC_PIDC2ERKNS_8DefaultsE @ 0xb37590
STABILIZE: _ZN24AC_AttitudeControl_Multi17get_rate_roll_pidEv @ 0xb37720
STABILIZE: _ZN24AC_AttitudeControl_Multi18get_rate_pitch_pidEv @ 0xb37770
STABILIZE: _ZN24AC_AttitudeControl_Multi16get_rate_yaw_pidEv @ 0xb377c0
STABILIZE: _ZNK24AC_AttitudeControl_Multi16get_rate_yaw_pidEv @ 0xb378b0
STABILIZE: _ZN18AC_AttitudeControl47input_euler_angle_roll_pitch_euler_rate_yaw_radEfff @ 0x92d0e0
STABILIZE: _ZN24AC_AttitudeControl_Multi19rate_controller_runEv @ 0x92f3b0
STABILIZE: _ZN24AC_AttitudeControl_Multi28rate_controller_target_resetEv @ 0x92f440
STABILIZE: _ZN24AC_AttitudeControl_Multi22rate_controller_run_dtERK7Vector3IfEf @ 0x92f4d0
STABILIZE: _ZN24AC_AttitudeControl_Multi29update_althold_lean_angle_maxEf @ 0x92f780
STABILIZE: _ZN24AC_AttitudeControl_Multi16set_throttle_outEfbf @ 0x92f8c0
STABILIZE: _ZNK18AC_AttitudeControl30get_althold_lean_angle_max_radEv @ 0x92f9f0
STABILIZE: _ZN24AC_AttitudeControl_Multi22parameter_sanity_checkEv @ 0x92fa70
STABILIZE: _ZN24AC_AttitudeControl_Multi21set_notch_sample_rateEf @ 0x92fd00
STABILIZE: _ZN24AC_AttitudeControl_Multi20set_throttle_mix_minEv @ 0xb37af0
STABILIZE: _ZN18AC_AttitudeControl16get_roll_trim_cdEv @ 0xb37da0
STABILIZE: _ZL3MAXIffEDTqugtfp_fp0_fp_fp0_ERKT_RKT0_.12164 @ 0x92fe90
STABILIZE: _ZN9AP_Motors26set_throttle_filter_cutoffEf @ 0xb37f00
STABILIZE: _ZN24AC_AttitudeControl_Multi20get_throttle_boostedEf @ 0x92ff10
STABILIZE: _ZN9AP_Motors12set_throttleEf @ 0xb37f70
STABILIZE: _ZL3MAXIffEDTqugtfp_fp0_fp_fp0_ERKT_RKT0_.12079 @ 0x9300b0
STABILIZE: _ZN24AC_AttitudeControl_Multi20get_throttle_avg_maxEf @ 0x930130
STABILIZE: _ZN9AP_Motors20set_throttle_avg_maxEf @ 0xb37fd0
STABILIZE: _ZNK12AP_AHRS_View9cos_pitchEv @ 0xb38050
STABILIZE: _ZNK12AP_AHRS_View8cos_rollEv @ 0xb380a0
STABILIZE: _ZNK20AP_MotorsMulticopter23get_throttle_thrust_maxEv @ 0xb380f0
STABILIZE: _ZN24AC_AttitudeControl_Multi26update_throttle_gain_boostEv @ 0x930230
STABILIZE: _ZN24AC_AttitudeControl_Multi23update_throttle_rpy_mixEv @ 0x9303b0
STABILIZE: _ZN9AP_Motors8set_rollEf @ 0xb38140
STABILIZE: _ZNK6AC_PID6get_ffEv @ 0x9305f0
STABILIZE: _ZN9AP_Motors11set_roll_ffEf @ 0xb381a0
STABILIZE: _ZN9AP_Motors9set_pitchEf @ 0xb38200
STABILIZE: _ZN9AP_Motors12set_pitch_ffEf @ 0xb38260
STABILIZE: _ZN9AP_Motors7set_yawEf @ 0xb382c0
STABILIZE: _ZN9AP_Motors10set_yaw_ffEf @ 0xb38320
STABILIZE: _ZL3MINIffEDTqultfp_fp0_fp_fp0_ERKT_RKT0_.12080 @ 0x930650
STABILIZE: _ZNK9AP_Motors16get_throttle_outEv @ 0xb38380
STABILIZE: _ZNK9AP_Motors22get_throttle_slew_rateEv @ 0xb383d0
STABILIZE: _ZN18AC_AttitudeControl17set_PD_scale_multERK7Vector3IfE @ 0xb38420
STABILIZE: _ZN18AC_AttitudeControl22set_angle_P_scale_multERK7Vector3IfE @ 0xb38490
STABILIZE: _ZN18AC_AttitudeControl22update_attitude_targetEv @ 0x930730
STABILIZE: _ZNK11QuaternionTIfE8to_eulerER7Vector3IfE @ 0xb38500
STABILIZE: _ZN18AC_AttitudeControl19input_shaping_angleEfffff @ 0xb38580
STABILIZE: _ZN18AC_AttitudeControl19input_shaping_angleEfffffff @ 0x930a50
STABILIZE: _ZNK18AC_AttitudeControl13ang_vel_limitER7Vector3IfEfff @ 0x930bb0
STABILIZE: _ZN18AC_AttitudeControl21ang_vel_to_euler_rateERK11QuaternionTIfERK7Vector3IfERS5_ @ 0x930db0
STABILIZE: _ZN18AC_AttitudeControl28attitude_controller_run_quatEv @ 0x930f50
STABILIZE: _ZN18AC_AttitudeControl36update_ang_vel_target_from_att_errorERK7Vector3IfE @ 0x9313f0
STABILIZE: _ZNK18AC_AttitudeControl15get_latest_gyroEv @ 0x931800
STABILIZE: _ZN18AC_AttitudeControl21input_shaping_ang_velEfffff @ 0x931870
STABILIZE: _ZN18AC_AttitudeControl17euler_accel_limitERK11QuaternionTIfERK7Vector3IfE @ 0x931b50
STABILIZE: _ZN18AC_AttitudeControl21euler_rate_to_ang_velERK11QuaternionTIfERK7Vector3IfERS5_ @ 0x931e70
STABILIZE: _ZN18AC_AttitudeControl17get_roll_trim_radEv @ 0xb38630
STABILIZE: _ZL9cd_to_radf @ 0x931fd0
STABILIZE: _ZN18AC_AttitudeControl29reset_rate_controller_I_termsEv @ 0x932190
STABILIZE: _ZN12AP_AHRS_ViewC2ER7AP_AHRS8Rotationf @ 0x932dd0
STABILIZE: _ZL7radiansf.18355 @ 0x932fd0
STABILIZE: _ZNK20AP_MotorsMulticopter13arming_checksEmPc @ 0x933020
STABILIZE: _ZNK20AP_MotorsMulticopter18get_throttle_hoverEv @ 0xb38d60
STABILIZE: _ZN15AP_MotorsMatrix15set_update_rateEt @ 0x933560
STABILIZE: _ZN15AP_MotorsMatrix24set_frame_class_and_typeEN9AP_Motors17motor_frame_classENS0_16motor_frame_typeE @ 0x933640
STABILIZE: _ZN20AP_MotorsMulticopter6outputEv @ 0x933720
STABILIZE: _ZN20AP_MotorsMulticopter10output_minEv @ 0x933800
STABILIZE: _ZN15AP_MotorsMatrix14get_motor_maskEv @ 0x933870
STABILIZE: _ZN9AP_Motors8rc_writeEht @ 0x933940
STABILIZE: _ZN15AP_MotorsMatrix24output_armed_stabilizingEv @ 0x933b00
STABILIZE: _ZN9AP_Motors11rc_set_freqEjt @ 0x9344e0
STABILIZE: _ZN20AP_MotorsMulticopter22update_throttle_filterEv @ 0x934840
STABILIZE: _ZNK15AP_MotorsMatrix15get_type_stringEv @ 0xb39060
STABILIZE: _ZN20AP_MotorsMulticopter21output_boost_throttleEv @ 0x935150
STABILIZE: _ZN20AP_MotorsMulticopter11output_rpytEv @ 0x935230
STABILIZE: _ZN15AP_MotorsMatrix12setup_motorsEN9AP_Motors17motor_frame_classENS0_16motor_frame_typeE @ 0x935510
STABILIZE: _ZN15AP_MotorsMatrix12remove_motorEa @ 0x9356c0
STABILIZE: _ZN9AP_Motors18set_initialised_okEb @ 0xb39100
STABILIZE: _ZN15AP_MotorsMatrix17setup_quad_matrixEN9AP_Motors16motor_frame_typeE @ 0x935780
STABILIZE: _ZN15AP_MotorsMatrix21normalise_rpy_factorsEv @ 0x9364b0
STABILIZE: _ZL3MAXIffEDTqugtfp_fp0_fp_fp0_ERKT_RKT0_.12661 @ 0x9367a0
STABILIZE: _ZN15AP_MotorsMatrix10add_motorsEPKNS_8MotorDefEh @ 0x936820
STABILIZE: _ZN15AP_MotorsMatrix9add_motorEaffh @ 0x9368f0
STABILIZE: _ZN15AP_MotorsMatrix9add_motorEafffh @ 0x936990
STABILIZE: _ZL7radiansf.12665 @ 0x936aa0
STABILIZE: _ZN15AP_MotorsMatrix16output_to_motorsEv @ 0x936c60
STABILIZE: _ZNK20AP_MotorsMulticopter18motor_enabled_maskEh @ 0xb39220
STABILIZE: _ZN20AP_MotorsMulticopter13output_to_pwmEf @ 0x937210
STABILIZE: _ZNK20Thrust_Linearization12get_spin_minEv @ 0xb392d0
STABILIZE: _ZNK9AP_Motors30motor_mask_to_srv_channel_maskEj @ 0x9374e0
STABILIZE: _ZN12SRV_Channels18get_dshot_esc_typeEv @ 0xb39330
STABILIZE: _ZNK20Thrust_Linearization21get_compensation_gainEv @ 0x9375b0
STABILIZE: _ZNK15AP_MotorsMatrix11boost_ratioEff @ 0x9376c0
STABILIZE: _ZL3MINIffEDTqultfp_fp0_fp_fp0_ERKT_RKT0_.12687 @ 0x937750
STABILIZE: _ZN15AP_MotorsMatrix22check_for_failed_motorEf @ 0x9377e0
STABILIZE: _ZNK20Thrust_Linearization12get_lift_maxEv @ 0xb39380
STABILIZE: _ZN20AP_MotorsMulticopter14get_motor_maskEv @ 0x937ab0
STABILIZE: _ZN9AP_Motors23set_desired_spool_stateENS_17DesiredSpoolStateE @ 0x937b00
STABILIZE: _ZN20Thrust_Linearization33update_lift_max_from_batt_voltageEv @ 0x937b80
STABILIZE: _ZN20AP_MotorsMulticopter12output_logicEv @ 0x937f20
STABILIZE: _ZN20AP_MotorsMulticopter22update_external_limitsEv @ 0x938910
STABILIZE: _ZN9AP_Motors10has_optionENS_12MotorOptionsE @ 0xb39430
STABILIZE: _ZNK9AP_ParamTIfL11ap_var_type4EEgeERKS1_ @ 0xb394b0
STABILIZE: _ZL3MAXI9AP_ParamTIfL11ap_var_type4EEfEDTqugtfp_fp0_fp_fp0_ERKT_RKT0_.12812 @ 0x938b50
STABILIZE: _ZNK9AP_Motors8get_dt_sEv @ 0xb39520
STABILIZE: _ZNK9AP_Motors13arming_checksEmPc @ 0x938e70
STABILIZE: _ZNK20AP_MotorsMulticopter20check_mot_pwm_paramsEv @ 0x938f30
STABILIZE: _ZN15AP_MotorsMatrix4initEN9AP_Motors17motor_frame_classENS0_16motor_frame_typeE @ 0x939090
STABILIZE: _ZN15AP_MotorsMatrix19thrust_compensationEv @ 0x939f50
STABILIZE: _ZNK7FunctorIvJPfhEEcvbEv @ 0xb39680
STABILIZE: _ZN20AP_MotorsMulticopterC2Et @ 0x93a2f0
STABILIZE: _ZN9AP_MotorsC2Et @ 0x93b0b0
STABILIZE: _ZN7FunctorIvJPfhEEC2Ev @ 0xb399e0
STABILIZE: _ZN7FunctorIvJPfhEEC2EPvPFvS2_S0_hE @ 0xb39a40
STABILIZE: _ZN20Thrust_LinearizationC2ER9AP_Motors @ 0x93b240
STABILIZE: _ZN16DerivativeFilterIfLh7EEC2Ev @ 0xb39b20
STABILIZE: _ZN7AP_EnumIN9AP_Motors7PWMTypeEEC2Ev @ 0xb39b90
STABILIZE: _ZN16DerivativeFilterIfLh7EE5resetEv @ 0xb39be0
STABILIZE: _ZN16FilterWithBufferIfLh7EE5resetEv @ 0xb39c30
STABILIZE: _ZN16FilterWithBufferIfLh7EEC2Ev @ 0xb39cc0
STABILIZE: _ZNK15AP_MotorsMatrix17_get_frame_stringEv @ 0xb3a180
STABILIZE: _ZN10RC_Channel9set_angleEt @ 0x93ead0
STABILIZE: _ZN6Copter18default_dead_zonesEv @ 0x93eb40
STABILIZE: _ZN10RC_Channel21set_default_dead_zoneEs @ 0x93ebe0
STABILIZE: _ZN6AP_OSD12init_backendENS_9osd_typesEh @ 0x93ec60
STABILIZE: _ZN12AP_LTM_Telem4initEv @ 0x941000
STABILIZE: _ZN14AP_Frsky_TelemD2Ev @ 0x941990
STABILIZE: _ZN7AP_Baro12_add_backendEP15AP_Baro_Backend @ 0x9419e0
STABILIZE: _ZN16AP_Baro_DroneCAN5probeER7AP_Baro @ 0x941aa0
STABILIZE: _ZNK7AP_Baro16_have_i2c_driverEhh @ 0x941db0
STABILIZE: _ZN14AP_Baro_MS56115probeER7AP_BaroN6AP_HAL6OwnPtrINS2_6DeviceEEE @ 0x941ea0
STABILIZE: _ZNK7AP_Baro14option_enabledENS_7OptionsE @ 0xb3ad80
STABILIZE: _ZN6AP_HAL6OwnPtrINS_6DeviceEEC2IS1_EEONS0_IT_EE @ 0xb3ae00
STABILIZE: _ZN14AP_Baro_MS56XX6_probeER7AP_BaroPS_ @ 0x942090
STABILIZE: _ZN14AP_Baro_MS5611CI214AP_Baro_MS56XXER7AP_BaroN6AP_HAL6OwnPtrINS2_6DeviceEEE @ 0xb3af00
STABILIZE: _ZN14AP_Baro_MS56XXC2ER7AP_BaroN6AP_HAL6OwnPtrINS2_6DeviceEEE @ 0x942140
STABILIZE: _ZN14AP_Baro_MS5611D2Ev @ 0xb3af90
STABILIZE: _ZN14AP_Baro_MS5611D0Ev @ 0xb3afe0
STABILIZE: _ZN14AP_Baro_MS56XX5_initEv @ 0x942510
STABILIZE: _ZN15AP_Baro_Backend17_copy_to_frontendEhff @ 0x942bf0
STABILIZE: _ZN7AP_Baro15register_sensorEv @ 0x942f60
STABILIZE: _ZN15AP_Baro_Backend10set_bus_idEhj @ 0xb3b210
STABILIZE: _ZN14AP_Baro_MS56XXD2Ev @ 0xb3b410
STABILIZE: _ZN15AP_Baro_BackendD2Ev @ 0xb3b490
STABILIZE: _ZN15AP_Baro_BackendC2ER7AP_Baro @ 0x943550
STABILIZE: _ZN6AP_HAL6Device13change_bus_idEjh @ 0x943870
STABILIZE: _ZN12AP_Baro_SITLC2ER7AP_Baro @ 0x943d40
STABILIZE: _ZN7VectorNIN12AP_Baro_SITL13readings_baroELh50EEC2Ev @ 0xb3b8b0
STABILIZE: _ZN7FunctorIvJEE4bindI12AP_Baro_SITLXadL_ZNS2_6_timerEvEEEES0_PT_ @ 0xb3b940
STABILIZE: _ZN12AP_Baro_SITL6_timerEv @ 0x943e80
STABILIZE: _ZN7FunctorIvJEE14method_wrapperI12AP_Baro_SITLXadL_ZNS2_6_timerEvEEEEvPv @ 0xb3b9a0
STABILIZE: _ZN7VectorNIN12AP_Baro_SITL13readings_baroELh50EEixEh @ 0xb3ba50
STABILIZE: _ZN12AP_Baro_SITL22temperature_adjustmentERfS0_ @ 0x944270
STABILIZE: _ZN12AP_Baro_SITL24wind_pressure_correctionEh @ 0x944460
STABILIZE: _ZL2sqf.2279 @ 0x944670
STABILIZE: _ZN7AP_Baro22_get_air_density_ratioEv @ 0x9446c0
STABILIZE: _ZL2sqf.2258 @ 0x944760
STABILIZE: _ZN12AP_Baro_SITL6updateEv @ 0x944850
STABILIZE: _ZN12AP_Baro_SITL19update_healthy_flagEh @ 0xb3bb60
STABILIZE: _ZN12AP_Baro_SITL7healthyEh @ 0x944900
STABILIZE: _ZN22AP_BattMonitor_BackendC2ER14AP_BattMonitorRNS0_17BattMonitor_StateER21AP_BattMonitor_Params @ 0x944ab0
STABILIZE: _ZNK22AP_BattMonitor_Backend17has_cell_voltagesEv @ 0xb3c270
STABILIZE: _ZNK22AP_BattMonitor_Backend15has_temperatureEv @ 0xb3c2c0
STABILIZE: _ZNK22AP_BattMonitor_Backend15get_temperatureERf @ 0x945110
STABILIZE: _ZNK22AP_BattMonitor_Backend22capacity_remaining_pctERh @ 0x9451d0
STABILIZE: _ZN22AP_BattMonitor_Backend26update_resistance_estimateEv @ 0x945350
STABILIZE: _ZNK22AP_BattMonitor_Backend25get_mavlink_fault_bitmaskEv @ 0xb3c370
STABILIZE: _ZN21AP_BattMonitor_AnalogC2ER14AP_BattMonitorRNS0_17BattMonitor_StateER21AP_BattMonitor_Params @ 0x9471f0
STABILIZE: _ZNK7AP_EnumIN21AP_BattMonitor_Params4TypeEEcvKS1_Ev @ 0xb3cf60
STABILIZE: _ZN21AP_BattMonitor_Analog4initEv @ 0xb3d010
STABILIZE: _ZN21AP_BattMonitor_Analog4readEv @ 0x947660
STABILIZE: _ZNK21AP_BattMonitor_Analog19has_consumed_energyEv @ 0xb3d060
STABILIZE: _ZNK21AP_BattMonitor_Analog11has_currentEv @ 0x947860
STABILIZE: _ZN9AP_Notify19set_flight_mode_strEPKc @ 0x94de70
STABILIZE: _ZN9AP_Notify12add_backendsEv @ 0x94df00
STABILIZE: _ZN9AP_Notify18add_backend_helperEP12NotifyDevice @ 0x94ec60
STABILIZE: _ZN7DisplayC2Ev @ 0xb3f620
STABILIZE: _ZN6BuzzerC2Ev @ 0xb3f690
STABILIZE: _ZN12AP_ToneAlarmC2Ev @ 0xb3f700
STABILIZE: _ZN12NotifyDeviceC2Ev @ 0xb3f780
STABILIZE: _ZN12AP_ToneAlarmD2Ev @ 0xb3f7e0
STABILIZE: _ZN12AP_ToneAlarmD0Ev @ 0xb3f850
STABILIZE: _ZN12AP_ToneAlarm4initEv @ 0x94ed60
STABILIZE: _ZNK9AP_Notify16get_buzzer_typesEv @ 0xb3fb20
STABILIZE: _ZNK9AP_Notify14buzzer_enabledEv @ 0xb3fd40
STABILIZE: _ZN12NotifyDeviceD2Ev @ 0xb3fec0
STABILIZE: _ZN6BuzzerD2Ev @ 0xb3ffb0
STABILIZE: _ZN6BuzzerD0Ev @ 0xb40000
STABILIZE: _ZN6Buzzer4initEv @ 0x950da0
STABILIZE: _ZNK9AP_Notify12get_buzz_pinEv @ 0xb400c0
STABILIZE: _ZN7DisplayD2Ev @ 0xb40120
STABILIZE: _ZN7DisplayD0Ev @ 0xb40170
STABILIZE: _ZN7Display4initEv @ 0x9513d0
STABILIZE: _ZN10IS31FL3195C2Ehh @ 0x953670
STABILIZE: _ZN6RGBLedC2Ehhhh @ 0x953720
STABILIZE: _ZN10IS31FL3195D2Ev @ 0xb405c0
STABILIZE: _ZN10IS31FL3195D0Ev @ 0xb40650
STABILIZE: _ZN10IS31FL31954initEv @ 0x953840
STABILIZE: _ZN6RGBLed6updateEv @ 0x953ac0
STABILIZE: _ZN10IS31FL319510hw_set_rgbEhhh @ 0x953e50
STABILIZE: _ZN6RGBLed8_set_rgbEhhh @ 0x953ef0
STABILIZE: _ZNK6RGBLed10rgb_sourceEv @ 0x954000
STABILIZE: _ZNK6RGBLed19get_colour_sequenceEv @ 0x954260
STABILIZE: _ZNK6RGBLed14get_brightnessEv @ 0x954650
STABILIZE: _ZN6RGBLed7set_rgbEhhh @ 0x954750
STABILIZE: _ZN7FunctorIvJEE4bindI10IS31FL3195XadL_ZNS2_6_timerEvEEEES0_PT_ @ 0xb406b0
STABILIZE: _ZN10IS31FL31956_timerEv @ 0x954810
STABILIZE: _ZN7FunctorIvJEE14method_wrapperI10IS31FL3195XadL_ZNS2_6_timerEvEEEEvPv @ 0xb40710
STABILIZE: _ZN6RGBLedD2Ev @ 0xb407c0
STABILIZE: _ZN6LP5562C2Ehh @ 0x9548f0
STABILIZE: _ZN6AP_HAL6OwnPtrINS_9I2CDeviceEEC2Ev @ 0xb40850
STABILIZE: _ZN6LP5562D2Ev @ 0xb408a0
STABILIZE: _ZN6LP5562D0Ev @ 0xb40920
STABILIZE: _ZN6LP55624initEv @ 0x9549b0
STABILIZE: _ZN6LP556210hw_set_rgbEhhh @ 0x954d00
STABILIZE: _ZN6AP_HAL6OwnPtrINS_9I2CDeviceEEaSIS1_EERS2_ONS0_IT_EE @ 0xb40980
STABILIZE: _ZN7FunctorIvJEE4bindI6LP5562XadL_ZNS2_6_timerEvEEEES0_PT_ @ 0xb40a20
STABILIZE: _ZN6LP55626_timerEv @ 0x954da0
STABILIZE: _ZN7FunctorIvJEE14method_wrapperI6LP5562XadL_ZNS2_6_timerEvEEEEvPv @ 0xb40a80
STABILIZE: _ZN7NCP5623C2Eh @ 0x956240
STABILIZE: _ZN7NCP5623D2Ev @ 0xb41450
STABILIZE: _ZN7NCP5623D0Ev @ 0xb414d0
STABILIZE: _ZN7NCP56234initEv @ 0x9562e0
STABILIZE: _ZN7NCP56235writeEhh @ 0x956650
STABILIZE: _ZN14ToshibaLED_I2CC2Eh @ 0x9568a0
STABILIZE: _ZN14ToshibaLED_I2CD2Ev @ 0xb41640
STABILIZE: _ZN14ToshibaLED_I2CD0Ev @ 0xb416d0
STABILIZE: _ZN14ToshibaLED_I2C4initEv @ 0x956930
STABILIZE: _ZN14ToshibaLED_I2C10hw_set_rgbEhhh @ 0x956b20
STABILIZE: _ZN7FunctorIvJEE4bindI14ToshibaLED_I2CXadL_ZNS2_6_timerEvEEEES0_PT_ @ 0xb41730
STABILIZE: _ZN14ToshibaLED_I2C6_timerEv @ 0x956bd0
STABILIZE: _ZN7FunctorIvJEE14method_wrapperI14ToshibaLED_I2CXadL_ZNS2_6_timerEvEEEEvPv @ 0xb41790
STABILIZE: _ZN10ModeGuidedC2Ev @ 0xb41be0
STABILIZE: _ZN4Mode4exitEv @ 0xb41ca0
STABILIZE: _ZNK10ModeGuided19has_manual_throttleEv @ 0xb41d40
STABILIZE: _ZNK10ModeGuided12is_autopilotEv @ 0xb41d90
STABILIZE: _ZNK4Mode13logs_attitudeEv @ 0xb41e90
STABILIZE: _ZNK4Mode10is_landingEv @ 0xb421b0
STABILIZE: _ZN4Mode16output_to_motorsEv @ 0x9596d0
STABILIZE: _ZNK4Mode14throttle_hoverEv @ 0x9598b0
STABILIZE: _ZN4Mode7AutoYaw8set_modeENS0_4ModeE @ 0x959ad0
STABILIZE: _ZNK6Copter38get_rangefinder_height_interpolated_cmERi @ 0x959e50
STABILIZE: _ZNK18AP_SurfaceDistance38get_rangefinder_height_interpolated_cmERi @ 0x959ec0
STABILIZE: _ZNK18AP_SurfaceDistance19enabled_and_healthyEv @ 0x959fc0
STABILIZE: _ZNK8AC_WPNav24get_default_speed_up_cmsEv @ 0xb42350
STABILIZE: _ZNK8AC_WPNav16get_accel_U_cmssEv @ 0xb423b0
STABILIZE: _ZN13AC_PosControl24set_max_speed_accel_U_cmEfff @ 0x95a030
STABILIZE: _ZN13AC_PosControl31set_correction_speed_accel_U_cmEfff @ 0x95a0e0
STABILIZE: _ZNK8AC_WPNav24get_wp_acceleration_cmssEv @ 0xb42410
STABILIZE: _ZN13AC_PosControl25set_max_speed_accel_NE_cmEff @ 0x95a190
STABILIZE: _ZN13AC_PosControl32set_correction_speed_accel_NE_cmEff @ 0x95a220
STABILIZE: _ZN18AC_AttitudeControl25reset_yaw_target_and_rateEb @ 0x95dcd0
STABILIZE: _ZNK12AP_Proximity19get_upward_distanceERf @ 0x95ea00
STABILIZE: _ZNK4Mode31get_pilot_desired_yaw_rate_radsEv @ 0x95f990
STABILIZE: _ZN4Mode7AutoYaw19set_mode_to_defaultEb @ 0x960f70
STABILIZE: _ZNK4Mode7AutoYaw12default_modeEb @ 0x960ff0
STABILIZE: _ZNK15AC_CommandModel8get_rateEv @ 0xb42b30
STABILIZE: _ZL7radiansf.1204 @ 0x9611a0
STABILIZE: _ZNK15AC_CommandModel8get_expoEv @ 0xb42b90
STABILIZE: _Z10input_expoff @ 0x9611f0
STABILIZE: _ZN10ModeGuided4initEb @ 0x968280
STABILIZE: _ZN10ModeGuided22velaccel_control_startEv @ 0x968310
STABILIZE: _ZN10ModeGuided17pva_control_startEv @ 0x968370
STABILIZE: _ZNK8AC_WPNav24get_default_speed_NE_cmsEv @ 0xb438b0
STABILIZE: _ZN4ModeC2Ev @ 0x968560
STABILIZE: _ZNK10ModeGuided11mode_numberEv @ 0xb43910
STABILIZE: _ZNK10ModeGuided5name4Ev @ 0xb439b0
STABILIZE: _ZNK4Mode16has_user_takeoffEb @ 0xb43a60
STABILIZE: _ZNK4Mode13is_taking_offEv @ 0x968690
STABILIZE: _ZNK4Mode6get_wpER8Location @ 0xb43bb0
STABILIZE: _ZNK4Mode14wp_bearing_degEv @ 0xb43c10
STABILIZE: _ZNK4Mode13wp_distance_mEv @ 0xb43c60
STABILIZE: _ZNK4Mode18crosstrack_error_mEv @ 0xb43cb0
STABILIZE: _ZN7FunctorIvJEE14method_wrapperI17AP_InertialSensorXadL_ZNS2_6updateEvEEEEvPv @ 0xb44240
STABILIZE: _ZN7FunctorIvJEE14method_wrapperI6CopterXadL_ZNS2_24run_rate_controller_mainEvEEEEvPv @ 0xb442f0
STABILIZE: _ZN7FunctorIvJEE14method_wrapperI6CopterXadL_ZNS2_21run_custom_controllerEvEEEEvPv @ 0xb443a0
STABILIZE: _ZN7FunctorIvJEE14method_wrapperI6CopterXadL_ZNS2_18motors_output_mainEvEEEEvPv @ 0xb44450
STABILIZE: _ZN7FunctorIvJEE14method_wrapperI6CopterXadL_ZNS2_9read_AHRSEvEEEEvPv @ 0xb44500
STABILIZE: _ZN7FunctorIvJEE14method_wrapperI6CopterXadL_ZNS2_12read_inertiaEvEEEEvPv @ 0xb445b0
STABILIZE: _ZN7FunctorIvJEE14method_wrapperI6CopterXadL_ZNS2_15check_ekf_resetEvEEEEvPv @ 0xb44660
STABILIZE: _ZN7FunctorIvJEE14method_wrapperI6CopterXadL_ZNS2_18update_flight_modeEvEEEEvPv @ 0xb44710
STABILIZE: _ZN7FunctorIvJEE14method_wrapperI6CopterXadL_ZNS2_20update_home_from_EKFEvEEEEvPv @ 0xb447c0
STABILIZE: _ZN7FunctorIvJEE14method_wrapperI6CopterXadL_ZNS2_31update_land_and_crash_detectorsEvEEEEvPv @ 0xb44870
STABILIZE: _ZN7FunctorIvJEE14method_wrapperI6CopterXadL_ZNS2_33update_rangefinder_terrain_offsetEvEEEEvPv @ 0xb44920
STABILIZE: _ZN7FunctorIvJEE14method_wrapperI8AP_MountXadL_ZNS2_11update_fastEvEEEEvPv @ 0xb449d0
STABILIZE: _ZN7FunctorIvJEE14method_wrapperI6CopterXadL_ZNS2_23Log_Video_StabilisationEvEEEEvPv @ 0xb44a80
STABILIZE: _ZN7FunctorIvJEE14method_wrapperI6CopterXadL_ZNS2_7rc_loopEvEEEEvPv @ 0xb44b30
STABILIZE: _ZN7FunctorIvJEE14method_wrapperI6CopterXadL_ZNS2_13throttle_loopEvEEEEvPv @ 0xb44be0
STABILIZE: _ZN7FunctorIvJEE14method_wrapperI6CopterXadL_ZNS2_11fence_checkEvEEEEvPv @ 0xb44c90
STABILIZE: _ZN7FunctorIvJEE14method_wrapperI6AP_GPSXadL_ZNS2_6updateEvEEEEvPv @ 0xb44d40
STABILIZE: _ZN7FunctorIvJEE14method_wrapperI14AP_OpticalFlowXadL_ZNS2_6updateEvEEEEvPv @ 0xb44df0
STABILIZE: _ZN7FunctorIvJEE14method_wrapperI6CopterXadL_ZNS2_19update_batt_compassEvEEEEvPv @ 0xb44ea0
STABILIZE: _ZN7FunctorIvJEE14method_wrapperI11RC_ChannelsXadL_ZNS2_12read_aux_allEvEEEEvPv @ 0xb44f50
STABILIZE: _ZN7FunctorIvJEE14method_wrapperI6CopterXadL_ZNS2_17auto_disarm_checkEvEEEEvPv @ 0xb45000
STABILIZE: _ZN7FunctorIvJEE14method_wrapperI18RC_Channels_CopterXadL_ZNS2_13auto_trim_runEvEEEEvPv @ 0xb450b0
STABILIZE: _ZN7FunctorIvJEE14method_wrapperI6CopterXadL_ZNS2_16read_rangefinderEvEEEEvPv @ 0xb45160
STABILIZE: _ZN7FunctorIvJEE14method_wrapperI12AP_ProximityXadL_ZNS2_6updateEvEEEEvPv @ 0xb45210
STABILIZE: _ZN7FunctorIvJEE14method_wrapperI9AP_BeaconXadL_ZNS2_6updateEvEEEEvPv @ 0xb452c0
STABILIZE: _ZN7FunctorIvJEE14method_wrapperI6CopterXadL_ZNS2_15update_altitudeEvEEEEvPv @ 0xb45370
STABILIZE: _ZN7FunctorIvJEE14method_wrapperI6CopterXadL_ZNS2_15run_nav_updatesEvEEEEvPv @ 0xb45420
STABILIZE: _ZN7FunctorIvJEE14method_wrapperI6CopterXadL_ZNS2_21update_throttle_hoverEvEEEEvPv @ 0xb454d0
STABILIZE: _ZN7FunctorIvJEE14method_wrapperI12ModeSmartRTLXadL_ZNS2_13save_positionEvEEEEvPv @ 0xb45580
STABILIZE: _ZN7FunctorIvJEE14method_wrapperI10AC_SprayerXadL_ZNS2_6updateEvEEEEvPv @ 0xb45630
STABILIZE: _ZN7FunctorIvJEE14method_wrapperI6CopterXadL_ZNS2_13three_hz_loopEvEEEEvPv @ 0xb456e0
STABILIZE: _ZN7FunctorIvJEE14method_wrapperI19AP_ServoRelayEventsXadL_ZNS2_13update_eventsEvEEEEvPv @ 0xb45790
STABILIZE: _ZN7FunctorIvJEE14method_wrapperI6CopterXadL_ZNS2_15update_preclandEvEEEEvPv @ 0xb45840
STABILIZE: _ZN7FunctorIvJEE14method_wrapperI6CopterXadL_ZNS2_17loop_rate_loggingEvEEEEvPv @ 0xb458f0
STABILIZE: _ZN7FunctorIvJEE14method_wrapperI6CopterXadL_ZNS2_11one_hz_loopEvEEEEvPv @ 0xb459a0
STABILIZE: _ZN7FunctorIvJEE14method_wrapperI6CopterXadL_ZNS2_9ekf_checkEvEEEEvPv @ 0xb45a50
STABILIZE: _ZN7FunctorIvJEE14method_wrapperI6CopterXadL_ZNS2_15check_vibrationEvEEEEvPv @ 0xb45b00
STABILIZE: _ZN7FunctorIvJEE14method_wrapperI6CopterXadL_ZNS2_15gpsglitch_checkEvEEEEvPv @ 0xb45bb0
STABILIZE: _ZN7FunctorIvJEE14method_wrapperI6CopterXadL_ZNS2_13takeoff_checkEvEEEEvPv @ 0xb45c60
STABILIZE: _ZN7FunctorIvJEE14method_wrapperI6CopterXadL_ZNS2_18landinggear_updateEvEEEEvPv @ 0xb45d10
STABILIZE: _ZN7FunctorIvJEE14method_wrapperI6CopterXadL_ZNS2_14standby_updateEvEEEEvPv @ 0xb45dc0
STABILIZE: _ZN7FunctorIvJEE14method_wrapperI6CopterXadL_ZNS2_18lost_vehicle_checkEvEEEEvPv @ 0xb45e70
STABILIZE: _ZN7FunctorIvJEE14method_wrapperI3GCSXadL_ZNS2_14update_receiveEvEEEEvPv @ 0xb45f20
STABILIZE: _ZN7FunctorIvJEE14method_wrapperI3GCSXadL_ZNS2_11update_sendEvEEEEvPv @ 0xb45fd0
STABILIZE: _ZN7FunctorIvJEE14method_wrapperI8AP_MountXadL_ZNS2_6updateEvEEEEvPv @ 0xb46080
STABILIZE: _ZN7FunctorIvJEE14method_wrapperI9AP_CameraXadL_ZNS2_6updateEvEEEEvPv @ 0xb46130
STABILIZE: _ZN7FunctorIvJEE14method_wrapperI6CopterXadL_ZNS2_19ten_hz_logging_loopEvEEEEvPv @ 0xb461e0
STABILIZE: _ZN7FunctorIvJEE14method_wrapperI6CopterXadL_ZNS2_21twentyfive_hz_loggingEvEEEEvPv @ 0xb46290
STABILIZE: _ZN7FunctorIvJEE14method_wrapperI9AP_LoggerXadL_ZNS2_14periodic_tasksEvEEEEvPv @ 0xb46340
STABILIZE: _ZN7FunctorIvJEE14method_wrapperI17AP_InertialSensorXadL_ZNS2_8periodicEvEEEEvPv @ 0xb463f0
STABILIZE: _ZN7FunctorIvJEE14method_wrapperI12AP_SchedulerXadL_ZNS2_14update_loggingEvEEEEvPv @ 0xb464a0
STABILIZE: _ZN7FunctorIvJEE14method_wrapperI18AP_TempCalibrationXadL_ZNS2_6updateEvEEEEvPv @ 0xb46550
STABILIZE: _ZN7FunctorIvJEE14method_wrapperI6CopterXadL_ZNS2_21avoidance_adsb_updateEvEEEEvPv @ 0xb46600
STABILIZE: _ZN7FunctorIvJEE14method_wrapperI6CopterXadL_ZNS2_14terrain_updateEvEEEEvPv @ 0xb466b0
STABILIZE: _ZN7FunctorIvJEE14method_wrapperI8AP_WinchXadL_ZNS2_6updateEvEEEEvPv @ 0xb46760
STABILIZE: _ZN7FunctorIvJEE14method_wrapperI9AP_ButtonXadL_ZNS2_6updateEvEEEEvPv @ 0xb46810
STABILIZE: _ZN7FunctorIvJEE14method_wrapperI6CopterXadL_ZNS2_43update_dynamic_notch_at_specified_rate_mainEvEEEEvPv @ 0xb468c0
STABILIZE: _ZN6Copter43update_dynamic_notch_at_specified_rate_mainEv @ 0x96ae30
STABILIZE: _ZN10AP_Vehicle38update_dynamic_notch_at_specified_rateEv @ 0x96aea0
STABILIZE: _ZN10AP_Vehicle20update_dynamic_notchERN17AP_InertialSensor13HarmonicNotchE @ 0x96aff0
STABILIZE: _ZN9AP_Button6updateEv @ 0x96c0d0
STABILIZE: _ZNK10RC_Channel23string_for_aux_functionENS_8AUX_FUNCE @ 0x96caa0
STABILIZE: _ZNK10RC_Channel18string_for_aux_posENS_12AuxSwitchPosE @ 0x96cb70
STABILIZE: _ZN8AP_Winch6updateEv @ 0x96cd50
STABILIZE: _ZNK8AP_Winch7enabledEv @ 0x96cdd0
STABILIZE: _ZN6Copter14terrain_updateEv @ 0x96ce50
STABILIZE: _ZN10AP_Terrain6updateEv @ 0x96cef0
STABILIZE: _ZN11RangeFinder28set_estimated_terrain_heightEf @ 0xb46d80
STABILIZE: _ZN10AP_Terrain16schedule_disk_ioEv @ 0x96d0c0
STABILIZE: _ZN10AP_Terrain19update_mission_dataEv @ 0x96d310
STABILIZE: _ZN10AP_Terrain17update_rally_dataEv @ 0x96d620
STABILIZE: _ZN10AP_Terrain24update_surrounding_tilesERK8Location @ 0x96d7f0
STABILIZE: _ZNK8AP_Rally19last_change_time_msEv @ 0xb46df0
STABILIZE: _ZNK10AP_Mission19last_change_time_msEv @ 0xb46e40
STABILIZE: _ZN7FunctorIvJEE4bindI10AP_TerrainXadL_ZNS2_8io_timerEvEEEES0_PT_ @ 0xb46e90
STABILIZE: _ZN10AP_Terrain15check_disk_readEv @ 0x96d970
STABILIZE: _ZN10AP_Terrain16check_disk_writeEv @ 0x96da50
STABILIZE: _ZN10AP_Terrain11find_io_idxENS_14GridCacheStateE @ 0x96db30
STABILIZE: _ZN10AP_Terrain8io_timerEv @ 0x96ddb0
STABILIZE: _ZN7FunctorIvJEE14method_wrapperI10AP_TerrainXadL_ZNS2_8io_timerEvEEEEvPv @ 0xb46ef0
STABILIZE: _ZN10AP_Terrain9open_fileEv @ 0x96dee0
STABILIZE: _ZN10AP_Terrain11write_blockEv @ 0x96e2d0
STABILIZE: _ZN10AP_Terrain10read_blockEv @ 0x96e400
STABILIZE: _ZN10AP_Terrain11seek_offsetEv @ 0x96e600
STABILIZE: _ZN10AP_Terrain13get_block_crcERNS_10grid_blockE @ 0x96e6f0
STABILIZE: _ZNK10AP_Terrain11east_blocksERNS_10grid_blockE @ 0x96e780
STABILIZE: _ZN6Copter21avoidance_adsb_updateEv @ 0x96e8d0
STABILIZE: _ZN7AP_ADSB6updateEv @ 0x96e940
STABILIZE: _ZN12AP_Avoidance6updateEv @ 0x96eb20
STABILIZE: _ZN12AP_Avoidance13check_startupEv @ 0x96ebe0
STABILIZE: _ZN7AP_ADSB3LocC2Ev @ 0xb47180
STABILIZE: _ZNK7AP_AHRS19get_vert_pos_rate_DERf @ 0x970420
STABILIZE: _ZN7AP_ADSB6updateERKNS_3LocE @ 0x970550
STABILIZE: _ZNK11AP_AHRS_DCM19get_vert_pos_rate_DERf @ 0x970a90
STABILIZE: _ZNK7NavEKF320getPosDownDerivativeEv @ 0x970c10
STABILIZE: _ZNK12NavEKF3_core20getPosDownDerivativeEv @ 0x970e60
STABILIZE: _ZN18AP_TempCalibration6updateEv @ 0x970f20
STABILIZE: _ZN12AP_Scheduler14update_loggingEv @ 0x971af0
STABILIZE: _ZN12AP_Scheduler11debug_flagsEv @ 0xb471f0
STABILIZE: _ZN2AP8PerfInfo13has_task_infoEv @ 0xb47250
STABILIZE: _ZN12AP_Scheduler12load_averageEv @ 0x972060
STABILIZE: _ZNK16AP_InternalError5countEv @ 0xb472b0
STABILIZE: _ZN17AP_InertialSensor8periodicEv @ 0x9722a0
STABILIZE: _ZN17AP_InertialSensor12BatchSampler8periodicEv @ 0x972300
STABILIZE: _ZN9AP_Logger14periodic_tasksEv @ 0x972920
STABILIZE: _ZN6Copter21twentyfive_hz_loggingEv @ 0x9729c0
STABILIZE: _ZN6Copter17Log_Write_EKF_POSEv @ 0x972aa0
STABILIZE: _ZN7AP_AHRS9Log_WriteEv @ 0x973440
STABILIZE: _ZN7NavEKF29Log_WriteEv @ 0x9734d0
STABILIZE: _ZN7NavEKF39Log_WriteEv @ 0x9735e0
STABILIZE: _ZNK7AP_AHRS11Write_AHRS2Ev @ 0x9736f0
STABILIZE: _ZNK7AP_AHRS9Write_POSEv @ 0x9738d0
STABILIZE: _ZN4SITL3SIM18Log_Write_SIMSTATEEv @ 0x973a30
STABILIZE: _ZNK7AP_AHRS22get_secondary_attitudeER7Vector3IfE @ 0xb47570
STABILIZE: _ZNK7AP_AHRS22get_secondary_positionER8Location @ 0xb475f0
STABILIZE: _ZNK7AP_AHRS24get_secondary_quaternionER11QuaternionTIfE @ 0xb47670
STABILIZE: _ZL7degreesf.1917 @ 0x973bc0
STABILIZE: _ZN12NavEKF3_core9Log_WriteEm @ 0x973c10
STABILIZE: _ZNK7AP_EnumIN7NavEKF38LogLevelEEcvKS1_Ev @ 0xb476f0
STABILIZE: _ZNK12NavEKF3_core14Log_Write_XKF4Em @ 0x973d60
STABILIZE: _ZN12NavEKF3_core13Log_Write_GSFEm @ 0x9740b0
STABILIZE: _ZNK12NavEKF3_core14Log_Write_XKF1Em @ 0x974160
STABILIZE: _ZNK12NavEKF3_core14Log_Write_XKF2Em @ 0x974430
STABILIZE: _ZNK12NavEKF3_core14Log_Write_XKF3Em @ 0x9746d0
STABILIZE: _ZNK12NavEKF3_core14Log_Write_XKF5Em @ 0x974930
STABILIZE: _ZNK12NavEKF3_core14Log_Write_XKFSEm @ 0x974b90
STABILIZE: _ZNK12NavEKF3_core20Log_Write_QuaternionEm @ 0x974ca0
STABILIZE: _ZN12NavEKF3_core16Log_Write_BeaconEm @ 0x974d80
STABILIZE: _ZN12NavEKF3_core18Log_Write_BodyOdomEm @ 0x975070
STABILIZE: _ZN12NavEKF3_core25Log_Write_State_VariancesEm @ 0x9751e0
STABILIZE: _ZN12NavEKF3_core16Log_Write_TimingEm @ 0x975500
STABILIZE: _ZNK6AP_DAL12logging_coreEh @ 0x975660
STABILIZE: _ZL3MAXIjjEDTqugtfp_fp0_fp_fp0_ERKT_RKT0_ @ 0x9756b0
STABILIZE: _ZNK16AP_NavEKF_Source21getPosVelYawSourceSetEv @ 0xb47740
STABILIZE: _ZL3MAXIddEDTqugtfp_fp0_fp_fp0_ERKT_RKT0_.4677 @ 0x975730
STABILIZE: _ZL3MINIdiEDTqultfp_fp0_fp_fp0_ERKT_RKT0_.4678 @ 0x9757b0
STABILIZE: _ZNK12NavEKF3_core14getInnovationsER7Vector3IfES2_S2_RfS3_ @ 0x975850
STABILIZE: _ZL7degreesf.4675 @ 0x975a50
STABILIZE: _ZNK12NavEKF3_core26getSynthAirDataInnovationsER7Vector2IfERf @ 0x975aa0
STABILIZE: _ZN10EKFGSF_yaw9Log_WriteEm11LogMessagesS0_h @ 0x975b70
STABILIZE: _ZL3MAXIdfEDTqugtfp_fp0_fp_fp0_ERKT_RKT0_.4676 @ 0x975fc0
STABILIZE: _ZN6Copter19ten_hz_logging_loopEv @ 0x977af0
STABILIZE: _ZNK7AP_AHRS14Write_AttitudeERK7Vector3IfE @ 0x977ea0
STABILIZE: _ZN6Copter14Log_Write_PIDSEv @ 0x978070
STABILIZE: _ZN9AP_Logger10Write_RCINEv @ 0x978290
STABILIZE: _ZNK12AP_Proximity12distance_maxEv @ 0x9796a0
STABILIZE: _ZNK17AP_InertialSensor20get_accel_clip_countEh @ 0x979bf0
STABILIZE: _ZN11RC_Channels12get_radio_inEPth @ 0x97a5e0
STABILIZE: _ZNK11RC_Channels17get_override_maskEv @ 0x97a6d0
STABILIZE: _ZL3MINIhiEDTqultfp_fp0_fp_fp0_ERKT_RKT0_.6934 @ 0x97a790
STABILIZE: _ZNK12AP_Scheduler20get_last_loop_time_sEv @ 0xb47b80
STABILIZE: _ZN9AP_Camera6updateEv @ 0x97af50
STABILIZE: _ZN8AP_Mount6updateEv @ 0x97b010
STABILIZE: _ZN6Copter18lost_vehicle_checkEv @ 0x97b0c0
STABILIZE: _ZN6Copter14standby_updateEv @ 0x97b230
STABILIZE: _ZN6Copter18landinggear_updateEv @ 0x97b380
STABILIZE: _ZN6Copter13takeoff_checkEv @ 0x97b920
STABILIZE: _ZN9AP_Motors17set_spoolup_blockEb @ 0xb47bd0
STABILIZE: _ZN6Copter15gpsglitch_checkEv @ 0x97beb0
STABILIZE: _ZN6Copter15check_vibrationEv @ 0x97bfd0
STABILIZE: _ZNK7AP_AHRS15get_innovationsER7Vector3IfES2_S2_RfS3_ @ 0x97c2f0
STABILIZE: _ZNK7AP_AHRS21is_vibration_affectedEv @ 0x97c460
STABILIZE: _ZNK7NavEKF319isVibrationAffectedEv @ 0x97c530
STABILIZE: _ZNK12NavEKF3_core19isVibrationAffectedEv @ 0xb47c90
STABILIZE: _ZNK7NavEKF314getInnovationsER7Vector3IfES2_S2_RfS3_ @ 0x97c6b0
STABILIZE: _ZN6Copter9ekf_checkEv @ 0x97c860
STABILIZE: _ZN6Copter18ekf_over_thresholdEv @ 0x97cc10
STABILIZE: _ZN6Copter11one_hz_loopEv @ 0x97d1a0
STABILIZE: _ZN6Copter15terrain_loggingEv @ 0x97d5b0
STABILIZE: _ZN7AP_ADSB13set_is_flyingEb @ 0xb47cf0
STABILIZE: _ZN16AC_CustomControl21set_notch_sample_rateEf @ 0x97d630
STABILIZE: _ZNK6Copter18get_fast_rate_typeEv @ 0xb47d50
STABILIZE: _ZN6Copter13motors_outputEb @ 0x97e6d0
STABILIZE: _ZN12SRV_Channels8calc_pwmEv @ 0x97f1e0
STABILIZE: _ZN12SRV_Channels13output_ch_allEv @ 0x97f400
STABILIZE: _ZN7Compass11set_voltageEf @ 0xb48310
STABILIZE: _ZN16Compass_PerMotor11set_voltageEf @ 0xb483e0
STABILIZE: _ZN9AP_Motors8set_dt_sEf @ 0xb48880
STABILIZE: _ZN6Copter17loop_rate_loggingEv @ 0x980300
STABILIZE: _ZN6Copter15update_preclandEv @ 0x980410
STABILIZE: _ZNK6Copter18rangefinder_alt_okEv @ 0x9804a0
STABILIZE: _ZN11AC_PrecLand6updateEfb @ 0x980500
STABILIZE: _ZNK11AC_PrecLand7enabledEv @ 0xb48a20
STABILIZE: _ZN6Copter13three_hz_loopEv @ 0x982a20
STABILIZE: _ZN6Copter18failsafe_gcs_checkEv @ 0x982aa0
STABILIZE: _ZN6Copter22failsafe_terrain_checkEv @ 0x982c60
STABILIZE: _ZN6Copter25failsafe_deadreckon_checkEv @ 0x982d70
STABILIZE: _ZN6Copter6tuningEv @ 0x983080
STABILIZE: _ZN6Copter17low_alt_avoidanceEv @ 0x9831d0
STABILIZE: _ZN8AC_Avoid30proximity_alt_avoidance_enableEb @ 0xb490a0
STABILIZE: _ZN6Copter6tuningEPK10RC_Channelaff @ 0x9832b0
STABILIZE: _ZN10AC_Sprayer6updateEv @ 0x984290
STABILIZE: _ZN12ModeSmartRTL13save_positionEv @ 0x9846e0
STABILIZE: _ZN11AP_SmartRTL6updateEbb @ 0x9847c0
STABILIZE: _ZN6Copter21update_throttle_hoverEv @ 0x9849f0
STABILIZE: _ZN6Copter15run_nav_updatesEv @ 0x9852e0
STABILIZE: _ZN6Copter15update_altitudeEv @ 0x985330
STABILIZE: _ZN6Copter14read_barometerEv @ 0x9853e0
STABILIZE: _ZN9AP_Beacon6updateEv @ 0x9858a0
STABILIZE: _ZN12AP_Proximity6updateEv @ 0x985fb0
STABILIZE: _ZNK12AP_Proximity15get_filter_freqEv @ 0xb49b30
STABILIZE: _ZN24AP_Proximity_Boundary_3D15set_filter_freqEf @ 0xb49b90
STABILIZE: _ZN24AP_Proximity_Boundary_3D18check_face_timeoutEv @ 0x986080
STABILIZE: _ZN6Copter16read_rangefinderEv @ 0x9861e0
STABILIZE: _ZN11RangeFinder6updateEv @ 0x986310
STABILIZE: _ZN18AP_SurfaceDistance6updateEv @ 0x986430
STABILIZE: _ZN18AP_SurfaceDistance10data_staleEv @ 0x986820
STABILIZE: _ZN12AP_Proximity19set_rangefinder_altEbbf @ 0x9868b0
STABILIZE: _ZL3MAXIffEDTqugtfp_fp0_fp_fp0_ERKT_RKT0_.13176 @ 0x986960
STABILIZE: _ZNK18AP_SurfaceDistance9Log_WriteEv @ 0x986b60
STABILIZE: _ZNK11RangeFinder8Log_RFNDEv @ 0x986c80
STABILIZE: _ZN18RC_Channels_Copter13auto_trim_runEv @ 0x986dc0
STABILIZE: _ZN6Copter17auto_disarm_checkEv @ 0x9870e0
STABILIZE: _ZN11RC_Channels12read_aux_allEv @ 0x987360
STABILIZE: _ZN10RC_Channel8read_auxEv @ 0x987450
STABILIZE: _ZNK10RC_Channel33init_position_on_first_radio_readENS_8AUX_FUNCE @ 0x987930
STABILIZE: _ZN6Copter19update_batt_compassEv @ 0x9879e0
STABILIZE: _ZN14AP_BattMonitor4readEv @ 0x987ac0
STABILIZE: _ZN7Compass12set_throttleEf @ 0xb49c50
STABILIZE: _ZN14AP_BattMonitor15check_failsafesEv @ 0x9881e0
STABILIZE: _ZN14AP_BattMonitor16checkPoweringOffEv @ 0x9884f0
STABILIZE: _ZN14AP_OpticalFlow6updateEv @ 0x9886e0
STABILIZE: _ZN6AP_GPS6updateEv @ 0x989c90
STABILIZE: _ZN6AP_GPS15update_instanceEh @ 0x989e10
STABILIZE: _ZN6AP_GPS14update_primaryEv @ 0x98a5b0
STABILIZE: _ZN14AP_GPS_Blended19zero_health_counterEv @ 0xb49d50
STABILIZE: _ZNK6AP_GPS10should_logEv @ 0x98c260
STABILIZE: _ZNK6AP_GPS11get_rate_msEh @ 0x98d050
STABILIZE: _ZL3MINI9AP_ParamTIsL11ap_var_type2EEiEDTqultfp_fp0_fp_fp0_ERKT_RKT0_ @ 0x98d1f0
STABILIZE: _ZN6AP_GPS15detect_instanceEh @ 0x98d280
STABILIZE: _ZN6AP_GPS16send_blob_updateEh @ 0x98d3e0
STABILIZE: _ZL3MINIjtEDTqultfp_fp0_fp_fp0_ERKT_RKT0_ @ 0x98d580
STABILIZE: _ZN6AP_GPS16_detect_instanceEh @ 0x98d610
STABILIZE: _ZNK14AP_GPS_Backend18broadcast_gps_typeEv @ 0x98e780
STABILIZE: _ZN6AP_GPS15send_blob_startEh @ 0x98f170
STABILIZE: _ZL3MINIjjEDTqultfp_fp0_fp_fp0_ERKT_RKT0_.3060 @ 0x98f340
STABILIZE: _ZN12AP_GPS_UBLOX7_detectER18UBLOX_detect_stateh @ 0x98f3c0
STABILIZE: _ZN11AP_GPS_SBP27_detectER17SBP2_detect_stateh @ 0x98f630
STABILIZE: _ZN10AP_GPS_SBP7_detectER16SBP_detect_stateh @ 0x98f920
STABILIZE: _ZN11AP_GPS_SIRF7_detectER17SIRF_detect_stateh @ 0x98fc10
STABILIZE: _ZN10AP_GPS_ERB7_detectER16ERB_detect_stateh @ 0x98fdf0
STABILIZE: _ZN14AP_GPS_Backend14check_new_itowEjj @ 0x992130
STABILIZE: _ZN6AP_GPS15send_blob_startEhPKct @ 0x993d20
STABILIZE: _ZN12AP_GPS_UBLOXC2ER6AP_GPSRNS0_6ParamsERNS0_9GPS_StateEPN6AP_HAL10UARTDriverENS0_8GPS_RoleE @ 0x9960e0
STABILIZE: _ZN12AP_GPS_UBLOX20_request_next_configEv @ 0x996320
STABILIZE: _ZN12AP_GPS_UBLOX21_request_message_rateEhh @ 0x996dc0
STABILIZE: _ZN12AP_GPS_UBLOX13_request_portEv @ 0x996e80
STABILIZE: _ZN12AP_GPS_UBLOX13_send_messageEhhPKvt @ 0x996f10
STABILIZE: _ZN12AP_GPS_UBLOX16_update_checksumEPhtRhS1_ @ 0x997dd0
STABILIZE: _ZN12AP_GPS_UBLOX4readEv @ 0x997f00
STABILIZE: _ZNK12AP_GPS_UBLOX13is_configuredEv @ 0xb4ac80
STABILIZE: _ZNK12AP_GPS_UBLOX7get_lagERf @ 0x9985e0
STABILIZE: _ZNK12AP_GPS_UBLOX10is_healthyEv @ 0x998770
STABILIZE: _ZNK12AP_GPS_UBLOX4nameEv @ 0xb4acd0
STABILIZE: _ZL3MINIjjEDTqultfp_fp0_fp_fp0_ERKT_RKT0_.3359 @ 0x998bc0
STABILIZE: _ZN12AP_GPS_UBLOXUt_ixEm @ 0xb4ad90
STABILIZE: _ZN12AP_GPS_UBLOX10_parse_gpsEv @ 0x998c40
STABILIZE: _ZN12AP_GPS_UBLOX15_check_new_itowEj @ 0x99c100
STABILIZE: _ZN12AP_GPS_UBLOX23_configure_message_rateEhhh @ 0x99c180
STABILIZE: _ZN6Copter11fence_checkEv @ 0x9a3780
STABILIZE: _ZN6Copter13throttle_loopEv @ 0x9a3ad0
STABILIZE: _ZN6Copter19update_throttle_mixEv @ 0x9a3b40
STABILIZE: _ZN6Copter17update_auto_armedEv @ 0x9a3de0
STABILIZE: _ZN6Copter29update_ground_effect_detectorEv @ 0x9a3fb0
STABILIZE: _ZN6Copter32update_ekf_terrain_height_stableEv @ 0x9a46a0
STABILIZE: _ZN7AP_AHRS22set_terrain_hgt_stableEb @ 0x9a4790
STABILIZE: _ZN7NavEKF219setTerrainHgtStableEb @ 0x9a4890
STABILIZE: _ZN7NavEKF319setTerrainHgtStableEb @ 0x9a4990
STABILIZE: _ZN7AP_AHRS22set_touchdown_expectedEb @ 0x9a4b50
STABILIZE: _ZN6Copter7rc_loopEv @ 0x9a4cc0
STABILIZE: _ZN6Copter23Log_Video_StabilisationEv @ 0x9a4d20
STABILIZE: _ZN8AP_Mount11update_fastEv @ 0x9a4ef0
STABILIZE: _ZN6Copter33update_rangefinder_terrain_offsetEv @ 0x9a4fa0
STABILIZE: _ZL3MAXI9AP_ParamTIfL11ap_var_type4EEfEDTqugtfp_fp0_fp_fp0_ERKT_RKT0_.1783 @ 0x9a51d0
STABILIZE: _ZN8AC_WPNav33set_rangefinder_terrain_offset_cmEbbf @ 0xb4c710
STABILIZE: _ZN9AC_Circle33set_rangefinder_terrain_offset_cmEbbf @ 0xb4c820
STABILIZE: _ZN6Copter31update_land_and_crash_detectorsEv @ 0x9a5260
STABILIZE: _ZN6Copter20update_land_detectorEv @ 0x9a5360
STABILIZE: _ZN6Copter15parachute_checkEv @ 0x9a5970
STABILIZE: _ZN6Copter11crash_checkEv @ 0x9a5cc0
STABILIZE: _ZN6Copter17thrust_loss_checkEv @ 0x9a5ff0
STABILIZE: _ZN6Copter19yaw_imbalance_checkEv @ 0x9a6340
STABILIZE: _ZNK6Copter17option_is_enabledENS_12FlightOptionE @ 0xb4c8c0
STABILIZE: _ZN6Copter8Log_LDETEtj @ 0x9a6be0
STABILIZE: _ZN6Copter20update_home_from_EKFEv @ 0x9a6d30
STABILIZE: _ZN6Copter18update_flight_modeEv @ 0x9a6ef0
STABILIZE: _ZN6Copter15SurfaceTracking22invalidate_for_loggingEv @ 0xb4cad0
STABILIZE: _ZN18AC_AttitudeControl21landed_gain_reductionEb @ 0x9a6f90
STABILIZE: _ZN6Copter15check_ekf_resetEv @ 0x9a7280
STABILIZE: _ZN7AP_AHRS20getLastYawResetAngleERf @ 0x9a73f0
STABILIZE: _ZN18AC_AttitudeControl20inertial_frame_resetEv @ 0x9a7510
STABILIZE: _ZNK7AP_AHRS22get_primary_core_indexEv @ 0xb4cb20
STABILIZE: _ZN15AP_AHRS_Backend20getLastYawResetAngleERf @ 0xb4cb70
STABILIZE: _ZN7NavEKF320getLastYawResetAngleERf @ 0x9a7720
STABILIZE: _ZN6Copter12read_inertiaEv @ 0x9a7870
STABILIZE: _ZN13AC_PosControl16update_estimatesEb @ 0x9a79e0
STABILIZE: _ZN9AP_Follow16update_estimatesEv @ 0x9a7b90
STABILIZE: _ZN9AP_Follow32clear_dist_and_bearing_to_targetEv @ 0x9a89c0
STABILIZE: _ZN6Copter9read_AHRSEv @ 0x9a8ea0
STABILIZE: _ZN6Copter18motors_output_mainEv @ 0x9a8f00
STABILIZE: _ZN6Copter21run_custom_controllerEv @ 0xb4cbd0
STABILIZE: _ZN16AC_CustomControl6updateEv @ 0x9a8f70
STABILIZE: _ZN16AC_CustomControl14is_safe_to_runEv @ 0x9a9040
STABILIZE: _ZN6Copter24run_rate_controller_mainEv @ 0x9a9280
STABILIZE: _ZN13AC_PosControl8set_dt_sEf @ 0xb4cc30
STABILIZE: _ZN18AC_AttitudeControl8set_dt_sEf @ 0xb4cca0
STABILIZE: _ZN6CopterC2Ev @ 0x9a9370
STABILIZE: _ZN10AP_VehicleC2Ev @ 0xb4cd00
STABILIZE: _ZN14AP_MultiCopterC2Ev @ 0xb4d140
STABILIZE: _ZN10ParametersC2Ev @ 0xb4d190
STABILIZE: _ZN18AP_SurfaceDistanceC2E8Rotationh @ 0xb4d520
STABILIZE: _ZN16AP_Arming_CopterC2Ev @ 0xb4d5d0
STABILIZE: _ZN25AP_ExternalControl_CopterC2Ev @ 0xb4d650
STABILIZE: _ZN10GCS_CopterC2Ev @ 0xb4d6c0
STABILIZE: _ZN7FunctorIvJPKcKaEE4bindI6CopterXadL_ZNS5_23handle_battery_failsafeES1_aEEEES3_PT_ @ 0xb4d730
STABILIZE: _ZN15AP_Rally_CopterC2Ev @ 0xb4d790
STABILIZE: _ZN12AP_ParachuteC2Ev @ 0xb4d800
STABILIZE: _ZN14AP_LandingGearC2Ev @ 0xb4d910
STABILIZE: _ZN24AC_PrecLand_StateMachineC2Ev @ 0xb4da40
STABILIZE: _ZN19AP_Avoidance_CopterCI212AP_AvoidanceER7AP_ADSB @ 0xb4da90
STABILIZE: _ZN8AP_ParamC2EPKNS_4InfoE @ 0xb4db20
STABILIZE: _ZN8ModeAcroC2Ev @ 0xb4dc10
STABILIZE: _ZN11ModeAltHoldC2Ev @ 0xb4dc80
STABILIZE: _ZN8ModeAutoC2Ev @ 0xb4dcf0
STABILIZE: _ZN12ModeAutoTuneC2Ev @ 0xb4ddf0
STABILIZE: _ZN9ModeBrakeC2Ev @ 0xb4de70
STABILIZE: _ZN10ModeCircleC2Ev @ 0xb4dee0
STABILIZE: _ZN9ModeDriftC2Ev @ 0xb4df50
STABILIZE: _ZN8ModeFlipC2Ev @ 0xb4dfc0
STABILIZE: _ZN10ModeFollowC2Ev @ 0xb4e040
STABILIZE: _ZN8ModeLandC2Ev @ 0xb4e0b0
STABILIZE: _ZN10ModeLoiterC2Ev @ 0xb4e120
STABILIZE: _ZN11ModePosHoldC2Ev @ 0xb4e190
STABILIZE: _ZN7ModeRTLC2Ev @ 0xb4e210
STABILIZE: _ZN13ModeStabilizeC2Ev @ 0xb4e290
STABILIZE: _ZN13ModeAvoidADSBC2Ev @ 0xb4e300
STABILIZE: _ZN9ModeThrowC2Ev @ 0xb4e370
STABILIZE: _ZN15ModeGuidedNoGPSC2Ev @ 0xb4e3f0
STABILIZE: _ZN12ModeSmartRTLC2Ev @ 0xb4e460
STABILIZE: _ZN10ModeTurtleC2Ev @ 0xb4e4e0
STABILIZE: _ZN10ModeZigZagC2Ev @ 0x9aac00
STABILIZE: _ZN4Mode18update_simple_modeEv @ 0x9ac660
STABILIZE: _ZNK4Mode33get_pilot_desired_lean_angles_radERfS0_ff @ 0x9ac7c0
STABILIZE: _Z26rc_input_to_roll_pitch_radffffRfS_ @ 0x9ae510
STABILIZE: _ZL7radiansf.3803 @ 0x9ae6b0
STABILIZE: _ZL3MINIffEDTqultfp_fp0_fp_fp0_ERKT_RKT0_.3807 @ 0x9ae700
STABILIZE: _ZN6Copter18update_simple_modeEv @ 0x9ae7e0
STABILIZE: _ZN12ModeFlowHoldC2Ev @ 0x9af6e0
STABILIZE: _ZN20LowPassFilterConstDtI7Vector2IfEEC2Ev @ 0xb4f180
STABILIZE: _ZN8AC_PI_2DC2Efffff @ 0x9af850
STABILIZE: _ZN8AC_PI_2D7filt_hzEf @ 0x9af9b0
STABILIZE: _ZL3MAXI9AP_ParamTIfL11ap_var_type4EEfEDTqugtfp_fp0_fp_fp0_ERKT_RKT0_.9967 @ 0x9afa80
STABILIZE: _ZN8AC_PI_2D15calc_filt_alphaEv @ 0x9afb10
STABILIZE: _ZN10DigitalLPFI7Vector2IfEEC2Ev @ 0xb4f1d0
STABILIZE: _ZN2AP11ac_preclandEv @ 0x9b4030
STABILIZE: _ZNK13AC_PosControl18get_pos_error_U_cmEv @ 0xb50660
STABILIZE: _ZNK13AC_PosControl17get_pos_error_U_mEv @ 0xb506c0
STABILIZE: _ZN12ModeSystemIdC2Ev @ 0x9b77a0
STABILIZE: _ZN5ChirpC2Ev @ 0x9b78f0
STABILIZE: _ZNK13ModeStabilize11mode_numberEv @ 0xb51210
STABILIZE: _ZN13ModeStabilize3runEv @ 0x9b9bd0
STABILIZE: _ZNK13ModeStabilize12requires_GPSEv @ 0xb51260
STABILIZE: _ZNK13ModeStabilize19has_manual_throttleEv @ 0xb512b0
STABILIZE: _ZNK13ModeStabilize12is_autopilotEv @ 0xb51360
STABILIZE: _ZNK13ModeStabilize5name4Ev @ 0xb51590
STABILIZE: _ZN7ModeRTLUt_C2Ev @ 0xb515e0
STABILIZE: _ZN24AC_PrecLand_StateMachine4initEv @ 0x9bb7e0
STABILIZE: _ZN8AutoTuneC2Ev @ 0xb53960
STABILIZE: _ZN17AC_AutoTune_MultiC2Ev @ 0x9c2e90
STABILIZE: _ZN11AC_AutoTuneC2Ev @ 0x9cc7d0
STABILIZE: _ZN7FunctorIbJRKN10AP_Mission15Mission_CommandEEE4bindI8ModeAutoXadL_ZNS6_13start_commandES3_EEEES4_PT_ @ 0xb54a20
STABILIZE: _ZN7FunctorIbJRKN10AP_Mission15Mission_CommandEEE4bindI8ModeAutoXadL_ZNS6_14verify_commandES3_EEEES4_PT_ @ 0xb54a80
STABILIZE: _ZN7FunctorIvJEE4bindI8ModeAutoXadL_ZNS2_12exit_missionEvEEEES0_PT_ @ 0xb54ae0
STABILIZE: _ZN10AP_MissionC2E7FunctorIbJRKNS_15Mission_CommandEEES4_S0_IvJEE @ 0xb54b40
STABILIZE: _ZN25AP_Mission_ChangeDetectorC2Ev @ 0xb54d00
STABILIZE: _ZN25AP_Mission_ChangeDetectorUt_C2Ev @ 0xb54d50
STABILIZE: _ZN7FunctorIbJRKN10AP_Mission15Mission_CommandEEEC2EPvPFbS5_S3_E @ 0xb54f50
STABILIZE: _ZN12AP_AvoidanceC2ER7AP_ADSB @ 0x9d8720
STABILIZE: _ZN7AP_ADSBC2Ev @ 0x9d9770
STABILIZE: _ZN7AP_ADSBUt_C2Ev @ 0xb564e0
STABILIZE: _ZN7AP_ADSBUt0_C2Ev @ 0xb56560
STABILIZE: _ZN12ObjectBufferIN7AP_ADSB14adsb_vehicle_tEEC2Ej @ 0xb565c0
STABILIZE: _ZN7AP_EnumIN7AP_ADSB7LoggingEEC2Ev @ 0xb56690
STABILIZE: _ZN7AP_ADSBUt0_Ut_C2Ev @ 0xb566e0
STABILIZE: _ZN11AC_PrecLandC2Ev @ 0x9d98c0
STABILIZE: _ZN7AP_EnumIN11AC_PrecLand4TypeEEC2Ev @ 0xb567b0
STABILIZE: _ZN7AP_EnumIN11AC_PrecLand13EstimatorTypeEEC2Ev @ 0xb56800
STABILIZE: _ZN7AP_EnumI8RotationEC2Ev @ 0xb56850
STABILIZE: _ZN10AP_TerrainC2Ev @ 0x9d9b20
STABILIZE: _ZN10AC_SprayerC2Ev @ 0x9d9c60
STABILIZE: _ZN8AP_RallyC2Ev @ 0x9d9dd0
STABILIZE: _ZN8AC_AvoidC2Ev @ 0x9d9f40
STABILIZE: _ZN8AP_MountC2Ev @ 0x9da060
STABILIZE: _ZN15AP_Mount_ParamsC2Ev @ 0x9da130
STABILIZE: _ZN9AP_CameraC2Ej @ 0x9da290
STABILIZE: _ZN16AP_Camera_ParamsC2Ev @ 0x9da380
STABILIZE: _ZN16AC_CustomControlC2ERP12AP_AHRS_ViewRP18AC_AttitudeControlRP20AP_MotorsMulticopterf @ 0x9da4b0
STABILIZE: _ZN7AP_EnumIN16AC_CustomControl17CustomControlTypeEEC2Ev @ 0xb56900
STABILIZE: _ZN13LowPassFilterI7Vector3IfEEC2ERKf @ 0xb56950
STABILIZE: _ZN6AP_OSDC2Ev @ 0x9da590
STABILIZE: _ZN6AP_OSD9StatsInfoC2Ev @ 0xb569d0
STABILIZE: _ZN18AP_OSD_ParamScreenC2Eh @ 0x9da880
STABILIZE: _ZN21AP_OSD_AbstractScreenC2Ev @ 0xb56a30
STABILIZE: _ZN19AP_OSD_ParamSettingC2Ev @ 0xb56ac0
STABILIZE: _ZN19AP_OSD_ParamSettingC2ERKNS_11InitializerE @ 0x9daa10
STABILIZE: _ZN7AP_EnumIN19AP_OSD_ParamSetting4TypeEEC2Ev @ 0xb56bb0
STABILIZE: _ZN13AP_OSD_ScreenC2Ev @ 0x9dc500
STABILIZE: _ZN14AP_OSD_SettingC2Ebhh @ 0x9dcc60
STABILIZE: _ZN14AP_BattMonitorC2Ej7FunctorIvJPKcKaEEPS3_ @ 0x9e4b60
STABILIZE: _ZN21AP_BattMonitor_ParamsC2Ev @ 0x9e4cb0
STABILIZE: _ZN7AP_EnumIN21AP_BattMonitor_Params4TypeEEC2Ev @ 0xb56f20
STABILIZE: _ZNK14AP_BattMonitor22capacity_remaining_pctERhh @ 0x9e4e00
STABILIZE: _ZN7FunctorIvJPKcKaEEC2EPvPFvS4_S1_aE @ 0xb57040
STABILIZE: _ZN8RCMapperC2Ev @ 0x9e5050
STABILIZE: _ZN3GCSC2Ev @ 0xb570c0
STABILIZE: _ZNK10GCS_Copter11custom_modeEv @ 0x9e5140
STABILIZE: _ZNK10GCS_Copter10frame_typeEv @ 0x9e51a0
STABILIZE: _ZN10GCS_Copter4chanEh @ 0xb57210
STABILIZE: _ZNK10GCS_Copter43min_loop_time_remaining_for_message_send_usEv @ 0xb57330
STABILIZE: _ZNK10GCS_Copter19vehicle_initialisedEv @ 0x9e52c0
STABILIZE: _ZN10GCS_Copter23new_gcs_mavlink_backendERN6AP_HAL10UARTDriverE @ 0xb57380
STABILIZE: _ZN10GCS_Copter34update_vehicle_sensor_status_flagsEv @ 0x9e53e0
STABILIZE: _ZNK12AP_Proximity14sensor_presentEv @ 0x9e5770
STABILIZE: _ZNK12AP_Proximity14sensor_enabledEv @ 0x9e57d0
STABILIZE: _ZNK12AP_Proximity13sensor_failedEv @ 0x9e5830
STABILIZE: _ZN18GCS_MAVLINK_CopterCI211GCS_MAVLINKERN6AP_HAL10UARTDriverE @ 0xb57420
STABILIZE: _ZN11GCS_MAVLINKC2ERN6AP_HAL10UARTDriverE @ 0x9e58e0
STABILIZE: _ZN18GCS_MAVLINK_Copter14packetReceivedERK16__mavlink_statusRK17__mavlink_message @ 0x9e5ae0
STABILIZE: _ZNK18GCS_MAVLINK_Copter13mission_stateERK10AP_Mission @ 0x9e5bb0
STABILIZE: _ZNK11GCS_MAVLINK16send_rangefinderEv @ 0x9e5c50
STABILIZE: _ZNK18GCS_MAVLINK_Copter26send_nav_controller_outputEv @ 0x9e5d20
STABILIZE: _ZN18GCS_MAVLINK_Copter15send_pid_tuningEv @ 0x9e5ec0
STABILIZE: _ZN11GCS_MAVLINK21send_scaled_pressure3Ev @ 0x9e6110
STABILIZE: _ZNK11GCS_MAVLINK13send_attitudeEv @ 0x9e6170
STABILIZE: _ZN18GCS_MAVLINK_Copter31send_position_target_global_intEv @ 0x9e6430
STABILIZE: _ZNK18GCS_MAVLINK_Copter17send_winch_statusEv @ 0x9e69a0
STABILIZE: _ZNK18GCS_MAVLINK_Copter9base_modeEv @ 0x9e6f50
STABILIZE: _ZNK18GCS_MAVLINK_Copter21vehicle_system_statusEv @ 0x9e7030
STABILIZE: _ZNK11GCS_MAVLINK19persist_streamratesEv @ 0xb575a0
STABILIZE: _ZN18GCS_MAVLINK_Copter25handle_command_int_packetERK23__mavlink_command_int_tRK17__mavlink_message @ 0x9e7220
STABILIZE: _ZN18GCS_MAVLINK_Copter14handle_messageERK17__mavlink_message @ 0x9e7b40
STABILIZE: _ZN18GCS_MAVLINK_Copter11send_bannerEv @ 0x9e7e10
STABILIZE: _ZN18GCS_MAVLINK_Copter16try_send_messageE10ap_message @ 0x9e8500
STABILIZE: _ZN11GCS_MAVLINK24send_global_position_intEv @ 0x9e8720
STABILIZE: _ZNK11GCS_MAVLINK23global_position_int_altEv @ 0x9e88a0
STABILIZE: _ZNK11GCS_MAVLINK32global_position_int_relative_altEv @ 0x9e8900
STABILIZE: _ZNK11GCS_MAVLINK17vfr_hud_climbrateEv @ 0x9e8970
STABILIZE: _ZNK18GCS_MAVLINK_Copter16vfr_hud_airspeedEv @ 0x9e8a30
STABILIZE: _ZNK18GCS_MAVLINK_Copter16vfr_hud_throttleEv @ 0x9e8b30
STABILIZE: _ZNK18GCS_MAVLINK_Copter11vfr_hud_altEv @ 0x9e8bc0
STABILIZE: _ZN11GCS_MAVLINK35convert_COMMAND_LONG_to_COMMAND_INTERK24__mavlink_command_long_tR23__mavlink_command_int_t9MAV_FRAME @ 0x9e90f0
STABILIZE: _ZN11GCS_MAVLINK28command_long_stores_locationE7MAV_CMD @ 0x9e98a0
STABILIZE: _ZL30convert_COMMAND_LONG_loc_paramfb @ 0x9e9980
STABILIZE: _ZL7degreesf.132 @ 0x9e9a30
STABILIZE: _ZL3MINIfiEDTqultfp_fp0_fp_fp0_ERKT_RKT0_ @ 0x9e9a80
STABILIZE: _ZNK11GCS_MAVLINK11vfr_hud_altEv @ 0x9e9b20
STABILIZE: _ZL36mavlink_msg_global_position_int_send17mavlink_channel_tjiiiissst @ 0x9e9b80
STABILIZE: _ZN10AP_Terrain12send_requestE17mavlink_channel_t @ 0x9e9ca0
STABILIZE: _ZN10AP_Terrain11send_reportE17mavlink_channel_t @ 0x9e9df0
STABILIZE: _ZNK18GCS_MAVLINK_Copter9send_windEv @ 0x9e9ea0
STABILIZE: _ZN7AP_ADSB17send_adsb_vehicleE17mavlink_channel_t @ 0x9e9fa0
STABILIZE: _ZNK11GCS_MAVLINK23get_ap_message_intervalE10ap_messageRt @ 0x9ea1b0
STABILIZE: _ZN13AP_OADatabase17send_adsb_vehicleE17mavlink_channel_tt @ 0x9ea2e0
STABILIZE: _ZN11GCS_MAVLINK16try_send_messageE10ap_message @ 0x9ea880
STABILIZE: _ZN11GCS_MAVLINK17queued_param_sendEv @ 0x9eb530
STABILIZE: _ZNK11GCS_MAVLINK14send_heartbeatEv @ 0x9eb7e0
STABILIZE: _ZNK11GCS_MAVLINK18send_home_positionEv @ 0x9eb940
STABILIZE: _ZNK11GCS_MAVLINK22send_gps_global_originEv @ 0x9ebaf0
STABILIZE: _ZNK11GCS_MAVLINK8send_rpmEv @ 0x9ebba0
STABILIZE: _ZN11GCS_MAVLINK24try_send_mission_messageE10ap_message @ 0x9ebc80
STABILIZE: _ZN7Compass21send_mag_cal_progressERK11GCS_MAVLINK @ 0x9ebe80
STABILIZE: _ZN7Compass19send_mag_cal_reportERK11GCS_MAVLINK @ 0x9ec0d0
STABILIZE: _ZN11GCS_MAVLINK19send_battery_statusEv @ 0x9ec400
STABILIZE: _ZNK7AP_AHRS22send_ekf_status_reportER11GCS_MAVLINK @ 0x9ec550
STABILIZE: _ZN11GCS_MAVLINK12send_meminfoEv @ 0x9ec650
STABILIZE: _ZNK11GCS_MAVLINK17send_fence_statusEv @ 0x9ec710
STABILIZE: _ZN11GCS_MAVLINK20send_distance_sensorEv @ 0x9ec880
STABILIZE: _ZNK11GCS_MAVLINK16send_system_timeEv @ 0x9ecdc0
STABILIZE: _ZN6AP_GPS20send_mavlink_gps_rawE17mavlink_channel_t @ 0x9ece50
STABILIZE: _ZN6AP_GPS20send_mavlink_gps_rtkE17mavlink_channel_th @ 0x9ed1a0
STABILIZE: _ZN6AP_GPS21send_mavlink_gps2_rawE17mavlink_channel_t @ 0x9ed280
STABILIZE: _ZNK11GCS_MAVLINK19send_local_positionEv @ 0x9ed620
STABILIZE: _ZNK11GCS_MAVLINK34send_gimbal_device_attitude_statusEv @ 0x9ed6f0
STABILIZE: _ZN11GCS_MAVLINK16send_opticalflowEv @ 0x9edab0
STABILIZE: _ZN11GCS_MAVLINK17send_power_statusEv @ 0x9edc20
STABILIZE: _ZNK11GCS_MAVLINK16send_rc_channelsEv @ 0x9edd30
STABILIZE: _ZNK11GCS_MAVLINK20send_rc_channels_rawEv @ 0x9edff0
STABILIZE: _ZN11GCS_MAVLINK12send_raw_imuEv @ 0x9ee170
STABILIZE: _ZN11GCS_MAVLINK15send_scaled_imuEhPFv17mavlink_channel_tjssssssssssE @ 0x9ee580
STABILIZE: _ZL28mavlink_msg_scaled_imu2_send17mavlink_channel_tjssssssssss @ 0x9ee840
STABILIZE: _ZL28mavlink_msg_scaled_imu3_send17mavlink_channel_tjssssssssss @ 0x9ee9b0
STABILIZE: _ZN11GCS_MAVLINK20send_scaled_pressureEv @ 0x9eed60
STABILIZE: _ZN11GCS_MAVLINK21send_scaled_pressure2Ev @ 0x9eedc0
STABILIZE: _ZN11GCS_MAVLINK13send_airspeedEv @ 0x9eee20
STABILIZE: _ZN11GCS_MAVLINK21send_servo_output_rawEv @ 0x9eefe0
STABILIZE: _ZNK11GCS_MAVLINK13send_simstateEv @ 0x9ef400
STABILIZE: _ZN11GCS_MAVLINK15send_sys_statusEv @ 0x9ef520
STABILIZE: _ZN11GCS_MAVLINK10send_ahrs2Ev @ 0x9ef810
STABILIZE: _ZN11GCS_MAVLINK9send_ahrsEv @ 0x9ef8f0
STABILIZE: _ZN11GCS_MAVLINK12send_vfr_hudEv @ 0x9efa70
STABILIZE: _ZNK11GCS_MAVLINK14send_vibrationEv @ 0x9efbb0
STABILIZE: _ZNK11GCS_MAVLINK21send_generator_statusEv @ 0x9efca0
STABILIZE: _ZN12AP_ESC_Telem26send_esc_telemetry_mavlinkEh @ 0x9f0020
STABILIZE: _ZN6AP_EFI19send_mavlink_statusE17mavlink_channel_t @ 0x9f04b0
STABILIZE: _ZN6AP_AIS13get_singletonEv @ 0x9f0c80
STABILIZE: _ZNK11GCS_MAVLINK21battery_remaining_pctEh @ 0x9f1610
STABILIZE: _ZL3MINIhiEDTqultfp_fp0_fp_fp0_ERKT_RKT0_.6782 @ 0x9f1ac0
STABILIZE: _ZL44mavlink_msg_esc_telemetry_1_to_4_send_struct17mavlink_channel_tPK32__mavlink_esc_telemetry_1_to_4_t @ 0x9f1de0
STABILIZE: _ZN12AP_Generator21send_generator_statusERK11GCS_MAVLINK @ 0x9f23e0
STABILIZE: _ZL26mavlink_msg_vibration_send17mavlink_channel_tmfffjjj @ 0x9f2460
STABILIZE: _ZL24mavlink_msg_vfr_hud_send17mavlink_channel_tffstff @ 0x9f2570
STABILIZE: _ZNK7AP_AHRS12get_error_rpEv @ 0x9f2700
STABILIZE: _ZNK7AP_AHRS13get_error_yawEv @ 0x9f2760
STABILIZE: _ZL21mavlink_msg_ahrs_send17mavlink_channel_tfffffff @ 0x9f27c0
STABILIZE: _ZL22mavlink_msg_ahrs2_send17mavlink_channel_tffffii @ 0x9f28e0
STABILIZE: _ZNK9AP_Logger11num_droppedEv @ 0x9f29e0
STABILIZE: _ZNK14AP_BattMonitor11gcs_voltageEv @ 0xb57780
STABILIZE: _ZL27mavlink_msg_sys_status_send17mavlink_channel_tjjjttsatttttt @ 0x9f2a60
STABILIZE: _ZNK14AP_BattMonitor11gcs_voltageEh @ 0x9f2c00
STABILIZE: _ZNK17AP_Logger_Backend11num_droppedEv @ 0xb577d0
STABILIZE: _ZL7radiansf.16475 @ 0x9f3020
STABILIZE: _ZNK4SITL3SIM13simstate_sendE17mavlink_channel_t @ 0x9f33a0
STABILIZE: _ZL25mavlink_msg_simstate_send17mavlink_channel_tfffffffffii @ 0x9f3570
STABILIZE: _ZL33mavlink_msg_servo_output_raw_send17mavlink_channel_tjhtttttttttttttttt @ 0x9f3710
STABILIZE: _ZL33mavlink_msg_scaled_pressure2_send17mavlink_channel_tjffss @ 0x9f3a10
STABILIZE: _ZN11GCS_MAVLINK29send_scaled_pressure_instanceEhPFv17mavlink_channel_tjffssE @ 0x9f3af0
STABILIZE: _ZL32mavlink_msg_scaled_pressure_send17mavlink_channel_tjffss @ 0x9f3ce0
STABILIZE: _ZL24mavlink_msg_raw_imu_send17mavlink_channel_tmssssssssshs @ 0x9f3e40
STABILIZE: _ZNK11GCS_MAVLINK16sending_mavlink1Ev @ 0x9f3fc0
STABILIZE: _ZNK11GCS_MAVLINK13receiver_rssiEv @ 0x9f4020
STABILIZE: _ZL28mavlink_msg_rc_channels_send17mavlink_channel_tjhtttttttttttttttttth @ 0x9f4230
STABILIZE: _ZL29mavlink_msg_power_status_send17mavlink_channel_tttt @ 0x9f44a0
STABILIZE: _ZN8AP_Mount34send_gimbal_device_attitude_statusE17mavlink_channel_t @ 0x9f4f20
STABILIZE: _ZL35mavlink_msg_local_position_ned_send17mavlink_channel_tjffffff @ 0x9f5580
STABILIZE: _ZNK6AP_GPS12gps_yaw_cdegEh @ 0x9f5690
STABILIZE: _ZNK6AP_GPS23have_gps_yaw_configuredEh @ 0xb57970
STABILIZE: _ZL28mavlink_msg_gps_raw_int_send17mavlink_channel_tmhiiitttthijjjjt @ 0x9f5990
STABILIZE: _ZL28mavlink_msg_system_time_send17mavlink_channel_tmj @ 0x9f5b80
STABILIZE: _ZN11GCS_MAVLINK14send_proximityEv @ 0x9f7120
STABILIZE: _ZNK12AP_Proximity12distance_minEv @ 0x9f7500
STABILIZE: _ZL3MINIjjEDTqultfp_fp0_fp_fp0_ERKT_RKT0_.6784 @ 0x9f79c0
STABILIZE: _ZL24mavlink_msg_meminfo_send17mavlink_channel_tttj @ 0x9f7a40
STABILIZE: _ZNK7NavEKF318send_status_reportER11GCS_MAVLINK @ 0x9f7ce0
STABILIZE: _ZNK12NavEKF3_core18send_status_reportER11GCS_MAVLINK @ 0x9f7d70
STABILIZE: _ZL41mavlink_msg_ekf_status_report_send_struct17mavlink_channel_tPK29__mavlink_ekf_status_report_t @ 0x9f8170
STABILIZE: _ZNK14AP_BattMonitor13option_is_setEhN21AP_BattMonitor_Params7OptionsE @ 0x9f8c90
STABILIZE: _ZNK11GCS_MAVLINK19send_battery_statusEh @ 0x9f8d60
STABILIZE: _ZL3MINIftEDTqultfp_fp0_fp_fp0_ERKT_RKT0_ @ 0x9f95f0
STABILIZE: _ZNK14AP_BattMonitor14time_remainingERjh @ 0x9f9690
STABILIZE: _ZNK14AP_BattMonitor24get_mavlink_charge_stateEh @ 0x9f9780
STABILIZE: _ZNK14AP_BattMonitor25get_mavlink_fault_bitmaskEh @ 0x9f98b0
STABILIZE: _ZL31mavlink_msg_battery_status_send17mavlink_channel_thhhsPKtsiiaihS1_hj @ 0x9f9960
STABILIZE: _ZN14typesafe_indexIh12TAG_PriorityErmERKh @ 0xb57bc0
STABILIZE: _ZN11GCS_MAVLINK20send_mission_currentERK10AP_Missiont @ 0x9fa0e0
STABILIZE: _ZNK3GCS32try_send_queued_message_for_typeE16MAV_MISSION_TYPE @ 0x9fa260
STABILIZE: _ZNK3GCS25get_prot_for_mission_typeE16MAV_MISSION_TYPE @ 0x9fa2e0
STABILIZE: _ZN19MissionItemProtocol19queued_request_sendEv @ 0x9fa360
STABILIZE: _ZL32mavlink_msg_mission_request_send17mavlink_channel_thhth @ 0x9fa4e0
STABILIZE: _ZL32mavlink_msg_mission_current_send17mavlink_channel_ttthh @ 0x9fa5b0
STABILIZE: _ZL34mavlink_msg_gps_global_origin_send17mavlink_channel_tiiim @ 0x9fa730
STABILIZE: _ZL30mavlink_msg_home_position_send17mavlink_channel_tiiifffPKffffm @ 0x9fa7f0
STABILIZE: _ZNK11GCS_MAVLINK13system_statusEv @ 0x9faa80
STABILIZE: _ZL26mavlink_msg_heartbeat_send17mavlink_channel_thhhjh @ 0x9fab10
STABILIZE: _ZN11GCS_MAVLINK28send_parameter_async_repliesEv @ 0x9fabf0
STABILIZE: _ZN11GCS_MAVLINK21last_txbuf_is_greaterEh @ 0x9fae60
STABILIZE: _ZN12ObjectBufferIN11GCS_MAVLINK19pending_param_replyEE4peekERS1_ @ 0xb57cb0
STABILIZE: _ZL21mavlink_msg_wind_send17mavlink_channel_tfff @ 0x9fb6d0
STABILIZE: _ZN10AP_Terrain19send_terrain_reportE17mavlink_channel_tRK8Locationb @ 0x9fb780
STABILIZE: _ZL31mavlink_msg_terrain_report_send17mavlink_channel_tiitfftt @ 0x9fb930
STABILIZE: _ZN10AP_Terrain18send_cache_requestE17mavlink_channel_t @ 0x9fba50
STABILIZE: _ZN10AP_Terrain15request_missingE17mavlink_channel_tRKNS_9grid_infoE @ 0x9fbb50
STABILIZE: _ZN10AP_Terrain15request_missingE17mavlink_channel_tRNS_10grid_cacheE @ 0x9fbbe0
STABILIZE: _ZL32mavlink_msg_terrain_request_send17mavlink_channel_tiitm @ 0x9fbdc0
STABILIZE: _ZN11GCS_MAVLINK11send_bannerEv @ 0xa00bb0
STABILIZE: _ZN17AP_InertialSensor17get_output_bannerEhPch @ 0xa00e00
STABILIZE: _ZN10AP_Terrain11handle_dataE17mavlink_channel_tRK17__mavlink_message @ 0xa02960
STABILIZE: _ZN11GCS_MAVLINK14handle_messageERK17__mavlink_message @ 0xa02a30
STABILIZE: _ZN11GCS_MAVLINK16handle_heartbeatERK17__mavlink_message @ 0xa035b0
STABILIZE: _ZN7GCS_FTP29handle_file_transfer_protocolERK17__mavlink_message17mavlink_channel_t @ 0xa04330
STABILIZE: _ZN11GCS_MAVLINK29handle_common_mission_messageERK17__mavlink_message @ 0xa047d0
STABILIZE: _ZN11GCS_MAVLINK19handle_command_longERK17__mavlink_message @ 0xa04920
STABILIZE: _ZN11GCS_MAVLINK26handle_request_data_streamERK17__mavlink_message @ 0xa05f60
STABILIZE: _ZNK3GCS12sysid_is_gcsEh @ 0xa0b5c0
STABILIZE: _ZN11GCS_MAVLINK16sysid_mygcs_seenEj @ 0xa0b860
STABILIZE: _ZN3GCS16sysid_mygcs_seenEj @ 0xb58770
STABILIZE: _ZL38mavlink_msg_request_data_stream_decodePK17__mavlink_messageP31__mavlink_request_data_stream_t @ 0xa0cad0
STABILIZE: _ZN9AP_Logger13Write_CommandERK23__mavlink_command_int_thh10MAV_RESULTb @ 0xa0fd70
STABILIZE: _ZL31mavlink_msg_command_long_decodePK17__mavlink_messageP24__mavlink_command_long_t @ 0xa0fef0
STABILIZE: _ZN11GCS_MAVLINK31try_command_long_as_command_intERK24__mavlink_command_long_tRK17__mavlink_message @ 0xa0ffc0
STABILIZE: _ZN11GCS_MAVLINK19handle_mission_itemERK17__mavlink_message @ 0xa101a0
STABILIZE: _ZN11GCS_MAVLINK20handle_mission_countERK17__mavlink_message @ 0xa106d0
STABILIZE: _ZN19MissionItemProtocol13cancel_uploadERK11GCS_MAVLINKRK17__mavlink_message @ 0xa10a30
STABILIZE: _ZNK19MissionItemProtocol16send_mission_ackERK11GCS_MAVLINKRK17__mavlink_message18MAV_MISSION_RESULT @ 0xa10b20
STABILIZE: _ZL32mavlink_msg_mission_count_decodePK17__mavlink_messageP25__mavlink_mission_count_t @ 0xa10d30
STABILIZE: _ZN19MissionItemProtocol20handle_mission_countER11GCS_MAVLINKRK25__mavlink_mission_count_tRK17__mavlink_message @ 0xa10e00
STABILIZE: _ZNK19MissionItemProtocol24mavlink2_requirement_metERK11GCS_MAVLINKRK17__mavlink_message @ 0xa10fc0
STABILIZE: _ZN19MissionItemProtocol20transfer_is_completeERK11GCS_MAVLINKRK17__mavlink_message @ 0xa110a0
STABILIZE: _ZN19MissionItemProtocol18init_send_requestsER11GCS_MAVLINKRK17__mavlink_messagess @ 0xa11150
STABILIZE: _ZL35mavlink_msg_mission_item_int_decodePK17__mavlink_messageP28__mavlink_mission_item_int_t @ 0xa12010
STABILIZE: _ZN19MissionItemProtocol19handle_mission_itemERK17__mavlink_messageRK28__mavlink_mission_item_int_t @ 0xa12160
STABILIZE: _ZN11GCS_MAVLINK16_set_mode_commonEhj @ 0xa12820
STABILIZE: _ZN14AP_BoardConfig12ftp_disabledEv @ 0xb58a30
STABILIZE: _ZN7GCS_FTPC2Ev @ 0xb58ac0
STABILIZE: _ZN7GCS_FTP4initEv @ 0xa12a40
STABILIZE: _ZL41mavlink_msg_file_transfer_protocol_decodePK17__mavlink_messageP34__mavlink_file_transfer_protocol_t @ 0xa12b50
STABILIZE: _ZL11le16toh_ptrPKh.19841 @ 0xa12c20
STABILIZE: _ZL11le32toh_ptrPKh.19842 @ 0xa12c80
STABILIZE: _ZN12ObjectBufferIN7GCS_FTP11TransactionEE4pushERKS1_ @ 0xb58b60
STABILIZE: _ZN7FunctorIvJEE4bindI7GCS_FTPXadL_ZNS2_6workerEvEEEES0_PT_ @ 0xb58c20
STABILIZE: _ZN7GCS_FTP6workerEv @ 0xa12d00
STABILIZE: _ZN7FunctorIvJEE14method_wrapperI7GCS_FTPXadL_ZNS2_6workerEvEEEEvPv @ 0xb58c80
STABILIZE: _ZN12ObjectBufferIN7GCS_FTP11TransactionEE3popERS1_ @ 0xb58d30
STABILIZE: _ZN7GCS_FTP7Session5closeEv @ 0xa132b0
STABILIZE: _ZN7GCS_FTP11setup_replyERKNS_11TransactionERS0_ @ 0xa13330
STABILIZE: _ZN7GCS_FTP10send_replyERKNS_11TransactionE @ 0xa13410
STABILIZE: _ZN7GCS_FTP5errorERNS_11TransactionENS_9FTP_ERRORE @ 0xa13630
STABILIZE: _ZN7GCS_FTP7Session10push_replyERNS_11TransactionE @ 0xa13710
STABILIZE: _ZN7GCS_FTP7Session14handle_requestERNS_11TransactionES2_ @ 0xa137d0
STABILIZE: _ZN7GCS_FTP7Session14check_name_lenERKNS_11TransactionE @ 0xa148f0
STABILIZE: _ZL12put_le32_ptrPhj @ 0xa149e0
STABILIZE: _ZL13valid_channel17mavlink_channel_t.19829 @ 0xa14b20
STABILIZE: _ZL3MINImtEDTqultfp_fp0_fp_fp0_ERKT_RKT0_.19830 @ 0xa14b70
STABILIZE: _ZL12put_le16_ptrPht @ 0xa150c0
STABILIZE: _ZL39mavlink_msg_file_transfer_protocol_send17mavlink_channel_thhhPKh @ 0xa15140
STABILIZE: _ZL16mav_array_memcpyPvPKvm.19837 @ 0xa15250
STABILIZE: _ZN12ObjectBufferIN7GCS_FTP11TransactionEEC2Ej @ 0xb58df0
STABILIZE: _ZN7GCS_FTP7SessionC2Ev @ 0xb58ec0
STABILIZE: _ZN10AP_Terrain19handle_terrain_dataERK17__mavlink_message @ 0xa17390
STABILIZE: _ZL31mavlink_msg_terrain_data_decodePK17__mavlink_messageP24__mavlink_terrain_data_t @ 0xa177f0
STABILIZE: _ZN11GCS_MAVLINK25handle_command_int_packetERK23__mavlink_command_int_tRK17__mavlink_message @ 0xa1a2a0
STABILIZE: _ZN11GCS_MAVLINK26handle_command_do_set_modeERK23__mavlink_command_int_t @ 0xa1b650
STABILIZE: _ZN11GCS_MAVLINK32handle_command_get_home_positionERK23__mavlink_command_int_t @ 0xa1be40
STABILIZE: _ZNK6Copter22any_failsafe_triggeredEv @ 0xb598e0
STABILIZE: _ZN8AP_Winch11send_statusERK11GCS_MAVLINK @ 0xa1f830
STABILIZE: _ZL25mavlink_msg_attitude_send17mavlink_channel_tjffffff @ 0xa20080
STABILIZE: _ZL38mavlink_msg_nav_controller_output_send17mavlink_channel_tffsstfff @ 0xa203d0
STABILIZE: _ZNK8ModeAuto6pausedEv @ 0xa205b0
STABILIZE: _ZNK11GCS_MAVLINK13mission_stateERK10AP_Mission @ 0xa20630
STABILIZE: _ZN8AC_WPNav6pausedEv @ 0xb59b50
STABILIZE: _ZN11GCS_MAVLINK14packetReceivedERK16__mavlink_statusRK17__mavlink_message @ 0xa20860
STABILIZE: _ZN15MAVLink_routing17check_and_forwardER11GCS_MAVLINKRK17__mavlink_message @ 0xa20a60
STABILIZE: _ZN9AP_Follow10handle_msgERK17__mavlink_message @ 0xa20fd0
STABILIZE: _ZNK11GCS_MAVLINK13accept_packetERK16__mavlink_statusRK17__mavlink_message @ 0xa21150
STABILIZE: _ZNK9AP_Follow21should_handle_messageERK17__mavlink_message @ 0xa21270
STABILIZE: _ZN15MAVLink_routing11learn_routeER11GCS_MAVLINKRK17__mavlink_message @ 0xa22240
STABILIZE: _ZN15MAVLink_routing16handle_heartbeatER11GCS_MAVLINKRK17__mavlink_message @ 0xa224e0
STABILIZE: _ZN15MAVLink_routing11get_targetsERK17__mavlink_messageRsS3_ @ 0xa22710
STABILIZE: _ZL30mavlink_msg_heartbeat_get_typePK17__mavlink_message @ 0xa22810
STABILIZE: _ZN11GCS_MAVLINKUt0_C2Ev @ 0xb59f30
STABILIZE: _ZN11GCS_MAVLINKUt1_C2Ev @ 0xb59f80
STABILIZE: _ZN11GCS_MAVLINK25deferred_message_bucket_tC2Ev @ 0xb59fd0
STABILIZE: _ZN7BitmaskILt91EEC2Ev @ 0xb5a020
STABILIZE: _ZN11GCS_MAVLINKUt2_C2Ev @ 0xb5a070
STABILIZE: _ZN7FunctorIbJhPN6AP_HAL10UARTDriverEEEC2Ev @ 0xb5a0c0
STABILIZE: _ZN7FunctorIbJhPN6AP_HAL10UARTDriverEEEC2EPvPFbS4_hS2_E @ 0xb5a120
STABILIZE: _ZNK9AP_Motors18get_frame_mav_typeEv @ 0xb5a7b0
STABILIZE: _ZN12AP_LTM_TelemC2Ev @ 0xb5a800
STABILIZE: _ZN9AP_Enum16IN3GCS6OptionEEC2Ev @ 0xb5a850
STABILIZE: _ZN3GCS15StatusTextQueueCI211ObjectArrayINS_12statustext_tEEEt @ 0xb5a8a0
STABILIZE: _ZN3GCSUt_C2Ev @ 0xb5a920
STABILIZE: _ZN11ObjectArrayIN3GCS12statustext_tEEC2Et @ 0xb5a980
STABILIZE: _ZN18AP_ExternalControlC2Ev @ 0xa22e20
STABILIZE: _ZN14AP_OpticalFlowC2Ev @ 0xa23240
STABILIZE: _ZN7AP_EnumIN14AP_OpticalFlow4TypeEEC2Ev @ 0xb5ab80
STABILIZE: _ZN9AP_ArmingC2Ev @ 0xa23350
STABILIZE: _ZN7AP_EnumIN9AP_Arming8RequiredEEC2Ev @ 0xb5abd0
STABILIZE: _ZN7AP_EnumIN9AP_Arming15RequireLocationEEC2Ev @ 0xb5ac20
STABILIZE: _ZN12ParametersG2C2Ev @ 0xa234d0
STABILIZE: _ZN7AP_EnumIN9ModeThrow9ThrowTypeEEC2Ev @ 0xb5ac70
STABILIZE: _ZN18AP_TempCalibrationC2Ev @ 0xb5acc0
STABILIZE: _ZN18RC_Channels_CopterC2Ev @ 0xb5ada0
STABILIZE: _ZN14AC_WeatherVaneC2Ev @ 0xa239a0
STABILIZE: _ZN15AC_CommandModelC2Efff @ 0xa23a90
STABILIZE: _ZN16AP_OAPathPlannerC2Ev @ 0xa23b70
STABILIZE: _ZN16AP_OAPathPlanner14avoidance_infoC2Ev @ 0xb5ae50
STABILIZE: _ZN16AP_OAPathPlannerUt_C2Ev @ 0xb5aef0
STABILIZE: _ZN13AP_OADatabaseC2Ev @ 0xa23c70
STABILIZE: _ZN7AP_EnumIN13AP_OADatabase11OutputLevelEEC2Ev @ 0xb5af90
STABILIZE: _ZN13AP_OADatabaseUt_C2Ev @ 0xb5afe0
STABILIZE: _ZN9AP_FollowC2Ev @ 0xa23d90
STABILIZE: _ZN8AP_WinchC2Ev @ 0xa23fc0
STABILIZE: _ZN8AP_Winch14Backend_ConfigC2Ev @ 0xb5b040
STABILIZE: _ZN11AP_SmartRTLC2Eb @ 0xa24060
STABILIZE: _ZN11AP_SmartRTLUt_C2Ev @ 0xb5b0d0
STABILIZE: _ZN7BitmaskILt500EEC2Ev @ 0xb5b130
STABILIZE: _ZN7BitmaskILt500EE8clearallEv @ 0xb5b180
STABILIZE: _ZN12SRV_ChannelsC2Ev @ 0xa24140
STABILIZE: _ZN11SRV_ChannelC2Ev @ 0xa24350
STABILIZE: _ZN9AP_Enum16IN11SRV_Channel8FunctionEEC2Ev @ 0xb5b1e0
STABILIZE: _ZN16AP_FETtecOneWireC2Ev @ 0xa24410
STABILIZE: _ZN16AP_FETtecOneWire12MessageUnionC2Ev @ 0xb5b230
STABILIZE: _ZN15AP_RobotisServoC2Ev @ 0xa244f0
STABILIZE: _ZN10AP_SBusOutC2Ev @ 0xa24580
STABILIZE: _ZN16AP_Volz_ProtocolC2Ev @ 0xa24600
STABILIZE: _ZN16AP_Volz_ProtocolUt_C2Ev @ 0xb5b280
STABILIZE: _ZN11RC_ChannelsC2Ev @ 0xa246a0
STABILIZE: _ZN17RC_Channel_CopterC2Ev @ 0xb5b2e0
STABILIZE: _ZN17RC_Channel_Copter17init_aux_functionEN10RC_Channel8AUX_FUNCENS0_12AuxSwitchPosE @ 0xa247b0
STABILIZE: _ZN17RC_Channel_Copter15do_aux_functionERKN10RC_Channel14AuxFuncTriggerE @ 0xa24890
STABILIZE: _ZN17RC_Channel_Copter19mode_switch_changedEa @ 0xa257b0
STABILIZE: _ZN6Copter15set_simple_modeENS_10SimpleModeE @ 0xa25950
STABILIZE: _ZN18RC_Channels_Copter7channelEh @ 0xb5b410
STABILIZE: _ZN11RC_Channels16read_mode_switchEv @ 0xa26a70
STABILIZE: _ZNK18RC_Channels_Copter14in_rc_failsafeEv @ 0xa26b00
STABILIZE: _ZNK18RC_Channels_Copter15has_valid_inputEv @ 0xa26b60
STABILIZE: _ZNK18RC_Channels_Copter18get_arming_channelEv @ 0xa26bf0
STABILIZE: _ZNK18RC_Channels_Copter26flight_mode_channel_numberEv @ 0xa26ce0
STABILIZE: _ZN7BitmaskILt634EEC2Ev @ 0xb5b500
STABILIZE: _ZN7BitmaskILt634EE8clearallEv @ 0xb5b550
STABILIZE: _ZN12AP_ProximityC2Ev @ 0xa26d50
STABILIZE: _ZN19AP_Proximity_ParamsC2Ev @ 0xa26e90
STABILIZE: _ZN24AP_Proximity_Boundary_3DC2Ev @ 0xa26fd0
STABILIZE: _ZN24AP_Proximity_Boundary_3D4initEv @ 0xa27140
STABILIZE: _ZN9AP_BeaconC2Ev @ 0xa272d0
STABILIZE: _ZN7AP_EnumIN9AP_Beacon4TypeEEC2Ev @ 0xb5b6a0
STABILIZE: _ZN9AP_Beacon11BeaconStateC2Ev @ 0xb5b6f0
STABILIZE: _ZN7AP_EnumIN7ModeRTL10RTLAltTypeEEC2Ev @ 0xb5b750
STABILIZE: _ZN7AP_EnumIN9ModeThrow18PreThrowMotorStateEEC2Ev @ 0xb5b7a0
STABILIZE: _ZN6AP_HAL3HAL9CallbacksC2Ev @ 0xb5b7f0
STABILIZE: _ZN13AP_IBus_TelemC2Ev @ 0xb5b850
STABILIZE: _ZN19AP_ServoRelayEventsC2Ev @ 0xb5b8a0
STABILIZE: _ZN14AP_NMEA_OutputC2Ev @ 0xb5b900
STABILIZE: _ZN4SITL3SIMC2Ev @ 0xb5b990
STABILIZE: _ZN10AP_FiltersC2Ev @ 0xa27440
STABILIZE: _ZN16AP_Filter_paramsC2Ev @ 0xa27510
STABILIZE: _ZN7AP_EnumIN9AP_Filter10FilterTypeEEC2Ev @ 0xb5c9c0
STABILIZE: _ZN18AP_CustomRotationsC2Ev @ 0xa27580
STABILIZE: _ZN24AP_CustomRotation_paramsC2Ev @ 0xa27660
STABILIZE: _ZN4SITL8sitl_fdmC2Ev @ 0xb5ca10
STABILIZE: _ZN7AP_EnumIN4SITL3SIM12CANTransportEEC2Ev @ 0xb5cad0
STABILIZE: _ZN4SITL3SIM8BaroParmC2Ev @ 0xb5cb20
STABILIZE: _ZN4SITL3SIM12AirspeedParmC2Ev @ 0xb5cc30
STABILIZE: _ZN4SITL3SIM11ServoParamsC2Ev @ 0xb5ccf0
STABILIZE: _ZN4SITL3SIM8GPSParmsC2Ev @ 0xb5cd80
STABILIZE: _ZN4SITL3SIM10ViconParmsC2Ev @ 0xb5cef0
STABILIZE: _ZN4SITL3SIM9ModelParmC2Ev @ 0xb5cff0
STABILIZE: _ZN7AP_EnumIN4SITL3SIM8ADSBTypeEEC2Ev @ 0xb5d070
STABILIZE: _ZN4SITL3SIMUt_C2Ev @ 0xb5d0c0
STABILIZE: _ZN4SITL3SIMUt0_C2Ev @ 0xb5d150
STABILIZE: _ZN4SITL3SIMUt1_C2Ev @ 0xb5d1e0
STABILIZE: _ZN4SITL3SIMUt2_C2Ev @ 0xb5d280
STABILIZE: _ZN4SITL3SIMUt3_C2Ev @ 0xb5d2f0
STABILIZE: _ZN4SITL7SprayerC2Ev @ 0xb5d380
STABILIZE: _ZN4SITL13Gripper_ServoC2Ev @ 0xb5d450
STABILIZE: _ZN4SITL11Gripper_EPMC2Ev @ 0xb5d550
STABILIZE: _ZN4SITL9ParachuteC2Ev @ 0xb5d610
STABILIZE: _ZN4SITL3I2CC2Ev @ 0xb5d6a0
STABILIZE: _ZN4SITL3SPIC2Ev @ 0xb5d6f0
STABILIZE: _ZN4SITL9ToneAlarmC2Ev @ 0xb5d740
STABILIZE: _ZN4SITL12SIM_PreclandC2Ev @ 0xb5d7b0
STABILIZE: _ZN4SITL4VolzC2Ev @ 0xa276f0
STABILIZE: _ZN4SITL16FETtecOneWireESCC2Ev @ 0xa27850
STABILIZE: _ZN4SITL16FETtecOneWireESC12MessageUnionC2Ev @ 0xb5d8e0
STABILIZE: _ZN4SITL16FETtecOneWireESCUt_C2Ev @ 0xb5d930
STABILIZE: _ZN4SITL16FETtecOneWireESC3ESCC2Ev @ 0xb5d980
STABILIZE: _ZN4SITL19IntelligentEnergy24C2Ev @ 0xa27a00
STABILIZE: _ZN4SITL17IntelligentEnergyC2Ev @ 0xb5d9e0
STABILIZE: _ZN4SITL10LoweheiserC2Ev @ 0xa284c0
STABILIZE: _ZN4SITL19SIM_GeneratorEngineC2Ev @ 0xb5da60
STABILIZE: _ZN4SITL11RichenPowerC2Ev @ 0xa285a0
STABILIZE: _ZN7AP_EnumIN4SITL12SIM_Precland6OptionEEC2Ev @ 0xb5dac0
STABILIZE: _ZN4SITL6BuzzerC2Ev @ 0xa286a0
STABILIZE: _ZN4SITL9TetherSimC2Ev @ 0xa28710
STABILIZE: _ZN4SITL15SlungPayloadSimC2Ev @ 0xa28850
STABILIZE: _ZN4SITL7ShipSimC2Ev @ 0xa28990
STABILIZE: _ZN4SITL4ShipC2Ev @ 0xb5db10
STABILIZE: _ZN6AP_RPMC2Ev @ 0xa28aa0
STABILIZE: _ZN13AP_RPM_ParamsC2Ev @ 0xa28b70
STABILIZE: _ZN12AP_ScriptingC2Ev @ 0xa28c60
STABILIZE: _ZN12AP_Scripting7mavlinkC2Ev @ 0xb5db60
STABILIZE: _ZN25AP_Scripting_SerialDeviceC2Ev @ 0xb5dbc0
STABILIZE: _ZN7AP_EnumIN12AP_Scripting14ThreadPriorityEEC2Ev @ 0xb5dc60
STABILIZE: _ZN25AP_Scripting_SerialDevice4PortC2Ev @ 0xb5dcb0
STABILIZE: _ZN20AP_TemperatureSensorC2Ev @ 0xa294c0
STABILIZE: _ZN7AP_EnumIN20AP_TemperatureSensor11LoggingTypeEEC2Ev @ 0xb5de70
STABILIZE: _ZN27AP_TemperatureSensor_ParamsC2Ev @ 0xa295a0
STABILIZE: _ZN7AP_EnumIN27AP_TemperatureSensor_Params4TypeEEC2Ev @ 0xb5dec0
STABILIZE: _ZN7AP_EnumIN27AP_TemperatureSensor_Params6SourceEEC2Ev @ 0xb5df10
STABILIZE: _ZN8AC_FenceC2Ev @ 0xa29650
STABILIZE: _ZN7AP_EnumIN8AC_Fence6ActionEEC2Ev @ 0xb5df60
STABILIZE: _ZN19AC_PolyFence_loaderC2ER9AP_ParamTIaL11ap_var_type1EERKS0_IsLS1_2EE @ 0xb5dfb0
STABILIZE: _ZN9AP_KDECANC2Ev @ 0xa29810
STABILIZE: _ZN6AP_AISC2Ev @ 0xa298b0
STABILIZE: _ZN17AP_ExpandingArrayIN6AP_AIS13ais_vehicle_tEEC2Et @ 0xb5e050
STABILIZE: _ZN8AP_StatsC2Ev @ 0xa29950
STABILIZE: _ZN8AP_StatsUt_C2Ev @ 0xb5e0c0
STABILIZE: _ZN11AP_AirspeedC2Ev @ 0xa299f0
STABILIZE: _ZN11AP_Airspeed14airspeed_stateC2Ev @ 0xb5e160
STABILIZE: _ZN20Airspeed_CalibrationC2Ev @ 0xa29bd0
STABILIZE: _ZN18AP_Airspeed_ParamsC2Ev @ 0xa29cb0
STABILIZE: _ZN7AP_EnumIN18AP_Airspeed_Params11SkipCalTypeEEC2Ev @ 0xb5e1c0
STABILIZE: _ZN6AP_EFIC2Ev @ 0xa29dc0
STABILIZE: _ZN7AP_EnumIN6AP_EFI4TypeEEC2Ev @ 0xb5e210
STABILIZE: _ZN13AP_EFI_ThrLinC2Ev @ 0xa29ea0
STABILIZE: _ZN8AP_TrampC2Ev @ 0xa29f60
STABILIZE: _ZN13AP_SmartAudioC2Ev @ 0xa29fd0
STABILIZE: _ZN12ObjectBufferIN13AP_SmartAudio6PacketEEC2Ej @ 0xb5e260
STABILIZE: _ZN15AP_ExternalAHRSC2Ev @ 0xa2a050
STABILIZE: _ZN15AP_ExternalAHRS7state_tC2Ev @ 0xb5e330
STABILIZE: _ZN7AP_EnumIN15AP_ExternalAHRS7DevTypeEEC2Ev @ 0xb5e3f0
STABILIZE: _ZN12AP_GeneratorC2Ev @ 0xa2a160
STABILIZE: _ZN6AP_MSPC2Ev @ 0xa2a210
STABILIZE: _ZN6AP_MSPUt_C2Ev @ 0xb5e440
STABILIZE: _ZN14AP_OpenDroneIDC2Ev @ 0xa2a2b0
STABILIZE: _ZN14AP_Servo_TelemC2Ev @ 0xa2a3d0
STABILIZE: _ZN12AP_ESC_TelemC2Ev @ 0xa2a450
STABILIZE: _ZN13AP_VisualOdomC2Ev @ 0xa2a4f0
STABILIZE: _ZN7AP_EnumIN13AP_VisualOdom15VisualOdom_TypeEEC2Ev @ 0xb5e490
STABILIZE: _ZN13AP_Hott_TelemC2Ev @ 0xa2a610
STABILIZE: _ZN7AP_AHRSC2Eh @ 0xa2a690
STABILIZE: _ZN7AP_EnumIN7AP_AHRS7EKFTypeEEC2Ev @ 0xb5e4e0
STABILIZE: _ZN7AP_EnumI6GPSUseEC2Ev @ 0xb5e530
STABILIZE: _ZN7AP_AHRSUt_C2Ev @ 0xb5e580
STABILIZE: _ZN11AP_AHRS_DCMC2ER9AP_ParamTIfL11ap_var_type4EES3_S3_S3_R7AP_EnumI6GPSUseERS0_IaLS1_1EE @ 0xb5e6e0
STABILIZE: _ZN15AP_AHRS_Backend9EstimatesC2Ev @ 0xb5e9e0
STABILIZE: _ZN11AP_AHRS_SIMC2ER7NavEKF3 @ 0xb5ea90
STABILIZE: _ZN16AP_AHRS_ExternalCI215AP_AHRS_BackendEv @ 0xb5eb20
STABILIZE: _ZN15AP_AHRS_BackendC2Ev @ 0xb5eb90
STABILIZE: _ZNK11AP_AHRS_DCM12airspeed_EASERf @ 0xa2ab50
STABILIZE: _ZN7NavEKF3C2Ev @ 0xa2ac10
STABILIZE: _ZN7AP_EnumIN7NavEKF38LogLevelEEC2Ev @ 0xb5f600
STABILIZE: _ZN7NavEKF3Ut0_C2Ev @ 0xb5f650
STABILIZE: _ZN16AP_NavEKF_SourceC2Ev @ 0xa2b2a0
STABILIZE: _ZN16AP_NavEKF_Source9SourceSetC2Ev @ 0xb5f6b0
STABILIZE: _ZN7AP_EnumIN16AP_NavEKF_Source8SourceXYEEC2Ev @ 0xb5f750
STABILIZE: _ZN7AP_EnumIN16AP_NavEKF_Source7SourceZEEC2Ev @ 0xb5f7a0
STABILIZE: _ZN7AP_EnumIN16AP_NavEKF_Source9SourceYawEEC2Ev @ 0xb5f7f0
STABILIZE: _ZN7NavEKF2C2Ev @ 0xa2b350
STABILIZE: _ZN7NavEKF2Ut0_C2Ev @ 0xb5f840
STABILIZE: _ZN9AP_NotifyC2Ev @ 0xa2b880
STABILIZE: _ZN8AP_RelayC2Ev @ 0xa2b9c0
STABILIZE: _ZN15AP_Relay_ParamsC2Ev @ 0xa2ba90
STABILIZE: _ZN7AP_EnumIN15AP_Relay_Params8FUNCTIONEEC2Ev @ 0xb5f8a0
STABILIZE: _ZN7AP_EnumIN15AP_Relay_Params12DefaultStateEEC2Ev @ 0xb5f8f0
STABILIZE: _ZN16AP_SerialManagerC2Ev @ 0xa2bb30
STABILIZE: _ZN10AP_VideoTXC2Ev @ 0xa2bc20
STABILIZE: _ZN10AP_GyroFFTC2Ev @ 0xa2bd20
STABILIZE: _ZN10AP_GyroFFT11EngineStateC2Ev @ 0xb5f940
STABILIZE: _ZN7Vector3IhEC2Ev @ 0xb5fb20
STABILIZE: _ZN10AP_GyroFFT26MedianLowPassFilter3dFloatC2Ev @ 0xb5fb80
STABILIZE: _ZN20LowPassFilterConstDtIfEC2Ev @ 0xb5fc50
STABILIZE: _ZN16FilterWithBufferIfLh3EEC2Ev @ 0xb5fca0
STABILIZE: _ZN16FilterWithBufferIfLh3EE5resetEv @ 0xb5fdc0
STABILIZE: _ZN7Vector3ItEC2Ev @ 0xb5fe50
STABILIZE: _ZN7Vector3IjEC2Ev @ 0xb5feb0
STABILIZE: _ZN7AP_RSSIC2Ev @ 0xa2c0a0
STABILIZE: _ZN7AP_RSSI8PWMStateC2Ev @ 0xb5ff10
STABILIZE: _ZN10AP_GripperC2Ev @ 0xa2c1b0
STABILIZE: _ZN10AP_Gripper14Backend_ConfigC2Ev @ 0xb5ff70
STABILIZE: _ZN9AP_LoggerC2Ev @ 0xa2c260
STABILIZE: _ZN9AP_LoggerUt_C2Ev @ 0xb60030
STABILIZE: _ZN9AP_Logger11FileContentC2Ev @ 0xb60150
STABILIZE: _ZN7AP_EnumIN9AP_Logger11LogDisarmedEEC2Ev @ 0xb601b0
STABILIZE: _ZN11RangeFinderC2Ev @ 0xa2c3c0
STABILIZE: _ZN21AP_RangeFinder_ParamsC2Ev @ 0xa2c4c0
STABILIZE: _ZN9AP_ButtonC2Ev @ 0xa2c600
STABILIZE: _ZN7CompassC2Ev @ 0xa2c7c0
STABILIZE: _ZN7AP_EnumIN7Compass9LearnTypeEEC2Ev @ 0xb60200
STABILIZE: _ZN19RestrictIDTypeArrayIN7Compass9mag_stateELj4E14typesafe_indexIh14TAG_StateIndexEEC2Ev @ 0xb60250
STABILIZE: _ZN19RestrictIDTypeArrayI9AP_ParamTIaL11ap_var_type1EELj3E14typesafe_indexIh12TAG_PriorityEEC2Ev @ 0xb602e0
STABILIZE: _ZN19RestrictIDTypeArrayI9AP_ParamTIiL11ap_var_type3EELj3E14typesafe_indexIh12TAG_PriorityEEC2Ev @ 0xb60360
STABILIZE: _ZN16Compass_PerMotorC2ER7Compass @ 0xa2ca20
STABILIZE: _ZN7AP_BaroC2Ev @ 0xa2cb50
STABILIZE: _ZN7AP_Baro6sensorC2Ev @ 0xb603e0
STABILIZE: _ZN7AP_Baro9WindCoeffC2Ev @ 0xb60470
STABILIZE: _ZN6AP_GPSC2Ev @ 0xa2cd00
STABILIZE: _ZN7AP_EnumIN6AP_GPS9SBAS_ModeEEC2Ev @ 0xb60530
STABILIZE: _ZN6AP_GPS9GPS_StateC2Ev @ 0xb60580
STABILIZE: _ZN6AP_GPS6ParamsC2Ev @ 0xa2cf10
STABILIZE: _ZN7AP_EnumIN6AP_GPS8GPS_TypeEEC2Ev @ 0xb605f0
STABILIZE: _ZN10MovingBaseC2Ev @ 0xa2d000
STABILIZE: _ZN7AP_EnumIN10MovingBase4TypeEEC2Ev @ 0xb60640
STABILIZE: _ZN12AP_SchedulerC2Ev @ 0xa2d080
STABILIZE: _ZN2AP8PerfInfoC2Ev @ 0xb60690
STABILIZE: _ZN13AP_CANManagerC2Ev @ 0xa2d170
STABILIZE: _ZN13AP_CANManager15CANIface_ParamsC2Ev @ 0xb606e0
STABILIZE: _ZN13AP_CANManager16CANDriver_ParamsC2Ev @ 0xb60780
STABILIZE: _ZN13AP_MAVLinkCANC2Ev @ 0xb60800
STABILIZE: _ZN13AP_MAVLinkCANUt_C2Ev @ 0xb60870
STABILIZE: _ZN14AP_BoardConfigC2Ev @ 0xa2d2b0
STABILIZE: _ZN14AP_BoardConfigUt_C2Ev @ 0xb608d0
STABILIZE: _ZN14AP_BoardConfigUt0_C2Ev @ 0xb60980
STABILIZE: _ZN6AP_RTCC2Ev @ 0xa2d3c0
STABILIZE: _ZN19AP_Frsky_ParametersC2Ev @ 0xa2d470
STABILIZE: _ZN6AP_HAL7get_HALEv @ 0xa2d520
STABILIZE: __cxx_global_var_init.52 @ 0x5dda60
STABILIZE: __cxx_global_var_init.1.53 @ 0x5ddac0
STABILIZE: __cxx_global_var_init.12 @ 0x5ddb10
STABILIZE: __cxx_global_var_init.1.13 @ 0x5ddb70
STABILIZE: __cxx_global_var_init.7 @ 0x5ddbc0
STABILIZE: __cxx_global_var_init.1.8 @ 0x5ddc20
STABILIZE: __cxx_global_var_init.2 @ 0x5ddc70
STABILIZE: __cxx_global_var_init.1.3 @ 0x5ddcd0
STABILIZE: __cxx_global_var_init @ 0x5ddd20
STABILIZE: __cxx_global_var_init.1 @ 0x5ddd80
STABILIZE: main @ 0xa33ec0
STABILIZE: __wrap_malloc @ 0xa3da40
STABILIZE: mode_to_string @ 0xa919e0
STABILIZE: mode_entry @ 0xa91c40
----------------------
Mode: 4 (GUIDED)
GUIDED: _ZN16AP_Arming_Copter3armEN9AP_Arming6MethodEb @ 0x5ddec0
GUIDED: _ZN16AP_Arming_Copter14pre_arm_checksEb @ 0x5de4e0
GUIDED: _ZN16AP_Arming_Copter10arm_checksEN9AP_Arming6MethodE @ 0x5de570
GUIDED: _ZN16AP_Arming_Copter16barometer_checksEb @ 0x5de990
GUIDED: _ZN16AP_Arming_Copter10ins_checksEb @ 0x5deb20
GUIDED: _ZN16AP_Arming_Copter10gps_checksEb @ 0x5dec00
GUIDED: _ZN16AP_Arming_Copter20board_voltage_checksEb @ 0x5dee30
GUIDED: _ZN16AP_Arming_Copter21rc_calibration_checksEb @ 0x5def30
GUIDED: _ZN9AP_Arming14mission_checksEb @ 0x5df020
GUIDED: _ZNK16AP_Arming_Copter25terrain_database_requiredEv @ 0x5df430
GUIDED: _ZN9AP_Arming13system_checksEb @ 0x5df500
GUIDED: _ZNK16AP_Arming_Copter16proximity_checksEb @ 0x5dfab0
GUIDED: _ZN16AP_Arming_Copter20mandatory_gps_checksEb @ 0x5dfcf0
GUIDED: _ZN16AP_Arming_Copter10alt_checksEb @ 0x5e0170
GUIDED: _ZN9AP_Arming18opendroneid_checksEb @ 0x5e0320
GUIDED: _ZN9AP_Arming23rc_in_calibration_checkEb @ 0x5e0410
GUIDED: _ZN9AP_Arming22serial_protocol_checksEb @ 0x5e04c0
GUIDED: _ZN2AP13serialmanagerEv @ 0x5e05f0
GUIDED: _ZNK16AP_SerialManager11have_serialENS_14SerialProtocolEh @ 0x5e0630
GUIDED: _ZN16AP_SerialManager14pre_arm_checksEPch @ 0x5e0900
GUIDED: _ZNK9AP_ParamTIiL11ap_var_type3EEcvRKiEv @ 0xa98a80
GUIDED: _ZN6AP_HAL4Util8snprintfEPcmPKcz @ 0x5e0a60
GUIDED: _ZN6AP_HAL4Util9vsnprintfEPcmPKcP13__va_list_tag @ 0x5e0c40
GUIDED: _ZN13BufferPrinterC2EPcm @ 0xa98ad0
GUIDED: _Z13print_vprintfPN6AP_HAL12BetterStreamEPKcP13__va_list_tag @ 0x5e0d80
GUIDED: _Z12ultoa_invertjPch @ 0x5e2c10
GUIDED: _ZN6AP_HAL12BetterStreamC2Ev @ 0xa98b80
GUIDED: _ZN13BufferPrinter5writeEh @ 0xa98be0
GUIDED: _Z3gcsv @ 0x5e3200
GUIDED: _ZN3GCS10send_textvE12MAV_SEVERITYPKcP13__va_list_tag @ 0x5e3240
GUIDED: _ZNK3GCS28statustext_send_channel_maskEv @ 0x5e3310
GUIDED: _ZN11GCS_MAVLINK19active_channel_maskEv @ 0xa98e80
GUIDED: _ZN11GCS_MAVLINK22streaming_channel_maskEv @ 0xa98ec0
GUIDED: _ZN11GCS_MAVLINK20private_channel_maskEv @ 0xa98f00
GUIDED: _ZN3GCS13get_singletonEv @ 0xa98f40
GUIDED: _ZNK16AP_SerialManager22find_protocol_instanceENS_14SerialProtocolEh @ 0x5e33a0
GUIDED: _ZNK13AP_ParamTBaseIaL11ap_var_type1EE3getEv @ 0xa98f80
GUIDED: _ZNK16AP_SerialManager14protocol_matchENS_14SerialProtocolES0_ @ 0x5e3540
GUIDED: _ZN16AP_SerialManager13get_singletonEv @ 0xa98fd0
GUIDED: _Z2rcv @ 0x5e3640
GUIDED: _ZN11RC_Channels11calibratingEv @ 0xa99010
GUIDED: _ZNK9AP_Arming13check_enabledENS_5CheckE @ 0x5e3910
GUIDED: _ZN11RC_Channels13get_singletonEv @ 0xa99070
GUIDED: _ZN2AP11opendroneidEv @ 0x5e39c0
GUIDED: _ZN14AP_OpenDroneID13pre_arm_checkEPch @ 0x5e3a00
GUIDED: _ZNK14AP_OpenDroneID14option_enabledENS_7OptionsE @ 0xa990b0
GUIDED: _ZNK9AP_ParamTIaL11ap_var_type1EEcvRKaEv @ 0xa99140
GUIDED: _ZN6AP_HAL6millisEv @ 0x5e3cc0
GUIDED: _ZN13WithSemaphoreD2Ev @ 0x5e3d00
GUIDED: _ZN6AP_HAL8millis64Ev @ 0x5e3d60
GUIDED: _ZN6AP_HAL8micros64Ev @ 0x5e3da0
GUIDED: _ZL14uint64_div1000m @ 0x5e3e40
GUIDED: _ZN7HALSITL9Scheduler4fromEPN6AP_HAL9SchedulerE @ 0xa99190
GUIDED: _ZNK7HALSITL9Scheduler18stopped_clock_usecEv @ 0xa991e0
GUIDED: _ZNK13AP_ParamTBaseIsL11ap_var_type2EE3getEv @ 0xa99230
GUIDED: _ZN13WithSemaphoreC2ERN6AP_HAL9SemaphoreEj @ 0x5e3f90
GUIDED: _ZN14AP_OpenDroneID13get_singletonEv @ 0xa99280
GUIDED: _ZNK6Copter10ekf_alt_okEv @ 0x5e4070
GUIDED: _ZNK7AP_AHRS17have_inertial_navEv @ 0x5e4140
GUIDED: _ZNK7AP_AHRS10has_statusE18NavFilterStatusBit @ 0x5e41a0
GUIDED: _ZNK7AP_AHRS17get_filter_statusER17nav_filter_status @ 0x5e4230
GUIDED: _ZNK7AP_AHRS8ekf_typeEv @ 0x5e4360
GUIDED: _ZNK7NavEKF315getFilterStatusER17nav_filter_status @ 0x5e44f0
GUIDED: _ZN2AP12externalAHRSEv @ 0x5e47e0
GUIDED: _ZNK15AP_ExternalAHRS17get_filter_statusER17nav_filter_status @ 0x5e4820
GUIDED: _ZN15AP_ExternalAHRS13get_singletonEv @ 0xa99320
GUIDED: _ZNK12NavEKF3_core15getFilterStatusER17nav_filter_status @ 0x5e49b0
GUIDED: _ZNK7AP_AHRS14always_use_EKFEv @ 0xa99360
GUIDED: _ZNK7AP_AHRS15active_EKF_typeEv @ 0xa993c0
GUIDED: _ZN2AP4ahrsEv @ 0x5e4a90
GUIDED: _ZNK7AP_AHRS13pre_arm_checkEbPch @ 0x5e4ad0
GUIDED: _ZNK8AC_Fence18get_enabled_fencesEv @ 0x5e4e60
GUIDED: _ZNK6Copter11position_okEv @ 0x5e4ed0
GUIDED: _ZNK9AP_ParamTIfL11ap_var_type4EEcvRKfILb1EEEv @ 0xa99460
GUIDED: _ZN7Vector3IfEC2Ev @ 0xa994b0
GUIDED: _ZNK7AP_AHRS13get_variancesERfS0_S0_R7Vector3IfES0_ @ 0x5e4f70
GUIDED: _ZNK7Vector3IfE6lengthEv @ 0xa99510
GUIDED: _Z4normIffJfEEdT_T0_DpKT1_ @ 0xa99570
GUIDED: _Z2sqIfJffEEdT_DpKT0_ @ 0xa995f0
GUIDED: _ZL2sqf.4012 @ 0x5e5140
GUIDED: _Z2sqIfJfEEdT_DpKT0_ @ 0xa99690
GUIDED: _ZL2sqf.1211 @ 0x5e5190
GUIDED: _ZN7Vector2IfEC2Ev @ 0xa99710
GUIDED: _ZNK7NavEKF312getVariancesERfS0_S0_R7Vector3IfES0_R7Vector2IfE @ 0x5e52f0
GUIDED: _ZN7Vector3IfE4zeroEv @ 0xa99810
GUIDED: _ZNK12NavEKF3_core12getVariancesERfS0_S0_R7Vector3IfES0_R7Vector2IfE @ 0x5e54d0
GUIDED: _ZL3MAXIddEDTqugtfp_fp0_fp_fp0_ERKT_RKT0_.4817 @ 0x5e56d0
GUIDED: _ZNK7Vector2IdE7tofloatEv @ 0xa99870
GUIDED: _ZN7Vector2IfEC2Eff @ 0xa998d0
GUIDED: _ZNK6Copter25ekf_has_absolute_positionEv @ 0x5e59d0
GUIDED: _ZNK6Copter25ekf_has_relative_positionEv @ 0x5e5b10
GUIDED: _ZNK14AP_OpticalFlow7enabledEv @ 0xa99950
GUIDED: _ZNK13AP_VisualOdom7enabledEv @ 0x5e5ca0
GUIDED: _ZNK9AP_Motors5armedEv @ 0xa999c0
GUIDED: _ZNK7AP_EnumIN13AP_VisualOdom15VisualOdom_TypeEEcvKS1_Ev @ 0xa99a20
GUIDED: _ZNK7AP_EnumIN14AP_OpticalFlow4TypeEEcvKS1_Ev @ 0xa99a70
GUIDED: _ZNK8AC_Fence7presentEv @ 0x5e5d00
GUIDED: _ZNK19AC_PolyFence_loader17total_fence_countEv @ 0xa99ac0
GUIDED: _ZNK19AC_PolyFence_loader27get_exclusion_polygon_countEv @ 0xa99b70
GUIDED: _ZNK19AC_PolyFence_loader27get_inclusion_polygon_countEv @ 0xa99bc0
GUIDED: _ZNK19AC_PolyFence_loader26get_exclusion_circle_countEv @ 0xa99c10
GUIDED: _ZNK19AC_PolyFence_loader26get_inclusion_circle_countEv @ 0xa99c60
GUIDED: _ZNK7AP_AHRS7healthyEv @ 0x5e5da0
GUIDED: _ZNK15AP_ExternalAHRS7enabledEv @ 0x5e5f80
GUIDED: _ZNK7AP_AHRS20attitudes_consistentEPch @ 0x5e61e0
GUIDED: _ZN2AP7compassEv @ 0x5e6840
GUIDED: _ZNK7Compass11use_for_yawEv @ 0x5e6880
GUIDED: _ZNK7NavEKF313pre_arm_checkEbPch @ 0x5e6bf0
GUIDED: _ZNK16AP_NavEKF_Source13pre_arm_checkEbPch @ 0x5e6ec0
GUIDED: _ZNK16AP_NavEKF_Source12getYawSourceEh @ 0x5e76f0
GUIDED: _ZNK12NavEKF3_core7healthyEv @ 0x5e79b0
GUIDED: _ZNK12NavEKF3_core13pre_arm_checkEbPch @ 0x5e7be0
GUIDED: _Z2sqIdEdT_ @ 0xa99cb0
GUIDED: _ZNK16AP_NavEKF_Source14useVelXYSourceENS_8SourceXYEh @ 0x5e7d70
GUIDED: _ZNK16AP_NavEKF_Source18getActiveSourceSetEh @ 0xa99d10
GUIDED: _ZNK7AP_EnumIN16AP_NavEKF_Source8SourceXYEEcvKS1_Ev @ 0xa99dc0
GUIDED: _ZNK16AP_NavEKF_Source13option_is_setENS_13SourceOptionsE @ 0xa99e10
GUIDED: _ZNK12NavEKF3_core15getFilterFaultsERt @ 0x5e7ea0
GUIDED: _ZNK11QuaternionTIdE6is_nanEv @ 0xa99e90
GUIDED: _ZNK7Vector3IdE6is_nanEv @ 0xa99f90
GUIDED: _ZNK7AP_EnumIN16AP_NavEKF_Source9SourceYawEEcvKS1_Ev @ 0xa9a060
GUIDED: _ZN2AP3dalEv @ 0x5e7fc0
GUIDED: _ZN6AP_DAL7compassEv @ 0xa9a0b0
GUIDED: _ZNK14AP_DAL_Compass15get_num_enabledEv @ 0xa9a100
GUIDED: _ZN6AP_DAL13get_singletonEv @ 0xa9a150
GUIDED: _ZnwmRKSt9nothrow_t @ 0x5e8000
GUIDED: _ZN7Matrix3IfEC2Ev @ 0xa9a590
GUIDED: _ZN8LocationC2Ev @ 0xa9a610
GUIDED: _ZN8Location4zeroEv @ 0x5e84e0
GUIDED: _ZN11QuaternionTIfEC2Ev @ 0xa9a7f0
GUIDED: _ZN6AP_DAL4baroEv @ 0xa9a860
GUIDED: _ZNK11AP_DAL_Baro13num_instancesEv @ 0xa9a8b0
GUIDED: _ZN6AP_DAL6beaconEv @ 0xa9a900
GUIDED: _ZN6AP_DAL3gpsEv @ 0xa9a9c0
GUIDED: _ZNK10AP_DAL_GPS11num_sensorsEv @ 0xa9aa10
GUIDED: _ZN6AP_DAL11rangefinderEv @ 0xa9aad0
GUIDED: _ZN6AP_DAL10visualodomEv @ 0xa9ab20
GUIDED: _ZNK7Compass7healthyEh @ 0x5e8990
GUIDED: _ZNK7Compass11use_for_yawEh @ 0x5e8a30
GUIDED: _ZNK7Compass9availableEv @ 0xa9ac40
GUIDED: _ZN14typesafe_indexIh12TAG_PriorityEC2Eh @ 0xa9acc0
GUIDED: _ZNK19RestrictIDTypeArrayI9AP_ParamTIaL11ap_var_type1EELj3E14typesafe_indexIh12TAG_PriorityEEixERKS5_ @ 0xa9ad20
GUIDED: _ZNK7AP_EnumIN7Compass9LearnTypeEEcvKS1_Ev @ 0xa9ada0
GUIDED: _ZNK14typesafe_indexIh12TAG_PriorityE7get_intEv @ 0xa9adf0
GUIDED: _ZNK7Compass10_get_stateE14typesafe_indexIh12TAG_PriorityE @ 0xa9ae40
GUIDED: _ZNK7Compass13_get_state_idE14typesafe_indexIh12TAG_PriorityE @ 0x5e8b10
GUIDED: _ZNK19RestrictIDTypeArrayIN7Compass9mag_stateELj4E14typesafe_indexIh14TAG_StateIndexEEixERKS4_ @ 0xa9aec0
GUIDED: _ZNK14typesafe_indexIh14TAG_StateIndexE7get_intEv @ 0xa9af40
GUIDED: _ZNK19RestrictIDTypeArrayIiLj3E14typesafe_indexIh12TAG_PriorityEEixERKS2_ @ 0xa9af90
GUIDED: _ZN14typesafe_indexIh14TAG_StateIndexEC2Eh @ 0xa9b010
GUIDED: _ZNK14typesafe_indexIh14TAG_StateIndexEltERKh @ 0xa9b070
GUIDED: _ZN14typesafe_indexIh14TAG_StateIndexEppEi @ 0xa9b0e0
GUIDED: _ZN7Compass13get_singletonEv @ 0xa9b150
GUIDED: _ZNK7AP_AHRS20get_quat_body_to_nedER11QuaternionTIfE @ 0x5e8c30
GUIDED: _ZNK7NavEKF211activeCoresEv @ 0xa9b190
GUIDED: _ZNK11QuaternionTIfE21roll_pitch_differenceERKS0_ @ 0xa9b1e0
GUIDED: _ZL7radiansi.1993 @ 0x5e8d80
GUIDED: _ZNK11QuaternionTIfE18angular_differenceERKS0_ @ 0xa9b3f0
GUIDED: _ZNK11QuaternionTIfE13to_axis_angleER7Vector3IfE @ 0xa9b480
GUIDED: _ZNK7NavEKF311activeCoresEv @ 0xa9b5d0
GUIDED: _ZNK7NavEKF322getQuaternionBodyToNEDEaR11QuaternionTIfE @ 0x5e8ef0
GUIDED: _ZN11QuaternionTIfE20from_rotation_matrixERK7Matrix3IfE @ 0xa9b680
GUIDED: _ZNK7NavEKF324using_noncompass_for_yawEv @ 0x5e8fd0
GUIDED: _ZNK12NavEKF3_core24using_noncompass_for_yawEv @ 0x5e9060
GUIDED: _ZNK12NavEKF3_core11use_compassEv @ 0x5e91a0
GUIDED: _ZNK14AP_DAL_Compass11use_for_yawEh @ 0xa9bb90
GUIDED: _ZNK12NavEKF3_core20getRotationBodyToNEDER7Matrix3IfE @ 0x5e9270
GUIDED: _ZNK11QuaternionTIdE15rotation_matrixER7Matrix3IfE @ 0xa9bc00
GUIDED: _ZNK6AP_DAL43get_rotation_vehicle_body_to_autopilot_bodyEv @ 0xa9be10
GUIDED: _ZNK7Matrix3IfEmlERKS0_ @ 0xa9be60
GUIDED: _ZN7Vector3IfEC2Efff @ 0xa9c0d0
GUIDED: _ZN7Matrix3IfEC2ERK7Vector3IfES4_S4_ @ 0xa9c160
GUIDED: _ZL2sqf.3887 @ 0x5e9330
GUIDED: _Z7is_zerof @ 0xa9c210
GUIDED: _ZN7Vector3IfEdVEf @ 0xa9c280
GUIDED: _Z7wrap_PId @ 0x5e9380
GUIDED: _ZN7Vector3IfEmLEf @ 0xa9c310
GUIDED: _Z8wrap_2PId @ 0x5e9410
GUIDED: _ZNK11QuaternionTIfE7inverseEv @ 0xa9c3a0
GUIDED: _ZNK11QuaternionTIfEmlERKS0_ @ 0xa9c420
GUIDED: _ZN11QuaternionTIfEC2Effff @ 0xa9c650
GUIDED: _ZNK11QuaternionTIfE15rotation_matrixER7Matrix3IfE @ 0xa9c700
GUIDED: _ZNK7Matrix3IfE13mul_transposeERK7Vector3IfE @ 0xa9c8f0
GUIDED: _ZNK7Vector3IfEmiERKS0_ @ 0xa9ca00
GUIDED: _Z20constrain_value_lineIfET_S0_S0_S0_j @ 0xa9cab0
GUIDED: _ZN2AP13internalerrorEv @ 0x5e9500
GUIDED: _ZNK7AP_AHRS24get_rotation_body_to_nedEv @ 0xa9cbd0
GUIDED: _ZN2AP3gpsEv @ 0x5e9f80
GUIDED: _ZNK6AP_GPS8get_typeEh @ 0xa9ccc0
GUIDED: _ZNK7AP_EnumIN6AP_GPS8GPS_TypeEEcvKS1_Ev @ 0xa9cd50
GUIDED: _ZN6AP_GPS13get_singletonEv @ 0xa9cda0
GUIDED: _ZNK7AP_EnumIN15AP_ExternalAHRS7DevTypeEEcvKS1_Ev @ 0xa9cde0
GUIDED: _ZNK7NavEKF37healthyEv @ 0x5ea0d0
GUIDED: _ZN7AP_AHRS13get_singletonEv @ 0xa9ce80
GUIDED: _ZNK9AP_Arming16proximity_checksEb @ 0x5ea240
GUIDED: _ZNK8AC_Avoid27proximity_avoidance_enabledEv @ 0xa9cec0
GUIDED: _ZNK12AP_Proximity18get_closest_objectERfS0_ @ 0x5ea310
GUIDED: _ZNK24AP_Proximity_Boundary_3D18get_closest_objectERfS0_ @ 0x5ea390
GUIDED: _ZN2AP9proximityEv @ 0x5ea550
GUIDED: _ZNK12AP_Proximity14prearm_healthyEPch @ 0x5ea590
GUIDED: _ZN12AP_Proximity13get_singletonEv @ 0xa9cf40
GUIDED: _ZN8AP_Param15get_eeprom_fullEv @ 0xa9cf80
GUIDED: _ZN2AP9schedulerEv @ 0x5ea870
GUIDED: _ZN12AP_Scheduler25get_filtered_loop_rate_hzEv @ 0xa9cfc0
GUIDED: _ZN12AP_Scheduler16get_loop_rate_hzEv @ 0xa9d010
GUIDED: _ZN10AP_Terrain13get_singletonEv @ 0xa9d0a0
GUIDED: _ZNK10AP_Terrain11init_failedEv @ 0xa9d0e0
GUIDED: _ZN12AP_Scripting13get_singletonEv @ 0xa9d140
GUIDED: _ZNK12AP_Scripting13arming_checksEmPc @ 0x5ea8b0
GUIDED: _ZN2AP4ADSBEv @ 0x5eaba0
GUIDED: _ZNK7AP_ADSB7enabledEv @ 0xa9d180
GUIDED: _ZNK16AP_InternalError6errorsEv @ 0xa9d2a0
GUIDED: _ZNK16AP_InternalError15last_error_lineEv @ 0xa9d2f0
GUIDED: _ZN2AP3rpmEv @ 0x5ead30
GUIDED: _ZNK6AP_RPM13arming_checksEmPc @ 0x5ead70
GUIDED: _ZN2AP5relayEv @ 0x5eb0a0
GUIDED: _ZNK8AP_Relay13arming_checksEmPc @ 0x5eb0e0
GUIDED: _ZN2AP9parachuteEv @ 0x5eb430
GUIDED: _ZNK12AP_Parachute13arming_checksEmPc @ 0x5eb470
GUIDED: _ZN2AP6buttonEv @ 0x5eb610
GUIDED: _ZNK9AP_Button13arming_checksEmPc @ 0x5eb650
GUIDED: _ZN9AP_Button13get_singletonEv @ 0xa9d340
GUIDED: _ZN12SRV_Channels17function_assignedEN11SRV_Channel8FunctionE @ 0x5eb8e0
GUIDED: _ZNK7AP_EnumIN15AP_Relay_Params8FUNCTIONEEcvKS1_Ev @ 0xa9d380
GUIDED: _ZNK9AP_ParamTIsL11ap_var_type2EEcvRKsEv @ 0xa9d3d0
GUIDED: _ZN12SRV_Channels25update_aux_servo_functionEv @ 0x5eba30
GUIDED: _ZNK7BitmaskILt190EE3getEt @ 0xa9d420
GUIDED: _ZNK7BitmaskILt190EE8validateEt @ 0xa9d4f0
GUIDED: _ZN7BitmaskILt190EE8clearallEv @ 0xa9d580
GUIDED: _ZNK11SRV_Channel14valid_functionEv @ 0xa9d5e0
GUIDED: _ZN11SRV_Channel24aux_servo_function_setupEv @ 0x5ebbb0
GUIDED: _ZN7BitmaskILt190EE3setEt @ 0xa9d640
GUIDED: _ZNK9AP_Enum16IN11SRV_Channel8FunctionEEcvKS1_Ev @ 0xa9d700
GUIDED: _ZN11SRV_Channel14valid_functionENS_8FunctionE @ 0xa9d750
GUIDED: _ZN12AP_Parachute13get_singletonEv @ 0xa9d7c0
GUIDED: _ZNK8AP_Relay14function_validEN15AP_Relay_Params8FUNCTIONE @ 0x5ebdd0
GUIDED: _ZNK8AP_Relay8DroneCAN9valid_pinEs @ 0x5ebe40
GUIDED: _ZN8AP_Relay13get_singletonEv @ 0xa9d800
GUIDED: _ZN6AP_RPM13get_singletonEv @ 0xa9d840
GUIDED: _ZN7AP_ADSB13get_singletonEv @ 0xa9d880
GUIDED: _ZNK12AP_Scripting7enabledEv @ 0xa9d8c0
GUIDED: _ZNK12AP_Scripting13option_is_setENS_11DebugOptionE @ 0xa9d930
GUIDED: _ZNK13AP_ParamTBaseIiL11ap_var_type3EE3getEv @ 0xa9da30
GUIDED: _ZNK2AP8PerfInfo25get_filtered_loop_rate_hzEv @ 0x5ebfa0
GUIDED: _ZNK2AP8PerfInfo17get_filtered_timeEv @ 0x5ec030
GUIDED: _ZN12AP_Scheduler13get_singletonEv @ 0x5ec080
GUIDED: _ZNK8AC_WPNav18get_terrain_sourceEv @ 0x5ec0c0
GUIDED: _ZNK7ModeRTL12get_alt_typeEv @ 0x5ec180
GUIDED: _ZNK9AP_Arming25terrain_database_requiredEv @ 0x5ec210
GUIDED: _ZN2AP7missionEv @ 0x5ec2a0
GUIDED: _ZN10AP_Mission26contains_terrain_alt_itemsEv @ 0x5ec2e0
GUIDED: _ZNK10AP_Mission12num_commandsEv @ 0xa9da80
GUIDED: _ZN10AP_Mission18stored_in_locationEt @ 0x5ec580
GUIDED: _ZN10AP_Mission15Mission_CommandC2Ev @ 0xa9dae0
GUIDED: _ZNK10AP_Mission21read_cmd_from_storageEtRNS_15Mission_CommandE @ 0x5ec710
GUIDED: _ZN10AP_Mission7ContentC2Ev @ 0xa9db40
GUIDED: _ZNK7AP_AHRS8get_homeEv @ 0xa9db90
GUIDED: _ZNK13StorageAccess9read_byteEt @ 0x5ecbd0
GUIDED: _ZNK13StorageAccess11read_uint16Et @ 0x5ecc40
GUIDED: _ZNK13StorageAccess10read_blockEPvtm @ 0x5eccc0
GUIDED: _ZN10AP_Mission13get_singletonEv @ 0xa9dbe0
GUIDED: _ZNK7AP_EnumIN7ModeRTL10RTLAltTypeEEcvKS1_Ev @ 0xa9dc20
GUIDED: _ZN2AP7terrainEv @ 0x5ed1f0
GUIDED: _ZNK10AP_Terrain7enabledEv @ 0xa9dc70
GUIDED: _ZN2AP5rallyEv @ 0x5ed330
GUIDED: _ZNK7AP_AHRS12get_locationER8Location @ 0x5ed370
GUIDED: _ZNK10AP_Mission21failed_sdcard_storageEv @ 0xa9dcd0
GUIDED: _ZN14StorageManager14storage_failedEv @ 0xa9dd30
GUIDED: _ZN2AP7vehicleEv @ 0x5ed5e0
GUIDED: _ZNK10AP_Mission7presentEv @ 0xa9dd70
GUIDED: _ZN10AP_Vehicle13get_singletonEv @ 0x5ed620
GUIDED: _ZNK8Location12get_distanceERKS_ @ 0x5ed840
GUIDED: _ZN8Location14diff_longitudeEii @ 0x5ed910
GUIDED: _ZN8Location15longitude_scaleEi @ 0x5ed9f0
GUIDED: _Z4normIddJEEdT_T0_DpKT1_ @ 0xa9dde0
GUIDED: _Z2sqIdJdEEdT_DpKT0_ @ 0xa9de50
GUIDED: _ZL3MAXIdfEDTqugtfp_fp0_fp_fp0_ERKT_RKT0_ @ 0x5eda90
GUIDED: _ZN8LocationC2EiiiNS_8AltFrameE @ 0x5edb30
GUIDED: _ZN8Location10set_alt_cmEiNS_8AltFrameE @ 0x5edbd0
GUIDED: _ZN8AP_Rally13get_singletonEv @ 0xa9ded0
GUIDED: _ZNK9AP_Arming20rc_checks_copter_subEbPPK10RC_Channel @ 0x5edcc0
GUIDED: _ZN9AP_Arming21rc_calibration_checksEb @ 0x5ede70
GUIDED: _ZN11RC_Channels23get_valid_channel_countEv @ 0x5ee020
GUIDED: _ZNK10RC_Channel12has_overrideEv @ 0x5ee090
GUIDED: _ZNK10RC_Channel14get_radio_trimEv @ 0xa9df10
GUIDED: _ZNK10RC_Channel13get_radio_minEv @ 0xa9df70
GUIDED: _ZNK10RC_Channel13get_radio_maxEv @ 0xa9dfd0
GUIDED: _ZNK13AP_ParamTBaseIfL11ap_var_type4EE3getEv @ 0xa9e110
GUIDED: _Z11is_positiveIfEbT_ @ 0xa9e160
GUIDED: _ZL3MINIihEDTqultfp_fp0_fp_fp0_ERKT_RKT0_.6943 @ 0x5ee150
GUIDED: _ZN9AP_Arming20board_voltage_checksEb @ 0x5ee1e0
GUIDED: _ZNK14AP_BattMonitor13has_failsafedEv @ 0xa9e1c0
GUIDED: _ZN14AP_BoardConfig25get_minimum_board_voltageEv @ 0xa9e220
GUIDED: _ZN14AP_BoardConfig25get_minimum_servo_voltageEv @ 0xa9e2a0
GUIDED: _ZN9AP_Arming10gps_checksEb @ 0x5ee390
GUIDED: _ZNK6AP_GPS11num_sensorsEv @ 0x5ee860
GUIDED: _ZNK6AP_GPS8get_hdopEv @ 0xa9e320
GUIDED: _ZNK6AP_GPS8get_hdopEh @ 0xa9e380
GUIDED: _ZN6AP_GPS14pre_arm_checksEPct @ 0x5ee8e0
GUIDED: _ZNK6AP_GPS14primary_sensorEv @ 0xa9e3f0
GUIDED: _ZNK6AP_GPS6statusEh @ 0xa9e440
GUIDED: _ZNK6AP_GPS10is_healthyEh @ 0x5eea80
GUIDED: _ZNK7AP_AHRS11home_is_setEv @ 0xa9e500
GUIDED: _ZNK6AP_GPS14all_consistentERf @ 0x5eec30
GUIDED: _ZNK6AP_GPS8locationEv @ 0xa9e560
GUIDED: _ZNK6AP_GPS22first_unconfigured_gpsERh @ 0x5eed40
GUIDED: _ZN3GCS9send_textE12MAV_SEVERITYPKcz @ 0x5eef10
GUIDED: _ZNK6AP_GPS8locationEh @ 0xa9e5c0
GUIDED: _ZNK6AP_GPS12is_rtk_roverEh @ 0x5ef1f0
GUIDED: _ZN15AP_GPS_DroneCAN29inter_instance_pre_arm_checksEPct @ 0x5ef290
GUIDED: _ZN15AP_GPS_DroneCAN20is_dronecan_gps_typeEN6AP_GPS8GPS_TypeE @ 0xa9e630
GUIDED: _ZN9AP_Arming10ins_checksEb @ 0x5ef550
GUIDED: _ZN16AP_Arming_Copter26pre_arm_ekf_attitude_checkEv @ 0x5ef940
GUIDED: _ZN2AP3insEv @ 0x5ef9a0
GUIDED: _ZNK17AP_InertialSensor19get_gyro_health_allEv @ 0x5ef9e0
GUIDED: _ZNK17AP_InertialSensor22gyro_calibrated_ok_allEv @ 0x5efaa0
GUIDED: _ZNK17AP_InertialSensor20get_accel_health_allEv @ 0x5efbb0
GUIDED: _ZNK17AP_InertialSensor23accel_calibrated_ok_allEv @ 0x5efc70
GUIDED: _ZNK17AP_InertialSensor25accel_cal_requires_rebootEv @ 0xa9e6b0
GUIDED: _ZN9AP_Arming21ins_accels_consistentERK17AP_InertialSensor @ 0x5eff40
GUIDED: _ZN9AP_Arming20ins_gyros_consistentERK17AP_InertialSensor @ 0x5f0040
GUIDED: _ZNK17AP_InertialSensor23temperature_cal_runningEv @ 0x5f0130
GUIDED: _ZNK17AP_InertialSensor12BatchSampler7enabledEv @ 0xa9e710
GUIDED: _ZNK17AP_InertialSensor34pre_arm_check_gyro_backend_rate_hzEPct @ 0x5f01d0
GUIDED: _ZN2AP3fftEv @ 0x5f0380
GUIDED: _ZN10AP_GyroFFT13pre_arm_checkEPch @ 0x5f03c0
GUIDED: _ZNK10AP_GyroFFT16analysis_enabledEv @ 0xa9e7e0
GUIDED: _ZN11ExpectDelayD2Ev @ 0x5f0b10
GUIDED: _ZdlPv @ 0x5f1090
GUIDED: _ZN7Vector3IfEixEh @ 0xa9eb70
GUIDED: _ZN10DigitalLPFIfE6_applyERKfS2_ @ 0xa9eed0
GUIDED: _Z15constrain_int16sss @ 0xa9f4d0
GUIDED: _Z15constrain_valueIsET_S0_S0_S0_ @ 0xa9f560
GUIDED: _ZNK10ByteBuffer5spaceEv @ 0x5f28b0
GUIDED: _ZN10ByteBuffer5writeEPKhj @ 0x5f2b10
GUIDED: _ZN10ByteBuffer7reserveEPNS_5IoVecEj @ 0x5f2c30
GUIDED: _ZN10ByteBuffer6commitEj @ 0x5f2e60
GUIDED: _ZN10ByteBuffer5clearEv @ 0x5f3020
GUIDED: _ZNK10ByteBuffer8get_sizeEv @ 0xa9f610
GUIDED: _ZN11ExpectDelayC2Ej @ 0x5f32d0
GUIDED: _ZN10AP_GyroFFT13get_singletonEv @ 0xa9f660
GUIDED: _ZNK17AP_InertialSensor14get_gyro_countEv @ 0xa9f6a0
GUIDED: _ZNK17AP_InertialSensor4_useEh @ 0xa9f710
GUIDED: _ZNK17AP_InertialSensor8_gyro_idEh @ 0xa9f770
GUIDED: _ZN17AP_InertialSensor8_gyro_idEh @ 0xa9f7d0
GUIDED: _ZN17AP_InertialSensor4_useEh @ 0xa9f840
GUIDED: _ZL3MINIihEDTqultfp_fp0_fp_fp0_ERKT_RKT0_.3586 @ 0x5f3390
GUIDED: _ZNK17AP_InertialSensor4tcalEh @ 0xa9f8b0
GUIDED: _ZNK7AP_EnumIN22AP_InertialSensor_TCal6EnableEEcvKS1_Ev @ 0xa9f910
GUIDED: _ZN17AP_InertialSensor4tcalEh @ 0xa9f960
GUIDED: _ZNK17AP_InertialSensor16gyros_consistentEh @ 0x5f3420
GUIDED: _ZNK17AP_InertialSensor8get_gyroEv @ 0xa9f9d0
GUIDED: _ZNK17AP_InertialSensor8use_gyroEh @ 0x5f3550
GUIDED: _ZNK17AP_InertialSensor8get_gyroEh @ 0xa9fa30
GUIDED: _ZL7radiansi.3656 @ 0x5f3610
GUIDED: _ZNK17AP_InertialSensor15get_gyro_healthEh @ 0xa9faa0
GUIDED: _ZNK17AP_InertialSensor17accels_consistentEf @ 0x5f3670
GUIDED: _ZNK17AP_InertialSensor15get_accel_countEv @ 0xa9fb40
GUIDED: _ZL3MINIihEDTqultfp_fp0_fp_fp0_ERKT_RKT0_ @ 0x5f37d0
GUIDED: _ZNK17AP_InertialSensor9get_accelEv @ 0xa9fbb0
GUIDED: _ZNK17AP_InertialSensor9use_accelEh @ 0x5f3860
GUIDED: _ZNK17AP_InertialSensor9get_accelEh @ 0xa9fc10
GUIDED: _ZNK17AP_InertialSensor16get_accel_healthEh @ 0xa9fc80
GUIDED: _ZNK17AP_InertialSensor13_accel_offsetEh @ 0xa9fd20
GUIDED: _ZNK9AP_ParamVI7Vector3IfEL11ap_var_type5EE3getEv @ 0xa9fd80
GUIDED: _ZNK7Vector3IfE7is_zeroEv @ 0xa9fdd0
GUIDED: _ZNK17AP_InertialSensor12_accel_scaleEh @ 0xa9fe80
GUIDED: _ZNK17AP_InertialSensor9_accel_idEh @ 0xa9fee0
GUIDED: _Z8is_equalIffENSt3__19enable_ifIXsr3std17is_floating_pointINS0_11common_typeIJT_T0_EE4typeEEE5valueEbE4typeES3_S4_ @ 0xa9ff40
GUIDED: _ZN17AP_InertialSensor9_accel_idEh @ 0xa9ffc0
GUIDED: _ZN17AP_InertialSensor12_accel_scaleEh @ 0xaa0030
GUIDED: _ZN17AP_InertialSensor13_accel_offsetEh @ 0xaa00a0
GUIDED: _ZNK17AP_InertialSensor18gyro_calibrated_okEh @ 0xaa0110
GUIDED: _ZN17AP_InertialSensor13get_singletonEv @ 0x5f3920
GUIDED: _ZN8AP_Param17get_default_valueEPKS_RKNS_9GroupInfoE @ 0x5f4840
GUIDED: _ZN13AP_ParamTBaseIsL11ap_var_type2EE3setERKs @ 0xaa0750
GUIDED: _ZN13AP_ParamTBaseIiL11ap_var_type3EE3setERKi @ 0xaa07c0
GUIDED: _ZN13AP_ParamTBaseIfL11ap_var_type4EE3setERKf @ 0xaa0820
GUIDED: _ZNK7Vector3IfEneERKS0_ @ 0xaa0f50
GUIDED: _ZNK8AP_Param13find_var_infoEPjRPKNS_9GroupInfoERNS_12GroupNestingEPh @ 0x5f5390
GUIDED: _ZNK8AP_Param14copy_name_infoEPKNS_4InfoEPKNS_9GroupInfoERKNS_12GroupNestingEhPcmb @ 0x5f5610
GUIDED: _ZNK8AP_Param14send_parameterEPKc11ap_var_typeh @ 0x5f5870
GUIDED: _ZNK8AP_Param13cast_to_floatE11ap_var_type @ 0x5f5a10
GUIDED: _ZN3GCS20send_parameter_valueEPKc11ap_var_typef @ 0x5f5b00
GUIDED: _ZL3MINImmEDTqultfp_fp0_fp_fp0_ERKT_RKT0_.6631 @ 0x5f5c40
GUIDED: _ZN11GCS_MAVLINK14mav_param_typeE11ap_var_type @ 0x5f5cc0
GUIDED: _ZN8AP_Param16count_parametersEv @ 0x5f5d50
GUIDED: _ZN3GCS23send_to_active_channelsEjPKc @ 0x5f5f00
GUIDED: _ZN9AP_Logger13get_singletonEv @ 0xaa1020
GUIDED: _ZN9AP_Logger15Write_ParameterEPKcf @ 0x5f6020
GUIDED: _ZNK9AP_Logger10quiet_nanfEv @ 0xaa1060
GUIDED: _ZN17AP_Logger_Backend15Write_ParameterEPKcff @ 0x5f6110
GUIDED: _Z14strncpy_notermPcPKcm @ 0x5f6230
GUIDED: _ZN17AP_Logger_Backend18WriteCriticalBlockEPKvt @ 0xaa10b0
GUIDED: _ZN17AP_Logger_Backend21WritePrioritisedBlockEPKvtbb @ 0x5f62e0
GUIDED: _ZN17AP_Logger_Backend30validate_WritePrioritisedBlockEPKvt @ 0x5f64b0
GUIDED: _ZN17AP_Logger_Backend9ShouldLogEb @ 0x5f66a0
GUIDED: _ZN17AP_Logger_Backend21ensure_format_emittedEPKvt @ 0x5f6b40
GUIDED: _ZNK17AP_Logger_Backend23message_type_from_blockEPKvtR11LogMessages @ 0x5f6c60
GUIDED: _ZNK17AP_Logger_Backend28have_emitted_format_for_typeE11LogMessages @ 0xaa1130
GUIDED: _ZN17AP_Logger_Backend14Write_Emit_FMTEh @ 0x5f6d50
GUIDED: _ZNK9AP_Logger17fill_logstructureER12LogStructureh @ 0x5f6ee0
GUIDED: _ZN17AP_Logger_Backend12Write_FormatEPK12LogStructure @ 0x5f7210
GUIDED: _ZN17AP_Logger_Backend18Write_Format_UnitsEPK12LogStructure @ 0x5f72e0
GUIDED: _ZN17AP_Logger_Backend17Fill_Format_UnitsEPK12LogStructureR16log_Format_Units @ 0x5f7370
GUIDED: _ZN17AP_Logger_Backend11Fill_FormatEPK12LogStructureR10log_Format @ 0x5f7470
GUIDED: _ZN7BitmaskILt256EE3setEt @ 0xaa11a0
GUIDED: _ZNK7BitmaskILt256EE8validateEt @ 0xaa1260
GUIDED: _ZNK9AP_Logger22structure_for_msg_typeEh @ 0x5f75a0
GUIDED: _ZL3MINIhmEDTqultfp_fp0_fp_fp0_ERKT_RKT0_.6340 @ 0x5f7660
GUIDED: _ZNK9AP_Logger9structureEt @ 0x5f76f0
GUIDED: _ZNK7BitmaskILt256EE3getEt @ 0xaa12f0
GUIDED: _ZNK6AP_HAL4Util14get_soft_armedEv @ 0xaa13c0
GUIDED: _ZN2AP6loggerEv @ 0x5f7760
GUIDED: _ZNK9AP_Logger18in_log_persistanceEv @ 0x5f77a0
GUIDED: _Z7is_zeroI9AP_ParamTIfL11ap_var_type4EEEbT_ @ 0xaa1420
GUIDED: _ZNK12AP_Scheduler5ticksEv @ 0xaa1480
GUIDED: _ZN6AP_HAL8millis16Ev @ 0x5f79b0
GUIDED: _ZNK6AP_HAL4Util21get_last_armed_changeEv @ 0xaa1590
GUIDED: _ZNK9AP_Logger13WritesEnabledEv @ 0xaa15e0
GUIDED: _ZNK19LoggerMessageWriter8finishedEv @ 0xaa1640
GUIDED: _ZNK9AP_Logger15in_log_downloadEv @ 0x5f79f0
GUIDED: _ZNK9AP_Logger16vehicle_is_armedEv @ 0xaa16a0
GUIDED: _ZNK9AP_Logger18log_while_disarmedEv @ 0x5f7a90
GUIDED: _ZNK7AP_EnumIN9AP_Logger11LogDisarmedEEcvKS1_Ev @ 0xaa1700
GUIDED: _ZNK9AP_Logger26log_write_fmt_for_msg_typeEh @ 0x5f7b90
GUIDED: mavlink_get_msg_entry @ 0x5f7c40
GUIDED: _ZNK3GCS7num_gcsEv @ 0xaa1750
GUIDED: _ZNK11GCS_MAVLINK10is_privateEv @ 0xaa17a0
GUIDED: _ZNK11GCS_MAVLINK9is_activeEv @ 0xaa1800
GUIDED: _ZN11GCS_MAVLINK12send_messageEPKcPK19__mavlink_msg_entry @ 0xaa1880
GUIDED: _ZN11GCS_MAVLINK18check_payload_sizeEt @ 0x5f7d60
GUIDED: _mav_finalize_message_chan_send @ 0x5f7e10
GUIDED: _Z26mavlink_get_channel_statush @ 0x5f8160
GUIDED: _Z17_mav_trim_payloadPKch @ 0x5f8240
GUIDED: _ZL13crc_calculatePKht @ 0x5f82e0
GUIDED: _ZL21crc_accumulate_bufferPtPKct @ 0x5f8380
GUIDED: _ZL14crc_accumulatehPt @ 0x5f8420
GUIDED: _Z14comm_send_lock17mavlink_channel_tt @ 0x5f86b0
GUIDED: _mavlink_send_uart @ 0x5f8770
GUIDED: _Z16comm_send_unlock17mavlink_channel_t @ 0x5f87f0
GUIDED: _Z16comm_send_buffer17mavlink_channel_tPKhh @ 0x5f8870
GUIDED: _ZL13valid_channel17mavlink_channel_t @ 0x5f89e0
GUIDED: _Z24gcs_out_of_space_to_send17mavlink_channel_t @ 0x5f8a90
GUIDED: _ZN11GCS_MAVLINK20out_of_space_to_sendEv @ 0xaa19c0
GUIDED: _ZL8crc_initPt @ 0x5f93c0
GUIDED: _ZN11GCS_MAVLINK14channel_statusEv @ 0xaa1a20
GUIDED: _ZNK11GCS_MAVLINK7txspaceEv @ 0xaa1a70
GUIDED: _ZNK11GCS_MAVLINK15packet_overheadEv @ 0xaa1b10
GUIDED: _ZN11GCS_MAVLINK20packet_overhead_chanE17mavlink_channel_t @ 0x5f9410
GUIDED: _ZL3MINIjjEDTqultfp_fp0_fp_fp0_ERKT_RKT0_.6622 @ 0x5f94f0
GUIDED: _ZN11GCS_MAVLINK10is_privateE17mavlink_channel_t @ 0xaa1b70
GUIDED: _ZN8AP_Param5firstEPNS_10ParamTokenEP11ap_var_typePf @ 0x5f9570
GUIDED: _ZN8AP_Param11next_scalarEPNS_10ParamTokenEP11ap_var_typePf @ 0x5f96b0
GUIDED: _ZN8AP_Param4nextEPNS_10ParamTokenEP11ap_var_typebPf @ 0x5f97a0
GUIDED: _ZN8AP_Param13check_defaultEPS_Pf @ 0x5f9ae0
GUIDED: _ZN8AP_Param8var_infoEt @ 0xaa1be0
GUIDED: _ZN8AP_Param17get_default_valueEPKS_RKNS_4InfoE @ 0x5f9bc0
GUIDED: _ZN8AP_Param16check_frame_typeEt @ 0x5f9cd0
GUIDED: _ZN8AP_Param14get_group_infoERKNS_4InfoE @ 0x5f9d70
GUIDED: _ZN8AP_Param10next_groupEtPKNS_9GroupInfoEPbjhlPNS_10ParamTokenEP11ap_var_typebPf @ 0x5f9df0
GUIDED: _ZN8AP_Param14get_group_infoERKNS_9GroupInfoE @ 0x5fa390
GUIDED: _ZN8AP_Param19adjust_group_offsetEtRKNS_9GroupInfoERl @ 0x5fa410
GUIDED: _ZN8AP_Param8group_idEPKNS_9GroupInfoEjhh @ 0x5fa530
GUIDED: _ZN8AP_Param8get_baseERKNS_4InfoERl @ 0x5fa630
GUIDED: _ZNK13AP_ParamTBaseIaL11ap_var_type1EE13cast_to_floatEv @ 0xaa1c80
GUIDED: _ZNK13AP_ParamTBaseIsL11ap_var_type2EE13cast_to_floatEv @ 0xaa1cd0
GUIDED: _ZNK13AP_ParamTBaseIiL11ap_var_type3EE13cast_to_floatEv @ 0xaa1d20
GUIDED: _ZNK13AP_ParamTBaseIfL11ap_var_type4EE13cast_to_floatEv @ 0xaa1d70
GUIDED: _ZNK8AP_Param19add_vector3f_suffixEPcmh @ 0x5fa6e0
GUIDED: _ZNK8AP_Param19find_var_info_groupEPKNS_9GroupInfoEtjhlPjRS2_RNS_12GroupNestingEPh @ 0x5fa7c0
GUIDED: _ZN8AP_Param4saveEb @ 0x5facc0
GUIDED: _ZN17AP_InertialSensor13caltemp_accelEh @ 0xaa1ea0
GUIDED: _ZNK17AP_InertialSensor15get_temperatureEh @ 0xaa1f10
GUIDED: _ZN13AP_ParamTBaseIfL11ap_var_type4EE22set_and_save_ifchangedERKf @ 0xaa20d0
GUIDED: _ZNK7Vector3IfErmERKS0_ @ 0xaa2170
GUIDED: _ZNK7Vector3IfEmlERKS0_ @ 0xaa2250
GUIDED: _Z9safe_sqrtIfEfT_ @ 0xaa22e0
GUIDED: _ZN11QuaternionTIfE9normalizeEv @ 0xaa2390
GUIDED: _ZNK11QuaternionTIfE14get_euler_rollEv @ 0xaa2470
GUIDED: _ZNK11QuaternionTIfE15get_euler_pitchEv @ 0xaa2520
GUIDED: _Z9safe_asinIfEfT_ @ 0xaa2590
GUIDED: _ZNK11QuaternionTIfE6lengthEv @ 0xaa2670
GUIDED: _ZN7Vector3IfE6rotateE8Rotation @ 0xaa2780
GUIDED: _ZNK7Matrix3IfEmlERK7Vector3IfE @ 0xaa3760
GUIDED: _ZN7Matrix3IfE10from_eulerEfff @ 0xaa3900
GUIDED: _ZN7Matrix3IfEC2Efffffffff @ 0xaa3b30
GUIDED: _ZNK7Vector3IfEplERKS0_ @ 0xaa3c60
GUIDED: _ZNK7Vector3IfEdvEf @ 0xaa3d10
GUIDED: _Z4normIffJEEdT_T0_DpKT1_ @ 0xaa3db0
GUIDED: _ZN7Vector3IfEpLERKS0_ @ 0xaa3e20
GUIDED: _ZN15ObjectBuffer_TSIN8AP_Param10param_saveEE4peekERS1_ @ 0xaa3ec0
GUIDED: _ZN15ObjectBuffer_TSIN8AP_Param10param_saveEE4pushERKS1_ @ 0xaa3f70
GUIDED: _ZN10ByteBuffer9peekbytesEPhj @ 0x5fbc70
GUIDED: _ZN10ByteBuffer9peekiovecEPNS_5IoVecEj @ 0x5fbd80
GUIDED: _ZNK10ByteBuffer9availableEv @ 0x5fbed0
GUIDED: _ZN10ByteBuffer7readptrERj @ 0x5fc1b0
GUIDED: _ZNK7Vector3IfEngEv @ 0xaa4050
GUIDED: _ZN9AP_Arming16barometer_checksEb @ 0x5fc5b0
GUIDED: _ZNK7AP_AHRS36get_relative_position_D_origin_floatERf @ 0x5fc6c0
GUIDED: _ZNK7AP_AHRS30get_relative_position_D_originERd @ 0x5fc750
GUIDED: _ZNK7NavEKF37getPosDERd @ 0x5fc9d0
GUIDED: _ZNK8Location11initialisedEv @ 0xaa4130
GUIDED: _ZN6AP_HAL6microsEv @ 0x5fcec0
GUIDED: _ZNK7Vector3IfE8todoubleEv @ 0xaa41c0
GUIDED: _ZN7Vector3IdEmLEd @ 0xaa4240
GUIDED: _ZN8Location13offset_latlngERiS0_dd @ 0x5fcfd0
GUIDED: _ZN8Location15limit_lattitudeEi @ 0x5fd0d0
GUIDED: _ZN8Location14wrap_longitudeEl @ 0x5fd170
GUIDED: _ZN7Vector3IdEC2Eddd @ 0xaa42d0
GUIDED: _ZNK12NavEKF3_core7getPosDERd @ 0x5fd210
GUIDED: _ZNK12NavEKF3_core13getPosD_localERd @ 0x5fd2e0
GUIDED: _ZNK12NavEKF3_core12getOriginLLHER8Location @ 0x5fd370
GUIDED: _ZN7Vector3IdEC2Ev @ 0xaa4360
GUIDED: _ZNK11AP_AHRS_DCM12get_locationER8Location @ 0x5fd710
GUIDED: _ZN2AP4baroEv @ 0x5fda40
GUIDED: _ZNK7AP_EnumI6GPSUseEcvKS0_Ev @ 0xaa43c0
GUIDED: _ZNK6AP_GPS6statusEv @ 0xaa4410
GUIDED: _ZNK7AP_Baro12get_altitudeEv @ 0xaa4470
GUIDED: _ZN8Location6offsetEdd @ 0x5fda80
GUIDED: _ZNK6AP_GPS7get_lagERf @ 0xaa44d0
GUIDED: _ZNK7Vector3IfE2xyEv @ 0xaa4550
GUIDED: _ZNK7Vector2IfEmlEf @ 0xaa45a0
GUIDED: _ZNK6AP_GPS7get_lagEhRf @ 0x5fdb10
GUIDED: _ZNK7AP_Baro12get_altitudeEh @ 0xaa4620
GUIDED: _ZN7AP_Baro13get_singletonEv @ 0xaa4690
GUIDED: _ZN2AP4sitlEv @ 0x5fdda0
GUIDED: _ZNK7AP_Baro13arming_checksEmPc @ 0x5fdde0
GUIDED: _ZNK7AP_Baro11all_healthyEv @ 0x5fdfb0
GUIDED: _ZNK7AP_Baro12get_pressureEv @ 0xaa46d0
GUIDED: _ZNK7AP_Baro23get_altitude_differenceEff @ 0x5fe060
GUIDED: _ZNK7AP_Baro26get_altitude_from_pressureEf @ 0x5fe100
GUIDED: _ZL33find_atmosphere_layer_by_pressuref @ 0x5fe360
GUIDED: _ZNK7AP_Baro17get_altitude_AMSLEv @ 0xaa4730
GUIDED: _ZN7AP_Baro29geopotential_alt_to_geometricEf @ 0x5fe410
GUIDED: _ZNK7AP_Baro17get_altitude_AMSLEh @ 0xaa4790
GUIDED: _ZNK7AP_Baro12get_pressureEh @ 0xaa4800
GUIDED: _ZNK7AP_Baro7healthyEh @ 0x5fe470
GUIDED: _ZN4SITL3SIM13get_singletonEv @ 0xaa4870
GUIDED: _ZNK7AP_AHRS24using_noncompass_for_yawEv @ 0x5fe560
GUIDED: _ZNK7Compass7healthyEv @ 0xaa48b0
GUIDED: _ZNK7AP_AHRS8cos_rollEv @ 0xaa4910
GUIDED: _ZNK7AP_AHRS9cos_pitchEv @ 0xaa4960
GUIDED: _ZL7degreesf @ 0x5fe610
GUIDED: _ZN9AP_Arming13method_is_GCSENS_6MethodE @ 0xaa49b0
GUIDED: _ZNK10RC_Channel14get_control_inEv @ 0xaa4a20
GUIDED: _ZN9AP_Arming10arm_checksENS_6MethodE @ 0x5fe880
GUIDED: _ZN9AP_Arming13rc_arm_checksENS_6MethodE @ 0x5fe9e0
GUIDED: _ZN6AP_GPS18prepare_for_armingEv @ 0x5feda0
GUIDED: _ZNK9AP_Logger15logging_presentEv @ 0x5fee70
GUIDED: _ZN9AP_Logger13PrepForArmingEv @ 0x5feed0
GUIDED: _ZNK9AP_Logger15logging_startedEv @ 0x5fef60
GUIDED: _ZNK11RC_Channels13last_input_msEv @ 0xaa4a70
GUIDED: _ZN11RC_Channels23duplicate_options_existEv @ 0x5ff010
GUIDED: _ZNK11RC_Channels44flight_mode_channel_conflicts_with_rc_optionEv @ 0x5ff130
GUIDED: _ZNK11RC_Channels17option_is_enabledENS_6OptionE @ 0xaa4ac0
GUIDED: _ZNK11RC_Channels16get_roll_channelEv @ 0x5ff1c0
GUIDED: _ZNK11RC_Channels17get_pitch_channelEv @ 0x5ff230
GUIDED: _ZNK11RC_Channels15get_yaw_channelEv @ 0x5ff2a0
GUIDED: _ZNK11RC_Channels20get_throttle_channelEv @ 0x5ff310
GUIDED: _ZN11RC_Channels23find_channel_for_optionEN10RC_Channel8AUX_FUNCE @ 0x5ff380
GUIDED: _ZN2AP5rcmapEv @ 0x5ff600
GUIDED: _ZNK8RCMapper8throttleEv @ 0xaa4ba0
GUIDED: _ZNK11RC_Channels25get_rcmap_channel_nonnullEh @ 0x5ff640
GUIDED: _ZN11RC_Channels10rc_channelEh @ 0xaa4c00
GUIDED: _ZN8RCMapper13get_singletonEv @ 0xaa4c60
GUIDED: _ZNK8RCMapper3yawEv @ 0xaa4ca0
GUIDED: _ZNK8RCMapper5pitchEv @ 0xaa4d00
GUIDED: _ZNK8RCMapper4rollEv @ 0xaa4d60
GUIDED: _ZNK11RC_Channels19flight_mode_channelEv @ 0x5ff6d0
GUIDED: _ZN7BitmaskILt317EEC2Ev @ 0xaa4db0
GUIDED: _ZNK7BitmaskILt317EE4sizeEv @ 0xaa4e00
GUIDED: _ZNK7BitmaskILt317EE3getEt @ 0xaa4e50
GUIDED: _ZN7BitmaskILt317EE3setEt @ 0xaa4f20
GUIDED: _ZNK7BitmaskILt317EE8validateEt @ 0xaa4fe0
GUIDED: _ZN7BitmaskILt317EE8clearallEv @ 0xaa5070
GUIDED: _ZN16AP_Arming_Copter18run_pre_arm_checksEb @ 0x5ffab0
GUIDED: _ZN16AP_Arming_Copter17set_pre_arm_checkEb @ 0x5ffea0
GUIDED: _ZNK9AP_Arming20disarm_switch_checksEb @ 0x5fff10
GUIDED: _ZN16AP_Arming_Copter16parameter_checksEb @ 0x5fffd0
GUIDED: _ZN16AP_Arming_Copter9oa_checksEb @ 0x6006d0
GUIDED: _ZN16AP_Arming_Copter18gcs_failsafe_checkEb @ 0x600830
GUIDED: _ZNK16AP_Arming_Copter12winch_checksEb @ 0x6008d0
GUIDED: _ZNK16AP_Arming_Copter27rc_throttle_failsafe_checksEb @ 0x600a00
GUIDED: _ZN9AP_Arming15airspeed_checksEb @ 0x600b90
GUIDED: _ZN9AP_Arming14pre_arm_checksEb @ 0x600cb0
GUIDED: _ZN9AP_Arming21hardware_safety_checkEb @ 0x6011a0
GUIDED: _ZN9AP_Arming14compass_checksEb @ 0x601270
GUIDED: _ZN9AP_Arming14battery_checksEb @ 0x601940
GUIDED: _ZN9AP_Arming14logging_checksEb @ 0x601a30
GUIDED: _ZN9AP_Arming25manual_transmitter_checksEb @ 0x601ba0
GUIDED: _ZN9AP_Arming18rangefinder_checksEb @ 0x601ca0
GUIDED: _ZNK9AP_Arming12servo_checksEb @ 0x601d90
GUIDED: _ZNK9AP_Arming14terrain_checksEb @ 0x601fe0
GUIDED: _ZN9AP_Arming10can_checksEb @ 0x602130
GUIDED: _ZNK9AP_Arming16generator_checksEb @ 0x602400
GUIDED: _ZN9AP_Arming13camera_checksEb @ 0x602500
GUIDED: _ZNK9AP_Arming10osd_checksEb @ 0x6025f0
GUIDED: _ZNK9AP_Arming12mount_checksEb @ 0x6026e0
GUIDED: _ZNK9AP_Arming13fettec_checksEb @ 0x6027f0
GUIDED: _ZNK9AP_Arming14visodom_checksEb @ 0x6028c0
GUIDED: _ZN9AP_Arming15aux_auth_checksEb @ 0x6029b0
GUIDED: _ZN9AP_Arming12fence_checksEb @ 0x602c10
GUIDED: _ZN9AP_Arming12estop_checksEb @ 0x602d30
GUIDED: _ZN12SRV_Channels18get_emergency_stopEv @ 0xaa50d0
GUIDED: _ZNK10RC_Channel16read_3pos_switchERNS_12AuxSwitchPosE @ 0x602e80
GUIDED: _ZNK10RC_Channel12get_radio_inEv @ 0xaa5110
GUIDED: _ZN2AP5fenceEv @ 0x602fe0
GUIDED: _ZNK8AC_Fence13pre_arm_checkEPch @ 0x603020
GUIDED: _ZNK8AC_Fence7enabledEv @ 0xaa5220
GUIDED: _ZNK8AC_Fence12auto_enabledEv @ 0xaa5280
GUIDED: _ZNK9AP_ParamTIfL11ap_var_type4EEmiERKS1_ @ 0xaa5410
GUIDED: _ZN15ExpandingStringD2Ev @ 0x603b60
GUIDED: _ZN15ExpandingString6printfEPKcz @ 0x603bc0
GUIDED: _ZN15ExpandingString6expandEj @ 0x603e50
GUIDED: _Z11mem_reallocPvmm @ 0x603f50
GUIDED: _ZN15ExpandingString10set_bufferEPcjj @ 0x604100
GUIDED: _ZNK7Vector2IfEmiERKS0_ @ 0xaa5b60
GUIDED: _ZNK7Vector2IfE14length_squaredEv @ 0xaa5d70
GUIDED: _ZNK7Vector2IfEmlERKS0_ @ 0xaa5dd0
GUIDED: _ZNK8Location15get_distance_NEERKS_ @ 0x604ba0
GUIDED: _ZN8AC_Fence13get_singletonEv @ 0xaa5f00
GUIDED: _ZN2AP10visualodomEv @ 0x604d60
GUIDED: _ZNK13AP_VisualOdom13pre_arm_checkEPch @ 0x604da0
GUIDED: _ZN13AP_VisualOdom13get_singletonEv @ 0xaa5f40
GUIDED: _ZN16AP_FETtecOneWire13get_singletonEv @ 0xaa5f80
GUIDED: _ZNK16AP_FETtecOneWire13pre_arm_checkEPch @ 0x604fe0
GUIDED: _ZN2AP5mountEv @ 0x6052e0
GUIDED: _ZN8AP_Mount14pre_arm_checksEPch @ 0x605320
GUIDED: _ZNK8AP_Mount14get_mount_typeEh @ 0x6054b0
GUIDED: _ZN8AP_Mount13get_singletonEv @ 0xaa5fc0
GUIDED: _ZN2AP3osdEv @ 0x605540
GUIDED: _ZNK6AP_OSD13pre_arm_checkEPch @ 0x605580
GUIDED: _ZNK6AP_OSD18is_readonly_screenEv @ 0xaa6000
GUIDED: _ZN6AP_OSD13get_singletonEv @ 0xaa6060
GUIDED: _ZN2AP6runcamEv @ 0x6056b0
GUIDED: _ZN9AP_RunCam13get_singletonEv @ 0xaa6110
GUIDED: _ZN2AP9generatorEv @ 0x605890
GUIDED: _ZNK12AP_Generator13pre_arm_checkEPch @ 0x6058d0
GUIDED: _ZNK12AP_Generator4typeEv @ 0x6059f0
GUIDED: _ZN12AP_Generator13get_singletonEv @ 0x605a50
GUIDED: _ZN2AP3canEv @ 0x605a90
GUIDED: _ZNK13AP_CANManager15get_num_driversEv @ 0xaa6150
GUIDED: _ZNK13AP_CANManager15get_driver_typeEh @ 0xaa61a0
GUIDED: _ZN12SRV_Channels18get_motor_functionEh @ 0xaa63a0
GUIDED: _ZN13AP_CANManager13get_singletonEv @ 0xaa6430
GUIDED: _ZNK10AP_Terrain14get_statisticsERtS0_ @ 0x606570
GUIDED: _ZNK10AP_Terrain10bitcount64Em @ 0x606760
GUIDED: _ZN12SRV_Channels11srv_channelEh @ 0xaa6490
GUIDED: _ZNK11SRV_Channel12get_functionEv @ 0xaa6510
GUIDED: _ZNK11SRV_Channel8get_trimEv @ 0xaa6570
GUIDED: _ZNK11SRV_Channel14get_output_minEv @ 0xaa65d0
GUIDED: _ZNK11SRV_Channel14get_output_maxEv @ 0xaa6620
GUIDED: _ZN12SRV_Channels25get_disabled_channel_maskEv @ 0xaa6680
GUIDED: _ZN11RangeFinder13get_singletonEv @ 0xaa66c0
GUIDED: _ZNK11RangeFinder14prearm_healthyEPch @ 0x6068d0
GUIDED: _ZNK9AP_Logger14logging_failedEv @ 0x606e80
GUIDED: _ZN9AP_Logger12CardInsertedEv @ 0x606f50
GUIDED: _ZN2AP7batteryEv @ 0x607000
GUIDED: _ZNK14AP_BattMonitor13arming_checksEmPc @ 0x607040
GUIDED: _ZNK14AP_BattMonitor15configured_typeEh @ 0xaa67b0
GUIDED: _ZNK14AP_BattMonitor14allocated_typeEh @ 0xaa6820
GUIDED: _ZNK22AP_BattMonitor_Backend13arming_checksEPcm @ 0x607240
GUIDED: _ZNK22AP_BattMonitor_Backend20check_failsafe_typesERbS0_S0_S0_ @ 0x607730
GUIDED: _Z11is_positiveI9AP_ParamTIfL11ap_var_type4EEEbT_ @ 0xaa6890
GUIDED: _ZNK9AP_ParamTIfL11ap_var_type4EEgtERKS1_ @ 0xaa6900
GUIDED: _ZL12update_checkmPcbPKc @ 0x607a30
GUIDED: _ZNK21AP_BattMonitor_Params23failsafe_voltage_sourceEv @ 0xaa6970
GUIDED: _ZNK22AP_BattMonitor_Backend24voltage_resting_estimateEv @ 0x607ad0
GUIDED: _ZL3MAXIffEDTqugtfp_fp0_fp_fp0_ERKT_RKT0_.18691 @ 0x607b40
GUIDED: _ZN14AP_BattMonitor13get_singletonEv @ 0xaa69d0
GUIDED: _ZNK7Compass14is_calibratingEv @ 0x607bc0
GUIDED: _ZNK7Compass27compass_cal_requires_rebootEv @ 0xaa6a10
GUIDED: _ZN7Compass10configuredEPch @ 0x607cf0
GUIDED: _ZNK7Compass11get_offsetsEv @ 0xaa6a70
GUIDED: _ZNK7Compass15get_offsets_maxEv @ 0xaa6ad0
GUIDED: _ZNK7Compass9get_fieldEv @ 0xaa6b30
GUIDED: _ZNK7Compass10consistentEv @ 0x607f80
GUIDED: _ZN7AP_AHRS11use_compassEv @ 0x608140
GUIDED: _ZN14AP_Declination18get_earth_field_gaERK8Location @ 0x608220
GUIDED: _ZNK7Vector3IfEmlEf @ 0xaa6b90
GUIDED: _ZL3MAXIffEDTqugtfp_fp0_fp_fp0_ERKT_RKT0_.11700 @ 0x6083a0
GUIDED: _ZN14AP_Declination16get_mag_field_efEffRfS0_S0_ @ 0x6084c0
GUIDED: _ZL7radiansf.2992 @ 0x608ac0
GUIDED: _Z15constrain_int32iii @ 0xaa6c30
GUIDED: _Z15constrain_valueIiET_S0_S0_S0_ @ 0xaa6ca0
GUIDED: _ZNK7NavEKF311use_compassEv @ 0x608ba0
GUIDED: _ZN11AP_AHRS_DCM11use_compassEv @ 0x608c30
GUIDED: _ZNK7AP_AHRS15get_fly_forwardEv @ 0xaa6d90
GUIDED: _ZNK11AP_AHRS_DCM8have_gpsEv @ 0x608de0
GUIDED: _ZL7degreesf.2106 @ 0x608e70
GUIDED: _Z8wrap_180IfET_S0_ @ 0xaa6eb0
GUIDED: _Z8wrap_360f @ 0x608ec0
GUIDED: _ZNK6AP_GPS13ground_courseEh @ 0xaa6f40
GUIDED: _ZNK6AP_GPS12ground_speedEh @ 0xaa6fb0
GUIDED: _ZNK7Compass9get_countEv @ 0xaa7020
GUIDED: _ZNK7Compass9get_fieldEh @ 0xaa7070
GUIDED: _ZNK7Vector2IfE7is_zeroEv @ 0xaa70f0
GUIDED: _ZNK7Vector3IfE5angleERKS0_ @ 0xaa7180
GUIDED: _ZL7radiansf.2689 @ 0x608fe0
GUIDED: _ZNK7Vector2IfE5angleERKS0_ @ 0xaa7290
GUIDED: _ZNK7Vector2IfE6lengthEv @ 0xaa73b0
GUIDED: _ZNK7Compass11get_offsetsEh @ 0xaa7410
GUIDED: _ZNK9AP_ParamVI7Vector3IfEL11ap_var_type5EEcvRKS1_Ev @ 0xaa7490
GUIDED: _ZNK14typesafe_indexIh12TAG_PriorityEltERKh @ 0xaa74e0
GUIDED: _ZN19RestrictIDTypeArrayIiLj3E14typesafe_indexIh12TAG_PriorityEEixERKS2_ @ 0xaa7550
GUIDED: _ZNK14typesafe_indexIh12TAG_PriorityEcvhEv @ 0xaa75d0
GUIDED: _ZNK14typesafe_indexIh12TAG_PriorityEplERKh @ 0xaa7620
GUIDED: _ZN19RestrictIDTypeArrayI9AP_ParamTIiL11ap_var_type3EELj3E14typesafe_indexIh12TAG_PriorityEEixERKS5_ @ 0xaa76a0
GUIDED: _ZN14typesafe_indexIh12TAG_PriorityEppEi @ 0xaa7720
GUIDED: _ZN7Compass10configuredEh @ 0x609030
GUIDED: _ZN19RestrictIDTypeArrayIN7Compass9mag_stateELj4E14typesafe_indexIh14TAG_StateIndexEEixERKS4_ @ 0xaa7790
GUIDED: _ZNK14typesafe_indexIh14TAG_StateIndexEeqERKh @ 0xaa7810
GUIDED: _ZN8AP_Param4loadEv @ 0x609240
GUIDED: _ZN8AP_Param7set_keyERNS_12Param_headerEt @ 0x609540
GUIDED: _ZN8AP_Param4scanEPKNS_12Param_headerEPt @ 0x6095d0
GUIDED: _ZN8AP_Param9type_sizeE11ap_var_type @ 0x609760
GUIDED: _ZNK13StorageAccess4sizeEv @ 0xaa7880
GUIDED: _ZN8AP_Param7get_keyERKNS_12Param_headerE @ 0x609800
GUIDED: _ZN8AP_Param11is_sentinalERKNS_12Param_headerE @ 0x609870
GUIDED: _ZNK19RestrictIDTypeArrayIP17CompassCalibratorLj3E14typesafe_indexIh12TAG_PriorityEEixERKS4_ @ 0xaa78d0
GUIDED: _ZN11AP_Airspeed13get_singletonEv @ 0xaa7950
GUIDED: _ZNK11AP_Airspeed13arming_checksEmPc @ 0x6099c0
GUIDED: _ZNK11AP_Airspeed7enabledEh @ 0x609bb0
GUIDED: _ZNK11AP_Airspeed3useEh @ 0x609c70
GUIDED: _ZNK11AP_Airspeed7healthyEh @ 0x609da0
GUIDED: _ZNK11AP_Airspeed11lib_enabledEv @ 0x609f20
GUIDED: _ZNK11RC_Channels19has_had_rc_receiverEv @ 0xaa79e0
GUIDED: _ZN2AP5winchEv @ 0x60a000
GUIDED: _ZNK8AP_Winch13pre_arm_checkEPch @ 0x60a040
GUIDED: _ZN8AP_Winch13get_singletonEv @ 0x60a1a0
GUIDED: _ZNK16AP_OAPathPlanner13pre_arm_checkEPch @ 0x60a1e0
GUIDED: _ZN18AC_AttitudeControl16get_angle_roll_pEv @ 0xaa7aa0
GUIDED: _ZN4AC_P2kPEv @ 0xaa7af0
GUIDED: _ZN18AC_AttitudeControl17get_angle_pitch_pEv @ 0xaa7b40
GUIDED: _ZNK11RangeFinder15has_orientationE8Rotation @ 0x60a380
GUIDED: _ZN13AC_PosControl14pre_arm_checksEPKcPch @ 0x60a520
GUIDED: _ZN18AC_AttitudeControl14pre_arm_checksEPKcPch @ 0x60a790
GUIDED: _ZN18AC_AttitudeControl15get_angle_yaw_pEv @ 0xaa7b90
GUIDED: _ZN6AC_PID2ffEv @ 0xaa7be0
GUIDED: _ZN6AC_PID2kPEv @ 0xaa7c30
GUIDED: _Z11is_negativeI9AP_ParamTIfL11ap_var_type4EEEbT_ @ 0xaa7c80
GUIDED: _ZN6AC_PID2kIEv @ 0xaa7cf0
GUIDED: _ZN6AC_PID2kDEv @ 0xaa7d40
GUIDED: _ZN13AC_PosControl12get_pos_NE_pEv @ 0xaa7d90
GUIDED: _ZN7AC_P_2D2kPEv @ 0xaa7de0
GUIDED: _ZN13AC_PosControl11get_pos_U_pEv @ 0xaa7e30
GUIDED: _ZN7AC_P_1D2kPEv @ 0xaa7e80
GUIDED: _ZN13AC_PosControl13get_vel_U_pidEv @ 0xaa7ed0
GUIDED: _ZN12AC_PID_Basic2kPEv @ 0xaa7f20
GUIDED: _ZN13AC_PosControl15get_accel_U_pidEv @ 0xaa7f70
GUIDED: _ZNK11RangeFinder13find_instanceE8Rotation @ 0x60ac70
GUIDED: _ZNK11RangeFinder11get_backendEh @ 0x60adc0
GUIDED: _ZNK9AP_Arming26send_arm_disarm_statustextEPKc @ 0x60b050
GUIDED: _ZN6Copter17set_land_completeEb @ 0x60b2d0
GUIDED: _ZN6Copter23set_land_complete_maybeEb @ 0x60b490
GUIDED: _ZN9AP_Motors5armedEb @ 0x60b530
GUIDED: _ZN9AP_Logger17set_vehicle_armedEb @ 0x60b680
GUIDED: _ZN9AP_Logger11Write_EventE8LogEvent @ 0x60b970
GUIDED: _ZN9AP_Logger18WriteCriticalBlockEPKvt @ 0x60ba00
GUIDED: _ZN2AP5statsEv @ 0x60bab0
GUIDED: _ZN8AP_Stats10set_flyingEb @ 0x60baf0
GUIDED: _ZN10AP_Vehicle17set_likely_flyingEb @ 0xaa80e0
GUIDED: _ZN8AP_Stats17update_flighttimeEv @ 0x60bbc0
GUIDED: _ZN8AP_Stats14update_runtimeEv @ 0x60bc90
GUIDED: _ZN8AP_Stats5flushEv @ 0x60bd30
GUIDED: _ZN13AP_ParamTBaseIiL11ap_var_type3EE22set_and_save_ifchangedERKi @ 0xaa8170
GUIDED: _ZN8AP_Stats13get_singletonEv @ 0xaa8200
GUIDED: _ZNK14AP_DAL_Compass9availableEv @ 0xaa8240
GUIDED: _ZNK14AP_DAL_Compass7healthyEh @ 0xaa82a0
GUIDED: _ZNK14AP_DAL_Compass11get_offsetsEh @ 0xaa8310
GUIDED: _ZNK7Vector3IdE7tofloatEv @ 0xaa8380
GUIDED: _ZNK7Vector3IdEmlEd @ 0xaa8400
GUIDED: _ZNK9AP_Arming14option_enabledENS_6OptionE @ 0xaa84a0
GUIDED: _ZNK9AP_Arming22get_rudder_arming_typeEv @ 0xaa8520
GUIDED: _ZN8AC_Fence12clear_breachEh @ 0x60ccd0
GUIDED: _ZNK9AP_Arming8is_armedEv @ 0x60cd40
GUIDED: _ZNK9AP_Arming15arming_requiredEv @ 0x60cdc0
GUIDED: _ZNK14AP_OpenDroneID7enabledEv @ 0xaa8690
GUIDED: _ZNK7AP_EnumIN9AP_Arming8RequiredEEcvKS1_Ev @ 0xaa8700
GUIDED: _ZN9AP_Arming3armENS_6MethodEb @ 0x60ce90
GUIDED: _ZN6Copter16failsafe_disableEv @ 0x60d110
GUIDED: _ZN2AP6notifyEv @ 0x60d160
GUIDED: _ZN9AP_Notify6updateEv @ 0x60d1a0
GUIDED: _ZN6Copter19init_simple_bearingEv @ 0x60d260
GUIDED: _ZNK7AP_AHRS11get_yaw_radEv @ 0xaa8750
GUIDED: _ZNK7AP_AHRS14home_is_lockedEv @ 0xaa87a0
GUIDED: _ZN6Copter28set_home_to_current_locationEb @ 0x60d4c0
GUIDED: _ZN6Copter27update_super_simple_bearingEb @ 0x60d5b0
GUIDED: _ZN11AP_SmartRTL8set_homeEb @ 0x60d6d0
GUIDED: _ZN10AC_Sprayer9test_pumpEb @ 0xaa8800
GUIDED: _ZN9AP_Logger10Write_ModeEh10ModeReason @ 0x60d780
GUIDED: _ZN6Copter15failsafe_enableEv @ 0x60d830
GUIDED: _ZN2AP8PerfInfo16ignore_this_loopEv @ 0x60d890
GUIDED: _ZN17AP_Logger_Backend10Write_ModeEh10ModeReason @ 0x60d8e0
GUIDED: _ZNK7AP_AHRS38get_relative_position_NED_origin_floatER7Vector3IfE @ 0x60d990
GUIDED: _ZN11AP_SmartRTL8set_homeEbRK7Vector3IfE @ 0x60da50
GUIDED: _ZN11AP_SmartRTL20reset_simplificationEv @ 0x60db30
GUIDED: _ZN11AP_SmartRTL13reset_pruningEv @ 0x60db90
GUIDED: _ZN11AP_SmartRTL9add_pointERK7Vector3IfE @ 0x60dc00
GUIDED: _ZN7HALSITL9Semaphore16take_nonblockingEv @ 0x60ddc0
GUIDED: _ZNK11AP_SmartRTL10log_actionENS_6ActionERK7Vector3IfE @ 0x60de50
GUIDED: _ZNK7Vector3IfE16distance_squaredERKS0_ @ 0xaa8870
GUIDED: _ZL2sqf.12922 @ 0x60df10
GUIDED: _ZN7HALSITL9Semaphore4giveEv @ 0x60df60
GUIDED: _ZN9AP_Logger10Write_SRTLEbtthRK7Vector3IfE @ 0x60e010
GUIDED: _ZN9AP_Logger10WriteBlockEPKvt @ 0x60e130
GUIDED: _ZN17AP_Logger_Backend10WriteBlockEPKvt @ 0xaa8930
GUIDED: _ZN11AP_SmartRTL15restart_pruningEt @ 0x60e1e0
GUIDED: _ZN11AP_SmartRTL22restart_simplificationEt @ 0x60e290
GUIDED: _ZN7BitmaskILt500EE6setallEv @ 0xaa89c0
GUIDED: _ZNK7AP_AHRS32get_relative_position_NED_originER7Vector3IdE @ 0x60e320
GUIDED: _ZN7Vector2IdEC2Ev @ 0xaa8a70
GUIDED: _ZNK7NavEKF38getPosNEER7Vector2IdE @ 0x60e5c0
GUIDED: _ZNK11AP_AHRS_SIM12get_locationER8Location @ 0x60e8f0
GUIDED: _ZNK8Location23get_distance_NE_postypeERKS_ @ 0x60e9e0
GUIDED: _ZN7Vector2IdEC2Edd @ 0xaa8ad0
GUIDED: _ZNK12NavEKF3_core8getPosNEER7Vector2IdE @ 0x60ead0
GUIDED: _ZNK7Vector3IdE2xyEv @ 0xaa8b50
GUIDED: _ZNK7Vector2IdE8todoubleEv @ 0xaa8ba0
GUIDED: _ZNK7Vector2IdEplERKS0_ @ 0xaa8c00
GUIDED: _ZNK10AP_DAL_GPS6statusEh @ 0xaa8c90
GUIDED: _ZNK10AP_DAL_GPS8locationEh @ 0xaa8d00
GUIDED: _ZN7Vector2IdE4zeroEv @ 0xaa8d70
GUIDED: _ZNK10AP_DAL_GPS14primary_sensorEv @ 0xaa8dd0
GUIDED: _ZN6AP_DAL10log_event2ENS_5EventE @ 0x60f420
GUIDED: _ZNK7AP_Baro15get_temperatureEh @ 0xaa9090
GUIDED: _ZN6AP_DAL9end_frameEv @ 0x60fcd0
GUIDED: _ZN6AP_DAL15WriteLogMessageE11LogMessagesPvPKvh @ 0x60fd50
GUIDED: _ZN9AP_Logger16WriteReplayBlockEhPKvt @ 0x60fe70
GUIDED: _ZNK9AP_Logger10log_replayEv @ 0xaa9100
GUIDED: _ZN6AP_DAL10log_event3ENS_5EventE @ 0x610010
GUIDED: _ZNK7AP_AHRS7cos_yawEv @ 0xaa9160
GUIDED: _ZNK7AP_AHRS7sin_yawEv @ 0xaa91b0
GUIDED: _Z11wrap_360_cdi @ 0x610200
GUIDED: _ZN6Copter10should_logEj @ 0x610270
GUIDED: _ZN6Copter14Log_Write_DataE9LogDataIDi @ 0x6102e0
GUIDED: _ZNK9AP_Logger10should_logEj @ 0x6103a0
GUIDED: _ZN9AP_Notify13get_singletonEv @ 0xaa9200
GUIDED: _ZN9AP_Arming13Log_Write_ArmEbNS_6MethodE @ 0x6104a0
GUIDED: _ZN10AP_GyroFFT18prepare_for_armingEv @ 0x610580
GUIDED: _ZN10AP_Terrain22set_reference_locationEv @ 0x6105e0
GUIDED: _ZN8AC_Fence27auto_enable_fence_on_armingEv @ 0x610710
GUIDED: _ZNK7AP_AHRS16get_velocity_NEDER7Vector3IfE @ 0x6107b0
GUIDED: _ZN10AP_Terrain23update_reference_offsetEv @ 0x610830
GUIDED: _ZNK9AP_ParamTIfL11ap_var_type4EEngEv @ 0xaa92a0
GUIDED: _ZN10AP_Terrain11height_amslERK8LocationRfb @ 0x610a70
GUIDED: _ZNK8Location10get_alt_cmENS_8AltFrameERi @ 0x610eb0
GUIDED: _ZNK8Location13get_alt_frameEv @ 0x6111f0
GUIDED: _ZNK7AP_AHRS10get_originER8Location @ 0x6112d0
GUIDED: _ZN10AP_Terrain8allocateEv @ 0x611350
GUIDED: _ZNK10AP_Terrain19calculate_grid_infoERK8LocationRNS_9grid_infoE @ 0x611470
GUIDED: _ZN10AP_Terrain15find_grid_cacheERKNS_9grid_infoE @ 0x6118e0
GUIDED: _ZN10AP_Terrain12check_bitmapERKNS_10grid_blockEhh @ 0x611bf0
GUIDED: _ZN10AP_Terrain11grid_bitnumEhh @ 0x611cb0
GUIDED: _ZNK9AP_Arming18get_enabled_checksEv @ 0x611d40
GUIDED: _ZN7HALSITL9Semaphore4takeEj @ 0x611ea0
GUIDED: _ZN6AP_HAL9Semaphore13take_blockingEv @ 0xaa9a70
GUIDED: _ZN4SITL6AS56006updateERKNS_8AircraftE @ 0x6133c0
GUIDED: _ZN4SITL17I2CRegisters_8Bit25rdwr_store_register_valueEhh @ 0xaaa890
GUIDED: _ZN4SITL17I2CRegisters_8Bit4rdwrERPNS_3I2C19i2c_rdwr_ioctl_dataE @ 0x6134b0
GUIDED: _ZNK4SITL8Aircraft12get_attitudeER11QuaternionTIfE @ 0xaaa910
GUIDED: _ZL7degreesf.21016 @ 0x613790
GUIDED: _ZN4SITL17I2CRegisters_8Bit12set_registerEhh @ 0x6137f0
GUIDED: _ZN7BitmaskILt256EE8clearallEv @ 0xaaaa50
GUIDED: _ZN4SITL9I2CDevice6updateERKNS_8AircraftE @ 0xaaab00
GUIDED: _ZN4SITL13TeraRangerI2C6updateERKNS_8AircraftE @ 0xaaaca0
GUIDED: _ZNK4SITL8Aircraft17rangefinder_rangeEv @ 0x613eb0
GUIDED: _ZL7radiansf.16135 @ 0x614390
GUIDED: _Z10rand_floatv @ 0x6143f0
GUIDED: _ZN4SITL7INA32216updateERKNS_8AircraftE @ 0x6146d0
GUIDED: _ZL15convert_voltagef @ 0x614b50
GUIDED: _ZL15convert_currentf @ 0x614c20
GUIDED: _ZN4SITL8QMC5883L6updateERKNS_8AircraftE @ 0x614e80
GUIDED: _ZN7Vector3IfE14rotate_inverseE8Rotation @ 0xaaad10
GUIDED: _ZL7htole16t.15260 @ 0x615290
GUIDED: _ZN7Vector3IsEC2Esss @ 0xaaaec0
GUIDED: _ZN4SITL10IS31FL31956updateERKNS_8AircraftE @ 0x615500
GUIDED: _ZN4SITL10IS31FL31954rdwrERPNS_3I2C19i2c_rdwr_ioctl_dataE @ 0x615630
GUIDED: _ZN4SITL10IS31FL319525rdwr_store_register_valueEhh @ 0x6156a0
GUIDED: _ZThn8_N4SITL10IS31FL319525rdwr_store_register_valueEhh @ 0x6157c0
GUIDED: _ZN4SITL17I2CRegisters_8Bit12get_registerEh @ 0xaab060
GUIDED: _ZN10SIM_RGBLED11set_coloursEhhh @ 0xaab0c0
GUIDED: _ZN4SITL6LM27556updateERKNS_8AircraftE @ 0x6161e0
GUIDED: _ZNK4SITL6LM275510LEDChannel13current_valueEv @ 0xaab2d0
GUIDED: _ZN4SITL6LP55626updateERKNS_8AircraftE @ 0x616790
GUIDED: _ZN4SITL6LP55624rdwrERPNS_3I2C19i2c_rdwr_ioctl_dataE @ 0xaab470
GUIDED: _ZN4SITL6LP556210LEDChannel6updateEv @ 0x616aa0
GUIDED: _ZNK4SITL6LP556210LEDChannel13current_valueEv @ 0xaab550
GUIDED: _ZN4SITL6MS5XXX6updateERKNS_8AircraftE @ 0x616b80
GUIDED: _ZN7AP_Baro37get_pressure_temperature_for_alt_amslEfRfS0_ @ 0x617b30
GUIDED: _ZN7AP_Baro29geometric_alt_to_geopotentialEf @ 0x617d10
GUIDED: _ZL33find_atmosphere_layer_by_altitudef @ 0x617d70
GUIDED: _ZN7AP_Baro33get_temperature_by_altitude_layerEfa @ 0x617e20
GUIDED: _ZN7AP_Baro29get_temperatureC_for_alt_amslEf @ 0x6189a0
GUIDED: _ZN4SITL12InvensenseV36updateERKNS_8AircraftE @ 0x618a10
GUIDED: _ZNK4SITL8ICM4060911accel_scaleEv @ 0xaabaa0
GUIDED: _ZL7radiansd.14702 @ 0x6194d0
GUIDED: _ZNK4SITL12InvensenseV310gyro_scaleEv @ 0xaabaf0
GUIDED: _ZN4SITL12InvensenseV313write_to_fifoEhPhh @ 0x619520
GUIDED: _ZN4SITL7MCP96006updateERKNS_8AircraftE @ 0x619a80
GUIDED: _ZL7htobe16t.14606 @ 0x61a050
GUIDED: _ZL10__bswap_16t.14608 @ 0x61a0a0
GUIDED: _ZNK4SITL31I2CRegisters_ConfigurableLength13get_reg_valueEhRh @ 0x61a110
GUIDED: _ZN4SITL6TSYS036updateERKNS_8AircraftE @ 0x61a560
GUIDED: _ZN4SITL6TSYS016updateERKNS_8AircraftE @ 0x61afb0
GUIDED: _ZN4SITL5SHT3x6updateERKNS_8AircraftE @ 0x61bbe0
GUIDED: _ZN4SITL13Airspeed_DLVR6updateERKNS_8AircraftE @ 0x61c460
GUIDED: _ZN4SITL29SIM_BattMonitor_SMBus_Generic6updateERKNS_8AircraftE @ 0x61cf40
GUIDED: _ZNK4SITL29SIM_BattMonitor_SMBus_Generic15connected_cellsEv @ 0xaac3e0
GUIDED: _ZN4SITL21SIM_BattMonitor_SMBus6updateERKNS_8AircraftE @ 0x61d7a0
GUIDED: _ZNK4SITL8Aircraft19get_battery_voltageEv @ 0xaac430
GUIDED: _ZN4SITL11SMBusDevice12set_registerEht @ 0xaac480
GUIDED: _ZN4SITL18I2CRegisters_16Bit12set_registerEht @ 0x61d8b0
GUIDED: _ZN4SITL11SMBusDevice12set_registerEhs @ 0xaac500
GUIDED: _ZN4SITL18I2CRegisters_16Bit12set_registerEhs @ 0x61d960
GUIDED: _ZN4SITL6Rotoye6updateERKNS_8AircraftE @ 0x61dc00
GUIDED: _ZN4SITL11SMBusDevice13get_reg_valueEh @ 0xaac7b0
GUIDED: _ZN4SITL18I2CRegisters_16Bit13get_reg_valueEh @ 0xaac820
GUIDED: _ZL7be16toht.21067 @ 0x61dcd0
GUIDED: _ZL10__bswap_16t.21068 @ 0x61dd20
GUIDED: _ZNK4SITL6Maxell15connected_cellsEv @ 0xaac8e0
GUIDED: _ZN4SITL13MaxSonarI2CXL6updateERKNS_8AircraftE @ 0xaaca20
GUIDED: _ZN4SITL10ToshibaLED6updateERKNS_8AircraftE @ 0x61dfe0
GUIDED: _ZN4SITL10ToshibaLED4rdwrERPNS_3I2C19i2c_rdwr_ioctl_dataE @ 0xaace30
GUIDED: _ZNK6AP_HAL3HAL6serialEh @ 0xaad460
GUIDED: _ZL14fill_stack_nanv @ 0x61eaa0
GUIDED: _ZN7HALSITL9Scheduler13_run_io_procsEv @ 0x61ee20
GUIDED: _ZNK7FunctorIvJEEcvbEv @ 0xaad570
GUIDED: _ZNK7FunctorIvJEEclEv @ 0xaad5d0
GUIDED: _ZN7HALSITL16I2CDeviceManager11_timer_tickEv @ 0x61f030
GUIDED: _ZN2AP2RCEv @ 0x61f0d0
GUIDED: _ZN13AP_RCProtocol6updateEv @ 0x61f180
GUIDED: _ZN13AP_RCProtocol16check_added_uartEv @ 0x61f1d0
GUIDED: _ZNK13AP_RCProtocol13should_searchEj @ 0x61f440
GUIDED: _ZN21AP_RCProtocol_Backend9new_inputEv @ 0x61fc00
GUIDED: _ZNK17AP_RCProtocol_FDM6activeEv @ 0xaad870
GUIDED: _ZN6I2CBus11_timer_tickEv @ 0x61fe10
GUIDED: _ZN9AP_Logger6WriteVEPKcS1_S1_S1_S1_P13__va_list_tagbb @ 0x61ff40
GUIDED: _ZN9AP_Logger16msg_fmt_for_nameEPKcS1_S1_S1_S1_bb @ 0x620140
GUIDED: _ZN17AP_Logger_Backend5WriteEhP13__va_list_tagbb @ 0x620a30
GUIDED: _ZNK9AP_Logger24assert_same_fmt_for_nameEPKNS_13log_write_fmtEPKcS4_S4_S4_S4_ @ 0x6215b0
GUIDED: _ZNK9AP_Logger18find_free_msg_typeEv @ 0x621a60
GUIDED: _ZNK9AP_Logger18Write_calc_msg_lenEPKc @ 0x621b10
GUIDED: _ZL3MINImmEDTqultfp_fp0_fp_fp0_ERKT_RKT0_.6325 @ 0x621da0
GUIDED: _ZN9AP_Logger18validate_structureEPK12LogStructures @ 0x621e20
GUIDED: _ZN3GCS14update_receiveEv @ 0x622920
GUIDED: _ZN3GCS11update_sendEv @ 0x6229d0
GUIDED: _ZN19MissionItemProtocol6updateEv @ 0x622d10
GUIDED: _ZN11GCS_MAVLINK11update_sendEv @ 0x622ee0
GUIDED: _ZN3GCS18service_statustextEv @ 0x6232c0
GUIDED: _ZN3GCS15StatusTextQueue9semaphoreEv @ 0xaadad0
GUIDED: _ZNK11ObjectArrayIN3GCS12statustext_tEE8is_emptyEv @ 0xaadb20
GUIDED: _ZN11GCS_MAVLINK18service_statustextEv @ 0x623430
GUIDED: _ZN3GCS15StatusTextQueue5pruneEv @ 0x623670
GUIDED: _ZNK11ObjectArrayIN3GCS12statustext_tEE9availableEv @ 0xaadb80
GUIDED: _ZN11ObjectArrayIN3GCS12statustext_tEEixEt @ 0xaadbd0
GUIDED: _ZN11ObjectArrayIN3GCS12statustext_tEE6removeEt @ 0xaadc70
GUIDED: _ZN3GCS16statustext_queueEv @ 0xaade70
GUIDED: _Z14comm_chan_lock17mavlink_channel_t @ 0x6237a0
GUIDED: _ZL27mavlink_msg_statustext_send17mavlink_channel_thPKcth @ 0x623800
GUIDED: _ZL16mav_array_memcpyPvPKvm.6783 @ 0x6238e0
GUIDED: _ZN9AP_Logger15handle_log_sendEv @ 0x623980
GUIDED: _ZN22GCS_MAVLINK_InProgress11check_tasksEv @ 0x624050
GUIDED: _ZNK3GCS11out_of_timeEv @ 0x624240
GUIDED: _ZN11GCS_MAVLINK30deferred_message_to_send_indexEt @ 0x624320
GUIDED: _ZN11GCS_MAVLINK19do_try_send_messageE10ap_message @ 0x624500
GUIDED: _ZNK7BitmaskILt91EE9first_setEv @ 0xaadec0
GUIDED: _ZN7BitmaskILt91EE5clearEt @ 0xaadf90
GUIDED: _ZN11GCS_MAVLINK36next_deferred_bucket_message_to_sendEt @ 0x624630
GUIDED: _ZNK7BitmaskILt91EE5countEv @ 0xaae050
GUIDED: _ZNK11GCS_MAVLINK26get_reschedule_interval_msERKNS_25deferred_message_bucket_tE @ 0x624760
GUIDED: _ZN11GCS_MAVLINK24find_next_bucket_to_sendEt @ 0x624860
GUIDED: _ZN7BitmaskILt91EEaSERKS0_ @ 0xaae120
GUIDED: _ZNK11GCS_MAVLINK24requesting_mission_itemsEv @ 0x624a30
GUIDED: _ZN7GCS_FTP16get_last_send_msE17mavlink_channel_t @ 0x624b20
GUIDED: _ZNK7BitmaskILt91EE8validateEt @ 0xaae260
GUIDED: _ZNK11GCS_MAVLINK17telemetry_delayedEv @ 0x624cc0
GUIDED: _ZNK3GCS11telem_delayEv @ 0xaae2f0
GUIDED: _ZN14AP_BoardConfig15in_config_errorEv @ 0xaae350
GUIDED: _ZNK12AP_Scheduler19time_available_usecEv @ 0x624d90
GUIDED: _ZN2AP2FSEv @ 0x625010
GUIDED: _ZN19AP_Filesystem_Posix4openEPKcib @ 0x6250b0
GUIDED: _ZN19AP_Filesystem_Posix5closeEi @ 0x625240
GUIDED: _ZN19AP_Filesystem_Posix5writeEiPKvj @ 0x6253b0
GUIDED: _ZN19AP_Filesystem_Posix5fsyncEi @ 0x625480
GUIDED: _ZN19AP_Filesystem_Posix5lseekEiii @ 0x625520
GUIDED: _ZN19AP_Filesystem_Posix4statEPKcP4stat @ 0x6255f0
GUIDED: _ZN19AP_Filesystem_Posix5mkdirEPKc @ 0x6257b0
GUIDED: _ZN21AP_Filesystem_Backend17bytes_until_fsyncEi @ 0xaae390
GUIDED: _ZN19AP_Filesystem_Posix9disk_freeEPKc @ 0x625ba0
GUIDED: _ZN19AP_Filesystem_Posix10disk_spaceEPKc @ 0x625cb0
GUIDED: _ZN21AP_Filesystem_Backend9load_fileEPKc @ 0x625ee0
GUIDED: _ZNK21AP_Filesystem_Backend15file_op_allowedEv @ 0x6262d0
GUIDED: _ZL12map_filenamePKc @ 0x626370
GUIDED: _ZL17map_filename_freePKc @ 0x626410
GUIDED: _Z16comm_get_txspace17mavlink_channel_t @ 0x626560
GUIDED: _ZL28mavlink_msg_command_ack_send17mavlink_channel_tthhihh.6806 @ 0x6265f0
GUIDED: _ZN13AP_Filesystem4statEPKcP4stat @ 0x6266e0
GUIDED: _ZN11GCS_MAVLINK23set_ap_message_intervalE10ap_messaget @ 0x626a60
GUIDED: _ZNK11GCS_MAVLINK20cap_message_intervalEt @ 0x626e80
GUIDED: _ZNK11GCS_MAVLINK26get_deferred_message_indexE10ap_message @ 0x626f50
GUIDED: _ZNK7BitmaskILt91EE3getEt @ 0xaae5d0
GUIDED: _ZN7BitmaskILt91EE3setEt @ 0xaae6a0
GUIDED: _ZN12AP_Scheduler18get_loop_period_usEv @ 0xaae760
GUIDED: _ZdaPv @ 0x627240
GUIDED: _ZN13AP_Filesystem4openEPKcib @ 0x6272a0
GUIDED: _ZN13AP_Filesystem5closeEi @ 0x627750
GUIDED: _ZNK13AP_Filesystem13backend_by_fdERi @ 0x6277d0
GUIDED: _ZNK13AP_Filesystem15backend_by_pathERPKc @ 0x6278a0
GUIDED: _ZnamRKSt9nothrow_t @ 0x627b10
GUIDED: _ZN11GCS_MAVLINK39initialise_message_intervals_for_streamENS_7streamsE @ 0x627b90
GUIDED: _ZNK11GCS_MAVLINK23get_interval_for_streamENS_7streamsE @ 0x627d90
GUIDED: _ZNK11GCS_MAVLINK8get_chanEv @ 0xaae800
GUIDED: _ZN11GCS_MAVLINK12send_messageE10ap_message @ 0x628840
GUIDED: _ZN11GCS_MAVLINK22save_signing_timestampEb @ 0x628950
GUIDED: _ZNK11GCS_MAVLINK12is_streamingEv @ 0xaae8f0
GUIDED: _ZN11GCS_MAVLINK16signing_key_loadER10SigningKey @ 0x628a80
GUIDED: _ZNK13StorageAccess11write_blockEtPKvm @ 0x628be0
GUIDED: _ZN8AC_Fence9polyfenceEv @ 0x6299e0
GUIDED: _ZN35LoggerMessageWriter_Write_Polyfence5resetEv @ 0x62ad70
GUIDED: _ZN19LoggerMessageWriter5resetEv @ 0x62ade0
GUIDED: _ZNK13StorageAccess10write_byteEth @ 0x62b510
GUIDED: _Z9check_lati @ 0x62b610
GUIDED: _Z9check_lngi @ 0x62b680
GUIDED: _ZN19AC_PolyFence_loader13check_indexedEv @ 0x62b6f0
GUIDED: _ZNK19AC_PolyFence_loader16num_stored_itemsEv @ 0xaaf050
GUIDED: _ZN39LoggerMessageWriter_WriteAllRallyPoints5resetEv @ 0x62c760
GUIDED: _ZNK8AP_Rally15get_rally_totalEv @ 0xaaf3b0
GUIDED: _ZN38LoggerMessageWriter_WriteEntireMission5resetEv @ 0x62d7d0
GUIDED: _ZN10AP_Mission21write_home_to_storageEv @ 0x62f1d0
GUIDED: _ZN10AP_Mission20write_cmd_to_storageEtRKNS_15Mission_CommandE @ 0x62f2d0
GUIDED: _ZNK10AP_Mission16num_commands_maxEv @ 0xaaf600
GUIDED: _ZNK13StorageAccess12write_uint16Ett @ 0x62f650
GUIDED: _Z11is_negativeIfEbT_ @ 0xaaf650
GUIDED: _ZN10AP_Mission26mission_cmd_to_mavlink_intERKNS_15Mission_CommandER28__mavlink_mission_item_int_t @ 0x62fb80
GUIDED: _ZN11GCS_MAVLINK14update_receiveEj @ 0x631270
GUIDED: _ZN3GCS15update_passthruEv @ 0x631740
GUIDED: _ZN16AP_SerialManager12get_passthruERPN6AP_HAL10UARTDriverES3_RhRjS5_ @ 0x631c70
GUIDED: _ZN6AP_HAL10UARTDriver11read_lockedEPhmj @ 0x6326f0
GUIDED: _ZNK11GCS_MAVLINK6lockedEv @ 0xaaf990
GUIDED: _ZNK7FunctorIbJhPN6AP_HAL10UARTDriverEEEcvbEv @ 0xaaf9f0
GUIDED: _ZN11GCS_MAVLINK14channel_bufferEv @ 0xaafad0
GUIDED: mavlink_frame_char_buffer @ 0x632dd0
GUIDED: _ZN12AP_Scripting14handle_messageERK17__mavlink_message17mavlink_channel_t @ 0x633670
GUIDED: _ZN11GCS_MAVLINK13send_timesyncEv @ 0x633860
GUIDED: _ZN11GCS_MAVLINK17log_mavlink_statsEv @ 0x6338d0
GUIDED: _ZNK11GCS_MAVLINK15signing_enabledEv @ 0x633a50
GUIDED: _ZNK11GCS_MAVLINK21timesync_timestamp_nsEv @ 0x633af0
GUIDED: _ZL25mavlink_msg_timesync_send17mavlink_channel_tll @ 0x633b50
GUIDED: mavlink_start_checksum @ 0x633bf0
GUIDED: mavlink_update_checksum @ 0x633c50
GUIDED: _ZL12count_commasPKc @ 0x634120
GUIDED: _ZNK9AP_Logger21labels_string_is_goodEPKc @ 0x6341c0
GUIDED: _ZNK9AP_Logger15msg_type_in_useEh @ 0x634590
GUIDED: _Z9fill_nanfPft @ 0x634690
GUIDED: _ZN10ByteBuffer7advanceEj @ 0x637720
GUIDED: _ZN5Empty11OpticalFlow9push_gyroEfff @ 0xab09a0
GUIDED: _ZN5Empty11OpticalFlow14push_gyro_biasEff @ 0xab0a10
GUIDED: _ZN6AP_HAL4Util14set_soft_armedEb @ 0x638240
GUIDED: _ZNK7HALSITL4Util18was_watchdog_resetEv @ 0xab0ce0
GUIDED: _ZN7HALSITL4Util19safety_switch_stateEv @ 0x6383d0
GUIDED: _ZN7HALSITL4Util13get_system_idEPc @ 0x6384c0
GUIDED: _ZN7HALSITL4Util25get_system_id_unformattedEPhRh @ 0x638540
GUIDED: _ZN7HALSITL4Util16available_memoryEv @ 0xab11d0
GUIDED: _ZN6AP_HAL4Util11thread_infoER15ExpandingString @ 0xab1290
GUIDED: _ZN6AP_HAL4Util8dma_infoER15ExpandingString @ 0xab12f0
GUIDED: _ZN6AP_HAL4Util8mem_infoER15ExpandingString @ 0xab1350
GUIDED: _ZN7HALSITL4Util9uart_infoER15ExpandingString @ 0x638860
GUIDED: _ZN7HALSITL4Util8uart_logEv @ 0x6389b0
GUIDED: _ZN6AP_HAL4Util10timer_infoER15ExpandingString @ 0xab1490
GUIDED: _ZN6AP_HAL4Util14log_stack_infoEv @ 0xab1570
GUIDED: _ZN6AP_HAL10UARTDriver9log_statsEhRNS0_12StatsTrackerEj @ 0x638b80
GUIDED: _ZN6AP_HAL10UARTDriver12StatsTracker11ByteTracker6updateEj @ 0x638d20
GUIDED: _ZNK7HALSITL10SITL_State12get_instanceEv @ 0xab15c0
GUIDED: _ZN7HALSITL8RCOutput20_safety_switch_stateEv @ 0xab1610
GUIDED: _ZNK7HALSITL9Semaphore11check_ownerEv @ 0x63a2e0
GUIDED: _ZN7HALSITL9I2CDevice8transferEPKhjPhj @ 0x63a8f0
GUIDED: _ZN7HALSITL9I2CDevice9_transferEPKhjPhj @ 0x63acf0
GUIDED: _ZN6I2CBus5ioctlEhPv @ 0xab34f0
GUIDED: _ZN6I2CBus6_ioctlEhPv @ 0x63afc0
GUIDED: _ZN4SITL3SIM9i2c_ioctlEhPv @ 0xab3570
GUIDED: _ZN4SITL3I2C5ioctlEhPv @ 0x63b040
GUIDED: _ZN4SITL3I2C10ioctl_rdwrEPNS0_19i2c_rdwr_ioctl_dataE @ 0x63b0d0
GUIDED: _ZN6AP_HAL10UARTDriver5writeEPKhm @ 0x63b250
GUIDED: _ZN6AP_HAL10UARTDriver9availableEv @ 0x63b390
GUIDED: _ZN6AP_HAL10UARTDriver4readEv @ 0x63b410
GUIDED: _ZN6AP_HAL10UARTDriver4readERh @ 0x63b490
GUIDED: _ZN6AP_HAL10UARTDriver4readEPht @ 0x63b590
GUIDED: _ZN7HALSITL10UARTDriver7txspaceEv @ 0x63b600
GUIDED: _ZN7HALSITL10UARTDriver11_timer_tickEv @ 0x63b980
GUIDED: _ZN7HALSITL10UARTDriver26receive_time_constraint_usEt @ 0x63b9e0
GUIDED: _ZN7HALSITL10UARTDriver9uart_infoER15ExpandingStringRN6AP_HAL10UARTDriver12StatsTrackerEj @ 0x63bba0
GUIDED: _ZN7HALSITL10UARTDriver6_writeEPKhm @ 0x63c6b0
GUIDED: _ZN7HALSITL10UARTDriver5_readEPht @ 0x63c880
GUIDED: _ZN7HALSITL10UARTDriver10_availableEv @ 0x63ca70
GUIDED: _ZNK7HALSITL10UARTDriver18get_total_tx_bytesEv @ 0xab3da0
GUIDED: _ZNK7HALSITL10UARTDriver18get_total_rx_bytesEv @ 0xab3df0
GUIDED: _ZNK6AP_HAL10UARTDriver26get_total_dropped_rx_bytesEv @ 0xab3e40
GUIDED: _ZN7HALSITL10UARTDriver17_check_connectionEv @ 0x63cb60
GUIDED: _ZN7HALSITL10UARTDriver13_select_checkEi @ 0x63cca0
GUIDED: _ZN10ByteBuffer4readEPhj @ 0x63ceb0
GUIDED: _ZN7HALSITL10UARTDriver41handle_writing_from_writebuffer_to_deviceEv @ 0x63cf50
GUIDED: _ZN7HALSITL10UARTDriver16_check_reconnectEv @ 0x63d300
GUIDED: _ZL3MINIjjEDTqultfp_fp0_fp_fp0_ERKT_RKT0_.13888 @ 0x63d700
GUIDED: _ZNK4SITL12SerialDevice15write_to_deviceEPKcm @ 0x63d780
GUIDED: _ZNK4SITL12SerialDevice18write_to_autopilotEPKcm @ 0x640ae0
GUIDED: _ZNK4SITL12SerialDevice13is_match_baudEv @ 0x640ba0
GUIDED: _ZNK4SITL3GPS18write_to_autopilotEPKcm @ 0x640cd0
GUIDED: _ZNK4SITL3GPS11device_baudEv @ 0x640ef0
GUIDED: _ZNK8Location31get_vector_xy_from_origin_NE_cmI7Vector2IfEEEbRT_ @ 0xab5320
GUIDED: _Z8wrap_180IdET_S0_ @ 0xab5430
GUIDED: _ZNK7Vector2IfEplERKS0_ @ 0xab5890
GUIDED: _Z8wrap_360d @ 0x643d80
GUIDED: _ZNK4SITL12SerialDevice19read_from_autopilotEPcm @ 0x643e20
GUIDED: _Z7is_zerod @ 0xab7560
GUIDED: _ZN7HALSITL10UARTDriver40handle_reading_from_device_to_readbufferEv @ 0x649710
GUIDED: _ZNK4SITL12SerialDevice16read_from_deviceEPcm @ 0x649ba0
GUIDED: _ZN7HALSITL8AnalogIn13board_voltageEv @ 0xab8a70
GUIDED: _ZN6AP_HAL8AnalogIn17servorail_voltageEv @ 0xab8ac0
GUIDED: _ZN6AP_HAL8AnalogIn18power_status_flagsEv @ 0xab8b10
GUIDED: _ZN7HALSITL9ADCSource7set_pinEh @ 0x64a7e0
GUIDED: _ZN7HALSITL9ADCSource15voltage_averageEv @ 0x64a860
GUIDED: _ZN7HALSITL9ADCSource14voltage_latestEv @ 0x64a8b0
GUIDED: _ZNK7HALSITL4GPIO9valid_pinEh @ 0xab8dc0
GUIDED: _ZN7HALSITL4GPIO13usb_connectedEv @ 0x64b010
GUIDED: _ZNK6AP_HAL4GPIO13arming_checksEmPc @ 0xab9140
GUIDED: _ZN7HALSITL8RCOutput9enable_chEh @ 0x64b410
GUIDED: _ZN7HALSITL8RCOutput10disable_chEh @ 0x64b4a0
GUIDED: _ZN7HALSITL8RCOutput5writeEht @ 0x64b530
GUIDED: _ZN6AP_HAL8RCOutput20update_channel_masksEv @ 0xab94f0
GUIDED: _ZN7HALSITL8RCOutput4corkEv @ 0x64b660
GUIDED: _ZN7HALSITL8RCOutput4pushEv @ 0x64b6f0
GUIDED: _ZN7HALSITL8RCOutput4readEh @ 0x64b820
GUIDED: _ZN7HALSITL8RCOutput4readEPth @ 0x64b8b0
GUIDED: _ZNK6AP_HAL8RCOutput22get_output_mode_bannerEPch @ 0xab9cd0
GUIDED: _ZN6AP_HAL8RCOutput16set_default_rateEt @ 0xab9d90
GUIDED: _ZN17AP_ESC_Telem_SITL6updateEv @ 0x64bcd0
GUIDED: _ZL3MAXIffEDTqugtfp_fp0_fp_fp0_ERKT_RKT0_.20563 @ 0x64bea0
GUIDED: _ZN20AP_ESC_Telem_Backend10update_rpmEhff @ 0x64bf20
GUIDED: _ZN20AP_ESC_Telem_Backend17update_telem_dataEhRKNS_13TelemetryDataEt @ 0x64bfb0
GUIDED: _ZN12AP_ESC_Telem17update_telem_dataEhRKN20AP_ESC_Telem_Backend13TelemetryDataEt @ 0x64c040
GUIDED: _ZN12AP_ESC_Telem10update_rpmEhff @ 0x64c320
GUIDED: _ZL3MAXIjjEDTqugtfp_fp0_fp_fp0_ERKT_RKT0_.10200 @ 0x64c480
GUIDED: _Z16constrain_uint32jjj @ 0xaba2c0
GUIDED: _Z15constrain_valueIjET_S0_S0_S0_ @ 0xaba330
GUIDED: _ZN7HALSITL7RCInput9new_inputEv @ 0x64c610
GUIDED: _ZN7HALSITL7RCInput12num_channelsEv @ 0x64c670
GUIDED: _ZN7HALSITL7RCInput4readEh @ 0x64c6d0
GUIDED: _ZN13AP_RCProtocol4readEh @ 0x64c980
GUIDED: _ZN21AP_RCProtocol_Backend4readEh @ 0x64ca10
GUIDED: _ZN13AP_RCProtocol12num_channelsEv @ 0x64ca70
GUIDED: _ZNK21AP_RCProtocol_Backend12num_channelsEv @ 0x64caf0
GUIDED: _ZN13AP_RCProtocol9new_inputEv @ 0x64cb40
GUIDED: _ZN13AP_RCProtocol21detect_async_protocolENS_12rcprotocol_tE @ 0x64cd00
GUIDED: _ZNK13AP_RCProtocol10using_uartEv @ 0xaba8c0
GUIDED: _ZNK13AP_RCProtocol22detected_protocol_nameEv @ 0x64cee0
GUIDED: _ZN13AP_RCProtocol27protocol_name_from_protocolENS_12rcprotocol_tE @ 0x64cf30
GUIDED: _ZN17AP_RCProtocol_FDM6updateEv @ 0x64d950
GUIDED: _ZN21AP_RCProtocol_Backend9add_inputEhPtbss @ 0x64db30
GUIDED: _ZL3MINIhiEDTqultfp_fp0_fp_fp0_ERKT_RKT0_.20159 @ 0x64dc90
GUIDED: _ZN13AP_RCProtocol19set_failsafe_activeEb @ 0xabb290
GUIDED: _ZN21AP_RCProtocol_Backend6updateEv @ 0xabb3a0
GUIDED: _ZN17AP_RCProtocol_UDP6updateEv @ 0x64dd10
GUIDED: _ZN17AP_RCProtocol_UDP21read_all_socket_inputEv @ 0x64df70
GUIDED: _ZN16SocketAPM_native4recvEPvmj @ 0x64e210
GUIDED: _ZN16SocketAPM_native6pollinEj @ 0x64e440
GUIDED: _ZNK16SocketAPM_native11get_read_fdEv @ 0xabb4d0
GUIDED: _ZN18AP_RCProtocol_GHST6updateEv @ 0x64eca0
GUIDED: _ZN3GCS23get_sensor_status_flagsERjS0_S0_ @ 0x650960
GUIDED: _ZN3GCS26update_sensor_status_flagsEv @ 0x650a20
GUIDED: _ZNK7AP_AHRS11initialisedEv @ 0x6511e0
GUIDED: _ZNK7AP_Baro13num_instancesEv @ 0xabbb60
GUIDED: _ZNK6AP_GPS10is_healthyEv @ 0xabbbb0
GUIDED: _ZNK14AP_BattMonitor13num_instancesEv @ 0xabbc10
GUIDED: _ZNK14AP_BattMonitor7healthyEv @ 0x651310
GUIDED: _ZNK17AP_InertialSensor11calibratingEv @ 0x651400
GUIDED: _ZNK9AP_Logger15logging_enabledEv @ 0x6514d0
GUIDED: _ZNK6AP_GPS15logging_presentEv @ 0xabbc60
GUIDED: _ZNK6AP_GPS15logging_enabledEv @ 0xabbcd0
GUIDED: _ZNK6AP_GPS14logging_failedEv @ 0x6515a0
GUIDED: _ZNK7AP_AHRS12get_ekf_typeEv @ 0xabbd40
GUIDED: _ZNK8AC_Fence18sys_status_enabledEv @ 0x651680
GUIDED: _ZNK8AC_Fence18sys_status_presentEv @ 0x651720
GUIDED: _ZNK8AC_Fence17sys_status_failedEv @ 0x651780
GUIDED: _ZNK11AP_Airspeed7enabledEv @ 0xabbda0
GUIDED: _ZN2AP11opticalflowEv @ 0x6518d0
GUIDED: _ZNK14AP_OpticalFlow7healthyEv @ 0xabbeb0
GUIDED: _ZN2AP6armingEv @ 0x651910
GUIDED: _ZNK11RC_Channels22has_ever_seen_rc_inputEv @ 0xabbf30
GUIDED: _ZN9AP_Arming13get_singletonEv @ 0x651950
GUIDED: _ZN14AP_OpticalFlow13get_singletonEv @ 0xabbf90
GUIDED: _ZN2AP8airspeedEv @ 0x651990
GUIDED: _ZNK8AC_Fence12get_breachesEv @ 0xabc060
GUIDED: _ZNK7AP_EnumIN8AC_Fence6ActionEEcvKS1_Ev @ 0xabc0b0
GUIDED: _ZNK14AP_BattMonitor7healthyEh @ 0x651a50
GUIDED: _ZNK6AP_GPS8num_satsEv @ 0xabc2c0
GUIDED: _ZNK6AP_GPS8num_satsEh @ 0xabc320
GUIDED: _ZNK14AP_BattMonitor7voltageEh @ 0x652740
GUIDED: _ZNK14AP_BattMonitor12current_ampsERfh @ 0x6527e0
GUIDED: _ZNK14AP_BattMonitor12consumed_mahERfh @ 0x6528d0
GUIDED: _ZN2AP9fwversionEv @ 0x652cd0
GUIDED: _ZN12AP_FWVersion10get_fwverzEv @ 0xabc570
GUIDED: _ZN9AP_Logger14WriteStreamingEPKcS1_S1_z @ 0x6535f0
GUIDED: _ZN22AP_RCProtocol_DroneCAN6updateEv @ 0x653850
GUIDED: _ZNK16AP_SerialManager11find_serialENS_14SerialProtocolEh @ 0x654c40
GUIDED: _ZN2AP3srvEv @ 0x657f90
GUIDED: _ZN12SRV_Channels4corkEv @ 0x657fd0
GUIDED: _ZN12SRV_Channels4pushEv @ 0x658030
GUIDED: _ZN16AP_Volz_Protocol6updateEv @ 0x6581e0
GUIDED: _ZN10AP_SBusOut6updateEv @ 0x6584b0
GUIDED: _ZN15AP_RobotisServo6updateEv @ 0x658630
GUIDED: _ZN16AP_FETtecOneWire6updateEv @ 0x6588a0
GUIDED: _ZN2AP6kdecanEv @ 0x658b90
GUIDED: _ZN9AP_KDECAN6updateEv @ 0x658bd0
GUIDED: _ZN12SRV_Channels12find_channelEN11SRV_Channel8FunctionERh @ 0x6595b0
GUIDED: _ZN11SRV_Channel8calc_pwmEf @ 0x659680
GUIDED: _ZN9AP_KDECAN13get_singletonEv @ 0xabec80
GUIDED: _ZN16AP_FETtecOneWire4initEv @ 0x65b340
GUIDED: _ZN16AP_FETtecOneWire9init_uartEv @ 0x65c910
GUIDED: _ZN12SRV_Channels13get_singletonEv @ 0xabf6e0
GUIDED: _ZNK10AP_Mission21get_current_nav_indexEv @ 0xabfa70
GUIDED: _ZNK7AP_AHRS13wind_estimateEv @ 0xabfaf0
GUIDED: _ZN10AP_Terrain20height_above_terrainERfb @ 0x661600
GUIDED: _ZNK10AP_Terrain6statusEv @ 0xabfb50
GUIDED: _ZNK7AP_AHRS11groundspeedEv @ 0xabfc90
GUIDED: _ZN7AP_Baro14get_climb_rateEv @ 0x661b10
GUIDED: _ZN16DerivativeFilterIfLh7EE5slopeEv @ 0xabfd30
GUIDED: _ZNK11RangeFinder15distance_orientE8Rotation @ 0x661b80
GUIDED: _ZNK14AP_BattMonitor7voltageEv @ 0xac0800
GUIDED: _Z14float_to_int16f @ 0x663590
GUIDED: _ZNK7AP_AHRS11get_yaw_degEv @ 0xac0850
GUIDED: _ZNK7AP_AHRS28get_relative_position_D_homeERf @ 0x663710
GUIDED: _ZNK8Location9get_alt_mENS_8AltFrameERf @ 0x6638b0
GUIDED: _ZNK7AP_AHRS11_get_originER8Location @ 0x663960
GUIDED: _ZNK7AP_AHRS11_get_originENS_7EKFTypeER8Location @ 0x663a40
GUIDED: _ZNK7NavEKF312getOriginLLHER8Location @ 0x663c50
GUIDED: _ZN18AP_RCProtocol_CRSF6updateEv @ 0x666500
GUIDED: _ZN13AP_CRSF_Telem13get_singletonEv @ 0x666b30
GUIDED: _ZN13AP_CRSF_Telem13queue_messageE12MAV_SEVERITYPKc @ 0x667580
GUIDED: _ZN2AP10crsf_telemEv @ 0x66a2d0
GUIDED: _ZNK7AP_AHRS12get_roll_radEv @ 0xac1c70
GUIDED: _ZNK7AP_AHRS13get_pitch_radEv @ 0xac1cc0
GUIDED: _ZNK8AP_Param15copy_name_tokenERKNS_10ParamTokenEPcmb @ 0x66bde0
GUIDED: _ZNK8AP_Param19find_var_info_tokenERKNS_10ParamTokenEPjRPKNS_9GroupInfoERNS_12GroupNestingEPh @ 0x66bf50
GUIDED: _ZN19AP_RCProtocol_SRXL26updateEv @ 0x6700f0
GUIDED: _Z11crc16_ccittPKhjt @ 0x670cb0
GUIDED: _ZNK14AP_BattMonitor15get_temperatureERfh @ 0x6731d0
GUIDED: _ZN2AP3rtcEv @ 0x6732a0
GUIDED: _ZNK6AP_RTC12get_utc_usecERm @ 0x6733c0
GUIDED: _ZN6AP_RTC13get_singletonEv @ 0xac28d0
GUIDED: _ZN2AP9esc_telemEv @ 0x673720
GUIDED: _ZNK12AP_ESC_Telem7get_rpmEhRf @ 0x6738c0
GUIDED: _ZL3MINIffEDTqultfp_fp0_fp_fp0_ERKT_RKT0_.10179 @ 0x673a60
GUIDED: _ZNVK20AP_ESC_Telem_Backend13TelemetryData5staleEv @ 0x673b50
GUIDED: _ZN12AP_ESC_Telem13get_singletonEv @ 0x673bd0
GUIDED: _ZN17AP_RCProtocol_DSM6updateEv @ 0x6770e0
GUIDED: _ZN7HALSITL9Scheduler5delayEt @ 0x6789d0
GUIDED: _ZN7HALSITL9Scheduler18delay_microsecondsEt @ 0x678ac0
GUIDED: _ZN6AP_HAL9Scheduler24delay_microseconds_boostEt @ 0xac30b0
GUIDED: _ZN6AP_HAL9Scheduler15expect_delay_msEj @ 0xac3120
GUIDED: _ZN6AP_HAL9Scheduler9boost_endEv @ 0xac31c0
GUIDED: _ZNK6AP_HAL9Scheduler17in_delay_callbackEv @ 0xac3210
GUIDED: _ZN7HALSITL9Scheduler21is_system_initializedEv @ 0xac3270
GUIDED: _ZN7HALSITL9Scheduler10stop_clockEm @ 0x679030
GUIDED: _ZNK7HALSITL9Scheduler14in_main_threadEv @ 0x6790d0
GUIDED: _ZN7HALSITL10SITL_State10wait_clockEm @ 0x679790
GUIDED: _ZNK4SITL8Aircraft11get_speedupEv @ 0xac3420
GUIDED: _ZNK7HALSITL9Scheduler28semaphore_wait_hack_requiredEv @ 0x679940
GUIDED: _ZN7HALSITL10SITL_State15_fdm_input_stepEv @ 0x6799c0
GUIDED: _ZN7HALSITL10SITL_State16_fdm_input_localEv @ 0x679b10
GUIDED: _ZNK7HALSITL9Scheduler22interrupts_are_blockedEv @ 0xac3470
GUIDED: _ZN7HALSITL9Scheduler17sitl_begin_atomicEv @ 0xac34d0
GUIDED: _ZN7HALSITL9Scheduler11timer_eventEv @ 0xac3530
GUIDED: _ZN7HALSITL9Scheduler15sitl_end_atomicEv @ 0x679cb0
GUIDED: _ZN7HALSITL10SITL_State16_update_airspeedEf @ 0x679d50
GUIDED: _ZN7HALSITL10SITL_State19_update_rangefinderEv @ 0x67a0c0
GUIDED: _ZNK7HALSITL10SITL_State18_sonar_pin_voltageEv @ 0x67a120
GUIDED: _ZN7AP_Baro24get_EAS2TAS_for_alt_amslEf @ 0x67a290
GUIDED: _ZL2sqf.13649 @ 0x67a310
GUIDED: _ZN7AP_Baro28get_air_density_for_alt_amslEf @ 0x67a360
GUIDED: _ZL3MAXIffEDTqugtfp_fp0_fp_fp0_ERKT_RKT0_.2214 @ 0x67a530
GUIDED: _ZN7HALSITL9Scheduler16_run_timer_procsEv @ 0x67a5b0
GUIDED: _ZN7HALSITL10SITL_State17_simulator_servosER10sitl_input @ 0x67a6b0
GUIDED: _ZN4SITL11JSON_Master7receiveER10sitl_input @ 0x67b340
GUIDED: _ZN7HALSITL10SITL_State22multicast_servo_updateER10sitl_input @ 0x67b7e0
GUIDED: _ZN4SITL8Aircraft11update_homeEv @ 0x67b8c0
GUIDED: _ZN4SITL8Aircraft12update_modelERK10sitl_input @ 0x67ba20
GUIDED: _ZN4SITL8Aircraft8fill_fdmERNS_8sitl_fdmE @ 0x67bac0
GUIDED: _ZN7HALSITL8CANIface14num_interfacesEv @ 0xac3570
GUIDED: _ZNK4SITL8Aircraft20get_position_relhomeEv @ 0x67c690
GUIDED: _ZN4SITL11JSON_Master4sendERKNS_8sitl_fdmERK7Vector3IdE @ 0x67c750
GUIDED: _ZN7HALSITL17SITL_State_Common10sim_updateEv @ 0x67c9f0
GUIDED: _ZN7HALSITL10SITL_State14set_height_aglEv @ 0x67d240
GUIDED: _ZNK4SITL8Aircraft12get_locationEv @ 0xac35b0
GUIDED: _ZNK4SITL8Aircraft15get_velocity_efEv @ 0xac3600
GUIDED: _ZN4SITL3GPS6updateEv @ 0x67e610
GUIDED: _ZN4SITL12SerialDevice17init_sitl_pointerEv @ 0x67fd60
GUIDED: _ZN4SITL3GPS24check_backend_allocationEv @ 0x67fdf0
GUIDED: _ZN4SITL3GPS16interpolate_dataERKNS_8GPS_DataEj @ 0x680400
GUIDED: _ZL3MAXIifEDTqugtfp_fp0_fp_fp0_ERKT_RKT0_.14372 @ 0x680d90
GUIDED: _ZNK4SITL11GPS_Backend11device_baudEv @ 0xac3c20
GUIDED: _ZN4SITL11GPS_Backend11update_readEv @ 0x680f10
GUIDED: _ZNK4SITL11GPS_Backend18write_to_autopilotEPKcm @ 0x681260
GUIDED: _ZNK4SITL11GPS_Backend19read_from_autopilotEPcm @ 0x6812e0
GUIDED: _ZN4SITL11GPS_Backend8gps_timeEv @ 0x681d80
GUIDED: _ZNK7Vector2IdE6lengthEv @ 0xac3e40
GUIDED: _ZN4SITL11GPS_Backend18simulation_timevalEP7timeval @ 0x6826b0
GUIDED: _ZN4SITL9GPS_UBlox7publishEPKNS_8GPS_DataE @ 0x685580
GUIDED: _Z4normIddJdEEdT_T0_DpKT1_ @ 0xac44e0
GUIDED: _ZL7degreesf.14460 @ 0x686050
GUIDED: _ZN4SITL9GPS_UBlox8send_ubxEhPht @ 0x686580
GUIDED: _ZL3MAXIiiEDTqugtfp_fp0_fp_fp0_ERKT_RKT0_.14461 @ 0x686750
GUIDED: _ZNK7Vector3IfE6is_nanEv @ 0xac4560
GUIDED: _ZN7Matrix3IfE6rotateERK7Vector3IfE @ 0xac4630
GUIDED: _ZN7Matrix3IfEpLERKS0_ @ 0xac4850
GUIDED: _ZNK7Matrix3IfEplERKS0_ @ 0xac48e0
GUIDED: _Z2sqIdJddEEdT_DpKT0_ @ 0xac4a00
GUIDED: _ZNK11QuaternionTIfE8to_eulerERfS1_S1_ @ 0xac4aa0
GUIDED: _ZNK11QuaternionTIfE13get_euler_yawEv @ 0xac4bb0
GUIDED: _ZNK7Vector3IdEplERKS0_ @ 0xac55b0
GUIDED: _ZN7Vector3IdEpLERKS0_ @ 0xac5650
GUIDED: _ZN7Matrix3IdEC2Ev @ 0xac56f0
GUIDED: _ZN7Matrix3IdE10from_eulerEddd @ 0xac5770
GUIDED: _ZNK7Matrix3IdEmlERK7Vector3IdE @ 0xac5930
GUIDED: _ZNK11QuaternionTIfEmlERK7Vector3IfE @ 0xac5c30
GUIDED: _ZNK7Vector3IdEmiERKS0_ @ 0xac6120
GUIDED: _Z11wrap_360_cdf @ 0x690200
GUIDED: _ZNK7Vector3IdE6lengthEv @ 0xac6280
GUIDED: _ZN7Vector3IdE4zeroEv @ 0xac62e0
GUIDED: _ZNK4SITL8Aircraft7get_dcmEv @ 0xac6420
GUIDED: _ZNK7Matrix3IfE10transposedEv @ 0xac6470
GUIDED: _ZN7Matrix3IfE9normalizeEv @ 0xac6640
GUIDED: _ZNK8Location22get_distance_NE_doubleERKS_ @ 0x6937b0
GUIDED: _ZN7Vector3IdE2xyEv @ 0xac6910
GUIDED: _ZN7Vector2IdEpLERKS0_ @ 0xac6960
GUIDED: _ZN4SITL8Aircraft14smooth_sensorsEv @ 0x693d10
GUIDED: _ZL7degreesf.16169 @ 0x694700
GUIDED: _ZNK7Matrix3IfE8to_eulerEPfS1_S1_ @ 0xac69e0
GUIDED: _ZNK7AP_EnumI8RotationEcvKS0_Ev @ 0xac6b00
GUIDED: _ZNK8HAL_SITL32get_uart_output_full_queue_countEv @ 0x6947d0
GUIDED: _ZNK4SITL8Aircraft16get_wall_time_usEv @ 0x694910
GUIDED: _ZNK7Vector3IdEdvEd @ 0xac6ce0
GUIDED: _ZNK11QuaternionTIfEdvERKS0_ @ 0xac6d80
GUIDED: _ZNK11QuaternionTIfE7is_zeroEv @ 0xac6fd0
GUIDED: _ZN4SITL8Aircraft12time_advanceEv @ 0x694990
GUIDED: _ZN4SITL8Aircraft15sync_frame_timeEv @ 0x694a30
GUIDED: _ZN9AP_Logger14WriteStreamingEPKcS1_S1_S1_S1_z @ 0x694d30
GUIDED: _ZL3MAXI9AP_ParamTIfL11ap_var_type4EEdEDTqugtfp_fp0_fp_fp0_ERKT_RKT0_.13490 @ 0x6950a0
GUIDED: _Z21calc_lowpass_alpha_dtff @ 0x695140
GUIDED: _ZL3MAXIfiEDTqugtfp_fp0_fp_fp0_ERKT_RKT0_.13491 @ 0x695270
GUIDED: _ZNK4SITL16FETtecOneWireESC7enabledEv @ 0xac70a0
GUIDED: _ZNK4SITL4Volz7enabledEv @ 0xac7110
GUIDED: _ZN7HALSITL17SITL_State_Common22update_voltage_currentER10sitl_inputf @ 0x695540
GUIDED: _ZN8AP_Param18eeprom_write_checkEPKvth @ 0x697f70
GUIDED: _ZN13AP_Filesystem9load_fileEPKc @ 0x6980a0
GUIDED: _ZNK4SITL8Aircraft22rangefinder_beam_widthEv @ 0xac9010
GUIDED: _ZNK4SITL8Aircraft45perpendicular_distance_to_rangefinder_surfaceEv @ 0x698c90
GUIDED: _ZNK4SITL8Aircraft9on_groundEv @ 0x698d80
GUIDED: _ZNK4SITL8Aircraft4haglEv @ 0x698df0
GUIDED: _ZNK4SITL8Aircraft24ground_height_differenceEv @ 0x698ec0
GUIDED: _ZN4SITL8Aircraft15update_dynamicsERK7Vector3IfE @ 0x699730
GUIDED: _ZN4SITL8Aircraft23update_external_payloadERK10sitl_input @ 0x69a7b0
GUIDED: _ZN4SITL8Aircraft15update_positionEv @ 0x69ac40
GUIDED: _ZN4SITL8Aircraft11update_windERK10sitl_input @ 0x69add0
GUIDED: _ZN4SITL8Aircraft19update_mag_field_bfEv @ 0x69b260
GUIDED: _ZNK8Location23get_distance_NED_doubleERKS_ @ 0x69b650
GUIDED: _ZN4SITL8Aircraft17get_local_updraftERK7Vector3IdE @ 0x69b770
GUIDED: _ZN7Vector2IdEmIERKS0_ @ 0xac9060
GUIDED: _ZNK4SITL7Sprayer10is_enabledEv @ 0xac90f0
GUIDED: _ZN4SITL3I2C6updateERKNS_8AircraftE @ 0x69c030
GUIDED: _ZNK4SITL6Buzzer10is_enabledEv @ 0xac91a0
GUIDED: _ZNK4SITL13Gripper_Servo10is_enabledEv @ 0xac9200
GUIDED: _ZNK4SITL11Gripper_EPM10is_enabledEv @ 0xac92c0
GUIDED: _ZNK4SITL9Parachute10is_enabledEv @ 0xac9370
GUIDED: _ZNK4SITL12SIM_Precland10is_enabledEv @ 0xac93d0
GUIDED: _ZN4SITL7ShipSim6updateEv @ 0x69d000
GUIDED: _ZNK4SITL7ShipSim12get_locationER8Location @ 0x69d960
GUIDED: _ZN7Vector2IfEpLERKS0_ @ 0xac9510
GUIDED: _ZNK10DigitalLPFIfE3getEv @ 0xac96a0
GUIDED: _ZN8Location16change_alt_frameENS_8AltFrameE @ 0x6a2780
GUIDED: _ZNK7Vector3IdE14length_squaredEv @ 0xacb480
GUIDED: _ZNK7Vector3IdEmlERKS0_ @ 0xacb5f0
GUIDED: _ZNK7AP_AHRS11get_EAS2TASEv @ 0x6a3060
GUIDED: _ZL2sqf.16184 @ 0x6a30f0
GUIDED: _ZN4SITL8Aircraft19update_eas_airspeedEv @ 0x6a3140
GUIDED: _ZN4SITL7ShipSim27get_ground_speed_adjustmentERK8LocationRf @ 0x6a32d0
GUIDED: _ZN4SITL15SlungPayloadSim6updateERK7Vector3IdERKS1_IfES7_S7_ @ 0x6a35f0
GUIDED: _ZN4SITL9TetherSim6updateERK8Location @ 0x6a3780
GUIDED: _ZN4SITL8Aircraft17adjust_frame_timeEf @ 0x6a38f0
GUIDED: _ZNK7Vector3IdE7is_zeroEv @ 0xacb7a0
GUIDED: _ZN7Vector3IfE2xyEv @ 0xacb850
GUIDED: _ZN7Vector2IfE4zeroEv @ 0xacb8a0
GUIDED: _ZN7Vector3IfEmIERKS0_ @ 0xacb900
GUIDED: _ZNK7Vector3IfE14length_squaredEv @ 0xacb9a0
GUIDED: _ZNK7Vector3IfE9projectedERKS0_ @ 0xacba70
GUIDED: _ZL7radiansi.16189 @ 0x6a6880
GUIDED: _ZNK9AP_ParamTIfL11ap_var_type4EEplERKS1_ @ 0xacbbb0
GUIDED: _ZN13LowPassFilterIfE20set_cutoff_frequencyERKf @ 0xacc2d0
GUIDED: _ZN13LowPassFilterIfE5applyERKfS2_ @ 0xacc340
GUIDED: _Z11is_positived @ 0xacca50
GUIDED: _ZN4SITL8Aircraft16add_shove_forcesER7Vector3IfES3_ @ 0x6b5280
GUIDED: _ZN7Vector3IfEmLERKS0_ @ 0xacd190
GUIDED: _ZN7Vector3IfE9normalizeEv @ 0xacd230
GUIDED: _ZN13AP_Filesystem4readEiPvj @ 0x6ba150
GUIDED: _ZN7Vector3IdEmIERKS0_ @ 0xad74b0
GUIDED: _ZL7radiansd.16474 @ 0x6c76c0
GUIDED: _ZNK4SITL5Frame15get_air_densityEf @ 0x6d0740
GUIDED: _ZL2sqf.21180 @ 0x6d07a0
GUIDED: _ZN4SITL11MultiCopter6updateERK10sitl_input @ 0x6d0ff0
GUIDED: _ZN4SITL11MultiCopter16calculate_forcesERK10sitl_inputR7Vector3IfES6_ @ 0x6d1150
GUIDED: _ZN4SITL8Aircraft5Clamp7clampedERS0_RK10sitl_input @ 0x6d1270
GUIDED: _ZN4SITL5Frame19current_and_voltageERfS1_ @ 0x6d1480
GUIDED: _ZN4SITL7Battery11set_currentEf @ 0x6d15c0
GUIDED: _ZL3MAXIifEDTqugtfp_fp0_fp_fp0_ERKT_RKT0_.21086 @ 0x6d1850
GUIDED: _ZNK4SITL7Battery11get_voltageEv @ 0x6d1ae0
GUIDED: _ZNK4SITL5Motor11get_currentEv @ 0x6d1b40
GUIDED: _ZN10DigitalLPFIfE5resetERKf @ 0xad7a90
GUIDED: _ZN4SITL5Frame16calculate_forcesERKNS_8AircraftERK10sitl_inputR7Vector3IfES9_Pfb @ 0x6d1d20
GUIDED: _ZN4SITL8Aircraft16add_twist_forcesER7Vector3IfE @ 0x6d2410
GUIDED: _ZN4SITL8Aircraft19add_external_forcesER7Vector3IfE @ 0x6d2650
GUIDED: _ZNK4SITL15SlungPayloadSim21get_forces_on_vehicleER7Vector3IfE @ 0x6d2840
GUIDED: _ZNK4SITL9TetherSim21get_forces_on_vehicleER7Vector3IfE @ 0x6d28e0
GUIDED: _ZNK4SITL8Aircraft8get_gyroEv @ 0xad7b00
GUIDED: _ZNK4SITL8Aircraft19get_velocity_air_efEv @ 0xad7b50
GUIDED: _ZN4SITL5Motor16calculate_forcesERK10sitl_inputhR7Vector3IfES6_RKS5_S8_ffb @ 0x6d2980
GUIDED: _ZL7radiansd.21190 @ 0x6d35c0
GUIDED: _ZNK4SITL8Aircraft10gross_massEv @ 0xad7bf0
GUIDED: _ZNK4SITL5Motor14pwm_to_commandEf @ 0x6d3610
GUIDED: _ZL3MAXIifEDTqugtfp_fp0_fp_fp0_ERKT_RKT0_.21285 @ 0x6d36e0
GUIDED: _ZNK4SITL5Motor11calc_thrustEffff @ 0x6d3770
GUIDED: _ZL3MAXIfdEDTqugtfp_fp0_fp_fp0_ERKT_RKT0_.21287 @ 0x6d3ae0
GUIDED: _ZL2sqf.21288 @ 0x6d3b80
GUIDED: _ZN7HALSITL7Storage10read_blockEPvtm @ 0x6d9fa0
GUIDED: _ZN7HALSITL7Storage11write_blockEtPKvm @ 0x6da070
GUIDED: _ZN7HALSITL7Storage11_timer_tickEv @ 0x6da190
GUIDED: _ZN7HALSITL7Storage7healthyEv @ 0x6da3c0
GUIDED: _ZN7HALSITL7Storage15get_storage_ptrERPvRm @ 0x6da450
GUIDED: _ZNK7BitmaskILt2048EE5emptyEv @ 0xad8c20
GUIDED: _ZNK7BitmaskILt2048EE3getEt @ 0xad8cc0
GUIDED: _ZN10AP_RAMTRON5writeEjPKhj @ 0x6da500
GUIDED: _ZN7BitmaskILt2048EE5clearEt @ 0xad8d90
GUIDED: _ZNK8HAL_SITL25get_storage_posix_enabledEv @ 0xad8e50
GUIDED: _ZNK7BitmaskILt2048EE8validateEt @ 0xad8f10
GUIDED: _ZNK10AP_RAMTRON8get_sizeEv @ 0xad8fa0
GUIDED: _ZN7HALSITL7Storage13_storage_openEv @ 0x6dab80
GUIDED: _ZN7HALSITL7Storage11_mark_dirtyEtt @ 0x6dae90
GUIDED: _ZN7BitmaskILt2048EE3setEt @ 0xad9040
GUIDED: _ZNK15ExpandingString10get_lengthEv @ 0xad9a90
GUIDED: _ZNK15ExpandingString10get_stringEv @ 0xad9ae0
GUIDED: _ZN15ExpandingStringC2Ev @ 0xad9b80
GUIDED: _ZN17AP_Filesystem_Sys4openEPKcib @ 0x6ddd10
GUIDED: _ZN17AP_Filesystem_Sys5closeEi @ 0x6de2a0
GUIDED: _ZN17AP_Filesystem_Sys4readEiPvj @ 0x6de3a0
GUIDED: _ZN17AP_Filesystem_Sys13file_in_sysfsEPKc @ 0x6dea80
GUIDED: _ZL3MINIjjEDTqultfp_fp0_fp_fp0_ERKT_RKT0_.9786 @ 0x6debb0
GUIDED: _ZNK15ExpandingString21has_failed_allocationEv @ 0xad9ef0
GUIDED: _ZN8AP_Param9save_syncEbb @ 0x6e1600
GUIDED: _ZN19AP_Filesystem_ROMFS4openEPKcib @ 0x6e1be0
GUIDED: _ZN8AP_ROMFS15find_decompressEPKcRj @ 0x6e2d40
GUIDED: _ZN8AP_ROMFS9find_fileEPKc @ 0x6e2f20
GUIDED: _ZNK7NavEKF317option_is_enabledENS_6OptionE @ 0xada7e0
GUIDED: _ZNK6AP_DAL6millisEv @ 0xada860
GUIDED: _ZNK12NavEKF3_core10errorScoreEv @ 0x6e7890
GUIDED: _ZNK12NavEKF3_core16have_aligned_yawEv @ 0xada8b0
GUIDED: _ZNK12NavEKF3_core17have_aligned_tiltEv @ 0xada910
GUIDED: _ZNK12NavEKF3_core19getLastPosDownResetERf @ 0x6e8070
GUIDED: _ZNK12NavEKF3_core24getLastPosNorthEastResetER7Vector2IfE @ 0x6e80e0
GUIDED: _ZNK7Vector2IdEmiERKS0_ @ 0xada970
GUIDED: _ZNK12NavEKF3_core20getLastYawResetAngleERf @ 0x6e8170
GUIDED: _ZNK12NavEKF3_core14getEulerAnglesER7Vector3IfE @ 0x6e81e0
GUIDED: _ZNK11QuaternionTIdE8to_eulerER7Vector3IfE @ 0xadaa00
GUIDED: _ZNK6AP_DAL8get_trimEv @ 0xadaa80
GUIDED: _ZNK11QuaternionTIdE8to_eulerERfS1_S1_ @ 0xadaae0
GUIDED: _ZNK11QuaternionTIdE14get_euler_rollEv @ 0xadaba0
GUIDED: _ZNK11QuaternionTIdE15get_euler_pitchEv @ 0xadac50
GUIDED: _ZNK11QuaternionTIdE13get_euler_yawEv @ 0xadacd0
GUIDED: _Z9safe_asinIdEfT_ @ 0xadad80
GUIDED: _ZL3MAXIfdEDTqugtfp_fp0_fp_fp0_ERKT_RKT0_.4771 @ 0x6e82a0
GUIDED: _ZNK12NavEKF3_core20assume_zero_sideslipEv @ 0x6e8340
GUIDED: _ZN6AP_DAL8airspeedEv @ 0xadae60
GUIDED: _ZNK6AP_DAL15get_fly_forwardEv @ 0xadaf00
GUIDED: _ZN19RestrictIDTypeArrayIP17CompassCalibratorLj3E14typesafe_indexIh12TAG_PriorityEEixERKS4_ @ 0xadb080
GUIDED: _ZNK6AP_GPS15time_epoch_usecEv @ 0xadb990
GUIDED: _ZNK6AP_GPS9time_weekEh @ 0xadbb00
GUIDED: _ZNK6AP_GPS12time_week_msEh @ 0xadbb70
GUIDED: _ZN3GCS12send_messageE10ap_message @ 0x6f2a30
GUIDED: _ZNK6AP_GPS15time_epoch_usecEh @ 0x6f2ae0
GUIDED: _ZNK14AP_GPS_Backend16get_last_itow_msEv @ 0x6f2c50
GUIDED: _ZN6AP_GPS23istate_time_to_epoch_msEtj @ 0x6f2d10
GUIDED: _ZN11SRV_Channel14set_output_pwmEtb @ 0x6f3610
GUIDED: _ZN10AC_Sprayer3runEb @ 0x6f3700
GUIDED: _ZN7AP_ADSB13check_startupEv @ 0x6f4880
GUIDED: _ZNK7Vector2IfE6is_nanEv @ 0xadca40
GUIDED: _ZNK10AP_Gripper7enabledEv @ 0xadd630
GUIDED: _ZN10AP_Vehicle13update_armingEv @ 0x701820
GUIDED: _ZN7FunctorIvJEE14method_wrapperI10AP_VehicleXadL_ZNS2_13update_armingEvEEEEvPv @ 0xade650
GUIDED: _ZN9AP_Arming6updateEv @ 0x701870
GUIDED: _ZN8AP_Stats6updateEv @ 0x701960
GUIDED: _ZN7FunctorIvJEE14method_wrapperI8AP_StatsXadL_ZNS2_6updateEvEEEEvPv @ 0xade700
GUIDED: _ZN10AP_Filters6updateEv @ 0x701bd0
GUIDED: _ZN7FunctorIvJEE14method_wrapperI10AP_FiltersXadL_ZNS2_6updateEvEEEEvPv @ 0xade7b0
GUIDED: _ZN10AP_Vehicle17check_motor_noiseEv @ 0x702d10
GUIDED: _ZN7FunctorIvJEE14method_wrapperI10AP_VehicleXadL_ZNS2_17check_motor_noiseEvEEEEvPv @ 0xadf060
GUIDED: _ZNK10AP_GyroFFT15check_esc_noiseEv @ 0xadf110
GUIDED: _ZNK17NotchFilterParams7enabledEv @ 0xadf340
GUIDED: _ZN10AP_Vehicle13one_Hz_updateEv @ 0x7033f0
GUIDED: _ZN7FunctorIvJEE14method_wrapperI10AP_VehicleXadL_ZNS2_13one_Hz_updateEvEEEEvPv @ 0xadf390
GUIDED: _ZN12AP_Scripting6updateEv @ 0x7034d0
GUIDED: _ZN16AP_SerialManager20registered_ports_logEv @ 0x703520
GUIDED: _ZN12AP_Scripting13save_checksumEv @ 0x703600
GUIDED: _ZN10AP_Gripper6updateEv @ 0x703700
GUIDED: _ZN7FunctorIvJEE14method_wrapperI10AP_GripperXadL_ZNS2_6updateEvEEEEvPv @ 0xadf4d0
GUIDED: _ZN6AP_EFI6updateEv @ 0x703870
GUIDED: _ZN7FunctorIvJEE14method_wrapperI6AP_EFIXadL_ZNS2_6updateEvEEEEvPv @ 0xadf580
GUIDED: _ZN6AP_AIS6updateEv @ 0x703cf0
GUIDED: _ZN7FunctorIvJEE14method_wrapperI6AP_AISXadL_ZNS2_6updateEvEEEEvPv @ 0xadf630
GUIDED: _ZN8AC_Fence6updateEv @ 0x703d40
GUIDED: _ZN7FunctorIvJEE14method_wrapperI8AC_FenceXadL_ZNS2_6updateEvEEEEvPv @ 0xadf6e0
GUIDED: _ZN19AC_PolyFence_loader6updateEv @ 0x703e70
GUIDED: _ZN19AC_PolyFence_loader17load_from_storageEv @ 0x703f60
GUIDED: _ZN10AP_Vehicle16accel_cal_updateEv @ 0x7053c0
GUIDED: _ZN7FunctorIvJEE14method_wrapperI10AP_VehicleXadL_ZNS2_16accel_cal_updateEvEEEEvPv @ 0xadf8c0
GUIDED: _ZN17AP_InertialSensor11acal_updateEv @ 0x705490
GUIDED: _ZN17AP_InertialSensor12get_new_trimER7Vector3IfE @ 0x705560
GUIDED: _ZN20AP_TemperatureSensor6updateEv @ 0x706b60
GUIDED: _ZN7FunctorIvJEE14method_wrapperI20AP_TemperatureSensorXadL_ZNS2_6updateEvEEEEvPv @ 0xadf9c0
GUIDED: _ZN10AP_Vehicle16publish_osd_infoEv @ 0x706e20
GUIDED: _ZN7FunctorIvJEE14method_wrapperI10AP_VehicleXadL_ZNS2_16publish_osd_infoEvEEEEvPv @ 0xadfb10
GUIDED: _ZN6AP_OSD12set_nav_infoERNS_7NavInfoE @ 0x706f40
GUIDED: _ZN6AP_RPM6updateEv @ 0x706fb0
GUIDED: _ZN7FunctorIvJEE14method_wrapperI6AP_RPMXadL_ZNS2_6updateEvEEEEvPv @ 0xadfbc0
GUIDED: _ZNK6AP_RPM7Log_RPMEv @ 0x707190
GUIDED: _ZNK6AP_RPM7enabledEh @ 0x7072b0
GUIDED: _ZN14AP_OpenDroneID6updateEv @ 0x707360
GUIDED: _ZN7FunctorIvJEE14method_wrapperI14AP_OpenDroneIDXadL_ZNS2_6updateEvEEEEvPv @ 0xadfce0
GUIDED: _ZNK6AP_GPS8velocityEv @ 0xae1580
GUIDED: _ZNK7AP_AHRS18groundspeed_vectorEv @ 0xae1660
GUIDED: _ZNK8Location12check_latlngEv @ 0x70b9f0
GUIDED: _ZNK6AP_GPS19horizontal_accuracyERf @ 0xae1740
GUIDED: _ZNK6AP_GPS17vertical_accuracyERf @ 0xae17c0
GUIDED: _ZNK6AP_GPS14speed_accuracyERf @ 0xae1840
GUIDED: _ZNK6AP_GPS14speed_accuracyEhRf @ 0x70c050
GUIDED: _ZNK6AP_GPS17vertical_accuracyEhRf @ 0x70c120
GUIDED: _ZNK6AP_GPS19horizontal_accuracyEhRf @ 0x70c1f0
GUIDED: _ZNK6AP_GPS14get_undulationEhRf @ 0x70c2c0
GUIDED: _ZNK6AP_GPS8velocityEh @ 0xae18c0
GUIDED: _ZN12AP_Generator6updateEv @ 0x70c390
GUIDED: _ZN7FunctorIvJEE14method_wrapperI12AP_GeneratorXadL_ZNS2_6updateEvEEEEvPv @ 0xae1990
GUIDED: _ZN14AP_Servo_Telem6updateEv @ 0x70c400
GUIDED: _ZN7FunctorIvJEE14method_wrapperI14AP_Servo_TelemXadL_ZNS2_6updateEvEEEEvPv @ 0xae1a40
GUIDED: _ZN14AP_Servo_Telem9write_logEv @ 0x70c450
GUIDED: _ZN12AP_ESC_Telem6updateEv @ 0x70c900
GUIDED: _ZN7FunctorIvJEE14method_wrapperI12AP_ESC_TelemXadL_ZNS2_6updateEvEEEEvPv @ 0xae1af0
GUIDED: _ZNK12AP_ESC_Telem11get_raw_rpmEhRf @ 0x70cd40
GUIDED: _ZN6AP_HAL15timeout_expiredIjjmEEbT_T0_T1_ @ 0xae1ba0
GUIDED: _ZN10AP_Vehicle30send_watchdog_reset_statustextEv @ 0x70ce10
GUIDED: _ZN7FunctorIvJEE14method_wrapperI10AP_VehicleXadL_ZNS2_30send_watchdog_reset_statustextEvEEEEvPv @ 0xae1c20
GUIDED: _ZN8AP_Tramp6updateEv @ 0x70cf70
GUIDED: _ZN7FunctorIvJEE14method_wrapperI8AP_TrampXadL_ZNS2_6updateEvEEEEvPv @ 0xae1cd0
GUIDED: _ZN10AP_VideoTX6updateEv @ 0x70df50
GUIDED: _ZN7FunctorIvJEE14method_wrapperI10AP_VideoTXXadL_ZNS2_6updateEvEEEEvPv @ 0xae1f00
GUIDED: _ZN10AP_GyroFFT17update_parametersEv @ 0xae1fb0
GUIDED: _ZN7FunctorIvJEE14method_wrapperI10AP_GyroFFTXadL_ZNS2_17update_parametersEvEEEEvPv @ 0xae2000
GUIDED: _ZN10AP_GyroFFT17update_parametersEb @ 0x70e180
GUIDED: _ZN10AP_GyroFFT6updateEv @ 0x70e520
GUIDED: _ZN7FunctorIvJEE14method_wrapperI10AP_GyroFFTXadL_ZNS2_6updateEvEEEEvPv @ 0xae20b0
GUIDED: _ZN14AP_NMEA_Output6updateEv @ 0x70e6b0
GUIDED: _ZN7FunctorIvJEE14method_wrapperI14AP_NMEA_OutputXadL_ZNS2_6updateEvEEEEvPv @ 0xae2160
GUIDED: _ZN7FunctorIvJEE14method_wrapperI9AP_NotifyXadL_ZNS2_6updateEvEEEEvPv @ 0xae2210
GUIDED: _ZN7Compass10cal_updateEv @ 0x70f720
GUIDED: _ZN7FunctorIvJEE14method_wrapperI7CompassXadL_ZNS2_10cal_updateEvEEEEvPv @ 0xae22c0
GUIDED: _ZN11AP_Airspeed6updateEv @ 0x710090
GUIDED: _ZN7FunctorIvJEE14method_wrapperI11AP_AirspeedXadL_ZNS2_6updateEvEEEEvPv @ 0xae23d0
GUIDED: _ZNK11AP_Airspeed11get_primaryEv @ 0xae2560
GUIDED: _ZN10AP_GyroFFT12sample_gyrosEv @ 0x712340
GUIDED: _ZN7FunctorIvJEE14method_wrapperI10AP_GyroFFTXadL_ZNS2_12sample_gyrosEvEEEEvPv @ 0xae25b0
GUIDED: _ZN10AP_Vehicle4loopEv @ 0x712c30
GUIDED: _ZN12AP_Scheduler4loopEv @ 0x712ed0
GUIDED: _ZN12AP_Scheduler17get_loop_period_sEv @ 0xae57d0
GUIDED: _ZN17AP_InertialSensor15wait_for_sampleEv @ 0x713470
GUIDED: _ZN12AP_Scheduler4tickEv @ 0x7139b0
GUIDED: _ZN12AP_Scheduler3runEj @ 0x713a10
GUIDED: _ZN2AP8PerfInfo15check_loop_timeEj @ 0x713fc0
GUIDED: _ZN2AP8PerfInfo12task_slippedEh @ 0xae5900
GUIDED: _ZL15fill_nanf_stackv @ 0x714150
GUIDED: _ZN2AP8PerfInfo16update_task_infoEhtb @ 0x7141a0
GUIDED: _ZNK7AP_AHRS24_get_primary_accel_indexEv @ 0x71ab00
GUIDED: _ZNK7AP_AHRS22_get_primary_IMU_indexEv @ 0x71ab50
GUIDED: _ZNK7NavEKF322getPrimaryCoreIMUIndexEv @ 0x71acb0
GUIDED: _ZNK17AP_InertialSensor21get_first_usable_gyroEv @ 0xae5c40
GUIDED: _ZNK12NavEKF3_core11getIMUIndexEv @ 0xae5c90
GUIDED: _ZNK14AP_BattMonitor17has_cell_voltagesEh @ 0x71ade0
GUIDED: _ZN2AP3EFIEv @ 0x71b630
GUIDED: _ZN6AP_EFI13get_singletonEv @ 0xae6620
GUIDED: _ZN7FunctorIvJEE14method_wrapperI10AP_VehicleXadL_ZNS2_18fence_checks_asyncEvEEEEvPv @ 0xae6fc0
GUIDED: _ZN13AP_Filesystem5writeEiPKvj @ 0x71c3a0
GUIDED: _ZN13AP_Filesystem5fsyncEi @ 0x71c440
GUIDED: _ZN13AP_Filesystem5lseekEiii @ 0x71c7a0
GUIDED: _ZN6AP_HAL6Device14write_registerEhhb @ 0x722450
GUIDED: _ZNK7FunctorIvJhPhjbEEcvbEv @ 0xae9cd0
GUIDED: _ZL3MAXIjjEDTqugtfp_fp0_fp_fp0_ERKT_RKT0_.4719 @ 0x72a9f0
GUIDED: _ZN15ekf_ring_buffer4pushEPKv @ 0x72aa70
GUIDED: _ZNK15ekf_ring_buffer10get_offsetEh @ 0x72ab70
GUIDED: _ZL7radiansf.4725 @ 0x72bf10
GUIDED: _ZN11QuaternionTIdEC2Edddd @ 0xaebdf0
GUIDED: _ZN11QuaternionTIfEmLERKS0_ @ 0xaebea0
GUIDED: _ZN13AP_Filesystem5mkdirEPKc @ 0x736750
GUIDED: _ZN13AP_Filesystem10disk_spaceEPKc @ 0x74ffa0
GUIDED: _ZN9AP_Logger16log_file_contentERNS_11FileContentEPKc @ 0x7507c0
GUIDED: _ZNK7AP_AHRS8get_gyroEv @ 0xaef5b0
GUIDED: _ZNK7AP_AHRS17airspeed_estimateERf @ 0x759930
GUIDED: _ZNK17AP_InertialSensor20get_vibration_levelsEv @ 0xaef610
GUIDED: _ZNK17AP_InertialSensor20get_vibration_levelsEh @ 0x759a30
GUIDED: _ZNK10DigitalLPFI7Vector3IfEE3getEv @ 0xaef690
GUIDED: _ZN7AP_AHRS8set_homeERK8Location @ 0x75a340
GUIDED: _ZN7AP_AHRS25Log_Write_Home_And_OriginEv @ 0x75a530
GUIDED: _ZNK7AP_AHRS12Write_OriginENS_13LogOriginTypeERK8Location @ 0x75a600
GUIDED: _ZNK11QuaternionTIdE7is_zeroEv @ 0xaef740
GUIDED: _ZN12NavEKF3_core24alignMagStateDeclinationEv @ 0x75ae60
GUIDED: _ZN12NavEKF3_core18getEarthFieldTableERK8Location @ 0x75b100
GUIDED: _ZN14AP_Declination15get_declinationEff @ 0x75b200
GUIDED: _ZNK12NavEKF3_core14MagDeclinationEv @ 0x75b290
GUIDED: _ZN12NavEKF3_core8zeroRowsERA24_A24_dhh @ 0x75b370
GUIDED: _ZN12NavEKF3_core8zeroColsERA24_A24_dhh @ 0x75b430
GUIDED: _ZN12NavEKF3_core15FuseDeclinationEd @ 0x75b4f0
GUIDED: _ZN18NavEKF_core_common10zero_rangeEPdhh @ 0xaef8e0
GUIDED: _ZN12NavEKF3_core13ForceSymmetryEv @ 0x75c550
GUIDED: _ZN12NavEKF3_core18ConstrainVariancesEv @ 0x75c6a0
GUIDED: _ZN11QuaternionTIdE9normalizeEv @ 0xaef970
GUIDED: _ZNK11QuaternionTIdE6lengthEv @ 0xaefa50
GUIDED: _Z20constrain_value_lineIdET_S0_S0_S0_j @ 0xaefb10
GUIDED: _Z2sqI9AP_ParamTIfL11ap_var_type4EEEdT_ @ 0xaefc30
GUIDED: _ZNK9AP_ParamTIfL11ap_var_type4EEcvdEv @ 0xaefc90
GUIDED: _ZL7radiansf.4927 @ 0x75d110
GUIDED: _ZL2sqf.4850 @ 0x75dc30
GUIDED: _ZNK8Location21get_distance_NE_ftypeERKS_ @ 0x75dd80
GUIDED: _ZN16EKF_IMU_buffer_tIN12NavEKF3_core15output_elementsEEixEj @ 0xaefdb0
GUIDED: _ZNK14ekf_imu_buffer3getEh @ 0x75e030
GUIDED: _ZNK14ekf_imu_buffer10get_offsetEh @ 0x75e090
GUIDED: _ZNK14AP_BattMonitor24voltage_resting_estimateEh @ 0x75fb80
GUIDED: _ZNK14AP_BattMonitor11consumed_whERfh @ 0x75fc30
GUIDED: _ZNK6AP_GPS8get_vdopEh @ 0xaeff10
GUIDED: _ZNK6AP_GPS16last_fix_time_msEh @ 0xaeff80
GUIDED: _ZNK6AP_GPS20last_message_time_msEh @ 0xaefff0
GUIDED: _ZNK6AP_GPS22have_vertical_velocityEh @ 0xaf0060
GUIDED: _ZNK6AP_GPS18get_antenna_offsetEh @ 0x761da0
GUIDED: _ZNK14AP_GPS_Blended18get_antenna_offsetEv @ 0xaf00e0
GUIDED: _ZNK6AP_GPS11gps_yaw_degEhRfS0_Rj @ 0x761e70
GUIDED: _ZNK6AP_GPS11is_rtk_baseEh @ 0x762060
GUIDED: _ZNK6AP_GPS12have_gps_yawEh @ 0xaf0130
GUIDED: _ZNK12AP_Proximity10get_statusEv @ 0x762da0
GUIDED: _ZNK12AP_Proximity11num_sensorsEv @ 0xaf01d0
GUIDED: _ZNK11RangeFinder13status_orientE8Rotation @ 0x763e80
GUIDED: _ZNK10AP_Vehicle18get_time_flying_msEv @ 0xaf06e0
GUIDED: _ZN12SRV_Channels23get_output_channel_maskEN11SRV_Channel8FunctionE @ 0x7697e0
GUIDED: _ZN12SRV_Channels14set_output_pwmEN11SRV_Channel8FunctionEt @ 0x76a510
GUIDED: _ZN11SRV_Channel9output_chEv @ 0x76a600
GUIDED: _ZNK10RC_Channel13norm_input_dzEv @ 0x76a960
GUIDED: _ZN11SRV_Channel12set_overrideEb @ 0xaf08e0
GUIDED: _ZN12SRV_Channels17set_output_scaledEN11SRV_Channel8FunctionEf @ 0x76af20
GUIDED: _ZNK10AP_Mission5stateEv @ 0xaf0ca0
GUIDED: _ZN10AP_Mission12get_next_cmdEtRNS_15Mission_CommandEbb @ 0x76fd60
GUIDED: _ZN10AP_Mission10is_nav_cmdERKNS_15Mission_CommandE @ 0x770050
GUIDED: _ZN19AP_ServoRelayEvents13update_eventsEv @ 0x773f30
GUIDED: _Z16constrain_uint16ttt @ 0xaf1220
GUIDED: _Z15constrain_valueItET_S0_S0_S0_ @ 0xaf12b0
GUIDED: _ZN17AP_Logger_Backend17Write_Mission_CmdERK10AP_MissionRKNS0_15Mission_CommandE11LogMessages @ 0x774180
GUIDED: _ZN10AP_Mission16get_next_nav_cmdEtRNS_15Mission_CommandE @ 0x775470
GUIDED: _ZNK9AP_Motors14initialised_okEv @ 0xaf1650
GUIDED: _ZNK9AP_Motors16get_thrust_boostEv @ 0xaf16b0
GUIDED: _ZNK20AP_MotorsMulticopter18get_pwm_output_minEv @ 0xaf1910
GUIDED: _ZNK20AP_MotorsMulticopter18get_pwm_output_maxEv @ 0xaf1970
GUIDED: _ZNK9AP_Motors13get_interlockEv @ 0xaf1f20
GUIDED: _ZNK9AP_Motors8get_rollEv @ 0xaf1fd0
GUIDED: _ZNK9AP_Motors11get_roll_ffEv @ 0xaf2020
GUIDED: _ZNK9AP_Motors9get_pitchEv @ 0xaf2070
GUIDED: _ZNK9AP_Motors12get_pitch_ffEv @ 0xaf20c0
GUIDED: _ZNK9AP_Motors7get_yawEv @ 0xaf2110
GUIDED: _ZNK9AP_Motors10get_yaw_ffEv @ 0xaf2160
GUIDED: _ZNK9AP_Motors12get_throttleEv @ 0xaf21b0
GUIDED: _ZNK9AP_Motors15get_spool_stateEv @ 0xaf22c0
GUIDED: _ZNK9AP_Follow11have_targetEv @ 0x77a9b0
GUIDED: _ZN9AP_Follow13get_singletonEv @ 0xaf2310
GUIDED: _ZN11AC_PrecLand13get_singletonEv @ 0xaf2400
GUIDED: _ZNK6AC_PID12get_pid_infoEv @ 0xaf2490
GUIDED: _ZNK18AC_AttitudeControl23get_att_error_angle_degEv @ 0xaf2520
GUIDED: _ZL7degreesf.1032 @ 0x77b810
GUIDED: _ZNK13AC_PosControl12is_active_NEEv @ 0x77c180
GUIDED: _ZNK13AC_PosControl11is_active_UEv @ 0x77c200
GUIDED: _ZNK12AP_Scheduler7ticks32Ev @ 0xaf25c0
GUIDED: _ZN12AP_Scripting19is_handling_commandEt @ 0x780c20
GUIDED: _ZNK10RC_Channel10norm_inputEv @ 0x7a12b0
GUIDED: _ZNK8Location29get_vector_from_origin_NEU_cmI7Vector3IfEEEbRT_ @ 0xaf30c0
GUIDED: _ZNK7Vector3IfE6is_infEv @ 0xaf3200
GUIDED: _ZN7Vector2IfE9normalizeEv @ 0xaf3530
GUIDED: _ZN7Vector2IfEdVEf @ 0xaf3590
GUIDED: _ZNK7Vector2IfE6is_infEv @ 0xaf3610
GUIDED: _ZN11QuaternionTIfE15from_axis_angleERK7Vector3IfEf @ 0xaf37b0
GUIDED: _ZL3MAXIjjEDTqugtfp_fp0_fp_fp0_ERKT_RKT0_.6253 @ 0x7b3860
GUIDED: _ZN9AP_Logger19file_content_updateEv @ 0x7b3a60
GUIDED: _ZN9AP_Logger34prepare_at_arming_sys_file_loggingEv @ 0x7b3b00
GUIDED: _ZN9AP_Logger19file_content_updateERNS_11FileContentE @ 0x7b3bc0
GUIDED: _ZN9AP_Logger11FileContent15remove_and_freeEPNS_9file_listE @ 0x7b3e70
GUIDED: _ZN9AP_Logger24WriteBlock_first_succeedEPKvt @ 0x7b3fd0
GUIDED: _ZN9AP_Logger11FileContent5resetEv @ 0x7b40c0
GUIDED: _ZN35LoggerMessageWriter_Write_Polyfence7processEv @ 0x7b4200
GUIDED: _ZN17AP_Logger_Backend13Write_MessageEPKc @ 0x7b4400
GUIDED: _ZNK19LoggerMessageWriter32out_of_time_for_writing_messagesEv @ 0x7b44c0
GUIDED: _ZN39LoggerMessageWriter_WriteAllRallyPoints7processEv @ 0x7b4620
GUIDED: _ZN38LoggerMessageWriter_WriteEntireMission7processEv @ 0x7b47f0
GUIDED: _ZN32LoggerMessageWriter_WriteSysInfo5resetEv @ 0x7b4990
GUIDED: _ZN32LoggerMessageWriter_WriteSysInfo7processEv @ 0x7b49f0
GUIDED: _ZN17AP_Logger_Backend14Write_MessageFEPKcz @ 0x7b4d30
GUIDED: _ZN17AP_Logger_Backend9Write_VEREv @ 0x7b4f40
GUIDED: _ZN8AP_Param12storage_usedEv @ 0xaf4990
GUIDED: _ZN8AP_Param12storage_sizeEv @ 0xaf49d0
GUIDED: _ZN30LoggerMessageWriter_DFLogStart5resetEv @ 0x7b50b0
GUIDED: _ZN30LoggerMessageWriter_DFLogStart7processEv @ 0x7b51c0
GUIDED: _ZNK30LoggerMessageWriter_DFLogStart35out_of_time_for_writing_messages_dfEv @ 0x7b57c0
GUIDED: _ZNK17AP_Logger_Backend9num_typesEv @ 0x7b5850
GUIDED: _ZNK17AP_Logger_Backend9structureEh @ 0x7b58a0
GUIDED: _ZN30LoggerMessageWriter_DFLogStart19check_process_limitEj @ 0x7b5910
GUIDED: _ZN17AP_Logger_Backend15Write_ParameterEPK8AP_ParamRKNS0_10ParamTokenE11ap_var_typef @ 0x7b5980
GUIDED: _ZNK17AP_Logger_Backend9num_unitsEv @ 0x7b5a60
GUIDED: _ZNK17AP_Logger_Backend4unitEh @ 0x7b5ab0
GUIDED: _ZN17AP_Logger_Backend10Write_UnitEPK13UnitStructure @ 0x7b5b20
GUIDED: _ZNK17AP_Logger_Backend15num_multipliersEv @ 0x7b5bf0
GUIDED: _ZNK17AP_Logger_Backend10multiplierEh @ 0x7b5c40
GUIDED: _ZN17AP_Logger_Backend16Write_MultiplierEPK19MultiplierStructure @ 0x7b5cb0
GUIDED: _ZNK17AP_Logger_Backend22vehicle_message_writerEv @ 0x7b5d60
GUIDED: _ZNK9AP_Logger10multiplierEt @ 0x7b5dc0
GUIDED: _ZNK9AP_Logger4unitEt @ 0x7b5e30
GUIDED: _ZN17AP_Logger_Backend14periodic_tasksEv @ 0x7b6420
GUIDED: _ZNK17AP_Logger_Backend13StartNewLogOKEv @ 0x7b6810
GUIDED: _ZN17AP_Logger_Backend24WriteMoreStartupMessagesEv @ 0x7b68f0
GUIDED: _ZN17AP_Logger_Backend29start_new_log_reset_variablesEv @ 0x7b6aa0
GUIDED: _ZN9AP_Logger24backend_starting_new_logEPK17AP_Logger_Backend @ 0x7b6fc0
GUIDED: _ZN17AP_Logger_Backend13PrepForArmingEv @ 0x7b8870
GUIDED: _ZNK17AP_Logger_Backend15logging_enabledEv @ 0x7b8910
GUIDED: _ZN17AP_Logger_Backend13periodic_10HzEj @ 0x7b8a40
GUIDED: _ZN17AP_Logger_Backend12periodic_1HzEv @ 0x7b8a90
GUIDED: _ZN17AP_Logger_Backend15push_log_blocksEv @ 0x7b8b20
GUIDED: _ZN17AP_Logger_Backend12df_stats_logEv @ 0x7b8b80
GUIDED: _ZN17AP_Logger_Backend26Write_AP_Logger_Stats_FileERKNS_8df_statsE @ 0x7b8bf0
GUIDED: _ZN17AP_Logger_Backend14df_stats_clearEv @ 0x7b8d00
GUIDED: _ZNK30LoggerMessageWriter_DFLogStart8fmt_doneEv @ 0xaf5610
GUIDED: _ZNK17AP_Logger_Backend40non_messagewriter_message_reserved_spaceEj @ 0xaf5670
GUIDED: _ZNK17AP_Logger_Backend31critical_message_reserved_spaceEj @ 0xaf56e0
GUIDED: _ZN17AP_Logger_Backend15df_stats_gatherEtj @ 0x7bb1d0
GUIDED: _ZN9AP_Logger16get_max_num_logsEv @ 0x7bcd20
GUIDED: _ZNK14AP_Logger_File12CardInsertedEv @ 0x7bcf20
GUIDED: _ZN14AP_Logger_File13find_last_logEv @ 0x7bd050
GUIDED: _ZNK14AP_Logger_File15logging_startedEv @ 0xaf5b70
GUIDED: _ZN14AP_Logger_File21bufferspace_availableEv @ 0x7bded0
GUIDED: _ZN14AP_Logger_File13start_new_logEv @ 0x7bdf80
GUIDED: _ZN14AP_Logger_File12stop_loggingEv @ 0x7be3b0
GUIDED: _ZNK14AP_Logger_File14logging_failedEv @ 0x7be4e0
GUIDED: _ZN14AP_Logger_File8io_timerEv @ 0x7be5a0
GUIDED: _ZN14AP_Logger_File12periodic_1HzEv @ 0x7beb70
GUIDED: _ZN14AP_Logger_File17periodic_fullrateEv @ 0x7bee20
GUIDED: _ZNK14AP_Logger_File8WritesOKEv @ 0x7bee70
GUIDED: _ZNK14AP_Logger_File13StartNewLogOKEv @ 0x7bef00
GUIDED: _ZN14AP_Logger_File27PrepForArming_start_loggingEv @ 0x7befb0
GUIDED: _ZN14AP_Logger_File22_WritePrioritisedBlockEPKvtb @ 0x7bf0b0
GUIDED: _ZN7AP_AHRS6updateEb @ 0x7bf320
GUIDED: _ZN7AP_AHRS18update_orientationEv @ 0x7bf660
GUIDED: _ZN17AP_InertialSensor6updateEv @ 0x7bf760
GUIDED: _ZN7AP_AHRS29update_trim_rotation_matricesEv @ 0x7bfdd0
GUIDED: _ZN7AP_AHRS10update_DCMEv @ 0x7bfee0
GUIDED: _ZN7AP_AHRS12update_flagsEv @ 0x7bff80
GUIDED: _ZN7AP_AHRS11update_SITLEv @ 0x7c0040
GUIDED: _ZN7AP_AHRS15update_externalEv @ 0x7c00f0
GUIDED: _ZN7AP_AHRS11update_EKF2Ev @ 0x7c0210
GUIDED: _ZN7AP_AHRS11update_EKF3Ev @ 0x7c0700
GUIDED: _ZNK7AP_AHRS14get_gyro_driftEv @ 0xaf5bd0
GUIDED: _ZN12AP_AHRS_View6updateEv @ 0x7c0c40
GUIDED: _ZN7AP_AHRS14update_AOA_SSAEv @ 0x7c0ef0
GUIDED: _ZNK7AP_AHRS16_active_EKF_typeEv @ 0x7c0f40
GUIDED: _ZN7AP_AHRS12update_stateEv @ 0x7c1470
GUIDED: _ZNK7AP_AHRS23_get_primary_gyro_indexEv @ 0x7c1710
GUIDED: _ZNK7AP_AHRS23_get_primary_core_indexEv @ 0x7c17c0
GUIDED: _ZNK7AP_AHRS14_wind_estimateER7Vector3IfE @ 0x7c1890
GUIDED: _ZN15AP_AHRS_Backend11get_EAS2TASEv @ 0x7c19c0
GUIDED: _ZNK7AP_AHRS13_airspeed_EASERfRNS_20AirspeedEstimateTypeE @ 0x7c1a00
GUIDED: _ZNK7AP_AHRS13_airspeed_TASERf @ 0x7c1f80
GUIDED: _ZNK7AP_AHRS13_airspeed_TASER7Vector3IfE @ 0x7c2090
GUIDED: _ZNK7AP_AHRS15_get_quaternionER11QuaternionTIfE @ 0x7c2170
GUIDED: _ZNK7AP_AHRS23_get_secondary_attitudeER7Vector3IfE @ 0x7c2330
GUIDED: _ZNK7AP_AHRS25_get_secondary_quaternionER11QuaternionTIfE @ 0x7c2530
GUIDED: _ZNK7AP_AHRS13_get_locationER8Location @ 0x7c26e0
GUIDED: _ZNK7AP_AHRS23_get_secondary_positionER8Location @ 0x7c2860
GUIDED: _ZN7AP_AHRS19_groundspeed_vectorEv @ 0x7c29b0
GUIDED: _ZN7AP_AHRS12_groundspeedEv @ 0x7c2ae0
GUIDED: _ZNK7AP_AHRS29_getCorrectedDeltaVelocityNEDER7Vector3IfERf @ 0x7c2bb0
GUIDED: _ZNK7AP_AHRS17_get_velocity_NEDER7Vector3IfE @ 0x7c2e40
GUIDED: _ZNK7NavEKF39getVelNEDER7Vector3IfE @ 0x7c3000
GUIDED: _ZNK12NavEKF3_core9getVelNEDER7Vector3IfE @ 0x7c3330
GUIDED: _ZNK7NavEKF312getAccelBiasEaR7Vector3IfE @ 0x7c3520
GUIDED: _ZNK17AP_InertialSensor18get_delta_velocityEhR7Vector3IfERf @ 0x7c35f0
GUIDED: _ZNK7AP_AHRS43get_rotation_autopilot_body_to_vehicle_bodyEv @ 0xaf5cc0
GUIDED: _ZNK17AP_InertialSensor14get_delta_timeEv @ 0xaf5d10
GUIDED: _ZL3MINIffEDTqultfp_fp0_fp_fp0_ERKT_RKT0_.3694 @ 0x7c37a0
GUIDED: _ZL3MINIffEDTqultfp_fp0_fp_fp0_ERKT_RKT0_.2119 @ 0x7c3830
GUIDED: _ZNK12NavEKF3_core12getAccelBiasER7Vector3IfE @ 0x7c38c0
GUIDED: _ZL7radiansf.2107 @ 0x7c3fb0
GUIDED: _ZN7Vector2IfEmLEf @ 0xaf5e80
GUIDED: _ZNK7AP_AHRS23_get_secondary_EKF_typeERNS_7EKFTypeE @ 0x7c4000
GUIDED: _ZNK7NavEKF36getLLHER8Location @ 0x7c41f0
GUIDED: _ZNK12NavEKF3_core6getLLHER8Location @ 0x7c4290
GUIDED: _ZNK7AP_AHRS24fallback_active_EKF_typeEv @ 0x7c4860
GUIDED: _ZNK11AP_AHRS_DCM14get_quaternionER11QuaternionTIfE @ 0x7c48b0
GUIDED: _ZNK7NavEKF313getQuaternionER11QuaternionTIfE @ 0x7c49b0
GUIDED: _ZN11QuaternionTIfE6rotateERK7Vector3IfE @ 0xaf5ff0
GUIDED: _ZN11QuaternionTIfE15from_axis_angleE7Vector3IfE @ 0xaf60a0
GUIDED: _ZN15AP_ExternalAHRS14get_quaternionER11QuaternionTIfE @ 0x7c4ab0
GUIDED: _ZNK12NavEKF3_core13getQuaternionER11QuaternionTIfE @ 0x7c4b60
GUIDED: _ZNK11QuaternionTIdE7tofloatEv @ 0xaf6180
GUIDED: _ZNK7NavEKF314getEulerAnglesER7Vector3IfE @ 0x7c4d10
GUIDED: _ZNK7NavEKF312getAirSpdVecER7Vector3IfE @ 0x7c4ef0
GUIDED: _ZNK12NavEKF3_core12getAirSpdVecER7Vector3IfE @ 0x7c4f90
GUIDED: _ZNK11QuaternionTIdE7inverseEv @ 0xaf6200
GUIDED: _ZNK7AP_AHRS25get_active_airspeed_indexEv @ 0x7c5390
GUIDED: _ZNK7AP_AHRS27_should_use_airspeed_sensorEh @ 0x7c5490
GUIDED: _ZNK7AP_AHRS27get_wind_estimation_enabledEv @ 0xaf62b0
GUIDED: _ZNK7NavEKF37getWindER7Vector3IfE @ 0x7c57a0
GUIDED: _ZNK12NavEKF3_core7getWindER7Vector3IfE @ 0x7c58c0
GUIDED: _ZN15AP_AHRS_Backend23airspeed_sensor_enabledEh @ 0xaf6370
GUIDED: _ZNK7AP_AHRS23airspeed_sensor_enabledEh @ 0xaf6450
GUIDED: _ZNK7NavEKF317getActiveAirspeedEv @ 0x7c5a90
GUIDED: _ZNK12NavEKF3_core17getActiveAirspeedEv @ 0x7c5b20
GUIDED: _ZNK7AP_Baro12_get_EAS2TASEv @ 0x7c5b70
GUIDED: _ZNK7AP_Baro20get_EAS2TAS_extendedEf @ 0x7c5be0
GUIDED: _ZNK7NavEKF319getPrimaryCoreIndexEv @ 0x7c5eb0
GUIDED: _ZNK7NavEKF315getFilterFaultsERt @ 0x7c5fc0
GUIDED: _ZNK16AP_NavEKF_Source14getPosXYSourceEh @ 0xaf6610
GUIDED: _ZL7degreesf.18358 @ 0x7c61b0
GUIDED: _ZNK7AP_AHRS9calc_trigERK7Matrix3IfERfS4_S4_S4_S4_S4_ @ 0x7c6200
GUIDED: _ZNK9AP_Logger15allow_start_ekfEv @ 0x7c65f0
GUIDED: _ZN7NavEKF312UpdateFilterEv @ 0x7c6cc0
GUIDED: _ZNK7NavEKF320getRotationBodyToNEDER7Matrix3IfE @ 0x7c7290
GUIDED: _ZN7AP_AHRS16update_cd_valuesEv @ 0x7c7320
GUIDED: _ZN7AP_AHRS11update_trigEv @ 0x7c7460
GUIDED: _ZNK17AP_InertialSensor22get_first_usable_accelEv @ 0xaf6690
GUIDED: _ZNK7NavEKF311getGyroBiasEaR7Vector3IfE @ 0x7c7540
GUIDED: _ZN7AP_AHRS32update_notify_from_filter_statusERK17nav_filter_status @ 0x7c7610
GUIDED: _ZNK12NavEKF3_core11getGyroBiasER7Vector3IfE @ 0x7c76c0
GUIDED: _ZL7degreesf.2051 @ 0x7c77a0
GUIDED: _ZN6AP_DAL11start_frameENS_9FrameTypeE @ 0x7c77f0
GUIDED: _ZNK6AP_DAL8micros64Ev @ 0xaf66e0
GUIDED: _ZNK12NavEKF3_core21getFramesSincePredictEv @ 0x7c7cd0
GUIDED: _ZN6AP_DAL22ekf_low_time_remainingENS_7EKFTypeEh @ 0x7c7d30
GUIDED: _ZN12NavEKF3_core12UpdateFilterEb @ 0x7c7e70
GUIDED: _ZNK6AP_DAL9get_armedEv @ 0xaf6730
GUIDED: _ZN7NavEKF321updateCoreErrorScoresEv @ 0x7c80a0
GUIDED: _ZN7NavEKF324updateCoreRelativeErrorsEv @ 0x7c8160
GUIDED: _ZNK7NavEKF315coreBetterScoreEhh @ 0x7c8300
GUIDED: _ZN16AP_NavEKF_Source22align_inactive_sourcesEv @ 0x7c8500
GUIDED: _ZNK16AP_NavEKF_Source13getPosZSourceEh @ 0x7c87b0
GUIDED: _ZNK7AP_EnumIN16AP_NavEKF_Source7SourceZEEcvKS1_Ev @ 0xaf6810
GUIDED: _ZL3MAXI9AP_ParamTIfL11ap_var_type4EEfEDTqugtfp_fp0_fp_fp0_ERKT_RKT0_.4508 @ 0x7c8990
GUIDED: _ZN18NavEKF_core_common22fill_scratch_variablesEv @ 0x7c8a20
GUIDED: _ZN12NavEKF3_core23update_sensor_selectionEv @ 0x7c8ac0
GUIDED: _ZN12NavEKF3_core18controlFilterModesEv @ 0x7c8b30
GUIDED: _ZN12NavEKF3_core11readIMUDataEb @ 0x7c8c00
GUIDED: _ZN12NavEKF3_core27UpdateStrapdownEquationsNEDEv @ 0x7c94d0
GUIDED: _ZN12NavEKF3_core20CovariancePredictionEP7Vector3IdE @ 0x7c99b0
GUIDED: _ZN12NavEKF3_core25runYawEstimatorPredictionEv @ 0x7d41a0
GUIDED: _ZN12NavEKF3_core15SelectMagFusionEv @ 0x7d4300
GUIDED: _ZN12NavEKF3_core18SelectVelPosFusionEv @ 0x7d5030
GUIDED: _ZN12NavEKF3_core25runYawEstimatorCorrectionEv @ 0x7d59f0
GUIDED: _ZN12NavEKF3_core18SelectRngBcnFusionEv @ 0x7d5be0
GUIDED: _ZN12NavEKF3_core16SelectFlowFusionEv @ 0x7d5d10
GUIDED: _ZN12NavEKF3_core20SelectBodyOdomFusionEv @ 0x7d5ff0
GUIDED: _ZN12NavEKF3_core15SelectTasFusionEv @ 0x7d62a0
GUIDED: _ZN12NavEKF3_core20SelectBetaDragFusionEv @ 0x7d63a0
GUIDED: _ZN12NavEKF3_core18updateFilterStatusEv @ 0x7d6660
GUIDED: _ZN12NavEKF3_core13moveEKFOriginEv @ 0x7d6fa0
GUIDED: _ZN12NavEKF3_core21checkUpdateEarthFieldEv @ 0x7d7150
GUIDED: _ZN12NavEKF3_core16calcOutputStatesEv @ 0x7d7210
GUIDED: _ZN12NavEKF3_core11readMagDataEv @ 0x7d8560
GUIDED: _ZN12NavEKF3_core11readGpsDataEv @ 0x7d8a70
GUIDED: _ZN12NavEKF3_core14readGpsYawDataEv @ 0x7d9400
GUIDED: _ZN12NavEKF3_core12readBaroDataEv @ 0x7d9530
GUIDED: _ZN6AP_DAL3insEv @ 0xaf68c0
GUIDED: _ZNK21AP_DAL_InertialSensor9get_accelEh @ 0xaf6910
GUIDED: _ZN11QuaternionTIdE10from_eulerEddd @ 0xaf69e0
GUIDED: _ZL2sqf.4910 @ 0x7db560
GUIDED: _ZNK16AP_NavEKF_Source13useVelZSourceENS_7SourceZEh @ 0x7db6d0
GUIDED: _ZNK12NavEKF3_core26CorrectGPSForAntennaOffsetERNS_12gps_elementsE @ 0x7db800
GUIDED: _ZNK10AP_DAL_GPS18get_antenna_offsetEh @ 0xaf6be0
GUIDED: _ZNK7Vector3IdErmERKS0_ @ 0xaf6c50
GUIDED: _ZNK7Matrix3IdE13mul_transposeERK7Vector3IdE @ 0xaf6d30
GUIDED: _ZN7Vector3IdEdVEd @ 0xaf6e40
GUIDED: _ZNK21AP_DAL_InertialSensor16get_loop_delta_tEv @ 0xaf6ed0
GUIDED: _ZNK14AP_DAL_Compass16get_first_usableEv @ 0xaf72f0
GUIDED: _ZNK11AP_DAL_Baro15get_last_updateEh @ 0xaf7560
GUIDED: _ZNK11AP_DAL_Baro12get_altitudeEh @ 0xaf75d0
GUIDED: _ZN16EKF_obs_buffer_tIN12NavEKF3_core13baro_elementsEE4pushERKS1_ @ 0xaf7640
GUIDED: _ZNK10AP_DAL_GPS11gps_yaw_degEhRfS0_Rj @ 0xaf76b0
GUIDED: _ZL3MAXIfdEDTqugtfp_fp0_fp_fp0_ERKT_RKT0_ @ 0x7dc200
GUIDED: _ZNK10AP_DAL_GPS20last_message_time_msEh @ 0xaf77d0
GUIDED: _ZNK10AP_DAL_GPS7get_lagEhRf @ 0xaf7840
GUIDED: _ZL3MINIjjEDTqultfp_fp0_fp_fp0_ERKT_RKT0_.4728 @ 0x7dc400
GUIDED: _ZNK10AP_DAL_GPS8velocityEh @ 0xaf78f0
GUIDED: _ZNK10AP_DAL_GPS22have_vertical_velocityEh @ 0xaf7960
GUIDED: _ZNK10AP_DAL_GPS14speed_accuracyEhRf @ 0xaf79e0
GUIDED: _ZL3MAXIdfEDTqugtfp_fp0_fp_fp0_ERKT_RKT0_.4723 @ 0x7dc480
GUIDED: _ZL3MINIdfEDTqultfp_fp0_fp_fp0_ERKT_RKT0_ @ 0x7dc520
GUIDED: _ZL3MAXId9AP_ParamTIfL11ap_var_type4EEEDTqugtfp_fp0_fp_fp0_ERKT_RKT0_ @ 0x7dc5c0
GUIDED: _ZNK10AP_DAL_GPS19horizontal_accuracyEhRf @ 0xaf7a90
GUIDED: _ZNK10AP_DAL_GPS17vertical_accuracyEhRf @ 0xaf7b40
GUIDED: _ZNK10AP_DAL_GPS8num_satsEh @ 0xaf7bf0
GUIDED: _ZN12NavEKF3_core18calcGpsGoodToAlignEv @ 0x7dc670
GUIDED: _ZN12NavEKF3_core20calcGpsGoodForFlightEv @ 0x7dd5d0
GUIDED: _ZN16EKF_obs_buffer_tIN12NavEKF3_core12gps_elementsEE4pushERKS1_ @ 0xaf7c60
GUIDED: _ZL3MAXIddEDTqugtfp_fp0_fp_fp0_ERKT_RKT0_.4888 @ 0x7dda90
GUIDED: _ZL3MINIdfEDTqultfp_fp0_fp_fp0_ERKT_RKT0_.4875 @ 0x7ddb10
GUIDED: _ZNK10AP_DAL_GPS8get_hdopEh @ 0xaf7cd0
GUIDED: _ZNK14AP_DAL_Compass9get_countEv @ 0xaf7d40
GUIDED: _ZNK14AP_DAL_Compass21learn_offsets_enabledEv @ 0xaf7d90
GUIDED: _ZNK14AP_DAL_Compass16last_update_usecEh @ 0xaf7df0
GUIDED: _ZNK7Vector3IdEneERKS0_ @ 0xaf7e60
GUIDED: _ZN12NavEKF3_core12mag_elementsC2Ev @ 0xaf7f30
GUIDED: _ZNK14AP_DAL_Compass9get_fieldEh @ 0xaf7f90
GUIDED: _ZNK14AP_DAL_Compass10consistentEv @ 0xaf8000
GUIDED: _ZN16EKF_obs_buffer_tIN12NavEKF3_core12mag_elementsEE4pushERKS1_ @ 0xaf8060
GUIDED: _Z8is_equalIddENSt3__19enable_ifIXsr3std17is_floating_pointINS0_11common_typeIJT_T0_EE4typeEEE5valueEbE4typeES3_S4_ @ 0xaf80d0
GUIDED: _ZN12NavEKF3_core17correctDeltaAngleER7Vector3IdEdh @ 0x7dddf0
GUIDED: _ZN12NavEKF3_core20correctDeltaVelocityER7Vector3IdEdh @ 0x7ddeb0
GUIDED: _ZN11QuaternionTIdEC2Ev @ 0xaf8150
GUIDED: _ZN11QuaternionTIdE15from_axis_angleE7Vector3IdE @ 0xaf81c0
GUIDED: _ZN11QuaternionTIdEmLERKS0_ @ 0xaf8280
GUIDED: _ZNK11QuaternionTIdE15rotation_matrixER7Matrix3IdE @ 0xaf8420
GUIDED: _ZNK21AP_DAL_InertialSensor8get_gyroEh @ 0xaf8610
GUIDED: _ZNK6AP_DAL20get_takeoff_expectedEv @ 0xaf8720
GUIDED: _ZN16EKF_IMU_buffer_tIN12NavEKF3_core12imu_elementsEE18get_youngest_indexEv @ 0xaf8790
GUIDED: _ZN16EKF_IMU_buffer_tIN12NavEKF3_core12imu_elementsEE16get_oldest_indexEv @ 0xaf87f0
GUIDED: _ZNK11QuaternionTIdEdvERKS0_ @ 0xaf8850
GUIDED: _ZN11QuaternionTIdEixEh @ 0xaf8a70
GUIDED: _ZL3MAXIddEDTqugtfp_fp0_fp_fp0_ERKT_RKT0_.4938 @ 0x7ddfd0
GUIDED: _ZN12NavEKF3_core15output_elementsC2Ev @ 0xaf8ae0
GUIDED: _ZNK14ekf_imu_buffer16get_oldest_indexEv @ 0xaf8b60
GUIDED: _ZNK14ekf_imu_buffer18get_youngest_indexEv @ 0xaf8bb0
GUIDED: _ZN7AP_AHRS20set_takeoff_expectedEb @ 0x7de050
GUIDED: _ZN11QuaternionTIdE15from_axis_angleERK7Vector3IdEd @ 0xaf8c00
GUIDED: _ZNK6AP_DAL22get_touchdown_expectedEv @ 0xaf8d20
GUIDED: _ZNK6AP_DAL11get_EAS2TASEv @ 0xaf8e00
GUIDED: _ZN7Vector3IdEixEh @ 0xaf8ec0
GUIDED: _ZNK7Vector3IdEixEh @ 0xaf8f30
GUIDED: _ZN7Vector2IdEixEh @ 0xaf8fa0
GUIDED: _ZN15ekf_ring_buffer6recallEPvj @ 0x7e4b30
GUIDED: _ZNK15ekf_ring_buffer7time_msEh @ 0x7e4c90
GUIDED: _ZN12NavEKF3_core14readAirSpdDataEv @ 0x7e4d00
GUIDED: _ZNK12NavEKF3_core11useAirspeedEv @ 0x7e69d0
GUIDED: _ZNK6AP_DAL23airspeed_sensor_enabledEv @ 0xaf92c0
GUIDED: _ZN16EKF_obs_buffer_tIN12NavEKF3_core16vel_odm_elementsEE6recallERS1_j @ 0xaf9330
GUIDED: _ZN16EKF_obs_buffer_tIN12NavEKF3_core18wheel_odm_elementsEE6recallERS1_j @ 0xaf93b0
GUIDED: _ZN12NavEKF3_core11of_elementsC2Ev @ 0xaf9430
GUIDED: _ZN16EKF_obs_buffer_tIN12NavEKF3_core11of_elementsEE6recallERS1_j @ 0xaf94c0
GUIDED: _ZNK7Vector2IdEixEh @ 0xaf9540
GUIDED: _ZN12NavEKF3_core14readRngBcnDataEv @ 0x7f3900
GUIDED: _ZN10EKFGSF_yaw11fuseVelDataERK7Vector2IdEd @ 0x7f75b0
GUIDED: _ZNK12NavEKF3_core13EKFGSF_getYawERdS0_ @ 0x7f79b0
GUIDED: _ZN12NavEKF3_core17bestRotationOrderERNS_13rotationOrderE @ 0x7f7d50
GUIDED: _ZN12NavEKF3_core21resetQuatStateYawOnlyEddNS_13rotationOrderE @ 0x7f7e40
GUIDED: _ZN12NavEKF3_core24recordYawResetsCompletedEv @ 0x7f8110
GUIDED: _ZNK11QuaternionTIdE8to_eulerERdS1_S1_ @ 0xaf9a10
GUIDED: _ZNK11QuaternionTIdE12to_vector312Ev @ 0xaf9ac0
GUIDED: _ZN12NavEKF3_core15StoreQuatRotateERK11QuaternionTIdE @ 0x7f8190
GUIDED: _ZNK11QuaternionTIdEmlERKS0_ @ 0xaf9c10
GUIDED: _ZN7Matrix3IdE13from_euler312Eddd @ 0xaf9e00
GUIDED: _ZNK7Matrix3IdE11to_euler312Ev @ 0xafa4a0
GUIDED: _ZN7Matrix3IdEixEh @ 0xafa590
GUIDED: _ZNK10EKFGSF_yaw10getYawDataERdS0_Ph @ 0x7f8320
GUIDED: _ZL7radiansf.4691 @ 0x7f8400
GUIDED: _ZL2sqf.4689 @ 0x7f8450
GUIDED: _ZN10EKFGSF_yaw11resetEKFGSFEv @ 0x7f85e0
GUIDED: _ZN10EKFGSF_yaw8alignYawEv @ 0x7f8750
GUIDED: _ZN10EKFGSF_yaw7correctEhRK7Vector2IdEd @ 0x7f89c0
GUIDED: _ZNK10EKFGSF_yaw15gaussianDensityEh @ 0x7f9d80
GUIDED: _ZL3MAXIdfEDTqugtfp_fp0_fp_fp0_ERKT_RKT0_.4194 @ 0x7fa100
GUIDED: _ZN10EKFGSF_yaw13forceSymmetryEh @ 0x7fa1a0
GUIDED: _ZNK7Matrix3IdE8to_eulerEPdS1_S1_ @ 0xafa600
GUIDED: _ZN16EKF_obs_buffer_tIN12NavEKF3_core16ext_nav_elementsEE6recallERS1_j @ 0xafa700
GUIDED: _ZN16EKF_obs_buffer_tIN12NavEKF3_core20ext_nav_vel_elementsEE6recallERS1_j @ 0xafa780
GUIDED: _ZNK12NavEKF3_core35CalculateVelInnovationsAndVariancesERK7Vector3IdEddRS1_S4_ @ 0x7fa6d0
GUIDED: _ZN16EKF_obs_buffer_tIN12NavEKF3_core12gps_elementsEE6recallERS1_j @ 0xafa800
GUIDED: _ZN12NavEKF3_core21selectHeightForFusionEv @ 0x7fad10
GUIDED: _ZN12NavEKF3_core13FuseVelPosNEDEv @ 0x7fc210
GUIDED: _ZL3MAXIdfEDTqugtfp_fp0_fp_fp0_ERKT_RKT0_.4863 @ 0x7fe560
GUIDED: _ZL3MAXI9AP_ParamTIfL11ap_var_type4EEfEDTqugtfp_fp0_fp_fp0_ERKT_RKT0_.4864 @ 0x7fe600
GUIDED: _ZN12NavEKF3_core15readRangeFinderEv @ 0x7fe690
GUIDED: _ZN16EKF_obs_buffer_tIN12NavEKF3_core14range_elementsEE6recallERS1_j @ 0xafa880
GUIDED: _ZN16EKF_obs_buffer_tIN12NavEKF3_core13baro_elementsEE6recallERS1_j @ 0xafa950
GUIDED: _ZL3MAXIddEDTqugtfp_fp0_fp_fp0_ERKT_RKT0_.4712 @ 0x7ff260
GUIDED: _ZL3MAXI9AP_ParamTIfL11ap_var_type4EEfEDTqugtfp_fp0_fp_fp0_ERKT_RKT0_.4701 @ 0x7ff430
GUIDED: _ZN12NavEKF3_core12fuseEulerYawENS_15yawFusionMethodE @ 0x7ff4c0
GUIDED: _ZN16EKF_obs_buffer_tIN12NavEKF3_core12yaw_elementsEE6recallERS1_j @ 0xafabe0
GUIDED: _ZN16EKF_obs_buffer_tIN12NavEKF3_core12mag_elementsEE6recallERS1_j @ 0xafac60
GUIDED: _ZN12NavEKF3_core18controlMagYawResetEv @ 0x801460
GUIDED: _ZN12NavEKF3_core16FuseMagnetometerEv @ 0x801a70
GUIDED: _ZN7Matrix3IdEC2Eddddddddd @ 0xaface0
GUIDED: _ZNK7Matrix3IdEixEh @ 0xafae30
GUIDED: _ZL3MAXIdfEDTqugtfp_fp0_fp_fp0_ERKT_RKT0_.4699 @ 0x8082b0
GUIDED: _ZN12NavEKF3_core17MagTableConstrainEv @ 0x808350
GUIDED: _ZNK11QuaternionTIdE13to_axis_angleER7Vector3IdE @ 0xafaea0
GUIDED: _ZN12NavEKF3_core13setYawFromMagEv @ 0x808480
GUIDED: _ZN12NavEKF3_core19resetMagFieldStatesEv @ 0x8086b0
GUIDED: _ZNK7Matrix3IdE10transposedEv @ 0xafafe0
GUIDED: _ZN12NavEKF3_core14recordMagResetEv @ 0x8088e0
GUIDED: _ZN7Matrix3IdEC2ERK7Vector3IdES4_S4_ @ 0xafb0a0
GUIDED: _ZNK11QuaternionTIdE8to_eulerER7Vector3IdE @ 0xafb170
GUIDED: _ZL3MAXI9AP_ParamTIfL11ap_var_type4EEfEDTqugtfp_fp0_fp_fp0_ERKT_RKT0_.4949 @ 0x8089a0
GUIDED: _ZN10EKFGSF_yaw6updateERK7Vector3IdES3_ddbd @ 0x808ad0
GUIDED: _ZN10EKFGSF_yaw7predictEh @ 0x809560
GUIDED: _ZN10EKFGSF_yaw11predictAHRSEh @ 0x80a0b0
GUIDED: _ZL7radiansf.4192 @ 0x80a630
GUIDED: _ZL2sqf.4193 @ 0x80a680
GUIDED: _ZNK10EKFGSF_yaw12updateRotMatERK7Matrix3IdERK7Vector3IdE @ 0x80a6d0
GUIDED: _ZNK7Matrix3IdEmlERKS0_ @ 0xafb1f0
GUIDED: _ZN12NavEKF3_core21calcTiltErrorVarianceEv @ 0x80afb0
GUIDED: _ZN12NavEKF3_core23verifyTiltErrorVarianceEv @ 0x80b690
GUIDED: _ZL3MINIffEDTqultfp_fp0_fp_fp0_ERKT_RKT0_.4930 @ 0x80ba90
GUIDED: _ZN11QuaternionTIdE6rotateERK7Vector3IdE @ 0xafb460
GUIDED: _ZN12NavEKF3_core15ConstrainStatesEv @ 0x80bb20
GUIDED: _ZNK21AP_DAL_InertialSensor9use_accelEh @ 0xafb520
GUIDED: _ZNK21AP_DAL_InertialSensor8use_gyroEh @ 0xafb5f0
GUIDED: _ZN12NavEKF3_core19learnInactiveBiasesEv @ 0x80bf60
GUIDED: _ZN12NavEKF3_core19updateMovementCheckEv @ 0x80c4d0
GUIDED: _ZN12NavEKF3_core17readDeltaVelocityEhR7Vector3IdERd @ 0x80cd70
GUIDED: _ZNK21AP_DAL_InertialSensor18get_imu_pos_offsetEh @ 0xafb6c0
GUIDED: _ZN12NavEKF3_core14readDeltaAngleEhR7Vector3IdERd @ 0x80cec0
GUIDED: _ZN16EKF_IMU_buffer_tIN12NavEKF3_core12imu_elementsEE21push_youngest_elementES1_ @ 0xafb730
GUIDED: _ZN12NavEKF3_core14SampleDragDataERKNS_12imu_elementsE @ 0x80cfe0
GUIDED: _ZN16EKF_IMU_buffer_tIN12NavEKF3_core12imu_elementsEE18get_oldest_elementEv @ 0xafb790
GUIDED: _ZN12NavEKF3_core22updateTimingStatisticsEv @ 0x80d290
GUIDED: _ZL3MINIfdEDTqultfp_fp0_fp_fp0_ERKT_RKT0_.4724 @ 0x80d540
GUIDED: _ZN12NavEKF3_core12imu_elementsC2Ev @ 0xafb810
GUIDED: _ZN14ekf_imu_buffer18get_oldest_elementEPv @ 0x80d5e0
GUIDED: _ZN14ekf_imu_buffer21push_youngest_elementEPKv @ 0x80d6a0
GUIDED: _ZNK21AP_DAL_InertialSensor14get_gyro_countEv @ 0xafb8f0
GUIDED: _ZNK21AP_DAL_InertialSensor15get_delta_angleEhR7Vector3IfERf @ 0xafb940
GUIDED: _ZNK21AP_DAL_InertialSensor15get_accel_countEv @ 0xafba40
GUIDED: _ZNK21AP_DAL_InertialSensor18get_delta_velocityEhR7Vector3IfERf @ 0xafba90
GUIDED: _ZL7radiansi.4726 @ 0x80d790
GUIDED: _ZN12NavEKF3_core12detectFlightEv @ 0x80d7f0
GUIDED: _ZN12NavEKF3_core27setWindMagStateLearningModeEv @ 0x80dcb0
GUIDED: _ZN12NavEKF3_core28checkAttitudeAlignmentStatusEv @ 0x80e550
GUIDED: _ZN12NavEKF3_core13setAidingModeEv @ 0x80e660
GUIDED: _ZN12NavEKF3_core12setYawSourceEv @ 0x80f5d0
GUIDED: _ZN12NavEKF3_core18checkGyroCalStatusEv @ 0x80f6a0
GUIDED: _ZL3MINIttEDTqultfp_fp0_fp_fp0_ERKT_RKT0_ @ 0x80fd80
GUIDED: _ZL7radiansd.4644 @ 0x80fe00
GUIDED: _ZN12NavEKF3_core19updateStateIndexLimEv @ 0x80fef0
GUIDED: _ZNK6AP_DAL18get_time_flying_msEv @ 0xafbb80
GUIDED: _ZN10EKFGSF_yaw11setGyroBiasER7Vector3IfE @ 0x810020
GUIDED: _ZN12NavEKF3_core20update_gps_selectionEv @ 0x8100e0
GUIDED: _ZN12NavEKF3_core20update_mag_selectionEv @ 0x8101e0
GUIDED: _ZN12NavEKF3_core21update_baro_selectionEv @ 0x810320
GUIDED: _ZN12NavEKF3_core25update_airspeed_selectionEv @ 0x810400
GUIDED: _ZNK11AP_DAL_Baro11get_primaryEv @ 0xafbc20
GUIDED: _Z9fill_nanfPdt @ 0x810510
GUIDED: _ZNK17AP_InertialSensor20get_last_update_usecEv @ 0xafbce0
GUIDED: _ZNK17AP_InertialSensor16get_loop_delta_tEv @ 0xafbd30
GUIDED: _ZNK7AP_AHRS17get_vehicle_classEv @ 0xafbd80
GUIDED: _ZNK7AP_AHRS20get_takeoff_expectedEv @ 0xafbdd0
GUIDED: _ZNK7AP_AHRS22get_touchdown_expectedEv @ 0xafbe30
GUIDED: _ZNK7AP_AHRS8get_trimEv @ 0xafbe90
GUIDED: _ZN2AP12wheelencoderEv @ 0x810930
GUIDED: _ZNK7AP_AHRS43get_rotation_vehicle_body_to_autopilot_bodyEv @ 0xafbf40
GUIDED: _ZN21AP_DAL_InertialSensor11start_frameEv @ 0x810970
GUIDED: _ZN11AP_DAL_Baro11start_frameEv @ 0x810bf0
GUIDED: _ZN10AP_DAL_GPS11start_frameEv @ 0x810d60
GUIDED: _ZN14AP_DAL_Compass11start_frameEv @ 0x811160
GUIDED: _ZNK9AP_Beacon7enabledEv @ 0x811c10
GUIDED: _ZNK9AP_Beacon12device_readyEv @ 0x811f50
GUIDED: _ZNK7AP_EnumIN9AP_Beacon4TypeEEcvKS1_Ev @ 0xafbff0
GUIDED: _ZNK7Compass24auto_declination_enabledEv @ 0xafc140
GUIDED: _ZNK7Compass15get_declinationEv @ 0x8120c0
GUIDED: _ZNK7Compass15get_num_enabledEv @ 0x812120
GUIDED: _ZNK7Compass16get_first_usableEv @ 0xafc1b0
GUIDED: _ZNK7Compass21learn_offsets_enabledEv @ 0xafc200
GUIDED: _ZNK7Compass17have_scale_factorEh @ 0x8121e0
GUIDED: _ZNK7Compass16last_update_usecEh @ 0xafc270
GUIDED: _ZNK14typesafe_indexIh14TAG_StateIndexEgeERKh @ 0xafc2f0
GUIDED: _ZNK7AP_Baro11get_primaryEv @ 0xafc360
GUIDED: _ZNK7AP_Baro15get_last_updateEh @ 0xafc3b0
GUIDED: _ZNK17AP_InertialSensor16get_loop_rate_hzEv @ 0xafc420
GUIDED: _ZNK17AP_InertialSensor15get_delta_angleEhR7Vector3IfERf @ 0x812320
GUIDED: _ZN21AP_DAL_InertialSensor15update_filteredEh @ 0x8124f0
GUIDED: _ZNK17AP_InertialSensor18get_imu_pos_offsetEh @ 0xafc470
GUIDED: _ZNK17AP_InertialSensor10_accel_posEh @ 0xafc4d0
GUIDED: _ZN17AP_InertialSensor10_accel_posEh @ 0xafc530
GUIDED: _ZN15AP_WheelEncoder13get_singletonEv @ 0xafc5a0
GUIDED: _ZN7NavEKF216InitialiseFilterEv @ 0x814f80
GUIDED: _ZNK6AP_DAL12get_ekf_typeEv @ 0xafed90
GUIDED: _ZN16AP_AHRS_External6updateEv @ 0x848320
GUIDED: _ZN16AP_AHRS_External11get_resultsERN15AP_AHRS_Backend9EstimatesE @ 0x848370
GUIDED: _ZN7AP_AHRS37copy_estimates_from_backend_estimatesERKN15AP_AHRS_Backend9EstimatesE @ 0x8485c0
GUIDED: _ZN15AP_ExternalAHRS6updateEv @ 0x8488a0
GUIDED: _ZL7degreesf.10880 @ 0x848bd0
GUIDED: _ZN11AP_AHRS_SIM6updateEv @ 0xaff950
GUIDED: _ZN11AP_AHRS_SIM11get_resultsERN15AP_AHRS_Backend9EstimatesE @ 0x848c20
GUIDED: _ZN11AP_AHRS_DCM6updateEv @ 0x849800
GUIDED: _ZN11AP_AHRS_DCM11get_resultsERN15AP_AHRS_Backend9EstimatesE @ 0x849b20
GUIDED: _ZN11AP_AHRS_DCM13matrix_updateEv @ 0x849c40
GUIDED: _ZN11AP_AHRS_DCM9normalizeEv @ 0x849e90
GUIDED: _ZN11AP_AHRS_DCM16drift_correctionEf @ 0x84a0b0
GUIDED: _ZN11AP_AHRS_DCM12check_matrixEv @ 0x84b410
GUIDED: _ZN11AP_AHRS_DCM15backup_attitudeEv @ 0x84b510
GUIDED: _ZNK11AP_AHRS_DCM12get_error_rpEv @ 0xaffa10
GUIDED: _ZNK11AP_AHRS_DCM13get_error_yawEv @ 0xaffa60
GUIDED: _ZN7Matrix3IfE6is_nanEv @ 0xaffab0
GUIDED: _ZN11AP_AHRS_DCM20drift_correction_yawEv @ 0x84ba00
GUIDED: _ZNK6AP_GPS16last_fix_time_msEv @ 0xaffbc0
GUIDED: _ZL3MAXIfiEDTqugtfp_fp0_fp_fp0_ERKT_RKT0_.2117 @ 0x84bf20
GUIDED: _ZNK11AP_AHRS_DCM26should_correct_centrifugalEv @ 0x84bfc0
GUIDED: _ZN11AP_AHRS_DCM10ra_delayedEhRK7Vector3IfE @ 0x84c020
GUIDED: _ZNK17AP_InertialSensor7healthyEv @ 0xaffc20
GUIDED: _ZN11AP_AHRS_DCM7_P_gainEf @ 0x84c120
GUIDED: _ZNK11AP_AHRS_DCM14use_fast_gainsEv @ 0x84c200
GUIDED: _ZL7radiansi.2118 @ 0x84c290
GUIDED: _ZNK17AP_InertialSensor19get_gyro_drift_rateEv @ 0xaffca0
GUIDED: _ZNK17AP_InertialSensor15get_gyro_healthEv @ 0xaffcf0
GUIDED: _ZNK17AP_InertialSensor16get_accel_healthEv @ 0xaffd50
GUIDED: _ZNK7Compass16last_update_usecEv @ 0xaffdb0
GUIDED: _ZN7Compass4readEv @ 0x84c2f0
GUIDED: _ZN11AP_AHRS_DCM17yaw_error_compassER7Compass @ 0x84c6c0
GUIDED: _ZNK11AP_AHRS_DCM9_yaw_gainEv @ 0x84c840
GUIDED: _ZNK7Matrix3IfE5mulXYERK7Vector3IfE @ 0xaffe10
GUIDED: _ZNK7Vector2IfErmERKS0_ @ 0xaffee0
GUIDED: _ZN7Compass15_detect_runtimeEv @ 0x84c9f0
GUIDED: _ZN9AP_Logger13Write_CompassEv @ 0x84cd20
GUIDED: _ZN19RestrictIDTypeArrayI9AP_ParamTIaL11ap_var_type1EELj3E14typesafe_indexIh12TAG_PriorityEEixERKS5_ @ 0xafff60
GUIDED: _ZN9AP_Logger22Write_Compass_instanceEmh @ 0x84cdc0
GUIDED: _ZNK7Compass17get_motor_offsetsEh @ 0xafffe0
GUIDED: _ZN18AP_Compass_Backend25drain_accumulated_samplesEhPK7Vector3IfE @ 0x84ecf0
GUIDED: _ZN18AP_Compass_Backend22publish_filtered_fieldERK7Vector3IfEh @ 0x84ee70
GUIDED: _ZN11AP_AHRS_DCM6renormERK7Vector3IfERS1_ @ 0x84ef30
GUIDED: _ZNK17AP_InertialSensor15get_delta_angleER7Vector3IfERf @ 0xb00800
GUIDED: _ZNK7Vector3IfEeqERKS0_ @ 0xb00890
GUIDED: _ZN17AP_InertialSensor21set_board_orientationE8Rotation @ 0xb00960
GUIDED: _ZN7Compass21set_board_orientationE8Rotation @ 0xb009c0
GUIDED: _ZNK14AP_Logger_File17recent_open_errorEv @ 0x84f2e0
GUIDED: _ZNK14AP_Logger_File15io_thread_aliveEv @ 0x84f370
GUIDED: _ZN14AP_Logger_File18write_lastlog_fileEt @ 0x84f590
GUIDED: _ZN14AP_Logger_File16disk_space_availEv @ 0x84f700
GUIDED: _ZN14AP_Logger_File10disk_spaceEv @ 0x84f770
GUIDED: _ZL3MINIjjEDTqultfp_fp0_fp_fp0_ERKT_RKT0_.6378 @ 0x84f7e0
GUIDED: _ZN13AP_Filesystem17bytes_until_fsyncEi @ 0x84f860
GUIDED: _ZN13AP_Filesystem9disk_freeEPKc @ 0x84f8e0
GUIDED: _ZNK14AP_Logger_File18_lastlog_file_nameEv @ 0x84f960
GUIDED: _ZNK14AP_Logger_File14_log_file_nameEt @ 0x84f9f0
GUIDED: _ZN14AP_Logger_File13_get_log_sizeEt @ 0x84fa90
GUIDED: _ZN14AP_Logger_File27ensure_log_directory_existsEv @ 0x84fc60
GUIDED: _ZN2AP4rssiEv @ 0x856b20
GUIDED: _ZNK7AP_RSSI7enabledEv @ 0xb01140
GUIDED: _ZN7AP_RSSI13get_singletonEv @ 0x857350
GUIDED: _ZN13AP_CANManager20check_logging_enableEv @ 0x858310
GUIDED: _ZN7FunctorIvJEE14method_wrapperI13AP_CANManagerXadL_ZNS2_20check_logging_enableEvEEEEvPv @ 0xb01770
GUIDED: _ZNK13AP_CANManager15CANIface_Params13option_is_setENS0_7OptionsE @ 0xb01820
GUIDED: _ZN9AP_Logger14Write_MessageFEPKcz @ 0x862cf0
GUIDED: _ZN9AP_Logger13Write_MessageEPKc @ 0x862f00
GUIDED: _ZNK13AP_OADatabase7healthyEv @ 0xb0fa70
GUIDED: _ZN13AP_OADatabase13get_singletonEv @ 0xb0fcf0
GUIDED: _ZNK22AP_BattMonitor_Backend13option_is_setEN21AP_BattMonitor_Params7OptionsE @ 0xb13810
GUIDED: _ZN22AP_BattMonitor_Backend15update_consumedERN14AP_BattMonitor17BattMonitor_StateEj @ 0x87a820
GUIDED: _ZN22AP_BattMonitor_Backend13calculate_mahEff @ 0xb138a0
GUIDED: _ZN18AP_Compass_Backend17accumulate_sampleER7Vector3IfEhj @ 0x87cb30
GUIDED: _ZN18AP_Compass_Backend12rotate_fieldER7Vector3IfEh @ 0x87ccb0
GUIDED: _ZN18AP_Compass_Backend17publish_raw_fieldERK7Vector3IfEh @ 0x87cda0
GUIDED: _ZN18AP_Compass_Backend13correct_fieldER7Vector3IfEh @ 0x87ceb0
GUIDED: _ZN18AP_Compass_Backend8field_okERK7Vector3IfE @ 0x87d2b0
GUIDED: _ZNK7Compass16get_filter_rangeEv @ 0xb15bc0
GUIDED: _ZNK16Compass_PerMotor7enabledEv @ 0xb15c20
GUIDED: _ZN7Compass13_get_priorityE14typesafe_indexIh14TAG_StateIndexE @ 0xb15c90
GUIDED: _ZN14AP_GPS_Backend15set_alt_amsl_cmERN6AP_GPS9GPS_StateEi @ 0x881980
GUIDED: _ZN16JitterCorrection31correct_offboard_timestamp_usecEmm @ 0x881b90
GUIDED: _ZNK14AP_GPS_Backend10option_setEN6AP_GPS13DriverOptionsE @ 0xb18e20
GUIDED: _ZNK6AP_GPS10option_setENS_13DriverOptionsE @ 0xb18e90
GUIDED: _ZN6AP_RTC12set_utc_usecEmNS_11source_typeE @ 0x882600
GUIDED: _ZNK11GCS_MAVLINK14option_enabledENS_6OptionE @ 0xb1b320
GUIDED: _ZNK16AP_SerialManager9UARTState12get_protocolEv @ 0xb1b3a0
GUIDED: _ZN2AP8PerfInfo13set_loop_rateEt @ 0x894ca0
GUIDED: _ZN2AP8PerfInfo5resetEv @ 0x894d60
GUIDED: _ZN3GCS10send_textvE12MAV_SEVERITYPKcP13__va_list_tagh @ 0x895390
GUIDED: _ZNK3GCS26min_status_for_gps_healthyEv @ 0xb1bcf0
GUIDED: _ZL3MINImmEDTqultfp_fp0_fp_fp0_ERKT_RKT0_.6841 @ 0x8958a0
GUIDED: _ZN11ObjectArrayIN3GCS12statustext_tEE10push_forceERKS1_ @ 0xb1bd40
GUIDED: _ZN2AP11frsky_telemEv @ 0x895920
GUIDED: _ZN2AP14spektrum_telemEv @ 0x895960
GUIDED: _ZN9AP_Notify9send_textEPKc @ 0x8959a0
GUIDED: _ZN17AP_Spektrum_Telem13get_singletonEv @ 0xb1be80
GUIDED: _ZN14AP_Frsky_Telem13get_singletonEv @ 0xb1bec0
GUIDED: _ZNK11ObjectArrayIN3GCS12statustext_tEE5spaceEv @ 0xb1bf00
GUIDED: _ZN11ObjectArrayIN3GCS12statustext_tEE4pushERKS1_ @ 0xb1bf60
GUIDED: _ZN6Copter8set_modeEh10ModeReason @ 0x895a40
GUIDED: _ZNK6Copter29current_mode_requires_missionEv @ 0x895ac0
GUIDED: _ZNK6Copter17get_wp_distance_mERf @ 0x897390
GUIDED: _ZNK6Copter18get_wp_bearing_degERf @ 0x897410
GUIDED: _ZNK6Copter25get_wp_crosstrack_error_mERf @ 0x897490
GUIDED: _ZN6Copter8set_homeERK8Locationb @ 0x8975c0
GUIDED: _ZN6Copter18fence_checks_asyncEv @ 0x897ea0
GUIDED: _ZN6AP_HAL15timeout_expiredIjjjEEbT_T0_T1_ @ 0xb1c230
GUIDED: _ZN8AC_Fence5checkEb @ 0x898050
GUIDED: _ZN6Copter3gcsEv @ 0xb1c2b0
GUIDED: _ZNK8AC_Fence23get_auto_disable_fencesEv @ 0x8983b0
GUIDED: _ZN8AC_Fence19clear_margin_breachEh @ 0x898460
GUIDED: _ZN8AP_Param15save_io_handlerEv @ 0x899a80
GUIDED: _ZN7FunctorIvJEE14method_wrapperI8AP_ParamXadL_ZNS2_15save_io_handlerEvEEEEvPv @ 0xb1c490
GUIDED: _ZN15ObjectBuffer_TSIN8AP_Param10param_saveEE3popERS1_ @ 0xb1c540
GUIDED: _ZN6Copter18notify_flight_modeEv @ 0x899d20
GUIDED: _ZL21failsafe_check_staticv @ 0x89ccf0
GUIDED: _ZN6Copter8set_modeEN4Mode6NumberE10ModeReason @ 0x8a10b0
GUIDED: _ZNK15AC_CommandModel11get_rate_tcEv @ 0xb1c920
GUIDED: _ZN18AC_AttitudeControl15set_yaw_rate_tcEf @ 0xb1c970
GUIDED: _ZN6Copter16gcs_mode_enabledEN4Mode6NumberE @ 0x8a17a0
GUIDED: _ZN6Copter18mode_from_mode_numEN4Mode6NumberE @ 0x8a19a0
GUIDED: _ZN6Copter24get_non_takeoff_throttleEv @ 0x8a1ea0
GUIDED: _ZN6Copter9exit_modeERP4ModeS2_ @ 0x8a2010
GUIDED: _ZN7AP_ADSB16set_is_auto_modeEb @ 0xb1c9e0
GUIDED: _ZNK8AC_Fence10get_actionEv @ 0xb1ca40
GUIDED: _ZN8AC_Fence21manual_recovery_startEv @ 0x8a2100
GUIDED: _ZN9AP_Camera16set_is_auto_modeEb @ 0xb1caa0
GUIDED: _ZN18AC_AttitudeControl22set_roll_pitch_rate_tcEf @ 0xb1cb00
GUIDED: _ZN4Mode12takeoff_stopEv @ 0xb1cb70
GUIDED: _ZN4Mode8_TakeOff4stopEv @ 0x8a2260
GUIDED: _ZNK18AC_AttitudeControl15get_throttle_inEv @ 0xb1cbb0
GUIDED: _ZN6AC_PID14set_integratorEf @ 0x8a22f0
GUIDED: _ZL3MAXIifEDTqugtfp_fp0_fp_fp0_ERKT_RKT0_ @ 0x8a23c0
GUIDED: _ZNK13AC_PosControl22get_stopping_point_U_mERd @ 0x8a32e0
GUIDED: _ZNK7AC_P_1D2kPEv @ 0xb1cc60
GUIDED: _Z17stopping_distancefff @ 0x8a3460
GUIDED: _Z19inv_sqrt_controllerfff @ 0x8a34e0
GUIDED: _ZL2sqf.3798 @ 0x8a3720
GUIDED: _ZNK13AC_PosControl23get_stopping_point_NE_mER7Vector2IdE @ 0x8a3770
GUIDED: _ZN7Vector2IfEmIERKS0_ @ 0xb1ccb0
GUIDED: _ZNK7AC_P_2D2kPEv @ 0xb1cd40
GUIDED: _ZNK7Vector2IfE8todoubleEv @ 0xb1cd90
GUIDED: _ZNK10AP_Vehicle21block_GCS_mode_changeEhPKhh @ 0x8a3930
GUIDED: _ZN6AC_PID21set_notch_sample_rateEf @ 0x8a47e0
GUIDED: _ZN6AC_PID7reset_IEv @ 0x8a4bc0
GUIDED: _ZN6AC_PID12reset_filterEv @ 0xb1d140
GUIDED: _ZNK12AP_AHRS_View20get_quat_body_to_nedER11QuaternionTIfE @ 0xb1d1a0
GUIDED: _ZNK18AC_AttitudeControl30thrust_heading_rotation_anglesER11QuaternionTIfERKS1_R7Vector3IfERfS8_ @ 0x8a4c30
GUIDED: _ZNK12AP_AHRS_View15get_gyro_latestEv @ 0x8a4fc0
GUIDED: _ZN6AC_PID10update_allEfffbf @ 0x8a5070
GUIDED: _ZNK6AC_PID16get_filt_T_alphaEf @ 0x8a5680
GUIDED: _ZNK6AC_PID16get_filt_E_alphaEf @ 0x8a5700
GUIDED: _ZNK6AC_PID16get_filt_D_alphaEf @ 0x8a5780
GUIDED: _ZN6AC_PID8update_iEfb @ 0x8a5800
GUIDED: _ZN11SlewLimiter8modifierEff @ 0x8a5a00
GUIDED: _ZNK11SlewLimiter13get_slew_rateEv @ 0xb1d460
GUIDED: _ZNK7AP_AHRS15get_gyro_latestEv @ 0x8a6000
GUIDED: _ZNK7AP_AHRS22get_primary_gyro_indexEv @ 0xb1d4b0
GUIDED: _ZNK18AC_AttitudeControl29thrust_vector_rotation_anglesERK11QuaternionTIfES3_RS1_R7Vector3IfERfS8_ @ 0x8a60b0
GUIDED: _ZNK18AC_AttitudeControl23get_accel_yaw_max_radssEv @ 0xb1d500
GUIDED: _ZL7radiansf.12163 @ 0x8a64a0
GUIDED: _ZNK6AC_PID2kPEv @ 0xb1d560
GUIDED: _ZNK4AC_P2kPEv @ 0xb1d5b0
GUIDED: _ZL3MINIffEDTqultfp_fp0_fp_fp0_ERKT_RKT0_.12170 @ 0x8a64f0
GUIDED: _ZL9cd_to_radf.12171 @ 0x8a6580
GUIDED: _ZNK25HarmonicNotchFilterParams9hasOptionENS_7OptionsE @ 0xb1d8b0
GUIDED: _ZN17AP_InertialSensor12_gyro_offsetEh @ 0xb1ecf0
GUIDED: _ZN17AP_InertialSensor12caltemp_gyroEh @ 0xb1ed60
GUIDED: _ZN22AP_InertialSensor_SITL6updateEv @ 0x8a9240
GUIDED: _ZN25AP_InertialSensor_Backend10accumulateEv @ 0xb1ee80
GUIDED: _ZNK25AP_InertialSensor_Backend24get_gyro_backend_rate_hzEv @ 0xb1eff0
GUIDED: _ZN25AP_InertialSensor_Backend11set_primaryEb @ 0xb1f050
GUIDED: _ZNK25AP_InertialSensor_Backend21_gyro_raw_sample_rateEh @ 0xb1f0a0
GUIDED: _ZN22AP_InertialSensor_SITL12timer_updateEv @ 0x8a99c0
GUIDED: _ZN7FunctorIvJEE14method_wrapperI22AP_InertialSensor_SITLXadL_ZNS2_12timer_updateEvEEEEvPv @ 0xb1f170
GUIDED: _ZN22AP_InertialSensor_SITL14generate_accelEv @ 0x8a9e90
GUIDED: _ZN22AP_InertialSensor_SITL13generate_gyroEv @ 0x8aae70
GUIDED: _ZNK25AP_InertialSensor_Backend20enable_fast_samplingEh @ 0xb1f220
GUIDED: _ZNK22AP_InertialSensor_SITL10gyro_driftEv @ 0x8ab8d0
GUIDED: _ZL7radiansd.19050 @ 0x8abad0
GUIDED: _ZL7radiansf.19051 @ 0x8abb20
GUIDED: _ZN22AP_InertialSensor_SITL15get_temperatureEv @ 0x8abc00
GUIDED: _ZNK22AP_InertialSensor_TCal15sitl_apply_gyroEfR7Vector3IfE @ 0x8abda0
GUIDED: _ZN25AP_InertialSensor_Backend35_notify_new_gyro_sensor_rate_sampleEhRK7Vector3IfE @ 0x8abe80
GUIDED: _ZN25AP_InertialSensor_Backend24_rotate_and_correct_gyroEhR7Vector3IfE @ 0x8ac080
GUIDED: _ZN25AP_InertialSensor_Backend27_notify_new_gyro_raw_sampleEhRK7Vector3IfEm @ 0x8ac210
GUIDED: _ZNK25AP_InertialSensor_Backend15has_been_killedEh @ 0xb1f2b0
GUIDED: _ZNK25AP_InertialSensor_Backend19_update_sensor_rateERtRjRf @ 0x8ac8b0
GUIDED: _ZN25AP_InertialSensor_Backend18apply_gyro_filtersEhRK7Vector3IfE @ 0x8aca80
GUIDED: _ZN25AP_InertialSensor_Backend12log_gyro_rawEhmRK7Vector3IfES3_ @ 0x8aceb0
GUIDED: _ZN25AP_InertialSensor_Backend14update_primaryEv @ 0x8ad140
GUIDED: _ZNK17AP_InertialSensor22raw_logging_option_setENS_18RAW_LOGGING_OPTIONE @ 0xb1f330
GUIDED: _ZNK25AP_InertialSensor_Backend18should_log_imu_rawEv @ 0x8ad220
GUIDED: _ZNK17AP_InertialSensor12BatchSampler25doing_sensor_rate_loggingEv @ 0xb1f3b0
GUIDED: _ZNK17AP_InertialSensor12BatchSampler25doing_post_filter_loggingEv @ 0xb1f410
GUIDED: _ZN17AP_InertialSensor12BatchSampler6sampleEhNS_15IMU_SENSOR_TYPEEmRK7Vector3IfE @ 0x8ad430
GUIDED: _ZN17AP_InertialSensor12BatchSampler10should_logEhNS_15IMU_SENSOR_TYPEE @ 0x8ad580
GUIDED: _ZN25AP_InertialSensor_Backend16save_gyro_windowEhRK7Vector3IfEh @ 0x8ad6c0
GUIDED: _ZN15LowPassFilter2pI7Vector3IfEE5applyERKS1_ @ 0xb1f6f0
GUIDED: _ZNK17AP_InertialSensor25is_rate_loop_gyro_enabledEh @ 0x8ad980
GUIDED: _ZN19DigitalBiquadFilterI7Vector3IfEE5applyERKS1_RKNS2_13biquad_paramsE @ 0xb1f950
GUIDED: _ZNK25AP_InertialSensor_Backend18sensors_convergingEv @ 0x8adbb0
GUIDED: _ZNK22AP_InertialSensor_TCal12correct_gyroEffR7Vector3IfE @ 0x8adce0
GUIDED: _ZNK22AP_InertialSensor_TCal14correct_sensorEffPK9AP_ParamVI7Vector3IfEL11ap_var_type5EERS2_ @ 0x8add80
GUIDED: _ZNK22AP_InertialSensor_TCal15polynomial_evalEfPK9AP_ParamVI7Vector3IfEL11ap_var_type5EE @ 0x8adf90
GUIDED: _ZNK22AP_InertialSensor_TCal16sitl_apply_accelEfR7Vector3IfE @ 0x8b0f40
GUIDED: _ZN25AP_InertialSensor_Backend36_notify_new_accel_sensor_rate_sampleEhRK7Vector3IfE @ 0x8b1020
GUIDED: _ZN25AP_InertialSensor_Backend25_rotate_and_correct_accelEhR7Vector3IfE @ 0x8b1220
GUIDED: _ZN25AP_InertialSensor_Backend28_notify_new_accel_raw_sampleEhRK7Vector3IfEmb @ 0x8b1440
GUIDED: _ZN25AP_InertialSensor_Backend20_publish_temperatureEhf @ 0x8b19f0
GUIDED: _ZN17AP_InertialSensor27calc_vibration_and_clippingEhRK7Vector3IfEf @ 0x8b1a90
GUIDED: _ZN17AP_InertialSensor19set_accel_peak_holdEhRK7Vector3IfE @ 0x8b1d10
GUIDED: _ZN25AP_InertialSensor_Backend13log_accel_rawEhmRK7Vector3IfE @ 0x8b1df0
GUIDED: _ZNK25AP_InertialSensor_Backend14get_clip_limitEv @ 0xb20970
GUIDED: _ZN13LowPassFilterI7Vector3IfEE5applyERKS1_RKf @ 0xb209c0
GUIDED: _ZN10DigitalLPFI7Vector3IfEE6_applyERKS1_RKf @ 0xb20a80
GUIDED: _ZNK22AP_InertialSensor_TCal13correct_accelEffR7Vector3IfE @ 0x8b21d0
GUIDED: _ZN25AP_InertialSensor_Backend12update_accelEh @ 0x8b2650
GUIDED: _ZN25AP_InertialSensor_Backend11update_gyroEh @ 0x8b2770
GUIDED: _ZN25AP_InertialSensor_Backend13_publish_gyroEhRK7Vector3IfE @ 0x8b28d0
GUIDED: _ZN25AP_InertialSensor_Backend19update_gyro_filtersEh @ 0x8b2a40
GUIDED: _ZNK25AP_InertialSensor_Backend19_gyro_filter_cutoffEv @ 0xb20d50
GUIDED: _ZN25AP_InertialSensor_Backend14_publish_accelEhRK7Vector3IfE @ 0x8b2e80
GUIDED: _ZN25AP_InertialSensor_Backend20update_accel_filtersEh @ 0x8b30b0
GUIDED: _ZNK25AP_InertialSensor_Backend20_accel_filter_cutoffEv @ 0xb21030
GUIDED: _ZN6Copter34Log_Write_Vehicle_Startup_MessagesEv @ 0x8b4c40
GUIDED: _ZN7FunctorIvJEE14method_wrapperI6CopterXadL_ZNS2_34Log_Write_Vehicle_Startup_MessagesEvEEEEvPv @ 0xb214d0
GUIDED: _ZNK9AP_Motors25get_frame_and_type_stringEPch @ 0x8b4d30
GUIDED: _ZN6AP_GPS36Write_AP_Logger_Log_Startup_messagesEv @ 0x8b4e50
GUIDED: _ZNK9AP_Motors16get_frame_stringEv @ 0x8b4f30
GUIDED: _ZN11AP_SmartRTL22run_background_cleanupEv @ 0x8b4fc0
GUIDED: _ZN7FunctorIvJEE14method_wrapperI11AP_SmartRTLXadL_ZNS2_22run_background_cleanupEvEEEEvPv @ 0xb215e0
GUIDED: _ZN11AP_SmartRTL15routine_cleanupEtt @ 0x8b5290
GUIDED: _ZN11AP_SmartRTL22detect_simplificationsEv @ 0x8b5460
GUIDED: _ZN11AP_SmartRTL29restart_pruning_if_new_pointsEv @ 0x8b59b0
GUIDED: _ZN11AP_SmartRTL12detect_loopsEv @ 0x8b5a20
GUIDED: _ZNK6AP_HAL6OwnPtrINS_9I2CDeviceEEptEv @ 0xb266d0
GUIDED: _ZN7AP_Baro6updateEv @ 0x8d4630
GUIDED: _ZNK7AP_Baro7healthyEv @ 0xb2a740
GUIDED: _ZN15AP_Baro_Backend14backend_updateEh @ 0x8d4d50
GUIDED: _ZN7AP_Baro24wind_pressure_correctionEh @ 0x8d4dd0
GUIDED: _ZNK7AP_Baro15get_last_updateEv @ 0xb2a7a0
GUIDED: _ZN16DerivativeFilterIfLh7EE6updateEfj @ 0xb2a800
GUIDED: _ZN7AP_Baro22update_field_elevationEv @ 0x8d5110
GUIDED: _ZNK7AP_Baro10should_logEv @ 0x8d5390
GUIDED: _ZN7AP_Baro10Write_BaroEv @ 0x8d5440
GUIDED: _ZN7AP_Baro19Write_Baro_instanceEmh @ 0x8d54d0
GUIDED: _ZNK7AP_Baro21get_baro_drift_offsetEv @ 0xb2a8e0
GUIDED: _ZNK7AP_Baro22get_ground_temperatureEv @ 0x8d56f0
GUIDED: _ZNK7AP_Baro22get_corrected_pressureEh @ 0xb2a930
GUIDED: _ZN16FilterWithBufferIfLh7EE5applyEf @ 0xb2aa10
GUIDED: _ZNK7AP_AHRS20airspeed_vector_trueER7Vector3IfE @ 0x8d5790
GUIDED: _ZNK7AP_AHRS21get_air_density_ratioEv @ 0x8d5810
GUIDED: _ZL2sqf.2028 @ 0x8d58d0
GUIDED: _ZNK7AP_AHRS12get_accel_efEv @ 0xb2e2b0
GUIDED: _ZNK12NavEKF3_core9getMagXYZER7Vector3IfE @ 0x9019a0
GUIDED: _ZNK12NavEKF3_core9getMagNEDER7Vector3IfE @ 0x901c20
GUIDED: _ZNK7Vector2IfEdvEf @ 0xb31c20
GUIDED: _ZNK7AP_EnumIN13AP_OADatabase11OutputLevelEEcvKS1_Ev @ 0xb33970
GUIDED: _ZN15AP_Compass_SITL6_timerEv @ 0x9132b0
GUIDED: _ZN7FunctorIvJEE14method_wrapperI15AP_Compass_SITLXadL_ZNS2_6_timerEvEEEEvPv @ 0xb34230
GUIDED: _Z10rand_vec3fv @ 0x9137e0
GUIDED: _ZN7VectorNIN15AP_Compass_SITL16readings_compassELh50EEixEh @ 0xb342e0
GUIDED: _ZN15AP_Compass_SITL26_setup_eliptical_correcionEh @ 0x913860
GUIDED: _ZNK18AP_Compass_Backend21get_board_orientationEv @ 0x913a90
GUIDED: _ZN15AP_Compass_SITL4readEv @ 0x913ae0
GUIDED: _ZNK14AP_GPS_Backend32supports_mavlink_gps_rtk_messageEv @ 0xb34960
GUIDED: _ZNK14AP_GPS_Blended7get_lagERf @ 0x914850
GUIDED: _ZNK14AP_GPS_Blended10is_healthyEv @ 0xb34b20
GUIDED: _ZNK14AP_GPS_Backend36Write_AP_Logger_Log_Startup_messagesEv @ 0x9148d0
GUIDED: _ZN14AP_GPS_Backend18prepare_for_armingEv @ 0xb34c20
GUIDED: _ZNK14AP_GPS_Backend18_detection_messageEPch @ 0x914940
GUIDED: _ZN6Copter14failsafe_checkEv @ 0x914f20
GUIDED: _ZNK12AP_Parachute7enabledEv @ 0xb35060
GUIDED: _ZN6Copter10read_radioEv @ 0x9158f0
GUIDED: _ZN11RC_Channels10read_inputEv @ 0x9161f0
GUIDED: _ZN6Copter25set_throttle_and_failsafeEt @ 0x916320
GUIDED: _ZN6Copter22set_throttle_zero_flagEs @ 0x9164c0
GUIDED: _ZN6Copter27radio_passthrough_to_motorsEv @ 0x9165e0
GUIDED: _ZNK11RC_Channels17get_fs_timeout_msEv @ 0xb35220
GUIDED: _ZL3MAXIfiEDTqugtfp_fp0_fp_fp0_ERKT_RKT0_.1753 @ 0x917340
GUIDED: _ZNK10RC_Channel22get_control_in_zero_dzEv @ 0x9173e0
GUIDED: _ZN9AP_Motors21set_radio_passthroughEffff @ 0x917460
GUIDED: _ZNK10RC_Channel15pwm_to_range_dzEt @ 0x917520
GUIDED: _ZNK10RC_Channel15pwm_to_angle_dzEt @ 0x9176c0
GUIDED: _ZNK10RC_Channel20pwm_to_angle_dz_trimEtt @ 0x917750
GUIDED: _ZN10RC_Channel6updateEv @ 0x9179a0
GUIDED: _ZN11RC_Channels23rudder_arm_disarm_checkEv @ 0x917b10
GUIDED: _ZNK10RC_Channel12pwm_to_rangeEv @ 0x917d10
GUIDED: _ZNK10RC_Channel12pwm_to_angleEv @ 0x917d80
GUIDED: _ZN12SRV_Channels17enable_aux_servosEv @ 0x917df0
GUIDED: _ZN10RC_Channel16read_mode_switchEv @ 0x918490
GUIDED: _ZN10RC_Channel16read_6pos_switchERa @ 0x918510
GUIDED: _ZN10RC_Channel18debounce_completedEa @ 0x918670
GUIDED: _ZNK8AC_WPNav27get_wp_stopping_point_NEU_mER7Vector3IfE @ 0x91a8f0
GUIDED: _ZN13AC_PosControl20update_NE_controllerEv @ 0x91b3c0
GUIDED: _ZNK8AC_WPNav23get_default_speed_NE_msEv @ 0xb35af0
GUIDED: _ZNK8AC_WPNav23get_default_speed_up_msEv @ 0xb35b50
GUIDED: _ZNK8AC_WPNav25get_default_speed_down_msEv @ 0xb35bb0
GUIDED: _ZNK13AC_PosControl22get_pos_estimate_NEU_mEv @ 0xb35da0
GUIDED: _ZNK13AC_PosControl22get_vel_desired_NEU_msEv @ 0xb35df0
GUIDED: _ZNK13AC_PosControl23get_vel_estimate_NEU_msEv @ 0xb35f50
GUIDED: _Z16update_vel_accelRfffff @ 0x91ca70
GUIDED: _ZNK8AC_WPNav23get_wp_acceleration_mssEv @ 0xb35fa0
GUIDED: _Z15shape_vel_accelfffRfffffb @ 0x91cbd0
GUIDED: _Z15sqrt_controllerffff @ 0x91fff0
GUIDED: _Z11shape_accelfRfff @ 0x9202d0
GUIDED: _ZNK7AC_P_2D9get_errorEv @ 0xb36300
GUIDED: _ZNK7AC_P_1D9get_errorEv @ 0xb36350
GUIDED: _ZNK13AC_PosControl19get_max_speed_up_msEv @ 0xb363a0
GUIDED: _ZNK13AC_PosControl19get_max_accel_U_mssEv @ 0xb363f0
GUIDED: _ZN13AC_PosControl23set_max_speed_accel_U_mEfff @ 0x920470
GUIDED: _ZNK13AC_PosControl21get_max_speed_down_msEv @ 0xb36490
GUIDED: _ZNK8AC_WPNav15get_accel_U_mssEv @ 0xb364e0
GUIDED: _ZN6SCurve11add_segmentERhfNS_11SegmentTypeEffff @ 0x921ea0
GUIDED: _ZN6SCurve4initEv @ 0x924ab0
GUIDED: _ZN6AC_PID9filt_T_hzEv @ 0xb36540
GUIDED: _ZL3MINIffEDTqultfp_fp0_fp_fp0_ERKT_RKT0_.12234 @ 0x9253a0
GUIDED: _ZN6AC_PID9filt_E_hzEv @ 0xb36590
GUIDED: _ZN13AC_PosControl24set_max_speed_accel_NE_mEff @ 0x925430
GUIDED: _ZN13AC_PosControl31set_correction_speed_accel_NE_mEff @ 0x925630
GUIDED: _ZN7AC_P_2D10set_limitsEfff @ 0x9256b0
GUIDED: _ZNK18AC_AttitudeControl25get_ang_vel_roll_max_radsEv @ 0xb365e0
GUIDED: _ZNK18AC_AttitudeControl26get_ang_vel_pitch_max_radsEv @ 0xb36640
GUIDED: _ZNK18AC_AttitudeControl24get_accel_roll_max_radssEv @ 0xb366a0
GUIDED: _ZNK18AC_AttitudeControl25get_accel_pitch_max_radssEv @ 0xb36700
GUIDED: _ZN18AC_AttitudeControl18get_bf_feedforwardEv @ 0xb36760
GUIDED: _ZL9cd_to_radf.1210 @ 0x9258e0
GUIDED: _ZN13AC_PosControl19handle_ekf_NE_resetEv @ 0x925930
GUIDED: _ZN13AC_PosControl18init_NE_controllerEv @ 0x925b40
GUIDED: _ZNK7AP_AHRS16getControlLimitsERfS0_ @ 0x925f10
GUIDED: _ZN13AC_PosControl17update_offsets_NEEv @ 0x926040
GUIDED: _ZN7AC_P_2D10update_allER7Vector2IdERKS1_ @ 0x926340
GUIDED: _ZN9AC_PID_2D10update_allERK7Vector2IfES3_fS3_ @ 0x9264a0
GUIDED: _ZNK13AC_PosControl22get_lean_angle_max_radEv @ 0x9269e0
GUIDED: _Z22angle_rad_to_accel_mssf @ 0x926ab0
GUIDED: _Z14limit_accel_xyRK7Vector2IfERS0_f @ 0x926b10
GUIDED: _ZNK13AC_PosControl31accel_NE_mss_to_lean_angles_radEffRfS0_ @ 0x926d10
GUIDED: _ZN13AC_PosControl26calculate_yaw_and_rate_yawEv @ 0x926ea0
GUIDED: _ZNK18AC_AttitudeControl24get_att_target_euler_radEv @ 0xb367d0
GUIDED: _ZNK12AP_AHRS_View7cos_yawEv @ 0xb36820
GUIDED: _ZNK12AP_AHRS_View7sin_yawEv @ 0xb36870
GUIDED: _Z22accel_mss_to_angle_radf @ 0x9270c0
GUIDED: _ZN7Vector2IfE12limit_lengthEf @ 0xb368c0
GUIDED: _ZNK7Vector2IfE10normalizedEv @ 0xb36990
GUIDED: _ZNK18AC_AttitudeControl18lean_angle_max_radEv @ 0xb369f0
GUIDED: _ZNK9AC_PID_2D16get_filt_E_alphaEf @ 0x927170
GUIDED: _ZNK9AC_PID_2D16get_filt_D_alphaEf @ 0x9271f0
GUIDED: _ZN9AC_PID_2D8update_iEfRK7Vector2IfE @ 0x927270
GUIDED: _Z15sqrt_controllerRK7Vector2IfEfff @ 0x9273e0
GUIDED: _Z23update_pos_vel_accel_xyR7Vector2IdERS_IfERKS2_fS5_S5_S5_ @ 0x9274c0
GUIDED: _ZNK9AC_PID_2D9get_errorEv @ 0xb36a50
GUIDED: _Z22shape_pos_vel_accel_xyRK7Vector2IdERKS_IfES5_S2_S5_RS3_ffffb @ 0x927670
GUIDED: _Z18shape_vel_accel_xyRK7Vector2IfES2_S2_RS0_fffb @ 0x927900
GUIDED: _Z14shape_accel_xyRK7Vector2IfERS0_ff @ 0x927c60
GUIDED: _Z19update_vel_accel_xyR7Vector2IfERKS0_fS3_S3_ @ 0x927d70
GUIDED: _ZNK7NavEKF319getEkfControlLimitsERfS0_ @ 0x928000
GUIDED: _ZNK12NavEKF3_core19getEkfControlLimitsERfS0_ @ 0x928160
GUIDED: _ZN13AC_PosControl15init_offsets_NEEv @ 0x928760
GUIDED: _ZNK13AC_PosControl27lean_angles_to_accel_NE_mssERfS0_ @ 0x9288c0
GUIDED: _ZN9AC_PID_2D12reset_filterEv @ 0xb36aa0
GUIDED: _ZN9AC_PID_2D2ffEv @ 0xb36af0
GUIDED: _ZN9AC_PID_2D14set_integratorERK7Vector2IfE @ 0x928990
GUIDED: _ZN13AC_PosControl17init_ekf_NE_resetEv @ 0x928a20
GUIDED: _ZN12AP_AHRS_View24getLastPosNorthEastResetER7Vector2IfE @ 0xb36b40
GUIDED: _ZN7AP_AHRS24getLastPosNorthEastResetER7Vector2IfE @ 0x928a90
GUIDED: _ZN7NavEKF324getLastPosNorthEastResetER7Vector2IfE @ 0x928ce0
GUIDED: _ZNK13AC_PosControl32lean_angles_rad_to_accel_NEU_mssERK7Vector3IfE @ 0x928e30
GUIDED: _ZL3MAXIffEDTqugtfp_fp0_fp_fp0_ERKT_RKT0_.12242 @ 0x929010
GUIDED: _ZN13AC_PosControl24calculate_overspeed_gainEv @ 0x929090
GUIDED: _ZNK12AC_PID_Basic9get_errorEv @ 0xb36c10
GUIDED: _Z20update_pos_vel_accelRdRffffff @ 0x9291a0
GUIDED: _Z19shape_pos_vel_acceldffdfRfffffffb @ 0x929300
GUIDED: _ZL3MINIffEDTqultfp_fp0_fp_fp0_ERKT_RKT0_.12464 @ 0x929aa0
GUIDED: _ZN8AC_WPNav20wp_and_spline_init_mEf7Vector3IfE @ 0x92a3f0
GUIDED: _ZL3MAXI9AP_ParamTIfL11ap_var_type4EEfEDTqugtfp_fp0_fp_fp0_ERKT_RKT0_.12462 @ 0x92a910
GUIDED: _ZN13AC_PosControl32init_U_controller_stopping_pointEv @ 0x92a9a0
GUIDED: _ZN13AC_PosControl33init_NE_controller_stopping_pointEv @ 0x92aa40
GUIDED: _ZL3MAXIffEDTqugtfp_fp0_fp_fp0_ERKT_RKT0_.12463 @ 0x92ab50
GUIDED: _ZN13AC_PosControl30set_correction_speed_accel_U_mEfff @ 0x92abd0
GUIDED: _ZN8AC_WPNav25calc_scurve_jerk_and_snapEv @ 0x92ac80
GUIDED: _ZNK18AC_AttitudeControl12get_input_tcEv @ 0xb36e00
GUIDED: _ZN7AC_P_1D10set_limitsEffff @ 0x92af30
GUIDED: _ZN13AC_PosControl17init_U_controllerEv @ 0x92b1d0
GUIDED: _ZN13AC_PosControl12init_terrainEv @ 0x92b440
GUIDED: _ZN13AC_PosControl14init_offsets_UEv @ 0x92b4b0
GUIDED: _ZN12AC_PID_Basic12reset_filterEv @ 0xb36e60
GUIDED: _ZN12AC_PID_Basic14set_integratorEf @ 0x92b570
GUIDED: _ZNK13AC_PosControl24get_measured_accel_U_mssEv @ 0xb36eb0
GUIDED: _ZN13AC_PosControl16init_ekf_U_resetEv @ 0x92b620
GUIDED: _ZN12AP_AHRS_View19getLastPosDownResetERf @ 0xb36f20
GUIDED: _ZN7AP_AHRS19getLastPosDownResetERf @ 0x92b690
GUIDED: _ZN7NavEKF319getLastPosDownResetERf @ 0x92b8d0
GUIDED: _ZNK12AP_AHRS_View12get_accel_efEv @ 0xb36ff0
GUIDED: _ZN24AC_AttitudeControl_Multi17get_rate_roll_pidEv @ 0xb37720
GUIDED: _ZN24AC_AttitudeControl_Multi18get_rate_pitch_pidEv @ 0xb37770
GUIDED: _ZN24AC_AttitudeControl_Multi16get_rate_yaw_pidEv @ 0xb377c0
GUIDED: _ZNK24AC_AttitudeControl_Multi16get_rate_yaw_pidEv @ 0xb378b0
GUIDED: _ZN18AC_AttitudeControl47input_euler_angle_roll_pitch_euler_rate_yaw_radEfff @ 0x92d0e0
GUIDED: _ZN18AC_AttitudeControl37input_thrust_vector_rate_heading_radsERK7Vector3IfEfb @ 0x92ea10
GUIDED: _ZN24AC_AttitudeControl_Multi19rate_controller_runEv @ 0x92f3b0
GUIDED: _ZN24AC_AttitudeControl_Multi28rate_controller_target_resetEv @ 0x92f440
GUIDED: _ZN24AC_AttitudeControl_Multi22rate_controller_run_dtERK7Vector3IfEf @ 0x92f4d0
GUIDED: _ZN24AC_AttitudeControl_Multi29update_althold_lean_angle_maxEf @ 0x92f780
GUIDED: _ZN24AC_AttitudeControl_Multi16set_throttle_outEfbf @ 0x92f8c0
GUIDED: _ZNK18AC_AttitudeControl30get_althold_lean_angle_max_radEv @ 0x92f9f0
GUIDED: _ZN24AC_AttitudeControl_Multi21set_notch_sample_rateEf @ 0x92fd00
GUIDED: _ZNK24AC_AttitudeControl_Multi19is_throttle_mix_minEv @ 0xb37a60
GUIDED: _ZN24AC_AttitudeControl_Multi20set_throttle_mix_minEv @ 0xb37af0
GUIDED: _ZN24AC_AttitudeControl_Multi20set_throttle_mix_maxEf @ 0x92fda0
GUIDED: _ZN18AC_AttitudeControl16get_roll_trim_cdEv @ 0xb37da0
GUIDED: _ZL3MAXIffEDTqugtfp_fp0_fp_fp0_ERKT_RKT0_.12164 @ 0x92fe90
GUIDED: _ZN9AP_Motors26set_throttle_filter_cutoffEf @ 0xb37f00
GUIDED: _ZN24AC_AttitudeControl_Multi20get_throttle_boostedEf @ 0x92ff10
GUIDED: _ZN9AP_Motors12set_throttleEf @ 0xb37f70
GUIDED: _ZL3MAXIffEDTqugtfp_fp0_fp_fp0_ERKT_RKT0_.12079 @ 0x9300b0
GUIDED: _ZN24AC_AttitudeControl_Multi20get_throttle_avg_maxEf @ 0x930130
GUIDED: _ZN9AP_Motors20set_throttle_avg_maxEf @ 0xb37fd0
GUIDED: _ZNK12AP_AHRS_View9cos_pitchEv @ 0xb38050
GUIDED: _ZNK12AP_AHRS_View8cos_rollEv @ 0xb380a0
GUIDED: _ZNK20AP_MotorsMulticopter23get_throttle_thrust_maxEv @ 0xb380f0
GUIDED: _ZN24AC_AttitudeControl_Multi26update_throttle_gain_boostEv @ 0x930230
GUIDED: _ZN24AC_AttitudeControl_Multi23update_throttle_rpy_mixEv @ 0x9303b0
GUIDED: _ZN9AP_Motors8set_rollEf @ 0xb38140
GUIDED: _ZNK6AC_PID6get_ffEv @ 0x9305f0
GUIDED: _ZN9AP_Motors11set_roll_ffEf @ 0xb381a0
GUIDED: _ZN9AP_Motors9set_pitchEf @ 0xb38200
GUIDED: _ZN9AP_Motors12set_pitch_ffEf @ 0xb38260
GUIDED: _ZN9AP_Motors7set_yawEf @ 0xb382c0
GUIDED: _ZN9AP_Motors10set_yaw_ffEf @ 0xb38320
GUIDED: _ZL3MINIffEDTqultfp_fp0_fp_fp0_ERKT_RKT0_.12080 @ 0x930650
GUIDED: _ZNK9AP_Motors16get_throttle_outEv @ 0xb38380
GUIDED: _ZNK9AP_Motors22get_throttle_slew_rateEv @ 0xb383d0
GUIDED: _ZN18AC_AttitudeControl17set_PD_scale_multERK7Vector3IfE @ 0xb38420
GUIDED: _ZN18AC_AttitudeControl22set_angle_P_scale_multERK7Vector3IfE @ 0xb38490
GUIDED: _ZNK18AC_AttitudeControl21get_slew_yaw_max_radsEv @ 0x9306e0
GUIDED: _ZN18AC_AttitudeControl22update_attitude_targetEv @ 0x930730
GUIDED: _ZNK11QuaternionTIfE8to_eulerER7Vector3IfE @ 0xb38500
GUIDED: _ZNK18AC_AttitudeControl27attitude_from_thrust_vectorE7Vector3IfEf @ 0x930800
GUIDED: _ZN18AC_AttitudeControl19input_shaping_angleEfffff @ 0xb38580
GUIDED: _ZN18AC_AttitudeControl19input_shaping_angleEfffffff @ 0x930a50
GUIDED: _ZNK18AC_AttitudeControl13ang_vel_limitER7Vector3IfEfff @ 0x930bb0
GUIDED: _ZN18AC_AttitudeControl21ang_vel_to_euler_rateERK11QuaternionTIfERK7Vector3IfERS5_ @ 0x930db0
GUIDED: _ZN18AC_AttitudeControl28attitude_controller_run_quatEv @ 0x930f50
GUIDED: _ZN18AC_AttitudeControl36update_ang_vel_target_from_att_errorERK7Vector3IfE @ 0x9313f0
GUIDED: _ZNK18AC_AttitudeControl15get_latest_gyroEv @ 0x931800
GUIDED: _ZN18AC_AttitudeControl21input_shaping_ang_velEfffff @ 0x931870
GUIDED: _ZNK18AC_AttitudeControl21get_slew_yaw_max_degsEv @ 0x9319f0
GUIDED: _ZN18AC_AttitudeControl17euler_accel_limitERK11QuaternionTIfERK7Vector3IfE @ 0x931b50
GUIDED: _ZN18AC_AttitudeControl21euler_rate_to_ang_velERK11QuaternionTIfERK7Vector3IfERS5_ @ 0x931e70
GUIDED: _ZN18AC_AttitudeControl17get_roll_trim_radEv @ 0xb38630
GUIDED: _ZL9cd_to_radf @ 0x931fd0
GUIDED: _ZN18AC_AttitudeControl29reset_rate_controller_I_termsEv @ 0x932190
GUIDED: _ZNK20AP_MotorsMulticopter13arming_checksEmPc @ 0x933020
GUIDED: _ZNK20AP_MotorsMulticopter18get_throttle_hoverEv @ 0xb38d60
GUIDED: _ZN20AP_MotorsMulticopter6outputEv @ 0x933720
GUIDED: _ZN20AP_MotorsMulticopter10output_minEv @ 0x933800
GUIDED: _ZN9AP_Motors8rc_writeEht @ 0x933940
GUIDED: _ZN20AP_MotorsMulticopter9Log_WriteEv @ 0x933a00
GUIDED: _ZN15AP_MotorsMatrix24output_armed_stabilizingEv @ 0x933b00
GUIDED: _ZN20AP_MotorsMulticopter22update_throttle_filterEv @ 0x934840
GUIDED: _ZNK15AP_MotorsMatrix15get_type_stringEv @ 0xb39060
GUIDED: _ZN20AP_MotorsMulticopter30get_current_limit_max_throttleEv @ 0x934ed0
GUIDED: _ZN20AP_MotorsMulticopter21output_boost_throttleEv @ 0x935150
GUIDED: _ZN20AP_MotorsMulticopter11output_rpytEv @ 0x935230
GUIDED: _ZL3MAXIffEDTqugtfp_fp0_fp_fp0_ERKT_RKT0_.12661 @ 0x9367a0
GUIDED: _ZNK20Thrust_Linearization17get_battery_indexEv @ 0xb39160
GUIDED: _ZN15AP_MotorsMatrix16output_to_motorsEv @ 0x936c60
GUIDED: _ZNK20AP_MotorsMulticopter18motor_enabled_maskEh @ 0xb39220
GUIDED: _ZNK20AP_MotorsMulticopter31actuator_spin_up_to_ground_idleEv @ 0x936ee0
GUIDED: _ZN20AP_MotorsMulticopter22set_actuator_with_slewERff @ 0x936f70
GUIDED: _ZNK20Thrust_Linearization18thrust_to_actuatorEf @ 0x937130
GUIDED: _ZN20AP_MotorsMulticopter13output_to_pwmEf @ 0x937210
GUIDED: _ZNK20Thrust_Linearization35apply_thrust_curve_and_volt_scalingEf @ 0x937330
GUIDED: _ZNK20Thrust_Linearization12get_spin_minEv @ 0xb392d0
GUIDED: _ZNK20Thrust_Linearization21get_compensation_gainEv @ 0x9375b0
GUIDED: _ZNK15AP_MotorsMatrix11boost_ratioEff @ 0x9376c0
GUIDED: _ZL3MINIffEDTqultfp_fp0_fp_fp0_ERKT_RKT0_.12687 @ 0x937750
GUIDED: _ZN15AP_MotorsMatrix22check_for_failed_motorEf @ 0x9377e0
GUIDED: _ZNK20Thrust_Linearization12get_lift_maxEv @ 0xb39380
GUIDED: _ZN9AP_Motors23set_desired_spool_stateENS_17DesiredSpoolStateE @ 0x937b00
GUIDED: _ZN20Thrust_Linearization33update_lift_max_from_batt_voltageEv @ 0x937b80
GUIDED: _ZN20AP_MotorsMulticopter12output_logicEv @ 0x937f20
GUIDED: _ZN20AP_MotorsMulticopter22update_external_limitsEv @ 0x938910
GUIDED: _ZNK9AP_Motors17get_spoolup_blockEv @ 0xb393d0
GUIDED: _ZL3MINIffEDTqultfp_fp0_fp_fp0_ERKT_RKT0_.12751 @ 0x938a40
GUIDED: _ZL3MAXIffEDTqugtfp_fp0_fp_fp0_ERKT_RKT0_.12752 @ 0x938ad0
GUIDED: _ZN9AP_Motors10has_optionENS_12MotorOptionsE @ 0xb39430
GUIDED: _ZNK9AP_ParamTIfL11ap_var_type4EEgeERKS1_ @ 0xb394b0
GUIDED: _ZL3MAXI9AP_ParamTIfL11ap_var_type4EEfEDTqugtfp_fp0_fp_fp0_ERKT_RKT0_.12812 @ 0x938b50
GUIDED: _ZNK9AP_Motors8get_dt_sEv @ 0xb39520
GUIDED: _ZNK9AP_Motors13arming_checksEmPc @ 0x938e70
GUIDED: _ZNK20AP_MotorsMulticopter20check_mot_pwm_paramsEv @ 0x938f30
GUIDED: _ZN15AP_MotorsMatrix19thrust_compensationEv @ 0x939f50
GUIDED: _ZNK7FunctorIvJPfhEEcvbEv @ 0xb39680
GUIDED: _ZNK15AP_MotorsMatrix17_get_frame_stringEv @ 0xb3a180
GUIDED: _ZN15AP_Baro_Backend17_copy_to_frontendEhff @ 0x942bf0
GUIDED: _ZN12AP_Baro_SITL6_timerEv @ 0x943e80
GUIDED: _ZN7FunctorIvJEE14method_wrapperI12AP_Baro_SITLXadL_ZNS2_6_timerEvEEEEvPv @ 0xb3b9a0
GUIDED: _ZN7VectorNIN12AP_Baro_SITL13readings_baroELh50EEixEh @ 0xb3ba50
GUIDED: _ZN12AP_Baro_SITL22temperature_adjustmentERfS0_ @ 0x944270
GUIDED: _ZN12AP_Baro_SITL24wind_pressure_correctionEh @ 0x944460
GUIDED: _ZL2sqf.2279 @ 0x944670
GUIDED: _ZN7AP_Baro22_get_air_density_ratioEv @ 0x9446c0
GUIDED: _ZL2sqf.2258 @ 0x944760
GUIDED: _ZN12AP_Baro_SITL6updateEv @ 0x944850
GUIDED: _ZN12AP_Baro_SITL19update_healthy_flagEh @ 0xb3bb60
GUIDED: _ZN12AP_Baro_SITL7healthyEh @ 0x944900
GUIDED: _ZNK22AP_BattMonitor_Backend17has_cell_voltagesEv @ 0xb3c270
GUIDED: _ZNK22AP_BattMonitor_Backend15has_temperatureEv @ 0xb3c2c0
GUIDED: _ZNK22AP_BattMonitor_Backend15get_temperatureERf @ 0x945110
GUIDED: _ZNK22AP_BattMonitor_Backend22capacity_remaining_pctERh @ 0x9451d0
GUIDED: _ZN22AP_BattMonitor_Backend26update_resistance_estimateEv @ 0x945350
GUIDED: _ZN22AP_BattMonitor_Backend16update_failsafesEv @ 0x9456a0
GUIDED: _ZNK22AP_BattMonitor_Backend25get_mavlink_fault_bitmaskEv @ 0xb3c370
GUIDED: _ZL3MINIifEDTqultfp_fp0_fp_fp0_ERKT_RKT0_.18692 @ 0x9459c0
GUIDED: _ZN21AP_BattMonitor_Analog4readEv @ 0x947660
GUIDED: _ZNK21AP_BattMonitor_Analog19has_consumed_energyEv @ 0xb3d060
GUIDED: _ZNK21AP_BattMonitor_Analog11has_currentEv @ 0x947860
GUIDED: _ZN9AP_Notify19set_flight_mode_strEPKc @ 0x94de70
GUIDED: _ZN6RGBLed6updateEv @ 0x953ac0
GUIDED: _ZN10IS31FL319510hw_set_rgbEhhh @ 0x953e50
GUIDED: _ZN6RGBLed8_set_rgbEhhh @ 0x953ef0
GUIDED: _ZNK6RGBLed10rgb_sourceEv @ 0x954000
GUIDED: _ZNK6RGBLed19get_colour_sequenceEv @ 0x954260
GUIDED: _ZNK6RGBLed14get_brightnessEv @ 0x954650
GUIDED: _ZN6RGBLed7set_rgbEhhh @ 0x954750
GUIDED: _ZN10IS31FL31956_timerEv @ 0x954810
GUIDED: _ZN7FunctorIvJEE14method_wrapperI10IS31FL3195XadL_ZNS2_6_timerEvEEEEvPv @ 0xb40710
GUIDED: _ZN6LP556210hw_set_rgbEhhh @ 0x954d00
GUIDED: _ZN6LP55626_timerEv @ 0x954da0
GUIDED: _ZN7FunctorIvJEE14method_wrapperI6LP5562XadL_ZNS2_6_timerEvEEEEvPv @ 0xb40a80
GUIDED: _ZN14ToshibaLED_I2C10hw_set_rgbEhhh @ 0x956b20
GUIDED: _ZN14ToshibaLED_I2C6_timerEv @ 0x956bd0
GUIDED: _ZN7FunctorIvJEE14method_wrapperI14ToshibaLED_I2CXadL_ZNS2_6_timerEvEEEEvPv @ 0xb41790
GUIDED: _ZN4Mode4exitEv @ 0xb41ca0
GUIDED: _ZN10ModeGuided3runEv @ 0x958bf0
GUIDED: _ZNK10ModeGuided12requires_GPSEv @ 0xb41cf0
GUIDED: _ZNK10ModeGuided19has_manual_throttleEv @ 0xb41d40
GUIDED: _ZNK10ModeGuided13allows_armingEN9AP_Arming6MethodE @ 0x958d30
GUIDED: _ZNK10ModeGuided16has_user_takeoffEb @ 0xb41de0
GUIDED: _ZNK4Mode13logs_attitudeEv @ 0xb41e90
GUIDED: _ZNK4Mode19crash_check_enabledEv @ 0xb42020
GUIDED: _ZNK10ModeGuided43allows_GCS_or_SCR_arming_with_throttle_highEv @ 0xb420c0
GUIDED: _ZNK10ModeGuided13is_taking_offEv @ 0x958dd0
GUIDED: _ZNK4Mode10is_landingEv @ 0xb421b0
GUIDED: _ZNK10ModeGuided6get_wpER8Location @ 0x958e40
GUIDED: _ZNK10ModeGuided14wp_bearing_degEv @ 0x958f70
GUIDED: _ZNK10ModeGuided13wp_distance_mEv @ 0x9590a0
GUIDED: _ZNK10ModeGuided18crosstrack_error_mEv @ 0x9591f0
GUIDED: _ZN4Mode16output_to_motorsEv @ 0x9596d0
GUIDED: _ZNK10ModeGuided13use_pilot_yawEv @ 0x959730
GUIDED: _ZNK10ModeGuided20allows_weathervaningEv @ 0x959850
GUIDED: _ZN10ModeGuided21do_user_takeoff_startEf @ 0x959910
GUIDED: _ZNK8AC_WPNav28rangefinder_used_and_healthyEv @ 0xb42250
GUIDED: _ZN4Mode7AutoYaw8set_modeENS0_4ModeE @ 0x959ad0
GUIDED: _ZN12_AutoTakeoff8start_cmEfb @ 0x959bd0
GUIDED: _ZNK13AC_PosControl23get_pos_estimate_NEU_cmEv @ 0xb422e0
GUIDED: _ZNK4Mode21is_disarmed_or_landedEv @ 0x959d30
GUIDED: _ZNK10ModeGuided17option_is_enabledENS_6OptionE @ 0x959dd0
GUIDED: _ZNK6Copter38get_rangefinder_height_interpolated_cmERi @ 0x959e50
GUIDED: _ZNK18AP_SurfaceDistance38get_rangefinder_height_interpolated_cmERi @ 0x959ec0
GUIDED: _ZNK18AP_SurfaceDistance19enabled_and_healthyEv @ 0x959fc0
GUIDED: _ZNK13AC_PosControl18crosstrack_error_mEv @ 0x95a2b0
GUIDED: _ZL2sqf.12305 @ 0x95a400
GUIDED: _ZN10ModeGuided11takeoff_runEv @ 0x95a700
GUIDED: _ZN10ModeGuided20velaccel_control_runEv @ 0x95b020
GUIDED: _ZN6Copter14set_auto_armedEb @ 0x95bf60
GUIDED: _ZNK6Copter11is_tradheliEv @ 0x95c000
GUIDED: _ZN4Mode25make_safe_ground_handlingEb @ 0x95c050
GUIDED: _ZN13AC_PosControl19update_U_controllerEv @ 0x95c3a0
GUIDED: _ZN13AC_PosControl18handle_ekf_U_resetEv @ 0x95c8b0
GUIDED: _ZN13AC_PosControl16update_offsets_UEv @ 0x95ca00
GUIDED: _ZN13AC_PosControl14update_terrainEv @ 0x95ccf0
GUIDED: _ZN7AC_P_1D10update_allERff @ 0x95cf10
GUIDED: _ZNK7AP_AHRS16getControlScaleZEv @ 0x95d070
GUIDED: _ZN12AC_PID_Basic10update_allEfffbb @ 0x95d0f0
GUIDED: _ZNK6AC_PID4imaxEv @ 0xb42630
GUIDED: _ZNK12AC_PID_Basic16get_filt_E_alphaEf @ 0x95d710
GUIDED: _ZNK12AC_PID_Basic16get_filt_D_alphaEf @ 0x95d790
GUIDED: _ZN12AC_PID_Basic8update_iEfbb @ 0x95d810
GUIDED: _ZN18AC_AttitudeControl38reset_rate_controller_I_terms_smoothlyEv @ 0x95dc00
GUIDED: _ZN18AC_AttitudeControl25reset_yaw_target_and_rateEb @ 0x95dcd0
GUIDED: _ZN13AC_PosControl28relax_velocity_controller_NEEv @ 0x95de10
GUIDED: _ZN13AC_PosControl18relax_U_controllerEf @ 0x95dee0
GUIDED: _ZN6AC_PID16relax_integratorEfff @ 0x95dfc0
GUIDED: _ZNK13AC_PosControl20get_max_accel_U_cmssEv @ 0xb42710
GUIDED: _ZNK12AP_Proximity19get_upward_distanceERf @ 0x95ea00
GUIDED: _ZNK4Mode7AutoYaw4modeEv @ 0xb42830
GUIDED: _ZNK13AC_PosControl23get_vel_desired_NEU_cmsEv @ 0xb428f0
GUIDED: _ZN13AC_PosControl24input_pos_vel_accel_U_cmERfS0_fb @ 0x95f540
GUIDED: _ZNK13AC_PosControl17get_thrust_vectorEv @ 0x95f630
GUIDED: _ZN4Mode7AutoYaw11get_headingEv @ 0x95f6a0
GUIDED: _ZN18AC_AttitudeControl27input_thrust_vector_headingERK7Vector3IfENS_14HeadingCommandE @ 0x95f870
GUIDED: _ZNK4Mode31get_pilot_desired_yaw_rate_radsEv @ 0x95f990
GUIDED: _ZN4Mode7AutoYaw18update_weathervaneEf @ 0x95fa80
GUIDED: _ZN4Mode7AutoYaw7yaw_radEv @ 0x95fca0
GUIDED: _ZN4Mode7AutoYaw9rate_radsEv @ 0x95fec0
GUIDED: _ZNK13AC_PosControl11get_yaw_radEv @ 0xb42a20
GUIDED: _ZNK15AC_CommandModel8get_rateEv @ 0xb42b30
GUIDED: _ZL7radiansf.1204 @ 0x9611a0
GUIDED: _ZNK15AC_CommandModel8get_expoEv @ 0xb42b90
GUIDED: _Z10input_expoff @ 0x9611f0
GUIDED: _ZNK13AC_PosControl24get_accel_target_NEU_mssEv @ 0xb42bf0
GUIDED: _ZN13AC_PosControl23input_pos_vel_accel_U_mERfS0_fb @ 0x9612d0
GUIDED: _ZN13AC_PosControl21input_vel_accel_NE_cmER7Vector2IfERKS1_b @ 0x961930
GUIDED: _ZN13AC_PosControl20input_vel_accel_NE_mER7Vector2IfERKS1_b @ 0x961af0
GUIDED: _ZN12_AutoTakeoff3runEv @ 0x967750
GUIDED: _ZL3MINI9AP_ParamTIfL11ap_var_type4EEfEDTqultfp_fp0_fp_fp0_ERKT_RKT0_ @ 0x9681a0
GUIDED: _ZNK13AC_PosControl25get_measured_accel_U_cmssEv @ 0xb43730
GUIDED: _ZNK13AC_PosControl20get_max_speed_up_cmsEv @ 0xb43790
GUIDED: _ZL2sqf.1871 @ 0x968230
GUIDED: _ZNK13AC_PosControl20get_pos_desired_U_cmEv @ 0xb437f0
GUIDED: _ZNK13AC_PosControl19get_pos_desired_U_mEv @ 0xb43850
GUIDED: _ZNK10ModeGuided11mode_numberEv @ 0xb43910
GUIDED: _ZNK8ModeAuto11mode_numberEv @ 0xb44160
GUIDED: _ZN8AC_WPNav21wp_and_spline_init_cmEf7Vector3IfE @ 0x96a6b0
GUIDED: _ZN7FunctorIvJEE14method_wrapperI17AP_InertialSensorXadL_ZNS2_6updateEvEEEEvPv @ 0xb44240
GUIDED: _ZN7FunctorIvJEE14method_wrapperI6CopterXadL_ZNS2_24run_rate_controller_mainEvEEEEvPv @ 0xb442f0
GUIDED: _ZN7FunctorIvJEE14method_wrapperI6CopterXadL_ZNS2_21run_custom_controllerEvEEEEvPv @ 0xb443a0
GUIDED: _ZN7FunctorIvJEE14method_wrapperI6CopterXadL_ZNS2_18motors_output_mainEvEEEEvPv @ 0xb44450
GUIDED: _ZN7FunctorIvJEE14method_wrapperI6CopterXadL_ZNS2_9read_AHRSEvEEEEvPv @ 0xb44500
GUIDED: _ZN7FunctorIvJEE14method_wrapperI6CopterXadL_ZNS2_12read_inertiaEvEEEEvPv @ 0xb445b0
GUIDED: _ZN7FunctorIvJEE14method_wrapperI6CopterXadL_ZNS2_15check_ekf_resetEvEEEEvPv @ 0xb44660
GUIDED: _ZN7FunctorIvJEE14method_wrapperI6CopterXadL_ZNS2_18update_flight_modeEvEEEEvPv @ 0xb44710
GUIDED: _ZN7FunctorIvJEE14method_wrapperI6CopterXadL_ZNS2_20update_home_from_EKFEvEEEEvPv @ 0xb447c0
GUIDED: _ZN7FunctorIvJEE14method_wrapperI6CopterXadL_ZNS2_31update_land_and_crash_detectorsEvEEEEvPv @ 0xb44870
GUIDED: _ZN7FunctorIvJEE14method_wrapperI6CopterXadL_ZNS2_33update_rangefinder_terrain_offsetEvEEEEvPv @ 0xb44920
GUIDED: _ZN7FunctorIvJEE14method_wrapperI8AP_MountXadL_ZNS2_11update_fastEvEEEEvPv @ 0xb449d0
GUIDED: _ZN7FunctorIvJEE14method_wrapperI6CopterXadL_ZNS2_23Log_Video_StabilisationEvEEEEvPv @ 0xb44a80
GUIDED: _ZN7FunctorIvJEE14method_wrapperI6CopterXadL_ZNS2_7rc_loopEvEEEEvPv @ 0xb44b30
GUIDED: _ZN7FunctorIvJEE14method_wrapperI6CopterXadL_ZNS2_13throttle_loopEvEEEEvPv @ 0xb44be0
GUIDED: _ZN7FunctorIvJEE14method_wrapperI6CopterXadL_ZNS2_11fence_checkEvEEEEvPv @ 0xb44c90
GUIDED: _ZN7FunctorIvJEE14method_wrapperI6AP_GPSXadL_ZNS2_6updateEvEEEEvPv @ 0xb44d40
GUIDED: _ZN7FunctorIvJEE14method_wrapperI14AP_OpticalFlowXadL_ZNS2_6updateEvEEEEvPv @ 0xb44df0
GUIDED: _ZN7FunctorIvJEE14method_wrapperI6CopterXadL_ZNS2_19update_batt_compassEvEEEEvPv @ 0xb44ea0
GUIDED: _ZN7FunctorIvJEE14method_wrapperI11RC_ChannelsXadL_ZNS2_12read_aux_allEvEEEEvPv @ 0xb44f50
GUIDED: _ZN7FunctorIvJEE14method_wrapperI6CopterXadL_ZNS2_17auto_disarm_checkEvEEEEvPv @ 0xb45000
GUIDED: _ZN7FunctorIvJEE14method_wrapperI18RC_Channels_CopterXadL_ZNS2_13auto_trim_runEvEEEEvPv @ 0xb450b0
GUIDED: _ZN7FunctorIvJEE14method_wrapperI6CopterXadL_ZNS2_16read_rangefinderEvEEEEvPv @ 0xb45160
GUIDED: _ZN7FunctorIvJEE14method_wrapperI12AP_ProximityXadL_ZNS2_6updateEvEEEEvPv @ 0xb45210
GUIDED: _ZN7FunctorIvJEE14method_wrapperI9AP_BeaconXadL_ZNS2_6updateEvEEEEvPv @ 0xb452c0
GUIDED: _ZN7FunctorIvJEE14method_wrapperI6CopterXadL_ZNS2_15update_altitudeEvEEEEvPv @ 0xb45370
GUIDED: _ZN7FunctorIvJEE14method_wrapperI6CopterXadL_ZNS2_15run_nav_updatesEvEEEEvPv @ 0xb45420
GUIDED: _ZN7FunctorIvJEE14method_wrapperI6CopterXadL_ZNS2_21update_throttle_hoverEvEEEEvPv @ 0xb454d0
GUIDED: _ZN7FunctorIvJEE14method_wrapperI12ModeSmartRTLXadL_ZNS2_13save_positionEvEEEEvPv @ 0xb45580
GUIDED: _ZN7FunctorIvJEE14method_wrapperI10AC_SprayerXadL_ZNS2_6updateEvEEEEvPv @ 0xb45630
GUIDED: _ZN7FunctorIvJEE14method_wrapperI6CopterXadL_ZNS2_13three_hz_loopEvEEEEvPv @ 0xb456e0
GUIDED: _ZN7FunctorIvJEE14method_wrapperI19AP_ServoRelayEventsXadL_ZNS2_13update_eventsEvEEEEvPv @ 0xb45790
GUIDED: _ZN7FunctorIvJEE14method_wrapperI6CopterXadL_ZNS2_15update_preclandEvEEEEvPv @ 0xb45840
GUIDED: _ZN7FunctorIvJEE14method_wrapperI6CopterXadL_ZNS2_17loop_rate_loggingEvEEEEvPv @ 0xb458f0
GUIDED: _ZN7FunctorIvJEE14method_wrapperI6CopterXadL_ZNS2_11one_hz_loopEvEEEEvPv @ 0xb459a0
GUIDED: _ZN7FunctorIvJEE14method_wrapperI6CopterXadL_ZNS2_9ekf_checkEvEEEEvPv @ 0xb45a50
GUIDED: _ZN7FunctorIvJEE14method_wrapperI6CopterXadL_ZNS2_15check_vibrationEvEEEEvPv @ 0xb45b00
GUIDED: _ZN7FunctorIvJEE14method_wrapperI6CopterXadL_ZNS2_15gpsglitch_checkEvEEEEvPv @ 0xb45bb0
GUIDED: _ZN7FunctorIvJEE14method_wrapperI6CopterXadL_ZNS2_13takeoff_checkEvEEEEvPv @ 0xb45c60
GUIDED: _ZN7FunctorIvJEE14method_wrapperI6CopterXadL_ZNS2_18landinggear_updateEvEEEEvPv @ 0xb45d10
GUIDED: _ZN7FunctorIvJEE14method_wrapperI6CopterXadL_ZNS2_14standby_updateEvEEEEvPv @ 0xb45dc0
GUIDED: _ZN7FunctorIvJEE14method_wrapperI6CopterXadL_ZNS2_18lost_vehicle_checkEvEEEEvPv @ 0xb45e70
GUIDED: _ZN7FunctorIvJEE14method_wrapperI3GCSXadL_ZNS2_14update_receiveEvEEEEvPv @ 0xb45f20
GUIDED: _ZN7FunctorIvJEE14method_wrapperI3GCSXadL_ZNS2_11update_sendEvEEEEvPv @ 0xb45fd0
GUIDED: _ZN7FunctorIvJEE14method_wrapperI8AP_MountXadL_ZNS2_6updateEvEEEEvPv @ 0xb46080
GUIDED: _ZN7FunctorIvJEE14method_wrapperI9AP_CameraXadL_ZNS2_6updateEvEEEEvPv @ 0xb46130
GUIDED: _ZN7FunctorIvJEE14method_wrapperI6CopterXadL_ZNS2_19ten_hz_logging_loopEvEEEEvPv @ 0xb461e0
GUIDED: _ZN7FunctorIvJEE14method_wrapperI6CopterXadL_ZNS2_21twentyfive_hz_loggingEvEEEEvPv @ 0xb46290
GUIDED: _ZN7FunctorIvJEE14method_wrapperI9AP_LoggerXadL_ZNS2_14periodic_tasksEvEEEEvPv @ 0xb46340
GUIDED: _ZN7FunctorIvJEE14method_wrapperI17AP_InertialSensorXadL_ZNS2_8periodicEvEEEEvPv @ 0xb463f0
GUIDED: _ZN7FunctorIvJEE14method_wrapperI12AP_SchedulerXadL_ZNS2_14update_loggingEvEEEEvPv @ 0xb464a0
GUIDED: _ZN7FunctorIvJEE14method_wrapperI18AP_TempCalibrationXadL_ZNS2_6updateEvEEEEvPv @ 0xb46550
GUIDED: _ZN7FunctorIvJEE14method_wrapperI6CopterXadL_ZNS2_21avoidance_adsb_updateEvEEEEvPv @ 0xb46600
GUIDED: _ZN7FunctorIvJEE14method_wrapperI6CopterXadL_ZNS2_14terrain_updateEvEEEEvPv @ 0xb466b0
GUIDED: _ZN7FunctorIvJEE14method_wrapperI8AP_WinchXadL_ZNS2_6updateEvEEEEvPv @ 0xb46760
GUIDED: _ZN7FunctorIvJEE14method_wrapperI9AP_ButtonXadL_ZNS2_6updateEvEEEEvPv @ 0xb46810
GUIDED: _ZN7FunctorIvJEE14method_wrapperI6CopterXadL_ZNS2_43update_dynamic_notch_at_specified_rate_mainEvEEEEvPv @ 0xb468c0
GUIDED: _ZN6Copter43update_dynamic_notch_at_specified_rate_mainEv @ 0x96ae30
GUIDED: _ZN10AP_Vehicle38update_dynamic_notch_at_specified_rateEv @ 0x96aea0
GUIDED: _ZN10AP_Vehicle20update_dynamic_notchERN17AP_InertialSensor13HarmonicNotchE @ 0x96aff0
GUIDED: _ZN9AP_Button6updateEv @ 0x96c0d0
GUIDED: _ZN8AP_Winch6updateEv @ 0x96cd50
GUIDED: _ZNK8AP_Winch7enabledEv @ 0x96cdd0
GUIDED: _ZN6Copter14terrain_updateEv @ 0x96ce50
GUIDED: _ZN10AP_Terrain6updateEv @ 0x96cef0
GUIDED: _ZN11RangeFinder28set_estimated_terrain_heightEf @ 0xb46d80
GUIDED: _ZN10AP_Terrain16schedule_disk_ioEv @ 0x96d0c0
GUIDED: _ZN10AP_Terrain19update_mission_dataEv @ 0x96d310
GUIDED: _ZN10AP_Terrain17update_rally_dataEv @ 0x96d620
GUIDED: _ZN10AP_Terrain24update_surrounding_tilesERK8Location @ 0x96d7f0
GUIDED: _ZNK8AP_Rally19last_change_time_msEv @ 0xb46df0
GUIDED: _ZNK10AP_Mission19last_change_time_msEv @ 0xb46e40
GUIDED: _ZN10AP_Terrain15check_disk_readEv @ 0x96d970
GUIDED: _ZN10AP_Terrain16check_disk_writeEv @ 0x96da50
GUIDED: _ZN10AP_Terrain11find_io_idxENS_14GridCacheStateE @ 0x96db30
GUIDED: _ZN10AP_Terrain8io_timerEv @ 0x96ddb0
GUIDED: _ZN7FunctorIvJEE14method_wrapperI10AP_TerrainXadL_ZNS2_8io_timerEvEEEEvPv @ 0xb46ef0
GUIDED: _ZN10AP_Terrain9open_fileEv @ 0x96dee0
GUIDED: _ZN10AP_Terrain11write_blockEv @ 0x96e2d0
GUIDED: _ZN10AP_Terrain11seek_offsetEv @ 0x96e600
GUIDED: _ZN10AP_Terrain13get_block_crcERNS_10grid_blockE @ 0x96e6f0
GUIDED: _ZNK10AP_Terrain11east_blocksERNS_10grid_blockE @ 0x96e780
GUIDED: _ZN6Copter21avoidance_adsb_updateEv @ 0x96e8d0
GUIDED: _ZN7AP_ADSB6updateEv @ 0x96e940
GUIDED: _ZN12AP_Avoidance6updateEv @ 0x96eb20
GUIDED: _ZN12AP_Avoidance13check_startupEv @ 0x96ebe0
GUIDED: _ZN7AP_ADSB3LocC2Ev @ 0xb47180
GUIDED: _ZNK7AP_AHRS19get_vert_pos_rate_DERf @ 0x970420
GUIDED: _ZN7AP_ADSB6updateERKNS_3LocE @ 0x970550
GUIDED: _ZNK7NavEKF320getPosDownDerivativeEv @ 0x970c10
GUIDED: _ZNK12NavEKF3_core20getPosDownDerivativeEv @ 0x970e60
GUIDED: _ZN18AP_TempCalibration6updateEv @ 0x970f20
GUIDED: _ZN12AP_Scheduler14update_loggingEv @ 0x971af0
GUIDED: _ZN12AP_Scheduler11debug_flagsEv @ 0xb471f0
GUIDED: _ZN12AP_Scheduler21Log_Write_PerformanceEv @ 0x971d60
GUIDED: _ZN2AP8PerfInfo13has_task_infoEv @ 0xb47250
GUIDED: _ZNK2AP8PerfInfo20get_num_long_runningEv @ 0x971f70
GUIDED: _ZNK2AP8PerfInfo13get_num_loopsEv @ 0x971fc0
GUIDED: _ZNK2AP8PerfInfo12get_max_timeEv @ 0x972010
GUIDED: _ZN12AP_Scheduler12load_averageEv @ 0x972060
GUIDED: _ZNK16AP_InternalError5countEv @ 0xb472b0
GUIDED: _ZN17AP_InertialSensor8periodicEv @ 0x9722a0
GUIDED: _ZN17AP_InertialSensor12BatchSampler8periodicEv @ 0x972300
GUIDED: _ZN9AP_Logger14periodic_tasksEv @ 0x972920
GUIDED: _ZN6Copter21twentyfive_hz_loggingEv @ 0x9729c0
GUIDED: _ZN6Copter17Log_Write_EKF_POSEv @ 0x972aa0
GUIDED: _ZNK17AP_InertialSensor9Write_IMUEv @ 0x972af0
GUIDED: _ZN10AP_GyroFFT18write_log_messagesEv @ 0x972bb0
GUIDED: _ZL3MAXIhhEDTqugtfp_fp0_fp_fp0_ERKT_RKT0_ @ 0x973230
GUIDED: _ZNK17AP_InertialSensor18Write_IMU_instanceEmh @ 0x9732b0
GUIDED: _ZNK17AP_InertialSensor16get_gyro_rate_hzEh @ 0xb47470
GUIDED: _ZNK17AP_InertialSensor17get_accel_rate_hzEh @ 0xb474f0
GUIDED: _ZN7AP_AHRS9Log_WriteEv @ 0x973440
GUIDED: _ZN7NavEKF29Log_WriteEv @ 0x9734d0
GUIDED: _ZN7NavEKF39Log_WriteEv @ 0x9735e0
GUIDED: _ZNK7AP_AHRS11Write_AHRS2Ev @ 0x9736f0
GUIDED: _ZNK7AP_AHRS9Write_POSEv @ 0x9738d0
GUIDED: _ZN4SITL3SIM18Log_Write_SIMSTATEEv @ 0x973a30
GUIDED: _ZNK7AP_AHRS22get_secondary_attitudeER7Vector3IfE @ 0xb47570
GUIDED: _ZNK7AP_AHRS22get_secondary_positionER8Location @ 0xb475f0
GUIDED: _ZNK7AP_AHRS24get_secondary_quaternionER11QuaternionTIfE @ 0xb47670
GUIDED: _ZL7degreesf.1917 @ 0x973bc0
GUIDED: _ZN12NavEKF3_core9Log_WriteEm @ 0x973c10
GUIDED: _ZNK7AP_EnumIN7NavEKF38LogLevelEEcvKS1_Ev @ 0xb476f0
GUIDED: _ZNK12NavEKF3_core14Log_Write_XKF4Em @ 0x973d60
GUIDED: _ZN12NavEKF3_core13Log_Write_GSFEm @ 0x9740b0
GUIDED: _ZNK12NavEKF3_core14Log_Write_XKF1Em @ 0x974160
GUIDED: _ZNK12NavEKF3_core14Log_Write_XKF2Em @ 0x974430
GUIDED: _ZNK12NavEKF3_core14Log_Write_XKF3Em @ 0x9746d0
GUIDED: _ZNK12NavEKF3_core14Log_Write_XKF5Em @ 0x974930
GUIDED: _ZNK12NavEKF3_core14Log_Write_XKFSEm @ 0x974b90
GUIDED: _ZNK12NavEKF3_core20Log_Write_QuaternionEm @ 0x974ca0
GUIDED: _ZN12NavEKF3_core16Log_Write_BeaconEm @ 0x974d80
GUIDED: _ZN12NavEKF3_core18Log_Write_BodyOdomEm @ 0x975070
GUIDED: _ZN12NavEKF3_core25Log_Write_State_VariancesEm @ 0x9751e0
GUIDED: _ZN12NavEKF3_core16Log_Write_TimingEm @ 0x975500
GUIDED: _ZNK6AP_DAL12logging_coreEh @ 0x975660
GUIDED: _ZL3MAXIjjEDTqugtfp_fp0_fp_fp0_ERKT_RKT0_ @ 0x9756b0
GUIDED: _ZNK16AP_NavEKF_Source21getPosVelYawSourceSetEv @ 0xb47740
GUIDED: _ZL3MAXIddEDTqugtfp_fp0_fp_fp0_ERKT_RKT0_.4677 @ 0x975730
GUIDED: _ZL3MINIdiEDTqultfp_fp0_fp_fp0_ERKT_RKT0_.4678 @ 0x9757b0
GUIDED: _ZNK12NavEKF3_core14getInnovationsER7Vector3IfES2_S2_RfS3_ @ 0x975850
GUIDED: _ZL7degreesf.4675 @ 0x975a50
GUIDED: _ZNK12NavEKF3_core26getSynthAirDataInnovationsER7Vector2IfERf @ 0x975aa0
GUIDED: _ZN10EKFGSF_yaw9Log_WriteEm11LogMessagesS0_h @ 0x975b70
GUIDED: _ZL7degreesf.19457 @ 0x975ef0
GUIDED: _ZL3MAXIffEDTqugtfp_fp0_fp_fp0_ERKT_RKT0_.19458 @ 0x975f40
GUIDED: _ZL3MAXIdfEDTqugtfp_fp0_fp_fp0_ERKT_RKT0_.4676 @ 0x975fc0
GUIDED: _ZN6Copter19ten_hz_logging_loopEv @ 0x977af0
GUIDED: _ZNK7AP_AHRS14Write_AttitudeERK7Vector3IfE @ 0x977ea0
GUIDED: _ZN6Copter18Log_Write_AttitudeEv @ 0x977fb0
GUIDED: _ZN6Copter14Log_Write_RateEv @ 0x978010
GUIDED: _ZN6Copter14Log_Write_PIDSEv @ 0x978070
GUIDED: _ZN9AP_Logger10Write_RCINEv @ 0x978290
GUIDED: _ZN9AP_Logger11Write_RCOUTEv @ 0x978530
GUIDED: _ZN13AC_PosControl9write_logEv @ 0x978ae0
GUIDED: _ZNK17AP_InertialSensor15Write_VibrationEv @ 0x978f60
GUIDED: _ZN12AP_Proximity3logEv @ 0x979080
GUIDED: _ZN9AP_Beacon3logEv @ 0x9793b0
GUIDED: _ZN8AP_Winch9write_logEv @ 0x9794f0
GUIDED: _ZN8AP_Mount9write_logEv @ 0x979570
GUIDED: _ZNK12AP_Proximity12distance_maxEv @ 0x9796a0
GUIDED: _ZNK17AP_InertialSensor20get_accel_clip_countEh @ 0x979bf0
GUIDED: _ZN13AC_PosControl10Write_PSCNEfffffffff @ 0x979c90
GUIDED: _ZN13AC_PosControl10Write_PSCEEfffffffff @ 0x979d90
GUIDED: _ZNK7Vector2IdE7is_zeroEv @ 0xb477e0
GUIDED: _ZN13AC_PosControl10Write_PSCDEfffffffff @ 0x97a010
GUIDED: _ZN13AC_PosControl10Write_PSCxE11LogMessagesfffffffff @ 0x97a3a0
GUIDED: _ZN11RC_Channels12get_radio_inEPth @ 0x97a5e0
GUIDED: _ZNK11RC_Channels17get_override_maskEv @ 0x97a6d0
GUIDED: _ZL3MINIhiEDTqultfp_fp0_fp_fp0_ERKT_RKT0_.6934 @ 0x97a790
GUIDED: _ZN9AP_Logger9Write_PIDEhRK10AP_PIDInfo @ 0x97a810
GUIDED: _ZN13AC_PosControl14get_vel_NE_pidEv @ 0xb478d0
GUIDED: _ZNK9AC_PID_2D14get_pid_info_xEv @ 0xb47920
GUIDED: _ZNK9AC_PID_2D14get_pid_info_yEv @ 0xb47970
GUIDED: _ZNK18AC_AttitudeControl10Write_RateERK13AC_PosControl @ 0x97a9a0
GUIDED: _ZNK18AC_AttitudeControl15rate_bf_targetsEv @ 0xb479c0
GUIDED: _ZNK13AC_PosControl25get_accel_target_NEU_cmssEv @ 0xb47a50
GUIDED: _ZNK18AC_AttitudeControl22get_last_angle_P_scaleEv @ 0xb47ae0
GUIDED: _ZNK18AC_AttitudeControl9Write_ANGEv @ 0x97add0
GUIDED: _ZNK12AP_Scheduler22get_loop_start_time_usEv @ 0xb47b30
GUIDED: _ZL7degreesf.12066 @ 0x97af00
GUIDED: _ZNK12AP_Scheduler20get_last_loop_time_sEv @ 0xb47b80
GUIDED: _ZN9AP_Camera6updateEv @ 0x97af50
GUIDED: _ZN8AP_Mount6updateEv @ 0x97b010
GUIDED: _ZN6Copter18lost_vehicle_checkEv @ 0x97b0c0
GUIDED: _ZN6Copter14standby_updateEv @ 0x97b230
GUIDED: _ZN6Copter18landinggear_updateEv @ 0x97b380
GUIDED: _ZN6Copter13takeoff_checkEv @ 0x97b920
GUIDED: _ZN9AP_Motors17set_spoolup_blockEb @ 0xb47bd0
GUIDED: _ZN6Copter15gpsglitch_checkEv @ 0x97beb0
GUIDED: _ZN6Copter15check_vibrationEv @ 0x97bfd0
GUIDED: _ZNK7AP_AHRS15get_innovationsER7Vector3IfES2_S2_RfS3_ @ 0x97c2f0
GUIDED: _ZNK7AP_AHRS21is_vibration_affectedEv @ 0x97c460
GUIDED: _ZNK7NavEKF319isVibrationAffectedEv @ 0x97c530
GUIDED: _ZNK12NavEKF3_core19isVibrationAffectedEv @ 0xb47c90
GUIDED: _ZNK7NavEKF314getInnovationsER7Vector3IfES2_S2_RfS3_ @ 0x97c6b0
GUIDED: _ZN6Copter9ekf_checkEv @ 0x97c860
GUIDED: _ZN6Copter18ekf_over_thresholdEv @ 0x97cc10
GUIDED: _ZN6Copter11one_hz_loopEv @ 0x97d1a0
GUIDED: _ZNK6Copter8ap_valueEv @ 0x97d440
GUIDED: _ZN6Copter14Log_Write_DataE9LogDataIDj @ 0x97d4f0
GUIDED: _ZN6Copter15terrain_loggingEv @ 0x97d5b0
GUIDED: _ZN7AP_ADSB13set_is_flyingEb @ 0xb47cf0
GUIDED: _ZN16AC_CustomControl21set_notch_sample_rateEf @ 0x97d630
GUIDED: _ZNK6Copter18get_fast_rate_typeEv @ 0xb47d50
GUIDED: _ZN6Copter13motors_outputEb @ 0x97e6d0
GUIDED: _ZNK17AP_InertialSensor24write_notch_log_messagesEv @ 0x97ed40
GUIDED: _ZN12SRV_Channels8calc_pwmEv @ 0x97f1e0
GUIDED: _ZN12SRV_Channels13output_ch_allEv @ 0x97f400
GUIDED: _ZN9AP_Motors13set_interlockEb @ 0xb482b0
GUIDED: _ZN7Compass11set_voltageEf @ 0xb48310
GUIDED: _ZN16Compass_PerMotor11set_voltageEf @ 0xb483e0
GUIDED: _ZN9AP_Motors8set_dt_sEf @ 0xb48880
GUIDED: _ZN10AP_Terrain16log_terrain_dataEv @ 0x980150
GUIDED: _ZN6Copter17loop_rate_loggingEv @ 0x980300
GUIDED: _ZN6Copter15update_preclandEv @ 0x980410
GUIDED: _ZNK6Copter18rangefinder_alt_okEv @ 0x9804a0
GUIDED: _ZN11AC_PrecLand6updateEfb @ 0x980500
GUIDED: _ZNK11AC_PrecLand7enabledEv @ 0xb48a20
GUIDED: _ZN6Copter13three_hz_loopEv @ 0x982a20
GUIDED: _ZN6Copter18failsafe_gcs_checkEv @ 0x982aa0
GUIDED: _ZN6Copter22failsafe_terrain_checkEv @ 0x982c60
GUIDED: _ZN6Copter25failsafe_deadreckon_checkEv @ 0x982d70
GUIDED: _ZN6Copter6tuningEv @ 0x983080
GUIDED: _ZN6Copter17low_alt_avoidanceEv @ 0x9831d0
GUIDED: _ZN8AC_Avoid30proximity_alt_avoidance_enableEb @ 0xb490a0
GUIDED: _ZN6Copter6tuningEPK10RC_Channelaff @ 0x9832b0
GUIDED: _ZN10AC_Sprayer6updateEv @ 0x984290
GUIDED: _ZN12ModeSmartRTL13save_positionEv @ 0x9846e0
GUIDED: _ZN11AP_SmartRTL6updateEbb @ 0x9847c0
GUIDED: _ZN11AP_SmartRTL6updateEbRK7Vector3IfE @ 0x9848c0
GUIDED: _ZN6Copter21update_throttle_hoverEv @ 0x9849f0
GUIDED: _ZNK7AP_AHRS14get_velocity_DERfb @ 0x984c60
GUIDED: _ZN6Copter15run_nav_updatesEv @ 0x9852e0
GUIDED: _ZN6Copter15update_altitudeEv @ 0x985330
GUIDED: _ZN6Copter14read_barometerEv @ 0x9853e0
GUIDED: _ZN6Copter24Log_Write_Control_TuningEv @ 0x985470
GUIDED: _ZNK9AP_Logger9quiet_nanEv @ 0xb49880
GUIDED: _ZNK13AC_PosControl19get_pos_target_U_cmEv @ 0xb498e0
GUIDED: _ZNK13AC_PosControl20get_vel_target_U_cmsEv @ 0xb49940
GUIDED: _ZNK6Copter15SurfaceTracking27get_target_dist_for_loggingERf @ 0x985720
GUIDED: _ZNK18AC_AttitudeControl11angle_boostEv @ 0xb499a0
GUIDED: _ZNK6Copter15SurfaceTracking20get_dist_for_loggingEv @ 0x985820
GUIDED: _ZNK13AC_PosControl24get_vel_estimate_NEU_cmsEv @ 0xb499f0
GUIDED: _ZNK13AC_PosControl19get_vel_target_U_msEv @ 0xb49a80
GUIDED: _ZNK13AC_PosControl18get_pos_target_U_mEv @ 0xb49ad0
GUIDED: _ZN9AP_Beacon6updateEv @ 0x9858a0
GUIDED: _ZN12AP_Proximity6updateEv @ 0x985fb0
GUIDED: _ZNK12AP_Proximity15get_filter_freqEv @ 0xb49b30
GUIDED: _ZN24AP_Proximity_Boundary_3D15set_filter_freqEf @ 0xb49b90
GUIDED: _ZN24AP_Proximity_Boundary_3D18check_face_timeoutEv @ 0x986080
GUIDED: _ZN6Copter16read_rangefinderEv @ 0x9861e0
GUIDED: _ZN11RangeFinder6updateEv @ 0x986310
GUIDED: _ZN18AP_SurfaceDistance6updateEv @ 0x986430
GUIDED: _ZN18AP_SurfaceDistance10data_staleEv @ 0x986820
GUIDED: _ZN12AP_Proximity19set_rangefinder_altEbbf @ 0x9868b0
GUIDED: _ZL3MAXIffEDTqugtfp_fp0_fp_fp0_ERKT_RKT0_.13176 @ 0x986960
GUIDED: _ZNK18AP_SurfaceDistance9Log_WriteEv @ 0x986b60
GUIDED: _ZNK11RangeFinder8Log_RFNDEv @ 0x986c80
GUIDED: _ZN18RC_Channels_Copter13auto_trim_runEv @ 0x986dc0
GUIDED: _ZN6Copter17auto_disarm_checkEv @ 0x9870e0
GUIDED: _ZN11RC_Channels12read_aux_allEv @ 0x987360
GUIDED: _ZN10RC_Channel8read_auxEv @ 0x987450
GUIDED: _ZN6Copter19update_batt_compassEv @ 0x9879e0
GUIDED: _ZN14AP_BattMonitor4readEv @ 0x987ac0
GUIDED: _ZN7Compass12set_throttleEf @ 0xb49c50
GUIDED: _ZN9AP_Logger11Write_PowerEv @ 0x987cf0
GUIDED: _ZNK22AP_BattMonitor_Backend13Log_Write_BATEhm @ 0x987d40
GUIDED: _ZNK22AP_BattMonitor_Backend13Log_Write_BCLEhm @ 0x987fe0
GUIDED: _ZN14AP_BattMonitor15check_failsafesEv @ 0x9881e0
GUIDED: _ZN14AP_BattMonitor16checkPoweringOffEv @ 0x9884f0
GUIDED: _ZNK22AP_BattMonitor_Backend23get_state_of_health_pctERh @ 0x988650
GUIDED: _ZN14AP_OpticalFlow6updateEv @ 0x9886e0
GUIDED: _ZN6AP_GPS6updateEv @ 0x989c90
GUIDED: _ZN6AP_GPS15update_instanceEh @ 0x989e10
GUIDED: _ZN6AP_GPS14update_primaryEv @ 0x98a5b0
GUIDED: _ZN14AP_GPS_Blended19zero_health_counterEv @ 0xb49d50
GUIDED: _ZN6AP_GPS9Write_GPSEh @ 0x98bd80
GUIDED: _ZL3MINIfiEDTqultfp_fp0_fp_fp0_ERKT_RKT0_.3064 @ 0x98c1c0
GUIDED: _ZNK6AP_GPS26last_message_delta_time_msEh @ 0xb49e00
GUIDED: _ZNK6AP_GPS10should_logEv @ 0x98c260
GUIDED: _ZN6AP_GPS16send_blob_updateEh @ 0x98d3e0
GUIDED: _ZN14AP_GPS_Backend14check_new_itowEjj @ 0x992130
GUIDED: _ZN12AP_GPS_UBLOX20_request_next_configEv @ 0x996320
GUIDED: _ZN12AP_GPS_UBLOX21_request_message_rateEhh @ 0x996dc0
GUIDED: _ZN12AP_GPS_UBLOX13_request_portEv @ 0x996e80
GUIDED: _ZN12AP_GPS_UBLOX13_send_messageEhhPKvt @ 0x996f10
GUIDED: _ZN12AP_GPS_UBLOX16_update_checksumEPhtRhS1_ @ 0x997dd0
GUIDED: _ZN12AP_GPS_UBLOX4readEv @ 0x997f00
GUIDED: _ZNK12AP_GPS_UBLOX13is_configuredEv @ 0xb4ac80
GUIDED: _ZNK12AP_GPS_UBLOX7get_lagERf @ 0x9985e0
GUIDED: _ZNK12AP_GPS_UBLOX10is_healthyEv @ 0x998770
GUIDED: _ZNK12AP_GPS_UBLOX4nameEv @ 0xb4acd0
GUIDED: _ZNK12AP_GPS_UBLOX36Write_AP_Logger_Log_Startup_messagesEv @ 0x998870
GUIDED: _ZL3MINIjjEDTqultfp_fp0_fp_fp0_ERKT_RKT0_.3359 @ 0x998bc0
GUIDED: _ZN12AP_GPS_UBLOXUt_ixEm @ 0xb4ad90
GUIDED: _ZN12AP_GPS_UBLOX10_parse_gpsEv @ 0x998c40
GUIDED: _ZN12AP_GPS_UBLOX15_check_new_itowEj @ 0x99c100
GUIDED: _ZN12AP_GPS_UBLOX23_configure_message_rateEhhh @ 0x99c180
GUIDED: _ZN6Copter11fence_checkEv @ 0x9a3780
GUIDED: _ZN6Copter13throttle_loopEv @ 0x9a3ad0
GUIDED: _ZN6Copter19update_throttle_mixEv @ 0x9a3b40
GUIDED: _ZN6Copter17update_auto_armedEv @ 0x9a3de0
GUIDED: _ZN6Copter29update_ground_effect_detectorEv @ 0x9a3fb0
GUIDED: _ZN6Copter32update_ekf_terrain_height_stableEv @ 0x9a46a0
GUIDED: _ZN7AP_AHRS22set_terrain_hgt_stableEb @ 0x9a4790
GUIDED: _ZN7NavEKF219setTerrainHgtStableEb @ 0x9a4890
GUIDED: _ZN7NavEKF319setTerrainHgtStableEb @ 0x9a4990
GUIDED: _ZN12NavEKF3_core19setTerrainHgtStableEb @ 0x9a4a90
GUIDED: _ZN7AP_AHRS22set_touchdown_expectedEb @ 0x9a4b50
GUIDED: _ZNK13AC_PosControl22get_vel_target_NEU_cmsEv @ 0xb4c5c0
GUIDED: _ZL7radiansf.996 @ 0x9a4bc0
GUIDED: _ZNK13AC_PosControl21get_vel_target_NEU_msEv @ 0xb4c650
GUIDED: _ZL9cd_to_radf.1156 @ 0x9a4c10
GUIDED: _ZNK6Copter16get_force_flyingEv @ 0x9a4c60
GUIDED: _ZNK13AC_PosControl23get_vel_U_control_ratioEv @ 0xb4c6a0
GUIDED: _ZN6Copter7rc_loopEv @ 0x9a4cc0
GUIDED: _ZN6Copter23Log_Video_StabilisationEv @ 0x9a4d20
GUIDED: _ZN8AP_Mount11update_fastEv @ 0x9a4ef0
GUIDED: _ZN6Copter33update_rangefinder_terrain_offsetEv @ 0x9a4fa0
GUIDED: _ZL3MAXI9AP_ParamTIfL11ap_var_type4EEfEDTqugtfp_fp0_fp_fp0_ERKT_RKT0_.1783 @ 0x9a51d0
GUIDED: _ZN8AC_WPNav33set_rangefinder_terrain_offset_cmEbbf @ 0xb4c710
GUIDED: _ZN9AC_Circle33set_rangefinder_terrain_offset_cmEbbf @ 0xb4c820
GUIDED: _ZN6Copter31update_land_and_crash_detectorsEv @ 0x9a5260
GUIDED: _ZN6Copter20update_land_detectorEv @ 0x9a5360
GUIDED: _ZN6Copter15parachute_checkEv @ 0x9a5970
GUIDED: _ZN6Copter11crash_checkEv @ 0x9a5cc0
GUIDED: _ZN6Copter17thrust_loss_checkEv @ 0x9a5ff0
GUIDED: _ZN6Copter19yaw_imbalance_checkEv @ 0x9a6340
GUIDED: _ZNK6Copter17option_is_enabledENS_12FlightOptionE @ 0xb4c8c0
GUIDED: _ZL9cd_to_radf.1034 @ 0x9a6640
GUIDED: _ZL2sqf @ 0x9a6690
GUIDED: _ZN14AP_LandingGear13get_wow_stateEv @ 0x9a6b90
GUIDED: _ZN6Copter8Log_LDETEtj @ 0x9a6be0
GUIDED: _ZN6Copter20update_home_from_EKFEv @ 0x9a6d30
GUIDED: _ZN6Copter18update_flight_modeEv @ 0x9a6ef0
GUIDED: _ZN6Copter15SurfaceTracking22invalidate_for_loggingEv @ 0xb4cad0
GUIDED: _ZN18AC_AttitudeControl21landed_gain_reductionEb @ 0x9a6f90
GUIDED: _ZN6Copter15check_ekf_resetEv @ 0x9a7280
GUIDED: _ZN7AP_AHRS20getLastYawResetAngleERf @ 0x9a73f0
GUIDED: _ZN18AC_AttitudeControl20inertial_frame_resetEv @ 0x9a7510
GUIDED: _ZNK7AP_AHRS22get_primary_core_indexEv @ 0xb4cb20
GUIDED: _ZN7NavEKF320getLastYawResetAngleERf @ 0x9a7720
GUIDED: _ZN6Copter12read_inertiaEv @ 0x9a7870
GUIDED: _ZN13AC_PosControl16update_estimatesEb @ 0x9a79e0
GUIDED: _ZN9AP_Follow16update_estimatesEv @ 0x9a7b90
GUIDED: _ZN9AP_Follow32clear_dist_and_bearing_to_targetEv @ 0x9a89c0
GUIDED: _ZN6Copter9read_AHRSEv @ 0x9a8ea0
GUIDED: _ZN6Copter18motors_output_mainEv @ 0x9a8f00
GUIDED: _ZN6Copter21run_custom_controllerEv @ 0xb4cbd0
GUIDED: _ZN16AC_CustomControl6updateEv @ 0x9a8f70
GUIDED: _ZN16AC_CustomControl14is_safe_to_runEv @ 0x9a9040
GUIDED: _ZN6Copter24run_rate_controller_mainEv @ 0x9a9280
GUIDED: _ZN13AC_PosControl8set_dt_sEf @ 0xb4cc30
GUIDED: _ZN18AC_AttitudeControl8set_dt_sEf @ 0xb4cca0
GUIDED: _ZN2AP11ac_preclandEv @ 0x9b4030
GUIDED: _ZNK13AC_PosControl18get_pos_error_U_cmEv @ 0xb50660
GUIDED: _ZNK13AC_PosControl17get_pos_error_U_mEv @ 0xb506c0
GUIDED: _ZN24AC_PrecLand_StateMachine4initEv @ 0x9bb7e0
GUIDED: _ZN8ModeAuto4initEb @ 0x9d3a70
GUIDED: _ZNK8ModeAuto12requires_GPSEv @ 0x9d4050
GUIDED: _ZNK8ModeAuto19has_manual_throttleEv @ 0xb555e0
GUIDED: _ZNK8ModeAuto12is_autopilotEv @ 0xb55630
GUIDED: _ZNK8ModeAuto5name4Ev @ 0xb557c0
GUIDED: _ZN25AP_Mission_ChangeDetector24check_for_mission_changeEv @ 0x9d4be0
GUIDED: _ZN10ModeGuided11limit_clearEv @ 0x9d6fe0
GUIDED: _ZNK14AP_BattMonitor22capacity_remaining_pctERhh @ 0x9e4e00
GUIDED: _ZNK10GCS_Copter11custom_modeEv @ 0x9e5140
GUIDED: _ZNK10GCS_Copter10frame_typeEv @ 0x9e51a0
GUIDED: _ZN10GCS_Copter4chanEh @ 0xb57210
GUIDED: _ZNK10GCS_Copter43min_loop_time_remaining_for_message_send_usEv @ 0xb57330
GUIDED: _ZNK10GCS_Copter19vehicle_initialisedEv @ 0x9e52c0
GUIDED: _ZN10GCS_Copter34update_vehicle_sensor_status_flagsEv @ 0x9e53e0
GUIDED: _ZNK12AP_Proximity14sensor_presentEv @ 0x9e5770
GUIDED: _ZNK12AP_Proximity14sensor_enabledEv @ 0x9e57d0
GUIDED: _ZNK12AP_Proximity13sensor_failedEv @ 0x9e5830
GUIDED: _ZN18GCS_MAVLINK_Copter14packetReceivedERK16__mavlink_statusRK17__mavlink_message @ 0x9e5ae0
GUIDED: _ZNK18GCS_MAVLINK_Copter13mission_stateERK10AP_Mission @ 0x9e5bb0
GUIDED: _ZNK11GCS_MAVLINK16send_rangefinderEv @ 0x9e5c50
GUIDED: _ZNK18GCS_MAVLINK_Copter26send_nav_controller_outputEv @ 0x9e5d20
GUIDED: _ZN18GCS_MAVLINK_Copter15send_pid_tuningEv @ 0x9e5ec0
GUIDED: _ZN11GCS_MAVLINK21send_scaled_pressure3Ev @ 0x9e6110
GUIDED: _ZNK11GCS_MAVLINK13send_attitudeEv @ 0x9e6170
GUIDED: _ZN18GCS_MAVLINK_Copter31send_position_target_global_intEv @ 0x9e6430
GUIDED: _ZNK18GCS_MAVLINK_Copter17send_winch_statusEv @ 0x9e69a0
GUIDED: _ZNK18GCS_MAVLINK_Copter9base_modeEv @ 0x9e6f50
GUIDED: _ZNK18GCS_MAVLINK_Copter21vehicle_system_statusEv @ 0x9e7030
GUIDED: _ZNK11GCS_MAVLINK19persist_streamratesEv @ 0xb575a0
GUIDED: _ZN18GCS_MAVLINK_Copter25handle_command_int_packetERK23__mavlink_command_int_tRK17__mavlink_message @ 0x9e7220
GUIDED: _ZN11GCS_MAVLINK35handle_command_component_arm_disarmERK23__mavlink_command_int_t @ 0x9e7680
GUIDED: _ZN18GCS_MAVLINK_Copter14handle_messageERK17__mavlink_message @ 0x9e7b40
GUIDED: _ZN18GCS_MAVLINK_Copter16try_send_messageE10ap_message @ 0x9e8500
GUIDED: _ZN11GCS_MAVLINK24send_global_position_intEv @ 0x9e8720
GUIDED: _ZNK11GCS_MAVLINK23global_position_int_altEv @ 0x9e88a0
GUIDED: _ZNK11GCS_MAVLINK32global_position_int_relative_altEv @ 0x9e8900
GUIDED: _ZNK11GCS_MAVLINK17vfr_hud_climbrateEv @ 0x9e8970
GUIDED: _ZNK18GCS_MAVLINK_Copter16vfr_hud_airspeedEv @ 0x9e8a30
GUIDED: _ZNK18GCS_MAVLINK_Copter16vfr_hud_throttleEv @ 0x9e8b30
GUIDED: _ZNK18GCS_MAVLINK_Copter11vfr_hud_altEv @ 0x9e8bc0
GUIDED: _ZN11GCS_MAVLINK35convert_COMMAND_LONG_to_COMMAND_INTERK24__mavlink_command_long_tR23__mavlink_command_int_t9MAV_FRAME @ 0x9e90f0
GUIDED: _ZN11GCS_MAVLINK28command_long_stores_locationE7MAV_CMD @ 0x9e98a0
GUIDED: _ZL30convert_COMMAND_LONG_loc_paramfb @ 0x9e9980
GUIDED: _ZL7degreesf.132 @ 0x9e9a30
GUIDED: _ZL3MINIfiEDTqultfp_fp0_fp_fp0_ERKT_RKT0_ @ 0x9e9a80
GUIDED: _ZNK11GCS_MAVLINK11vfr_hud_altEv @ 0x9e9b20
GUIDED: _ZL36mavlink_msg_global_position_int_send17mavlink_channel_tjiiiissst @ 0x9e9b80
GUIDED: _ZN10AP_Terrain12send_requestE17mavlink_channel_t @ 0x9e9ca0
GUIDED: _ZN10AP_Terrain11send_reportE17mavlink_channel_t @ 0x9e9df0
GUIDED: _ZNK18GCS_MAVLINK_Copter9send_windEv @ 0x9e9ea0
GUIDED: _ZN7AP_ADSB17send_adsb_vehicleE17mavlink_channel_t @ 0x9e9fa0
GUIDED: _ZNK11GCS_MAVLINK23get_ap_message_intervalE10ap_messageRt @ 0x9ea1b0
GUIDED: _ZN13AP_OADatabase17send_adsb_vehicleE17mavlink_channel_tt @ 0x9ea2e0
GUIDED: _ZN11GCS_MAVLINK16try_send_messageE10ap_message @ 0x9ea880
GUIDED: _ZN11GCS_MAVLINK17queued_param_sendEv @ 0x9eb530
GUIDED: _ZNK11GCS_MAVLINK14send_heartbeatEv @ 0x9eb7e0
GUIDED: _ZNK11GCS_MAVLINK18send_home_positionEv @ 0x9eb940
GUIDED: _ZNK11GCS_MAVLINK22send_gps_global_originEv @ 0x9ebaf0
GUIDED: _ZNK11GCS_MAVLINK8send_rpmEv @ 0x9ebba0
GUIDED: _ZN11GCS_MAVLINK24try_send_mission_messageE10ap_message @ 0x9ebc80
GUIDED: _ZN7Compass21send_mag_cal_progressERK11GCS_MAVLINK @ 0x9ebe80
GUIDED: _ZN7Compass19send_mag_cal_reportERK11GCS_MAVLINK @ 0x9ec0d0
GUIDED: _ZN11GCS_MAVLINK19send_battery_statusEv @ 0x9ec400
GUIDED: _ZNK7AP_AHRS22send_ekf_status_reportER11GCS_MAVLINK @ 0x9ec550
GUIDED: _ZN11GCS_MAVLINK12send_meminfoEv @ 0x9ec650
GUIDED: _ZNK11GCS_MAVLINK17send_fence_statusEv @ 0x9ec710
GUIDED: _ZN11GCS_MAVLINK20send_distance_sensorEv @ 0x9ec880
GUIDED: _ZNK11GCS_MAVLINK16send_system_timeEv @ 0x9ecdc0
GUIDED: _ZN6AP_GPS20send_mavlink_gps_rawE17mavlink_channel_t @ 0x9ece50
GUIDED: _ZN6AP_GPS20send_mavlink_gps_rtkE17mavlink_channel_th @ 0x9ed1a0
GUIDED: _ZN6AP_GPS21send_mavlink_gps2_rawE17mavlink_channel_t @ 0x9ed280
GUIDED: _ZNK11GCS_MAVLINK19send_local_positionEv @ 0x9ed620
GUIDED: _ZNK11GCS_MAVLINK34send_gimbal_device_attitude_statusEv @ 0x9ed6f0
GUIDED: _ZN11GCS_MAVLINK16send_opticalflowEv @ 0x9edab0
GUIDED: _ZN11GCS_MAVLINK17send_power_statusEv @ 0x9edc20
GUIDED: _ZNK11GCS_MAVLINK16send_rc_channelsEv @ 0x9edd30
GUIDED: _ZNK11GCS_MAVLINK20send_rc_channels_rawEv @ 0x9edff0
GUIDED: _ZN11GCS_MAVLINK12send_raw_imuEv @ 0x9ee170
GUIDED: _ZN11GCS_MAVLINK15send_scaled_imuEhPFv17mavlink_channel_tjssssssssssE @ 0x9ee580
GUIDED: _ZL28mavlink_msg_scaled_imu2_send17mavlink_channel_tjssssssssss @ 0x9ee840
GUIDED: _ZL28mavlink_msg_scaled_imu3_send17mavlink_channel_tjssssssssss @ 0x9ee9b0
GUIDED: _ZN11GCS_MAVLINK20send_scaled_pressureEv @ 0x9eed60
GUIDED: _ZN11GCS_MAVLINK21send_scaled_pressure2Ev @ 0x9eedc0
GUIDED: _ZN11GCS_MAVLINK13send_airspeedEv @ 0x9eee20
GUIDED: _ZN11GCS_MAVLINK21send_servo_output_rawEv @ 0x9eefe0
GUIDED: _ZNK11GCS_MAVLINK13send_simstateEv @ 0x9ef400
GUIDED: _ZN11GCS_MAVLINK15send_sys_statusEv @ 0x9ef520
GUIDED: _ZN11GCS_MAVLINK10send_ahrs2Ev @ 0x9ef810
GUIDED: _ZN11GCS_MAVLINK9send_ahrsEv @ 0x9ef8f0
GUIDED: _ZN11GCS_MAVLINK12send_vfr_hudEv @ 0x9efa70
GUIDED: _ZNK11GCS_MAVLINK14send_vibrationEv @ 0x9efbb0
GUIDED: _ZNK11GCS_MAVLINK21send_generator_statusEv @ 0x9efca0
GUIDED: _ZN12AP_ESC_Telem26send_esc_telemetry_mavlinkEh @ 0x9f0020
GUIDED: _ZN6AP_EFI19send_mavlink_statusE17mavlink_channel_t @ 0x9f04b0
GUIDED: _ZN6AP_AIS13get_singletonEv @ 0x9f0c80
GUIDED: _ZNK11GCS_MAVLINK21battery_remaining_pctEh @ 0x9f1610
GUIDED: _ZL3MINIhiEDTqultfp_fp0_fp_fp0_ERKT_RKT0_.6782 @ 0x9f1ac0
GUIDED: _ZL44mavlink_msg_esc_telemetry_1_to_4_send_struct17mavlink_channel_tPK32__mavlink_esc_telemetry_1_to_4_t @ 0x9f1de0
GUIDED: _ZN12AP_Generator21send_generator_statusERK11GCS_MAVLINK @ 0x9f23e0
GUIDED: _ZL26mavlink_msg_vibration_send17mavlink_channel_tmfffjjj @ 0x9f2460
GUIDED: _ZL24mavlink_msg_vfr_hud_send17mavlink_channel_tffstff @ 0x9f2570
GUIDED: _ZNK7AP_AHRS12get_error_rpEv @ 0x9f2700
GUIDED: _ZNK7AP_AHRS13get_error_yawEv @ 0x9f2760
GUIDED: _ZL21mavlink_msg_ahrs_send17mavlink_channel_tfffffff @ 0x9f27c0
GUIDED: _ZL22mavlink_msg_ahrs2_send17mavlink_channel_tffffii @ 0x9f28e0
GUIDED: _ZNK9AP_Logger11num_droppedEv @ 0x9f29e0
GUIDED: _ZNK14AP_BattMonitor11gcs_voltageEv @ 0xb57780
GUIDED: _ZL27mavlink_msg_sys_status_send17mavlink_channel_tjjjttsatttttt @ 0x9f2a60
GUIDED: _ZNK14AP_BattMonitor11gcs_voltageEh @ 0x9f2c00
GUIDED: _ZNK17AP_Logger_Backend11num_droppedEv @ 0xb577d0
GUIDED: _ZL7radiansf.16475 @ 0x9f3020
GUIDED: _ZNK4SITL3SIM13simstate_sendE17mavlink_channel_t @ 0x9f33a0
GUIDED: _ZL25mavlink_msg_simstate_send17mavlink_channel_tfffffffffii @ 0x9f3570
GUIDED: _ZL33mavlink_msg_servo_output_raw_send17mavlink_channel_tjhtttttttttttttttt @ 0x9f3710
GUIDED: _ZL33mavlink_msg_scaled_pressure2_send17mavlink_channel_tjffss @ 0x9f3a10
GUIDED: _ZN11GCS_MAVLINK29send_scaled_pressure_instanceEhPFv17mavlink_channel_tjffssE @ 0x9f3af0
GUIDED: _ZL32mavlink_msg_scaled_pressure_send17mavlink_channel_tjffss @ 0x9f3ce0
GUIDED: _ZL24mavlink_msg_raw_imu_send17mavlink_channel_tmssssssssshs @ 0x9f3e40
GUIDED: _ZNK11GCS_MAVLINK16sending_mavlink1Ev @ 0x9f3fc0
GUIDED: _ZNK11GCS_MAVLINK13receiver_rssiEv @ 0x9f4020
GUIDED: _ZL28mavlink_msg_rc_channels_send17mavlink_channel_tjhtttttttttttttttttth @ 0x9f4230
GUIDED: _ZL29mavlink_msg_power_status_send17mavlink_channel_tttt @ 0x9f44a0
GUIDED: _ZN8AP_Mount34send_gimbal_device_attitude_statusE17mavlink_channel_t @ 0x9f4f20
GUIDED: _ZL35mavlink_msg_local_position_ned_send17mavlink_channel_tjffffff @ 0x9f5580
GUIDED: _ZNK6AP_GPS12gps_yaw_cdegEh @ 0x9f5690
GUIDED: _ZNK6AP_GPS23have_gps_yaw_configuredEh @ 0xb57970
GUIDED: _ZL28mavlink_msg_gps_raw_int_send17mavlink_channel_tmhiiitttthijjjjt @ 0x9f5990
GUIDED: _ZL28mavlink_msg_system_time_send17mavlink_channel_tmj @ 0x9f5b80
GUIDED: _ZN11GCS_MAVLINK14send_proximityEv @ 0x9f7120
GUIDED: _ZNK12AP_Proximity12distance_minEv @ 0x9f7500
GUIDED: _ZL3MINIjjEDTqultfp_fp0_fp_fp0_ERKT_RKT0_.6784 @ 0x9f79c0
GUIDED: _ZL24mavlink_msg_meminfo_send17mavlink_channel_tttj @ 0x9f7a40
GUIDED: _ZNK7NavEKF318send_status_reportER11GCS_MAVLINK @ 0x9f7ce0
GUIDED: _ZNK12NavEKF3_core18send_status_reportER11GCS_MAVLINK @ 0x9f7d70
GUIDED: _ZL41mavlink_msg_ekf_status_report_send_struct17mavlink_channel_tPK29__mavlink_ekf_status_report_t @ 0x9f8170
GUIDED: _ZNK14AP_BattMonitor13option_is_setEhN21AP_BattMonitor_Params7OptionsE @ 0x9f8c90
GUIDED: _ZNK11GCS_MAVLINK19send_battery_statusEh @ 0x9f8d60
GUIDED: _ZL3MINIftEDTqultfp_fp0_fp_fp0_ERKT_RKT0_ @ 0x9f95f0
GUIDED: _ZNK14AP_BattMonitor14time_remainingERjh @ 0x9f9690
GUIDED: _ZNK14AP_BattMonitor24get_mavlink_charge_stateEh @ 0x9f9780
GUIDED: _ZNK14AP_BattMonitor25get_mavlink_fault_bitmaskEh @ 0x9f98b0
GUIDED: _ZL31mavlink_msg_battery_status_send17mavlink_channel_thhhsPKtsiiaihS1_hj @ 0x9f9960
GUIDED: _ZN14typesafe_indexIh12TAG_PriorityErmERKh @ 0xb57bc0
GUIDED: _ZN11GCS_MAVLINK20send_mission_currentERK10AP_Missiont @ 0x9fa0e0
GUIDED: _ZL32mavlink_msg_mission_current_send17mavlink_channel_ttthh @ 0x9fa5b0
GUIDED: _ZL34mavlink_msg_gps_global_origin_send17mavlink_channel_tiiim @ 0x9fa730
GUIDED: _ZL30mavlink_msg_home_position_send17mavlink_channel_tiiifffPKffffm @ 0x9fa7f0
GUIDED: _ZNK11GCS_MAVLINK13system_statusEv @ 0x9faa80
GUIDED: _ZL26mavlink_msg_heartbeat_send17mavlink_channel_thhhjh @ 0x9fab10
GUIDED: _ZN11GCS_MAVLINK28send_parameter_async_repliesEv @ 0x9fabf0
GUIDED: _ZN12ObjectBufferIN11GCS_MAVLINK19pending_param_replyEE4peekERS1_ @ 0xb57cb0
GUIDED: _ZL21mavlink_msg_wind_send17mavlink_channel_tfff @ 0x9fb6d0
GUIDED: _ZN10AP_Terrain19send_terrain_reportE17mavlink_channel_tRK8Locationb @ 0x9fb780
GUIDED: _ZL31mavlink_msg_terrain_report_send17mavlink_channel_tiitfftt @ 0x9fb930
GUIDED: _ZN10AP_Terrain18send_cache_requestE17mavlink_channel_t @ 0x9fba50
GUIDED: _ZN10AP_Terrain15request_missingE17mavlink_channel_tRKNS_9grid_infoE @ 0x9fbb50
GUIDED: _ZN10AP_Terrain15request_missingE17mavlink_channel_tRNS_10grid_cacheE @ 0x9fbbe0
GUIDED: _ZL32mavlink_msg_terrain_request_send17mavlink_channel_tiitm @ 0x9fbdc0
GUIDED: _ZN10AP_Terrain11handle_dataE17mavlink_channel_tRK17__mavlink_message @ 0xa02960
GUIDED: _ZN11GCS_MAVLINK14handle_messageERK17__mavlink_message @ 0xa02a30
GUIDED: _ZN11GCS_MAVLINK16handle_heartbeatERK17__mavlink_message @ 0xa035b0
GUIDED: _ZN11GCS_MAVLINK19handle_command_longERK17__mavlink_message @ 0xa04920
GUIDED: _ZN11GCS_MAVLINK26handle_request_data_streamERK17__mavlink_message @ 0xa05f60
GUIDED: _ZNK3GCS12sysid_is_gcsEh @ 0xa0b5c0
GUIDED: _ZN11GCS_MAVLINK16sysid_mygcs_seenEj @ 0xa0b860
GUIDED: _ZN3GCS16sysid_mygcs_seenEj @ 0xb58770
GUIDED: _ZL38mavlink_msg_request_data_stream_decodePK17__mavlink_messageP31__mavlink_request_data_stream_t @ 0xa0cad0
GUIDED: _ZN9AP_Logger13Write_CommandERK23__mavlink_command_int_thh10MAV_RESULTb @ 0xa0fd70
GUIDED: _ZL31mavlink_msg_command_long_decodePK17__mavlink_messageP24__mavlink_command_long_t @ 0xa0fef0
GUIDED: _ZN11GCS_MAVLINK31try_command_long_as_command_intERK24__mavlink_command_long_tRK17__mavlink_message @ 0xa0ffc0
GUIDED: _ZN11GCS_MAVLINK16_set_mode_commonEhj @ 0xa12820
GUIDED: _ZN12ObjectBufferIN7GCS_FTP11TransactionEE3popERS1_ @ 0xb58d30
GUIDED: _ZN10AP_Terrain19handle_terrain_dataERK17__mavlink_message @ 0xa17390
GUIDED: _ZL31mavlink_msg_terrain_data_decodePK17__mavlink_messageP24__mavlink_terrain_data_t @ 0xa177f0
GUIDED: _ZN18GCS_MAVLINK_Copter26handle_MAV_CMD_NAV_TAKEOFFERK23__mavlink_command_int_t @ 0xa19830
GUIDED: _ZN11GCS_MAVLINK25handle_command_int_packetERK23__mavlink_command_int_tRK17__mavlink_message @ 0xa1a2a0
GUIDED: _ZN11GCS_MAVLINK26handle_command_do_set_modeERK23__mavlink_command_int_t @ 0xa1b650
GUIDED: _ZN4Mode15do_user_takeoffEfb @ 0xa1e9a0
GUIDED: _ZNK6Copter22any_failsafe_triggeredEv @ 0xb598e0
GUIDED: _ZN8AP_Winch11send_statusERK11GCS_MAVLINK @ 0xa1f830
GUIDED: _ZL25mavlink_msg_attitude_send17mavlink_channel_tjffffff @ 0xa20080
GUIDED: _ZL38mavlink_msg_nav_controller_output_send17mavlink_channel_tffsstfff @ 0xa203d0
GUIDED: _ZNK8ModeAuto6pausedEv @ 0xa205b0
GUIDED: _ZNK11GCS_MAVLINK13mission_stateERK10AP_Mission @ 0xa20630
GUIDED: _ZN8AC_WPNav6pausedEv @ 0xb59b50
GUIDED: _ZN11GCS_MAVLINK14packetReceivedERK16__mavlink_statusRK17__mavlink_message @ 0xa20860
GUIDED: _ZN15MAVLink_routing17check_and_forwardER11GCS_MAVLINKRK17__mavlink_message @ 0xa20a60
GUIDED: _ZN9AP_Follow10handle_msgERK17__mavlink_message @ 0xa20fd0
GUIDED: _ZNK11GCS_MAVLINK13accept_packetERK16__mavlink_statusRK17__mavlink_message @ 0xa21150
GUIDED: _ZNK9AP_Follow21should_handle_messageERK17__mavlink_message @ 0xa21270
GUIDED: _ZN15MAVLink_routing11learn_routeER11GCS_MAVLINKRK17__mavlink_message @ 0xa22240
GUIDED: _ZN15MAVLink_routing16handle_heartbeatER11GCS_MAVLINKRK17__mavlink_message @ 0xa224e0
GUIDED: _ZN15MAVLink_routing11get_targetsERK17__mavlink_messageRsS3_ @ 0xa22710
GUIDED: _ZNK9AP_Motors18get_frame_mav_typeEv @ 0xb5a7b0
GUIDED: _ZN18RC_Channels_Copter7channelEh @ 0xb5b410
GUIDED: _ZN11RC_Channels16read_mode_switchEv @ 0xa26a70
GUIDED: _ZNK18RC_Channels_Copter14in_rc_failsafeEv @ 0xa26b00
GUIDED: _ZNK18RC_Channels_Copter15has_valid_inputEv @ 0xa26b60
GUIDED: _ZNK18RC_Channels_Copter18get_arming_channelEv @ 0xa26bf0
GUIDED: _ZNK18RC_Channels_Copter21arming_check_throttleEv @ 0xa26c40
GUIDED: _ZNK18RC_Channels_Copter26flight_mode_channel_numberEv @ 0xa26ce0
GUIDED: _ZNK11RC_Channels21arming_check_throttleEv @ 0xb5b4a0
GUIDED: __wrap_malloc @ 0xa3da40
GUIDED: mode_to_string @ 0xa919e0
GUIDED: mode_entry @ 0xa91c40
----------------------
Mode: 3 (AUTO)
AUTO: _ZN16AP_Arming_Copter14pre_arm_checksEb @ 0x5de4e0
AUTO: _ZN2AP13serialmanagerEv @ 0x5e05f0
AUTO: _ZNK9AP_ParamTIiL11ap_var_type3EEcvRKiEv @ 0xa98a80
AUTO: _ZN6AP_HAL4Util9vsnprintfEPcmPKcP13__va_list_tag @ 0x5e0c40
AUTO: _ZN13BufferPrinterC2EPcm @ 0xa98ad0
AUTO: _Z13print_vprintfPN6AP_HAL12BetterStreamEPKcP13__va_list_tag @ 0x5e0d80
AUTO: _Z12ultoa_invertjPch @ 0x5e2c10
AUTO: _ZN6AP_HAL12BetterStreamC2Ev @ 0xa98b80
AUTO: _ZN13BufferPrinter5writeEh @ 0xa98be0
AUTO: _Z3gcsv @ 0x5e3200
AUTO: _ZN3GCS10send_textvE12MAV_SEVERITYPKcP13__va_list_tag @ 0x5e3240
AUTO: _ZNK3GCS28statustext_send_channel_maskEv @ 0x5e3310
AUTO: _ZN11GCS_MAVLINK19active_channel_maskEv @ 0xa98e80
AUTO: _ZN11GCS_MAVLINK22streaming_channel_maskEv @ 0xa98ec0
AUTO: _ZN11GCS_MAVLINK20private_channel_maskEv @ 0xa98f00
AUTO: _ZN3GCS13get_singletonEv @ 0xa98f40
AUTO: _ZNK16AP_SerialManager22find_protocol_instanceENS_14SerialProtocolEh @ 0x5e33a0
AUTO: _ZNK13AP_ParamTBaseIaL11ap_var_type1EE3getEv @ 0xa98f80
AUTO: _ZNK16AP_SerialManager14protocol_matchENS_14SerialProtocolES0_ @ 0x5e3540
AUTO: _ZN16AP_SerialManager13get_singletonEv @ 0xa98fd0
AUTO: _Z2rcv @ 0x5e3640
AUTO: _ZN11RC_Channels13get_singletonEv @ 0xa99070
AUTO: _ZNK9AP_ParamTIaL11ap_var_type1EEcvRKaEv @ 0xa99140
AUTO: _ZN6AP_HAL6millisEv @ 0x5e3cc0
AUTO: _ZN13WithSemaphoreD2Ev @ 0x5e3d00
AUTO: _ZN6AP_HAL8millis64Ev @ 0x5e3d60
AUTO: _ZN6AP_HAL8micros64Ev @ 0x5e3da0
AUTO: _ZL14uint64_div1000m @ 0x5e3e40
AUTO: _ZN7HALSITL9Scheduler4fromEPN6AP_HAL9SchedulerE @ 0xa99190
AUTO: _ZNK7HALSITL9Scheduler18stopped_clock_usecEv @ 0xa991e0
AUTO: _ZNK13AP_ParamTBaseIsL11ap_var_type2EE3getEv @ 0xa99230
AUTO: _ZN13WithSemaphoreC2ERN6AP_HAL9SemaphoreEj @ 0x5e3f90
AUTO: _ZNK6Copter10ekf_alt_okEv @ 0x5e4070
AUTO: _ZNK7AP_AHRS17have_inertial_navEv @ 0x5e4140
AUTO: _ZNK7AP_AHRS10has_statusE18NavFilterStatusBit @ 0x5e41a0
AUTO: _ZNK7AP_AHRS17get_filter_statusER17nav_filter_status @ 0x5e4230
AUTO: _ZNK7AP_AHRS8ekf_typeEv @ 0x5e4360
AUTO: _ZNK7NavEKF315getFilterStatusER17nav_filter_status @ 0x5e44f0
AUTO: _ZN2AP12externalAHRSEv @ 0x5e47e0
AUTO: _ZNK15AP_ExternalAHRS17get_filter_statusER17nav_filter_status @ 0x5e4820
AUTO: _ZN15AP_ExternalAHRS13get_singletonEv @ 0xa99320
AUTO: _ZNK12NavEKF3_core15getFilterStatusER17nav_filter_status @ 0x5e49b0
AUTO: _ZNK7AP_AHRS14always_use_EKFEv @ 0xa99360
AUTO: _ZNK7AP_AHRS15active_EKF_typeEv @ 0xa993c0
AUTO: _ZN2AP4ahrsEv @ 0x5e4a90
AUTO: _ZNK6Copter11position_okEv @ 0x5e4ed0
AUTO: _ZNK9AP_ParamTIfL11ap_var_type4EEcvRKfILb1EEEv @ 0xa99460
AUTO: _ZN7Vector3IfEC2Ev @ 0xa994b0
AUTO: _ZNK7AP_AHRS13get_variancesERfS0_S0_R7Vector3IfES0_ @ 0x5e4f70
AUTO: _ZNK7Vector3IfE6lengthEv @ 0xa99510
AUTO: _Z4normIffJfEEdT_T0_DpKT1_ @ 0xa99570
AUTO: _Z2sqIfJffEEdT_DpKT0_ @ 0xa995f0
AUTO: _ZL2sqf.4012 @ 0x5e5140
AUTO: _Z2sqIfJfEEdT_DpKT0_ @ 0xa99690
AUTO: _ZL2sqf.1211 @ 0x5e5190
AUTO: _ZN7Vector2IfEC2Ev @ 0xa99710
AUTO: _ZNK7NavEKF312getVariancesERfS0_S0_R7Vector3IfES0_R7Vector2IfE @ 0x5e52f0
AUTO: _ZN7Vector3IfE4zeroEv @ 0xa99810
AUTO: _ZNK12NavEKF3_core12getVariancesERfS0_S0_R7Vector3IfES0_R7Vector2IfE @ 0x5e54d0
AUTO: _ZL3MAXIddEDTqugtfp_fp0_fp_fp0_ERKT_RKT0_.4817 @ 0x5e56d0
AUTO: _ZNK7Vector2IdE7tofloatEv @ 0xa99870
AUTO: _ZN7Vector2IfEC2Eff @ 0xa998d0
AUTO: _ZNK6Copter25ekf_has_absolute_positionEv @ 0x5e59d0
AUTO: _ZNK6Copter25ekf_has_relative_positionEv @ 0x5e5b10
AUTO: _ZNK14AP_OpticalFlow7enabledEv @ 0xa99950
AUTO: _ZNK13AP_VisualOdom7enabledEv @ 0x5e5ca0
AUTO: _ZNK9AP_Motors5armedEv @ 0xa999c0
AUTO: _ZNK7AP_EnumIN13AP_VisualOdom15VisualOdom_TypeEEcvKS1_Ev @ 0xa99a20
AUTO: _ZNK7AP_EnumIN14AP_OpticalFlow4TypeEEcvKS1_Ev @ 0xa99a70
AUTO: _ZNK8AC_Fence7presentEv @ 0x5e5d00
AUTO: _ZNK19AC_PolyFence_loader17total_fence_countEv @ 0xa99ac0
AUTO: _ZNK19AC_PolyFence_loader27get_exclusion_polygon_countEv @ 0xa99b70
AUTO: _ZNK19AC_PolyFence_loader27get_inclusion_polygon_countEv @ 0xa99bc0
AUTO: _ZNK19AC_PolyFence_loader26get_exclusion_circle_countEv @ 0xa99c10
AUTO: _ZNK19AC_PolyFence_loader26get_inclusion_circle_countEv @ 0xa99c60
AUTO: _ZNK7AP_AHRS7healthyEv @ 0x5e5da0
AUTO: _ZN2AP7compassEv @ 0x5e6840
AUTO: _ZNK7Compass11use_for_yawEv @ 0x5e6880
AUTO: _ZNK16AP_NavEKF_Source12getYawSourceEh @ 0x5e76f0
AUTO: _ZNK12NavEKF3_core7healthyEv @ 0x5e79b0
AUTO: _Z2sqIdEdT_ @ 0xa99cb0
AUTO: _ZNK16AP_NavEKF_Source14useVelXYSourceENS_8SourceXYEh @ 0x5e7d70
AUTO: _ZNK16AP_NavEKF_Source18getActiveSourceSetEh @ 0xa99d10
AUTO: _ZNK7AP_EnumIN16AP_NavEKF_Source8SourceXYEEcvKS1_Ev @ 0xa99dc0
AUTO: _ZNK16AP_NavEKF_Source13option_is_setENS_13SourceOptionsE @ 0xa99e10
AUTO: _ZNK12NavEKF3_core15getFilterFaultsERt @ 0x5e7ea0
AUTO: _ZNK11QuaternionTIdE6is_nanEv @ 0xa99e90
AUTO: _ZNK7Vector3IdE6is_nanEv @ 0xa99f90
AUTO: _ZNK7AP_EnumIN16AP_NavEKF_Source9SourceYawEEcvKS1_Ev @ 0xa9a060
AUTO: _ZN2AP3dalEv @ 0x5e7fc0
AUTO: _ZN6AP_DAL7compassEv @ 0xa9a0b0
AUTO: _ZNK14AP_DAL_Compass15get_num_enabledEv @ 0xa9a100
AUTO: _ZN6AP_DAL13get_singletonEv @ 0xa9a150
AUTO: _ZN7Matrix3IfEC2Ev @ 0xa9a590
AUTO: _ZN8LocationC2Ev @ 0xa9a610
AUTO: _ZN8Location4zeroEv @ 0x5e84e0
AUTO: _ZN11QuaternionTIfEC2Ev @ 0xa9a7f0
AUTO: _ZN6AP_DAL4baroEv @ 0xa9a860
AUTO: _ZN6AP_DAL6beaconEv @ 0xa9a900
AUTO: _ZN6AP_DAL3gpsEv @ 0xa9a9c0
AUTO: _ZN6AP_DAL11rangefinderEv @ 0xa9aad0
AUTO: _ZN6AP_DAL10visualodomEv @ 0xa9ab20
AUTO: _ZNK7Compass7healthyEh @ 0x5e8990
AUTO: _ZNK7Compass11use_for_yawEh @ 0x5e8a30
AUTO: _ZNK7Compass9availableEv @ 0xa9ac40
AUTO: _ZN14typesafe_indexIh12TAG_PriorityEC2Eh @ 0xa9acc0
AUTO: _ZNK19RestrictIDTypeArrayI9AP_ParamTIaL11ap_var_type1EELj3E14typesafe_indexIh12TAG_PriorityEEixERKS5_ @ 0xa9ad20
AUTO: _ZNK7AP_EnumIN7Compass9LearnTypeEEcvKS1_Ev @ 0xa9ada0
AUTO: _ZNK14typesafe_indexIh12TAG_PriorityE7get_intEv @ 0xa9adf0
AUTO: _ZNK7Compass10_get_stateE14typesafe_indexIh12TAG_PriorityE @ 0xa9ae40
AUTO: _ZNK7Compass13_get_state_idE14typesafe_indexIh12TAG_PriorityE @ 0x5e8b10
AUTO: _ZNK19RestrictIDTypeArrayIN7Compass9mag_stateELj4E14typesafe_indexIh14TAG_StateIndexEEixERKS4_ @ 0xa9aec0
AUTO: _ZNK14typesafe_indexIh14TAG_StateIndexE7get_intEv @ 0xa9af40
AUTO: _ZNK19RestrictIDTypeArrayIiLj3E14typesafe_indexIh12TAG_PriorityEEixERKS2_ @ 0xa9af90
AUTO: _ZN14typesafe_indexIh14TAG_StateIndexEC2Eh @ 0xa9b010
AUTO: _ZNK14typesafe_indexIh14TAG_StateIndexEltERKh @ 0xa9b070
AUTO: _ZN14typesafe_indexIh14TAG_StateIndexEppEi @ 0xa9b0e0
AUTO: _ZN7Compass13get_singletonEv @ 0xa9b150
AUTO: _ZNK7NavEKF211activeCoresEv @ 0xa9b190
AUTO: _ZNK11QuaternionTIfE13to_axis_angleER7Vector3IfE @ 0xa9b480
AUTO: _ZNK7NavEKF311activeCoresEv @ 0xa9b5d0
AUTO: _ZN11QuaternionTIfE20from_rotation_matrixERK7Matrix3IfE @ 0xa9b680
AUTO: _ZNK12NavEKF3_core11use_compassEv @ 0x5e91a0
AUTO: _ZNK14AP_DAL_Compass11use_for_yawEh @ 0xa9bb90
AUTO: _ZNK12NavEKF3_core20getRotationBodyToNEDER7Matrix3IfE @ 0x5e9270
AUTO: _ZNK11QuaternionTIdE15rotation_matrixER7Matrix3IfE @ 0xa9bc00
AUTO: _ZNK6AP_DAL43get_rotation_vehicle_body_to_autopilot_bodyEv @ 0xa9be10
AUTO: _ZNK7Matrix3IfEmlERKS0_ @ 0xa9be60
AUTO: _ZN7Vector3IfEC2Efff @ 0xa9c0d0
AUTO: _ZN7Matrix3IfEC2ERK7Vector3IfES4_S4_ @ 0xa9c160
AUTO: _ZL2sqf.3887 @ 0x5e9330
AUTO: _Z7is_zerof @ 0xa9c210
AUTO: _ZN7Vector3IfEdVEf @ 0xa9c280
AUTO: _Z7wrap_PId @ 0x5e9380
AUTO: _ZN7Vector3IfEmLEf @ 0xa9c310
AUTO: _Z8wrap_2PId @ 0x5e9410
AUTO: _ZNK11QuaternionTIfE7inverseEv @ 0xa9c3a0
AUTO: _ZNK11QuaternionTIfEmlERKS0_ @ 0xa9c420
AUTO: _ZN11QuaternionTIfEC2Effff @ 0xa9c650
AUTO: _ZNK11QuaternionTIfE15rotation_matrixER7Matrix3IfE @ 0xa9c700
AUTO: _ZNK7Matrix3IfE13mul_transposeERK7Vector3IfE @ 0xa9c8f0
AUTO: _ZNK7Vector3IfEmiERKS0_ @ 0xa9ca00
AUTO: _Z20constrain_value_lineIfET_S0_S0_S0_j @ 0xa9cab0
AUTO: _ZN2AP13internalerrorEv @ 0x5e9500
AUTO: _ZNK7AP_AHRS24get_rotation_body_to_nedEv @ 0xa9cbd0
AUTO: _ZN2AP3gpsEv @ 0x5e9f80
AUTO: _ZNK6AP_GPS8get_typeEh @ 0xa9ccc0
AUTO: _ZNK7AP_EnumIN6AP_GPS8GPS_TypeEEcvKS1_Ev @ 0xa9cd50
AUTO: _ZN6AP_GPS13get_singletonEv @ 0xa9cda0
AUTO: _ZNK7NavEKF37healthyEv @ 0x5ea0d0
AUTO: _ZN7AP_AHRS13get_singletonEv @ 0xa9ce80
AUTO: _ZN12AP_Proximity13get_singletonEv @ 0xa9cf40
AUTO: _ZN2AP9schedulerEv @ 0x5ea870
AUTO: _ZN12AP_Scheduler25get_filtered_loop_rate_hzEv @ 0xa9cfc0
AUTO: _ZN12AP_Scheduler16get_loop_rate_hzEv @ 0xa9d010
AUTO: _ZN10AP_Terrain13get_singletonEv @ 0xa9d0a0
AUTO: _ZN12AP_Scripting13get_singletonEv @ 0xa9d140
AUTO: _ZNK16AP_InternalError6errorsEv @ 0xa9d2a0
AUTO: _ZNK16AP_InternalError15last_error_lineEv @ 0xa9d2f0
AUTO: _ZN2AP3rpmEv @ 0x5ead30
AUTO: _ZN12SRV_Channels17function_assignedEN11SRV_Channel8FunctionE @ 0x5eb8e0
AUTO: _ZNK9AP_ParamTIsL11ap_var_type2EEcvRKsEv @ 0xa9d3d0
AUTO: _ZN12SRV_Channels25update_aux_servo_functionEv @ 0x5eba30
AUTO: _ZNK7BitmaskILt190EE3getEt @ 0xa9d420
AUTO: _ZNK7BitmaskILt190EE8validateEt @ 0xa9d4f0
AUTO: _ZN7BitmaskILt190EE8clearallEv @ 0xa9d580
AUTO: _ZNK11SRV_Channel14valid_functionEv @ 0xa9d5e0
AUTO: _ZN11SRV_Channel24aux_servo_function_setupEv @ 0x5ebbb0
AUTO: _ZN7BitmaskILt190EE3setEt @ 0xa9d640
AUTO: _ZNK9AP_Enum16IN11SRV_Channel8FunctionEEcvKS1_Ev @ 0xa9d700
AUTO: _ZN11SRV_Channel14valid_functionENS_8FunctionE @ 0xa9d750
AUTO: _ZN6AP_RPM13get_singletonEv @ 0xa9d840
AUTO: _ZNK12AP_Scripting13option_is_setENS_11DebugOptionE @ 0xa9d930
AUTO: _ZNK13AP_ParamTBaseIiL11ap_var_type3EE3getEv @ 0xa9da30
AUTO: _ZNK2AP8PerfInfo25get_filtered_loop_rate_hzEv @ 0x5ebfa0
AUTO: _ZNK2AP8PerfInfo17get_filtered_timeEv @ 0x5ec030
AUTO: _ZN12AP_Scheduler13get_singletonEv @ 0x5ec080
AUTO: _ZN2AP7missionEv @ 0x5ec2a0
AUTO: _ZNK10AP_Mission12num_commandsEv @ 0xa9da80
AUTO: _ZN10AP_Mission18stored_in_locationEt @ 0x5ec580
AUTO: _ZN10AP_Mission15Mission_CommandC2Ev @ 0xa9dae0
AUTO: _ZNK10AP_Mission21read_cmd_from_storageEtRNS_15Mission_CommandE @ 0x5ec710
AUTO: _ZN10AP_Mission7ContentC2Ev @ 0xa9db40
AUTO: _ZNK7AP_AHRS8get_homeEv @ 0xa9db90
AUTO: _ZNK13StorageAccess9read_byteEt @ 0x5ecbd0
AUTO: _ZNK13StorageAccess11read_uint16Et @ 0x5ecc40
AUTO: _ZNK13StorageAccess10read_blockEPvtm @ 0x5eccc0
AUTO: _ZN10AP_Mission13get_singletonEv @ 0xa9dbe0
AUTO: _ZN2AP7terrainEv @ 0x5ed1f0
AUTO: _ZN2AP5rallyEv @ 0x5ed330
AUTO: _ZNK7AP_AHRS12get_locationER8Location @ 0x5ed370
AUTO: _ZN2AP7vehicleEv @ 0x5ed5e0
AUTO: _ZNK10AP_Mission7presentEv @ 0xa9dd70
AUTO: _ZN10AP_Vehicle13get_singletonEv @ 0x5ed620
AUTO: _ZNK8Location12get_distanceERKS_ @ 0x5ed840
AUTO: _ZN8Location14diff_longitudeEii @ 0x5ed910
AUTO: _ZN8Location15longitude_scaleEi @ 0x5ed9f0
AUTO: _Z4normIddJEEdT_T0_DpKT1_ @ 0xa9dde0
AUTO: _Z2sqIdJdEEdT_DpKT0_ @ 0xa9de50
AUTO: _ZL3MAXIdfEDTqugtfp_fp0_fp_fp0_ERKT_RKT0_ @ 0x5eda90
AUTO: _ZN8LocationC2EiiiNS_8AltFrameE @ 0x5edb30
AUTO: _ZN8Location10set_alt_cmEiNS_8AltFrameE @ 0x5edbd0
AUTO: _ZN8AP_Rally13get_singletonEv @ 0xa9ded0
AUTO: _ZN11RC_Channels23get_valid_channel_countEv @ 0x5ee020
AUTO: _ZNK10RC_Channel12has_overrideEv @ 0x5ee090
AUTO: _ZNK13AP_ParamTBaseIfL11ap_var_type4EE3getEv @ 0xa9e110
AUTO: _Z11is_positiveIfEbT_ @ 0xa9e160
AUTO: _ZL3MINIihEDTqultfp_fp0_fp_fp0_ERKT_RKT0_.6943 @ 0x5ee150
AUTO: _ZNK14AP_BattMonitor13has_failsafedEv @ 0xa9e1c0
AUTO: _ZNK6AP_GPS11num_sensorsEv @ 0x5ee860
AUTO: _ZNK6AP_GPS8get_hdopEh @ 0xa9e380
AUTO: _ZNK6AP_GPS14primary_sensorEv @ 0xa9e3f0
AUTO: _ZNK6AP_GPS6statusEh @ 0xa9e440
AUTO: _ZNK6AP_GPS10is_healthyEh @ 0x5eea80
AUTO: _ZNK7AP_AHRS11home_is_setEv @ 0xa9e500
AUTO: _ZNK6AP_GPS8locationEv @ 0xa9e560
AUTO: _ZNK6AP_GPS22first_unconfigured_gpsERh @ 0x5eed40
AUTO: _ZN3GCS9send_textE12MAV_SEVERITYPKcz @ 0x5eef10
AUTO: _ZNK6AP_GPS8locationEh @ 0xa9e5c0
AUTO: _ZNK6AP_GPS12is_rtk_roverEh @ 0x5ef1f0
AUTO: _ZN2AP3insEv @ 0x5ef9a0
AUTO: _ZNK17AP_InertialSensor19get_gyro_health_allEv @ 0x5ef9e0
AUTO: _ZNK17AP_InertialSensor22gyro_calibrated_ok_allEv @ 0x5efaa0
AUTO: _ZNK17AP_InertialSensor20get_accel_health_allEv @ 0x5efbb0
AUTO: _ZNK17AP_InertialSensor23accel_calibrated_ok_allEv @ 0x5efc70
AUTO: _ZNK10AP_GyroFFT16analysis_enabledEv @ 0xa9e7e0
AUTO: _ZN7Vector3IfEixEh @ 0xa9eb70
AUTO: _ZN10DigitalLPFIfE6_applyERKfS2_ @ 0xa9eed0
AUTO: _Z15constrain_int16sss @ 0xa9f4d0
AUTO: _Z15constrain_valueIsET_S0_S0_S0_ @ 0xa9f560
AUTO: _ZNK10ByteBuffer5spaceEv @ 0x5f28b0
AUTO: _ZN10ByteBuffer5writeEPKhj @ 0x5f2b10
AUTO: _ZN10ByteBuffer7reserveEPNS_5IoVecEj @ 0x5f2c30
AUTO: _ZN10ByteBuffer6commitEj @ 0x5f2e60
AUTO: _ZNK10ByteBuffer8get_sizeEv @ 0xa9f610
AUTO: _ZNK17AP_InertialSensor14get_gyro_countEv @ 0xa9f6a0
AUTO: _ZNK17AP_InertialSensor4_useEh @ 0xa9f710
AUTO: _ZNK17AP_InertialSensor8_gyro_idEh @ 0xa9f770
AUTO: _ZN17AP_InertialSensor8_gyro_idEh @ 0xa9f7d0
AUTO: _ZN17AP_InertialSensor4_useEh @ 0xa9f840
AUTO: _ZL3MINIihEDTqultfp_fp0_fp_fp0_ERKT_RKT0_.3586 @ 0x5f3390
AUTO: _ZNK7AP_EnumIN22AP_InertialSensor_TCal6EnableEEcvKS1_Ev @ 0xa9f910
AUTO: _ZN17AP_InertialSensor4tcalEh @ 0xa9f960
AUTO: _ZNK17AP_InertialSensor8get_gyroEv @ 0xa9f9d0
AUTO: _ZNK17AP_InertialSensor8use_gyroEh @ 0x5f3550
AUTO: _ZNK17AP_InertialSensor8get_gyroEh @ 0xa9fa30
AUTO: _ZNK17AP_InertialSensor15get_gyro_healthEh @ 0xa9faa0
AUTO: _ZNK17AP_InertialSensor15get_accel_countEv @ 0xa9fb40
AUTO: _ZL3MINIihEDTqultfp_fp0_fp_fp0_ERKT_RKT0_ @ 0x5f37d0
AUTO: _ZNK17AP_InertialSensor9get_accelEv @ 0xa9fbb0
AUTO: _ZNK17AP_InertialSensor9use_accelEh @ 0x5f3860
AUTO: _ZNK17AP_InertialSensor9get_accelEh @ 0xa9fc10
AUTO: _ZNK17AP_InertialSensor16get_accel_healthEh @ 0xa9fc80
AUTO: _ZNK17AP_InertialSensor13_accel_offsetEh @ 0xa9fd20
AUTO: _ZNK9AP_ParamVI7Vector3IfEL11ap_var_type5EE3getEv @ 0xa9fd80
AUTO: _ZNK7Vector3IfE7is_zeroEv @ 0xa9fdd0
AUTO: _ZNK17AP_InertialSensor12_accel_scaleEh @ 0xa9fe80
AUTO: _ZNK17AP_InertialSensor9_accel_idEh @ 0xa9fee0
AUTO: _Z8is_equalIffENSt3__19enable_ifIXsr3std17is_floating_pointINS0_11common_typeIJT_T0_EE4typeEEE5valueEbE4typeES3_S4_ @ 0xa9ff40
AUTO: _ZN17AP_InertialSensor9_accel_idEh @ 0xa9ffc0
AUTO: _ZN17AP_InertialSensor12_accel_scaleEh @ 0xaa0030
AUTO: _ZN17AP_InertialSensor13_accel_offsetEh @ 0xaa00a0
AUTO: _ZNK17AP_InertialSensor18gyro_calibrated_okEh @ 0xaa0110
AUTO: _ZN17AP_InertialSensor13get_singletonEv @ 0x5f3920
AUTO: _ZN8AP_Param17get_default_valueEPKS_RKNS_9GroupInfoE @ 0x5f4840
AUTO: _ZN13AP_ParamTBaseIsL11ap_var_type2EE3setERKs @ 0xaa0750
AUTO: _ZN13AP_ParamTBaseIiL11ap_var_type3EE3setERKi @ 0xaa07c0
AUTO: _ZN13AP_ParamTBaseIfL11ap_var_type4EE3setERKf @ 0xaa0820
AUTO: _ZNK7Vector3IfEneERKS0_ @ 0xaa0f50
AUTO: _ZNK8AP_Param13find_var_infoEPjRPKNS_9GroupInfoERNS_12GroupNestingEPh @ 0x5f5390
AUTO: _ZNK8AP_Param14copy_name_infoEPKNS_4InfoEPKNS_9GroupInfoERKNS_12GroupNestingEhPcmb @ 0x5f5610
AUTO: _ZNK8AP_Param14send_parameterEPKc11ap_var_typeh @ 0x5f5870
AUTO: _ZNK8AP_Param13cast_to_floatE11ap_var_type @ 0x5f5a10
AUTO: _ZN3GCS20send_parameter_valueEPKc11ap_var_typef @ 0x5f5b00
AUTO: _ZL3MINImmEDTqultfp_fp0_fp_fp0_ERKT_RKT0_.6631 @ 0x5f5c40
AUTO: _ZN11GCS_MAVLINK14mav_param_typeE11ap_var_type @ 0x5f5cc0
AUTO: _ZN8AP_Param16count_parametersEv @ 0x5f5d50
AUTO: _ZN3GCS23send_to_active_channelsEjPKc @ 0x5f5f00
AUTO: _ZN9AP_Logger13get_singletonEv @ 0xaa1020
AUTO: _ZN9AP_Logger15Write_ParameterEPKcf @ 0x5f6020
AUTO: _ZNK9AP_Logger10quiet_nanfEv @ 0xaa1060
AUTO: _ZN17AP_Logger_Backend15Write_ParameterEPKcff @ 0x5f6110
AUTO: _Z14strncpy_notermPcPKcm @ 0x5f6230
AUTO: _ZN17AP_Logger_Backend18WriteCriticalBlockEPKvt @ 0xaa10b0
AUTO: _ZN17AP_Logger_Backend21WritePrioritisedBlockEPKvtbb @ 0x5f62e0
AUTO: _ZN17AP_Logger_Backend30validate_WritePrioritisedBlockEPKvt @ 0x5f64b0
AUTO: _ZN17AP_Logger_Backend9ShouldLogEb @ 0x5f66a0
AUTO: _ZN17AP_Logger_Backend21ensure_format_emittedEPKvt @ 0x5f6b40
AUTO: _ZNK17AP_Logger_Backend23message_type_from_blockEPKvtR11LogMessages @ 0x5f6c60
AUTO: _ZNK17AP_Logger_Backend28have_emitted_format_for_typeE11LogMessages @ 0xaa1130
AUTO: _ZNK7BitmaskILt256EE8validateEt @ 0xaa1260
AUTO: _ZNK7BitmaskILt256EE3getEt @ 0xaa12f0
AUTO: _ZNK6AP_HAL4Util14get_soft_armedEv @ 0xaa13c0
AUTO: _ZN2AP6loggerEv @ 0x5f7760
AUTO: _Z7is_zeroI9AP_ParamTIfL11ap_var_type4EEEbT_ @ 0xaa1420
AUTO: _ZNK12AP_Scheduler5ticksEv @ 0xaa1480
AUTO: _ZN6AP_HAL8millis16Ev @ 0x5f79b0
AUTO: _ZNK9AP_Logger13WritesEnabledEv @ 0xaa15e0
AUTO: _ZNK19LoggerMessageWriter8finishedEv @ 0xaa1640
AUTO: _ZNK9AP_Logger15in_log_downloadEv @ 0x5f79f0
AUTO: _ZNK9AP_Logger16vehicle_is_armedEv @ 0xaa16a0
AUTO: mavlink_get_msg_entry @ 0x5f7c40
AUTO: _ZNK3GCS7num_gcsEv @ 0xaa1750
AUTO: _ZNK11GCS_MAVLINK10is_privateEv @ 0xaa17a0
AUTO: _ZNK11GCS_MAVLINK9is_activeEv @ 0xaa1800
AUTO: _ZN11GCS_MAVLINK12send_messageEPKcPK19__mavlink_msg_entry @ 0xaa1880
AUTO: _ZN11GCS_MAVLINK18check_payload_sizeEt @ 0x5f7d60
AUTO: _mav_finalize_message_chan_send @ 0x5f7e10
AUTO: _Z26mavlink_get_channel_statush @ 0x5f8160
AUTO: _Z17_mav_trim_payloadPKch @ 0x5f8240
AUTO: _ZL13crc_calculatePKht @ 0x5f82e0
AUTO: _ZL21crc_accumulate_bufferPtPKct @ 0x5f8380
AUTO: _ZL14crc_accumulatehPt @ 0x5f8420
AUTO: _Z14comm_send_lock17mavlink_channel_tt @ 0x5f86b0
AUTO: _mavlink_send_uart @ 0x5f8770
AUTO: _Z16comm_send_unlock17mavlink_channel_t @ 0x5f87f0
AUTO: _Z16comm_send_buffer17mavlink_channel_tPKhh @ 0x5f8870
AUTO: _ZL13valid_channel17mavlink_channel_t @ 0x5f89e0
AUTO: _Z24gcs_out_of_space_to_send17mavlink_channel_t @ 0x5f8a90
AUTO: _ZN11GCS_MAVLINK20out_of_space_to_sendEv @ 0xaa19c0
AUTO: _ZL8crc_initPt @ 0x5f93c0
AUTO: _ZN11GCS_MAVLINK14channel_statusEv @ 0xaa1a20
AUTO: _ZNK11GCS_MAVLINK7txspaceEv @ 0xaa1a70
AUTO: _ZNK11GCS_MAVLINK15packet_overheadEv @ 0xaa1b10
AUTO: _ZN11GCS_MAVLINK20packet_overhead_chanE17mavlink_channel_t @ 0x5f9410
AUTO: _ZL3MINIjjEDTqultfp_fp0_fp_fp0_ERKT_RKT0_.6622 @ 0x5f94f0
AUTO: _ZN11GCS_MAVLINK10is_privateE17mavlink_channel_t @ 0xaa1b70
AUTO: _ZN8AP_Param8var_infoEt @ 0xaa1be0
AUTO: _ZN8AP_Param14get_group_infoERKNS_4InfoE @ 0x5f9d70
AUTO: _ZN8AP_Param14get_group_infoERKNS_9GroupInfoE @ 0x5fa390
AUTO: _ZN8AP_Param19adjust_group_offsetEtRKNS_9GroupInfoERl @ 0x5fa410
AUTO: _ZN8AP_Param8group_idEPKNS_9GroupInfoEjhh @ 0x5fa530
AUTO: _ZN8AP_Param8get_baseERKNS_4InfoERl @ 0x5fa630
AUTO: _ZNK13AP_ParamTBaseIiL11ap_var_type3EE13cast_to_floatEv @ 0xaa1d20
AUTO: _ZNK8AP_Param19find_var_info_groupEPKNS_9GroupInfoEtjhlPjRS2_RNS_12GroupNestingEPh @ 0x5fa7c0
AUTO: _ZN8AP_Param4saveEb @ 0x5facc0
AUTO: _ZN17AP_InertialSensor13caltemp_accelEh @ 0xaa1ea0
AUTO: _ZNK17AP_InertialSensor15get_temperatureEh @ 0xaa1f10
AUTO: _ZNK7Vector3IfErmERKS0_ @ 0xaa2170
AUTO: _ZNK7Vector3IfEmlERKS0_ @ 0xaa2250
AUTO: _Z9safe_sqrtIfEfT_ @ 0xaa22e0
AUTO: _ZN11QuaternionTIfE9normalizeEv @ 0xaa2390
AUTO: _ZNK11QuaternionTIfE14get_euler_rollEv @ 0xaa2470
AUTO: _ZNK11QuaternionTIfE15get_euler_pitchEv @ 0xaa2520
AUTO: _Z9safe_asinIfEfT_ @ 0xaa2590
AUTO: _ZNK11QuaternionTIfE6lengthEv @ 0xaa2670
AUTO: _ZN7Vector3IfE6rotateE8Rotation @ 0xaa2780
AUTO: _ZNK7Matrix3IfEmlERK7Vector3IfE @ 0xaa3760
AUTO: _ZN7Matrix3IfE10from_eulerEfff @ 0xaa3900
AUTO: _ZN7Matrix3IfEC2Efffffffff @ 0xaa3b30
AUTO: _ZNK7Vector3IfEplERKS0_ @ 0xaa3c60
AUTO: _ZNK7Vector3IfEdvEf @ 0xaa3d10
AUTO: _Z4normIffJEEdT_T0_DpKT1_ @ 0xaa3db0
AUTO: _ZN7Vector3IfEpLERKS0_ @ 0xaa3e20
AUTO: _ZN15ObjectBuffer_TSIN8AP_Param10param_saveEE4peekERS1_ @ 0xaa3ec0
AUTO: _ZN15ObjectBuffer_TSIN8AP_Param10param_saveEE4pushERKS1_ @ 0xaa3f70
AUTO: _ZN10ByteBuffer9peekbytesEPhj @ 0x5fbc70
AUTO: _ZN10ByteBuffer9peekiovecEPNS_5IoVecEj @ 0x5fbd80
AUTO: _ZNK10ByteBuffer9availableEv @ 0x5fbed0
AUTO: _ZN10ByteBuffer7readptrERj @ 0x5fc1b0
AUTO: _ZNK7Vector3IfEngEv @ 0xaa4050
AUTO: _ZNK7AP_AHRS36get_relative_position_D_origin_floatERf @ 0x5fc6c0
AUTO: _ZNK7AP_AHRS30get_relative_position_D_originERd @ 0x5fc750
AUTO: _ZNK7NavEKF37getPosDERd @ 0x5fc9d0
AUTO: _ZNK8Location11initialisedEv @ 0xaa4130
AUTO: _ZN6AP_HAL6microsEv @ 0x5fcec0
AUTO: _ZNK7Vector3IfE8todoubleEv @ 0xaa41c0
AUTO: _ZN7Vector3IdEmLEd @ 0xaa4240
AUTO: _ZN8Location6offsetERK7Vector3IdE @ 0x5fcf00
AUTO: _ZN8Location13offset_latlngERiS0_dd @ 0x5fcfd0
AUTO: _ZN8Location15limit_lattitudeEi @ 0x5fd0d0
AUTO: _ZN8Location14wrap_longitudeEl @ 0x5fd170
AUTO: _ZN7Vector3IdEC2Eddd @ 0xaa42d0
AUTO: _ZNK12NavEKF3_core7getPosDERd @ 0x5fd210
AUTO: _ZNK12NavEKF3_core13getPosD_localERd @ 0x5fd2e0
AUTO: _ZNK12NavEKF3_core12getOriginLLHER8Location @ 0x5fd370
AUTO: _ZN7Vector3IdEC2Ev @ 0xaa4360
AUTO: _ZNK11AP_AHRS_DCM12get_locationER8Location @ 0x5fd710
AUTO: _ZN2AP4baroEv @ 0x5fda40
AUTO: _ZNK7AP_EnumI6GPSUseEcvKS0_Ev @ 0xaa43c0
AUTO: _ZNK6AP_GPS6statusEv @ 0xaa4410
AUTO: _ZNK7AP_Baro12get_altitudeEv @ 0xaa4470
AUTO: _ZN8Location6offsetEdd @ 0x5fda80
AUTO: _ZNK6AP_GPS7get_lagERf @ 0xaa44d0
AUTO: _ZNK7Vector3IfE2xyEv @ 0xaa4550
AUTO: _ZNK7Vector2IfEmlEf @ 0xaa45a0
AUTO: _ZNK6AP_GPS7get_lagEhRf @ 0x5fdb10
AUTO: _ZNK7AP_Baro12get_altitudeEh @ 0xaa4620
AUTO: _ZN7AP_Baro13get_singletonEv @ 0xaa4690
AUTO: _ZN2AP4sitlEv @ 0x5fdda0
AUTO: _ZNK7AP_Baro11all_healthyEv @ 0x5fdfb0
AUTO: _ZNK7AP_Baro12get_pressureEv @ 0xaa46d0
AUTO: _ZNK7AP_Baro23get_altitude_differenceEff @ 0x5fe060
AUTO: _ZNK7AP_Baro26get_altitude_from_pressureEf @ 0x5fe100
AUTO: _ZL33find_atmosphere_layer_by_pressuref @ 0x5fe360
AUTO: _ZNK7AP_Baro17get_altitude_AMSLEv @ 0xaa4730
AUTO: _ZN7AP_Baro29geopotential_alt_to_geometricEf @ 0x5fe410
AUTO: _ZNK7AP_Baro17get_altitude_AMSLEh @ 0xaa4790
AUTO: _ZNK7AP_Baro12get_pressureEh @ 0xaa4800
AUTO: _ZNK7AP_Baro7healthyEh @ 0x5fe470
AUTO: _ZN4SITL3SIM13get_singletonEv @ 0xaa4870
AUTO: _ZNK7Compass7healthyEv @ 0xaa48b0
AUTO: _ZNK7AP_AHRS8cos_rollEv @ 0xaa4910
AUTO: _ZNK7AP_AHRS9cos_pitchEv @ 0xaa4960
AUTO: _ZNK10RC_Channel14get_control_inEv @ 0xaa4a20
AUTO: _ZNK9AP_Logger15logging_presentEv @ 0x5fee70
AUTO: _ZNK9AP_Logger15logging_startedEv @ 0x5fef60
AUTO: _ZNK11RC_Channels17option_is_enabledENS_6OptionE @ 0xaa4ac0
AUTO: _ZN11RC_Channels23find_channel_for_optionEN10RC_Channel8AUX_FUNCE @ 0x5ff380
AUTO: _ZN11RC_Channels10rc_channelEh @ 0xaa4c00
AUTO: _ZNK11RC_Channels19flight_mode_channelEv @ 0x5ff6d0
AUTO: _ZNK6Copter18get_pilot_speed_dnEv @ 0x5ff7d0
AUTO: _ZN16AP_Arming_Copter18run_pre_arm_checksEb @ 0x5ffab0
AUTO: _ZN16AP_Arming_Copter17set_pre_arm_checkEb @ 0x5ffea0
AUTO: _ZN12SRV_Channels18get_emergency_stopEv @ 0xaa50d0
AUTO: _ZNK10RC_Channel16read_3pos_switchERNS_12AuxSwitchPosE @ 0x602e80
AUTO: _ZNK10RC_Channel12get_radio_inEv @ 0xaa5110
AUTO: _ZN2AP5fenceEv @ 0x602fe0
AUTO: _ZNK8AC_Fence7enabledEv @ 0xaa5220
AUTO: _ZNK9AP_ParamTIfL11ap_var_type4EEmiERKS1_ @ 0xaa5410
AUTO: _ZNK7Vector2IfEmiERKS0_ @ 0xaa5b60
AUTO: _ZNK7Vector2IfE14length_squaredEv @ 0xaa5d70
AUTO: _ZNK7Vector2IfEmlERKS0_ @ 0xaa5dd0
AUTO: _ZNK8Location15get_distance_NEERKS_ @ 0x604ba0
AUTO: _ZN8AC_Fence13get_singletonEv @ 0xaa5f00
AUTO: _ZN2AP10visualodomEv @ 0x604d60
AUTO: _ZN13AP_VisualOdom13get_singletonEv @ 0xaa5f40
AUTO: _ZN2AP5mountEv @ 0x6052e0
AUTO: _ZN8AP_Mount13get_singletonEv @ 0xaa5fc0
AUTO: _ZN2AP3osdEv @ 0x605540
AUTO: _ZN6AP_OSD13get_singletonEv @ 0xaa6060
AUTO: _ZN2AP9generatorEv @ 0x605890
AUTO: _ZN12AP_Generator13get_singletonEv @ 0x605a50
AUTO: _ZN2AP3canEv @ 0x605a90
AUTO: _ZNK13AP_CANManager15get_num_driversEv @ 0xaa6150
AUTO: _ZNK13AP_CANManager15get_driver_typeEh @ 0xaa61a0
AUTO: _ZN12SRV_Channels18get_motor_functionEh @ 0xaa63a0
AUTO: _ZN13AP_CANManager13get_singletonEv @ 0xaa6430
AUTO: _ZNK10AP_Terrain14get_statisticsERtS0_ @ 0x606570
AUTO: _ZNK10AP_Terrain10bitcount64Em @ 0x606760
AUTO: _ZN11RangeFinder13get_singletonEv @ 0xaa66c0
AUTO: _ZNK9AP_Logger14logging_failedEv @ 0x606e80
AUTO: _ZN2AP7batteryEv @ 0x607000
AUTO: _ZNK14AP_BattMonitor15configured_typeEh @ 0xaa67b0
AUTO: _ZNK14AP_BattMonitor14allocated_typeEh @ 0xaa6820
AUTO: _ZNK22AP_BattMonitor_Backend20check_failsafe_typesERbS0_S0_S0_ @ 0x607730
AUTO: _Z11is_positiveI9AP_ParamTIfL11ap_var_type4EEEbT_ @ 0xaa6890
AUTO: _ZNK21AP_BattMonitor_Params23failsafe_voltage_sourceEv @ 0xaa6970
AUTO: _ZNK22AP_BattMonitor_Backend24voltage_resting_estimateEv @ 0x607ad0
AUTO: _ZL3MAXIffEDTqugtfp_fp0_fp_fp0_ERKT_RKT0_.18691 @ 0x607b40
AUTO: _ZN14AP_BattMonitor13get_singletonEv @ 0xaa69d0
AUTO: _ZNK7Compass14is_calibratingEv @ 0x607bc0
AUTO: _ZNK7Compass9get_fieldEv @ 0xaa6b30
AUTO: _ZNK7Compass10consistentEv @ 0x607f80
AUTO: _ZN14AP_Declination18get_earth_field_gaERK8Location @ 0x608220
AUTO: _ZNK7Vector3IfEmlEf @ 0xaa6b90
AUTO: _ZN14AP_Declination16get_mag_field_efEffRfS0_S0_ @ 0x6084c0
AUTO: _ZL7radiansf.2992 @ 0x608ac0
AUTO: _Z15constrain_int32iii @ 0xaa6c30
AUTO: _Z15constrain_valueIiET_S0_S0_S0_ @ 0xaa6ca0
AUTO: _ZN11AP_AHRS_DCM11use_compassEv @ 0x608c30
AUTO: _ZNK7AP_AHRS15get_fly_forwardEv @ 0xaa6d90
AUTO: _ZNK11AP_AHRS_DCM8have_gpsEv @ 0x608de0
AUTO: _ZL7degreesf.2106 @ 0x608e70
AUTO: _Z8wrap_180IfET_S0_ @ 0xaa6eb0
AUTO: _Z8wrap_360f @ 0x608ec0
AUTO: _ZNK6AP_GPS13ground_courseEh @ 0xaa6f40
AUTO: _ZNK6AP_GPS12ground_speedEh @ 0xaa6fb0
AUTO: _ZNK7Compass9get_countEv @ 0xaa7020
AUTO: _ZNK7Compass9get_fieldEh @ 0xaa7070
AUTO: _ZNK7Vector2IfE7is_zeroEv @ 0xaa70f0
AUTO: _ZNK7Vector3IfE5angleERKS0_ @ 0xaa7180
AUTO: _ZL7radiansf.2689 @ 0x608fe0
AUTO: _ZNK7Vector2IfE5angleERKS0_ @ 0xaa7290
AUTO: _ZNK7Vector2IfE6lengthEv @ 0xaa73b0
AUTO: _ZNK7Compass11get_offsetsEh @ 0xaa7410
AUTO: _ZNK9AP_ParamVI7Vector3IfEL11ap_var_type5EEcvRKS1_Ev @ 0xaa7490
AUTO: _ZNK14typesafe_indexIh12TAG_PriorityEltERKh @ 0xaa74e0
AUTO: _ZNK14typesafe_indexIh12TAG_PriorityEcvhEv @ 0xaa75d0
AUTO: _ZNK14typesafe_indexIh12TAG_PriorityEplERKh @ 0xaa7620
AUTO: _ZN14typesafe_indexIh12TAG_PriorityEppEi @ 0xaa7720
AUTO: _ZN19RestrictIDTypeArrayIN7Compass9mag_stateELj4E14typesafe_indexIh14TAG_StateIndexEEixERKS4_ @ 0xaa7790
AUTO: _ZN8AP_Param7set_keyERNS_12Param_headerEt @ 0x609540
AUTO: _ZN8AP_Param4scanEPKNS_12Param_headerEPt @ 0x6095d0
AUTO: _ZN8AP_Param9type_sizeE11ap_var_type @ 0x609760
AUTO: _ZNK13StorageAccess4sizeEv @ 0xaa7880
AUTO: _ZN8AP_Param7get_keyERKNS_12Param_headerE @ 0x609800
AUTO: _ZN8AP_Param11is_sentinalERKNS_12Param_headerE @ 0x609870
AUTO: _ZNK19RestrictIDTypeArrayIP17CompassCalibratorLj3E14typesafe_indexIh12TAG_PriorityEEixERKS4_ @ 0xaa78d0
AUTO: _ZN11AP_Airspeed13get_singletonEv @ 0xaa7950
AUTO: _ZNK11AP_Airspeed7enabledEh @ 0x609bb0
AUTO: _ZNK11AP_Airspeed3useEh @ 0x609c70
AUTO: _ZNK11AP_Airspeed7healthyEh @ 0x609da0
AUTO: _ZNK11AP_Airspeed11lib_enabledEv @ 0x609f20
AUTO: _ZNK11RC_Channels19has_had_rc_receiverEv @ 0xaa79e0
AUTO: _ZN2AP5winchEv @ 0x60a000
AUTO: _ZN8AP_Winch13get_singletonEv @ 0x60a1a0
AUTO: _ZN4AC_P2kPEv @ 0xaa7af0
AUTO: _ZNK11RangeFinder15has_orientationE8Rotation @ 0x60a380
AUTO: _ZN6AC_PID2ffEv @ 0xaa7be0
AUTO: _ZN6AC_PID2kPEv @ 0xaa7c30
AUTO: _ZN6AC_PID2kIEv @ 0xaa7cf0
AUTO: _ZN13AC_PosControl12get_pos_NE_pEv @ 0xaa7d90
AUTO: _ZN7AC_P_2D2kPEv @ 0xaa7de0
AUTO: _ZN13AC_PosControl15get_accel_U_pidEv @ 0xaa7f70
AUTO: _ZNK11RangeFinder13find_instanceE8Rotation @ 0x60ac70
AUTO: _ZNK11RangeFinder11get_backendEh @ 0x60adc0
AUTO: _ZN6Copter17set_land_completeEb @ 0x60b2d0
AUTO: _ZN6Copter23set_land_complete_maybeEb @ 0x60b490
AUTO: _ZN10AP_Mission5resetEv @ 0x60b5e0
AUTO: _ZN10AP_Mission18init_jump_trackingEv @ 0x60b850
AUTO: _ZN10AP_Mission16reset_wp_historyEv @ 0x60b8e0
AUTO: _ZN9AP_Logger18WriteCriticalBlockEPKvt @ 0x60ba00
AUTO: _ZN8AP_Stats17update_flighttimeEv @ 0x60bbc0
AUTO: _ZN8AP_Stats14update_runtimeEv @ 0x60bc90
AUTO: _ZN8AP_Stats5flushEv @ 0x60bd30
AUTO: _ZN13AP_ParamTBaseIiL11ap_var_type3EE22set_and_save_ifchangedERKi @ 0xaa8170
AUTO: _ZNK14AP_DAL_Compass9availableEv @ 0xaa8240
AUTO: _ZNK14AP_DAL_Compass7healthyEh @ 0xaa82a0
AUTO: _ZNK14AP_DAL_Compass11get_offsetsEh @ 0xaa8310
AUTO: _ZNK7Vector3IdE7tofloatEv @ 0xaa8380
AUTO: _ZNK7Vector3IdEmlEd @ 0xaa8400
AUTO: _ZNK9AP_Arming14option_enabledENS_6OptionE @ 0xaa84a0
AUTO: _ZNK9AP_Arming22get_rudder_arming_typeEv @ 0xaa8520
AUTO: _ZN8AC_Fence12clear_breachEh @ 0x60ccd0
AUTO: _ZN9AP_Notify6updateEv @ 0x60d1a0
AUTO: _ZNK7AP_AHRS11get_yaw_radEv @ 0xaa8750
AUTO: _ZN6Copter27update_super_simple_bearingEb @ 0x60d5b0
AUTO: _ZN9AP_Logger10Write_ModeEh10ModeReason @ 0x60d780
AUTO: _ZN17AP_Logger_Backend10Write_ModeEh10ModeReason @ 0x60d8e0
AUTO: _ZNK7AP_AHRS38get_relative_position_NED_origin_floatER7Vector3IfE @ 0x60d990
AUTO: _ZN11AP_SmartRTL9add_pointERK7Vector3IfE @ 0x60dc00
AUTO: _ZN7HALSITL9Semaphore16take_nonblockingEv @ 0x60ddc0
AUTO: _ZNK11AP_SmartRTL10log_actionENS_6ActionERK7Vector3IfE @ 0x60de50
AUTO: _ZNK7Vector3IfE16distance_squaredERKS0_ @ 0xaa8870
AUTO: _ZL2sqf.12922 @ 0x60df10
AUTO: _ZN7HALSITL9Semaphore4giveEv @ 0x60df60
AUTO: _ZN9AP_Logger10Write_SRTLEbtthRK7Vector3IfE @ 0x60e010
AUTO: _ZN9AP_Logger10WriteBlockEPKvt @ 0x60e130
AUTO: _ZN17AP_Logger_Backend10WriteBlockEPKvt @ 0xaa8930
AUTO: _ZN11AP_SmartRTL15restart_pruningEt @ 0x60e1e0
AUTO: _ZN11AP_SmartRTL22restart_simplificationEt @ 0x60e290
AUTO: _ZN7BitmaskILt500EE6setallEv @ 0xaa89c0
AUTO: _ZNK7AP_AHRS32get_relative_position_NED_originER7Vector3IdE @ 0x60e320
AUTO: _ZN7Vector2IdEC2Ev @ 0xaa8a70
AUTO: _ZNK7NavEKF38getPosNEER7Vector2IdE @ 0x60e5c0
AUTO: _ZNK11AP_AHRS_SIM12get_locationER8Location @ 0x60e8f0
AUTO: _ZNK8Location23get_distance_NE_postypeERKS_ @ 0x60e9e0
AUTO: _ZN7Vector2IdEC2Edd @ 0xaa8ad0
AUTO: _ZNK12NavEKF3_core8getPosNEER7Vector2IdE @ 0x60ead0
AUTO: _ZNK7Vector3IdE2xyEv @ 0xaa8b50
AUTO: _ZNK7Vector2IdE8todoubleEv @ 0xaa8ba0
AUTO: _ZNK7Vector2IdEplERKS0_ @ 0xaa8c00
AUTO: _ZNK10AP_DAL_GPS6statusEh @ 0xaa8c90
AUTO: _ZNK10AP_DAL_GPS8locationEh @ 0xaa8d00
AUTO: _ZN7Vector2IdE4zeroEv @ 0xaa8d70
AUTO: _ZNK10AP_DAL_GPS14primary_sensorEv @ 0xaa8dd0
AUTO: _ZN6AP_DAL10log_event2ENS_5EventE @ 0x60f420
AUTO: _ZNK7AP_Baro15get_temperatureEh @ 0xaa9090
AUTO: _ZN6AP_DAL9end_frameEv @ 0x60fcd0
AUTO: _ZN6AP_DAL15WriteLogMessageE11LogMessagesPvPKvh @ 0x60fd50
AUTO: _ZN9AP_Logger16WriteReplayBlockEhPKvt @ 0x60fe70
AUTO: _ZNK9AP_Logger10log_replayEv @ 0xaa9100
AUTO: _ZN6AP_DAL10log_event3ENS_5EventE @ 0x610010
AUTO: _ZN6Copter10should_logEj @ 0x610270
AUTO: _ZNK9AP_Logger10should_logEj @ 0x6103a0
AUTO: _ZN9AP_Notify13get_singletonEv @ 0xaa9200
AUTO: _ZNK7AP_AHRS16get_velocity_NEDER7Vector3IfE @ 0x6107b0
AUTO: _ZN10AP_Terrain23update_reference_offsetEv @ 0x610830
AUTO: _ZNK9AP_ParamTIfL11ap_var_type4EEngEv @ 0xaa92a0
AUTO: _ZN10AP_Terrain11height_amslERK8LocationRfb @ 0x610a70
AUTO: _ZNK8Location10get_alt_cmENS_8AltFrameERi @ 0x610eb0
AUTO: _ZNK8Location13get_alt_frameEv @ 0x6111f0
AUTO: _ZNK7AP_AHRS10get_originER8Location @ 0x6112d0
AUTO: _ZN10AP_Terrain8allocateEv @ 0x611350
AUTO: _ZNK10AP_Terrain19calculate_grid_infoERK8LocationRNS_9grid_infoE @ 0x611470
AUTO: _ZN10AP_Terrain15find_grid_cacheERKNS_9grid_infoE @ 0x6118e0
AUTO: _ZN10AP_Terrain12check_bitmapERKNS_10grid_blockEhh @ 0x611bf0
AUTO: _ZN10AP_Terrain11grid_bitnumEhh @ 0x611cb0
AUTO: _ZNK9AP_Arming18get_enabled_checksEv @ 0x611d40
AUTO: _ZN7HALSITL9Semaphore4takeEj @ 0x611ea0
AUTO: _ZN6AP_HAL9Semaphore13take_blockingEv @ 0xaa9a70
AUTO: _ZN4SITL6AS56006updateERKNS_8AircraftE @ 0x6133c0
AUTO: _ZNK4SITL8Aircraft12get_attitudeER11QuaternionTIfE @ 0xaaa910
AUTO: _ZL7degreesf.21016 @ 0x613790
AUTO: _ZN4SITL17I2CRegisters_8Bit12set_registerEhh @ 0x6137f0
AUTO: _ZN4SITL9I2CDevice6updateERKNS_8AircraftE @ 0xaaab00
AUTO: _ZN4SITL13TeraRangerI2C6updateERKNS_8AircraftE @ 0xaaaca0
AUTO: _ZNK4SITL8Aircraft17rangefinder_rangeEv @ 0x613eb0
AUTO: _ZL7radiansf.16135 @ 0x614390
AUTO: _Z10rand_floatv @ 0x6143f0
AUTO: _ZN4SITL7INA32216updateERKNS_8AircraftE @ 0x6146d0
AUTO: _ZL15convert_voltagef @ 0x614b50
AUTO: _ZL15convert_currentf @ 0x614c20
AUTO: _ZN4SITL8QMC5883L6updateERKNS_8AircraftE @ 0x614e80
AUTO: _ZN7Vector3IfE14rotate_inverseE8Rotation @ 0xaaad10
AUTO: _ZL7htole16t.15260 @ 0x615290
AUTO: _ZN7Vector3IsEC2Esss @ 0xaaaec0
AUTO: _ZN4SITL10IS31FL31956updateERKNS_8AircraftE @ 0x615500
AUTO: _ZN4SITL17I2CRegisters_8Bit12get_registerEh @ 0xaab060
AUTO: _ZN10SIM_RGBLED11set_coloursEhhh @ 0xaab0c0
AUTO: _ZN4SITL6LM27556updateERKNS_8AircraftE @ 0x6161e0
AUTO: _ZNK4SITL6LM275510LEDChannel13current_valueEv @ 0xaab2d0
AUTO: _ZN4SITL6LP55626updateERKNS_8AircraftE @ 0x616790
AUTO: _ZN4SITL6LP556210LEDChannel6updateEv @ 0x616aa0
AUTO: _ZNK4SITL6LP556210LEDChannel13current_valueEv @ 0xaab550
AUTO: _ZN4SITL6MS5XXX6updateERKNS_8AircraftE @ 0x616b80
AUTO: _ZN7AP_Baro37get_pressure_temperature_for_alt_amslEfRfS0_ @ 0x617b30
AUTO: _ZN7AP_Baro29geometric_alt_to_geopotentialEf @ 0x617d10
AUTO: _ZL33find_atmosphere_layer_by_altitudef @ 0x617d70
AUTO: _ZN7AP_Baro33get_temperature_by_altitude_layerEfa @ 0x617e20
AUTO: _ZN7AP_Baro29get_temperatureC_for_alt_amslEf @ 0x6189a0
AUTO: _ZN4SITL12InvensenseV36updateERKNS_8AircraftE @ 0x618a10
AUTO: _ZNK4SITL8ICM4060911accel_scaleEv @ 0xaabaa0
AUTO: _ZL7radiansd.14702 @ 0x6194d0
AUTO: _ZNK4SITL12InvensenseV310gyro_scaleEv @ 0xaabaf0
AUTO: _ZN4SITL12InvensenseV313write_to_fifoEhPhh @ 0x619520
AUTO: _ZN4SITL7MCP96006updateERKNS_8AircraftE @ 0x619a80
AUTO: _ZL7htobe16t.14606 @ 0x61a050
AUTO: _ZL10__bswap_16t.14608 @ 0x61a0a0
AUTO: _ZNK4SITL31I2CRegisters_ConfigurableLength13get_reg_valueEhRh @ 0x61a110
AUTO: _ZN4SITL6TSYS036updateERKNS_8AircraftE @ 0x61a560
AUTO: _ZN4SITL6TSYS016updateERKNS_8AircraftE @ 0x61afb0
AUTO: _ZN4SITL5SHT3x6updateERKNS_8AircraftE @ 0x61bbe0
AUTO: _ZN4SITL13Airspeed_DLVR6updateERKNS_8AircraftE @ 0x61c460
AUTO: _ZN4SITL29SIM_BattMonitor_SMBus_Generic6updateERKNS_8AircraftE @ 0x61cf40
AUTO: _ZNK4SITL29SIM_BattMonitor_SMBus_Generic15connected_cellsEv @ 0xaac3e0
AUTO: _ZN4SITL21SIM_BattMonitor_SMBus6updateERKNS_8AircraftE @ 0x61d7a0
AUTO: _ZNK4SITL8Aircraft19get_battery_voltageEv @ 0xaac430
AUTO: _ZN4SITL11SMBusDevice12set_registerEht @ 0xaac480
AUTO: _ZN4SITL18I2CRegisters_16Bit12set_registerEht @ 0x61d8b0
AUTO: _ZN4SITL11SMBusDevice12set_registerEhs @ 0xaac500
AUTO: _ZN4SITL18I2CRegisters_16Bit12set_registerEhs @ 0x61d960
AUTO: _ZN4SITL6Rotoye6updateERKNS_8AircraftE @ 0x61dc00
AUTO: _ZN4SITL11SMBusDevice13get_reg_valueEh @ 0xaac7b0
AUTO: _ZN4SITL18I2CRegisters_16Bit13get_reg_valueEh @ 0xaac820
AUTO: _ZL7be16toht.21067 @ 0x61dcd0
AUTO: _ZL10__bswap_16t.21068 @ 0x61dd20
AUTO: _ZNK4SITL6Maxell15connected_cellsEv @ 0xaac8e0
AUTO: _ZN4SITL13MaxSonarI2CXL6updateERKNS_8AircraftE @ 0xaaca20
AUTO: _ZN4SITL10ToshibaLED6updateERKNS_8AircraftE @ 0x61dfe0
AUTO: _ZNK6AP_HAL3HAL6serialEh @ 0xaad460
AUTO: _ZL14fill_stack_nanv @ 0x61eaa0
AUTO: _ZN7HALSITL9Scheduler13_run_io_procsEv @ 0x61ee20
AUTO: _ZNK7FunctorIvJEEcvbEv @ 0xaad570
AUTO: _ZNK7FunctorIvJEEclEv @ 0xaad5d0
AUTO: _ZN7HALSITL16I2CDeviceManager11_timer_tickEv @ 0x61f030
AUTO: _ZN2AP2RCEv @ 0x61f0d0
AUTO: _ZN13AP_RCProtocol6updateEv @ 0x61f180
AUTO: _ZN13AP_RCProtocol16check_added_uartEv @ 0x61f1d0
AUTO: _ZNK13AP_RCProtocol13should_searchEj @ 0x61f440
AUTO: _ZN21AP_RCProtocol_Backend9new_inputEv @ 0x61fc00
AUTO: _ZNK17AP_RCProtocol_FDM6activeEv @ 0xaad870
AUTO: _ZN6I2CBus11_timer_tickEv @ 0x61fe10
AUTO: _ZN9AP_Logger6WriteVEPKcS1_S1_S1_S1_P13__va_list_tagbb @ 0x61ff40
AUTO: _ZN9AP_Logger16msg_fmt_for_nameEPKcS1_S1_S1_S1_bb @ 0x620140
AUTO: _ZN17AP_Logger_Backend5WriteEhP13__va_list_tagbb @ 0x620a30
AUTO: _ZNK9AP_Logger24assert_same_fmt_for_nameEPKNS_13log_write_fmtEPKcS4_S4_S4_S4_ @ 0x6215b0
AUTO: _ZN3GCS14update_receiveEv @ 0x622920
AUTO: _ZN3GCS11update_sendEv @ 0x6229d0
AUTO: _ZN19MissionItemProtocol6updateEv @ 0x622d10
AUTO: _ZN11GCS_MAVLINK11update_sendEv @ 0x622ee0
AUTO: _ZN3GCS18service_statustextEv @ 0x6232c0
AUTO: _ZN3GCS15StatusTextQueue9semaphoreEv @ 0xaadad0
AUTO: _ZNK11ObjectArrayIN3GCS12statustext_tEE8is_emptyEv @ 0xaadb20
AUTO: _ZN11GCS_MAVLINK18service_statustextEv @ 0x623430
AUTO: _ZN3GCS15StatusTextQueue5pruneEv @ 0x623670
AUTO: _ZNK11ObjectArrayIN3GCS12statustext_tEE9availableEv @ 0xaadb80
AUTO: _ZN11ObjectArrayIN3GCS12statustext_tEEixEt @ 0xaadbd0
AUTO: _ZN11ObjectArrayIN3GCS12statustext_tEE6removeEt @ 0xaadc70
AUTO: _ZN3GCS16statustext_queueEv @ 0xaade70
AUTO: _Z14comm_chan_lock17mavlink_channel_t @ 0x6237a0
AUTO: _ZL27mavlink_msg_statustext_send17mavlink_channel_thPKcth @ 0x623800
AUTO: _ZL16mav_array_memcpyPvPKvm.6783 @ 0x6238e0
AUTO: _ZN9AP_Logger15handle_log_sendEv @ 0x623980
AUTO: _ZN22GCS_MAVLINK_InProgress11check_tasksEv @ 0x624050
AUTO: _ZNK3GCS11out_of_timeEv @ 0x624240
AUTO: _ZN11GCS_MAVLINK30deferred_message_to_send_indexEt @ 0x624320
AUTO: _ZN11GCS_MAVLINK19do_try_send_messageE10ap_message @ 0x624500
AUTO: _ZNK7BitmaskILt91EE9first_setEv @ 0xaadec0
AUTO: _ZN7BitmaskILt91EE5clearEt @ 0xaadf90
AUTO: _ZN11GCS_MAVLINK36next_deferred_bucket_message_to_sendEt @ 0x624630
AUTO: _ZNK7BitmaskILt91EE5countEv @ 0xaae050
AUTO: _ZNK11GCS_MAVLINK26get_reschedule_interval_msERKNS_25deferred_message_bucket_tE @ 0x624760
AUTO: _ZN11GCS_MAVLINK24find_next_bucket_to_sendEt @ 0x624860
AUTO: _ZN7BitmaskILt91EEaSERKS0_ @ 0xaae120
AUTO: _ZNK11GCS_MAVLINK24requesting_mission_itemsEv @ 0x624a30
AUTO: _ZN7GCS_FTP16get_last_send_msE17mavlink_channel_t @ 0x624b20
AUTO: _ZNK7BitmaskILt91EE8validateEt @ 0xaae260
AUTO: _ZNK11GCS_MAVLINK17telemetry_delayedEv @ 0x624cc0
AUTO: _ZNK3GCS11telem_delayEv @ 0xaae2f0
AUTO: _ZN14AP_BoardConfig15in_config_errorEv @ 0xaae350
AUTO: _ZNK12AP_Scheduler19time_available_usecEv @ 0x624d90
AUTO: _ZN2AP2FSEv @ 0x625010
AUTO: _ZN19AP_Filesystem_Posix5writeEiPKvj @ 0x6253b0
AUTO: _ZN19AP_Filesystem_Posix5fsyncEi @ 0x625480
AUTO: _ZN19AP_Filesystem_Posix5lseekEiii @ 0x625520
AUTO: _ZN21AP_Filesystem_Backend17bytes_until_fsyncEi @ 0xaae390
AUTO: _ZN19AP_Filesystem_Posix9disk_freeEPKc @ 0x625ba0
AUTO: _ZNK21AP_Filesystem_Backend15file_op_allowedEv @ 0x6262d0
AUTO: _ZL12map_filenamePKc @ 0x626370
AUTO: _ZL17map_filename_freePKc @ 0x626410
AUTO: _Z16comm_get_txspace17mavlink_channel_t @ 0x626560
AUTO: _ZL28mavlink_msg_command_ack_send17mavlink_channel_tthhihh.6806 @ 0x6265f0
AUTO: _ZN11GCS_MAVLINK23set_ap_message_intervalE10ap_messaget @ 0x626a60
AUTO: _ZNK11GCS_MAVLINK20cap_message_intervalEt @ 0x626e80
AUTO: _ZNK11GCS_MAVLINK26get_deferred_message_indexE10ap_message @ 0x626f50
AUTO: _ZNK7BitmaskILt91EE3getEt @ 0xaae5d0
AUTO: _ZN7BitmaskILt91EE3setEt @ 0xaae6a0
AUTO: _ZN12AP_Scheduler18get_loop_period_usEv @ 0xaae760
AUTO: _ZNK13AP_Filesystem13backend_by_fdERi @ 0x6277d0
AUTO: _ZNK13AP_Filesystem15backend_by_pathERPKc @ 0x6278a0
AUTO: _ZN11GCS_MAVLINK39initialise_message_intervals_for_streamENS_7streamsE @ 0x627b90
AUTO: _ZNK11GCS_MAVLINK23get_interval_for_streamENS_7streamsE @ 0x627d90
AUTO: _ZNK11GCS_MAVLINK8get_chanEv @ 0xaae800
AUTO: _ZN11GCS_MAVLINK12send_messageE10ap_message @ 0x628840
AUTO: _ZN11GCS_MAVLINK22save_signing_timestampEb @ 0x628950
AUTO: _ZNK11GCS_MAVLINK12is_streamingEv @ 0xaae8f0
AUTO: _ZN11GCS_MAVLINK16signing_key_loadER10SigningKey @ 0x628a80
AUTO: _ZNK13StorageAccess11write_blockEtPKvm @ 0x628be0
AUTO: _ZN19AC_PolyFence_loader13check_indexedEv @ 0x62b6f0
AUTO: _Z11is_negativeIfEbT_ @ 0xaaf650
AUTO: _ZN10AP_Mission26mission_cmd_to_mavlink_intERKNS_15Mission_CommandER28__mavlink_mission_item_int_t @ 0x62fb80
AUTO: _ZN11GCS_MAVLINK14update_receiveEj @ 0x631270
AUTO: _ZN3GCS15update_passthruEv @ 0x631740
AUTO: _ZN16AP_SerialManager12get_passthruERPN6AP_HAL10UARTDriverES3_RhRjS5_ @ 0x631c70
AUTO: _ZN6AP_HAL10UARTDriver11read_lockedEPhmj @ 0x6326f0
AUTO: _ZNK11GCS_MAVLINK6lockedEv @ 0xaaf990
AUTO: _ZNK7FunctorIbJhPN6AP_HAL10UARTDriverEEEcvbEv @ 0xaaf9f0
AUTO: _ZN11GCS_MAVLINK14channel_bufferEv @ 0xaafad0
AUTO: mavlink_frame_char_buffer @ 0x632dd0
AUTO: _ZN12AP_Scripting14handle_messageERK17__mavlink_message17mavlink_channel_t @ 0x633670
AUTO: _ZN11GCS_MAVLINK13send_timesyncEv @ 0x633860
AUTO: _ZN11GCS_MAVLINK17log_mavlink_statsEv @ 0x6338d0
AUTO: _ZNK11GCS_MAVLINK15signing_enabledEv @ 0x633a50
AUTO: _ZNK11GCS_MAVLINK21timesync_timestamp_nsEv @ 0x633af0
AUTO: _ZL25mavlink_msg_timesync_send17mavlink_channel_tll @ 0x633b50
AUTO: mavlink_start_checksum @ 0x633bf0
AUTO: mavlink_update_checksum @ 0x633c50
AUTO: _Z9fill_nanfPft @ 0x634690
AUTO: _ZN10ByteBuffer7advanceEj @ 0x637720
AUTO: _ZN5Empty11OpticalFlow9push_gyroEfff @ 0xab09a0
AUTO: _ZN5Empty11OpticalFlow14push_gyro_biasEff @ 0xab0a10
AUTO: _ZNK7HALSITL4Util18was_watchdog_resetEv @ 0xab0ce0
AUTO: _ZN7HALSITL4Util19safety_switch_stateEv @ 0x6383d0
AUTO: _ZN7HALSITL4Util16available_memoryEv @ 0xab11d0
AUTO: _ZN7HALSITL4Util8uart_logEv @ 0x6389b0
AUTO: _ZN6AP_HAL4Util14log_stack_infoEv @ 0xab1570
AUTO: _ZN6AP_HAL10UARTDriver9log_statsEhRNS0_12StatsTrackerEj @ 0x638b80
AUTO: _ZN6AP_HAL10UARTDriver12StatsTracker11ByteTracker6updateEj @ 0x638d20
AUTO: _ZN7HALSITL8RCOutput20_safety_switch_stateEv @ 0xab1610
AUTO: _ZN6AP_HAL10UARTDriver5writeEPKhm @ 0x63b250
AUTO: _ZN6AP_HAL10UARTDriver9availableEv @ 0x63b390
AUTO: _ZN6AP_HAL10UARTDriver4readEv @ 0x63b410
AUTO: _ZN6AP_HAL10UARTDriver4readERh @ 0x63b490
AUTO: _ZN6AP_HAL10UARTDriver4readEPht @ 0x63b590
AUTO: _ZN7HALSITL10UARTDriver7txspaceEv @ 0x63b600
AUTO: _ZN7HALSITL10UARTDriver11_timer_tickEv @ 0x63b980
AUTO: _ZN7HALSITL10UARTDriver26receive_time_constraint_usEt @ 0x63b9e0
AUTO: _ZN7HALSITL10UARTDriver6_writeEPKhm @ 0x63c6b0
AUTO: _ZN7HALSITL10UARTDriver5_readEPht @ 0x63c880
AUTO: _ZN7HALSITL10UARTDriver10_availableEv @ 0x63ca70
AUTO: _ZNK7HALSITL10UARTDriver18get_total_tx_bytesEv @ 0xab3da0
AUTO: _ZNK7HALSITL10UARTDriver18get_total_rx_bytesEv @ 0xab3df0
AUTO: _ZNK6AP_HAL10UARTDriver26get_total_dropped_rx_bytesEv @ 0xab3e40
AUTO: _ZN7HALSITL10UARTDriver17_check_connectionEv @ 0x63cb60
AUTO: _ZN7HALSITL10UARTDriver13_select_checkEi @ 0x63cca0
AUTO: _ZN10ByteBuffer4readEPhj @ 0x63ceb0
AUTO: _ZN7HALSITL10UARTDriver41handle_writing_from_writebuffer_to_deviceEv @ 0x63cf50
AUTO: _ZN7HALSITL10UARTDriver16_check_reconnectEv @ 0x63d300
AUTO: _ZL3MINIjjEDTqultfp_fp0_fp_fp0_ERKT_RKT0_.13888 @ 0x63d700
AUTO: _ZNK4SITL12SerialDevice15write_to_deviceEPKcm @ 0x63d780
AUTO: _ZNK4SITL12SerialDevice18write_to_autopilotEPKcm @ 0x640ae0
AUTO: _ZNK4SITL12SerialDevice13is_match_baudEv @ 0x640ba0
AUTO: _ZNK4SITL3GPS18write_to_autopilotEPKcm @ 0x640cd0
AUTO: _ZNK4SITL3GPS11device_baudEv @ 0x640ef0
AUTO: _ZNK8Location31get_vector_xy_from_origin_NE_cmI7Vector2IfEEEbRT_ @ 0xab5320
AUTO: _Z8wrap_180IdET_S0_ @ 0xab5430
AUTO: _ZN8Location14offset_bearingEdd @ 0x643c30
AUTO: _ZNK7Vector2IfEplERKS0_ @ 0xab5890
AUTO: _ZL7radiansd @ 0x643d30
AUTO: _Z8wrap_360d @ 0x643d80
AUTO: _ZNK4SITL12SerialDevice19read_from_autopilotEPcm @ 0x643e20
AUTO: _Z7is_zerod @ 0xab7560
AUTO: _ZN7HALSITL10UARTDriver40handle_reading_from_device_to_readbufferEv @ 0x649710
AUTO: _ZNK4SITL12SerialDevice16read_from_deviceEPcm @ 0x649ba0
AUTO: _ZN7HALSITL8AnalogIn13board_voltageEv @ 0xab8a70
AUTO: _ZN6AP_HAL8AnalogIn17servorail_voltageEv @ 0xab8ac0
AUTO: _ZN6AP_HAL8AnalogIn18power_status_flagsEv @ 0xab8b10
AUTO: _ZN7HALSITL9ADCSource7set_pinEh @ 0x64a7e0
AUTO: _ZN7HALSITL9ADCSource15voltage_averageEv @ 0x64a860
AUTO: _ZN7HALSITL9ADCSource14voltage_latestEv @ 0x64a8b0
AUTO: _ZN7HALSITL4GPIO13usb_connectedEv @ 0x64b010
AUTO: _ZN7HALSITL8RCOutput9enable_chEh @ 0x64b410
AUTO: _ZN7HALSITL8RCOutput10disable_chEh @ 0x64b4a0
AUTO: _ZN7HALSITL8RCOutput5writeEht @ 0x64b530
AUTO: _ZN6AP_HAL8RCOutput20update_channel_masksEv @ 0xab94f0
AUTO: _ZN7HALSITL8RCOutput4corkEv @ 0x64b660
AUTO: _ZN7HALSITL8RCOutput4pushEv @ 0x64b6f0
AUTO: _ZN7HALSITL8RCOutput4readEh @ 0x64b820
AUTO: _ZN7HALSITL8RCOutput4readEPth @ 0x64b8b0
AUTO: _ZN6AP_HAL8RCOutput16set_default_rateEt @ 0xab9d90
AUTO: _ZN17AP_ESC_Telem_SITL6updateEv @ 0x64bcd0
AUTO: _ZL3MAXIffEDTqugtfp_fp0_fp_fp0_ERKT_RKT0_.20563 @ 0x64bea0
AUTO: _ZN20AP_ESC_Telem_Backend10update_rpmEhff @ 0x64bf20
AUTO: _ZN20AP_ESC_Telem_Backend17update_telem_dataEhRKNS_13TelemetryDataEt @ 0x64bfb0
AUTO: _ZN12AP_ESC_Telem17update_telem_dataEhRKN20AP_ESC_Telem_Backend13TelemetryDataEt @ 0x64c040
AUTO: _ZN12AP_ESC_Telem10update_rpmEhff @ 0x64c320
AUTO: _ZL3MAXIjjEDTqugtfp_fp0_fp_fp0_ERKT_RKT0_.10200 @ 0x64c480
AUTO: _Z16constrain_uint32jjj @ 0xaba2c0
AUTO: _Z15constrain_valueIjET_S0_S0_S0_ @ 0xaba330
AUTO: _ZN7HALSITL7RCInput9new_inputEv @ 0x64c610
AUTO: _ZN7HALSITL7RCInput12num_channelsEv @ 0x64c670
AUTO: _ZN7HALSITL7RCInput4readEh @ 0x64c6d0
AUTO: _ZN13AP_RCProtocol4readEh @ 0x64c980
AUTO: _ZN21AP_RCProtocol_Backend4readEh @ 0x64ca10
AUTO: _ZN13AP_RCProtocol12num_channelsEv @ 0x64ca70
AUTO: _ZNK21AP_RCProtocol_Backend12num_channelsEv @ 0x64caf0
AUTO: _ZN13AP_RCProtocol9new_inputEv @ 0x64cb40
AUTO: _ZN13AP_RCProtocol21detect_async_protocolENS_12rcprotocol_tE @ 0x64cd00
AUTO: _ZNK13AP_RCProtocol10using_uartEv @ 0xaba8c0
AUTO: _ZN17AP_RCProtocol_FDM6updateEv @ 0x64d950
AUTO: _ZN21AP_RCProtocol_Backend9add_inputEhPtbss @ 0x64db30
AUTO: _ZL3MINIhiEDTqultfp_fp0_fp_fp0_ERKT_RKT0_.20159 @ 0x64dc90
AUTO: _ZN13AP_RCProtocol19set_failsafe_activeEb @ 0xabb290
AUTO: _ZN21AP_RCProtocol_Backend6updateEv @ 0xabb3a0
AUTO: _ZN17AP_RCProtocol_UDP6updateEv @ 0x64dd10
AUTO: _ZN17AP_RCProtocol_UDP21read_all_socket_inputEv @ 0x64df70
AUTO: _ZN16SocketAPM_native4recvEPvmj @ 0x64e210
AUTO: _ZN16SocketAPM_native6pollinEj @ 0x64e440
AUTO: _ZNK16SocketAPM_native11get_read_fdEv @ 0xabb4d0
AUTO: _ZN18AP_RCProtocol_GHST6updateEv @ 0x64eca0
AUTO: _ZN3GCS23get_sensor_status_flagsERjS0_S0_ @ 0x650960
AUTO: _ZN3GCS26update_sensor_status_flagsEv @ 0x650a20
AUTO: _ZNK7AP_AHRS11initialisedEv @ 0x6511e0
AUTO: _ZNK7AP_Baro13num_instancesEv @ 0xabbb60
AUTO: _ZNK6AP_GPS10is_healthyEv @ 0xabbbb0
AUTO: _ZNK14AP_BattMonitor13num_instancesEv @ 0xabbc10
AUTO: _ZNK14AP_BattMonitor7healthyEv @ 0x651310
AUTO: _ZNK17AP_InertialSensor11calibratingEv @ 0x651400
AUTO: _ZNK9AP_Logger15logging_enabledEv @ 0x6514d0
AUTO: _ZNK6AP_GPS15logging_presentEv @ 0xabbc60
AUTO: _ZNK6AP_GPS15logging_enabledEv @ 0xabbcd0
AUTO: _ZNK6AP_GPS14logging_failedEv @ 0x6515a0
AUTO: _ZNK7AP_AHRS12get_ekf_typeEv @ 0xabbd40
AUTO: _ZNK8AC_Fence18sys_status_enabledEv @ 0x651680
AUTO: _ZNK8AC_Fence18sys_status_presentEv @ 0x651720
AUTO: _ZNK8AC_Fence17sys_status_failedEv @ 0x651780
AUTO: _ZNK11AP_Airspeed7enabledEv @ 0xabbda0
AUTO: _ZN2AP11opticalflowEv @ 0x6518d0
AUTO: _ZNK14AP_OpticalFlow7healthyEv @ 0xabbeb0
AUTO: _ZN2AP6armingEv @ 0x651910
AUTO: _ZNK11RC_Channels22has_ever_seen_rc_inputEv @ 0xabbf30
AUTO: _ZN9AP_Arming13get_singletonEv @ 0x651950
AUTO: _ZN14AP_OpticalFlow13get_singletonEv @ 0xabbf90
AUTO: _ZN2AP8airspeedEv @ 0x651990
AUTO: _ZNK8AC_Fence12get_breachesEv @ 0xabc060
AUTO: _ZNK7AP_EnumIN8AC_Fence6ActionEEcvKS1_Ev @ 0xabc0b0
AUTO: _ZNK14AP_BattMonitor7healthyEh @ 0x651a50
AUTO: _ZNK6AP_GPS8num_satsEv @ 0xabc2c0
AUTO: _ZNK6AP_GPS8num_satsEh @ 0xabc320
AUTO: _ZNK14AP_BattMonitor7voltageEh @ 0x652740
AUTO: _ZNK14AP_BattMonitor12current_ampsERfh @ 0x6527e0
AUTO: _ZNK14AP_BattMonitor12consumed_mahERfh @ 0x6528d0
AUTO: _ZN9AP_Logger14WriteStreamingEPKcS1_S1_z @ 0x6535f0
AUTO: _ZN22AP_RCProtocol_DroneCAN6updateEv @ 0x653850
AUTO: _ZNK16AP_SerialManager11find_serialENS_14SerialProtocolEh @ 0x654c40
AUTO: _ZN2AP3srvEv @ 0x657f90
AUTO: _ZN12SRV_Channels4corkEv @ 0x657fd0
AUTO: _ZN12SRV_Channels4pushEv @ 0x658030
AUTO: _ZN16AP_Volz_Protocol6updateEv @ 0x6581e0
AUTO: _ZN10AP_SBusOut6updateEv @ 0x6584b0
AUTO: _ZN15AP_RobotisServo6updateEv @ 0x658630
AUTO: _ZN16AP_FETtecOneWire6updateEv @ 0x6588a0
AUTO: _ZN2AP6kdecanEv @ 0x658b90
AUTO: _ZN9AP_KDECAN6updateEv @ 0x658bd0
AUTO: _ZN11SRV_Channel8calc_pwmEf @ 0x659680
AUTO: _ZN9AP_KDECAN13get_singletonEv @ 0xabec80
AUTO: _ZN16AP_FETtecOneWire4initEv @ 0x65b340
AUTO: _ZN16AP_FETtecOneWire9init_uartEv @ 0x65c910
AUTO: _ZN12SRV_Channels13get_singletonEv @ 0xabf6e0
AUTO: _ZNK10AP_Mission21get_current_nav_indexEv @ 0xabfa70
AUTO: _ZNK7AP_AHRS13wind_estimateEv @ 0xabfaf0
AUTO: _ZN10AP_Terrain20height_above_terrainERfb @ 0x661600
AUTO: _ZNK10AP_Terrain6statusEv @ 0xabfb50
AUTO: _ZNK7AP_AHRS11groundspeedEv @ 0xabfc90
AUTO: _ZN7AP_Baro14get_climb_rateEv @ 0x661b10
AUTO: _ZN16DerivativeFilterIfLh7EE5slopeEv @ 0xabfd30
AUTO: _ZNK11RangeFinder15distance_orientE8Rotation @ 0x661b80
AUTO: _ZNK14AP_BattMonitor7voltageEv @ 0xac0800
AUTO: _Z14float_to_int16f @ 0x663590
AUTO: _ZNK7AP_AHRS11get_yaw_degEv @ 0xac0850
AUTO: _ZNK7AP_AHRS28get_relative_position_D_homeERf @ 0x663710
AUTO: _ZNK8Location9get_alt_mENS_8AltFrameERf @ 0x6638b0
AUTO: _ZNK7AP_AHRS11_get_originER8Location @ 0x663960
AUTO: _ZNK7AP_AHRS11_get_originENS_7EKFTypeER8Location @ 0x663a40
AUTO: _ZNK7NavEKF312getOriginLLHER8Location @ 0x663c50
AUTO: _ZN18AP_RCProtocol_CRSF6updateEv @ 0x666500
AUTO: _ZN13AP_CRSF_Telem13get_singletonEv @ 0x666b30
AUTO: _ZN13AP_CRSF_Telem13queue_messageE12MAV_SEVERITYPKc @ 0x667580
AUTO: _ZN2AP10crsf_telemEv @ 0x66a2d0
AUTO: _ZNK7AP_AHRS12get_roll_radEv @ 0xac1c70
AUTO: _ZNK7AP_AHRS13get_pitch_radEv @ 0xac1cc0
AUTO: _ZN19AP_RCProtocol_SRXL26updateEv @ 0x6700f0
AUTO: _Z11crc16_ccittPKhjt @ 0x670cb0
AUTO: _ZNK14AP_BattMonitor15get_temperatureERfh @ 0x6731d0
AUTO: _ZN2AP3rtcEv @ 0x6732a0
AUTO: _ZNK6AP_RTC12get_utc_usecERm @ 0x6733c0
AUTO: _ZN6AP_RTC13get_singletonEv @ 0xac28d0
AUTO: _ZN2AP9esc_telemEv @ 0x673720
AUTO: _ZNK12AP_ESC_Telem7get_rpmEhRf @ 0x6738c0
AUTO: _ZL3MINIffEDTqultfp_fp0_fp_fp0_ERKT_RKT0_.10179 @ 0x673a60
AUTO: _ZNVK20AP_ESC_Telem_Backend13TelemetryData5staleEv @ 0x673b50
AUTO: _ZN12AP_ESC_Telem13get_singletonEv @ 0x673bd0
AUTO: _ZN17AP_RCProtocol_DSM6updateEv @ 0x6770e0
AUTO: _ZN7HALSITL9Scheduler5delayEt @ 0x6789d0
AUTO: _ZN7HALSITL9Scheduler18delay_microsecondsEt @ 0x678ac0
AUTO: _ZN6AP_HAL9Scheduler24delay_microseconds_boostEt @ 0xac30b0
AUTO: _ZN6AP_HAL9Scheduler9boost_endEv @ 0xac31c0
AUTO: _ZNK6AP_HAL9Scheduler17in_delay_callbackEv @ 0xac3210
AUTO: _ZN7HALSITL9Scheduler21is_system_initializedEv @ 0xac3270
AUTO: _ZN7HALSITL9Scheduler10stop_clockEm @ 0x679030
AUTO: _ZNK7HALSITL9Scheduler14in_main_threadEv @ 0x6790d0
AUTO: _ZN7HALSITL10SITL_State10wait_clockEm @ 0x679790
AUTO: _ZNK4SITL8Aircraft11get_speedupEv @ 0xac3420
AUTO: _ZNK7HALSITL9Scheduler28semaphore_wait_hack_requiredEv @ 0x679940
AUTO: _ZN7HALSITL10SITL_State15_fdm_input_stepEv @ 0x6799c0
AUTO: _ZN7HALSITL10SITL_State16_fdm_input_localEv @ 0x679b10
AUTO: _ZNK7HALSITL9Scheduler22interrupts_are_blockedEv @ 0xac3470
AUTO: _ZN7HALSITL9Scheduler17sitl_begin_atomicEv @ 0xac34d0
AUTO: _ZN7HALSITL9Scheduler11timer_eventEv @ 0xac3530
AUTO: _ZN7HALSITL9Scheduler15sitl_end_atomicEv @ 0x679cb0
AUTO: _ZN7HALSITL10SITL_State16_update_airspeedEf @ 0x679d50
AUTO: _ZN7HALSITL10SITL_State19_update_rangefinderEv @ 0x67a0c0
AUTO: _ZNK7HALSITL10SITL_State18_sonar_pin_voltageEv @ 0x67a120
AUTO: _ZN7AP_Baro24get_EAS2TAS_for_alt_amslEf @ 0x67a290
AUTO: _ZL2sqf.13649 @ 0x67a310
AUTO: _ZN7AP_Baro28get_air_density_for_alt_amslEf @ 0x67a360
AUTO: _ZL3MAXIffEDTqugtfp_fp0_fp_fp0_ERKT_RKT0_.2214 @ 0x67a530
AUTO: _ZN7HALSITL9Scheduler16_run_timer_procsEv @ 0x67a5b0
AUTO: _ZN7HALSITL10SITL_State17_simulator_servosER10sitl_input @ 0x67a6b0
AUTO: _ZN4SITL11JSON_Master7receiveER10sitl_input @ 0x67b340
AUTO: _ZN7HALSITL10SITL_State22multicast_servo_updateER10sitl_input @ 0x67b7e0
AUTO: _ZN4SITL8Aircraft11update_homeEv @ 0x67b8c0
AUTO: _ZN4SITL8Aircraft12update_modelERK10sitl_input @ 0x67ba20
AUTO: _ZN4SITL8Aircraft8fill_fdmERNS_8sitl_fdmE @ 0x67bac0
AUTO: _ZN7HALSITL8CANIface14num_interfacesEv @ 0xac3570
AUTO: _ZNK4SITL8Aircraft20get_position_relhomeEv @ 0x67c690
AUTO: _ZN4SITL11JSON_Master4sendERKNS_8sitl_fdmERK7Vector3IdE @ 0x67c750
AUTO: _ZN7HALSITL17SITL_State_Common10sim_updateEv @ 0x67c9f0
AUTO: _ZN7HALSITL10SITL_State14set_height_aglEv @ 0x67d240
AUTO: _ZNK4SITL8Aircraft12get_locationEv @ 0xac35b0
AUTO: _ZNK4SITL8Aircraft15get_velocity_efEv @ 0xac3600
AUTO: _ZN4SITL3GPS6updateEv @ 0x67e610
AUTO: _ZN4SITL12SerialDevice17init_sitl_pointerEv @ 0x67fd60
AUTO: _ZN4SITL3GPS24check_backend_allocationEv @ 0x67fdf0
AUTO: _ZN4SITL3GPS16interpolate_dataERKNS_8GPS_DataEj @ 0x680400
AUTO: _ZL3MAXIifEDTqugtfp_fp0_fp_fp0_ERKT_RKT0_.14372 @ 0x680d90
AUTO: _ZNK4SITL11GPS_Backend11device_baudEv @ 0xac3c20
AUTO: _ZN4SITL11GPS_Backend11update_readEv @ 0x680f10
AUTO: _ZNK4SITL11GPS_Backend18write_to_autopilotEPKcm @ 0x681260
AUTO: _ZNK4SITL11GPS_Backend19read_from_autopilotEPcm @ 0x6812e0
AUTO: _ZN4SITL11GPS_Backend8gps_timeEv @ 0x681d80
AUTO: _ZNK7Vector2IdE6lengthEv @ 0xac3e40
AUTO: _ZN4SITL11GPS_Backend18simulation_timevalEP7timeval @ 0x6826b0
AUTO: _ZN4SITL9GPS_UBlox7publishEPKNS_8GPS_DataE @ 0x685580
AUTO: _Z4normIddJdEEdT_T0_DpKT1_ @ 0xac44e0
AUTO: _ZL7degreesf.14460 @ 0x686050
AUTO: _ZN4SITL9GPS_UBlox8send_ubxEhPht @ 0x686580
AUTO: _ZL3MAXIiiEDTqugtfp_fp0_fp_fp0_ERKT_RKT0_.14461 @ 0x686750
AUTO: _ZNK7Vector3IfE6is_nanEv @ 0xac4560
AUTO: _ZN7Matrix3IfE6rotateERK7Vector3IfE @ 0xac4630
AUTO: _ZNK7Vector2IfE5angleEv @ 0xac47e0
AUTO: _ZN7Matrix3IfEpLERKS0_ @ 0xac4850
AUTO: _ZNK7Matrix3IfEplERKS0_ @ 0xac48e0
AUTO: _Z2sqIdJddEEdT_DpKT0_ @ 0xac4a00
AUTO: _ZNK11QuaternionTIfE8to_eulerERfS1_S1_ @ 0xac4aa0
AUTO: _ZNK11QuaternionTIfE13get_euler_yawEv @ 0xac4bb0
AUTO: _ZNK7Vector3IdEplERKS0_ @ 0xac55b0
AUTO: _ZN7Vector3IdEpLERKS0_ @ 0xac5650
AUTO: _ZN7Matrix3IdEC2Ev @ 0xac56f0
AUTO: _ZNK7Matrix3IdEmlERK7Vector3IdE @ 0xac5930
AUTO: _ZNK11QuaternionTIfEmlERK7Vector3IfE @ 0xac5c30
AUTO: _ZNK7Vector3IdEmiERKS0_ @ 0xac6120
AUTO: _Z11wrap_360_cdf @ 0x690200
AUTO: _ZNK7Vector3IdE6lengthEv @ 0xac6280
AUTO: _ZN7Vector3IdE4zeroEv @ 0xac62e0
AUTO: _ZNK4SITL8Aircraft7get_dcmEv @ 0xac6420
AUTO: _ZNK7Matrix3IfE10transposedEv @ 0xac6470
AUTO: _ZN7Matrix3IfE9normalizeEv @ 0xac6640
AUTO: _ZNK8Location22get_distance_NE_doubleERKS_ @ 0x6937b0
AUTO: _ZN7Vector3IdE2xyEv @ 0xac6910
AUTO: _ZN7Vector2IdEpLERKS0_ @ 0xac6960
AUTO: _ZN4SITL8Aircraft14smooth_sensorsEv @ 0x693d10
AUTO: _ZL7degreesf.16169 @ 0x694700
AUTO: _ZNK7Matrix3IfE8to_eulerEPfS1_S1_ @ 0xac69e0
AUTO: _ZNK7AP_EnumI8RotationEcvKS0_Ev @ 0xac6b00
AUTO: _ZNK8HAL_SITL32get_uart_output_full_queue_countEv @ 0x6947d0
AUTO: _ZNK4SITL8Aircraft16get_wall_time_usEv @ 0x694910
AUTO: _ZNK7Vector3IdEdvEd @ 0xac6ce0
AUTO: _ZNK11QuaternionTIfEdvERKS0_ @ 0xac6d80
AUTO: _ZNK11QuaternionTIfE7is_zeroEv @ 0xac6fd0
AUTO: _ZN4SITL8Aircraft12time_advanceEv @ 0x694990
AUTO: _ZN4SITL8Aircraft15sync_frame_timeEv @ 0x694a30
AUTO: _ZN9AP_Logger14WriteStreamingEPKcS1_S1_S1_S1_z @ 0x694d30
AUTO: _ZL3MAXI9AP_ParamTIfL11ap_var_type4EEdEDTqugtfp_fp0_fp_fp0_ERKT_RKT0_.13490 @ 0x6950a0
AUTO: _Z21calc_lowpass_alpha_dtff @ 0x695140
AUTO: _ZL3MAXIfiEDTqugtfp_fp0_fp_fp0_ERKT_RKT0_.13491 @ 0x695270
AUTO: _ZNK4SITL16FETtecOneWireESC7enabledEv @ 0xac70a0
AUTO: _ZNK4SITL4Volz7enabledEv @ 0xac7110
AUTO: _ZN7HALSITL17SITL_State_Common22update_voltage_currentER10sitl_inputf @ 0x695540
AUTO: _ZN8AP_Param18eeprom_write_checkEPKvth @ 0x697f70
AUTO: _ZN8AP_Param14write_sentinalEt @ 0x698000
AUTO: _ZNK4SITL8Aircraft22rangefinder_beam_widthEv @ 0xac9010
AUTO: _ZNK4SITL8Aircraft45perpendicular_distance_to_rangefinder_surfaceEv @ 0x698c90
AUTO: _ZNK4SITL8Aircraft9on_groundEv @ 0x698d80
AUTO: _ZNK4SITL8Aircraft4haglEv @ 0x698df0
AUTO: _ZNK4SITL8Aircraft24ground_height_differenceEv @ 0x698ec0
AUTO: _ZN4SITL8Aircraft15update_dynamicsERK7Vector3IfE @ 0x699730
AUTO: _ZN4SITL8Aircraft23update_external_payloadERK10sitl_input @ 0x69a7b0
AUTO: _ZN4SITL8Aircraft15update_positionEv @ 0x69ac40
AUTO: _ZN4SITL8Aircraft11update_windERK10sitl_input @ 0x69add0
AUTO: _ZN4SITL8Aircraft19update_mag_field_bfEv @ 0x69b260
AUTO: _ZNK8Location23get_distance_NED_doubleERKS_ @ 0x69b650
AUTO: _ZN4SITL8Aircraft17get_local_updraftERK7Vector3IdE @ 0x69b770
AUTO: _ZN7Vector2IdEmIERKS0_ @ 0xac9060
AUTO: _ZNK4SITL7Sprayer10is_enabledEv @ 0xac90f0
AUTO: _ZN4SITL3I2C6updateERKNS_8AircraftE @ 0x69c030
AUTO: _ZNK4SITL6Buzzer10is_enabledEv @ 0xac91a0
AUTO: _ZNK4SITL13Gripper_Servo10is_enabledEv @ 0xac9200
AUTO: _ZNK4SITL11Gripper_EPM10is_enabledEv @ 0xac92c0
AUTO: _ZNK4SITL9Parachute10is_enabledEv @ 0xac9370
AUTO: _ZNK4SITL12SIM_Precland10is_enabledEv @ 0xac93d0
AUTO: _ZN4SITL7ShipSim6updateEv @ 0x69d000
AUTO: _ZN7Vector2IfEpLERKS0_ @ 0xac9510
AUTO: _ZNK10DigitalLPFIfE3getEv @ 0xac96a0
AUTO: _ZN8Location16change_alt_frameENS_8AltFrameE @ 0x6a2780
AUTO: _ZNK7Vector3IdE14length_squaredEv @ 0xacb480
AUTO: _ZNK7Vector3IdEmlERKS0_ @ 0xacb5f0
AUTO: _ZNK7AP_AHRS11get_EAS2TASEv @ 0x6a3060
AUTO: _ZL2sqf.16184 @ 0x6a30f0
AUTO: _ZN4SITL8Aircraft19update_eas_airspeedEv @ 0x6a3140
AUTO: _ZN4SITL15SlungPayloadSim6updateERK7Vector3IdERKS1_IfES7_S7_ @ 0x6a35f0
AUTO: _ZN4SITL9TetherSim6updateERK8Location @ 0x6a3780
AUTO: _ZN4SITL8Aircraft17adjust_frame_timeEf @ 0x6a38f0
AUTO: _ZNK7Vector3IfE10normalizedEv @ 0xacb710
AUTO: _ZNK7Vector3IdE7is_zeroEv @ 0xacb7a0
AUTO: _ZN7Vector3IfE2xyEv @ 0xacb850
AUTO: _ZN7Vector2IfE4zeroEv @ 0xacb8a0
AUTO: _ZN7Vector3IfEmIERKS0_ @ 0xacb900
AUTO: _ZNK7Vector3IfE14length_squaredEv @ 0xacb9a0
AUTO: _ZNK7Vector3IfE9projectedERKS0_ @ 0xacba70
AUTO: _ZNK7Vector3IfE3dotERKS0_ @ 0xacbb50
AUTO: _ZL7radiansi.16189 @ 0x6a6880
AUTO: _ZNK9AP_ParamTIfL11ap_var_type4EEplERKS1_ @ 0xacbbb0
AUTO: _ZN13LowPassFilterIfE20set_cutoff_frequencyERKf @ 0xacc2d0
AUTO: _ZN13LowPassFilterIfE5applyERKfS2_ @ 0xacc340
AUTO: _Z11is_positived @ 0xacca50
AUTO: _ZN4SITL8Aircraft16add_shove_forcesER7Vector3IfES3_ @ 0x6b5280
AUTO: _ZN7Vector3IfEmLERKS0_ @ 0xacd190
AUTO: _ZN7Vector3IfE9normalizeEv @ 0xacd230
AUTO: _ZN7Vector3IdEmIERKS0_ @ 0xad74b0
AUTO: _ZL7radiansd.16474 @ 0x6c76c0
AUTO: _ZNK4SITL5Frame15get_air_densityEf @ 0x6d0740
AUTO: _ZL2sqf.21180 @ 0x6d07a0
AUTO: _ZN4SITL11MultiCopter6updateERK10sitl_input @ 0x6d0ff0
AUTO: _ZN4SITL11MultiCopter16calculate_forcesERK10sitl_inputR7Vector3IfES6_ @ 0x6d1150
AUTO: _ZN4SITL8Aircraft5Clamp7clampedERS0_RK10sitl_input @ 0x6d1270
AUTO: _ZN4SITL5Frame19current_and_voltageERfS1_ @ 0x6d1480
AUTO: _ZN4SITL7Battery11set_currentEf @ 0x6d15c0
AUTO: _ZL3MAXIifEDTqugtfp_fp0_fp_fp0_ERKT_RKT0_.21086 @ 0x6d1850
AUTO: _ZNK4SITL7Battery11get_voltageEv @ 0x6d1ae0
AUTO: _ZNK4SITL5Motor11get_currentEv @ 0x6d1b40
AUTO: _ZN10DigitalLPFIfE5resetERKf @ 0xad7a90
AUTO: _ZN4SITL5Frame16calculate_forcesERKNS_8AircraftERK10sitl_inputR7Vector3IfES9_Pfb @ 0x6d1d20
AUTO: _ZN4SITL8Aircraft16add_twist_forcesER7Vector3IfE @ 0x6d2410
AUTO: _ZN4SITL8Aircraft19add_external_forcesER7Vector3IfE @ 0x6d2650
AUTO: _ZNK4SITL15SlungPayloadSim21get_forces_on_vehicleER7Vector3IfE @ 0x6d2840
AUTO: _ZNK4SITL9TetherSim21get_forces_on_vehicleER7Vector3IfE @ 0x6d28e0
AUTO: _ZNK4SITL8Aircraft8get_gyroEv @ 0xad7b00
AUTO: _ZNK4SITL8Aircraft19get_velocity_air_efEv @ 0xad7b50
AUTO: _ZN4SITL5Motor16calculate_forcesERK10sitl_inputhR7Vector3IfES6_RKS5_S8_ffb @ 0x6d2980
AUTO: _ZL7radiansd.21190 @ 0x6d35c0
AUTO: _ZNK4SITL8Aircraft10gross_massEv @ 0xad7bf0
AUTO: _ZNK4SITL5Motor14pwm_to_commandEf @ 0x6d3610
AUTO: _ZL3MAXIifEDTqugtfp_fp0_fp_fp0_ERKT_RKT0_.21285 @ 0x6d36e0
AUTO: _ZNK4SITL5Motor11calc_thrustEffff @ 0x6d3770
AUTO: _ZL3MAXIfdEDTqugtfp_fp0_fp_fp0_ERKT_RKT0_.21287 @ 0x6d3ae0
AUTO: _ZL2sqf.21288 @ 0x6d3b80
AUTO: _ZN7HALSITL7Storage10read_blockEPvtm @ 0x6d9fa0
AUTO: _ZN7HALSITL7Storage11write_blockEtPKvm @ 0x6da070
AUTO: _ZN7HALSITL7Storage11_timer_tickEv @ 0x6da190
AUTO: _ZNK7BitmaskILt2048EE5emptyEv @ 0xad8c20
AUTO: _ZNK7BitmaskILt2048EE3getEt @ 0xad8cc0
AUTO: _ZN10AP_RAMTRON5writeEjPKhj @ 0x6da500
AUTO: _ZN7BitmaskILt2048EE5clearEt @ 0xad8d90
AUTO: _ZNK8HAL_SITL25get_storage_posix_enabledEv @ 0xad8e50
AUTO: _ZNK7BitmaskILt2048EE8validateEt @ 0xad8f10
AUTO: _ZNK10AP_RAMTRON8get_sizeEv @ 0xad8fa0
AUTO: _ZN7HALSITL7Storage13_storage_openEv @ 0x6dab80
AUTO: _ZN7HALSITL7Storage11_mark_dirtyEtt @ 0x6dae90
AUTO: _ZN7BitmaskILt2048EE3setEt @ 0xad9040
AUTO: _ZN8AP_Param9save_syncEbb @ 0x6e1600
AUTO: _ZNK7NavEKF317option_is_enabledENS_6OptionE @ 0xada7e0
AUTO: _ZNK6AP_DAL6millisEv @ 0xada860
AUTO: _ZNK12NavEKF3_core10errorScoreEv @ 0x6e7890
AUTO: _ZNK12NavEKF3_core16have_aligned_yawEv @ 0xada8b0
AUTO: _ZNK12NavEKF3_core17have_aligned_tiltEv @ 0xada910
AUTO: _ZNK12NavEKF3_core19getLastPosDownResetERf @ 0x6e8070
AUTO: _ZNK12NavEKF3_core24getLastPosNorthEastResetER7Vector2IfE @ 0x6e80e0
AUTO: _ZNK7Vector2IdEmiERKS0_ @ 0xada970
AUTO: _ZNK12NavEKF3_core20getLastYawResetAngleERf @ 0x6e8170
AUTO: _ZNK12NavEKF3_core14getEulerAnglesER7Vector3IfE @ 0x6e81e0
AUTO: _ZNK11QuaternionTIdE8to_eulerER7Vector3IfE @ 0xadaa00
AUTO: _ZNK6AP_DAL8get_trimEv @ 0xadaa80
AUTO: _ZNK11QuaternionTIdE8to_eulerERfS1_S1_ @ 0xadaae0
AUTO: _ZNK11QuaternionTIdE14get_euler_rollEv @ 0xadaba0
AUTO: _ZNK11QuaternionTIdE15get_euler_pitchEv @ 0xadac50
AUTO: _ZNK11QuaternionTIdE13get_euler_yawEv @ 0xadacd0
AUTO: _Z9safe_asinIdEfT_ @ 0xadad80
AUTO: _ZL3MAXIfdEDTqugtfp_fp0_fp_fp0_ERKT_RKT0_.4771 @ 0x6e82a0
AUTO: _ZNK12NavEKF3_core20assume_zero_sideslipEv @ 0x6e8340
AUTO: _ZN6AP_DAL8airspeedEv @ 0xadae60
AUTO: _ZNK6AP_DAL15get_fly_forwardEv @ 0xadaf00
AUTO: _ZN19RestrictIDTypeArrayIP17CompassCalibratorLj3E14typesafe_indexIh12TAG_PriorityEEixERKS4_ @ 0xadb080
AUTO: _ZNK8AP_Mount12get_instanceEh @ 0x6f1070
AUTO: _ZN8AP_Mount19set_mode_to_defaultEh @ 0x6f1230
AUTO: _ZNK6AP_GPS15time_epoch_usecEv @ 0xadb990
AUTO: _ZNK6AP_GPS9time_weekEh @ 0xadbb00
AUTO: _ZNK6AP_GPS12time_week_msEh @ 0xadbb70
AUTO: _ZN3GCS12send_messageE10ap_message @ 0x6f2a30
AUTO: _ZNK6AP_GPS15time_epoch_usecEh @ 0x6f2ae0
AUTO: _ZNK14AP_GPS_Backend16get_last_itow_msEv @ 0x6f2c50
AUTO: _ZN6AP_GPS23istate_time_to_epoch_msEtj @ 0x6f2d10
AUTO: _ZN11SRV_Channel14set_output_pwmEtb @ 0x6f3610
AUTO: _ZN10AC_Sprayer3runEb @ 0x6f3700
AUTO: _ZN7AP_ADSB13check_startupEv @ 0x6f4880
AUTO: _ZNK7Vector2IfE6is_nanEv @ 0xadca40
AUTO: _ZNK10AP_Gripper7enabledEv @ 0xadd630
AUTO: _ZN10AP_Vehicle13update_armingEv @ 0x701820
AUTO: _ZN7FunctorIvJEE14method_wrapperI10AP_VehicleXadL_ZNS2_13update_armingEvEEEEvPv @ 0xade650
AUTO: _ZN9AP_Arming6updateEv @ 0x701870
AUTO: _ZN8AP_Stats6updateEv @ 0x701960
AUTO: _ZN7FunctorIvJEE14method_wrapperI8AP_StatsXadL_ZNS2_6updateEvEEEEvPv @ 0xade700
AUTO: _ZN10AP_Filters6updateEv @ 0x701bd0
AUTO: _ZN7FunctorIvJEE14method_wrapperI10AP_FiltersXadL_ZNS2_6updateEvEEEEvPv @ 0xade7b0
AUTO: _ZN10AP_Vehicle17check_motor_noiseEv @ 0x702d10
AUTO: _ZN7FunctorIvJEE14method_wrapperI10AP_VehicleXadL_ZNS2_17check_motor_noiseEvEEEEvPv @ 0xadf060
AUTO: _ZNK10AP_GyroFFT15check_esc_noiseEv @ 0xadf110
AUTO: _ZNK17NotchFilterParams7enabledEv @ 0xadf340
AUTO: _ZN10AP_Vehicle13one_Hz_updateEv @ 0x7033f0
AUTO: _ZN7FunctorIvJEE14method_wrapperI10AP_VehicleXadL_ZNS2_13one_Hz_updateEvEEEEvPv @ 0xadf390
AUTO: _ZN12AP_Scripting6updateEv @ 0x7034d0
AUTO: _ZN16AP_SerialManager20registered_ports_logEv @ 0x703520
AUTO: _ZN12AP_Scripting13save_checksumEv @ 0x703600
AUTO: _ZN10AP_Gripper6updateEv @ 0x703700
AUTO: _ZN7FunctorIvJEE14method_wrapperI10AP_GripperXadL_ZNS2_6updateEvEEEEvPv @ 0xadf4d0
AUTO: _ZN6AP_EFI6updateEv @ 0x703870
AUTO: _ZN7FunctorIvJEE14method_wrapperI6AP_EFIXadL_ZNS2_6updateEvEEEEvPv @ 0xadf580
AUTO: _ZN6AP_AIS6updateEv @ 0x703cf0
AUTO: _ZN7FunctorIvJEE14method_wrapperI6AP_AISXadL_ZNS2_6updateEvEEEEvPv @ 0xadf630
AUTO: _ZN8AC_Fence6updateEv @ 0x703d40
AUTO: _ZN7FunctorIvJEE14method_wrapperI8AC_FenceXadL_ZNS2_6updateEvEEEEvPv @ 0xadf6e0
AUTO: _ZN19AC_PolyFence_loader6updateEv @ 0x703e70
AUTO: _ZN19AC_PolyFence_loader17load_from_storageEv @ 0x703f60
AUTO: _ZN10AP_Vehicle16accel_cal_updateEv @ 0x7053c0
AUTO: _ZN7FunctorIvJEE14method_wrapperI10AP_VehicleXadL_ZNS2_16accel_cal_updateEvEEEEvPv @ 0xadf8c0
AUTO: _ZN20AP_TemperatureSensor6updateEv @ 0x706b60
AUTO: _ZN7FunctorIvJEE14method_wrapperI20AP_TemperatureSensorXadL_ZNS2_6updateEvEEEEvPv @ 0xadf9c0
AUTO: _ZN10AP_Vehicle16publish_osd_infoEv @ 0x706e20
AUTO: _ZN7FunctorIvJEE14method_wrapperI10AP_VehicleXadL_ZNS2_16publish_osd_infoEvEEEEvPv @ 0xadfb10
AUTO: _ZN6AP_OSD12set_nav_infoERNS_7NavInfoE @ 0x706f40
AUTO: _ZN6AP_RPM6updateEv @ 0x706fb0
AUTO: _ZN7FunctorIvJEE14method_wrapperI6AP_RPMXadL_ZNS2_6updateEvEEEEvPv @ 0xadfbc0
AUTO: _ZNK6AP_RPM7Log_RPMEv @ 0x707190
AUTO: _ZNK6AP_RPM7enabledEh @ 0x7072b0
AUTO: _ZN14AP_OpenDroneID6updateEv @ 0x707360
AUTO: _ZN7FunctorIvJEE14method_wrapperI14AP_OpenDroneIDXadL_ZNS2_6updateEvEEEEvPv @ 0xadfce0
AUTO: _ZNK6AP_GPS8velocityEv @ 0xae1580
AUTO: _ZNK7AP_AHRS18groundspeed_vectorEv @ 0xae1660
AUTO: _ZNK6AP_GPS19horizontal_accuracyERf @ 0xae1740
AUTO: _ZNK6AP_GPS17vertical_accuracyERf @ 0xae17c0
AUTO: _ZNK6AP_GPS14speed_accuracyERf @ 0xae1840
AUTO: _ZNK6AP_GPS14speed_accuracyEhRf @ 0x70c050
AUTO: _ZNK6AP_GPS17vertical_accuracyEhRf @ 0x70c120
AUTO: _ZNK6AP_GPS19horizontal_accuracyEhRf @ 0x70c1f0
AUTO: _ZNK6AP_GPS14get_undulationEhRf @ 0x70c2c0
AUTO: _ZNK6AP_GPS8velocityEh @ 0xae18c0
AUTO: _ZN12AP_Generator6updateEv @ 0x70c390
AUTO: _ZN7FunctorIvJEE14method_wrapperI12AP_GeneratorXadL_ZNS2_6updateEvEEEEvPv @ 0xae1990
AUTO: _ZN14AP_Servo_Telem6updateEv @ 0x70c400
AUTO: _ZN7FunctorIvJEE14method_wrapperI14AP_Servo_TelemXadL_ZNS2_6updateEvEEEEvPv @ 0xae1a40
AUTO: _ZN14AP_Servo_Telem9write_logEv @ 0x70c450
AUTO: _ZN12AP_ESC_Telem6updateEv @ 0x70c900
AUTO: _ZN7FunctorIvJEE14method_wrapperI12AP_ESC_TelemXadL_ZNS2_6updateEvEEEEvPv @ 0xae1af0
AUTO: _ZNK12AP_ESC_Telem11get_raw_rpmEhRf @ 0x70cd40
AUTO: _ZN6AP_HAL15timeout_expiredIjjmEEbT_T0_T1_ @ 0xae1ba0
AUTO: _ZN10AP_Vehicle30send_watchdog_reset_statustextEv @ 0x70ce10
AUTO: _ZN7FunctorIvJEE14method_wrapperI10AP_VehicleXadL_ZNS2_30send_watchdog_reset_statustextEvEEEEvPv @ 0xae1c20
AUTO: _ZN8AP_Tramp6updateEv @ 0x70cf70
AUTO: _ZN7FunctorIvJEE14method_wrapperI8AP_TrampXadL_ZNS2_6updateEvEEEEvPv @ 0xae1cd0
AUTO: _ZN10AP_VideoTX6updateEv @ 0x70df50
AUTO: _ZN7FunctorIvJEE14method_wrapperI10AP_VideoTXXadL_ZNS2_6updateEvEEEEvPv @ 0xae1f00
AUTO: _ZN10AP_GyroFFT17update_parametersEv @ 0xae1fb0
AUTO: _ZN7FunctorIvJEE14method_wrapperI10AP_GyroFFTXadL_ZNS2_17update_parametersEvEEEEvPv @ 0xae2000
AUTO: _ZN10AP_GyroFFT17update_parametersEb @ 0x70e180
AUTO: _ZN10AP_GyroFFT6updateEv @ 0x70e520
AUTO: _ZN7FunctorIvJEE14method_wrapperI10AP_GyroFFTXadL_ZNS2_6updateEvEEEEvPv @ 0xae20b0
AUTO: _ZN14AP_NMEA_Output6updateEv @ 0x70e6b0
AUTO: _ZN7FunctorIvJEE14method_wrapperI14AP_NMEA_OutputXadL_ZNS2_6updateEvEEEEvPv @ 0xae2160
AUTO: _ZN7FunctorIvJEE14method_wrapperI9AP_NotifyXadL_ZNS2_6updateEvEEEEvPv @ 0xae2210
AUTO: _ZN7Compass10cal_updateEv @ 0x70f720
AUTO: _ZN7FunctorIvJEE14method_wrapperI7CompassXadL_ZNS2_10cal_updateEvEEEEvPv @ 0xae22c0
AUTO: _ZN11AP_Airspeed6updateEv @ 0x710090
AUTO: _ZN7FunctorIvJEE14method_wrapperI11AP_AirspeedXadL_ZNS2_6updateEvEEEEvPv @ 0xae23d0
AUTO: _ZNK11AP_Airspeed11get_primaryEv @ 0xae2560
AUTO: _ZN10AP_GyroFFT12sample_gyrosEv @ 0x712340
AUTO: _ZN7FunctorIvJEE14method_wrapperI10AP_GyroFFTXadL_ZNS2_12sample_gyrosEvEEEEvPv @ 0xae25b0
AUTO: _ZN10AP_Vehicle4loopEv @ 0x712c30
AUTO: _ZN12AP_Scheduler4loopEv @ 0x712ed0
AUTO: _ZN12AP_Scheduler17get_loop_period_sEv @ 0xae57d0
AUTO: _ZN17AP_InertialSensor15wait_for_sampleEv @ 0x713470
AUTO: _ZN12AP_Scheduler4tickEv @ 0x7139b0
AUTO: _ZN12AP_Scheduler3runEj @ 0x713a10
AUTO: _ZN2AP8PerfInfo15check_loop_timeEj @ 0x713fc0
AUTO: _ZL15fill_nanf_stackv @ 0x714150
AUTO: _ZN2AP8PerfInfo16update_task_infoEhtb @ 0x7141a0
AUTO: _ZNK7AP_AHRS24_get_primary_accel_indexEv @ 0x71ab00
AUTO: _ZNK7AP_AHRS22_get_primary_IMU_indexEv @ 0x71ab50
AUTO: _ZNK7NavEKF322getPrimaryCoreIMUIndexEv @ 0x71acb0
AUTO: _ZNK17AP_InertialSensor21get_first_usable_gyroEv @ 0xae5c40
AUTO: _ZNK12NavEKF3_core11getIMUIndexEv @ 0xae5c90
AUTO: _ZNK14AP_BattMonitor17has_cell_voltagesEh @ 0x71ade0
AUTO: _ZN2AP3EFIEv @ 0x71b630
AUTO: _ZN6AP_EFI13get_singletonEv @ 0xae6620
AUTO: _ZN7FunctorIvJEE14method_wrapperI10AP_VehicleXadL_ZNS2_18fence_checks_asyncEvEEEEvPv @ 0xae6fc0
AUTO: _ZN13AP_Filesystem5writeEiPKvj @ 0x71c3a0
AUTO: _ZN13AP_Filesystem5fsyncEi @ 0x71c440
AUTO: _ZN13AP_Filesystem5lseekEiii @ 0x71c7a0
AUTO: _ZL3MAXIjjEDTqugtfp_fp0_fp_fp0_ERKT_RKT0_.4719 @ 0x72a9f0
AUTO: _ZN15ekf_ring_buffer4pushEPKv @ 0x72aa70
AUTO: _ZNK15ekf_ring_buffer10get_offsetEh @ 0x72ab70
AUTO: _ZL7radiansf.4725 @ 0x72bf10
AUTO: _ZN11QuaternionTIdEC2Edddd @ 0xaebdf0
AUTO: _ZN11QuaternionTIfEmLERKS0_ @ 0xaebea0
AUTO: _ZNK7AP_AHRS8get_gyroEv @ 0xaef5b0
AUTO: _ZNK7AP_AHRS17airspeed_estimateERf @ 0x759930
AUTO: _ZNK17AP_InertialSensor20get_vibration_levelsEv @ 0xaef610
AUTO: _ZNK17AP_InertialSensor20get_vibration_levelsEh @ 0x759a30
AUTO: _ZNK10DigitalLPFI7Vector3IfEE3getEv @ 0xaef690
AUTO: _ZNK11QuaternionTIdE7is_zeroEv @ 0xaef740
AUTO: _ZN12NavEKF3_core18getEarthFieldTableERK8Location @ 0x75b100
AUTO: _ZN14AP_Declination15get_declinationEff @ 0x75b200
AUTO: _ZNK12NavEKF3_core14MagDeclinationEv @ 0x75b290
AUTO: _ZN12NavEKF3_core8zeroRowsERA24_A24_dhh @ 0x75b370
AUTO: _ZN12NavEKF3_core8zeroColsERA24_A24_dhh @ 0x75b430
AUTO: _ZN12NavEKF3_core15FuseDeclinationEd @ 0x75b4f0
AUTO: _ZN18NavEKF_core_common10zero_rangeEPdhh @ 0xaef8e0
AUTO: _ZN12NavEKF3_core13ForceSymmetryEv @ 0x75c550
AUTO: _ZN12NavEKF3_core18ConstrainVariancesEv @ 0x75c6a0
AUTO: _ZN11QuaternionTIdE9normalizeEv @ 0xaef970
AUTO: _ZNK11QuaternionTIdE6lengthEv @ 0xaefa50
AUTO: _Z20constrain_value_lineIdET_S0_S0_S0_j @ 0xaefb10
AUTO: _ZNK9AP_ParamTIfL11ap_var_type4EEcvdEv @ 0xaefc90
AUTO: _ZL7radiansf.4927 @ 0x75d110
AUTO: _ZL2sqf.4850 @ 0x75dc30
AUTO: _ZNK8Location21get_distance_NE_ftypeERKS_ @ 0x75dd80
AUTO: _ZN16EKF_IMU_buffer_tIN12NavEKF3_core15output_elementsEEixEj @ 0xaefdb0
AUTO: _ZNK14ekf_imu_buffer3getEh @ 0x75e030
AUTO: _ZNK14ekf_imu_buffer10get_offsetEh @ 0x75e090
AUTO: _ZNK14AP_BattMonitor24voltage_resting_estimateEh @ 0x75fb80
AUTO: _ZNK14AP_BattMonitor11consumed_whERfh @ 0x75fc30
AUTO: _ZNK6AP_GPS8get_vdopEh @ 0xaeff10
AUTO: _ZNK6AP_GPS16last_fix_time_msEh @ 0xaeff80
AUTO: _ZNK6AP_GPS20last_message_time_msEh @ 0xaefff0
AUTO: _ZNK6AP_GPS22have_vertical_velocityEh @ 0xaf0060
AUTO: _ZNK6AP_GPS18get_antenna_offsetEh @ 0x761da0
AUTO: _ZNK14AP_GPS_Blended18get_antenna_offsetEv @ 0xaf00e0
AUTO: _ZNK6AP_GPS11gps_yaw_degEhRfS0_Rj @ 0x761e70
AUTO: _ZNK6AP_GPS11is_rtk_baseEh @ 0x762060
AUTO: _ZNK6AP_GPS12have_gps_yawEh @ 0xaf0130
AUTO: _ZNK12AP_Proximity10get_statusEv @ 0x762da0
AUTO: _ZNK12AP_Proximity11num_sensorsEv @ 0xaf01d0
AUTO: _ZNK11RangeFinder13status_orientE8Rotation @ 0x763e80
AUTO: _ZNK10AP_Vehicle18get_time_flying_msEv @ 0xaf06e0
AUTO: _ZN12SRV_Channels23get_output_channel_maskEN11SRV_Channel8FunctionE @ 0x7697e0
AUTO: _ZN12SRV_Channels14set_output_pwmEN11SRV_Channel8FunctionEt @ 0x76a510
AUTO: _ZN11SRV_Channel9output_chEv @ 0x76a600
AUTO: _ZNK10RC_Channel13norm_input_dzEv @ 0x76a960
AUTO: _ZN11SRV_Channel12set_overrideEb @ 0xaf08e0
AUTO: _ZN12SRV_Channels17set_output_scaledEN11SRV_Channel8FunctionEf @ 0x76af20
AUTO: _ZNK10AP_Mission5stateEv @ 0xaf0ca0
AUTO: _ZN10AP_Mission12get_next_cmdEtRNS_15Mission_CommandEbb @ 0x76fd60
AUTO: _ZN10AP_Mission10is_nav_cmdERKNS_15Mission_CommandE @ 0x770050
AUTO: _ZN10AP_Mission23advance_current_nav_cmdEt @ 0x770100
AUTO: _ZN10AP_Mission8completeEv @ 0x7704b0
AUTO: _ZN10AP_Mission13start_commandERKNS_15Mission_CommandE @ 0x770520
AUTO: _ZN9AP_Logger10Write_MISEERK10AP_MissionRKNS0_15Mission_CommandE @ 0xaf0cf0
AUTO: _ZNK10AP_Mission19is_landing_type_cmdEt @ 0x7709d0
AUTO: _ZNK10AP_Mission19is_takeoff_type_cmdEt @ 0x770a80
AUTO: _ZNK10AP_Mission15Mission_Command4typeEv @ 0x770b10
AUTO: _ZNK7FunctorIbJRKN10AP_Mission15Mission_CommandEEEclES3_ @ 0xaf0d70
AUTO: _ZN19AP_ServoRelayEvents13update_eventsEv @ 0x773f30
AUTO: _ZN9AP_Logger17Write_Mission_CmdERK10AP_MissionRKNS0_15Mission_CommandE11LogMessages @ 0x7740c0
AUTO: _ZN17AP_Logger_Backend17Write_Mission_CmdERK10AP_MissionRKNS0_15Mission_CommandE11LogMessages @ 0x774180
AUTO: _ZN10AP_Mission6resumeEv @ 0x774e70
AUTO: _ZN10AP_Mission5startEv @ 0x7750a0
AUTO: _ZN10AP_Mission16get_next_nav_cmdEtRNS_15Mission_CommandE @ 0x775470
AUTO: _ZNK9AP_Motors16get_thrust_boostEv @ 0xaf16b0
AUTO: _ZNK20AP_MotorsMulticopter18get_pwm_output_minEv @ 0xaf1910
AUTO: _ZNK20AP_MotorsMulticopter18get_pwm_output_maxEv @ 0xaf1970
AUTO: _ZNK9AP_Motors13get_interlockEv @ 0xaf1f20
AUTO: _ZNK9AP_Motors8get_rollEv @ 0xaf1fd0
AUTO: _ZNK9AP_Motors11get_roll_ffEv @ 0xaf2020
AUTO: _ZNK9AP_Motors9get_pitchEv @ 0xaf2070
AUTO: _ZNK9AP_Motors12get_pitch_ffEv @ 0xaf20c0
AUTO: _ZNK9AP_Motors7get_yawEv @ 0xaf2110
AUTO: _ZNK9AP_Motors10get_yaw_ffEv @ 0xaf2160
AUTO: _ZNK9AP_Motors12get_throttleEv @ 0xaf21b0
AUTO: _ZNK9AP_Motors15get_spool_stateEv @ 0xaf22c0
AUTO: _ZNK9AP_Follow11have_targetEv @ 0x77a9b0
AUTO: _ZN9AP_Follow13get_singletonEv @ 0xaf2310
AUTO: _ZNK6AC_PID12get_pid_infoEv @ 0xaf2490
AUTO: _ZNK18AC_AttitudeControl23get_att_error_angle_degEv @ 0xaf2520
AUTO: _ZL7degreesf.1032 @ 0x77b810
AUTO: _ZNK13AC_PosControl12is_active_NEEv @ 0x77c180
AUTO: _ZNK13AC_PosControl11is_active_UEv @ 0x77c200
AUTO: _ZNK12AP_Scheduler7ticks32Ev @ 0xaf25c0
AUTO: _ZN12AP_Scripting19is_handling_commandEt @ 0x780c20
AUTO: _ZNK10RC_Channel10norm_inputEv @ 0x7a12b0
AUTO: _ZNK7Vector3IfE6is_infEv @ 0xaf3200
AUTO: _ZN7Vector2IfE9normalizeEv @ 0xaf3530
AUTO: _ZN7Vector2IfEdVEf @ 0xaf3590
AUTO: _ZNK7Vector2IfE6is_infEv @ 0xaf3610
AUTO: _ZN11QuaternionTIfE15from_axis_angleERK7Vector3IfEf @ 0xaf37b0
AUTO: _ZL3MAXIjjEDTqugtfp_fp0_fp_fp0_ERKT_RKT0_.6253 @ 0x7b3860
AUTO: _ZN9AP_Logger19file_content_updateEv @ 0x7b3a60
AUTO: _ZN9AP_Logger19file_content_updateERNS_11FileContentE @ 0x7b3bc0
AUTO: _ZN17AP_Logger_Backend13Write_MessageEPKc @ 0x7b4400
AUTO: _ZN17AP_Logger_Backend14periodic_tasksEv @ 0x7b6420
AUTO: _ZNK17AP_Logger_Backend13StartNewLogOKEv @ 0x7b6810
AUTO: _ZN17AP_Logger_Backend24WriteMoreStartupMessagesEv @ 0x7b68f0
AUTO: _ZNK17AP_Logger_Backend15logging_enabledEv @ 0x7b8910
AUTO: _ZN17AP_Logger_Backend13periodic_10HzEj @ 0x7b8a40
AUTO: _ZN17AP_Logger_Backend12periodic_1HzEv @ 0x7b8a90
AUTO: _ZN17AP_Logger_Backend15push_log_blocksEv @ 0x7b8b20
AUTO: _ZN17AP_Logger_Backend12df_stats_logEv @ 0x7b8b80
AUTO: _ZN17AP_Logger_Backend26Write_AP_Logger_Stats_FileERKNS_8df_statsE @ 0x7b8bf0
AUTO: _ZN17AP_Logger_Backend14df_stats_clearEv @ 0x7b8d00
AUTO: _ZNK17AP_Logger_Backend31critical_message_reserved_spaceEj @ 0xaf56e0
AUTO: _ZN17AP_Logger_Backend15df_stats_gatherEtj @ 0x7bb1d0
AUTO: _ZNK14AP_Logger_File15logging_startedEv @ 0xaf5b70
AUTO: _ZN14AP_Logger_File21bufferspace_availableEv @ 0x7bded0
AUTO: _ZNK14AP_Logger_File14logging_failedEv @ 0x7be4e0
AUTO: _ZN14AP_Logger_File8io_timerEv @ 0x7be5a0
AUTO: _ZN14AP_Logger_File12periodic_1HzEv @ 0x7beb70
AUTO: _ZN14AP_Logger_File17periodic_fullrateEv @ 0x7bee20
AUTO: _ZNK14AP_Logger_File8WritesOKEv @ 0x7bee70
AUTO: _ZNK14AP_Logger_File13StartNewLogOKEv @ 0x7bef00
AUTO: _ZN14AP_Logger_File22_WritePrioritisedBlockEPKvtb @ 0x7bf0b0
AUTO: _ZN7AP_AHRS6updateEb @ 0x7bf320
AUTO: _ZN7AP_AHRS18update_orientationEv @ 0x7bf660
AUTO: _ZN17AP_InertialSensor6updateEv @ 0x7bf760
AUTO: _ZN7AP_AHRS29update_trim_rotation_matricesEv @ 0x7bfdd0
AUTO: _ZN7AP_AHRS10update_DCMEv @ 0x7bfee0
AUTO: _ZN7AP_AHRS12update_flagsEv @ 0x7bff80
AUTO: _ZN7AP_AHRS11update_SITLEv @ 0x7c0040
AUTO: _ZN7AP_AHRS15update_externalEv @ 0x7c00f0
AUTO: _ZN7AP_AHRS11update_EKF2Ev @ 0x7c0210
AUTO: _ZN7AP_AHRS11update_EKF3Ev @ 0x7c0700
AUTO: _ZNK7AP_AHRS14get_gyro_driftEv @ 0xaf5bd0
AUTO: _ZN12AP_AHRS_View6updateEv @ 0x7c0c40
AUTO: _ZN7AP_AHRS14update_AOA_SSAEv @ 0x7c0ef0
AUTO: _ZNK7AP_AHRS16_active_EKF_typeEv @ 0x7c0f40
AUTO: _ZN7AP_AHRS12update_stateEv @ 0x7c1470
AUTO: _ZNK7AP_AHRS23_get_primary_gyro_indexEv @ 0x7c1710
AUTO: _ZNK7AP_AHRS23_get_primary_core_indexEv @ 0x7c17c0
AUTO: _ZNK7AP_AHRS14_wind_estimateER7Vector3IfE @ 0x7c1890
AUTO: _ZN15AP_AHRS_Backend11get_EAS2TASEv @ 0x7c19c0
AUTO: _ZNK7AP_AHRS13_airspeed_EASERfRNS_20AirspeedEstimateTypeE @ 0x7c1a00
AUTO: _ZNK7AP_AHRS13_airspeed_TASERf @ 0x7c1f80
AUTO: _ZNK7AP_AHRS13_airspeed_TASER7Vector3IfE @ 0x7c2090
AUTO: _ZNK7AP_AHRS15_get_quaternionER11QuaternionTIfE @ 0x7c2170
AUTO: _ZNK7AP_AHRS23_get_secondary_attitudeER7Vector3IfE @ 0x7c2330
AUTO: _ZNK7AP_AHRS25_get_secondary_quaternionER11QuaternionTIfE @ 0x7c2530
AUTO: _ZNK7AP_AHRS13_get_locationER8Location @ 0x7c26e0
AUTO: _ZNK7AP_AHRS23_get_secondary_positionER8Location @ 0x7c2860
AUTO: _ZN7AP_AHRS19_groundspeed_vectorEv @ 0x7c29b0
AUTO: _ZN7AP_AHRS12_groundspeedEv @ 0x7c2ae0
AUTO: _ZNK7AP_AHRS29_getCorrectedDeltaVelocityNEDER7Vector3IfERf @ 0x7c2bb0
AUTO: _ZNK7AP_AHRS17_get_velocity_NEDER7Vector3IfE @ 0x7c2e40
AUTO: _ZNK7NavEKF39getVelNEDER7Vector3IfE @ 0x7c3000
AUTO: _ZNK12NavEKF3_core9getVelNEDER7Vector3IfE @ 0x7c3330
AUTO: _ZNK7NavEKF312getAccelBiasEaR7Vector3IfE @ 0x7c3520
AUTO: _ZNK17AP_InertialSensor18get_delta_velocityEhR7Vector3IfERf @ 0x7c35f0
AUTO: _ZNK7AP_AHRS43get_rotation_autopilot_body_to_vehicle_bodyEv @ 0xaf5cc0
AUTO: _ZNK17AP_InertialSensor14get_delta_timeEv @ 0xaf5d10
AUTO: _ZL3MINIffEDTqultfp_fp0_fp_fp0_ERKT_RKT0_.3694 @ 0x7c37a0
AUTO: _ZL3MINIffEDTqultfp_fp0_fp_fp0_ERKT_RKT0_.2119 @ 0x7c3830
AUTO: _ZNK12NavEKF3_core12getAccelBiasER7Vector3IfE @ 0x7c38c0
AUTO: _ZL7radiansf.2107 @ 0x7c3fb0
AUTO: _ZN7Vector2IfEmLEf @ 0xaf5e80
AUTO: _ZNK7AP_AHRS23_get_secondary_EKF_typeERNS_7EKFTypeE @ 0x7c4000
AUTO: _ZNK7NavEKF36getLLHER8Location @ 0x7c41f0
AUTO: _ZNK12NavEKF3_core6getLLHER8Location @ 0x7c4290
AUTO: _ZNK7AP_AHRS24fallback_active_EKF_typeEv @ 0x7c4860
AUTO: _ZNK11AP_AHRS_DCM14get_quaternionER11QuaternionTIfE @ 0x7c48b0
AUTO: _ZNK7NavEKF313getQuaternionER11QuaternionTIfE @ 0x7c49b0
AUTO: _ZN11QuaternionTIfE6rotateERK7Vector3IfE @ 0xaf5ff0
AUTO: _ZN11QuaternionTIfE15from_axis_angleE7Vector3IfE @ 0xaf60a0
AUTO: _ZN15AP_ExternalAHRS14get_quaternionER11QuaternionTIfE @ 0x7c4ab0
AUTO: _ZNK12NavEKF3_core13getQuaternionER11QuaternionTIfE @ 0x7c4b60
AUTO: _ZNK11QuaternionTIdE7tofloatEv @ 0xaf6180
AUTO: _ZNK7NavEKF314getEulerAnglesER7Vector3IfE @ 0x7c4d10
AUTO: _ZNK7NavEKF312getAirSpdVecER7Vector3IfE @ 0x7c4ef0
AUTO: _ZNK12NavEKF3_core12getAirSpdVecER7Vector3IfE @ 0x7c4f90
AUTO: _ZNK11QuaternionTIdE7inverseEv @ 0xaf6200
AUTO: _ZNK7AP_AHRS25get_active_airspeed_indexEv @ 0x7c5390
AUTO: _ZNK7AP_AHRS27_should_use_airspeed_sensorEh @ 0x7c5490
AUTO: _ZNK7AP_AHRS27get_wind_estimation_enabledEv @ 0xaf62b0
AUTO: _ZNK7NavEKF37getWindER7Vector3IfE @ 0x7c57a0
AUTO: _ZNK12NavEKF3_core7getWindER7Vector3IfE @ 0x7c58c0
AUTO: _ZN15AP_AHRS_Backend23airspeed_sensor_enabledEh @ 0xaf6370
AUTO: _ZNK7AP_AHRS23airspeed_sensor_enabledEh @ 0xaf6450
AUTO: _ZNK7NavEKF317getActiveAirspeedEv @ 0x7c5a90
AUTO: _ZNK12NavEKF3_core17getActiveAirspeedEv @ 0x7c5b20
AUTO: _ZNK7AP_Baro12_get_EAS2TASEv @ 0x7c5b70
AUTO: _ZNK7AP_Baro20get_EAS2TAS_extendedEf @ 0x7c5be0
AUTO: _ZNK7NavEKF319getPrimaryCoreIndexEv @ 0x7c5eb0
AUTO: _ZNK7NavEKF315getFilterFaultsERt @ 0x7c5fc0
AUTO: _ZNK16AP_NavEKF_Source14getPosXYSourceEh @ 0xaf6610
AUTO: _ZL7degreesf.18358 @ 0x7c61b0
AUTO: _ZNK7AP_AHRS9calc_trigERK7Matrix3IfERfS4_S4_S4_S4_S4_ @ 0x7c6200
AUTO: _ZNK9AP_Logger15allow_start_ekfEv @ 0x7c65f0
AUTO: _ZN7NavEKF312UpdateFilterEv @ 0x7c6cc0
AUTO: _ZNK7NavEKF320getRotationBodyToNEDER7Matrix3IfE @ 0x7c7290
AUTO: _ZN7AP_AHRS16update_cd_valuesEv @ 0x7c7320
AUTO: _ZN7AP_AHRS11update_trigEv @ 0x7c7460
AUTO: _ZNK17AP_InertialSensor22get_first_usable_accelEv @ 0xaf6690
AUTO: _ZNK7NavEKF311getGyroBiasEaR7Vector3IfE @ 0x7c7540
AUTO: _ZN7AP_AHRS32update_notify_from_filter_statusERK17nav_filter_status @ 0x7c7610
AUTO: _ZNK12NavEKF3_core11getGyroBiasER7Vector3IfE @ 0x7c76c0
AUTO: _ZL7degreesf.2051 @ 0x7c77a0
AUTO: _ZN6AP_DAL11start_frameENS_9FrameTypeE @ 0x7c77f0
AUTO: _ZNK6AP_DAL8micros64Ev @ 0xaf66e0
AUTO: _ZNK12NavEKF3_core21getFramesSincePredictEv @ 0x7c7cd0
AUTO: _ZN6AP_DAL22ekf_low_time_remainingENS_7EKFTypeEh @ 0x7c7d30
AUTO: _ZN12NavEKF3_core12UpdateFilterEb @ 0x7c7e70
AUTO: _ZNK6AP_DAL9get_armedEv @ 0xaf6730
AUTO: _ZN7NavEKF321updateCoreErrorScoresEv @ 0x7c80a0
AUTO: _ZN7NavEKF324updateCoreRelativeErrorsEv @ 0x7c8160
AUTO: _ZNK7NavEKF315coreBetterScoreEhh @ 0x7c8300
AUTO: _ZN16AP_NavEKF_Source22align_inactive_sourcesEv @ 0x7c8500
AUTO: _ZNK16AP_NavEKF_Source13getPosZSourceEh @ 0x7c87b0
AUTO: _ZNK7AP_EnumIN16AP_NavEKF_Source7SourceZEEcvKS1_Ev @ 0xaf6810
AUTO: _ZL3MAXI9AP_ParamTIfL11ap_var_type4EEfEDTqugtfp_fp0_fp_fp0_ERKT_RKT0_.4508 @ 0x7c8990
AUTO: _ZN18NavEKF_core_common22fill_scratch_variablesEv @ 0x7c8a20
AUTO: _ZN12NavEKF3_core23update_sensor_selectionEv @ 0x7c8ac0
AUTO: _ZN12NavEKF3_core18controlFilterModesEv @ 0x7c8b30
AUTO: _ZN12NavEKF3_core11readIMUDataEb @ 0x7c8c00
AUTO: _ZN12NavEKF3_core27UpdateStrapdownEquationsNEDEv @ 0x7c94d0
AUTO: _ZN12NavEKF3_core20CovariancePredictionEP7Vector3IdE @ 0x7c99b0
AUTO: _ZN12NavEKF3_core25runYawEstimatorPredictionEv @ 0x7d41a0
AUTO: _ZN12NavEKF3_core15SelectMagFusionEv @ 0x7d4300
AUTO: _ZN12NavEKF3_core18SelectVelPosFusionEv @ 0x7d5030
AUTO: _ZN12NavEKF3_core25runYawEstimatorCorrectionEv @ 0x7d59f0
AUTO: _ZN12NavEKF3_core18SelectRngBcnFusionEv @ 0x7d5be0
AUTO: _ZN12NavEKF3_core16SelectFlowFusionEv @ 0x7d5d10
AUTO: _ZN12NavEKF3_core20SelectBodyOdomFusionEv @ 0x7d5ff0
AUTO: _ZN12NavEKF3_core15SelectTasFusionEv @ 0x7d62a0
AUTO: _ZN12NavEKF3_core20SelectBetaDragFusionEv @ 0x7d63a0
AUTO: _ZN12NavEKF3_core18updateFilterStatusEv @ 0x7d6660
AUTO: _ZN12NavEKF3_core13moveEKFOriginEv @ 0x7d6fa0
AUTO: _ZN12NavEKF3_core21checkUpdateEarthFieldEv @ 0x7d7150
AUTO: _ZN12NavEKF3_core16calcOutputStatesEv @ 0x7d7210
AUTO: _ZN12NavEKF3_core11readMagDataEv @ 0x7d8560
AUTO: _ZN12NavEKF3_core11readGpsDataEv @ 0x7d8a70
AUTO: _ZN12NavEKF3_core14readGpsYawDataEv @ 0x7d9400
AUTO: _ZN12NavEKF3_core12readBaroDataEv @ 0x7d9530
AUTO: _ZN6AP_DAL3insEv @ 0xaf68c0
AUTO: _ZNK21AP_DAL_InertialSensor9get_accelEh @ 0xaf6910
AUTO: _ZL2sqf.4910 @ 0x7db560
AUTO: _ZNK16AP_NavEKF_Source13useVelZSourceENS_7SourceZEh @ 0x7db6d0
AUTO: _ZNK12NavEKF3_core26CorrectGPSForAntennaOffsetERNS_12gps_elementsE @ 0x7db800
AUTO: _ZNK10AP_DAL_GPS18get_antenna_offsetEh @ 0xaf6be0
AUTO: _ZNK7Vector3IdErmERKS0_ @ 0xaf6c50
AUTO: _ZNK7Matrix3IdE13mul_transposeERK7Vector3IdE @ 0xaf6d30
AUTO: _ZN7Vector3IdEdVEd @ 0xaf6e40
AUTO: _ZNK21AP_DAL_InertialSensor16get_loop_delta_tEv @ 0xaf6ed0
AUTO: _ZNK14AP_DAL_Compass16get_first_usableEv @ 0xaf72f0
AUTO: _ZNK11AP_DAL_Baro15get_last_updateEh @ 0xaf7560
AUTO: _ZNK11AP_DAL_Baro12get_altitudeEh @ 0xaf75d0
AUTO: _ZN16EKF_obs_buffer_tIN12NavEKF3_core13baro_elementsEE4pushERKS1_ @ 0xaf7640
AUTO: _ZNK10AP_DAL_GPS11gps_yaw_degEhRfS0_Rj @ 0xaf76b0
AUTO: _ZL3MAXIfdEDTqugtfp_fp0_fp_fp0_ERKT_RKT0_ @ 0x7dc200
AUTO: _ZNK10AP_DAL_GPS20last_message_time_msEh @ 0xaf77d0
AUTO: _ZNK10AP_DAL_GPS7get_lagEhRf @ 0xaf7840
AUTO: _ZL3MINIjjEDTqultfp_fp0_fp_fp0_ERKT_RKT0_.4728 @ 0x7dc400
AUTO: _ZNK10AP_DAL_GPS8velocityEh @ 0xaf78f0
AUTO: _ZNK10AP_DAL_GPS22have_vertical_velocityEh @ 0xaf7960
AUTO: _ZNK10AP_DAL_GPS14speed_accuracyEhRf @ 0xaf79e0
AUTO: _ZL3MAXIdfEDTqugtfp_fp0_fp_fp0_ERKT_RKT0_.4723 @ 0x7dc480
AUTO: _ZL3MINIdfEDTqultfp_fp0_fp_fp0_ERKT_RKT0_ @ 0x7dc520
AUTO: _ZL3MAXId9AP_ParamTIfL11ap_var_type4EEEDTqugtfp_fp0_fp_fp0_ERKT_RKT0_ @ 0x7dc5c0
AUTO: _ZNK10AP_DAL_GPS19horizontal_accuracyEhRf @ 0xaf7a90
AUTO: _ZNK10AP_DAL_GPS17vertical_accuracyEhRf @ 0xaf7b40
AUTO: _ZNK10AP_DAL_GPS8num_satsEh @ 0xaf7bf0
AUTO: _ZN12NavEKF3_core18calcGpsGoodToAlignEv @ 0x7dc670
AUTO: _ZN12NavEKF3_core20calcGpsGoodForFlightEv @ 0x7dd5d0
AUTO: _ZN16EKF_obs_buffer_tIN12NavEKF3_core12gps_elementsEE4pushERKS1_ @ 0xaf7c60
AUTO: _ZL3MAXIddEDTqugtfp_fp0_fp_fp0_ERKT_RKT0_.4888 @ 0x7dda90
AUTO: _ZL3MINIdfEDTqultfp_fp0_fp_fp0_ERKT_RKT0_.4875 @ 0x7ddb10
AUTO: _ZNK10AP_DAL_GPS8get_hdopEh @ 0xaf7cd0
AUTO: _ZNK14AP_DAL_Compass9get_countEv @ 0xaf7d40
AUTO: _ZNK14AP_DAL_Compass21learn_offsets_enabledEv @ 0xaf7d90
AUTO: _ZNK14AP_DAL_Compass16last_update_usecEh @ 0xaf7df0
AUTO: _ZNK7Vector3IdEneERKS0_ @ 0xaf7e60
AUTO: _ZN12NavEKF3_core12mag_elementsC2Ev @ 0xaf7f30
AUTO: _ZNK14AP_DAL_Compass9get_fieldEh @ 0xaf7f90
AUTO: _ZNK14AP_DAL_Compass10consistentEv @ 0xaf8000
AUTO: _ZN16EKF_obs_buffer_tIN12NavEKF3_core12mag_elementsEE4pushERKS1_ @ 0xaf8060
AUTO: _Z8is_equalIddENSt3__19enable_ifIXsr3std17is_floating_pointINS0_11common_typeIJT_T0_EE4typeEEE5valueEbE4typeES3_S4_ @ 0xaf80d0
AUTO: _ZN12NavEKF3_core17correctDeltaAngleER7Vector3IdEdh @ 0x7dddf0
AUTO: _ZN12NavEKF3_core20correctDeltaVelocityER7Vector3IdEdh @ 0x7ddeb0
AUTO: _ZN11QuaternionTIdEC2Ev @ 0xaf8150
AUTO: _ZN11QuaternionTIdE15from_axis_angleE7Vector3IdE @ 0xaf81c0
AUTO: _ZN11QuaternionTIdEmLERKS0_ @ 0xaf8280
AUTO: _ZNK11QuaternionTIdE15rotation_matrixER7Matrix3IdE @ 0xaf8420
AUTO: _ZNK21AP_DAL_InertialSensor8get_gyroEh @ 0xaf8610
AUTO: _ZNK7Vector3IdEngEv @ 0xaf8680
AUTO: _ZNK6AP_DAL20get_takeoff_expectedEv @ 0xaf8720
AUTO: _ZN16EKF_IMU_buffer_tIN12NavEKF3_core12imu_elementsEE18get_youngest_indexEv @ 0xaf8790
AUTO: _ZN16EKF_IMU_buffer_tIN12NavEKF3_core12imu_elementsEE16get_oldest_indexEv @ 0xaf87f0
AUTO: _ZNK11QuaternionTIdEdvERKS0_ @ 0xaf8850
AUTO: _ZN11QuaternionTIdEixEh @ 0xaf8a70
AUTO: _ZL3MAXIddEDTqugtfp_fp0_fp_fp0_ERKT_RKT0_.4938 @ 0x7ddfd0
AUTO: _ZN12NavEKF3_core15output_elementsC2Ev @ 0xaf8ae0
AUTO: _ZNK14ekf_imu_buffer16get_oldest_indexEv @ 0xaf8b60
AUTO: _ZNK14ekf_imu_buffer18get_youngest_indexEv @ 0xaf8bb0
AUTO: _ZN7AP_AHRS20set_takeoff_expectedEb @ 0x7de050
AUTO: _ZN11QuaternionTIdE15from_axis_angleERK7Vector3IdEd @ 0xaf8c00
AUTO: _ZNK6AP_DAL22get_touchdown_expectedEv @ 0xaf8d20
AUTO: _ZNK6AP_DAL11get_EAS2TASEv @ 0xaf8e00
AUTO: _ZN7Vector3IdEixEh @ 0xaf8ec0
AUTO: _ZNK7Vector3IdEixEh @ 0xaf8f30
AUTO: _ZN7Vector2IdEixEh @ 0xaf8fa0
AUTO: _ZN15ekf_ring_buffer6recallEPvj @ 0x7e4b30
AUTO: _ZNK15ekf_ring_buffer7time_msEh @ 0x7e4c90
AUTO: _ZN12NavEKF3_core14readAirSpdDataEv @ 0x7e4d00
AUTO: _ZNK12NavEKF3_core11useAirspeedEv @ 0x7e69d0
AUTO: _ZNK6AP_DAL23airspeed_sensor_enabledEv @ 0xaf92c0
AUTO: _ZN16EKF_obs_buffer_tIN12NavEKF3_core16vel_odm_elementsEE6recallERS1_j @ 0xaf9330
AUTO: _ZN16EKF_obs_buffer_tIN12NavEKF3_core18wheel_odm_elementsEE6recallERS1_j @ 0xaf93b0
AUTO: _ZN12NavEKF3_core11of_elementsC2Ev @ 0xaf9430
AUTO: _ZN16EKF_obs_buffer_tIN12NavEKF3_core11of_elementsEE6recallERS1_j @ 0xaf94c0
AUTO: _ZNK7Vector2IdEixEh @ 0xaf9540
AUTO: _ZN12NavEKF3_core14readRngBcnDataEv @ 0x7f3900
AUTO: _ZN10EKFGSF_yaw11fuseVelDataERK7Vector2IdEd @ 0x7f75b0
AUTO: _ZNK12NavEKF3_core13EKFGSF_getYawERdS0_ @ 0x7f79b0
AUTO: _ZN7Matrix3IdEixEh @ 0xafa590
AUTO: _ZNK10EKFGSF_yaw10getYawDataERdS0_Ph @ 0x7f8320
AUTO: _ZL7radiansf.4691 @ 0x7f8400
AUTO: _ZL2sqf.4689 @ 0x7f8450
AUTO: _ZNK10EKFGSF_yaw17getVelInnovLengthERd @ 0x7f84a0
AUTO: _ZN10EKFGSF_yaw7correctEhRK7Vector2IdEd @ 0x7f89c0
AUTO: _ZNK10EKFGSF_yaw15gaussianDensityEh @ 0x7f9d80
AUTO: _ZL3MAXIdfEDTqugtfp_fp0_fp_fp0_ERKT_RKT0_.4194 @ 0x7fa100
AUTO: _ZN10EKFGSF_yaw13forceSymmetryEh @ 0x7fa1a0
AUTO: _ZN16EKF_obs_buffer_tIN12NavEKF3_core16ext_nav_elementsEE6recallERS1_j @ 0xafa700
AUTO: _ZN16EKF_obs_buffer_tIN12NavEKF3_core20ext_nav_vel_elementsEE6recallERS1_j @ 0xafa780
AUTO: _ZNK12NavEKF3_core35CalculateVelInnovationsAndVariancesERK7Vector3IdEddRS1_S4_ @ 0x7fa6d0
AUTO: _ZN16EKF_obs_buffer_tIN12NavEKF3_core12gps_elementsEE6recallERS1_j @ 0xafa800
AUTO: _ZN12NavEKF3_core21selectHeightForFusionEv @ 0x7fad10
AUTO: _ZN12NavEKF3_core13FuseVelPosNEDEv @ 0x7fc210
AUTO: _ZL3MAXIdfEDTqugtfp_fp0_fp_fp0_ERKT_RKT0_.4863 @ 0x7fe560
AUTO: _ZL3MAXI9AP_ParamTIfL11ap_var_type4EEfEDTqugtfp_fp0_fp_fp0_ERKT_RKT0_.4864 @ 0x7fe600
AUTO: _ZN12NavEKF3_core15readRangeFinderEv @ 0x7fe690
AUTO: _ZN16EKF_obs_buffer_tIN12NavEKF3_core14range_elementsEE6recallERS1_j @ 0xafa880
AUTO: _ZN16EKF_obs_buffer_tIN12NavEKF3_core13baro_elementsEE6recallERS1_j @ 0xafa950
AUTO: _ZL3MAXIddEDTqugtfp_fp0_fp_fp0_ERKT_RKT0_.4712 @ 0x7ff260
AUTO: _ZL3MAXI9AP_ParamTIfL11ap_var_type4EEfEDTqugtfp_fp0_fp_fp0_ERKT_RKT0_.4701 @ 0x7ff430
AUTO: _ZN16EKF_obs_buffer_tIN12NavEKF3_core12yaw_elementsEE6recallERS1_j @ 0xafabe0
AUTO: _ZN16EKF_obs_buffer_tIN12NavEKF3_core12mag_elementsEE6recallERS1_j @ 0xafac60
AUTO: _ZN12NavEKF3_core18controlMagYawResetEv @ 0x801460
AUTO: _ZN12NavEKF3_core16FuseMagnetometerEv @ 0x801a70
AUTO: _ZN7Matrix3IdEC2Eddddddddd @ 0xaface0
AUTO: _ZNK7Matrix3IdEixEh @ 0xafae30
AUTO: _ZL3MAXIdfEDTqugtfp_fp0_fp_fp0_ERKT_RKT0_.4699 @ 0x8082b0
AUTO: _ZN12NavEKF3_core17MagTableConstrainEv @ 0x808350
AUTO: _ZNK11QuaternionTIdE13to_axis_angleER7Vector3IdE @ 0xafaea0
AUTO: _ZN10EKFGSF_yaw6updateERK7Vector3IdES3_ddbd @ 0x808ad0
AUTO: _ZN10EKFGSF_yaw7predictEh @ 0x809560
AUTO: _ZN10EKFGSF_yaw11predictAHRSEh @ 0x80a0b0
AUTO: _ZL7radiansf.4192 @ 0x80a630
AUTO: _ZL2sqf.4193 @ 0x80a680
AUTO: _ZNK10EKFGSF_yaw12updateRotMatERK7Matrix3IdERK7Vector3IdE @ 0x80a6d0
AUTO: _ZN12NavEKF3_core21calcTiltErrorVarianceEv @ 0x80afb0
AUTO: _ZN12NavEKF3_core23verifyTiltErrorVarianceEv @ 0x80b690
AUTO: _ZL3MINIffEDTqultfp_fp0_fp_fp0_ERKT_RKT0_.4930 @ 0x80ba90
AUTO: _ZN11QuaternionTIdE6rotateERK7Vector3IdE @ 0xafb460
AUTO: _ZN12NavEKF3_core15ConstrainStatesEv @ 0x80bb20
AUTO: _ZNK21AP_DAL_InertialSensor9use_accelEh @ 0xafb520
AUTO: _ZNK21AP_DAL_InertialSensor8use_gyroEh @ 0xafb5f0
AUTO: _ZN12NavEKF3_core19learnInactiveBiasesEv @ 0x80bf60
AUTO: _ZN12NavEKF3_core19updateMovementCheckEv @ 0x80c4d0
AUTO: _ZN12NavEKF3_core17readDeltaVelocityEhR7Vector3IdERd @ 0x80cd70
AUTO: _ZNK21AP_DAL_InertialSensor18get_imu_pos_offsetEh @ 0xafb6c0
AUTO: _ZN12NavEKF3_core14readDeltaAngleEhR7Vector3IdERd @ 0x80cec0
AUTO: _ZN16EKF_IMU_buffer_tIN12NavEKF3_core12imu_elementsEE21push_youngest_elementES1_ @ 0xafb730
AUTO: _ZN12NavEKF3_core14SampleDragDataERKNS_12imu_elementsE @ 0x80cfe0
AUTO: _ZN16EKF_IMU_buffer_tIN12NavEKF3_core12imu_elementsEE18get_oldest_elementEv @ 0xafb790
AUTO: _ZN12NavEKF3_core22updateTimingStatisticsEv @ 0x80d290
AUTO: _ZL3MINIfdEDTqultfp_fp0_fp_fp0_ERKT_RKT0_.4724 @ 0x80d540
AUTO: _ZN12NavEKF3_core12imu_elementsC2Ev @ 0xafb810
AUTO: _ZN14ekf_imu_buffer18get_oldest_elementEPv @ 0x80d5e0
AUTO: _ZN14ekf_imu_buffer21push_youngest_elementEPKv @ 0x80d6a0
AUTO: _ZNK21AP_DAL_InertialSensor14get_gyro_countEv @ 0xafb8f0
AUTO: _ZNK21AP_DAL_InertialSensor15get_delta_angleEhR7Vector3IfERf @ 0xafb940
AUTO: _ZNK21AP_DAL_InertialSensor15get_accel_countEv @ 0xafba40
AUTO: _ZNK21AP_DAL_InertialSensor18get_delta_velocityEhR7Vector3IfERf @ 0xafba90
AUTO: _ZL7radiansi.4726 @ 0x80d790
AUTO: _ZN12NavEKF3_core12detectFlightEv @ 0x80d7f0
AUTO: _ZN12NavEKF3_core27setWindMagStateLearningModeEv @ 0x80dcb0
AUTO: _ZN12NavEKF3_core28checkAttitudeAlignmentStatusEv @ 0x80e550
AUTO: _ZN12NavEKF3_core13setAidingModeEv @ 0x80e660
AUTO: _ZN12NavEKF3_core12setYawSourceEv @ 0x80f5d0
AUTO: _ZN12NavEKF3_core18checkGyroCalStatusEv @ 0x80f6a0
AUTO: _ZL3MINIttEDTqultfp_fp0_fp_fp0_ERKT_RKT0_ @ 0x80fd80
AUTO: _ZL7radiansd.4644 @ 0x80fe00
AUTO: _ZN12NavEKF3_core19updateStateIndexLimEv @ 0x80fef0
AUTO: _ZNK6AP_DAL18get_time_flying_msEv @ 0xafbb80
AUTO: _ZN12NavEKF3_core20update_gps_selectionEv @ 0x8100e0
AUTO: _ZN12NavEKF3_core20update_mag_selectionEv @ 0x8101e0
AUTO: _ZN12NavEKF3_core21update_baro_selectionEv @ 0x810320
AUTO: _ZN12NavEKF3_core25update_airspeed_selectionEv @ 0x810400
AUTO: _ZNK11AP_DAL_Baro11get_primaryEv @ 0xafbc20
AUTO: _Z9fill_nanfPdt @ 0x810510
AUTO: _ZNK17AP_InertialSensor20get_last_update_usecEv @ 0xafbce0
AUTO: _ZNK17AP_InertialSensor16get_loop_delta_tEv @ 0xafbd30
AUTO: _ZNK7AP_AHRS17get_vehicle_classEv @ 0xafbd80
AUTO: _ZNK7AP_AHRS20get_takeoff_expectedEv @ 0xafbdd0
AUTO: _ZNK7AP_AHRS22get_touchdown_expectedEv @ 0xafbe30
AUTO: _ZNK7AP_AHRS8get_trimEv @ 0xafbe90
AUTO: _ZN2AP12wheelencoderEv @ 0x810930
AUTO: _ZNK7AP_AHRS43get_rotation_vehicle_body_to_autopilot_bodyEv @ 0xafbf40
AUTO: _ZN21AP_DAL_InertialSensor11start_frameEv @ 0x810970
AUTO: _ZN11AP_DAL_Baro11start_frameEv @ 0x810bf0
AUTO: _ZN10AP_DAL_GPS11start_frameEv @ 0x810d60
AUTO: _ZN14AP_DAL_Compass11start_frameEv @ 0x811160
AUTO: _ZNK9AP_Beacon7enabledEv @ 0x811c10
AUTO: _ZNK9AP_Beacon12device_readyEv @ 0x811f50
AUTO: _ZNK7AP_EnumIN9AP_Beacon4TypeEEcvKS1_Ev @ 0xafbff0
AUTO: _ZNK7Compass24auto_declination_enabledEv @ 0xafc140
AUTO: _ZNK7Compass15get_declinationEv @ 0x8120c0
AUTO: _ZNK7Compass15get_num_enabledEv @ 0x812120
AUTO: _ZNK7Compass16get_first_usableEv @ 0xafc1b0
AUTO: _ZNK7Compass21learn_offsets_enabledEv @ 0xafc200
AUTO: _ZNK7Compass17have_scale_factorEh @ 0x8121e0
AUTO: _ZNK7Compass16last_update_usecEh @ 0xafc270
AUTO: _ZNK14typesafe_indexIh14TAG_StateIndexEgeERKh @ 0xafc2f0
AUTO: _ZNK7AP_Baro11get_primaryEv @ 0xafc360
AUTO: _ZNK7AP_Baro15get_last_updateEh @ 0xafc3b0
AUTO: _ZNK17AP_InertialSensor16get_loop_rate_hzEv @ 0xafc420
AUTO: _ZNK17AP_InertialSensor15get_delta_angleEhR7Vector3IfERf @ 0x812320
AUTO: _ZN21AP_DAL_InertialSensor15update_filteredEh @ 0x8124f0
AUTO: _ZNK17AP_InertialSensor18get_imu_pos_offsetEh @ 0xafc470
AUTO: _ZNK17AP_InertialSensor10_accel_posEh @ 0xafc4d0
AUTO: _ZN17AP_InertialSensor10_accel_posEh @ 0xafc530
AUTO: _ZN15AP_WheelEncoder13get_singletonEv @ 0xafc5a0
AUTO: _ZN7NavEKF216InitialiseFilterEv @ 0x814f80
AUTO: _ZNK6AP_DAL12get_ekf_typeEv @ 0xafed90
AUTO: _ZN16AP_AHRS_External6updateEv @ 0x848320
AUTO: _ZN16AP_AHRS_External11get_resultsERN15AP_AHRS_Backend9EstimatesE @ 0x848370
AUTO: _ZN7AP_AHRS37copy_estimates_from_backend_estimatesERKN15AP_AHRS_Backend9EstimatesE @ 0x8485c0
AUTO: _ZN15AP_ExternalAHRS6updateEv @ 0x8488a0
AUTO: _ZL7degreesf.10880 @ 0x848bd0
AUTO: _ZN11AP_AHRS_SIM6updateEv @ 0xaff950
AUTO: _ZN11AP_AHRS_SIM11get_resultsERN15AP_AHRS_Backend9EstimatesE @ 0x848c20
AUTO: _ZN11AP_AHRS_DCM6updateEv @ 0x849800
AUTO: _ZN11AP_AHRS_DCM11get_resultsERN15AP_AHRS_Backend9EstimatesE @ 0x849b20
AUTO: _ZN11AP_AHRS_DCM13matrix_updateEv @ 0x849c40
AUTO: _ZN11AP_AHRS_DCM9normalizeEv @ 0x849e90
AUTO: _ZN11AP_AHRS_DCM16drift_correctionEf @ 0x84a0b0
AUTO: _ZN11AP_AHRS_DCM12check_matrixEv @ 0x84b410
AUTO: _ZN11AP_AHRS_DCM15backup_attitudeEv @ 0x84b510
AUTO: _ZNK11AP_AHRS_DCM12get_error_rpEv @ 0xaffa10
AUTO: _ZNK11AP_AHRS_DCM13get_error_yawEv @ 0xaffa60
AUTO: _ZN7Matrix3IfE6is_nanEv @ 0xaffab0
AUTO: _ZN11AP_AHRS_DCM20drift_correction_yawEv @ 0x84ba00
AUTO: _ZNK6AP_GPS16last_fix_time_msEv @ 0xaffbc0
AUTO: _ZL3MAXIfiEDTqugtfp_fp0_fp_fp0_ERKT_RKT0_.2117 @ 0x84bf20
AUTO: _ZNK11AP_AHRS_DCM26should_correct_centrifugalEv @ 0x84bfc0
AUTO: _ZN11AP_AHRS_DCM10ra_delayedEhRK7Vector3IfE @ 0x84c020
AUTO: _ZNK17AP_InertialSensor7healthyEv @ 0xaffc20
AUTO: _ZN11AP_AHRS_DCM7_P_gainEf @ 0x84c120
AUTO: _ZNK11AP_AHRS_DCM14use_fast_gainsEv @ 0x84c200
AUTO: _ZL7radiansi.2118 @ 0x84c290
AUTO: _ZNK17AP_InertialSensor19get_gyro_drift_rateEv @ 0xaffca0
AUTO: _ZNK17AP_InertialSensor15get_gyro_healthEv @ 0xaffcf0
AUTO: _ZNK17AP_InertialSensor16get_accel_healthEv @ 0xaffd50
AUTO: _ZNK7Compass16last_update_usecEv @ 0xaffdb0
AUTO: _ZN7Compass4readEv @ 0x84c2f0
AUTO: _ZN11AP_AHRS_DCM17yaw_error_compassER7Compass @ 0x84c6c0
AUTO: _ZNK11AP_AHRS_DCM9_yaw_gainEv @ 0x84c840
AUTO: _ZNK7Matrix3IfE5mulXYERK7Vector3IfE @ 0xaffe10
AUTO: _ZNK7Vector2IfErmERKS0_ @ 0xaffee0
AUTO: _ZN7Compass15_detect_runtimeEv @ 0x84c9f0
AUTO: _ZN9AP_Logger13Write_CompassEv @ 0x84cd20
AUTO: _ZN19RestrictIDTypeArrayI9AP_ParamTIaL11ap_var_type1EELj3E14typesafe_indexIh12TAG_PriorityEEixERKS5_ @ 0xafff60
AUTO: _ZN9AP_Logger22Write_Compass_instanceEmh @ 0x84cdc0
AUTO: _ZNK7Compass17get_motor_offsetsEh @ 0xafffe0
AUTO: _ZN18AP_Compass_Backend25drain_accumulated_samplesEhPK7Vector3IfE @ 0x84ecf0
AUTO: _ZN18AP_Compass_Backend22publish_filtered_fieldERK7Vector3IfEh @ 0x84ee70
AUTO: _ZN11AP_AHRS_DCM6renormERK7Vector3IfERS1_ @ 0x84ef30
AUTO: _ZNK17AP_InertialSensor15get_delta_angleER7Vector3IfERf @ 0xb00800
AUTO: _ZNK7Vector3IfEeqERKS0_ @ 0xb00890
AUTO: _ZNK14AP_Logger_File17recent_open_errorEv @ 0x84f2e0
AUTO: _ZNK14AP_Logger_File15io_thread_aliveEv @ 0x84f370
AUTO: _ZN14AP_Logger_File16disk_space_availEv @ 0x84f700
AUTO: _ZL3MINIjjEDTqultfp_fp0_fp_fp0_ERKT_RKT0_.6378 @ 0x84f7e0
AUTO: _ZN13AP_Filesystem17bytes_until_fsyncEi @ 0x84f860
AUTO: _ZN13AP_Filesystem9disk_freeEPKc @ 0x84f8e0
AUTO: _ZN2AP4rssiEv @ 0x856b20
AUTO: _ZNK7AP_RSSI7enabledEv @ 0xb01140
AUTO: _ZN7AP_RSSI13get_singletonEv @ 0x857350
AUTO: _ZN13AP_CANManager20check_logging_enableEv @ 0x858310
AUTO: _ZN7FunctorIvJEE14method_wrapperI13AP_CANManagerXadL_ZNS2_20check_logging_enableEvEEEEvPv @ 0xb01770
AUTO: _ZNK13AP_CANManager15CANIface_Params13option_is_setENS0_7OptionsE @ 0xb01820
AUTO: _ZN9AP_Logger13Write_MessageEPKc @ 0x862f00
AUTO: _ZNK13AP_OADatabase7healthyEv @ 0xb0fa70
AUTO: _ZN13AP_OADatabase13get_singletonEv @ 0xb0fcf0
AUTO: _ZNK22AP_BattMonitor_Backend13option_is_setEN21AP_BattMonitor_Params7OptionsE @ 0xb13810
AUTO: _ZN22AP_BattMonitor_Backend15update_consumedERN14AP_BattMonitor17BattMonitor_StateEj @ 0x87a820
AUTO: _ZN22AP_BattMonitor_Backend13calculate_mahEff @ 0xb138a0
AUTO: _ZN18AP_Compass_Backend17accumulate_sampleER7Vector3IfEhj @ 0x87cb30
AUTO: _ZN18AP_Compass_Backend12rotate_fieldER7Vector3IfEh @ 0x87ccb0
AUTO: _ZN18AP_Compass_Backend17publish_raw_fieldERK7Vector3IfEh @ 0x87cda0
AUTO: _ZN18AP_Compass_Backend13correct_fieldER7Vector3IfEh @ 0x87ceb0
AUTO: _ZN18AP_Compass_Backend8field_okERK7Vector3IfE @ 0x87d2b0
AUTO: _ZNK7Compass16get_filter_rangeEv @ 0xb15bc0
AUTO: _ZNK16Compass_PerMotor7enabledEv @ 0xb15c20
AUTO: _ZN7Compass13_get_priorityE14typesafe_indexIh14TAG_StateIndexE @ 0xb15c90
AUTO: _ZN14AP_GPS_Backend15set_alt_amsl_cmERN6AP_GPS9GPS_StateEi @ 0x881980
AUTO: _ZN16JitterCorrection31correct_offboard_timestamp_usecEmm @ 0x881b90
AUTO: _ZNK14AP_GPS_Backend10option_setEN6AP_GPS13DriverOptionsE @ 0xb18e20
AUTO: _ZNK6AP_GPS10option_setENS_13DriverOptionsE @ 0xb18e90
AUTO: _ZN6AP_RTC12set_utc_usecEmNS_11source_typeE @ 0x882600
AUTO: _ZNK11GCS_MAVLINK14option_enabledENS_6OptionE @ 0xb1b320
AUTO: _ZNK16AP_SerialManager9UARTState12get_protocolEv @ 0xb1b3a0
AUTO: _ZN2AP8PerfInfo13set_loop_rateEt @ 0x894ca0
AUTO: _ZN2AP8PerfInfo5resetEv @ 0x894d60
AUTO: _ZN3GCS10send_textvE12MAV_SEVERITYPKcP13__va_list_tagh @ 0x895390
AUTO: _ZNK3GCS26min_status_for_gps_healthyEv @ 0xb1bcf0
AUTO: _ZL3MINImmEDTqultfp_fp0_fp_fp0_ERKT_RKT0_.6841 @ 0x8958a0
AUTO: _ZN11ObjectArrayIN3GCS12statustext_tEE10push_forceERKS1_ @ 0xb1bd40
AUTO: _ZN2AP11frsky_telemEv @ 0x895920
AUTO: _ZN2AP14spektrum_telemEv @ 0x895960
AUTO: _ZN9AP_Notify9send_textEPKc @ 0x8959a0
AUTO: _ZN17AP_Spektrum_Telem13get_singletonEv @ 0xb1be80
AUTO: _ZN14AP_Frsky_Telem13get_singletonEv @ 0xb1bec0
AUTO: _ZNK11ObjectArrayIN3GCS12statustext_tEE5spaceEv @ 0xb1bf00
AUTO: _ZN11ObjectArrayIN3GCS12statustext_tEE4pushERKS1_ @ 0xb1bf60
AUTO: _ZN6Copter8set_modeEh10ModeReason @ 0x895a40
AUTO: _ZNK6Copter29current_mode_requires_missionEv @ 0x895ac0
AUTO: _ZNK6Copter17get_wp_distance_mERf @ 0x897390
AUTO: _ZNK6Copter18get_wp_bearing_degERf @ 0x897410
AUTO: _ZNK6Copter25get_wp_crosstrack_error_mERf @ 0x897490
AUTO: _ZN6Copter18fence_checks_asyncEv @ 0x897ea0
AUTO: _ZN6AP_HAL15timeout_expiredIjjjEEbT_T0_T1_ @ 0xb1c230
AUTO: _ZN8AC_Fence5checkEb @ 0x898050
AUTO: _ZN6Copter3gcsEv @ 0xb1c2b0
AUTO: _ZN8AC_Fence19clear_margin_breachEh @ 0x898460
AUTO: _ZN8AP_Param15save_io_handlerEv @ 0x899a80
AUTO: _ZN7FunctorIvJEE14method_wrapperI8AP_ParamXadL_ZNS2_15save_io_handlerEvEEEEvPv @ 0xb1c490
AUTO: _ZN15ObjectBuffer_TSIN8AP_Param10param_saveEE3popERS1_ @ 0xb1c540
AUTO: _ZN6Copter18notify_flight_modeEv @ 0x899d20
AUTO: _ZL21failsafe_check_staticv @ 0x89ccf0
AUTO: _ZN6Copter8set_modeEN4Mode6NumberE10ModeReason @ 0x8a10b0
AUTO: _ZNK15AC_CommandModel11get_rate_tcEv @ 0xb1c920
AUTO: _ZN18AC_AttitudeControl15set_yaw_rate_tcEf @ 0xb1c970
AUTO: _ZN6Copter16gcs_mode_enabledEN4Mode6NumberE @ 0x8a17a0
AUTO: _ZN6Copter18mode_from_mode_numEN4Mode6NumberE @ 0x8a19a0
AUTO: _ZN6Copter24get_non_takeoff_throttleEv @ 0x8a1ea0
AUTO: _ZN6Copter9exit_modeERP4ModeS2_ @ 0x8a2010
AUTO: _ZN7AP_ADSB16set_is_auto_modeEb @ 0xb1c9e0
AUTO: _ZNK8AC_Fence10get_actionEv @ 0xb1ca40
AUTO: _ZN8AC_Fence21manual_recovery_startEv @ 0x8a2100
AUTO: _ZN9AP_Camera16set_is_auto_modeEb @ 0xb1caa0
AUTO: _ZN18AC_AttitudeControl22set_roll_pitch_rate_tcEf @ 0xb1cb00
AUTO: _ZN4Mode12takeoff_stopEv @ 0xb1cb70
AUTO: _ZN4Mode8_TakeOff4stopEv @ 0x8a2260
AUTO: _ZNK18AC_AttitudeControl15get_throttle_inEv @ 0xb1cbb0
AUTO: _ZN6AC_PID14set_integratorEf @ 0x8a22f0
AUTO: _ZL3MAXIifEDTqugtfp_fp0_fp_fp0_ERKT_RKT0_ @ 0x8a23c0
AUTO: _ZN4Mode3gcsEv @ 0x8a2750
AUTO: _ZN8LocationC2ERK7Vector3IfENS_8AltFrameE @ 0x8a31e0
AUTO: _ZNK13AC_PosControl22get_stopping_point_U_mERd @ 0x8a32e0
AUTO: _ZNK7AC_P_1D2kPEv @ 0xb1cc60
AUTO: _Z17stopping_distancefff @ 0x8a3460
AUTO: _Z19inv_sqrt_controllerfff @ 0x8a34e0
AUTO: _ZL2sqf.3798 @ 0x8a3720
AUTO: _ZNK13AC_PosControl23get_stopping_point_NE_mER7Vector2IdE @ 0x8a3770
AUTO: _ZN7Vector2IfEmIERKS0_ @ 0xb1ccb0
AUTO: _ZNK7AC_P_2D2kPEv @ 0xb1cd40
AUTO: _ZNK7Vector2IfE8todoubleEv @ 0xb1cd90
AUTO: _ZNK10AP_Vehicle21block_GCS_mode_changeEhPKhh @ 0x8a3930
AUTO: _ZN6AC_PID21set_notch_sample_rateEf @ 0x8a47e0
AUTO: _ZN6AC_PID12reset_filterEv @ 0xb1d140
AUTO: _ZNK12AP_AHRS_View20get_quat_body_to_nedER11QuaternionTIfE @ 0xb1d1a0
AUTO: _ZNK18AC_AttitudeControl30thrust_heading_rotation_anglesER11QuaternionTIfERKS1_R7Vector3IfERfS8_ @ 0x8a4c30
AUTO: _ZNK12AP_AHRS_View15get_gyro_latestEv @ 0x8a4fc0
AUTO: _ZN6AC_PID10update_allEfffbf @ 0x8a5070
AUTO: _ZNK6AC_PID16get_filt_T_alphaEf @ 0x8a5680
AUTO: _ZNK6AC_PID16get_filt_E_alphaEf @ 0x8a5700
AUTO: _ZNK6AC_PID16get_filt_D_alphaEf @ 0x8a5780
AUTO: _ZN6AC_PID8update_iEfb @ 0x8a5800
AUTO: _ZN11SlewLimiter8modifierEff @ 0x8a5a00
AUTO: _ZNK11SlewLimiter13get_slew_rateEv @ 0xb1d460
AUTO: _ZNK7AP_AHRS15get_gyro_latestEv @ 0x8a6000
AUTO: _ZNK7AP_AHRS22get_primary_gyro_indexEv @ 0xb1d4b0
AUTO: _ZNK18AC_AttitudeControl29thrust_vector_rotation_anglesERK11QuaternionTIfES3_RS1_R7Vector3IfERfS8_ @ 0x8a60b0
AUTO: _ZNK18AC_AttitudeControl23get_accel_yaw_max_radssEv @ 0xb1d500
AUTO: _ZL7radiansf.12163 @ 0x8a64a0
AUTO: _ZNK6AC_PID2kPEv @ 0xb1d560
AUTO: _ZNK4AC_P2kPEv @ 0xb1d5b0
AUTO: _ZL3MINIffEDTqultfp_fp0_fp_fp0_ERKT_RKT0_.12170 @ 0x8a64f0
AUTO: _ZL9cd_to_radf.12171 @ 0x8a6580
AUTO: _ZNK25HarmonicNotchFilterParams9hasOptionENS_7OptionsE @ 0xb1d8b0
AUTO: _ZN17AP_InertialSensor12_gyro_offsetEh @ 0xb1ecf0
AUTO: _ZN17AP_InertialSensor12caltemp_gyroEh @ 0xb1ed60
AUTO: _ZN22AP_InertialSensor_SITL6updateEv @ 0x8a9240
AUTO: _ZN25AP_InertialSensor_Backend10accumulateEv @ 0xb1ee80
AUTO: _ZN25AP_InertialSensor_Backend11set_primaryEb @ 0xb1f050
AUTO: _ZNK25AP_InertialSensor_Backend21_gyro_raw_sample_rateEh @ 0xb1f0a0
AUTO: _ZN22AP_InertialSensor_SITL12timer_updateEv @ 0x8a99c0
AUTO: _ZN7FunctorIvJEE14method_wrapperI22AP_InertialSensor_SITLXadL_ZNS2_12timer_updateEvEEEEvPv @ 0xb1f170
AUTO: _ZN22AP_InertialSensor_SITL14generate_accelEv @ 0x8a9e90
AUTO: _ZN22AP_InertialSensor_SITL13generate_gyroEv @ 0x8aae70
AUTO: _ZNK25AP_InertialSensor_Backend20enable_fast_samplingEh @ 0xb1f220
AUTO: _ZNK22AP_InertialSensor_SITL10gyro_driftEv @ 0x8ab8d0
AUTO: _ZL7radiansd.19050 @ 0x8abad0
AUTO: _ZL7radiansf.19051 @ 0x8abb20
AUTO: _ZN22AP_InertialSensor_SITL15get_temperatureEv @ 0x8abc00
AUTO: _ZNK22AP_InertialSensor_TCal15sitl_apply_gyroEfR7Vector3IfE @ 0x8abda0
AUTO: _ZN25AP_InertialSensor_Backend35_notify_new_gyro_sensor_rate_sampleEhRK7Vector3IfE @ 0x8abe80
AUTO: _ZN25AP_InertialSensor_Backend24_rotate_and_correct_gyroEhR7Vector3IfE @ 0x8ac080
AUTO: _ZN25AP_InertialSensor_Backend27_notify_new_gyro_raw_sampleEhRK7Vector3IfEm @ 0x8ac210
AUTO: _ZNK25AP_InertialSensor_Backend15has_been_killedEh @ 0xb1f2b0
AUTO: _ZNK25AP_InertialSensor_Backend19_update_sensor_rateERtRjRf @ 0x8ac8b0
AUTO: _ZN25AP_InertialSensor_Backend18apply_gyro_filtersEhRK7Vector3IfE @ 0x8aca80
AUTO: _ZN25AP_InertialSensor_Backend12log_gyro_rawEhmRK7Vector3IfES3_ @ 0x8aceb0
AUTO: _ZN25AP_InertialSensor_Backend14update_primaryEv @ 0x8ad140
AUTO: _ZNK17AP_InertialSensor22raw_logging_option_setENS_18RAW_LOGGING_OPTIONE @ 0xb1f330
AUTO: _ZNK25AP_InertialSensor_Backend18should_log_imu_rawEv @ 0x8ad220
AUTO: _ZNK17AP_InertialSensor12BatchSampler25doing_sensor_rate_loggingEv @ 0xb1f3b0
AUTO: _ZNK17AP_InertialSensor12BatchSampler25doing_post_filter_loggingEv @ 0xb1f410
AUTO: _ZN17AP_InertialSensor12BatchSampler6sampleEhNS_15IMU_SENSOR_TYPEEmRK7Vector3IfE @ 0x8ad430
AUTO: _ZN17AP_InertialSensor12BatchSampler10should_logEhNS_15IMU_SENSOR_TYPEE @ 0x8ad580
AUTO: _ZN25AP_InertialSensor_Backend16save_gyro_windowEhRK7Vector3IfEh @ 0x8ad6c0
AUTO: _ZN15LowPassFilter2pI7Vector3IfEE5applyERKS1_ @ 0xb1f6f0
AUTO: _ZNK17AP_InertialSensor25is_rate_loop_gyro_enabledEh @ 0x8ad980
AUTO: _ZN19DigitalBiquadFilterI7Vector3IfEE5applyERKS1_RKNS2_13biquad_paramsE @ 0xb1f950
AUTO: _ZNK25AP_InertialSensor_Backend18sensors_convergingEv @ 0x8adbb0
AUTO: _ZNK22AP_InertialSensor_TCal12correct_gyroEffR7Vector3IfE @ 0x8adce0
AUTO: _ZNK22AP_InertialSensor_TCal14correct_sensorEffPK9AP_ParamVI7Vector3IfEL11ap_var_type5EERS2_ @ 0x8add80
AUTO: _ZNK22AP_InertialSensor_TCal15polynomial_evalEfPK9AP_ParamVI7Vector3IfEL11ap_var_type5EE @ 0x8adf90
AUTO: _ZNK22AP_InertialSensor_TCal16sitl_apply_accelEfR7Vector3IfE @ 0x8b0f40
AUTO: _ZN25AP_InertialSensor_Backend36_notify_new_accel_sensor_rate_sampleEhRK7Vector3IfE @ 0x8b1020
AUTO: _ZN25AP_InertialSensor_Backend25_rotate_and_correct_accelEhR7Vector3IfE @ 0x8b1220
AUTO: _ZN25AP_InertialSensor_Backend28_notify_new_accel_raw_sampleEhRK7Vector3IfEmb @ 0x8b1440
AUTO: _ZN25AP_InertialSensor_Backend20_publish_temperatureEhf @ 0x8b19f0
AUTO: _ZN17AP_InertialSensor27calc_vibration_and_clippingEhRK7Vector3IfEf @ 0x8b1a90
AUTO: _ZN17AP_InertialSensor19set_accel_peak_holdEhRK7Vector3IfE @ 0x8b1d10
AUTO: _ZN25AP_InertialSensor_Backend13log_accel_rawEhmRK7Vector3IfE @ 0x8b1df0
AUTO: _ZNK25AP_InertialSensor_Backend14get_clip_limitEv @ 0xb20970
AUTO: _ZN13LowPassFilterI7Vector3IfEE5applyERKS1_RKf @ 0xb209c0
AUTO: _ZN10DigitalLPFI7Vector3IfEE6_applyERKS1_RKf @ 0xb20a80
AUTO: _ZNK22AP_InertialSensor_TCal13correct_accelEffR7Vector3IfE @ 0x8b21d0
AUTO: _ZN25AP_InertialSensor_Backend12update_accelEh @ 0x8b2650
AUTO: _ZN25AP_InertialSensor_Backend11update_gyroEh @ 0x8b2770
AUTO: _ZN25AP_InertialSensor_Backend13_publish_gyroEhRK7Vector3IfE @ 0x8b28d0
AUTO: _ZN25AP_InertialSensor_Backend19update_gyro_filtersEh @ 0x8b2a40
AUTO: _ZNK25AP_InertialSensor_Backend19_gyro_filter_cutoffEv @ 0xb20d50
AUTO: _ZN25AP_InertialSensor_Backend14_publish_accelEhRK7Vector3IfE @ 0x8b2e80
AUTO: _ZN25AP_InertialSensor_Backend20update_accel_filtersEh @ 0x8b30b0
AUTO: _ZNK25AP_InertialSensor_Backend20_accel_filter_cutoffEv @ 0xb21030
AUTO: _ZN11AP_SmartRTL22run_background_cleanupEv @ 0x8b4fc0
AUTO: _ZN7FunctorIvJEE14method_wrapperI11AP_SmartRTLXadL_ZNS2_22run_background_cleanupEvEEEEvPv @ 0xb215e0
AUTO: _ZN11AP_SmartRTL15routine_cleanupEtt @ 0x8b5290
AUTO: _ZN11AP_SmartRTL22detect_simplificationsEv @ 0x8b5460
AUTO: _ZN11AP_SmartRTL33remove_points_by_simplify_bitmaskEv @ 0x8b57d0
AUTO: _ZN11AP_SmartRTL29restart_pruning_if_new_pointsEv @ 0x8b59b0
AUTO: _ZN11AP_SmartRTL12detect_loopsEv @ 0x8b5a20
AUTO: _ZNK7BitmaskILt500EE3getEt @ 0xb21690
AUTO: _ZNK7BitmaskILt500EE8validateEt @ 0xb21760
AUTO: _ZNK7Vector3IfE19distance_to_segmentERKS0_S2_ @ 0xb217f0
AUTO: _ZN7BitmaskILt500EE5clearEt @ 0xb219e0
AUTO: _ZN7AP_Baro6updateEv @ 0x8d4630
AUTO: _ZNK7AP_Baro7healthyEv @ 0xb2a740
AUTO: _ZN15AP_Baro_Backend14backend_updateEh @ 0x8d4d50
AUTO: _ZN7AP_Baro24wind_pressure_correctionEh @ 0x8d4dd0
AUTO: _ZNK7AP_Baro15get_last_updateEv @ 0xb2a7a0
AUTO: _ZN16DerivativeFilterIfLh7EE6updateEfj @ 0xb2a800
AUTO: _ZN7AP_Baro22update_field_elevationEv @ 0x8d5110
AUTO: _ZNK7AP_Baro10should_logEv @ 0x8d5390
AUTO: _ZN7AP_Baro10Write_BaroEv @ 0x8d5440
AUTO: _ZN7AP_Baro19Write_Baro_instanceEmh @ 0x8d54d0
AUTO: _ZNK7AP_Baro21get_baro_drift_offsetEv @ 0xb2a8e0
AUTO: _ZNK7AP_Baro22get_ground_temperatureEv @ 0x8d56f0
AUTO: _ZNK7AP_Baro22get_corrected_pressureEh @ 0xb2a930
AUTO: _ZN16FilterWithBufferIfLh7EE5applyEf @ 0xb2aa10
AUTO: _ZNK7AP_AHRS20airspeed_vector_trueER7Vector3IfE @ 0x8d5790
AUTO: _ZNK7AP_AHRS21get_air_density_ratioEv @ 0x8d5810
AUTO: _ZL2sqf.2028 @ 0x8d58d0
AUTO: _ZNK7AP_AHRS12get_accel_efEv @ 0xb2e2b0
AUTO: _ZNK12NavEKF3_core9getMagXYZER7Vector3IfE @ 0x9019a0
AUTO: _ZNK12NavEKF3_core9getMagNEDER7Vector3IfE @ 0x901c20
AUTO: _ZNK7Vector2IfEdvEf @ 0xb31c20
AUTO: _ZNK7AP_EnumIN13AP_OADatabase11OutputLevelEEcvKS1_Ev @ 0xb33970
AUTO: _ZN15AP_Compass_SITL6_timerEv @ 0x9132b0
AUTO: _ZN7FunctorIvJEE14method_wrapperI15AP_Compass_SITLXadL_ZNS2_6_timerEvEEEEvPv @ 0xb34230
AUTO: _Z10rand_vec3fv @ 0x9137e0
AUTO: _ZN7VectorNIN15AP_Compass_SITL16readings_compassELh50EEixEh @ 0xb342e0
AUTO: _ZN15AP_Compass_SITL26_setup_eliptical_correcionEh @ 0x913860
AUTO: _ZNK18AP_Compass_Backend21get_board_orientationEv @ 0x913a90
AUTO: _ZN15AP_Compass_SITL4readEv @ 0x913ae0
AUTO: _ZNK14AP_GPS_Backend32supports_mavlink_gps_rtk_messageEv @ 0xb34960
AUTO: _ZNK14AP_GPS_Blended7get_lagERf @ 0x914850
AUTO: _ZN6Copter14failsafe_checkEv @ 0x914f20
AUTO: _ZNK12AP_Parachute7enabledEv @ 0xb35060
AUTO: _ZN6Copter10read_radioEv @ 0x9158f0
AUTO: _ZN11RC_Channels10read_inputEv @ 0x9161f0
AUTO: _ZN6Copter25set_throttle_and_failsafeEt @ 0x916320
AUTO: _ZN6Copter22set_throttle_zero_flagEs @ 0x9164c0
AUTO: _ZN6Copter27radio_passthrough_to_motorsEv @ 0x9165e0
AUTO: _ZNK11RC_Channels17get_fs_timeout_msEv @ 0xb35220
AUTO: _ZL3MAXIfiEDTqugtfp_fp0_fp_fp0_ERKT_RKT0_.1753 @ 0x917340
AUTO: _ZNK10RC_Channel22get_control_in_zero_dzEv @ 0x9173e0
AUTO: _ZN9AP_Motors21set_radio_passthroughEffff @ 0x917460
AUTO: _ZNK10RC_Channel15pwm_to_range_dzEt @ 0x917520
AUTO: _ZNK10RC_Channel15pwm_to_angle_dzEt @ 0x9176c0
AUTO: _ZNK10RC_Channel20pwm_to_angle_dz_trimEtt @ 0x917750
AUTO: _ZN10RC_Channel6updateEv @ 0x9179a0
AUTO: _ZN11RC_Channels23rudder_arm_disarm_checkEv @ 0x917b10
AUTO: _ZNK10RC_Channel12pwm_to_rangeEv @ 0x917d10
AUTO: _ZNK10RC_Channel12pwm_to_angleEv @ 0x917d80
AUTO: _ZN12SRV_Channels17enable_aux_servosEv @ 0x917df0
AUTO: _ZN10RC_Channel16read_mode_switchEv @ 0x918490
AUTO: _ZN10RC_Channel16read_6pos_switchERa @ 0x918510
AUTO: _ZN10RC_Channel18debounce_completedEa @ 0x918670
AUTO: _ZL7radiansf.12421 @ 0x918da0
AUTO: _ZNK11AC_WPNav_OA21get_oa_wp_destinationER8Location @ 0x919290
AUTO: _ZN11AC_WPNav_OA25set_wp_destination_NEU_cmERK7Vector3IfEb @ 0x919340
AUTO: _ZN11AC_WPNav_OA24set_wp_destination_NEU_mERK7Vector3IfEb @ 0x919400
AUTO: _ZNK11AC_WPNav_OA33get_wp_distance_to_destination_cmEv @ 0x9194a0
AUTO: _ZNK11AC_WPNav_OA32get_wp_distance_to_destination_mEv @ 0x919500
AUTO: _ZNK11AC_WPNav_OA33get_wp_bearing_to_destination_radEv @ 0x919620
AUTO: _ZNK11AC_WPNav_OA22reached_wp_destinationEv @ 0x9196e0
AUTO: _ZN11AC_WPNav_OA12update_wpnavEv @ 0x919760
AUTO: _ZN16AP_OAPathPlanner13get_singletonEv @ 0xb359c0
AUTO: _ZN16AP_OAPathPlanner17mission_avoidanceERK8LocationS2_S2_S2_RS0_S3_S3_RbRNS_17OAPathPlannerUsedE @ 0x91a2e0
AUTO: _ZNK8AC_WPNav27get_wp_stopping_point_NEU_mER7Vector3IfE @ 0x91a8f0
AUTO: _ZN8AC_WPNav22set_wp_destination_locERK8Location @ 0x91aac0
AUTO: _ZNK8Location30get_vector_xy_from_origin_NE_mI7Vector2IfEEEbRT_ @ 0xb35a60
AUTO: _ZN13AC_PosControl20update_NE_controllerEv @ 0x91b3c0
AUTO: _ZN8AC_WPNav12update_wpnavEv @ 0x91ba30
AUTO: _ZNK8AC_WPNav23get_default_speed_NE_msEv @ 0xb35af0
AUTO: _ZNK13AC_PosControl8get_dt_sEv @ 0xb35c20
AUTO: _ZN8AC_WPNav29advance_wp_target_along_trackEf @ 0x91bea0
AUTO: _ZNK8AC_WPNav20get_terrain_margin_mEv @ 0xb35c70
AUTO: _ZNK13AC_PosControl22pos_terrain_U_scaler_mEff @ 0x91c940
AUTO: _ZN13AC_PosControl26set_pos_terrain_target_U_mEf @ 0xb35ce0
AUTO: _ZNK13AC_PosControl20get_pos_offset_NEU_mEv @ 0xb35d50
AUTO: _ZNK13AC_PosControl22get_pos_estimate_NEU_mEv @ 0xb35da0
AUTO: _ZNK13AC_PosControl22get_vel_desired_NEU_msEv @ 0xb35df0
AUTO: _ZNK13AC_PosControl19get_vel_offset_U_msEv @ 0xb35e40
AUTO: _ZNK13AC_PosControl19get_pos_error_NEU_mEv @ 0xb35e90
AUTO: _ZNK13AC_PosControl23get_vel_estimate_NEU_msEv @ 0xb35f50
AUTO: _Z16update_vel_accelRfffff @ 0x91ca70
AUTO: _ZNK8AC_WPNav23get_wp_acceleration_mssEv @ 0xb35fa0
AUTO: _ZNK13AC_PosControl24get_shaping_jerk_NE_msssEv @ 0xb36050
AUTO: _Z15shape_vel_accelfffRfffffb @ 0x91cbd0
AUTO: _ZNK8AC_WPNav27get_corner_acceleration_mssEv @ 0xb360b0
AUTO: _ZN6SCurve26advance_target_along_trackERS_S0_ffbfR7Vector3IfES3_S3_ @ 0x91cdd0
AUTO: _ZL2sqf.12457 @ 0x91d420
AUTO: _ZN13AC_PosControl23set_pos_vel_accel_NEU_mERK7Vector3IdERKS0_IfES6_ @ 0x91d470
AUTO: _Z15kinematic_limit7Vector3IfEfff @ 0x91e300
AUTO: _ZN6SCurve21move_to_pos_vel_accelEfR7Vector3IfES2_S2_ @ 0x91e680
AUTO: _ZN6SCurve23move_from_pos_vel_accelEfR7Vector3IfES2_S2_ @ 0x91e870
AUTO: _ZNK6SCurve8finishedEv @ 0x91ea50
AUTO: _ZNK6SCurve18get_time_remainingEv @ 0x91eb00
AUTO: _ZNK6SCurve16get_time_elapsedEv @ 0xb361c0
AUTO: _ZL3MINIffEDTqultfp_fp0_fp_fp0_ERKT_RKT0_.19221 @ 0x91ee40
AUTO: _ZNK6SCurve30get_jerk_accel_vel_pos_at_timeEfRfS0_S0_S0_ @ 0x91eed0
AUTO: _ZNK6SCurve32calc_javp_for_segment_const_jerkEfffffRfS0_S0_S0_ @ 0x91f410
AUTO: _ZNK6SCurve31calc_javp_for_segment_incr_jerkEffffffRfS0_S0_S0_ @ 0x91f5b0
AUTO: _ZNK6SCurve31calc_javp_for_segment_decr_jerkEffffffRfS0_S0_S0_ @ 0x91f950
AUTO: _ZL3MAXIffEDTqugtfp_fp0_fp_fp0_ERKT_RKT0_.19218 @ 0x91fe10
AUTO: _ZNK6SCurve8time_endEv @ 0x91fe90
AUTO: _ZN6SCurve12advance_timeEf @ 0x91ff10
AUTO: _ZL2sqf.19219 @ 0x91ffa0
AUTO: _Z15sqrt_controllerffff @ 0x91fff0
AUTO: _Z11shape_accelfRfff @ 0x9202d0
AUTO: _ZNK7AC_P_2D9get_errorEv @ 0xb36300
AUTO: _ZNK7AC_P_1D9get_errorEv @ 0xb36350
AUTO: _ZL3MAXI9AP_ParamTIfL11ap_var_type4EEfEDTqugtfp_fp0_fp_fp0_ERKT_RKT0_ @ 0x9203e0
AUTO: _ZNK13AC_PosControl19get_max_speed_up_msEv @ 0xb363a0
AUTO: _ZNK13AC_PosControl19get_max_accel_U_mssEv @ 0xb363f0
AUTO: _ZN13AC_PosControl23set_max_speed_accel_U_mEfff @ 0x920470
AUTO: _ZNK13AC_PosControl19get_max_speed_NE_msEv @ 0xb36440
AUTO: _ZNK13AC_PosControl21get_max_speed_down_msEv @ 0xb36490
AUTO: _ZNK8AC_WPNav15get_accel_U_mssEv @ 0xb364e0
AUTO: _ZN6SCurve11add_segmentERhfNS_11SegmentTypeEffff @ 0x921ea0
AUTO: _ZN6SCurve12add_segmentsEf @ 0x922030
AUTO: _ZN6SCurve14calculate_pathEffffffRfS0_S0_S0_S0_ @ 0x922bc0
AUTO: _ZN6SCurve17add_segments_jerkERhfff @ 0x924190
AUTO: _ZN6SCurve22add_segment_const_jerkERhff @ 0x924260
AUTO: _ZNK6SCurve5validEv @ 0x924580
AUTO: _ZN6SCurve4initEv @ 0x924ab0
AUTO: _ZN6SCurve21add_segment_incr_jerkERhff @ 0x924b80
AUTO: _ZN6SCurve21add_segment_decr_jerkERhff @ 0x924f20
AUTO: _ZN6AC_PID9filt_T_hzEv @ 0xb36540
AUTO: _ZL3MINIffEDTqultfp_fp0_fp_fp0_ERKT_RKT0_.12234 @ 0x9253a0
AUTO: _ZN6AC_PID9filt_E_hzEv @ 0xb36590
AUTO: _ZN13AC_PosControl24set_max_speed_accel_NE_mEff @ 0x925430
AUTO: _ZN13AC_PosControl31set_correction_speed_accel_NE_mEff @ 0x925630
AUTO: _ZN7AC_P_2D10set_limitsEfff @ 0x9256b0
AUTO: _ZNK18AC_AttitudeControl25get_ang_vel_roll_max_radsEv @ 0xb365e0
AUTO: _ZNK18AC_AttitudeControl26get_ang_vel_pitch_max_radsEv @ 0xb36640
AUTO: _ZNK18AC_AttitudeControl24get_accel_roll_max_radssEv @ 0xb366a0
AUTO: _ZNK18AC_AttitudeControl25get_accel_pitch_max_radssEv @ 0xb36700
AUTO: _ZN18AC_AttitudeControl18get_bf_feedforwardEv @ 0xb36760
AUTO: _ZL9cd_to_radf.1210 @ 0x9258e0
AUTO: _ZN13AC_PosControl19handle_ekf_NE_resetEv @ 0x925930
AUTO: _ZN13AC_PosControl18init_NE_controllerEv @ 0x925b40
AUTO: _ZNK7AP_AHRS16getControlLimitsERfS0_ @ 0x925f10
AUTO: _ZN13AC_PosControl17update_offsets_NEEv @ 0x926040
AUTO: _ZN7AC_P_2D10update_allER7Vector2IdERKS1_ @ 0x926340
AUTO: _ZN9AC_PID_2D10update_allERK7Vector2IfES3_fS3_ @ 0x9264a0
AUTO: _ZNK13AC_PosControl22get_lean_angle_max_radEv @ 0x9269e0
AUTO: _Z22angle_rad_to_accel_mssf @ 0x926ab0
AUTO: _Z14limit_accel_xyRK7Vector2IfERS0_f @ 0x926b10
AUTO: _ZNK13AC_PosControl31accel_NE_mss_to_lean_angles_radEffRfS0_ @ 0x926d10
AUTO: _ZN13AC_PosControl26calculate_yaw_and_rate_yawEv @ 0x926ea0
AUTO: _ZNK18AC_AttitudeControl24get_att_target_euler_radEv @ 0xb367d0
AUTO: _ZNK12AP_AHRS_View7cos_yawEv @ 0xb36820
AUTO: _ZNK12AP_AHRS_View7sin_yawEv @ 0xb36870
AUTO: _Z22accel_mss_to_angle_radf @ 0x9270c0
AUTO: _ZN7Vector2IfE12limit_lengthEf @ 0xb368c0
AUTO: _ZNK7Vector2IfE10normalizedEv @ 0xb36990
AUTO: _ZNK18AC_AttitudeControl18lean_angle_max_radEv @ 0xb369f0
AUTO: _ZNK9AC_PID_2D16get_filt_E_alphaEf @ 0x927170
AUTO: _ZNK9AC_PID_2D16get_filt_D_alphaEf @ 0x9271f0
AUTO: _ZN9AC_PID_2D8update_iEfRK7Vector2IfE @ 0x927270
AUTO: _Z15sqrt_controllerRK7Vector2IfEfff @ 0x9273e0
AUTO: _Z23update_pos_vel_accel_xyR7Vector2IdERS_IfERKS2_fS5_S5_S5_ @ 0x9274c0
AUTO: _ZNK9AC_PID_2D9get_errorEv @ 0xb36a50
AUTO: _Z22shape_pos_vel_accel_xyRK7Vector2IdERKS_IfES5_S2_S5_RS3_ffffb @ 0x927670
AUTO: _Z18shape_vel_accel_xyRK7Vector2IfES2_S2_RS0_fffb @ 0x927900
AUTO: _Z14shape_accel_xyRK7Vector2IfERS0_ff @ 0x927c60
AUTO: _Z19update_vel_accel_xyR7Vector2IfERKS0_fS3_S3_ @ 0x927d70
AUTO: _ZNK7NavEKF319getEkfControlLimitsERfS0_ @ 0x928000
AUTO: _ZNK12NavEKF3_core19getEkfControlLimitsERfS0_ @ 0x928160
AUTO: _ZN13AC_PosControl15init_offsets_NEEv @ 0x928760
AUTO: _ZNK13AC_PosControl27lean_angles_to_accel_NE_mssERfS0_ @ 0x9288c0
AUTO: _ZN9AC_PID_2D12reset_filterEv @ 0xb36aa0
AUTO: _ZN9AC_PID_2D2ffEv @ 0xb36af0
AUTO: _ZN9AC_PID_2D14set_integratorERK7Vector2IfE @ 0x928990
AUTO: _ZN13AC_PosControl17init_ekf_NE_resetEv @ 0x928a20
AUTO: _ZN12AP_AHRS_View24getLastPosNorthEastResetER7Vector2IfE @ 0xb36b40
AUTO: _ZN7AP_AHRS24getLastPosNorthEastResetER7Vector2IfE @ 0x928a90
AUTO: _ZN7NavEKF324getLastPosNorthEastResetER7Vector2IfE @ 0x928ce0
AUTO: _ZNK13AC_PosControl32lean_angles_rad_to_accel_NEU_mssERK7Vector3IfE @ 0x928e30
AUTO: _ZL3MAXIffEDTqugtfp_fp0_fp_fp0_ERKT_RKT0_.12242 @ 0x929010
AUTO: _ZNK12AC_PID_Basic9get_errorEv @ 0xb36c10
AUTO: _Z20update_pos_vel_accelRdRffffff @ 0x9291a0
AUTO: _Z19shape_pos_vel_acceldffdfRfffffffb @ 0x929300
AUTO: _ZN8AC_WPNav16get_vector_NEU_mERK8LocationR7Vector3IfERb @ 0x9295f0
AUTO: _ZN6SCurve15calculate_trackERK7Vector3IfES3_fffffff @ 0x929740
AUTO: _ZN6SCurve20set_kinematic_limitsERK7Vector3IfES3_fffff @ 0x929b30
AUTO: _ZNK8AC_WPNav22reached_wp_destinationEv @ 0xb36d30
AUTO: _ZNK8AC_WPNav33get_wp_bearing_to_destination_radEv @ 0x929d60
AUTO: _Z15get_bearing_radRK7Vector2IfES2_ @ 0x929de0
AUTO: _ZNK8AC_WPNav32get_wp_distance_to_destination_mEv @ 0x929ec0
AUTO: _Z23get_horizontal_distanceIfEfRK7Vector2IT_ES4_ @ 0xb36d90
AUTO: _ZN8AC_WPNav24set_wp_destination_NEU_mERK7Vector3IfEb @ 0x929f40
AUTO: _ZNK8AC_WPNav9is_activeEv @ 0x92a380
AUTO: _ZN13AC_PosControl32init_U_controller_stopping_pointEv @ 0x92a9a0
AUTO: _ZN13AC_PosControl33init_NE_controller_stopping_pointEv @ 0x92aa40
AUTO: _ZN13AC_PosControl30set_correction_speed_accel_U_mEfff @ 0x92abd0
AUTO: _ZN7AC_P_1D10set_limitsEffff @ 0x92af30
AUTO: _ZN13AC_PosControl17init_U_controllerEv @ 0x92b1d0
AUTO: _ZN13AC_PosControl12init_terrainEv @ 0x92b440
AUTO: _ZN13AC_PosControl14init_offsets_UEv @ 0x92b4b0
AUTO: _ZN12AC_PID_Basic12reset_filterEv @ 0xb36e60
AUTO: _ZN12AC_PID_Basic14set_integratorEf @ 0x92b570
AUTO: _ZNK13AC_PosControl24get_measured_accel_U_mssEv @ 0xb36eb0
AUTO: _ZN13AC_PosControl16init_ekf_U_resetEv @ 0x92b620
AUTO: _ZN12AP_AHRS_View19getLastPosDownResetERf @ 0xb36f20
AUTO: _ZN7AP_AHRS19getLastPosDownResetERf @ 0x92b690
AUTO: _ZN7NavEKF319getLastPosDownResetERf @ 0x92b8d0
AUTO: _ZNK12AP_AHRS_View12get_accel_efEv @ 0xb36ff0
AUTO: _ZNK8AC_WPNav22get_wp_destination_locER8Location @ 0x92ba10
AUTO: _ZNK8AC_WPNav24get_wp_destination_NEU_mEv @ 0xb37040
AUTO: _ZN24AC_AttitudeControl_Multi17get_rate_roll_pidEv @ 0xb37720
AUTO: _ZN24AC_AttitudeControl_Multi18get_rate_pitch_pidEv @ 0xb37770
AUTO: _ZN24AC_AttitudeControl_Multi16get_rate_yaw_pidEv @ 0xb377c0
AUTO: _ZNK24AC_AttitudeControl_Multi16get_rate_yaw_pidEv @ 0xb378b0
AUTO: _ZN18AC_AttitudeControl37input_thrust_vector_rate_heading_radsERK7Vector3IfEfb @ 0x92ea10
AUTO: _ZN18AC_AttitudeControl31input_thrust_vector_heading_radERK7Vector3IfEff @ 0x92ef40
AUTO: _ZN24AC_AttitudeControl_Multi19rate_controller_runEv @ 0x92f3b0
AUTO: _ZN24AC_AttitudeControl_Multi28rate_controller_target_resetEv @ 0x92f440
AUTO: _ZN24AC_AttitudeControl_Multi22rate_controller_run_dtERK7Vector3IfEf @ 0x92f4d0
AUTO: _ZN24AC_AttitudeControl_Multi29update_althold_lean_angle_maxEf @ 0x92f780
AUTO: _ZN24AC_AttitudeControl_Multi16set_throttle_outEfbf @ 0x92f8c0
AUTO: _ZNK18AC_AttitudeControl30get_althold_lean_angle_max_radEv @ 0x92f9f0
AUTO: _ZN24AC_AttitudeControl_Multi21set_notch_sample_rateEf @ 0x92fd00
AUTO: _ZNK24AC_AttitudeControl_Multi19is_throttle_mix_minEv @ 0xb37a60
AUTO: _ZN24AC_AttitudeControl_Multi20set_throttle_mix_minEv @ 0xb37af0
AUTO: _ZN24AC_AttitudeControl_Multi20set_throttle_mix_maxEf @ 0x92fda0
AUTO: _ZN18AC_AttitudeControl16get_roll_trim_cdEv @ 0xb37da0
AUTO: _ZL3MAXIffEDTqugtfp_fp0_fp_fp0_ERKT_RKT0_.12164 @ 0x92fe90
AUTO: _ZN9AP_Motors26set_throttle_filter_cutoffEf @ 0xb37f00
AUTO: _ZN24AC_AttitudeControl_Multi20get_throttle_boostedEf @ 0x92ff10
AUTO: _ZN9AP_Motors12set_throttleEf @ 0xb37f70
AUTO: _ZL3MAXIffEDTqugtfp_fp0_fp_fp0_ERKT_RKT0_.12079 @ 0x9300b0
AUTO: _ZN24AC_AttitudeControl_Multi20get_throttle_avg_maxEf @ 0x930130
AUTO: _ZN9AP_Motors20set_throttle_avg_maxEf @ 0xb37fd0
AUTO: _ZNK12AP_AHRS_View9cos_pitchEv @ 0xb38050
AUTO: _ZNK12AP_AHRS_View8cos_rollEv @ 0xb380a0
AUTO: _ZNK20AP_MotorsMulticopter23get_throttle_thrust_maxEv @ 0xb380f0
AUTO: _ZN24AC_AttitudeControl_Multi26update_throttle_gain_boostEv @ 0x930230
AUTO: _ZN24AC_AttitudeControl_Multi23update_throttle_rpy_mixEv @ 0x9303b0
AUTO: _ZN9AP_Motors8set_rollEf @ 0xb38140
AUTO: _ZNK6AC_PID6get_ffEv @ 0x9305f0
AUTO: _ZN9AP_Motors11set_roll_ffEf @ 0xb381a0
AUTO: _ZN9AP_Motors9set_pitchEf @ 0xb38200
AUTO: _ZN9AP_Motors12set_pitch_ffEf @ 0xb38260
AUTO: _ZN9AP_Motors7set_yawEf @ 0xb382c0
AUTO: _ZN9AP_Motors10set_yaw_ffEf @ 0xb38320
AUTO: _ZL3MINIffEDTqultfp_fp0_fp_fp0_ERKT_RKT0_.12080 @ 0x930650
AUTO: _ZNK9AP_Motors16get_throttle_outEv @ 0xb38380
AUTO: _ZNK9AP_Motors22get_throttle_slew_rateEv @ 0xb383d0
AUTO: _ZN18AC_AttitudeControl17set_PD_scale_multERK7Vector3IfE @ 0xb38420
AUTO: _ZN18AC_AttitudeControl22set_angle_P_scale_multERK7Vector3IfE @ 0xb38490
AUTO: _ZNK18AC_AttitudeControl21get_slew_yaw_max_radsEv @ 0x9306e0
AUTO: _ZN18AC_AttitudeControl22update_attitude_targetEv @ 0x930730
AUTO: _ZNK11QuaternionTIfE8to_eulerER7Vector3IfE @ 0xb38500
AUTO: _ZNK18AC_AttitudeControl27attitude_from_thrust_vectorE7Vector3IfEf @ 0x930800
AUTO: _ZN18AC_AttitudeControl19input_shaping_angleEfffff @ 0xb38580
AUTO: _ZN18AC_AttitudeControl19input_shaping_angleEfffffff @ 0x930a50
AUTO: _ZNK18AC_AttitudeControl13ang_vel_limitER7Vector3IfEfff @ 0x930bb0
AUTO: _ZN18AC_AttitudeControl21ang_vel_to_euler_rateERK11QuaternionTIfERK7Vector3IfERS5_ @ 0x930db0
AUTO: _ZN18AC_AttitudeControl28attitude_controller_run_quatEv @ 0x930f50
AUTO: _ZN18AC_AttitudeControl36update_ang_vel_target_from_att_errorERK7Vector3IfE @ 0x9313f0
AUTO: _ZNK18AC_AttitudeControl15get_latest_gyroEv @ 0x931800
AUTO: _ZN18AC_AttitudeControl21input_shaping_ang_velEfffff @ 0x931870
AUTO: _ZNK18AC_AttitudeControl21get_slew_yaw_max_degsEv @ 0x9319f0
AUTO: _ZN18AC_AttitudeControl17get_roll_trim_radEv @ 0xb38630
AUTO: _ZL9cd_to_radf @ 0x931fd0
AUTO: _ZNK20AP_MotorsMulticopter18get_throttle_hoverEv @ 0xb38d60
AUTO: _ZN20AP_MotorsMulticopter6outputEv @ 0x933720
AUTO: _ZN9AP_Motors8rc_writeEht @ 0x933940
AUTO: _ZN20AP_MotorsMulticopter9Log_WriteEv @ 0x933a00
AUTO: _ZN15AP_MotorsMatrix24output_armed_stabilizingEv @ 0x933b00
AUTO: _ZN20AP_MotorsMulticopter22update_throttle_filterEv @ 0x934840
AUTO: _ZN20AP_MotorsMulticopter30get_current_limit_max_throttleEv @ 0x934ed0
AUTO: _ZN20AP_MotorsMulticopter21output_boost_throttleEv @ 0x935150
AUTO: _ZN20AP_MotorsMulticopter11output_rpytEv @ 0x935230
AUTO: _ZL3MAXIffEDTqugtfp_fp0_fp_fp0_ERKT_RKT0_.12661 @ 0x9367a0
AUTO: _ZNK20Thrust_Linearization17get_battery_indexEv @ 0xb39160
AUTO: _ZN15AP_MotorsMatrix16output_to_motorsEv @ 0x936c60
AUTO: _ZN20AP_MotorsMulticopter22set_actuator_with_slewERff @ 0x936f70
AUTO: _ZNK20Thrust_Linearization18thrust_to_actuatorEf @ 0x937130
AUTO: _ZN20AP_MotorsMulticopter13output_to_pwmEf @ 0x937210
AUTO: _ZNK20Thrust_Linearization35apply_thrust_curve_and_volt_scalingEf @ 0x937330
AUTO: _ZNK20Thrust_Linearization21get_compensation_gainEv @ 0x9375b0
AUTO: _ZNK15AP_MotorsMatrix11boost_ratioEff @ 0x9376c0
AUTO: _ZL3MINIffEDTqultfp_fp0_fp_fp0_ERKT_RKT0_.12687 @ 0x937750
AUTO: _ZN15AP_MotorsMatrix22check_for_failed_motorEf @ 0x9377e0
AUTO: _ZNK20Thrust_Linearization12get_lift_maxEv @ 0xb39380
AUTO: _ZN9AP_Motors23set_desired_spool_stateENS_17DesiredSpoolStateE @ 0x937b00
AUTO: _ZN20Thrust_Linearization33update_lift_max_from_batt_voltageEv @ 0x937b80
AUTO: _ZN20AP_MotorsMulticopter12output_logicEv @ 0x937f20
AUTO: _ZN20AP_MotorsMulticopter22update_external_limitsEv @ 0x938910
AUTO: _ZL3MAXIffEDTqugtfp_fp0_fp_fp0_ERKT_RKT0_.12752 @ 0x938ad0
AUTO: _ZN9AP_Motors10has_optionENS_12MotorOptionsE @ 0xb39430
AUTO: _ZNK9AP_ParamTIfL11ap_var_type4EEgeERKS1_ @ 0xb394b0
AUTO: _ZL3MAXI9AP_ParamTIfL11ap_var_type4EEfEDTqugtfp_fp0_fp_fp0_ERKT_RKT0_.12812 @ 0x938b50
AUTO: _ZNK9AP_Motors8get_dt_sEv @ 0xb39520
AUTO: _ZN15AP_MotorsMatrix19thrust_compensationEv @ 0x939f50
AUTO: _ZNK7FunctorIvJPfhEEcvbEv @ 0xb39680
AUTO: _ZN15AP_Baro_Backend17_copy_to_frontendEhff @ 0x942bf0
AUTO: _ZN12AP_Baro_SITL6_timerEv @ 0x943e80
AUTO: _ZN7FunctorIvJEE14method_wrapperI12AP_Baro_SITLXadL_ZNS2_6_timerEvEEEEvPv @ 0xb3b9a0
AUTO: _ZN7VectorNIN12AP_Baro_SITL13readings_baroELh50EEixEh @ 0xb3ba50
AUTO: _ZN12AP_Baro_SITL22temperature_adjustmentERfS0_ @ 0x944270
AUTO: _ZN12AP_Baro_SITL24wind_pressure_correctionEh @ 0x944460
AUTO: _ZL2sqf.2279 @ 0x944670
AUTO: _ZN7AP_Baro22_get_air_density_ratioEv @ 0x9446c0
AUTO: _ZL2sqf.2258 @ 0x944760
AUTO: _ZN12AP_Baro_SITL6updateEv @ 0x944850
AUTO: _ZN12AP_Baro_SITL19update_healthy_flagEh @ 0xb3bb60
AUTO: _ZN12AP_Baro_SITL7healthyEh @ 0x944900
AUTO: _ZNK22AP_BattMonitor_Backend17has_cell_voltagesEv @ 0xb3c270
AUTO: _ZNK22AP_BattMonitor_Backend15has_temperatureEv @ 0xb3c2c0
AUTO: _ZNK22AP_BattMonitor_Backend15get_temperatureERf @ 0x945110
AUTO: _ZNK22AP_BattMonitor_Backend22capacity_remaining_pctERh @ 0x9451d0
AUTO: _ZN22AP_BattMonitor_Backend26update_resistance_estimateEv @ 0x945350
AUTO: _ZN22AP_BattMonitor_Backend16update_failsafesEv @ 0x9456a0
AUTO: _ZNK22AP_BattMonitor_Backend25get_mavlink_fault_bitmaskEv @ 0xb3c370
AUTO: _ZL3MINIifEDTqultfp_fp0_fp_fp0_ERKT_RKT0_.18692 @ 0x9459c0
AUTO: _ZN21AP_BattMonitor_Analog4readEv @ 0x947660
AUTO: _ZNK21AP_BattMonitor_Analog19has_consumed_energyEv @ 0xb3d060
AUTO: _ZNK21AP_BattMonitor_Analog11has_currentEv @ 0x947860
AUTO: _ZN9AP_Notify19set_flight_mode_strEPKc @ 0x94de70
AUTO: _ZN6RGBLed6updateEv @ 0x953ac0
AUTO: _ZN6RGBLed8_set_rgbEhhh @ 0x953ef0
AUTO: _ZNK6RGBLed10rgb_sourceEv @ 0x954000
AUTO: _ZNK6RGBLed19get_colour_sequenceEv @ 0x954260
AUTO: _ZNK6RGBLed14get_brightnessEv @ 0x954650
AUTO: _ZN6RGBLed7set_rgbEhhh @ 0x954750
AUTO: _ZN10IS31FL31956_timerEv @ 0x954810
AUTO: _ZN7FunctorIvJEE14method_wrapperI10IS31FL3195XadL_ZNS2_6_timerEvEEEEvPv @ 0xb40710
AUTO: _ZN6LP55626_timerEv @ 0x954da0
AUTO: _ZN7FunctorIvJEE14method_wrapperI6LP5562XadL_ZNS2_6_timerEvEEEEvPv @ 0xb40a80
AUTO: _ZN14ToshibaLED_I2C6_timerEv @ 0x956bd0
AUTO: _ZN7FunctorIvJEE14method_wrapperI14ToshibaLED_I2CXadL_ZNS2_6_timerEvEEEEvPv @ 0xb41790
AUTO: _ZNK4Mode13logs_attitudeEv @ 0xb41e90
AUTO: _ZNK4Mode19crash_check_enabledEv @ 0xb42020
AUTO: _ZN4Mode16output_to_motorsEv @ 0x9596d0
AUTO: _ZN4Mode7AutoYaw8set_modeENS0_4ModeE @ 0x959ad0
AUTO: _ZNK13AC_PosControl23get_pos_estimate_NEU_cmEv @ 0xb422e0
AUTO: _ZNK4Mode21is_disarmed_or_landedEv @ 0x959d30
AUTO: _ZNK6Copter38get_rangefinder_height_interpolated_cmERi @ 0x959e50
AUTO: _ZNK18AP_SurfaceDistance38get_rangefinder_height_interpolated_cmERi @ 0x959ec0
AUTO: _ZNK18AP_SurfaceDistance19enabled_and_healthyEv @ 0x959fc0
AUTO: _ZN13AC_PosControl24set_max_speed_accel_U_cmEfff @ 0x95a030
AUTO: _ZN13AC_PosControl31set_correction_speed_accel_U_cmEfff @ 0x95a0e0
AUTO: _ZNK8AC_WPNav24get_wp_acceleration_cmssEv @ 0xb42410
AUTO: _ZN13AC_PosControl25set_max_speed_accel_NE_cmEff @ 0x95a190
AUTO: _ZN13AC_PosControl32set_correction_speed_accel_NE_cmEff @ 0x95a220
AUTO: _ZNK8AC_WPNav18crosstrack_error_mEv @ 0xb42470
AUTO: _ZNK13AC_PosControl18crosstrack_error_mEv @ 0x95a2b0
AUTO: _ZL2sqf.12305 @ 0x95a400
AUTO: _ZN3GCS33send_mission_item_reached_messageEt @ 0x95a950
AUTO: _ZN13AC_PosControl19update_U_controllerEv @ 0x95c3a0
AUTO: _ZN13AC_PosControl18handle_ekf_U_resetEv @ 0x95c8b0
AUTO: _ZN13AC_PosControl16update_offsets_UEv @ 0x95ca00
AUTO: _ZN13AC_PosControl14update_terrainEv @ 0x95ccf0
AUTO: _ZN7AC_P_1D10update_allERff @ 0x95cf10
AUTO: _ZNK7AP_AHRS16getControlScaleZEv @ 0x95d070
AUTO: _ZN12AC_PID_Basic10update_allEfffbb @ 0x95d0f0
AUTO: _ZNK6AC_PID4imaxEv @ 0xb42630
AUTO: _ZNK12AC_PID_Basic16get_filt_E_alphaEf @ 0x95d710
AUTO: _ZNK12AC_PID_Basic16get_filt_D_alphaEf @ 0x95d790
AUTO: _ZN12AC_PID_Basic8update_iEfbb @ 0x95d810
AUTO: _ZNK12AP_Proximity19get_upward_distanceERf @ 0x95ea00
AUTO: _ZNK4Mode7AutoYaw4modeEv @ 0xb42830
AUTO: _ZNK13AC_PosControl23get_vel_desired_NEU_cmsEv @ 0xb428f0
AUTO: _ZNK13AC_PosControl17get_thrust_vectorEv @ 0x95f630
AUTO: _ZN4Mode7AutoYaw11get_headingEv @ 0x95f6a0
AUTO: _ZN18AC_AttitudeControl27input_thrust_vector_headingERK7Vector3IfENS_14HeadingCommandE @ 0x95f870
AUTO: _ZNK4Mode31get_pilot_desired_yaw_rate_radsEv @ 0x95f990
AUTO: _ZN4Mode7AutoYaw18update_weathervaneEf @ 0x95fa80
AUTO: _ZN4Mode7AutoYaw7yaw_radEv @ 0x95fca0
AUTO: _ZN4Mode7AutoYaw9rate_radsEv @ 0x95fec0
AUTO: _ZNK13AC_PosControl17get_yaw_rate_radsEv @ 0xb42980
AUTO: _ZNK13AC_PosControl11get_yaw_radEv @ 0xb42a20
AUTO: _ZN4Mode7AutoYaw19set_mode_to_defaultEb @ 0x960f70
AUTO: _ZNK4Mode7AutoYaw12default_modeEb @ 0x960ff0
AUTO: _ZNK15AC_CommandModel8get_rateEv @ 0xb42b30
AUTO: _ZL7radiansf.1204 @ 0x9611a0
AUTO: _ZNK15AC_CommandModel8get_expoEv @ 0xb42b90
AUTO: _Z10input_expoff @ 0x9611f0
AUTO: _ZNK13AC_PosControl24get_accel_target_NEU_mssEv @ 0xb42bf0
AUTO: _ZNK13AC_PosControl21get_pos_desired_NEU_mEv @ 0xb42c40
AUTO: _ZNK13AC_PosControl20get_max_accel_NE_mssEv @ 0xb436e0
AUTO: _ZN6Copter27failsafe_terrain_set_statusEb @ 0x967680
AUTO: _ZNK8AC_WPNav24get_default_speed_NE_cmsEv @ 0xb438b0
AUTO: _ZNK8ModeAuto11mode_numberEv @ 0xb44160
AUTO: _ZNK8AC_WPNav28get_wp_stopping_point_NEU_cmER7Vector3IfE @ 0x96a7a0
AUTO: _ZN7FunctorIvJEE14method_wrapperI17AP_InertialSensorXadL_ZNS2_6updateEvEEEEvPv @ 0xb44240
AUTO: _ZN7FunctorIvJEE14method_wrapperI6CopterXadL_ZNS2_24run_rate_controller_mainEvEEEEvPv @ 0xb442f0
AUTO: _ZN7FunctorIvJEE14method_wrapperI6CopterXadL_ZNS2_21run_custom_controllerEvEEEEvPv @ 0xb443a0
AUTO: _ZN7FunctorIvJEE14method_wrapperI6CopterXadL_ZNS2_18motors_output_mainEvEEEEvPv @ 0xb44450
AUTO: _ZN7FunctorIvJEE14method_wrapperI6CopterXadL_ZNS2_9read_AHRSEvEEEEvPv @ 0xb44500
AUTO: _ZN7FunctorIvJEE14method_wrapperI6CopterXadL_ZNS2_12read_inertiaEvEEEEvPv @ 0xb445b0
AUTO: _ZN7FunctorIvJEE14method_wrapperI6CopterXadL_ZNS2_15check_ekf_resetEvEEEEvPv @ 0xb44660
AUTO: _ZN7FunctorIvJEE14method_wrapperI6CopterXadL_ZNS2_18update_flight_modeEvEEEEvPv @ 0xb44710
AUTO: _ZN7FunctorIvJEE14method_wrapperI6CopterXadL_ZNS2_20update_home_from_EKFEvEEEEvPv @ 0xb447c0
AUTO: _ZN7FunctorIvJEE14method_wrapperI6CopterXadL_ZNS2_31update_land_and_crash_detectorsEvEEEEvPv @ 0xb44870
AUTO: _ZN7FunctorIvJEE14method_wrapperI6CopterXadL_ZNS2_33update_rangefinder_terrain_offsetEvEEEEvPv @ 0xb44920
AUTO: _ZN7FunctorIvJEE14method_wrapperI8AP_MountXadL_ZNS2_11update_fastEvEEEEvPv @ 0xb449d0
AUTO: _ZN7FunctorIvJEE14method_wrapperI6CopterXadL_ZNS2_23Log_Video_StabilisationEvEEEEvPv @ 0xb44a80
AUTO: _ZN7FunctorIvJEE14method_wrapperI6CopterXadL_ZNS2_7rc_loopEvEEEEvPv @ 0xb44b30
AUTO: _ZN7FunctorIvJEE14method_wrapperI6CopterXadL_ZNS2_13throttle_loopEvEEEEvPv @ 0xb44be0
AUTO: _ZN7FunctorIvJEE14method_wrapperI6CopterXadL_ZNS2_11fence_checkEvEEEEvPv @ 0xb44c90
AUTO: _ZN7FunctorIvJEE14method_wrapperI6AP_GPSXadL_ZNS2_6updateEvEEEEvPv @ 0xb44d40
AUTO: _ZN7FunctorIvJEE14method_wrapperI14AP_OpticalFlowXadL_ZNS2_6updateEvEEEEvPv @ 0xb44df0
AUTO: _ZN7FunctorIvJEE14method_wrapperI6CopterXadL_ZNS2_19update_batt_compassEvEEEEvPv @ 0xb44ea0
AUTO: _ZN7FunctorIvJEE14method_wrapperI11RC_ChannelsXadL_ZNS2_12read_aux_allEvEEEEvPv @ 0xb44f50
AUTO: _ZN7FunctorIvJEE14method_wrapperI6CopterXadL_ZNS2_17auto_disarm_checkEvEEEEvPv @ 0xb45000
AUTO: _ZN7FunctorIvJEE14method_wrapperI18RC_Channels_CopterXadL_ZNS2_13auto_trim_runEvEEEEvPv @ 0xb450b0
AUTO: _ZN7FunctorIvJEE14method_wrapperI6CopterXadL_ZNS2_16read_rangefinderEvEEEEvPv @ 0xb45160
AUTO: _ZN7FunctorIvJEE14method_wrapperI12AP_ProximityXadL_ZNS2_6updateEvEEEEvPv @ 0xb45210
AUTO: _ZN7FunctorIvJEE14method_wrapperI9AP_BeaconXadL_ZNS2_6updateEvEEEEvPv @ 0xb452c0
AUTO: _ZN7FunctorIvJEE14method_wrapperI6CopterXadL_ZNS2_15update_altitudeEvEEEEvPv @ 0xb45370
AUTO: _ZN7FunctorIvJEE14method_wrapperI6CopterXadL_ZNS2_15run_nav_updatesEvEEEEvPv @ 0xb45420
AUTO: _ZN7FunctorIvJEE14method_wrapperI6CopterXadL_ZNS2_21update_throttle_hoverEvEEEEvPv @ 0xb454d0
AUTO: _ZN7FunctorIvJEE14method_wrapperI12ModeSmartRTLXadL_ZNS2_13save_positionEvEEEEvPv @ 0xb45580
AUTO: _ZN7FunctorIvJEE14method_wrapperI10AC_SprayerXadL_ZNS2_6updateEvEEEEvPv @ 0xb45630
AUTO: _ZN7FunctorIvJEE14method_wrapperI6CopterXadL_ZNS2_13three_hz_loopEvEEEEvPv @ 0xb456e0
AUTO: _ZN7FunctorIvJEE14method_wrapperI19AP_ServoRelayEventsXadL_ZNS2_13update_eventsEvEEEEvPv @ 0xb45790
AUTO: _ZN7FunctorIvJEE14method_wrapperI6CopterXadL_ZNS2_15update_preclandEvEEEEvPv @ 0xb45840
AUTO: _ZN7FunctorIvJEE14method_wrapperI6CopterXadL_ZNS2_17loop_rate_loggingEvEEEEvPv @ 0xb458f0
AUTO: _ZN7FunctorIvJEE14method_wrapperI6CopterXadL_ZNS2_11one_hz_loopEvEEEEvPv @ 0xb459a0
AUTO: _ZN7FunctorIvJEE14method_wrapperI6CopterXadL_ZNS2_9ekf_checkEvEEEEvPv @ 0xb45a50
AUTO: _ZN7FunctorIvJEE14method_wrapperI6CopterXadL_ZNS2_15check_vibrationEvEEEEvPv @ 0xb45b00
AUTO: _ZN7FunctorIvJEE14method_wrapperI6CopterXadL_ZNS2_15gpsglitch_checkEvEEEEvPv @ 0xb45bb0
AUTO: _ZN7FunctorIvJEE14method_wrapperI6CopterXadL_ZNS2_13takeoff_checkEvEEEEvPv @ 0xb45c60
AUTO: _ZN7FunctorIvJEE14method_wrapperI6CopterXadL_ZNS2_18landinggear_updateEvEEEEvPv @ 0xb45d10
AUTO: _ZN7FunctorIvJEE14method_wrapperI6CopterXadL_ZNS2_14standby_updateEvEEEEvPv @ 0xb45dc0
AUTO: _ZN7FunctorIvJEE14method_wrapperI6CopterXadL_ZNS2_18lost_vehicle_checkEvEEEEvPv @ 0xb45e70
AUTO: _ZN7FunctorIvJEE14method_wrapperI3GCSXadL_ZNS2_14update_receiveEvEEEEvPv @ 0xb45f20
AUTO: _ZN7FunctorIvJEE14method_wrapperI3GCSXadL_ZNS2_11update_sendEvEEEEvPv @ 0xb45fd0
AUTO: _ZN7FunctorIvJEE14method_wrapperI8AP_MountXadL_ZNS2_6updateEvEEEEvPv @ 0xb46080
AUTO: _ZN7FunctorIvJEE14method_wrapperI9AP_CameraXadL_ZNS2_6updateEvEEEEvPv @ 0xb46130
AUTO: _ZN7FunctorIvJEE14method_wrapperI6CopterXadL_ZNS2_19ten_hz_logging_loopEvEEEEvPv @ 0xb461e0
AUTO: _ZN7FunctorIvJEE14method_wrapperI6CopterXadL_ZNS2_21twentyfive_hz_loggingEvEEEEvPv @ 0xb46290
AUTO: _ZN7FunctorIvJEE14method_wrapperI9AP_LoggerXadL_ZNS2_14periodic_tasksEvEEEEvPv @ 0xb46340
AUTO: _ZN7FunctorIvJEE14method_wrapperI17AP_InertialSensorXadL_ZNS2_8periodicEvEEEEvPv @ 0xb463f0
AUTO: _ZN7FunctorIvJEE14method_wrapperI12AP_SchedulerXadL_ZNS2_14update_loggingEvEEEEvPv @ 0xb464a0
AUTO: _ZN7FunctorIvJEE14method_wrapperI18AP_TempCalibrationXadL_ZNS2_6updateEvEEEEvPv @ 0xb46550
AUTO: _ZN7FunctorIvJEE14method_wrapperI6CopterXadL_ZNS2_21avoidance_adsb_updateEvEEEEvPv @ 0xb46600
AUTO: _ZN7FunctorIvJEE14method_wrapperI6CopterXadL_ZNS2_14terrain_updateEvEEEEvPv @ 0xb466b0
AUTO: _ZN7FunctorIvJEE14method_wrapperI8AP_WinchXadL_ZNS2_6updateEvEEEEvPv @ 0xb46760
AUTO: _ZN7FunctorIvJEE14method_wrapperI9AP_ButtonXadL_ZNS2_6updateEvEEEEvPv @ 0xb46810
AUTO: _ZN7FunctorIvJEE14method_wrapperI6CopterXadL_ZNS2_43update_dynamic_notch_at_specified_rate_mainEvEEEEvPv @ 0xb468c0
AUTO: _ZN6Copter43update_dynamic_notch_at_specified_rate_mainEv @ 0x96ae30
AUTO: _ZN10AP_Vehicle38update_dynamic_notch_at_specified_rateEv @ 0x96aea0
AUTO: _ZN10AP_Vehicle20update_dynamic_notchERN17AP_InertialSensor13HarmonicNotchE @ 0x96aff0
AUTO: _ZN9AP_Button6updateEv @ 0x96c0d0
AUTO: _ZN8AP_Winch6updateEv @ 0x96cd50
AUTO: _ZNK8AP_Winch7enabledEv @ 0x96cdd0
AUTO: _ZN6Copter14terrain_updateEv @ 0x96ce50
AUTO: _ZN10AP_Terrain6updateEv @ 0x96cef0
AUTO: _ZN11RangeFinder28set_estimated_terrain_heightEf @ 0xb46d80
AUTO: _ZN10AP_Terrain16schedule_disk_ioEv @ 0x96d0c0
AUTO: _ZN10AP_Terrain19update_mission_dataEv @ 0x96d310
AUTO: _ZN10AP_Terrain17update_rally_dataEv @ 0x96d620
AUTO: _ZN10AP_Terrain24update_surrounding_tilesERK8Location @ 0x96d7f0
AUTO: _ZNK8AP_Rally19last_change_time_msEv @ 0xb46df0
AUTO: _ZNK10AP_Mission19last_change_time_msEv @ 0xb46e40
AUTO: _ZN10AP_Terrain15check_disk_readEv @ 0x96d970
AUTO: _ZN10AP_Terrain16check_disk_writeEv @ 0x96da50
AUTO: _ZN10AP_Terrain11find_io_idxENS_14GridCacheStateE @ 0x96db30
AUTO: _ZN10AP_Terrain8io_timerEv @ 0x96ddb0
AUTO: _ZN7FunctorIvJEE14method_wrapperI10AP_TerrainXadL_ZNS2_8io_timerEvEEEEvPv @ 0xb46ef0
AUTO: _ZN10AP_Terrain9open_fileEv @ 0x96dee0
AUTO: _ZN10AP_Terrain11write_blockEv @ 0x96e2d0
AUTO: _ZN10AP_Terrain11seek_offsetEv @ 0x96e600
AUTO: _ZN10AP_Terrain13get_block_crcERNS_10grid_blockE @ 0x96e6f0
AUTO: _ZNK10AP_Terrain11east_blocksERNS_10grid_blockE @ 0x96e780
AUTO: _ZN6Copter21avoidance_adsb_updateEv @ 0x96e8d0
AUTO: _ZN7AP_ADSB6updateEv @ 0x96e940
AUTO: _ZN12AP_Avoidance6updateEv @ 0x96eb20
AUTO: _ZN12AP_Avoidance13check_startupEv @ 0x96ebe0
AUTO: _ZN7AP_ADSB3LocC2Ev @ 0xb47180
AUTO: _ZNK7AP_AHRS19get_vert_pos_rate_DERf @ 0x970420
AUTO: _ZN7AP_ADSB6updateERKNS_3LocE @ 0x970550
AUTO: _ZNK7NavEKF320getPosDownDerivativeEv @ 0x970c10
AUTO: _ZNK12NavEKF3_core20getPosDownDerivativeEv @ 0x970e60
AUTO: _ZN18AP_TempCalibration6updateEv @ 0x970f20
AUTO: _ZN12AP_Scheduler14update_loggingEv @ 0x971af0
AUTO: _ZN12AP_Scheduler11debug_flagsEv @ 0xb471f0
AUTO: _ZN12AP_Scheduler21Log_Write_PerformanceEv @ 0x971d60
AUTO: _ZN2AP8PerfInfo13has_task_infoEv @ 0xb47250
AUTO: _ZNK2AP8PerfInfo20get_num_long_runningEv @ 0x971f70
AUTO: _ZNK2AP8PerfInfo13get_num_loopsEv @ 0x971fc0
AUTO: _ZNK2AP8PerfInfo12get_max_timeEv @ 0x972010
AUTO: _ZN12AP_Scheduler12load_averageEv @ 0x972060
AUTO: _ZNK16AP_InternalError5countEv @ 0xb472b0
AUTO: _ZN17AP_InertialSensor8periodicEv @ 0x9722a0
AUTO: _ZN17AP_InertialSensor12BatchSampler8periodicEv @ 0x972300
AUTO: _ZN9AP_Logger14periodic_tasksEv @ 0x972920
AUTO: _ZN6Copter21twentyfive_hz_loggingEv @ 0x9729c0
AUTO: _ZN6Copter17Log_Write_EKF_POSEv @ 0x972aa0
AUTO: _ZNK17AP_InertialSensor9Write_IMUEv @ 0x972af0
AUTO: _ZN10AP_GyroFFT18write_log_messagesEv @ 0x972bb0
AUTO: _ZL3MAXIhhEDTqugtfp_fp0_fp_fp0_ERKT_RKT0_ @ 0x973230
AUTO: _ZNK17AP_InertialSensor18Write_IMU_instanceEmh @ 0x9732b0
AUTO: _ZNK17AP_InertialSensor16get_gyro_rate_hzEh @ 0xb47470
AUTO: _ZNK17AP_InertialSensor17get_accel_rate_hzEh @ 0xb474f0
AUTO: _ZN7AP_AHRS9Log_WriteEv @ 0x973440
AUTO: _ZN7NavEKF29Log_WriteEv @ 0x9734d0
AUTO: _ZN7NavEKF39Log_WriteEv @ 0x9735e0
AUTO: _ZNK7AP_AHRS11Write_AHRS2Ev @ 0x9736f0
AUTO: _ZNK7AP_AHRS9Write_POSEv @ 0x9738d0
AUTO: _ZN4SITL3SIM18Log_Write_SIMSTATEEv @ 0x973a30
AUTO: _ZNK7AP_AHRS22get_secondary_attitudeER7Vector3IfE @ 0xb47570
AUTO: _ZNK7AP_AHRS22get_secondary_positionER8Location @ 0xb475f0
AUTO: _ZNK7AP_AHRS24get_secondary_quaternionER11QuaternionTIfE @ 0xb47670
AUTO: _ZL7degreesf.1917 @ 0x973bc0
AUTO: _ZN12NavEKF3_core9Log_WriteEm @ 0x973c10
AUTO: _ZNK7AP_EnumIN7NavEKF38LogLevelEEcvKS1_Ev @ 0xb476f0
AUTO: _ZNK12NavEKF3_core14Log_Write_XKF4Em @ 0x973d60
AUTO: _ZN12NavEKF3_core13Log_Write_GSFEm @ 0x9740b0
AUTO: _ZNK12NavEKF3_core14Log_Write_XKF1Em @ 0x974160
AUTO: _ZNK12NavEKF3_core14Log_Write_XKF2Em @ 0x974430
AUTO: _ZNK12NavEKF3_core14Log_Write_XKF3Em @ 0x9746d0
AUTO: _ZNK12NavEKF3_core14Log_Write_XKF5Em @ 0x974930
AUTO: _ZNK12NavEKF3_core14Log_Write_XKFSEm @ 0x974b90
AUTO: _ZNK12NavEKF3_core20Log_Write_QuaternionEm @ 0x974ca0
AUTO: _ZN12NavEKF3_core16Log_Write_BeaconEm @ 0x974d80
AUTO: _ZN12NavEKF3_core18Log_Write_BodyOdomEm @ 0x975070
AUTO: _ZN12NavEKF3_core25Log_Write_State_VariancesEm @ 0x9751e0
AUTO: _ZN12NavEKF3_core16Log_Write_TimingEm @ 0x975500
AUTO: _ZNK6AP_DAL12logging_coreEh @ 0x975660
AUTO: _ZL3MAXIjjEDTqugtfp_fp0_fp_fp0_ERKT_RKT0_ @ 0x9756b0
AUTO: _ZNK16AP_NavEKF_Source21getPosVelYawSourceSetEv @ 0xb47740
AUTO: _ZL3MAXIddEDTqugtfp_fp0_fp_fp0_ERKT_RKT0_.4677 @ 0x975730
AUTO: _ZL3MINIdiEDTqultfp_fp0_fp_fp0_ERKT_RKT0_.4678 @ 0x9757b0
AUTO: _ZNK12NavEKF3_core14getInnovationsER7Vector3IfES2_S2_RfS3_ @ 0x975850
AUTO: _ZL7degreesf.4675 @ 0x975a50
AUTO: _ZNK12NavEKF3_core26getSynthAirDataInnovationsER7Vector2IfERf @ 0x975aa0
AUTO: _ZN10EKFGSF_yaw9Log_WriteEm11LogMessagesS0_h @ 0x975b70
AUTO: _ZL7degreesf.19457 @ 0x975ef0
AUTO: _ZL3MAXIffEDTqugtfp_fp0_fp_fp0_ERKT_RKT0_.19458 @ 0x975f40
AUTO: _ZL3MAXIdfEDTqugtfp_fp0_fp_fp0_ERKT_RKT0_.4676 @ 0x975fc0
AUTO: _ZN6Copter19ten_hz_logging_loopEv @ 0x977af0
AUTO: _ZNK7AP_AHRS14Write_AttitudeERK7Vector3IfE @ 0x977ea0
AUTO: _ZN6Copter18Log_Write_AttitudeEv @ 0x977fb0
AUTO: _ZN6Copter14Log_Write_RateEv @ 0x978010
AUTO: _ZN6Copter14Log_Write_PIDSEv @ 0x978070
AUTO: _ZN9AP_Logger10Write_RCINEv @ 0x978290
AUTO: _ZN9AP_Logger11Write_RCOUTEv @ 0x978530
AUTO: _ZN13AC_PosControl9write_logEv @ 0x978ae0
AUTO: _ZNK17AP_InertialSensor15Write_VibrationEv @ 0x978f60
AUTO: _ZN12AP_Proximity3logEv @ 0x979080
AUTO: _ZN9AP_Beacon3logEv @ 0x9793b0
AUTO: _ZN8AP_Winch9write_logEv @ 0x9794f0
AUTO: _ZN8AP_Mount9write_logEv @ 0x979570
AUTO: _ZNK12AP_Proximity12distance_maxEv @ 0x9796a0
AUTO: _ZNK17AP_InertialSensor20get_accel_clip_countEh @ 0x979bf0
AUTO: _ZN13AC_PosControl10Write_PSCNEfffffffff @ 0x979c90
AUTO: _ZN13AC_PosControl10Write_PSCEEfffffffff @ 0x979d90
AUTO: _ZNK7Vector2IdE7is_zeroEv @ 0xb477e0
AUTO: _ZN13AC_PosControl10Write_PSCDEfffffffff @ 0x97a010
AUTO: _ZN13AC_PosControl10Write_PSCxE11LogMessagesfffffffff @ 0x97a3a0
AUTO: _ZN11RC_Channels12get_radio_inEPth @ 0x97a5e0
AUTO: _ZNK11RC_Channels17get_override_maskEv @ 0x97a6d0
AUTO: _ZL3MINIhiEDTqultfp_fp0_fp_fp0_ERKT_RKT0_.6934 @ 0x97a790
AUTO: _ZN9AP_Logger9Write_PIDEhRK10AP_PIDInfo @ 0x97a810
AUTO: _ZN13AC_PosControl14get_vel_NE_pidEv @ 0xb478d0
AUTO: _ZNK9AC_PID_2D14get_pid_info_xEv @ 0xb47920
AUTO: _ZNK9AC_PID_2D14get_pid_info_yEv @ 0xb47970
AUTO: _ZNK18AC_AttitudeControl10Write_RateERK13AC_PosControl @ 0x97a9a0
AUTO: _ZNK18AC_AttitudeControl15rate_bf_targetsEv @ 0xb479c0
AUTO: _ZNK13AC_PosControl25get_accel_target_NEU_cmssEv @ 0xb47a50
AUTO: _ZNK18AC_AttitudeControl22get_last_angle_P_scaleEv @ 0xb47ae0
AUTO: _ZNK18AC_AttitudeControl9Write_ANGEv @ 0x97add0
AUTO: _ZNK12AP_Scheduler22get_loop_start_time_usEv @ 0xb47b30
AUTO: _ZL7degreesf.12066 @ 0x97af00
AUTO: _ZNK12AP_Scheduler20get_last_loop_time_sEv @ 0xb47b80
AUTO: _ZN9AP_Camera6updateEv @ 0x97af50
AUTO: _ZN8AP_Mount6updateEv @ 0x97b010
AUTO: _ZN6Copter18lost_vehicle_checkEv @ 0x97b0c0
AUTO: _ZN6Copter14standby_updateEv @ 0x97b230
AUTO: _ZN6Copter18landinggear_updateEv @ 0x97b380
AUTO: _ZN6Copter13takeoff_checkEv @ 0x97b920
AUTO: _ZN9AP_Motors17set_spoolup_blockEb @ 0xb47bd0
AUTO: _ZN6Copter15gpsglitch_checkEv @ 0x97beb0
AUTO: _ZN6Copter15check_vibrationEv @ 0x97bfd0
AUTO: _ZNK7AP_AHRS15get_innovationsER7Vector3IfES2_S2_RfS3_ @ 0x97c2f0
AUTO: _ZNK7AP_AHRS21is_vibration_affectedEv @ 0x97c460
AUTO: _ZNK7NavEKF319isVibrationAffectedEv @ 0x97c530
AUTO: _ZNK12NavEKF3_core19isVibrationAffectedEv @ 0xb47c90
AUTO: _ZNK7NavEKF314getInnovationsER7Vector3IfES2_S2_RfS3_ @ 0x97c6b0
AUTO: _ZN6Copter9ekf_checkEv @ 0x97c860
AUTO: _ZN6Copter18ekf_over_thresholdEv @ 0x97cc10
AUTO: _ZN6Copter11one_hz_loopEv @ 0x97d1a0
AUTO: _ZNK6Copter8ap_valueEv @ 0x97d440
AUTO: _ZN6Copter14Log_Write_DataE9LogDataIDj @ 0x97d4f0
AUTO: _ZN6Copter15terrain_loggingEv @ 0x97d5b0
AUTO: _ZN7AP_ADSB13set_is_flyingEb @ 0xb47cf0
AUTO: _ZN16AC_CustomControl21set_notch_sample_rateEf @ 0x97d630
AUTO: _ZNK6Copter18get_fast_rate_typeEv @ 0xb47d50
AUTO: _ZN6Copter13motors_outputEb @ 0x97e6d0
AUTO: _ZNK17AP_InertialSensor24write_notch_log_messagesEv @ 0x97ed40
AUTO: _ZN12SRV_Channels8calc_pwmEv @ 0x97f1e0
AUTO: _ZN12SRV_Channels13output_ch_allEv @ 0x97f400
AUTO: _ZN7Compass11set_voltageEf @ 0xb48310
AUTO: _ZN16Compass_PerMotor11set_voltageEf @ 0xb483e0
AUTO: _ZN9AP_Motors8set_dt_sEf @ 0xb48880
AUTO: _ZN10AP_Terrain16log_terrain_dataEv @ 0x980150
AUTO: _ZN6Copter17loop_rate_loggingEv @ 0x980300
AUTO: _ZN6Copter15update_preclandEv @ 0x980410
AUTO: _ZNK6Copter18rangefinder_alt_okEv @ 0x9804a0
AUTO: _ZN11AC_PrecLand6updateEfb @ 0x980500
AUTO: _ZNK11AC_PrecLand7enabledEv @ 0xb48a20
AUTO: _ZN6Copter13three_hz_loopEv @ 0x982a20
AUTO: _ZN6Copter18failsafe_gcs_checkEv @ 0x982aa0
AUTO: _ZN6Copter22failsafe_terrain_checkEv @ 0x982c60
AUTO: _ZN6Copter25failsafe_deadreckon_checkEv @ 0x982d70
AUTO: _ZN6Copter6tuningEv @ 0x983080
AUTO: _ZN6Copter17low_alt_avoidanceEv @ 0x9831d0
AUTO: _ZN8AC_Avoid30proximity_alt_avoidance_enableEb @ 0xb490a0
AUTO: _ZN6Copter6tuningEPK10RC_Channelaff @ 0x9832b0
AUTO: _ZN10AC_Sprayer6updateEv @ 0x984290
AUTO: _ZN12ModeSmartRTL13save_positionEv @ 0x9846e0
AUTO: _ZN11AP_SmartRTL6updateEbb @ 0x9847c0
AUTO: _ZN11AP_SmartRTL6updateEbRK7Vector3IfE @ 0x9848c0
AUTO: _ZN6Copter21update_throttle_hoverEv @ 0x9849f0
AUTO: _ZNK7AP_AHRS14get_velocity_DERfb @ 0x984c60
AUTO: _ZL7radiansi @ 0x984d20
AUTO: _ZN20AP_MotorsMulticopter21update_throttle_hoverEf @ 0x984d80
AUTO: _ZN10AP_GyroFFT17update_freq_hoverEff @ 0x984eb0
AUTO: _ZN6Copter15run_nav_updatesEv @ 0x9852e0
AUTO: _ZN6Copter15update_altitudeEv @ 0x985330
AUTO: _ZN6Copter14read_barometerEv @ 0x9853e0
AUTO: _ZN6Copter24Log_Write_Control_TuningEv @ 0x985470
AUTO: _ZNK9AP_Logger9quiet_nanEv @ 0xb49880
AUTO: _ZNK13AC_PosControl19get_pos_target_U_cmEv @ 0xb498e0
AUTO: _ZNK13AC_PosControl20get_vel_target_U_cmsEv @ 0xb49940
AUTO: _ZNK6Copter15SurfaceTracking27get_target_dist_for_loggingERf @ 0x985720
AUTO: _ZNK18AC_AttitudeControl11angle_boostEv @ 0xb499a0
AUTO: _ZNK6Copter15SurfaceTracking20get_dist_for_loggingEv @ 0x985820
AUTO: _ZNK13AC_PosControl24get_vel_estimate_NEU_cmsEv @ 0xb499f0
AUTO: _ZNK13AC_PosControl19get_vel_target_U_msEv @ 0xb49a80
AUTO: _ZNK13AC_PosControl18get_pos_target_U_mEv @ 0xb49ad0
AUTO: _ZN9AP_Beacon6updateEv @ 0x9858a0
AUTO: _ZN12AP_Proximity6updateEv @ 0x985fb0
AUTO: _ZNK12AP_Proximity15get_filter_freqEv @ 0xb49b30
AUTO: _ZN24AP_Proximity_Boundary_3D15set_filter_freqEf @ 0xb49b90
AUTO: _ZN24AP_Proximity_Boundary_3D18check_face_timeoutEv @ 0x986080
AUTO: _ZN6Copter16read_rangefinderEv @ 0x9861e0
AUTO: _ZN11RangeFinder6updateEv @ 0x986310
AUTO: _ZN18AP_SurfaceDistance6updateEv @ 0x986430
AUTO: _ZN18AP_SurfaceDistance10data_staleEv @ 0x986820
AUTO: _ZN12AP_Proximity19set_rangefinder_altEbbf @ 0x9868b0
AUTO: _ZL3MAXIffEDTqugtfp_fp0_fp_fp0_ERKT_RKT0_.13176 @ 0x986960
AUTO: _ZNK18AP_SurfaceDistance9Log_WriteEv @ 0x986b60
AUTO: _ZNK11RangeFinder8Log_RFNDEv @ 0x986c80
AUTO: _ZN18RC_Channels_Copter13auto_trim_runEv @ 0x986dc0
AUTO: _ZN6Copter17auto_disarm_checkEv @ 0x9870e0
AUTO: _ZN11RC_Channels12read_aux_allEv @ 0x987360
AUTO: _ZN10RC_Channel8read_auxEv @ 0x987450
AUTO: _ZN6Copter19update_batt_compassEv @ 0x9879e0
AUTO: _ZN14AP_BattMonitor4readEv @ 0x987ac0
AUTO: _ZN7Compass12set_throttleEf @ 0xb49c50
AUTO: _ZN9AP_Logger11Write_PowerEv @ 0x987cf0
AUTO: _ZNK22AP_BattMonitor_Backend13Log_Write_BATEhm @ 0x987d40
AUTO: _ZNK22AP_BattMonitor_Backend13Log_Write_BCLEhm @ 0x987fe0
AUTO: _ZN14AP_BattMonitor15check_failsafesEv @ 0x9881e0
AUTO: _ZN14AP_BattMonitor16checkPoweringOffEv @ 0x9884f0
AUTO: _ZNK22AP_BattMonitor_Backend23get_state_of_health_pctERh @ 0x988650
AUTO: _ZN14AP_OpticalFlow6updateEv @ 0x9886e0
AUTO: _ZN6AP_GPS6updateEv @ 0x989c90
AUTO: _ZN6AP_GPS15update_instanceEh @ 0x989e10
AUTO: _ZN6AP_GPS14update_primaryEv @ 0x98a5b0
AUTO: _ZN14AP_GPS_Blended19zero_health_counterEv @ 0xb49d50
AUTO: _ZN6AP_GPS9Write_GPSEh @ 0x98bd80
AUTO: _ZL3MINIfiEDTqultfp_fp0_fp_fp0_ERKT_RKT0_.3064 @ 0x98c1c0
AUTO: _ZNK6AP_GPS26last_message_delta_time_msEh @ 0xb49e00
AUTO: _ZNK6AP_GPS10should_logEv @ 0x98c260
AUTO: _ZN6AP_GPS16send_blob_updateEh @ 0x98d3e0
AUTO: _ZN14AP_GPS_Backend14check_new_itowEjj @ 0x992130
AUTO: _ZN12AP_GPS_UBLOX20_request_next_configEv @ 0x996320
AUTO: _ZN12AP_GPS_UBLOX21_request_message_rateEhh @ 0x996dc0
AUTO: _ZN12AP_GPS_UBLOX13_request_portEv @ 0x996e80
AUTO: _ZN12AP_GPS_UBLOX13_send_messageEhhPKvt @ 0x996f10
AUTO: _ZN12AP_GPS_UBLOX16_update_checksumEPhtRhS1_ @ 0x997dd0
AUTO: _ZN12AP_GPS_UBLOX4readEv @ 0x997f00
AUTO: _ZNK12AP_GPS_UBLOX13is_configuredEv @ 0xb4ac80
AUTO: _ZNK12AP_GPS_UBLOX7get_lagERf @ 0x9985e0
AUTO: _ZNK12AP_GPS_UBLOX10is_healthyEv @ 0x998770
AUTO: _ZL3MINIjjEDTqultfp_fp0_fp_fp0_ERKT_RKT0_.3359 @ 0x998bc0
AUTO: _ZN12AP_GPS_UBLOXUt_ixEm @ 0xb4ad90
AUTO: _ZN12AP_GPS_UBLOX10_parse_gpsEv @ 0x998c40
AUTO: _ZN12AP_GPS_UBLOX15_check_new_itowEj @ 0x99c100
AUTO: _ZN12AP_GPS_UBLOX23_configure_message_rateEhhh @ 0x99c180
AUTO: _ZN6Copter11fence_checkEv @ 0x9a3780
AUTO: _ZN6Copter13throttle_loopEv @ 0x9a3ad0
AUTO: _ZN6Copter19update_throttle_mixEv @ 0x9a3b40
AUTO: _ZN6Copter17update_auto_armedEv @ 0x9a3de0
AUTO: _ZN6Copter29update_ground_effect_detectorEv @ 0x9a3fb0
AUTO: _ZN6Copter32update_ekf_terrain_height_stableEv @ 0x9a46a0
AUTO: _ZN7AP_AHRS22set_terrain_hgt_stableEb @ 0x9a4790
AUTO: _ZN7NavEKF219setTerrainHgtStableEb @ 0x9a4890
AUTO: _ZN7NavEKF319setTerrainHgtStableEb @ 0x9a4990
AUTO: _ZN12NavEKF3_core19setTerrainHgtStableEb @ 0x9a4a90
AUTO: _ZN7AP_AHRS22set_touchdown_expectedEb @ 0x9a4b50
AUTO: _ZNK13AC_PosControl22get_vel_target_NEU_cmsEv @ 0xb4c5c0
AUTO: _ZL7radiansf.996 @ 0x9a4bc0
AUTO: _ZNK13AC_PosControl21get_vel_target_NEU_msEv @ 0xb4c650
AUTO: _ZL9cd_to_radf.1156 @ 0x9a4c10
AUTO: _ZNK6Copter16get_force_flyingEv @ 0x9a4c60
AUTO: _ZNK13AC_PosControl23get_vel_U_control_ratioEv @ 0xb4c6a0
AUTO: _ZN6Copter7rc_loopEv @ 0x9a4cc0
AUTO: _ZN6Copter23Log_Video_StabilisationEv @ 0x9a4d20
AUTO: _ZN8AP_Mount11update_fastEv @ 0x9a4ef0
AUTO: _ZN6Copter33update_rangefinder_terrain_offsetEv @ 0x9a4fa0
AUTO: _ZL3MAXI9AP_ParamTIfL11ap_var_type4EEfEDTqugtfp_fp0_fp_fp0_ERKT_RKT0_.1783 @ 0x9a51d0
AUTO: _ZN8AC_WPNav33set_rangefinder_terrain_offset_cmEbbf @ 0xb4c710
AUTO: _ZN9AC_Circle33set_rangefinder_terrain_offset_cmEbbf @ 0xb4c820
AUTO: _ZN6Copter31update_land_and_crash_detectorsEv @ 0x9a5260
AUTO: _ZN6Copter20update_land_detectorEv @ 0x9a5360
AUTO: _ZN6Copter15parachute_checkEv @ 0x9a5970
AUTO: _ZN6Copter11crash_checkEv @ 0x9a5cc0
AUTO: _ZN6Copter17thrust_loss_checkEv @ 0x9a5ff0
AUTO: _ZN6Copter19yaw_imbalance_checkEv @ 0x9a6340
AUTO: _ZNK6Copter17option_is_enabledENS_12FlightOptionE @ 0xb4c8c0
AUTO: _ZL9cd_to_radf.1034 @ 0x9a6640
AUTO: _ZL2sqf @ 0x9a6690
AUTO: _ZN14AP_LandingGear13get_wow_stateEv @ 0x9a6b90
AUTO: _ZN6Copter8Log_LDETEtj @ 0x9a6be0
AUTO: _ZN6Copter20update_home_from_EKFEv @ 0x9a6d30
AUTO: _ZN6Copter18update_flight_modeEv @ 0x9a6ef0
AUTO: _ZN6Copter15SurfaceTracking22invalidate_for_loggingEv @ 0xb4cad0
AUTO: _ZN18AC_AttitudeControl21landed_gain_reductionEb @ 0x9a6f90
AUTO: _ZN6Copter15check_ekf_resetEv @ 0x9a7280
AUTO: _ZN7AP_AHRS20getLastYawResetAngleERf @ 0x9a73f0
AUTO: _ZNK7AP_AHRS22get_primary_core_indexEv @ 0xb4cb20
AUTO: _ZN7NavEKF320getLastYawResetAngleERf @ 0x9a7720
AUTO: _ZN6Copter12read_inertiaEv @ 0x9a7870
AUTO: _ZN13AC_PosControl16update_estimatesEb @ 0x9a79e0
AUTO: _ZN9AP_Follow16update_estimatesEv @ 0x9a7b90
AUTO: _ZN9AP_Follow32clear_dist_and_bearing_to_targetEv @ 0x9a89c0
AUTO: _ZN6Copter9read_AHRSEv @ 0x9a8ea0
AUTO: _ZN6Copter18motors_output_mainEv @ 0x9a8f00
AUTO: _ZN6Copter21run_custom_controllerEv @ 0xb4cbd0
AUTO: _ZN16AC_CustomControl6updateEv @ 0x9a8f70
AUTO: _ZN16AC_CustomControl14is_safe_to_runEv @ 0x9a9040
AUTO: _ZN6Copter24run_rate_controller_mainEv @ 0x9a9280
AUTO: _ZN13AC_PosControl8set_dt_sEf @ 0xb4cc30
AUTO: _ZN18AC_AttitudeControl8set_dt_sEf @ 0xb4cca0
AUTO: _ZN4Mode18get_pilot_speed_dnEv @ 0x9ab490
AUTO: _ZNK13AC_PosControl18get_pos_error_U_cmEv @ 0xb50660
AUTO: _ZNK13AC_PosControl17get_pos_error_U_mEv @ 0xb506c0
AUTO: _ZNK13AC_PosControl21get_pos_offset_NEU_cmEv @ 0xb51d60
AUTO: _ZNK10ModeCircle11mode_numberEv @ 0xb53120
AUTO: _ZN10ModeCircle4initEb @ 0x9c1190
AUTO: _ZNK10ModeCircle12requires_GPSEv @ 0xb53170
AUTO: _ZNK10ModeCircle19has_manual_throttleEv @ 0xb531c0
AUTO: _ZNK10ModeCircle12is_autopilotEv @ 0xb53270
AUTO: _ZNK10ModeCircle5name4Ev @ 0xb53310
AUTO: _ZN9AC_Circle15calc_velocitiesEb @ 0x9c2280
AUTO: _ZL3MINIffEDTqultfp_fp0_fp_fp0_ERKT_RKT0_.12425 @ 0x9c2430
AUTO: _ZL3MAXIffEDTqugtfp_fp0_fp_fp0_ERKT_RKT0_.12424 @ 0x9c24c0
AUTO: _ZN9AC_Circle4initEv @ 0x9c27c0
AUTO: _ZNK9AC_Circle13roi_at_centerEv @ 0xb53580
AUTO: _ZN9AC_Circle16init_start_angleEb @ 0x9c2950
AUTO: _ZN8ModeAuto12exit_missionEv @ 0x9ccad0
AUTO: _ZN7FunctorIvJEE14method_wrapperI8ModeAutoXadL_ZNS2_12exit_missionEvEEEEvPv @ 0xb54de0
AUTO: _ZN8ModeAuto12loiter_startEv @ 0x9ccba0
AUTO: _ZN8ModeAuto14verify_commandERKN10AP_Mission15Mission_CommandE @ 0x9ccc80
AUTO: _ZN7FunctorIbJRKN10AP_Mission15Mission_CommandEEE14method_wrapperI8ModeAutoXadL_ZNS6_14verify_commandES3_EEEEbPvS3_ @ 0xb54e90
AUTO: _ZN8ModeAuto13verify_nav_wpERKN10AP_Mission15Mission_CommandE @ 0x9cd1f0
AUTO: _ZN8ModeAuto11set_submodeENS_7SubModeE @ 0x9ce400
AUTO: _ZN8ModeAuto13start_commandERKN10AP_Mission15Mission_CommandE @ 0x9cea70
AUTO: _ZN7FunctorIbJRKN10AP_Mission15Mission_CommandEEE14method_wrapperI8ModeAutoXadL_ZNS6_13start_commandES3_EEEEbPvS3_ @ 0xb55210
AUTO: _ZN8ModeAuto9do_nav_wpERKN10AP_Mission15Mission_CommandE @ 0x9cef70
AUTO: _ZN8ModeAuto8wp_startERK8Location @ 0x9d0c70
AUTO: _ZNK8ModeAuto20subtract_pos_offsetsER8Location @ 0x9d1570
AUTO: _ZN8ModeAuto11set_next_wpERKN10AP_Mission15Mission_CommandERK8Location @ 0x9d1930
AUTO: _ZNK8ModeAuto12loc_from_cmdERKN10AP_Mission15Mission_CommandERK8Location @ 0x9d1b20
AUTO: _ZN8ModeAuto4exitEv @ 0x9d3c80
AUTO: _ZN8ModeAuto3runEv @ 0x9d3d30
AUTO: _ZNK8ModeAuto12requires_GPSEv @ 0x9d4050
AUTO: _ZNK8ModeAuto19has_manual_throttleEv @ 0xb555e0
AUTO: _ZNK8ModeAuto13is_taking_offEv @ 0x9d4140
AUTO: _ZNK8ModeAuto10is_landingEv @ 0x9d41b0
AUTO: _ZNK8ModeAuto6get_wpER8Location @ 0x9d4260
AUTO: _ZNK8ModeAuto14wp_bearing_degEv @ 0x9d4380
AUTO: _ZNK8ModeAuto13wp_distance_mEv @ 0x9d4450
AUTO: _ZNK8ModeAuto18crosstrack_error_mEv @ 0xb55890
AUTO: _ZNK8ModeAuto13use_pilot_yawEv @ 0x9d4830
AUTO: _ZNK8ModeAuto20allows_weathervaningEv @ 0x9d4a10
AUTO: _ZNK8ModeAuto17option_is_enabledENS_6OptionE @ 0x9d4a70
AUTO: _ZL7degreesf.1235 @ 0x9d4af0
AUTO: _ZN10AP_Mission15start_or_resumeEv @ 0x9d4b40
AUTO: _ZN25AP_Mission_ChangeDetector24check_for_mission_changeEv @ 0x9d4be0
AUTO: _ZN10AP_Mission6updateEv @ 0x9d4f90
AUTO: _ZN8ModeAuto6wp_runEv @ 0x9d51c0
AUTO: _ZN8ModeAuto10loiter_runEv @ 0x9d5570
AUTO: _ZNK10AP_Mission28get_in_landing_sequence_flagEv @ 0xb55990
AUTO: _ZNK10AP_Mission23get_in_return_path_flagEv @ 0xb559f0
AUTO: _ZN10AP_Mission20update_exit_positionEv @ 0x9d6a20
AUTO: _ZN10AP_Mission27on_mission_timestamp_changeEv @ 0x9d6ab0
AUTO: _ZN10AP_Mission14verify_commandERKNS_15Mission_CommandE @ 0x9d6b00
AUTO: _ZN10AP_Mission22advance_current_do_cmdEv @ 0x9d6cb0
AUTO: _ZNK10AP_Mission15Mission_CommandneERKS0_ @ 0xb55ae0
AUTO: _ZNK10AP_Mission15Mission_CommandeqERKS0_ @ 0xb55b50
AUTO: _ZN8AP_Mount19set_mode_to_defaultEv @ 0xb55bd0
AUTO: _ZNK14AP_BattMonitor22capacity_remaining_pctERhh @ 0x9e4e00
AUTO: _ZNK10GCS_Copter11custom_modeEv @ 0x9e5140
AUTO: _ZNK10GCS_Copter10frame_typeEv @ 0x9e51a0
AUTO: _ZN10GCS_Copter4chanEh @ 0xb57210
AUTO: _ZNK10GCS_Copter43min_loop_time_remaining_for_message_send_usEv @ 0xb57330
AUTO: _ZNK10GCS_Copter19vehicle_initialisedEv @ 0x9e52c0
AUTO: _ZN10GCS_Copter34update_vehicle_sensor_status_flagsEv @ 0x9e53e0
AUTO: _ZNK12AP_Proximity14sensor_presentEv @ 0x9e5770
AUTO: _ZNK12AP_Proximity14sensor_enabledEv @ 0x9e57d0
AUTO: _ZNK12AP_Proximity13sensor_failedEv @ 0x9e5830
AUTO: _ZN18GCS_MAVLINK_Copter14packetReceivedERK16__mavlink_statusRK17__mavlink_message @ 0x9e5ae0
AUTO: _ZNK18GCS_MAVLINK_Copter13mission_stateERK10AP_Mission @ 0x9e5bb0
AUTO: _ZNK11GCS_MAVLINK16send_rangefinderEv @ 0x9e5c50
AUTO: _ZNK18GCS_MAVLINK_Copter26send_nav_controller_outputEv @ 0x9e5d20
AUTO: _ZN18GCS_MAVLINK_Copter15send_pid_tuningEv @ 0x9e5ec0
AUTO: _ZN11GCS_MAVLINK21send_scaled_pressure3Ev @ 0x9e6110
AUTO: _ZNK11GCS_MAVLINK13send_attitudeEv @ 0x9e6170
AUTO: _ZN18GCS_MAVLINK_Copter31send_position_target_global_intEv @ 0x9e6430
AUTO: _ZNK18GCS_MAVLINK_Copter17send_winch_statusEv @ 0x9e69a0
AUTO: _ZNK18GCS_MAVLINK_Copter9base_modeEv @ 0x9e6f50
AUTO: _ZNK18GCS_MAVLINK_Copter21vehicle_system_statusEv @ 0x9e7030
AUTO: _ZNK11GCS_MAVLINK19persist_streamratesEv @ 0xb575a0
AUTO: _ZN18GCS_MAVLINK_Copter25handle_command_int_packetERK23__mavlink_command_int_tRK17__mavlink_message @ 0x9e7220
AUTO: _ZN18GCS_MAVLINK_Copter14handle_messageERK17__mavlink_message @ 0x9e7b40
AUTO: _ZN18GCS_MAVLINK_Copter16try_send_messageE10ap_message @ 0x9e8500
AUTO: _ZN11GCS_MAVLINK24send_global_position_intEv @ 0x9e8720
AUTO: _ZNK11GCS_MAVLINK23global_position_int_altEv @ 0x9e88a0
AUTO: _ZNK11GCS_MAVLINK32global_position_int_relative_altEv @ 0x9e8900
AUTO: _ZNK11GCS_MAVLINK17vfr_hud_climbrateEv @ 0x9e8970
AUTO: _ZNK18GCS_MAVLINK_Copter16vfr_hud_airspeedEv @ 0x9e8a30
AUTO: _ZNK18GCS_MAVLINK_Copter16vfr_hud_throttleEv @ 0x9e8b30
AUTO: _ZNK18GCS_MAVLINK_Copter11vfr_hud_altEv @ 0x9e8bc0
AUTO: _ZN11GCS_MAVLINK35convert_COMMAND_LONG_to_COMMAND_INTERK24__mavlink_command_long_tR23__mavlink_command_int_t9MAV_FRAME @ 0x9e90f0
AUTO: _ZN11GCS_MAVLINK28command_long_stores_locationE7MAV_CMD @ 0x9e98a0
AUTO: _ZL30convert_COMMAND_LONG_loc_paramfb @ 0x9e9980
AUTO: _ZL7degreesf.132 @ 0x9e9a30
AUTO: _ZL3MINIfiEDTqultfp_fp0_fp_fp0_ERKT_RKT0_ @ 0x9e9a80
AUTO: _ZNK11GCS_MAVLINK11vfr_hud_altEv @ 0x9e9b20
AUTO: _ZL36mavlink_msg_global_position_int_send17mavlink_channel_tjiiiissst @ 0x9e9b80
AUTO: _ZN10AP_Terrain12send_requestE17mavlink_channel_t @ 0x9e9ca0
AUTO: _ZN10AP_Terrain11send_reportE17mavlink_channel_t @ 0x9e9df0
AUTO: _ZNK18GCS_MAVLINK_Copter9send_windEv @ 0x9e9ea0
AUTO: _ZN7AP_ADSB17send_adsb_vehicleE17mavlink_channel_t @ 0x9e9fa0
AUTO: _ZNK11GCS_MAVLINK23get_ap_message_intervalE10ap_messageRt @ 0x9ea1b0
AUTO: _ZN13AP_OADatabase17send_adsb_vehicleE17mavlink_channel_tt @ 0x9ea2e0
AUTO: _ZN11GCS_MAVLINK16try_send_messageE10ap_message @ 0x9ea880
AUTO: _ZN11GCS_MAVLINK17queued_param_sendEv @ 0x9eb530
AUTO: _ZNK11GCS_MAVLINK14send_heartbeatEv @ 0x9eb7e0
AUTO: _ZNK11GCS_MAVLINK8send_rpmEv @ 0x9ebba0
AUTO: _ZN11GCS_MAVLINK24try_send_mission_messageE10ap_message @ 0x9ebc80
AUTO: _ZN7Compass21send_mag_cal_progressERK11GCS_MAVLINK @ 0x9ebe80
AUTO: _ZN7Compass19send_mag_cal_reportERK11GCS_MAVLINK @ 0x9ec0d0
AUTO: _ZN11GCS_MAVLINK19send_battery_statusEv @ 0x9ec400
AUTO: _ZNK7AP_AHRS22send_ekf_status_reportER11GCS_MAVLINK @ 0x9ec550
AUTO: _ZN11GCS_MAVLINK12send_meminfoEv @ 0x9ec650
AUTO: _ZNK11GCS_MAVLINK17send_fence_statusEv @ 0x9ec710
AUTO: _ZN11GCS_MAVLINK20send_distance_sensorEv @ 0x9ec880
AUTO: _ZNK11GCS_MAVLINK16send_system_timeEv @ 0x9ecdc0
AUTO: _ZN6AP_GPS20send_mavlink_gps_rawE17mavlink_channel_t @ 0x9ece50
AUTO: _ZN6AP_GPS20send_mavlink_gps_rtkE17mavlink_channel_th @ 0x9ed1a0
AUTO: _ZN6AP_GPS21send_mavlink_gps2_rawE17mavlink_channel_t @ 0x9ed280
AUTO: _ZNK11GCS_MAVLINK19send_local_positionEv @ 0x9ed620
AUTO: _ZNK11GCS_MAVLINK34send_gimbal_device_attitude_statusEv @ 0x9ed6f0
AUTO: _ZN11GCS_MAVLINK16send_opticalflowEv @ 0x9edab0
AUTO: _ZN11GCS_MAVLINK17send_power_statusEv @ 0x9edc20
AUTO: _ZNK11GCS_MAVLINK16send_rc_channelsEv @ 0x9edd30
AUTO: _ZNK11GCS_MAVLINK20send_rc_channels_rawEv @ 0x9edff0
AUTO: _ZN11GCS_MAVLINK12send_raw_imuEv @ 0x9ee170
AUTO: _ZN11GCS_MAVLINK15send_scaled_imuEhPFv17mavlink_channel_tjssssssssssE @ 0x9ee580
AUTO: _ZL28mavlink_msg_scaled_imu2_send17mavlink_channel_tjssssssssss @ 0x9ee840
AUTO: _ZL28mavlink_msg_scaled_imu3_send17mavlink_channel_tjssssssssss @ 0x9ee9b0
AUTO: _ZN11GCS_MAVLINK20send_scaled_pressureEv @ 0x9eed60
AUTO: _ZN11GCS_MAVLINK21send_scaled_pressure2Ev @ 0x9eedc0
AUTO: _ZN11GCS_MAVLINK13send_airspeedEv @ 0x9eee20
AUTO: _ZN11GCS_MAVLINK21send_servo_output_rawEv @ 0x9eefe0
AUTO: _ZNK11GCS_MAVLINK13send_simstateEv @ 0x9ef400
AUTO: _ZN11GCS_MAVLINK15send_sys_statusEv @ 0x9ef520
AUTO: _ZN11GCS_MAVLINK10send_ahrs2Ev @ 0x9ef810
AUTO: _ZN11GCS_MAVLINK9send_ahrsEv @ 0x9ef8f0
AUTO: _ZN11GCS_MAVLINK12send_vfr_hudEv @ 0x9efa70
AUTO: _ZNK11GCS_MAVLINK14send_vibrationEv @ 0x9efbb0
AUTO: _ZNK11GCS_MAVLINK21send_generator_statusEv @ 0x9efca0
AUTO: _ZN12AP_ESC_Telem26send_esc_telemetry_mavlinkEh @ 0x9f0020
AUTO: _ZN6AP_EFI19send_mavlink_statusE17mavlink_channel_t @ 0x9f04b0
AUTO: _ZN6AP_AIS13get_singletonEv @ 0x9f0c80
AUTO: _ZNK11GCS_MAVLINK21battery_remaining_pctEh @ 0x9f1610
AUTO: _ZL3MINIhiEDTqultfp_fp0_fp_fp0_ERKT_RKT0_.6782 @ 0x9f1ac0
AUTO: _ZL44mavlink_msg_esc_telemetry_1_to_4_send_struct17mavlink_channel_tPK32__mavlink_esc_telemetry_1_to_4_t @ 0x9f1de0
AUTO: _ZN12AP_Generator21send_generator_statusERK11GCS_MAVLINK @ 0x9f23e0
AUTO: _ZL26mavlink_msg_vibration_send17mavlink_channel_tmfffjjj @ 0x9f2460
AUTO: _ZL24mavlink_msg_vfr_hud_send17mavlink_channel_tffstff @ 0x9f2570
AUTO: _ZNK7AP_AHRS12get_error_rpEv @ 0x9f2700
AUTO: _ZNK7AP_AHRS13get_error_yawEv @ 0x9f2760
AUTO: _ZL21mavlink_msg_ahrs_send17mavlink_channel_tfffffff @ 0x9f27c0
AUTO: _ZL22mavlink_msg_ahrs2_send17mavlink_channel_tffffii @ 0x9f28e0
AUTO: _ZNK9AP_Logger11num_droppedEv @ 0x9f29e0
AUTO: _ZNK14AP_BattMonitor11gcs_voltageEv @ 0xb57780
AUTO: _ZL27mavlink_msg_sys_status_send17mavlink_channel_tjjjttsatttttt @ 0x9f2a60
AUTO: _ZNK14AP_BattMonitor11gcs_voltageEh @ 0x9f2c00
AUTO: _ZNK17AP_Logger_Backend11num_droppedEv @ 0xb577d0
AUTO: _ZL7radiansf.16475 @ 0x9f3020
AUTO: _ZNK4SITL3SIM13simstate_sendE17mavlink_channel_t @ 0x9f33a0
AUTO: _ZL25mavlink_msg_simstate_send17mavlink_channel_tfffffffffii @ 0x9f3570
AUTO: _ZL33mavlink_msg_servo_output_raw_send17mavlink_channel_tjhtttttttttttttttt @ 0x9f3710
AUTO: _ZL33mavlink_msg_scaled_pressure2_send17mavlink_channel_tjffss @ 0x9f3a10
AUTO: _ZN11GCS_MAVLINK29send_scaled_pressure_instanceEhPFv17mavlink_channel_tjffssE @ 0x9f3af0
AUTO: _ZL32mavlink_msg_scaled_pressure_send17mavlink_channel_tjffss @ 0x9f3ce0
AUTO: _ZL24mavlink_msg_raw_imu_send17mavlink_channel_tmssssssssshs @ 0x9f3e40
AUTO: _ZNK11GCS_MAVLINK16sending_mavlink1Ev @ 0x9f3fc0
AUTO: _ZNK11GCS_MAVLINK13receiver_rssiEv @ 0x9f4020
AUTO: _ZL28mavlink_msg_rc_channels_send17mavlink_channel_tjhtttttttttttttttttth @ 0x9f4230
AUTO: _ZL29mavlink_msg_power_status_send17mavlink_channel_tttt @ 0x9f44a0
AUTO: _ZN8AP_Mount34send_gimbal_device_attitude_statusE17mavlink_channel_t @ 0x9f4f20
AUTO: _ZL35mavlink_msg_local_position_ned_send17mavlink_channel_tjffffff @ 0x9f5580
AUTO: _ZNK6AP_GPS12gps_yaw_cdegEh @ 0x9f5690
AUTO: _ZNK6AP_GPS23have_gps_yaw_configuredEh @ 0xb57970
AUTO: _ZL28mavlink_msg_gps_raw_int_send17mavlink_channel_tmhiiitttthijjjjt @ 0x9f5990
AUTO: _ZL28mavlink_msg_system_time_send17mavlink_channel_tmj @ 0x9f5b80
AUTO: _ZN11GCS_MAVLINK14send_proximityEv @ 0x9f7120
AUTO: _ZNK12AP_Proximity12distance_minEv @ 0x9f7500
AUTO: _ZL3MINIjjEDTqultfp_fp0_fp_fp0_ERKT_RKT0_.6784 @ 0x9f79c0
AUTO: _ZL24mavlink_msg_meminfo_send17mavlink_channel_tttj @ 0x9f7a40
AUTO: _ZNK7NavEKF318send_status_reportER11GCS_MAVLINK @ 0x9f7ce0
AUTO: _ZNK12NavEKF3_core18send_status_reportER11GCS_MAVLINK @ 0x9f7d70
AUTO: _ZL41mavlink_msg_ekf_status_report_send_struct17mavlink_channel_tPK29__mavlink_ekf_status_report_t @ 0x9f8170
AUTO: _ZNK14AP_BattMonitor13option_is_setEhN21AP_BattMonitor_Params7OptionsE @ 0x9f8c90
AUTO: _ZNK11GCS_MAVLINK19send_battery_statusEh @ 0x9f8d60
AUTO: _ZL3MINIftEDTqultfp_fp0_fp_fp0_ERKT_RKT0_ @ 0x9f95f0
AUTO: _ZNK14AP_BattMonitor14time_remainingERjh @ 0x9f9690
AUTO: _ZNK14AP_BattMonitor24get_mavlink_charge_stateEh @ 0x9f9780
AUTO: _ZNK14AP_BattMonitor25get_mavlink_fault_bitmaskEh @ 0x9f98b0
AUTO: _ZL31mavlink_msg_battery_status_send17mavlink_channel_thhhsPKtsiiaihS1_hj @ 0x9f9960
AUTO: _ZN14typesafe_indexIh12TAG_PriorityErmERKh @ 0xb57bc0
AUTO: _ZN11GCS_MAVLINK20send_mission_currentERK10AP_Missiont @ 0x9fa0e0
AUTO: _ZL37mavlink_msg_mission_item_reached_send17mavlink_channel_tt @ 0x9fa1e0
AUTO: _ZL32mavlink_msg_mission_current_send17mavlink_channel_ttthh @ 0x9fa5b0
AUTO: _ZNK11GCS_MAVLINK13system_statusEv @ 0x9faa80
AUTO: _ZL26mavlink_msg_heartbeat_send17mavlink_channel_thhhjh @ 0x9fab10
AUTO: _ZN11GCS_MAVLINK28send_parameter_async_repliesEv @ 0x9fabf0
AUTO: _ZN12ObjectBufferIN11GCS_MAVLINK19pending_param_replyEE4peekERS1_ @ 0xb57cb0
AUTO: _ZL21mavlink_msg_wind_send17mavlink_channel_tfff @ 0x9fb6d0
AUTO: _ZN10AP_Terrain19send_terrain_reportE17mavlink_channel_tRK8Locationb @ 0x9fb780
AUTO: _ZL31mavlink_msg_terrain_report_send17mavlink_channel_tiitfftt @ 0x9fb930
AUTO: _ZN10AP_Terrain18send_cache_requestE17mavlink_channel_t @ 0x9fba50
AUTO: _ZN10AP_Terrain15request_missingE17mavlink_channel_tRKNS_9grid_infoE @ 0x9fbb50
AUTO: _ZN10AP_Terrain15request_missingE17mavlink_channel_tRNS_10grid_cacheE @ 0x9fbbe0
AUTO: _ZL32mavlink_msg_terrain_request_send17mavlink_channel_tiitm @ 0x9fbdc0
AUTO: _ZN10AP_Terrain11handle_dataE17mavlink_channel_tRK17__mavlink_message @ 0xa02960
AUTO: _ZN11GCS_MAVLINK14handle_messageERK17__mavlink_message @ 0xa02a30
AUTO: _ZN11GCS_MAVLINK16handle_heartbeatERK17__mavlink_message @ 0xa035b0
AUTO: _ZN11GCS_MAVLINK19handle_command_longERK17__mavlink_message @ 0xa04920
AUTO: _ZN11GCS_MAVLINK26handle_request_data_streamERK17__mavlink_message @ 0xa05f60
AUTO: _ZNK3GCS12sysid_is_gcsEh @ 0xa0b5c0
AUTO: _ZN11GCS_MAVLINK16sysid_mygcs_seenEj @ 0xa0b860
AUTO: _ZN3GCS16sysid_mygcs_seenEj @ 0xb58770
AUTO: _ZL38mavlink_msg_request_data_stream_decodePK17__mavlink_messageP31__mavlink_request_data_stream_t @ 0xa0cad0
AUTO: _ZN9AP_Logger13Write_CommandERK23__mavlink_command_int_thh10MAV_RESULTb @ 0xa0fd70
AUTO: _ZL31mavlink_msg_command_long_decodePK17__mavlink_messageP24__mavlink_command_long_t @ 0xa0fef0
AUTO: _ZN11GCS_MAVLINK31try_command_long_as_command_intERK24__mavlink_command_long_tRK17__mavlink_message @ 0xa0ffc0
AUTO: _ZN11GCS_MAVLINK16_set_mode_commonEhj @ 0xa12820
AUTO: _ZN12ObjectBufferIN7GCS_FTP11TransactionEE3popERS1_ @ 0xb58d30
AUTO: _ZN10AP_Terrain19handle_terrain_dataERK17__mavlink_message @ 0xa17390
AUTO: _ZL31mavlink_msg_terrain_data_decodePK17__mavlink_messageP24__mavlink_terrain_data_t @ 0xa177f0
AUTO: _ZN11GCS_MAVLINK25handle_command_int_packetERK23__mavlink_command_int_tRK17__mavlink_message @ 0xa1a2a0
AUTO: _ZN11GCS_MAVLINK26handle_command_do_set_modeERK23__mavlink_command_int_t @ 0xa1b650
AUTO: _ZNK6Copter22any_failsafe_triggeredEv @ 0xb598e0
AUTO: _ZN8AP_Winch11send_statusERK11GCS_MAVLINK @ 0xa1f830
AUTO: _ZL43mavlink_msg_position_target_global_int_send17mavlink_channel_tjhtiifffffffff @ 0xa1fbb0
AUTO: _ZL25mavlink_msg_attitude_send17mavlink_channel_tjffffff @ 0xa20080
AUTO: _ZL38mavlink_msg_nav_controller_output_send17mavlink_channel_tffsstfff @ 0xa203d0
AUTO: _ZNK8ModeAuto6pausedEv @ 0xa205b0
AUTO: _ZNK11GCS_MAVLINK13mission_stateERK10AP_Mission @ 0xa20630
AUTO: _ZN8AC_WPNav6pausedEv @ 0xb59b50
AUTO: _ZN11GCS_MAVLINK14packetReceivedERK16__mavlink_statusRK17__mavlink_message @ 0xa20860
AUTO: _ZN15MAVLink_routing17check_and_forwardER11GCS_MAVLINKRK17__mavlink_message @ 0xa20a60
AUTO: _ZN9AP_Follow10handle_msgERK17__mavlink_message @ 0xa20fd0
AUTO: _ZNK11GCS_MAVLINK13accept_packetERK16__mavlink_statusRK17__mavlink_message @ 0xa21150
AUTO: _ZNK9AP_Follow21should_handle_messageERK17__mavlink_message @ 0xa21270
AUTO: _ZN15MAVLink_routing11learn_routeER11GCS_MAVLINKRK17__mavlink_message @ 0xa22240
AUTO: _ZN15MAVLink_routing16handle_heartbeatER11GCS_MAVLINKRK17__mavlink_message @ 0xa224e0
AUTO: _ZN15MAVLink_routing11get_targetsERK17__mavlink_messageRsS3_ @ 0xa22710
AUTO: _ZNK9AP_Motors18get_frame_mav_typeEv @ 0xb5a7b0
AUTO: _ZN18RC_Channels_Copter7channelEh @ 0xb5b410
AUTO: _ZN11RC_Channels16read_mode_switchEv @ 0xa26a70
AUTO: _ZNK18RC_Channels_Copter14in_rc_failsafeEv @ 0xa26b00
AUTO: _ZNK18RC_Channels_Copter15has_valid_inputEv @ 0xa26b60
AUTO: _ZNK18RC_Channels_Copter18get_arming_channelEv @ 0xa26bf0
AUTO: _ZNK18RC_Channels_Copter26flight_mode_channel_numberEv @ 0xa26ce0
AUTO: mode_to_string @ 0xa919e0
AUTO: mode_entry @ 0xa91c40
----------------------
Mode: 7 (CIRCLE)
CIRCLE: _ZN16AP_Arming_Copter14pre_arm_checksEb @ 0x5de4e0
CIRCLE: _ZN2AP13serialmanagerEv @ 0x5e05f0
CIRCLE: _ZNK9AP_ParamTIiL11ap_var_type3EEcvRKiEv @ 0xa98a80
CIRCLE: _ZN6AP_HAL4Util9vsnprintfEPcmPKcP13__va_list_tag @ 0x5e0c40
CIRCLE: _ZN13BufferPrinterC2EPcm @ 0xa98ad0
CIRCLE: _Z13print_vprintfPN6AP_HAL12BetterStreamEPKcP13__va_list_tag @ 0x5e0d80
CIRCLE: _Z11ftoa_enginefPchh @ 0x5e25d0
CIRCLE: _ZN6AP_HAL12BetterStreamC2Ev @ 0xa98b80
CIRCLE: _ZN13BufferPrinter5writeEh @ 0xa98be0
CIRCLE: _Z3gcsv @ 0x5e3200
CIRCLE: _ZN3GCS10send_textvE12MAV_SEVERITYPKcP13__va_list_tag @ 0x5e3240
CIRCLE: _ZNK3GCS28statustext_send_channel_maskEv @ 0x5e3310
CIRCLE: _ZN11GCS_MAVLINK19active_channel_maskEv @ 0xa98e80
CIRCLE: _ZN11GCS_MAVLINK22streaming_channel_maskEv @ 0xa98ec0
CIRCLE: _ZN11GCS_MAVLINK20private_channel_maskEv @ 0xa98f00
CIRCLE: _ZN3GCS13get_singletonEv @ 0xa98f40
CIRCLE: _ZNK16AP_SerialManager22find_protocol_instanceENS_14SerialProtocolEh @ 0x5e33a0
CIRCLE: _ZNK13AP_ParamTBaseIaL11ap_var_type1EE3getEv @ 0xa98f80
CIRCLE: _ZNK16AP_SerialManager14protocol_matchENS_14SerialProtocolES0_ @ 0x5e3540
CIRCLE: _ZN16AP_SerialManager13get_singletonEv @ 0xa98fd0
CIRCLE: _Z2rcv @ 0x5e3640
CIRCLE: _ZN11RC_Channels13get_singletonEv @ 0xa99070
CIRCLE: _ZNK9AP_ParamTIaL11ap_var_type1EEcvRKaEv @ 0xa99140
CIRCLE: _ZN6AP_HAL6millisEv @ 0x5e3cc0
CIRCLE: _ZN13WithSemaphoreD2Ev @ 0x5e3d00
CIRCLE: _ZN6AP_HAL8millis64Ev @ 0x5e3d60
CIRCLE: _ZN6AP_HAL8micros64Ev @ 0x5e3da0
CIRCLE: _ZL14uint64_div1000m @ 0x5e3e40
CIRCLE: _ZN7HALSITL9Scheduler4fromEPN6AP_HAL9SchedulerE @ 0xa99190
CIRCLE: _ZNK7HALSITL9Scheduler18stopped_clock_usecEv @ 0xa991e0
CIRCLE: _ZNK13AP_ParamTBaseIsL11ap_var_type2EE3getEv @ 0xa99230
CIRCLE: _ZN13WithSemaphoreC2ERN6AP_HAL9SemaphoreEj @ 0x5e3f90
CIRCLE: _ZNK6Copter10ekf_alt_okEv @ 0x5e4070
CIRCLE: _ZNK7AP_AHRS17have_inertial_navEv @ 0x5e4140
CIRCLE: _ZNK7AP_AHRS10has_statusE18NavFilterStatusBit @ 0x5e41a0
CIRCLE: _ZNK7AP_AHRS17get_filter_statusER17nav_filter_status @ 0x5e4230
CIRCLE: _ZNK7AP_AHRS8ekf_typeEv @ 0x5e4360
CIRCLE: _ZNK7NavEKF315getFilterStatusER17nav_filter_status @ 0x5e44f0
CIRCLE: _ZN2AP12externalAHRSEv @ 0x5e47e0
CIRCLE: _ZNK15AP_ExternalAHRS17get_filter_statusER17nav_filter_status @ 0x5e4820
CIRCLE: _ZN15AP_ExternalAHRS13get_singletonEv @ 0xa99320
CIRCLE: _ZNK12NavEKF3_core15getFilterStatusER17nav_filter_status @ 0x5e49b0
CIRCLE: _ZNK7AP_AHRS14always_use_EKFEv @ 0xa99360
CIRCLE: _ZNK7AP_AHRS15active_EKF_typeEv @ 0xa993c0
CIRCLE: _ZN2AP4ahrsEv @ 0x5e4a90
CIRCLE: _ZNK8AC_Fence18get_enabled_fencesEv @ 0x5e4e60
CIRCLE: _ZNK6Copter11position_okEv @ 0x5e4ed0
CIRCLE: _ZNK9AP_ParamTIfL11ap_var_type4EEcvRKfILb1EEEv @ 0xa99460
CIRCLE: _ZN7Vector3IfEC2Ev @ 0xa994b0
CIRCLE: _ZNK7AP_AHRS13get_variancesERfS0_S0_R7Vector3IfES0_ @ 0x5e4f70
CIRCLE: _ZNK7Vector3IfE6lengthEv @ 0xa99510
CIRCLE: _Z4normIffJfEEdT_T0_DpKT1_ @ 0xa99570
CIRCLE: _Z2sqIfJffEEdT_DpKT0_ @ 0xa995f0
CIRCLE: _ZL2sqf.4012 @ 0x5e5140
CIRCLE: _Z2sqIfJfEEdT_DpKT0_ @ 0xa99690
CIRCLE: _ZL2sqf.1211 @ 0x5e5190
CIRCLE: _ZN7Vector2IfEC2Ev @ 0xa99710
CIRCLE: _ZNK7NavEKF312getVariancesERfS0_S0_R7Vector3IfES0_R7Vector2IfE @ 0x5e52f0
CIRCLE: _ZN7Vector3IfE4zeroEv @ 0xa99810
CIRCLE: _ZNK12NavEKF3_core12getVariancesERfS0_S0_R7Vector3IfES0_R7Vector2IfE @ 0x5e54d0
CIRCLE: _ZL3MAXIddEDTqugtfp_fp0_fp_fp0_ERKT_RKT0_.4817 @ 0x5e56d0
CIRCLE: _ZNK7Vector2IdE7tofloatEv @ 0xa99870
CIRCLE: _ZN7Vector2IfEC2Eff @ 0xa998d0
CIRCLE: _ZNK6Copter25ekf_has_absolute_positionEv @ 0x5e59d0
CIRCLE: _ZNK6Copter25ekf_has_relative_positionEv @ 0x5e5b10
CIRCLE: _ZNK14AP_OpticalFlow7enabledEv @ 0xa99950
CIRCLE: _ZNK13AP_VisualOdom7enabledEv @ 0x5e5ca0
CIRCLE: _ZNK9AP_Motors5armedEv @ 0xa999c0
CIRCLE: _ZNK7AP_EnumIN13AP_VisualOdom15VisualOdom_TypeEEcvKS1_Ev @ 0xa99a20
CIRCLE: _ZNK7AP_EnumIN14AP_OpticalFlow4TypeEEcvKS1_Ev @ 0xa99a70
CIRCLE: _ZNK8AC_Fence7presentEv @ 0x5e5d00
CIRCLE: _ZNK19AC_PolyFence_loader17total_fence_countEv @ 0xa99ac0
CIRCLE: _ZNK19AC_PolyFence_loader27get_exclusion_polygon_countEv @ 0xa99b70
CIRCLE: _ZNK19AC_PolyFence_loader27get_inclusion_polygon_countEv @ 0xa99bc0
CIRCLE: _ZNK19AC_PolyFence_loader26get_exclusion_circle_countEv @ 0xa99c10
CIRCLE: _ZNK19AC_PolyFence_loader26get_inclusion_circle_countEv @ 0xa99c60
CIRCLE: _ZNK7AP_AHRS7healthyEv @ 0x5e5da0
CIRCLE: _ZN2AP7compassEv @ 0x5e6840
CIRCLE: _ZNK7Compass11use_for_yawEv @ 0x5e6880
CIRCLE: _ZNK16AP_NavEKF_Source12getYawSourceEh @ 0x5e76f0
CIRCLE: _ZNK12NavEKF3_core7healthyEv @ 0x5e79b0
CIRCLE: _Z2sqIdEdT_ @ 0xa99cb0
CIRCLE: _ZNK16AP_NavEKF_Source14useVelXYSourceENS_8SourceXYEh @ 0x5e7d70
CIRCLE: _ZNK16AP_NavEKF_Source18getActiveSourceSetEh @ 0xa99d10
CIRCLE: _ZNK7AP_EnumIN16AP_NavEKF_Source8SourceXYEEcvKS1_Ev @ 0xa99dc0
CIRCLE: _ZNK16AP_NavEKF_Source13option_is_setENS_13SourceOptionsE @ 0xa99e10
CIRCLE: _ZNK12NavEKF3_core15getFilterFaultsERt @ 0x5e7ea0
CIRCLE: _ZNK11QuaternionTIdE6is_nanEv @ 0xa99e90
CIRCLE: _ZNK7Vector3IdE6is_nanEv @ 0xa99f90
CIRCLE: _ZNK7AP_EnumIN16AP_NavEKF_Source9SourceYawEEcvKS1_Ev @ 0xa9a060
CIRCLE: _ZN2AP3dalEv @ 0x5e7fc0
CIRCLE: _ZN6AP_DAL7compassEv @ 0xa9a0b0
CIRCLE: _ZNK14AP_DAL_Compass15get_num_enabledEv @ 0xa9a100
CIRCLE: _ZN6AP_DAL13get_singletonEv @ 0xa9a150
CIRCLE: _ZN7Matrix3IfEC2Ev @ 0xa9a590
CIRCLE: _ZN8LocationC2Ev @ 0xa9a610
CIRCLE: _ZN8Location4zeroEv @ 0x5e84e0
CIRCLE: _ZN11QuaternionTIfEC2Ev @ 0xa9a7f0
CIRCLE: _ZN6AP_DAL4baroEv @ 0xa9a860
CIRCLE: _ZN6AP_DAL6beaconEv @ 0xa9a900
CIRCLE: _ZN6AP_DAL3gpsEv @ 0xa9a9c0
CIRCLE: _ZN6AP_DAL11rangefinderEv @ 0xa9aad0
CIRCLE: _ZN6AP_DAL10visualodomEv @ 0xa9ab20
CIRCLE: _ZNK7Compass7healthyEh @ 0x5e8990
CIRCLE: _ZNK7Compass11use_for_yawEh @ 0x5e8a30
CIRCLE: _ZNK7Compass9availableEv @ 0xa9ac40
CIRCLE: _ZN14typesafe_indexIh12TAG_PriorityEC2Eh @ 0xa9acc0
CIRCLE: _ZNK19RestrictIDTypeArrayI9AP_ParamTIaL11ap_var_type1EELj3E14typesafe_indexIh12TAG_PriorityEEixERKS5_ @ 0xa9ad20
CIRCLE: _ZNK7AP_EnumIN7Compass9LearnTypeEEcvKS1_Ev @ 0xa9ada0
CIRCLE: _ZNK14typesafe_indexIh12TAG_PriorityE7get_intEv @ 0xa9adf0
CIRCLE: _ZNK7Compass10_get_stateE14typesafe_indexIh12TAG_PriorityE @ 0xa9ae40
CIRCLE: _ZNK7Compass13_get_state_idE14typesafe_indexIh12TAG_PriorityE @ 0x5e8b10
CIRCLE: _ZNK19RestrictIDTypeArrayIN7Compass9mag_stateELj4E14typesafe_indexIh14TAG_StateIndexEEixERKS4_ @ 0xa9aec0
CIRCLE: _ZNK14typesafe_indexIh14TAG_StateIndexE7get_intEv @ 0xa9af40
CIRCLE: _ZNK19RestrictIDTypeArrayIiLj3E14typesafe_indexIh12TAG_PriorityEEixERKS2_ @ 0xa9af90
CIRCLE: _ZN14typesafe_indexIh14TAG_StateIndexEC2Eh @ 0xa9b010
CIRCLE: _ZNK14typesafe_indexIh14TAG_StateIndexEltERKh @ 0xa9b070
CIRCLE: _ZN14typesafe_indexIh14TAG_StateIndexEppEi @ 0xa9b0e0
CIRCLE: _ZN7Compass13get_singletonEv @ 0xa9b150
CIRCLE: _ZNK7NavEKF211activeCoresEv @ 0xa9b190
CIRCLE: _ZNK11QuaternionTIfE13to_axis_angleER7Vector3IfE @ 0xa9b480
CIRCLE: _ZNK7NavEKF311activeCoresEv @ 0xa9b5d0
CIRCLE: _ZN11QuaternionTIfE20from_rotation_matrixERK7Matrix3IfE @ 0xa9b680
CIRCLE: _ZNK12NavEKF3_core11use_compassEv @ 0x5e91a0
CIRCLE: _ZNK14AP_DAL_Compass11use_for_yawEh @ 0xa9bb90
CIRCLE: _ZNK12NavEKF3_core20getRotationBodyToNEDER7Matrix3IfE @ 0x5e9270
CIRCLE: _ZNK11QuaternionTIdE15rotation_matrixER7Matrix3IfE @ 0xa9bc00
CIRCLE: _ZNK6AP_DAL43get_rotation_vehicle_body_to_autopilot_bodyEv @ 0xa9be10
CIRCLE: _ZNK7Matrix3IfEmlERKS0_ @ 0xa9be60
CIRCLE: _ZN7Vector3IfEC2Efff @ 0xa9c0d0
CIRCLE: _ZN7Matrix3IfEC2ERK7Vector3IfES4_S4_ @ 0xa9c160
CIRCLE: _ZL2sqf.3887 @ 0x5e9330
CIRCLE: _Z7is_zerof @ 0xa9c210
CIRCLE: _ZN7Vector3IfEdVEf @ 0xa9c280
CIRCLE: _Z7wrap_PId @ 0x5e9380
CIRCLE: _ZN7Vector3IfEmLEf @ 0xa9c310
CIRCLE: _Z8wrap_2PId @ 0x5e9410
CIRCLE: _ZNK11QuaternionTIfE7inverseEv @ 0xa9c3a0
CIRCLE: _ZNK11QuaternionTIfEmlERKS0_ @ 0xa9c420
CIRCLE: _ZN11QuaternionTIfEC2Effff @ 0xa9c650
CIRCLE: _ZNK11QuaternionTIfE15rotation_matrixER7Matrix3IfE @ 0xa9c700
CIRCLE: _ZNK7Matrix3IfE13mul_transposeERK7Vector3IfE @ 0xa9c8f0
CIRCLE: _ZNK7Vector3IfEmiERKS0_ @ 0xa9ca00
CIRCLE: _Z20constrain_value_lineIfET_S0_S0_S0_j @ 0xa9cab0
CIRCLE: _ZN2AP13internalerrorEv @ 0x5e9500
CIRCLE: _ZNK7AP_AHRS24get_rotation_body_to_nedEv @ 0xa9cbd0
CIRCLE: _ZN2AP3gpsEv @ 0x5e9f80
CIRCLE: _ZNK6AP_GPS8get_typeEh @ 0xa9ccc0
CIRCLE: _ZNK7AP_EnumIN6AP_GPS8GPS_TypeEEcvKS1_Ev @ 0xa9cd50
CIRCLE: _ZN6AP_GPS13get_singletonEv @ 0xa9cda0
CIRCLE: _ZNK7NavEKF37healthyEv @ 0x5ea0d0
CIRCLE: _ZN7AP_AHRS13get_singletonEv @ 0xa9ce80
CIRCLE: _ZNK8AC_Avoid27proximity_avoidance_enabledEv @ 0xa9cec0
CIRCLE: _ZN2AP9proximityEv @ 0x5ea550
CIRCLE: _ZN12AP_Proximity13get_singletonEv @ 0xa9cf40
CIRCLE: _ZN2AP9schedulerEv @ 0x5ea870
CIRCLE: _ZN12AP_Scheduler25get_filtered_loop_rate_hzEv @ 0xa9cfc0
CIRCLE: _ZN12AP_Scheduler16get_loop_rate_hzEv @ 0xa9d010
CIRCLE: _ZN10AP_Terrain13get_singletonEv @ 0xa9d0a0
CIRCLE: _ZN12AP_Scripting13get_singletonEv @ 0xa9d140
CIRCLE: _ZNK16AP_InternalError6errorsEv @ 0xa9d2a0
CIRCLE: _ZNK16AP_InternalError15last_error_lineEv @ 0xa9d2f0
CIRCLE: _ZN2AP3rpmEv @ 0x5ead30
CIRCLE: _ZN12SRV_Channels17function_assignedEN11SRV_Channel8FunctionE @ 0x5eb8e0
CIRCLE: _ZNK9AP_ParamTIsL11ap_var_type2EEcvRKsEv @ 0xa9d3d0
CIRCLE: _ZN12SRV_Channels25update_aux_servo_functionEv @ 0x5eba30
CIRCLE: _ZNK7BitmaskILt190EE3getEt @ 0xa9d420
CIRCLE: _ZNK7BitmaskILt190EE8validateEt @ 0xa9d4f0
CIRCLE: _ZN7BitmaskILt190EE8clearallEv @ 0xa9d580
CIRCLE: _ZNK11SRV_Channel14valid_functionEv @ 0xa9d5e0
CIRCLE: _ZN11SRV_Channel24aux_servo_function_setupEv @ 0x5ebbb0
CIRCLE: _ZN7BitmaskILt190EE3setEt @ 0xa9d640
CIRCLE: _ZNK9AP_Enum16IN11SRV_Channel8FunctionEEcvKS1_Ev @ 0xa9d700
CIRCLE: _ZN11SRV_Channel14valid_functionENS_8FunctionE @ 0xa9d750
CIRCLE: _ZN6AP_RPM13get_singletonEv @ 0xa9d840
CIRCLE: _ZNK12AP_Scripting13option_is_setENS_11DebugOptionE @ 0xa9d930
CIRCLE: _ZNK13AP_ParamTBaseIiL11ap_var_type3EE3getEv @ 0xa9da30
CIRCLE: _ZNK2AP8PerfInfo25get_filtered_loop_rate_hzEv @ 0x5ebfa0
CIRCLE: _ZNK2AP8PerfInfo17get_filtered_timeEv @ 0x5ec030
CIRCLE: _ZN12AP_Scheduler13get_singletonEv @ 0x5ec080
CIRCLE: _ZN2AP7missionEv @ 0x5ec2a0
CIRCLE: _ZNK10AP_Mission12num_commandsEv @ 0xa9da80
CIRCLE: _ZNK7AP_AHRS8get_homeEv @ 0xa9db90
CIRCLE: _ZNK13StorageAccess10read_blockEPvtm @ 0x5eccc0
CIRCLE: _ZN10AP_Mission13get_singletonEv @ 0xa9dbe0
CIRCLE: _ZN2AP7terrainEv @ 0x5ed1f0
CIRCLE: _ZN2AP5rallyEv @ 0x5ed330
CIRCLE: _ZNK7AP_AHRS12get_locationER8Location @ 0x5ed370
CIRCLE: _ZN2AP7vehicleEv @ 0x5ed5e0
CIRCLE: _ZNK10AP_Mission7presentEv @ 0xa9dd70
CIRCLE: _ZN10AP_Vehicle13get_singletonEv @ 0x5ed620
CIRCLE: _ZNK8Location12get_distanceERKS_ @ 0x5ed840
CIRCLE: _ZN8Location14diff_longitudeEii @ 0x5ed910
CIRCLE: _ZN8Location15longitude_scaleEi @ 0x5ed9f0
CIRCLE: _Z4normIddJEEdT_T0_DpKT1_ @ 0xa9dde0
CIRCLE: _Z2sqIdJdEEdT_DpKT0_ @ 0xa9de50
CIRCLE: _ZL3MAXIdfEDTqugtfp_fp0_fp_fp0_ERKT_RKT0_ @ 0x5eda90
CIRCLE: _ZN8LocationC2EiiiNS_8AltFrameE @ 0x5edb30
CIRCLE: _ZN8Location10set_alt_cmEiNS_8AltFrameE @ 0x5edbd0
CIRCLE: _ZN8AP_Rally13get_singletonEv @ 0xa9ded0
CIRCLE: _ZN11RC_Channels23get_valid_channel_countEv @ 0x5ee020
CIRCLE: _ZNK10RC_Channel12has_overrideEv @ 0x5ee090
CIRCLE: _ZNK13AP_ParamTBaseIfL11ap_var_type4EE3getEv @ 0xa9e110
CIRCLE: _Z11is_positiveIfEbT_ @ 0xa9e160
CIRCLE: _ZL3MINIihEDTqultfp_fp0_fp_fp0_ERKT_RKT0_.6943 @ 0x5ee150
CIRCLE: _ZNK14AP_BattMonitor13has_failsafedEv @ 0xa9e1c0
CIRCLE: _ZNK6AP_GPS11num_sensorsEv @ 0x5ee860
CIRCLE: _ZNK6AP_GPS8get_hdopEh @ 0xa9e380
CIRCLE: _ZNK6AP_GPS14primary_sensorEv @ 0xa9e3f0
CIRCLE: _ZNK6AP_GPS6statusEh @ 0xa9e440
CIRCLE: _ZNK6AP_GPS10is_healthyEh @ 0x5eea80
CIRCLE: _ZNK7AP_AHRS11home_is_setEv @ 0xa9e500
CIRCLE: _ZNK6AP_GPS8locationEv @ 0xa9e560
CIRCLE: _ZNK6AP_GPS22first_unconfigured_gpsERh @ 0x5eed40
CIRCLE: _ZN3GCS9send_textE12MAV_SEVERITYPKcz @ 0x5eef10
CIRCLE: _ZNK6AP_GPS8locationEh @ 0xa9e5c0
CIRCLE: _ZNK6AP_GPS12is_rtk_roverEh @ 0x5ef1f0
CIRCLE: _ZN2AP3insEv @ 0x5ef9a0
CIRCLE: _ZNK17AP_InertialSensor19get_gyro_health_allEv @ 0x5ef9e0
CIRCLE: _ZNK17AP_InertialSensor22gyro_calibrated_ok_allEv @ 0x5efaa0
CIRCLE: _ZNK17AP_InertialSensor20get_accel_health_allEv @ 0x5efbb0
CIRCLE: _ZNK17AP_InertialSensor23accel_calibrated_ok_allEv @ 0x5efc70
CIRCLE: _ZNK10AP_GyroFFT16analysis_enabledEv @ 0xa9e7e0
CIRCLE: _ZN7Vector3IfEixEh @ 0xa9eb70
CIRCLE: _ZN10DigitalLPFIfE6_applyERKfS2_ @ 0xa9eed0
CIRCLE: _Z15constrain_int16sss @ 0xa9f4d0
CIRCLE: _Z15constrain_valueIsET_S0_S0_S0_ @ 0xa9f560
CIRCLE: _ZNK10ByteBuffer5spaceEv @ 0x5f28b0
CIRCLE: _ZN10ByteBuffer5writeEPKhj @ 0x5f2b10
CIRCLE: _ZN10ByteBuffer7reserveEPNS_5IoVecEj @ 0x5f2c30
CIRCLE: _ZN10ByteBuffer6commitEj @ 0x5f2e60
CIRCLE: _ZNK10ByteBuffer8get_sizeEv @ 0xa9f610
CIRCLE: _ZNK17AP_InertialSensor14get_gyro_countEv @ 0xa9f6a0
CIRCLE: _ZNK17AP_InertialSensor4_useEh @ 0xa9f710
CIRCLE: _ZNK17AP_InertialSensor8_gyro_idEh @ 0xa9f770
CIRCLE: _ZN17AP_InertialSensor8_gyro_idEh @ 0xa9f7d0
CIRCLE: _ZN17AP_InertialSensor4_useEh @ 0xa9f840
CIRCLE: _ZL3MINIihEDTqultfp_fp0_fp_fp0_ERKT_RKT0_.3586 @ 0x5f3390
CIRCLE: _ZNK7AP_EnumIN22AP_InertialSensor_TCal6EnableEEcvKS1_Ev @ 0xa9f910
CIRCLE: _ZN17AP_InertialSensor4tcalEh @ 0xa9f960
CIRCLE: _ZNK17AP_InertialSensor8get_gyroEv @ 0xa9f9d0
CIRCLE: _ZNK17AP_InertialSensor8use_gyroEh @ 0x5f3550
CIRCLE: _ZNK17AP_InertialSensor8get_gyroEh @ 0xa9fa30
CIRCLE: _ZNK17AP_InertialSensor15get_gyro_healthEh @ 0xa9faa0
CIRCLE: _ZNK17AP_InertialSensor15get_accel_countEv @ 0xa9fb40
CIRCLE: _ZL3MINIihEDTqultfp_fp0_fp_fp0_ERKT_RKT0_ @ 0x5f37d0
CIRCLE: _ZNK17AP_InertialSensor9get_accelEv @ 0xa9fbb0
CIRCLE: _ZNK17AP_InertialSensor9use_accelEh @ 0x5f3860
CIRCLE: _ZNK17AP_InertialSensor9get_accelEh @ 0xa9fc10
CIRCLE: _ZNK17AP_InertialSensor16get_accel_healthEh @ 0xa9fc80
CIRCLE: _ZNK17AP_InertialSensor13_accel_offsetEh @ 0xa9fd20
CIRCLE: _ZNK9AP_ParamVI7Vector3IfEL11ap_var_type5EE3getEv @ 0xa9fd80
CIRCLE: _ZNK7Vector3IfE7is_zeroEv @ 0xa9fdd0
CIRCLE: _ZNK17AP_InertialSensor12_accel_scaleEh @ 0xa9fe80
CIRCLE: _ZNK17AP_InertialSensor9_accel_idEh @ 0xa9fee0
CIRCLE: _Z8is_equalIffENSt3__19enable_ifIXsr3std17is_floating_pointINS0_11common_typeIJT_T0_EE4typeEEE5valueEbE4typeES3_S4_ @ 0xa9ff40
CIRCLE: _ZN17AP_InertialSensor9_accel_idEh @ 0xa9ffc0
CIRCLE: _ZN17AP_InertialSensor12_accel_scaleEh @ 0xaa0030
CIRCLE: _ZN17AP_InertialSensor13_accel_offsetEh @ 0xaa00a0
CIRCLE: _ZNK17AP_InertialSensor18gyro_calibrated_okEh @ 0xaa0110
CIRCLE: _ZN17AP_InertialSensor13get_singletonEv @ 0x5f3920
CIRCLE: _ZN13AP_ParamTBaseIsL11ap_var_type2EE3setERKs @ 0xaa0750
CIRCLE: _ZN13AP_ParamTBaseIiL11ap_var_type3EE3setERKi @ 0xaa07c0
CIRCLE: _ZN13AP_ParamTBaseIfL11ap_var_type4EE3setERKf @ 0xaa0820
CIRCLE: _ZNK7Vector3IfEneERKS0_ @ 0xaa0f50
CIRCLE: _ZNK8AP_Param13find_var_infoEPjRPKNS_9GroupInfoERNS_12GroupNestingEPh @ 0x5f5390
CIRCLE: _ZNK8AP_Param14copy_name_infoEPKNS_4InfoEPKNS_9GroupInfoERKNS_12GroupNestingEhPcmb @ 0x5f5610
CIRCLE: _ZNK8AP_Param14send_parameterEPKc11ap_var_typeh @ 0x5f5870
CIRCLE: _ZNK8AP_Param13cast_to_floatE11ap_var_type @ 0x5f5a10
CIRCLE: _ZN3GCS20send_parameter_valueEPKc11ap_var_typef @ 0x5f5b00
CIRCLE: _ZL3MINImmEDTqultfp_fp0_fp_fp0_ERKT_RKT0_.6631 @ 0x5f5c40
CIRCLE: _ZN11GCS_MAVLINK14mav_param_typeE11ap_var_type @ 0x5f5cc0
CIRCLE: _ZN8AP_Param16count_parametersEv @ 0x5f5d50
CIRCLE: _ZN3GCS23send_to_active_channelsEjPKc @ 0x5f5f00
CIRCLE: _ZN9AP_Logger13get_singletonEv @ 0xaa1020
CIRCLE: _ZN9AP_Logger15Write_ParameterEPKcf @ 0x5f6020
CIRCLE: _ZNK9AP_Logger10quiet_nanfEv @ 0xaa1060
CIRCLE: _ZN17AP_Logger_Backend15Write_ParameterEPKcff @ 0x5f6110
CIRCLE: _Z14strncpy_notermPcPKcm @ 0x5f6230
CIRCLE: _ZN17AP_Logger_Backend18WriteCriticalBlockEPKvt @ 0xaa10b0
CIRCLE: _ZN17AP_Logger_Backend21WritePrioritisedBlockEPKvtbb @ 0x5f62e0
CIRCLE: _ZN17AP_Logger_Backend30validate_WritePrioritisedBlockEPKvt @ 0x5f64b0
CIRCLE: _ZN17AP_Logger_Backend9ShouldLogEb @ 0x5f66a0
CIRCLE: _ZN17AP_Logger_Backend21ensure_format_emittedEPKvt @ 0x5f6b40
CIRCLE: _ZNK17AP_Logger_Backend23message_type_from_blockEPKvtR11LogMessages @ 0x5f6c60
CIRCLE: _ZNK17AP_Logger_Backend28have_emitted_format_for_typeE11LogMessages @ 0xaa1130
CIRCLE: _ZNK7BitmaskILt256EE8validateEt @ 0xaa1260
CIRCLE: _ZNK7BitmaskILt256EE3getEt @ 0xaa12f0
CIRCLE: _ZNK6AP_HAL4Util14get_soft_armedEv @ 0xaa13c0
CIRCLE: _ZN2AP6loggerEv @ 0x5f7760
CIRCLE: _Z7is_zeroI9AP_ParamTIfL11ap_var_type4EEEbT_ @ 0xaa1420
CIRCLE: _ZNK12AP_Scheduler5ticksEv @ 0xaa1480
CIRCLE: _ZN6AP_HAL8millis16Ev @ 0x5f79b0
CIRCLE: _ZNK9AP_Logger13WritesEnabledEv @ 0xaa15e0
CIRCLE: _ZNK19LoggerMessageWriter8finishedEv @ 0xaa1640
CIRCLE: _ZNK9AP_Logger15in_log_downloadEv @ 0x5f79f0
CIRCLE: _ZNK9AP_Logger16vehicle_is_armedEv @ 0xaa16a0
CIRCLE: mavlink_get_msg_entry @ 0x5f7c40
CIRCLE: _ZNK3GCS7num_gcsEv @ 0xaa1750
CIRCLE: _ZNK11GCS_MAVLINK10is_privateEv @ 0xaa17a0
CIRCLE: _ZNK11GCS_MAVLINK9is_activeEv @ 0xaa1800
CIRCLE: _ZN11GCS_MAVLINK12send_messageEPKcPK19__mavlink_msg_entry @ 0xaa1880
CIRCLE: _ZN11GCS_MAVLINK18check_payload_sizeEt @ 0x5f7d60
CIRCLE: _mav_finalize_message_chan_send @ 0x5f7e10
CIRCLE: _Z26mavlink_get_channel_statush @ 0x5f8160
CIRCLE: _Z17_mav_trim_payloadPKch @ 0x5f8240
CIRCLE: _ZL13crc_calculatePKht @ 0x5f82e0
CIRCLE: _ZL21crc_accumulate_bufferPtPKct @ 0x5f8380
CIRCLE: _ZL14crc_accumulatehPt @ 0x5f8420
CIRCLE: _Z14comm_send_lock17mavlink_channel_tt @ 0x5f86b0
CIRCLE: _mavlink_send_uart @ 0x5f8770
CIRCLE: _Z16comm_send_unlock17mavlink_channel_t @ 0x5f87f0
CIRCLE: _Z16comm_send_buffer17mavlink_channel_tPKhh @ 0x5f8870
CIRCLE: _ZL13valid_channel17mavlink_channel_t @ 0x5f89e0
CIRCLE: _Z24gcs_out_of_space_to_send17mavlink_channel_t @ 0x5f8a90
CIRCLE: _ZN11GCS_MAVLINK20out_of_space_to_sendEv @ 0xaa19c0
CIRCLE: _ZL8crc_initPt @ 0x5f93c0
CIRCLE: _ZN11GCS_MAVLINK14channel_statusEv @ 0xaa1a20
CIRCLE: _ZNK11GCS_MAVLINK7txspaceEv @ 0xaa1a70
CIRCLE: _ZNK11GCS_MAVLINK15packet_overheadEv @ 0xaa1b10
CIRCLE: _ZN11GCS_MAVLINK20packet_overhead_chanE17mavlink_channel_t @ 0x5f9410
CIRCLE: _ZL3MINIjjEDTqultfp_fp0_fp_fp0_ERKT_RKT0_.6622 @ 0x5f94f0
CIRCLE: _ZN11GCS_MAVLINK10is_privateE17mavlink_channel_t @ 0xaa1b70
CIRCLE: _ZN8AP_Param8var_infoEt @ 0xaa1be0
CIRCLE: _ZN8AP_Param14get_group_infoERKNS_4InfoE @ 0x5f9d70
CIRCLE: _ZN8AP_Param14get_group_infoERKNS_9GroupInfoE @ 0x5fa390
CIRCLE: _ZN8AP_Param19adjust_group_offsetEtRKNS_9GroupInfoERl @ 0x5fa410
CIRCLE: _ZN8AP_Param8group_idEPKNS_9GroupInfoEjhh @ 0x5fa530
CIRCLE: _ZN8AP_Param8get_baseERKNS_4InfoERl @ 0x5fa630
CIRCLE: _ZNK13AP_ParamTBaseIiL11ap_var_type3EE13cast_to_floatEv @ 0xaa1d20
CIRCLE: _ZNK8AP_Param19find_var_info_groupEPKNS_9GroupInfoEtjhlPjRS2_RNS_12GroupNestingEPh @ 0x5fa7c0
CIRCLE: _ZN8AP_Param4saveEb @ 0x5facc0
CIRCLE: _ZN17AP_InertialSensor13caltemp_accelEh @ 0xaa1ea0
CIRCLE: _ZNK17AP_InertialSensor15get_temperatureEh @ 0xaa1f10
CIRCLE: _ZNK7Vector3IfErmERKS0_ @ 0xaa2170
CIRCLE: _ZNK7Vector3IfEmlERKS0_ @ 0xaa2250
CIRCLE: _Z9safe_sqrtIfEfT_ @ 0xaa22e0
CIRCLE: _ZN11QuaternionTIfE9normalizeEv @ 0xaa2390
CIRCLE: _ZNK11QuaternionTIfE14get_euler_rollEv @ 0xaa2470
CIRCLE: _ZNK11QuaternionTIfE15get_euler_pitchEv @ 0xaa2520
CIRCLE: _Z9safe_asinIfEfT_ @ 0xaa2590
CIRCLE: _ZNK11QuaternionTIfE6lengthEv @ 0xaa2670
CIRCLE: _ZN7Vector3IfE6rotateE8Rotation @ 0xaa2780
CIRCLE: _ZNK7Matrix3IfEmlERK7Vector3IfE @ 0xaa3760
CIRCLE: _ZN7Matrix3IfE10from_eulerEfff @ 0xaa3900
CIRCLE: _ZN7Matrix3IfEC2Efffffffff @ 0xaa3b30
CIRCLE: _ZNK7Vector3IfEplERKS0_ @ 0xaa3c60
CIRCLE: _ZNK7Vector3IfEdvEf @ 0xaa3d10
CIRCLE: _Z4normIffJEEdT_T0_DpKT1_ @ 0xaa3db0
CIRCLE: _ZN7Vector3IfEpLERKS0_ @ 0xaa3e20
CIRCLE: _ZN15ObjectBuffer_TSIN8AP_Param10param_saveEE4peekERS1_ @ 0xaa3ec0
CIRCLE: _ZN15ObjectBuffer_TSIN8AP_Param10param_saveEE4pushERKS1_ @ 0xaa3f70
CIRCLE: _ZN10ByteBuffer9peekbytesEPhj @ 0x5fbc70
CIRCLE: _ZN10ByteBuffer9peekiovecEPNS_5IoVecEj @ 0x5fbd80
CIRCLE: _ZNK10ByteBuffer9availableEv @ 0x5fbed0
CIRCLE: _ZN10ByteBuffer7readptrERj @ 0x5fc1b0
CIRCLE: _ZNK7Vector3IfEngEv @ 0xaa4050
CIRCLE: _ZNK7AP_AHRS36get_relative_position_D_origin_floatERf @ 0x5fc6c0
CIRCLE: _ZNK7AP_AHRS30get_relative_position_D_originERd @ 0x5fc750
CIRCLE: _ZNK7NavEKF37getPosDERd @ 0x5fc9d0
CIRCLE: _ZNK8Location11initialisedEv @ 0xaa4130
CIRCLE: _ZN6AP_HAL6microsEv @ 0x5fcec0
CIRCLE: _ZNK7Vector3IfE8todoubleEv @ 0xaa41c0
CIRCLE: _ZN7Vector3IdEmLEd @ 0xaa4240
CIRCLE: _ZN8Location13offset_latlngERiS0_dd @ 0x5fcfd0
CIRCLE: _ZN8Location15limit_lattitudeEi @ 0x5fd0d0
CIRCLE: _ZN8Location14wrap_longitudeEl @ 0x5fd170
CIRCLE: _ZN7Vector3IdEC2Eddd @ 0xaa42d0
CIRCLE: _ZNK12NavEKF3_core7getPosDERd @ 0x5fd210
CIRCLE: _ZNK12NavEKF3_core13getPosD_localERd @ 0x5fd2e0
CIRCLE: _ZNK12NavEKF3_core12getOriginLLHER8Location @ 0x5fd370
CIRCLE: _ZN7Vector3IdEC2Ev @ 0xaa4360
CIRCLE: _ZNK11AP_AHRS_DCM12get_locationER8Location @ 0x5fd710
CIRCLE: _ZN2AP4baroEv @ 0x5fda40
CIRCLE: _ZNK7AP_EnumI6GPSUseEcvKS0_Ev @ 0xaa43c0
CIRCLE: _ZNK6AP_GPS6statusEv @ 0xaa4410
CIRCLE: _ZNK7AP_Baro12get_altitudeEv @ 0xaa4470
CIRCLE: _ZN8Location6offsetEdd @ 0x5fda80
CIRCLE: _ZNK6AP_GPS7get_lagERf @ 0xaa44d0
CIRCLE: _ZNK7Vector3IfE2xyEv @ 0xaa4550
CIRCLE: _ZNK7Vector2IfEmlEf @ 0xaa45a0
CIRCLE: _ZNK6AP_GPS7get_lagEhRf @ 0x5fdb10
CIRCLE: _ZNK7AP_Baro12get_altitudeEh @ 0xaa4620
CIRCLE: _ZN7AP_Baro13get_singletonEv @ 0xaa4690
CIRCLE: _ZN2AP4sitlEv @ 0x5fdda0
CIRCLE: _ZNK7AP_Baro11all_healthyEv @ 0x5fdfb0
CIRCLE: _ZNK7AP_Baro12get_pressureEv @ 0xaa46d0
CIRCLE: _ZNK7AP_Baro23get_altitude_differenceEff @ 0x5fe060
CIRCLE: _ZNK7AP_Baro26get_altitude_from_pressureEf @ 0x5fe100
CIRCLE: _ZL33find_atmosphere_layer_by_pressuref @ 0x5fe360
CIRCLE: _ZNK7AP_Baro17get_altitude_AMSLEv @ 0xaa4730
CIRCLE: _ZN7AP_Baro29geopotential_alt_to_geometricEf @ 0x5fe410
CIRCLE: _ZNK7AP_Baro17get_altitude_AMSLEh @ 0xaa4790
CIRCLE: _ZNK7AP_Baro12get_pressureEh @ 0xaa4800
CIRCLE: _ZNK7AP_Baro7healthyEh @ 0x5fe470
CIRCLE: _ZN4SITL3SIM13get_singletonEv @ 0xaa4870
CIRCLE: _ZNK7Compass7healthyEv @ 0xaa48b0
CIRCLE: _ZNK7AP_AHRS8cos_rollEv @ 0xaa4910
CIRCLE: _ZNK7AP_AHRS9cos_pitchEv @ 0xaa4960
CIRCLE: _ZN6Copter32get_pilot_desired_climb_rate_cmsEv @ 0x5fe660
CIRCLE: _ZNK10RC_Channel14get_control_inEv @ 0xaa4a20
CIRCLE: _ZNK9AP_Logger15logging_presentEv @ 0x5fee70
CIRCLE: _ZNK9AP_Logger15logging_startedEv @ 0x5fef60
CIRCLE: _ZNK11RC_Channels17option_is_enabledENS_6OptionE @ 0xaa4ac0
CIRCLE: _ZN11RC_Channels23find_channel_for_optionEN10RC_Channel8AUX_FUNCE @ 0x5ff380
CIRCLE: _ZN11RC_Channels10rc_channelEh @ 0xaa4c00
CIRCLE: _ZNK11RC_Channels19flight_mode_channelEv @ 0x5ff6d0
CIRCLE: _ZN6Copter16get_throttle_midEv @ 0x5ff770
CIRCLE: _ZNK6Copter18get_pilot_speed_dnEv @ 0x5ff7d0
CIRCLE: _ZNK10RC_Channel15get_control_midEv @ 0x5ff8a0
CIRCLE: _ZN16AP_Arming_Copter18run_pre_arm_checksEb @ 0x5ffab0
CIRCLE: _ZN16AP_Arming_Copter17set_pre_arm_checkEb @ 0x5ffea0
CIRCLE: _ZN12SRV_Channels18get_emergency_stopEv @ 0xaa50d0
CIRCLE: _ZNK10RC_Channel16read_3pos_switchERNS_12AuxSwitchPosE @ 0x602e80
CIRCLE: _ZNK10RC_Channel12get_radio_inEv @ 0xaa5110
CIRCLE: _ZN2AP5fenceEv @ 0x602fe0
CIRCLE: _ZNK8AC_Fence7enabledEv @ 0xaa5220
CIRCLE: _ZNK9AP_ParamTIfL11ap_var_type4EEmiERKS1_ @ 0xaa5410
CIRCLE: _ZNK7Vector2IfEmiERKS0_ @ 0xaa5b60
CIRCLE: _ZNK7Vector2IfE14length_squaredEv @ 0xaa5d70
CIRCLE: _ZNK7Vector2IfEmlERKS0_ @ 0xaa5dd0
CIRCLE: _ZNK8Location15get_distance_NEERKS_ @ 0x604ba0
CIRCLE: _ZN8AC_Fence13get_singletonEv @ 0xaa5f00
CIRCLE: _ZN2AP10visualodomEv @ 0x604d60
CIRCLE: _ZN13AP_VisualOdom13get_singletonEv @ 0xaa5f40
CIRCLE: _ZN2AP5mountEv @ 0x6052e0
CIRCLE: _ZN8AP_Mount13get_singletonEv @ 0xaa5fc0
CIRCLE: _ZN2AP3osdEv @ 0x605540
CIRCLE: _ZN6AP_OSD13get_singletonEv @ 0xaa6060
CIRCLE: _ZN2AP9generatorEv @ 0x605890
CIRCLE: _ZN12AP_Generator13get_singletonEv @ 0x605a50
CIRCLE: _ZN2AP3canEv @ 0x605a90
CIRCLE: _ZNK13AP_CANManager15get_num_driversEv @ 0xaa6150
CIRCLE: _ZNK13AP_CANManager15get_driver_typeEh @ 0xaa61a0
CIRCLE: _ZN12SRV_Channels18get_motor_functionEh @ 0xaa63a0
CIRCLE: _ZN13AP_CANManager13get_singletonEv @ 0xaa6430
CIRCLE: _ZNK10AP_Terrain14get_statisticsERtS0_ @ 0x606570
CIRCLE: _ZNK10AP_Terrain10bitcount64Em @ 0x606760
CIRCLE: _ZN11RangeFinder13get_singletonEv @ 0xaa66c0
CIRCLE: _ZNK9AP_Logger14logging_failedEv @ 0x606e80
CIRCLE: _ZN2AP7batteryEv @ 0x607000
CIRCLE: _ZNK14AP_BattMonitor15configured_typeEh @ 0xaa67b0
CIRCLE: _ZNK14AP_BattMonitor14allocated_typeEh @ 0xaa6820
CIRCLE: _ZNK22AP_BattMonitor_Backend20check_failsafe_typesERbS0_S0_S0_ @ 0x607730
CIRCLE: _Z11is_positiveI9AP_ParamTIfL11ap_var_type4EEEbT_ @ 0xaa6890
CIRCLE: _ZNK21AP_BattMonitor_Params23failsafe_voltage_sourceEv @ 0xaa6970
CIRCLE: _ZNK22AP_BattMonitor_Backend24voltage_resting_estimateEv @ 0x607ad0
CIRCLE: _ZL3MAXIffEDTqugtfp_fp0_fp_fp0_ERKT_RKT0_.18691 @ 0x607b40
CIRCLE: _ZN14AP_BattMonitor13get_singletonEv @ 0xaa69d0
CIRCLE: _ZNK7Compass14is_calibratingEv @ 0x607bc0
CIRCLE: _ZNK7Compass9get_fieldEv @ 0xaa6b30
CIRCLE: _ZNK7Compass10consistentEv @ 0x607f80
CIRCLE: _ZN14AP_Declination18get_earth_field_gaERK8Location @ 0x608220
CIRCLE: _ZNK7Vector3IfEmlEf @ 0xaa6b90
CIRCLE: _ZN14AP_Declination16get_mag_field_efEffRfS0_S0_ @ 0x6084c0
CIRCLE: _ZL7radiansf.2992 @ 0x608ac0
CIRCLE: _Z15constrain_int32iii @ 0xaa6c30
CIRCLE: _Z15constrain_valueIiET_S0_S0_S0_ @ 0xaa6ca0
CIRCLE: _ZN11AP_AHRS_DCM11use_compassEv @ 0x608c30
CIRCLE: _ZNK7AP_AHRS15get_fly_forwardEv @ 0xaa6d90
CIRCLE: _ZNK11AP_AHRS_DCM8have_gpsEv @ 0x608de0
CIRCLE: _ZL7degreesf.2106 @ 0x608e70
CIRCLE: _Z8wrap_180IfET_S0_ @ 0xaa6eb0
CIRCLE: _Z8wrap_360f @ 0x608ec0
CIRCLE: _ZNK6AP_GPS13ground_courseEh @ 0xaa6f40
CIRCLE: _ZNK6AP_GPS12ground_speedEh @ 0xaa6fb0
CIRCLE: _ZNK7Compass9get_countEv @ 0xaa7020
CIRCLE: _ZNK7Compass9get_fieldEh @ 0xaa7070
CIRCLE: _ZNK7Vector2IfE7is_zeroEv @ 0xaa70f0
CIRCLE: _ZNK7Vector3IfE5angleERKS0_ @ 0xaa7180
CIRCLE: _ZL7radiansf.2689 @ 0x608fe0
CIRCLE: _ZNK7Vector2IfE5angleERKS0_ @ 0xaa7290
CIRCLE: _ZNK7Vector2IfE6lengthEv @ 0xaa73b0
CIRCLE: _ZNK7Compass11get_offsetsEh @ 0xaa7410
CIRCLE: _ZNK9AP_ParamVI7Vector3IfEL11ap_var_type5EEcvRKS1_Ev @ 0xaa7490
CIRCLE: _ZNK14typesafe_indexIh12TAG_PriorityEltERKh @ 0xaa74e0
CIRCLE: _ZNK14typesafe_indexIh12TAG_PriorityEcvhEv @ 0xaa75d0
CIRCLE: _ZNK14typesafe_indexIh12TAG_PriorityEplERKh @ 0xaa7620
CIRCLE: _ZN14typesafe_indexIh12TAG_PriorityEppEi @ 0xaa7720
CIRCLE: _ZN19RestrictIDTypeArrayIN7Compass9mag_stateELj4E14typesafe_indexIh14TAG_StateIndexEEixERKS4_ @ 0xaa7790
CIRCLE: _ZN8AP_Param7set_keyERNS_12Param_headerEt @ 0x609540
CIRCLE: _ZN8AP_Param4scanEPKNS_12Param_headerEPt @ 0x6095d0
CIRCLE: _ZN8AP_Param9type_sizeE11ap_var_type @ 0x609760
CIRCLE: _ZNK13StorageAccess4sizeEv @ 0xaa7880
CIRCLE: _ZN8AP_Param7get_keyERKNS_12Param_headerE @ 0x609800
CIRCLE: _ZN8AP_Param11is_sentinalERKNS_12Param_headerE @ 0x609870
CIRCLE: _ZNK19RestrictIDTypeArrayIP17CompassCalibratorLj3E14typesafe_indexIh12TAG_PriorityEEixERKS4_ @ 0xaa78d0
CIRCLE: _ZN11AP_Airspeed13get_singletonEv @ 0xaa7950
CIRCLE: _ZNK11AP_Airspeed7enabledEh @ 0x609bb0
CIRCLE: _ZNK11AP_Airspeed3useEh @ 0x609c70
CIRCLE: _ZNK11AP_Airspeed7healthyEh @ 0x609da0
CIRCLE: _ZNK11AP_Airspeed11lib_enabledEv @ 0x609f20
CIRCLE: _ZNK11RC_Channels19has_had_rc_receiverEv @ 0xaa79e0
CIRCLE: _ZN2AP5winchEv @ 0x60a000
CIRCLE: _ZN8AP_Winch13get_singletonEv @ 0x60a1a0
CIRCLE: _ZN4AC_P2kPEv @ 0xaa7af0
CIRCLE: _ZNK11RangeFinder15has_orientationE8Rotation @ 0x60a380
CIRCLE: _ZN6AC_PID2kIEv @ 0xaa7cf0
CIRCLE: _ZN13AC_PosControl11get_pos_U_pEv @ 0xaa7e30
CIRCLE: _ZN7AC_P_1D2kPEv @ 0xaa7e80
CIRCLE: _ZN13AC_PosControl15get_accel_U_pidEv @ 0xaa7f70
CIRCLE: _ZNK11RangeFinder13find_instanceE8Rotation @ 0x60ac70
CIRCLE: _ZNK11RangeFinder11get_backendEh @ 0x60adc0
CIRCLE: _ZN6Copter23set_land_complete_maybeEb @ 0x60b490
CIRCLE: _ZN9AP_Logger18WriteCriticalBlockEPKvt @ 0x60ba00
CIRCLE: _ZN8AP_Stats17update_flighttimeEv @ 0x60bbc0
CIRCLE: _ZN8AP_Stats14update_runtimeEv @ 0x60bc90
CIRCLE: _ZN8AP_Stats5flushEv @ 0x60bd30
CIRCLE: _ZN13AP_ParamTBaseIiL11ap_var_type3EE22set_and_save_ifchangedERKi @ 0xaa8170
CIRCLE: _ZNK14AP_DAL_Compass9availableEv @ 0xaa8240
CIRCLE: _ZNK14AP_DAL_Compass7healthyEh @ 0xaa82a0
CIRCLE: _ZNK14AP_DAL_Compass11get_offsetsEh @ 0xaa8310
CIRCLE: _ZNK7Vector3IdE7tofloatEv @ 0xaa8380
CIRCLE: _ZNK7Vector3IdEmlEd @ 0xaa8400
CIRCLE: _ZNK9AP_Arming14option_enabledENS_6OptionE @ 0xaa84a0
CIRCLE: _ZNK9AP_Arming22get_rudder_arming_typeEv @ 0xaa8520
CIRCLE: _ZN8AC_Fence12clear_breachEh @ 0x60ccd0
CIRCLE: _ZN9AP_Notify6updateEv @ 0x60d1a0
CIRCLE: _ZNK7AP_AHRS11get_yaw_radEv @ 0xaa8750
CIRCLE: _ZN6Copter27update_super_simple_bearingEb @ 0x60d5b0
CIRCLE: _ZN9AP_Logger10Write_ModeEh10ModeReason @ 0x60d780
CIRCLE: _ZN17AP_Logger_Backend10Write_ModeEh10ModeReason @ 0x60d8e0
CIRCLE: _ZNK7AP_AHRS38get_relative_position_NED_origin_floatER7Vector3IfE @ 0x60d990
CIRCLE: _ZN11AP_SmartRTL9add_pointERK7Vector3IfE @ 0x60dc00
CIRCLE: _ZN7HALSITL9Semaphore16take_nonblockingEv @ 0x60ddc0
CIRCLE: _ZNK11AP_SmartRTL10log_actionENS_6ActionERK7Vector3IfE @ 0x60de50
CIRCLE: _ZNK7Vector3IfE16distance_squaredERKS0_ @ 0xaa8870
CIRCLE: _ZL2sqf.12922 @ 0x60df10
CIRCLE: _ZN7HALSITL9Semaphore4giveEv @ 0x60df60
CIRCLE: _ZN9AP_Logger10Write_SRTLEbtthRK7Vector3IfE @ 0x60e010
CIRCLE: _ZN9AP_Logger10WriteBlockEPKvt @ 0x60e130
CIRCLE: _ZN17AP_Logger_Backend10WriteBlockEPKvt @ 0xaa8930
CIRCLE: _ZN11AP_SmartRTL15restart_pruningEt @ 0x60e1e0
CIRCLE: _ZN11AP_SmartRTL22restart_simplificationEt @ 0x60e290
CIRCLE: _ZN7BitmaskILt500EE6setallEv @ 0xaa89c0
CIRCLE: _ZNK7AP_AHRS32get_relative_position_NED_originER7Vector3IdE @ 0x60e320
CIRCLE: _ZN7Vector2IdEC2Ev @ 0xaa8a70
CIRCLE: _ZNK7NavEKF38getPosNEER7Vector2IdE @ 0x60e5c0
CIRCLE: _ZNK11AP_AHRS_SIM12get_locationER8Location @ 0x60e8f0
CIRCLE: _ZNK8Location23get_distance_NE_postypeERKS_ @ 0x60e9e0
CIRCLE: _ZN7Vector2IdEC2Edd @ 0xaa8ad0
CIRCLE: _ZNK12NavEKF3_core8getPosNEER7Vector2IdE @ 0x60ead0
CIRCLE: _ZNK7Vector3IdE2xyEv @ 0xaa8b50
CIRCLE: _ZNK7Vector2IdE8todoubleEv @ 0xaa8ba0
CIRCLE: _ZNK7Vector2IdEplERKS0_ @ 0xaa8c00
CIRCLE: _ZNK10AP_DAL_GPS6statusEh @ 0xaa8c90
CIRCLE: _ZNK10AP_DAL_GPS8locationEh @ 0xaa8d00
CIRCLE: _ZN7Vector2IdE4zeroEv @ 0xaa8d70
CIRCLE: _ZNK10AP_DAL_GPS14primary_sensorEv @ 0xaa8dd0
CIRCLE: _ZNK7AP_Baro15get_temperatureEh @ 0xaa9090
CIRCLE: _ZN6AP_DAL9end_frameEv @ 0x60fcd0
CIRCLE: _ZN6AP_DAL15WriteLogMessageE11LogMessagesPvPKvh @ 0x60fd50
CIRCLE: _ZN9AP_Logger16WriteReplayBlockEhPKvt @ 0x60fe70
CIRCLE: _ZNK9AP_Logger10log_replayEv @ 0xaa9100
CIRCLE: _ZN6Copter10should_logEj @ 0x610270
CIRCLE: _ZNK9AP_Logger10should_logEj @ 0x6103a0
CIRCLE: _ZN9AP_Notify13get_singletonEv @ 0xaa9200
CIRCLE: _ZNK7AP_AHRS16get_velocity_NEDER7Vector3IfE @ 0x6107b0
CIRCLE: _ZN10AP_Terrain23update_reference_offsetEv @ 0x610830
CIRCLE: _ZNK9AP_ParamTIfL11ap_var_type4EEngEv @ 0xaa92a0
CIRCLE: _ZN10AP_Terrain11height_amslERK8LocationRfb @ 0x610a70
CIRCLE: _ZNK8Location10get_alt_cmENS_8AltFrameERi @ 0x610eb0
CIRCLE: _ZNK8Location13get_alt_frameEv @ 0x6111f0
CIRCLE: _ZNK7AP_AHRS10get_originER8Location @ 0x6112d0
CIRCLE: _ZN10AP_Terrain8allocateEv @ 0x611350
CIRCLE: _ZNK10AP_Terrain19calculate_grid_infoERK8LocationRNS_9grid_infoE @ 0x611470
CIRCLE: _ZN10AP_Terrain15find_grid_cacheERKNS_9grid_infoE @ 0x6118e0
CIRCLE: _ZN10AP_Terrain12check_bitmapERKNS_10grid_blockEhh @ 0x611bf0
CIRCLE: _ZN10AP_Terrain11grid_bitnumEhh @ 0x611cb0
CIRCLE: _ZNK9AP_Arming18get_enabled_checksEv @ 0x611d40
CIRCLE: _ZN7HALSITL9Semaphore4takeEj @ 0x611ea0
CIRCLE: _ZN6AP_HAL9Semaphore13take_blockingEv @ 0xaa9a70
CIRCLE: _ZN4SITL6AS56006updateERKNS_8AircraftE @ 0x6133c0
CIRCLE: _ZNK4SITL8Aircraft12get_attitudeER11QuaternionTIfE @ 0xaaa910
CIRCLE: _ZL7degreesf.21016 @ 0x613790
CIRCLE: _ZN4SITL17I2CRegisters_8Bit12set_registerEhh @ 0x6137f0
CIRCLE: _ZN4SITL9I2CDevice6updateERKNS_8AircraftE @ 0xaaab00
CIRCLE: _ZN4SITL13TeraRangerI2C6updateERKNS_8AircraftE @ 0xaaaca0
CIRCLE: _ZNK4SITL8Aircraft17rangefinder_rangeEv @ 0x613eb0
CIRCLE: _ZL7radiansf.16135 @ 0x614390
CIRCLE: _Z10rand_floatv @ 0x6143f0
CIRCLE: _ZN4SITL7INA32216updateERKNS_8AircraftE @ 0x6146d0
CIRCLE: _ZL15convert_voltagef @ 0x614b50
CIRCLE: _ZL15convert_currentf @ 0x614c20
CIRCLE: _ZN4SITL8QMC5883L6updateERKNS_8AircraftE @ 0x614e80
CIRCLE: _ZN7Vector3IfE14rotate_inverseE8Rotation @ 0xaaad10
CIRCLE: _ZL7htole16t.15260 @ 0x615290
CIRCLE: _ZN7Vector3IsEC2Esss @ 0xaaaec0
CIRCLE: _ZN4SITL10IS31FL31956updateERKNS_8AircraftE @ 0x615500
CIRCLE: _ZN4SITL17I2CRegisters_8Bit12get_registerEh @ 0xaab060
CIRCLE: _ZN10SIM_RGBLED11set_coloursEhhh @ 0xaab0c0
CIRCLE: _ZN4SITL6LM27556updateERKNS_8AircraftE @ 0x6161e0
CIRCLE: _ZNK4SITL6LM275510LEDChannel13current_valueEv @ 0xaab2d0
CIRCLE: _ZN4SITL6LP55626updateERKNS_8AircraftE @ 0x616790
CIRCLE: _ZN4SITL6LP556210LEDChannel6updateEv @ 0x616aa0
CIRCLE: _ZNK4SITL6LP556210LEDChannel13current_valueEv @ 0xaab550
CIRCLE: _ZN4SITL6MS5XXX6updateERKNS_8AircraftE @ 0x616b80
CIRCLE: _ZN7AP_Baro37get_pressure_temperature_for_alt_amslEfRfS0_ @ 0x617b30
CIRCLE: _ZN7AP_Baro29geometric_alt_to_geopotentialEf @ 0x617d10
CIRCLE: _ZL33find_atmosphere_layer_by_altitudef @ 0x617d70
CIRCLE: _ZN7AP_Baro33get_temperature_by_altitude_layerEfa @ 0x617e20
CIRCLE: _ZN7AP_Baro29get_temperatureC_for_alt_amslEf @ 0x6189a0
CIRCLE: _ZN4SITL12InvensenseV36updateERKNS_8AircraftE @ 0x618a10
CIRCLE: _ZNK4SITL8ICM4060911accel_scaleEv @ 0xaabaa0
CIRCLE: _ZL7radiansd.14702 @ 0x6194d0
CIRCLE: _ZNK4SITL12InvensenseV310gyro_scaleEv @ 0xaabaf0
CIRCLE: _ZN4SITL12InvensenseV313write_to_fifoEhPhh @ 0x619520
CIRCLE: _ZN4SITL7MCP96006updateERKNS_8AircraftE @ 0x619a80
CIRCLE: _ZL7htobe16t.14606 @ 0x61a050
CIRCLE: _ZL10__bswap_16t.14608 @ 0x61a0a0
CIRCLE: _ZNK4SITL31I2CRegisters_ConfigurableLength13get_reg_valueEhRh @ 0x61a110
CIRCLE: _ZN4SITL6TSYS036updateERKNS_8AircraftE @ 0x61a560
CIRCLE: _ZN4SITL6TSYS016updateERKNS_8AircraftE @ 0x61afb0
CIRCLE: _ZN4SITL5SHT3x6updateERKNS_8AircraftE @ 0x61bbe0
CIRCLE: _ZN4SITL13Airspeed_DLVR6updateERKNS_8AircraftE @ 0x61c460
CIRCLE: _ZN4SITL29SIM_BattMonitor_SMBus_Generic6updateERKNS_8AircraftE @ 0x61cf40
CIRCLE: _ZNK4SITL29SIM_BattMonitor_SMBus_Generic15connected_cellsEv @ 0xaac3e0
CIRCLE: _ZN4SITL21SIM_BattMonitor_SMBus6updateERKNS_8AircraftE @ 0x61d7a0
CIRCLE: _ZNK4SITL8Aircraft19get_battery_voltageEv @ 0xaac430
CIRCLE: _ZN4SITL11SMBusDevice12set_registerEht @ 0xaac480
CIRCLE: _ZN4SITL18I2CRegisters_16Bit12set_registerEht @ 0x61d8b0
CIRCLE: _ZN4SITL11SMBusDevice12set_registerEhs @ 0xaac500
CIRCLE: _ZN4SITL18I2CRegisters_16Bit12set_registerEhs @ 0x61d960
CIRCLE: _ZN4SITL6Rotoye6updateERKNS_8AircraftE @ 0x61dc00
CIRCLE: _ZN4SITL11SMBusDevice13get_reg_valueEh @ 0xaac7b0
CIRCLE: _ZN4SITL18I2CRegisters_16Bit13get_reg_valueEh @ 0xaac820
CIRCLE: _ZL7be16toht.21067 @ 0x61dcd0
CIRCLE: _ZL10__bswap_16t.21068 @ 0x61dd20
CIRCLE: _ZNK4SITL6Maxell15connected_cellsEv @ 0xaac8e0
CIRCLE: _ZN4SITL13MaxSonarI2CXL6updateERKNS_8AircraftE @ 0xaaca20
CIRCLE: _ZN4SITL10ToshibaLED6updateERKNS_8AircraftE @ 0x61dfe0
CIRCLE: _ZNK6AP_HAL3HAL6serialEh @ 0xaad460
CIRCLE: _ZL14fill_stack_nanv @ 0x61eaa0
CIRCLE: _ZN7HALSITL9Scheduler13_run_io_procsEv @ 0x61ee20
CIRCLE: _ZNK7FunctorIvJEEcvbEv @ 0xaad570
CIRCLE: _ZNK7FunctorIvJEEclEv @ 0xaad5d0
CIRCLE: _ZN7HALSITL16I2CDeviceManager11_timer_tickEv @ 0x61f030
CIRCLE: _ZN2AP2RCEv @ 0x61f0d0
CIRCLE: _ZN13AP_RCProtocol6updateEv @ 0x61f180
CIRCLE: _ZN13AP_RCProtocol16check_added_uartEv @ 0x61f1d0
CIRCLE: _ZNK13AP_RCProtocol13should_searchEj @ 0x61f440
CIRCLE: _ZN21AP_RCProtocol_Backend9new_inputEv @ 0x61fc00
CIRCLE: _ZNK17AP_RCProtocol_FDM6activeEv @ 0xaad870
CIRCLE: _ZN6I2CBus11_timer_tickEv @ 0x61fe10
CIRCLE: _ZN9AP_Logger6WriteVEPKcS1_S1_S1_S1_P13__va_list_tagbb @ 0x61ff40
CIRCLE: _ZN9AP_Logger16msg_fmt_for_nameEPKcS1_S1_S1_S1_bb @ 0x620140
CIRCLE: _ZN17AP_Logger_Backend5WriteEhP13__va_list_tagbb @ 0x620a30
CIRCLE: _ZNK9AP_Logger24assert_same_fmt_for_nameEPKNS_13log_write_fmtEPKcS4_S4_S4_S4_ @ 0x6215b0
CIRCLE: _ZN3GCS14update_receiveEv @ 0x622920
CIRCLE: _ZN3GCS11update_sendEv @ 0x6229d0
CIRCLE: _ZN19MissionItemProtocol6updateEv @ 0x622d10
CIRCLE: _ZN11GCS_MAVLINK11update_sendEv @ 0x622ee0
CIRCLE: _ZN3GCS18service_statustextEv @ 0x6232c0
CIRCLE: _ZN3GCS15StatusTextQueue9semaphoreEv @ 0xaadad0
CIRCLE: _ZNK11ObjectArrayIN3GCS12statustext_tEE8is_emptyEv @ 0xaadb20
CIRCLE: _ZN11GCS_MAVLINK18service_statustextEv @ 0x623430
CIRCLE: _ZN3GCS15StatusTextQueue5pruneEv @ 0x623670
CIRCLE: _ZNK11ObjectArrayIN3GCS12statustext_tEE9availableEv @ 0xaadb80
CIRCLE: _ZN11ObjectArrayIN3GCS12statustext_tEEixEt @ 0xaadbd0
CIRCLE: _ZN11ObjectArrayIN3GCS12statustext_tEE6removeEt @ 0xaadc70
CIRCLE: _ZN3GCS16statustext_queueEv @ 0xaade70
CIRCLE: _Z14comm_chan_lock17mavlink_channel_t @ 0x6237a0
CIRCLE: _ZL27mavlink_msg_statustext_send17mavlink_channel_thPKcth @ 0x623800
CIRCLE: _ZL16mav_array_memcpyPvPKvm.6783 @ 0x6238e0
CIRCLE: _ZN9AP_Logger15handle_log_sendEv @ 0x623980
CIRCLE: _ZN22GCS_MAVLINK_InProgress11check_tasksEv @ 0x624050
CIRCLE: _ZNK3GCS11out_of_timeEv @ 0x624240
CIRCLE: _ZN11GCS_MAVLINK30deferred_message_to_send_indexEt @ 0x624320
CIRCLE: _ZN11GCS_MAVLINK19do_try_send_messageE10ap_message @ 0x624500
CIRCLE: _ZNK7BitmaskILt91EE9first_setEv @ 0xaadec0
CIRCLE: _ZN7BitmaskILt91EE5clearEt @ 0xaadf90
CIRCLE: _ZN11GCS_MAVLINK36next_deferred_bucket_message_to_sendEt @ 0x624630
CIRCLE: _ZNK7BitmaskILt91EE5countEv @ 0xaae050
CIRCLE: _ZNK11GCS_MAVLINK26get_reschedule_interval_msERKNS_25deferred_message_bucket_tE @ 0x624760
CIRCLE: _ZN11GCS_MAVLINK24find_next_bucket_to_sendEt @ 0x624860
CIRCLE: _ZN7BitmaskILt91EEaSERKS0_ @ 0xaae120
CIRCLE: _ZNK11GCS_MAVLINK24requesting_mission_itemsEv @ 0x624a30
CIRCLE: _ZN7GCS_FTP16get_last_send_msE17mavlink_channel_t @ 0x624b20
CIRCLE: _ZNK7BitmaskILt91EE8validateEt @ 0xaae260
CIRCLE: _ZNK11GCS_MAVLINK17telemetry_delayedEv @ 0x624cc0
CIRCLE: _ZNK3GCS11telem_delayEv @ 0xaae2f0
CIRCLE: _ZN14AP_BoardConfig15in_config_errorEv @ 0xaae350
CIRCLE: _ZNK12AP_Scheduler19time_available_usecEv @ 0x624d90
CIRCLE: _ZN2AP2FSEv @ 0x625010
CIRCLE: _ZN19AP_Filesystem_Posix5writeEiPKvj @ 0x6253b0
CIRCLE: _ZN21AP_Filesystem_Backend17bytes_until_fsyncEi @ 0xaae390
CIRCLE: _ZN19AP_Filesystem_Posix9disk_freeEPKc @ 0x625ba0
CIRCLE: _ZNK21AP_Filesystem_Backend15file_op_allowedEv @ 0x6262d0
CIRCLE: _ZL12map_filenamePKc @ 0x626370
CIRCLE: _ZL17map_filename_freePKc @ 0x626410
CIRCLE: _Z16comm_get_txspace17mavlink_channel_t @ 0x626560
CIRCLE: _ZL28mavlink_msg_command_ack_send17mavlink_channel_tthhihh.6806 @ 0x6265f0
CIRCLE: _ZN11GCS_MAVLINK23set_ap_message_intervalE10ap_messaget @ 0x626a60
CIRCLE: _ZNK11GCS_MAVLINK20cap_message_intervalEt @ 0x626e80
CIRCLE: _ZNK11GCS_MAVLINK26get_deferred_message_indexE10ap_message @ 0x626f50
CIRCLE: _ZNK7BitmaskILt91EE3getEt @ 0xaae5d0
CIRCLE: _ZN7BitmaskILt91EE3setEt @ 0xaae6a0
CIRCLE: _ZN12AP_Scheduler18get_loop_period_usEv @ 0xaae760
CIRCLE: _ZNK13AP_Filesystem13backend_by_fdERi @ 0x6277d0
CIRCLE: _ZNK13AP_Filesystem15backend_by_pathERPKc @ 0x6278a0
CIRCLE: _ZN11GCS_MAVLINK39initialise_message_intervals_for_streamENS_7streamsE @ 0x627b90
CIRCLE: _ZNK11GCS_MAVLINK23get_interval_for_streamENS_7streamsE @ 0x627d90
CIRCLE: _ZNK11GCS_MAVLINK8get_chanEv @ 0xaae800
CIRCLE: _ZN11GCS_MAVLINK12send_messageE10ap_message @ 0x628840
CIRCLE: _ZN11GCS_MAVLINK22save_signing_timestampEb @ 0x628950
CIRCLE: _ZNK11GCS_MAVLINK12is_streamingEv @ 0xaae8f0
CIRCLE: _ZN11GCS_MAVLINK16signing_key_loadER10SigningKey @ 0x628a80
CIRCLE: _ZNK13StorageAccess11write_blockEtPKvm @ 0x628be0
CIRCLE: _ZN19AC_PolyFence_loader13check_indexedEv @ 0x62b6f0
CIRCLE: _Z11is_negativeIfEbT_ @ 0xaaf650
CIRCLE: _ZN11GCS_MAVLINK14update_receiveEj @ 0x631270
CIRCLE: _ZN3GCS15update_passthruEv @ 0x631740
CIRCLE: _ZN16AP_SerialManager12get_passthruERPN6AP_HAL10UARTDriverES3_RhRjS5_ @ 0x631c70
CIRCLE: _ZN6AP_HAL10UARTDriver11read_lockedEPhmj @ 0x6326f0
CIRCLE: _ZNK11GCS_MAVLINK6lockedEv @ 0xaaf990
CIRCLE: _ZNK7FunctorIbJhPN6AP_HAL10UARTDriverEEEcvbEv @ 0xaaf9f0
CIRCLE: _ZN11GCS_MAVLINK14channel_bufferEv @ 0xaafad0
CIRCLE: mavlink_frame_char_buffer @ 0x632dd0
CIRCLE: _ZN12AP_Scripting14handle_messageERK17__mavlink_message17mavlink_channel_t @ 0x633670
CIRCLE: _ZN11GCS_MAVLINK13send_timesyncEv @ 0x633860
CIRCLE: _ZN11GCS_MAVLINK17log_mavlink_statsEv @ 0x6338d0
CIRCLE: _ZNK11GCS_MAVLINK15signing_enabledEv @ 0x633a50
CIRCLE: _ZNK11GCS_MAVLINK21timesync_timestamp_nsEv @ 0x633af0
CIRCLE: _ZL25mavlink_msg_timesync_send17mavlink_channel_tll @ 0x633b50
CIRCLE: mavlink_start_checksum @ 0x633bf0
CIRCLE: mavlink_update_checksum @ 0x633c50
CIRCLE: _Z9fill_nanfPft @ 0x634690
CIRCLE: _ZN10ByteBuffer7advanceEj @ 0x637720
CIRCLE: _ZN5Empty11OpticalFlow9push_gyroEfff @ 0xab09a0
CIRCLE: _ZN5Empty11OpticalFlow14push_gyro_biasEff @ 0xab0a10
CIRCLE: _ZNK7HALSITL4Util18was_watchdog_resetEv @ 0xab0ce0
CIRCLE: _ZN7HALSITL4Util19safety_switch_stateEv @ 0x6383d0
CIRCLE: _ZN7HALSITL4Util16available_memoryEv @ 0xab11d0
CIRCLE: _ZN7HALSITL4Util8uart_logEv @ 0x6389b0
CIRCLE: _ZN6AP_HAL4Util14log_stack_infoEv @ 0xab1570
CIRCLE: _ZN6AP_HAL10UARTDriver9log_statsEhRNS0_12StatsTrackerEj @ 0x638b80
CIRCLE: _ZN6AP_HAL10UARTDriver12StatsTracker11ByteTracker6updateEj @ 0x638d20
CIRCLE: _ZN7HALSITL8RCOutput20_safety_switch_stateEv @ 0xab1610
CIRCLE: _ZN6AP_HAL10UARTDriver5writeEPKhm @ 0x63b250
CIRCLE: _ZN6AP_HAL10UARTDriver9availableEv @ 0x63b390
CIRCLE: _ZN6AP_HAL10UARTDriver4readEv @ 0x63b410
CIRCLE: _ZN6AP_HAL10UARTDriver4readERh @ 0x63b490
CIRCLE: _ZN6AP_HAL10UARTDriver4readEPht @ 0x63b590
CIRCLE: _ZN7HALSITL10UARTDriver7txspaceEv @ 0x63b600
CIRCLE: _ZN7HALSITL10UARTDriver11_timer_tickEv @ 0x63b980
CIRCLE: _ZN7HALSITL10UARTDriver26receive_time_constraint_usEt @ 0x63b9e0
CIRCLE: _ZN7HALSITL10UARTDriver6_writeEPKhm @ 0x63c6b0
CIRCLE: _ZN7HALSITL10UARTDriver5_readEPht @ 0x63c880
CIRCLE: _ZN7HALSITL10UARTDriver10_availableEv @ 0x63ca70
CIRCLE: _ZNK7HALSITL10UARTDriver18get_total_tx_bytesEv @ 0xab3da0
CIRCLE: _ZNK7HALSITL10UARTDriver18get_total_rx_bytesEv @ 0xab3df0
CIRCLE: _ZNK6AP_HAL10UARTDriver26get_total_dropped_rx_bytesEv @ 0xab3e40
CIRCLE: _ZN7HALSITL10UARTDriver17_check_connectionEv @ 0x63cb60
CIRCLE: _ZN7HALSITL10UARTDriver13_select_checkEi @ 0x63cca0
CIRCLE: _ZN10ByteBuffer4readEPhj @ 0x63ceb0
CIRCLE: _ZN7HALSITL10UARTDriver41handle_writing_from_writebuffer_to_deviceEv @ 0x63cf50
CIRCLE: _ZN7HALSITL10UARTDriver16_check_reconnectEv @ 0x63d300
CIRCLE: _ZL3MINIjjEDTqultfp_fp0_fp_fp0_ERKT_RKT0_.13888 @ 0x63d700
CIRCLE: _ZNK4SITL12SerialDevice15write_to_deviceEPKcm @ 0x63d780
CIRCLE: _ZNK4SITL12SerialDevice18write_to_autopilotEPKcm @ 0x640ae0
CIRCLE: _ZNK4SITL12SerialDevice13is_match_baudEv @ 0x640ba0
CIRCLE: _ZNK4SITL3GPS18write_to_autopilotEPKcm @ 0x640cd0
CIRCLE: _ZNK4SITL3GPS11device_baudEv @ 0x640ef0
CIRCLE: _Z8wrap_180IdET_S0_ @ 0xab5430
CIRCLE: _ZNK7Vector2IfEplERKS0_ @ 0xab5890
CIRCLE: _Z8wrap_360d @ 0x643d80
CIRCLE: _ZNK4SITL12SerialDevice19read_from_autopilotEPcm @ 0x643e20
CIRCLE: _Z7is_zerod @ 0xab7560
CIRCLE: _ZN7HALSITL10UARTDriver40handle_reading_from_device_to_readbufferEv @ 0x649710
CIRCLE: _ZNK4SITL12SerialDevice16read_from_deviceEPcm @ 0x649ba0
CIRCLE: _ZN7HALSITL8AnalogIn13board_voltageEv @ 0xab8a70
CIRCLE: _ZN6AP_HAL8AnalogIn17servorail_voltageEv @ 0xab8ac0
CIRCLE: _ZN6AP_HAL8AnalogIn18power_status_flagsEv @ 0xab8b10
CIRCLE: _ZN7HALSITL9ADCSource7set_pinEh @ 0x64a7e0
CIRCLE: _ZN7HALSITL9ADCSource15voltage_averageEv @ 0x64a860
CIRCLE: _ZN7HALSITL9ADCSource14voltage_latestEv @ 0x64a8b0
CIRCLE: _ZN7HALSITL4GPIO13usb_connectedEv @ 0x64b010
CIRCLE: _ZN7HALSITL8RCOutput9enable_chEh @ 0x64b410
CIRCLE: _ZN7HALSITL8RCOutput10disable_chEh @ 0x64b4a0
CIRCLE: _ZN7HALSITL8RCOutput5writeEht @ 0x64b530
CIRCLE: _ZN6AP_HAL8RCOutput20update_channel_masksEv @ 0xab94f0
CIRCLE: _ZN7HALSITL8RCOutput4corkEv @ 0x64b660
CIRCLE: _ZN7HALSITL8RCOutput4pushEv @ 0x64b6f0
CIRCLE: _ZN7HALSITL8RCOutput4readEh @ 0x64b820
CIRCLE: _ZN7HALSITL8RCOutput4readEPth @ 0x64b8b0
CIRCLE: _ZN6AP_HAL8RCOutput16set_default_rateEt @ 0xab9d90
CIRCLE: _ZN17AP_ESC_Telem_SITL6updateEv @ 0x64bcd0
CIRCLE: _ZL3MAXIffEDTqugtfp_fp0_fp_fp0_ERKT_RKT0_.20563 @ 0x64bea0
CIRCLE: _ZN20AP_ESC_Telem_Backend10update_rpmEhff @ 0x64bf20
CIRCLE: _ZN20AP_ESC_Telem_Backend17update_telem_dataEhRKNS_13TelemetryDataEt @ 0x64bfb0
CIRCLE: _ZN12AP_ESC_Telem17update_telem_dataEhRKN20AP_ESC_Telem_Backend13TelemetryDataEt @ 0x64c040
CIRCLE: _ZN12AP_ESC_Telem10update_rpmEhff @ 0x64c320
CIRCLE: _ZL3MAXIjjEDTqugtfp_fp0_fp_fp0_ERKT_RKT0_.10200 @ 0x64c480
CIRCLE: _Z16constrain_uint32jjj @ 0xaba2c0
CIRCLE: _Z15constrain_valueIjET_S0_S0_S0_ @ 0xaba330
CIRCLE: _ZN7HALSITL7RCInput9new_inputEv @ 0x64c610
CIRCLE: _ZN7HALSITL7RCInput12num_channelsEv @ 0x64c670
CIRCLE: _ZN7HALSITL7RCInput4readEh @ 0x64c6d0
CIRCLE: _ZN13AP_RCProtocol4readEh @ 0x64c980
CIRCLE: _ZN21AP_RCProtocol_Backend4readEh @ 0x64ca10
CIRCLE: _ZN13AP_RCProtocol12num_channelsEv @ 0x64ca70
CIRCLE: _ZNK21AP_RCProtocol_Backend12num_channelsEv @ 0x64caf0
CIRCLE: _ZN13AP_RCProtocol9new_inputEv @ 0x64cb40
CIRCLE: _ZN13AP_RCProtocol21detect_async_protocolENS_12rcprotocol_tE @ 0x64cd00
CIRCLE: _ZNK13AP_RCProtocol10using_uartEv @ 0xaba8c0
CIRCLE: _ZN17AP_RCProtocol_FDM6updateEv @ 0x64d950
CIRCLE: _ZN21AP_RCProtocol_Backend9add_inputEhPtbss @ 0x64db30
CIRCLE: _ZL3MINIhiEDTqultfp_fp0_fp_fp0_ERKT_RKT0_.20159 @ 0x64dc90
CIRCLE: _ZN13AP_RCProtocol19set_failsafe_activeEb @ 0xabb290
CIRCLE: _ZN21AP_RCProtocol_Backend6updateEv @ 0xabb3a0
CIRCLE: _ZN17AP_RCProtocol_UDP6updateEv @ 0x64dd10
CIRCLE: _ZN17AP_RCProtocol_UDP21read_all_socket_inputEv @ 0x64df70
CIRCLE: _ZN16SocketAPM_native4recvEPvmj @ 0x64e210
CIRCLE: _ZN16SocketAPM_native6pollinEj @ 0x64e440
CIRCLE: _ZNK16SocketAPM_native11get_read_fdEv @ 0xabb4d0
CIRCLE: _ZN18AP_RCProtocol_GHST6updateEv @ 0x64eca0
CIRCLE: _ZN3GCS23get_sensor_status_flagsERjS0_S0_ @ 0x650960
CIRCLE: _ZN3GCS26update_sensor_status_flagsEv @ 0x650a20
CIRCLE: _ZNK7AP_AHRS11initialisedEv @ 0x6511e0
CIRCLE: _ZNK7AP_Baro13num_instancesEv @ 0xabbb60
CIRCLE: _ZNK6AP_GPS10is_healthyEv @ 0xabbbb0
CIRCLE: _ZNK14AP_BattMonitor13num_instancesEv @ 0xabbc10
CIRCLE: _ZNK14AP_BattMonitor7healthyEv @ 0x651310
CIRCLE: _ZNK17AP_InertialSensor11calibratingEv @ 0x651400
CIRCLE: _ZNK9AP_Logger15logging_enabledEv @ 0x6514d0
CIRCLE: _ZNK6AP_GPS15logging_presentEv @ 0xabbc60
CIRCLE: _ZNK6AP_GPS15logging_enabledEv @ 0xabbcd0
CIRCLE: _ZNK6AP_GPS14logging_failedEv @ 0x6515a0
CIRCLE: _ZNK7AP_AHRS12get_ekf_typeEv @ 0xabbd40
CIRCLE: _ZNK8AC_Fence18sys_status_enabledEv @ 0x651680
CIRCLE: _ZNK8AC_Fence18sys_status_presentEv @ 0x651720
CIRCLE: _ZNK8AC_Fence17sys_status_failedEv @ 0x651780
CIRCLE: _ZNK11AP_Airspeed7enabledEv @ 0xabbda0
CIRCLE: _ZN2AP11opticalflowEv @ 0x6518d0
CIRCLE: _ZNK14AP_OpticalFlow7healthyEv @ 0xabbeb0
CIRCLE: _ZN2AP6armingEv @ 0x651910
CIRCLE: _ZNK11RC_Channels22has_ever_seen_rc_inputEv @ 0xabbf30
CIRCLE: _ZN9AP_Arming13get_singletonEv @ 0x651950
CIRCLE: _ZN14AP_OpticalFlow13get_singletonEv @ 0xabbf90
CIRCLE: _ZN2AP8airspeedEv @ 0x651990
CIRCLE: _ZNK8AC_Fence12get_breachesEv @ 0xabc060
CIRCLE: _ZNK7AP_EnumIN8AC_Fence6ActionEEcvKS1_Ev @ 0xabc0b0
CIRCLE: _ZNK14AP_BattMonitor7healthyEh @ 0x651a50
CIRCLE: _ZNK6AP_GPS8num_satsEv @ 0xabc2c0
CIRCLE: _ZNK6AP_GPS8num_satsEh @ 0xabc320
CIRCLE: _ZNK14AP_BattMonitor7voltageEh @ 0x652740
CIRCLE: _ZNK14AP_BattMonitor12current_ampsERfh @ 0x6527e0
CIRCLE: _ZNK14AP_BattMonitor12consumed_mahERfh @ 0x6528d0
CIRCLE: _ZN9AP_Logger14WriteStreamingEPKcS1_S1_z @ 0x6535f0
CIRCLE: _ZN22AP_RCProtocol_DroneCAN6updateEv @ 0x653850
CIRCLE: _ZNK16AP_SerialManager11find_serialENS_14SerialProtocolEh @ 0x654c40
CIRCLE: _ZN2AP3srvEv @ 0x657f90
CIRCLE: _ZN12SRV_Channels4corkEv @ 0x657fd0
CIRCLE: _ZN12SRV_Channels4pushEv @ 0x658030
CIRCLE: _ZN16AP_Volz_Protocol6updateEv @ 0x6581e0
CIRCLE: _ZN10AP_SBusOut6updateEv @ 0x6584b0
CIRCLE: _ZN15AP_RobotisServo6updateEv @ 0x658630
CIRCLE: _ZN16AP_FETtecOneWire6updateEv @ 0x6588a0
CIRCLE: _ZN2AP6kdecanEv @ 0x658b90
CIRCLE: _ZN9AP_KDECAN6updateEv @ 0x658bd0
CIRCLE: _ZN11SRV_Channel8calc_pwmEf @ 0x659680
CIRCLE: _ZN9AP_KDECAN13get_singletonEv @ 0xabec80
CIRCLE: _ZN16AP_FETtecOneWire4initEv @ 0x65b340
CIRCLE: _ZN16AP_FETtecOneWire9init_uartEv @ 0x65c910
CIRCLE: _ZN12SRV_Channels13get_singletonEv @ 0xabf6e0
CIRCLE: _ZNK10AP_Mission21get_current_nav_indexEv @ 0xabfa70
CIRCLE: _ZNK7AP_AHRS13wind_estimateEv @ 0xabfaf0
CIRCLE: _ZN10AP_Terrain20height_above_terrainERfb @ 0x661600
CIRCLE: _ZNK10AP_Terrain6statusEv @ 0xabfb50
CIRCLE: _ZNK7AP_AHRS11groundspeedEv @ 0xabfc90
CIRCLE: _ZN7AP_Baro14get_climb_rateEv @ 0x661b10
CIRCLE: _ZN16DerivativeFilterIfLh7EE5slopeEv @ 0xabfd30
CIRCLE: _ZNK11RangeFinder15distance_orientE8Rotation @ 0x661b80
CIRCLE: _ZNK14AP_BattMonitor7voltageEv @ 0xac0800
CIRCLE: _Z14float_to_int16f @ 0x663590
CIRCLE: _ZNK7AP_AHRS11get_yaw_degEv @ 0xac0850
CIRCLE: _ZNK7AP_AHRS28get_relative_position_D_homeERf @ 0x663710
CIRCLE: _ZNK8Location9get_alt_mENS_8AltFrameERf @ 0x6638b0
CIRCLE: _ZNK7AP_AHRS11_get_originER8Location @ 0x663960
CIRCLE: _ZNK7AP_AHRS11_get_originENS_7EKFTypeER8Location @ 0x663a40
CIRCLE: _ZNK7NavEKF312getOriginLLHER8Location @ 0x663c50
CIRCLE: _ZN18AP_RCProtocol_CRSF6updateEv @ 0x666500
CIRCLE: _ZN13AP_CRSF_Telem13get_singletonEv @ 0x666b30
CIRCLE: _ZN13AP_CRSF_Telem13queue_messageE12MAV_SEVERITYPKc @ 0x667580
CIRCLE: _ZN2AP10crsf_telemEv @ 0x66a2d0
CIRCLE: _ZNK7AP_AHRS12get_roll_radEv @ 0xac1c70
CIRCLE: _ZNK7AP_AHRS13get_pitch_radEv @ 0xac1cc0
CIRCLE: _ZN19AP_RCProtocol_SRXL26updateEv @ 0x6700f0
CIRCLE: _ZNK14AP_BattMonitor15get_temperatureERfh @ 0x6731d0
CIRCLE: _ZN2AP3rtcEv @ 0x6732a0
CIRCLE: _ZNK6AP_RTC12get_utc_usecERm @ 0x6733c0
CIRCLE: _ZN6AP_RTC13get_singletonEv @ 0xac28d0
CIRCLE: _ZN2AP9esc_telemEv @ 0x673720
CIRCLE: _ZNK12AP_ESC_Telem7get_rpmEhRf @ 0x6738c0
CIRCLE: _ZL3MINIffEDTqultfp_fp0_fp_fp0_ERKT_RKT0_.10179 @ 0x673a60
CIRCLE: _ZNVK20AP_ESC_Telem_Backend13TelemetryData5staleEv @ 0x673b50
CIRCLE: _ZN12AP_ESC_Telem13get_singletonEv @ 0x673bd0
CIRCLE: _ZN17AP_RCProtocol_DSM6updateEv @ 0x6770e0
CIRCLE: _ZN7HALSITL9Scheduler5delayEt @ 0x6789d0
CIRCLE: _ZN7HALSITL9Scheduler18delay_microsecondsEt @ 0x678ac0
CIRCLE: _ZN6AP_HAL9Scheduler24delay_microseconds_boostEt @ 0xac30b0
CIRCLE: _ZN6AP_HAL9Scheduler9boost_endEv @ 0xac31c0
CIRCLE: _ZNK6AP_HAL9Scheduler17in_delay_callbackEv @ 0xac3210
CIRCLE: _ZN7HALSITL9Scheduler21is_system_initializedEv @ 0xac3270
CIRCLE: _ZN7HALSITL9Scheduler10stop_clockEm @ 0x679030
CIRCLE: _ZNK7HALSITL9Scheduler14in_main_threadEv @ 0x6790d0
CIRCLE: _ZN7HALSITL10SITL_State10wait_clockEm @ 0x679790
CIRCLE: _ZNK4SITL8Aircraft11get_speedupEv @ 0xac3420
CIRCLE: _ZNK7HALSITL9Scheduler28semaphore_wait_hack_requiredEv @ 0x679940
CIRCLE: _ZN7HALSITL10SITL_State15_fdm_input_stepEv @ 0x6799c0
CIRCLE: _ZN7HALSITL10SITL_State16_fdm_input_localEv @ 0x679b10
CIRCLE: _ZNK7HALSITL9Scheduler22interrupts_are_blockedEv @ 0xac3470
CIRCLE: _ZN7HALSITL9Scheduler17sitl_begin_atomicEv @ 0xac34d0
CIRCLE: _ZN7HALSITL9Scheduler11timer_eventEv @ 0xac3530
CIRCLE: _ZN7HALSITL9Scheduler15sitl_end_atomicEv @ 0x679cb0
CIRCLE: _ZN7HALSITL10SITL_State16_update_airspeedEf @ 0x679d50
CIRCLE: _ZN7HALSITL10SITL_State19_update_rangefinderEv @ 0x67a0c0
CIRCLE: _ZNK7HALSITL10SITL_State18_sonar_pin_voltageEv @ 0x67a120
CIRCLE: _ZN7AP_Baro24get_EAS2TAS_for_alt_amslEf @ 0x67a290
CIRCLE: _ZL2sqf.13649 @ 0x67a310
CIRCLE: _ZN7AP_Baro28get_air_density_for_alt_amslEf @ 0x67a360
CIRCLE: _ZL3MAXIffEDTqugtfp_fp0_fp_fp0_ERKT_RKT0_.2214 @ 0x67a530
CIRCLE: _ZN7HALSITL9Scheduler16_run_timer_procsEv @ 0x67a5b0
CIRCLE: _ZN7HALSITL10SITL_State17_simulator_servosER10sitl_input @ 0x67a6b0
CIRCLE: _ZN4SITL11JSON_Master7receiveER10sitl_input @ 0x67b340
CIRCLE: _ZN7HALSITL10SITL_State22multicast_servo_updateER10sitl_input @ 0x67b7e0
CIRCLE: _ZN4SITL8Aircraft11update_homeEv @ 0x67b8c0
CIRCLE: _ZN4SITL8Aircraft12update_modelERK10sitl_input @ 0x67ba20
CIRCLE: _ZN4SITL8Aircraft8fill_fdmERNS_8sitl_fdmE @ 0x67bac0
CIRCLE: _ZN7HALSITL8CANIface14num_interfacesEv @ 0xac3570
CIRCLE: _ZNK4SITL8Aircraft20get_position_relhomeEv @ 0x67c690
CIRCLE: _ZN4SITL11JSON_Master4sendERKNS_8sitl_fdmERK7Vector3IdE @ 0x67c750
CIRCLE: _ZN7HALSITL17SITL_State_Common10sim_updateEv @ 0x67c9f0
CIRCLE: _ZN7HALSITL10SITL_State14set_height_aglEv @ 0x67d240
CIRCLE: _ZNK4SITL8Aircraft12get_locationEv @ 0xac35b0
CIRCLE: _ZNK4SITL8Aircraft15get_velocity_efEv @ 0xac3600
CIRCLE: _ZN4SITL3GPS6updateEv @ 0x67e610
CIRCLE: _ZN4SITL12SerialDevice17init_sitl_pointerEv @ 0x67fd60
CIRCLE: _ZN4SITL3GPS24check_backend_allocationEv @ 0x67fdf0
CIRCLE: _ZN4SITL3GPS16interpolate_dataERKNS_8GPS_DataEj @ 0x680400
CIRCLE: _ZL3MAXIifEDTqugtfp_fp0_fp_fp0_ERKT_RKT0_.14372 @ 0x680d90
CIRCLE: _ZNK4SITL11GPS_Backend11device_baudEv @ 0xac3c20
CIRCLE: _ZN4SITL11GPS_Backend11update_readEv @ 0x680f10
CIRCLE: _ZNK4SITL11GPS_Backend18write_to_autopilotEPKcm @ 0x681260
CIRCLE: _ZNK4SITL11GPS_Backend19read_from_autopilotEPcm @ 0x6812e0
CIRCLE: _ZN4SITL11GPS_Backend8gps_timeEv @ 0x681d80
CIRCLE: _ZNK7Vector2IdE6lengthEv @ 0xac3e40
CIRCLE: _ZN4SITL11GPS_Backend18simulation_timevalEP7timeval @ 0x6826b0
CIRCLE: _ZN4SITL9GPS_UBlox7publishEPKNS_8GPS_DataE @ 0x685580
CIRCLE: _Z4normIddJdEEdT_T0_DpKT1_ @ 0xac44e0
CIRCLE: _ZL7degreesf.14460 @ 0x686050
CIRCLE: _ZN4SITL9GPS_UBlox8send_ubxEhPht @ 0x686580
CIRCLE: _ZL3MAXIiiEDTqugtfp_fp0_fp_fp0_ERKT_RKT0_.14461 @ 0x686750
CIRCLE: _ZNK7Vector3IfE6is_nanEv @ 0xac4560
CIRCLE: _ZN7Matrix3IfE6rotateERK7Vector3IfE @ 0xac4630
CIRCLE: _ZNK7Vector2IfE5angleEv @ 0xac47e0
CIRCLE: _ZN7Matrix3IfEpLERKS0_ @ 0xac4850
CIRCLE: _ZNK7Matrix3IfEplERKS0_ @ 0xac48e0
CIRCLE: _Z2sqIdJddEEdT_DpKT0_ @ 0xac4a00
CIRCLE: _ZNK11QuaternionTIfE8to_eulerERfS1_S1_ @ 0xac4aa0
CIRCLE: _ZNK7Vector2IdE5angleEv @ 0xac4b50
CIRCLE: _ZNK11QuaternionTIfE13get_euler_yawEv @ 0xac4bb0
CIRCLE: _ZNK7Vector3IdEplERKS0_ @ 0xac55b0
CIRCLE: _ZN7Vector3IdEpLERKS0_ @ 0xac5650
CIRCLE: _ZN7Matrix3IdEC2Ev @ 0xac56f0
CIRCLE: _ZNK7Matrix3IdEmlERK7Vector3IdE @ 0xac5930
CIRCLE: _ZNK11QuaternionTIfEmlERK7Vector3IfE @ 0xac5c30
CIRCLE: _ZNK7Vector3IdEmiERKS0_ @ 0xac6120
CIRCLE: _Z11wrap_360_cdf @ 0x690200
CIRCLE: _ZNK7Vector3IdE6lengthEv @ 0xac6280
CIRCLE: _ZN7Vector3IdE4zeroEv @ 0xac62e0
CIRCLE: _ZNK4SITL8Aircraft7get_dcmEv @ 0xac6420
CIRCLE: _ZNK7Matrix3IfE10transposedEv @ 0xac6470
CIRCLE: _ZN7Matrix3IfE9normalizeEv @ 0xac6640
CIRCLE: _ZNK8Location22get_distance_NE_doubleERKS_ @ 0x6937b0
CIRCLE: _ZN7Vector3IdE2xyEv @ 0xac6910
CIRCLE: _ZN7Vector2IdEpLERKS0_ @ 0xac6960
CIRCLE: _ZN4SITL8Aircraft14smooth_sensorsEv @ 0x693d10
CIRCLE: _ZL7degreesf.16169 @ 0x694700
CIRCLE: _ZNK7Matrix3IfE8to_eulerEPfS1_S1_ @ 0xac69e0
CIRCLE: _ZNK7AP_EnumI8RotationEcvKS0_Ev @ 0xac6b00
CIRCLE: _ZNK8HAL_SITL32get_uart_output_full_queue_countEv @ 0x6947d0
CIRCLE: _ZNK4SITL8Aircraft16get_wall_time_usEv @ 0x694910
CIRCLE: _ZNK7Vector3IdEdvEd @ 0xac6ce0
CIRCLE: _ZNK11QuaternionTIfEdvERKS0_ @ 0xac6d80
CIRCLE: _ZNK11QuaternionTIfE7is_zeroEv @ 0xac6fd0
CIRCLE: _ZN4SITL8Aircraft12time_advanceEv @ 0x694990
CIRCLE: _ZN4SITL8Aircraft15sync_frame_timeEv @ 0x694a30
CIRCLE: _ZN9AP_Logger14WriteStreamingEPKcS1_S1_S1_S1_z @ 0x694d30
CIRCLE: _ZL3MAXI9AP_ParamTIfL11ap_var_type4EEdEDTqugtfp_fp0_fp_fp0_ERKT_RKT0_.13490 @ 0x6950a0
CIRCLE: _Z21calc_lowpass_alpha_dtff @ 0x695140
CIRCLE: _ZL3MAXIfiEDTqugtfp_fp0_fp_fp0_ERKT_RKT0_.13491 @ 0x695270
CIRCLE: _ZNK4SITL16FETtecOneWireESC7enabledEv @ 0xac70a0
CIRCLE: _ZNK4SITL4Volz7enabledEv @ 0xac7110
CIRCLE: _ZN7HALSITL17SITL_State_Common22update_voltage_currentER10sitl_inputf @ 0x695540
CIRCLE: _ZN8AP_Param18eeprom_write_checkEPKvth @ 0x697f70
CIRCLE: _ZNK4SITL8Aircraft22rangefinder_beam_widthEv @ 0xac9010
CIRCLE: _ZNK4SITL8Aircraft45perpendicular_distance_to_rangefinder_surfaceEv @ 0x698c90
CIRCLE: _ZNK4SITL8Aircraft9on_groundEv @ 0x698d80
CIRCLE: _ZNK4SITL8Aircraft4haglEv @ 0x698df0
CIRCLE: _ZNK4SITL8Aircraft24ground_height_differenceEv @ 0x698ec0
CIRCLE: _ZN4SITL8Aircraft15update_dynamicsERK7Vector3IfE @ 0x699730
CIRCLE: _ZN4SITL8Aircraft23update_external_payloadERK10sitl_input @ 0x69a7b0
CIRCLE: _ZN4SITL8Aircraft15update_positionEv @ 0x69ac40
CIRCLE: _ZN4SITL8Aircraft11update_windERK10sitl_input @ 0x69add0
CIRCLE: _ZN4SITL8Aircraft19update_mag_field_bfEv @ 0x69b260
CIRCLE: _ZNK8Location23get_distance_NED_doubleERKS_ @ 0x69b650
CIRCLE: _ZN4SITL8Aircraft17get_local_updraftERK7Vector3IdE @ 0x69b770
CIRCLE: _ZN7Vector2IdEmIERKS0_ @ 0xac9060
CIRCLE: _ZNK4SITL7Sprayer10is_enabledEv @ 0xac90f0
CIRCLE: _ZN4SITL3I2C6updateERKNS_8AircraftE @ 0x69c030
CIRCLE: _ZNK4SITL6Buzzer10is_enabledEv @ 0xac91a0
CIRCLE: _ZNK4SITL13Gripper_Servo10is_enabledEv @ 0xac9200
CIRCLE: _ZNK4SITL11Gripper_EPM10is_enabledEv @ 0xac92c0
CIRCLE: _ZNK4SITL9Parachute10is_enabledEv @ 0xac9370
CIRCLE: _ZNK4SITL12SIM_Precland10is_enabledEv @ 0xac93d0
CIRCLE: _ZN4SITL7ShipSim6updateEv @ 0x69d000
CIRCLE: _ZNK4SITL7ShipSim12get_locationER8Location @ 0x69d960
CIRCLE: _ZN7Vector2IfEpLERKS0_ @ 0xac9510
CIRCLE: _ZNK10DigitalLPFIfE3getEv @ 0xac96a0
CIRCLE: _ZN8Location16change_alt_frameENS_8AltFrameE @ 0x6a2780
CIRCLE: _ZNK7Vector3IdE14length_squaredEv @ 0xacb480
CIRCLE: _ZNK7Vector3IdEmlERKS0_ @ 0xacb5f0
CIRCLE: _ZNK7AP_AHRS11get_EAS2TASEv @ 0x6a3060
CIRCLE: _ZL2sqf.16184 @ 0x6a30f0
CIRCLE: _ZN4SITL8Aircraft19update_eas_airspeedEv @ 0x6a3140
CIRCLE: _ZN4SITL7ShipSim27get_ground_speed_adjustmentERK8LocationRf @ 0x6a32d0
CIRCLE: _ZN4SITL15SlungPayloadSim6updateERK7Vector3IdERKS1_IfES7_S7_ @ 0x6a35f0
CIRCLE: _ZN4SITL9TetherSim6updateERK8Location @ 0x6a3780
CIRCLE: _ZN4SITL8Aircraft17adjust_frame_timeEf @ 0x6a38f0
CIRCLE: _ZNK7Vector3IdE7is_zeroEv @ 0xacb7a0
CIRCLE: _ZN7Vector3IfE2xyEv @ 0xacb850
CIRCLE: _ZN7Vector2IfE4zeroEv @ 0xacb8a0
CIRCLE: _ZN7Vector3IfEmIERKS0_ @ 0xacb900
CIRCLE: _ZNK7Vector3IfE14length_squaredEv @ 0xacb9a0
CIRCLE: _ZNK7Vector3IfE9projectedERKS0_ @ 0xacba70
CIRCLE: _ZL7radiansi.16189 @ 0x6a6880
CIRCLE: _ZNK9AP_ParamTIfL11ap_var_type4EEplERKS1_ @ 0xacbbb0
CIRCLE: _ZN13LowPassFilterIfE20set_cutoff_frequencyERKf @ 0xacc2d0
CIRCLE: _ZN13LowPassFilterIfE5applyERKfS2_ @ 0xacc340
CIRCLE: _Z11is_positived @ 0xacca50
CIRCLE: _ZN4SITL8Aircraft16add_shove_forcesER7Vector3IfES3_ @ 0x6b5280
CIRCLE: _ZN7Vector3IfEmLERKS0_ @ 0xacd190
CIRCLE: _ZN7Vector3IfE9normalizeEv @ 0xacd230
CIRCLE: _ZN7Vector3IdEmIERKS0_ @ 0xad74b0
CIRCLE: _ZL7radiansd.16474 @ 0x6c76c0
CIRCLE: _ZNK4SITL5Frame15get_air_densityEf @ 0x6d0740
CIRCLE: _ZL2sqf.21180 @ 0x6d07a0
CIRCLE: _ZN4SITL11MultiCopter6updateERK10sitl_input @ 0x6d0ff0
CIRCLE: _ZN4SITL11MultiCopter16calculate_forcesERK10sitl_inputR7Vector3IfES6_ @ 0x6d1150
CIRCLE: _ZN4SITL8Aircraft5Clamp7clampedERS0_RK10sitl_input @ 0x6d1270
CIRCLE: _ZN4SITL5Frame19current_and_voltageERfS1_ @ 0x6d1480
CIRCLE: _ZN4SITL7Battery11set_currentEf @ 0x6d15c0
CIRCLE: _ZL3MAXIifEDTqugtfp_fp0_fp_fp0_ERKT_RKT0_.21086 @ 0x6d1850
CIRCLE: _ZNK4SITL7Battery11get_voltageEv @ 0x6d1ae0
CIRCLE: _ZNK4SITL5Motor11get_currentEv @ 0x6d1b40
CIRCLE: _ZN10DigitalLPFIfE5resetERKf @ 0xad7a90
CIRCLE: _ZN4SITL5Frame16calculate_forcesERKNS_8AircraftERK10sitl_inputR7Vector3IfES9_Pfb @ 0x6d1d20
CIRCLE: _ZN4SITL8Aircraft16add_twist_forcesER7Vector3IfE @ 0x6d2410
CIRCLE: _ZN4SITL8Aircraft19add_external_forcesER7Vector3IfE @ 0x6d2650
CIRCLE: _ZNK4SITL15SlungPayloadSim21get_forces_on_vehicleER7Vector3IfE @ 0x6d2840
CIRCLE: _ZNK4SITL9TetherSim21get_forces_on_vehicleER7Vector3IfE @ 0x6d28e0
CIRCLE: _ZNK4SITL8Aircraft8get_gyroEv @ 0xad7b00
CIRCLE: _ZNK4SITL8Aircraft19get_velocity_air_efEv @ 0xad7b50
CIRCLE: _ZN4SITL5Motor16calculate_forcesERK10sitl_inputhR7Vector3IfES6_RKS5_S8_ffb @ 0x6d2980
CIRCLE: _ZL7radiansd.21190 @ 0x6d35c0
CIRCLE: _ZNK4SITL8Aircraft10gross_massEv @ 0xad7bf0
CIRCLE: _ZNK4SITL5Motor14pwm_to_commandEf @ 0x6d3610
CIRCLE: _ZL3MAXIifEDTqugtfp_fp0_fp_fp0_ERKT_RKT0_.21285 @ 0x6d36e0
CIRCLE: _ZNK4SITL5Motor11calc_thrustEffff @ 0x6d3770
CIRCLE: _ZL3MAXIfdEDTqugtfp_fp0_fp_fp0_ERKT_RKT0_.21287 @ 0x6d3ae0
CIRCLE: _ZL2sqf.21288 @ 0x6d3b80
CIRCLE: _ZN7HALSITL7Storage10read_blockEPvtm @ 0x6d9fa0
CIRCLE: _ZN7HALSITL7Storage11write_blockEtPKvm @ 0x6da070
CIRCLE: _ZN7HALSITL7Storage11_timer_tickEv @ 0x6da190
CIRCLE: _ZNK7BitmaskILt2048EE5emptyEv @ 0xad8c20
CIRCLE: _ZNK7BitmaskILt2048EE3getEt @ 0xad8cc0
CIRCLE: _ZN10AP_RAMTRON5writeEjPKhj @ 0x6da500
CIRCLE: _ZN7BitmaskILt2048EE5clearEt @ 0xad8d90
CIRCLE: _ZNK8HAL_SITL25get_storage_posix_enabledEv @ 0xad8e50
CIRCLE: _ZNK7BitmaskILt2048EE8validateEt @ 0xad8f10
CIRCLE: _ZNK10AP_RAMTRON8get_sizeEv @ 0xad8fa0
CIRCLE: _ZN7HALSITL7Storage13_storage_openEv @ 0x6dab80
CIRCLE: _ZN7HALSITL7Storage11_mark_dirtyEtt @ 0x6dae90
CIRCLE: _ZN7BitmaskILt2048EE3setEt @ 0xad9040
CIRCLE: _ZN8AP_Param9save_syncEbb @ 0x6e1600
CIRCLE: _ZNK7NavEKF317option_is_enabledENS_6OptionE @ 0xada7e0
CIRCLE: _ZNK6AP_DAL6millisEv @ 0xada860
CIRCLE: _ZNK12NavEKF3_core10errorScoreEv @ 0x6e7890
CIRCLE: _ZNK12NavEKF3_core16have_aligned_yawEv @ 0xada8b0
CIRCLE: _ZNK12NavEKF3_core17have_aligned_tiltEv @ 0xada910
CIRCLE: _ZNK12NavEKF3_core19getLastPosDownResetERf @ 0x6e8070
CIRCLE: _ZNK12NavEKF3_core24getLastPosNorthEastResetER7Vector2IfE @ 0x6e80e0
CIRCLE: _ZNK7Vector2IdEmiERKS0_ @ 0xada970
CIRCLE: _ZNK12NavEKF3_core20getLastYawResetAngleERf @ 0x6e8170
CIRCLE: _ZNK12NavEKF3_core14getEulerAnglesER7Vector3IfE @ 0x6e81e0
CIRCLE: _ZNK11QuaternionTIdE8to_eulerER7Vector3IfE @ 0xadaa00
CIRCLE: _ZNK6AP_DAL8get_trimEv @ 0xadaa80
CIRCLE: _ZNK11QuaternionTIdE8to_eulerERfS1_S1_ @ 0xadaae0
CIRCLE: _ZNK11QuaternionTIdE14get_euler_rollEv @ 0xadaba0
CIRCLE: _ZNK11QuaternionTIdE15get_euler_pitchEv @ 0xadac50
CIRCLE: _ZNK11QuaternionTIdE13get_euler_yawEv @ 0xadacd0
CIRCLE: _Z9safe_asinIdEfT_ @ 0xadad80
CIRCLE: _ZL3MAXIfdEDTqugtfp_fp0_fp_fp0_ERKT_RKT0_.4771 @ 0x6e82a0
CIRCLE: _ZNK12NavEKF3_core20assume_zero_sideslipEv @ 0x6e8340
CIRCLE: _ZN6AP_DAL8airspeedEv @ 0xadae60
CIRCLE: _ZNK6AP_DAL15get_fly_forwardEv @ 0xadaf00
CIRCLE: _ZN19RestrictIDTypeArrayIP17CompassCalibratorLj3E14typesafe_indexIh12TAG_PriorityEEixERKS4_ @ 0xadb080
CIRCLE: _ZNK6AP_GPS15time_epoch_usecEv @ 0xadb990
CIRCLE: _ZNK6AP_GPS9time_weekEh @ 0xadbb00
CIRCLE: _ZNK6AP_GPS12time_week_msEh @ 0xadbb70
CIRCLE: _ZN3GCS12send_messageE10ap_message @ 0x6f2a30
CIRCLE: _ZNK6AP_GPS15time_epoch_usecEh @ 0x6f2ae0
CIRCLE: _ZNK14AP_GPS_Backend16get_last_itow_msEv @ 0x6f2c50
CIRCLE: _ZN6AP_GPS23istate_time_to_epoch_msEtj @ 0x6f2d10
CIRCLE: _ZN11SRV_Channel14set_output_pwmEtb @ 0x6f3610
CIRCLE: _ZN10AC_Sprayer3runEb @ 0x6f3700
CIRCLE: _ZN7AP_ADSB13check_startupEv @ 0x6f4880
CIRCLE: _ZNK7Vector2IfE6is_nanEv @ 0xadca40
CIRCLE: _ZN2AP8ac_avoidEv @ 0x701280
CIRCLE: _ZN8AC_Avoid13get_singletonEv @ 0xadd580
CIRCLE: _ZNK10AP_Gripper7enabledEv @ 0xadd630
CIRCLE: _ZN10AP_Vehicle13update_armingEv @ 0x701820
CIRCLE: _ZN7FunctorIvJEE14method_wrapperI10AP_VehicleXadL_ZNS2_13update_armingEvEEEEvPv @ 0xade650
CIRCLE: _ZN9AP_Arming6updateEv @ 0x701870
CIRCLE: _ZN8AP_Stats6updateEv @ 0x701960
CIRCLE: _ZN7FunctorIvJEE14method_wrapperI8AP_StatsXadL_ZNS2_6updateEvEEEEvPv @ 0xade700
CIRCLE: _ZN10AP_Filters6updateEv @ 0x701bd0
CIRCLE: _ZN7FunctorIvJEE14method_wrapperI10AP_FiltersXadL_ZNS2_6updateEvEEEEvPv @ 0xade7b0
CIRCLE: _ZN10AP_Vehicle17check_motor_noiseEv @ 0x702d10
CIRCLE: _ZN7FunctorIvJEE14method_wrapperI10AP_VehicleXadL_ZNS2_17check_motor_noiseEvEEEEvPv @ 0xadf060
CIRCLE: _ZNK10AP_GyroFFT15check_esc_noiseEv @ 0xadf110
CIRCLE: _ZNK17NotchFilterParams7enabledEv @ 0xadf340
CIRCLE: _ZN10AP_Vehicle13one_Hz_updateEv @ 0x7033f0
CIRCLE: _ZN7FunctorIvJEE14method_wrapperI10AP_VehicleXadL_ZNS2_13one_Hz_updateEvEEEEvPv @ 0xadf390
CIRCLE: _ZN12AP_Scripting6updateEv @ 0x7034d0
CIRCLE: _ZN16AP_SerialManager20registered_ports_logEv @ 0x703520
CIRCLE: _ZN12AP_Scripting13save_checksumEv @ 0x703600
CIRCLE: _ZN10AP_Gripper6updateEv @ 0x703700
CIRCLE: _ZN7FunctorIvJEE14method_wrapperI10AP_GripperXadL_ZNS2_6updateEvEEEEvPv @ 0xadf4d0
CIRCLE: _ZN6AP_EFI6updateEv @ 0x703870
CIRCLE: _ZN7FunctorIvJEE14method_wrapperI6AP_EFIXadL_ZNS2_6updateEvEEEEvPv @ 0xadf580
CIRCLE: _ZN6AP_AIS6updateEv @ 0x703cf0
CIRCLE: _ZN7FunctorIvJEE14method_wrapperI6AP_AISXadL_ZNS2_6updateEvEEEEvPv @ 0xadf630
CIRCLE: _ZN8AC_Fence6updateEv @ 0x703d40
CIRCLE: _ZN7FunctorIvJEE14method_wrapperI8AC_FenceXadL_ZNS2_6updateEvEEEEvPv @ 0xadf6e0
CIRCLE: _ZN19AC_PolyFence_loader6updateEv @ 0x703e70
CIRCLE: _ZN19AC_PolyFence_loader17load_from_storageEv @ 0x703f60
CIRCLE: _ZN10AP_Vehicle16accel_cal_updateEv @ 0x7053c0
CIRCLE: _ZN7FunctorIvJEE14method_wrapperI10AP_VehicleXadL_ZNS2_16accel_cal_updateEvEEEEvPv @ 0xadf8c0
CIRCLE: _ZN20AP_TemperatureSensor6updateEv @ 0x706b60
CIRCLE: _ZN7FunctorIvJEE14method_wrapperI20AP_TemperatureSensorXadL_ZNS2_6updateEvEEEEvPv @ 0xadf9c0
CIRCLE: _ZN10AP_Vehicle16publish_osd_infoEv @ 0x706e20
CIRCLE: _ZN7FunctorIvJEE14method_wrapperI10AP_VehicleXadL_ZNS2_16publish_osd_infoEvEEEEvPv @ 0xadfb10
CIRCLE: _ZN6AP_OSD12set_nav_infoERNS_7NavInfoE @ 0x706f40
CIRCLE: _ZN6AP_RPM6updateEv @ 0x706fb0
CIRCLE: _ZN7FunctorIvJEE14method_wrapperI6AP_RPMXadL_ZNS2_6updateEvEEEEvPv @ 0xadfbc0
CIRCLE: _ZNK6AP_RPM7Log_RPMEv @ 0x707190
CIRCLE: _ZNK6AP_RPM7enabledEh @ 0x7072b0
CIRCLE: _ZN14AP_OpenDroneID6updateEv @ 0x707360
CIRCLE: _ZN7FunctorIvJEE14method_wrapperI14AP_OpenDroneIDXadL_ZNS2_6updateEvEEEEvPv @ 0xadfce0
CIRCLE: _ZNK6AP_GPS8velocityEv @ 0xae1580
CIRCLE: _ZNK7AP_AHRS18groundspeed_vectorEv @ 0xae1660
CIRCLE: _ZNK6AP_GPS19horizontal_accuracyERf @ 0xae1740
CIRCLE: _ZNK6AP_GPS17vertical_accuracyERf @ 0xae17c0
CIRCLE: _ZNK6AP_GPS14speed_accuracyERf @ 0xae1840
CIRCLE: _ZNK6AP_GPS14speed_accuracyEhRf @ 0x70c050
CIRCLE: _ZNK6AP_GPS17vertical_accuracyEhRf @ 0x70c120
CIRCLE: _ZNK6AP_GPS19horizontal_accuracyEhRf @ 0x70c1f0
CIRCLE: _ZNK6AP_GPS14get_undulationEhRf @ 0x70c2c0
CIRCLE: _ZNK6AP_GPS8velocityEh @ 0xae18c0
CIRCLE: _ZN12AP_Generator6updateEv @ 0x70c390
CIRCLE: _ZN7FunctorIvJEE14method_wrapperI12AP_GeneratorXadL_ZNS2_6updateEvEEEEvPv @ 0xae1990
CIRCLE: _ZN14AP_Servo_Telem6updateEv @ 0x70c400
CIRCLE: _ZN7FunctorIvJEE14method_wrapperI14AP_Servo_TelemXadL_ZNS2_6updateEvEEEEvPv @ 0xae1a40
CIRCLE: _ZN14AP_Servo_Telem9write_logEv @ 0x70c450
CIRCLE: _ZN12AP_ESC_Telem6updateEv @ 0x70c900
CIRCLE: _ZN7FunctorIvJEE14method_wrapperI12AP_ESC_TelemXadL_ZNS2_6updateEvEEEEvPv @ 0xae1af0
CIRCLE: _ZNK12AP_ESC_Telem11get_raw_rpmEhRf @ 0x70cd40
CIRCLE: _ZN6AP_HAL15timeout_expiredIjjmEEbT_T0_T1_ @ 0xae1ba0
CIRCLE: _ZN10AP_Vehicle30send_watchdog_reset_statustextEv @ 0x70ce10
CIRCLE: _ZN7FunctorIvJEE14method_wrapperI10AP_VehicleXadL_ZNS2_30send_watchdog_reset_statustextEvEEEEvPv @ 0xae1c20
CIRCLE: _ZN8AP_Tramp6updateEv @ 0x70cf70
CIRCLE: _ZN7FunctorIvJEE14method_wrapperI8AP_TrampXadL_ZNS2_6updateEvEEEEvPv @ 0xae1cd0
CIRCLE: _ZN10AP_VideoTX6updateEv @ 0x70df50
CIRCLE: _ZN7FunctorIvJEE14method_wrapperI10AP_VideoTXXadL_ZNS2_6updateEvEEEEvPv @ 0xae1f00
CIRCLE: _ZN10AP_GyroFFT17update_parametersEv @ 0xae1fb0
CIRCLE: _ZN7FunctorIvJEE14method_wrapperI10AP_GyroFFTXadL_ZNS2_17update_parametersEvEEEEvPv @ 0xae2000
CIRCLE: _ZN10AP_GyroFFT17update_parametersEb @ 0x70e180
CIRCLE: _ZN10AP_GyroFFT6updateEv @ 0x70e520
CIRCLE: _ZN7FunctorIvJEE14method_wrapperI10AP_GyroFFTXadL_ZNS2_6updateEvEEEEvPv @ 0xae20b0
CIRCLE: _ZN14AP_NMEA_Output6updateEv @ 0x70e6b0
CIRCLE: _ZN7FunctorIvJEE14method_wrapperI14AP_NMEA_OutputXadL_ZNS2_6updateEvEEEEvPv @ 0xae2160
CIRCLE: _ZN7FunctorIvJEE14method_wrapperI9AP_NotifyXadL_ZNS2_6updateEvEEEEvPv @ 0xae2210
CIRCLE: _ZN7Compass10cal_updateEv @ 0x70f720
CIRCLE: _ZN7FunctorIvJEE14method_wrapperI7CompassXadL_ZNS2_10cal_updateEvEEEEvPv @ 0xae22c0
CIRCLE: _ZN11AP_Airspeed6updateEv @ 0x710090
CIRCLE: _ZN7FunctorIvJEE14method_wrapperI11AP_AirspeedXadL_ZNS2_6updateEvEEEEvPv @ 0xae23d0
CIRCLE: _ZNK11AP_Airspeed11get_primaryEv @ 0xae2560
CIRCLE: _ZN10AP_GyroFFT12sample_gyrosEv @ 0x712340
CIRCLE: _ZN7FunctorIvJEE14method_wrapperI10AP_GyroFFTXadL_ZNS2_12sample_gyrosEvEEEEvPv @ 0xae25b0
CIRCLE: _ZN10AP_Vehicle4loopEv @ 0x712c30
CIRCLE: _ZN12AP_Scheduler4loopEv @ 0x712ed0
CIRCLE: _ZN12AP_Scheduler17get_loop_period_sEv @ 0xae57d0
CIRCLE: _ZN17AP_InertialSensor15wait_for_sampleEv @ 0x713470
CIRCLE: _ZN12AP_Scheduler4tickEv @ 0x7139b0
CIRCLE: _ZN12AP_Scheduler3runEj @ 0x713a10
CIRCLE: _ZN2AP8PerfInfo15check_loop_timeEj @ 0x713fc0
CIRCLE: _ZL15fill_nanf_stackv @ 0x714150
CIRCLE: _ZN2AP8PerfInfo16update_task_infoEhtb @ 0x7141a0
CIRCLE: _ZNK7AP_AHRS24_get_primary_accel_indexEv @ 0x71ab00
CIRCLE: _ZNK7AP_AHRS22_get_primary_IMU_indexEv @ 0x71ab50
CIRCLE: _ZNK7NavEKF322getPrimaryCoreIMUIndexEv @ 0x71acb0
CIRCLE: _ZNK17AP_InertialSensor21get_first_usable_gyroEv @ 0xae5c40
CIRCLE: _ZNK12NavEKF3_core11getIMUIndexEv @ 0xae5c90
CIRCLE: _ZNK14AP_BattMonitor17has_cell_voltagesEh @ 0x71ade0
CIRCLE: _ZN2AP3EFIEv @ 0x71b630
CIRCLE: _ZN6AP_EFI13get_singletonEv @ 0xae6620
CIRCLE: _ZN7FunctorIvJEE14method_wrapperI10AP_VehicleXadL_ZNS2_18fence_checks_asyncEvEEEEvPv @ 0xae6fc0
CIRCLE: _ZN13AP_Filesystem5writeEiPKvj @ 0x71c3a0
CIRCLE: _ZL3MAXIjjEDTqugtfp_fp0_fp_fp0_ERKT_RKT0_.4719 @ 0x72a9f0
CIRCLE: _ZN15ekf_ring_buffer4pushEPKv @ 0x72aa70
CIRCLE: _ZNK15ekf_ring_buffer10get_offsetEh @ 0x72ab70
CIRCLE: _ZL7radiansf.4725 @ 0x72bf10
CIRCLE: _ZN11QuaternionTIdEC2Edddd @ 0xaebdf0
CIRCLE: _ZN11QuaternionTIfEmLERKS0_ @ 0xaebea0
CIRCLE: _ZNK7AP_AHRS8get_gyroEv @ 0xaef5b0
CIRCLE: _ZNK7AP_AHRS17airspeed_estimateERf @ 0x759930
CIRCLE: _ZNK17AP_InertialSensor20get_vibration_levelsEv @ 0xaef610
CIRCLE: _ZNK17AP_InertialSensor20get_vibration_levelsEh @ 0x759a30
CIRCLE: _ZNK10DigitalLPFI7Vector3IfEE3getEv @ 0xaef690
CIRCLE: _ZNK11QuaternionTIdE7is_zeroEv @ 0xaef740
CIRCLE: _ZN12NavEKF3_core18getEarthFieldTableERK8Location @ 0x75b100
CIRCLE: _ZN14AP_Declination15get_declinationEff @ 0x75b200
CIRCLE: _ZNK12NavEKF3_core14MagDeclinationEv @ 0x75b290
CIRCLE: _ZN12NavEKF3_core8zeroRowsERA24_A24_dhh @ 0x75b370
CIRCLE: _ZN12NavEKF3_core8zeroColsERA24_A24_dhh @ 0x75b430
CIRCLE: _ZN12NavEKF3_core15FuseDeclinationEd @ 0x75b4f0
CIRCLE: _ZN18NavEKF_core_common10zero_rangeEPdhh @ 0xaef8e0
CIRCLE: _ZN12NavEKF3_core13ForceSymmetryEv @ 0x75c550
CIRCLE: _ZN12NavEKF3_core18ConstrainVariancesEv @ 0x75c6a0
CIRCLE: _ZN11QuaternionTIdE9normalizeEv @ 0xaef970
CIRCLE: _ZNK11QuaternionTIdE6lengthEv @ 0xaefa50
CIRCLE: _Z20constrain_value_lineIdET_S0_S0_S0_j @ 0xaefb10
CIRCLE: _ZNK9AP_ParamTIfL11ap_var_type4EEcvdEv @ 0xaefc90
CIRCLE: _ZL7radiansf.4927 @ 0x75d110
CIRCLE: _ZL2sqf.4850 @ 0x75dc30
CIRCLE: _ZNK8Location21get_distance_NE_ftypeERKS_ @ 0x75dd80
CIRCLE: _ZN16EKF_IMU_buffer_tIN12NavEKF3_core15output_elementsEEixEj @ 0xaefdb0
CIRCLE: _ZNK14ekf_imu_buffer3getEh @ 0x75e030
CIRCLE: _ZNK14ekf_imu_buffer10get_offsetEh @ 0x75e090
CIRCLE: _ZNK14AP_BattMonitor24voltage_resting_estimateEh @ 0x75fb80
CIRCLE: _ZNK14AP_BattMonitor11consumed_whERfh @ 0x75fc30
CIRCLE: _ZNK6AP_GPS8get_vdopEh @ 0xaeff10
CIRCLE: _ZNK6AP_GPS16last_fix_time_msEh @ 0xaeff80
CIRCLE: _ZNK6AP_GPS20last_message_time_msEh @ 0xaefff0
CIRCLE: _ZNK6AP_GPS22have_vertical_velocityEh @ 0xaf0060
CIRCLE: _ZNK6AP_GPS18get_antenna_offsetEh @ 0x761da0
CIRCLE: _ZNK14AP_GPS_Blended18get_antenna_offsetEv @ 0xaf00e0
CIRCLE: _ZNK6AP_GPS11gps_yaw_degEhRfS0_Rj @ 0x761e70
CIRCLE: _ZNK6AP_GPS11is_rtk_baseEh @ 0x762060
CIRCLE: _ZNK6AP_GPS12have_gps_yawEh @ 0xaf0130
CIRCLE: _ZNK12AP_Proximity10get_statusEv @ 0x762da0
CIRCLE: _ZNK12AP_Proximity11num_sensorsEv @ 0xaf01d0
CIRCLE: _ZNK11RangeFinder13status_orientE8Rotation @ 0x763e80
CIRCLE: _ZNK10AP_Vehicle18get_time_flying_msEv @ 0xaf06e0
CIRCLE: _ZN12SRV_Channels23get_output_channel_maskEN11SRV_Channel8FunctionE @ 0x7697e0
CIRCLE: _ZN12SRV_Channels14set_output_pwmEN11SRV_Channel8FunctionEt @ 0x76a510
CIRCLE: _ZN11SRV_Channel9output_chEv @ 0x76a600
CIRCLE: _ZNK10RC_Channel13norm_input_dzEv @ 0x76a960
CIRCLE: _ZN11SRV_Channel12set_overrideEb @ 0xaf08e0
CIRCLE: _ZN12SRV_Channels17set_output_scaledEN11SRV_Channel8FunctionEf @ 0x76af20
CIRCLE: _ZNK10AP_Mission5stateEv @ 0xaf0ca0
CIRCLE: _ZN19AP_ServoRelayEvents13update_eventsEv @ 0x773f30
CIRCLE: _ZNK9AP_Motors16get_thrust_boostEv @ 0xaf16b0
CIRCLE: _ZNK20AP_MotorsMulticopter18get_pwm_output_minEv @ 0xaf1910
CIRCLE: _ZNK20AP_MotorsMulticopter18get_pwm_output_maxEv @ 0xaf1970
CIRCLE: _ZNK9AP_Motors13get_interlockEv @ 0xaf1f20
CIRCLE: _ZNK9AP_Motors8get_rollEv @ 0xaf1fd0
CIRCLE: _ZNK9AP_Motors11get_roll_ffEv @ 0xaf2020
CIRCLE: _ZNK9AP_Motors9get_pitchEv @ 0xaf2070
CIRCLE: _ZNK9AP_Motors12get_pitch_ffEv @ 0xaf20c0
CIRCLE: _ZNK9AP_Motors7get_yawEv @ 0xaf2110
CIRCLE: _ZNK9AP_Motors10get_yaw_ffEv @ 0xaf2160
CIRCLE: _ZNK9AP_Motors12get_throttleEv @ 0xaf21b0
CIRCLE: _ZNK9AP_Motors15get_spool_stateEv @ 0xaf22c0
CIRCLE: _ZNK9AP_Follow11have_targetEv @ 0x77a9b0
CIRCLE: _ZN9AP_Follow13get_singletonEv @ 0xaf2310
CIRCLE: _ZNK6AC_PID12get_pid_infoEv @ 0xaf2490
CIRCLE: _ZNK18AC_AttitudeControl23get_att_error_angle_degEv @ 0xaf2520
CIRCLE: _ZL7degreesf.1032 @ 0x77b810
CIRCLE: _ZNK13AC_PosControl12is_active_NEEv @ 0x77c180
CIRCLE: _ZNK13AC_PosControl11is_active_UEv @ 0x77c200
CIRCLE: _ZNK12AP_Scheduler7ticks32Ev @ 0xaf25c0
CIRCLE: _ZN12AP_Scripting19is_handling_commandEt @ 0x780c20
CIRCLE: _ZNK10RC_Channel10norm_inputEv @ 0x7a12b0
CIRCLE: _ZNK7Vector3IfE6is_infEv @ 0xaf3200
CIRCLE: _ZN7Vector2IfE9normalizeEv @ 0xaf3530
CIRCLE: _ZN7Vector2IfEdVEf @ 0xaf3590
CIRCLE: _ZNK7Vector2IfE6is_infEv @ 0xaf3610
CIRCLE: _ZN11QuaternionTIfE15from_axis_angleERK7Vector3IfEf @ 0xaf37b0
CIRCLE: _ZL3MAXIjjEDTqugtfp_fp0_fp_fp0_ERKT_RKT0_.6253 @ 0x7b3860
CIRCLE: _ZN9AP_Logger19file_content_updateEv @ 0x7b3a60
CIRCLE: _ZN9AP_Logger19file_content_updateERNS_11FileContentE @ 0x7b3bc0
CIRCLE: _ZN17AP_Logger_Backend13Write_MessageEPKc @ 0x7b4400
CIRCLE: _ZN17AP_Logger_Backend14periodic_tasksEv @ 0x7b6420
CIRCLE: _ZNK17AP_Logger_Backend13StartNewLogOKEv @ 0x7b6810
CIRCLE: _ZN17AP_Logger_Backend24WriteMoreStartupMessagesEv @ 0x7b68f0
CIRCLE: _ZNK17AP_Logger_Backend15logging_enabledEv @ 0x7b8910
CIRCLE: _ZN17AP_Logger_Backend13periodic_10HzEj @ 0x7b8a40
CIRCLE: _ZN17AP_Logger_Backend12periodic_1HzEv @ 0x7b8a90
CIRCLE: _ZN17AP_Logger_Backend15push_log_blocksEv @ 0x7b8b20
CIRCLE: _ZN17AP_Logger_Backend12df_stats_logEv @ 0x7b8b80
CIRCLE: _ZN17AP_Logger_Backend26Write_AP_Logger_Stats_FileERKNS_8df_statsE @ 0x7b8bf0
CIRCLE: _ZN17AP_Logger_Backend14df_stats_clearEv @ 0x7b8d00
CIRCLE: _ZNK17AP_Logger_Backend31critical_message_reserved_spaceEj @ 0xaf56e0
CIRCLE: _ZN17AP_Logger_Backend15df_stats_gatherEtj @ 0x7bb1d0
CIRCLE: _ZNK14AP_Logger_File15logging_startedEv @ 0xaf5b70
CIRCLE: _ZN14AP_Logger_File21bufferspace_availableEv @ 0x7bded0
CIRCLE: _ZNK14AP_Logger_File14logging_failedEv @ 0x7be4e0
CIRCLE: _ZN14AP_Logger_File8io_timerEv @ 0x7be5a0
CIRCLE: _ZN14AP_Logger_File12periodic_1HzEv @ 0x7beb70
CIRCLE: _ZN14AP_Logger_File17periodic_fullrateEv @ 0x7bee20
CIRCLE: _ZNK14AP_Logger_File8WritesOKEv @ 0x7bee70
CIRCLE: _ZNK14AP_Logger_File13StartNewLogOKEv @ 0x7bef00
CIRCLE: _ZN14AP_Logger_File22_WritePrioritisedBlockEPKvtb @ 0x7bf0b0
CIRCLE: _ZN7AP_AHRS6updateEb @ 0x7bf320
CIRCLE: _ZN7AP_AHRS18update_orientationEv @ 0x7bf660
CIRCLE: _ZN17AP_InertialSensor6updateEv @ 0x7bf760
CIRCLE: _ZN7AP_AHRS29update_trim_rotation_matricesEv @ 0x7bfdd0
CIRCLE: _ZN7AP_AHRS10update_DCMEv @ 0x7bfee0
CIRCLE: _ZN7AP_AHRS12update_flagsEv @ 0x7bff80
CIRCLE: _ZN7AP_AHRS11update_SITLEv @ 0x7c0040
CIRCLE: _ZN7AP_AHRS15update_externalEv @ 0x7c00f0
CIRCLE: _ZN7AP_AHRS11update_EKF2Ev @ 0x7c0210
CIRCLE: _ZN7AP_AHRS11update_EKF3Ev @ 0x7c0700
CIRCLE: _ZNK7AP_AHRS14get_gyro_driftEv @ 0xaf5bd0
CIRCLE: _ZN12AP_AHRS_View6updateEv @ 0x7c0c40
CIRCLE: _ZN7AP_AHRS14update_AOA_SSAEv @ 0x7c0ef0
CIRCLE: _ZNK7AP_AHRS16_active_EKF_typeEv @ 0x7c0f40
CIRCLE: _ZN7AP_AHRS12update_stateEv @ 0x7c1470
CIRCLE: _ZNK7AP_AHRS23_get_primary_gyro_indexEv @ 0x7c1710
CIRCLE: _ZNK7AP_AHRS23_get_primary_core_indexEv @ 0x7c17c0
CIRCLE: _ZNK7AP_AHRS14_wind_estimateER7Vector3IfE @ 0x7c1890
CIRCLE: _ZN15AP_AHRS_Backend11get_EAS2TASEv @ 0x7c19c0
CIRCLE: _ZNK7AP_AHRS13_airspeed_EASERfRNS_20AirspeedEstimateTypeE @ 0x7c1a00
CIRCLE: _ZNK7AP_AHRS13_airspeed_TASERf @ 0x7c1f80
CIRCLE: _ZNK7AP_AHRS13_airspeed_TASER7Vector3IfE @ 0x7c2090
CIRCLE: _ZNK7AP_AHRS15_get_quaternionER11QuaternionTIfE @ 0x7c2170
CIRCLE: _ZNK7AP_AHRS23_get_secondary_attitudeER7Vector3IfE @ 0x7c2330
CIRCLE: _ZNK7AP_AHRS25_get_secondary_quaternionER11QuaternionTIfE @ 0x7c2530
CIRCLE: _ZNK7AP_AHRS13_get_locationER8Location @ 0x7c26e0
CIRCLE: _ZNK7AP_AHRS23_get_secondary_positionER8Location @ 0x7c2860
CIRCLE: _ZN7AP_AHRS19_groundspeed_vectorEv @ 0x7c29b0
CIRCLE: _ZN7AP_AHRS12_groundspeedEv @ 0x7c2ae0
CIRCLE: _ZNK7AP_AHRS29_getCorrectedDeltaVelocityNEDER7Vector3IfERf @ 0x7c2bb0
CIRCLE: _ZNK7AP_AHRS17_get_velocity_NEDER7Vector3IfE @ 0x7c2e40
CIRCLE: _ZNK7NavEKF39getVelNEDER7Vector3IfE @ 0x7c3000
CIRCLE: _ZNK12NavEKF3_core9getVelNEDER7Vector3IfE @ 0x7c3330
CIRCLE: _ZNK7NavEKF312getAccelBiasEaR7Vector3IfE @ 0x7c3520
CIRCLE: _ZNK17AP_InertialSensor18get_delta_velocityEhR7Vector3IfERf @ 0x7c35f0
CIRCLE: _ZNK7AP_AHRS43get_rotation_autopilot_body_to_vehicle_bodyEv @ 0xaf5cc0
CIRCLE: _ZNK17AP_InertialSensor14get_delta_timeEv @ 0xaf5d10
CIRCLE: _ZL3MINIffEDTqultfp_fp0_fp_fp0_ERKT_RKT0_.3694 @ 0x7c37a0
CIRCLE: _ZL3MINIffEDTqultfp_fp0_fp_fp0_ERKT_RKT0_.2119 @ 0x7c3830
CIRCLE: _ZNK12NavEKF3_core12getAccelBiasER7Vector3IfE @ 0x7c38c0
CIRCLE: _ZL7radiansf.2107 @ 0x7c3fb0
CIRCLE: _ZN7Vector2IfEmLEf @ 0xaf5e80
CIRCLE: _ZNK7AP_AHRS23_get_secondary_EKF_typeERNS_7EKFTypeE @ 0x7c4000
CIRCLE: _ZNK7NavEKF36getLLHER8Location @ 0x7c41f0
CIRCLE: _ZNK12NavEKF3_core6getLLHER8Location @ 0x7c4290
CIRCLE: _ZNK7AP_AHRS24fallback_active_EKF_typeEv @ 0x7c4860
CIRCLE: _ZNK11AP_AHRS_DCM14get_quaternionER11QuaternionTIfE @ 0x7c48b0
CIRCLE: _ZNK7NavEKF313getQuaternionER11QuaternionTIfE @ 0x7c49b0
CIRCLE: _ZN11QuaternionTIfE6rotateERK7Vector3IfE @ 0xaf5ff0
CIRCLE: _ZN11QuaternionTIfE15from_axis_angleE7Vector3IfE @ 0xaf60a0
CIRCLE: _ZN15AP_ExternalAHRS14get_quaternionER11QuaternionTIfE @ 0x7c4ab0
CIRCLE: _ZNK12NavEKF3_core13getQuaternionER11QuaternionTIfE @ 0x7c4b60
CIRCLE: _ZNK11QuaternionTIdE7tofloatEv @ 0xaf6180
CIRCLE: _ZNK7NavEKF314getEulerAnglesER7Vector3IfE @ 0x7c4d10
CIRCLE: _ZNK7NavEKF312getAirSpdVecER7Vector3IfE @ 0x7c4ef0
CIRCLE: _ZNK12NavEKF3_core12getAirSpdVecER7Vector3IfE @ 0x7c4f90
CIRCLE: _ZNK11QuaternionTIdE7inverseEv @ 0xaf6200
CIRCLE: _ZNK7AP_AHRS25get_active_airspeed_indexEv @ 0x7c5390
CIRCLE: _ZNK7AP_AHRS27_should_use_airspeed_sensorEh @ 0x7c5490
CIRCLE: _ZNK7AP_AHRS27get_wind_estimation_enabledEv @ 0xaf62b0
CIRCLE: _ZNK7NavEKF37getWindER7Vector3IfE @ 0x7c57a0
CIRCLE: _ZNK12NavEKF3_core7getWindER7Vector3IfE @ 0x7c58c0
CIRCLE: _ZN15AP_AHRS_Backend23airspeed_sensor_enabledEh @ 0xaf6370
CIRCLE: _ZNK7AP_AHRS23airspeed_sensor_enabledEh @ 0xaf6450
CIRCLE: _ZNK7NavEKF317getActiveAirspeedEv @ 0x7c5a90
CIRCLE: _ZNK12NavEKF3_core17getActiveAirspeedEv @ 0x7c5b20
CIRCLE: _ZNK7AP_Baro12_get_EAS2TASEv @ 0x7c5b70
CIRCLE: _ZNK7AP_Baro20get_EAS2TAS_extendedEf @ 0x7c5be0
CIRCLE: _ZNK7NavEKF319getPrimaryCoreIndexEv @ 0x7c5eb0
CIRCLE: _ZNK7NavEKF315getFilterFaultsERt @ 0x7c5fc0
CIRCLE: _ZNK16AP_NavEKF_Source14getPosXYSourceEh @ 0xaf6610
CIRCLE: _ZL7degreesf.18358 @ 0x7c61b0
CIRCLE: _ZNK7AP_AHRS9calc_trigERK7Matrix3IfERfS4_S4_S4_S4_S4_ @ 0x7c6200
CIRCLE: _ZNK9AP_Logger15allow_start_ekfEv @ 0x7c65f0
CIRCLE: _ZN7NavEKF312UpdateFilterEv @ 0x7c6cc0
CIRCLE: _ZNK7NavEKF320getRotationBodyToNEDER7Matrix3IfE @ 0x7c7290
CIRCLE: _ZN7AP_AHRS16update_cd_valuesEv @ 0x7c7320
CIRCLE: _ZN7AP_AHRS11update_trigEv @ 0x7c7460
CIRCLE: _ZNK17AP_InertialSensor22get_first_usable_accelEv @ 0xaf6690
CIRCLE: _ZNK7NavEKF311getGyroBiasEaR7Vector3IfE @ 0x7c7540
CIRCLE: _ZN7AP_AHRS32update_notify_from_filter_statusERK17nav_filter_status @ 0x7c7610
CIRCLE: _ZNK12NavEKF3_core11getGyroBiasER7Vector3IfE @ 0x7c76c0
CIRCLE: _ZL7degreesf.2051 @ 0x7c77a0
CIRCLE: _ZN6AP_DAL11start_frameENS_9FrameTypeE @ 0x7c77f0
CIRCLE: _ZNK6AP_DAL8micros64Ev @ 0xaf66e0
CIRCLE: _ZNK12NavEKF3_core21getFramesSincePredictEv @ 0x7c7cd0
CIRCLE: _ZN6AP_DAL22ekf_low_time_remainingENS_7EKFTypeEh @ 0x7c7d30
CIRCLE: _ZN12NavEKF3_core12UpdateFilterEb @ 0x7c7e70
CIRCLE: _ZNK6AP_DAL9get_armedEv @ 0xaf6730
CIRCLE: _ZN7NavEKF321updateCoreErrorScoresEv @ 0x7c80a0
CIRCLE: _ZN7NavEKF324updateCoreRelativeErrorsEv @ 0x7c8160
CIRCLE: _ZNK7NavEKF315coreBetterScoreEhh @ 0x7c8300
CIRCLE: _ZN16AP_NavEKF_Source22align_inactive_sourcesEv @ 0x7c8500
CIRCLE: _ZNK16AP_NavEKF_Source13getPosZSourceEh @ 0x7c87b0
CIRCLE: _ZNK7AP_EnumIN16AP_NavEKF_Source7SourceZEEcvKS1_Ev @ 0xaf6810
CIRCLE: _ZL3MAXI9AP_ParamTIfL11ap_var_type4EEfEDTqugtfp_fp0_fp_fp0_ERKT_RKT0_.4508 @ 0x7c8990
CIRCLE: _ZN18NavEKF_core_common22fill_scratch_variablesEv @ 0x7c8a20
CIRCLE: _ZN12NavEKF3_core23update_sensor_selectionEv @ 0x7c8ac0
CIRCLE: _ZN12NavEKF3_core18controlFilterModesEv @ 0x7c8b30
CIRCLE: _ZN12NavEKF3_core11readIMUDataEb @ 0x7c8c00
CIRCLE: _ZN12NavEKF3_core27UpdateStrapdownEquationsNEDEv @ 0x7c94d0
CIRCLE: _ZN12NavEKF3_core20CovariancePredictionEP7Vector3IdE @ 0x7c99b0
CIRCLE: _ZN12NavEKF3_core25runYawEstimatorPredictionEv @ 0x7d41a0
CIRCLE: _ZN12NavEKF3_core15SelectMagFusionEv @ 0x7d4300
CIRCLE: _ZN12NavEKF3_core18SelectVelPosFusionEv @ 0x7d5030
CIRCLE: _ZN12NavEKF3_core25runYawEstimatorCorrectionEv @ 0x7d59f0
CIRCLE: _ZN12NavEKF3_core18SelectRngBcnFusionEv @ 0x7d5be0
CIRCLE: _ZN12NavEKF3_core16SelectFlowFusionEv @ 0x7d5d10
CIRCLE: _ZN12NavEKF3_core20SelectBodyOdomFusionEv @ 0x7d5ff0
CIRCLE: _ZN12NavEKF3_core15SelectTasFusionEv @ 0x7d62a0
CIRCLE: _ZN12NavEKF3_core20SelectBetaDragFusionEv @ 0x7d63a0
CIRCLE: _ZN12NavEKF3_core18updateFilterStatusEv @ 0x7d6660
CIRCLE: _ZN12NavEKF3_core13moveEKFOriginEv @ 0x7d6fa0
CIRCLE: _ZN12NavEKF3_core21checkUpdateEarthFieldEv @ 0x7d7150
CIRCLE: _ZN12NavEKF3_core16calcOutputStatesEv @ 0x7d7210
CIRCLE: _ZN12NavEKF3_core11readMagDataEv @ 0x7d8560
CIRCLE: _ZN12NavEKF3_core11readGpsDataEv @ 0x7d8a70
CIRCLE: _ZN12NavEKF3_core14readGpsYawDataEv @ 0x7d9400
CIRCLE: _ZN12NavEKF3_core12readBaroDataEv @ 0x7d9530
CIRCLE: _ZN6AP_DAL3insEv @ 0xaf68c0
CIRCLE: _ZNK21AP_DAL_InertialSensor9get_accelEh @ 0xaf6910
CIRCLE: _ZL2sqf.4910 @ 0x7db560
CIRCLE: _ZNK16AP_NavEKF_Source13useVelZSourceENS_7SourceZEh @ 0x7db6d0
CIRCLE: _ZNK12NavEKF3_core26CorrectGPSForAntennaOffsetERNS_12gps_elementsE @ 0x7db800
CIRCLE: _ZNK10AP_DAL_GPS18get_antenna_offsetEh @ 0xaf6be0
CIRCLE: _ZNK7Vector3IdErmERKS0_ @ 0xaf6c50
CIRCLE: _ZNK7Matrix3IdE13mul_transposeERK7Vector3IdE @ 0xaf6d30
CIRCLE: _ZN7Vector3IdEdVEd @ 0xaf6e40
CIRCLE: _ZNK21AP_DAL_InertialSensor16get_loop_delta_tEv @ 0xaf6ed0
CIRCLE: _ZNK14AP_DAL_Compass16get_first_usableEv @ 0xaf72f0
CIRCLE: _ZNK11AP_DAL_Baro15get_last_updateEh @ 0xaf7560
CIRCLE: _ZNK11AP_DAL_Baro12get_altitudeEh @ 0xaf75d0
CIRCLE: _ZN16EKF_obs_buffer_tIN12NavEKF3_core13baro_elementsEE4pushERKS1_ @ 0xaf7640
CIRCLE: _ZNK10AP_DAL_GPS11gps_yaw_degEhRfS0_Rj @ 0xaf76b0
CIRCLE: _ZL3MAXIfdEDTqugtfp_fp0_fp_fp0_ERKT_RKT0_ @ 0x7dc200
CIRCLE: _ZNK10AP_DAL_GPS20last_message_time_msEh @ 0xaf77d0
CIRCLE: _ZNK10AP_DAL_GPS7get_lagEhRf @ 0xaf7840
CIRCLE: _ZL3MINIjjEDTqultfp_fp0_fp_fp0_ERKT_RKT0_.4728 @ 0x7dc400
CIRCLE: _ZNK10AP_DAL_GPS8velocityEh @ 0xaf78f0
CIRCLE: _ZNK10AP_DAL_GPS22have_vertical_velocityEh @ 0xaf7960
CIRCLE: _ZNK10AP_DAL_GPS14speed_accuracyEhRf @ 0xaf79e0
CIRCLE: _ZL3MAXIdfEDTqugtfp_fp0_fp_fp0_ERKT_RKT0_.4723 @ 0x7dc480
CIRCLE: _ZL3MINIdfEDTqultfp_fp0_fp_fp0_ERKT_RKT0_ @ 0x7dc520
CIRCLE: _ZL3MAXId9AP_ParamTIfL11ap_var_type4EEEDTqugtfp_fp0_fp_fp0_ERKT_RKT0_ @ 0x7dc5c0
CIRCLE: _ZNK10AP_DAL_GPS19horizontal_accuracyEhRf @ 0xaf7a90
CIRCLE: _ZNK10AP_DAL_GPS17vertical_accuracyEhRf @ 0xaf7b40
CIRCLE: _ZNK10AP_DAL_GPS8num_satsEh @ 0xaf7bf0
CIRCLE: _ZN12NavEKF3_core18calcGpsGoodToAlignEv @ 0x7dc670
CIRCLE: _ZN12NavEKF3_core20calcGpsGoodForFlightEv @ 0x7dd5d0
CIRCLE: _ZN16EKF_obs_buffer_tIN12NavEKF3_core12gps_elementsEE4pushERKS1_ @ 0xaf7c60
CIRCLE: _ZL3MAXIddEDTqugtfp_fp0_fp_fp0_ERKT_RKT0_.4888 @ 0x7dda90
CIRCLE: _ZL3MINIdfEDTqultfp_fp0_fp_fp0_ERKT_RKT0_.4875 @ 0x7ddb10
CIRCLE: _ZNK10AP_DAL_GPS8get_hdopEh @ 0xaf7cd0
CIRCLE: _ZNK14AP_DAL_Compass9get_countEv @ 0xaf7d40
CIRCLE: _ZNK14AP_DAL_Compass21learn_offsets_enabledEv @ 0xaf7d90
CIRCLE: _ZNK14AP_DAL_Compass16last_update_usecEh @ 0xaf7df0
CIRCLE: _ZNK7Vector3IdEneERKS0_ @ 0xaf7e60
CIRCLE: _ZN12NavEKF3_core12mag_elementsC2Ev @ 0xaf7f30
CIRCLE: _ZNK14AP_DAL_Compass9get_fieldEh @ 0xaf7f90
CIRCLE: _ZNK14AP_DAL_Compass10consistentEv @ 0xaf8000
CIRCLE: _ZN16EKF_obs_buffer_tIN12NavEKF3_core12mag_elementsEE4pushERKS1_ @ 0xaf8060
CIRCLE: _Z8is_equalIddENSt3__19enable_ifIXsr3std17is_floating_pointINS0_11common_typeIJT_T0_EE4typeEEE5valueEbE4typeES3_S4_ @ 0xaf80d0
CIRCLE: _ZN12NavEKF3_core17correctDeltaAngleER7Vector3IdEdh @ 0x7dddf0
CIRCLE: _ZN12NavEKF3_core20correctDeltaVelocityER7Vector3IdEdh @ 0x7ddeb0
CIRCLE: _ZN11QuaternionTIdEC2Ev @ 0xaf8150
CIRCLE: _ZN11QuaternionTIdE15from_axis_angleE7Vector3IdE @ 0xaf81c0
CIRCLE: _ZN11QuaternionTIdEmLERKS0_ @ 0xaf8280
CIRCLE: _ZNK11QuaternionTIdE15rotation_matrixER7Matrix3IdE @ 0xaf8420
CIRCLE: _ZNK21AP_DAL_InertialSensor8get_gyroEh @ 0xaf8610
CIRCLE: _ZNK6AP_DAL20get_takeoff_expectedEv @ 0xaf8720
CIRCLE: _ZN16EKF_IMU_buffer_tIN12NavEKF3_core12imu_elementsEE18get_youngest_indexEv @ 0xaf8790
CIRCLE: _ZN16EKF_IMU_buffer_tIN12NavEKF3_core12imu_elementsEE16get_oldest_indexEv @ 0xaf87f0
CIRCLE: _ZNK11QuaternionTIdEdvERKS0_ @ 0xaf8850
CIRCLE: _ZN11QuaternionTIdEixEh @ 0xaf8a70
CIRCLE: _ZL3MAXIddEDTqugtfp_fp0_fp_fp0_ERKT_RKT0_.4938 @ 0x7ddfd0
CIRCLE: _ZN12NavEKF3_core15output_elementsC2Ev @ 0xaf8ae0
CIRCLE: _ZNK14ekf_imu_buffer16get_oldest_indexEv @ 0xaf8b60
CIRCLE: _ZNK14ekf_imu_buffer18get_youngest_indexEv @ 0xaf8bb0
CIRCLE: _ZN7AP_AHRS20set_takeoff_expectedEb @ 0x7de050
CIRCLE: _ZN11QuaternionTIdE15from_axis_angleERK7Vector3IdEd @ 0xaf8c00
CIRCLE: _ZNK6AP_DAL22get_touchdown_expectedEv @ 0xaf8d20
CIRCLE: _ZNK6AP_DAL11get_EAS2TASEv @ 0xaf8e00
CIRCLE: _ZN7Vector3IdEixEh @ 0xaf8ec0
CIRCLE: _ZNK7Vector3IdEixEh @ 0xaf8f30
CIRCLE: _ZN7Vector2IdEixEh @ 0xaf8fa0
CIRCLE: _ZN15ekf_ring_buffer6recallEPvj @ 0x7e4b30
CIRCLE: _ZNK15ekf_ring_buffer7time_msEh @ 0x7e4c90
CIRCLE: _ZN12NavEKF3_core14readAirSpdDataEv @ 0x7e4d00
CIRCLE: _ZNK12NavEKF3_core11useAirspeedEv @ 0x7e69d0
CIRCLE: _ZNK6AP_DAL23airspeed_sensor_enabledEv @ 0xaf92c0
CIRCLE: _ZN16EKF_obs_buffer_tIN12NavEKF3_core16vel_odm_elementsEE6recallERS1_j @ 0xaf9330
CIRCLE: _ZN16EKF_obs_buffer_tIN12NavEKF3_core18wheel_odm_elementsEE6recallERS1_j @ 0xaf93b0
CIRCLE: _ZN12NavEKF3_core11of_elementsC2Ev @ 0xaf9430
CIRCLE: _ZN16EKF_obs_buffer_tIN12NavEKF3_core11of_elementsEE6recallERS1_j @ 0xaf94c0
CIRCLE: _ZNK7Vector2IdEixEh @ 0xaf9540
CIRCLE: _ZN12NavEKF3_core14readRngBcnDataEv @ 0x7f3900
CIRCLE: _ZN10EKFGSF_yaw11fuseVelDataERK7Vector2IdEd @ 0x7f75b0
CIRCLE: _ZNK12NavEKF3_core13EKFGSF_getYawERdS0_ @ 0x7f79b0
CIRCLE: _ZN7Matrix3IdEixEh @ 0xafa590
CIRCLE: _ZNK10EKFGSF_yaw10getYawDataERdS0_Ph @ 0x7f8320
CIRCLE: _ZL7radiansf.4691 @ 0x7f8400
CIRCLE: _ZL2sqf.4689 @ 0x7f8450
CIRCLE: _ZNK10EKFGSF_yaw17getVelInnovLengthERd @ 0x7f84a0
CIRCLE: _ZN10EKFGSF_yaw7correctEhRK7Vector2IdEd @ 0x7f89c0
CIRCLE: _ZNK10EKFGSF_yaw15gaussianDensityEh @ 0x7f9d80
CIRCLE: _ZL3MAXIdfEDTqugtfp_fp0_fp_fp0_ERKT_RKT0_.4194 @ 0x7fa100
CIRCLE: _ZN10EKFGSF_yaw13forceSymmetryEh @ 0x7fa1a0
CIRCLE: _ZN16EKF_obs_buffer_tIN12NavEKF3_core16ext_nav_elementsEE6recallERS1_j @ 0xafa700
CIRCLE: _ZN16EKF_obs_buffer_tIN12NavEKF3_core20ext_nav_vel_elementsEE6recallERS1_j @ 0xafa780
CIRCLE: _ZNK12NavEKF3_core35CalculateVelInnovationsAndVariancesERK7Vector3IdEddRS1_S4_ @ 0x7fa6d0
CIRCLE: _ZN16EKF_obs_buffer_tIN12NavEKF3_core12gps_elementsEE6recallERS1_j @ 0xafa800
CIRCLE: _ZN12NavEKF3_core21selectHeightForFusionEv @ 0x7fad10
CIRCLE: _ZN12NavEKF3_core13FuseVelPosNEDEv @ 0x7fc210
CIRCLE: _ZL3MAXIdfEDTqugtfp_fp0_fp_fp0_ERKT_RKT0_.4863 @ 0x7fe560
CIRCLE: _ZL3MAXI9AP_ParamTIfL11ap_var_type4EEfEDTqugtfp_fp0_fp_fp0_ERKT_RKT0_.4864 @ 0x7fe600
CIRCLE: _ZN12NavEKF3_core15readRangeFinderEv @ 0x7fe690
CIRCLE: _ZN16EKF_obs_buffer_tIN12NavEKF3_core14range_elementsEE6recallERS1_j @ 0xafa880
CIRCLE: _ZN16EKF_obs_buffer_tIN12NavEKF3_core13baro_elementsEE6recallERS1_j @ 0xafa950
CIRCLE: _ZL3MAXIddEDTqugtfp_fp0_fp_fp0_ERKT_RKT0_.4712 @ 0x7ff260
CIRCLE: _ZL3MAXI9AP_ParamTIfL11ap_var_type4EEfEDTqugtfp_fp0_fp_fp0_ERKT_RKT0_.4701 @ 0x7ff430
CIRCLE: _ZN16EKF_obs_buffer_tIN12NavEKF3_core12yaw_elementsEE6recallERS1_j @ 0xafabe0
CIRCLE: _ZN16EKF_obs_buffer_tIN12NavEKF3_core12mag_elementsEE6recallERS1_j @ 0xafac60
CIRCLE: _ZN12NavEKF3_core18controlMagYawResetEv @ 0x801460
CIRCLE: _ZN12NavEKF3_core16FuseMagnetometerEv @ 0x801a70
CIRCLE: _ZN7Matrix3IdEC2Eddddddddd @ 0xaface0
CIRCLE: _ZNK7Matrix3IdEixEh @ 0xafae30
CIRCLE: _ZL3MAXIdfEDTqugtfp_fp0_fp_fp0_ERKT_RKT0_.4699 @ 0x8082b0
CIRCLE: _ZN12NavEKF3_core17MagTableConstrainEv @ 0x808350
CIRCLE: _ZNK11QuaternionTIdE13to_axis_angleER7Vector3IdE @ 0xafaea0
CIRCLE: _ZN10EKFGSF_yaw6updateERK7Vector3IdES3_ddbd @ 0x808ad0
CIRCLE: _ZN10EKFGSF_yaw7predictEh @ 0x809560
CIRCLE: _ZN10EKFGSF_yaw11predictAHRSEh @ 0x80a0b0
CIRCLE: _ZL7radiansf.4192 @ 0x80a630
CIRCLE: _ZL2sqf.4193 @ 0x80a680
CIRCLE: _ZNK10EKFGSF_yaw12updateRotMatERK7Matrix3IdERK7Vector3IdE @ 0x80a6d0
CIRCLE: _ZN12NavEKF3_core21calcTiltErrorVarianceEv @ 0x80afb0
CIRCLE: _ZN12NavEKF3_core23verifyTiltErrorVarianceEv @ 0x80b690
CIRCLE: _ZL3MINIffEDTqultfp_fp0_fp_fp0_ERKT_RKT0_.4930 @ 0x80ba90
CIRCLE: _ZN11QuaternionTIdE6rotateERK7Vector3IdE @ 0xafb460
CIRCLE: _ZN12NavEKF3_core15ConstrainStatesEv @ 0x80bb20
CIRCLE: _ZNK21AP_DAL_InertialSensor9use_accelEh @ 0xafb520
CIRCLE: _ZNK21AP_DAL_InertialSensor8use_gyroEh @ 0xafb5f0
CIRCLE: _ZN12NavEKF3_core19learnInactiveBiasesEv @ 0x80bf60
CIRCLE: _ZN12NavEKF3_core19updateMovementCheckEv @ 0x80c4d0
CIRCLE: _ZN12NavEKF3_core17readDeltaVelocityEhR7Vector3IdERd @ 0x80cd70
CIRCLE: _ZNK21AP_DAL_InertialSensor18get_imu_pos_offsetEh @ 0xafb6c0
CIRCLE: _ZN12NavEKF3_core14readDeltaAngleEhR7Vector3IdERd @ 0x80cec0
CIRCLE: _ZN16EKF_IMU_buffer_tIN12NavEKF3_core12imu_elementsEE21push_youngest_elementES1_ @ 0xafb730
CIRCLE: _ZN12NavEKF3_core14SampleDragDataERKNS_12imu_elementsE @ 0x80cfe0
CIRCLE: _ZN16EKF_IMU_buffer_tIN12NavEKF3_core12imu_elementsEE18get_oldest_elementEv @ 0xafb790
CIRCLE: _ZN12NavEKF3_core22updateTimingStatisticsEv @ 0x80d290
CIRCLE: _ZL3MINIfdEDTqultfp_fp0_fp_fp0_ERKT_RKT0_.4724 @ 0x80d540
CIRCLE: _ZN12NavEKF3_core12imu_elementsC2Ev @ 0xafb810
CIRCLE: _ZN14ekf_imu_buffer18get_oldest_elementEPv @ 0x80d5e0
CIRCLE: _ZN14ekf_imu_buffer21push_youngest_elementEPKv @ 0x80d6a0
CIRCLE: _ZNK21AP_DAL_InertialSensor14get_gyro_countEv @ 0xafb8f0
CIRCLE: _ZNK21AP_DAL_InertialSensor15get_delta_angleEhR7Vector3IfERf @ 0xafb940
CIRCLE: _ZNK21AP_DAL_InertialSensor15get_accel_countEv @ 0xafba40
CIRCLE: _ZNK21AP_DAL_InertialSensor18get_delta_velocityEhR7Vector3IfERf @ 0xafba90
CIRCLE: _ZL7radiansi.4726 @ 0x80d790
CIRCLE: _ZN12NavEKF3_core12detectFlightEv @ 0x80d7f0
CIRCLE: _ZN12NavEKF3_core27setWindMagStateLearningModeEv @ 0x80dcb0
CIRCLE: _ZN12NavEKF3_core28checkAttitudeAlignmentStatusEv @ 0x80e550
CIRCLE: _ZN12NavEKF3_core13setAidingModeEv @ 0x80e660
CIRCLE: _ZN12NavEKF3_core12setYawSourceEv @ 0x80f5d0
CIRCLE: _ZN12NavEKF3_core18checkGyroCalStatusEv @ 0x80f6a0
CIRCLE: _ZL3MINIttEDTqultfp_fp0_fp_fp0_ERKT_RKT0_ @ 0x80fd80
CIRCLE: _ZL7radiansd.4644 @ 0x80fe00
CIRCLE: _ZN12NavEKF3_core19updateStateIndexLimEv @ 0x80fef0
CIRCLE: _ZNK6AP_DAL18get_time_flying_msEv @ 0xafbb80
CIRCLE: _ZN12NavEKF3_core20update_gps_selectionEv @ 0x8100e0
CIRCLE: _ZN12NavEKF3_core20update_mag_selectionEv @ 0x8101e0
CIRCLE: _ZN12NavEKF3_core21update_baro_selectionEv @ 0x810320
CIRCLE: _ZN12NavEKF3_core25update_airspeed_selectionEv @ 0x810400
CIRCLE: _ZNK11AP_DAL_Baro11get_primaryEv @ 0xafbc20
CIRCLE: _Z9fill_nanfPdt @ 0x810510
CIRCLE: _ZNK17AP_InertialSensor20get_last_update_usecEv @ 0xafbce0
CIRCLE: _ZNK17AP_InertialSensor16get_loop_delta_tEv @ 0xafbd30
CIRCLE: _ZNK7AP_AHRS17get_vehicle_classEv @ 0xafbd80
CIRCLE: _ZNK7AP_AHRS20get_takeoff_expectedEv @ 0xafbdd0
CIRCLE: _ZNK7AP_AHRS22get_touchdown_expectedEv @ 0xafbe30
CIRCLE: _ZNK7AP_AHRS8get_trimEv @ 0xafbe90
CIRCLE: _ZN2AP12wheelencoderEv @ 0x810930
CIRCLE: _ZNK7AP_AHRS43get_rotation_vehicle_body_to_autopilot_bodyEv @ 0xafbf40
CIRCLE: _ZN21AP_DAL_InertialSensor11start_frameEv @ 0x810970
CIRCLE: _ZN11AP_DAL_Baro11start_frameEv @ 0x810bf0
CIRCLE: _ZN10AP_DAL_GPS11start_frameEv @ 0x810d60
CIRCLE: _ZN14AP_DAL_Compass11start_frameEv @ 0x811160
CIRCLE: _ZNK9AP_Beacon7enabledEv @ 0x811c10
CIRCLE: _ZNK9AP_Beacon12device_readyEv @ 0x811f50
CIRCLE: _ZNK7AP_EnumIN9AP_Beacon4TypeEEcvKS1_Ev @ 0xafbff0
CIRCLE: _ZNK7Compass24auto_declination_enabledEv @ 0xafc140
CIRCLE: _ZNK7Compass15get_declinationEv @ 0x8120c0
CIRCLE: _ZNK7Compass15get_num_enabledEv @ 0x812120
CIRCLE: _ZNK7Compass16get_first_usableEv @ 0xafc1b0
CIRCLE: _ZNK7Compass21learn_offsets_enabledEv @ 0xafc200
CIRCLE: _ZNK7Compass17have_scale_factorEh @ 0x8121e0
CIRCLE: _ZNK7Compass16last_update_usecEh @ 0xafc270
CIRCLE: _ZNK14typesafe_indexIh14TAG_StateIndexEgeERKh @ 0xafc2f0
CIRCLE: _ZNK7AP_Baro11get_primaryEv @ 0xafc360
CIRCLE: _ZNK7AP_Baro15get_last_updateEh @ 0xafc3b0
CIRCLE: _ZNK17AP_InertialSensor16get_loop_rate_hzEv @ 0xafc420
CIRCLE: _ZNK17AP_InertialSensor15get_delta_angleEhR7Vector3IfERf @ 0x812320
CIRCLE: _ZN21AP_DAL_InertialSensor15update_filteredEh @ 0x8124f0
CIRCLE: _ZNK17AP_InertialSensor18get_imu_pos_offsetEh @ 0xafc470
CIRCLE: _ZNK17AP_InertialSensor10_accel_posEh @ 0xafc4d0
CIRCLE: _ZN17AP_InertialSensor10_accel_posEh @ 0xafc530
CIRCLE: _ZN15AP_WheelEncoder13get_singletonEv @ 0xafc5a0
CIRCLE: _ZN7NavEKF216InitialiseFilterEv @ 0x814f80
CIRCLE: _ZNK6AP_DAL12get_ekf_typeEv @ 0xafed90
CIRCLE: _ZN16AP_AHRS_External6updateEv @ 0x848320
CIRCLE: _ZN16AP_AHRS_External11get_resultsERN15AP_AHRS_Backend9EstimatesE @ 0x848370
CIRCLE: _ZN7AP_AHRS37copy_estimates_from_backend_estimatesERKN15AP_AHRS_Backend9EstimatesE @ 0x8485c0
CIRCLE: _ZN15AP_ExternalAHRS6updateEv @ 0x8488a0
CIRCLE: _ZL7degreesf.10880 @ 0x848bd0
CIRCLE: _ZN11AP_AHRS_SIM6updateEv @ 0xaff950
CIRCLE: _ZN11AP_AHRS_SIM11get_resultsERN15AP_AHRS_Backend9EstimatesE @ 0x848c20
CIRCLE: _ZN11AP_AHRS_DCM6updateEv @ 0x849800
CIRCLE: _ZN11AP_AHRS_DCM11get_resultsERN15AP_AHRS_Backend9EstimatesE @ 0x849b20
CIRCLE: _ZN11AP_AHRS_DCM13matrix_updateEv @ 0x849c40
CIRCLE: _ZN11AP_AHRS_DCM9normalizeEv @ 0x849e90
CIRCLE: _ZN11AP_AHRS_DCM16drift_correctionEf @ 0x84a0b0
CIRCLE: _ZN11AP_AHRS_DCM12check_matrixEv @ 0x84b410
CIRCLE: _ZN11AP_AHRS_DCM15backup_attitudeEv @ 0x84b510
CIRCLE: _ZNK11AP_AHRS_DCM12get_error_rpEv @ 0xaffa10
CIRCLE: _ZNK11AP_AHRS_DCM13get_error_yawEv @ 0xaffa60
CIRCLE: _ZN7Matrix3IfE6is_nanEv @ 0xaffab0
CIRCLE: _ZN11AP_AHRS_DCM20drift_correction_yawEv @ 0x84ba00
CIRCLE: _ZNK6AP_GPS16last_fix_time_msEv @ 0xaffbc0
CIRCLE: _ZL3MAXIfiEDTqugtfp_fp0_fp_fp0_ERKT_RKT0_.2117 @ 0x84bf20
CIRCLE: _ZNK11AP_AHRS_DCM26should_correct_centrifugalEv @ 0x84bfc0
CIRCLE: _ZN11AP_AHRS_DCM10ra_delayedEhRK7Vector3IfE @ 0x84c020
CIRCLE: _ZNK17AP_InertialSensor7healthyEv @ 0xaffc20
CIRCLE: _ZN11AP_AHRS_DCM7_P_gainEf @ 0x84c120
CIRCLE: _ZNK11AP_AHRS_DCM14use_fast_gainsEv @ 0x84c200
CIRCLE: _ZL7radiansi.2118 @ 0x84c290
CIRCLE: _ZNK17AP_InertialSensor19get_gyro_drift_rateEv @ 0xaffca0
CIRCLE: _ZNK17AP_InertialSensor15get_gyro_healthEv @ 0xaffcf0
CIRCLE: _ZNK17AP_InertialSensor16get_accel_healthEv @ 0xaffd50
CIRCLE: _ZNK7Compass16last_update_usecEv @ 0xaffdb0
CIRCLE: _ZN7Compass4readEv @ 0x84c2f0
CIRCLE: _ZN11AP_AHRS_DCM17yaw_error_compassER7Compass @ 0x84c6c0
CIRCLE: _ZNK11AP_AHRS_DCM9_yaw_gainEv @ 0x84c840
CIRCLE: _ZNK7Matrix3IfE5mulXYERK7Vector3IfE @ 0xaffe10
CIRCLE: _ZNK7Vector2IfErmERKS0_ @ 0xaffee0
CIRCLE: _ZN7Compass15_detect_runtimeEv @ 0x84c9f0
CIRCLE: _ZN9AP_Logger13Write_CompassEv @ 0x84cd20
CIRCLE: _ZN19RestrictIDTypeArrayI9AP_ParamTIaL11ap_var_type1EELj3E14typesafe_indexIh12TAG_PriorityEEixERKS5_ @ 0xafff60
CIRCLE: _ZN9AP_Logger22Write_Compass_instanceEmh @ 0x84cdc0
CIRCLE: _ZNK7Compass17get_motor_offsetsEh @ 0xafffe0
CIRCLE: _ZN18AP_Compass_Backend25drain_accumulated_samplesEhPK7Vector3IfE @ 0x84ecf0
CIRCLE: _ZN18AP_Compass_Backend22publish_filtered_fieldERK7Vector3IfEh @ 0x84ee70
CIRCLE: _ZN11AP_AHRS_DCM6renormERK7Vector3IfERS1_ @ 0x84ef30
CIRCLE: _ZNK17AP_InertialSensor15get_delta_angleER7Vector3IfERf @ 0xb00800
CIRCLE: _ZNK7Vector3IfEeqERKS0_ @ 0xb00890
CIRCLE: _ZNK14AP_Logger_File17recent_open_errorEv @ 0x84f2e0
CIRCLE: _ZNK14AP_Logger_File15io_thread_aliveEv @ 0x84f370
CIRCLE: _ZN14AP_Logger_File16disk_space_availEv @ 0x84f700
CIRCLE: _ZL3MINIjjEDTqultfp_fp0_fp_fp0_ERKT_RKT0_.6378 @ 0x84f7e0
CIRCLE: _ZN13AP_Filesystem17bytes_until_fsyncEi @ 0x84f860
CIRCLE: _ZN13AP_Filesystem9disk_freeEPKc @ 0x84f8e0
CIRCLE: _ZN2AP4rssiEv @ 0x856b20
CIRCLE: _ZNK7AP_RSSI7enabledEv @ 0xb01140
CIRCLE: _ZN7AP_RSSI13get_singletonEv @ 0x857350
CIRCLE: _ZN13AP_CANManager20check_logging_enableEv @ 0x858310
CIRCLE: _ZN7FunctorIvJEE14method_wrapperI13AP_CANManagerXadL_ZNS2_20check_logging_enableEvEEEEvPv @ 0xb01770
CIRCLE: _ZNK13AP_CANManager15CANIface_Params13option_is_setENS0_7OptionsE @ 0xb01820
CIRCLE: _ZN9AP_Logger13Write_MessageEPKc @ 0x862f00
CIRCLE: _ZNK13AP_OADatabase7healthyEv @ 0xb0fa70
CIRCLE: _ZN13AP_OADatabase13get_singletonEv @ 0xb0fcf0
CIRCLE: _ZNK22AP_BattMonitor_Backend13option_is_setEN21AP_BattMonitor_Params7OptionsE @ 0xb13810
CIRCLE: _ZN22AP_BattMonitor_Backend15update_consumedERN14AP_BattMonitor17BattMonitor_StateEj @ 0x87a820
CIRCLE: _ZN22AP_BattMonitor_Backend13calculate_mahEff @ 0xb138a0
CIRCLE: _ZN18AP_Compass_Backend17accumulate_sampleER7Vector3IfEhj @ 0x87cb30
CIRCLE: _ZN18AP_Compass_Backend12rotate_fieldER7Vector3IfEh @ 0x87ccb0
CIRCLE: _ZN18AP_Compass_Backend17publish_raw_fieldERK7Vector3IfEh @ 0x87cda0
CIRCLE: _ZN18AP_Compass_Backend13correct_fieldER7Vector3IfEh @ 0x87ceb0
CIRCLE: _ZN18AP_Compass_Backend8field_okERK7Vector3IfE @ 0x87d2b0
CIRCLE: _ZNK7Compass16get_filter_rangeEv @ 0xb15bc0
CIRCLE: _ZNK16Compass_PerMotor7enabledEv @ 0xb15c20
CIRCLE: _ZN7Compass13_get_priorityE14typesafe_indexIh14TAG_StateIndexE @ 0xb15c90
CIRCLE: _ZN14AP_GPS_Backend15set_alt_amsl_cmERN6AP_GPS9GPS_StateEi @ 0x881980
CIRCLE: _ZN16JitterCorrection31correct_offboard_timestamp_usecEmm @ 0x881b90
CIRCLE: _ZNK14AP_GPS_Backend10option_setEN6AP_GPS13DriverOptionsE @ 0xb18e20
CIRCLE: _ZNK6AP_GPS10option_setENS_13DriverOptionsE @ 0xb18e90
CIRCLE: _ZN6AP_RTC12set_utc_usecEmNS_11source_typeE @ 0x882600
CIRCLE: _ZNK11GCS_MAVLINK14option_enabledENS_6OptionE @ 0xb1b320
CIRCLE: _ZNK16AP_SerialManager9UARTState12get_protocolEv @ 0xb1b3a0
CIRCLE: _ZN2AP8PerfInfo13set_loop_rateEt @ 0x894ca0
CIRCLE: _ZN2AP8PerfInfo5resetEv @ 0x894d60
CIRCLE: _ZN3GCS10send_textvE12MAV_SEVERITYPKcP13__va_list_tagh @ 0x895390
CIRCLE: _ZNK3GCS26min_status_for_gps_healthyEv @ 0xb1bcf0
CIRCLE: _ZL3MINImmEDTqultfp_fp0_fp_fp0_ERKT_RKT0_.6841 @ 0x8958a0
CIRCLE: _ZN11ObjectArrayIN3GCS12statustext_tEE10push_forceERKS1_ @ 0xb1bd40
CIRCLE: _ZN2AP11frsky_telemEv @ 0x895920
CIRCLE: _ZN2AP14spektrum_telemEv @ 0x895960
CIRCLE: _ZN9AP_Notify9send_textEPKc @ 0x8959a0
CIRCLE: _ZN17AP_Spektrum_Telem13get_singletonEv @ 0xb1be80
CIRCLE: _ZN14AP_Frsky_Telem13get_singletonEv @ 0xb1bec0
CIRCLE: _ZNK11ObjectArrayIN3GCS12statustext_tEE5spaceEv @ 0xb1bf00
CIRCLE: _ZN11ObjectArrayIN3GCS12statustext_tEE4pushERKS1_ @ 0xb1bf60
CIRCLE: _ZN6Copter8set_modeEh10ModeReason @ 0x895a40
CIRCLE: _ZNK6Copter29current_mode_requires_missionEv @ 0x895ac0
CIRCLE: _ZNK6Copter17get_wp_distance_mERf @ 0x897390
CIRCLE: _ZNK6Copter18get_wp_bearing_degERf @ 0x897410
CIRCLE: _ZNK6Copter25get_wp_crosstrack_error_mERf @ 0x897490
CIRCLE: _ZN6Copter18fence_checks_asyncEv @ 0x897ea0
CIRCLE: _ZN6AP_HAL15timeout_expiredIjjjEEbT_T0_T1_ @ 0xb1c230
CIRCLE: _ZN8AC_Fence5checkEb @ 0x898050
CIRCLE: _ZN6Copter3gcsEv @ 0xb1c2b0
CIRCLE: _ZN8AC_Fence19clear_margin_breachEh @ 0x898460
CIRCLE: _ZN8AP_Param15save_io_handlerEv @ 0x899a80
CIRCLE: _ZN7FunctorIvJEE14method_wrapperI8AP_ParamXadL_ZNS2_15save_io_handlerEvEEEEvPv @ 0xb1c490
CIRCLE: _ZN15ObjectBuffer_TSIN8AP_Param10param_saveEE3popERS1_ @ 0xb1c540
CIRCLE: _ZN6Copter18notify_flight_modeEv @ 0x899d20
CIRCLE: _ZL21failsafe_check_staticv @ 0x89ccf0
CIRCLE: _ZN6Copter8set_modeEN4Mode6NumberE10ModeReason @ 0x8a10b0
CIRCLE: _ZNK15AC_CommandModel11get_rate_tcEv @ 0xb1c920
CIRCLE: _ZN18AC_AttitudeControl15set_yaw_rate_tcEf @ 0xb1c970
CIRCLE: _ZN6Copter16gcs_mode_enabledEN4Mode6NumberE @ 0x8a17a0
CIRCLE: _ZN6Copter18mode_from_mode_numEN4Mode6NumberE @ 0x8a19a0
CIRCLE: _ZN6Copter24get_non_takeoff_throttleEv @ 0x8a1ea0
CIRCLE: _ZN6Copter9exit_modeERP4ModeS2_ @ 0x8a2010
CIRCLE: _ZN7AP_ADSB16set_is_auto_modeEb @ 0xb1c9e0
CIRCLE: _ZNK8AC_Fence10get_actionEv @ 0xb1ca40
CIRCLE: _ZN8AC_Fence21manual_recovery_startEv @ 0x8a2100
CIRCLE: _ZN9AP_Camera16set_is_auto_modeEb @ 0xb1caa0
CIRCLE: _ZN18AC_AttitudeControl22set_roll_pitch_rate_tcEf @ 0xb1cb00
CIRCLE: _ZN4Mode12takeoff_stopEv @ 0xb1cb70
CIRCLE: _ZN4Mode8_TakeOff4stopEv @ 0x8a2260
CIRCLE: _ZNK18AC_AttitudeControl15get_throttle_inEv @ 0xb1cbb0
CIRCLE: _ZL3MAXIifEDTqugtfp_fp0_fp_fp0_ERKT_RKT0_ @ 0x8a23c0
CIRCLE: _Z19inv_sqrt_controllerfff @ 0x8a34e0
CIRCLE: _ZL2sqf.3798 @ 0x8a3720
CIRCLE: _ZNK7Vector2IfE8todoubleEv @ 0xb1cd90
CIRCLE: _ZNK10AP_Vehicle21block_GCS_mode_changeEhPKhh @ 0x8a3930
CIRCLE: _ZN6AC_PID21set_notch_sample_rateEf @ 0x8a47e0
CIRCLE: _ZNK12AP_AHRS_View20get_quat_body_to_nedER11QuaternionTIfE @ 0xb1d1a0
CIRCLE: _ZNK18AC_AttitudeControl30thrust_heading_rotation_anglesER11QuaternionTIfERKS1_R7Vector3IfERfS8_ @ 0x8a4c30
CIRCLE: _ZNK12AP_AHRS_View15get_gyro_latestEv @ 0x8a4fc0
CIRCLE: _ZN6AC_PID10update_allEfffbf @ 0x8a5070
CIRCLE: _ZNK6AC_PID16get_filt_T_alphaEf @ 0x8a5680
CIRCLE: _ZNK6AC_PID16get_filt_E_alphaEf @ 0x8a5700
CIRCLE: _ZNK6AC_PID16get_filt_D_alphaEf @ 0x8a5780
CIRCLE: _ZN6AC_PID8update_iEfb @ 0x8a5800
CIRCLE: _ZN11SlewLimiter8modifierEff @ 0x8a5a00
CIRCLE: _ZNK11SlewLimiter13get_slew_rateEv @ 0xb1d460
CIRCLE: _ZNK7AP_AHRS15get_gyro_latestEv @ 0x8a6000
CIRCLE: _ZNK7AP_AHRS22get_primary_gyro_indexEv @ 0xb1d4b0
CIRCLE: _ZNK18AC_AttitudeControl29thrust_vector_rotation_anglesERK11QuaternionTIfES3_RS1_R7Vector3IfERfS8_ @ 0x8a60b0
CIRCLE: _ZNK18AC_AttitudeControl23get_accel_yaw_max_radssEv @ 0xb1d500
CIRCLE: _ZL7radiansf.12163 @ 0x8a64a0
CIRCLE: _ZNK6AC_PID2kPEv @ 0xb1d560
CIRCLE: _ZNK4AC_P2kPEv @ 0xb1d5b0
CIRCLE: _ZL3MINIffEDTqultfp_fp0_fp_fp0_ERKT_RKT0_.12170 @ 0x8a64f0
CIRCLE: _ZL9cd_to_radf.12171 @ 0x8a6580
CIRCLE: _ZNK25HarmonicNotchFilterParams9hasOptionENS_7OptionsE @ 0xb1d8b0
CIRCLE: _ZN17AP_InertialSensor12_gyro_offsetEh @ 0xb1ecf0
CIRCLE: _ZN17AP_InertialSensor12caltemp_gyroEh @ 0xb1ed60
CIRCLE: _ZN22AP_InertialSensor_SITL6updateEv @ 0x8a9240
CIRCLE: _ZN25AP_InertialSensor_Backend10accumulateEv @ 0xb1ee80
CIRCLE: _ZN25AP_InertialSensor_Backend11set_primaryEb @ 0xb1f050
CIRCLE: _ZNK25AP_InertialSensor_Backend21_gyro_raw_sample_rateEh @ 0xb1f0a0
CIRCLE: _ZN22AP_InertialSensor_SITL12timer_updateEv @ 0x8a99c0
CIRCLE: _ZN7FunctorIvJEE14method_wrapperI22AP_InertialSensor_SITLXadL_ZNS2_12timer_updateEvEEEEvPv @ 0xb1f170
CIRCLE: _ZN22AP_InertialSensor_SITL14generate_accelEv @ 0x8a9e90
CIRCLE: _ZN22AP_InertialSensor_SITL13generate_gyroEv @ 0x8aae70
CIRCLE: _ZNK25AP_InertialSensor_Backend20enable_fast_samplingEh @ 0xb1f220
CIRCLE: _ZNK22AP_InertialSensor_SITL10gyro_driftEv @ 0x8ab8d0
CIRCLE: _ZL7radiansd.19050 @ 0x8abad0
CIRCLE: _ZL7radiansf.19051 @ 0x8abb20
CIRCLE: _ZN22AP_InertialSensor_SITL15get_temperatureEv @ 0x8abc00
CIRCLE: _ZNK22AP_InertialSensor_TCal15sitl_apply_gyroEfR7Vector3IfE @ 0x8abda0
CIRCLE: _ZN25AP_InertialSensor_Backend35_notify_new_gyro_sensor_rate_sampleEhRK7Vector3IfE @ 0x8abe80
CIRCLE: _ZN25AP_InertialSensor_Backend24_rotate_and_correct_gyroEhR7Vector3IfE @ 0x8ac080
CIRCLE: _ZN25AP_InertialSensor_Backend27_notify_new_gyro_raw_sampleEhRK7Vector3IfEm @ 0x8ac210
CIRCLE: _ZNK25AP_InertialSensor_Backend15has_been_killedEh @ 0xb1f2b0
CIRCLE: _ZNK25AP_InertialSensor_Backend19_update_sensor_rateERtRjRf @ 0x8ac8b0
CIRCLE: _ZN25AP_InertialSensor_Backend18apply_gyro_filtersEhRK7Vector3IfE @ 0x8aca80
CIRCLE: _ZN25AP_InertialSensor_Backend12log_gyro_rawEhmRK7Vector3IfES3_ @ 0x8aceb0
CIRCLE: _ZN25AP_InertialSensor_Backend14update_primaryEv @ 0x8ad140
CIRCLE: _ZNK17AP_InertialSensor22raw_logging_option_setENS_18RAW_LOGGING_OPTIONE @ 0xb1f330
CIRCLE: _ZNK25AP_InertialSensor_Backend18should_log_imu_rawEv @ 0x8ad220
CIRCLE: _ZNK17AP_InertialSensor12BatchSampler25doing_sensor_rate_loggingEv @ 0xb1f3b0
CIRCLE: _ZNK17AP_InertialSensor12BatchSampler25doing_post_filter_loggingEv @ 0xb1f410
CIRCLE: _ZN17AP_InertialSensor12BatchSampler6sampleEhNS_15IMU_SENSOR_TYPEEmRK7Vector3IfE @ 0x8ad430
CIRCLE: _ZN17AP_InertialSensor12BatchSampler10should_logEhNS_15IMU_SENSOR_TYPEE @ 0x8ad580
CIRCLE: _ZN25AP_InertialSensor_Backend16save_gyro_windowEhRK7Vector3IfEh @ 0x8ad6c0
CIRCLE: _ZN15LowPassFilter2pI7Vector3IfEE5applyERKS1_ @ 0xb1f6f0
CIRCLE: _ZNK17AP_InertialSensor25is_rate_loop_gyro_enabledEh @ 0x8ad980
CIRCLE: _ZN19DigitalBiquadFilterI7Vector3IfEE5applyERKS1_RKNS2_13biquad_paramsE @ 0xb1f950
CIRCLE: _ZNK25AP_InertialSensor_Backend18sensors_convergingEv @ 0x8adbb0
CIRCLE: _ZNK22AP_InertialSensor_TCal12correct_gyroEffR7Vector3IfE @ 0x8adce0
CIRCLE: _ZNK22AP_InertialSensor_TCal14correct_sensorEffPK9AP_ParamVI7Vector3IfEL11ap_var_type5EERS2_ @ 0x8add80
CIRCLE: _ZNK22AP_InertialSensor_TCal15polynomial_evalEfPK9AP_ParamVI7Vector3IfEL11ap_var_type5EE @ 0x8adf90
CIRCLE: _ZNK22AP_InertialSensor_TCal16sitl_apply_accelEfR7Vector3IfE @ 0x8b0f40
CIRCLE: _ZN25AP_InertialSensor_Backend36_notify_new_accel_sensor_rate_sampleEhRK7Vector3IfE @ 0x8b1020
CIRCLE: _ZN25AP_InertialSensor_Backend25_rotate_and_correct_accelEhR7Vector3IfE @ 0x8b1220
CIRCLE: _ZN25AP_InertialSensor_Backend28_notify_new_accel_raw_sampleEhRK7Vector3IfEmb @ 0x8b1440
CIRCLE: _ZN25AP_InertialSensor_Backend20_publish_temperatureEhf @ 0x8b19f0
CIRCLE: _ZN17AP_InertialSensor27calc_vibration_and_clippingEhRK7Vector3IfEf @ 0x8b1a90
CIRCLE: _ZN17AP_InertialSensor19set_accel_peak_holdEhRK7Vector3IfE @ 0x8b1d10
CIRCLE: _ZN25AP_InertialSensor_Backend13log_accel_rawEhmRK7Vector3IfE @ 0x8b1df0
CIRCLE: _ZNK25AP_InertialSensor_Backend14get_clip_limitEv @ 0xb20970
CIRCLE: _ZN13LowPassFilterI7Vector3IfEE5applyERKS1_RKf @ 0xb209c0
CIRCLE: _ZN10DigitalLPFI7Vector3IfEE6_applyERKS1_RKf @ 0xb20a80
CIRCLE: _ZNK22AP_InertialSensor_TCal13correct_accelEffR7Vector3IfE @ 0x8b21d0
CIRCLE: _ZN25AP_InertialSensor_Backend12update_accelEh @ 0x8b2650
CIRCLE: _ZN25AP_InertialSensor_Backend11update_gyroEh @ 0x8b2770
CIRCLE: _ZN25AP_InertialSensor_Backend13_publish_gyroEhRK7Vector3IfE @ 0x8b28d0
CIRCLE: _ZN25AP_InertialSensor_Backend19update_gyro_filtersEh @ 0x8b2a40
CIRCLE: _ZNK25AP_InertialSensor_Backend19_gyro_filter_cutoffEv @ 0xb20d50
CIRCLE: _ZN25AP_InertialSensor_Backend14_publish_accelEhRK7Vector3IfE @ 0x8b2e80
CIRCLE: _ZN25AP_InertialSensor_Backend20update_accel_filtersEh @ 0x8b30b0
CIRCLE: _ZNK25AP_InertialSensor_Backend20_accel_filter_cutoffEv @ 0xb21030
CIRCLE: _ZN11AP_SmartRTL22run_background_cleanupEv @ 0x8b4fc0
CIRCLE: _ZN7FunctorIvJEE14method_wrapperI11AP_SmartRTLXadL_ZNS2_22run_background_cleanupEvEEEEvPv @ 0xb215e0
CIRCLE: _ZN11AP_SmartRTL15routine_cleanupEtt @ 0x8b5290
CIRCLE: _ZN11AP_SmartRTL22detect_simplificationsEv @ 0x8b5460
CIRCLE: _ZN11AP_SmartRTL33remove_points_by_simplify_bitmaskEv @ 0x8b57d0
CIRCLE: _ZN11AP_SmartRTL29restart_pruning_if_new_pointsEv @ 0x8b59b0
CIRCLE: _ZN11AP_SmartRTL12detect_loopsEv @ 0x8b5a20
CIRCLE: _ZN11AP_SmartRTL20segment_segment_distERK7Vector3IfES3_S3_S3_ @ 0x8b6040
CIRCLE: _ZNK7BitmaskILt500EE3getEt @ 0xb21690
CIRCLE: _ZNK7BitmaskILt500EE8validateEt @ 0xb21760
CIRCLE: _ZNK7Vector3IfE19distance_to_segmentERKS0_S2_ @ 0xb217f0
CIRCLE: _ZN7BitmaskILt500EE5clearEt @ 0xb219e0
CIRCLE: _ZN7AP_Baro6updateEv @ 0x8d4630
CIRCLE: _ZNK7AP_Baro7healthyEv @ 0xb2a740
CIRCLE: _ZN15AP_Baro_Backend14backend_updateEh @ 0x8d4d50
CIRCLE: _ZN7AP_Baro24wind_pressure_correctionEh @ 0x8d4dd0
CIRCLE: _ZNK7AP_Baro15get_last_updateEv @ 0xb2a7a0
CIRCLE: _ZN16DerivativeFilterIfLh7EE6updateEfj @ 0xb2a800
CIRCLE: _ZN7AP_Baro22update_field_elevationEv @ 0x8d5110
CIRCLE: _ZNK7AP_Baro10should_logEv @ 0x8d5390
CIRCLE: _ZN7AP_Baro10Write_BaroEv @ 0x8d5440
CIRCLE: _ZN7AP_Baro19Write_Baro_instanceEmh @ 0x8d54d0
CIRCLE: _ZNK7AP_Baro21get_baro_drift_offsetEv @ 0xb2a8e0
CIRCLE: _ZNK7AP_Baro22get_ground_temperatureEv @ 0x8d56f0
CIRCLE: _ZNK7AP_Baro22get_corrected_pressureEh @ 0xb2a930
CIRCLE: _ZN16FilterWithBufferIfLh7EE5applyEf @ 0xb2aa10
CIRCLE: _ZNK7AP_AHRS20airspeed_vector_trueER7Vector3IfE @ 0x8d5790
CIRCLE: _ZNK7AP_AHRS21get_air_density_ratioEv @ 0x8d5810
CIRCLE: _ZL2sqf.2028 @ 0x8d58d0
CIRCLE: _ZNK7AP_AHRS12get_accel_efEv @ 0xb2e2b0
CIRCLE: _ZNK12NavEKF3_core9getMagXYZER7Vector3IfE @ 0x9019a0
CIRCLE: _ZNK12NavEKF3_core9getMagNEDER7Vector3IfE @ 0x901c20
CIRCLE: _ZNK7Vector2IfEdvEf @ 0xb31c20
CIRCLE: _ZNK7AP_EnumIN13AP_OADatabase11OutputLevelEEcvKS1_Ev @ 0xb33970
CIRCLE: _ZN15AP_Compass_SITL6_timerEv @ 0x9132b0
CIRCLE: _ZN7FunctorIvJEE14method_wrapperI15AP_Compass_SITLXadL_ZNS2_6_timerEvEEEEvPv @ 0xb34230
CIRCLE: _Z10rand_vec3fv @ 0x9137e0
CIRCLE: _ZN7VectorNIN15AP_Compass_SITL16readings_compassELh50EEixEh @ 0xb342e0
CIRCLE: _ZN15AP_Compass_SITL26_setup_eliptical_correcionEh @ 0x913860
CIRCLE: _ZNK18AP_Compass_Backend21get_board_orientationEv @ 0x913a90
CIRCLE: _ZN15AP_Compass_SITL4readEv @ 0x913ae0
CIRCLE: _ZNK14AP_GPS_Backend32supports_mavlink_gps_rtk_messageEv @ 0xb34960
CIRCLE: _ZNK14AP_GPS_Blended7get_lagERf @ 0x914850
CIRCLE: _ZN6Copter14failsafe_checkEv @ 0x914f20
CIRCLE: _ZNK12AP_Parachute7enabledEv @ 0xb35060
CIRCLE: _ZN6Copter10read_radioEv @ 0x9158f0
CIRCLE: _ZN11RC_Channels10read_inputEv @ 0x9161f0
CIRCLE: _ZN6Copter25set_throttle_and_failsafeEt @ 0x916320
CIRCLE: _ZN6Copter22set_throttle_zero_flagEs @ 0x9164c0
CIRCLE: _ZN6Copter27radio_passthrough_to_motorsEv @ 0x9165e0
CIRCLE: _ZNK11RC_Channels17get_fs_timeout_msEv @ 0xb35220
CIRCLE: _ZL3MAXIfiEDTqugtfp_fp0_fp_fp0_ERKT_RKT0_.1753 @ 0x917340
CIRCLE: _ZNK10RC_Channel22get_control_in_zero_dzEv @ 0x9173e0
CIRCLE: _ZN9AP_Motors21set_radio_passthroughEffff @ 0x917460
CIRCLE: _ZNK10RC_Channel15pwm_to_range_dzEt @ 0x917520
CIRCLE: _ZNK10RC_Channel15pwm_to_angle_dzEt @ 0x9176c0
CIRCLE: _ZNK10RC_Channel20pwm_to_angle_dz_trimEtt @ 0x917750
CIRCLE: _ZN10RC_Channel6updateEv @ 0x9179a0
CIRCLE: _ZN11RC_Channels23rudder_arm_disarm_checkEv @ 0x917b10
CIRCLE: _ZNK10RC_Channel12pwm_to_rangeEv @ 0x917d10
CIRCLE: _ZNK10RC_Channel12pwm_to_angleEv @ 0x917d80
CIRCLE: _ZN12SRV_Channels17enable_aux_servosEv @ 0x917df0
CIRCLE: _ZN10RC_Channel16read_mode_switchEv @ 0x918490
CIRCLE: _ZN10RC_Channel16read_6pos_switchERa @ 0x918510
CIRCLE: _ZN10RC_Channel18debounce_completedEa @ 0x918670
CIRCLE: _ZL7radiansf.12421 @ 0x918da0
CIRCLE: _ZN13AC_PosControl20update_NE_controllerEv @ 0x91b3c0
CIRCLE: _ZNK8AC_WPNav23get_default_speed_NE_msEv @ 0xb35af0
CIRCLE: _ZNK13AC_PosControl8get_dt_sEv @ 0xb35c20
CIRCLE: _ZNK13AC_PosControl22get_pos_estimate_NEU_mEv @ 0xb35da0
CIRCLE: _ZNK13AC_PosControl22get_vel_desired_NEU_msEv @ 0xb35df0
CIRCLE: _ZNK13AC_PosControl23get_vel_estimate_NEU_msEv @ 0xb35f50
CIRCLE: _Z16update_vel_accelRfffff @ 0x91ca70
CIRCLE: _ZNK8AC_WPNav23get_wp_acceleration_mssEv @ 0xb35fa0
CIRCLE: _Z15shape_vel_accelfffRfffffb @ 0x91cbd0
CIRCLE: _Z15sqrt_controllerffff @ 0x91fff0
CIRCLE: _Z11shape_accelfRfff @ 0x9202d0
CIRCLE: _ZNK7AC_P_2D9get_errorEv @ 0xb36300
CIRCLE: _ZNK7AC_P_1D9get_errorEv @ 0xb36350
CIRCLE: _ZNK13AC_PosControl19get_max_speed_up_msEv @ 0xb363a0
CIRCLE: _ZNK13AC_PosControl19get_max_accel_U_mssEv @ 0xb363f0
CIRCLE: _ZN13AC_PosControl23set_max_speed_accel_U_mEfff @ 0x920470
CIRCLE: _ZNK13AC_PosControl19get_max_speed_NE_msEv @ 0xb36440
CIRCLE: _ZNK13AC_PosControl21get_max_speed_down_msEv @ 0xb36490
CIRCLE: _ZN6AC_PID9filt_T_hzEv @ 0xb36540
CIRCLE: _ZL3MINIffEDTqultfp_fp0_fp_fp0_ERKT_RKT0_.12234 @ 0x9253a0
CIRCLE: _ZN6AC_PID9filt_E_hzEv @ 0xb36590
CIRCLE: _ZN13AC_PosControl24set_max_speed_accel_NE_mEff @ 0x925430
CIRCLE: _ZN13AC_PosControl31set_correction_speed_accel_NE_mEff @ 0x925630
CIRCLE: _ZN7AC_P_2D10set_limitsEfff @ 0x9256b0
CIRCLE: _ZL3MINIffEDTqultfp_fp0_fp_fp0_ERKT_RKT0_.20551 @ 0x925850
CIRCLE: _ZNK18AC_AttitudeControl25get_ang_vel_roll_max_radsEv @ 0xb365e0
CIRCLE: _ZNK18AC_AttitudeControl26get_ang_vel_pitch_max_radsEv @ 0xb36640
CIRCLE: _ZNK18AC_AttitudeControl24get_accel_roll_max_radssEv @ 0xb366a0
CIRCLE: _ZNK18AC_AttitudeControl25get_accel_pitch_max_radssEv @ 0xb36700
CIRCLE: _ZN18AC_AttitudeControl18get_bf_feedforwardEv @ 0xb36760
CIRCLE: _ZL9cd_to_radf.1210 @ 0x9258e0
CIRCLE: _ZN13AC_PosControl19handle_ekf_NE_resetEv @ 0x925930
CIRCLE: _ZN13AC_PosControl18init_NE_controllerEv @ 0x925b40
CIRCLE: _ZNK7AP_AHRS16getControlLimitsERfS0_ @ 0x925f10
CIRCLE: _ZN13AC_PosControl17update_offsets_NEEv @ 0x926040
CIRCLE: _ZN7AC_P_2D10update_allER7Vector2IdERKS1_ @ 0x926340
CIRCLE: _ZN9AC_PID_2D10update_allERK7Vector2IfES3_fS3_ @ 0x9264a0
CIRCLE: _ZNK13AC_PosControl22get_lean_angle_max_radEv @ 0x9269e0
CIRCLE: _Z22angle_rad_to_accel_mssf @ 0x926ab0
CIRCLE: _Z14limit_accel_xyRK7Vector2IfERS0_f @ 0x926b10
CIRCLE: _ZNK13AC_PosControl31accel_NE_mss_to_lean_angles_radEffRfS0_ @ 0x926d10
CIRCLE: _ZN13AC_PosControl26calculate_yaw_and_rate_yawEv @ 0x926ea0
CIRCLE: _ZNK18AC_AttitudeControl24get_att_target_euler_radEv @ 0xb367d0
CIRCLE: _ZNK12AP_AHRS_View7cos_yawEv @ 0xb36820
CIRCLE: _ZNK12AP_AHRS_View7sin_yawEv @ 0xb36870
CIRCLE: _Z22accel_mss_to_angle_radf @ 0x9270c0
CIRCLE: _ZN7Vector2IfE12limit_lengthEf @ 0xb368c0
CIRCLE: _ZNK7Vector2IfE10normalizedEv @ 0xb36990
CIRCLE: _ZNK18AC_AttitudeControl18lean_angle_max_radEv @ 0xb369f0
CIRCLE: _ZNK9AC_PID_2D16get_filt_E_alphaEf @ 0x927170
CIRCLE: _ZNK9AC_PID_2D16get_filt_D_alphaEf @ 0x9271f0
CIRCLE: _ZN9AC_PID_2D8update_iEfRK7Vector2IfE @ 0x927270
CIRCLE: _Z15sqrt_controllerRK7Vector2IfEfff @ 0x9273e0
CIRCLE: _Z23update_pos_vel_accel_xyR7Vector2IdERS_IfERKS2_fS5_S5_S5_ @ 0x9274c0
CIRCLE: _ZNK9AC_PID_2D9get_errorEv @ 0xb36a50
CIRCLE: _Z22shape_pos_vel_accel_xyRK7Vector2IdERKS_IfES5_S2_S5_RS3_ffffb @ 0x927670
CIRCLE: _Z18shape_vel_accel_xyRK7Vector2IfES2_S2_RS0_fffb @ 0x927900
CIRCLE: _Z14shape_accel_xyRK7Vector2IfERS0_ff @ 0x927c60
CIRCLE: _Z19update_vel_accel_xyR7Vector2IfERKS0_fS3_S3_ @ 0x927d70
CIRCLE: _ZNK7NavEKF319getEkfControlLimitsERfS0_ @ 0x928000
CIRCLE: _ZNK12NavEKF3_core19getEkfControlLimitsERfS0_ @ 0x928160
CIRCLE: _ZN13AC_PosControl15init_offsets_NEEv @ 0x928760
CIRCLE: _ZNK13AC_PosControl27lean_angles_to_accel_NE_mssERfS0_ @ 0x9288c0
CIRCLE: _ZN9AC_PID_2D12reset_filterEv @ 0xb36aa0
CIRCLE: _ZN9AC_PID_2D2ffEv @ 0xb36af0
CIRCLE: _ZN9AC_PID_2D14set_integratorERK7Vector2IfE @ 0x928990
CIRCLE: _ZN13AC_PosControl17init_ekf_NE_resetEv @ 0x928a20
CIRCLE: _ZN12AP_AHRS_View24getLastPosNorthEastResetER7Vector2IfE @ 0xb36b40
CIRCLE: _ZN7AP_AHRS24getLastPosNorthEastResetER7Vector2IfE @ 0x928a90
CIRCLE: _ZN7NavEKF324getLastPosNorthEastResetER7Vector2IfE @ 0x928ce0
CIRCLE: _ZNK13AC_PosControl32lean_angles_rad_to_accel_NEU_mssERK7Vector3IfE @ 0x928e30
CIRCLE: _ZL3MAXIffEDTqugtfp_fp0_fp_fp0_ERKT_RKT0_.12242 @ 0x929010
CIRCLE: _ZN13AC_PosControl24calculate_overspeed_gainEv @ 0x929090
CIRCLE: _ZNK12AC_PID_Basic9get_errorEv @ 0xb36c10
CIRCLE: _Z20update_pos_vel_accelRdRffffff @ 0x9291a0
CIRCLE: _Z19shape_pos_vel_acceldffdfRfffffffb @ 0x929300
CIRCLE: _Z15get_bearing_radRK7Vector2IfES2_ @ 0x929de0
CIRCLE: _ZN13AC_PosControl20init_pos_terrain_U_mEf @ 0x92a870
CIRCLE: _ZN13AC_PosControl30set_correction_speed_accel_U_mEfff @ 0x92abd0
CIRCLE: _ZN7AC_P_1D10set_limitsEffff @ 0x92af30
CIRCLE: _ZNK13AC_PosControl24get_measured_accel_U_mssEv @ 0xb36eb0
CIRCLE: _ZN12AP_AHRS_View19getLastPosDownResetERf @ 0xb36f20
CIRCLE: _ZN7AP_AHRS19getLastPosDownResetERf @ 0x92b690
CIRCLE: _ZN7NavEKF319getLastPosDownResetERf @ 0x92b8d0
CIRCLE: _ZNK12AP_AHRS_View12get_accel_efEv @ 0xb36ff0
CIRCLE: _ZN24AC_AttitudeControl_Multi17get_rate_roll_pidEv @ 0xb37720
CIRCLE: _ZN24AC_AttitudeControl_Multi18get_rate_pitch_pidEv @ 0xb37770
CIRCLE: _ZN24AC_AttitudeControl_Multi16get_rate_yaw_pidEv @ 0xb377c0
CIRCLE: _ZNK24AC_AttitudeControl_Multi16get_rate_yaw_pidEv @ 0xb378b0
CIRCLE: _ZN18AC_AttitudeControl31input_thrust_vector_heading_radERK7Vector3IfEff @ 0x92ef40
CIRCLE: _ZN24AC_AttitudeControl_Multi19rate_controller_runEv @ 0x92f3b0
CIRCLE: _ZN24AC_AttitudeControl_Multi28rate_controller_target_resetEv @ 0x92f440
CIRCLE: _ZN24AC_AttitudeControl_Multi22rate_controller_run_dtERK7Vector3IfEf @ 0x92f4d0
CIRCLE: _ZN24AC_AttitudeControl_Multi29update_althold_lean_angle_maxEf @ 0x92f780
CIRCLE: _ZN24AC_AttitudeControl_Multi16set_throttle_outEfbf @ 0x92f8c0
CIRCLE: _ZNK18AC_AttitudeControl30get_althold_lean_angle_max_radEv @ 0x92f9f0
CIRCLE: _ZN24AC_AttitudeControl_Multi21set_notch_sample_rateEf @ 0x92fd00
CIRCLE: _ZNK24AC_AttitudeControl_Multi19is_throttle_mix_minEv @ 0xb37a60
CIRCLE: _ZN24AC_AttitudeControl_Multi20set_throttle_mix_minEv @ 0xb37af0
CIRCLE: _ZN24AC_AttitudeControl_Multi20set_throttle_mix_maxEf @ 0x92fda0
CIRCLE: _ZL3MAXIffEDTqugtfp_fp0_fp_fp0_ERKT_RKT0_.12164 @ 0x92fe90
CIRCLE: _ZN9AP_Motors26set_throttle_filter_cutoffEf @ 0xb37f00
CIRCLE: _ZN24AC_AttitudeControl_Multi20get_throttle_boostedEf @ 0x92ff10
CIRCLE: _ZN9AP_Motors12set_throttleEf @ 0xb37f70
CIRCLE: _ZL3MAXIffEDTqugtfp_fp0_fp_fp0_ERKT_RKT0_.12079 @ 0x9300b0
CIRCLE: _ZN24AC_AttitudeControl_Multi20get_throttle_avg_maxEf @ 0x930130
CIRCLE: _ZN9AP_Motors20set_throttle_avg_maxEf @ 0xb37fd0
CIRCLE: _ZNK12AP_AHRS_View9cos_pitchEv @ 0xb38050
CIRCLE: _ZNK12AP_AHRS_View8cos_rollEv @ 0xb380a0
CIRCLE: _ZNK20AP_MotorsMulticopter23get_throttle_thrust_maxEv @ 0xb380f0
CIRCLE: _ZN24AC_AttitudeControl_Multi26update_throttle_gain_boostEv @ 0x930230
CIRCLE: _ZN24AC_AttitudeControl_Multi23update_throttle_rpy_mixEv @ 0x9303b0
CIRCLE: _ZN9AP_Motors8set_rollEf @ 0xb38140
CIRCLE: _ZNK6AC_PID6get_ffEv @ 0x9305f0
CIRCLE: _ZN9AP_Motors11set_roll_ffEf @ 0xb381a0
CIRCLE: _ZN9AP_Motors9set_pitchEf @ 0xb38200
CIRCLE: _ZN9AP_Motors12set_pitch_ffEf @ 0xb38260
CIRCLE: _ZN9AP_Motors7set_yawEf @ 0xb382c0
CIRCLE: _ZN9AP_Motors10set_yaw_ffEf @ 0xb38320
CIRCLE: _ZL3MINIffEDTqultfp_fp0_fp_fp0_ERKT_RKT0_.12080 @ 0x930650
CIRCLE: _ZNK9AP_Motors16get_throttle_outEv @ 0xb38380
CIRCLE: _ZNK9AP_Motors22get_throttle_slew_rateEv @ 0xb383d0
CIRCLE: _ZN18AC_AttitudeControl17set_PD_scale_multERK7Vector3IfE @ 0xb38420
CIRCLE: _ZN18AC_AttitudeControl22set_angle_P_scale_multERK7Vector3IfE @ 0xb38490
CIRCLE: _ZNK18AC_AttitudeControl21get_slew_yaw_max_radsEv @ 0x9306e0
CIRCLE: _ZN18AC_AttitudeControl22update_attitude_targetEv @ 0x930730
CIRCLE: _ZNK11QuaternionTIfE8to_eulerER7Vector3IfE @ 0xb38500
CIRCLE: _ZNK18AC_AttitudeControl27attitude_from_thrust_vectorE7Vector3IfEf @ 0x930800
CIRCLE: _ZN18AC_AttitudeControl19input_shaping_angleEfffff @ 0xb38580
CIRCLE: _ZN18AC_AttitudeControl19input_shaping_angleEfffffff @ 0x930a50
CIRCLE: _ZNK18AC_AttitudeControl13ang_vel_limitER7Vector3IfEfff @ 0x930bb0
CIRCLE: _ZN18AC_AttitudeControl21ang_vel_to_euler_rateERK11QuaternionTIfERK7Vector3IfERS5_ @ 0x930db0
CIRCLE: _ZN18AC_AttitudeControl28attitude_controller_run_quatEv @ 0x930f50
CIRCLE: _ZN18AC_AttitudeControl36update_ang_vel_target_from_att_errorERK7Vector3IfE @ 0x9313f0
CIRCLE: _ZNK18AC_AttitudeControl15get_latest_gyroEv @ 0x931800
CIRCLE: _ZN18AC_AttitudeControl21input_shaping_ang_velEfffff @ 0x931870
CIRCLE: _ZNK18AC_AttitudeControl21get_slew_yaw_max_degsEv @ 0x9319f0
CIRCLE: _ZNK20AP_MotorsMulticopter18get_throttle_hoverEv @ 0xb38d60
CIRCLE: _ZN20AP_MotorsMulticopter6outputEv @ 0x933720
CIRCLE: _ZN9AP_Motors8rc_writeEht @ 0x933940
CIRCLE: _ZN20AP_MotorsMulticopter9Log_WriteEv @ 0x933a00
CIRCLE: _ZN15AP_MotorsMatrix24output_armed_stabilizingEv @ 0x933b00
CIRCLE: _ZN20AP_MotorsMulticopter22update_throttle_filterEv @ 0x934840
CIRCLE: _ZN20AP_MotorsMulticopter30get_current_limit_max_throttleEv @ 0x934ed0
CIRCLE: _ZN20AP_MotorsMulticopter21output_boost_throttleEv @ 0x935150
CIRCLE: _ZN20AP_MotorsMulticopter11output_rpytEv @ 0x935230
CIRCLE: _ZL3MAXIffEDTqugtfp_fp0_fp_fp0_ERKT_RKT0_.12661 @ 0x9367a0
CIRCLE: _ZNK20Thrust_Linearization17get_battery_indexEv @ 0xb39160
CIRCLE: _ZN15AP_MotorsMatrix16output_to_motorsEv @ 0x936c60
CIRCLE: _ZN20AP_MotorsMulticopter22set_actuator_with_slewERff @ 0x936f70
CIRCLE: _ZNK20Thrust_Linearization18thrust_to_actuatorEf @ 0x937130
CIRCLE: _ZN20AP_MotorsMulticopter13output_to_pwmEf @ 0x937210
CIRCLE: _ZNK20Thrust_Linearization35apply_thrust_curve_and_volt_scalingEf @ 0x937330
CIRCLE: _ZNK20Thrust_Linearization21get_compensation_gainEv @ 0x9375b0
CIRCLE: _ZNK15AP_MotorsMatrix11boost_ratioEff @ 0x9376c0
CIRCLE: _ZL3MINIffEDTqultfp_fp0_fp_fp0_ERKT_RKT0_.12687 @ 0x937750
CIRCLE: _ZN15AP_MotorsMatrix22check_for_failed_motorEf @ 0x9377e0
CIRCLE: _ZNK20Thrust_Linearization12get_lift_maxEv @ 0xb39380
CIRCLE: _ZN9AP_Motors23set_desired_spool_stateENS_17DesiredSpoolStateE @ 0x937b00
CIRCLE: _ZN20Thrust_Linearization33update_lift_max_from_batt_voltageEv @ 0x937b80
CIRCLE: _ZN20AP_MotorsMulticopter12output_logicEv @ 0x937f20
CIRCLE: _ZN20AP_MotorsMulticopter22update_external_limitsEv @ 0x938910
CIRCLE: _ZL3MAXIffEDTqugtfp_fp0_fp_fp0_ERKT_RKT0_.12752 @ 0x938ad0
CIRCLE: _ZN9AP_Motors10has_optionENS_12MotorOptionsE @ 0xb39430
CIRCLE: _ZNK9AP_ParamTIfL11ap_var_type4EEgeERKS1_ @ 0xb394b0
CIRCLE: _ZL3MAXI9AP_ParamTIfL11ap_var_type4EEfEDTqugtfp_fp0_fp_fp0_ERKT_RKT0_.12812 @ 0x938b50
CIRCLE: _ZNK9AP_Motors8get_dt_sEv @ 0xb39520
CIRCLE: _ZN15AP_MotorsMatrix19thrust_compensationEv @ 0x939f50
CIRCLE: _ZNK7FunctorIvJPfhEEcvbEv @ 0xb39680
CIRCLE: _ZN15AP_Baro_Backend17_copy_to_frontendEhff @ 0x942bf0
CIRCLE: _ZN12AP_Baro_SITL6_timerEv @ 0x943e80
CIRCLE: _ZN7FunctorIvJEE14method_wrapperI12AP_Baro_SITLXadL_ZNS2_6_timerEvEEEEvPv @ 0xb3b9a0
CIRCLE: _ZN7VectorNIN12AP_Baro_SITL13readings_baroELh50EEixEh @ 0xb3ba50
CIRCLE: _ZN12AP_Baro_SITL22temperature_adjustmentERfS0_ @ 0x944270
CIRCLE: _ZN12AP_Baro_SITL24wind_pressure_correctionEh @ 0x944460
CIRCLE: _ZL2sqf.2279 @ 0x944670
CIRCLE: _ZN7AP_Baro22_get_air_density_ratioEv @ 0x9446c0
CIRCLE: _ZL2sqf.2258 @ 0x944760
CIRCLE: _ZN12AP_Baro_SITL6updateEv @ 0x944850
CIRCLE: _ZN12AP_Baro_SITL19update_healthy_flagEh @ 0xb3bb60
CIRCLE: _ZN12AP_Baro_SITL7healthyEh @ 0x944900
CIRCLE: _ZNK22AP_BattMonitor_Backend17has_cell_voltagesEv @ 0xb3c270
CIRCLE: _ZNK22AP_BattMonitor_Backend15has_temperatureEv @ 0xb3c2c0
CIRCLE: _ZNK22AP_BattMonitor_Backend15get_temperatureERf @ 0x945110
CIRCLE: _ZNK22AP_BattMonitor_Backend22capacity_remaining_pctERh @ 0x9451d0
CIRCLE: _ZN22AP_BattMonitor_Backend26update_resistance_estimateEv @ 0x945350
CIRCLE: _ZN22AP_BattMonitor_Backend16update_failsafesEv @ 0x9456a0
CIRCLE: _ZNK22AP_BattMonitor_Backend25get_mavlink_fault_bitmaskEv @ 0xb3c370
CIRCLE: _ZL3MINIifEDTqultfp_fp0_fp_fp0_ERKT_RKT0_.18692 @ 0x9459c0
CIRCLE: _ZN21AP_BattMonitor_Analog4readEv @ 0x947660
CIRCLE: _ZNK21AP_BattMonitor_Analog19has_consumed_energyEv @ 0xb3d060
CIRCLE: _ZNK21AP_BattMonitor_Analog11has_currentEv @ 0x947860
CIRCLE: _ZN9AP_Notify19set_flight_mode_strEPKc @ 0x94de70
CIRCLE: _ZN6RGBLed6updateEv @ 0x953ac0
CIRCLE: _ZN6RGBLed8_set_rgbEhhh @ 0x953ef0
CIRCLE: _ZNK6RGBLed10rgb_sourceEv @ 0x954000
CIRCLE: _ZNK6RGBLed19get_colour_sequenceEv @ 0x954260
CIRCLE: _ZNK6RGBLed14get_brightnessEv @ 0x954650
CIRCLE: _ZN6RGBLed7set_rgbEhhh @ 0x954750
CIRCLE: _ZN10IS31FL31956_timerEv @ 0x954810
CIRCLE: _ZN7FunctorIvJEE14method_wrapperI10IS31FL3195XadL_ZNS2_6_timerEvEEEEvPv @ 0xb40710
CIRCLE: _ZN6LP55626_timerEv @ 0x954da0
CIRCLE: _ZN7FunctorIvJEE14method_wrapperI6LP5562XadL_ZNS2_6_timerEvEEEEvPv @ 0xb40a80
CIRCLE: _ZN14ToshibaLED_I2C6_timerEv @ 0x956bd0
CIRCLE: _ZN7FunctorIvJEE14method_wrapperI14ToshibaLED_I2CXadL_ZNS2_6_timerEvEEEEvPv @ 0xb41790
CIRCLE: _ZN4Mode4exitEv @ 0xb41ca0
CIRCLE: _ZNK4Mode13logs_attitudeEv @ 0xb41e90
CIRCLE: _ZNK4Mode19crash_check_enabledEv @ 0xb42020
CIRCLE: _ZNK4Mode10is_landingEv @ 0xb421b0
CIRCLE: _ZN4Mode16output_to_motorsEv @ 0x9596d0
CIRCLE: _ZNK13AC_PosControl23get_pos_estimate_NEU_cmEv @ 0xb422e0
CIRCLE: _ZNK4Mode21is_disarmed_or_landedEv @ 0x959d30
CIRCLE: _ZNK6Copter38get_rangefinder_height_interpolated_cmERi @ 0x959e50
CIRCLE: _ZNK18AP_SurfaceDistance38get_rangefinder_height_interpolated_cmERi @ 0x959ec0
CIRCLE: _ZNK18AP_SurfaceDistance19enabled_and_healthyEv @ 0x959fc0
CIRCLE: _ZN13AC_PosControl24set_max_speed_accel_U_cmEfff @ 0x95a030
CIRCLE: _ZN13AC_PosControl31set_correction_speed_accel_U_cmEfff @ 0x95a0e0
CIRCLE: _ZNK8AC_WPNav24get_wp_acceleration_cmssEv @ 0xb42410
CIRCLE: _ZN13AC_PosControl25set_max_speed_accel_NE_cmEff @ 0x95a190
CIRCLE: _ZNK13AC_PosControl18get_pos_error_NE_mEv @ 0xb42520
CIRCLE: _ZNK13AC_PosControl25get_bearing_to_target_radEv @ 0x95a4a0
CIRCLE: _ZN4Mode36get_avoidance_adjusted_climbrate_cmsEf @ 0x95be20
CIRCLE: _ZN13AC_PosControl19update_U_controllerEv @ 0x95c3a0
CIRCLE: _ZN13AC_PosControl18handle_ekf_U_resetEv @ 0x95c8b0
CIRCLE: _ZN13AC_PosControl16update_offsets_UEv @ 0x95ca00
CIRCLE: _ZN13AC_PosControl14update_terrainEv @ 0x95ccf0
CIRCLE: _ZN7AC_P_1D10update_allERff @ 0x95cf10
CIRCLE: _ZNK7AP_AHRS16getControlScaleZEv @ 0x95d070
CIRCLE: _ZN12AC_PID_Basic10update_allEfffbb @ 0x95d0f0
CIRCLE: _ZNK6AC_PID4imaxEv @ 0xb42630
CIRCLE: _ZNK12AC_PID_Basic16get_filt_E_alphaEf @ 0x95d710
CIRCLE: _ZNK12AC_PID_Basic16get_filt_D_alphaEf @ 0x95d790
CIRCLE: _ZN12AC_PID_Basic8update_iEfbb @ 0x95d810
CIRCLE: _ZN13AC_PosControl34set_pos_target_U_from_climb_rate_mEf @ 0x95d970
CIRCLE: _ZN13AC_PosControl19input_vel_accel_U_mERffb @ 0x95d9e0
CIRCLE: _ZN13AC_PosControl28relax_velocity_controller_NEEv @ 0x95de10
CIRCLE: _ZNK13AC_PosControl20get_max_accel_U_cmssEv @ 0xb42710
CIRCLE: _ZN8AC_Avoid17adjust_velocity_zEffRff @ 0x95e0f0
CIRCLE: _ZN8AC_Avoid17adjust_velocity_zEffRfS0_f @ 0x95e200
CIRCLE: _ZL3MINIffEDTqultfp_fp0_fp_fp0_ERKT_RKT0_.8997 @ 0x95e7f0
CIRCLE: _ZNK7AP_AHRS18get_hgt_ctrl_limitERf @ 0x95e900
CIRCLE: _ZNK12AP_Proximity19get_upward_distanceERf @ 0x95ea00
CIRCLE: _ZNK7NavEKF321getHeightControlLimitERf @ 0x95ed00
CIRCLE: _ZNK12NavEKF3_core21getHeightControlLimitERf @ 0x95eda0
CIRCLE: _ZNK4Mode7AutoYaw4modeEv @ 0xb42830
CIRCLE: _ZNK13AC_PosControl23get_vel_desired_NEU_cmsEv @ 0xb428f0
CIRCLE: _ZNK13AC_PosControl17get_thrust_vectorEv @ 0x95f630
CIRCLE: _ZN4Mode7AutoYaw11get_headingEv @ 0x95f6a0
CIRCLE: _ZN18AC_AttitudeControl27input_thrust_vector_headingERK7Vector3IfENS_14HeadingCommandE @ 0x95f870
CIRCLE: _ZNK4Mode31get_pilot_desired_yaw_rate_radsEv @ 0x95f990
CIRCLE: _ZN4Mode7AutoYaw18update_weathervaneEf @ 0x95fa80
CIRCLE: _ZN4Mode7AutoYaw7yaw_radEv @ 0x95fca0
CIRCLE: _ZN4Mode7AutoYaw9rate_radsEv @ 0x95fec0
CIRCLE: _ZNK9AC_Circle9is_activeEv @ 0x960140
CIRCLE: _ZNK9AC_Circle11get_yaw_radEv @ 0xb429d0
CIRCLE: _ZNK15AC_CommandModel8get_rateEv @ 0xb42b30
CIRCLE: _ZL7radiansf.1204 @ 0x9611a0
CIRCLE: _ZNK15AC_CommandModel8get_expoEv @ 0xb42b90
CIRCLE: _Z10input_expoff @ 0x9611f0
CIRCLE: _ZNK13AC_PosControl24get_accel_target_NEU_mssEv @ 0xb42bf0
CIRCLE: _ZN13AC_PosControl24input_pos_vel_accel_NE_mER7Vector2IdERS0_IfERKS3_b @ 0x961660
CIRCLE: _ZNK13AC_PosControl21get_pos_desired_NEU_mEv @ 0xb42c40
CIRCLE: _ZNK13AC_PosControl20get_max_accel_NE_mssEv @ 0xb436e0
CIRCLE: _ZN6Copter27failsafe_terrain_set_statusEb @ 0x967680
CIRCLE: _ZNK13AC_PosControl19get_pos_desired_U_mEv @ 0xb43850
CIRCLE: _ZNK8AC_WPNav24get_default_speed_NE_cmsEv @ 0xb438b0
CIRCLE: _ZNK4Mode16has_user_takeoffEb @ 0xb43a60
CIRCLE: _ZNK4Mode13is_taking_offEv @ 0x968690
CIRCLE: _ZNK4Mode6get_wpER8Location @ 0xb43bb0
CIRCLE: _ZNK4Mode18crosstrack_error_mEv @ 0xb43cb0
CIRCLE: _ZNK4Mode13use_pilot_yawEv @ 0xb43e20
CIRCLE: _ZNK4Mode20allows_weathervaningEv @ 0xb43f10
CIRCLE: _ZNK9AC_Circle13get_radius_cmEv @ 0xb43fc0
CIRCLE: _ZNK9AC_Circle12get_radius_mEv @ 0xb44020
CIRCLE: _ZN13AC_PosControl21init_pos_terrain_U_cmEf @ 0x96a640
CIRCLE: _ZN7FunctorIvJEE14method_wrapperI17AP_InertialSensorXadL_ZNS2_6updateEvEEEEvPv @ 0xb44240
CIRCLE: _ZN7FunctorIvJEE14method_wrapperI6CopterXadL_ZNS2_24run_rate_controller_mainEvEEEEvPv @ 0xb442f0
CIRCLE: _ZN7FunctorIvJEE14method_wrapperI6CopterXadL_ZNS2_21run_custom_controllerEvEEEEvPv @ 0xb443a0
CIRCLE: _ZN7FunctorIvJEE14method_wrapperI6CopterXadL_ZNS2_18motors_output_mainEvEEEEvPv @ 0xb44450
CIRCLE: _ZN7FunctorIvJEE14method_wrapperI6CopterXadL_ZNS2_9read_AHRSEvEEEEvPv @ 0xb44500
CIRCLE: _ZN7FunctorIvJEE14method_wrapperI6CopterXadL_ZNS2_12read_inertiaEvEEEEvPv @ 0xb445b0
CIRCLE: _ZN7FunctorIvJEE14method_wrapperI6CopterXadL_ZNS2_15check_ekf_resetEvEEEEvPv @ 0xb44660
CIRCLE: _ZN7FunctorIvJEE14method_wrapperI6CopterXadL_ZNS2_18update_flight_modeEvEEEEvPv @ 0xb44710
CIRCLE: _ZN7FunctorIvJEE14method_wrapperI6CopterXadL_ZNS2_20update_home_from_EKFEvEEEEvPv @ 0xb447c0
CIRCLE: _ZN7FunctorIvJEE14method_wrapperI6CopterXadL_ZNS2_31update_land_and_crash_detectorsEvEEEEvPv @ 0xb44870
CIRCLE: _ZN7FunctorIvJEE14method_wrapperI6CopterXadL_ZNS2_33update_rangefinder_terrain_offsetEvEEEEvPv @ 0xb44920
CIRCLE: _ZN7FunctorIvJEE14method_wrapperI8AP_MountXadL_ZNS2_11update_fastEvEEEEvPv @ 0xb449d0
CIRCLE: _ZN7FunctorIvJEE14method_wrapperI6CopterXadL_ZNS2_23Log_Video_StabilisationEvEEEEvPv @ 0xb44a80
CIRCLE: _ZN7FunctorIvJEE14method_wrapperI6CopterXadL_ZNS2_7rc_loopEvEEEEvPv @ 0xb44b30
CIRCLE: _ZN7FunctorIvJEE14method_wrapperI6CopterXadL_ZNS2_13throttle_loopEvEEEEvPv @ 0xb44be0
CIRCLE: _ZN7FunctorIvJEE14method_wrapperI6CopterXadL_ZNS2_11fence_checkEvEEEEvPv @ 0xb44c90
CIRCLE: _ZN7FunctorIvJEE14method_wrapperI6AP_GPSXadL_ZNS2_6updateEvEEEEvPv @ 0xb44d40
CIRCLE: _ZN7FunctorIvJEE14method_wrapperI14AP_OpticalFlowXadL_ZNS2_6updateEvEEEEvPv @ 0xb44df0
CIRCLE: _ZN7FunctorIvJEE14method_wrapperI6CopterXadL_ZNS2_19update_batt_compassEvEEEEvPv @ 0xb44ea0
CIRCLE: _ZN7FunctorIvJEE14method_wrapperI11RC_ChannelsXadL_ZNS2_12read_aux_allEvEEEEvPv @ 0xb44f50
CIRCLE: _ZN7FunctorIvJEE14method_wrapperI6CopterXadL_ZNS2_17auto_disarm_checkEvEEEEvPv @ 0xb45000
CIRCLE: _ZN7FunctorIvJEE14method_wrapperI18RC_Channels_CopterXadL_ZNS2_13auto_trim_runEvEEEEvPv @ 0xb450b0
CIRCLE: _ZN7FunctorIvJEE14method_wrapperI6CopterXadL_ZNS2_16read_rangefinderEvEEEEvPv @ 0xb45160
CIRCLE: _ZN7FunctorIvJEE14method_wrapperI12AP_ProximityXadL_ZNS2_6updateEvEEEEvPv @ 0xb45210
CIRCLE: _ZN7FunctorIvJEE14method_wrapperI9AP_BeaconXadL_ZNS2_6updateEvEEEEvPv @ 0xb452c0
CIRCLE: _ZN7FunctorIvJEE14method_wrapperI6CopterXadL_ZNS2_15update_altitudeEvEEEEvPv @ 0xb45370
CIRCLE: _ZN7FunctorIvJEE14method_wrapperI6CopterXadL_ZNS2_15run_nav_updatesEvEEEEvPv @ 0xb45420
CIRCLE: _ZN7FunctorIvJEE14method_wrapperI6CopterXadL_ZNS2_21update_throttle_hoverEvEEEEvPv @ 0xb454d0
CIRCLE: _ZN7FunctorIvJEE14method_wrapperI12ModeSmartRTLXadL_ZNS2_13save_positionEvEEEEvPv @ 0xb45580
CIRCLE: _ZN7FunctorIvJEE14method_wrapperI10AC_SprayerXadL_ZNS2_6updateEvEEEEvPv @ 0xb45630
CIRCLE: _ZN7FunctorIvJEE14method_wrapperI6CopterXadL_ZNS2_13three_hz_loopEvEEEEvPv @ 0xb456e0
CIRCLE: _ZN7FunctorIvJEE14method_wrapperI19AP_ServoRelayEventsXadL_ZNS2_13update_eventsEvEEEEvPv @ 0xb45790
CIRCLE: _ZN7FunctorIvJEE14method_wrapperI6CopterXadL_ZNS2_15update_preclandEvEEEEvPv @ 0xb45840
CIRCLE: _ZN7FunctorIvJEE14method_wrapperI6CopterXadL_ZNS2_17loop_rate_loggingEvEEEEvPv @ 0xb458f0
CIRCLE: _ZN7FunctorIvJEE14method_wrapperI6CopterXadL_ZNS2_11one_hz_loopEvEEEEvPv @ 0xb459a0
CIRCLE: _ZN7FunctorIvJEE14method_wrapperI6CopterXadL_ZNS2_9ekf_checkEvEEEEvPv @ 0xb45a50
CIRCLE: _ZN7FunctorIvJEE14method_wrapperI6CopterXadL_ZNS2_15check_vibrationEvEEEEvPv @ 0xb45b00
CIRCLE: _ZN7FunctorIvJEE14method_wrapperI6CopterXadL_ZNS2_15gpsglitch_checkEvEEEEvPv @ 0xb45bb0
CIRCLE: _ZN7FunctorIvJEE14method_wrapperI6CopterXadL_ZNS2_13takeoff_checkEvEEEEvPv @ 0xb45c60
CIRCLE: _ZN7FunctorIvJEE14method_wrapperI6CopterXadL_ZNS2_18landinggear_updateEvEEEEvPv @ 0xb45d10
CIRCLE: _ZN7FunctorIvJEE14method_wrapperI6CopterXadL_ZNS2_14standby_updateEvEEEEvPv @ 0xb45dc0
CIRCLE: _ZN7FunctorIvJEE14method_wrapperI6CopterXadL_ZNS2_18lost_vehicle_checkEvEEEEvPv @ 0xb45e70
CIRCLE: _ZN7FunctorIvJEE14method_wrapperI3GCSXadL_ZNS2_14update_receiveEvEEEEvPv @ 0xb45f20
CIRCLE: _ZN7FunctorIvJEE14method_wrapperI3GCSXadL_ZNS2_11update_sendEvEEEEvPv @ 0xb45fd0
CIRCLE: _ZN7FunctorIvJEE14method_wrapperI8AP_MountXadL_ZNS2_6updateEvEEEEvPv @ 0xb46080
CIRCLE: _ZN7FunctorIvJEE14method_wrapperI9AP_CameraXadL_ZNS2_6updateEvEEEEvPv @ 0xb46130
CIRCLE: _ZN7FunctorIvJEE14method_wrapperI6CopterXadL_ZNS2_19ten_hz_logging_loopEvEEEEvPv @ 0xb461e0
CIRCLE: _ZN7FunctorIvJEE14method_wrapperI6CopterXadL_ZNS2_21twentyfive_hz_loggingEvEEEEvPv @ 0xb46290
CIRCLE: _ZN7FunctorIvJEE14method_wrapperI9AP_LoggerXadL_ZNS2_14periodic_tasksEvEEEEvPv @ 0xb46340
CIRCLE: _ZN7FunctorIvJEE14method_wrapperI17AP_InertialSensorXadL_ZNS2_8periodicEvEEEEvPv @ 0xb463f0
CIRCLE: _ZN7FunctorIvJEE14method_wrapperI12AP_SchedulerXadL_ZNS2_14update_loggingEvEEEEvPv @ 0xb464a0
CIRCLE: _ZN7FunctorIvJEE14method_wrapperI18AP_TempCalibrationXadL_ZNS2_6updateEvEEEEvPv @ 0xb46550
CIRCLE: _ZN7FunctorIvJEE14method_wrapperI6CopterXadL_ZNS2_21avoidance_adsb_updateEvEEEEvPv @ 0xb46600
CIRCLE: _ZN7FunctorIvJEE14method_wrapperI6CopterXadL_ZNS2_14terrain_updateEvEEEEvPv @ 0xb466b0
CIRCLE: _ZN7FunctorIvJEE14method_wrapperI8AP_WinchXadL_ZNS2_6updateEvEEEEvPv @ 0xb46760
CIRCLE: _ZN7FunctorIvJEE14method_wrapperI9AP_ButtonXadL_ZNS2_6updateEvEEEEvPv @ 0xb46810
CIRCLE: _ZN7FunctorIvJEE14method_wrapperI6CopterXadL_ZNS2_43update_dynamic_notch_at_specified_rate_mainEvEEEEvPv @ 0xb468c0
CIRCLE: _ZN6Copter43update_dynamic_notch_at_specified_rate_mainEv @ 0x96ae30
CIRCLE: _ZN10AP_Vehicle38update_dynamic_notch_at_specified_rateEv @ 0x96aea0
CIRCLE: _ZN10AP_Vehicle20update_dynamic_notchERN17AP_InertialSensor13HarmonicNotchE @ 0x96aff0
CIRCLE: _ZN9AP_Button6updateEv @ 0x96c0d0
CIRCLE: _ZN8AP_Winch6updateEv @ 0x96cd50
CIRCLE: _ZNK8AP_Winch7enabledEv @ 0x96cdd0
CIRCLE: _ZN6Copter14terrain_updateEv @ 0x96ce50
CIRCLE: _ZN10AP_Terrain6updateEv @ 0x96cef0
CIRCLE: _ZN11RangeFinder28set_estimated_terrain_heightEf @ 0xb46d80
CIRCLE: _ZN10AP_Terrain16schedule_disk_ioEv @ 0x96d0c0
CIRCLE: _ZN10AP_Terrain19update_mission_dataEv @ 0x96d310
CIRCLE: _ZN10AP_Terrain17update_rally_dataEv @ 0x96d620
CIRCLE: _ZN10AP_Terrain24update_surrounding_tilesERK8Location @ 0x96d7f0
CIRCLE: _ZNK8AP_Rally19last_change_time_msEv @ 0xb46df0
CIRCLE: _ZNK10AP_Mission19last_change_time_msEv @ 0xb46e40
CIRCLE: _ZN10AP_Terrain15check_disk_readEv @ 0x96d970
CIRCLE: _ZN10AP_Terrain16check_disk_writeEv @ 0x96da50
CIRCLE: _ZN10AP_Terrain8io_timerEv @ 0x96ddb0
CIRCLE: _ZN7FunctorIvJEE14method_wrapperI10AP_TerrainXadL_ZNS2_8io_timerEvEEEEvPv @ 0xb46ef0
CIRCLE: _ZN6Copter21avoidance_adsb_updateEv @ 0x96e8d0
CIRCLE: _ZN7AP_ADSB6updateEv @ 0x96e940
CIRCLE: _ZN12AP_Avoidance6updateEv @ 0x96eb20
CIRCLE: _ZN12AP_Avoidance13check_startupEv @ 0x96ebe0
CIRCLE: _ZN7AP_ADSB3LocC2Ev @ 0xb47180
CIRCLE: _ZNK7AP_AHRS19get_vert_pos_rate_DERf @ 0x970420
CIRCLE: _ZN7AP_ADSB6updateERKNS_3LocE @ 0x970550
CIRCLE: _ZNK7NavEKF320getPosDownDerivativeEv @ 0x970c10
CIRCLE: _ZNK12NavEKF3_core20getPosDownDerivativeEv @ 0x970e60
CIRCLE: _ZN18AP_TempCalibration6updateEv @ 0x970f20
CIRCLE: _ZN12AP_Scheduler14update_loggingEv @ 0x971af0
CIRCLE: _ZN12AP_Scheduler11debug_flagsEv @ 0xb471f0
CIRCLE: _ZN12AP_Scheduler21Log_Write_PerformanceEv @ 0x971d60
CIRCLE: _ZN2AP8PerfInfo13has_task_infoEv @ 0xb47250
CIRCLE: _ZNK2AP8PerfInfo20get_num_long_runningEv @ 0x971f70
CIRCLE: _ZNK2AP8PerfInfo13get_num_loopsEv @ 0x971fc0
CIRCLE: _ZNK2AP8PerfInfo12get_max_timeEv @ 0x972010
CIRCLE: _ZN12AP_Scheduler12load_averageEv @ 0x972060
CIRCLE: _ZNK16AP_InternalError5countEv @ 0xb472b0
CIRCLE: _ZN17AP_InertialSensor8periodicEv @ 0x9722a0
CIRCLE: _ZN17AP_InertialSensor12BatchSampler8periodicEv @ 0x972300
CIRCLE: _ZN9AP_Logger14periodic_tasksEv @ 0x972920
CIRCLE: _ZN6Copter21twentyfive_hz_loggingEv @ 0x9729c0
CIRCLE: _ZN6Copter17Log_Write_EKF_POSEv @ 0x972aa0
CIRCLE: _ZNK17AP_InertialSensor9Write_IMUEv @ 0x972af0
CIRCLE: _ZN10AP_GyroFFT18write_log_messagesEv @ 0x972bb0
CIRCLE: _ZL3MAXIhhEDTqugtfp_fp0_fp_fp0_ERKT_RKT0_ @ 0x973230
CIRCLE: _ZNK17AP_InertialSensor18Write_IMU_instanceEmh @ 0x9732b0
CIRCLE: _ZNK17AP_InertialSensor16get_gyro_rate_hzEh @ 0xb47470
CIRCLE: _ZNK17AP_InertialSensor17get_accel_rate_hzEh @ 0xb474f0
CIRCLE: _ZN7AP_AHRS9Log_WriteEv @ 0x973440
CIRCLE: _ZN7NavEKF29Log_WriteEv @ 0x9734d0
CIRCLE: _ZN7NavEKF39Log_WriteEv @ 0x9735e0
CIRCLE: _ZNK7AP_AHRS11Write_AHRS2Ev @ 0x9736f0
CIRCLE: _ZNK7AP_AHRS9Write_POSEv @ 0x9738d0
CIRCLE: _ZN4SITL3SIM18Log_Write_SIMSTATEEv @ 0x973a30
CIRCLE: _ZNK7AP_AHRS22get_secondary_attitudeER7Vector3IfE @ 0xb47570
CIRCLE: _ZNK7AP_AHRS22get_secondary_positionER8Location @ 0xb475f0
CIRCLE: _ZNK7AP_AHRS24get_secondary_quaternionER11QuaternionTIfE @ 0xb47670
CIRCLE: _ZL7degreesf.1917 @ 0x973bc0
CIRCLE: _ZN12NavEKF3_core9Log_WriteEm @ 0x973c10
CIRCLE: _ZNK7AP_EnumIN7NavEKF38LogLevelEEcvKS1_Ev @ 0xb476f0
CIRCLE: _ZNK12NavEKF3_core14Log_Write_XKF4Em @ 0x973d60
CIRCLE: _ZN12NavEKF3_core13Log_Write_GSFEm @ 0x9740b0
CIRCLE: _ZNK12NavEKF3_core14Log_Write_XKF1Em @ 0x974160
CIRCLE: _ZNK12NavEKF3_core14Log_Write_XKF2Em @ 0x974430
CIRCLE: _ZNK12NavEKF3_core14Log_Write_XKF3Em @ 0x9746d0
CIRCLE: _ZNK12NavEKF3_core14Log_Write_XKF5Em @ 0x974930
CIRCLE: _ZNK12NavEKF3_core14Log_Write_XKFSEm @ 0x974b90
CIRCLE: _ZNK12NavEKF3_core20Log_Write_QuaternionEm @ 0x974ca0
CIRCLE: _ZN12NavEKF3_core16Log_Write_BeaconEm @ 0x974d80
CIRCLE: _ZN12NavEKF3_core18Log_Write_BodyOdomEm @ 0x975070
CIRCLE: _ZN12NavEKF3_core25Log_Write_State_VariancesEm @ 0x9751e0
CIRCLE: _ZN12NavEKF3_core16Log_Write_TimingEm @ 0x975500
CIRCLE: _ZNK6AP_DAL12logging_coreEh @ 0x975660
CIRCLE: _ZL3MAXIjjEDTqugtfp_fp0_fp_fp0_ERKT_RKT0_ @ 0x9756b0
CIRCLE: _ZNK16AP_NavEKF_Source21getPosVelYawSourceSetEv @ 0xb47740
CIRCLE: _ZL3MAXIddEDTqugtfp_fp0_fp_fp0_ERKT_RKT0_.4677 @ 0x975730
CIRCLE: _ZL3MINIdiEDTqultfp_fp0_fp_fp0_ERKT_RKT0_.4678 @ 0x9757b0
CIRCLE: _ZNK12NavEKF3_core14getInnovationsER7Vector3IfES2_S2_RfS3_ @ 0x975850
CIRCLE: _ZL7degreesf.4675 @ 0x975a50
CIRCLE: _ZNK12NavEKF3_core26getSynthAirDataInnovationsER7Vector2IfERf @ 0x975aa0
CIRCLE: _ZN10EKFGSF_yaw9Log_WriteEm11LogMessagesS0_h @ 0x975b70
CIRCLE: _ZL7degreesf.19457 @ 0x975ef0
CIRCLE: _ZL3MAXIffEDTqugtfp_fp0_fp_fp0_ERKT_RKT0_.19458 @ 0x975f40
CIRCLE: _ZL3MAXIdfEDTqugtfp_fp0_fp_fp0_ERKT_RKT0_.4676 @ 0x975fc0
CIRCLE: _ZN6Copter19ten_hz_logging_loopEv @ 0x977af0
CIRCLE: _ZNK7AP_AHRS14Write_AttitudeERK7Vector3IfE @ 0x977ea0
CIRCLE: _ZN6Copter18Log_Write_AttitudeEv @ 0x977fb0
CIRCLE: _ZN6Copter14Log_Write_RateEv @ 0x978010
CIRCLE: _ZN6Copter14Log_Write_PIDSEv @ 0x978070
CIRCLE: _ZN9AP_Logger10Write_RCINEv @ 0x978290
CIRCLE: _ZN9AP_Logger11Write_RCOUTEv @ 0x978530
CIRCLE: _ZN13AC_PosControl9write_logEv @ 0x978ae0
CIRCLE: _ZNK17AP_InertialSensor15Write_VibrationEv @ 0x978f60
CIRCLE: _ZN12AP_Proximity3logEv @ 0x979080
CIRCLE: _ZN9AP_Beacon3logEv @ 0x9793b0
CIRCLE: _ZN8AP_Winch9write_logEv @ 0x9794f0
CIRCLE: _ZN8AP_Mount9write_logEv @ 0x979570
CIRCLE: _ZNK12AP_Proximity12distance_maxEv @ 0x9796a0
CIRCLE: _ZNK17AP_InertialSensor20get_accel_clip_countEh @ 0x979bf0
CIRCLE: _ZN13AC_PosControl10Write_PSCNEfffffffff @ 0x979c90
CIRCLE: _ZN13AC_PosControl10Write_PSCEEfffffffff @ 0x979d90
CIRCLE: _ZNK7Vector2IdE7is_zeroEv @ 0xb477e0
CIRCLE: _ZN13AC_PosControl10Write_PSCDEfffffffff @ 0x97a010
CIRCLE: _ZN13AC_PosControl10Write_PSCxE11LogMessagesfffffffff @ 0x97a3a0
CIRCLE: _ZN11RC_Channels12get_radio_inEPth @ 0x97a5e0
CIRCLE: _ZNK11RC_Channels17get_override_maskEv @ 0x97a6d0
CIRCLE: _ZL3MINIhiEDTqultfp_fp0_fp_fp0_ERKT_RKT0_.6934 @ 0x97a790
CIRCLE: _ZN9AP_Logger9Write_PIDEhRK10AP_PIDInfo @ 0x97a810
CIRCLE: _ZN13AC_PosControl14get_vel_NE_pidEv @ 0xb478d0
CIRCLE: _ZNK9AC_PID_2D14get_pid_info_xEv @ 0xb47920
CIRCLE: _ZNK9AC_PID_2D14get_pid_info_yEv @ 0xb47970
CIRCLE: _ZNK18AC_AttitudeControl10Write_RateERK13AC_PosControl @ 0x97a9a0
CIRCLE: _ZNK18AC_AttitudeControl15rate_bf_targetsEv @ 0xb479c0
CIRCLE: _ZNK13AC_PosControl25get_accel_target_NEU_cmssEv @ 0xb47a50
CIRCLE: _ZNK18AC_AttitudeControl22get_last_angle_P_scaleEv @ 0xb47ae0
CIRCLE: _ZNK18AC_AttitudeControl9Write_ANGEv @ 0x97add0
CIRCLE: _ZNK12AP_Scheduler22get_loop_start_time_usEv @ 0xb47b30
CIRCLE: _ZL7degreesf.12066 @ 0x97af00
CIRCLE: _ZNK12AP_Scheduler20get_last_loop_time_sEv @ 0xb47b80
CIRCLE: _ZN9AP_Camera6updateEv @ 0x97af50
CIRCLE: _ZN8AP_Mount6updateEv @ 0x97b010
CIRCLE: _ZN6Copter18lost_vehicle_checkEv @ 0x97b0c0
CIRCLE: _ZN6Copter14standby_updateEv @ 0x97b230
CIRCLE: _ZN6Copter18landinggear_updateEv @ 0x97b380
CIRCLE: _ZN6Copter13takeoff_checkEv @ 0x97b920
CIRCLE: _ZN9AP_Motors17set_spoolup_blockEb @ 0xb47bd0
CIRCLE: _ZN6Copter15gpsglitch_checkEv @ 0x97beb0
CIRCLE: _ZN6Copter15check_vibrationEv @ 0x97bfd0
CIRCLE: _ZNK7AP_AHRS15get_innovationsER7Vector3IfES2_S2_RfS3_ @ 0x97c2f0
CIRCLE: _ZNK7AP_AHRS21is_vibration_affectedEv @ 0x97c460
CIRCLE: _ZNK7NavEKF319isVibrationAffectedEv @ 0x97c530
CIRCLE: _ZNK12NavEKF3_core19isVibrationAffectedEv @ 0xb47c90
CIRCLE: _ZNK7NavEKF314getInnovationsER7Vector3IfES2_S2_RfS3_ @ 0x97c6b0
CIRCLE: _ZN6Copter9ekf_checkEv @ 0x97c860
CIRCLE: _ZN6Copter18ekf_over_thresholdEv @ 0x97cc10
CIRCLE: _ZN6Copter11one_hz_loopEv @ 0x97d1a0
CIRCLE: _ZNK6Copter8ap_valueEv @ 0x97d440
CIRCLE: _ZN6Copter14Log_Write_DataE9LogDataIDj @ 0x97d4f0
CIRCLE: _ZN6Copter15terrain_loggingEv @ 0x97d5b0
CIRCLE: _ZN7AP_ADSB13set_is_flyingEb @ 0xb47cf0
CIRCLE: _ZN16AC_CustomControl21set_notch_sample_rateEf @ 0x97d630
CIRCLE: _ZNK6Copter18get_fast_rate_typeEv @ 0xb47d50
CIRCLE: _ZN6Copter13motors_outputEb @ 0x97e6d0
CIRCLE: _ZNK17AP_InertialSensor24write_notch_log_messagesEv @ 0x97ed40
CIRCLE: _ZN12SRV_Channels8calc_pwmEv @ 0x97f1e0
CIRCLE: _ZN12SRV_Channels13output_ch_allEv @ 0x97f400
CIRCLE: _ZN7Compass11set_voltageEf @ 0xb48310
CIRCLE: _ZN16Compass_PerMotor11set_voltageEf @ 0xb483e0
CIRCLE: _ZN9AP_Motors8set_dt_sEf @ 0xb48880
CIRCLE: _ZN10AP_Terrain16log_terrain_dataEv @ 0x980150
CIRCLE: _ZN6Copter17loop_rate_loggingEv @ 0x980300
CIRCLE: _ZN6Copter15update_preclandEv @ 0x980410
CIRCLE: _ZNK6Copter18rangefinder_alt_okEv @ 0x9804a0
CIRCLE: _ZN11AC_PrecLand6updateEfb @ 0x980500
CIRCLE: _ZNK11AC_PrecLand7enabledEv @ 0xb48a20
CIRCLE: _ZN6Copter13three_hz_loopEv @ 0x982a20
CIRCLE: _ZN6Copter18failsafe_gcs_checkEv @ 0x982aa0
CIRCLE: _ZN6Copter22failsafe_terrain_checkEv @ 0x982c60
CIRCLE: _ZN6Copter25failsafe_deadreckon_checkEv @ 0x982d70
CIRCLE: _ZN6Copter6tuningEv @ 0x983080
CIRCLE: _ZN6Copter17low_alt_avoidanceEv @ 0x9831d0
CIRCLE: _ZN8AC_Avoid30proximity_alt_avoidance_enableEb @ 0xb490a0
CIRCLE: _ZN6Copter6tuningEPK10RC_Channelaff @ 0x9832b0
CIRCLE: _ZN10AC_Sprayer6updateEv @ 0x984290
CIRCLE: _ZN12ModeSmartRTL13save_positionEv @ 0x9846e0
CIRCLE: _ZN11AP_SmartRTL6updateEbb @ 0x9847c0
CIRCLE: _ZN11AP_SmartRTL6updateEbRK7Vector3IfE @ 0x9848c0
CIRCLE: _ZN6Copter21update_throttle_hoverEv @ 0x9849f0
CIRCLE: _ZNK7AP_AHRS14get_velocity_DERfb @ 0x984c60
CIRCLE: _ZN6Copter15run_nav_updatesEv @ 0x9852e0
CIRCLE: _ZN6Copter15update_altitudeEv @ 0x985330
CIRCLE: _ZN6Copter14read_barometerEv @ 0x9853e0
CIRCLE: _ZN6Copter24Log_Write_Control_TuningEv @ 0x985470
CIRCLE: _ZNK9AP_Logger9quiet_nanEv @ 0xb49880
CIRCLE: _ZNK13AC_PosControl19get_pos_target_U_cmEv @ 0xb498e0
CIRCLE: _ZNK13AC_PosControl20get_vel_target_U_cmsEv @ 0xb49940
CIRCLE: _ZNK6Copter15SurfaceTracking27get_target_dist_for_loggingERf @ 0x985720
CIRCLE: _ZNK18AC_AttitudeControl11angle_boostEv @ 0xb499a0
CIRCLE: _ZNK6Copter15SurfaceTracking20get_dist_for_loggingEv @ 0x985820
CIRCLE: _ZNK13AC_PosControl24get_vel_estimate_NEU_cmsEv @ 0xb499f0
CIRCLE: _ZNK13AC_PosControl19get_vel_target_U_msEv @ 0xb49a80
CIRCLE: _ZNK13AC_PosControl18get_pos_target_U_mEv @ 0xb49ad0
CIRCLE: _ZN9AP_Beacon6updateEv @ 0x9858a0
CIRCLE: _ZN12AP_Proximity6updateEv @ 0x985fb0
CIRCLE: _ZNK12AP_Proximity15get_filter_freqEv @ 0xb49b30
CIRCLE: _ZN24AP_Proximity_Boundary_3D15set_filter_freqEf @ 0xb49b90
CIRCLE: _ZN24AP_Proximity_Boundary_3D18check_face_timeoutEv @ 0x986080
CIRCLE: _ZN6Copter16read_rangefinderEv @ 0x9861e0
CIRCLE: _ZN11RangeFinder6updateEv @ 0x986310
CIRCLE: _ZN18AP_SurfaceDistance6updateEv @ 0x986430
CIRCLE: _ZN18AP_SurfaceDistance10data_staleEv @ 0x986820
CIRCLE: _ZN12AP_Proximity19set_rangefinder_altEbbf @ 0x9868b0
CIRCLE: _ZL3MAXIffEDTqugtfp_fp0_fp_fp0_ERKT_RKT0_.13176 @ 0x986960
CIRCLE: _ZNK18AP_SurfaceDistance9Log_WriteEv @ 0x986b60
CIRCLE: _ZNK11RangeFinder8Log_RFNDEv @ 0x986c80
CIRCLE: _ZN18RC_Channels_Copter13auto_trim_runEv @ 0x986dc0
CIRCLE: _ZN6Copter17auto_disarm_checkEv @ 0x9870e0
CIRCLE: _ZN11RC_Channels12read_aux_allEv @ 0x987360
CIRCLE: _ZN10RC_Channel8read_auxEv @ 0x987450
CIRCLE: _ZN6Copter19update_batt_compassEv @ 0x9879e0
CIRCLE: _ZN14AP_BattMonitor4readEv @ 0x987ac0
CIRCLE: _ZN7Compass12set_throttleEf @ 0xb49c50
CIRCLE: _ZN9AP_Logger11Write_PowerEv @ 0x987cf0
CIRCLE: _ZNK22AP_BattMonitor_Backend13Log_Write_BATEhm @ 0x987d40
CIRCLE: _ZNK22AP_BattMonitor_Backend13Log_Write_BCLEhm @ 0x987fe0
CIRCLE: _ZN14AP_BattMonitor15check_failsafesEv @ 0x9881e0
CIRCLE: _ZN14AP_BattMonitor16checkPoweringOffEv @ 0x9884f0
CIRCLE: _ZNK22AP_BattMonitor_Backend23get_state_of_health_pctERh @ 0x988650
CIRCLE: _ZN14AP_OpticalFlow6updateEv @ 0x9886e0
CIRCLE: _ZN6AP_GPS6updateEv @ 0x989c90
CIRCLE: _ZN6AP_GPS15update_instanceEh @ 0x989e10
CIRCLE: _ZN6AP_GPS14update_primaryEv @ 0x98a5b0
CIRCLE: _ZN14AP_GPS_Blended19zero_health_counterEv @ 0xb49d50
CIRCLE: _ZN6AP_GPS9Write_GPSEh @ 0x98bd80
CIRCLE: _ZL3MINIfiEDTqultfp_fp0_fp_fp0_ERKT_RKT0_.3064 @ 0x98c1c0
CIRCLE: _ZNK6AP_GPS26last_message_delta_time_msEh @ 0xb49e00
CIRCLE: _ZNK6AP_GPS10should_logEv @ 0x98c260
CIRCLE: _ZN6AP_GPS16send_blob_updateEh @ 0x98d3e0
CIRCLE: _ZN14AP_GPS_Backend14check_new_itowEjj @ 0x992130
CIRCLE: _ZN12AP_GPS_UBLOX20_request_next_configEv @ 0x996320
CIRCLE: _ZN12AP_GPS_UBLOX21_request_message_rateEhh @ 0x996dc0
CIRCLE: _ZN12AP_GPS_UBLOX13_request_portEv @ 0x996e80
CIRCLE: _ZN12AP_GPS_UBLOX13_send_messageEhhPKvt @ 0x996f10
CIRCLE: _ZN12AP_GPS_UBLOX16_update_checksumEPhtRhS1_ @ 0x997dd0
CIRCLE: _ZN12AP_GPS_UBLOX4readEv @ 0x997f00
CIRCLE: _ZNK12AP_GPS_UBLOX13is_configuredEv @ 0xb4ac80
CIRCLE: _ZNK12AP_GPS_UBLOX7get_lagERf @ 0x9985e0
CIRCLE: _ZNK12AP_GPS_UBLOX10is_healthyEv @ 0x998770
CIRCLE: _ZL3MINIjjEDTqultfp_fp0_fp_fp0_ERKT_RKT0_.3359 @ 0x998bc0
CIRCLE: _ZN12AP_GPS_UBLOXUt_ixEm @ 0xb4ad90
CIRCLE: _ZN12AP_GPS_UBLOX10_parse_gpsEv @ 0x998c40
CIRCLE: _ZN12AP_GPS_UBLOX15_check_new_itowEj @ 0x99c100
CIRCLE: _ZN12AP_GPS_UBLOX23_configure_message_rateEhhh @ 0x99c180
CIRCLE: _ZN6Copter11fence_checkEv @ 0x9a3780
CIRCLE: _ZN6Copter13throttle_loopEv @ 0x9a3ad0
CIRCLE: _ZN6Copter19update_throttle_mixEv @ 0x9a3b40
CIRCLE: _ZN6Copter17update_auto_armedEv @ 0x9a3de0
CIRCLE: _ZN6Copter29update_ground_effect_detectorEv @ 0x9a3fb0
CIRCLE: _ZN6Copter32update_ekf_terrain_height_stableEv @ 0x9a46a0
CIRCLE: _ZN7AP_AHRS22set_terrain_hgt_stableEb @ 0x9a4790
CIRCLE: _ZN7AP_AHRS22set_touchdown_expectedEb @ 0x9a4b50
CIRCLE: _ZNK13AC_PosControl22get_vel_target_NEU_cmsEv @ 0xb4c5c0
CIRCLE: _ZL7radiansf.996 @ 0x9a4bc0
CIRCLE: _ZNK13AC_PosControl21get_vel_target_NEU_msEv @ 0xb4c650
CIRCLE: _ZL9cd_to_radf.1156 @ 0x9a4c10
CIRCLE: _ZNK6Copter16get_force_flyingEv @ 0x9a4c60
CIRCLE: _ZNK13AC_PosControl23get_vel_U_control_ratioEv @ 0xb4c6a0
CIRCLE: _ZN6Copter7rc_loopEv @ 0x9a4cc0
CIRCLE: _ZN6Copter23Log_Video_StabilisationEv @ 0x9a4d20
CIRCLE: _ZN8AP_Mount11update_fastEv @ 0x9a4ef0
CIRCLE: _ZN6Copter33update_rangefinder_terrain_offsetEv @ 0x9a4fa0
CIRCLE: _ZL3MAXI9AP_ParamTIfL11ap_var_type4EEfEDTqugtfp_fp0_fp_fp0_ERKT_RKT0_.1783 @ 0x9a51d0
CIRCLE: _ZN8AC_WPNav33set_rangefinder_terrain_offset_cmEbbf @ 0xb4c710
CIRCLE: _ZN9AC_Circle33set_rangefinder_terrain_offset_cmEbbf @ 0xb4c820
CIRCLE: _ZN6Copter31update_land_and_crash_detectorsEv @ 0x9a5260
CIRCLE: _ZN6Copter20update_land_detectorEv @ 0x9a5360
CIRCLE: _ZN6Copter15parachute_checkEv @ 0x9a5970
CIRCLE: _ZN6Copter11crash_checkEv @ 0x9a5cc0
CIRCLE: _ZN6Copter17thrust_loss_checkEv @ 0x9a5ff0
CIRCLE: _ZN6Copter19yaw_imbalance_checkEv @ 0x9a6340
CIRCLE: _ZNK6Copter17option_is_enabledENS_12FlightOptionE @ 0xb4c8c0
CIRCLE: _ZL9cd_to_radf.1034 @ 0x9a6640
CIRCLE: _ZL2sqf @ 0x9a6690
CIRCLE: _ZN14AP_LandingGear13get_wow_stateEv @ 0x9a6b90
CIRCLE: _ZN6Copter8Log_LDETEtj @ 0x9a6be0
CIRCLE: _ZN6Copter20update_home_from_EKFEv @ 0x9a6d30
CIRCLE: _ZN6Copter18update_flight_modeEv @ 0x9a6ef0
CIRCLE: _ZN6Copter15SurfaceTracking22invalidate_for_loggingEv @ 0xb4cad0
CIRCLE: _ZN18AC_AttitudeControl21landed_gain_reductionEb @ 0x9a6f90
CIRCLE: _ZN6Copter15check_ekf_resetEv @ 0x9a7280
CIRCLE: _ZN7AP_AHRS20getLastYawResetAngleERf @ 0x9a73f0
CIRCLE: _ZNK7AP_AHRS22get_primary_core_indexEv @ 0xb4cb20
CIRCLE: _ZN7NavEKF320getLastYawResetAngleERf @ 0x9a7720
CIRCLE: _ZN6Copter12read_inertiaEv @ 0x9a7870
CIRCLE: _ZN13AC_PosControl16update_estimatesEb @ 0x9a79e0
CIRCLE: _ZN9AP_Follow16update_estimatesEv @ 0x9a7b90
CIRCLE: _ZN9AP_Follow32clear_dist_and_bearing_to_targetEv @ 0x9a89c0
CIRCLE: _ZN6Copter9read_AHRSEv @ 0x9a8ea0
CIRCLE: _ZN6Copter18motors_output_mainEv @ 0x9a8f00
CIRCLE: _ZN6Copter21run_custom_controllerEv @ 0xb4cbd0
CIRCLE: _ZN16AC_CustomControl6updateEv @ 0x9a8f70
CIRCLE: _ZN16AC_CustomControl14is_safe_to_runEv @ 0x9a9040
CIRCLE: _ZN6Copter24run_rate_controller_mainEv @ 0x9a9280
CIRCLE: _ZN13AC_PosControl8set_dt_sEf @ 0xb4cc30
CIRCLE: _ZN18AC_AttitudeControl8set_dt_sEf @ 0xb4cca0
CIRCLE: _ZN4Mode18get_pilot_speed_dnEv @ 0x9ab490
CIRCLE: _ZN4Mode18update_simple_modeEv @ 0x9ac660
CIRCLE: _ZNK9AC_Loiter17get_angle_max_radEv @ 0x9ac6c0
CIRCLE: _ZNK4Mode33get_pilot_desired_lean_angles_radERfS0_ff @ 0x9ac7c0
CIRCLE: _ZN9AC_Loiter34set_pilot_desired_acceleration_radEff @ 0x9ac8d0
CIRCLE: _ZN4Mode32get_pilot_desired_climb_rate_cmsEv @ 0x9acb10
CIRCLE: _ZN9AC_Loiter11init_targetEv @ 0x9acda0
CIRCLE: _ZN6Copter15SurfaceTracking21update_surface_offsetEv @ 0x9ad290
CIRCLE: _ZL3MINIffEDTqultfp_fp0_fp_fp0_ERKT_RKT0_.12535 @ 0x9adbd0
CIRCLE: _ZNK13AC_PosControl13get_pitch_radEv @ 0xb4ec20
CIRCLE: _ZNK13AC_PosControl12get_roll_radEv @ 0xb4ec70
CIRCLE: _ZN9AC_Loiter19sanity_check_paramsEv @ 0x9add50
CIRCLE: _ZN13AC_PosControl22set_pos_error_max_NE_mEf @ 0xb4ecc0
CIRCLE: _ZN7AC_P_2D13set_error_maxEf @ 0x9ade30
CIRCLE: _ZL3MAXI9AP_ParamTIfL11ap_var_type4EEfEDTqugtfp_fp0_fp_fp0_ERKT_RKT0_.12523 @ 0x9adef0
CIRCLE: _ZL3MINI9AP_ParamTIfL11ap_var_type4EEfEDTqultfp_fp0_fp_fp0_ERKT_RKT0_.12524 @ 0x9adf80
CIRCLE: _ZNK18AC_AttitudeControl8get_dt_sEv @ 0xb4eda0
CIRCLE: _ZNK18AC_AttitudeControl28input_shaping_rate_predictorERK7Vector2IfERS1_f @ 0x9ae230
CIRCLE: _Z26rc_input_to_roll_pitch_radffffRfS_ @ 0x9ae510
CIRCLE: _ZL7radiansf.3803 @ 0x9ae6b0
CIRCLE: _ZL3MINIffEDTqultfp_fp0_fp_fp0_ERKT_RKT0_.3807 @ 0x9ae700
CIRCLE: _ZN6Copter18update_simple_modeEv @ 0x9ae7e0
CIRCLE: _ZNK13AC_PosControl18get_pos_error_U_cmEv @ 0xb50660
CIRCLE: _ZNK13AC_PosControl17get_pos_error_U_mEv @ 0xb506c0
CIRCLE: _ZNK10ModeLoiter11mode_numberEv @ 0xb51e70
CIRCLE: _ZN10ModeLoiter4initEb @ 0x9bda90
CIRCLE: _ZNK10ModeLoiter12requires_GPSEv @ 0xb51ec0
CIRCLE: _ZNK10ModeLoiter19has_manual_throttleEv @ 0xb51f10
CIRCLE: _ZNK10ModeLoiter12is_autopilotEv @ 0xb51fc0
CIRCLE: _ZNK10ModeLoiter5name4Ev @ 0xb52160
CIRCLE: _ZNK10ModeCircle11mode_numberEv @ 0xb53120
CIRCLE: _ZN10ModeCircle3runEv @ 0x9c14b0
CIRCLE: _ZNK10ModeCircle12requires_GPSEv @ 0xb53170
CIRCLE: _ZNK10ModeCircle19has_manual_throttleEv @ 0xb531c0
CIRCLE: _ZNK10ModeCircle14wp_bearing_degEv @ 0x9c19c0
CIRCLE: _ZNK10ModeCircle13wp_distance_mEv @ 0x9c1a20
CIRCLE: _ZNK9AC_Circle25get_distance_to_target_cmEv @ 0xb53360
CIRCLE: _ZNK9AC_Circle24get_distance_to_target_mEv @ 0xb533c0
CIRCLE: _ZNK9AC_Circle25get_bearing_to_target_radEv @ 0xb53410
CIRCLE: _ZL7degreesf.1331 @ 0x9c1a80
CIRCLE: _ZN9AC_Circle18check_param_changeEv @ 0x9c1ad0
CIRCLE: _ZNK9AC_Circle21pilot_control_enabledEv @ 0xb53460
CIRCLE: _ZL3MAXIfiEDTqugtfp_fp0_fp_fp0_ERKT_RKT0_ @ 0x9c1b90
CIRCLE: _ZNK6Copter11being_tunedEa @ 0x9c1ca0
CIRCLE: _ZN9AC_Circle10update_cmsEf @ 0x9c1d60
CIRCLE: _ZN9AC_Circle9update_msEf @ 0x9c1dd0
CIRCLE: _ZN9AC_Circle15calc_velocitiesEb @ 0x9c2280
CIRCLE: _ZL3MINIffEDTqultfp_fp0_fp_fp0_ERKT_RKT0_.12425 @ 0x9c2430
CIRCLE: _ZL3MAXIffEDTqugtfp_fp0_fp_fp0_ERKT_RKT0_.12424 @ 0x9c24c0
CIRCLE: _ZNK14AP_BattMonitor22capacity_remaining_pctERhh @ 0x9e4e00
CIRCLE: _ZNK10GCS_Copter11custom_modeEv @ 0x9e5140
CIRCLE: _ZNK10GCS_Copter10frame_typeEv @ 0x9e51a0
CIRCLE: _ZN10GCS_Copter4chanEh @ 0xb57210
CIRCLE: _ZNK10GCS_Copter43min_loop_time_remaining_for_message_send_usEv @ 0xb57330
CIRCLE: _ZNK10GCS_Copter19vehicle_initialisedEv @ 0x9e52c0
CIRCLE: _ZN10GCS_Copter34update_vehicle_sensor_status_flagsEv @ 0x9e53e0
CIRCLE: _ZNK12AP_Proximity14sensor_presentEv @ 0x9e5770
CIRCLE: _ZNK12AP_Proximity14sensor_enabledEv @ 0x9e57d0
CIRCLE: _ZNK12AP_Proximity13sensor_failedEv @ 0x9e5830
CIRCLE: _ZN18GCS_MAVLINK_Copter14packetReceivedERK16__mavlink_statusRK17__mavlink_message @ 0x9e5ae0
CIRCLE: _ZNK18GCS_MAVLINK_Copter13mission_stateERK10AP_Mission @ 0x9e5bb0
CIRCLE: _ZNK11GCS_MAVLINK16send_rangefinderEv @ 0x9e5c50
CIRCLE: _ZNK18GCS_MAVLINK_Copter26send_nav_controller_outputEv @ 0x9e5d20
CIRCLE: _ZN18GCS_MAVLINK_Copter15send_pid_tuningEv @ 0x9e5ec0
CIRCLE: _ZN11GCS_MAVLINK21send_scaled_pressure3Ev @ 0x9e6110
CIRCLE: _ZNK11GCS_MAVLINK13send_attitudeEv @ 0x9e6170
CIRCLE: _ZN18GCS_MAVLINK_Copter31send_position_target_global_intEv @ 0x9e6430
CIRCLE: _ZNK18GCS_MAVLINK_Copter17send_winch_statusEv @ 0x9e69a0
CIRCLE: _ZNK18GCS_MAVLINK_Copter9base_modeEv @ 0x9e6f50
CIRCLE: _ZNK18GCS_MAVLINK_Copter21vehicle_system_statusEv @ 0x9e7030
CIRCLE: _ZNK11GCS_MAVLINK19persist_streamratesEv @ 0xb575a0
CIRCLE: _ZN18GCS_MAVLINK_Copter25handle_command_int_packetERK23__mavlink_command_int_tRK17__mavlink_message @ 0x9e7220
CIRCLE: _ZN18GCS_MAVLINK_Copter14handle_messageERK17__mavlink_message @ 0x9e7b40
CIRCLE: _ZN18GCS_MAVLINK_Copter16try_send_messageE10ap_message @ 0x9e8500
CIRCLE: _ZN11GCS_MAVLINK24send_global_position_intEv @ 0x9e8720
CIRCLE: _ZNK11GCS_MAVLINK23global_position_int_altEv @ 0x9e88a0
CIRCLE: _ZNK11GCS_MAVLINK32global_position_int_relative_altEv @ 0x9e8900
CIRCLE: _ZNK11GCS_MAVLINK17vfr_hud_climbrateEv @ 0x9e8970
CIRCLE: _ZNK18GCS_MAVLINK_Copter16vfr_hud_airspeedEv @ 0x9e8a30
CIRCLE: _ZNK18GCS_MAVLINK_Copter16vfr_hud_throttleEv @ 0x9e8b30
CIRCLE: _ZNK18GCS_MAVLINK_Copter11vfr_hud_altEv @ 0x9e8bc0
CIRCLE: _ZN11GCS_MAVLINK35convert_COMMAND_LONG_to_COMMAND_INTERK24__mavlink_command_long_tR23__mavlink_command_int_t9MAV_FRAME @ 0x9e90f0
CIRCLE: _ZN11GCS_MAVLINK28command_long_stores_locationE7MAV_CMD @ 0x9e98a0
CIRCLE: _ZL30convert_COMMAND_LONG_loc_paramfb @ 0x9e9980
CIRCLE: _ZL7degreesf.132 @ 0x9e9a30
CIRCLE: _ZL3MINIfiEDTqultfp_fp0_fp_fp0_ERKT_RKT0_ @ 0x9e9a80
CIRCLE: _ZNK11GCS_MAVLINK11vfr_hud_altEv @ 0x9e9b20
CIRCLE: _ZL36mavlink_msg_global_position_int_send17mavlink_channel_tjiiiissst @ 0x9e9b80
CIRCLE: _ZN10AP_Terrain12send_requestE17mavlink_channel_t @ 0x9e9ca0
CIRCLE: _ZN10AP_Terrain11send_reportE17mavlink_channel_t @ 0x9e9df0
CIRCLE: _ZNK18GCS_MAVLINK_Copter9send_windEv @ 0x9e9ea0
CIRCLE: _ZN7AP_ADSB17send_adsb_vehicleE17mavlink_channel_t @ 0x9e9fa0
CIRCLE: _ZNK11GCS_MAVLINK23get_ap_message_intervalE10ap_messageRt @ 0x9ea1b0
CIRCLE: _ZN13AP_OADatabase17send_adsb_vehicleE17mavlink_channel_tt @ 0x9ea2e0
CIRCLE: _ZN11GCS_MAVLINK16try_send_messageE10ap_message @ 0x9ea880
CIRCLE: _ZN11GCS_MAVLINK17queued_param_sendEv @ 0x9eb530
CIRCLE: _ZNK11GCS_MAVLINK14send_heartbeatEv @ 0x9eb7e0
CIRCLE: _ZNK11GCS_MAVLINK8send_rpmEv @ 0x9ebba0
CIRCLE: _ZN11GCS_MAVLINK24try_send_mission_messageE10ap_message @ 0x9ebc80
CIRCLE: _ZN7Compass21send_mag_cal_progressERK11GCS_MAVLINK @ 0x9ebe80
CIRCLE: _ZN7Compass19send_mag_cal_reportERK11GCS_MAVLINK @ 0x9ec0d0
CIRCLE: _ZN11GCS_MAVLINK19send_battery_statusEv @ 0x9ec400
CIRCLE: _ZNK7AP_AHRS22send_ekf_status_reportER11GCS_MAVLINK @ 0x9ec550
CIRCLE: _ZN11GCS_MAVLINK12send_meminfoEv @ 0x9ec650
CIRCLE: _ZNK11GCS_MAVLINK17send_fence_statusEv @ 0x9ec710
CIRCLE: _ZN11GCS_MAVLINK20send_distance_sensorEv @ 0x9ec880
CIRCLE: _ZNK11GCS_MAVLINK16send_system_timeEv @ 0x9ecdc0
CIRCLE: _ZN6AP_GPS20send_mavlink_gps_rawE17mavlink_channel_t @ 0x9ece50
CIRCLE: _ZN6AP_GPS20send_mavlink_gps_rtkE17mavlink_channel_th @ 0x9ed1a0
CIRCLE: _ZN6AP_GPS21send_mavlink_gps2_rawE17mavlink_channel_t @ 0x9ed280
CIRCLE: _ZNK11GCS_MAVLINK19send_local_positionEv @ 0x9ed620
CIRCLE: _ZNK11GCS_MAVLINK34send_gimbal_device_attitude_statusEv @ 0x9ed6f0
CIRCLE: _ZN11GCS_MAVLINK16send_opticalflowEv @ 0x9edab0
CIRCLE: _ZN11GCS_MAVLINK17send_power_statusEv @ 0x9edc20
CIRCLE: _ZNK11GCS_MAVLINK16send_rc_channelsEv @ 0x9edd30
CIRCLE: _ZNK11GCS_MAVLINK20send_rc_channels_rawEv @ 0x9edff0
CIRCLE: _ZN11GCS_MAVLINK12send_raw_imuEv @ 0x9ee170
CIRCLE: _ZN11GCS_MAVLINK15send_scaled_imuEhPFv17mavlink_channel_tjssssssssssE @ 0x9ee580
CIRCLE: _ZL28mavlink_msg_scaled_imu2_send17mavlink_channel_tjssssssssss @ 0x9ee840
CIRCLE: _ZL28mavlink_msg_scaled_imu3_send17mavlink_channel_tjssssssssss @ 0x9ee9b0
CIRCLE: _ZN11GCS_MAVLINK20send_scaled_pressureEv @ 0x9eed60
CIRCLE: _ZN11GCS_MAVLINK21send_scaled_pressure2Ev @ 0x9eedc0
CIRCLE: _ZN11GCS_MAVLINK13send_airspeedEv @ 0x9eee20
CIRCLE: _ZN11GCS_MAVLINK21send_servo_output_rawEv @ 0x9eefe0
CIRCLE: _ZNK11GCS_MAVLINK13send_simstateEv @ 0x9ef400
CIRCLE: _ZN11GCS_MAVLINK15send_sys_statusEv @ 0x9ef520
CIRCLE: _ZN11GCS_MAVLINK10send_ahrs2Ev @ 0x9ef810
CIRCLE: _ZN11GCS_MAVLINK9send_ahrsEv @ 0x9ef8f0
CIRCLE: _ZN11GCS_MAVLINK12send_vfr_hudEv @ 0x9efa70
CIRCLE: _ZNK11GCS_MAVLINK14send_vibrationEv @ 0x9efbb0
CIRCLE: _ZNK11GCS_MAVLINK21send_generator_statusEv @ 0x9efca0
CIRCLE: _ZN12AP_ESC_Telem26send_esc_telemetry_mavlinkEh @ 0x9f0020
CIRCLE: _ZN6AP_EFI19send_mavlink_statusE17mavlink_channel_t @ 0x9f04b0
CIRCLE: _ZN6AP_AIS13get_singletonEv @ 0x9f0c80
CIRCLE: _ZNK11GCS_MAVLINK21battery_remaining_pctEh @ 0x9f1610
CIRCLE: _ZL3MINIhiEDTqultfp_fp0_fp_fp0_ERKT_RKT0_.6782 @ 0x9f1ac0
CIRCLE: _ZL44mavlink_msg_esc_telemetry_1_to_4_send_struct17mavlink_channel_tPK32__mavlink_esc_telemetry_1_to_4_t @ 0x9f1de0
CIRCLE: _ZN12AP_Generator21send_generator_statusERK11GCS_MAVLINK @ 0x9f23e0
CIRCLE: _ZL26mavlink_msg_vibration_send17mavlink_channel_tmfffjjj @ 0x9f2460
CIRCLE: _ZL24mavlink_msg_vfr_hud_send17mavlink_channel_tffstff @ 0x9f2570
CIRCLE: _ZNK7AP_AHRS12get_error_rpEv @ 0x9f2700
CIRCLE: _ZNK7AP_AHRS13get_error_yawEv @ 0x9f2760
CIRCLE: _ZL21mavlink_msg_ahrs_send17mavlink_channel_tfffffff @ 0x9f27c0
CIRCLE: _ZL22mavlink_msg_ahrs2_send17mavlink_channel_tffffii @ 0x9f28e0
CIRCLE: _ZNK9AP_Logger11num_droppedEv @ 0x9f29e0
CIRCLE: _ZNK14AP_BattMonitor11gcs_voltageEv @ 0xb57780
CIRCLE: _ZL27mavlink_msg_sys_status_send17mavlink_channel_tjjjttsatttttt @ 0x9f2a60
CIRCLE: _ZNK14AP_BattMonitor11gcs_voltageEh @ 0x9f2c00
CIRCLE: _ZNK17AP_Logger_Backend11num_droppedEv @ 0xb577d0
CIRCLE: _ZL7radiansf.16475 @ 0x9f3020
CIRCLE: _ZNK4SITL3SIM13simstate_sendE17mavlink_channel_t @ 0x9f33a0
CIRCLE: _ZL25mavlink_msg_simstate_send17mavlink_channel_tfffffffffii @ 0x9f3570
CIRCLE: _ZL33mavlink_msg_servo_output_raw_send17mavlink_channel_tjhtttttttttttttttt @ 0x9f3710
CIRCLE: _ZL33mavlink_msg_scaled_pressure2_send17mavlink_channel_tjffss @ 0x9f3a10
CIRCLE: _ZN11GCS_MAVLINK29send_scaled_pressure_instanceEhPFv17mavlink_channel_tjffssE @ 0x9f3af0
CIRCLE: _ZL32mavlink_msg_scaled_pressure_send17mavlink_channel_tjffss @ 0x9f3ce0
CIRCLE: _ZL24mavlink_msg_raw_imu_send17mavlink_channel_tmssssssssshs @ 0x9f3e40
CIRCLE: _ZNK11GCS_MAVLINK16sending_mavlink1Ev @ 0x9f3fc0
CIRCLE: _ZNK11GCS_MAVLINK13receiver_rssiEv @ 0x9f4020
CIRCLE: _ZL28mavlink_msg_rc_channels_send17mavlink_channel_tjhtttttttttttttttttth @ 0x9f4230
CIRCLE: _ZL29mavlink_msg_power_status_send17mavlink_channel_tttt @ 0x9f44a0
CIRCLE: _ZN8AP_Mount34send_gimbal_device_attitude_statusE17mavlink_channel_t @ 0x9f4f20
CIRCLE: _ZL35mavlink_msg_local_position_ned_send17mavlink_channel_tjffffff @ 0x9f5580
CIRCLE: _ZNK6AP_GPS12gps_yaw_cdegEh @ 0x9f5690
CIRCLE: _ZNK6AP_GPS23have_gps_yaw_configuredEh @ 0xb57970
CIRCLE: _ZL28mavlink_msg_gps_raw_int_send17mavlink_channel_tmhiiitttthijjjjt @ 0x9f5990
CIRCLE: _ZL28mavlink_msg_system_time_send17mavlink_channel_tmj @ 0x9f5b80
CIRCLE: _ZN11GCS_MAVLINK14send_proximityEv @ 0x9f7120
CIRCLE: _ZNK12AP_Proximity12distance_minEv @ 0x9f7500
CIRCLE: _ZL3MINIjjEDTqultfp_fp0_fp_fp0_ERKT_RKT0_.6784 @ 0x9f79c0
CIRCLE: _ZL24mavlink_msg_meminfo_send17mavlink_channel_tttj @ 0x9f7a40
CIRCLE: _ZNK7NavEKF318send_status_reportER11GCS_MAVLINK @ 0x9f7ce0
CIRCLE: _ZNK12NavEKF3_core18send_status_reportER11GCS_MAVLINK @ 0x9f7d70
CIRCLE: _ZL41mavlink_msg_ekf_status_report_send_struct17mavlink_channel_tPK29__mavlink_ekf_status_report_t @ 0x9f8170
CIRCLE: _ZNK14AP_BattMonitor13option_is_setEhN21AP_BattMonitor_Params7OptionsE @ 0x9f8c90
CIRCLE: _ZNK11GCS_MAVLINK19send_battery_statusEh @ 0x9f8d60
CIRCLE: _ZL3MINIftEDTqultfp_fp0_fp_fp0_ERKT_RKT0_ @ 0x9f95f0
CIRCLE: _ZNK14AP_BattMonitor14time_remainingERjh @ 0x9f9690
CIRCLE: _ZNK14AP_BattMonitor24get_mavlink_charge_stateEh @ 0x9f9780
CIRCLE: _ZNK14AP_BattMonitor25get_mavlink_fault_bitmaskEh @ 0x9f98b0
CIRCLE: _ZL31mavlink_msg_battery_status_send17mavlink_channel_thhhsPKtsiiaihS1_hj @ 0x9f9960
CIRCLE: _ZN14typesafe_indexIh12TAG_PriorityErmERKh @ 0xb57bc0
CIRCLE: _ZN11GCS_MAVLINK20send_mission_currentERK10AP_Missiont @ 0x9fa0e0
CIRCLE: _ZL32mavlink_msg_mission_current_send17mavlink_channel_ttthh @ 0x9fa5b0
CIRCLE: _ZNK11GCS_MAVLINK13system_statusEv @ 0x9faa80
CIRCLE: _ZL26mavlink_msg_heartbeat_send17mavlink_channel_thhhjh @ 0x9fab10
CIRCLE: _ZN11GCS_MAVLINK28send_parameter_async_repliesEv @ 0x9fabf0
CIRCLE: _ZN12ObjectBufferIN11GCS_MAVLINK19pending_param_replyEE4peekERS1_ @ 0xb57cb0
CIRCLE: _ZL21mavlink_msg_wind_send17mavlink_channel_tfff @ 0x9fb6d0
CIRCLE: _ZN10AP_Terrain19send_terrain_reportE17mavlink_channel_tRK8Locationb @ 0x9fb780
CIRCLE: _ZL31mavlink_msg_terrain_report_send17mavlink_channel_tiitfftt @ 0x9fb930
CIRCLE: _ZN10AP_Terrain18send_cache_requestE17mavlink_channel_t @ 0x9fba50
CIRCLE: _ZN10AP_Terrain15request_missingE17mavlink_channel_tRKNS_9grid_infoE @ 0x9fbb50
CIRCLE: _ZN10AP_Terrain15request_missingE17mavlink_channel_tRNS_10grid_cacheE @ 0x9fbbe0
CIRCLE: _ZN11GCS_MAVLINK14handle_messageERK17__mavlink_message @ 0xa02a30
CIRCLE: _ZN11GCS_MAVLINK16handle_heartbeatERK17__mavlink_message @ 0xa035b0
CIRCLE: _ZN11GCS_MAVLINK19handle_command_longERK17__mavlink_message @ 0xa04920
CIRCLE: _ZN11GCS_MAVLINK26handle_request_data_streamERK17__mavlink_message @ 0xa05f60
CIRCLE: _ZNK3GCS12sysid_is_gcsEh @ 0xa0b5c0
CIRCLE: _ZN11GCS_MAVLINK16sysid_mygcs_seenEj @ 0xa0b860
CIRCLE: _ZN3GCS16sysid_mygcs_seenEj @ 0xb58770
CIRCLE: _ZL38mavlink_msg_request_data_stream_decodePK17__mavlink_messageP31__mavlink_request_data_stream_t @ 0xa0cad0
CIRCLE: _ZN9AP_Logger13Write_CommandERK23__mavlink_command_int_thh10MAV_RESULTb @ 0xa0fd70
CIRCLE: _ZL31mavlink_msg_command_long_decodePK17__mavlink_messageP24__mavlink_command_long_t @ 0xa0fef0
CIRCLE: _ZN11GCS_MAVLINK31try_command_long_as_command_intERK24__mavlink_command_long_tRK17__mavlink_message @ 0xa0ffc0
CIRCLE: _ZN11GCS_MAVLINK16_set_mode_commonEhj @ 0xa12820
CIRCLE: _ZN12ObjectBufferIN7GCS_FTP11TransactionEE3popERS1_ @ 0xb58d30
CIRCLE: _ZN11GCS_MAVLINK25handle_command_int_packetERK23__mavlink_command_int_tRK17__mavlink_message @ 0xa1a2a0
CIRCLE: _ZN11GCS_MAVLINK26handle_command_do_set_modeERK23__mavlink_command_int_t @ 0xa1b650
CIRCLE: _ZNK6Copter22any_failsafe_triggeredEv @ 0xb598e0
CIRCLE: _ZN8AP_Winch11send_statusERK11GCS_MAVLINK @ 0xa1f830
CIRCLE: _ZL25mavlink_msg_attitude_send17mavlink_channel_tjffffff @ 0xa20080
CIRCLE: _ZL38mavlink_msg_nav_controller_output_send17mavlink_channel_tffsstfff @ 0xa203d0
CIRCLE: _ZNK8ModeAuto6pausedEv @ 0xa205b0
CIRCLE: _ZNK11GCS_MAVLINK13mission_stateERK10AP_Mission @ 0xa20630
CIRCLE: _ZN8AC_WPNav6pausedEv @ 0xb59b50
CIRCLE: _ZN11GCS_MAVLINK14packetReceivedERK16__mavlink_statusRK17__mavlink_message @ 0xa20860
CIRCLE: _ZN15MAVLink_routing17check_and_forwardER11GCS_MAVLINKRK17__mavlink_message @ 0xa20a60
CIRCLE: _ZN9AP_Follow10handle_msgERK17__mavlink_message @ 0xa20fd0
CIRCLE: _ZNK11GCS_MAVLINK13accept_packetERK16__mavlink_statusRK17__mavlink_message @ 0xa21150
CIRCLE: _ZNK9AP_Follow21should_handle_messageERK17__mavlink_message @ 0xa21270
CIRCLE: _ZN15MAVLink_routing11learn_routeER11GCS_MAVLINKRK17__mavlink_message @ 0xa22240
CIRCLE: _ZN15MAVLink_routing16handle_heartbeatER11GCS_MAVLINKRK17__mavlink_message @ 0xa224e0
CIRCLE: _ZN15MAVLink_routing11get_targetsERK17__mavlink_messageRsS3_ @ 0xa22710
CIRCLE: _ZNK9AP_Motors18get_frame_mav_typeEv @ 0xb5a7b0
CIRCLE: _ZN18RC_Channels_Copter7channelEh @ 0xb5b410
CIRCLE: _ZN11RC_Channels16read_mode_switchEv @ 0xa26a70
CIRCLE: _ZNK18RC_Channels_Copter14in_rc_failsafeEv @ 0xa26b00
CIRCLE: _ZNK18RC_Channels_Copter15has_valid_inputEv @ 0xa26b60
CIRCLE: _ZNK18RC_Channels_Copter18get_arming_channelEv @ 0xa26bf0
CIRCLE: _ZNK18RC_Channels_Copter26flight_mode_channel_numberEv @ 0xa26ce0
CIRCLE: mode_to_string @ 0xa919e0
CIRCLE: mode_entry @ 0xa91c40
----------------------
Mode: 5 (LOITER)
LOITER: _ZN16AP_Arming_Copter14pre_arm_checksEb @ 0x5de4e0
LOITER: _ZN2AP13serialmanagerEv @ 0x5e05f0
LOITER: _ZNK9AP_ParamTIiL11ap_var_type3EEcvRKiEv @ 0xa98a80
LOITER: _Z3gcsv @ 0x5e3200
LOITER: _ZN11GCS_MAVLINK19active_channel_maskEv @ 0xa98e80
LOITER: _ZN11GCS_MAVLINK20private_channel_maskEv @ 0xa98f00
LOITER: _ZN3GCS13get_singletonEv @ 0xa98f40
LOITER: _ZNK16AP_SerialManager22find_protocol_instanceENS_14SerialProtocolEh @ 0x5e33a0
LOITER: _ZNK13AP_ParamTBaseIaL11ap_var_type1EE3getEv @ 0xa98f80
LOITER: _ZNK16AP_SerialManager14protocol_matchENS_14SerialProtocolES0_ @ 0x5e3540
LOITER: _ZN16AP_SerialManager13get_singletonEv @ 0xa98fd0
LOITER: _Z2rcv @ 0x5e3640
LOITER: _ZN11RC_Channels13get_singletonEv @ 0xa99070
LOITER: _ZNK9AP_ParamTIaL11ap_var_type1EEcvRKaEv @ 0xa99140
LOITER: _ZN6AP_HAL6millisEv @ 0x5e3cc0
LOITER: _ZN13WithSemaphoreD2Ev @ 0x5e3d00
LOITER: _ZN6AP_HAL8millis64Ev @ 0x5e3d60
LOITER: _ZN6AP_HAL8micros64Ev @ 0x5e3da0
LOITER: _ZL14uint64_div1000m @ 0x5e3e40
LOITER: _ZN7HALSITL9Scheduler4fromEPN6AP_HAL9SchedulerE @ 0xa99190
LOITER: _ZNK7HALSITL9Scheduler18stopped_clock_usecEv @ 0xa991e0
LOITER: _ZNK13AP_ParamTBaseIsL11ap_var_type2EE3getEv @ 0xa99230
LOITER: _ZN13WithSemaphoreC2ERN6AP_HAL9SemaphoreEj @ 0x5e3f90
LOITER: _ZNK6Copter10ekf_alt_okEv @ 0x5e4070
LOITER: _ZNK7AP_AHRS17have_inertial_navEv @ 0x5e4140
LOITER: _ZNK7AP_AHRS10has_statusE18NavFilterStatusBit @ 0x5e41a0
LOITER: _ZNK7AP_AHRS17get_filter_statusER17nav_filter_status @ 0x5e4230
LOITER: _ZNK7AP_AHRS8ekf_typeEv @ 0x5e4360
LOITER: _ZNK7NavEKF315getFilterStatusER17nav_filter_status @ 0x5e44f0
LOITER: _ZN2AP12externalAHRSEv @ 0x5e47e0
LOITER: _ZNK15AP_ExternalAHRS17get_filter_statusER17nav_filter_status @ 0x5e4820
LOITER: _ZN15AP_ExternalAHRS13get_singletonEv @ 0xa99320
LOITER: _ZNK12NavEKF3_core15getFilterStatusER17nav_filter_status @ 0x5e49b0
LOITER: _ZNK7AP_AHRS14always_use_EKFEv @ 0xa99360
LOITER: _ZNK7AP_AHRS15active_EKF_typeEv @ 0xa993c0
LOITER: _ZN2AP4ahrsEv @ 0x5e4a90
LOITER: _ZNK8AC_Fence18get_enabled_fencesEv @ 0x5e4e60
LOITER: _ZNK6Copter11position_okEv @ 0x5e4ed0
LOITER: _ZNK9AP_ParamTIfL11ap_var_type4EEcvRKfILb1EEEv @ 0xa99460
LOITER: _ZN7Vector3IfEC2Ev @ 0xa994b0
LOITER: _ZNK7AP_AHRS13get_variancesERfS0_S0_R7Vector3IfES0_ @ 0x5e4f70
LOITER: _ZNK7Vector3IfE6lengthEv @ 0xa99510
LOITER: _Z4normIffJfEEdT_T0_DpKT1_ @ 0xa99570
LOITER: _Z2sqIfJffEEdT_DpKT0_ @ 0xa995f0
LOITER: _ZL2sqf.4012 @ 0x5e5140
LOITER: _Z2sqIfJfEEdT_DpKT0_ @ 0xa99690
LOITER: _ZL2sqf.1211 @ 0x5e5190
LOITER: _ZN7Vector2IfEC2Ev @ 0xa99710
LOITER: _ZNK7NavEKF312getVariancesERfS0_S0_R7Vector3IfES0_R7Vector2IfE @ 0x5e52f0
LOITER: _ZN7Vector3IfE4zeroEv @ 0xa99810
LOITER: _ZNK12NavEKF3_core12getVariancesERfS0_S0_R7Vector3IfES0_R7Vector2IfE @ 0x5e54d0
LOITER: _ZL3MAXIddEDTqugtfp_fp0_fp_fp0_ERKT_RKT0_.4817 @ 0x5e56d0
LOITER: _ZNK7Vector2IdE7tofloatEv @ 0xa99870
LOITER: _ZN7Vector2IfEC2Eff @ 0xa998d0
LOITER: _ZNK6Copter25ekf_has_absolute_positionEv @ 0x5e59d0
LOITER: _ZNK6Copter25ekf_has_relative_positionEv @ 0x5e5b10
LOITER: _ZNK14AP_OpticalFlow7enabledEv @ 0xa99950
LOITER: _ZNK13AP_VisualOdom7enabledEv @ 0x5e5ca0
LOITER: _ZNK9AP_Motors5armedEv @ 0xa999c0
LOITER: _ZNK7AP_EnumIN13AP_VisualOdom15VisualOdom_TypeEEcvKS1_Ev @ 0xa99a20
LOITER: _ZNK7AP_EnumIN14AP_OpticalFlow4TypeEEcvKS1_Ev @ 0xa99a70
LOITER: _ZNK8AC_Fence7presentEv @ 0x5e5d00
LOITER: _ZNK19AC_PolyFence_loader17total_fence_countEv @ 0xa99ac0
LOITER: _ZNK19AC_PolyFence_loader27get_exclusion_polygon_countEv @ 0xa99b70
LOITER: _ZNK19AC_PolyFence_loader27get_inclusion_polygon_countEv @ 0xa99bc0
LOITER: _ZNK19AC_PolyFence_loader26get_exclusion_circle_countEv @ 0xa99c10
LOITER: _ZNK19AC_PolyFence_loader26get_inclusion_circle_countEv @ 0xa99c60
LOITER: _ZNK7AP_AHRS7healthyEv @ 0x5e5da0
LOITER: _ZN2AP7compassEv @ 0x5e6840
LOITER: _ZNK7Compass11use_for_yawEv @ 0x5e6880
LOITER: _ZNK16AP_NavEKF_Source12getYawSourceEh @ 0x5e76f0
LOITER: _ZNK12NavEKF3_core7healthyEv @ 0x5e79b0
LOITER: _Z2sqIdEdT_ @ 0xa99cb0
LOITER: _ZNK16AP_NavEKF_Source14useVelXYSourceENS_8SourceXYEh @ 0x5e7d70
LOITER: _ZNK16AP_NavEKF_Source18getActiveSourceSetEh @ 0xa99d10
LOITER: _ZNK7AP_EnumIN16AP_NavEKF_Source8SourceXYEEcvKS1_Ev @ 0xa99dc0
LOITER: _ZNK16AP_NavEKF_Source13option_is_setENS_13SourceOptionsE @ 0xa99e10
LOITER: _ZNK12NavEKF3_core15getFilterFaultsERt @ 0x5e7ea0
LOITER: _ZNK11QuaternionTIdE6is_nanEv @ 0xa99e90
LOITER: _ZNK7Vector3IdE6is_nanEv @ 0xa99f90
LOITER: _ZNK7AP_EnumIN16AP_NavEKF_Source9SourceYawEEcvKS1_Ev @ 0xa9a060
LOITER: _ZN2AP3dalEv @ 0x5e7fc0
LOITER: _ZN6AP_DAL7compassEv @ 0xa9a0b0
LOITER: _ZNK14AP_DAL_Compass15get_num_enabledEv @ 0xa9a100
LOITER: _ZN6AP_DAL13get_singletonEv @ 0xa9a150
LOITER: _ZN7Matrix3IfEC2Ev @ 0xa9a590
LOITER: _ZN8LocationC2Ev @ 0xa9a610
LOITER: _ZN8Location4zeroEv @ 0x5e84e0
LOITER: _ZN11QuaternionTIfEC2Ev @ 0xa9a7f0
LOITER: _ZN6AP_DAL4baroEv @ 0xa9a860
LOITER: _ZN6AP_DAL6beaconEv @ 0xa9a900
LOITER: _ZN6AP_DAL3gpsEv @ 0xa9a9c0
LOITER: _ZN6AP_DAL11rangefinderEv @ 0xa9aad0
LOITER: _ZN6AP_DAL10visualodomEv @ 0xa9ab20
LOITER: _ZNK7Compass7healthyEh @ 0x5e8990
LOITER: _ZNK7Compass11use_for_yawEh @ 0x5e8a30
LOITER: _ZNK7Compass9availableEv @ 0xa9ac40
LOITER: _ZN14typesafe_indexIh12TAG_PriorityEC2Eh @ 0xa9acc0
LOITER: _ZNK19RestrictIDTypeArrayI9AP_ParamTIaL11ap_var_type1EELj3E14typesafe_indexIh12TAG_PriorityEEixERKS5_ @ 0xa9ad20
LOITER: _ZNK7AP_EnumIN7Compass9LearnTypeEEcvKS1_Ev @ 0xa9ada0
LOITER: _ZNK14typesafe_indexIh12TAG_PriorityE7get_intEv @ 0xa9adf0
LOITER: _ZNK7Compass10_get_stateE14typesafe_indexIh12TAG_PriorityE @ 0xa9ae40
LOITER: _ZNK7Compass13_get_state_idE14typesafe_indexIh12TAG_PriorityE @ 0x5e8b10
LOITER: _ZNK19RestrictIDTypeArrayIN7Compass9mag_stateELj4E14typesafe_indexIh14TAG_StateIndexEEixERKS4_ @ 0xa9aec0
LOITER: _ZNK14typesafe_indexIh14TAG_StateIndexE7get_intEv @ 0xa9af40
LOITER: _ZNK19RestrictIDTypeArrayIiLj3E14typesafe_indexIh12TAG_PriorityEEixERKS2_ @ 0xa9af90
LOITER: _ZN14typesafe_indexIh14TAG_StateIndexEC2Eh @ 0xa9b010
LOITER: _ZNK14typesafe_indexIh14TAG_StateIndexEltERKh @ 0xa9b070
LOITER: _ZN14typesafe_indexIh14TAG_StateIndexEppEi @ 0xa9b0e0
LOITER: _ZN7Compass13get_singletonEv @ 0xa9b150
LOITER: _ZNK7NavEKF211activeCoresEv @ 0xa9b190
LOITER: _ZNK11QuaternionTIfE13to_axis_angleER7Vector3IfE @ 0xa9b480
LOITER: _ZNK7NavEKF311activeCoresEv @ 0xa9b5d0
LOITER: _ZN11QuaternionTIfE20from_rotation_matrixERK7Matrix3IfE @ 0xa9b680
LOITER: _ZNK12NavEKF3_core11use_compassEv @ 0x5e91a0
LOITER: _ZNK14AP_DAL_Compass11use_for_yawEh @ 0xa9bb90
LOITER: _ZNK12NavEKF3_core20getRotationBodyToNEDER7Matrix3IfE @ 0x5e9270
LOITER: _ZNK11QuaternionTIdE15rotation_matrixER7Matrix3IfE @ 0xa9bc00
LOITER: _ZNK6AP_DAL43get_rotation_vehicle_body_to_autopilot_bodyEv @ 0xa9be10
LOITER: _ZNK7Matrix3IfEmlERKS0_ @ 0xa9be60
LOITER: _ZN7Vector3IfEC2Efff @ 0xa9c0d0
LOITER: _ZN7Matrix3IfEC2ERK7Vector3IfES4_S4_ @ 0xa9c160
LOITER: _ZL2sqf.3887 @ 0x5e9330
LOITER: _Z7is_zerof @ 0xa9c210
LOITER: _ZN7Vector3IfEdVEf @ 0xa9c280
LOITER: _Z7wrap_PId @ 0x5e9380
LOITER: _ZN7Vector3IfEmLEf @ 0xa9c310
LOITER: _Z8wrap_2PId @ 0x5e9410
LOITER: _ZNK11QuaternionTIfE7inverseEv @ 0xa9c3a0
LOITER: _ZNK11QuaternionTIfEmlERKS0_ @ 0xa9c420
LOITER: _ZN11QuaternionTIfEC2Effff @ 0xa9c650
LOITER: _ZNK11QuaternionTIfE15rotation_matrixER7Matrix3IfE @ 0xa9c700
LOITER: _ZNK7Matrix3IfE13mul_transposeERK7Vector3IfE @ 0xa9c8f0
LOITER: _ZNK7Vector3IfEmiERKS0_ @ 0xa9ca00
LOITER: _Z20constrain_value_lineIfET_S0_S0_S0_j @ 0xa9cab0
LOITER: _ZN2AP13internalerrorEv @ 0x5e9500
LOITER: _ZNK7AP_AHRS24get_rotation_body_to_nedEv @ 0xa9cbd0
LOITER: _ZN2AP3gpsEv @ 0x5e9f80
LOITER: _ZNK6AP_GPS8get_typeEh @ 0xa9ccc0
LOITER: _ZNK7AP_EnumIN6AP_GPS8GPS_TypeEEcvKS1_Ev @ 0xa9cd50
LOITER: _ZN6AP_GPS13get_singletonEv @ 0xa9cda0
LOITER: _ZNK7NavEKF37healthyEv @ 0x5ea0d0
LOITER: _ZN7AP_AHRS13get_singletonEv @ 0xa9ce80
LOITER: _ZNK8AC_Avoid27proximity_avoidance_enabledEv @ 0xa9cec0
LOITER: _ZN2AP9proximityEv @ 0x5ea550
LOITER: _ZN12AP_Proximity13get_singletonEv @ 0xa9cf40
LOITER: _ZN2AP9schedulerEv @ 0x5ea870
LOITER: _ZN12AP_Scheduler25get_filtered_loop_rate_hzEv @ 0xa9cfc0
LOITER: _ZN12AP_Scheduler16get_loop_rate_hzEv @ 0xa9d010
LOITER: _ZN10AP_Terrain13get_singletonEv @ 0xa9d0a0
LOITER: _ZN12AP_Scripting13get_singletonEv @ 0xa9d140
LOITER: _ZNK16AP_InternalError6errorsEv @ 0xa9d2a0
LOITER: _ZNK16AP_InternalError15last_error_lineEv @ 0xa9d2f0
LOITER: _ZN2AP3rpmEv @ 0x5ead30
LOITER: _ZN12SRV_Channels17function_assignedEN11SRV_Channel8FunctionE @ 0x5eb8e0
LOITER: _ZNK9AP_ParamTIsL11ap_var_type2EEcvRKsEv @ 0xa9d3d0
LOITER: _ZN12SRV_Channels25update_aux_servo_functionEv @ 0x5eba30
LOITER: _ZNK7BitmaskILt190EE3getEt @ 0xa9d420
LOITER: _ZNK7BitmaskILt190EE8validateEt @ 0xa9d4f0
LOITER: _ZN7BitmaskILt190EE8clearallEv @ 0xa9d580
LOITER: _ZNK11SRV_Channel14valid_functionEv @ 0xa9d5e0
LOITER: _ZN11SRV_Channel24aux_servo_function_setupEv @ 0x5ebbb0
LOITER: _ZN7BitmaskILt190EE3setEt @ 0xa9d640
LOITER: _ZNK9AP_Enum16IN11SRV_Channel8FunctionEEcvKS1_Ev @ 0xa9d700
LOITER: _ZN11SRV_Channel14valid_functionENS_8FunctionE @ 0xa9d750
LOITER: _ZN6AP_RPM13get_singletonEv @ 0xa9d840
LOITER: _ZNK12AP_Scripting13option_is_setENS_11DebugOptionE @ 0xa9d930
LOITER: _ZNK13AP_ParamTBaseIiL11ap_var_type3EE3getEv @ 0xa9da30
LOITER: _ZNK2AP8PerfInfo25get_filtered_loop_rate_hzEv @ 0x5ebfa0
LOITER: _ZNK2AP8PerfInfo17get_filtered_timeEv @ 0x5ec030
LOITER: _ZN12AP_Scheduler13get_singletonEv @ 0x5ec080
LOITER: _ZN2AP7missionEv @ 0x5ec2a0
LOITER: _ZNK10AP_Mission12num_commandsEv @ 0xa9da80
LOITER: _ZNK7AP_AHRS8get_homeEv @ 0xa9db90
LOITER: _ZN10AP_Mission13get_singletonEv @ 0xa9dbe0
LOITER: _ZN2AP7terrainEv @ 0x5ed1f0
LOITER: _ZN2AP5rallyEv @ 0x5ed330
LOITER: _ZNK7AP_AHRS12get_locationER8Location @ 0x5ed370
LOITER: _ZN2AP7vehicleEv @ 0x5ed5e0
LOITER: _ZNK10AP_Mission7presentEv @ 0xa9dd70
LOITER: _ZN10AP_Vehicle13get_singletonEv @ 0x5ed620
LOITER: _ZNK8Location12get_distanceERKS_ @ 0x5ed840
LOITER: _ZN8Location14diff_longitudeEii @ 0x5ed910
LOITER: _ZN8Location15longitude_scaleEi @ 0x5ed9f0
LOITER: _Z4normIddJEEdT_T0_DpKT1_ @ 0xa9dde0
LOITER: _Z2sqIdJdEEdT_DpKT0_ @ 0xa9de50
LOITER: _ZL3MAXIdfEDTqugtfp_fp0_fp_fp0_ERKT_RKT0_ @ 0x5eda90
LOITER: _ZN8LocationC2EiiiNS_8AltFrameE @ 0x5edb30
LOITER: _ZN8Location10set_alt_cmEiNS_8AltFrameE @ 0x5edbd0
LOITER: _ZN8AP_Rally13get_singletonEv @ 0xa9ded0
LOITER: _ZN11RC_Channels23get_valid_channel_countEv @ 0x5ee020
LOITER: _ZNK10RC_Channel12has_overrideEv @ 0x5ee090
LOITER: _ZNK13AP_ParamTBaseIfL11ap_var_type4EE3getEv @ 0xa9e110
LOITER: _Z11is_positiveIfEbT_ @ 0xa9e160
LOITER: _ZL3MINIihEDTqultfp_fp0_fp_fp0_ERKT_RKT0_.6943 @ 0x5ee150
LOITER: _ZNK14AP_BattMonitor13has_failsafedEv @ 0xa9e1c0
LOITER: _ZNK6AP_GPS11num_sensorsEv @ 0x5ee860
LOITER: _ZNK6AP_GPS8get_hdopEh @ 0xa9e380
LOITER: _ZNK6AP_GPS14primary_sensorEv @ 0xa9e3f0
LOITER: _ZNK6AP_GPS6statusEh @ 0xa9e440
LOITER: _ZNK6AP_GPS10is_healthyEh @ 0x5eea80
LOITER: _ZNK7AP_AHRS11home_is_setEv @ 0xa9e500
LOITER: _ZNK6AP_GPS8locationEv @ 0xa9e560
LOITER: _ZNK6AP_GPS22first_unconfigured_gpsERh @ 0x5eed40
LOITER: _ZNK6AP_GPS8locationEh @ 0xa9e5c0
LOITER: _ZNK6AP_GPS12is_rtk_roverEh @ 0x5ef1f0
LOITER: _ZN2AP3insEv @ 0x5ef9a0
LOITER: _ZNK17AP_InertialSensor19get_gyro_health_allEv @ 0x5ef9e0
LOITER: _ZNK17AP_InertialSensor22gyro_calibrated_ok_allEv @ 0x5efaa0
LOITER: _ZNK17AP_InertialSensor20get_accel_health_allEv @ 0x5efbb0
LOITER: _ZNK17AP_InertialSensor23accel_calibrated_ok_allEv @ 0x5efc70
LOITER: _ZNK10AP_GyroFFT16analysis_enabledEv @ 0xa9e7e0
LOITER: _ZN7Vector3IfEixEh @ 0xa9eb70
LOITER: _ZN10DigitalLPFIfE6_applyERKfS2_ @ 0xa9eed0
LOITER: _Z15constrain_int16sss @ 0xa9f4d0
LOITER: _Z15constrain_valueIsET_S0_S0_S0_ @ 0xa9f560
LOITER: _ZNK10ByteBuffer5spaceEv @ 0x5f28b0
LOITER: _ZN10ByteBuffer5writeEPKhj @ 0x5f2b10
LOITER: _ZN10ByteBuffer7reserveEPNS_5IoVecEj @ 0x5f2c30
LOITER: _ZN10ByteBuffer6commitEj @ 0x5f2e60
LOITER: _ZNK10ByteBuffer8get_sizeEv @ 0xa9f610
LOITER: _ZNK17AP_InertialSensor14get_gyro_countEv @ 0xa9f6a0
LOITER: _ZNK17AP_InertialSensor4_useEh @ 0xa9f710
LOITER: _ZNK17AP_InertialSensor8_gyro_idEh @ 0xa9f770
LOITER: _ZN17AP_InertialSensor8_gyro_idEh @ 0xa9f7d0
LOITER: _ZN17AP_InertialSensor4_useEh @ 0xa9f840
LOITER: _ZL3MINIihEDTqultfp_fp0_fp_fp0_ERKT_RKT0_.3586 @ 0x5f3390
LOITER: _ZNK7AP_EnumIN22AP_InertialSensor_TCal6EnableEEcvKS1_Ev @ 0xa9f910
LOITER: _ZN17AP_InertialSensor4tcalEh @ 0xa9f960
LOITER: _ZNK17AP_InertialSensor8get_gyroEv @ 0xa9f9d0
LOITER: _ZNK17AP_InertialSensor8use_gyroEh @ 0x5f3550
LOITER: _ZNK17AP_InertialSensor8get_gyroEh @ 0xa9fa30
LOITER: _ZNK17AP_InertialSensor15get_gyro_healthEh @ 0xa9faa0
LOITER: _ZNK17AP_InertialSensor15get_accel_countEv @ 0xa9fb40
LOITER: _ZL3MINIihEDTqultfp_fp0_fp_fp0_ERKT_RKT0_ @ 0x5f37d0
LOITER: _ZNK17AP_InertialSensor9get_accelEv @ 0xa9fbb0
LOITER: _ZNK17AP_InertialSensor9use_accelEh @ 0x5f3860
LOITER: _ZNK17AP_InertialSensor9get_accelEh @ 0xa9fc10
LOITER: _ZNK17AP_InertialSensor16get_accel_healthEh @ 0xa9fc80
LOITER: _ZNK17AP_InertialSensor13_accel_offsetEh @ 0xa9fd20
LOITER: _ZNK9AP_ParamVI7Vector3IfEL11ap_var_type5EE3getEv @ 0xa9fd80
LOITER: _ZNK7Vector3IfE7is_zeroEv @ 0xa9fdd0
LOITER: _ZNK17AP_InertialSensor12_accel_scaleEh @ 0xa9fe80
LOITER: _ZNK17AP_InertialSensor9_accel_idEh @ 0xa9fee0
LOITER: _Z8is_equalIffENSt3__19enable_ifIXsr3std17is_floating_pointINS0_11common_typeIJT_T0_EE4typeEEE5valueEbE4typeES3_S4_ @ 0xa9ff40
LOITER: _ZN17AP_InertialSensor9_accel_idEh @ 0xa9ffc0
LOITER: _ZN17AP_InertialSensor12_accel_scaleEh @ 0xaa0030
LOITER: _ZN17AP_InertialSensor13_accel_offsetEh @ 0xaa00a0
LOITER: _ZNK17AP_InertialSensor18gyro_calibrated_okEh @ 0xaa0110
LOITER: _ZN17AP_InertialSensor13get_singletonEv @ 0x5f3920
LOITER: _ZN13AP_ParamTBaseIsL11ap_var_type2EE3setERKs @ 0xaa0750
LOITER: _ZN13AP_ParamTBaseIfL11ap_var_type4EE3setERKf @ 0xaa0820
LOITER: _ZNK7Vector3IfEneERKS0_ @ 0xaa0f50
LOITER: _ZN8AP_Param16count_parametersEv @ 0x5f5d50
LOITER: _ZN9AP_Logger13get_singletonEv @ 0xaa1020
LOITER: _ZNK9AP_Logger10quiet_nanfEv @ 0xaa1060
LOITER: _ZN17AP_Logger_Backend18WriteCriticalBlockEPKvt @ 0xaa10b0
LOITER: _ZN17AP_Logger_Backend21WritePrioritisedBlockEPKvtbb @ 0x5f62e0
LOITER: _ZN17AP_Logger_Backend30validate_WritePrioritisedBlockEPKvt @ 0x5f64b0
LOITER: _ZN17AP_Logger_Backend9ShouldLogEb @ 0x5f66a0
LOITER: _ZN17AP_Logger_Backend21ensure_format_emittedEPKvt @ 0x5f6b40
LOITER: _ZNK17AP_Logger_Backend23message_type_from_blockEPKvtR11LogMessages @ 0x5f6c60
LOITER: _ZNK17AP_Logger_Backend28have_emitted_format_for_typeE11LogMessages @ 0xaa1130
LOITER: _ZNK7BitmaskILt256EE8validateEt @ 0xaa1260
LOITER: _ZNK7BitmaskILt256EE3getEt @ 0xaa12f0
LOITER: _ZNK6AP_HAL4Util14get_soft_armedEv @ 0xaa13c0
LOITER: _ZN2AP6loggerEv @ 0x5f7760
LOITER: _Z7is_zeroI9AP_ParamTIfL11ap_var_type4EEEbT_ @ 0xaa1420
LOITER: _ZNK12AP_Scheduler5ticksEv @ 0xaa1480
LOITER: _ZN6AP_HAL8millis16Ev @ 0x5f79b0
LOITER: _ZNK9AP_Logger13WritesEnabledEv @ 0xaa15e0
LOITER: _ZNK19LoggerMessageWriter8finishedEv @ 0xaa1640
LOITER: _ZNK9AP_Logger15in_log_downloadEv @ 0x5f79f0
LOITER: _ZNK9AP_Logger16vehicle_is_armedEv @ 0xaa16a0
LOITER: mavlink_get_msg_entry @ 0x5f7c40
LOITER: _ZNK3GCS7num_gcsEv @ 0xaa1750
LOITER: _ZNK11GCS_MAVLINK10is_privateEv @ 0xaa17a0
LOITER: _ZNK11GCS_MAVLINK9is_activeEv @ 0xaa1800
LOITER: _ZN11GCS_MAVLINK18check_payload_sizeEt @ 0x5f7d60
LOITER: _mav_finalize_message_chan_send @ 0x5f7e10
LOITER: _Z26mavlink_get_channel_statush @ 0x5f8160
LOITER: _Z17_mav_trim_payloadPKch @ 0x5f8240
LOITER: _ZL13crc_calculatePKht @ 0x5f82e0
LOITER: _ZL21crc_accumulate_bufferPtPKct @ 0x5f8380
LOITER: _ZL14crc_accumulatehPt @ 0x5f8420
LOITER: _Z14comm_send_lock17mavlink_channel_tt @ 0x5f86b0
LOITER: _mavlink_send_uart @ 0x5f8770
LOITER: _Z16comm_send_unlock17mavlink_channel_t @ 0x5f87f0
LOITER: _Z16comm_send_buffer17mavlink_channel_tPKhh @ 0x5f8870
LOITER: _ZL13valid_channel17mavlink_channel_t @ 0x5f89e0
LOITER: _Z24gcs_out_of_space_to_send17mavlink_channel_t @ 0x5f8a90
LOITER: _ZN11GCS_MAVLINK20out_of_space_to_sendEv @ 0xaa19c0
LOITER: _ZL8crc_initPt @ 0x5f93c0
LOITER: _ZN11GCS_MAVLINK14channel_statusEv @ 0xaa1a20
LOITER: _ZNK11GCS_MAVLINK7txspaceEv @ 0xaa1a70
LOITER: _ZNK11GCS_MAVLINK15packet_overheadEv @ 0xaa1b10
LOITER: _ZN11GCS_MAVLINK20packet_overhead_chanE17mavlink_channel_t @ 0x5f9410
LOITER: _ZL3MINIjjEDTqultfp_fp0_fp_fp0_ERKT_RKT0_.6622 @ 0x5f94f0
LOITER: _ZN11GCS_MAVLINK10is_privateE17mavlink_channel_t @ 0xaa1b70
LOITER: _ZN17AP_InertialSensor13caltemp_accelEh @ 0xaa1ea0
LOITER: _ZNK17AP_InertialSensor15get_temperatureEh @ 0xaa1f10
LOITER: _ZN13AP_ParamTBaseIfL11ap_var_type4EE22set_and_save_ifchangedERKf @ 0xaa20d0
LOITER: _ZNK7Vector3IfErmERKS0_ @ 0xaa2170
LOITER: _ZNK7Vector3IfEmlERKS0_ @ 0xaa2250
LOITER: _Z9safe_sqrtIfEfT_ @ 0xaa22e0
LOITER: _ZN11QuaternionTIfE9normalizeEv @ 0xaa2390
LOITER: _ZNK11QuaternionTIfE14get_euler_rollEv @ 0xaa2470
LOITER: _ZNK11QuaternionTIfE15get_euler_pitchEv @ 0xaa2520
LOITER: _Z9safe_asinIfEfT_ @ 0xaa2590
LOITER: _ZNK11QuaternionTIfE6lengthEv @ 0xaa2670
LOITER: _ZN7Vector3IfE6rotateE8Rotation @ 0xaa2780
LOITER: _ZNK7Matrix3IfEmlERK7Vector3IfE @ 0xaa3760
LOITER: _ZN7Matrix3IfE10from_eulerEfff @ 0xaa3900
LOITER: _ZN7Matrix3IfEC2Efffffffff @ 0xaa3b30
LOITER: _ZNK7Vector3IfEplERKS0_ @ 0xaa3c60
LOITER: _ZNK7Vector3IfEdvEf @ 0xaa3d10
LOITER: _Z4normIffJEEdT_T0_DpKT1_ @ 0xaa3db0
LOITER: _ZN7Vector3IfEpLERKS0_ @ 0xaa3e20
LOITER: _ZN10ByteBuffer9peekbytesEPhj @ 0x5fbc70
LOITER: _ZN10ByteBuffer9peekiovecEPNS_5IoVecEj @ 0x5fbd80
LOITER: _ZNK10ByteBuffer9availableEv @ 0x5fbed0
LOITER: _ZN10ByteBuffer7readptrERj @ 0x5fc1b0
LOITER: _ZNK7Vector3IfEngEv @ 0xaa4050
LOITER: _ZNK7AP_AHRS36get_relative_position_D_origin_floatERf @ 0x5fc6c0
LOITER: _ZNK7AP_AHRS30get_relative_position_D_originERd @ 0x5fc750
LOITER: _ZNK7NavEKF37getPosDERd @ 0x5fc9d0
LOITER: _ZNK8Location11initialisedEv @ 0xaa4130
LOITER: _ZN6AP_HAL6microsEv @ 0x5fcec0
LOITER: _ZNK7Vector3IfE8todoubleEv @ 0xaa41c0
LOITER: _ZN7Vector3IdEmLEd @ 0xaa4240
LOITER: _ZN8Location13offset_latlngERiS0_dd @ 0x5fcfd0
LOITER: _ZN8Location15limit_lattitudeEi @ 0x5fd0d0
LOITER: _ZN8Location14wrap_longitudeEl @ 0x5fd170
LOITER: _ZN7Vector3IdEC2Eddd @ 0xaa42d0
LOITER: _ZNK12NavEKF3_core7getPosDERd @ 0x5fd210
LOITER: _ZNK12NavEKF3_core13getPosD_localERd @ 0x5fd2e0
LOITER: _ZNK12NavEKF3_core12getOriginLLHER8Location @ 0x5fd370
LOITER: _ZN7Vector3IdEC2Ev @ 0xaa4360
LOITER: _ZNK11AP_AHRS_DCM12get_locationER8Location @ 0x5fd710
LOITER: _ZN2AP4baroEv @ 0x5fda40
LOITER: _ZNK7AP_EnumI6GPSUseEcvKS0_Ev @ 0xaa43c0
LOITER: _ZNK6AP_GPS6statusEv @ 0xaa4410
LOITER: _ZNK7AP_Baro12get_altitudeEv @ 0xaa4470
LOITER: _ZN8Location6offsetEdd @ 0x5fda80
LOITER: _ZNK6AP_GPS7get_lagERf @ 0xaa44d0
LOITER: _ZNK7Vector3IfE2xyEv @ 0xaa4550
LOITER: _ZNK7Vector2IfEmlEf @ 0xaa45a0
LOITER: _ZNK6AP_GPS7get_lagEhRf @ 0x5fdb10
LOITER: _ZNK7AP_Baro12get_altitudeEh @ 0xaa4620
LOITER: _ZN7AP_Baro13get_singletonEv @ 0xaa4690
LOITER: _ZN2AP4sitlEv @ 0x5fdda0
LOITER: _ZNK7AP_Baro11all_healthyEv @ 0x5fdfb0
LOITER: _ZNK7AP_Baro12get_pressureEv @ 0xaa46d0
LOITER: _ZNK7AP_Baro23get_altitude_differenceEff @ 0x5fe060
LOITER: _ZNK7AP_Baro26get_altitude_from_pressureEf @ 0x5fe100
LOITER: _ZL33find_atmosphere_layer_by_pressuref @ 0x5fe360
LOITER: _ZNK7AP_Baro17get_altitude_AMSLEv @ 0xaa4730
LOITER: _ZN7AP_Baro29geopotential_alt_to_geometricEf @ 0x5fe410
LOITER: _ZNK7AP_Baro17get_altitude_AMSLEh @ 0xaa4790
LOITER: _ZNK7AP_Baro12get_pressureEh @ 0xaa4800
LOITER: _ZNK7AP_Baro7healthyEh @ 0x5fe470
LOITER: _ZN4SITL3SIM13get_singletonEv @ 0xaa4870
LOITER: _ZNK7Compass7healthyEv @ 0xaa48b0
LOITER: _ZNK7AP_AHRS8cos_rollEv @ 0xaa4910
LOITER: _ZNK7AP_AHRS9cos_pitchEv @ 0xaa4960
LOITER: _ZN6Copter32get_pilot_desired_climb_rate_cmsEv @ 0x5fe660
LOITER: _ZNK10RC_Channel14get_control_inEv @ 0xaa4a20
LOITER: _ZNK9AP_Logger15logging_presentEv @ 0x5fee70
LOITER: _ZNK9AP_Logger15logging_startedEv @ 0x5fef60
LOITER: _ZNK11RC_Channels17option_is_enabledENS_6OptionE @ 0xaa4ac0
LOITER: _ZN11RC_Channels23find_channel_for_optionEN10RC_Channel8AUX_FUNCE @ 0x5ff380
LOITER: _ZN11RC_Channels10rc_channelEh @ 0xaa4c00
LOITER: _ZNK11RC_Channels19flight_mode_channelEv @ 0x5ff6d0
LOITER: _ZN6Copter16get_throttle_midEv @ 0x5ff770
LOITER: _ZNK6Copter18get_pilot_speed_dnEv @ 0x5ff7d0
LOITER: _ZNK10RC_Channel15get_control_midEv @ 0x5ff8a0
LOITER: _ZN16AP_Arming_Copter18run_pre_arm_checksEb @ 0x5ffab0
LOITER: _ZN16AP_Arming_Copter17set_pre_arm_checkEb @ 0x5ffea0
LOITER: _ZN12SRV_Channels18get_emergency_stopEv @ 0xaa50d0
LOITER: _ZNK10RC_Channel16read_3pos_switchERNS_12AuxSwitchPosE @ 0x602e80
LOITER: _ZNK10RC_Channel12get_radio_inEv @ 0xaa5110
LOITER: _ZN2AP5fenceEv @ 0x602fe0
LOITER: _ZNK8AC_Fence7enabledEv @ 0xaa5220
LOITER: _ZNK9AP_ParamTIfL11ap_var_type4EEmiERKS1_ @ 0xaa5410
LOITER: _ZNK7Vector2IfEmiERKS0_ @ 0xaa5b60
LOITER: _ZNK7Vector2IfE14length_squaredEv @ 0xaa5d70
LOITER: _ZNK7Vector2IfEmlERKS0_ @ 0xaa5dd0
LOITER: _ZNK8Location15get_distance_NEERKS_ @ 0x604ba0
LOITER: _ZN8AC_Fence13get_singletonEv @ 0xaa5f00
LOITER: _ZN2AP10visualodomEv @ 0x604d60
LOITER: _ZN13AP_VisualOdom13get_singletonEv @ 0xaa5f40
LOITER: _ZN2AP5mountEv @ 0x6052e0
LOITER: _ZN8AP_Mount13get_singletonEv @ 0xaa5fc0
LOITER: _ZN2AP3osdEv @ 0x605540
LOITER: _ZN6AP_OSD13get_singletonEv @ 0xaa6060
LOITER: _ZN2AP9generatorEv @ 0x605890
LOITER: _ZN12AP_Generator13get_singletonEv @ 0x605a50
LOITER: _ZN2AP3canEv @ 0x605a90
LOITER: _ZNK13AP_CANManager15get_num_driversEv @ 0xaa6150
LOITER: _ZNK13AP_CANManager15get_driver_typeEh @ 0xaa61a0
LOITER: _ZN12SRV_Channels18get_motor_functionEh @ 0xaa63a0
LOITER: _ZN13AP_CANManager13get_singletonEv @ 0xaa6430
LOITER: _ZNK10AP_Terrain14get_statisticsERtS0_ @ 0x606570
LOITER: _ZNK10AP_Terrain10bitcount64Em @ 0x606760
LOITER: _ZN11RangeFinder13get_singletonEv @ 0xaa66c0
LOITER: _ZNK9AP_Logger14logging_failedEv @ 0x606e80
LOITER: _ZN2AP7batteryEv @ 0x607000
LOITER: _ZNK14AP_BattMonitor15configured_typeEh @ 0xaa67b0
LOITER: _ZNK14AP_BattMonitor14allocated_typeEh @ 0xaa6820
LOITER: _ZNK22AP_BattMonitor_Backend20check_failsafe_typesERbS0_S0_S0_ @ 0x607730
LOITER: _Z11is_positiveI9AP_ParamTIfL11ap_var_type4EEEbT_ @ 0xaa6890
LOITER: _ZNK21AP_BattMonitor_Params23failsafe_voltage_sourceEv @ 0xaa6970
LOITER: _ZNK22AP_BattMonitor_Backend24voltage_resting_estimateEv @ 0x607ad0
LOITER: _ZL3MAXIffEDTqugtfp_fp0_fp_fp0_ERKT_RKT0_.18691 @ 0x607b40
LOITER: _ZN14AP_BattMonitor13get_singletonEv @ 0xaa69d0
LOITER: _ZNK7Compass14is_calibratingEv @ 0x607bc0
LOITER: _ZNK7Compass9get_fieldEv @ 0xaa6b30
LOITER: _ZNK7Compass10consistentEv @ 0x607f80
LOITER: _ZN14AP_Declination18get_earth_field_gaERK8Location @ 0x608220
LOITER: _ZNK7Vector3IfEmlEf @ 0xaa6b90
LOITER: _ZN14AP_Declination16get_mag_field_efEffRfS0_S0_ @ 0x6084c0
LOITER: _ZL7radiansf.2992 @ 0x608ac0
LOITER: _Z15constrain_int32iii @ 0xaa6c30
LOITER: _Z15constrain_valueIiET_S0_S0_S0_ @ 0xaa6ca0
LOITER: _ZN11AP_AHRS_DCM11use_compassEv @ 0x608c30
LOITER: _ZNK7AP_AHRS15get_fly_forwardEv @ 0xaa6d90
LOITER: _ZNK11AP_AHRS_DCM8have_gpsEv @ 0x608de0
LOITER: _ZL7degreesf.2106 @ 0x608e70
LOITER: _Z8wrap_180IfET_S0_ @ 0xaa6eb0
LOITER: _Z8wrap_360f @ 0x608ec0
LOITER: _ZNK6AP_GPS13ground_courseEh @ 0xaa6f40
LOITER: _ZNK6AP_GPS12ground_speedEh @ 0xaa6fb0
LOITER: _ZNK7Compass9get_countEv @ 0xaa7020
LOITER: _ZNK7Compass9get_fieldEh @ 0xaa7070
LOITER: _ZNK7Vector2IfE7is_zeroEv @ 0xaa70f0
LOITER: _ZNK7Vector3IfE5angleERKS0_ @ 0xaa7180
LOITER: _ZL7radiansf.2689 @ 0x608fe0
LOITER: _ZNK7Vector2IfE5angleERKS0_ @ 0xaa7290
LOITER: _ZNK7Vector2IfE6lengthEv @ 0xaa73b0
LOITER: _ZNK7Compass11get_offsetsEh @ 0xaa7410
LOITER: _ZNK9AP_ParamVI7Vector3IfEL11ap_var_type5EEcvRKS1_Ev @ 0xaa7490
LOITER: _ZNK14typesafe_indexIh12TAG_PriorityEltERKh @ 0xaa74e0
LOITER: _ZNK14typesafe_indexIh12TAG_PriorityEcvhEv @ 0xaa75d0
LOITER: _ZNK14typesafe_indexIh12TAG_PriorityEplERKh @ 0xaa7620
LOITER: _ZN14typesafe_indexIh12TAG_PriorityEppEi @ 0xaa7720
LOITER: _ZN19RestrictIDTypeArrayIN7Compass9mag_stateELj4E14typesafe_indexIh14TAG_StateIndexEEixERKS4_ @ 0xaa7790
LOITER: _ZNK19RestrictIDTypeArrayIP17CompassCalibratorLj3E14typesafe_indexIh12TAG_PriorityEEixERKS4_ @ 0xaa78d0
LOITER: _ZN11AP_Airspeed13get_singletonEv @ 0xaa7950
LOITER: _ZNK11AP_Airspeed7enabledEh @ 0x609bb0
LOITER: _ZNK11AP_Airspeed3useEh @ 0x609c70
LOITER: _ZNK11AP_Airspeed7healthyEh @ 0x609da0
LOITER: _ZNK11AP_Airspeed11lib_enabledEv @ 0x609f20
LOITER: _ZNK11RC_Channels19has_had_rc_receiverEv @ 0xaa79e0
LOITER: _ZN2AP5winchEv @ 0x60a000
LOITER: _ZN8AP_Winch13get_singletonEv @ 0x60a1a0
LOITER: _ZN4AC_P2kPEv @ 0xaa7af0
LOITER: _ZNK11RangeFinder15has_orientationE8Rotation @ 0x60a380
LOITER: _ZN6AC_PID2ffEv @ 0xaa7be0
LOITER: _ZN6AC_PID2kPEv @ 0xaa7c30
LOITER: _ZN6AC_PID2kIEv @ 0xaa7cf0
LOITER: _ZN13AC_PosControl12get_pos_NE_pEv @ 0xaa7d90
LOITER: _ZN7AC_P_2D2kPEv @ 0xaa7de0
LOITER: _ZN13AC_PosControl11get_pos_U_pEv @ 0xaa7e30
LOITER: _ZN7AC_P_1D2kPEv @ 0xaa7e80
LOITER: _ZN13AC_PosControl15get_accel_U_pidEv @ 0xaa7f70
LOITER: _ZNK11RangeFinder13find_instanceE8Rotation @ 0x60ac70
LOITER: _ZNK11RangeFinder11get_backendEh @ 0x60adc0
LOITER: _ZN6Copter23set_land_complete_maybeEb @ 0x60b490
LOITER: _ZN9AP_Logger18WriteCriticalBlockEPKvt @ 0x60ba00
LOITER: _ZNK14AP_DAL_Compass9availableEv @ 0xaa8240
LOITER: _ZNK14AP_DAL_Compass7healthyEh @ 0xaa82a0
LOITER: _ZNK14AP_DAL_Compass11get_offsetsEh @ 0xaa8310
LOITER: _ZNK7Vector3IdE7tofloatEv @ 0xaa8380
LOITER: _ZNK7Vector3IdEmlEd @ 0xaa8400
LOITER: _ZNK9AP_Arming14option_enabledENS_6OptionE @ 0xaa84a0
LOITER: _ZNK9AP_Arming22get_rudder_arming_typeEv @ 0xaa8520
LOITER: _ZN8AC_Fence12clear_breachEh @ 0x60ccd0
LOITER: _ZN9AP_Notify6updateEv @ 0x60d1a0
LOITER: _ZNK7AP_AHRS11get_yaw_radEv @ 0xaa8750
LOITER: _ZN6Copter27update_super_simple_bearingEb @ 0x60d5b0
LOITER: _ZN9AP_Logger10Write_ModeEh10ModeReason @ 0x60d780
LOITER: _ZN17AP_Logger_Backend10Write_ModeEh10ModeReason @ 0x60d8e0
LOITER: _ZNK7AP_AHRS38get_relative_position_NED_origin_floatER7Vector3IfE @ 0x60d990
LOITER: _ZN11AP_SmartRTL9add_pointERK7Vector3IfE @ 0x60dc00
LOITER: _ZN7HALSITL9Semaphore16take_nonblockingEv @ 0x60ddc0
LOITER: _ZNK7Vector3IfE16distance_squaredERKS0_ @ 0xaa8870
LOITER: _ZL2sqf.12922 @ 0x60df10
LOITER: _ZN7HALSITL9Semaphore4giveEv @ 0x60df60
LOITER: _ZN9AP_Logger10WriteBlockEPKvt @ 0x60e130
LOITER: _ZN17AP_Logger_Backend10WriteBlockEPKvt @ 0xaa8930
LOITER: _ZNK7AP_AHRS32get_relative_position_NED_originER7Vector3IdE @ 0x60e320
LOITER: _ZN7Vector2IdEC2Ev @ 0xaa8a70
LOITER: _ZNK7NavEKF38getPosNEER7Vector2IdE @ 0x60e5c0
LOITER: _ZNK11AP_AHRS_SIM12get_locationER8Location @ 0x60e8f0
LOITER: _ZNK8Location23get_distance_NE_postypeERKS_ @ 0x60e9e0
LOITER: _ZN7Vector2IdEC2Edd @ 0xaa8ad0
LOITER: _ZNK12NavEKF3_core8getPosNEER7Vector2IdE @ 0x60ead0
LOITER: _ZNK7Vector3IdE2xyEv @ 0xaa8b50
LOITER: _ZNK7Vector2IdE8todoubleEv @ 0xaa8ba0
LOITER: _ZNK7Vector2IdEplERKS0_ @ 0xaa8c00
LOITER: _ZNK10AP_DAL_GPS6statusEh @ 0xaa8c90
LOITER: _ZNK10AP_DAL_GPS8locationEh @ 0xaa8d00
LOITER: _ZN7Vector2IdE4zeroEv @ 0xaa8d70
LOITER: _ZNK10AP_DAL_GPS14primary_sensorEv @ 0xaa8dd0
LOITER: _ZNK7AP_Baro15get_temperatureEh @ 0xaa9090
LOITER: _ZN6AP_DAL9end_frameEv @ 0x60fcd0
LOITER: _ZN6AP_DAL15WriteLogMessageE11LogMessagesPvPKvh @ 0x60fd50
LOITER: _ZN9AP_Logger16WriteReplayBlockEhPKvt @ 0x60fe70
LOITER: _ZNK9AP_Logger10log_replayEv @ 0xaa9100
LOITER: _ZN6Copter10should_logEj @ 0x610270
LOITER: _ZNK9AP_Logger10should_logEj @ 0x6103a0
LOITER: _ZNK7AP_AHRS16get_velocity_NEDER7Vector3IfE @ 0x6107b0
LOITER: _ZN10AP_Terrain23update_reference_offsetEv @ 0x610830
LOITER: _ZNK9AP_ParamTIfL11ap_var_type4EEngEv @ 0xaa92a0
LOITER: _ZN10AP_Terrain11height_amslERK8LocationRfb @ 0x610a70
LOITER: _ZNK8Location10get_alt_cmENS_8AltFrameERi @ 0x610eb0
LOITER: _ZNK8Location13get_alt_frameEv @ 0x6111f0
LOITER: _ZNK7AP_AHRS10get_originER8Location @ 0x6112d0
LOITER: _ZN10AP_Terrain8allocateEv @ 0x611350
LOITER: _ZNK10AP_Terrain19calculate_grid_infoERK8LocationRNS_9grid_infoE @ 0x611470
LOITER: _ZN10AP_Terrain15find_grid_cacheERKNS_9grid_infoE @ 0x6118e0
LOITER: _ZN10AP_Terrain12check_bitmapERKNS_10grid_blockEhh @ 0x611bf0
LOITER: _ZN10AP_Terrain11grid_bitnumEhh @ 0x611cb0
LOITER: _ZNK9AP_Arming18get_enabled_checksEv @ 0x611d40
LOITER: _ZN7HALSITL9Semaphore4takeEj @ 0x611ea0
LOITER: _ZN6AP_HAL9Semaphore13take_blockingEv @ 0xaa9a70
LOITER: _ZN4SITL6AS56006updateERKNS_8AircraftE @ 0x6133c0
LOITER: _ZNK4SITL8Aircraft12get_attitudeER11QuaternionTIfE @ 0xaaa910
LOITER: _ZL7degreesf.21016 @ 0x613790
LOITER: _ZN4SITL17I2CRegisters_8Bit12set_registerEhh @ 0x6137f0
LOITER: _ZN4SITL9I2CDevice6updateERKNS_8AircraftE @ 0xaaab00
LOITER: _ZN4SITL13TeraRangerI2C6updateERKNS_8AircraftE @ 0xaaaca0
LOITER: _ZNK4SITL8Aircraft17rangefinder_rangeEv @ 0x613eb0
LOITER: _ZL7radiansf.16135 @ 0x614390
LOITER: _Z10rand_floatv @ 0x6143f0
LOITER: _ZN4SITL7INA32216updateERKNS_8AircraftE @ 0x6146d0
LOITER: _ZL15convert_voltagef @ 0x614b50
LOITER: _ZL15convert_currentf @ 0x614c20
LOITER: _ZN4SITL8QMC5883L6updateERKNS_8AircraftE @ 0x614e80
LOITER: _ZN7Vector3IfE14rotate_inverseE8Rotation @ 0xaaad10
LOITER: _ZL7htole16t.15260 @ 0x615290
LOITER: _ZN7Vector3IsEC2Esss @ 0xaaaec0
LOITER: _ZN4SITL10IS31FL31956updateERKNS_8AircraftE @ 0x615500
LOITER: _ZN4SITL17I2CRegisters_8Bit12get_registerEh @ 0xaab060
LOITER: _ZN10SIM_RGBLED11set_coloursEhhh @ 0xaab0c0
LOITER: _ZN4SITL6LM27556updateERKNS_8AircraftE @ 0x6161e0
LOITER: _ZNK4SITL6LM275510LEDChannel13current_valueEv @ 0xaab2d0
LOITER: _ZN4SITL6LP55626updateERKNS_8AircraftE @ 0x616790
LOITER: _ZN4SITL6LP556210LEDChannel6updateEv @ 0x616aa0
LOITER: _ZNK4SITL6LP556210LEDChannel13current_valueEv @ 0xaab550
LOITER: _ZN4SITL6MS5XXX6updateERKNS_8AircraftE @ 0x616b80
LOITER: _ZN7AP_Baro37get_pressure_temperature_for_alt_amslEfRfS0_ @ 0x617b30
LOITER: _ZN7AP_Baro29geometric_alt_to_geopotentialEf @ 0x617d10
LOITER: _ZL33find_atmosphere_layer_by_altitudef @ 0x617d70
LOITER: _ZN7AP_Baro33get_temperature_by_altitude_layerEfa @ 0x617e20
LOITER: _ZN7AP_Baro29get_temperatureC_for_alt_amslEf @ 0x6189a0
LOITER: _ZN4SITL12InvensenseV36updateERKNS_8AircraftE @ 0x618a10
LOITER: _ZNK4SITL8ICM4060911accel_scaleEv @ 0xaabaa0
LOITER: _ZL7radiansd.14702 @ 0x6194d0
LOITER: _ZNK4SITL12InvensenseV310gyro_scaleEv @ 0xaabaf0
LOITER: _ZN4SITL12InvensenseV313write_to_fifoEhPhh @ 0x619520
LOITER: _ZN4SITL7MCP96006updateERKNS_8AircraftE @ 0x619a80
LOITER: _ZL7htobe16t.14606 @ 0x61a050
LOITER: _ZL10__bswap_16t.14608 @ 0x61a0a0
LOITER: _ZNK4SITL31I2CRegisters_ConfigurableLength13get_reg_valueEhRh @ 0x61a110
LOITER: _ZN4SITL6TSYS036updateERKNS_8AircraftE @ 0x61a560
LOITER: _ZN4SITL6TSYS016updateERKNS_8AircraftE @ 0x61afb0
LOITER: _ZN4SITL5SHT3x6updateERKNS_8AircraftE @ 0x61bbe0
LOITER: _ZN4SITL13Airspeed_DLVR6updateERKNS_8AircraftE @ 0x61c460
LOITER: _ZN4SITL29SIM_BattMonitor_SMBus_Generic6updateERKNS_8AircraftE @ 0x61cf40
LOITER: _ZNK4SITL29SIM_BattMonitor_SMBus_Generic15connected_cellsEv @ 0xaac3e0
LOITER: _ZN4SITL21SIM_BattMonitor_SMBus6updateERKNS_8AircraftE @ 0x61d7a0
LOITER: _ZNK4SITL8Aircraft19get_battery_voltageEv @ 0xaac430
LOITER: _ZN4SITL11SMBusDevice12set_registerEht @ 0xaac480
LOITER: _ZN4SITL18I2CRegisters_16Bit12set_registerEht @ 0x61d8b0
LOITER: _ZN4SITL11SMBusDevice12set_registerEhs @ 0xaac500
LOITER: _ZN4SITL18I2CRegisters_16Bit12set_registerEhs @ 0x61d960
LOITER: _ZN4SITL6Rotoye6updateERKNS_8AircraftE @ 0x61dc00
LOITER: _ZN4SITL11SMBusDevice13get_reg_valueEh @ 0xaac7b0
LOITER: _ZN4SITL18I2CRegisters_16Bit13get_reg_valueEh @ 0xaac820
LOITER: _ZL7be16toht.21067 @ 0x61dcd0
LOITER: _ZL10__bswap_16t.21068 @ 0x61dd20
LOITER: _ZNK4SITL6Maxell15connected_cellsEv @ 0xaac8e0
LOITER: _ZN4SITL13MaxSonarI2CXL6updateERKNS_8AircraftE @ 0xaaca20
LOITER: _ZN4SITL10ToshibaLED6updateERKNS_8AircraftE @ 0x61dfe0
LOITER: _ZNK6AP_HAL3HAL6serialEh @ 0xaad460
LOITER: _ZL14fill_stack_nanv @ 0x61eaa0
LOITER: _ZN7HALSITL9Scheduler13_run_io_procsEv @ 0x61ee20
LOITER: _ZNK7FunctorIvJEEcvbEv @ 0xaad570
LOITER: _ZNK7FunctorIvJEEclEv @ 0xaad5d0
LOITER: _ZN7HALSITL16I2CDeviceManager11_timer_tickEv @ 0x61f030
LOITER: _ZN2AP2RCEv @ 0x61f0d0
LOITER: _ZN13AP_RCProtocol6updateEv @ 0x61f180
LOITER: _ZN13AP_RCProtocol16check_added_uartEv @ 0x61f1d0
LOITER: _ZNK13AP_RCProtocol13should_searchEj @ 0x61f440
LOITER: _ZN21AP_RCProtocol_Backend9new_inputEv @ 0x61fc00
LOITER: _ZNK17AP_RCProtocol_FDM6activeEv @ 0xaad870
LOITER: _ZN6I2CBus11_timer_tickEv @ 0x61fe10
LOITER: _ZN9AP_Logger6WriteVEPKcS1_S1_S1_S1_P13__va_list_tagbb @ 0x61ff40
LOITER: _ZN9AP_Logger16msg_fmt_for_nameEPKcS1_S1_S1_S1_bb @ 0x620140
LOITER: _ZN17AP_Logger_Backend5WriteEhP13__va_list_tagbb @ 0x620a30
LOITER: _ZNK9AP_Logger24assert_same_fmt_for_nameEPKNS_13log_write_fmtEPKcS4_S4_S4_S4_ @ 0x6215b0
LOITER: _ZN3GCS14update_receiveEv @ 0x622920
LOITER: _ZN3GCS11update_sendEv @ 0x6229d0
LOITER: _ZN19MissionItemProtocol6updateEv @ 0x622d10
LOITER: _ZN11GCS_MAVLINK11update_sendEv @ 0x622ee0
LOITER: _ZN3GCS18service_statustextEv @ 0x6232c0
LOITER: _ZN3GCS15StatusTextQueue9semaphoreEv @ 0xaadad0
LOITER: _ZNK11ObjectArrayIN3GCS12statustext_tEE8is_emptyEv @ 0xaadb20
LOITER: _Z14comm_chan_lock17mavlink_channel_t @ 0x6237a0
LOITER: _ZL16mav_array_memcpyPvPKvm.6783 @ 0x6238e0
LOITER: _ZN9AP_Logger15handle_log_sendEv @ 0x623980
LOITER: _ZN22GCS_MAVLINK_InProgress11check_tasksEv @ 0x624050
LOITER: _ZNK3GCS11out_of_timeEv @ 0x624240
LOITER: _ZN11GCS_MAVLINK30deferred_message_to_send_indexEt @ 0x624320
LOITER: _ZN11GCS_MAVLINK19do_try_send_messageE10ap_message @ 0x624500
LOITER: _ZNK7BitmaskILt91EE9first_setEv @ 0xaadec0
LOITER: _ZN7BitmaskILt91EE5clearEt @ 0xaadf90
LOITER: _ZN11GCS_MAVLINK36next_deferred_bucket_message_to_sendEt @ 0x624630
LOITER: _ZNK7BitmaskILt91EE5countEv @ 0xaae050
LOITER: _ZNK11GCS_MAVLINK26get_reschedule_interval_msERKNS_25deferred_message_bucket_tE @ 0x624760
LOITER: _ZN11GCS_MAVLINK24find_next_bucket_to_sendEt @ 0x624860
LOITER: _ZN7BitmaskILt91EEaSERKS0_ @ 0xaae120
LOITER: _ZNK11GCS_MAVLINK24requesting_mission_itemsEv @ 0x624a30
LOITER: _ZN7GCS_FTP16get_last_send_msE17mavlink_channel_t @ 0x624b20
LOITER: _ZNK7BitmaskILt91EE8validateEt @ 0xaae260
LOITER: _ZNK11GCS_MAVLINK17telemetry_delayedEv @ 0x624cc0
LOITER: _ZNK3GCS11telem_delayEv @ 0xaae2f0
LOITER: _ZN14AP_BoardConfig15in_config_errorEv @ 0xaae350
LOITER: _ZNK12AP_Scheduler19time_available_usecEv @ 0x624d90
LOITER: _ZN2AP2FSEv @ 0x625010
LOITER: _ZN19AP_Filesystem_Posix5writeEiPKvj @ 0x6253b0
LOITER: _ZN21AP_Filesystem_Backend17bytes_until_fsyncEi @ 0xaae390
LOITER: _ZN19AP_Filesystem_Posix9disk_freeEPKc @ 0x625ba0
LOITER: _ZNK21AP_Filesystem_Backend15file_op_allowedEv @ 0x6262d0
LOITER: _ZL12map_filenamePKc @ 0x626370
LOITER: _ZL17map_filename_freePKc @ 0x626410
LOITER: _Z16comm_get_txspace17mavlink_channel_t @ 0x626560
LOITER: _ZL28mavlink_msg_command_ack_send17mavlink_channel_tthhihh.6806 @ 0x6265f0
LOITER: _ZN11GCS_MAVLINK23set_ap_message_intervalE10ap_messaget @ 0x626a60
LOITER: _ZNK11GCS_MAVLINK20cap_message_intervalEt @ 0x626e80
LOITER: _ZNK11GCS_MAVLINK26get_deferred_message_indexE10ap_message @ 0x626f50
LOITER: _ZNK7BitmaskILt91EE3getEt @ 0xaae5d0
LOITER: _ZN7BitmaskILt91EE3setEt @ 0xaae6a0
LOITER: _ZN12AP_Scheduler18get_loop_period_usEv @ 0xaae760
LOITER: _ZNK13AP_Filesystem13backend_by_fdERi @ 0x6277d0
LOITER: _ZNK13AP_Filesystem15backend_by_pathERPKc @ 0x6278a0
LOITER: _ZN11GCS_MAVLINK39initialise_message_intervals_for_streamENS_7streamsE @ 0x627b90
LOITER: _ZNK11GCS_MAVLINK23get_interval_for_streamENS_7streamsE @ 0x627d90
LOITER: _ZNK11GCS_MAVLINK8get_chanEv @ 0xaae800
LOITER: _ZN11GCS_MAVLINK12send_messageE10ap_message @ 0x628840
LOITER: _ZN11GCS_MAVLINK22save_signing_timestampEb @ 0x628950
LOITER: _ZNK11GCS_MAVLINK12is_streamingEv @ 0xaae8f0
LOITER: _ZN19AC_PolyFence_loader13check_indexedEv @ 0x62b6f0
LOITER: _Z11is_negativeIfEbT_ @ 0xaaf650
LOITER: _ZN11GCS_MAVLINK14update_receiveEj @ 0x631270
LOITER: _ZN3GCS15update_passthruEv @ 0x631740
LOITER: _ZN16AP_SerialManager12get_passthruERPN6AP_HAL10UARTDriverES3_RhRjS5_ @ 0x631c70
LOITER: _ZN6AP_HAL10UARTDriver11read_lockedEPhmj @ 0x6326f0
LOITER: _ZNK11GCS_MAVLINK6lockedEv @ 0xaaf990
LOITER: _ZNK7FunctorIbJhPN6AP_HAL10UARTDriverEEEcvbEv @ 0xaaf9f0
LOITER: _ZN11GCS_MAVLINK14channel_bufferEv @ 0xaafad0
LOITER: mavlink_frame_char_buffer @ 0x632dd0
LOITER: _ZN12AP_Scripting14handle_messageERK17__mavlink_message17mavlink_channel_t @ 0x633670
LOITER: _ZN11GCS_MAVLINK13send_timesyncEv @ 0x633860
LOITER: _ZN11GCS_MAVLINK17log_mavlink_statsEv @ 0x6338d0
LOITER: _ZNK11GCS_MAVLINK15signing_enabledEv @ 0x633a50
LOITER: _ZNK11GCS_MAVLINK21timesync_timestamp_nsEv @ 0x633af0
LOITER: _ZL25mavlink_msg_timesync_send17mavlink_channel_tll @ 0x633b50
LOITER: mavlink_start_checksum @ 0x633bf0
LOITER: mavlink_update_checksum @ 0x633c50
LOITER: _Z9fill_nanfPft @ 0x634690
LOITER: _ZN10ByteBuffer7advanceEj @ 0x637720
LOITER: _ZN5Empty11OpticalFlow9push_gyroEfff @ 0xab09a0
LOITER: _ZN5Empty11OpticalFlow14push_gyro_biasEff @ 0xab0a10
LOITER: _ZNK7HALSITL4Util18was_watchdog_resetEv @ 0xab0ce0
LOITER: _ZN7HALSITL4Util19safety_switch_stateEv @ 0x6383d0
LOITER: _ZN7HALSITL4Util16available_memoryEv @ 0xab11d0
LOITER: _ZN7HALSITL4Util8uart_logEv @ 0x6389b0
LOITER: _ZN6AP_HAL4Util14log_stack_infoEv @ 0xab1570
LOITER: _ZN6AP_HAL10UARTDriver9log_statsEhRNS0_12StatsTrackerEj @ 0x638b80
LOITER: _ZN6AP_HAL10UARTDriver12StatsTracker11ByteTracker6updateEj @ 0x638d20
LOITER: _ZN7HALSITL8RCOutput20_safety_switch_stateEv @ 0xab1610
LOITER: _ZN6AP_HAL10UARTDriver5writeEPKhm @ 0x63b250
LOITER: _ZN6AP_HAL10UARTDriver9availableEv @ 0x63b390
LOITER: _ZN6AP_HAL10UARTDriver4readEv @ 0x63b410
LOITER: _ZN6AP_HAL10UARTDriver4readERh @ 0x63b490
LOITER: _ZN6AP_HAL10UARTDriver4readEPht @ 0x63b590
LOITER: _ZN7HALSITL10UARTDriver7txspaceEv @ 0x63b600
LOITER: _ZN7HALSITL10UARTDriver11_timer_tickEv @ 0x63b980
LOITER: _ZN7HALSITL10UARTDriver26receive_time_constraint_usEt @ 0x63b9e0
LOITER: _ZN7HALSITL10UARTDriver6_writeEPKhm @ 0x63c6b0
LOITER: _ZN7HALSITL10UARTDriver5_readEPht @ 0x63c880
LOITER: _ZN7HALSITL10UARTDriver10_availableEv @ 0x63ca70
LOITER: _ZNK7HALSITL10UARTDriver18get_total_tx_bytesEv @ 0xab3da0
LOITER: _ZNK7HALSITL10UARTDriver18get_total_rx_bytesEv @ 0xab3df0
LOITER: _ZNK6AP_HAL10UARTDriver26get_total_dropped_rx_bytesEv @ 0xab3e40
LOITER: _ZN7HALSITL10UARTDriver17_check_connectionEv @ 0x63cb60
LOITER: _ZN7HALSITL10UARTDriver13_select_checkEi @ 0x63cca0
LOITER: _ZN10ByteBuffer4readEPhj @ 0x63ceb0
LOITER: _ZN7HALSITL10UARTDriver41handle_writing_from_writebuffer_to_deviceEv @ 0x63cf50
LOITER: _ZN7HALSITL10UARTDriver16_check_reconnectEv @ 0x63d300
LOITER: _ZL3MINIjjEDTqultfp_fp0_fp_fp0_ERKT_RKT0_.13888 @ 0x63d700
LOITER: _ZNK4SITL12SerialDevice15write_to_deviceEPKcm @ 0x63d780
LOITER: _ZNK4SITL12SerialDevice18write_to_autopilotEPKcm @ 0x640ae0
LOITER: _ZNK4SITL12SerialDevice13is_match_baudEv @ 0x640ba0
LOITER: _ZNK4SITL3GPS18write_to_autopilotEPKcm @ 0x640cd0
LOITER: _ZNK4SITL3GPS11device_baudEv @ 0x640ef0
LOITER: _Z8wrap_180IdET_S0_ @ 0xab5430
LOITER: _ZNK7Vector2IfEplERKS0_ @ 0xab5890
LOITER: _Z8wrap_360d @ 0x643d80
LOITER: _ZNK4SITL12SerialDevice19read_from_autopilotEPcm @ 0x643e20
LOITER: _Z7is_zerod @ 0xab7560
LOITER: _ZN7HALSITL10UARTDriver40handle_reading_from_device_to_readbufferEv @ 0x649710
LOITER: _ZNK4SITL12SerialDevice16read_from_deviceEPcm @ 0x649ba0
LOITER: _ZN7HALSITL8AnalogIn13board_voltageEv @ 0xab8a70
LOITER: _ZN6AP_HAL8AnalogIn17servorail_voltageEv @ 0xab8ac0
LOITER: _ZN6AP_HAL8AnalogIn18power_status_flagsEv @ 0xab8b10
LOITER: _ZN7HALSITL9ADCSource7set_pinEh @ 0x64a7e0
LOITER: _ZN7HALSITL9ADCSource15voltage_averageEv @ 0x64a860
LOITER: _ZN7HALSITL9ADCSource14voltage_latestEv @ 0x64a8b0
LOITER: _ZN7HALSITL4GPIO13usb_connectedEv @ 0x64b010
LOITER: _ZN7HALSITL8RCOutput9enable_chEh @ 0x64b410
LOITER: _ZN7HALSITL8RCOutput10disable_chEh @ 0x64b4a0
LOITER: _ZN7HALSITL8RCOutput5writeEht @ 0x64b530
LOITER: _ZN6AP_HAL8RCOutput20update_channel_masksEv @ 0xab94f0
LOITER: _ZN7HALSITL8RCOutput4corkEv @ 0x64b660
LOITER: _ZN7HALSITL8RCOutput4pushEv @ 0x64b6f0
LOITER: _ZN7HALSITL8RCOutput4readEh @ 0x64b820
LOITER: _ZN7HALSITL8RCOutput4readEPth @ 0x64b8b0
LOITER: _ZN6AP_HAL8RCOutput16set_default_rateEt @ 0xab9d90
LOITER: _ZN17AP_ESC_Telem_SITL6updateEv @ 0x64bcd0
LOITER: _ZL3MAXIffEDTqugtfp_fp0_fp_fp0_ERKT_RKT0_.20563 @ 0x64bea0
LOITER: _ZN20AP_ESC_Telem_Backend10update_rpmEhff @ 0x64bf20
LOITER: _ZN20AP_ESC_Telem_Backend17update_telem_dataEhRKNS_13TelemetryDataEt @ 0x64bfb0
LOITER: _ZN12AP_ESC_Telem17update_telem_dataEhRKN20AP_ESC_Telem_Backend13TelemetryDataEt @ 0x64c040
LOITER: _ZN12AP_ESC_Telem10update_rpmEhff @ 0x64c320
LOITER: _ZL3MAXIjjEDTqugtfp_fp0_fp_fp0_ERKT_RKT0_.10200 @ 0x64c480
LOITER: _Z16constrain_uint32jjj @ 0xaba2c0
LOITER: _Z15constrain_valueIjET_S0_S0_S0_ @ 0xaba330
LOITER: _ZN7HALSITL7RCInput9new_inputEv @ 0x64c610
LOITER: _ZN7HALSITL7RCInput12num_channelsEv @ 0x64c670
LOITER: _ZN7HALSITL7RCInput4readEh @ 0x64c6d0
LOITER: _ZN13AP_RCProtocol4readEh @ 0x64c980
LOITER: _ZN21AP_RCProtocol_Backend4readEh @ 0x64ca10
LOITER: _ZN13AP_RCProtocol12num_channelsEv @ 0x64ca70
LOITER: _ZNK21AP_RCProtocol_Backend12num_channelsEv @ 0x64caf0
LOITER: _ZN13AP_RCProtocol9new_inputEv @ 0x64cb40
LOITER: _ZN13AP_RCProtocol21detect_async_protocolENS_12rcprotocol_tE @ 0x64cd00
LOITER: _ZNK13AP_RCProtocol10using_uartEv @ 0xaba8c0
LOITER: _ZN17AP_RCProtocol_FDM6updateEv @ 0x64d950
LOITER: _ZN21AP_RCProtocol_Backend9add_inputEhPtbss @ 0x64db30
LOITER: _ZL3MINIhiEDTqultfp_fp0_fp_fp0_ERKT_RKT0_.20159 @ 0x64dc90
LOITER: _ZN13AP_RCProtocol19set_failsafe_activeEb @ 0xabb290
LOITER: _ZN21AP_RCProtocol_Backend6updateEv @ 0xabb3a0
LOITER: _ZN17AP_RCProtocol_UDP6updateEv @ 0x64dd10
LOITER: _ZN17AP_RCProtocol_UDP21read_all_socket_inputEv @ 0x64df70
LOITER: _ZN16SocketAPM_native4recvEPvmj @ 0x64e210
LOITER: _ZN16SocketAPM_native6pollinEj @ 0x64e440
LOITER: _ZNK16SocketAPM_native11get_read_fdEv @ 0xabb4d0
LOITER: _ZN18AP_RCProtocol_GHST6updateEv @ 0x64eca0
LOITER: _ZN3GCS23get_sensor_status_flagsERjS0_S0_ @ 0x650960
LOITER: _ZN3GCS26update_sensor_status_flagsEv @ 0x650a20
LOITER: _ZNK7AP_AHRS11initialisedEv @ 0x6511e0
LOITER: _ZNK7AP_Baro13num_instancesEv @ 0xabbb60
LOITER: _ZNK6AP_GPS10is_healthyEv @ 0xabbbb0
LOITER: _ZNK14AP_BattMonitor13num_instancesEv @ 0xabbc10
LOITER: _ZNK14AP_BattMonitor7healthyEv @ 0x651310
LOITER: _ZNK17AP_InertialSensor11calibratingEv @ 0x651400
LOITER: _ZNK9AP_Logger15logging_enabledEv @ 0x6514d0
LOITER: _ZNK6AP_GPS15logging_presentEv @ 0xabbc60
LOITER: _ZNK6AP_GPS15logging_enabledEv @ 0xabbcd0
LOITER: _ZNK6AP_GPS14logging_failedEv @ 0x6515a0
LOITER: _ZNK7AP_AHRS12get_ekf_typeEv @ 0xabbd40
LOITER: _ZNK8AC_Fence18sys_status_enabledEv @ 0x651680
LOITER: _ZNK8AC_Fence18sys_status_presentEv @ 0x651720
LOITER: _ZNK8AC_Fence17sys_status_failedEv @ 0x651780
LOITER: _ZNK11AP_Airspeed7enabledEv @ 0xabbda0
LOITER: _ZN2AP11opticalflowEv @ 0x6518d0
LOITER: _ZNK14AP_OpticalFlow7healthyEv @ 0xabbeb0
LOITER: _ZN2AP6armingEv @ 0x651910
LOITER: _ZNK11RC_Channels22has_ever_seen_rc_inputEv @ 0xabbf30
LOITER: _ZN9AP_Arming13get_singletonEv @ 0x651950
LOITER: _ZN14AP_OpticalFlow13get_singletonEv @ 0xabbf90
LOITER: _ZN2AP8airspeedEv @ 0x651990
LOITER: _ZNK8AC_Fence12get_breachesEv @ 0xabc060
LOITER: _ZNK7AP_EnumIN8AC_Fence6ActionEEcvKS1_Ev @ 0xabc0b0
LOITER: _ZNK14AP_BattMonitor7healthyEh @ 0x651a50
LOITER: _ZNK6AP_GPS8num_satsEv @ 0xabc2c0
LOITER: _ZNK6AP_GPS8num_satsEh @ 0xabc320
LOITER: _ZNK14AP_BattMonitor7voltageEh @ 0x652740
LOITER: _ZNK14AP_BattMonitor12current_ampsERfh @ 0x6527e0
LOITER: _ZNK14AP_BattMonitor12consumed_mahERfh @ 0x6528d0
LOITER: _ZN9AP_Logger14WriteStreamingEPKcS1_S1_z @ 0x6535f0
LOITER: _ZN22AP_RCProtocol_DroneCAN6updateEv @ 0x653850
LOITER: _ZNK16AP_SerialManager11find_serialENS_14SerialProtocolEh @ 0x654c40
LOITER: _ZN2AP3srvEv @ 0x657f90
LOITER: _ZN12SRV_Channels4corkEv @ 0x657fd0
LOITER: _ZN12SRV_Channels4pushEv @ 0x658030
LOITER: _ZN16AP_Volz_Protocol6updateEv @ 0x6581e0
LOITER: _ZN10AP_SBusOut6updateEv @ 0x6584b0
LOITER: _ZN15AP_RobotisServo6updateEv @ 0x658630
LOITER: _ZN16AP_FETtecOneWire6updateEv @ 0x6588a0
LOITER: _ZN2AP6kdecanEv @ 0x658b90
LOITER: _ZN9AP_KDECAN6updateEv @ 0x658bd0
LOITER: _ZN11SRV_Channel8calc_pwmEf @ 0x659680
LOITER: _ZN9AP_KDECAN13get_singletonEv @ 0xabec80
LOITER: _ZN16AP_FETtecOneWire4initEv @ 0x65b340
LOITER: _ZN16AP_FETtecOneWire9init_uartEv @ 0x65c910
LOITER: _ZN12SRV_Channels13get_singletonEv @ 0xabf6e0
LOITER: _ZNK10AP_Mission21get_current_nav_indexEv @ 0xabfa70
LOITER: _ZNK7AP_AHRS13wind_estimateEv @ 0xabfaf0
LOITER: _ZN10AP_Terrain20height_above_terrainERfb @ 0x661600
LOITER: _ZNK10AP_Terrain6statusEv @ 0xabfb50
LOITER: _ZNK7AP_AHRS11groundspeedEv @ 0xabfc90
LOITER: _ZN7AP_Baro14get_climb_rateEv @ 0x661b10
LOITER: _ZN16DerivativeFilterIfLh7EE5slopeEv @ 0xabfd30
LOITER: _ZNK11RangeFinder15distance_orientE8Rotation @ 0x661b80
LOITER: _ZNK14AP_BattMonitor7voltageEv @ 0xac0800
LOITER: _Z14float_to_int16f @ 0x663590
LOITER: _ZNK7AP_AHRS11get_yaw_degEv @ 0xac0850
LOITER: _ZNK7AP_AHRS28get_relative_position_D_homeERf @ 0x663710
LOITER: _ZNK8Location9get_alt_mENS_8AltFrameERf @ 0x6638b0
LOITER: _ZNK7AP_AHRS11_get_originER8Location @ 0x663960
LOITER: _ZNK7AP_AHRS11_get_originENS_7EKFTypeER8Location @ 0x663a40
LOITER: _ZNK7NavEKF312getOriginLLHER8Location @ 0x663c50
LOITER: _ZN18AP_RCProtocol_CRSF6updateEv @ 0x666500
LOITER: _ZNK7AP_AHRS12get_roll_radEv @ 0xac1c70
LOITER: _ZNK7AP_AHRS13get_pitch_radEv @ 0xac1cc0
LOITER: _ZN19AP_RCProtocol_SRXL26updateEv @ 0x6700f0
LOITER: _ZNK14AP_BattMonitor15get_temperatureERfh @ 0x6731d0
LOITER: _ZN2AP3rtcEv @ 0x6732a0
LOITER: _ZNK6AP_RTC12get_utc_usecERm @ 0x6733c0
LOITER: _ZN6AP_RTC13get_singletonEv @ 0xac28d0
LOITER: _ZN2AP9esc_telemEv @ 0x673720
LOITER: _ZNK12AP_ESC_Telem7get_rpmEhRf @ 0x6738c0
LOITER: _ZL3MINIffEDTqultfp_fp0_fp_fp0_ERKT_RKT0_.10179 @ 0x673a60
LOITER: _ZNVK20AP_ESC_Telem_Backend13TelemetryData5staleEv @ 0x673b50
LOITER: _ZN12AP_ESC_Telem13get_singletonEv @ 0x673bd0
LOITER: _ZN17AP_RCProtocol_DSM6updateEv @ 0x6770e0
LOITER: _ZN7HALSITL9Scheduler5delayEt @ 0x6789d0
LOITER: _ZN7HALSITL9Scheduler18delay_microsecondsEt @ 0x678ac0
LOITER: _ZN6AP_HAL9Scheduler24delay_microseconds_boostEt @ 0xac30b0
LOITER: _ZN6AP_HAL9Scheduler9boost_endEv @ 0xac31c0
LOITER: _ZNK6AP_HAL9Scheduler17in_delay_callbackEv @ 0xac3210
LOITER: _ZN7HALSITL9Scheduler21is_system_initializedEv @ 0xac3270
LOITER: _ZN7HALSITL9Scheduler10stop_clockEm @ 0x679030
LOITER: _ZNK7HALSITL9Scheduler14in_main_threadEv @ 0x6790d0
LOITER: _ZN7HALSITL10SITL_State10wait_clockEm @ 0x679790
LOITER: _ZNK4SITL8Aircraft11get_speedupEv @ 0xac3420
LOITER: _ZNK7HALSITL9Scheduler28semaphore_wait_hack_requiredEv @ 0x679940
LOITER: _ZN7HALSITL10SITL_State15_fdm_input_stepEv @ 0x6799c0
LOITER: _ZN7HALSITL10SITL_State16_fdm_input_localEv @ 0x679b10
LOITER: _ZNK7HALSITL9Scheduler22interrupts_are_blockedEv @ 0xac3470
LOITER: _ZN7HALSITL9Scheduler17sitl_begin_atomicEv @ 0xac34d0
LOITER: _ZN7HALSITL9Scheduler11timer_eventEv @ 0xac3530
LOITER: _ZN7HALSITL9Scheduler15sitl_end_atomicEv @ 0x679cb0
LOITER: _ZN7HALSITL10SITL_State16_update_airspeedEf @ 0x679d50
LOITER: _ZN7HALSITL10SITL_State19_update_rangefinderEv @ 0x67a0c0
LOITER: _ZNK7HALSITL10SITL_State18_sonar_pin_voltageEv @ 0x67a120
LOITER: _ZN7AP_Baro24get_EAS2TAS_for_alt_amslEf @ 0x67a290
LOITER: _ZL2sqf.13649 @ 0x67a310
LOITER: _ZN7AP_Baro28get_air_density_for_alt_amslEf @ 0x67a360
LOITER: _ZL3MAXIffEDTqugtfp_fp0_fp_fp0_ERKT_RKT0_.2214 @ 0x67a530
LOITER: _ZN7HALSITL9Scheduler16_run_timer_procsEv @ 0x67a5b0
LOITER: _ZN7HALSITL10SITL_State17_simulator_servosER10sitl_input @ 0x67a6b0
LOITER: _ZN4SITL11JSON_Master7receiveER10sitl_input @ 0x67b340
LOITER: _ZN7HALSITL10SITL_State22multicast_servo_updateER10sitl_input @ 0x67b7e0
LOITER: _ZN4SITL8Aircraft11update_homeEv @ 0x67b8c0
LOITER: _ZN4SITL8Aircraft12update_modelERK10sitl_input @ 0x67ba20
LOITER: _ZN4SITL8Aircraft8fill_fdmERNS_8sitl_fdmE @ 0x67bac0
LOITER: _ZN7HALSITL8CANIface14num_interfacesEv @ 0xac3570
LOITER: _ZNK4SITL8Aircraft20get_position_relhomeEv @ 0x67c690
LOITER: _ZN4SITL11JSON_Master4sendERKNS_8sitl_fdmERK7Vector3IdE @ 0x67c750
LOITER: _ZN7HALSITL17SITL_State_Common10sim_updateEv @ 0x67c9f0
LOITER: _ZN7HALSITL10SITL_State14set_height_aglEv @ 0x67d240
LOITER: _ZNK4SITL8Aircraft12get_locationEv @ 0xac35b0
LOITER: _ZNK4SITL8Aircraft15get_velocity_efEv @ 0xac3600
LOITER: _ZN4SITL3GPS6updateEv @ 0x67e610
LOITER: _ZN4SITL12SerialDevice17init_sitl_pointerEv @ 0x67fd60
LOITER: _ZN4SITL3GPS24check_backend_allocationEv @ 0x67fdf0
LOITER: _ZN4SITL3GPS16interpolate_dataERKNS_8GPS_DataEj @ 0x680400
LOITER: _ZL3MAXIifEDTqugtfp_fp0_fp_fp0_ERKT_RKT0_.14372 @ 0x680d90
LOITER: _ZNK4SITL11GPS_Backend11device_baudEv @ 0xac3c20
LOITER: _ZN4SITL11GPS_Backend11update_readEv @ 0x680f10
LOITER: _ZNK4SITL11GPS_Backend18write_to_autopilotEPKcm @ 0x681260
LOITER: _ZNK4SITL11GPS_Backend19read_from_autopilotEPcm @ 0x6812e0
LOITER: _ZN4SITL11GPS_Backend8gps_timeEv @ 0x681d80
LOITER: _ZNK7Vector2IdE6lengthEv @ 0xac3e40
LOITER: _ZN4SITL11GPS_Backend18simulation_timevalEP7timeval @ 0x6826b0
LOITER: _ZN4SITL9GPS_UBlox7publishEPKNS_8GPS_DataE @ 0x685580
LOITER: _Z4normIddJdEEdT_T0_DpKT1_ @ 0xac44e0
LOITER: _ZL7degreesf.14460 @ 0x686050
LOITER: _ZN4SITL9GPS_UBlox8send_ubxEhPht @ 0x686580
LOITER: _ZL3MAXIiiEDTqugtfp_fp0_fp_fp0_ERKT_RKT0_.14461 @ 0x686750
LOITER: _ZNK7Vector3IfE6is_nanEv @ 0xac4560
LOITER: _ZN7Matrix3IfE6rotateERK7Vector3IfE @ 0xac4630
LOITER: _ZNK7Vector2IfE5angleEv @ 0xac47e0
LOITER: _ZN7Matrix3IfEpLERKS0_ @ 0xac4850
LOITER: _ZNK7Matrix3IfEplERKS0_ @ 0xac48e0
LOITER: _Z2sqIdJddEEdT_DpKT0_ @ 0xac4a00
LOITER: _ZNK11QuaternionTIfE8to_eulerERfS1_S1_ @ 0xac4aa0
LOITER: _ZNK7Vector2IdE5angleEv @ 0xac4b50
LOITER: _ZNK11QuaternionTIfE13get_euler_yawEv @ 0xac4bb0
LOITER: _ZNK7Vector3IdEplERKS0_ @ 0xac55b0
LOITER: _ZN7Vector3IdEpLERKS0_ @ 0xac5650
LOITER: _ZN7Matrix3IdEC2Ev @ 0xac56f0
LOITER: _ZNK7Matrix3IdEmlERK7Vector3IdE @ 0xac5930
LOITER: _ZNK11QuaternionTIfEmlERK7Vector3IfE @ 0xac5c30
LOITER: _ZNK7Vector3IdEmiERKS0_ @ 0xac6120
LOITER: _Z11wrap_360_cdf @ 0x690200
LOITER: _ZNK7Vector3IdE6lengthEv @ 0xac6280
LOITER: _ZN7Vector3IdE4zeroEv @ 0xac62e0
LOITER: _ZNK4SITL8Aircraft7get_dcmEv @ 0xac6420
LOITER: _ZNK7Matrix3IfE10transposedEv @ 0xac6470
LOITER: _ZN7Matrix3IfE9normalizeEv @ 0xac6640
LOITER: _ZNK8Location22get_distance_NE_doubleERKS_ @ 0x6937b0
LOITER: _ZN7Vector3IdE2xyEv @ 0xac6910
LOITER: _ZN7Vector2IdEpLERKS0_ @ 0xac6960
LOITER: _ZN4SITL8Aircraft14smooth_sensorsEv @ 0x693d10
LOITER: _ZL7degreesf.16169 @ 0x694700
LOITER: _ZNK7Matrix3IfE8to_eulerEPfS1_S1_ @ 0xac69e0
LOITER: _ZNK7AP_EnumI8RotationEcvKS0_Ev @ 0xac6b00
LOITER: _ZNK8HAL_SITL32get_uart_output_full_queue_countEv @ 0x6947d0
LOITER: _ZNK4SITL8Aircraft16get_wall_time_usEv @ 0x694910
LOITER: _ZNK7Vector3IdEdvEd @ 0xac6ce0
LOITER: _ZNK11QuaternionTIfEdvERKS0_ @ 0xac6d80
LOITER: _ZNK11QuaternionTIfE7is_zeroEv @ 0xac6fd0
LOITER: _ZN4SITL8Aircraft12time_advanceEv @ 0x694990
LOITER: _ZN4SITL8Aircraft15sync_frame_timeEv @ 0x694a30
LOITER: _ZN9AP_Logger14WriteStreamingEPKcS1_S1_S1_S1_z @ 0x694d30
LOITER: _ZL3MAXI9AP_ParamTIfL11ap_var_type4EEdEDTqugtfp_fp0_fp_fp0_ERKT_RKT0_.13490 @ 0x6950a0
LOITER: _Z21calc_lowpass_alpha_dtff @ 0x695140
LOITER: _ZL3MAXIfiEDTqugtfp_fp0_fp_fp0_ERKT_RKT0_.13491 @ 0x695270
LOITER: _ZNK4SITL16FETtecOneWireESC7enabledEv @ 0xac70a0
LOITER: _ZNK4SITL4Volz7enabledEv @ 0xac7110
LOITER: _ZN7HALSITL17SITL_State_Common22update_voltage_currentER10sitl_inputf @ 0x695540
LOITER: _ZNK4SITL8Aircraft22rangefinder_beam_widthEv @ 0xac9010
LOITER: _ZNK4SITL8Aircraft45perpendicular_distance_to_rangefinder_surfaceEv @ 0x698c90
LOITER: _ZNK4SITL8Aircraft9on_groundEv @ 0x698d80
LOITER: _ZNK4SITL8Aircraft4haglEv @ 0x698df0
LOITER: _ZNK4SITL8Aircraft24ground_height_differenceEv @ 0x698ec0
LOITER: _ZN4SITL8Aircraft15update_dynamicsERK7Vector3IfE @ 0x699730
LOITER: _ZN4SITL8Aircraft23update_external_payloadERK10sitl_input @ 0x69a7b0
LOITER: _ZN4SITL8Aircraft15update_positionEv @ 0x69ac40
LOITER: _ZN4SITL8Aircraft11update_windERK10sitl_input @ 0x69add0
LOITER: _ZN4SITL8Aircraft19update_mag_field_bfEv @ 0x69b260
LOITER: _ZNK8Location23get_distance_NED_doubleERKS_ @ 0x69b650
LOITER: _ZN4SITL8Aircraft17get_local_updraftERK7Vector3IdE @ 0x69b770
LOITER: _ZN7Vector2IdEmIERKS0_ @ 0xac9060
LOITER: _ZNK4SITL7Sprayer10is_enabledEv @ 0xac90f0
LOITER: _ZN4SITL3I2C6updateERKNS_8AircraftE @ 0x69c030
LOITER: _ZNK4SITL6Buzzer10is_enabledEv @ 0xac91a0
LOITER: _ZNK4SITL13Gripper_Servo10is_enabledEv @ 0xac9200
LOITER: _ZNK4SITL11Gripper_EPM10is_enabledEv @ 0xac92c0
LOITER: _ZNK4SITL9Parachute10is_enabledEv @ 0xac9370
LOITER: _ZNK4SITL12SIM_Precland10is_enabledEv @ 0xac93d0
LOITER: _ZN4SITL7ShipSim6updateEv @ 0x69d000
LOITER: _ZNK4SITL7ShipSim12get_locationER8Location @ 0x69d960
LOITER: _ZN7Vector2IfEpLERKS0_ @ 0xac9510
LOITER: _ZNK10DigitalLPFIfE3getEv @ 0xac96a0
LOITER: _ZN8Location16change_alt_frameENS_8AltFrameE @ 0x6a2780
LOITER: _ZNK7Vector3IdE14length_squaredEv @ 0xacb480
LOITER: _ZNK7Vector3IdEmlERKS0_ @ 0xacb5f0
LOITER: _ZNK7AP_AHRS11get_EAS2TASEv @ 0x6a3060
LOITER: _ZL2sqf.16184 @ 0x6a30f0
LOITER: _ZN4SITL8Aircraft19update_eas_airspeedEv @ 0x6a3140
LOITER: _ZN4SITL7ShipSim27get_ground_speed_adjustmentERK8LocationRf @ 0x6a32d0
LOITER: _ZN4SITL15SlungPayloadSim6updateERK7Vector3IdERKS1_IfES7_S7_ @ 0x6a35f0
LOITER: _ZN4SITL9TetherSim6updateERK8Location @ 0x6a3780
LOITER: _ZN4SITL8Aircraft17adjust_frame_timeEf @ 0x6a38f0
LOITER: _ZNK7Vector3IdE7is_zeroEv @ 0xacb7a0
LOITER: _ZN7Vector3IfE2xyEv @ 0xacb850
LOITER: _ZN7Vector2IfE4zeroEv @ 0xacb8a0
LOITER: _ZN7Vector3IfEmIERKS0_ @ 0xacb900
LOITER: _ZNK7Vector3IfE14length_squaredEv @ 0xacb9a0
LOITER: _ZNK7Vector3IfE9projectedERKS0_ @ 0xacba70
LOITER: _ZL7radiansi.16189 @ 0x6a6880
LOITER: _ZNK9AP_ParamTIfL11ap_var_type4EEplERKS1_ @ 0xacbbb0
LOITER: _ZN13LowPassFilterIfE20set_cutoff_frequencyERKf @ 0xacc2d0
LOITER: _ZN13LowPassFilterIfE5applyERKfS2_ @ 0xacc340
LOITER: _Z11is_positived @ 0xacca50
LOITER: _ZN4SITL8Aircraft16add_shove_forcesER7Vector3IfES3_ @ 0x6b5280
LOITER: _ZN7Vector3IfEmLERKS0_ @ 0xacd190
LOITER: _ZN7Vector3IfE9normalizeEv @ 0xacd230
LOITER: _ZN7Vector3IdEmIERKS0_ @ 0xad74b0
LOITER: _ZL7radiansd.16474 @ 0x6c76c0
LOITER: _ZNK4SITL5Frame15get_air_densityEf @ 0x6d0740
LOITER: _ZL2sqf.21180 @ 0x6d07a0
LOITER: _ZN4SITL11MultiCopter6updateERK10sitl_input @ 0x6d0ff0
LOITER: _ZN4SITL11MultiCopter16calculate_forcesERK10sitl_inputR7Vector3IfES6_ @ 0x6d1150
LOITER: _ZN4SITL8Aircraft5Clamp7clampedERS0_RK10sitl_input @ 0x6d1270
LOITER: _ZN4SITL5Frame19current_and_voltageERfS1_ @ 0x6d1480
LOITER: _ZN4SITL7Battery11set_currentEf @ 0x6d15c0
LOITER: _ZL3MAXIifEDTqugtfp_fp0_fp_fp0_ERKT_RKT0_.21086 @ 0x6d1850
LOITER: _ZNK4SITL7Battery11get_voltageEv @ 0x6d1ae0
LOITER: _ZNK4SITL5Motor11get_currentEv @ 0x6d1b40
LOITER: _ZN10DigitalLPFIfE5resetERKf @ 0xad7a90
LOITER: _ZN4SITL5Frame16calculate_forcesERKNS_8AircraftERK10sitl_inputR7Vector3IfES9_Pfb @ 0x6d1d20
LOITER: _ZN4SITL8Aircraft16add_twist_forcesER7Vector3IfE @ 0x6d2410
LOITER: _ZN4SITL8Aircraft19add_external_forcesER7Vector3IfE @ 0x6d2650
LOITER: _ZNK4SITL15SlungPayloadSim21get_forces_on_vehicleER7Vector3IfE @ 0x6d2840
LOITER: _ZNK4SITL9TetherSim21get_forces_on_vehicleER7Vector3IfE @ 0x6d28e0
LOITER: _ZNK4SITL8Aircraft8get_gyroEv @ 0xad7b00
LOITER: _ZNK4SITL8Aircraft19get_velocity_air_efEv @ 0xad7b50
LOITER: _ZN4SITL5Motor16calculate_forcesERK10sitl_inputhR7Vector3IfES6_RKS5_S8_ffb @ 0x6d2980
LOITER: _ZL7radiansd.21190 @ 0x6d35c0
LOITER: _ZNK4SITL8Aircraft10gross_massEv @ 0xad7bf0
LOITER: _ZNK4SITL5Motor14pwm_to_commandEf @ 0x6d3610
LOITER: _ZL3MAXIifEDTqugtfp_fp0_fp_fp0_ERKT_RKT0_.21285 @ 0x6d36e0
LOITER: _ZNK4SITL5Motor11calc_thrustEffff @ 0x6d3770
LOITER: _ZL3MAXIfdEDTqugtfp_fp0_fp_fp0_ERKT_RKT0_.21287 @ 0x6d3ae0
LOITER: _ZL2sqf.21288 @ 0x6d3b80
LOITER: _ZN7HALSITL7Storage11_timer_tickEv @ 0x6da190
LOITER: _ZNK7BitmaskILt2048EE5emptyEv @ 0xad8c20
LOITER: _ZNK7NavEKF317option_is_enabledENS_6OptionE @ 0xada7e0
LOITER: _ZNK6AP_DAL6millisEv @ 0xada860
LOITER: _ZNK12NavEKF3_core10errorScoreEv @ 0x6e7890
LOITER: _ZNK12NavEKF3_core16have_aligned_yawEv @ 0xada8b0
LOITER: _ZNK12NavEKF3_core17have_aligned_tiltEv @ 0xada910
LOITER: _ZNK12NavEKF3_core19getLastPosDownResetERf @ 0x6e8070
LOITER: _ZNK12NavEKF3_core24getLastPosNorthEastResetER7Vector2IfE @ 0x6e80e0
LOITER: _ZNK7Vector2IdEmiERKS0_ @ 0xada970
LOITER: _ZNK12NavEKF3_core20getLastYawResetAngleERf @ 0x6e8170
LOITER: _ZNK12NavEKF3_core14getEulerAnglesER7Vector3IfE @ 0x6e81e0
LOITER: _ZNK11QuaternionTIdE8to_eulerER7Vector3IfE @ 0xadaa00
LOITER: _ZNK6AP_DAL8get_trimEv @ 0xadaa80
LOITER: _ZNK11QuaternionTIdE8to_eulerERfS1_S1_ @ 0xadaae0
LOITER: _ZNK11QuaternionTIdE14get_euler_rollEv @ 0xadaba0
LOITER: _ZNK11QuaternionTIdE15get_euler_pitchEv @ 0xadac50
LOITER: _ZNK11QuaternionTIdE13get_euler_yawEv @ 0xadacd0
LOITER: _Z9safe_asinIdEfT_ @ 0xadad80
LOITER: _ZL3MAXIfdEDTqugtfp_fp0_fp_fp0_ERKT_RKT0_.4771 @ 0x6e82a0
LOITER: _ZNK12NavEKF3_core20assume_zero_sideslipEv @ 0x6e8340
LOITER: _ZN6AP_DAL8airspeedEv @ 0xadae60
LOITER: _ZNK6AP_DAL15get_fly_forwardEv @ 0xadaf00
LOITER: _ZN19RestrictIDTypeArrayIP17CompassCalibratorLj3E14typesafe_indexIh12TAG_PriorityEEixERKS4_ @ 0xadb080
LOITER: _ZNK6AP_GPS15time_epoch_usecEv @ 0xadb990
LOITER: _ZNK6AP_GPS9time_weekEh @ 0xadbb00
LOITER: _ZNK6AP_GPS12time_week_msEh @ 0xadbb70
LOITER: _ZN3GCS12send_messageE10ap_message @ 0x6f2a30
LOITER: _ZNK6AP_GPS15time_epoch_usecEh @ 0x6f2ae0
LOITER: _ZNK14AP_GPS_Backend16get_last_itow_msEv @ 0x6f2c50
LOITER: _ZN6AP_GPS23istate_time_to_epoch_msEtj @ 0x6f2d10
LOITER: _ZN11SRV_Channel14set_output_pwmEtb @ 0x6f3610
LOITER: _ZN10AC_Sprayer3runEb @ 0x6f3700
LOITER: _ZN7AP_ADSB13check_startupEv @ 0x6f4880
LOITER: _ZNK7Vector2IfE6is_nanEv @ 0xadca40
LOITER: _ZN2AP8ac_avoidEv @ 0x701280
LOITER: _ZN8AC_Avoid13get_singletonEv @ 0xadd580
LOITER: _ZNK10AP_Gripper7enabledEv @ 0xadd630
LOITER: _ZN10AP_Vehicle13update_armingEv @ 0x701820
LOITER: _ZN7FunctorIvJEE14method_wrapperI10AP_VehicleXadL_ZNS2_13update_armingEvEEEEvPv @ 0xade650
LOITER: _ZN9AP_Arming6updateEv @ 0x701870
LOITER: _ZN8AP_Stats6updateEv @ 0x701960
LOITER: _ZN7FunctorIvJEE14method_wrapperI8AP_StatsXadL_ZNS2_6updateEvEEEEvPv @ 0xade700
LOITER: _ZN10AP_Filters6updateEv @ 0x701bd0
LOITER: _ZN7FunctorIvJEE14method_wrapperI10AP_FiltersXadL_ZNS2_6updateEvEEEEvPv @ 0xade7b0
LOITER: _ZN10AP_Vehicle17check_motor_noiseEv @ 0x702d10
LOITER: _ZN7FunctorIvJEE14method_wrapperI10AP_VehicleXadL_ZNS2_17check_motor_noiseEvEEEEvPv @ 0xadf060
LOITER: _ZNK10AP_GyroFFT15check_esc_noiseEv @ 0xadf110
LOITER: _ZNK17NotchFilterParams7enabledEv @ 0xadf340
LOITER: _ZN10AP_Vehicle13one_Hz_updateEv @ 0x7033f0
LOITER: _ZN7FunctorIvJEE14method_wrapperI10AP_VehicleXadL_ZNS2_13one_Hz_updateEvEEEEvPv @ 0xadf390
LOITER: _ZN12AP_Scripting6updateEv @ 0x7034d0
LOITER: _ZN16AP_SerialManager20registered_ports_logEv @ 0x703520
LOITER: _ZN12AP_Scripting13save_checksumEv @ 0x703600
LOITER: _ZN10AP_Gripper6updateEv @ 0x703700
LOITER: _ZN7FunctorIvJEE14method_wrapperI10AP_GripperXadL_ZNS2_6updateEvEEEEvPv @ 0xadf4d0
LOITER: _ZN6AP_EFI6updateEv @ 0x703870
LOITER: _ZN7FunctorIvJEE14method_wrapperI6AP_EFIXadL_ZNS2_6updateEvEEEEvPv @ 0xadf580
LOITER: _ZN6AP_AIS6updateEv @ 0x703cf0
LOITER: _ZN7FunctorIvJEE14method_wrapperI6AP_AISXadL_ZNS2_6updateEvEEEEvPv @ 0xadf630
LOITER: _ZN8AC_Fence6updateEv @ 0x703d40
LOITER: _ZN7FunctorIvJEE14method_wrapperI8AC_FenceXadL_ZNS2_6updateEvEEEEvPv @ 0xadf6e0
LOITER: _ZN19AC_PolyFence_loader6updateEv @ 0x703e70
LOITER: _ZN19AC_PolyFence_loader17load_from_storageEv @ 0x703f60
LOITER: _ZN10AP_Vehicle16accel_cal_updateEv @ 0x7053c0
LOITER: _ZN7FunctorIvJEE14method_wrapperI10AP_VehicleXadL_ZNS2_16accel_cal_updateEvEEEEvPv @ 0xadf8c0
LOITER: _ZN20AP_TemperatureSensor6updateEv @ 0x706b60
LOITER: _ZN7FunctorIvJEE14method_wrapperI20AP_TemperatureSensorXadL_ZNS2_6updateEvEEEEvPv @ 0xadf9c0
LOITER: _ZN10AP_Vehicle16publish_osd_infoEv @ 0x706e20
LOITER: _ZN7FunctorIvJEE14method_wrapperI10AP_VehicleXadL_ZNS2_16publish_osd_infoEvEEEEvPv @ 0xadfb10
LOITER: _ZN6AP_OSD12set_nav_infoERNS_7NavInfoE @ 0x706f40
LOITER: _ZN6AP_RPM6updateEv @ 0x706fb0
LOITER: _ZN7FunctorIvJEE14method_wrapperI6AP_RPMXadL_ZNS2_6updateEvEEEEvPv @ 0xadfbc0
LOITER: _ZNK6AP_RPM7Log_RPMEv @ 0x707190
LOITER: _ZNK6AP_RPM7enabledEh @ 0x7072b0
LOITER: _ZN14AP_OpenDroneID6updateEv @ 0x707360
LOITER: _ZN7FunctorIvJEE14method_wrapperI14AP_OpenDroneIDXadL_ZNS2_6updateEvEEEEvPv @ 0xadfce0
LOITER: _ZNK6AP_GPS8velocityEv @ 0xae1580
LOITER: _ZNK7AP_AHRS18groundspeed_vectorEv @ 0xae1660
LOITER: _ZNK6AP_GPS19horizontal_accuracyERf @ 0xae1740
LOITER: _ZNK6AP_GPS17vertical_accuracyERf @ 0xae17c0
LOITER: _ZNK6AP_GPS14speed_accuracyERf @ 0xae1840
LOITER: _ZNK6AP_GPS14speed_accuracyEhRf @ 0x70c050
LOITER: _ZNK6AP_GPS17vertical_accuracyEhRf @ 0x70c120
LOITER: _ZNK6AP_GPS19horizontal_accuracyEhRf @ 0x70c1f0
LOITER: _ZNK6AP_GPS14get_undulationEhRf @ 0x70c2c0
LOITER: _ZNK6AP_GPS8velocityEh @ 0xae18c0
LOITER: _ZN12AP_Generator6updateEv @ 0x70c390
LOITER: _ZN7FunctorIvJEE14method_wrapperI12AP_GeneratorXadL_ZNS2_6updateEvEEEEvPv @ 0xae1990
LOITER: _ZN14AP_Servo_Telem6updateEv @ 0x70c400
LOITER: _ZN7FunctorIvJEE14method_wrapperI14AP_Servo_TelemXadL_ZNS2_6updateEvEEEEvPv @ 0xae1a40
LOITER: _ZN14AP_Servo_Telem9write_logEv @ 0x70c450
LOITER: _ZN12AP_ESC_Telem6updateEv @ 0x70c900
LOITER: _ZN7FunctorIvJEE14method_wrapperI12AP_ESC_TelemXadL_ZNS2_6updateEvEEEEvPv @ 0xae1af0
LOITER: _ZNK12AP_ESC_Telem11get_raw_rpmEhRf @ 0x70cd40
LOITER: _ZN6AP_HAL15timeout_expiredIjjmEEbT_T0_T1_ @ 0xae1ba0
LOITER: _ZN10AP_Vehicle30send_watchdog_reset_statustextEv @ 0x70ce10
LOITER: _ZN7FunctorIvJEE14method_wrapperI10AP_VehicleXadL_ZNS2_30send_watchdog_reset_statustextEvEEEEvPv @ 0xae1c20
LOITER: _ZN8AP_Tramp6updateEv @ 0x70cf70
LOITER: _ZN7FunctorIvJEE14method_wrapperI8AP_TrampXadL_ZNS2_6updateEvEEEEvPv @ 0xae1cd0
LOITER: _ZN10AP_VideoTX6updateEv @ 0x70df50
LOITER: _ZN7FunctorIvJEE14method_wrapperI10AP_VideoTXXadL_ZNS2_6updateEvEEEEvPv @ 0xae1f00
LOITER: _ZN10AP_GyroFFT17update_parametersEv @ 0xae1fb0
LOITER: _ZN7FunctorIvJEE14method_wrapperI10AP_GyroFFTXadL_ZNS2_17update_parametersEvEEEEvPv @ 0xae2000
LOITER: _ZN10AP_GyroFFT17update_parametersEb @ 0x70e180
LOITER: _ZN10AP_GyroFFT6updateEv @ 0x70e520
LOITER: _ZN7FunctorIvJEE14method_wrapperI10AP_GyroFFTXadL_ZNS2_6updateEvEEEEvPv @ 0xae20b0
LOITER: _ZN14AP_NMEA_Output6updateEv @ 0x70e6b0
LOITER: _ZN7FunctorIvJEE14method_wrapperI14AP_NMEA_OutputXadL_ZNS2_6updateEvEEEEvPv @ 0xae2160
LOITER: _ZN7FunctorIvJEE14method_wrapperI9AP_NotifyXadL_ZNS2_6updateEvEEEEvPv @ 0xae2210
LOITER: _ZN7Compass10cal_updateEv @ 0x70f720
LOITER: _ZN7FunctorIvJEE14method_wrapperI7CompassXadL_ZNS2_10cal_updateEvEEEEvPv @ 0xae22c0
LOITER: _ZN11AP_Airspeed6updateEv @ 0x710090
LOITER: _ZN7FunctorIvJEE14method_wrapperI11AP_AirspeedXadL_ZNS2_6updateEvEEEEvPv @ 0xae23d0
LOITER: _ZNK11AP_Airspeed11get_primaryEv @ 0xae2560
LOITER: _ZN10AP_GyroFFT12sample_gyrosEv @ 0x712340
LOITER: _ZN7FunctorIvJEE14method_wrapperI10AP_GyroFFTXadL_ZNS2_12sample_gyrosEvEEEEvPv @ 0xae25b0
LOITER: _ZN10AP_Vehicle4loopEv @ 0x712c30
LOITER: _ZN12AP_Scheduler4loopEv @ 0x712ed0
LOITER: _ZN12AP_Scheduler17get_loop_period_sEv @ 0xae57d0
LOITER: _ZN17AP_InertialSensor15wait_for_sampleEv @ 0x713470
LOITER: _ZN12AP_Scheduler4tickEv @ 0x7139b0
LOITER: _ZN12AP_Scheduler3runEj @ 0x713a10
LOITER: _ZN2AP8PerfInfo15check_loop_timeEj @ 0x713fc0
LOITER: _ZL15fill_nanf_stackv @ 0x714150
LOITER: _ZN2AP8PerfInfo16update_task_infoEhtb @ 0x7141a0
LOITER: _ZNK7AP_AHRS24_get_primary_accel_indexEv @ 0x71ab00
LOITER: _ZNK7AP_AHRS22_get_primary_IMU_indexEv @ 0x71ab50
LOITER: _ZNK7NavEKF322getPrimaryCoreIMUIndexEv @ 0x71acb0
LOITER: _ZNK17AP_InertialSensor21get_first_usable_gyroEv @ 0xae5c40
LOITER: _ZNK12NavEKF3_core11getIMUIndexEv @ 0xae5c90
LOITER: _ZNK14AP_BattMonitor17has_cell_voltagesEh @ 0x71ade0
LOITER: _ZN2AP3EFIEv @ 0x71b630
LOITER: _ZN6AP_EFI13get_singletonEv @ 0xae6620
LOITER: _ZN7FunctorIvJEE14method_wrapperI10AP_VehicleXadL_ZNS2_18fence_checks_asyncEvEEEEvPv @ 0xae6fc0
LOITER: _ZN13AP_Filesystem5writeEiPKvj @ 0x71c3a0
LOITER: _ZL3MAXIjjEDTqugtfp_fp0_fp_fp0_ERKT_RKT0_.4719 @ 0x72a9f0
LOITER: _ZN15ekf_ring_buffer4pushEPKv @ 0x72aa70
LOITER: _ZNK15ekf_ring_buffer10get_offsetEh @ 0x72ab70
LOITER: _ZL7radiansf.4725 @ 0x72bf10
LOITER: _ZN11QuaternionTIdEC2Edddd @ 0xaebdf0
LOITER: _ZN11QuaternionTIfEmLERKS0_ @ 0xaebea0
LOITER: _ZNK7AP_AHRS8get_gyroEv @ 0xaef5b0
LOITER: _ZNK7AP_AHRS17airspeed_estimateERf @ 0x759930
LOITER: _ZNK17AP_InertialSensor20get_vibration_levelsEv @ 0xaef610
LOITER: _ZNK17AP_InertialSensor20get_vibration_levelsEh @ 0x759a30
LOITER: _ZNK10DigitalLPFI7Vector3IfEE3getEv @ 0xaef690
LOITER: _ZNK11QuaternionTIdE7is_zeroEv @ 0xaef740
LOITER: _ZN12NavEKF3_core18getEarthFieldTableERK8Location @ 0x75b100
LOITER: _ZN14AP_Declination15get_declinationEff @ 0x75b200
LOITER: _ZNK12NavEKF3_core14MagDeclinationEv @ 0x75b290
LOITER: _ZN12NavEKF3_core8zeroRowsERA24_A24_dhh @ 0x75b370
LOITER: _ZN12NavEKF3_core8zeroColsERA24_A24_dhh @ 0x75b430
LOITER: _ZN12NavEKF3_core15FuseDeclinationEd @ 0x75b4f0
LOITER: _ZN18NavEKF_core_common10zero_rangeEPdhh @ 0xaef8e0
LOITER: _ZN12NavEKF3_core13ForceSymmetryEv @ 0x75c550
LOITER: _ZN12NavEKF3_core18ConstrainVariancesEv @ 0x75c6a0
LOITER: _ZN11QuaternionTIdE9normalizeEv @ 0xaef970
LOITER: _ZNK11QuaternionTIdE6lengthEv @ 0xaefa50
LOITER: _Z20constrain_value_lineIdET_S0_S0_S0_j @ 0xaefb10
LOITER: _ZNK9AP_ParamTIfL11ap_var_type4EEcvdEv @ 0xaefc90
LOITER: _ZL7radiansf.4927 @ 0x75d110
LOITER: _ZL2sqf.4850 @ 0x75dc30
LOITER: _ZNK8Location21get_distance_NE_ftypeERKS_ @ 0x75dd80
LOITER: _ZN16EKF_IMU_buffer_tIN12NavEKF3_core15output_elementsEEixEj @ 0xaefdb0
LOITER: _ZNK14ekf_imu_buffer3getEh @ 0x75e030
LOITER: _ZNK14ekf_imu_buffer10get_offsetEh @ 0x75e090
LOITER: _ZNK14AP_BattMonitor24voltage_resting_estimateEh @ 0x75fb80
LOITER: _ZNK14AP_BattMonitor11consumed_whERfh @ 0x75fc30
LOITER: _ZNK6AP_GPS8get_vdopEh @ 0xaeff10
LOITER: _ZNK6AP_GPS16last_fix_time_msEh @ 0xaeff80
LOITER: _ZNK6AP_GPS20last_message_time_msEh @ 0xaefff0
LOITER: _ZNK6AP_GPS22have_vertical_velocityEh @ 0xaf0060
LOITER: _ZNK6AP_GPS18get_antenna_offsetEh @ 0x761da0
LOITER: _ZNK14AP_GPS_Blended18get_antenna_offsetEv @ 0xaf00e0
LOITER: _ZNK6AP_GPS11gps_yaw_degEhRfS0_Rj @ 0x761e70
LOITER: _ZNK6AP_GPS11is_rtk_baseEh @ 0x762060
LOITER: _ZNK6AP_GPS12have_gps_yawEh @ 0xaf0130
LOITER: _ZNK12AP_Proximity10get_statusEv @ 0x762da0
LOITER: _ZNK12AP_Proximity11num_sensorsEv @ 0xaf01d0
LOITER: _ZNK11RangeFinder13status_orientE8Rotation @ 0x763e80
LOITER: _ZNK10AP_Vehicle18get_time_flying_msEv @ 0xaf06e0
LOITER: _ZN12SRV_Channels23get_output_channel_maskEN11SRV_Channel8FunctionE @ 0x7697e0
LOITER: _ZN12SRV_Channels14set_output_pwmEN11SRV_Channel8FunctionEt @ 0x76a510
LOITER: _ZN11SRV_Channel9output_chEv @ 0x76a600
LOITER: _ZNK10RC_Channel13norm_input_dzEv @ 0x76a960
LOITER: _ZN11SRV_Channel12set_overrideEb @ 0xaf08e0
LOITER: _ZN12SRV_Channels17set_output_scaledEN11SRV_Channel8FunctionEf @ 0x76af20
LOITER: _ZNK10AP_Mission5stateEv @ 0xaf0ca0
LOITER: _ZN19AP_ServoRelayEvents13update_eventsEv @ 0x773f30
LOITER: _ZNK9AP_Motors16get_thrust_boostEv @ 0xaf16b0
LOITER: _ZNK20AP_MotorsMulticopter18get_pwm_output_minEv @ 0xaf1910
LOITER: _ZNK20AP_MotorsMulticopter18get_pwm_output_maxEv @ 0xaf1970
LOITER: _ZNK9AP_Motors13get_interlockEv @ 0xaf1f20
LOITER: _ZNK9AP_Motors8get_rollEv @ 0xaf1fd0
LOITER: _ZNK9AP_Motors11get_roll_ffEv @ 0xaf2020
LOITER: _ZNK9AP_Motors9get_pitchEv @ 0xaf2070
LOITER: _ZNK9AP_Motors12get_pitch_ffEv @ 0xaf20c0
LOITER: _ZNK9AP_Motors7get_yawEv @ 0xaf2110
LOITER: _ZNK9AP_Motors10get_yaw_ffEv @ 0xaf2160
LOITER: _ZNK9AP_Motors12get_throttleEv @ 0xaf21b0
LOITER: _ZNK9AP_Motors15get_spool_stateEv @ 0xaf22c0
LOITER: _ZNK9AP_Follow11have_targetEv @ 0x77a9b0
LOITER: _ZN9AP_Follow13get_singletonEv @ 0xaf2310
LOITER: _ZN11AC_PrecLand13get_singletonEv @ 0xaf2400
LOITER: _ZNK6AC_PID12get_pid_infoEv @ 0xaf2490
LOITER: _ZNK18AC_AttitudeControl23get_att_error_angle_degEv @ 0xaf2520
LOITER: _ZL7degreesf.1032 @ 0x77b810
LOITER: _ZNK13AC_PosControl12is_active_NEEv @ 0x77c180
LOITER: _ZNK13AC_PosControl11is_active_UEv @ 0x77c200
LOITER: _ZNK12AP_Scheduler7ticks32Ev @ 0xaf25c0
LOITER: _ZN12AP_Scripting19is_handling_commandEt @ 0x780c20
LOITER: _ZNK10RC_Channel10norm_inputEv @ 0x7a12b0
LOITER: _ZNK7Vector3IfE6is_infEv @ 0xaf3200
LOITER: _ZN7Vector2IfE9normalizeEv @ 0xaf3530
LOITER: _ZN7Vector2IfEdVEf @ 0xaf3590
LOITER: _ZNK7Vector2IfE6is_infEv @ 0xaf3610
LOITER: _ZN11QuaternionTIfE15from_axis_angleERK7Vector3IfEf @ 0xaf37b0
LOITER: _ZL3MAXIjjEDTqugtfp_fp0_fp_fp0_ERKT_RKT0_.6253 @ 0x7b3860
LOITER: _ZN9AP_Logger19file_content_updateEv @ 0x7b3a60
LOITER: _ZN9AP_Logger19file_content_updateERNS_11FileContentE @ 0x7b3bc0
LOITER: _ZN17AP_Logger_Backend14periodic_tasksEv @ 0x7b6420
LOITER: _ZN17AP_Logger_Backend24WriteMoreStartupMessagesEv @ 0x7b68f0
LOITER: _ZNK17AP_Logger_Backend15logging_enabledEv @ 0x7b8910
LOITER: _ZN17AP_Logger_Backend13periodic_10HzEj @ 0x7b8a40
LOITER: _ZN17AP_Logger_Backend12periodic_1HzEv @ 0x7b8a90
LOITER: _ZN17AP_Logger_Backend15push_log_blocksEv @ 0x7b8b20
LOITER: _ZN17AP_Logger_Backend12df_stats_logEv @ 0x7b8b80
LOITER: _ZN17AP_Logger_Backend26Write_AP_Logger_Stats_FileERKNS_8df_statsE @ 0x7b8bf0
LOITER: _ZN17AP_Logger_Backend14df_stats_clearEv @ 0x7b8d00
LOITER: _ZNK17AP_Logger_Backend31critical_message_reserved_spaceEj @ 0xaf56e0
LOITER: _ZN17AP_Logger_Backend15df_stats_gatherEtj @ 0x7bb1d0
LOITER: _ZNK14AP_Logger_File15logging_startedEv @ 0xaf5b70
LOITER: _ZN14AP_Logger_File21bufferspace_availableEv @ 0x7bded0
LOITER: _ZNK14AP_Logger_File14logging_failedEv @ 0x7be4e0
LOITER: _ZN14AP_Logger_File8io_timerEv @ 0x7be5a0
LOITER: _ZN14AP_Logger_File12periodic_1HzEv @ 0x7beb70
LOITER: _ZN14AP_Logger_File17periodic_fullrateEv @ 0x7bee20
LOITER: _ZNK14AP_Logger_File8WritesOKEv @ 0x7bee70
LOITER: _ZNK14AP_Logger_File13StartNewLogOKEv @ 0x7bef00
LOITER: _ZN14AP_Logger_File22_WritePrioritisedBlockEPKvtb @ 0x7bf0b0
LOITER: _ZN7AP_AHRS6updateEb @ 0x7bf320
LOITER: _ZN7AP_AHRS18update_orientationEv @ 0x7bf660
LOITER: _ZN17AP_InertialSensor6updateEv @ 0x7bf760
LOITER: _ZN7AP_AHRS29update_trim_rotation_matricesEv @ 0x7bfdd0
LOITER: _ZN7AP_AHRS10update_DCMEv @ 0x7bfee0
LOITER: _ZN7AP_AHRS12update_flagsEv @ 0x7bff80
LOITER: _ZN7AP_AHRS11update_SITLEv @ 0x7c0040
LOITER: _ZN7AP_AHRS15update_externalEv @ 0x7c00f0
LOITER: _ZN7AP_AHRS11update_EKF2Ev @ 0x7c0210
LOITER: _ZN7AP_AHRS11update_EKF3Ev @ 0x7c0700
LOITER: _ZNK7AP_AHRS14get_gyro_driftEv @ 0xaf5bd0
LOITER: _ZN12AP_AHRS_View6updateEv @ 0x7c0c40
LOITER: _ZN7AP_AHRS14update_AOA_SSAEv @ 0x7c0ef0
LOITER: _ZNK7AP_AHRS16_active_EKF_typeEv @ 0x7c0f40
LOITER: _ZN7AP_AHRS12update_stateEv @ 0x7c1470
LOITER: _ZNK7AP_AHRS23_get_primary_gyro_indexEv @ 0x7c1710
LOITER: _ZNK7AP_AHRS23_get_primary_core_indexEv @ 0x7c17c0
LOITER: _ZNK7AP_AHRS14_wind_estimateER7Vector3IfE @ 0x7c1890
LOITER: _ZN15AP_AHRS_Backend11get_EAS2TASEv @ 0x7c19c0
LOITER: _ZNK7AP_AHRS13_airspeed_EASERfRNS_20AirspeedEstimateTypeE @ 0x7c1a00
LOITER: _ZNK7AP_AHRS13_airspeed_TASERf @ 0x7c1f80
LOITER: _ZNK7AP_AHRS13_airspeed_TASER7Vector3IfE @ 0x7c2090
LOITER: _ZNK7AP_AHRS15_get_quaternionER11QuaternionTIfE @ 0x7c2170
LOITER: _ZNK7AP_AHRS23_get_secondary_attitudeER7Vector3IfE @ 0x7c2330
LOITER: _ZNK7AP_AHRS25_get_secondary_quaternionER11QuaternionTIfE @ 0x7c2530
LOITER: _ZNK7AP_AHRS13_get_locationER8Location @ 0x7c26e0
LOITER: _ZNK7AP_AHRS23_get_secondary_positionER8Location @ 0x7c2860
LOITER: _ZN7AP_AHRS19_groundspeed_vectorEv @ 0x7c29b0
LOITER: _ZN7AP_AHRS12_groundspeedEv @ 0x7c2ae0
LOITER: _ZNK7AP_AHRS29_getCorrectedDeltaVelocityNEDER7Vector3IfERf @ 0x7c2bb0
LOITER: _ZNK7AP_AHRS17_get_velocity_NEDER7Vector3IfE @ 0x7c2e40
LOITER: _ZNK7NavEKF39getVelNEDER7Vector3IfE @ 0x7c3000
LOITER: _ZNK12NavEKF3_core9getVelNEDER7Vector3IfE @ 0x7c3330
LOITER: _ZNK7NavEKF312getAccelBiasEaR7Vector3IfE @ 0x7c3520
LOITER: _ZNK17AP_InertialSensor18get_delta_velocityEhR7Vector3IfERf @ 0x7c35f0
LOITER: _ZNK7AP_AHRS43get_rotation_autopilot_body_to_vehicle_bodyEv @ 0xaf5cc0
LOITER: _ZNK17AP_InertialSensor14get_delta_timeEv @ 0xaf5d10
LOITER: _ZL3MINIffEDTqultfp_fp0_fp_fp0_ERKT_RKT0_.3694 @ 0x7c37a0
LOITER: _ZL3MINIffEDTqultfp_fp0_fp_fp0_ERKT_RKT0_.2119 @ 0x7c3830
LOITER: _ZNK12NavEKF3_core12getAccelBiasER7Vector3IfE @ 0x7c38c0
LOITER: _ZL7radiansf.2107 @ 0x7c3fb0
LOITER: _ZN7Vector2IfEmLEf @ 0xaf5e80
LOITER: _ZNK7AP_AHRS23_get_secondary_EKF_typeERNS_7EKFTypeE @ 0x7c4000
LOITER: _ZNK7NavEKF36getLLHER8Location @ 0x7c41f0
LOITER: _ZNK12NavEKF3_core6getLLHER8Location @ 0x7c4290
LOITER: _ZNK7AP_AHRS24fallback_active_EKF_typeEv @ 0x7c4860
LOITER: _ZNK11AP_AHRS_DCM14get_quaternionER11QuaternionTIfE @ 0x7c48b0
LOITER: _ZNK7NavEKF313getQuaternionER11QuaternionTIfE @ 0x7c49b0
LOITER: _ZN11QuaternionTIfE6rotateERK7Vector3IfE @ 0xaf5ff0
LOITER: _ZN11QuaternionTIfE15from_axis_angleE7Vector3IfE @ 0xaf60a0
LOITER: _ZN15AP_ExternalAHRS14get_quaternionER11QuaternionTIfE @ 0x7c4ab0
LOITER: _ZNK12NavEKF3_core13getQuaternionER11QuaternionTIfE @ 0x7c4b60
LOITER: _ZNK11QuaternionTIdE7tofloatEv @ 0xaf6180
LOITER: _ZNK7NavEKF314getEulerAnglesER7Vector3IfE @ 0x7c4d10
LOITER: _ZNK7NavEKF312getAirSpdVecER7Vector3IfE @ 0x7c4ef0
LOITER: _ZNK12NavEKF3_core12getAirSpdVecER7Vector3IfE @ 0x7c4f90
LOITER: _ZNK11QuaternionTIdE7inverseEv @ 0xaf6200
LOITER: _ZNK7AP_AHRS25get_active_airspeed_indexEv @ 0x7c5390
LOITER: _ZNK7AP_AHRS27_should_use_airspeed_sensorEh @ 0x7c5490
LOITER: _ZNK7AP_AHRS27get_wind_estimation_enabledEv @ 0xaf62b0
LOITER: _ZNK7NavEKF37getWindER7Vector3IfE @ 0x7c57a0
LOITER: _ZNK12NavEKF3_core7getWindER7Vector3IfE @ 0x7c58c0
LOITER: _ZN15AP_AHRS_Backend23airspeed_sensor_enabledEh @ 0xaf6370
LOITER: _ZNK7AP_AHRS23airspeed_sensor_enabledEh @ 0xaf6450
LOITER: _ZNK7NavEKF317getActiveAirspeedEv @ 0x7c5a90
LOITER: _ZNK12NavEKF3_core17getActiveAirspeedEv @ 0x7c5b20
LOITER: _ZNK7AP_Baro12_get_EAS2TASEv @ 0x7c5b70
LOITER: _ZNK7AP_Baro20get_EAS2TAS_extendedEf @ 0x7c5be0
LOITER: _ZNK7NavEKF319getPrimaryCoreIndexEv @ 0x7c5eb0
LOITER: _ZNK7NavEKF315getFilterFaultsERt @ 0x7c5fc0
LOITER: _ZNK16AP_NavEKF_Source14getPosXYSourceEh @ 0xaf6610
LOITER: _ZL7degreesf.18358 @ 0x7c61b0
LOITER: _ZNK7AP_AHRS9calc_trigERK7Matrix3IfERfS4_S4_S4_S4_S4_ @ 0x7c6200
LOITER: _ZNK9AP_Logger15allow_start_ekfEv @ 0x7c65f0
LOITER: _ZN7NavEKF312UpdateFilterEv @ 0x7c6cc0
LOITER: _ZNK7NavEKF320getRotationBodyToNEDER7Matrix3IfE @ 0x7c7290
LOITER: _ZN7AP_AHRS16update_cd_valuesEv @ 0x7c7320
LOITER: _ZN7AP_AHRS11update_trigEv @ 0x7c7460
LOITER: _ZNK17AP_InertialSensor22get_first_usable_accelEv @ 0xaf6690
LOITER: _ZNK7NavEKF311getGyroBiasEaR7Vector3IfE @ 0x7c7540
LOITER: _ZN7AP_AHRS32update_notify_from_filter_statusERK17nav_filter_status @ 0x7c7610
LOITER: _ZNK12NavEKF3_core11getGyroBiasER7Vector3IfE @ 0x7c76c0
LOITER: _ZL7degreesf.2051 @ 0x7c77a0
LOITER: _ZN6AP_DAL11start_frameENS_9FrameTypeE @ 0x7c77f0
LOITER: _ZNK6AP_DAL8micros64Ev @ 0xaf66e0
LOITER: _ZNK12NavEKF3_core21getFramesSincePredictEv @ 0x7c7cd0
LOITER: _ZN6AP_DAL22ekf_low_time_remainingENS_7EKFTypeEh @ 0x7c7d30
LOITER: _ZN12NavEKF3_core12UpdateFilterEb @ 0x7c7e70
LOITER: _ZNK6AP_DAL9get_armedEv @ 0xaf6730
LOITER: _ZN7NavEKF321updateCoreErrorScoresEv @ 0x7c80a0
LOITER: _ZN7NavEKF324updateCoreRelativeErrorsEv @ 0x7c8160
LOITER: _ZNK7NavEKF315coreBetterScoreEhh @ 0x7c8300
LOITER: _ZN16AP_NavEKF_Source22align_inactive_sourcesEv @ 0x7c8500
LOITER: _ZNK16AP_NavEKF_Source13getPosZSourceEh @ 0x7c87b0
LOITER: _ZNK7AP_EnumIN16AP_NavEKF_Source7SourceZEEcvKS1_Ev @ 0xaf6810
LOITER: _ZL3MAXI9AP_ParamTIfL11ap_var_type4EEfEDTqugtfp_fp0_fp_fp0_ERKT_RKT0_.4508 @ 0x7c8990
LOITER: _ZN18NavEKF_core_common22fill_scratch_variablesEv @ 0x7c8a20
LOITER: _ZN12NavEKF3_core23update_sensor_selectionEv @ 0x7c8ac0
LOITER: _ZN12NavEKF3_core18controlFilterModesEv @ 0x7c8b30
LOITER: _ZN12NavEKF3_core11readIMUDataEb @ 0x7c8c00
LOITER: _ZN12NavEKF3_core27UpdateStrapdownEquationsNEDEv @ 0x7c94d0
LOITER: _ZN12NavEKF3_core20CovariancePredictionEP7Vector3IdE @ 0x7c99b0
LOITER: _ZN12NavEKF3_core25runYawEstimatorPredictionEv @ 0x7d41a0
LOITER: _ZN12NavEKF3_core15SelectMagFusionEv @ 0x7d4300
LOITER: _ZN12NavEKF3_core18SelectVelPosFusionEv @ 0x7d5030
LOITER: _ZN12NavEKF3_core25runYawEstimatorCorrectionEv @ 0x7d59f0
LOITER: _ZN12NavEKF3_core18SelectRngBcnFusionEv @ 0x7d5be0
LOITER: _ZN12NavEKF3_core16SelectFlowFusionEv @ 0x7d5d10
LOITER: _ZN12NavEKF3_core20SelectBodyOdomFusionEv @ 0x7d5ff0
LOITER: _ZN12NavEKF3_core15SelectTasFusionEv @ 0x7d62a0
LOITER: _ZN12NavEKF3_core20SelectBetaDragFusionEv @ 0x7d63a0
LOITER: _ZN12NavEKF3_core18updateFilterStatusEv @ 0x7d6660
LOITER: _ZN12NavEKF3_core13moveEKFOriginEv @ 0x7d6fa0
LOITER: _ZN12NavEKF3_core21checkUpdateEarthFieldEv @ 0x7d7150
LOITER: _ZN12NavEKF3_core16calcOutputStatesEv @ 0x7d7210
LOITER: _ZN12NavEKF3_core11readMagDataEv @ 0x7d8560
LOITER: _ZN12NavEKF3_core11readGpsDataEv @ 0x7d8a70
LOITER: _ZN12NavEKF3_core14readGpsYawDataEv @ 0x7d9400
LOITER: _ZN12NavEKF3_core12readBaroDataEv @ 0x7d9530
LOITER: _ZN6AP_DAL3insEv @ 0xaf68c0
LOITER: _ZNK21AP_DAL_InertialSensor9get_accelEh @ 0xaf6910
LOITER: _ZL2sqf.4910 @ 0x7db560
LOITER: _ZNK16AP_NavEKF_Source13useVelZSourceENS_7SourceZEh @ 0x7db6d0
LOITER: _ZNK12NavEKF3_core26CorrectGPSForAntennaOffsetERNS_12gps_elementsE @ 0x7db800
LOITER: _ZNK10AP_DAL_GPS18get_antenna_offsetEh @ 0xaf6be0
LOITER: _ZNK7Vector3IdErmERKS0_ @ 0xaf6c50
LOITER: _ZNK7Matrix3IdE13mul_transposeERK7Vector3IdE @ 0xaf6d30
LOITER: _ZN7Vector3IdEdVEd @ 0xaf6e40
LOITER: _ZNK21AP_DAL_InertialSensor16get_loop_delta_tEv @ 0xaf6ed0
LOITER: _ZNK14AP_DAL_Compass16get_first_usableEv @ 0xaf72f0
LOITER: _ZNK11AP_DAL_Baro15get_last_updateEh @ 0xaf7560
LOITER: _ZNK11AP_DAL_Baro12get_altitudeEh @ 0xaf75d0
LOITER: _ZN16EKF_obs_buffer_tIN12NavEKF3_core13baro_elementsEE4pushERKS1_ @ 0xaf7640
LOITER: _ZNK10AP_DAL_GPS11gps_yaw_degEhRfS0_Rj @ 0xaf76b0
LOITER: _ZL3MAXIfdEDTqugtfp_fp0_fp_fp0_ERKT_RKT0_ @ 0x7dc200
LOITER: _ZNK10AP_DAL_GPS20last_message_time_msEh @ 0xaf77d0
LOITER: _ZNK10AP_DAL_GPS7get_lagEhRf @ 0xaf7840
LOITER: _ZL3MINIjjEDTqultfp_fp0_fp_fp0_ERKT_RKT0_.4728 @ 0x7dc400
LOITER: _ZNK10AP_DAL_GPS8velocityEh @ 0xaf78f0
LOITER: _ZNK10AP_DAL_GPS22have_vertical_velocityEh @ 0xaf7960
LOITER: _ZNK10AP_DAL_GPS14speed_accuracyEhRf @ 0xaf79e0
LOITER: _ZL3MAXIdfEDTqugtfp_fp0_fp_fp0_ERKT_RKT0_.4723 @ 0x7dc480
LOITER: _ZL3MINIdfEDTqultfp_fp0_fp_fp0_ERKT_RKT0_ @ 0x7dc520
LOITER: _ZL3MAXId9AP_ParamTIfL11ap_var_type4EEEDTqugtfp_fp0_fp_fp0_ERKT_RKT0_ @ 0x7dc5c0
LOITER: _ZNK10AP_DAL_GPS19horizontal_accuracyEhRf @ 0xaf7a90
LOITER: _ZNK10AP_DAL_GPS17vertical_accuracyEhRf @ 0xaf7b40
LOITER: _ZNK10AP_DAL_GPS8num_satsEh @ 0xaf7bf0
LOITER: _ZN12NavEKF3_core18calcGpsGoodToAlignEv @ 0x7dc670
LOITER: _ZN12NavEKF3_core20calcGpsGoodForFlightEv @ 0x7dd5d0
LOITER: _ZN16EKF_obs_buffer_tIN12NavEKF3_core12gps_elementsEE4pushERKS1_ @ 0xaf7c60
LOITER: _ZL3MAXIddEDTqugtfp_fp0_fp_fp0_ERKT_RKT0_.4888 @ 0x7dda90
LOITER: _ZL3MINIdfEDTqultfp_fp0_fp_fp0_ERKT_RKT0_.4875 @ 0x7ddb10
LOITER: _ZNK10AP_DAL_GPS8get_hdopEh @ 0xaf7cd0
LOITER: _ZNK14AP_DAL_Compass9get_countEv @ 0xaf7d40
LOITER: _ZNK14AP_DAL_Compass21learn_offsets_enabledEv @ 0xaf7d90
LOITER: _ZNK14AP_DAL_Compass16last_update_usecEh @ 0xaf7df0
LOITER: _ZNK7Vector3IdEneERKS0_ @ 0xaf7e60
LOITER: _ZN12NavEKF3_core12mag_elementsC2Ev @ 0xaf7f30
LOITER: _ZNK14AP_DAL_Compass9get_fieldEh @ 0xaf7f90
LOITER: _ZNK14AP_DAL_Compass10consistentEv @ 0xaf8000
LOITER: _ZN16EKF_obs_buffer_tIN12NavEKF3_core12mag_elementsEE4pushERKS1_ @ 0xaf8060
LOITER: _Z8is_equalIddENSt3__19enable_ifIXsr3std17is_floating_pointINS0_11common_typeIJT_T0_EE4typeEEE5valueEbE4typeES3_S4_ @ 0xaf80d0
LOITER: _ZN12NavEKF3_core17correctDeltaAngleER7Vector3IdEdh @ 0x7dddf0
LOITER: _ZN12NavEKF3_core20correctDeltaVelocityER7Vector3IdEdh @ 0x7ddeb0
LOITER: _ZN11QuaternionTIdEC2Ev @ 0xaf8150
LOITER: _ZN11QuaternionTIdE15from_axis_angleE7Vector3IdE @ 0xaf81c0
LOITER: _ZN11QuaternionTIdEmLERKS0_ @ 0xaf8280
LOITER: _ZNK11QuaternionTIdE15rotation_matrixER7Matrix3IdE @ 0xaf8420
LOITER: _ZNK21AP_DAL_InertialSensor8get_gyroEh @ 0xaf8610
LOITER: _ZNK6AP_DAL20get_takeoff_expectedEv @ 0xaf8720
LOITER: _ZN16EKF_IMU_buffer_tIN12NavEKF3_core12imu_elementsEE18get_youngest_indexEv @ 0xaf8790
LOITER: _ZN16EKF_IMU_buffer_tIN12NavEKF3_core12imu_elementsEE16get_oldest_indexEv @ 0xaf87f0
LOITER: _ZNK11QuaternionTIdEdvERKS0_ @ 0xaf8850
LOITER: _ZN11QuaternionTIdEixEh @ 0xaf8a70
LOITER: _ZL3MAXIddEDTqugtfp_fp0_fp_fp0_ERKT_RKT0_.4938 @ 0x7ddfd0
LOITER: _ZN12NavEKF3_core15output_elementsC2Ev @ 0xaf8ae0
LOITER: _ZNK14ekf_imu_buffer16get_oldest_indexEv @ 0xaf8b60
LOITER: _ZNK14ekf_imu_buffer18get_youngest_indexEv @ 0xaf8bb0
LOITER: _ZN7AP_AHRS20set_takeoff_expectedEb @ 0x7de050
LOITER: _ZN11QuaternionTIdE15from_axis_angleERK7Vector3IdEd @ 0xaf8c00
LOITER: _ZNK6AP_DAL22get_touchdown_expectedEv @ 0xaf8d20
LOITER: _ZNK6AP_DAL11get_EAS2TASEv @ 0xaf8e00
LOITER: _ZN7Vector3IdEixEh @ 0xaf8ec0
LOITER: _ZNK7Vector3IdEixEh @ 0xaf8f30
LOITER: _ZN7Vector2IdEixEh @ 0xaf8fa0
LOITER: _ZN15ekf_ring_buffer6recallEPvj @ 0x7e4b30
LOITER: _ZNK15ekf_ring_buffer7time_msEh @ 0x7e4c90
LOITER: _ZN12NavEKF3_core14readAirSpdDataEv @ 0x7e4d00
LOITER: _ZNK12NavEKF3_core11useAirspeedEv @ 0x7e69d0
LOITER: _ZNK6AP_DAL23airspeed_sensor_enabledEv @ 0xaf92c0
LOITER: _ZN16EKF_obs_buffer_tIN12NavEKF3_core16vel_odm_elementsEE6recallERS1_j @ 0xaf9330
LOITER: _ZN16EKF_obs_buffer_tIN12NavEKF3_core18wheel_odm_elementsEE6recallERS1_j @ 0xaf93b0
LOITER: _ZN12NavEKF3_core11of_elementsC2Ev @ 0xaf9430
LOITER: _ZN16EKF_obs_buffer_tIN12NavEKF3_core11of_elementsEE6recallERS1_j @ 0xaf94c0
LOITER: _ZNK7Vector2IdEixEh @ 0xaf9540
LOITER: _ZN12NavEKF3_core14readRngBcnDataEv @ 0x7f3900
LOITER: _ZN10EKFGSF_yaw11fuseVelDataERK7Vector2IdEd @ 0x7f75b0
LOITER: _ZNK12NavEKF3_core13EKFGSF_getYawERdS0_ @ 0x7f79b0
LOITER: _ZN7Matrix3IdEixEh @ 0xafa590
LOITER: _ZNK10EKFGSF_yaw10getYawDataERdS0_Ph @ 0x7f8320
LOITER: _ZL7radiansf.4691 @ 0x7f8400
LOITER: _ZL2sqf.4689 @ 0x7f8450
LOITER: _ZNK10EKFGSF_yaw17getVelInnovLengthERd @ 0x7f84a0
LOITER: _ZN10EKFGSF_yaw7correctEhRK7Vector2IdEd @ 0x7f89c0
LOITER: _ZNK10EKFGSF_yaw15gaussianDensityEh @ 0x7f9d80
LOITER: _ZL3MAXIdfEDTqugtfp_fp0_fp_fp0_ERKT_RKT0_.4194 @ 0x7fa100
LOITER: _ZN10EKFGSF_yaw13forceSymmetryEh @ 0x7fa1a0
LOITER: _ZN16EKF_obs_buffer_tIN12NavEKF3_core16ext_nav_elementsEE6recallERS1_j @ 0xafa700
LOITER: _ZN16EKF_obs_buffer_tIN12NavEKF3_core20ext_nav_vel_elementsEE6recallERS1_j @ 0xafa780
LOITER: _ZNK12NavEKF3_core35CalculateVelInnovationsAndVariancesERK7Vector3IdEddRS1_S4_ @ 0x7fa6d0
LOITER: _ZN16EKF_obs_buffer_tIN12NavEKF3_core12gps_elementsEE6recallERS1_j @ 0xafa800
LOITER: _ZN12NavEKF3_core21selectHeightForFusionEv @ 0x7fad10
LOITER: _ZN12NavEKF3_core13FuseVelPosNEDEv @ 0x7fc210
LOITER: _ZL3MAXIdfEDTqugtfp_fp0_fp_fp0_ERKT_RKT0_.4863 @ 0x7fe560
LOITER: _ZL3MAXI9AP_ParamTIfL11ap_var_type4EEfEDTqugtfp_fp0_fp_fp0_ERKT_RKT0_.4864 @ 0x7fe600
LOITER: _ZN12NavEKF3_core15readRangeFinderEv @ 0x7fe690
LOITER: _ZN16EKF_obs_buffer_tIN12NavEKF3_core14range_elementsEE6recallERS1_j @ 0xafa880
LOITER: _ZN16EKF_obs_buffer_tIN12NavEKF3_core13baro_elementsEE6recallERS1_j @ 0xafa950
LOITER: _ZL3MAXIddEDTqugtfp_fp0_fp_fp0_ERKT_RKT0_.4712 @ 0x7ff260
LOITER: _ZL3MAXI9AP_ParamTIfL11ap_var_type4EEfEDTqugtfp_fp0_fp_fp0_ERKT_RKT0_.4701 @ 0x7ff430
LOITER: _ZN16EKF_obs_buffer_tIN12NavEKF3_core12yaw_elementsEE6recallERS1_j @ 0xafabe0
LOITER: _ZN16EKF_obs_buffer_tIN12NavEKF3_core12mag_elementsEE6recallERS1_j @ 0xafac60
LOITER: _ZN12NavEKF3_core18controlMagYawResetEv @ 0x801460
LOITER: _ZN12NavEKF3_core16FuseMagnetometerEv @ 0x801a70
LOITER: _ZN7Matrix3IdEC2Eddddddddd @ 0xaface0
LOITER: _ZNK7Matrix3IdEixEh @ 0xafae30
LOITER: _ZL3MAXIdfEDTqugtfp_fp0_fp_fp0_ERKT_RKT0_.4699 @ 0x8082b0
LOITER: _ZN12NavEKF3_core17MagTableConstrainEv @ 0x808350
LOITER: _ZNK11QuaternionTIdE13to_axis_angleER7Vector3IdE @ 0xafaea0
LOITER: _ZN10EKFGSF_yaw6updateERK7Vector3IdES3_ddbd @ 0x808ad0
LOITER: _ZN10EKFGSF_yaw7predictEh @ 0x809560
LOITER: _ZN10EKFGSF_yaw11predictAHRSEh @ 0x80a0b0
LOITER: _ZL7radiansf.4192 @ 0x80a630
LOITER: _ZL2sqf.4193 @ 0x80a680
LOITER: _ZNK10EKFGSF_yaw12updateRotMatERK7Matrix3IdERK7Vector3IdE @ 0x80a6d0
LOITER: _ZN12NavEKF3_core21calcTiltErrorVarianceEv @ 0x80afb0
LOITER: _ZN12NavEKF3_core23verifyTiltErrorVarianceEv @ 0x80b690
LOITER: _ZL3MINIffEDTqultfp_fp0_fp_fp0_ERKT_RKT0_.4930 @ 0x80ba90
LOITER: _ZN11QuaternionTIdE6rotateERK7Vector3IdE @ 0xafb460
LOITER: _ZN12NavEKF3_core15ConstrainStatesEv @ 0x80bb20
LOITER: _ZNK21AP_DAL_InertialSensor9use_accelEh @ 0xafb520
LOITER: _ZNK21AP_DAL_InertialSensor8use_gyroEh @ 0xafb5f0
LOITER: _ZN12NavEKF3_core19learnInactiveBiasesEv @ 0x80bf60
LOITER: _ZN12NavEKF3_core19updateMovementCheckEv @ 0x80c4d0
LOITER: _ZN12NavEKF3_core17readDeltaVelocityEhR7Vector3IdERd @ 0x80cd70
LOITER: _ZNK21AP_DAL_InertialSensor18get_imu_pos_offsetEh @ 0xafb6c0
LOITER: _ZN12NavEKF3_core14readDeltaAngleEhR7Vector3IdERd @ 0x80cec0
LOITER: _ZN16EKF_IMU_buffer_tIN12NavEKF3_core12imu_elementsEE21push_youngest_elementES1_ @ 0xafb730
LOITER: _ZN12NavEKF3_core14SampleDragDataERKNS_12imu_elementsE @ 0x80cfe0
LOITER: _ZN16EKF_IMU_buffer_tIN12NavEKF3_core12imu_elementsEE18get_oldest_elementEv @ 0xafb790
LOITER: _ZN12NavEKF3_core22updateTimingStatisticsEv @ 0x80d290
LOITER: _ZL3MINIfdEDTqultfp_fp0_fp_fp0_ERKT_RKT0_.4724 @ 0x80d540
LOITER: _ZN12NavEKF3_core12imu_elementsC2Ev @ 0xafb810
LOITER: _ZN14ekf_imu_buffer18get_oldest_elementEPv @ 0x80d5e0
LOITER: _ZN14ekf_imu_buffer21push_youngest_elementEPKv @ 0x80d6a0
LOITER: _ZNK21AP_DAL_InertialSensor14get_gyro_countEv @ 0xafb8f0
LOITER: _ZNK21AP_DAL_InertialSensor15get_delta_angleEhR7Vector3IfERf @ 0xafb940
LOITER: _ZNK21AP_DAL_InertialSensor15get_accel_countEv @ 0xafba40
LOITER: _ZNK21AP_DAL_InertialSensor18get_delta_velocityEhR7Vector3IfERf @ 0xafba90
LOITER: _ZL7radiansi.4726 @ 0x80d790
LOITER: _ZN12NavEKF3_core12detectFlightEv @ 0x80d7f0
LOITER: _ZN12NavEKF3_core27setWindMagStateLearningModeEv @ 0x80dcb0
LOITER: _ZN12NavEKF3_core28checkAttitudeAlignmentStatusEv @ 0x80e550
LOITER: _ZN12NavEKF3_core13setAidingModeEv @ 0x80e660
LOITER: _ZN12NavEKF3_core12setYawSourceEv @ 0x80f5d0
LOITER: _ZN12NavEKF3_core18checkGyroCalStatusEv @ 0x80f6a0
LOITER: _ZL3MINIttEDTqultfp_fp0_fp_fp0_ERKT_RKT0_ @ 0x80fd80
LOITER: _ZL7radiansd.4644 @ 0x80fe00
LOITER: _ZN12NavEKF3_core19updateStateIndexLimEv @ 0x80fef0
LOITER: _ZNK6AP_DAL18get_time_flying_msEv @ 0xafbb80
LOITER: _ZN12NavEKF3_core20update_gps_selectionEv @ 0x8100e0
LOITER: _ZN12NavEKF3_core20update_mag_selectionEv @ 0x8101e0
LOITER: _ZN12NavEKF3_core21update_baro_selectionEv @ 0x810320
LOITER: _ZN12NavEKF3_core25update_airspeed_selectionEv @ 0x810400
LOITER: _ZNK11AP_DAL_Baro11get_primaryEv @ 0xafbc20
LOITER: _Z9fill_nanfPdt @ 0x810510
LOITER: _ZNK17AP_InertialSensor20get_last_update_usecEv @ 0xafbce0
LOITER: _ZNK17AP_InertialSensor16get_loop_delta_tEv @ 0xafbd30
LOITER: _ZNK7AP_AHRS17get_vehicle_classEv @ 0xafbd80
LOITER: _ZNK7AP_AHRS20get_takeoff_expectedEv @ 0xafbdd0
LOITER: _ZNK7AP_AHRS22get_touchdown_expectedEv @ 0xafbe30
LOITER: _ZNK7AP_AHRS8get_trimEv @ 0xafbe90
LOITER: _ZN2AP12wheelencoderEv @ 0x810930
LOITER: _ZNK7AP_AHRS43get_rotation_vehicle_body_to_autopilot_bodyEv @ 0xafbf40
LOITER: _ZN21AP_DAL_InertialSensor11start_frameEv @ 0x810970
LOITER: _ZN11AP_DAL_Baro11start_frameEv @ 0x810bf0
LOITER: _ZN10AP_DAL_GPS11start_frameEv @ 0x810d60
LOITER: _ZN14AP_DAL_Compass11start_frameEv @ 0x811160
LOITER: _ZNK9AP_Beacon7enabledEv @ 0x811c10
LOITER: _ZNK9AP_Beacon12device_readyEv @ 0x811f50
LOITER: _ZNK7AP_EnumIN9AP_Beacon4TypeEEcvKS1_Ev @ 0xafbff0
LOITER: _ZNK7Compass24auto_declination_enabledEv @ 0xafc140
LOITER: _ZNK7Compass15get_declinationEv @ 0x8120c0
LOITER: _ZNK7Compass15get_num_enabledEv @ 0x812120
LOITER: _ZNK7Compass16get_first_usableEv @ 0xafc1b0
LOITER: _ZNK7Compass21learn_offsets_enabledEv @ 0xafc200
LOITER: _ZNK7Compass17have_scale_factorEh @ 0x8121e0
LOITER: _ZNK7Compass16last_update_usecEh @ 0xafc270
LOITER: _ZNK14typesafe_indexIh14TAG_StateIndexEgeERKh @ 0xafc2f0
LOITER: _ZNK7AP_Baro11get_primaryEv @ 0xafc360
LOITER: _ZNK7AP_Baro15get_last_updateEh @ 0xafc3b0
LOITER: _ZNK17AP_InertialSensor16get_loop_rate_hzEv @ 0xafc420
LOITER: _ZNK17AP_InertialSensor15get_delta_angleEhR7Vector3IfERf @ 0x812320
LOITER: _ZN21AP_DAL_InertialSensor15update_filteredEh @ 0x8124f0
LOITER: _ZNK17AP_InertialSensor18get_imu_pos_offsetEh @ 0xafc470
LOITER: _ZNK17AP_InertialSensor10_accel_posEh @ 0xafc4d0
LOITER: _ZN17AP_InertialSensor10_accel_posEh @ 0xafc530
LOITER: _ZN15AP_WheelEncoder13get_singletonEv @ 0xafc5a0
LOITER: _ZN7NavEKF216InitialiseFilterEv @ 0x814f80
LOITER: _ZNK6AP_DAL12get_ekf_typeEv @ 0xafed90
LOITER: _ZN16AP_AHRS_External6updateEv @ 0x848320
LOITER: _ZN16AP_AHRS_External11get_resultsERN15AP_AHRS_Backend9EstimatesE @ 0x848370
LOITER: _ZN7AP_AHRS37copy_estimates_from_backend_estimatesERKN15AP_AHRS_Backend9EstimatesE @ 0x8485c0
LOITER: _ZN15AP_ExternalAHRS6updateEv @ 0x8488a0
LOITER: _ZL7degreesf.10880 @ 0x848bd0
LOITER: _ZN11AP_AHRS_SIM6updateEv @ 0xaff950
LOITER: _ZN11AP_AHRS_SIM11get_resultsERN15AP_AHRS_Backend9EstimatesE @ 0x848c20
LOITER: _ZN11AP_AHRS_DCM6updateEv @ 0x849800
LOITER: _ZN11AP_AHRS_DCM11get_resultsERN15AP_AHRS_Backend9EstimatesE @ 0x849b20
LOITER: _ZN11AP_AHRS_DCM13matrix_updateEv @ 0x849c40
LOITER: _ZN11AP_AHRS_DCM9normalizeEv @ 0x849e90
LOITER: _ZN11AP_AHRS_DCM16drift_correctionEf @ 0x84a0b0
LOITER: _ZN11AP_AHRS_DCM12check_matrixEv @ 0x84b410
LOITER: _ZN11AP_AHRS_DCM15backup_attitudeEv @ 0x84b510
LOITER: _ZNK11AP_AHRS_DCM12get_error_rpEv @ 0xaffa10
LOITER: _ZNK11AP_AHRS_DCM13get_error_yawEv @ 0xaffa60
LOITER: _ZN7Matrix3IfE6is_nanEv @ 0xaffab0
LOITER: _ZN11AP_AHRS_DCM20drift_correction_yawEv @ 0x84ba00
LOITER: _ZNK6AP_GPS16last_fix_time_msEv @ 0xaffbc0
LOITER: _ZL3MAXIfiEDTqugtfp_fp0_fp_fp0_ERKT_RKT0_.2117 @ 0x84bf20
LOITER: _ZNK11AP_AHRS_DCM26should_correct_centrifugalEv @ 0x84bfc0
LOITER: _ZN11AP_AHRS_DCM10ra_delayedEhRK7Vector3IfE @ 0x84c020
LOITER: _ZNK17AP_InertialSensor7healthyEv @ 0xaffc20
LOITER: _ZN11AP_AHRS_DCM7_P_gainEf @ 0x84c120
LOITER: _ZNK11AP_AHRS_DCM14use_fast_gainsEv @ 0x84c200
LOITER: _ZL7radiansi.2118 @ 0x84c290
LOITER: _ZNK17AP_InertialSensor19get_gyro_drift_rateEv @ 0xaffca0
LOITER: _ZNK17AP_InertialSensor15get_gyro_healthEv @ 0xaffcf0
LOITER: _ZNK17AP_InertialSensor16get_accel_healthEv @ 0xaffd50
LOITER: _ZNK7Compass16last_update_usecEv @ 0xaffdb0
LOITER: _ZN7Compass4readEv @ 0x84c2f0
LOITER: _ZN11AP_AHRS_DCM17yaw_error_compassER7Compass @ 0x84c6c0
LOITER: _ZNK11AP_AHRS_DCM9_yaw_gainEv @ 0x84c840
LOITER: _ZNK7Matrix3IfE5mulXYERK7Vector3IfE @ 0xaffe10
LOITER: _ZNK7Vector2IfErmERKS0_ @ 0xaffee0
LOITER: _ZN7Compass15_detect_runtimeEv @ 0x84c9f0
LOITER: _ZN9AP_Logger13Write_CompassEv @ 0x84cd20
LOITER: _ZN19RestrictIDTypeArrayI9AP_ParamTIaL11ap_var_type1EELj3E14typesafe_indexIh12TAG_PriorityEEixERKS5_ @ 0xafff60
LOITER: _ZN9AP_Logger22Write_Compass_instanceEmh @ 0x84cdc0
LOITER: _ZNK7Compass17get_motor_offsetsEh @ 0xafffe0
LOITER: _ZN18AP_Compass_Backend25drain_accumulated_samplesEhPK7Vector3IfE @ 0x84ecf0
LOITER: _ZN18AP_Compass_Backend22publish_filtered_fieldERK7Vector3IfEh @ 0x84ee70
LOITER: _ZN11AP_AHRS_DCM6renormERK7Vector3IfERS1_ @ 0x84ef30
LOITER: _ZNK17AP_InertialSensor15get_delta_angleER7Vector3IfERf @ 0xb00800
LOITER: _ZNK7Vector3IfEeqERKS0_ @ 0xb00890
LOITER: _ZNK14AP_Logger_File17recent_open_errorEv @ 0x84f2e0
LOITER: _ZNK14AP_Logger_File15io_thread_aliveEv @ 0x84f370
LOITER: _ZN14AP_Logger_File16disk_space_availEv @ 0x84f700
LOITER: _ZL3MINIjjEDTqultfp_fp0_fp_fp0_ERKT_RKT0_.6378 @ 0x84f7e0
LOITER: _ZN13AP_Filesystem17bytes_until_fsyncEi @ 0x84f860
LOITER: _ZN13AP_Filesystem9disk_freeEPKc @ 0x84f8e0
LOITER: _ZN2AP4rssiEv @ 0x856b20
LOITER: _ZNK7AP_RSSI7enabledEv @ 0xb01140
LOITER: _ZN7AP_RSSI13get_singletonEv @ 0x857350
LOITER: _ZN13AP_CANManager20check_logging_enableEv @ 0x858310
LOITER: _ZN7FunctorIvJEE14method_wrapperI13AP_CANManagerXadL_ZNS2_20check_logging_enableEvEEEEvPv @ 0xb01770
LOITER: _ZNK13AP_CANManager15CANIface_Params13option_is_setENS0_7OptionsE @ 0xb01820
LOITER: _ZNK13AP_OADatabase7healthyEv @ 0xb0fa70
LOITER: _ZN13AP_OADatabase13get_singletonEv @ 0xb0fcf0
LOITER: _ZNK24AP_Proximity_Boundary_3D15get_next_sectorEh @ 0xb0fdb0
LOITER: _ZNK22AP_BattMonitor_Backend13option_is_setEN21AP_BattMonitor_Params7OptionsE @ 0xb13810
LOITER: _ZN22AP_BattMonitor_Backend15update_consumedERN14AP_BattMonitor17BattMonitor_StateEj @ 0x87a820
LOITER: _ZN22AP_BattMonitor_Backend13calculate_mahEff @ 0xb138a0
LOITER: _ZN18AP_Compass_Backend17accumulate_sampleER7Vector3IfEhj @ 0x87cb30
LOITER: _ZN18AP_Compass_Backend12rotate_fieldER7Vector3IfEh @ 0x87ccb0
LOITER: _ZN18AP_Compass_Backend17publish_raw_fieldERK7Vector3IfEh @ 0x87cda0
LOITER: _ZN18AP_Compass_Backend13correct_fieldER7Vector3IfEh @ 0x87ceb0
LOITER: _ZN18AP_Compass_Backend8field_okERK7Vector3IfE @ 0x87d2b0
LOITER: _ZNK7Compass16get_filter_rangeEv @ 0xb15bc0
LOITER: _ZNK16Compass_PerMotor7enabledEv @ 0xb15c20
LOITER: _ZN7Compass13_get_priorityE14typesafe_indexIh14TAG_StateIndexE @ 0xb15c90
LOITER: _ZN14AP_GPS_Backend15set_alt_amsl_cmERN6AP_GPS9GPS_StateEi @ 0x881980
LOITER: _ZN16JitterCorrection31correct_offboard_timestamp_usecEmm @ 0x881b90
LOITER: _ZNK14AP_GPS_Backend10option_setEN6AP_GPS13DriverOptionsE @ 0xb18e20
LOITER: _ZNK6AP_GPS10option_setENS_13DriverOptionsE @ 0xb18e90
LOITER: _ZN6AP_RTC12set_utc_usecEmNS_11source_typeE @ 0x882600
LOITER: _ZNK11GCS_MAVLINK14option_enabledENS_6OptionE @ 0xb1b320
LOITER: _ZNK16AP_SerialManager9UARTState12get_protocolEv @ 0xb1b3a0
LOITER: _ZN2AP8PerfInfo13set_loop_rateEt @ 0x894ca0
LOITER: _ZN2AP8PerfInfo5resetEv @ 0x894d60
LOITER: _ZNK3GCS26min_status_for_gps_healthyEv @ 0xb1bcf0
LOITER: _ZN6Copter8set_modeEh10ModeReason @ 0x895a40
LOITER: _ZNK6Copter29current_mode_requires_missionEv @ 0x895ac0
LOITER: _ZNK6Copter17get_wp_distance_mERf @ 0x897390
LOITER: _ZNK6Copter18get_wp_bearing_degERf @ 0x897410
LOITER: _ZNK6Copter25get_wp_crosstrack_error_mERf @ 0x897490
LOITER: _ZN6Copter18fence_checks_asyncEv @ 0x897ea0
LOITER: _ZN6AP_HAL15timeout_expiredIjjjEEbT_T0_T1_ @ 0xb1c230
LOITER: _ZN8AC_Fence5checkEb @ 0x898050
LOITER: _ZN6Copter3gcsEv @ 0xb1c2b0
LOITER: _ZN8AC_Fence19clear_margin_breachEh @ 0x898460
LOITER: _ZN8AP_Param15save_io_handlerEv @ 0x899a80
LOITER: _ZN7FunctorIvJEE14method_wrapperI8AP_ParamXadL_ZNS2_15save_io_handlerEvEEEEvPv @ 0xb1c490
LOITER: _ZN15ObjectBuffer_TSIN8AP_Param10param_saveEE3popERS1_ @ 0xb1c540
LOITER: _ZN6Copter18notify_flight_modeEv @ 0x899d20
LOITER: _ZL21failsafe_check_staticv @ 0x89ccf0
LOITER: _ZN6Copter8set_modeEN4Mode6NumberE10ModeReason @ 0x8a10b0
LOITER: _ZNK15AC_CommandModel11get_rate_tcEv @ 0xb1c920
LOITER: _ZN18AC_AttitudeControl15set_yaw_rate_tcEf @ 0xb1c970
LOITER: _ZN6Copter16gcs_mode_enabledEN4Mode6NumberE @ 0x8a17a0
LOITER: _ZN6Copter18mode_from_mode_numEN4Mode6NumberE @ 0x8a19a0
LOITER: _ZN6Copter24get_non_takeoff_throttleEv @ 0x8a1ea0
LOITER: _ZN6Copter9exit_modeERP4ModeS2_ @ 0x8a2010
LOITER: _ZN7AP_ADSB16set_is_auto_modeEb @ 0xb1c9e0
LOITER: _ZNK8AC_Fence10get_actionEv @ 0xb1ca40
LOITER: _ZN8AC_Fence21manual_recovery_startEv @ 0x8a2100
LOITER: _ZN9AP_Camera16set_is_auto_modeEb @ 0xb1caa0
LOITER: _ZN18AC_AttitudeControl22set_roll_pitch_rate_tcEf @ 0xb1cb00
LOITER: _ZN4Mode12takeoff_stopEv @ 0xb1cb70
LOITER: _ZN4Mode8_TakeOff4stopEv @ 0x8a2260
LOITER: _ZNK18AC_AttitudeControl15get_throttle_inEv @ 0xb1cbb0
LOITER: _ZN6AC_PID14set_integratorEf @ 0x8a22f0
LOITER: _ZL3MAXIifEDTqugtfp_fp0_fp_fp0_ERKT_RKT0_ @ 0x8a23c0
LOITER: _ZNK13AC_PosControl22get_stopping_point_U_mERd @ 0x8a32e0
LOITER: _ZNK7AC_P_1D2kPEv @ 0xb1cc60
LOITER: _Z17stopping_distancefff @ 0x8a3460
LOITER: _Z19inv_sqrt_controllerfff @ 0x8a34e0
LOITER: _ZL2sqf.3798 @ 0x8a3720
LOITER: _ZNK13AC_PosControl23get_stopping_point_NE_mER7Vector2IdE @ 0x8a3770
LOITER: _ZN7Vector2IfEmIERKS0_ @ 0xb1ccb0
LOITER: _ZNK7AC_P_2D2kPEv @ 0xb1cd40
LOITER: _ZNK7Vector2IfE8todoubleEv @ 0xb1cd90
LOITER: _ZNK10AP_Vehicle21block_GCS_mode_changeEhPKhh @ 0x8a3930
LOITER: _ZN6AC_PID21set_notch_sample_rateEf @ 0x8a47e0
LOITER: _ZN6AC_PID12reset_filterEv @ 0xb1d140
LOITER: _ZNK12AP_AHRS_View20get_quat_body_to_nedER11QuaternionTIfE @ 0xb1d1a0
LOITER: _ZNK18AC_AttitudeControl30thrust_heading_rotation_anglesER11QuaternionTIfERKS1_R7Vector3IfERfS8_ @ 0x8a4c30
LOITER: _ZNK12AP_AHRS_View15get_gyro_latestEv @ 0x8a4fc0
LOITER: _ZN6AC_PID10update_allEfffbf @ 0x8a5070
LOITER: _ZNK6AC_PID16get_filt_T_alphaEf @ 0x8a5680
LOITER: _ZNK6AC_PID16get_filt_E_alphaEf @ 0x8a5700
LOITER: _ZNK6AC_PID16get_filt_D_alphaEf @ 0x8a5780
LOITER: _ZN6AC_PID8update_iEfb @ 0x8a5800
LOITER: _ZN11SlewLimiter8modifierEff @ 0x8a5a00
LOITER: _ZNK11SlewLimiter13get_slew_rateEv @ 0xb1d460
LOITER: _ZNK7AP_AHRS15get_gyro_latestEv @ 0x8a6000
LOITER: _ZNK7AP_AHRS22get_primary_gyro_indexEv @ 0xb1d4b0
LOITER: _ZNK18AC_AttitudeControl29thrust_vector_rotation_anglesERK11QuaternionTIfES3_RS1_R7Vector3IfERfS8_ @ 0x8a60b0
LOITER: _ZNK18AC_AttitudeControl23get_accel_yaw_max_radssEv @ 0xb1d500
LOITER: _ZL7radiansf.12163 @ 0x8a64a0
LOITER: _ZNK6AC_PID2kPEv @ 0xb1d560
LOITER: _ZNK4AC_P2kPEv @ 0xb1d5b0
LOITER: _ZL3MINIffEDTqultfp_fp0_fp_fp0_ERKT_RKT0_.12170 @ 0x8a64f0
LOITER: _ZL9cd_to_radf.12171 @ 0x8a6580
LOITER: _ZNK25HarmonicNotchFilterParams9hasOptionENS_7OptionsE @ 0xb1d8b0
LOITER: _ZN17AP_InertialSensor12_gyro_offsetEh @ 0xb1ecf0
LOITER: _ZN17AP_InertialSensor12caltemp_gyroEh @ 0xb1ed60
LOITER: _ZN22AP_InertialSensor_SITL6updateEv @ 0x8a9240
LOITER: _ZN25AP_InertialSensor_Backend10accumulateEv @ 0xb1ee80
LOITER: _ZN25AP_InertialSensor_Backend11set_primaryEb @ 0xb1f050
LOITER: _ZNK25AP_InertialSensor_Backend21_gyro_raw_sample_rateEh @ 0xb1f0a0
LOITER: _ZN22AP_InertialSensor_SITL12timer_updateEv @ 0x8a99c0
LOITER: _ZN7FunctorIvJEE14method_wrapperI22AP_InertialSensor_SITLXadL_ZNS2_12timer_updateEvEEEEvPv @ 0xb1f170
LOITER: _ZN22AP_InertialSensor_SITL14generate_accelEv @ 0x8a9e90
LOITER: _ZN22AP_InertialSensor_SITL13generate_gyroEv @ 0x8aae70
LOITER: _ZNK25AP_InertialSensor_Backend20enable_fast_samplingEh @ 0xb1f220
LOITER: _ZNK22AP_InertialSensor_SITL10gyro_driftEv @ 0x8ab8d0
LOITER: _ZL7radiansd.19050 @ 0x8abad0
LOITER: _ZL7radiansf.19051 @ 0x8abb20
LOITER: _ZN22AP_InertialSensor_SITL15get_temperatureEv @ 0x8abc00
LOITER: _ZNK22AP_InertialSensor_TCal15sitl_apply_gyroEfR7Vector3IfE @ 0x8abda0
LOITER: _ZN25AP_InertialSensor_Backend35_notify_new_gyro_sensor_rate_sampleEhRK7Vector3IfE @ 0x8abe80
LOITER: _ZN25AP_InertialSensor_Backend24_rotate_and_correct_gyroEhR7Vector3IfE @ 0x8ac080
LOITER: _ZN25AP_InertialSensor_Backend27_notify_new_gyro_raw_sampleEhRK7Vector3IfEm @ 0x8ac210
LOITER: _ZNK25AP_InertialSensor_Backend15has_been_killedEh @ 0xb1f2b0
LOITER: _ZNK25AP_InertialSensor_Backend19_update_sensor_rateERtRjRf @ 0x8ac8b0
LOITER: _ZN25AP_InertialSensor_Backend18apply_gyro_filtersEhRK7Vector3IfE @ 0x8aca80
LOITER: _ZN25AP_InertialSensor_Backend12log_gyro_rawEhmRK7Vector3IfES3_ @ 0x8aceb0
LOITER: _ZN25AP_InertialSensor_Backend14update_primaryEv @ 0x8ad140
LOITER: _ZNK17AP_InertialSensor22raw_logging_option_setENS_18RAW_LOGGING_OPTIONE @ 0xb1f330
LOITER: _ZNK25AP_InertialSensor_Backend18should_log_imu_rawEv @ 0x8ad220
LOITER: _ZNK17AP_InertialSensor12BatchSampler25doing_sensor_rate_loggingEv @ 0xb1f3b0
LOITER: _ZNK17AP_InertialSensor12BatchSampler25doing_post_filter_loggingEv @ 0xb1f410
LOITER: _ZN17AP_InertialSensor12BatchSampler6sampleEhNS_15IMU_SENSOR_TYPEEmRK7Vector3IfE @ 0x8ad430
LOITER: _ZN17AP_InertialSensor12BatchSampler10should_logEhNS_15IMU_SENSOR_TYPEE @ 0x8ad580
LOITER: _ZN25AP_InertialSensor_Backend16save_gyro_windowEhRK7Vector3IfEh @ 0x8ad6c0
LOITER: _ZN15LowPassFilter2pI7Vector3IfEE5applyERKS1_ @ 0xb1f6f0
LOITER: _ZNK17AP_InertialSensor25is_rate_loop_gyro_enabledEh @ 0x8ad980
LOITER: _ZN19DigitalBiquadFilterI7Vector3IfEE5applyERKS1_RKNS2_13biquad_paramsE @ 0xb1f950
LOITER: _ZNK25AP_InertialSensor_Backend18sensors_convergingEv @ 0x8adbb0
LOITER: _ZNK22AP_InertialSensor_TCal12correct_gyroEffR7Vector3IfE @ 0x8adce0
LOITER: _ZNK22AP_InertialSensor_TCal14correct_sensorEffPK9AP_ParamVI7Vector3IfEL11ap_var_type5EERS2_ @ 0x8add80
LOITER: _ZNK22AP_InertialSensor_TCal15polynomial_evalEfPK9AP_ParamVI7Vector3IfEL11ap_var_type5EE @ 0x8adf90
LOITER: _ZNK22AP_InertialSensor_TCal16sitl_apply_accelEfR7Vector3IfE @ 0x8b0f40
LOITER: _ZN25AP_InertialSensor_Backend36_notify_new_accel_sensor_rate_sampleEhRK7Vector3IfE @ 0x8b1020
LOITER: _ZN25AP_InertialSensor_Backend25_rotate_and_correct_accelEhR7Vector3IfE @ 0x8b1220
LOITER: _ZN25AP_InertialSensor_Backend28_notify_new_accel_raw_sampleEhRK7Vector3IfEmb @ 0x8b1440
LOITER: _ZN25AP_InertialSensor_Backend20_publish_temperatureEhf @ 0x8b19f0
LOITER: _ZN17AP_InertialSensor27calc_vibration_and_clippingEhRK7Vector3IfEf @ 0x8b1a90
LOITER: _ZN17AP_InertialSensor19set_accel_peak_holdEhRK7Vector3IfE @ 0x8b1d10
LOITER: _ZN25AP_InertialSensor_Backend13log_accel_rawEhmRK7Vector3IfE @ 0x8b1df0
LOITER: _ZNK25AP_InertialSensor_Backend14get_clip_limitEv @ 0xb20970
LOITER: _ZN13LowPassFilterI7Vector3IfEE5applyERKS1_RKf @ 0xb209c0
LOITER: _ZN10DigitalLPFI7Vector3IfEE6_applyERKS1_RKf @ 0xb20a80
LOITER: _ZNK22AP_InertialSensor_TCal13correct_accelEffR7Vector3IfE @ 0x8b21d0
LOITER: _ZN25AP_InertialSensor_Backend12update_accelEh @ 0x8b2650
LOITER: _ZN25AP_InertialSensor_Backend11update_gyroEh @ 0x8b2770
LOITER: _ZN25AP_InertialSensor_Backend13_publish_gyroEhRK7Vector3IfE @ 0x8b28d0
LOITER: _ZN25AP_InertialSensor_Backend19update_gyro_filtersEh @ 0x8b2a40
LOITER: _ZNK25AP_InertialSensor_Backend19_gyro_filter_cutoffEv @ 0xb20d50
LOITER: _ZN25AP_InertialSensor_Backend14_publish_accelEhRK7Vector3IfE @ 0x8b2e80
LOITER: _ZN25AP_InertialSensor_Backend20update_accel_filtersEh @ 0x8b30b0
LOITER: _ZNK25AP_InertialSensor_Backend20_accel_filter_cutoffEv @ 0xb21030
LOITER: _ZN11AP_SmartRTL22run_background_cleanupEv @ 0x8b4fc0
LOITER: _ZN7FunctorIvJEE14method_wrapperI11AP_SmartRTLXadL_ZNS2_22run_background_cleanupEvEEEEvPv @ 0xb215e0
LOITER: _ZN11AP_SmartRTL15routine_cleanupEtt @ 0x8b5290
LOITER: _ZN11AP_SmartRTL29restart_pruning_if_new_pointsEv @ 0x8b59b0
LOITER: _ZN24AP_Proximity_Boundary_3D4FaceC2Ev @ 0xb227e0
LOITER: _ZN7AP_Baro6updateEv @ 0x8d4630
LOITER: _ZNK7AP_Baro7healthyEv @ 0xb2a740
LOITER: _ZN15AP_Baro_Backend14backend_updateEh @ 0x8d4d50
LOITER: _ZN7AP_Baro24wind_pressure_correctionEh @ 0x8d4dd0
LOITER: _ZNK7AP_Baro15get_last_updateEv @ 0xb2a7a0
LOITER: _ZN16DerivativeFilterIfLh7EE6updateEfj @ 0xb2a800
LOITER: _ZN7AP_Baro22update_field_elevationEv @ 0x8d5110
LOITER: _ZNK7AP_Baro10should_logEv @ 0x8d5390
LOITER: _ZN7AP_Baro10Write_BaroEv @ 0x8d5440
LOITER: _ZN7AP_Baro19Write_Baro_instanceEmh @ 0x8d54d0
LOITER: _ZNK7AP_Baro21get_baro_drift_offsetEv @ 0xb2a8e0
LOITER: _ZNK7AP_Baro22get_ground_temperatureEv @ 0x8d56f0
LOITER: _ZNK7AP_Baro22get_corrected_pressureEh @ 0xb2a930
LOITER: _ZN16FilterWithBufferIfLh7EE5applyEf @ 0xb2aa10
LOITER: _ZNK7AP_AHRS20airspeed_vector_trueER7Vector3IfE @ 0x8d5790
LOITER: _ZNK7AP_AHRS21get_air_density_ratioEv @ 0x8d5810
LOITER: _ZL2sqf.2028 @ 0x8d58d0
LOITER: _ZNK7AP_AHRS12get_accel_efEv @ 0xb2e2b0
LOITER: _ZNK12NavEKF3_core9getMagXYZER7Vector3IfE @ 0x9019a0
LOITER: _ZNK12NavEKF3_core9getMagNEDER7Vector3IfE @ 0x901c20
LOITER: _ZNK7Vector2IfEdvEf @ 0xb31c20
LOITER: _ZNK8AC_Fence9polyfenceEv @ 0x90cef0
LOITER: _ZNK7AP_EnumIN13AP_OADatabase11OutputLevelEEcvKS1_Ev @ 0xb33970
LOITER: _ZN15AP_Compass_SITL6_timerEv @ 0x9132b0
LOITER: _ZN7FunctorIvJEE14method_wrapperI15AP_Compass_SITLXadL_ZNS2_6_timerEvEEEEvPv @ 0xb34230
LOITER: _Z10rand_vec3fv @ 0x9137e0
LOITER: _ZN7VectorNIN15AP_Compass_SITL16readings_compassELh50EEixEh @ 0xb342e0
LOITER: _ZN15AP_Compass_SITL26_setup_eliptical_correcionEh @ 0x913860
LOITER: _ZNK18AP_Compass_Backend21get_board_orientationEv @ 0x913a90
LOITER: _ZN15AP_Compass_SITL4readEv @ 0x913ae0
LOITER: _ZNK14AP_GPS_Backend32supports_mavlink_gps_rtk_messageEv @ 0xb34960
LOITER: _ZNK14AP_GPS_Blended7get_lagERf @ 0x914850
LOITER: _ZN6Copter14failsafe_checkEv @ 0x914f20
LOITER: _ZNK12AP_Parachute7enabledEv @ 0xb35060
LOITER: _ZN6Copter10read_radioEv @ 0x9158f0
LOITER: _ZN11RC_Channels10read_inputEv @ 0x9161f0
LOITER: _ZN6Copter25set_throttle_and_failsafeEt @ 0x916320
LOITER: _ZN6Copter22set_throttle_zero_flagEs @ 0x9164c0
LOITER: _ZN6Copter27radio_passthrough_to_motorsEv @ 0x9165e0
LOITER: _ZNK11RC_Channels17get_fs_timeout_msEv @ 0xb35220
LOITER: _ZL3MAXIfiEDTqugtfp_fp0_fp_fp0_ERKT_RKT0_.1753 @ 0x917340
LOITER: _ZNK10RC_Channel22get_control_in_zero_dzEv @ 0x9173e0
LOITER: _ZN9AP_Motors21set_radio_passthroughEffff @ 0x917460
LOITER: _ZNK10RC_Channel15pwm_to_range_dzEt @ 0x917520
LOITER: _ZNK10RC_Channel15pwm_to_angle_dzEt @ 0x9176c0
LOITER: _ZNK10RC_Channel20pwm_to_angle_dz_trimEtt @ 0x917750
LOITER: _ZN10RC_Channel6updateEv @ 0x9179a0
LOITER: _ZN11RC_Channels23rudder_arm_disarm_checkEv @ 0x917b10
LOITER: _ZNK10RC_Channel12pwm_to_rangeEv @ 0x917d10
LOITER: _ZNK10RC_Channel12pwm_to_angleEv @ 0x917d80
LOITER: _ZN12SRV_Channels17enable_aux_servosEv @ 0x917df0
LOITER: _ZN10RC_Channel16read_mode_switchEv @ 0x918490
LOITER: _ZN10RC_Channel16read_6pos_switchERa @ 0x918510
LOITER: _ZN10RC_Channel18debounce_completedEa @ 0x918670
LOITER: _ZNK8AC_WPNav27get_wp_stopping_point_NEU_mER7Vector3IfE @ 0x91a8f0
LOITER: _ZN13AC_PosControl20update_NE_controllerEv @ 0x91b3c0
LOITER: _ZNK8AC_WPNav23get_default_speed_NE_msEv @ 0xb35af0
LOITER: _ZNK8AC_WPNav23get_default_speed_up_msEv @ 0xb35b50
LOITER: _ZNK8AC_WPNav25get_default_speed_down_msEv @ 0xb35bb0
LOITER: _ZNK13AC_PosControl8get_dt_sEv @ 0xb35c20
LOITER: _ZNK13AC_PosControl22get_pos_estimate_NEU_mEv @ 0xb35da0
LOITER: _ZNK13AC_PosControl22get_vel_desired_NEU_msEv @ 0xb35df0
LOITER: _ZNK13AC_PosControl23get_vel_estimate_NEU_msEv @ 0xb35f50
LOITER: _Z16update_vel_accelRfffff @ 0x91ca70
LOITER: _ZNK8AC_WPNav23get_wp_acceleration_mssEv @ 0xb35fa0
LOITER: _Z15shape_vel_accelfffRfffffb @ 0x91cbd0
LOITER: _Z15sqrt_controllerffff @ 0x91fff0
LOITER: _Z11shape_accelfRfff @ 0x9202d0
LOITER: _ZNK7AC_P_2D9get_errorEv @ 0xb36300
LOITER: _ZNK7AC_P_1D9get_errorEv @ 0xb36350
LOITER: _ZNK13AC_PosControl19get_max_speed_up_msEv @ 0xb363a0
LOITER: _ZNK13AC_PosControl19get_max_accel_U_mssEv @ 0xb363f0
LOITER: _ZN13AC_PosControl23set_max_speed_accel_U_mEfff @ 0x920470
LOITER: _ZNK13AC_PosControl21get_max_speed_down_msEv @ 0xb36490
LOITER: _ZNK8AC_WPNav15get_accel_U_mssEv @ 0xb364e0
LOITER: _ZN6SCurve11add_segmentERhfNS_11SegmentTypeEffff @ 0x921ea0
LOITER: _ZN6SCurve4initEv @ 0x924ab0
LOITER: _ZN6AC_PID9filt_T_hzEv @ 0xb36540
LOITER: _ZL3MINIffEDTqultfp_fp0_fp_fp0_ERKT_RKT0_.12234 @ 0x9253a0
LOITER: _ZN6AC_PID9filt_E_hzEv @ 0xb36590
LOITER: _ZN13AC_PosControl24set_max_speed_accel_NE_mEff @ 0x925430
LOITER: _ZN13AC_PosControl31set_correction_speed_accel_NE_mEff @ 0x925630
LOITER: _ZN7AC_P_2D10set_limitsEfff @ 0x9256b0
LOITER: _ZNK18AC_AttitudeControl25get_ang_vel_roll_max_radsEv @ 0xb365e0
LOITER: _ZNK18AC_AttitudeControl26get_ang_vel_pitch_max_radsEv @ 0xb36640
LOITER: _ZNK18AC_AttitudeControl24get_accel_roll_max_radssEv @ 0xb366a0
LOITER: _ZNK18AC_AttitudeControl25get_accel_pitch_max_radssEv @ 0xb36700
LOITER: _ZN18AC_AttitudeControl18get_bf_feedforwardEv @ 0xb36760
LOITER: _ZL9cd_to_radf.1210 @ 0x9258e0
LOITER: _ZN13AC_PosControl19handle_ekf_NE_resetEv @ 0x925930
LOITER: _ZN13AC_PosControl18init_NE_controllerEv @ 0x925b40
LOITER: _ZNK7AP_AHRS16getControlLimitsERfS0_ @ 0x925f10
LOITER: _ZN13AC_PosControl17update_offsets_NEEv @ 0x926040
LOITER: _ZN7AC_P_2D10update_allER7Vector2IdERKS1_ @ 0x926340
LOITER: _ZN9AC_PID_2D10update_allERK7Vector2IfES3_fS3_ @ 0x9264a0
LOITER: _ZNK13AC_PosControl22get_lean_angle_max_radEv @ 0x9269e0
LOITER: _Z22angle_rad_to_accel_mssf @ 0x926ab0
LOITER: _Z14limit_accel_xyRK7Vector2IfERS0_f @ 0x926b10
LOITER: _ZNK13AC_PosControl31accel_NE_mss_to_lean_angles_radEffRfS0_ @ 0x926d10
LOITER: _ZN13AC_PosControl26calculate_yaw_and_rate_yawEv @ 0x926ea0
LOITER: _ZNK18AC_AttitudeControl24get_att_target_euler_radEv @ 0xb367d0
LOITER: _ZNK12AP_AHRS_View7cos_yawEv @ 0xb36820
LOITER: _ZNK12AP_AHRS_View7sin_yawEv @ 0xb36870
LOITER: _Z22accel_mss_to_angle_radf @ 0x9270c0
LOITER: _ZN7Vector2IfE12limit_lengthEf @ 0xb368c0
LOITER: _ZNK7Vector2IfE10normalizedEv @ 0xb36990
LOITER: _ZNK18AC_AttitudeControl18lean_angle_max_radEv @ 0xb369f0
LOITER: _ZNK9AC_PID_2D16get_filt_E_alphaEf @ 0x927170
LOITER: _ZNK9AC_PID_2D16get_filt_D_alphaEf @ 0x9271f0
LOITER: _ZN9AC_PID_2D8update_iEfRK7Vector2IfE @ 0x927270
LOITER: _Z15sqrt_controllerRK7Vector2IfEfff @ 0x9273e0
LOITER: _Z23update_pos_vel_accel_xyR7Vector2IdERS_IfERKS2_fS5_S5_S5_ @ 0x9274c0
LOITER: _ZNK9AC_PID_2D9get_errorEv @ 0xb36a50
LOITER: _Z22shape_pos_vel_accel_xyRK7Vector2IdERKS_IfES5_S2_S5_RS3_ffffb @ 0x927670
LOITER: _Z18shape_vel_accel_xyRK7Vector2IfES2_S2_RS0_fffb @ 0x927900
LOITER: _Z14shape_accel_xyRK7Vector2IfERS0_ff @ 0x927c60
LOITER: _Z19update_vel_accel_xyR7Vector2IfERKS0_fS3_S3_ @ 0x927d70
LOITER: _ZNK7NavEKF319getEkfControlLimitsERfS0_ @ 0x928000
LOITER: _ZNK12NavEKF3_core19getEkfControlLimitsERfS0_ @ 0x928160
LOITER: _ZN13AC_PosControl15init_offsets_NEEv @ 0x928760
LOITER: _ZNK13AC_PosControl27lean_angles_to_accel_NE_mssERfS0_ @ 0x9288c0
LOITER: _ZN9AC_PID_2D12reset_filterEv @ 0xb36aa0
LOITER: _ZN9AC_PID_2D2ffEv @ 0xb36af0
LOITER: _ZN9AC_PID_2D14set_integratorERK7Vector2IfE @ 0x928990
LOITER: _ZN13AC_PosControl17init_ekf_NE_resetEv @ 0x928a20
LOITER: _ZN12AP_AHRS_View24getLastPosNorthEastResetER7Vector2IfE @ 0xb36b40
LOITER: _ZN7AP_AHRS24getLastPosNorthEastResetER7Vector2IfE @ 0x928a90
LOITER: _ZN7NavEKF324getLastPosNorthEastResetER7Vector2IfE @ 0x928ce0
LOITER: _ZNK13AC_PosControl32lean_angles_rad_to_accel_NEU_mssERK7Vector3IfE @ 0x928e30
LOITER: _ZL3MAXIffEDTqugtfp_fp0_fp_fp0_ERKT_RKT0_.12242 @ 0x929010
LOITER: _ZN13AC_PosControl24calculate_overspeed_gainEv @ 0x929090
LOITER: _ZNK12AC_PID_Basic9get_errorEv @ 0xb36c10
LOITER: _Z20update_pos_vel_accelRdRffffff @ 0x9291a0
LOITER: _Z19shape_pos_vel_acceldffdfRfffffffb @ 0x929300
LOITER: _ZL3MINIffEDTqultfp_fp0_fp_fp0_ERKT_RKT0_.12464 @ 0x929aa0
LOITER: _ZN8AC_WPNav20wp_and_spline_init_mEf7Vector3IfE @ 0x92a3f0
LOITER: _ZL3MAXI9AP_ParamTIfL11ap_var_type4EEfEDTqugtfp_fp0_fp_fp0_ERKT_RKT0_.12462 @ 0x92a910
LOITER: _ZN13AC_PosControl32init_U_controller_stopping_pointEv @ 0x92a9a0
LOITER: _ZN13AC_PosControl33init_NE_controller_stopping_pointEv @ 0x92aa40
LOITER: _ZL3MAXIffEDTqugtfp_fp0_fp_fp0_ERKT_RKT0_.12463 @ 0x92ab50
LOITER: _ZN13AC_PosControl30set_correction_speed_accel_U_mEfff @ 0x92abd0
LOITER: _ZN8AC_WPNav25calc_scurve_jerk_and_snapEv @ 0x92ac80
LOITER: _ZNK18AC_AttitudeControl12get_input_tcEv @ 0xb36e00
LOITER: _ZN7AC_P_1D10set_limitsEffff @ 0x92af30
LOITER: _ZN13AC_PosControl17init_U_controllerEv @ 0x92b1d0
LOITER: _ZN13AC_PosControl12init_terrainEv @ 0x92b440
LOITER: _ZN13AC_PosControl14init_offsets_UEv @ 0x92b4b0
LOITER: _ZN12AC_PID_Basic12reset_filterEv @ 0xb36e60
LOITER: _ZN12AC_PID_Basic14set_integratorEf @ 0x92b570
LOITER: _ZNK13AC_PosControl24get_measured_accel_U_mssEv @ 0xb36eb0
LOITER: _ZN13AC_PosControl16init_ekf_U_resetEv @ 0x92b620
LOITER: _ZN12AP_AHRS_View19getLastPosDownResetERf @ 0xb36f20
LOITER: _ZN7AP_AHRS19getLastPosDownResetERf @ 0x92b690
LOITER: _ZN7NavEKF319getLastPosDownResetERf @ 0x92b8d0
LOITER: _ZNK12AP_AHRS_View12get_accel_efEv @ 0xb36ff0
LOITER: _ZN24AC_AttitudeControl_Multi17get_rate_roll_pidEv @ 0xb37720
LOITER: _ZN24AC_AttitudeControl_Multi18get_rate_pitch_pidEv @ 0xb37770
LOITER: _ZN24AC_AttitudeControl_Multi16get_rate_yaw_pidEv @ 0xb377c0
LOITER: _ZNK24AC_AttitudeControl_Multi16get_rate_yaw_pidEv @ 0xb378b0
LOITER: _ZN18AC_AttitudeControl37input_thrust_vector_rate_heading_radsERK7Vector3IfEfb @ 0x92ea10
LOITER: _ZN24AC_AttitudeControl_Multi19rate_controller_runEv @ 0x92f3b0
LOITER: _ZN24AC_AttitudeControl_Multi28rate_controller_target_resetEv @ 0x92f440
LOITER: _ZN24AC_AttitudeControl_Multi22rate_controller_run_dtERK7Vector3IfEf @ 0x92f4d0
LOITER: _ZN24AC_AttitudeControl_Multi29update_althold_lean_angle_maxEf @ 0x92f780
LOITER: _ZN24AC_AttitudeControl_Multi16set_throttle_outEfbf @ 0x92f8c0
LOITER: _ZNK18AC_AttitudeControl30get_althold_lean_angle_max_radEv @ 0x92f9f0
LOITER: _ZN24AC_AttitudeControl_Multi21set_notch_sample_rateEf @ 0x92fd00
LOITER: _ZNK24AC_AttitudeControl_Multi19is_throttle_mix_minEv @ 0xb37a60
LOITER: _ZN24AC_AttitudeControl_Multi20set_throttle_mix_maxEf @ 0x92fda0
LOITER: _ZL3MAXIffEDTqugtfp_fp0_fp_fp0_ERKT_RKT0_.12164 @ 0x92fe90
LOITER: _ZN9AP_Motors26set_throttle_filter_cutoffEf @ 0xb37f00
LOITER: _ZN24AC_AttitudeControl_Multi20get_throttle_boostedEf @ 0x92ff10
LOITER: _ZN9AP_Motors12set_throttleEf @ 0xb37f70
LOITER: _ZL3MAXIffEDTqugtfp_fp0_fp_fp0_ERKT_RKT0_.12079 @ 0x9300b0
LOITER: _ZN24AC_AttitudeControl_Multi20get_throttle_avg_maxEf @ 0x930130
LOITER: _ZN9AP_Motors20set_throttle_avg_maxEf @ 0xb37fd0
LOITER: _ZNK12AP_AHRS_View9cos_pitchEv @ 0xb38050
LOITER: _ZNK12AP_AHRS_View8cos_rollEv @ 0xb380a0
LOITER: _ZNK20AP_MotorsMulticopter23get_throttle_thrust_maxEv @ 0xb380f0
LOITER: _ZN24AC_AttitudeControl_Multi26update_throttle_gain_boostEv @ 0x930230
LOITER: _ZN24AC_AttitudeControl_Multi23update_throttle_rpy_mixEv @ 0x9303b0
LOITER: _ZN9AP_Motors8set_rollEf @ 0xb38140
LOITER: _ZNK6AC_PID6get_ffEv @ 0x9305f0
LOITER: _ZN9AP_Motors11set_roll_ffEf @ 0xb381a0
LOITER: _ZN9AP_Motors9set_pitchEf @ 0xb38200
LOITER: _ZN9AP_Motors12set_pitch_ffEf @ 0xb38260
LOITER: _ZN9AP_Motors7set_yawEf @ 0xb382c0
LOITER: _ZN9AP_Motors10set_yaw_ffEf @ 0xb38320
LOITER: _ZL3MINIffEDTqultfp_fp0_fp_fp0_ERKT_RKT0_.12080 @ 0x930650
LOITER: _ZNK9AP_Motors16get_throttle_outEv @ 0xb38380
LOITER: _ZNK9AP_Motors22get_throttle_slew_rateEv @ 0xb383d0
LOITER: _ZN18AC_AttitudeControl17set_PD_scale_multERK7Vector3IfE @ 0xb38420
LOITER: _ZN18AC_AttitudeControl22set_angle_P_scale_multERK7Vector3IfE @ 0xb38490
LOITER: _ZN18AC_AttitudeControl22update_attitude_targetEv @ 0x930730
LOITER: _ZNK11QuaternionTIfE8to_eulerER7Vector3IfE @ 0xb38500
LOITER: _ZNK18AC_AttitudeControl27attitude_from_thrust_vectorE7Vector3IfEf @ 0x930800
LOITER: _ZN18AC_AttitudeControl19input_shaping_angleEfffff @ 0xb38580
LOITER: _ZN18AC_AttitudeControl19input_shaping_angleEfffffff @ 0x930a50
LOITER: _ZNK18AC_AttitudeControl13ang_vel_limitER7Vector3IfEfff @ 0x930bb0
LOITER: _ZN18AC_AttitudeControl21ang_vel_to_euler_rateERK11QuaternionTIfERK7Vector3IfERS5_ @ 0x930db0
LOITER: _ZN18AC_AttitudeControl28attitude_controller_run_quatEv @ 0x930f50
LOITER: _ZN18AC_AttitudeControl36update_ang_vel_target_from_att_errorERK7Vector3IfE @ 0x9313f0
LOITER: _ZNK18AC_AttitudeControl15get_latest_gyroEv @ 0x931800
LOITER: _ZN18AC_AttitudeControl21input_shaping_ang_velEfffff @ 0x931870
LOITER: _ZNK20AP_MotorsMulticopter18get_throttle_hoverEv @ 0xb38d60
LOITER: _ZN20AP_MotorsMulticopter6outputEv @ 0x933720
LOITER: _ZN9AP_Motors8rc_writeEht @ 0x933940
LOITER: _ZN20AP_MotorsMulticopter9Log_WriteEv @ 0x933a00
LOITER: _ZN15AP_MotorsMatrix24output_armed_stabilizingEv @ 0x933b00
LOITER: _ZN20AP_MotorsMulticopter22update_throttle_filterEv @ 0x934840
LOITER: _ZN20AP_MotorsMulticopter30get_current_limit_max_throttleEv @ 0x934ed0
LOITER: _ZN20AP_MotorsMulticopter21output_boost_throttleEv @ 0x935150
LOITER: _ZN20AP_MotorsMulticopter11output_rpytEv @ 0x935230
LOITER: _ZL3MAXIffEDTqugtfp_fp0_fp_fp0_ERKT_RKT0_.12661 @ 0x9367a0
LOITER: _ZNK20Thrust_Linearization17get_battery_indexEv @ 0xb39160
LOITER: _ZN15AP_MotorsMatrix16output_to_motorsEv @ 0x936c60
LOITER: _ZN20AP_MotorsMulticopter22set_actuator_with_slewERff @ 0x936f70
LOITER: _ZNK20Thrust_Linearization18thrust_to_actuatorEf @ 0x937130
LOITER: _ZN20AP_MotorsMulticopter13output_to_pwmEf @ 0x937210
LOITER: _ZNK20Thrust_Linearization35apply_thrust_curve_and_volt_scalingEf @ 0x937330
LOITER: _ZNK20Thrust_Linearization21get_compensation_gainEv @ 0x9375b0
LOITER: _ZNK15AP_MotorsMatrix11boost_ratioEff @ 0x9376c0
LOITER: _ZL3MINIffEDTqultfp_fp0_fp_fp0_ERKT_RKT0_.12687 @ 0x937750
LOITER: _ZN15AP_MotorsMatrix22check_for_failed_motorEf @ 0x9377e0
LOITER: _ZNK20Thrust_Linearization12get_lift_maxEv @ 0xb39380
LOITER: _ZN9AP_Motors23set_desired_spool_stateENS_17DesiredSpoolStateE @ 0x937b00
LOITER: _ZN20Thrust_Linearization33update_lift_max_from_batt_voltageEv @ 0x937b80
LOITER: _ZN20AP_MotorsMulticopter12output_logicEv @ 0x937f20
LOITER: _ZN20AP_MotorsMulticopter22update_external_limitsEv @ 0x938910
LOITER: _ZL3MAXIffEDTqugtfp_fp0_fp_fp0_ERKT_RKT0_.12752 @ 0x938ad0
LOITER: _ZN9AP_Motors10has_optionENS_12MotorOptionsE @ 0xb39430
LOITER: _ZNK9AP_ParamTIfL11ap_var_type4EEgeERKS1_ @ 0xb394b0
LOITER: _ZL3MAXI9AP_ParamTIfL11ap_var_type4EEfEDTqugtfp_fp0_fp_fp0_ERKT_RKT0_.12812 @ 0x938b50
LOITER: _ZNK9AP_Motors8get_dt_sEv @ 0xb39520
LOITER: _ZN15AP_MotorsMatrix19thrust_compensationEv @ 0x939f50
LOITER: _ZNK7FunctorIvJPfhEEcvbEv @ 0xb39680
LOITER: _ZN15AP_Baro_Backend17_copy_to_frontendEhff @ 0x942bf0
LOITER: _ZN12AP_Baro_SITL6_timerEv @ 0x943e80
LOITER: _ZN7FunctorIvJEE14method_wrapperI12AP_Baro_SITLXadL_ZNS2_6_timerEvEEEEvPv @ 0xb3b9a0
LOITER: _ZN7VectorNIN12AP_Baro_SITL13readings_baroELh50EEixEh @ 0xb3ba50
LOITER: _ZN12AP_Baro_SITL22temperature_adjustmentERfS0_ @ 0x944270
LOITER: _ZN12AP_Baro_SITL24wind_pressure_correctionEh @ 0x944460
LOITER: _ZL2sqf.2279 @ 0x944670
LOITER: _ZN7AP_Baro22_get_air_density_ratioEv @ 0x9446c0
LOITER: _ZL2sqf.2258 @ 0x944760
LOITER: _ZN12AP_Baro_SITL6updateEv @ 0x944850
LOITER: _ZN12AP_Baro_SITL19update_healthy_flagEh @ 0xb3bb60
LOITER: _ZN12AP_Baro_SITL7healthyEh @ 0x944900
LOITER: _ZNK22AP_BattMonitor_Backend17has_cell_voltagesEv @ 0xb3c270
LOITER: _ZNK22AP_BattMonitor_Backend15has_temperatureEv @ 0xb3c2c0
LOITER: _ZNK22AP_BattMonitor_Backend15get_temperatureERf @ 0x945110
LOITER: _ZNK22AP_BattMonitor_Backend22capacity_remaining_pctERh @ 0x9451d0
LOITER: _ZN22AP_BattMonitor_Backend26update_resistance_estimateEv @ 0x945350
LOITER: _ZN22AP_BattMonitor_Backend16update_failsafesEv @ 0x9456a0
LOITER: _ZNK22AP_BattMonitor_Backend25get_mavlink_fault_bitmaskEv @ 0xb3c370
LOITER: _ZL3MINIifEDTqultfp_fp0_fp_fp0_ERKT_RKT0_.18692 @ 0x9459c0
LOITER: _ZN21AP_BattMonitor_Analog4readEv @ 0x947660
LOITER: _ZNK21AP_BattMonitor_Analog19has_consumed_energyEv @ 0xb3d060
LOITER: _ZNK21AP_BattMonitor_Analog11has_currentEv @ 0x947860
LOITER: _ZN9AP_Notify19set_flight_mode_strEPKc @ 0x94de70
LOITER: _ZN6RGBLed6updateEv @ 0x953ac0
LOITER: _ZN6RGBLed8_set_rgbEhhh @ 0x953ef0
LOITER: _ZNK6RGBLed10rgb_sourceEv @ 0x954000
LOITER: _ZNK6RGBLed19get_colour_sequenceEv @ 0x954260
LOITER: _ZNK6RGBLed14get_brightnessEv @ 0x954650
LOITER: _ZN6RGBLed7set_rgbEhhh @ 0x954750
LOITER: _ZN10IS31FL31956_timerEv @ 0x954810
LOITER: _ZN7FunctorIvJEE14method_wrapperI10IS31FL3195XadL_ZNS2_6_timerEvEEEEvPv @ 0xb40710
LOITER: _ZN6LP55626_timerEv @ 0x954da0
LOITER: _ZN7FunctorIvJEE14method_wrapperI6LP5562XadL_ZNS2_6_timerEvEEEEvPv @ 0xb40a80
LOITER: _ZN14ToshibaLED_I2C6_timerEv @ 0x956bd0
LOITER: _ZN7FunctorIvJEE14method_wrapperI14ToshibaLED_I2CXadL_ZNS2_6_timerEvEEEEvPv @ 0xb41790
LOITER: _ZN4Mode4exitEv @ 0xb41ca0
LOITER: _ZNK4Mode13logs_attitudeEv @ 0xb41e90
LOITER: _ZNK4Mode19crash_check_enabledEv @ 0xb42020
LOITER: _ZNK4Mode10is_landingEv @ 0xb421b0
LOITER: _ZN4Mode16output_to_motorsEv @ 0x9596d0
LOITER: _ZNK13AC_PosControl23get_pos_estimate_NEU_cmEv @ 0xb422e0
LOITER: _ZNK6Copter38get_rangefinder_height_interpolated_cmERi @ 0x959e50
LOITER: _ZNK18AP_SurfaceDistance38get_rangefinder_height_interpolated_cmERi @ 0x959ec0
LOITER: _ZNK18AP_SurfaceDistance19enabled_and_healthyEv @ 0x959fc0
LOITER: _ZN13AC_PosControl24set_max_speed_accel_U_cmEfff @ 0x95a030
LOITER: _ZNK13AC_PosControl18crosstrack_error_mEv @ 0x95a2b0
LOITER: _ZL2sqf.12305 @ 0x95a400
LOITER: _ZNK13AC_PosControl18get_pos_error_NE_mEv @ 0xb42520
LOITER: _ZNK13AC_PosControl25get_bearing_to_target_radEv @ 0x95a4a0
LOITER: _ZN4Mode36get_avoidance_adjusted_climbrate_cmsEf @ 0x95be20
LOITER: _ZN13AC_PosControl35set_pos_target_U_from_climb_rate_cmEf @ 0x95c330
LOITER: _ZN13AC_PosControl19update_U_controllerEv @ 0x95c3a0
LOITER: _ZN13AC_PosControl18handle_ekf_U_resetEv @ 0x95c8b0
LOITER: _ZN13AC_PosControl16update_offsets_UEv @ 0x95ca00
LOITER: _ZN13AC_PosControl14update_terrainEv @ 0x95ccf0
LOITER: _ZN7AC_P_1D10update_allERff @ 0x95cf10
LOITER: _ZNK7AP_AHRS16getControlScaleZEv @ 0x95d070
LOITER: _ZN12AC_PID_Basic10update_allEfffbb @ 0x95d0f0
LOITER: _ZNK6AC_PID4imaxEv @ 0xb42630
LOITER: _ZNK12AC_PID_Basic16get_filt_E_alphaEf @ 0x95d710
LOITER: _ZNK12AC_PID_Basic16get_filt_D_alphaEf @ 0x95d790
LOITER: _ZN12AC_PID_Basic8update_iEfbb @ 0x95d810
LOITER: _ZN13AC_PosControl34set_pos_target_U_from_climb_rate_mEf @ 0x95d970
LOITER: _ZN13AC_PosControl19input_vel_accel_U_mERffb @ 0x95d9e0
LOITER: _ZNK13AC_PosControl20get_max_accel_U_cmssEv @ 0xb42710
LOITER: _ZN8AC_Avoid17adjust_velocity_zEffRff @ 0x95e0f0
LOITER: _ZN8AC_Avoid17adjust_velocity_zEffRfS0_f @ 0x95e200
LOITER: _ZL3MINIffEDTqultfp_fp0_fp_fp0_ERKT_RKT0_.8997 @ 0x95e7f0
LOITER: _ZL3MAXIffEDTqugtfp_fp0_fp_fp0_ERKT_RKT0_.8998 @ 0x95e880
LOITER: _ZNK7AP_AHRS18get_hgt_ctrl_limitERf @ 0x95e900
LOITER: _ZNK12AP_Proximity19get_upward_distanceERf @ 0x95ea00
LOITER: _ZNK7NavEKF321getHeightControlLimitERf @ 0x95ed00
LOITER: _ZNK12NavEKF3_core21getHeightControlLimitERf @ 0x95eda0
LOITER: _ZNK13AC_PosControl23get_vel_desired_NEU_cmsEv @ 0xb428f0
LOITER: _ZNK13AC_PosControl17get_thrust_vectorEv @ 0x95f630
LOITER: _ZNK4Mode31get_pilot_desired_yaw_rate_radsEv @ 0x95f990
LOITER: _ZNK15AC_CommandModel8get_rateEv @ 0xb42b30
LOITER: _ZL7radiansf.1204 @ 0x9611a0
LOITER: _ZNK15AC_CommandModel8get_expoEv @ 0xb42b90
LOITER: _Z10input_expoff @ 0x9611f0
LOITER: _ZNK13AC_PosControl24get_accel_target_NEU_mssEv @ 0xb42bf0
LOITER: _ZNK13AC_PosControl21get_pos_desired_NEU_mEv @ 0xb42c40
LOITER: _ZN8AC_Avoid15adjust_velocityER7Vector3IfEfffff @ 0xb42cf0
LOITER: _ZNK8AC_Avoid13limits_activeEv @ 0xb42dc0
LOITER: _ZN8AC_Avoid15adjust_velocityER7Vector3IfERbfffff @ 0x961d10
LOITER: _ZN8AC_Avoid25adjust_velocity_proximityEffR7Vector3IfES2_fff @ 0x962420
LOITER: _ZN8AC_Avoid29find_max_quadrant_velocity_3DER7Vector3IfER7Vector2IfES5_S5_S5_RfS6_ @ 0x962d30
LOITER: _ZN8AC_Avoid21adjust_velocity_fenceEffR7Vector3IfES2_fff @ 0x962eb0
LOITER: _ZN8AC_Avoid11limit_accelERK7Vector3IfERS1_f @ 0x963290
LOITER: _ZN8AC_Avoid28adjust_velocity_circle_fenceEffR7Vector2IfES2_f @ 0x963680
LOITER: _ZN8AC_Avoid26find_max_quadrant_velocityER7Vector2IfES2_S2_S2_S2_ @ 0x963d10
LOITER: _ZN8AC_Avoid48adjust_velocity_inclusion_and_exclusion_polygonsEffR7Vector2IfES2_f @ 0x963fd0
LOITER: _ZN8AC_Avoid33adjust_velocity_inclusion_circlesEffR7Vector2IfES2_f @ 0x964380
LOITER: _ZN8AC_Avoid33adjust_velocity_exclusion_circlesEffR7Vector2IfES2_f @ 0x964c00
LOITER: _ZNK8AC_Avoid21get_stopping_distanceEfff @ 0x965d50
LOITER: _ZNK12AP_Proximity18get_obstacle_countEv @ 0x966180
LOITER: _ZNK7AP_AHRS15earth_to_body2DERK7Vector2IfE @ 0x9661d0
LOITER: _ZNK12AP_Proximity12get_obstacleEhR7Vector3IfE @ 0x966280
LOITER: _ZNK24AP_Proximity_Boundary_3D28convert_obstacle_num_to_faceEhRNS_4FaceE @ 0x966df0
LOITER: _ZNK24AP_Proximity_Boundary_3D12get_obstacleEhR7Vector3IfE @ 0x966f00
LOITER: _ZNK24AP_Proximity_Boundary_3D18get_obstacle_countEv @ 0x967090
LOITER: _ZNK4Mode13is_taking_offEv @ 0x968690
LOITER: _ZNK4Mode6get_wpER8Location @ 0xb43bb0
LOITER: _ZNK4Mode8_TakeOff7runningEv @ 0xb43f60
LOITER: _ZN8AC_WPNav21wp_and_spline_init_cmEf7Vector3IfE @ 0x96a6b0
LOITER: _ZN7FunctorIvJEE14method_wrapperI17AP_InertialSensorXadL_ZNS2_6updateEvEEEEvPv @ 0xb44240
LOITER: _ZN7FunctorIvJEE14method_wrapperI6CopterXadL_ZNS2_24run_rate_controller_mainEvEEEEvPv @ 0xb442f0
LOITER: _ZN7FunctorIvJEE14method_wrapperI6CopterXadL_ZNS2_21run_custom_controllerEvEEEEvPv @ 0xb443a0
LOITER: _ZN7FunctorIvJEE14method_wrapperI6CopterXadL_ZNS2_18motors_output_mainEvEEEEvPv @ 0xb44450
LOITER: _ZN7FunctorIvJEE14method_wrapperI6CopterXadL_ZNS2_9read_AHRSEvEEEEvPv @ 0xb44500
LOITER: _ZN7FunctorIvJEE14method_wrapperI6CopterXadL_ZNS2_12read_inertiaEvEEEEvPv @ 0xb445b0
LOITER: _ZN7FunctorIvJEE14method_wrapperI6CopterXadL_ZNS2_15check_ekf_resetEvEEEEvPv @ 0xb44660
LOITER: _ZN7FunctorIvJEE14method_wrapperI6CopterXadL_ZNS2_18update_flight_modeEvEEEEvPv @ 0xb44710
LOITER: _ZN7FunctorIvJEE14method_wrapperI6CopterXadL_ZNS2_20update_home_from_EKFEvEEEEvPv @ 0xb447c0
LOITER: _ZN7FunctorIvJEE14method_wrapperI6CopterXadL_ZNS2_31update_land_and_crash_detectorsEvEEEEvPv @ 0xb44870
LOITER: _ZN7FunctorIvJEE14method_wrapperI6CopterXadL_ZNS2_33update_rangefinder_terrain_offsetEvEEEEvPv @ 0xb44920
LOITER: _ZN7FunctorIvJEE14method_wrapperI8AP_MountXadL_ZNS2_11update_fastEvEEEEvPv @ 0xb449d0
LOITER: _ZN7FunctorIvJEE14method_wrapperI6CopterXadL_ZNS2_23Log_Video_StabilisationEvEEEEvPv @ 0xb44a80
LOITER: _ZN7FunctorIvJEE14method_wrapperI6CopterXadL_ZNS2_7rc_loopEvEEEEvPv @ 0xb44b30
LOITER: _ZN7FunctorIvJEE14method_wrapperI6CopterXadL_ZNS2_13throttle_loopEvEEEEvPv @ 0xb44be0
LOITER: _ZN7FunctorIvJEE14method_wrapperI6CopterXadL_ZNS2_11fence_checkEvEEEEvPv @ 0xb44c90
LOITER: _ZN7FunctorIvJEE14method_wrapperI6AP_GPSXadL_ZNS2_6updateEvEEEEvPv @ 0xb44d40
LOITER: _ZN7FunctorIvJEE14method_wrapperI14AP_OpticalFlowXadL_ZNS2_6updateEvEEEEvPv @ 0xb44df0
LOITER: _ZN7FunctorIvJEE14method_wrapperI6CopterXadL_ZNS2_19update_batt_compassEvEEEEvPv @ 0xb44ea0
LOITER: _ZN7FunctorIvJEE14method_wrapperI11RC_ChannelsXadL_ZNS2_12read_aux_allEvEEEEvPv @ 0xb44f50
LOITER: _ZN7FunctorIvJEE14method_wrapperI6CopterXadL_ZNS2_17auto_disarm_checkEvEEEEvPv @ 0xb45000
LOITER: _ZN7FunctorIvJEE14method_wrapperI18RC_Channels_CopterXadL_ZNS2_13auto_trim_runEvEEEEvPv @ 0xb450b0
LOITER: _ZN7FunctorIvJEE14method_wrapperI6CopterXadL_ZNS2_16read_rangefinderEvEEEEvPv @ 0xb45160
LOITER: _ZN7FunctorIvJEE14method_wrapperI12AP_ProximityXadL_ZNS2_6updateEvEEEEvPv @ 0xb45210
LOITER: _ZN7FunctorIvJEE14method_wrapperI9AP_BeaconXadL_ZNS2_6updateEvEEEEvPv @ 0xb452c0
LOITER: _ZN7FunctorIvJEE14method_wrapperI6CopterXadL_ZNS2_15update_altitudeEvEEEEvPv @ 0xb45370
LOITER: _ZN7FunctorIvJEE14method_wrapperI6CopterXadL_ZNS2_15run_nav_updatesEvEEEEvPv @ 0xb45420
LOITER: _ZN7FunctorIvJEE14method_wrapperI6CopterXadL_ZNS2_21update_throttle_hoverEvEEEEvPv @ 0xb454d0
LOITER: _ZN7FunctorIvJEE14method_wrapperI12ModeSmartRTLXadL_ZNS2_13save_positionEvEEEEvPv @ 0xb45580
LOITER: _ZN7FunctorIvJEE14method_wrapperI10AC_SprayerXadL_ZNS2_6updateEvEEEEvPv @ 0xb45630
LOITER: _ZN7FunctorIvJEE14method_wrapperI6CopterXadL_ZNS2_13three_hz_loopEvEEEEvPv @ 0xb456e0
LOITER: _ZN7FunctorIvJEE14method_wrapperI19AP_ServoRelayEventsXadL_ZNS2_13update_eventsEvEEEEvPv @ 0xb45790
LOITER: _ZN7FunctorIvJEE14method_wrapperI6CopterXadL_ZNS2_15update_preclandEvEEEEvPv @ 0xb45840
LOITER: _ZN7FunctorIvJEE14method_wrapperI6CopterXadL_ZNS2_17loop_rate_loggingEvEEEEvPv @ 0xb458f0
LOITER: _ZN7FunctorIvJEE14method_wrapperI6CopterXadL_ZNS2_11one_hz_loopEvEEEEvPv @ 0xb459a0
LOITER: _ZN7FunctorIvJEE14method_wrapperI6CopterXadL_ZNS2_9ekf_checkEvEEEEvPv @ 0xb45a50
LOITER: _ZN7FunctorIvJEE14method_wrapperI6CopterXadL_ZNS2_15check_vibrationEvEEEEvPv @ 0xb45b00
LOITER: _ZN7FunctorIvJEE14method_wrapperI6CopterXadL_ZNS2_15gpsglitch_checkEvEEEEvPv @ 0xb45bb0
LOITER: _ZN7FunctorIvJEE14method_wrapperI6CopterXadL_ZNS2_13takeoff_checkEvEEEEvPv @ 0xb45c60
LOITER: _ZN7FunctorIvJEE14method_wrapperI6CopterXadL_ZNS2_18landinggear_updateEvEEEEvPv @ 0xb45d10
LOITER: _ZN7FunctorIvJEE14method_wrapperI6CopterXadL_ZNS2_14standby_updateEvEEEEvPv @ 0xb45dc0
LOITER: _ZN7FunctorIvJEE14method_wrapperI6CopterXadL_ZNS2_18lost_vehicle_checkEvEEEEvPv @ 0xb45e70
LOITER: _ZN7FunctorIvJEE14method_wrapperI3GCSXadL_ZNS2_14update_receiveEvEEEEvPv @ 0xb45f20
LOITER: _ZN7FunctorIvJEE14method_wrapperI3GCSXadL_ZNS2_11update_sendEvEEEEvPv @ 0xb45fd0
LOITER: _ZN7FunctorIvJEE14method_wrapperI8AP_MountXadL_ZNS2_6updateEvEEEEvPv @ 0xb46080
LOITER: _ZN7FunctorIvJEE14method_wrapperI9AP_CameraXadL_ZNS2_6updateEvEEEEvPv @ 0xb46130
LOITER: _ZN7FunctorIvJEE14method_wrapperI6CopterXadL_ZNS2_19ten_hz_logging_loopEvEEEEvPv @ 0xb461e0
LOITER: _ZN7FunctorIvJEE14method_wrapperI6CopterXadL_ZNS2_21twentyfive_hz_loggingEvEEEEvPv @ 0xb46290
LOITER: _ZN7FunctorIvJEE14method_wrapperI9AP_LoggerXadL_ZNS2_14periodic_tasksEvEEEEvPv @ 0xb46340
LOITER: _ZN7FunctorIvJEE14method_wrapperI17AP_InertialSensorXadL_ZNS2_8periodicEvEEEEvPv @ 0xb463f0
LOITER: _ZN7FunctorIvJEE14method_wrapperI12AP_SchedulerXadL_ZNS2_14update_loggingEvEEEEvPv @ 0xb464a0
LOITER: _ZN7FunctorIvJEE14method_wrapperI18AP_TempCalibrationXadL_ZNS2_6updateEvEEEEvPv @ 0xb46550
LOITER: _ZN7FunctorIvJEE14method_wrapperI6CopterXadL_ZNS2_21avoidance_adsb_updateEvEEEEvPv @ 0xb46600
LOITER: _ZN7FunctorIvJEE14method_wrapperI6CopterXadL_ZNS2_14terrain_updateEvEEEEvPv @ 0xb466b0
LOITER: _ZN7FunctorIvJEE14method_wrapperI8AP_WinchXadL_ZNS2_6updateEvEEEEvPv @ 0xb46760
LOITER: _ZN7FunctorIvJEE14method_wrapperI9AP_ButtonXadL_ZNS2_6updateEvEEEEvPv @ 0xb46810
LOITER: _ZN7FunctorIvJEE14method_wrapperI6CopterXadL_ZNS2_43update_dynamic_notch_at_specified_rate_mainEvEEEEvPv @ 0xb468c0
LOITER: _ZN6Copter43update_dynamic_notch_at_specified_rate_mainEv @ 0x96ae30
LOITER: _ZN10AP_Vehicle38update_dynamic_notch_at_specified_rateEv @ 0x96aea0
LOITER: _ZN10AP_Vehicle20update_dynamic_notchERN17AP_InertialSensor13HarmonicNotchE @ 0x96aff0
LOITER: _ZN9AP_Button6updateEv @ 0x96c0d0
LOITER: _ZN8AP_Winch6updateEv @ 0x96cd50
LOITER: _ZNK8AP_Winch7enabledEv @ 0x96cdd0
LOITER: _ZN6Copter14terrain_updateEv @ 0x96ce50
LOITER: _ZN10AP_Terrain6updateEv @ 0x96cef0
LOITER: _ZN11RangeFinder28set_estimated_terrain_heightEf @ 0xb46d80
LOITER: _ZN10AP_Terrain16schedule_disk_ioEv @ 0x96d0c0
LOITER: _ZN10AP_Terrain19update_mission_dataEv @ 0x96d310
LOITER: _ZN10AP_Terrain17update_rally_dataEv @ 0x96d620
LOITER: _ZN10AP_Terrain24update_surrounding_tilesERK8Location @ 0x96d7f0
LOITER: _ZNK8AP_Rally19last_change_time_msEv @ 0xb46df0
LOITER: _ZNK10AP_Mission19last_change_time_msEv @ 0xb46e40
LOITER: _ZN10AP_Terrain15check_disk_readEv @ 0x96d970
LOITER: _ZN10AP_Terrain16check_disk_writeEv @ 0x96da50
LOITER: _ZN10AP_Terrain8io_timerEv @ 0x96ddb0
LOITER: _ZN7FunctorIvJEE14method_wrapperI10AP_TerrainXadL_ZNS2_8io_timerEvEEEEvPv @ 0xb46ef0
LOITER: _ZN6Copter21avoidance_adsb_updateEv @ 0x96e8d0
LOITER: _ZN7AP_ADSB6updateEv @ 0x96e940
LOITER: _ZN12AP_Avoidance6updateEv @ 0x96eb20
LOITER: _ZN12AP_Avoidance13check_startupEv @ 0x96ebe0
LOITER: _ZN7AP_ADSB3LocC2Ev @ 0xb47180
LOITER: _ZNK7AP_AHRS19get_vert_pos_rate_DERf @ 0x970420
LOITER: _ZN7AP_ADSB6updateERKNS_3LocE @ 0x970550
LOITER: _ZNK7NavEKF320getPosDownDerivativeEv @ 0x970c10
LOITER: _ZNK12NavEKF3_core20getPosDownDerivativeEv @ 0x970e60
LOITER: _ZN18AP_TempCalibration6updateEv @ 0x970f20
LOITER: _ZN12AP_Scheduler14update_loggingEv @ 0x971af0
LOITER: _ZN12AP_Scheduler11debug_flagsEv @ 0xb471f0
LOITER: _ZN12AP_Scheduler21Log_Write_PerformanceEv @ 0x971d60
LOITER: _ZN2AP8PerfInfo13has_task_infoEv @ 0xb47250
LOITER: _ZNK2AP8PerfInfo20get_num_long_runningEv @ 0x971f70
LOITER: _ZNK2AP8PerfInfo13get_num_loopsEv @ 0x971fc0
LOITER: _ZNK2AP8PerfInfo12get_max_timeEv @ 0x972010
LOITER: _ZN12AP_Scheduler12load_averageEv @ 0x972060
LOITER: _ZNK16AP_InternalError5countEv @ 0xb472b0
LOITER: _ZN17AP_InertialSensor8periodicEv @ 0x9722a0
LOITER: _ZN17AP_InertialSensor12BatchSampler8periodicEv @ 0x972300
LOITER: _ZN9AP_Logger14periodic_tasksEv @ 0x972920
LOITER: _ZN6Copter21twentyfive_hz_loggingEv @ 0x9729c0
LOITER: _ZN6Copter17Log_Write_EKF_POSEv @ 0x972aa0
LOITER: _ZNK17AP_InertialSensor9Write_IMUEv @ 0x972af0
LOITER: _ZN10AP_GyroFFT18write_log_messagesEv @ 0x972bb0
LOITER: _ZL3MAXIhhEDTqugtfp_fp0_fp_fp0_ERKT_RKT0_ @ 0x973230
LOITER: _ZNK17AP_InertialSensor18Write_IMU_instanceEmh @ 0x9732b0
LOITER: _ZNK17AP_InertialSensor16get_gyro_rate_hzEh @ 0xb47470
LOITER: _ZNK17AP_InertialSensor17get_accel_rate_hzEh @ 0xb474f0
LOITER: _ZN7AP_AHRS9Log_WriteEv @ 0x973440
LOITER: _ZN7NavEKF29Log_WriteEv @ 0x9734d0
LOITER: _ZN7NavEKF39Log_WriteEv @ 0x9735e0
LOITER: _ZNK7AP_AHRS11Write_AHRS2Ev @ 0x9736f0
LOITER: _ZNK7AP_AHRS9Write_POSEv @ 0x9738d0
LOITER: _ZN4SITL3SIM18Log_Write_SIMSTATEEv @ 0x973a30
LOITER: _ZNK7AP_AHRS22get_secondary_attitudeER7Vector3IfE @ 0xb47570
LOITER: _ZNK7AP_AHRS22get_secondary_positionER8Location @ 0xb475f0
LOITER: _ZNK7AP_AHRS24get_secondary_quaternionER11QuaternionTIfE @ 0xb47670
LOITER: _ZL7degreesf.1917 @ 0x973bc0
LOITER: _ZN12NavEKF3_core9Log_WriteEm @ 0x973c10
LOITER: _ZNK7AP_EnumIN7NavEKF38LogLevelEEcvKS1_Ev @ 0xb476f0
LOITER: _ZNK12NavEKF3_core14Log_Write_XKF4Em @ 0x973d60
LOITER: _ZN12NavEKF3_core13Log_Write_GSFEm @ 0x9740b0
LOITER: _ZNK12NavEKF3_core14Log_Write_XKF1Em @ 0x974160
LOITER: _ZNK12NavEKF3_core14Log_Write_XKF2Em @ 0x974430
LOITER: _ZNK12NavEKF3_core14Log_Write_XKF3Em @ 0x9746d0
LOITER: _ZNK12NavEKF3_core14Log_Write_XKF5Em @ 0x974930
LOITER: _ZNK12NavEKF3_core14Log_Write_XKFSEm @ 0x974b90
LOITER: _ZNK12NavEKF3_core20Log_Write_QuaternionEm @ 0x974ca0
LOITER: _ZN12NavEKF3_core16Log_Write_BeaconEm @ 0x974d80
LOITER: _ZN12NavEKF3_core18Log_Write_BodyOdomEm @ 0x975070
LOITER: _ZN12NavEKF3_core25Log_Write_State_VariancesEm @ 0x9751e0
LOITER: _ZN12NavEKF3_core16Log_Write_TimingEm @ 0x975500
LOITER: _ZNK6AP_DAL12logging_coreEh @ 0x975660
LOITER: _ZL3MAXIjjEDTqugtfp_fp0_fp_fp0_ERKT_RKT0_ @ 0x9756b0
LOITER: _ZNK16AP_NavEKF_Source21getPosVelYawSourceSetEv @ 0xb47740
LOITER: _ZL3MAXIddEDTqugtfp_fp0_fp_fp0_ERKT_RKT0_.4677 @ 0x975730
LOITER: _ZL3MINIdiEDTqultfp_fp0_fp_fp0_ERKT_RKT0_.4678 @ 0x9757b0
LOITER: _ZNK12NavEKF3_core14getInnovationsER7Vector3IfES2_S2_RfS3_ @ 0x975850
LOITER: _ZL7degreesf.4675 @ 0x975a50
LOITER: _ZNK12NavEKF3_core26getSynthAirDataInnovationsER7Vector2IfERf @ 0x975aa0
LOITER: _ZN10EKFGSF_yaw9Log_WriteEm11LogMessagesS0_h @ 0x975b70
LOITER: _ZL7degreesf.19457 @ 0x975ef0
LOITER: _ZL3MAXIffEDTqugtfp_fp0_fp_fp0_ERKT_RKT0_.19458 @ 0x975f40
LOITER: _ZL3MAXIdfEDTqugtfp_fp0_fp_fp0_ERKT_RKT0_.4676 @ 0x975fc0
LOITER: _ZN6Copter19ten_hz_logging_loopEv @ 0x977af0
LOITER: _ZNK7AP_AHRS14Write_AttitudeERK7Vector3IfE @ 0x977ea0
LOITER: _ZN6Copter18Log_Write_AttitudeEv @ 0x977fb0
LOITER: _ZN6Copter14Log_Write_RateEv @ 0x978010
LOITER: _ZN6Copter14Log_Write_PIDSEv @ 0x978070
LOITER: _ZN9AP_Logger10Write_RCINEv @ 0x978290
LOITER: _ZN9AP_Logger11Write_RCOUTEv @ 0x978530
LOITER: _ZN13AC_PosControl9write_logEv @ 0x978ae0
LOITER: _ZNK17AP_InertialSensor15Write_VibrationEv @ 0x978f60
LOITER: _ZN12AP_Proximity3logEv @ 0x979080
LOITER: _ZN9AP_Beacon3logEv @ 0x9793b0
LOITER: _ZN8AP_Winch9write_logEv @ 0x9794f0
LOITER: _ZN8AP_Mount9write_logEv @ 0x979570
LOITER: _ZNK12AP_Proximity12distance_maxEv @ 0x9796a0
LOITER: _ZNK17AP_InertialSensor20get_accel_clip_countEh @ 0x979bf0
LOITER: _ZN13AC_PosControl10Write_PSCNEfffffffff @ 0x979c90
LOITER: _ZN13AC_PosControl10Write_PSCEEfffffffff @ 0x979d90
LOITER: _ZNK7Vector2IdE7is_zeroEv @ 0xb477e0
LOITER: _ZN13AC_PosControl10Write_PSCDEfffffffff @ 0x97a010
LOITER: _ZN13AC_PosControl10Write_PSCxE11LogMessagesfffffffff @ 0x97a3a0
LOITER: _ZN11RC_Channels12get_radio_inEPth @ 0x97a5e0
LOITER: _ZNK11RC_Channels17get_override_maskEv @ 0x97a6d0
LOITER: _ZL3MINIhiEDTqultfp_fp0_fp_fp0_ERKT_RKT0_.6934 @ 0x97a790
LOITER: _ZN9AP_Logger9Write_PIDEhRK10AP_PIDInfo @ 0x97a810
LOITER: _ZN13AC_PosControl14get_vel_NE_pidEv @ 0xb478d0
LOITER: _ZNK9AC_PID_2D14get_pid_info_xEv @ 0xb47920
LOITER: _ZNK9AC_PID_2D14get_pid_info_yEv @ 0xb47970
LOITER: _ZNK18AC_AttitudeControl10Write_RateERK13AC_PosControl @ 0x97a9a0
LOITER: _ZNK18AC_AttitudeControl15rate_bf_targetsEv @ 0xb479c0
LOITER: _ZNK13AC_PosControl25get_accel_target_NEU_cmssEv @ 0xb47a50
LOITER: _ZNK18AC_AttitudeControl22get_last_angle_P_scaleEv @ 0xb47ae0
LOITER: _ZNK18AC_AttitudeControl9Write_ANGEv @ 0x97add0
LOITER: _ZNK12AP_Scheduler22get_loop_start_time_usEv @ 0xb47b30
LOITER: _ZL7degreesf.12066 @ 0x97af00
LOITER: _ZNK12AP_Scheduler20get_last_loop_time_sEv @ 0xb47b80
LOITER: _ZN9AP_Camera6updateEv @ 0x97af50
LOITER: _ZN8AP_Mount6updateEv @ 0x97b010
LOITER: _ZN6Copter18lost_vehicle_checkEv @ 0x97b0c0
LOITER: _ZN6Copter14standby_updateEv @ 0x97b230
LOITER: _ZN6Copter18landinggear_updateEv @ 0x97b380
LOITER: _ZN6Copter13takeoff_checkEv @ 0x97b920
LOITER: _ZN9AP_Motors17set_spoolup_blockEb @ 0xb47bd0
LOITER: _ZN6Copter15gpsglitch_checkEv @ 0x97beb0
LOITER: _ZN6Copter15check_vibrationEv @ 0x97bfd0
LOITER: _ZNK7AP_AHRS15get_innovationsER7Vector3IfES2_S2_RfS3_ @ 0x97c2f0
LOITER: _ZNK7AP_AHRS21is_vibration_affectedEv @ 0x97c460
LOITER: _ZNK7NavEKF319isVibrationAffectedEv @ 0x97c530
LOITER: _ZNK12NavEKF3_core19isVibrationAffectedEv @ 0xb47c90
LOITER: _ZNK7NavEKF314getInnovationsER7Vector3IfES2_S2_RfS3_ @ 0x97c6b0
LOITER: _ZN6Copter9ekf_checkEv @ 0x97c860
LOITER: _ZN6Copter18ekf_over_thresholdEv @ 0x97cc10
LOITER: _ZN6Copter11one_hz_loopEv @ 0x97d1a0
LOITER: _ZNK6Copter8ap_valueEv @ 0x97d440
LOITER: _ZN6Copter14Log_Write_DataE9LogDataIDj @ 0x97d4f0
LOITER: _ZN6Copter15terrain_loggingEv @ 0x97d5b0
LOITER: _ZN7AP_ADSB13set_is_flyingEb @ 0xb47cf0
LOITER: _ZN16AC_CustomControl21set_notch_sample_rateEf @ 0x97d630
LOITER: _ZNK6Copter18get_fast_rate_typeEv @ 0xb47d50
LOITER: _ZN6Copter13motors_outputEb @ 0x97e6d0
LOITER: _ZNK17AP_InertialSensor24write_notch_log_messagesEv @ 0x97ed40
LOITER: _ZN12SRV_Channels8calc_pwmEv @ 0x97f1e0
LOITER: _ZN12SRV_Channels13output_ch_allEv @ 0x97f400
LOITER: _ZN7Compass11set_voltageEf @ 0xb48310
LOITER: _ZN16Compass_PerMotor11set_voltageEf @ 0xb483e0
LOITER: _ZN9AP_Motors8set_dt_sEf @ 0xb48880
LOITER: _ZN10AP_Terrain16log_terrain_dataEv @ 0x980150
LOITER: _ZN6Copter17loop_rate_loggingEv @ 0x980300
LOITER: _ZN6Copter15update_preclandEv @ 0x980410
LOITER: _ZNK6Copter18rangefinder_alt_okEv @ 0x9804a0
LOITER: _ZN11AC_PrecLand6updateEfb @ 0x980500
LOITER: _ZNK11AC_PrecLand7enabledEv @ 0xb48a20
LOITER: _ZN6Copter13three_hz_loopEv @ 0x982a20
LOITER: _ZN6Copter18failsafe_gcs_checkEv @ 0x982aa0
LOITER: _ZN6Copter22failsafe_terrain_checkEv @ 0x982c60
LOITER: _ZN6Copter25failsafe_deadreckon_checkEv @ 0x982d70
LOITER: _ZN6Copter6tuningEv @ 0x983080
LOITER: _ZN6Copter17low_alt_avoidanceEv @ 0x9831d0
LOITER: _ZN8AC_Avoid30proximity_alt_avoidance_enableEb @ 0xb490a0
LOITER: _ZN6Copter6tuningEPK10RC_Channelaff @ 0x9832b0
LOITER: _ZL3MAXIffEDTqugtfp_fp0_fp_fp0_ERKT_RKT0_.12539 @ 0x983db0
LOITER: _ZN10AC_Sprayer6updateEv @ 0x984290
LOITER: _ZN12ModeSmartRTL13save_positionEv @ 0x9846e0
LOITER: _ZN11AP_SmartRTL6updateEbb @ 0x9847c0
LOITER: _ZN11AP_SmartRTL6updateEbRK7Vector3IfE @ 0x9848c0
LOITER: _ZN6Copter21update_throttle_hoverEv @ 0x9849f0
LOITER: _ZNK7AP_AHRS14get_velocity_DERfb @ 0x984c60
LOITER: _ZN6Copter15run_nav_updatesEv @ 0x9852e0
LOITER: _ZN6Copter15update_altitudeEv @ 0x985330
LOITER: _ZN6Copter14read_barometerEv @ 0x9853e0
LOITER: _ZN6Copter24Log_Write_Control_TuningEv @ 0x985470
LOITER: _ZNK9AP_Logger9quiet_nanEv @ 0xb49880
LOITER: _ZNK13AC_PosControl19get_pos_target_U_cmEv @ 0xb498e0
LOITER: _ZNK13AC_PosControl20get_vel_target_U_cmsEv @ 0xb49940
LOITER: _ZNK6Copter15SurfaceTracking27get_target_dist_for_loggingERf @ 0x985720
LOITER: _ZNK18AC_AttitudeControl11angle_boostEv @ 0xb499a0
LOITER: _ZNK6Copter15SurfaceTracking20get_dist_for_loggingEv @ 0x985820
LOITER: _ZNK13AC_PosControl24get_vel_estimate_NEU_cmsEv @ 0xb499f0
LOITER: _ZNK13AC_PosControl19get_vel_target_U_msEv @ 0xb49a80
LOITER: _ZNK13AC_PosControl18get_pos_target_U_mEv @ 0xb49ad0
LOITER: _ZN9AP_Beacon6updateEv @ 0x9858a0
LOITER: _ZN12AP_Proximity6updateEv @ 0x985fb0
LOITER: _ZNK12AP_Proximity15get_filter_freqEv @ 0xb49b30
LOITER: _ZN24AP_Proximity_Boundary_3D15set_filter_freqEf @ 0xb49b90
LOITER: _ZN24AP_Proximity_Boundary_3D18check_face_timeoutEv @ 0x986080
LOITER: _ZN6Copter16read_rangefinderEv @ 0x9861e0
LOITER: _ZN11RangeFinder6updateEv @ 0x986310
LOITER: _ZN18AP_SurfaceDistance6updateEv @ 0x986430
LOITER: _ZN18AP_SurfaceDistance10data_staleEv @ 0x986820
LOITER: _ZN12AP_Proximity19set_rangefinder_altEbbf @ 0x9868b0
LOITER: _ZL3MAXIffEDTqugtfp_fp0_fp_fp0_ERKT_RKT0_.13176 @ 0x986960
LOITER: _ZNK18AP_SurfaceDistance9Log_WriteEv @ 0x986b60
LOITER: _ZNK11RangeFinder8Log_RFNDEv @ 0x986c80
LOITER: _ZN18RC_Channels_Copter13auto_trim_runEv @ 0x986dc0
LOITER: _ZN6Copter17auto_disarm_checkEv @ 0x9870e0
LOITER: _ZN11RC_Channels12read_aux_allEv @ 0x987360
LOITER: _ZN10RC_Channel8read_auxEv @ 0x987450
LOITER: _ZN6Copter19update_batt_compassEv @ 0x9879e0
LOITER: _ZN14AP_BattMonitor4readEv @ 0x987ac0
LOITER: _ZN7Compass12set_throttleEf @ 0xb49c50
LOITER: _ZN9AP_Logger11Write_PowerEv @ 0x987cf0
LOITER: _ZNK22AP_BattMonitor_Backend13Log_Write_BATEhm @ 0x987d40
LOITER: _ZNK22AP_BattMonitor_Backend13Log_Write_BCLEhm @ 0x987fe0
LOITER: _ZN14AP_BattMonitor15check_failsafesEv @ 0x9881e0
LOITER: _ZN14AP_BattMonitor16checkPoweringOffEv @ 0x9884f0
LOITER: _ZNK22AP_BattMonitor_Backend23get_state_of_health_pctERh @ 0x988650
LOITER: _ZN14AP_OpticalFlow6updateEv @ 0x9886e0
LOITER: _ZN6AP_GPS6updateEv @ 0x989c90
LOITER: _ZN6AP_GPS15update_instanceEh @ 0x989e10
LOITER: _ZN6AP_GPS14update_primaryEv @ 0x98a5b0
LOITER: _ZN14AP_GPS_Blended19zero_health_counterEv @ 0xb49d50
LOITER: _ZN6AP_GPS9Write_GPSEh @ 0x98bd80
LOITER: _ZL3MINIfiEDTqultfp_fp0_fp_fp0_ERKT_RKT0_.3064 @ 0x98c1c0
LOITER: _ZNK6AP_GPS26last_message_delta_time_msEh @ 0xb49e00
LOITER: _ZNK6AP_GPS10should_logEv @ 0x98c260
LOITER: _ZN6AP_GPS16send_blob_updateEh @ 0x98d3e0
LOITER: _ZN14AP_GPS_Backend14check_new_itowEjj @ 0x992130
LOITER: _ZN12AP_GPS_UBLOX20_request_next_configEv @ 0x996320
LOITER: _ZN12AP_GPS_UBLOX21_request_message_rateEhh @ 0x996dc0
LOITER: _ZN12AP_GPS_UBLOX13_request_portEv @ 0x996e80
LOITER: _ZN12AP_GPS_UBLOX13_send_messageEhhPKvt @ 0x996f10
LOITER: _ZN12AP_GPS_UBLOX16_update_checksumEPhtRhS1_ @ 0x997dd0
LOITER: _ZN12AP_GPS_UBLOX4readEv @ 0x997f00
LOITER: _ZNK12AP_GPS_UBLOX13is_configuredEv @ 0xb4ac80
LOITER: _ZNK12AP_GPS_UBLOX7get_lagERf @ 0x9985e0
LOITER: _ZNK12AP_GPS_UBLOX10is_healthyEv @ 0x998770
LOITER: _ZL3MINIjjEDTqultfp_fp0_fp_fp0_ERKT_RKT0_.3359 @ 0x998bc0
LOITER: _ZN12AP_GPS_UBLOXUt_ixEm @ 0xb4ad90
LOITER: _ZN12AP_GPS_UBLOX10_parse_gpsEv @ 0x998c40
LOITER: _ZN12AP_GPS_UBLOX15_check_new_itowEj @ 0x99c100
LOITER: _ZN12AP_GPS_UBLOX23_configure_message_rateEhhh @ 0x99c180
LOITER: _ZN6Copter11fence_checkEv @ 0x9a3780
LOITER: _ZN6Copter13throttle_loopEv @ 0x9a3ad0
LOITER: _ZN6Copter19update_throttle_mixEv @ 0x9a3b40
LOITER: _ZN6Copter17update_auto_armedEv @ 0x9a3de0
LOITER: _ZN6Copter29update_ground_effect_detectorEv @ 0x9a3fb0
LOITER: _ZN6Copter32update_ekf_terrain_height_stableEv @ 0x9a46a0
LOITER: _ZN7AP_AHRS22set_terrain_hgt_stableEb @ 0x9a4790
LOITER: _ZN7AP_AHRS22set_touchdown_expectedEb @ 0x9a4b50
LOITER: _ZNK13AC_PosControl22get_vel_target_NEU_cmsEv @ 0xb4c5c0
LOITER: _ZL7radiansf.996 @ 0x9a4bc0
LOITER: _ZNK13AC_PosControl21get_vel_target_NEU_msEv @ 0xb4c650
LOITER: _ZL9cd_to_radf.1156 @ 0x9a4c10
LOITER: _ZNK6Copter16get_force_flyingEv @ 0x9a4c60
LOITER: _ZNK13AC_PosControl23get_vel_U_control_ratioEv @ 0xb4c6a0
LOITER: _ZN6Copter7rc_loopEv @ 0x9a4cc0
LOITER: _ZN6Copter23Log_Video_StabilisationEv @ 0x9a4d20
LOITER: _ZN8AP_Mount11update_fastEv @ 0x9a4ef0
LOITER: _ZN6Copter33update_rangefinder_terrain_offsetEv @ 0x9a4fa0
LOITER: _ZL3MAXI9AP_ParamTIfL11ap_var_type4EEfEDTqugtfp_fp0_fp_fp0_ERKT_RKT0_.1783 @ 0x9a51d0
LOITER: _ZN8AC_WPNav33set_rangefinder_terrain_offset_cmEbbf @ 0xb4c710
LOITER: _ZN9AC_Circle33set_rangefinder_terrain_offset_cmEbbf @ 0xb4c820
LOITER: _ZN6Copter31update_land_and_crash_detectorsEv @ 0x9a5260
LOITER: _ZN6Copter20update_land_detectorEv @ 0x9a5360
LOITER: _ZN6Copter15parachute_checkEv @ 0x9a5970
LOITER: _ZN6Copter11crash_checkEv @ 0x9a5cc0
LOITER: _ZN6Copter17thrust_loss_checkEv @ 0x9a5ff0
LOITER: _ZN6Copter19yaw_imbalance_checkEv @ 0x9a6340
LOITER: _ZNK6Copter17option_is_enabledENS_12FlightOptionE @ 0xb4c8c0
LOITER: _ZL9cd_to_radf.1034 @ 0x9a6640
LOITER: _ZL2sqf @ 0x9a6690
LOITER: _ZN14AP_LandingGear13get_wow_stateEv @ 0x9a6b90
LOITER: _ZN6Copter8Log_LDETEtj @ 0x9a6be0
LOITER: _ZN6Copter20update_home_from_EKFEv @ 0x9a6d30
LOITER: _ZN6Copter18update_flight_modeEv @ 0x9a6ef0
LOITER: _ZN6Copter15SurfaceTracking22invalidate_for_loggingEv @ 0xb4cad0
LOITER: _ZN18AC_AttitudeControl21landed_gain_reductionEb @ 0x9a6f90
LOITER: _ZN6Copter15check_ekf_resetEv @ 0x9a7280
LOITER: _ZN7AP_AHRS20getLastYawResetAngleERf @ 0x9a73f0
LOITER: _ZNK7AP_AHRS22get_primary_core_indexEv @ 0xb4cb20
LOITER: _ZN7NavEKF320getLastYawResetAngleERf @ 0x9a7720
LOITER: _ZN6Copter12read_inertiaEv @ 0x9a7870
LOITER: _ZN13AC_PosControl16update_estimatesEb @ 0x9a79e0
LOITER: _ZN9AP_Follow16update_estimatesEv @ 0x9a7b90
LOITER: _ZN9AP_Follow32clear_dist_and_bearing_to_targetEv @ 0x9a89c0
LOITER: _ZN6Copter9read_AHRSEv @ 0x9a8ea0
LOITER: _ZN6Copter18motors_output_mainEv @ 0x9a8f00
LOITER: _ZN6Copter21run_custom_controllerEv @ 0xb4cbd0
LOITER: _ZN16AC_CustomControl6updateEv @ 0x9a8f70
LOITER: _ZN16AC_CustomControl14is_safe_to_runEv @ 0x9a9040
LOITER: _ZN6Copter24run_rate_controller_mainEv @ 0x9a9280
LOITER: _ZN13AC_PosControl8set_dt_sEf @ 0xb4cc30
LOITER: _ZN18AC_AttitudeControl8set_dt_sEf @ 0xb4cca0
LOITER: _ZN4Mode18get_pilot_speed_dnEv @ 0x9ab490
LOITER: _ZN4Mode18update_simple_modeEv @ 0x9ac660
LOITER: _ZNK9AC_Loiter17get_angle_max_radEv @ 0x9ac6c0
LOITER: _ZNK4Mode33get_pilot_desired_lean_angles_radERfS0_ff @ 0x9ac7c0
LOITER: _ZN9AC_Loiter34set_pilot_desired_acceleration_radEff @ 0x9ac8d0
LOITER: _ZN4Mode32get_pilot_desired_climb_rate_cmsEv @ 0x9acb10
LOITER: _ZN4Mode18get_alt_hold_stateEf @ 0x9acbc0
LOITER: _ZN9AC_Loiter6updateEb @ 0x9acea0
LOITER: _ZNK9AC_Loiter17get_thrust_vectorEv @ 0xb4eae0
LOITER: _ZN6Copter15SurfaceTracking21update_surface_offsetEv @ 0x9ad290
LOITER: _ZN9AC_Loiter21calc_desired_velocityEb @ 0x9ad4d0
LOITER: _ZL3MINIffEDTqultfp_fp0_fp_fp0_ERKT_RKT0_.12535 @ 0x9adbd0
LOITER: _ZN9AC_PID_2D2kPEv @ 0xb4ebd0
LOITER: _ZN13AC_PosControl22set_pos_vel_accel_NE_mERK7Vector2IdERKS0_IfES6_ @ 0x9adc60
LOITER: _ZNK4Mode8_TakeOff13triggered_cmsEf @ 0x9ae010
LOITER: _ZNK18AC_AttitudeControl8get_dt_sEv @ 0xb4eda0
LOITER: _ZNK18AC_AttitudeControl28input_shaping_rate_predictorERK7Vector2IfERS1_f @ 0x9ae230
LOITER: _Z26rc_input_to_roll_pitch_radffffRfS_ @ 0x9ae510
LOITER: _ZL7radiansf.3803 @ 0x9ae6b0
LOITER: _ZL3MINIffEDTqultfp_fp0_fp_fp0_ERKT_RKT0_.3807 @ 0x9ae700
LOITER: _ZN6Copter18update_simple_modeEv @ 0x9ae7e0
LOITER: _ZN2AP11ac_preclandEv @ 0x9b4030
LOITER: _ZNK13AC_PosControl18get_pos_error_U_cmEv @ 0xb50660
LOITER: _ZNK13AC_PosControl17get_pos_error_U_mEv @ 0xb506c0
LOITER: _ZNK7ModeRTL11mode_numberEv @ 0xb51670
LOITER: _ZN7ModeRTL4initEb @ 0x9b9e70
LOITER: _ZNK7ModeRTL12requires_GPSEv @ 0xb51710
LOITER: _ZNK7ModeRTL19has_manual_throttleEv @ 0xb51760
LOITER: _ZNK7ModeRTL12is_autopilotEv @ 0xb51810
LOITER: _ZNK7ModeRTL5name4Ev @ 0xb518b0
LOITER: _ZN24AC_PrecLand_StateMachine4initEv @ 0x9bb7e0
LOITER: _ZNK10ModeLoiter11mode_numberEv @ 0xb51e70
LOITER: _ZN10ModeLoiter3runEv @ 0x9bdca0
LOITER: _ZNK10ModeLoiter12requires_GPSEv @ 0xb51ec0
LOITER: _ZNK10ModeLoiter19has_manual_throttleEv @ 0xb51f10
LOITER: _ZNK10ModeLoiter16has_user_takeoffEb @ 0xb52010
LOITER: _ZNK10ModeLoiter14wp_bearing_degEv @ 0x9be140
LOITER: _ZNK10ModeLoiter13wp_distance_mEv @ 0x9be1a0
LOITER: _ZNK10ModeLoiter18crosstrack_error_mEv @ 0xb521b0
LOITER: _ZNK9AC_Loiter25get_distance_to_target_cmEv @ 0xb52210
LOITER: _ZNK9AC_Loiter24get_distance_to_target_mEv @ 0xb52270
LOITER: _ZNK9AC_Loiter25get_bearing_to_target_radEv @ 0xb522c0
LOITER: _ZL7degreesf.1505 @ 0x9be200
LOITER: _ZN10ModeLoiter19do_precision_loiterEv @ 0x9be250
LOITER: _ZNK14AP_BattMonitor22capacity_remaining_pctERhh @ 0x9e4e00
LOITER: _ZNK10GCS_Copter11custom_modeEv @ 0x9e5140
LOITER: _ZNK10GCS_Copter10frame_typeEv @ 0x9e51a0
LOITER: _ZN10GCS_Copter4chanEh @ 0xb57210
LOITER: _ZNK10GCS_Copter43min_loop_time_remaining_for_message_send_usEv @ 0xb57330
LOITER: _ZNK10GCS_Copter19vehicle_initialisedEv @ 0x9e52c0
LOITER: _ZN10GCS_Copter34update_vehicle_sensor_status_flagsEv @ 0x9e53e0
LOITER: _ZNK12AP_Proximity14sensor_presentEv @ 0x9e5770
LOITER: _ZNK12AP_Proximity14sensor_enabledEv @ 0x9e57d0
LOITER: _ZNK12AP_Proximity13sensor_failedEv @ 0x9e5830
LOITER: _ZN18GCS_MAVLINK_Copter14packetReceivedERK16__mavlink_statusRK17__mavlink_message @ 0x9e5ae0
LOITER: _ZNK18GCS_MAVLINK_Copter13mission_stateERK10AP_Mission @ 0x9e5bb0
LOITER: _ZNK11GCS_MAVLINK16send_rangefinderEv @ 0x9e5c50
LOITER: _ZNK18GCS_MAVLINK_Copter26send_nav_controller_outputEv @ 0x9e5d20
LOITER: _ZN18GCS_MAVLINK_Copter15send_pid_tuningEv @ 0x9e5ec0
LOITER: _ZN11GCS_MAVLINK21send_scaled_pressure3Ev @ 0x9e6110
LOITER: _ZNK11GCS_MAVLINK13send_attitudeEv @ 0x9e6170
LOITER: _ZN18GCS_MAVLINK_Copter31send_position_target_global_intEv @ 0x9e6430
LOITER: _ZNK18GCS_MAVLINK_Copter17send_winch_statusEv @ 0x9e69a0
LOITER: _ZNK18GCS_MAVLINK_Copter9base_modeEv @ 0x9e6f50
LOITER: _ZNK18GCS_MAVLINK_Copter21vehicle_system_statusEv @ 0x9e7030
LOITER: _ZNK11GCS_MAVLINK19persist_streamratesEv @ 0xb575a0
LOITER: _ZN18GCS_MAVLINK_Copter25handle_command_int_packetERK23__mavlink_command_int_tRK17__mavlink_message @ 0x9e7220
LOITER: _ZN18GCS_MAVLINK_Copter14handle_messageERK17__mavlink_message @ 0x9e7b40
LOITER: _ZN18GCS_MAVLINK_Copter16try_send_messageE10ap_message @ 0x9e8500
LOITER: _ZN11GCS_MAVLINK24send_global_position_intEv @ 0x9e8720
LOITER: _ZNK11GCS_MAVLINK23global_position_int_altEv @ 0x9e88a0
LOITER: _ZNK11GCS_MAVLINK32global_position_int_relative_altEv @ 0x9e8900
LOITER: _ZNK11GCS_MAVLINK17vfr_hud_climbrateEv @ 0x9e8970
LOITER: _ZNK18GCS_MAVLINK_Copter16vfr_hud_airspeedEv @ 0x9e8a30
LOITER: _ZNK18GCS_MAVLINK_Copter16vfr_hud_throttleEv @ 0x9e8b30
LOITER: _ZNK18GCS_MAVLINK_Copter11vfr_hud_altEv @ 0x9e8bc0
LOITER: _ZN11GCS_MAVLINK35convert_COMMAND_LONG_to_COMMAND_INTERK24__mavlink_command_long_tR23__mavlink_command_int_t9MAV_FRAME @ 0x9e90f0
LOITER: _ZN11GCS_MAVLINK28command_long_stores_locationE7MAV_CMD @ 0x9e98a0
LOITER: _ZL30convert_COMMAND_LONG_loc_paramfb @ 0x9e9980
LOITER: _ZL7degreesf.132 @ 0x9e9a30
LOITER: _ZL3MINIfiEDTqultfp_fp0_fp_fp0_ERKT_RKT0_ @ 0x9e9a80
LOITER: _ZNK11GCS_MAVLINK11vfr_hud_altEv @ 0x9e9b20
LOITER: _ZL36mavlink_msg_global_position_int_send17mavlink_channel_tjiiiissst @ 0x9e9b80
LOITER: _ZN10AP_Terrain12send_requestE17mavlink_channel_t @ 0x9e9ca0
LOITER: _ZN10AP_Terrain11send_reportE17mavlink_channel_t @ 0x9e9df0
LOITER: _ZNK18GCS_MAVLINK_Copter9send_windEv @ 0x9e9ea0
LOITER: _ZN7AP_ADSB17send_adsb_vehicleE17mavlink_channel_t @ 0x9e9fa0
LOITER: _ZNK11GCS_MAVLINK23get_ap_message_intervalE10ap_messageRt @ 0x9ea1b0
LOITER: _ZN13AP_OADatabase17send_adsb_vehicleE17mavlink_channel_tt @ 0x9ea2e0
LOITER: _ZN11GCS_MAVLINK16try_send_messageE10ap_message @ 0x9ea880
LOITER: _ZN11GCS_MAVLINK17queued_param_sendEv @ 0x9eb530
LOITER: _ZNK11GCS_MAVLINK14send_heartbeatEv @ 0x9eb7e0
LOITER: _ZNK11GCS_MAVLINK8send_rpmEv @ 0x9ebba0
LOITER: _ZN11GCS_MAVLINK24try_send_mission_messageE10ap_message @ 0x9ebc80
LOITER: _ZN7Compass21send_mag_cal_progressERK11GCS_MAVLINK @ 0x9ebe80
LOITER: _ZN7Compass19send_mag_cal_reportERK11GCS_MAVLINK @ 0x9ec0d0
LOITER: _ZN11GCS_MAVLINK19send_battery_statusEv @ 0x9ec400
LOITER: _ZNK7AP_AHRS22send_ekf_status_reportER11GCS_MAVLINK @ 0x9ec550
LOITER: _ZN11GCS_MAVLINK12send_meminfoEv @ 0x9ec650
LOITER: _ZNK11GCS_MAVLINK17send_fence_statusEv @ 0x9ec710
LOITER: _ZN11GCS_MAVLINK20send_distance_sensorEv @ 0x9ec880
LOITER: _ZNK11GCS_MAVLINK16send_system_timeEv @ 0x9ecdc0
LOITER: _ZN6AP_GPS20send_mavlink_gps_rawE17mavlink_channel_t @ 0x9ece50
LOITER: _ZN6AP_GPS20send_mavlink_gps_rtkE17mavlink_channel_th @ 0x9ed1a0
LOITER: _ZN6AP_GPS21send_mavlink_gps2_rawE17mavlink_channel_t @ 0x9ed280
LOITER: _ZNK11GCS_MAVLINK19send_local_positionEv @ 0x9ed620
LOITER: _ZNK11GCS_MAVLINK34send_gimbal_device_attitude_statusEv @ 0x9ed6f0
LOITER: _ZN11GCS_MAVLINK16send_opticalflowEv @ 0x9edab0
LOITER: _ZN11GCS_MAVLINK17send_power_statusEv @ 0x9edc20
LOITER: _ZNK11GCS_MAVLINK16send_rc_channelsEv @ 0x9edd30
LOITER: _ZNK11GCS_MAVLINK20send_rc_channels_rawEv @ 0x9edff0
LOITER: _ZN11GCS_MAVLINK12send_raw_imuEv @ 0x9ee170
LOITER: _ZN11GCS_MAVLINK15send_scaled_imuEhPFv17mavlink_channel_tjssssssssssE @ 0x9ee580
LOITER: _ZL28mavlink_msg_scaled_imu2_send17mavlink_channel_tjssssssssss @ 0x9ee840
LOITER: _ZL28mavlink_msg_scaled_imu3_send17mavlink_channel_tjssssssssss @ 0x9ee9b0
LOITER: _ZN11GCS_MAVLINK20send_scaled_pressureEv @ 0x9eed60
LOITER: _ZN11GCS_MAVLINK21send_scaled_pressure2Ev @ 0x9eedc0
LOITER: _ZN11GCS_MAVLINK13send_airspeedEv @ 0x9eee20
LOITER: _ZN11GCS_MAVLINK21send_servo_output_rawEv @ 0x9eefe0
LOITER: _ZNK11GCS_MAVLINK13send_simstateEv @ 0x9ef400
LOITER: _ZN11GCS_MAVLINK15send_sys_statusEv @ 0x9ef520
LOITER: _ZN11GCS_MAVLINK10send_ahrs2Ev @ 0x9ef810
LOITER: _ZN11GCS_MAVLINK9send_ahrsEv @ 0x9ef8f0
LOITER: _ZN11GCS_MAVLINK12send_vfr_hudEv @ 0x9efa70
LOITER: _ZNK11GCS_MAVLINK14send_vibrationEv @ 0x9efbb0
LOITER: _ZNK11GCS_MAVLINK21send_generator_statusEv @ 0x9efca0
LOITER: _ZN12AP_ESC_Telem26send_esc_telemetry_mavlinkEh @ 0x9f0020
LOITER: _ZN6AP_EFI19send_mavlink_statusE17mavlink_channel_t @ 0x9f04b0
LOITER: _ZN6AP_AIS13get_singletonEv @ 0x9f0c80
LOITER: _ZNK11GCS_MAVLINK21battery_remaining_pctEh @ 0x9f1610
LOITER: _ZL3MINIhiEDTqultfp_fp0_fp_fp0_ERKT_RKT0_.6782 @ 0x9f1ac0
LOITER: _ZL44mavlink_msg_esc_telemetry_1_to_4_send_struct17mavlink_channel_tPK32__mavlink_esc_telemetry_1_to_4_t @ 0x9f1de0
LOITER: _ZN12AP_Generator21send_generator_statusERK11GCS_MAVLINK @ 0x9f23e0
LOITER: _ZL26mavlink_msg_vibration_send17mavlink_channel_tmfffjjj @ 0x9f2460
LOITER: _ZL24mavlink_msg_vfr_hud_send17mavlink_channel_tffstff @ 0x9f2570
LOITER: _ZNK7AP_AHRS12get_error_rpEv @ 0x9f2700
LOITER: _ZNK7AP_AHRS13get_error_yawEv @ 0x9f2760
LOITER: _ZL21mavlink_msg_ahrs_send17mavlink_channel_tfffffff @ 0x9f27c0
LOITER: _ZL22mavlink_msg_ahrs2_send17mavlink_channel_tffffii @ 0x9f28e0
LOITER: _ZNK9AP_Logger11num_droppedEv @ 0x9f29e0
LOITER: _ZNK14AP_BattMonitor11gcs_voltageEv @ 0xb57780
LOITER: _ZL27mavlink_msg_sys_status_send17mavlink_channel_tjjjttsatttttt @ 0x9f2a60
LOITER: _ZNK14AP_BattMonitor11gcs_voltageEh @ 0x9f2c00
LOITER: _ZNK17AP_Logger_Backend11num_droppedEv @ 0xb577d0
LOITER: _ZL7radiansf.16475 @ 0x9f3020
LOITER: _ZNK4SITL3SIM13simstate_sendE17mavlink_channel_t @ 0x9f33a0
LOITER: _ZL25mavlink_msg_simstate_send17mavlink_channel_tfffffffffii @ 0x9f3570
LOITER: _ZL33mavlink_msg_servo_output_raw_send17mavlink_channel_tjhtttttttttttttttt @ 0x9f3710
LOITER: _ZL33mavlink_msg_scaled_pressure2_send17mavlink_channel_tjffss @ 0x9f3a10
LOITER: _ZN11GCS_MAVLINK29send_scaled_pressure_instanceEhPFv17mavlink_channel_tjffssE @ 0x9f3af0
LOITER: _ZL32mavlink_msg_scaled_pressure_send17mavlink_channel_tjffss @ 0x9f3ce0
LOITER: _ZL24mavlink_msg_raw_imu_send17mavlink_channel_tmssssssssshs @ 0x9f3e40
LOITER: _ZNK11GCS_MAVLINK16sending_mavlink1Ev @ 0x9f3fc0
LOITER: _ZNK11GCS_MAVLINK13receiver_rssiEv @ 0x9f4020
LOITER: _ZL28mavlink_msg_rc_channels_send17mavlink_channel_tjhtttttttttttttttttth @ 0x9f4230
LOITER: _ZL29mavlink_msg_power_status_send17mavlink_channel_tttt @ 0x9f44a0
LOITER: _ZN8AP_Mount34send_gimbal_device_attitude_statusE17mavlink_channel_t @ 0x9f4f20
LOITER: _ZL35mavlink_msg_local_position_ned_send17mavlink_channel_tjffffff @ 0x9f5580
LOITER: _ZNK6AP_GPS12gps_yaw_cdegEh @ 0x9f5690
LOITER: _ZNK6AP_GPS23have_gps_yaw_configuredEh @ 0xb57970
LOITER: _ZL28mavlink_msg_gps_raw_int_send17mavlink_channel_tmhiiitttthijjjjt @ 0x9f5990
LOITER: _ZL28mavlink_msg_system_time_send17mavlink_channel_tmj @ 0x9f5b80
LOITER: _ZN11GCS_MAVLINK14send_proximityEv @ 0x9f7120
LOITER: _ZNK12AP_Proximity12distance_minEv @ 0x9f7500
LOITER: _ZL3MINIjjEDTqultfp_fp0_fp_fp0_ERKT_RKT0_.6784 @ 0x9f79c0
LOITER: _ZL24mavlink_msg_meminfo_send17mavlink_channel_tttj @ 0x9f7a40
LOITER: _ZNK7NavEKF318send_status_reportER11GCS_MAVLINK @ 0x9f7ce0
LOITER: _ZNK12NavEKF3_core18send_status_reportER11GCS_MAVLINK @ 0x9f7d70
LOITER: _ZL41mavlink_msg_ekf_status_report_send_struct17mavlink_channel_tPK29__mavlink_ekf_status_report_t @ 0x9f8170
LOITER: _ZNK14AP_BattMonitor13option_is_setEhN21AP_BattMonitor_Params7OptionsE @ 0x9f8c90
LOITER: _ZNK11GCS_MAVLINK19send_battery_statusEh @ 0x9f8d60
LOITER: _ZL3MINIftEDTqultfp_fp0_fp_fp0_ERKT_RKT0_ @ 0x9f95f0
LOITER: _ZNK14AP_BattMonitor14time_remainingERjh @ 0x9f9690
LOITER: _ZNK14AP_BattMonitor24get_mavlink_charge_stateEh @ 0x9f9780
LOITER: _ZNK14AP_BattMonitor25get_mavlink_fault_bitmaskEh @ 0x9f98b0
LOITER: _ZL31mavlink_msg_battery_status_send17mavlink_channel_thhhsPKtsiiaihS1_hj @ 0x9f9960
LOITER: _ZN14typesafe_indexIh12TAG_PriorityErmERKh @ 0xb57bc0
LOITER: _ZN11GCS_MAVLINK20send_mission_currentERK10AP_Missiont @ 0x9fa0e0
LOITER: _ZL32mavlink_msg_mission_current_send17mavlink_channel_ttthh @ 0x9fa5b0
LOITER: _ZNK11GCS_MAVLINK13system_statusEv @ 0x9faa80
LOITER: _ZL26mavlink_msg_heartbeat_send17mavlink_channel_thhhjh @ 0x9fab10
LOITER: _ZN11GCS_MAVLINK28send_parameter_async_repliesEv @ 0x9fabf0
LOITER: _ZN12ObjectBufferIN11GCS_MAVLINK19pending_param_replyEE4peekERS1_ @ 0xb57cb0
LOITER: _ZL21mavlink_msg_wind_send17mavlink_channel_tfff @ 0x9fb6d0
LOITER: _ZN10AP_Terrain19send_terrain_reportE17mavlink_channel_tRK8Locationb @ 0x9fb780
LOITER: _ZL31mavlink_msg_terrain_report_send17mavlink_channel_tiitfftt @ 0x9fb930
LOITER: _ZN10AP_Terrain18send_cache_requestE17mavlink_channel_t @ 0x9fba50
LOITER: _ZN10AP_Terrain15request_missingE17mavlink_channel_tRKNS_9grid_infoE @ 0x9fbb50
LOITER: _ZN10AP_Terrain15request_missingE17mavlink_channel_tRNS_10grid_cacheE @ 0x9fbbe0
LOITER: _ZN11GCS_MAVLINK14handle_messageERK17__mavlink_message @ 0xa02a30
LOITER: _ZN11GCS_MAVLINK16handle_heartbeatERK17__mavlink_message @ 0xa035b0
LOITER: _ZN11GCS_MAVLINK19handle_command_longERK17__mavlink_message @ 0xa04920
LOITER: _ZN11GCS_MAVLINK26handle_request_data_streamERK17__mavlink_message @ 0xa05f60
LOITER: _ZNK3GCS12sysid_is_gcsEh @ 0xa0b5c0
LOITER: _ZN11GCS_MAVLINK16sysid_mygcs_seenEj @ 0xa0b860
LOITER: _ZN3GCS16sysid_mygcs_seenEj @ 0xb58770
LOITER: _ZL38mavlink_msg_request_data_stream_decodePK17__mavlink_messageP31__mavlink_request_data_stream_t @ 0xa0cad0
LOITER: _ZN9AP_Logger13Write_CommandERK23__mavlink_command_int_thh10MAV_RESULTb @ 0xa0fd70
LOITER: _ZL31mavlink_msg_command_long_decodePK17__mavlink_messageP24__mavlink_command_long_t @ 0xa0fef0
LOITER: _ZN11GCS_MAVLINK31try_command_long_as_command_intERK24__mavlink_command_long_tRK17__mavlink_message @ 0xa0ffc0
LOITER: _ZN11GCS_MAVLINK16_set_mode_commonEhj @ 0xa12820
LOITER: _ZN12ObjectBufferIN7GCS_FTP11TransactionEE3popERS1_ @ 0xb58d30
LOITER: _ZN11GCS_MAVLINK25handle_command_int_packetERK23__mavlink_command_int_tRK17__mavlink_message @ 0xa1a2a0
LOITER: _ZN11GCS_MAVLINK26handle_command_do_set_modeERK23__mavlink_command_int_t @ 0xa1b650
LOITER: _ZNK6Copter22any_failsafe_triggeredEv @ 0xb598e0
LOITER: _ZN8AP_Winch11send_statusERK11GCS_MAVLINK @ 0xa1f830
LOITER: _ZL25mavlink_msg_attitude_send17mavlink_channel_tjffffff @ 0xa20080
LOITER: _ZL38mavlink_msg_nav_controller_output_send17mavlink_channel_tffsstfff @ 0xa203d0
LOITER: _ZNK8ModeAuto6pausedEv @ 0xa205b0
LOITER: _ZNK11GCS_MAVLINK13mission_stateERK10AP_Mission @ 0xa20630
LOITER: _ZN8AC_WPNav6pausedEv @ 0xb59b50
LOITER: _ZN11GCS_MAVLINK14packetReceivedERK16__mavlink_statusRK17__mavlink_message @ 0xa20860
LOITER: _ZN15MAVLink_routing17check_and_forwardER11GCS_MAVLINKRK17__mavlink_message @ 0xa20a60
LOITER: _ZN9AP_Follow10handle_msgERK17__mavlink_message @ 0xa20fd0
LOITER: _ZNK11GCS_MAVLINK13accept_packetERK16__mavlink_statusRK17__mavlink_message @ 0xa21150
LOITER: _ZNK9AP_Follow21should_handle_messageERK17__mavlink_message @ 0xa21270
LOITER: _ZN15MAVLink_routing11learn_routeER11GCS_MAVLINKRK17__mavlink_message @ 0xa22240
LOITER: _ZN15MAVLink_routing16handle_heartbeatER11GCS_MAVLINKRK17__mavlink_message @ 0xa224e0
LOITER: _ZN15MAVLink_routing11get_targetsERK17__mavlink_messageRsS3_ @ 0xa22710
LOITER: _ZNK9AP_Motors18get_frame_mav_typeEv @ 0xb5a7b0
LOITER: _ZN18RC_Channels_Copter7channelEh @ 0xb5b410
LOITER: _ZN11RC_Channels16read_mode_switchEv @ 0xa26a70
LOITER: _ZNK18RC_Channels_Copter14in_rc_failsafeEv @ 0xa26b00
LOITER: _ZNK18RC_Channels_Copter15has_valid_inputEv @ 0xa26b60
LOITER: _ZNK18RC_Channels_Copter18get_arming_channelEv @ 0xa26bf0
LOITER: _ZNK18RC_Channels_Copter26flight_mode_channel_numberEv @ 0xa26ce0
LOITER: mode_to_string @ 0xa919e0
LOITER: mode_entry @ 0xa91c40
----------------------
Mode: 6 (RTL)
RTL: _ZN16AP_Arming_Copter6disarmEN9AP_Arming6MethodEb @ 0x5de230
RTL: _ZN16AP_Arming_Copter14pre_arm_checksEb @ 0x5de4e0
RTL: _ZN16AP_Arming_Copter16barometer_checksEb @ 0x5de990
RTL: _ZN16AP_Arming_Copter10ins_checksEb @ 0x5deb20
RTL: _ZN16AP_Arming_Copter10gps_checksEb @ 0x5dec00
RTL: _ZN16AP_Arming_Copter20board_voltage_checksEb @ 0x5dee30
RTL: _ZN16AP_Arming_Copter21rc_calibration_checksEb @ 0x5def30
RTL: _ZN9AP_Arming14mission_checksEb @ 0x5df020
RTL: _ZNK16AP_Arming_Copter25terrain_database_requiredEv @ 0x5df430
RTL: _ZN9AP_Arming13system_checksEb @ 0x5df500
RTL: _ZNK16AP_Arming_Copter16proximity_checksEb @ 0x5dfab0
RTL: _ZN16AP_Arming_Copter20mandatory_gps_checksEb @ 0x5dfcf0
RTL: _ZN16AP_Arming_Copter10alt_checksEb @ 0x5e0170
RTL: _ZN9AP_Arming18opendroneid_checksEb @ 0x5e0320
RTL: _ZN9AP_Arming23rc_in_calibration_checkEb @ 0x5e0410
RTL: _ZN9AP_Arming22serial_protocol_checksEb @ 0x5e04c0
RTL: _ZN2AP13serialmanagerEv @ 0x5e05f0
RTL: _ZNK16AP_SerialManager11have_serialENS_14SerialProtocolEh @ 0x5e0630
RTL: _ZN16AP_SerialManager14pre_arm_checksEPch @ 0x5e0900
RTL: _ZNK9AP_ParamTIiL11ap_var_type3EEcvRKiEv @ 0xa98a80
RTL: _ZN6AP_HAL4Util9vsnprintfEPcmPKcP13__va_list_tag @ 0x5e0c40
RTL: _ZN13BufferPrinterC2EPcm @ 0xa98ad0
RTL: _Z13print_vprintfPN6AP_HAL12BetterStreamEPKcP13__va_list_tag @ 0x5e0d80
RTL: _Z11ftoa_enginefPchh @ 0x5e25d0
RTL: _ZN6AP_HAL12BetterStreamC2Ev @ 0xa98b80
RTL: _ZN13BufferPrinter5writeEh @ 0xa98be0
RTL: _Z3gcsv @ 0x5e3200
RTL: _ZN3GCS10send_textvE12MAV_SEVERITYPKcP13__va_list_tag @ 0x5e3240
RTL: _ZNK3GCS28statustext_send_channel_maskEv @ 0x5e3310
RTL: _ZN11GCS_MAVLINK19active_channel_maskEv @ 0xa98e80
RTL: _ZN11GCS_MAVLINK22streaming_channel_maskEv @ 0xa98ec0
RTL: _ZN11GCS_MAVLINK20private_channel_maskEv @ 0xa98f00
RTL: _ZN3GCS13get_singletonEv @ 0xa98f40
RTL: _ZNK16AP_SerialManager22find_protocol_instanceENS_14SerialProtocolEh @ 0x5e33a0
RTL: _ZNK13AP_ParamTBaseIaL11ap_var_type1EE3getEv @ 0xa98f80
RTL: _ZNK16AP_SerialManager14protocol_matchENS_14SerialProtocolES0_ @ 0x5e3540
RTL: _ZN16AP_SerialManager13get_singletonEv @ 0xa98fd0
RTL: _Z2rcv @ 0x5e3640
RTL: _ZN11RC_Channels11calibratingEv @ 0xa99010
RTL: _ZNK9AP_Arming13check_enabledENS_5CheckE @ 0x5e3910
RTL: _ZN11RC_Channels13get_singletonEv @ 0xa99070
RTL: _ZN2AP11opendroneidEv @ 0x5e39c0
RTL: _ZN14AP_OpenDroneID13pre_arm_checkEPch @ 0x5e3a00
RTL: _ZNK14AP_OpenDroneID14option_enabledENS_7OptionsE @ 0xa990b0
RTL: _ZNK9AP_ParamTIaL11ap_var_type1EEcvRKaEv @ 0xa99140
RTL: _ZN6AP_HAL6millisEv @ 0x5e3cc0
RTL: _ZN13WithSemaphoreD2Ev @ 0x5e3d00
RTL: _ZN6AP_HAL8millis64Ev @ 0x5e3d60
RTL: _ZN6AP_HAL8micros64Ev @ 0x5e3da0
RTL: _ZL14uint64_div1000m @ 0x5e3e40
RTL: _ZN7HALSITL9Scheduler4fromEPN6AP_HAL9SchedulerE @ 0xa99190
RTL: _ZNK7HALSITL9Scheduler18stopped_clock_usecEv @ 0xa991e0
RTL: _ZNK13AP_ParamTBaseIsL11ap_var_type2EE3getEv @ 0xa99230
RTL: _ZN13WithSemaphoreC2ERN6AP_HAL9SemaphoreEj @ 0x5e3f90
RTL: _ZN14AP_OpenDroneID13get_singletonEv @ 0xa99280
RTL: _ZNK6Copter10ekf_alt_okEv @ 0x5e4070
RTL: _ZNK7AP_AHRS17have_inertial_navEv @ 0x5e4140
RTL: _ZNK7AP_AHRS10has_statusE18NavFilterStatusBit @ 0x5e41a0
RTL: _ZNK7AP_AHRS17get_filter_statusER17nav_filter_status @ 0x5e4230
RTL: _ZNK7AP_AHRS8ekf_typeEv @ 0x5e4360
RTL: _ZNK7NavEKF315getFilterStatusER17nav_filter_status @ 0x5e44f0
RTL: _ZN2AP12externalAHRSEv @ 0x5e47e0
RTL: _ZNK15AP_ExternalAHRS17get_filter_statusER17nav_filter_status @ 0x5e4820
RTL: _ZN15AP_ExternalAHRS13get_singletonEv @ 0xa99320
RTL: _ZNK12NavEKF3_core15getFilterStatusER17nav_filter_status @ 0x5e49b0
RTL: _ZNK7AP_AHRS14always_use_EKFEv @ 0xa99360
RTL: _ZNK7AP_AHRS15active_EKF_typeEv @ 0xa993c0
RTL: _ZN2AP4ahrsEv @ 0x5e4a90
RTL: _ZNK7AP_AHRS13pre_arm_checkEbPch @ 0x5e4ad0
RTL: _ZNK8AC_Fence18get_enabled_fencesEv @ 0x5e4e60
RTL: _ZNK6Copter11position_okEv @ 0x5e4ed0
RTL: _ZNK9AP_ParamTIfL11ap_var_type4EEcvRKfILb1EEEv @ 0xa99460
RTL: _ZN7Vector3IfEC2Ev @ 0xa994b0
RTL: _ZNK7AP_AHRS13get_variancesERfS0_S0_R7Vector3IfES0_ @ 0x5e4f70
RTL: _ZNK7Vector3IfE6lengthEv @ 0xa99510
RTL: _Z4normIffJfEEdT_T0_DpKT1_ @ 0xa99570
RTL: _Z2sqIfJffEEdT_DpKT0_ @ 0xa995f0
RTL: _ZL2sqf.4012 @ 0x5e5140
RTL: _Z2sqIfJfEEdT_DpKT0_ @ 0xa99690
RTL: _ZL2sqf.1211 @ 0x5e5190
RTL: _ZN7Vector2IfEC2Ev @ 0xa99710
RTL: _ZNK7NavEKF312getVariancesERfS0_S0_R7Vector3IfES0_R7Vector2IfE @ 0x5e52f0
RTL: _ZN7Vector3IfE4zeroEv @ 0xa99810
RTL: _ZNK12NavEKF3_core12getVariancesERfS0_S0_R7Vector3IfES0_R7Vector2IfE @ 0x5e54d0
RTL: _ZL3MAXIddEDTqugtfp_fp0_fp_fp0_ERKT_RKT0_.4817 @ 0x5e56d0
RTL: _ZNK7Vector2IdE7tofloatEv @ 0xa99870
RTL: _ZN7Vector2IfEC2Eff @ 0xa998d0
RTL: _ZNK6Copter25ekf_has_absolute_positionEv @ 0x5e59d0
RTL: _ZNK6Copter25ekf_has_relative_positionEv @ 0x5e5b10
RTL: _ZNK14AP_OpticalFlow7enabledEv @ 0xa99950
RTL: _ZNK13AP_VisualOdom7enabledEv @ 0x5e5ca0
RTL: _ZNK9AP_Motors5armedEv @ 0xa999c0
RTL: _ZNK7AP_EnumIN13AP_VisualOdom15VisualOdom_TypeEEcvKS1_Ev @ 0xa99a20
RTL: _ZNK7AP_EnumIN14AP_OpticalFlow4TypeEEcvKS1_Ev @ 0xa99a70
RTL: _ZNK8AC_Fence7presentEv @ 0x5e5d00
RTL: _ZNK19AC_PolyFence_loader17total_fence_countEv @ 0xa99ac0
RTL: _ZNK19AC_PolyFence_loader27get_exclusion_polygon_countEv @ 0xa99b70
RTL: _ZNK19AC_PolyFence_loader27get_inclusion_polygon_countEv @ 0xa99bc0
RTL: _ZNK19AC_PolyFence_loader26get_exclusion_circle_countEv @ 0xa99c10
RTL: _ZNK19AC_PolyFence_loader26get_inclusion_circle_countEv @ 0xa99c60
RTL: _ZNK7AP_AHRS7healthyEv @ 0x5e5da0
RTL: _ZNK15AP_ExternalAHRS7enabledEv @ 0x5e5f80
RTL: _ZNK7AP_AHRS20attitudes_consistentEPch @ 0x5e61e0
RTL: _ZN2AP7compassEv @ 0x5e6840
RTL: _ZNK7Compass11use_for_yawEv @ 0x5e6880
RTL: _ZNK7NavEKF313pre_arm_checkEbPch @ 0x5e6bf0
RTL: _ZNK16AP_NavEKF_Source13pre_arm_checkEbPch @ 0x5e6ec0
RTL: _ZNK16AP_NavEKF_Source12getYawSourceEh @ 0x5e76f0
RTL: _ZNK12NavEKF3_core7healthyEv @ 0x5e79b0
RTL: _ZNK12NavEKF3_core13pre_arm_checkEbPch @ 0x5e7be0
RTL: _Z2sqIdEdT_ @ 0xa99cb0
RTL: _ZNK16AP_NavEKF_Source14useVelXYSourceENS_8SourceXYEh @ 0x5e7d70
RTL: _ZNK16AP_NavEKF_Source18getActiveSourceSetEh @ 0xa99d10
RTL: _ZNK7AP_EnumIN16AP_NavEKF_Source8SourceXYEEcvKS1_Ev @ 0xa99dc0
RTL: _ZNK16AP_NavEKF_Source13option_is_setENS_13SourceOptionsE @ 0xa99e10
RTL: _ZNK12NavEKF3_core15getFilterFaultsERt @ 0x5e7ea0
RTL: _ZNK11QuaternionTIdE6is_nanEv @ 0xa99e90
RTL: _ZNK7Vector3IdE6is_nanEv @ 0xa99f90
RTL: _ZNK7AP_EnumIN16AP_NavEKF_Source9SourceYawEEcvKS1_Ev @ 0xa9a060
RTL: _ZN2AP3dalEv @ 0x5e7fc0
RTL: _ZN6AP_DAL7compassEv @ 0xa9a0b0
RTL: _ZNK14AP_DAL_Compass15get_num_enabledEv @ 0xa9a100
RTL: _ZN6AP_DAL13get_singletonEv @ 0xa9a150
RTL: _ZN7Matrix3IfEC2Ev @ 0xa9a590
RTL: _ZN8LocationC2Ev @ 0xa9a610
RTL: _ZN8Location4zeroEv @ 0x5e84e0
RTL: _ZN11QuaternionTIfEC2Ev @ 0xa9a7f0
RTL: _ZN6AP_DAL4baroEv @ 0xa9a860
RTL: _ZNK11AP_DAL_Baro13num_instancesEv @ 0xa9a8b0
RTL: _ZN6AP_DAL6beaconEv @ 0xa9a900
RTL: _ZN6AP_DAL3gpsEv @ 0xa9a9c0
RTL: _ZNK10AP_DAL_GPS11num_sensorsEv @ 0xa9aa10
RTL: _ZN6AP_DAL11rangefinderEv @ 0xa9aad0
RTL: _ZN6AP_DAL10visualodomEv @ 0xa9ab20
RTL: _ZNK7Compass7healthyEh @ 0x5e8990
RTL: _ZNK7Compass11use_for_yawEh @ 0x5e8a30
RTL: _ZNK7Compass9availableEv @ 0xa9ac40
RTL: _ZN14typesafe_indexIh12TAG_PriorityEC2Eh @ 0xa9acc0
RTL: _ZNK19RestrictIDTypeArrayI9AP_ParamTIaL11ap_var_type1EELj3E14typesafe_indexIh12TAG_PriorityEEixERKS5_ @ 0xa9ad20
RTL: _ZNK7AP_EnumIN7Compass9LearnTypeEEcvKS1_Ev @ 0xa9ada0
RTL: _ZNK14typesafe_indexIh12TAG_PriorityE7get_intEv @ 0xa9adf0
RTL: _ZNK7Compass10_get_stateE14typesafe_indexIh12TAG_PriorityE @ 0xa9ae40
RTL: _ZNK7Compass13_get_state_idE14typesafe_indexIh12TAG_PriorityE @ 0x5e8b10
RTL: _ZNK19RestrictIDTypeArrayIN7Compass9mag_stateELj4E14typesafe_indexIh14TAG_StateIndexEEixERKS4_ @ 0xa9aec0
RTL: _ZNK14typesafe_indexIh14TAG_StateIndexE7get_intEv @ 0xa9af40
RTL: _ZNK19RestrictIDTypeArrayIiLj3E14typesafe_indexIh12TAG_PriorityEEixERKS2_ @ 0xa9af90
RTL: _ZN14typesafe_indexIh14TAG_StateIndexEC2Eh @ 0xa9b010
RTL: _ZNK14typesafe_indexIh14TAG_StateIndexEltERKh @ 0xa9b070
RTL: _ZN14typesafe_indexIh14TAG_StateIndexEppEi @ 0xa9b0e0
RTL: _ZN7Compass13get_singletonEv @ 0xa9b150
RTL: _ZNK7AP_AHRS20get_quat_body_to_nedER11QuaternionTIfE @ 0x5e8c30
RTL: _ZNK7NavEKF211activeCoresEv @ 0xa9b190
RTL: _ZNK11QuaternionTIfE21roll_pitch_differenceERKS0_ @ 0xa9b1e0
RTL: _ZL7radiansi.1993 @ 0x5e8d80
RTL: _ZNK11QuaternionTIfE18angular_differenceERKS0_ @ 0xa9b3f0
RTL: _ZNK11QuaternionTIfE13to_axis_angleER7Vector3IfE @ 0xa9b480
RTL: _ZNK7NavEKF311activeCoresEv @ 0xa9b5d0
RTL: _ZNK7NavEKF322getQuaternionBodyToNEDEaR11QuaternionTIfE @ 0x5e8ef0
RTL: _ZN11QuaternionTIfE20from_rotation_matrixERK7Matrix3IfE @ 0xa9b680
RTL: _ZNK12NavEKF3_core11use_compassEv @ 0x5e91a0
RTL: _ZNK14AP_DAL_Compass11use_for_yawEh @ 0xa9bb90
RTL: _ZNK12NavEKF3_core20getRotationBodyToNEDER7Matrix3IfE @ 0x5e9270
RTL: _ZNK11QuaternionTIdE15rotation_matrixER7Matrix3IfE @ 0xa9bc00
RTL: _ZNK6AP_DAL43get_rotation_vehicle_body_to_autopilot_bodyEv @ 0xa9be10
RTL: _ZNK7Matrix3IfEmlERKS0_ @ 0xa9be60
RTL: _ZN7Vector3IfEC2Efff @ 0xa9c0d0
RTL: _ZN7Matrix3IfEC2ERK7Vector3IfES4_S4_ @ 0xa9c160
RTL: _ZL2sqf.3887 @ 0x5e9330
RTL: _Z7is_zerof @ 0xa9c210
RTL: _ZN7Vector3IfEdVEf @ 0xa9c280
RTL: _Z7wrap_PId @ 0x5e9380
RTL: _ZN7Vector3IfEmLEf @ 0xa9c310
RTL: _Z8wrap_2PId @ 0x5e9410
RTL: _ZNK11QuaternionTIfE7inverseEv @ 0xa9c3a0
RTL: _ZNK11QuaternionTIfEmlERKS0_ @ 0xa9c420
RTL: _ZN11QuaternionTIfEC2Effff @ 0xa9c650
RTL: _ZNK11QuaternionTIfE15rotation_matrixER7Matrix3IfE @ 0xa9c700
RTL: _ZNK7Matrix3IfE13mul_transposeERK7Vector3IfE @ 0xa9c8f0
RTL: _ZNK7Vector3IfEmiERKS0_ @ 0xa9ca00
RTL: _Z20constrain_value_lineIfET_S0_S0_S0_j @ 0xa9cab0
RTL: _ZN2AP13internalerrorEv @ 0x5e9500
RTL: _ZNK7AP_AHRS24get_rotation_body_to_nedEv @ 0xa9cbd0
RTL: _ZN2AP3gpsEv @ 0x5e9f80
RTL: _ZNK6AP_GPS8get_typeEh @ 0xa9ccc0
RTL: _ZNK7AP_EnumIN6AP_GPS8GPS_TypeEEcvKS1_Ev @ 0xa9cd50
RTL: _ZN6AP_GPS13get_singletonEv @ 0xa9cda0
RTL: _ZNK7AP_EnumIN15AP_ExternalAHRS7DevTypeEEcvKS1_Ev @ 0xa9cde0
RTL: _ZNK7NavEKF37healthyEv @ 0x5ea0d0
RTL: _ZN7AP_AHRS13get_singletonEv @ 0xa9ce80
RTL: _ZNK9AP_Arming16proximity_checksEb @ 0x5ea240
RTL: _ZNK8AC_Avoid27proximity_avoidance_enabledEv @ 0xa9cec0
RTL: _ZNK12AP_Proximity18get_closest_objectERfS0_ @ 0x5ea310
RTL: _ZNK24AP_Proximity_Boundary_3D18get_closest_objectERfS0_ @ 0x5ea390
RTL: _ZN2AP9proximityEv @ 0x5ea550
RTL: _ZNK12AP_Proximity14prearm_healthyEPch @ 0x5ea590
RTL: _ZN12AP_Proximity13get_singletonEv @ 0xa9cf40
RTL: _ZN8AP_Param15get_eeprom_fullEv @ 0xa9cf80
RTL: _ZN2AP9schedulerEv @ 0x5ea870
RTL: _ZN12AP_Scheduler25get_filtered_loop_rate_hzEv @ 0xa9cfc0
RTL: _ZN12AP_Scheduler16get_loop_rate_hzEv @ 0xa9d010
RTL: _ZN10AP_Terrain13get_singletonEv @ 0xa9d0a0
RTL: _ZNK10AP_Terrain11init_failedEv @ 0xa9d0e0
RTL: _ZN12AP_Scripting13get_singletonEv @ 0xa9d140
RTL: _ZNK12AP_Scripting13arming_checksEmPc @ 0x5ea8b0
RTL: _ZN2AP4ADSBEv @ 0x5eaba0
RTL: _ZNK7AP_ADSB7enabledEv @ 0xa9d180
RTL: _ZNK16AP_InternalError6errorsEv @ 0xa9d2a0
RTL: _ZNK16AP_InternalError15last_error_lineEv @ 0xa9d2f0
RTL: _ZN2AP3rpmEv @ 0x5ead30
RTL: _ZNK6AP_RPM13arming_checksEmPc @ 0x5ead70
RTL: _ZN2AP5relayEv @ 0x5eb0a0
RTL: _ZNK8AP_Relay13arming_checksEmPc @ 0x5eb0e0
RTL: _ZN2AP9parachuteEv @ 0x5eb430
RTL: _ZNK12AP_Parachute13arming_checksEmPc @ 0x5eb470
RTL: _ZN2AP6buttonEv @ 0x5eb610
RTL: _ZNK9AP_Button13arming_checksEmPc @ 0x5eb650
RTL: _ZN9AP_Button13get_singletonEv @ 0xa9d340
RTL: _ZN12SRV_Channels17function_assignedEN11SRV_Channel8FunctionE @ 0x5eb8e0
RTL: _ZNK7AP_EnumIN15AP_Relay_Params8FUNCTIONEEcvKS1_Ev @ 0xa9d380
RTL: _ZNK9AP_ParamTIsL11ap_var_type2EEcvRKsEv @ 0xa9d3d0
RTL: _ZN12SRV_Channels25update_aux_servo_functionEv @ 0x5eba30
RTL: _ZNK7BitmaskILt190EE3getEt @ 0xa9d420
RTL: _ZNK7BitmaskILt190EE8validateEt @ 0xa9d4f0
RTL: _ZN7BitmaskILt190EE8clearallEv @ 0xa9d580
RTL: _ZNK11SRV_Channel14valid_functionEv @ 0xa9d5e0
RTL: _ZN11SRV_Channel24aux_servo_function_setupEv @ 0x5ebbb0
RTL: _ZN7BitmaskILt190EE3setEt @ 0xa9d640
RTL: _ZNK9AP_Enum16IN11SRV_Channel8FunctionEEcvKS1_Ev @ 0xa9d700
RTL: _ZN11SRV_Channel14valid_functionENS_8FunctionE @ 0xa9d750
RTL: _ZN12AP_Parachute13get_singletonEv @ 0xa9d7c0
RTL: _ZNK8AP_Relay14function_validEN15AP_Relay_Params8FUNCTIONE @ 0x5ebdd0
RTL: _ZNK8AP_Relay8DroneCAN9valid_pinEs @ 0x5ebe40
RTL: _ZN8AP_Relay13get_singletonEv @ 0xa9d800
RTL: _ZN6AP_RPM13get_singletonEv @ 0xa9d840
RTL: _ZN7AP_ADSB13get_singletonEv @ 0xa9d880
RTL: _ZNK12AP_Scripting7enabledEv @ 0xa9d8c0
RTL: _ZNK12AP_Scripting13option_is_setENS_11DebugOptionE @ 0xa9d930
RTL: _ZNK13AP_ParamTBaseIiL11ap_var_type3EE3getEv @ 0xa9da30
RTL: _ZNK2AP8PerfInfo25get_filtered_loop_rate_hzEv @ 0x5ebfa0
RTL: _ZNK2AP8PerfInfo17get_filtered_timeEv @ 0x5ec030
RTL: _ZN12AP_Scheduler13get_singletonEv @ 0x5ec080
RTL: _ZNK8AC_WPNav18get_terrain_sourceEv @ 0x5ec0c0
RTL: _ZNK7ModeRTL12get_alt_typeEv @ 0x5ec180
RTL: _ZNK9AP_Arming25terrain_database_requiredEv @ 0x5ec210
RTL: _ZN2AP7missionEv @ 0x5ec2a0
RTL: _ZN10AP_Mission26contains_terrain_alt_itemsEv @ 0x5ec2e0
RTL: _ZNK10AP_Mission12num_commandsEv @ 0xa9da80
RTL: _ZNK7AP_AHRS8get_homeEv @ 0xa9db90
RTL: _ZNK13StorageAccess10read_blockEPvtm @ 0x5eccc0
RTL: _ZN10AP_Mission13get_singletonEv @ 0xa9dbe0
RTL: _ZNK7AP_EnumIN7ModeRTL10RTLAltTypeEEcvKS1_Ev @ 0xa9dc20
RTL: _ZN2AP7terrainEv @ 0x5ed1f0
RTL: _ZNK10AP_Terrain7enabledEv @ 0xa9dc70
RTL: _ZN2AP5rallyEv @ 0x5ed330
RTL: _ZNK7AP_AHRS12get_locationER8Location @ 0x5ed370
RTL: _ZNK8AP_Rally24find_nearest_rally_pointERK8LocationR13RallyLocation @ 0x5ed3f0
RTL: _ZNK10AP_Mission21failed_sdcard_storageEv @ 0xa9dcd0
RTL: _ZN14StorageManager14storage_failedEv @ 0xa9dd30
RTL: _ZN2AP7vehicleEv @ 0x5ed5e0
RTL: _ZNK10AP_Mission7presentEv @ 0xa9dd70
RTL: _ZN10AP_Vehicle13get_singletonEv @ 0x5ed620
RTL: _ZNK8Location12get_distanceERKS_ @ 0x5ed840
RTL: _ZN8Location14diff_longitudeEii @ 0x5ed910
RTL: _ZN8Location15longitude_scaleEi @ 0x5ed9f0
RTL: _Z4normIddJEEdT_T0_DpKT1_ @ 0xa9dde0
RTL: _Z2sqIdJdEEdT_DpKT0_ @ 0xa9de50
RTL: _ZL3MAXIdfEDTqugtfp_fp0_fp_fp0_ERKT_RKT0_ @ 0x5eda90
RTL: _ZN8LocationC2EiiiNS_8AltFrameE @ 0x5edb30
RTL: _ZN8Location10set_alt_cmEiNS_8AltFrameE @ 0x5edbd0
RTL: _ZN8AP_Rally13get_singletonEv @ 0xa9ded0
RTL: _ZNK9AP_Arming20rc_checks_copter_subEbPPK10RC_Channel @ 0x5edcc0
RTL: _ZN9AP_Arming21rc_calibration_checksEb @ 0x5ede70
RTL: _ZN11RC_Channels23get_valid_channel_countEv @ 0x5ee020
RTL: _ZNK10RC_Channel12has_overrideEv @ 0x5ee090
RTL: _ZNK10RC_Channel14get_radio_trimEv @ 0xa9df10
RTL: _ZNK10RC_Channel13get_radio_minEv @ 0xa9df70
RTL: _ZNK10RC_Channel13get_radio_maxEv @ 0xa9dfd0
RTL: _ZNK13AP_ParamTBaseIfL11ap_var_type4EE3getEv @ 0xa9e110
RTL: _Z11is_positiveIfEbT_ @ 0xa9e160
RTL: _ZL3MINIihEDTqultfp_fp0_fp_fp0_ERKT_RKT0_.6943 @ 0x5ee150
RTL: _ZN9AP_Arming20board_voltage_checksEb @ 0x5ee1e0
RTL: _ZNK14AP_BattMonitor13has_failsafedEv @ 0xa9e1c0
RTL: _ZN14AP_BoardConfig25get_minimum_board_voltageEv @ 0xa9e220
RTL: _ZN14AP_BoardConfig25get_minimum_servo_voltageEv @ 0xa9e2a0
RTL: _ZN9AP_Arming10gps_checksEb @ 0x5ee390
RTL: _ZNK6AP_GPS11num_sensorsEv @ 0x5ee860
RTL: _ZNK6AP_GPS8get_hdopEv @ 0xa9e320
RTL: _ZNK6AP_GPS8get_hdopEh @ 0xa9e380
RTL: _ZN6AP_GPS14pre_arm_checksEPct @ 0x5ee8e0
RTL: _ZNK6AP_GPS14primary_sensorEv @ 0xa9e3f0
RTL: _ZNK6AP_GPS6statusEh @ 0xa9e440
RTL: _ZNK6AP_GPS10is_healthyEh @ 0x5eea80
RTL: _ZNK7AP_AHRS11home_is_setEv @ 0xa9e500
RTL: _ZNK6AP_GPS14all_consistentERf @ 0x5eec30
RTL: _ZNK6AP_GPS8locationEv @ 0xa9e560
RTL: _ZNK6AP_GPS22first_unconfigured_gpsERh @ 0x5eed40
RTL: _ZN3GCS9send_textE12MAV_SEVERITYPKcz @ 0x5eef10
RTL: _ZNK6AP_GPS8locationEh @ 0xa9e5c0
RTL: _ZNK6AP_GPS12is_rtk_roverEh @ 0x5ef1f0
RTL: _ZN15AP_GPS_DroneCAN29inter_instance_pre_arm_checksEPct @ 0x5ef290
RTL: _ZN15AP_GPS_DroneCAN20is_dronecan_gps_typeEN6AP_GPS8GPS_TypeE @ 0xa9e630
RTL: _ZN9AP_Arming10ins_checksEb @ 0x5ef550
RTL: _ZN16AP_Arming_Copter26pre_arm_ekf_attitude_checkEv @ 0x5ef940
RTL: _ZN2AP3insEv @ 0x5ef9a0
RTL: _ZNK17AP_InertialSensor19get_gyro_health_allEv @ 0x5ef9e0
RTL: _ZNK17AP_InertialSensor22gyro_calibrated_ok_allEv @ 0x5efaa0
RTL: _ZNK17AP_InertialSensor20get_accel_health_allEv @ 0x5efbb0
RTL: _ZNK17AP_InertialSensor23accel_calibrated_ok_allEv @ 0x5efc70
RTL: _ZNK17AP_InertialSensor25accel_cal_requires_rebootEv @ 0xa9e6b0
RTL: _ZN9AP_Arming21ins_accels_consistentERK17AP_InertialSensor @ 0x5eff40
RTL: _ZN9AP_Arming20ins_gyros_consistentERK17AP_InertialSensor @ 0x5f0040
RTL: _ZNK17AP_InertialSensor23temperature_cal_runningEv @ 0x5f0130
RTL: _ZNK17AP_InertialSensor12BatchSampler7enabledEv @ 0xa9e710
RTL: _ZNK17AP_InertialSensor34pre_arm_check_gyro_backend_rate_hzEPct @ 0x5f01d0
RTL: _ZN2AP3fftEv @ 0x5f0380
RTL: _ZN10AP_GyroFFT13pre_arm_checkEPch @ 0x5f03c0
RTL: _ZNK10AP_GyroFFT16analysis_enabledEv @ 0xa9e7e0
RTL: _ZN7Vector3IfEixEh @ 0xa9eb70
RTL: _ZN10DigitalLPFIfE6_applyERKfS2_ @ 0xa9eed0
RTL: _Z15constrain_int16sss @ 0xa9f4d0
RTL: _Z15constrain_valueIsET_S0_S0_S0_ @ 0xa9f560
RTL: _ZNK10ByteBuffer5spaceEv @ 0x5f28b0
RTL: _ZN10ByteBuffer5writeEPKhj @ 0x5f2b10
RTL: _ZN10ByteBuffer7reserveEPNS_5IoVecEj @ 0x5f2c30
RTL: _ZN10ByteBuffer6commitEj @ 0x5f2e60
RTL: _ZNK10ByteBuffer8get_sizeEv @ 0xa9f610
RTL: _ZN10AP_GyroFFT13get_singletonEv @ 0xa9f660
RTL: _ZNK17AP_InertialSensor14get_gyro_countEv @ 0xa9f6a0
RTL: _ZNK17AP_InertialSensor4_useEh @ 0xa9f710
RTL: _ZNK17AP_InertialSensor8_gyro_idEh @ 0xa9f770
RTL: _ZN17AP_InertialSensor8_gyro_idEh @ 0xa9f7d0
RTL: _ZN17AP_InertialSensor4_useEh @ 0xa9f840
RTL: _ZL3MINIihEDTqultfp_fp0_fp_fp0_ERKT_RKT0_.3586 @ 0x5f3390
RTL: _ZNK17AP_InertialSensor4tcalEh @ 0xa9f8b0
RTL: _ZNK7AP_EnumIN22AP_InertialSensor_TCal6EnableEEcvKS1_Ev @ 0xa9f910
RTL: _ZN17AP_InertialSensor4tcalEh @ 0xa9f960
RTL: _ZNK17AP_InertialSensor16gyros_consistentEh @ 0x5f3420
RTL: _ZNK17AP_InertialSensor8get_gyroEv @ 0xa9f9d0
RTL: _ZNK17AP_InertialSensor8use_gyroEh @ 0x5f3550
RTL: _ZNK17AP_InertialSensor8get_gyroEh @ 0xa9fa30
RTL: _ZL7radiansi.3656 @ 0x5f3610
RTL: _ZNK17AP_InertialSensor15get_gyro_healthEh @ 0xa9faa0
RTL: _ZNK17AP_InertialSensor17accels_consistentEf @ 0x5f3670
RTL: _ZNK17AP_InertialSensor15get_accel_countEv @ 0xa9fb40
RTL: _ZL3MINIihEDTqultfp_fp0_fp_fp0_ERKT_RKT0_ @ 0x5f37d0
RTL: _ZNK17AP_InertialSensor9get_accelEv @ 0xa9fbb0
RTL: _ZNK17AP_InertialSensor9use_accelEh @ 0x5f3860
RTL: _ZNK17AP_InertialSensor9get_accelEh @ 0xa9fc10
RTL: _ZNK17AP_InertialSensor16get_accel_healthEh @ 0xa9fc80
RTL: _ZNK17AP_InertialSensor13_accel_offsetEh @ 0xa9fd20
RTL: _ZNK9AP_ParamVI7Vector3IfEL11ap_var_type5EE3getEv @ 0xa9fd80
RTL: _ZNK7Vector3IfE7is_zeroEv @ 0xa9fdd0
RTL: _ZNK17AP_InertialSensor12_accel_scaleEh @ 0xa9fe80
RTL: _ZNK17AP_InertialSensor9_accel_idEh @ 0xa9fee0
RTL: _Z8is_equalIffENSt3__19enable_ifIXsr3std17is_floating_pointINS0_11common_typeIJT_T0_EE4typeEEE5valueEbE4typeES3_S4_ @ 0xa9ff40
RTL: _ZN17AP_InertialSensor9_accel_idEh @ 0xa9ffc0
RTL: _ZN17AP_InertialSensor12_accel_scaleEh @ 0xaa0030
RTL: _ZN17AP_InertialSensor13_accel_offsetEh @ 0xaa00a0
RTL: _ZNK17AP_InertialSensor18gyro_calibrated_okEh @ 0xaa0110
RTL: _ZN17AP_InertialSensor13get_singletonEv @ 0x5f3920
RTL: _ZN8AP_Param17get_default_valueEPKS_RKNS_9GroupInfoE @ 0x5f4840
RTL: _ZN13AP_ParamTBaseIsL11ap_var_type2EE3setERKs @ 0xaa0750
RTL: _ZN13AP_ParamTBaseIiL11ap_var_type3EE3setERKi @ 0xaa07c0
RTL: _ZN13AP_ParamTBaseIfL11ap_var_type4EE3setERKf @ 0xaa0820
RTL: _ZNK7Vector3IfEneERKS0_ @ 0xaa0f50
RTL: _ZNK8AP_Param13find_var_infoEPjRPKNS_9GroupInfoERNS_12GroupNestingEPh @ 0x5f5390
RTL: _ZNK8AP_Param14copy_name_infoEPKNS_4InfoEPKNS_9GroupInfoERKNS_12GroupNestingEhPcmb @ 0x5f5610
RTL: _ZNK8AP_Param14send_parameterEPKc11ap_var_typeh @ 0x5f5870
RTL: _ZNK8AP_Param13cast_to_floatE11ap_var_type @ 0x5f5a10
RTL: _ZN3GCS20send_parameter_valueEPKc11ap_var_typef @ 0x5f5b00
RTL: _ZL3MINImmEDTqultfp_fp0_fp_fp0_ERKT_RKT0_.6631 @ 0x5f5c40
RTL: _ZN11GCS_MAVLINK14mav_param_typeE11ap_var_type @ 0x5f5cc0
RTL: _ZN8AP_Param16count_parametersEv @ 0x5f5d50
RTL: _ZN3GCS23send_to_active_channelsEjPKc @ 0x5f5f00
RTL: _ZN9AP_Logger13get_singletonEv @ 0xaa1020
RTL: _ZN9AP_Logger15Write_ParameterEPKcf @ 0x5f6020
RTL: _ZNK9AP_Logger10quiet_nanfEv @ 0xaa1060
RTL: _ZN17AP_Logger_Backend15Write_ParameterEPKcff @ 0x5f6110
RTL: _Z14strncpy_notermPcPKcm @ 0x5f6230
RTL: _ZN17AP_Logger_Backend18WriteCriticalBlockEPKvt @ 0xaa10b0
RTL: _ZN17AP_Logger_Backend21WritePrioritisedBlockEPKvtbb @ 0x5f62e0
RTL: _ZN17AP_Logger_Backend30validate_WritePrioritisedBlockEPKvt @ 0x5f64b0
RTL: _ZN17AP_Logger_Backend9ShouldLogEb @ 0x5f66a0
RTL: _ZN17AP_Logger_Backend21ensure_format_emittedEPKvt @ 0x5f6b40
RTL: _ZNK17AP_Logger_Backend23message_type_from_blockEPKvtR11LogMessages @ 0x5f6c60
RTL: _ZNK17AP_Logger_Backend28have_emitted_format_for_typeE11LogMessages @ 0xaa1130
RTL: _ZNK7BitmaskILt256EE8validateEt @ 0xaa1260
RTL: _ZNK7BitmaskILt256EE3getEt @ 0xaa12f0
RTL: _ZNK6AP_HAL4Util14get_soft_armedEv @ 0xaa13c0
RTL: _ZN2AP6loggerEv @ 0x5f7760
RTL: _ZNK9AP_Logger18in_log_persistanceEv @ 0x5f77a0
RTL: _Z7is_zeroI9AP_ParamTIfL11ap_var_type4EEEbT_ @ 0xaa1420
RTL: _ZNK12AP_Scheduler5ticksEv @ 0xaa1480
RTL: _ZN6AP_HAL8millis16Ev @ 0x5f79b0
RTL: _ZNK6AP_HAL4Util21get_last_armed_changeEv @ 0xaa1590
RTL: _ZNK9AP_Logger13WritesEnabledEv @ 0xaa15e0
RTL: _ZNK19LoggerMessageWriter8finishedEv @ 0xaa1640
RTL: _ZNK9AP_Logger15in_log_downloadEv @ 0x5f79f0
RTL: _ZNK9AP_Logger16vehicle_is_armedEv @ 0xaa16a0
RTL: _ZNK9AP_Logger18log_while_disarmedEv @ 0x5f7a90
RTL: _ZNK7AP_EnumIN9AP_Logger11LogDisarmedEEcvKS1_Ev @ 0xaa1700
RTL: mavlink_get_msg_entry @ 0x5f7c40
RTL: _ZNK3GCS7num_gcsEv @ 0xaa1750
RTL: _ZNK11GCS_MAVLINK10is_privateEv @ 0xaa17a0
RTL: _ZNK11GCS_MAVLINK9is_activeEv @ 0xaa1800
RTL: _ZN11GCS_MAVLINK12send_messageEPKcPK19__mavlink_msg_entry @ 0xaa1880
RTL: _ZN11GCS_MAVLINK18check_payload_sizeEt @ 0x5f7d60
RTL: _mav_finalize_message_chan_send @ 0x5f7e10
RTL: _Z26mavlink_get_channel_statush @ 0x5f8160
RTL: _Z17_mav_trim_payloadPKch @ 0x5f8240
RTL: _ZL13crc_calculatePKht @ 0x5f82e0
RTL: _ZL21crc_accumulate_bufferPtPKct @ 0x5f8380
RTL: _ZL14crc_accumulatehPt @ 0x5f8420
RTL: _Z14comm_send_lock17mavlink_channel_tt @ 0x5f86b0
RTL: _mavlink_send_uart @ 0x5f8770
RTL: _Z16comm_send_unlock17mavlink_channel_t @ 0x5f87f0
RTL: _Z16comm_send_buffer17mavlink_channel_tPKhh @ 0x5f8870
RTL: _ZL13valid_channel17mavlink_channel_t @ 0x5f89e0
RTL: _Z24gcs_out_of_space_to_send17mavlink_channel_t @ 0x5f8a90
RTL: _ZN11GCS_MAVLINK20out_of_space_to_sendEv @ 0xaa19c0
RTL: _ZL8crc_initPt @ 0x5f93c0
RTL: _ZN11GCS_MAVLINK14channel_statusEv @ 0xaa1a20
RTL: _ZNK11GCS_MAVLINK7txspaceEv @ 0xaa1a70
RTL: _ZNK11GCS_MAVLINK15packet_overheadEv @ 0xaa1b10
RTL: _ZN11GCS_MAVLINK20packet_overhead_chanE17mavlink_channel_t @ 0x5f9410
RTL: _ZL3MINIjjEDTqultfp_fp0_fp_fp0_ERKT_RKT0_.6622 @ 0x5f94f0
RTL: _ZN11GCS_MAVLINK10is_privateE17mavlink_channel_t @ 0xaa1b70
RTL: _ZN8AP_Param8var_infoEt @ 0xaa1be0
RTL: _ZN8AP_Param14get_group_infoERKNS_4InfoE @ 0x5f9d70
RTL: _ZN8AP_Param14get_group_infoERKNS_9GroupInfoE @ 0x5fa390
RTL: _ZN8AP_Param19adjust_group_offsetEtRKNS_9GroupInfoERl @ 0x5fa410
RTL: _ZN8AP_Param8group_idEPKNS_9GroupInfoEjhh @ 0x5fa530
RTL: _ZN8AP_Param8get_baseERKNS_4InfoERl @ 0x5fa630
RTL: _ZNK13AP_ParamTBaseIiL11ap_var_type3EE13cast_to_floatEv @ 0xaa1d20
RTL: _ZNK13AP_ParamTBaseIfL11ap_var_type4EE13cast_to_floatEv @ 0xaa1d70
RTL: _ZNK8AP_Param19find_var_info_groupEPKNS_9GroupInfoEtjhlPjRS2_RNS_12GroupNestingEPh @ 0x5fa7c0
RTL: _ZN8AP_Param4saveEb @ 0x5facc0
RTL: _ZN17AP_InertialSensor13caltemp_accelEh @ 0xaa1ea0
RTL: _ZNK17AP_InertialSensor15get_temperatureEh @ 0xaa1f10
RTL: _ZNK7Vector3IfErmERKS0_ @ 0xaa2170
RTL: _ZNK7Vector3IfEmlERKS0_ @ 0xaa2250
RTL: _Z9safe_sqrtIfEfT_ @ 0xaa22e0
RTL: _ZN11QuaternionTIfE9normalizeEv @ 0xaa2390
RTL: _ZNK11QuaternionTIfE14get_euler_rollEv @ 0xaa2470
RTL: _ZNK11QuaternionTIfE15get_euler_pitchEv @ 0xaa2520
RTL: _Z9safe_asinIfEfT_ @ 0xaa2590
RTL: _ZNK11QuaternionTIfE6lengthEv @ 0xaa2670
RTL: _ZN7Vector3IfE6rotateE8Rotation @ 0xaa2780
RTL: _ZNK7Matrix3IfEmlERK7Vector3IfE @ 0xaa3760
RTL: _ZN7Matrix3IfE10from_eulerEfff @ 0xaa3900
RTL: _ZN7Matrix3IfEC2Efffffffff @ 0xaa3b30
RTL: _ZNK7Vector3IfEplERKS0_ @ 0xaa3c60
RTL: _ZNK7Vector3IfEdvEf @ 0xaa3d10
RTL: _Z4normIffJEEdT_T0_DpKT1_ @ 0xaa3db0
RTL: _ZN7Vector3IfEpLERKS0_ @ 0xaa3e20
RTL: _ZN15ObjectBuffer_TSIN8AP_Param10param_saveEE4peekERS1_ @ 0xaa3ec0
RTL: _ZN15ObjectBuffer_TSIN8AP_Param10param_saveEE4pushERKS1_ @ 0xaa3f70
RTL: _ZN10ByteBuffer9peekbytesEPhj @ 0x5fbc70
RTL: _ZN10ByteBuffer9peekiovecEPNS_5IoVecEj @ 0x5fbd80
RTL: _ZNK10ByteBuffer9availableEv @ 0x5fbed0
RTL: _ZN10ByteBuffer7readptrERj @ 0x5fc1b0
RTL: _ZNK7Vector3IfEngEv @ 0xaa4050
RTL: _ZN9AP_Arming16barometer_checksEb @ 0x5fc5b0
RTL: _ZNK7AP_AHRS36get_relative_position_D_origin_floatERf @ 0x5fc6c0
RTL: _ZNK7AP_AHRS30get_relative_position_D_originERd @ 0x5fc750
RTL: _ZNK7NavEKF37getPosDERd @ 0x5fc9d0
RTL: _ZNK8Location11initialisedEv @ 0xaa4130
RTL: _ZN6AP_HAL6microsEv @ 0x5fcec0
RTL: _ZNK7Vector3IfE8todoubleEv @ 0xaa41c0
RTL: _ZN7Vector3IdEmLEd @ 0xaa4240
RTL: _ZN8Location13offset_latlngERiS0_dd @ 0x5fcfd0
RTL: _ZN8Location15limit_lattitudeEi @ 0x5fd0d0
RTL: _ZN8Location14wrap_longitudeEl @ 0x5fd170
RTL: _ZN7Vector3IdEC2Eddd @ 0xaa42d0
RTL: _ZNK12NavEKF3_core7getPosDERd @ 0x5fd210
RTL: _ZNK12NavEKF3_core13getPosD_localERd @ 0x5fd2e0
RTL: _ZNK12NavEKF3_core12getOriginLLHER8Location @ 0x5fd370
RTL: _ZN7Vector3IdEC2Ev @ 0xaa4360
RTL: _ZNK11AP_AHRS_DCM12get_locationER8Location @ 0x5fd710
RTL: _ZN2AP4baroEv @ 0x5fda40
RTL: _ZNK7AP_EnumI6GPSUseEcvKS0_Ev @ 0xaa43c0
RTL: _ZNK6AP_GPS6statusEv @ 0xaa4410
RTL: _ZNK7AP_Baro12get_altitudeEv @ 0xaa4470
RTL: _ZN8Location6offsetEdd @ 0x5fda80
RTL: _ZNK6AP_GPS7get_lagERf @ 0xaa44d0
RTL: _ZNK7Vector3IfE2xyEv @ 0xaa4550
RTL: _ZNK7Vector2IfEmlEf @ 0xaa45a0
RTL: _ZNK6AP_GPS7get_lagEhRf @ 0x5fdb10
RTL: _ZNK7AP_Baro12get_altitudeEh @ 0xaa4620
RTL: _ZN7AP_Baro13get_singletonEv @ 0xaa4690
RTL: _ZN2AP4sitlEv @ 0x5fdda0
RTL: _ZNK7AP_Baro13arming_checksEmPc @ 0x5fdde0
RTL: _ZNK7AP_Baro11all_healthyEv @ 0x5fdfb0
RTL: _ZNK7AP_Baro12get_pressureEv @ 0xaa46d0
RTL: _ZNK7AP_Baro23get_altitude_differenceEff @ 0x5fe060
RTL: _ZNK7AP_Baro26get_altitude_from_pressureEf @ 0x5fe100
RTL: _ZL33find_atmosphere_layer_by_pressuref @ 0x5fe360
RTL: _ZNK7AP_Baro17get_altitude_AMSLEv @ 0xaa4730
RTL: _ZN7AP_Baro29geopotential_alt_to_geometricEf @ 0x5fe410
RTL: _ZNK7AP_Baro17get_altitude_AMSLEh @ 0xaa4790
RTL: _ZNK7AP_Baro12get_pressureEh @ 0xaa4800
RTL: _ZNK7AP_Baro7healthyEh @ 0x5fe470
RTL: _ZN4SITL3SIM13get_singletonEv @ 0xaa4870
RTL: _ZNK7Compass7healthyEv @ 0xaa48b0
RTL: _ZNK7AP_AHRS8cos_rollEv @ 0xaa4910
RTL: _ZNK7AP_AHRS9cos_pitchEv @ 0xaa4960
RTL: _ZN9AP_Arming13method_is_GCSENS_6MethodE @ 0xaa49b0
RTL: _ZNK10RC_Channel14get_control_inEv @ 0xaa4a20
RTL: _ZNK9AP_Logger15logging_presentEv @ 0x5fee70
RTL: _ZNK9AP_Logger15logging_startedEv @ 0x5fef60
RTL: _ZNK11RC_Channels17option_is_enabledENS_6OptionE @ 0xaa4ac0
RTL: _ZN11RC_Channels23find_channel_for_optionEN10RC_Channel8AUX_FUNCE @ 0x5ff380
RTL: _ZN11RC_Channels10rc_channelEh @ 0xaa4c00
RTL: _ZNK11RC_Channels19flight_mode_channelEv @ 0x5ff6d0
RTL: _ZNK6Copter18get_pilot_speed_dnEv @ 0x5ff7d0
RTL: _ZN16AP_Arming_Copter18run_pre_arm_checksEb @ 0x5ffab0
RTL: _ZN16AP_Arming_Copter17set_pre_arm_checkEb @ 0x5ffea0
RTL: _ZNK9AP_Arming20disarm_switch_checksEb @ 0x5fff10
RTL: _ZN16AP_Arming_Copter16parameter_checksEb @ 0x5fffd0
RTL: _ZN16AP_Arming_Copter9oa_checksEb @ 0x6006d0
RTL: _ZN16AP_Arming_Copter18gcs_failsafe_checkEb @ 0x600830
RTL: _ZNK16AP_Arming_Copter12winch_checksEb @ 0x6008d0
RTL: _ZNK16AP_Arming_Copter27rc_throttle_failsafe_checksEb @ 0x600a00
RTL: _ZN9AP_Arming15airspeed_checksEb @ 0x600b90
RTL: _ZN9AP_Arming14pre_arm_checksEb @ 0x600cb0
RTL: _ZN9AP_Arming21hardware_safety_checkEb @ 0x6011a0
RTL: _ZN9AP_Arming14compass_checksEb @ 0x601270
RTL: _ZN9AP_Arming14battery_checksEb @ 0x601940
RTL: _ZN9AP_Arming14logging_checksEb @ 0x601a30
RTL: _ZN9AP_Arming25manual_transmitter_checksEb @ 0x601ba0
RTL: _ZN9AP_Arming18rangefinder_checksEb @ 0x601ca0
RTL: _ZNK9AP_Arming12servo_checksEb @ 0x601d90
RTL: _ZNK9AP_Arming14terrain_checksEb @ 0x601fe0
RTL: _ZN9AP_Arming10can_checksEb @ 0x602130
RTL: _ZNK9AP_Arming16generator_checksEb @ 0x602400
RTL: _ZN9AP_Arming13camera_checksEb @ 0x602500
RTL: _ZNK9AP_Arming10osd_checksEb @ 0x6025f0
RTL: _ZNK9AP_Arming12mount_checksEb @ 0x6026e0
RTL: _ZNK9AP_Arming13fettec_checksEb @ 0x6027f0
RTL: _ZNK9AP_Arming14visodom_checksEb @ 0x6028c0
RTL: _ZN9AP_Arming15aux_auth_checksEb @ 0x6029b0
RTL: _ZN9AP_Arming12fence_checksEb @ 0x602c10
RTL: _ZN9AP_Arming12estop_checksEb @ 0x602d30
RTL: _ZN12SRV_Channels18get_emergency_stopEv @ 0xaa50d0
RTL: _ZNK10RC_Channel16read_3pos_switchERNS_12AuxSwitchPosE @ 0x602e80
RTL: _ZNK10RC_Channel12get_radio_inEv @ 0xaa5110
RTL: _ZN2AP5fenceEv @ 0x602fe0
RTL: _ZNK8AC_Fence13pre_arm_checkEPch @ 0x603020
RTL: _ZNK8AC_Fence7enabledEv @ 0xaa5220
RTL: _ZNK8AC_Fence12auto_enabledEv @ 0xaa5280
RTL: _ZNK9AP_ParamTIfL11ap_var_type4EEmiERKS1_ @ 0xaa5410
RTL: _ZNK7Vector2IfEmiERKS0_ @ 0xaa5b60
RTL: _ZNK7Vector2IfE14length_squaredEv @ 0xaa5d70
RTL: _ZNK7Vector2IfEmlERKS0_ @ 0xaa5dd0
RTL: _ZNK8Location15get_distance_NEERKS_ @ 0x604ba0
RTL: _ZN8AC_Fence13get_singletonEv @ 0xaa5f00
RTL: _ZN2AP10visualodomEv @ 0x604d60
RTL: _ZNK13AP_VisualOdom13pre_arm_checkEPch @ 0x604da0
RTL: _ZN13AP_VisualOdom13get_singletonEv @ 0xaa5f40
RTL: _ZN16AP_FETtecOneWire13get_singletonEv @ 0xaa5f80
RTL: _ZNK16AP_FETtecOneWire13pre_arm_checkEPch @ 0x604fe0
RTL: _ZN2AP5mountEv @ 0x6052e0
RTL: _ZN8AP_Mount14pre_arm_checksEPch @ 0x605320
RTL: _ZNK8AP_Mount14get_mount_typeEh @ 0x6054b0
RTL: _ZN8AP_Mount13get_singletonEv @ 0xaa5fc0
RTL: _ZN2AP3osdEv @ 0x605540
RTL: _ZNK6AP_OSD13pre_arm_checkEPch @ 0x605580
RTL: _ZNK6AP_OSD18is_readonly_screenEv @ 0xaa6000
RTL: _ZN6AP_OSD13get_singletonEv @ 0xaa6060
RTL: _ZN2AP6runcamEv @ 0x6056b0
RTL: _ZN9AP_RunCam13get_singletonEv @ 0xaa6110
RTL: _ZN2AP9generatorEv @ 0x605890
RTL: _ZNK12AP_Generator13pre_arm_checkEPch @ 0x6058d0
RTL: _ZNK12AP_Generator4typeEv @ 0x6059f0
RTL: _ZN12AP_Generator13get_singletonEv @ 0x605a50
RTL: _ZN2AP3canEv @ 0x605a90
RTL: _ZNK13AP_CANManager15get_num_driversEv @ 0xaa6150
RTL: _ZNK13AP_CANManager15get_driver_typeEh @ 0xaa61a0
RTL: _ZN12SRV_Channels18get_motor_functionEh @ 0xaa63a0
RTL: _ZN13AP_CANManager13get_singletonEv @ 0xaa6430
RTL: _ZNK10AP_Terrain14get_statisticsERtS0_ @ 0x606570
RTL: _ZNK10AP_Terrain10bitcount64Em @ 0x606760
RTL: _ZN12SRV_Channels11srv_channelEh @ 0xaa6490
RTL: _ZNK11SRV_Channel12get_functionEv @ 0xaa6510
RTL: _ZNK11SRV_Channel8get_trimEv @ 0xaa6570
RTL: _ZNK11SRV_Channel14get_output_minEv @ 0xaa65d0
RTL: _ZNK11SRV_Channel14get_output_maxEv @ 0xaa6620
RTL: _ZN12SRV_Channels25get_disabled_channel_maskEv @ 0xaa6680
RTL: _ZN11RangeFinder13get_singletonEv @ 0xaa66c0
RTL: _ZNK11RangeFinder14prearm_healthyEPch @ 0x6068d0
RTL: _ZNK9AP_Logger14logging_failedEv @ 0x606e80
RTL: _ZN9AP_Logger12CardInsertedEv @ 0x606f50
RTL: _ZN2AP7batteryEv @ 0x607000
RTL: _ZNK14AP_BattMonitor13arming_checksEmPc @ 0x607040
RTL: _ZNK14AP_BattMonitor15configured_typeEh @ 0xaa67b0
RTL: _ZNK14AP_BattMonitor14allocated_typeEh @ 0xaa6820
RTL: _ZNK22AP_BattMonitor_Backend13arming_checksEPcm @ 0x607240
RTL: _ZNK22AP_BattMonitor_Backend20check_failsafe_typesERbS0_S0_S0_ @ 0x607730
RTL: _Z11is_positiveI9AP_ParamTIfL11ap_var_type4EEEbT_ @ 0xaa6890
RTL: _ZNK9AP_ParamTIfL11ap_var_type4EEgtERKS1_ @ 0xaa6900
RTL: _ZL12update_checkmPcbPKc @ 0x607a30
RTL: _ZNK21AP_BattMonitor_Params23failsafe_voltage_sourceEv @ 0xaa6970
RTL: _ZNK22AP_BattMonitor_Backend24voltage_resting_estimateEv @ 0x607ad0
RTL: _ZL3MAXIffEDTqugtfp_fp0_fp_fp0_ERKT_RKT0_.18691 @ 0x607b40
RTL: _ZN14AP_BattMonitor13get_singletonEv @ 0xaa69d0
RTL: _ZNK7Compass14is_calibratingEv @ 0x607bc0
RTL: _ZNK7Compass27compass_cal_requires_rebootEv @ 0xaa6a10
RTL: _ZN7Compass10configuredEPch @ 0x607cf0
RTL: _ZNK7Compass11get_offsetsEv @ 0xaa6a70
RTL: _ZNK7Compass15get_offsets_maxEv @ 0xaa6ad0
RTL: _ZNK7Compass9get_fieldEv @ 0xaa6b30
RTL: _ZNK7Compass10consistentEv @ 0x607f80
RTL: _ZN7AP_AHRS11use_compassEv @ 0x608140
RTL: _ZN14AP_Declination18get_earth_field_gaERK8Location @ 0x608220
RTL: _ZNK7Vector3IfEmlEf @ 0xaa6b90
RTL: _ZL3MAXIffEDTqugtfp_fp0_fp_fp0_ERKT_RKT0_.11700 @ 0x6083a0
RTL: _ZN14AP_Declination16get_mag_field_efEffRfS0_S0_ @ 0x6084c0
RTL: _ZL7radiansf.2992 @ 0x608ac0
RTL: _Z15constrain_int32iii @ 0xaa6c30
RTL: _Z15constrain_valueIiET_S0_S0_S0_ @ 0xaa6ca0
RTL: _ZNK7NavEKF311use_compassEv @ 0x608ba0
RTL: _ZN11AP_AHRS_DCM11use_compassEv @ 0x608c30
RTL: _ZNK7AP_AHRS15get_fly_forwardEv @ 0xaa6d90
RTL: _ZNK11AP_AHRS_DCM8have_gpsEv @ 0x608de0
RTL: _ZL7degreesf.2106 @ 0x608e70
RTL: _Z8wrap_180IfET_S0_ @ 0xaa6eb0
RTL: _Z8wrap_360f @ 0x608ec0
RTL: _ZNK6AP_GPS13ground_courseEh @ 0xaa6f40
RTL: _ZNK6AP_GPS12ground_speedEh @ 0xaa6fb0
RTL: _ZNK7Compass9get_countEv @ 0xaa7020
RTL: _ZNK7Compass9get_fieldEh @ 0xaa7070
RTL: _ZNK7Vector2IfE7is_zeroEv @ 0xaa70f0
RTL: _ZNK7Vector3IfE5angleERKS0_ @ 0xaa7180
RTL: _ZL7radiansf.2689 @ 0x608fe0
RTL: _ZNK7Vector2IfE5angleERKS0_ @ 0xaa7290
RTL: _ZNK7Vector2IfE6lengthEv @ 0xaa73b0
RTL: _ZNK7Compass11get_offsetsEh @ 0xaa7410
RTL: _ZNK9AP_ParamVI7Vector3IfEL11ap_var_type5EEcvRKS1_Ev @ 0xaa7490
RTL: _ZNK14typesafe_indexIh12TAG_PriorityEltERKh @ 0xaa74e0
RTL: _ZN19RestrictIDTypeArrayIiLj3E14typesafe_indexIh12TAG_PriorityEEixERKS2_ @ 0xaa7550
RTL: _ZNK14typesafe_indexIh12TAG_PriorityEcvhEv @ 0xaa75d0
RTL: _ZNK14typesafe_indexIh12TAG_PriorityEplERKh @ 0xaa7620
RTL: _ZN19RestrictIDTypeArrayI9AP_ParamTIiL11ap_var_type3EELj3E14typesafe_indexIh12TAG_PriorityEEixERKS5_ @ 0xaa76a0
RTL: _ZN14typesafe_indexIh12TAG_PriorityEppEi @ 0xaa7720
RTL: _ZN7Compass10configuredEh @ 0x609030
RTL: _ZN19RestrictIDTypeArrayIN7Compass9mag_stateELj4E14typesafe_indexIh14TAG_StateIndexEEixERKS4_ @ 0xaa7790
RTL: _ZNK14typesafe_indexIh14TAG_StateIndexEeqERKh @ 0xaa7810
RTL: _ZN8AP_Param4loadEv @ 0x609240
RTL: _ZN8AP_Param7set_keyERNS_12Param_headerEt @ 0x609540
RTL: _ZN8AP_Param4scanEPKNS_12Param_headerEPt @ 0x6095d0
RTL: _ZN8AP_Param9type_sizeE11ap_var_type @ 0x609760
RTL: _ZNK13StorageAccess4sizeEv @ 0xaa7880
RTL: _ZN8AP_Param7get_keyERKNS_12Param_headerE @ 0x609800
RTL: _ZN8AP_Param11is_sentinalERKNS_12Param_headerE @ 0x609870
RTL: _ZNK19RestrictIDTypeArrayIP17CompassCalibratorLj3E14typesafe_indexIh12TAG_PriorityEEixERKS4_ @ 0xaa78d0
RTL: _ZN11AP_Airspeed13get_singletonEv @ 0xaa7950
RTL: _ZNK11AP_Airspeed13arming_checksEmPc @ 0x6099c0
RTL: _ZNK11AP_Airspeed7enabledEh @ 0x609bb0
RTL: _ZNK11AP_Airspeed3useEh @ 0x609c70
RTL: _ZNK11AP_Airspeed7healthyEh @ 0x609da0
RTL: _ZNK11AP_Airspeed11lib_enabledEv @ 0x609f20
RTL: _ZNK11RC_Channels19has_had_rc_receiverEv @ 0xaa79e0
RTL: _ZN2AP5winchEv @ 0x60a000
RTL: _ZNK8AP_Winch13pre_arm_checkEPch @ 0x60a040
RTL: _ZN8AP_Winch13get_singletonEv @ 0x60a1a0
RTL: _ZNK16AP_OAPathPlanner13pre_arm_checkEPch @ 0x60a1e0
RTL: _ZN18AC_AttitudeControl16get_angle_roll_pEv @ 0xaa7aa0
RTL: _ZN4AC_P2kPEv @ 0xaa7af0
RTL: _ZN18AC_AttitudeControl17get_angle_pitch_pEv @ 0xaa7b40
RTL: _ZNK11RangeFinder15has_orientationE8Rotation @ 0x60a380
RTL: _ZN13AC_PosControl14pre_arm_checksEPKcPch @ 0x60a520
RTL: _ZN18AC_AttitudeControl14pre_arm_checksEPKcPch @ 0x60a790
RTL: _ZN18AC_AttitudeControl15get_angle_yaw_pEv @ 0xaa7b90
RTL: _ZN6AC_PID2ffEv @ 0xaa7be0
RTL: _ZN6AC_PID2kPEv @ 0xaa7c30
RTL: _Z11is_negativeI9AP_ParamTIfL11ap_var_type4EEEbT_ @ 0xaa7c80
RTL: _ZN6AC_PID2kIEv @ 0xaa7cf0
RTL: _ZN6AC_PID2kDEv @ 0xaa7d40
RTL: _ZN13AC_PosControl12get_pos_NE_pEv @ 0xaa7d90
RTL: _ZN7AC_P_2D2kPEv @ 0xaa7de0
RTL: _ZN13AC_PosControl11get_pos_U_pEv @ 0xaa7e30
RTL: _ZN7AC_P_1D2kPEv @ 0xaa7e80
RTL: _ZN13AC_PosControl13get_vel_U_pidEv @ 0xaa7ed0
RTL: _ZN12AC_PID_Basic2kPEv @ 0xaa7f20
RTL: _ZN13AC_PosControl15get_accel_U_pidEv @ 0xaa7f70
RTL: _ZNK11RangeFinder13find_instanceE8Rotation @ 0x60ac70
RTL: _ZNK11RangeFinder11get_backendEh @ 0x60adc0
RTL: _ZN9AP_Arming6disarmENS_6MethodEb @ 0x60aea0
RTL: _ZNK9AP_Arming26send_arm_disarm_statustextEPKc @ 0x60b050
RTL: _ZNK7Compass14get_learn_typeEv @ 0xaa8020
RTL: _ZN6Copter17set_land_completeEb @ 0x60b2d0
RTL: _ZN6Copter23set_land_complete_maybeEb @ 0x60b490
RTL: _ZN9AP_Motors5armedEb @ 0x60b530
RTL: _ZN10AP_Mission5resetEv @ 0x60b5e0
RTL: _ZN9AP_Logger17set_vehicle_armedEb @ 0x60b680
RTL: _ZN11AC_AutoTune8disarmedEb @ 0x60b770
RTL: _ZN11AC_AutoTune5resetEv @ 0xaa8080
RTL: _ZN10AP_Mission18init_jump_trackingEv @ 0x60b850
RTL: _ZN10AP_Mission16reset_wp_historyEv @ 0x60b8e0
RTL: _ZN9AP_Logger11Write_EventE8LogEvent @ 0x60b970
RTL: _ZN9AP_Logger18WriteCriticalBlockEPKvt @ 0x60ba00
RTL: _ZN2AP5statsEv @ 0x60bab0
RTL: _ZN8AP_Stats10set_flyingEb @ 0x60baf0
RTL: _ZN10AP_Vehicle17set_likely_flyingEb @ 0xaa80e0
RTL: _ZN8AP_Stats17update_flighttimeEv @ 0x60bbc0
RTL: _ZN8AP_Stats14update_runtimeEv @ 0x60bc90
RTL: _ZN8AP_Stats5flushEv @ 0x60bd30
RTL: _ZN13AP_ParamTBaseIiL11ap_var_type3EE22set_and_save_ifchangedERKi @ 0xaa8170
RTL: _ZN8AP_Stats13get_singletonEv @ 0xaa8200
RTL: _ZNK14AP_DAL_Compass9availableEv @ 0xaa8240
RTL: _ZNK14AP_DAL_Compass7healthyEh @ 0xaa82a0
RTL: _ZNK14AP_DAL_Compass11get_offsetsEh @ 0xaa8310
RTL: _ZNK7Vector3IdE7tofloatEv @ 0xaa8380
RTL: _ZNK7Vector3IdEmlEd @ 0xaa8400
RTL: _ZNK9AP_Arming14option_enabledENS_6OptionE @ 0xaa84a0
RTL: _ZNK9AP_Arming22get_rudder_arming_typeEv @ 0xaa8520
RTL: _ZN9AP_Arming16Log_Write_DisarmEbNS_6MethodE @ 0x60c6b0
RTL: _ZN9AP_Arming20check_forced_loggingENS_6MethodE @ 0x60c780
RTL: _ZN14AP_BoardConfig13get_singletonEv @ 0xaa8580
RTL: _ZNK14AP_BoardConfig25get_safety_button_optionsEv @ 0xaa85c0
RTL: _ZN10AP_GyroFFT21save_params_on_disarmEv @ 0x60c820
RTL: _ZN8AC_Fence31auto_disable_fence_on_disarmingEv @ 0x60c8c0
RTL: _ZN8AC_Fence12clear_breachEh @ 0x60ccd0
RTL: _ZN9AP_Logger20set_long_log_persistEb @ 0xaa8620
RTL: _ZNK9AP_Arming8is_armedEv @ 0x60cd40
RTL: _ZNK9AP_Arming15arming_requiredEv @ 0x60cdc0
RTL: _ZNK14AP_OpenDroneID7enabledEv @ 0xaa8690
RTL: _ZNK7AP_EnumIN9AP_Arming8RequiredEEcvKS1_Ev @ 0xaa8700
RTL: _ZN9AP_Notify6updateEv @ 0x60d1a0
RTL: _ZNK7AP_AHRS11get_yaw_radEv @ 0xaa8750
RTL: _ZN6Copter27update_super_simple_bearingEb @ 0x60d5b0
RTL: _ZN9AP_Logger10Write_ModeEh10ModeReason @ 0x60d780
RTL: _ZN17AP_Logger_Backend10Write_ModeEh10ModeReason @ 0x60d8e0
RTL: _ZNK7AP_AHRS38get_relative_position_NED_origin_floatER7Vector3IfE @ 0x60d990
RTL: _ZN11AP_SmartRTL9add_pointERK7Vector3IfE @ 0x60dc00
RTL: _ZN7HALSITL9Semaphore16take_nonblockingEv @ 0x60ddc0
RTL: _ZNK11AP_SmartRTL10log_actionENS_6ActionERK7Vector3IfE @ 0x60de50
RTL: _ZNK7Vector3IfE16distance_squaredERKS0_ @ 0xaa8870
RTL: _ZL2sqf.12922 @ 0x60df10
RTL: _ZN7HALSITL9Semaphore4giveEv @ 0x60df60
RTL: _ZN9AP_Logger10Write_SRTLEbtthRK7Vector3IfE @ 0x60e010
RTL: _ZN9AP_Logger10WriteBlockEPKvt @ 0x60e130
RTL: _ZN17AP_Logger_Backend10WriteBlockEPKvt @ 0xaa8930
RTL: _ZN11AP_SmartRTL15restart_pruningEt @ 0x60e1e0
RTL: _ZN11AP_SmartRTL22restart_simplificationEt @ 0x60e290
RTL: _ZN7BitmaskILt500EE6setallEv @ 0xaa89c0
RTL: _ZNK7AP_AHRS32get_relative_position_NED_originER7Vector3IdE @ 0x60e320
RTL: _ZN7Vector2IdEC2Ev @ 0xaa8a70
RTL: _ZNK7NavEKF38getPosNEER7Vector2IdE @ 0x60e5c0
RTL: _ZNK11AP_AHRS_SIM12get_locationER8Location @ 0x60e8f0
RTL: _ZNK8Location23get_distance_NE_postypeERKS_ @ 0x60e9e0
RTL: _ZN7Vector2IdEC2Edd @ 0xaa8ad0
RTL: _ZNK12NavEKF3_core8getPosNEER7Vector2IdE @ 0x60ead0
RTL: _ZNK7Vector3IdE2xyEv @ 0xaa8b50
RTL: _ZNK7Vector2IdE8todoubleEv @ 0xaa8ba0
RTL: _ZNK7Vector2IdEplERKS0_ @ 0xaa8c00
RTL: _ZNK10AP_DAL_GPS6statusEh @ 0xaa8c90
RTL: _ZNK10AP_DAL_GPS8locationEh @ 0xaa8d00
RTL: _ZN7Vector2IdE4zeroEv @ 0xaa8d70
RTL: _ZNK10AP_DAL_GPS14primary_sensorEv @ 0xaa8dd0
RTL: _ZN6AP_DAL10log_event2ENS_5EventE @ 0x60f420
RTL: _ZNK7AP_Baro15get_temperatureEh @ 0xaa9090
RTL: _ZN6AP_DAL9end_frameEv @ 0x60fcd0
RTL: _ZN6AP_DAL15WriteLogMessageE11LogMessagesPvPKvh @ 0x60fd50
RTL: _ZN9AP_Logger16WriteReplayBlockEhPKvt @ 0x60fe70
RTL: _ZNK9AP_Logger10log_replayEv @ 0xaa9100
RTL: _ZN6AP_DAL10log_event3ENS_5EventE @ 0x610010
RTL: _ZN6Copter10should_logEj @ 0x610270
RTL: _ZNK9AP_Logger10should_logEj @ 0x6103a0
RTL: _ZN9AP_Notify13get_singletonEv @ 0xaa9200
RTL: _ZNK7AP_AHRS16get_velocity_NEDER7Vector3IfE @ 0x6107b0
RTL: _ZN10AP_Terrain23update_reference_offsetEv @ 0x610830
RTL: _ZNK9AP_ParamTIfL11ap_var_type4EEngEv @ 0xaa92a0
RTL: _ZN10AP_Terrain11height_amslERK8LocationRfb @ 0x610a70
RTL: _ZNK8Location10get_alt_cmENS_8AltFrameERi @ 0x610eb0
RTL: _ZNK8Location13get_alt_frameEv @ 0x6111f0
RTL: _ZNK7AP_AHRS10get_originER8Location @ 0x6112d0
RTL: _ZN10AP_Terrain8allocateEv @ 0x611350
RTL: _ZNK10AP_Terrain19calculate_grid_infoERK8LocationRNS_9grid_infoE @ 0x611470
RTL: _ZN10AP_Terrain15find_grid_cacheERKNS_9grid_infoE @ 0x6118e0
RTL: _ZN10AP_Terrain12check_bitmapERKNS_10grid_blockEhh @ 0x611bf0
RTL: _ZN10AP_Terrain11grid_bitnumEhh @ 0x611cb0
RTL: _ZNK9AP_Arming18get_enabled_checksEv @ 0x611d40
RTL: _ZN7HALSITL9Semaphore4takeEj @ 0x611ea0
RTL: _ZN6AP_HAL9Semaphore13take_blockingEv @ 0xaa9a70
RTL: _ZN4SITL6AS56006updateERKNS_8AircraftE @ 0x6133c0
RTL: _ZN4SITL17I2CRegisters_8Bit25rdwr_store_register_valueEhh @ 0xaaa890
RTL: _ZN4SITL17I2CRegisters_8Bit4rdwrERPNS_3I2C19i2c_rdwr_ioctl_dataE @ 0x6134b0
RTL: _ZNK4SITL8Aircraft12get_attitudeER11QuaternionTIfE @ 0xaaa910
RTL: _ZL7degreesf.21016 @ 0x613790
RTL: _ZN4SITL17I2CRegisters_8Bit12set_registerEhh @ 0x6137f0
RTL: _ZN4SITL9I2CDevice6updateERKNS_8AircraftE @ 0xaaab00
RTL: _ZN4SITL13TeraRangerI2C6updateERKNS_8AircraftE @ 0xaaaca0
RTL: _ZNK4SITL8Aircraft17rangefinder_rangeEv @ 0x613eb0
RTL: _ZL7radiansf.16135 @ 0x614390
RTL: _Z10rand_floatv @ 0x6143f0
RTL: _ZN4SITL7INA32216updateERKNS_8AircraftE @ 0x6146d0
RTL: _ZL15convert_voltagef @ 0x614b50
RTL: _ZL15convert_currentf @ 0x614c20
RTL: _ZN4SITL8QMC5883L6updateERKNS_8AircraftE @ 0x614e80
RTL: _ZN7Vector3IfE14rotate_inverseE8Rotation @ 0xaaad10
RTL: _ZL7htole16t.15260 @ 0x615290
RTL: _ZN7Vector3IsEC2Esss @ 0xaaaec0
RTL: _ZN4SITL10IS31FL31956updateERKNS_8AircraftE @ 0x615500
RTL: _ZN4SITL10IS31FL31954rdwrERPNS_3I2C19i2c_rdwr_ioctl_dataE @ 0x615630
RTL: _ZN4SITL10IS31FL319525rdwr_store_register_valueEhh @ 0x6156a0
RTL: _ZThn8_N4SITL10IS31FL319525rdwr_store_register_valueEhh @ 0x6157c0
RTL: _ZN4SITL17I2CRegisters_8Bit12get_registerEh @ 0xaab060
RTL: _ZN10SIM_RGBLED11set_coloursEhhh @ 0xaab0c0
RTL: _ZN4SITL6LM27556updateERKNS_8AircraftE @ 0x6161e0
RTL: _ZNK4SITL6LM275510LEDChannel13current_valueEv @ 0xaab2d0
RTL: _ZN4SITL6LP55626updateERKNS_8AircraftE @ 0x616790
RTL: _ZN4SITL6LP55624rdwrERPNS_3I2C19i2c_rdwr_ioctl_dataE @ 0xaab470
RTL: _ZN4SITL6LP556210LEDChannel6updateEv @ 0x616aa0
RTL: _ZNK4SITL6LP556210LEDChannel13current_valueEv @ 0xaab550
RTL: _ZN4SITL6MS5XXX6updateERKNS_8AircraftE @ 0x616b80
RTL: _ZN7AP_Baro37get_pressure_temperature_for_alt_amslEfRfS0_ @ 0x617b30
RTL: _ZN7AP_Baro29geometric_alt_to_geopotentialEf @ 0x617d10
RTL: _ZL33find_atmosphere_layer_by_altitudef @ 0x617d70
RTL: _ZN7AP_Baro33get_temperature_by_altitude_layerEfa @ 0x617e20
RTL: _ZN7AP_Baro29get_temperatureC_for_alt_amslEf @ 0x6189a0
RTL: _ZN4SITL12InvensenseV36updateERKNS_8AircraftE @ 0x618a10
RTL: _ZNK4SITL8ICM4060911accel_scaleEv @ 0xaabaa0
RTL: _ZL7radiansd.14702 @ 0x6194d0
RTL: _ZNK4SITL12InvensenseV310gyro_scaleEv @ 0xaabaf0
RTL: _ZN4SITL12InvensenseV313write_to_fifoEhPhh @ 0x619520
RTL: _ZN4SITL7MCP96006updateERKNS_8AircraftE @ 0x619a80
RTL: _ZL7htobe16t.14606 @ 0x61a050
RTL: _ZL10__bswap_16t.14608 @ 0x61a0a0
RTL: _ZNK4SITL31I2CRegisters_ConfigurableLength13get_reg_valueEhRh @ 0x61a110
RTL: _ZN4SITL6TSYS036updateERKNS_8AircraftE @ 0x61a560
RTL: _ZN4SITL6TSYS016updateERKNS_8AircraftE @ 0x61afb0
RTL: _ZN4SITL5SHT3x6updateERKNS_8AircraftE @ 0x61bbe0
RTL: _ZN4SITL13Airspeed_DLVR6updateERKNS_8AircraftE @ 0x61c460
RTL: _ZN4SITL29SIM_BattMonitor_SMBus_Generic6updateERKNS_8AircraftE @ 0x61cf40
RTL: _ZNK4SITL29SIM_BattMonitor_SMBus_Generic15connected_cellsEv @ 0xaac3e0
RTL: _ZN4SITL21SIM_BattMonitor_SMBus6updateERKNS_8AircraftE @ 0x61d7a0
RTL: _ZNK4SITL8Aircraft19get_battery_voltageEv @ 0xaac430
RTL: _ZN4SITL11SMBusDevice12set_registerEht @ 0xaac480
RTL: _ZN4SITL18I2CRegisters_16Bit12set_registerEht @ 0x61d8b0
RTL: _ZN4SITL11SMBusDevice12set_registerEhs @ 0xaac500
RTL: _ZN4SITL18I2CRegisters_16Bit12set_registerEhs @ 0x61d960
RTL: _ZN4SITL6Rotoye6updateERKNS_8AircraftE @ 0x61dc00
RTL: _ZN4SITL11SMBusDevice13get_reg_valueEh @ 0xaac7b0
RTL: _ZN4SITL18I2CRegisters_16Bit13get_reg_valueEh @ 0xaac820
RTL: _ZL7be16toht.21067 @ 0x61dcd0
RTL: _ZL10__bswap_16t.21068 @ 0x61dd20
RTL: _ZNK4SITL6Maxell15connected_cellsEv @ 0xaac8e0
RTL: _ZN4SITL13MaxSonarI2CXL6updateERKNS_8AircraftE @ 0xaaca20
RTL: _ZN4SITL10ToshibaLED6updateERKNS_8AircraftE @ 0x61dfe0
RTL: _ZN4SITL10ToshibaLED4rdwrERPNS_3I2C19i2c_rdwr_ioctl_dataE @ 0xaace30
RTL: _ZNK6AP_HAL3HAL6serialEh @ 0xaad460
RTL: _ZL14fill_stack_nanv @ 0x61eaa0
RTL: _ZN7HALSITL9Scheduler13_run_io_procsEv @ 0x61ee20
RTL: _ZNK7FunctorIvJEEcvbEv @ 0xaad570
RTL: _ZNK7FunctorIvJEEclEv @ 0xaad5d0
RTL: _ZN7HALSITL16I2CDeviceManager11_timer_tickEv @ 0x61f030
RTL: _ZN2AP2RCEv @ 0x61f0d0
RTL: _ZN13AP_RCProtocol6updateEv @ 0x61f180
RTL: _ZN13AP_RCProtocol16check_added_uartEv @ 0x61f1d0
RTL: _ZNK13AP_RCProtocol13should_searchEj @ 0x61f440
RTL: _ZN21AP_RCProtocol_Backend9new_inputEv @ 0x61fc00
RTL: _ZNK17AP_RCProtocol_FDM6activeEv @ 0xaad870
RTL: _ZN6I2CBus11_timer_tickEv @ 0x61fe10
RTL: _ZN9AP_Logger6WriteVEPKcS1_S1_S1_S1_P13__va_list_tagbb @ 0x61ff40
RTL: _ZN9AP_Logger16msg_fmt_for_nameEPKcS1_S1_S1_S1_bb @ 0x620140
RTL: _ZN17AP_Logger_Backend5WriteEhP13__va_list_tagbb @ 0x620a30
RTL: _ZNK9AP_Logger24assert_same_fmt_for_nameEPKNS_13log_write_fmtEPKcS4_S4_S4_S4_ @ 0x6215b0
RTL: _ZN3GCS14update_receiveEv @ 0x622920
RTL: _ZN3GCS11update_sendEv @ 0x6229d0
RTL: _ZN19MissionItemProtocol6updateEv @ 0x622d10
RTL: _ZN11GCS_MAVLINK11update_sendEv @ 0x622ee0
RTL: _ZN3GCS18service_statustextEv @ 0x6232c0
RTL: _ZN3GCS15StatusTextQueue9semaphoreEv @ 0xaadad0
RTL: _ZNK11ObjectArrayIN3GCS12statustext_tEE8is_emptyEv @ 0xaadb20
RTL: _ZN11GCS_MAVLINK18service_statustextEv @ 0x623430
RTL: _ZN3GCS15StatusTextQueue5pruneEv @ 0x623670
RTL: _ZNK11ObjectArrayIN3GCS12statustext_tEE9availableEv @ 0xaadb80
RTL: _ZN11ObjectArrayIN3GCS12statustext_tEEixEt @ 0xaadbd0
RTL: _ZN11ObjectArrayIN3GCS12statustext_tEE6removeEt @ 0xaadc70
RTL: _ZN3GCS16statustext_queueEv @ 0xaade70
RTL: _Z14comm_chan_lock17mavlink_channel_t @ 0x6237a0
RTL: _ZL27mavlink_msg_statustext_send17mavlink_channel_thPKcth @ 0x623800
RTL: _ZL16mav_array_memcpyPvPKvm.6783 @ 0x6238e0
RTL: _ZN9AP_Logger15handle_log_sendEv @ 0x623980
RTL: _ZN22GCS_MAVLINK_InProgress11check_tasksEv @ 0x624050
RTL: _ZNK3GCS11out_of_timeEv @ 0x624240
RTL: _ZN11GCS_MAVLINK30deferred_message_to_send_indexEt @ 0x624320
RTL: _ZN11GCS_MAVLINK19do_try_send_messageE10ap_message @ 0x624500
RTL: _ZNK7BitmaskILt91EE9first_setEv @ 0xaadec0
RTL: _ZN7BitmaskILt91EE5clearEt @ 0xaadf90
RTL: _ZN11GCS_MAVLINK36next_deferred_bucket_message_to_sendEt @ 0x624630
RTL: _ZNK7BitmaskILt91EE5countEv @ 0xaae050
RTL: _ZNK11GCS_MAVLINK26get_reschedule_interval_msERKNS_25deferred_message_bucket_tE @ 0x624760
RTL: _ZN11GCS_MAVLINK24find_next_bucket_to_sendEt @ 0x624860
RTL: _ZN7BitmaskILt91EEaSERKS0_ @ 0xaae120
RTL: _ZNK11GCS_MAVLINK24requesting_mission_itemsEv @ 0x624a30
RTL: _ZN7GCS_FTP16get_last_send_msE17mavlink_channel_t @ 0x624b20
RTL: _ZNK7BitmaskILt91EE8validateEt @ 0xaae260
RTL: _ZNK11GCS_MAVLINK17telemetry_delayedEv @ 0x624cc0
RTL: _ZNK3GCS11telem_delayEv @ 0xaae2f0
RTL: _ZN14AP_BoardConfig15in_config_errorEv @ 0xaae350
RTL: _ZNK12AP_Scheduler19time_available_usecEv @ 0x624d90
RTL: _ZN2AP2FSEv @ 0x625010
RTL: _ZN19AP_Filesystem_Posix5writeEiPKvj @ 0x6253b0
RTL: _ZN21AP_Filesystem_Backend17bytes_until_fsyncEi @ 0xaae390
RTL: _ZN19AP_Filesystem_Posix9disk_freeEPKc @ 0x625ba0
RTL: _ZNK21AP_Filesystem_Backend15file_op_allowedEv @ 0x6262d0
RTL: _ZL12map_filenamePKc @ 0x626370
RTL: _ZL17map_filename_freePKc @ 0x626410
RTL: _Z16comm_get_txspace17mavlink_channel_t @ 0x626560
RTL: _ZL28mavlink_msg_command_ack_send17mavlink_channel_tthhihh.6806 @ 0x6265f0
RTL: _ZN11GCS_MAVLINK23set_ap_message_intervalE10ap_messaget @ 0x626a60
RTL: _ZNK11GCS_MAVLINK20cap_message_intervalEt @ 0x626e80
RTL: _ZNK11GCS_MAVLINK26get_deferred_message_indexE10ap_message @ 0x626f50
RTL: _ZNK7BitmaskILt91EE3getEt @ 0xaae5d0
RTL: _ZN7BitmaskILt91EE3setEt @ 0xaae6a0
RTL: _ZN12AP_Scheduler18get_loop_period_usEv @ 0xaae760
RTL: _ZNK13AP_Filesystem13backend_by_fdERi @ 0x6277d0
RTL: _ZNK13AP_Filesystem15backend_by_pathERPKc @ 0x6278a0
RTL: _ZN11GCS_MAVLINK39initialise_message_intervals_for_streamENS_7streamsE @ 0x627b90
RTL: _ZNK11GCS_MAVLINK23get_interval_for_streamENS_7streamsE @ 0x627d90
RTL: _ZNK11GCS_MAVLINK8get_chanEv @ 0xaae800
RTL: _ZN11GCS_MAVLINK12send_messageE10ap_message @ 0x628840
RTL: _ZN11GCS_MAVLINK22save_signing_timestampEb @ 0x628950
RTL: _ZNK11GCS_MAVLINK12is_streamingEv @ 0xaae8f0
RTL: _ZN11GCS_MAVLINK16signing_key_loadER10SigningKey @ 0x628a80
RTL: _ZNK13StorageAccess11write_blockEtPKvm @ 0x628be0
RTL: _ZN19AC_PolyFence_loader13check_indexedEv @ 0x62b6f0
RTL: _Z11is_negativeIfEbT_ @ 0xaaf650
RTL: _ZN11GCS_MAVLINK14update_receiveEj @ 0x631270
RTL: _ZN3GCS15update_passthruEv @ 0x631740
RTL: _ZN16AP_SerialManager12get_passthruERPN6AP_HAL10UARTDriverES3_RhRjS5_ @ 0x631c70
RTL: _ZN6AP_HAL10UARTDriver11read_lockedEPhmj @ 0x6326f0
RTL: _ZNK11GCS_MAVLINK6lockedEv @ 0xaaf990
RTL: _ZNK7FunctorIbJhPN6AP_HAL10UARTDriverEEEcvbEv @ 0xaaf9f0
RTL: _ZN11GCS_MAVLINK14channel_bufferEv @ 0xaafad0
RTL: mavlink_frame_char_buffer @ 0x632dd0
RTL: _ZN12AP_Scripting14handle_messageERK17__mavlink_message17mavlink_channel_t @ 0x633670
RTL: _ZN11GCS_MAVLINK13send_timesyncEv @ 0x633860
RTL: _ZN11GCS_MAVLINK17log_mavlink_statsEv @ 0x6338d0
RTL: _ZNK11GCS_MAVLINK15signing_enabledEv @ 0x633a50
RTL: _ZNK11GCS_MAVLINK21timesync_timestamp_nsEv @ 0x633af0
RTL: _ZL25mavlink_msg_timesync_send17mavlink_channel_tll @ 0x633b50
RTL: mavlink_start_checksum @ 0x633bf0
RTL: mavlink_update_checksum @ 0x633c50
RTL: _Z9fill_nanfPft @ 0x634690
RTL: _ZN10ByteBuffer7advanceEj @ 0x637720
RTL: _ZN5Empty11OpticalFlow9push_gyroEfff @ 0xab09a0
RTL: _ZN5Empty11OpticalFlow14push_gyro_biasEff @ 0xab0a10
RTL: _ZN6AP_HAL4Util14set_soft_armedEb @ 0x638240
RTL: _ZNK7HALSITL4Util18was_watchdog_resetEv @ 0xab0ce0
RTL: _ZN7HALSITL4Util19safety_switch_stateEv @ 0x6383d0
RTL: _ZN7HALSITL4Util10set_hw_rtcEm @ 0xab0ea0
RTL: _ZN7HALSITL4Util16available_memoryEv @ 0xab11d0
RTL: _ZN7HALSITL4Util8uart_logEv @ 0x6389b0
RTL: _ZN6AP_HAL4Util14log_stack_infoEv @ 0xab1570
RTL: _ZN6AP_HAL10UARTDriver9log_statsEhRNS0_12StatsTrackerEj @ 0x638b80
RTL: _ZN6AP_HAL10UARTDriver12StatsTracker11ByteTracker6updateEj @ 0x638d20
RTL: _ZN7HALSITL8RCOutput20_safety_switch_stateEv @ 0xab1610
RTL: _ZNK7HALSITL9Semaphore11check_ownerEv @ 0x63a2e0
RTL: _ZN7HALSITL9I2CDevice8transferEPKhjPhj @ 0x63a8f0
RTL: _ZN7HALSITL9I2CDevice9_transferEPKhjPhj @ 0x63acf0
RTL: _ZN6I2CBus5ioctlEhPv @ 0xab34f0
RTL: _ZN6I2CBus6_ioctlEhPv @ 0x63afc0
RTL: _ZN4SITL3SIM9i2c_ioctlEhPv @ 0xab3570
RTL: _ZN4SITL3I2C5ioctlEhPv @ 0x63b040
RTL: _ZN4SITL3I2C10ioctl_rdwrEPNS0_19i2c_rdwr_ioctl_dataE @ 0x63b0d0
RTL: _ZN6AP_HAL10UARTDriver5writeEPKhm @ 0x63b250
RTL: _ZN6AP_HAL10UARTDriver9availableEv @ 0x63b390
RTL: _ZN6AP_HAL10UARTDriver4readEv @ 0x63b410
RTL: _ZN6AP_HAL10UARTDriver4readERh @ 0x63b490
RTL: _ZN6AP_HAL10UARTDriver4readEPht @ 0x63b590
RTL: _ZN7HALSITL10UARTDriver7txspaceEv @ 0x63b600
RTL: _ZN7HALSITL10UARTDriver11_timer_tickEv @ 0x63b980
RTL: _ZN7HALSITL10UARTDriver26receive_time_constraint_usEt @ 0x63b9e0
RTL: _ZN7HALSITL10UARTDriver6_writeEPKhm @ 0x63c6b0
RTL: _ZN7HALSITL10UARTDriver5_readEPht @ 0x63c880
RTL: _ZN7HALSITL10UARTDriver10_availableEv @ 0x63ca70
RTL: _ZNK7HALSITL10UARTDriver18get_total_tx_bytesEv @ 0xab3da0
RTL: _ZNK7HALSITL10UARTDriver18get_total_rx_bytesEv @ 0xab3df0
RTL: _ZNK6AP_HAL10UARTDriver26get_total_dropped_rx_bytesEv @ 0xab3e40
RTL: _ZN7HALSITL10UARTDriver17_check_connectionEv @ 0x63cb60
RTL: _ZN7HALSITL10UARTDriver13_select_checkEi @ 0x63cca0
RTL: _ZN10ByteBuffer4readEPhj @ 0x63ceb0
RTL: _ZN7HALSITL10UARTDriver41handle_writing_from_writebuffer_to_deviceEv @ 0x63cf50
RTL: _ZN7HALSITL10UARTDriver16_check_reconnectEv @ 0x63d300
RTL: _ZL3MINIjjEDTqultfp_fp0_fp_fp0_ERKT_RKT0_.13888 @ 0x63d700
RTL: _ZNK4SITL12SerialDevice15write_to_deviceEPKcm @ 0x63d780
RTL: _ZNK4SITL12SerialDevice18write_to_autopilotEPKcm @ 0x640ae0
RTL: _ZNK4SITL12SerialDevice13is_match_baudEv @ 0x640ba0
RTL: _ZNK4SITL3GPS18write_to_autopilotEPKcm @ 0x640cd0
RTL: _ZNK4SITL3GPS11device_baudEv @ 0x640ef0
RTL: _ZNK8Location31get_vector_xy_from_origin_NE_cmI7Vector2IfEEEbRT_ @ 0xab5320
RTL: _Z8wrap_180IdET_S0_ @ 0xab5430
RTL: _ZNK7Vector2IfEplERKS0_ @ 0xab5890
RTL: _Z8wrap_360d @ 0x643d80
RTL: _ZNK4SITL12SerialDevice19read_from_autopilotEPcm @ 0x643e20
RTL: _Z7is_zerod @ 0xab7560
RTL: _ZN7HALSITL10UARTDriver40handle_reading_from_device_to_readbufferEv @ 0x649710
RTL: _ZNK4SITL12SerialDevice16read_from_deviceEPcm @ 0x649ba0
RTL: _ZN7HALSITL8AnalogIn13board_voltageEv @ 0xab8a70
RTL: _ZN6AP_HAL8AnalogIn17servorail_voltageEv @ 0xab8ac0
RTL: _ZN6AP_HAL8AnalogIn18power_status_flagsEv @ 0xab8b10
RTL: _ZN7HALSITL9ADCSource7set_pinEh @ 0x64a7e0
RTL: _ZN7HALSITL9ADCSource15voltage_averageEv @ 0x64a860
RTL: _ZN7HALSITL9ADCSource14voltage_latestEv @ 0x64a8b0
RTL: _ZNK7HALSITL4GPIO9valid_pinEh @ 0xab8dc0
RTL: _ZN7HALSITL4GPIO13usb_connectedEv @ 0x64b010
RTL: _ZNK6AP_HAL4GPIO13arming_checksEmPc @ 0xab9140
RTL: _ZN7HALSITL8RCOutput9enable_chEh @ 0x64b410
RTL: _ZN7HALSITL8RCOutput10disable_chEh @ 0x64b4a0
RTL: _ZN7HALSITL8RCOutput5writeEht @ 0x64b530
RTL: _ZN6AP_HAL8RCOutput20update_channel_masksEv @ 0xab94f0
RTL: _ZN7HALSITL8RCOutput4corkEv @ 0x64b660
RTL: _ZN7HALSITL8RCOutput4pushEv @ 0x64b6f0
RTL: _ZN7HALSITL8RCOutput4readEh @ 0x64b820
RTL: _ZN7HALSITL8RCOutput4readEPth @ 0x64b8b0
RTL: _ZN6AP_HAL8RCOutput16set_default_rateEt @ 0xab9d90
RTL: _ZN17AP_ESC_Telem_SITL6updateEv @ 0x64bcd0
RTL: _ZL3MAXIffEDTqugtfp_fp0_fp_fp0_ERKT_RKT0_.20563 @ 0x64bea0
RTL: _ZN20AP_ESC_Telem_Backend10update_rpmEhff @ 0x64bf20
RTL: _ZN20AP_ESC_Telem_Backend17update_telem_dataEhRKNS_13TelemetryDataEt @ 0x64bfb0
RTL: _ZN12AP_ESC_Telem17update_telem_dataEhRKN20AP_ESC_Telem_Backend13TelemetryDataEt @ 0x64c040
RTL: _ZN12AP_ESC_Telem10update_rpmEhff @ 0x64c320
RTL: _ZL3MAXIjjEDTqugtfp_fp0_fp_fp0_ERKT_RKT0_.10200 @ 0x64c480
RTL: _Z16constrain_uint32jjj @ 0xaba2c0
RTL: _Z15constrain_valueIjET_S0_S0_S0_ @ 0xaba330
RTL: _ZN7HALSITL7RCInput9new_inputEv @ 0x64c610
RTL: _ZN7HALSITL7RCInput12num_channelsEv @ 0x64c670
RTL: _ZN7HALSITL7RCInput4readEh @ 0x64c6d0
RTL: _ZN13AP_RCProtocol4readEh @ 0x64c980
RTL: _ZN21AP_RCProtocol_Backend4readEh @ 0x64ca10
RTL: _ZN13AP_RCProtocol12num_channelsEv @ 0x64ca70
RTL: _ZNK21AP_RCProtocol_Backend12num_channelsEv @ 0x64caf0
RTL: _ZN13AP_RCProtocol9new_inputEv @ 0x64cb40
RTL: _ZN13AP_RCProtocol21detect_async_protocolENS_12rcprotocol_tE @ 0x64cd00
RTL: _ZNK13AP_RCProtocol10using_uartEv @ 0xaba8c0
RTL: _ZN17AP_RCProtocol_FDM6updateEv @ 0x64d950
RTL: _ZN21AP_RCProtocol_Backend9add_inputEhPtbss @ 0x64db30
RTL: _ZL3MINIhiEDTqultfp_fp0_fp_fp0_ERKT_RKT0_.20159 @ 0x64dc90
RTL: _ZN13AP_RCProtocol19set_failsafe_activeEb @ 0xabb290
RTL: _ZN21AP_RCProtocol_Backend6updateEv @ 0xabb3a0
RTL: _ZN17AP_RCProtocol_UDP6updateEv @ 0x64dd10
RTL: _ZN17AP_RCProtocol_UDP21read_all_socket_inputEv @ 0x64df70
RTL: _ZN16SocketAPM_native4recvEPvmj @ 0x64e210
RTL: _ZN16SocketAPM_native6pollinEj @ 0x64e440
RTL: _ZNK16SocketAPM_native11get_read_fdEv @ 0xabb4d0
RTL: _ZN18AP_RCProtocol_GHST6updateEv @ 0x64eca0
RTL: _ZN3GCS23get_sensor_status_flagsERjS0_S0_ @ 0x650960
RTL: _ZN3GCS26update_sensor_status_flagsEv @ 0x650a20
RTL: _ZNK7AP_AHRS11initialisedEv @ 0x6511e0
RTL: _ZNK7AP_Baro13num_instancesEv @ 0xabbb60
RTL: _ZNK6AP_GPS10is_healthyEv @ 0xabbbb0
RTL: _ZNK14AP_BattMonitor13num_instancesEv @ 0xabbc10
RTL: _ZNK14AP_BattMonitor7healthyEv @ 0x651310
RTL: _ZNK17AP_InertialSensor11calibratingEv @ 0x651400
RTL: _ZNK9AP_Logger15logging_enabledEv @ 0x6514d0
RTL: _ZNK6AP_GPS15logging_presentEv @ 0xabbc60
RTL: _ZNK6AP_GPS15logging_enabledEv @ 0xabbcd0
RTL: _ZNK6AP_GPS14logging_failedEv @ 0x6515a0
RTL: _ZNK7AP_AHRS12get_ekf_typeEv @ 0xabbd40
RTL: _ZNK8AC_Fence18sys_status_enabledEv @ 0x651680
RTL: _ZNK8AC_Fence18sys_status_presentEv @ 0x651720
RTL: _ZNK8AC_Fence17sys_status_failedEv @ 0x651780
RTL: _ZNK11AP_Airspeed7enabledEv @ 0xabbda0
RTL: _ZN2AP11opticalflowEv @ 0x6518d0
RTL: _ZNK14AP_OpticalFlow7healthyEv @ 0xabbeb0
RTL: _ZN2AP6armingEv @ 0x651910
RTL: _ZNK11RC_Channels22has_ever_seen_rc_inputEv @ 0xabbf30
RTL: _ZN9AP_Arming13get_singletonEv @ 0x651950
RTL: _ZN14AP_OpticalFlow13get_singletonEv @ 0xabbf90
RTL: _ZN2AP8airspeedEv @ 0x651990
RTL: _ZNK8AC_Fence12get_breachesEv @ 0xabc060
RTL: _ZNK7AP_EnumIN8AC_Fence6ActionEEcvKS1_Ev @ 0xabc0b0
RTL: _ZNK14AP_BattMonitor7healthyEh @ 0x651a50
RTL: _ZNK6AP_GPS8num_satsEv @ 0xabc2c0
RTL: _ZNK6AP_GPS8num_satsEh @ 0xabc320
RTL: _ZNK14AP_BattMonitor7voltageEh @ 0x652740
RTL: _ZNK14AP_BattMonitor12current_ampsERfh @ 0x6527e0
RTL: _ZNK14AP_BattMonitor12consumed_mahERfh @ 0x6528d0
RTL: _ZN9AP_Logger14WriteStreamingEPKcS1_S1_z @ 0x6535f0
RTL: _ZN22AP_RCProtocol_DroneCAN6updateEv @ 0x653850
RTL: _ZNK16AP_SerialManager11find_serialENS_14SerialProtocolEh @ 0x654c40
RTL: _ZN2AP3srvEv @ 0x657f90
RTL: _ZN12SRV_Channels4corkEv @ 0x657fd0
RTL: _ZN12SRV_Channels4pushEv @ 0x658030
RTL: _ZN16AP_Volz_Protocol6updateEv @ 0x6581e0
RTL: _ZN10AP_SBusOut6updateEv @ 0x6584b0
RTL: _ZN15AP_RobotisServo6updateEv @ 0x658630
RTL: _ZN16AP_FETtecOneWire6updateEv @ 0x6588a0
RTL: _ZN2AP6kdecanEv @ 0x658b90
RTL: _ZN9AP_KDECAN6updateEv @ 0x658bd0
RTL: _ZN12SRV_Channels12find_channelEN11SRV_Channel8FunctionERh @ 0x6595b0
RTL: _ZN11SRV_Channel8calc_pwmEf @ 0x659680
RTL: _ZN9AP_KDECAN13get_singletonEv @ 0xabec80
RTL: _ZN16AP_FETtecOneWire4initEv @ 0x65b340
RTL: _ZN16AP_FETtecOneWire9init_uartEv @ 0x65c910
RTL: _ZN12SRV_Channels13get_singletonEv @ 0xabf6e0
RTL: _ZNK10AP_Mission21get_current_nav_indexEv @ 0xabfa70
RTL: _ZNK7AP_AHRS13wind_estimateEv @ 0xabfaf0
RTL: _ZN10AP_Terrain20height_above_terrainERfb @ 0x661600
RTL: _ZNK10AP_Terrain6statusEv @ 0xabfb50
RTL: _ZNK7AP_AHRS11groundspeedEv @ 0xabfc90
RTL: _ZN7AP_Baro14get_climb_rateEv @ 0x661b10
RTL: _ZN16DerivativeFilterIfLh7EE5slopeEv @ 0xabfd30
RTL: _ZNK11RangeFinder15distance_orientE8Rotation @ 0x661b80
RTL: _ZNK14AP_BattMonitor7voltageEv @ 0xac0800
RTL: _Z14float_to_int16f @ 0x663590
RTL: _ZNK7AP_AHRS11get_yaw_degEv @ 0xac0850
RTL: _ZNK7AP_AHRS28get_relative_position_D_homeERf @ 0x663710
RTL: _ZNK8Location9get_alt_mENS_8AltFrameERf @ 0x6638b0
RTL: _ZNK7AP_AHRS11_get_originER8Location @ 0x663960
RTL: _ZNK7AP_AHRS11_get_originENS_7EKFTypeER8Location @ 0x663a40
RTL: _ZNK7NavEKF312getOriginLLHER8Location @ 0x663c50
RTL: _ZN18AP_RCProtocol_CRSF6updateEv @ 0x666500
RTL: _ZN13AP_CRSF_Telem13get_singletonEv @ 0x666b30
RTL: _ZN13AP_CRSF_Telem13queue_messageE12MAV_SEVERITYPKc @ 0x667580
RTL: _ZN2AP10crsf_telemEv @ 0x66a2d0
RTL: _ZNK7AP_AHRS12get_roll_radEv @ 0xac1c70
RTL: _ZNK7AP_AHRS13get_pitch_radEv @ 0xac1cc0
RTL: _ZN19AP_RCProtocol_SRXL26updateEv @ 0x6700f0
RTL: _ZNK14AP_BattMonitor15get_temperatureERfh @ 0x6731d0
RTL: _ZN2AP3rtcEv @ 0x6732a0
RTL: _ZNK6AP_RTC12get_utc_usecERm @ 0x6733c0
RTL: _ZN6AP_RTC13get_singletonEv @ 0xac28d0
RTL: _ZN2AP9esc_telemEv @ 0x673720
RTL: _ZNK12AP_ESC_Telem7get_rpmEhRf @ 0x6738c0
RTL: _ZL3MINIffEDTqultfp_fp0_fp_fp0_ERKT_RKT0_.10179 @ 0x673a60
RTL: _ZNVK20AP_ESC_Telem_Backend13TelemetryData5staleEv @ 0x673b50
RTL: _ZN12AP_ESC_Telem13get_singletonEv @ 0x673bd0
RTL: _ZN17AP_RCProtocol_DSM6updateEv @ 0x6770e0
RTL: _ZN7HALSITL9Scheduler5delayEt @ 0x6789d0
RTL: _ZN7HALSITL9Scheduler18delay_microsecondsEt @ 0x678ac0
RTL: _ZN6AP_HAL9Scheduler24delay_microseconds_boostEt @ 0xac30b0
RTL: _ZN6AP_HAL9Scheduler9boost_endEv @ 0xac31c0
RTL: _ZNK6AP_HAL9Scheduler17in_delay_callbackEv @ 0xac3210
RTL: _ZN7HALSITL9Scheduler21is_system_initializedEv @ 0xac3270
RTL: _ZN7HALSITL9Scheduler10stop_clockEm @ 0x679030
RTL: _ZNK7HALSITL9Scheduler14in_main_threadEv @ 0x6790d0
RTL: _ZN7HALSITL10SITL_State10wait_clockEm @ 0x679790
RTL: _ZNK4SITL8Aircraft11get_speedupEv @ 0xac3420
RTL: _ZNK7HALSITL9Scheduler28semaphore_wait_hack_requiredEv @ 0x679940
RTL: _ZN7HALSITL10SITL_State15_fdm_input_stepEv @ 0x6799c0
RTL: _ZN7HALSITL10SITL_State16_fdm_input_localEv @ 0x679b10
RTL: _ZNK7HALSITL9Scheduler22interrupts_are_blockedEv @ 0xac3470
RTL: _ZN7HALSITL9Scheduler17sitl_begin_atomicEv @ 0xac34d0
RTL: _ZN7HALSITL9Scheduler11timer_eventEv @ 0xac3530
RTL: _ZN7HALSITL9Scheduler15sitl_end_atomicEv @ 0x679cb0
RTL: _ZN7HALSITL10SITL_State16_update_airspeedEf @ 0x679d50
RTL: _ZN7HALSITL10SITL_State19_update_rangefinderEv @ 0x67a0c0
RTL: _ZNK7HALSITL10SITL_State18_sonar_pin_voltageEv @ 0x67a120
RTL: _ZN7AP_Baro24get_EAS2TAS_for_alt_amslEf @ 0x67a290
RTL: _ZL2sqf.13649 @ 0x67a310
RTL: _ZN7AP_Baro28get_air_density_for_alt_amslEf @ 0x67a360
RTL: _ZL3MAXIffEDTqugtfp_fp0_fp_fp0_ERKT_RKT0_.2214 @ 0x67a530
RTL: _ZN7HALSITL9Scheduler16_run_timer_procsEv @ 0x67a5b0
RTL: _ZN7HALSITL10SITL_State17_simulator_servosER10sitl_input @ 0x67a6b0
RTL: _ZN4SITL11JSON_Master7receiveER10sitl_input @ 0x67b340
RTL: _ZN7HALSITL10SITL_State22multicast_servo_updateER10sitl_input @ 0x67b7e0
RTL: _ZN4SITL8Aircraft11update_homeEv @ 0x67b8c0
RTL: _ZN4SITL8Aircraft12update_modelERK10sitl_input @ 0x67ba20
RTL: _ZN4SITL8Aircraft8fill_fdmERNS_8sitl_fdmE @ 0x67bac0
RTL: _ZN7HALSITL8CANIface14num_interfacesEv @ 0xac3570
RTL: _ZNK4SITL8Aircraft20get_position_relhomeEv @ 0x67c690
RTL: _ZN4SITL11JSON_Master4sendERKNS_8sitl_fdmERK7Vector3IdE @ 0x67c750
RTL: _ZN7HALSITL17SITL_State_Common10sim_updateEv @ 0x67c9f0
RTL: _ZN7HALSITL10SITL_State14set_height_aglEv @ 0x67d240
RTL: _ZNK4SITL8Aircraft12get_locationEv @ 0xac35b0
RTL: _ZNK4SITL8Aircraft15get_velocity_efEv @ 0xac3600
RTL: _ZN4SITL3GPS6updateEv @ 0x67e610
RTL: _ZN4SITL12SerialDevice17init_sitl_pointerEv @ 0x67fd60
RTL: _ZN4SITL3GPS24check_backend_allocationEv @ 0x67fdf0
RTL: _ZN4SITL3GPS16interpolate_dataERKNS_8GPS_DataEj @ 0x680400
RTL: _ZL3MAXIifEDTqugtfp_fp0_fp_fp0_ERKT_RKT0_.14372 @ 0x680d90
RTL: _ZNK4SITL11GPS_Backend11device_baudEv @ 0xac3c20
RTL: _ZN4SITL11GPS_Backend11update_readEv @ 0x680f10
RTL: _ZNK4SITL11GPS_Backend18write_to_autopilotEPKcm @ 0x681260
RTL: _ZNK4SITL11GPS_Backend19read_from_autopilotEPcm @ 0x6812e0
RTL: _ZN4SITL11GPS_Backend8gps_timeEv @ 0x681d80
RTL: _ZNK7Vector2IdE6lengthEv @ 0xac3e40
RTL: _ZN4SITL11GPS_Backend18simulation_timevalEP7timeval @ 0x6826b0
RTL: _ZN4SITL9GPS_UBlox7publishEPKNS_8GPS_DataE @ 0x685580
RTL: _Z4normIddJdEEdT_T0_DpKT1_ @ 0xac44e0
RTL: _ZL7degreesf.14460 @ 0x686050
RTL: _ZN4SITL9GPS_UBlox8send_ubxEhPht @ 0x686580
RTL: _ZL3MAXIiiEDTqugtfp_fp0_fp_fp0_ERKT_RKT0_.14461 @ 0x686750
RTL: _ZNK7Vector3IfE6is_nanEv @ 0xac4560
RTL: _ZN7Matrix3IfE6rotateERK7Vector3IfE @ 0xac4630
RTL: _ZNK7Vector2IfE5angleEv @ 0xac47e0
RTL: _ZN7Matrix3IfEpLERKS0_ @ 0xac4850
RTL: _ZNK7Matrix3IfEplERKS0_ @ 0xac48e0
RTL: _Z2sqIdJddEEdT_DpKT0_ @ 0xac4a00
RTL: _ZNK11QuaternionTIfE8to_eulerERfS1_S1_ @ 0xac4aa0
RTL: _ZNK11QuaternionTIfE13get_euler_yawEv @ 0xac4bb0
RTL: _ZNK7Vector3IdEplERKS0_ @ 0xac55b0
RTL: _ZN7Vector3IdEpLERKS0_ @ 0xac5650
RTL: _ZN7Matrix3IdEC2Ev @ 0xac56f0
RTL: _ZNK7Matrix3IdEmlERK7Vector3IdE @ 0xac5930
RTL: _ZNK11QuaternionTIfEmlERK7Vector3IfE @ 0xac5c30
RTL: _ZNK7Vector3IdEmiERKS0_ @ 0xac6120
RTL: _Z11wrap_360_cdf @ 0x690200
RTL: _ZNK7Vector3IdE6lengthEv @ 0xac6280
RTL: _ZN7Vector3IdE4zeroEv @ 0xac62e0
RTL: _ZNK4SITL8Aircraft7get_dcmEv @ 0xac6420
RTL: _ZNK7Matrix3IfE10transposedEv @ 0xac6470
RTL: _ZN7Matrix3IfE9normalizeEv @ 0xac6640
RTL: _ZNK8Location22get_distance_NE_doubleERKS_ @ 0x6937b0
RTL: _ZN7Vector3IdE2xyEv @ 0xac6910
RTL: _ZN7Vector2IdEpLERKS0_ @ 0xac6960
RTL: _ZN4SITL8Aircraft14smooth_sensorsEv @ 0x693d10
RTL: _ZL7degreesf.16169 @ 0x694700
RTL: _ZNK7Matrix3IfE8to_eulerEPfS1_S1_ @ 0xac69e0
RTL: _ZNK7AP_EnumI8RotationEcvKS0_Ev @ 0xac6b00
RTL: _ZNK8HAL_SITL32get_uart_output_full_queue_countEv @ 0x6947d0
RTL: _ZNK4SITL8Aircraft16get_wall_time_usEv @ 0x694910
RTL: _ZNK7Vector3IdEdvEd @ 0xac6ce0
RTL: _ZNK11QuaternionTIfEdvERKS0_ @ 0xac6d80
RTL: _ZNK11QuaternionTIfE7is_zeroEv @ 0xac6fd0
RTL: _ZN4SITL8Aircraft12time_advanceEv @ 0x694990
RTL: _ZN4SITL8Aircraft15sync_frame_timeEv @ 0x694a30
RTL: _ZN9AP_Logger14WriteStreamingEPKcS1_S1_S1_S1_z @ 0x694d30
RTL: _ZL3MAXI9AP_ParamTIfL11ap_var_type4EEdEDTqugtfp_fp0_fp_fp0_ERKT_RKT0_.13490 @ 0x6950a0
RTL: _Z21calc_lowpass_alpha_dtff @ 0x695140
RTL: _ZL3MAXIfiEDTqugtfp_fp0_fp_fp0_ERKT_RKT0_.13491 @ 0x695270
RTL: _ZNK4SITL16FETtecOneWireESC7enabledEv @ 0xac70a0
RTL: _ZNK4SITL4Volz7enabledEv @ 0xac7110
RTL: _ZN7HALSITL17SITL_State_Common22update_voltage_currentER10sitl_inputf @ 0x695540
RTL: _ZN8AP_Param18eeprom_write_checkEPKvth @ 0x697f70
RTL: _ZN8AP_Param14write_sentinalEt @ 0x698000
RTL: _ZNK4SITL8Aircraft22rangefinder_beam_widthEv @ 0xac9010
RTL: _ZNK4SITL8Aircraft45perpendicular_distance_to_rangefinder_surfaceEv @ 0x698c90
RTL: _ZNK4SITL8Aircraft9on_groundEv @ 0x698d80
RTL: _ZNK4SITL8Aircraft4haglEv @ 0x698df0
RTL: _ZNK4SITL8Aircraft24ground_height_differenceEv @ 0x698ec0
RTL: _ZN4SITL8Aircraft15update_dynamicsERK7Vector3IfE @ 0x699730
RTL: _ZN4SITL8Aircraft23update_external_payloadERK10sitl_input @ 0x69a7b0
RTL: _ZN4SITL8Aircraft15update_positionEv @ 0x69ac40
RTL: _ZN4SITL8Aircraft11update_windERK10sitl_input @ 0x69add0
RTL: _ZN4SITL8Aircraft19update_mag_field_bfEv @ 0x69b260
RTL: _ZNK8Location23get_distance_NED_doubleERKS_ @ 0x69b650
RTL: _ZN4SITL8Aircraft17get_local_updraftERK7Vector3IdE @ 0x69b770
RTL: _ZN7Vector2IdEmIERKS0_ @ 0xac9060
RTL: _ZNK4SITL7Sprayer10is_enabledEv @ 0xac90f0
RTL: _ZN4SITL3I2C6updateERKNS_8AircraftE @ 0x69c030
RTL: _ZNK4SITL6Buzzer10is_enabledEv @ 0xac91a0
RTL: _ZNK4SITL13Gripper_Servo10is_enabledEv @ 0xac9200
RTL: _ZNK4SITL11Gripper_EPM10is_enabledEv @ 0xac92c0
RTL: _ZNK4SITL9Parachute10is_enabledEv @ 0xac9370
RTL: _ZNK4SITL12SIM_Precland10is_enabledEv @ 0xac93d0
RTL: _ZN4SITL7ShipSim6updateEv @ 0x69d000
RTL: _ZNK4SITL7ShipSim12get_locationER8Location @ 0x69d960
RTL: _ZN7Vector2IfEpLERKS0_ @ 0xac9510
RTL: _ZNK10DigitalLPFIfE3getEv @ 0xac96a0
RTL: _ZN8Location16change_alt_frameENS_8AltFrameE @ 0x6a2780
RTL: _ZNK7Vector3IdE14length_squaredEv @ 0xacb480
RTL: _ZNK7Vector3IdEmlERKS0_ @ 0xacb5f0
RTL: _ZNK7AP_AHRS11get_EAS2TASEv @ 0x6a3060
RTL: _ZL2sqf.16184 @ 0x6a30f0
RTL: _ZN4SITL8Aircraft19update_eas_airspeedEv @ 0x6a3140
RTL: _ZN4SITL7ShipSim27get_ground_speed_adjustmentERK8LocationRf @ 0x6a32d0
RTL: _ZN4SITL15SlungPayloadSim6updateERK7Vector3IdERKS1_IfES7_S7_ @ 0x6a35f0
RTL: _ZN4SITL9TetherSim6updateERK8Location @ 0x6a3780
RTL: _ZN4SITL8Aircraft17adjust_frame_timeEf @ 0x6a38f0
RTL: _ZNK7Vector3IfE10normalizedEv @ 0xacb710
RTL: _ZNK7Vector3IdE7is_zeroEv @ 0xacb7a0
RTL: _ZN7Vector3IfE2xyEv @ 0xacb850
RTL: _ZN7Vector2IfE4zeroEv @ 0xacb8a0
RTL: _ZN7Vector3IfEmIERKS0_ @ 0xacb900
RTL: _ZNK7Vector3IfE14length_squaredEv @ 0xacb9a0
RTL: _ZNK7Vector3IfE9projectedERKS0_ @ 0xacba70
RTL: _ZNK7Vector3IfE3dotERKS0_ @ 0xacbb50
RTL: _ZL7radiansi.16189 @ 0x6a6880
RTL: _ZNK9AP_ParamTIfL11ap_var_type4EEplERKS1_ @ 0xacbbb0
RTL: _ZN13LowPassFilterIfE20set_cutoff_frequencyERKf @ 0xacc2d0
RTL: _ZN13LowPassFilterIfE5applyERKfS2_ @ 0xacc340
RTL: _Z11is_positived @ 0xacca50
RTL: _ZN4SITL8Aircraft16add_shove_forcesER7Vector3IfES3_ @ 0x6b5280
RTL: _ZN7Vector3IfEmLERKS0_ @ 0xacd190
RTL: _ZN7Vector3IfE9normalizeEv @ 0xacd230
RTL: _ZN7Vector3IdEmIERKS0_ @ 0xad74b0
RTL: _ZL7radiansd.16474 @ 0x6c76c0
RTL: _ZNK4SITL5Frame15get_air_densityEf @ 0x6d0740
RTL: _ZL2sqf.21180 @ 0x6d07a0
RTL: _ZN4SITL11MultiCopter6updateERK10sitl_input @ 0x6d0ff0
RTL: _ZN4SITL11MultiCopter16calculate_forcesERK10sitl_inputR7Vector3IfES6_ @ 0x6d1150
RTL: _ZN4SITL8Aircraft5Clamp7clampedERS0_RK10sitl_input @ 0x6d1270
RTL: _ZN4SITL5Frame19current_and_voltageERfS1_ @ 0x6d1480
RTL: _ZN4SITL7Battery11set_currentEf @ 0x6d15c0
RTL: _ZL3MAXIifEDTqugtfp_fp0_fp_fp0_ERKT_RKT0_.21086 @ 0x6d1850
RTL: _ZNK4SITL7Battery11get_voltageEv @ 0x6d1ae0
RTL: _ZNK4SITL5Motor11get_currentEv @ 0x6d1b40
RTL: _ZN10DigitalLPFIfE5resetERKf @ 0xad7a90
RTL: _ZN4SITL5Frame16calculate_forcesERKNS_8AircraftERK10sitl_inputR7Vector3IfES9_Pfb @ 0x6d1d20
RTL: _ZN4SITL8Aircraft16add_twist_forcesER7Vector3IfE @ 0x6d2410
RTL: _ZN4SITL8Aircraft19add_external_forcesER7Vector3IfE @ 0x6d2650
RTL: _ZNK4SITL15SlungPayloadSim21get_forces_on_vehicleER7Vector3IfE @ 0x6d2840
RTL: _ZNK4SITL9TetherSim21get_forces_on_vehicleER7Vector3IfE @ 0x6d28e0
RTL: _ZNK4SITL8Aircraft8get_gyroEv @ 0xad7b00
RTL: _ZNK4SITL8Aircraft19get_velocity_air_efEv @ 0xad7b50
RTL: _ZN4SITL5Motor16calculate_forcesERK10sitl_inputhR7Vector3IfES6_RKS5_S8_ffb @ 0x6d2980
RTL: _ZL7radiansd.21190 @ 0x6d35c0
RTL: _ZNK4SITL8Aircraft10gross_massEv @ 0xad7bf0
RTL: _ZNK4SITL5Motor14pwm_to_commandEf @ 0x6d3610
RTL: _ZL3MAXIifEDTqugtfp_fp0_fp_fp0_ERKT_RKT0_.21285 @ 0x6d36e0
RTL: _ZNK4SITL5Motor11calc_thrustEffff @ 0x6d3770
RTL: _ZL3MAXIfdEDTqugtfp_fp0_fp_fp0_ERKT_RKT0_.21287 @ 0x6d3ae0
RTL: _ZL2sqf.21288 @ 0x6d3b80
RTL: _ZN7HALSITL7Storage10read_blockEPvtm @ 0x6d9fa0
RTL: _ZN7HALSITL7Storage11write_blockEtPKvm @ 0x6da070
RTL: _ZN7HALSITL7Storage11_timer_tickEv @ 0x6da190
RTL: _ZN7HALSITL7Storage7healthyEv @ 0x6da3c0
RTL: _ZNK7BitmaskILt2048EE5emptyEv @ 0xad8c20
RTL: _ZNK7BitmaskILt2048EE3getEt @ 0xad8cc0
RTL: _ZN10AP_RAMTRON5writeEjPKhj @ 0x6da500
RTL: _ZN7BitmaskILt2048EE5clearEt @ 0xad8d90
RTL: _ZNK8HAL_SITL25get_storage_posix_enabledEv @ 0xad8e50
RTL: _ZNK7BitmaskILt2048EE8validateEt @ 0xad8f10
RTL: _ZNK10AP_RAMTRON8get_sizeEv @ 0xad8fa0
RTL: _ZN7HALSITL7Storage13_storage_openEv @ 0x6dab80
RTL: _ZN7HALSITL7Storage11_mark_dirtyEtt @ 0x6dae90
RTL: _ZN7BitmaskILt2048EE3setEt @ 0xad9040
RTL: _ZN8AP_Param9save_syncEbb @ 0x6e1600
RTL: _ZNK7NavEKF317option_is_enabledENS_6OptionE @ 0xada7e0
RTL: _ZNK6AP_DAL6millisEv @ 0xada860
RTL: _ZNK12NavEKF3_core10errorScoreEv @ 0x6e7890
RTL: _ZNK12NavEKF3_core16have_aligned_yawEv @ 0xada8b0
RTL: _ZNK12NavEKF3_core17have_aligned_tiltEv @ 0xada910
RTL: _ZNK12NavEKF3_core19getLastPosDownResetERf @ 0x6e8070
RTL: _ZNK12NavEKF3_core24getLastPosNorthEastResetER7Vector2IfE @ 0x6e80e0
RTL: _ZNK7Vector2IdEmiERKS0_ @ 0xada970
RTL: _ZNK12NavEKF3_core20getLastYawResetAngleERf @ 0x6e8170
RTL: _ZNK12NavEKF3_core14getEulerAnglesER7Vector3IfE @ 0x6e81e0
RTL: _ZNK11QuaternionTIdE8to_eulerER7Vector3IfE @ 0xadaa00
RTL: _ZNK6AP_DAL8get_trimEv @ 0xadaa80
RTL: _ZNK11QuaternionTIdE8to_eulerERfS1_S1_ @ 0xadaae0
RTL: _ZNK11QuaternionTIdE14get_euler_rollEv @ 0xadaba0
RTL: _ZNK11QuaternionTIdE15get_euler_pitchEv @ 0xadac50
RTL: _ZNK11QuaternionTIdE13get_euler_yawEv @ 0xadacd0
RTL: _Z9safe_asinIdEfT_ @ 0xadad80
RTL: _ZL3MAXIfdEDTqugtfp_fp0_fp_fp0_ERKT_RKT0_.4771 @ 0x6e82a0
RTL: _ZNK12NavEKF3_core20assume_zero_sideslipEv @ 0x6e8340
RTL: _ZN6AP_DAL8airspeedEv @ 0xadae60
RTL: _ZNK6AP_DAL15get_fly_forwardEv @ 0xadaf00
RTL: _ZN19RestrictIDTypeArrayIP17CompassCalibratorLj3E14typesafe_indexIh12TAG_PriorityEEixERKS4_ @ 0xadb080
RTL: _ZNK6AP_GPS15time_epoch_usecEv @ 0xadb990
RTL: _ZNK6AP_GPS9time_weekEh @ 0xadbb00
RTL: _ZNK6AP_GPS12time_week_msEh @ 0xadbb70
RTL: _ZN3GCS12send_messageE10ap_message @ 0x6f2a30
RTL: _ZNK6AP_GPS15time_epoch_usecEh @ 0x6f2ae0
RTL: _ZNK14AP_GPS_Backend16get_last_itow_msEv @ 0x6f2c50
RTL: _ZN6AP_GPS23istate_time_to_epoch_msEtj @ 0x6f2d10
RTL: _ZN14AP_LandingGear6deployEv @ 0x6f32c0
RTL: _ZN11SRV_Channel14set_output_pwmEtb @ 0x6f3610
RTL: _ZN10AC_Sprayer3runEb @ 0x6f3700
RTL: _ZN7AP_ADSB13check_startupEv @ 0x6f4880
RTL: _ZNK7Vector2IfE6is_nanEv @ 0xadca40
RTL: _ZNK10AP_Gripper7enabledEv @ 0xadd630
RTL: _ZN10AP_Vehicle13update_armingEv @ 0x701820
RTL: _ZN7FunctorIvJEE14method_wrapperI10AP_VehicleXadL_ZNS2_13update_armingEvEEEEvPv @ 0xade650
RTL: _ZN9AP_Arming6updateEv @ 0x701870
RTL: _ZN8AP_Stats6updateEv @ 0x701960
RTL: _ZN7FunctorIvJEE14method_wrapperI8AP_StatsXadL_ZNS2_6updateEvEEEEvPv @ 0xade700
RTL: _ZN10AP_Filters6updateEv @ 0x701bd0
RTL: _ZN7FunctorIvJEE14method_wrapperI10AP_FiltersXadL_ZNS2_6updateEvEEEEvPv @ 0xade7b0
RTL: _ZNK7AP_EnumIN9AP_Filter10FilterTypeEEcvKS1_Ev @ 0xade860
RTL: _ZN10AP_Vehicle17check_motor_noiseEv @ 0x702d10
RTL: _ZN7FunctorIvJEE14method_wrapperI10AP_VehicleXadL_ZNS2_17check_motor_noiseEvEEEEvPv @ 0xadf060
RTL: _ZNK10AP_GyroFFT15check_esc_noiseEv @ 0xadf110
RTL: _ZNK17NotchFilterParams7enabledEv @ 0xadf340
RTL: _ZN10AP_Vehicle13one_Hz_updateEv @ 0x7033f0
RTL: _ZN7FunctorIvJEE14method_wrapperI10AP_VehicleXadL_ZNS2_13one_Hz_updateEvEEEEvPv @ 0xadf390
RTL: _ZN12AP_Scripting6updateEv @ 0x7034d0
RTL: _ZN16AP_SerialManager20registered_ports_logEv @ 0x703520
RTL: _ZN12AP_Scripting13save_checksumEv @ 0x703600
RTL: _ZN10AP_Gripper6updateEv @ 0x703700
RTL: _ZN7FunctorIvJEE14method_wrapperI10AP_GripperXadL_ZNS2_6updateEvEEEEvPv @ 0xadf4d0
RTL: _ZN6AP_EFI6updateEv @ 0x703870
RTL: _ZN7FunctorIvJEE14method_wrapperI6AP_EFIXadL_ZNS2_6updateEvEEEEvPv @ 0xadf580
RTL: _ZN6AP_AIS6updateEv @ 0x703cf0
RTL: _ZN7FunctorIvJEE14method_wrapperI6AP_AISXadL_ZNS2_6updateEvEEEEvPv @ 0xadf630
RTL: _ZN8AC_Fence6updateEv @ 0x703d40
RTL: _ZN7FunctorIvJEE14method_wrapperI8AC_FenceXadL_ZNS2_6updateEvEEEEvPv @ 0xadf6e0
RTL: _ZN19AC_PolyFence_loader6updateEv @ 0x703e70
RTL: _ZN19AC_PolyFence_loader17load_from_storageEv @ 0x703f60
RTL: _ZN10AP_Vehicle16accel_cal_updateEv @ 0x7053c0
RTL: _ZN7FunctorIvJEE14method_wrapperI10AP_VehicleXadL_ZNS2_16accel_cal_updateEvEEEEvPv @ 0xadf8c0
RTL: _ZN17AP_InertialSensor11acal_updateEv @ 0x705490
RTL: _ZN17AP_InertialSensor12get_new_trimER7Vector3IfE @ 0x705560
RTL: _ZN20AP_TemperatureSensor6updateEv @ 0x706b60
RTL: _ZN7FunctorIvJEE14method_wrapperI20AP_TemperatureSensorXadL_ZNS2_6updateEvEEEEvPv @ 0xadf9c0
RTL: _ZN10AP_Vehicle16publish_osd_infoEv @ 0x706e20
RTL: _ZN7FunctorIvJEE14method_wrapperI10AP_VehicleXadL_ZNS2_16publish_osd_infoEvEEEEvPv @ 0xadfb10
RTL: _ZN6AP_OSD12set_nav_infoERNS_7NavInfoE @ 0x706f40
RTL: _ZN6AP_RPM6updateEv @ 0x706fb0
RTL: _ZN7FunctorIvJEE14method_wrapperI6AP_RPMXadL_ZNS2_6updateEvEEEEvPv @ 0xadfbc0
RTL: _ZNK6AP_RPM7Log_RPMEv @ 0x707190
RTL: _ZNK6AP_RPM7enabledEh @ 0x7072b0
RTL: _ZN14AP_OpenDroneID6updateEv @ 0x707360
RTL: _ZN7FunctorIvJEE14method_wrapperI14AP_OpenDroneIDXadL_ZNS2_6updateEvEEEEvPv @ 0xadfce0
RTL: _ZNK6AP_GPS8velocityEv @ 0xae1580
RTL: _ZNK7AP_AHRS18groundspeed_vectorEv @ 0xae1660
RTL: _ZNK6AP_GPS19horizontal_accuracyERf @ 0xae1740
RTL: _ZNK6AP_GPS17vertical_accuracyERf @ 0xae17c0
RTL: _ZNK6AP_GPS14speed_accuracyERf @ 0xae1840
RTL: _ZNK6AP_GPS14speed_accuracyEhRf @ 0x70c050
RTL: _ZNK6AP_GPS17vertical_accuracyEhRf @ 0x70c120
RTL: _ZNK6AP_GPS19horizontal_accuracyEhRf @ 0x70c1f0
RTL: _ZNK6AP_GPS14get_undulationEhRf @ 0x70c2c0
RTL: _ZNK6AP_GPS8velocityEh @ 0xae18c0
RTL: _ZN12AP_Generator6updateEv @ 0x70c390
RTL: _ZN7FunctorIvJEE14method_wrapperI12AP_GeneratorXadL_ZNS2_6updateEvEEEEvPv @ 0xae1990
RTL: _ZN14AP_Servo_Telem6updateEv @ 0x70c400
RTL: _ZN7FunctorIvJEE14method_wrapperI14AP_Servo_TelemXadL_ZNS2_6updateEvEEEEvPv @ 0xae1a40
RTL: _ZN14AP_Servo_Telem9write_logEv @ 0x70c450
RTL: _ZN12AP_ESC_Telem6updateEv @ 0x70c900
RTL: _ZN7FunctorIvJEE14method_wrapperI12AP_ESC_TelemXadL_ZNS2_6updateEvEEEEvPv @ 0xae1af0
RTL: _ZNK12AP_ESC_Telem11get_raw_rpmEhRf @ 0x70cd40
RTL: _ZN6AP_HAL15timeout_expiredIjjmEEbT_T0_T1_ @ 0xae1ba0
RTL: _ZN10AP_Vehicle30send_watchdog_reset_statustextEv @ 0x70ce10
RTL: _ZN7FunctorIvJEE14method_wrapperI10AP_VehicleXadL_ZNS2_30send_watchdog_reset_statustextEvEEEEvPv @ 0xae1c20
RTL: _ZN8AP_Tramp6updateEv @ 0x70cf70
RTL: _ZN7FunctorIvJEE14method_wrapperI8AP_TrampXadL_ZNS2_6updateEvEEEEvPv @ 0xae1cd0
RTL: _ZN10AP_VideoTX6updateEv @ 0x70df50
RTL: _ZN7FunctorIvJEE14method_wrapperI10AP_VideoTXXadL_ZNS2_6updateEvEEEEvPv @ 0xae1f00
RTL: _ZN10AP_GyroFFT17update_parametersEv @ 0xae1fb0
RTL: _ZN7FunctorIvJEE14method_wrapperI10AP_GyroFFTXadL_ZNS2_17update_parametersEvEEEEvPv @ 0xae2000
RTL: _ZN10AP_GyroFFT17update_parametersEb @ 0x70e180
RTL: _ZN10AP_GyroFFT6updateEv @ 0x70e520
RTL: _ZN7FunctorIvJEE14method_wrapperI10AP_GyroFFTXadL_ZNS2_6updateEvEEEEvPv @ 0xae20b0
RTL: _ZN14AP_NMEA_Output6updateEv @ 0x70e6b0
RTL: _ZN7FunctorIvJEE14method_wrapperI14AP_NMEA_OutputXadL_ZNS2_6updateEvEEEEvPv @ 0xae2160
RTL: _ZN7FunctorIvJEE14method_wrapperI9AP_NotifyXadL_ZNS2_6updateEvEEEEvPv @ 0xae2210
RTL: _ZN7Compass10cal_updateEv @ 0x70f720
RTL: _ZN7FunctorIvJEE14method_wrapperI7CompassXadL_ZNS2_10cal_updateEvEEEEvPv @ 0xae22c0
RTL: _ZN11AP_Airspeed6updateEv @ 0x710090
RTL: _ZN7FunctorIvJEE14method_wrapperI11AP_AirspeedXadL_ZNS2_6updateEvEEEEvPv @ 0xae23d0
RTL: _ZNK11AP_Airspeed11get_primaryEv @ 0xae2560
RTL: _ZN10AP_GyroFFT12sample_gyrosEv @ 0x712340
RTL: _ZN7FunctorIvJEE14method_wrapperI10AP_GyroFFTXadL_ZNS2_12sample_gyrosEvEEEEvPv @ 0xae25b0
RTL: _ZN10AP_Vehicle4loopEv @ 0x712c30
RTL: _ZN12AP_Scheduler4loopEv @ 0x712ed0
RTL: _ZN12AP_Scheduler17get_loop_period_sEv @ 0xae57d0
RTL: _ZN17AP_InertialSensor15wait_for_sampleEv @ 0x713470
RTL: _ZN12AP_Scheduler4tickEv @ 0x7139b0
RTL: _ZN12AP_Scheduler3runEj @ 0x713a10
RTL: _ZN2AP8PerfInfo15check_loop_timeEj @ 0x713fc0
RTL: _ZL15fill_nanf_stackv @ 0x714150
RTL: _ZN2AP8PerfInfo16update_task_infoEhtb @ 0x7141a0
RTL: _ZNK7AP_AHRS24_get_primary_accel_indexEv @ 0x71ab00
RTL: _ZNK7AP_AHRS22_get_primary_IMU_indexEv @ 0x71ab50
RTL: _ZNK7NavEKF322getPrimaryCoreIMUIndexEv @ 0x71acb0
RTL: _ZNK17AP_InertialSensor21get_first_usable_gyroEv @ 0xae5c40
RTL: _ZNK12NavEKF3_core11getIMUIndexEv @ 0xae5c90
RTL: _ZNK14AP_BattMonitor17has_cell_voltagesEh @ 0x71ade0
RTL: _ZN2AP3EFIEv @ 0x71b630
RTL: _ZN6AP_EFI13get_singletonEv @ 0xae6620
RTL: _ZN7FunctorIvJEE14method_wrapperI10AP_VehicleXadL_ZNS2_18fence_checks_asyncEvEEEEvPv @ 0xae6fc0
RTL: _ZN13AP_Filesystem5writeEiPKvj @ 0x71c3a0
RTL: _ZN6AP_HAL6Device14write_registerEhhb @ 0x722450
RTL: _ZNK7FunctorIvJhPhjbEEcvbEv @ 0xae9cd0
RTL: _ZL3MAXIjjEDTqugtfp_fp0_fp_fp0_ERKT_RKT0_.4719 @ 0x72a9f0
RTL: _ZN15ekf_ring_buffer4pushEPKv @ 0x72aa70
RTL: _ZNK15ekf_ring_buffer10get_offsetEh @ 0x72ab70
RTL: _ZL7radiansf.4725 @ 0x72bf10
RTL: _ZN11QuaternionTIdEC2Edddd @ 0xaebdf0
RTL: _ZN11QuaternionTIfEmLERKS0_ @ 0xaebea0
RTL: _ZNK7AP_AHRS8get_gyroEv @ 0xaef5b0
RTL: _ZNK7AP_AHRS17airspeed_estimateERf @ 0x759930
RTL: _ZNK17AP_InertialSensor20get_vibration_levelsEv @ 0xaef610
RTL: _ZNK17AP_InertialSensor20get_vibration_levelsEh @ 0x759a30
RTL: _ZNK10DigitalLPFI7Vector3IfEE3getEv @ 0xaef690
RTL: _ZNK11QuaternionTIdE7is_zeroEv @ 0xaef740
RTL: _ZN12NavEKF3_core18getEarthFieldTableERK8Location @ 0x75b100
RTL: _ZN14AP_Declination15get_declinationEff @ 0x75b200
RTL: _ZNK12NavEKF3_core14MagDeclinationEv @ 0x75b290
RTL: _ZN12NavEKF3_core8zeroRowsERA24_A24_dhh @ 0x75b370
RTL: _ZN12NavEKF3_core8zeroColsERA24_A24_dhh @ 0x75b430
RTL: _ZN12NavEKF3_core15FuseDeclinationEd @ 0x75b4f0
RTL: _ZN18NavEKF_core_common10zero_rangeEPdhh @ 0xaef8e0
RTL: _ZN12NavEKF3_core13ForceSymmetryEv @ 0x75c550
RTL: _ZN12NavEKF3_core18ConstrainVariancesEv @ 0x75c6a0
RTL: _ZN11QuaternionTIdE9normalizeEv @ 0xaef970
RTL: _ZNK11QuaternionTIdE6lengthEv @ 0xaefa50
RTL: _Z20constrain_value_lineIdET_S0_S0_S0_j @ 0xaefb10
RTL: _Z2sqI9AP_ParamTIfL11ap_var_type4EEEdT_ @ 0xaefc30
RTL: _ZNK9AP_ParamTIfL11ap_var_type4EEcvdEv @ 0xaefc90
RTL: _ZL7radiansf.4927 @ 0x75d110
RTL: _ZL2sqf.4850 @ 0x75dc30
RTL: _ZNK8Location21get_distance_NE_ftypeERKS_ @ 0x75dd80
RTL: _ZNK7Vector2IdEmlEd @ 0xaefd30
RTL: _ZN16EKF_IMU_buffer_tIN12NavEKF3_core15output_elementsEEixEj @ 0xaefdb0
RTL: _ZNK14ekf_imu_buffer3getEh @ 0x75e030
RTL: _ZNK14ekf_imu_buffer10get_offsetEh @ 0x75e090
RTL: _ZNK14AP_BattMonitor24voltage_resting_estimateEh @ 0x75fb80
RTL: _ZNK14AP_BattMonitor11consumed_whERfh @ 0x75fc30
RTL: _ZNK6AP_GPS8get_vdopEh @ 0xaeff10
RTL: _ZNK6AP_GPS16last_fix_time_msEh @ 0xaeff80
RTL: _ZNK6AP_GPS20last_message_time_msEh @ 0xaefff0
RTL: _ZNK6AP_GPS22have_vertical_velocityEh @ 0xaf0060
RTL: _ZNK6AP_GPS18get_antenna_offsetEh @ 0x761da0
RTL: _ZNK14AP_GPS_Blended18get_antenna_offsetEv @ 0xaf00e0
RTL: _ZNK6AP_GPS11gps_yaw_degEhRfS0_Rj @ 0x761e70
RTL: _ZNK6AP_GPS11is_rtk_baseEh @ 0x762060
RTL: _ZNK6AP_GPS12have_gps_yawEh @ 0xaf0130
RTL: _ZNK12AP_Proximity10get_statusEv @ 0x762da0
RTL: _ZNK12AP_Proximity11num_sensorsEv @ 0xaf01d0
RTL: _ZNK11RangeFinder13status_orientE8Rotation @ 0x763e80
RTL: _ZNK10AP_Vehicle18get_time_flying_msEv @ 0xaf06e0
RTL: _ZN12SRV_Channels23get_output_channel_maskEN11SRV_Channel8FunctionE @ 0x7697e0
RTL: _ZN12SRV_Channels14set_output_pwmEN11SRV_Channel8FunctionEt @ 0x76a510
RTL: _ZN11SRV_Channel9output_chEv @ 0x76a600
RTL: _ZNK10RC_Channel13norm_input_dzEv @ 0x76a960
RTL: _ZN11SRV_Channel12set_overrideEb @ 0xaf08e0
RTL: _ZN12SRV_Channels17set_output_scaledEN11SRV_Channel8FunctionEf @ 0x76af20
RTL: _ZNK10AP_Mission5stateEv @ 0xaf0ca0
RTL: _ZN19AP_ServoRelayEvents13update_eventsEv @ 0x773f30
RTL: _ZNK9AP_Motors14initialised_okEv @ 0xaf1650
RTL: _ZNK9AP_Motors16get_thrust_boostEv @ 0xaf16b0
RTL: _ZNK20AP_MotorsMulticopter18get_pwm_output_minEv @ 0xaf1910
RTL: _ZNK20AP_MotorsMulticopter18get_pwm_output_maxEv @ 0xaf1970
RTL: _ZNK9AP_Motors13get_interlockEv @ 0xaf1f20
RTL: _ZNK9AP_Motors8get_rollEv @ 0xaf1fd0
RTL: _ZNK9AP_Motors11get_roll_ffEv @ 0xaf2020
RTL: _ZNK9AP_Motors9get_pitchEv @ 0xaf2070
RTL: _ZNK9AP_Motors12get_pitch_ffEv @ 0xaf20c0
RTL: _ZNK9AP_Motors7get_yawEv @ 0xaf2110
RTL: _ZNK9AP_Motors10get_yaw_ffEv @ 0xaf2160
RTL: _ZNK9AP_Motors12get_throttleEv @ 0xaf21b0
RTL: _ZNK9AP_Motors15get_spool_stateEv @ 0xaf22c0
RTL: _ZNK9AP_Follow11have_targetEv @ 0x77a9b0
RTL: _ZN9AP_Follow13get_singletonEv @ 0xaf2310
RTL: _ZN11AC_PrecLand15target_acquiredEv @ 0x77b1f0
RTL: _ZNK6AC_PID12get_pid_infoEv @ 0xaf2490
RTL: _ZNK18AC_AttitudeControl23get_att_error_angle_degEv @ 0xaf2520
RTL: _ZL7degreesf.1032 @ 0x77b810
RTL: _ZNK13AC_PosControl12is_active_NEEv @ 0x77c180
RTL: _ZNK13AC_PosControl11is_active_UEv @ 0x77c200
RTL: _ZNK12AP_Scheduler7ticks32Ev @ 0xaf25c0
RTL: _ZN12AP_Scripting19is_handling_commandEt @ 0x780c20
RTL: _ZNK10RC_Channel10norm_inputEv @ 0x7a12b0
RTL: _ZNK7Vector3IfE6is_infEv @ 0xaf3200
RTL: _ZN7Vector2IfE9normalizeEv @ 0xaf3530
RTL: _ZN7Vector2IfEdVEf @ 0xaf3590
RTL: _ZNK7Vector2IfE6is_infEv @ 0xaf3610
RTL: _ZN11QuaternionTIfE15from_axis_angleERK7Vector3IfEf @ 0xaf37b0
RTL: _ZL3MAXIjjEDTqugtfp_fp0_fp_fp0_ERKT_RKT0_.6253 @ 0x7b3860
RTL: _ZN9AP_Logger19file_content_updateEv @ 0x7b3a60
RTL: _ZN9AP_Logger19file_content_updateERNS_11FileContentE @ 0x7b3bc0
RTL: _ZN17AP_Logger_Backend13Write_MessageEPKc @ 0x7b4400
RTL: _ZN17AP_Logger_Backend14periodic_tasksEv @ 0x7b6420
RTL: _ZNK17AP_Logger_Backend13StartNewLogOKEv @ 0x7b6810
RTL: _ZN17AP_Logger_Backend24WriteMoreStartupMessagesEv @ 0x7b68f0
RTL: _ZNK17AP_Logger_Backend15logging_enabledEv @ 0x7b8910
RTL: _ZN17AP_Logger_Backend20vehicle_was_disarmedEv @ 0x7b89b0
RTL: _ZN17AP_Logger_Backend13periodic_10HzEj @ 0x7b8a40
RTL: _ZN17AP_Logger_Backend12periodic_1HzEv @ 0x7b8a90
RTL: _ZN17AP_Logger_Backend15push_log_blocksEv @ 0x7b8b20
RTL: _ZN17AP_Logger_Backend12df_stats_logEv @ 0x7b8b80
RTL: _ZN17AP_Logger_Backend26Write_AP_Logger_Stats_FileERKNS_8df_statsE @ 0x7b8bf0
RTL: _ZN17AP_Logger_Backend14df_stats_clearEv @ 0x7b8d00
RTL: _ZNK17AP_Logger_Backend31critical_message_reserved_spaceEj @ 0xaf56e0
RTL: _ZN17AP_Logger_Backend15df_stats_gatherEtj @ 0x7bb1d0
RTL: _ZNK14AP_Logger_File12CardInsertedEv @ 0x7bcf20
RTL: _ZNK14AP_Logger_File15logging_startedEv @ 0xaf5b70
RTL: _ZN14AP_Logger_File21bufferspace_availableEv @ 0x7bded0
RTL: _ZNK14AP_Logger_File14logging_failedEv @ 0x7be4e0
RTL: _ZN14AP_Logger_File8io_timerEv @ 0x7be5a0
RTL: _ZN14AP_Logger_File12periodic_1HzEv @ 0x7beb70
RTL: _ZN14AP_Logger_File17periodic_fullrateEv @ 0x7bee20
RTL: _ZNK14AP_Logger_File8WritesOKEv @ 0x7bee70
RTL: _ZNK14AP_Logger_File13StartNewLogOKEv @ 0x7bef00
RTL: _ZN14AP_Logger_File22_WritePrioritisedBlockEPKvtb @ 0x7bf0b0
RTL: _ZN7AP_AHRS6updateEb @ 0x7bf320
RTL: _ZN7AP_AHRS18update_orientationEv @ 0x7bf660
RTL: _ZN17AP_InertialSensor6updateEv @ 0x7bf760
RTL: _ZN7AP_AHRS29update_trim_rotation_matricesEv @ 0x7bfdd0
RTL: _ZN7AP_AHRS10update_DCMEv @ 0x7bfee0
RTL: _ZN7AP_AHRS12update_flagsEv @ 0x7bff80
RTL: _ZN7AP_AHRS11update_SITLEv @ 0x7c0040
RTL: _ZN7AP_AHRS15update_externalEv @ 0x7c00f0
RTL: _ZN7AP_AHRS11update_EKF2Ev @ 0x7c0210
RTL: _ZN7AP_AHRS11update_EKF3Ev @ 0x7c0700
RTL: _ZNK7AP_AHRS14get_gyro_driftEv @ 0xaf5bd0
RTL: _ZN12AP_AHRS_View6updateEv @ 0x7c0c40
RTL: _ZN7AP_AHRS14update_AOA_SSAEv @ 0x7c0ef0
RTL: _ZNK7AP_AHRS16_active_EKF_typeEv @ 0x7c0f40
RTL: _ZN7AP_AHRS12update_stateEv @ 0x7c1470
RTL: _ZNK7AP_AHRS23_get_primary_gyro_indexEv @ 0x7c1710
RTL: _ZNK7AP_AHRS23_get_primary_core_indexEv @ 0x7c17c0
RTL: _ZNK7AP_AHRS14_wind_estimateER7Vector3IfE @ 0x7c1890
RTL: _ZN15AP_AHRS_Backend11get_EAS2TASEv @ 0x7c19c0
RTL: _ZNK7AP_AHRS13_airspeed_EASERfRNS_20AirspeedEstimateTypeE @ 0x7c1a00
RTL: _ZNK7AP_AHRS13_airspeed_TASERf @ 0x7c1f80
RTL: _ZNK7AP_AHRS13_airspeed_TASER7Vector3IfE @ 0x7c2090
RTL: _ZNK7AP_AHRS15_get_quaternionER11QuaternionTIfE @ 0x7c2170
RTL: _ZNK7AP_AHRS23_get_secondary_attitudeER7Vector3IfE @ 0x7c2330
RTL: _ZNK7AP_AHRS25_get_secondary_quaternionER11QuaternionTIfE @ 0x7c2530
RTL: _ZNK7AP_AHRS13_get_locationER8Location @ 0x7c26e0
RTL: _ZNK7AP_AHRS23_get_secondary_positionER8Location @ 0x7c2860
RTL: _ZN7AP_AHRS19_groundspeed_vectorEv @ 0x7c29b0
RTL: _ZN7AP_AHRS12_groundspeedEv @ 0x7c2ae0
RTL: _ZNK7AP_AHRS29_getCorrectedDeltaVelocityNEDER7Vector3IfERf @ 0x7c2bb0
RTL: _ZNK7AP_AHRS17_get_velocity_NEDER7Vector3IfE @ 0x7c2e40
RTL: _ZNK7NavEKF39getVelNEDER7Vector3IfE @ 0x7c3000
RTL: _ZNK12NavEKF3_core9getVelNEDER7Vector3IfE @ 0x7c3330
RTL: _ZNK7NavEKF312getAccelBiasEaR7Vector3IfE @ 0x7c3520
RTL: _ZNK17AP_InertialSensor18get_delta_velocityEhR7Vector3IfERf @ 0x7c35f0
RTL: _ZNK7AP_AHRS43get_rotation_autopilot_body_to_vehicle_bodyEv @ 0xaf5cc0
RTL: _ZNK17AP_InertialSensor14get_delta_timeEv @ 0xaf5d10
RTL: _ZL3MINIffEDTqultfp_fp0_fp_fp0_ERKT_RKT0_.3694 @ 0x7c37a0
RTL: _ZL3MINIffEDTqultfp_fp0_fp_fp0_ERKT_RKT0_.2119 @ 0x7c3830
RTL: _ZNK12NavEKF3_core12getAccelBiasER7Vector3IfE @ 0x7c38c0
RTL: _ZL7radiansf.2107 @ 0x7c3fb0
RTL: _ZN7Vector2IfEmLEf @ 0xaf5e80
RTL: _ZNK7AP_AHRS23_get_secondary_EKF_typeERNS_7EKFTypeE @ 0x7c4000
RTL: _ZNK7NavEKF36getLLHER8Location @ 0x7c41f0
RTL: _ZNK12NavEKF3_core6getLLHER8Location @ 0x7c4290
RTL: _ZNK7AP_AHRS24fallback_active_EKF_typeEv @ 0x7c4860
RTL: _ZNK11AP_AHRS_DCM14get_quaternionER11QuaternionTIfE @ 0x7c48b0
RTL: _ZNK7NavEKF313getQuaternionER11QuaternionTIfE @ 0x7c49b0
RTL: _ZN11QuaternionTIfE6rotateERK7Vector3IfE @ 0xaf5ff0
RTL: _ZN11QuaternionTIfE15from_axis_angleE7Vector3IfE @ 0xaf60a0
RTL: _ZN15AP_ExternalAHRS14get_quaternionER11QuaternionTIfE @ 0x7c4ab0
RTL: _ZNK12NavEKF3_core13getQuaternionER11QuaternionTIfE @ 0x7c4b60
RTL: _ZNK11QuaternionTIdE7tofloatEv @ 0xaf6180
RTL: _ZNK7NavEKF314getEulerAnglesER7Vector3IfE @ 0x7c4d10
RTL: _ZNK7NavEKF312getAirSpdVecER7Vector3IfE @ 0x7c4ef0
RTL: _ZNK12NavEKF3_core12getAirSpdVecER7Vector3IfE @ 0x7c4f90
RTL: _ZNK11QuaternionTIdE7inverseEv @ 0xaf6200
RTL: _ZNK7AP_AHRS25get_active_airspeed_indexEv @ 0x7c5390
RTL: _ZNK7AP_AHRS27_should_use_airspeed_sensorEh @ 0x7c5490
RTL: _ZNK7AP_AHRS27get_wind_estimation_enabledEv @ 0xaf62b0
RTL: _ZNK7NavEKF37getWindER7Vector3IfE @ 0x7c57a0
RTL: _ZNK12NavEKF3_core7getWindER7Vector3IfE @ 0x7c58c0
RTL: _ZN15AP_AHRS_Backend23airspeed_sensor_enabledEh @ 0xaf6370
RTL: _ZNK7AP_AHRS23airspeed_sensor_enabledEh @ 0xaf6450
RTL: _ZNK7NavEKF317getActiveAirspeedEv @ 0x7c5a90
RTL: _ZNK12NavEKF3_core17getActiveAirspeedEv @ 0x7c5b20
RTL: _ZNK7AP_Baro12_get_EAS2TASEv @ 0x7c5b70
RTL: _ZNK7AP_Baro20get_EAS2TAS_extendedEf @ 0x7c5be0
RTL: _ZNK7NavEKF319getPrimaryCoreIndexEv @ 0x7c5eb0
RTL: _ZNK7NavEKF315getFilterFaultsERt @ 0x7c5fc0
RTL: _ZNK16AP_NavEKF_Source14getPosXYSourceEh @ 0xaf6610
RTL: _ZL7degreesf.18358 @ 0x7c61b0
RTL: _ZNK7AP_AHRS9calc_trigERK7Matrix3IfERfS4_S4_S4_S4_S4_ @ 0x7c6200
RTL: _ZNK9AP_Logger15allow_start_ekfEv @ 0x7c65f0
RTL: _ZN7NavEKF312UpdateFilterEv @ 0x7c6cc0
RTL: _ZNK7NavEKF320getRotationBodyToNEDER7Matrix3IfE @ 0x7c7290
RTL: _ZN7AP_AHRS16update_cd_valuesEv @ 0x7c7320
RTL: _ZN7AP_AHRS11update_trigEv @ 0x7c7460
RTL: _ZNK17AP_InertialSensor22get_first_usable_accelEv @ 0xaf6690
RTL: _ZNK7NavEKF311getGyroBiasEaR7Vector3IfE @ 0x7c7540
RTL: _ZN7AP_AHRS32update_notify_from_filter_statusERK17nav_filter_status @ 0x7c7610
RTL: _ZNK12NavEKF3_core11getGyroBiasER7Vector3IfE @ 0x7c76c0
RTL: _ZL7degreesf.2051 @ 0x7c77a0
RTL: _ZN6AP_DAL11start_frameENS_9FrameTypeE @ 0x7c77f0
RTL: _ZNK6AP_DAL8micros64Ev @ 0xaf66e0
RTL: _ZNK12NavEKF3_core21getFramesSincePredictEv @ 0x7c7cd0
RTL: _ZN6AP_DAL22ekf_low_time_remainingENS_7EKFTypeEh @ 0x7c7d30
RTL: _ZN12NavEKF3_core12UpdateFilterEb @ 0x7c7e70
RTL: _ZNK6AP_DAL9get_armedEv @ 0xaf6730
RTL: _ZN7NavEKF321updateCoreErrorScoresEv @ 0x7c80a0
RTL: _ZN7NavEKF324updateCoreRelativeErrorsEv @ 0x7c8160
RTL: _ZNK7NavEKF315coreBetterScoreEhh @ 0x7c8300
RTL: _ZN16AP_NavEKF_Source22align_inactive_sourcesEv @ 0x7c8500
RTL: _ZNK16AP_NavEKF_Source13getPosZSourceEh @ 0x7c87b0
RTL: _ZNK7AP_EnumIN16AP_NavEKF_Source7SourceZEEcvKS1_Ev @ 0xaf6810
RTL: _ZL3MAXI9AP_ParamTIfL11ap_var_type4EEfEDTqugtfp_fp0_fp_fp0_ERKT_RKT0_.4508 @ 0x7c8990
RTL: _ZN18NavEKF_core_common22fill_scratch_variablesEv @ 0x7c8a20
RTL: _ZN12NavEKF3_core23update_sensor_selectionEv @ 0x7c8ac0
RTL: _ZN12NavEKF3_core18controlFilterModesEv @ 0x7c8b30
RTL: _ZN12NavEKF3_core11readIMUDataEb @ 0x7c8c00
RTL: _ZN12NavEKF3_core27UpdateStrapdownEquationsNEDEv @ 0x7c94d0
RTL: _ZN12NavEKF3_core20CovariancePredictionEP7Vector3IdE @ 0x7c99b0
RTL: _ZN12NavEKF3_core25runYawEstimatorPredictionEv @ 0x7d41a0
RTL: _ZN12NavEKF3_core15SelectMagFusionEv @ 0x7d4300
RTL: _ZN12NavEKF3_core18SelectVelPosFusionEv @ 0x7d5030
RTL: _ZN12NavEKF3_core25runYawEstimatorCorrectionEv @ 0x7d59f0
RTL: _ZN12NavEKF3_core18SelectRngBcnFusionEv @ 0x7d5be0
RTL: _ZN12NavEKF3_core16SelectFlowFusionEv @ 0x7d5d10
RTL: _ZN12NavEKF3_core20SelectBodyOdomFusionEv @ 0x7d5ff0
RTL: _ZN12NavEKF3_core15SelectTasFusionEv @ 0x7d62a0
RTL: _ZN12NavEKF3_core20SelectBetaDragFusionEv @ 0x7d63a0
RTL: _ZN12NavEKF3_core18updateFilterStatusEv @ 0x7d6660
RTL: _ZN12NavEKF3_core13moveEKFOriginEv @ 0x7d6fa0
RTL: _ZN12NavEKF3_core21checkUpdateEarthFieldEv @ 0x7d7150
RTL: _ZN12NavEKF3_core16calcOutputStatesEv @ 0x7d7210
RTL: _ZN12NavEKF3_core11readMagDataEv @ 0x7d8560
RTL: _ZN12NavEKF3_core11readGpsDataEv @ 0x7d8a70
RTL: _ZN12NavEKF3_core14readGpsYawDataEv @ 0x7d9400
RTL: _ZN12NavEKF3_core12readBaroDataEv @ 0x7d9530
RTL: _ZN6AP_DAL3insEv @ 0xaf68c0
RTL: _ZNK21AP_DAL_InertialSensor9get_accelEh @ 0xaf6910
RTL: _ZL2sqf.4910 @ 0x7db560
RTL: _ZNK16AP_NavEKF_Source13useVelZSourceENS_7SourceZEh @ 0x7db6d0
RTL: _ZNK12NavEKF3_core26CorrectGPSForAntennaOffsetERNS_12gps_elementsE @ 0x7db800
RTL: _ZNK10AP_DAL_GPS18get_antenna_offsetEh @ 0xaf6be0
RTL: _ZNK7Vector3IdErmERKS0_ @ 0xaf6c50
RTL: _ZNK7Matrix3IdE13mul_transposeERK7Vector3IdE @ 0xaf6d30
RTL: _ZN7Vector3IdEdVEd @ 0xaf6e40
RTL: _ZNK21AP_DAL_InertialSensor16get_loop_delta_tEv @ 0xaf6ed0
RTL: _ZNK14AP_DAL_Compass16get_first_usableEv @ 0xaf72f0
RTL: _ZNK11AP_DAL_Baro15get_last_updateEh @ 0xaf7560
RTL: _ZNK11AP_DAL_Baro12get_altitudeEh @ 0xaf75d0
RTL: _ZN16EKF_obs_buffer_tIN12NavEKF3_core13baro_elementsEE4pushERKS1_ @ 0xaf7640
RTL: _ZNK10AP_DAL_GPS11gps_yaw_degEhRfS0_Rj @ 0xaf76b0
RTL: _ZL3MAXIfdEDTqugtfp_fp0_fp_fp0_ERKT_RKT0_ @ 0x7dc200
RTL: _ZNK10AP_DAL_GPS20last_message_time_msEh @ 0xaf77d0
RTL: _ZNK10AP_DAL_GPS7get_lagEhRf @ 0xaf7840
RTL: _ZL3MINIjjEDTqultfp_fp0_fp_fp0_ERKT_RKT0_.4728 @ 0x7dc400
RTL: _ZNK10AP_DAL_GPS8velocityEh @ 0xaf78f0
RTL: _ZNK10AP_DAL_GPS22have_vertical_velocityEh @ 0xaf7960
RTL: _ZNK10AP_DAL_GPS14speed_accuracyEhRf @ 0xaf79e0
RTL: _ZL3MAXIdfEDTqugtfp_fp0_fp_fp0_ERKT_RKT0_.4723 @ 0x7dc480
RTL: _ZL3MINIdfEDTqultfp_fp0_fp_fp0_ERKT_RKT0_ @ 0x7dc520
RTL: _ZL3MAXId9AP_ParamTIfL11ap_var_type4EEEDTqugtfp_fp0_fp_fp0_ERKT_RKT0_ @ 0x7dc5c0
RTL: _ZNK10AP_DAL_GPS19horizontal_accuracyEhRf @ 0xaf7a90
RTL: _ZNK10AP_DAL_GPS17vertical_accuracyEhRf @ 0xaf7b40
RTL: _ZNK10AP_DAL_GPS8num_satsEh @ 0xaf7bf0
RTL: _ZN12NavEKF3_core18calcGpsGoodToAlignEv @ 0x7dc670
RTL: _ZN12NavEKF3_core20calcGpsGoodForFlightEv @ 0x7dd5d0
RTL: _ZN16EKF_obs_buffer_tIN12NavEKF3_core12gps_elementsEE4pushERKS1_ @ 0xaf7c60
RTL: _ZL3MAXIddEDTqugtfp_fp0_fp_fp0_ERKT_RKT0_.4888 @ 0x7dda90
RTL: _ZL3MINIdfEDTqultfp_fp0_fp_fp0_ERKT_RKT0_.4875 @ 0x7ddb10
RTL: _ZNK10AP_DAL_GPS8get_hdopEh @ 0xaf7cd0
RTL: _ZNK14AP_DAL_Compass9get_countEv @ 0xaf7d40
RTL: _ZNK14AP_DAL_Compass21learn_offsets_enabledEv @ 0xaf7d90
RTL: _ZNK14AP_DAL_Compass16last_update_usecEh @ 0xaf7df0
RTL: _ZNK7Vector3IdEneERKS0_ @ 0xaf7e60
RTL: _ZN12NavEKF3_core12mag_elementsC2Ev @ 0xaf7f30
RTL: _ZNK14AP_DAL_Compass9get_fieldEh @ 0xaf7f90
RTL: _ZNK14AP_DAL_Compass10consistentEv @ 0xaf8000
RTL: _ZN16EKF_obs_buffer_tIN12NavEKF3_core12mag_elementsEE4pushERKS1_ @ 0xaf8060
RTL: _Z8is_equalIddENSt3__19enable_ifIXsr3std17is_floating_pointINS0_11common_typeIJT_T0_EE4typeEEE5valueEbE4typeES3_S4_ @ 0xaf80d0
RTL: _ZN12NavEKF3_core17correctDeltaAngleER7Vector3IdEdh @ 0x7dddf0
RTL: _ZN12NavEKF3_core20correctDeltaVelocityER7Vector3IdEdh @ 0x7ddeb0
RTL: _ZN11QuaternionTIdEC2Ev @ 0xaf8150
RTL: _ZN11QuaternionTIdE15from_axis_angleE7Vector3IdE @ 0xaf81c0
RTL: _ZN11QuaternionTIdEmLERKS0_ @ 0xaf8280
RTL: _ZNK11QuaternionTIdE15rotation_matrixER7Matrix3IdE @ 0xaf8420
RTL: _ZNK21AP_DAL_InertialSensor8get_gyroEh @ 0xaf8610
RTL: _ZNK6AP_DAL20get_takeoff_expectedEv @ 0xaf8720
RTL: _ZN16EKF_IMU_buffer_tIN12NavEKF3_core12imu_elementsEE18get_youngest_indexEv @ 0xaf8790
RTL: _ZN16EKF_IMU_buffer_tIN12NavEKF3_core12imu_elementsEE16get_oldest_indexEv @ 0xaf87f0
RTL: _ZNK11QuaternionTIdEdvERKS0_ @ 0xaf8850
RTL: _ZN11QuaternionTIdEixEh @ 0xaf8a70
RTL: _ZL3MAXIddEDTqugtfp_fp0_fp_fp0_ERKT_RKT0_.4938 @ 0x7ddfd0
RTL: _ZN12NavEKF3_core15output_elementsC2Ev @ 0xaf8ae0
RTL: _ZNK14ekf_imu_buffer16get_oldest_indexEv @ 0xaf8b60
RTL: _ZNK14ekf_imu_buffer18get_youngest_indexEv @ 0xaf8bb0
RTL: _ZN7AP_AHRS20set_takeoff_expectedEb @ 0x7de050
RTL: _ZN11QuaternionTIdE15from_axis_angleERK7Vector3IdEd @ 0xaf8c00
RTL: _ZNK6AP_DAL22get_touchdown_expectedEv @ 0xaf8d20
RTL: _ZNK6AP_DAL11get_EAS2TASEv @ 0xaf8e00
RTL: _ZN7Vector3IdEixEh @ 0xaf8ec0
RTL: _ZNK7Vector3IdEixEh @ 0xaf8f30
RTL: _ZN7Vector2IdEixEh @ 0xaf8fa0
RTL: _ZN15ekf_ring_buffer6recallEPvj @ 0x7e4b30
RTL: _ZNK15ekf_ring_buffer7time_msEh @ 0x7e4c90
RTL: _ZN12NavEKF3_core14readAirSpdDataEv @ 0x7e4d00
RTL: _ZNK12NavEKF3_core11useAirspeedEv @ 0x7e69d0
RTL: _ZNK6AP_DAL23airspeed_sensor_enabledEv @ 0xaf92c0
RTL: _ZN16EKF_obs_buffer_tIN12NavEKF3_core16vel_odm_elementsEE6recallERS1_j @ 0xaf9330
RTL: _ZN16EKF_obs_buffer_tIN12NavEKF3_core18wheel_odm_elementsEE6recallERS1_j @ 0xaf93b0
RTL: _ZN12NavEKF3_core11of_elementsC2Ev @ 0xaf9430
RTL: _ZN16EKF_obs_buffer_tIN12NavEKF3_core11of_elementsEE6recallERS1_j @ 0xaf94c0
RTL: _ZNK7Vector2IdEixEh @ 0xaf9540
RTL: _ZN12NavEKF3_core14readRngBcnDataEv @ 0x7f3900
RTL: _ZN10EKFGSF_yaw11fuseVelDataERK7Vector2IdEd @ 0x7f75b0
RTL: _ZNK12NavEKF3_core13EKFGSF_getYawERdS0_ @ 0x7f79b0
RTL: _ZNK11QuaternionTIdE12to_vector312Ev @ 0xaf9ac0
RTL: _ZN7Matrix3IdE13from_euler312Eddd @ 0xaf9e00
RTL: _ZNK7Matrix3IdE11to_euler312Ev @ 0xafa4a0
RTL: _ZN7Matrix3IdEixEh @ 0xafa590
RTL: _ZNK10EKFGSF_yaw10getYawDataERdS0_Ph @ 0x7f8320
RTL: _ZL7radiansf.4691 @ 0x7f8400
RTL: _ZL2sqf.4689 @ 0x7f8450
RTL: _ZNK10EKFGSF_yaw17getVelInnovLengthERd @ 0x7f84a0
RTL: _ZN10EKFGSF_yaw7correctEhRK7Vector2IdEd @ 0x7f89c0
RTL: _ZNK10EKFGSF_yaw15gaussianDensityEh @ 0x7f9d80
RTL: _ZL3MAXIdfEDTqugtfp_fp0_fp_fp0_ERKT_RKT0_.4194 @ 0x7fa100
RTL: _ZN10EKFGSF_yaw13forceSymmetryEh @ 0x7fa1a0
RTL: _ZN16EKF_obs_buffer_tIN12NavEKF3_core16ext_nav_elementsEE6recallERS1_j @ 0xafa700
RTL: _ZN16EKF_obs_buffer_tIN12NavEKF3_core20ext_nav_vel_elementsEE6recallERS1_j @ 0xafa780
RTL: _ZNK12NavEKF3_core35CalculateVelInnovationsAndVariancesERK7Vector3IdEddRS1_S4_ @ 0x7fa6d0
RTL: _ZN16EKF_obs_buffer_tIN12NavEKF3_core12gps_elementsEE6recallERS1_j @ 0xafa800
RTL: _ZN12NavEKF3_core21selectHeightForFusionEv @ 0x7fad10
RTL: _ZN12NavEKF3_core13FuseVelPosNEDEv @ 0x7fc210
RTL: _ZL3MAXIdfEDTqugtfp_fp0_fp_fp0_ERKT_RKT0_.4863 @ 0x7fe560
RTL: _ZL3MAXI9AP_ParamTIfL11ap_var_type4EEfEDTqugtfp_fp0_fp_fp0_ERKT_RKT0_.4864 @ 0x7fe600
RTL: _ZN12NavEKF3_core15readRangeFinderEv @ 0x7fe690
RTL: _ZN16EKF_obs_buffer_tIN12NavEKF3_core14range_elementsEE6recallERS1_j @ 0xafa880
RTL: _ZN16EKF_obs_buffer_tIN12NavEKF3_core13baro_elementsEE6recallERS1_j @ 0xafa950
RTL: _ZL3MAXIddEDTqugtfp_fp0_fp_fp0_ERKT_RKT0_.4712 @ 0x7ff260
RTL: _ZL3MAXI9AP_ParamTIfL11ap_var_type4EEfEDTqugtfp_fp0_fp_fp0_ERKT_RKT0_.4701 @ 0x7ff430
RTL: _ZN12NavEKF3_core12fuseEulerYawENS_15yawFusionMethodE @ 0x7ff4c0
RTL: _ZN16EKF_obs_buffer_tIN12NavEKF3_core12yaw_elementsEE6recallERS1_j @ 0xafabe0
RTL: _ZN16EKF_obs_buffer_tIN12NavEKF3_core12mag_elementsEE6recallERS1_j @ 0xafac60
RTL: _ZN12NavEKF3_core18controlMagYawResetEv @ 0x801460
RTL: _ZN12NavEKF3_core16FuseMagnetometerEv @ 0x801a70
RTL: _ZN7Matrix3IdEC2Eddddddddd @ 0xaface0
RTL: _ZNK7Matrix3IdEixEh @ 0xafae30
RTL: _ZL3MAXIdfEDTqugtfp_fp0_fp_fp0_ERKT_RKT0_.4699 @ 0x8082b0
RTL: _ZN12NavEKF3_core17MagTableConstrainEv @ 0x808350
RTL: _ZNK11QuaternionTIdE13to_axis_angleER7Vector3IdE @ 0xafaea0
RTL: _ZN10EKFGSF_yaw6updateERK7Vector3IdES3_ddbd @ 0x808ad0
RTL: _ZN10EKFGSF_yaw7predictEh @ 0x809560
RTL: _ZN10EKFGSF_yaw11predictAHRSEh @ 0x80a0b0
RTL: _ZL7radiansf.4192 @ 0x80a630
RTL: _ZL2sqf.4193 @ 0x80a680
RTL: _ZNK10EKFGSF_yaw12updateRotMatERK7Matrix3IdERK7Vector3IdE @ 0x80a6d0
RTL: _ZN12NavEKF3_core21calcTiltErrorVarianceEv @ 0x80afb0
RTL: _ZN12NavEKF3_core23verifyTiltErrorVarianceEv @ 0x80b690
RTL: _ZL3MINIffEDTqultfp_fp0_fp_fp0_ERKT_RKT0_.4930 @ 0x80ba90
RTL: _ZN11QuaternionTIdE6rotateERK7Vector3IdE @ 0xafb460
RTL: _ZN12NavEKF3_core15ConstrainStatesEv @ 0x80bb20
RTL: _ZNK21AP_DAL_InertialSensor9use_accelEh @ 0xafb520
RTL: _ZNK21AP_DAL_InertialSensor8use_gyroEh @ 0xafb5f0
RTL: _ZN12NavEKF3_core19learnInactiveBiasesEv @ 0x80bf60
RTL: _ZN12NavEKF3_core19updateMovementCheckEv @ 0x80c4d0
RTL: _ZN12NavEKF3_core17readDeltaVelocityEhR7Vector3IdERd @ 0x80cd70
RTL: _ZNK21AP_DAL_InertialSensor18get_imu_pos_offsetEh @ 0xafb6c0
RTL: _ZN12NavEKF3_core14readDeltaAngleEhR7Vector3IdERd @ 0x80cec0
RTL: _ZN16EKF_IMU_buffer_tIN12NavEKF3_core12imu_elementsEE21push_youngest_elementES1_ @ 0xafb730
RTL: _ZN12NavEKF3_core14SampleDragDataERKNS_12imu_elementsE @ 0x80cfe0
RTL: _ZN16EKF_IMU_buffer_tIN12NavEKF3_core12imu_elementsEE18get_oldest_elementEv @ 0xafb790
RTL: _ZN12NavEKF3_core22updateTimingStatisticsEv @ 0x80d290
RTL: _ZL3MINIfdEDTqultfp_fp0_fp_fp0_ERKT_RKT0_.4724 @ 0x80d540
RTL: _ZN12NavEKF3_core12imu_elementsC2Ev @ 0xafb810
RTL: _ZN14ekf_imu_buffer18get_oldest_elementEPv @ 0x80d5e0
RTL: _ZN14ekf_imu_buffer21push_youngest_elementEPKv @ 0x80d6a0
RTL: _ZNK21AP_DAL_InertialSensor14get_gyro_countEv @ 0xafb8f0
RTL: _ZNK21AP_DAL_InertialSensor15get_delta_angleEhR7Vector3IfERf @ 0xafb940
RTL: _ZNK21AP_DAL_InertialSensor15get_accel_countEv @ 0xafba40
RTL: _ZNK21AP_DAL_InertialSensor18get_delta_velocityEhR7Vector3IfERf @ 0xafba90
RTL: _ZL7radiansi.4726 @ 0x80d790
RTL: _ZN12NavEKF3_core12detectFlightEv @ 0x80d7f0
RTL: _ZN12NavEKF3_core27setWindMagStateLearningModeEv @ 0x80dcb0
RTL: _ZN12NavEKF3_core28checkAttitudeAlignmentStatusEv @ 0x80e550
RTL: _ZN12NavEKF3_core13setAidingModeEv @ 0x80e660
RTL: _ZN12NavEKF3_core12setYawSourceEv @ 0x80f5d0
RTL: _ZN12NavEKF3_core18checkGyroCalStatusEv @ 0x80f6a0
RTL: _ZL3MINIttEDTqultfp_fp0_fp_fp0_ERKT_RKT0_ @ 0x80fd80
RTL: _ZL7radiansd.4644 @ 0x80fe00
RTL: _ZN12NavEKF3_core19updateStateIndexLimEv @ 0x80fef0
RTL: _ZNK6AP_DAL18get_time_flying_msEv @ 0xafbb80
RTL: _ZN10EKFGSF_yaw11setGyroBiasER7Vector3IfE @ 0x810020
RTL: _ZN12NavEKF3_core20update_gps_selectionEv @ 0x8100e0
RTL: _ZN12NavEKF3_core20update_mag_selectionEv @ 0x8101e0
RTL: _ZN12NavEKF3_core21update_baro_selectionEv @ 0x810320
RTL: _ZN12NavEKF3_core25update_airspeed_selectionEv @ 0x810400
RTL: _ZNK11AP_DAL_Baro11get_primaryEv @ 0xafbc20
RTL: _Z9fill_nanfPdt @ 0x810510
RTL: _ZNK17AP_InertialSensor20get_last_update_usecEv @ 0xafbce0
RTL: _ZNK17AP_InertialSensor16get_loop_delta_tEv @ 0xafbd30
RTL: _ZNK7AP_AHRS17get_vehicle_classEv @ 0xafbd80
RTL: _ZNK7AP_AHRS20get_takeoff_expectedEv @ 0xafbdd0
RTL: _ZNK7AP_AHRS22get_touchdown_expectedEv @ 0xafbe30
RTL: _ZNK7AP_AHRS8get_trimEv @ 0xafbe90
RTL: _ZN2AP12wheelencoderEv @ 0x810930
RTL: _ZNK7AP_AHRS43get_rotation_vehicle_body_to_autopilot_bodyEv @ 0xafbf40
RTL: _ZN21AP_DAL_InertialSensor11start_frameEv @ 0x810970
RTL: _ZN11AP_DAL_Baro11start_frameEv @ 0x810bf0
RTL: _ZN10AP_DAL_GPS11start_frameEv @ 0x810d60
RTL: _ZN14AP_DAL_Compass11start_frameEv @ 0x811160
RTL: _ZNK9AP_Beacon7enabledEv @ 0x811c10
RTL: _ZNK9AP_Beacon12device_readyEv @ 0x811f50
RTL: _ZNK7AP_EnumIN9AP_Beacon4TypeEEcvKS1_Ev @ 0xafbff0
RTL: _ZNK7Compass24auto_declination_enabledEv @ 0xafc140
RTL: _ZNK7Compass15get_declinationEv @ 0x8120c0
RTL: _ZNK7Compass15get_num_enabledEv @ 0x812120
RTL: _ZNK7Compass16get_first_usableEv @ 0xafc1b0
RTL: _ZNK7Compass21learn_offsets_enabledEv @ 0xafc200
RTL: _ZNK7Compass17have_scale_factorEh @ 0x8121e0
RTL: _ZNK7Compass16last_update_usecEh @ 0xafc270
RTL: _ZNK14typesafe_indexIh14TAG_StateIndexEgeERKh @ 0xafc2f0
RTL: _ZNK7AP_Baro11get_primaryEv @ 0xafc360
RTL: _ZNK7AP_Baro15get_last_updateEh @ 0xafc3b0
RTL: _ZNK17AP_InertialSensor16get_loop_rate_hzEv @ 0xafc420
RTL: _ZNK17AP_InertialSensor15get_delta_angleEhR7Vector3IfERf @ 0x812320
RTL: _ZN21AP_DAL_InertialSensor15update_filteredEh @ 0x8124f0
RTL: _ZNK17AP_InertialSensor18get_imu_pos_offsetEh @ 0xafc470
RTL: _ZNK17AP_InertialSensor10_accel_posEh @ 0xafc4d0
RTL: _ZN17AP_InertialSensor10_accel_posEh @ 0xafc530
RTL: _ZN15AP_WheelEncoder13get_singletonEv @ 0xafc5a0
RTL: _ZN7NavEKF216InitialiseFilterEv @ 0x814f80
RTL: _ZNK6AP_DAL12get_ekf_typeEv @ 0xafed90
RTL: _ZN16AP_AHRS_External6updateEv @ 0x848320
RTL: _ZN16AP_AHRS_External11get_resultsERN15AP_AHRS_Backend9EstimatesE @ 0x848370
RTL: _ZN7AP_AHRS37copy_estimates_from_backend_estimatesERKN15AP_AHRS_Backend9EstimatesE @ 0x8485c0
RTL: _ZN15AP_ExternalAHRS6updateEv @ 0x8488a0
RTL: _ZL7degreesf.10880 @ 0x848bd0
RTL: _ZN11AP_AHRS_SIM6updateEv @ 0xaff950
RTL: _ZN11AP_AHRS_SIM11get_resultsERN15AP_AHRS_Backend9EstimatesE @ 0x848c20
RTL: _ZN11AP_AHRS_DCM6updateEv @ 0x849800
RTL: _ZN11AP_AHRS_DCM11get_resultsERN15AP_AHRS_Backend9EstimatesE @ 0x849b20
RTL: _ZN11AP_AHRS_DCM13matrix_updateEv @ 0x849c40
RTL: _ZN11AP_AHRS_DCM9normalizeEv @ 0x849e90
RTL: _ZN11AP_AHRS_DCM16drift_correctionEf @ 0x84a0b0
RTL: _ZN11AP_AHRS_DCM12check_matrixEv @ 0x84b410
RTL: _ZN11AP_AHRS_DCM15backup_attitudeEv @ 0x84b510
RTL: _ZNK11AP_AHRS_DCM12get_error_rpEv @ 0xaffa10
RTL: _ZNK11AP_AHRS_DCM13get_error_yawEv @ 0xaffa60
RTL: _ZN7Matrix3IfE6is_nanEv @ 0xaffab0
RTL: _ZN11AP_AHRS_DCM20drift_correction_yawEv @ 0x84ba00
RTL: _ZNK6AP_GPS16last_fix_time_msEv @ 0xaffbc0
RTL: _ZL3MAXIfiEDTqugtfp_fp0_fp_fp0_ERKT_RKT0_.2117 @ 0x84bf20
RTL: _ZNK11AP_AHRS_DCM26should_correct_centrifugalEv @ 0x84bfc0
RTL: _ZN11AP_AHRS_DCM10ra_delayedEhRK7Vector3IfE @ 0x84c020
RTL: _ZNK17AP_InertialSensor7healthyEv @ 0xaffc20
RTL: _ZN11AP_AHRS_DCM7_P_gainEf @ 0x84c120
RTL: _ZNK11AP_AHRS_DCM14use_fast_gainsEv @ 0x84c200
RTL: _ZL7radiansi.2118 @ 0x84c290
RTL: _ZNK17AP_InertialSensor19get_gyro_drift_rateEv @ 0xaffca0
RTL: _ZNK17AP_InertialSensor15get_gyro_healthEv @ 0xaffcf0
RTL: _ZNK17AP_InertialSensor16get_accel_healthEv @ 0xaffd50
RTL: _ZNK7Compass16last_update_usecEv @ 0xaffdb0
RTL: _ZN7Compass4readEv @ 0x84c2f0
RTL: _ZN11AP_AHRS_DCM17yaw_error_compassER7Compass @ 0x84c6c0
RTL: _ZNK11AP_AHRS_DCM9_yaw_gainEv @ 0x84c840
RTL: _ZNK7Matrix3IfE5mulXYERK7Vector3IfE @ 0xaffe10
RTL: _ZNK7Vector2IfErmERKS0_ @ 0xaffee0
RTL: _ZN7Compass15_detect_runtimeEv @ 0x84c9f0
RTL: _ZN9AP_Logger13Write_CompassEv @ 0x84cd20
RTL: _ZN19RestrictIDTypeArrayI9AP_ParamTIaL11ap_var_type1EELj3E14typesafe_indexIh12TAG_PriorityEEixERKS5_ @ 0xafff60
RTL: _ZN9AP_Logger22Write_Compass_instanceEmh @ 0x84cdc0
RTL: _ZNK7Compass17get_motor_offsetsEh @ 0xafffe0
RTL: _ZN7Compass15_driver_enabledENS_10DriverTypeE @ 0x84dd70
RTL: _ZN19AP_Compass_DroneCAN5probeEh @ 0x84de10
RTL: _ZN18AP_Compass_Backend25drain_accumulated_samplesEhPK7Vector3IfE @ 0x84ecf0
RTL: _ZN18AP_Compass_Backend22publish_filtered_fieldERK7Vector3IfEh @ 0x84ee70
RTL: _ZN11AP_AHRS_DCM6renormERK7Vector3IfERS1_ @ 0x84ef30
RTL: _ZNK17AP_InertialSensor15get_delta_angleER7Vector3IfERf @ 0xb00800
RTL: _ZNK7Vector3IfEeqERKS0_ @ 0xb00890
RTL: _ZN17AP_InertialSensor21set_board_orientationE8Rotation @ 0xb00960
RTL: _ZN7Compass21set_board_orientationE8Rotation @ 0xb009c0
RTL: _ZNK14AP_Logger_File17recent_open_errorEv @ 0x84f2e0
RTL: _ZNK14AP_Logger_File15io_thread_aliveEv @ 0x84f370
RTL: _ZN14AP_Logger_File16disk_space_availEv @ 0x84f700
RTL: _ZL3MINIjjEDTqultfp_fp0_fp_fp0_ERKT_RKT0_.6378 @ 0x84f7e0
RTL: _ZN13AP_Filesystem17bytes_until_fsyncEi @ 0x84f860
RTL: _ZN13AP_Filesystem9disk_freeEPKc @ 0x84f8e0
RTL: _ZN2AP4rssiEv @ 0x856b20
RTL: _ZNK7AP_RSSI7enabledEv @ 0xb01140
RTL: _ZN7AP_RSSI13get_singletonEv @ 0x857350
RTL: _ZN13AP_CANManager20check_logging_enableEv @ 0x858310
RTL: _ZN7FunctorIvJEE14method_wrapperI13AP_CANManagerXadL_ZNS2_20check_logging_enableEvEEEEvPv @ 0xb01770
RTL: _ZNK13AP_CANManager15CANIface_Params13option_is_setENS0_7OptionsE @ 0xb01820
RTL: _ZN9AP_Logger13Write_MessageEPKc @ 0x862f00
RTL: _ZNK13AP_OADatabase7healthyEv @ 0xb0fa70
RTL: _ZN13AP_OADatabase13get_singletonEv @ 0xb0fcf0
RTL: _ZNK22AP_BattMonitor_Backend13option_is_setEN21AP_BattMonitor_Params7OptionsE @ 0xb13810
RTL: _ZN22AP_BattMonitor_Backend15update_consumedERN14AP_BattMonitor17BattMonitor_StateEj @ 0x87a820
RTL: _ZN22AP_BattMonitor_Backend13calculate_mahEff @ 0xb138a0
RTL: _ZN18AP_Compass_Backend17accumulate_sampleER7Vector3IfEhj @ 0x87cb30
RTL: _ZN18AP_Compass_Backend12rotate_fieldER7Vector3IfEh @ 0x87ccb0
RTL: _ZN18AP_Compass_Backend17publish_raw_fieldERK7Vector3IfEh @ 0x87cda0
RTL: _ZN18AP_Compass_Backend13correct_fieldER7Vector3IfEh @ 0x87ceb0
RTL: _ZN18AP_Compass_Backend8field_okERK7Vector3IfE @ 0x87d2b0
RTL: _ZNK7Compass16get_filter_rangeEv @ 0xb15bc0
RTL: _ZNK16Compass_PerMotor7enabledEv @ 0xb15c20
RTL: _ZN7Compass13_get_priorityE14typesafe_indexIh14TAG_StateIndexE @ 0xb15c90
RTL: _ZN14AP_GPS_Backend15set_alt_amsl_cmERN6AP_GPS9GPS_StateEi @ 0x881980
RTL: _ZN16JitterCorrection31correct_offboard_timestamp_usecEmm @ 0x881b90
RTL: _ZNK14AP_GPS_Backend10option_setEN6AP_GPS13DriverOptionsE @ 0xb18e20
RTL: _ZNK6AP_GPS10option_setENS_13DriverOptionsE @ 0xb18e90
RTL: _ZN6AP_RTC12set_utc_usecEmNS_11source_typeE @ 0x882600
RTL: _ZN11GCS_MAVLINK24update_signing_timestampEm @ 0x8827b0
RTL: _ZNK11GCS_MAVLINK14option_enabledENS_6OptionE @ 0xb1b320
RTL: _ZNK16AP_SerialManager9UARTState12get_protocolEv @ 0xb1b3a0
RTL: _ZN2AP8PerfInfo13set_loop_rateEt @ 0x894ca0
RTL: _ZN2AP8PerfInfo5resetEv @ 0x894d60
RTL: _ZN3GCS10send_textvE12MAV_SEVERITYPKcP13__va_list_tagh @ 0x895390
RTL: _ZNK3GCS26min_status_for_gps_healthyEv @ 0xb1bcf0
RTL: _ZL3MINImmEDTqultfp_fp0_fp_fp0_ERKT_RKT0_.6841 @ 0x8958a0
RTL: _ZN11ObjectArrayIN3GCS12statustext_tEE10push_forceERKS1_ @ 0xb1bd40
RTL: _ZN2AP11frsky_telemEv @ 0x895920
RTL: _ZN2AP14spektrum_telemEv @ 0x895960
RTL: _ZN9AP_Notify9send_textEPKc @ 0x8959a0
RTL: _ZN17AP_Spektrum_Telem13get_singletonEv @ 0xb1be80
RTL: _ZN14AP_Frsky_Telem13get_singletonEv @ 0xb1bec0
RTL: _ZNK11ObjectArrayIN3GCS12statustext_tEE5spaceEv @ 0xb1bf00
RTL: _ZN11ObjectArrayIN3GCS12statustext_tEE4pushERKS1_ @ 0xb1bf60
RTL: _ZN6Copter8set_modeEh10ModeReason @ 0x895a40
RTL: _ZNK6Copter29current_mode_requires_missionEv @ 0x895ac0
RTL: _ZNK6Copter17get_wp_distance_mERf @ 0x897390
RTL: _ZNK6Copter18get_wp_bearing_degERf @ 0x897410
RTL: _ZNK6Copter25get_wp_crosstrack_error_mERf @ 0x897490
RTL: _ZN6Copter18fence_checks_asyncEv @ 0x897ea0
RTL: _ZN6AP_HAL15timeout_expiredIjjjEEbT_T0_T1_ @ 0xb1c230
RTL: _ZN8AC_Fence5checkEb @ 0x898050
RTL: _ZN6Copter3gcsEv @ 0xb1c2b0
RTL: _ZNK8AC_Fence23get_auto_disable_fencesEv @ 0x8983b0
RTL: _ZN8AC_Fence19clear_margin_breachEh @ 0x898460
RTL: _ZN8AP_Param15save_io_handlerEv @ 0x899a80
RTL: _ZN7FunctorIvJEE14method_wrapperI8AP_ParamXadL_ZNS2_15save_io_handlerEvEEEEvPv @ 0xb1c490
RTL: _ZN15ObjectBuffer_TSIN8AP_Param10param_saveEE3popERS1_ @ 0xb1c540
RTL: _ZN6Copter18notify_flight_modeEv @ 0x899d20
RTL: _ZN6Copter22update_using_interlockEv @ 0x89b770
RTL: _ZL21failsafe_check_staticv @ 0x89ccf0
RTL: _ZN6Copter8set_modeEN4Mode6NumberE10ModeReason @ 0x8a10b0
RTL: _ZNK15AC_CommandModel11get_rate_tcEv @ 0xb1c920
RTL: _ZN18AC_AttitudeControl15set_yaw_rate_tcEf @ 0xb1c970
RTL: _ZN6Copter16gcs_mode_enabledEN4Mode6NumberE @ 0x8a17a0
RTL: _ZN6Copter18mode_from_mode_numEN4Mode6NumberE @ 0x8a19a0
RTL: _ZN6Copter24get_non_takeoff_throttleEv @ 0x8a1ea0
RTL: _ZN6Copter9exit_modeERP4ModeS2_ @ 0x8a2010
RTL: _ZN7AP_ADSB16set_is_auto_modeEb @ 0xb1c9e0
RTL: _ZNK8AC_Fence10get_actionEv @ 0xb1ca40
RTL: _ZN8AC_Fence21manual_recovery_startEv @ 0x8a2100
RTL: _ZN9AP_Camera16set_is_auto_modeEb @ 0xb1caa0
RTL: _ZN18AC_AttitudeControl22set_roll_pitch_rate_tcEf @ 0xb1cb00
RTL: _ZN4Mode12takeoff_stopEv @ 0xb1cb70
RTL: _ZN4Mode8_TakeOff4stopEv @ 0x8a2260
RTL: _ZNK18AC_AttitudeControl15get_throttle_inEv @ 0xb1cbb0
RTL: _ZN6AC_PID14set_integratorEf @ 0x8a22f0
RTL: _ZL3MAXIifEDTqugtfp_fp0_fp_fp0_ERKT_RKT0_ @ 0x8a23c0
RTL: _ZNK4Mode18get_stopping_pointEv @ 0x8a2450
RTL: _ZNK13AC_PosControl24get_stopping_point_NE_cmER7Vector2IdE @ 0x8a3090
RTL: _ZNK13AC_PosControl23get_stopping_point_U_cmERd @ 0x8a3150
RTL: _ZN8LocationC2ERK7Vector3IfENS_8AltFrameE @ 0x8a31e0
RTL: _ZNK13AC_PosControl22get_stopping_point_U_mERd @ 0x8a32e0
RTL: _ZNK7AC_P_1D2kPEv @ 0xb1cc60
RTL: _Z17stopping_distancefff @ 0x8a3460
RTL: _Z19inv_sqrt_controllerfff @ 0x8a34e0
RTL: _ZL2sqf.3798 @ 0x8a3720
RTL: _ZNK13AC_PosControl23get_stopping_point_NE_mER7Vector2IdE @ 0x8a3770
RTL: _ZN7Vector2IfEmIERKS0_ @ 0xb1ccb0
RTL: _ZNK7AC_P_2D2kPEv @ 0xb1cd40
RTL: _ZNK7Vector2IfE8todoubleEv @ 0xb1cd90
RTL: _ZNK10AP_Vehicle21block_GCS_mode_changeEhPKhh @ 0x8a3930
RTL: _ZN6AC_PID21set_notch_sample_rateEf @ 0x8a47e0
RTL: _ZN6AC_PID12reset_filterEv @ 0xb1d140
RTL: _ZNK12AP_AHRS_View20get_quat_body_to_nedER11QuaternionTIfE @ 0xb1d1a0
RTL: _ZNK18AC_AttitudeControl30thrust_heading_rotation_anglesER11QuaternionTIfERKS1_R7Vector3IfERfS8_ @ 0x8a4c30
RTL: _ZNK12AP_AHRS_View15get_gyro_latestEv @ 0x8a4fc0
RTL: _ZN6AC_PID10update_allEfffbf @ 0x8a5070
RTL: _ZNK6AC_PID16get_filt_T_alphaEf @ 0x8a5680
RTL: _ZNK6AC_PID16get_filt_E_alphaEf @ 0x8a5700
RTL: _ZNK6AC_PID16get_filt_D_alphaEf @ 0x8a5780
RTL: _ZN6AC_PID8update_iEfb @ 0x8a5800
RTL: _ZN11SlewLimiter8modifierEff @ 0x8a5a00
RTL: _ZNK11SlewLimiter13get_slew_rateEv @ 0xb1d460
RTL: _ZNK7AP_AHRS15get_gyro_latestEv @ 0x8a6000
RTL: _ZNK7AP_AHRS22get_primary_gyro_indexEv @ 0xb1d4b0
RTL: _ZNK18AC_AttitudeControl29thrust_vector_rotation_anglesERK11QuaternionTIfES3_RS1_R7Vector3IfERfS8_ @ 0x8a60b0
RTL: _ZNK18AC_AttitudeControl23get_accel_yaw_max_radssEv @ 0xb1d500
RTL: _ZL7radiansf.12163 @ 0x8a64a0
RTL: _ZNK6AC_PID2kPEv @ 0xb1d560
RTL: _ZNK4AC_P2kPEv @ 0xb1d5b0
RTL: _ZL3MINIffEDTqultfp_fp0_fp_fp0_ERKT_RKT0_.12170 @ 0x8a64f0
RTL: _ZL9cd_to_radf.12171 @ 0x8a6580
RTL: _ZNK25HarmonicNotchFilterParams9hasOptionENS_7OptionsE @ 0xb1d8b0
RTL: _ZN17AP_InertialSensor12_gyro_offsetEh @ 0xb1ecf0
RTL: _ZN17AP_InertialSensor12caltemp_gyroEh @ 0xb1ed60
RTL: _ZN22AP_InertialSensor_SITL6updateEv @ 0x8a9240
RTL: _ZN25AP_InertialSensor_Backend10accumulateEv @ 0xb1ee80
RTL: _ZNK25AP_InertialSensor_Backend24get_gyro_backend_rate_hzEv @ 0xb1eff0
RTL: _ZN25AP_InertialSensor_Backend11set_primaryEb @ 0xb1f050
RTL: _ZNK25AP_InertialSensor_Backend21_gyro_raw_sample_rateEh @ 0xb1f0a0
RTL: _ZN22AP_InertialSensor_SITL12timer_updateEv @ 0x8a99c0
RTL: _ZN7FunctorIvJEE14method_wrapperI22AP_InertialSensor_SITLXadL_ZNS2_12timer_updateEvEEEEvPv @ 0xb1f170
RTL: _ZN22AP_InertialSensor_SITL14generate_accelEv @ 0x8a9e90
RTL: _ZN22AP_InertialSensor_SITL13generate_gyroEv @ 0x8aae70
RTL: _ZNK25AP_InertialSensor_Backend20enable_fast_samplingEh @ 0xb1f220
RTL: _ZNK22AP_InertialSensor_SITL10gyro_driftEv @ 0x8ab8d0
RTL: _ZL7radiansd.19050 @ 0x8abad0
RTL: _ZL7radiansf.19051 @ 0x8abb20
RTL: _ZN22AP_InertialSensor_SITL15get_temperatureEv @ 0x8abc00
RTL: _ZNK22AP_InertialSensor_TCal15sitl_apply_gyroEfR7Vector3IfE @ 0x8abda0
RTL: _ZN25AP_InertialSensor_Backend35_notify_new_gyro_sensor_rate_sampleEhRK7Vector3IfE @ 0x8abe80
RTL: _ZN25AP_InertialSensor_Backend24_rotate_and_correct_gyroEhR7Vector3IfE @ 0x8ac080
RTL: _ZN25AP_InertialSensor_Backend27_notify_new_gyro_raw_sampleEhRK7Vector3IfEm @ 0x8ac210
RTL: _ZNK25AP_InertialSensor_Backend15has_been_killedEh @ 0xb1f2b0
RTL: _ZNK25AP_InertialSensor_Backend19_update_sensor_rateERtRjRf @ 0x8ac8b0
RTL: _ZN25AP_InertialSensor_Backend18apply_gyro_filtersEhRK7Vector3IfE @ 0x8aca80
RTL: _ZN25AP_InertialSensor_Backend12log_gyro_rawEhmRK7Vector3IfES3_ @ 0x8aceb0
RTL: _ZN25AP_InertialSensor_Backend14update_primaryEv @ 0x8ad140
RTL: _ZNK17AP_InertialSensor22raw_logging_option_setENS_18RAW_LOGGING_OPTIONE @ 0xb1f330
RTL: _ZNK25AP_InertialSensor_Backend18should_log_imu_rawEv @ 0x8ad220
RTL: _ZNK17AP_InertialSensor12BatchSampler25doing_sensor_rate_loggingEv @ 0xb1f3b0
RTL: _ZNK17AP_InertialSensor12BatchSampler25doing_post_filter_loggingEv @ 0xb1f410
RTL: _ZN17AP_InertialSensor12BatchSampler6sampleEhNS_15IMU_SENSOR_TYPEEmRK7Vector3IfE @ 0x8ad430
RTL: _ZN17AP_InertialSensor12BatchSampler10should_logEhNS_15IMU_SENSOR_TYPEE @ 0x8ad580
RTL: _ZN25AP_InertialSensor_Backend16save_gyro_windowEhRK7Vector3IfEh @ 0x8ad6c0
RTL: _ZN15LowPassFilter2pI7Vector3IfEE5applyERKS1_ @ 0xb1f6f0
RTL: _ZNK17AP_InertialSensor25is_rate_loop_gyro_enabledEh @ 0x8ad980
RTL: _ZN19DigitalBiquadFilterI7Vector3IfEE5applyERKS1_RKNS2_13biquad_paramsE @ 0xb1f950
RTL: _ZNK25AP_InertialSensor_Backend18sensors_convergingEv @ 0x8adbb0
RTL: _ZNK22AP_InertialSensor_TCal12correct_gyroEffR7Vector3IfE @ 0x8adce0
RTL: _ZNK22AP_InertialSensor_TCal14correct_sensorEffPK9AP_ParamVI7Vector3IfEL11ap_var_type5EERS2_ @ 0x8add80
RTL: _ZNK22AP_InertialSensor_TCal15polynomial_evalEfPK9AP_ParamVI7Vector3IfEL11ap_var_type5EE @ 0x8adf90
RTL: _ZNK22AP_InertialSensor_TCal16sitl_apply_accelEfR7Vector3IfE @ 0x8b0f40
RTL: _ZN25AP_InertialSensor_Backend36_notify_new_accel_sensor_rate_sampleEhRK7Vector3IfE @ 0x8b1020
RTL: _ZN25AP_InertialSensor_Backend25_rotate_and_correct_accelEhR7Vector3IfE @ 0x8b1220
RTL: _ZN25AP_InertialSensor_Backend28_notify_new_accel_raw_sampleEhRK7Vector3IfEmb @ 0x8b1440
RTL: _ZN25AP_InertialSensor_Backend20_publish_temperatureEhf @ 0x8b19f0
RTL: _ZN17AP_InertialSensor27calc_vibration_and_clippingEhRK7Vector3IfEf @ 0x8b1a90
RTL: _ZN17AP_InertialSensor19set_accel_peak_holdEhRK7Vector3IfE @ 0x8b1d10
RTL: _ZN25AP_InertialSensor_Backend13log_accel_rawEhmRK7Vector3IfE @ 0x8b1df0
RTL: _ZNK25AP_InertialSensor_Backend14get_clip_limitEv @ 0xb20970
RTL: _ZN13LowPassFilterI7Vector3IfEE5applyERKS1_RKf @ 0xb209c0
RTL: _ZN10DigitalLPFI7Vector3IfEE6_applyERKS1_RKf @ 0xb20a80
RTL: _ZNK22AP_InertialSensor_TCal13correct_accelEffR7Vector3IfE @ 0x8b21d0
RTL: _ZN25AP_InertialSensor_Backend12update_accelEh @ 0x8b2650
RTL: _ZN25AP_InertialSensor_Backend11update_gyroEh @ 0x8b2770
RTL: _ZN25AP_InertialSensor_Backend13_publish_gyroEhRK7Vector3IfE @ 0x8b28d0
RTL: _ZN25AP_InertialSensor_Backend19update_gyro_filtersEh @ 0x8b2a40
RTL: _ZNK25AP_InertialSensor_Backend19_gyro_filter_cutoffEv @ 0xb20d50
RTL: _ZN25AP_InertialSensor_Backend14_publish_accelEhRK7Vector3IfE @ 0x8b2e80
RTL: _ZN25AP_InertialSensor_Backend20update_accel_filtersEh @ 0x8b30b0
RTL: _ZNK25AP_InertialSensor_Backend20_accel_filter_cutoffEv @ 0xb21030
RTL: _ZN11AP_SmartRTL22run_background_cleanupEv @ 0x8b4fc0
RTL: _ZN7FunctorIvJEE14method_wrapperI11AP_SmartRTLXadL_ZNS2_22run_background_cleanupEvEEEEvPv @ 0xb215e0
RTL: _ZN11AP_SmartRTL15routine_cleanupEtt @ 0x8b5290
RTL: _ZN11AP_SmartRTL22detect_simplificationsEv @ 0x8b5460
RTL: _ZN11AP_SmartRTL33remove_points_by_simplify_bitmaskEv @ 0x8b57d0
RTL: _ZN11AP_SmartRTL29restart_pruning_if_new_pointsEv @ 0x8b59b0
RTL: _ZN11AP_SmartRTL12detect_loopsEv @ 0x8b5a20
RTL: _ZN11AP_SmartRTL20segment_segment_distERK7Vector3IfES3_S3_S3_ @ 0x8b6040
RTL: _ZNK7BitmaskILt500EE3getEt @ 0xb21690
RTL: _ZNK7BitmaskILt500EE8validateEt @ 0xb21760
RTL: _ZNK7Vector3IfE19distance_to_segmentERKS0_S2_ @ 0xb217f0
RTL: _ZN7BitmaskILt500EE5clearEt @ 0xb219e0
RTL: _ZNK6AP_HAL6OwnPtrINS_9I2CDeviceEEptEv @ 0xb266d0
RTL: _ZN7AP_Baro6updateEv @ 0x8d4630
RTL: _ZNK7AP_Baro7healthyEv @ 0xb2a740
RTL: _ZN15AP_Baro_Backend14backend_updateEh @ 0x8d4d50
RTL: _ZN7AP_Baro24wind_pressure_correctionEh @ 0x8d4dd0
RTL: _ZNK7AP_Baro15get_last_updateEv @ 0xb2a7a0
RTL: _ZN16DerivativeFilterIfLh7EE6updateEfj @ 0xb2a800
RTL: _ZN7AP_Baro22update_field_elevationEv @ 0x8d5110
RTL: _ZNK7AP_Baro10should_logEv @ 0x8d5390
RTL: _ZN7AP_Baro10Write_BaroEv @ 0x8d5440
RTL: _ZN7AP_Baro19Write_Baro_instanceEmh @ 0x8d54d0
RTL: _ZNK7AP_Baro21get_baro_drift_offsetEv @ 0xb2a8e0
RTL: _ZNK7AP_Baro22get_ground_temperatureEv @ 0x8d56f0
RTL: _ZNK7AP_Baro22get_corrected_pressureEh @ 0xb2a930
RTL: _ZN16FilterWithBufferIfLh7EE5applyEf @ 0xb2aa10
RTL: _ZNK7AP_AHRS20airspeed_vector_trueER7Vector3IfE @ 0x8d5790
RTL: _ZNK7AP_AHRS21get_air_density_ratioEv @ 0x8d5810
RTL: _ZL2sqf.2028 @ 0x8d58d0
RTL: _ZNK7AP_AHRS12get_accel_efEv @ 0xb2e2b0
RTL: _ZNK12NavEKF3_core9getMagXYZER7Vector3IfE @ 0x9019a0
RTL: _ZNK12NavEKF3_core9getMagNEDER7Vector3IfE @ 0x901c20
RTL: _ZNK7Vector2IfEdvEf @ 0xb31c20
RTL: _ZNK7AP_EnumIN13AP_OADatabase11OutputLevelEEcvKS1_Ev @ 0xb33970
RTL: _ZN15AP_Compass_SITL6_timerEv @ 0x9132b0
RTL: _ZN7FunctorIvJEE14method_wrapperI15AP_Compass_SITLXadL_ZNS2_6_timerEvEEEEvPv @ 0xb34230
RTL: _Z10rand_vec3fv @ 0x9137e0
RTL: _ZN7VectorNIN15AP_Compass_SITL16readings_compassELh50EEixEh @ 0xb342e0
RTL: _ZN15AP_Compass_SITL26_setup_eliptical_correcionEh @ 0x913860
RTL: _ZNK18AP_Compass_Backend21get_board_orientationEv @ 0x913a90
RTL: _ZN15AP_Compass_SITL4readEv @ 0x913ae0
RTL: _ZNK14AP_GPS_Backend32supports_mavlink_gps_rtk_messageEv @ 0xb34960
RTL: _ZNK14AP_GPS_Blended7get_lagERf @ 0x914850
RTL: _ZNK14AP_GPS_Blended10is_healthyEv @ 0xb34b20
RTL: _ZN6Copter14failsafe_checkEv @ 0x914f20
RTL: _ZNK12AP_Parachute7enabledEv @ 0xb35060
RTL: _ZN6Copter10read_radioEv @ 0x9158f0
RTL: _ZNK7AP_EnumIN9AP_Motors7PWMTypeEEcvKS1_Ev @ 0xb351d0
RTL: _ZN11RC_Channels10read_inputEv @ 0x9161f0
RTL: _ZN6Copter25set_throttle_and_failsafeEt @ 0x916320
RTL: _ZN6Copter22set_throttle_zero_flagEs @ 0x9164c0
RTL: _ZN6Copter27radio_passthrough_to_motorsEv @ 0x9165e0
RTL: _ZNK11RC_Channels17get_fs_timeout_msEv @ 0xb35220
RTL: _ZL3MAXIfiEDTqugtfp_fp0_fp_fp0_ERKT_RKT0_.1753 @ 0x917340
RTL: _ZNK10RC_Channel22get_control_in_zero_dzEv @ 0x9173e0
RTL: _ZN9AP_Motors21set_radio_passthroughEffff @ 0x917460
RTL: _ZNK10RC_Channel15pwm_to_range_dzEt @ 0x917520
RTL: _ZNK10RC_Channel15pwm_to_angle_dzEt @ 0x9176c0
RTL: _ZNK10RC_Channel20pwm_to_angle_dz_trimEtt @ 0x917750
RTL: _ZN10RC_Channel6updateEv @ 0x9179a0
RTL: _ZN11RC_Channels23rudder_arm_disarm_checkEv @ 0x917b10
RTL: _ZNK10RC_Channel12pwm_to_rangeEv @ 0x917d10
RTL: _ZNK10RC_Channel12pwm_to_angleEv @ 0x917d80
RTL: _ZN12SRV_Channels17enable_aux_servosEv @ 0x917df0
RTL: _ZN20AP_MotorsMulticopter21update_throttle_rangeEv @ 0x918110
RTL: _ZN12SRV_Channels20have_digital_outputsEj @ 0xb353f0
RTL: _ZN6AP_HAL8RCOutput15set_esc_scalingEtt @ 0xb35460
RTL: _ZN10RC_Channel16read_mode_switchEv @ 0x918490
RTL: _ZN10RC_Channel16read_6pos_switchERa @ 0x918510
RTL: _ZN10RC_Channel18debounce_completedEa @ 0x918670
RTL: _ZL7radiansf.12421 @ 0x918da0
RTL: _ZNK11AC_WPNav_OA21get_oa_wp_destinationER8Location @ 0x919290
RTL: _ZN11AC_WPNav_OA24set_wp_destination_NEU_mERK7Vector3IfEb @ 0x919400
RTL: _ZNK11AC_WPNav_OA33get_wp_distance_to_destination_cmEv @ 0x9194a0
RTL: _ZNK11AC_WPNav_OA32get_wp_distance_to_destination_mEv @ 0x919500
RTL: _ZNK11AC_WPNav_OA33get_wp_bearing_to_destination_radEv @ 0x919620
RTL: _ZNK11AC_WPNav_OA22reached_wp_destinationEv @ 0x9196e0
RTL: _ZN11AC_WPNav_OA12update_wpnavEv @ 0x919760
RTL: _ZN16AP_OAPathPlanner13get_singletonEv @ 0xb359c0
RTL: _ZN16AP_OAPathPlanner17mission_avoidanceERK8LocationS2_S2_S2_RS0_S3_S3_RbRNS_17OAPathPlannerUsedE @ 0x91a2e0
RTL: _ZN8AC_WPNav29set_wp_destination_next_NEU_mERK7Vector3IfEb @ 0x91a640
RTL: _ZN8AC_WPNav22set_wp_destination_locERK8Location @ 0x91aac0
RTL: _ZN8AC_WPNav27set_wp_destination_next_locERK8Location @ 0x91ab80
RTL: _ZNK8Location30get_vector_xy_from_origin_NE_mI7Vector2IfEEEbRT_ @ 0xb35a60
RTL: _ZN13AC_PosControl20update_NE_controllerEv @ 0x91b3c0
RTL: _ZN8AC_WPNav12update_wpnavEv @ 0x91ba30
RTL: _ZNK8AC_WPNav23get_default_speed_NE_msEv @ 0xb35af0
RTL: _ZNK13AC_PosControl8get_dt_sEv @ 0xb35c20
RTL: _ZN8AC_WPNav29advance_wp_target_along_trackEf @ 0x91bea0
RTL: _ZNK8AC_WPNav20get_terrain_margin_mEv @ 0xb35c70
RTL: _ZNK13AC_PosControl22pos_terrain_U_scaler_mEff @ 0x91c940
RTL: _ZN13AC_PosControl26set_pos_terrain_target_U_mEf @ 0xb35ce0
RTL: _ZNK13AC_PosControl20get_pos_offset_NEU_mEv @ 0xb35d50
RTL: _ZNK13AC_PosControl22get_pos_estimate_NEU_mEv @ 0xb35da0
RTL: _ZNK13AC_PosControl22get_vel_desired_NEU_msEv @ 0xb35df0
RTL: _ZNK13AC_PosControl19get_vel_offset_U_msEv @ 0xb35e40
RTL: _ZNK13AC_PosControl19get_pos_error_NEU_mEv @ 0xb35e90
RTL: _ZNK13AC_PosControl23get_vel_estimate_NEU_msEv @ 0xb35f50
RTL: _Z16update_vel_accelRfffff @ 0x91ca70
RTL: _ZNK8AC_WPNav23get_wp_acceleration_mssEv @ 0xb35fa0
RTL: _ZNK13AC_PosControl24get_shaping_jerk_NE_msssEv @ 0xb36050
RTL: _Z15shape_vel_accelfffRfffffb @ 0x91cbd0
RTL: _ZNK8AC_WPNav27get_corner_acceleration_mssEv @ 0xb360b0
RTL: _ZN6SCurve26advance_target_along_trackERS_S0_ffbfR7Vector3IfES3_S3_ @ 0x91cdd0
RTL: _ZL2sqf.12457 @ 0x91d420
RTL: _ZN13AC_PosControl23set_pos_vel_accel_NEU_mERK7Vector3IdERKS0_IfES6_ @ 0x91d470
RTL: _Z15kinematic_limit7Vector3IfEfff @ 0x91e300
RTL: _ZN6SCurve21move_to_pos_vel_accelEfR7Vector3IfES2_S2_ @ 0x91e680
RTL: _ZN6SCurve23move_from_pos_vel_accelEfR7Vector3IfES2_S2_ @ 0x91e870
RTL: _ZNK6SCurve8finishedEv @ 0x91ea50
RTL: _ZNK6SCurve18get_time_remainingEv @ 0x91eb00
RTL: _ZNK6SCurve16get_time_elapsedEv @ 0xb361c0
RTL: _ZNK6SCurve16time_decel_startEv @ 0x91eb80
RTL: _ZNK6SCurve14time_accel_endEv @ 0x91ec00
RTL: _ZNK6SCurve9get_trackEv @ 0xb36210
RTL: _ZN6SCurve28move_from_time_pos_vel_accelEfR7Vector3IfES2_S2_ @ 0x91ec80
RTL: _ZNK6SCurve21get_speed_along_trackEv @ 0xb36260
RTL: _ZL3MINIffEDTqultfp_fp0_fp_fp0_ERKT_RKT0_.19221 @ 0x91ee40
RTL: _ZNK6SCurve15get_accel_z_maxEv @ 0xb362b0
RTL: _ZNK6SCurve30get_jerk_accel_vel_pos_at_timeEfRfS0_S0_S0_ @ 0x91eed0
RTL: _ZNK6SCurve32calc_javp_for_segment_const_jerkEfffffRfS0_S0_S0_ @ 0x91f410
RTL: _ZNK6SCurve31calc_javp_for_segment_incr_jerkEffffffRfS0_S0_S0_ @ 0x91f5b0
RTL: _ZNK6SCurve31calc_javp_for_segment_decr_jerkEffffffRfS0_S0_S0_ @ 0x91f950
RTL: _ZL3MAXIffEDTqugtfp_fp0_fp_fp0_ERKT_RKT0_.19218 @ 0x91fe10
RTL: _ZNK6SCurve8time_endEv @ 0x91fe90
RTL: _ZN6SCurve12advance_timeEf @ 0x91ff10
RTL: _ZL2sqf.19219 @ 0x91ffa0
RTL: _Z15sqrt_controllerffff @ 0x91fff0
RTL: _Z11shape_accelfRfff @ 0x9202d0
RTL: _ZNK7AC_P_2D9get_errorEv @ 0xb36300
RTL: _ZNK7AC_P_1D9get_errorEv @ 0xb36350
RTL: _ZL3MAXI9AP_ParamTIfL11ap_var_type4EEfEDTqugtfp_fp0_fp_fp0_ERKT_RKT0_ @ 0x9203e0
RTL: _ZNK13AC_PosControl19get_max_speed_up_msEv @ 0xb363a0
RTL: _ZNK13AC_PosControl19get_max_accel_U_mssEv @ 0xb363f0
RTL: _ZN13AC_PosControl23set_max_speed_accel_U_mEfff @ 0x920470
RTL: _ZNK13AC_PosControl19get_max_speed_NE_msEv @ 0xb36440
RTL: _ZNK13AC_PosControl21get_max_speed_down_msEv @ 0xb36490
RTL: _ZNK8AC_WPNav15get_accel_U_mssEv @ 0xb364e0
RTL: _ZN6SCurve11add_segmentERhfNS_11SegmentTypeEffff @ 0x921ea0
RTL: _ZN6SCurve12add_segmentsEf @ 0x922030
RTL: _ZN6SCurve14calculate_pathEffffffRfS0_S0_S0_S0_ @ 0x922bc0
RTL: _ZN6SCurve17add_segments_jerkERhfff @ 0x924190
RTL: _ZN6SCurve22add_segment_const_jerkERhff @ 0x924260
RTL: _ZNK6SCurve5validEv @ 0x924580
RTL: _ZN6SCurve4initEv @ 0x924ab0
RTL: _ZN6SCurve21add_segment_incr_jerkERhff @ 0x924b80
RTL: _ZN6SCurve21add_segment_decr_jerkERhff @ 0x924f20
RTL: _ZN6AC_PID9filt_T_hzEv @ 0xb36540
RTL: _ZL3MINIffEDTqultfp_fp0_fp_fp0_ERKT_RKT0_.12234 @ 0x9253a0
RTL: _ZN6AC_PID9filt_E_hzEv @ 0xb36590
RTL: _ZN13AC_PosControl24set_max_speed_accel_NE_mEff @ 0x925430
RTL: _ZN13AC_PosControl31set_correction_speed_accel_NE_mEff @ 0x925630
RTL: _ZN7AC_P_2D10set_limitsEfff @ 0x9256b0
RTL: _ZNK18AC_AttitudeControl25get_ang_vel_roll_max_radsEv @ 0xb365e0
RTL: _ZNK18AC_AttitudeControl26get_ang_vel_pitch_max_radsEv @ 0xb36640
RTL: _ZNK18AC_AttitudeControl24get_accel_roll_max_radssEv @ 0xb366a0
RTL: _ZNK18AC_AttitudeControl25get_accel_pitch_max_radssEv @ 0xb36700
RTL: _ZN18AC_AttitudeControl18get_bf_feedforwardEv @ 0xb36760
RTL: _ZL9cd_to_radf.1210 @ 0x9258e0
RTL: _ZN13AC_PosControl19handle_ekf_NE_resetEv @ 0x925930
RTL: _ZN13AC_PosControl18init_NE_controllerEv @ 0x925b40
RTL: _ZNK7AP_AHRS16getControlLimitsERfS0_ @ 0x925f10
RTL: _ZN13AC_PosControl17update_offsets_NEEv @ 0x926040
RTL: _ZN7AC_P_2D10update_allER7Vector2IdERKS1_ @ 0x926340
RTL: _ZN9AC_PID_2D10update_allERK7Vector2IfES3_fS3_ @ 0x9264a0
RTL: _ZNK13AC_PosControl22get_lean_angle_max_radEv @ 0x9269e0
RTL: _Z22angle_rad_to_accel_mssf @ 0x926ab0
RTL: _Z14limit_accel_xyRK7Vector2IfERS0_f @ 0x926b10
RTL: _ZNK13AC_PosControl31accel_NE_mss_to_lean_angles_radEffRfS0_ @ 0x926d10
RTL: _ZN13AC_PosControl26calculate_yaw_and_rate_yawEv @ 0x926ea0
RTL: _ZNK18AC_AttitudeControl24get_att_target_euler_radEv @ 0xb367d0
RTL: _ZNK12AP_AHRS_View7cos_yawEv @ 0xb36820
RTL: _ZNK12AP_AHRS_View7sin_yawEv @ 0xb36870
RTL: _Z22accel_mss_to_angle_radf @ 0x9270c0
RTL: _ZN7Vector2IfE12limit_lengthEf @ 0xb368c0
RTL: _ZNK7Vector2IfE10normalizedEv @ 0xb36990
RTL: _ZNK18AC_AttitudeControl18lean_angle_max_radEv @ 0xb369f0
RTL: _ZNK9AC_PID_2D16get_filt_E_alphaEf @ 0x927170
RTL: _ZNK9AC_PID_2D16get_filt_D_alphaEf @ 0x9271f0
RTL: _ZN9AC_PID_2D8update_iEfRK7Vector2IfE @ 0x927270
RTL: _Z15sqrt_controllerRK7Vector2IfEfff @ 0x9273e0
RTL: _Z23update_pos_vel_accel_xyR7Vector2IdERS_IfERKS2_fS5_S5_S5_ @ 0x9274c0
RTL: _ZNK9AC_PID_2D9get_errorEv @ 0xb36a50
RTL: _Z22shape_pos_vel_accel_xyRK7Vector2IdERKS_IfES5_S2_S5_RS3_ffffb @ 0x927670
RTL: _Z18shape_vel_accel_xyRK7Vector2IfES2_S2_RS0_fffb @ 0x927900
RTL: _Z14shape_accel_xyRK7Vector2IfERS0_ff @ 0x927c60
RTL: _Z19update_vel_accel_xyR7Vector2IfERKS0_fS3_S3_ @ 0x927d70
RTL: _ZNK7NavEKF319getEkfControlLimitsERfS0_ @ 0x928000
RTL: _ZNK12NavEKF3_core19getEkfControlLimitsERfS0_ @ 0x928160
RTL: _ZN13AC_PosControl15init_offsets_NEEv @ 0x928760
RTL: _ZNK13AC_PosControl27lean_angles_to_accel_NE_mssERfS0_ @ 0x9288c0
RTL: _ZN9AC_PID_2D12reset_filterEv @ 0xb36aa0
RTL: _ZN9AC_PID_2D2ffEv @ 0xb36af0
RTL: _ZN9AC_PID_2D14set_integratorERK7Vector2IfE @ 0x928990
RTL: _ZN13AC_PosControl17init_ekf_NE_resetEv @ 0x928a20
RTL: _ZN12AP_AHRS_View24getLastPosNorthEastResetER7Vector2IfE @ 0xb36b40
RTL: _ZN7AP_AHRS24getLastPosNorthEastResetER7Vector2IfE @ 0x928a90
RTL: _ZN7NavEKF324getLastPosNorthEastResetER7Vector2IfE @ 0x928ce0
RTL: _ZNK13AC_PosControl32lean_angles_rad_to_accel_NEU_mssERK7Vector3IfE @ 0x928e30
RTL: _ZL3MAXIffEDTqugtfp_fp0_fp_fp0_ERKT_RKT0_.12242 @ 0x929010
RTL: _ZN13AC_PosControl24calculate_overspeed_gainEv @ 0x929090
RTL: _ZNK12AC_PID_Basic9get_errorEv @ 0xb36c10
RTL: _Z20update_pos_vel_accelRdRffffff @ 0x9291a0
RTL: _Z19shape_pos_vel_acceldffdfRfffffffb @ 0x929300
RTL: _ZN8AC_WPNav16get_vector_NEU_mERK8LocationR7Vector3IfERb @ 0x9295f0
RTL: _ZN6SCurve15calculate_trackERK7Vector3IfES3_fffffff @ 0x929740
RTL: _ZN6SCurve20set_kinematic_limitsERK7Vector3IfES3_fffff @ 0x929b30
RTL: _ZNK8AC_WPNav22reached_wp_destinationEv @ 0xb36d30
RTL: _ZNK8AC_WPNav33get_wp_bearing_to_destination_radEv @ 0x929d60
RTL: _Z15get_bearing_radRK7Vector2IfES2_ @ 0x929de0
RTL: _ZNK8AC_WPNav32get_wp_distance_to_destination_mEv @ 0x929ec0
RTL: _Z23get_horizontal_distanceIfEfRK7Vector2IT_ES4_ @ 0xb36d90
RTL: _ZN8AC_WPNav24set_wp_destination_NEU_mERK7Vector3IfEb @ 0x929f40
RTL: _ZNK8AC_WPNav9is_activeEv @ 0x92a380
RTL: _ZN13AC_PosControl32init_U_controller_stopping_pointEv @ 0x92a9a0
RTL: _ZN13AC_PosControl33init_NE_controller_stopping_pointEv @ 0x92aa40
RTL: _ZN13AC_PosControl30set_correction_speed_accel_U_mEfff @ 0x92abd0
RTL: _ZN7AC_P_1D10set_limitsEffff @ 0x92af30
RTL: _ZN13AC_PosControl17init_U_controllerEv @ 0x92b1d0
RTL: _ZN13AC_PosControl12init_terrainEv @ 0x92b440
RTL: _ZN13AC_PosControl14init_offsets_UEv @ 0x92b4b0
RTL: _ZN12AC_PID_Basic12reset_filterEv @ 0xb36e60
RTL: _ZN12AC_PID_Basic14set_integratorEf @ 0x92b570
RTL: _ZNK13AC_PosControl24get_measured_accel_U_mssEv @ 0xb36eb0
RTL: _ZN13AC_PosControl16init_ekf_U_resetEv @ 0x92b620
RTL: _ZN12AP_AHRS_View19getLastPosDownResetERf @ 0xb36f20
RTL: _ZN7AP_AHRS19getLastPosDownResetERf @ 0x92b690
RTL: _ZN7NavEKF319getLastPosDownResetERf @ 0x92b8d0
RTL: _ZNK12AP_AHRS_View12get_accel_efEv @ 0xb36ff0
RTL: _ZNK8AC_WPNav22get_wp_destination_locER8Location @ 0x92ba10
RTL: _ZNK8AC_WPNav24get_wp_destination_NEU_mEv @ 0xb37040
RTL: _ZN24AC_AttitudeControl_Multi17get_rate_roll_pidEv @ 0xb37720
RTL: _ZN24AC_AttitudeControl_Multi18get_rate_pitch_pidEv @ 0xb37770
RTL: _ZN24AC_AttitudeControl_Multi16get_rate_yaw_pidEv @ 0xb377c0
RTL: _ZNK24AC_AttitudeControl_Multi16get_rate_yaw_pidEv @ 0xb378b0
RTL: _ZN18AC_AttitudeControl47input_euler_angle_roll_pitch_euler_rate_yaw_radEfff @ 0x92d0e0
RTL: _ZN18AC_AttitudeControl37input_thrust_vector_rate_heading_radsERK7Vector3IfEfb @ 0x92ea10
RTL: _ZN24AC_AttitudeControl_Multi19rate_controller_runEv @ 0x92f3b0
RTL: _ZN24AC_AttitudeControl_Multi28rate_controller_target_resetEv @ 0x92f440
RTL: _ZN24AC_AttitudeControl_Multi22rate_controller_run_dtERK7Vector3IfEf @ 0x92f4d0
RTL: _ZN24AC_AttitudeControl_Multi29update_althold_lean_angle_maxEf @ 0x92f780
RTL: _ZN24AC_AttitudeControl_Multi16set_throttle_outEfbf @ 0x92f8c0
RTL: _ZNK18AC_AttitudeControl30get_althold_lean_angle_max_radEv @ 0x92f9f0
RTL: _ZN24AC_AttitudeControl_Multi21set_notch_sample_rateEf @ 0x92fd00
RTL: _ZNK24AC_AttitudeControl_Multi19is_throttle_mix_minEv @ 0xb37a60
RTL: _ZN24AC_AttitudeControl_Multi20set_throttle_mix_minEv @ 0xb37af0
RTL: _ZN24AC_AttitudeControl_Multi20set_throttle_mix_maxEf @ 0x92fda0
RTL: _ZN18AC_AttitudeControl16get_roll_trim_cdEv @ 0xb37da0
RTL: _ZL3MAXIffEDTqugtfp_fp0_fp_fp0_ERKT_RKT0_.12164 @ 0x92fe90
RTL: _ZN9AP_Motors26set_throttle_filter_cutoffEf @ 0xb37f00
RTL: _ZN24AC_AttitudeControl_Multi20get_throttle_boostedEf @ 0x92ff10
RTL: _ZN9AP_Motors12set_throttleEf @ 0xb37f70
RTL: _ZL3MAXIffEDTqugtfp_fp0_fp_fp0_ERKT_RKT0_.12079 @ 0x9300b0
RTL: _ZN24AC_AttitudeControl_Multi20get_throttle_avg_maxEf @ 0x930130
RTL: _ZN9AP_Motors20set_throttle_avg_maxEf @ 0xb37fd0
RTL: _ZNK12AP_AHRS_View9cos_pitchEv @ 0xb38050
RTL: _ZNK12AP_AHRS_View8cos_rollEv @ 0xb380a0
RTL: _ZNK20AP_MotorsMulticopter23get_throttle_thrust_maxEv @ 0xb380f0
RTL: _ZN24AC_AttitudeControl_Multi26update_throttle_gain_boostEv @ 0x930230
RTL: _ZN24AC_AttitudeControl_Multi23update_throttle_rpy_mixEv @ 0x9303b0
RTL: _ZN9AP_Motors8set_rollEf @ 0xb38140
RTL: _ZNK6AC_PID6get_ffEv @ 0x9305f0
RTL: _ZN9AP_Motors11set_roll_ffEf @ 0xb381a0
RTL: _ZN9AP_Motors9set_pitchEf @ 0xb38200
RTL: _ZN9AP_Motors12set_pitch_ffEf @ 0xb38260
RTL: _ZN9AP_Motors7set_yawEf @ 0xb382c0
RTL: _ZN9AP_Motors10set_yaw_ffEf @ 0xb38320
RTL: _ZL3MINIffEDTqultfp_fp0_fp_fp0_ERKT_RKT0_.12080 @ 0x930650
RTL: _ZNK9AP_Motors16get_throttle_outEv @ 0xb38380
RTL: _ZNK9AP_Motors22get_throttle_slew_rateEv @ 0xb383d0
RTL: _ZN18AC_AttitudeControl17set_PD_scale_multERK7Vector3IfE @ 0xb38420
RTL: _ZN18AC_AttitudeControl22set_angle_P_scale_multERK7Vector3IfE @ 0xb38490
RTL: _ZNK18AC_AttitudeControl21get_slew_yaw_max_radsEv @ 0x9306e0
RTL: _ZN18AC_AttitudeControl22update_attitude_targetEv @ 0x930730
RTL: _ZNK11QuaternionTIfE8to_eulerER7Vector3IfE @ 0xb38500
RTL: _ZNK18AC_AttitudeControl27attitude_from_thrust_vectorE7Vector3IfEf @ 0x930800
RTL: _ZN18AC_AttitudeControl19input_shaping_angleEfffff @ 0xb38580
RTL: _ZN18AC_AttitudeControl19input_shaping_angleEfffffff @ 0x930a50
RTL: _ZNK18AC_AttitudeControl13ang_vel_limitER7Vector3IfEfff @ 0x930bb0
RTL: _ZN18AC_AttitudeControl21ang_vel_to_euler_rateERK11QuaternionTIfERK7Vector3IfERS5_ @ 0x930db0
RTL: _ZN18AC_AttitudeControl28attitude_controller_run_quatEv @ 0x930f50
RTL: _ZN18AC_AttitudeControl36update_ang_vel_target_from_att_errorERK7Vector3IfE @ 0x9313f0
RTL: _ZNK18AC_AttitudeControl15get_latest_gyroEv @ 0x931800
RTL: _ZN18AC_AttitudeControl21input_shaping_ang_velEfffff @ 0x931870
RTL: _ZNK18AC_AttitudeControl21get_slew_yaw_max_degsEv @ 0x9319f0
RTL: _ZN18AC_AttitudeControl17euler_accel_limitERK11QuaternionTIfERK7Vector3IfE @ 0x931b50
RTL: _ZN18AC_AttitudeControl21euler_rate_to_ang_velERK11QuaternionTIfERK7Vector3IfERS5_ @ 0x931e70
RTL: _ZN18AC_AttitudeControl17get_roll_trim_radEv @ 0xb38630
RTL: _ZL9cd_to_radf @ 0x931fd0
RTL: _ZNK20AP_MotorsMulticopter13arming_checksEmPc @ 0x933020
RTL: _ZNK20AP_MotorsMulticopter18get_throttle_hoverEv @ 0xb38d60
RTL: _ZN15AP_MotorsMatrix24set_frame_class_and_typeEN9AP_Motors17motor_frame_classENS0_16motor_frame_typeE @ 0x933640
RTL: _ZN20AP_MotorsMulticopter6outputEv @ 0x933720
RTL: _ZN15AP_MotorsMatrix14get_motor_maskEv @ 0x933870
RTL: _ZN9AP_Motors8rc_writeEht @ 0x933940
RTL: _ZN20AP_MotorsMulticopter9Log_WriteEv @ 0x933a00
RTL: _ZN15AP_MotorsMatrix24output_armed_stabilizingEv @ 0x933b00
RTL: _ZN20AP_MotorsMulticopter22update_throttle_filterEv @ 0x934840
RTL: _ZN20AP_MotorsMulticopter21save_params_on_disarmEv @ 0x934a40
RTL: _ZN20AP_MotorsMulticopter30get_current_limit_max_throttleEv @ 0x934ed0
RTL: _ZN20AP_MotorsMulticopter21output_boost_throttleEv @ 0x935150
RTL: _ZN20AP_MotorsMulticopter11output_rpytEv @ 0x935230
RTL: _ZL3MAXIffEDTqugtfp_fp0_fp_fp0_ERKT_RKT0_.12661 @ 0x9367a0
RTL: _ZNK20Thrust_Linearization17get_battery_indexEv @ 0xb39160
RTL: _ZN15AP_MotorsMatrix16output_to_motorsEv @ 0x936c60
RTL: _ZNK20AP_MotorsMulticopter18motor_enabled_maskEh @ 0xb39220
RTL: _ZNK20AP_MotorsMulticopter31actuator_spin_up_to_ground_idleEv @ 0x936ee0
RTL: _ZN20AP_MotorsMulticopter22set_actuator_with_slewERff @ 0x936f70
RTL: _ZNK20Thrust_Linearization18thrust_to_actuatorEf @ 0x937130
RTL: _ZN20AP_MotorsMulticopter13output_to_pwmEf @ 0x937210
RTL: _ZNK20Thrust_Linearization35apply_thrust_curve_and_volt_scalingEf @ 0x937330
RTL: _ZNK20Thrust_Linearization12get_spin_minEv @ 0xb392d0
RTL: _ZNK9AP_Motors30motor_mask_to_srv_channel_maskEj @ 0x9374e0
RTL: _ZNK20Thrust_Linearization21get_compensation_gainEv @ 0x9375b0
RTL: _ZNK15AP_MotorsMatrix11boost_ratioEff @ 0x9376c0
RTL: _ZL3MINIffEDTqultfp_fp0_fp_fp0_ERKT_RKT0_.12687 @ 0x937750
RTL: _ZN15AP_MotorsMatrix22check_for_failed_motorEf @ 0x9377e0
RTL: _ZNK20Thrust_Linearization12get_lift_maxEv @ 0xb39380
RTL: _ZN20AP_MotorsMulticopter14get_motor_maskEv @ 0x937ab0
RTL: _ZN9AP_Motors23set_desired_spool_stateENS_17DesiredSpoolStateE @ 0x937b00
RTL: _ZN20Thrust_Linearization33update_lift_max_from_batt_voltageEv @ 0x937b80
RTL: _ZN20AP_MotorsMulticopter12output_logicEv @ 0x937f20
RTL: _ZN20AP_MotorsMulticopter22update_external_limitsEv @ 0x938910
RTL: _ZL3MAXIffEDTqugtfp_fp0_fp_fp0_ERKT_RKT0_.12752 @ 0x938ad0
RTL: _ZN9AP_Motors10has_optionENS_12MotorOptionsE @ 0xb39430
RTL: _ZNK9AP_ParamTIfL11ap_var_type4EEgeERKS1_ @ 0xb394b0
RTL: _ZL3MAXI9AP_ParamTIfL11ap_var_type4EEfEDTqugtfp_fp0_fp_fp0_ERKT_RKT0_.12812 @ 0x938b50
RTL: _ZNK9AP_Motors8get_dt_sEv @ 0xb39520
RTL: _ZNK9AP_Motors13arming_checksEmPc @ 0x938e70
RTL: _ZNK20AP_MotorsMulticopter20check_mot_pwm_paramsEv @ 0x938f30
RTL: _ZN15AP_MotorsMatrix19thrust_compensationEv @ 0x939f50
RTL: _ZNK7FunctorIvJPfhEEcvbEv @ 0xb39680
RTL: _ZN15AP_Baro_Backend17_copy_to_frontendEhff @ 0x942bf0
RTL: _ZN12AP_Baro_SITL6_timerEv @ 0x943e80
RTL: _ZN7FunctorIvJEE14method_wrapperI12AP_Baro_SITLXadL_ZNS2_6_timerEvEEEEvPv @ 0xb3b9a0
RTL: _ZN7VectorNIN12AP_Baro_SITL13readings_baroELh50EEixEh @ 0xb3ba50
RTL: _ZN12AP_Baro_SITL22temperature_adjustmentERfS0_ @ 0x944270
RTL: _ZN12AP_Baro_SITL24wind_pressure_correctionEh @ 0x944460
RTL: _ZL2sqf.2279 @ 0x944670
RTL: _ZN7AP_Baro22_get_air_density_ratioEv @ 0x9446c0
RTL: _ZL2sqf.2258 @ 0x944760
RTL: _ZN12AP_Baro_SITL6updateEv @ 0x944850
RTL: _ZN12AP_Baro_SITL19update_healthy_flagEh @ 0xb3bb60
RTL: _ZN12AP_Baro_SITL7healthyEh @ 0x944900
RTL: _ZNK22AP_BattMonitor_Backend17has_cell_voltagesEv @ 0xb3c270
RTL: _ZNK22AP_BattMonitor_Backend15has_temperatureEv @ 0xb3c2c0
RTL: _ZNK22AP_BattMonitor_Backend15get_temperatureERf @ 0x945110
RTL: _ZNK22AP_BattMonitor_Backend22capacity_remaining_pctERh @ 0x9451d0
RTL: _ZN22AP_BattMonitor_Backend26update_resistance_estimateEv @ 0x945350
RTL: _ZN22AP_BattMonitor_Backend16update_failsafesEv @ 0x9456a0
RTL: _ZNK22AP_BattMonitor_Backend25get_mavlink_fault_bitmaskEv @ 0xb3c370
RTL: _ZL3MINIifEDTqultfp_fp0_fp_fp0_ERKT_RKT0_.18692 @ 0x9459c0
RTL: _ZN21AP_BattMonitor_Analog4readEv @ 0x947660
RTL: _ZNK21AP_BattMonitor_Analog19has_consumed_energyEv @ 0xb3d060
RTL: _ZNK21AP_BattMonitor_Analog11has_currentEv @ 0x947860
RTL: _ZN9AP_Notify19set_flight_mode_strEPKc @ 0x94de70
RTL: _ZN6RGBLed6updateEv @ 0x953ac0
RTL: _ZN10IS31FL319510hw_set_rgbEhhh @ 0x953e50
RTL: _ZN6RGBLed8_set_rgbEhhh @ 0x953ef0
RTL: _ZNK6RGBLed10rgb_sourceEv @ 0x954000
RTL: _ZNK6RGBLed19get_colour_sequenceEv @ 0x954260
RTL: _ZNK6RGBLed14get_brightnessEv @ 0x954650
RTL: _ZN6RGBLed7set_rgbEhhh @ 0x954750
RTL: _ZN10IS31FL31956_timerEv @ 0x954810
RTL: _ZN7FunctorIvJEE14method_wrapperI10IS31FL3195XadL_ZNS2_6_timerEvEEEEvPv @ 0xb40710
RTL: _ZN6LP556210hw_set_rgbEhhh @ 0x954d00
RTL: _ZN6LP55626_timerEv @ 0x954da0
RTL: _ZN7FunctorIvJEE14method_wrapperI6LP5562XadL_ZNS2_6_timerEvEEEEvPv @ 0xb40a80
RTL: _ZN14ToshibaLED_I2C10hw_set_rgbEhhh @ 0x956b20
RTL: _ZN14ToshibaLED_I2C6_timerEv @ 0x956bd0
RTL: _ZN7FunctorIvJEE14method_wrapperI14ToshibaLED_I2CXadL_ZNS2_6_timerEvEEEEvPv @ 0xb41790
RTL: _ZN4Mode4exitEv @ 0xb41ca0
RTL: _ZNK4Mode13logs_attitudeEv @ 0xb41e90
RTL: _ZNK4Mode19crash_check_enabledEv @ 0xb42020
RTL: _ZNK4Mode23get_alt_above_ground_cmEv @ 0x9595e0
RTL: _ZN4Mode16output_to_motorsEv @ 0x9596d0
RTL: _ZN4Mode7AutoYaw8set_modeENS0_4ModeE @ 0x959ad0
RTL: _ZNK13AC_PosControl23get_pos_estimate_NEU_cmEv @ 0xb422e0
RTL: _ZNK4Mode21is_disarmed_or_landedEv @ 0x959d30
RTL: _ZNK6Copter38get_rangefinder_height_interpolated_cmERi @ 0x959e50
RTL: _ZNK18AP_SurfaceDistance38get_rangefinder_height_interpolated_cmERi @ 0x959ec0
RTL: _ZNK18AP_SurfaceDistance19enabled_and_healthyEv @ 0x959fc0
RTL: _ZN13AC_PosControl24set_max_speed_accel_U_cmEfff @ 0x95a030
RTL: _ZN13AC_PosControl31set_correction_speed_accel_U_cmEfff @ 0x95a0e0
RTL: _ZNK8AC_WPNav24get_wp_acceleration_cmssEv @ 0xb42410
RTL: _ZN13AC_PosControl25set_max_speed_accel_NE_cmEff @ 0x95a190
RTL: _ZN13AC_PosControl32set_correction_speed_accel_NE_cmEff @ 0x95a220
RTL: _ZNK8AC_WPNav18crosstrack_error_mEv @ 0xb42470
RTL: _ZNK13AC_PosControl18crosstrack_error_mEv @ 0x95a2b0
RTL: _ZL2sqf.12305 @ 0x95a400
RTL: _ZN6Copter14set_auto_armedEb @ 0x95bf60
RTL: _ZN4Mode25make_safe_ground_handlingEb @ 0x95c050
RTL: _ZN13AC_PosControl19update_U_controllerEv @ 0x95c3a0
RTL: _ZN13AC_PosControl18handle_ekf_U_resetEv @ 0x95c8b0
RTL: _ZN13AC_PosControl16update_offsets_UEv @ 0x95ca00
RTL: _ZN13AC_PosControl14update_terrainEv @ 0x95ccf0
RTL: _ZN7AC_P_1D10update_allERff @ 0x95cf10
RTL: _ZNK7AP_AHRS16getControlScaleZEv @ 0x95d070
RTL: _ZN12AC_PID_Basic10update_allEfffbb @ 0x95d0f0
RTL: _ZNK6AC_PID4imaxEv @ 0xb42630
RTL: _ZNK12AC_PID_Basic16get_filt_E_alphaEf @ 0x95d710
RTL: _ZNK12AC_PID_Basic16get_filt_D_alphaEf @ 0x95d790
RTL: _ZN12AC_PID_Basic8update_iEfbb @ 0x95d810
RTL: _ZN13AC_PosControl19input_vel_accel_U_mERffb @ 0x95d9e0
RTL: _ZN18AC_AttitudeControl38reset_rate_controller_I_terms_smoothlyEv @ 0x95dc00
RTL: _ZN18AC_AttitudeControl25reset_yaw_target_and_rateEb @ 0x95dcd0
RTL: _ZN13AC_PosControl28relax_velocity_controller_NEEv @ 0x95de10
RTL: _ZN13AC_PosControl18relax_U_controllerEf @ 0x95dee0
RTL: _ZN6AC_PID16relax_integratorEfff @ 0x95dfc0
RTL: _ZNK13AC_PosControl20get_max_accel_U_cmssEv @ 0xb42710
RTL: _ZNK12AP_Proximity19get_upward_distanceERf @ 0x95ea00
RTL: _ZNK4Mode7AutoYaw4modeEv @ 0xb42830
RTL: _ZNK13AC_PosControl23get_vel_desired_NEU_cmsEv @ 0xb428f0
RTL: _ZNK13AC_PosControl17get_thrust_vectorEv @ 0x95f630
RTL: _ZN4Mode7AutoYaw11get_headingEv @ 0x95f6a0
RTL: _ZN18AC_AttitudeControl27input_thrust_vector_headingERK7Vector3IfENS_14HeadingCommandE @ 0x95f870
RTL: _ZNK4Mode31get_pilot_desired_yaw_rate_radsEv @ 0x95f990
RTL: _ZN4Mode7AutoYaw18update_weathervaneEf @ 0x95fa80
RTL: _ZN4Mode7AutoYaw7yaw_radEv @ 0x95fca0
RTL: _ZN4Mode7AutoYaw9rate_radsEv @ 0x95fec0
RTL: _ZNK13AC_PosControl11get_yaw_radEv @ 0xb42a20
RTL: _ZN4Mode7AutoYaw19set_mode_to_defaultEb @ 0x960f70
RTL: _ZNK4Mode7AutoYaw12default_modeEb @ 0x960ff0
RTL: _ZNK15AC_CommandModel8get_rateEv @ 0xb42b30
RTL: _ZL7radiansf.1204 @ 0x9611a0
RTL: _ZNK15AC_CommandModel8get_expoEv @ 0xb42b90
RTL: _Z10input_expoff @ 0x9611f0
RTL: _ZNK13AC_PosControl24get_accel_target_NEU_mssEv @ 0xb42bf0
RTL: _ZNK13AC_PosControl21get_pos_desired_NEU_mEv @ 0xb42c40
RTL: _ZN13AC_PosControl21input_vel_accel_NE_cmER7Vector2IfERKS1_b @ 0x961930
RTL: _ZN13AC_PosControl20input_vel_accel_NE_mER7Vector2IfERKS1_b @ 0x961af0
RTL: _ZNK13AC_PosControl20get_max_accel_NE_mssEv @ 0xb436e0
RTL: _ZN6Copter27failsafe_terrain_set_statusEb @ 0x967680
RTL: _ZNK8AC_WPNav24get_default_speed_NE_cmsEv @ 0xb438b0
RTL: _ZNK4Mode16has_user_takeoffEb @ 0xb43a60
RTL: _ZNK4Mode13is_taking_offEv @ 0x968690
RTL: _ZNK4Mode20allows_weathervaningEv @ 0xb43f10
RTL: _ZN7FunctorIvJEE14method_wrapperI17AP_InertialSensorXadL_ZNS2_6updateEvEEEEvPv @ 0xb44240
RTL: _ZN7FunctorIvJEE14method_wrapperI6CopterXadL_ZNS2_24run_rate_controller_mainEvEEEEvPv @ 0xb442f0
RTL: _ZN7FunctorIvJEE14method_wrapperI6CopterXadL_ZNS2_21run_custom_controllerEvEEEEvPv @ 0xb443a0
RTL: _ZN7FunctorIvJEE14method_wrapperI6CopterXadL_ZNS2_18motors_output_mainEvEEEEvPv @ 0xb44450
RTL: _ZN7FunctorIvJEE14method_wrapperI6CopterXadL_ZNS2_9read_AHRSEvEEEEvPv @ 0xb44500
RTL: _ZN7FunctorIvJEE14method_wrapperI6CopterXadL_ZNS2_12read_inertiaEvEEEEvPv @ 0xb445b0
RTL: _ZN7FunctorIvJEE14method_wrapperI6CopterXadL_ZNS2_15check_ekf_resetEvEEEEvPv @ 0xb44660
RTL: _ZN7FunctorIvJEE14method_wrapperI6CopterXadL_ZNS2_18update_flight_modeEvEEEEvPv @ 0xb44710
RTL: _ZN7FunctorIvJEE14method_wrapperI6CopterXadL_ZNS2_20update_home_from_EKFEvEEEEvPv @ 0xb447c0
RTL: _ZN7FunctorIvJEE14method_wrapperI6CopterXadL_ZNS2_31update_land_and_crash_detectorsEvEEEEvPv @ 0xb44870
RTL: _ZN7FunctorIvJEE14method_wrapperI6CopterXadL_ZNS2_33update_rangefinder_terrain_offsetEvEEEEvPv @ 0xb44920
RTL: _ZN7FunctorIvJEE14method_wrapperI8AP_MountXadL_ZNS2_11update_fastEvEEEEvPv @ 0xb449d0
RTL: _ZN7FunctorIvJEE14method_wrapperI6CopterXadL_ZNS2_23Log_Video_StabilisationEvEEEEvPv @ 0xb44a80
RTL: _ZN7FunctorIvJEE14method_wrapperI6CopterXadL_ZNS2_7rc_loopEvEEEEvPv @ 0xb44b30
RTL: _ZN7FunctorIvJEE14method_wrapperI6CopterXadL_ZNS2_13throttle_loopEvEEEEvPv @ 0xb44be0
RTL: _ZN7FunctorIvJEE14method_wrapperI6CopterXadL_ZNS2_11fence_checkEvEEEEvPv @ 0xb44c90
RTL: _ZN7FunctorIvJEE14method_wrapperI6AP_GPSXadL_ZNS2_6updateEvEEEEvPv @ 0xb44d40
RTL: _ZN7FunctorIvJEE14method_wrapperI14AP_OpticalFlowXadL_ZNS2_6updateEvEEEEvPv @ 0xb44df0
RTL: _ZN7FunctorIvJEE14method_wrapperI6CopterXadL_ZNS2_19update_batt_compassEvEEEEvPv @ 0xb44ea0
RTL: _ZN7FunctorIvJEE14method_wrapperI11RC_ChannelsXadL_ZNS2_12read_aux_allEvEEEEvPv @ 0xb44f50
RTL: _ZN7FunctorIvJEE14method_wrapperI6CopterXadL_ZNS2_17auto_disarm_checkEvEEEEvPv @ 0xb45000
RTL: _ZN7FunctorIvJEE14method_wrapperI18RC_Channels_CopterXadL_ZNS2_13auto_trim_runEvEEEEvPv @ 0xb450b0
RTL: _ZN7FunctorIvJEE14method_wrapperI6CopterXadL_ZNS2_16read_rangefinderEvEEEEvPv @ 0xb45160
RTL: _ZN7FunctorIvJEE14method_wrapperI12AP_ProximityXadL_ZNS2_6updateEvEEEEvPv @ 0xb45210
RTL: _ZN7FunctorIvJEE14method_wrapperI9AP_BeaconXadL_ZNS2_6updateEvEEEEvPv @ 0xb452c0
RTL: _ZN7FunctorIvJEE14method_wrapperI6CopterXadL_ZNS2_15update_altitudeEvEEEEvPv @ 0xb45370
RTL: _ZN7FunctorIvJEE14method_wrapperI6CopterXadL_ZNS2_15run_nav_updatesEvEEEEvPv @ 0xb45420
RTL: _ZN7FunctorIvJEE14method_wrapperI6CopterXadL_ZNS2_21update_throttle_hoverEvEEEEvPv @ 0xb454d0
RTL: _ZN7FunctorIvJEE14method_wrapperI12ModeSmartRTLXadL_ZNS2_13save_positionEvEEEEvPv @ 0xb45580
RTL: _ZN7FunctorIvJEE14method_wrapperI10AC_SprayerXadL_ZNS2_6updateEvEEEEvPv @ 0xb45630
RTL: _ZN7FunctorIvJEE14method_wrapperI6CopterXadL_ZNS2_13three_hz_loopEvEEEEvPv @ 0xb456e0
RTL: _ZN7FunctorIvJEE14method_wrapperI19AP_ServoRelayEventsXadL_ZNS2_13update_eventsEvEEEEvPv @ 0xb45790
RTL: _ZN7FunctorIvJEE14method_wrapperI6CopterXadL_ZNS2_15update_preclandEvEEEEvPv @ 0xb45840
RTL: _ZN7FunctorIvJEE14method_wrapperI6CopterXadL_ZNS2_17loop_rate_loggingEvEEEEvPv @ 0xb458f0
RTL: _ZN7FunctorIvJEE14method_wrapperI6CopterXadL_ZNS2_11one_hz_loopEvEEEEvPv @ 0xb459a0
RTL: _ZN7FunctorIvJEE14method_wrapperI6CopterXadL_ZNS2_9ekf_checkEvEEEEvPv @ 0xb45a50
RTL: _ZN7FunctorIvJEE14method_wrapperI6CopterXadL_ZNS2_15check_vibrationEvEEEEvPv @ 0xb45b00
RTL: _ZN7FunctorIvJEE14method_wrapperI6CopterXadL_ZNS2_15gpsglitch_checkEvEEEEvPv @ 0xb45bb0
RTL: _ZN7FunctorIvJEE14method_wrapperI6CopterXadL_ZNS2_13takeoff_checkEvEEEEvPv @ 0xb45c60
RTL: _ZN7FunctorIvJEE14method_wrapperI6CopterXadL_ZNS2_18landinggear_updateEvEEEEvPv @ 0xb45d10
RTL: _ZN7FunctorIvJEE14method_wrapperI6CopterXadL_ZNS2_14standby_updateEvEEEEvPv @ 0xb45dc0
RTL: _ZN7FunctorIvJEE14method_wrapperI6CopterXadL_ZNS2_18lost_vehicle_checkEvEEEEvPv @ 0xb45e70
RTL: _ZN7FunctorIvJEE14method_wrapperI3GCSXadL_ZNS2_14update_receiveEvEEEEvPv @ 0xb45f20
RTL: _ZN7FunctorIvJEE14method_wrapperI3GCSXadL_ZNS2_11update_sendEvEEEEvPv @ 0xb45fd0
RTL: _ZN7FunctorIvJEE14method_wrapperI8AP_MountXadL_ZNS2_6updateEvEEEEvPv @ 0xb46080
RTL: _ZN7FunctorIvJEE14method_wrapperI9AP_CameraXadL_ZNS2_6updateEvEEEEvPv @ 0xb46130
RTL: _ZN7FunctorIvJEE14method_wrapperI6CopterXadL_ZNS2_19ten_hz_logging_loopEvEEEEvPv @ 0xb461e0
RTL: _ZN7FunctorIvJEE14method_wrapperI6CopterXadL_ZNS2_21twentyfive_hz_loggingEvEEEEvPv @ 0xb46290
RTL: _ZN7FunctorIvJEE14method_wrapperI9AP_LoggerXadL_ZNS2_14periodic_tasksEvEEEEvPv @ 0xb46340
RTL: _ZN7FunctorIvJEE14method_wrapperI17AP_InertialSensorXadL_ZNS2_8periodicEvEEEEvPv @ 0xb463f0
RTL: _ZN7FunctorIvJEE14method_wrapperI12AP_SchedulerXadL_ZNS2_14update_loggingEvEEEEvPv @ 0xb464a0
RTL: _ZN7FunctorIvJEE14method_wrapperI18AP_TempCalibrationXadL_ZNS2_6updateEvEEEEvPv @ 0xb46550
RTL: _ZN7FunctorIvJEE14method_wrapperI6CopterXadL_ZNS2_21avoidance_adsb_updateEvEEEEvPv @ 0xb46600
RTL: _ZN7FunctorIvJEE14method_wrapperI6CopterXadL_ZNS2_14terrain_updateEvEEEEvPv @ 0xb466b0
RTL: _ZN7FunctorIvJEE14method_wrapperI8AP_WinchXadL_ZNS2_6updateEvEEEEvPv @ 0xb46760
RTL: _ZN7FunctorIvJEE14method_wrapperI9AP_ButtonXadL_ZNS2_6updateEvEEEEvPv @ 0xb46810
RTL: _ZN7FunctorIvJEE14method_wrapperI6CopterXadL_ZNS2_43update_dynamic_notch_at_specified_rate_mainEvEEEEvPv @ 0xb468c0
RTL: _ZN6Copter43update_dynamic_notch_at_specified_rate_mainEv @ 0x96ae30
RTL: _ZN10AP_Vehicle38update_dynamic_notch_at_specified_rateEv @ 0x96aea0
RTL: _ZN10AP_Vehicle20update_dynamic_notchERN17AP_InertialSensor13HarmonicNotchE @ 0x96aff0
RTL: _ZN9AP_Button6updateEv @ 0x96c0d0
RTL: _ZN8AP_Winch6updateEv @ 0x96cd50
RTL: _ZNK8AP_Winch7enabledEv @ 0x96cdd0
RTL: _ZN6Copter14terrain_updateEv @ 0x96ce50
RTL: _ZN10AP_Terrain6updateEv @ 0x96cef0
RTL: _ZN11RangeFinder28set_estimated_terrain_heightEf @ 0xb46d80
RTL: _ZN10AP_Terrain16schedule_disk_ioEv @ 0x96d0c0
RTL: _ZN10AP_Terrain19update_mission_dataEv @ 0x96d310
RTL: _ZN10AP_Terrain17update_rally_dataEv @ 0x96d620
RTL: _ZN10AP_Terrain24update_surrounding_tilesERK8Location @ 0x96d7f0
RTL: _ZNK8AP_Rally19last_change_time_msEv @ 0xb46df0
RTL: _ZNK10AP_Mission19last_change_time_msEv @ 0xb46e40
RTL: _ZN10AP_Terrain15check_disk_readEv @ 0x96d970
RTL: _ZN10AP_Terrain16check_disk_writeEv @ 0x96da50
RTL: _ZN10AP_Terrain8io_timerEv @ 0x96ddb0
RTL: _ZN7FunctorIvJEE14method_wrapperI10AP_TerrainXadL_ZNS2_8io_timerEvEEEEvPv @ 0xb46ef0
RTL: _ZN6Copter21avoidance_adsb_updateEv @ 0x96e8d0
RTL: _ZN7AP_ADSB6updateEv @ 0x96e940
RTL: _ZN12AP_Avoidance6updateEv @ 0x96eb20
RTL: _ZN12AP_Avoidance13check_startupEv @ 0x96ebe0
RTL: _ZN7AP_ADSB3LocC2Ev @ 0xb47180
RTL: _ZNK7AP_AHRS19get_vert_pos_rate_DERf @ 0x970420
RTL: _ZN7AP_ADSB6updateERKNS_3LocE @ 0x970550
RTL: _ZNK7NavEKF320getPosDownDerivativeEv @ 0x970c10
RTL: _ZNK12NavEKF3_core20getPosDownDerivativeEv @ 0x970e60
RTL: _ZN18AP_TempCalibration6updateEv @ 0x970f20
RTL: _ZN12AP_Scheduler14update_loggingEv @ 0x971af0
RTL: _ZN12AP_Scheduler11debug_flagsEv @ 0xb471f0
RTL: _ZN12AP_Scheduler21Log_Write_PerformanceEv @ 0x971d60
RTL: _ZN2AP8PerfInfo13has_task_infoEv @ 0xb47250
RTL: _ZNK2AP8PerfInfo20get_num_long_runningEv @ 0x971f70
RTL: _ZNK2AP8PerfInfo13get_num_loopsEv @ 0x971fc0
RTL: _ZNK2AP8PerfInfo12get_max_timeEv @ 0x972010
RTL: _ZN12AP_Scheduler12load_averageEv @ 0x972060
RTL: _ZNK16AP_InternalError5countEv @ 0xb472b0
RTL: _ZN17AP_InertialSensor8periodicEv @ 0x9722a0
RTL: _ZN17AP_InertialSensor12BatchSampler8periodicEv @ 0x972300
RTL: _ZN9AP_Logger14periodic_tasksEv @ 0x972920
RTL: _ZN6Copter21twentyfive_hz_loggingEv @ 0x9729c0
RTL: _ZN6Copter17Log_Write_EKF_POSEv @ 0x972aa0
RTL: _ZNK17AP_InertialSensor9Write_IMUEv @ 0x972af0
RTL: _ZN10AP_GyroFFT18write_log_messagesEv @ 0x972bb0
RTL: _ZL3MAXIhhEDTqugtfp_fp0_fp_fp0_ERKT_RKT0_ @ 0x973230
RTL: _ZNK17AP_InertialSensor18Write_IMU_instanceEmh @ 0x9732b0
RTL: _ZNK17AP_InertialSensor16get_gyro_rate_hzEh @ 0xb47470
RTL: _ZNK17AP_InertialSensor17get_accel_rate_hzEh @ 0xb474f0
RTL: _ZN7AP_AHRS9Log_WriteEv @ 0x973440
RTL: _ZN7NavEKF29Log_WriteEv @ 0x9734d0
RTL: _ZN7NavEKF39Log_WriteEv @ 0x9735e0
RTL: _ZNK7AP_AHRS11Write_AHRS2Ev @ 0x9736f0
RTL: _ZNK7AP_AHRS9Write_POSEv @ 0x9738d0
RTL: _ZN4SITL3SIM18Log_Write_SIMSTATEEv @ 0x973a30
RTL: _ZNK7AP_AHRS22get_secondary_attitudeER7Vector3IfE @ 0xb47570
RTL: _ZNK7AP_AHRS22get_secondary_positionER8Location @ 0xb475f0
RTL: _ZNK7AP_AHRS24get_secondary_quaternionER11QuaternionTIfE @ 0xb47670
RTL: _ZL7degreesf.1917 @ 0x973bc0
RTL: _ZN12NavEKF3_core9Log_WriteEm @ 0x973c10
RTL: _ZNK7AP_EnumIN7NavEKF38LogLevelEEcvKS1_Ev @ 0xb476f0
RTL: _ZNK12NavEKF3_core14Log_Write_XKF4Em @ 0x973d60
RTL: _ZN12NavEKF3_core13Log_Write_GSFEm @ 0x9740b0
RTL: _ZNK12NavEKF3_core14Log_Write_XKF1Em @ 0x974160
RTL: _ZNK12NavEKF3_core14Log_Write_XKF2Em @ 0x974430
RTL: _ZNK12NavEKF3_core14Log_Write_XKF3Em @ 0x9746d0
RTL: _ZNK12NavEKF3_core14Log_Write_XKF5Em @ 0x974930
RTL: _ZNK12NavEKF3_core14Log_Write_XKFSEm @ 0x974b90
RTL: _ZNK12NavEKF3_core20Log_Write_QuaternionEm @ 0x974ca0
RTL: _ZN12NavEKF3_core16Log_Write_BeaconEm @ 0x974d80
RTL: _ZN12NavEKF3_core18Log_Write_BodyOdomEm @ 0x975070
RTL: _ZN12NavEKF3_core25Log_Write_State_VariancesEm @ 0x9751e0
RTL: _ZN12NavEKF3_core16Log_Write_TimingEm @ 0x975500
RTL: _ZNK6AP_DAL12logging_coreEh @ 0x975660
RTL: _ZL3MAXIjjEDTqugtfp_fp0_fp_fp0_ERKT_RKT0_ @ 0x9756b0
RTL: _ZNK16AP_NavEKF_Source21getPosVelYawSourceSetEv @ 0xb47740
RTL: _ZL3MAXIddEDTqugtfp_fp0_fp_fp0_ERKT_RKT0_.4677 @ 0x975730
RTL: _ZL3MINIdiEDTqultfp_fp0_fp_fp0_ERKT_RKT0_.4678 @ 0x9757b0
RTL: _ZNK12NavEKF3_core14getInnovationsER7Vector3IfES2_S2_RfS3_ @ 0x975850
RTL: _ZL7degreesf.4675 @ 0x975a50
RTL: _ZNK12NavEKF3_core26getSynthAirDataInnovationsER7Vector2IfERf @ 0x975aa0
RTL: _ZN10EKFGSF_yaw9Log_WriteEm11LogMessagesS0_h @ 0x975b70
RTL: _ZL7degreesf.19457 @ 0x975ef0
RTL: _ZL3MAXIffEDTqugtfp_fp0_fp_fp0_ERKT_RKT0_.19458 @ 0x975f40
RTL: _ZL3MAXIdfEDTqugtfp_fp0_fp_fp0_ERKT_RKT0_.4676 @ 0x975fc0
RTL: _ZN6Copter19ten_hz_logging_loopEv @ 0x977af0
RTL: _ZNK7AP_AHRS14Write_AttitudeERK7Vector3IfE @ 0x977ea0
RTL: _ZN6Copter18Log_Write_AttitudeEv @ 0x977fb0
RTL: _ZN6Copter14Log_Write_RateEv @ 0x978010
RTL: _ZN6Copter14Log_Write_PIDSEv @ 0x978070
RTL: _ZN9AP_Logger10Write_RCINEv @ 0x978290
RTL: _ZN9AP_Logger11Write_RCOUTEv @ 0x978530
RTL: _ZN13AC_PosControl9write_logEv @ 0x978ae0
RTL: _ZNK17AP_InertialSensor15Write_VibrationEv @ 0x978f60
RTL: _ZN12AP_Proximity3logEv @ 0x979080
RTL: _ZN9AP_Beacon3logEv @ 0x9793b0
RTL: _ZN8AP_Winch9write_logEv @ 0x9794f0
RTL: _ZN8AP_Mount9write_logEv @ 0x979570
RTL: _ZNK12AP_Proximity12distance_maxEv @ 0x9796a0
RTL: _ZNK17AP_InertialSensor20get_accel_clip_countEh @ 0x979bf0
RTL: _ZN13AC_PosControl10Write_PSCNEfffffffff @ 0x979c90
RTL: _ZN13AC_PosControl10Write_PSCEEfffffffff @ 0x979d90
RTL: _ZNK7Vector2IdE7is_zeroEv @ 0xb477e0
RTL: _ZN13AC_PosControl10Write_PSCDEfffffffff @ 0x97a010
RTL: _ZN13AC_PosControl10Write_PSCxE11LogMessagesfffffffff @ 0x97a3a0
RTL: _ZN11RC_Channels12get_radio_inEPth @ 0x97a5e0
RTL: _ZNK11RC_Channels17get_override_maskEv @ 0x97a6d0
RTL: _ZL3MINIhiEDTqultfp_fp0_fp_fp0_ERKT_RKT0_.6934 @ 0x97a790
RTL: _ZN9AP_Logger9Write_PIDEhRK10AP_PIDInfo @ 0x97a810
RTL: _ZN13AC_PosControl14get_vel_NE_pidEv @ 0xb478d0
RTL: _ZNK9AC_PID_2D14get_pid_info_xEv @ 0xb47920
RTL: _ZNK9AC_PID_2D14get_pid_info_yEv @ 0xb47970
RTL: _ZNK18AC_AttitudeControl10Write_RateERK13AC_PosControl @ 0x97a9a0
RTL: _ZNK18AC_AttitudeControl15rate_bf_targetsEv @ 0xb479c0
RTL: _ZNK13AC_PosControl25get_accel_target_NEU_cmssEv @ 0xb47a50
RTL: _ZNK18AC_AttitudeControl22get_last_angle_P_scaleEv @ 0xb47ae0
RTL: _ZNK18AC_AttitudeControl9Write_ANGEv @ 0x97add0
RTL: _ZNK12AP_Scheduler22get_loop_start_time_usEv @ 0xb47b30
RTL: _ZL7degreesf.12066 @ 0x97af00
RTL: _ZNK12AP_Scheduler20get_last_loop_time_sEv @ 0xb47b80
RTL: _ZN9AP_Camera6updateEv @ 0x97af50
RTL: _ZN8AP_Mount6updateEv @ 0x97b010
RTL: _ZN6Copter18lost_vehicle_checkEv @ 0x97b0c0
RTL: _ZN6Copter14standby_updateEv @ 0x97b230
RTL: _ZN6Copter18landinggear_updateEv @ 0x97b380
RTL: _ZN6Copter13takeoff_checkEv @ 0x97b920
RTL: _ZN9AP_Motors17set_spoolup_blockEb @ 0xb47bd0
RTL: _ZN6Copter15gpsglitch_checkEv @ 0x97beb0
RTL: _ZN6Copter15check_vibrationEv @ 0x97bfd0
RTL: _ZNK7AP_AHRS15get_innovationsER7Vector3IfES2_S2_RfS3_ @ 0x97c2f0
RTL: _ZNK7AP_AHRS21is_vibration_affectedEv @ 0x97c460
RTL: _ZNK7NavEKF319isVibrationAffectedEv @ 0x97c530
RTL: _ZNK12NavEKF3_core19isVibrationAffectedEv @ 0xb47c90
RTL: _ZNK7NavEKF314getInnovationsER7Vector3IfES2_S2_RfS3_ @ 0x97c6b0
RTL: _ZN6Copter9ekf_checkEv @ 0x97c860
RTL: _ZN6Copter18ekf_over_thresholdEv @ 0x97cc10
RTL: _ZN6Copter11one_hz_loopEv @ 0x97d1a0
RTL: _ZNK6Copter8ap_valueEv @ 0x97d440
RTL: _ZN6Copter14Log_Write_DataE9LogDataIDj @ 0x97d4f0
RTL: _ZN6Copter15terrain_loggingEv @ 0x97d5b0
RTL: _ZN7AP_ADSB13set_is_flyingEb @ 0xb47cf0
RTL: _ZN16AC_CustomControl21set_notch_sample_rateEf @ 0x97d630
RTL: _ZNK6Copter18get_fast_rate_typeEv @ 0xb47d50
RTL: _ZN6Copter13motors_outputEb @ 0x97e6d0
RTL: _ZNK17AP_InertialSensor24write_notch_log_messagesEv @ 0x97ed40
RTL: _ZN12SRV_Channels8calc_pwmEv @ 0x97f1e0
RTL: _ZN12SRV_Channels13output_ch_allEv @ 0x97f400
RTL: _ZN9AP_Motors13set_interlockEb @ 0xb482b0
RTL: _ZN7Compass11set_voltageEf @ 0xb48310
RTL: _ZN16Compass_PerMotor11set_voltageEf @ 0xb483e0
RTL: _ZN9AP_Motors8set_dt_sEf @ 0xb48880
RTL: _ZN10AP_Terrain16log_terrain_dataEv @ 0x980150
RTL: _ZN6Copter17loop_rate_loggingEv @ 0x980300
RTL: _ZN6Copter15update_preclandEv @ 0x980410
RTL: _ZNK6Copter18rangefinder_alt_okEv @ 0x9804a0
RTL: _ZN11AC_PrecLand6updateEfb @ 0x980500
RTL: _ZNK11AC_PrecLand7enabledEv @ 0xb48a20
RTL: _ZN6Copter13three_hz_loopEv @ 0x982a20
RTL: _ZN6Copter18failsafe_gcs_checkEv @ 0x982aa0
RTL: _ZN6Copter22failsafe_terrain_checkEv @ 0x982c60
RTL: _ZN6Copter25failsafe_deadreckon_checkEv @ 0x982d70
RTL: _ZN6Copter6tuningEv @ 0x983080
RTL: _ZN6Copter17low_alt_avoidanceEv @ 0x9831d0
RTL: _ZN8AC_Avoid30proximity_alt_avoidance_enableEb @ 0xb490a0
RTL: _ZN6Copter6tuningEPK10RC_Channelaff @ 0x9832b0
RTL: _ZN10AC_Sprayer6updateEv @ 0x984290
RTL: _ZN12ModeSmartRTL13save_positionEv @ 0x9846e0
RTL: _ZN11AP_SmartRTL6updateEbb @ 0x9847c0
RTL: _ZN11AP_SmartRTL6updateEbRK7Vector3IfE @ 0x9848c0
RTL: _ZN6Copter21update_throttle_hoverEv @ 0x9849f0
RTL: _ZNK7AP_AHRS14get_velocity_DERfb @ 0x984c60
RTL: _ZL7radiansi @ 0x984d20
RTL: _ZN20AP_MotorsMulticopter21update_throttle_hoverEf @ 0x984d80
RTL: _ZN10AP_GyroFFT17update_freq_hoverEff @ 0x984eb0
RTL: _ZN6Copter15run_nav_updatesEv @ 0x9852e0
RTL: _ZN6Copter15update_altitudeEv @ 0x985330
RTL: _ZN6Copter14read_barometerEv @ 0x9853e0
RTL: _ZN6Copter24Log_Write_Control_TuningEv @ 0x985470
RTL: _ZNK9AP_Logger9quiet_nanEv @ 0xb49880
RTL: _ZNK13AC_PosControl19get_pos_target_U_cmEv @ 0xb498e0
RTL: _ZNK13AC_PosControl20get_vel_target_U_cmsEv @ 0xb49940
RTL: _ZNK6Copter15SurfaceTracking27get_target_dist_for_loggingERf @ 0x985720
RTL: _ZNK18AC_AttitudeControl11angle_boostEv @ 0xb499a0
RTL: _ZNK6Copter15SurfaceTracking20get_dist_for_loggingEv @ 0x985820
RTL: _ZNK13AC_PosControl24get_vel_estimate_NEU_cmsEv @ 0xb499f0
RTL: _ZNK13AC_PosControl19get_vel_target_U_msEv @ 0xb49a80
RTL: _ZNK13AC_PosControl18get_pos_target_U_mEv @ 0xb49ad0
RTL: _ZN9AP_Beacon6updateEv @ 0x9858a0
RTL: _ZN12AP_Proximity6updateEv @ 0x985fb0
RTL: _ZNK12AP_Proximity15get_filter_freqEv @ 0xb49b30
RTL: _ZN24AP_Proximity_Boundary_3D15set_filter_freqEf @ 0xb49b90
RTL: _ZN24AP_Proximity_Boundary_3D18check_face_timeoutEv @ 0x986080
RTL: _ZN6Copter16read_rangefinderEv @ 0x9861e0
RTL: _ZN11RangeFinder6updateEv @ 0x986310
RTL: _ZN18AP_SurfaceDistance6updateEv @ 0x986430
RTL: _ZN18AP_SurfaceDistance10data_staleEv @ 0x986820
RTL: _ZN12AP_Proximity19set_rangefinder_altEbbf @ 0x9868b0
RTL: _ZL3MAXIffEDTqugtfp_fp0_fp_fp0_ERKT_RKT0_.13176 @ 0x986960
RTL: _ZNK18AP_SurfaceDistance9Log_WriteEv @ 0x986b60
RTL: _ZNK11RangeFinder8Log_RFNDEv @ 0x986c80
RTL: _ZN18RC_Channels_Copter13auto_trim_runEv @ 0x986dc0
RTL: _ZN6Copter17auto_disarm_checkEv @ 0x9870e0
RTL: _ZN11RC_Channels12read_aux_allEv @ 0x987360
RTL: _ZN10RC_Channel8read_auxEv @ 0x987450
RTL: _ZN6Copter19update_batt_compassEv @ 0x9879e0
RTL: _ZN14AP_BattMonitor4readEv @ 0x987ac0
RTL: _ZN7Compass12set_throttleEf @ 0xb49c50
RTL: _ZN9AP_Logger11Write_PowerEv @ 0x987cf0
RTL: _ZNK22AP_BattMonitor_Backend13Log_Write_BATEhm @ 0x987d40
RTL: _ZNK22AP_BattMonitor_Backend13Log_Write_BCLEhm @ 0x987fe0
RTL: _ZN14AP_BattMonitor15check_failsafesEv @ 0x9881e0
RTL: _ZN14AP_BattMonitor16checkPoweringOffEv @ 0x9884f0
RTL: _ZNK22AP_BattMonitor_Backend23get_state_of_health_pctERh @ 0x988650
RTL: _ZN14AP_OpticalFlow6updateEv @ 0x9886e0
RTL: _ZN6AP_GPS6updateEv @ 0x989c90
RTL: _ZN6AP_GPS15update_instanceEh @ 0x989e10
RTL: _ZN6AP_GPS14update_primaryEv @ 0x98a5b0
RTL: _ZN14AP_GPS_Blended19zero_health_counterEv @ 0xb49d50
RTL: _ZN6AP_GPS9Write_GPSEh @ 0x98bd80
RTL: _ZL3MINIfiEDTqultfp_fp0_fp_fp0_ERKT_RKT0_.3064 @ 0x98c1c0
RTL: _ZNK6AP_GPS26last_message_delta_time_msEh @ 0xb49e00
RTL: _ZNK6AP_GPS10should_logEv @ 0x98c260
RTL: _ZN6AP_GPS16send_blob_updateEh @ 0x98d3e0
RTL: _ZN14AP_GPS_Backend14check_new_itowEjj @ 0x992130
RTL: _ZN12AP_GPS_UBLOX20_request_next_configEv @ 0x996320
RTL: _ZN12AP_GPS_UBLOX21_request_message_rateEhh @ 0x996dc0
RTL: _ZN12AP_GPS_UBLOX13_request_portEv @ 0x996e80
RTL: _ZN12AP_GPS_UBLOX13_send_messageEhhPKvt @ 0x996f10
RTL: _ZN12AP_GPS_UBLOX16_update_checksumEPhtRhS1_ @ 0x997dd0
RTL: _ZN12AP_GPS_UBLOX4readEv @ 0x997f00
RTL: _ZNK12AP_GPS_UBLOX13is_configuredEv @ 0xb4ac80
RTL: _ZNK12AP_GPS_UBLOX7get_lagERf @ 0x9985e0
RTL: _ZNK12AP_GPS_UBLOX10is_healthyEv @ 0x998770
RTL: _ZL3MINIjjEDTqultfp_fp0_fp_fp0_ERKT_RKT0_.3359 @ 0x998bc0
RTL: _ZN12AP_GPS_UBLOXUt_ixEm @ 0xb4ad90
RTL: _ZN12AP_GPS_UBLOX10_parse_gpsEv @ 0x998c40
RTL: _ZN12AP_GPS_UBLOX15_check_new_itowEj @ 0x99c100
RTL: _ZN12AP_GPS_UBLOX23_configure_message_rateEhhh @ 0x99c180
RTL: _ZN6Copter11fence_checkEv @ 0x9a3780
RTL: _ZN6Copter13throttle_loopEv @ 0x9a3ad0
RTL: _ZN6Copter19update_throttle_mixEv @ 0x9a3b40
RTL: _ZN6Copter17update_auto_armedEv @ 0x9a3de0
RTL: _ZN6Copter29update_ground_effect_detectorEv @ 0x9a3fb0
RTL: _ZN6Copter32update_ekf_terrain_height_stableEv @ 0x9a46a0
RTL: _ZN7AP_AHRS22set_terrain_hgt_stableEb @ 0x9a4790
RTL: _ZN7NavEKF219setTerrainHgtStableEb @ 0x9a4890
RTL: _ZN7NavEKF319setTerrainHgtStableEb @ 0x9a4990
RTL: _ZN12NavEKF3_core19setTerrainHgtStableEb @ 0x9a4a90
RTL: _ZN7AP_AHRS22set_touchdown_expectedEb @ 0x9a4b50
RTL: _ZNK13AC_PosControl22get_vel_target_NEU_cmsEv @ 0xb4c5c0
RTL: _ZL7radiansf.996 @ 0x9a4bc0
RTL: _ZNK13AC_PosControl21get_vel_target_NEU_msEv @ 0xb4c650
RTL: _ZL9cd_to_radf.1156 @ 0x9a4c10
RTL: _ZNK6Copter16get_force_flyingEv @ 0x9a4c60
RTL: _ZNK13AC_PosControl23get_vel_U_control_ratioEv @ 0xb4c6a0
RTL: _ZN6Copter7rc_loopEv @ 0x9a4cc0
RTL: _ZN6Copter23Log_Video_StabilisationEv @ 0x9a4d20
RTL: _ZN8AP_Mount11update_fastEv @ 0x9a4ef0
RTL: _ZN6Copter33update_rangefinder_terrain_offsetEv @ 0x9a4fa0
RTL: _ZL3MAXI9AP_ParamTIfL11ap_var_type4EEfEDTqugtfp_fp0_fp_fp0_ERKT_RKT0_.1783 @ 0x9a51d0
RTL: _ZN8AC_WPNav33set_rangefinder_terrain_offset_cmEbbf @ 0xb4c710
RTL: _ZN9AC_Circle33set_rangefinder_terrain_offset_cmEbbf @ 0xb4c820
RTL: _ZN6Copter31update_land_and_crash_detectorsEv @ 0x9a5260
RTL: _ZN6Copter20update_land_detectorEv @ 0x9a5360
RTL: _ZN6Copter15parachute_checkEv @ 0x9a5970
RTL: _ZN6Copter11crash_checkEv @ 0x9a5cc0
RTL: _ZN6Copter17thrust_loss_checkEv @ 0x9a5ff0
RTL: _ZN6Copter19yaw_imbalance_checkEv @ 0x9a6340
RTL: _ZNK6Copter17option_is_enabledENS_12FlightOptionE @ 0xb4c8c0
RTL: _ZL9cd_to_radf.1034 @ 0x9a6640
RTL: _ZL2sqf @ 0x9a6690
RTL: _ZN14AP_LandingGear13get_wow_stateEv @ 0x9a6b90
RTL: _ZN6Copter8Log_LDETEtj @ 0x9a6be0
RTL: _ZN6Copter20update_home_from_EKFEv @ 0x9a6d30
RTL: _ZN6Copter18update_flight_modeEv @ 0x9a6ef0
RTL: _ZN6Copter15SurfaceTracking22invalidate_for_loggingEv @ 0xb4cad0
RTL: _ZN18AC_AttitudeControl21landed_gain_reductionEb @ 0x9a6f90
RTL: _ZN6Copter15check_ekf_resetEv @ 0x9a7280
RTL: _ZN7AP_AHRS20getLastYawResetAngleERf @ 0x9a73f0
RTL: _ZNK7AP_AHRS22get_primary_core_indexEv @ 0xb4cb20
RTL: _ZN7NavEKF320getLastYawResetAngleERf @ 0x9a7720
RTL: _ZN6Copter12read_inertiaEv @ 0x9a7870
RTL: _ZN13AC_PosControl16update_estimatesEb @ 0x9a79e0
RTL: _ZN9AP_Follow16update_estimatesEv @ 0x9a7b90
RTL: _ZN9AP_Follow32clear_dist_and_bearing_to_targetEv @ 0x9a89c0
RTL: _ZN6Copter9read_AHRSEv @ 0x9a8ea0
RTL: _ZN6Copter18motors_output_mainEv @ 0x9a8f00
RTL: _ZN6Copter21run_custom_controllerEv @ 0xb4cbd0
RTL: _ZN16AC_CustomControl6updateEv @ 0x9a8f70
RTL: _ZN16AC_CustomControl14is_safe_to_runEv @ 0x9a9040
RTL: _ZN6Copter24run_rate_controller_mainEv @ 0x9a9280
RTL: _ZN13AC_PosControl8set_dt_sEf @ 0xb4cc30
RTL: _ZN18AC_AttitudeControl8set_dt_sEf @ 0xb4cca0
RTL: _ZN4Mode18get_pilot_speed_dnEv @ 0x9ab490
RTL: _ZN4Mode18update_simple_modeEv @ 0x9ac660
RTL: _ZN13AC_PosControl21soften_for_landing_NEEv @ 0x9ae0c0
RTL: _ZN13AC_PosControl25set_externally_limited_NEEv @ 0xb4ed30
RTL: _ZN6Copter18update_simple_modeEv @ 0x9ae7e0
RTL: _ZN7ModeRTL8land_runEb @ 0x9b37a0
RTL: _ZN4Mode27land_run_normal_or_preclandEb @ 0x9b38b0
RTL: _ZN4Mode31land_run_horiz_and_vert_controlEb @ 0xb4fbb0
RTL: _ZN4Mode27land_run_horizontal_controlEv @ 0x9b45a0
RTL: _ZN4Mode25land_run_vertical_controlEb @ 0x9b4a50
RTL: _ZL3MAXI9AP_ParamTIsL11ap_var_type2EEiEDTqugtfp_fp0_fp_fp0_ERKT_RKT0_ @ 0x9b5000
RTL: _ZNK13AC_PosControl22get_max_speed_down_cmsEv @ 0xb4fed0
RTL: _ZL3MINIfiEDTqultfp_fp0_fp_fp0_ERKT_RKT0_.1200 @ 0x9b5090
RTL: _ZN13AC_PosControl22land_at_climb_rate_cmsEfb @ 0x9b5240
RTL: _ZN13AC_PosControl21land_at_climb_rate_msEfb @ 0x9b52c0
RTL: _ZNK4Mode26get_pilot_desired_velocityEf @ 0x9b5380
RTL: _ZNK11AC_PrecLand31allow_precland_after_repositionEv @ 0xb50000
RTL: _ZN7ModeRTL10land_startEv @ 0x9b5850
RTL: _ZN14AP_LandingGear18deploy_for_landingEv @ 0x9b5a50
RTL: _ZNK13AC_PosControl18get_pos_error_U_cmEv @ 0xb50660
RTL: _ZNK13AC_PosControl17get_pos_error_U_mEv @ 0xb506c0
RTL: _ZNK7ModeRTL11mode_numberEv @ 0xb51670
RTL: _ZN7ModeRTL3runEv @ 0xb516c0
RTL: _ZNK7ModeRTL12requires_GPSEv @ 0xb51710
RTL: _ZNK7ModeRTL19has_manual_throttleEv @ 0xb51760
RTL: _ZNK7ModeRTL10is_landingEv @ 0x9b9fc0
RTL: _ZNK7ModeRTL6get_wpER8Location @ 0x9ba020
RTL: _ZNK7ModeRTL14wp_bearing_degEv @ 0x9ba0f0
RTL: _ZNK7ModeRTL13wp_distance_mEv @ 0x9ba150
RTL: _ZNK7ModeRTL18crosstrack_error_mEv @ 0xb51900
RTL: _ZNK7ModeRTL13use_pilot_yawEv @ 0x9ba1c0
RTL: _ZL7degreesf.1536 @ 0x9ba2c0
RTL: _ZN7ModeRTL3runEb @ 0x9ba310
RTL: _ZN7ModeRTL10build_pathEv @ 0x9ba4b0
RTL: _ZN7ModeRTL11climb_startEv @ 0x9ba630
RTL: _ZN7ModeRTL12return_startEv @ 0x9ba740
RTL: _ZN7ModeRTL18loiterathome_startEv @ 0x9ba7d0
RTL: _ZN7ModeRTL16climb_return_runEv @ 0x9ba880
RTL: _ZN7ModeRTL16loiterathome_runEv @ 0x9ba9f0
RTL: _ZN7ModeRTL21compute_return_targetEv @ 0x9bac40
RTL: _ZNK8AP_Rally32calc_best_rally_or_home_locationERK8Locationf @ 0x9bb290
RTL: _ZNK13AC_PosControl19get_pos_offset_U_cmEv @ 0xb51960
RTL: _ZL3MAXIi9AP_ParamTIsL11ap_var_type2EEEDTqugtfp_fp0_fp_fp0_ERKT_RKT0_ @ 0x9bb3e0
RTL: _ZL3MAXIiiEDTqugtfp_fp0_fp_fp0_ERKT_RKT0_.1549 @ 0x9bb510
RTL: _ZL3MAXI9AP_ParamTIiL11ap_var_type3EEfEDTqugtfp_fp0_fp_fp0_ERKT_RKT0_ @ 0x9bb590
RTL: _ZL3MAXIifEDTqugtfp_fp0_fp_fp0_ERKT_RKT0_.1552 @ 0x9bb630
RTL: _ZL3MAXIffEDTqugtfp_fp0_fp_fp0_ERKT_RKT0_.1553 @ 0x9bb6c0
RTL: _ZL3MINIifEDTqultfp_fp0_fp_fp0_ERKT_RKT0_.1554 @ 0x9bb740
RTL: _ZNK13AC_PosControl18get_pos_offset_U_mEv @ 0xb519c0
RTL: _ZNK10ModeCircle11mode_numberEv @ 0xb53120
RTL: _ZN10ModeCircle4initEb @ 0x9c1190
RTL: _ZNK10ModeCircle19has_manual_throttleEv @ 0xb531c0
RTL: _ZNK10ModeCircle12is_autopilotEv @ 0xb53270
RTL: _ZNK10ModeCircle5name4Ev @ 0xb53310
RTL: _ZN9AC_Circle15calc_velocitiesEb @ 0x9c2280
RTL: _ZL3MINIffEDTqultfp_fp0_fp_fp0_ERKT_RKT0_.12425 @ 0x9c2430
RTL: _ZL3MAXIffEDTqugtfp_fp0_fp_fp0_ERKT_RKT0_.12424 @ 0x9c24c0
RTL: _ZN9AC_Circle4initEv @ 0x9c27c0
RTL: _ZNK9AC_Circle13roi_at_centerEv @ 0xb53580
RTL: _ZN9AC_Circle16init_start_angleEb @ 0x9c2950
RTL: _ZNK14AP_BattMonitor22capacity_remaining_pctERhh @ 0x9e4e00
RTL: _ZNK10GCS_Copter11custom_modeEv @ 0x9e5140
RTL: _ZNK10GCS_Copter10frame_typeEv @ 0x9e51a0
RTL: _ZN10GCS_Copter4chanEh @ 0xb57210
RTL: _ZNK10GCS_Copter43min_loop_time_remaining_for_message_send_usEv @ 0xb57330
RTL: _ZNK10GCS_Copter19vehicle_initialisedEv @ 0x9e52c0
RTL: _ZN10GCS_Copter34update_vehicle_sensor_status_flagsEv @ 0x9e53e0
RTL: _ZNK12AP_Proximity14sensor_presentEv @ 0x9e5770
RTL: _ZNK12AP_Proximity14sensor_enabledEv @ 0x9e57d0
RTL: _ZNK12AP_Proximity13sensor_failedEv @ 0x9e5830
RTL: _ZN18GCS_MAVLINK_Copter14packetReceivedERK16__mavlink_statusRK17__mavlink_message @ 0x9e5ae0
RTL: _ZNK18GCS_MAVLINK_Copter13mission_stateERK10AP_Mission @ 0x9e5bb0
RTL: _ZNK11GCS_MAVLINK16send_rangefinderEv @ 0x9e5c50
RTL: _ZNK18GCS_MAVLINK_Copter26send_nav_controller_outputEv @ 0x9e5d20
RTL: _ZN18GCS_MAVLINK_Copter15send_pid_tuningEv @ 0x9e5ec0
RTL: _ZN11GCS_MAVLINK21send_scaled_pressure3Ev @ 0x9e6110
RTL: _ZNK11GCS_MAVLINK13send_attitudeEv @ 0x9e6170
RTL: _ZN18GCS_MAVLINK_Copter31send_position_target_global_intEv @ 0x9e6430
RTL: _ZNK18GCS_MAVLINK_Copter17send_winch_statusEv @ 0x9e69a0
RTL: _ZNK18GCS_MAVLINK_Copter9base_modeEv @ 0x9e6f50
RTL: _ZNK18GCS_MAVLINK_Copter21vehicle_system_statusEv @ 0x9e7030
RTL: _ZNK11GCS_MAVLINK19persist_streamratesEv @ 0xb575a0
RTL: _ZN18GCS_MAVLINK_Copter25handle_command_int_packetERK23__mavlink_command_int_tRK17__mavlink_message @ 0x9e7220
RTL: _ZN18GCS_MAVLINK_Copter14handle_messageERK17__mavlink_message @ 0x9e7b40
RTL: _ZN18GCS_MAVLINK_Copter16try_send_messageE10ap_message @ 0x9e8500
RTL: _ZN11GCS_MAVLINK24send_global_position_intEv @ 0x9e8720
RTL: _ZNK11GCS_MAVLINK23global_position_int_altEv @ 0x9e88a0
RTL: _ZNK11GCS_MAVLINK32global_position_int_relative_altEv @ 0x9e8900
RTL: _ZNK11GCS_MAVLINK17vfr_hud_climbrateEv @ 0x9e8970
RTL: _ZNK18GCS_MAVLINK_Copter16vfr_hud_airspeedEv @ 0x9e8a30
RTL: _ZNK18GCS_MAVLINK_Copter16vfr_hud_throttleEv @ 0x9e8b30
RTL: _ZNK18GCS_MAVLINK_Copter11vfr_hud_altEv @ 0x9e8bc0
RTL: _ZN11GCS_MAVLINK35convert_COMMAND_LONG_to_COMMAND_INTERK24__mavlink_command_long_tR23__mavlink_command_int_t9MAV_FRAME @ 0x9e90f0
RTL: _ZN11GCS_MAVLINK28command_long_stores_locationE7MAV_CMD @ 0x9e98a0
RTL: _ZL30convert_COMMAND_LONG_loc_paramfb @ 0x9e9980
RTL: _ZL7degreesf.132 @ 0x9e9a30
RTL: _ZL3MINIfiEDTqultfp_fp0_fp_fp0_ERKT_RKT0_ @ 0x9e9a80
RTL: _ZNK11GCS_MAVLINK11vfr_hud_altEv @ 0x9e9b20
RTL: _ZL36mavlink_msg_global_position_int_send17mavlink_channel_tjiiiissst @ 0x9e9b80
RTL: _ZN10AP_Terrain12send_requestE17mavlink_channel_t @ 0x9e9ca0
RTL: _ZN10AP_Terrain11send_reportE17mavlink_channel_t @ 0x9e9df0
RTL: _ZNK18GCS_MAVLINK_Copter9send_windEv @ 0x9e9ea0
RTL: _ZN7AP_ADSB17send_adsb_vehicleE17mavlink_channel_t @ 0x9e9fa0
RTL: _ZNK11GCS_MAVLINK23get_ap_message_intervalE10ap_messageRt @ 0x9ea1b0
RTL: _ZN13AP_OADatabase17send_adsb_vehicleE17mavlink_channel_tt @ 0x9ea2e0
RTL: _ZN11GCS_MAVLINK16try_send_messageE10ap_message @ 0x9ea880
RTL: _ZN11GCS_MAVLINK17queued_param_sendEv @ 0x9eb530
RTL: _ZNK11GCS_MAVLINK14send_heartbeatEv @ 0x9eb7e0
RTL: _ZNK11GCS_MAVLINK8send_rpmEv @ 0x9ebba0
RTL: _ZN11GCS_MAVLINK24try_send_mission_messageE10ap_message @ 0x9ebc80
RTL: _ZN7Compass21send_mag_cal_progressERK11GCS_MAVLINK @ 0x9ebe80
RTL: _ZN7Compass19send_mag_cal_reportERK11GCS_MAVLINK @ 0x9ec0d0
RTL: _ZN11GCS_MAVLINK19send_battery_statusEv @ 0x9ec400
RTL: _ZNK7AP_AHRS22send_ekf_status_reportER11GCS_MAVLINK @ 0x9ec550
RTL: _ZN11GCS_MAVLINK12send_meminfoEv @ 0x9ec650
RTL: _ZNK11GCS_MAVLINK17send_fence_statusEv @ 0x9ec710
RTL: _ZN11GCS_MAVLINK20send_distance_sensorEv @ 0x9ec880
RTL: _ZNK11GCS_MAVLINK16send_system_timeEv @ 0x9ecdc0
RTL: _ZN6AP_GPS20send_mavlink_gps_rawE17mavlink_channel_t @ 0x9ece50
RTL: _ZN6AP_GPS20send_mavlink_gps_rtkE17mavlink_channel_th @ 0x9ed1a0
RTL: _ZN6AP_GPS21send_mavlink_gps2_rawE17mavlink_channel_t @ 0x9ed280
RTL: _ZNK11GCS_MAVLINK19send_local_positionEv @ 0x9ed620
RTL: _ZNK11GCS_MAVLINK34send_gimbal_device_attitude_statusEv @ 0x9ed6f0
RTL: _ZN11GCS_MAVLINK16send_opticalflowEv @ 0x9edab0
RTL: _ZN11GCS_MAVLINK17send_power_statusEv @ 0x9edc20
RTL: _ZNK11GCS_MAVLINK16send_rc_channelsEv @ 0x9edd30
RTL: _ZNK11GCS_MAVLINK20send_rc_channels_rawEv @ 0x9edff0
RTL: _ZN11GCS_MAVLINK12send_raw_imuEv @ 0x9ee170
RTL: _ZN11GCS_MAVLINK15send_scaled_imuEhPFv17mavlink_channel_tjssssssssssE @ 0x9ee580
RTL: _ZL28mavlink_msg_scaled_imu2_send17mavlink_channel_tjssssssssss @ 0x9ee840
RTL: _ZL28mavlink_msg_scaled_imu3_send17mavlink_channel_tjssssssssss @ 0x9ee9b0
RTL: _ZN11GCS_MAVLINK20send_scaled_pressureEv @ 0x9eed60
RTL: _ZN11GCS_MAVLINK21send_scaled_pressure2Ev @ 0x9eedc0
RTL: _ZN11GCS_MAVLINK13send_airspeedEv @ 0x9eee20
RTL: _ZN11GCS_MAVLINK21send_servo_output_rawEv @ 0x9eefe0
RTL: _ZNK11GCS_MAVLINK13send_simstateEv @ 0x9ef400
RTL: _ZN11GCS_MAVLINK15send_sys_statusEv @ 0x9ef520
RTL: _ZN11GCS_MAVLINK10send_ahrs2Ev @ 0x9ef810
RTL: _ZN11GCS_MAVLINK9send_ahrsEv @ 0x9ef8f0
RTL: _ZN11GCS_MAVLINK12send_vfr_hudEv @ 0x9efa70
RTL: _ZNK11GCS_MAVLINK14send_vibrationEv @ 0x9efbb0
RTL: _ZNK11GCS_MAVLINK21send_generator_statusEv @ 0x9efca0
RTL: _ZN12AP_ESC_Telem26send_esc_telemetry_mavlinkEh @ 0x9f0020
RTL: _ZN6AP_EFI19send_mavlink_statusE17mavlink_channel_t @ 0x9f04b0
RTL: _ZN6AP_AIS13get_singletonEv @ 0x9f0c80
RTL: _ZNK11GCS_MAVLINK21battery_remaining_pctEh @ 0x9f1610
RTL: _ZL3MINIhiEDTqultfp_fp0_fp_fp0_ERKT_RKT0_.6782 @ 0x9f1ac0
RTL: _ZL44mavlink_msg_esc_telemetry_1_to_4_send_struct17mavlink_channel_tPK32__mavlink_esc_telemetry_1_to_4_t @ 0x9f1de0
RTL: _ZN12AP_Generator21send_generator_statusERK11GCS_MAVLINK @ 0x9f23e0
RTL: _ZL26mavlink_msg_vibration_send17mavlink_channel_tmfffjjj @ 0x9f2460
RTL: _ZL24mavlink_msg_vfr_hud_send17mavlink_channel_tffstff @ 0x9f2570
RTL: _ZNK7AP_AHRS12get_error_rpEv @ 0x9f2700
RTL: _ZNK7AP_AHRS13get_error_yawEv @ 0x9f2760
RTL: _ZL21mavlink_msg_ahrs_send17mavlink_channel_tfffffff @ 0x9f27c0
RTL: _ZL22mavlink_msg_ahrs2_send17mavlink_channel_tffffii @ 0x9f28e0
RTL: _ZNK9AP_Logger11num_droppedEv @ 0x9f29e0
RTL: _ZNK14AP_BattMonitor11gcs_voltageEv @ 0xb57780
RTL: _ZL27mavlink_msg_sys_status_send17mavlink_channel_tjjjttsatttttt @ 0x9f2a60
RTL: _ZNK14AP_BattMonitor11gcs_voltageEh @ 0x9f2c00
RTL: _ZNK17AP_Logger_Backend11num_droppedEv @ 0xb577d0
RTL: _ZL7radiansf.16475 @ 0x9f3020
RTL: _ZNK4SITL3SIM13simstate_sendE17mavlink_channel_t @ 0x9f33a0
RTL: _ZL25mavlink_msg_simstate_send17mavlink_channel_tfffffffffii @ 0x9f3570
RTL: _ZL33mavlink_msg_servo_output_raw_send17mavlink_channel_tjhtttttttttttttttt @ 0x9f3710
RTL: _ZL33mavlink_msg_scaled_pressure2_send17mavlink_channel_tjffss @ 0x9f3a10
RTL: _ZN11GCS_MAVLINK29send_scaled_pressure_instanceEhPFv17mavlink_channel_tjffssE @ 0x9f3af0
RTL: _ZL32mavlink_msg_scaled_pressure_send17mavlink_channel_tjffss @ 0x9f3ce0
RTL: _ZL24mavlink_msg_raw_imu_send17mavlink_channel_tmssssssssshs @ 0x9f3e40
RTL: _ZNK11GCS_MAVLINK16sending_mavlink1Ev @ 0x9f3fc0
RTL: _ZNK11GCS_MAVLINK13receiver_rssiEv @ 0x9f4020
RTL: _ZL28mavlink_msg_rc_channels_send17mavlink_channel_tjhtttttttttttttttttth @ 0x9f4230
RTL: _ZL29mavlink_msg_power_status_send17mavlink_channel_tttt @ 0x9f44a0
RTL: _ZN8AP_Mount34send_gimbal_device_attitude_statusE17mavlink_channel_t @ 0x9f4f20
RTL: _ZL35mavlink_msg_local_position_ned_send17mavlink_channel_tjffffff @ 0x9f5580
RTL: _ZNK6AP_GPS12gps_yaw_cdegEh @ 0x9f5690
RTL: _ZNK6AP_GPS23have_gps_yaw_configuredEh @ 0xb57970
RTL: _ZL28mavlink_msg_gps_raw_int_send17mavlink_channel_tmhiiitttthijjjjt @ 0x9f5990
RTL: _ZL28mavlink_msg_system_time_send17mavlink_channel_tmj @ 0x9f5b80
RTL: _ZN11GCS_MAVLINK14send_proximityEv @ 0x9f7120
RTL: _ZNK12AP_Proximity12distance_minEv @ 0x9f7500
RTL: _ZL3MINIjjEDTqultfp_fp0_fp_fp0_ERKT_RKT0_.6784 @ 0x9f79c0
RTL: _ZL24mavlink_msg_meminfo_send17mavlink_channel_tttj @ 0x9f7a40
RTL: _ZNK7NavEKF318send_status_reportER11GCS_MAVLINK @ 0x9f7ce0
RTL: _ZNK12NavEKF3_core18send_status_reportER11GCS_MAVLINK @ 0x9f7d70
RTL: _ZL41mavlink_msg_ekf_status_report_send_struct17mavlink_channel_tPK29__mavlink_ekf_status_report_t @ 0x9f8170
RTL: _ZNK14AP_BattMonitor13option_is_setEhN21AP_BattMonitor_Params7OptionsE @ 0x9f8c90
RTL: _ZNK11GCS_MAVLINK19send_battery_statusEh @ 0x9f8d60
RTL: _ZL3MINIftEDTqultfp_fp0_fp_fp0_ERKT_RKT0_ @ 0x9f95f0
RTL: _ZNK14AP_BattMonitor14time_remainingERjh @ 0x9f9690
RTL: _ZNK14AP_BattMonitor24get_mavlink_charge_stateEh @ 0x9f9780
RTL: _ZNK14AP_BattMonitor25get_mavlink_fault_bitmaskEh @ 0x9f98b0
RTL: _ZL31mavlink_msg_battery_status_send17mavlink_channel_thhhsPKtsiiaihS1_hj @ 0x9f9960
RTL: _ZN14typesafe_indexIh12TAG_PriorityErmERKh @ 0xb57bc0
RTL: _ZN11GCS_MAVLINK20send_mission_currentERK10AP_Missiont @ 0x9fa0e0
RTL: _ZL32mavlink_msg_mission_current_send17mavlink_channel_ttthh @ 0x9fa5b0
RTL: _ZNK11GCS_MAVLINK13system_statusEv @ 0x9faa80
RTL: _ZL26mavlink_msg_heartbeat_send17mavlink_channel_thhhjh @ 0x9fab10
RTL: _ZN11GCS_MAVLINK28send_parameter_async_repliesEv @ 0x9fabf0
RTL: _ZN12ObjectBufferIN11GCS_MAVLINK19pending_param_replyEE4peekERS1_ @ 0xb57cb0
RTL: _ZL21mavlink_msg_wind_send17mavlink_channel_tfff @ 0x9fb6d0
RTL: _ZN10AP_Terrain19send_terrain_reportE17mavlink_channel_tRK8Locationb @ 0x9fb780
RTL: _ZL31mavlink_msg_terrain_report_send17mavlink_channel_tiitfftt @ 0x9fb930
RTL: _ZN10AP_Terrain18send_cache_requestE17mavlink_channel_t @ 0x9fba50
RTL: _ZN10AP_Terrain15request_missingE17mavlink_channel_tRKNS_9grid_infoE @ 0x9fbb50
RTL: _ZN10AP_Terrain15request_missingE17mavlink_channel_tRNS_10grid_cacheE @ 0x9fbbe0
RTL: _ZN11GCS_MAVLINK14handle_messageERK17__mavlink_message @ 0xa02a30
RTL: _ZN11GCS_MAVLINK16handle_heartbeatERK17__mavlink_message @ 0xa035b0
RTL: _ZN11GCS_MAVLINK19handle_command_longERK17__mavlink_message @ 0xa04920
RTL: _ZN11GCS_MAVLINK26handle_request_data_streamERK17__mavlink_message @ 0xa05f60
RTL: _ZNK3GCS12sysid_is_gcsEh @ 0xa0b5c0
RTL: _ZN11GCS_MAVLINK16sysid_mygcs_seenEj @ 0xa0b860
RTL: _ZN3GCS16sysid_mygcs_seenEj @ 0xb58770
RTL: _ZL38mavlink_msg_request_data_stream_decodePK17__mavlink_messageP31__mavlink_request_data_stream_t @ 0xa0cad0
RTL: _ZN9AP_Logger13Write_CommandERK23__mavlink_command_int_thh10MAV_RESULTb @ 0xa0fd70
RTL: _ZL31mavlink_msg_command_long_decodePK17__mavlink_messageP24__mavlink_command_long_t @ 0xa0fef0
RTL: _ZN11GCS_MAVLINK31try_command_long_as_command_intERK24__mavlink_command_long_tRK17__mavlink_message @ 0xa0ffc0
RTL: _ZN11GCS_MAVLINK16_set_mode_commonEhj @ 0xa12820
RTL: _ZN12ObjectBufferIN7GCS_FTP11TransactionEE3popERS1_ @ 0xb58d30
RTL: _ZN11GCS_MAVLINK25handle_command_int_packetERK23__mavlink_command_int_tRK17__mavlink_message @ 0xa1a2a0
RTL: _ZN11GCS_MAVLINK26handle_command_do_set_modeERK23__mavlink_command_int_t @ 0xa1b650
RTL: _ZNK6Copter22any_failsafe_triggeredEv @ 0xb598e0
RTL: _ZN8AP_Winch11send_statusERK11GCS_MAVLINK @ 0xa1f830
RTL: _ZL43mavlink_msg_position_target_global_int_send17mavlink_channel_tjhtiifffffffff @ 0xa1fbb0
RTL: _ZL25mavlink_msg_attitude_send17mavlink_channel_tjffffff @ 0xa20080
RTL: _ZL38mavlink_msg_nav_controller_output_send17mavlink_channel_tffsstfff @ 0xa203d0
RTL: _ZNK8ModeAuto6pausedEv @ 0xa205b0
RTL: _ZNK11GCS_MAVLINK13mission_stateERK10AP_Mission @ 0xa20630
RTL: _ZN8AC_WPNav6pausedEv @ 0xb59b50
RTL: _ZN11GCS_MAVLINK14packetReceivedERK16__mavlink_statusRK17__mavlink_message @ 0xa20860
RTL: _ZN15MAVLink_routing17check_and_forwardER11GCS_MAVLINKRK17__mavlink_message @ 0xa20a60
RTL: _ZN9AP_Follow10handle_msgERK17__mavlink_message @ 0xa20fd0
RTL: _ZNK11GCS_MAVLINK13accept_packetERK16__mavlink_statusRK17__mavlink_message @ 0xa21150
RTL: _ZNK9AP_Follow21should_handle_messageERK17__mavlink_message @ 0xa21270
RTL: _ZN15MAVLink_routing11learn_routeER11GCS_MAVLINKRK17__mavlink_message @ 0xa22240
RTL: _ZN15MAVLink_routing16handle_heartbeatER11GCS_MAVLINKRK17__mavlink_message @ 0xa224e0
RTL: _ZN15MAVLink_routing11get_targetsERK17__mavlink_messageRsS3_ @ 0xa22710
RTL: _ZNK9AP_Motors18get_frame_mav_typeEv @ 0xb5a7b0
RTL: _ZN18RC_Channels_Copter7channelEh @ 0xb5b410
RTL: _ZN11RC_Channels16read_mode_switchEv @ 0xa26a70
RTL: _ZNK18RC_Channels_Copter14in_rc_failsafeEv @ 0xa26b00
RTL: _ZNK18RC_Channels_Copter15has_valid_inputEv @ 0xa26b60
RTL: _ZNK18RC_Channels_Copter18get_arming_channelEv @ 0xa26bf0
RTL: _ZNK18RC_Channels_Copter26flight_mode_channel_numberEv @ 0xa26ce0
RTL: mode_to_string @ 0xa919e0
RTL: mode_entry @ 0xa91c40
----------------------
Mode: 7 (CIRCLE)
CIRCLE: _ZN16AP_Arming_Copter14pre_arm_checksEb @ 0x5de4e0
CIRCLE: _ZN16AP_Arming_Copter16barometer_checksEb @ 0x5de990
CIRCLE: _ZN16AP_Arming_Copter10ins_checksEb @ 0x5deb20
CIRCLE: _ZN16AP_Arming_Copter10gps_checksEb @ 0x5dec00
CIRCLE: _ZN16AP_Arming_Copter20board_voltage_checksEb @ 0x5dee30
CIRCLE: _ZN16AP_Arming_Copter21rc_calibration_checksEb @ 0x5def30
CIRCLE: _ZN9AP_Arming14mission_checksEb @ 0x5df020
CIRCLE: _ZNK16AP_Arming_Copter25terrain_database_requiredEv @ 0x5df430
CIRCLE: _ZN9AP_Arming13system_checksEb @ 0x5df500
CIRCLE: _ZNK16AP_Arming_Copter16proximity_checksEb @ 0x5dfab0
CIRCLE: _ZN16AP_Arming_Copter20mandatory_gps_checksEb @ 0x5dfcf0
CIRCLE: _ZN16AP_Arming_Copter10alt_checksEb @ 0x5e0170
CIRCLE: _ZN9AP_Arming18opendroneid_checksEb @ 0x5e0320
CIRCLE: _ZN9AP_Arming23rc_in_calibration_checkEb @ 0x5e0410
CIRCLE: _ZN9AP_Arming22serial_protocol_checksEb @ 0x5e04c0
CIRCLE: _ZN2AP13serialmanagerEv @ 0x5e05f0
CIRCLE: _ZNK16AP_SerialManager11have_serialENS_14SerialProtocolEh @ 0x5e0630
CIRCLE: _ZN16AP_SerialManager14pre_arm_checksEPch @ 0x5e0900
CIRCLE: _ZNK9AP_ParamTIiL11ap_var_type3EEcvRKiEv @ 0xa98a80
CIRCLE: _ZN6AP_HAL4Util9vsnprintfEPcmPKcP13__va_list_tag @ 0x5e0c40
CIRCLE: _ZN13BufferPrinterC2EPcm @ 0xa98ad0
CIRCLE: _Z13print_vprintfPN6AP_HAL12BetterStreamEPKcP13__va_list_tag @ 0x5e0d80
CIRCLE: _Z11ftoa_enginefPchh @ 0x5e25d0
CIRCLE: _ZN6AP_HAL12BetterStreamC2Ev @ 0xa98b80
CIRCLE: _ZN13BufferPrinter5writeEh @ 0xa98be0
CIRCLE: _Z3gcsv @ 0x5e3200
CIRCLE: _ZN3GCS10send_textvE12MAV_SEVERITYPKcP13__va_list_tag @ 0x5e3240
CIRCLE: _ZNK3GCS28statustext_send_channel_maskEv @ 0x5e3310
CIRCLE: _ZN11GCS_MAVLINK19active_channel_maskEv @ 0xa98e80
CIRCLE: _ZN11GCS_MAVLINK22streaming_channel_maskEv @ 0xa98ec0
CIRCLE: _ZN11GCS_MAVLINK20private_channel_maskEv @ 0xa98f00
CIRCLE: _ZN3GCS13get_singletonEv @ 0xa98f40
CIRCLE: _ZNK16AP_SerialManager22find_protocol_instanceENS_14SerialProtocolEh @ 0x5e33a0
CIRCLE: _ZNK13AP_ParamTBaseIaL11ap_var_type1EE3getEv @ 0xa98f80
CIRCLE: _ZNK16AP_SerialManager14protocol_matchENS_14SerialProtocolES0_ @ 0x5e3540
CIRCLE: _ZN16AP_SerialManager13get_singletonEv @ 0xa98fd0
CIRCLE: _Z2rcv @ 0x5e3640
CIRCLE: _ZN11RC_Channels11calibratingEv @ 0xa99010
CIRCLE: _ZNK9AP_Arming13check_enabledENS_5CheckE @ 0x5e3910
CIRCLE: _ZN11RC_Channels13get_singletonEv @ 0xa99070
CIRCLE: _ZN2AP11opendroneidEv @ 0x5e39c0
CIRCLE: _ZN14AP_OpenDroneID13pre_arm_checkEPch @ 0x5e3a00
CIRCLE: _ZNK14AP_OpenDroneID14option_enabledENS_7OptionsE @ 0xa990b0
CIRCLE: _ZNK9AP_ParamTIaL11ap_var_type1EEcvRKaEv @ 0xa99140
CIRCLE: _ZN6AP_HAL6millisEv @ 0x5e3cc0
CIRCLE: _ZN13WithSemaphoreD2Ev @ 0x5e3d00
CIRCLE: _ZN6AP_HAL8millis64Ev @ 0x5e3d60
CIRCLE: _ZN6AP_HAL8micros64Ev @ 0x5e3da0
CIRCLE: _ZL14uint64_div1000m @ 0x5e3e40
CIRCLE: _ZN7HALSITL9Scheduler4fromEPN6AP_HAL9SchedulerE @ 0xa99190
CIRCLE: _ZNK7HALSITL9Scheduler18stopped_clock_usecEv @ 0xa991e0
CIRCLE: _ZNK13AP_ParamTBaseIsL11ap_var_type2EE3getEv @ 0xa99230
CIRCLE: _ZN13WithSemaphoreC2ERN6AP_HAL9SemaphoreEj @ 0x5e3f90
CIRCLE: _ZN14AP_OpenDroneID13get_singletonEv @ 0xa99280
CIRCLE: _ZNK6Copter10ekf_alt_okEv @ 0x5e4070
CIRCLE: _ZNK7AP_AHRS17have_inertial_navEv @ 0x5e4140
CIRCLE: _ZNK7AP_AHRS10has_statusE18NavFilterStatusBit @ 0x5e41a0
CIRCLE: _ZNK7AP_AHRS17get_filter_statusER17nav_filter_status @ 0x5e4230
CIRCLE: _ZNK7AP_AHRS8ekf_typeEv @ 0x5e4360
CIRCLE: _ZNK7NavEKF315getFilterStatusER17nav_filter_status @ 0x5e44f0
CIRCLE: _ZN2AP12externalAHRSEv @ 0x5e47e0
CIRCLE: _ZNK15AP_ExternalAHRS17get_filter_statusER17nav_filter_status @ 0x5e4820
CIRCLE: _ZN15AP_ExternalAHRS13get_singletonEv @ 0xa99320
CIRCLE: _ZNK12NavEKF3_core15getFilterStatusER17nav_filter_status @ 0x5e49b0
CIRCLE: _ZNK7AP_AHRS14always_use_EKFEv @ 0xa99360
CIRCLE: _ZNK7AP_AHRS15active_EKF_typeEv @ 0xa993c0
CIRCLE: _ZN2AP4ahrsEv @ 0x5e4a90
CIRCLE: _ZNK7AP_AHRS13pre_arm_checkEbPch @ 0x5e4ad0
CIRCLE: _ZNK8AC_Fence18get_enabled_fencesEv @ 0x5e4e60
CIRCLE: _ZNK6Copter11position_okEv @ 0x5e4ed0
CIRCLE: _ZNK9AP_ParamTIfL11ap_var_type4EEcvRKfILb1EEEv @ 0xa99460
CIRCLE: _ZN7Vector3IfEC2Ev @ 0xa994b0
CIRCLE: _ZNK7AP_AHRS13get_variancesERfS0_S0_R7Vector3IfES0_ @ 0x5e4f70
CIRCLE: _ZNK7Vector3IfE6lengthEv @ 0xa99510
CIRCLE: _Z4normIffJfEEdT_T0_DpKT1_ @ 0xa99570
CIRCLE: _Z2sqIfJffEEdT_DpKT0_ @ 0xa995f0
CIRCLE: _ZL2sqf.4012 @ 0x5e5140
CIRCLE: _Z2sqIfJfEEdT_DpKT0_ @ 0xa99690
CIRCLE: _ZL2sqf.1211 @ 0x5e5190
CIRCLE: _ZN7Vector2IfEC2Ev @ 0xa99710
CIRCLE: _ZNK7NavEKF312getVariancesERfS0_S0_R7Vector3IfES0_R7Vector2IfE @ 0x5e52f0
CIRCLE: _ZN7Vector3IfE4zeroEv @ 0xa99810
CIRCLE: _ZNK12NavEKF3_core12getVariancesERfS0_S0_R7Vector3IfES0_R7Vector2IfE @ 0x5e54d0
CIRCLE: _ZL3MAXIddEDTqugtfp_fp0_fp_fp0_ERKT_RKT0_.4817 @ 0x5e56d0
CIRCLE: _ZNK7Vector2IdE7tofloatEv @ 0xa99870
CIRCLE: _ZN7Vector2IfEC2Eff @ 0xa998d0
CIRCLE: _ZNK6Copter25ekf_has_absolute_positionEv @ 0x5e59d0
CIRCLE: _ZNK6Copter25ekf_has_relative_positionEv @ 0x5e5b10
CIRCLE: _ZNK14AP_OpticalFlow7enabledEv @ 0xa99950
CIRCLE: _ZNK13AP_VisualOdom7enabledEv @ 0x5e5ca0
CIRCLE: _ZNK9AP_Motors5armedEv @ 0xa999c0
CIRCLE: _ZNK7AP_EnumIN13AP_VisualOdom15VisualOdom_TypeEEcvKS1_Ev @ 0xa99a20
CIRCLE: _ZNK7AP_EnumIN14AP_OpticalFlow4TypeEEcvKS1_Ev @ 0xa99a70
CIRCLE: _ZNK8AC_Fence7presentEv @ 0x5e5d00
CIRCLE: _ZNK19AC_PolyFence_loader17total_fence_countEv @ 0xa99ac0
CIRCLE: _ZNK19AC_PolyFence_loader27get_exclusion_polygon_countEv @ 0xa99b70
CIRCLE: _ZNK19AC_PolyFence_loader27get_inclusion_polygon_countEv @ 0xa99bc0
CIRCLE: _ZNK19AC_PolyFence_loader26get_exclusion_circle_countEv @ 0xa99c10
CIRCLE: _ZNK19AC_PolyFence_loader26get_inclusion_circle_countEv @ 0xa99c60
CIRCLE: _ZNK7AP_AHRS7healthyEv @ 0x5e5da0
CIRCLE: _ZNK15AP_ExternalAHRS7enabledEv @ 0x5e5f80
CIRCLE: _ZNK7AP_AHRS20attitudes_consistentEPch @ 0x5e61e0
CIRCLE: _ZN2AP7compassEv @ 0x5e6840
CIRCLE: _ZNK7Compass11use_for_yawEv @ 0x5e6880
CIRCLE: _ZNK7NavEKF313pre_arm_checkEbPch @ 0x5e6bf0
CIRCLE: _ZNK16AP_NavEKF_Source13pre_arm_checkEbPch @ 0x5e6ec0
CIRCLE: _ZNK16AP_NavEKF_Source12getYawSourceEh @ 0x5e76f0
CIRCLE: _ZNK12NavEKF3_core7healthyEv @ 0x5e79b0
CIRCLE: _ZNK12NavEKF3_core13pre_arm_checkEbPch @ 0x5e7be0
CIRCLE: _Z2sqIdEdT_ @ 0xa99cb0
CIRCLE: _ZNK16AP_NavEKF_Source14useVelXYSourceENS_8SourceXYEh @ 0x5e7d70
CIRCLE: _ZNK16AP_NavEKF_Source18getActiveSourceSetEh @ 0xa99d10
CIRCLE: _ZNK7AP_EnumIN16AP_NavEKF_Source8SourceXYEEcvKS1_Ev @ 0xa99dc0
CIRCLE: _ZNK16AP_NavEKF_Source13option_is_setENS_13SourceOptionsE @ 0xa99e10
CIRCLE: _ZNK12NavEKF3_core15getFilterFaultsERt @ 0x5e7ea0
CIRCLE: _ZNK11QuaternionTIdE6is_nanEv @ 0xa99e90
CIRCLE: _ZNK7Vector3IdE6is_nanEv @ 0xa99f90
CIRCLE: _ZNK7AP_EnumIN16AP_NavEKF_Source9SourceYawEEcvKS1_Ev @ 0xa9a060
CIRCLE: _ZN2AP3dalEv @ 0x5e7fc0
CIRCLE: _ZN6AP_DAL7compassEv @ 0xa9a0b0
CIRCLE: _ZNK14AP_DAL_Compass15get_num_enabledEv @ 0xa9a100
CIRCLE: _ZN6AP_DAL13get_singletonEv @ 0xa9a150
CIRCLE: _ZN7Matrix3IfEC2Ev @ 0xa9a590
CIRCLE: _ZN8LocationC2Ev @ 0xa9a610
CIRCLE: _ZN8Location4zeroEv @ 0x5e84e0
CIRCLE: _ZN11QuaternionTIfEC2Ev @ 0xa9a7f0
CIRCLE: _ZN6AP_DAL4baroEv @ 0xa9a860
CIRCLE: _ZNK11AP_DAL_Baro13num_instancesEv @ 0xa9a8b0
CIRCLE: _ZN6AP_DAL6beaconEv @ 0xa9a900
CIRCLE: _ZN6AP_DAL3gpsEv @ 0xa9a9c0
CIRCLE: _ZNK10AP_DAL_GPS11num_sensorsEv @ 0xa9aa10
CIRCLE: _ZN6AP_DAL11rangefinderEv @ 0xa9aad0
CIRCLE: _ZN6AP_DAL10visualodomEv @ 0xa9ab20
CIRCLE: _ZNK7Compass7healthyEh @ 0x5e8990
CIRCLE: _ZNK7Compass11use_for_yawEh @ 0x5e8a30
CIRCLE: _ZNK7Compass9availableEv @ 0xa9ac40
CIRCLE: _ZN14typesafe_indexIh12TAG_PriorityEC2Eh @ 0xa9acc0
CIRCLE: _ZNK19RestrictIDTypeArrayI9AP_ParamTIaL11ap_var_type1EELj3E14typesafe_indexIh12TAG_PriorityEEixERKS5_ @ 0xa9ad20
CIRCLE: _ZNK7AP_EnumIN7Compass9LearnTypeEEcvKS1_Ev @ 0xa9ada0
CIRCLE: _ZNK14typesafe_indexIh12TAG_PriorityE7get_intEv @ 0xa9adf0
CIRCLE: _ZNK7Compass10_get_stateE14typesafe_indexIh12TAG_PriorityE @ 0xa9ae40
CIRCLE: _ZNK7Compass13_get_state_idE14typesafe_indexIh12TAG_PriorityE @ 0x5e8b10
CIRCLE: _ZNK19RestrictIDTypeArrayIN7Compass9mag_stateELj4E14typesafe_indexIh14TAG_StateIndexEEixERKS4_ @ 0xa9aec0
CIRCLE: _ZNK14typesafe_indexIh14TAG_StateIndexE7get_intEv @ 0xa9af40
CIRCLE: _ZNK19RestrictIDTypeArrayIiLj3E14typesafe_indexIh12TAG_PriorityEEixERKS2_ @ 0xa9af90
CIRCLE: _ZN14typesafe_indexIh14TAG_StateIndexEC2Eh @ 0xa9b010
CIRCLE: _ZNK14typesafe_indexIh14TAG_StateIndexEltERKh @ 0xa9b070
CIRCLE: _ZN14typesafe_indexIh14TAG_StateIndexEppEi @ 0xa9b0e0
CIRCLE: _ZN7Compass13get_singletonEv @ 0xa9b150
CIRCLE: _ZNK7AP_AHRS20get_quat_body_to_nedER11QuaternionTIfE @ 0x5e8c30
CIRCLE: _ZNK7NavEKF211activeCoresEv @ 0xa9b190
CIRCLE: _ZNK11QuaternionTIfE21roll_pitch_differenceERKS0_ @ 0xa9b1e0
CIRCLE: _ZL7radiansi.1993 @ 0x5e8d80
CIRCLE: _ZNK11QuaternionTIfE18angular_differenceERKS0_ @ 0xa9b3f0
CIRCLE: _ZNK11QuaternionTIfE13to_axis_angleER7Vector3IfE @ 0xa9b480
CIRCLE: _ZNK7NavEKF311activeCoresEv @ 0xa9b5d0
CIRCLE: _ZNK7NavEKF322getQuaternionBodyToNEDEaR11QuaternionTIfE @ 0x5e8ef0
CIRCLE: _ZN11QuaternionTIfE20from_rotation_matrixERK7Matrix3IfE @ 0xa9b680
CIRCLE: _ZNK12NavEKF3_core11use_compassEv @ 0x5e91a0
CIRCLE: _ZNK14AP_DAL_Compass11use_for_yawEh @ 0xa9bb90
CIRCLE: _ZNK12NavEKF3_core20getRotationBodyToNEDER7Matrix3IfE @ 0x5e9270
CIRCLE: _ZNK11QuaternionTIdE15rotation_matrixER7Matrix3IfE @ 0xa9bc00
CIRCLE: _ZNK6AP_DAL43get_rotation_vehicle_body_to_autopilot_bodyEv @ 0xa9be10
CIRCLE: _ZNK7Matrix3IfEmlERKS0_ @ 0xa9be60
CIRCLE: _ZN7Vector3IfEC2Efff @ 0xa9c0d0
CIRCLE: _ZN7Matrix3IfEC2ERK7Vector3IfES4_S4_ @ 0xa9c160
CIRCLE: _ZL2sqf.3887 @ 0x5e9330
CIRCLE: _Z7is_zerof @ 0xa9c210
CIRCLE: _ZN7Vector3IfEdVEf @ 0xa9c280
CIRCLE: _Z7wrap_PId @ 0x5e9380
CIRCLE: _ZN7Vector3IfEmLEf @ 0xa9c310
CIRCLE: _Z8wrap_2PId @ 0x5e9410
CIRCLE: _ZNK11QuaternionTIfE7inverseEv @ 0xa9c3a0
CIRCLE: _ZNK11QuaternionTIfEmlERKS0_ @ 0xa9c420
CIRCLE: _ZN11QuaternionTIfEC2Effff @ 0xa9c650
CIRCLE: _ZNK11QuaternionTIfE15rotation_matrixER7Matrix3IfE @ 0xa9c700
CIRCLE: _ZNK7Matrix3IfE13mul_transposeERK7Vector3IfE @ 0xa9c8f0
CIRCLE: _ZNK7Vector3IfEmiERKS0_ @ 0xa9ca00
CIRCLE: _Z20constrain_value_lineIfET_S0_S0_S0_j @ 0xa9cab0
CIRCLE: _ZN2AP13internalerrorEv @ 0x5e9500
CIRCLE: _ZNK7AP_AHRS24get_rotation_body_to_nedEv @ 0xa9cbd0
CIRCLE: _ZN2AP3gpsEv @ 0x5e9f80
CIRCLE: _ZNK6AP_GPS8get_typeEh @ 0xa9ccc0
CIRCLE: _ZNK7AP_EnumIN6AP_GPS8GPS_TypeEEcvKS1_Ev @ 0xa9cd50
CIRCLE: _ZN6AP_GPS13get_singletonEv @ 0xa9cda0
CIRCLE: _ZNK7AP_EnumIN15AP_ExternalAHRS7DevTypeEEcvKS1_Ev @ 0xa9cde0
CIRCLE: _ZNK7NavEKF37healthyEv @ 0x5ea0d0
CIRCLE: _ZN7AP_AHRS13get_singletonEv @ 0xa9ce80
CIRCLE: _ZNK9AP_Arming16proximity_checksEb @ 0x5ea240
CIRCLE: _ZNK8AC_Avoid27proximity_avoidance_enabledEv @ 0xa9cec0
CIRCLE: _ZNK12AP_Proximity18get_closest_objectERfS0_ @ 0x5ea310
CIRCLE: _ZNK24AP_Proximity_Boundary_3D18get_closest_objectERfS0_ @ 0x5ea390
CIRCLE: _ZN2AP9proximityEv @ 0x5ea550
CIRCLE: _ZNK12AP_Proximity14prearm_healthyEPch @ 0x5ea590
CIRCLE: _ZN12AP_Proximity13get_singletonEv @ 0xa9cf40
CIRCLE: _ZN8AP_Param15get_eeprom_fullEv @ 0xa9cf80
CIRCLE: _ZN2AP9schedulerEv @ 0x5ea870
CIRCLE: _ZN12AP_Scheduler25get_filtered_loop_rate_hzEv @ 0xa9cfc0
CIRCLE: _ZN12AP_Scheduler16get_loop_rate_hzEv @ 0xa9d010
CIRCLE: _ZN10AP_Terrain13get_singletonEv @ 0xa9d0a0
CIRCLE: _ZNK10AP_Terrain11init_failedEv @ 0xa9d0e0
CIRCLE: _ZN12AP_Scripting13get_singletonEv @ 0xa9d140
CIRCLE: _ZNK12AP_Scripting13arming_checksEmPc @ 0x5ea8b0
CIRCLE: _ZN2AP4ADSBEv @ 0x5eaba0
CIRCLE: _ZNK7AP_ADSB7enabledEv @ 0xa9d180
CIRCLE: _ZNK16AP_InternalError6errorsEv @ 0xa9d2a0
CIRCLE: _ZNK16AP_InternalError15last_error_lineEv @ 0xa9d2f0
CIRCLE: _ZN2AP3rpmEv @ 0x5ead30
CIRCLE: _ZNK6AP_RPM13arming_checksEmPc @ 0x5ead70
CIRCLE: _ZN2AP5relayEv @ 0x5eb0a0
CIRCLE: _ZNK8AP_Relay13arming_checksEmPc @ 0x5eb0e0
CIRCLE: _ZN2AP9parachuteEv @ 0x5eb430
CIRCLE: _ZNK12AP_Parachute13arming_checksEmPc @ 0x5eb470
CIRCLE: _ZN2AP6buttonEv @ 0x5eb610
CIRCLE: _ZNK9AP_Button13arming_checksEmPc @ 0x5eb650
CIRCLE: _ZN9AP_Button13get_singletonEv @ 0xa9d340
CIRCLE: _ZN12SRV_Channels17function_assignedEN11SRV_Channel8FunctionE @ 0x5eb8e0
CIRCLE: _ZNK7AP_EnumIN15AP_Relay_Params8FUNCTIONEEcvKS1_Ev @ 0xa9d380
CIRCLE: _ZNK9AP_ParamTIsL11ap_var_type2EEcvRKsEv @ 0xa9d3d0
CIRCLE: _ZN12SRV_Channels25update_aux_servo_functionEv @ 0x5eba30
CIRCLE: _ZNK7BitmaskILt190EE3getEt @ 0xa9d420
CIRCLE: _ZNK7BitmaskILt190EE8validateEt @ 0xa9d4f0
CIRCLE: _ZN7BitmaskILt190EE8clearallEv @ 0xa9d580
CIRCLE: _ZNK11SRV_Channel14valid_functionEv @ 0xa9d5e0
CIRCLE: _ZN11SRV_Channel24aux_servo_function_setupEv @ 0x5ebbb0
CIRCLE: _ZN7BitmaskILt190EE3setEt @ 0xa9d640
CIRCLE: _ZNK9AP_Enum16IN11SRV_Channel8FunctionEEcvKS1_Ev @ 0xa9d700
CIRCLE: _ZN11SRV_Channel14valid_functionENS_8FunctionE @ 0xa9d750
CIRCLE: _ZN12AP_Parachute13get_singletonEv @ 0xa9d7c0
CIRCLE: _ZNK8AP_Relay14function_validEN15AP_Relay_Params8FUNCTIONE @ 0x5ebdd0
CIRCLE: _ZNK8AP_Relay8DroneCAN9valid_pinEs @ 0x5ebe40
CIRCLE: _ZN8AP_Relay13get_singletonEv @ 0xa9d800
CIRCLE: _ZN6AP_RPM13get_singletonEv @ 0xa9d840
CIRCLE: _ZN7AP_ADSB13get_singletonEv @ 0xa9d880
CIRCLE: _ZNK12AP_Scripting7enabledEv @ 0xa9d8c0
CIRCLE: _ZNK12AP_Scripting13option_is_setENS_11DebugOptionE @ 0xa9d930
CIRCLE: _ZNK13AP_ParamTBaseIiL11ap_var_type3EE3getEv @ 0xa9da30
CIRCLE: _ZNK2AP8PerfInfo25get_filtered_loop_rate_hzEv @ 0x5ebfa0
CIRCLE: _ZNK2AP8PerfInfo17get_filtered_timeEv @ 0x5ec030
CIRCLE: _ZN12AP_Scheduler13get_singletonEv @ 0x5ec080
CIRCLE: _ZNK8AC_WPNav18get_terrain_sourceEv @ 0x5ec0c0
CIRCLE: _ZNK7ModeRTL12get_alt_typeEv @ 0x5ec180
CIRCLE: _ZNK9AP_Arming25terrain_database_requiredEv @ 0x5ec210
CIRCLE: _ZN2AP7missionEv @ 0x5ec2a0
CIRCLE: _ZN10AP_Mission26contains_terrain_alt_itemsEv @ 0x5ec2e0
CIRCLE: _ZNK10AP_Mission36calculate_contains_terrain_alt_itemsEv @ 0x5ec370
CIRCLE: _ZNK10AP_Mission12num_commandsEv @ 0xa9da80
CIRCLE: _ZNK10AP_Mission14get_command_idEt @ 0x5ec480
CIRCLE: _ZN10AP_Mission18stored_in_locationEt @ 0x5ec580
CIRCLE: _ZN10AP_Mission15Mission_CommandC2Ev @ 0xa9dae0
CIRCLE: _ZNK10AP_Mission21read_cmd_from_storageEtRNS_15Mission_CommandE @ 0x5ec710
CIRCLE: _ZN10AP_Mission7ContentC2Ev @ 0xa9db40
CIRCLE: _ZNK7AP_AHRS8get_homeEv @ 0xa9db90
CIRCLE: _ZNK13StorageAccess9read_byteEt @ 0x5ecbd0
CIRCLE: _ZNK13StorageAccess11read_uint16Et @ 0x5ecc40
CIRCLE: _ZNK13StorageAccess10read_blockEPvtm @ 0x5eccc0
CIRCLE: _ZN10AP_Mission13get_singletonEv @ 0xa9dbe0
CIRCLE: _ZNK7AP_EnumIN7ModeRTL10RTLAltTypeEEcvKS1_Ev @ 0xa9dc20
CIRCLE: _ZN2AP7terrainEv @ 0x5ed1f0
CIRCLE: _ZNK10AP_Terrain7enabledEv @ 0xa9dc70
CIRCLE: _ZN2AP5rallyEv @ 0x5ed330
CIRCLE: _ZNK7AP_AHRS12get_locationER8Location @ 0x5ed370
CIRCLE: _ZNK10AP_Mission21failed_sdcard_storageEv @ 0xa9dcd0
CIRCLE: _ZN14StorageManager14storage_failedEv @ 0xa9dd30
CIRCLE: _ZN2AP7vehicleEv @ 0x5ed5e0
CIRCLE: _ZNK10AP_Mission7presentEv @ 0xa9dd70
CIRCLE: _ZN10AP_Vehicle13get_singletonEv @ 0x5ed620
CIRCLE: _ZNK8Location12get_distanceERKS_ @ 0x5ed840
CIRCLE: _ZN8Location14diff_longitudeEii @ 0x5ed910
CIRCLE: _ZN8Location15longitude_scaleEi @ 0x5ed9f0
CIRCLE: _Z4normIddJEEdT_T0_DpKT1_ @ 0xa9dde0
CIRCLE: _Z2sqIdJdEEdT_DpKT0_ @ 0xa9de50
CIRCLE: _ZL3MAXIdfEDTqugtfp_fp0_fp_fp0_ERKT_RKT0_ @ 0x5eda90
CIRCLE: _ZN8LocationC2EiiiNS_8AltFrameE @ 0x5edb30
CIRCLE: _ZN8Location10set_alt_cmEiNS_8AltFrameE @ 0x5edbd0
CIRCLE: _ZN8AP_Rally13get_singletonEv @ 0xa9ded0
CIRCLE: _ZNK9AP_Arming20rc_checks_copter_subEbPPK10RC_Channel @ 0x5edcc0
CIRCLE: _ZN9AP_Arming21rc_calibration_checksEb @ 0x5ede70
CIRCLE: _ZN11RC_Channels23get_valid_channel_countEv @ 0x5ee020
CIRCLE: _ZNK10RC_Channel12has_overrideEv @ 0x5ee090
CIRCLE: _ZNK10RC_Channel14get_radio_trimEv @ 0xa9df10
CIRCLE: _ZNK10RC_Channel13get_radio_minEv @ 0xa9df70
CIRCLE: _ZNK10RC_Channel13get_radio_maxEv @ 0xa9dfd0
CIRCLE: _ZNK13AP_ParamTBaseIfL11ap_var_type4EE3getEv @ 0xa9e110
CIRCLE: _Z11is_positiveIfEbT_ @ 0xa9e160
CIRCLE: _ZL3MINIihEDTqultfp_fp0_fp_fp0_ERKT_RKT0_.6943 @ 0x5ee150
CIRCLE: _ZN9AP_Arming20board_voltage_checksEb @ 0x5ee1e0
CIRCLE: _ZNK14AP_BattMonitor13has_failsafedEv @ 0xa9e1c0
CIRCLE: _ZN14AP_BoardConfig25get_minimum_board_voltageEv @ 0xa9e220
CIRCLE: _ZN14AP_BoardConfig25get_minimum_servo_voltageEv @ 0xa9e2a0
CIRCLE: _ZN9AP_Arming10gps_checksEb @ 0x5ee390
CIRCLE: _ZNK6AP_GPS11num_sensorsEv @ 0x5ee860
CIRCLE: _ZNK6AP_GPS8get_hdopEv @ 0xa9e320
CIRCLE: _ZNK6AP_GPS8get_hdopEh @ 0xa9e380
CIRCLE: _ZN6AP_GPS14pre_arm_checksEPct @ 0x5ee8e0
CIRCLE: _ZNK6AP_GPS14primary_sensorEv @ 0xa9e3f0
CIRCLE: _ZNK6AP_GPS6statusEh @ 0xa9e440
CIRCLE: _ZNK6AP_GPS10is_healthyEh @ 0x5eea80
CIRCLE: _ZNK7AP_AHRS11home_is_setEv @ 0xa9e500
CIRCLE: _ZNK6AP_GPS14all_consistentERf @ 0x5eec30
CIRCLE: _ZNK6AP_GPS8locationEv @ 0xa9e560
CIRCLE: _ZNK6AP_GPS22first_unconfigured_gpsERh @ 0x5eed40
CIRCLE: _ZN3GCS9send_textE12MAV_SEVERITYPKcz @ 0x5eef10
CIRCLE: _ZNK6AP_GPS8locationEh @ 0xa9e5c0
CIRCLE: _ZNK6AP_GPS12is_rtk_roverEh @ 0x5ef1f0
CIRCLE: _ZN15AP_GPS_DroneCAN29inter_instance_pre_arm_checksEPct @ 0x5ef290
CIRCLE: _ZN15AP_GPS_DroneCAN20is_dronecan_gps_typeEN6AP_GPS8GPS_TypeE @ 0xa9e630
CIRCLE: _ZN9AP_Arming10ins_checksEb @ 0x5ef550
CIRCLE: _ZN16AP_Arming_Copter26pre_arm_ekf_attitude_checkEv @ 0x5ef940
CIRCLE: _ZN2AP3insEv @ 0x5ef9a0
CIRCLE: _ZNK17AP_InertialSensor19get_gyro_health_allEv @ 0x5ef9e0
CIRCLE: _ZNK17AP_InertialSensor22gyro_calibrated_ok_allEv @ 0x5efaa0
CIRCLE: _ZNK17AP_InertialSensor20get_accel_health_allEv @ 0x5efbb0
CIRCLE: _ZNK17AP_InertialSensor23accel_calibrated_ok_allEv @ 0x5efc70
CIRCLE: _ZNK17AP_InertialSensor25accel_cal_requires_rebootEv @ 0xa9e6b0
CIRCLE: _ZN9AP_Arming21ins_accels_consistentERK17AP_InertialSensor @ 0x5eff40
CIRCLE: _ZN9AP_Arming20ins_gyros_consistentERK17AP_InertialSensor @ 0x5f0040
CIRCLE: _ZNK17AP_InertialSensor23temperature_cal_runningEv @ 0x5f0130
CIRCLE: _ZNK17AP_InertialSensor12BatchSampler7enabledEv @ 0xa9e710
CIRCLE: _ZNK17AP_InertialSensor34pre_arm_check_gyro_backend_rate_hzEPct @ 0x5f01d0
CIRCLE: _ZN2AP3fftEv @ 0x5f0380
CIRCLE: _ZN10AP_GyroFFT13pre_arm_checkEPch @ 0x5f03c0
CIRCLE: _ZNK10AP_GyroFFT16analysis_enabledEv @ 0xa9e7e0
CIRCLE: _ZN7Vector3IfEixEh @ 0xa9eb70
CIRCLE: _ZN10DigitalLPFIfE6_applyERKfS2_ @ 0xa9eed0
CIRCLE: _Z15constrain_int16sss @ 0xa9f4d0
CIRCLE: _Z15constrain_valueIsET_S0_S0_S0_ @ 0xa9f560
CIRCLE: _ZNK10ByteBuffer5spaceEv @ 0x5f28b0
CIRCLE: _ZN10ByteBuffer5writeEPKhj @ 0x5f2b10
CIRCLE: _ZN10ByteBuffer7reserveEPNS_5IoVecEj @ 0x5f2c30
CIRCLE: _ZN10ByteBuffer6commitEj @ 0x5f2e60
CIRCLE: _ZNK10ByteBuffer8get_sizeEv @ 0xa9f610
CIRCLE: _ZN10AP_GyroFFT13get_singletonEv @ 0xa9f660
CIRCLE: _ZNK17AP_InertialSensor14get_gyro_countEv @ 0xa9f6a0
CIRCLE: _ZNK17AP_InertialSensor4_useEh @ 0xa9f710
CIRCLE: _ZNK17AP_InertialSensor8_gyro_idEh @ 0xa9f770
CIRCLE: _ZN17AP_InertialSensor8_gyro_idEh @ 0xa9f7d0
CIRCLE: _ZN17AP_InertialSensor4_useEh @ 0xa9f840
CIRCLE: _ZL3MINIihEDTqultfp_fp0_fp_fp0_ERKT_RKT0_.3586 @ 0x5f3390
CIRCLE: _ZNK17AP_InertialSensor4tcalEh @ 0xa9f8b0
CIRCLE: _ZNK7AP_EnumIN22AP_InertialSensor_TCal6EnableEEcvKS1_Ev @ 0xa9f910
CIRCLE: _ZN17AP_InertialSensor4tcalEh @ 0xa9f960
CIRCLE: _ZNK17AP_InertialSensor16gyros_consistentEh @ 0x5f3420
CIRCLE: _ZNK17AP_InertialSensor8get_gyroEv @ 0xa9f9d0
CIRCLE: _ZNK17AP_InertialSensor8use_gyroEh @ 0x5f3550
CIRCLE: _ZNK17AP_InertialSensor8get_gyroEh @ 0xa9fa30
CIRCLE: _ZL7radiansi.3656 @ 0x5f3610
CIRCLE: _ZNK17AP_InertialSensor15get_gyro_healthEh @ 0xa9faa0
CIRCLE: _ZNK17AP_InertialSensor17accels_consistentEf @ 0x5f3670
CIRCLE: _ZNK17AP_InertialSensor15get_accel_countEv @ 0xa9fb40
CIRCLE: _ZL3MINIihEDTqultfp_fp0_fp_fp0_ERKT_RKT0_ @ 0x5f37d0
CIRCLE: _ZNK17AP_InertialSensor9get_accelEv @ 0xa9fbb0
CIRCLE: _ZNK17AP_InertialSensor9use_accelEh @ 0x5f3860
CIRCLE: _ZNK17AP_InertialSensor9get_accelEh @ 0xa9fc10
CIRCLE: _ZNK17AP_InertialSensor16get_accel_healthEh @ 0xa9fc80
CIRCLE: _ZNK17AP_InertialSensor13_accel_offsetEh @ 0xa9fd20
CIRCLE: _ZNK9AP_ParamVI7Vector3IfEL11ap_var_type5EE3getEv @ 0xa9fd80
CIRCLE: _ZNK7Vector3IfE7is_zeroEv @ 0xa9fdd0
CIRCLE: _ZNK17AP_InertialSensor12_accel_scaleEh @ 0xa9fe80
CIRCLE: _ZNK17AP_InertialSensor9_accel_idEh @ 0xa9fee0
CIRCLE: _Z8is_equalIffENSt3__19enable_ifIXsr3std17is_floating_pointINS0_11common_typeIJT_T0_EE4typeEEE5valueEbE4typeES3_S4_ @ 0xa9ff40
CIRCLE: _ZN17AP_InertialSensor9_accel_idEh @ 0xa9ffc0
CIRCLE: _ZN17AP_InertialSensor12_accel_scaleEh @ 0xaa0030
CIRCLE: _ZN17AP_InertialSensor13_accel_offsetEh @ 0xaa00a0
CIRCLE: _ZNK17AP_InertialSensor18gyro_calibrated_okEh @ 0xaa0110
CIRCLE: _ZN17AP_InertialSensor13get_singletonEv @ 0x5f3920
CIRCLE: _ZN13AP_ParamTBaseIsL11ap_var_type2EE3setERKs @ 0xaa0750
CIRCLE: _ZN13AP_ParamTBaseIiL11ap_var_type3EE3setERKi @ 0xaa07c0
CIRCLE: _ZN13AP_ParamTBaseIfL11ap_var_type4EE3setERKf @ 0xaa0820
CIRCLE: _ZNK7Vector3IfEneERKS0_ @ 0xaa0f50
CIRCLE: _ZNK8AP_Param13find_var_infoEPjRPKNS_9GroupInfoERNS_12GroupNestingEPh @ 0x5f5390
CIRCLE: _ZNK8AP_Param14copy_name_infoEPKNS_4InfoEPKNS_9GroupInfoERKNS_12GroupNestingEhPcmb @ 0x5f5610
CIRCLE: _ZNK8AP_Param14send_parameterEPKc11ap_var_typeh @ 0x5f5870
CIRCLE: _ZNK8AP_Param13cast_to_floatE11ap_var_type @ 0x5f5a10
CIRCLE: _ZN3GCS20send_parameter_valueEPKc11ap_var_typef @ 0x5f5b00
CIRCLE: _ZL3MINImmEDTqultfp_fp0_fp_fp0_ERKT_RKT0_.6631 @ 0x5f5c40
CIRCLE: _ZN11GCS_MAVLINK14mav_param_typeE11ap_var_type @ 0x5f5cc0
CIRCLE: _ZN8AP_Param16count_parametersEv @ 0x5f5d50
CIRCLE: _ZN3GCS23send_to_active_channelsEjPKc @ 0x5f5f00
CIRCLE: _ZN9AP_Logger13get_singletonEv @ 0xaa1020
CIRCLE: _ZN9AP_Logger15Write_ParameterEPKcf @ 0x5f6020
CIRCLE: _ZNK9AP_Logger10quiet_nanfEv @ 0xaa1060
CIRCLE: _ZN17AP_Logger_Backend15Write_ParameterEPKcff @ 0x5f6110
CIRCLE: _Z14strncpy_notermPcPKcm @ 0x5f6230
CIRCLE: _ZN17AP_Logger_Backend18WriteCriticalBlockEPKvt @ 0xaa10b0
CIRCLE: _ZN17AP_Logger_Backend21WritePrioritisedBlockEPKvtbb @ 0x5f62e0
CIRCLE: _ZN17AP_Logger_Backend30validate_WritePrioritisedBlockEPKvt @ 0x5f64b0
CIRCLE: _ZN17AP_Logger_Backend9ShouldLogEb @ 0x5f66a0
CIRCLE: _ZN17AP_Logger_Backend21ensure_format_emittedEPKvt @ 0x5f6b40
CIRCLE: _ZNK17AP_Logger_Backend23message_type_from_blockEPKvtR11LogMessages @ 0x5f6c60
CIRCLE: _ZNK17AP_Logger_Backend28have_emitted_format_for_typeE11LogMessages @ 0xaa1130
CIRCLE: _ZNK7BitmaskILt256EE8validateEt @ 0xaa1260
CIRCLE: _ZNK7BitmaskILt256EE3getEt @ 0xaa12f0
CIRCLE: _ZNK6AP_HAL4Util14get_soft_armedEv @ 0xaa13c0
CIRCLE: _ZN2AP6loggerEv @ 0x5f7760
CIRCLE: _ZNK9AP_Logger18in_log_persistanceEv @ 0x5f77a0
CIRCLE: _Z7is_zeroI9AP_ParamTIfL11ap_var_type4EEEbT_ @ 0xaa1420
CIRCLE: _ZNK12AP_Scheduler5ticksEv @ 0xaa1480
CIRCLE: _ZN6AP_HAL8millis16Ev @ 0x5f79b0
CIRCLE: _ZNK6AP_HAL4Util21get_last_armed_changeEv @ 0xaa1590
CIRCLE: _ZNK9AP_Logger13WritesEnabledEv @ 0xaa15e0
CIRCLE: _ZNK19LoggerMessageWriter8finishedEv @ 0xaa1640
CIRCLE: _ZNK9AP_Logger15in_log_downloadEv @ 0x5f79f0
CIRCLE: _ZNK9AP_Logger16vehicle_is_armedEv @ 0xaa16a0
CIRCLE: _ZNK9AP_Logger18log_while_disarmedEv @ 0x5f7a90
CIRCLE: _ZNK7AP_EnumIN9AP_Logger11LogDisarmedEEcvKS1_Ev @ 0xaa1700
CIRCLE: mavlink_get_msg_entry @ 0x5f7c40
CIRCLE: _ZNK3GCS7num_gcsEv @ 0xaa1750
CIRCLE: _ZNK11GCS_MAVLINK10is_privateEv @ 0xaa17a0
CIRCLE: _ZNK11GCS_MAVLINK9is_activeEv @ 0xaa1800
CIRCLE: _ZN11GCS_MAVLINK12send_messageEPKcPK19__mavlink_msg_entry @ 0xaa1880
CIRCLE: _ZN11GCS_MAVLINK18check_payload_sizeEt @ 0x5f7d60
CIRCLE: _mav_finalize_message_chan_send @ 0x5f7e10
CIRCLE: _Z26mavlink_get_channel_statush @ 0x5f8160
CIRCLE: _Z17_mav_trim_payloadPKch @ 0x5f8240
CIRCLE: _ZL13crc_calculatePKht @ 0x5f82e0
CIRCLE: _ZL21crc_accumulate_bufferPtPKct @ 0x5f8380
CIRCLE: _ZL14crc_accumulatehPt @ 0x5f8420
CIRCLE: _Z14comm_send_lock17mavlink_channel_tt @ 0x5f86b0
CIRCLE: _mavlink_send_uart @ 0x5f8770
CIRCLE: _Z16comm_send_unlock17mavlink_channel_t @ 0x5f87f0
CIRCLE: _Z16comm_send_buffer17mavlink_channel_tPKhh @ 0x5f8870
CIRCLE: _ZL13valid_channel17mavlink_channel_t @ 0x5f89e0
CIRCLE: _Z24gcs_out_of_space_to_send17mavlink_channel_t @ 0x5f8a90
CIRCLE: _ZN11GCS_MAVLINK20out_of_space_to_sendEv @ 0xaa19c0
CIRCLE: _ZL8crc_initPt @ 0x5f93c0
CIRCLE: _ZN11GCS_MAVLINK14channel_statusEv @ 0xaa1a20
CIRCLE: _ZNK11GCS_MAVLINK7txspaceEv @ 0xaa1a70
CIRCLE: _ZNK11GCS_MAVLINK15packet_overheadEv @ 0xaa1b10
CIRCLE: _ZN11GCS_MAVLINK20packet_overhead_chanE17mavlink_channel_t @ 0x5f9410
CIRCLE: _ZL3MINIjjEDTqultfp_fp0_fp_fp0_ERKT_RKT0_.6622 @ 0x5f94f0
CIRCLE: _ZN11GCS_MAVLINK10is_privateE17mavlink_channel_t @ 0xaa1b70
CIRCLE: _ZN8AP_Param8var_infoEt @ 0xaa1be0
CIRCLE: _ZN8AP_Param14get_group_infoERKNS_4InfoE @ 0x5f9d70
CIRCLE: _ZN8AP_Param14get_group_infoERKNS_9GroupInfoE @ 0x5fa390
CIRCLE: _ZN8AP_Param19adjust_group_offsetEtRKNS_9GroupInfoERl @ 0x5fa410
CIRCLE: _ZN8AP_Param8group_idEPKNS_9GroupInfoEjhh @ 0x5fa530
CIRCLE: _ZN8AP_Param8get_baseERKNS_4InfoERl @ 0x5fa630
CIRCLE: _ZNK13AP_ParamTBaseIiL11ap_var_type3EE13cast_to_floatEv @ 0xaa1d20
CIRCLE: _ZNK8AP_Param19find_var_info_groupEPKNS_9GroupInfoEtjhlPjRS2_RNS_12GroupNestingEPh @ 0x5fa7c0
CIRCLE: _ZN8AP_Param4saveEb @ 0x5facc0
CIRCLE: _ZN17AP_InertialSensor13caltemp_accelEh @ 0xaa1ea0
CIRCLE: _ZNK17AP_InertialSensor15get_temperatureEh @ 0xaa1f10
CIRCLE: _ZNK7Vector3IfErmERKS0_ @ 0xaa2170
CIRCLE: _ZNK7Vector3IfEmlERKS0_ @ 0xaa2250
CIRCLE: _Z9safe_sqrtIfEfT_ @ 0xaa22e0
CIRCLE: _ZN11QuaternionTIfE9normalizeEv @ 0xaa2390
CIRCLE: _ZNK11QuaternionTIfE14get_euler_rollEv @ 0xaa2470
CIRCLE: _ZNK11QuaternionTIfE15get_euler_pitchEv @ 0xaa2520
CIRCLE: _Z9safe_asinIfEfT_ @ 0xaa2590
CIRCLE: _ZNK11QuaternionTIfE6lengthEv @ 0xaa2670
CIRCLE: _ZN7Vector3IfE6rotateE8Rotation @ 0xaa2780
CIRCLE: _ZNK7Matrix3IfEmlERK7Vector3IfE @ 0xaa3760
CIRCLE: _ZN7Matrix3IfE10from_eulerEfff @ 0xaa3900
CIRCLE: _ZN7Matrix3IfEC2Efffffffff @ 0xaa3b30
CIRCLE: _ZNK7Vector3IfEplERKS0_ @ 0xaa3c60
CIRCLE: _ZNK7Vector3IfEdvEf @ 0xaa3d10
CIRCLE: _Z4normIffJEEdT_T0_DpKT1_ @ 0xaa3db0
CIRCLE: _ZN7Vector3IfEpLERKS0_ @ 0xaa3e20
CIRCLE: _ZN15ObjectBuffer_TSIN8AP_Param10param_saveEE4peekERS1_ @ 0xaa3ec0
CIRCLE: _ZN15ObjectBuffer_TSIN8AP_Param10param_saveEE4pushERKS1_ @ 0xaa3f70
CIRCLE: _ZN10ByteBuffer9peekbytesEPhj @ 0x5fbc70
CIRCLE: _ZN10ByteBuffer9peekiovecEPNS_5IoVecEj @ 0x5fbd80
CIRCLE: _ZNK10ByteBuffer9availableEv @ 0x5fbed0
CIRCLE: _ZN10ByteBuffer7readptrERj @ 0x5fc1b0
CIRCLE: _ZNK7Vector3IfEngEv @ 0xaa4050
CIRCLE: _ZN9AP_Arming16barometer_checksEb @ 0x5fc5b0
CIRCLE: _ZNK7AP_AHRS36get_relative_position_D_origin_floatERf @ 0x5fc6c0
CIRCLE: _ZNK7AP_AHRS30get_relative_position_D_originERd @ 0x5fc750
CIRCLE: _ZNK7NavEKF37getPosDERd @ 0x5fc9d0
CIRCLE: _ZNK8Location11initialisedEv @ 0xaa4130
CIRCLE: _ZN6AP_HAL6microsEv @ 0x5fcec0
CIRCLE: _ZNK7Vector3IfE8todoubleEv @ 0xaa41c0
CIRCLE: _ZN7Vector3IdEmLEd @ 0xaa4240
CIRCLE: _ZN8Location13offset_latlngERiS0_dd @ 0x5fcfd0
CIRCLE: _ZN8Location15limit_lattitudeEi @ 0x5fd0d0
CIRCLE: _ZN8Location14wrap_longitudeEl @ 0x5fd170
CIRCLE: _ZN7Vector3IdEC2Eddd @ 0xaa42d0
CIRCLE: _ZNK12NavEKF3_core7getPosDERd @ 0x5fd210
CIRCLE: _ZNK12NavEKF3_core13getPosD_localERd @ 0x5fd2e0
CIRCLE: _ZNK12NavEKF3_core12getOriginLLHER8Location @ 0x5fd370
CIRCLE: _ZN7Vector3IdEC2Ev @ 0xaa4360
CIRCLE: _ZNK11AP_AHRS_DCM12get_locationER8Location @ 0x5fd710
CIRCLE: _ZN2AP4baroEv @ 0x5fda40
CIRCLE: _ZNK7AP_EnumI6GPSUseEcvKS0_Ev @ 0xaa43c0
CIRCLE: _ZNK6AP_GPS6statusEv @ 0xaa4410
CIRCLE: _ZNK7AP_Baro12get_altitudeEv @ 0xaa4470
CIRCLE: _ZN8Location6offsetEdd @ 0x5fda80
CIRCLE: _ZNK6AP_GPS7get_lagERf @ 0xaa44d0
CIRCLE: _ZNK7Vector3IfE2xyEv @ 0xaa4550
CIRCLE: _ZNK7Vector2IfEmlEf @ 0xaa45a0
CIRCLE: _ZNK6AP_GPS7get_lagEhRf @ 0x5fdb10
CIRCLE: _ZNK7AP_Baro12get_altitudeEh @ 0xaa4620
CIRCLE: _ZN7AP_Baro13get_singletonEv @ 0xaa4690
CIRCLE: _ZN2AP4sitlEv @ 0x5fdda0
CIRCLE: _ZNK7AP_Baro13arming_checksEmPc @ 0x5fdde0
CIRCLE: _ZNK7AP_Baro11all_healthyEv @ 0x5fdfb0
CIRCLE: _ZNK7AP_Baro12get_pressureEv @ 0xaa46d0
CIRCLE: _ZNK7AP_Baro23get_altitude_differenceEff @ 0x5fe060
CIRCLE: _ZNK7AP_Baro26get_altitude_from_pressureEf @ 0x5fe100
CIRCLE: _ZL33find_atmosphere_layer_by_pressuref @ 0x5fe360
CIRCLE: _ZNK7AP_Baro17get_altitude_AMSLEv @ 0xaa4730
CIRCLE: _ZN7AP_Baro29geopotential_alt_to_geometricEf @ 0x5fe410
CIRCLE: _ZNK7AP_Baro17get_altitude_AMSLEh @ 0xaa4790
CIRCLE: _ZNK7AP_Baro12get_pressureEh @ 0xaa4800
CIRCLE: _ZNK7AP_Baro7healthyEh @ 0x5fe470
CIRCLE: _ZN4SITL3SIM13get_singletonEv @ 0xaa4870
CIRCLE: _ZNK7Compass7healthyEv @ 0xaa48b0
CIRCLE: _ZNK7AP_AHRS8cos_rollEv @ 0xaa4910
CIRCLE: _ZNK7AP_AHRS9cos_pitchEv @ 0xaa4960
CIRCLE: _ZN6Copter32get_pilot_desired_climb_rate_cmsEv @ 0x5fe660
CIRCLE: _ZNK10RC_Channel14get_control_inEv @ 0xaa4a20
CIRCLE: _ZNK9AP_Logger15logging_presentEv @ 0x5fee70
CIRCLE: _ZNK9AP_Logger15logging_startedEv @ 0x5fef60
CIRCLE: _ZNK11RC_Channels17option_is_enabledENS_6OptionE @ 0xaa4ac0
CIRCLE: _ZN11RC_Channels23find_channel_for_optionEN10RC_Channel8AUX_FUNCE @ 0x5ff380
CIRCLE: _ZN11RC_Channels10rc_channelEh @ 0xaa4c00
CIRCLE: _ZNK11RC_Channels19flight_mode_channelEv @ 0x5ff6d0
CIRCLE: _ZN6Copter16get_throttle_midEv @ 0x5ff770
CIRCLE: _ZNK6Copter18get_pilot_speed_dnEv @ 0x5ff7d0
CIRCLE: _ZNK10RC_Channel15get_control_midEv @ 0x5ff8a0
CIRCLE: _ZN16AP_Arming_Copter18run_pre_arm_checksEb @ 0x5ffab0
CIRCLE: _ZN16AP_Arming_Copter17set_pre_arm_checkEb @ 0x5ffea0
CIRCLE: _ZNK9AP_Arming20disarm_switch_checksEb @ 0x5fff10
CIRCLE: _ZN16AP_Arming_Copter16parameter_checksEb @ 0x5fffd0
CIRCLE: _ZN16AP_Arming_Copter9oa_checksEb @ 0x6006d0
CIRCLE: _ZN16AP_Arming_Copter18gcs_failsafe_checkEb @ 0x600830
CIRCLE: _ZNK16AP_Arming_Copter12winch_checksEb @ 0x6008d0
CIRCLE: _ZNK16AP_Arming_Copter27rc_throttle_failsafe_checksEb @ 0x600a00
CIRCLE: _ZN9AP_Arming15airspeed_checksEb @ 0x600b90
CIRCLE: _ZN9AP_Arming14pre_arm_checksEb @ 0x600cb0
CIRCLE: _ZN9AP_Arming21hardware_safety_checkEb @ 0x6011a0
CIRCLE: _ZN9AP_Arming14compass_checksEb @ 0x601270
CIRCLE: _ZN9AP_Arming14battery_checksEb @ 0x601940
CIRCLE: _ZN9AP_Arming14logging_checksEb @ 0x601a30
CIRCLE: _ZN9AP_Arming25manual_transmitter_checksEb @ 0x601ba0
CIRCLE: _ZN9AP_Arming18rangefinder_checksEb @ 0x601ca0
CIRCLE: _ZNK9AP_Arming12servo_checksEb @ 0x601d90
CIRCLE: _ZNK9AP_Arming14terrain_checksEb @ 0x601fe0
CIRCLE: _ZN9AP_Arming10can_checksEb @ 0x602130
CIRCLE: _ZNK9AP_Arming16generator_checksEb @ 0x602400
CIRCLE: _ZN9AP_Arming13camera_checksEb @ 0x602500
CIRCLE: _ZNK9AP_Arming10osd_checksEb @ 0x6025f0
CIRCLE: _ZNK9AP_Arming12mount_checksEb @ 0x6026e0
CIRCLE: _ZNK9AP_Arming13fettec_checksEb @ 0x6027f0
CIRCLE: _ZNK9AP_Arming14visodom_checksEb @ 0x6028c0
CIRCLE: _ZN9AP_Arming15aux_auth_checksEb @ 0x6029b0
CIRCLE: _ZN9AP_Arming12fence_checksEb @ 0x602c10
CIRCLE: _ZN9AP_Arming12estop_checksEb @ 0x602d30
CIRCLE: _ZN12SRV_Channels18get_emergency_stopEv @ 0xaa50d0
CIRCLE: _ZNK10RC_Channel16read_3pos_switchERNS_12AuxSwitchPosE @ 0x602e80
CIRCLE: _ZNK10RC_Channel12get_radio_inEv @ 0xaa5110
CIRCLE: _ZN2AP5fenceEv @ 0x602fe0
CIRCLE: _ZNK8AC_Fence13pre_arm_checkEPch @ 0x603020
CIRCLE: _ZNK8AC_Fence7enabledEv @ 0xaa5220
CIRCLE: _ZNK8AC_Fence12auto_enabledEv @ 0xaa5280
CIRCLE: _ZNK9AP_ParamTIfL11ap_var_type4EEmiERKS1_ @ 0xaa5410
CIRCLE: _ZNK7Vector2IfEmiERKS0_ @ 0xaa5b60
CIRCLE: _ZNK7Vector2IfE14length_squaredEv @ 0xaa5d70
CIRCLE: _ZNK7Vector2IfEmlERKS0_ @ 0xaa5dd0
CIRCLE: _ZNK8Location15get_distance_NEERKS_ @ 0x604ba0
CIRCLE: _ZN8AC_Fence13get_singletonEv @ 0xaa5f00
CIRCLE: _ZN2AP10visualodomEv @ 0x604d60
CIRCLE: _ZNK13AP_VisualOdom13pre_arm_checkEPch @ 0x604da0
CIRCLE: _ZN13AP_VisualOdom13get_singletonEv @ 0xaa5f40
CIRCLE: _ZN16AP_FETtecOneWire13get_singletonEv @ 0xaa5f80
CIRCLE: _ZNK16AP_FETtecOneWire13pre_arm_checkEPch @ 0x604fe0
CIRCLE: _ZN2AP5mountEv @ 0x6052e0
CIRCLE: _ZN8AP_Mount14pre_arm_checksEPch @ 0x605320
CIRCLE: _ZNK8AP_Mount14get_mount_typeEh @ 0x6054b0
CIRCLE: _ZN8AP_Mount13get_singletonEv @ 0xaa5fc0
CIRCLE: _ZN2AP3osdEv @ 0x605540
CIRCLE: _ZNK6AP_OSD13pre_arm_checkEPch @ 0x605580
CIRCLE: _ZNK6AP_OSD18is_readonly_screenEv @ 0xaa6000
CIRCLE: _ZN6AP_OSD13get_singletonEv @ 0xaa6060
CIRCLE: _ZN2AP6runcamEv @ 0x6056b0
CIRCLE: _ZN9AP_RunCam13get_singletonEv @ 0xaa6110
CIRCLE: _ZN2AP9generatorEv @ 0x605890
CIRCLE: _ZNK12AP_Generator13pre_arm_checkEPch @ 0x6058d0
CIRCLE: _ZNK12AP_Generator4typeEv @ 0x6059f0
CIRCLE: _ZN12AP_Generator13get_singletonEv @ 0x605a50
CIRCLE: _ZN2AP3canEv @ 0x605a90
CIRCLE: _ZNK13AP_CANManager15get_num_driversEv @ 0xaa6150
CIRCLE: _ZNK13AP_CANManager15get_driver_typeEh @ 0xaa61a0
CIRCLE: _ZN12SRV_Channels18get_motor_functionEh @ 0xaa63a0
CIRCLE: _ZN13AP_CANManager13get_singletonEv @ 0xaa6430
CIRCLE: _ZNK10AP_Terrain14get_statisticsERtS0_ @ 0x606570
CIRCLE: _ZNK10AP_Terrain10bitcount64Em @ 0x606760
CIRCLE: _ZN12SRV_Channels11srv_channelEh @ 0xaa6490
CIRCLE: _ZNK11SRV_Channel12get_functionEv @ 0xaa6510
CIRCLE: _ZNK11SRV_Channel8get_trimEv @ 0xaa6570
CIRCLE: _ZNK11SRV_Channel14get_output_minEv @ 0xaa65d0
CIRCLE: _ZNK11SRV_Channel14get_output_maxEv @ 0xaa6620
CIRCLE: _ZN12SRV_Channels25get_disabled_channel_maskEv @ 0xaa6680
CIRCLE: _ZN11RangeFinder13get_singletonEv @ 0xaa66c0
CIRCLE: _ZNK11RangeFinder14prearm_healthyEPch @ 0x6068d0
CIRCLE: _ZNK9AP_Logger14logging_failedEv @ 0x606e80
CIRCLE: _ZN9AP_Logger12CardInsertedEv @ 0x606f50
CIRCLE: _ZN2AP7batteryEv @ 0x607000
CIRCLE: _ZNK14AP_BattMonitor13arming_checksEmPc @ 0x607040
CIRCLE: _ZNK14AP_BattMonitor15configured_typeEh @ 0xaa67b0
CIRCLE: _ZNK14AP_BattMonitor14allocated_typeEh @ 0xaa6820
CIRCLE: _ZNK22AP_BattMonitor_Backend13arming_checksEPcm @ 0x607240
CIRCLE: _ZNK22AP_BattMonitor_Backend20check_failsafe_typesERbS0_S0_S0_ @ 0x607730
CIRCLE: _Z11is_positiveI9AP_ParamTIfL11ap_var_type4EEEbT_ @ 0xaa6890
CIRCLE: _ZNK9AP_ParamTIfL11ap_var_type4EEgtERKS1_ @ 0xaa6900
CIRCLE: _ZL12update_checkmPcbPKc @ 0x607a30
CIRCLE: _ZNK21AP_BattMonitor_Params23failsafe_voltage_sourceEv @ 0xaa6970
CIRCLE: _ZNK22AP_BattMonitor_Backend24voltage_resting_estimateEv @ 0x607ad0
CIRCLE: _ZL3MAXIffEDTqugtfp_fp0_fp_fp0_ERKT_RKT0_.18691 @ 0x607b40
CIRCLE: _ZN14AP_BattMonitor13get_singletonEv @ 0xaa69d0
CIRCLE: _ZNK7Compass14is_calibratingEv @ 0x607bc0
CIRCLE: _ZNK7Compass27compass_cal_requires_rebootEv @ 0xaa6a10
CIRCLE: _ZN7Compass10configuredEPch @ 0x607cf0
CIRCLE: _ZNK7Compass11get_offsetsEv @ 0xaa6a70
CIRCLE: _ZNK7Compass15get_offsets_maxEv @ 0xaa6ad0
CIRCLE: _ZNK7Compass9get_fieldEv @ 0xaa6b30
CIRCLE: _ZNK7Compass10consistentEv @ 0x607f80
CIRCLE: _ZN7AP_AHRS11use_compassEv @ 0x608140
CIRCLE: _ZN14AP_Declination18get_earth_field_gaERK8Location @ 0x608220
CIRCLE: _ZNK7Vector3IfEmlEf @ 0xaa6b90
CIRCLE: _ZL3MAXIffEDTqugtfp_fp0_fp_fp0_ERKT_RKT0_.11700 @ 0x6083a0
CIRCLE: _ZN14AP_Declination16get_mag_field_efEffRfS0_S0_ @ 0x6084c0
CIRCLE: _ZL7radiansf.2992 @ 0x608ac0
CIRCLE: _Z15constrain_int32iii @ 0xaa6c30
CIRCLE: _Z15constrain_valueIiET_S0_S0_S0_ @ 0xaa6ca0
CIRCLE: _ZNK7NavEKF311use_compassEv @ 0x608ba0
CIRCLE: _ZN11AP_AHRS_DCM11use_compassEv @ 0x608c30
CIRCLE: _ZNK7AP_AHRS15get_fly_forwardEv @ 0xaa6d90
CIRCLE: _ZNK11AP_AHRS_DCM8have_gpsEv @ 0x608de0
CIRCLE: _ZL7degreesf.2106 @ 0x608e70
CIRCLE: _Z8wrap_180IfET_S0_ @ 0xaa6eb0
CIRCLE: _Z8wrap_360f @ 0x608ec0
CIRCLE: _ZNK6AP_GPS13ground_courseEh @ 0xaa6f40
CIRCLE: _ZNK6AP_GPS12ground_speedEh @ 0xaa6fb0
CIRCLE: _ZNK7Compass9get_countEv @ 0xaa7020
CIRCLE: _ZNK7Compass9get_fieldEh @ 0xaa7070
CIRCLE: _ZNK7Vector2IfE7is_zeroEv @ 0xaa70f0
CIRCLE: _ZNK7Vector3IfE5angleERKS0_ @ 0xaa7180
CIRCLE: _ZL7radiansf.2689 @ 0x608fe0
CIRCLE: _ZNK7Vector2IfE5angleERKS0_ @ 0xaa7290
CIRCLE: _ZNK7Vector2IfE6lengthEv @ 0xaa73b0
CIRCLE: _ZNK7Compass11get_offsetsEh @ 0xaa7410
CIRCLE: _ZNK9AP_ParamVI7Vector3IfEL11ap_var_type5EEcvRKS1_Ev @ 0xaa7490
CIRCLE: _ZNK14typesafe_indexIh12TAG_PriorityEltERKh @ 0xaa74e0
CIRCLE: _ZN19RestrictIDTypeArrayIiLj3E14typesafe_indexIh12TAG_PriorityEEixERKS2_ @ 0xaa7550
CIRCLE: _ZNK14typesafe_indexIh12TAG_PriorityEcvhEv @ 0xaa75d0
CIRCLE: _ZNK14typesafe_indexIh12TAG_PriorityEplERKh @ 0xaa7620
CIRCLE: _ZN19RestrictIDTypeArrayI9AP_ParamTIiL11ap_var_type3EELj3E14typesafe_indexIh12TAG_PriorityEEixERKS5_ @ 0xaa76a0
CIRCLE: _ZN14typesafe_indexIh12TAG_PriorityEppEi @ 0xaa7720
CIRCLE: _ZN7Compass10configuredEh @ 0x609030
CIRCLE: _ZN19RestrictIDTypeArrayIN7Compass9mag_stateELj4E14typesafe_indexIh14TAG_StateIndexEEixERKS4_ @ 0xaa7790
CIRCLE: _ZNK14typesafe_indexIh14TAG_StateIndexEeqERKh @ 0xaa7810
CIRCLE: _ZN8AP_Param4loadEv @ 0x609240
CIRCLE: _ZN8AP_Param7set_keyERNS_12Param_headerEt @ 0x609540
CIRCLE: _ZN8AP_Param4scanEPKNS_12Param_headerEPt @ 0x6095d0
CIRCLE: _ZN8AP_Param9type_sizeE11ap_var_type @ 0x609760
CIRCLE: _ZNK13StorageAccess4sizeEv @ 0xaa7880
CIRCLE: _ZN8AP_Param7get_keyERKNS_12Param_headerE @ 0x609800
CIRCLE: _ZN8AP_Param11is_sentinalERKNS_12Param_headerE @ 0x609870
CIRCLE: _ZNK19RestrictIDTypeArrayIP17CompassCalibratorLj3E14typesafe_indexIh12TAG_PriorityEEixERKS4_ @ 0xaa78d0
CIRCLE: _ZN11AP_Airspeed13get_singletonEv @ 0xaa7950
CIRCLE: _ZNK11AP_Airspeed13arming_checksEmPc @ 0x6099c0
CIRCLE: _ZNK11AP_Airspeed7enabledEh @ 0x609bb0
CIRCLE: _ZNK11AP_Airspeed3useEh @ 0x609c70
CIRCLE: _ZNK11AP_Airspeed7healthyEh @ 0x609da0
CIRCLE: _ZNK11AP_Airspeed11lib_enabledEv @ 0x609f20
CIRCLE: _ZNK11RC_Channels19has_had_rc_receiverEv @ 0xaa79e0
CIRCLE: _ZN2AP5winchEv @ 0x60a000
CIRCLE: _ZNK8AP_Winch13pre_arm_checkEPch @ 0x60a040
CIRCLE: _ZN8AP_Winch13get_singletonEv @ 0x60a1a0
CIRCLE: _ZNK16AP_OAPathPlanner13pre_arm_checkEPch @ 0x60a1e0
CIRCLE: _ZN18AC_AttitudeControl16get_angle_roll_pEv @ 0xaa7aa0
CIRCLE: _ZN4AC_P2kPEv @ 0xaa7af0
CIRCLE: _ZN18AC_AttitudeControl17get_angle_pitch_pEv @ 0xaa7b40
CIRCLE: _ZNK11RangeFinder15has_orientationE8Rotation @ 0x60a380
CIRCLE: _ZN13AC_PosControl14pre_arm_checksEPKcPch @ 0x60a520
CIRCLE: _ZN18AC_AttitudeControl14pre_arm_checksEPKcPch @ 0x60a790
CIRCLE: _ZN18AC_AttitudeControl15get_angle_yaw_pEv @ 0xaa7b90
CIRCLE: _ZN6AC_PID2ffEv @ 0xaa7be0
CIRCLE: _ZN6AC_PID2kPEv @ 0xaa7c30
CIRCLE: _Z11is_negativeI9AP_ParamTIfL11ap_var_type4EEEbT_ @ 0xaa7c80
CIRCLE: _ZN6AC_PID2kIEv @ 0xaa7cf0
CIRCLE: _ZN6AC_PID2kDEv @ 0xaa7d40
CIRCLE: _ZN13AC_PosControl12get_pos_NE_pEv @ 0xaa7d90
CIRCLE: _ZN7AC_P_2D2kPEv @ 0xaa7de0
CIRCLE: _ZN13AC_PosControl11get_pos_U_pEv @ 0xaa7e30
CIRCLE: _ZN7AC_P_1D2kPEv @ 0xaa7e80
CIRCLE: _ZN13AC_PosControl13get_vel_U_pidEv @ 0xaa7ed0
CIRCLE: _ZN12AC_PID_Basic2kPEv @ 0xaa7f20
CIRCLE: _ZN13AC_PosControl15get_accel_U_pidEv @ 0xaa7f70
CIRCLE: _ZNK11RangeFinder13find_instanceE8Rotation @ 0x60ac70
CIRCLE: _ZNK11RangeFinder11get_backendEh @ 0x60adc0
CIRCLE: _ZN6Copter17set_land_completeEb @ 0x60b2d0
CIRCLE: _ZN6Copter23set_land_complete_maybeEb @ 0x60b490
CIRCLE: _ZN9AP_Logger18WriteCriticalBlockEPKvt @ 0x60ba00
CIRCLE: _ZN8AP_Stats17update_flighttimeEv @ 0x60bbc0
CIRCLE: _ZN8AP_Stats14update_runtimeEv @ 0x60bc90
CIRCLE: _ZN8AP_Stats5flushEv @ 0x60bd30
CIRCLE: _ZN13AP_ParamTBaseIiL11ap_var_type3EE22set_and_save_ifchangedERKi @ 0xaa8170
CIRCLE: _ZNK14AP_DAL_Compass9availableEv @ 0xaa8240
CIRCLE: _ZNK14AP_DAL_Compass7healthyEh @ 0xaa82a0
CIRCLE: _ZNK14AP_DAL_Compass11get_offsetsEh @ 0xaa8310
CIRCLE: _ZNK7Vector3IdE7tofloatEv @ 0xaa8380
CIRCLE: _ZNK7Vector3IdEmlEd @ 0xaa8400
CIRCLE: _ZNK9AP_Arming14option_enabledENS_6OptionE @ 0xaa84a0
CIRCLE: _ZNK9AP_Arming22get_rudder_arming_typeEv @ 0xaa8520
CIRCLE: _ZN8AC_Fence12clear_breachEh @ 0x60ccd0
CIRCLE: _ZN9AP_Notify6updateEv @ 0x60d1a0
CIRCLE: _ZNK7AP_AHRS11get_yaw_radEv @ 0xaa8750
CIRCLE: _ZN6Copter27update_super_simple_bearingEb @ 0x60d5b0
CIRCLE: _ZN9AP_Logger10Write_ModeEh10ModeReason @ 0x60d780
CIRCLE: _ZN17AP_Logger_Backend10Write_ModeEh10ModeReason @ 0x60d8e0
CIRCLE: _ZNK7AP_AHRS38get_relative_position_NED_origin_floatER7Vector3IfE @ 0x60d990
CIRCLE: _ZN11AP_SmartRTL9add_pointERK7Vector3IfE @ 0x60dc00
CIRCLE: _ZN7HALSITL9Semaphore16take_nonblockingEv @ 0x60ddc0
CIRCLE: _ZNK11AP_SmartRTL10log_actionENS_6ActionERK7Vector3IfE @ 0x60de50
CIRCLE: _ZNK7Vector3IfE16distance_squaredERKS0_ @ 0xaa8870
CIRCLE: _ZL2sqf.12922 @ 0x60df10
CIRCLE: _ZN7HALSITL9Semaphore4giveEv @ 0x60df60
CIRCLE: _ZN9AP_Logger10Write_SRTLEbtthRK7Vector3IfE @ 0x60e010
CIRCLE: _ZN9AP_Logger10WriteBlockEPKvt @ 0x60e130
CIRCLE: _ZN17AP_Logger_Backend10WriteBlockEPKvt @ 0xaa8930
CIRCLE: _ZN11AP_SmartRTL15restart_pruningEt @ 0x60e1e0
CIRCLE: _ZN11AP_SmartRTL22restart_simplificationEt @ 0x60e290
CIRCLE: _ZN7BitmaskILt500EE6setallEv @ 0xaa89c0
CIRCLE: _ZNK7AP_AHRS32get_relative_position_NED_originER7Vector3IdE @ 0x60e320
CIRCLE: _ZN7Vector2IdEC2Ev @ 0xaa8a70
CIRCLE: _ZNK7NavEKF38getPosNEER7Vector2IdE @ 0x60e5c0
CIRCLE: _ZNK11AP_AHRS_SIM12get_locationER8Location @ 0x60e8f0
CIRCLE: _ZNK8Location23get_distance_NE_postypeERKS_ @ 0x60e9e0
CIRCLE: _ZN7Vector2IdEC2Edd @ 0xaa8ad0
CIRCLE: _ZNK12NavEKF3_core8getPosNEER7Vector2IdE @ 0x60ead0
CIRCLE: _ZNK7Vector3IdE2xyEv @ 0xaa8b50
CIRCLE: _ZNK7Vector2IdE8todoubleEv @ 0xaa8ba0
CIRCLE: _ZNK7Vector2IdEplERKS0_ @ 0xaa8c00
CIRCLE: _ZNK10AP_DAL_GPS6statusEh @ 0xaa8c90
CIRCLE: _ZNK10AP_DAL_GPS8locationEh @ 0xaa8d00
CIRCLE: _ZN7Vector2IdE4zeroEv @ 0xaa8d70
CIRCLE: _ZNK10AP_DAL_GPS14primary_sensorEv @ 0xaa8dd0
CIRCLE: _ZN6AP_DAL10log_event2ENS_5EventE @ 0x60f420
CIRCLE: _ZNK7AP_Baro15get_temperatureEh @ 0xaa9090
CIRCLE: _ZN6AP_DAL9end_frameEv @ 0x60fcd0
CIRCLE: _ZN6AP_DAL15WriteLogMessageE11LogMessagesPvPKvh @ 0x60fd50
CIRCLE: _ZN9AP_Logger16WriteReplayBlockEhPKvt @ 0x60fe70
CIRCLE: _ZNK9AP_Logger10log_replayEv @ 0xaa9100
CIRCLE: _ZN6AP_DAL10log_event3ENS_5EventE @ 0x610010
CIRCLE: _ZN6Copter10should_logEj @ 0x610270
CIRCLE: _ZNK9AP_Logger10should_logEj @ 0x6103a0
CIRCLE: _ZN9AP_Notify13get_singletonEv @ 0xaa9200
CIRCLE: _ZNK7AP_AHRS16get_velocity_NEDER7Vector3IfE @ 0x6107b0
CIRCLE: _ZN10AP_Terrain23update_reference_offsetEv @ 0x610830
CIRCLE: _ZNK9AP_ParamTIfL11ap_var_type4EEngEv @ 0xaa92a0
CIRCLE: _ZN10AP_Terrain11height_amslERK8LocationRfb @ 0x610a70
CIRCLE: _ZNK8Location10get_alt_cmENS_8AltFrameERi @ 0x610eb0
CIRCLE: _ZNK8Location13get_alt_frameEv @ 0x6111f0
CIRCLE: _ZNK7AP_AHRS10get_originER8Location @ 0x6112d0
CIRCLE: _ZN10AP_Terrain8allocateEv @ 0x611350
CIRCLE: _ZNK10AP_Terrain19calculate_grid_infoERK8LocationRNS_9grid_infoE @ 0x611470
CIRCLE: _ZN10AP_Terrain15find_grid_cacheERKNS_9grid_infoE @ 0x6118e0
CIRCLE: _ZN10AP_Terrain12check_bitmapERKNS_10grid_blockEhh @ 0x611bf0
CIRCLE: _ZN10AP_Terrain11grid_bitnumEhh @ 0x611cb0
CIRCLE: _ZNK9AP_Arming18get_enabled_checksEv @ 0x611d40
CIRCLE: _ZN7HALSITL9Semaphore4takeEj @ 0x611ea0
CIRCLE: _ZN6AP_HAL9Semaphore13take_blockingEv @ 0xaa9a70
CIRCLE: _ZN4SITL6AS56006updateERKNS_8AircraftE @ 0x6133c0
CIRCLE: _ZN4SITL17I2CRegisters_8Bit25rdwr_store_register_valueEhh @ 0xaaa890
CIRCLE: _ZN4SITL17I2CRegisters_8Bit4rdwrERPNS_3I2C19i2c_rdwr_ioctl_dataE @ 0x6134b0
CIRCLE: _ZNK4SITL8Aircraft12get_attitudeER11QuaternionTIfE @ 0xaaa910
CIRCLE: _ZL7degreesf.21016 @ 0x613790
CIRCLE: _ZN4SITL17I2CRegisters_8Bit12set_registerEhh @ 0x6137f0
CIRCLE: _ZN4SITL9I2CDevice6updateERKNS_8AircraftE @ 0xaaab00
CIRCLE: _ZN4SITL13TeraRangerI2C6updateERKNS_8AircraftE @ 0xaaaca0
CIRCLE: _ZNK4SITL8Aircraft17rangefinder_rangeEv @ 0x613eb0
CIRCLE: _ZL7radiansf.16135 @ 0x614390
CIRCLE: _Z10rand_floatv @ 0x6143f0
CIRCLE: _ZN4SITL7INA32216updateERKNS_8AircraftE @ 0x6146d0
CIRCLE: _ZL15convert_voltagef @ 0x614b50
CIRCLE: _ZL15convert_currentf @ 0x614c20
CIRCLE: _ZN4SITL8QMC5883L6updateERKNS_8AircraftE @ 0x614e80
CIRCLE: _ZN7Vector3IfE14rotate_inverseE8Rotation @ 0xaaad10
CIRCLE: _ZL7htole16t.15260 @ 0x615290
CIRCLE: _ZN7Vector3IsEC2Esss @ 0xaaaec0
CIRCLE: _ZN4SITL10IS31FL31956updateERKNS_8AircraftE @ 0x615500
CIRCLE: _ZN4SITL10IS31FL31954rdwrERPNS_3I2C19i2c_rdwr_ioctl_dataE @ 0x615630
CIRCLE: _ZN4SITL10IS31FL319525rdwr_store_register_valueEhh @ 0x6156a0
CIRCLE: _ZThn8_N4SITL10IS31FL319525rdwr_store_register_valueEhh @ 0x6157c0
CIRCLE: _ZN4SITL17I2CRegisters_8Bit12get_registerEh @ 0xaab060
CIRCLE: _ZN10SIM_RGBLED11set_coloursEhhh @ 0xaab0c0
CIRCLE: _ZN4SITL6LM27556updateERKNS_8AircraftE @ 0x6161e0
CIRCLE: _ZNK4SITL6LM275510LEDChannel13current_valueEv @ 0xaab2d0
CIRCLE: _ZN4SITL6LP55626updateERKNS_8AircraftE @ 0x616790
CIRCLE: _ZN4SITL6LP55624rdwrERPNS_3I2C19i2c_rdwr_ioctl_dataE @ 0xaab470
CIRCLE: _ZN4SITL6LP556210LEDChannel6updateEv @ 0x616aa0
CIRCLE: _ZNK4SITL6LP556210LEDChannel13current_valueEv @ 0xaab550
CIRCLE: _ZN4SITL6MS5XXX6updateERKNS_8AircraftE @ 0x616b80
CIRCLE: _ZN7AP_Baro37get_pressure_temperature_for_alt_amslEfRfS0_ @ 0x617b30
CIRCLE: _ZN7AP_Baro29geometric_alt_to_geopotentialEf @ 0x617d10
CIRCLE: _ZL33find_atmosphere_layer_by_altitudef @ 0x617d70
CIRCLE: _ZN7AP_Baro33get_temperature_by_altitude_layerEfa @ 0x617e20
CIRCLE: _ZN7AP_Baro29get_temperatureC_for_alt_amslEf @ 0x6189a0
CIRCLE: _ZN4SITL12InvensenseV36updateERKNS_8AircraftE @ 0x618a10
CIRCLE: _ZNK4SITL8ICM4060911accel_scaleEv @ 0xaabaa0
CIRCLE: _ZL7radiansd.14702 @ 0x6194d0
CIRCLE: _ZNK4SITL12InvensenseV310gyro_scaleEv @ 0xaabaf0
CIRCLE: _ZN4SITL12InvensenseV313write_to_fifoEhPhh @ 0x619520
CIRCLE: _ZN4SITL7MCP96006updateERKNS_8AircraftE @ 0x619a80
CIRCLE: _ZL7htobe16t.14606 @ 0x61a050
CIRCLE: _ZL10__bswap_16t.14608 @ 0x61a0a0
CIRCLE: _ZNK4SITL31I2CRegisters_ConfigurableLength13get_reg_valueEhRh @ 0x61a110
CIRCLE: _ZN4SITL6TSYS036updateERKNS_8AircraftE @ 0x61a560
CIRCLE: _ZN4SITL6TSYS016updateERKNS_8AircraftE @ 0x61afb0
CIRCLE: _ZN4SITL5SHT3x6updateERKNS_8AircraftE @ 0x61bbe0
CIRCLE: _ZN4SITL13Airspeed_DLVR6updateERKNS_8AircraftE @ 0x61c460
CIRCLE: _ZN4SITL29SIM_BattMonitor_SMBus_Generic6updateERKNS_8AircraftE @ 0x61cf40
CIRCLE: _ZNK4SITL29SIM_BattMonitor_SMBus_Generic15connected_cellsEv @ 0xaac3e0
CIRCLE: _ZN4SITL21SIM_BattMonitor_SMBus6updateERKNS_8AircraftE @ 0x61d7a0
CIRCLE: _ZNK4SITL8Aircraft19get_battery_voltageEv @ 0xaac430
CIRCLE: _ZN4SITL11SMBusDevice12set_registerEht @ 0xaac480
CIRCLE: _ZN4SITL18I2CRegisters_16Bit12set_registerEht @ 0x61d8b0
CIRCLE: _ZN4SITL11SMBusDevice12set_registerEhs @ 0xaac500
CIRCLE: _ZN4SITL18I2CRegisters_16Bit12set_registerEhs @ 0x61d960
CIRCLE: _ZN4SITL6Rotoye6updateERKNS_8AircraftE @ 0x61dc00
CIRCLE: _ZN4SITL11SMBusDevice13get_reg_valueEh @ 0xaac7b0
CIRCLE: _ZN4SITL18I2CRegisters_16Bit13get_reg_valueEh @ 0xaac820
CIRCLE: _ZL7be16toht.21067 @ 0x61dcd0
CIRCLE: _ZL10__bswap_16t.21068 @ 0x61dd20
CIRCLE: _ZNK4SITL6Maxell15connected_cellsEv @ 0xaac8e0
CIRCLE: _ZN4SITL13MaxSonarI2CXL6updateERKNS_8AircraftE @ 0xaaca20
CIRCLE: _ZN4SITL10ToshibaLED6updateERKNS_8AircraftE @ 0x61dfe0
CIRCLE: _ZN4SITL10ToshibaLED4rdwrERPNS_3I2C19i2c_rdwr_ioctl_dataE @ 0xaace30
CIRCLE: _ZNK6AP_HAL3HAL6serialEh @ 0xaad460
CIRCLE: _ZL14fill_stack_nanv @ 0x61eaa0
CIRCLE: _ZN7HALSITL9Scheduler13_run_io_procsEv @ 0x61ee20
CIRCLE: _ZNK7FunctorIvJEEcvbEv @ 0xaad570
CIRCLE: _ZNK7FunctorIvJEEclEv @ 0xaad5d0
CIRCLE: _ZN7HALSITL16I2CDeviceManager11_timer_tickEv @ 0x61f030
CIRCLE: _ZN2AP2RCEv @ 0x61f0d0
CIRCLE: _ZN13AP_RCProtocol6updateEv @ 0x61f180
CIRCLE: _ZN13AP_RCProtocol16check_added_uartEv @ 0x61f1d0
CIRCLE: _ZNK13AP_RCProtocol13should_searchEj @ 0x61f440
CIRCLE: _ZN21AP_RCProtocol_Backend9new_inputEv @ 0x61fc00
CIRCLE: _ZNK17AP_RCProtocol_FDM6activeEv @ 0xaad870
CIRCLE: _ZN6I2CBus11_timer_tickEv @ 0x61fe10
CIRCLE: _ZN9AP_Logger6WriteVEPKcS1_S1_S1_S1_P13__va_list_tagbb @ 0x61ff40
CIRCLE: _ZN9AP_Logger16msg_fmt_for_nameEPKcS1_S1_S1_S1_bb @ 0x620140
CIRCLE: _ZN17AP_Logger_Backend5WriteEhP13__va_list_tagbb @ 0x620a30
CIRCLE: _ZNK9AP_Logger24assert_same_fmt_for_nameEPKNS_13log_write_fmtEPKcS4_S4_S4_S4_ @ 0x6215b0
CIRCLE: _ZN3GCS14update_receiveEv @ 0x622920
CIRCLE: _ZN3GCS11update_sendEv @ 0x6229d0
CIRCLE: _ZN19MissionItemProtocol6updateEv @ 0x622d10
CIRCLE: _ZN11GCS_MAVLINK11update_sendEv @ 0x622ee0
CIRCLE: _ZN3GCS18service_statustextEv @ 0x6232c0
CIRCLE: _ZN3GCS15StatusTextQueue9semaphoreEv @ 0xaadad0
CIRCLE: _ZNK11ObjectArrayIN3GCS12statustext_tEE8is_emptyEv @ 0xaadb20
CIRCLE: _ZN11GCS_MAVLINK18service_statustextEv @ 0x623430
CIRCLE: _ZN3GCS15StatusTextQueue5pruneEv @ 0x623670
CIRCLE: _ZNK11ObjectArrayIN3GCS12statustext_tEE9availableEv @ 0xaadb80
CIRCLE: _ZN11ObjectArrayIN3GCS12statustext_tEEixEt @ 0xaadbd0
CIRCLE: _ZN11ObjectArrayIN3GCS12statustext_tEE6removeEt @ 0xaadc70
CIRCLE: _ZN3GCS16statustext_queueEv @ 0xaade70
CIRCLE: _Z14comm_chan_lock17mavlink_channel_t @ 0x6237a0
CIRCLE: _ZL27mavlink_msg_statustext_send17mavlink_channel_thPKcth @ 0x623800
CIRCLE: _ZL16mav_array_memcpyPvPKvm.6783 @ 0x6238e0
CIRCLE: _ZN9AP_Logger15handle_log_sendEv @ 0x623980
CIRCLE: _ZN22GCS_MAVLINK_InProgress11check_tasksEv @ 0x624050
CIRCLE: _ZNK3GCS11out_of_timeEv @ 0x624240
CIRCLE: _ZN11GCS_MAVLINK30deferred_message_to_send_indexEt @ 0x624320
CIRCLE: _ZN11GCS_MAVLINK19do_try_send_messageE10ap_message @ 0x624500
CIRCLE: _ZNK7BitmaskILt91EE9first_setEv @ 0xaadec0
CIRCLE: _ZN7BitmaskILt91EE5clearEt @ 0xaadf90
CIRCLE: _ZN11GCS_MAVLINK36next_deferred_bucket_message_to_sendEt @ 0x624630
CIRCLE: _ZNK7BitmaskILt91EE5countEv @ 0xaae050
CIRCLE: _ZNK11GCS_MAVLINK26get_reschedule_interval_msERKNS_25deferred_message_bucket_tE @ 0x624760
CIRCLE: _ZN11GCS_MAVLINK24find_next_bucket_to_sendEt @ 0x624860
CIRCLE: _ZN7BitmaskILt91EEaSERKS0_ @ 0xaae120
CIRCLE: _ZNK11GCS_MAVLINK24requesting_mission_itemsEv @ 0x624a30
CIRCLE: _ZN7GCS_FTP16get_last_send_msE17mavlink_channel_t @ 0x624b20
CIRCLE: _ZNK19MissionItemProtocol14active_link_isEPK11GCS_MAVLINK @ 0xaae1f0
CIRCLE: _ZNK7BitmaskILt91EE8validateEt @ 0xaae260
CIRCLE: _ZNK11GCS_MAVLINK17telemetry_delayedEv @ 0x624cc0
CIRCLE: _ZNK3GCS11telem_delayEv @ 0xaae2f0
CIRCLE: _ZN14AP_BoardConfig15in_config_errorEv @ 0xaae350
CIRCLE: _ZNK12AP_Scheduler19time_available_usecEv @ 0x624d90
CIRCLE: _ZN2AP2FSEv @ 0x625010
CIRCLE: _ZN19AP_Filesystem_Posix5writeEiPKvj @ 0x6253b0
CIRCLE: _ZN21AP_Filesystem_Backend17bytes_until_fsyncEi @ 0xaae390
CIRCLE: _ZN19AP_Filesystem_Posix9disk_freeEPKc @ 0x625ba0
CIRCLE: _ZNK21AP_Filesystem_Backend15file_op_allowedEv @ 0x6262d0
CIRCLE: _ZL12map_filenamePKc @ 0x626370
CIRCLE: _ZL17map_filename_freePKc @ 0x626410
CIRCLE: _Z16comm_get_txspace17mavlink_channel_t @ 0x626560
CIRCLE: _ZL28mavlink_msg_command_ack_send17mavlink_channel_tthhihh.6806 @ 0x6265f0
CIRCLE: _ZN11GCS_MAVLINK23set_ap_message_intervalE10ap_messaget @ 0x626a60
CIRCLE: _ZNK11GCS_MAVLINK20cap_message_intervalEt @ 0x626e80
CIRCLE: _ZNK11GCS_MAVLINK26get_deferred_message_indexE10ap_message @ 0x626f50
CIRCLE: _ZNK7BitmaskILt91EE3getEt @ 0xaae5d0
CIRCLE: _ZN7BitmaskILt91EE3setEt @ 0xaae6a0
CIRCLE: _ZN12AP_Scheduler18get_loop_period_usEv @ 0xaae760
CIRCLE: _ZNK13AP_Filesystem13backend_by_fdERi @ 0x6277d0
CIRCLE: _ZNK13AP_Filesystem15backend_by_pathERPKc @ 0x6278a0
CIRCLE: _ZN11GCS_MAVLINK39initialise_message_intervals_for_streamENS_7streamsE @ 0x627b90
CIRCLE: _ZNK11GCS_MAVLINK23get_interval_for_streamENS_7streamsE @ 0x627d90
CIRCLE: _ZNK11GCS_MAVLINK8get_chanEv @ 0xaae800
CIRCLE: _ZL28mavlink_msg_mission_ack_send17mavlink_channel_thhhh.19879 @ 0x628770
CIRCLE: _ZNK11GCS_MAVLINK22get_stream_slowdown_msEv @ 0xaae8a0
CIRCLE: _ZN11GCS_MAVLINK12send_messageE10ap_message @ 0x628840
CIRCLE: _ZN11GCS_MAVLINK22save_signing_timestampEb @ 0x628950
CIRCLE: _ZNK11GCS_MAVLINK12is_streamingEv @ 0xaae8f0
CIRCLE: _ZN11GCS_MAVLINK16signing_key_loadER10SigningKey @ 0x628a80
CIRCLE: _ZNK13StorageAccess11write_blockEtPKvm @ 0x628be0
CIRCLE: _ZNK11GCS_MAVLINK9send_textE12MAV_SEVERITYPKcz @ 0x6297e0
CIRCLE: _ZN19LoggerMessageWriter5resetEv @ 0x62ade0
CIRCLE: _ZNK13StorageAccess10write_byteEth @ 0x62b510
CIRCLE: _Z9check_lati @ 0x62b610
CIRCLE: _Z9check_lngi @ 0x62b680
CIRCLE: _ZN19AC_PolyFence_loader13check_indexedEv @ 0x62b6f0
CIRCLE: _ZN19MissionItemProtocol26allocate_receive_resourcesEt @ 0xaaf160
CIRCLE: _ZN19MissionItemProtocol21free_upload_resourcesEv @ 0xaaf210
CIRCLE: _ZNK29MissionItemProtocol_Waypoints12mission_typeEv @ 0xaaf4a0
CIRCLE: _ZNK29MissionItemProtocol_Waypoints23next_item_ap_message_idEv @ 0xaaf4f0
CIRCLE: _ZN29MissionItemProtocol_Waypoints8truncateERK25__mavlink_mission_count_t @ 0x62d050
CIRCLE: _ZNK29MissionItemProtocol_Waypoints10item_countEv @ 0x62d200
CIRCLE: _ZNK29MissionItemProtocol_Waypoints9max_itemsEv @ 0x62d260
CIRCLE: _ZN29MissionItemProtocol_Waypoints12replace_itemERK28__mavlink_mission_item_int_t @ 0x62d2c0
CIRCLE: _ZN29MissionItemProtocol_Waypoints8completeERK11GCS_MAVLINK @ 0x62d570
CIRCLE: _ZN9AP_Logger19Write_EntireMissionEv @ 0x62d650
CIRCLE: _ZN17AP_Logger_Backend19Write_EntireMissionEv @ 0x62d6e0
CIRCLE: _ZN30LoggerMessageWriter_DFLogStart18writeentiremissionEv @ 0x62d740
CIRCLE: _ZN38LoggerMessageWriter_WriteEntireMission5resetEv @ 0x62d7d0
CIRCLE: _ZN10AP_Mission26mavlink_int_to_mission_cmdERK28__mavlink_mission_item_int_tRNS_15Mission_CommandE @ 0x62d840
CIRCLE: _ZN10AP_Mission20write_cmd_to_storageEtRKNS_15Mission_CommandE @ 0x62f2d0
CIRCLE: _ZNK10AP_Mission16num_commands_maxEv @ 0xaaf600
CIRCLE: _ZNK13StorageAccess12write_uint16Ett @ 0x62f650
CIRCLE: _ZN10AP_Mission19sanity_check_paramsERK28__mavlink_mission_item_int_t @ 0x62f6e0
CIRCLE: _Z11is_negativeIfEbT_ @ 0xaaf650
CIRCLE: _ZN10AP_Mission11replace_cmdEtRKNS_15Mission_CommandE @ 0x62fab0
CIRCLE: _ZN10AP_Mission26mission_cmd_to_mavlink_intERKNS_15Mission_CommandER28__mavlink_mission_item_int_t @ 0x62fb80
CIRCLE: _ZN10AP_Mission8truncateEt @ 0x631100
CIRCLE: _ZN11GCS_MAVLINK14update_receiveEj @ 0x631270
CIRCLE: _ZN3GCS15update_passthruEv @ 0x631740
CIRCLE: _ZN16AP_SerialManager12get_passthruERPN6AP_HAL10UARTDriverES3_RhRjS5_ @ 0x631c70
CIRCLE: _ZN6AP_HAL10UARTDriver11read_lockedEPhmj @ 0x6326f0
CIRCLE: _ZNK11GCS_MAVLINK6lockedEv @ 0xaaf990
CIRCLE: _ZNK7FunctorIbJhPN6AP_HAL10UARTDriverEEEcvbEv @ 0xaaf9f0
CIRCLE: _ZN11GCS_MAVLINK14channel_bufferEv @ 0xaafad0
CIRCLE: mavlink_frame_char_buffer @ 0x632dd0
CIRCLE: _ZN12AP_Scripting14handle_messageERK17__mavlink_message17mavlink_channel_t @ 0x633670
CIRCLE: _ZN11GCS_MAVLINK13send_timesyncEv @ 0x633860
CIRCLE: _ZN11GCS_MAVLINK17log_mavlink_statsEv @ 0x6338d0
CIRCLE: _ZNK11GCS_MAVLINK15signing_enabledEv @ 0x633a50
CIRCLE: _ZNK11GCS_MAVLINK21timesync_timestamp_nsEv @ 0x633af0
CIRCLE: _ZL25mavlink_msg_timesync_send17mavlink_channel_tll @ 0x633b50
CIRCLE: mavlink_start_checksum @ 0x633bf0
CIRCLE: mavlink_update_checksum @ 0x633c50
CIRCLE: _Z9fill_nanfPft @ 0x634690
CIRCLE: _ZN10ByteBuffer7advanceEj @ 0x637720
CIRCLE: _ZN5Empty11OpticalFlow9push_gyroEfff @ 0xab09a0
CIRCLE: _ZN5Empty11OpticalFlow14push_gyro_biasEff @ 0xab0a10
CIRCLE: _ZNK7HALSITL4Util18was_watchdog_resetEv @ 0xab0ce0
CIRCLE: _ZN7HALSITL4Util19safety_switch_stateEv @ 0x6383d0
CIRCLE: _ZN7HALSITL4Util16available_memoryEv @ 0xab11d0
CIRCLE: _ZN7HALSITL4Util8uart_logEv @ 0x6389b0
CIRCLE: _ZN6AP_HAL4Util14log_stack_infoEv @ 0xab1570
CIRCLE: _ZN6AP_HAL10UARTDriver9log_statsEhRNS0_12StatsTrackerEj @ 0x638b80
CIRCLE: _ZN6AP_HAL10UARTDriver12StatsTracker11ByteTracker6updateEj @ 0x638d20
CIRCLE: _ZN7HALSITL8RCOutput20_safety_switch_stateEv @ 0xab1610
CIRCLE: _ZNK7HALSITL9Semaphore11check_ownerEv @ 0x63a2e0
CIRCLE: _ZN7HALSITL9I2CDevice8transferEPKhjPhj @ 0x63a8f0
CIRCLE: _ZN7HALSITL9I2CDevice9_transferEPKhjPhj @ 0x63acf0
CIRCLE: _ZN6I2CBus5ioctlEhPv @ 0xab34f0
CIRCLE: _ZN6I2CBus6_ioctlEhPv @ 0x63afc0
CIRCLE: _ZN4SITL3SIM9i2c_ioctlEhPv @ 0xab3570
CIRCLE: _ZN4SITL3I2C5ioctlEhPv @ 0x63b040
CIRCLE: _ZN4SITL3I2C10ioctl_rdwrEPNS0_19i2c_rdwr_ioctl_dataE @ 0x63b0d0
CIRCLE: _ZN6AP_HAL10UARTDriver5writeEPKhm @ 0x63b250
CIRCLE: _ZN6AP_HAL10UARTDriver9availableEv @ 0x63b390
CIRCLE: _ZN6AP_HAL10UARTDriver4readEv @ 0x63b410
CIRCLE: _ZN6AP_HAL10UARTDriver4readERh @ 0x63b490
CIRCLE: _ZN6AP_HAL10UARTDriver4readEPht @ 0x63b590
CIRCLE: _ZN7HALSITL10UARTDriver7txspaceEv @ 0x63b600
CIRCLE: _ZN7HALSITL10UARTDriver11_timer_tickEv @ 0x63b980
CIRCLE: _ZN7HALSITL10UARTDriver26receive_time_constraint_usEt @ 0x63b9e0
CIRCLE: _ZN7HALSITL10UARTDriver6_writeEPKhm @ 0x63c6b0
CIRCLE: _ZN7HALSITL10UARTDriver5_readEPht @ 0x63c880
CIRCLE: _ZN7HALSITL10UARTDriver10_availableEv @ 0x63ca70
CIRCLE: _ZNK7HALSITL10UARTDriver18get_total_tx_bytesEv @ 0xab3da0
CIRCLE: _ZNK7HALSITL10UARTDriver18get_total_rx_bytesEv @ 0xab3df0
CIRCLE: _ZNK6AP_HAL10UARTDriver26get_total_dropped_rx_bytesEv @ 0xab3e40
CIRCLE: _ZN7HALSITL10UARTDriver17_check_connectionEv @ 0x63cb60
CIRCLE: _ZN7HALSITL10UARTDriver13_select_checkEi @ 0x63cca0
CIRCLE: _ZN10ByteBuffer4readEPhj @ 0x63ceb0
CIRCLE: _ZN7HALSITL10UARTDriver41handle_writing_from_writebuffer_to_deviceEv @ 0x63cf50
CIRCLE: _ZN7HALSITL10UARTDriver16_check_reconnectEv @ 0x63d300
CIRCLE: _ZL3MINIjjEDTqultfp_fp0_fp_fp0_ERKT_RKT0_.13888 @ 0x63d700
CIRCLE: _ZNK4SITL12SerialDevice15write_to_deviceEPKcm @ 0x63d780
CIRCLE: _ZNK4SITL12SerialDevice18write_to_autopilotEPKcm @ 0x640ae0
CIRCLE: _ZNK4SITL12SerialDevice13is_match_baudEv @ 0x640ba0
CIRCLE: _ZNK4SITL3GPS18write_to_autopilotEPKcm @ 0x640cd0
CIRCLE: _ZNK4SITL3GPS11device_baudEv @ 0x640ef0
CIRCLE: _Z8wrap_180IdET_S0_ @ 0xab5430
CIRCLE: _ZN8Location14offset_bearingEdd @ 0x643c30
CIRCLE: _ZNK7Vector2IfEplERKS0_ @ 0xab5890
CIRCLE: _ZL7radiansd @ 0x643d30
CIRCLE: _Z8wrap_360d @ 0x643d80
CIRCLE: _ZNK4SITL12SerialDevice19read_from_autopilotEPcm @ 0x643e20
CIRCLE: _Z7is_zerod @ 0xab7560
CIRCLE: _ZN7HALSITL10UARTDriver40handle_reading_from_device_to_readbufferEv @ 0x649710
CIRCLE: _ZNK4SITL12SerialDevice16read_from_deviceEPcm @ 0x649ba0
CIRCLE: _ZN7HALSITL8AnalogIn13board_voltageEv @ 0xab8a70
CIRCLE: _ZN6AP_HAL8AnalogIn17servorail_voltageEv @ 0xab8ac0
CIRCLE: _ZN6AP_HAL8AnalogIn18power_status_flagsEv @ 0xab8b10
CIRCLE: _ZN7HALSITL9ADCSource7set_pinEh @ 0x64a7e0
CIRCLE: _ZN7HALSITL9ADCSource15voltage_averageEv @ 0x64a860
CIRCLE: _ZN7HALSITL9ADCSource14voltage_latestEv @ 0x64a8b0
CIRCLE: _ZNK7HALSITL4GPIO9valid_pinEh @ 0xab8dc0
CIRCLE: _ZN7HALSITL4GPIO13usb_connectedEv @ 0x64b010
CIRCLE: _ZNK6AP_HAL4GPIO13arming_checksEmPc @ 0xab9140
CIRCLE: _ZN7HALSITL8RCOutput9enable_chEh @ 0x64b410
CIRCLE: _ZN7HALSITL8RCOutput10disable_chEh @ 0x64b4a0
CIRCLE: _ZN7HALSITL8RCOutput5writeEht @ 0x64b530
CIRCLE: _ZN6AP_HAL8RCOutput20update_channel_masksEv @ 0xab94f0
CIRCLE: _ZN7HALSITL8RCOutput4corkEv @ 0x64b660
CIRCLE: _ZN7HALSITL8RCOutput4pushEv @ 0x64b6f0
CIRCLE: _ZN7HALSITL8RCOutput4readEh @ 0x64b820
CIRCLE: _ZN7HALSITL8RCOutput4readEPth @ 0x64b8b0
CIRCLE: _ZN6AP_HAL8RCOutput16set_default_rateEt @ 0xab9d90
CIRCLE: _ZN17AP_ESC_Telem_SITL6updateEv @ 0x64bcd0
CIRCLE: _ZL3MAXIffEDTqugtfp_fp0_fp_fp0_ERKT_RKT0_.20563 @ 0x64bea0
CIRCLE: _ZN20AP_ESC_Telem_Backend10update_rpmEhff @ 0x64bf20
CIRCLE: _ZN20AP_ESC_Telem_Backend17update_telem_dataEhRKNS_13TelemetryDataEt @ 0x64bfb0
CIRCLE: _ZN12AP_ESC_Telem17update_telem_dataEhRKN20AP_ESC_Telem_Backend13TelemetryDataEt @ 0x64c040
CIRCLE: _ZN12AP_ESC_Telem10update_rpmEhff @ 0x64c320
CIRCLE: _ZL3MAXIjjEDTqugtfp_fp0_fp_fp0_ERKT_RKT0_.10200 @ 0x64c480
CIRCLE: _Z16constrain_uint32jjj @ 0xaba2c0
CIRCLE: _Z15constrain_valueIjET_S0_S0_S0_ @ 0xaba330
CIRCLE: _ZN7HALSITL7RCInput9new_inputEv @ 0x64c610
CIRCLE: _ZN7HALSITL7RCInput12num_channelsEv @ 0x64c670
CIRCLE: _ZN7HALSITL7RCInput4readEh @ 0x64c6d0
CIRCLE: _ZN13AP_RCProtocol4readEh @ 0x64c980
CIRCLE: _ZN21AP_RCProtocol_Backend4readEh @ 0x64ca10
CIRCLE: _ZN13AP_RCProtocol12num_channelsEv @ 0x64ca70
CIRCLE: _ZNK21AP_RCProtocol_Backend12num_channelsEv @ 0x64caf0
CIRCLE: _ZN13AP_RCProtocol9new_inputEv @ 0x64cb40
CIRCLE: _ZN13AP_RCProtocol21detect_async_protocolENS_12rcprotocol_tE @ 0x64cd00
CIRCLE: _ZNK13AP_RCProtocol10using_uartEv @ 0xaba8c0
CIRCLE: _ZN17AP_RCProtocol_FDM6updateEv @ 0x64d950
CIRCLE: _ZN21AP_RCProtocol_Backend9add_inputEhPtbss @ 0x64db30
CIRCLE: _ZL3MINIhiEDTqultfp_fp0_fp_fp0_ERKT_RKT0_.20159 @ 0x64dc90
CIRCLE: _ZN13AP_RCProtocol19set_failsafe_activeEb @ 0xabb290
CIRCLE: _ZN21AP_RCProtocol_Backend6updateEv @ 0xabb3a0
CIRCLE: _ZN17AP_RCProtocol_UDP6updateEv @ 0x64dd10
CIRCLE: _ZN17AP_RCProtocol_UDP21read_all_socket_inputEv @ 0x64df70
CIRCLE: _ZN16SocketAPM_native4recvEPvmj @ 0x64e210
CIRCLE: _ZN16SocketAPM_native6pollinEj @ 0x64e440
CIRCLE: _ZNK16SocketAPM_native11get_read_fdEv @ 0xabb4d0
CIRCLE: _ZN18AP_RCProtocol_GHST6updateEv @ 0x64eca0
CIRCLE: _ZN3GCS23get_sensor_status_flagsERjS0_S0_ @ 0x650960
CIRCLE: _ZN3GCS26update_sensor_status_flagsEv @ 0x650a20
CIRCLE: _ZNK7AP_AHRS11initialisedEv @ 0x6511e0
CIRCLE: _ZNK7AP_Baro13num_instancesEv @ 0xabbb60
CIRCLE: _ZNK6AP_GPS10is_healthyEv @ 0xabbbb0
CIRCLE: _ZNK14AP_BattMonitor13num_instancesEv @ 0xabbc10
CIRCLE: _ZNK14AP_BattMonitor7healthyEv @ 0x651310
CIRCLE: _ZNK17AP_InertialSensor11calibratingEv @ 0x651400
CIRCLE: _ZNK9AP_Logger15logging_enabledEv @ 0x6514d0
CIRCLE: _ZNK6AP_GPS15logging_presentEv @ 0xabbc60
CIRCLE: _ZNK6AP_GPS15logging_enabledEv @ 0xabbcd0
CIRCLE: _ZNK6AP_GPS14logging_failedEv @ 0x6515a0
CIRCLE: _ZNK7AP_AHRS12get_ekf_typeEv @ 0xabbd40
CIRCLE: _ZNK8AC_Fence18sys_status_enabledEv @ 0x651680
CIRCLE: _ZNK8AC_Fence18sys_status_presentEv @ 0x651720
CIRCLE: _ZNK8AC_Fence17sys_status_failedEv @ 0x651780
CIRCLE: _ZNK11AP_Airspeed7enabledEv @ 0xabbda0
CIRCLE: _ZN2AP11opticalflowEv @ 0x6518d0
CIRCLE: _ZNK14AP_OpticalFlow7healthyEv @ 0xabbeb0
CIRCLE: _ZN2AP6armingEv @ 0x651910
CIRCLE: _ZNK11RC_Channels22has_ever_seen_rc_inputEv @ 0xabbf30
CIRCLE: _ZN9AP_Arming13get_singletonEv @ 0x651950
CIRCLE: _ZN14AP_OpticalFlow13get_singletonEv @ 0xabbf90
CIRCLE: _ZN2AP8airspeedEv @ 0x651990
CIRCLE: _ZNK8AC_Fence12get_breachesEv @ 0xabc060
CIRCLE: _ZNK7AP_EnumIN8AC_Fence6ActionEEcvKS1_Ev @ 0xabc0b0
CIRCLE: _ZNK14AP_BattMonitor7healthyEh @ 0x651a50
CIRCLE: _ZNK6AP_GPS8num_satsEv @ 0xabc2c0
CIRCLE: _ZNK6AP_GPS8num_satsEh @ 0xabc320
CIRCLE: _ZNK14AP_BattMonitor7voltageEh @ 0x652740
CIRCLE: _ZNK14AP_BattMonitor12current_ampsERfh @ 0x6527e0
CIRCLE: _ZNK14AP_BattMonitor12consumed_mahERfh @ 0x6528d0
CIRCLE: _ZN9AP_Logger14WriteStreamingEPKcS1_S1_z @ 0x6535f0
CIRCLE: _ZN22AP_RCProtocol_DroneCAN6updateEv @ 0x653850
CIRCLE: _ZNK16AP_SerialManager11find_serialENS_14SerialProtocolEh @ 0x654c40
CIRCLE: _ZN2AP3srvEv @ 0x657f90
CIRCLE: _ZN12SRV_Channels4corkEv @ 0x657fd0
CIRCLE: _ZN12SRV_Channels4pushEv @ 0x658030
CIRCLE: _ZN16AP_Volz_Protocol6updateEv @ 0x6581e0
CIRCLE: _ZN10AP_SBusOut6updateEv @ 0x6584b0
CIRCLE: _ZN15AP_RobotisServo6updateEv @ 0x658630
CIRCLE: _ZN16AP_FETtecOneWire6updateEv @ 0x6588a0
CIRCLE: _ZN2AP6kdecanEv @ 0x658b90
CIRCLE: _ZN9AP_KDECAN6updateEv @ 0x658bd0
CIRCLE: _ZN12SRV_Channels12find_channelEN11SRV_Channel8FunctionERh @ 0x6595b0
CIRCLE: _ZN11SRV_Channel8calc_pwmEf @ 0x659680
CIRCLE: _ZN9AP_KDECAN13get_singletonEv @ 0xabec80
CIRCLE: _ZN16AP_FETtecOneWire4initEv @ 0x65b340
CIRCLE: _ZN16AP_FETtecOneWire9init_uartEv @ 0x65c910
CIRCLE: _ZN12SRV_Channels13get_singletonEv @ 0xabf6e0
CIRCLE: _ZNK10AP_Mission21get_current_nav_indexEv @ 0xabfa70
CIRCLE: _ZNK7AP_AHRS13wind_estimateEv @ 0xabfaf0
CIRCLE: _ZN10AP_Terrain20height_above_terrainERfb @ 0x661600
CIRCLE: _ZNK10AP_Terrain6statusEv @ 0xabfb50
CIRCLE: _ZNK7AP_AHRS11groundspeedEv @ 0xabfc90
CIRCLE: _ZN7AP_Baro14get_climb_rateEv @ 0x661b10
CIRCLE: _ZN16DerivativeFilterIfLh7EE5slopeEv @ 0xabfd30
CIRCLE: _ZNK11RangeFinder15distance_orientE8Rotation @ 0x661b80
CIRCLE: _ZNK14AP_BattMonitor7voltageEv @ 0xac0800
CIRCLE: _Z14float_to_int16f @ 0x663590
CIRCLE: _ZNK7AP_AHRS11get_yaw_degEv @ 0xac0850
CIRCLE: _ZNK7AP_AHRS28get_relative_position_D_homeERf @ 0x663710
CIRCLE: _ZNK8Location9get_alt_mENS_8AltFrameERf @ 0x6638b0
CIRCLE: _ZNK7AP_AHRS11_get_originER8Location @ 0x663960
CIRCLE: _ZNK7AP_AHRS11_get_originENS_7EKFTypeER8Location @ 0x663a40
CIRCLE: _ZNK7NavEKF312getOriginLLHER8Location @ 0x663c50
CIRCLE: _ZN18AP_RCProtocol_CRSF6updateEv @ 0x666500
CIRCLE: _ZN13AP_CRSF_Telem13get_singletonEv @ 0x666b30
CIRCLE: _ZN13AP_CRSF_Telem13queue_messageE12MAV_SEVERITYPKc @ 0x667580
CIRCLE: _ZN2AP10crsf_telemEv @ 0x66a2d0
CIRCLE: _ZNK7AP_AHRS12get_roll_radEv @ 0xac1c70
CIRCLE: _ZNK7AP_AHRS13get_pitch_radEv @ 0xac1cc0
CIRCLE: _ZN19AP_RCProtocol_SRXL26updateEv @ 0x6700f0
CIRCLE: _ZNK14AP_BattMonitor15get_temperatureERfh @ 0x6731d0
CIRCLE: _ZN2AP3rtcEv @ 0x6732a0
CIRCLE: _ZNK6AP_RTC12get_utc_usecERm @ 0x6733c0
CIRCLE: _ZN6AP_RTC13get_singletonEv @ 0xac28d0
CIRCLE: _ZN2AP9esc_telemEv @ 0x673720
CIRCLE: _ZNK12AP_ESC_Telem7get_rpmEhRf @ 0x6738c0
CIRCLE: _ZL3MINIffEDTqultfp_fp0_fp_fp0_ERKT_RKT0_.10179 @ 0x673a60
CIRCLE: _ZNVK20AP_ESC_Telem_Backend13TelemetryData5staleEv @ 0x673b50
CIRCLE: _ZN12AP_ESC_Telem13get_singletonEv @ 0x673bd0
CIRCLE: _ZN17AP_RCProtocol_DSM6updateEv @ 0x6770e0
CIRCLE: _ZN7HALSITL9Scheduler5delayEt @ 0x6789d0
CIRCLE: _ZN7HALSITL9Scheduler18delay_microsecondsEt @ 0x678ac0
CIRCLE: _ZN6AP_HAL9Scheduler24delay_microseconds_boostEt @ 0xac30b0
CIRCLE: _ZN6AP_HAL9Scheduler9boost_endEv @ 0xac31c0
CIRCLE: _ZNK6AP_HAL9Scheduler17in_delay_callbackEv @ 0xac3210
CIRCLE: _ZN7HALSITL9Scheduler21is_system_initializedEv @ 0xac3270
CIRCLE: _ZN7HALSITL9Scheduler10stop_clockEm @ 0x679030
CIRCLE: _ZNK7HALSITL9Scheduler14in_main_threadEv @ 0x6790d0
CIRCLE: _ZN7HALSITL10SITL_State10wait_clockEm @ 0x679790
CIRCLE: _ZNK4SITL8Aircraft11get_speedupEv @ 0xac3420
CIRCLE: _ZNK7HALSITL9Scheduler28semaphore_wait_hack_requiredEv @ 0x679940
CIRCLE: _ZN7HALSITL10SITL_State15_fdm_input_stepEv @ 0x6799c0
CIRCLE: _ZN7HALSITL10SITL_State16_fdm_input_localEv @ 0x679b10
CIRCLE: _ZNK7HALSITL9Scheduler22interrupts_are_blockedEv @ 0xac3470
CIRCLE: _ZN7HALSITL9Scheduler17sitl_begin_atomicEv @ 0xac34d0
CIRCLE: _ZN7HALSITL9Scheduler11timer_eventEv @ 0xac3530
CIRCLE: _ZN7HALSITL9Scheduler15sitl_end_atomicEv @ 0x679cb0
CIRCLE: _ZN7HALSITL10SITL_State16_update_airspeedEf @ 0x679d50
CIRCLE: _ZN7HALSITL10SITL_State19_update_rangefinderEv @ 0x67a0c0
CIRCLE: _ZNK7HALSITL10SITL_State18_sonar_pin_voltageEv @ 0x67a120
CIRCLE: _ZN7AP_Baro24get_EAS2TAS_for_alt_amslEf @ 0x67a290
CIRCLE: _ZL2sqf.13649 @ 0x67a310
CIRCLE: _ZN7AP_Baro28get_air_density_for_alt_amslEf @ 0x67a360
CIRCLE: _ZL3MAXIffEDTqugtfp_fp0_fp_fp0_ERKT_RKT0_.2214 @ 0x67a530
CIRCLE: _ZN7HALSITL9Scheduler16_run_timer_procsEv @ 0x67a5b0
CIRCLE: _ZN7HALSITL10SITL_State17_simulator_servosER10sitl_input @ 0x67a6b0
CIRCLE: _ZN4SITL11JSON_Master7receiveER10sitl_input @ 0x67b340
CIRCLE: _ZN7HALSITL10SITL_State22multicast_servo_updateER10sitl_input @ 0x67b7e0
CIRCLE: _ZN4SITL8Aircraft11update_homeEv @ 0x67b8c0
CIRCLE: _ZN4SITL8Aircraft12update_modelERK10sitl_input @ 0x67ba20
CIRCLE: _ZN4SITL8Aircraft8fill_fdmERNS_8sitl_fdmE @ 0x67bac0
CIRCLE: _ZN7HALSITL8CANIface14num_interfacesEv @ 0xac3570
CIRCLE: _ZNK4SITL8Aircraft20get_position_relhomeEv @ 0x67c690
CIRCLE: _ZN4SITL11JSON_Master4sendERKNS_8sitl_fdmERK7Vector3IdE @ 0x67c750
CIRCLE: _ZN7HALSITL17SITL_State_Common10sim_updateEv @ 0x67c9f0
CIRCLE: _ZN7HALSITL10SITL_State14set_height_aglEv @ 0x67d240
CIRCLE: _ZNK4SITL8Aircraft12get_locationEv @ 0xac35b0
CIRCLE: _ZNK4SITL8Aircraft15get_velocity_efEv @ 0xac3600
CIRCLE: _ZN4SITL3GPS6updateEv @ 0x67e610
CIRCLE: _ZN4SITL12SerialDevice17init_sitl_pointerEv @ 0x67fd60
CIRCLE: _ZN4SITL3GPS24check_backend_allocationEv @ 0x67fdf0
CIRCLE: _ZN4SITL3GPS16interpolate_dataERKNS_8GPS_DataEj @ 0x680400
CIRCLE: _ZL3MAXIifEDTqugtfp_fp0_fp_fp0_ERKT_RKT0_.14372 @ 0x680d90
CIRCLE: _ZNK4SITL11GPS_Backend11device_baudEv @ 0xac3c20
CIRCLE: _ZN4SITL11GPS_Backend11update_readEv @ 0x680f10
CIRCLE: _ZNK4SITL11GPS_Backend18write_to_autopilotEPKcm @ 0x681260
CIRCLE: _ZNK4SITL11GPS_Backend19read_from_autopilotEPcm @ 0x6812e0
CIRCLE: _ZN4SITL11GPS_Backend8gps_timeEv @ 0x681d80
CIRCLE: _ZNK7Vector2IdE6lengthEv @ 0xac3e40
CIRCLE: _ZN4SITL11GPS_Backend18simulation_timevalEP7timeval @ 0x6826b0
CIRCLE: _ZN4SITL9GPS_UBlox7publishEPKNS_8GPS_DataE @ 0x685580
CIRCLE: _Z4normIddJdEEdT_T0_DpKT1_ @ 0xac44e0
CIRCLE: _ZL7degreesf.14460 @ 0x686050
CIRCLE: _ZN4SITL9GPS_UBlox8send_ubxEhPht @ 0x686580
CIRCLE: _ZL3MAXIiiEDTqugtfp_fp0_fp_fp0_ERKT_RKT0_.14461 @ 0x686750
CIRCLE: _ZNK7Vector3IfE6is_nanEv @ 0xac4560
CIRCLE: _ZN7Matrix3IfE6rotateERK7Vector3IfE @ 0xac4630
CIRCLE: _ZNK7Vector2IfE5angleEv @ 0xac47e0
CIRCLE: _ZN7Matrix3IfEpLERKS0_ @ 0xac4850
CIRCLE: _ZNK7Matrix3IfEplERKS0_ @ 0xac48e0
CIRCLE: _Z2sqIdJddEEdT_DpKT0_ @ 0xac4a00
CIRCLE: _ZNK11QuaternionTIfE8to_eulerERfS1_S1_ @ 0xac4aa0
CIRCLE: _ZNK7Vector2IdE5angleEv @ 0xac4b50
CIRCLE: _ZNK11QuaternionTIfE13get_euler_yawEv @ 0xac4bb0
CIRCLE: _ZNK7Vector3IdEplERKS0_ @ 0xac55b0
CIRCLE: _ZN7Vector3IdEpLERKS0_ @ 0xac5650
CIRCLE: _ZN7Matrix3IdEC2Ev @ 0xac56f0
CIRCLE: _ZNK7Matrix3IdEmlERK7Vector3IdE @ 0xac5930
CIRCLE: _ZNK11QuaternionTIfEmlERK7Vector3IfE @ 0xac5c30
CIRCLE: _ZNK7Vector3IdEmiERKS0_ @ 0xac6120
CIRCLE: _Z11wrap_360_cdf @ 0x690200
CIRCLE: _ZNK7Vector3IdE6lengthEv @ 0xac6280
CIRCLE: _ZN7Vector3IdE4zeroEv @ 0xac62e0
CIRCLE: _ZNK4SITL8Aircraft7get_dcmEv @ 0xac6420
CIRCLE: _ZNK7Matrix3IfE10transposedEv @ 0xac6470
CIRCLE: _ZN7Matrix3IfE9normalizeEv @ 0xac6640
CIRCLE: _ZNK8Location22get_distance_NE_doubleERKS_ @ 0x6937b0
CIRCLE: _ZN7Vector3IdE2xyEv @ 0xac6910
CIRCLE: _ZN7Vector2IdEpLERKS0_ @ 0xac6960
CIRCLE: _ZN4SITL8Aircraft14smooth_sensorsEv @ 0x693d10
CIRCLE: _ZL7degreesf.16169 @ 0x694700
CIRCLE: _ZNK7Matrix3IfE8to_eulerEPfS1_S1_ @ 0xac69e0
CIRCLE: _ZNK7AP_EnumI8RotationEcvKS0_Ev @ 0xac6b00
CIRCLE: _ZNK8HAL_SITL32get_uart_output_full_queue_countEv @ 0x6947d0
CIRCLE: _ZNK4SITL8Aircraft16get_wall_time_usEv @ 0x694910
CIRCLE: _ZNK7Vector3IdEdvEd @ 0xac6ce0
CIRCLE: _ZNK11QuaternionTIfEdvERKS0_ @ 0xac6d80
CIRCLE: _ZNK11QuaternionTIfE7is_zeroEv @ 0xac6fd0
CIRCLE: _ZN4SITL8Aircraft12time_advanceEv @ 0x694990
CIRCLE: _ZN4SITL8Aircraft15sync_frame_timeEv @ 0x694a30
CIRCLE: _ZN9AP_Logger14WriteStreamingEPKcS1_S1_S1_S1_z @ 0x694d30
CIRCLE: _ZL3MAXI9AP_ParamTIfL11ap_var_type4EEdEDTqugtfp_fp0_fp_fp0_ERKT_RKT0_.13490 @ 0x6950a0
CIRCLE: _Z21calc_lowpass_alpha_dtff @ 0x695140
CIRCLE: _ZL3MAXIfiEDTqugtfp_fp0_fp_fp0_ERKT_RKT0_.13491 @ 0x695270
CIRCLE: _ZNK4SITL16FETtecOneWireESC7enabledEv @ 0xac70a0
CIRCLE: _ZNK4SITL4Volz7enabledEv @ 0xac7110
CIRCLE: _ZN7HALSITL17SITL_State_Common22update_voltage_currentER10sitl_inputf @ 0x695540
CIRCLE: _ZN8AP_Param18eeprom_write_checkEPKvth @ 0x697f70
CIRCLE: _ZNK4SITL8Aircraft22rangefinder_beam_widthEv @ 0xac9010
CIRCLE: _ZNK4SITL8Aircraft45perpendicular_distance_to_rangefinder_surfaceEv @ 0x698c90
CIRCLE: _ZNK4SITL8Aircraft9on_groundEv @ 0x698d80
CIRCLE: _ZNK4SITL8Aircraft4haglEv @ 0x698df0
CIRCLE: _ZNK4SITL8Aircraft24ground_height_differenceEv @ 0x698ec0
CIRCLE: _ZN4SITL8Aircraft15update_dynamicsERK7Vector3IfE @ 0x699730
CIRCLE: _ZN4SITL8Aircraft23update_external_payloadERK10sitl_input @ 0x69a7b0
CIRCLE: _ZN4SITL8Aircraft15update_positionEv @ 0x69ac40
CIRCLE: _ZN4SITL8Aircraft11update_windERK10sitl_input @ 0x69add0
CIRCLE: _ZN4SITL8Aircraft19update_mag_field_bfEv @ 0x69b260
CIRCLE: _ZNK8Location23get_distance_NED_doubleERKS_ @ 0x69b650
CIRCLE: _ZN4SITL8Aircraft17get_local_updraftERK7Vector3IdE @ 0x69b770
CIRCLE: _ZN7Vector2IdEmIERKS0_ @ 0xac9060
CIRCLE: _ZNK4SITL7Sprayer10is_enabledEv @ 0xac90f0
CIRCLE: _ZN4SITL3I2C6updateERKNS_8AircraftE @ 0x69c030
CIRCLE: _ZNK4SITL6Buzzer10is_enabledEv @ 0xac91a0
CIRCLE: _ZNK4SITL13Gripper_Servo10is_enabledEv @ 0xac9200
CIRCLE: _ZNK4SITL11Gripper_EPM10is_enabledEv @ 0xac92c0
CIRCLE: _ZNK4SITL9Parachute10is_enabledEv @ 0xac9370
CIRCLE: _ZNK4SITL12SIM_Precland10is_enabledEv @ 0xac93d0
CIRCLE: _ZN4SITL7ShipSim6updateEv @ 0x69d000
CIRCLE: _ZNK4SITL7ShipSim12get_locationER8Location @ 0x69d960
CIRCLE: _ZN7Vector2IfEpLERKS0_ @ 0xac9510
CIRCLE: _ZNK10DigitalLPFIfE3getEv @ 0xac96a0
CIRCLE: _ZN8Location16change_alt_frameENS_8AltFrameE @ 0x6a2780
CIRCLE: _ZNK7Vector3IdE14length_squaredEv @ 0xacb480
CIRCLE: _ZNK7Vector3IdEmlERKS0_ @ 0xacb5f0
CIRCLE: _ZNK7AP_AHRS11get_EAS2TASEv @ 0x6a3060
CIRCLE: _ZL2sqf.16184 @ 0x6a30f0
CIRCLE: _ZN4SITL8Aircraft19update_eas_airspeedEv @ 0x6a3140
CIRCLE: _ZN4SITL7ShipSim27get_ground_speed_adjustmentERK8LocationRf @ 0x6a32d0
CIRCLE: _ZN4SITL15SlungPayloadSim6updateERK7Vector3IdERKS1_IfES7_S7_ @ 0x6a35f0
CIRCLE: _ZN4SITL9TetherSim6updateERK8Location @ 0x6a3780
CIRCLE: _ZN4SITL8Aircraft17adjust_frame_timeEf @ 0x6a38f0
CIRCLE: _ZNK7Vector3IdE7is_zeroEv @ 0xacb7a0
CIRCLE: _ZN7Vector3IfE2xyEv @ 0xacb850
CIRCLE: _ZN7Vector2IfE4zeroEv @ 0xacb8a0
CIRCLE: _ZN7Vector3IfEmIERKS0_ @ 0xacb900
CIRCLE: _ZNK7Vector3IfE14length_squaredEv @ 0xacb9a0
CIRCLE: _ZNK7Vector3IfE9projectedERKS0_ @ 0xacba70
CIRCLE: _ZL7radiansi.16189 @ 0x6a6880
CIRCLE: _ZNK9AP_ParamTIfL11ap_var_type4EEplERKS1_ @ 0xacbbb0
CIRCLE: _ZN13LowPassFilterIfE20set_cutoff_frequencyERKf @ 0xacc2d0
CIRCLE: _ZN13LowPassFilterIfE5applyERKfS2_ @ 0xacc340
CIRCLE: _Z11is_positived @ 0xacca50
CIRCLE: _ZN4SITL8Aircraft16add_shove_forcesER7Vector3IfES3_ @ 0x6b5280
CIRCLE: _ZN7Vector3IfEmLERKS0_ @ 0xacd190
CIRCLE: _ZN7Vector3IfE9normalizeEv @ 0xacd230
CIRCLE: _ZN7Vector3IdEmIERKS0_ @ 0xad74b0
CIRCLE: _ZL7radiansd.16474 @ 0x6c76c0
CIRCLE: _ZNK4SITL5Frame15get_air_densityEf @ 0x6d0740
CIRCLE: _ZL2sqf.21180 @ 0x6d07a0
CIRCLE: _ZN4SITL11MultiCopter6updateERK10sitl_input @ 0x6d0ff0
CIRCLE: _ZN4SITL11MultiCopter16calculate_forcesERK10sitl_inputR7Vector3IfES6_ @ 0x6d1150
CIRCLE: _ZN4SITL8Aircraft5Clamp7clampedERS0_RK10sitl_input @ 0x6d1270
CIRCLE: _ZN4SITL5Frame19current_and_voltageERfS1_ @ 0x6d1480
CIRCLE: _ZN4SITL7Battery11set_currentEf @ 0x6d15c0
CIRCLE: _ZL3MAXIifEDTqugtfp_fp0_fp_fp0_ERKT_RKT0_.21086 @ 0x6d1850
CIRCLE: _ZNK4SITL7Battery11get_voltageEv @ 0x6d1ae0
CIRCLE: _ZNK4SITL5Motor11get_currentEv @ 0x6d1b40
CIRCLE: _ZN10DigitalLPFIfE5resetERKf @ 0xad7a90
CIRCLE: _ZN4SITL5Frame16calculate_forcesERKNS_8AircraftERK10sitl_inputR7Vector3IfES9_Pfb @ 0x6d1d20
CIRCLE: _ZN4SITL8Aircraft16add_twist_forcesER7Vector3IfE @ 0x6d2410
CIRCLE: _ZN4SITL8Aircraft19add_external_forcesER7Vector3IfE @ 0x6d2650
CIRCLE: _ZNK4SITL15SlungPayloadSim21get_forces_on_vehicleER7Vector3IfE @ 0x6d2840
CIRCLE: _ZNK4SITL9TetherSim21get_forces_on_vehicleER7Vector3IfE @ 0x6d28e0
CIRCLE: _ZNK4SITL8Aircraft8get_gyroEv @ 0xad7b00
CIRCLE: _ZNK4SITL8Aircraft19get_velocity_air_efEv @ 0xad7b50
CIRCLE: _ZN4SITL5Motor16calculate_forcesERK10sitl_inputhR7Vector3IfES6_RKS5_S8_ffb @ 0x6d2980
CIRCLE: _ZL7radiansd.21190 @ 0x6d35c0
CIRCLE: _ZNK4SITL8Aircraft10gross_massEv @ 0xad7bf0
CIRCLE: _ZNK4SITL5Motor14pwm_to_commandEf @ 0x6d3610
CIRCLE: _ZL3MAXIifEDTqugtfp_fp0_fp_fp0_ERKT_RKT0_.21285 @ 0x6d36e0
CIRCLE: _ZNK4SITL5Motor11calc_thrustEffff @ 0x6d3770
CIRCLE: _ZL3MAXIfdEDTqugtfp_fp0_fp_fp0_ERKT_RKT0_.21287 @ 0x6d3ae0
CIRCLE: _ZL2sqf.21288 @ 0x6d3b80
CIRCLE: _ZN7HALSITL7Storage10read_blockEPvtm @ 0x6d9fa0
CIRCLE: _ZN7HALSITL7Storage11write_blockEtPKvm @ 0x6da070
CIRCLE: _ZN7HALSITL7Storage11_timer_tickEv @ 0x6da190
CIRCLE: _ZN7HALSITL7Storage7healthyEv @ 0x6da3c0
CIRCLE: _ZNK7BitmaskILt2048EE5emptyEv @ 0xad8c20
CIRCLE: _ZNK7BitmaskILt2048EE3getEt @ 0xad8cc0
CIRCLE: _ZN10AP_RAMTRON5writeEjPKhj @ 0x6da500
CIRCLE: _ZN7BitmaskILt2048EE5clearEt @ 0xad8d90
CIRCLE: _ZNK8HAL_SITL25get_storage_posix_enabledEv @ 0xad8e50
CIRCLE: _ZNK7BitmaskILt2048EE8validateEt @ 0xad8f10
CIRCLE: _ZNK10AP_RAMTRON8get_sizeEv @ 0xad8fa0
CIRCLE: _ZN7HALSITL7Storage13_storage_openEv @ 0x6dab80
CIRCLE: _ZN7HALSITL7Storage11_mark_dirtyEtt @ 0x6dae90
CIRCLE: _ZN7BitmaskILt2048EE3setEt @ 0xad9040
CIRCLE: _ZN8AP_Param9save_syncEbb @ 0x6e1600
CIRCLE: _ZNK7NavEKF317option_is_enabledENS_6OptionE @ 0xada7e0
CIRCLE: _ZNK6AP_DAL6millisEv @ 0xada860
CIRCLE: _ZNK12NavEKF3_core10errorScoreEv @ 0x6e7890
CIRCLE: _ZNK12NavEKF3_core16have_aligned_yawEv @ 0xada8b0
CIRCLE: _ZNK12NavEKF3_core17have_aligned_tiltEv @ 0xada910
CIRCLE: _ZNK12NavEKF3_core19getLastPosDownResetERf @ 0x6e8070
CIRCLE: _ZNK12NavEKF3_core24getLastPosNorthEastResetER7Vector2IfE @ 0x6e80e0
CIRCLE: _ZNK7Vector2IdEmiERKS0_ @ 0xada970
CIRCLE: _ZNK12NavEKF3_core20getLastYawResetAngleERf @ 0x6e8170
CIRCLE: _ZNK12NavEKF3_core14getEulerAnglesER7Vector3IfE @ 0x6e81e0
CIRCLE: _ZNK11QuaternionTIdE8to_eulerER7Vector3IfE @ 0xadaa00
CIRCLE: _ZNK6AP_DAL8get_trimEv @ 0xadaa80
CIRCLE: _ZNK11QuaternionTIdE8to_eulerERfS1_S1_ @ 0xadaae0
CIRCLE: _ZNK11QuaternionTIdE14get_euler_rollEv @ 0xadaba0
CIRCLE: _ZNK11QuaternionTIdE15get_euler_pitchEv @ 0xadac50
CIRCLE: _ZNK11QuaternionTIdE13get_euler_yawEv @ 0xadacd0
CIRCLE: _Z9safe_asinIdEfT_ @ 0xadad80
CIRCLE: _ZL3MAXIfdEDTqugtfp_fp0_fp_fp0_ERKT_RKT0_.4771 @ 0x6e82a0
CIRCLE: _ZNK12NavEKF3_core20assume_zero_sideslipEv @ 0x6e8340
CIRCLE: _ZN6AP_DAL8airspeedEv @ 0xadae60
CIRCLE: _ZNK6AP_DAL15get_fly_forwardEv @ 0xadaf00
CIRCLE: _ZN19RestrictIDTypeArrayIP17CompassCalibratorLj3E14typesafe_indexIh12TAG_PriorityEEixERKS4_ @ 0xadb080
CIRCLE: _ZNK6AP_GPS15time_epoch_usecEv @ 0xadb990
CIRCLE: _ZNK6AP_GPS9time_weekEh @ 0xadbb00
CIRCLE: _ZNK6AP_GPS12time_week_msEh @ 0xadbb70
CIRCLE: _ZN3GCS12send_messageE10ap_message @ 0x6f2a30
CIRCLE: _ZNK6AP_GPS15time_epoch_usecEh @ 0x6f2ae0
CIRCLE: _ZNK14AP_GPS_Backend16get_last_itow_msEv @ 0x6f2c50
CIRCLE: _ZN6AP_GPS23istate_time_to_epoch_msEtj @ 0x6f2d10
CIRCLE: _ZN11SRV_Channel14set_output_pwmEtb @ 0x6f3610
CIRCLE: _ZN10AC_Sprayer3runEb @ 0x6f3700
CIRCLE: _ZN7AP_ADSB13check_startupEv @ 0x6f4880
CIRCLE: _ZNK7Vector2IfE6is_nanEv @ 0xadca40
CIRCLE: _ZN2AP8ac_avoidEv @ 0x701280
CIRCLE: _ZN8AC_Avoid13get_singletonEv @ 0xadd580
CIRCLE: _ZNK10AP_Gripper7enabledEv @ 0xadd630
CIRCLE: _ZN10AP_Vehicle13update_armingEv @ 0x701820
CIRCLE: _ZN7FunctorIvJEE14method_wrapperI10AP_VehicleXadL_ZNS2_13update_armingEvEEEEvPv @ 0xade650
CIRCLE: _ZN9AP_Arming6updateEv @ 0x701870
CIRCLE: _ZN8AP_Stats6updateEv @ 0x701960
CIRCLE: _ZN7FunctorIvJEE14method_wrapperI8AP_StatsXadL_ZNS2_6updateEvEEEEvPv @ 0xade700
CIRCLE: _ZN10AP_Filters6updateEv @ 0x701bd0
CIRCLE: _ZN7FunctorIvJEE14method_wrapperI10AP_FiltersXadL_ZNS2_6updateEvEEEEvPv @ 0xade7b0
CIRCLE: _ZNK7AP_EnumIN9AP_Filter10FilterTypeEEcvKS1_Ev @ 0xade860
CIRCLE: _ZN10AP_Vehicle17check_motor_noiseEv @ 0x702d10
CIRCLE: _ZN7FunctorIvJEE14method_wrapperI10AP_VehicleXadL_ZNS2_17check_motor_noiseEvEEEEvPv @ 0xadf060
CIRCLE: _ZNK10AP_GyroFFT15check_esc_noiseEv @ 0xadf110
CIRCLE: _ZNK17NotchFilterParams7enabledEv @ 0xadf340
CIRCLE: _ZN10AP_Vehicle13one_Hz_updateEv @ 0x7033f0
CIRCLE: _ZN7FunctorIvJEE14method_wrapperI10AP_VehicleXadL_ZNS2_13one_Hz_updateEvEEEEvPv @ 0xadf390
CIRCLE: _ZN12AP_Scripting6updateEv @ 0x7034d0
CIRCLE: _ZN16AP_SerialManager20registered_ports_logEv @ 0x703520
CIRCLE: _ZN12AP_Scripting13save_checksumEv @ 0x703600
CIRCLE: _ZN10AP_Gripper6updateEv @ 0x703700
CIRCLE: _ZN7FunctorIvJEE14method_wrapperI10AP_GripperXadL_ZNS2_6updateEvEEEEvPv @ 0xadf4d0
CIRCLE: _ZN6AP_EFI6updateEv @ 0x703870
CIRCLE: _ZN7FunctorIvJEE14method_wrapperI6AP_EFIXadL_ZNS2_6updateEvEEEEvPv @ 0xadf580
CIRCLE: _ZN6AP_AIS6updateEv @ 0x703cf0
CIRCLE: _ZN7FunctorIvJEE14method_wrapperI6AP_AISXadL_ZNS2_6updateEvEEEEvPv @ 0xadf630
CIRCLE: _ZN8AC_Fence6updateEv @ 0x703d40
CIRCLE: _ZN7FunctorIvJEE14method_wrapperI8AC_FenceXadL_ZNS2_6updateEvEEEEvPv @ 0xadf6e0
CIRCLE: _ZN19AC_PolyFence_loader6updateEv @ 0x703e70
CIRCLE: _ZN19AC_PolyFence_loader17load_from_storageEv @ 0x703f60
CIRCLE: _ZN10AP_Vehicle16accel_cal_updateEv @ 0x7053c0
CIRCLE: _ZN7FunctorIvJEE14method_wrapperI10AP_VehicleXadL_ZNS2_16accel_cal_updateEvEEEEvPv @ 0xadf8c0
CIRCLE: _ZN17AP_InertialSensor11acal_updateEv @ 0x705490
CIRCLE: _ZN17AP_InertialSensor12get_new_trimER7Vector3IfE @ 0x705560
CIRCLE: _ZN20AP_TemperatureSensor6updateEv @ 0x706b60
CIRCLE: _ZN7FunctorIvJEE14method_wrapperI20AP_TemperatureSensorXadL_ZNS2_6updateEvEEEEvPv @ 0xadf9c0
CIRCLE: _ZN10AP_Vehicle16publish_osd_infoEv @ 0x706e20
CIRCLE: _ZN7FunctorIvJEE14method_wrapperI10AP_VehicleXadL_ZNS2_16publish_osd_infoEvEEEEvPv @ 0xadfb10
CIRCLE: _ZN6AP_OSD12set_nav_infoERNS_7NavInfoE @ 0x706f40
CIRCLE: _ZN6AP_RPM6updateEv @ 0x706fb0
CIRCLE: _ZN7FunctorIvJEE14method_wrapperI6AP_RPMXadL_ZNS2_6updateEvEEEEvPv @ 0xadfbc0
CIRCLE: _ZNK6AP_RPM7Log_RPMEv @ 0x707190
CIRCLE: _ZNK6AP_RPM7enabledEh @ 0x7072b0
CIRCLE: _ZN14AP_OpenDroneID6updateEv @ 0x707360
CIRCLE: _ZN7FunctorIvJEE14method_wrapperI14AP_OpenDroneIDXadL_ZNS2_6updateEvEEEEvPv @ 0xadfce0
CIRCLE: _ZNK6AP_GPS8velocityEv @ 0xae1580
CIRCLE: _ZNK7AP_AHRS18groundspeed_vectorEv @ 0xae1660
CIRCLE: _ZNK6AP_GPS19horizontal_accuracyERf @ 0xae1740
CIRCLE: _ZNK6AP_GPS17vertical_accuracyERf @ 0xae17c0
CIRCLE: _ZNK6AP_GPS14speed_accuracyERf @ 0xae1840
CIRCLE: _ZNK6AP_GPS14speed_accuracyEhRf @ 0x70c050
CIRCLE: _ZNK6AP_GPS17vertical_accuracyEhRf @ 0x70c120
CIRCLE: _ZNK6AP_GPS19horizontal_accuracyEhRf @ 0x70c1f0
CIRCLE: _ZNK6AP_GPS14get_undulationEhRf @ 0x70c2c0
CIRCLE: _ZNK6AP_GPS8velocityEh @ 0xae18c0
CIRCLE: _ZN12AP_Generator6updateEv @ 0x70c390
CIRCLE: _ZN7FunctorIvJEE14method_wrapperI12AP_GeneratorXadL_ZNS2_6updateEvEEEEvPv @ 0xae1990
CIRCLE: _ZN14AP_Servo_Telem6updateEv @ 0x70c400
CIRCLE: _ZN7FunctorIvJEE14method_wrapperI14AP_Servo_TelemXadL_ZNS2_6updateEvEEEEvPv @ 0xae1a40
CIRCLE: _ZN14AP_Servo_Telem9write_logEv @ 0x70c450
CIRCLE: _ZN12AP_ESC_Telem6updateEv @ 0x70c900
CIRCLE: _ZN7FunctorIvJEE14method_wrapperI12AP_ESC_TelemXadL_ZNS2_6updateEvEEEEvPv @ 0xae1af0
CIRCLE: _ZNK12AP_ESC_Telem11get_raw_rpmEhRf @ 0x70cd40
CIRCLE: _ZN6AP_HAL15timeout_expiredIjjmEEbT_T0_T1_ @ 0xae1ba0
CIRCLE: _ZN10AP_Vehicle30send_watchdog_reset_statustextEv @ 0x70ce10
CIRCLE: _ZN7FunctorIvJEE14method_wrapperI10AP_VehicleXadL_ZNS2_30send_watchdog_reset_statustextEvEEEEvPv @ 0xae1c20
CIRCLE: _ZN8AP_Tramp6updateEv @ 0x70cf70
CIRCLE: _ZN7FunctorIvJEE14method_wrapperI8AP_TrampXadL_ZNS2_6updateEvEEEEvPv @ 0xae1cd0
CIRCLE: _ZN10AP_VideoTX6updateEv @ 0x70df50
CIRCLE: _ZN7FunctorIvJEE14method_wrapperI10AP_VideoTXXadL_ZNS2_6updateEvEEEEvPv @ 0xae1f00
CIRCLE: _ZN10AP_GyroFFT17update_parametersEv @ 0xae1fb0
CIRCLE: _ZN7FunctorIvJEE14method_wrapperI10AP_GyroFFTXadL_ZNS2_17update_parametersEvEEEEvPv @ 0xae2000
CIRCLE: _ZN10AP_GyroFFT17update_parametersEb @ 0x70e180
CIRCLE: _ZN10AP_GyroFFT6updateEv @ 0x70e520
CIRCLE: _ZN7FunctorIvJEE14method_wrapperI10AP_GyroFFTXadL_ZNS2_6updateEvEEEEvPv @ 0xae20b0
CIRCLE: _ZN14AP_NMEA_Output6updateEv @ 0x70e6b0
CIRCLE: _ZN7FunctorIvJEE14method_wrapperI14AP_NMEA_OutputXadL_ZNS2_6updateEvEEEEvPv @ 0xae2160
CIRCLE: _ZN7FunctorIvJEE14method_wrapperI9AP_NotifyXadL_ZNS2_6updateEvEEEEvPv @ 0xae2210
CIRCLE: _ZN7Compass10cal_updateEv @ 0x70f720
CIRCLE: _ZN7FunctorIvJEE14method_wrapperI7CompassXadL_ZNS2_10cal_updateEvEEEEvPv @ 0xae22c0
CIRCLE: _ZN11AP_Airspeed6updateEv @ 0x710090
CIRCLE: _ZN7FunctorIvJEE14method_wrapperI11AP_AirspeedXadL_ZNS2_6updateEvEEEEvPv @ 0xae23d0
CIRCLE: _ZNK11AP_Airspeed11get_primaryEv @ 0xae2560
CIRCLE: _ZN10AP_GyroFFT12sample_gyrosEv @ 0x712340
CIRCLE: _ZN7FunctorIvJEE14method_wrapperI10AP_GyroFFTXadL_ZNS2_12sample_gyrosEvEEEEvPv @ 0xae25b0
CIRCLE: _ZN10AP_Vehicle4loopEv @ 0x712c30
CIRCLE: _ZN12AP_Scheduler4loopEv @ 0x712ed0
CIRCLE: _ZN12AP_Scheduler17get_loop_period_sEv @ 0xae57d0
CIRCLE: _ZN17AP_InertialSensor15wait_for_sampleEv @ 0x713470
CIRCLE: _ZN12AP_Scheduler4tickEv @ 0x7139b0
CIRCLE: _ZN12AP_Scheduler3runEj @ 0x713a10
CIRCLE: _ZN2AP8PerfInfo15check_loop_timeEj @ 0x713fc0
CIRCLE: _ZL15fill_nanf_stackv @ 0x714150
CIRCLE: _ZN2AP8PerfInfo16update_task_infoEhtb @ 0x7141a0
CIRCLE: _ZNK7AP_AHRS24_get_primary_accel_indexEv @ 0x71ab00
CIRCLE: _ZNK7AP_AHRS22_get_primary_IMU_indexEv @ 0x71ab50
CIRCLE: _ZNK7NavEKF322getPrimaryCoreIMUIndexEv @ 0x71acb0
CIRCLE: _ZNK17AP_InertialSensor21get_first_usable_gyroEv @ 0xae5c40
CIRCLE: _ZNK12NavEKF3_core11getIMUIndexEv @ 0xae5c90
CIRCLE: _ZNK14AP_BattMonitor17has_cell_voltagesEh @ 0x71ade0
CIRCLE: _ZN2AP3EFIEv @ 0x71b630
CIRCLE: _ZN6AP_EFI13get_singletonEv @ 0xae6620
CIRCLE: _ZN7FunctorIvJEE14method_wrapperI10AP_VehicleXadL_ZNS2_18fence_checks_asyncEvEEEEvPv @ 0xae6fc0
CIRCLE: _ZN13AP_Filesystem5writeEiPKvj @ 0x71c3a0
CIRCLE: _ZN6AP_HAL6Device14write_registerEhhb @ 0x722450
CIRCLE: _ZNK7FunctorIvJhPhjbEEcvbEv @ 0xae9cd0
CIRCLE: _ZL3MAXIjjEDTqugtfp_fp0_fp_fp0_ERKT_RKT0_.4719 @ 0x72a9f0
CIRCLE: _ZN15ekf_ring_buffer4pushEPKv @ 0x72aa70
CIRCLE: _ZNK15ekf_ring_buffer10get_offsetEh @ 0x72ab70
CIRCLE: _ZL7radiansf.4725 @ 0x72bf10
CIRCLE: _ZN11QuaternionTIdEC2Edddd @ 0xaebdf0
CIRCLE: _ZN11QuaternionTIfEmLERKS0_ @ 0xaebea0
CIRCLE: _ZNK7AP_AHRS8get_gyroEv @ 0xaef5b0
CIRCLE: _ZNK7AP_AHRS17airspeed_estimateERf @ 0x759930
CIRCLE: _ZNK17AP_InertialSensor20get_vibration_levelsEv @ 0xaef610
CIRCLE: _ZNK17AP_InertialSensor20get_vibration_levelsEh @ 0x759a30
CIRCLE: _ZNK10DigitalLPFI7Vector3IfEE3getEv @ 0xaef690
CIRCLE: _ZNK11QuaternionTIdE7is_zeroEv @ 0xaef740
CIRCLE: _ZN12NavEKF3_core18getEarthFieldTableERK8Location @ 0x75b100
CIRCLE: _ZN14AP_Declination15get_declinationEff @ 0x75b200
CIRCLE: _ZNK12NavEKF3_core14MagDeclinationEv @ 0x75b290
CIRCLE: _ZN12NavEKF3_core8zeroRowsERA24_A24_dhh @ 0x75b370
CIRCLE: _ZN12NavEKF3_core8zeroColsERA24_A24_dhh @ 0x75b430
CIRCLE: _ZN12NavEKF3_core15FuseDeclinationEd @ 0x75b4f0
CIRCLE: _ZN18NavEKF_core_common10zero_rangeEPdhh @ 0xaef8e0
CIRCLE: _ZN12NavEKF3_core13ForceSymmetryEv @ 0x75c550
CIRCLE: _ZN12NavEKF3_core18ConstrainVariancesEv @ 0x75c6a0
CIRCLE: _ZN11QuaternionTIdE9normalizeEv @ 0xaef970
CIRCLE: _ZNK11QuaternionTIdE6lengthEv @ 0xaefa50
CIRCLE: _Z20constrain_value_lineIdET_S0_S0_S0_j @ 0xaefb10
CIRCLE: _Z2sqI9AP_ParamTIfL11ap_var_type4EEEdT_ @ 0xaefc30
CIRCLE: _ZNK9AP_ParamTIfL11ap_var_type4EEcvdEv @ 0xaefc90
CIRCLE: _ZL7radiansf.4927 @ 0x75d110
CIRCLE: _ZL2sqf.4850 @ 0x75dc30
CIRCLE: _ZNK8Location21get_distance_NE_ftypeERKS_ @ 0x75dd80
CIRCLE: _ZN16EKF_IMU_buffer_tIN12NavEKF3_core15output_elementsEEixEj @ 0xaefdb0
CIRCLE: _ZNK14ekf_imu_buffer3getEh @ 0x75e030
CIRCLE: _ZNK14ekf_imu_buffer10get_offsetEh @ 0x75e090
CIRCLE: _ZNK14AP_BattMonitor24voltage_resting_estimateEh @ 0x75fb80
CIRCLE: _ZNK14AP_BattMonitor11consumed_whERfh @ 0x75fc30
CIRCLE: _ZNK6AP_GPS8get_vdopEh @ 0xaeff10
CIRCLE: _ZNK6AP_GPS16last_fix_time_msEh @ 0xaeff80
CIRCLE: _ZNK6AP_GPS20last_message_time_msEh @ 0xaefff0
CIRCLE: _ZNK6AP_GPS22have_vertical_velocityEh @ 0xaf0060
CIRCLE: _ZNK6AP_GPS18get_antenna_offsetEh @ 0x761da0
CIRCLE: _ZNK14AP_GPS_Blended18get_antenna_offsetEv @ 0xaf00e0
CIRCLE: _ZNK6AP_GPS11gps_yaw_degEhRfS0_Rj @ 0x761e70
CIRCLE: _ZNK6AP_GPS11is_rtk_baseEh @ 0x762060
CIRCLE: _ZNK6AP_GPS12have_gps_yawEh @ 0xaf0130
CIRCLE: _ZNK12AP_Proximity10get_statusEv @ 0x762da0
CIRCLE: _ZNK12AP_Proximity11num_sensorsEv @ 0xaf01d0
CIRCLE: _ZNK11RangeFinder13status_orientE8Rotation @ 0x763e80
CIRCLE: _ZNK10AP_Vehicle18get_time_flying_msEv @ 0xaf06e0
CIRCLE: _ZN12SRV_Channels23get_output_channel_maskEN11SRV_Channel8FunctionE @ 0x7697e0
CIRCLE: _ZN12SRV_Channels14set_output_pwmEN11SRV_Channel8FunctionEt @ 0x76a510
CIRCLE: _ZN11SRV_Channel9output_chEv @ 0x76a600
CIRCLE: _ZNK10RC_Channel13norm_input_dzEv @ 0x76a960
CIRCLE: _ZN11SRV_Channel12set_overrideEb @ 0xaf08e0
CIRCLE: _ZN12SRV_Channels17set_output_scaledEN11SRV_Channel8FunctionEf @ 0x76af20
CIRCLE: _ZNK10AP_Mission5stateEv @ 0xaf0ca0
CIRCLE: _ZN19AP_ServoRelayEvents13update_eventsEv @ 0x773f30
CIRCLE: _ZN17AP_Logger_Backend17Write_Mission_CmdERK10AP_MissionRKNS0_15Mission_CommandE11LogMessages @ 0x774180
CIRCLE: _ZNK9AP_Motors14initialised_okEv @ 0xaf1650
CIRCLE: _ZNK9AP_Motors16get_thrust_boostEv @ 0xaf16b0
CIRCLE: _ZNK20AP_MotorsMulticopter18get_pwm_output_minEv @ 0xaf1910
CIRCLE: _ZNK20AP_MotorsMulticopter18get_pwm_output_maxEv @ 0xaf1970
CIRCLE: _ZNK9AP_Motors13get_interlockEv @ 0xaf1f20
CIRCLE: _ZNK9AP_Motors8get_rollEv @ 0xaf1fd0
CIRCLE: _ZNK9AP_Motors11get_roll_ffEv @ 0xaf2020
CIRCLE: _ZNK9AP_Motors9get_pitchEv @ 0xaf2070
CIRCLE: _ZNK9AP_Motors12get_pitch_ffEv @ 0xaf20c0
CIRCLE: _ZNK9AP_Motors7get_yawEv @ 0xaf2110
CIRCLE: _ZNK9AP_Motors10get_yaw_ffEv @ 0xaf2160
CIRCLE: _ZNK9AP_Motors12get_throttleEv @ 0xaf21b0
CIRCLE: _ZNK9AP_Motors15get_spool_stateEv @ 0xaf22c0
CIRCLE: _ZNK9AP_Follow11have_targetEv @ 0x77a9b0
CIRCLE: _ZN9AP_Follow13get_singletonEv @ 0xaf2310
CIRCLE: _ZNK6AC_PID12get_pid_infoEv @ 0xaf2490
CIRCLE: _ZNK18AC_AttitudeControl23get_att_error_angle_degEv @ 0xaf2520
CIRCLE: _ZL7degreesf.1032 @ 0x77b810
CIRCLE: _ZNK13AC_PosControl12is_active_NEEv @ 0x77c180
CIRCLE: _ZNK13AC_PosControl11is_active_UEv @ 0x77c200
CIRCLE: _ZNK12AP_Scheduler7ticks32Ev @ 0xaf25c0
CIRCLE: _ZN12AP_Scripting19is_handling_commandEt @ 0x780c20
CIRCLE: _ZNK10RC_Channel10norm_inputEv @ 0x7a12b0
CIRCLE: _ZNK7Vector3IfE6is_infEv @ 0xaf3200
CIRCLE: _ZN7Vector2IfE9normalizeEv @ 0xaf3530
CIRCLE: _ZN7Vector2IfEdVEf @ 0xaf3590
CIRCLE: _ZNK7Vector2IfE6is_infEv @ 0xaf3610
CIRCLE: _ZN11QuaternionTIfE15from_axis_angleERK7Vector3IfEf @ 0xaf37b0
CIRCLE: _ZL3MAXIjjEDTqugtfp_fp0_fp_fp0_ERKT_RKT0_.6253 @ 0x7b3860
CIRCLE: _ZN9AP_Logger19file_content_updateEv @ 0x7b3a60
CIRCLE: _ZN9AP_Logger19file_content_updateERNS_11FileContentE @ 0x7b3bc0
CIRCLE: _ZN17AP_Logger_Backend13Write_MessageEPKc @ 0x7b4400
CIRCLE: _ZNK19LoggerMessageWriter32out_of_time_for_writing_messagesEv @ 0x7b44c0
CIRCLE: _ZN38LoggerMessageWriter_WriteEntireMission7processEv @ 0x7b47f0
CIRCLE: _ZN30LoggerMessageWriter_DFLogStart7processEv @ 0x7b51c0
CIRCLE: _ZNK30LoggerMessageWriter_DFLogStart35out_of_time_for_writing_messages_dfEv @ 0x7b57c0
CIRCLE: _ZN17AP_Logger_Backend14periodic_tasksEv @ 0x7b6420
CIRCLE: _ZNK17AP_Logger_Backend13StartNewLogOKEv @ 0x7b6810
CIRCLE: _ZN17AP_Logger_Backend24WriteMoreStartupMessagesEv @ 0x7b68f0
CIRCLE: _ZNK17AP_Logger_Backend15logging_enabledEv @ 0x7b8910
CIRCLE: _ZN17AP_Logger_Backend13periodic_10HzEj @ 0x7b8a40
CIRCLE: _ZN17AP_Logger_Backend12periodic_1HzEv @ 0x7b8a90
CIRCLE: _ZN17AP_Logger_Backend15push_log_blocksEv @ 0x7b8b20
CIRCLE: _ZN17AP_Logger_Backend12df_stats_logEv @ 0x7b8b80
CIRCLE: _ZN17AP_Logger_Backend26Write_AP_Logger_Stats_FileERKNS_8df_statsE @ 0x7b8bf0
CIRCLE: _ZN17AP_Logger_Backend14df_stats_clearEv @ 0x7b8d00
CIRCLE: _ZNK30LoggerMessageWriter_DFLogStart8fmt_doneEv @ 0xaf5610
CIRCLE: _ZNK17AP_Logger_Backend31critical_message_reserved_spaceEj @ 0xaf56e0
CIRCLE: _ZN17AP_Logger_Backend15df_stats_gatherEtj @ 0x7bb1d0
CIRCLE: _ZNK14AP_Logger_File12CardInsertedEv @ 0x7bcf20
CIRCLE: _ZNK14AP_Logger_File15logging_startedEv @ 0xaf5b70
CIRCLE: _ZN14AP_Logger_File21bufferspace_availableEv @ 0x7bded0
CIRCLE: _ZNK14AP_Logger_File14logging_failedEv @ 0x7be4e0
CIRCLE: _ZN14AP_Logger_File8io_timerEv @ 0x7be5a0
CIRCLE: _ZN14AP_Logger_File12periodic_1HzEv @ 0x7beb70
CIRCLE: _ZN14AP_Logger_File17periodic_fullrateEv @ 0x7bee20
CIRCLE: _ZNK14AP_Logger_File8WritesOKEv @ 0x7bee70
CIRCLE: _ZNK14AP_Logger_File13StartNewLogOKEv @ 0x7bef00
CIRCLE: _ZN14AP_Logger_File22_WritePrioritisedBlockEPKvtb @ 0x7bf0b0
CIRCLE: _ZN7AP_AHRS6updateEb @ 0x7bf320
CIRCLE: _ZN7AP_AHRS18update_orientationEv @ 0x7bf660
CIRCLE: _ZN17AP_InertialSensor6updateEv @ 0x7bf760
CIRCLE: _ZN7AP_AHRS29update_trim_rotation_matricesEv @ 0x7bfdd0
CIRCLE: _ZN7AP_AHRS10update_DCMEv @ 0x7bfee0
CIRCLE: _ZN7AP_AHRS12update_flagsEv @ 0x7bff80
CIRCLE: _ZN7AP_AHRS11update_SITLEv @ 0x7c0040
CIRCLE: _ZN7AP_AHRS15update_externalEv @ 0x7c00f0
CIRCLE: _ZN7AP_AHRS11update_EKF2Ev @ 0x7c0210
CIRCLE: _ZN7AP_AHRS11update_EKF3Ev @ 0x7c0700
CIRCLE: _ZNK7AP_AHRS14get_gyro_driftEv @ 0xaf5bd0
CIRCLE: _ZN12AP_AHRS_View6updateEv @ 0x7c0c40
CIRCLE: _ZN7AP_AHRS14update_AOA_SSAEv @ 0x7c0ef0
CIRCLE: _ZNK7AP_AHRS16_active_EKF_typeEv @ 0x7c0f40
CIRCLE: _ZN7AP_AHRS12update_stateEv @ 0x7c1470
CIRCLE: _ZNK7AP_AHRS23_get_primary_gyro_indexEv @ 0x7c1710
CIRCLE: _ZNK7AP_AHRS23_get_primary_core_indexEv @ 0x7c17c0
CIRCLE: _ZNK7AP_AHRS14_wind_estimateER7Vector3IfE @ 0x7c1890
CIRCLE: _ZN15AP_AHRS_Backend11get_EAS2TASEv @ 0x7c19c0
CIRCLE: _ZNK7AP_AHRS13_airspeed_EASERfRNS_20AirspeedEstimateTypeE @ 0x7c1a00
CIRCLE: _ZNK7AP_AHRS13_airspeed_TASERf @ 0x7c1f80
CIRCLE: _ZNK7AP_AHRS13_airspeed_TASER7Vector3IfE @ 0x7c2090
CIRCLE: _ZNK7AP_AHRS15_get_quaternionER11QuaternionTIfE @ 0x7c2170
CIRCLE: _ZNK7AP_AHRS23_get_secondary_attitudeER7Vector3IfE @ 0x7c2330
CIRCLE: _ZNK7AP_AHRS25_get_secondary_quaternionER11QuaternionTIfE @ 0x7c2530
CIRCLE: _ZNK7AP_AHRS13_get_locationER8Location @ 0x7c26e0
CIRCLE: _ZNK7AP_AHRS23_get_secondary_positionER8Location @ 0x7c2860
CIRCLE: _ZN7AP_AHRS19_groundspeed_vectorEv @ 0x7c29b0
CIRCLE: _ZN7AP_AHRS12_groundspeedEv @ 0x7c2ae0
CIRCLE: _ZNK7AP_AHRS29_getCorrectedDeltaVelocityNEDER7Vector3IfERf @ 0x7c2bb0
CIRCLE: _ZNK7AP_AHRS17_get_velocity_NEDER7Vector3IfE @ 0x7c2e40
CIRCLE: _ZNK7NavEKF39getVelNEDER7Vector3IfE @ 0x7c3000
CIRCLE: _ZNK12NavEKF3_core9getVelNEDER7Vector3IfE @ 0x7c3330
CIRCLE: _ZNK7NavEKF312getAccelBiasEaR7Vector3IfE @ 0x7c3520
CIRCLE: _ZNK17AP_InertialSensor18get_delta_velocityEhR7Vector3IfERf @ 0x7c35f0
CIRCLE: _ZNK7AP_AHRS43get_rotation_autopilot_body_to_vehicle_bodyEv @ 0xaf5cc0
CIRCLE: _ZNK17AP_InertialSensor14get_delta_timeEv @ 0xaf5d10
CIRCLE: _ZL3MINIffEDTqultfp_fp0_fp_fp0_ERKT_RKT0_.3694 @ 0x7c37a0
CIRCLE: _ZL3MINIffEDTqultfp_fp0_fp_fp0_ERKT_RKT0_.2119 @ 0x7c3830
CIRCLE: _ZNK12NavEKF3_core12getAccelBiasER7Vector3IfE @ 0x7c38c0
CIRCLE: _ZL7radiansf.2107 @ 0x7c3fb0
CIRCLE: _ZN7Vector2IfEmLEf @ 0xaf5e80
CIRCLE: _ZNK7AP_AHRS23_get_secondary_EKF_typeERNS_7EKFTypeE @ 0x7c4000
CIRCLE: _ZNK7NavEKF36getLLHER8Location @ 0x7c41f0
CIRCLE: _ZNK12NavEKF3_core6getLLHER8Location @ 0x7c4290
CIRCLE: _ZNK7AP_AHRS24fallback_active_EKF_typeEv @ 0x7c4860
CIRCLE: _ZNK11AP_AHRS_DCM14get_quaternionER11QuaternionTIfE @ 0x7c48b0
CIRCLE: _ZNK7NavEKF313getQuaternionER11QuaternionTIfE @ 0x7c49b0
CIRCLE: _ZN11QuaternionTIfE6rotateERK7Vector3IfE @ 0xaf5ff0
CIRCLE: _ZN11QuaternionTIfE15from_axis_angleE7Vector3IfE @ 0xaf60a0
CIRCLE: _ZN15AP_ExternalAHRS14get_quaternionER11QuaternionTIfE @ 0x7c4ab0
CIRCLE: _ZNK12NavEKF3_core13getQuaternionER11QuaternionTIfE @ 0x7c4b60
CIRCLE: _ZNK11QuaternionTIdE7tofloatEv @ 0xaf6180
CIRCLE: _ZNK7NavEKF314getEulerAnglesER7Vector3IfE @ 0x7c4d10
CIRCLE: _ZNK7NavEKF312getAirSpdVecER7Vector3IfE @ 0x7c4ef0
CIRCLE: _ZNK12NavEKF3_core12getAirSpdVecER7Vector3IfE @ 0x7c4f90
CIRCLE: _ZNK11QuaternionTIdE7inverseEv @ 0xaf6200
CIRCLE: _ZNK7AP_AHRS25get_active_airspeed_indexEv @ 0x7c5390
CIRCLE: _ZNK7AP_AHRS27_should_use_airspeed_sensorEh @ 0x7c5490
CIRCLE: _ZNK7AP_AHRS27get_wind_estimation_enabledEv @ 0xaf62b0
CIRCLE: _ZNK7NavEKF37getWindER7Vector3IfE @ 0x7c57a0
CIRCLE: _ZNK12NavEKF3_core7getWindER7Vector3IfE @ 0x7c58c0
CIRCLE: _ZN15AP_AHRS_Backend23airspeed_sensor_enabledEh @ 0xaf6370
CIRCLE: _ZNK7AP_AHRS23airspeed_sensor_enabledEh @ 0xaf6450
CIRCLE: _ZNK7NavEKF317getActiveAirspeedEv @ 0x7c5a90
CIRCLE: _ZNK12NavEKF3_core17getActiveAirspeedEv @ 0x7c5b20
CIRCLE: _ZNK7AP_Baro12_get_EAS2TASEv @ 0x7c5b70
CIRCLE: _ZNK7AP_Baro20get_EAS2TAS_extendedEf @ 0x7c5be0
CIRCLE: _ZNK7NavEKF319getPrimaryCoreIndexEv @ 0x7c5eb0
CIRCLE: _ZNK7NavEKF315getFilterFaultsERt @ 0x7c5fc0
CIRCLE: _ZNK16AP_NavEKF_Source14getPosXYSourceEh @ 0xaf6610
CIRCLE: _ZL7degreesf.18358 @ 0x7c61b0
CIRCLE: _ZNK7AP_AHRS9calc_trigERK7Matrix3IfERfS4_S4_S4_S4_S4_ @ 0x7c6200
CIRCLE: _ZNK9AP_Logger15allow_start_ekfEv @ 0x7c65f0
CIRCLE: _ZN7NavEKF312UpdateFilterEv @ 0x7c6cc0
CIRCLE: _ZNK7NavEKF320getRotationBodyToNEDER7Matrix3IfE @ 0x7c7290
CIRCLE: _ZN7AP_AHRS16update_cd_valuesEv @ 0x7c7320
CIRCLE: _ZN7AP_AHRS11update_trigEv @ 0x7c7460
CIRCLE: _ZNK17AP_InertialSensor22get_first_usable_accelEv @ 0xaf6690
CIRCLE: _ZNK7NavEKF311getGyroBiasEaR7Vector3IfE @ 0x7c7540
CIRCLE: _ZN7AP_AHRS32update_notify_from_filter_statusERK17nav_filter_status @ 0x7c7610
CIRCLE: _ZNK12NavEKF3_core11getGyroBiasER7Vector3IfE @ 0x7c76c0
CIRCLE: _ZL7degreesf.2051 @ 0x7c77a0
CIRCLE: _ZN6AP_DAL11start_frameENS_9FrameTypeE @ 0x7c77f0
CIRCLE: _ZNK6AP_DAL8micros64Ev @ 0xaf66e0
CIRCLE: _ZNK12NavEKF3_core21getFramesSincePredictEv @ 0x7c7cd0
CIRCLE: _ZN6AP_DAL22ekf_low_time_remainingENS_7EKFTypeEh @ 0x7c7d30
CIRCLE: _ZN12NavEKF3_core12UpdateFilterEb @ 0x7c7e70
CIRCLE: _ZNK6AP_DAL9get_armedEv @ 0xaf6730
CIRCLE: _ZN7NavEKF321updateCoreErrorScoresEv @ 0x7c80a0
CIRCLE: _ZN7NavEKF324updateCoreRelativeErrorsEv @ 0x7c8160
CIRCLE: _ZNK7NavEKF315coreBetterScoreEhh @ 0x7c8300
CIRCLE: _ZN16AP_NavEKF_Source22align_inactive_sourcesEv @ 0x7c8500
CIRCLE: _ZNK16AP_NavEKF_Source13getPosZSourceEh @ 0x7c87b0
CIRCLE: _ZNK7AP_EnumIN16AP_NavEKF_Source7SourceZEEcvKS1_Ev @ 0xaf6810
CIRCLE: _ZL3MAXI9AP_ParamTIfL11ap_var_type4EEfEDTqugtfp_fp0_fp_fp0_ERKT_RKT0_.4508 @ 0x7c8990
CIRCLE: _ZN18NavEKF_core_common22fill_scratch_variablesEv @ 0x7c8a20
CIRCLE: _ZN12NavEKF3_core23update_sensor_selectionEv @ 0x7c8ac0
CIRCLE: _ZN12NavEKF3_core18controlFilterModesEv @ 0x7c8b30
CIRCLE: _ZN12NavEKF3_core11readIMUDataEb @ 0x7c8c00
CIRCLE: _ZN12NavEKF3_core27UpdateStrapdownEquationsNEDEv @ 0x7c94d0
CIRCLE: _ZN12NavEKF3_core20CovariancePredictionEP7Vector3IdE @ 0x7c99b0
CIRCLE: _ZN12NavEKF3_core25runYawEstimatorPredictionEv @ 0x7d41a0
CIRCLE: _ZN12NavEKF3_core15SelectMagFusionEv @ 0x7d4300
CIRCLE: _ZN12NavEKF3_core18SelectVelPosFusionEv @ 0x7d5030
CIRCLE: _ZN12NavEKF3_core25runYawEstimatorCorrectionEv @ 0x7d59f0
CIRCLE: _ZN12NavEKF3_core18SelectRngBcnFusionEv @ 0x7d5be0
CIRCLE: _ZN12NavEKF3_core16SelectFlowFusionEv @ 0x7d5d10
CIRCLE: _ZN12NavEKF3_core20SelectBodyOdomFusionEv @ 0x7d5ff0
CIRCLE: _ZN12NavEKF3_core15SelectTasFusionEv @ 0x7d62a0
CIRCLE: _ZN12NavEKF3_core20SelectBetaDragFusionEv @ 0x7d63a0
CIRCLE: _ZN12NavEKF3_core18updateFilterStatusEv @ 0x7d6660
CIRCLE: _ZN12NavEKF3_core13moveEKFOriginEv @ 0x7d6fa0
CIRCLE: _ZN12NavEKF3_core21checkUpdateEarthFieldEv @ 0x7d7150
CIRCLE: _ZN12NavEKF3_core16calcOutputStatesEv @ 0x7d7210
CIRCLE: _ZN12NavEKF3_core11readMagDataEv @ 0x7d8560
CIRCLE: _ZN12NavEKF3_core11readGpsDataEv @ 0x7d8a70
CIRCLE: _ZN12NavEKF3_core14readGpsYawDataEv @ 0x7d9400
CIRCLE: _ZN12NavEKF3_core12readBaroDataEv @ 0x7d9530
CIRCLE: _ZN6AP_DAL3insEv @ 0xaf68c0
CIRCLE: _ZNK21AP_DAL_InertialSensor9get_accelEh @ 0xaf6910
CIRCLE: _ZL2sqf.4910 @ 0x7db560
CIRCLE: _ZNK16AP_NavEKF_Source13useVelZSourceENS_7SourceZEh @ 0x7db6d0
CIRCLE: _ZNK12NavEKF3_core26CorrectGPSForAntennaOffsetERNS_12gps_elementsE @ 0x7db800
CIRCLE: _ZNK10AP_DAL_GPS18get_antenna_offsetEh @ 0xaf6be0
CIRCLE: _ZNK7Vector3IdErmERKS0_ @ 0xaf6c50
CIRCLE: _ZNK7Matrix3IdE13mul_transposeERK7Vector3IdE @ 0xaf6d30
CIRCLE: _ZN7Vector3IdEdVEd @ 0xaf6e40
CIRCLE: _ZNK21AP_DAL_InertialSensor16get_loop_delta_tEv @ 0xaf6ed0
CIRCLE: _ZNK14AP_DAL_Compass16get_first_usableEv @ 0xaf72f0
CIRCLE: _ZNK11AP_DAL_Baro15get_last_updateEh @ 0xaf7560
CIRCLE: _ZNK11AP_DAL_Baro12get_altitudeEh @ 0xaf75d0
CIRCLE: _ZN16EKF_obs_buffer_tIN12NavEKF3_core13baro_elementsEE4pushERKS1_ @ 0xaf7640
CIRCLE: _ZNK10AP_DAL_GPS11gps_yaw_degEhRfS0_Rj @ 0xaf76b0
CIRCLE: _ZL3MAXIfdEDTqugtfp_fp0_fp_fp0_ERKT_RKT0_ @ 0x7dc200
CIRCLE: _ZNK10AP_DAL_GPS20last_message_time_msEh @ 0xaf77d0
CIRCLE: _ZNK10AP_DAL_GPS7get_lagEhRf @ 0xaf7840
CIRCLE: _ZL3MINIjjEDTqultfp_fp0_fp_fp0_ERKT_RKT0_.4728 @ 0x7dc400
CIRCLE: _ZNK10AP_DAL_GPS8velocityEh @ 0xaf78f0
CIRCLE: _ZNK10AP_DAL_GPS22have_vertical_velocityEh @ 0xaf7960
CIRCLE: _ZNK10AP_DAL_GPS14speed_accuracyEhRf @ 0xaf79e0
CIRCLE: _ZL3MAXIdfEDTqugtfp_fp0_fp_fp0_ERKT_RKT0_.4723 @ 0x7dc480
CIRCLE: _ZL3MINIdfEDTqultfp_fp0_fp_fp0_ERKT_RKT0_ @ 0x7dc520
CIRCLE: _ZL3MAXId9AP_ParamTIfL11ap_var_type4EEEDTqugtfp_fp0_fp_fp0_ERKT_RKT0_ @ 0x7dc5c0
CIRCLE: _ZNK10AP_DAL_GPS19horizontal_accuracyEhRf @ 0xaf7a90
CIRCLE: _ZNK10AP_DAL_GPS17vertical_accuracyEhRf @ 0xaf7b40
CIRCLE: _ZNK10AP_DAL_GPS8num_satsEh @ 0xaf7bf0
CIRCLE: _ZN12NavEKF3_core18calcGpsGoodToAlignEv @ 0x7dc670
CIRCLE: _ZN12NavEKF3_core20calcGpsGoodForFlightEv @ 0x7dd5d0
CIRCLE: _ZN16EKF_obs_buffer_tIN12NavEKF3_core12gps_elementsEE4pushERKS1_ @ 0xaf7c60
CIRCLE: _ZL3MAXIddEDTqugtfp_fp0_fp_fp0_ERKT_RKT0_.4888 @ 0x7dda90
CIRCLE: _ZL3MINIdfEDTqultfp_fp0_fp_fp0_ERKT_RKT0_.4875 @ 0x7ddb10
CIRCLE: _ZNK10AP_DAL_GPS8get_hdopEh @ 0xaf7cd0
CIRCLE: _ZNK14AP_DAL_Compass9get_countEv @ 0xaf7d40
CIRCLE: _ZNK14AP_DAL_Compass21learn_offsets_enabledEv @ 0xaf7d90
CIRCLE: _ZNK14AP_DAL_Compass16last_update_usecEh @ 0xaf7df0
CIRCLE: _ZNK7Vector3IdEneERKS0_ @ 0xaf7e60
CIRCLE: _ZN12NavEKF3_core12mag_elementsC2Ev @ 0xaf7f30
CIRCLE: _ZNK14AP_DAL_Compass9get_fieldEh @ 0xaf7f90
CIRCLE: _ZNK14AP_DAL_Compass10consistentEv @ 0xaf8000
CIRCLE: _ZN16EKF_obs_buffer_tIN12NavEKF3_core12mag_elementsEE4pushERKS1_ @ 0xaf8060
CIRCLE: _Z8is_equalIddENSt3__19enable_ifIXsr3std17is_floating_pointINS0_11common_typeIJT_T0_EE4typeEEE5valueEbE4typeES3_S4_ @ 0xaf80d0
CIRCLE: _ZN12NavEKF3_core17correctDeltaAngleER7Vector3IdEdh @ 0x7dddf0
CIRCLE: _ZN12NavEKF3_core20correctDeltaVelocityER7Vector3IdEdh @ 0x7ddeb0
CIRCLE: _ZN11QuaternionTIdEC2Ev @ 0xaf8150
CIRCLE: _ZN11QuaternionTIdE15from_axis_angleE7Vector3IdE @ 0xaf81c0
CIRCLE: _ZN11QuaternionTIdEmLERKS0_ @ 0xaf8280
CIRCLE: _ZNK11QuaternionTIdE15rotation_matrixER7Matrix3IdE @ 0xaf8420
CIRCLE: _ZNK21AP_DAL_InertialSensor8get_gyroEh @ 0xaf8610
CIRCLE: _ZNK6AP_DAL20get_takeoff_expectedEv @ 0xaf8720
CIRCLE: _ZN16EKF_IMU_buffer_tIN12NavEKF3_core12imu_elementsEE18get_youngest_indexEv @ 0xaf8790
CIRCLE: _ZN16EKF_IMU_buffer_tIN12NavEKF3_core12imu_elementsEE16get_oldest_indexEv @ 0xaf87f0
CIRCLE: _ZNK11QuaternionTIdEdvERKS0_ @ 0xaf8850
CIRCLE: _ZN11QuaternionTIdEixEh @ 0xaf8a70
CIRCLE: _ZL3MAXIddEDTqugtfp_fp0_fp_fp0_ERKT_RKT0_.4938 @ 0x7ddfd0
CIRCLE: _ZN12NavEKF3_core15output_elementsC2Ev @ 0xaf8ae0
CIRCLE: _ZNK14ekf_imu_buffer16get_oldest_indexEv @ 0xaf8b60
CIRCLE: _ZNK14ekf_imu_buffer18get_youngest_indexEv @ 0xaf8bb0
CIRCLE: _ZN7AP_AHRS20set_takeoff_expectedEb @ 0x7de050
CIRCLE: _ZN11QuaternionTIdE15from_axis_angleERK7Vector3IdEd @ 0xaf8c00
CIRCLE: _ZNK6AP_DAL22get_touchdown_expectedEv @ 0xaf8d20
CIRCLE: _ZNK6AP_DAL11get_EAS2TASEv @ 0xaf8e00
CIRCLE: _ZN7Vector3IdEixEh @ 0xaf8ec0
CIRCLE: _ZNK7Vector3IdEixEh @ 0xaf8f30
CIRCLE: _ZN7Vector2IdEixEh @ 0xaf8fa0
CIRCLE: _ZN15ekf_ring_buffer6recallEPvj @ 0x7e4b30
CIRCLE: _ZNK15ekf_ring_buffer7time_msEh @ 0x7e4c90
CIRCLE: _ZN12NavEKF3_core14readAirSpdDataEv @ 0x7e4d00
CIRCLE: _ZNK12NavEKF3_core11useAirspeedEv @ 0x7e69d0
CIRCLE: _ZNK6AP_DAL23airspeed_sensor_enabledEv @ 0xaf92c0
CIRCLE: _ZN16EKF_obs_buffer_tIN12NavEKF3_core16vel_odm_elementsEE6recallERS1_j @ 0xaf9330
CIRCLE: _ZN16EKF_obs_buffer_tIN12NavEKF3_core18wheel_odm_elementsEE6recallERS1_j @ 0xaf93b0
CIRCLE: _ZN12NavEKF3_core11of_elementsC2Ev @ 0xaf9430
CIRCLE: _ZN16EKF_obs_buffer_tIN12NavEKF3_core11of_elementsEE6recallERS1_j @ 0xaf94c0
CIRCLE: _ZNK7Vector2IdEixEh @ 0xaf9540
CIRCLE: _ZN12NavEKF3_core14readRngBcnDataEv @ 0x7f3900
CIRCLE: _ZN10EKFGSF_yaw11fuseVelDataERK7Vector2IdEd @ 0x7f75b0
CIRCLE: _ZNK12NavEKF3_core13EKFGSF_getYawERdS0_ @ 0x7f79b0
CIRCLE: _ZNK11QuaternionTIdE12to_vector312Ev @ 0xaf9ac0
CIRCLE: _ZN7Matrix3IdE13from_euler312Eddd @ 0xaf9e00
CIRCLE: _ZNK7Matrix3IdE11to_euler312Ev @ 0xafa4a0
CIRCLE: _ZN7Matrix3IdEixEh @ 0xafa590
CIRCLE: _ZNK10EKFGSF_yaw10getYawDataERdS0_Ph @ 0x7f8320
CIRCLE: _ZL7radiansf.4691 @ 0x7f8400
CIRCLE: _ZL2sqf.4689 @ 0x7f8450
CIRCLE: _ZNK10EKFGSF_yaw17getVelInnovLengthERd @ 0x7f84a0
CIRCLE: _ZN10EKFGSF_yaw7correctEhRK7Vector2IdEd @ 0x7f89c0
CIRCLE: _ZNK10EKFGSF_yaw15gaussianDensityEh @ 0x7f9d80
CIRCLE: _ZL3MAXIdfEDTqugtfp_fp0_fp_fp0_ERKT_RKT0_.4194 @ 0x7fa100
CIRCLE: _ZN10EKFGSF_yaw13forceSymmetryEh @ 0x7fa1a0
CIRCLE: _ZN16EKF_obs_buffer_tIN12NavEKF3_core16ext_nav_elementsEE6recallERS1_j @ 0xafa700
CIRCLE: _ZN16EKF_obs_buffer_tIN12NavEKF3_core20ext_nav_vel_elementsEE6recallERS1_j @ 0xafa780
CIRCLE: _ZNK12NavEKF3_core35CalculateVelInnovationsAndVariancesERK7Vector3IdEddRS1_S4_ @ 0x7fa6d0
CIRCLE: _ZN16EKF_obs_buffer_tIN12NavEKF3_core12gps_elementsEE6recallERS1_j @ 0xafa800
CIRCLE: _ZN12NavEKF3_core21selectHeightForFusionEv @ 0x7fad10
CIRCLE: _ZN12NavEKF3_core13FuseVelPosNEDEv @ 0x7fc210
CIRCLE: _ZL3MAXIdfEDTqugtfp_fp0_fp_fp0_ERKT_RKT0_.4863 @ 0x7fe560
CIRCLE: _ZL3MAXI9AP_ParamTIfL11ap_var_type4EEfEDTqugtfp_fp0_fp_fp0_ERKT_RKT0_.4864 @ 0x7fe600
CIRCLE: _ZN12NavEKF3_core15readRangeFinderEv @ 0x7fe690
CIRCLE: _ZN16EKF_obs_buffer_tIN12NavEKF3_core14range_elementsEE6recallERS1_j @ 0xafa880
CIRCLE: _ZN16EKF_obs_buffer_tIN12NavEKF3_core13baro_elementsEE6recallERS1_j @ 0xafa950
CIRCLE: _ZL3MAXIddEDTqugtfp_fp0_fp_fp0_ERKT_RKT0_.4712 @ 0x7ff260
CIRCLE: _ZL3MAXI9AP_ParamTIfL11ap_var_type4EEfEDTqugtfp_fp0_fp_fp0_ERKT_RKT0_.4701 @ 0x7ff430
CIRCLE: _ZN12NavEKF3_core12fuseEulerYawENS_15yawFusionMethodE @ 0x7ff4c0
CIRCLE: _ZN16EKF_obs_buffer_tIN12NavEKF3_core12yaw_elementsEE6recallERS1_j @ 0xafabe0
CIRCLE: _ZN16EKF_obs_buffer_tIN12NavEKF3_core12mag_elementsEE6recallERS1_j @ 0xafac60
CIRCLE: _ZN12NavEKF3_core18controlMagYawResetEv @ 0x801460
CIRCLE: _ZN12NavEKF3_core16FuseMagnetometerEv @ 0x801a70
CIRCLE: _ZN7Matrix3IdEC2Eddddddddd @ 0xaface0
CIRCLE: _ZNK7Matrix3IdEixEh @ 0xafae30
CIRCLE: _ZL3MAXIdfEDTqugtfp_fp0_fp_fp0_ERKT_RKT0_.4699 @ 0x8082b0
CIRCLE: _ZN12NavEKF3_core17MagTableConstrainEv @ 0x808350
CIRCLE: _ZNK11QuaternionTIdE13to_axis_angleER7Vector3IdE @ 0xafaea0
CIRCLE: _ZN10EKFGSF_yaw6updateERK7Vector3IdES3_ddbd @ 0x808ad0
CIRCLE: _ZN10EKFGSF_yaw7predictEh @ 0x809560
CIRCLE: _ZN10EKFGSF_yaw11predictAHRSEh @ 0x80a0b0
CIRCLE: _ZL7radiansf.4192 @ 0x80a630
CIRCLE: _ZL2sqf.4193 @ 0x80a680
CIRCLE: _ZNK10EKFGSF_yaw12updateRotMatERK7Matrix3IdERK7Vector3IdE @ 0x80a6d0
CIRCLE: _ZN12NavEKF3_core21calcTiltErrorVarianceEv @ 0x80afb0
CIRCLE: _ZN12NavEKF3_core23verifyTiltErrorVarianceEv @ 0x80b690
CIRCLE: _ZL3MINIffEDTqultfp_fp0_fp_fp0_ERKT_RKT0_.4930 @ 0x80ba90
CIRCLE: _ZN11QuaternionTIdE6rotateERK7Vector3IdE @ 0xafb460
CIRCLE: _ZN12NavEKF3_core15ConstrainStatesEv @ 0x80bb20
CIRCLE: _ZNK21AP_DAL_InertialSensor9use_accelEh @ 0xafb520
CIRCLE: _ZNK21AP_DAL_InertialSensor8use_gyroEh @ 0xafb5f0
CIRCLE: _ZN12NavEKF3_core19learnInactiveBiasesEv @ 0x80bf60
CIRCLE: _ZN12NavEKF3_core19updateMovementCheckEv @ 0x80c4d0
CIRCLE: _ZN12NavEKF3_core17readDeltaVelocityEhR7Vector3IdERd @ 0x80cd70
CIRCLE: _ZNK21AP_DAL_InertialSensor18get_imu_pos_offsetEh @ 0xafb6c0
CIRCLE: _ZN12NavEKF3_core14readDeltaAngleEhR7Vector3IdERd @ 0x80cec0
CIRCLE: _ZN16EKF_IMU_buffer_tIN12NavEKF3_core12imu_elementsEE21push_youngest_elementES1_ @ 0xafb730
CIRCLE: _ZN12NavEKF3_core14SampleDragDataERKNS_12imu_elementsE @ 0x80cfe0
CIRCLE: _ZN16EKF_IMU_buffer_tIN12NavEKF3_core12imu_elementsEE18get_oldest_elementEv @ 0xafb790
CIRCLE: _ZN12NavEKF3_core22updateTimingStatisticsEv @ 0x80d290
CIRCLE: _ZL3MINIfdEDTqultfp_fp0_fp_fp0_ERKT_RKT0_.4724 @ 0x80d540
CIRCLE: _ZN12NavEKF3_core12imu_elementsC2Ev @ 0xafb810
CIRCLE: _ZN14ekf_imu_buffer18get_oldest_elementEPv @ 0x80d5e0
CIRCLE: _ZN14ekf_imu_buffer21push_youngest_elementEPKv @ 0x80d6a0
CIRCLE: _ZNK21AP_DAL_InertialSensor14get_gyro_countEv @ 0xafb8f0
CIRCLE: _ZNK21AP_DAL_InertialSensor15get_delta_angleEhR7Vector3IfERf @ 0xafb940
CIRCLE: _ZNK21AP_DAL_InertialSensor15get_accel_countEv @ 0xafba40
CIRCLE: _ZNK21AP_DAL_InertialSensor18get_delta_velocityEhR7Vector3IfERf @ 0xafba90
CIRCLE: _ZL7radiansi.4726 @ 0x80d790
CIRCLE: _ZN12NavEKF3_core12detectFlightEv @ 0x80d7f0
CIRCLE: _ZN12NavEKF3_core27setWindMagStateLearningModeEv @ 0x80dcb0
CIRCLE: _ZN12NavEKF3_core28checkAttitudeAlignmentStatusEv @ 0x80e550
CIRCLE: _ZN12NavEKF3_core13setAidingModeEv @ 0x80e660
CIRCLE: _ZN12NavEKF3_core12setYawSourceEv @ 0x80f5d0
CIRCLE: _ZN12NavEKF3_core18checkGyroCalStatusEv @ 0x80f6a0
CIRCLE: _ZL3MINIttEDTqultfp_fp0_fp_fp0_ERKT_RKT0_ @ 0x80fd80
CIRCLE: _ZL7radiansd.4644 @ 0x80fe00
CIRCLE: _ZN12NavEKF3_core19updateStateIndexLimEv @ 0x80fef0
CIRCLE: _ZNK6AP_DAL18get_time_flying_msEv @ 0xafbb80
CIRCLE: _ZN12NavEKF3_core20update_gps_selectionEv @ 0x8100e0
CIRCLE: _ZN12NavEKF3_core20update_mag_selectionEv @ 0x8101e0
CIRCLE: _ZN12NavEKF3_core21update_baro_selectionEv @ 0x810320
CIRCLE: _ZN12NavEKF3_core25update_airspeed_selectionEv @ 0x810400
CIRCLE: _ZNK11AP_DAL_Baro11get_primaryEv @ 0xafbc20
CIRCLE: _Z9fill_nanfPdt @ 0x810510
CIRCLE: _ZNK17AP_InertialSensor20get_last_update_usecEv @ 0xafbce0
CIRCLE: _ZNK17AP_InertialSensor16get_loop_delta_tEv @ 0xafbd30
CIRCLE: _ZNK7AP_AHRS17get_vehicle_classEv @ 0xafbd80
CIRCLE: _ZNK7AP_AHRS20get_takeoff_expectedEv @ 0xafbdd0
CIRCLE: _ZNK7AP_AHRS22get_touchdown_expectedEv @ 0xafbe30
CIRCLE: _ZNK7AP_AHRS8get_trimEv @ 0xafbe90
CIRCLE: _ZN2AP12wheelencoderEv @ 0x810930
CIRCLE: _ZNK7AP_AHRS43get_rotation_vehicle_body_to_autopilot_bodyEv @ 0xafbf40
CIRCLE: _ZN21AP_DAL_InertialSensor11start_frameEv @ 0x810970
CIRCLE: _ZN11AP_DAL_Baro11start_frameEv @ 0x810bf0
CIRCLE: _ZN10AP_DAL_GPS11start_frameEv @ 0x810d60
CIRCLE: _ZN14AP_DAL_Compass11start_frameEv @ 0x811160
CIRCLE: _ZNK9AP_Beacon7enabledEv @ 0x811c10
CIRCLE: _ZNK9AP_Beacon12device_readyEv @ 0x811f50
CIRCLE: _ZNK7AP_EnumIN9AP_Beacon4TypeEEcvKS1_Ev @ 0xafbff0
CIRCLE: _ZNK7Compass24auto_declination_enabledEv @ 0xafc140
CIRCLE: _ZNK7Compass15get_declinationEv @ 0x8120c0
CIRCLE: _ZNK7Compass15get_num_enabledEv @ 0x812120
CIRCLE: _ZNK7Compass16get_first_usableEv @ 0xafc1b0
CIRCLE: _ZNK7Compass21learn_offsets_enabledEv @ 0xafc200
CIRCLE: _ZNK7Compass17have_scale_factorEh @ 0x8121e0
CIRCLE: _ZNK7Compass16last_update_usecEh @ 0xafc270
CIRCLE: _ZNK14typesafe_indexIh14TAG_StateIndexEgeERKh @ 0xafc2f0
CIRCLE: _ZNK7AP_Baro11get_primaryEv @ 0xafc360
CIRCLE: _ZNK7AP_Baro15get_last_updateEh @ 0xafc3b0
CIRCLE: _ZNK17AP_InertialSensor16get_loop_rate_hzEv @ 0xafc420
CIRCLE: _ZNK17AP_InertialSensor15get_delta_angleEhR7Vector3IfERf @ 0x812320
CIRCLE: _ZN21AP_DAL_InertialSensor15update_filteredEh @ 0x8124f0
CIRCLE: _ZNK17AP_InertialSensor18get_imu_pos_offsetEh @ 0xafc470
CIRCLE: _ZNK17AP_InertialSensor10_accel_posEh @ 0xafc4d0
CIRCLE: _ZN17AP_InertialSensor10_accel_posEh @ 0xafc530
CIRCLE: _ZN15AP_WheelEncoder13get_singletonEv @ 0xafc5a0
CIRCLE: _ZN7NavEKF216InitialiseFilterEv @ 0x814f80
CIRCLE: _ZNK6AP_DAL12get_ekf_typeEv @ 0xafed90
CIRCLE: _ZN16AP_AHRS_External6updateEv @ 0x848320
CIRCLE: _ZN16AP_AHRS_External11get_resultsERN15AP_AHRS_Backend9EstimatesE @ 0x848370
CIRCLE: _ZN7AP_AHRS37copy_estimates_from_backend_estimatesERKN15AP_AHRS_Backend9EstimatesE @ 0x8485c0
CIRCLE: _ZN15AP_ExternalAHRS6updateEv @ 0x8488a0
CIRCLE: _ZL7degreesf.10880 @ 0x848bd0
CIRCLE: _ZN11AP_AHRS_SIM6updateEv @ 0xaff950
CIRCLE: _ZN11AP_AHRS_SIM11get_resultsERN15AP_AHRS_Backend9EstimatesE @ 0x848c20
CIRCLE: _ZN11AP_AHRS_DCM6updateEv @ 0x849800
CIRCLE: _ZN11AP_AHRS_DCM11get_resultsERN15AP_AHRS_Backend9EstimatesE @ 0x849b20
CIRCLE: _ZN11AP_AHRS_DCM13matrix_updateEv @ 0x849c40
CIRCLE: _ZN11AP_AHRS_DCM9normalizeEv @ 0x849e90
CIRCLE: _ZN11AP_AHRS_DCM16drift_correctionEf @ 0x84a0b0
CIRCLE: _ZN11AP_AHRS_DCM12check_matrixEv @ 0x84b410
CIRCLE: _ZN11AP_AHRS_DCM15backup_attitudeEv @ 0x84b510
CIRCLE: _ZNK11AP_AHRS_DCM12get_error_rpEv @ 0xaffa10
CIRCLE: _ZNK11AP_AHRS_DCM13get_error_yawEv @ 0xaffa60
CIRCLE: _ZN7Matrix3IfE6is_nanEv @ 0xaffab0
CIRCLE: _ZN11AP_AHRS_DCM20drift_correction_yawEv @ 0x84ba00
CIRCLE: _ZNK6AP_GPS16last_fix_time_msEv @ 0xaffbc0
CIRCLE: _ZL3MAXIfiEDTqugtfp_fp0_fp_fp0_ERKT_RKT0_.2117 @ 0x84bf20
CIRCLE: _ZNK11AP_AHRS_DCM26should_correct_centrifugalEv @ 0x84bfc0
CIRCLE: _ZN11AP_AHRS_DCM10ra_delayedEhRK7Vector3IfE @ 0x84c020
CIRCLE: _ZNK17AP_InertialSensor7healthyEv @ 0xaffc20
CIRCLE: _ZN11AP_AHRS_DCM7_P_gainEf @ 0x84c120
CIRCLE: _ZNK11AP_AHRS_DCM14use_fast_gainsEv @ 0x84c200
CIRCLE: _ZL7radiansi.2118 @ 0x84c290
CIRCLE: _ZNK17AP_InertialSensor19get_gyro_drift_rateEv @ 0xaffca0
CIRCLE: _ZNK17AP_InertialSensor15get_gyro_healthEv @ 0xaffcf0
CIRCLE: _ZNK17AP_InertialSensor16get_accel_healthEv @ 0xaffd50
CIRCLE: _ZNK7Compass16last_update_usecEv @ 0xaffdb0
CIRCLE: _ZN7Compass4readEv @ 0x84c2f0
CIRCLE: _ZN11AP_AHRS_DCM17yaw_error_compassER7Compass @ 0x84c6c0
CIRCLE: _ZNK11AP_AHRS_DCM9_yaw_gainEv @ 0x84c840
CIRCLE: _ZNK7Matrix3IfE5mulXYERK7Vector3IfE @ 0xaffe10
CIRCLE: _ZNK7Vector2IfErmERKS0_ @ 0xaffee0
CIRCLE: _ZN7Compass15_detect_runtimeEv @ 0x84c9f0
CIRCLE: _ZN9AP_Logger13Write_CompassEv @ 0x84cd20
CIRCLE: _ZN19RestrictIDTypeArrayI9AP_ParamTIaL11ap_var_type1EELj3E14typesafe_indexIh12TAG_PriorityEEixERKS5_ @ 0xafff60
CIRCLE: _ZN9AP_Logger22Write_Compass_instanceEmh @ 0x84cdc0
CIRCLE: _ZNK7Compass17get_motor_offsetsEh @ 0xafffe0
CIRCLE: _ZN7Compass15_driver_enabledENS_10DriverTypeE @ 0x84dd70
CIRCLE: _ZN19AP_Compass_DroneCAN5probeEh @ 0x84de10
CIRCLE: _ZN18AP_Compass_Backend25drain_accumulated_samplesEhPK7Vector3IfE @ 0x84ecf0
CIRCLE: _ZN18AP_Compass_Backend22publish_filtered_fieldERK7Vector3IfEh @ 0x84ee70
CIRCLE: _ZN11AP_AHRS_DCM6renormERK7Vector3IfERS1_ @ 0x84ef30
CIRCLE: _ZNK17AP_InertialSensor15get_delta_angleER7Vector3IfERf @ 0xb00800
CIRCLE: _ZNK7Vector3IfEeqERKS0_ @ 0xb00890
CIRCLE: _ZN17AP_InertialSensor21set_board_orientationE8Rotation @ 0xb00960
CIRCLE: _ZN7Compass21set_board_orientationE8Rotation @ 0xb009c0
CIRCLE: _ZNK14AP_Logger_File17recent_open_errorEv @ 0x84f2e0
CIRCLE: _ZNK14AP_Logger_File15io_thread_aliveEv @ 0x84f370
CIRCLE: _ZN14AP_Logger_File16disk_space_availEv @ 0x84f700
CIRCLE: _ZL3MINIjjEDTqultfp_fp0_fp_fp0_ERKT_RKT0_.6378 @ 0x84f7e0
CIRCLE: _ZN13AP_Filesystem17bytes_until_fsyncEi @ 0x84f860
CIRCLE: _ZN13AP_Filesystem9disk_freeEPKc @ 0x84f8e0
CIRCLE: _ZN2AP4rssiEv @ 0x856b20
CIRCLE: _ZNK7AP_RSSI7enabledEv @ 0xb01140
CIRCLE: _ZN7AP_RSSI13get_singletonEv @ 0x857350
CIRCLE: _ZN13AP_CANManager20check_logging_enableEv @ 0x858310
CIRCLE: _ZN7FunctorIvJEE14method_wrapperI13AP_CANManagerXadL_ZNS2_20check_logging_enableEvEEEEvPv @ 0xb01770
CIRCLE: _ZNK13AP_CANManager15CANIface_Params13option_is_setENS0_7OptionsE @ 0xb01820
CIRCLE: _ZN9AP_Logger13Write_MessageEPKc @ 0x862f00
CIRCLE: _ZNK13AP_OADatabase7healthyEv @ 0xb0fa70
CIRCLE: _ZN13AP_OADatabase13get_singletonEv @ 0xb0fcf0
CIRCLE: _ZNK22AP_BattMonitor_Backend13option_is_setEN21AP_BattMonitor_Params7OptionsE @ 0xb13810
CIRCLE: _ZN22AP_BattMonitor_Backend15update_consumedERN14AP_BattMonitor17BattMonitor_StateEj @ 0x87a820
CIRCLE: _ZN22AP_BattMonitor_Backend13calculate_mahEff @ 0xb138a0
CIRCLE: _ZN18AP_Compass_Backend17accumulate_sampleER7Vector3IfEhj @ 0x87cb30
CIRCLE: _ZN18AP_Compass_Backend12rotate_fieldER7Vector3IfEh @ 0x87ccb0
CIRCLE: _ZN18AP_Compass_Backend17publish_raw_fieldERK7Vector3IfEh @ 0x87cda0
CIRCLE: _ZN18AP_Compass_Backend13correct_fieldER7Vector3IfEh @ 0x87ceb0
CIRCLE: _ZN18AP_Compass_Backend8field_okERK7Vector3IfE @ 0x87d2b0
CIRCLE: _ZNK7Compass16get_filter_rangeEv @ 0xb15bc0
CIRCLE: _ZNK16Compass_PerMotor7enabledEv @ 0xb15c20
CIRCLE: _ZN7Compass13_get_priorityE14typesafe_indexIh14TAG_StateIndexE @ 0xb15c90
CIRCLE: _ZN14AP_GPS_Backend15set_alt_amsl_cmERN6AP_GPS9GPS_StateEi @ 0x881980
CIRCLE: _ZN16JitterCorrection31correct_offboard_timestamp_usecEmm @ 0x881b90
CIRCLE: _ZNK14AP_GPS_Backend10option_setEN6AP_GPS13DriverOptionsE @ 0xb18e20
CIRCLE: _ZNK6AP_GPS10option_setENS_13DriverOptionsE @ 0xb18e90
CIRCLE: _ZN6AP_RTC12set_utc_usecEmNS_11source_typeE @ 0x882600
CIRCLE: _ZNK11GCS_MAVLINK14option_enabledENS_6OptionE @ 0xb1b320
CIRCLE: _ZNK16AP_SerialManager9UARTState12get_protocolEv @ 0xb1b3a0
CIRCLE: _ZN2AP8PerfInfo13set_loop_rateEt @ 0x894ca0
CIRCLE: _ZN2AP8PerfInfo5resetEv @ 0x894d60
CIRCLE: _ZN3GCS10send_textvE12MAV_SEVERITYPKcP13__va_list_tagh @ 0x895390
CIRCLE: _ZNK3GCS26min_status_for_gps_healthyEv @ 0xb1bcf0
CIRCLE: _ZL3MINImmEDTqultfp_fp0_fp_fp0_ERKT_RKT0_.6841 @ 0x8958a0
CIRCLE: _ZN11ObjectArrayIN3GCS12statustext_tEE10push_forceERKS1_ @ 0xb1bd40
CIRCLE: _ZN2AP11frsky_telemEv @ 0x895920
CIRCLE: _ZN2AP14spektrum_telemEv @ 0x895960
CIRCLE: _ZN9AP_Notify9send_textEPKc @ 0x8959a0
CIRCLE: _ZN17AP_Spektrum_Telem13get_singletonEv @ 0xb1be80
CIRCLE: _ZN14AP_Frsky_Telem13get_singletonEv @ 0xb1bec0
CIRCLE: _ZNK11ObjectArrayIN3GCS12statustext_tEE5spaceEv @ 0xb1bf00
CIRCLE: _ZN11ObjectArrayIN3GCS12statustext_tEE4pushERKS1_ @ 0xb1bf60
CIRCLE: _ZN6Copter8set_modeEh10ModeReason @ 0x895a40
CIRCLE: _ZNK6Copter29current_mode_requires_missionEv @ 0x895ac0
CIRCLE: _ZNK6Copter17get_wp_distance_mERf @ 0x897390
CIRCLE: _ZNK6Copter18get_wp_bearing_degERf @ 0x897410
CIRCLE: _ZNK6Copter25get_wp_crosstrack_error_mERf @ 0x897490
CIRCLE: _ZN6Copter18fence_checks_asyncEv @ 0x897ea0
CIRCLE: _ZN6AP_HAL15timeout_expiredIjjjEEbT_T0_T1_ @ 0xb1c230
CIRCLE: _ZN8AC_Fence5checkEb @ 0x898050
CIRCLE: _ZN6Copter3gcsEv @ 0xb1c2b0
CIRCLE: _ZNK8AC_Fence23get_auto_disable_fencesEv @ 0x8983b0
CIRCLE: _ZN8AC_Fence19clear_margin_breachEh @ 0x898460
CIRCLE: _ZN8AP_Param15save_io_handlerEv @ 0x899a80
CIRCLE: _ZN7FunctorIvJEE14method_wrapperI8AP_ParamXadL_ZNS2_15save_io_handlerEvEEEEvPv @ 0xb1c490
CIRCLE: _ZN15ObjectBuffer_TSIN8AP_Param10param_saveEE3popERS1_ @ 0xb1c540
CIRCLE: _ZN6Copter18notify_flight_modeEv @ 0x899d20
CIRCLE: _ZN6Copter22update_using_interlockEv @ 0x89b770
CIRCLE: _ZL21failsafe_check_staticv @ 0x89ccf0
CIRCLE: _ZN6Copter8set_modeEN4Mode6NumberE10ModeReason @ 0x8a10b0
CIRCLE: _ZNK15AC_CommandModel11get_rate_tcEv @ 0xb1c920
CIRCLE: _ZN18AC_AttitudeControl15set_yaw_rate_tcEf @ 0xb1c970
CIRCLE: _ZN6Copter16gcs_mode_enabledEN4Mode6NumberE @ 0x8a17a0
CIRCLE: _ZN6Copter18mode_from_mode_numEN4Mode6NumberE @ 0x8a19a0
CIRCLE: _ZN6Copter24get_non_takeoff_throttleEv @ 0x8a1ea0
CIRCLE: _ZN6Copter9exit_modeERP4ModeS2_ @ 0x8a2010
CIRCLE: _ZN7AP_ADSB16set_is_auto_modeEb @ 0xb1c9e0
CIRCLE: _ZNK8AC_Fence10get_actionEv @ 0xb1ca40
CIRCLE: _ZN8AC_Fence21manual_recovery_startEv @ 0x8a2100
CIRCLE: _ZN9AP_Camera16set_is_auto_modeEb @ 0xb1caa0
CIRCLE: _ZN18AC_AttitudeControl22set_roll_pitch_rate_tcEf @ 0xb1cb00
CIRCLE: _ZN4Mode12takeoff_stopEv @ 0xb1cb70
CIRCLE: _ZN4Mode8_TakeOff4stopEv @ 0x8a2260
CIRCLE: _ZNK18AC_AttitudeControl15get_throttle_inEv @ 0xb1cbb0
CIRCLE: _ZN6AC_PID14set_integratorEf @ 0x8a22f0
CIRCLE: _ZL3MAXIifEDTqugtfp_fp0_fp_fp0_ERKT_RKT0_ @ 0x8a23c0
CIRCLE: _Z19inv_sqrt_controllerfff @ 0x8a34e0
CIRCLE: _ZL2sqf.3798 @ 0x8a3720
CIRCLE: _ZNK7Vector2IfE8todoubleEv @ 0xb1cd90
CIRCLE: _ZNK10AP_Vehicle21block_GCS_mode_changeEhPKhh @ 0x8a3930
CIRCLE: _ZN6AC_PID21set_notch_sample_rateEf @ 0x8a47e0
CIRCLE: _ZN6AC_PID12reset_filterEv @ 0xb1d140
CIRCLE: _ZNK12AP_AHRS_View20get_quat_body_to_nedER11QuaternionTIfE @ 0xb1d1a0
CIRCLE: _ZNK18AC_AttitudeControl30thrust_heading_rotation_anglesER11QuaternionTIfERKS1_R7Vector3IfERfS8_ @ 0x8a4c30
CIRCLE: _ZNK12AP_AHRS_View15get_gyro_latestEv @ 0x8a4fc0
CIRCLE: _ZN6AC_PID10update_allEfffbf @ 0x8a5070
CIRCLE: _ZNK6AC_PID16get_filt_T_alphaEf @ 0x8a5680
CIRCLE: _ZNK6AC_PID16get_filt_E_alphaEf @ 0x8a5700
CIRCLE: _ZNK6AC_PID16get_filt_D_alphaEf @ 0x8a5780
CIRCLE: _ZN6AC_PID8update_iEfb @ 0x8a5800
CIRCLE: _ZN11SlewLimiter8modifierEff @ 0x8a5a00
CIRCLE: _ZNK11SlewLimiter13get_slew_rateEv @ 0xb1d460
CIRCLE: _ZNK7AP_AHRS15get_gyro_latestEv @ 0x8a6000
CIRCLE: _ZNK7AP_AHRS22get_primary_gyro_indexEv @ 0xb1d4b0
CIRCLE: _ZNK18AC_AttitudeControl29thrust_vector_rotation_anglesERK11QuaternionTIfES3_RS1_R7Vector3IfERfS8_ @ 0x8a60b0
CIRCLE: _ZNK18AC_AttitudeControl23get_accel_yaw_max_radssEv @ 0xb1d500
CIRCLE: _ZL7radiansf.12163 @ 0x8a64a0
CIRCLE: _ZNK6AC_PID2kPEv @ 0xb1d560
CIRCLE: _ZNK4AC_P2kPEv @ 0xb1d5b0
CIRCLE: _ZL3MINIffEDTqultfp_fp0_fp_fp0_ERKT_RKT0_.12170 @ 0x8a64f0
CIRCLE: _ZL9cd_to_radf.12171 @ 0x8a6580
CIRCLE: _ZNK25HarmonicNotchFilterParams9hasOptionENS_7OptionsE @ 0xb1d8b0
CIRCLE: _ZN17AP_InertialSensor12_gyro_offsetEh @ 0xb1ecf0
CIRCLE: _ZN17AP_InertialSensor12caltemp_gyroEh @ 0xb1ed60
CIRCLE: _ZN22AP_InertialSensor_SITL6updateEv @ 0x8a9240
CIRCLE: _ZN25AP_InertialSensor_Backend10accumulateEv @ 0xb1ee80
CIRCLE: _ZNK25AP_InertialSensor_Backend24get_gyro_backend_rate_hzEv @ 0xb1eff0
CIRCLE: _ZN25AP_InertialSensor_Backend11set_primaryEb @ 0xb1f050
CIRCLE: _ZNK25AP_InertialSensor_Backend21_gyro_raw_sample_rateEh @ 0xb1f0a0
CIRCLE: _ZN22AP_InertialSensor_SITL12timer_updateEv @ 0x8a99c0
CIRCLE: _ZN7FunctorIvJEE14method_wrapperI22AP_InertialSensor_SITLXadL_ZNS2_12timer_updateEvEEEEvPv @ 0xb1f170
CIRCLE: _ZN22AP_InertialSensor_SITL14generate_accelEv @ 0x8a9e90
CIRCLE: _ZN22AP_InertialSensor_SITL13generate_gyroEv @ 0x8aae70
CIRCLE: _ZNK25AP_InertialSensor_Backend20enable_fast_samplingEh @ 0xb1f220
CIRCLE: _ZNK22AP_InertialSensor_SITL10gyro_driftEv @ 0x8ab8d0
CIRCLE: _ZL7radiansd.19050 @ 0x8abad0
CIRCLE: _ZL7radiansf.19051 @ 0x8abb20
CIRCLE: _ZN22AP_InertialSensor_SITL15get_temperatureEv @ 0x8abc00
CIRCLE: _ZNK22AP_InertialSensor_TCal15sitl_apply_gyroEfR7Vector3IfE @ 0x8abda0
CIRCLE: _ZN25AP_InertialSensor_Backend35_notify_new_gyro_sensor_rate_sampleEhRK7Vector3IfE @ 0x8abe80
CIRCLE: _ZN25AP_InertialSensor_Backend24_rotate_and_correct_gyroEhR7Vector3IfE @ 0x8ac080
CIRCLE: _ZN25AP_InertialSensor_Backend27_notify_new_gyro_raw_sampleEhRK7Vector3IfEm @ 0x8ac210
CIRCLE: _ZNK25AP_InertialSensor_Backend15has_been_killedEh @ 0xb1f2b0
CIRCLE: _ZNK25AP_InertialSensor_Backend19_update_sensor_rateERtRjRf @ 0x8ac8b0
CIRCLE: _ZN25AP_InertialSensor_Backend18apply_gyro_filtersEhRK7Vector3IfE @ 0x8aca80
CIRCLE: _ZN25AP_InertialSensor_Backend12log_gyro_rawEhmRK7Vector3IfES3_ @ 0x8aceb0
CIRCLE: _ZN25AP_InertialSensor_Backend14update_primaryEv @ 0x8ad140
CIRCLE: _ZNK17AP_InertialSensor22raw_logging_option_setENS_18RAW_LOGGING_OPTIONE @ 0xb1f330
CIRCLE: _ZNK25AP_InertialSensor_Backend18should_log_imu_rawEv @ 0x8ad220
CIRCLE: _ZNK17AP_InertialSensor12BatchSampler25doing_sensor_rate_loggingEv @ 0xb1f3b0
CIRCLE: _ZNK17AP_InertialSensor12BatchSampler25doing_post_filter_loggingEv @ 0xb1f410
CIRCLE: _ZN17AP_InertialSensor12BatchSampler6sampleEhNS_15IMU_SENSOR_TYPEEmRK7Vector3IfE @ 0x8ad430
CIRCLE: _ZN17AP_InertialSensor12BatchSampler10should_logEhNS_15IMU_SENSOR_TYPEE @ 0x8ad580
CIRCLE: _ZN25AP_InertialSensor_Backend16save_gyro_windowEhRK7Vector3IfEh @ 0x8ad6c0
CIRCLE: _ZN15LowPassFilter2pI7Vector3IfEE5applyERKS1_ @ 0xb1f6f0
CIRCLE: _ZNK17AP_InertialSensor25is_rate_loop_gyro_enabledEh @ 0x8ad980
CIRCLE: _ZN19DigitalBiquadFilterI7Vector3IfEE5applyERKS1_RKNS2_13biquad_paramsE @ 0xb1f950
CIRCLE: _ZNK25AP_InertialSensor_Backend18sensors_convergingEv @ 0x8adbb0
CIRCLE: _ZNK22AP_InertialSensor_TCal12correct_gyroEffR7Vector3IfE @ 0x8adce0
CIRCLE: _ZNK22AP_InertialSensor_TCal14correct_sensorEffPK9AP_ParamVI7Vector3IfEL11ap_var_type5EERS2_ @ 0x8add80
CIRCLE: _ZNK22AP_InertialSensor_TCal15polynomial_evalEfPK9AP_ParamVI7Vector3IfEL11ap_var_type5EE @ 0x8adf90
CIRCLE: _ZNK22AP_InertialSensor_TCal16sitl_apply_accelEfR7Vector3IfE @ 0x8b0f40
CIRCLE: _ZN25AP_InertialSensor_Backend36_notify_new_accel_sensor_rate_sampleEhRK7Vector3IfE @ 0x8b1020
CIRCLE: _ZN25AP_InertialSensor_Backend25_rotate_and_correct_accelEhR7Vector3IfE @ 0x8b1220
CIRCLE: _ZN25AP_InertialSensor_Backend28_notify_new_accel_raw_sampleEhRK7Vector3IfEmb @ 0x8b1440
CIRCLE: _ZN25AP_InertialSensor_Backend20_publish_temperatureEhf @ 0x8b19f0
CIRCLE: _ZN17AP_InertialSensor27calc_vibration_and_clippingEhRK7Vector3IfEf @ 0x8b1a90
CIRCLE: _ZN17AP_InertialSensor19set_accel_peak_holdEhRK7Vector3IfE @ 0x8b1d10
CIRCLE: _ZN25AP_InertialSensor_Backend13log_accel_rawEhmRK7Vector3IfE @ 0x8b1df0
CIRCLE: _ZNK25AP_InertialSensor_Backend14get_clip_limitEv @ 0xb20970
CIRCLE: _ZN13LowPassFilterI7Vector3IfEE5applyERKS1_RKf @ 0xb209c0
CIRCLE: _ZN10DigitalLPFI7Vector3IfEE6_applyERKS1_RKf @ 0xb20a80
CIRCLE: _ZNK22AP_InertialSensor_TCal13correct_accelEffR7Vector3IfE @ 0x8b21d0
CIRCLE: _ZN25AP_InertialSensor_Backend12update_accelEh @ 0x8b2650
CIRCLE: _ZN25AP_InertialSensor_Backend11update_gyroEh @ 0x8b2770
CIRCLE: _ZN25AP_InertialSensor_Backend13_publish_gyroEhRK7Vector3IfE @ 0x8b28d0
CIRCLE: _ZN25AP_InertialSensor_Backend19update_gyro_filtersEh @ 0x8b2a40
CIRCLE: _ZNK25AP_InertialSensor_Backend19_gyro_filter_cutoffEv @ 0xb20d50
CIRCLE: _ZN25AP_InertialSensor_Backend14_publish_accelEhRK7Vector3IfE @ 0x8b2e80
CIRCLE: _ZN25AP_InertialSensor_Backend20update_accel_filtersEh @ 0x8b30b0
CIRCLE: _ZNK25AP_InertialSensor_Backend20_accel_filter_cutoffEv @ 0xb21030
CIRCLE: _ZN11AP_SmartRTL22run_background_cleanupEv @ 0x8b4fc0
CIRCLE: _ZN7FunctorIvJEE14method_wrapperI11AP_SmartRTLXadL_ZNS2_22run_background_cleanupEvEEEEvPv @ 0xb215e0
CIRCLE: _ZN11AP_SmartRTL15routine_cleanupEtt @ 0x8b5290
CIRCLE: _ZN11AP_SmartRTL22detect_simplificationsEv @ 0x8b5460
CIRCLE: _ZN11AP_SmartRTL33remove_points_by_simplify_bitmaskEv @ 0x8b57d0
CIRCLE: _ZN11AP_SmartRTL29restart_pruning_if_new_pointsEv @ 0x8b59b0
CIRCLE: _ZN11AP_SmartRTL12detect_loopsEv @ 0x8b5a20
CIRCLE: _ZN11AP_SmartRTL20segment_segment_distERK7Vector3IfES3_S3_S3_ @ 0x8b6040
CIRCLE: _ZNK7BitmaskILt500EE3getEt @ 0xb21690
CIRCLE: _ZNK7BitmaskILt500EE8validateEt @ 0xb21760
CIRCLE: _ZNK7Vector3IfE19distance_to_segmentERKS0_S2_ @ 0xb217f0
CIRCLE: _ZN7BitmaskILt500EE5clearEt @ 0xb219e0
CIRCLE: _ZNK6AP_HAL6OwnPtrINS_9I2CDeviceEEptEv @ 0xb266d0
CIRCLE: _ZN7AP_Baro6updateEv @ 0x8d4630
CIRCLE: _ZNK7AP_Baro7healthyEv @ 0xb2a740
CIRCLE: _ZN15AP_Baro_Backend14backend_updateEh @ 0x8d4d50
CIRCLE: _ZN7AP_Baro24wind_pressure_correctionEh @ 0x8d4dd0
CIRCLE: _ZNK7AP_Baro15get_last_updateEv @ 0xb2a7a0
CIRCLE: _ZN16DerivativeFilterIfLh7EE6updateEfj @ 0xb2a800
CIRCLE: _ZN7AP_Baro22update_field_elevationEv @ 0x8d5110
CIRCLE: _ZNK7AP_Baro10should_logEv @ 0x8d5390
CIRCLE: _ZN7AP_Baro10Write_BaroEv @ 0x8d5440
CIRCLE: _ZN7AP_Baro19Write_Baro_instanceEmh @ 0x8d54d0
CIRCLE: _ZNK7AP_Baro21get_baro_drift_offsetEv @ 0xb2a8e0
CIRCLE: _ZNK7AP_Baro22get_ground_temperatureEv @ 0x8d56f0
CIRCLE: _ZNK7AP_Baro22get_corrected_pressureEh @ 0xb2a930
CIRCLE: _ZN16FilterWithBufferIfLh7EE5applyEf @ 0xb2aa10
CIRCLE: _ZNK7AP_AHRS20airspeed_vector_trueER7Vector3IfE @ 0x8d5790
CIRCLE: _ZNK7AP_AHRS21get_air_density_ratioEv @ 0x8d5810
CIRCLE: _ZL2sqf.2028 @ 0x8d58d0
CIRCLE: _ZNK7AP_AHRS12get_accel_efEv @ 0xb2e2b0
CIRCLE: _ZNK12NavEKF3_core9getMagXYZER7Vector3IfE @ 0x9019a0
CIRCLE: _ZNK12NavEKF3_core9getMagNEDER7Vector3IfE @ 0x901c20
CIRCLE: _ZNK7Vector2IfEdvEf @ 0xb31c20
CIRCLE: _ZNK7AP_EnumIN13AP_OADatabase11OutputLevelEEcvKS1_Ev @ 0xb33970
CIRCLE: _ZN15AP_Compass_SITL6_timerEv @ 0x9132b0
CIRCLE: _ZN7FunctorIvJEE14method_wrapperI15AP_Compass_SITLXadL_ZNS2_6_timerEvEEEEvPv @ 0xb34230
CIRCLE: _Z10rand_vec3fv @ 0x9137e0
CIRCLE: _ZN7VectorNIN15AP_Compass_SITL16readings_compassELh50EEixEh @ 0xb342e0
CIRCLE: _ZN15AP_Compass_SITL26_setup_eliptical_correcionEh @ 0x913860
CIRCLE: _ZNK18AP_Compass_Backend21get_board_orientationEv @ 0x913a90
CIRCLE: _ZN15AP_Compass_SITL4readEv @ 0x913ae0
CIRCLE: _ZNK14AP_GPS_Backend32supports_mavlink_gps_rtk_messageEv @ 0xb34960
CIRCLE: _ZNK14AP_GPS_Blended7get_lagERf @ 0x914850
CIRCLE: _ZNK14AP_GPS_Blended10is_healthyEv @ 0xb34b20
CIRCLE: _ZN6Copter14failsafe_checkEv @ 0x914f20
CIRCLE: _ZNK12AP_Parachute7enabledEv @ 0xb35060
CIRCLE: _ZN6Copter10read_radioEv @ 0x9158f0
CIRCLE: _ZNK7AP_EnumIN9AP_Motors7PWMTypeEEcvKS1_Ev @ 0xb351d0
CIRCLE: _ZN11RC_Channels10read_inputEv @ 0x9161f0
CIRCLE: _ZN6Copter25set_throttle_and_failsafeEt @ 0x916320
CIRCLE: _ZN6Copter22set_throttle_zero_flagEs @ 0x9164c0
CIRCLE: _ZN6Copter27radio_passthrough_to_motorsEv @ 0x9165e0
CIRCLE: _ZNK11RC_Channels17get_fs_timeout_msEv @ 0xb35220
CIRCLE: _ZL3MAXIfiEDTqugtfp_fp0_fp_fp0_ERKT_RKT0_.1753 @ 0x917340
CIRCLE: _ZNK10RC_Channel22get_control_in_zero_dzEv @ 0x9173e0
CIRCLE: _ZN9AP_Motors21set_radio_passthroughEffff @ 0x917460
CIRCLE: _ZNK10RC_Channel15pwm_to_range_dzEt @ 0x917520
CIRCLE: _ZNK10RC_Channel15pwm_to_angle_dzEt @ 0x9176c0
CIRCLE: _ZNK10RC_Channel20pwm_to_angle_dz_trimEtt @ 0x917750
CIRCLE: _ZN10RC_Channel6updateEv @ 0x9179a0
CIRCLE: _ZN11RC_Channels23rudder_arm_disarm_checkEv @ 0x917b10
CIRCLE: _ZNK10RC_Channel12pwm_to_rangeEv @ 0x917d10
CIRCLE: _ZNK10RC_Channel12pwm_to_angleEv @ 0x917d80
CIRCLE: _ZN12SRV_Channels17enable_aux_servosEv @ 0x917df0
CIRCLE: _ZN20AP_MotorsMulticopter21update_throttle_rangeEv @ 0x918110
CIRCLE: _ZN12SRV_Channels20have_digital_outputsEj @ 0xb353f0
CIRCLE: _ZN6AP_HAL8RCOutput15set_esc_scalingEtt @ 0xb35460
CIRCLE: _ZN10RC_Channel16read_mode_switchEv @ 0x918490
CIRCLE: _ZN10RC_Channel16read_6pos_switchERa @ 0x918510
CIRCLE: _ZN10RC_Channel18debounce_completedEa @ 0x918670
CIRCLE: _ZL7radiansf.12421 @ 0x918da0
CIRCLE: _ZN13AC_PosControl20update_NE_controllerEv @ 0x91b3c0
CIRCLE: _ZNK8AC_WPNav23get_default_speed_NE_msEv @ 0xb35af0
CIRCLE: _ZNK8AC_WPNav23get_default_speed_up_msEv @ 0xb35b50
CIRCLE: _ZNK8AC_WPNav25get_default_speed_down_msEv @ 0xb35bb0
CIRCLE: _ZNK13AC_PosControl8get_dt_sEv @ 0xb35c20
CIRCLE: _ZNK13AC_PosControl22get_pos_estimate_NEU_mEv @ 0xb35da0
CIRCLE: _ZNK13AC_PosControl22get_vel_desired_NEU_msEv @ 0xb35df0
CIRCLE: _ZNK13AC_PosControl23get_vel_estimate_NEU_msEv @ 0xb35f50
CIRCLE: _Z16update_vel_accelRfffff @ 0x91ca70
CIRCLE: _ZNK8AC_WPNav23get_wp_acceleration_mssEv @ 0xb35fa0
CIRCLE: _Z15shape_vel_accelfffRfffffb @ 0x91cbd0
CIRCLE: _Z15sqrt_controllerffff @ 0x91fff0
CIRCLE: _Z11shape_accelfRfff @ 0x9202d0
CIRCLE: _ZNK7AC_P_2D9get_errorEv @ 0xb36300
CIRCLE: _ZNK7AC_P_1D9get_errorEv @ 0xb36350
CIRCLE: _ZNK13AC_PosControl19get_max_speed_up_msEv @ 0xb363a0
CIRCLE: _ZNK13AC_PosControl19get_max_accel_U_mssEv @ 0xb363f0
CIRCLE: _ZN13AC_PosControl23set_max_speed_accel_U_mEfff @ 0x920470
CIRCLE: _ZNK13AC_PosControl19get_max_speed_NE_msEv @ 0xb36440
CIRCLE: _ZNK13AC_PosControl21get_max_speed_down_msEv @ 0xb36490
CIRCLE: _ZNK8AC_WPNav15get_accel_U_mssEv @ 0xb364e0
CIRCLE: _ZN6AC_PID9filt_T_hzEv @ 0xb36540
CIRCLE: _ZL3MINIffEDTqultfp_fp0_fp_fp0_ERKT_RKT0_.12234 @ 0x9253a0
CIRCLE: _ZN6AC_PID9filt_E_hzEv @ 0xb36590
CIRCLE: _ZN13AC_PosControl24set_max_speed_accel_NE_mEff @ 0x925430
CIRCLE: _ZN13AC_PosControl31set_correction_speed_accel_NE_mEff @ 0x925630
CIRCLE: _ZN7AC_P_2D10set_limitsEfff @ 0x9256b0
CIRCLE: _ZL3MINIffEDTqultfp_fp0_fp_fp0_ERKT_RKT0_.20551 @ 0x925850
CIRCLE: _ZNK18AC_AttitudeControl25get_ang_vel_roll_max_radsEv @ 0xb365e0
CIRCLE: _ZNK18AC_AttitudeControl26get_ang_vel_pitch_max_radsEv @ 0xb36640
CIRCLE: _ZNK18AC_AttitudeControl24get_accel_roll_max_radssEv @ 0xb366a0
CIRCLE: _ZNK18AC_AttitudeControl25get_accel_pitch_max_radssEv @ 0xb36700
CIRCLE: _ZN18AC_AttitudeControl18get_bf_feedforwardEv @ 0xb36760
CIRCLE: _ZL9cd_to_radf.1210 @ 0x9258e0
CIRCLE: _ZN13AC_PosControl19handle_ekf_NE_resetEv @ 0x925930
CIRCLE: _ZN13AC_PosControl18init_NE_controllerEv @ 0x925b40
CIRCLE: _ZNK7AP_AHRS16getControlLimitsERfS0_ @ 0x925f10
CIRCLE: _ZN13AC_PosControl17update_offsets_NEEv @ 0x926040
CIRCLE: _ZN7AC_P_2D10update_allER7Vector2IdERKS1_ @ 0x926340
CIRCLE: _ZN9AC_PID_2D10update_allERK7Vector2IfES3_fS3_ @ 0x9264a0
CIRCLE: _ZNK13AC_PosControl22get_lean_angle_max_radEv @ 0x9269e0
CIRCLE: _Z22angle_rad_to_accel_mssf @ 0x926ab0
CIRCLE: _Z14limit_accel_xyRK7Vector2IfERS0_f @ 0x926b10
CIRCLE: _ZNK13AC_PosControl31accel_NE_mss_to_lean_angles_radEffRfS0_ @ 0x926d10
CIRCLE: _ZN13AC_PosControl26calculate_yaw_and_rate_yawEv @ 0x926ea0
CIRCLE: _ZNK18AC_AttitudeControl24get_att_target_euler_radEv @ 0xb367d0
CIRCLE: _ZNK12AP_AHRS_View7cos_yawEv @ 0xb36820
CIRCLE: _ZNK12AP_AHRS_View7sin_yawEv @ 0xb36870
CIRCLE: _Z22accel_mss_to_angle_radf @ 0x9270c0
CIRCLE: _ZN7Vector2IfE12limit_lengthEf @ 0xb368c0
CIRCLE: _ZNK7Vector2IfE10normalizedEv @ 0xb36990
CIRCLE: _ZNK18AC_AttitudeControl18lean_angle_max_radEv @ 0xb369f0
CIRCLE: _ZNK9AC_PID_2D16get_filt_E_alphaEf @ 0x927170
CIRCLE: _ZNK9AC_PID_2D16get_filt_D_alphaEf @ 0x9271f0
CIRCLE: _ZN9AC_PID_2D8update_iEfRK7Vector2IfE @ 0x927270
CIRCLE: _Z15sqrt_controllerRK7Vector2IfEfff @ 0x9273e0
CIRCLE: _Z23update_pos_vel_accel_xyR7Vector2IdERS_IfERKS2_fS5_S5_S5_ @ 0x9274c0
CIRCLE: _ZNK9AC_PID_2D9get_errorEv @ 0xb36a50
CIRCLE: _Z22shape_pos_vel_accel_xyRK7Vector2IdERKS_IfES5_S2_S5_RS3_ffffb @ 0x927670
CIRCLE: _Z18shape_vel_accel_xyRK7Vector2IfES2_S2_RS0_fffb @ 0x927900
CIRCLE: _Z14shape_accel_xyRK7Vector2IfERS0_ff @ 0x927c60
CIRCLE: _Z19update_vel_accel_xyR7Vector2IfERKS0_fS3_S3_ @ 0x927d70
CIRCLE: _ZNK7NavEKF319getEkfControlLimitsERfS0_ @ 0x928000
CIRCLE: _ZNK12NavEKF3_core19getEkfControlLimitsERfS0_ @ 0x928160
CIRCLE: _ZN13AC_PosControl15init_offsets_NEEv @ 0x928760
CIRCLE: _ZNK13AC_PosControl27lean_angles_to_accel_NE_mssERfS0_ @ 0x9288c0
CIRCLE: _ZN9AC_PID_2D12reset_filterEv @ 0xb36aa0
CIRCLE: _ZN9AC_PID_2D2ffEv @ 0xb36af0
CIRCLE: _ZN9AC_PID_2D14set_integratorERK7Vector2IfE @ 0x928990
CIRCLE: _ZN13AC_PosControl17init_ekf_NE_resetEv @ 0x928a20
CIRCLE: _ZN12AP_AHRS_View24getLastPosNorthEastResetER7Vector2IfE @ 0xb36b40
CIRCLE: _ZN7AP_AHRS24getLastPosNorthEastResetER7Vector2IfE @ 0x928a90
CIRCLE: _ZN7NavEKF324getLastPosNorthEastResetER7Vector2IfE @ 0x928ce0
CIRCLE: _ZNK13AC_PosControl32lean_angles_rad_to_accel_NEU_mssERK7Vector3IfE @ 0x928e30
CIRCLE: _ZL3MAXIffEDTqugtfp_fp0_fp_fp0_ERKT_RKT0_.12242 @ 0x929010
CIRCLE: _ZN13AC_PosControl24calculate_overspeed_gainEv @ 0x929090
CIRCLE: _ZNK12AC_PID_Basic9get_errorEv @ 0xb36c10
CIRCLE: _Z20update_pos_vel_accelRdRffffff @ 0x9291a0
CIRCLE: _Z19shape_pos_vel_acceldffdfRfffffffb @ 0x929300
CIRCLE: _Z15get_bearing_radRK7Vector2IfES2_ @ 0x929de0
CIRCLE: _ZN13AC_PosControl20init_pos_terrain_U_mEf @ 0x92a870
CIRCLE: _ZN13AC_PosControl30set_correction_speed_accel_U_mEfff @ 0x92abd0
CIRCLE: _ZN7AC_P_1D10set_limitsEffff @ 0x92af30
CIRCLE: _ZN13AC_PosControl17init_U_controllerEv @ 0x92b1d0
CIRCLE: _ZN13AC_PosControl12init_terrainEv @ 0x92b440
CIRCLE: _ZN13AC_PosControl14init_offsets_UEv @ 0x92b4b0
CIRCLE: _ZN12AC_PID_Basic12reset_filterEv @ 0xb36e60
CIRCLE: _ZN12AC_PID_Basic14set_integratorEf @ 0x92b570
CIRCLE: _ZNK13AC_PosControl24get_measured_accel_U_mssEv @ 0xb36eb0
CIRCLE: _ZN13AC_PosControl16init_ekf_U_resetEv @ 0x92b620
CIRCLE: _ZN12AP_AHRS_View19getLastPosDownResetERf @ 0xb36f20
CIRCLE: _ZN7AP_AHRS19getLastPosDownResetERf @ 0x92b690
CIRCLE: _ZN7NavEKF319getLastPosDownResetERf @ 0x92b8d0
CIRCLE: _ZNK12AP_AHRS_View12get_accel_efEv @ 0xb36ff0
CIRCLE: _ZNK8AC_WPNav26get_default_speed_down_cmsEv @ 0xb37160
CIRCLE: _ZN24AC_AttitudeControl_Multi17get_rate_roll_pidEv @ 0xb37720
CIRCLE: _ZN24AC_AttitudeControl_Multi18get_rate_pitch_pidEv @ 0xb37770
CIRCLE: _ZN24AC_AttitudeControl_Multi16get_rate_yaw_pidEv @ 0xb377c0
CIRCLE: _ZNK24AC_AttitudeControl_Multi16get_rate_yaw_pidEv @ 0xb378b0
CIRCLE: _ZN18AC_AttitudeControl47input_euler_angle_roll_pitch_euler_rate_yaw_radEfff @ 0x92d0e0
CIRCLE: _ZN18AC_AttitudeControl31input_thrust_vector_heading_radERK7Vector3IfEff @ 0x92ef40
CIRCLE: _ZN24AC_AttitudeControl_Multi19rate_controller_runEv @ 0x92f3b0
CIRCLE: _ZN24AC_AttitudeControl_Multi28rate_controller_target_resetEv @ 0x92f440
CIRCLE: _ZN24AC_AttitudeControl_Multi22rate_controller_run_dtERK7Vector3IfEf @ 0x92f4d0
CIRCLE: _ZN24AC_AttitudeControl_Multi29update_althold_lean_angle_maxEf @ 0x92f780
CIRCLE: _ZN24AC_AttitudeControl_Multi16set_throttle_outEfbf @ 0x92f8c0
CIRCLE: _ZNK18AC_AttitudeControl30get_althold_lean_angle_max_radEv @ 0x92f9f0
CIRCLE: _ZN24AC_AttitudeControl_Multi21set_notch_sample_rateEf @ 0x92fd00
CIRCLE: _ZNK24AC_AttitudeControl_Multi19is_throttle_mix_minEv @ 0xb37a60
CIRCLE: _ZN24AC_AttitudeControl_Multi20set_throttle_mix_minEv @ 0xb37af0
CIRCLE: _ZN24AC_AttitudeControl_Multi20set_throttle_mix_maxEf @ 0x92fda0
CIRCLE: _ZN18AC_AttitudeControl16get_roll_trim_cdEv @ 0xb37da0
CIRCLE: _ZL3MAXIffEDTqugtfp_fp0_fp_fp0_ERKT_RKT0_.12164 @ 0x92fe90
CIRCLE: _ZN9AP_Motors26set_throttle_filter_cutoffEf @ 0xb37f00
CIRCLE: _ZN24AC_AttitudeControl_Multi20get_throttle_boostedEf @ 0x92ff10
CIRCLE: _ZN9AP_Motors12set_throttleEf @ 0xb37f70
CIRCLE: _ZL3MAXIffEDTqugtfp_fp0_fp_fp0_ERKT_RKT0_.12079 @ 0x9300b0
CIRCLE: _ZN24AC_AttitudeControl_Multi20get_throttle_avg_maxEf @ 0x930130
CIRCLE: _ZN9AP_Motors20set_throttle_avg_maxEf @ 0xb37fd0
CIRCLE: _ZNK12AP_AHRS_View9cos_pitchEv @ 0xb38050
CIRCLE: _ZNK12AP_AHRS_View8cos_rollEv @ 0xb380a0
CIRCLE: _ZNK20AP_MotorsMulticopter23get_throttle_thrust_maxEv @ 0xb380f0
CIRCLE: _ZN24AC_AttitudeControl_Multi26update_throttle_gain_boostEv @ 0x930230
CIRCLE: _ZN24AC_AttitudeControl_Multi23update_throttle_rpy_mixEv @ 0x9303b0
CIRCLE: _ZN9AP_Motors8set_rollEf @ 0xb38140
CIRCLE: _ZNK6AC_PID6get_ffEv @ 0x9305f0
CIRCLE: _ZN9AP_Motors11set_roll_ffEf @ 0xb381a0
CIRCLE: _ZN9AP_Motors9set_pitchEf @ 0xb38200
CIRCLE: _ZN9AP_Motors12set_pitch_ffEf @ 0xb38260
CIRCLE: _ZN9AP_Motors7set_yawEf @ 0xb382c0
CIRCLE: _ZN9AP_Motors10set_yaw_ffEf @ 0xb38320
CIRCLE: _ZL3MINIffEDTqultfp_fp0_fp_fp0_ERKT_RKT0_.12080 @ 0x930650
CIRCLE: _ZNK9AP_Motors16get_throttle_outEv @ 0xb38380
CIRCLE: _ZNK9AP_Motors22get_throttle_slew_rateEv @ 0xb383d0
CIRCLE: _ZN18AC_AttitudeControl17set_PD_scale_multERK7Vector3IfE @ 0xb38420
CIRCLE: _ZN18AC_AttitudeControl22set_angle_P_scale_multERK7Vector3IfE @ 0xb38490
CIRCLE: _ZNK18AC_AttitudeControl21get_slew_yaw_max_radsEv @ 0x9306e0
CIRCLE: _ZN18AC_AttitudeControl22update_attitude_targetEv @ 0x930730
CIRCLE: _ZNK11QuaternionTIfE8to_eulerER7Vector3IfE @ 0xb38500
CIRCLE: _ZNK18AC_AttitudeControl27attitude_from_thrust_vectorE7Vector3IfEf @ 0x930800
CIRCLE: _ZN18AC_AttitudeControl19input_shaping_angleEfffff @ 0xb38580
CIRCLE: _ZN18AC_AttitudeControl19input_shaping_angleEfffffff @ 0x930a50
CIRCLE: _ZNK18AC_AttitudeControl13ang_vel_limitER7Vector3IfEfff @ 0x930bb0
CIRCLE: _ZN18AC_AttitudeControl21ang_vel_to_euler_rateERK11QuaternionTIfERK7Vector3IfERS5_ @ 0x930db0
CIRCLE: _ZN18AC_AttitudeControl28attitude_controller_run_quatEv @ 0x930f50
CIRCLE: _ZN18AC_AttitudeControl36update_ang_vel_target_from_att_errorERK7Vector3IfE @ 0x9313f0
CIRCLE: _ZNK18AC_AttitudeControl15get_latest_gyroEv @ 0x931800
CIRCLE: _ZN18AC_AttitudeControl21input_shaping_ang_velEfffff @ 0x931870
CIRCLE: _ZNK18AC_AttitudeControl21get_slew_yaw_max_degsEv @ 0x9319f0
CIRCLE: _ZN18AC_AttitudeControl17euler_accel_limitERK11QuaternionTIfERK7Vector3IfE @ 0x931b50
CIRCLE: _ZN18AC_AttitudeControl21euler_rate_to_ang_velERK11QuaternionTIfERK7Vector3IfERS5_ @ 0x931e70
CIRCLE: _ZN18AC_AttitudeControl17get_roll_trim_radEv @ 0xb38630
CIRCLE: _ZL9cd_to_radf @ 0x931fd0
CIRCLE: _ZNK20AP_MotorsMulticopter13arming_checksEmPc @ 0x933020
CIRCLE: _ZNK20AP_MotorsMulticopter18get_throttle_hoverEv @ 0xb38d60
CIRCLE: _ZN15AP_MotorsMatrix24set_frame_class_and_typeEN9AP_Motors17motor_frame_classENS0_16motor_frame_typeE @ 0x933640
CIRCLE: _ZN20AP_MotorsMulticopter6outputEv @ 0x933720
CIRCLE: _ZN15AP_MotorsMatrix14get_motor_maskEv @ 0x933870
CIRCLE: _ZN9AP_Motors8rc_writeEht @ 0x933940
CIRCLE: _ZN20AP_MotorsMulticopter9Log_WriteEv @ 0x933a00
CIRCLE: _ZN15AP_MotorsMatrix24output_armed_stabilizingEv @ 0x933b00
CIRCLE: _ZN20AP_MotorsMulticopter22update_throttle_filterEv @ 0x934840
CIRCLE: _ZN20AP_MotorsMulticopter30get_current_limit_max_throttleEv @ 0x934ed0
CIRCLE: _ZN20AP_MotorsMulticopter21output_boost_throttleEv @ 0x935150
CIRCLE: _ZN20AP_MotorsMulticopter11output_rpytEv @ 0x935230
CIRCLE: _ZL3MAXIffEDTqugtfp_fp0_fp_fp0_ERKT_RKT0_.12661 @ 0x9367a0
CIRCLE: _ZNK20Thrust_Linearization17get_battery_indexEv @ 0xb39160
CIRCLE: _ZN15AP_MotorsMatrix16output_to_motorsEv @ 0x936c60
CIRCLE: _ZNK20AP_MotorsMulticopter18motor_enabled_maskEh @ 0xb39220
CIRCLE: _ZN20AP_MotorsMulticopter22set_actuator_with_slewERff @ 0x936f70
CIRCLE: _ZNK20Thrust_Linearization18thrust_to_actuatorEf @ 0x937130
CIRCLE: _ZN20AP_MotorsMulticopter13output_to_pwmEf @ 0x937210
CIRCLE: _ZNK20Thrust_Linearization35apply_thrust_curve_and_volt_scalingEf @ 0x937330
CIRCLE: _ZNK20Thrust_Linearization12get_spin_minEv @ 0xb392d0
CIRCLE: _ZNK9AP_Motors30motor_mask_to_srv_channel_maskEj @ 0x9374e0
CIRCLE: _ZNK20Thrust_Linearization21get_compensation_gainEv @ 0x9375b0
CIRCLE: _ZNK15AP_MotorsMatrix11boost_ratioEff @ 0x9376c0
CIRCLE: _ZL3MINIffEDTqultfp_fp0_fp_fp0_ERKT_RKT0_.12687 @ 0x937750
CIRCLE: _ZN15AP_MotorsMatrix22check_for_failed_motorEf @ 0x9377e0
CIRCLE: _ZNK20Thrust_Linearization12get_lift_maxEv @ 0xb39380
CIRCLE: _ZN20AP_MotorsMulticopter14get_motor_maskEv @ 0x937ab0
CIRCLE: _ZN9AP_Motors23set_desired_spool_stateENS_17DesiredSpoolStateE @ 0x937b00
CIRCLE: _ZN20Thrust_Linearization33update_lift_max_from_batt_voltageEv @ 0x937b80
CIRCLE: _ZN20AP_MotorsMulticopter12output_logicEv @ 0x937f20
CIRCLE: _ZN20AP_MotorsMulticopter22update_external_limitsEv @ 0x938910
CIRCLE: _ZL3MAXIffEDTqugtfp_fp0_fp_fp0_ERKT_RKT0_.12752 @ 0x938ad0
CIRCLE: _ZN9AP_Motors10has_optionENS_12MotorOptionsE @ 0xb39430
CIRCLE: _ZNK9AP_ParamTIfL11ap_var_type4EEgeERKS1_ @ 0xb394b0
CIRCLE: _ZL3MAXI9AP_ParamTIfL11ap_var_type4EEfEDTqugtfp_fp0_fp_fp0_ERKT_RKT0_.12812 @ 0x938b50
CIRCLE: _ZNK9AP_Motors8get_dt_sEv @ 0xb39520
CIRCLE: _ZNK9AP_Motors13arming_checksEmPc @ 0x938e70
CIRCLE: _ZNK20AP_MotorsMulticopter20check_mot_pwm_paramsEv @ 0x938f30
CIRCLE: _ZN15AP_MotorsMatrix19thrust_compensationEv @ 0x939f50
CIRCLE: _ZNK7FunctorIvJPfhEEcvbEv @ 0xb39680
CIRCLE: _ZN15AP_Baro_Backend17_copy_to_frontendEhff @ 0x942bf0
CIRCLE: _ZN12AP_Baro_SITL6_timerEv @ 0x943e80
CIRCLE: _ZN7FunctorIvJEE14method_wrapperI12AP_Baro_SITLXadL_ZNS2_6_timerEvEEEEvPv @ 0xb3b9a0
CIRCLE: _ZN7VectorNIN12AP_Baro_SITL13readings_baroELh50EEixEh @ 0xb3ba50
CIRCLE: _ZN12AP_Baro_SITL22temperature_adjustmentERfS0_ @ 0x944270
CIRCLE: _ZN12AP_Baro_SITL24wind_pressure_correctionEh @ 0x944460
CIRCLE: _ZL2sqf.2279 @ 0x944670
CIRCLE: _ZN7AP_Baro22_get_air_density_ratioEv @ 0x9446c0
CIRCLE: _ZL2sqf.2258 @ 0x944760
CIRCLE: _ZN12AP_Baro_SITL6updateEv @ 0x944850
CIRCLE: _ZN12AP_Baro_SITL19update_healthy_flagEh @ 0xb3bb60
CIRCLE: _ZN12AP_Baro_SITL7healthyEh @ 0x944900
CIRCLE: _ZNK22AP_BattMonitor_Backend17has_cell_voltagesEv @ 0xb3c270
CIRCLE: _ZNK22AP_BattMonitor_Backend15has_temperatureEv @ 0xb3c2c0
CIRCLE: _ZNK22AP_BattMonitor_Backend15get_temperatureERf @ 0x945110
CIRCLE: _ZNK22AP_BattMonitor_Backend22capacity_remaining_pctERh @ 0x9451d0
CIRCLE: _ZN22AP_BattMonitor_Backend26update_resistance_estimateEv @ 0x945350
CIRCLE: _ZN22AP_BattMonitor_Backend16update_failsafesEv @ 0x9456a0
CIRCLE: _ZNK22AP_BattMonitor_Backend25get_mavlink_fault_bitmaskEv @ 0xb3c370
CIRCLE: _ZL3MINIifEDTqultfp_fp0_fp_fp0_ERKT_RKT0_.18692 @ 0x9459c0
CIRCLE: _ZN21AP_BattMonitor_Analog4readEv @ 0x947660
CIRCLE: _ZNK21AP_BattMonitor_Analog19has_consumed_energyEv @ 0xb3d060
CIRCLE: _ZNK21AP_BattMonitor_Analog11has_currentEv @ 0x947860
CIRCLE: _ZN9AP_Notify19set_flight_mode_strEPKc @ 0x94de70
CIRCLE: _ZN6RGBLed6updateEv @ 0x953ac0
CIRCLE: _ZN10IS31FL319510hw_set_rgbEhhh @ 0x953e50
CIRCLE: _ZN6RGBLed8_set_rgbEhhh @ 0x953ef0
CIRCLE: _ZNK6RGBLed10rgb_sourceEv @ 0x954000
CIRCLE: _ZNK6RGBLed19get_colour_sequenceEv @ 0x954260
CIRCLE: _ZNK6RGBLed14get_brightnessEv @ 0x954650
CIRCLE: _ZN6RGBLed7set_rgbEhhh @ 0x954750
CIRCLE: _ZN10IS31FL31956_timerEv @ 0x954810
CIRCLE: _ZN7FunctorIvJEE14method_wrapperI10IS31FL3195XadL_ZNS2_6_timerEvEEEEvPv @ 0xb40710
CIRCLE: _ZN6LP556210hw_set_rgbEhhh @ 0x954d00
CIRCLE: _ZN6LP55626_timerEv @ 0x954da0
CIRCLE: _ZN7FunctorIvJEE14method_wrapperI6LP5562XadL_ZNS2_6_timerEvEEEEvPv @ 0xb40a80
CIRCLE: _ZN14ToshibaLED_I2C10hw_set_rgbEhhh @ 0x956b20
CIRCLE: _ZN14ToshibaLED_I2C6_timerEv @ 0x956bd0
CIRCLE: _ZN7FunctorIvJEE14method_wrapperI14ToshibaLED_I2CXadL_ZNS2_6_timerEvEEEEvPv @ 0xb41790
CIRCLE: _ZN4Mode4exitEv @ 0xb41ca0
CIRCLE: _ZNK10ModeGuided19has_manual_throttleEv @ 0xb41d40
CIRCLE: _ZNK10ModeGuided12is_autopilotEv @ 0xb41d90
CIRCLE: _ZNK4Mode13logs_attitudeEv @ 0xb41e90
CIRCLE: _ZNK4Mode19crash_check_enabledEv @ 0xb42020
CIRCLE: _ZNK4Mode10is_landingEv @ 0xb421b0
CIRCLE: _ZN4Mode16output_to_motorsEv @ 0x9596d0
CIRCLE: _ZN4Mode7AutoYaw8set_modeENS0_4ModeE @ 0x959ad0
CIRCLE: _ZNK13AC_PosControl23get_pos_estimate_NEU_cmEv @ 0xb422e0
CIRCLE: _ZNK4Mode21is_disarmed_or_landedEv @ 0x959d30
CIRCLE: _ZNK6Copter38get_rangefinder_height_interpolated_cmERi @ 0x959e50
CIRCLE: _ZNK18AP_SurfaceDistance38get_rangefinder_height_interpolated_cmERi @ 0x959ec0
CIRCLE: _ZNK18AP_SurfaceDistance19enabled_and_healthyEv @ 0x959fc0
CIRCLE: _ZNK8AC_WPNav24get_default_speed_up_cmsEv @ 0xb42350
CIRCLE: _ZNK8AC_WPNav16get_accel_U_cmssEv @ 0xb423b0
CIRCLE: _ZN13AC_PosControl24set_max_speed_accel_U_cmEfff @ 0x95a030
CIRCLE: _ZN13AC_PosControl31set_correction_speed_accel_U_cmEfff @ 0x95a0e0
CIRCLE: _ZNK8AC_WPNav24get_wp_acceleration_cmssEv @ 0xb42410
CIRCLE: _ZN13AC_PosControl25set_max_speed_accel_NE_cmEff @ 0x95a190
CIRCLE: _ZN13AC_PosControl32set_correction_speed_accel_NE_cmEff @ 0x95a220
CIRCLE: _ZNK13AC_PosControl18get_pos_error_NE_mEv @ 0xb42520
CIRCLE: _ZNK13AC_PosControl25get_bearing_to_target_radEv @ 0x95a4a0
CIRCLE: _ZN4Mode36get_avoidance_adjusted_climbrate_cmsEf @ 0x95be20
CIRCLE: _ZN4Mode25make_safe_ground_handlingEb @ 0x95c050
CIRCLE: _ZN13AC_PosControl19update_U_controllerEv @ 0x95c3a0
CIRCLE: _ZN13AC_PosControl18handle_ekf_U_resetEv @ 0x95c8b0
CIRCLE: _ZN13AC_PosControl16update_offsets_UEv @ 0x95ca00
CIRCLE: _ZN13AC_PosControl14update_terrainEv @ 0x95ccf0
CIRCLE: _ZN7AC_P_1D10update_allERff @ 0x95cf10
CIRCLE: _ZNK7AP_AHRS16getControlScaleZEv @ 0x95d070
CIRCLE: _ZN12AC_PID_Basic10update_allEfffbb @ 0x95d0f0
CIRCLE: _ZNK6AC_PID4imaxEv @ 0xb42630
CIRCLE: _ZNK12AC_PID_Basic16get_filt_E_alphaEf @ 0x95d710
CIRCLE: _ZNK12AC_PID_Basic16get_filt_D_alphaEf @ 0x95d790
CIRCLE: _ZN12AC_PID_Basic8update_iEfbb @ 0x95d810
CIRCLE: _ZN13AC_PosControl34set_pos_target_U_from_climb_rate_mEf @ 0x95d970
CIRCLE: _ZN13AC_PosControl19input_vel_accel_U_mERffb @ 0x95d9e0
CIRCLE: _ZN18AC_AttitudeControl38reset_rate_controller_I_terms_smoothlyEv @ 0x95dc00
CIRCLE: _ZN18AC_AttitudeControl25reset_yaw_target_and_rateEb @ 0x95dcd0
CIRCLE: _ZN13AC_PosControl28relax_velocity_controller_NEEv @ 0x95de10
CIRCLE: _ZN13AC_PosControl18relax_U_controllerEf @ 0x95dee0
CIRCLE: _ZN6AC_PID16relax_integratorEfff @ 0x95dfc0
CIRCLE: _ZNK13AC_PosControl20get_max_accel_U_cmssEv @ 0xb42710
CIRCLE: _ZN8AC_Avoid17adjust_velocity_zEffRff @ 0x95e0f0
CIRCLE: _ZN8AC_Avoid17adjust_velocity_zEffRfS0_f @ 0x95e200
CIRCLE: _ZL3MINIffEDTqultfp_fp0_fp_fp0_ERKT_RKT0_.8997 @ 0x95e7f0
CIRCLE: _ZNK7AP_AHRS18get_hgt_ctrl_limitERf @ 0x95e900
CIRCLE: _ZNK12AP_Proximity19get_upward_distanceERf @ 0x95ea00
CIRCLE: _ZNK7NavEKF321getHeightControlLimitERf @ 0x95ed00
CIRCLE: _ZNK12NavEKF3_core21getHeightControlLimitERf @ 0x95eda0
CIRCLE: _ZNK4Mode7AutoYaw4modeEv @ 0xb42830
CIRCLE: _ZNK13AC_PosControl23get_vel_desired_NEU_cmsEv @ 0xb428f0
CIRCLE: _ZNK13AC_PosControl17get_thrust_vectorEv @ 0x95f630
CIRCLE: _ZN4Mode7AutoYaw11get_headingEv @ 0x95f6a0
CIRCLE: _ZN18AC_AttitudeControl27input_thrust_vector_headingERK7Vector3IfENS_14HeadingCommandE @ 0x95f870
CIRCLE: _ZNK4Mode31get_pilot_desired_yaw_rate_radsEv @ 0x95f990
CIRCLE: _ZN4Mode7AutoYaw18update_weathervaneEf @ 0x95fa80
CIRCLE: _ZN4Mode7AutoYaw7yaw_radEv @ 0x95fca0
CIRCLE: _ZN4Mode7AutoYaw9rate_radsEv @ 0x95fec0
CIRCLE: _ZNK9AC_Circle9is_activeEv @ 0x960140
CIRCLE: _ZNK9AC_Circle11get_yaw_radEv @ 0xb429d0
CIRCLE: _ZN4Mode7AutoYaw19set_mode_to_defaultEb @ 0x960f70
CIRCLE: _ZNK4Mode7AutoYaw12default_modeEb @ 0x960ff0
CIRCLE: _ZNK15AC_CommandModel8get_rateEv @ 0xb42b30
CIRCLE: _ZL7radiansf.1204 @ 0x9611a0
CIRCLE: _ZNK15AC_CommandModel8get_expoEv @ 0xb42b90
CIRCLE: _Z10input_expoff @ 0x9611f0
CIRCLE: _ZNK13AC_PosControl24get_accel_target_NEU_mssEv @ 0xb42bf0
CIRCLE: _ZN13AC_PosControl24input_pos_vel_accel_NE_mER7Vector2IdERS0_IfERKS3_b @ 0x961660
CIRCLE: _ZNK13AC_PosControl21get_pos_desired_NEU_mEv @ 0xb42c40
CIRCLE: _ZNK13AC_PosControl20get_max_accel_NE_mssEv @ 0xb436e0
CIRCLE: _ZN6Copter27failsafe_terrain_set_statusEb @ 0x967680
CIRCLE: _ZNK13AC_PosControl19get_pos_desired_U_mEv @ 0xb43850
CIRCLE: _ZN10ModeGuided4initEb @ 0x968280
CIRCLE: _ZN10ModeGuided22velaccel_control_startEv @ 0x968310
CIRCLE: _ZN10ModeGuided17pva_control_startEv @ 0x968370
CIRCLE: _ZNK8AC_WPNav24get_default_speed_NE_cmsEv @ 0xb438b0
CIRCLE: _ZNK10ModeGuided11mode_numberEv @ 0xb43910
CIRCLE: _ZNK10ModeGuided5name4Ev @ 0xb439b0
CIRCLE: _ZNK4Mode16has_user_takeoffEb @ 0xb43a60
CIRCLE: _ZNK4Mode13is_taking_offEv @ 0x968690
CIRCLE: _ZNK4Mode6get_wpER8Location @ 0xb43bb0
CIRCLE: _ZNK4Mode18crosstrack_error_mEv @ 0xb43cb0
CIRCLE: _ZNK4Mode13use_pilot_yawEv @ 0xb43e20
CIRCLE: _ZNK4Mode20allows_weathervaningEv @ 0xb43f10
CIRCLE: _ZNK9AC_Circle13get_radius_cmEv @ 0xb43fc0
CIRCLE: _ZNK9AC_Circle12get_radius_mEv @ 0xb44020
CIRCLE: _ZN13AC_PosControl21init_pos_terrain_U_cmEf @ 0x96a640
CIRCLE: _ZN7FunctorIvJEE14method_wrapperI17AP_InertialSensorXadL_ZNS2_6updateEvEEEEvPv @ 0xb44240
CIRCLE: _ZN7FunctorIvJEE14method_wrapperI6CopterXadL_ZNS2_24run_rate_controller_mainEvEEEEvPv @ 0xb442f0
CIRCLE: _ZN7FunctorIvJEE14method_wrapperI6CopterXadL_ZNS2_21run_custom_controllerEvEEEEvPv @ 0xb443a0
CIRCLE: _ZN7FunctorIvJEE14method_wrapperI6CopterXadL_ZNS2_18motors_output_mainEvEEEEvPv @ 0xb44450
CIRCLE: _ZN7FunctorIvJEE14method_wrapperI6CopterXadL_ZNS2_9read_AHRSEvEEEEvPv @ 0xb44500
CIRCLE: _ZN7FunctorIvJEE14method_wrapperI6CopterXadL_ZNS2_12read_inertiaEvEEEEvPv @ 0xb445b0
CIRCLE: _ZN7FunctorIvJEE14method_wrapperI6CopterXadL_ZNS2_15check_ekf_resetEvEEEEvPv @ 0xb44660
CIRCLE: _ZN7FunctorIvJEE14method_wrapperI6CopterXadL_ZNS2_18update_flight_modeEvEEEEvPv @ 0xb44710
CIRCLE: _ZN7FunctorIvJEE14method_wrapperI6CopterXadL_ZNS2_20update_home_from_EKFEvEEEEvPv @ 0xb447c0
CIRCLE: _ZN7FunctorIvJEE14method_wrapperI6CopterXadL_ZNS2_31update_land_and_crash_detectorsEvEEEEvPv @ 0xb44870
CIRCLE: _ZN7FunctorIvJEE14method_wrapperI6CopterXadL_ZNS2_33update_rangefinder_terrain_offsetEvEEEEvPv @ 0xb44920
CIRCLE: _ZN7FunctorIvJEE14method_wrapperI8AP_MountXadL_ZNS2_11update_fastEvEEEEvPv @ 0xb449d0
CIRCLE: _ZN7FunctorIvJEE14method_wrapperI6CopterXadL_ZNS2_23Log_Video_StabilisationEvEEEEvPv @ 0xb44a80
CIRCLE: _ZN7FunctorIvJEE14method_wrapperI6CopterXadL_ZNS2_7rc_loopEvEEEEvPv @ 0xb44b30
CIRCLE: _ZN7FunctorIvJEE14method_wrapperI6CopterXadL_ZNS2_13throttle_loopEvEEEEvPv @ 0xb44be0
CIRCLE: _ZN7FunctorIvJEE14method_wrapperI6CopterXadL_ZNS2_11fence_checkEvEEEEvPv @ 0xb44c90
CIRCLE: _ZN7FunctorIvJEE14method_wrapperI6AP_GPSXadL_ZNS2_6updateEvEEEEvPv @ 0xb44d40
CIRCLE: _ZN7FunctorIvJEE14method_wrapperI14AP_OpticalFlowXadL_ZNS2_6updateEvEEEEvPv @ 0xb44df0
CIRCLE: _ZN7FunctorIvJEE14method_wrapperI6CopterXadL_ZNS2_19update_batt_compassEvEEEEvPv @ 0xb44ea0
CIRCLE: _ZN7FunctorIvJEE14method_wrapperI11RC_ChannelsXadL_ZNS2_12read_aux_allEvEEEEvPv @ 0xb44f50
CIRCLE: _ZN7FunctorIvJEE14method_wrapperI6CopterXadL_ZNS2_17auto_disarm_checkEvEEEEvPv @ 0xb45000
CIRCLE: _ZN7FunctorIvJEE14method_wrapperI18RC_Channels_CopterXadL_ZNS2_13auto_trim_runEvEEEEvPv @ 0xb450b0
CIRCLE: _ZN7FunctorIvJEE14method_wrapperI6CopterXadL_ZNS2_16read_rangefinderEvEEEEvPv @ 0xb45160
CIRCLE: _ZN7FunctorIvJEE14method_wrapperI12AP_ProximityXadL_ZNS2_6updateEvEEEEvPv @ 0xb45210
CIRCLE: _ZN7FunctorIvJEE14method_wrapperI9AP_BeaconXadL_ZNS2_6updateEvEEEEvPv @ 0xb452c0
CIRCLE: _ZN7FunctorIvJEE14method_wrapperI6CopterXadL_ZNS2_15update_altitudeEvEEEEvPv @ 0xb45370
CIRCLE: _ZN7FunctorIvJEE14method_wrapperI6CopterXadL_ZNS2_15run_nav_updatesEvEEEEvPv @ 0xb45420
CIRCLE: _ZN7FunctorIvJEE14method_wrapperI6CopterXadL_ZNS2_21update_throttle_hoverEvEEEEvPv @ 0xb454d0
CIRCLE: _ZN7FunctorIvJEE14method_wrapperI12ModeSmartRTLXadL_ZNS2_13save_positionEvEEEEvPv @ 0xb45580
CIRCLE: _ZN7FunctorIvJEE14method_wrapperI10AC_SprayerXadL_ZNS2_6updateEvEEEEvPv @ 0xb45630
CIRCLE: _ZN7FunctorIvJEE14method_wrapperI6CopterXadL_ZNS2_13three_hz_loopEvEEEEvPv @ 0xb456e0
CIRCLE: _ZN7FunctorIvJEE14method_wrapperI19AP_ServoRelayEventsXadL_ZNS2_13update_eventsEvEEEEvPv @ 0xb45790
CIRCLE: _ZN7FunctorIvJEE14method_wrapperI6CopterXadL_ZNS2_15update_preclandEvEEEEvPv @ 0xb45840
CIRCLE: _ZN7FunctorIvJEE14method_wrapperI6CopterXadL_ZNS2_17loop_rate_loggingEvEEEEvPv @ 0xb458f0
CIRCLE: _ZN7FunctorIvJEE14method_wrapperI6CopterXadL_ZNS2_11one_hz_loopEvEEEEvPv @ 0xb459a0
CIRCLE: _ZN7FunctorIvJEE14method_wrapperI6CopterXadL_ZNS2_9ekf_checkEvEEEEvPv @ 0xb45a50
CIRCLE: _ZN7FunctorIvJEE14method_wrapperI6CopterXadL_ZNS2_15check_vibrationEvEEEEvPv @ 0xb45b00
CIRCLE: _ZN7FunctorIvJEE14method_wrapperI6CopterXadL_ZNS2_15gpsglitch_checkEvEEEEvPv @ 0xb45bb0
CIRCLE: _ZN7FunctorIvJEE14method_wrapperI6CopterXadL_ZNS2_13takeoff_checkEvEEEEvPv @ 0xb45c60
CIRCLE: _ZN7FunctorIvJEE14method_wrapperI6CopterXadL_ZNS2_18landinggear_updateEvEEEEvPv @ 0xb45d10
CIRCLE: _ZN7FunctorIvJEE14method_wrapperI6CopterXadL_ZNS2_14standby_updateEvEEEEvPv @ 0xb45dc0
CIRCLE: _ZN7FunctorIvJEE14method_wrapperI6CopterXadL_ZNS2_18lost_vehicle_checkEvEEEEvPv @ 0xb45e70
CIRCLE: _ZN7FunctorIvJEE14method_wrapperI3GCSXadL_ZNS2_14update_receiveEvEEEEvPv @ 0xb45f20
CIRCLE: _ZN7FunctorIvJEE14method_wrapperI3GCSXadL_ZNS2_11update_sendEvEEEEvPv @ 0xb45fd0
CIRCLE: _ZN7FunctorIvJEE14method_wrapperI8AP_MountXadL_ZNS2_6updateEvEEEEvPv @ 0xb46080
CIRCLE: _ZN7FunctorIvJEE14method_wrapperI9AP_CameraXadL_ZNS2_6updateEvEEEEvPv @ 0xb46130
CIRCLE: _ZN7FunctorIvJEE14method_wrapperI6CopterXadL_ZNS2_19ten_hz_logging_loopEvEEEEvPv @ 0xb461e0
CIRCLE: _ZN7FunctorIvJEE14method_wrapperI6CopterXadL_ZNS2_21twentyfive_hz_loggingEvEEEEvPv @ 0xb46290
CIRCLE: _ZN7FunctorIvJEE14method_wrapperI9AP_LoggerXadL_ZNS2_14periodic_tasksEvEEEEvPv @ 0xb46340
CIRCLE: _ZN7FunctorIvJEE14method_wrapperI17AP_InertialSensorXadL_ZNS2_8periodicEvEEEEvPv @ 0xb463f0
CIRCLE: _ZN7FunctorIvJEE14method_wrapperI12AP_SchedulerXadL_ZNS2_14update_loggingEvEEEEvPv @ 0xb464a0
CIRCLE: _ZN7FunctorIvJEE14method_wrapperI18AP_TempCalibrationXadL_ZNS2_6updateEvEEEEvPv @ 0xb46550
CIRCLE: _ZN7FunctorIvJEE14method_wrapperI6CopterXadL_ZNS2_21avoidance_adsb_updateEvEEEEvPv @ 0xb46600
CIRCLE: _ZN7FunctorIvJEE14method_wrapperI6CopterXadL_ZNS2_14terrain_updateEvEEEEvPv @ 0xb466b0
CIRCLE: _ZN7FunctorIvJEE14method_wrapperI8AP_WinchXadL_ZNS2_6updateEvEEEEvPv @ 0xb46760
CIRCLE: _ZN7FunctorIvJEE14method_wrapperI9AP_ButtonXadL_ZNS2_6updateEvEEEEvPv @ 0xb46810
CIRCLE: _ZN7FunctorIvJEE14method_wrapperI6CopterXadL_ZNS2_43update_dynamic_notch_at_specified_rate_mainEvEEEEvPv @ 0xb468c0
CIRCLE: _ZN6Copter43update_dynamic_notch_at_specified_rate_mainEv @ 0x96ae30
CIRCLE: _ZN10AP_Vehicle38update_dynamic_notch_at_specified_rateEv @ 0x96aea0
CIRCLE: _ZN10AP_Vehicle20update_dynamic_notchERN17AP_InertialSensor13HarmonicNotchE @ 0x96aff0
CIRCLE: _ZN9AP_Button6updateEv @ 0x96c0d0
CIRCLE: _ZN8AP_Winch6updateEv @ 0x96cd50
CIRCLE: _ZNK8AP_Winch7enabledEv @ 0x96cdd0
CIRCLE: _ZN6Copter14terrain_updateEv @ 0x96ce50
CIRCLE: _ZN10AP_Terrain6updateEv @ 0x96cef0
CIRCLE: _ZN11RangeFinder28set_estimated_terrain_heightEf @ 0xb46d80
CIRCLE: _ZN10AP_Terrain16schedule_disk_ioEv @ 0x96d0c0
CIRCLE: _ZN10AP_Terrain19update_mission_dataEv @ 0x96d310
CIRCLE: _ZN10AP_Terrain17update_rally_dataEv @ 0x96d620
CIRCLE: _ZN10AP_Terrain24update_surrounding_tilesERK8Location @ 0x96d7f0
CIRCLE: _ZNK8AP_Rally19last_change_time_msEv @ 0xb46df0
CIRCLE: _ZNK10AP_Mission19last_change_time_msEv @ 0xb46e40
CIRCLE: _ZN10AP_Terrain15check_disk_readEv @ 0x96d970
CIRCLE: _ZN10AP_Terrain16check_disk_writeEv @ 0x96da50
CIRCLE: _ZN10AP_Terrain8io_timerEv @ 0x96ddb0
CIRCLE: _ZN7FunctorIvJEE14method_wrapperI10AP_TerrainXadL_ZNS2_8io_timerEvEEEEvPv @ 0xb46ef0
CIRCLE: _ZN6Copter21avoidance_adsb_updateEv @ 0x96e8d0
CIRCLE: _ZN7AP_ADSB6updateEv @ 0x96e940
CIRCLE: _ZN12AP_Avoidance6updateEv @ 0x96eb20
CIRCLE: _ZN12AP_Avoidance13check_startupEv @ 0x96ebe0
CIRCLE: _ZN7AP_ADSB3LocC2Ev @ 0xb47180
CIRCLE: _ZNK7AP_AHRS19get_vert_pos_rate_DERf @ 0x970420
CIRCLE: _ZN7AP_ADSB6updateERKNS_3LocE @ 0x970550
CIRCLE: _ZNK7NavEKF320getPosDownDerivativeEv @ 0x970c10
CIRCLE: _ZNK12NavEKF3_core20getPosDownDerivativeEv @ 0x970e60
CIRCLE: _ZN18AP_TempCalibration6updateEv @ 0x970f20
CIRCLE: _ZN12AP_Scheduler14update_loggingEv @ 0x971af0
CIRCLE: _ZN12AP_Scheduler11debug_flagsEv @ 0xb471f0
CIRCLE: _ZN12AP_Scheduler21Log_Write_PerformanceEv @ 0x971d60
CIRCLE: _ZN2AP8PerfInfo13has_task_infoEv @ 0xb47250
CIRCLE: _ZNK2AP8PerfInfo20get_num_long_runningEv @ 0x971f70
CIRCLE: _ZNK2AP8PerfInfo13get_num_loopsEv @ 0x971fc0
CIRCLE: _ZNK2AP8PerfInfo12get_max_timeEv @ 0x972010
CIRCLE: _ZN12AP_Scheduler12load_averageEv @ 0x972060
CIRCLE: _ZNK16AP_InternalError5countEv @ 0xb472b0
CIRCLE: _ZN17AP_InertialSensor8periodicEv @ 0x9722a0
CIRCLE: _ZN17AP_InertialSensor12BatchSampler8periodicEv @ 0x972300
CIRCLE: _ZN9AP_Logger14periodic_tasksEv @ 0x972920
CIRCLE: _ZN6Copter21twentyfive_hz_loggingEv @ 0x9729c0
CIRCLE: _ZN6Copter17Log_Write_EKF_POSEv @ 0x972aa0
CIRCLE: _ZNK17AP_InertialSensor9Write_IMUEv @ 0x972af0
CIRCLE: _ZN10AP_GyroFFT18write_log_messagesEv @ 0x972bb0
CIRCLE: _ZL3MAXIhhEDTqugtfp_fp0_fp_fp0_ERKT_RKT0_ @ 0x973230
CIRCLE: _ZNK17AP_InertialSensor18Write_IMU_instanceEmh @ 0x9732b0
CIRCLE: _ZNK17AP_InertialSensor16get_gyro_rate_hzEh @ 0xb47470
CIRCLE: _ZNK17AP_InertialSensor17get_accel_rate_hzEh @ 0xb474f0
CIRCLE: _ZN7AP_AHRS9Log_WriteEv @ 0x973440
CIRCLE: _ZN7NavEKF29Log_WriteEv @ 0x9734d0
CIRCLE: _ZN7NavEKF39Log_WriteEv @ 0x9735e0
CIRCLE: _ZNK7AP_AHRS11Write_AHRS2Ev @ 0x9736f0
CIRCLE: _ZNK7AP_AHRS9Write_POSEv @ 0x9738d0
CIRCLE: _ZN4SITL3SIM18Log_Write_SIMSTATEEv @ 0x973a30
CIRCLE: _ZNK7AP_AHRS22get_secondary_attitudeER7Vector3IfE @ 0xb47570
CIRCLE: _ZNK7AP_AHRS22get_secondary_positionER8Location @ 0xb475f0
CIRCLE: _ZNK7AP_AHRS24get_secondary_quaternionER11QuaternionTIfE @ 0xb47670
CIRCLE: _ZL7degreesf.1917 @ 0x973bc0
CIRCLE: _ZN12NavEKF3_core9Log_WriteEm @ 0x973c10
CIRCLE: _ZNK7AP_EnumIN7NavEKF38LogLevelEEcvKS1_Ev @ 0xb476f0
CIRCLE: _ZNK12NavEKF3_core14Log_Write_XKF4Em @ 0x973d60
CIRCLE: _ZN12NavEKF3_core13Log_Write_GSFEm @ 0x9740b0
CIRCLE: _ZNK12NavEKF3_core14Log_Write_XKF1Em @ 0x974160
CIRCLE: _ZNK12NavEKF3_core14Log_Write_XKF2Em @ 0x974430
CIRCLE: _ZNK12NavEKF3_core14Log_Write_XKF3Em @ 0x9746d0
CIRCLE: _ZNK12NavEKF3_core14Log_Write_XKF5Em @ 0x974930
CIRCLE: _ZNK12NavEKF3_core14Log_Write_XKFSEm @ 0x974b90
CIRCLE: _ZNK12NavEKF3_core20Log_Write_QuaternionEm @ 0x974ca0
CIRCLE: _ZN12NavEKF3_core16Log_Write_BeaconEm @ 0x974d80
CIRCLE: _ZN12NavEKF3_core18Log_Write_BodyOdomEm @ 0x975070
CIRCLE: _ZN12NavEKF3_core25Log_Write_State_VariancesEm @ 0x9751e0
CIRCLE: _ZN12NavEKF3_core16Log_Write_TimingEm @ 0x975500
CIRCLE: _ZNK6AP_DAL12logging_coreEh @ 0x975660
CIRCLE: _ZL3MAXIjjEDTqugtfp_fp0_fp_fp0_ERKT_RKT0_ @ 0x9756b0
CIRCLE: _ZNK16AP_NavEKF_Source21getPosVelYawSourceSetEv @ 0xb47740
CIRCLE: _ZL3MAXIddEDTqugtfp_fp0_fp_fp0_ERKT_RKT0_.4677 @ 0x975730
CIRCLE: _ZL3MINIdiEDTqultfp_fp0_fp_fp0_ERKT_RKT0_.4678 @ 0x9757b0
CIRCLE: _ZNK12NavEKF3_core14getInnovationsER7Vector3IfES2_S2_RfS3_ @ 0x975850
CIRCLE: _ZL7degreesf.4675 @ 0x975a50
CIRCLE: _ZNK12NavEKF3_core26getSynthAirDataInnovationsER7Vector2IfERf @ 0x975aa0
CIRCLE: _ZN10EKFGSF_yaw9Log_WriteEm11LogMessagesS0_h @ 0x975b70
CIRCLE: _ZL7degreesf.19457 @ 0x975ef0
CIRCLE: _ZL3MAXIffEDTqugtfp_fp0_fp_fp0_ERKT_RKT0_.19458 @ 0x975f40
CIRCLE: _ZL3MAXIdfEDTqugtfp_fp0_fp_fp0_ERKT_RKT0_.4676 @ 0x975fc0
CIRCLE: _ZN6Copter19ten_hz_logging_loopEv @ 0x977af0
CIRCLE: _ZNK7AP_AHRS14Write_AttitudeERK7Vector3IfE @ 0x977ea0
CIRCLE: _ZN6Copter18Log_Write_AttitudeEv @ 0x977fb0
CIRCLE: _ZN6Copter14Log_Write_RateEv @ 0x978010
CIRCLE: _ZN6Copter14Log_Write_PIDSEv @ 0x978070
CIRCLE: _ZN9AP_Logger10Write_RCINEv @ 0x978290
CIRCLE: _ZN9AP_Logger11Write_RCOUTEv @ 0x978530
CIRCLE: _ZN13AC_PosControl9write_logEv @ 0x978ae0
CIRCLE: _ZNK17AP_InertialSensor15Write_VibrationEv @ 0x978f60
CIRCLE: _ZN12AP_Proximity3logEv @ 0x979080
CIRCLE: _ZN9AP_Beacon3logEv @ 0x9793b0
CIRCLE: _ZN8AP_Winch9write_logEv @ 0x9794f0
CIRCLE: _ZN8AP_Mount9write_logEv @ 0x979570
CIRCLE: _ZNK12AP_Proximity12distance_maxEv @ 0x9796a0
CIRCLE: _ZNK17AP_InertialSensor20get_accel_clip_countEh @ 0x979bf0
CIRCLE: _ZN13AC_PosControl10Write_PSCNEfffffffff @ 0x979c90
CIRCLE: _ZN13AC_PosControl10Write_PSCEEfffffffff @ 0x979d90
CIRCLE: _ZNK7Vector2IdE7is_zeroEv @ 0xb477e0
CIRCLE: _ZN13AC_PosControl10Write_PSCDEfffffffff @ 0x97a010
CIRCLE: _ZN13AC_PosControl10Write_PSCxE11LogMessagesfffffffff @ 0x97a3a0
CIRCLE: _ZN11RC_Channels12get_radio_inEPth @ 0x97a5e0
CIRCLE: _ZNK11RC_Channels17get_override_maskEv @ 0x97a6d0
CIRCLE: _ZL3MINIhiEDTqultfp_fp0_fp_fp0_ERKT_RKT0_.6934 @ 0x97a790
CIRCLE: _ZN9AP_Logger9Write_PIDEhRK10AP_PIDInfo @ 0x97a810
CIRCLE: _ZN13AC_PosControl14get_vel_NE_pidEv @ 0xb478d0
CIRCLE: _ZNK9AC_PID_2D14get_pid_info_xEv @ 0xb47920
CIRCLE: _ZNK9AC_PID_2D14get_pid_info_yEv @ 0xb47970
CIRCLE: _ZNK18AC_AttitudeControl10Write_RateERK13AC_PosControl @ 0x97a9a0
CIRCLE: _ZNK18AC_AttitudeControl15rate_bf_targetsEv @ 0xb479c0
CIRCLE: _ZNK13AC_PosControl25get_accel_target_NEU_cmssEv @ 0xb47a50
CIRCLE: _ZNK18AC_AttitudeControl22get_last_angle_P_scaleEv @ 0xb47ae0
CIRCLE: _ZNK18AC_AttitudeControl9Write_ANGEv @ 0x97add0
CIRCLE: _ZNK12AP_Scheduler22get_loop_start_time_usEv @ 0xb47b30
CIRCLE: _ZL7degreesf.12066 @ 0x97af00
CIRCLE: _ZNK12AP_Scheduler20get_last_loop_time_sEv @ 0xb47b80
CIRCLE: _ZN9AP_Camera6updateEv @ 0x97af50
CIRCLE: _ZN8AP_Mount6updateEv @ 0x97b010
CIRCLE: _ZN6Copter18lost_vehicle_checkEv @ 0x97b0c0
CIRCLE: _ZN6Copter14standby_updateEv @ 0x97b230
CIRCLE: _ZN6Copter18landinggear_updateEv @ 0x97b380
CIRCLE: _ZN6Copter13takeoff_checkEv @ 0x97b920
CIRCLE: _ZN9AP_Motors17set_spoolup_blockEb @ 0xb47bd0
CIRCLE: _ZN6Copter15gpsglitch_checkEv @ 0x97beb0
CIRCLE: _ZN6Copter15check_vibrationEv @ 0x97bfd0
CIRCLE: _ZNK7AP_AHRS15get_innovationsER7Vector3IfES2_S2_RfS3_ @ 0x97c2f0
CIRCLE: _ZNK7AP_AHRS21is_vibration_affectedEv @ 0x97c460
CIRCLE: _ZNK7NavEKF319isVibrationAffectedEv @ 0x97c530
CIRCLE: _ZNK12NavEKF3_core19isVibrationAffectedEv @ 0xb47c90
CIRCLE: _ZNK7NavEKF314getInnovationsER7Vector3IfES2_S2_RfS3_ @ 0x97c6b0
CIRCLE: _ZN6Copter9ekf_checkEv @ 0x97c860
CIRCLE: _ZN6Copter18ekf_over_thresholdEv @ 0x97cc10
CIRCLE: _ZN6Copter11one_hz_loopEv @ 0x97d1a0
CIRCLE: _ZNK6Copter8ap_valueEv @ 0x97d440
CIRCLE: _ZN6Copter14Log_Write_DataE9LogDataIDj @ 0x97d4f0
CIRCLE: _ZN6Copter15terrain_loggingEv @ 0x97d5b0
CIRCLE: _ZN7AP_ADSB13set_is_flyingEb @ 0xb47cf0
CIRCLE: _ZN16AC_CustomControl21set_notch_sample_rateEf @ 0x97d630
CIRCLE: _ZNK6Copter18get_fast_rate_typeEv @ 0xb47d50
CIRCLE: _ZN6Copter13motors_outputEb @ 0x97e6d0
CIRCLE: _ZNK17AP_InertialSensor24write_notch_log_messagesEv @ 0x97ed40
CIRCLE: _ZN12SRV_Channels8calc_pwmEv @ 0x97f1e0
CIRCLE: _ZN12SRV_Channels13output_ch_allEv @ 0x97f400
CIRCLE: _ZN7Compass11set_voltageEf @ 0xb48310
CIRCLE: _ZN16Compass_PerMotor11set_voltageEf @ 0xb483e0
CIRCLE: _ZN9AP_Motors8set_dt_sEf @ 0xb48880
CIRCLE: _ZN10AP_Terrain16log_terrain_dataEv @ 0x980150
CIRCLE: _ZN6Copter17loop_rate_loggingEv @ 0x980300
CIRCLE: _ZN6Copter15update_preclandEv @ 0x980410
CIRCLE: _ZNK6Copter18rangefinder_alt_okEv @ 0x9804a0
CIRCLE: _ZN11AC_PrecLand6updateEfb @ 0x980500
CIRCLE: _ZNK11AC_PrecLand7enabledEv @ 0xb48a20
CIRCLE: _ZN6Copter13three_hz_loopEv @ 0x982a20
CIRCLE: _ZN6Copter18failsafe_gcs_checkEv @ 0x982aa0
CIRCLE: _ZN6Copter22failsafe_terrain_checkEv @ 0x982c60
CIRCLE: _ZN6Copter25failsafe_deadreckon_checkEv @ 0x982d70
CIRCLE: _ZN6Copter6tuningEv @ 0x983080
CIRCLE: _ZN6Copter17low_alt_avoidanceEv @ 0x9831d0
CIRCLE: _ZN8AC_Avoid30proximity_alt_avoidance_enableEb @ 0xb490a0
CIRCLE: _ZN6Copter6tuningEPK10RC_Channelaff @ 0x9832b0
CIRCLE: _ZN10AC_Sprayer6updateEv @ 0x984290
CIRCLE: _ZN12ModeSmartRTL13save_positionEv @ 0x9846e0
CIRCLE: _ZN11AP_SmartRTL6updateEbb @ 0x9847c0
CIRCLE: _ZN11AP_SmartRTL6updateEbRK7Vector3IfE @ 0x9848c0
CIRCLE: _ZN6Copter21update_throttle_hoverEv @ 0x9849f0
CIRCLE: _ZNK7AP_AHRS14get_velocity_DERfb @ 0x984c60
CIRCLE: _ZN6Copter15run_nav_updatesEv @ 0x9852e0
CIRCLE: _ZN6Copter15update_altitudeEv @ 0x985330
CIRCLE: _ZN6Copter14read_barometerEv @ 0x9853e0
CIRCLE: _ZN6Copter24Log_Write_Control_TuningEv @ 0x985470
CIRCLE: _ZNK9AP_Logger9quiet_nanEv @ 0xb49880
CIRCLE: _ZNK13AC_PosControl19get_pos_target_U_cmEv @ 0xb498e0
CIRCLE: _ZNK13AC_PosControl20get_vel_target_U_cmsEv @ 0xb49940
CIRCLE: _ZNK6Copter15SurfaceTracking27get_target_dist_for_loggingERf @ 0x985720
CIRCLE: _ZNK18AC_AttitudeControl11angle_boostEv @ 0xb499a0
CIRCLE: _ZNK6Copter15SurfaceTracking20get_dist_for_loggingEv @ 0x985820
CIRCLE: _ZNK13AC_PosControl24get_vel_estimate_NEU_cmsEv @ 0xb499f0
CIRCLE: _ZNK13AC_PosControl19get_vel_target_U_msEv @ 0xb49a80
CIRCLE: _ZNK13AC_PosControl18get_pos_target_U_mEv @ 0xb49ad0
CIRCLE: _ZN9AP_Beacon6updateEv @ 0x9858a0
CIRCLE: _ZN12AP_Proximity6updateEv @ 0x985fb0
CIRCLE: _ZNK12AP_Proximity15get_filter_freqEv @ 0xb49b30
CIRCLE: _ZN24AP_Proximity_Boundary_3D15set_filter_freqEf @ 0xb49b90
CIRCLE: _ZN24AP_Proximity_Boundary_3D18check_face_timeoutEv @ 0x986080
CIRCLE: _ZN6Copter16read_rangefinderEv @ 0x9861e0
CIRCLE: _ZN11RangeFinder6updateEv @ 0x986310
CIRCLE: _ZN18AP_SurfaceDistance6updateEv @ 0x986430
CIRCLE: _ZN18AP_SurfaceDistance10data_staleEv @ 0x986820
CIRCLE: _ZN12AP_Proximity19set_rangefinder_altEbbf @ 0x9868b0
CIRCLE: _ZL3MAXIffEDTqugtfp_fp0_fp_fp0_ERKT_RKT0_.13176 @ 0x986960
CIRCLE: _ZNK18AP_SurfaceDistance9Log_WriteEv @ 0x986b60
CIRCLE: _ZNK11RangeFinder8Log_RFNDEv @ 0x986c80
CIRCLE: _ZN18RC_Channels_Copter13auto_trim_runEv @ 0x986dc0
CIRCLE: _ZN6Copter17auto_disarm_checkEv @ 0x9870e0
CIRCLE: _ZN11RC_Channels12read_aux_allEv @ 0x987360
CIRCLE: _ZN10RC_Channel8read_auxEv @ 0x987450
CIRCLE: _ZN6Copter19update_batt_compassEv @ 0x9879e0
CIRCLE: _ZN14AP_BattMonitor4readEv @ 0x987ac0
CIRCLE: _ZN7Compass12set_throttleEf @ 0xb49c50
CIRCLE: _ZN9AP_Logger11Write_PowerEv @ 0x987cf0
CIRCLE: _ZNK22AP_BattMonitor_Backend13Log_Write_BATEhm @ 0x987d40
CIRCLE: _ZNK22AP_BattMonitor_Backend13Log_Write_BCLEhm @ 0x987fe0
CIRCLE: _ZN14AP_BattMonitor15check_failsafesEv @ 0x9881e0
CIRCLE: _ZN14AP_BattMonitor16checkPoweringOffEv @ 0x9884f0
CIRCLE: _ZNK22AP_BattMonitor_Backend23get_state_of_health_pctERh @ 0x988650
CIRCLE: _ZN14AP_OpticalFlow6updateEv @ 0x9886e0
CIRCLE: _ZN6AP_GPS6updateEv @ 0x989c90
CIRCLE: _ZN6AP_GPS15update_instanceEh @ 0x989e10
CIRCLE: _ZN6AP_GPS14update_primaryEv @ 0x98a5b0
CIRCLE: _ZN14AP_GPS_Blended19zero_health_counterEv @ 0xb49d50
CIRCLE: _ZN6AP_GPS9Write_GPSEh @ 0x98bd80
CIRCLE: _ZL3MINIfiEDTqultfp_fp0_fp_fp0_ERKT_RKT0_.3064 @ 0x98c1c0
CIRCLE: _ZNK6AP_GPS26last_message_delta_time_msEh @ 0xb49e00
CIRCLE: _ZNK6AP_GPS10should_logEv @ 0x98c260
CIRCLE: _ZN6AP_GPS16send_blob_updateEh @ 0x98d3e0
CIRCLE: _ZN14AP_GPS_Backend14check_new_itowEjj @ 0x992130
CIRCLE: _ZN12AP_GPS_UBLOX20_request_next_configEv @ 0x996320
CIRCLE: _ZN12AP_GPS_UBLOX21_request_message_rateEhh @ 0x996dc0
CIRCLE: _ZN12AP_GPS_UBLOX13_request_portEv @ 0x996e80
CIRCLE: _ZN12AP_GPS_UBLOX13_send_messageEhhPKvt @ 0x996f10
CIRCLE: _ZN12AP_GPS_UBLOX16_update_checksumEPhtRhS1_ @ 0x997dd0
CIRCLE: _ZN12AP_GPS_UBLOX4readEv @ 0x997f00
CIRCLE: _ZNK12AP_GPS_UBLOX13is_configuredEv @ 0xb4ac80
CIRCLE: _ZNK12AP_GPS_UBLOX7get_lagERf @ 0x9985e0
CIRCLE: _ZNK12AP_GPS_UBLOX10is_healthyEv @ 0x998770
CIRCLE: _ZL3MINIjjEDTqultfp_fp0_fp_fp0_ERKT_RKT0_.3359 @ 0x998bc0
CIRCLE: _ZN12AP_GPS_UBLOXUt_ixEm @ 0xb4ad90
CIRCLE: _ZN12AP_GPS_UBLOX10_parse_gpsEv @ 0x998c40
CIRCLE: _ZN12AP_GPS_UBLOX15_check_new_itowEj @ 0x99c100
CIRCLE: _ZN12AP_GPS_UBLOX23_configure_message_rateEhhh @ 0x99c180
CIRCLE: _ZN6Copter11fence_checkEv @ 0x9a3780
CIRCLE: _ZN6Copter13throttle_loopEv @ 0x9a3ad0
CIRCLE: _ZN6Copter19update_throttle_mixEv @ 0x9a3b40
CIRCLE: _ZN6Copter17update_auto_armedEv @ 0x9a3de0
CIRCLE: _ZN6Copter29update_ground_effect_detectorEv @ 0x9a3fb0
CIRCLE: _ZN6Copter32update_ekf_terrain_height_stableEv @ 0x9a46a0
CIRCLE: _ZN7AP_AHRS22set_terrain_hgt_stableEb @ 0x9a4790
CIRCLE: _ZN7NavEKF219setTerrainHgtStableEb @ 0x9a4890
CIRCLE: _ZN7NavEKF319setTerrainHgtStableEb @ 0x9a4990
CIRCLE: _ZN12NavEKF3_core19setTerrainHgtStableEb @ 0x9a4a90
CIRCLE: _ZN7AP_AHRS22set_touchdown_expectedEb @ 0x9a4b50
CIRCLE: _ZNK13AC_PosControl22get_vel_target_NEU_cmsEv @ 0xb4c5c0
CIRCLE: _ZL7radiansf.996 @ 0x9a4bc0
CIRCLE: _ZNK13AC_PosControl21get_vel_target_NEU_msEv @ 0xb4c650
CIRCLE: _ZL9cd_to_radf.1156 @ 0x9a4c10
CIRCLE: _ZNK6Copter16get_force_flyingEv @ 0x9a4c60
CIRCLE: _ZNK13AC_PosControl23get_vel_U_control_ratioEv @ 0xb4c6a0
CIRCLE: _ZN6Copter7rc_loopEv @ 0x9a4cc0
CIRCLE: _ZN6Copter23Log_Video_StabilisationEv @ 0x9a4d20
CIRCLE: _ZN8AP_Mount11update_fastEv @ 0x9a4ef0
CIRCLE: _ZN6Copter33update_rangefinder_terrain_offsetEv @ 0x9a4fa0
CIRCLE: _ZL3MAXI9AP_ParamTIfL11ap_var_type4EEfEDTqugtfp_fp0_fp_fp0_ERKT_RKT0_.1783 @ 0x9a51d0
CIRCLE: _ZN8AC_WPNav33set_rangefinder_terrain_offset_cmEbbf @ 0xb4c710
CIRCLE: _ZN9AC_Circle33set_rangefinder_terrain_offset_cmEbbf @ 0xb4c820
CIRCLE: _ZN6Copter31update_land_and_crash_detectorsEv @ 0x9a5260
CIRCLE: _ZN6Copter20update_land_detectorEv @ 0x9a5360
CIRCLE: _ZN6Copter15parachute_checkEv @ 0x9a5970
CIRCLE: _ZN6Copter11crash_checkEv @ 0x9a5cc0
CIRCLE: _ZN6Copter17thrust_loss_checkEv @ 0x9a5ff0
CIRCLE: _ZN6Copter19yaw_imbalance_checkEv @ 0x9a6340
CIRCLE: _ZNK6Copter17option_is_enabledENS_12FlightOptionE @ 0xb4c8c0
CIRCLE: _ZL9cd_to_radf.1034 @ 0x9a6640
CIRCLE: _ZL2sqf @ 0x9a6690
CIRCLE: _ZN14AP_LandingGear13get_wow_stateEv @ 0x9a6b90
CIRCLE: _ZN6Copter8Log_LDETEtj @ 0x9a6be0
CIRCLE: _ZN6Copter20update_home_from_EKFEv @ 0x9a6d30
CIRCLE: _ZN6Copter18update_flight_modeEv @ 0x9a6ef0
CIRCLE: _ZN6Copter15SurfaceTracking22invalidate_for_loggingEv @ 0xb4cad0
CIRCLE: _ZN18AC_AttitudeControl21landed_gain_reductionEb @ 0x9a6f90
CIRCLE: _ZN6Copter15check_ekf_resetEv @ 0x9a7280
CIRCLE: _ZN7AP_AHRS20getLastYawResetAngleERf @ 0x9a73f0
CIRCLE: _ZNK7AP_AHRS22get_primary_core_indexEv @ 0xb4cb20
CIRCLE: _ZN7NavEKF320getLastYawResetAngleERf @ 0x9a7720
CIRCLE: _ZN6Copter12read_inertiaEv @ 0x9a7870
CIRCLE: _ZN13AC_PosControl16update_estimatesEb @ 0x9a79e0
CIRCLE: _ZN9AP_Follow16update_estimatesEv @ 0x9a7b90
CIRCLE: _ZN9AP_Follow32clear_dist_and_bearing_to_targetEv @ 0x9a89c0
CIRCLE: _ZN6Copter9read_AHRSEv @ 0x9a8ea0
CIRCLE: _ZN6Copter18motors_output_mainEv @ 0x9a8f00
CIRCLE: _ZN6Copter21run_custom_controllerEv @ 0xb4cbd0
CIRCLE: _ZN16AC_CustomControl6updateEv @ 0x9a8f70
CIRCLE: _ZN16AC_CustomControl14is_safe_to_runEv @ 0x9a9040
CIRCLE: _ZN6Copter24run_rate_controller_mainEv @ 0x9a9280
CIRCLE: _ZN13AC_PosControl8set_dt_sEf @ 0xb4cc30
CIRCLE: _ZN18AC_AttitudeControl8set_dt_sEf @ 0xb4cca0
CIRCLE: _ZN4Mode18get_pilot_speed_dnEv @ 0x9ab490
CIRCLE: _ZN4Mode18update_simple_modeEv @ 0x9ac660
CIRCLE: _ZNK9AC_Loiter17get_angle_max_radEv @ 0x9ac6c0
CIRCLE: _ZNK4Mode33get_pilot_desired_lean_angles_radERfS0_ff @ 0x9ac7c0
CIRCLE: _ZN9AC_Loiter34set_pilot_desired_acceleration_radEff @ 0x9ac8d0
CIRCLE: _ZN4Mode32get_pilot_desired_climb_rate_cmsEv @ 0x9acb10
CIRCLE: _ZN9AC_Loiter11init_targetEv @ 0x9acda0
CIRCLE: _ZN6Copter15SurfaceTracking21update_surface_offsetEv @ 0x9ad290
CIRCLE: _ZL3MINIffEDTqultfp_fp0_fp_fp0_ERKT_RKT0_.12535 @ 0x9adbd0
CIRCLE: _ZNK13AC_PosControl13get_pitch_radEv @ 0xb4ec20
CIRCLE: _ZNK13AC_PosControl12get_roll_radEv @ 0xb4ec70
CIRCLE: _ZN9AC_Loiter19sanity_check_paramsEv @ 0x9add50
CIRCLE: _ZN13AC_PosControl22set_pos_error_max_NE_mEf @ 0xb4ecc0
CIRCLE: _ZN7AC_P_2D13set_error_maxEf @ 0x9ade30
CIRCLE: _ZL3MAXI9AP_ParamTIfL11ap_var_type4EEfEDTqugtfp_fp0_fp_fp0_ERKT_RKT0_.12523 @ 0x9adef0
CIRCLE: _ZL3MINI9AP_ParamTIfL11ap_var_type4EEfEDTqultfp_fp0_fp_fp0_ERKT_RKT0_.12524 @ 0x9adf80
CIRCLE: _ZNK18AC_AttitudeControl8get_dt_sEv @ 0xb4eda0
CIRCLE: _ZNK18AC_AttitudeControl28input_shaping_rate_predictorERK7Vector2IfERS1_f @ 0x9ae230
CIRCLE: _Z26rc_input_to_roll_pitch_radffffRfS_ @ 0x9ae510
CIRCLE: _ZL7radiansf.3803 @ 0x9ae6b0
CIRCLE: _ZL3MINIffEDTqultfp_fp0_fp_fp0_ERKT_RKT0_.3807 @ 0x9ae700
CIRCLE: _ZN6Copter18update_simple_modeEv @ 0x9ae7e0
CIRCLE: _ZNK13AC_PosControl18get_pos_error_U_cmEv @ 0xb50660
CIRCLE: _ZNK13AC_PosControl17get_pos_error_U_mEv @ 0xb506c0
CIRCLE: _ZNK10ModeLoiter11mode_numberEv @ 0xb51e70
CIRCLE: _ZN10ModeLoiter4initEb @ 0x9bda90
CIRCLE: _ZNK10ModeLoiter12requires_GPSEv @ 0xb51ec0
CIRCLE: _ZNK10ModeLoiter19has_manual_throttleEv @ 0xb51f10
CIRCLE: _ZNK10ModeLoiter12is_autopilotEv @ 0xb51fc0
CIRCLE: _ZNK10ModeLoiter5name4Ev @ 0xb52160
CIRCLE: _ZNK10ModeCircle11mode_numberEv @ 0xb53120
CIRCLE: _ZN10ModeCircle3runEv @ 0x9c14b0
CIRCLE: _ZNK10ModeCircle12requires_GPSEv @ 0xb53170
CIRCLE: _ZNK10ModeCircle19has_manual_throttleEv @ 0xb531c0
CIRCLE: _ZNK10ModeCircle14wp_bearing_degEv @ 0x9c19c0
CIRCLE: _ZNK10ModeCircle13wp_distance_mEv @ 0x9c1a20
CIRCLE: _ZNK9AC_Circle25get_distance_to_target_cmEv @ 0xb53360
CIRCLE: _ZNK9AC_Circle24get_distance_to_target_mEv @ 0xb533c0
CIRCLE: _ZNK9AC_Circle25get_bearing_to_target_radEv @ 0xb53410
CIRCLE: _ZL7degreesf.1331 @ 0x9c1a80
CIRCLE: _ZN9AC_Circle18check_param_changeEv @ 0x9c1ad0
CIRCLE: _ZNK9AC_Circle21pilot_control_enabledEv @ 0xb53460
CIRCLE: _ZL3MAXIfiEDTqugtfp_fp0_fp_fp0_ERKT_RKT0_ @ 0x9c1b90
CIRCLE: _ZNK6Copter11being_tunedEa @ 0x9c1ca0
CIRCLE: _ZN9AC_Circle10update_cmsEf @ 0x9c1d60
CIRCLE: _ZN9AC_Circle9update_msEf @ 0x9c1dd0
CIRCLE: _ZN9AC_Circle15calc_velocitiesEb @ 0x9c2280
CIRCLE: _ZL3MINIffEDTqultfp_fp0_fp_fp0_ERKT_RKT0_.12425 @ 0x9c2430
CIRCLE: _ZL3MAXIffEDTqugtfp_fp0_fp_fp0_ERKT_RKT0_.12424 @ 0x9c24c0
CIRCLE: _ZNK14AP_BattMonitor22capacity_remaining_pctERhh @ 0x9e4e00
CIRCLE: _ZNK10GCS_Copter11custom_modeEv @ 0x9e5140
CIRCLE: _ZNK10GCS_Copter10frame_typeEv @ 0x9e51a0
CIRCLE: _ZN10GCS_Copter4chanEh @ 0xb57210
CIRCLE: _ZNK10GCS_Copter43min_loop_time_remaining_for_message_send_usEv @ 0xb57330
CIRCLE: _ZNK10GCS_Copter19vehicle_initialisedEv @ 0x9e52c0
CIRCLE: _ZN10GCS_Copter34update_vehicle_sensor_status_flagsEv @ 0x9e53e0
CIRCLE: _ZNK12AP_Proximity14sensor_presentEv @ 0x9e5770
CIRCLE: _ZNK12AP_Proximity14sensor_enabledEv @ 0x9e57d0
CIRCLE: _ZNK12AP_Proximity13sensor_failedEv @ 0x9e5830
CIRCLE: _ZN18GCS_MAVLINK_Copter14packetReceivedERK16__mavlink_statusRK17__mavlink_message @ 0x9e5ae0
CIRCLE: _ZNK18GCS_MAVLINK_Copter13mission_stateERK10AP_Mission @ 0x9e5bb0
CIRCLE: _ZNK11GCS_MAVLINK16send_rangefinderEv @ 0x9e5c50
CIRCLE: _ZNK18GCS_MAVLINK_Copter26send_nav_controller_outputEv @ 0x9e5d20
CIRCLE: _ZN18GCS_MAVLINK_Copter15send_pid_tuningEv @ 0x9e5ec0
CIRCLE: _ZN11GCS_MAVLINK21send_scaled_pressure3Ev @ 0x9e6110
CIRCLE: _ZNK11GCS_MAVLINK13send_attitudeEv @ 0x9e6170
CIRCLE: _ZN18GCS_MAVLINK_Copter31send_position_target_global_intEv @ 0x9e6430
CIRCLE: _ZNK18GCS_MAVLINK_Copter17send_winch_statusEv @ 0x9e69a0
CIRCLE: _ZNK18GCS_MAVLINK_Copter9base_modeEv @ 0x9e6f50
CIRCLE: _ZNK18GCS_MAVLINK_Copter21vehicle_system_statusEv @ 0x9e7030
CIRCLE: _ZNK11GCS_MAVLINK19persist_streamratesEv @ 0xb575a0
CIRCLE: _ZN18GCS_MAVLINK_Copter25handle_command_int_packetERK23__mavlink_command_int_tRK17__mavlink_message @ 0x9e7220
CIRCLE: _ZN18GCS_MAVLINK_Copter14handle_messageERK17__mavlink_message @ 0x9e7b40
CIRCLE: _ZN18GCS_MAVLINK_Copter16try_send_messageE10ap_message @ 0x9e8500
CIRCLE: _ZN11GCS_MAVLINK24send_global_position_intEv @ 0x9e8720
CIRCLE: _ZNK11GCS_MAVLINK23global_position_int_altEv @ 0x9e88a0
CIRCLE: _ZNK11GCS_MAVLINK32global_position_int_relative_altEv @ 0x9e8900
CIRCLE: _ZNK11GCS_MAVLINK17vfr_hud_climbrateEv @ 0x9e8970
CIRCLE: _ZNK18GCS_MAVLINK_Copter16vfr_hud_airspeedEv @ 0x9e8a30
CIRCLE: _ZNK18GCS_MAVLINK_Copter16vfr_hud_throttleEv @ 0x9e8b30
CIRCLE: _ZNK18GCS_MAVLINK_Copter11vfr_hud_altEv @ 0x9e8bc0
CIRCLE: _ZN11GCS_MAVLINK35convert_COMMAND_LONG_to_COMMAND_INTERK24__mavlink_command_long_tR23__mavlink_command_int_t9MAV_FRAME @ 0x9e90f0
CIRCLE: _ZN11GCS_MAVLINK28command_long_stores_locationE7MAV_CMD @ 0x9e98a0
CIRCLE: _ZL30convert_COMMAND_LONG_loc_paramfb @ 0x9e9980
CIRCLE: _ZL7degreesf.132 @ 0x9e9a30
CIRCLE: _ZL3MINIfiEDTqultfp_fp0_fp_fp0_ERKT_RKT0_ @ 0x9e9a80
CIRCLE: _ZNK11GCS_MAVLINK11vfr_hud_altEv @ 0x9e9b20
CIRCLE: _ZL36mavlink_msg_global_position_int_send17mavlink_channel_tjiiiissst @ 0x9e9b80
CIRCLE: _ZN10AP_Terrain12send_requestE17mavlink_channel_t @ 0x9e9ca0
CIRCLE: _ZN10AP_Terrain11send_reportE17mavlink_channel_t @ 0x9e9df0
CIRCLE: _ZNK18GCS_MAVLINK_Copter9send_windEv @ 0x9e9ea0
CIRCLE: _ZN7AP_ADSB17send_adsb_vehicleE17mavlink_channel_t @ 0x9e9fa0
CIRCLE: _ZNK11GCS_MAVLINK23get_ap_message_intervalE10ap_messageRt @ 0x9ea1b0
CIRCLE: _ZN13AP_OADatabase17send_adsb_vehicleE17mavlink_channel_tt @ 0x9ea2e0
CIRCLE: _ZN11GCS_MAVLINK16try_send_messageE10ap_message @ 0x9ea880
CIRCLE: _ZN11GCS_MAVLINK17queued_param_sendEv @ 0x9eb530
CIRCLE: _ZNK11GCS_MAVLINK14send_heartbeatEv @ 0x9eb7e0
CIRCLE: _ZNK11GCS_MAVLINK8send_rpmEv @ 0x9ebba0
CIRCLE: _ZN11GCS_MAVLINK24try_send_mission_messageE10ap_message @ 0x9ebc80
CIRCLE: _ZN7Compass21send_mag_cal_progressERK11GCS_MAVLINK @ 0x9ebe80
CIRCLE: _ZN7Compass19send_mag_cal_reportERK11GCS_MAVLINK @ 0x9ec0d0
CIRCLE: _ZN11GCS_MAVLINK19send_battery_statusEv @ 0x9ec400
CIRCLE: _ZNK7AP_AHRS22send_ekf_status_reportER11GCS_MAVLINK @ 0x9ec550
CIRCLE: _ZN11GCS_MAVLINK12send_meminfoEv @ 0x9ec650
CIRCLE: _ZNK11GCS_MAVLINK17send_fence_statusEv @ 0x9ec710
CIRCLE: _ZN11GCS_MAVLINK20send_distance_sensorEv @ 0x9ec880
CIRCLE: _ZNK11GCS_MAVLINK16send_system_timeEv @ 0x9ecdc0
CIRCLE: _ZN6AP_GPS20send_mavlink_gps_rawE17mavlink_channel_t @ 0x9ece50
CIRCLE: _ZN6AP_GPS20send_mavlink_gps_rtkE17mavlink_channel_th @ 0x9ed1a0
CIRCLE: _ZN6AP_GPS21send_mavlink_gps2_rawE17mavlink_channel_t @ 0x9ed280
CIRCLE: _ZNK11GCS_MAVLINK19send_local_positionEv @ 0x9ed620
CIRCLE: _ZNK11GCS_MAVLINK34send_gimbal_device_attitude_statusEv @ 0x9ed6f0
CIRCLE: _ZN11GCS_MAVLINK16send_opticalflowEv @ 0x9edab0
CIRCLE: _ZN11GCS_MAVLINK17send_power_statusEv @ 0x9edc20
CIRCLE: _ZNK11GCS_MAVLINK16send_rc_channelsEv @ 0x9edd30
CIRCLE: _ZNK11GCS_MAVLINK20send_rc_channels_rawEv @ 0x9edff0
CIRCLE: _ZN11GCS_MAVLINK12send_raw_imuEv @ 0x9ee170
CIRCLE: _ZN11GCS_MAVLINK15send_scaled_imuEhPFv17mavlink_channel_tjssssssssssE @ 0x9ee580
CIRCLE: _ZL28mavlink_msg_scaled_imu2_send17mavlink_channel_tjssssssssss @ 0x9ee840
CIRCLE: _ZL28mavlink_msg_scaled_imu3_send17mavlink_channel_tjssssssssss @ 0x9ee9b0
CIRCLE: _ZN11GCS_MAVLINK20send_scaled_pressureEv @ 0x9eed60
CIRCLE: _ZN11GCS_MAVLINK21send_scaled_pressure2Ev @ 0x9eedc0
CIRCLE: _ZN11GCS_MAVLINK13send_airspeedEv @ 0x9eee20
CIRCLE: _ZN11GCS_MAVLINK21send_servo_output_rawEv @ 0x9eefe0
CIRCLE: _ZNK11GCS_MAVLINK13send_simstateEv @ 0x9ef400
CIRCLE: _ZN11GCS_MAVLINK15send_sys_statusEv @ 0x9ef520
CIRCLE: _ZN11GCS_MAVLINK10send_ahrs2Ev @ 0x9ef810
CIRCLE: _ZN11GCS_MAVLINK9send_ahrsEv @ 0x9ef8f0
CIRCLE: _ZN11GCS_MAVLINK12send_vfr_hudEv @ 0x9efa70
CIRCLE: _ZNK11GCS_MAVLINK14send_vibrationEv @ 0x9efbb0
CIRCLE: _ZNK11GCS_MAVLINK21send_generator_statusEv @ 0x9efca0
CIRCLE: _ZN12AP_ESC_Telem26send_esc_telemetry_mavlinkEh @ 0x9f0020
CIRCLE: _ZN6AP_EFI19send_mavlink_statusE17mavlink_channel_t @ 0x9f04b0
CIRCLE: _ZN6AP_AIS13get_singletonEv @ 0x9f0c80
CIRCLE: _ZNK11GCS_MAVLINK21battery_remaining_pctEh @ 0x9f1610
CIRCLE: _ZL3MINIhiEDTqultfp_fp0_fp_fp0_ERKT_RKT0_.6782 @ 0x9f1ac0
CIRCLE: _ZL44mavlink_msg_esc_telemetry_1_to_4_send_struct17mavlink_channel_tPK32__mavlink_esc_telemetry_1_to_4_t @ 0x9f1de0
CIRCLE: _ZN12AP_Generator21send_generator_statusERK11GCS_MAVLINK @ 0x9f23e0
CIRCLE: _ZL26mavlink_msg_vibration_send17mavlink_channel_tmfffjjj @ 0x9f2460
CIRCLE: _ZL24mavlink_msg_vfr_hud_send17mavlink_channel_tffstff @ 0x9f2570
CIRCLE: _ZNK7AP_AHRS12get_error_rpEv @ 0x9f2700
CIRCLE: _ZNK7AP_AHRS13get_error_yawEv @ 0x9f2760
CIRCLE: _ZL21mavlink_msg_ahrs_send17mavlink_channel_tfffffff @ 0x9f27c0
CIRCLE: _ZL22mavlink_msg_ahrs2_send17mavlink_channel_tffffii @ 0x9f28e0
CIRCLE: _ZNK9AP_Logger11num_droppedEv @ 0x9f29e0
CIRCLE: _ZNK14AP_BattMonitor11gcs_voltageEv @ 0xb57780
CIRCLE: _ZL27mavlink_msg_sys_status_send17mavlink_channel_tjjjttsatttttt @ 0x9f2a60
CIRCLE: _ZNK14AP_BattMonitor11gcs_voltageEh @ 0x9f2c00
CIRCLE: _ZNK17AP_Logger_Backend11num_droppedEv @ 0xb577d0
CIRCLE: _ZL7radiansf.16475 @ 0x9f3020
CIRCLE: _ZNK4SITL3SIM13simstate_sendE17mavlink_channel_t @ 0x9f33a0
CIRCLE: _ZL25mavlink_msg_simstate_send17mavlink_channel_tfffffffffii @ 0x9f3570
CIRCLE: _ZL33mavlink_msg_servo_output_raw_send17mavlink_channel_tjhtttttttttttttttt @ 0x9f3710
CIRCLE: _ZL33mavlink_msg_scaled_pressure2_send17mavlink_channel_tjffss @ 0x9f3a10
CIRCLE: _ZN11GCS_MAVLINK29send_scaled_pressure_instanceEhPFv17mavlink_channel_tjffssE @ 0x9f3af0
CIRCLE: _ZL32mavlink_msg_scaled_pressure_send17mavlink_channel_tjffss @ 0x9f3ce0
CIRCLE: _ZL24mavlink_msg_raw_imu_send17mavlink_channel_tmssssssssshs @ 0x9f3e40
CIRCLE: _ZNK11GCS_MAVLINK16sending_mavlink1Ev @ 0x9f3fc0
CIRCLE: _ZNK11GCS_MAVLINK13receiver_rssiEv @ 0x9f4020
CIRCLE: _ZL28mavlink_msg_rc_channels_send17mavlink_channel_tjhtttttttttttttttttth @ 0x9f4230
CIRCLE: _ZL29mavlink_msg_power_status_send17mavlink_channel_tttt @ 0x9f44a0
CIRCLE: _ZN8AP_Mount34send_gimbal_device_attitude_statusE17mavlink_channel_t @ 0x9f4f20
CIRCLE: _ZL35mavlink_msg_local_position_ned_send17mavlink_channel_tjffffff @ 0x9f5580
CIRCLE: _ZNK6AP_GPS12gps_yaw_cdegEh @ 0x9f5690
CIRCLE: _ZNK6AP_GPS23have_gps_yaw_configuredEh @ 0xb57970
CIRCLE: _ZL28mavlink_msg_gps_raw_int_send17mavlink_channel_tmhiiitttthijjjjt @ 0x9f5990
CIRCLE: _ZL28mavlink_msg_system_time_send17mavlink_channel_tmj @ 0x9f5b80
CIRCLE: _ZN11GCS_MAVLINK14send_proximityEv @ 0x9f7120
CIRCLE: _ZNK12AP_Proximity12distance_minEv @ 0x9f7500
CIRCLE: _ZL3MINIjjEDTqultfp_fp0_fp_fp0_ERKT_RKT0_.6784 @ 0x9f79c0
CIRCLE: _ZL24mavlink_msg_meminfo_send17mavlink_channel_tttj @ 0x9f7a40
CIRCLE: _ZNK7NavEKF318send_status_reportER11GCS_MAVLINK @ 0x9f7ce0
CIRCLE: _ZNK12NavEKF3_core18send_status_reportER11GCS_MAVLINK @ 0x9f7d70
CIRCLE: _ZL41mavlink_msg_ekf_status_report_send_struct17mavlink_channel_tPK29__mavlink_ekf_status_report_t @ 0x9f8170
CIRCLE: _ZNK14AP_BattMonitor13option_is_setEhN21AP_BattMonitor_Params7OptionsE @ 0x9f8c90
CIRCLE: _ZNK11GCS_MAVLINK19send_battery_statusEh @ 0x9f8d60
CIRCLE: _ZL3MINIftEDTqultfp_fp0_fp_fp0_ERKT_RKT0_ @ 0x9f95f0
CIRCLE: _ZNK14AP_BattMonitor14time_remainingERjh @ 0x9f9690
CIRCLE: _ZNK14AP_BattMonitor24get_mavlink_charge_stateEh @ 0x9f9780
CIRCLE: _ZNK14AP_BattMonitor25get_mavlink_fault_bitmaskEh @ 0x9f98b0
CIRCLE: _ZL31mavlink_msg_battery_status_send17mavlink_channel_thhhsPKtsiiaihS1_hj @ 0x9f9960
CIRCLE: _ZN14typesafe_indexIh12TAG_PriorityErmERKh @ 0xb57bc0
CIRCLE: _ZN11GCS_MAVLINK20send_mission_currentERK10AP_Missiont @ 0x9fa0e0
CIRCLE: _ZNK3GCS32try_send_queued_message_for_typeE16MAV_MISSION_TYPE @ 0x9fa260
CIRCLE: _ZNK3GCS25get_prot_for_mission_typeE16MAV_MISSION_TYPE @ 0x9fa2e0
CIRCLE: _ZN19MissionItemProtocol19queued_request_sendEv @ 0x9fa360
CIRCLE: _ZL32mavlink_msg_mission_request_send17mavlink_channel_thhth @ 0x9fa4e0
CIRCLE: _ZL32mavlink_msg_mission_current_send17mavlink_channel_ttthh @ 0x9fa5b0
CIRCLE: _ZNK11GCS_MAVLINK13system_statusEv @ 0x9faa80
CIRCLE: _ZL26mavlink_msg_heartbeat_send17mavlink_channel_thhhjh @ 0x9fab10
CIRCLE: _ZN11GCS_MAVLINK28send_parameter_async_repliesEv @ 0x9fabf0
CIRCLE: _ZN12ObjectBufferIN11GCS_MAVLINK19pending_param_replyEE4peekERS1_ @ 0xb57cb0
CIRCLE: _ZL21mavlink_msg_wind_send17mavlink_channel_tfff @ 0x9fb6d0
CIRCLE: _ZN10AP_Terrain19send_terrain_reportE17mavlink_channel_tRK8Locationb @ 0x9fb780
CIRCLE: _ZL31mavlink_msg_terrain_report_send17mavlink_channel_tiitfftt @ 0x9fb930
CIRCLE: _ZN10AP_Terrain18send_cache_requestE17mavlink_channel_t @ 0x9fba50
CIRCLE: _ZN10AP_Terrain15request_missingE17mavlink_channel_tRKNS_9grid_infoE @ 0x9fbb50
CIRCLE: _ZN10AP_Terrain15request_missingE17mavlink_channel_tRNS_10grid_cacheE @ 0x9fbbe0
CIRCLE: _ZN11GCS_MAVLINK14handle_messageERK17__mavlink_message @ 0xa02a30
CIRCLE: _ZN11GCS_MAVLINK16handle_heartbeatERK17__mavlink_message @ 0xa035b0
CIRCLE: _ZN11GCS_MAVLINK29handle_common_mission_messageERK17__mavlink_message @ 0xa047d0
CIRCLE: _ZN11GCS_MAVLINK19handle_command_longERK17__mavlink_message @ 0xa04920
CIRCLE: _ZN11GCS_MAVLINK26handle_request_data_streamERK17__mavlink_message @ 0xa05f60
CIRCLE: _ZNK3GCS12sysid_is_gcsEh @ 0xa0b5c0
CIRCLE: _ZN11GCS_MAVLINK16sysid_mygcs_seenEj @ 0xa0b860
CIRCLE: _ZN3GCS16sysid_mygcs_seenEj @ 0xb58770
CIRCLE: _ZL38mavlink_msg_request_data_stream_decodePK17__mavlink_messageP31__mavlink_request_data_stream_t @ 0xa0cad0
CIRCLE: _ZN9AP_Logger13Write_CommandERK23__mavlink_command_int_thh10MAV_RESULTb @ 0xa0fd70
CIRCLE: _ZL31mavlink_msg_command_long_decodePK17__mavlink_messageP24__mavlink_command_long_t @ 0xa0fef0
CIRCLE: _ZN11GCS_MAVLINK31try_command_long_as_command_intERK24__mavlink_command_long_tRK17__mavlink_message @ 0xa0ffc0
CIRCLE: _ZN11GCS_MAVLINK19handle_mission_itemERK17__mavlink_message @ 0xa101a0
CIRCLE: _ZN11GCS_MAVLINK20handle_mission_countERK17__mavlink_message @ 0xa106d0
CIRCLE: _ZN19MissionItemProtocol13cancel_uploadERK11GCS_MAVLINKRK17__mavlink_message @ 0xa10a30
CIRCLE: _ZNK19MissionItemProtocol16send_mission_ackERK11GCS_MAVLINKRK17__mavlink_message18MAV_MISSION_RESULT @ 0xa10b20
CIRCLE: _ZL32mavlink_msg_mission_count_decodePK17__mavlink_messageP25__mavlink_mission_count_t @ 0xa10d30
CIRCLE: _ZN19MissionItemProtocol20handle_mission_countER11GCS_MAVLINKRK25__mavlink_mission_count_tRK17__mavlink_message @ 0xa10e00
CIRCLE: _ZNK19MissionItemProtocol24mavlink2_requirement_metERK11GCS_MAVLINKRK17__mavlink_message @ 0xa10fc0
CIRCLE: _ZN19MissionItemProtocol20transfer_is_completeERK11GCS_MAVLINKRK17__mavlink_message @ 0xa110a0
CIRCLE: _ZN19MissionItemProtocol18init_send_requestsER11GCS_MAVLINKRK17__mavlink_messagess @ 0xa11150
CIRCLE: _ZL35mavlink_msg_mission_item_int_decodePK17__mavlink_messageP28__mavlink_mission_item_int_t @ 0xa12010
CIRCLE: _ZN19MissionItemProtocol19handle_mission_itemERK17__mavlink_messageRK28__mavlink_mission_item_int_t @ 0xa12160
CIRCLE: _ZN11GCS_MAVLINK16_set_mode_commonEhj @ 0xa12820
CIRCLE: _ZN12ObjectBufferIN7GCS_FTP11TransactionEE3popERS1_ @ 0xb58d30
CIRCLE: _ZN11GCS_MAVLINK25handle_command_int_packetERK23__mavlink_command_int_tRK17__mavlink_message @ 0xa1a2a0
CIRCLE: _ZN11GCS_MAVLINK26handle_command_do_set_modeERK23__mavlink_command_int_t @ 0xa1b650
CIRCLE: _ZNK6Copter22any_failsafe_triggeredEv @ 0xb598e0
CIRCLE: _ZN8AP_Winch11send_statusERK11GCS_MAVLINK @ 0xa1f830
CIRCLE: _ZL25mavlink_msg_attitude_send17mavlink_channel_tjffffff @ 0xa20080
CIRCLE: _ZL38mavlink_msg_nav_controller_output_send17mavlink_channel_tffsstfff @ 0xa203d0
CIRCLE: _ZNK8ModeAuto6pausedEv @ 0xa205b0
CIRCLE: _ZNK11GCS_MAVLINK13mission_stateERK10AP_Mission @ 0xa20630
CIRCLE: _ZN8AC_WPNav6pausedEv @ 0xb59b50
CIRCLE: _ZN11GCS_MAVLINK14packetReceivedERK16__mavlink_statusRK17__mavlink_message @ 0xa20860
CIRCLE: _ZN15MAVLink_routing17check_and_forwardER11GCS_MAVLINKRK17__mavlink_message @ 0xa20a60
CIRCLE: _ZN9AP_Follow10handle_msgERK17__mavlink_message @ 0xa20fd0
CIRCLE: _ZNK11GCS_MAVLINK13accept_packetERK16__mavlink_statusRK17__mavlink_message @ 0xa21150
CIRCLE: _ZNK9AP_Follow21should_handle_messageERK17__mavlink_message @ 0xa21270
CIRCLE: _ZN15MAVLink_routing11learn_routeER11GCS_MAVLINKRK17__mavlink_message @ 0xa22240
CIRCLE: _ZN15MAVLink_routing16handle_heartbeatER11GCS_MAVLINKRK17__mavlink_message @ 0xa224e0
CIRCLE: _ZN15MAVLink_routing11get_targetsERK17__mavlink_messageRsS3_ @ 0xa22710
CIRCLE: _ZNK9AP_Motors18get_frame_mav_typeEv @ 0xb5a7b0
CIRCLE: _ZN18RC_Channels_Copter7channelEh @ 0xb5b410
CIRCLE: _ZN11RC_Channels16read_mode_switchEv @ 0xa26a70
CIRCLE: _ZNK18RC_Channels_Copter14in_rc_failsafeEv @ 0xa26b00
CIRCLE: _ZNK18RC_Channels_Copter15has_valid_inputEv @ 0xa26b60
CIRCLE: _ZNK18RC_Channels_Copter18get_arming_channelEv @ 0xa26bf0
CIRCLE: _ZNK18RC_Channels_Copter26flight_mode_channel_numberEv @ 0xa26ce0
CIRCLE: mode_to_string @ 0xa919e0
CIRCLE: mode_entry @ 0xa91c40
----------------------
Mode: 4 (GUIDED)
GUIDED: _ZN16AP_Arming_Copter3armEN9AP_Arming6MethodEb @ 0x5ddec0
GUIDED: _ZN16AP_Arming_Copter14pre_arm_checksEb @ 0x5de4e0
GUIDED: _ZN16AP_Arming_Copter10arm_checksEN9AP_Arming6MethodE @ 0x5de570
GUIDED: _ZN16AP_Arming_Copter16barometer_checksEb @ 0x5de990
GUIDED: _ZN16AP_Arming_Copter10ins_checksEb @ 0x5deb20
GUIDED: _ZN16AP_Arming_Copter10gps_checksEb @ 0x5dec00
GUIDED: _ZN16AP_Arming_Copter20board_voltage_checksEb @ 0x5dee30
GUIDED: _ZN16AP_Arming_Copter21rc_calibration_checksEb @ 0x5def30
GUIDED: _ZN9AP_Arming14mission_checksEb @ 0x5df020
GUIDED: _ZNK16AP_Arming_Copter25terrain_database_requiredEv @ 0x5df430
GUIDED: _ZN9AP_Arming13system_checksEb @ 0x5df500
GUIDED: _ZNK16AP_Arming_Copter16proximity_checksEb @ 0x5dfab0
GUIDED: _ZN16AP_Arming_Copter20mandatory_gps_checksEb @ 0x5dfcf0
GUIDED: _ZN16AP_Arming_Copter10alt_checksEb @ 0x5e0170
GUIDED: _ZN9AP_Arming18opendroneid_checksEb @ 0x5e0320
GUIDED: _ZN9AP_Arming23rc_in_calibration_checkEb @ 0x5e0410
GUIDED: _ZN9AP_Arming22serial_protocol_checksEb @ 0x5e04c0
GUIDED: _ZN2AP13serialmanagerEv @ 0x5e05f0
GUIDED: _ZNK16AP_SerialManager11have_serialENS_14SerialProtocolEh @ 0x5e0630
GUIDED: _ZN16AP_SerialManager14pre_arm_checksEPch @ 0x5e0900
GUIDED: _ZNK9AP_ParamTIiL11ap_var_type3EEcvRKiEv @ 0xa98a80
GUIDED: _ZN6AP_HAL4Util8snprintfEPcmPKcz @ 0x5e0a60
GUIDED: _ZN6AP_HAL4Util9vsnprintfEPcmPKcP13__va_list_tag @ 0x5e0c40
GUIDED: _ZN13BufferPrinterC2EPcm @ 0xa98ad0
GUIDED: _Z13print_vprintfPN6AP_HAL12BetterStreamEPKcP13__va_list_tag @ 0x5e0d80
GUIDED: _Z12ultoa_invertjPch @ 0x5e2c10
GUIDED: _ZN6AP_HAL12BetterStreamC2Ev @ 0xa98b80
GUIDED: _ZN13BufferPrinter5writeEh @ 0xa98be0
GUIDED: _Z3gcsv @ 0x5e3200
GUIDED: _ZN3GCS10send_textvE12MAV_SEVERITYPKcP13__va_list_tag @ 0x5e3240
GUIDED: _ZNK3GCS28statustext_send_channel_maskEv @ 0x5e3310
GUIDED: _ZN11GCS_MAVLINK19active_channel_maskEv @ 0xa98e80
GUIDED: _ZN11GCS_MAVLINK22streaming_channel_maskEv @ 0xa98ec0
GUIDED: _ZN11GCS_MAVLINK20private_channel_maskEv @ 0xa98f00
GUIDED: _ZN3GCS13get_singletonEv @ 0xa98f40
GUIDED: _ZNK16AP_SerialManager22find_protocol_instanceENS_14SerialProtocolEh @ 0x5e33a0
GUIDED: _ZNK13AP_ParamTBaseIaL11ap_var_type1EE3getEv @ 0xa98f80
GUIDED: _ZNK16AP_SerialManager14protocol_matchENS_14SerialProtocolES0_ @ 0x5e3540
GUIDED: _ZN16AP_SerialManager13get_singletonEv @ 0xa98fd0
GUIDED: _Z2rcv @ 0x5e3640
GUIDED: _ZN11RC_Channels11calibratingEv @ 0xa99010
GUIDED: _ZNK9AP_Arming13check_enabledENS_5CheckE @ 0x5e3910
GUIDED: _ZN11RC_Channels13get_singletonEv @ 0xa99070
GUIDED: _ZN2AP11opendroneidEv @ 0x5e39c0
GUIDED: _ZN14AP_OpenDroneID13pre_arm_checkEPch @ 0x5e3a00
GUIDED: _ZNK14AP_OpenDroneID14option_enabledENS_7OptionsE @ 0xa990b0
GUIDED: _ZNK9AP_ParamTIaL11ap_var_type1EEcvRKaEv @ 0xa99140
GUIDED: _ZN6AP_HAL6millisEv @ 0x5e3cc0
GUIDED: _ZN13WithSemaphoreD2Ev @ 0x5e3d00
GUIDED: _ZN6AP_HAL8millis64Ev @ 0x5e3d60
GUIDED: _ZN6AP_HAL8micros64Ev @ 0x5e3da0
GUIDED: _ZL14uint64_div1000m @ 0x5e3e40
GUIDED: _ZN7HALSITL9Scheduler4fromEPN6AP_HAL9SchedulerE @ 0xa99190
GUIDED: _ZNK7HALSITL9Scheduler18stopped_clock_usecEv @ 0xa991e0
GUIDED: _ZNK13AP_ParamTBaseIsL11ap_var_type2EE3getEv @ 0xa99230
GUIDED: _ZN13WithSemaphoreC2ERN6AP_HAL9SemaphoreEj @ 0x5e3f90
GUIDED: _ZN14AP_OpenDroneID13get_singletonEv @ 0xa99280
GUIDED: _ZNK6Copter10ekf_alt_okEv @ 0x5e4070
GUIDED: _ZNK7AP_AHRS17have_inertial_navEv @ 0x5e4140
GUIDED: _ZNK7AP_AHRS10has_statusE18NavFilterStatusBit @ 0x5e41a0
GUIDED: _ZNK7AP_AHRS17get_filter_statusER17nav_filter_status @ 0x5e4230
GUIDED: _ZNK7AP_AHRS8ekf_typeEv @ 0x5e4360
GUIDED: _ZNK7NavEKF315getFilterStatusER17nav_filter_status @ 0x5e44f0
GUIDED: _ZN2AP12externalAHRSEv @ 0x5e47e0
GUIDED: _ZNK15AP_ExternalAHRS17get_filter_statusER17nav_filter_status @ 0x5e4820
GUIDED: _ZN15AP_ExternalAHRS13get_singletonEv @ 0xa99320
GUIDED: _ZNK12NavEKF3_core15getFilterStatusER17nav_filter_status @ 0x5e49b0
GUIDED: _ZNK7AP_AHRS14always_use_EKFEv @ 0xa99360
GUIDED: _ZNK7AP_AHRS15active_EKF_typeEv @ 0xa993c0
GUIDED: _ZN2AP4ahrsEv @ 0x5e4a90
GUIDED: _ZNK7AP_AHRS13pre_arm_checkEbPch @ 0x5e4ad0
GUIDED: _ZNK8AC_Fence18get_enabled_fencesEv @ 0x5e4e60
GUIDED: _ZNK6Copter11position_okEv @ 0x5e4ed0
GUIDED: _ZNK9AP_ParamTIfL11ap_var_type4EEcvRKfILb1EEEv @ 0xa99460
GUIDED: _ZN7Vector3IfEC2Ev @ 0xa994b0
GUIDED: _ZNK7AP_AHRS13get_variancesERfS0_S0_R7Vector3IfES0_ @ 0x5e4f70
GUIDED: _ZNK7Vector3IfE6lengthEv @ 0xa99510
GUIDED: _Z4normIffJfEEdT_T0_DpKT1_ @ 0xa99570
GUIDED: _Z2sqIfJffEEdT_DpKT0_ @ 0xa995f0
GUIDED: _ZL2sqf.4012 @ 0x5e5140
GUIDED: _Z2sqIfJfEEdT_DpKT0_ @ 0xa99690
GUIDED: _ZL2sqf.1211 @ 0x5e5190
GUIDED: _ZN7Vector2IfEC2Ev @ 0xa99710
GUIDED: _ZNK7NavEKF312getVariancesERfS0_S0_R7Vector3IfES0_R7Vector2IfE @ 0x5e52f0
GUIDED: _ZN7Vector3IfE4zeroEv @ 0xa99810
GUIDED: _ZNK12NavEKF3_core12getVariancesERfS0_S0_R7Vector3IfES0_R7Vector2IfE @ 0x5e54d0
GUIDED: _ZL3MAXIddEDTqugtfp_fp0_fp_fp0_ERKT_RKT0_.4817 @ 0x5e56d0
GUIDED: _ZNK7Vector2IdE7tofloatEv @ 0xa99870
GUIDED: _ZN7Vector2IfEC2Eff @ 0xa998d0
GUIDED: _ZNK6Copter25ekf_has_absolute_positionEv @ 0x5e59d0
GUIDED: _ZNK6Copter25ekf_has_relative_positionEv @ 0x5e5b10
GUIDED: _ZNK14AP_OpticalFlow7enabledEv @ 0xa99950
GUIDED: _ZNK13AP_VisualOdom7enabledEv @ 0x5e5ca0
GUIDED: _ZNK9AP_Motors5armedEv @ 0xa999c0
GUIDED: _ZNK7AP_EnumIN13AP_VisualOdom15VisualOdom_TypeEEcvKS1_Ev @ 0xa99a20
GUIDED: _ZNK7AP_EnumIN14AP_OpticalFlow4TypeEEcvKS1_Ev @ 0xa99a70
GUIDED: _ZNK8AC_Fence7presentEv @ 0x5e5d00
GUIDED: _ZNK19AC_PolyFence_loader17total_fence_countEv @ 0xa99ac0
GUIDED: _ZNK19AC_PolyFence_loader27get_exclusion_polygon_countEv @ 0xa99b70
GUIDED: _ZNK19AC_PolyFence_loader27get_inclusion_polygon_countEv @ 0xa99bc0
GUIDED: _ZNK19AC_PolyFence_loader26get_exclusion_circle_countEv @ 0xa99c10
GUIDED: _ZNK19AC_PolyFence_loader26get_inclusion_circle_countEv @ 0xa99c60
GUIDED: _ZNK7AP_AHRS7healthyEv @ 0x5e5da0
GUIDED: _ZNK15AP_ExternalAHRS7enabledEv @ 0x5e5f80
GUIDED: _ZNK7AP_AHRS20attitudes_consistentEPch @ 0x5e61e0
GUIDED: _ZN2AP7compassEv @ 0x5e6840
GUIDED: _ZNK7Compass11use_for_yawEv @ 0x5e6880
GUIDED: _ZNK7NavEKF313pre_arm_checkEbPch @ 0x5e6bf0
GUIDED: _ZNK16AP_NavEKF_Source13pre_arm_checkEbPch @ 0x5e6ec0
GUIDED: _ZNK16AP_NavEKF_Source12getYawSourceEh @ 0x5e76f0
GUIDED: _ZNK12NavEKF3_core7healthyEv @ 0x5e79b0
GUIDED: _ZNK12NavEKF3_core13pre_arm_checkEbPch @ 0x5e7be0
GUIDED: _Z2sqIdEdT_ @ 0xa99cb0
GUIDED: _ZNK16AP_NavEKF_Source14useVelXYSourceENS_8SourceXYEh @ 0x5e7d70
GUIDED: _ZNK16AP_NavEKF_Source18getActiveSourceSetEh @ 0xa99d10
GUIDED: _ZNK7AP_EnumIN16AP_NavEKF_Source8SourceXYEEcvKS1_Ev @ 0xa99dc0
GUIDED: _ZNK16AP_NavEKF_Source13option_is_setENS_13SourceOptionsE @ 0xa99e10
GUIDED: _ZNK12NavEKF3_core15getFilterFaultsERt @ 0x5e7ea0
GUIDED: _ZNK11QuaternionTIdE6is_nanEv @ 0xa99e90
GUIDED: _ZNK7Vector3IdE6is_nanEv @ 0xa99f90
GUIDED: _ZNK7AP_EnumIN16AP_NavEKF_Source9SourceYawEEcvKS1_Ev @ 0xa9a060
GUIDED: _ZN2AP3dalEv @ 0x5e7fc0
GUIDED: _ZN6AP_DAL7compassEv @ 0xa9a0b0
GUIDED: _ZNK14AP_DAL_Compass15get_num_enabledEv @ 0xa9a100
GUIDED: _ZN6AP_DAL13get_singletonEv @ 0xa9a150
GUIDED: _ZnwmRKSt9nothrow_t @ 0x5e8000
GUIDED: _ZN7Matrix3IfEC2Ev @ 0xa9a590
GUIDED: _ZN8LocationC2Ev @ 0xa9a610
GUIDED: _ZN8Location4zeroEv @ 0x5e84e0
GUIDED: _ZN11QuaternionTIfEC2Ev @ 0xa9a7f0
GUIDED: _ZN6AP_DAL4baroEv @ 0xa9a860
GUIDED: _ZNK11AP_DAL_Baro13num_instancesEv @ 0xa9a8b0
GUIDED: _ZN6AP_DAL6beaconEv @ 0xa9a900
GUIDED: _ZN6AP_DAL3gpsEv @ 0xa9a9c0
GUIDED: _ZNK10AP_DAL_GPS11num_sensorsEv @ 0xa9aa10
GUIDED: _ZN6AP_DAL11rangefinderEv @ 0xa9aad0
GUIDED: _ZN6AP_DAL10visualodomEv @ 0xa9ab20
GUIDED: _ZNK7Compass7healthyEh @ 0x5e8990
GUIDED: _ZNK7Compass11use_for_yawEh @ 0x5e8a30
GUIDED: _ZNK7Compass9availableEv @ 0xa9ac40
GUIDED: _ZN14typesafe_indexIh12TAG_PriorityEC2Eh @ 0xa9acc0
GUIDED: _ZNK19RestrictIDTypeArrayI9AP_ParamTIaL11ap_var_type1EELj3E14typesafe_indexIh12TAG_PriorityEEixERKS5_ @ 0xa9ad20
GUIDED: _ZNK7AP_EnumIN7Compass9LearnTypeEEcvKS1_Ev @ 0xa9ada0
GUIDED: _ZNK14typesafe_indexIh12TAG_PriorityE7get_intEv @ 0xa9adf0
GUIDED: _ZNK7Compass10_get_stateE14typesafe_indexIh12TAG_PriorityE @ 0xa9ae40
GUIDED: _ZNK7Compass13_get_state_idE14typesafe_indexIh12TAG_PriorityE @ 0x5e8b10
GUIDED: _ZNK19RestrictIDTypeArrayIN7Compass9mag_stateELj4E14typesafe_indexIh14TAG_StateIndexEEixERKS4_ @ 0xa9aec0
GUIDED: _ZNK14typesafe_indexIh14TAG_StateIndexE7get_intEv @ 0xa9af40
GUIDED: _ZNK19RestrictIDTypeArrayIiLj3E14typesafe_indexIh12TAG_PriorityEEixERKS2_ @ 0xa9af90
GUIDED: _ZN14typesafe_indexIh14TAG_StateIndexEC2Eh @ 0xa9b010
GUIDED: _ZNK14typesafe_indexIh14TAG_StateIndexEltERKh @ 0xa9b070
GUIDED: _ZN14typesafe_indexIh14TAG_StateIndexEppEi @ 0xa9b0e0
GUIDED: _ZN7Compass13get_singletonEv @ 0xa9b150
GUIDED: _ZNK7AP_AHRS20get_quat_body_to_nedER11QuaternionTIfE @ 0x5e8c30
GUIDED: _ZNK7NavEKF211activeCoresEv @ 0xa9b190
GUIDED: _ZNK11QuaternionTIfE21roll_pitch_differenceERKS0_ @ 0xa9b1e0
GUIDED: _ZL7radiansi.1993 @ 0x5e8d80
GUIDED: _ZNK11QuaternionTIfE18angular_differenceERKS0_ @ 0xa9b3f0
GUIDED: _ZNK11QuaternionTIfE13to_axis_angleER7Vector3IfE @ 0xa9b480
GUIDED: _ZNK7NavEKF311activeCoresEv @ 0xa9b5d0
GUIDED: _ZNK7NavEKF322getQuaternionBodyToNEDEaR11QuaternionTIfE @ 0x5e8ef0
GUIDED: _ZN11QuaternionTIfE20from_rotation_matrixERK7Matrix3IfE @ 0xa9b680
GUIDED: _ZNK7NavEKF324using_noncompass_for_yawEv @ 0x5e8fd0
GUIDED: _ZNK12NavEKF3_core24using_noncompass_for_yawEv @ 0x5e9060
GUIDED: _ZNK12NavEKF3_core11use_compassEv @ 0x5e91a0
GUIDED: _ZNK14AP_DAL_Compass11use_for_yawEh @ 0xa9bb90
GUIDED: _ZNK12NavEKF3_core20getRotationBodyToNEDER7Matrix3IfE @ 0x5e9270
GUIDED: _ZNK11QuaternionTIdE15rotation_matrixER7Matrix3IfE @ 0xa9bc00
GUIDED: _ZNK6AP_DAL43get_rotation_vehicle_body_to_autopilot_bodyEv @ 0xa9be10
GUIDED: _ZNK7Matrix3IfEmlERKS0_ @ 0xa9be60
GUIDED: _ZN7Vector3IfEC2Efff @ 0xa9c0d0
GUIDED: _ZN7Matrix3IfEC2ERK7Vector3IfES4_S4_ @ 0xa9c160
GUIDED: _ZL2sqf.3887 @ 0x5e9330
GUIDED: _Z7is_zerof @ 0xa9c210
GUIDED: _ZN7Vector3IfEdVEf @ 0xa9c280
GUIDED: _Z7wrap_PId @ 0x5e9380
GUIDED: _ZN7Vector3IfEmLEf @ 0xa9c310
GUIDED: _Z8wrap_2PId @ 0x5e9410
GUIDED: _ZNK11QuaternionTIfE7inverseEv @ 0xa9c3a0
GUIDED: _ZNK11QuaternionTIfEmlERKS0_ @ 0xa9c420
GUIDED: _ZN11QuaternionTIfEC2Effff @ 0xa9c650
GUIDED: _ZNK11QuaternionTIfE15rotation_matrixER7Matrix3IfE @ 0xa9c700
GUIDED: _ZNK7Matrix3IfE13mul_transposeERK7Vector3IfE @ 0xa9c8f0
GUIDED: _ZNK7Vector3IfEmiERKS0_ @ 0xa9ca00
GUIDED: _Z20constrain_value_lineIfET_S0_S0_S0_j @ 0xa9cab0
GUIDED: _ZN2AP13internalerrorEv @ 0x5e9500
GUIDED: _ZNK7AP_AHRS24get_rotation_body_to_nedEv @ 0xa9cbd0
GUIDED: _ZN2AP3gpsEv @ 0x5e9f80
GUIDED: _ZNK6AP_GPS8get_typeEh @ 0xa9ccc0
GUIDED: _ZNK7AP_EnumIN6AP_GPS8GPS_TypeEEcvKS1_Ev @ 0xa9cd50
GUIDED: _ZN6AP_GPS13get_singletonEv @ 0xa9cda0
GUIDED: _ZNK7AP_EnumIN15AP_ExternalAHRS7DevTypeEEcvKS1_Ev @ 0xa9cde0
GUIDED: _ZNK7NavEKF37healthyEv @ 0x5ea0d0
GUIDED: _ZN7AP_AHRS13get_singletonEv @ 0xa9ce80
GUIDED: _ZNK9AP_Arming16proximity_checksEb @ 0x5ea240
GUIDED: _ZNK8AC_Avoid27proximity_avoidance_enabledEv @ 0xa9cec0
GUIDED: _ZNK12AP_Proximity18get_closest_objectERfS0_ @ 0x5ea310
GUIDED: _ZNK24AP_Proximity_Boundary_3D18get_closest_objectERfS0_ @ 0x5ea390
GUIDED: _ZN2AP9proximityEv @ 0x5ea550
GUIDED: _ZNK12AP_Proximity14prearm_healthyEPch @ 0x5ea590
GUIDED: _ZN12AP_Proximity13get_singletonEv @ 0xa9cf40
GUIDED: _ZN8AP_Param15get_eeprom_fullEv @ 0xa9cf80
GUIDED: _ZN2AP9schedulerEv @ 0x5ea870
GUIDED: _ZN12AP_Scheduler25get_filtered_loop_rate_hzEv @ 0xa9cfc0
GUIDED: _ZN12AP_Scheduler16get_loop_rate_hzEv @ 0xa9d010
GUIDED: _ZN10AP_Terrain13get_singletonEv @ 0xa9d0a0
GUIDED: _ZNK10AP_Terrain11init_failedEv @ 0xa9d0e0
GUIDED: _ZN12AP_Scripting13get_singletonEv @ 0xa9d140
GUIDED: _ZNK12AP_Scripting13arming_checksEmPc @ 0x5ea8b0
GUIDED: _ZN2AP4ADSBEv @ 0x5eaba0
GUIDED: _ZNK7AP_ADSB7enabledEv @ 0xa9d180
GUIDED: _ZNK16AP_InternalError6errorsEv @ 0xa9d2a0
GUIDED: _ZNK16AP_InternalError15last_error_lineEv @ 0xa9d2f0
GUIDED: _ZN2AP3rpmEv @ 0x5ead30
GUIDED: _ZNK6AP_RPM13arming_checksEmPc @ 0x5ead70
GUIDED: _ZN2AP5relayEv @ 0x5eb0a0
GUIDED: _ZNK8AP_Relay13arming_checksEmPc @ 0x5eb0e0
GUIDED: _ZN2AP9parachuteEv @ 0x5eb430
GUIDED: _ZNK12AP_Parachute13arming_checksEmPc @ 0x5eb470
GUIDED: _ZN2AP6buttonEv @ 0x5eb610
GUIDED: _ZNK9AP_Button13arming_checksEmPc @ 0x5eb650
GUIDED: _ZN9AP_Button13get_singletonEv @ 0xa9d340
GUIDED: _ZN12SRV_Channels17function_assignedEN11SRV_Channel8FunctionE @ 0x5eb8e0
GUIDED: _ZNK7AP_EnumIN15AP_Relay_Params8FUNCTIONEEcvKS1_Ev @ 0xa9d380
GUIDED: _ZNK9AP_ParamTIsL11ap_var_type2EEcvRKsEv @ 0xa9d3d0
GUIDED: _ZN12SRV_Channels25update_aux_servo_functionEv @ 0x5eba30
GUIDED: _ZNK7BitmaskILt190EE3getEt @ 0xa9d420
GUIDED: _ZNK7BitmaskILt190EE8validateEt @ 0xa9d4f0
GUIDED: _ZN7BitmaskILt190EE8clearallEv @ 0xa9d580
GUIDED: _ZNK11SRV_Channel14valid_functionEv @ 0xa9d5e0
GUIDED: _ZN11SRV_Channel24aux_servo_function_setupEv @ 0x5ebbb0
GUIDED: _ZN7BitmaskILt190EE3setEt @ 0xa9d640
GUIDED: _ZNK9AP_Enum16IN11SRV_Channel8FunctionEEcvKS1_Ev @ 0xa9d700
GUIDED: _ZN11SRV_Channel14valid_functionENS_8FunctionE @ 0xa9d750
GUIDED: _ZN12AP_Parachute13get_singletonEv @ 0xa9d7c0
GUIDED: _ZNK8AP_Relay14function_validEN15AP_Relay_Params8FUNCTIONE @ 0x5ebdd0
GUIDED: _ZNK8AP_Relay8DroneCAN9valid_pinEs @ 0x5ebe40
GUIDED: _ZN8AP_Relay13get_singletonEv @ 0xa9d800
GUIDED: _ZN6AP_RPM13get_singletonEv @ 0xa9d840
GUIDED: _ZN7AP_ADSB13get_singletonEv @ 0xa9d880
GUIDED: _ZNK12AP_Scripting7enabledEv @ 0xa9d8c0
GUIDED: _ZNK12AP_Scripting13option_is_setENS_11DebugOptionE @ 0xa9d930
GUIDED: _ZNK13AP_ParamTBaseIiL11ap_var_type3EE3getEv @ 0xa9da30
GUIDED: _ZNK2AP8PerfInfo25get_filtered_loop_rate_hzEv @ 0x5ebfa0
GUIDED: _ZNK2AP8PerfInfo17get_filtered_timeEv @ 0x5ec030
GUIDED: _ZN12AP_Scheduler13get_singletonEv @ 0x5ec080
GUIDED: _ZNK8AC_WPNav18get_terrain_sourceEv @ 0x5ec0c0
GUIDED: _ZNK7ModeRTL12get_alt_typeEv @ 0x5ec180
GUIDED: _ZNK9AP_Arming25terrain_database_requiredEv @ 0x5ec210
GUIDED: _ZN2AP7missionEv @ 0x5ec2a0
GUIDED: _ZN10AP_Mission26contains_terrain_alt_itemsEv @ 0x5ec2e0
GUIDED: _ZNK10AP_Mission12num_commandsEv @ 0xa9da80
GUIDED: _ZN10AP_Mission18stored_in_locationEt @ 0x5ec580
GUIDED: _ZN10AP_Mission15Mission_CommandC2Ev @ 0xa9dae0
GUIDED: _ZNK10AP_Mission21read_cmd_from_storageEtRNS_15Mission_CommandE @ 0x5ec710
GUIDED: _ZN10AP_Mission7ContentC2Ev @ 0xa9db40
GUIDED: _ZNK7AP_AHRS8get_homeEv @ 0xa9db90
GUIDED: _ZNK13StorageAccess9read_byteEt @ 0x5ecbd0
GUIDED: _ZNK13StorageAccess11read_uint16Et @ 0x5ecc40
GUIDED: _ZNK13StorageAccess10read_blockEPvtm @ 0x5eccc0
GUIDED: _ZN10AP_Mission13get_singletonEv @ 0xa9dbe0
GUIDED: _ZNK7AP_EnumIN7ModeRTL10RTLAltTypeEEcvKS1_Ev @ 0xa9dc20
GUIDED: _ZN2AP7terrainEv @ 0x5ed1f0
GUIDED: _ZNK10AP_Terrain7enabledEv @ 0xa9dc70
GUIDED: _ZN2AP5rallyEv @ 0x5ed330
GUIDED: _ZNK7AP_AHRS12get_locationER8Location @ 0x5ed370
GUIDED: _ZNK10AP_Mission21failed_sdcard_storageEv @ 0xa9dcd0
GUIDED: _ZN14StorageManager14storage_failedEv @ 0xa9dd30
GUIDED: _ZN2AP7vehicleEv @ 0x5ed5e0
GUIDED: _ZNK10AP_Mission7presentEv @ 0xa9dd70
GUIDED: _ZN10AP_Vehicle13get_singletonEv @ 0x5ed620
GUIDED: _ZNK8Location12get_distanceERKS_ @ 0x5ed840
GUIDED: _ZN8Location14diff_longitudeEii @ 0x5ed910
GUIDED: _ZN8Location15longitude_scaleEi @ 0x5ed9f0
GUIDED: _Z4normIddJEEdT_T0_DpKT1_ @ 0xa9dde0
GUIDED: _Z2sqIdJdEEdT_DpKT0_ @ 0xa9de50
GUIDED: _ZL3MAXIdfEDTqugtfp_fp0_fp_fp0_ERKT_RKT0_ @ 0x5eda90
GUIDED: _ZN8LocationC2EiiiNS_8AltFrameE @ 0x5edb30
GUIDED: _ZN8Location10set_alt_cmEiNS_8AltFrameE @ 0x5edbd0
GUIDED: _ZN8AP_Rally13get_singletonEv @ 0xa9ded0
GUIDED: _ZNK9AP_Arming20rc_checks_copter_subEbPPK10RC_Channel @ 0x5edcc0
GUIDED: _ZN9AP_Arming21rc_calibration_checksEb @ 0x5ede70
GUIDED: _ZN11RC_Channels23get_valid_channel_countEv @ 0x5ee020
GUIDED: _ZNK10RC_Channel12has_overrideEv @ 0x5ee090
GUIDED: _ZNK10RC_Channel14get_radio_trimEv @ 0xa9df10
GUIDED: _ZNK10RC_Channel13get_radio_minEv @ 0xa9df70
GUIDED: _ZNK10RC_Channel13get_radio_maxEv @ 0xa9dfd0
GUIDED: _ZNK13AP_ParamTBaseIfL11ap_var_type4EE3getEv @ 0xa9e110
GUIDED: _Z11is_positiveIfEbT_ @ 0xa9e160
GUIDED: _ZL3MINIihEDTqultfp_fp0_fp_fp0_ERKT_RKT0_.6943 @ 0x5ee150
GUIDED: _ZN9AP_Arming20board_voltage_checksEb @ 0x5ee1e0
GUIDED: _ZNK14AP_BattMonitor13has_failsafedEv @ 0xa9e1c0
GUIDED: _ZN14AP_BoardConfig25get_minimum_board_voltageEv @ 0xa9e220
GUIDED: _ZN14AP_BoardConfig25get_minimum_servo_voltageEv @ 0xa9e2a0
GUIDED: _ZN9AP_Arming10gps_checksEb @ 0x5ee390
GUIDED: _ZNK6AP_GPS11num_sensorsEv @ 0x5ee860
GUIDED: _ZNK6AP_GPS8get_hdopEv @ 0xa9e320
GUIDED: _ZNK6AP_GPS8get_hdopEh @ 0xa9e380
GUIDED: _ZN6AP_GPS14pre_arm_checksEPct @ 0x5ee8e0
GUIDED: _ZNK6AP_GPS14primary_sensorEv @ 0xa9e3f0
GUIDED: _ZNK6AP_GPS6statusEh @ 0xa9e440
GUIDED: _ZNK6AP_GPS10is_healthyEh @ 0x5eea80
GUIDED: _ZNK7AP_AHRS11home_is_setEv @ 0xa9e500
GUIDED: _ZNK6AP_GPS14all_consistentERf @ 0x5eec30
GUIDED: _ZNK6AP_GPS8locationEv @ 0xa9e560
GUIDED: _ZNK6AP_GPS22first_unconfigured_gpsERh @ 0x5eed40
GUIDED: _ZN3GCS9send_textE12MAV_SEVERITYPKcz @ 0x5eef10
GUIDED: _ZNK6AP_GPS8locationEh @ 0xa9e5c0
GUIDED: _ZNK6AP_GPS12is_rtk_roverEh @ 0x5ef1f0
GUIDED: _ZN15AP_GPS_DroneCAN29inter_instance_pre_arm_checksEPct @ 0x5ef290
GUIDED: _ZN15AP_GPS_DroneCAN20is_dronecan_gps_typeEN6AP_GPS8GPS_TypeE @ 0xa9e630
GUIDED: _ZN9AP_Arming10ins_checksEb @ 0x5ef550
GUIDED: _ZN16AP_Arming_Copter26pre_arm_ekf_attitude_checkEv @ 0x5ef940
GUIDED: _ZN2AP3insEv @ 0x5ef9a0
GUIDED: _ZNK17AP_InertialSensor19get_gyro_health_allEv @ 0x5ef9e0
GUIDED: _ZNK17AP_InertialSensor22gyro_calibrated_ok_allEv @ 0x5efaa0
GUIDED: _ZNK17AP_InertialSensor20get_accel_health_allEv @ 0x5efbb0
GUIDED: _ZNK17AP_InertialSensor23accel_calibrated_ok_allEv @ 0x5efc70
GUIDED: _ZNK17AP_InertialSensor25accel_cal_requires_rebootEv @ 0xa9e6b0
GUIDED: _ZN9AP_Arming21ins_accels_consistentERK17AP_InertialSensor @ 0x5eff40
GUIDED: _ZN9AP_Arming20ins_gyros_consistentERK17AP_InertialSensor @ 0x5f0040
GUIDED: _ZNK17AP_InertialSensor23temperature_cal_runningEv @ 0x5f0130
GUIDED: _ZNK17AP_InertialSensor12BatchSampler7enabledEv @ 0xa9e710
GUIDED: _ZNK17AP_InertialSensor34pre_arm_check_gyro_backend_rate_hzEPct @ 0x5f01d0
GUIDED: _ZN2AP3fftEv @ 0x5f0380
GUIDED: _ZN10AP_GyroFFT13pre_arm_checkEPch @ 0x5f03c0
GUIDED: _ZNK10AP_GyroFFT16analysis_enabledEv @ 0xa9e7e0
GUIDED: _ZN11ExpectDelayD2Ev @ 0x5f0b10
GUIDED: _ZdlPv @ 0x5f1090
GUIDED: _ZN7Vector3IfEixEh @ 0xa9eb70
GUIDED: _ZN10DigitalLPFIfE6_applyERKfS2_ @ 0xa9eed0
GUIDED: _Z15constrain_int16sss @ 0xa9f4d0
GUIDED: _Z15constrain_valueIsET_S0_S0_S0_ @ 0xa9f560
GUIDED: _ZNK10ByteBuffer5spaceEv @ 0x5f28b0
GUIDED: _ZN10ByteBuffer5writeEPKhj @ 0x5f2b10
GUIDED: _ZN10ByteBuffer7reserveEPNS_5IoVecEj @ 0x5f2c30
GUIDED: _ZN10ByteBuffer6commitEj @ 0x5f2e60
GUIDED: _ZN10ByteBuffer5clearEv @ 0x5f3020
GUIDED: _ZNK10ByteBuffer8get_sizeEv @ 0xa9f610
GUIDED: _ZN11ExpectDelayC2Ej @ 0x5f32d0
GUIDED: _ZN10AP_GyroFFT13get_singletonEv @ 0xa9f660
GUIDED: _ZNK17AP_InertialSensor14get_gyro_countEv @ 0xa9f6a0
GUIDED: _ZNK17AP_InertialSensor4_useEh @ 0xa9f710
GUIDED: _ZNK17AP_InertialSensor8_gyro_idEh @ 0xa9f770
GUIDED: _ZN17AP_InertialSensor8_gyro_idEh @ 0xa9f7d0
GUIDED: _ZN17AP_InertialSensor4_useEh @ 0xa9f840
GUIDED: _ZL3MINIihEDTqultfp_fp0_fp_fp0_ERKT_RKT0_.3586 @ 0x5f3390
GUIDED: _ZNK17AP_InertialSensor4tcalEh @ 0xa9f8b0
GUIDED: _ZNK7AP_EnumIN22AP_InertialSensor_TCal6EnableEEcvKS1_Ev @ 0xa9f910
GUIDED: _ZN17AP_InertialSensor4tcalEh @ 0xa9f960
GUIDED: _ZNK17AP_InertialSensor16gyros_consistentEh @ 0x5f3420
GUIDED: _ZNK17AP_InertialSensor8get_gyroEv @ 0xa9f9d0
GUIDED: _ZNK17AP_InertialSensor8use_gyroEh @ 0x5f3550
GUIDED: _ZNK17AP_InertialSensor8get_gyroEh @ 0xa9fa30
GUIDED: _ZL7radiansi.3656 @ 0x5f3610
GUIDED: _ZNK17AP_InertialSensor15get_gyro_healthEh @ 0xa9faa0
GUIDED: _ZNK17AP_InertialSensor17accels_consistentEf @ 0x5f3670
GUIDED: _ZNK17AP_InertialSensor15get_accel_countEv @ 0xa9fb40
GUIDED: _ZL3MINIihEDTqultfp_fp0_fp_fp0_ERKT_RKT0_ @ 0x5f37d0
GUIDED: _ZNK17AP_InertialSensor9get_accelEv @ 0xa9fbb0
GUIDED: _ZNK17AP_InertialSensor9use_accelEh @ 0x5f3860
GUIDED: _ZNK17AP_InertialSensor9get_accelEh @ 0xa9fc10
GUIDED: _ZNK17AP_InertialSensor16get_accel_healthEh @ 0xa9fc80
GUIDED: _ZNK17AP_InertialSensor13_accel_offsetEh @ 0xa9fd20
GUIDED: _ZNK9AP_ParamVI7Vector3IfEL11ap_var_type5EE3getEv @ 0xa9fd80
GUIDED: _ZNK7Vector3IfE7is_zeroEv @ 0xa9fdd0
GUIDED: _ZNK17AP_InertialSensor12_accel_scaleEh @ 0xa9fe80
GUIDED: _ZNK17AP_InertialSensor9_accel_idEh @ 0xa9fee0
GUIDED: _Z8is_equalIffENSt3__19enable_ifIXsr3std17is_floating_pointINS0_11common_typeIJT_T0_EE4typeEEE5valueEbE4typeES3_S4_ @ 0xa9ff40
GUIDED: _ZN17AP_InertialSensor9_accel_idEh @ 0xa9ffc0
GUIDED: _ZN17AP_InertialSensor12_accel_scaleEh @ 0xaa0030
GUIDED: _ZN17AP_InertialSensor13_accel_offsetEh @ 0xaa00a0
GUIDED: _ZNK17AP_InertialSensor18gyro_calibrated_okEh @ 0xaa0110
GUIDED: _ZN17AP_InertialSensor13get_singletonEv @ 0x5f3920
GUIDED: _ZN8AP_Param17get_default_valueEPKS_RKNS_9GroupInfoE @ 0x5f4840
GUIDED: _ZN13AP_ParamTBaseIsL11ap_var_type2EE3setERKs @ 0xaa0750
GUIDED: _ZN13AP_ParamTBaseIiL11ap_var_type3EE3setERKi @ 0xaa07c0
GUIDED: _ZN13AP_ParamTBaseIfL11ap_var_type4EE3setERKf @ 0xaa0820
GUIDED: _ZNK7Vector3IfEneERKS0_ @ 0xaa0f50
GUIDED: _ZNK8AP_Param13find_var_infoEPjRPKNS_9GroupInfoERNS_12GroupNestingEPh @ 0x5f5390
GUIDED: _ZNK8AP_Param14copy_name_infoEPKNS_4InfoEPKNS_9GroupInfoERKNS_12GroupNestingEhPcmb @ 0x5f5610
GUIDED: _ZNK8AP_Param14send_parameterEPKc11ap_var_typeh @ 0x5f5870
GUIDED: _ZNK8AP_Param13cast_to_floatE11ap_var_type @ 0x5f5a10
GUIDED: _ZN3GCS20send_parameter_valueEPKc11ap_var_typef @ 0x5f5b00
GUIDED: _ZL3MINImmEDTqultfp_fp0_fp_fp0_ERKT_RKT0_.6631 @ 0x5f5c40
GUIDED: _ZN11GCS_MAVLINK14mav_param_typeE11ap_var_type @ 0x5f5cc0
GUIDED: _ZN8AP_Param16count_parametersEv @ 0x5f5d50
GUIDED: _ZN3GCS23send_to_active_channelsEjPKc @ 0x5f5f00
GUIDED: _ZN9AP_Logger13get_singletonEv @ 0xaa1020
GUIDED: _ZN9AP_Logger15Write_ParameterEPKcf @ 0x5f6020
GUIDED: _ZNK9AP_Logger10quiet_nanfEv @ 0xaa1060
GUIDED: _ZN17AP_Logger_Backend15Write_ParameterEPKcff @ 0x5f6110
GUIDED: _Z14strncpy_notermPcPKcm @ 0x5f6230
GUIDED: _ZN17AP_Logger_Backend18WriteCriticalBlockEPKvt @ 0xaa10b0
GUIDED: _ZN17AP_Logger_Backend21WritePrioritisedBlockEPKvtbb @ 0x5f62e0
GUIDED: _ZN17AP_Logger_Backend30validate_WritePrioritisedBlockEPKvt @ 0x5f64b0
GUIDED: _ZN17AP_Logger_Backend9ShouldLogEb @ 0x5f66a0
GUIDED: _ZN17AP_Logger_Backend21ensure_format_emittedEPKvt @ 0x5f6b40
GUIDED: _ZNK17AP_Logger_Backend23message_type_from_blockEPKvtR11LogMessages @ 0x5f6c60
GUIDED: _ZNK17AP_Logger_Backend28have_emitted_format_for_typeE11LogMessages @ 0xaa1130
GUIDED: _ZN17AP_Logger_Backend14Write_Emit_FMTEh @ 0x5f6d50
GUIDED: _ZNK9AP_Logger17fill_logstructureER12LogStructureh @ 0x5f6ee0
GUIDED: _ZN17AP_Logger_Backend12Write_FormatEPK12LogStructure @ 0x5f7210
GUIDED: _ZN17AP_Logger_Backend18Write_Format_UnitsEPK12LogStructure @ 0x5f72e0
GUIDED: _ZN17AP_Logger_Backend17Fill_Format_UnitsEPK12LogStructureR16log_Format_Units @ 0x5f7370
GUIDED: _ZN17AP_Logger_Backend11Fill_FormatEPK12LogStructureR10log_Format @ 0x5f7470
GUIDED: _ZN7BitmaskILt256EE3setEt @ 0xaa11a0
GUIDED: _ZNK7BitmaskILt256EE8validateEt @ 0xaa1260
GUIDED: _ZNK9AP_Logger22structure_for_msg_typeEh @ 0x5f75a0
GUIDED: _ZL3MINIhmEDTqultfp_fp0_fp_fp0_ERKT_RKT0_.6340 @ 0x5f7660
GUIDED: _ZNK9AP_Logger9structureEt @ 0x5f76f0
GUIDED: _ZNK7BitmaskILt256EE3getEt @ 0xaa12f0
GUIDED: _ZNK6AP_HAL4Util14get_soft_armedEv @ 0xaa13c0
GUIDED: _ZN2AP6loggerEv @ 0x5f7760
GUIDED: _ZNK9AP_Logger18in_log_persistanceEv @ 0x5f77a0
GUIDED: _Z7is_zeroI9AP_ParamTIfL11ap_var_type4EEEbT_ @ 0xaa1420
GUIDED: _ZNK12AP_Scheduler5ticksEv @ 0xaa1480
GUIDED: _ZN6AP_HAL8millis16Ev @ 0x5f79b0
GUIDED: _ZNK6AP_HAL4Util21get_last_armed_changeEv @ 0xaa1590
GUIDED: _ZNK9AP_Logger13WritesEnabledEv @ 0xaa15e0
GUIDED: _ZNK19LoggerMessageWriter8finishedEv @ 0xaa1640
GUIDED: _ZNK9AP_Logger15in_log_downloadEv @ 0x5f79f0
GUIDED: _ZNK9AP_Logger16vehicle_is_armedEv @ 0xaa16a0
GUIDED: _ZNK9AP_Logger18log_while_disarmedEv @ 0x5f7a90
GUIDED: _ZNK7AP_EnumIN9AP_Logger11LogDisarmedEEcvKS1_Ev @ 0xaa1700
GUIDED: _ZNK9AP_Logger26log_write_fmt_for_msg_typeEh @ 0x5f7b90
GUIDED: mavlink_get_msg_entry @ 0x5f7c40
GUIDED: _ZNK3GCS7num_gcsEv @ 0xaa1750
GUIDED: _ZNK11GCS_MAVLINK10is_privateEv @ 0xaa17a0
GUIDED: _ZNK11GCS_MAVLINK9is_activeEv @ 0xaa1800
GUIDED: _ZN11GCS_MAVLINK12send_messageEPKcPK19__mavlink_msg_entry @ 0xaa1880
GUIDED: _ZN11GCS_MAVLINK18check_payload_sizeEt @ 0x5f7d60
GUIDED: _mav_finalize_message_chan_send @ 0x5f7e10
GUIDED: _Z26mavlink_get_channel_statush @ 0x5f8160
GUIDED: _Z17_mav_trim_payloadPKch @ 0x5f8240
GUIDED: _ZL13crc_calculatePKht @ 0x5f82e0
GUIDED: _ZL21crc_accumulate_bufferPtPKct @ 0x5f8380
GUIDED: _ZL14crc_accumulatehPt @ 0x5f8420
GUIDED: _Z14comm_send_lock17mavlink_channel_tt @ 0x5f86b0
GUIDED: _mavlink_send_uart @ 0x5f8770
GUIDED: _Z16comm_send_unlock17mavlink_channel_t @ 0x5f87f0
GUIDED: _Z16comm_send_buffer17mavlink_channel_tPKhh @ 0x5f8870
GUIDED: _ZL13valid_channel17mavlink_channel_t @ 0x5f89e0
GUIDED: _Z24gcs_out_of_space_to_send17mavlink_channel_t @ 0x5f8a90
GUIDED: _ZN11GCS_MAVLINK20out_of_space_to_sendEv @ 0xaa19c0
GUIDED: _ZL8crc_initPt @ 0x5f93c0
GUIDED: _ZN11GCS_MAVLINK14channel_statusEv @ 0xaa1a20
GUIDED: _ZNK11GCS_MAVLINK7txspaceEv @ 0xaa1a70
GUIDED: _ZNK11GCS_MAVLINK15packet_overheadEv @ 0xaa1b10
GUIDED: _ZN11GCS_MAVLINK20packet_overhead_chanE17mavlink_channel_t @ 0x5f9410
GUIDED: _ZL3MINIjjEDTqultfp_fp0_fp_fp0_ERKT_RKT0_.6622 @ 0x5f94f0
GUIDED: _ZN11GCS_MAVLINK10is_privateE17mavlink_channel_t @ 0xaa1b70
GUIDED: _ZN8AP_Param5firstEPNS_10ParamTokenEP11ap_var_typePf @ 0x5f9570
GUIDED: _ZN8AP_Param11next_scalarEPNS_10ParamTokenEP11ap_var_typePf @ 0x5f96b0
GUIDED: _ZN8AP_Param4nextEPNS_10ParamTokenEP11ap_var_typebPf @ 0x5f97a0
GUIDED: _ZN8AP_Param13check_defaultEPS_Pf @ 0x5f9ae0
GUIDED: _ZN8AP_Param8var_infoEt @ 0xaa1be0
GUIDED: _ZN8AP_Param17get_default_valueEPKS_RKNS_4InfoE @ 0x5f9bc0
GUIDED: _ZN8AP_Param16check_frame_typeEt @ 0x5f9cd0
GUIDED: _ZN8AP_Param14get_group_infoERKNS_4InfoE @ 0x5f9d70
GUIDED: _ZN8AP_Param10next_groupEtPKNS_9GroupInfoEPbjhlPNS_10ParamTokenEP11ap_var_typebPf @ 0x5f9df0
GUIDED: _ZN8AP_Param14get_group_infoERKNS_9GroupInfoE @ 0x5fa390
GUIDED: _ZN8AP_Param19adjust_group_offsetEtRKNS_9GroupInfoERl @ 0x5fa410
GUIDED: _ZN8AP_Param8group_idEPKNS_9GroupInfoEjhh @ 0x5fa530
GUIDED: _ZN8AP_Param8get_baseERKNS_4InfoERl @ 0x5fa630
GUIDED: _ZNK13AP_ParamTBaseIaL11ap_var_type1EE13cast_to_floatEv @ 0xaa1c80
GUIDED: _ZNK13AP_ParamTBaseIsL11ap_var_type2EE13cast_to_floatEv @ 0xaa1cd0
GUIDED: _ZNK13AP_ParamTBaseIiL11ap_var_type3EE13cast_to_floatEv @ 0xaa1d20
GUIDED: _ZNK13AP_ParamTBaseIfL11ap_var_type4EE13cast_to_floatEv @ 0xaa1d70
GUIDED: _ZNK8AP_Param19add_vector3f_suffixEPcmh @ 0x5fa6e0
GUIDED: _ZNK8AP_Param19find_var_info_groupEPKNS_9GroupInfoEtjhlPjRS2_RNS_12GroupNestingEPh @ 0x5fa7c0
GUIDED: _ZN8AP_Param4saveEb @ 0x5facc0
GUIDED: _ZN17AP_InertialSensor13caltemp_accelEh @ 0xaa1ea0
GUIDED: _ZNK17AP_InertialSensor15get_temperatureEh @ 0xaa1f10
GUIDED: _ZN13AP_ParamTBaseIfL11ap_var_type4EE22set_and_save_ifchangedERKf @ 0xaa20d0
GUIDED: _ZNK7Vector3IfErmERKS0_ @ 0xaa2170
GUIDED: _ZNK7Vector3IfEmlERKS0_ @ 0xaa2250
GUIDED: _Z9safe_sqrtIfEfT_ @ 0xaa22e0
GUIDED: _ZN11QuaternionTIfE9normalizeEv @ 0xaa2390
GUIDED: _ZNK11QuaternionTIfE14get_euler_rollEv @ 0xaa2470
GUIDED: _ZNK11QuaternionTIfE15get_euler_pitchEv @ 0xaa2520
GUIDED: _Z9safe_asinIfEfT_ @ 0xaa2590
GUIDED: _ZNK11QuaternionTIfE6lengthEv @ 0xaa2670
GUIDED: _ZN7Vector3IfE6rotateE8Rotation @ 0xaa2780
GUIDED: _ZNK7Matrix3IfEmlERK7Vector3IfE @ 0xaa3760
GUIDED: _ZN7Matrix3IfE10from_eulerEfff @ 0xaa3900
GUIDED: _ZN7Matrix3IfEC2Efffffffff @ 0xaa3b30
GUIDED: _ZNK7Vector3IfEplERKS0_ @ 0xaa3c60
GUIDED: _ZNK7Vector3IfEdvEf @ 0xaa3d10
GUIDED: _Z4normIffJEEdT_T0_DpKT1_ @ 0xaa3db0
GUIDED: _ZN7Vector3IfEpLERKS0_ @ 0xaa3e20
GUIDED: _ZN15ObjectBuffer_TSIN8AP_Param10param_saveEE4peekERS1_ @ 0xaa3ec0
GUIDED: _ZN15ObjectBuffer_TSIN8AP_Param10param_saveEE4pushERKS1_ @ 0xaa3f70
GUIDED: _ZN10ByteBuffer9peekbytesEPhj @ 0x5fbc70
GUIDED: _ZN10ByteBuffer9peekiovecEPNS_5IoVecEj @ 0x5fbd80
GUIDED: _ZNK10ByteBuffer9availableEv @ 0x5fbed0
GUIDED: _ZN10ByteBuffer7readptrERj @ 0x5fc1b0
GUIDED: _ZNK7Vector3IfEngEv @ 0xaa4050
GUIDED: _ZN9AP_Arming16barometer_checksEb @ 0x5fc5b0
GUIDED: _ZNK7AP_AHRS36get_relative_position_D_origin_floatERf @ 0x5fc6c0
GUIDED: _ZNK7AP_AHRS30get_relative_position_D_originERd @ 0x5fc750
GUIDED: _ZNK7NavEKF37getPosDERd @ 0x5fc9d0
GUIDED: _ZNK8Location11initialisedEv @ 0xaa4130
GUIDED: _ZN6AP_HAL6microsEv @ 0x5fcec0
GUIDED: _ZNK7Vector3IfE8todoubleEv @ 0xaa41c0
GUIDED: _ZN7Vector3IdEmLEd @ 0xaa4240
GUIDED: _ZN8Location13offset_latlngERiS0_dd @ 0x5fcfd0
GUIDED: _ZN8Location15limit_lattitudeEi @ 0x5fd0d0
GUIDED: _ZN8Location14wrap_longitudeEl @ 0x5fd170
GUIDED: _ZN7Vector3IdEC2Eddd @ 0xaa42d0
GUIDED: _ZNK12NavEKF3_core7getPosDERd @ 0x5fd210
GUIDED: _ZNK12NavEKF3_core13getPosD_localERd @ 0x5fd2e0
GUIDED: _ZNK12NavEKF3_core12getOriginLLHER8Location @ 0x5fd370
GUIDED: _ZN7Vector3IdEC2Ev @ 0xaa4360
GUIDED: _ZNK11AP_AHRS_DCM12get_locationER8Location @ 0x5fd710
GUIDED: _ZN2AP4baroEv @ 0x5fda40
GUIDED: _ZNK7AP_EnumI6GPSUseEcvKS0_Ev @ 0xaa43c0
GUIDED: _ZNK6AP_GPS6statusEv @ 0xaa4410
GUIDED: _ZNK7AP_Baro12get_altitudeEv @ 0xaa4470
GUIDED: _ZN8Location6offsetEdd @ 0x5fda80
GUIDED: _ZNK6AP_GPS7get_lagERf @ 0xaa44d0
GUIDED: _ZNK7Vector3IfE2xyEv @ 0xaa4550
GUIDED: _ZNK7Vector2IfEmlEf @ 0xaa45a0
GUIDED: _ZNK6AP_GPS7get_lagEhRf @ 0x5fdb10
GUIDED: _ZNK7AP_Baro12get_altitudeEh @ 0xaa4620
GUIDED: _ZN7AP_Baro13get_singletonEv @ 0xaa4690
GUIDED: _ZN2AP4sitlEv @ 0x5fdda0
GUIDED: _ZNK7AP_Baro13arming_checksEmPc @ 0x5fdde0
GUIDED: _ZNK7AP_Baro11all_healthyEv @ 0x5fdfb0
GUIDED: _ZNK7AP_Baro12get_pressureEv @ 0xaa46d0
GUIDED: _ZNK7AP_Baro23get_altitude_differenceEff @ 0x5fe060
GUIDED: _ZNK7AP_Baro26get_altitude_from_pressureEf @ 0x5fe100
GUIDED: _ZL33find_atmosphere_layer_by_pressuref @ 0x5fe360
GUIDED: _ZNK7AP_Baro17get_altitude_AMSLEv @ 0xaa4730
GUIDED: _ZN7AP_Baro29geopotential_alt_to_geometricEf @ 0x5fe410
GUIDED: _ZNK7AP_Baro17get_altitude_AMSLEh @ 0xaa4790
GUIDED: _ZNK7AP_Baro12get_pressureEh @ 0xaa4800
GUIDED: _ZNK7AP_Baro7healthyEh @ 0x5fe470
GUIDED: _ZN4SITL3SIM13get_singletonEv @ 0xaa4870
GUIDED: _ZNK7AP_AHRS24using_noncompass_for_yawEv @ 0x5fe560
GUIDED: _ZNK7Compass7healthyEv @ 0xaa48b0
GUIDED: _ZNK7AP_AHRS8cos_rollEv @ 0xaa4910
GUIDED: _ZNK7AP_AHRS9cos_pitchEv @ 0xaa4960
GUIDED: _ZL7degreesf @ 0x5fe610
GUIDED: _ZN9AP_Arming13method_is_GCSENS_6MethodE @ 0xaa49b0
GUIDED: _ZNK10RC_Channel14get_control_inEv @ 0xaa4a20
GUIDED: _ZN9AP_Arming10arm_checksENS_6MethodE @ 0x5fe880
GUIDED: _ZN9AP_Arming13rc_arm_checksENS_6MethodE @ 0x5fe9e0
GUIDED: _ZN6AP_GPS18prepare_for_armingEv @ 0x5feda0
GUIDED: _ZNK9AP_Logger15logging_presentEv @ 0x5fee70
GUIDED: _ZN9AP_Logger13PrepForArmingEv @ 0x5feed0
GUIDED: _ZNK9AP_Logger15logging_startedEv @ 0x5fef60
GUIDED: _ZNK11RC_Channels13last_input_msEv @ 0xaa4a70
GUIDED: _ZN11RC_Channels23duplicate_options_existEv @ 0x5ff010
GUIDED: _ZNK11RC_Channels44flight_mode_channel_conflicts_with_rc_optionEv @ 0x5ff130
GUIDED: _ZNK11RC_Channels17option_is_enabledENS_6OptionE @ 0xaa4ac0
GUIDED: _ZNK11RC_Channels16get_roll_channelEv @ 0x5ff1c0
GUIDED: _ZNK11RC_Channels17get_pitch_channelEv @ 0x5ff230
GUIDED: _ZNK11RC_Channels15get_yaw_channelEv @ 0x5ff2a0
GUIDED: _ZNK11RC_Channels20get_throttle_channelEv @ 0x5ff310
GUIDED: _ZN11RC_Channels23find_channel_for_optionEN10RC_Channel8AUX_FUNCE @ 0x5ff380
GUIDED: _ZN2AP5rcmapEv @ 0x5ff600
GUIDED: _ZNK8RCMapper8throttleEv @ 0xaa4ba0
GUIDED: _ZNK11RC_Channels25get_rcmap_channel_nonnullEh @ 0x5ff640
GUIDED: _ZN11RC_Channels10rc_channelEh @ 0xaa4c00
GUIDED: _ZN8RCMapper13get_singletonEv @ 0xaa4c60
GUIDED: _ZNK8RCMapper3yawEv @ 0xaa4ca0
GUIDED: _ZNK8RCMapper5pitchEv @ 0xaa4d00
GUIDED: _ZNK8RCMapper4rollEv @ 0xaa4d60
GUIDED: _ZNK11RC_Channels19flight_mode_channelEv @ 0x5ff6d0
GUIDED: _ZN7BitmaskILt317EEC2Ev @ 0xaa4db0
GUIDED: _ZNK7BitmaskILt317EE4sizeEv @ 0xaa4e00
GUIDED: _ZNK7BitmaskILt317EE3getEt @ 0xaa4e50
GUIDED: _ZN7BitmaskILt317EE3setEt @ 0xaa4f20
GUIDED: _ZNK7BitmaskILt317EE8validateEt @ 0xaa4fe0
GUIDED: _ZN7BitmaskILt317EE8clearallEv @ 0xaa5070
GUIDED: _ZN16AP_Arming_Copter18run_pre_arm_checksEb @ 0x5ffab0
GUIDED: _ZN16AP_Arming_Copter17set_pre_arm_checkEb @ 0x5ffea0
GUIDED: _ZNK9AP_Arming20disarm_switch_checksEb @ 0x5fff10
GUIDED: _ZN16AP_Arming_Copter16parameter_checksEb @ 0x5fffd0
GUIDED: _ZN16AP_Arming_Copter9oa_checksEb @ 0x6006d0
GUIDED: _ZN16AP_Arming_Copter18gcs_failsafe_checkEb @ 0x600830
GUIDED: _ZNK16AP_Arming_Copter12winch_checksEb @ 0x6008d0
GUIDED: _ZNK16AP_Arming_Copter27rc_throttle_failsafe_checksEb @ 0x600a00
GUIDED: _ZN9AP_Arming15airspeed_checksEb @ 0x600b90
GUIDED: _ZN9AP_Arming14pre_arm_checksEb @ 0x600cb0
GUIDED: _ZN9AP_Arming21hardware_safety_checkEb @ 0x6011a0
GUIDED: _ZN9AP_Arming14compass_checksEb @ 0x601270
GUIDED: _ZN9AP_Arming14battery_checksEb @ 0x601940
GUIDED: _ZN9AP_Arming14logging_checksEb @ 0x601a30
GUIDED: _ZN9AP_Arming25manual_transmitter_checksEb @ 0x601ba0
GUIDED: _ZN9AP_Arming18rangefinder_checksEb @ 0x601ca0
GUIDED: _ZNK9AP_Arming12servo_checksEb @ 0x601d90
GUIDED: _ZNK9AP_Arming14terrain_checksEb @ 0x601fe0
GUIDED: _ZN9AP_Arming10can_checksEb @ 0x602130
GUIDED: _ZNK9AP_Arming16generator_checksEb @ 0x602400
GUIDED: _ZN9AP_Arming13camera_checksEb @ 0x602500
GUIDED: _ZNK9AP_Arming10osd_checksEb @ 0x6025f0
GUIDED: _ZNK9AP_Arming12mount_checksEb @ 0x6026e0
GUIDED: _ZNK9AP_Arming13fettec_checksEb @ 0x6027f0
GUIDED: _ZNK9AP_Arming14visodom_checksEb @ 0x6028c0
GUIDED: _ZN9AP_Arming15aux_auth_checksEb @ 0x6029b0
GUIDED: _ZN9AP_Arming12fence_checksEb @ 0x602c10
GUIDED: _ZN9AP_Arming12estop_checksEb @ 0x602d30
GUIDED: _ZN12SRV_Channels18get_emergency_stopEv @ 0xaa50d0
GUIDED: _ZNK10RC_Channel16read_3pos_switchERNS_12AuxSwitchPosE @ 0x602e80
GUIDED: _ZNK10RC_Channel12get_radio_inEv @ 0xaa5110
GUIDED: _ZN2AP5fenceEv @ 0x602fe0
GUIDED: _ZNK8AC_Fence13pre_arm_checkEPch @ 0x603020
GUIDED: _ZNK8AC_Fence7enabledEv @ 0xaa5220
GUIDED: _ZNK8AC_Fence12auto_enabledEv @ 0xaa5280
GUIDED: _ZNK9AP_ParamTIfL11ap_var_type4EEmiERKS1_ @ 0xaa5410
GUIDED: _ZN15ExpandingStringD2Ev @ 0x603b60
GUIDED: _ZN15ExpandingString6printfEPKcz @ 0x603bc0
GUIDED: _ZN15ExpandingString6expandEj @ 0x603e50
GUIDED: _Z11mem_reallocPvmm @ 0x603f50
GUIDED: _ZN15ExpandingString10set_bufferEPcjj @ 0x604100
GUIDED: _ZNK7Vector2IfEmiERKS0_ @ 0xaa5b60
GUIDED: _ZNK7Vector2IfE14length_squaredEv @ 0xaa5d70
GUIDED: _ZNK7Vector2IfEmlERKS0_ @ 0xaa5dd0
GUIDED: _ZNK8Location15get_distance_NEERKS_ @ 0x604ba0
GUIDED: _ZN8AC_Fence13get_singletonEv @ 0xaa5f00
GUIDED: _ZN2AP10visualodomEv @ 0x604d60
GUIDED: _ZNK13AP_VisualOdom13pre_arm_checkEPch @ 0x604da0
GUIDED: _ZN13AP_VisualOdom13get_singletonEv @ 0xaa5f40
GUIDED: _ZN16AP_FETtecOneWire13get_singletonEv @ 0xaa5f80
GUIDED: _ZNK16AP_FETtecOneWire13pre_arm_checkEPch @ 0x604fe0
GUIDED: _ZN2AP5mountEv @ 0x6052e0
GUIDED: _ZN8AP_Mount14pre_arm_checksEPch @ 0x605320
GUIDED: _ZNK8AP_Mount14get_mount_typeEh @ 0x6054b0
GUIDED: _ZN8AP_Mount13get_singletonEv @ 0xaa5fc0
GUIDED: _ZN2AP3osdEv @ 0x605540
GUIDED: _ZNK6AP_OSD13pre_arm_checkEPch @ 0x605580
GUIDED: _ZNK6AP_OSD18is_readonly_screenEv @ 0xaa6000
GUIDED: _ZN6AP_OSD13get_singletonEv @ 0xaa6060
GUIDED: _ZN2AP6runcamEv @ 0x6056b0
GUIDED: _ZN9AP_RunCam13get_singletonEv @ 0xaa6110
GUIDED: _ZN2AP9generatorEv @ 0x605890
GUIDED: _ZNK12AP_Generator13pre_arm_checkEPch @ 0x6058d0
GUIDED: _ZNK12AP_Generator4typeEv @ 0x6059f0
GUIDED: _ZN12AP_Generator13get_singletonEv @ 0x605a50
GUIDED: _ZN2AP3canEv @ 0x605a90
GUIDED: _ZNK13AP_CANManager15get_num_driversEv @ 0xaa6150
GUIDED: _ZNK13AP_CANManager15get_driver_typeEh @ 0xaa61a0
GUIDED: _ZN12SRV_Channels18get_motor_functionEh @ 0xaa63a0
GUIDED: _ZN13AP_CANManager13get_singletonEv @ 0xaa6430
GUIDED: _ZNK10AP_Terrain14get_statisticsERtS0_ @ 0x606570
GUIDED: _ZNK10AP_Terrain10bitcount64Em @ 0x606760
GUIDED: _ZN12SRV_Channels11srv_channelEh @ 0xaa6490
GUIDED: _ZNK11SRV_Channel12get_functionEv @ 0xaa6510
GUIDED: _ZNK11SRV_Channel8get_trimEv @ 0xaa6570
GUIDED: _ZNK11SRV_Channel14get_output_minEv @ 0xaa65d0
GUIDED: _ZNK11SRV_Channel14get_output_maxEv @ 0xaa6620
GUIDED: _ZN12SRV_Channels25get_disabled_channel_maskEv @ 0xaa6680
GUIDED: _ZN11RangeFinder13get_singletonEv @ 0xaa66c0
GUIDED: _ZNK11RangeFinder14prearm_healthyEPch @ 0x6068d0
GUIDED: _ZNK9AP_Logger14logging_failedEv @ 0x606e80
GUIDED: _ZN9AP_Logger12CardInsertedEv @ 0x606f50
GUIDED: _ZN2AP7batteryEv @ 0x607000
GUIDED: _ZNK14AP_BattMonitor13arming_checksEmPc @ 0x607040
GUIDED: _ZNK14AP_BattMonitor15configured_typeEh @ 0xaa67b0
GUIDED: _ZNK14AP_BattMonitor14allocated_typeEh @ 0xaa6820
GUIDED: _ZNK22AP_BattMonitor_Backend13arming_checksEPcm @ 0x607240
GUIDED: _ZNK22AP_BattMonitor_Backend20check_failsafe_typesERbS0_S0_S0_ @ 0x607730
GUIDED: _Z11is_positiveI9AP_ParamTIfL11ap_var_type4EEEbT_ @ 0xaa6890
GUIDED: _ZNK9AP_ParamTIfL11ap_var_type4EEgtERKS1_ @ 0xaa6900
GUIDED: _ZL12update_checkmPcbPKc @ 0x607a30
GUIDED: _ZNK21AP_BattMonitor_Params23failsafe_voltage_sourceEv @ 0xaa6970
GUIDED: _ZNK22AP_BattMonitor_Backend24voltage_resting_estimateEv @ 0x607ad0
GUIDED: _ZL3MAXIffEDTqugtfp_fp0_fp_fp0_ERKT_RKT0_.18691 @ 0x607b40
GUIDED: _ZN14AP_BattMonitor13get_singletonEv @ 0xaa69d0
GUIDED: _ZNK7Compass14is_calibratingEv @ 0x607bc0
GUIDED: _ZNK7Compass27compass_cal_requires_rebootEv @ 0xaa6a10
GUIDED: _ZN7Compass10configuredEPch @ 0x607cf0
GUIDED: _ZNK7Compass11get_offsetsEv @ 0xaa6a70
GUIDED: _ZNK7Compass15get_offsets_maxEv @ 0xaa6ad0
GUIDED: _ZNK7Compass9get_fieldEv @ 0xaa6b30
GUIDED: _ZNK7Compass10consistentEv @ 0x607f80
GUIDED: _ZN7AP_AHRS11use_compassEv @ 0x608140
GUIDED: _ZN14AP_Declination18get_earth_field_gaERK8Location @ 0x608220
GUIDED: _ZNK7Vector3IfEmlEf @ 0xaa6b90
GUIDED: _ZL3MAXIffEDTqugtfp_fp0_fp_fp0_ERKT_RKT0_.11700 @ 0x6083a0
GUIDED: _ZN14AP_Declination16get_mag_field_efEffRfS0_S0_ @ 0x6084c0
GUIDED: _ZL7radiansf.2992 @ 0x608ac0
GUIDED: _Z15constrain_int32iii @ 0xaa6c30
GUIDED: _Z15constrain_valueIiET_S0_S0_S0_ @ 0xaa6ca0
GUIDED: _ZNK7NavEKF311use_compassEv @ 0x608ba0
GUIDED: _ZN11AP_AHRS_DCM11use_compassEv @ 0x608c30
GUIDED: _ZNK7AP_AHRS15get_fly_forwardEv @ 0xaa6d90
GUIDED: _ZNK11AP_AHRS_DCM8have_gpsEv @ 0x608de0
GUIDED: _ZL7degreesf.2106 @ 0x608e70
GUIDED: _Z8wrap_180IfET_S0_ @ 0xaa6eb0
GUIDED: _Z8wrap_360f @ 0x608ec0
GUIDED: _ZNK6AP_GPS13ground_courseEh @ 0xaa6f40
GUIDED: _ZNK6AP_GPS12ground_speedEh @ 0xaa6fb0
GUIDED: _ZNK7Compass9get_countEv @ 0xaa7020
GUIDED: _ZNK7Compass9get_fieldEh @ 0xaa7070
GUIDED: _ZNK7Vector2IfE7is_zeroEv @ 0xaa70f0
GUIDED: _ZNK7Vector3IfE5angleERKS0_ @ 0xaa7180
GUIDED: _ZL7radiansf.2689 @ 0x608fe0
GUIDED: _ZNK7Vector2IfE5angleERKS0_ @ 0xaa7290
GUIDED: _ZNK7Vector2IfE6lengthEv @ 0xaa73b0
GUIDED: _ZNK7Compass11get_offsetsEh @ 0xaa7410
GUIDED: _ZNK9AP_ParamVI7Vector3IfEL11ap_var_type5EEcvRKS1_Ev @ 0xaa7490
GUIDED: _ZNK14typesafe_indexIh12TAG_PriorityEltERKh @ 0xaa74e0
GUIDED: _ZN19RestrictIDTypeArrayIiLj3E14typesafe_indexIh12TAG_PriorityEEixERKS2_ @ 0xaa7550
GUIDED: _ZNK14typesafe_indexIh12TAG_PriorityEcvhEv @ 0xaa75d0
GUIDED: _ZNK14typesafe_indexIh12TAG_PriorityEplERKh @ 0xaa7620
GUIDED: _ZN19RestrictIDTypeArrayI9AP_ParamTIiL11ap_var_type3EELj3E14typesafe_indexIh12TAG_PriorityEEixERKS5_ @ 0xaa76a0
GUIDED: _ZN14typesafe_indexIh12TAG_PriorityEppEi @ 0xaa7720
GUIDED: _ZN7Compass10configuredEh @ 0x609030
GUIDED: _ZN19RestrictIDTypeArrayIN7Compass9mag_stateELj4E14typesafe_indexIh14TAG_StateIndexEEixERKS4_ @ 0xaa7790
GUIDED: _ZNK14typesafe_indexIh14TAG_StateIndexEeqERKh @ 0xaa7810
GUIDED: _ZN8AP_Param4loadEv @ 0x609240
GUIDED: _ZN8AP_Param7set_keyERNS_12Param_headerEt @ 0x609540
GUIDED: _ZN8AP_Param4scanEPKNS_12Param_headerEPt @ 0x6095d0
GUIDED: _ZN8AP_Param9type_sizeE11ap_var_type @ 0x609760
GUIDED: _ZNK13StorageAccess4sizeEv @ 0xaa7880
GUIDED: _ZN8AP_Param7get_keyERKNS_12Param_headerE @ 0x609800
GUIDED: _ZN8AP_Param11is_sentinalERKNS_12Param_headerE @ 0x609870
GUIDED: _ZNK19RestrictIDTypeArrayIP17CompassCalibratorLj3E14typesafe_indexIh12TAG_PriorityEEixERKS4_ @ 0xaa78d0
GUIDED: _ZN11AP_Airspeed13get_singletonEv @ 0xaa7950
GUIDED: _ZNK11AP_Airspeed13arming_checksEmPc @ 0x6099c0
GUIDED: _ZNK11AP_Airspeed7enabledEh @ 0x609bb0
GUIDED: _ZNK11AP_Airspeed3useEh @ 0x609c70
GUIDED: _ZNK11AP_Airspeed7healthyEh @ 0x609da0
GUIDED: _ZNK11AP_Airspeed11lib_enabledEv @ 0x609f20
GUIDED: _ZNK11RC_Channels19has_had_rc_receiverEv @ 0xaa79e0
GUIDED: _ZN2AP5winchEv @ 0x60a000
GUIDED: _ZNK8AP_Winch13pre_arm_checkEPch @ 0x60a040
GUIDED: _ZN8AP_Winch13get_singletonEv @ 0x60a1a0
GUIDED: _ZNK16AP_OAPathPlanner13pre_arm_checkEPch @ 0x60a1e0
GUIDED: _ZN18AC_AttitudeControl16get_angle_roll_pEv @ 0xaa7aa0
GUIDED: _ZN4AC_P2kPEv @ 0xaa7af0
GUIDED: _ZN18AC_AttitudeControl17get_angle_pitch_pEv @ 0xaa7b40
GUIDED: _ZNK11RangeFinder15has_orientationE8Rotation @ 0x60a380
GUIDED: _ZN13AC_PosControl14pre_arm_checksEPKcPch @ 0x60a520
GUIDED: _ZN18AC_AttitudeControl14pre_arm_checksEPKcPch @ 0x60a790
GUIDED: _ZN18AC_AttitudeControl15get_angle_yaw_pEv @ 0xaa7b90
GUIDED: _ZN6AC_PID2ffEv @ 0xaa7be0
GUIDED: _ZN6AC_PID2kPEv @ 0xaa7c30
GUIDED: _Z11is_negativeI9AP_ParamTIfL11ap_var_type4EEEbT_ @ 0xaa7c80
GUIDED: _ZN6AC_PID2kIEv @ 0xaa7cf0
GUIDED: _ZN6AC_PID2kDEv @ 0xaa7d40
GUIDED: _ZN13AC_PosControl12get_pos_NE_pEv @ 0xaa7d90
GUIDED: _ZN7AC_P_2D2kPEv @ 0xaa7de0
GUIDED: _ZN13AC_PosControl11get_pos_U_pEv @ 0xaa7e30
GUIDED: _ZN7AC_P_1D2kPEv @ 0xaa7e80
GUIDED: _ZN13AC_PosControl13get_vel_U_pidEv @ 0xaa7ed0
GUIDED: _ZN12AC_PID_Basic2kPEv @ 0xaa7f20
GUIDED: _ZN13AC_PosControl15get_accel_U_pidEv @ 0xaa7f70
GUIDED: _ZNK11RangeFinder13find_instanceE8Rotation @ 0x60ac70
GUIDED: _ZNK11RangeFinder11get_backendEh @ 0x60adc0
GUIDED: _ZNK9AP_Arming26send_arm_disarm_statustextEPKc @ 0x60b050
GUIDED: _ZN6Copter17set_land_completeEb @ 0x60b2d0
GUIDED: _ZN6Copter23set_land_complete_maybeEb @ 0x60b490
GUIDED: _ZN9AP_Motors5armedEb @ 0x60b530
GUIDED: _ZN9AP_Logger17set_vehicle_armedEb @ 0x60b680
GUIDED: _ZN9AP_Logger11Write_EventE8LogEvent @ 0x60b970
GUIDED: _ZN9AP_Logger18WriteCriticalBlockEPKvt @ 0x60ba00
GUIDED: _ZN2AP5statsEv @ 0x60bab0
GUIDED: _ZN8AP_Stats10set_flyingEb @ 0x60baf0
GUIDED: _ZN10AP_Vehicle17set_likely_flyingEb @ 0xaa80e0
GUIDED: _ZN8AP_Stats17update_flighttimeEv @ 0x60bbc0
GUIDED: _ZN8AP_Stats14update_runtimeEv @ 0x60bc90
GUIDED: _ZN8AP_Stats5flushEv @ 0x60bd30
GUIDED: _ZN13AP_ParamTBaseIiL11ap_var_type3EE22set_and_save_ifchangedERKi @ 0xaa8170
GUIDED: _ZN8AP_Stats13get_singletonEv @ 0xaa8200
GUIDED: _ZNK14AP_DAL_Compass9availableEv @ 0xaa8240
GUIDED: _ZNK14AP_DAL_Compass7healthyEh @ 0xaa82a0
GUIDED: _ZNK14AP_DAL_Compass11get_offsetsEh @ 0xaa8310
GUIDED: _ZNK7Vector3IdE7tofloatEv @ 0xaa8380
GUIDED: _ZNK7Vector3IdEmlEd @ 0xaa8400
GUIDED: _ZNK9AP_Arming14option_enabledENS_6OptionE @ 0xaa84a0
GUIDED: _ZNK9AP_Arming22get_rudder_arming_typeEv @ 0xaa8520
GUIDED: _ZN8AC_Fence12clear_breachEh @ 0x60ccd0
GUIDED: _ZNK9AP_Arming8is_armedEv @ 0x60cd40
GUIDED: _ZNK9AP_Arming15arming_requiredEv @ 0x60cdc0
GUIDED: _ZNK14AP_OpenDroneID7enabledEv @ 0xaa8690
GUIDED: _ZNK7AP_EnumIN9AP_Arming8RequiredEEcvKS1_Ev @ 0xaa8700
GUIDED: _ZN9AP_Arming3armENS_6MethodEb @ 0x60ce90
GUIDED: _ZN6Copter16failsafe_disableEv @ 0x60d110
GUIDED: _ZN2AP6notifyEv @ 0x60d160
GUIDED: _ZN9AP_Notify6updateEv @ 0x60d1a0
GUIDED: _ZN6Copter19init_simple_bearingEv @ 0x60d260
GUIDED: _ZNK7AP_AHRS11get_yaw_radEv @ 0xaa8750
GUIDED: _ZNK7AP_AHRS14home_is_lockedEv @ 0xaa87a0
GUIDED: _ZN6Copter28set_home_to_current_locationEb @ 0x60d4c0
GUIDED: _ZN6Copter27update_super_simple_bearingEb @ 0x60d5b0
GUIDED: _ZN11AP_SmartRTL8set_homeEb @ 0x60d6d0
GUIDED: _ZN10AC_Sprayer9test_pumpEb @ 0xaa8800
GUIDED: _ZN9AP_Logger10Write_ModeEh10ModeReason @ 0x60d780
GUIDED: _ZN6Copter15failsafe_enableEv @ 0x60d830
GUIDED: _ZN2AP8PerfInfo16ignore_this_loopEv @ 0x60d890
GUIDED: _ZN17AP_Logger_Backend10Write_ModeEh10ModeReason @ 0x60d8e0
GUIDED: _ZNK7AP_AHRS38get_relative_position_NED_origin_floatER7Vector3IfE @ 0x60d990
GUIDED: _ZN11AP_SmartRTL8set_homeEbRK7Vector3IfE @ 0x60da50
GUIDED: _ZN11AP_SmartRTL20reset_simplificationEv @ 0x60db30
GUIDED: _ZN11AP_SmartRTL13reset_pruningEv @ 0x60db90
GUIDED: _ZN11AP_SmartRTL9add_pointERK7Vector3IfE @ 0x60dc00
GUIDED: _ZN7HALSITL9Semaphore16take_nonblockingEv @ 0x60ddc0
GUIDED: _ZNK11AP_SmartRTL10log_actionENS_6ActionERK7Vector3IfE @ 0x60de50
GUIDED: _ZNK7Vector3IfE16distance_squaredERKS0_ @ 0xaa8870
GUIDED: _ZL2sqf.12922 @ 0x60df10
GUIDED: _ZN7HALSITL9Semaphore4giveEv @ 0x60df60
GUIDED: _ZN9AP_Logger10Write_SRTLEbtthRK7Vector3IfE @ 0x60e010
GUIDED: _ZN9AP_Logger10WriteBlockEPKvt @ 0x60e130
GUIDED: _ZN17AP_Logger_Backend10WriteBlockEPKvt @ 0xaa8930
GUIDED: _ZN11AP_SmartRTL15restart_pruningEt @ 0x60e1e0
GUIDED: _ZN11AP_SmartRTL22restart_simplificationEt @ 0x60e290
GUIDED: _ZN7BitmaskILt500EE6setallEv @ 0xaa89c0
GUIDED: _ZNK7AP_AHRS32get_relative_position_NED_originER7Vector3IdE @ 0x60e320
GUIDED: _ZN7Vector2IdEC2Ev @ 0xaa8a70
GUIDED: _ZNK7NavEKF38getPosNEER7Vector2IdE @ 0x60e5c0
GUIDED: _ZNK11AP_AHRS_SIM12get_locationER8Location @ 0x60e8f0
GUIDED: _ZNK8Location23get_distance_NE_postypeERKS_ @ 0x60e9e0
GUIDED: _ZN7Vector2IdEC2Edd @ 0xaa8ad0
GUIDED: _ZNK12NavEKF3_core8getPosNEER7Vector2IdE @ 0x60ead0
GUIDED: _ZNK7Vector3IdE2xyEv @ 0xaa8b50
GUIDED: _ZNK7Vector2IdE8todoubleEv @ 0xaa8ba0
GUIDED: _ZNK7Vector2IdEplERKS0_ @ 0xaa8c00
GUIDED: _ZNK10AP_DAL_GPS6statusEh @ 0xaa8c90
GUIDED: _ZNK10AP_DAL_GPS8locationEh @ 0xaa8d00
GUIDED: _ZN7Vector2IdE4zeroEv @ 0xaa8d70
GUIDED: _ZNK10AP_DAL_GPS14primary_sensorEv @ 0xaa8dd0
GUIDED: _ZN6AP_DAL10log_event2ENS_5EventE @ 0x60f420
GUIDED: _ZNK7AP_Baro15get_temperatureEh @ 0xaa9090
GUIDED: _ZN6AP_DAL9end_frameEv @ 0x60fcd0
GUIDED: _ZN6AP_DAL15WriteLogMessageE11LogMessagesPvPKvh @ 0x60fd50
GUIDED: _ZN9AP_Logger16WriteReplayBlockEhPKvt @ 0x60fe70
GUIDED: _ZNK9AP_Logger10log_replayEv @ 0xaa9100
GUIDED: _ZN6AP_DAL10log_event3ENS_5EventE @ 0x610010
GUIDED: _ZNK7AP_AHRS7cos_yawEv @ 0xaa9160
GUIDED: _ZNK7AP_AHRS7sin_yawEv @ 0xaa91b0
GUIDED: _Z11wrap_360_cdi @ 0x610200
GUIDED: _ZN6Copter10should_logEj @ 0x610270
GUIDED: _ZN6Copter14Log_Write_DataE9LogDataIDi @ 0x6102e0
GUIDED: _ZNK9AP_Logger10should_logEj @ 0x6103a0
GUIDED: _ZN9AP_Notify13get_singletonEv @ 0xaa9200
GUIDED: _ZN9AP_Arming13Log_Write_ArmEbNS_6MethodE @ 0x6104a0
GUIDED: _ZN10AP_GyroFFT18prepare_for_armingEv @ 0x610580
GUIDED: _ZN10AP_Terrain22set_reference_locationEv @ 0x6105e0
GUIDED: _ZN8AC_Fence27auto_enable_fence_on_armingEv @ 0x610710
GUIDED: _ZNK7AP_AHRS16get_velocity_NEDER7Vector3IfE @ 0x6107b0
GUIDED: _ZN10AP_Terrain23update_reference_offsetEv @ 0x610830
GUIDED: _ZNK9AP_ParamTIfL11ap_var_type4EEngEv @ 0xaa92a0
GUIDED: _ZN10AP_Terrain11height_amslERK8LocationRfb @ 0x610a70
GUIDED: _ZNK8Location10get_alt_cmENS_8AltFrameERi @ 0x610eb0
GUIDED: _ZNK8Location13get_alt_frameEv @ 0x6111f0
GUIDED: _ZNK7AP_AHRS10get_originER8Location @ 0x6112d0
GUIDED: _ZN10AP_Terrain8allocateEv @ 0x611350
GUIDED: _ZNK10AP_Terrain19calculate_grid_infoERK8LocationRNS_9grid_infoE @ 0x611470
GUIDED: _ZN10AP_Terrain15find_grid_cacheERKNS_9grid_infoE @ 0x6118e0
GUIDED: _ZN10AP_Terrain12check_bitmapERKNS_10grid_blockEhh @ 0x611bf0
GUIDED: _ZN10AP_Terrain11grid_bitnumEhh @ 0x611cb0
GUIDED: _ZNK9AP_Arming18get_enabled_checksEv @ 0x611d40
GUIDED: _ZN7HALSITL9Semaphore4takeEj @ 0x611ea0
GUIDED: _ZN6AP_HAL9Semaphore13take_blockingEv @ 0xaa9a70
GUIDED: _ZN4SITL6AS56006updateERKNS_8AircraftE @ 0x6133c0
GUIDED: _ZN4SITL17I2CRegisters_8Bit25rdwr_store_register_valueEhh @ 0xaaa890
GUIDED: _ZN4SITL17I2CRegisters_8Bit4rdwrERPNS_3I2C19i2c_rdwr_ioctl_dataE @ 0x6134b0
GUIDED: _ZNK4SITL8Aircraft12get_attitudeER11QuaternionTIfE @ 0xaaa910
GUIDED: _ZL7degreesf.21016 @ 0x613790
GUIDED: _ZN4SITL17I2CRegisters_8Bit12set_registerEhh @ 0x6137f0
GUIDED: _ZN7BitmaskILt256EE8clearallEv @ 0xaaaa50
GUIDED: _ZN4SITL9I2CDevice6updateERKNS_8AircraftE @ 0xaaab00
GUIDED: _ZN4SITL13TeraRangerI2C6updateERKNS_8AircraftE @ 0xaaaca0
GUIDED: _ZNK4SITL8Aircraft17rangefinder_rangeEv @ 0x613eb0
GUIDED: _ZL7radiansf.16135 @ 0x614390
GUIDED: _Z10rand_floatv @ 0x6143f0
GUIDED: _ZN4SITL7INA32216updateERKNS_8AircraftE @ 0x6146d0
GUIDED: _ZL15convert_voltagef @ 0x614b50
GUIDED: _ZL15convert_currentf @ 0x614c20
GUIDED: _ZN4SITL8QMC5883L6updateERKNS_8AircraftE @ 0x614e80
GUIDED: _ZN7Vector3IfE14rotate_inverseE8Rotation @ 0xaaad10
GUIDED: _ZL7htole16t.15260 @ 0x615290
GUIDED: _ZN7Vector3IsEC2Esss @ 0xaaaec0
GUIDED: _ZN4SITL10IS31FL31956updateERKNS_8AircraftE @ 0x615500
GUIDED: _ZN4SITL10IS31FL31954rdwrERPNS_3I2C19i2c_rdwr_ioctl_dataE @ 0x615630
GUIDED: _ZN4SITL10IS31FL319525rdwr_store_register_valueEhh @ 0x6156a0
GUIDED: _ZThn8_N4SITL10IS31FL319525rdwr_store_register_valueEhh @ 0x6157c0
GUIDED: _ZN4SITL17I2CRegisters_8Bit12get_registerEh @ 0xaab060
GUIDED: _ZN10SIM_RGBLED11set_coloursEhhh @ 0xaab0c0
GUIDED: _ZN4SITL6LM27556updateERKNS_8AircraftE @ 0x6161e0
GUIDED: _ZNK4SITL6LM275510LEDChannel13current_valueEv @ 0xaab2d0
GUIDED: _ZN4SITL6LP55626updateERKNS_8AircraftE @ 0x616790
GUIDED: _ZN4SITL6LP55624rdwrERPNS_3I2C19i2c_rdwr_ioctl_dataE @ 0xaab470
GUIDED: _ZN4SITL6LP556210LEDChannel6updateEv @ 0x616aa0
GUIDED: _ZNK4SITL6LP556210LEDChannel13current_valueEv @ 0xaab550
GUIDED: _ZN4SITL6MS5XXX6updateERKNS_8AircraftE @ 0x616b80
GUIDED: _ZN7AP_Baro37get_pressure_temperature_for_alt_amslEfRfS0_ @ 0x617b30
GUIDED: _ZN7AP_Baro29geometric_alt_to_geopotentialEf @ 0x617d10
GUIDED: _ZL33find_atmosphere_layer_by_altitudef @ 0x617d70
GUIDED: _ZN7AP_Baro33get_temperature_by_altitude_layerEfa @ 0x617e20
GUIDED: _ZN7AP_Baro29get_temperatureC_for_alt_amslEf @ 0x6189a0
GUIDED: _ZN4SITL12InvensenseV36updateERKNS_8AircraftE @ 0x618a10
GUIDED: _ZNK4SITL8ICM4060911accel_scaleEv @ 0xaabaa0
GUIDED: _ZL7radiansd.14702 @ 0x6194d0
GUIDED: _ZNK4SITL12InvensenseV310gyro_scaleEv @ 0xaabaf0
GUIDED: _ZN4SITL12InvensenseV313write_to_fifoEhPhh @ 0x619520
GUIDED: _ZN4SITL7MCP96006updateERKNS_8AircraftE @ 0x619a80
GUIDED: _ZL7htobe16t.14606 @ 0x61a050
GUIDED: _ZL10__bswap_16t.14608 @ 0x61a0a0
GUIDED: _ZNK4SITL31I2CRegisters_ConfigurableLength13get_reg_valueEhRh @ 0x61a110
GUIDED: _ZN4SITL6TSYS036updateERKNS_8AircraftE @ 0x61a560
GUIDED: _ZN4SITL6TSYS016updateERKNS_8AircraftE @ 0x61afb0
GUIDED: _ZN4SITL5SHT3x6updateERKNS_8AircraftE @ 0x61bbe0
GUIDED: _ZN4SITL13Airspeed_DLVR6updateERKNS_8AircraftE @ 0x61c460
GUIDED: _ZN4SITL29SIM_BattMonitor_SMBus_Generic6updateERKNS_8AircraftE @ 0x61cf40
GUIDED: _ZNK4SITL29SIM_BattMonitor_SMBus_Generic15connected_cellsEv @ 0xaac3e0
GUIDED: _ZN4SITL21SIM_BattMonitor_SMBus6updateERKNS_8AircraftE @ 0x61d7a0
GUIDED: _ZNK4SITL8Aircraft19get_battery_voltageEv @ 0xaac430
GUIDED: _ZN4SITL11SMBusDevice12set_registerEht @ 0xaac480
GUIDED: _ZN4SITL18I2CRegisters_16Bit12set_registerEht @ 0x61d8b0
GUIDED: _ZN4SITL11SMBusDevice12set_registerEhs @ 0xaac500
GUIDED: _ZN4SITL18I2CRegisters_16Bit12set_registerEhs @ 0x61d960
GUIDED: _ZN4SITL6Rotoye6updateERKNS_8AircraftE @ 0x61dc00
GUIDED: _ZN4SITL11SMBusDevice13get_reg_valueEh @ 0xaac7b0
GUIDED: _ZN4SITL18I2CRegisters_16Bit13get_reg_valueEh @ 0xaac820
GUIDED: _ZL7be16toht.21067 @ 0x61dcd0
GUIDED: _ZL10__bswap_16t.21068 @ 0x61dd20
GUIDED: _ZNK4SITL6Maxell15connected_cellsEv @ 0xaac8e0
GUIDED: _ZN4SITL13MaxSonarI2CXL6updateERKNS_8AircraftE @ 0xaaca20
GUIDED: _ZN4SITL10ToshibaLED6updateERKNS_8AircraftE @ 0x61dfe0
GUIDED: _ZN4SITL10ToshibaLED4rdwrERPNS_3I2C19i2c_rdwr_ioctl_dataE @ 0xaace30
GUIDED: _ZNK6AP_HAL3HAL6serialEh @ 0xaad460
GUIDED: _ZL14fill_stack_nanv @ 0x61eaa0
GUIDED: _ZN7HALSITL9Scheduler13_run_io_procsEv @ 0x61ee20
GUIDED: _ZNK7FunctorIvJEEcvbEv @ 0xaad570
GUIDED: _ZNK7FunctorIvJEEclEv @ 0xaad5d0
GUIDED: _ZN7HALSITL16I2CDeviceManager11_timer_tickEv @ 0x61f030
GUIDED: _ZN2AP2RCEv @ 0x61f0d0
GUIDED: _ZN13AP_RCProtocol6updateEv @ 0x61f180
GUIDED: _ZN13AP_RCProtocol16check_added_uartEv @ 0x61f1d0
GUIDED: _ZNK13AP_RCProtocol13should_searchEj @ 0x61f440
GUIDED: _ZN21AP_RCProtocol_Backend9new_inputEv @ 0x61fc00
GUIDED: _ZNK17AP_RCProtocol_FDM6activeEv @ 0xaad870
GUIDED: _ZN6I2CBus11_timer_tickEv @ 0x61fe10
GUIDED: _ZN9AP_Logger6WriteVEPKcS1_S1_S1_S1_P13__va_list_tagbb @ 0x61ff40
GUIDED: _ZN9AP_Logger16msg_fmt_for_nameEPKcS1_S1_S1_S1_bb @ 0x620140
GUIDED: _ZN17AP_Logger_Backend5WriteEhP13__va_list_tagbb @ 0x620a30
GUIDED: _ZNK9AP_Logger24assert_same_fmt_for_nameEPKNS_13log_write_fmtEPKcS4_S4_S4_S4_ @ 0x6215b0
GUIDED: _ZNK9AP_Logger18find_free_msg_typeEv @ 0x621a60
GUIDED: _ZNK9AP_Logger18Write_calc_msg_lenEPKc @ 0x621b10
GUIDED: _ZL3MINImmEDTqultfp_fp0_fp_fp0_ERKT_RKT0_.6325 @ 0x621da0
GUIDED: _ZN9AP_Logger18validate_structureEPK12LogStructures @ 0x621e20
GUIDED: _ZN3GCS14update_receiveEv @ 0x622920
GUIDED: _ZN3GCS11update_sendEv @ 0x6229d0
GUIDED: _ZN19MissionItemProtocol6updateEv @ 0x622d10
GUIDED: _ZN11GCS_MAVLINK11update_sendEv @ 0x622ee0
GUIDED: _ZN3GCS18service_statustextEv @ 0x6232c0
GUIDED: _ZN3GCS15StatusTextQueue9semaphoreEv @ 0xaadad0
GUIDED: _ZNK11ObjectArrayIN3GCS12statustext_tEE8is_emptyEv @ 0xaadb20
GUIDED: _ZN11GCS_MAVLINK18service_statustextEv @ 0x623430
GUIDED: _ZN3GCS15StatusTextQueue5pruneEv @ 0x623670
GUIDED: _ZNK11ObjectArrayIN3GCS12statustext_tEE9availableEv @ 0xaadb80
GUIDED: _ZN11ObjectArrayIN3GCS12statustext_tEEixEt @ 0xaadbd0
GUIDED: _ZN11ObjectArrayIN3GCS12statustext_tEE6removeEt @ 0xaadc70
GUIDED: _ZN3GCS16statustext_queueEv @ 0xaade70
GUIDED: _Z14comm_chan_lock17mavlink_channel_t @ 0x6237a0
GUIDED: _ZL27mavlink_msg_statustext_send17mavlink_channel_thPKcth @ 0x623800
GUIDED: _ZL16mav_array_memcpyPvPKvm.6783 @ 0x6238e0
GUIDED: _ZN9AP_Logger15handle_log_sendEv @ 0x623980
GUIDED: _ZN22GCS_MAVLINK_InProgress11check_tasksEv @ 0x624050
GUIDED: _ZNK3GCS11out_of_timeEv @ 0x624240
GUIDED: _ZN11GCS_MAVLINK30deferred_message_to_send_indexEt @ 0x624320
GUIDED: _ZN11GCS_MAVLINK19do_try_send_messageE10ap_message @ 0x624500
GUIDED: _ZNK7BitmaskILt91EE9first_setEv @ 0xaadec0
GUIDED: _ZN7BitmaskILt91EE5clearEt @ 0xaadf90
GUIDED: _ZN11GCS_MAVLINK36next_deferred_bucket_message_to_sendEt @ 0x624630
GUIDED: _ZNK7BitmaskILt91EE5countEv @ 0xaae050
GUIDED: _ZNK11GCS_MAVLINK26get_reschedule_interval_msERKNS_25deferred_message_bucket_tE @ 0x624760
GUIDED: _ZN11GCS_MAVLINK24find_next_bucket_to_sendEt @ 0x624860
GUIDED: _ZN7BitmaskILt91EEaSERKS0_ @ 0xaae120
GUIDED: _ZNK11GCS_MAVLINK24requesting_mission_itemsEv @ 0x624a30
GUIDED: _ZN7GCS_FTP16get_last_send_msE17mavlink_channel_t @ 0x624b20
GUIDED: _ZNK7BitmaskILt91EE8validateEt @ 0xaae260
GUIDED: _ZNK11GCS_MAVLINK17telemetry_delayedEv @ 0x624cc0
GUIDED: _ZNK3GCS11telem_delayEv @ 0xaae2f0
GUIDED: _ZN14AP_BoardConfig15in_config_errorEv @ 0xaae350
GUIDED: _ZNK12AP_Scheduler19time_available_usecEv @ 0x624d90
GUIDED: _ZN2AP2FSEv @ 0x625010
GUIDED: _ZN19AP_Filesystem_Posix4openEPKcib @ 0x6250b0
GUIDED: _ZN19AP_Filesystem_Posix5closeEi @ 0x625240
GUIDED: _ZN19AP_Filesystem_Posix5writeEiPKvj @ 0x6253b0
GUIDED: _ZN19AP_Filesystem_Posix5fsyncEi @ 0x625480
GUIDED: _ZN19AP_Filesystem_Posix5lseekEiii @ 0x625520
GUIDED: _ZN19AP_Filesystem_Posix4statEPKcP4stat @ 0x6255f0
GUIDED: _ZN19AP_Filesystem_Posix5mkdirEPKc @ 0x6257b0
GUIDED: _ZN21AP_Filesystem_Backend17bytes_until_fsyncEi @ 0xaae390
GUIDED: _ZN19AP_Filesystem_Posix9disk_freeEPKc @ 0x625ba0
GUIDED: _ZN19AP_Filesystem_Posix10disk_spaceEPKc @ 0x625cb0
GUIDED: _ZN21AP_Filesystem_Backend9load_fileEPKc @ 0x625ee0
GUIDED: _ZNK21AP_Filesystem_Backend15file_op_allowedEv @ 0x6262d0
GUIDED: _ZL12map_filenamePKc @ 0x626370
GUIDED: _ZL17map_filename_freePKc @ 0x626410
GUIDED: _Z16comm_get_txspace17mavlink_channel_t @ 0x626560
GUIDED: _ZL28mavlink_msg_command_ack_send17mavlink_channel_tthhihh.6806 @ 0x6265f0
GUIDED: _ZN13AP_Filesystem4statEPKcP4stat @ 0x6266e0
GUIDED: _ZN11GCS_MAVLINK23set_ap_message_intervalE10ap_messaget @ 0x626a60
GUIDED: _ZNK11GCS_MAVLINK20cap_message_intervalEt @ 0x626e80
GUIDED: _ZNK11GCS_MAVLINK26get_deferred_message_indexE10ap_message @ 0x626f50
GUIDED: _ZNK7BitmaskILt91EE3getEt @ 0xaae5d0
GUIDED: _ZN7BitmaskILt91EE3setEt @ 0xaae6a0
GUIDED: _ZN12AP_Scheduler18get_loop_period_usEv @ 0xaae760
GUIDED: _ZdaPv @ 0x627240
GUIDED: _ZN13AP_Filesystem4openEPKcib @ 0x6272a0
GUIDED: _ZN13AP_Filesystem5closeEi @ 0x627750
GUIDED: _ZNK13AP_Filesystem13backend_by_fdERi @ 0x6277d0
GUIDED: _ZNK13AP_Filesystem15backend_by_pathERPKc @ 0x6278a0
GUIDED: _ZnamRKSt9nothrow_t @ 0x627b10
GUIDED: _ZN11GCS_MAVLINK39initialise_message_intervals_for_streamENS_7streamsE @ 0x627b90
GUIDED: _ZNK11GCS_MAVLINK23get_interval_for_streamENS_7streamsE @ 0x627d90
GUIDED: _ZNK11GCS_MAVLINK8get_chanEv @ 0xaae800
GUIDED: _ZN11GCS_MAVLINK12send_messageE10ap_message @ 0x628840
GUIDED: _ZN11GCS_MAVLINK22save_signing_timestampEb @ 0x628950
GUIDED: _ZNK11GCS_MAVLINK12is_streamingEv @ 0xaae8f0
GUIDED: _ZN11GCS_MAVLINK16signing_key_loadER10SigningKey @ 0x628a80
GUIDED: _ZNK13StorageAccess11write_blockEtPKvm @ 0x628be0
GUIDED: _ZN8AC_Fence9polyfenceEv @ 0x6299e0
GUIDED: _ZN35LoggerMessageWriter_Write_Polyfence5resetEv @ 0x62ad70
GUIDED: _ZN19LoggerMessageWriter5resetEv @ 0x62ade0
GUIDED: _ZNK13StorageAccess10write_byteEth @ 0x62b510
GUIDED: _Z9check_lati @ 0x62b610
GUIDED: _Z9check_lngi @ 0x62b680
GUIDED: _ZN19AC_PolyFence_loader13check_indexedEv @ 0x62b6f0
GUIDED: _ZNK19AC_PolyFence_loader16num_stored_itemsEv @ 0xaaf050
GUIDED: _ZN39LoggerMessageWriter_WriteAllRallyPoints5resetEv @ 0x62c760
GUIDED: _ZNK8AP_Rally15get_rally_totalEv @ 0xaaf3b0
GUIDED: _ZN38LoggerMessageWriter_WriteEntireMission5resetEv @ 0x62d7d0
GUIDED: _ZN10AP_Mission21write_home_to_storageEv @ 0x62f1d0
GUIDED: _ZN10AP_Mission20write_cmd_to_storageEtRKNS_15Mission_CommandE @ 0x62f2d0
GUIDED: _ZNK10AP_Mission16num_commands_maxEv @ 0xaaf600
GUIDED: _ZNK13StorageAccess12write_uint16Ett @ 0x62f650
GUIDED: _Z11is_negativeIfEbT_ @ 0xaaf650
GUIDED: _ZN10AP_Mission26mission_cmd_to_mavlink_intERKNS_15Mission_CommandER28__mavlink_mission_item_int_t @ 0x62fb80
GUIDED: _ZN11GCS_MAVLINK14update_receiveEj @ 0x631270
GUIDED: _ZN3GCS15update_passthruEv @ 0x631740
GUIDED: _ZN16AP_SerialManager12get_passthruERPN6AP_HAL10UARTDriverES3_RhRjS5_ @ 0x631c70
GUIDED: _ZN6AP_HAL10UARTDriver11read_lockedEPhmj @ 0x6326f0
GUIDED: _ZNK11GCS_MAVLINK6lockedEv @ 0xaaf990
GUIDED: _ZNK7FunctorIbJhPN6AP_HAL10UARTDriverEEEcvbEv @ 0xaaf9f0
GUIDED: _ZN11GCS_MAVLINK14channel_bufferEv @ 0xaafad0
GUIDED: mavlink_frame_char_buffer @ 0x632dd0
GUIDED: _ZN12AP_Scripting14handle_messageERK17__mavlink_message17mavlink_channel_t @ 0x633670
GUIDED: _ZN11GCS_MAVLINK13send_timesyncEv @ 0x633860
GUIDED: _ZN11GCS_MAVLINK17log_mavlink_statsEv @ 0x6338d0
GUIDED: _ZNK11GCS_MAVLINK15signing_enabledEv @ 0x633a50
GUIDED: _ZNK11GCS_MAVLINK21timesync_timestamp_nsEv @ 0x633af0
GUIDED: _ZL25mavlink_msg_timesync_send17mavlink_channel_tll @ 0x633b50
GUIDED: mavlink_start_checksum @ 0x633bf0
GUIDED: mavlink_update_checksum @ 0x633c50
GUIDED: _ZL12count_commasPKc @ 0x634120
GUIDED: _ZNK9AP_Logger21labels_string_is_goodEPKc @ 0x6341c0
GUIDED: _ZNK9AP_Logger15msg_type_in_useEh @ 0x634590
GUIDED: _Z9fill_nanfPft @ 0x634690
GUIDED: _ZN10ByteBuffer7advanceEj @ 0x637720
GUIDED: _ZN5Empty11OpticalFlow9push_gyroEfff @ 0xab09a0
GUIDED: _ZN5Empty11OpticalFlow14push_gyro_biasEff @ 0xab0a10
GUIDED: _ZN6AP_HAL4Util14set_soft_armedEb @ 0x638240
GUIDED: _ZNK7HALSITL4Util18was_watchdog_resetEv @ 0xab0ce0
GUIDED: _ZN7HALSITL4Util19safety_switch_stateEv @ 0x6383d0
GUIDED: _ZN7HALSITL4Util13get_system_idEPc @ 0x6384c0
GUIDED: _ZN7HALSITL4Util25get_system_id_unformattedEPhRh @ 0x638540
GUIDED: _ZN7HALSITL4Util16available_memoryEv @ 0xab11d0
GUIDED: _ZN6AP_HAL4Util11thread_infoER15ExpandingString @ 0xab1290
GUIDED: _ZN6AP_HAL4Util8dma_infoER15ExpandingString @ 0xab12f0
GUIDED: _ZN6AP_HAL4Util8mem_infoER15ExpandingString @ 0xab1350
GUIDED: _ZN7HALSITL4Util9uart_infoER15ExpandingString @ 0x638860
GUIDED: _ZN7HALSITL4Util8uart_logEv @ 0x6389b0
GUIDED: _ZN6AP_HAL4Util10timer_infoER15ExpandingString @ 0xab1490
GUIDED: _ZN6AP_HAL4Util14log_stack_infoEv @ 0xab1570
GUIDED: _ZN6AP_HAL10UARTDriver9log_statsEhRNS0_12StatsTrackerEj @ 0x638b80
GUIDED: _ZN6AP_HAL10UARTDriver12StatsTracker11ByteTracker6updateEj @ 0x638d20
GUIDED: _ZNK7HALSITL10SITL_State12get_instanceEv @ 0xab15c0
GUIDED: _ZN7HALSITL8RCOutput20_safety_switch_stateEv @ 0xab1610
GUIDED: _ZNK7HALSITL9Semaphore11check_ownerEv @ 0x63a2e0
GUIDED: _ZN7HALSITL9I2CDevice8transferEPKhjPhj @ 0x63a8f0
GUIDED: _ZN7HALSITL9I2CDevice9_transferEPKhjPhj @ 0x63acf0
GUIDED: _ZN6I2CBus5ioctlEhPv @ 0xab34f0
GUIDED: _ZN6I2CBus6_ioctlEhPv @ 0x63afc0
GUIDED: _ZN4SITL3SIM9i2c_ioctlEhPv @ 0xab3570
GUIDED: _ZN4SITL3I2C5ioctlEhPv @ 0x63b040
GUIDED: _ZN4SITL3I2C10ioctl_rdwrEPNS0_19i2c_rdwr_ioctl_dataE @ 0x63b0d0
GUIDED: _ZN6AP_HAL10UARTDriver5writeEPKhm @ 0x63b250
GUIDED: _ZN6AP_HAL10UARTDriver9availableEv @ 0x63b390
GUIDED: _ZN6AP_HAL10UARTDriver4readEv @ 0x63b410
GUIDED: _ZN6AP_HAL10UARTDriver4readERh @ 0x63b490
GUIDED: _ZN6AP_HAL10UARTDriver4readEPht @ 0x63b590
GUIDED: _ZN7HALSITL10UARTDriver7txspaceEv @ 0x63b600
GUIDED: _ZN7HALSITL10UARTDriver11_timer_tickEv @ 0x63b980
GUIDED: _ZN7HALSITL10UARTDriver26receive_time_constraint_usEt @ 0x63b9e0
GUIDED: _ZN7HALSITL10UARTDriver9uart_infoER15ExpandingStringRN6AP_HAL10UARTDriver12StatsTrackerEj @ 0x63bba0
GUIDED: _ZN7HALSITL10UARTDriver6_writeEPKhm @ 0x63c6b0
GUIDED: _ZN7HALSITL10UARTDriver5_readEPht @ 0x63c880
GUIDED: _ZN7HALSITL10UARTDriver10_availableEv @ 0x63ca70
GUIDED: _ZNK7HALSITL10UARTDriver18get_total_tx_bytesEv @ 0xab3da0
GUIDED: _ZNK7HALSITL10UARTDriver18get_total_rx_bytesEv @ 0xab3df0
GUIDED: _ZNK6AP_HAL10UARTDriver26get_total_dropped_rx_bytesEv @ 0xab3e40
GUIDED: _ZN7HALSITL10UARTDriver17_check_connectionEv @ 0x63cb60
GUIDED: _ZN7HALSITL10UARTDriver13_select_checkEi @ 0x63cca0
GUIDED: _ZN10ByteBuffer4readEPhj @ 0x63ceb0
GUIDED: _ZN7HALSITL10UARTDriver41handle_writing_from_writebuffer_to_deviceEv @ 0x63cf50
GUIDED: _ZN7HALSITL10UARTDriver16_check_reconnectEv @ 0x63d300
GUIDED: _ZL3MINIjjEDTqultfp_fp0_fp_fp0_ERKT_RKT0_.13888 @ 0x63d700
GUIDED: _ZNK4SITL12SerialDevice15write_to_deviceEPKcm @ 0x63d780
GUIDED: _ZNK4SITL12SerialDevice18write_to_autopilotEPKcm @ 0x640ae0
GUIDED: _ZNK4SITL12SerialDevice13is_match_baudEv @ 0x640ba0
GUIDED: _ZNK4SITL3GPS18write_to_autopilotEPKcm @ 0x640cd0
GUIDED: _ZNK4SITL3GPS11device_baudEv @ 0x640ef0
GUIDED: _ZNK8Location31get_vector_xy_from_origin_NE_cmI7Vector2IfEEEbRT_ @ 0xab5320
GUIDED: _Z8wrap_180IdET_S0_ @ 0xab5430
GUIDED: _ZNK7Vector2IfEplERKS0_ @ 0xab5890
GUIDED: _Z8wrap_360d @ 0x643d80
GUIDED: _ZNK4SITL12SerialDevice19read_from_autopilotEPcm @ 0x643e20
GUIDED: _Z7is_zerod @ 0xab7560
GUIDED: _ZN7HALSITL10UARTDriver40handle_reading_from_device_to_readbufferEv @ 0x649710
GUIDED: _ZNK4SITL12SerialDevice16read_from_deviceEPcm @ 0x649ba0
GUIDED: _ZN7HALSITL8AnalogIn13board_voltageEv @ 0xab8a70
GUIDED: _ZN6AP_HAL8AnalogIn17servorail_voltageEv @ 0xab8ac0
GUIDED: _ZN6AP_HAL8AnalogIn18power_status_flagsEv @ 0xab8b10
GUIDED: _ZN7HALSITL9ADCSource7set_pinEh @ 0x64a7e0
GUIDED: _ZN7HALSITL9ADCSource15voltage_averageEv @ 0x64a860
GUIDED: _ZN7HALSITL9ADCSource14voltage_latestEv @ 0x64a8b0
GUIDED: _ZNK7HALSITL4GPIO9valid_pinEh @ 0xab8dc0
GUIDED: _ZN7HALSITL4GPIO13usb_connectedEv @ 0x64b010
GUIDED: _ZNK6AP_HAL4GPIO13arming_checksEmPc @ 0xab9140
GUIDED: _ZN7HALSITL8RCOutput9enable_chEh @ 0x64b410
GUIDED: _ZN7HALSITL8RCOutput10disable_chEh @ 0x64b4a0
GUIDED: _ZN7HALSITL8RCOutput5writeEht @ 0x64b530
GUIDED: _ZN6AP_HAL8RCOutput20update_channel_masksEv @ 0xab94f0
GUIDED: _ZN7HALSITL8RCOutput4corkEv @ 0x64b660
GUIDED: _ZN7HALSITL8RCOutput4pushEv @ 0x64b6f0
GUIDED: _ZN7HALSITL8RCOutput4readEh @ 0x64b820
GUIDED: _ZN7HALSITL8RCOutput4readEPth @ 0x64b8b0
GUIDED: _ZNK6AP_HAL8RCOutput22get_output_mode_bannerEPch @ 0xab9cd0
GUIDED: _ZN6AP_HAL8RCOutput16set_default_rateEt @ 0xab9d90
GUIDED: _ZN17AP_ESC_Telem_SITL6updateEv @ 0x64bcd0
GUIDED: _ZL3MAXIffEDTqugtfp_fp0_fp_fp0_ERKT_RKT0_.20563 @ 0x64bea0
GUIDED: _ZN20AP_ESC_Telem_Backend10update_rpmEhff @ 0x64bf20
GUIDED: _ZN20AP_ESC_Telem_Backend17update_telem_dataEhRKNS_13TelemetryDataEt @ 0x64bfb0
GUIDED: _ZN12AP_ESC_Telem17update_telem_dataEhRKN20AP_ESC_Telem_Backend13TelemetryDataEt @ 0x64c040
GUIDED: _ZN12AP_ESC_Telem10update_rpmEhff @ 0x64c320
GUIDED: _ZL3MAXIjjEDTqugtfp_fp0_fp_fp0_ERKT_RKT0_.10200 @ 0x64c480
GUIDED: _Z16constrain_uint32jjj @ 0xaba2c0
GUIDED: _Z15constrain_valueIjET_S0_S0_S0_ @ 0xaba330
GUIDED: _ZN7HALSITL7RCInput9new_inputEv @ 0x64c610
GUIDED: _ZN7HALSITL7RCInput12num_channelsEv @ 0x64c670
GUIDED: _ZN7HALSITL7RCInput4readEh @ 0x64c6d0
GUIDED: _ZN13AP_RCProtocol4readEh @ 0x64c980
GUIDED: _ZN21AP_RCProtocol_Backend4readEh @ 0x64ca10
GUIDED: _ZN13AP_RCProtocol12num_channelsEv @ 0x64ca70
GUIDED: _ZNK21AP_RCProtocol_Backend12num_channelsEv @ 0x64caf0
GUIDED: _ZN13AP_RCProtocol9new_inputEv @ 0x64cb40
GUIDED: _ZN13AP_RCProtocol21detect_async_protocolENS_12rcprotocol_tE @ 0x64cd00
GUIDED: _ZNK13AP_RCProtocol10using_uartEv @ 0xaba8c0
GUIDED: _ZNK13AP_RCProtocol22detected_protocol_nameEv @ 0x64cee0
GUIDED: _ZN13AP_RCProtocol27protocol_name_from_protocolENS_12rcprotocol_tE @ 0x64cf30
GUIDED: _ZN17AP_RCProtocol_FDM6updateEv @ 0x64d950
GUIDED: _ZN21AP_RCProtocol_Backend9add_inputEhPtbss @ 0x64db30
GUIDED: _ZL3MINIhiEDTqultfp_fp0_fp_fp0_ERKT_RKT0_.20159 @ 0x64dc90
GUIDED: _ZN13AP_RCProtocol19set_failsafe_activeEb @ 0xabb290
GUIDED: _ZN21AP_RCProtocol_Backend6updateEv @ 0xabb3a0
GUIDED: _ZN17AP_RCProtocol_UDP6updateEv @ 0x64dd10
GUIDED: _ZN17AP_RCProtocol_UDP21read_all_socket_inputEv @ 0x64df70
GUIDED: _ZN16SocketAPM_native4recvEPvmj @ 0x64e210
GUIDED: _ZN16SocketAPM_native6pollinEj @ 0x64e440
GUIDED: _ZNK16SocketAPM_native11get_read_fdEv @ 0xabb4d0
GUIDED: _ZN18AP_RCProtocol_GHST6updateEv @ 0x64eca0
GUIDED: _ZN3GCS23get_sensor_status_flagsERjS0_S0_ @ 0x650960
GUIDED: _ZN3GCS26update_sensor_status_flagsEv @ 0x650a20
GUIDED: _ZNK7AP_AHRS11initialisedEv @ 0x6511e0
GUIDED: _ZNK7AP_Baro13num_instancesEv @ 0xabbb60
GUIDED: _ZNK6AP_GPS10is_healthyEv @ 0xabbbb0
GUIDED: _ZNK14AP_BattMonitor13num_instancesEv @ 0xabbc10
GUIDED: _ZNK14AP_BattMonitor7healthyEv @ 0x651310
GUIDED: _ZNK17AP_InertialSensor11calibratingEv @ 0x651400
GUIDED: _ZNK9AP_Logger15logging_enabledEv @ 0x6514d0
GUIDED: _ZNK6AP_GPS15logging_presentEv @ 0xabbc60
GUIDED: _ZNK6AP_GPS15logging_enabledEv @ 0xabbcd0
GUIDED: _ZNK6AP_GPS14logging_failedEv @ 0x6515a0
GUIDED: _ZNK7AP_AHRS12get_ekf_typeEv @ 0xabbd40
GUIDED: _ZNK8AC_Fence18sys_status_enabledEv @ 0x651680
GUIDED: _ZNK8AC_Fence18sys_status_presentEv @ 0x651720
GUIDED: _ZNK8AC_Fence17sys_status_failedEv @ 0x651780
GUIDED: _ZNK11AP_Airspeed7enabledEv @ 0xabbda0
GUIDED: _ZN2AP11opticalflowEv @ 0x6518d0
GUIDED: _ZNK14AP_OpticalFlow7healthyEv @ 0xabbeb0
GUIDED: _ZN2AP6armingEv @ 0x651910
GUIDED: _ZNK11RC_Channels22has_ever_seen_rc_inputEv @ 0xabbf30
GUIDED: _ZN9AP_Arming13get_singletonEv @ 0x651950
GUIDED: _ZN14AP_OpticalFlow13get_singletonEv @ 0xabbf90
GUIDED: _ZN2AP8airspeedEv @ 0x651990
GUIDED: _ZNK8AC_Fence12get_breachesEv @ 0xabc060
GUIDED: _ZNK7AP_EnumIN8AC_Fence6ActionEEcvKS1_Ev @ 0xabc0b0
GUIDED: _ZNK14AP_BattMonitor7healthyEh @ 0x651a50
GUIDED: _ZNK6AP_GPS8num_satsEv @ 0xabc2c0
GUIDED: _ZNK6AP_GPS8num_satsEh @ 0xabc320
GUIDED: _ZNK14AP_BattMonitor7voltageEh @ 0x652740
GUIDED: _ZNK14AP_BattMonitor12current_ampsERfh @ 0x6527e0
GUIDED: _ZNK14AP_BattMonitor12consumed_mahERfh @ 0x6528d0
GUIDED: _ZN2AP9fwversionEv @ 0x652cd0
GUIDED: _ZN12AP_FWVersion10get_fwverzEv @ 0xabc570
GUIDED: _ZN9AP_Logger14WriteStreamingEPKcS1_S1_z @ 0x6535f0
GUIDED: _ZN22AP_RCProtocol_DroneCAN6updateEv @ 0x653850
GUIDED: _ZNK16AP_SerialManager11find_serialENS_14SerialProtocolEh @ 0x654c40
GUIDED: _ZN2AP3srvEv @ 0x657f90
GUIDED: _ZN12SRV_Channels4corkEv @ 0x657fd0
GUIDED: _ZN12SRV_Channels4pushEv @ 0x658030
GUIDED: _ZN16AP_Volz_Protocol6updateEv @ 0x6581e0
GUIDED: _ZN10AP_SBusOut6updateEv @ 0x6584b0
GUIDED: _ZN15AP_RobotisServo6updateEv @ 0x658630
GUIDED: _ZN16AP_FETtecOneWire6updateEv @ 0x6588a0
GUIDED: _ZN2AP6kdecanEv @ 0x658b90
GUIDED: _ZN9AP_KDECAN6updateEv @ 0x658bd0
GUIDED: _ZN12SRV_Channels12find_channelEN11SRV_Channel8FunctionERh @ 0x6595b0
GUIDED: _ZN11SRV_Channel8calc_pwmEf @ 0x659680
GUIDED: _ZN9AP_KDECAN13get_singletonEv @ 0xabec80
GUIDED: _ZN16AP_FETtecOneWire4initEv @ 0x65b340
GUIDED: _ZN16AP_FETtecOneWire9init_uartEv @ 0x65c910
GUIDED: _ZN12SRV_Channels13get_singletonEv @ 0xabf6e0
GUIDED: _ZNK10AP_Mission21get_current_nav_indexEv @ 0xabfa70
GUIDED: _ZNK7AP_AHRS13wind_estimateEv @ 0xabfaf0
GUIDED: _ZN10AP_Terrain20height_above_terrainERfb @ 0x661600
GUIDED: _ZNK10AP_Terrain6statusEv @ 0xabfb50
GUIDED: _ZNK7AP_AHRS11groundspeedEv @ 0xabfc90
GUIDED: _ZN7AP_Baro14get_climb_rateEv @ 0x661b10
GUIDED: _ZN16DerivativeFilterIfLh7EE5slopeEv @ 0xabfd30
GUIDED: _ZNK11RangeFinder15distance_orientE8Rotation @ 0x661b80
GUIDED: _ZNK14AP_BattMonitor7voltageEv @ 0xac0800
GUIDED: _Z14float_to_int16f @ 0x663590
GUIDED: _ZNK7AP_AHRS11get_yaw_degEv @ 0xac0850
GUIDED: _ZNK7AP_AHRS28get_relative_position_D_homeERf @ 0x663710
GUIDED: _ZNK8Location9get_alt_mENS_8AltFrameERf @ 0x6638b0
GUIDED: _ZNK7AP_AHRS11_get_originER8Location @ 0x663960
GUIDED: _ZNK7AP_AHRS11_get_originENS_7EKFTypeER8Location @ 0x663a40
GUIDED: _ZNK7NavEKF312getOriginLLHER8Location @ 0x663c50
GUIDED: _ZN18AP_RCProtocol_CRSF6updateEv @ 0x666500
GUIDED: _ZN13AP_CRSF_Telem13get_singletonEv @ 0x666b30
GUIDED: _ZN13AP_CRSF_Telem13queue_messageE12MAV_SEVERITYPKc @ 0x667580
GUIDED: _ZN2AP10crsf_telemEv @ 0x66a2d0
GUIDED: _ZNK7AP_AHRS12get_roll_radEv @ 0xac1c70
GUIDED: _ZNK7AP_AHRS13get_pitch_radEv @ 0xac1cc0
GUIDED: _ZNK8AP_Param15copy_name_tokenERKNS_10ParamTokenEPcmb @ 0x66bde0
GUIDED: _ZNK8AP_Param19find_var_info_tokenERKNS_10ParamTokenEPjRPKNS_9GroupInfoERNS_12GroupNestingEPh @ 0x66bf50
GUIDED: _ZN19AP_RCProtocol_SRXL26updateEv @ 0x6700f0
GUIDED: _Z11crc16_ccittPKhjt @ 0x670cb0
GUIDED: _ZNK14AP_BattMonitor15get_temperatureERfh @ 0x6731d0
GUIDED: _ZN2AP3rtcEv @ 0x6732a0
GUIDED: _ZNK6AP_RTC12get_utc_usecERm @ 0x6733c0
GUIDED: _ZN6AP_RTC13get_singletonEv @ 0xac28d0
GUIDED: _ZN2AP9esc_telemEv @ 0x673720
GUIDED: _ZNK12AP_ESC_Telem7get_rpmEhRf @ 0x6738c0
GUIDED: _ZL3MINIffEDTqultfp_fp0_fp_fp0_ERKT_RKT0_.10179 @ 0x673a60
GUIDED: _ZNVK20AP_ESC_Telem_Backend13TelemetryData5staleEv @ 0x673b50
GUIDED: _ZN12AP_ESC_Telem13get_singletonEv @ 0x673bd0
GUIDED: _ZN17AP_RCProtocol_DSM6updateEv @ 0x6770e0
GUIDED: _ZN7HALSITL9Scheduler5delayEt @ 0x6789d0
GUIDED: _ZN7HALSITL9Scheduler18delay_microsecondsEt @ 0x678ac0
GUIDED: _ZN6AP_HAL9Scheduler24delay_microseconds_boostEt @ 0xac30b0
GUIDED: _ZN6AP_HAL9Scheduler15expect_delay_msEj @ 0xac3120
GUIDED: _ZN6AP_HAL9Scheduler9boost_endEv @ 0xac31c0
GUIDED: _ZNK6AP_HAL9Scheduler17in_delay_callbackEv @ 0xac3210
GUIDED: _ZN7HALSITL9Scheduler21is_system_initializedEv @ 0xac3270
GUIDED: _ZN7HALSITL9Scheduler10stop_clockEm @ 0x679030
GUIDED: _ZNK7HALSITL9Scheduler14in_main_threadEv @ 0x6790d0
GUIDED: _ZN7HALSITL10SITL_State10wait_clockEm @ 0x679790
GUIDED: _ZNK4SITL8Aircraft11get_speedupEv @ 0xac3420
GUIDED: _ZNK7HALSITL9Scheduler28semaphore_wait_hack_requiredEv @ 0x679940
GUIDED: _ZN7HALSITL10SITL_State15_fdm_input_stepEv @ 0x6799c0
GUIDED: _ZN7HALSITL10SITL_State16_fdm_input_localEv @ 0x679b10
GUIDED: _ZNK7HALSITL9Scheduler22interrupts_are_blockedEv @ 0xac3470
GUIDED: _ZN7HALSITL9Scheduler17sitl_begin_atomicEv @ 0xac34d0
GUIDED: _ZN7HALSITL9Scheduler11timer_eventEv @ 0xac3530
GUIDED: _ZN7HALSITL9Scheduler15sitl_end_atomicEv @ 0x679cb0
GUIDED: _ZN7HALSITL10SITL_State16_update_airspeedEf @ 0x679d50
GUIDED: _ZN7HALSITL10SITL_State19_update_rangefinderEv @ 0x67a0c0
GUIDED: _ZNK7HALSITL10SITL_State18_sonar_pin_voltageEv @ 0x67a120
GUIDED: _ZN7AP_Baro24get_EAS2TAS_for_alt_amslEf @ 0x67a290
GUIDED: _ZL2sqf.13649 @ 0x67a310
GUIDED: _ZN7AP_Baro28get_air_density_for_alt_amslEf @ 0x67a360
GUIDED: _ZL3MAXIffEDTqugtfp_fp0_fp_fp0_ERKT_RKT0_.2214 @ 0x67a530
GUIDED: _ZN7HALSITL9Scheduler16_run_timer_procsEv @ 0x67a5b0
GUIDED: _ZN7HALSITL10SITL_State17_simulator_servosER10sitl_input @ 0x67a6b0
GUIDED: _ZN4SITL11JSON_Master7receiveER10sitl_input @ 0x67b340
GUIDED: _ZN7HALSITL10SITL_State22multicast_servo_updateER10sitl_input @ 0x67b7e0
GUIDED: _ZN4SITL8Aircraft11update_homeEv @ 0x67b8c0
GUIDED: _ZN4SITL8Aircraft12update_modelERK10sitl_input @ 0x67ba20
GUIDED: _ZN4SITL8Aircraft8fill_fdmERNS_8sitl_fdmE @ 0x67bac0
GUIDED: _ZN7HALSITL8CANIface14num_interfacesEv @ 0xac3570
GUIDED: _ZNK4SITL8Aircraft20get_position_relhomeEv @ 0x67c690
GUIDED: _ZN4SITL11JSON_Master4sendERKNS_8sitl_fdmERK7Vector3IdE @ 0x67c750
GUIDED: _ZN7HALSITL17SITL_State_Common10sim_updateEv @ 0x67c9f0
GUIDED: _ZN7HALSITL10SITL_State14set_height_aglEv @ 0x67d240
GUIDED: _ZNK4SITL8Aircraft12get_locationEv @ 0xac35b0
GUIDED: _ZNK4SITL8Aircraft15get_velocity_efEv @ 0xac3600
GUIDED: _ZN4SITL3GPS6updateEv @ 0x67e610
GUIDED: _ZN4SITL12SerialDevice17init_sitl_pointerEv @ 0x67fd60
GUIDED: _ZN4SITL3GPS24check_backend_allocationEv @ 0x67fdf0
GUIDED: _ZN4SITL3GPS16interpolate_dataERKNS_8GPS_DataEj @ 0x680400
GUIDED: _ZL3MAXIifEDTqugtfp_fp0_fp_fp0_ERKT_RKT0_.14372 @ 0x680d90
GUIDED: _ZNK4SITL11GPS_Backend11device_baudEv @ 0xac3c20
GUIDED: _ZN4SITL11GPS_Backend11update_readEv @ 0x680f10
GUIDED: _ZNK4SITL11GPS_Backend18write_to_autopilotEPKcm @ 0x681260
GUIDED: _ZNK4SITL11GPS_Backend19read_from_autopilotEPcm @ 0x6812e0
GUIDED: _ZN4SITL11GPS_Backend8gps_timeEv @ 0x681d80
GUIDED: _ZNK7Vector2IdE6lengthEv @ 0xac3e40
GUIDED: _ZN4SITL11GPS_Backend18simulation_timevalEP7timeval @ 0x6826b0
GUIDED: _ZN4SITL9GPS_UBlox7publishEPKNS_8GPS_DataE @ 0x685580
GUIDED: _Z4normIddJdEEdT_T0_DpKT1_ @ 0xac44e0
GUIDED: _ZL7degreesf.14460 @ 0x686050
GUIDED: _ZN4SITL9GPS_UBlox8send_ubxEhPht @ 0x686580
GUIDED: _ZL3MAXIiiEDTqugtfp_fp0_fp_fp0_ERKT_RKT0_.14461 @ 0x686750
GUIDED: _ZNK7Vector3IfE6is_nanEv @ 0xac4560
GUIDED: _ZN7Matrix3IfE6rotateERK7Vector3IfE @ 0xac4630
GUIDED: _ZN7Matrix3IfEpLERKS0_ @ 0xac4850
GUIDED: _ZNK7Matrix3IfEplERKS0_ @ 0xac48e0
GUIDED: _Z2sqIdJddEEdT_DpKT0_ @ 0xac4a00
GUIDED: _ZNK11QuaternionTIfE8to_eulerERfS1_S1_ @ 0xac4aa0
GUIDED: _ZNK11QuaternionTIfE13get_euler_yawEv @ 0xac4bb0
GUIDED: _ZNK7Vector3IdEplERKS0_ @ 0xac55b0
GUIDED: _ZN7Vector3IdEpLERKS0_ @ 0xac5650
GUIDED: _ZN7Matrix3IdEC2Ev @ 0xac56f0
GUIDED: _ZN7Matrix3IdE10from_eulerEddd @ 0xac5770
GUIDED: _ZNK7Matrix3IdEmlERK7Vector3IdE @ 0xac5930
GUIDED: _ZNK11QuaternionTIfEmlERK7Vector3IfE @ 0xac5c30
GUIDED: _ZNK7Vector3IdEmiERKS0_ @ 0xac6120
GUIDED: _Z11wrap_360_cdf @ 0x690200
GUIDED: _ZNK7Vector3IdE6lengthEv @ 0xac6280
GUIDED: _ZN7Vector3IdE4zeroEv @ 0xac62e0
GUIDED: _ZNK4SITL8Aircraft7get_dcmEv @ 0xac6420
GUIDED: _ZNK7Matrix3IfE10transposedEv @ 0xac6470
GUIDED: _ZN7Matrix3IfE9normalizeEv @ 0xac6640
GUIDED: _ZNK8Location22get_distance_NE_doubleERKS_ @ 0x6937b0
GUIDED: _ZN7Vector3IdE2xyEv @ 0xac6910
GUIDED: _ZN7Vector2IdEpLERKS0_ @ 0xac6960
GUIDED: _ZN4SITL8Aircraft14smooth_sensorsEv @ 0x693d10
GUIDED: _ZL7degreesf.16169 @ 0x694700
GUIDED: _ZNK7Matrix3IfE8to_eulerEPfS1_S1_ @ 0xac69e0
GUIDED: _ZNK7AP_EnumI8RotationEcvKS0_Ev @ 0xac6b00
GUIDED: _ZNK8HAL_SITL32get_uart_output_full_queue_countEv @ 0x6947d0
GUIDED: _ZNK4SITL8Aircraft16get_wall_time_usEv @ 0x694910
GUIDED: _ZNK7Vector3IdEdvEd @ 0xac6ce0
GUIDED: _ZNK11QuaternionTIfEdvERKS0_ @ 0xac6d80
GUIDED: _ZNK11QuaternionTIfE7is_zeroEv @ 0xac6fd0
GUIDED: _ZN4SITL8Aircraft12time_advanceEv @ 0x694990
GUIDED: _ZN4SITL8Aircraft15sync_frame_timeEv @ 0x694a30
GUIDED: _ZN9AP_Logger14WriteStreamingEPKcS1_S1_S1_S1_z @ 0x694d30
GUIDED: _ZL3MAXI9AP_ParamTIfL11ap_var_type4EEdEDTqugtfp_fp0_fp_fp0_ERKT_RKT0_.13490 @ 0x6950a0
GUIDED: _Z21calc_lowpass_alpha_dtff @ 0x695140
GUIDED: _ZL3MAXIfiEDTqugtfp_fp0_fp_fp0_ERKT_RKT0_.13491 @ 0x695270
GUIDED: _ZNK4SITL16FETtecOneWireESC7enabledEv @ 0xac70a0
GUIDED: _ZNK4SITL4Volz7enabledEv @ 0xac7110
GUIDED: _ZN7HALSITL17SITL_State_Common22update_voltage_currentER10sitl_inputf @ 0x695540
GUIDED: _ZN8AP_Param18eeprom_write_checkEPKvth @ 0x697f70
GUIDED: _ZN13AP_Filesystem9load_fileEPKc @ 0x6980a0
GUIDED: _ZNK4SITL8Aircraft22rangefinder_beam_widthEv @ 0xac9010
GUIDED: _ZNK4SITL8Aircraft45perpendicular_distance_to_rangefinder_surfaceEv @ 0x698c90
GUIDED: _ZNK4SITL8Aircraft9on_groundEv @ 0x698d80
GUIDED: _ZNK4SITL8Aircraft4haglEv @ 0x698df0
GUIDED: _ZNK4SITL8Aircraft24ground_height_differenceEv @ 0x698ec0
GUIDED: _ZN4SITL8Aircraft15update_dynamicsERK7Vector3IfE @ 0x699730
GUIDED: _ZN4SITL8Aircraft23update_external_payloadERK10sitl_input @ 0x69a7b0
GUIDED: _ZN4SITL8Aircraft15update_positionEv @ 0x69ac40
GUIDED: _ZN4SITL8Aircraft11update_windERK10sitl_input @ 0x69add0
GUIDED: _ZN4SITL8Aircraft19update_mag_field_bfEv @ 0x69b260
GUIDED: _ZNK8Location23get_distance_NED_doubleERKS_ @ 0x69b650
GUIDED: _ZN4SITL8Aircraft17get_local_updraftERK7Vector3IdE @ 0x69b770
GUIDED: _ZN7Vector2IdEmIERKS0_ @ 0xac9060
GUIDED: _ZNK4SITL7Sprayer10is_enabledEv @ 0xac90f0
GUIDED: _ZN4SITL3I2C6updateERKNS_8AircraftE @ 0x69c030
GUIDED: _ZNK4SITL6Buzzer10is_enabledEv @ 0xac91a0
GUIDED: _ZNK4SITL13Gripper_Servo10is_enabledEv @ 0xac9200
GUIDED: _ZNK4SITL11Gripper_EPM10is_enabledEv @ 0xac92c0
GUIDED: _ZNK4SITL9Parachute10is_enabledEv @ 0xac9370
GUIDED: _ZNK4SITL12SIM_Precland10is_enabledEv @ 0xac93d0
GUIDED: _ZN4SITL7ShipSim6updateEv @ 0x69d000
GUIDED: _ZNK4SITL7ShipSim12get_locationER8Location @ 0x69d960
GUIDED: _ZN7Vector2IfEpLERKS0_ @ 0xac9510
GUIDED: _ZNK10DigitalLPFIfE3getEv @ 0xac96a0
GUIDED: _ZN8Location16change_alt_frameENS_8AltFrameE @ 0x6a2780
GUIDED: _ZNK7Vector3IdE14length_squaredEv @ 0xacb480
GUIDED: _ZNK7Vector3IdEmlERKS0_ @ 0xacb5f0
GUIDED: _ZNK7AP_AHRS11get_EAS2TASEv @ 0x6a3060
GUIDED: _ZL2sqf.16184 @ 0x6a30f0
GUIDED: _ZN4SITL8Aircraft19update_eas_airspeedEv @ 0x6a3140
GUIDED: _ZN4SITL7ShipSim27get_ground_speed_adjustmentERK8LocationRf @ 0x6a32d0
GUIDED: _ZN4SITL15SlungPayloadSim6updateERK7Vector3IdERKS1_IfES7_S7_ @ 0x6a35f0
GUIDED: _ZN4SITL9TetherSim6updateERK8Location @ 0x6a3780
GUIDED: _ZN4SITL8Aircraft17adjust_frame_timeEf @ 0x6a38f0
GUIDED: _ZNK7Vector3IdE7is_zeroEv @ 0xacb7a0
GUIDED: _ZN7Vector3IfE2xyEv @ 0xacb850
GUIDED: _ZN7Vector2IfE4zeroEv @ 0xacb8a0
GUIDED: _ZN7Vector3IfEmIERKS0_ @ 0xacb900
GUIDED: _ZNK7Vector3IfE14length_squaredEv @ 0xacb9a0
GUIDED: _ZNK7Vector3IfE9projectedERKS0_ @ 0xacba70
GUIDED: _ZL7radiansi.16189 @ 0x6a6880
GUIDED: _ZNK9AP_ParamTIfL11ap_var_type4EEplERKS1_ @ 0xacbbb0
GUIDED: _ZN13LowPassFilterIfE20set_cutoff_frequencyERKf @ 0xacc2d0
GUIDED: _ZN13LowPassFilterIfE5applyERKfS2_ @ 0xacc340
GUIDED: _Z11is_positived @ 0xacca50
GUIDED: _ZN4SITL8Aircraft16add_shove_forcesER7Vector3IfES3_ @ 0x6b5280
GUIDED: _ZN7Vector3IfEmLERKS0_ @ 0xacd190
GUIDED: _ZN7Vector3IfE9normalizeEv @ 0xacd230
GUIDED: _ZN13AP_Filesystem4readEiPvj @ 0x6ba150
GUIDED: _ZN7Vector3IdEmIERKS0_ @ 0xad74b0
GUIDED: _ZL7radiansd.16474 @ 0x6c76c0
GUIDED: _ZNK4SITL5Frame15get_air_densityEf @ 0x6d0740
GUIDED: _ZL2sqf.21180 @ 0x6d07a0
GUIDED: _ZN4SITL11MultiCopter6updateERK10sitl_input @ 0x6d0ff0
GUIDED: _ZN4SITL11MultiCopter16calculate_forcesERK10sitl_inputR7Vector3IfES6_ @ 0x6d1150
GUIDED: _ZN4SITL8Aircraft5Clamp7clampedERS0_RK10sitl_input @ 0x6d1270
GUIDED: _ZN4SITL5Frame19current_and_voltageERfS1_ @ 0x6d1480
GUIDED: _ZN4SITL7Battery11set_currentEf @ 0x6d15c0
GUIDED: _ZL3MAXIifEDTqugtfp_fp0_fp_fp0_ERKT_RKT0_.21086 @ 0x6d1850
GUIDED: _ZNK4SITL7Battery11get_voltageEv @ 0x6d1ae0
GUIDED: _ZNK4SITL5Motor11get_currentEv @ 0x6d1b40
GUIDED: _ZN10DigitalLPFIfE5resetERKf @ 0xad7a90
GUIDED: _ZN4SITL5Frame16calculate_forcesERKNS_8AircraftERK10sitl_inputR7Vector3IfES9_Pfb @ 0x6d1d20
GUIDED: _ZN4SITL8Aircraft16add_twist_forcesER7Vector3IfE @ 0x6d2410
GUIDED: _ZN4SITL8Aircraft19add_external_forcesER7Vector3IfE @ 0x6d2650
GUIDED: _ZNK4SITL15SlungPayloadSim21get_forces_on_vehicleER7Vector3IfE @ 0x6d2840
GUIDED: _ZNK4SITL9TetherSim21get_forces_on_vehicleER7Vector3IfE @ 0x6d28e0
GUIDED: _ZNK4SITL8Aircraft8get_gyroEv @ 0xad7b00
GUIDED: _ZNK4SITL8Aircraft19get_velocity_air_efEv @ 0xad7b50
GUIDED: _ZN4SITL5Motor16calculate_forcesERK10sitl_inputhR7Vector3IfES6_RKS5_S8_ffb @ 0x6d2980
GUIDED: _ZL7radiansd.21190 @ 0x6d35c0
GUIDED: _ZNK4SITL8Aircraft10gross_massEv @ 0xad7bf0
GUIDED: _ZNK4SITL5Motor14pwm_to_commandEf @ 0x6d3610
GUIDED: _ZL3MAXIifEDTqugtfp_fp0_fp_fp0_ERKT_RKT0_.21285 @ 0x6d36e0
GUIDED: _ZNK4SITL5Motor11calc_thrustEffff @ 0x6d3770
GUIDED: _ZL3MAXIfdEDTqugtfp_fp0_fp_fp0_ERKT_RKT0_.21287 @ 0x6d3ae0
GUIDED: _ZL2sqf.21288 @ 0x6d3b80
GUIDED: _ZN7HALSITL7Storage10read_blockEPvtm @ 0x6d9fa0
GUIDED: _ZN7HALSITL7Storage11write_blockEtPKvm @ 0x6da070
GUIDED: _ZN7HALSITL7Storage11_timer_tickEv @ 0x6da190
GUIDED: _ZN7HALSITL7Storage7healthyEv @ 0x6da3c0
GUIDED: _ZN7HALSITL7Storage15get_storage_ptrERPvRm @ 0x6da450
GUIDED: _ZNK7BitmaskILt2048EE5emptyEv @ 0xad8c20
GUIDED: _ZNK7BitmaskILt2048EE3getEt @ 0xad8cc0
GUIDED: _ZN10AP_RAMTRON5writeEjPKhj @ 0x6da500
GUIDED: _ZN7BitmaskILt2048EE5clearEt @ 0xad8d90
GUIDED: _ZNK8HAL_SITL25get_storage_posix_enabledEv @ 0xad8e50
GUIDED: _ZNK7BitmaskILt2048EE8validateEt @ 0xad8f10
GUIDED: _ZNK10AP_RAMTRON8get_sizeEv @ 0xad8fa0
GUIDED: _ZN7HALSITL7Storage13_storage_openEv @ 0x6dab80
GUIDED: _ZN7HALSITL7Storage11_mark_dirtyEtt @ 0x6dae90
GUIDED: _ZN7BitmaskILt2048EE3setEt @ 0xad9040
GUIDED: _ZNK15ExpandingString10get_lengthEv @ 0xad9a90
GUIDED: _ZNK15ExpandingString10get_stringEv @ 0xad9ae0
GUIDED: _ZN15ExpandingStringC2Ev @ 0xad9b80
GUIDED: _ZN17AP_Filesystem_Sys4openEPKcib @ 0x6ddd10
GUIDED: _ZN17AP_Filesystem_Sys5closeEi @ 0x6de2a0
GUIDED: _ZN17AP_Filesystem_Sys4readEiPvj @ 0x6de3a0
GUIDED: _ZN17AP_Filesystem_Sys13file_in_sysfsEPKc @ 0x6dea80
GUIDED: _ZL3MINIjjEDTqultfp_fp0_fp_fp0_ERKT_RKT0_.9786 @ 0x6debb0
GUIDED: _ZNK15ExpandingString21has_failed_allocationEv @ 0xad9ef0
GUIDED: _ZN8AP_Param9save_syncEbb @ 0x6e1600
GUIDED: _ZN19AP_Filesystem_ROMFS4openEPKcib @ 0x6e1be0
GUIDED: _ZN8AP_ROMFS15find_decompressEPKcRj @ 0x6e2d40
GUIDED: _ZN8AP_ROMFS9find_fileEPKc @ 0x6e2f20
GUIDED: _ZNK7NavEKF317option_is_enabledENS_6OptionE @ 0xada7e0
GUIDED: _ZNK6AP_DAL6millisEv @ 0xada860
GUIDED: _ZNK12NavEKF3_core10errorScoreEv @ 0x6e7890
GUIDED: _ZNK12NavEKF3_core16have_aligned_yawEv @ 0xada8b0
GUIDED: _ZNK12NavEKF3_core17have_aligned_tiltEv @ 0xada910
GUIDED: _ZNK12NavEKF3_core19getLastPosDownResetERf @ 0x6e8070
GUIDED: _ZNK12NavEKF3_core24getLastPosNorthEastResetER7Vector2IfE @ 0x6e80e0
GUIDED: _ZNK7Vector2IdEmiERKS0_ @ 0xada970
GUIDED: _ZNK12NavEKF3_core20getLastYawResetAngleERf @ 0x6e8170
GUIDED: _ZNK12NavEKF3_core14getEulerAnglesER7Vector3IfE @ 0x6e81e0
GUIDED: _ZNK11QuaternionTIdE8to_eulerER7Vector3IfE @ 0xadaa00
GUIDED: _ZNK6AP_DAL8get_trimEv @ 0xadaa80
GUIDED: _ZNK11QuaternionTIdE8to_eulerERfS1_S1_ @ 0xadaae0
GUIDED: _ZNK11QuaternionTIdE14get_euler_rollEv @ 0xadaba0
GUIDED: _ZNK11QuaternionTIdE15get_euler_pitchEv @ 0xadac50
GUIDED: _ZNK11QuaternionTIdE13get_euler_yawEv @ 0xadacd0
GUIDED: _Z9safe_asinIdEfT_ @ 0xadad80
GUIDED: _ZL3MAXIfdEDTqugtfp_fp0_fp_fp0_ERKT_RKT0_.4771 @ 0x6e82a0
GUIDED: _ZNK12NavEKF3_core20assume_zero_sideslipEv @ 0x6e8340
GUIDED: _ZN6AP_DAL8airspeedEv @ 0xadae60
GUIDED: _ZNK6AP_DAL15get_fly_forwardEv @ 0xadaf00
GUIDED: _ZN19RestrictIDTypeArrayIP17CompassCalibratorLj3E14typesafe_indexIh12TAG_PriorityEEixERKS4_ @ 0xadb080
GUIDED: _ZNK6AP_GPS15time_epoch_usecEv @ 0xadb990
GUIDED: _ZNK6AP_GPS9time_weekEh @ 0xadbb00
GUIDED: _ZNK6AP_GPS12time_week_msEh @ 0xadbb70
GUIDED: _ZN3GCS12send_messageE10ap_message @ 0x6f2a30
GUIDED: _ZNK6AP_GPS15time_epoch_usecEh @ 0x6f2ae0
GUIDED: _ZNK14AP_GPS_Backend16get_last_itow_msEv @ 0x6f2c50
GUIDED: _ZN6AP_GPS23istate_time_to_epoch_msEtj @ 0x6f2d10
GUIDED: _ZN11SRV_Channel14set_output_pwmEtb @ 0x6f3610
GUIDED: _ZN10AC_Sprayer3runEb @ 0x6f3700
GUIDED: _ZN7AP_ADSB13check_startupEv @ 0x6f4880
GUIDED: _ZNK7Vector2IfE6is_nanEv @ 0xadca40
GUIDED: _ZNK10AP_Gripper7enabledEv @ 0xadd630
GUIDED: _ZN10AP_Vehicle13update_armingEv @ 0x701820
GUIDED: _ZN7FunctorIvJEE14method_wrapperI10AP_VehicleXadL_ZNS2_13update_armingEvEEEEvPv @ 0xade650
GUIDED: _ZN9AP_Arming6updateEv @ 0x701870
GUIDED: _ZN8AP_Stats6updateEv @ 0x701960
GUIDED: _ZN7FunctorIvJEE14method_wrapperI8AP_StatsXadL_ZNS2_6updateEvEEEEvPv @ 0xade700
GUIDED: _ZN10AP_Filters6updateEv @ 0x701bd0
GUIDED: _ZN7FunctorIvJEE14method_wrapperI10AP_FiltersXadL_ZNS2_6updateEvEEEEvPv @ 0xade7b0
GUIDED: _ZN10AP_Vehicle17check_motor_noiseEv @ 0x702d10
GUIDED: _ZN7FunctorIvJEE14method_wrapperI10AP_VehicleXadL_ZNS2_17check_motor_noiseEvEEEEvPv @ 0xadf060
GUIDED: _ZNK10AP_GyroFFT15check_esc_noiseEv @ 0xadf110
GUIDED: _ZNK17NotchFilterParams7enabledEv @ 0xadf340
GUIDED: _ZN10AP_Vehicle13one_Hz_updateEv @ 0x7033f0
GUIDED: _ZN7FunctorIvJEE14method_wrapperI10AP_VehicleXadL_ZNS2_13one_Hz_updateEvEEEEvPv @ 0xadf390
GUIDED: _ZN12AP_Scripting6updateEv @ 0x7034d0
GUIDED: _ZN16AP_SerialManager20registered_ports_logEv @ 0x703520
GUIDED: _ZN12AP_Scripting13save_checksumEv @ 0x703600
GUIDED: _ZN10AP_Gripper6updateEv @ 0x703700
GUIDED: _ZN7FunctorIvJEE14method_wrapperI10AP_GripperXadL_ZNS2_6updateEvEEEEvPv @ 0xadf4d0
GUIDED: _ZN6AP_EFI6updateEv @ 0x703870
GUIDED: _ZN7FunctorIvJEE14method_wrapperI6AP_EFIXadL_ZNS2_6updateEvEEEEvPv @ 0xadf580
GUIDED: _ZN6AP_AIS6updateEv @ 0x703cf0
GUIDED: _ZN7FunctorIvJEE14method_wrapperI6AP_AISXadL_ZNS2_6updateEvEEEEvPv @ 0xadf630
GUIDED: _ZN8AC_Fence6updateEv @ 0x703d40
GUIDED: _ZN7FunctorIvJEE14method_wrapperI8AC_FenceXadL_ZNS2_6updateEvEEEEvPv @ 0xadf6e0
GUIDED: _ZN19AC_PolyFence_loader6updateEv @ 0x703e70
GUIDED: _ZN19AC_PolyFence_loader17load_from_storageEv @ 0x703f60
GUIDED: _ZN10AP_Vehicle16accel_cal_updateEv @ 0x7053c0
GUIDED: _ZN7FunctorIvJEE14method_wrapperI10AP_VehicleXadL_ZNS2_16accel_cal_updateEvEEEEvPv @ 0xadf8c0
GUIDED: _ZN17AP_InertialSensor11acal_updateEv @ 0x705490
GUIDED: _ZN17AP_InertialSensor12get_new_trimER7Vector3IfE @ 0x705560
GUIDED: _ZN20AP_TemperatureSensor6updateEv @ 0x706b60
GUIDED: _ZN7FunctorIvJEE14method_wrapperI20AP_TemperatureSensorXadL_ZNS2_6updateEvEEEEvPv @ 0xadf9c0
GUIDED: _ZN10AP_Vehicle16publish_osd_infoEv @ 0x706e20
GUIDED: _ZN7FunctorIvJEE14method_wrapperI10AP_VehicleXadL_ZNS2_16publish_osd_infoEvEEEEvPv @ 0xadfb10
GUIDED: _ZN6AP_OSD12set_nav_infoERNS_7NavInfoE @ 0x706f40
GUIDED: _ZN6AP_RPM6updateEv @ 0x706fb0
GUIDED: _ZN7FunctorIvJEE14method_wrapperI6AP_RPMXadL_ZNS2_6updateEvEEEEvPv @ 0xadfbc0
GUIDED: _ZNK6AP_RPM7Log_RPMEv @ 0x707190
GUIDED: _ZNK6AP_RPM7enabledEh @ 0x7072b0
GUIDED: _ZN14AP_OpenDroneID6updateEv @ 0x707360
GUIDED: _ZN7FunctorIvJEE14method_wrapperI14AP_OpenDroneIDXadL_ZNS2_6updateEvEEEEvPv @ 0xadfce0
GUIDED: _ZNK6AP_GPS8velocityEv @ 0xae1580
GUIDED: _ZNK7AP_AHRS18groundspeed_vectorEv @ 0xae1660
GUIDED: _ZNK8Location12check_latlngEv @ 0x70b9f0
GUIDED: _ZNK6AP_GPS19horizontal_accuracyERf @ 0xae1740
GUIDED: _ZNK6AP_GPS17vertical_accuracyERf @ 0xae17c0
GUIDED: _ZNK6AP_GPS14speed_accuracyERf @ 0xae1840
GUIDED: _ZNK6AP_GPS14speed_accuracyEhRf @ 0x70c050
GUIDED: _ZNK6AP_GPS17vertical_accuracyEhRf @ 0x70c120
GUIDED: _ZNK6AP_GPS19horizontal_accuracyEhRf @ 0x70c1f0
GUIDED: _ZNK6AP_GPS14get_undulationEhRf @ 0x70c2c0
GUIDED: _ZNK6AP_GPS8velocityEh @ 0xae18c0
GUIDED: _ZN12AP_Generator6updateEv @ 0x70c390
GUIDED: _ZN7FunctorIvJEE14method_wrapperI12AP_GeneratorXadL_ZNS2_6updateEvEEEEvPv @ 0xae1990
GUIDED: _ZN14AP_Servo_Telem6updateEv @ 0x70c400
GUIDED: _ZN7FunctorIvJEE14method_wrapperI14AP_Servo_TelemXadL_ZNS2_6updateEvEEEEvPv @ 0xae1a40
GUIDED: _ZN14AP_Servo_Telem9write_logEv @ 0x70c450
GUIDED: _ZN12AP_ESC_Telem6updateEv @ 0x70c900
GUIDED: _ZN7FunctorIvJEE14method_wrapperI12AP_ESC_TelemXadL_ZNS2_6updateEvEEEEvPv @ 0xae1af0
GUIDED: _ZNK12AP_ESC_Telem11get_raw_rpmEhRf @ 0x70cd40
GUIDED: _ZN6AP_HAL15timeout_expiredIjjmEEbT_T0_T1_ @ 0xae1ba0
GUIDED: _ZN10AP_Vehicle30send_watchdog_reset_statustextEv @ 0x70ce10
GUIDED: _ZN7FunctorIvJEE14method_wrapperI10AP_VehicleXadL_ZNS2_30send_watchdog_reset_statustextEvEEEEvPv @ 0xae1c20
GUIDED: _ZN8AP_Tramp6updateEv @ 0x70cf70
GUIDED: _ZN7FunctorIvJEE14method_wrapperI8AP_TrampXadL_ZNS2_6updateEvEEEEvPv @ 0xae1cd0
GUIDED: _ZN10AP_VideoTX6updateEv @ 0x70df50
GUIDED: _ZN7FunctorIvJEE14method_wrapperI10AP_VideoTXXadL_ZNS2_6updateEvEEEEvPv @ 0xae1f00
GUIDED: _ZN10AP_GyroFFT17update_parametersEv @ 0xae1fb0
GUIDED: _ZN7FunctorIvJEE14method_wrapperI10AP_GyroFFTXadL_ZNS2_17update_parametersEvEEEEvPv @ 0xae2000
GUIDED: _ZN10AP_GyroFFT17update_parametersEb @ 0x70e180
GUIDED: _ZN10AP_GyroFFT6updateEv @ 0x70e520
GUIDED: _ZN7FunctorIvJEE14method_wrapperI10AP_GyroFFTXadL_ZNS2_6updateEvEEEEvPv @ 0xae20b0
GUIDED: _ZN14AP_NMEA_Output6updateEv @ 0x70e6b0
GUIDED: _ZN7FunctorIvJEE14method_wrapperI14AP_NMEA_OutputXadL_ZNS2_6updateEvEEEEvPv @ 0xae2160
GUIDED: _ZN7FunctorIvJEE14method_wrapperI9AP_NotifyXadL_ZNS2_6updateEvEEEEvPv @ 0xae2210
GUIDED: _ZN7Compass10cal_updateEv @ 0x70f720
GUIDED: _ZN7FunctorIvJEE14method_wrapperI7CompassXadL_ZNS2_10cal_updateEvEEEEvPv @ 0xae22c0
GUIDED: _ZN11AP_Airspeed6updateEv @ 0x710090
GUIDED: _ZN7FunctorIvJEE14method_wrapperI11AP_AirspeedXadL_ZNS2_6updateEvEEEEvPv @ 0xae23d0
GUIDED: _ZNK11AP_Airspeed11get_primaryEv @ 0xae2560
GUIDED: _ZN10AP_GyroFFT12sample_gyrosEv @ 0x712340
GUIDED: _ZN7FunctorIvJEE14method_wrapperI10AP_GyroFFTXadL_ZNS2_12sample_gyrosEvEEEEvPv @ 0xae25b0
GUIDED: _ZN10AP_Vehicle4loopEv @ 0x712c30
GUIDED: _ZN12AP_Scheduler4loopEv @ 0x712ed0
GUIDED: _ZN12AP_Scheduler17get_loop_period_sEv @ 0xae57d0
GUIDED: _ZN17AP_InertialSensor15wait_for_sampleEv @ 0x713470
GUIDED: _ZN12AP_Scheduler4tickEv @ 0x7139b0
GUIDED: _ZN12AP_Scheduler3runEj @ 0x713a10
GUIDED: _ZN2AP8PerfInfo15check_loop_timeEj @ 0x713fc0
GUIDED: _ZN2AP8PerfInfo12task_slippedEh @ 0xae5900
GUIDED: _ZL15fill_nanf_stackv @ 0x714150
GUIDED: _ZN2AP8PerfInfo16update_task_infoEhtb @ 0x7141a0
GUIDED: _ZNK7AP_AHRS24_get_primary_accel_indexEv @ 0x71ab00
GUIDED: _ZNK7AP_AHRS22_get_primary_IMU_indexEv @ 0x71ab50
GUIDED: _ZNK7NavEKF322getPrimaryCoreIMUIndexEv @ 0x71acb0
GUIDED: _ZNK17AP_InertialSensor21get_first_usable_gyroEv @ 0xae5c40
GUIDED: _ZNK12NavEKF3_core11getIMUIndexEv @ 0xae5c90
GUIDED: _ZNK14AP_BattMonitor17has_cell_voltagesEh @ 0x71ade0
GUIDED: _ZN2AP3EFIEv @ 0x71b630
GUIDED: _ZN6AP_EFI13get_singletonEv @ 0xae6620
GUIDED: _ZN7FunctorIvJEE14method_wrapperI10AP_VehicleXadL_ZNS2_18fence_checks_asyncEvEEEEvPv @ 0xae6fc0
GUIDED: _ZN13AP_Filesystem5writeEiPKvj @ 0x71c3a0
GUIDED: _ZN13AP_Filesystem5fsyncEi @ 0x71c440
GUIDED: _ZN13AP_Filesystem5lseekEiii @ 0x71c7a0
GUIDED: _ZN6AP_HAL6Device14write_registerEhhb @ 0x722450
GUIDED: _ZNK7FunctorIvJhPhjbEEcvbEv @ 0xae9cd0
GUIDED: _ZL3MAXIjjEDTqugtfp_fp0_fp_fp0_ERKT_RKT0_.4719 @ 0x72a9f0
GUIDED: _ZN15ekf_ring_buffer4pushEPKv @ 0x72aa70
GUIDED: _ZNK15ekf_ring_buffer10get_offsetEh @ 0x72ab70
GUIDED: _ZL7radiansf.4725 @ 0x72bf10
GUIDED: _ZN11QuaternionTIdEC2Edddd @ 0xaebdf0
GUIDED: _ZN11QuaternionTIfEmLERKS0_ @ 0xaebea0
GUIDED: _ZN13AP_Filesystem5mkdirEPKc @ 0x736750
GUIDED: _ZN13AP_Filesystem10disk_spaceEPKc @ 0x74ffa0
GUIDED: _ZN9AP_Logger16log_file_contentERNS_11FileContentEPKc @ 0x7507c0
GUIDED: _ZNK7AP_AHRS8get_gyroEv @ 0xaef5b0
GUIDED: _ZNK7AP_AHRS17airspeed_estimateERf @ 0x759930
GUIDED: _ZNK17AP_InertialSensor20get_vibration_levelsEv @ 0xaef610
GUIDED: _ZNK17AP_InertialSensor20get_vibration_levelsEh @ 0x759a30
GUIDED: _ZNK10DigitalLPFI7Vector3IfEE3getEv @ 0xaef690
GUIDED: _ZN7AP_AHRS8set_homeERK8Location @ 0x75a340
GUIDED: _ZN7AP_AHRS25Log_Write_Home_And_OriginEv @ 0x75a530
GUIDED: _ZNK7AP_AHRS12Write_OriginENS_13LogOriginTypeERK8Location @ 0x75a600
GUIDED: _ZNK11QuaternionTIdE7is_zeroEv @ 0xaef740
GUIDED: _ZN12NavEKF3_core24alignMagStateDeclinationEv @ 0x75ae60
GUIDED: _ZN12NavEKF3_core18getEarthFieldTableERK8Location @ 0x75b100
GUIDED: _ZN14AP_Declination15get_declinationEff @ 0x75b200
GUIDED: _ZNK12NavEKF3_core14MagDeclinationEv @ 0x75b290
GUIDED: _ZN12NavEKF3_core8zeroRowsERA24_A24_dhh @ 0x75b370
GUIDED: _ZN12NavEKF3_core8zeroColsERA24_A24_dhh @ 0x75b430
GUIDED: _ZN12NavEKF3_core15FuseDeclinationEd @ 0x75b4f0
GUIDED: _ZN18NavEKF_core_common10zero_rangeEPdhh @ 0xaef8e0
GUIDED: _ZN12NavEKF3_core13ForceSymmetryEv @ 0x75c550
GUIDED: _ZN12NavEKF3_core18ConstrainVariancesEv @ 0x75c6a0
GUIDED: _ZN11QuaternionTIdE9normalizeEv @ 0xaef970
GUIDED: _ZNK11QuaternionTIdE6lengthEv @ 0xaefa50
GUIDED: _Z20constrain_value_lineIdET_S0_S0_S0_j @ 0xaefb10
GUIDED: _Z2sqI9AP_ParamTIfL11ap_var_type4EEEdT_ @ 0xaefc30
GUIDED: _ZNK9AP_ParamTIfL11ap_var_type4EEcvdEv @ 0xaefc90
GUIDED: _ZL7radiansf.4927 @ 0x75d110
GUIDED: _ZL2sqf.4850 @ 0x75dc30
GUIDED: _ZNK8Location21get_distance_NE_ftypeERKS_ @ 0x75dd80
GUIDED: _ZN16EKF_IMU_buffer_tIN12NavEKF3_core15output_elementsEEixEj @ 0xaefdb0
GUIDED: _ZNK14ekf_imu_buffer3getEh @ 0x75e030
GUIDED: _ZNK14ekf_imu_buffer10get_offsetEh @ 0x75e090
GUIDED: _ZNK14AP_BattMonitor24voltage_resting_estimateEh @ 0x75fb80
GUIDED: _ZNK14AP_BattMonitor11consumed_whERfh @ 0x75fc30
GUIDED: _ZNK6AP_GPS8get_vdopEh @ 0xaeff10
GUIDED: _ZNK6AP_GPS16last_fix_time_msEh @ 0xaeff80
GUIDED: _ZNK6AP_GPS20last_message_time_msEh @ 0xaefff0
GUIDED: _ZNK6AP_GPS22have_vertical_velocityEh @ 0xaf0060
GUIDED: _ZNK6AP_GPS18get_antenna_offsetEh @ 0x761da0
GUIDED: _ZNK14AP_GPS_Blended18get_antenna_offsetEv @ 0xaf00e0
GUIDED: _ZNK6AP_GPS11gps_yaw_degEhRfS0_Rj @ 0x761e70
GUIDED: _ZNK6AP_GPS11is_rtk_baseEh @ 0x762060
GUIDED: _ZNK6AP_GPS12have_gps_yawEh @ 0xaf0130
GUIDED: _ZNK12AP_Proximity10get_statusEv @ 0x762da0
GUIDED: _ZNK12AP_Proximity11num_sensorsEv @ 0xaf01d0
GUIDED: _ZNK11RangeFinder13status_orientE8Rotation @ 0x763e80
GUIDED: _ZNK10AP_Vehicle18get_time_flying_msEv @ 0xaf06e0
GUIDED: _ZN12SRV_Channels23get_output_channel_maskEN11SRV_Channel8FunctionE @ 0x7697e0
GUIDED: _ZN12SRV_Channels14set_output_pwmEN11SRV_Channel8FunctionEt @ 0x76a510
GUIDED: _ZN11SRV_Channel9output_chEv @ 0x76a600
GUIDED: _ZNK10RC_Channel13norm_input_dzEv @ 0x76a960
GUIDED: _ZN11SRV_Channel12set_overrideEb @ 0xaf08e0
GUIDED: _ZN12SRV_Channels17set_output_scaledEN11SRV_Channel8FunctionEf @ 0x76af20
GUIDED: _ZNK10AP_Mission5stateEv @ 0xaf0ca0
GUIDED: _ZN10AP_Mission12get_next_cmdEtRNS_15Mission_CommandEbb @ 0x76fd60
GUIDED: _ZN10AP_Mission10is_nav_cmdERKNS_15Mission_CommandE @ 0x770050
GUIDED: _ZN19AP_ServoRelayEvents13update_eventsEv @ 0x773f30
GUIDED: _Z16constrain_uint16ttt @ 0xaf1220
GUIDED: _Z15constrain_valueItET_S0_S0_S0_ @ 0xaf12b0
GUIDED: _ZN17AP_Logger_Backend17Write_Mission_CmdERK10AP_MissionRKNS0_15Mission_CommandE11LogMessages @ 0x774180
GUIDED: _ZN10AP_Mission16get_next_nav_cmdEtRNS_15Mission_CommandE @ 0x775470
GUIDED: _ZNK9AP_Motors14initialised_okEv @ 0xaf1650
GUIDED: _ZNK9AP_Motors16get_thrust_boostEv @ 0xaf16b0
GUIDED: _ZNK20AP_MotorsMulticopter18get_pwm_output_minEv @ 0xaf1910
GUIDED: _ZNK20AP_MotorsMulticopter18get_pwm_output_maxEv @ 0xaf1970
GUIDED: _ZNK9AP_Motors13get_interlockEv @ 0xaf1f20
GUIDED: _ZNK9AP_Motors8get_rollEv @ 0xaf1fd0
GUIDED: _ZNK9AP_Motors11get_roll_ffEv @ 0xaf2020
GUIDED: _ZNK9AP_Motors9get_pitchEv @ 0xaf2070
GUIDED: _ZNK9AP_Motors12get_pitch_ffEv @ 0xaf20c0
GUIDED: _ZNK9AP_Motors7get_yawEv @ 0xaf2110
GUIDED: _ZNK9AP_Motors10get_yaw_ffEv @ 0xaf2160
GUIDED: _ZNK9AP_Motors12get_throttleEv @ 0xaf21b0
GUIDED: _ZNK9AP_Motors15get_spool_stateEv @ 0xaf22c0
GUIDED: _ZNK9AP_Follow11have_targetEv @ 0x77a9b0
GUIDED: _ZN9AP_Follow13get_singletonEv @ 0xaf2310
GUIDED: _ZN11AC_PrecLand13get_singletonEv @ 0xaf2400
GUIDED: _ZNK6AC_PID12get_pid_infoEv @ 0xaf2490
GUIDED: _ZNK18AC_AttitudeControl23get_att_error_angle_degEv @ 0xaf2520
GUIDED: _ZL7degreesf.1032 @ 0x77b810
GUIDED: _ZNK13AC_PosControl12is_active_NEEv @ 0x77c180
GUIDED: _ZNK13AC_PosControl11is_active_UEv @ 0x77c200
GUIDED: _ZNK12AP_Scheduler7ticks32Ev @ 0xaf25c0
GUIDED: _ZN12AP_Scripting19is_handling_commandEt @ 0x780c20
GUIDED: _ZNK10RC_Channel10norm_inputEv @ 0x7a12b0
GUIDED: _ZNK8Location29get_vector_from_origin_NEU_cmI7Vector3IfEEEbRT_ @ 0xaf30c0
GUIDED: _ZNK7Vector3IfE6is_infEv @ 0xaf3200
GUIDED: _ZN7Vector2IfE9normalizeEv @ 0xaf3530
GUIDED: _ZN7Vector2IfEdVEf @ 0xaf3590
GUIDED: _ZNK7Vector2IfE6is_infEv @ 0xaf3610
GUIDED: _ZN11QuaternionTIfE15from_axis_angleERK7Vector3IfEf @ 0xaf37b0
GUIDED: _ZL3MAXIjjEDTqugtfp_fp0_fp_fp0_ERKT_RKT0_.6253 @ 0x7b3860
GUIDED: _ZN9AP_Logger19file_content_updateEv @ 0x7b3a60
GUIDED: _ZN9AP_Logger34prepare_at_arming_sys_file_loggingEv @ 0x7b3b00
GUIDED: _ZN9AP_Logger19file_content_updateERNS_11FileContentE @ 0x7b3bc0
GUIDED: _ZN9AP_Logger11FileContent15remove_and_freeEPNS_9file_listE @ 0x7b3e70
GUIDED: _ZN9AP_Logger24WriteBlock_first_succeedEPKvt @ 0x7b3fd0
GUIDED: _ZN9AP_Logger11FileContent5resetEv @ 0x7b40c0
GUIDED: _ZN35LoggerMessageWriter_Write_Polyfence7processEv @ 0x7b4200
GUIDED: _ZN17AP_Logger_Backend13Write_MessageEPKc @ 0x7b4400
GUIDED: _ZNK19LoggerMessageWriter32out_of_time_for_writing_messagesEv @ 0x7b44c0
GUIDED: _ZN39LoggerMessageWriter_WriteAllRallyPoints7processEv @ 0x7b4620
GUIDED: _ZN38LoggerMessageWriter_WriteEntireMission7processEv @ 0x7b47f0
GUIDED: _ZN32LoggerMessageWriter_WriteSysInfo5resetEv @ 0x7b4990
GUIDED: _ZN32LoggerMessageWriter_WriteSysInfo7processEv @ 0x7b49f0
GUIDED: _ZN17AP_Logger_Backend14Write_MessageFEPKcz @ 0x7b4d30
GUIDED: _ZN17AP_Logger_Backend9Write_VEREv @ 0x7b4f40
GUIDED: _ZN8AP_Param12storage_usedEv @ 0xaf4990
GUIDED: _ZN8AP_Param12storage_sizeEv @ 0xaf49d0
GUIDED: _ZN30LoggerMessageWriter_DFLogStart5resetEv @ 0x7b50b0
GUIDED: _ZN30LoggerMessageWriter_DFLogStart7processEv @ 0x7b51c0
GUIDED: _ZNK30LoggerMessageWriter_DFLogStart35out_of_time_for_writing_messages_dfEv @ 0x7b57c0
GUIDED: _ZNK17AP_Logger_Backend9num_typesEv @ 0x7b5850
GUIDED: _ZNK17AP_Logger_Backend9structureEh @ 0x7b58a0
GUIDED: _ZN30LoggerMessageWriter_DFLogStart19check_process_limitEj @ 0x7b5910
GUIDED: _ZN17AP_Logger_Backend15Write_ParameterEPK8AP_ParamRKNS0_10ParamTokenE11ap_var_typef @ 0x7b5980
GUIDED: _ZNK17AP_Logger_Backend9num_unitsEv @ 0x7b5a60
GUIDED: _ZNK17AP_Logger_Backend4unitEh @ 0x7b5ab0
GUIDED: _ZN17AP_Logger_Backend10Write_UnitEPK13UnitStructure @ 0x7b5b20
GUIDED: _ZNK17AP_Logger_Backend15num_multipliersEv @ 0x7b5bf0
GUIDED: _ZNK17AP_Logger_Backend10multiplierEh @ 0x7b5c40
GUIDED: _ZN17AP_Logger_Backend16Write_MultiplierEPK19MultiplierStructure @ 0x7b5cb0
GUIDED: _ZNK17AP_Logger_Backend22vehicle_message_writerEv @ 0x7b5d60
GUIDED: _ZNK9AP_Logger10multiplierEt @ 0x7b5dc0
GUIDED: _ZNK9AP_Logger4unitEt @ 0x7b5e30
GUIDED: _ZN17AP_Logger_Backend14periodic_tasksEv @ 0x7b6420
GUIDED: _ZNK17AP_Logger_Backend13StartNewLogOKEv @ 0x7b6810
GUIDED: _ZN17AP_Logger_Backend24WriteMoreStartupMessagesEv @ 0x7b68f0
GUIDED: _ZN17AP_Logger_Backend29start_new_log_reset_variablesEv @ 0x7b6aa0
GUIDED: _ZN9AP_Logger24backend_starting_new_logEPK17AP_Logger_Backend @ 0x7b6fc0
GUIDED: _ZN17AP_Logger_Backend13PrepForArmingEv @ 0x7b8870
GUIDED: _ZNK17AP_Logger_Backend15logging_enabledEv @ 0x7b8910
GUIDED: _ZN17AP_Logger_Backend13periodic_10HzEj @ 0x7b8a40
GUIDED: _ZN17AP_Logger_Backend12periodic_1HzEv @ 0x7b8a90
GUIDED: _ZN17AP_Logger_Backend15push_log_blocksEv @ 0x7b8b20
GUIDED: _ZN17AP_Logger_Backend12df_stats_logEv @ 0x7b8b80
GUIDED: _ZN17AP_Logger_Backend26Write_AP_Logger_Stats_FileERKNS_8df_statsE @ 0x7b8bf0
GUIDED: _ZN17AP_Logger_Backend14df_stats_clearEv @ 0x7b8d00
GUIDED: _ZNK30LoggerMessageWriter_DFLogStart8fmt_doneEv @ 0xaf5610
GUIDED: _ZNK17AP_Logger_Backend40non_messagewriter_message_reserved_spaceEj @ 0xaf5670
GUIDED: _ZNK17AP_Logger_Backend31critical_message_reserved_spaceEj @ 0xaf56e0
GUIDED: _ZN17AP_Logger_Backend15df_stats_gatherEtj @ 0x7bb1d0
GUIDED: _ZN9AP_Logger16get_max_num_logsEv @ 0x7bcd20
GUIDED: _ZNK14AP_Logger_File12CardInsertedEv @ 0x7bcf20
GUIDED: _ZN14AP_Logger_File13find_last_logEv @ 0x7bd050
GUIDED: _ZNK14AP_Logger_File15logging_startedEv @ 0xaf5b70
GUIDED: _ZN14AP_Logger_File21bufferspace_availableEv @ 0x7bded0
GUIDED: _ZN14AP_Logger_File13start_new_logEv @ 0x7bdf80
GUIDED: _ZN14AP_Logger_File12stop_loggingEv @ 0x7be3b0
GUIDED: _ZNK14AP_Logger_File14logging_failedEv @ 0x7be4e0
GUIDED: _ZN14AP_Logger_File8io_timerEv @ 0x7be5a0
GUIDED: _ZN14AP_Logger_File12periodic_1HzEv @ 0x7beb70
GUIDED: _ZN14AP_Logger_File17periodic_fullrateEv @ 0x7bee20
GUIDED: _ZNK14AP_Logger_File8WritesOKEv @ 0x7bee70
GUIDED: _ZNK14AP_Logger_File13StartNewLogOKEv @ 0x7bef00
GUIDED: _ZN14AP_Logger_File27PrepForArming_start_loggingEv @ 0x7befb0
GUIDED: _ZN14AP_Logger_File22_WritePrioritisedBlockEPKvtb @ 0x7bf0b0
GUIDED: _ZN7AP_AHRS6updateEb @ 0x7bf320
GUIDED: _ZN7AP_AHRS18update_orientationEv @ 0x7bf660
GUIDED: _ZN17AP_InertialSensor6updateEv @ 0x7bf760
GUIDED: _ZN7AP_AHRS29update_trim_rotation_matricesEv @ 0x7bfdd0
GUIDED: _ZN7AP_AHRS10update_DCMEv @ 0x7bfee0
GUIDED: _ZN7AP_AHRS12update_flagsEv @ 0x7bff80
GUIDED: _ZN7AP_AHRS11update_SITLEv @ 0x7c0040
GUIDED: _ZN7AP_AHRS15update_externalEv @ 0x7c00f0
GUIDED: _ZN7AP_AHRS11update_EKF2Ev @ 0x7c0210
GUIDED: _ZN7AP_AHRS11update_EKF3Ev @ 0x7c0700
GUIDED: _ZNK7AP_AHRS14get_gyro_driftEv @ 0xaf5bd0
GUIDED: _ZN12AP_AHRS_View6updateEv @ 0x7c0c40
GUIDED: _ZN7AP_AHRS14update_AOA_SSAEv @ 0x7c0ef0
GUIDED: _ZNK7AP_AHRS16_active_EKF_typeEv @ 0x7c0f40
GUIDED: _ZN7AP_AHRS12update_stateEv @ 0x7c1470
GUIDED: _ZNK7AP_AHRS23_get_primary_gyro_indexEv @ 0x7c1710
GUIDED: _ZNK7AP_AHRS23_get_primary_core_indexEv @ 0x7c17c0
GUIDED: _ZNK7AP_AHRS14_wind_estimateER7Vector3IfE @ 0x7c1890
GUIDED: _ZN15AP_AHRS_Backend11get_EAS2TASEv @ 0x7c19c0
GUIDED: _ZNK7AP_AHRS13_airspeed_EASERfRNS_20AirspeedEstimateTypeE @ 0x7c1a00
GUIDED: _ZNK7AP_AHRS13_airspeed_TASERf @ 0x7c1f80
GUIDED: _ZNK7AP_AHRS13_airspeed_TASER7Vector3IfE @ 0x7c2090
GUIDED: _ZNK7AP_AHRS15_get_quaternionER11QuaternionTIfE @ 0x7c2170
GUIDED: _ZNK7AP_AHRS23_get_secondary_attitudeER7Vector3IfE @ 0x7c2330
GUIDED: _ZNK7AP_AHRS25_get_secondary_quaternionER11QuaternionTIfE @ 0x7c2530
GUIDED: _ZNK7AP_AHRS13_get_locationER8Location @ 0x7c26e0
GUIDED: _ZNK7AP_AHRS23_get_secondary_positionER8Location @ 0x7c2860
GUIDED: _ZN7AP_AHRS19_groundspeed_vectorEv @ 0x7c29b0
GUIDED: _ZN7AP_AHRS12_groundspeedEv @ 0x7c2ae0
GUIDED: _ZNK7AP_AHRS29_getCorrectedDeltaVelocityNEDER7Vector3IfERf @ 0x7c2bb0
GUIDED: _ZNK7AP_AHRS17_get_velocity_NEDER7Vector3IfE @ 0x7c2e40
GUIDED: _ZNK7NavEKF39getVelNEDER7Vector3IfE @ 0x7c3000
GUIDED: _ZNK12NavEKF3_core9getVelNEDER7Vector3IfE @ 0x7c3330
GUIDED: _ZNK7NavEKF312getAccelBiasEaR7Vector3IfE @ 0x7c3520
GUIDED: _ZNK17AP_InertialSensor18get_delta_velocityEhR7Vector3IfERf @ 0x7c35f0
GUIDED: _ZNK7AP_AHRS43get_rotation_autopilot_body_to_vehicle_bodyEv @ 0xaf5cc0
GUIDED: _ZNK17AP_InertialSensor14get_delta_timeEv @ 0xaf5d10
GUIDED: _ZL3MINIffEDTqultfp_fp0_fp_fp0_ERKT_RKT0_.3694 @ 0x7c37a0
GUIDED: _ZL3MINIffEDTqultfp_fp0_fp_fp0_ERKT_RKT0_.2119 @ 0x7c3830
GUIDED: _ZNK12NavEKF3_core12getAccelBiasER7Vector3IfE @ 0x7c38c0
GUIDED: _ZL7radiansf.2107 @ 0x7c3fb0
GUIDED: _ZN7Vector2IfEmLEf @ 0xaf5e80
GUIDED: _ZNK7AP_AHRS23_get_secondary_EKF_typeERNS_7EKFTypeE @ 0x7c4000
GUIDED: _ZNK7NavEKF36getLLHER8Location @ 0x7c41f0
GUIDED: _ZNK12NavEKF3_core6getLLHER8Location @ 0x7c4290
GUIDED: _ZNK7AP_AHRS24fallback_active_EKF_typeEv @ 0x7c4860
GUIDED: _ZNK11AP_AHRS_DCM14get_quaternionER11QuaternionTIfE @ 0x7c48b0
GUIDED: _ZNK7NavEKF313getQuaternionER11QuaternionTIfE @ 0x7c49b0
GUIDED: _ZN11QuaternionTIfE6rotateERK7Vector3IfE @ 0xaf5ff0
GUIDED: _ZN11QuaternionTIfE15from_axis_angleE7Vector3IfE @ 0xaf60a0
GUIDED: _ZN15AP_ExternalAHRS14get_quaternionER11QuaternionTIfE @ 0x7c4ab0
GUIDED: _ZNK12NavEKF3_core13getQuaternionER11QuaternionTIfE @ 0x7c4b60
GUIDED: _ZNK11QuaternionTIdE7tofloatEv @ 0xaf6180
GUIDED: _ZNK7NavEKF314getEulerAnglesER7Vector3IfE @ 0x7c4d10
GUIDED: _ZNK7NavEKF312getAirSpdVecER7Vector3IfE @ 0x7c4ef0
GUIDED: _ZNK12NavEKF3_core12getAirSpdVecER7Vector3IfE @ 0x7c4f90
GUIDED: _ZNK11QuaternionTIdE7inverseEv @ 0xaf6200
GUIDED: _ZNK7AP_AHRS25get_active_airspeed_indexEv @ 0x7c5390
GUIDED: _ZNK7AP_AHRS27_should_use_airspeed_sensorEh @ 0x7c5490
GUIDED: _ZNK7AP_AHRS27get_wind_estimation_enabledEv @ 0xaf62b0
GUIDED: _ZNK7NavEKF37getWindER7Vector3IfE @ 0x7c57a0
GUIDED: _ZNK12NavEKF3_core7getWindER7Vector3IfE @ 0x7c58c0
GUIDED: _ZN15AP_AHRS_Backend23airspeed_sensor_enabledEh @ 0xaf6370
GUIDED: _ZNK7AP_AHRS23airspeed_sensor_enabledEh @ 0xaf6450
GUIDED: _ZNK7NavEKF317getActiveAirspeedEv @ 0x7c5a90
GUIDED: _ZNK12NavEKF3_core17getActiveAirspeedEv @ 0x7c5b20
GUIDED: _ZNK7AP_Baro12_get_EAS2TASEv @ 0x7c5b70
GUIDED: _ZNK7AP_Baro20get_EAS2TAS_extendedEf @ 0x7c5be0
GUIDED: _ZNK7NavEKF319getPrimaryCoreIndexEv @ 0x7c5eb0
GUIDED: _ZNK7NavEKF315getFilterFaultsERt @ 0x7c5fc0
GUIDED: _ZNK16AP_NavEKF_Source14getPosXYSourceEh @ 0xaf6610
GUIDED: _ZL7degreesf.18358 @ 0x7c61b0
GUIDED: _ZNK7AP_AHRS9calc_trigERK7Matrix3IfERfS4_S4_S4_S4_S4_ @ 0x7c6200
GUIDED: _ZNK9AP_Logger15allow_start_ekfEv @ 0x7c65f0
GUIDED: _ZN7NavEKF312UpdateFilterEv @ 0x7c6cc0
GUIDED: _ZNK7NavEKF320getRotationBodyToNEDER7Matrix3IfE @ 0x7c7290
GUIDED: _ZN7AP_AHRS16update_cd_valuesEv @ 0x7c7320
GUIDED: _ZN7AP_AHRS11update_trigEv @ 0x7c7460
GUIDED: _ZNK17AP_InertialSensor22get_first_usable_accelEv @ 0xaf6690
GUIDED: _ZNK7NavEKF311getGyroBiasEaR7Vector3IfE @ 0x7c7540
GUIDED: _ZN7AP_AHRS32update_notify_from_filter_statusERK17nav_filter_status @ 0x7c7610
GUIDED: _ZNK12NavEKF3_core11getGyroBiasER7Vector3IfE @ 0x7c76c0
GUIDED: _ZL7degreesf.2051 @ 0x7c77a0
GUIDED: _ZN6AP_DAL11start_frameENS_9FrameTypeE @ 0x7c77f0
GUIDED: _ZNK6AP_DAL8micros64Ev @ 0xaf66e0
GUIDED: _ZNK12NavEKF3_core21getFramesSincePredictEv @ 0x7c7cd0
GUIDED: _ZN6AP_DAL22ekf_low_time_remainingENS_7EKFTypeEh @ 0x7c7d30
GUIDED: _ZN12NavEKF3_core12UpdateFilterEb @ 0x7c7e70
GUIDED: _ZNK6AP_DAL9get_armedEv @ 0xaf6730
GUIDED: _ZN7NavEKF321updateCoreErrorScoresEv @ 0x7c80a0
GUIDED: _ZN7NavEKF324updateCoreRelativeErrorsEv @ 0x7c8160
GUIDED: _ZNK7NavEKF315coreBetterScoreEhh @ 0x7c8300
GUIDED: _ZN16AP_NavEKF_Source22align_inactive_sourcesEv @ 0x7c8500
GUIDED: _ZNK16AP_NavEKF_Source13getPosZSourceEh @ 0x7c87b0
GUIDED: _ZNK7AP_EnumIN16AP_NavEKF_Source7SourceZEEcvKS1_Ev @ 0xaf6810
GUIDED: _ZL3MAXI9AP_ParamTIfL11ap_var_type4EEfEDTqugtfp_fp0_fp_fp0_ERKT_RKT0_.4508 @ 0x7c8990
GUIDED: _ZN18NavEKF_core_common22fill_scratch_variablesEv @ 0x7c8a20
GUIDED: _ZN12NavEKF3_core23update_sensor_selectionEv @ 0x7c8ac0
GUIDED: _ZN12NavEKF3_core18controlFilterModesEv @ 0x7c8b30
GUIDED: _ZN12NavEKF3_core11readIMUDataEb @ 0x7c8c00
GUIDED: _ZN12NavEKF3_core27UpdateStrapdownEquationsNEDEv @ 0x7c94d0
GUIDED: _ZN12NavEKF3_core20CovariancePredictionEP7Vector3IdE @ 0x7c99b0
GUIDED: _ZN12NavEKF3_core25runYawEstimatorPredictionEv @ 0x7d41a0
GUIDED: _ZN12NavEKF3_core15SelectMagFusionEv @ 0x7d4300
GUIDED: _ZN12NavEKF3_core18SelectVelPosFusionEv @ 0x7d5030
GUIDED: _ZN12NavEKF3_core25runYawEstimatorCorrectionEv @ 0x7d59f0
GUIDED: _ZN12NavEKF3_core18SelectRngBcnFusionEv @ 0x7d5be0
GUIDED: _ZN12NavEKF3_core16SelectFlowFusionEv @ 0x7d5d10
GUIDED: _ZN12NavEKF3_core20SelectBodyOdomFusionEv @ 0x7d5ff0
GUIDED: _ZN12NavEKF3_core15SelectTasFusionEv @ 0x7d62a0
GUIDED: _ZN12NavEKF3_core20SelectBetaDragFusionEv @ 0x7d63a0
GUIDED: _ZN12NavEKF3_core18updateFilterStatusEv @ 0x7d6660
GUIDED: _ZN12NavEKF3_core13moveEKFOriginEv @ 0x7d6fa0
GUIDED: _ZN12NavEKF3_core21checkUpdateEarthFieldEv @ 0x7d7150
GUIDED: _ZN12NavEKF3_core16calcOutputStatesEv @ 0x7d7210
GUIDED: _ZN12NavEKF3_core11readMagDataEv @ 0x7d8560
GUIDED: _ZN12NavEKF3_core11readGpsDataEv @ 0x7d8a70
GUIDED: _ZN12NavEKF3_core14readGpsYawDataEv @ 0x7d9400
GUIDED: _ZN12NavEKF3_core12readBaroDataEv @ 0x7d9530
GUIDED: _ZN6AP_DAL3insEv @ 0xaf68c0
GUIDED: _ZNK21AP_DAL_InertialSensor9get_accelEh @ 0xaf6910
GUIDED: _ZN11QuaternionTIdE10from_eulerEddd @ 0xaf69e0
GUIDED: _ZL2sqf.4910 @ 0x7db560
GUIDED: _ZNK16AP_NavEKF_Source13useVelZSourceENS_7SourceZEh @ 0x7db6d0
GUIDED: _ZNK12NavEKF3_core26CorrectGPSForAntennaOffsetERNS_12gps_elementsE @ 0x7db800
GUIDED: _ZNK10AP_DAL_GPS18get_antenna_offsetEh @ 0xaf6be0
GUIDED: _ZNK7Vector3IdErmERKS0_ @ 0xaf6c50
GUIDED: _ZNK7Matrix3IdE13mul_transposeERK7Vector3IdE @ 0xaf6d30
GUIDED: _ZN7Vector3IdEdVEd @ 0xaf6e40
GUIDED: _ZNK21AP_DAL_InertialSensor16get_loop_delta_tEv @ 0xaf6ed0
GUIDED: _ZNK14AP_DAL_Compass16get_first_usableEv @ 0xaf72f0
GUIDED: _ZNK11AP_DAL_Baro15get_last_updateEh @ 0xaf7560
GUIDED: _ZNK11AP_DAL_Baro12get_altitudeEh @ 0xaf75d0
GUIDED: _ZN16EKF_obs_buffer_tIN12NavEKF3_core13baro_elementsEE4pushERKS1_ @ 0xaf7640
GUIDED: _ZNK10AP_DAL_GPS11gps_yaw_degEhRfS0_Rj @ 0xaf76b0
GUIDED: _ZL3MAXIfdEDTqugtfp_fp0_fp_fp0_ERKT_RKT0_ @ 0x7dc200
GUIDED: _ZNK10AP_DAL_GPS20last_message_time_msEh @ 0xaf77d0
GUIDED: _ZNK10AP_DAL_GPS7get_lagEhRf @ 0xaf7840
GUIDED: _ZL3MINIjjEDTqultfp_fp0_fp_fp0_ERKT_RKT0_.4728 @ 0x7dc400
GUIDED: _ZNK10AP_DAL_GPS8velocityEh @ 0xaf78f0
GUIDED: _ZNK10AP_DAL_GPS22have_vertical_velocityEh @ 0xaf7960
GUIDED: _ZNK10AP_DAL_GPS14speed_accuracyEhRf @ 0xaf79e0
GUIDED: _ZL3MAXIdfEDTqugtfp_fp0_fp_fp0_ERKT_RKT0_.4723 @ 0x7dc480
GUIDED: _ZL3MINIdfEDTqultfp_fp0_fp_fp0_ERKT_RKT0_ @ 0x7dc520
GUIDED: _ZL3MAXId9AP_ParamTIfL11ap_var_type4EEEDTqugtfp_fp0_fp_fp0_ERKT_RKT0_ @ 0x7dc5c0
GUIDED: _ZNK10AP_DAL_GPS19horizontal_accuracyEhRf @ 0xaf7a90
GUIDED: _ZNK10AP_DAL_GPS17vertical_accuracyEhRf @ 0xaf7b40
GUIDED: _ZNK10AP_DAL_GPS8num_satsEh @ 0xaf7bf0
GUIDED: _ZN12NavEKF3_core18calcGpsGoodToAlignEv @ 0x7dc670
GUIDED: _ZN12NavEKF3_core20calcGpsGoodForFlightEv @ 0x7dd5d0
GUIDED: _ZN16EKF_obs_buffer_tIN12NavEKF3_core12gps_elementsEE4pushERKS1_ @ 0xaf7c60
GUIDED: _ZL3MAXIddEDTqugtfp_fp0_fp_fp0_ERKT_RKT0_.4888 @ 0x7dda90
GUIDED: _ZL3MINIdfEDTqultfp_fp0_fp_fp0_ERKT_RKT0_.4875 @ 0x7ddb10
GUIDED: _ZNK10AP_DAL_GPS8get_hdopEh @ 0xaf7cd0
GUIDED: _ZNK14AP_DAL_Compass9get_countEv @ 0xaf7d40
GUIDED: _ZNK14AP_DAL_Compass21learn_offsets_enabledEv @ 0xaf7d90
GUIDED: _ZNK14AP_DAL_Compass16last_update_usecEh @ 0xaf7df0
GUIDED: _ZNK7Vector3IdEneERKS0_ @ 0xaf7e60
GUIDED: _ZN12NavEKF3_core12mag_elementsC2Ev @ 0xaf7f30
GUIDED: _ZNK14AP_DAL_Compass9get_fieldEh @ 0xaf7f90
GUIDED: _ZNK14AP_DAL_Compass10consistentEv @ 0xaf8000
GUIDED: _ZN16EKF_obs_buffer_tIN12NavEKF3_core12mag_elementsEE4pushERKS1_ @ 0xaf8060
GUIDED: _Z8is_equalIddENSt3__19enable_ifIXsr3std17is_floating_pointINS0_11common_typeIJT_T0_EE4typeEEE5valueEbE4typeES3_S4_ @ 0xaf80d0
GUIDED: _ZN12NavEKF3_core17correctDeltaAngleER7Vector3IdEdh @ 0x7dddf0
GUIDED: _ZN12NavEKF3_core20correctDeltaVelocityER7Vector3IdEdh @ 0x7ddeb0
GUIDED: _ZN11QuaternionTIdEC2Ev @ 0xaf8150
GUIDED: _ZN11QuaternionTIdE15from_axis_angleE7Vector3IdE @ 0xaf81c0
GUIDED: _ZN11QuaternionTIdEmLERKS0_ @ 0xaf8280
GUIDED: _ZNK11QuaternionTIdE15rotation_matrixER7Matrix3IdE @ 0xaf8420
GUIDED: _ZNK21AP_DAL_InertialSensor8get_gyroEh @ 0xaf8610
GUIDED: _ZNK6AP_DAL20get_takeoff_expectedEv @ 0xaf8720
GUIDED: _ZN16EKF_IMU_buffer_tIN12NavEKF3_core12imu_elementsEE18get_youngest_indexEv @ 0xaf8790
GUIDED: _ZN16EKF_IMU_buffer_tIN12NavEKF3_core12imu_elementsEE16get_oldest_indexEv @ 0xaf87f0
GUIDED: _ZNK11QuaternionTIdEdvERKS0_ @ 0xaf8850
GUIDED: _ZN11QuaternionTIdEixEh @ 0xaf8a70
GUIDED: _ZL3MAXIddEDTqugtfp_fp0_fp_fp0_ERKT_RKT0_.4938 @ 0x7ddfd0
GUIDED: _ZN12NavEKF3_core15output_elementsC2Ev @ 0xaf8ae0
GUIDED: _ZNK14ekf_imu_buffer16get_oldest_indexEv @ 0xaf8b60
GUIDED: _ZNK14ekf_imu_buffer18get_youngest_indexEv @ 0xaf8bb0
GUIDED: _ZN7AP_AHRS20set_takeoff_expectedEb @ 0x7de050
GUIDED: _ZN11QuaternionTIdE15from_axis_angleERK7Vector3IdEd @ 0xaf8c00
GUIDED: _ZNK6AP_DAL22get_touchdown_expectedEv @ 0xaf8d20
GUIDED: _ZNK6AP_DAL11get_EAS2TASEv @ 0xaf8e00
GUIDED: _ZN7Vector3IdEixEh @ 0xaf8ec0
GUIDED: _ZNK7Vector3IdEixEh @ 0xaf8f30
GUIDED: _ZN7Vector2IdEixEh @ 0xaf8fa0
GUIDED: _ZN15ekf_ring_buffer6recallEPvj @ 0x7e4b30
GUIDED: _ZNK15ekf_ring_buffer7time_msEh @ 0x7e4c90
GUIDED: _ZN12NavEKF3_core14readAirSpdDataEv @ 0x7e4d00
GUIDED: _ZNK12NavEKF3_core11useAirspeedEv @ 0x7e69d0
GUIDED: _ZNK6AP_DAL23airspeed_sensor_enabledEv @ 0xaf92c0
GUIDED: _ZN16EKF_obs_buffer_tIN12NavEKF3_core16vel_odm_elementsEE6recallERS1_j @ 0xaf9330
GUIDED: _ZN16EKF_obs_buffer_tIN12NavEKF3_core18wheel_odm_elementsEE6recallERS1_j @ 0xaf93b0
GUIDED: _ZN12NavEKF3_core11of_elementsC2Ev @ 0xaf9430
GUIDED: _ZN16EKF_obs_buffer_tIN12NavEKF3_core11of_elementsEE6recallERS1_j @ 0xaf94c0
GUIDED: _ZNK7Vector2IdEixEh @ 0xaf9540
GUIDED: _ZN12NavEKF3_core14readRngBcnDataEv @ 0x7f3900
GUIDED: _ZN10EKFGSF_yaw11fuseVelDataERK7Vector2IdEd @ 0x7f75b0
GUIDED: _ZNK12NavEKF3_core13EKFGSF_getYawERdS0_ @ 0x7f79b0
GUIDED: _ZN12NavEKF3_core17bestRotationOrderERNS_13rotationOrderE @ 0x7f7d50
GUIDED: _ZN12NavEKF3_core21resetQuatStateYawOnlyEddNS_13rotationOrderE @ 0x7f7e40
GUIDED: _ZN12NavEKF3_core24recordYawResetsCompletedEv @ 0x7f8110
GUIDED: _ZNK11QuaternionTIdE8to_eulerERdS1_S1_ @ 0xaf9a10
GUIDED: _ZNK11QuaternionTIdE12to_vector312Ev @ 0xaf9ac0
GUIDED: _ZN11QuaternionTIdE14from_vector312Eddd @ 0xaf9b50
GUIDED: _ZN12NavEKF3_core15StoreQuatRotateERK11QuaternionTIdE @ 0x7f8190
GUIDED: _ZNK11QuaternionTIdEmlERKS0_ @ 0xaf9c10
GUIDED: _ZN7Matrix3IdE13from_euler312Eddd @ 0xaf9e00
GUIDED: _ZN11QuaternionTIdE20from_rotation_matrixERK7Matrix3IdE @ 0xaf9fd0
GUIDED: _ZNK7Matrix3IdE11to_euler312Ev @ 0xafa4a0
GUIDED: _ZN7Matrix3IdEixEh @ 0xafa590
GUIDED: _ZNK10EKFGSF_yaw10getYawDataERdS0_Ph @ 0x7f8320
GUIDED: _ZL7radiansf.4691 @ 0x7f8400
GUIDED: _ZL2sqf.4689 @ 0x7f8450
GUIDED: _ZNK10EKFGSF_yaw17getVelInnovLengthERd @ 0x7f84a0
GUIDED: _ZN10EKFGSF_yaw11resetEKFGSFEv @ 0x7f85e0
GUIDED: _ZN10EKFGSF_yaw8alignYawEv @ 0x7f8750
GUIDED: _ZN10EKFGSF_yaw7correctEhRK7Vector2IdEd @ 0x7f89c0
GUIDED: _ZNK10EKFGSF_yaw15gaussianDensityEh @ 0x7f9d80
GUIDED: _ZL3MAXIdfEDTqugtfp_fp0_fp_fp0_ERKT_RKT0_.4194 @ 0x7fa100
GUIDED: _ZN10EKFGSF_yaw13forceSymmetryEh @ 0x7fa1a0
GUIDED: _ZNK7Matrix3IdE8to_eulerEPdS1_S1_ @ 0xafa600
GUIDED: _ZN16EKF_obs_buffer_tIN12NavEKF3_core16ext_nav_elementsEE6recallERS1_j @ 0xafa700
GUIDED: _ZN16EKF_obs_buffer_tIN12NavEKF3_core20ext_nav_vel_elementsEE6recallERS1_j @ 0xafa780
GUIDED: _ZNK12NavEKF3_core35CalculateVelInnovationsAndVariancesERK7Vector3IdEddRS1_S4_ @ 0x7fa6d0
GUIDED: _ZN16EKF_obs_buffer_tIN12NavEKF3_core12gps_elementsEE6recallERS1_j @ 0xafa800
GUIDED: _ZN12NavEKF3_core21selectHeightForFusionEv @ 0x7fad10
GUIDED: _ZN12NavEKF3_core13FuseVelPosNEDEv @ 0x7fc210
GUIDED: _ZL3MAXIdfEDTqugtfp_fp0_fp_fp0_ERKT_RKT0_.4863 @ 0x7fe560
GUIDED: _ZL3MAXI9AP_ParamTIfL11ap_var_type4EEfEDTqugtfp_fp0_fp_fp0_ERKT_RKT0_.4864 @ 0x7fe600
GUIDED: _ZN12NavEKF3_core15readRangeFinderEv @ 0x7fe690
GUIDED: _ZN16EKF_obs_buffer_tIN12NavEKF3_core14range_elementsEE6recallERS1_j @ 0xafa880
GUIDED: _ZN16EKF_obs_buffer_tIN12NavEKF3_core13baro_elementsEE6recallERS1_j @ 0xafa950
GUIDED: _ZL3MAXIddEDTqugtfp_fp0_fp_fp0_ERKT_RKT0_.4712 @ 0x7ff260
GUIDED: _ZL3MAXI9AP_ParamTIfL11ap_var_type4EEfEDTqugtfp_fp0_fp_fp0_ERKT_RKT0_.4701 @ 0x7ff430
GUIDED: _ZN12NavEKF3_core12fuseEulerYawENS_15yawFusionMethodE @ 0x7ff4c0
GUIDED: _ZN16EKF_obs_buffer_tIN12NavEKF3_core12yaw_elementsEE6recallERS1_j @ 0xafabe0
GUIDED: _ZN16EKF_obs_buffer_tIN12NavEKF3_core12mag_elementsEE6recallERS1_j @ 0xafac60
GUIDED: _ZN12NavEKF3_core18controlMagYawResetEv @ 0x801460
GUIDED: _ZN12NavEKF3_core16FuseMagnetometerEv @ 0x801a70
GUIDED: _ZN7Matrix3IdEC2Eddddddddd @ 0xaface0
GUIDED: _ZNK7Matrix3IdEixEh @ 0xafae30
GUIDED: _ZL3MAXIdfEDTqugtfp_fp0_fp_fp0_ERKT_RKT0_.4699 @ 0x8082b0
GUIDED: _ZN12NavEKF3_core17MagTableConstrainEv @ 0x808350
GUIDED: _ZNK11QuaternionTIdE13to_axis_angleER7Vector3IdE @ 0xafaea0
GUIDED: _ZN12NavEKF3_core13setYawFromMagEv @ 0x808480
GUIDED: _ZN12NavEKF3_core19resetMagFieldStatesEv @ 0x8086b0
GUIDED: _ZNK7Matrix3IdE10transposedEv @ 0xafafe0
GUIDED: _ZN12NavEKF3_core14recordMagResetEv @ 0x8088e0
GUIDED: _ZN7Matrix3IdEC2ERK7Vector3IdES4_S4_ @ 0xafb0a0
GUIDED: _ZNK11QuaternionTIdE8to_eulerER7Vector3IdE @ 0xafb170
GUIDED: _ZL3MAXI9AP_ParamTIfL11ap_var_type4EEfEDTqugtfp_fp0_fp_fp0_ERKT_RKT0_.4949 @ 0x8089a0
GUIDED: _ZN10EKFGSF_yaw6updateERK7Vector3IdES3_ddbd @ 0x808ad0
GUIDED: _ZN10EKFGSF_yaw7predictEh @ 0x809560
GUIDED: _ZN10EKFGSF_yaw11predictAHRSEh @ 0x80a0b0
GUIDED: _ZL7radiansf.4192 @ 0x80a630
GUIDED: _ZL2sqf.4193 @ 0x80a680
GUIDED: _ZNK10EKFGSF_yaw12updateRotMatERK7Matrix3IdERK7Vector3IdE @ 0x80a6d0
GUIDED: _ZNK7Matrix3IdEmlERKS0_ @ 0xafb1f0
GUIDED: _ZN12NavEKF3_core21calcTiltErrorVarianceEv @ 0x80afb0
GUIDED: _ZN12NavEKF3_core23verifyTiltErrorVarianceEv @ 0x80b690
GUIDED: _ZL3MINIffEDTqultfp_fp0_fp_fp0_ERKT_RKT0_.4930 @ 0x80ba90
GUIDED: _ZN11QuaternionTIdE6rotateERK7Vector3IdE @ 0xafb460
GUIDED: _ZN12NavEKF3_core15ConstrainStatesEv @ 0x80bb20
GUIDED: _ZNK21AP_DAL_InertialSensor9use_accelEh @ 0xafb520
GUIDED: _ZNK21AP_DAL_InertialSensor8use_gyroEh @ 0xafb5f0
GUIDED: _ZN12NavEKF3_core19learnInactiveBiasesEv @ 0x80bf60
GUIDED: _ZN12NavEKF3_core19updateMovementCheckEv @ 0x80c4d0
GUIDED: _ZN12NavEKF3_core17readDeltaVelocityEhR7Vector3IdERd @ 0x80cd70
GUIDED: _ZNK21AP_DAL_InertialSensor18get_imu_pos_offsetEh @ 0xafb6c0
GUIDED: _ZN12NavEKF3_core14readDeltaAngleEhR7Vector3IdERd @ 0x80cec0
GUIDED: _ZN16EKF_IMU_buffer_tIN12NavEKF3_core12imu_elementsEE21push_youngest_elementES1_ @ 0xafb730
GUIDED: _ZN12NavEKF3_core14SampleDragDataERKNS_12imu_elementsE @ 0x80cfe0
GUIDED: _ZN16EKF_IMU_buffer_tIN12NavEKF3_core12imu_elementsEE18get_oldest_elementEv @ 0xafb790
GUIDED: _ZN12NavEKF3_core22updateTimingStatisticsEv @ 0x80d290
GUIDED: _ZL3MINIfdEDTqultfp_fp0_fp_fp0_ERKT_RKT0_.4724 @ 0x80d540
GUIDED: _ZN12NavEKF3_core12imu_elementsC2Ev @ 0xafb810
GUIDED: _ZN14ekf_imu_buffer18get_oldest_elementEPv @ 0x80d5e0
GUIDED: _ZN14ekf_imu_buffer21push_youngest_elementEPKv @ 0x80d6a0
GUIDED: _ZNK21AP_DAL_InertialSensor14get_gyro_countEv @ 0xafb8f0
GUIDED: _ZNK21AP_DAL_InertialSensor15get_delta_angleEhR7Vector3IfERf @ 0xafb940
GUIDED: _ZNK21AP_DAL_InertialSensor15get_accel_countEv @ 0xafba40
GUIDED: _ZNK21AP_DAL_InertialSensor18get_delta_velocityEhR7Vector3IfERf @ 0xafba90
GUIDED: _ZL7radiansi.4726 @ 0x80d790
GUIDED: _ZN12NavEKF3_core12detectFlightEv @ 0x80d7f0
GUIDED: _ZN12NavEKF3_core27setWindMagStateLearningModeEv @ 0x80dcb0
GUIDED: _ZN12NavEKF3_core28checkAttitudeAlignmentStatusEv @ 0x80e550
GUIDED: _ZN12NavEKF3_core13setAidingModeEv @ 0x80e660
GUIDED: _ZN12NavEKF3_core12setYawSourceEv @ 0x80f5d0
GUIDED: _ZN12NavEKF3_core18checkGyroCalStatusEv @ 0x80f6a0
GUIDED: _ZL3MINIttEDTqultfp_fp0_fp_fp0_ERKT_RKT0_ @ 0x80fd80
GUIDED: _ZL7radiansd.4644 @ 0x80fe00
GUIDED: _ZN12NavEKF3_core19updateStateIndexLimEv @ 0x80fef0
GUIDED: _ZNK6AP_DAL18get_time_flying_msEv @ 0xafbb80
GUIDED: _ZN10EKFGSF_yaw11setGyroBiasER7Vector3IfE @ 0x810020
GUIDED: _ZN12NavEKF3_core20update_gps_selectionEv @ 0x8100e0
GUIDED: _ZN12NavEKF3_core20update_mag_selectionEv @ 0x8101e0
GUIDED: _ZN12NavEKF3_core21update_baro_selectionEv @ 0x810320
GUIDED: _ZN12NavEKF3_core25update_airspeed_selectionEv @ 0x810400
GUIDED: _ZNK11AP_DAL_Baro11get_primaryEv @ 0xafbc20
GUIDED: _Z9fill_nanfPdt @ 0x810510
GUIDED: _ZNK17AP_InertialSensor20get_last_update_usecEv @ 0xafbce0
GUIDED: _ZNK17AP_InertialSensor16get_loop_delta_tEv @ 0xafbd30
GUIDED: _ZNK7AP_AHRS17get_vehicle_classEv @ 0xafbd80
GUIDED: _ZNK7AP_AHRS20get_takeoff_expectedEv @ 0xafbdd0
GUIDED: _ZNK7AP_AHRS22get_touchdown_expectedEv @ 0xafbe30
GUIDED: _ZNK7AP_AHRS8get_trimEv @ 0xafbe90
GUIDED: _ZN2AP12wheelencoderEv @ 0x810930
GUIDED: _ZNK7AP_AHRS43get_rotation_vehicle_body_to_autopilot_bodyEv @ 0xafbf40
GUIDED: _ZN21AP_DAL_InertialSensor11start_frameEv @ 0x810970
GUIDED: _ZN11AP_DAL_Baro11start_frameEv @ 0x810bf0
GUIDED: _ZN10AP_DAL_GPS11start_frameEv @ 0x810d60
GUIDED: _ZN14AP_DAL_Compass11start_frameEv @ 0x811160
GUIDED: _ZNK9AP_Beacon7enabledEv @ 0x811c10
GUIDED: _ZNK9AP_Beacon12device_readyEv @ 0x811f50
GUIDED: _ZNK7AP_EnumIN9AP_Beacon4TypeEEcvKS1_Ev @ 0xafbff0
GUIDED: _ZNK7Compass24auto_declination_enabledEv @ 0xafc140
GUIDED: _ZNK7Compass15get_declinationEv @ 0x8120c0
GUIDED: _ZNK7Compass15get_num_enabledEv @ 0x812120
GUIDED: _ZNK7Compass16get_first_usableEv @ 0xafc1b0
GUIDED: _ZNK7Compass21learn_offsets_enabledEv @ 0xafc200
GUIDED: _ZNK7Compass17have_scale_factorEh @ 0x8121e0
GUIDED: _ZNK7Compass16last_update_usecEh @ 0xafc270
GUIDED: _ZNK14typesafe_indexIh14TAG_StateIndexEgeERKh @ 0xafc2f0
GUIDED: _ZNK7AP_Baro11get_primaryEv @ 0xafc360
GUIDED: _ZNK7AP_Baro15get_last_updateEh @ 0xafc3b0
GUIDED: _ZNK17AP_InertialSensor16get_loop_rate_hzEv @ 0xafc420
GUIDED: _ZNK17AP_InertialSensor15get_delta_angleEhR7Vector3IfERf @ 0x812320
GUIDED: _ZN21AP_DAL_InertialSensor15update_filteredEh @ 0x8124f0
GUIDED: _ZNK17AP_InertialSensor18get_imu_pos_offsetEh @ 0xafc470
GUIDED: _ZNK17AP_InertialSensor10_accel_posEh @ 0xafc4d0
GUIDED: _ZN17AP_InertialSensor10_accel_posEh @ 0xafc530
GUIDED: _ZN15AP_WheelEncoder13get_singletonEv @ 0xafc5a0
GUIDED: _ZN7NavEKF216InitialiseFilterEv @ 0x814f80
GUIDED: _ZNK6AP_DAL12get_ekf_typeEv @ 0xafed90
GUIDED: _ZN16AP_AHRS_External6updateEv @ 0x848320
GUIDED: _ZN16AP_AHRS_External11get_resultsERN15AP_AHRS_Backend9EstimatesE @ 0x848370
GUIDED: _ZN7AP_AHRS37copy_estimates_from_backend_estimatesERKN15AP_AHRS_Backend9EstimatesE @ 0x8485c0
GUIDED: _ZN15AP_ExternalAHRS6updateEv @ 0x8488a0
GUIDED: _ZL7degreesf.10880 @ 0x848bd0
GUIDED: _ZN11AP_AHRS_SIM6updateEv @ 0xaff950
GUIDED: _ZN11AP_AHRS_SIM11get_resultsERN15AP_AHRS_Backend9EstimatesE @ 0x848c20
GUIDED: _ZN11AP_AHRS_DCM6updateEv @ 0x849800
GUIDED: _ZN11AP_AHRS_DCM11get_resultsERN15AP_AHRS_Backend9EstimatesE @ 0x849b20
GUIDED: _ZN11AP_AHRS_DCM13matrix_updateEv @ 0x849c40
GUIDED: _ZN11AP_AHRS_DCM9normalizeEv @ 0x849e90
GUIDED: _ZN11AP_AHRS_DCM16drift_correctionEf @ 0x84a0b0
GUIDED: _ZN11AP_AHRS_DCM12check_matrixEv @ 0x84b410
GUIDED: _ZN11AP_AHRS_DCM15backup_attitudeEv @ 0x84b510
GUIDED: _ZNK11AP_AHRS_DCM12get_error_rpEv @ 0xaffa10
GUIDED: _ZNK11AP_AHRS_DCM13get_error_yawEv @ 0xaffa60
GUIDED: _ZN7Matrix3IfE6is_nanEv @ 0xaffab0
GUIDED: _ZN11AP_AHRS_DCM20drift_correction_yawEv @ 0x84ba00
GUIDED: _ZNK6AP_GPS16last_fix_time_msEv @ 0xaffbc0
GUIDED: _ZL3MAXIfiEDTqugtfp_fp0_fp_fp0_ERKT_RKT0_.2117 @ 0x84bf20
GUIDED: _ZNK11AP_AHRS_DCM26should_correct_centrifugalEv @ 0x84bfc0
GUIDED: _ZN11AP_AHRS_DCM10ra_delayedEhRK7Vector3IfE @ 0x84c020
GUIDED: _ZNK17AP_InertialSensor7healthyEv @ 0xaffc20
GUIDED: _ZN11AP_AHRS_DCM7_P_gainEf @ 0x84c120
GUIDED: _ZNK11AP_AHRS_DCM14use_fast_gainsEv @ 0x84c200
GUIDED: _ZL7radiansi.2118 @ 0x84c290
GUIDED: _ZNK17AP_InertialSensor19get_gyro_drift_rateEv @ 0xaffca0
GUIDED: _ZNK17AP_InertialSensor15get_gyro_healthEv @ 0xaffcf0
GUIDED: _ZNK17AP_InertialSensor16get_accel_healthEv @ 0xaffd50
GUIDED: _ZNK7Compass16last_update_usecEv @ 0xaffdb0
GUIDED: _ZN7Compass4readEv @ 0x84c2f0
GUIDED: _ZN11AP_AHRS_DCM17yaw_error_compassER7Compass @ 0x84c6c0
GUIDED: _ZNK11AP_AHRS_DCM9_yaw_gainEv @ 0x84c840
GUIDED: _ZNK7Matrix3IfE5mulXYERK7Vector3IfE @ 0xaffe10
GUIDED: _ZNK7Vector2IfErmERKS0_ @ 0xaffee0
GUIDED: _ZN7Compass15_detect_runtimeEv @ 0x84c9f0
GUIDED: _ZN9AP_Logger13Write_CompassEv @ 0x84cd20
GUIDED: _ZN19RestrictIDTypeArrayI9AP_ParamTIaL11ap_var_type1EELj3E14typesafe_indexIh12TAG_PriorityEEixERKS5_ @ 0xafff60
GUIDED: _ZN9AP_Logger22Write_Compass_instanceEmh @ 0x84cdc0
GUIDED: _ZNK7Compass17get_motor_offsetsEh @ 0xafffe0
GUIDED: _ZN18AP_Compass_Backend25drain_accumulated_samplesEhPK7Vector3IfE @ 0x84ecf0
GUIDED: _ZN18AP_Compass_Backend22publish_filtered_fieldERK7Vector3IfEh @ 0x84ee70
GUIDED: _ZN11AP_AHRS_DCM6renormERK7Vector3IfERS1_ @ 0x84ef30
GUIDED: _ZNK17AP_InertialSensor15get_delta_angleER7Vector3IfERf @ 0xb00800
GUIDED: _ZNK7Vector3IfEeqERKS0_ @ 0xb00890
GUIDED: _ZN17AP_InertialSensor21set_board_orientationE8Rotation @ 0xb00960
GUIDED: _ZN7Compass21set_board_orientationE8Rotation @ 0xb009c0
GUIDED: _ZNK14AP_Logger_File17recent_open_errorEv @ 0x84f2e0
GUIDED: _ZNK14AP_Logger_File15io_thread_aliveEv @ 0x84f370
GUIDED: _ZN14AP_Logger_File18write_lastlog_fileEt @ 0x84f590
GUIDED: _ZN14AP_Logger_File16disk_space_availEv @ 0x84f700
GUIDED: _ZN14AP_Logger_File10disk_spaceEv @ 0x84f770
GUIDED: _ZL3MINIjjEDTqultfp_fp0_fp_fp0_ERKT_RKT0_.6378 @ 0x84f7e0
GUIDED: _ZN13AP_Filesystem17bytes_until_fsyncEi @ 0x84f860
GUIDED: _ZN13AP_Filesystem9disk_freeEPKc @ 0x84f8e0
GUIDED: _ZNK14AP_Logger_File18_lastlog_file_nameEv @ 0x84f960
GUIDED: _ZNK14AP_Logger_File14_log_file_nameEt @ 0x84f9f0
GUIDED: _ZN14AP_Logger_File13_get_log_sizeEt @ 0x84fa90
GUIDED: _ZN14AP_Logger_File27ensure_log_directory_existsEv @ 0x84fc60
GUIDED: _ZN2AP4rssiEv @ 0x856b20
GUIDED: _ZNK7AP_RSSI7enabledEv @ 0xb01140
GUIDED: _ZN7AP_RSSI13get_singletonEv @ 0x857350
GUIDED: _ZN13AP_CANManager20check_logging_enableEv @ 0x858310
GUIDED: _ZN7FunctorIvJEE14method_wrapperI13AP_CANManagerXadL_ZNS2_20check_logging_enableEvEEEEvPv @ 0xb01770
GUIDED: _ZNK13AP_CANManager15CANIface_Params13option_is_setENS0_7OptionsE @ 0xb01820
GUIDED: _ZN9AP_Logger14Write_MessageFEPKcz @ 0x862cf0
GUIDED: _ZN9AP_Logger13Write_MessageEPKc @ 0x862f00
GUIDED: _ZNK13AP_OADatabase7healthyEv @ 0xb0fa70
GUIDED: _ZN13AP_OADatabase13get_singletonEv @ 0xb0fcf0
GUIDED: _ZNK22AP_BattMonitor_Backend13option_is_setEN21AP_BattMonitor_Params7OptionsE @ 0xb13810
GUIDED: _ZN22AP_BattMonitor_Backend15update_consumedERN14AP_BattMonitor17BattMonitor_StateEj @ 0x87a820
GUIDED: _ZN22AP_BattMonitor_Backend13calculate_mahEff @ 0xb138a0
GUIDED: _ZN18AP_Compass_Backend17accumulate_sampleER7Vector3IfEhj @ 0x87cb30
GUIDED: _ZN18AP_Compass_Backend12rotate_fieldER7Vector3IfEh @ 0x87ccb0
GUIDED: _ZN18AP_Compass_Backend17publish_raw_fieldERK7Vector3IfEh @ 0x87cda0
GUIDED: _ZN18AP_Compass_Backend13correct_fieldER7Vector3IfEh @ 0x87ceb0
GUIDED: _ZN18AP_Compass_Backend8field_okERK7Vector3IfE @ 0x87d2b0
GUIDED: _ZNK7Compass16get_filter_rangeEv @ 0xb15bc0
GUIDED: _ZNK16Compass_PerMotor7enabledEv @ 0xb15c20
GUIDED: _ZN7Compass13_get_priorityE14typesafe_indexIh14TAG_StateIndexE @ 0xb15c90
GUIDED: _ZN14AP_GPS_Backend15set_alt_amsl_cmERN6AP_GPS9GPS_StateEi @ 0x881980
GUIDED: _ZN16JitterCorrection31correct_offboard_timestamp_usecEmm @ 0x881b90
GUIDED: _ZNK14AP_GPS_Backend10option_setEN6AP_GPS13DriverOptionsE @ 0xb18e20
GUIDED: _ZNK6AP_GPS10option_setENS_13DriverOptionsE @ 0xb18e90
GUIDED: _ZN6AP_RTC12set_utc_usecEmNS_11source_typeE @ 0x882600
GUIDED: _ZNK11GCS_MAVLINK14option_enabledENS_6OptionE @ 0xb1b320
GUIDED: _ZNK16AP_SerialManager9UARTState12get_protocolEv @ 0xb1b3a0
GUIDED: _ZN2AP8PerfInfo13set_loop_rateEt @ 0x894ca0
GUIDED: _ZN2AP8PerfInfo5resetEv @ 0x894d60
GUIDED: _ZN3GCS10send_textvE12MAV_SEVERITYPKcP13__va_list_tagh @ 0x895390
GUIDED: _ZNK3GCS26min_status_for_gps_healthyEv @ 0xb1bcf0
GUIDED: _ZL3MINImmEDTqultfp_fp0_fp_fp0_ERKT_RKT0_.6841 @ 0x8958a0
GUIDED: _ZN11ObjectArrayIN3GCS12statustext_tEE10push_forceERKS1_ @ 0xb1bd40
GUIDED: _ZN2AP11frsky_telemEv @ 0x895920
GUIDED: _ZN2AP14spektrum_telemEv @ 0x895960
GUIDED: _ZN9AP_Notify9send_textEPKc @ 0x8959a0
GUIDED: _ZN17AP_Spektrum_Telem13get_singletonEv @ 0xb1be80
GUIDED: _ZN14AP_Frsky_Telem13get_singletonEv @ 0xb1bec0
GUIDED: _ZNK11ObjectArrayIN3GCS12statustext_tEE5spaceEv @ 0xb1bf00
GUIDED: _ZN11ObjectArrayIN3GCS12statustext_tEE4pushERKS1_ @ 0xb1bf60
GUIDED: _ZN6Copter8set_modeEh10ModeReason @ 0x895a40
GUIDED: _ZNK6Copter29current_mode_requires_missionEv @ 0x895ac0
GUIDED: _ZNK6Copter17get_wp_distance_mERf @ 0x897390
GUIDED: _ZNK6Copter18get_wp_bearing_degERf @ 0x897410
GUIDED: _ZNK6Copter25get_wp_crosstrack_error_mERf @ 0x897490
GUIDED: _ZN6Copter8set_homeERK8Locationb @ 0x8975c0
GUIDED: _ZN6Copter18fence_checks_asyncEv @ 0x897ea0
GUIDED: _ZN6AP_HAL15timeout_expiredIjjjEEbT_T0_T1_ @ 0xb1c230
GUIDED: _ZN8AC_Fence5checkEb @ 0x898050
GUIDED: _ZN6Copter3gcsEv @ 0xb1c2b0
GUIDED: _ZNK8AC_Fence23get_auto_disable_fencesEv @ 0x8983b0
GUIDED: _ZN8AC_Fence19clear_margin_breachEh @ 0x898460
GUIDED: _ZN8AP_Param15save_io_handlerEv @ 0x899a80
GUIDED: _ZN7FunctorIvJEE14method_wrapperI8AP_ParamXadL_ZNS2_15save_io_handlerEvEEEEvPv @ 0xb1c490
GUIDED: _ZN15ObjectBuffer_TSIN8AP_Param10param_saveEE3popERS1_ @ 0xb1c540
GUIDED: _ZN6Copter18notify_flight_modeEv @ 0x899d20
GUIDED: _ZL21failsafe_check_staticv @ 0x89ccf0
GUIDED: _ZN6Copter8set_modeEN4Mode6NumberE10ModeReason @ 0x8a10b0
GUIDED: _ZNK15AC_CommandModel11get_rate_tcEv @ 0xb1c920
GUIDED: _ZN18AC_AttitudeControl15set_yaw_rate_tcEf @ 0xb1c970
GUIDED: _ZN6Copter16gcs_mode_enabledEN4Mode6NumberE @ 0x8a17a0
GUIDED: _ZN6Copter18mode_from_mode_numEN4Mode6NumberE @ 0x8a19a0
GUIDED: _ZN6Copter24get_non_takeoff_throttleEv @ 0x8a1ea0
GUIDED: _ZN6Copter9exit_modeERP4ModeS2_ @ 0x8a2010
GUIDED: _ZN7AP_ADSB16set_is_auto_modeEb @ 0xb1c9e0
GUIDED: _ZNK8AC_Fence10get_actionEv @ 0xb1ca40
GUIDED: _ZN8AC_Fence21manual_recovery_startEv @ 0x8a2100
GUIDED: _ZN9AP_Camera16set_is_auto_modeEb @ 0xb1caa0
GUIDED: _ZN18AC_AttitudeControl22set_roll_pitch_rate_tcEf @ 0xb1cb00
GUIDED: _ZN4Mode12takeoff_stopEv @ 0xb1cb70
GUIDED: _ZN4Mode8_TakeOff4stopEv @ 0x8a2260
GUIDED: _ZNK18AC_AttitudeControl15get_throttle_inEv @ 0xb1cbb0
GUIDED: _ZN6AC_PID14set_integratorEf @ 0x8a22f0
GUIDED: _ZL3MAXIifEDTqugtfp_fp0_fp_fp0_ERKT_RKT0_ @ 0x8a23c0
GUIDED: _ZNK13AC_PosControl22get_stopping_point_U_mERd @ 0x8a32e0
GUIDED: _ZNK7AC_P_1D2kPEv @ 0xb1cc60
GUIDED: _Z17stopping_distancefff @ 0x8a3460
GUIDED: _Z19inv_sqrt_controllerfff @ 0x8a34e0
GUIDED: _ZL2sqf.3798 @ 0x8a3720
GUIDED: _ZNK13AC_PosControl23get_stopping_point_NE_mER7Vector2IdE @ 0x8a3770
GUIDED: _ZN7Vector2IfEmIERKS0_ @ 0xb1ccb0
GUIDED: _ZNK7AC_P_2D2kPEv @ 0xb1cd40
GUIDED: _ZNK7Vector2IfE8todoubleEv @ 0xb1cd90
GUIDED: _ZNK10AP_Vehicle21block_GCS_mode_changeEhPKhh @ 0x8a3930
GUIDED: _ZN6AC_PID21set_notch_sample_rateEf @ 0x8a47e0
GUIDED: _ZN6AC_PID7reset_IEv @ 0x8a4bc0
GUIDED: _ZN6AC_PID12reset_filterEv @ 0xb1d140
GUIDED: _ZNK12AP_AHRS_View20get_quat_body_to_nedER11QuaternionTIfE @ 0xb1d1a0
GUIDED: _ZNK18AC_AttitudeControl30thrust_heading_rotation_anglesER11QuaternionTIfERKS1_R7Vector3IfERfS8_ @ 0x8a4c30
GUIDED: _ZNK12AP_AHRS_View15get_gyro_latestEv @ 0x8a4fc0
GUIDED: _ZN6AC_PID10update_allEfffbf @ 0x8a5070
GUIDED: _ZNK6AC_PID16get_filt_T_alphaEf @ 0x8a5680
GUIDED: _ZNK6AC_PID16get_filt_E_alphaEf @ 0x8a5700
GUIDED: _ZNK6AC_PID16get_filt_D_alphaEf @ 0x8a5780
GUIDED: _ZN6AC_PID8update_iEfb @ 0x8a5800
GUIDED: _ZN11SlewLimiter8modifierEff @ 0x8a5a00
GUIDED: _ZNK11SlewLimiter13get_slew_rateEv @ 0xb1d460
GUIDED: _ZNK7AP_AHRS15get_gyro_latestEv @ 0x8a6000
GUIDED: _ZNK7AP_AHRS22get_primary_gyro_indexEv @ 0xb1d4b0
GUIDED: _ZNK18AC_AttitudeControl29thrust_vector_rotation_anglesERK11QuaternionTIfES3_RS1_R7Vector3IfERfS8_ @ 0x8a60b0
GUIDED: _ZNK18AC_AttitudeControl23get_accel_yaw_max_radssEv @ 0xb1d500
GUIDED: _ZL7radiansf.12163 @ 0x8a64a0
GUIDED: _ZNK6AC_PID2kPEv @ 0xb1d560
GUIDED: _ZNK4AC_P2kPEv @ 0xb1d5b0
GUIDED: _ZL3MINIffEDTqultfp_fp0_fp_fp0_ERKT_RKT0_.12170 @ 0x8a64f0
GUIDED: _ZL9cd_to_radf.12171 @ 0x8a6580
GUIDED: _ZNK25HarmonicNotchFilterParams9hasOptionENS_7OptionsE @ 0xb1d8b0
GUIDED: _ZN17AP_InertialSensor12_gyro_offsetEh @ 0xb1ecf0
GUIDED: _ZN17AP_InertialSensor12caltemp_gyroEh @ 0xb1ed60
GUIDED: _ZN22AP_InertialSensor_SITL6updateEv @ 0x8a9240
GUIDED: _ZN25AP_InertialSensor_Backend10accumulateEv @ 0xb1ee80
GUIDED: _ZNK25AP_InertialSensor_Backend24get_gyro_backend_rate_hzEv @ 0xb1eff0
GUIDED: _ZN25AP_InertialSensor_Backend11set_primaryEb @ 0xb1f050
GUIDED: _ZNK25AP_InertialSensor_Backend21_gyro_raw_sample_rateEh @ 0xb1f0a0
GUIDED: _ZN22AP_InertialSensor_SITL12timer_updateEv @ 0x8a99c0
GUIDED: _ZN7FunctorIvJEE14method_wrapperI22AP_InertialSensor_SITLXadL_ZNS2_12timer_updateEvEEEEvPv @ 0xb1f170
GUIDED: _ZN22AP_InertialSensor_SITL14generate_accelEv @ 0x8a9e90
GUIDED: _ZN22AP_InertialSensor_SITL13generate_gyroEv @ 0x8aae70
GUIDED: _ZNK25AP_InertialSensor_Backend20enable_fast_samplingEh @ 0xb1f220
GUIDED: _ZNK22AP_InertialSensor_SITL10gyro_driftEv @ 0x8ab8d0
GUIDED: _ZL7radiansd.19050 @ 0x8abad0
GUIDED: _ZL7radiansf.19051 @ 0x8abb20
GUIDED: _ZN22AP_InertialSensor_SITL15get_temperatureEv @ 0x8abc00
GUIDED: _ZNK22AP_InertialSensor_TCal15sitl_apply_gyroEfR7Vector3IfE @ 0x8abda0
GUIDED: _ZN25AP_InertialSensor_Backend35_notify_new_gyro_sensor_rate_sampleEhRK7Vector3IfE @ 0x8abe80
GUIDED: _ZN25AP_InertialSensor_Backend24_rotate_and_correct_gyroEhR7Vector3IfE @ 0x8ac080
GUIDED: _ZN25AP_InertialSensor_Backend27_notify_new_gyro_raw_sampleEhRK7Vector3IfEm @ 0x8ac210
GUIDED: _ZNK25AP_InertialSensor_Backend15has_been_killedEh @ 0xb1f2b0
GUIDED: _ZNK25AP_InertialSensor_Backend19_update_sensor_rateERtRjRf @ 0x8ac8b0
GUIDED: _ZN25AP_InertialSensor_Backend18apply_gyro_filtersEhRK7Vector3IfE @ 0x8aca80
GUIDED: _ZN25AP_InertialSensor_Backend12log_gyro_rawEhmRK7Vector3IfES3_ @ 0x8aceb0
GUIDED: _ZN25AP_InertialSensor_Backend14update_primaryEv @ 0x8ad140
GUIDED: _ZNK17AP_InertialSensor22raw_logging_option_setENS_18RAW_LOGGING_OPTIONE @ 0xb1f330
GUIDED: _ZNK25AP_InertialSensor_Backend18should_log_imu_rawEv @ 0x8ad220
GUIDED: _ZNK17AP_InertialSensor12BatchSampler25doing_sensor_rate_loggingEv @ 0xb1f3b0
GUIDED: _ZNK17AP_InertialSensor12BatchSampler25doing_post_filter_loggingEv @ 0xb1f410
GUIDED: _ZN17AP_InertialSensor12BatchSampler6sampleEhNS_15IMU_SENSOR_TYPEEmRK7Vector3IfE @ 0x8ad430
GUIDED: _ZN17AP_InertialSensor12BatchSampler10should_logEhNS_15IMU_SENSOR_TYPEE @ 0x8ad580
GUIDED: _ZN25AP_InertialSensor_Backend16save_gyro_windowEhRK7Vector3IfEh @ 0x8ad6c0
GUIDED: _ZN15LowPassFilter2pI7Vector3IfEE5applyERKS1_ @ 0xb1f6f0
GUIDED: _ZNK17AP_InertialSensor25is_rate_loop_gyro_enabledEh @ 0x8ad980
GUIDED: _ZN19DigitalBiquadFilterI7Vector3IfEE5applyERKS1_RKNS2_13biquad_paramsE @ 0xb1f950
GUIDED: _ZNK25AP_InertialSensor_Backend18sensors_convergingEv @ 0x8adbb0
GUIDED: _ZNK22AP_InertialSensor_TCal12correct_gyroEffR7Vector3IfE @ 0x8adce0
GUIDED: _ZNK22AP_InertialSensor_TCal14correct_sensorEffPK9AP_ParamVI7Vector3IfEL11ap_var_type5EERS2_ @ 0x8add80
GUIDED: _ZNK22AP_InertialSensor_TCal15polynomial_evalEfPK9AP_ParamVI7Vector3IfEL11ap_var_type5EE @ 0x8adf90
GUIDED: _ZNK22AP_InertialSensor_TCal16sitl_apply_accelEfR7Vector3IfE @ 0x8b0f40
GUIDED: _ZN25AP_InertialSensor_Backend36_notify_new_accel_sensor_rate_sampleEhRK7Vector3IfE @ 0x8b1020
GUIDED: _ZN25AP_InertialSensor_Backend25_rotate_and_correct_accelEhR7Vector3IfE @ 0x8b1220
GUIDED: _ZN25AP_InertialSensor_Backend28_notify_new_accel_raw_sampleEhRK7Vector3IfEmb @ 0x8b1440
GUIDED: _ZN25AP_InertialSensor_Backend20_publish_temperatureEhf @ 0x8b19f0
GUIDED: _ZN17AP_InertialSensor27calc_vibration_and_clippingEhRK7Vector3IfEf @ 0x8b1a90
GUIDED: _ZN17AP_InertialSensor19set_accel_peak_holdEhRK7Vector3IfE @ 0x8b1d10
GUIDED: _ZN25AP_InertialSensor_Backend13log_accel_rawEhmRK7Vector3IfE @ 0x8b1df0
GUIDED: _ZNK25AP_InertialSensor_Backend14get_clip_limitEv @ 0xb20970
GUIDED: _ZN13LowPassFilterI7Vector3IfEE5applyERKS1_RKf @ 0xb209c0
GUIDED: _ZN10DigitalLPFI7Vector3IfEE6_applyERKS1_RKf @ 0xb20a80
GUIDED: _ZNK22AP_InertialSensor_TCal13correct_accelEffR7Vector3IfE @ 0x8b21d0
GUIDED: _ZN25AP_InertialSensor_Backend12update_accelEh @ 0x8b2650
GUIDED: _ZN25AP_InertialSensor_Backend11update_gyroEh @ 0x8b2770
GUIDED: _ZN25AP_InertialSensor_Backend13_publish_gyroEhRK7Vector3IfE @ 0x8b28d0
GUIDED: _ZN25AP_InertialSensor_Backend19update_gyro_filtersEh @ 0x8b2a40
GUIDED: _ZNK25AP_InertialSensor_Backend19_gyro_filter_cutoffEv @ 0xb20d50
GUIDED: _ZN25AP_InertialSensor_Backend14_publish_accelEhRK7Vector3IfE @ 0x8b2e80
GUIDED: _ZN25AP_InertialSensor_Backend20update_accel_filtersEh @ 0x8b30b0
GUIDED: _ZNK25AP_InertialSensor_Backend20_accel_filter_cutoffEv @ 0xb21030
GUIDED: _ZN6Copter34Log_Write_Vehicle_Startup_MessagesEv @ 0x8b4c40
GUIDED: _ZN7FunctorIvJEE14method_wrapperI6CopterXadL_ZNS2_34Log_Write_Vehicle_Startup_MessagesEvEEEEvPv @ 0xb214d0
GUIDED: _ZNK9AP_Motors25get_frame_and_type_stringEPch @ 0x8b4d30
GUIDED: _ZN6AP_GPS36Write_AP_Logger_Log_Startup_messagesEv @ 0x8b4e50
GUIDED: _ZNK9AP_Motors16get_frame_stringEv @ 0x8b4f30
GUIDED: _ZN11AP_SmartRTL22run_background_cleanupEv @ 0x8b4fc0
GUIDED: _ZN7FunctorIvJEE14method_wrapperI11AP_SmartRTLXadL_ZNS2_22run_background_cleanupEvEEEEvPv @ 0xb215e0
GUIDED: _ZN11AP_SmartRTL15routine_cleanupEtt @ 0x8b5290
GUIDED: _ZN11AP_SmartRTL22detect_simplificationsEv @ 0x8b5460
GUIDED: _ZN11AP_SmartRTL29restart_pruning_if_new_pointsEv @ 0x8b59b0
GUIDED: _ZN11AP_SmartRTL12detect_loopsEv @ 0x8b5a20
GUIDED: _ZNK6AP_HAL6OwnPtrINS_9I2CDeviceEEptEv @ 0xb266d0
GUIDED: _ZN7AP_Baro6updateEv @ 0x8d4630
GUIDED: _ZNK7AP_Baro7healthyEv @ 0xb2a740
GUIDED: _ZN15AP_Baro_Backend14backend_updateEh @ 0x8d4d50
GUIDED: _ZN7AP_Baro24wind_pressure_correctionEh @ 0x8d4dd0
GUIDED: _ZNK7AP_Baro15get_last_updateEv @ 0xb2a7a0
GUIDED: _ZN16DerivativeFilterIfLh7EE6updateEfj @ 0xb2a800
GUIDED: _ZN7AP_Baro22update_field_elevationEv @ 0x8d5110
GUIDED: _ZNK7AP_Baro10should_logEv @ 0x8d5390
GUIDED: _ZN7AP_Baro10Write_BaroEv @ 0x8d5440
GUIDED: _ZN7AP_Baro19Write_Baro_instanceEmh @ 0x8d54d0
GUIDED: _ZNK7AP_Baro21get_baro_drift_offsetEv @ 0xb2a8e0
GUIDED: _ZNK7AP_Baro22get_ground_temperatureEv @ 0x8d56f0
GUIDED: _ZNK7AP_Baro22get_corrected_pressureEh @ 0xb2a930
GUIDED: _ZN16FilterWithBufferIfLh7EE5applyEf @ 0xb2aa10
GUIDED: _ZNK7AP_AHRS20airspeed_vector_trueER7Vector3IfE @ 0x8d5790
GUIDED: _ZNK7AP_AHRS21get_air_density_ratioEv @ 0x8d5810
GUIDED: _ZL2sqf.2028 @ 0x8d58d0
GUIDED: _ZNK7AP_AHRS12get_accel_efEv @ 0xb2e2b0
GUIDED: _ZNK12NavEKF3_core9getMagXYZER7Vector3IfE @ 0x9019a0
GUIDED: _ZNK12NavEKF3_core9getMagNEDER7Vector3IfE @ 0x901c20
GUIDED: _ZNK7Vector2IfEdvEf @ 0xb31c20
GUIDED: _ZNK7AP_EnumIN13AP_OADatabase11OutputLevelEEcvKS1_Ev @ 0xb33970
GUIDED: _ZN15AP_Compass_SITL6_timerEv @ 0x9132b0
GUIDED: _ZN7FunctorIvJEE14method_wrapperI15AP_Compass_SITLXadL_ZNS2_6_timerEvEEEEvPv @ 0xb34230
GUIDED: _Z10rand_vec3fv @ 0x9137e0
GUIDED: _ZN7VectorNIN15AP_Compass_SITL16readings_compassELh50EEixEh @ 0xb342e0
GUIDED: _ZN15AP_Compass_SITL26_setup_eliptical_correcionEh @ 0x913860
GUIDED: _ZNK18AP_Compass_Backend21get_board_orientationEv @ 0x913a90
GUIDED: _ZN15AP_Compass_SITL4readEv @ 0x913ae0
GUIDED: _ZNK14AP_GPS_Backend32supports_mavlink_gps_rtk_messageEv @ 0xb34960
GUIDED: _ZNK14AP_GPS_Blended7get_lagERf @ 0x914850
GUIDED: _ZNK14AP_GPS_Blended10is_healthyEv @ 0xb34b20
GUIDED: _ZNK14AP_GPS_Backend36Write_AP_Logger_Log_Startup_messagesEv @ 0x9148d0
GUIDED: _ZN14AP_GPS_Backend18prepare_for_armingEv @ 0xb34c20
GUIDED: _ZNK14AP_GPS_Backend18_detection_messageEPch @ 0x914940
GUIDED: _ZN6Copter14failsafe_checkEv @ 0x914f20
GUIDED: _ZNK12AP_Parachute7enabledEv @ 0xb35060
GUIDED: _ZN6Copter10read_radioEv @ 0x9158f0
GUIDED: _ZN11RC_Channels10read_inputEv @ 0x9161f0
GUIDED: _ZN6Copter25set_throttle_and_failsafeEt @ 0x916320
GUIDED: _ZN6Copter22set_throttle_zero_flagEs @ 0x9164c0
GUIDED: _ZN6Copter27radio_passthrough_to_motorsEv @ 0x9165e0
GUIDED: _ZNK11RC_Channels17get_fs_timeout_msEv @ 0xb35220
GUIDED: _ZL3MAXIfiEDTqugtfp_fp0_fp_fp0_ERKT_RKT0_.1753 @ 0x917340
GUIDED: _ZNK10RC_Channel22get_control_in_zero_dzEv @ 0x9173e0
GUIDED: _ZN9AP_Motors21set_radio_passthroughEffff @ 0x917460
GUIDED: _ZNK10RC_Channel15pwm_to_range_dzEt @ 0x917520
GUIDED: _ZNK10RC_Channel15pwm_to_angle_dzEt @ 0x9176c0
GUIDED: _ZNK10RC_Channel20pwm_to_angle_dz_trimEtt @ 0x917750
GUIDED: _ZN10RC_Channel6updateEv @ 0x9179a0
GUIDED: _ZN11RC_Channels23rudder_arm_disarm_checkEv @ 0x917b10
GUIDED: _ZNK10RC_Channel12pwm_to_rangeEv @ 0x917d10
GUIDED: _ZNK10RC_Channel12pwm_to_angleEv @ 0x917d80
GUIDED: _ZN12SRV_Channels17enable_aux_servosEv @ 0x917df0
GUIDED: _ZN10RC_Channel16read_mode_switchEv @ 0x918490
GUIDED: _ZN10RC_Channel16read_6pos_switchERa @ 0x918510
GUIDED: _ZN10RC_Channel18debounce_completedEa @ 0x918670
GUIDED: _ZNK8AC_WPNav27get_wp_stopping_point_NEU_mER7Vector3IfE @ 0x91a8f0
GUIDED: _ZN13AC_PosControl20update_NE_controllerEv @ 0x91b3c0
GUIDED: _ZNK8AC_WPNav23get_default_speed_NE_msEv @ 0xb35af0
GUIDED: _ZNK8AC_WPNav23get_default_speed_up_msEv @ 0xb35b50
GUIDED: _ZNK8AC_WPNav25get_default_speed_down_msEv @ 0xb35bb0
GUIDED: _ZNK13AC_PosControl22get_pos_estimate_NEU_mEv @ 0xb35da0
GUIDED: _ZNK13AC_PosControl22get_vel_desired_NEU_msEv @ 0xb35df0
GUIDED: _ZNK13AC_PosControl23get_vel_estimate_NEU_msEv @ 0xb35f50
GUIDED: _Z16update_vel_accelRfffff @ 0x91ca70
GUIDED: _ZNK8AC_WPNav23get_wp_acceleration_mssEv @ 0xb35fa0
GUIDED: _Z15shape_vel_accelfffRfffffb @ 0x91cbd0
GUIDED: _Z15sqrt_controllerffff @ 0x91fff0
GUIDED: _Z11shape_accelfRfff @ 0x9202d0
GUIDED: _ZNK7AC_P_2D9get_errorEv @ 0xb36300
GUIDED: _ZNK7AC_P_1D9get_errorEv @ 0xb36350
GUIDED: _ZNK13AC_PosControl19get_max_speed_up_msEv @ 0xb363a0
GUIDED: _ZNK13AC_PosControl19get_max_accel_U_mssEv @ 0xb363f0
GUIDED: _ZN13AC_PosControl23set_max_speed_accel_U_mEfff @ 0x920470
GUIDED: _ZNK13AC_PosControl21get_max_speed_down_msEv @ 0xb36490
GUIDED: _ZNK8AC_WPNav15get_accel_U_mssEv @ 0xb364e0
GUIDED: _ZN6SCurve11add_segmentERhfNS_11SegmentTypeEffff @ 0x921ea0
GUIDED: _ZN6SCurve4initEv @ 0x924ab0
GUIDED: _ZN6AC_PID9filt_T_hzEv @ 0xb36540
GUIDED: _ZL3MINIffEDTqultfp_fp0_fp_fp0_ERKT_RKT0_.12234 @ 0x9253a0
GUIDED: _ZN6AC_PID9filt_E_hzEv @ 0xb36590
GUIDED: _ZN13AC_PosControl24set_max_speed_accel_NE_mEff @ 0x925430
GUIDED: _ZN13AC_PosControl31set_correction_speed_accel_NE_mEff @ 0x925630
GUIDED: _ZN7AC_P_2D10set_limitsEfff @ 0x9256b0
GUIDED: _ZNK18AC_AttitudeControl25get_ang_vel_roll_max_radsEv @ 0xb365e0
GUIDED: _ZNK18AC_AttitudeControl26get_ang_vel_pitch_max_radsEv @ 0xb36640
GUIDED: _ZNK18AC_AttitudeControl24get_accel_roll_max_radssEv @ 0xb366a0
GUIDED: _ZNK18AC_AttitudeControl25get_accel_pitch_max_radssEv @ 0xb36700
GUIDED: _ZN18AC_AttitudeControl18get_bf_feedforwardEv @ 0xb36760
GUIDED: _ZL9cd_to_radf.1210 @ 0x9258e0
GUIDED: _ZN13AC_PosControl19handle_ekf_NE_resetEv @ 0x925930
GUIDED: _ZN13AC_PosControl18init_NE_controllerEv @ 0x925b40
GUIDED: _ZNK7AP_AHRS16getControlLimitsERfS0_ @ 0x925f10
GUIDED: _ZN13AC_PosControl17update_offsets_NEEv @ 0x926040
GUIDED: _ZN7AC_P_2D10update_allER7Vector2IdERKS1_ @ 0x926340
GUIDED: _ZN9AC_PID_2D10update_allERK7Vector2IfES3_fS3_ @ 0x9264a0
GUIDED: _ZNK13AC_PosControl22get_lean_angle_max_radEv @ 0x9269e0
GUIDED: _Z22angle_rad_to_accel_mssf @ 0x926ab0
GUIDED: _Z14limit_accel_xyRK7Vector2IfERS0_f @ 0x926b10
GUIDED: _ZNK13AC_PosControl31accel_NE_mss_to_lean_angles_radEffRfS0_ @ 0x926d10
GUIDED: _ZN13AC_PosControl26calculate_yaw_and_rate_yawEv @ 0x926ea0
GUIDED: _ZNK18AC_AttitudeControl24get_att_target_euler_radEv @ 0xb367d0
GUIDED: _ZNK12AP_AHRS_View7cos_yawEv @ 0xb36820
GUIDED: _ZNK12AP_AHRS_View7sin_yawEv @ 0xb36870
GUIDED: _Z22accel_mss_to_angle_radf @ 0x9270c0
GUIDED: _ZN7Vector2IfE12limit_lengthEf @ 0xb368c0
GUIDED: _ZNK7Vector2IfE10normalizedEv @ 0xb36990
GUIDED: _ZNK18AC_AttitudeControl18lean_angle_max_radEv @ 0xb369f0
GUIDED: _ZNK9AC_PID_2D16get_filt_E_alphaEf @ 0x927170
GUIDED: _ZNK9AC_PID_2D16get_filt_D_alphaEf @ 0x9271f0
GUIDED: _ZN9AC_PID_2D8update_iEfRK7Vector2IfE @ 0x927270
GUIDED: _Z15sqrt_controllerRK7Vector2IfEfff @ 0x9273e0
GUIDED: _Z23update_pos_vel_accel_xyR7Vector2IdERS_IfERKS2_fS5_S5_S5_ @ 0x9274c0
GUIDED: _ZNK9AC_PID_2D9get_errorEv @ 0xb36a50
GUIDED: _Z22shape_pos_vel_accel_xyRK7Vector2IdERKS_IfES5_S2_S5_RS3_ffffb @ 0x927670
GUIDED: _Z18shape_vel_accel_xyRK7Vector2IfES2_S2_RS0_fffb @ 0x927900
GUIDED: _Z14shape_accel_xyRK7Vector2IfERS0_ff @ 0x927c60
GUIDED: _Z19update_vel_accel_xyR7Vector2IfERKS0_fS3_S3_ @ 0x927d70
GUIDED: _ZNK7NavEKF319getEkfControlLimitsERfS0_ @ 0x928000
GUIDED: _ZNK12NavEKF3_core19getEkfControlLimitsERfS0_ @ 0x928160
GUIDED: _ZN13AC_PosControl15init_offsets_NEEv @ 0x928760
GUIDED: _ZNK13AC_PosControl27lean_angles_to_accel_NE_mssERfS0_ @ 0x9288c0
GUIDED: _ZN9AC_PID_2D12reset_filterEv @ 0xb36aa0
GUIDED: _ZN9AC_PID_2D2ffEv @ 0xb36af0
GUIDED: _ZN9AC_PID_2D14set_integratorERK7Vector2IfE @ 0x928990
GUIDED: _ZN13AC_PosControl17init_ekf_NE_resetEv @ 0x928a20
GUIDED: _ZN12AP_AHRS_View24getLastPosNorthEastResetER7Vector2IfE @ 0xb36b40
GUIDED: _ZN7AP_AHRS24getLastPosNorthEastResetER7Vector2IfE @ 0x928a90
GUIDED: _ZN7NavEKF324getLastPosNorthEastResetER7Vector2IfE @ 0x928ce0
GUIDED: _ZNK13AC_PosControl32lean_angles_rad_to_accel_NEU_mssERK7Vector3IfE @ 0x928e30
GUIDED: _ZL3MAXIffEDTqugtfp_fp0_fp_fp0_ERKT_RKT0_.12242 @ 0x929010
GUIDED: _ZN13AC_PosControl24calculate_overspeed_gainEv @ 0x929090
GUIDED: _ZNK12AC_PID_Basic9get_errorEv @ 0xb36c10
GUIDED: _Z20update_pos_vel_accelRdRffffff @ 0x9291a0
GUIDED: _Z19shape_pos_vel_acceldffdfRfffffffb @ 0x929300
GUIDED: _ZL3MINIffEDTqultfp_fp0_fp_fp0_ERKT_RKT0_.12464 @ 0x929aa0
GUIDED: _ZN8AC_WPNav20wp_and_spline_init_mEf7Vector3IfE @ 0x92a3f0
GUIDED: _ZL3MAXI9AP_ParamTIfL11ap_var_type4EEfEDTqugtfp_fp0_fp_fp0_ERKT_RKT0_.12462 @ 0x92a910
GUIDED: _ZN13AC_PosControl32init_U_controller_stopping_pointEv @ 0x92a9a0
GUIDED: _ZN13AC_PosControl33init_NE_controller_stopping_pointEv @ 0x92aa40
GUIDED: _ZL3MAXIffEDTqugtfp_fp0_fp_fp0_ERKT_RKT0_.12463 @ 0x92ab50
GUIDED: _ZN13AC_PosControl30set_correction_speed_accel_U_mEfff @ 0x92abd0
GUIDED: _ZN8AC_WPNav25calc_scurve_jerk_and_snapEv @ 0x92ac80
GUIDED: _ZNK18AC_AttitudeControl12get_input_tcEv @ 0xb36e00
GUIDED: _ZN7AC_P_1D10set_limitsEffff @ 0x92af30
GUIDED: _ZN13AC_PosControl17init_U_controllerEv @ 0x92b1d0
GUIDED: _ZN13AC_PosControl12init_terrainEv @ 0x92b440
GUIDED: _ZN13AC_PosControl14init_offsets_UEv @ 0x92b4b0
GUIDED: _ZN12AC_PID_Basic12reset_filterEv @ 0xb36e60
GUIDED: _ZN12AC_PID_Basic14set_integratorEf @ 0x92b570
GUIDED: _ZNK13AC_PosControl24get_measured_accel_U_mssEv @ 0xb36eb0
GUIDED: _ZN13AC_PosControl16init_ekf_U_resetEv @ 0x92b620
GUIDED: _ZN12AP_AHRS_View19getLastPosDownResetERf @ 0xb36f20
GUIDED: _ZN7AP_AHRS19getLastPosDownResetERf @ 0x92b690
GUIDED: _ZN7NavEKF319getLastPosDownResetERf @ 0x92b8d0
GUIDED: _ZNK12AP_AHRS_View12get_accel_efEv @ 0xb36ff0
GUIDED: _ZN24AC_AttitudeControl_Multi17get_rate_roll_pidEv @ 0xb37720
GUIDED: _ZN24AC_AttitudeControl_Multi18get_rate_pitch_pidEv @ 0xb37770
GUIDED: _ZN24AC_AttitudeControl_Multi16get_rate_yaw_pidEv @ 0xb377c0
GUIDED: _ZNK24AC_AttitudeControl_Multi16get_rate_yaw_pidEv @ 0xb378b0
GUIDED: _ZN18AC_AttitudeControl47input_euler_angle_roll_pitch_euler_rate_yaw_radEfff @ 0x92d0e0
GUIDED: _ZN18AC_AttitudeControl37input_thrust_vector_rate_heading_radsERK7Vector3IfEfb @ 0x92ea10
GUIDED: _ZN24AC_AttitudeControl_Multi19rate_controller_runEv @ 0x92f3b0
GUIDED: _ZN24AC_AttitudeControl_Multi28rate_controller_target_resetEv @ 0x92f440
GUIDED: _ZN24AC_AttitudeControl_Multi22rate_controller_run_dtERK7Vector3IfEf @ 0x92f4d0
GUIDED: _ZN24AC_AttitudeControl_Multi29update_althold_lean_angle_maxEf @ 0x92f780
GUIDED: _ZN24AC_AttitudeControl_Multi16set_throttle_outEfbf @ 0x92f8c0
GUIDED: _ZNK18AC_AttitudeControl30get_althold_lean_angle_max_radEv @ 0x92f9f0
GUIDED: _ZN24AC_AttitudeControl_Multi21set_notch_sample_rateEf @ 0x92fd00
GUIDED: _ZNK24AC_AttitudeControl_Multi19is_throttle_mix_minEv @ 0xb37a60
GUIDED: _ZN24AC_AttitudeControl_Multi20set_throttle_mix_minEv @ 0xb37af0
GUIDED: _ZN24AC_AttitudeControl_Multi20set_throttle_mix_maxEf @ 0x92fda0
GUIDED: _ZN18AC_AttitudeControl16get_roll_trim_cdEv @ 0xb37da0
GUIDED: _ZL3MAXIffEDTqugtfp_fp0_fp_fp0_ERKT_RKT0_.12164 @ 0x92fe90
GUIDED: _ZN9AP_Motors26set_throttle_filter_cutoffEf @ 0xb37f00
GUIDED: _ZN24AC_AttitudeControl_Multi20get_throttle_boostedEf @ 0x92ff10
GUIDED: _ZN9AP_Motors12set_throttleEf @ 0xb37f70
GUIDED: _ZL3MAXIffEDTqugtfp_fp0_fp_fp0_ERKT_RKT0_.12079 @ 0x9300b0
GUIDED: _ZN24AC_AttitudeControl_Multi20get_throttle_avg_maxEf @ 0x930130
GUIDED: _ZN9AP_Motors20set_throttle_avg_maxEf @ 0xb37fd0
GUIDED: _ZNK12AP_AHRS_View9cos_pitchEv @ 0xb38050
GUIDED: _ZNK12AP_AHRS_View8cos_rollEv @ 0xb380a0
GUIDED: _ZNK20AP_MotorsMulticopter23get_throttle_thrust_maxEv @ 0xb380f0
GUIDED: _ZN24AC_AttitudeControl_Multi26update_throttle_gain_boostEv @ 0x930230
GUIDED: _ZN24AC_AttitudeControl_Multi23update_throttle_rpy_mixEv @ 0x9303b0
GUIDED: _ZN9AP_Motors8set_rollEf @ 0xb38140
GUIDED: _ZNK6AC_PID6get_ffEv @ 0x9305f0
GUIDED: _ZN9AP_Motors11set_roll_ffEf @ 0xb381a0
GUIDED: _ZN9AP_Motors9set_pitchEf @ 0xb38200
GUIDED: _ZN9AP_Motors12set_pitch_ffEf @ 0xb38260
GUIDED: _ZN9AP_Motors7set_yawEf @ 0xb382c0
GUIDED: _ZN9AP_Motors10set_yaw_ffEf @ 0xb38320
GUIDED: _ZL3MINIffEDTqultfp_fp0_fp_fp0_ERKT_RKT0_.12080 @ 0x930650
GUIDED: _ZNK9AP_Motors16get_throttle_outEv @ 0xb38380
GUIDED: _ZNK9AP_Motors22get_throttle_slew_rateEv @ 0xb383d0
GUIDED: _ZN18AC_AttitudeControl17set_PD_scale_multERK7Vector3IfE @ 0xb38420
GUIDED: _ZN18AC_AttitudeControl22set_angle_P_scale_multERK7Vector3IfE @ 0xb38490
GUIDED: _ZNK18AC_AttitudeControl21get_slew_yaw_max_radsEv @ 0x9306e0
GUIDED: _ZN18AC_AttitudeControl22update_attitude_targetEv @ 0x930730
GUIDED: _ZNK11QuaternionTIfE8to_eulerER7Vector3IfE @ 0xb38500
GUIDED: _ZNK18AC_AttitudeControl27attitude_from_thrust_vectorE7Vector3IfEf @ 0x930800
GUIDED: _ZN18AC_AttitudeControl19input_shaping_angleEfffff @ 0xb38580
GUIDED: _ZN18AC_AttitudeControl19input_shaping_angleEfffffff @ 0x930a50
GUIDED: _ZNK18AC_AttitudeControl13ang_vel_limitER7Vector3IfEfff @ 0x930bb0
GUIDED: _ZN18AC_AttitudeControl21ang_vel_to_euler_rateERK11QuaternionTIfERK7Vector3IfERS5_ @ 0x930db0
GUIDED: _ZN18AC_AttitudeControl28attitude_controller_run_quatEv @ 0x930f50
GUIDED: _ZN18AC_AttitudeControl36update_ang_vel_target_from_att_errorERK7Vector3IfE @ 0x9313f0
GUIDED: _ZNK18AC_AttitudeControl15get_latest_gyroEv @ 0x931800
GUIDED: _ZN18AC_AttitudeControl21input_shaping_ang_velEfffff @ 0x931870
GUIDED: _ZNK18AC_AttitudeControl21get_slew_yaw_max_degsEv @ 0x9319f0
GUIDED: _ZN18AC_AttitudeControl17euler_accel_limitERK11QuaternionTIfERK7Vector3IfE @ 0x931b50
GUIDED: _ZN18AC_AttitudeControl21euler_rate_to_ang_velERK11QuaternionTIfERK7Vector3IfERS5_ @ 0x931e70
GUIDED: _ZN18AC_AttitudeControl17get_roll_trim_radEv @ 0xb38630
GUIDED: _ZL9cd_to_radf @ 0x931fd0
GUIDED: _ZN18AC_AttitudeControl29reset_rate_controller_I_termsEv @ 0x932190
GUIDED: _ZNK20AP_MotorsMulticopter13arming_checksEmPc @ 0x933020
GUIDED: _ZNK20AP_MotorsMulticopter18get_throttle_hoverEv @ 0xb38d60
GUIDED: _ZN20AP_MotorsMulticopter6outputEv @ 0x933720
GUIDED: _ZN20AP_MotorsMulticopter10output_minEv @ 0x933800
GUIDED: _ZN9AP_Motors8rc_writeEht @ 0x933940
GUIDED: _ZN20AP_MotorsMulticopter9Log_WriteEv @ 0x933a00
GUIDED: _ZN15AP_MotorsMatrix24output_armed_stabilizingEv @ 0x933b00
GUIDED: _ZN20AP_MotorsMulticopter22update_throttle_filterEv @ 0x934840
GUIDED: _ZNK15AP_MotorsMatrix15get_type_stringEv @ 0xb39060
GUIDED: _ZN20AP_MotorsMulticopter30get_current_limit_max_throttleEv @ 0x934ed0
GUIDED: _ZN20AP_MotorsMulticopter21output_boost_throttleEv @ 0x935150
GUIDED: _ZN20AP_MotorsMulticopter11output_rpytEv @ 0x935230
GUIDED: _ZL3MAXIffEDTqugtfp_fp0_fp_fp0_ERKT_RKT0_.12661 @ 0x9367a0
GUIDED: _ZNK20Thrust_Linearization17get_battery_indexEv @ 0xb39160
GUIDED: _ZN15AP_MotorsMatrix16output_to_motorsEv @ 0x936c60
GUIDED: _ZNK20AP_MotorsMulticopter18motor_enabled_maskEh @ 0xb39220
GUIDED: _ZNK20AP_MotorsMulticopter31actuator_spin_up_to_ground_idleEv @ 0x936ee0
GUIDED: _ZN20AP_MotorsMulticopter22set_actuator_with_slewERff @ 0x936f70
GUIDED: _ZNK20Thrust_Linearization18thrust_to_actuatorEf @ 0x937130
GUIDED: _ZN20AP_MotorsMulticopter13output_to_pwmEf @ 0x937210
GUIDED: _ZNK20Thrust_Linearization35apply_thrust_curve_and_volt_scalingEf @ 0x937330
GUIDED: _ZNK20Thrust_Linearization12get_spin_minEv @ 0xb392d0
GUIDED: _ZNK20Thrust_Linearization21get_compensation_gainEv @ 0x9375b0
GUIDED: _ZNK15AP_MotorsMatrix11boost_ratioEff @ 0x9376c0
GUIDED: _ZL3MINIffEDTqultfp_fp0_fp_fp0_ERKT_RKT0_.12687 @ 0x937750
GUIDED: _ZN15AP_MotorsMatrix22check_for_failed_motorEf @ 0x9377e0
GUIDED: _ZNK20Thrust_Linearization12get_lift_maxEv @ 0xb39380
GUIDED: _ZN9AP_Motors23set_desired_spool_stateENS_17DesiredSpoolStateE @ 0x937b00
GUIDED: _ZN20Thrust_Linearization33update_lift_max_from_batt_voltageEv @ 0x937b80
GUIDED: _ZN20AP_MotorsMulticopter12output_logicEv @ 0x937f20
GUIDED: _ZN20AP_MotorsMulticopter22update_external_limitsEv @ 0x938910
GUIDED: _ZNK9AP_Motors17get_spoolup_blockEv @ 0xb393d0
GUIDED: _ZL3MINIffEDTqultfp_fp0_fp_fp0_ERKT_RKT0_.12751 @ 0x938a40
GUIDED: _ZL3MAXIffEDTqugtfp_fp0_fp_fp0_ERKT_RKT0_.12752 @ 0x938ad0
GUIDED: _ZN9AP_Motors10has_optionENS_12MotorOptionsE @ 0xb39430
GUIDED: _ZNK9AP_ParamTIfL11ap_var_type4EEgeERKS1_ @ 0xb394b0
GUIDED: _ZL3MAXI9AP_ParamTIfL11ap_var_type4EEfEDTqugtfp_fp0_fp_fp0_ERKT_RKT0_.12812 @ 0x938b50
GUIDED: _ZNK9AP_Motors8get_dt_sEv @ 0xb39520
GUIDED: _ZNK9AP_Motors13arming_checksEmPc @ 0x938e70
GUIDED: _ZNK20AP_MotorsMulticopter20check_mot_pwm_paramsEv @ 0x938f30
GUIDED: _ZN15AP_MotorsMatrix19thrust_compensationEv @ 0x939f50
GUIDED: _ZNK7FunctorIvJPfhEEcvbEv @ 0xb39680
GUIDED: _ZNK15AP_MotorsMatrix17_get_frame_stringEv @ 0xb3a180
GUIDED: _ZN15AP_Baro_Backend17_copy_to_frontendEhff @ 0x942bf0
GUIDED: _ZN12AP_Baro_SITL6_timerEv @ 0x943e80
GUIDED: _ZN7FunctorIvJEE14method_wrapperI12AP_Baro_SITLXadL_ZNS2_6_timerEvEEEEvPv @ 0xb3b9a0
GUIDED: _ZN7VectorNIN12AP_Baro_SITL13readings_baroELh50EEixEh @ 0xb3ba50
GUIDED: _ZN12AP_Baro_SITL22temperature_adjustmentERfS0_ @ 0x944270
GUIDED: _ZN12AP_Baro_SITL24wind_pressure_correctionEh @ 0x944460
GUIDED: _ZL2sqf.2279 @ 0x944670
GUIDED: _ZN7AP_Baro22_get_air_density_ratioEv @ 0x9446c0
GUIDED: _ZL2sqf.2258 @ 0x944760
GUIDED: _ZN12AP_Baro_SITL6updateEv @ 0x944850
GUIDED: _ZN12AP_Baro_SITL19update_healthy_flagEh @ 0xb3bb60
GUIDED: _ZN12AP_Baro_SITL7healthyEh @ 0x944900
GUIDED: _ZNK22AP_BattMonitor_Backend17has_cell_voltagesEv @ 0xb3c270
GUIDED: _ZNK22AP_BattMonitor_Backend15has_temperatureEv @ 0xb3c2c0
GUIDED: _ZNK22AP_BattMonitor_Backend15get_temperatureERf @ 0x945110
GUIDED: _ZNK22AP_BattMonitor_Backend22capacity_remaining_pctERh @ 0x9451d0
GUIDED: _ZN22AP_BattMonitor_Backend26update_resistance_estimateEv @ 0x945350
GUIDED: _ZN22AP_BattMonitor_Backend16update_failsafesEv @ 0x9456a0
GUIDED: _ZNK22AP_BattMonitor_Backend25get_mavlink_fault_bitmaskEv @ 0xb3c370
GUIDED: _ZL3MINIifEDTqultfp_fp0_fp_fp0_ERKT_RKT0_.18692 @ 0x9459c0
GUIDED: _ZN21AP_BattMonitor_Analog4readEv @ 0x947660
GUIDED: _ZNK21AP_BattMonitor_Analog19has_consumed_energyEv @ 0xb3d060
GUIDED: _ZNK21AP_BattMonitor_Analog11has_currentEv @ 0x947860
GUIDED: _ZN9AP_Notify19set_flight_mode_strEPKc @ 0x94de70
GUIDED: _ZN6RGBLed6updateEv @ 0x953ac0
GUIDED: _ZN10IS31FL319510hw_set_rgbEhhh @ 0x953e50
GUIDED: _ZN6RGBLed8_set_rgbEhhh @ 0x953ef0
GUIDED: _ZNK6RGBLed10rgb_sourceEv @ 0x954000
GUIDED: _ZNK6RGBLed19get_colour_sequenceEv @ 0x954260
GUIDED: _ZNK6RGBLed14get_brightnessEv @ 0x954650
GUIDED: _ZN6RGBLed7set_rgbEhhh @ 0x954750
GUIDED: _ZN10IS31FL31956_timerEv @ 0x954810
GUIDED: _ZN7FunctorIvJEE14method_wrapperI10IS31FL3195XadL_ZNS2_6_timerEvEEEEvPv @ 0xb40710
GUIDED: _ZN6LP556210hw_set_rgbEhhh @ 0x954d00
GUIDED: _ZN6LP55626_timerEv @ 0x954da0
GUIDED: _ZN7FunctorIvJEE14method_wrapperI6LP5562XadL_ZNS2_6_timerEvEEEEvPv @ 0xb40a80
GUIDED: _ZN14ToshibaLED_I2C10hw_set_rgbEhhh @ 0x956b20
GUIDED: _ZN14ToshibaLED_I2C6_timerEv @ 0x956bd0
GUIDED: _ZN7FunctorIvJEE14method_wrapperI14ToshibaLED_I2CXadL_ZNS2_6_timerEvEEEEvPv @ 0xb41790
GUIDED: _ZN4Mode4exitEv @ 0xb41ca0
GUIDED: _ZN10ModeGuided3runEv @ 0x958bf0
GUIDED: _ZNK10ModeGuided12requires_GPSEv @ 0xb41cf0
GUIDED: _ZNK10ModeGuided19has_manual_throttleEv @ 0xb41d40
GUIDED: _ZNK10ModeGuided13allows_armingEN9AP_Arming6MethodE @ 0x958d30
GUIDED: _ZNK10ModeGuided16has_user_takeoffEb @ 0xb41de0
GUIDED: _ZNK4Mode13logs_attitudeEv @ 0xb41e90
GUIDED: _ZNK4Mode19crash_check_enabledEv @ 0xb42020
GUIDED: _ZNK10ModeGuided43allows_GCS_or_SCR_arming_with_throttle_highEv @ 0xb420c0
GUIDED: _ZNK10ModeGuided13is_taking_offEv @ 0x958dd0
GUIDED: _ZNK4Mode10is_landingEv @ 0xb421b0
GUIDED: _ZNK10ModeGuided6get_wpER8Location @ 0x958e40
GUIDED: _ZNK10ModeGuided14wp_bearing_degEv @ 0x958f70
GUIDED: _ZNK10ModeGuided13wp_distance_mEv @ 0x9590a0
GUIDED: _ZNK10ModeGuided18crosstrack_error_mEv @ 0x9591f0
GUIDED: _ZN4Mode16output_to_motorsEv @ 0x9596d0
GUIDED: _ZNK10ModeGuided13use_pilot_yawEv @ 0x959730
GUIDED: _ZNK10ModeGuided20allows_weathervaningEv @ 0x959850
GUIDED: _ZN10ModeGuided21do_user_takeoff_startEf @ 0x959910
GUIDED: _ZNK8AC_WPNav28rangefinder_used_and_healthyEv @ 0xb42250
GUIDED: _ZN4Mode7AutoYaw8set_modeENS0_4ModeE @ 0x959ad0
GUIDED: _ZN12_AutoTakeoff8start_cmEfb @ 0x959bd0
GUIDED: _ZNK13AC_PosControl23get_pos_estimate_NEU_cmEv @ 0xb422e0
GUIDED: _ZNK4Mode21is_disarmed_or_landedEv @ 0x959d30
GUIDED: _ZNK10ModeGuided17option_is_enabledENS_6OptionE @ 0x959dd0
GUIDED: _ZNK6Copter38get_rangefinder_height_interpolated_cmERi @ 0x959e50
GUIDED: _ZNK18AP_SurfaceDistance38get_rangefinder_height_interpolated_cmERi @ 0x959ec0
GUIDED: _ZNK18AP_SurfaceDistance19enabled_and_healthyEv @ 0x959fc0
GUIDED: _ZNK13AC_PosControl18crosstrack_error_mEv @ 0x95a2b0
GUIDED: _ZL2sqf.12305 @ 0x95a400
GUIDED: _ZN10ModeGuided11takeoff_runEv @ 0x95a700
GUIDED: _ZN10ModeGuided20velaccel_control_runEv @ 0x95b020
GUIDED: _ZN6Copter14set_auto_armedEb @ 0x95bf60
GUIDED: _ZNK6Copter11is_tradheliEv @ 0x95c000
GUIDED: _ZN4Mode25make_safe_ground_handlingEb @ 0x95c050
GUIDED: _ZN13AC_PosControl19update_U_controllerEv @ 0x95c3a0
GUIDED: _ZN13AC_PosControl18handle_ekf_U_resetEv @ 0x95c8b0
GUIDED: _ZN13AC_PosControl16update_offsets_UEv @ 0x95ca00
GUIDED: _ZN13AC_PosControl14update_terrainEv @ 0x95ccf0
GUIDED: _ZN7AC_P_1D10update_allERff @ 0x95cf10
GUIDED: _ZNK7AP_AHRS16getControlScaleZEv @ 0x95d070
GUIDED: _ZN12AC_PID_Basic10update_allEfffbb @ 0x95d0f0
GUIDED: _ZNK6AC_PID4imaxEv @ 0xb42630
GUIDED: _ZNK12AC_PID_Basic16get_filt_E_alphaEf @ 0x95d710
GUIDED: _ZNK12AC_PID_Basic16get_filt_D_alphaEf @ 0x95d790
GUIDED: _ZN12AC_PID_Basic8update_iEfbb @ 0x95d810
GUIDED: _ZN18AC_AttitudeControl38reset_rate_controller_I_terms_smoothlyEv @ 0x95dc00
GUIDED: _ZN18AC_AttitudeControl25reset_yaw_target_and_rateEb @ 0x95dcd0
GUIDED: _ZN13AC_PosControl28relax_velocity_controller_NEEv @ 0x95de10
GUIDED: _ZN13AC_PosControl18relax_U_controllerEf @ 0x95dee0
GUIDED: _ZN6AC_PID16relax_integratorEfff @ 0x95dfc0
GUIDED: _ZNK13AC_PosControl20get_max_accel_U_cmssEv @ 0xb42710
GUIDED: _ZNK12AP_Proximity19get_upward_distanceERf @ 0x95ea00
GUIDED: _ZNK4Mode7AutoYaw4modeEv @ 0xb42830
GUIDED: _ZNK13AC_PosControl23get_vel_desired_NEU_cmsEv @ 0xb428f0
GUIDED: _ZN13AC_PosControl24input_pos_vel_accel_U_cmERfS0_fb @ 0x95f540
GUIDED: _ZNK13AC_PosControl17get_thrust_vectorEv @ 0x95f630
GUIDED: _ZN4Mode7AutoYaw11get_headingEv @ 0x95f6a0
GUIDED: _ZN18AC_AttitudeControl27input_thrust_vector_headingERK7Vector3IfENS_14HeadingCommandE @ 0x95f870
GUIDED: _ZNK4Mode31get_pilot_desired_yaw_rate_radsEv @ 0x95f990
GUIDED: _ZN4Mode7AutoYaw18update_weathervaneEf @ 0x95fa80
GUIDED: _ZN4Mode7AutoYaw7yaw_radEv @ 0x95fca0
GUIDED: _ZN4Mode7AutoYaw9rate_radsEv @ 0x95fec0
GUIDED: _ZNK13AC_PosControl11get_yaw_radEv @ 0xb42a20
GUIDED: _ZNK15AC_CommandModel8get_rateEv @ 0xb42b30
GUIDED: _ZL7radiansf.1204 @ 0x9611a0
GUIDED: _ZNK15AC_CommandModel8get_expoEv @ 0xb42b90
GUIDED: _Z10input_expoff @ 0x9611f0
GUIDED: _ZNK13AC_PosControl24get_accel_target_NEU_mssEv @ 0xb42bf0
GUIDED: _ZN13AC_PosControl23input_pos_vel_accel_U_mERfS0_fb @ 0x9612d0
GUIDED: _ZN13AC_PosControl21input_vel_accel_NE_cmER7Vector2IfERKS1_b @ 0x961930
GUIDED: _ZN13AC_PosControl20input_vel_accel_NE_mER7Vector2IfERKS1_b @ 0x961af0
GUIDED: _ZN12_AutoTakeoff3runEv @ 0x967750
GUIDED: _ZL3MINI9AP_ParamTIfL11ap_var_type4EEfEDTqultfp_fp0_fp_fp0_ERKT_RKT0_ @ 0x9681a0
GUIDED: _ZNK13AC_PosControl25get_measured_accel_U_cmssEv @ 0xb43730
GUIDED: _ZNK13AC_PosControl20get_max_speed_up_cmsEv @ 0xb43790
GUIDED: _ZL2sqf.1871 @ 0x968230
GUIDED: _ZNK13AC_PosControl20get_pos_desired_U_cmEv @ 0xb437f0
GUIDED: _ZNK13AC_PosControl19get_pos_desired_U_mEv @ 0xb43850
GUIDED: _ZNK10ModeGuided11mode_numberEv @ 0xb43910
GUIDED: _ZNK8ModeAuto11mode_numberEv @ 0xb44160
GUIDED: _ZN8AC_WPNav21wp_and_spline_init_cmEf7Vector3IfE @ 0x96a6b0
GUIDED: _ZN7FunctorIvJEE14method_wrapperI17AP_InertialSensorXadL_ZNS2_6updateEvEEEEvPv @ 0xb44240
GUIDED: _ZN7FunctorIvJEE14method_wrapperI6CopterXadL_ZNS2_24run_rate_controller_mainEvEEEEvPv @ 0xb442f0
GUIDED: _ZN7FunctorIvJEE14method_wrapperI6CopterXadL_ZNS2_21run_custom_controllerEvEEEEvPv @ 0xb443a0
GUIDED: _ZN7FunctorIvJEE14method_wrapperI6CopterXadL_ZNS2_18motors_output_mainEvEEEEvPv @ 0xb44450
GUIDED: _ZN7FunctorIvJEE14method_wrapperI6CopterXadL_ZNS2_9read_AHRSEvEEEEvPv @ 0xb44500
GUIDED: _ZN7FunctorIvJEE14method_wrapperI6CopterXadL_ZNS2_12read_inertiaEvEEEEvPv @ 0xb445b0
GUIDED: _ZN7FunctorIvJEE14method_wrapperI6CopterXadL_ZNS2_15check_ekf_resetEvEEEEvPv @ 0xb44660
GUIDED: _ZN7FunctorIvJEE14method_wrapperI6CopterXadL_ZNS2_18update_flight_modeEvEEEEvPv @ 0xb44710
GUIDED: _ZN7FunctorIvJEE14method_wrapperI6CopterXadL_ZNS2_20update_home_from_EKFEvEEEEvPv @ 0xb447c0
GUIDED: _ZN7FunctorIvJEE14method_wrapperI6CopterXadL_ZNS2_31update_land_and_crash_detectorsEvEEEEvPv @ 0xb44870
GUIDED: _ZN7FunctorIvJEE14method_wrapperI6CopterXadL_ZNS2_33update_rangefinder_terrain_offsetEvEEEEvPv @ 0xb44920
GUIDED: _ZN7FunctorIvJEE14method_wrapperI8AP_MountXadL_ZNS2_11update_fastEvEEEEvPv @ 0xb449d0
GUIDED: _ZN7FunctorIvJEE14method_wrapperI6CopterXadL_ZNS2_23Log_Video_StabilisationEvEEEEvPv @ 0xb44a80
GUIDED: _ZN7FunctorIvJEE14method_wrapperI6CopterXadL_ZNS2_7rc_loopEvEEEEvPv @ 0xb44b30
GUIDED: _ZN7FunctorIvJEE14method_wrapperI6CopterXadL_ZNS2_13throttle_loopEvEEEEvPv @ 0xb44be0
GUIDED: _ZN7FunctorIvJEE14method_wrapperI6CopterXadL_ZNS2_11fence_checkEvEEEEvPv @ 0xb44c90
GUIDED: _ZN7FunctorIvJEE14method_wrapperI6AP_GPSXadL_ZNS2_6updateEvEEEEvPv @ 0xb44d40
GUIDED: _ZN7FunctorIvJEE14method_wrapperI14AP_OpticalFlowXadL_ZNS2_6updateEvEEEEvPv @ 0xb44df0
GUIDED: _ZN7FunctorIvJEE14method_wrapperI6CopterXadL_ZNS2_19update_batt_compassEvEEEEvPv @ 0xb44ea0
GUIDED: _ZN7FunctorIvJEE14method_wrapperI11RC_ChannelsXadL_ZNS2_12read_aux_allEvEEEEvPv @ 0xb44f50
GUIDED: _ZN7FunctorIvJEE14method_wrapperI6CopterXadL_ZNS2_17auto_disarm_checkEvEEEEvPv @ 0xb45000
GUIDED: _ZN7FunctorIvJEE14method_wrapperI18RC_Channels_CopterXadL_ZNS2_13auto_trim_runEvEEEEvPv @ 0xb450b0
GUIDED: _ZN7FunctorIvJEE14method_wrapperI6CopterXadL_ZNS2_16read_rangefinderEvEEEEvPv @ 0xb45160
GUIDED: _ZN7FunctorIvJEE14method_wrapperI12AP_ProximityXadL_ZNS2_6updateEvEEEEvPv @ 0xb45210
GUIDED: _ZN7FunctorIvJEE14method_wrapperI9AP_BeaconXadL_ZNS2_6updateEvEEEEvPv @ 0xb452c0
GUIDED: _ZN7FunctorIvJEE14method_wrapperI6CopterXadL_ZNS2_15update_altitudeEvEEEEvPv @ 0xb45370
GUIDED: _ZN7FunctorIvJEE14method_wrapperI6CopterXadL_ZNS2_15run_nav_updatesEvEEEEvPv @ 0xb45420
GUIDED: _ZN7FunctorIvJEE14method_wrapperI6CopterXadL_ZNS2_21update_throttle_hoverEvEEEEvPv @ 0xb454d0
GUIDED: _ZN7FunctorIvJEE14method_wrapperI12ModeSmartRTLXadL_ZNS2_13save_positionEvEEEEvPv @ 0xb45580
GUIDED: _ZN7FunctorIvJEE14method_wrapperI10AC_SprayerXadL_ZNS2_6updateEvEEEEvPv @ 0xb45630
GUIDED: _ZN7FunctorIvJEE14method_wrapperI6CopterXadL_ZNS2_13three_hz_loopEvEEEEvPv @ 0xb456e0
GUIDED: _ZN7FunctorIvJEE14method_wrapperI19AP_ServoRelayEventsXadL_ZNS2_13update_eventsEvEEEEvPv @ 0xb45790
GUIDED: _ZN7FunctorIvJEE14method_wrapperI6CopterXadL_ZNS2_15update_preclandEvEEEEvPv @ 0xb45840
GUIDED: _ZN7FunctorIvJEE14method_wrapperI6CopterXadL_ZNS2_17loop_rate_loggingEvEEEEvPv @ 0xb458f0
GUIDED: _ZN7FunctorIvJEE14method_wrapperI6CopterXadL_ZNS2_11one_hz_loopEvEEEEvPv @ 0xb459a0
GUIDED: _ZN7FunctorIvJEE14method_wrapperI6CopterXadL_ZNS2_9ekf_checkEvEEEEvPv @ 0xb45a50
GUIDED: _ZN7FunctorIvJEE14method_wrapperI6CopterXadL_ZNS2_15check_vibrationEvEEEEvPv @ 0xb45b00
GUIDED: _ZN7FunctorIvJEE14method_wrapperI6CopterXadL_ZNS2_15gpsglitch_checkEvEEEEvPv @ 0xb45bb0
GUIDED: _ZN7FunctorIvJEE14method_wrapperI6CopterXadL_ZNS2_13takeoff_checkEvEEEEvPv @ 0xb45c60
GUIDED: _ZN7FunctorIvJEE14method_wrapperI6CopterXadL_ZNS2_18landinggear_updateEvEEEEvPv @ 0xb45d10
GUIDED: _ZN7FunctorIvJEE14method_wrapperI6CopterXadL_ZNS2_14standby_updateEvEEEEvPv @ 0xb45dc0
GUIDED: _ZN7FunctorIvJEE14method_wrapperI6CopterXadL_ZNS2_18lost_vehicle_checkEvEEEEvPv @ 0xb45e70
GUIDED: _ZN7FunctorIvJEE14method_wrapperI3GCSXadL_ZNS2_14update_receiveEvEEEEvPv @ 0xb45f20
GUIDED: _ZN7FunctorIvJEE14method_wrapperI3GCSXadL_ZNS2_11update_sendEvEEEEvPv @ 0xb45fd0
GUIDED: _ZN7FunctorIvJEE14method_wrapperI8AP_MountXadL_ZNS2_6updateEvEEEEvPv @ 0xb46080
GUIDED: _ZN7FunctorIvJEE14method_wrapperI9AP_CameraXadL_ZNS2_6updateEvEEEEvPv @ 0xb46130
GUIDED: _ZN7FunctorIvJEE14method_wrapperI6CopterXadL_ZNS2_19ten_hz_logging_loopEvEEEEvPv @ 0xb461e0
GUIDED: _ZN7FunctorIvJEE14method_wrapperI6CopterXadL_ZNS2_21twentyfive_hz_loggingEvEEEEvPv @ 0xb46290
GUIDED: _ZN7FunctorIvJEE14method_wrapperI9AP_LoggerXadL_ZNS2_14periodic_tasksEvEEEEvPv @ 0xb46340
GUIDED: _ZN7FunctorIvJEE14method_wrapperI17AP_InertialSensorXadL_ZNS2_8periodicEvEEEEvPv @ 0xb463f0
GUIDED: _ZN7FunctorIvJEE14method_wrapperI12AP_SchedulerXadL_ZNS2_14update_loggingEvEEEEvPv @ 0xb464a0
GUIDED: _ZN7FunctorIvJEE14method_wrapperI18AP_TempCalibrationXadL_ZNS2_6updateEvEEEEvPv @ 0xb46550
GUIDED: _ZN7FunctorIvJEE14method_wrapperI6CopterXadL_ZNS2_21avoidance_adsb_updateEvEEEEvPv @ 0xb46600
GUIDED: _ZN7FunctorIvJEE14method_wrapperI6CopterXadL_ZNS2_14terrain_updateEvEEEEvPv @ 0xb466b0
GUIDED: _ZN7FunctorIvJEE14method_wrapperI8AP_WinchXadL_ZNS2_6updateEvEEEEvPv @ 0xb46760
GUIDED: _ZN7FunctorIvJEE14method_wrapperI9AP_ButtonXadL_ZNS2_6updateEvEEEEvPv @ 0xb46810
GUIDED: _ZN7FunctorIvJEE14method_wrapperI6CopterXadL_ZNS2_43update_dynamic_notch_at_specified_rate_mainEvEEEEvPv @ 0xb468c0
GUIDED: _ZN6Copter43update_dynamic_notch_at_specified_rate_mainEv @ 0x96ae30
GUIDED: _ZN10AP_Vehicle38update_dynamic_notch_at_specified_rateEv @ 0x96aea0
GUIDED: _ZN10AP_Vehicle20update_dynamic_notchERN17AP_InertialSensor13HarmonicNotchE @ 0x96aff0
GUIDED: _ZN9AP_Button6updateEv @ 0x96c0d0
GUIDED: _ZN8AP_Winch6updateEv @ 0x96cd50
GUIDED: _ZNK8AP_Winch7enabledEv @ 0x96cdd0
GUIDED: _ZN6Copter14terrain_updateEv @ 0x96ce50
GUIDED: _ZN10AP_Terrain6updateEv @ 0x96cef0
GUIDED: _ZN11RangeFinder28set_estimated_terrain_heightEf @ 0xb46d80
GUIDED: _ZN10AP_Terrain16schedule_disk_ioEv @ 0x96d0c0
GUIDED: _ZN10AP_Terrain19update_mission_dataEv @ 0x96d310
GUIDED: _ZN10AP_Terrain17update_rally_dataEv @ 0x96d620
GUIDED: _ZN10AP_Terrain24update_surrounding_tilesERK8Location @ 0x96d7f0
GUIDED: _ZNK8AP_Rally19last_change_time_msEv @ 0xb46df0
GUIDED: _ZNK10AP_Mission19last_change_time_msEv @ 0xb46e40
GUIDED: _ZN10AP_Terrain15check_disk_readEv @ 0x96d970
GUIDED: _ZN10AP_Terrain16check_disk_writeEv @ 0x96da50
GUIDED: _ZN10AP_Terrain11find_io_idxENS_14GridCacheStateE @ 0x96db30
GUIDED: _ZN10AP_Terrain8io_timerEv @ 0x96ddb0
GUIDED: _ZN7FunctorIvJEE14method_wrapperI10AP_TerrainXadL_ZNS2_8io_timerEvEEEEvPv @ 0xb46ef0
GUIDED: _ZN10AP_Terrain9open_fileEv @ 0x96dee0
GUIDED: _ZN10AP_Terrain11write_blockEv @ 0x96e2d0
GUIDED: _ZN10AP_Terrain11seek_offsetEv @ 0x96e600
GUIDED: _ZN10AP_Terrain13get_block_crcERNS_10grid_blockE @ 0x96e6f0
GUIDED: _ZNK10AP_Terrain11east_blocksERNS_10grid_blockE @ 0x96e780
GUIDED: _ZN6Copter21avoidance_adsb_updateEv @ 0x96e8d0
GUIDED: _ZN7AP_ADSB6updateEv @ 0x96e940
GUIDED: _ZN12AP_Avoidance6updateEv @ 0x96eb20
GUIDED: _ZN12AP_Avoidance13check_startupEv @ 0x96ebe0
GUIDED: _ZN7AP_ADSB3LocC2Ev @ 0xb47180
GUIDED: _ZNK7AP_AHRS19get_vert_pos_rate_DERf @ 0x970420
GUIDED: _ZN7AP_ADSB6updateERKNS_3LocE @ 0x970550
GUIDED: _ZNK7NavEKF320getPosDownDerivativeEv @ 0x970c10
GUIDED: _ZNK12NavEKF3_core20getPosDownDerivativeEv @ 0x970e60
GUIDED: _ZN18AP_TempCalibration6updateEv @ 0x970f20
GUIDED: _ZN12AP_Scheduler14update_loggingEv @ 0x971af0
GUIDED: _ZN12AP_Scheduler11debug_flagsEv @ 0xb471f0
GUIDED: _ZN12AP_Scheduler21Log_Write_PerformanceEv @ 0x971d60
GUIDED: _ZN2AP8PerfInfo13has_task_infoEv @ 0xb47250
GUIDED: _ZNK2AP8PerfInfo20get_num_long_runningEv @ 0x971f70
GUIDED: _ZNK2AP8PerfInfo13get_num_loopsEv @ 0x971fc0
GUIDED: _ZNK2AP8PerfInfo12get_max_timeEv @ 0x972010
GUIDED: _ZN12AP_Scheduler12load_averageEv @ 0x972060
GUIDED: _ZNK16AP_InternalError5countEv @ 0xb472b0
GUIDED: _ZN17AP_InertialSensor8periodicEv @ 0x9722a0
GUIDED: _ZN17AP_InertialSensor12BatchSampler8periodicEv @ 0x972300
GUIDED: _ZN9AP_Logger14periodic_tasksEv @ 0x972920
GUIDED: _ZN6Copter21twentyfive_hz_loggingEv @ 0x9729c0
GUIDED: _ZN6Copter17Log_Write_EKF_POSEv @ 0x972aa0
GUIDED: _ZNK17AP_InertialSensor9Write_IMUEv @ 0x972af0
GUIDED: _ZN10AP_GyroFFT18write_log_messagesEv @ 0x972bb0
GUIDED: _ZL3MAXIhhEDTqugtfp_fp0_fp_fp0_ERKT_RKT0_ @ 0x973230
GUIDED: _ZNK17AP_InertialSensor18Write_IMU_instanceEmh @ 0x9732b0
GUIDED: _ZNK17AP_InertialSensor16get_gyro_rate_hzEh @ 0xb47470
GUIDED: _ZNK17AP_InertialSensor17get_accel_rate_hzEh @ 0xb474f0
GUIDED: _ZN7AP_AHRS9Log_WriteEv @ 0x973440
GUIDED: _ZN7NavEKF29Log_WriteEv @ 0x9734d0
GUIDED: _ZN7NavEKF39Log_WriteEv @ 0x9735e0
GUIDED: _ZNK7AP_AHRS11Write_AHRS2Ev @ 0x9736f0
GUIDED: _ZNK7AP_AHRS9Write_POSEv @ 0x9738d0
GUIDED: _ZN4SITL3SIM18Log_Write_SIMSTATEEv @ 0x973a30
GUIDED: _ZNK7AP_AHRS22get_secondary_attitudeER7Vector3IfE @ 0xb47570
GUIDED: _ZNK7AP_AHRS22get_secondary_positionER8Location @ 0xb475f0
GUIDED: _ZNK7AP_AHRS24get_secondary_quaternionER11QuaternionTIfE @ 0xb47670
GUIDED: _ZL7degreesf.1917 @ 0x973bc0
GUIDED: _ZN12NavEKF3_core9Log_WriteEm @ 0x973c10
GUIDED: _ZNK7AP_EnumIN7NavEKF38LogLevelEEcvKS1_Ev @ 0xb476f0
GUIDED: _ZNK12NavEKF3_core14Log_Write_XKF4Em @ 0x973d60
GUIDED: _ZN12NavEKF3_core13Log_Write_GSFEm @ 0x9740b0
GUIDED: _ZNK12NavEKF3_core14Log_Write_XKF1Em @ 0x974160
GUIDED: _ZNK12NavEKF3_core14Log_Write_XKF2Em @ 0x974430
GUIDED: _ZNK12NavEKF3_core14Log_Write_XKF3Em @ 0x9746d0
GUIDED: _ZNK12NavEKF3_core14Log_Write_XKF5Em @ 0x974930
GUIDED: _ZNK12NavEKF3_core14Log_Write_XKFSEm @ 0x974b90
GUIDED: _ZNK12NavEKF3_core20Log_Write_QuaternionEm @ 0x974ca0
GUIDED: _ZN12NavEKF3_core16Log_Write_BeaconEm @ 0x974d80
GUIDED: _ZN12NavEKF3_core18Log_Write_BodyOdomEm @ 0x975070
GUIDED: _ZN12NavEKF3_core25Log_Write_State_VariancesEm @ 0x9751e0
GUIDED: _ZN12NavEKF3_core16Log_Write_TimingEm @ 0x975500
GUIDED: _ZNK6AP_DAL12logging_coreEh @ 0x975660
GUIDED: _ZL3MAXIjjEDTqugtfp_fp0_fp_fp0_ERKT_RKT0_ @ 0x9756b0
GUIDED: _ZNK16AP_NavEKF_Source21getPosVelYawSourceSetEv @ 0xb47740
GUIDED: _ZL3MAXIddEDTqugtfp_fp0_fp_fp0_ERKT_RKT0_.4677 @ 0x975730
GUIDED: _ZL3MINIdiEDTqultfp_fp0_fp_fp0_ERKT_RKT0_.4678 @ 0x9757b0
GUIDED: _ZNK12NavEKF3_core14getInnovationsER7Vector3IfES2_S2_RfS3_ @ 0x975850
GUIDED: _ZL7degreesf.4675 @ 0x975a50
GUIDED: _ZNK12NavEKF3_core26getSynthAirDataInnovationsER7Vector2IfERf @ 0x975aa0
GUIDED: _ZN10EKFGSF_yaw9Log_WriteEm11LogMessagesS0_h @ 0x975b70
GUIDED: _ZL7degreesf.19457 @ 0x975ef0
GUIDED: _ZL3MAXIffEDTqugtfp_fp0_fp_fp0_ERKT_RKT0_.19458 @ 0x975f40
GUIDED: _ZL3MAXIdfEDTqugtfp_fp0_fp_fp0_ERKT_RKT0_.4676 @ 0x975fc0
GUIDED: _ZN6Copter19ten_hz_logging_loopEv @ 0x977af0
GUIDED: _ZNK7AP_AHRS14Write_AttitudeERK7Vector3IfE @ 0x977ea0
GUIDED: _ZN6Copter18Log_Write_AttitudeEv @ 0x977fb0
GUIDED: _ZN6Copter14Log_Write_RateEv @ 0x978010
GUIDED: _ZN6Copter14Log_Write_PIDSEv @ 0x978070
GUIDED: _ZN9AP_Logger10Write_RCINEv @ 0x978290
GUIDED: _ZN9AP_Logger11Write_RCOUTEv @ 0x978530
GUIDED: _ZN13AC_PosControl9write_logEv @ 0x978ae0
GUIDED: _ZNK17AP_InertialSensor15Write_VibrationEv @ 0x978f60
GUIDED: _ZN12AP_Proximity3logEv @ 0x979080
GUIDED: _ZN9AP_Beacon3logEv @ 0x9793b0
GUIDED: _ZN8AP_Winch9write_logEv @ 0x9794f0
GUIDED: _ZN8AP_Mount9write_logEv @ 0x979570
GUIDED: _ZNK12AP_Proximity12distance_maxEv @ 0x9796a0
GUIDED: _ZNK17AP_InertialSensor20get_accel_clip_countEh @ 0x979bf0
GUIDED: _ZN13AC_PosControl10Write_PSCNEfffffffff @ 0x979c90
GUIDED: _ZN13AC_PosControl10Write_PSCEEfffffffff @ 0x979d90
GUIDED: _ZNK7Vector2IdE7is_zeroEv @ 0xb477e0
GUIDED: _ZN13AC_PosControl10Write_PSCDEfffffffff @ 0x97a010
GUIDED: _ZN13AC_PosControl10Write_PSCxE11LogMessagesfffffffff @ 0x97a3a0
GUIDED: _ZN11RC_Channels12get_radio_inEPth @ 0x97a5e0
GUIDED: _ZNK11RC_Channels17get_override_maskEv @ 0x97a6d0
GUIDED: _ZL3MINIhiEDTqultfp_fp0_fp_fp0_ERKT_RKT0_.6934 @ 0x97a790
GUIDED: _ZN9AP_Logger9Write_PIDEhRK10AP_PIDInfo @ 0x97a810
GUIDED: _ZN13AC_PosControl14get_vel_NE_pidEv @ 0xb478d0
GUIDED: _ZNK9AC_PID_2D14get_pid_info_xEv @ 0xb47920
GUIDED: _ZNK9AC_PID_2D14get_pid_info_yEv @ 0xb47970
GUIDED: _ZNK18AC_AttitudeControl10Write_RateERK13AC_PosControl @ 0x97a9a0
GUIDED: _ZNK18AC_AttitudeControl15rate_bf_targetsEv @ 0xb479c0
GUIDED: _ZNK13AC_PosControl25get_accel_target_NEU_cmssEv @ 0xb47a50
GUIDED: _ZNK18AC_AttitudeControl22get_last_angle_P_scaleEv @ 0xb47ae0
GUIDED: _ZNK18AC_AttitudeControl9Write_ANGEv @ 0x97add0
GUIDED: _ZNK12AP_Scheduler22get_loop_start_time_usEv @ 0xb47b30
GUIDED: _ZL7degreesf.12066 @ 0x97af00
GUIDED: _ZNK12AP_Scheduler20get_last_loop_time_sEv @ 0xb47b80
GUIDED: _ZN9AP_Camera6updateEv @ 0x97af50
GUIDED: _ZN8AP_Mount6updateEv @ 0x97b010
GUIDED: _ZN6Copter18lost_vehicle_checkEv @ 0x97b0c0
GUIDED: _ZN6Copter14standby_updateEv @ 0x97b230
GUIDED: _ZN6Copter18landinggear_updateEv @ 0x97b380
GUIDED: _ZN6Copter13takeoff_checkEv @ 0x97b920
GUIDED: _ZN9AP_Motors17set_spoolup_blockEb @ 0xb47bd0
GUIDED: _ZN6Copter15gpsglitch_checkEv @ 0x97beb0
GUIDED: _ZN6Copter15check_vibrationEv @ 0x97bfd0
GUIDED: _ZNK7AP_AHRS15get_innovationsER7Vector3IfES2_S2_RfS3_ @ 0x97c2f0
GUIDED: _ZNK7AP_AHRS21is_vibration_affectedEv @ 0x97c460
GUIDED: _ZNK7NavEKF319isVibrationAffectedEv @ 0x97c530
GUIDED: _ZNK12NavEKF3_core19isVibrationAffectedEv @ 0xb47c90
GUIDED: _ZNK7NavEKF314getInnovationsER7Vector3IfES2_S2_RfS3_ @ 0x97c6b0
GUIDED: _ZN6Copter9ekf_checkEv @ 0x97c860
GUIDED: _ZN6Copter18ekf_over_thresholdEv @ 0x97cc10
GUIDED: _ZN6Copter11one_hz_loopEv @ 0x97d1a0
GUIDED: _ZNK6Copter8ap_valueEv @ 0x97d440
GUIDED: _ZN6Copter14Log_Write_DataE9LogDataIDj @ 0x97d4f0
GUIDED: _ZN6Copter15terrain_loggingEv @ 0x97d5b0
GUIDED: _ZN7AP_ADSB13set_is_flyingEb @ 0xb47cf0
GUIDED: _ZN16AC_CustomControl21set_notch_sample_rateEf @ 0x97d630
GUIDED: _ZNK6Copter18get_fast_rate_typeEv @ 0xb47d50
GUIDED: _ZN6Copter13motors_outputEb @ 0x97e6d0
GUIDED: _ZNK17AP_InertialSensor24write_notch_log_messagesEv @ 0x97ed40
GUIDED: _ZN12SRV_Channels8calc_pwmEv @ 0x97f1e0
GUIDED: _ZN12SRV_Channels13output_ch_allEv @ 0x97f400
GUIDED: _ZN9AP_Motors13set_interlockEb @ 0xb482b0
GUIDED: _ZN7Compass11set_voltageEf @ 0xb48310
GUIDED: _ZN16Compass_PerMotor11set_voltageEf @ 0xb483e0
GUIDED: _ZN9AP_Motors8set_dt_sEf @ 0xb48880
GUIDED: _ZN10AP_Terrain16log_terrain_dataEv @ 0x980150
GUIDED: _ZN6Copter17loop_rate_loggingEv @ 0x980300
GUIDED: _ZN6Copter15update_preclandEv @ 0x980410
GUIDED: _ZNK6Copter18rangefinder_alt_okEv @ 0x9804a0
GUIDED: _ZN11AC_PrecLand6updateEfb @ 0x980500
GUIDED: _ZNK11AC_PrecLand7enabledEv @ 0xb48a20
GUIDED: _ZN6Copter13three_hz_loopEv @ 0x982a20
GUIDED: _ZN6Copter18failsafe_gcs_checkEv @ 0x982aa0
GUIDED: _ZN6Copter22failsafe_terrain_checkEv @ 0x982c60
GUIDED: _ZN6Copter25failsafe_deadreckon_checkEv @ 0x982d70
GUIDED: _ZN6Copter6tuningEv @ 0x983080
GUIDED: _ZN6Copter17low_alt_avoidanceEv @ 0x9831d0
GUIDED: _ZN8AC_Avoid30proximity_alt_avoidance_enableEb @ 0xb490a0
GUIDED: _ZN6Copter6tuningEPK10RC_Channelaff @ 0x9832b0
GUIDED: _ZN10AC_Sprayer6updateEv @ 0x984290
GUIDED: _ZN12ModeSmartRTL13save_positionEv @ 0x9846e0
GUIDED: _ZN11AP_SmartRTL6updateEbb @ 0x9847c0
GUIDED: _ZN11AP_SmartRTL6updateEbRK7Vector3IfE @ 0x9848c0
GUIDED: _ZN6Copter21update_throttle_hoverEv @ 0x9849f0
GUIDED: _ZNK7AP_AHRS14get_velocity_DERfb @ 0x984c60
GUIDED: _ZN6Copter15run_nav_updatesEv @ 0x9852e0
GUIDED: _ZN6Copter15update_altitudeEv @ 0x985330
GUIDED: _ZN6Copter14read_barometerEv @ 0x9853e0
GUIDED: _ZN6Copter24Log_Write_Control_TuningEv @ 0x985470
GUIDED: _ZNK9AP_Logger9quiet_nanEv @ 0xb49880
GUIDED: _ZNK13AC_PosControl19get_pos_target_U_cmEv @ 0xb498e0
GUIDED: _ZNK13AC_PosControl20get_vel_target_U_cmsEv @ 0xb49940
GUIDED: _ZNK6Copter15SurfaceTracking27get_target_dist_for_loggingERf @ 0x985720
GUIDED: _ZNK18AC_AttitudeControl11angle_boostEv @ 0xb499a0
GUIDED: _ZNK6Copter15SurfaceTracking20get_dist_for_loggingEv @ 0x985820
GUIDED: _ZNK13AC_PosControl24get_vel_estimate_NEU_cmsEv @ 0xb499f0
GUIDED: _ZNK13AC_PosControl19get_vel_target_U_msEv @ 0xb49a80
GUIDED: _ZNK13AC_PosControl18get_pos_target_U_mEv @ 0xb49ad0
GUIDED: _ZN9AP_Beacon6updateEv @ 0x9858a0
GUIDED: _ZN12AP_Proximity6updateEv @ 0x985fb0
GUIDED: _ZNK12AP_Proximity15get_filter_freqEv @ 0xb49b30
GUIDED: _ZN24AP_Proximity_Boundary_3D15set_filter_freqEf @ 0xb49b90
GUIDED: _ZN24AP_Proximity_Boundary_3D18check_face_timeoutEv @ 0x986080
GUIDED: _ZN6Copter16read_rangefinderEv @ 0x9861e0
GUIDED: _ZN11RangeFinder6updateEv @ 0x986310
GUIDED: _ZN18AP_SurfaceDistance6updateEv @ 0x986430
GUIDED: _ZN18AP_SurfaceDistance10data_staleEv @ 0x986820
GUIDED: _ZN12AP_Proximity19set_rangefinder_altEbbf @ 0x9868b0
GUIDED: _ZL3MAXIffEDTqugtfp_fp0_fp_fp0_ERKT_RKT0_.13176 @ 0x986960
GUIDED: _ZNK18AP_SurfaceDistance9Log_WriteEv @ 0x986b60
GUIDED: _ZNK11RangeFinder8Log_RFNDEv @ 0x986c80
GUIDED: _ZN18RC_Channels_Copter13auto_trim_runEv @ 0x986dc0
GUIDED: _ZN6Copter17auto_disarm_checkEv @ 0x9870e0
GUIDED: _ZN11RC_Channels12read_aux_allEv @ 0x987360
GUIDED: _ZN10RC_Channel8read_auxEv @ 0x987450
GUIDED: _ZN6Copter19update_batt_compassEv @ 0x9879e0
GUIDED: _ZN14AP_BattMonitor4readEv @ 0x987ac0
GUIDED: _ZN7Compass12set_throttleEf @ 0xb49c50
GUIDED: _ZN9AP_Logger11Write_PowerEv @ 0x987cf0
GUIDED: _ZNK22AP_BattMonitor_Backend13Log_Write_BATEhm @ 0x987d40
GUIDED: _ZNK22AP_BattMonitor_Backend13Log_Write_BCLEhm @ 0x987fe0
GUIDED: _ZN14AP_BattMonitor15check_failsafesEv @ 0x9881e0
GUIDED: _ZN14AP_BattMonitor16checkPoweringOffEv @ 0x9884f0
GUIDED: _ZNK22AP_BattMonitor_Backend23get_state_of_health_pctERh @ 0x988650
GUIDED: _ZN14AP_OpticalFlow6updateEv @ 0x9886e0
GUIDED: _ZN6AP_GPS6updateEv @ 0x989c90
GUIDED: _ZN6AP_GPS15update_instanceEh @ 0x989e10
GUIDED: _ZN6AP_GPS14update_primaryEv @ 0x98a5b0
GUIDED: _ZN14AP_GPS_Blended19zero_health_counterEv @ 0xb49d50
GUIDED: _ZN6AP_GPS9Write_GPSEh @ 0x98bd80
GUIDED: _ZL3MINIfiEDTqultfp_fp0_fp_fp0_ERKT_RKT0_.3064 @ 0x98c1c0
GUIDED: _ZNK6AP_GPS26last_message_delta_time_msEh @ 0xb49e00
GUIDED: _ZNK6AP_GPS10should_logEv @ 0x98c260
GUIDED: _ZN6AP_GPS16send_blob_updateEh @ 0x98d3e0
GUIDED: _ZN14AP_GPS_Backend14check_new_itowEjj @ 0x992130
GUIDED: _ZN12AP_GPS_UBLOX20_request_next_configEv @ 0x996320
GUIDED: _ZN12AP_GPS_UBLOX21_request_message_rateEhh @ 0x996dc0
GUIDED: _ZN12AP_GPS_UBLOX13_request_portEv @ 0x996e80
GUIDED: _ZN12AP_GPS_UBLOX13_send_messageEhhPKvt @ 0x996f10
GUIDED: _ZN12AP_GPS_UBLOX16_update_checksumEPhtRhS1_ @ 0x997dd0
GUIDED: _ZN12AP_GPS_UBLOX4readEv @ 0x997f00
GUIDED: _ZNK12AP_GPS_UBLOX13is_configuredEv @ 0xb4ac80
GUIDED: _ZNK12AP_GPS_UBLOX7get_lagERf @ 0x9985e0
GUIDED: _ZNK12AP_GPS_UBLOX10is_healthyEv @ 0x998770
GUIDED: _ZNK12AP_GPS_UBLOX4nameEv @ 0xb4acd0
GUIDED: _ZNK12AP_GPS_UBLOX36Write_AP_Logger_Log_Startup_messagesEv @ 0x998870
GUIDED: _ZL3MINIjjEDTqultfp_fp0_fp_fp0_ERKT_RKT0_.3359 @ 0x998bc0
GUIDED: _ZN12AP_GPS_UBLOXUt_ixEm @ 0xb4ad90
GUIDED: _ZN12AP_GPS_UBLOX10_parse_gpsEv @ 0x998c40
GUIDED: _ZN12AP_GPS_UBLOX15_check_new_itowEj @ 0x99c100
GUIDED: _ZN12AP_GPS_UBLOX23_configure_message_rateEhhh @ 0x99c180
GUIDED: _ZN6Copter11fence_checkEv @ 0x9a3780
GUIDED: _ZN6Copter13throttle_loopEv @ 0x9a3ad0
GUIDED: _ZN6Copter19update_throttle_mixEv @ 0x9a3b40
GUIDED: _ZN6Copter17update_auto_armedEv @ 0x9a3de0
GUIDED: _ZN6Copter29update_ground_effect_detectorEv @ 0x9a3fb0
GUIDED: _ZN6Copter32update_ekf_terrain_height_stableEv @ 0x9a46a0
GUIDED: _ZN7AP_AHRS22set_terrain_hgt_stableEb @ 0x9a4790
GUIDED: _ZN7NavEKF219setTerrainHgtStableEb @ 0x9a4890
GUIDED: _ZN7NavEKF319setTerrainHgtStableEb @ 0x9a4990
GUIDED: _ZN12NavEKF3_core19setTerrainHgtStableEb @ 0x9a4a90
GUIDED: _ZN7AP_AHRS22set_touchdown_expectedEb @ 0x9a4b50
GUIDED: _ZNK13AC_PosControl22get_vel_target_NEU_cmsEv @ 0xb4c5c0
GUIDED: _ZL7radiansf.996 @ 0x9a4bc0
GUIDED: _ZNK13AC_PosControl21get_vel_target_NEU_msEv @ 0xb4c650
GUIDED: _ZL9cd_to_radf.1156 @ 0x9a4c10
GUIDED: _ZNK6Copter16get_force_flyingEv @ 0x9a4c60
GUIDED: _ZNK13AC_PosControl23get_vel_U_control_ratioEv @ 0xb4c6a0
GUIDED: _ZN6Copter7rc_loopEv @ 0x9a4cc0
GUIDED: _ZN6Copter23Log_Video_StabilisationEv @ 0x9a4d20
GUIDED: _ZN8AP_Mount11update_fastEv @ 0x9a4ef0
GUIDED: _ZN6Copter33update_rangefinder_terrain_offsetEv @ 0x9a4fa0
GUIDED: _ZL3MAXI9AP_ParamTIfL11ap_var_type4EEfEDTqugtfp_fp0_fp_fp0_ERKT_RKT0_.1783 @ 0x9a51d0
GUIDED: _ZN8AC_WPNav33set_rangefinder_terrain_offset_cmEbbf @ 0xb4c710
GUIDED: _ZN9AC_Circle33set_rangefinder_terrain_offset_cmEbbf @ 0xb4c820
GUIDED: _ZN6Copter31update_land_and_crash_detectorsEv @ 0x9a5260
GUIDED: _ZN6Copter20update_land_detectorEv @ 0x9a5360
GUIDED: _ZN6Copter15parachute_checkEv @ 0x9a5970
GUIDED: _ZN6Copter11crash_checkEv @ 0x9a5cc0
GUIDED: _ZN6Copter17thrust_loss_checkEv @ 0x9a5ff0
GUIDED: _ZN6Copter19yaw_imbalance_checkEv @ 0x9a6340
GUIDED: _ZNK6Copter17option_is_enabledENS_12FlightOptionE @ 0xb4c8c0
GUIDED: _ZL9cd_to_radf.1034 @ 0x9a6640
GUIDED: _ZL2sqf @ 0x9a6690
GUIDED: _ZN14AP_LandingGear13get_wow_stateEv @ 0x9a6b90
GUIDED: _ZN6Copter8Log_LDETEtj @ 0x9a6be0
GUIDED: _ZN6Copter20update_home_from_EKFEv @ 0x9a6d30
GUIDED: _ZN6Copter18update_flight_modeEv @ 0x9a6ef0
GUIDED: _ZN6Copter15SurfaceTracking22invalidate_for_loggingEv @ 0xb4cad0
GUIDED: _ZN18AC_AttitudeControl21landed_gain_reductionEb @ 0x9a6f90
GUIDED: _ZN6Copter15check_ekf_resetEv @ 0x9a7280
GUIDED: _ZN7AP_AHRS20getLastYawResetAngleERf @ 0x9a73f0
GUIDED: _ZN18AC_AttitudeControl20inertial_frame_resetEv @ 0x9a7510
GUIDED: _ZNK7AP_AHRS22get_primary_core_indexEv @ 0xb4cb20
GUIDED: _ZN7NavEKF320getLastYawResetAngleERf @ 0x9a7720
GUIDED: _ZN6Copter12read_inertiaEv @ 0x9a7870
GUIDED: _ZN13AC_PosControl16update_estimatesEb @ 0x9a79e0
GUIDED: _ZN9AP_Follow16update_estimatesEv @ 0x9a7b90
GUIDED: _ZN9AP_Follow32clear_dist_and_bearing_to_targetEv @ 0x9a89c0
GUIDED: _ZN6Copter9read_AHRSEv @ 0x9a8ea0
GUIDED: _ZN6Copter18motors_output_mainEv @ 0x9a8f00
GUIDED: _ZN6Copter21run_custom_controllerEv @ 0xb4cbd0
GUIDED: _ZN16AC_CustomControl6updateEv @ 0x9a8f70
GUIDED: _ZN16AC_CustomControl14is_safe_to_runEv @ 0x9a9040
GUIDED: _ZN6Copter24run_rate_controller_mainEv @ 0x9a9280
GUIDED: _ZN13AC_PosControl8set_dt_sEf @ 0xb4cc30
GUIDED: _ZN18AC_AttitudeControl8set_dt_sEf @ 0xb4cca0
GUIDED: _ZN2AP11ac_preclandEv @ 0x9b4030
GUIDED: _ZNK13AC_PosControl18get_pos_error_U_cmEv @ 0xb50660
GUIDED: _ZNK13AC_PosControl17get_pos_error_U_mEv @ 0xb506c0
GUIDED: _ZN24AC_PrecLand_StateMachine4initEv @ 0x9bb7e0
GUIDED: _ZN8ModeAuto4initEb @ 0x9d3a70
GUIDED: _ZNK8ModeAuto12requires_GPSEv @ 0x9d4050
GUIDED: _ZNK8ModeAuto19has_manual_throttleEv @ 0xb555e0
GUIDED: _ZNK8ModeAuto12is_autopilotEv @ 0xb55630
GUIDED: _ZNK8ModeAuto5name4Ev @ 0xb557c0
GUIDED: _ZN25AP_Mission_ChangeDetector24check_for_mission_changeEv @ 0x9d4be0
GUIDED: _ZNK10AP_Mission15Mission_CommandneERKS0_ @ 0xb55ae0
GUIDED: _ZNK10AP_Mission15Mission_CommandeqERKS0_ @ 0xb55b50
GUIDED: _ZN10ModeGuided11limit_clearEv @ 0x9d6fe0
GUIDED: _ZNK14AP_BattMonitor22capacity_remaining_pctERhh @ 0x9e4e00
GUIDED: _ZNK10GCS_Copter11custom_modeEv @ 0x9e5140
GUIDED: _ZNK10GCS_Copter10frame_typeEv @ 0x9e51a0
GUIDED: _ZN10GCS_Copter4chanEh @ 0xb57210
GUIDED: _ZNK10GCS_Copter43min_loop_time_remaining_for_message_send_usEv @ 0xb57330
GUIDED: _ZNK10GCS_Copter19vehicle_initialisedEv @ 0x9e52c0
GUIDED: _ZN10GCS_Copter34update_vehicle_sensor_status_flagsEv @ 0x9e53e0
GUIDED: _ZNK12AP_Proximity14sensor_presentEv @ 0x9e5770
GUIDED: _ZNK12AP_Proximity14sensor_enabledEv @ 0x9e57d0
GUIDED: _ZNK12AP_Proximity13sensor_failedEv @ 0x9e5830
GUIDED: _ZN18GCS_MAVLINK_Copter14packetReceivedERK16__mavlink_statusRK17__mavlink_message @ 0x9e5ae0
GUIDED: _ZNK18GCS_MAVLINK_Copter13mission_stateERK10AP_Mission @ 0x9e5bb0
GUIDED: _ZNK11GCS_MAVLINK16send_rangefinderEv @ 0x9e5c50
GUIDED: _ZNK18GCS_MAVLINK_Copter26send_nav_controller_outputEv @ 0x9e5d20
GUIDED: _ZN18GCS_MAVLINK_Copter15send_pid_tuningEv @ 0x9e5ec0
GUIDED: _ZN11GCS_MAVLINK21send_scaled_pressure3Ev @ 0x9e6110
GUIDED: _ZNK11GCS_MAVLINK13send_attitudeEv @ 0x9e6170
GUIDED: _ZN18GCS_MAVLINK_Copter31send_position_target_global_intEv @ 0x9e6430
GUIDED: _ZNK18GCS_MAVLINK_Copter17send_winch_statusEv @ 0x9e69a0
GUIDED: _ZNK18GCS_MAVLINK_Copter9base_modeEv @ 0x9e6f50
GUIDED: _ZNK18GCS_MAVLINK_Copter21vehicle_system_statusEv @ 0x9e7030
GUIDED: _ZNK11GCS_MAVLINK19persist_streamratesEv @ 0xb575a0
GUIDED: _ZN18GCS_MAVLINK_Copter25handle_command_int_packetERK23__mavlink_command_int_tRK17__mavlink_message @ 0x9e7220
GUIDED: _ZN11GCS_MAVLINK35handle_command_component_arm_disarmERK23__mavlink_command_int_t @ 0x9e7680
GUIDED: _ZN18GCS_MAVLINK_Copter14handle_messageERK17__mavlink_message @ 0x9e7b40
GUIDED: _ZN18GCS_MAVLINK_Copter16try_send_messageE10ap_message @ 0x9e8500
GUIDED: _ZN11GCS_MAVLINK24send_global_position_intEv @ 0x9e8720
GUIDED: _ZNK11GCS_MAVLINK23global_position_int_altEv @ 0x9e88a0
GUIDED: _ZNK11GCS_MAVLINK32global_position_int_relative_altEv @ 0x9e8900
GUIDED: _ZNK11GCS_MAVLINK17vfr_hud_climbrateEv @ 0x9e8970
GUIDED: _ZNK18GCS_MAVLINK_Copter16vfr_hud_airspeedEv @ 0x9e8a30
GUIDED: _ZNK18GCS_MAVLINK_Copter16vfr_hud_throttleEv @ 0x9e8b30
GUIDED: _ZNK18GCS_MAVLINK_Copter11vfr_hud_altEv @ 0x9e8bc0
GUIDED: _ZN11GCS_MAVLINK35convert_COMMAND_LONG_to_COMMAND_INTERK24__mavlink_command_long_tR23__mavlink_command_int_t9MAV_FRAME @ 0x9e90f0
GUIDED: _ZN11GCS_MAVLINK28command_long_stores_locationE7MAV_CMD @ 0x9e98a0
GUIDED: _ZL30convert_COMMAND_LONG_loc_paramfb @ 0x9e9980
GUIDED: _ZL7degreesf.132 @ 0x9e9a30
GUIDED: _ZL3MINIfiEDTqultfp_fp0_fp_fp0_ERKT_RKT0_ @ 0x9e9a80
GUIDED: _ZNK11GCS_MAVLINK11vfr_hud_altEv @ 0x9e9b20
GUIDED: _ZL36mavlink_msg_global_position_int_send17mavlink_channel_tjiiiissst @ 0x9e9b80
GUIDED: _ZN10AP_Terrain12send_requestE17mavlink_channel_t @ 0x9e9ca0
GUIDED: _ZN10AP_Terrain11send_reportE17mavlink_channel_t @ 0x9e9df0
GUIDED: _ZNK18GCS_MAVLINK_Copter9send_windEv @ 0x9e9ea0
GUIDED: _ZN7AP_ADSB17send_adsb_vehicleE17mavlink_channel_t @ 0x9e9fa0
GUIDED: _ZNK11GCS_MAVLINK23get_ap_message_intervalE10ap_messageRt @ 0x9ea1b0
GUIDED: _ZN13AP_OADatabase17send_adsb_vehicleE17mavlink_channel_tt @ 0x9ea2e0
GUIDED: _ZN11GCS_MAVLINK16try_send_messageE10ap_message @ 0x9ea880
GUIDED: _ZN11GCS_MAVLINK17queued_param_sendEv @ 0x9eb530
GUIDED: _ZNK11GCS_MAVLINK14send_heartbeatEv @ 0x9eb7e0
GUIDED: _ZNK11GCS_MAVLINK18send_home_positionEv @ 0x9eb940
GUIDED: _ZNK11GCS_MAVLINK22send_gps_global_originEv @ 0x9ebaf0
GUIDED: _ZNK11GCS_MAVLINK8send_rpmEv @ 0x9ebba0
GUIDED: _ZN11GCS_MAVLINK24try_send_mission_messageE10ap_message @ 0x9ebc80
GUIDED: _ZN7Compass21send_mag_cal_progressERK11GCS_MAVLINK @ 0x9ebe80
GUIDED: _ZN7Compass19send_mag_cal_reportERK11GCS_MAVLINK @ 0x9ec0d0
GUIDED: _ZN11GCS_MAVLINK19send_battery_statusEv @ 0x9ec400
GUIDED: _ZNK7AP_AHRS22send_ekf_status_reportER11GCS_MAVLINK @ 0x9ec550
GUIDED: _ZN11GCS_MAVLINK12send_meminfoEv @ 0x9ec650
GUIDED: _ZNK11GCS_MAVLINK17send_fence_statusEv @ 0x9ec710
GUIDED: _ZN11GCS_MAVLINK20send_distance_sensorEv @ 0x9ec880
GUIDED: _ZNK11GCS_MAVLINK16send_system_timeEv @ 0x9ecdc0
GUIDED: _ZN6AP_GPS20send_mavlink_gps_rawE17mavlink_channel_t @ 0x9ece50
GUIDED: _ZN6AP_GPS20send_mavlink_gps_rtkE17mavlink_channel_th @ 0x9ed1a0
GUIDED: _ZN6AP_GPS21send_mavlink_gps2_rawE17mavlink_channel_t @ 0x9ed280
GUIDED: _ZNK11GCS_MAVLINK19send_local_positionEv @ 0x9ed620
GUIDED: _ZNK11GCS_MAVLINK34send_gimbal_device_attitude_statusEv @ 0x9ed6f0
GUIDED: _ZN11GCS_MAVLINK16send_opticalflowEv @ 0x9edab0
GUIDED: _ZN11GCS_MAVLINK17send_power_statusEv @ 0x9edc20
GUIDED: _ZNK11GCS_MAVLINK16send_rc_channelsEv @ 0x9edd30
GUIDED: _ZNK11GCS_MAVLINK20send_rc_channels_rawEv @ 0x9edff0
GUIDED: _ZN11GCS_MAVLINK12send_raw_imuEv @ 0x9ee170
GUIDED: _ZN11GCS_MAVLINK15send_scaled_imuEhPFv17mavlink_channel_tjssssssssssE @ 0x9ee580
GUIDED: _ZL28mavlink_msg_scaled_imu2_send17mavlink_channel_tjssssssssss @ 0x9ee840
GUIDED: _ZL28mavlink_msg_scaled_imu3_send17mavlink_channel_tjssssssssss @ 0x9ee9b0
GUIDED: _ZN11GCS_MAVLINK20send_scaled_pressureEv @ 0x9eed60
GUIDED: _ZN11GCS_MAVLINK21send_scaled_pressure2Ev @ 0x9eedc0
GUIDED: _ZN11GCS_MAVLINK13send_airspeedEv @ 0x9eee20
GUIDED: _ZN11GCS_MAVLINK21send_servo_output_rawEv @ 0x9eefe0
GUIDED: _ZNK11GCS_MAVLINK13send_simstateEv @ 0x9ef400
GUIDED: _ZN11GCS_MAVLINK15send_sys_statusEv @ 0x9ef520
GUIDED: _ZN11GCS_MAVLINK10send_ahrs2Ev @ 0x9ef810
GUIDED: _ZN11GCS_MAVLINK9send_ahrsEv @ 0x9ef8f0
GUIDED: _ZN11GCS_MAVLINK12send_vfr_hudEv @ 0x9efa70
GUIDED: _ZNK11GCS_MAVLINK14send_vibrationEv @ 0x9efbb0
GUIDED: _ZNK11GCS_MAVLINK21send_generator_statusEv @ 0x9efca0
GUIDED: _ZN12AP_ESC_Telem26send_esc_telemetry_mavlinkEh @ 0x9f0020
GUIDED: _ZN6AP_EFI19send_mavlink_statusE17mavlink_channel_t @ 0x9f04b0
GUIDED: _ZN6AP_AIS13get_singletonEv @ 0x9f0c80
GUIDED: _ZNK11GCS_MAVLINK21battery_remaining_pctEh @ 0x9f1610
GUIDED: _ZL3MINIhiEDTqultfp_fp0_fp_fp0_ERKT_RKT0_.6782 @ 0x9f1ac0
GUIDED: _ZL44mavlink_msg_esc_telemetry_1_to_4_send_struct17mavlink_channel_tPK32__mavlink_esc_telemetry_1_to_4_t @ 0x9f1de0
GUIDED: _ZN12AP_Generator21send_generator_statusERK11GCS_MAVLINK @ 0x9f23e0
GUIDED: _ZL26mavlink_msg_vibration_send17mavlink_channel_tmfffjjj @ 0x9f2460
GUIDED: _ZL24mavlink_msg_vfr_hud_send17mavlink_channel_tffstff @ 0x9f2570
GUIDED: _ZNK7AP_AHRS12get_error_rpEv @ 0x9f2700
GUIDED: _ZNK7AP_AHRS13get_error_yawEv @ 0x9f2760
GUIDED: _ZL21mavlink_msg_ahrs_send17mavlink_channel_tfffffff @ 0x9f27c0
GUIDED: _ZL22mavlink_msg_ahrs2_send17mavlink_channel_tffffii @ 0x9f28e0
GUIDED: _ZNK9AP_Logger11num_droppedEv @ 0x9f29e0
GUIDED: _ZNK14AP_BattMonitor11gcs_voltageEv @ 0xb57780
GUIDED: _ZL27mavlink_msg_sys_status_send17mavlink_channel_tjjjttsatttttt @ 0x9f2a60
GUIDED: _ZNK14AP_BattMonitor11gcs_voltageEh @ 0x9f2c00
GUIDED: _ZNK17AP_Logger_Backend11num_droppedEv @ 0xb577d0
GUIDED: _ZL7radiansf.16475 @ 0x9f3020
GUIDED: _ZNK4SITL3SIM13simstate_sendE17mavlink_channel_t @ 0x9f33a0
GUIDED: _ZL25mavlink_msg_simstate_send17mavlink_channel_tfffffffffii @ 0x9f3570
GUIDED: _ZL33mavlink_msg_servo_output_raw_send17mavlink_channel_tjhtttttttttttttttt @ 0x9f3710
GUIDED: _ZL33mavlink_msg_scaled_pressure2_send17mavlink_channel_tjffss @ 0x9f3a10
GUIDED: _ZN11GCS_MAVLINK29send_scaled_pressure_instanceEhPFv17mavlink_channel_tjffssE @ 0x9f3af0
GUIDED: _ZL32mavlink_msg_scaled_pressure_send17mavlink_channel_tjffss @ 0x9f3ce0
GUIDED: _ZL24mavlink_msg_raw_imu_send17mavlink_channel_tmssssssssshs @ 0x9f3e40
GUIDED: _ZNK11GCS_MAVLINK16sending_mavlink1Ev @ 0x9f3fc0
GUIDED: _ZNK11GCS_MAVLINK13receiver_rssiEv @ 0x9f4020
GUIDED: _ZL28mavlink_msg_rc_channels_send17mavlink_channel_tjhtttttttttttttttttth @ 0x9f4230
GUIDED: _ZL29mavlink_msg_power_status_send17mavlink_channel_tttt @ 0x9f44a0
GUIDED: _ZN8AP_Mount34send_gimbal_device_attitude_statusE17mavlink_channel_t @ 0x9f4f20
GUIDED: _ZL35mavlink_msg_local_position_ned_send17mavlink_channel_tjffffff @ 0x9f5580
GUIDED: _ZNK6AP_GPS12gps_yaw_cdegEh @ 0x9f5690
GUIDED: _ZNK6AP_GPS23have_gps_yaw_configuredEh @ 0xb57970
GUIDED: _ZL28mavlink_msg_gps_raw_int_send17mavlink_channel_tmhiiitttthijjjjt @ 0x9f5990
GUIDED: _ZL28mavlink_msg_system_time_send17mavlink_channel_tmj @ 0x9f5b80
GUIDED: _ZN11GCS_MAVLINK14send_proximityEv @ 0x9f7120
GUIDED: _ZNK12AP_Proximity12distance_minEv @ 0x9f7500
GUIDED: _ZL3MINIjjEDTqultfp_fp0_fp_fp0_ERKT_RKT0_.6784 @ 0x9f79c0
GUIDED: _ZL24mavlink_msg_meminfo_send17mavlink_channel_tttj @ 0x9f7a40
GUIDED: _ZNK7NavEKF318send_status_reportER11GCS_MAVLINK @ 0x9f7ce0
GUIDED: _ZNK12NavEKF3_core18send_status_reportER11GCS_MAVLINK @ 0x9f7d70
GUIDED: _ZL41mavlink_msg_ekf_status_report_send_struct17mavlink_channel_tPK29__mavlink_ekf_status_report_t @ 0x9f8170
GUIDED: _ZNK14AP_BattMonitor13option_is_setEhN21AP_BattMonitor_Params7OptionsE @ 0x9f8c90
GUIDED: _ZNK11GCS_MAVLINK19send_battery_statusEh @ 0x9f8d60
GUIDED: _ZL3MINIftEDTqultfp_fp0_fp_fp0_ERKT_RKT0_ @ 0x9f95f0
GUIDED: _ZNK14AP_BattMonitor14time_remainingERjh @ 0x9f9690
GUIDED: _ZNK14AP_BattMonitor24get_mavlink_charge_stateEh @ 0x9f9780
GUIDED: _ZNK14AP_BattMonitor25get_mavlink_fault_bitmaskEh @ 0x9f98b0
GUIDED: _ZL31mavlink_msg_battery_status_send17mavlink_channel_thhhsPKtsiiaihS1_hj @ 0x9f9960
GUIDED: _ZN14typesafe_indexIh12TAG_PriorityErmERKh @ 0xb57bc0
GUIDED: _ZN11GCS_MAVLINK20send_mission_currentERK10AP_Missiont @ 0x9fa0e0
GUIDED: _ZL32mavlink_msg_mission_current_send17mavlink_channel_ttthh @ 0x9fa5b0
GUIDED: _ZL34mavlink_msg_gps_global_origin_send17mavlink_channel_tiiim @ 0x9fa730
GUIDED: _ZL30mavlink_msg_home_position_send17mavlink_channel_tiiifffPKffffm @ 0x9fa7f0
GUIDED: _ZNK11GCS_MAVLINK13system_statusEv @ 0x9faa80
GUIDED: _ZL26mavlink_msg_heartbeat_send17mavlink_channel_thhhjh @ 0x9fab10
GUIDED: _ZN11GCS_MAVLINK28send_parameter_async_repliesEv @ 0x9fabf0
GUIDED: _ZN12ObjectBufferIN11GCS_MAVLINK19pending_param_replyEE4peekERS1_ @ 0xb57cb0
GUIDED: _ZL21mavlink_msg_wind_send17mavlink_channel_tfff @ 0x9fb6d0
GUIDED: _ZN10AP_Terrain19send_terrain_reportE17mavlink_channel_tRK8Locationb @ 0x9fb780
GUIDED: _ZL31mavlink_msg_terrain_report_send17mavlink_channel_tiitfftt @ 0x9fb930
GUIDED: _ZN10AP_Terrain18send_cache_requestE17mavlink_channel_t @ 0x9fba50
GUIDED: _ZN10AP_Terrain15request_missingE17mavlink_channel_tRKNS_9grid_infoE @ 0x9fbb50
GUIDED: _ZN10AP_Terrain15request_missingE17mavlink_channel_tRNS_10grid_cacheE @ 0x9fbbe0
GUIDED: _ZL32mavlink_msg_terrain_request_send17mavlink_channel_tiitm @ 0x9fbdc0
GUIDED: _ZN10AP_Terrain11handle_dataE17mavlink_channel_tRK17__mavlink_message @ 0xa02960
GUIDED: _ZN11GCS_MAVLINK14handle_messageERK17__mavlink_message @ 0xa02a30
GUIDED: _ZN11GCS_MAVLINK16handle_heartbeatERK17__mavlink_message @ 0xa035b0
GUIDED: _ZN11GCS_MAVLINK19handle_command_longERK17__mavlink_message @ 0xa04920
GUIDED: _ZN11GCS_MAVLINK26handle_request_data_streamERK17__mavlink_message @ 0xa05f60
GUIDED: _ZNK3GCS12sysid_is_gcsEh @ 0xa0b5c0
GUIDED: _ZN11GCS_MAVLINK16sysid_mygcs_seenEj @ 0xa0b860
GUIDED: _ZN3GCS16sysid_mygcs_seenEj @ 0xb58770
GUIDED: _ZL38mavlink_msg_request_data_stream_decodePK17__mavlink_messageP31__mavlink_request_data_stream_t @ 0xa0cad0
GUIDED: _ZN9AP_Logger13Write_CommandERK23__mavlink_command_int_thh10MAV_RESULTb @ 0xa0fd70
GUIDED: _ZL31mavlink_msg_command_long_decodePK17__mavlink_messageP24__mavlink_command_long_t @ 0xa0fef0
GUIDED: _ZN11GCS_MAVLINK31try_command_long_as_command_intERK24__mavlink_command_long_tRK17__mavlink_message @ 0xa0ffc0
GUIDED: _ZN11GCS_MAVLINK16_set_mode_commonEhj @ 0xa12820
GUIDED: _ZN12ObjectBufferIN7GCS_FTP11TransactionEE3popERS1_ @ 0xb58d30
GUIDED: _ZN10AP_Terrain19handle_terrain_dataERK17__mavlink_message @ 0xa17390
GUIDED: _ZL31mavlink_msg_terrain_data_decodePK17__mavlink_messageP24__mavlink_terrain_data_t @ 0xa177f0
GUIDED: _ZN18GCS_MAVLINK_Copter26handle_MAV_CMD_NAV_TAKEOFFERK23__mavlink_command_int_t @ 0xa19830
GUIDED: _ZN11GCS_MAVLINK25handle_command_int_packetERK23__mavlink_command_int_tRK17__mavlink_message @ 0xa1a2a0
GUIDED: _ZN11GCS_MAVLINK26handle_command_do_set_modeERK23__mavlink_command_int_t @ 0xa1b650
GUIDED: _ZN4Mode15do_user_takeoffEfb @ 0xa1e9a0
GUIDED: _ZNK6Copter22any_failsafe_triggeredEv @ 0xb598e0
GUIDED: _ZN8AP_Winch11send_statusERK11GCS_MAVLINK @ 0xa1f830
GUIDED: _ZL25mavlink_msg_attitude_send17mavlink_channel_tjffffff @ 0xa20080
GUIDED: _ZL38mavlink_msg_nav_controller_output_send17mavlink_channel_tffsstfff @ 0xa203d0
GUIDED: _ZNK8ModeAuto6pausedEv @ 0xa205b0
GUIDED: _ZNK11GCS_MAVLINK13mission_stateERK10AP_Mission @ 0xa20630
GUIDED: _ZN8AC_WPNav6pausedEv @ 0xb59b50
GUIDED: _ZN11GCS_MAVLINK14packetReceivedERK16__mavlink_statusRK17__mavlink_message @ 0xa20860
GUIDED: _ZN15MAVLink_routing17check_and_forwardER11GCS_MAVLINKRK17__mavlink_message @ 0xa20a60
GUIDED: _ZN9AP_Follow10handle_msgERK17__mavlink_message @ 0xa20fd0
GUIDED: _ZNK11GCS_MAVLINK13accept_packetERK16__mavlink_statusRK17__mavlink_message @ 0xa21150
GUIDED: _ZNK9AP_Follow21should_handle_messageERK17__mavlink_message @ 0xa21270
GUIDED: _ZN15MAVLink_routing11learn_routeER11GCS_MAVLINKRK17__mavlink_message @ 0xa22240
GUIDED: _ZN15MAVLink_routing16handle_heartbeatER11GCS_MAVLINKRK17__mavlink_message @ 0xa224e0
GUIDED: _ZN15MAVLink_routing11get_targetsERK17__mavlink_messageRsS3_ @ 0xa22710
GUIDED: _ZNK9AP_Motors18get_frame_mav_typeEv @ 0xb5a7b0
GUIDED: _ZN18RC_Channels_Copter7channelEh @ 0xb5b410
GUIDED: _ZN11RC_Channels16read_mode_switchEv @ 0xa26a70
GUIDED: _ZNK18RC_Channels_Copter14in_rc_failsafeEv @ 0xa26b00
GUIDED: _ZNK18RC_Channels_Copter15has_valid_inputEv @ 0xa26b60
GUIDED: _ZNK18RC_Channels_Copter18get_arming_channelEv @ 0xa26bf0
GUIDED: _ZNK18RC_Channels_Copter21arming_check_throttleEv @ 0xa26c40
GUIDED: _ZNK18RC_Channels_Copter26flight_mode_channel_numberEv @ 0xa26ce0
GUIDED: _ZNK11RC_Channels21arming_check_throttleEv @ 0xb5b4a0
GUIDED: __wrap_malloc @ 0xa3da40
GUIDED: mode_to_string @ 0xa919e0
GUIDED: mode_entry @ 0xa91c40
----------------------
Mode: 3 (AUTO)
AUTO: _ZN16AP_Arming_Copter14pre_arm_checksEb @ 0x5de4e0
AUTO: _ZN2AP13serialmanagerEv @ 0x5e05f0
AUTO: _ZNK9AP_ParamTIiL11ap_var_type3EEcvRKiEv @ 0xa98a80
AUTO: _ZN6AP_HAL4Util9vsnprintfEPcmPKcP13__va_list_tag @ 0x5e0c40
AUTO: _ZN13BufferPrinterC2EPcm @ 0xa98ad0
AUTO: _Z13print_vprintfPN6AP_HAL12BetterStreamEPKcP13__va_list_tag @ 0x5e0d80
AUTO: _Z12ultoa_invertjPch @ 0x5e2c10
AUTO: _ZN6AP_HAL12BetterStreamC2Ev @ 0xa98b80
AUTO: _ZN13BufferPrinter5writeEh @ 0xa98be0
AUTO: _Z3gcsv @ 0x5e3200
AUTO: _ZN3GCS10send_textvE12MAV_SEVERITYPKcP13__va_list_tag @ 0x5e3240
AUTO: _ZNK3GCS28statustext_send_channel_maskEv @ 0x5e3310
AUTO: _ZN11GCS_MAVLINK19active_channel_maskEv @ 0xa98e80
AUTO: _ZN11GCS_MAVLINK22streaming_channel_maskEv @ 0xa98ec0
AUTO: _ZN11GCS_MAVLINK20private_channel_maskEv @ 0xa98f00
AUTO: _ZN3GCS13get_singletonEv @ 0xa98f40
AUTO: _ZNK16AP_SerialManager22find_protocol_instanceENS_14SerialProtocolEh @ 0x5e33a0
AUTO: _ZNK13AP_ParamTBaseIaL11ap_var_type1EE3getEv @ 0xa98f80
AUTO: _ZNK16AP_SerialManager14protocol_matchENS_14SerialProtocolES0_ @ 0x5e3540
AUTO: _ZN16AP_SerialManager13get_singletonEv @ 0xa98fd0
AUTO: _Z2rcv @ 0x5e3640
AUTO: _ZN11RC_Channels13get_singletonEv @ 0xa99070
AUTO: _ZNK9AP_ParamTIaL11ap_var_type1EEcvRKaEv @ 0xa99140
AUTO: _ZN6AP_HAL6millisEv @ 0x5e3cc0
AUTO: _ZN13WithSemaphoreD2Ev @ 0x5e3d00
AUTO: _ZN6AP_HAL8millis64Ev @ 0x5e3d60
AUTO: _ZN6AP_HAL8micros64Ev @ 0x5e3da0
AUTO: _ZL14uint64_div1000m @ 0x5e3e40
AUTO: _ZN7HALSITL9Scheduler4fromEPN6AP_HAL9SchedulerE @ 0xa99190
AUTO: _ZNK7HALSITL9Scheduler18stopped_clock_usecEv @ 0xa991e0
AUTO: _ZNK13AP_ParamTBaseIsL11ap_var_type2EE3getEv @ 0xa99230
AUTO: _ZN13WithSemaphoreC2ERN6AP_HAL9SemaphoreEj @ 0x5e3f90
AUTO: _ZNK6Copter10ekf_alt_okEv @ 0x5e4070
AUTO: _ZNK7AP_AHRS17have_inertial_navEv @ 0x5e4140
AUTO: _ZNK7AP_AHRS10has_statusE18NavFilterStatusBit @ 0x5e41a0
AUTO: _ZNK7AP_AHRS17get_filter_statusER17nav_filter_status @ 0x5e4230
AUTO: _ZNK7AP_AHRS8ekf_typeEv @ 0x5e4360
AUTO: _ZNK7NavEKF315getFilterStatusER17nav_filter_status @ 0x5e44f0
AUTO: _ZN2AP12externalAHRSEv @ 0x5e47e0
AUTO: _ZNK15AP_ExternalAHRS17get_filter_statusER17nav_filter_status @ 0x5e4820
AUTO: _ZN15AP_ExternalAHRS13get_singletonEv @ 0xa99320
AUTO: _ZNK12NavEKF3_core15getFilterStatusER17nav_filter_status @ 0x5e49b0
AUTO: _ZNK7AP_AHRS14always_use_EKFEv @ 0xa99360
AUTO: _ZNK7AP_AHRS15active_EKF_typeEv @ 0xa993c0
AUTO: _ZN2AP4ahrsEv @ 0x5e4a90
AUTO: _ZNK6Copter11position_okEv @ 0x5e4ed0
AUTO: _ZNK9AP_ParamTIfL11ap_var_type4EEcvRKfILb1EEEv @ 0xa99460
AUTO: _ZN7Vector3IfEC2Ev @ 0xa994b0
AUTO: _ZNK7AP_AHRS13get_variancesERfS0_S0_R7Vector3IfES0_ @ 0x5e4f70
AUTO: _ZNK7Vector3IfE6lengthEv @ 0xa99510
AUTO: _Z4normIffJfEEdT_T0_DpKT1_ @ 0xa99570
AUTO: _Z2sqIfJffEEdT_DpKT0_ @ 0xa995f0
AUTO: _ZL2sqf.4012 @ 0x5e5140
AUTO: _Z2sqIfJfEEdT_DpKT0_ @ 0xa99690
AUTO: _ZL2sqf.1211 @ 0x5e5190
AUTO: _ZN7Vector2IfEC2Ev @ 0xa99710
AUTO: _ZNK7NavEKF312getVariancesERfS0_S0_R7Vector3IfES0_R7Vector2IfE @ 0x5e52f0
AUTO: _ZN7Vector3IfE4zeroEv @ 0xa99810
AUTO: _ZNK12NavEKF3_core12getVariancesERfS0_S0_R7Vector3IfES0_R7Vector2IfE @ 0x5e54d0
AUTO: _ZL3MAXIddEDTqugtfp_fp0_fp_fp0_ERKT_RKT0_.4817 @ 0x5e56d0
AUTO: _ZNK7Vector2IdE7tofloatEv @ 0xa99870
AUTO: _ZN7Vector2IfEC2Eff @ 0xa998d0
AUTO: _ZNK6Copter25ekf_has_absolute_positionEv @ 0x5e59d0
AUTO: _ZNK6Copter25ekf_has_relative_positionEv @ 0x5e5b10
AUTO: _ZNK14AP_OpticalFlow7enabledEv @ 0xa99950
AUTO: _ZNK13AP_VisualOdom7enabledEv @ 0x5e5ca0
AUTO: _ZNK9AP_Motors5armedEv @ 0xa999c0
AUTO: _ZNK7AP_EnumIN13AP_VisualOdom15VisualOdom_TypeEEcvKS1_Ev @ 0xa99a20
AUTO: _ZNK7AP_EnumIN14AP_OpticalFlow4TypeEEcvKS1_Ev @ 0xa99a70
AUTO: _ZNK8AC_Fence7presentEv @ 0x5e5d00
AUTO: _ZNK19AC_PolyFence_loader17total_fence_countEv @ 0xa99ac0
AUTO: _ZNK19AC_PolyFence_loader27get_exclusion_polygon_countEv @ 0xa99b70
AUTO: _ZNK19AC_PolyFence_loader27get_inclusion_polygon_countEv @ 0xa99bc0
AUTO: _ZNK19AC_PolyFence_loader26get_exclusion_circle_countEv @ 0xa99c10
AUTO: _ZNK19AC_PolyFence_loader26get_inclusion_circle_countEv @ 0xa99c60
AUTO: _ZNK7AP_AHRS7healthyEv @ 0x5e5da0
AUTO: _ZN2AP7compassEv @ 0x5e6840
AUTO: _ZNK7Compass11use_for_yawEv @ 0x5e6880
AUTO: _ZNK16AP_NavEKF_Source12getYawSourceEh @ 0x5e76f0
AUTO: _ZNK12NavEKF3_core7healthyEv @ 0x5e79b0
AUTO: _Z2sqIdEdT_ @ 0xa99cb0
AUTO: _ZNK16AP_NavEKF_Source14useVelXYSourceENS_8SourceXYEh @ 0x5e7d70
AUTO: _ZNK16AP_NavEKF_Source18getActiveSourceSetEh @ 0xa99d10
AUTO: _ZNK7AP_EnumIN16AP_NavEKF_Source8SourceXYEEcvKS1_Ev @ 0xa99dc0
AUTO: _ZNK16AP_NavEKF_Source13option_is_setENS_13SourceOptionsE @ 0xa99e10
AUTO: _ZNK12NavEKF3_core15getFilterFaultsERt @ 0x5e7ea0
AUTO: _ZNK11QuaternionTIdE6is_nanEv @ 0xa99e90
AUTO: _ZNK7Vector3IdE6is_nanEv @ 0xa99f90
AUTO: _ZNK7AP_EnumIN16AP_NavEKF_Source9SourceYawEEcvKS1_Ev @ 0xa9a060
AUTO: _ZN2AP3dalEv @ 0x5e7fc0
AUTO: _ZN6AP_DAL7compassEv @ 0xa9a0b0
AUTO: _ZNK14AP_DAL_Compass15get_num_enabledEv @ 0xa9a100
AUTO: _ZN6AP_DAL13get_singletonEv @ 0xa9a150
AUTO: _ZN7Matrix3IfEC2Ev @ 0xa9a590
AUTO: _ZN8LocationC2Ev @ 0xa9a610
AUTO: _ZN8Location4zeroEv @ 0x5e84e0
AUTO: _ZN11QuaternionTIfEC2Ev @ 0xa9a7f0
AUTO: _ZN6AP_DAL4baroEv @ 0xa9a860
AUTO: _ZN6AP_DAL6beaconEv @ 0xa9a900
AUTO: _ZN6AP_DAL3gpsEv @ 0xa9a9c0
AUTO: _ZN6AP_DAL11rangefinderEv @ 0xa9aad0
AUTO: _ZN6AP_DAL10visualodomEv @ 0xa9ab20
AUTO: _ZNK7Compass7healthyEh @ 0x5e8990
AUTO: _ZNK7Compass11use_for_yawEh @ 0x5e8a30
AUTO: _ZNK7Compass9availableEv @ 0xa9ac40
AUTO: _ZN14typesafe_indexIh12TAG_PriorityEC2Eh @ 0xa9acc0
AUTO: _ZNK19RestrictIDTypeArrayI9AP_ParamTIaL11ap_var_type1EELj3E14typesafe_indexIh12TAG_PriorityEEixERKS5_ @ 0xa9ad20
AUTO: _ZNK7AP_EnumIN7Compass9LearnTypeEEcvKS1_Ev @ 0xa9ada0
AUTO: _ZNK14typesafe_indexIh12TAG_PriorityE7get_intEv @ 0xa9adf0
AUTO: _ZNK7Compass10_get_stateE14typesafe_indexIh12TAG_PriorityE @ 0xa9ae40
AUTO: _ZNK7Compass13_get_state_idE14typesafe_indexIh12TAG_PriorityE @ 0x5e8b10
AUTO: _ZNK19RestrictIDTypeArrayIN7Compass9mag_stateELj4E14typesafe_indexIh14TAG_StateIndexEEixERKS4_ @ 0xa9aec0
AUTO: _ZNK14typesafe_indexIh14TAG_StateIndexE7get_intEv @ 0xa9af40
AUTO: _ZNK19RestrictIDTypeArrayIiLj3E14typesafe_indexIh12TAG_PriorityEEixERKS2_ @ 0xa9af90
AUTO: _ZN14typesafe_indexIh14TAG_StateIndexEC2Eh @ 0xa9b010
AUTO: _ZNK14typesafe_indexIh14TAG_StateIndexEltERKh @ 0xa9b070
AUTO: _ZN14typesafe_indexIh14TAG_StateIndexEppEi @ 0xa9b0e0
AUTO: _ZN7Compass13get_singletonEv @ 0xa9b150
AUTO: _ZNK7NavEKF211activeCoresEv @ 0xa9b190
AUTO: _ZNK11QuaternionTIfE13to_axis_angleER7Vector3IfE @ 0xa9b480
AUTO: _ZNK7NavEKF311activeCoresEv @ 0xa9b5d0
AUTO: _ZN11QuaternionTIfE20from_rotation_matrixERK7Matrix3IfE @ 0xa9b680
AUTO: _ZNK12NavEKF3_core11use_compassEv @ 0x5e91a0
AUTO: _ZNK14AP_DAL_Compass11use_for_yawEh @ 0xa9bb90
AUTO: _ZNK12NavEKF3_core20getRotationBodyToNEDER7Matrix3IfE @ 0x5e9270
AUTO: _ZNK11QuaternionTIdE15rotation_matrixER7Matrix3IfE @ 0xa9bc00
AUTO: _ZNK6AP_DAL43get_rotation_vehicle_body_to_autopilot_bodyEv @ 0xa9be10
AUTO: _ZNK7Matrix3IfEmlERKS0_ @ 0xa9be60
AUTO: _ZN7Vector3IfEC2Efff @ 0xa9c0d0
AUTO: _ZN7Matrix3IfEC2ERK7Vector3IfES4_S4_ @ 0xa9c160
AUTO: _ZL2sqf.3887 @ 0x5e9330
AUTO: _Z7is_zerof @ 0xa9c210
AUTO: _ZN7Vector3IfEdVEf @ 0xa9c280
AUTO: _Z7wrap_PId @ 0x5e9380
AUTO: _ZN7Vector3IfEmLEf @ 0xa9c310
AUTO: _Z8wrap_2PId @ 0x5e9410
AUTO: _ZNK11QuaternionTIfE7inverseEv @ 0xa9c3a0
AUTO: _ZNK11QuaternionTIfEmlERKS0_ @ 0xa9c420
AUTO: _ZN11QuaternionTIfEC2Effff @ 0xa9c650
AUTO: _ZNK11QuaternionTIfE15rotation_matrixER7Matrix3IfE @ 0xa9c700
AUTO: _ZNK7Matrix3IfE13mul_transposeERK7Vector3IfE @ 0xa9c8f0
AUTO: _ZNK7Vector3IfEmiERKS0_ @ 0xa9ca00
AUTO: _Z20constrain_value_lineIfET_S0_S0_S0_j @ 0xa9cab0
AUTO: _ZN2AP13internalerrorEv @ 0x5e9500
AUTO: _ZNK7AP_AHRS24get_rotation_body_to_nedEv @ 0xa9cbd0
AUTO: _ZN2AP3gpsEv @ 0x5e9f80
AUTO: _ZNK6AP_GPS8get_typeEh @ 0xa9ccc0
AUTO: _ZNK7AP_EnumIN6AP_GPS8GPS_TypeEEcvKS1_Ev @ 0xa9cd50
AUTO: _ZN6AP_GPS13get_singletonEv @ 0xa9cda0
AUTO: _ZNK7NavEKF37healthyEv @ 0x5ea0d0
AUTO: _ZN7AP_AHRS13get_singletonEv @ 0xa9ce80
AUTO: _ZN12AP_Proximity13get_singletonEv @ 0xa9cf40
AUTO: _ZN2AP9schedulerEv @ 0x5ea870
AUTO: _ZN12AP_Scheduler25get_filtered_loop_rate_hzEv @ 0xa9cfc0
AUTO: _ZN12AP_Scheduler16get_loop_rate_hzEv @ 0xa9d010
AUTO: _ZN10AP_Terrain13get_singletonEv @ 0xa9d0a0
AUTO: _ZN12AP_Scripting13get_singletonEv @ 0xa9d140
AUTO: _ZNK16AP_InternalError6errorsEv @ 0xa9d2a0
AUTO: _ZNK16AP_InternalError15last_error_lineEv @ 0xa9d2f0
AUTO: _ZN2AP3rpmEv @ 0x5ead30
AUTO: _ZN12SRV_Channels17function_assignedEN11SRV_Channel8FunctionE @ 0x5eb8e0
AUTO: _ZNK9AP_ParamTIsL11ap_var_type2EEcvRKsEv @ 0xa9d3d0
AUTO: _ZN12SRV_Channels25update_aux_servo_functionEv @ 0x5eba30
AUTO: _ZNK7BitmaskILt190EE3getEt @ 0xa9d420
AUTO: _ZNK7BitmaskILt190EE8validateEt @ 0xa9d4f0
AUTO: _ZN7BitmaskILt190EE8clearallEv @ 0xa9d580
AUTO: _ZNK11SRV_Channel14valid_functionEv @ 0xa9d5e0
AUTO: _ZN11SRV_Channel24aux_servo_function_setupEv @ 0x5ebbb0
AUTO: _ZN7BitmaskILt190EE3setEt @ 0xa9d640
AUTO: _ZNK9AP_Enum16IN11SRV_Channel8FunctionEEcvKS1_Ev @ 0xa9d700
AUTO: _ZN11SRV_Channel14valid_functionENS_8FunctionE @ 0xa9d750
AUTO: _ZN6AP_RPM13get_singletonEv @ 0xa9d840
AUTO: _ZNK12AP_Scripting13option_is_setENS_11DebugOptionE @ 0xa9d930
AUTO: _ZNK13AP_ParamTBaseIiL11ap_var_type3EE3getEv @ 0xa9da30
AUTO: _ZNK2AP8PerfInfo25get_filtered_loop_rate_hzEv @ 0x5ebfa0
AUTO: _ZNK2AP8PerfInfo17get_filtered_timeEv @ 0x5ec030
AUTO: _ZN12AP_Scheduler13get_singletonEv @ 0x5ec080
AUTO: _ZN2AP7missionEv @ 0x5ec2a0
AUTO: _ZNK10AP_Mission12num_commandsEv @ 0xa9da80
AUTO: _ZN10AP_Mission18stored_in_locationEt @ 0x5ec580
AUTO: _ZN10AP_Mission15Mission_CommandC2Ev @ 0xa9dae0
AUTO: _ZNK10AP_Mission21read_cmd_from_storageEtRNS_15Mission_CommandE @ 0x5ec710
AUTO: _ZN10AP_Mission7ContentC2Ev @ 0xa9db40
AUTO: _ZNK7AP_AHRS8get_homeEv @ 0xa9db90
AUTO: _ZNK13StorageAccess9read_byteEt @ 0x5ecbd0
AUTO: _ZNK13StorageAccess11read_uint16Et @ 0x5ecc40
AUTO: _ZNK13StorageAccess10read_blockEPvtm @ 0x5eccc0
AUTO: _ZN10AP_Mission13get_singletonEv @ 0xa9dbe0
AUTO: _ZN2AP7terrainEv @ 0x5ed1f0
AUTO: _ZN2AP5rallyEv @ 0x5ed330
AUTO: _ZNK7AP_AHRS12get_locationER8Location @ 0x5ed370
AUTO: _ZN2AP7vehicleEv @ 0x5ed5e0
AUTO: _ZNK10AP_Mission7presentEv @ 0xa9dd70
AUTO: _ZN10AP_Vehicle13get_singletonEv @ 0x5ed620
AUTO: _ZNK8Location12get_distanceERKS_ @ 0x5ed840
AUTO: _ZN8Location14diff_longitudeEii @ 0x5ed910
AUTO: _ZN8Location15longitude_scaleEi @ 0x5ed9f0
AUTO: _Z4normIddJEEdT_T0_DpKT1_ @ 0xa9dde0
AUTO: _Z2sqIdJdEEdT_DpKT0_ @ 0xa9de50
AUTO: _ZL3MAXIdfEDTqugtfp_fp0_fp_fp0_ERKT_RKT0_ @ 0x5eda90
AUTO: _ZN8LocationC2EiiiNS_8AltFrameE @ 0x5edb30
AUTO: _ZN8Location10set_alt_cmEiNS_8AltFrameE @ 0x5edbd0
AUTO: _ZN8AP_Rally13get_singletonEv @ 0xa9ded0
AUTO: _ZN11RC_Channels23get_valid_channel_countEv @ 0x5ee020
AUTO: _ZNK10RC_Channel12has_overrideEv @ 0x5ee090
AUTO: _ZNK13AP_ParamTBaseIfL11ap_var_type4EE3getEv @ 0xa9e110
AUTO: _Z11is_positiveIfEbT_ @ 0xa9e160
AUTO: _ZL3MINIihEDTqultfp_fp0_fp_fp0_ERKT_RKT0_.6943 @ 0x5ee150
AUTO: _ZNK14AP_BattMonitor13has_failsafedEv @ 0xa9e1c0
AUTO: _ZNK6AP_GPS11num_sensorsEv @ 0x5ee860
AUTO: _ZNK6AP_GPS8get_hdopEh @ 0xa9e380
AUTO: _ZNK6AP_GPS14primary_sensorEv @ 0xa9e3f0
AUTO: _ZNK6AP_GPS6statusEh @ 0xa9e440
AUTO: _ZNK6AP_GPS10is_healthyEh @ 0x5eea80
AUTO: _ZNK7AP_AHRS11home_is_setEv @ 0xa9e500
AUTO: _ZNK6AP_GPS8locationEv @ 0xa9e560
AUTO: _ZNK6AP_GPS22first_unconfigured_gpsERh @ 0x5eed40
AUTO: _ZN3GCS9send_textE12MAV_SEVERITYPKcz @ 0x5eef10
AUTO: _ZNK6AP_GPS8locationEh @ 0xa9e5c0
AUTO: _ZNK6AP_GPS12is_rtk_roverEh @ 0x5ef1f0
AUTO: _ZN2AP3insEv @ 0x5ef9a0
AUTO: _ZNK17AP_InertialSensor19get_gyro_health_allEv @ 0x5ef9e0
AUTO: _ZNK17AP_InertialSensor22gyro_calibrated_ok_allEv @ 0x5efaa0
AUTO: _ZNK17AP_InertialSensor20get_accel_health_allEv @ 0x5efbb0
AUTO: _ZNK17AP_InertialSensor23accel_calibrated_ok_allEv @ 0x5efc70
AUTO: _ZNK10AP_GyroFFT16analysis_enabledEv @ 0xa9e7e0
AUTO: _ZN7Vector3IfEixEh @ 0xa9eb70
AUTO: _ZN10DigitalLPFIfE6_applyERKfS2_ @ 0xa9eed0
AUTO: _Z15constrain_int16sss @ 0xa9f4d0
AUTO: _Z15constrain_valueIsET_S0_S0_S0_ @ 0xa9f560
AUTO: _ZNK10ByteBuffer5spaceEv @ 0x5f28b0
AUTO: _ZN10ByteBuffer5writeEPKhj @ 0x5f2b10
AUTO: _ZN10ByteBuffer7reserveEPNS_5IoVecEj @ 0x5f2c30
AUTO: _ZN10ByteBuffer6commitEj @ 0x5f2e60
AUTO: _ZNK10ByteBuffer8get_sizeEv @ 0xa9f610
AUTO: _ZNK17AP_InertialSensor14get_gyro_countEv @ 0xa9f6a0
AUTO: _ZNK17AP_InertialSensor4_useEh @ 0xa9f710
AUTO: _ZNK17AP_InertialSensor8_gyro_idEh @ 0xa9f770
AUTO: _ZN17AP_InertialSensor8_gyro_idEh @ 0xa9f7d0
AUTO: _ZN17AP_InertialSensor4_useEh @ 0xa9f840
AUTO: _ZL3MINIihEDTqultfp_fp0_fp_fp0_ERKT_RKT0_.3586 @ 0x5f3390
AUTO: _ZNK7AP_EnumIN22AP_InertialSensor_TCal6EnableEEcvKS1_Ev @ 0xa9f910
AUTO: _ZN17AP_InertialSensor4tcalEh @ 0xa9f960
AUTO: _ZNK17AP_InertialSensor8get_gyroEv @ 0xa9f9d0
AUTO: _ZNK17AP_InertialSensor8use_gyroEh @ 0x5f3550
AUTO: _ZNK17AP_InertialSensor8get_gyroEh @ 0xa9fa30
AUTO: _ZNK17AP_InertialSensor15get_gyro_healthEh @ 0xa9faa0
AUTO: _ZNK17AP_InertialSensor15get_accel_countEv @ 0xa9fb40
AUTO: _ZL3MINIihEDTqultfp_fp0_fp_fp0_ERKT_RKT0_ @ 0x5f37d0
AUTO: _ZNK17AP_InertialSensor9get_accelEv @ 0xa9fbb0
AUTO: _ZNK17AP_InertialSensor9use_accelEh @ 0x5f3860
AUTO: _ZNK17AP_InertialSensor9get_accelEh @ 0xa9fc10
AUTO: _ZNK17AP_InertialSensor16get_accel_healthEh @ 0xa9fc80
AUTO: _ZNK17AP_InertialSensor13_accel_offsetEh @ 0xa9fd20
AUTO: _ZNK9AP_ParamVI7Vector3IfEL11ap_var_type5EE3getEv @ 0xa9fd80
AUTO: _ZNK7Vector3IfE7is_zeroEv @ 0xa9fdd0
AUTO: _ZNK17AP_InertialSensor12_accel_scaleEh @ 0xa9fe80
AUTO: _ZNK17AP_InertialSensor9_accel_idEh @ 0xa9fee0
AUTO: _Z8is_equalIffENSt3__19enable_ifIXsr3std17is_floating_pointINS0_11common_typeIJT_T0_EE4typeEEE5valueEbE4typeES3_S4_ @ 0xa9ff40
AUTO: _ZN17AP_InertialSensor9_accel_idEh @ 0xa9ffc0
AUTO: _ZN17AP_InertialSensor12_accel_scaleEh @ 0xaa0030
AUTO: _ZN17AP_InertialSensor13_accel_offsetEh @ 0xaa00a0
AUTO: _ZNK17AP_InertialSensor18gyro_calibrated_okEh @ 0xaa0110
AUTO: _ZN17AP_InertialSensor13get_singletonEv @ 0x5f3920
AUTO: _ZN8AP_Param17get_default_valueEPKS_RKNS_9GroupInfoE @ 0x5f4840
AUTO: _ZN13AP_ParamTBaseIsL11ap_var_type2EE3setERKs @ 0xaa0750
AUTO: _ZN13AP_ParamTBaseIiL11ap_var_type3EE3setERKi @ 0xaa07c0
AUTO: _ZN13AP_ParamTBaseIfL11ap_var_type4EE3setERKf @ 0xaa0820
AUTO: _ZNK7Vector3IfEneERKS0_ @ 0xaa0f50
AUTO: _ZNK8AP_Param13find_var_infoEPjRPKNS_9GroupInfoERNS_12GroupNestingEPh @ 0x5f5390
AUTO: _ZNK8AP_Param14copy_name_infoEPKNS_4InfoEPKNS_9GroupInfoERKNS_12GroupNestingEhPcmb @ 0x5f5610
AUTO: _ZNK8AP_Param14send_parameterEPKc11ap_var_typeh @ 0x5f5870
AUTO: _ZNK8AP_Param13cast_to_floatE11ap_var_type @ 0x5f5a10
AUTO: _ZN3GCS20send_parameter_valueEPKc11ap_var_typef @ 0x5f5b00
AUTO: _ZL3MINImmEDTqultfp_fp0_fp_fp0_ERKT_RKT0_.6631 @ 0x5f5c40
AUTO: _ZN11GCS_MAVLINK14mav_param_typeE11ap_var_type @ 0x5f5cc0
AUTO: _ZN8AP_Param16count_parametersEv @ 0x5f5d50
AUTO: _ZN3GCS23send_to_active_channelsEjPKc @ 0x5f5f00
AUTO: _ZN9AP_Logger13get_singletonEv @ 0xaa1020
AUTO: _ZN9AP_Logger15Write_ParameterEPKcf @ 0x5f6020
AUTO: _ZNK9AP_Logger10quiet_nanfEv @ 0xaa1060
AUTO: _ZN17AP_Logger_Backend15Write_ParameterEPKcff @ 0x5f6110
AUTO: _Z14strncpy_notermPcPKcm @ 0x5f6230
AUTO: _ZN17AP_Logger_Backend18WriteCriticalBlockEPKvt @ 0xaa10b0
AUTO: _ZN17AP_Logger_Backend21WritePrioritisedBlockEPKvtbb @ 0x5f62e0
AUTO: _ZN17AP_Logger_Backend30validate_WritePrioritisedBlockEPKvt @ 0x5f64b0
AUTO: _ZN17AP_Logger_Backend9ShouldLogEb @ 0x5f66a0
AUTO: _ZN17AP_Logger_Backend21ensure_format_emittedEPKvt @ 0x5f6b40
AUTO: _ZNK17AP_Logger_Backend23message_type_from_blockEPKvtR11LogMessages @ 0x5f6c60
AUTO: _ZNK17AP_Logger_Backend28have_emitted_format_for_typeE11LogMessages @ 0xaa1130
AUTO: _ZNK7BitmaskILt256EE8validateEt @ 0xaa1260
AUTO: _ZNK7BitmaskILt256EE3getEt @ 0xaa12f0
AUTO: _ZNK6AP_HAL4Util14get_soft_armedEv @ 0xaa13c0
AUTO: _ZN2AP6loggerEv @ 0x5f7760
AUTO: _Z7is_zeroI9AP_ParamTIfL11ap_var_type4EEEbT_ @ 0xaa1420
AUTO: _ZNK12AP_Scheduler5ticksEv @ 0xaa1480
AUTO: _ZN6AP_HAL8millis16Ev @ 0x5f79b0
AUTO: _ZNK9AP_Logger13WritesEnabledEv @ 0xaa15e0
AUTO: _ZNK19LoggerMessageWriter8finishedEv @ 0xaa1640
AUTO: _ZNK9AP_Logger15in_log_downloadEv @ 0x5f79f0
AUTO: _ZNK9AP_Logger16vehicle_is_armedEv @ 0xaa16a0
AUTO: mavlink_get_msg_entry @ 0x5f7c40
AUTO: _ZNK3GCS7num_gcsEv @ 0xaa1750
AUTO: _ZNK11GCS_MAVLINK10is_privateEv @ 0xaa17a0
AUTO: _ZNK11GCS_MAVLINK9is_activeEv @ 0xaa1800
AUTO: _ZN11GCS_MAVLINK12send_messageEPKcPK19__mavlink_msg_entry @ 0xaa1880
AUTO: _ZN11GCS_MAVLINK18check_payload_sizeEt @ 0x5f7d60
AUTO: _mav_finalize_message_chan_send @ 0x5f7e10
AUTO: _Z26mavlink_get_channel_statush @ 0x5f8160
AUTO: _Z17_mav_trim_payloadPKch @ 0x5f8240
AUTO: _ZL13crc_calculatePKht @ 0x5f82e0
AUTO: _ZL21crc_accumulate_bufferPtPKct @ 0x5f8380
AUTO: _ZL14crc_accumulatehPt @ 0x5f8420
AUTO: _Z14comm_send_lock17mavlink_channel_tt @ 0x5f86b0
AUTO: _mavlink_send_uart @ 0x5f8770
AUTO: _Z16comm_send_unlock17mavlink_channel_t @ 0x5f87f0
AUTO: _Z16comm_send_buffer17mavlink_channel_tPKhh @ 0x5f8870
AUTO: _ZL13valid_channel17mavlink_channel_t @ 0x5f89e0
AUTO: _Z24gcs_out_of_space_to_send17mavlink_channel_t @ 0x5f8a90
AUTO: _ZN11GCS_MAVLINK20out_of_space_to_sendEv @ 0xaa19c0
AUTO: _ZL8crc_initPt @ 0x5f93c0
AUTO: _ZN11GCS_MAVLINK14channel_statusEv @ 0xaa1a20
AUTO: _ZNK11GCS_MAVLINK7txspaceEv @ 0xaa1a70
AUTO: _ZNK11GCS_MAVLINK15packet_overheadEv @ 0xaa1b10
AUTO: _ZN11GCS_MAVLINK20packet_overhead_chanE17mavlink_channel_t @ 0x5f9410
AUTO: _ZL3MINIjjEDTqultfp_fp0_fp_fp0_ERKT_RKT0_.6622 @ 0x5f94f0
AUTO: _ZN11GCS_MAVLINK10is_privateE17mavlink_channel_t @ 0xaa1b70
AUTO: _ZN8AP_Param8var_infoEt @ 0xaa1be0
AUTO: _ZN8AP_Param14get_group_infoERKNS_4InfoE @ 0x5f9d70
AUTO: _ZN8AP_Param14get_group_infoERKNS_9GroupInfoE @ 0x5fa390
AUTO: _ZN8AP_Param19adjust_group_offsetEtRKNS_9GroupInfoERl @ 0x5fa410
AUTO: _ZN8AP_Param8group_idEPKNS_9GroupInfoEjhh @ 0x5fa530
AUTO: _ZN8AP_Param8get_baseERKNS_4InfoERl @ 0x5fa630
AUTO: _ZNK13AP_ParamTBaseIiL11ap_var_type3EE13cast_to_floatEv @ 0xaa1d20
AUTO: _ZNK8AP_Param19find_var_info_groupEPKNS_9GroupInfoEtjhlPjRS2_RNS_12GroupNestingEPh @ 0x5fa7c0
AUTO: _ZN8AP_Param4saveEb @ 0x5facc0
AUTO: _ZN17AP_InertialSensor13caltemp_accelEh @ 0xaa1ea0
AUTO: _ZNK17AP_InertialSensor15get_temperatureEh @ 0xaa1f10
AUTO: _ZNK7Vector3IfErmERKS0_ @ 0xaa2170
AUTO: _ZNK7Vector3IfEmlERKS0_ @ 0xaa2250
AUTO: _Z9safe_sqrtIfEfT_ @ 0xaa22e0
AUTO: _ZN11QuaternionTIfE9normalizeEv @ 0xaa2390
AUTO: _ZNK11QuaternionTIfE14get_euler_rollEv @ 0xaa2470
AUTO: _ZNK11QuaternionTIfE15get_euler_pitchEv @ 0xaa2520
AUTO: _Z9safe_asinIfEfT_ @ 0xaa2590
AUTO: _ZNK11QuaternionTIfE6lengthEv @ 0xaa2670
AUTO: _ZN7Vector3IfE6rotateE8Rotation @ 0xaa2780
AUTO: _ZNK7Matrix3IfEmlERK7Vector3IfE @ 0xaa3760
AUTO: _ZN7Matrix3IfE10from_eulerEfff @ 0xaa3900
AUTO: _ZN7Matrix3IfEC2Efffffffff @ 0xaa3b30
AUTO: _ZNK7Vector3IfEplERKS0_ @ 0xaa3c60
AUTO: _ZNK7Vector3IfEdvEf @ 0xaa3d10
AUTO: _Z4normIffJEEdT_T0_DpKT1_ @ 0xaa3db0
AUTO: _ZN7Vector3IfEpLERKS0_ @ 0xaa3e20
AUTO: _ZN15ObjectBuffer_TSIN8AP_Param10param_saveEE4peekERS1_ @ 0xaa3ec0
AUTO: _ZN15ObjectBuffer_TSIN8AP_Param10param_saveEE4pushERKS1_ @ 0xaa3f70
AUTO: _ZN10ByteBuffer9peekbytesEPhj @ 0x5fbc70
AUTO: _ZN10ByteBuffer9peekiovecEPNS_5IoVecEj @ 0x5fbd80
AUTO: _ZNK10ByteBuffer9availableEv @ 0x5fbed0
AUTO: _ZN10ByteBuffer7readptrERj @ 0x5fc1b0
AUTO: _ZNK7Vector3IfEngEv @ 0xaa4050
AUTO: _ZNK7AP_AHRS36get_relative_position_D_origin_floatERf @ 0x5fc6c0
AUTO: _ZNK7AP_AHRS30get_relative_position_D_originERd @ 0x5fc750
AUTO: _ZNK7NavEKF37getPosDERd @ 0x5fc9d0
AUTO: _ZNK8Location11initialisedEv @ 0xaa4130
AUTO: _ZN6AP_HAL6microsEv @ 0x5fcec0
AUTO: _ZNK7Vector3IfE8todoubleEv @ 0xaa41c0
AUTO: _ZN7Vector3IdEmLEd @ 0xaa4240
AUTO: _ZN8Location6offsetERK7Vector3IdE @ 0x5fcf00
AUTO: _ZN8Location13offset_latlngERiS0_dd @ 0x5fcfd0
AUTO: _ZN8Location15limit_lattitudeEi @ 0x5fd0d0
AUTO: _ZN8Location14wrap_longitudeEl @ 0x5fd170
AUTO: _ZN7Vector3IdEC2Eddd @ 0xaa42d0
AUTO: _ZNK12NavEKF3_core7getPosDERd @ 0x5fd210
AUTO: _ZNK12NavEKF3_core13getPosD_localERd @ 0x5fd2e0
AUTO: _ZNK12NavEKF3_core12getOriginLLHER8Location @ 0x5fd370
AUTO: _ZN7Vector3IdEC2Ev @ 0xaa4360
AUTO: _ZNK11AP_AHRS_DCM12get_locationER8Location @ 0x5fd710
AUTO: _ZN2AP4baroEv @ 0x5fda40
AUTO: _ZNK7AP_EnumI6GPSUseEcvKS0_Ev @ 0xaa43c0
AUTO: _ZNK6AP_GPS6statusEv @ 0xaa4410
AUTO: _ZNK7AP_Baro12get_altitudeEv @ 0xaa4470
AUTO: _ZN8Location6offsetEdd @ 0x5fda80
AUTO: _ZNK6AP_GPS7get_lagERf @ 0xaa44d0
AUTO: _ZNK7Vector3IfE2xyEv @ 0xaa4550
AUTO: _ZNK7Vector2IfEmlEf @ 0xaa45a0
AUTO: _ZNK6AP_GPS7get_lagEhRf @ 0x5fdb10
AUTO: _ZNK7AP_Baro12get_altitudeEh @ 0xaa4620
AUTO: _ZN7AP_Baro13get_singletonEv @ 0xaa4690
AUTO: _ZN2AP4sitlEv @ 0x5fdda0
AUTO: _ZNK7AP_Baro11all_healthyEv @ 0x5fdfb0
AUTO: _ZNK7AP_Baro12get_pressureEv @ 0xaa46d0
AUTO: _ZNK7AP_Baro23get_altitude_differenceEff @ 0x5fe060
AUTO: _ZNK7AP_Baro26get_altitude_from_pressureEf @ 0x5fe100
AUTO: _ZL33find_atmosphere_layer_by_pressuref @ 0x5fe360
AUTO: _ZNK7AP_Baro17get_altitude_AMSLEv @ 0xaa4730
AUTO: _ZN7AP_Baro29geopotential_alt_to_geometricEf @ 0x5fe410
AUTO: _ZNK7AP_Baro17get_altitude_AMSLEh @ 0xaa4790
AUTO: _ZNK7AP_Baro12get_pressureEh @ 0xaa4800
AUTO: _ZNK7AP_Baro7healthyEh @ 0x5fe470
AUTO: _ZN4SITL3SIM13get_singletonEv @ 0xaa4870
AUTO: _ZNK7Compass7healthyEv @ 0xaa48b0
AUTO: _ZNK7AP_AHRS8cos_rollEv @ 0xaa4910
AUTO: _ZNK7AP_AHRS9cos_pitchEv @ 0xaa4960
AUTO: _ZNK10RC_Channel14get_control_inEv @ 0xaa4a20
AUTO: _ZNK9AP_Logger15logging_presentEv @ 0x5fee70
AUTO: _ZNK9AP_Logger15logging_startedEv @ 0x5fef60
AUTO: _ZNK11RC_Channels17option_is_enabledENS_6OptionE @ 0xaa4ac0
AUTO: _ZN11RC_Channels23find_channel_for_optionEN10RC_Channel8AUX_FUNCE @ 0x5ff380
AUTO: _ZN11RC_Channels10rc_channelEh @ 0xaa4c00
AUTO: _ZNK11RC_Channels19flight_mode_channelEv @ 0x5ff6d0
AUTO: _ZNK6Copter18get_pilot_speed_dnEv @ 0x5ff7d0
AUTO: _ZN16AP_Arming_Copter18run_pre_arm_checksEb @ 0x5ffab0
AUTO: _ZN16AP_Arming_Copter17set_pre_arm_checkEb @ 0x5ffea0
AUTO: _ZN12SRV_Channels18get_emergency_stopEv @ 0xaa50d0
AUTO: _ZNK10RC_Channel16read_3pos_switchERNS_12AuxSwitchPosE @ 0x602e80
AUTO: _ZNK10RC_Channel12get_radio_inEv @ 0xaa5110
AUTO: _ZN2AP5fenceEv @ 0x602fe0
AUTO: _ZNK8AC_Fence7enabledEv @ 0xaa5220
AUTO: _ZNK9AP_ParamTIfL11ap_var_type4EEmiERKS1_ @ 0xaa5410
AUTO: _ZNK7Vector2IfEmiERKS0_ @ 0xaa5b60
AUTO: _ZNK7Vector2IfE14length_squaredEv @ 0xaa5d70
AUTO: _ZNK7Vector2IfEmlERKS0_ @ 0xaa5dd0
AUTO: _ZNK8Location15get_distance_NEERKS_ @ 0x604ba0
AUTO: _ZN8AC_Fence13get_singletonEv @ 0xaa5f00
AUTO: _ZN2AP10visualodomEv @ 0x604d60
AUTO: _ZN13AP_VisualOdom13get_singletonEv @ 0xaa5f40
AUTO: _ZN2AP5mountEv @ 0x6052e0
AUTO: _ZN8AP_Mount13get_singletonEv @ 0xaa5fc0
AUTO: _ZN2AP3osdEv @ 0x605540
AUTO: _ZN6AP_OSD13get_singletonEv @ 0xaa6060
AUTO: _ZN2AP9generatorEv @ 0x605890
AUTO: _ZN12AP_Generator13get_singletonEv @ 0x605a50
AUTO: _ZN2AP3canEv @ 0x605a90
AUTO: _ZNK13AP_CANManager15get_num_driversEv @ 0xaa6150
AUTO: _ZNK13AP_CANManager15get_driver_typeEh @ 0xaa61a0
AUTO: _ZN12SRV_Channels18get_motor_functionEh @ 0xaa63a0
AUTO: _ZN13AP_CANManager13get_singletonEv @ 0xaa6430
AUTO: _ZNK10AP_Terrain14get_statisticsERtS0_ @ 0x606570
AUTO: _ZNK10AP_Terrain10bitcount64Em @ 0x606760
AUTO: _ZN11RangeFinder13get_singletonEv @ 0xaa66c0
AUTO: _ZNK9AP_Logger14logging_failedEv @ 0x606e80
AUTO: _ZN2AP7batteryEv @ 0x607000
AUTO: _ZNK14AP_BattMonitor15configured_typeEh @ 0xaa67b0
AUTO: _ZNK14AP_BattMonitor14allocated_typeEh @ 0xaa6820
AUTO: _ZNK22AP_BattMonitor_Backend20check_failsafe_typesERbS0_S0_S0_ @ 0x607730
AUTO: _Z11is_positiveI9AP_ParamTIfL11ap_var_type4EEEbT_ @ 0xaa6890
AUTO: _ZNK21AP_BattMonitor_Params23failsafe_voltage_sourceEv @ 0xaa6970
AUTO: _ZNK22AP_BattMonitor_Backend24voltage_resting_estimateEv @ 0x607ad0
AUTO: _ZL3MAXIffEDTqugtfp_fp0_fp_fp0_ERKT_RKT0_.18691 @ 0x607b40
AUTO: _ZN14AP_BattMonitor13get_singletonEv @ 0xaa69d0
AUTO: _ZNK7Compass14is_calibratingEv @ 0x607bc0
AUTO: _ZNK7Compass9get_fieldEv @ 0xaa6b30
AUTO: _ZNK7Compass10consistentEv @ 0x607f80
AUTO: _ZN14AP_Declination18get_earth_field_gaERK8Location @ 0x608220
AUTO: _ZNK7Vector3IfEmlEf @ 0xaa6b90
AUTO: _ZN14AP_Declination16get_mag_field_efEffRfS0_S0_ @ 0x6084c0
AUTO: _ZL7radiansf.2992 @ 0x608ac0
AUTO: _Z15constrain_int32iii @ 0xaa6c30
AUTO: _Z15constrain_valueIiET_S0_S0_S0_ @ 0xaa6ca0
AUTO: _ZN11AP_AHRS_DCM11use_compassEv @ 0x608c30
AUTO: _ZNK7AP_AHRS15get_fly_forwardEv @ 0xaa6d90
AUTO: _ZNK11AP_AHRS_DCM8have_gpsEv @ 0x608de0
AUTO: _ZL7degreesf.2106 @ 0x608e70
AUTO: _Z8wrap_180IfET_S0_ @ 0xaa6eb0
AUTO: _Z8wrap_360f @ 0x608ec0
AUTO: _ZNK6AP_GPS13ground_courseEh @ 0xaa6f40
AUTO: _ZNK6AP_GPS12ground_speedEh @ 0xaa6fb0
AUTO: _ZNK7Compass9get_countEv @ 0xaa7020
AUTO: _ZNK7Compass9get_fieldEh @ 0xaa7070
AUTO: _ZNK7Vector2IfE7is_zeroEv @ 0xaa70f0
AUTO: _ZNK7Vector3IfE5angleERKS0_ @ 0xaa7180
AUTO: _ZL7radiansf.2689 @ 0x608fe0
AUTO: _ZNK7Vector2IfE5angleERKS0_ @ 0xaa7290
AUTO: _ZNK7Vector2IfE6lengthEv @ 0xaa73b0
AUTO: _ZNK7Compass11get_offsetsEh @ 0xaa7410
AUTO: _ZNK9AP_ParamVI7Vector3IfEL11ap_var_type5EEcvRKS1_Ev @ 0xaa7490
AUTO: _ZNK14typesafe_indexIh12TAG_PriorityEltERKh @ 0xaa74e0
AUTO: _ZNK14typesafe_indexIh12TAG_PriorityEcvhEv @ 0xaa75d0
AUTO: _ZNK14typesafe_indexIh12TAG_PriorityEplERKh @ 0xaa7620
AUTO: _ZN14typesafe_indexIh12TAG_PriorityEppEi @ 0xaa7720
AUTO: _ZN19RestrictIDTypeArrayIN7Compass9mag_stateELj4E14typesafe_indexIh14TAG_StateIndexEEixERKS4_ @ 0xaa7790
AUTO: _ZN8AP_Param7set_keyERNS_12Param_headerEt @ 0x609540
AUTO: _ZN8AP_Param4scanEPKNS_12Param_headerEPt @ 0x6095d0
AUTO: _ZN8AP_Param9type_sizeE11ap_var_type @ 0x609760
AUTO: _ZNK13StorageAccess4sizeEv @ 0xaa7880
AUTO: _ZN8AP_Param7get_keyERKNS_12Param_headerE @ 0x609800
AUTO: _ZN8AP_Param11is_sentinalERKNS_12Param_headerE @ 0x609870
AUTO: _ZNK19RestrictIDTypeArrayIP17CompassCalibratorLj3E14typesafe_indexIh12TAG_PriorityEEixERKS4_ @ 0xaa78d0
AUTO: _ZN11AP_Airspeed13get_singletonEv @ 0xaa7950
AUTO: _ZNK11AP_Airspeed7enabledEh @ 0x609bb0
AUTO: _ZNK11AP_Airspeed3useEh @ 0x609c70
AUTO: _ZNK11AP_Airspeed7healthyEh @ 0x609da0
AUTO: _ZNK11AP_Airspeed11lib_enabledEv @ 0x609f20
AUTO: _ZNK11RC_Channels19has_had_rc_receiverEv @ 0xaa79e0
AUTO: _ZN2AP5winchEv @ 0x60a000
AUTO: _ZN8AP_Winch13get_singletonEv @ 0x60a1a0
AUTO: _ZN4AC_P2kPEv @ 0xaa7af0
AUTO: _ZNK11RangeFinder15has_orientationE8Rotation @ 0x60a380
AUTO: _ZN6AC_PID2ffEv @ 0xaa7be0
AUTO: _ZN6AC_PID2kPEv @ 0xaa7c30
AUTO: _ZN6AC_PID2kIEv @ 0xaa7cf0
AUTO: _ZN13AC_PosControl12get_pos_NE_pEv @ 0xaa7d90
AUTO: _ZN7AC_P_2D2kPEv @ 0xaa7de0
AUTO: _ZN13AC_PosControl15get_accel_U_pidEv @ 0xaa7f70
AUTO: _ZNK11RangeFinder13find_instanceE8Rotation @ 0x60ac70
AUTO: _ZNK11RangeFinder11get_backendEh @ 0x60adc0
AUTO: _ZN6Copter17set_land_completeEb @ 0x60b2d0
AUTO: _ZN6Copter23set_land_complete_maybeEb @ 0x60b490
AUTO: _ZN10AP_Mission5resetEv @ 0x60b5e0
AUTO: _ZN10AP_Mission18init_jump_trackingEv @ 0x60b850
AUTO: _ZN10AP_Mission16reset_wp_historyEv @ 0x60b8e0
AUTO: _ZN9AP_Logger18WriteCriticalBlockEPKvt @ 0x60ba00
AUTO: _ZN8AP_Stats17update_flighttimeEv @ 0x60bbc0
AUTO: _ZN8AP_Stats14update_runtimeEv @ 0x60bc90
AUTO: _ZN8AP_Stats5flushEv @ 0x60bd30
AUTO: _ZN13AP_ParamTBaseIiL11ap_var_type3EE22set_and_save_ifchangedERKi @ 0xaa8170
AUTO: _ZNK14AP_DAL_Compass9availableEv @ 0xaa8240
AUTO: _ZNK14AP_DAL_Compass7healthyEh @ 0xaa82a0
AUTO: _ZNK14AP_DAL_Compass11get_offsetsEh @ 0xaa8310
AUTO: _ZNK7Vector3IdE7tofloatEv @ 0xaa8380
AUTO: _ZNK7Vector3IdEmlEd @ 0xaa8400
AUTO: _ZNK9AP_Arming14option_enabledENS_6OptionE @ 0xaa84a0
AUTO: _ZNK9AP_Arming22get_rudder_arming_typeEv @ 0xaa8520
AUTO: _ZN8AC_Fence12clear_breachEh @ 0x60ccd0
AUTO: _ZN9AP_Notify6updateEv @ 0x60d1a0
AUTO: _ZNK7AP_AHRS11get_yaw_radEv @ 0xaa8750
AUTO: _ZN6Copter27update_super_simple_bearingEb @ 0x60d5b0
AUTO: _ZN9AP_Logger10Write_ModeEh10ModeReason @ 0x60d780
AUTO: _ZN17AP_Logger_Backend10Write_ModeEh10ModeReason @ 0x60d8e0
AUTO: _ZNK7AP_AHRS38get_relative_position_NED_origin_floatER7Vector3IfE @ 0x60d990
AUTO: _ZN11AP_SmartRTL9add_pointERK7Vector3IfE @ 0x60dc00
AUTO: _ZN7HALSITL9Semaphore16take_nonblockingEv @ 0x60ddc0
AUTO: _ZNK11AP_SmartRTL10log_actionENS_6ActionERK7Vector3IfE @ 0x60de50
AUTO: _ZNK7Vector3IfE16distance_squaredERKS0_ @ 0xaa8870
AUTO: _ZL2sqf.12922 @ 0x60df10
AUTO: _ZN7HALSITL9Semaphore4giveEv @ 0x60df60
AUTO: _ZN9AP_Logger10Write_SRTLEbtthRK7Vector3IfE @ 0x60e010
AUTO: _ZN9AP_Logger10WriteBlockEPKvt @ 0x60e130
AUTO: _ZN17AP_Logger_Backend10WriteBlockEPKvt @ 0xaa8930
AUTO: _ZN11AP_SmartRTL15restart_pruningEt @ 0x60e1e0
AUTO: _ZN11AP_SmartRTL22restart_simplificationEt @ 0x60e290
AUTO: _ZN7BitmaskILt500EE6setallEv @ 0xaa89c0
AUTO: _ZNK7AP_AHRS32get_relative_position_NED_originER7Vector3IdE @ 0x60e320
AUTO: _ZN7Vector2IdEC2Ev @ 0xaa8a70
AUTO: _ZNK7NavEKF38getPosNEER7Vector2IdE @ 0x60e5c0
AUTO: _ZNK11AP_AHRS_SIM12get_locationER8Location @ 0x60e8f0
AUTO: _ZNK8Location23get_distance_NE_postypeERKS_ @ 0x60e9e0
AUTO: _ZN7Vector2IdEC2Edd @ 0xaa8ad0
AUTO: _ZNK12NavEKF3_core8getPosNEER7Vector2IdE @ 0x60ead0
AUTO: _ZNK7Vector3IdE2xyEv @ 0xaa8b50
AUTO: _ZNK7Vector2IdE8todoubleEv @ 0xaa8ba0
AUTO: _ZNK7Vector2IdEplERKS0_ @ 0xaa8c00
AUTO: _ZNK10AP_DAL_GPS6statusEh @ 0xaa8c90
AUTO: _ZNK10AP_DAL_GPS8locationEh @ 0xaa8d00
AUTO: _ZN7Vector2IdE4zeroEv @ 0xaa8d70
AUTO: _ZNK10AP_DAL_GPS14primary_sensorEv @ 0xaa8dd0
AUTO: _ZN6AP_DAL10log_event2ENS_5EventE @ 0x60f420
AUTO: _ZNK7AP_Baro15get_temperatureEh @ 0xaa9090
AUTO: _ZN6AP_DAL9end_frameEv @ 0x60fcd0
AUTO: _ZN6AP_DAL15WriteLogMessageE11LogMessagesPvPKvh @ 0x60fd50
AUTO: _ZN9AP_Logger16WriteReplayBlockEhPKvt @ 0x60fe70
AUTO: _ZNK9AP_Logger10log_replayEv @ 0xaa9100
AUTO: _ZN6AP_DAL10log_event3ENS_5EventE @ 0x610010
AUTO: _ZN6Copter10should_logEj @ 0x610270
AUTO: _ZNK9AP_Logger10should_logEj @ 0x6103a0
AUTO: _ZN9AP_Notify13get_singletonEv @ 0xaa9200
AUTO: _ZNK7AP_AHRS16get_velocity_NEDER7Vector3IfE @ 0x6107b0
AUTO: _ZN10AP_Terrain23update_reference_offsetEv @ 0x610830
AUTO: _ZNK9AP_ParamTIfL11ap_var_type4EEngEv @ 0xaa92a0
AUTO: _ZN10AP_Terrain11height_amslERK8LocationRfb @ 0x610a70
AUTO: _ZNK8Location10get_alt_cmENS_8AltFrameERi @ 0x610eb0
AUTO: _ZNK8Location13get_alt_frameEv @ 0x6111f0
AUTO: _ZNK7AP_AHRS10get_originER8Location @ 0x6112d0
AUTO: _ZN10AP_Terrain8allocateEv @ 0x611350
AUTO: _ZNK10AP_Terrain19calculate_grid_infoERK8LocationRNS_9grid_infoE @ 0x611470
AUTO: _ZN10AP_Terrain15find_grid_cacheERKNS_9grid_infoE @ 0x6118e0
AUTO: _ZN10AP_Terrain12check_bitmapERKNS_10grid_blockEhh @ 0x611bf0
AUTO: _ZN10AP_Terrain11grid_bitnumEhh @ 0x611cb0
AUTO: _ZNK9AP_Arming18get_enabled_checksEv @ 0x611d40
AUTO: _ZN7HALSITL9Semaphore4takeEj @ 0x611ea0
AUTO: _ZN6AP_HAL9Semaphore13take_blockingEv @ 0xaa9a70
AUTO: _ZN4SITL6AS56006updateERKNS_8AircraftE @ 0x6133c0
AUTO: _ZNK4SITL8Aircraft12get_attitudeER11QuaternionTIfE @ 0xaaa910
AUTO: _ZL7degreesf.21016 @ 0x613790
AUTO: _ZN4SITL17I2CRegisters_8Bit12set_registerEhh @ 0x6137f0
AUTO: _ZN4SITL9I2CDevice6updateERKNS_8AircraftE @ 0xaaab00
AUTO: _ZN4SITL13TeraRangerI2C6updateERKNS_8AircraftE @ 0xaaaca0
AUTO: _ZNK4SITL8Aircraft17rangefinder_rangeEv @ 0x613eb0
AUTO: _ZL7radiansf.16135 @ 0x614390
AUTO: _Z10rand_floatv @ 0x6143f0
AUTO: _ZN4SITL7INA32216updateERKNS_8AircraftE @ 0x6146d0
AUTO: _ZL15convert_voltagef @ 0x614b50
AUTO: _ZL15convert_currentf @ 0x614c20
AUTO: _ZN4SITL8QMC5883L6updateERKNS_8AircraftE @ 0x614e80
AUTO: _ZN7Vector3IfE14rotate_inverseE8Rotation @ 0xaaad10
AUTO: _ZL7htole16t.15260 @ 0x615290
AUTO: _ZN7Vector3IsEC2Esss @ 0xaaaec0
AUTO: _ZN4SITL10IS31FL31956updateERKNS_8AircraftE @ 0x615500
AUTO: _ZN4SITL17I2CRegisters_8Bit12get_registerEh @ 0xaab060
AUTO: _ZN10SIM_RGBLED11set_coloursEhhh @ 0xaab0c0
AUTO: _ZN4SITL6LM27556updateERKNS_8AircraftE @ 0x6161e0
AUTO: _ZNK4SITL6LM275510LEDChannel13current_valueEv @ 0xaab2d0
AUTO: _ZN4SITL6LP55626updateERKNS_8AircraftE @ 0x616790
AUTO: _ZN4SITL6LP556210LEDChannel6updateEv @ 0x616aa0
AUTO: _ZNK4SITL6LP556210LEDChannel13current_valueEv @ 0xaab550
AUTO: _ZN4SITL6MS5XXX6updateERKNS_8AircraftE @ 0x616b80
AUTO: _ZN7AP_Baro37get_pressure_temperature_for_alt_amslEfRfS0_ @ 0x617b30
AUTO: _ZN7AP_Baro29geometric_alt_to_geopotentialEf @ 0x617d10
AUTO: _ZL33find_atmosphere_layer_by_altitudef @ 0x617d70
AUTO: _ZN7AP_Baro33get_temperature_by_altitude_layerEfa @ 0x617e20
AUTO: _ZN7AP_Baro29get_temperatureC_for_alt_amslEf @ 0x6189a0
AUTO: _ZN4SITL12InvensenseV36updateERKNS_8AircraftE @ 0x618a10
AUTO: _ZNK4SITL8ICM4060911accel_scaleEv @ 0xaabaa0
AUTO: _ZL7radiansd.14702 @ 0x6194d0
AUTO: _ZNK4SITL12InvensenseV310gyro_scaleEv @ 0xaabaf0
AUTO: _ZN4SITL12InvensenseV313write_to_fifoEhPhh @ 0x619520
AUTO: _ZN4SITL7MCP96006updateERKNS_8AircraftE @ 0x619a80
AUTO: _ZL7htobe16t.14606 @ 0x61a050
AUTO: _ZL10__bswap_16t.14608 @ 0x61a0a0
AUTO: _ZNK4SITL31I2CRegisters_ConfigurableLength13get_reg_valueEhRh @ 0x61a110
AUTO: _ZN4SITL6TSYS036updateERKNS_8AircraftE @ 0x61a560
AUTO: _ZN4SITL6TSYS016updateERKNS_8AircraftE @ 0x61afb0
AUTO: _ZN4SITL5SHT3x6updateERKNS_8AircraftE @ 0x61bbe0
AUTO: _ZN4SITL13Airspeed_DLVR6updateERKNS_8AircraftE @ 0x61c460
AUTO: _ZN4SITL29SIM_BattMonitor_SMBus_Generic6updateERKNS_8AircraftE @ 0x61cf40
AUTO: _ZNK4SITL29SIM_BattMonitor_SMBus_Generic15connected_cellsEv @ 0xaac3e0
AUTO: _ZN4SITL21SIM_BattMonitor_SMBus6updateERKNS_8AircraftE @ 0x61d7a0
AUTO: _ZNK4SITL8Aircraft19get_battery_voltageEv @ 0xaac430
AUTO: _ZN4SITL11SMBusDevice12set_registerEht @ 0xaac480
AUTO: _ZN4SITL18I2CRegisters_16Bit12set_registerEht @ 0x61d8b0
AUTO: _ZN4SITL11SMBusDevice12set_registerEhs @ 0xaac500
AUTO: _ZN4SITL18I2CRegisters_16Bit12set_registerEhs @ 0x61d960
AUTO: _ZN4SITL6Rotoye6updateERKNS_8AircraftE @ 0x61dc00
AUTO: _ZN4SITL11SMBusDevice13get_reg_valueEh @ 0xaac7b0
AUTO: _ZN4SITL18I2CRegisters_16Bit13get_reg_valueEh @ 0xaac820
AUTO: _ZL7be16toht.21067 @ 0x61dcd0
AUTO: _ZL10__bswap_16t.21068 @ 0x61dd20
AUTO: _ZNK4SITL6Maxell15connected_cellsEv @ 0xaac8e0
AUTO: _ZN4SITL13MaxSonarI2CXL6updateERKNS_8AircraftE @ 0xaaca20
AUTO: _ZN4SITL10ToshibaLED6updateERKNS_8AircraftE @ 0x61dfe0
AUTO: _ZNK6AP_HAL3HAL6serialEh @ 0xaad460
AUTO: _ZL14fill_stack_nanv @ 0x61eaa0
AUTO: _ZN7HALSITL9Scheduler13_run_io_procsEv @ 0x61ee20
AUTO: _ZNK7FunctorIvJEEcvbEv @ 0xaad570
AUTO: _ZNK7FunctorIvJEEclEv @ 0xaad5d0
AUTO: _ZN7HALSITL16I2CDeviceManager11_timer_tickEv @ 0x61f030
AUTO: _ZN2AP2RCEv @ 0x61f0d0
AUTO: _ZN13AP_RCProtocol6updateEv @ 0x61f180
AUTO: _ZN13AP_RCProtocol16check_added_uartEv @ 0x61f1d0
AUTO: _ZNK13AP_RCProtocol13should_searchEj @ 0x61f440
AUTO: _ZN21AP_RCProtocol_Backend9new_inputEv @ 0x61fc00
AUTO: _ZNK17AP_RCProtocol_FDM6activeEv @ 0xaad870
AUTO: _ZN6I2CBus11_timer_tickEv @ 0x61fe10
AUTO: _ZN9AP_Logger6WriteVEPKcS1_S1_S1_S1_P13__va_list_tagbb @ 0x61ff40
AUTO: _ZN9AP_Logger16msg_fmt_for_nameEPKcS1_S1_S1_S1_bb @ 0x620140
AUTO: _ZN17AP_Logger_Backend5WriteEhP13__va_list_tagbb @ 0x620a30
AUTO: _ZNK9AP_Logger24assert_same_fmt_for_nameEPKNS_13log_write_fmtEPKcS4_S4_S4_S4_ @ 0x6215b0
AUTO: _ZN3GCS14update_receiveEv @ 0x622920
AUTO: _ZN3GCS11update_sendEv @ 0x6229d0
AUTO: _ZN19MissionItemProtocol6updateEv @ 0x622d10
AUTO: _ZN11GCS_MAVLINK11update_sendEv @ 0x622ee0
AUTO: _ZN3GCS18service_statustextEv @ 0x6232c0
AUTO: _ZN3GCS15StatusTextQueue9semaphoreEv @ 0xaadad0
AUTO: _ZNK11ObjectArrayIN3GCS12statustext_tEE8is_emptyEv @ 0xaadb20
AUTO: _ZN11GCS_MAVLINK18service_statustextEv @ 0x623430
AUTO: _ZN3GCS15StatusTextQueue5pruneEv @ 0x623670
AUTO: _ZNK11ObjectArrayIN3GCS12statustext_tEE9availableEv @ 0xaadb80
AUTO: _ZN11ObjectArrayIN3GCS12statustext_tEEixEt @ 0xaadbd0
AUTO: _ZN11ObjectArrayIN3GCS12statustext_tEE6removeEt @ 0xaadc70
AUTO: _ZN3GCS16statustext_queueEv @ 0xaade70
AUTO: _Z14comm_chan_lock17mavlink_channel_t @ 0x6237a0
AUTO: _ZL27mavlink_msg_statustext_send17mavlink_channel_thPKcth @ 0x623800
AUTO: _ZL16mav_array_memcpyPvPKvm.6783 @ 0x6238e0
AUTO: _ZN9AP_Logger15handle_log_sendEv @ 0x623980
AUTO: _ZN22GCS_MAVLINK_InProgress11check_tasksEv @ 0x624050
AUTO: _ZNK3GCS11out_of_timeEv @ 0x624240
AUTO: _ZN11GCS_MAVLINK30deferred_message_to_send_indexEt @ 0x624320
AUTO: _ZN11GCS_MAVLINK19do_try_send_messageE10ap_message @ 0x624500
AUTO: _ZNK7BitmaskILt91EE9first_setEv @ 0xaadec0
AUTO: _ZN7BitmaskILt91EE5clearEt @ 0xaadf90
AUTO: _ZN11GCS_MAVLINK36next_deferred_bucket_message_to_sendEt @ 0x624630
AUTO: _ZNK7BitmaskILt91EE5countEv @ 0xaae050
AUTO: _ZNK11GCS_MAVLINK26get_reschedule_interval_msERKNS_25deferred_message_bucket_tE @ 0x624760
AUTO: _ZN11GCS_MAVLINK24find_next_bucket_to_sendEt @ 0x624860
AUTO: _ZN7BitmaskILt91EEaSERKS0_ @ 0xaae120
AUTO: _ZNK11GCS_MAVLINK24requesting_mission_itemsEv @ 0x624a30
AUTO: _ZN7GCS_FTP16get_last_send_msE17mavlink_channel_t @ 0x624b20
AUTO: _ZNK7BitmaskILt91EE8validateEt @ 0xaae260
AUTO: _ZNK11GCS_MAVLINK17telemetry_delayedEv @ 0x624cc0
AUTO: _ZNK3GCS11telem_delayEv @ 0xaae2f0
AUTO: _ZN14AP_BoardConfig15in_config_errorEv @ 0xaae350
AUTO: _ZNK12AP_Scheduler19time_available_usecEv @ 0x624d90
AUTO: _ZN2AP2FSEv @ 0x625010
AUTO: _ZN19AP_Filesystem_Posix5writeEiPKvj @ 0x6253b0
AUTO: _ZN19AP_Filesystem_Posix5fsyncEi @ 0x625480
AUTO: _ZN19AP_Filesystem_Posix5lseekEiii @ 0x625520
AUTO: _ZN21AP_Filesystem_Backend17bytes_until_fsyncEi @ 0xaae390
AUTO: _ZN19AP_Filesystem_Posix9disk_freeEPKc @ 0x625ba0
AUTO: _ZNK21AP_Filesystem_Backend15file_op_allowedEv @ 0x6262d0
AUTO: _ZL12map_filenamePKc @ 0x626370
AUTO: _ZL17map_filename_freePKc @ 0x626410
AUTO: _Z16comm_get_txspace17mavlink_channel_t @ 0x626560
AUTO: _ZL28mavlink_msg_command_ack_send17mavlink_channel_tthhihh.6806 @ 0x6265f0
AUTO: _ZN11GCS_MAVLINK23set_ap_message_intervalE10ap_messaget @ 0x626a60
AUTO: _ZNK11GCS_MAVLINK20cap_message_intervalEt @ 0x626e80
AUTO: _ZNK11GCS_MAVLINK26get_deferred_message_indexE10ap_message @ 0x626f50
AUTO: _ZNK7BitmaskILt91EE3getEt @ 0xaae5d0
AUTO: _ZN7BitmaskILt91EE3setEt @ 0xaae6a0
AUTO: _ZN12AP_Scheduler18get_loop_period_usEv @ 0xaae760
AUTO: _ZNK13AP_Filesystem13backend_by_fdERi @ 0x6277d0
AUTO: _ZNK13AP_Filesystem15backend_by_pathERPKc @ 0x6278a0
AUTO: _ZN11GCS_MAVLINK39initialise_message_intervals_for_streamENS_7streamsE @ 0x627b90
AUTO: _ZNK11GCS_MAVLINK23get_interval_for_streamENS_7streamsE @ 0x627d90
AUTO: _ZNK11GCS_MAVLINK8get_chanEv @ 0xaae800
AUTO: _ZN11GCS_MAVLINK12send_messageE10ap_message @ 0x628840
AUTO: _ZN11GCS_MAVLINK22save_signing_timestampEb @ 0x628950
AUTO: _ZNK11GCS_MAVLINK12is_streamingEv @ 0xaae8f0
AUTO: _ZN11GCS_MAVLINK16signing_key_loadER10SigningKey @ 0x628a80
AUTO: _ZNK13StorageAccess11write_blockEtPKvm @ 0x628be0
AUTO: _ZN19AC_PolyFence_loader13check_indexedEv @ 0x62b6f0
AUTO: _Z11is_negativeIfEbT_ @ 0xaaf650
AUTO: _ZN10AP_Mission26mission_cmd_to_mavlink_intERKNS_15Mission_CommandER28__mavlink_mission_item_int_t @ 0x62fb80
AUTO: _ZN11GCS_MAVLINK14update_receiveEj @ 0x631270
AUTO: _ZN3GCS15update_passthruEv @ 0x631740
AUTO: _ZN16AP_SerialManager12get_passthruERPN6AP_HAL10UARTDriverES3_RhRjS5_ @ 0x631c70
AUTO: _ZN6AP_HAL10UARTDriver11read_lockedEPhmj @ 0x6326f0
AUTO: _ZNK11GCS_MAVLINK6lockedEv @ 0xaaf990
AUTO: _ZNK7FunctorIbJhPN6AP_HAL10UARTDriverEEEcvbEv @ 0xaaf9f0
AUTO: _ZN11GCS_MAVLINK14channel_bufferEv @ 0xaafad0
AUTO: mavlink_frame_char_buffer @ 0x632dd0
AUTO: _ZN12AP_Scripting14handle_messageERK17__mavlink_message17mavlink_channel_t @ 0x633670
AUTO: _ZN11GCS_MAVLINK13send_timesyncEv @ 0x633860
AUTO: _ZN11GCS_MAVLINK17log_mavlink_statsEv @ 0x6338d0
AUTO: _ZNK11GCS_MAVLINK15signing_enabledEv @ 0x633a50
AUTO: _ZNK11GCS_MAVLINK21timesync_timestamp_nsEv @ 0x633af0
AUTO: _ZL25mavlink_msg_timesync_send17mavlink_channel_tll @ 0x633b50
AUTO: mavlink_start_checksum @ 0x633bf0
AUTO: mavlink_update_checksum @ 0x633c50
AUTO: _Z9fill_nanfPft @ 0x634690
AUTO: _ZN10ByteBuffer7advanceEj @ 0x637720
AUTO: _ZN5Empty11OpticalFlow9push_gyroEfff @ 0xab09a0
AUTO: _ZN5Empty11OpticalFlow14push_gyro_biasEff @ 0xab0a10
AUTO: _ZNK7HALSITL4Util18was_watchdog_resetEv @ 0xab0ce0
AUTO: _ZN7HALSITL4Util19safety_switch_stateEv @ 0x6383d0
AUTO: _ZN7HALSITL4Util16available_memoryEv @ 0xab11d0
AUTO: _ZN7HALSITL4Util8uart_logEv @ 0x6389b0
AUTO: _ZN6AP_HAL4Util14log_stack_infoEv @ 0xab1570
AUTO: _ZN6AP_HAL10UARTDriver9log_statsEhRNS0_12StatsTrackerEj @ 0x638b80
AUTO: _ZN6AP_HAL10UARTDriver12StatsTracker11ByteTracker6updateEj @ 0x638d20
AUTO: _ZN7HALSITL8RCOutput20_safety_switch_stateEv @ 0xab1610
AUTO: _ZN6AP_HAL10UARTDriver5writeEPKhm @ 0x63b250
AUTO: _ZN6AP_HAL10UARTDriver9availableEv @ 0x63b390
AUTO: _ZN6AP_HAL10UARTDriver4readEv @ 0x63b410
AUTO: _ZN6AP_HAL10UARTDriver4readERh @ 0x63b490
AUTO: _ZN6AP_HAL10UARTDriver4readEPht @ 0x63b590
AUTO: _ZN7HALSITL10UARTDriver7txspaceEv @ 0x63b600
AUTO: _ZN7HALSITL10UARTDriver11_timer_tickEv @ 0x63b980
AUTO: _ZN7HALSITL10UARTDriver26receive_time_constraint_usEt @ 0x63b9e0
AUTO: _ZN7HALSITL10UARTDriver6_writeEPKhm @ 0x63c6b0
AUTO: _ZN7HALSITL10UARTDriver5_readEPht @ 0x63c880
AUTO: _ZN7HALSITL10UARTDriver10_availableEv @ 0x63ca70
AUTO: _ZNK7HALSITL10UARTDriver18get_total_tx_bytesEv @ 0xab3da0
AUTO: _ZNK7HALSITL10UARTDriver18get_total_rx_bytesEv @ 0xab3df0
AUTO: _ZNK6AP_HAL10UARTDriver26get_total_dropped_rx_bytesEv @ 0xab3e40
AUTO: _ZN7HALSITL10UARTDriver17_check_connectionEv @ 0x63cb60
AUTO: _ZN7HALSITL10UARTDriver13_select_checkEi @ 0x63cca0
AUTO: _ZN10ByteBuffer4readEPhj @ 0x63ceb0
AUTO: _ZN7HALSITL10UARTDriver41handle_writing_from_writebuffer_to_deviceEv @ 0x63cf50
AUTO: _ZN7HALSITL10UARTDriver16_check_reconnectEv @ 0x63d300
AUTO: _ZL3MINIjjEDTqultfp_fp0_fp_fp0_ERKT_RKT0_.13888 @ 0x63d700
AUTO: _ZNK4SITL12SerialDevice15write_to_deviceEPKcm @ 0x63d780
AUTO: _ZNK4SITL12SerialDevice18write_to_autopilotEPKcm @ 0x640ae0
AUTO: _ZNK4SITL12SerialDevice13is_match_baudEv @ 0x640ba0
AUTO: _ZNK4SITL3GPS18write_to_autopilotEPKcm @ 0x640cd0
AUTO: _ZNK4SITL3GPS11device_baudEv @ 0x640ef0
AUTO: _ZNK8Location31get_vector_xy_from_origin_NE_cmI7Vector2IfEEEbRT_ @ 0xab5320
AUTO: _Z8wrap_180IdET_S0_ @ 0xab5430
AUTO: _ZN8Location14offset_bearingEdd @ 0x643c30
AUTO: _ZNK7Vector2IfEplERKS0_ @ 0xab5890
AUTO: _ZL7radiansd @ 0x643d30
AUTO: _Z8wrap_360d @ 0x643d80
AUTO: _ZNK4SITL12SerialDevice19read_from_autopilotEPcm @ 0x643e20
AUTO: _Z7is_zerod @ 0xab7560
AUTO: _ZN7HALSITL10UARTDriver40handle_reading_from_device_to_readbufferEv @ 0x649710
AUTO: _ZNK4SITL12SerialDevice16read_from_deviceEPcm @ 0x649ba0
AUTO: _ZN7HALSITL8AnalogIn13board_voltageEv @ 0xab8a70
AUTO: _ZN6AP_HAL8AnalogIn17servorail_voltageEv @ 0xab8ac0
AUTO: _ZN6AP_HAL8AnalogIn18power_status_flagsEv @ 0xab8b10
AUTO: _ZN7HALSITL9ADCSource7set_pinEh @ 0x64a7e0
AUTO: _ZN7HALSITL9ADCSource15voltage_averageEv @ 0x64a860
AUTO: _ZN7HALSITL9ADCSource14voltage_latestEv @ 0x64a8b0
AUTO: _ZN7HALSITL4GPIO13usb_connectedEv @ 0x64b010
AUTO: _ZN7HALSITL8RCOutput9enable_chEh @ 0x64b410
AUTO: _ZN7HALSITL8RCOutput10disable_chEh @ 0x64b4a0
AUTO: _ZN7HALSITL8RCOutput5writeEht @ 0x64b530
AUTO: _ZN6AP_HAL8RCOutput20update_channel_masksEv @ 0xab94f0
AUTO: _ZN7HALSITL8RCOutput4corkEv @ 0x64b660
AUTO: _ZN7HALSITL8RCOutput4pushEv @ 0x64b6f0
AUTO: _ZN7HALSITL8RCOutput4readEh @ 0x64b820
AUTO: _ZN7HALSITL8RCOutput4readEPth @ 0x64b8b0
AUTO: _ZN6AP_HAL8RCOutput16set_default_rateEt @ 0xab9d90
AUTO: _ZN17AP_ESC_Telem_SITL6updateEv @ 0x64bcd0
AUTO: _ZL3MAXIffEDTqugtfp_fp0_fp_fp0_ERKT_RKT0_.20563 @ 0x64bea0
AUTO: _ZN20AP_ESC_Telem_Backend10update_rpmEhff @ 0x64bf20
AUTO: _ZN20AP_ESC_Telem_Backend17update_telem_dataEhRKNS_13TelemetryDataEt @ 0x64bfb0
AUTO: _ZN12AP_ESC_Telem17update_telem_dataEhRKN20AP_ESC_Telem_Backend13TelemetryDataEt @ 0x64c040
AUTO: _ZN12AP_ESC_Telem10update_rpmEhff @ 0x64c320
AUTO: _ZL3MAXIjjEDTqugtfp_fp0_fp_fp0_ERKT_RKT0_.10200 @ 0x64c480
AUTO: _Z16constrain_uint32jjj @ 0xaba2c0
AUTO: _Z15constrain_valueIjET_S0_S0_S0_ @ 0xaba330
AUTO: _ZN7HALSITL7RCInput9new_inputEv @ 0x64c610
AUTO: _ZN7HALSITL7RCInput12num_channelsEv @ 0x64c670
AUTO: _ZN7HALSITL7RCInput4readEh @ 0x64c6d0
AUTO: _ZN13AP_RCProtocol4readEh @ 0x64c980
AUTO: _ZN21AP_RCProtocol_Backend4readEh @ 0x64ca10
AUTO: _ZN13AP_RCProtocol12num_channelsEv @ 0x64ca70
AUTO: _ZNK21AP_RCProtocol_Backend12num_channelsEv @ 0x64caf0
AUTO: _ZN13AP_RCProtocol9new_inputEv @ 0x64cb40
AUTO: _ZN13AP_RCProtocol21detect_async_protocolENS_12rcprotocol_tE @ 0x64cd00
AUTO: _ZNK13AP_RCProtocol10using_uartEv @ 0xaba8c0
AUTO: _ZN17AP_RCProtocol_FDM6updateEv @ 0x64d950
AUTO: _ZN21AP_RCProtocol_Backend9add_inputEhPtbss @ 0x64db30
AUTO: _ZL3MINIhiEDTqultfp_fp0_fp_fp0_ERKT_RKT0_.20159 @ 0x64dc90
AUTO: _ZN13AP_RCProtocol19set_failsafe_activeEb @ 0xabb290
AUTO: _ZN21AP_RCProtocol_Backend6updateEv @ 0xabb3a0
AUTO: _ZN17AP_RCProtocol_UDP6updateEv @ 0x64dd10
AUTO: _ZN17AP_RCProtocol_UDP21read_all_socket_inputEv @ 0x64df70
AUTO: _ZN16SocketAPM_native4recvEPvmj @ 0x64e210
AUTO: _ZN16SocketAPM_native6pollinEj @ 0x64e440
AUTO: _ZNK16SocketAPM_native11get_read_fdEv @ 0xabb4d0
AUTO: _ZN18AP_RCProtocol_GHST6updateEv @ 0x64eca0
AUTO: _ZN3GCS23get_sensor_status_flagsERjS0_S0_ @ 0x650960
AUTO: _ZN3GCS26update_sensor_status_flagsEv @ 0x650a20
AUTO: _ZNK7AP_AHRS11initialisedEv @ 0x6511e0
AUTO: _ZNK7AP_Baro13num_instancesEv @ 0xabbb60
AUTO: _ZNK6AP_GPS10is_healthyEv @ 0xabbbb0
AUTO: _ZNK14AP_BattMonitor13num_instancesEv @ 0xabbc10
AUTO: _ZNK14AP_BattMonitor7healthyEv @ 0x651310
AUTO: _ZNK17AP_InertialSensor11calibratingEv @ 0x651400
AUTO: _ZNK9AP_Logger15logging_enabledEv @ 0x6514d0
AUTO: _ZNK6AP_GPS15logging_presentEv @ 0xabbc60
AUTO: _ZNK6AP_GPS15logging_enabledEv @ 0xabbcd0
AUTO: _ZNK6AP_GPS14logging_failedEv @ 0x6515a0
AUTO: _ZNK7AP_AHRS12get_ekf_typeEv @ 0xabbd40
AUTO: _ZNK8AC_Fence18sys_status_enabledEv @ 0x651680
AUTO: _ZNK8AC_Fence18sys_status_presentEv @ 0x651720
AUTO: _ZNK8AC_Fence17sys_status_failedEv @ 0x651780
AUTO: _ZNK11AP_Airspeed7enabledEv @ 0xabbda0
AUTO: _ZN2AP11opticalflowEv @ 0x6518d0
AUTO: _ZNK14AP_OpticalFlow7healthyEv @ 0xabbeb0
AUTO: _ZN2AP6armingEv @ 0x651910
AUTO: _ZNK11RC_Channels22has_ever_seen_rc_inputEv @ 0xabbf30
AUTO: _ZN9AP_Arming13get_singletonEv @ 0x651950
AUTO: _ZN14AP_OpticalFlow13get_singletonEv @ 0xabbf90
AUTO: _ZN2AP8airspeedEv @ 0x651990
AUTO: _ZNK8AC_Fence12get_breachesEv @ 0xabc060
AUTO: _ZNK7AP_EnumIN8AC_Fence6ActionEEcvKS1_Ev @ 0xabc0b0
AUTO: _ZNK14AP_BattMonitor7healthyEh @ 0x651a50
AUTO: _ZNK6AP_GPS8num_satsEv @ 0xabc2c0
AUTO: _ZNK6AP_GPS8num_satsEh @ 0xabc320
AUTO: _ZNK14AP_BattMonitor7voltageEh @ 0x652740
AUTO: _ZNK14AP_BattMonitor12current_ampsERfh @ 0x6527e0
AUTO: _ZNK14AP_BattMonitor12consumed_mahERfh @ 0x6528d0
AUTO: _ZN9AP_Logger14WriteStreamingEPKcS1_S1_z @ 0x6535f0
AUTO: _ZN22AP_RCProtocol_DroneCAN6updateEv @ 0x653850
AUTO: _ZNK16AP_SerialManager11find_serialENS_14SerialProtocolEh @ 0x654c40
AUTO: _ZN2AP3srvEv @ 0x657f90
AUTO: _ZN12SRV_Channels4corkEv @ 0x657fd0
AUTO: _ZN12SRV_Channels4pushEv @ 0x658030
AUTO: _ZN16AP_Volz_Protocol6updateEv @ 0x6581e0
AUTO: _ZN10AP_SBusOut6updateEv @ 0x6584b0
AUTO: _ZN15AP_RobotisServo6updateEv @ 0x658630
AUTO: _ZN16AP_FETtecOneWire6updateEv @ 0x6588a0
AUTO: _ZN2AP6kdecanEv @ 0x658b90
AUTO: _ZN9AP_KDECAN6updateEv @ 0x658bd0
AUTO: _ZN11SRV_Channel8calc_pwmEf @ 0x659680
AUTO: _ZN9AP_KDECAN13get_singletonEv @ 0xabec80
AUTO: _ZN16AP_FETtecOneWire4initEv @ 0x65b340
AUTO: _ZN16AP_FETtecOneWire9init_uartEv @ 0x65c910
AUTO: _ZN12SRV_Channels13get_singletonEv @ 0xabf6e0
AUTO: _ZNK10AP_Mission21get_current_nav_indexEv @ 0xabfa70
AUTO: _ZNK7AP_AHRS13wind_estimateEv @ 0xabfaf0
AUTO: _ZN10AP_Terrain20height_above_terrainERfb @ 0x661600
AUTO: _ZNK10AP_Terrain6statusEv @ 0xabfb50
AUTO: _ZNK7AP_AHRS11groundspeedEv @ 0xabfc90
AUTO: _ZN7AP_Baro14get_climb_rateEv @ 0x661b10
AUTO: _ZN16DerivativeFilterIfLh7EE5slopeEv @ 0xabfd30
AUTO: _ZNK11RangeFinder15distance_orientE8Rotation @ 0x661b80
AUTO: _ZNK14AP_BattMonitor7voltageEv @ 0xac0800
AUTO: _Z14float_to_int16f @ 0x663590
AUTO: _ZNK7AP_AHRS11get_yaw_degEv @ 0xac0850
AUTO: _ZNK7AP_AHRS28get_relative_position_D_homeERf @ 0x663710
AUTO: _ZNK8Location9get_alt_mENS_8AltFrameERf @ 0x6638b0
AUTO: _ZNK7AP_AHRS11_get_originER8Location @ 0x663960
AUTO: _ZNK7AP_AHRS11_get_originENS_7EKFTypeER8Location @ 0x663a40
AUTO: _ZNK7NavEKF312getOriginLLHER8Location @ 0x663c50
AUTO: _ZN18AP_RCProtocol_CRSF6updateEv @ 0x666500
AUTO: _ZN13AP_CRSF_Telem13get_singletonEv @ 0x666b30
AUTO: _ZN13AP_CRSF_Telem13queue_messageE12MAV_SEVERITYPKc @ 0x667580
AUTO: _ZN2AP10crsf_telemEv @ 0x66a2d0
AUTO: _ZNK7AP_AHRS12get_roll_radEv @ 0xac1c70
AUTO: _ZNK7AP_AHRS13get_pitch_radEv @ 0xac1cc0
AUTO: _ZN19AP_RCProtocol_SRXL26updateEv @ 0x6700f0
AUTO: _Z11crc16_ccittPKhjt @ 0x670cb0
AUTO: _ZNK14AP_BattMonitor15get_temperatureERfh @ 0x6731d0
AUTO: _ZN2AP3rtcEv @ 0x6732a0
AUTO: _ZNK6AP_RTC12get_utc_usecERm @ 0x6733c0
AUTO: _ZN6AP_RTC13get_singletonEv @ 0xac28d0
AUTO: _ZN2AP9esc_telemEv @ 0x673720
AUTO: _ZNK12AP_ESC_Telem7get_rpmEhRf @ 0x6738c0
AUTO: _ZL3MINIffEDTqultfp_fp0_fp_fp0_ERKT_RKT0_.10179 @ 0x673a60
AUTO: _ZNVK20AP_ESC_Telem_Backend13TelemetryData5staleEv @ 0x673b50
AUTO: _ZN12AP_ESC_Telem13get_singletonEv @ 0x673bd0
AUTO: _ZN17AP_RCProtocol_DSM6updateEv @ 0x6770e0
AUTO: _ZN7HALSITL9Scheduler5delayEt @ 0x6789d0
AUTO: _ZN7HALSITL9Scheduler18delay_microsecondsEt @ 0x678ac0
AUTO: _ZN6AP_HAL9Scheduler24delay_microseconds_boostEt @ 0xac30b0
AUTO: _ZN6AP_HAL9Scheduler9boost_endEv @ 0xac31c0
AUTO: _ZNK6AP_HAL9Scheduler17in_delay_callbackEv @ 0xac3210
AUTO: _ZN7HALSITL9Scheduler21is_system_initializedEv @ 0xac3270
AUTO: _ZN7HALSITL9Scheduler10stop_clockEm @ 0x679030
AUTO: _ZNK7HALSITL9Scheduler14in_main_threadEv @ 0x6790d0
AUTO: _ZN7HALSITL10SITL_State10wait_clockEm @ 0x679790
AUTO: _ZNK4SITL8Aircraft11get_speedupEv @ 0xac3420
AUTO: _ZNK7HALSITL9Scheduler28semaphore_wait_hack_requiredEv @ 0x679940
AUTO: _ZN7HALSITL10SITL_State15_fdm_input_stepEv @ 0x6799c0
AUTO: _ZN7HALSITL10SITL_State16_fdm_input_localEv @ 0x679b10
AUTO: _ZNK7HALSITL9Scheduler22interrupts_are_blockedEv @ 0xac3470
AUTO: _ZN7HALSITL9Scheduler17sitl_begin_atomicEv @ 0xac34d0
AUTO: _ZN7HALSITL9Scheduler11timer_eventEv @ 0xac3530
AUTO: _ZN7HALSITL9Scheduler15sitl_end_atomicEv @ 0x679cb0
AUTO: _ZN7HALSITL10SITL_State16_update_airspeedEf @ 0x679d50
AUTO: _ZN7HALSITL10SITL_State19_update_rangefinderEv @ 0x67a0c0
AUTO: _ZNK7HALSITL10SITL_State18_sonar_pin_voltageEv @ 0x67a120
AUTO: _ZN7AP_Baro24get_EAS2TAS_for_alt_amslEf @ 0x67a290
AUTO: _ZL2sqf.13649 @ 0x67a310
AUTO: _ZN7AP_Baro28get_air_density_for_alt_amslEf @ 0x67a360
AUTO: _ZL3MAXIffEDTqugtfp_fp0_fp_fp0_ERKT_RKT0_.2214 @ 0x67a530
AUTO: _ZN7HALSITL9Scheduler16_run_timer_procsEv @ 0x67a5b0
AUTO: _ZN7HALSITL10SITL_State17_simulator_servosER10sitl_input @ 0x67a6b0
AUTO: _ZN4SITL11JSON_Master7receiveER10sitl_input @ 0x67b340
AUTO: _ZN7HALSITL10SITL_State22multicast_servo_updateER10sitl_input @ 0x67b7e0
AUTO: _ZN4SITL8Aircraft11update_homeEv @ 0x67b8c0
AUTO: _ZN4SITL8Aircraft12update_modelERK10sitl_input @ 0x67ba20
AUTO: _ZN4SITL8Aircraft8fill_fdmERNS_8sitl_fdmE @ 0x67bac0
AUTO: _ZN7HALSITL8CANIface14num_interfacesEv @ 0xac3570
AUTO: _ZNK4SITL8Aircraft20get_position_relhomeEv @ 0x67c690
AUTO: _ZN4SITL11JSON_Master4sendERKNS_8sitl_fdmERK7Vector3IdE @ 0x67c750
AUTO: _ZN7HALSITL17SITL_State_Common10sim_updateEv @ 0x67c9f0
AUTO: _ZN7HALSITL10SITL_State14set_height_aglEv @ 0x67d240
AUTO: _ZNK4SITL8Aircraft12get_locationEv @ 0xac35b0
AUTO: _ZNK4SITL8Aircraft15get_velocity_efEv @ 0xac3600
AUTO: _ZN4SITL3GPS6updateEv @ 0x67e610
AUTO: _ZN4SITL12SerialDevice17init_sitl_pointerEv @ 0x67fd60
AUTO: _ZN4SITL3GPS24check_backend_allocationEv @ 0x67fdf0
AUTO: _ZN4SITL3GPS16interpolate_dataERKNS_8GPS_DataEj @ 0x680400
AUTO: _ZL3MAXIifEDTqugtfp_fp0_fp_fp0_ERKT_RKT0_.14372 @ 0x680d90
AUTO: _ZNK4SITL11GPS_Backend11device_baudEv @ 0xac3c20
AUTO: _ZN4SITL11GPS_Backend11update_readEv @ 0x680f10
AUTO: _ZNK4SITL11GPS_Backend18write_to_autopilotEPKcm @ 0x681260
AUTO: _ZNK4SITL11GPS_Backend19read_from_autopilotEPcm @ 0x6812e0
AUTO: _ZN4SITL11GPS_Backend8gps_timeEv @ 0x681d80
AUTO: _ZNK7Vector2IdE6lengthEv @ 0xac3e40
AUTO: _ZN4SITL11GPS_Backend18simulation_timevalEP7timeval @ 0x6826b0
AUTO: _ZN4SITL9GPS_UBlox7publishEPKNS_8GPS_DataE @ 0x685580
AUTO: _Z4normIddJdEEdT_T0_DpKT1_ @ 0xac44e0
AUTO: _ZL7degreesf.14460 @ 0x686050
AUTO: _ZN4SITL9GPS_UBlox8send_ubxEhPht @ 0x686580
AUTO: _ZL3MAXIiiEDTqugtfp_fp0_fp_fp0_ERKT_RKT0_.14461 @ 0x686750
AUTO: _ZNK7Vector3IfE6is_nanEv @ 0xac4560
AUTO: _ZN7Matrix3IfE6rotateERK7Vector3IfE @ 0xac4630
AUTO: _ZNK7Vector2IfE5angleEv @ 0xac47e0
AUTO: _ZN7Matrix3IfEpLERKS0_ @ 0xac4850
AUTO: _ZNK7Matrix3IfEplERKS0_ @ 0xac48e0
AUTO: _Z2sqIdJddEEdT_DpKT0_ @ 0xac4a00
AUTO: _ZNK11QuaternionTIfE8to_eulerERfS1_S1_ @ 0xac4aa0
AUTO: _ZNK11QuaternionTIfE13get_euler_yawEv @ 0xac4bb0
AUTO: _ZNK7Vector3IdEplERKS0_ @ 0xac55b0
AUTO: _ZN7Vector3IdEpLERKS0_ @ 0xac5650
AUTO: _ZN7Matrix3IdEC2Ev @ 0xac56f0
AUTO: _ZNK7Matrix3IdEmlERK7Vector3IdE @ 0xac5930
AUTO: _ZNK11QuaternionTIfEmlERK7Vector3IfE @ 0xac5c30
AUTO: _ZNK7Vector3IdEmiERKS0_ @ 0xac6120
AUTO: _Z11wrap_360_cdf @ 0x690200
AUTO: _ZNK7Vector3IdE6lengthEv @ 0xac6280
AUTO: _ZN7Vector3IdE4zeroEv @ 0xac62e0
AUTO: _ZNK4SITL8Aircraft7get_dcmEv @ 0xac6420
AUTO: _ZNK7Matrix3IfE10transposedEv @ 0xac6470
AUTO: _ZN7Matrix3IfE9normalizeEv @ 0xac6640
AUTO: _ZNK8Location22get_distance_NE_doubleERKS_ @ 0x6937b0
AUTO: _ZN7Vector3IdE2xyEv @ 0xac6910
AUTO: _ZN7Vector2IdEpLERKS0_ @ 0xac6960
AUTO: _ZN4SITL8Aircraft14smooth_sensorsEv @ 0x693d10
AUTO: _ZL7degreesf.16169 @ 0x694700
AUTO: _ZNK7Matrix3IfE8to_eulerEPfS1_S1_ @ 0xac69e0
AUTO: _ZNK7AP_EnumI8RotationEcvKS0_Ev @ 0xac6b00
AUTO: _ZNK8HAL_SITL32get_uart_output_full_queue_countEv @ 0x6947d0
AUTO: _ZNK4SITL8Aircraft16get_wall_time_usEv @ 0x694910
AUTO: _ZNK7Vector3IdEdvEd @ 0xac6ce0
AUTO: _ZNK11QuaternionTIfEdvERKS0_ @ 0xac6d80
AUTO: _ZNK11QuaternionTIfE7is_zeroEv @ 0xac6fd0
AUTO: _ZN4SITL8Aircraft12time_advanceEv @ 0x694990
AUTO: _ZN4SITL8Aircraft15sync_frame_timeEv @ 0x694a30
AUTO: _ZN9AP_Logger14WriteStreamingEPKcS1_S1_S1_S1_z @ 0x694d30
AUTO: _ZL3MAXI9AP_ParamTIfL11ap_var_type4EEdEDTqugtfp_fp0_fp_fp0_ERKT_RKT0_.13490 @ 0x6950a0
AUTO: _Z21calc_lowpass_alpha_dtff @ 0x695140
AUTO: _ZL3MAXIfiEDTqugtfp_fp0_fp_fp0_ERKT_RKT0_.13491 @ 0x695270
AUTO: _ZNK4SITL16FETtecOneWireESC7enabledEv @ 0xac70a0
AUTO: _ZNK4SITL4Volz7enabledEv @ 0xac7110
AUTO: _ZN7HALSITL17SITL_State_Common22update_voltage_currentER10sitl_inputf @ 0x695540
AUTO: _ZN8AP_Param18eeprom_write_checkEPKvth @ 0x697f70
AUTO: _ZN8AP_Param14write_sentinalEt @ 0x698000
AUTO: _ZNK4SITL8Aircraft22rangefinder_beam_widthEv @ 0xac9010
AUTO: _ZNK4SITL8Aircraft45perpendicular_distance_to_rangefinder_surfaceEv @ 0x698c90
AUTO: _ZNK4SITL8Aircraft9on_groundEv @ 0x698d80
AUTO: _ZNK4SITL8Aircraft4haglEv @ 0x698df0
AUTO: _ZNK4SITL8Aircraft24ground_height_differenceEv @ 0x698ec0
AUTO: _ZN4SITL8Aircraft15update_dynamicsERK7Vector3IfE @ 0x699730
AUTO: _ZN4SITL8Aircraft23update_external_payloadERK10sitl_input @ 0x69a7b0
AUTO: _ZN4SITL8Aircraft15update_positionEv @ 0x69ac40
AUTO: _ZN4SITL8Aircraft11update_windERK10sitl_input @ 0x69add0
AUTO: _ZN4SITL8Aircraft19update_mag_field_bfEv @ 0x69b260
AUTO: _ZNK8Location23get_distance_NED_doubleERKS_ @ 0x69b650
AUTO: _ZN4SITL8Aircraft17get_local_updraftERK7Vector3IdE @ 0x69b770
AUTO: _ZN7Vector2IdEmIERKS0_ @ 0xac9060
AUTO: _ZNK4SITL7Sprayer10is_enabledEv @ 0xac90f0
AUTO: _ZN4SITL3I2C6updateERKNS_8AircraftE @ 0x69c030
AUTO: _ZNK4SITL6Buzzer10is_enabledEv @ 0xac91a0
AUTO: _ZNK4SITL13Gripper_Servo10is_enabledEv @ 0xac9200
AUTO: _ZNK4SITL11Gripper_EPM10is_enabledEv @ 0xac92c0
AUTO: _ZNK4SITL9Parachute10is_enabledEv @ 0xac9370
AUTO: _ZNK4SITL12SIM_Precland10is_enabledEv @ 0xac93d0
AUTO: _ZN4SITL7ShipSim6updateEv @ 0x69d000
AUTO: _ZN7Vector2IfEpLERKS0_ @ 0xac9510
AUTO: _ZNK10DigitalLPFIfE3getEv @ 0xac96a0
AUTO: _ZN8Location16change_alt_frameENS_8AltFrameE @ 0x6a2780
AUTO: _ZNK7Vector3IdE14length_squaredEv @ 0xacb480
AUTO: _ZNK7Vector3IdEmlERKS0_ @ 0xacb5f0
AUTO: _ZNK7AP_AHRS11get_EAS2TASEv @ 0x6a3060
AUTO: _ZL2sqf.16184 @ 0x6a30f0
AUTO: _ZN4SITL8Aircraft19update_eas_airspeedEv @ 0x6a3140
AUTO: _ZN4SITL15SlungPayloadSim6updateERK7Vector3IdERKS1_IfES7_S7_ @ 0x6a35f0
AUTO: _ZN4SITL9TetherSim6updateERK8Location @ 0x6a3780
AUTO: _ZN4SITL8Aircraft17adjust_frame_timeEf @ 0x6a38f0
AUTO: _ZNK7Vector3IfE10normalizedEv @ 0xacb710
AUTO: _ZNK7Vector3IdE7is_zeroEv @ 0xacb7a0
AUTO: _ZN7Vector3IfE2xyEv @ 0xacb850
AUTO: _ZN7Vector2IfE4zeroEv @ 0xacb8a0
AUTO: _ZN7Vector3IfEmIERKS0_ @ 0xacb900
AUTO: _ZNK7Vector3IfE14length_squaredEv @ 0xacb9a0
AUTO: _ZNK7Vector3IfE9projectedERKS0_ @ 0xacba70
AUTO: _ZNK7Vector3IfE3dotERKS0_ @ 0xacbb50
AUTO: _ZL7radiansi.16189 @ 0x6a6880
AUTO: _ZNK9AP_ParamTIfL11ap_var_type4EEplERKS1_ @ 0xacbbb0
AUTO: _ZN13LowPassFilterIfE20set_cutoff_frequencyERKf @ 0xacc2d0
AUTO: _ZN13LowPassFilterIfE5applyERKfS2_ @ 0xacc340
AUTO: _Z11is_positived @ 0xacca50
AUTO: _ZN4SITL8Aircraft16add_shove_forcesER7Vector3IfES3_ @ 0x6b5280
AUTO: _ZN7Vector3IfEmLERKS0_ @ 0xacd190
AUTO: _ZN7Vector3IfE9normalizeEv @ 0xacd230
AUTO: _ZN7Vector3IdEmIERKS0_ @ 0xad74b0
AUTO: _ZL7radiansd.16474 @ 0x6c76c0
AUTO: _ZNK4SITL5Frame15get_air_densityEf @ 0x6d0740
AUTO: _ZL2sqf.21180 @ 0x6d07a0
AUTO: _ZN4SITL11MultiCopter6updateERK10sitl_input @ 0x6d0ff0
AUTO: _ZN4SITL11MultiCopter16calculate_forcesERK10sitl_inputR7Vector3IfES6_ @ 0x6d1150
AUTO: _ZN4SITL8Aircraft5Clamp7clampedERS0_RK10sitl_input @ 0x6d1270
AUTO: _ZN4SITL5Frame19current_and_voltageERfS1_ @ 0x6d1480
AUTO: _ZN4SITL7Battery11set_currentEf @ 0x6d15c0
AUTO: _ZL3MAXIifEDTqugtfp_fp0_fp_fp0_ERKT_RKT0_.21086 @ 0x6d1850
AUTO: _ZNK4SITL7Battery11get_voltageEv @ 0x6d1ae0
AUTO: _ZNK4SITL5Motor11get_currentEv @ 0x6d1b40
AUTO: _ZN10DigitalLPFIfE5resetERKf @ 0xad7a90
AUTO: _ZN4SITL5Frame16calculate_forcesERKNS_8AircraftERK10sitl_inputR7Vector3IfES9_Pfb @ 0x6d1d20
AUTO: _ZN4SITL8Aircraft16add_twist_forcesER7Vector3IfE @ 0x6d2410
AUTO: _ZN4SITL8Aircraft19add_external_forcesER7Vector3IfE @ 0x6d2650
AUTO: _ZNK4SITL15SlungPayloadSim21get_forces_on_vehicleER7Vector3IfE @ 0x6d2840
AUTO: _ZNK4SITL9TetherSim21get_forces_on_vehicleER7Vector3IfE @ 0x6d28e0
AUTO: _ZNK4SITL8Aircraft8get_gyroEv @ 0xad7b00
AUTO: _ZNK4SITL8Aircraft19get_velocity_air_efEv @ 0xad7b50
AUTO: _ZN4SITL5Motor16calculate_forcesERK10sitl_inputhR7Vector3IfES6_RKS5_S8_ffb @ 0x6d2980
AUTO: _ZL7radiansd.21190 @ 0x6d35c0
AUTO: _ZNK4SITL8Aircraft10gross_massEv @ 0xad7bf0
AUTO: _ZNK4SITL5Motor14pwm_to_commandEf @ 0x6d3610
AUTO: _ZL3MAXIifEDTqugtfp_fp0_fp_fp0_ERKT_RKT0_.21285 @ 0x6d36e0
AUTO: _ZNK4SITL5Motor11calc_thrustEffff @ 0x6d3770
AUTO: _ZL3MAXIfdEDTqugtfp_fp0_fp_fp0_ERKT_RKT0_.21287 @ 0x6d3ae0
AUTO: _ZL2sqf.21288 @ 0x6d3b80
AUTO: _ZN7HALSITL7Storage10read_blockEPvtm @ 0x6d9fa0
AUTO: _ZN7HALSITL7Storage11write_blockEtPKvm @ 0x6da070
AUTO: _ZN7HALSITL7Storage11_timer_tickEv @ 0x6da190
AUTO: _ZNK7BitmaskILt2048EE5emptyEv @ 0xad8c20
AUTO: _ZNK7BitmaskILt2048EE3getEt @ 0xad8cc0
AUTO: _ZN10AP_RAMTRON5writeEjPKhj @ 0x6da500
AUTO: _ZN7BitmaskILt2048EE5clearEt @ 0xad8d90
AUTO: _ZNK8HAL_SITL25get_storage_posix_enabledEv @ 0xad8e50
AUTO: _ZNK7BitmaskILt2048EE8validateEt @ 0xad8f10
AUTO: _ZNK10AP_RAMTRON8get_sizeEv @ 0xad8fa0
AUTO: _ZN7HALSITL7Storage13_storage_openEv @ 0x6dab80
AUTO: _ZN7HALSITL7Storage11_mark_dirtyEtt @ 0x6dae90
AUTO: _ZN7BitmaskILt2048EE3setEt @ 0xad9040
AUTO: _ZN8AP_Param9save_syncEbb @ 0x6e1600
AUTO: _ZNK7NavEKF317option_is_enabledENS_6OptionE @ 0xada7e0
AUTO: _ZNK6AP_DAL6millisEv @ 0xada860
AUTO: _ZNK12NavEKF3_core10errorScoreEv @ 0x6e7890
AUTO: _ZNK12NavEKF3_core16have_aligned_yawEv @ 0xada8b0
AUTO: _ZNK12NavEKF3_core17have_aligned_tiltEv @ 0xada910
AUTO: _ZNK12NavEKF3_core19getLastPosDownResetERf @ 0x6e8070
AUTO: _ZNK12NavEKF3_core24getLastPosNorthEastResetER7Vector2IfE @ 0x6e80e0
AUTO: _ZNK7Vector2IdEmiERKS0_ @ 0xada970
AUTO: _ZNK12NavEKF3_core20getLastYawResetAngleERf @ 0x6e8170
AUTO: _ZNK12NavEKF3_core14getEulerAnglesER7Vector3IfE @ 0x6e81e0
AUTO: _ZNK11QuaternionTIdE8to_eulerER7Vector3IfE @ 0xadaa00
AUTO: _ZNK6AP_DAL8get_trimEv @ 0xadaa80
AUTO: _ZNK11QuaternionTIdE8to_eulerERfS1_S1_ @ 0xadaae0
AUTO: _ZNK11QuaternionTIdE14get_euler_rollEv @ 0xadaba0
AUTO: _ZNK11QuaternionTIdE15get_euler_pitchEv @ 0xadac50
AUTO: _ZNK11QuaternionTIdE13get_euler_yawEv @ 0xadacd0
AUTO: _Z9safe_asinIdEfT_ @ 0xadad80
AUTO: _ZL3MAXIfdEDTqugtfp_fp0_fp_fp0_ERKT_RKT0_.4771 @ 0x6e82a0
AUTO: _ZNK12NavEKF3_core20assume_zero_sideslipEv @ 0x6e8340
AUTO: _ZN6AP_DAL8airspeedEv @ 0xadae60
AUTO: _ZNK6AP_DAL15get_fly_forwardEv @ 0xadaf00
AUTO: _ZN19RestrictIDTypeArrayIP17CompassCalibratorLj3E14typesafe_indexIh12TAG_PriorityEEixERKS4_ @ 0xadb080
AUTO: _ZNK8AP_Mount12get_instanceEh @ 0x6f1070
AUTO: _ZN8AP_Mount19set_mode_to_defaultEh @ 0x6f1230
AUTO: _ZNK6AP_GPS15time_epoch_usecEv @ 0xadb990
AUTO: _ZNK6AP_GPS9time_weekEh @ 0xadbb00
AUTO: _ZNK6AP_GPS12time_week_msEh @ 0xadbb70
AUTO: _ZN3GCS12send_messageE10ap_message @ 0x6f2a30
AUTO: _ZNK6AP_GPS15time_epoch_usecEh @ 0x6f2ae0
AUTO: _ZNK14AP_GPS_Backend16get_last_itow_msEv @ 0x6f2c50
AUTO: _ZN6AP_GPS23istate_time_to_epoch_msEtj @ 0x6f2d10
AUTO: _ZN11SRV_Channel14set_output_pwmEtb @ 0x6f3610
AUTO: _ZN10AC_Sprayer3runEb @ 0x6f3700
AUTO: _ZN7AP_ADSB13check_startupEv @ 0x6f4880
AUTO: _ZNK7Vector2IfE6is_nanEv @ 0xadca40
AUTO: _ZNK10AP_Gripper7enabledEv @ 0xadd630
AUTO: _ZN10AP_Vehicle13update_armingEv @ 0x701820
AUTO: _ZN7FunctorIvJEE14method_wrapperI10AP_VehicleXadL_ZNS2_13update_armingEvEEEEvPv @ 0xade650
AUTO: _ZN9AP_Arming6updateEv @ 0x701870
AUTO: _ZN8AP_Stats6updateEv @ 0x701960
AUTO: _ZN7FunctorIvJEE14method_wrapperI8AP_StatsXadL_ZNS2_6updateEvEEEEvPv @ 0xade700
AUTO: _ZN10AP_Filters6updateEv @ 0x701bd0
AUTO: _ZN7FunctorIvJEE14method_wrapperI10AP_FiltersXadL_ZNS2_6updateEvEEEEvPv @ 0xade7b0
AUTO: _ZN10AP_Vehicle17check_motor_noiseEv @ 0x702d10
AUTO: _ZN7FunctorIvJEE14method_wrapperI10AP_VehicleXadL_ZNS2_17check_motor_noiseEvEEEEvPv @ 0xadf060
AUTO: _ZNK10AP_GyroFFT15check_esc_noiseEv @ 0xadf110
AUTO: _ZNK17NotchFilterParams7enabledEv @ 0xadf340
AUTO: _ZN10AP_Vehicle13one_Hz_updateEv @ 0x7033f0
AUTO: _ZN7FunctorIvJEE14method_wrapperI10AP_VehicleXadL_ZNS2_13one_Hz_updateEvEEEEvPv @ 0xadf390
AUTO: _ZN12AP_Scripting6updateEv @ 0x7034d0
AUTO: _ZN16AP_SerialManager20registered_ports_logEv @ 0x703520
AUTO: _ZN12AP_Scripting13save_checksumEv @ 0x703600
AUTO: _ZN10AP_Gripper6updateEv @ 0x703700
AUTO: _ZN7FunctorIvJEE14method_wrapperI10AP_GripperXadL_ZNS2_6updateEvEEEEvPv @ 0xadf4d0
AUTO: _ZN6AP_EFI6updateEv @ 0x703870
AUTO: _ZN7FunctorIvJEE14method_wrapperI6AP_EFIXadL_ZNS2_6updateEvEEEEvPv @ 0xadf580
AUTO: _ZN6AP_AIS6updateEv @ 0x703cf0
AUTO: _ZN7FunctorIvJEE14method_wrapperI6AP_AISXadL_ZNS2_6updateEvEEEEvPv @ 0xadf630
AUTO: _ZN8AC_Fence6updateEv @ 0x703d40
AUTO: _ZN7FunctorIvJEE14method_wrapperI8AC_FenceXadL_ZNS2_6updateEvEEEEvPv @ 0xadf6e0
AUTO: _ZN19AC_PolyFence_loader6updateEv @ 0x703e70
AUTO: _ZN19AC_PolyFence_loader17load_from_storageEv @ 0x703f60
AUTO: _ZN10AP_Vehicle16accel_cal_updateEv @ 0x7053c0
AUTO: _ZN7FunctorIvJEE14method_wrapperI10AP_VehicleXadL_ZNS2_16accel_cal_updateEvEEEEvPv @ 0xadf8c0
AUTO: _ZN20AP_TemperatureSensor6updateEv @ 0x706b60
AUTO: _ZN7FunctorIvJEE14method_wrapperI20AP_TemperatureSensorXadL_ZNS2_6updateEvEEEEvPv @ 0xadf9c0
AUTO: _ZN10AP_Vehicle16publish_osd_infoEv @ 0x706e20
AUTO: _ZN7FunctorIvJEE14method_wrapperI10AP_VehicleXadL_ZNS2_16publish_osd_infoEvEEEEvPv @ 0xadfb10
AUTO: _ZN6AP_OSD12set_nav_infoERNS_7NavInfoE @ 0x706f40
AUTO: _ZN6AP_RPM6updateEv @ 0x706fb0
AUTO: _ZN7FunctorIvJEE14method_wrapperI6AP_RPMXadL_ZNS2_6updateEvEEEEvPv @ 0xadfbc0
AUTO: _ZNK6AP_RPM7Log_RPMEv @ 0x707190
AUTO: _ZNK6AP_RPM7enabledEh @ 0x7072b0
AUTO: _ZN14AP_OpenDroneID6updateEv @ 0x707360
AUTO: _ZN7FunctorIvJEE14method_wrapperI14AP_OpenDroneIDXadL_ZNS2_6updateEvEEEEvPv @ 0xadfce0
AUTO: _ZNK6AP_GPS8velocityEv @ 0xae1580
AUTO: _ZNK7AP_AHRS18groundspeed_vectorEv @ 0xae1660
AUTO: _ZNK6AP_GPS19horizontal_accuracyERf @ 0xae1740
AUTO: _ZNK6AP_GPS17vertical_accuracyERf @ 0xae17c0
AUTO: _ZNK6AP_GPS14speed_accuracyERf @ 0xae1840
AUTO: _ZNK6AP_GPS14speed_accuracyEhRf @ 0x70c050
AUTO: _ZNK6AP_GPS17vertical_accuracyEhRf @ 0x70c120
AUTO: _ZNK6AP_GPS19horizontal_accuracyEhRf @ 0x70c1f0
AUTO: _ZNK6AP_GPS14get_undulationEhRf @ 0x70c2c0
AUTO: _ZNK6AP_GPS8velocityEh @ 0xae18c0
AUTO: _ZN12AP_Generator6updateEv @ 0x70c390
AUTO: _ZN7FunctorIvJEE14method_wrapperI12AP_GeneratorXadL_ZNS2_6updateEvEEEEvPv @ 0xae1990
AUTO: _ZN14AP_Servo_Telem6updateEv @ 0x70c400
AUTO: _ZN7FunctorIvJEE14method_wrapperI14AP_Servo_TelemXadL_ZNS2_6updateEvEEEEvPv @ 0xae1a40
AUTO: _ZN14AP_Servo_Telem9write_logEv @ 0x70c450
AUTO: _ZN12AP_ESC_Telem6updateEv @ 0x70c900
AUTO: _ZN7FunctorIvJEE14method_wrapperI12AP_ESC_TelemXadL_ZNS2_6updateEvEEEEvPv @ 0xae1af0
AUTO: _ZNK12AP_ESC_Telem11get_raw_rpmEhRf @ 0x70cd40
AUTO: _ZN6AP_HAL15timeout_expiredIjjmEEbT_T0_T1_ @ 0xae1ba0
AUTO: _ZN10AP_Vehicle30send_watchdog_reset_statustextEv @ 0x70ce10
AUTO: _ZN7FunctorIvJEE14method_wrapperI10AP_VehicleXadL_ZNS2_30send_watchdog_reset_statustextEvEEEEvPv @ 0xae1c20
AUTO: _ZN8AP_Tramp6updateEv @ 0x70cf70
AUTO: _ZN7FunctorIvJEE14method_wrapperI8AP_TrampXadL_ZNS2_6updateEvEEEEvPv @ 0xae1cd0
AUTO: _ZN10AP_VideoTX6updateEv @ 0x70df50
AUTO: _ZN7FunctorIvJEE14method_wrapperI10AP_VideoTXXadL_ZNS2_6updateEvEEEEvPv @ 0xae1f00
AUTO: _ZN10AP_GyroFFT17update_parametersEv @ 0xae1fb0
AUTO: _ZN7FunctorIvJEE14method_wrapperI10AP_GyroFFTXadL_ZNS2_17update_parametersEvEEEEvPv @ 0xae2000
AUTO: _ZN10AP_GyroFFT17update_parametersEb @ 0x70e180
AUTO: _ZN10AP_GyroFFT6updateEv @ 0x70e520
AUTO: _ZN7FunctorIvJEE14method_wrapperI10AP_GyroFFTXadL_ZNS2_6updateEvEEEEvPv @ 0xae20b0
AUTO: _ZN14AP_NMEA_Output6updateEv @ 0x70e6b0
AUTO: _ZN7FunctorIvJEE14method_wrapperI14AP_NMEA_OutputXadL_ZNS2_6updateEvEEEEvPv @ 0xae2160
AUTO: _ZN7FunctorIvJEE14method_wrapperI9AP_NotifyXadL_ZNS2_6updateEvEEEEvPv @ 0xae2210
AUTO: _ZN7Compass10cal_updateEv @ 0x70f720
AUTO: _ZN7FunctorIvJEE14method_wrapperI7CompassXadL_ZNS2_10cal_updateEvEEEEvPv @ 0xae22c0
AUTO: _ZN11AP_Airspeed6updateEv @ 0x710090
AUTO: _ZN7FunctorIvJEE14method_wrapperI11AP_AirspeedXadL_ZNS2_6updateEvEEEEvPv @ 0xae23d0
AUTO: _ZNK11AP_Airspeed11get_primaryEv @ 0xae2560
AUTO: _ZN10AP_GyroFFT12sample_gyrosEv @ 0x712340
AUTO: _ZN7FunctorIvJEE14method_wrapperI10AP_GyroFFTXadL_ZNS2_12sample_gyrosEvEEEEvPv @ 0xae25b0
AUTO: _ZN10AP_Vehicle4loopEv @ 0x712c30
AUTO: _ZN12AP_Scheduler4loopEv @ 0x712ed0
AUTO: _ZN12AP_Scheduler17get_loop_period_sEv @ 0xae57d0
AUTO: _ZN17AP_InertialSensor15wait_for_sampleEv @ 0x713470
AUTO: _ZN12AP_Scheduler4tickEv @ 0x7139b0
AUTO: _ZN12AP_Scheduler3runEj @ 0x713a10
AUTO: _ZN2AP8PerfInfo15check_loop_timeEj @ 0x713fc0
AUTO: _ZL15fill_nanf_stackv @ 0x714150
AUTO: _ZN2AP8PerfInfo16update_task_infoEhtb @ 0x7141a0
AUTO: _ZNK7AP_AHRS24_get_primary_accel_indexEv @ 0x71ab00
AUTO: _ZNK7AP_AHRS22_get_primary_IMU_indexEv @ 0x71ab50
AUTO: _ZNK7NavEKF322getPrimaryCoreIMUIndexEv @ 0x71acb0
AUTO: _ZNK17AP_InertialSensor21get_first_usable_gyroEv @ 0xae5c40
AUTO: _ZNK12NavEKF3_core11getIMUIndexEv @ 0xae5c90
AUTO: _ZNK14AP_BattMonitor17has_cell_voltagesEh @ 0x71ade0
AUTO: _ZN2AP3EFIEv @ 0x71b630
AUTO: _ZN6AP_EFI13get_singletonEv @ 0xae6620
AUTO: _ZN7FunctorIvJEE14method_wrapperI10AP_VehicleXadL_ZNS2_18fence_checks_asyncEvEEEEvPv @ 0xae6fc0
AUTO: _ZN13AP_Filesystem5writeEiPKvj @ 0x71c3a0
AUTO: _ZN13AP_Filesystem5fsyncEi @ 0x71c440
AUTO: _ZN13AP_Filesystem5lseekEiii @ 0x71c7a0
AUTO: _ZL3MAXIjjEDTqugtfp_fp0_fp_fp0_ERKT_RKT0_.4719 @ 0x72a9f0
AUTO: _ZN15ekf_ring_buffer4pushEPKv @ 0x72aa70
AUTO: _ZNK15ekf_ring_buffer10get_offsetEh @ 0x72ab70
AUTO: _ZL7radiansf.4725 @ 0x72bf10
AUTO: _ZN11QuaternionTIdEC2Edddd @ 0xaebdf0
AUTO: _ZN11QuaternionTIfEmLERKS0_ @ 0xaebea0
AUTO: _ZNK7AP_AHRS8get_gyroEv @ 0xaef5b0
AUTO: _ZNK7AP_AHRS17airspeed_estimateERf @ 0x759930
AUTO: _ZNK17AP_InertialSensor20get_vibration_levelsEv @ 0xaef610
AUTO: _ZNK17AP_InertialSensor20get_vibration_levelsEh @ 0x759a30
AUTO: _ZNK10DigitalLPFI7Vector3IfEE3getEv @ 0xaef690
AUTO: _ZNK11QuaternionTIdE7is_zeroEv @ 0xaef740
AUTO: _ZN12NavEKF3_core18getEarthFieldTableERK8Location @ 0x75b100
AUTO: _ZN14AP_Declination15get_declinationEff @ 0x75b200
AUTO: _ZNK12NavEKF3_core14MagDeclinationEv @ 0x75b290
AUTO: _ZN12NavEKF3_core8zeroRowsERA24_A24_dhh @ 0x75b370
AUTO: _ZN12NavEKF3_core8zeroColsERA24_A24_dhh @ 0x75b430
AUTO: _ZN12NavEKF3_core15FuseDeclinationEd @ 0x75b4f0
AUTO: _ZN18NavEKF_core_common10zero_rangeEPdhh @ 0xaef8e0
AUTO: _ZN12NavEKF3_core13ForceSymmetryEv @ 0x75c550
AUTO: _ZN12NavEKF3_core18ConstrainVariancesEv @ 0x75c6a0
AUTO: _ZN11QuaternionTIdE9normalizeEv @ 0xaef970
AUTO: _ZNK11QuaternionTIdE6lengthEv @ 0xaefa50
AUTO: _Z20constrain_value_lineIdET_S0_S0_S0_j @ 0xaefb10
AUTO: _ZNK9AP_ParamTIfL11ap_var_type4EEcvdEv @ 0xaefc90
AUTO: _ZL7radiansf.4927 @ 0x75d110
AUTO: _ZL2sqf.4850 @ 0x75dc30
AUTO: _ZNK8Location21get_distance_NE_ftypeERKS_ @ 0x75dd80
AUTO: _ZN16EKF_IMU_buffer_tIN12NavEKF3_core15output_elementsEEixEj @ 0xaefdb0
AUTO: _ZNK14ekf_imu_buffer3getEh @ 0x75e030
AUTO: _ZNK14ekf_imu_buffer10get_offsetEh @ 0x75e090
AUTO: _ZNK14AP_BattMonitor24voltage_resting_estimateEh @ 0x75fb80
AUTO: _ZNK14AP_BattMonitor11consumed_whERfh @ 0x75fc30
AUTO: _ZNK6AP_GPS8get_vdopEh @ 0xaeff10
AUTO: _ZNK6AP_GPS16last_fix_time_msEh @ 0xaeff80
AUTO: _ZNK6AP_GPS20last_message_time_msEh @ 0xaefff0
AUTO: _ZNK6AP_GPS22have_vertical_velocityEh @ 0xaf0060
AUTO: _ZNK6AP_GPS18get_antenna_offsetEh @ 0x761da0
AUTO: _ZNK14AP_GPS_Blended18get_antenna_offsetEv @ 0xaf00e0
AUTO: _ZNK6AP_GPS11gps_yaw_degEhRfS0_Rj @ 0x761e70
AUTO: _ZNK6AP_GPS11is_rtk_baseEh @ 0x762060
AUTO: _ZNK6AP_GPS12have_gps_yawEh @ 0xaf0130
AUTO: _ZNK12AP_Proximity10get_statusEv @ 0x762da0
AUTO: _ZNK12AP_Proximity11num_sensorsEv @ 0xaf01d0
AUTO: _ZNK11RangeFinder13status_orientE8Rotation @ 0x763e80
AUTO: _ZNK10AP_Vehicle18get_time_flying_msEv @ 0xaf06e0
AUTO: _ZN12SRV_Channels23get_output_channel_maskEN11SRV_Channel8FunctionE @ 0x7697e0
AUTO: _ZN12SRV_Channels14set_output_pwmEN11SRV_Channel8FunctionEt @ 0x76a510
AUTO: _ZN11SRV_Channel9output_chEv @ 0x76a600
AUTO: _ZNK10RC_Channel13norm_input_dzEv @ 0x76a960
AUTO: _ZN11SRV_Channel12set_overrideEb @ 0xaf08e0
AUTO: _ZN12SRV_Channels17set_output_scaledEN11SRV_Channel8FunctionEf @ 0x76af20
AUTO: _ZNK10AP_Mission5stateEv @ 0xaf0ca0
AUTO: _ZN10AP_Mission12get_next_cmdEtRNS_15Mission_CommandEbb @ 0x76fd60
AUTO: _ZN10AP_Mission10is_nav_cmdERKNS_15Mission_CommandE @ 0x770050
AUTO: _ZN10AP_Mission23advance_current_nav_cmdEt @ 0x770100
AUTO: _ZN10AP_Mission8completeEv @ 0x7704b0
AUTO: _ZN10AP_Mission13start_commandERKNS_15Mission_CommandE @ 0x770520
AUTO: _ZN9AP_Logger10Write_MISEERK10AP_MissionRKNS0_15Mission_CommandE @ 0xaf0cf0
AUTO: _ZNK10AP_Mission19is_landing_type_cmdEt @ 0x7709d0
AUTO: _ZNK10AP_Mission19is_takeoff_type_cmdEt @ 0x770a80
AUTO: _ZNK10AP_Mission15Mission_Command4typeEv @ 0x770b10
AUTO: _ZNK7FunctorIbJRKN10AP_Mission15Mission_CommandEEEclES3_ @ 0xaf0d70
AUTO: _ZN19AP_ServoRelayEvents13update_eventsEv @ 0x773f30
AUTO: _ZN9AP_Logger17Write_Mission_CmdERK10AP_MissionRKNS0_15Mission_CommandE11LogMessages @ 0x7740c0
AUTO: _ZN17AP_Logger_Backend17Write_Mission_CmdERK10AP_MissionRKNS0_15Mission_CommandE11LogMessages @ 0x774180
AUTO: _ZN10AP_Mission6resumeEv @ 0x774e70
AUTO: _ZN10AP_Mission5startEv @ 0x7750a0
AUTO: _ZN10AP_Mission16get_next_nav_cmdEtRNS_15Mission_CommandE @ 0x775470
AUTO: _ZNK9AP_Motors16get_thrust_boostEv @ 0xaf16b0
AUTO: _ZNK20AP_MotorsMulticopter18get_pwm_output_minEv @ 0xaf1910
AUTO: _ZNK20AP_MotorsMulticopter18get_pwm_output_maxEv @ 0xaf1970
AUTO: _ZNK9AP_Motors13get_interlockEv @ 0xaf1f20
AUTO: _ZNK9AP_Motors8get_rollEv @ 0xaf1fd0
AUTO: _ZNK9AP_Motors11get_roll_ffEv @ 0xaf2020
AUTO: _ZNK9AP_Motors9get_pitchEv @ 0xaf2070
AUTO: _ZNK9AP_Motors12get_pitch_ffEv @ 0xaf20c0
AUTO: _ZNK9AP_Motors7get_yawEv @ 0xaf2110
AUTO: _ZNK9AP_Motors10get_yaw_ffEv @ 0xaf2160
AUTO: _ZNK9AP_Motors12get_throttleEv @ 0xaf21b0
AUTO: _ZNK9AP_Motors15get_spool_stateEv @ 0xaf22c0
AUTO: _ZNK9AP_Follow11have_targetEv @ 0x77a9b0
AUTO: _ZN9AP_Follow13get_singletonEv @ 0xaf2310
AUTO: _ZNK6AC_PID12get_pid_infoEv @ 0xaf2490
AUTO: _ZNK18AC_AttitudeControl23get_att_error_angle_degEv @ 0xaf2520
AUTO: _ZL7degreesf.1032 @ 0x77b810
AUTO: _ZNK13AC_PosControl12is_active_NEEv @ 0x77c180
AUTO: _ZNK13AC_PosControl11is_active_UEv @ 0x77c200
AUTO: _ZNK12AP_Scheduler7ticks32Ev @ 0xaf25c0
AUTO: _ZN12AP_Scripting19is_handling_commandEt @ 0x780c20
AUTO: _ZNK10RC_Channel10norm_inputEv @ 0x7a12b0
AUTO: _ZNK7Vector3IfE6is_infEv @ 0xaf3200
AUTO: _ZN7Vector2IfE9normalizeEv @ 0xaf3530
AUTO: _ZN7Vector2IfEdVEf @ 0xaf3590
AUTO: _ZNK7Vector2IfE6is_infEv @ 0xaf3610
AUTO: _ZN11QuaternionTIfE15from_axis_angleERK7Vector3IfEf @ 0xaf37b0
AUTO: _ZL3MAXIjjEDTqugtfp_fp0_fp_fp0_ERKT_RKT0_.6253 @ 0x7b3860
AUTO: _ZN9AP_Logger19file_content_updateEv @ 0x7b3a60
AUTO: _ZN9AP_Logger19file_content_updateERNS_11FileContentE @ 0x7b3bc0
AUTO: _ZN17AP_Logger_Backend13Write_MessageEPKc @ 0x7b4400
AUTO: _ZN17AP_Logger_Backend14periodic_tasksEv @ 0x7b6420
AUTO: _ZNK17AP_Logger_Backend13StartNewLogOKEv @ 0x7b6810
AUTO: _ZN17AP_Logger_Backend24WriteMoreStartupMessagesEv @ 0x7b68f0
AUTO: _ZNK17AP_Logger_Backend15logging_enabledEv @ 0x7b8910
AUTO: _ZN17AP_Logger_Backend13periodic_10HzEj @ 0x7b8a40
AUTO: _ZN17AP_Logger_Backend12periodic_1HzEv @ 0x7b8a90
AUTO: _ZN17AP_Logger_Backend15push_log_blocksEv @ 0x7b8b20
AUTO: _ZN17AP_Logger_Backend12df_stats_logEv @ 0x7b8b80
AUTO: _ZN17AP_Logger_Backend26Write_AP_Logger_Stats_FileERKNS_8df_statsE @ 0x7b8bf0
AUTO: _ZN17AP_Logger_Backend14df_stats_clearEv @ 0x7b8d00
AUTO: _ZNK17AP_Logger_Backend31critical_message_reserved_spaceEj @ 0xaf56e0
AUTO: _ZN17AP_Logger_Backend15df_stats_gatherEtj @ 0x7bb1d0
AUTO: _ZNK14AP_Logger_File15logging_startedEv @ 0xaf5b70
AUTO: _ZN14AP_Logger_File21bufferspace_availableEv @ 0x7bded0
AUTO: _ZNK14AP_Logger_File14logging_failedEv @ 0x7be4e0
AUTO: _ZN14AP_Logger_File8io_timerEv @ 0x7be5a0
AUTO: _ZN14AP_Logger_File12periodic_1HzEv @ 0x7beb70
AUTO: _ZN14AP_Logger_File17periodic_fullrateEv @ 0x7bee20
AUTO: _ZNK14AP_Logger_File8WritesOKEv @ 0x7bee70
AUTO: _ZNK14AP_Logger_File13StartNewLogOKEv @ 0x7bef00
AUTO: _ZN14AP_Logger_File22_WritePrioritisedBlockEPKvtb @ 0x7bf0b0
AUTO: _ZN7AP_AHRS6updateEb @ 0x7bf320
AUTO: _ZN7AP_AHRS18update_orientationEv @ 0x7bf660
AUTO: _ZN17AP_InertialSensor6updateEv @ 0x7bf760
AUTO: _ZN7AP_AHRS29update_trim_rotation_matricesEv @ 0x7bfdd0
AUTO: _ZN7AP_AHRS10update_DCMEv @ 0x7bfee0
AUTO: _ZN7AP_AHRS12update_flagsEv @ 0x7bff80
AUTO: _ZN7AP_AHRS11update_SITLEv @ 0x7c0040
AUTO: _ZN7AP_AHRS15update_externalEv @ 0x7c00f0
AUTO: _ZN7AP_AHRS11update_EKF2Ev @ 0x7c0210
AUTO: _ZN7AP_AHRS11update_EKF3Ev @ 0x7c0700
AUTO: _ZNK7AP_AHRS14get_gyro_driftEv @ 0xaf5bd0
AUTO: _ZN12AP_AHRS_View6updateEv @ 0x7c0c40
AUTO: _ZN7AP_AHRS14update_AOA_SSAEv @ 0x7c0ef0
AUTO: _ZNK7AP_AHRS16_active_EKF_typeEv @ 0x7c0f40
AUTO: _ZN7AP_AHRS12update_stateEv @ 0x7c1470
AUTO: _ZNK7AP_AHRS23_get_primary_gyro_indexEv @ 0x7c1710
AUTO: _ZNK7AP_AHRS23_get_primary_core_indexEv @ 0x7c17c0
AUTO: _ZNK7AP_AHRS14_wind_estimateER7Vector3IfE @ 0x7c1890
AUTO: _ZN15AP_AHRS_Backend11get_EAS2TASEv @ 0x7c19c0
AUTO: _ZNK7AP_AHRS13_airspeed_EASERfRNS_20AirspeedEstimateTypeE @ 0x7c1a00
AUTO: _ZNK7AP_AHRS13_airspeed_TASERf @ 0x7c1f80
AUTO: _ZNK7AP_AHRS13_airspeed_TASER7Vector3IfE @ 0x7c2090
AUTO: _ZNK7AP_AHRS15_get_quaternionER11QuaternionTIfE @ 0x7c2170
AUTO: _ZNK7AP_AHRS23_get_secondary_attitudeER7Vector3IfE @ 0x7c2330
AUTO: _ZNK7AP_AHRS25_get_secondary_quaternionER11QuaternionTIfE @ 0x7c2530
AUTO: _ZNK7AP_AHRS13_get_locationER8Location @ 0x7c26e0
AUTO: _ZNK7AP_AHRS23_get_secondary_positionER8Location @ 0x7c2860
AUTO: _ZN7AP_AHRS19_groundspeed_vectorEv @ 0x7c29b0
AUTO: _ZN7AP_AHRS12_groundspeedEv @ 0x7c2ae0
AUTO: _ZNK7AP_AHRS29_getCorrectedDeltaVelocityNEDER7Vector3IfERf @ 0x7c2bb0
AUTO: _ZNK7AP_AHRS17_get_velocity_NEDER7Vector3IfE @ 0x7c2e40
AUTO: _ZNK7NavEKF39getVelNEDER7Vector3IfE @ 0x7c3000
AUTO: _ZNK12NavEKF3_core9getVelNEDER7Vector3IfE @ 0x7c3330
AUTO: _ZNK7NavEKF312getAccelBiasEaR7Vector3IfE @ 0x7c3520
AUTO: _ZNK17AP_InertialSensor18get_delta_velocityEhR7Vector3IfERf @ 0x7c35f0
AUTO: _ZNK7AP_AHRS43get_rotation_autopilot_body_to_vehicle_bodyEv @ 0xaf5cc0
AUTO: _ZNK17AP_InertialSensor14get_delta_timeEv @ 0xaf5d10
AUTO: _ZL3MINIffEDTqultfp_fp0_fp_fp0_ERKT_RKT0_.3694 @ 0x7c37a0
AUTO: _ZL3MINIffEDTqultfp_fp0_fp_fp0_ERKT_RKT0_.2119 @ 0x7c3830
AUTO: _ZNK12NavEKF3_core12getAccelBiasER7Vector3IfE @ 0x7c38c0
AUTO: _ZL7radiansf.2107 @ 0x7c3fb0
AUTO: _ZN7Vector2IfEmLEf @ 0xaf5e80
AUTO: _ZNK7AP_AHRS23_get_secondary_EKF_typeERNS_7EKFTypeE @ 0x7c4000
AUTO: _ZNK7NavEKF36getLLHER8Location @ 0x7c41f0
AUTO: _ZNK12NavEKF3_core6getLLHER8Location @ 0x7c4290
AUTO: _ZNK7AP_AHRS24fallback_active_EKF_typeEv @ 0x7c4860
AUTO: _ZNK11AP_AHRS_DCM14get_quaternionER11QuaternionTIfE @ 0x7c48b0
AUTO: _ZNK7NavEKF313getQuaternionER11QuaternionTIfE @ 0x7c49b0
AUTO: _ZN11QuaternionTIfE6rotateERK7Vector3IfE @ 0xaf5ff0
AUTO: _ZN11QuaternionTIfE15from_axis_angleE7Vector3IfE @ 0xaf60a0
AUTO: _ZN15AP_ExternalAHRS14get_quaternionER11QuaternionTIfE @ 0x7c4ab0
AUTO: _ZNK12NavEKF3_core13getQuaternionER11QuaternionTIfE @ 0x7c4b60
AUTO: _ZNK11QuaternionTIdE7tofloatEv @ 0xaf6180
AUTO: _ZNK7NavEKF314getEulerAnglesER7Vector3IfE @ 0x7c4d10
AUTO: _ZNK7NavEKF312getAirSpdVecER7Vector3IfE @ 0x7c4ef0
AUTO: _ZNK12NavEKF3_core12getAirSpdVecER7Vector3IfE @ 0x7c4f90
AUTO: _ZNK11QuaternionTIdE7inverseEv @ 0xaf6200
AUTO: _ZNK7AP_AHRS25get_active_airspeed_indexEv @ 0x7c5390
AUTO: _ZNK7AP_AHRS27_should_use_airspeed_sensorEh @ 0x7c5490
AUTO: _ZNK7AP_AHRS27get_wind_estimation_enabledEv @ 0xaf62b0
AUTO: _ZNK7NavEKF37getWindER7Vector3IfE @ 0x7c57a0
AUTO: _ZNK12NavEKF3_core7getWindER7Vector3IfE @ 0x7c58c0
AUTO: _ZN15AP_AHRS_Backend23airspeed_sensor_enabledEh @ 0xaf6370
AUTO: _ZNK7AP_AHRS23airspeed_sensor_enabledEh @ 0xaf6450
AUTO: _ZNK7NavEKF317getActiveAirspeedEv @ 0x7c5a90
AUTO: _ZNK12NavEKF3_core17getActiveAirspeedEv @ 0x7c5b20
AUTO: _ZNK7AP_Baro12_get_EAS2TASEv @ 0x7c5b70
AUTO: _ZNK7AP_Baro20get_EAS2TAS_extendedEf @ 0x7c5be0
AUTO: _ZNK7NavEKF319getPrimaryCoreIndexEv @ 0x7c5eb0
AUTO: _ZNK7NavEKF315getFilterFaultsERt @ 0x7c5fc0
AUTO: _ZNK16AP_NavEKF_Source14getPosXYSourceEh @ 0xaf6610
AUTO: _ZL7degreesf.18358 @ 0x7c61b0
AUTO: _ZNK7AP_AHRS9calc_trigERK7Matrix3IfERfS4_S4_S4_S4_S4_ @ 0x7c6200
AUTO: _ZNK9AP_Logger15allow_start_ekfEv @ 0x7c65f0
AUTO: _ZN7NavEKF312UpdateFilterEv @ 0x7c6cc0
AUTO: _ZNK7NavEKF320getRotationBodyToNEDER7Matrix3IfE @ 0x7c7290
AUTO: _ZN7AP_AHRS16update_cd_valuesEv @ 0x7c7320
AUTO: _ZN7AP_AHRS11update_trigEv @ 0x7c7460
AUTO: _ZNK17AP_InertialSensor22get_first_usable_accelEv @ 0xaf6690
AUTO: _ZNK7NavEKF311getGyroBiasEaR7Vector3IfE @ 0x7c7540
AUTO: _ZN7AP_AHRS32update_notify_from_filter_statusERK17nav_filter_status @ 0x7c7610
AUTO: _ZNK12NavEKF3_core11getGyroBiasER7Vector3IfE @ 0x7c76c0
AUTO: _ZL7degreesf.2051 @ 0x7c77a0
AUTO: _ZN6AP_DAL11start_frameENS_9FrameTypeE @ 0x7c77f0
AUTO: _ZNK6AP_DAL8micros64Ev @ 0xaf66e0
AUTO: _ZNK12NavEKF3_core21getFramesSincePredictEv @ 0x7c7cd0
AUTO: _ZN6AP_DAL22ekf_low_time_remainingENS_7EKFTypeEh @ 0x7c7d30
AUTO: _ZN12NavEKF3_core12UpdateFilterEb @ 0x7c7e70
AUTO: _ZNK6AP_DAL9get_armedEv @ 0xaf6730
AUTO: _ZN7NavEKF321updateCoreErrorScoresEv @ 0x7c80a0
AUTO: _ZN7NavEKF324updateCoreRelativeErrorsEv @ 0x7c8160
AUTO: _ZNK7NavEKF315coreBetterScoreEhh @ 0x7c8300
AUTO: _ZN16AP_NavEKF_Source22align_inactive_sourcesEv @ 0x7c8500
AUTO: _ZNK16AP_NavEKF_Source13getPosZSourceEh @ 0x7c87b0
AUTO: _ZNK7AP_EnumIN16AP_NavEKF_Source7SourceZEEcvKS1_Ev @ 0xaf6810
AUTO: _ZL3MAXI9AP_ParamTIfL11ap_var_type4EEfEDTqugtfp_fp0_fp_fp0_ERKT_RKT0_.4508 @ 0x7c8990
AUTO: _ZN18NavEKF_core_common22fill_scratch_variablesEv @ 0x7c8a20
AUTO: _ZN12NavEKF3_core23update_sensor_selectionEv @ 0x7c8ac0
AUTO: _ZN12NavEKF3_core18controlFilterModesEv @ 0x7c8b30
AUTO: _ZN12NavEKF3_core11readIMUDataEb @ 0x7c8c00
AUTO: _ZN12NavEKF3_core27UpdateStrapdownEquationsNEDEv @ 0x7c94d0
AUTO: _ZN12NavEKF3_core20CovariancePredictionEP7Vector3IdE @ 0x7c99b0
AUTO: _ZN12NavEKF3_core25runYawEstimatorPredictionEv @ 0x7d41a0
AUTO: _ZN12NavEKF3_core15SelectMagFusionEv @ 0x7d4300
AUTO: _ZN12NavEKF3_core18SelectVelPosFusionEv @ 0x7d5030
AUTO: _ZN12NavEKF3_core25runYawEstimatorCorrectionEv @ 0x7d59f0
AUTO: _ZN12NavEKF3_core18SelectRngBcnFusionEv @ 0x7d5be0
AUTO: _ZN12NavEKF3_core16SelectFlowFusionEv @ 0x7d5d10
AUTO: _ZN12NavEKF3_core20SelectBodyOdomFusionEv @ 0x7d5ff0
AUTO: _ZN12NavEKF3_core15SelectTasFusionEv @ 0x7d62a0
AUTO: _ZN12NavEKF3_core20SelectBetaDragFusionEv @ 0x7d63a0
AUTO: _ZN12NavEKF3_core18updateFilterStatusEv @ 0x7d6660
AUTO: _ZN12NavEKF3_core13moveEKFOriginEv @ 0x7d6fa0
AUTO: _ZN12NavEKF3_core21checkUpdateEarthFieldEv @ 0x7d7150
AUTO: _ZN12NavEKF3_core16calcOutputStatesEv @ 0x7d7210
AUTO: _ZN12NavEKF3_core11readMagDataEv @ 0x7d8560
AUTO: _ZN12NavEKF3_core11readGpsDataEv @ 0x7d8a70
AUTO: _ZN12NavEKF3_core14readGpsYawDataEv @ 0x7d9400
AUTO: _ZN12NavEKF3_core12readBaroDataEv @ 0x7d9530
AUTO: _ZN6AP_DAL3insEv @ 0xaf68c0
AUTO: _ZNK21AP_DAL_InertialSensor9get_accelEh @ 0xaf6910
AUTO: _ZL2sqf.4910 @ 0x7db560
AUTO: _ZNK16AP_NavEKF_Source13useVelZSourceENS_7SourceZEh @ 0x7db6d0
AUTO: _ZNK12NavEKF3_core26CorrectGPSForAntennaOffsetERNS_12gps_elementsE @ 0x7db800
AUTO: _ZNK10AP_DAL_GPS18get_antenna_offsetEh @ 0xaf6be0
AUTO: _ZNK7Vector3IdErmERKS0_ @ 0xaf6c50
AUTO: _ZNK7Matrix3IdE13mul_transposeERK7Vector3IdE @ 0xaf6d30
AUTO: _ZN7Vector3IdEdVEd @ 0xaf6e40
AUTO: _ZNK21AP_DAL_InertialSensor16get_loop_delta_tEv @ 0xaf6ed0
AUTO: _ZNK14AP_DAL_Compass16get_first_usableEv @ 0xaf72f0
AUTO: _ZNK11AP_DAL_Baro15get_last_updateEh @ 0xaf7560
AUTO: _ZNK11AP_DAL_Baro12get_altitudeEh @ 0xaf75d0
AUTO: _ZN16EKF_obs_buffer_tIN12NavEKF3_core13baro_elementsEE4pushERKS1_ @ 0xaf7640
AUTO: _ZNK10AP_DAL_GPS11gps_yaw_degEhRfS0_Rj @ 0xaf76b0
AUTO: _ZL3MAXIfdEDTqugtfp_fp0_fp_fp0_ERKT_RKT0_ @ 0x7dc200
AUTO: _ZNK10AP_DAL_GPS20last_message_time_msEh @ 0xaf77d0
AUTO: _ZNK10AP_DAL_GPS7get_lagEhRf @ 0xaf7840
AUTO: _ZL3MINIjjEDTqultfp_fp0_fp_fp0_ERKT_RKT0_.4728 @ 0x7dc400
AUTO: _ZNK10AP_DAL_GPS8velocityEh @ 0xaf78f0
AUTO: _ZNK10AP_DAL_GPS22have_vertical_velocityEh @ 0xaf7960
AUTO: _ZNK10AP_DAL_GPS14speed_accuracyEhRf @ 0xaf79e0
AUTO: _ZL3MAXIdfEDTqugtfp_fp0_fp_fp0_ERKT_RKT0_.4723 @ 0x7dc480
AUTO: _ZL3MINIdfEDTqultfp_fp0_fp_fp0_ERKT_RKT0_ @ 0x7dc520
AUTO: _ZL3MAXId9AP_ParamTIfL11ap_var_type4EEEDTqugtfp_fp0_fp_fp0_ERKT_RKT0_ @ 0x7dc5c0
AUTO: _ZNK10AP_DAL_GPS19horizontal_accuracyEhRf @ 0xaf7a90
AUTO: _ZNK10AP_DAL_GPS17vertical_accuracyEhRf @ 0xaf7b40
AUTO: _ZNK10AP_DAL_GPS8num_satsEh @ 0xaf7bf0
AUTO: _ZN12NavEKF3_core18calcGpsGoodToAlignEv @ 0x7dc670
AUTO: _ZN12NavEKF3_core20calcGpsGoodForFlightEv @ 0x7dd5d0
AUTO: _ZN16EKF_obs_buffer_tIN12NavEKF3_core12gps_elementsEE4pushERKS1_ @ 0xaf7c60
AUTO: _ZL3MAXIddEDTqugtfp_fp0_fp_fp0_ERKT_RKT0_.4888 @ 0x7dda90
AUTO: _ZL3MINIdfEDTqultfp_fp0_fp_fp0_ERKT_RKT0_.4875 @ 0x7ddb10
AUTO: _ZNK10AP_DAL_GPS8get_hdopEh @ 0xaf7cd0
AUTO: _ZNK14AP_DAL_Compass9get_countEv @ 0xaf7d40
AUTO: _ZNK14AP_DAL_Compass21learn_offsets_enabledEv @ 0xaf7d90
AUTO: _ZNK14AP_DAL_Compass16last_update_usecEh @ 0xaf7df0
AUTO: _ZNK7Vector3IdEneERKS0_ @ 0xaf7e60
AUTO: _ZN12NavEKF3_core12mag_elementsC2Ev @ 0xaf7f30
AUTO: _ZNK14AP_DAL_Compass9get_fieldEh @ 0xaf7f90
AUTO: _ZNK14AP_DAL_Compass10consistentEv @ 0xaf8000
AUTO: _ZN16EKF_obs_buffer_tIN12NavEKF3_core12mag_elementsEE4pushERKS1_ @ 0xaf8060
AUTO: _Z8is_equalIddENSt3__19enable_ifIXsr3std17is_floating_pointINS0_11common_typeIJT_T0_EE4typeEEE5valueEbE4typeES3_S4_ @ 0xaf80d0
AUTO: _ZN12NavEKF3_core17correctDeltaAngleER7Vector3IdEdh @ 0x7dddf0
AUTO: _ZN12NavEKF3_core20correctDeltaVelocityER7Vector3IdEdh @ 0x7ddeb0
AUTO: _ZN11QuaternionTIdEC2Ev @ 0xaf8150
AUTO: _ZN11QuaternionTIdE15from_axis_angleE7Vector3IdE @ 0xaf81c0
AUTO: _ZN11QuaternionTIdEmLERKS0_ @ 0xaf8280
AUTO: _ZNK11QuaternionTIdE15rotation_matrixER7Matrix3IdE @ 0xaf8420
AUTO: _ZNK21AP_DAL_InertialSensor8get_gyroEh @ 0xaf8610
AUTO: _ZNK7Vector3IdEngEv @ 0xaf8680
AUTO: _ZNK6AP_DAL20get_takeoff_expectedEv @ 0xaf8720
AUTO: _ZN16EKF_IMU_buffer_tIN12NavEKF3_core12imu_elementsEE18get_youngest_indexEv @ 0xaf8790
AUTO: _ZN16EKF_IMU_buffer_tIN12NavEKF3_core12imu_elementsEE16get_oldest_indexEv @ 0xaf87f0
AUTO: _ZNK11QuaternionTIdEdvERKS0_ @ 0xaf8850
AUTO: _ZN11QuaternionTIdEixEh @ 0xaf8a70
AUTO: _ZL3MAXIddEDTqugtfp_fp0_fp_fp0_ERKT_RKT0_.4938 @ 0x7ddfd0
AUTO: _ZN12NavEKF3_core15output_elementsC2Ev @ 0xaf8ae0
AUTO: _ZNK14ekf_imu_buffer16get_oldest_indexEv @ 0xaf8b60
AUTO: _ZNK14ekf_imu_buffer18get_youngest_indexEv @ 0xaf8bb0
AUTO: _ZN7AP_AHRS20set_takeoff_expectedEb @ 0x7de050
AUTO: _ZN11QuaternionTIdE15from_axis_angleERK7Vector3IdEd @ 0xaf8c00
AUTO: _ZNK6AP_DAL22get_touchdown_expectedEv @ 0xaf8d20
AUTO: _ZNK6AP_DAL11get_EAS2TASEv @ 0xaf8e00
AUTO: _ZN7Vector3IdEixEh @ 0xaf8ec0
AUTO: _ZNK7Vector3IdEixEh @ 0xaf8f30
AUTO: _ZN7Vector2IdEixEh @ 0xaf8fa0
AUTO: _ZN15ekf_ring_buffer6recallEPvj @ 0x7e4b30
AUTO: _ZNK15ekf_ring_buffer7time_msEh @ 0x7e4c90
AUTO: _ZN12NavEKF3_core14readAirSpdDataEv @ 0x7e4d00
AUTO: _ZNK12NavEKF3_core11useAirspeedEv @ 0x7e69d0
AUTO: _ZNK6AP_DAL23airspeed_sensor_enabledEv @ 0xaf92c0
AUTO: _ZN16EKF_obs_buffer_tIN12NavEKF3_core16vel_odm_elementsEE6recallERS1_j @ 0xaf9330
AUTO: _ZN16EKF_obs_buffer_tIN12NavEKF3_core18wheel_odm_elementsEE6recallERS1_j @ 0xaf93b0
AUTO: _ZN12NavEKF3_core11of_elementsC2Ev @ 0xaf9430
AUTO: _ZN16EKF_obs_buffer_tIN12NavEKF3_core11of_elementsEE6recallERS1_j @ 0xaf94c0
AUTO: _ZNK7Vector2IdEixEh @ 0xaf9540
AUTO: _ZN12NavEKF3_core14readRngBcnDataEv @ 0x7f3900
AUTO: _ZN10EKFGSF_yaw11fuseVelDataERK7Vector2IdEd @ 0x7f75b0
AUTO: _ZNK12NavEKF3_core13EKFGSF_getYawERdS0_ @ 0x7f79b0
AUTO: _ZN7Matrix3IdEixEh @ 0xafa590
AUTO: _ZNK10EKFGSF_yaw10getYawDataERdS0_Ph @ 0x7f8320
AUTO: _ZL7radiansf.4691 @ 0x7f8400
AUTO: _ZL2sqf.4689 @ 0x7f8450
AUTO: _ZNK10EKFGSF_yaw17getVelInnovLengthERd @ 0x7f84a0
AUTO: _ZN10EKFGSF_yaw7correctEhRK7Vector2IdEd @ 0x7f89c0
AUTO: _ZNK10EKFGSF_yaw15gaussianDensityEh @ 0x7f9d80
AUTO: _ZL3MAXIdfEDTqugtfp_fp0_fp_fp0_ERKT_RKT0_.4194 @ 0x7fa100
AUTO: _ZN10EKFGSF_yaw13forceSymmetryEh @ 0x7fa1a0
AUTO: _ZN16EKF_obs_buffer_tIN12NavEKF3_core16ext_nav_elementsEE6recallERS1_j @ 0xafa700
AUTO: _ZN16EKF_obs_buffer_tIN12NavEKF3_core20ext_nav_vel_elementsEE6recallERS1_j @ 0xafa780
AUTO: _ZNK12NavEKF3_core35CalculateVelInnovationsAndVariancesERK7Vector3IdEddRS1_S4_ @ 0x7fa6d0
AUTO: _ZN16EKF_obs_buffer_tIN12NavEKF3_core12gps_elementsEE6recallERS1_j @ 0xafa800
AUTO: _ZN12NavEKF3_core21selectHeightForFusionEv @ 0x7fad10
AUTO: _ZN12NavEKF3_core13FuseVelPosNEDEv @ 0x7fc210
AUTO: _ZL3MAXIdfEDTqugtfp_fp0_fp_fp0_ERKT_RKT0_.4863 @ 0x7fe560
AUTO: _ZL3MAXI9AP_ParamTIfL11ap_var_type4EEfEDTqugtfp_fp0_fp_fp0_ERKT_RKT0_.4864 @ 0x7fe600
AUTO: _ZN12NavEKF3_core15readRangeFinderEv @ 0x7fe690
AUTO: _ZN16EKF_obs_buffer_tIN12NavEKF3_core14range_elementsEE6recallERS1_j @ 0xafa880
AUTO: _ZN16EKF_obs_buffer_tIN12NavEKF3_core13baro_elementsEE6recallERS1_j @ 0xafa950
AUTO: _ZL3MAXIddEDTqugtfp_fp0_fp_fp0_ERKT_RKT0_.4712 @ 0x7ff260
AUTO: _ZL3MAXI9AP_ParamTIfL11ap_var_type4EEfEDTqugtfp_fp0_fp_fp0_ERKT_RKT0_.4701 @ 0x7ff430
AUTO: _ZN16EKF_obs_buffer_tIN12NavEKF3_core12yaw_elementsEE6recallERS1_j @ 0xafabe0
AUTO: _ZN16EKF_obs_buffer_tIN12NavEKF3_core12mag_elementsEE6recallERS1_j @ 0xafac60
AUTO: _ZN12NavEKF3_core18controlMagYawResetEv @ 0x801460
AUTO: _ZN12NavEKF3_core16FuseMagnetometerEv @ 0x801a70
AUTO: _ZN7Matrix3IdEC2Eddddddddd @ 0xaface0
AUTO: _ZNK7Matrix3IdEixEh @ 0xafae30
AUTO: _ZL3MAXIdfEDTqugtfp_fp0_fp_fp0_ERKT_RKT0_.4699 @ 0x8082b0
AUTO: _ZN12NavEKF3_core17MagTableConstrainEv @ 0x808350
AUTO: _ZNK11QuaternionTIdE13to_axis_angleER7Vector3IdE @ 0xafaea0
AUTO: _ZN10EKFGSF_yaw6updateERK7Vector3IdES3_ddbd @ 0x808ad0
AUTO: _ZN10EKFGSF_yaw7predictEh @ 0x809560
AUTO: _ZN10EKFGSF_yaw11predictAHRSEh @ 0x80a0b0
AUTO: _ZL7radiansf.4192 @ 0x80a630
AUTO: _ZL2sqf.4193 @ 0x80a680
AUTO: _ZNK10EKFGSF_yaw12updateRotMatERK7Matrix3IdERK7Vector3IdE @ 0x80a6d0
AUTO: _ZN12NavEKF3_core21calcTiltErrorVarianceEv @ 0x80afb0
AUTO: _ZN12NavEKF3_core23verifyTiltErrorVarianceEv @ 0x80b690
AUTO: _ZL3MINIffEDTqultfp_fp0_fp_fp0_ERKT_RKT0_.4930 @ 0x80ba90
AUTO: _ZN11QuaternionTIdE6rotateERK7Vector3IdE @ 0xafb460
AUTO: _ZN12NavEKF3_core15ConstrainStatesEv @ 0x80bb20
AUTO: _ZNK21AP_DAL_InertialSensor9use_accelEh @ 0xafb520
AUTO: _ZNK21AP_DAL_InertialSensor8use_gyroEh @ 0xafb5f0
AUTO: _ZN12NavEKF3_core19learnInactiveBiasesEv @ 0x80bf60
AUTO: _ZN12NavEKF3_core19updateMovementCheckEv @ 0x80c4d0
AUTO: _ZN12NavEKF3_core17readDeltaVelocityEhR7Vector3IdERd @ 0x80cd70
AUTO: _ZNK21AP_DAL_InertialSensor18get_imu_pos_offsetEh @ 0xafb6c0
AUTO: _ZN12NavEKF3_core14readDeltaAngleEhR7Vector3IdERd @ 0x80cec0
AUTO: _ZN16EKF_IMU_buffer_tIN12NavEKF3_core12imu_elementsEE21push_youngest_elementES1_ @ 0xafb730
AUTO: _ZN12NavEKF3_core14SampleDragDataERKNS_12imu_elementsE @ 0x80cfe0
AUTO: _ZN16EKF_IMU_buffer_tIN12NavEKF3_core12imu_elementsEE18get_oldest_elementEv @ 0xafb790
AUTO: _ZN12NavEKF3_core22updateTimingStatisticsEv @ 0x80d290
AUTO: _ZL3MINIfdEDTqultfp_fp0_fp_fp0_ERKT_RKT0_.4724 @ 0x80d540
AUTO: _ZN12NavEKF3_core12imu_elementsC2Ev @ 0xafb810
AUTO: _ZN14ekf_imu_buffer18get_oldest_elementEPv @ 0x80d5e0
AUTO: _ZN14ekf_imu_buffer21push_youngest_elementEPKv @ 0x80d6a0
AUTO: _ZNK21AP_DAL_InertialSensor14get_gyro_countEv @ 0xafb8f0
AUTO: _ZNK21AP_DAL_InertialSensor15get_delta_angleEhR7Vector3IfERf @ 0xafb940
AUTO: _ZNK21AP_DAL_InertialSensor15get_accel_countEv @ 0xafba40
AUTO: _ZNK21AP_DAL_InertialSensor18get_delta_velocityEhR7Vector3IfERf @ 0xafba90
AUTO: _ZL7radiansi.4726 @ 0x80d790
AUTO: _ZN12NavEKF3_core12detectFlightEv @ 0x80d7f0
AUTO: _ZN12NavEKF3_core27setWindMagStateLearningModeEv @ 0x80dcb0
AUTO: _ZN12NavEKF3_core28checkAttitudeAlignmentStatusEv @ 0x80e550
AUTO: _ZN12NavEKF3_core13setAidingModeEv @ 0x80e660
AUTO: _ZN12NavEKF3_core12setYawSourceEv @ 0x80f5d0
AUTO: _ZN12NavEKF3_core18checkGyroCalStatusEv @ 0x80f6a0
AUTO: _ZL3MINIttEDTqultfp_fp0_fp_fp0_ERKT_RKT0_ @ 0x80fd80
AUTO: _ZL7radiansd.4644 @ 0x80fe00
AUTO: _ZN12NavEKF3_core19updateStateIndexLimEv @ 0x80fef0
AUTO: _ZNK6AP_DAL18get_time_flying_msEv @ 0xafbb80
AUTO: _ZN12NavEKF3_core20update_gps_selectionEv @ 0x8100e0
AUTO: _ZN12NavEKF3_core20update_mag_selectionEv @ 0x8101e0
AUTO: _ZN12NavEKF3_core21update_baro_selectionEv @ 0x810320
AUTO: _ZN12NavEKF3_core25update_airspeed_selectionEv @ 0x810400
AUTO: _ZNK11AP_DAL_Baro11get_primaryEv @ 0xafbc20
AUTO: _Z9fill_nanfPdt @ 0x810510
AUTO: _ZNK17AP_InertialSensor20get_last_update_usecEv @ 0xafbce0
AUTO: _ZNK17AP_InertialSensor16get_loop_delta_tEv @ 0xafbd30
AUTO: _ZNK7AP_AHRS17get_vehicle_classEv @ 0xafbd80
AUTO: _ZNK7AP_AHRS20get_takeoff_expectedEv @ 0xafbdd0
AUTO: _ZNK7AP_AHRS22get_touchdown_expectedEv @ 0xafbe30
AUTO: _ZNK7AP_AHRS8get_trimEv @ 0xafbe90
AUTO: _ZN2AP12wheelencoderEv @ 0x810930
AUTO: _ZNK7AP_AHRS43get_rotation_vehicle_body_to_autopilot_bodyEv @ 0xafbf40
AUTO: _ZN21AP_DAL_InertialSensor11start_frameEv @ 0x810970
AUTO: _ZN11AP_DAL_Baro11start_frameEv @ 0x810bf0
AUTO: _ZN10AP_DAL_GPS11start_frameEv @ 0x810d60
AUTO: _ZN14AP_DAL_Compass11start_frameEv @ 0x811160
AUTO: _ZNK9AP_Beacon7enabledEv @ 0x811c10
AUTO: _ZNK9AP_Beacon12device_readyEv @ 0x811f50
AUTO: _ZNK7AP_EnumIN9AP_Beacon4TypeEEcvKS1_Ev @ 0xafbff0
AUTO: _ZNK7Compass24auto_declination_enabledEv @ 0xafc140
AUTO: _ZNK7Compass15get_declinationEv @ 0x8120c0
AUTO: _ZNK7Compass15get_num_enabledEv @ 0x812120
AUTO: _ZNK7Compass16get_first_usableEv @ 0xafc1b0
AUTO: _ZNK7Compass21learn_offsets_enabledEv @ 0xafc200
AUTO: _ZNK7Compass17have_scale_factorEh @ 0x8121e0
AUTO: _ZNK7Compass16last_update_usecEh @ 0xafc270
AUTO: _ZNK14typesafe_indexIh14TAG_StateIndexEgeERKh @ 0xafc2f0
AUTO: _ZNK7AP_Baro11get_primaryEv @ 0xafc360
AUTO: _ZNK7AP_Baro15get_last_updateEh @ 0xafc3b0
AUTO: _ZNK17AP_InertialSensor16get_loop_rate_hzEv @ 0xafc420
AUTO: _ZNK17AP_InertialSensor15get_delta_angleEhR7Vector3IfERf @ 0x812320
AUTO: _ZN21AP_DAL_InertialSensor15update_filteredEh @ 0x8124f0
AUTO: _ZNK17AP_InertialSensor18get_imu_pos_offsetEh @ 0xafc470
AUTO: _ZNK17AP_InertialSensor10_accel_posEh @ 0xafc4d0
AUTO: _ZN17AP_InertialSensor10_accel_posEh @ 0xafc530
AUTO: _ZN15AP_WheelEncoder13get_singletonEv @ 0xafc5a0
AUTO: _ZN7NavEKF216InitialiseFilterEv @ 0x814f80
AUTO: _ZNK6AP_DAL12get_ekf_typeEv @ 0xafed90
AUTO: _ZN16AP_AHRS_External6updateEv @ 0x848320
AUTO: _ZN16AP_AHRS_External11get_resultsERN15AP_AHRS_Backend9EstimatesE @ 0x848370
AUTO: _ZN7AP_AHRS37copy_estimates_from_backend_estimatesERKN15AP_AHRS_Backend9EstimatesE @ 0x8485c0
AUTO: _ZN15AP_ExternalAHRS6updateEv @ 0x8488a0
AUTO: _ZL7degreesf.10880 @ 0x848bd0
AUTO: _ZN11AP_AHRS_SIM6updateEv @ 0xaff950
AUTO: _ZN11AP_AHRS_SIM11get_resultsERN15AP_AHRS_Backend9EstimatesE @ 0x848c20
AUTO: _ZN11AP_AHRS_DCM6updateEv @ 0x849800
AUTO: _ZN11AP_AHRS_DCM11get_resultsERN15AP_AHRS_Backend9EstimatesE @ 0x849b20
AUTO: _ZN11AP_AHRS_DCM13matrix_updateEv @ 0x849c40
AUTO: _ZN11AP_AHRS_DCM9normalizeEv @ 0x849e90
AUTO: _ZN11AP_AHRS_DCM16drift_correctionEf @ 0x84a0b0
AUTO: _ZN11AP_AHRS_DCM12check_matrixEv @ 0x84b410
AUTO: _ZN11AP_AHRS_DCM15backup_attitudeEv @ 0x84b510
AUTO: _ZNK11AP_AHRS_DCM12get_error_rpEv @ 0xaffa10
AUTO: _ZNK11AP_AHRS_DCM13get_error_yawEv @ 0xaffa60
AUTO: _ZN7Matrix3IfE6is_nanEv @ 0xaffab0
AUTO: _ZN11AP_AHRS_DCM20drift_correction_yawEv @ 0x84ba00
AUTO: _ZNK6AP_GPS16last_fix_time_msEv @ 0xaffbc0
AUTO: _ZL3MAXIfiEDTqugtfp_fp0_fp_fp0_ERKT_RKT0_.2117 @ 0x84bf20
AUTO: _ZNK11AP_AHRS_DCM26should_correct_centrifugalEv @ 0x84bfc0
AUTO: _ZN11AP_AHRS_DCM10ra_delayedEhRK7Vector3IfE @ 0x84c020
AUTO: _ZNK17AP_InertialSensor7healthyEv @ 0xaffc20
AUTO: _ZN11AP_AHRS_DCM7_P_gainEf @ 0x84c120
AUTO: _ZNK11AP_AHRS_DCM14use_fast_gainsEv @ 0x84c200
AUTO: _ZL7radiansi.2118 @ 0x84c290
AUTO: _ZNK17AP_InertialSensor19get_gyro_drift_rateEv @ 0xaffca0
AUTO: _ZNK17AP_InertialSensor15get_gyro_healthEv @ 0xaffcf0
AUTO: _ZNK17AP_InertialSensor16get_accel_healthEv @ 0xaffd50
AUTO: _ZNK7Compass16last_update_usecEv @ 0xaffdb0
AUTO: _ZN7Compass4readEv @ 0x84c2f0
AUTO: _ZN11AP_AHRS_DCM17yaw_error_compassER7Compass @ 0x84c6c0
AUTO: _ZNK11AP_AHRS_DCM9_yaw_gainEv @ 0x84c840
AUTO: _ZNK7Matrix3IfE5mulXYERK7Vector3IfE @ 0xaffe10
AUTO: _ZNK7Vector2IfErmERKS0_ @ 0xaffee0
AUTO: _ZN7Compass15_detect_runtimeEv @ 0x84c9f0
AUTO: _ZN9AP_Logger13Write_CompassEv @ 0x84cd20
AUTO: _ZN19RestrictIDTypeArrayI9AP_ParamTIaL11ap_var_type1EELj3E14typesafe_indexIh12TAG_PriorityEEixERKS5_ @ 0xafff60
AUTO: _ZN9AP_Logger22Write_Compass_instanceEmh @ 0x84cdc0
AUTO: _ZNK7Compass17get_motor_offsetsEh @ 0xafffe0
AUTO: _ZN18AP_Compass_Backend25drain_accumulated_samplesEhPK7Vector3IfE @ 0x84ecf0
AUTO: _ZN18AP_Compass_Backend22publish_filtered_fieldERK7Vector3IfEh @ 0x84ee70
AUTO: _ZN11AP_AHRS_DCM6renormERK7Vector3IfERS1_ @ 0x84ef30
AUTO: _ZNK17AP_InertialSensor15get_delta_angleER7Vector3IfERf @ 0xb00800
AUTO: _ZNK7Vector3IfEeqERKS0_ @ 0xb00890
AUTO: _ZNK14AP_Logger_File17recent_open_errorEv @ 0x84f2e0
AUTO: _ZNK14AP_Logger_File15io_thread_aliveEv @ 0x84f370
AUTO: _ZN14AP_Logger_File16disk_space_availEv @ 0x84f700
AUTO: _ZL3MINIjjEDTqultfp_fp0_fp_fp0_ERKT_RKT0_.6378 @ 0x84f7e0
AUTO: _ZN13AP_Filesystem17bytes_until_fsyncEi @ 0x84f860
AUTO: _ZN13AP_Filesystem9disk_freeEPKc @ 0x84f8e0
AUTO: _ZN2AP4rssiEv @ 0x856b20
AUTO: _ZNK7AP_RSSI7enabledEv @ 0xb01140
AUTO: _ZN7AP_RSSI13get_singletonEv @ 0x857350
AUTO: _ZN13AP_CANManager20check_logging_enableEv @ 0x858310
AUTO: _ZN7FunctorIvJEE14method_wrapperI13AP_CANManagerXadL_ZNS2_20check_logging_enableEvEEEEvPv @ 0xb01770
AUTO: _ZNK13AP_CANManager15CANIface_Params13option_is_setENS0_7OptionsE @ 0xb01820
AUTO: _ZN9AP_Logger13Write_MessageEPKc @ 0x862f00
AUTO: _ZNK13AP_OADatabase7healthyEv @ 0xb0fa70
AUTO: _ZN13AP_OADatabase13get_singletonEv @ 0xb0fcf0
AUTO: _ZNK22AP_BattMonitor_Backend13option_is_setEN21AP_BattMonitor_Params7OptionsE @ 0xb13810
AUTO: _ZN22AP_BattMonitor_Backend15update_consumedERN14AP_BattMonitor17BattMonitor_StateEj @ 0x87a820
AUTO: _ZN22AP_BattMonitor_Backend13calculate_mahEff @ 0xb138a0
AUTO: _ZN18AP_Compass_Backend17accumulate_sampleER7Vector3IfEhj @ 0x87cb30
AUTO: _ZN18AP_Compass_Backend12rotate_fieldER7Vector3IfEh @ 0x87ccb0
AUTO: _ZN18AP_Compass_Backend17publish_raw_fieldERK7Vector3IfEh @ 0x87cda0
AUTO: _ZN18AP_Compass_Backend13correct_fieldER7Vector3IfEh @ 0x87ceb0
AUTO: _ZN18AP_Compass_Backend8field_okERK7Vector3IfE @ 0x87d2b0
AUTO: _ZNK7Compass16get_filter_rangeEv @ 0xb15bc0
AUTO: _ZNK16Compass_PerMotor7enabledEv @ 0xb15c20
AUTO: _ZN7Compass13_get_priorityE14typesafe_indexIh14TAG_StateIndexE @ 0xb15c90
AUTO: _ZN14AP_GPS_Backend15set_alt_amsl_cmERN6AP_GPS9GPS_StateEi @ 0x881980
AUTO: _ZN16JitterCorrection31correct_offboard_timestamp_usecEmm @ 0x881b90
AUTO: _ZNK14AP_GPS_Backend10option_setEN6AP_GPS13DriverOptionsE @ 0xb18e20
AUTO: _ZNK6AP_GPS10option_setENS_13DriverOptionsE @ 0xb18e90
AUTO: _ZN6AP_RTC12set_utc_usecEmNS_11source_typeE @ 0x882600
AUTO: _ZNK11GCS_MAVLINK14option_enabledENS_6OptionE @ 0xb1b320
AUTO: _ZNK16AP_SerialManager9UARTState12get_protocolEv @ 0xb1b3a0
AUTO: _ZN2AP8PerfInfo13set_loop_rateEt @ 0x894ca0
AUTO: _ZN2AP8PerfInfo5resetEv @ 0x894d60
AUTO: _ZN3GCS10send_textvE12MAV_SEVERITYPKcP13__va_list_tagh @ 0x895390
AUTO: _ZNK3GCS26min_status_for_gps_healthyEv @ 0xb1bcf0
AUTO: _ZL3MINImmEDTqultfp_fp0_fp_fp0_ERKT_RKT0_.6841 @ 0x8958a0
AUTO: _ZN11ObjectArrayIN3GCS12statustext_tEE10push_forceERKS1_ @ 0xb1bd40
AUTO: _ZN2AP11frsky_telemEv @ 0x895920
AUTO: _ZN2AP14spektrum_telemEv @ 0x895960
AUTO: _ZN9AP_Notify9send_textEPKc @ 0x8959a0
AUTO: _ZN17AP_Spektrum_Telem13get_singletonEv @ 0xb1be80
AUTO: _ZN14AP_Frsky_Telem13get_singletonEv @ 0xb1bec0
AUTO: _ZNK11ObjectArrayIN3GCS12statustext_tEE5spaceEv @ 0xb1bf00
AUTO: _ZN11ObjectArrayIN3GCS12statustext_tEE4pushERKS1_ @ 0xb1bf60
AUTO: _ZN6Copter8set_modeEh10ModeReason @ 0x895a40
AUTO: _ZNK6Copter29current_mode_requires_missionEv @ 0x895ac0
AUTO: _ZNK6Copter17get_wp_distance_mERf @ 0x897390
AUTO: _ZNK6Copter18get_wp_bearing_degERf @ 0x897410
AUTO: _ZNK6Copter25get_wp_crosstrack_error_mERf @ 0x897490
AUTO: _ZN6Copter18fence_checks_asyncEv @ 0x897ea0
AUTO: _ZN6AP_HAL15timeout_expiredIjjjEEbT_T0_T1_ @ 0xb1c230
AUTO: _ZN8AC_Fence5checkEb @ 0x898050
AUTO: _ZN6Copter3gcsEv @ 0xb1c2b0
AUTO: _ZN8AC_Fence19clear_margin_breachEh @ 0x898460
AUTO: _ZN8AP_Param15save_io_handlerEv @ 0x899a80
AUTO: _ZN7FunctorIvJEE14method_wrapperI8AP_ParamXadL_ZNS2_15save_io_handlerEvEEEEvPv @ 0xb1c490
AUTO: _ZN15ObjectBuffer_TSIN8AP_Param10param_saveEE3popERS1_ @ 0xb1c540
AUTO: _ZN6Copter18notify_flight_modeEv @ 0x899d20
AUTO: _ZL21failsafe_check_staticv @ 0x89ccf0
AUTO: _ZN6Copter8set_modeEN4Mode6NumberE10ModeReason @ 0x8a10b0
AUTO: _ZNK15AC_CommandModel11get_rate_tcEv @ 0xb1c920
AUTO: _ZN18AC_AttitudeControl15set_yaw_rate_tcEf @ 0xb1c970
AUTO: _ZN6Copter16gcs_mode_enabledEN4Mode6NumberE @ 0x8a17a0
AUTO: _ZN6Copter18mode_from_mode_numEN4Mode6NumberE @ 0x8a19a0
AUTO: _ZN6Copter24get_non_takeoff_throttleEv @ 0x8a1ea0
AUTO: _ZN6Copter9exit_modeERP4ModeS2_ @ 0x8a2010
AUTO: _ZN7AP_ADSB16set_is_auto_modeEb @ 0xb1c9e0
AUTO: _ZNK8AC_Fence10get_actionEv @ 0xb1ca40
AUTO: _ZN8AC_Fence21manual_recovery_startEv @ 0x8a2100
AUTO: _ZN9AP_Camera16set_is_auto_modeEb @ 0xb1caa0
AUTO: _ZN18AC_AttitudeControl22set_roll_pitch_rate_tcEf @ 0xb1cb00
AUTO: _ZN4Mode12takeoff_stopEv @ 0xb1cb70
AUTO: _ZN4Mode8_TakeOff4stopEv @ 0x8a2260
AUTO: _ZNK18AC_AttitudeControl15get_throttle_inEv @ 0xb1cbb0
AUTO: _ZN6AC_PID14set_integratorEf @ 0x8a22f0
AUTO: _ZL3MAXIifEDTqugtfp_fp0_fp_fp0_ERKT_RKT0_ @ 0x8a23c0
AUTO: _ZN4Mode3gcsEv @ 0x8a2750
AUTO: _ZN8LocationC2ERK7Vector3IfENS_8AltFrameE @ 0x8a31e0
AUTO: _ZNK13AC_PosControl22get_stopping_point_U_mERd @ 0x8a32e0
AUTO: _ZNK7AC_P_1D2kPEv @ 0xb1cc60
AUTO: _Z17stopping_distancefff @ 0x8a3460
AUTO: _Z19inv_sqrt_controllerfff @ 0x8a34e0
AUTO: _ZL2sqf.3798 @ 0x8a3720
AUTO: _ZNK13AC_PosControl23get_stopping_point_NE_mER7Vector2IdE @ 0x8a3770
AUTO: _ZN7Vector2IfEmIERKS0_ @ 0xb1ccb0
AUTO: _ZNK7AC_P_2D2kPEv @ 0xb1cd40
AUTO: _ZNK7Vector2IfE8todoubleEv @ 0xb1cd90
AUTO: _ZNK10AP_Vehicle21block_GCS_mode_changeEhPKhh @ 0x8a3930
AUTO: _ZN6AC_PID21set_notch_sample_rateEf @ 0x8a47e0
AUTO: _ZN6AC_PID12reset_filterEv @ 0xb1d140
AUTO: _ZNK12AP_AHRS_View20get_quat_body_to_nedER11QuaternionTIfE @ 0xb1d1a0
AUTO: _ZNK18AC_AttitudeControl30thrust_heading_rotation_anglesER11QuaternionTIfERKS1_R7Vector3IfERfS8_ @ 0x8a4c30
AUTO: _ZNK12AP_AHRS_View15get_gyro_latestEv @ 0x8a4fc0
AUTO: _ZN6AC_PID10update_allEfffbf @ 0x8a5070
AUTO: _ZNK6AC_PID16get_filt_T_alphaEf @ 0x8a5680
AUTO: _ZNK6AC_PID16get_filt_E_alphaEf @ 0x8a5700
AUTO: _ZNK6AC_PID16get_filt_D_alphaEf @ 0x8a5780
AUTO: _ZN6AC_PID8update_iEfb @ 0x8a5800
AUTO: _ZN11SlewLimiter8modifierEff @ 0x8a5a00
AUTO: _ZNK11SlewLimiter13get_slew_rateEv @ 0xb1d460
AUTO: _ZNK7AP_AHRS15get_gyro_latestEv @ 0x8a6000
AUTO: _ZNK7AP_AHRS22get_primary_gyro_indexEv @ 0xb1d4b0
AUTO: _ZNK18AC_AttitudeControl29thrust_vector_rotation_anglesERK11QuaternionTIfES3_RS1_R7Vector3IfERfS8_ @ 0x8a60b0
AUTO: _ZNK18AC_AttitudeControl23get_accel_yaw_max_radssEv @ 0xb1d500
AUTO: _ZL7radiansf.12163 @ 0x8a64a0
AUTO: _ZNK6AC_PID2kPEv @ 0xb1d560
AUTO: _ZNK4AC_P2kPEv @ 0xb1d5b0
AUTO: _ZL3MINIffEDTqultfp_fp0_fp_fp0_ERKT_RKT0_.12170 @ 0x8a64f0
AUTO: _ZL9cd_to_radf.12171 @ 0x8a6580
AUTO: _ZNK25HarmonicNotchFilterParams9hasOptionENS_7OptionsE @ 0xb1d8b0
AUTO: _ZN17AP_InertialSensor12_gyro_offsetEh @ 0xb1ecf0
AUTO: _ZN17AP_InertialSensor12caltemp_gyroEh @ 0xb1ed60
AUTO: _ZN22AP_InertialSensor_SITL6updateEv @ 0x8a9240
AUTO: _ZN25AP_InertialSensor_Backend10accumulateEv @ 0xb1ee80
AUTO: _ZN25AP_InertialSensor_Backend11set_primaryEb @ 0xb1f050
AUTO: _ZNK25AP_InertialSensor_Backend21_gyro_raw_sample_rateEh @ 0xb1f0a0
AUTO: _ZN22AP_InertialSensor_SITL12timer_updateEv @ 0x8a99c0
AUTO: _ZN7FunctorIvJEE14method_wrapperI22AP_InertialSensor_SITLXadL_ZNS2_12timer_updateEvEEEEvPv @ 0xb1f170
AUTO: _ZN22AP_InertialSensor_SITL14generate_accelEv @ 0x8a9e90
AUTO: _ZN22AP_InertialSensor_SITL13generate_gyroEv @ 0x8aae70
AUTO: _ZNK25AP_InertialSensor_Backend20enable_fast_samplingEh @ 0xb1f220
AUTO: _ZNK22AP_InertialSensor_SITL10gyro_driftEv @ 0x8ab8d0
AUTO: _ZL7radiansd.19050 @ 0x8abad0
AUTO: _ZL7radiansf.19051 @ 0x8abb20
AUTO: _ZN22AP_InertialSensor_SITL15get_temperatureEv @ 0x8abc00
AUTO: _ZNK22AP_InertialSensor_TCal15sitl_apply_gyroEfR7Vector3IfE @ 0x8abda0
AUTO: _ZN25AP_InertialSensor_Backend35_notify_new_gyro_sensor_rate_sampleEhRK7Vector3IfE @ 0x8abe80
AUTO: _ZN25AP_InertialSensor_Backend24_rotate_and_correct_gyroEhR7Vector3IfE @ 0x8ac080
AUTO: _ZN25AP_InertialSensor_Backend27_notify_new_gyro_raw_sampleEhRK7Vector3IfEm @ 0x8ac210
AUTO: _ZNK25AP_InertialSensor_Backend15has_been_killedEh @ 0xb1f2b0
AUTO: _ZNK25AP_InertialSensor_Backend19_update_sensor_rateERtRjRf @ 0x8ac8b0
AUTO: _ZN25AP_InertialSensor_Backend18apply_gyro_filtersEhRK7Vector3IfE @ 0x8aca80
AUTO: _ZN25AP_InertialSensor_Backend12log_gyro_rawEhmRK7Vector3IfES3_ @ 0x8aceb0
AUTO: _ZN25AP_InertialSensor_Backend14update_primaryEv @ 0x8ad140
AUTO: _ZNK17AP_InertialSensor22raw_logging_option_setENS_18RAW_LOGGING_OPTIONE @ 0xb1f330
AUTO: _ZNK25AP_InertialSensor_Backend18should_log_imu_rawEv @ 0x8ad220
AUTO: _ZNK17AP_InertialSensor12BatchSampler25doing_sensor_rate_loggingEv @ 0xb1f3b0
AUTO: _ZNK17AP_InertialSensor12BatchSampler25doing_post_filter_loggingEv @ 0xb1f410
AUTO: _ZN17AP_InertialSensor12BatchSampler6sampleEhNS_15IMU_SENSOR_TYPEEmRK7Vector3IfE @ 0x8ad430
AUTO: _ZN17AP_InertialSensor12BatchSampler10should_logEhNS_15IMU_SENSOR_TYPEE @ 0x8ad580
AUTO: _ZN25AP_InertialSensor_Backend16save_gyro_windowEhRK7Vector3IfEh @ 0x8ad6c0
AUTO: _ZN15LowPassFilter2pI7Vector3IfEE5applyERKS1_ @ 0xb1f6f0
AUTO: _ZNK17AP_InertialSensor25is_rate_loop_gyro_enabledEh @ 0x8ad980
AUTO: _ZN19DigitalBiquadFilterI7Vector3IfEE5applyERKS1_RKNS2_13biquad_paramsE @ 0xb1f950
AUTO: _ZNK25AP_InertialSensor_Backend18sensors_convergingEv @ 0x8adbb0
AUTO: _ZNK22AP_InertialSensor_TCal12correct_gyroEffR7Vector3IfE @ 0x8adce0
AUTO: _ZNK22AP_InertialSensor_TCal14correct_sensorEffPK9AP_ParamVI7Vector3IfEL11ap_var_type5EERS2_ @ 0x8add80
AUTO: _ZNK22AP_InertialSensor_TCal15polynomial_evalEfPK9AP_ParamVI7Vector3IfEL11ap_var_type5EE @ 0x8adf90
AUTO: _ZNK22AP_InertialSensor_TCal16sitl_apply_accelEfR7Vector3IfE @ 0x8b0f40
AUTO: _ZN25AP_InertialSensor_Backend36_notify_new_accel_sensor_rate_sampleEhRK7Vector3IfE @ 0x8b1020
AUTO: _ZN25AP_InertialSensor_Backend25_rotate_and_correct_accelEhR7Vector3IfE @ 0x8b1220
AUTO: _ZN25AP_InertialSensor_Backend28_notify_new_accel_raw_sampleEhRK7Vector3IfEmb @ 0x8b1440
AUTO: _ZN25AP_InertialSensor_Backend20_publish_temperatureEhf @ 0x8b19f0
AUTO: _ZN17AP_InertialSensor27calc_vibration_and_clippingEhRK7Vector3IfEf @ 0x8b1a90
AUTO: _ZN17AP_InertialSensor19set_accel_peak_holdEhRK7Vector3IfE @ 0x8b1d10
AUTO: _ZN25AP_InertialSensor_Backend13log_accel_rawEhmRK7Vector3IfE @ 0x8b1df0
AUTO: _ZNK25AP_InertialSensor_Backend14get_clip_limitEv @ 0xb20970
AUTO: _ZN13LowPassFilterI7Vector3IfEE5applyERKS1_RKf @ 0xb209c0
AUTO: _ZN10DigitalLPFI7Vector3IfEE6_applyERKS1_RKf @ 0xb20a80
AUTO: _ZNK22AP_InertialSensor_TCal13correct_accelEffR7Vector3IfE @ 0x8b21d0
AUTO: _ZN25AP_InertialSensor_Backend12update_accelEh @ 0x8b2650
AUTO: _ZN25AP_InertialSensor_Backend11update_gyroEh @ 0x8b2770
AUTO: _ZN25AP_InertialSensor_Backend13_publish_gyroEhRK7Vector3IfE @ 0x8b28d0
AUTO: _ZN25AP_InertialSensor_Backend19update_gyro_filtersEh @ 0x8b2a40
AUTO: _ZNK25AP_InertialSensor_Backend19_gyro_filter_cutoffEv @ 0xb20d50
AUTO: _ZN25AP_InertialSensor_Backend14_publish_accelEhRK7Vector3IfE @ 0x8b2e80
AUTO: _ZN25AP_InertialSensor_Backend20update_accel_filtersEh @ 0x8b30b0
AUTO: _ZNK25AP_InertialSensor_Backend20_accel_filter_cutoffEv @ 0xb21030
AUTO: _ZN11AP_SmartRTL22run_background_cleanupEv @ 0x8b4fc0
AUTO: _ZN7FunctorIvJEE14method_wrapperI11AP_SmartRTLXadL_ZNS2_22run_background_cleanupEvEEEEvPv @ 0xb215e0
AUTO: _ZN11AP_SmartRTL15routine_cleanupEtt @ 0x8b5290
AUTO: _ZN11AP_SmartRTL22detect_simplificationsEv @ 0x8b5460
AUTO: _ZN11AP_SmartRTL33remove_points_by_simplify_bitmaskEv @ 0x8b57d0
AUTO: _ZN11AP_SmartRTL29restart_pruning_if_new_pointsEv @ 0x8b59b0
AUTO: _ZN11AP_SmartRTL12detect_loopsEv @ 0x8b5a20
AUTO: _ZN11AP_SmartRTL20segment_segment_distERK7Vector3IfES3_S3_S3_ @ 0x8b6040
AUTO: _ZNK7BitmaskILt500EE3getEt @ 0xb21690
AUTO: _ZNK7BitmaskILt500EE8validateEt @ 0xb21760
AUTO: _ZNK7Vector3IfE19distance_to_segmentERKS0_S2_ @ 0xb217f0
AUTO: _ZN7BitmaskILt500EE5clearEt @ 0xb219e0
AUTO: _ZN7AP_Baro6updateEv @ 0x8d4630
AUTO: _ZNK7AP_Baro7healthyEv @ 0xb2a740
AUTO: _ZN15AP_Baro_Backend14backend_updateEh @ 0x8d4d50
AUTO: _ZN7AP_Baro24wind_pressure_correctionEh @ 0x8d4dd0
AUTO: _ZNK7AP_Baro15get_last_updateEv @ 0xb2a7a0
AUTO: _ZN16DerivativeFilterIfLh7EE6updateEfj @ 0xb2a800
AUTO: _ZN7AP_Baro22update_field_elevationEv @ 0x8d5110
AUTO: _ZNK7AP_Baro10should_logEv @ 0x8d5390
AUTO: _ZN7AP_Baro10Write_BaroEv @ 0x8d5440
AUTO: _ZN7AP_Baro19Write_Baro_instanceEmh @ 0x8d54d0
AUTO: _ZNK7AP_Baro21get_baro_drift_offsetEv @ 0xb2a8e0
AUTO: _ZNK7AP_Baro22get_ground_temperatureEv @ 0x8d56f0
AUTO: _ZNK7AP_Baro22get_corrected_pressureEh @ 0xb2a930
AUTO: _ZN16FilterWithBufferIfLh7EE5applyEf @ 0xb2aa10
AUTO: _ZNK7AP_AHRS20airspeed_vector_trueER7Vector3IfE @ 0x8d5790
AUTO: _ZNK7AP_AHRS21get_air_density_ratioEv @ 0x8d5810
AUTO: _ZL2sqf.2028 @ 0x8d58d0
AUTO: _ZNK7AP_AHRS12get_accel_efEv @ 0xb2e2b0
AUTO: _ZNK12NavEKF3_core9getMagXYZER7Vector3IfE @ 0x9019a0
AUTO: _ZNK12NavEKF3_core9getMagNEDER7Vector3IfE @ 0x901c20
AUTO: _ZNK7Vector2IfEdvEf @ 0xb31c20
AUTO: _ZNK7AP_EnumIN13AP_OADatabase11OutputLevelEEcvKS1_Ev @ 0xb33970
AUTO: _ZN15AP_Compass_SITL6_timerEv @ 0x9132b0
AUTO: _ZN7FunctorIvJEE14method_wrapperI15AP_Compass_SITLXadL_ZNS2_6_timerEvEEEEvPv @ 0xb34230
AUTO: _Z10rand_vec3fv @ 0x9137e0
AUTO: _ZN7VectorNIN15AP_Compass_SITL16readings_compassELh50EEixEh @ 0xb342e0
AUTO: _ZN15AP_Compass_SITL26_setup_eliptical_correcionEh @ 0x913860
AUTO: _ZNK18AP_Compass_Backend21get_board_orientationEv @ 0x913a90
AUTO: _ZN15AP_Compass_SITL4readEv @ 0x913ae0
AUTO: _ZNK14AP_GPS_Backend32supports_mavlink_gps_rtk_messageEv @ 0xb34960
AUTO: _ZNK14AP_GPS_Blended7get_lagERf @ 0x914850
AUTO: _ZN6Copter14failsafe_checkEv @ 0x914f20
AUTO: _ZNK12AP_Parachute7enabledEv @ 0xb35060
AUTO: _ZN6Copter10read_radioEv @ 0x9158f0
AUTO: _ZN11RC_Channels10read_inputEv @ 0x9161f0
AUTO: _ZN6Copter25set_throttle_and_failsafeEt @ 0x916320
AUTO: _ZN6Copter22set_throttle_zero_flagEs @ 0x9164c0
AUTO: _ZN6Copter27radio_passthrough_to_motorsEv @ 0x9165e0
AUTO: _ZNK11RC_Channels17get_fs_timeout_msEv @ 0xb35220
AUTO: _ZL3MAXIfiEDTqugtfp_fp0_fp_fp0_ERKT_RKT0_.1753 @ 0x917340
AUTO: _ZNK10RC_Channel22get_control_in_zero_dzEv @ 0x9173e0
AUTO: _ZN9AP_Motors21set_radio_passthroughEffff @ 0x917460
AUTO: _ZNK10RC_Channel15pwm_to_range_dzEt @ 0x917520
AUTO: _ZNK10RC_Channel15pwm_to_angle_dzEt @ 0x9176c0
AUTO: _ZNK10RC_Channel20pwm_to_angle_dz_trimEtt @ 0x917750
AUTO: _ZN10RC_Channel6updateEv @ 0x9179a0
AUTO: _ZN11RC_Channels23rudder_arm_disarm_checkEv @ 0x917b10
AUTO: _ZNK10RC_Channel12pwm_to_rangeEv @ 0x917d10
AUTO: _ZNK10RC_Channel12pwm_to_angleEv @ 0x917d80
AUTO: _ZN12SRV_Channels17enable_aux_servosEv @ 0x917df0
AUTO: _ZN10RC_Channel16read_mode_switchEv @ 0x918490
AUTO: _ZN10RC_Channel16read_6pos_switchERa @ 0x918510
AUTO: _ZN10RC_Channel18debounce_completedEa @ 0x918670
AUTO: _ZL7radiansf.12421 @ 0x918da0
AUTO: _ZNK11AC_WPNav_OA21get_oa_wp_destinationER8Location @ 0x919290
AUTO: _ZN11AC_WPNav_OA25set_wp_destination_NEU_cmERK7Vector3IfEb @ 0x919340
AUTO: _ZN11AC_WPNav_OA24set_wp_destination_NEU_mERK7Vector3IfEb @ 0x919400
AUTO: _ZNK11AC_WPNav_OA33get_wp_distance_to_destination_cmEv @ 0x9194a0
AUTO: _ZNK11AC_WPNav_OA32get_wp_distance_to_destination_mEv @ 0x919500
AUTO: _ZNK11AC_WPNav_OA33get_wp_bearing_to_destination_radEv @ 0x919620
AUTO: _ZNK11AC_WPNav_OA22reached_wp_destinationEv @ 0x9196e0
AUTO: _ZN11AC_WPNav_OA12update_wpnavEv @ 0x919760
AUTO: _ZN16AP_OAPathPlanner13get_singletonEv @ 0xb359c0
AUTO: _ZN16AP_OAPathPlanner17mission_avoidanceERK8LocationS2_S2_S2_RS0_S3_S3_RbRNS_17OAPathPlannerUsedE @ 0x91a2e0
AUTO: _ZNK8AC_WPNav27get_wp_stopping_point_NEU_mER7Vector3IfE @ 0x91a8f0
AUTO: _ZN8AC_WPNav22set_wp_destination_locERK8Location @ 0x91aac0
AUTO: _ZNK8Location30get_vector_xy_from_origin_NE_mI7Vector2IfEEEbRT_ @ 0xb35a60
AUTO: _ZN13AC_PosControl20update_NE_controllerEv @ 0x91b3c0
AUTO: _ZN8AC_WPNav12update_wpnavEv @ 0x91ba30
AUTO: _ZNK8AC_WPNav23get_default_speed_NE_msEv @ 0xb35af0
AUTO: _ZNK13AC_PosControl8get_dt_sEv @ 0xb35c20
AUTO: _ZN8AC_WPNav29advance_wp_target_along_trackEf @ 0x91bea0
AUTO: _ZNK8AC_WPNav20get_terrain_margin_mEv @ 0xb35c70
AUTO: _ZNK13AC_PosControl22pos_terrain_U_scaler_mEff @ 0x91c940
AUTO: _ZN13AC_PosControl26set_pos_terrain_target_U_mEf @ 0xb35ce0
AUTO: _ZNK13AC_PosControl20get_pos_offset_NEU_mEv @ 0xb35d50
AUTO: _ZNK13AC_PosControl22get_pos_estimate_NEU_mEv @ 0xb35da0
AUTO: _ZNK13AC_PosControl22get_vel_desired_NEU_msEv @ 0xb35df0
AUTO: _ZNK13AC_PosControl19get_vel_offset_U_msEv @ 0xb35e40
AUTO: _ZNK13AC_PosControl19get_pos_error_NEU_mEv @ 0xb35e90
AUTO: _ZNK13AC_PosControl23get_vel_estimate_NEU_msEv @ 0xb35f50
AUTO: _Z16update_vel_accelRfffff @ 0x91ca70
AUTO: _ZNK8AC_WPNav23get_wp_acceleration_mssEv @ 0xb35fa0
AUTO: _ZNK13AC_PosControl24get_shaping_jerk_NE_msssEv @ 0xb36050
AUTO: _Z15shape_vel_accelfffRfffffb @ 0x91cbd0
AUTO: _ZNK8AC_WPNav27get_corner_acceleration_mssEv @ 0xb360b0
AUTO: _ZN6SCurve26advance_target_along_trackERS_S0_ffbfR7Vector3IfES3_S3_ @ 0x91cdd0
AUTO: _ZL2sqf.12457 @ 0x91d420
AUTO: _ZN13AC_PosControl23set_pos_vel_accel_NEU_mERK7Vector3IdERKS0_IfES6_ @ 0x91d470
AUTO: _Z15kinematic_limit7Vector3IfEfff @ 0x91e300
AUTO: _ZN6SCurve21move_to_pos_vel_accelEfR7Vector3IfES2_S2_ @ 0x91e680
AUTO: _ZN6SCurve23move_from_pos_vel_accelEfR7Vector3IfES2_S2_ @ 0x91e870
AUTO: _ZNK6SCurve8finishedEv @ 0x91ea50
AUTO: _ZNK6SCurve18get_time_remainingEv @ 0x91eb00
AUTO: _ZNK6SCurve16get_time_elapsedEv @ 0xb361c0
AUTO: _ZL3MINIffEDTqultfp_fp0_fp_fp0_ERKT_RKT0_.19221 @ 0x91ee40
AUTO: _ZNK6SCurve30get_jerk_accel_vel_pos_at_timeEfRfS0_S0_S0_ @ 0x91eed0
AUTO: _ZNK6SCurve32calc_javp_for_segment_const_jerkEfffffRfS0_S0_S0_ @ 0x91f410
AUTO: _ZNK6SCurve31calc_javp_for_segment_incr_jerkEffffffRfS0_S0_S0_ @ 0x91f5b0
AUTO: _ZNK6SCurve31calc_javp_for_segment_decr_jerkEffffffRfS0_S0_S0_ @ 0x91f950
AUTO: _ZL3MAXIffEDTqugtfp_fp0_fp_fp0_ERKT_RKT0_.19218 @ 0x91fe10
AUTO: _ZNK6SCurve8time_endEv @ 0x91fe90
AUTO: _ZN6SCurve12advance_timeEf @ 0x91ff10
AUTO: _ZL2sqf.19219 @ 0x91ffa0
AUTO: _Z15sqrt_controllerffff @ 0x91fff0
AUTO: _Z11shape_accelfRfff @ 0x9202d0
AUTO: _ZNK7AC_P_2D9get_errorEv @ 0xb36300
AUTO: _ZNK7AC_P_1D9get_errorEv @ 0xb36350
AUTO: _ZL3MAXI9AP_ParamTIfL11ap_var_type4EEfEDTqugtfp_fp0_fp_fp0_ERKT_RKT0_ @ 0x9203e0
AUTO: _ZNK13AC_PosControl19get_max_speed_up_msEv @ 0xb363a0
AUTO: _ZNK13AC_PosControl19get_max_accel_U_mssEv @ 0xb363f0
AUTO: _ZN13AC_PosControl23set_max_speed_accel_U_mEfff @ 0x920470
AUTO: _ZNK13AC_PosControl19get_max_speed_NE_msEv @ 0xb36440
AUTO: _ZNK13AC_PosControl21get_max_speed_down_msEv @ 0xb36490
AUTO: _ZNK8AC_WPNav15get_accel_U_mssEv @ 0xb364e0
AUTO: _ZN6SCurve11add_segmentERhfNS_11SegmentTypeEffff @ 0x921ea0
AUTO: _ZN6SCurve12add_segmentsEf @ 0x922030
AUTO: _ZN6SCurve14calculate_pathEffffffRfS0_S0_S0_S0_ @ 0x922bc0
AUTO: _ZN6SCurve17add_segments_jerkERhfff @ 0x924190
AUTO: _ZN6SCurve22add_segment_const_jerkERhff @ 0x924260
AUTO: _ZNK6SCurve5validEv @ 0x924580
AUTO: _ZN6SCurve4initEv @ 0x924ab0
AUTO: _ZN6SCurve21add_segment_incr_jerkERhff @ 0x924b80
AUTO: _ZN6SCurve21add_segment_decr_jerkERhff @ 0x924f20
AUTO: _ZN6AC_PID9filt_T_hzEv @ 0xb36540
AUTO: _ZL3MINIffEDTqultfp_fp0_fp_fp0_ERKT_RKT0_.12234 @ 0x9253a0
AUTO: _ZN6AC_PID9filt_E_hzEv @ 0xb36590
AUTO: _ZN13AC_PosControl24set_max_speed_accel_NE_mEff @ 0x925430
AUTO: _ZN13AC_PosControl31set_correction_speed_accel_NE_mEff @ 0x925630
AUTO: _ZN7AC_P_2D10set_limitsEfff @ 0x9256b0
AUTO: _ZNK18AC_AttitudeControl25get_ang_vel_roll_max_radsEv @ 0xb365e0
AUTO: _ZNK18AC_AttitudeControl26get_ang_vel_pitch_max_radsEv @ 0xb36640
AUTO: _ZNK18AC_AttitudeControl24get_accel_roll_max_radssEv @ 0xb366a0
AUTO: _ZNK18AC_AttitudeControl25get_accel_pitch_max_radssEv @ 0xb36700
AUTO: _ZN18AC_AttitudeControl18get_bf_feedforwardEv @ 0xb36760
AUTO: _ZL9cd_to_radf.1210 @ 0x9258e0
AUTO: _ZN13AC_PosControl19handle_ekf_NE_resetEv @ 0x925930
AUTO: _ZN13AC_PosControl18init_NE_controllerEv @ 0x925b40
AUTO: _ZNK7AP_AHRS16getControlLimitsERfS0_ @ 0x925f10
AUTO: _ZN13AC_PosControl17update_offsets_NEEv @ 0x926040
AUTO: _ZN7AC_P_2D10update_allER7Vector2IdERKS1_ @ 0x926340
AUTO: _ZN9AC_PID_2D10update_allERK7Vector2IfES3_fS3_ @ 0x9264a0
AUTO: _ZNK13AC_PosControl22get_lean_angle_max_radEv @ 0x9269e0
AUTO: _Z22angle_rad_to_accel_mssf @ 0x926ab0
AUTO: _Z14limit_accel_xyRK7Vector2IfERS0_f @ 0x926b10
AUTO: _ZNK13AC_PosControl31accel_NE_mss_to_lean_angles_radEffRfS0_ @ 0x926d10
AUTO: _ZN13AC_PosControl26calculate_yaw_and_rate_yawEv @ 0x926ea0
AUTO: _ZNK18AC_AttitudeControl24get_att_target_euler_radEv @ 0xb367d0
AUTO: _ZNK12AP_AHRS_View7cos_yawEv @ 0xb36820
AUTO: _ZNK12AP_AHRS_View7sin_yawEv @ 0xb36870
AUTO: _Z22accel_mss_to_angle_radf @ 0x9270c0
AUTO: _ZN7Vector2IfE12limit_lengthEf @ 0xb368c0
AUTO: _ZNK7Vector2IfE10normalizedEv @ 0xb36990
AUTO: _ZNK18AC_AttitudeControl18lean_angle_max_radEv @ 0xb369f0
AUTO: _ZNK9AC_PID_2D16get_filt_E_alphaEf @ 0x927170
AUTO: _ZNK9AC_PID_2D16get_filt_D_alphaEf @ 0x9271f0
AUTO: _ZN9AC_PID_2D8update_iEfRK7Vector2IfE @ 0x927270
AUTO: _Z15sqrt_controllerRK7Vector2IfEfff @ 0x9273e0
AUTO: _Z23update_pos_vel_accel_xyR7Vector2IdERS_IfERKS2_fS5_S5_S5_ @ 0x9274c0
AUTO: _ZNK9AC_PID_2D9get_errorEv @ 0xb36a50
AUTO: _Z22shape_pos_vel_accel_xyRK7Vector2IdERKS_IfES5_S2_S5_RS3_ffffb @ 0x927670
AUTO: _Z18shape_vel_accel_xyRK7Vector2IfES2_S2_RS0_fffb @ 0x927900
AUTO: _Z14shape_accel_xyRK7Vector2IfERS0_ff @ 0x927c60
AUTO: _Z19update_vel_accel_xyR7Vector2IfERKS0_fS3_S3_ @ 0x927d70
AUTO: _ZNK7NavEKF319getEkfControlLimitsERfS0_ @ 0x928000
AUTO: _ZNK12NavEKF3_core19getEkfControlLimitsERfS0_ @ 0x928160
AUTO: _ZN13AC_PosControl15init_offsets_NEEv @ 0x928760
AUTO: _ZNK13AC_PosControl27lean_angles_to_accel_NE_mssERfS0_ @ 0x9288c0
AUTO: _ZN9AC_PID_2D12reset_filterEv @ 0xb36aa0
AUTO: _ZN9AC_PID_2D2ffEv @ 0xb36af0
AUTO: _ZN9AC_PID_2D14set_integratorERK7Vector2IfE @ 0x928990
AUTO: _ZN13AC_PosControl17init_ekf_NE_resetEv @ 0x928a20
AUTO: _ZN12AP_AHRS_View24getLastPosNorthEastResetER7Vector2IfE @ 0xb36b40
AUTO: _ZN7AP_AHRS24getLastPosNorthEastResetER7Vector2IfE @ 0x928a90
AUTO: _ZN7NavEKF324getLastPosNorthEastResetER7Vector2IfE @ 0x928ce0
AUTO: _ZNK13AC_PosControl32lean_angles_rad_to_accel_NEU_mssERK7Vector3IfE @ 0x928e30
AUTO: _ZL3MAXIffEDTqugtfp_fp0_fp_fp0_ERKT_RKT0_.12242 @ 0x929010
AUTO: _ZNK12AC_PID_Basic9get_errorEv @ 0xb36c10
AUTO: _Z20update_pos_vel_accelRdRffffff @ 0x9291a0
AUTO: _Z19shape_pos_vel_acceldffdfRfffffffb @ 0x929300
AUTO: _ZN8AC_WPNav16get_vector_NEU_mERK8LocationR7Vector3IfERb @ 0x9295f0
AUTO: _ZN6SCurve15calculate_trackERK7Vector3IfES3_fffffff @ 0x929740
AUTO: _ZN6SCurve20set_kinematic_limitsERK7Vector3IfES3_fffff @ 0x929b30
AUTO: _ZNK8AC_WPNav22reached_wp_destinationEv @ 0xb36d30
AUTO: _ZNK8AC_WPNav33get_wp_bearing_to_destination_radEv @ 0x929d60
AUTO: _Z15get_bearing_radRK7Vector2IfES2_ @ 0x929de0
AUTO: _ZNK8AC_WPNav32get_wp_distance_to_destination_mEv @ 0x929ec0
AUTO: _Z23get_horizontal_distanceIfEfRK7Vector2IT_ES4_ @ 0xb36d90
AUTO: _ZN8AC_WPNav24set_wp_destination_NEU_mERK7Vector3IfEb @ 0x929f40
AUTO: _ZNK8AC_WPNav9is_activeEv @ 0x92a380
AUTO: _ZN13AC_PosControl32init_U_controller_stopping_pointEv @ 0x92a9a0
AUTO: _ZN13AC_PosControl33init_NE_controller_stopping_pointEv @ 0x92aa40
AUTO: _ZN13AC_PosControl30set_correction_speed_accel_U_mEfff @ 0x92abd0
AUTO: _ZN7AC_P_1D10set_limitsEffff @ 0x92af30
AUTO: _ZN13AC_PosControl17init_U_controllerEv @ 0x92b1d0
AUTO: _ZN13AC_PosControl12init_terrainEv @ 0x92b440
AUTO: _ZN13AC_PosControl14init_offsets_UEv @ 0x92b4b0
AUTO: _ZN12AC_PID_Basic12reset_filterEv @ 0xb36e60
AUTO: _ZN12AC_PID_Basic14set_integratorEf @ 0x92b570
AUTO: _ZNK13AC_PosControl24get_measured_accel_U_mssEv @ 0xb36eb0
AUTO: _ZN13AC_PosControl16init_ekf_U_resetEv @ 0x92b620
AUTO: _ZN12AP_AHRS_View19getLastPosDownResetERf @ 0xb36f20
AUTO: _ZN7AP_AHRS19getLastPosDownResetERf @ 0x92b690
AUTO: _ZN7NavEKF319getLastPosDownResetERf @ 0x92b8d0
AUTO: _ZNK12AP_AHRS_View12get_accel_efEv @ 0xb36ff0
AUTO: _ZNK8AC_WPNav22get_wp_destination_locER8Location @ 0x92ba10
AUTO: _ZNK8AC_WPNav24get_wp_destination_NEU_mEv @ 0xb37040
AUTO: _ZN24AC_AttitudeControl_Multi17get_rate_roll_pidEv @ 0xb37720
AUTO: _ZN24AC_AttitudeControl_Multi18get_rate_pitch_pidEv @ 0xb37770
AUTO: _ZN24AC_AttitudeControl_Multi16get_rate_yaw_pidEv @ 0xb377c0
AUTO: _ZNK24AC_AttitudeControl_Multi16get_rate_yaw_pidEv @ 0xb378b0
AUTO: _ZN18AC_AttitudeControl37input_thrust_vector_rate_heading_radsERK7Vector3IfEfb @ 0x92ea10
AUTO: _ZN18AC_AttitudeControl31input_thrust_vector_heading_radERK7Vector3IfEff @ 0x92ef40
AUTO: _ZN24AC_AttitudeControl_Multi19rate_controller_runEv @ 0x92f3b0
AUTO: _ZN24AC_AttitudeControl_Multi28rate_controller_target_resetEv @ 0x92f440
AUTO: _ZN24AC_AttitudeControl_Multi22rate_controller_run_dtERK7Vector3IfEf @ 0x92f4d0
AUTO: _ZN24AC_AttitudeControl_Multi29update_althold_lean_angle_maxEf @ 0x92f780
AUTO: _ZN24AC_AttitudeControl_Multi16set_throttle_outEfbf @ 0x92f8c0
AUTO: _ZNK18AC_AttitudeControl30get_althold_lean_angle_max_radEv @ 0x92f9f0
AUTO: _ZN24AC_AttitudeControl_Multi21set_notch_sample_rateEf @ 0x92fd00
AUTO: _ZNK24AC_AttitudeControl_Multi19is_throttle_mix_minEv @ 0xb37a60
AUTO: _ZN24AC_AttitudeControl_Multi20set_throttle_mix_minEv @ 0xb37af0
AUTO: _ZN24AC_AttitudeControl_Multi20set_throttle_mix_maxEf @ 0x92fda0
AUTO: _ZN18AC_AttitudeControl16get_roll_trim_cdEv @ 0xb37da0
AUTO: _ZL3MAXIffEDTqugtfp_fp0_fp_fp0_ERKT_RKT0_.12164 @ 0x92fe90
AUTO: _ZN9AP_Motors26set_throttle_filter_cutoffEf @ 0xb37f00
AUTO: _ZN24AC_AttitudeControl_Multi20get_throttle_boostedEf @ 0x92ff10
AUTO: _ZN9AP_Motors12set_throttleEf @ 0xb37f70
AUTO: _ZL3MAXIffEDTqugtfp_fp0_fp_fp0_ERKT_RKT0_.12079 @ 0x9300b0
AUTO: _ZN24AC_AttitudeControl_Multi20get_throttle_avg_maxEf @ 0x930130
AUTO: _ZN9AP_Motors20set_throttle_avg_maxEf @ 0xb37fd0
AUTO: _ZNK12AP_AHRS_View9cos_pitchEv @ 0xb38050
AUTO: _ZNK12AP_AHRS_View8cos_rollEv @ 0xb380a0
AUTO: _ZNK20AP_MotorsMulticopter23get_throttle_thrust_maxEv @ 0xb380f0
AUTO: _ZN24AC_AttitudeControl_Multi26update_throttle_gain_boostEv @ 0x930230
AUTO: _ZN24AC_AttitudeControl_Multi23update_throttle_rpy_mixEv @ 0x9303b0
AUTO: _ZN9AP_Motors8set_rollEf @ 0xb38140
AUTO: _ZNK6AC_PID6get_ffEv @ 0x9305f0
AUTO: _ZN9AP_Motors11set_roll_ffEf @ 0xb381a0
AUTO: _ZN9AP_Motors9set_pitchEf @ 0xb38200
AUTO: _ZN9AP_Motors12set_pitch_ffEf @ 0xb38260
AUTO: _ZN9AP_Motors7set_yawEf @ 0xb382c0
AUTO: _ZN9AP_Motors10set_yaw_ffEf @ 0xb38320
AUTO: _ZL3MINIffEDTqultfp_fp0_fp_fp0_ERKT_RKT0_.12080 @ 0x930650
AUTO: _ZNK9AP_Motors16get_throttle_outEv @ 0xb38380
AUTO: _ZNK9AP_Motors22get_throttle_slew_rateEv @ 0xb383d0
AUTO: _ZN18AC_AttitudeControl17set_PD_scale_multERK7Vector3IfE @ 0xb38420
AUTO: _ZN18AC_AttitudeControl22set_angle_P_scale_multERK7Vector3IfE @ 0xb38490
AUTO: _ZNK18AC_AttitudeControl21get_slew_yaw_max_radsEv @ 0x9306e0
AUTO: _ZN18AC_AttitudeControl22update_attitude_targetEv @ 0x930730
AUTO: _ZNK11QuaternionTIfE8to_eulerER7Vector3IfE @ 0xb38500
AUTO: _ZNK18AC_AttitudeControl27attitude_from_thrust_vectorE7Vector3IfEf @ 0x930800
AUTO: _ZN18AC_AttitudeControl19input_shaping_angleEfffff @ 0xb38580
AUTO: _ZN18AC_AttitudeControl19input_shaping_angleEfffffff @ 0x930a50
AUTO: _ZNK18AC_AttitudeControl13ang_vel_limitER7Vector3IfEfff @ 0x930bb0
AUTO: _ZN18AC_AttitudeControl21ang_vel_to_euler_rateERK11QuaternionTIfERK7Vector3IfERS5_ @ 0x930db0
AUTO: _ZN18AC_AttitudeControl28attitude_controller_run_quatEv @ 0x930f50
AUTO: _ZN18AC_AttitudeControl36update_ang_vel_target_from_att_errorERK7Vector3IfE @ 0x9313f0
AUTO: _ZNK18AC_AttitudeControl15get_latest_gyroEv @ 0x931800
AUTO: _ZN18AC_AttitudeControl21input_shaping_ang_velEfffff @ 0x931870
AUTO: _ZNK18AC_AttitudeControl21get_slew_yaw_max_degsEv @ 0x9319f0
AUTO: _ZN18AC_AttitudeControl17get_roll_trim_radEv @ 0xb38630
AUTO: _ZL9cd_to_radf @ 0x931fd0
AUTO: _ZNK20AP_MotorsMulticopter18get_throttle_hoverEv @ 0xb38d60
AUTO: _ZN20AP_MotorsMulticopter6outputEv @ 0x933720
AUTO: _ZN9AP_Motors8rc_writeEht @ 0x933940
AUTO: _ZN20AP_MotorsMulticopter9Log_WriteEv @ 0x933a00
AUTO: _ZN15AP_MotorsMatrix24output_armed_stabilizingEv @ 0x933b00
AUTO: _ZN20AP_MotorsMulticopter22update_throttle_filterEv @ 0x934840
AUTO: _ZN20AP_MotorsMulticopter30get_current_limit_max_throttleEv @ 0x934ed0
AUTO: _ZN20AP_MotorsMulticopter21output_boost_throttleEv @ 0x935150
AUTO: _ZN20AP_MotorsMulticopter11output_rpytEv @ 0x935230
AUTO: _ZL3MAXIffEDTqugtfp_fp0_fp_fp0_ERKT_RKT0_.12661 @ 0x9367a0
AUTO: _ZNK20Thrust_Linearization17get_battery_indexEv @ 0xb39160
AUTO: _ZN15AP_MotorsMatrix16output_to_motorsEv @ 0x936c60
AUTO: _ZN20AP_MotorsMulticopter22set_actuator_with_slewERff @ 0x936f70
AUTO: _ZNK20Thrust_Linearization18thrust_to_actuatorEf @ 0x937130
AUTO: _ZN20AP_MotorsMulticopter13output_to_pwmEf @ 0x937210
AUTO: _ZNK20Thrust_Linearization35apply_thrust_curve_and_volt_scalingEf @ 0x937330
AUTO: _ZNK20Thrust_Linearization21get_compensation_gainEv @ 0x9375b0
AUTO: _ZNK15AP_MotorsMatrix11boost_ratioEff @ 0x9376c0
AUTO: _ZL3MINIffEDTqultfp_fp0_fp_fp0_ERKT_RKT0_.12687 @ 0x937750
AUTO: _ZN15AP_MotorsMatrix22check_for_failed_motorEf @ 0x9377e0
AUTO: _ZNK20Thrust_Linearization12get_lift_maxEv @ 0xb39380
AUTO: _ZN9AP_Motors23set_desired_spool_stateENS_17DesiredSpoolStateE @ 0x937b00
AUTO: _ZN20Thrust_Linearization33update_lift_max_from_batt_voltageEv @ 0x937b80
AUTO: _ZN20AP_MotorsMulticopter12output_logicEv @ 0x937f20
AUTO: _ZN20AP_MotorsMulticopter22update_external_limitsEv @ 0x938910
AUTO: _ZL3MAXIffEDTqugtfp_fp0_fp_fp0_ERKT_RKT0_.12752 @ 0x938ad0
AUTO: _ZN9AP_Motors10has_optionENS_12MotorOptionsE @ 0xb39430
AUTO: _ZNK9AP_ParamTIfL11ap_var_type4EEgeERKS1_ @ 0xb394b0
AUTO: _ZL3MAXI9AP_ParamTIfL11ap_var_type4EEfEDTqugtfp_fp0_fp_fp0_ERKT_RKT0_.12812 @ 0x938b50
AUTO: _ZNK9AP_Motors8get_dt_sEv @ 0xb39520
AUTO: _ZN15AP_MotorsMatrix19thrust_compensationEv @ 0x939f50
AUTO: _ZNK7FunctorIvJPfhEEcvbEv @ 0xb39680
AUTO: _ZN15AP_Baro_Backend17_copy_to_frontendEhff @ 0x942bf0
AUTO: _ZN12AP_Baro_SITL6_timerEv @ 0x943e80
AUTO: _ZN7FunctorIvJEE14method_wrapperI12AP_Baro_SITLXadL_ZNS2_6_timerEvEEEEvPv @ 0xb3b9a0
AUTO: _ZN7VectorNIN12AP_Baro_SITL13readings_baroELh50EEixEh @ 0xb3ba50
AUTO: _ZN12AP_Baro_SITL22temperature_adjustmentERfS0_ @ 0x944270
AUTO: _ZN12AP_Baro_SITL24wind_pressure_correctionEh @ 0x944460
AUTO: _ZL2sqf.2279 @ 0x944670
AUTO: _ZN7AP_Baro22_get_air_density_ratioEv @ 0x9446c0
AUTO: _ZL2sqf.2258 @ 0x944760
AUTO: _ZN12AP_Baro_SITL6updateEv @ 0x944850
AUTO: _ZN12AP_Baro_SITL19update_healthy_flagEh @ 0xb3bb60
AUTO: _ZN12AP_Baro_SITL7healthyEh @ 0x944900
AUTO: _ZNK22AP_BattMonitor_Backend17has_cell_voltagesEv @ 0xb3c270
AUTO: _ZNK22AP_BattMonitor_Backend15has_temperatureEv @ 0xb3c2c0
AUTO: _ZNK22AP_BattMonitor_Backend15get_temperatureERf @ 0x945110
AUTO: _ZNK22AP_BattMonitor_Backend22capacity_remaining_pctERh @ 0x9451d0
AUTO: _ZN22AP_BattMonitor_Backend26update_resistance_estimateEv @ 0x945350
AUTO: _ZN22AP_BattMonitor_Backend16update_failsafesEv @ 0x9456a0
AUTO: _ZNK22AP_BattMonitor_Backend25get_mavlink_fault_bitmaskEv @ 0xb3c370
AUTO: _ZL3MINIifEDTqultfp_fp0_fp_fp0_ERKT_RKT0_.18692 @ 0x9459c0
AUTO: _ZN21AP_BattMonitor_Analog4readEv @ 0x947660
AUTO: _ZNK21AP_BattMonitor_Analog19has_consumed_energyEv @ 0xb3d060
AUTO: _ZNK21AP_BattMonitor_Analog11has_currentEv @ 0x947860
AUTO: _ZN9AP_Notify19set_flight_mode_strEPKc @ 0x94de70
AUTO: _ZN6RGBLed6updateEv @ 0x953ac0
AUTO: _ZN6RGBLed8_set_rgbEhhh @ 0x953ef0
AUTO: _ZNK6RGBLed10rgb_sourceEv @ 0x954000
AUTO: _ZNK6RGBLed19get_colour_sequenceEv @ 0x954260
AUTO: _ZNK6RGBLed14get_brightnessEv @ 0x954650
AUTO: _ZN6RGBLed7set_rgbEhhh @ 0x954750
AUTO: _ZN10IS31FL31956_timerEv @ 0x954810
AUTO: _ZN7FunctorIvJEE14method_wrapperI10IS31FL3195XadL_ZNS2_6_timerEvEEEEvPv @ 0xb40710
AUTO: _ZN6LP55626_timerEv @ 0x954da0
AUTO: _ZN7FunctorIvJEE14method_wrapperI6LP5562XadL_ZNS2_6_timerEvEEEEvPv @ 0xb40a80
AUTO: _ZN14ToshibaLED_I2C6_timerEv @ 0x956bd0
AUTO: _ZN7FunctorIvJEE14method_wrapperI14ToshibaLED_I2CXadL_ZNS2_6_timerEvEEEEvPv @ 0xb41790
AUTO: _ZNK4Mode13logs_attitudeEv @ 0xb41e90
AUTO: _ZNK4Mode19crash_check_enabledEv @ 0xb42020
AUTO: _ZN4Mode16output_to_motorsEv @ 0x9596d0
AUTO: _ZN4Mode7AutoYaw8set_modeENS0_4ModeE @ 0x959ad0
AUTO: _ZNK13AC_PosControl23get_pos_estimate_NEU_cmEv @ 0xb422e0
AUTO: _ZNK4Mode21is_disarmed_or_landedEv @ 0x959d30
AUTO: _ZNK6Copter38get_rangefinder_height_interpolated_cmERi @ 0x959e50
AUTO: _ZNK18AP_SurfaceDistance38get_rangefinder_height_interpolated_cmERi @ 0x959ec0
AUTO: _ZNK18AP_SurfaceDistance19enabled_and_healthyEv @ 0x959fc0
AUTO: _ZN13AC_PosControl24set_max_speed_accel_U_cmEfff @ 0x95a030
AUTO: _ZN13AC_PosControl31set_correction_speed_accel_U_cmEfff @ 0x95a0e0
AUTO: _ZNK8AC_WPNav24get_wp_acceleration_cmssEv @ 0xb42410
AUTO: _ZN13AC_PosControl25set_max_speed_accel_NE_cmEff @ 0x95a190
AUTO: _ZN13AC_PosControl32set_correction_speed_accel_NE_cmEff @ 0x95a220
AUTO: _ZNK8AC_WPNav18crosstrack_error_mEv @ 0xb42470
AUTO: _ZNK13AC_PosControl18crosstrack_error_mEv @ 0x95a2b0
AUTO: _ZL2sqf.12305 @ 0x95a400
AUTO: _ZN3GCS33send_mission_item_reached_messageEt @ 0x95a950
AUTO: _ZN13AC_PosControl19update_U_controllerEv @ 0x95c3a0
AUTO: _ZN13AC_PosControl18handle_ekf_U_resetEv @ 0x95c8b0
AUTO: _ZN13AC_PosControl16update_offsets_UEv @ 0x95ca00
AUTO: _ZN13AC_PosControl14update_terrainEv @ 0x95ccf0
AUTO: _ZN7AC_P_1D10update_allERff @ 0x95cf10
AUTO: _ZNK7AP_AHRS16getControlScaleZEv @ 0x95d070
AUTO: _ZN12AC_PID_Basic10update_allEfffbb @ 0x95d0f0
AUTO: _ZNK6AC_PID4imaxEv @ 0xb42630
AUTO: _ZNK12AC_PID_Basic16get_filt_E_alphaEf @ 0x95d710
AUTO: _ZNK12AC_PID_Basic16get_filt_D_alphaEf @ 0x95d790
AUTO: _ZN12AC_PID_Basic8update_iEfbb @ 0x95d810
AUTO: _ZNK12AP_Proximity19get_upward_distanceERf @ 0x95ea00
AUTO: _ZNK4Mode7AutoYaw4modeEv @ 0xb42830
AUTO: _ZNK13AC_PosControl23get_vel_desired_NEU_cmsEv @ 0xb428f0
AUTO: _ZNK13AC_PosControl17get_thrust_vectorEv @ 0x95f630
AUTO: _ZN4Mode7AutoYaw11get_headingEv @ 0x95f6a0
AUTO: _ZN18AC_AttitudeControl27input_thrust_vector_headingERK7Vector3IfENS_14HeadingCommandE @ 0x95f870
AUTO: _ZNK4Mode31get_pilot_desired_yaw_rate_radsEv @ 0x95f990
AUTO: _ZN4Mode7AutoYaw18update_weathervaneEf @ 0x95fa80
AUTO: _ZN4Mode7AutoYaw7yaw_radEv @ 0x95fca0
AUTO: _ZN4Mode7AutoYaw9rate_radsEv @ 0x95fec0
AUTO: _ZNK13AC_PosControl17get_yaw_rate_radsEv @ 0xb42980
AUTO: _ZNK13AC_PosControl11get_yaw_radEv @ 0xb42a20
AUTO: _ZN4Mode7AutoYaw19set_mode_to_defaultEb @ 0x960f70
AUTO: _ZNK4Mode7AutoYaw12default_modeEb @ 0x960ff0
AUTO: _ZNK15AC_CommandModel8get_rateEv @ 0xb42b30
AUTO: _ZL7radiansf.1204 @ 0x9611a0
AUTO: _ZNK15AC_CommandModel8get_expoEv @ 0xb42b90
AUTO: _Z10input_expoff @ 0x9611f0
AUTO: _ZNK13AC_PosControl24get_accel_target_NEU_mssEv @ 0xb42bf0
AUTO: _ZNK13AC_PosControl21get_pos_desired_NEU_mEv @ 0xb42c40
AUTO: _ZNK13AC_PosControl20get_max_accel_NE_mssEv @ 0xb436e0
AUTO: _ZN6Copter27failsafe_terrain_set_statusEb @ 0x967680
AUTO: _ZNK8AC_WPNav24get_default_speed_NE_cmsEv @ 0xb438b0
AUTO: _ZNK8ModeAuto11mode_numberEv @ 0xb44160
AUTO: _ZNK8AC_WPNav28get_wp_stopping_point_NEU_cmER7Vector3IfE @ 0x96a7a0
AUTO: _ZN7FunctorIvJEE14method_wrapperI17AP_InertialSensorXadL_ZNS2_6updateEvEEEEvPv @ 0xb44240
AUTO: _ZN7FunctorIvJEE14method_wrapperI6CopterXadL_ZNS2_24run_rate_controller_mainEvEEEEvPv @ 0xb442f0
AUTO: _ZN7FunctorIvJEE14method_wrapperI6CopterXadL_ZNS2_21run_custom_controllerEvEEEEvPv @ 0xb443a0
AUTO: _ZN7FunctorIvJEE14method_wrapperI6CopterXadL_ZNS2_18motors_output_mainEvEEEEvPv @ 0xb44450
AUTO: _ZN7FunctorIvJEE14method_wrapperI6CopterXadL_ZNS2_9read_AHRSEvEEEEvPv @ 0xb44500
AUTO: _ZN7FunctorIvJEE14method_wrapperI6CopterXadL_ZNS2_12read_inertiaEvEEEEvPv @ 0xb445b0
AUTO: _ZN7FunctorIvJEE14method_wrapperI6CopterXadL_ZNS2_15check_ekf_resetEvEEEEvPv @ 0xb44660
AUTO: _ZN7FunctorIvJEE14method_wrapperI6CopterXadL_ZNS2_18update_flight_modeEvEEEEvPv @ 0xb44710
AUTO: _ZN7FunctorIvJEE14method_wrapperI6CopterXadL_ZNS2_20update_home_from_EKFEvEEEEvPv @ 0xb447c0
AUTO: _ZN7FunctorIvJEE14method_wrapperI6CopterXadL_ZNS2_31update_land_and_crash_detectorsEvEEEEvPv @ 0xb44870
AUTO: _ZN7FunctorIvJEE14method_wrapperI6CopterXadL_ZNS2_33update_rangefinder_terrain_offsetEvEEEEvPv @ 0xb44920
AUTO: _ZN7FunctorIvJEE14method_wrapperI8AP_MountXadL_ZNS2_11update_fastEvEEEEvPv @ 0xb449d0
AUTO: _ZN7FunctorIvJEE14method_wrapperI6CopterXadL_ZNS2_23Log_Video_StabilisationEvEEEEvPv @ 0xb44a80
AUTO: _ZN7FunctorIvJEE14method_wrapperI6CopterXadL_ZNS2_7rc_loopEvEEEEvPv @ 0xb44b30
AUTO: _ZN7FunctorIvJEE14method_wrapperI6CopterXadL_ZNS2_13throttle_loopEvEEEEvPv @ 0xb44be0
AUTO: _ZN7FunctorIvJEE14method_wrapperI6CopterXadL_ZNS2_11fence_checkEvEEEEvPv @ 0xb44c90
AUTO: _ZN7FunctorIvJEE14method_wrapperI6AP_GPSXadL_ZNS2_6updateEvEEEEvPv @ 0xb44d40
AUTO: _ZN7FunctorIvJEE14method_wrapperI14AP_OpticalFlowXadL_ZNS2_6updateEvEEEEvPv @ 0xb44df0
AUTO: _ZN7FunctorIvJEE14method_wrapperI6CopterXadL_ZNS2_19update_batt_compassEvEEEEvPv @ 0xb44ea0
AUTO: _ZN7FunctorIvJEE14method_wrapperI11RC_ChannelsXadL_ZNS2_12read_aux_allEvEEEEvPv @ 0xb44f50
AUTO: _ZN7FunctorIvJEE14method_wrapperI6CopterXadL_ZNS2_17auto_disarm_checkEvEEEEvPv @ 0xb45000
AUTO: _ZN7FunctorIvJEE14method_wrapperI18RC_Channels_CopterXadL_ZNS2_13auto_trim_runEvEEEEvPv @ 0xb450b0
AUTO: _ZN7FunctorIvJEE14method_wrapperI6CopterXadL_ZNS2_16read_rangefinderEvEEEEvPv @ 0xb45160
AUTO: _ZN7FunctorIvJEE14method_wrapperI12AP_ProximityXadL_ZNS2_6updateEvEEEEvPv @ 0xb45210
AUTO: _ZN7FunctorIvJEE14method_wrapperI9AP_BeaconXadL_ZNS2_6updateEvEEEEvPv @ 0xb452c0
AUTO: _ZN7FunctorIvJEE14method_wrapperI6CopterXadL_ZNS2_15update_altitudeEvEEEEvPv @ 0xb45370
AUTO: _ZN7FunctorIvJEE14method_wrapperI6CopterXadL_ZNS2_15run_nav_updatesEvEEEEvPv @ 0xb45420
AUTO: _ZN7FunctorIvJEE14method_wrapperI6CopterXadL_ZNS2_21update_throttle_hoverEvEEEEvPv @ 0xb454d0
AUTO: _ZN7FunctorIvJEE14method_wrapperI12ModeSmartRTLXadL_ZNS2_13save_positionEvEEEEvPv @ 0xb45580
AUTO: _ZN7FunctorIvJEE14method_wrapperI10AC_SprayerXadL_ZNS2_6updateEvEEEEvPv @ 0xb45630
AUTO: _ZN7FunctorIvJEE14method_wrapperI6CopterXadL_ZNS2_13three_hz_loopEvEEEEvPv @ 0xb456e0
AUTO: _ZN7FunctorIvJEE14method_wrapperI19AP_ServoRelayEventsXadL_ZNS2_13update_eventsEvEEEEvPv @ 0xb45790
AUTO: _ZN7FunctorIvJEE14method_wrapperI6CopterXadL_ZNS2_15update_preclandEvEEEEvPv @ 0xb45840
AUTO: _ZN7FunctorIvJEE14method_wrapperI6CopterXadL_ZNS2_17loop_rate_loggingEvEEEEvPv @ 0xb458f0
AUTO: _ZN7FunctorIvJEE14method_wrapperI6CopterXadL_ZNS2_11one_hz_loopEvEEEEvPv @ 0xb459a0
AUTO: _ZN7FunctorIvJEE14method_wrapperI6CopterXadL_ZNS2_9ekf_checkEvEEEEvPv @ 0xb45a50
AUTO: _ZN7FunctorIvJEE14method_wrapperI6CopterXadL_ZNS2_15check_vibrationEvEEEEvPv @ 0xb45b00
AUTO: _ZN7FunctorIvJEE14method_wrapperI6CopterXadL_ZNS2_15gpsglitch_checkEvEEEEvPv @ 0xb45bb0
AUTO: _ZN7FunctorIvJEE14method_wrapperI6CopterXadL_ZNS2_13takeoff_checkEvEEEEvPv @ 0xb45c60
AUTO: _ZN7FunctorIvJEE14method_wrapperI6CopterXadL_ZNS2_18landinggear_updateEvEEEEvPv @ 0xb45d10
AUTO: _ZN7FunctorIvJEE14method_wrapperI6CopterXadL_ZNS2_14standby_updateEvEEEEvPv @ 0xb45dc0
AUTO: _ZN7FunctorIvJEE14method_wrapperI6CopterXadL_ZNS2_18lost_vehicle_checkEvEEEEvPv @ 0xb45e70
AUTO: _ZN7FunctorIvJEE14method_wrapperI3GCSXadL_ZNS2_14update_receiveEvEEEEvPv @ 0xb45f20
AUTO: _ZN7FunctorIvJEE14method_wrapperI3GCSXadL_ZNS2_11update_sendEvEEEEvPv @ 0xb45fd0
AUTO: _ZN7FunctorIvJEE14method_wrapperI8AP_MountXadL_ZNS2_6updateEvEEEEvPv @ 0xb46080
AUTO: _ZN7FunctorIvJEE14method_wrapperI9AP_CameraXadL_ZNS2_6updateEvEEEEvPv @ 0xb46130
AUTO: _ZN7FunctorIvJEE14method_wrapperI6CopterXadL_ZNS2_19ten_hz_logging_loopEvEEEEvPv @ 0xb461e0
AUTO: _ZN7FunctorIvJEE14method_wrapperI6CopterXadL_ZNS2_21twentyfive_hz_loggingEvEEEEvPv @ 0xb46290
AUTO: _ZN7FunctorIvJEE14method_wrapperI9AP_LoggerXadL_ZNS2_14periodic_tasksEvEEEEvPv @ 0xb46340
AUTO: _ZN7FunctorIvJEE14method_wrapperI17AP_InertialSensorXadL_ZNS2_8periodicEvEEEEvPv @ 0xb463f0
AUTO: _ZN7FunctorIvJEE14method_wrapperI12AP_SchedulerXadL_ZNS2_14update_loggingEvEEEEvPv @ 0xb464a0
AUTO: _ZN7FunctorIvJEE14method_wrapperI18AP_TempCalibrationXadL_ZNS2_6updateEvEEEEvPv @ 0xb46550
AUTO: _ZN7FunctorIvJEE14method_wrapperI6CopterXadL_ZNS2_21avoidance_adsb_updateEvEEEEvPv @ 0xb46600
AUTO: _ZN7FunctorIvJEE14method_wrapperI6CopterXadL_ZNS2_14terrain_updateEvEEEEvPv @ 0xb466b0
AUTO: _ZN7FunctorIvJEE14method_wrapperI8AP_WinchXadL_ZNS2_6updateEvEEEEvPv @ 0xb46760
AUTO: _ZN7FunctorIvJEE14method_wrapperI9AP_ButtonXadL_ZNS2_6updateEvEEEEvPv @ 0xb46810
AUTO: _ZN7FunctorIvJEE14method_wrapperI6CopterXadL_ZNS2_43update_dynamic_notch_at_specified_rate_mainEvEEEEvPv @ 0xb468c0
AUTO: _ZN6Copter43update_dynamic_notch_at_specified_rate_mainEv @ 0x96ae30
AUTO: _ZN10AP_Vehicle38update_dynamic_notch_at_specified_rateEv @ 0x96aea0
AUTO: _ZN10AP_Vehicle20update_dynamic_notchERN17AP_InertialSensor13HarmonicNotchE @ 0x96aff0
AUTO: _ZN9AP_Button6updateEv @ 0x96c0d0
AUTO: _ZN8AP_Winch6updateEv @ 0x96cd50
AUTO: _ZNK8AP_Winch7enabledEv @ 0x96cdd0
AUTO: _ZN6Copter14terrain_updateEv @ 0x96ce50
AUTO: _ZN10AP_Terrain6updateEv @ 0x96cef0
AUTO: _ZN11RangeFinder28set_estimated_terrain_heightEf @ 0xb46d80
AUTO: _ZN10AP_Terrain16schedule_disk_ioEv @ 0x96d0c0
AUTO: _ZN10AP_Terrain19update_mission_dataEv @ 0x96d310
AUTO: _ZN10AP_Terrain17update_rally_dataEv @ 0x96d620
AUTO: _ZN10AP_Terrain24update_surrounding_tilesERK8Location @ 0x96d7f0
AUTO: _ZNK8AP_Rally19last_change_time_msEv @ 0xb46df0
AUTO: _ZNK10AP_Mission19last_change_time_msEv @ 0xb46e40
AUTO: _ZN10AP_Terrain15check_disk_readEv @ 0x96d970
AUTO: _ZN10AP_Terrain16check_disk_writeEv @ 0x96da50
AUTO: _ZN10AP_Terrain11find_io_idxENS_14GridCacheStateE @ 0x96db30
AUTO: _ZN10AP_Terrain8io_timerEv @ 0x96ddb0
AUTO: _ZN7FunctorIvJEE14method_wrapperI10AP_TerrainXadL_ZNS2_8io_timerEvEEEEvPv @ 0xb46ef0
AUTO: _ZN10AP_Terrain9open_fileEv @ 0x96dee0
AUTO: _ZN10AP_Terrain11write_blockEv @ 0x96e2d0
AUTO: _ZN10AP_Terrain11seek_offsetEv @ 0x96e600
AUTO: _ZN10AP_Terrain13get_block_crcERNS_10grid_blockE @ 0x96e6f0
AUTO: _ZNK10AP_Terrain11east_blocksERNS_10grid_blockE @ 0x96e780
AUTO: _ZN6Copter21avoidance_adsb_updateEv @ 0x96e8d0
AUTO: _ZN7AP_ADSB6updateEv @ 0x96e940
AUTO: _ZN12AP_Avoidance6updateEv @ 0x96eb20
AUTO: _ZN12AP_Avoidance13check_startupEv @ 0x96ebe0
AUTO: _ZN7AP_ADSB3LocC2Ev @ 0xb47180
AUTO: _ZNK7AP_AHRS19get_vert_pos_rate_DERf @ 0x970420
AUTO: _ZN7AP_ADSB6updateERKNS_3LocE @ 0x970550
AUTO: _ZNK7NavEKF320getPosDownDerivativeEv @ 0x970c10
AUTO: _ZNK12NavEKF3_core20getPosDownDerivativeEv @ 0x970e60
AUTO: _ZN18AP_TempCalibration6updateEv @ 0x970f20
AUTO: _ZN12AP_Scheduler14update_loggingEv @ 0x971af0
AUTO: _ZN12AP_Scheduler11debug_flagsEv @ 0xb471f0
AUTO: _ZN12AP_Scheduler21Log_Write_PerformanceEv @ 0x971d60
AUTO: _ZN2AP8PerfInfo13has_task_infoEv @ 0xb47250
AUTO: _ZNK2AP8PerfInfo20get_num_long_runningEv @ 0x971f70
AUTO: _ZNK2AP8PerfInfo13get_num_loopsEv @ 0x971fc0
AUTO: _ZNK2AP8PerfInfo12get_max_timeEv @ 0x972010
AUTO: _ZN12AP_Scheduler12load_averageEv @ 0x972060
AUTO: _ZNK16AP_InternalError5countEv @ 0xb472b0
AUTO: _ZN17AP_InertialSensor8periodicEv @ 0x9722a0
AUTO: _ZN17AP_InertialSensor12BatchSampler8periodicEv @ 0x972300
AUTO: _ZN9AP_Logger14periodic_tasksEv @ 0x972920
AUTO: _ZN6Copter21twentyfive_hz_loggingEv @ 0x9729c0
AUTO: _ZN6Copter17Log_Write_EKF_POSEv @ 0x972aa0
AUTO: _ZNK17AP_InertialSensor9Write_IMUEv @ 0x972af0
AUTO: _ZN10AP_GyroFFT18write_log_messagesEv @ 0x972bb0
AUTO: _ZL3MAXIhhEDTqugtfp_fp0_fp_fp0_ERKT_RKT0_ @ 0x973230
AUTO: _ZNK17AP_InertialSensor18Write_IMU_instanceEmh @ 0x9732b0
AUTO: _ZNK17AP_InertialSensor16get_gyro_rate_hzEh @ 0xb47470
AUTO: _ZNK17AP_InertialSensor17get_accel_rate_hzEh @ 0xb474f0
AUTO: _ZN7AP_AHRS9Log_WriteEv @ 0x973440
AUTO: _ZN7NavEKF29Log_WriteEv @ 0x9734d0
AUTO: _ZN7NavEKF39Log_WriteEv @ 0x9735e0
AUTO: _ZNK7AP_AHRS11Write_AHRS2Ev @ 0x9736f0
AUTO: _ZNK7AP_AHRS9Write_POSEv @ 0x9738d0
AUTO: _ZN4SITL3SIM18Log_Write_SIMSTATEEv @ 0x973a30
AUTO: _ZNK7AP_AHRS22get_secondary_attitudeER7Vector3IfE @ 0xb47570
AUTO: _ZNK7AP_AHRS22get_secondary_positionER8Location @ 0xb475f0
AUTO: _ZNK7AP_AHRS24get_secondary_quaternionER11QuaternionTIfE @ 0xb47670
AUTO: _ZL7degreesf.1917 @ 0x973bc0
AUTO: _ZN12NavEKF3_core9Log_WriteEm @ 0x973c10
AUTO: _ZNK7AP_EnumIN7NavEKF38LogLevelEEcvKS1_Ev @ 0xb476f0
AUTO: _ZNK12NavEKF3_core14Log_Write_XKF4Em @ 0x973d60
AUTO: _ZN12NavEKF3_core13Log_Write_GSFEm @ 0x9740b0
AUTO: _ZNK12NavEKF3_core14Log_Write_XKF1Em @ 0x974160
AUTO: _ZNK12NavEKF3_core14Log_Write_XKF2Em @ 0x974430
AUTO: _ZNK12NavEKF3_core14Log_Write_XKF3Em @ 0x9746d0
AUTO: _ZNK12NavEKF3_core14Log_Write_XKF5Em @ 0x974930
AUTO: _ZNK12NavEKF3_core14Log_Write_XKFSEm @ 0x974b90
AUTO: _ZNK12NavEKF3_core20Log_Write_QuaternionEm @ 0x974ca0
AUTO: _ZN12NavEKF3_core16Log_Write_BeaconEm @ 0x974d80
AUTO: _ZN12NavEKF3_core18Log_Write_BodyOdomEm @ 0x975070
AUTO: _ZN12NavEKF3_core25Log_Write_State_VariancesEm @ 0x9751e0
AUTO: _ZN12NavEKF3_core16Log_Write_TimingEm @ 0x975500
AUTO: _ZNK6AP_DAL12logging_coreEh @ 0x975660
AUTO: _ZL3MAXIjjEDTqugtfp_fp0_fp_fp0_ERKT_RKT0_ @ 0x9756b0
AUTO: _ZNK16AP_NavEKF_Source21getPosVelYawSourceSetEv @ 0xb47740
AUTO: _ZL3MAXIddEDTqugtfp_fp0_fp_fp0_ERKT_RKT0_.4677 @ 0x975730
AUTO: _ZL3MINIdiEDTqultfp_fp0_fp_fp0_ERKT_RKT0_.4678 @ 0x9757b0
AUTO: _ZNK12NavEKF3_core14getInnovationsER7Vector3IfES2_S2_RfS3_ @ 0x975850
AUTO: _ZL7degreesf.4675 @ 0x975a50
AUTO: _ZNK12NavEKF3_core26getSynthAirDataInnovationsER7Vector2IfERf @ 0x975aa0
AUTO: _ZN10EKFGSF_yaw9Log_WriteEm11LogMessagesS0_h @ 0x975b70
AUTO: _ZL7degreesf.19457 @ 0x975ef0
AUTO: _ZL3MAXIffEDTqugtfp_fp0_fp_fp0_ERKT_RKT0_.19458 @ 0x975f40
AUTO: _ZL3MAXIdfEDTqugtfp_fp0_fp_fp0_ERKT_RKT0_.4676 @ 0x975fc0
AUTO: _ZN6Copter19ten_hz_logging_loopEv @ 0x977af0
AUTO: _ZNK7AP_AHRS14Write_AttitudeERK7Vector3IfE @ 0x977ea0
AUTO: _ZN6Copter18Log_Write_AttitudeEv @ 0x977fb0
AUTO: _ZN6Copter14Log_Write_RateEv @ 0x978010
AUTO: _ZN6Copter14Log_Write_PIDSEv @ 0x978070
AUTO: _ZN9AP_Logger10Write_RCINEv @ 0x978290
AUTO: _ZN9AP_Logger11Write_RCOUTEv @ 0x978530
AUTO: _ZN13AC_PosControl9write_logEv @ 0x978ae0
AUTO: _ZNK17AP_InertialSensor15Write_VibrationEv @ 0x978f60
AUTO: _ZN12AP_Proximity3logEv @ 0x979080
AUTO: _ZN9AP_Beacon3logEv @ 0x9793b0
AUTO: _ZN8AP_Winch9write_logEv @ 0x9794f0
AUTO: _ZN8AP_Mount9write_logEv @ 0x979570
AUTO: _ZNK12AP_Proximity12distance_maxEv @ 0x9796a0
AUTO: _ZNK17AP_InertialSensor20get_accel_clip_countEh @ 0x979bf0
AUTO: _ZN13AC_PosControl10Write_PSCNEfffffffff @ 0x979c90
AUTO: _ZN13AC_PosControl10Write_PSCEEfffffffff @ 0x979d90
AUTO: _ZNK7Vector2IdE7is_zeroEv @ 0xb477e0
AUTO: _ZN13AC_PosControl10Write_PSCDEfffffffff @ 0x97a010
AUTO: _ZN13AC_PosControl10Write_PSCxE11LogMessagesfffffffff @ 0x97a3a0
AUTO: _ZN11RC_Channels12get_radio_inEPth @ 0x97a5e0
AUTO: _ZNK11RC_Channels17get_override_maskEv @ 0x97a6d0
AUTO: _ZL3MINIhiEDTqultfp_fp0_fp_fp0_ERKT_RKT0_.6934 @ 0x97a790
AUTO: _ZN9AP_Logger9Write_PIDEhRK10AP_PIDInfo @ 0x97a810
AUTO: _ZN13AC_PosControl14get_vel_NE_pidEv @ 0xb478d0
AUTO: _ZNK9AC_PID_2D14get_pid_info_xEv @ 0xb47920
AUTO: _ZNK9AC_PID_2D14get_pid_info_yEv @ 0xb47970
AUTO: _ZNK18AC_AttitudeControl10Write_RateERK13AC_PosControl @ 0x97a9a0
AUTO: _ZNK18AC_AttitudeControl15rate_bf_targetsEv @ 0xb479c0
AUTO: _ZNK13AC_PosControl25get_accel_target_NEU_cmssEv @ 0xb47a50
AUTO: _ZNK18AC_AttitudeControl22get_last_angle_P_scaleEv @ 0xb47ae0
AUTO: _ZNK18AC_AttitudeControl9Write_ANGEv @ 0x97add0
AUTO: _ZNK12AP_Scheduler22get_loop_start_time_usEv @ 0xb47b30
AUTO: _ZL7degreesf.12066 @ 0x97af00
AUTO: _ZNK12AP_Scheduler20get_last_loop_time_sEv @ 0xb47b80
AUTO: _ZN9AP_Camera6updateEv @ 0x97af50
AUTO: _ZN8AP_Mount6updateEv @ 0x97b010
AUTO: _ZN6Copter18lost_vehicle_checkEv @ 0x97b0c0
AUTO: _ZN6Copter14standby_updateEv @ 0x97b230
AUTO: _ZN6Copter18landinggear_updateEv @ 0x97b380
AUTO: _ZN6Copter13takeoff_checkEv @ 0x97b920
AUTO: _ZN9AP_Motors17set_spoolup_blockEb @ 0xb47bd0
AUTO: _ZN6Copter15gpsglitch_checkEv @ 0x97beb0
AUTO: _ZN6Copter15check_vibrationEv @ 0x97bfd0
AUTO: _ZNK7AP_AHRS15get_innovationsER7Vector3IfES2_S2_RfS3_ @ 0x97c2f0
AUTO: _ZNK7AP_AHRS21is_vibration_affectedEv @ 0x97c460
AUTO: _ZNK7NavEKF319isVibrationAffectedEv @ 0x97c530
AUTO: _ZNK12NavEKF3_core19isVibrationAffectedEv @ 0xb47c90
AUTO: _ZNK7NavEKF314getInnovationsER7Vector3IfES2_S2_RfS3_ @ 0x97c6b0
AUTO: _ZN6Copter9ekf_checkEv @ 0x97c860
AUTO: _ZN6Copter18ekf_over_thresholdEv @ 0x97cc10
AUTO: _ZN6Copter11one_hz_loopEv @ 0x97d1a0
AUTO: _ZNK6Copter8ap_valueEv @ 0x97d440
AUTO: _ZN6Copter14Log_Write_DataE9LogDataIDj @ 0x97d4f0
AUTO: _ZN6Copter15terrain_loggingEv @ 0x97d5b0
AUTO: _ZN7AP_ADSB13set_is_flyingEb @ 0xb47cf0
AUTO: _ZN16AC_CustomControl21set_notch_sample_rateEf @ 0x97d630
AUTO: _ZNK6Copter18get_fast_rate_typeEv @ 0xb47d50
AUTO: _ZN6Copter13motors_outputEb @ 0x97e6d0
AUTO: _ZNK17AP_InertialSensor24write_notch_log_messagesEv @ 0x97ed40
AUTO: _ZN12SRV_Channels8calc_pwmEv @ 0x97f1e0
AUTO: _ZN12SRV_Channels13output_ch_allEv @ 0x97f400
AUTO: _ZN7Compass11set_voltageEf @ 0xb48310
AUTO: _ZN16Compass_PerMotor11set_voltageEf @ 0xb483e0
AUTO: _ZN9AP_Motors8set_dt_sEf @ 0xb48880
AUTO: _ZN10AP_Terrain16log_terrain_dataEv @ 0x980150
AUTO: _ZN6Copter17loop_rate_loggingEv @ 0x980300
AUTO: _ZN6Copter15update_preclandEv @ 0x980410
AUTO: _ZNK6Copter18rangefinder_alt_okEv @ 0x9804a0
AUTO: _ZN11AC_PrecLand6updateEfb @ 0x980500
AUTO: _ZNK11AC_PrecLand7enabledEv @ 0xb48a20
AUTO: _ZN6Copter13three_hz_loopEv @ 0x982a20
AUTO: _ZN6Copter18failsafe_gcs_checkEv @ 0x982aa0
AUTO: _ZN6Copter22failsafe_terrain_checkEv @ 0x982c60
AUTO: _ZN6Copter25failsafe_deadreckon_checkEv @ 0x982d70
AUTO: _ZN6Copter6tuningEv @ 0x983080
AUTO: _ZN6Copter17low_alt_avoidanceEv @ 0x9831d0
AUTO: _ZN8AC_Avoid30proximity_alt_avoidance_enableEb @ 0xb490a0
AUTO: _ZN6Copter6tuningEPK10RC_Channelaff @ 0x9832b0
AUTO: _ZN10AC_Sprayer6updateEv @ 0x984290
AUTO: _ZN12ModeSmartRTL13save_positionEv @ 0x9846e0
AUTO: _ZN11AP_SmartRTL6updateEbb @ 0x9847c0
AUTO: _ZN11AP_SmartRTL6updateEbRK7Vector3IfE @ 0x9848c0
AUTO: _ZN6Copter21update_throttle_hoverEv @ 0x9849f0
AUTO: _ZNK7AP_AHRS14get_velocity_DERfb @ 0x984c60
AUTO: _ZL7radiansi @ 0x984d20
AUTO: _ZN20AP_MotorsMulticopter21update_throttle_hoverEf @ 0x984d80
AUTO: _ZN10AP_GyroFFT17update_freq_hoverEff @ 0x984eb0
AUTO: _ZN6Copter15run_nav_updatesEv @ 0x9852e0
AUTO: _ZN6Copter15update_altitudeEv @ 0x985330
AUTO: _ZN6Copter14read_barometerEv @ 0x9853e0
AUTO: _ZN6Copter24Log_Write_Control_TuningEv @ 0x985470
AUTO: _ZNK9AP_Logger9quiet_nanEv @ 0xb49880
AUTO: _ZNK13AC_PosControl19get_pos_target_U_cmEv @ 0xb498e0
AUTO: _ZNK13AC_PosControl20get_vel_target_U_cmsEv @ 0xb49940
AUTO: _ZNK6Copter15SurfaceTracking27get_target_dist_for_loggingERf @ 0x985720
AUTO: _ZNK18AC_AttitudeControl11angle_boostEv @ 0xb499a0
AUTO: _ZNK6Copter15SurfaceTracking20get_dist_for_loggingEv @ 0x985820
AUTO: _ZNK13AC_PosControl24get_vel_estimate_NEU_cmsEv @ 0xb499f0
AUTO: _ZNK13AC_PosControl19get_vel_target_U_msEv @ 0xb49a80
AUTO: _ZNK13AC_PosControl18get_pos_target_U_mEv @ 0xb49ad0
AUTO: _ZN9AP_Beacon6updateEv @ 0x9858a0
AUTO: _ZN12AP_Proximity6updateEv @ 0x985fb0
AUTO: _ZNK12AP_Proximity15get_filter_freqEv @ 0xb49b30
AUTO: _ZN24AP_Proximity_Boundary_3D15set_filter_freqEf @ 0xb49b90
AUTO: _ZN24AP_Proximity_Boundary_3D18check_face_timeoutEv @ 0x986080
AUTO: _ZN6Copter16read_rangefinderEv @ 0x9861e0
AUTO: _ZN11RangeFinder6updateEv @ 0x986310
AUTO: _ZN18AP_SurfaceDistance6updateEv @ 0x986430
AUTO: _ZN18AP_SurfaceDistance10data_staleEv @ 0x986820
AUTO: _ZN12AP_Proximity19set_rangefinder_altEbbf @ 0x9868b0
AUTO: _ZL3MAXIffEDTqugtfp_fp0_fp_fp0_ERKT_RKT0_.13176 @ 0x986960
AUTO: _ZNK18AP_SurfaceDistance9Log_WriteEv @ 0x986b60
AUTO: _ZNK11RangeFinder8Log_RFNDEv @ 0x986c80
AUTO: _ZN18RC_Channels_Copter13auto_trim_runEv @ 0x986dc0
AUTO: _ZN6Copter17auto_disarm_checkEv @ 0x9870e0
AUTO: _ZN11RC_Channels12read_aux_allEv @ 0x987360
AUTO: _ZN10RC_Channel8read_auxEv @ 0x987450
AUTO: _ZN6Copter19update_batt_compassEv @ 0x9879e0
AUTO: _ZN14AP_BattMonitor4readEv @ 0x987ac0
AUTO: _ZN7Compass12set_throttleEf @ 0xb49c50
AUTO: _ZN9AP_Logger11Write_PowerEv @ 0x987cf0
AUTO: _ZNK22AP_BattMonitor_Backend13Log_Write_BATEhm @ 0x987d40
AUTO: _ZNK22AP_BattMonitor_Backend13Log_Write_BCLEhm @ 0x987fe0
AUTO: _ZN14AP_BattMonitor15check_failsafesEv @ 0x9881e0
AUTO: _ZN14AP_BattMonitor16checkPoweringOffEv @ 0x9884f0
AUTO: _ZNK22AP_BattMonitor_Backend23get_state_of_health_pctERh @ 0x988650
AUTO: _ZN14AP_OpticalFlow6updateEv @ 0x9886e0
AUTO: _ZN6AP_GPS6updateEv @ 0x989c90
AUTO: _ZN6AP_GPS15update_instanceEh @ 0x989e10
AUTO: _ZN6AP_GPS14update_primaryEv @ 0x98a5b0
AUTO: _ZN14AP_GPS_Blended19zero_health_counterEv @ 0xb49d50
AUTO: _ZN6AP_GPS9Write_GPSEh @ 0x98bd80
AUTO: _ZL3MINIfiEDTqultfp_fp0_fp_fp0_ERKT_RKT0_.3064 @ 0x98c1c0
AUTO: _ZNK6AP_GPS26last_message_delta_time_msEh @ 0xb49e00
AUTO: _ZNK6AP_GPS10should_logEv @ 0x98c260
AUTO: _ZN6AP_GPS16send_blob_updateEh @ 0x98d3e0
AUTO: _ZN14AP_GPS_Backend14check_new_itowEjj @ 0x992130
AUTO: _ZN12AP_GPS_UBLOX20_request_next_configEv @ 0x996320
AUTO: _ZN12AP_GPS_UBLOX21_request_message_rateEhh @ 0x996dc0
AUTO: _ZN12AP_GPS_UBLOX13_request_portEv @ 0x996e80
AUTO: _ZN12AP_GPS_UBLOX13_send_messageEhhPKvt @ 0x996f10
AUTO: _ZN12AP_GPS_UBLOX16_update_checksumEPhtRhS1_ @ 0x997dd0
AUTO: _ZN12AP_GPS_UBLOX4readEv @ 0x997f00
AUTO: _ZNK12AP_GPS_UBLOX13is_configuredEv @ 0xb4ac80
AUTO: _ZNK12AP_GPS_UBLOX7get_lagERf @ 0x9985e0
AUTO: _ZNK12AP_GPS_UBLOX10is_healthyEv @ 0x998770
AUTO: _ZL3MINIjjEDTqultfp_fp0_fp_fp0_ERKT_RKT0_.3359 @ 0x998bc0
AUTO: _ZN12AP_GPS_UBLOXUt_ixEm @ 0xb4ad90
AUTO: _ZN12AP_GPS_UBLOX10_parse_gpsEv @ 0x998c40
AUTO: _ZN12AP_GPS_UBLOX15_check_new_itowEj @ 0x99c100
AUTO: _ZN12AP_GPS_UBLOX23_configure_message_rateEhhh @ 0x99c180
AUTO: _ZN6Copter11fence_checkEv @ 0x9a3780
AUTO: _ZN6Copter13throttle_loopEv @ 0x9a3ad0
AUTO: _ZN6Copter19update_throttle_mixEv @ 0x9a3b40
AUTO: _ZN6Copter17update_auto_armedEv @ 0x9a3de0
AUTO: _ZN6Copter29update_ground_effect_detectorEv @ 0x9a3fb0
AUTO: _ZN6Copter32update_ekf_terrain_height_stableEv @ 0x9a46a0
AUTO: _ZN7AP_AHRS22set_terrain_hgt_stableEb @ 0x9a4790
AUTO: _ZN7NavEKF219setTerrainHgtStableEb @ 0x9a4890
AUTO: _ZN7NavEKF319setTerrainHgtStableEb @ 0x9a4990
AUTO: _ZN12NavEKF3_core19setTerrainHgtStableEb @ 0x9a4a90
AUTO: _ZN7AP_AHRS22set_touchdown_expectedEb @ 0x9a4b50
AUTO: _ZNK13AC_PosControl22get_vel_target_NEU_cmsEv @ 0xb4c5c0
AUTO: _ZL7radiansf.996 @ 0x9a4bc0
AUTO: _ZNK13AC_PosControl21get_vel_target_NEU_msEv @ 0xb4c650
AUTO: _ZL9cd_to_radf.1156 @ 0x9a4c10
AUTO: _ZNK6Copter16get_force_flyingEv @ 0x9a4c60
AUTO: _ZNK13AC_PosControl23get_vel_U_control_ratioEv @ 0xb4c6a0
AUTO: _ZN6Copter7rc_loopEv @ 0x9a4cc0
AUTO: _ZN6Copter23Log_Video_StabilisationEv @ 0x9a4d20
AUTO: _ZN8AP_Mount11update_fastEv @ 0x9a4ef0
AUTO: _ZN6Copter33update_rangefinder_terrain_offsetEv @ 0x9a4fa0
AUTO: _ZL3MAXI9AP_ParamTIfL11ap_var_type4EEfEDTqugtfp_fp0_fp_fp0_ERKT_RKT0_.1783 @ 0x9a51d0
AUTO: _ZN8AC_WPNav33set_rangefinder_terrain_offset_cmEbbf @ 0xb4c710
AUTO: _ZN9AC_Circle33set_rangefinder_terrain_offset_cmEbbf @ 0xb4c820
AUTO: _ZN6Copter31update_land_and_crash_detectorsEv @ 0x9a5260
AUTO: _ZN6Copter20update_land_detectorEv @ 0x9a5360
AUTO: _ZN6Copter15parachute_checkEv @ 0x9a5970
AUTO: _ZN6Copter11crash_checkEv @ 0x9a5cc0
AUTO: _ZN6Copter17thrust_loss_checkEv @ 0x9a5ff0
AUTO: _ZN6Copter19yaw_imbalance_checkEv @ 0x9a6340
AUTO: _ZNK6Copter17option_is_enabledENS_12FlightOptionE @ 0xb4c8c0
AUTO: _ZL9cd_to_radf.1034 @ 0x9a6640
AUTO: _ZL2sqf @ 0x9a6690
AUTO: _ZN14AP_LandingGear13get_wow_stateEv @ 0x9a6b90
AUTO: _ZN6Copter8Log_LDETEtj @ 0x9a6be0
AUTO: _ZN6Copter20update_home_from_EKFEv @ 0x9a6d30
AUTO: _ZN6Copter18update_flight_modeEv @ 0x9a6ef0
AUTO: _ZN6Copter15SurfaceTracking22invalidate_for_loggingEv @ 0xb4cad0
AUTO: _ZN18AC_AttitudeControl21landed_gain_reductionEb @ 0x9a6f90
AUTO: _ZN6Copter15check_ekf_resetEv @ 0x9a7280
AUTO: _ZN7AP_AHRS20getLastYawResetAngleERf @ 0x9a73f0
AUTO: _ZNK7AP_AHRS22get_primary_core_indexEv @ 0xb4cb20
AUTO: _ZN7NavEKF320getLastYawResetAngleERf @ 0x9a7720
AUTO: _ZN6Copter12read_inertiaEv @ 0x9a7870
AUTO: _ZN13AC_PosControl16update_estimatesEb @ 0x9a79e0
AUTO: _ZN9AP_Follow16update_estimatesEv @ 0x9a7b90
AUTO: _ZN9AP_Follow32clear_dist_and_bearing_to_targetEv @ 0x9a89c0
AUTO: _ZN6Copter9read_AHRSEv @ 0x9a8ea0
AUTO: _ZN6Copter18motors_output_mainEv @ 0x9a8f00
AUTO: _ZN6Copter21run_custom_controllerEv @ 0xb4cbd0
AUTO: _ZN16AC_CustomControl6updateEv @ 0x9a8f70
AUTO: _ZN16AC_CustomControl14is_safe_to_runEv @ 0x9a9040
AUTO: _ZN6Copter24run_rate_controller_mainEv @ 0x9a9280
AUTO: _ZN13AC_PosControl8set_dt_sEf @ 0xb4cc30
AUTO: _ZN18AC_AttitudeControl8set_dt_sEf @ 0xb4cca0
AUTO: _ZN4Mode18get_pilot_speed_dnEv @ 0x9ab490
AUTO: _ZNK13AC_PosControl18get_pos_error_U_cmEv @ 0xb50660
AUTO: _ZNK13AC_PosControl17get_pos_error_U_mEv @ 0xb506c0
AUTO: _ZNK13AC_PosControl21get_pos_offset_NEU_cmEv @ 0xb51d60
AUTO: _ZNK10ModeCircle11mode_numberEv @ 0xb53120
AUTO: _ZN10ModeCircle4initEb @ 0x9c1190
AUTO: _ZNK10ModeCircle12requires_GPSEv @ 0xb53170
AUTO: _ZNK10ModeCircle19has_manual_throttleEv @ 0xb531c0
AUTO: _ZNK10ModeCircle12is_autopilotEv @ 0xb53270
AUTO: _ZNK10ModeCircle5name4Ev @ 0xb53310
AUTO: _ZN9AC_Circle15calc_velocitiesEb @ 0x9c2280
AUTO: _ZL3MINIffEDTqultfp_fp0_fp_fp0_ERKT_RKT0_.12425 @ 0x9c2430
AUTO: _ZL3MAXIffEDTqugtfp_fp0_fp_fp0_ERKT_RKT0_.12424 @ 0x9c24c0
AUTO: _ZN9AC_Circle4initEv @ 0x9c27c0
AUTO: _ZNK9AC_Circle13roi_at_centerEv @ 0xb53580
AUTO: _ZN9AC_Circle16init_start_angleEb @ 0x9c2950
AUTO: _ZN8ModeAuto12exit_missionEv @ 0x9ccad0
AUTO: _ZN7FunctorIvJEE14method_wrapperI8ModeAutoXadL_ZNS2_12exit_missionEvEEEEvPv @ 0xb54de0
AUTO: _ZN8ModeAuto12loiter_startEv @ 0x9ccba0
AUTO: _ZN8ModeAuto14verify_commandERKN10AP_Mission15Mission_CommandE @ 0x9ccc80
AUTO: _ZN7FunctorIbJRKN10AP_Mission15Mission_CommandEEE14method_wrapperI8ModeAutoXadL_ZNS6_14verify_commandES3_EEEEbPvS3_ @ 0xb54e90
AUTO: _ZN8ModeAuto13verify_nav_wpERKN10AP_Mission15Mission_CommandE @ 0x9cd1f0
AUTO: _ZN8ModeAuto11set_submodeENS_7SubModeE @ 0x9ce400
AUTO: _ZN8ModeAuto13start_commandERKN10AP_Mission15Mission_CommandE @ 0x9cea70
AUTO: _ZN7FunctorIbJRKN10AP_Mission15Mission_CommandEEE14method_wrapperI8ModeAutoXadL_ZNS6_13start_commandES3_EEEEbPvS3_ @ 0xb55210
AUTO: _ZN8ModeAuto9do_nav_wpERKN10AP_Mission15Mission_CommandE @ 0x9cef70
AUTO: _ZN8ModeAuto8wp_startERK8Location @ 0x9d0c70
AUTO: _ZNK8ModeAuto20subtract_pos_offsetsER8Location @ 0x9d1570
AUTO: _ZN8ModeAuto11set_next_wpERKN10AP_Mission15Mission_CommandERK8Location @ 0x9d1930
AUTO: _ZNK8ModeAuto12loc_from_cmdERKN10AP_Mission15Mission_CommandERK8Location @ 0x9d1b20
AUTO: _ZN8ModeAuto4exitEv @ 0x9d3c80
AUTO: _ZN8ModeAuto3runEv @ 0x9d3d30
AUTO: _ZNK8ModeAuto12requires_GPSEv @ 0x9d4050
AUTO: _ZNK8ModeAuto19has_manual_throttleEv @ 0xb555e0
AUTO: _ZNK8ModeAuto13is_taking_offEv @ 0x9d4140
AUTO: _ZNK8ModeAuto10is_landingEv @ 0x9d41b0
AUTO: _ZNK8ModeAuto6get_wpER8Location @ 0x9d4260
AUTO: _ZNK8ModeAuto14wp_bearing_degEv @ 0x9d4380
AUTO: _ZNK8ModeAuto13wp_distance_mEv @ 0x9d4450
AUTO: _ZNK8ModeAuto18crosstrack_error_mEv @ 0xb55890
AUTO: _ZNK8ModeAuto13use_pilot_yawEv @ 0x9d4830
AUTO: _ZNK8ModeAuto20allows_weathervaningEv @ 0x9d4a10
AUTO: _ZNK8ModeAuto17option_is_enabledENS_6OptionE @ 0x9d4a70
AUTO: _ZL7degreesf.1235 @ 0x9d4af0
AUTO: _ZN10AP_Mission15start_or_resumeEv @ 0x9d4b40
AUTO: _ZN25AP_Mission_ChangeDetector24check_for_mission_changeEv @ 0x9d4be0
AUTO: _ZN10AP_Mission6updateEv @ 0x9d4f90
AUTO: _ZN8ModeAuto6wp_runEv @ 0x9d51c0
AUTO: _ZN8ModeAuto10loiter_runEv @ 0x9d5570
AUTO: _ZNK10AP_Mission28get_in_landing_sequence_flagEv @ 0xb55990
AUTO: _ZNK10AP_Mission23get_in_return_path_flagEv @ 0xb559f0
AUTO: _ZN10AP_Mission20update_exit_positionEv @ 0x9d6a20
AUTO: _ZN10AP_Mission27on_mission_timestamp_changeEv @ 0x9d6ab0
AUTO: _ZN10AP_Mission14verify_commandERKNS_15Mission_CommandE @ 0x9d6b00
AUTO: _ZN10AP_Mission22advance_current_do_cmdEv @ 0x9d6cb0
AUTO: _ZNK10AP_Mission15Mission_CommandneERKS0_ @ 0xb55ae0
AUTO: _ZNK10AP_Mission15Mission_CommandeqERKS0_ @ 0xb55b50
AUTO: _ZN8AP_Mount19set_mode_to_defaultEv @ 0xb55bd0
AUTO: _ZNK14AP_BattMonitor22capacity_remaining_pctERhh @ 0x9e4e00
AUTO: _ZNK10GCS_Copter11custom_modeEv @ 0x9e5140
AUTO: _ZNK10GCS_Copter10frame_typeEv @ 0x9e51a0
AUTO: _ZN10GCS_Copter4chanEh @ 0xb57210
AUTO: _ZNK10GCS_Copter43min_loop_time_remaining_for_message_send_usEv @ 0xb57330
AUTO: _ZNK10GCS_Copter19vehicle_initialisedEv @ 0x9e52c0
AUTO: _ZN10GCS_Copter34update_vehicle_sensor_status_flagsEv @ 0x9e53e0
AUTO: _ZNK12AP_Proximity14sensor_presentEv @ 0x9e5770
AUTO: _ZNK12AP_Proximity14sensor_enabledEv @ 0x9e57d0
AUTO: _ZNK12AP_Proximity13sensor_failedEv @ 0x9e5830
AUTO: _ZN18GCS_MAVLINK_Copter14packetReceivedERK16__mavlink_statusRK17__mavlink_message @ 0x9e5ae0
AUTO: _ZNK18GCS_MAVLINK_Copter13mission_stateERK10AP_Mission @ 0x9e5bb0
AUTO: _ZNK11GCS_MAVLINK16send_rangefinderEv @ 0x9e5c50
AUTO: _ZNK18GCS_MAVLINK_Copter26send_nav_controller_outputEv @ 0x9e5d20
AUTO: _ZN18GCS_MAVLINK_Copter15send_pid_tuningEv @ 0x9e5ec0
AUTO: _ZN11GCS_MAVLINK21send_scaled_pressure3Ev @ 0x9e6110
AUTO: _ZNK11GCS_MAVLINK13send_attitudeEv @ 0x9e6170
AUTO: _ZN18GCS_MAVLINK_Copter31send_position_target_global_intEv @ 0x9e6430
AUTO: _ZNK18GCS_MAVLINK_Copter17send_winch_statusEv @ 0x9e69a0
AUTO: _ZNK18GCS_MAVLINK_Copter9base_modeEv @ 0x9e6f50
AUTO: _ZNK18GCS_MAVLINK_Copter21vehicle_system_statusEv @ 0x9e7030
AUTO: _ZNK11GCS_MAVLINK19persist_streamratesEv @ 0xb575a0
AUTO: _ZN18GCS_MAVLINK_Copter25handle_command_int_packetERK23__mavlink_command_int_tRK17__mavlink_message @ 0x9e7220
AUTO: _ZN18GCS_MAVLINK_Copter14handle_messageERK17__mavlink_message @ 0x9e7b40
AUTO: _ZN18GCS_MAVLINK_Copter16try_send_messageE10ap_message @ 0x9e8500
AUTO: _ZN11GCS_MAVLINK24send_global_position_intEv @ 0x9e8720
AUTO: _ZNK11GCS_MAVLINK23global_position_int_altEv @ 0x9e88a0
AUTO: _ZNK11GCS_MAVLINK32global_position_int_relative_altEv @ 0x9e8900
AUTO: _ZNK11GCS_MAVLINK17vfr_hud_climbrateEv @ 0x9e8970
AUTO: _ZNK18GCS_MAVLINK_Copter16vfr_hud_airspeedEv @ 0x9e8a30
AUTO: _ZNK18GCS_MAVLINK_Copter16vfr_hud_throttleEv @ 0x9e8b30
AUTO: _ZNK18GCS_MAVLINK_Copter11vfr_hud_altEv @ 0x9e8bc0
AUTO: _ZN11GCS_MAVLINK35convert_COMMAND_LONG_to_COMMAND_INTERK24__mavlink_command_long_tR23__mavlink_command_int_t9MAV_FRAME @ 0x9e90f0
AUTO: _ZN11GCS_MAVLINK28command_long_stores_locationE7MAV_CMD @ 0x9e98a0
AUTO: _ZL30convert_COMMAND_LONG_loc_paramfb @ 0x9e9980
AUTO: _ZL7degreesf.132 @ 0x9e9a30
AUTO: _ZL3MINIfiEDTqultfp_fp0_fp_fp0_ERKT_RKT0_ @ 0x9e9a80
AUTO: _ZNK11GCS_MAVLINK11vfr_hud_altEv @ 0x9e9b20
AUTO: _ZL36mavlink_msg_global_position_int_send17mavlink_channel_tjiiiissst @ 0x9e9b80
AUTO: _ZN10AP_Terrain12send_requestE17mavlink_channel_t @ 0x9e9ca0
AUTO: _ZN10AP_Terrain11send_reportE17mavlink_channel_t @ 0x9e9df0
AUTO: _ZNK18GCS_MAVLINK_Copter9send_windEv @ 0x9e9ea0
AUTO: _ZN7AP_ADSB17send_adsb_vehicleE17mavlink_channel_t @ 0x9e9fa0
AUTO: _ZNK11GCS_MAVLINK23get_ap_message_intervalE10ap_messageRt @ 0x9ea1b0
AUTO: _ZN13AP_OADatabase17send_adsb_vehicleE17mavlink_channel_tt @ 0x9ea2e0
AUTO: _ZN11GCS_MAVLINK16try_send_messageE10ap_message @ 0x9ea880
AUTO: _ZN11GCS_MAVLINK17queued_param_sendEv @ 0x9eb530
AUTO: _ZNK11GCS_MAVLINK14send_heartbeatEv @ 0x9eb7e0
AUTO: _ZNK11GCS_MAVLINK8send_rpmEv @ 0x9ebba0
AUTO: _ZN11GCS_MAVLINK24try_send_mission_messageE10ap_message @ 0x9ebc80
AUTO: _ZN7Compass21send_mag_cal_progressERK11GCS_MAVLINK @ 0x9ebe80
AUTO: _ZN7Compass19send_mag_cal_reportERK11GCS_MAVLINK @ 0x9ec0d0
AUTO: _ZN11GCS_MAVLINK19send_battery_statusEv @ 0x9ec400
AUTO: _ZNK7AP_AHRS22send_ekf_status_reportER11GCS_MAVLINK @ 0x9ec550
AUTO: _ZN11GCS_MAVLINK12send_meminfoEv @ 0x9ec650
AUTO: _ZNK11GCS_MAVLINK17send_fence_statusEv @ 0x9ec710
AUTO: _ZN11GCS_MAVLINK20send_distance_sensorEv @ 0x9ec880
AUTO: _ZNK11GCS_MAVLINK16send_system_timeEv @ 0x9ecdc0
AUTO: _ZN6AP_GPS20send_mavlink_gps_rawE17mavlink_channel_t @ 0x9ece50
AUTO: _ZN6AP_GPS20send_mavlink_gps_rtkE17mavlink_channel_th @ 0x9ed1a0
AUTO: _ZN6AP_GPS21send_mavlink_gps2_rawE17mavlink_channel_t @ 0x9ed280
AUTO: _ZNK11GCS_MAVLINK19send_local_positionEv @ 0x9ed620
AUTO: _ZNK11GCS_MAVLINK34send_gimbal_device_attitude_statusEv @ 0x9ed6f0
AUTO: _ZN11GCS_MAVLINK16send_opticalflowEv @ 0x9edab0
AUTO: _ZN11GCS_MAVLINK17send_power_statusEv @ 0x9edc20
AUTO: _ZNK11GCS_MAVLINK16send_rc_channelsEv @ 0x9edd30
AUTO: _ZNK11GCS_MAVLINK20send_rc_channels_rawEv @ 0x9edff0
AUTO: _ZN11GCS_MAVLINK12send_raw_imuEv @ 0x9ee170
AUTO: _ZN11GCS_MAVLINK15send_scaled_imuEhPFv17mavlink_channel_tjssssssssssE @ 0x9ee580
AUTO: _ZL28mavlink_msg_scaled_imu2_send17mavlink_channel_tjssssssssss @ 0x9ee840
AUTO: _ZL28mavlink_msg_scaled_imu3_send17mavlink_channel_tjssssssssss @ 0x9ee9b0
AUTO: _ZN11GCS_MAVLINK20send_scaled_pressureEv @ 0x9eed60
AUTO: _ZN11GCS_MAVLINK21send_scaled_pressure2Ev @ 0x9eedc0
AUTO: _ZN11GCS_MAVLINK13send_airspeedEv @ 0x9eee20
AUTO: _ZN11GCS_MAVLINK21send_servo_output_rawEv @ 0x9eefe0
AUTO: _ZNK11GCS_MAVLINK13send_simstateEv @ 0x9ef400
AUTO: _ZN11GCS_MAVLINK15send_sys_statusEv @ 0x9ef520
AUTO: _ZN11GCS_MAVLINK10send_ahrs2Ev @ 0x9ef810
AUTO: _ZN11GCS_MAVLINK9send_ahrsEv @ 0x9ef8f0
AUTO: _ZN11GCS_MAVLINK12send_vfr_hudEv @ 0x9efa70
AUTO: _ZNK11GCS_MAVLINK14send_vibrationEv @ 0x9efbb0
AUTO: _ZNK11GCS_MAVLINK21send_generator_statusEv @ 0x9efca0
AUTO: _ZN12AP_ESC_Telem26send_esc_telemetry_mavlinkEh @ 0x9f0020
AUTO: _ZN6AP_EFI19send_mavlink_statusE17mavlink_channel_t @ 0x9f04b0
AUTO: _ZN6AP_AIS13get_singletonEv @ 0x9f0c80
AUTO: _ZNK11GCS_MAVLINK21battery_remaining_pctEh @ 0x9f1610
AUTO: _ZL3MINIhiEDTqultfp_fp0_fp_fp0_ERKT_RKT0_.6782 @ 0x9f1ac0
AUTO: _ZL44mavlink_msg_esc_telemetry_1_to_4_send_struct17mavlink_channel_tPK32__mavlink_esc_telemetry_1_to_4_t @ 0x9f1de0
AUTO: _ZN12AP_Generator21send_generator_statusERK11GCS_MAVLINK @ 0x9f23e0
AUTO: _ZL26mavlink_msg_vibration_send17mavlink_channel_tmfffjjj @ 0x9f2460
AUTO: _ZL24mavlink_msg_vfr_hud_send17mavlink_channel_tffstff @ 0x9f2570
AUTO: _ZNK7AP_AHRS12get_error_rpEv @ 0x9f2700
AUTO: _ZNK7AP_AHRS13get_error_yawEv @ 0x9f2760
AUTO: _ZL21mavlink_msg_ahrs_send17mavlink_channel_tfffffff @ 0x9f27c0
AUTO: _ZL22mavlink_msg_ahrs2_send17mavlink_channel_tffffii @ 0x9f28e0
AUTO: _ZNK9AP_Logger11num_droppedEv @ 0x9f29e0
AUTO: _ZNK14AP_BattMonitor11gcs_voltageEv @ 0xb57780
AUTO: _ZL27mavlink_msg_sys_status_send17mavlink_channel_tjjjttsatttttt @ 0x9f2a60
AUTO: _ZNK14AP_BattMonitor11gcs_voltageEh @ 0x9f2c00
AUTO: _ZNK17AP_Logger_Backend11num_droppedEv @ 0xb577d0
AUTO: _ZL7radiansf.16475 @ 0x9f3020
AUTO: _ZNK4SITL3SIM13simstate_sendE17mavlink_channel_t @ 0x9f33a0
AUTO: _ZL25mavlink_msg_simstate_send17mavlink_channel_tfffffffffii @ 0x9f3570
AUTO: _ZL33mavlink_msg_servo_output_raw_send17mavlink_channel_tjhtttttttttttttttt @ 0x9f3710
AUTO: _ZL33mavlink_msg_scaled_pressure2_send17mavlink_channel_tjffss @ 0x9f3a10
AUTO: _ZN11GCS_MAVLINK29send_scaled_pressure_instanceEhPFv17mavlink_channel_tjffssE @ 0x9f3af0
AUTO: _ZL32mavlink_msg_scaled_pressure_send17mavlink_channel_tjffss @ 0x9f3ce0
AUTO: _ZL24mavlink_msg_raw_imu_send17mavlink_channel_tmssssssssshs @ 0x9f3e40
AUTO: _ZNK11GCS_MAVLINK16sending_mavlink1Ev @ 0x9f3fc0
AUTO: _ZNK11GCS_MAVLINK13receiver_rssiEv @ 0x9f4020
AUTO: _ZL28mavlink_msg_rc_channels_send17mavlink_channel_tjhtttttttttttttttttth @ 0x9f4230
AUTO: _ZL29mavlink_msg_power_status_send17mavlink_channel_tttt @ 0x9f44a0
AUTO: _ZN8AP_Mount34send_gimbal_device_attitude_statusE17mavlink_channel_t @ 0x9f4f20
AUTO: _ZL35mavlink_msg_local_position_ned_send17mavlink_channel_tjffffff @ 0x9f5580
AUTO: _ZNK6AP_GPS12gps_yaw_cdegEh @ 0x9f5690
AUTO: _ZNK6AP_GPS23have_gps_yaw_configuredEh @ 0xb57970
AUTO: _ZL28mavlink_msg_gps_raw_int_send17mavlink_channel_tmhiiitttthijjjjt @ 0x9f5990
AUTO: _ZL28mavlink_msg_system_time_send17mavlink_channel_tmj @ 0x9f5b80
AUTO: _ZN11GCS_MAVLINK14send_proximityEv @ 0x9f7120
AUTO: _ZNK12AP_Proximity12distance_minEv @ 0x9f7500
AUTO: _ZL3MINIjjEDTqultfp_fp0_fp_fp0_ERKT_RKT0_.6784 @ 0x9f79c0
AUTO: _ZL24mavlink_msg_meminfo_send17mavlink_channel_tttj @ 0x9f7a40
AUTO: _ZNK7NavEKF318send_status_reportER11GCS_MAVLINK @ 0x9f7ce0
AUTO: _ZNK12NavEKF3_core18send_status_reportER11GCS_MAVLINK @ 0x9f7d70
AUTO: _ZL41mavlink_msg_ekf_status_report_send_struct17mavlink_channel_tPK29__mavlink_ekf_status_report_t @ 0x9f8170
AUTO: _ZNK14AP_BattMonitor13option_is_setEhN21AP_BattMonitor_Params7OptionsE @ 0x9f8c90
AUTO: _ZNK11GCS_MAVLINK19send_battery_statusEh @ 0x9f8d60
AUTO: _ZL3MINIftEDTqultfp_fp0_fp_fp0_ERKT_RKT0_ @ 0x9f95f0
AUTO: _ZNK14AP_BattMonitor14time_remainingERjh @ 0x9f9690
AUTO: _ZNK14AP_BattMonitor24get_mavlink_charge_stateEh @ 0x9f9780
AUTO: _ZNK14AP_BattMonitor25get_mavlink_fault_bitmaskEh @ 0x9f98b0
AUTO: _ZL31mavlink_msg_battery_status_send17mavlink_channel_thhhsPKtsiiaihS1_hj @ 0x9f9960
AUTO: _ZN14typesafe_indexIh12TAG_PriorityErmERKh @ 0xb57bc0
AUTO: _ZN11GCS_MAVLINK20send_mission_currentERK10AP_Missiont @ 0x9fa0e0
AUTO: _ZL37mavlink_msg_mission_item_reached_send17mavlink_channel_tt @ 0x9fa1e0
AUTO: _ZL32mavlink_msg_mission_current_send17mavlink_channel_ttthh @ 0x9fa5b0
AUTO: _ZNK11GCS_MAVLINK13system_statusEv @ 0x9faa80
AUTO: _ZL26mavlink_msg_heartbeat_send17mavlink_channel_thhhjh @ 0x9fab10
AUTO: _ZN11GCS_MAVLINK28send_parameter_async_repliesEv @ 0x9fabf0
AUTO: _ZN12ObjectBufferIN11GCS_MAVLINK19pending_param_replyEE4peekERS1_ @ 0xb57cb0
AUTO: _ZL21mavlink_msg_wind_send17mavlink_channel_tfff @ 0x9fb6d0
AUTO: _ZN10AP_Terrain19send_terrain_reportE17mavlink_channel_tRK8Locationb @ 0x9fb780
AUTO: _ZL31mavlink_msg_terrain_report_send17mavlink_channel_tiitfftt @ 0x9fb930
AUTO: _ZN10AP_Terrain18send_cache_requestE17mavlink_channel_t @ 0x9fba50
AUTO: _ZN10AP_Terrain15request_missingE17mavlink_channel_tRKNS_9grid_infoE @ 0x9fbb50
AUTO: _ZN10AP_Terrain15request_missingE17mavlink_channel_tRNS_10grid_cacheE @ 0x9fbbe0
AUTO: _ZL32mavlink_msg_terrain_request_send17mavlink_channel_tiitm @ 0x9fbdc0
AUTO: _ZN10AP_Terrain11handle_dataE17mavlink_channel_tRK17__mavlink_message @ 0xa02960
AUTO: _ZN11GCS_MAVLINK14handle_messageERK17__mavlink_message @ 0xa02a30
AUTO: _ZN11GCS_MAVLINK16handle_heartbeatERK17__mavlink_message @ 0xa035b0
AUTO: _ZN11GCS_MAVLINK19handle_command_longERK17__mavlink_message @ 0xa04920
AUTO: _ZN11GCS_MAVLINK26handle_request_data_streamERK17__mavlink_message @ 0xa05f60
AUTO: _ZNK3GCS12sysid_is_gcsEh @ 0xa0b5c0
AUTO: _ZN11GCS_MAVLINK16sysid_mygcs_seenEj @ 0xa0b860
AUTO: _ZN3GCS16sysid_mygcs_seenEj @ 0xb58770
AUTO: _ZL38mavlink_msg_request_data_stream_decodePK17__mavlink_messageP31__mavlink_request_data_stream_t @ 0xa0cad0
AUTO: _ZN9AP_Logger13Write_CommandERK23__mavlink_command_int_thh10MAV_RESULTb @ 0xa0fd70
AUTO: _ZL31mavlink_msg_command_long_decodePK17__mavlink_messageP24__mavlink_command_long_t @ 0xa0fef0
AUTO: _ZN11GCS_MAVLINK31try_command_long_as_command_intERK24__mavlink_command_long_tRK17__mavlink_message @ 0xa0ffc0
AUTO: _ZN11GCS_MAVLINK16_set_mode_commonEhj @ 0xa12820
AUTO: _ZN12ObjectBufferIN7GCS_FTP11TransactionEE3popERS1_ @ 0xb58d30
AUTO: _ZN10AP_Terrain19handle_terrain_dataERK17__mavlink_message @ 0xa17390
AUTO: _ZL31mavlink_msg_terrain_data_decodePK17__mavlink_messageP24__mavlink_terrain_data_t @ 0xa177f0
AUTO: _ZN11GCS_MAVLINK25handle_command_int_packetERK23__mavlink_command_int_tRK17__mavlink_message @ 0xa1a2a0
AUTO: _ZN11GCS_MAVLINK26handle_command_do_set_modeERK23__mavlink_command_int_t @ 0xa1b650
AUTO: _ZNK6Copter22any_failsafe_triggeredEv @ 0xb598e0
AUTO: _ZN8AP_Winch11send_statusERK11GCS_MAVLINK @ 0xa1f830
AUTO: _ZL43mavlink_msg_position_target_global_int_send17mavlink_channel_tjhtiifffffffff @ 0xa1fbb0
AUTO: _ZL25mavlink_msg_attitude_send17mavlink_channel_tjffffff @ 0xa20080
AUTO: _ZL38mavlink_msg_nav_controller_output_send17mavlink_channel_tffsstfff @ 0xa203d0
AUTO: _ZNK8ModeAuto6pausedEv @ 0xa205b0
AUTO: _ZNK11GCS_MAVLINK13mission_stateERK10AP_Mission @ 0xa20630
AUTO: _ZN8AC_WPNav6pausedEv @ 0xb59b50
AUTO: _ZN11GCS_MAVLINK14packetReceivedERK16__mavlink_statusRK17__mavlink_message @ 0xa20860
AUTO: _ZN15MAVLink_routing17check_and_forwardER11GCS_MAVLINKRK17__mavlink_message @ 0xa20a60
AUTO: _ZN9AP_Follow10handle_msgERK17__mavlink_message @ 0xa20fd0
AUTO: _ZNK11GCS_MAVLINK13accept_packetERK16__mavlink_statusRK17__mavlink_message @ 0xa21150
AUTO: _ZNK9AP_Follow21should_handle_messageERK17__mavlink_message @ 0xa21270
AUTO: _ZN15MAVLink_routing11learn_routeER11GCS_MAVLINKRK17__mavlink_message @ 0xa22240
AUTO: _ZN15MAVLink_routing16handle_heartbeatER11GCS_MAVLINKRK17__mavlink_message @ 0xa224e0
AUTO: _ZN15MAVLink_routing11get_targetsERK17__mavlink_messageRsS3_ @ 0xa22710
AUTO: _ZNK9AP_Motors18get_frame_mav_typeEv @ 0xb5a7b0
AUTO: _ZN18RC_Channels_Copter7channelEh @ 0xb5b410
AUTO: _ZN11RC_Channels16read_mode_switchEv @ 0xa26a70
AUTO: _ZNK18RC_Channels_Copter14in_rc_failsafeEv @ 0xa26b00
AUTO: _ZNK18RC_Channels_Copter15has_valid_inputEv @ 0xa26b60
AUTO: _ZNK18RC_Channels_Copter18get_arming_channelEv @ 0xa26bf0
AUTO: _ZNK18RC_Channels_Copter26flight_mode_channel_numberEv @ 0xa26ce0
AUTO: mode_to_string @ 0xa919e0
AUTO: mode_entry @ 0xa91c40
----------------------
Mode: 7 (CIRCLE)
CIRCLE: _ZN16AP_Arming_Copter14pre_arm_checksEb @ 0x5de4e0
CIRCLE: _ZN16AP_Arming_Copter16barometer_checksEb @ 0x5de990
CIRCLE: _ZN16AP_Arming_Copter10ins_checksEb @ 0x5deb20
CIRCLE: _ZN16AP_Arming_Copter10gps_checksEb @ 0x5dec00
CIRCLE: _ZN16AP_Arming_Copter20board_voltage_checksEb @ 0x5dee30
CIRCLE: _ZN16AP_Arming_Copter21rc_calibration_checksEb @ 0x5def30
CIRCLE: _ZN9AP_Arming14mission_checksEb @ 0x5df020
CIRCLE: _ZNK16AP_Arming_Copter25terrain_database_requiredEv @ 0x5df430
CIRCLE: _ZN9AP_Arming13system_checksEb @ 0x5df500
CIRCLE: _ZNK16AP_Arming_Copter16proximity_checksEb @ 0x5dfab0
CIRCLE: _ZN16AP_Arming_Copter20mandatory_gps_checksEb @ 0x5dfcf0
CIRCLE: _ZN16AP_Arming_Copter10alt_checksEb @ 0x5e0170
CIRCLE: _ZN9AP_Arming18opendroneid_checksEb @ 0x5e0320
CIRCLE: _ZN9AP_Arming23rc_in_calibration_checkEb @ 0x5e0410
CIRCLE: _ZN9AP_Arming22serial_protocol_checksEb @ 0x5e04c0
CIRCLE: _ZN2AP13serialmanagerEv @ 0x5e05f0
CIRCLE: _ZNK16AP_SerialManager11have_serialENS_14SerialProtocolEh @ 0x5e0630
CIRCLE: _ZN16AP_SerialManager14pre_arm_checksEPch @ 0x5e0900
CIRCLE: _ZNK9AP_ParamTIiL11ap_var_type3EEcvRKiEv @ 0xa98a80
CIRCLE: _ZN6AP_HAL4Util9vsnprintfEPcmPKcP13__va_list_tag @ 0x5e0c40
CIRCLE: _ZN13BufferPrinterC2EPcm @ 0xa98ad0
CIRCLE: _Z13print_vprintfPN6AP_HAL12BetterStreamEPKcP13__va_list_tag @ 0x5e0d80
CIRCLE: _Z11ftoa_enginefPchh @ 0x5e25d0
CIRCLE: _ZN6AP_HAL12BetterStreamC2Ev @ 0xa98b80
CIRCLE: _ZN13BufferPrinter5writeEh @ 0xa98be0
CIRCLE: _Z3gcsv @ 0x5e3200
CIRCLE: _ZN3GCS10send_textvE12MAV_SEVERITYPKcP13__va_list_tag @ 0x5e3240
CIRCLE: _ZNK3GCS28statustext_send_channel_maskEv @ 0x5e3310
CIRCLE: _ZN11GCS_MAVLINK19active_channel_maskEv @ 0xa98e80
CIRCLE: _ZN11GCS_MAVLINK22streaming_channel_maskEv @ 0xa98ec0
CIRCLE: _ZN11GCS_MAVLINK20private_channel_maskEv @ 0xa98f00
CIRCLE: _ZN3GCS13get_singletonEv @ 0xa98f40
CIRCLE: _ZNK16AP_SerialManager22find_protocol_instanceENS_14SerialProtocolEh @ 0x5e33a0
CIRCLE: _ZNK13AP_ParamTBaseIaL11ap_var_type1EE3getEv @ 0xa98f80
CIRCLE: _ZNK16AP_SerialManager14protocol_matchENS_14SerialProtocolES0_ @ 0x5e3540
CIRCLE: _ZN16AP_SerialManager13get_singletonEv @ 0xa98fd0
CIRCLE: _Z2rcv @ 0x5e3640
CIRCLE: _ZN11RC_Channels11calibratingEv @ 0xa99010
CIRCLE: _ZNK9AP_Arming13check_enabledENS_5CheckE @ 0x5e3910
CIRCLE: _ZN11RC_Channels13get_singletonEv @ 0xa99070
CIRCLE: _ZN2AP11opendroneidEv @ 0x5e39c0
CIRCLE: _ZN14AP_OpenDroneID13pre_arm_checkEPch @ 0x5e3a00
CIRCLE: _ZNK14AP_OpenDroneID14option_enabledENS_7OptionsE @ 0xa990b0
CIRCLE: _ZNK9AP_ParamTIaL11ap_var_type1EEcvRKaEv @ 0xa99140
CIRCLE: _ZN6AP_HAL6millisEv @ 0x5e3cc0
CIRCLE: _ZN13WithSemaphoreD2Ev @ 0x5e3d00
CIRCLE: _ZN6AP_HAL8millis64Ev @ 0x5e3d60
CIRCLE: _ZN6AP_HAL8micros64Ev @ 0x5e3da0
CIRCLE: _ZL14uint64_div1000m @ 0x5e3e40
CIRCLE: _ZN7HALSITL9Scheduler4fromEPN6AP_HAL9SchedulerE @ 0xa99190
CIRCLE: _ZNK7HALSITL9Scheduler18stopped_clock_usecEv @ 0xa991e0
CIRCLE: _ZNK13AP_ParamTBaseIsL11ap_var_type2EE3getEv @ 0xa99230
CIRCLE: _ZN13WithSemaphoreC2ERN6AP_HAL9SemaphoreEj @ 0x5e3f90
CIRCLE: _ZN14AP_OpenDroneID13get_singletonEv @ 0xa99280
CIRCLE: _ZNK6Copter10ekf_alt_okEv @ 0x5e4070
CIRCLE: _ZNK7AP_AHRS17have_inertial_navEv @ 0x5e4140
CIRCLE: _ZNK7AP_AHRS10has_statusE18NavFilterStatusBit @ 0x5e41a0
CIRCLE: _ZNK7AP_AHRS17get_filter_statusER17nav_filter_status @ 0x5e4230
CIRCLE: _ZNK7AP_AHRS8ekf_typeEv @ 0x5e4360
CIRCLE: _ZNK7NavEKF315getFilterStatusER17nav_filter_status @ 0x5e44f0
CIRCLE: _ZN2AP12externalAHRSEv @ 0x5e47e0
CIRCLE: _ZNK15AP_ExternalAHRS17get_filter_statusER17nav_filter_status @ 0x5e4820
CIRCLE: _ZN15AP_ExternalAHRS13get_singletonEv @ 0xa99320
CIRCLE: _ZNK12NavEKF3_core15getFilterStatusER17nav_filter_status @ 0x5e49b0
CIRCLE: _ZNK7AP_AHRS14always_use_EKFEv @ 0xa99360
CIRCLE: _ZNK7AP_AHRS15active_EKF_typeEv @ 0xa993c0
CIRCLE: _ZN2AP4ahrsEv @ 0x5e4a90
CIRCLE: _ZNK7AP_AHRS13pre_arm_checkEbPch @ 0x5e4ad0
CIRCLE: _ZNK8AC_Fence18get_enabled_fencesEv @ 0x5e4e60
CIRCLE: _ZNK6Copter11position_okEv @ 0x5e4ed0
CIRCLE: _ZNK9AP_ParamTIfL11ap_var_type4EEcvRKfILb1EEEv @ 0xa99460
CIRCLE: _ZN7Vector3IfEC2Ev @ 0xa994b0
CIRCLE: _ZNK7AP_AHRS13get_variancesERfS0_S0_R7Vector3IfES0_ @ 0x5e4f70
CIRCLE: _ZNK7Vector3IfE6lengthEv @ 0xa99510
CIRCLE: _Z4normIffJfEEdT_T0_DpKT1_ @ 0xa99570
CIRCLE: _Z2sqIfJffEEdT_DpKT0_ @ 0xa995f0
CIRCLE: _ZL2sqf.4012 @ 0x5e5140
CIRCLE: _Z2sqIfJfEEdT_DpKT0_ @ 0xa99690
CIRCLE: _ZL2sqf.1211 @ 0x5e5190
CIRCLE: _ZN7Vector2IfEC2Ev @ 0xa99710
CIRCLE: _ZNK7NavEKF312getVariancesERfS0_S0_R7Vector3IfES0_R7Vector2IfE @ 0x5e52f0
CIRCLE: _ZN7Vector3IfE4zeroEv @ 0xa99810
CIRCLE: _ZNK12NavEKF3_core12getVariancesERfS0_S0_R7Vector3IfES0_R7Vector2IfE @ 0x5e54d0
CIRCLE: _ZL3MAXIddEDTqugtfp_fp0_fp_fp0_ERKT_RKT0_.4817 @ 0x5e56d0
CIRCLE: _ZNK7Vector2IdE7tofloatEv @ 0xa99870
CIRCLE: _ZN7Vector2IfEC2Eff @ 0xa998d0
CIRCLE: _ZNK6Copter25ekf_has_absolute_positionEv @ 0x5e59d0
CIRCLE: _ZNK6Copter25ekf_has_relative_positionEv @ 0x5e5b10
CIRCLE: _ZNK14AP_OpticalFlow7enabledEv @ 0xa99950
CIRCLE: _ZNK13AP_VisualOdom7enabledEv @ 0x5e5ca0
CIRCLE: _ZNK9AP_Motors5armedEv @ 0xa999c0
CIRCLE: _ZNK7AP_EnumIN13AP_VisualOdom15VisualOdom_TypeEEcvKS1_Ev @ 0xa99a20
CIRCLE: _ZNK7AP_EnumIN14AP_OpticalFlow4TypeEEcvKS1_Ev @ 0xa99a70
CIRCLE: _ZNK8AC_Fence7presentEv @ 0x5e5d00
CIRCLE: _ZNK19AC_PolyFence_loader17total_fence_countEv @ 0xa99ac0
CIRCLE: _ZNK19AC_PolyFence_loader27get_exclusion_polygon_countEv @ 0xa99b70
CIRCLE: _ZNK19AC_PolyFence_loader27get_inclusion_polygon_countEv @ 0xa99bc0
CIRCLE: _ZNK19AC_PolyFence_loader26get_exclusion_circle_countEv @ 0xa99c10
CIRCLE: _ZNK19AC_PolyFence_loader26get_inclusion_circle_countEv @ 0xa99c60
CIRCLE: _ZNK7AP_AHRS7healthyEv @ 0x5e5da0
CIRCLE: _ZNK15AP_ExternalAHRS7enabledEv @ 0x5e5f80
CIRCLE: _ZNK7AP_AHRS20attitudes_consistentEPch @ 0x5e61e0
CIRCLE: _ZN2AP7compassEv @ 0x5e6840
CIRCLE: _ZNK7Compass11use_for_yawEv @ 0x5e6880
CIRCLE: _ZNK7NavEKF313pre_arm_checkEbPch @ 0x5e6bf0
CIRCLE: _ZNK16AP_NavEKF_Source13pre_arm_checkEbPch @ 0x5e6ec0
CIRCLE: _ZNK16AP_NavEKF_Source12getYawSourceEh @ 0x5e76f0
CIRCLE: _ZNK12NavEKF3_core7healthyEv @ 0x5e79b0
CIRCLE: _ZNK12NavEKF3_core13pre_arm_checkEbPch @ 0x5e7be0
CIRCLE: _Z2sqIdEdT_ @ 0xa99cb0
CIRCLE: _ZNK16AP_NavEKF_Source14useVelXYSourceENS_8SourceXYEh @ 0x5e7d70
CIRCLE: _ZNK16AP_NavEKF_Source18getActiveSourceSetEh @ 0xa99d10
CIRCLE: _ZNK7AP_EnumIN16AP_NavEKF_Source8SourceXYEEcvKS1_Ev @ 0xa99dc0
CIRCLE: _ZNK16AP_NavEKF_Source13option_is_setENS_13SourceOptionsE @ 0xa99e10
CIRCLE: _ZNK12NavEKF3_core15getFilterFaultsERt @ 0x5e7ea0
CIRCLE: _ZNK11QuaternionTIdE6is_nanEv @ 0xa99e90
CIRCLE: _ZNK7Vector3IdE6is_nanEv @ 0xa99f90
CIRCLE: _ZNK7AP_EnumIN16AP_NavEKF_Source9SourceYawEEcvKS1_Ev @ 0xa9a060
CIRCLE: _ZN2AP3dalEv @ 0x5e7fc0
CIRCLE: _ZN6AP_DAL7compassEv @ 0xa9a0b0
CIRCLE: _ZNK14AP_DAL_Compass15get_num_enabledEv @ 0xa9a100
CIRCLE: _ZN6AP_DAL13get_singletonEv @ 0xa9a150
CIRCLE: _ZN7Matrix3IfEC2Ev @ 0xa9a590
CIRCLE: _ZN8LocationC2Ev @ 0xa9a610
CIRCLE: _ZN8Location4zeroEv @ 0x5e84e0
CIRCLE: _ZN11QuaternionTIfEC2Ev @ 0xa9a7f0
CIRCLE: _ZN6AP_DAL4baroEv @ 0xa9a860
CIRCLE: _ZNK11AP_DAL_Baro13num_instancesEv @ 0xa9a8b0
CIRCLE: _ZN6AP_DAL6beaconEv @ 0xa9a900
CIRCLE: _ZN6AP_DAL3gpsEv @ 0xa9a9c0
CIRCLE: _ZNK10AP_DAL_GPS11num_sensorsEv @ 0xa9aa10
CIRCLE: _ZN6AP_DAL11rangefinderEv @ 0xa9aad0
CIRCLE: _ZN6AP_DAL10visualodomEv @ 0xa9ab20
CIRCLE: _ZNK7Compass7healthyEh @ 0x5e8990
CIRCLE: _ZNK7Compass11use_for_yawEh @ 0x5e8a30
CIRCLE: _ZNK7Compass9availableEv @ 0xa9ac40
CIRCLE: _ZN14typesafe_indexIh12TAG_PriorityEC2Eh @ 0xa9acc0
CIRCLE: _ZNK19RestrictIDTypeArrayI9AP_ParamTIaL11ap_var_type1EELj3E14typesafe_indexIh12TAG_PriorityEEixERKS5_ @ 0xa9ad20
CIRCLE: _ZNK7AP_EnumIN7Compass9LearnTypeEEcvKS1_Ev @ 0xa9ada0
CIRCLE: _ZNK14typesafe_indexIh12TAG_PriorityE7get_intEv @ 0xa9adf0
CIRCLE: _ZNK7Compass10_get_stateE14typesafe_indexIh12TAG_PriorityE @ 0xa9ae40
CIRCLE: _ZNK7Compass13_get_state_idE14typesafe_indexIh12TAG_PriorityE @ 0x5e8b10
CIRCLE: _ZNK19RestrictIDTypeArrayIN7Compass9mag_stateELj4E14typesafe_indexIh14TAG_StateIndexEEixERKS4_ @ 0xa9aec0
CIRCLE: _ZNK14typesafe_indexIh14TAG_StateIndexE7get_intEv @ 0xa9af40
CIRCLE: _ZNK19RestrictIDTypeArrayIiLj3E14typesafe_indexIh12TAG_PriorityEEixERKS2_ @ 0xa9af90
CIRCLE: _ZN14typesafe_indexIh14TAG_StateIndexEC2Eh @ 0xa9b010
CIRCLE: _ZNK14typesafe_indexIh14TAG_StateIndexEltERKh @ 0xa9b070
CIRCLE: _ZN14typesafe_indexIh14TAG_StateIndexEppEi @ 0xa9b0e0
CIRCLE: _ZN7Compass13get_singletonEv @ 0xa9b150
CIRCLE: _ZNK7AP_AHRS20get_quat_body_to_nedER11QuaternionTIfE @ 0x5e8c30
CIRCLE: _ZNK7NavEKF211activeCoresEv @ 0xa9b190
CIRCLE: _ZNK11QuaternionTIfE21roll_pitch_differenceERKS0_ @ 0xa9b1e0
CIRCLE: _ZL7radiansi.1993 @ 0x5e8d80
CIRCLE: _ZNK11QuaternionTIfE18angular_differenceERKS0_ @ 0xa9b3f0
CIRCLE: _ZNK11QuaternionTIfE13to_axis_angleER7Vector3IfE @ 0xa9b480
CIRCLE: _ZNK7NavEKF311activeCoresEv @ 0xa9b5d0
CIRCLE: _ZNK7NavEKF322getQuaternionBodyToNEDEaR11QuaternionTIfE @ 0x5e8ef0
CIRCLE: _ZN11QuaternionTIfE20from_rotation_matrixERK7Matrix3IfE @ 0xa9b680
CIRCLE: _ZNK12NavEKF3_core11use_compassEv @ 0x5e91a0
CIRCLE: _ZNK14AP_DAL_Compass11use_for_yawEh @ 0xa9bb90
CIRCLE: _ZNK12NavEKF3_core20getRotationBodyToNEDER7Matrix3IfE @ 0x5e9270
CIRCLE: _ZNK11QuaternionTIdE15rotation_matrixER7Matrix3IfE @ 0xa9bc00
CIRCLE: _ZNK6AP_DAL43get_rotation_vehicle_body_to_autopilot_bodyEv @ 0xa9be10
CIRCLE: _ZNK7Matrix3IfEmlERKS0_ @ 0xa9be60
CIRCLE: _ZN7Vector3IfEC2Efff @ 0xa9c0d0
CIRCLE: _ZN7Matrix3IfEC2ERK7Vector3IfES4_S4_ @ 0xa9c160
CIRCLE: _ZL2sqf.3887 @ 0x5e9330
CIRCLE: _Z7is_zerof @ 0xa9c210
CIRCLE: _ZN7Vector3IfEdVEf @ 0xa9c280
CIRCLE: _Z7wrap_PId @ 0x5e9380
CIRCLE: _ZN7Vector3IfEmLEf @ 0xa9c310
CIRCLE: _Z8wrap_2PId @ 0x5e9410
CIRCLE: _ZNK11QuaternionTIfE7inverseEv @ 0xa9c3a0
CIRCLE: _ZNK11QuaternionTIfEmlERKS0_ @ 0xa9c420
CIRCLE: _ZN11QuaternionTIfEC2Effff @ 0xa9c650
CIRCLE: _ZNK11QuaternionTIfE15rotation_matrixER7Matrix3IfE @ 0xa9c700
CIRCLE: _ZNK7Matrix3IfE13mul_transposeERK7Vector3IfE @ 0xa9c8f0
CIRCLE: _ZNK7Vector3IfEmiERKS0_ @ 0xa9ca00
CIRCLE: _Z20constrain_value_lineIfET_S0_S0_S0_j @ 0xa9cab0
CIRCLE: _ZN2AP13internalerrorEv @ 0x5e9500
CIRCLE: _ZNK7AP_AHRS24get_rotation_body_to_nedEv @ 0xa9cbd0
CIRCLE: _ZN2AP3gpsEv @ 0x5e9f80
CIRCLE: _ZNK6AP_GPS8get_typeEh @ 0xa9ccc0
CIRCLE: _ZNK7AP_EnumIN6AP_GPS8GPS_TypeEEcvKS1_Ev @ 0xa9cd50
CIRCLE: _ZN6AP_GPS13get_singletonEv @ 0xa9cda0
CIRCLE: _ZNK7AP_EnumIN15AP_ExternalAHRS7DevTypeEEcvKS1_Ev @ 0xa9cde0
CIRCLE: _ZNK7NavEKF37healthyEv @ 0x5ea0d0
CIRCLE: _ZN7AP_AHRS13get_singletonEv @ 0xa9ce80
CIRCLE: _ZNK9AP_Arming16proximity_checksEb @ 0x5ea240
CIRCLE: _ZNK8AC_Avoid27proximity_avoidance_enabledEv @ 0xa9cec0
CIRCLE: _ZNK12AP_Proximity18get_closest_objectERfS0_ @ 0x5ea310
CIRCLE: _ZNK24AP_Proximity_Boundary_3D18get_closest_objectERfS0_ @ 0x5ea390
CIRCLE: _ZN2AP9proximityEv @ 0x5ea550
CIRCLE: _ZNK12AP_Proximity14prearm_healthyEPch @ 0x5ea590
CIRCLE: _ZN12AP_Proximity13get_singletonEv @ 0xa9cf40
CIRCLE: _ZN8AP_Param15get_eeprom_fullEv @ 0xa9cf80
CIRCLE: _ZN2AP9schedulerEv @ 0x5ea870
CIRCLE: _ZN12AP_Scheduler25get_filtered_loop_rate_hzEv @ 0xa9cfc0
CIRCLE: _ZN12AP_Scheduler16get_loop_rate_hzEv @ 0xa9d010
CIRCLE: _ZN10AP_Terrain13get_singletonEv @ 0xa9d0a0
CIRCLE: _ZNK10AP_Terrain11init_failedEv @ 0xa9d0e0
CIRCLE: _ZN12AP_Scripting13get_singletonEv @ 0xa9d140
CIRCLE: _ZNK12AP_Scripting13arming_checksEmPc @ 0x5ea8b0
CIRCLE: _ZN2AP4ADSBEv @ 0x5eaba0
CIRCLE: _ZNK7AP_ADSB7enabledEv @ 0xa9d180
CIRCLE: _ZNK16AP_InternalError6errorsEv @ 0xa9d2a0
CIRCLE: _ZNK16AP_InternalError15last_error_lineEv @ 0xa9d2f0
CIRCLE: _ZN2AP3rpmEv @ 0x5ead30
CIRCLE: _ZNK6AP_RPM13arming_checksEmPc @ 0x5ead70
CIRCLE: _ZN2AP5relayEv @ 0x5eb0a0
CIRCLE: _ZNK8AP_Relay13arming_checksEmPc @ 0x5eb0e0
CIRCLE: _ZN2AP9parachuteEv @ 0x5eb430
CIRCLE: _ZNK12AP_Parachute13arming_checksEmPc @ 0x5eb470
CIRCLE: _ZN2AP6buttonEv @ 0x5eb610
CIRCLE: _ZNK9AP_Button13arming_checksEmPc @ 0x5eb650
CIRCLE: _ZN9AP_Button13get_singletonEv @ 0xa9d340
CIRCLE: _ZN12SRV_Channels17function_assignedEN11SRV_Channel8FunctionE @ 0x5eb8e0
CIRCLE: _ZNK7AP_EnumIN15AP_Relay_Params8FUNCTIONEEcvKS1_Ev @ 0xa9d380
CIRCLE: _ZNK9AP_ParamTIsL11ap_var_type2EEcvRKsEv @ 0xa9d3d0
CIRCLE: _ZN12SRV_Channels25update_aux_servo_functionEv @ 0x5eba30
CIRCLE: _ZNK7BitmaskILt190EE3getEt @ 0xa9d420
CIRCLE: _ZNK7BitmaskILt190EE8validateEt @ 0xa9d4f0
CIRCLE: _ZN7BitmaskILt190EE8clearallEv @ 0xa9d580
CIRCLE: _ZNK11SRV_Channel14valid_functionEv @ 0xa9d5e0
CIRCLE: _ZN11SRV_Channel24aux_servo_function_setupEv @ 0x5ebbb0
CIRCLE: _ZN7BitmaskILt190EE3setEt @ 0xa9d640
CIRCLE: _ZNK9AP_Enum16IN11SRV_Channel8FunctionEEcvKS1_Ev @ 0xa9d700
CIRCLE: _ZN11SRV_Channel14valid_functionENS_8FunctionE @ 0xa9d750
CIRCLE: _ZN12AP_Parachute13get_singletonEv @ 0xa9d7c0
CIRCLE: _ZNK8AP_Relay14function_validEN15AP_Relay_Params8FUNCTIONE @ 0x5ebdd0
CIRCLE: _ZNK8AP_Relay8DroneCAN9valid_pinEs @ 0x5ebe40
CIRCLE: _ZN8AP_Relay13get_singletonEv @ 0xa9d800
CIRCLE: _ZN6AP_RPM13get_singletonEv @ 0xa9d840
CIRCLE: _ZN7AP_ADSB13get_singletonEv @ 0xa9d880
CIRCLE: _ZNK12AP_Scripting7enabledEv @ 0xa9d8c0
CIRCLE: _ZNK12AP_Scripting13option_is_setENS_11DebugOptionE @ 0xa9d930
CIRCLE: _ZNK13AP_ParamTBaseIiL11ap_var_type3EE3getEv @ 0xa9da30
CIRCLE: _ZNK2AP8PerfInfo25get_filtered_loop_rate_hzEv @ 0x5ebfa0
CIRCLE: _ZNK2AP8PerfInfo17get_filtered_timeEv @ 0x5ec030
CIRCLE: _ZN12AP_Scheduler13get_singletonEv @ 0x5ec080
CIRCLE: _ZNK8AC_WPNav18get_terrain_sourceEv @ 0x5ec0c0
CIRCLE: _ZNK7ModeRTL12get_alt_typeEv @ 0x5ec180
CIRCLE: _ZNK9AP_Arming25terrain_database_requiredEv @ 0x5ec210
CIRCLE: _ZN2AP7missionEv @ 0x5ec2a0
CIRCLE: _ZN10AP_Mission26contains_terrain_alt_itemsEv @ 0x5ec2e0
CIRCLE: _ZNK10AP_Mission36calculate_contains_terrain_alt_itemsEv @ 0x5ec370
CIRCLE: _ZNK10AP_Mission12num_commandsEv @ 0xa9da80
CIRCLE: _ZNK10AP_Mission14get_command_idEt @ 0x5ec480
CIRCLE: _ZN10AP_Mission18stored_in_locationEt @ 0x5ec580
CIRCLE: _ZN10AP_Mission15Mission_CommandC2Ev @ 0xa9dae0
CIRCLE: _ZNK10AP_Mission21read_cmd_from_storageEtRNS_15Mission_CommandE @ 0x5ec710
CIRCLE: _ZN10AP_Mission7ContentC2Ev @ 0xa9db40
CIRCLE: _ZNK7AP_AHRS8get_homeEv @ 0xa9db90
CIRCLE: _ZNK13StorageAccess9read_byteEt @ 0x5ecbd0
CIRCLE: _ZNK13StorageAccess11read_uint16Et @ 0x5ecc40
CIRCLE: _ZNK13StorageAccess10read_blockEPvtm @ 0x5eccc0
CIRCLE: _ZN10AP_Mission13get_singletonEv @ 0xa9dbe0
CIRCLE: _ZNK7AP_EnumIN7ModeRTL10RTLAltTypeEEcvKS1_Ev @ 0xa9dc20
CIRCLE: _ZN2AP7terrainEv @ 0x5ed1f0
CIRCLE: _ZNK10AP_Terrain7enabledEv @ 0xa9dc70
CIRCLE: _ZN2AP5rallyEv @ 0x5ed330
CIRCLE: _ZNK7AP_AHRS12get_locationER8Location @ 0x5ed370
CIRCLE: _ZNK10AP_Mission21failed_sdcard_storageEv @ 0xa9dcd0
CIRCLE: _ZN14StorageManager14storage_failedEv @ 0xa9dd30
CIRCLE: _ZN2AP7vehicleEv @ 0x5ed5e0
CIRCLE: _ZNK10AP_Mission7presentEv @ 0xa9dd70
CIRCLE: _ZN10AP_Vehicle13get_singletonEv @ 0x5ed620
CIRCLE: _ZNK8Location12get_distanceERKS_ @ 0x5ed840
CIRCLE: _ZN8Location14diff_longitudeEii @ 0x5ed910
CIRCLE: _ZN8Location15longitude_scaleEi @ 0x5ed9f0
CIRCLE: _Z4normIddJEEdT_T0_DpKT1_ @ 0xa9dde0
CIRCLE: _Z2sqIdJdEEdT_DpKT0_ @ 0xa9de50
CIRCLE: _ZL3MAXIdfEDTqugtfp_fp0_fp_fp0_ERKT_RKT0_ @ 0x5eda90
CIRCLE: _ZN8LocationC2EiiiNS_8AltFrameE @ 0x5edb30
CIRCLE: _ZN8Location10set_alt_cmEiNS_8AltFrameE @ 0x5edbd0
CIRCLE: _ZN8AP_Rally13get_singletonEv @ 0xa9ded0
CIRCLE: _ZNK9AP_Arming20rc_checks_copter_subEbPPK10RC_Channel @ 0x5edcc0
CIRCLE: _ZN9AP_Arming21rc_calibration_checksEb @ 0x5ede70
CIRCLE: _ZN11RC_Channels23get_valid_channel_countEv @ 0x5ee020
CIRCLE: _ZNK10RC_Channel12has_overrideEv @ 0x5ee090
CIRCLE: _ZNK10RC_Channel14get_radio_trimEv @ 0xa9df10
CIRCLE: _ZNK10RC_Channel13get_radio_minEv @ 0xa9df70
CIRCLE: _ZNK10RC_Channel13get_radio_maxEv @ 0xa9dfd0
CIRCLE: _ZNK13AP_ParamTBaseIfL11ap_var_type4EE3getEv @ 0xa9e110
CIRCLE: _Z11is_positiveIfEbT_ @ 0xa9e160
CIRCLE: _ZL3MINIihEDTqultfp_fp0_fp_fp0_ERKT_RKT0_.6943 @ 0x5ee150
CIRCLE: _ZN9AP_Arming20board_voltage_checksEb @ 0x5ee1e0
CIRCLE: _ZNK14AP_BattMonitor13has_failsafedEv @ 0xa9e1c0
CIRCLE: _ZN14AP_BoardConfig25get_minimum_board_voltageEv @ 0xa9e220
CIRCLE: _ZN14AP_BoardConfig25get_minimum_servo_voltageEv @ 0xa9e2a0
CIRCLE: _ZN9AP_Arming10gps_checksEb @ 0x5ee390
CIRCLE: _ZNK6AP_GPS11num_sensorsEv @ 0x5ee860
CIRCLE: _ZNK6AP_GPS8get_hdopEv @ 0xa9e320
CIRCLE: _ZNK6AP_GPS8get_hdopEh @ 0xa9e380
CIRCLE: _ZN6AP_GPS14pre_arm_checksEPct @ 0x5ee8e0
CIRCLE: _ZNK6AP_GPS14primary_sensorEv @ 0xa9e3f0
CIRCLE: _ZNK6AP_GPS6statusEh @ 0xa9e440
CIRCLE: _ZNK6AP_GPS10is_healthyEh @ 0x5eea80
CIRCLE: _ZNK7AP_AHRS11home_is_setEv @ 0xa9e500
CIRCLE: _ZNK6AP_GPS14all_consistentERf @ 0x5eec30
CIRCLE: _ZNK6AP_GPS8locationEv @ 0xa9e560
CIRCLE: _ZNK6AP_GPS22first_unconfigured_gpsERh @ 0x5eed40
CIRCLE: _ZN3GCS9send_textE12MAV_SEVERITYPKcz @ 0x5eef10
CIRCLE: _ZNK6AP_GPS8locationEh @ 0xa9e5c0
CIRCLE: _ZNK6AP_GPS12is_rtk_roverEh @ 0x5ef1f0
CIRCLE: _ZN15AP_GPS_DroneCAN29inter_instance_pre_arm_checksEPct @ 0x5ef290
CIRCLE: _ZN15AP_GPS_DroneCAN20is_dronecan_gps_typeEN6AP_GPS8GPS_TypeE @ 0xa9e630
CIRCLE: _ZN9AP_Arming10ins_checksEb @ 0x5ef550
CIRCLE: _ZN16AP_Arming_Copter26pre_arm_ekf_attitude_checkEv @ 0x5ef940
CIRCLE: _ZN2AP3insEv @ 0x5ef9a0
CIRCLE: _ZNK17AP_InertialSensor19get_gyro_health_allEv @ 0x5ef9e0
CIRCLE: _ZNK17AP_InertialSensor22gyro_calibrated_ok_allEv @ 0x5efaa0
CIRCLE: _ZNK17AP_InertialSensor20get_accel_health_allEv @ 0x5efbb0
CIRCLE: _ZNK17AP_InertialSensor23accel_calibrated_ok_allEv @ 0x5efc70
CIRCLE: _ZNK17AP_InertialSensor25accel_cal_requires_rebootEv @ 0xa9e6b0
CIRCLE: _ZN9AP_Arming21ins_accels_consistentERK17AP_InertialSensor @ 0x5eff40
CIRCLE: _ZN9AP_Arming20ins_gyros_consistentERK17AP_InertialSensor @ 0x5f0040
CIRCLE: _ZNK17AP_InertialSensor23temperature_cal_runningEv @ 0x5f0130
CIRCLE: _ZNK17AP_InertialSensor12BatchSampler7enabledEv @ 0xa9e710
CIRCLE: _ZNK17AP_InertialSensor34pre_arm_check_gyro_backend_rate_hzEPct @ 0x5f01d0
CIRCLE: _ZN2AP3fftEv @ 0x5f0380
CIRCLE: _ZN10AP_GyroFFT13pre_arm_checkEPch @ 0x5f03c0
CIRCLE: _ZNK10AP_GyroFFT16analysis_enabledEv @ 0xa9e7e0
CIRCLE: _ZN7Vector3IfEixEh @ 0xa9eb70
CIRCLE: _ZN10DigitalLPFIfE6_applyERKfS2_ @ 0xa9eed0
CIRCLE: _Z15constrain_int16sss @ 0xa9f4d0
CIRCLE: _Z15constrain_valueIsET_S0_S0_S0_ @ 0xa9f560
CIRCLE: _ZNK10ByteBuffer5spaceEv @ 0x5f28b0
CIRCLE: _ZN10ByteBuffer5writeEPKhj @ 0x5f2b10
CIRCLE: _ZN10ByteBuffer7reserveEPNS_5IoVecEj @ 0x5f2c30
CIRCLE: _ZN10ByteBuffer6commitEj @ 0x5f2e60
CIRCLE: _ZNK10ByteBuffer8get_sizeEv @ 0xa9f610
CIRCLE: _ZN10AP_GyroFFT13get_singletonEv @ 0xa9f660
CIRCLE: _ZNK17AP_InertialSensor14get_gyro_countEv @ 0xa9f6a0
CIRCLE: _ZNK17AP_InertialSensor4_useEh @ 0xa9f710
CIRCLE: _ZNK17AP_InertialSensor8_gyro_idEh @ 0xa9f770
CIRCLE: _ZN17AP_InertialSensor8_gyro_idEh @ 0xa9f7d0
CIRCLE: _ZN17AP_InertialSensor4_useEh @ 0xa9f840
CIRCLE: _ZL3MINIihEDTqultfp_fp0_fp_fp0_ERKT_RKT0_.3586 @ 0x5f3390
CIRCLE: _ZNK17AP_InertialSensor4tcalEh @ 0xa9f8b0
CIRCLE: _ZNK7AP_EnumIN22AP_InertialSensor_TCal6EnableEEcvKS1_Ev @ 0xa9f910
CIRCLE: _ZN17AP_InertialSensor4tcalEh @ 0xa9f960
CIRCLE: _ZNK17AP_InertialSensor16gyros_consistentEh @ 0x5f3420
CIRCLE: _ZNK17AP_InertialSensor8get_gyroEv @ 0xa9f9d0
CIRCLE: _ZNK17AP_InertialSensor8use_gyroEh @ 0x5f3550
CIRCLE: _ZNK17AP_InertialSensor8get_gyroEh @ 0xa9fa30
CIRCLE: _ZL7radiansi.3656 @ 0x5f3610
CIRCLE: _ZNK17AP_InertialSensor15get_gyro_healthEh @ 0xa9faa0
CIRCLE: _ZNK17AP_InertialSensor17accels_consistentEf @ 0x5f3670
CIRCLE: _ZNK17AP_InertialSensor15get_accel_countEv @ 0xa9fb40
CIRCLE: _ZL3MINIihEDTqultfp_fp0_fp_fp0_ERKT_RKT0_ @ 0x5f37d0
CIRCLE: _ZNK17AP_InertialSensor9get_accelEv @ 0xa9fbb0
CIRCLE: _ZNK17AP_InertialSensor9use_accelEh @ 0x5f3860
CIRCLE: _ZNK17AP_InertialSensor9get_accelEh @ 0xa9fc10
CIRCLE: _ZNK17AP_InertialSensor16get_accel_healthEh @ 0xa9fc80
CIRCLE: _ZNK17AP_InertialSensor13_accel_offsetEh @ 0xa9fd20
CIRCLE: _ZNK9AP_ParamVI7Vector3IfEL11ap_var_type5EE3getEv @ 0xa9fd80
CIRCLE: _ZNK7Vector3IfE7is_zeroEv @ 0xa9fdd0
CIRCLE: _ZNK17AP_InertialSensor12_accel_scaleEh @ 0xa9fe80
CIRCLE: _ZNK17AP_InertialSensor9_accel_idEh @ 0xa9fee0
CIRCLE: _Z8is_equalIffENSt3__19enable_ifIXsr3std17is_floating_pointINS0_11common_typeIJT_T0_EE4typeEEE5valueEbE4typeES3_S4_ @ 0xa9ff40
CIRCLE: _ZN17AP_InertialSensor9_accel_idEh @ 0xa9ffc0
CIRCLE: _ZN17AP_InertialSensor12_accel_scaleEh @ 0xaa0030
CIRCLE: _ZN17AP_InertialSensor13_accel_offsetEh @ 0xaa00a0
CIRCLE: _ZNK17AP_InertialSensor18gyro_calibrated_okEh @ 0xaa0110
CIRCLE: _ZN17AP_InertialSensor13get_singletonEv @ 0x5f3920
CIRCLE: _ZN13AP_ParamTBaseIsL11ap_var_type2EE3setERKs @ 0xaa0750
CIRCLE: _ZN13AP_ParamTBaseIiL11ap_var_type3EE3setERKi @ 0xaa07c0
CIRCLE: _ZN13AP_ParamTBaseIfL11ap_var_type4EE3setERKf @ 0xaa0820
CIRCLE: _ZNK7Vector3IfEneERKS0_ @ 0xaa0f50
CIRCLE: _ZNK8AP_Param13find_var_infoEPjRPKNS_9GroupInfoERNS_12GroupNestingEPh @ 0x5f5390
CIRCLE: _ZNK8AP_Param14copy_name_infoEPKNS_4InfoEPKNS_9GroupInfoERKNS_12GroupNestingEhPcmb @ 0x5f5610
CIRCLE: _ZNK8AP_Param14send_parameterEPKc11ap_var_typeh @ 0x5f5870
CIRCLE: _ZNK8AP_Param13cast_to_floatE11ap_var_type @ 0x5f5a10
CIRCLE: _ZN3GCS20send_parameter_valueEPKc11ap_var_typef @ 0x5f5b00
CIRCLE: _ZL3MINImmEDTqultfp_fp0_fp_fp0_ERKT_RKT0_.6631 @ 0x5f5c40
CIRCLE: _ZN11GCS_MAVLINK14mav_param_typeE11ap_var_type @ 0x5f5cc0
CIRCLE: _ZN8AP_Param16count_parametersEv @ 0x5f5d50
CIRCLE: _ZN3GCS23send_to_active_channelsEjPKc @ 0x5f5f00
CIRCLE: _ZN9AP_Logger13get_singletonEv @ 0xaa1020
CIRCLE: _ZN9AP_Logger15Write_ParameterEPKcf @ 0x5f6020
CIRCLE: _ZNK9AP_Logger10quiet_nanfEv @ 0xaa1060
CIRCLE: _ZN17AP_Logger_Backend15Write_ParameterEPKcff @ 0x5f6110
CIRCLE: _Z14strncpy_notermPcPKcm @ 0x5f6230
CIRCLE: _ZN17AP_Logger_Backend18WriteCriticalBlockEPKvt @ 0xaa10b0
CIRCLE: _ZN17AP_Logger_Backend21WritePrioritisedBlockEPKvtbb @ 0x5f62e0
CIRCLE: _ZN17AP_Logger_Backend30validate_WritePrioritisedBlockEPKvt @ 0x5f64b0
CIRCLE: _ZN17AP_Logger_Backend9ShouldLogEb @ 0x5f66a0
CIRCLE: _ZN17AP_Logger_Backend21ensure_format_emittedEPKvt @ 0x5f6b40
CIRCLE: _ZNK17AP_Logger_Backend23message_type_from_blockEPKvtR11LogMessages @ 0x5f6c60
CIRCLE: _ZNK17AP_Logger_Backend28have_emitted_format_for_typeE11LogMessages @ 0xaa1130
CIRCLE: _ZNK7BitmaskILt256EE8validateEt @ 0xaa1260
CIRCLE: _ZNK7BitmaskILt256EE3getEt @ 0xaa12f0
CIRCLE: _ZNK6AP_HAL4Util14get_soft_armedEv @ 0xaa13c0
CIRCLE: _ZN2AP6loggerEv @ 0x5f7760
CIRCLE: _ZNK9AP_Logger18in_log_persistanceEv @ 0x5f77a0
CIRCLE: _Z7is_zeroI9AP_ParamTIfL11ap_var_type4EEEbT_ @ 0xaa1420
CIRCLE: _ZNK12AP_Scheduler5ticksEv @ 0xaa1480
CIRCLE: _ZN6AP_HAL8millis16Ev @ 0x5f79b0
CIRCLE: _ZNK6AP_HAL4Util21get_last_armed_changeEv @ 0xaa1590
CIRCLE: _ZNK9AP_Logger13WritesEnabledEv @ 0xaa15e0
CIRCLE: _ZNK19LoggerMessageWriter8finishedEv @ 0xaa1640
CIRCLE: _ZNK9AP_Logger15in_log_downloadEv @ 0x5f79f0
CIRCLE: _ZNK9AP_Logger16vehicle_is_armedEv @ 0xaa16a0
CIRCLE: _ZNK9AP_Logger18log_while_disarmedEv @ 0x5f7a90
CIRCLE: _ZNK7AP_EnumIN9AP_Logger11LogDisarmedEEcvKS1_Ev @ 0xaa1700
CIRCLE: mavlink_get_msg_entry @ 0x5f7c40
CIRCLE: _ZNK3GCS7num_gcsEv @ 0xaa1750
CIRCLE: _ZNK11GCS_MAVLINK10is_privateEv @ 0xaa17a0
CIRCLE: _ZNK11GCS_MAVLINK9is_activeEv @ 0xaa1800
CIRCLE: _ZN11GCS_MAVLINK12send_messageEPKcPK19__mavlink_msg_entry @ 0xaa1880
CIRCLE: _ZN11GCS_MAVLINK18check_payload_sizeEt @ 0x5f7d60
CIRCLE: _mav_finalize_message_chan_send @ 0x5f7e10
CIRCLE: _Z26mavlink_get_channel_statush @ 0x5f8160
CIRCLE: _Z17_mav_trim_payloadPKch @ 0x5f8240
CIRCLE: _ZL13crc_calculatePKht @ 0x5f82e0
CIRCLE: _ZL21crc_accumulate_bufferPtPKct @ 0x5f8380
CIRCLE: _ZL14crc_accumulatehPt @ 0x5f8420
CIRCLE: _Z14comm_send_lock17mavlink_channel_tt @ 0x5f86b0
CIRCLE: _mavlink_send_uart @ 0x5f8770
CIRCLE: _Z16comm_send_unlock17mavlink_channel_t @ 0x5f87f0
CIRCLE: _Z16comm_send_buffer17mavlink_channel_tPKhh @ 0x5f8870
CIRCLE: _ZL13valid_channel17mavlink_channel_t @ 0x5f89e0
CIRCLE: _Z24gcs_out_of_space_to_send17mavlink_channel_t @ 0x5f8a90
CIRCLE: _ZN11GCS_MAVLINK20out_of_space_to_sendEv @ 0xaa19c0
CIRCLE: _ZL8crc_initPt @ 0x5f93c0
CIRCLE: _ZN11GCS_MAVLINK14channel_statusEv @ 0xaa1a20
CIRCLE: _ZNK11GCS_MAVLINK7txspaceEv @ 0xaa1a70
CIRCLE: _ZNK11GCS_MAVLINK15packet_overheadEv @ 0xaa1b10
CIRCLE: _ZN11GCS_MAVLINK20packet_overhead_chanE17mavlink_channel_t @ 0x5f9410
CIRCLE: _ZL3MINIjjEDTqultfp_fp0_fp_fp0_ERKT_RKT0_.6622 @ 0x5f94f0
CIRCLE: _ZN11GCS_MAVLINK10is_privateE17mavlink_channel_t @ 0xaa1b70
CIRCLE: _ZN8AP_Param8var_infoEt @ 0xaa1be0
CIRCLE: _ZN8AP_Param14get_group_infoERKNS_4InfoE @ 0x5f9d70
CIRCLE: _ZN8AP_Param14get_group_infoERKNS_9GroupInfoE @ 0x5fa390
CIRCLE: _ZN8AP_Param19adjust_group_offsetEtRKNS_9GroupInfoERl @ 0x5fa410
CIRCLE: _ZN8AP_Param8group_idEPKNS_9GroupInfoEjhh @ 0x5fa530
CIRCLE: _ZN8AP_Param8get_baseERKNS_4InfoERl @ 0x5fa630
CIRCLE: _ZNK13AP_ParamTBaseIiL11ap_var_type3EE13cast_to_floatEv @ 0xaa1d20
CIRCLE: _ZNK8AP_Param19find_var_info_groupEPKNS_9GroupInfoEtjhlPjRS2_RNS_12GroupNestingEPh @ 0x5fa7c0
CIRCLE: _ZN8AP_Param4saveEb @ 0x5facc0
CIRCLE: _ZN17AP_InertialSensor13caltemp_accelEh @ 0xaa1ea0
CIRCLE: _ZNK17AP_InertialSensor15get_temperatureEh @ 0xaa1f10
CIRCLE: _ZNK7Vector3IfErmERKS0_ @ 0xaa2170
CIRCLE: _ZNK7Vector3IfEmlERKS0_ @ 0xaa2250
CIRCLE: _Z9safe_sqrtIfEfT_ @ 0xaa22e0
CIRCLE: _ZN11QuaternionTIfE9normalizeEv @ 0xaa2390
CIRCLE: _ZNK11QuaternionTIfE14get_euler_rollEv @ 0xaa2470
CIRCLE: _ZNK11QuaternionTIfE15get_euler_pitchEv @ 0xaa2520
CIRCLE: _Z9safe_asinIfEfT_ @ 0xaa2590
CIRCLE: _ZNK11QuaternionTIfE6lengthEv @ 0xaa2670
CIRCLE: _ZN7Vector3IfE6rotateE8Rotation @ 0xaa2780
CIRCLE: _ZNK7Matrix3IfEmlERK7Vector3IfE @ 0xaa3760
CIRCLE: _ZN7Matrix3IfE10from_eulerEfff @ 0xaa3900
CIRCLE: _ZN7Matrix3IfEC2Efffffffff @ 0xaa3b30
CIRCLE: _ZNK7Vector3IfEplERKS0_ @ 0xaa3c60
CIRCLE: _ZNK7Vector3IfEdvEf @ 0xaa3d10
CIRCLE: _Z4normIffJEEdT_T0_DpKT1_ @ 0xaa3db0
CIRCLE: _ZN7Vector3IfEpLERKS0_ @ 0xaa3e20
CIRCLE: _ZN15ObjectBuffer_TSIN8AP_Param10param_saveEE4peekERS1_ @ 0xaa3ec0
CIRCLE: _ZN15ObjectBuffer_TSIN8AP_Param10param_saveEE4pushERKS1_ @ 0xaa3f70
CIRCLE: _ZN10ByteBuffer9peekbytesEPhj @ 0x5fbc70
CIRCLE: _ZN10ByteBuffer9peekiovecEPNS_5IoVecEj @ 0x5fbd80
CIRCLE: _ZNK10ByteBuffer9availableEv @ 0x5fbed0
CIRCLE: _ZN10ByteBuffer7readptrERj @ 0x5fc1b0
CIRCLE: _ZNK7Vector3IfEngEv @ 0xaa4050
CIRCLE: _ZN9AP_Arming16barometer_checksEb @ 0x5fc5b0
CIRCLE: _ZNK7AP_AHRS36get_relative_position_D_origin_floatERf @ 0x5fc6c0
CIRCLE: _ZNK7AP_AHRS30get_relative_position_D_originERd @ 0x5fc750
CIRCLE: _ZNK7NavEKF37getPosDERd @ 0x5fc9d0
CIRCLE: _ZNK8Location11initialisedEv @ 0xaa4130
CIRCLE: _ZN6AP_HAL6microsEv @ 0x5fcec0
CIRCLE: _ZNK7Vector3IfE8todoubleEv @ 0xaa41c0
CIRCLE: _ZN7Vector3IdEmLEd @ 0xaa4240
CIRCLE: _ZN8Location13offset_latlngERiS0_dd @ 0x5fcfd0
CIRCLE: _ZN8Location15limit_lattitudeEi @ 0x5fd0d0
CIRCLE: _ZN8Location14wrap_longitudeEl @ 0x5fd170
CIRCLE: _ZN7Vector3IdEC2Eddd @ 0xaa42d0
CIRCLE: _ZNK12NavEKF3_core7getPosDERd @ 0x5fd210
CIRCLE: _ZNK12NavEKF3_core13getPosD_localERd @ 0x5fd2e0
CIRCLE: _ZNK12NavEKF3_core12getOriginLLHER8Location @ 0x5fd370
CIRCLE: _ZN7Vector3IdEC2Ev @ 0xaa4360
CIRCLE: _ZNK11AP_AHRS_DCM12get_locationER8Location @ 0x5fd710
CIRCLE: _ZN2AP4baroEv @ 0x5fda40
CIRCLE: _ZNK7AP_EnumI6GPSUseEcvKS0_Ev @ 0xaa43c0
CIRCLE: _ZNK6AP_GPS6statusEv @ 0xaa4410
CIRCLE: _ZNK7AP_Baro12get_altitudeEv @ 0xaa4470
CIRCLE: _ZN8Location6offsetEdd @ 0x5fda80
CIRCLE: _ZNK6AP_GPS7get_lagERf @ 0xaa44d0
CIRCLE: _ZNK7Vector3IfE2xyEv @ 0xaa4550
CIRCLE: _ZNK7Vector2IfEmlEf @ 0xaa45a0
CIRCLE: _ZNK6AP_GPS7get_lagEhRf @ 0x5fdb10
CIRCLE: _ZNK7AP_Baro12get_altitudeEh @ 0xaa4620
CIRCLE: _ZN7AP_Baro13get_singletonEv @ 0xaa4690
CIRCLE: _ZN2AP4sitlEv @ 0x5fdda0
CIRCLE: _ZNK7AP_Baro13arming_checksEmPc @ 0x5fdde0
CIRCLE: _ZNK7AP_Baro11all_healthyEv @ 0x5fdfb0
CIRCLE: _ZNK7AP_Baro12get_pressureEv @ 0xaa46d0
CIRCLE: _ZNK7AP_Baro23get_altitude_differenceEff @ 0x5fe060
CIRCLE: _ZNK7AP_Baro26get_altitude_from_pressureEf @ 0x5fe100
CIRCLE: _ZL33find_atmosphere_layer_by_pressuref @ 0x5fe360
CIRCLE: _ZNK7AP_Baro17get_altitude_AMSLEv @ 0xaa4730
CIRCLE: _ZN7AP_Baro29geopotential_alt_to_geometricEf @ 0x5fe410
CIRCLE: _ZNK7AP_Baro17get_altitude_AMSLEh @ 0xaa4790
CIRCLE: _ZNK7AP_Baro12get_pressureEh @ 0xaa4800
CIRCLE: _ZNK7AP_Baro7healthyEh @ 0x5fe470
CIRCLE: _ZN4SITL3SIM13get_singletonEv @ 0xaa4870
CIRCLE: _ZNK7Compass7healthyEv @ 0xaa48b0
CIRCLE: _ZNK7AP_AHRS8cos_rollEv @ 0xaa4910
CIRCLE: _ZNK7AP_AHRS9cos_pitchEv @ 0xaa4960
CIRCLE: _ZN6Copter32get_pilot_desired_climb_rate_cmsEv @ 0x5fe660
CIRCLE: _ZNK10RC_Channel14get_control_inEv @ 0xaa4a20
CIRCLE: _ZNK9AP_Logger15logging_presentEv @ 0x5fee70
CIRCLE: _ZNK9AP_Logger15logging_startedEv @ 0x5fef60
CIRCLE: _ZNK11RC_Channels17option_is_enabledENS_6OptionE @ 0xaa4ac0
CIRCLE: _ZN11RC_Channels23find_channel_for_optionEN10RC_Channel8AUX_FUNCE @ 0x5ff380
CIRCLE: _ZN11RC_Channels10rc_channelEh @ 0xaa4c00
CIRCLE: _ZNK11RC_Channels19flight_mode_channelEv @ 0x5ff6d0
CIRCLE: _ZN6Copter16get_throttle_midEv @ 0x5ff770
CIRCLE: _ZNK6Copter18get_pilot_speed_dnEv @ 0x5ff7d0
CIRCLE: _ZNK10RC_Channel15get_control_midEv @ 0x5ff8a0
CIRCLE: _ZN16AP_Arming_Copter18run_pre_arm_checksEb @ 0x5ffab0
CIRCLE: _ZN16AP_Arming_Copter17set_pre_arm_checkEb @ 0x5ffea0
CIRCLE: _ZNK9AP_Arming20disarm_switch_checksEb @ 0x5fff10
CIRCLE: _ZN16AP_Arming_Copter16parameter_checksEb @ 0x5fffd0
CIRCLE: _ZN16AP_Arming_Copter9oa_checksEb @ 0x6006d0
CIRCLE: _ZN16AP_Arming_Copter18gcs_failsafe_checkEb @ 0x600830
CIRCLE: _ZNK16AP_Arming_Copter12winch_checksEb @ 0x6008d0
CIRCLE: _ZNK16AP_Arming_Copter27rc_throttle_failsafe_checksEb @ 0x600a00
CIRCLE: _ZN9AP_Arming15airspeed_checksEb @ 0x600b90
CIRCLE: _ZN9AP_Arming14pre_arm_checksEb @ 0x600cb0
CIRCLE: _ZN9AP_Arming21hardware_safety_checkEb @ 0x6011a0
CIRCLE: _ZN9AP_Arming14compass_checksEb @ 0x601270
CIRCLE: _ZN9AP_Arming14battery_checksEb @ 0x601940
CIRCLE: _ZN9AP_Arming14logging_checksEb @ 0x601a30
CIRCLE: _ZN9AP_Arming25manual_transmitter_checksEb @ 0x601ba0
CIRCLE: _ZN9AP_Arming18rangefinder_checksEb @ 0x601ca0
CIRCLE: _ZNK9AP_Arming12servo_checksEb @ 0x601d90
CIRCLE: _ZNK9AP_Arming14terrain_checksEb @ 0x601fe0
CIRCLE: _ZN9AP_Arming10can_checksEb @ 0x602130
CIRCLE: _ZNK9AP_Arming16generator_checksEb @ 0x602400
CIRCLE: _ZN9AP_Arming13camera_checksEb @ 0x602500
CIRCLE: _ZNK9AP_Arming10osd_checksEb @ 0x6025f0
CIRCLE: _ZNK9AP_Arming12mount_checksEb @ 0x6026e0
CIRCLE: _ZNK9AP_Arming13fettec_checksEb @ 0x6027f0
CIRCLE: _ZNK9AP_Arming14visodom_checksEb @ 0x6028c0
CIRCLE: _ZN9AP_Arming15aux_auth_checksEb @ 0x6029b0
CIRCLE: _ZN9AP_Arming12fence_checksEb @ 0x602c10
CIRCLE: _ZN9AP_Arming12estop_checksEb @ 0x602d30
CIRCLE: _ZN12SRV_Channels18get_emergency_stopEv @ 0xaa50d0
CIRCLE: _ZNK10RC_Channel16read_3pos_switchERNS_12AuxSwitchPosE @ 0x602e80
CIRCLE: _ZNK10RC_Channel12get_radio_inEv @ 0xaa5110
CIRCLE: _ZN2AP5fenceEv @ 0x602fe0
CIRCLE: _ZNK8AC_Fence13pre_arm_checkEPch @ 0x603020
CIRCLE: _ZNK8AC_Fence7enabledEv @ 0xaa5220
CIRCLE: _ZNK8AC_Fence12auto_enabledEv @ 0xaa5280
CIRCLE: _ZNK9AP_ParamTIfL11ap_var_type4EEmiERKS1_ @ 0xaa5410
CIRCLE: _ZNK7Vector2IfEmiERKS0_ @ 0xaa5b60
CIRCLE: _ZNK7Vector2IfE14length_squaredEv @ 0xaa5d70
CIRCLE: _ZNK7Vector2IfEmlERKS0_ @ 0xaa5dd0
CIRCLE: _ZNK8Location15get_distance_NEERKS_ @ 0x604ba0
CIRCLE: _ZN8AC_Fence13get_singletonEv @ 0xaa5f00
CIRCLE: _ZN2AP10visualodomEv @ 0x604d60
CIRCLE: _ZNK13AP_VisualOdom13pre_arm_checkEPch @ 0x604da0
CIRCLE: _ZN13AP_VisualOdom13get_singletonEv @ 0xaa5f40
CIRCLE: _ZN16AP_FETtecOneWire13get_singletonEv @ 0xaa5f80
CIRCLE: _ZNK16AP_FETtecOneWire13pre_arm_checkEPch @ 0x604fe0
CIRCLE: _ZN2AP5mountEv @ 0x6052e0
CIRCLE: _ZN8AP_Mount14pre_arm_checksEPch @ 0x605320
CIRCLE: _ZNK8AP_Mount14get_mount_typeEh @ 0x6054b0
CIRCLE: _ZN8AP_Mount13get_singletonEv @ 0xaa5fc0
CIRCLE: _ZN2AP3osdEv @ 0x605540
CIRCLE: _ZNK6AP_OSD13pre_arm_checkEPch @ 0x605580
CIRCLE: _ZNK6AP_OSD18is_readonly_screenEv @ 0xaa6000
CIRCLE: _ZN6AP_OSD13get_singletonEv @ 0xaa6060
CIRCLE: _ZN2AP6runcamEv @ 0x6056b0
CIRCLE: _ZN9AP_RunCam13get_singletonEv @ 0xaa6110
CIRCLE: _ZN2AP9generatorEv @ 0x605890
CIRCLE: _ZNK12AP_Generator13pre_arm_checkEPch @ 0x6058d0
CIRCLE: _ZNK12AP_Generator4typeEv @ 0x6059f0
CIRCLE: _ZN12AP_Generator13get_singletonEv @ 0x605a50
CIRCLE: _ZN2AP3canEv @ 0x605a90
CIRCLE: _ZNK13AP_CANManager15get_num_driversEv @ 0xaa6150
CIRCLE: _ZNK13AP_CANManager15get_driver_typeEh @ 0xaa61a0
CIRCLE: _ZN12SRV_Channels18get_motor_functionEh @ 0xaa63a0
CIRCLE: _ZN13AP_CANManager13get_singletonEv @ 0xaa6430
CIRCLE: _ZNK10AP_Terrain14get_statisticsERtS0_ @ 0x606570
CIRCLE: _ZNK10AP_Terrain10bitcount64Em @ 0x606760
CIRCLE: _ZN12SRV_Channels11srv_channelEh @ 0xaa6490
CIRCLE: _ZNK11SRV_Channel12get_functionEv @ 0xaa6510
CIRCLE: _ZNK11SRV_Channel8get_trimEv @ 0xaa6570
CIRCLE: _ZNK11SRV_Channel14get_output_minEv @ 0xaa65d0
CIRCLE: _ZNK11SRV_Channel14get_output_maxEv @ 0xaa6620
CIRCLE: _ZN12SRV_Channels25get_disabled_channel_maskEv @ 0xaa6680
CIRCLE: _ZN11RangeFinder13get_singletonEv @ 0xaa66c0
CIRCLE: _ZNK11RangeFinder14prearm_healthyEPch @ 0x6068d0
CIRCLE: _ZNK9AP_Logger14logging_failedEv @ 0x606e80
CIRCLE: _ZN9AP_Logger12CardInsertedEv @ 0x606f50
CIRCLE: _ZN2AP7batteryEv @ 0x607000
CIRCLE: _ZNK14AP_BattMonitor13arming_checksEmPc @ 0x607040
CIRCLE: _ZNK14AP_BattMonitor15configured_typeEh @ 0xaa67b0
CIRCLE: _ZNK14AP_BattMonitor14allocated_typeEh @ 0xaa6820
CIRCLE: _ZNK22AP_BattMonitor_Backend13arming_checksEPcm @ 0x607240
CIRCLE: _ZNK22AP_BattMonitor_Backend20check_failsafe_typesERbS0_S0_S0_ @ 0x607730
CIRCLE: _Z11is_positiveI9AP_ParamTIfL11ap_var_type4EEEbT_ @ 0xaa6890
CIRCLE: _ZNK9AP_ParamTIfL11ap_var_type4EEgtERKS1_ @ 0xaa6900
CIRCLE: _ZL12update_checkmPcbPKc @ 0x607a30
CIRCLE: _ZNK21AP_BattMonitor_Params23failsafe_voltage_sourceEv @ 0xaa6970
CIRCLE: _ZNK22AP_BattMonitor_Backend24voltage_resting_estimateEv @ 0x607ad0
CIRCLE: _ZL3MAXIffEDTqugtfp_fp0_fp_fp0_ERKT_RKT0_.18691 @ 0x607b40
CIRCLE: _ZN14AP_BattMonitor13get_singletonEv @ 0xaa69d0
CIRCLE: _ZNK7Compass14is_calibratingEv @ 0x607bc0
CIRCLE: _ZNK7Compass27compass_cal_requires_rebootEv @ 0xaa6a10
CIRCLE: _ZN7Compass10configuredEPch @ 0x607cf0
CIRCLE: _ZNK7Compass11get_offsetsEv @ 0xaa6a70
CIRCLE: _ZNK7Compass15get_offsets_maxEv @ 0xaa6ad0
CIRCLE: _ZNK7Compass9get_fieldEv @ 0xaa6b30
CIRCLE: _ZNK7Compass10consistentEv @ 0x607f80
CIRCLE: _ZN7AP_AHRS11use_compassEv @ 0x608140
CIRCLE: _ZN14AP_Declination18get_earth_field_gaERK8Location @ 0x608220
CIRCLE: _ZNK7Vector3IfEmlEf @ 0xaa6b90
CIRCLE: _ZL3MAXIffEDTqugtfp_fp0_fp_fp0_ERKT_RKT0_.11700 @ 0x6083a0
CIRCLE: _ZN14AP_Declination16get_mag_field_efEffRfS0_S0_ @ 0x6084c0
CIRCLE: _ZL7radiansf.2992 @ 0x608ac0
CIRCLE: _Z15constrain_int32iii @ 0xaa6c30
CIRCLE: _Z15constrain_valueIiET_S0_S0_S0_ @ 0xaa6ca0
CIRCLE: _ZNK7NavEKF311use_compassEv @ 0x608ba0
CIRCLE: _ZN11AP_AHRS_DCM11use_compassEv @ 0x608c30
CIRCLE: _ZNK7AP_AHRS15get_fly_forwardEv @ 0xaa6d90
CIRCLE: _ZNK11AP_AHRS_DCM8have_gpsEv @ 0x608de0
CIRCLE: _ZL7degreesf.2106 @ 0x608e70
CIRCLE: _Z8wrap_180IfET_S0_ @ 0xaa6eb0
CIRCLE: _Z8wrap_360f @ 0x608ec0
CIRCLE: _ZNK6AP_GPS13ground_courseEh @ 0xaa6f40
CIRCLE: _ZNK6AP_GPS12ground_speedEh @ 0xaa6fb0
CIRCLE: _ZNK7Compass9get_countEv @ 0xaa7020
CIRCLE: _ZNK7Compass9get_fieldEh @ 0xaa7070
CIRCLE: _ZNK7Vector2IfE7is_zeroEv @ 0xaa70f0
CIRCLE: _ZNK7Vector3IfE5angleERKS0_ @ 0xaa7180
CIRCLE: _ZL7radiansf.2689 @ 0x608fe0
CIRCLE: _ZNK7Vector2IfE5angleERKS0_ @ 0xaa7290
CIRCLE: _ZNK7Vector2IfE6lengthEv @ 0xaa73b0
CIRCLE: _ZNK7Compass11get_offsetsEh @ 0xaa7410
CIRCLE: _ZNK9AP_ParamVI7Vector3IfEL11ap_var_type5EEcvRKS1_Ev @ 0xaa7490
CIRCLE: _ZNK14typesafe_indexIh12TAG_PriorityEltERKh @ 0xaa74e0
CIRCLE: _ZN19RestrictIDTypeArrayIiLj3E14typesafe_indexIh12TAG_PriorityEEixERKS2_ @ 0xaa7550
CIRCLE: _ZNK14typesafe_indexIh12TAG_PriorityEcvhEv @ 0xaa75d0
CIRCLE: _ZNK14typesafe_indexIh12TAG_PriorityEplERKh @ 0xaa7620
CIRCLE: _ZN19RestrictIDTypeArrayI9AP_ParamTIiL11ap_var_type3EELj3E14typesafe_indexIh12TAG_PriorityEEixERKS5_ @ 0xaa76a0
CIRCLE: _ZN14typesafe_indexIh12TAG_PriorityEppEi @ 0xaa7720
CIRCLE: _ZN7Compass10configuredEh @ 0x609030
CIRCLE: _ZN19RestrictIDTypeArrayIN7Compass9mag_stateELj4E14typesafe_indexIh14TAG_StateIndexEEixERKS4_ @ 0xaa7790
CIRCLE: _ZNK14typesafe_indexIh14TAG_StateIndexEeqERKh @ 0xaa7810
CIRCLE: _ZN8AP_Param4loadEv @ 0x609240
CIRCLE: _ZN8AP_Param7set_keyERNS_12Param_headerEt @ 0x609540
CIRCLE: _ZN8AP_Param4scanEPKNS_12Param_headerEPt @ 0x6095d0
CIRCLE: _ZN8AP_Param9type_sizeE11ap_var_type @ 0x609760
CIRCLE: _ZNK13StorageAccess4sizeEv @ 0xaa7880
CIRCLE: _ZN8AP_Param7get_keyERKNS_12Param_headerE @ 0x609800
CIRCLE: _ZN8AP_Param11is_sentinalERKNS_12Param_headerE @ 0x609870
CIRCLE: _ZNK19RestrictIDTypeArrayIP17CompassCalibratorLj3E14typesafe_indexIh12TAG_PriorityEEixERKS4_ @ 0xaa78d0
CIRCLE: _ZN11AP_Airspeed13get_singletonEv @ 0xaa7950
CIRCLE: _ZNK11AP_Airspeed13arming_checksEmPc @ 0x6099c0
CIRCLE: _ZNK11AP_Airspeed7enabledEh @ 0x609bb0
CIRCLE: _ZNK11AP_Airspeed3useEh @ 0x609c70
CIRCLE: _ZNK11AP_Airspeed7healthyEh @ 0x609da0
CIRCLE: _ZNK11AP_Airspeed11lib_enabledEv @ 0x609f20
CIRCLE: _ZNK11RC_Channels19has_had_rc_receiverEv @ 0xaa79e0
CIRCLE: _ZN2AP5winchEv @ 0x60a000
CIRCLE: _ZNK8AP_Winch13pre_arm_checkEPch @ 0x60a040
CIRCLE: _ZN8AP_Winch13get_singletonEv @ 0x60a1a0
CIRCLE: _ZNK16AP_OAPathPlanner13pre_arm_checkEPch @ 0x60a1e0
CIRCLE: _ZN18AC_AttitudeControl16get_angle_roll_pEv @ 0xaa7aa0
CIRCLE: _ZN4AC_P2kPEv @ 0xaa7af0
CIRCLE: _ZN18AC_AttitudeControl17get_angle_pitch_pEv @ 0xaa7b40
CIRCLE: _ZNK11RangeFinder15has_orientationE8Rotation @ 0x60a380
CIRCLE: _ZN13AC_PosControl14pre_arm_checksEPKcPch @ 0x60a520
CIRCLE: _ZN18AC_AttitudeControl14pre_arm_checksEPKcPch @ 0x60a790
CIRCLE: _ZN18AC_AttitudeControl15get_angle_yaw_pEv @ 0xaa7b90
CIRCLE: _ZN6AC_PID2ffEv @ 0xaa7be0
CIRCLE: _ZN6AC_PID2kPEv @ 0xaa7c30
CIRCLE: _Z11is_negativeI9AP_ParamTIfL11ap_var_type4EEEbT_ @ 0xaa7c80
CIRCLE: _ZN6AC_PID2kIEv @ 0xaa7cf0
CIRCLE: _ZN6AC_PID2kDEv @ 0xaa7d40
CIRCLE: _ZN13AC_PosControl12get_pos_NE_pEv @ 0xaa7d90
CIRCLE: _ZN7AC_P_2D2kPEv @ 0xaa7de0
CIRCLE: _ZN13AC_PosControl11get_pos_U_pEv @ 0xaa7e30
CIRCLE: _ZN7AC_P_1D2kPEv @ 0xaa7e80
CIRCLE: _ZN13AC_PosControl13get_vel_U_pidEv @ 0xaa7ed0
CIRCLE: _ZN12AC_PID_Basic2kPEv @ 0xaa7f20
CIRCLE: _ZN13AC_PosControl15get_accel_U_pidEv @ 0xaa7f70
CIRCLE: _ZNK11RangeFinder13find_instanceE8Rotation @ 0x60ac70
CIRCLE: _ZNK11RangeFinder11get_backendEh @ 0x60adc0
CIRCLE: _ZN6Copter17set_land_completeEb @ 0x60b2d0
CIRCLE: _ZN6Copter23set_land_complete_maybeEb @ 0x60b490
CIRCLE: _ZN9AP_Logger18WriteCriticalBlockEPKvt @ 0x60ba00
CIRCLE: _ZN8AP_Stats17update_flighttimeEv @ 0x60bbc0
CIRCLE: _ZN8AP_Stats14update_runtimeEv @ 0x60bc90
CIRCLE: _ZN8AP_Stats5flushEv @ 0x60bd30
CIRCLE: _ZN13AP_ParamTBaseIiL11ap_var_type3EE22set_and_save_ifchangedERKi @ 0xaa8170
CIRCLE: _ZNK14AP_DAL_Compass9availableEv @ 0xaa8240
CIRCLE: _ZNK14AP_DAL_Compass7healthyEh @ 0xaa82a0
CIRCLE: _ZNK14AP_DAL_Compass11get_offsetsEh @ 0xaa8310
CIRCLE: _ZNK7Vector3IdE7tofloatEv @ 0xaa8380
CIRCLE: _ZNK7Vector3IdEmlEd @ 0xaa8400
CIRCLE: _ZNK9AP_Arming14option_enabledENS_6OptionE @ 0xaa84a0
CIRCLE: _ZNK9AP_Arming22get_rudder_arming_typeEv @ 0xaa8520
CIRCLE: _ZN8AC_Fence12clear_breachEh @ 0x60ccd0
CIRCLE: _ZN9AP_Notify6updateEv @ 0x60d1a0
CIRCLE: _ZNK7AP_AHRS11get_yaw_radEv @ 0xaa8750
CIRCLE: _ZN6Copter27update_super_simple_bearingEb @ 0x60d5b0
CIRCLE: _ZN9AP_Logger10Write_ModeEh10ModeReason @ 0x60d780
CIRCLE: _ZN17AP_Logger_Backend10Write_ModeEh10ModeReason @ 0x60d8e0
CIRCLE: _ZNK7AP_AHRS38get_relative_position_NED_origin_floatER7Vector3IfE @ 0x60d990
CIRCLE: _ZN11AP_SmartRTL9add_pointERK7Vector3IfE @ 0x60dc00
CIRCLE: _ZN7HALSITL9Semaphore16take_nonblockingEv @ 0x60ddc0
CIRCLE: _ZNK11AP_SmartRTL10log_actionENS_6ActionERK7Vector3IfE @ 0x60de50
CIRCLE: _ZNK7Vector3IfE16distance_squaredERKS0_ @ 0xaa8870
CIRCLE: _ZL2sqf.12922 @ 0x60df10
CIRCLE: _ZN7HALSITL9Semaphore4giveEv @ 0x60df60
CIRCLE: _ZN9AP_Logger10Write_SRTLEbtthRK7Vector3IfE @ 0x60e010
CIRCLE: _ZN9AP_Logger10WriteBlockEPKvt @ 0x60e130
CIRCLE: _ZN17AP_Logger_Backend10WriteBlockEPKvt @ 0xaa8930
CIRCLE: _ZN11AP_SmartRTL15restart_pruningEt @ 0x60e1e0
CIRCLE: _ZN11AP_SmartRTL22restart_simplificationEt @ 0x60e290
CIRCLE: _ZN7BitmaskILt500EE6setallEv @ 0xaa89c0
CIRCLE: _ZNK7AP_AHRS32get_relative_position_NED_originER7Vector3IdE @ 0x60e320
CIRCLE: _ZN7Vector2IdEC2Ev @ 0xaa8a70
CIRCLE: _ZNK7NavEKF38getPosNEER7Vector2IdE @ 0x60e5c0
CIRCLE: _ZNK11AP_AHRS_SIM12get_locationER8Location @ 0x60e8f0
CIRCLE: _ZNK8Location23get_distance_NE_postypeERKS_ @ 0x60e9e0
CIRCLE: _ZN7Vector2IdEC2Edd @ 0xaa8ad0
CIRCLE: _ZNK12NavEKF3_core8getPosNEER7Vector2IdE @ 0x60ead0
CIRCLE: _ZNK7Vector3IdE2xyEv @ 0xaa8b50
CIRCLE: _ZNK7Vector2IdE8todoubleEv @ 0xaa8ba0
CIRCLE: _ZNK7Vector2IdEplERKS0_ @ 0xaa8c00
CIRCLE: _ZNK10AP_DAL_GPS6statusEh @ 0xaa8c90
CIRCLE: _ZNK10AP_DAL_GPS8locationEh @ 0xaa8d00
CIRCLE: _ZN7Vector2IdE4zeroEv @ 0xaa8d70
CIRCLE: _ZNK10AP_DAL_GPS14primary_sensorEv @ 0xaa8dd0
CIRCLE: _ZN6AP_DAL10log_event2ENS_5EventE @ 0x60f420
CIRCLE: _ZNK7AP_Baro15get_temperatureEh @ 0xaa9090
CIRCLE: _ZN6AP_DAL9end_frameEv @ 0x60fcd0
CIRCLE: _ZN6AP_DAL15WriteLogMessageE11LogMessagesPvPKvh @ 0x60fd50
CIRCLE: _ZN9AP_Logger16WriteReplayBlockEhPKvt @ 0x60fe70
CIRCLE: _ZNK9AP_Logger10log_replayEv @ 0xaa9100
CIRCLE: _ZN6AP_DAL10log_event3ENS_5EventE @ 0x610010
CIRCLE: _ZN6Copter10should_logEj @ 0x610270
CIRCLE: _ZNK9AP_Logger10should_logEj @ 0x6103a0
CIRCLE: _ZN9AP_Notify13get_singletonEv @ 0xaa9200
CIRCLE: _ZNK7AP_AHRS16get_velocity_NEDER7Vector3IfE @ 0x6107b0
CIRCLE: _ZN10AP_Terrain23update_reference_offsetEv @ 0x610830
CIRCLE: _ZNK9AP_ParamTIfL11ap_var_type4EEngEv @ 0xaa92a0
CIRCLE: _ZN10AP_Terrain11height_amslERK8LocationRfb @ 0x610a70
CIRCLE: _ZNK8Location10get_alt_cmENS_8AltFrameERi @ 0x610eb0
CIRCLE: _ZNK8Location13get_alt_frameEv @ 0x6111f0
CIRCLE: _ZNK7AP_AHRS10get_originER8Location @ 0x6112d0
CIRCLE: _ZN10AP_Terrain8allocateEv @ 0x611350
CIRCLE: _ZNK10AP_Terrain19calculate_grid_infoERK8LocationRNS_9grid_infoE @ 0x611470
CIRCLE: _ZN10AP_Terrain15find_grid_cacheERKNS_9grid_infoE @ 0x6118e0
CIRCLE: _ZN10AP_Terrain12check_bitmapERKNS_10grid_blockEhh @ 0x611bf0
CIRCLE: _ZN10AP_Terrain11grid_bitnumEhh @ 0x611cb0
CIRCLE: _ZNK9AP_Arming18get_enabled_checksEv @ 0x611d40
CIRCLE: _ZN7HALSITL9Semaphore4takeEj @ 0x611ea0
CIRCLE: _ZN6AP_HAL9Semaphore13take_blockingEv @ 0xaa9a70
CIRCLE: _ZN4SITL6AS56006updateERKNS_8AircraftE @ 0x6133c0
CIRCLE: _ZN4SITL17I2CRegisters_8Bit25rdwr_store_register_valueEhh @ 0xaaa890
CIRCLE: _ZN4SITL17I2CRegisters_8Bit4rdwrERPNS_3I2C19i2c_rdwr_ioctl_dataE @ 0x6134b0
CIRCLE: _ZNK4SITL8Aircraft12get_attitudeER11QuaternionTIfE @ 0xaaa910
CIRCLE: _ZL7degreesf.21016 @ 0x613790
CIRCLE: _ZN4SITL17I2CRegisters_8Bit12set_registerEhh @ 0x6137f0
CIRCLE: _ZN4SITL9I2CDevice6updateERKNS_8AircraftE @ 0xaaab00
CIRCLE: _ZN4SITL13TeraRangerI2C6updateERKNS_8AircraftE @ 0xaaaca0
CIRCLE: _ZNK4SITL8Aircraft17rangefinder_rangeEv @ 0x613eb0
CIRCLE: _ZL7radiansf.16135 @ 0x614390
CIRCLE: _Z10rand_floatv @ 0x6143f0
CIRCLE: _ZN4SITL7INA32216updateERKNS_8AircraftE @ 0x6146d0
CIRCLE: _ZL15convert_voltagef @ 0x614b50
CIRCLE: _ZL15convert_currentf @ 0x614c20
CIRCLE: _ZN4SITL8QMC5883L6updateERKNS_8AircraftE @ 0x614e80
CIRCLE: _ZN7Vector3IfE14rotate_inverseE8Rotation @ 0xaaad10
CIRCLE: _ZL7htole16t.15260 @ 0x615290
CIRCLE: _ZN7Vector3IsEC2Esss @ 0xaaaec0
CIRCLE: _ZN4SITL10IS31FL31956updateERKNS_8AircraftE @ 0x615500
CIRCLE: _ZN4SITL10IS31FL31954rdwrERPNS_3I2C19i2c_rdwr_ioctl_dataE @ 0x615630
CIRCLE: _ZN4SITL10IS31FL319525rdwr_store_register_valueEhh @ 0x6156a0
CIRCLE: _ZThn8_N4SITL10IS31FL319525rdwr_store_register_valueEhh @ 0x6157c0
CIRCLE: _ZN4SITL17I2CRegisters_8Bit12get_registerEh @ 0xaab060
CIRCLE: _ZN10SIM_RGBLED11set_coloursEhhh @ 0xaab0c0
CIRCLE: _ZN4SITL6LM27556updateERKNS_8AircraftE @ 0x6161e0
CIRCLE: _ZNK4SITL6LM275510LEDChannel13current_valueEv @ 0xaab2d0
CIRCLE: _ZN4SITL6LP55626updateERKNS_8AircraftE @ 0x616790
CIRCLE: _ZN4SITL6LP55624rdwrERPNS_3I2C19i2c_rdwr_ioctl_dataE @ 0xaab470
CIRCLE: _ZN4SITL6LP556210LEDChannel6updateEv @ 0x616aa0
CIRCLE: _ZNK4SITL6LP556210LEDChannel13current_valueEv @ 0xaab550
CIRCLE: _ZN4SITL6MS5XXX6updateERKNS_8AircraftE @ 0x616b80
CIRCLE: _ZN7AP_Baro37get_pressure_temperature_for_alt_amslEfRfS0_ @ 0x617b30
CIRCLE: _ZN7AP_Baro29geometric_alt_to_geopotentialEf @ 0x617d10
CIRCLE: _ZL33find_atmosphere_layer_by_altitudef @ 0x617d70
CIRCLE: _ZN7AP_Baro33get_temperature_by_altitude_layerEfa @ 0x617e20
CIRCLE: _ZN7AP_Baro29get_temperatureC_for_alt_amslEf @ 0x6189a0
CIRCLE: _ZN4SITL12InvensenseV36updateERKNS_8AircraftE @ 0x618a10
CIRCLE: _ZNK4SITL8ICM4060911accel_scaleEv @ 0xaabaa0
CIRCLE: _ZL7radiansd.14702 @ 0x6194d0
CIRCLE: _ZNK4SITL12InvensenseV310gyro_scaleEv @ 0xaabaf0
CIRCLE: _ZN4SITL12InvensenseV313write_to_fifoEhPhh @ 0x619520
CIRCLE: _ZN4SITL7MCP96006updateERKNS_8AircraftE @ 0x619a80
CIRCLE: _ZL7htobe16t.14606 @ 0x61a050
CIRCLE: _ZL10__bswap_16t.14608 @ 0x61a0a0
CIRCLE: _ZNK4SITL31I2CRegisters_ConfigurableLength13get_reg_valueEhRh @ 0x61a110
CIRCLE: _ZN4SITL6TSYS036updateERKNS_8AircraftE @ 0x61a560
CIRCLE: _ZN4SITL6TSYS016updateERKNS_8AircraftE @ 0x61afb0
CIRCLE: _ZN4SITL5SHT3x6updateERKNS_8AircraftE @ 0x61bbe0
CIRCLE: _ZN4SITL13Airspeed_DLVR6updateERKNS_8AircraftE @ 0x61c460
CIRCLE: _ZN4SITL29SIM_BattMonitor_SMBus_Generic6updateERKNS_8AircraftE @ 0x61cf40
CIRCLE: _ZNK4SITL29SIM_BattMonitor_SMBus_Generic15connected_cellsEv @ 0xaac3e0
CIRCLE: _ZN4SITL21SIM_BattMonitor_SMBus6updateERKNS_8AircraftE @ 0x61d7a0
CIRCLE: _ZNK4SITL8Aircraft19get_battery_voltageEv @ 0xaac430
CIRCLE: _ZN4SITL11SMBusDevice12set_registerEht @ 0xaac480
CIRCLE: _ZN4SITL18I2CRegisters_16Bit12set_registerEht @ 0x61d8b0
CIRCLE: _ZN4SITL11SMBusDevice12set_registerEhs @ 0xaac500
CIRCLE: _ZN4SITL18I2CRegisters_16Bit12set_registerEhs @ 0x61d960
CIRCLE: _ZN4SITL6Rotoye6updateERKNS_8AircraftE @ 0x61dc00
CIRCLE: _ZN4SITL11SMBusDevice13get_reg_valueEh @ 0xaac7b0
CIRCLE: _ZN4SITL18I2CRegisters_16Bit13get_reg_valueEh @ 0xaac820
CIRCLE: _ZL7be16toht.21067 @ 0x61dcd0
CIRCLE: _ZL10__bswap_16t.21068 @ 0x61dd20
CIRCLE: _ZNK4SITL6Maxell15connected_cellsEv @ 0xaac8e0
CIRCLE: _ZN4SITL13MaxSonarI2CXL6updateERKNS_8AircraftE @ 0xaaca20
CIRCLE: _ZN4SITL10ToshibaLED6updateERKNS_8AircraftE @ 0x61dfe0
CIRCLE: _ZN4SITL10ToshibaLED4rdwrERPNS_3I2C19i2c_rdwr_ioctl_dataE @ 0xaace30
CIRCLE: _ZNK6AP_HAL3HAL6serialEh @ 0xaad460
CIRCLE: _ZL14fill_stack_nanv @ 0x61eaa0
CIRCLE: _ZN7HALSITL9Scheduler13_run_io_procsEv @ 0x61ee20
CIRCLE: _ZNK7FunctorIvJEEcvbEv @ 0xaad570
CIRCLE: _ZNK7FunctorIvJEEclEv @ 0xaad5d0
CIRCLE: _ZN7HALSITL16I2CDeviceManager11_timer_tickEv @ 0x61f030
CIRCLE: _ZN2AP2RCEv @ 0x61f0d0
CIRCLE: _ZN13AP_RCProtocol6updateEv @ 0x61f180
CIRCLE: _ZN13AP_RCProtocol16check_added_uartEv @ 0x61f1d0
CIRCLE: _ZNK13AP_RCProtocol13should_searchEj @ 0x61f440
CIRCLE: _ZN21AP_RCProtocol_Backend9new_inputEv @ 0x61fc00
CIRCLE: _ZNK17AP_RCProtocol_FDM6activeEv @ 0xaad870
CIRCLE: _ZN6I2CBus11_timer_tickEv @ 0x61fe10
CIRCLE: _ZN9AP_Logger6WriteVEPKcS1_S1_S1_S1_P13__va_list_tagbb @ 0x61ff40
CIRCLE: _ZN9AP_Logger16msg_fmt_for_nameEPKcS1_S1_S1_S1_bb @ 0x620140
CIRCLE: _ZN17AP_Logger_Backend5WriteEhP13__va_list_tagbb @ 0x620a30
CIRCLE: _ZNK9AP_Logger24assert_same_fmt_for_nameEPKNS_13log_write_fmtEPKcS4_S4_S4_S4_ @ 0x6215b0
CIRCLE: _ZN3GCS14update_receiveEv @ 0x622920
CIRCLE: _ZN3GCS11update_sendEv @ 0x6229d0
CIRCLE: _ZN19MissionItemProtocol6updateEv @ 0x622d10
CIRCLE: _ZN11GCS_MAVLINK11update_sendEv @ 0x622ee0
CIRCLE: _ZN3GCS18service_statustextEv @ 0x6232c0
CIRCLE: _ZN3GCS15StatusTextQueue9semaphoreEv @ 0xaadad0
CIRCLE: _ZNK11ObjectArrayIN3GCS12statustext_tEE8is_emptyEv @ 0xaadb20
CIRCLE: _ZN11GCS_MAVLINK18service_statustextEv @ 0x623430
CIRCLE: _ZN3GCS15StatusTextQueue5pruneEv @ 0x623670
CIRCLE: _ZNK11ObjectArrayIN3GCS12statustext_tEE9availableEv @ 0xaadb80
CIRCLE: _ZN11ObjectArrayIN3GCS12statustext_tEEixEt @ 0xaadbd0
CIRCLE: _ZN11ObjectArrayIN3GCS12statustext_tEE6removeEt @ 0xaadc70
CIRCLE: _ZN3GCS16statustext_queueEv @ 0xaade70
CIRCLE: _Z14comm_chan_lock17mavlink_channel_t @ 0x6237a0
CIRCLE: _ZL27mavlink_msg_statustext_send17mavlink_channel_thPKcth @ 0x623800
CIRCLE: _ZL16mav_array_memcpyPvPKvm.6783 @ 0x6238e0
CIRCLE: _ZN9AP_Logger15handle_log_sendEv @ 0x623980
CIRCLE: _ZN22GCS_MAVLINK_InProgress11check_tasksEv @ 0x624050
CIRCLE: _ZNK3GCS11out_of_timeEv @ 0x624240
CIRCLE: _ZN11GCS_MAVLINK30deferred_message_to_send_indexEt @ 0x624320
CIRCLE: _ZN11GCS_MAVLINK19do_try_send_messageE10ap_message @ 0x624500
CIRCLE: _ZNK7BitmaskILt91EE9first_setEv @ 0xaadec0
CIRCLE: _ZN7BitmaskILt91EE5clearEt @ 0xaadf90
CIRCLE: _ZN11GCS_MAVLINK36next_deferred_bucket_message_to_sendEt @ 0x624630
CIRCLE: _ZNK7BitmaskILt91EE5countEv @ 0xaae050
CIRCLE: _ZNK11GCS_MAVLINK26get_reschedule_interval_msERKNS_25deferred_message_bucket_tE @ 0x624760
CIRCLE: _ZN11GCS_MAVLINK24find_next_bucket_to_sendEt @ 0x624860
CIRCLE: _ZN7BitmaskILt91EEaSERKS0_ @ 0xaae120
CIRCLE: _ZNK11GCS_MAVLINK24requesting_mission_itemsEv @ 0x624a30
CIRCLE: _ZN7GCS_FTP16get_last_send_msE17mavlink_channel_t @ 0x624b20
CIRCLE: _ZNK19MissionItemProtocol14active_link_isEPK11GCS_MAVLINK @ 0xaae1f0
CIRCLE: _ZNK7BitmaskILt91EE8validateEt @ 0xaae260
CIRCLE: _ZNK11GCS_MAVLINK17telemetry_delayedEv @ 0x624cc0
CIRCLE: _ZNK3GCS11telem_delayEv @ 0xaae2f0
CIRCLE: _ZN14AP_BoardConfig15in_config_errorEv @ 0xaae350
CIRCLE: _ZNK12AP_Scheduler19time_available_usecEv @ 0x624d90
CIRCLE: _ZN2AP2FSEv @ 0x625010
CIRCLE: _ZN19AP_Filesystem_Posix5writeEiPKvj @ 0x6253b0
CIRCLE: _ZN21AP_Filesystem_Backend17bytes_until_fsyncEi @ 0xaae390
CIRCLE: _ZN19AP_Filesystem_Posix9disk_freeEPKc @ 0x625ba0
CIRCLE: _ZNK21AP_Filesystem_Backend15file_op_allowedEv @ 0x6262d0
CIRCLE: _ZL12map_filenamePKc @ 0x626370
CIRCLE: _ZL17map_filename_freePKc @ 0x626410
CIRCLE: _Z16comm_get_txspace17mavlink_channel_t @ 0x626560
CIRCLE: _ZL28mavlink_msg_command_ack_send17mavlink_channel_tthhihh.6806 @ 0x6265f0
CIRCLE: _ZN11GCS_MAVLINK23set_ap_message_intervalE10ap_messaget @ 0x626a60
CIRCLE: _ZNK11GCS_MAVLINK20cap_message_intervalEt @ 0x626e80
CIRCLE: _ZNK11GCS_MAVLINK26get_deferred_message_indexE10ap_message @ 0x626f50
CIRCLE: _ZNK7BitmaskILt91EE3getEt @ 0xaae5d0
CIRCLE: _ZN7BitmaskILt91EE3setEt @ 0xaae6a0
CIRCLE: _ZN12AP_Scheduler18get_loop_period_usEv @ 0xaae760
CIRCLE: _ZNK13AP_Filesystem13backend_by_fdERi @ 0x6277d0
CIRCLE: _ZNK13AP_Filesystem15backend_by_pathERPKc @ 0x6278a0
CIRCLE: _ZN11GCS_MAVLINK39initialise_message_intervals_for_streamENS_7streamsE @ 0x627b90
CIRCLE: _ZNK11GCS_MAVLINK23get_interval_for_streamENS_7streamsE @ 0x627d90
CIRCLE: _ZNK11GCS_MAVLINK8get_chanEv @ 0xaae800
CIRCLE: _ZL28mavlink_msg_mission_ack_send17mavlink_channel_thhhh.19879 @ 0x628770
CIRCLE: _ZNK11GCS_MAVLINK22get_stream_slowdown_msEv @ 0xaae8a0
CIRCLE: _ZN11GCS_MAVLINK12send_messageE10ap_message @ 0x628840
CIRCLE: _ZN11GCS_MAVLINK22save_signing_timestampEb @ 0x628950
CIRCLE: _ZNK11GCS_MAVLINK12is_streamingEv @ 0xaae8f0
CIRCLE: _ZN11GCS_MAVLINK16signing_key_loadER10SigningKey @ 0x628a80
CIRCLE: _ZNK13StorageAccess11write_blockEtPKvm @ 0x628be0
CIRCLE: _ZNK11GCS_MAVLINK9send_textE12MAV_SEVERITYPKcz @ 0x6297e0
CIRCLE: _ZN19LoggerMessageWriter5resetEv @ 0x62ade0
CIRCLE: _ZNK13StorageAccess10write_byteEth @ 0x62b510
CIRCLE: _Z9check_lati @ 0x62b610
CIRCLE: _Z9check_lngi @ 0x62b680
CIRCLE: _ZN19AC_PolyFence_loader13check_indexedEv @ 0x62b6f0
CIRCLE: _ZN19MissionItemProtocol26allocate_receive_resourcesEt @ 0xaaf160
CIRCLE: _ZN19MissionItemProtocol21free_upload_resourcesEv @ 0xaaf210
CIRCLE: _ZNK29MissionItemProtocol_Waypoints12mission_typeEv @ 0xaaf4a0
CIRCLE: _ZNK29MissionItemProtocol_Waypoints23next_item_ap_message_idEv @ 0xaaf4f0
CIRCLE: _ZN29MissionItemProtocol_Waypoints8truncateERK25__mavlink_mission_count_t @ 0x62d050
CIRCLE: _ZNK29MissionItemProtocol_Waypoints10item_countEv @ 0x62d200
CIRCLE: _ZNK29MissionItemProtocol_Waypoints9max_itemsEv @ 0x62d260
CIRCLE: _ZN29MissionItemProtocol_Waypoints12replace_itemERK28__mavlink_mission_item_int_t @ 0x62d2c0
CIRCLE: _ZN29MissionItemProtocol_Waypoints8completeERK11GCS_MAVLINK @ 0x62d570
CIRCLE: _ZN9AP_Logger19Write_EntireMissionEv @ 0x62d650
CIRCLE: _ZN17AP_Logger_Backend19Write_EntireMissionEv @ 0x62d6e0
CIRCLE: _ZN30LoggerMessageWriter_DFLogStart18writeentiremissionEv @ 0x62d740
CIRCLE: _ZN38LoggerMessageWriter_WriteEntireMission5resetEv @ 0x62d7d0
CIRCLE: _ZN10AP_Mission26mavlink_int_to_mission_cmdERK28__mavlink_mission_item_int_tRNS_15Mission_CommandE @ 0x62d840
CIRCLE: _ZN10AP_Mission20write_cmd_to_storageEtRKNS_15Mission_CommandE @ 0x62f2d0
CIRCLE: _ZNK10AP_Mission16num_commands_maxEv @ 0xaaf600
CIRCLE: _ZNK13StorageAccess12write_uint16Ett @ 0x62f650
CIRCLE: _ZN10AP_Mission19sanity_check_paramsERK28__mavlink_mission_item_int_t @ 0x62f6e0
CIRCLE: _Z11is_negativeIfEbT_ @ 0xaaf650
CIRCLE: _ZN10AP_Mission11replace_cmdEtRKNS_15Mission_CommandE @ 0x62fab0
CIRCLE: _ZN10AP_Mission26mission_cmd_to_mavlink_intERKNS_15Mission_CommandER28__mavlink_mission_item_int_t @ 0x62fb80
CIRCLE: _ZN10AP_Mission8truncateEt @ 0x631100
CIRCLE: _ZN11GCS_MAVLINK14update_receiveEj @ 0x631270
CIRCLE: _ZN3GCS15update_passthruEv @ 0x631740
CIRCLE: _ZN16AP_SerialManager12get_passthruERPN6AP_HAL10UARTDriverES3_RhRjS5_ @ 0x631c70
CIRCLE: _ZN6AP_HAL10UARTDriver11read_lockedEPhmj @ 0x6326f0
CIRCLE: _ZNK11GCS_MAVLINK6lockedEv @ 0xaaf990
CIRCLE: _ZNK7FunctorIbJhPN6AP_HAL10UARTDriverEEEcvbEv @ 0xaaf9f0
CIRCLE: _ZN11GCS_MAVLINK14channel_bufferEv @ 0xaafad0
CIRCLE: mavlink_frame_char_buffer @ 0x632dd0
CIRCLE: _ZN12AP_Scripting14handle_messageERK17__mavlink_message17mavlink_channel_t @ 0x633670
CIRCLE: _ZN11GCS_MAVLINK13send_timesyncEv @ 0x633860
CIRCLE: _ZN11GCS_MAVLINK17log_mavlink_statsEv @ 0x6338d0
CIRCLE: _ZNK11GCS_MAVLINK15signing_enabledEv @ 0x633a50
CIRCLE: _ZNK11GCS_MAVLINK21timesync_timestamp_nsEv @ 0x633af0
CIRCLE: _ZL25mavlink_msg_timesync_send17mavlink_channel_tll @ 0x633b50
CIRCLE: mavlink_start_checksum @ 0x633bf0
CIRCLE: mavlink_update_checksum @ 0x633c50
CIRCLE: _Z9fill_nanfPft @ 0x634690
CIRCLE: _ZN10ByteBuffer7advanceEj @ 0x637720
CIRCLE: _ZN5Empty11OpticalFlow9push_gyroEfff @ 0xab09a0
CIRCLE: _ZN5Empty11OpticalFlow14push_gyro_biasEff @ 0xab0a10
CIRCLE: _ZNK7HALSITL4Util18was_watchdog_resetEv @ 0xab0ce0
CIRCLE: _ZN7HALSITL4Util19safety_switch_stateEv @ 0x6383d0
CIRCLE: _ZN7HALSITL4Util16available_memoryEv @ 0xab11d0
CIRCLE: _ZN7HALSITL4Util8uart_logEv @ 0x6389b0
CIRCLE: _ZN6AP_HAL4Util14log_stack_infoEv @ 0xab1570
CIRCLE: _ZN6AP_HAL10UARTDriver9log_statsEhRNS0_12StatsTrackerEj @ 0x638b80
CIRCLE: _ZN6AP_HAL10UARTDriver12StatsTracker11ByteTracker6updateEj @ 0x638d20
CIRCLE: _ZN7HALSITL8RCOutput20_safety_switch_stateEv @ 0xab1610
CIRCLE: _ZNK7HALSITL9Semaphore11check_ownerEv @ 0x63a2e0
CIRCLE: _ZN7HALSITL9I2CDevice8transferEPKhjPhj @ 0x63a8f0
CIRCLE: _ZN7HALSITL9I2CDevice9_transferEPKhjPhj @ 0x63acf0
CIRCLE: _ZN6I2CBus5ioctlEhPv @ 0xab34f0
CIRCLE: _ZN6I2CBus6_ioctlEhPv @ 0x63afc0
CIRCLE: _ZN4SITL3SIM9i2c_ioctlEhPv @ 0xab3570
CIRCLE: _ZN4SITL3I2C5ioctlEhPv @ 0x63b040
CIRCLE: _ZN4SITL3I2C10ioctl_rdwrEPNS0_19i2c_rdwr_ioctl_dataE @ 0x63b0d0
CIRCLE: _ZN6AP_HAL10UARTDriver5writeEPKhm @ 0x63b250
CIRCLE: _ZN6AP_HAL10UARTDriver9availableEv @ 0x63b390
CIRCLE: _ZN6AP_HAL10UARTDriver4readEv @ 0x63b410
CIRCLE: _ZN6AP_HAL10UARTDriver4readERh @ 0x63b490
CIRCLE: _ZN6AP_HAL10UARTDriver4readEPht @ 0x63b590
CIRCLE: _ZN7HALSITL10UARTDriver7txspaceEv @ 0x63b600
CIRCLE: _ZN7HALSITL10UARTDriver11_timer_tickEv @ 0x63b980
CIRCLE: _ZN7HALSITL10UARTDriver26receive_time_constraint_usEt @ 0x63b9e0
CIRCLE: _ZN7HALSITL10UARTDriver6_writeEPKhm @ 0x63c6b0
CIRCLE: _ZN7HALSITL10UARTDriver5_readEPht @ 0x63c880
CIRCLE: _ZN7HALSITL10UARTDriver10_availableEv @ 0x63ca70
CIRCLE: _ZNK7HALSITL10UARTDriver18get_total_tx_bytesEv @ 0xab3da0
CIRCLE: _ZNK7HALSITL10UARTDriver18get_total_rx_bytesEv @ 0xab3df0
CIRCLE: _ZNK6AP_HAL10UARTDriver26get_total_dropped_rx_bytesEv @ 0xab3e40
CIRCLE: _ZN7HALSITL10UARTDriver17_check_connectionEv @ 0x63cb60
CIRCLE: _ZN7HALSITL10UARTDriver13_select_checkEi @ 0x63cca0
CIRCLE: _ZN10ByteBuffer4readEPhj @ 0x63ceb0
CIRCLE: _ZN7HALSITL10UARTDriver41handle_writing_from_writebuffer_to_deviceEv @ 0x63cf50
CIRCLE: _ZN7HALSITL10UARTDriver16_check_reconnectEv @ 0x63d300
CIRCLE: _ZL3MINIjjEDTqultfp_fp0_fp_fp0_ERKT_RKT0_.13888 @ 0x63d700
CIRCLE: _ZNK4SITL12SerialDevice15write_to_deviceEPKcm @ 0x63d780
CIRCLE: _ZNK4SITL12SerialDevice18write_to_autopilotEPKcm @ 0x640ae0
CIRCLE: _ZNK4SITL12SerialDevice13is_match_baudEv @ 0x640ba0
CIRCLE: _ZNK4SITL3GPS18write_to_autopilotEPKcm @ 0x640cd0
CIRCLE: _ZNK4SITL3GPS11device_baudEv @ 0x640ef0
CIRCLE: _Z8wrap_180IdET_S0_ @ 0xab5430
CIRCLE: _ZN8Location14offset_bearingEdd @ 0x643c30
CIRCLE: _ZNK7Vector2IfEplERKS0_ @ 0xab5890
CIRCLE: _ZL7radiansd @ 0x643d30
CIRCLE: _Z8wrap_360d @ 0x643d80
CIRCLE: _ZNK4SITL12SerialDevice19read_from_autopilotEPcm @ 0x643e20
CIRCLE: _Z7is_zerod @ 0xab7560
CIRCLE: _ZN7HALSITL10UARTDriver40handle_reading_from_device_to_readbufferEv @ 0x649710
CIRCLE: _ZNK4SITL12SerialDevice16read_from_deviceEPcm @ 0x649ba0
CIRCLE: _ZN7HALSITL8AnalogIn13board_voltageEv @ 0xab8a70
CIRCLE: _ZN6AP_HAL8AnalogIn17servorail_voltageEv @ 0xab8ac0
CIRCLE: _ZN6AP_HAL8AnalogIn18power_status_flagsEv @ 0xab8b10
CIRCLE: _ZN7HALSITL9ADCSource7set_pinEh @ 0x64a7e0
CIRCLE: _ZN7HALSITL9ADCSource15voltage_averageEv @ 0x64a860
CIRCLE: _ZN7HALSITL9ADCSource14voltage_latestEv @ 0x64a8b0
CIRCLE: _ZNK7HALSITL4GPIO9valid_pinEh @ 0xab8dc0
CIRCLE: _ZN7HALSITL4GPIO13usb_connectedEv @ 0x64b010
CIRCLE: _ZNK6AP_HAL4GPIO13arming_checksEmPc @ 0xab9140
CIRCLE: _ZN7HALSITL8RCOutput9enable_chEh @ 0x64b410
CIRCLE: _ZN7HALSITL8RCOutput10disable_chEh @ 0x64b4a0
CIRCLE: _ZN7HALSITL8RCOutput5writeEht @ 0x64b530
CIRCLE: _ZN6AP_HAL8RCOutput20update_channel_masksEv @ 0xab94f0
CIRCLE: _ZN7HALSITL8RCOutput4corkEv @ 0x64b660
CIRCLE: _ZN7HALSITL8RCOutput4pushEv @ 0x64b6f0
CIRCLE: _ZN7HALSITL8RCOutput4readEh @ 0x64b820
CIRCLE: _ZN7HALSITL8RCOutput4readEPth @ 0x64b8b0
CIRCLE: _ZN6AP_HAL8RCOutput16set_default_rateEt @ 0xab9d90
CIRCLE: _ZN17AP_ESC_Telem_SITL6updateEv @ 0x64bcd0
CIRCLE: _ZL3MAXIffEDTqugtfp_fp0_fp_fp0_ERKT_RKT0_.20563 @ 0x64bea0
CIRCLE: _ZN20AP_ESC_Telem_Backend10update_rpmEhff @ 0x64bf20
CIRCLE: _ZN20AP_ESC_Telem_Backend17update_telem_dataEhRKNS_13TelemetryDataEt @ 0x64bfb0
CIRCLE: _ZN12AP_ESC_Telem17update_telem_dataEhRKN20AP_ESC_Telem_Backend13TelemetryDataEt @ 0x64c040
CIRCLE: _ZN12AP_ESC_Telem10update_rpmEhff @ 0x64c320
CIRCLE: _ZL3MAXIjjEDTqugtfp_fp0_fp_fp0_ERKT_RKT0_.10200 @ 0x64c480
CIRCLE: _Z16constrain_uint32jjj @ 0xaba2c0
CIRCLE: _Z15constrain_valueIjET_S0_S0_S0_ @ 0xaba330
CIRCLE: _ZN7HALSITL7RCInput9new_inputEv @ 0x64c610
CIRCLE: _ZN7HALSITL7RCInput12num_channelsEv @ 0x64c670
CIRCLE: _ZN7HALSITL7RCInput4readEh @ 0x64c6d0
CIRCLE: _ZN13AP_RCProtocol4readEh @ 0x64c980
CIRCLE: _ZN21AP_RCProtocol_Backend4readEh @ 0x64ca10
CIRCLE: _ZN13AP_RCProtocol12num_channelsEv @ 0x64ca70
CIRCLE: _ZNK21AP_RCProtocol_Backend12num_channelsEv @ 0x64caf0
CIRCLE: _ZN13AP_RCProtocol9new_inputEv @ 0x64cb40
CIRCLE: _ZN13AP_RCProtocol21detect_async_protocolENS_12rcprotocol_tE @ 0x64cd00
CIRCLE: _ZNK13AP_RCProtocol10using_uartEv @ 0xaba8c0
CIRCLE: _ZN17AP_RCProtocol_FDM6updateEv @ 0x64d950
CIRCLE: _ZN21AP_RCProtocol_Backend9add_inputEhPtbss @ 0x64db30
CIRCLE: _ZL3MINIhiEDTqultfp_fp0_fp_fp0_ERKT_RKT0_.20159 @ 0x64dc90
CIRCLE: _ZN13AP_RCProtocol19set_failsafe_activeEb @ 0xabb290
CIRCLE: _ZN21AP_RCProtocol_Backend6updateEv @ 0xabb3a0
CIRCLE: _ZN17AP_RCProtocol_UDP6updateEv @ 0x64dd10
CIRCLE: _ZN17AP_RCProtocol_UDP21read_all_socket_inputEv @ 0x64df70
CIRCLE: _ZN16SocketAPM_native4recvEPvmj @ 0x64e210
CIRCLE: _ZN16SocketAPM_native6pollinEj @ 0x64e440
CIRCLE: _ZNK16SocketAPM_native11get_read_fdEv @ 0xabb4d0
CIRCLE: _ZN18AP_RCProtocol_GHST6updateEv @ 0x64eca0
CIRCLE: _ZN3GCS23get_sensor_status_flagsERjS0_S0_ @ 0x650960
CIRCLE: _ZN3GCS26update_sensor_status_flagsEv @ 0x650a20
CIRCLE: _ZNK7AP_AHRS11initialisedEv @ 0x6511e0
CIRCLE: _ZNK7AP_Baro13num_instancesEv @ 0xabbb60
CIRCLE: _ZNK6AP_GPS10is_healthyEv @ 0xabbbb0
CIRCLE: _ZNK14AP_BattMonitor13num_instancesEv @ 0xabbc10
CIRCLE: _ZNK14AP_BattMonitor7healthyEv @ 0x651310
CIRCLE: _ZNK17AP_InertialSensor11calibratingEv @ 0x651400
CIRCLE: _ZNK9AP_Logger15logging_enabledEv @ 0x6514d0
CIRCLE: _ZNK6AP_GPS15logging_presentEv @ 0xabbc60
CIRCLE: _ZNK6AP_GPS15logging_enabledEv @ 0xabbcd0
CIRCLE: _ZNK6AP_GPS14logging_failedEv @ 0x6515a0
CIRCLE: _ZNK7AP_AHRS12get_ekf_typeEv @ 0xabbd40
CIRCLE: _ZNK8AC_Fence18sys_status_enabledEv @ 0x651680
CIRCLE: _ZNK8AC_Fence18sys_status_presentEv @ 0x651720
CIRCLE: _ZNK8AC_Fence17sys_status_failedEv @ 0x651780
CIRCLE: _ZNK11AP_Airspeed7enabledEv @ 0xabbda0
CIRCLE: _ZN2AP11opticalflowEv @ 0x6518d0
CIRCLE: _ZNK14AP_OpticalFlow7healthyEv @ 0xabbeb0
CIRCLE: _ZN2AP6armingEv @ 0x651910
CIRCLE: _ZNK11RC_Channels22has_ever_seen_rc_inputEv @ 0xabbf30
CIRCLE: _ZN9AP_Arming13get_singletonEv @ 0x651950
CIRCLE: _ZN14AP_OpticalFlow13get_singletonEv @ 0xabbf90
CIRCLE: _ZN2AP8airspeedEv @ 0x651990
CIRCLE: _ZNK8AC_Fence12get_breachesEv @ 0xabc060
CIRCLE: _ZNK7AP_EnumIN8AC_Fence6ActionEEcvKS1_Ev @ 0xabc0b0
CIRCLE: _ZNK14AP_BattMonitor7healthyEh @ 0x651a50
CIRCLE: _ZNK6AP_GPS8num_satsEv @ 0xabc2c0
CIRCLE: _ZNK6AP_GPS8num_satsEh @ 0xabc320
CIRCLE: _ZNK14AP_BattMonitor7voltageEh @ 0x652740
CIRCLE: _ZNK14AP_BattMonitor12current_ampsERfh @ 0x6527e0
CIRCLE: _ZNK14AP_BattMonitor12consumed_mahERfh @ 0x6528d0
CIRCLE: _ZN9AP_Logger14WriteStreamingEPKcS1_S1_z @ 0x6535f0
CIRCLE: _ZN22AP_RCProtocol_DroneCAN6updateEv @ 0x653850
CIRCLE: _ZNK16AP_SerialManager11find_serialENS_14SerialProtocolEh @ 0x654c40
CIRCLE: _ZN2AP3srvEv @ 0x657f90
CIRCLE: _ZN12SRV_Channels4corkEv @ 0x657fd0
CIRCLE: _ZN12SRV_Channels4pushEv @ 0x658030
CIRCLE: _ZN16AP_Volz_Protocol6updateEv @ 0x6581e0
CIRCLE: _ZN10AP_SBusOut6updateEv @ 0x6584b0
CIRCLE: _ZN15AP_RobotisServo6updateEv @ 0x658630
CIRCLE: _ZN16AP_FETtecOneWire6updateEv @ 0x6588a0
CIRCLE: _ZN2AP6kdecanEv @ 0x658b90
CIRCLE: _ZN9AP_KDECAN6updateEv @ 0x658bd0
CIRCLE: _ZN12SRV_Channels12find_channelEN11SRV_Channel8FunctionERh @ 0x6595b0
CIRCLE: _ZN11SRV_Channel8calc_pwmEf @ 0x659680
CIRCLE: _ZN9AP_KDECAN13get_singletonEv @ 0xabec80
CIRCLE: _ZN16AP_FETtecOneWire4initEv @ 0x65b340
CIRCLE: _ZN16AP_FETtecOneWire9init_uartEv @ 0x65c910
CIRCLE: _ZN12SRV_Channels13get_singletonEv @ 0xabf6e0
CIRCLE: _ZNK10AP_Mission21get_current_nav_indexEv @ 0xabfa70
CIRCLE: _ZNK7AP_AHRS13wind_estimateEv @ 0xabfaf0
CIRCLE: _ZN10AP_Terrain20height_above_terrainERfb @ 0x661600
CIRCLE: _ZNK10AP_Terrain6statusEv @ 0xabfb50
CIRCLE: _ZNK7AP_AHRS11groundspeedEv @ 0xabfc90
CIRCLE: _ZN7AP_Baro14get_climb_rateEv @ 0x661b10
CIRCLE: _ZN16DerivativeFilterIfLh7EE5slopeEv @ 0xabfd30
CIRCLE: _ZNK11RangeFinder15distance_orientE8Rotation @ 0x661b80
CIRCLE: _ZNK14AP_BattMonitor7voltageEv @ 0xac0800
CIRCLE: _Z14float_to_int16f @ 0x663590
CIRCLE: _ZNK7AP_AHRS11get_yaw_degEv @ 0xac0850
CIRCLE: _ZNK7AP_AHRS28get_relative_position_D_homeERf @ 0x663710
CIRCLE: _ZNK8Location9get_alt_mENS_8AltFrameERf @ 0x6638b0
CIRCLE: _ZNK7AP_AHRS11_get_originER8Location @ 0x663960
CIRCLE: _ZNK7AP_AHRS11_get_originENS_7EKFTypeER8Location @ 0x663a40
CIRCLE: _ZNK7NavEKF312getOriginLLHER8Location @ 0x663c50
CIRCLE: _ZN18AP_RCProtocol_CRSF6updateEv @ 0x666500
CIRCLE: _ZN13AP_CRSF_Telem13get_singletonEv @ 0x666b30
CIRCLE: _ZN13AP_CRSF_Telem13queue_messageE12MAV_SEVERITYPKc @ 0x667580
CIRCLE: _ZN2AP10crsf_telemEv @ 0x66a2d0
CIRCLE: _ZNK7AP_AHRS12get_roll_radEv @ 0xac1c70
CIRCLE: _ZNK7AP_AHRS13get_pitch_radEv @ 0xac1cc0
CIRCLE: _ZN19AP_RCProtocol_SRXL26updateEv @ 0x6700f0
CIRCLE: _ZNK14AP_BattMonitor15get_temperatureERfh @ 0x6731d0
CIRCLE: _ZN2AP3rtcEv @ 0x6732a0
CIRCLE: _ZNK6AP_RTC12get_utc_usecERm @ 0x6733c0
CIRCLE: _ZN6AP_RTC13get_singletonEv @ 0xac28d0
CIRCLE: _ZN2AP9esc_telemEv @ 0x673720
CIRCLE: _ZNK12AP_ESC_Telem7get_rpmEhRf @ 0x6738c0
CIRCLE: _ZL3MINIffEDTqultfp_fp0_fp_fp0_ERKT_RKT0_.10179 @ 0x673a60
CIRCLE: _ZNVK20AP_ESC_Telem_Backend13TelemetryData5staleEv @ 0x673b50
CIRCLE: _ZN12AP_ESC_Telem13get_singletonEv @ 0x673bd0
CIRCLE: _ZN17AP_RCProtocol_DSM6updateEv @ 0x6770e0
CIRCLE: _ZN7HALSITL9Scheduler5delayEt @ 0x6789d0
CIRCLE: _ZN7HALSITL9Scheduler18delay_microsecondsEt @ 0x678ac0
CIRCLE: _ZN6AP_HAL9Scheduler24delay_microseconds_boostEt @ 0xac30b0
CIRCLE: _ZN6AP_HAL9Scheduler9boost_endEv @ 0xac31c0
CIRCLE: _ZNK6AP_HAL9Scheduler17in_delay_callbackEv @ 0xac3210
CIRCLE: _ZN7HALSITL9Scheduler21is_system_initializedEv @ 0xac3270
CIRCLE: _ZN7HALSITL9Scheduler10stop_clockEm @ 0x679030
CIRCLE: _ZNK7HALSITL9Scheduler14in_main_threadEv @ 0x6790d0
CIRCLE: _ZN7HALSITL10SITL_State10wait_clockEm @ 0x679790
CIRCLE: _ZNK4SITL8Aircraft11get_speedupEv @ 0xac3420
CIRCLE: _ZNK7HALSITL9Scheduler28semaphore_wait_hack_requiredEv @ 0x679940
CIRCLE: _ZN7HALSITL10SITL_State15_fdm_input_stepEv @ 0x6799c0
CIRCLE: _ZN7HALSITL10SITL_State16_fdm_input_localEv @ 0x679b10
CIRCLE: _ZNK7HALSITL9Scheduler22interrupts_are_blockedEv @ 0xac3470
CIRCLE: _ZN7HALSITL9Scheduler17sitl_begin_atomicEv @ 0xac34d0
CIRCLE: _ZN7HALSITL9Scheduler11timer_eventEv @ 0xac3530
CIRCLE: _ZN7HALSITL9Scheduler15sitl_end_atomicEv @ 0x679cb0
CIRCLE: _ZN7HALSITL10SITL_State16_update_airspeedEf @ 0x679d50
CIRCLE: _ZN7HALSITL10SITL_State19_update_rangefinderEv @ 0x67a0c0
CIRCLE: _ZNK7HALSITL10SITL_State18_sonar_pin_voltageEv @ 0x67a120
CIRCLE: _ZN7AP_Baro24get_EAS2TAS_for_alt_amslEf @ 0x67a290
CIRCLE: _ZL2sqf.13649 @ 0x67a310
CIRCLE: _ZN7AP_Baro28get_air_density_for_alt_amslEf @ 0x67a360
CIRCLE: _ZL3MAXIffEDTqugtfp_fp0_fp_fp0_ERKT_RKT0_.2214 @ 0x67a530
CIRCLE: _ZN7HALSITL9Scheduler16_run_timer_procsEv @ 0x67a5b0
CIRCLE: _ZN7HALSITL10SITL_State17_simulator_servosER10sitl_input @ 0x67a6b0
CIRCLE: _ZN4SITL11JSON_Master7receiveER10sitl_input @ 0x67b340
CIRCLE: _ZN7HALSITL10SITL_State22multicast_servo_updateER10sitl_input @ 0x67b7e0
CIRCLE: _ZN4SITL8Aircraft11update_homeEv @ 0x67b8c0
CIRCLE: _ZN4SITL8Aircraft12update_modelERK10sitl_input @ 0x67ba20
CIRCLE: _ZN4SITL8Aircraft8fill_fdmERNS_8sitl_fdmE @ 0x67bac0
CIRCLE: _ZN7HALSITL8CANIface14num_interfacesEv @ 0xac3570
CIRCLE: _ZNK4SITL8Aircraft20get_position_relhomeEv @ 0x67c690
CIRCLE: _ZN4SITL11JSON_Master4sendERKNS_8sitl_fdmERK7Vector3IdE @ 0x67c750
CIRCLE: _ZN7HALSITL17SITL_State_Common10sim_updateEv @ 0x67c9f0
CIRCLE: _ZN7HALSITL10SITL_State14set_height_aglEv @ 0x67d240
CIRCLE: _ZNK4SITL8Aircraft12get_locationEv @ 0xac35b0
CIRCLE: _ZNK4SITL8Aircraft15get_velocity_efEv @ 0xac3600
CIRCLE: _ZN4SITL3GPS6updateEv @ 0x67e610
CIRCLE: _ZN4SITL12SerialDevice17init_sitl_pointerEv @ 0x67fd60
CIRCLE: _ZN4SITL3GPS24check_backend_allocationEv @ 0x67fdf0
CIRCLE: _ZN4SITL3GPS16interpolate_dataERKNS_8GPS_DataEj @ 0x680400
CIRCLE: _ZL3MAXIifEDTqugtfp_fp0_fp_fp0_ERKT_RKT0_.14372 @ 0x680d90
CIRCLE: _ZNK4SITL11GPS_Backend11device_baudEv @ 0xac3c20
CIRCLE: _ZN4SITL11GPS_Backend11update_readEv @ 0x680f10
CIRCLE: _ZNK4SITL11GPS_Backend18write_to_autopilotEPKcm @ 0x681260
CIRCLE: _ZNK4SITL11GPS_Backend19read_from_autopilotEPcm @ 0x6812e0
CIRCLE: _ZN4SITL11GPS_Backend8gps_timeEv @ 0x681d80
CIRCLE: _ZNK7Vector2IdE6lengthEv @ 0xac3e40
CIRCLE: _ZN4SITL11GPS_Backend18simulation_timevalEP7timeval @ 0x6826b0
CIRCLE: _ZN4SITL9GPS_UBlox7publishEPKNS_8GPS_DataE @ 0x685580
CIRCLE: _Z4normIddJdEEdT_T0_DpKT1_ @ 0xac44e0
CIRCLE: _ZL7degreesf.14460 @ 0x686050
CIRCLE: _ZN4SITL9GPS_UBlox8send_ubxEhPht @ 0x686580
CIRCLE: _ZL3MAXIiiEDTqugtfp_fp0_fp_fp0_ERKT_RKT0_.14461 @ 0x686750
CIRCLE: _ZNK7Vector3IfE6is_nanEv @ 0xac4560
CIRCLE: _ZN7Matrix3IfE6rotateERK7Vector3IfE @ 0xac4630
CIRCLE: _ZNK7Vector2IfE5angleEv @ 0xac47e0
CIRCLE: _ZN7Matrix3IfEpLERKS0_ @ 0xac4850
CIRCLE: _ZNK7Matrix3IfEplERKS0_ @ 0xac48e0
CIRCLE: _Z2sqIdJddEEdT_DpKT0_ @ 0xac4a00
CIRCLE: _ZNK11QuaternionTIfE8to_eulerERfS1_S1_ @ 0xac4aa0
CIRCLE: _ZNK7Vector2IdE5angleEv @ 0xac4b50
CIRCLE: _ZNK11QuaternionTIfE13get_euler_yawEv @ 0xac4bb0
CIRCLE: _ZNK7Vector3IdEplERKS0_ @ 0xac55b0
CIRCLE: _ZN7Vector3IdEpLERKS0_ @ 0xac5650
CIRCLE: _ZN7Matrix3IdEC2Ev @ 0xac56f0
CIRCLE: _ZNK7Matrix3IdEmlERK7Vector3IdE @ 0xac5930
CIRCLE: _ZNK11QuaternionTIfEmlERK7Vector3IfE @ 0xac5c30
CIRCLE: _ZNK7Vector3IdEmiERKS0_ @ 0xac6120
CIRCLE: _Z11wrap_360_cdf @ 0x690200
CIRCLE: _ZNK7Vector3IdE6lengthEv @ 0xac6280
CIRCLE: _ZN7Vector3IdE4zeroEv @ 0xac62e0
CIRCLE: _ZNK4SITL8Aircraft7get_dcmEv @ 0xac6420
CIRCLE: _ZNK7Matrix3IfE10transposedEv @ 0xac6470
CIRCLE: _ZN7Matrix3IfE9normalizeEv @ 0xac6640
CIRCLE: _ZNK8Location22get_distance_NE_doubleERKS_ @ 0x6937b0
CIRCLE: _ZN7Vector3IdE2xyEv @ 0xac6910
CIRCLE: _ZN7Vector2IdEpLERKS0_ @ 0xac6960
CIRCLE: _ZN4SITL8Aircraft14smooth_sensorsEv @ 0x693d10
CIRCLE: _ZL7degreesf.16169 @ 0x694700
CIRCLE: _ZNK7Matrix3IfE8to_eulerEPfS1_S1_ @ 0xac69e0
CIRCLE: _ZNK7AP_EnumI8RotationEcvKS0_Ev @ 0xac6b00
CIRCLE: _ZNK8HAL_SITL32get_uart_output_full_queue_countEv @ 0x6947d0
CIRCLE: _ZNK4SITL8Aircraft16get_wall_time_usEv @ 0x694910
CIRCLE: _ZNK7Vector3IdEdvEd @ 0xac6ce0
CIRCLE: _ZNK11QuaternionTIfEdvERKS0_ @ 0xac6d80
CIRCLE: _ZNK11QuaternionTIfE7is_zeroEv @ 0xac6fd0
CIRCLE: _ZN4SITL8Aircraft12time_advanceEv @ 0x694990
CIRCLE: _ZN4SITL8Aircraft15sync_frame_timeEv @ 0x694a30
CIRCLE: _ZN9AP_Logger14WriteStreamingEPKcS1_S1_S1_S1_z @ 0x694d30
CIRCLE: _ZL3MAXI9AP_ParamTIfL11ap_var_type4EEdEDTqugtfp_fp0_fp_fp0_ERKT_RKT0_.13490 @ 0x6950a0
CIRCLE: _Z21calc_lowpass_alpha_dtff @ 0x695140
CIRCLE: _ZL3MAXIfiEDTqugtfp_fp0_fp_fp0_ERKT_RKT0_.13491 @ 0x695270
CIRCLE: _ZNK4SITL16FETtecOneWireESC7enabledEv @ 0xac70a0
CIRCLE: _ZNK4SITL4Volz7enabledEv @ 0xac7110
CIRCLE: _ZN7HALSITL17SITL_State_Common22update_voltage_currentER10sitl_inputf @ 0x695540
CIRCLE: _ZN8AP_Param18eeprom_write_checkEPKvth @ 0x697f70
CIRCLE: _ZNK4SITL8Aircraft22rangefinder_beam_widthEv @ 0xac9010
CIRCLE: _ZNK4SITL8Aircraft45perpendicular_distance_to_rangefinder_surfaceEv @ 0x698c90
CIRCLE: _ZNK4SITL8Aircraft9on_groundEv @ 0x698d80
CIRCLE: _ZNK4SITL8Aircraft4haglEv @ 0x698df0
CIRCLE: _ZNK4SITL8Aircraft24ground_height_differenceEv @ 0x698ec0
CIRCLE: _ZN4SITL8Aircraft15update_dynamicsERK7Vector3IfE @ 0x699730
CIRCLE: _ZN4SITL8Aircraft23update_external_payloadERK10sitl_input @ 0x69a7b0
CIRCLE: _ZN4SITL8Aircraft15update_positionEv @ 0x69ac40
CIRCLE: _ZN4SITL8Aircraft11update_windERK10sitl_input @ 0x69add0
CIRCLE: _ZN4SITL8Aircraft19update_mag_field_bfEv @ 0x69b260
CIRCLE: _ZNK8Location23get_distance_NED_doubleERKS_ @ 0x69b650
CIRCLE: _ZN4SITL8Aircraft17get_local_updraftERK7Vector3IdE @ 0x69b770
CIRCLE: _ZN7Vector2IdEmIERKS0_ @ 0xac9060
CIRCLE: _ZNK4SITL7Sprayer10is_enabledEv @ 0xac90f0
CIRCLE: _ZN4SITL3I2C6updateERKNS_8AircraftE @ 0x69c030
CIRCLE: _ZNK4SITL6Buzzer10is_enabledEv @ 0xac91a0
CIRCLE: _ZNK4SITL13Gripper_Servo10is_enabledEv @ 0xac9200
CIRCLE: _ZNK4SITL11Gripper_EPM10is_enabledEv @ 0xac92c0
CIRCLE: _ZNK4SITL9Parachute10is_enabledEv @ 0xac9370
CIRCLE: _ZNK4SITL12SIM_Precland10is_enabledEv @ 0xac93d0
CIRCLE: _ZN4SITL7ShipSim6updateEv @ 0x69d000
CIRCLE: _ZNK4SITL7ShipSim12get_locationER8Location @ 0x69d960
CIRCLE: _ZN7Vector2IfEpLERKS0_ @ 0xac9510
CIRCLE: _ZNK10DigitalLPFIfE3getEv @ 0xac96a0
CIRCLE: _ZN8Location16change_alt_frameENS_8AltFrameE @ 0x6a2780
CIRCLE: _ZNK7Vector3IdE14length_squaredEv @ 0xacb480
CIRCLE: _ZNK7Vector3IdEmlERKS0_ @ 0xacb5f0
CIRCLE: _ZNK7AP_AHRS11get_EAS2TASEv @ 0x6a3060
CIRCLE: _ZL2sqf.16184 @ 0x6a30f0
CIRCLE: _ZN4SITL8Aircraft19update_eas_airspeedEv @ 0x6a3140
CIRCLE: _ZN4SITL7ShipSim27get_ground_speed_adjustmentERK8LocationRf @ 0x6a32d0
CIRCLE: _ZN4SITL15SlungPayloadSim6updateERK7Vector3IdERKS1_IfES7_S7_ @ 0x6a35f0
CIRCLE: _ZN4SITL9TetherSim6updateERK8Location @ 0x6a3780
CIRCLE: _ZN4SITL8Aircraft17adjust_frame_timeEf @ 0x6a38f0
CIRCLE: _ZNK7Vector3IdE7is_zeroEv @ 0xacb7a0
CIRCLE: _ZN7Vector3IfE2xyEv @ 0xacb850
CIRCLE: _ZN7Vector2IfE4zeroEv @ 0xacb8a0
CIRCLE: _ZN7Vector3IfEmIERKS0_ @ 0xacb900
CIRCLE: _ZNK7Vector3IfE14length_squaredEv @ 0xacb9a0
CIRCLE: _ZNK7Vector3IfE9projectedERKS0_ @ 0xacba70
CIRCLE: _ZL7radiansi.16189 @ 0x6a6880
CIRCLE: _ZNK9AP_ParamTIfL11ap_var_type4EEplERKS1_ @ 0xacbbb0
CIRCLE: _ZN13LowPassFilterIfE20set_cutoff_frequencyERKf @ 0xacc2d0
CIRCLE: _ZN13LowPassFilterIfE5applyERKfS2_ @ 0xacc340
CIRCLE: _Z11is_positived @ 0xacca50
CIRCLE: _ZN4SITL8Aircraft16add_shove_forcesER7Vector3IfES3_ @ 0x6b5280
CIRCLE: _ZN7Vector3IfEmLERKS0_ @ 0xacd190
CIRCLE: _ZN7Vector3IfE9normalizeEv @ 0xacd230
CIRCLE: _ZN7Vector3IdEmIERKS0_ @ 0xad74b0
CIRCLE: _ZL7radiansd.16474 @ 0x6c76c0
CIRCLE: _ZNK4SITL5Frame15get_air_densityEf @ 0x6d0740
CIRCLE: _ZL2sqf.21180 @ 0x6d07a0
CIRCLE: _ZN4SITL11MultiCopter6updateERK10sitl_input @ 0x6d0ff0
CIRCLE: _ZN4SITL11MultiCopter16calculate_forcesERK10sitl_inputR7Vector3IfES6_ @ 0x6d1150
CIRCLE: _ZN4SITL8Aircraft5Clamp7clampedERS0_RK10sitl_input @ 0x6d1270
CIRCLE: _ZN4SITL5Frame19current_and_voltageERfS1_ @ 0x6d1480
CIRCLE: _ZN4SITL7Battery11set_currentEf @ 0x6d15c0
CIRCLE: _ZL3MAXIifEDTqugtfp_fp0_fp_fp0_ERKT_RKT0_.21086 @ 0x6d1850
CIRCLE: _ZNK4SITL7Battery11get_voltageEv @ 0x6d1ae0
CIRCLE: _ZNK4SITL5Motor11get_currentEv @ 0x6d1b40
CIRCLE: _ZN10DigitalLPFIfE5resetERKf @ 0xad7a90
CIRCLE: _ZN4SITL5Frame16calculate_forcesERKNS_8AircraftERK10sitl_inputR7Vector3IfES9_Pfb @ 0x6d1d20
CIRCLE: _ZN4SITL8Aircraft16add_twist_forcesER7Vector3IfE @ 0x6d2410
CIRCLE: _ZN4SITL8Aircraft19add_external_forcesER7Vector3IfE @ 0x6d2650
CIRCLE: _ZNK4SITL15SlungPayloadSim21get_forces_on_vehicleER7Vector3IfE @ 0x6d2840
CIRCLE: _ZNK4SITL9TetherSim21get_forces_on_vehicleER7Vector3IfE @ 0x6d28e0
CIRCLE: _ZNK4SITL8Aircraft8get_gyroEv @ 0xad7b00
CIRCLE: _ZNK4SITL8Aircraft19get_velocity_air_efEv @ 0xad7b50
CIRCLE: _ZN4SITL5Motor16calculate_forcesERK10sitl_inputhR7Vector3IfES6_RKS5_S8_ffb @ 0x6d2980
CIRCLE: _ZL7radiansd.21190 @ 0x6d35c0
CIRCLE: _ZNK4SITL8Aircraft10gross_massEv @ 0xad7bf0
CIRCLE: _ZNK4SITL5Motor14pwm_to_commandEf @ 0x6d3610
CIRCLE: _ZL3MAXIifEDTqugtfp_fp0_fp_fp0_ERKT_RKT0_.21285 @ 0x6d36e0
CIRCLE: _ZNK4SITL5Motor11calc_thrustEffff @ 0x6d3770
CIRCLE: _ZL3MAXIfdEDTqugtfp_fp0_fp_fp0_ERKT_RKT0_.21287 @ 0x6d3ae0
CIRCLE: _ZL2sqf.21288 @ 0x6d3b80
CIRCLE: _ZN7HALSITL7Storage10read_blockEPvtm @ 0x6d9fa0
CIRCLE: _ZN7HALSITL7Storage11write_blockEtPKvm @ 0x6da070
CIRCLE: _ZN7HALSITL7Storage11_timer_tickEv @ 0x6da190
CIRCLE: _ZN7HALSITL7Storage7healthyEv @ 0x6da3c0
CIRCLE: _ZNK7BitmaskILt2048EE5emptyEv @ 0xad8c20
CIRCLE: _ZNK7BitmaskILt2048EE3getEt @ 0xad8cc0
CIRCLE: _ZN10AP_RAMTRON5writeEjPKhj @ 0x6da500
CIRCLE: _ZN7BitmaskILt2048EE5clearEt @ 0xad8d90
CIRCLE: _ZNK8HAL_SITL25get_storage_posix_enabledEv @ 0xad8e50
CIRCLE: _ZNK7BitmaskILt2048EE8validateEt @ 0xad8f10
CIRCLE: _ZNK10AP_RAMTRON8get_sizeEv @ 0xad8fa0
CIRCLE: _ZN7HALSITL7Storage13_storage_openEv @ 0x6dab80
CIRCLE: _ZN7HALSITL7Storage11_mark_dirtyEtt @ 0x6dae90
CIRCLE: _ZN7BitmaskILt2048EE3setEt @ 0xad9040
CIRCLE: _ZN8AP_Param9save_syncEbb @ 0x6e1600
CIRCLE: _ZNK7NavEKF317option_is_enabledENS_6OptionE @ 0xada7e0
CIRCLE: _ZNK6AP_DAL6millisEv @ 0xada860
CIRCLE: _ZNK12NavEKF3_core10errorScoreEv @ 0x6e7890
CIRCLE: _ZNK12NavEKF3_core16have_aligned_yawEv @ 0xada8b0
CIRCLE: _ZNK12NavEKF3_core17have_aligned_tiltEv @ 0xada910
CIRCLE: _ZNK12NavEKF3_core19getLastPosDownResetERf @ 0x6e8070
CIRCLE: _ZNK12NavEKF3_core24getLastPosNorthEastResetER7Vector2IfE @ 0x6e80e0
CIRCLE: _ZNK7Vector2IdEmiERKS0_ @ 0xada970
CIRCLE: _ZNK12NavEKF3_core20getLastYawResetAngleERf @ 0x6e8170
CIRCLE: _ZNK12NavEKF3_core14getEulerAnglesER7Vector3IfE @ 0x6e81e0
CIRCLE: _ZNK11QuaternionTIdE8to_eulerER7Vector3IfE @ 0xadaa00
CIRCLE: _ZNK6AP_DAL8get_trimEv @ 0xadaa80
CIRCLE: _ZNK11QuaternionTIdE8to_eulerERfS1_S1_ @ 0xadaae0
CIRCLE: _ZNK11QuaternionTIdE14get_euler_rollEv @ 0xadaba0
CIRCLE: _ZNK11QuaternionTIdE15get_euler_pitchEv @ 0xadac50
CIRCLE: _ZNK11QuaternionTIdE13get_euler_yawEv @ 0xadacd0
CIRCLE: _Z9safe_asinIdEfT_ @ 0xadad80
CIRCLE: _ZL3MAXIfdEDTqugtfp_fp0_fp_fp0_ERKT_RKT0_.4771 @ 0x6e82a0
CIRCLE: _ZNK12NavEKF3_core20assume_zero_sideslipEv @ 0x6e8340
CIRCLE: _ZN6AP_DAL8airspeedEv @ 0xadae60
CIRCLE: _ZNK6AP_DAL15get_fly_forwardEv @ 0xadaf00
CIRCLE: _ZN19RestrictIDTypeArrayIP17CompassCalibratorLj3E14typesafe_indexIh12TAG_PriorityEEixERKS4_ @ 0xadb080
CIRCLE: _ZNK6AP_GPS15time_epoch_usecEv @ 0xadb990
CIRCLE: _ZNK6AP_GPS9time_weekEh @ 0xadbb00
CIRCLE: _ZNK6AP_GPS12time_week_msEh @ 0xadbb70
CIRCLE: _ZN3GCS12send_messageE10ap_message @ 0x6f2a30
CIRCLE: _ZNK6AP_GPS15time_epoch_usecEh @ 0x6f2ae0
CIRCLE: _ZNK14AP_GPS_Backend16get_last_itow_msEv @ 0x6f2c50
CIRCLE: _ZN6AP_GPS23istate_time_to_epoch_msEtj @ 0x6f2d10
CIRCLE: _ZN11SRV_Channel14set_output_pwmEtb @ 0x6f3610
CIRCLE: _ZN10AC_Sprayer3runEb @ 0x6f3700
CIRCLE: _ZN7AP_ADSB13check_startupEv @ 0x6f4880
CIRCLE: _ZNK7Vector2IfE6is_nanEv @ 0xadca40
CIRCLE: _ZN2AP8ac_avoidEv @ 0x701280
CIRCLE: _ZN8AC_Avoid13get_singletonEv @ 0xadd580
CIRCLE: _ZNK10AP_Gripper7enabledEv @ 0xadd630
CIRCLE: _ZN10AP_Vehicle13update_armingEv @ 0x701820
CIRCLE: _ZN7FunctorIvJEE14method_wrapperI10AP_VehicleXadL_ZNS2_13update_armingEvEEEEvPv @ 0xade650
CIRCLE: _ZN9AP_Arming6updateEv @ 0x701870
CIRCLE: _ZN8AP_Stats6updateEv @ 0x701960
CIRCLE: _ZN7FunctorIvJEE14method_wrapperI8AP_StatsXadL_ZNS2_6updateEvEEEEvPv @ 0xade700
CIRCLE: _ZN10AP_Filters6updateEv @ 0x701bd0
CIRCLE: _ZN7FunctorIvJEE14method_wrapperI10AP_FiltersXadL_ZNS2_6updateEvEEEEvPv @ 0xade7b0
CIRCLE: _ZNK7AP_EnumIN9AP_Filter10FilterTypeEEcvKS1_Ev @ 0xade860
CIRCLE: _ZN10AP_Vehicle17check_motor_noiseEv @ 0x702d10
CIRCLE: _ZN7FunctorIvJEE14method_wrapperI10AP_VehicleXadL_ZNS2_17check_motor_noiseEvEEEEvPv @ 0xadf060
CIRCLE: _ZNK10AP_GyroFFT15check_esc_noiseEv @ 0xadf110
CIRCLE: _ZNK17NotchFilterParams7enabledEv @ 0xadf340
CIRCLE: _ZN10AP_Vehicle13one_Hz_updateEv @ 0x7033f0
CIRCLE: _ZN7FunctorIvJEE14method_wrapperI10AP_VehicleXadL_ZNS2_13one_Hz_updateEvEEEEvPv @ 0xadf390
CIRCLE: _ZN12AP_Scripting6updateEv @ 0x7034d0
CIRCLE: _ZN16AP_SerialManager20registered_ports_logEv @ 0x703520
CIRCLE: _ZN12AP_Scripting13save_checksumEv @ 0x703600
CIRCLE: _ZN10AP_Gripper6updateEv @ 0x703700
CIRCLE: _ZN7FunctorIvJEE14method_wrapperI10AP_GripperXadL_ZNS2_6updateEvEEEEvPv @ 0xadf4d0
CIRCLE: _ZN6AP_EFI6updateEv @ 0x703870
CIRCLE: _ZN7FunctorIvJEE14method_wrapperI6AP_EFIXadL_ZNS2_6updateEvEEEEvPv @ 0xadf580
CIRCLE: _ZN6AP_AIS6updateEv @ 0x703cf0
CIRCLE: _ZN7FunctorIvJEE14method_wrapperI6AP_AISXadL_ZNS2_6updateEvEEEEvPv @ 0xadf630
CIRCLE: _ZN8AC_Fence6updateEv @ 0x703d40
CIRCLE: _ZN7FunctorIvJEE14method_wrapperI8AC_FenceXadL_ZNS2_6updateEvEEEEvPv @ 0xadf6e0
CIRCLE: _ZN19AC_PolyFence_loader6updateEv @ 0x703e70
CIRCLE: _ZN19AC_PolyFence_loader17load_from_storageEv @ 0x703f60
CIRCLE: _ZN10AP_Vehicle16accel_cal_updateEv @ 0x7053c0
CIRCLE: _ZN7FunctorIvJEE14method_wrapperI10AP_VehicleXadL_ZNS2_16accel_cal_updateEvEEEEvPv @ 0xadf8c0
CIRCLE: _ZN17AP_InertialSensor11acal_updateEv @ 0x705490
CIRCLE: _ZN17AP_InertialSensor12get_new_trimER7Vector3IfE @ 0x705560
CIRCLE: _ZN20AP_TemperatureSensor6updateEv @ 0x706b60
CIRCLE: _ZN7FunctorIvJEE14method_wrapperI20AP_TemperatureSensorXadL_ZNS2_6updateEvEEEEvPv @ 0xadf9c0
CIRCLE: _ZN10AP_Vehicle16publish_osd_infoEv @ 0x706e20
CIRCLE: _ZN7FunctorIvJEE14method_wrapperI10AP_VehicleXadL_ZNS2_16publish_osd_infoEvEEEEvPv @ 0xadfb10
CIRCLE: _ZN6AP_OSD12set_nav_infoERNS_7NavInfoE @ 0x706f40
CIRCLE: _ZN6AP_RPM6updateEv @ 0x706fb0
CIRCLE: _ZN7FunctorIvJEE14method_wrapperI6AP_RPMXadL_ZNS2_6updateEvEEEEvPv @ 0xadfbc0
CIRCLE: _ZNK6AP_RPM7Log_RPMEv @ 0x707190
CIRCLE: _ZNK6AP_RPM7enabledEh @ 0x7072b0
CIRCLE: _ZN14AP_OpenDroneID6updateEv @ 0x707360
CIRCLE: _ZN7FunctorIvJEE14method_wrapperI14AP_OpenDroneIDXadL_ZNS2_6updateEvEEEEvPv @ 0xadfce0
CIRCLE: _ZNK6AP_GPS8velocityEv @ 0xae1580
CIRCLE: _ZNK7AP_AHRS18groundspeed_vectorEv @ 0xae1660
CIRCLE: _ZNK6AP_GPS19horizontal_accuracyERf @ 0xae1740
CIRCLE: _ZNK6AP_GPS17vertical_accuracyERf @ 0xae17c0
CIRCLE: _ZNK6AP_GPS14speed_accuracyERf @ 0xae1840
CIRCLE: _ZNK6AP_GPS14speed_accuracyEhRf @ 0x70c050
CIRCLE: _ZNK6AP_GPS17vertical_accuracyEhRf @ 0x70c120
CIRCLE: _ZNK6AP_GPS19horizontal_accuracyEhRf @ 0x70c1f0
CIRCLE: _ZNK6AP_GPS14get_undulationEhRf @ 0x70c2c0
CIRCLE: _ZNK6AP_GPS8velocityEh @ 0xae18c0
CIRCLE: _ZN12AP_Generator6updateEv @ 0x70c390
CIRCLE: _ZN7FunctorIvJEE14method_wrapperI12AP_GeneratorXadL_ZNS2_6updateEvEEEEvPv @ 0xae1990
CIRCLE: _ZN14AP_Servo_Telem6updateEv @ 0x70c400
CIRCLE: _ZN7FunctorIvJEE14method_wrapperI14AP_Servo_TelemXadL_ZNS2_6updateEvEEEEvPv @ 0xae1a40
CIRCLE: _ZN14AP_Servo_Telem9write_logEv @ 0x70c450
CIRCLE: _ZN12AP_ESC_Telem6updateEv @ 0x70c900
CIRCLE: _ZN7FunctorIvJEE14method_wrapperI12AP_ESC_TelemXadL_ZNS2_6updateEvEEEEvPv @ 0xae1af0
CIRCLE: _ZNK12AP_ESC_Telem11get_raw_rpmEhRf @ 0x70cd40
CIRCLE: _ZN6AP_HAL15timeout_expiredIjjmEEbT_T0_T1_ @ 0xae1ba0
CIRCLE: _ZN10AP_Vehicle30send_watchdog_reset_statustextEv @ 0x70ce10
CIRCLE: _ZN7FunctorIvJEE14method_wrapperI10AP_VehicleXadL_ZNS2_30send_watchdog_reset_statustextEvEEEEvPv @ 0xae1c20
CIRCLE: _ZN8AP_Tramp6updateEv @ 0x70cf70
CIRCLE: _ZN7FunctorIvJEE14method_wrapperI8AP_TrampXadL_ZNS2_6updateEvEEEEvPv @ 0xae1cd0
CIRCLE: _ZN10AP_VideoTX6updateEv @ 0x70df50
CIRCLE: _ZN7FunctorIvJEE14method_wrapperI10AP_VideoTXXadL_ZNS2_6updateEvEEEEvPv @ 0xae1f00
CIRCLE: _ZN10AP_GyroFFT17update_parametersEv @ 0xae1fb0
CIRCLE: _ZN7FunctorIvJEE14method_wrapperI10AP_GyroFFTXadL_ZNS2_17update_parametersEvEEEEvPv @ 0xae2000
CIRCLE: _ZN10AP_GyroFFT17update_parametersEb @ 0x70e180
CIRCLE: _ZN10AP_GyroFFT6updateEv @ 0x70e520
CIRCLE: _ZN7FunctorIvJEE14method_wrapperI10AP_GyroFFTXadL_ZNS2_6updateEvEEEEvPv @ 0xae20b0
CIRCLE: _ZN14AP_NMEA_Output6updateEv @ 0x70e6b0
CIRCLE: _ZN7FunctorIvJEE14method_wrapperI14AP_NMEA_OutputXadL_ZNS2_6updateEvEEEEvPv @ 0xae2160
CIRCLE: _ZN7FunctorIvJEE14method_wrapperI9AP_NotifyXadL_ZNS2_6updateEvEEEEvPv @ 0xae2210
CIRCLE: _ZN7Compass10cal_updateEv @ 0x70f720
CIRCLE: _ZN7FunctorIvJEE14method_wrapperI7CompassXadL_ZNS2_10cal_updateEvEEEEvPv @ 0xae22c0
CIRCLE: _ZN11AP_Airspeed6updateEv @ 0x710090
CIRCLE: _ZN7FunctorIvJEE14method_wrapperI11AP_AirspeedXadL_ZNS2_6updateEvEEEEvPv @ 0xae23d0
CIRCLE: _ZNK11AP_Airspeed11get_primaryEv @ 0xae2560
CIRCLE: _ZN10AP_GyroFFT12sample_gyrosEv @ 0x712340
CIRCLE: _ZN7FunctorIvJEE14method_wrapperI10AP_GyroFFTXadL_ZNS2_12sample_gyrosEvEEEEvPv @ 0xae25b0
CIRCLE: _ZN10AP_Vehicle4loopEv @ 0x712c30
CIRCLE: _ZN12AP_Scheduler4loopEv @ 0x712ed0
CIRCLE: _ZN12AP_Scheduler17get_loop_period_sEv @ 0xae57d0
CIRCLE: _ZN17AP_InertialSensor15wait_for_sampleEv @ 0x713470
CIRCLE: _ZN12AP_Scheduler4tickEv @ 0x7139b0
CIRCLE: _ZN12AP_Scheduler3runEj @ 0x713a10
CIRCLE: _ZN2AP8PerfInfo15check_loop_timeEj @ 0x713fc0
CIRCLE: _ZL15fill_nanf_stackv @ 0x714150
CIRCLE: _ZN2AP8PerfInfo16update_task_infoEhtb @ 0x7141a0
CIRCLE: _ZNK7AP_AHRS24_get_primary_accel_indexEv @ 0x71ab00
CIRCLE: _ZNK7AP_AHRS22_get_primary_IMU_indexEv @ 0x71ab50
CIRCLE: _ZNK7NavEKF322getPrimaryCoreIMUIndexEv @ 0x71acb0
CIRCLE: _ZNK17AP_InertialSensor21get_first_usable_gyroEv @ 0xae5c40
CIRCLE: _ZNK12NavEKF3_core11getIMUIndexEv @ 0xae5c90
CIRCLE: _ZNK14AP_BattMonitor17has_cell_voltagesEh @ 0x71ade0
CIRCLE: _ZN2AP3EFIEv @ 0x71b630
CIRCLE: _ZN6AP_EFI13get_singletonEv @ 0xae6620
CIRCLE: _ZN7FunctorIvJEE14method_wrapperI10AP_VehicleXadL_ZNS2_18fence_checks_asyncEvEEEEvPv @ 0xae6fc0
CIRCLE: _ZN13AP_Filesystem5writeEiPKvj @ 0x71c3a0
CIRCLE: _ZN6AP_HAL6Device14write_registerEhhb @ 0x722450
CIRCLE: _ZNK7FunctorIvJhPhjbEEcvbEv @ 0xae9cd0
CIRCLE: _ZL3MAXIjjEDTqugtfp_fp0_fp_fp0_ERKT_RKT0_.4719 @ 0x72a9f0
CIRCLE: _ZN15ekf_ring_buffer4pushEPKv @ 0x72aa70
CIRCLE: _ZNK15ekf_ring_buffer10get_offsetEh @ 0x72ab70
CIRCLE: _ZL7radiansf.4725 @ 0x72bf10
CIRCLE: _ZN11QuaternionTIdEC2Edddd @ 0xaebdf0
CIRCLE: _ZN11QuaternionTIfEmLERKS0_ @ 0xaebea0
CIRCLE: _ZNK7AP_AHRS8get_gyroEv @ 0xaef5b0
CIRCLE: _ZNK7AP_AHRS17airspeed_estimateERf @ 0x759930
CIRCLE: _ZNK17AP_InertialSensor20get_vibration_levelsEv @ 0xaef610
CIRCLE: _ZNK17AP_InertialSensor20get_vibration_levelsEh @ 0x759a30
CIRCLE: _ZNK10DigitalLPFI7Vector3IfEE3getEv @ 0xaef690
CIRCLE: _ZNK11QuaternionTIdE7is_zeroEv @ 0xaef740
CIRCLE: _ZN12NavEKF3_core18getEarthFieldTableERK8Location @ 0x75b100
CIRCLE: _ZN14AP_Declination15get_declinationEff @ 0x75b200
CIRCLE: _ZNK12NavEKF3_core14MagDeclinationEv @ 0x75b290
CIRCLE: _ZN12NavEKF3_core8zeroRowsERA24_A24_dhh @ 0x75b370
CIRCLE: _ZN12NavEKF3_core8zeroColsERA24_A24_dhh @ 0x75b430
CIRCLE: _ZN12NavEKF3_core15FuseDeclinationEd @ 0x75b4f0
CIRCLE: _ZN18NavEKF_core_common10zero_rangeEPdhh @ 0xaef8e0
CIRCLE: _ZN12NavEKF3_core13ForceSymmetryEv @ 0x75c550
CIRCLE: _ZN12NavEKF3_core18ConstrainVariancesEv @ 0x75c6a0
CIRCLE: _ZN11QuaternionTIdE9normalizeEv @ 0xaef970
CIRCLE: _ZNK11QuaternionTIdE6lengthEv @ 0xaefa50
CIRCLE: _Z20constrain_value_lineIdET_S0_S0_S0_j @ 0xaefb10
CIRCLE: _Z2sqI9AP_ParamTIfL11ap_var_type4EEEdT_ @ 0xaefc30
CIRCLE: _ZNK9AP_ParamTIfL11ap_var_type4EEcvdEv @ 0xaefc90
CIRCLE: _ZL7radiansf.4927 @ 0x75d110
CIRCLE: _ZL2sqf.4850 @ 0x75dc30
CIRCLE: _ZNK8Location21get_distance_NE_ftypeERKS_ @ 0x75dd80
CIRCLE: _ZN16EKF_IMU_buffer_tIN12NavEKF3_core15output_elementsEEixEj @ 0xaefdb0
CIRCLE: _ZNK14ekf_imu_buffer3getEh @ 0x75e030
CIRCLE: _ZNK14ekf_imu_buffer10get_offsetEh @ 0x75e090
CIRCLE: _ZNK14AP_BattMonitor24voltage_resting_estimateEh @ 0x75fb80
CIRCLE: _ZNK14AP_BattMonitor11consumed_whERfh @ 0x75fc30
CIRCLE: _ZNK6AP_GPS8get_vdopEh @ 0xaeff10
CIRCLE: _ZNK6AP_GPS16last_fix_time_msEh @ 0xaeff80
CIRCLE: _ZNK6AP_GPS20last_message_time_msEh @ 0xaefff0
CIRCLE: _ZNK6AP_GPS22have_vertical_velocityEh @ 0xaf0060
CIRCLE: _ZNK6AP_GPS18get_antenna_offsetEh @ 0x761da0
CIRCLE: _ZNK14AP_GPS_Blended18get_antenna_offsetEv @ 0xaf00e0
CIRCLE: _ZNK6AP_GPS11gps_yaw_degEhRfS0_Rj @ 0x761e70
CIRCLE: _ZNK6AP_GPS11is_rtk_baseEh @ 0x762060
CIRCLE: _ZNK6AP_GPS12have_gps_yawEh @ 0xaf0130
CIRCLE: _ZNK12AP_Proximity10get_statusEv @ 0x762da0
CIRCLE: _ZNK12AP_Proximity11num_sensorsEv @ 0xaf01d0
CIRCLE: _ZNK11RangeFinder13status_orientE8Rotation @ 0x763e80
CIRCLE: _ZNK10AP_Vehicle18get_time_flying_msEv @ 0xaf06e0
CIRCLE: _ZN12SRV_Channels23get_output_channel_maskEN11SRV_Channel8FunctionE @ 0x7697e0
CIRCLE: _ZN12SRV_Channels14set_output_pwmEN11SRV_Channel8FunctionEt @ 0x76a510
CIRCLE: _ZN11SRV_Channel9output_chEv @ 0x76a600
CIRCLE: _ZNK10RC_Channel13norm_input_dzEv @ 0x76a960
CIRCLE: _ZN11SRV_Channel12set_overrideEb @ 0xaf08e0
CIRCLE: _ZN12SRV_Channels17set_output_scaledEN11SRV_Channel8FunctionEf @ 0x76af20
CIRCLE: _ZNK10AP_Mission5stateEv @ 0xaf0ca0
CIRCLE: _ZN19AP_ServoRelayEvents13update_eventsEv @ 0x773f30
CIRCLE: _ZN17AP_Logger_Backend17Write_Mission_CmdERK10AP_MissionRKNS0_15Mission_CommandE11LogMessages @ 0x774180
CIRCLE: _ZNK9AP_Motors14initialised_okEv @ 0xaf1650
CIRCLE: _ZNK9AP_Motors16get_thrust_boostEv @ 0xaf16b0
CIRCLE: _ZNK20AP_MotorsMulticopter18get_pwm_output_minEv @ 0xaf1910
CIRCLE: _ZNK20AP_MotorsMulticopter18get_pwm_output_maxEv @ 0xaf1970
CIRCLE: _ZNK9AP_Motors13get_interlockEv @ 0xaf1f20
CIRCLE: _ZNK9AP_Motors8get_rollEv @ 0xaf1fd0
CIRCLE: _ZNK9AP_Motors11get_roll_ffEv @ 0xaf2020
CIRCLE: _ZNK9AP_Motors9get_pitchEv @ 0xaf2070
CIRCLE: _ZNK9AP_Motors12get_pitch_ffEv @ 0xaf20c0
CIRCLE: _ZNK9AP_Motors7get_yawEv @ 0xaf2110
CIRCLE: _ZNK9AP_Motors10get_yaw_ffEv @ 0xaf2160
CIRCLE: _ZNK9AP_Motors12get_throttleEv @ 0xaf21b0
CIRCLE: _ZNK9AP_Motors15get_spool_stateEv @ 0xaf22c0
CIRCLE: _ZNK9AP_Follow11have_targetEv @ 0x77a9b0
CIRCLE: _ZN9AP_Follow13get_singletonEv @ 0xaf2310
CIRCLE: _ZNK6AC_PID12get_pid_infoEv @ 0xaf2490
CIRCLE: _ZNK18AC_AttitudeControl23get_att_error_angle_degEv @ 0xaf2520
CIRCLE: _ZL7degreesf.1032 @ 0x77b810
CIRCLE: _ZNK13AC_PosControl12is_active_NEEv @ 0x77c180
CIRCLE: _ZNK13AC_PosControl11is_active_UEv @ 0x77c200
CIRCLE: _ZNK12AP_Scheduler7ticks32Ev @ 0xaf25c0
CIRCLE: _ZN12AP_Scripting19is_handling_commandEt @ 0x780c20
CIRCLE: _ZNK10RC_Channel10norm_inputEv @ 0x7a12b0
CIRCLE: _ZNK7Vector3IfE6is_infEv @ 0xaf3200
CIRCLE: _ZN7Vector2IfE9normalizeEv @ 0xaf3530
CIRCLE: _ZN7Vector2IfEdVEf @ 0xaf3590
CIRCLE: _ZNK7Vector2IfE6is_infEv @ 0xaf3610
CIRCLE: _ZN11QuaternionTIfE15from_axis_angleERK7Vector3IfEf @ 0xaf37b0
CIRCLE: _ZL3MAXIjjEDTqugtfp_fp0_fp_fp0_ERKT_RKT0_.6253 @ 0x7b3860
CIRCLE: _ZN9AP_Logger19file_content_updateEv @ 0x7b3a60
CIRCLE: _ZN9AP_Logger19file_content_updateERNS_11FileContentE @ 0x7b3bc0
CIRCLE: _ZN17AP_Logger_Backend13Write_MessageEPKc @ 0x7b4400
CIRCLE: _ZNK19LoggerMessageWriter32out_of_time_for_writing_messagesEv @ 0x7b44c0
CIRCLE: _ZN38LoggerMessageWriter_WriteEntireMission7processEv @ 0x7b47f0
CIRCLE: _ZN30LoggerMessageWriter_DFLogStart7processEv @ 0x7b51c0
CIRCLE: _ZNK30LoggerMessageWriter_DFLogStart35out_of_time_for_writing_messages_dfEv @ 0x7b57c0
CIRCLE: _ZN17AP_Logger_Backend14periodic_tasksEv @ 0x7b6420
CIRCLE: _ZNK17AP_Logger_Backend13StartNewLogOKEv @ 0x7b6810
CIRCLE: _ZN17AP_Logger_Backend24WriteMoreStartupMessagesEv @ 0x7b68f0
CIRCLE: _ZNK17AP_Logger_Backend15logging_enabledEv @ 0x7b8910
CIRCLE: _ZN17AP_Logger_Backend13periodic_10HzEj @ 0x7b8a40
CIRCLE: _ZN17AP_Logger_Backend12periodic_1HzEv @ 0x7b8a90
CIRCLE: _ZN17AP_Logger_Backend15push_log_blocksEv @ 0x7b8b20
CIRCLE: _ZN17AP_Logger_Backend12df_stats_logEv @ 0x7b8b80
CIRCLE: _ZN17AP_Logger_Backend26Write_AP_Logger_Stats_FileERKNS_8df_statsE @ 0x7b8bf0
CIRCLE: _ZN17AP_Logger_Backend14df_stats_clearEv @ 0x7b8d00
CIRCLE: _ZNK30LoggerMessageWriter_DFLogStart8fmt_doneEv @ 0xaf5610
CIRCLE: _ZNK17AP_Logger_Backend31critical_message_reserved_spaceEj @ 0xaf56e0
CIRCLE: _ZN17AP_Logger_Backend15df_stats_gatherEtj @ 0x7bb1d0
CIRCLE: _ZNK14AP_Logger_File12CardInsertedEv @ 0x7bcf20
CIRCLE: _ZNK14AP_Logger_File15logging_startedEv @ 0xaf5b70
CIRCLE: _ZN14AP_Logger_File21bufferspace_availableEv @ 0x7bded0
CIRCLE: _ZNK14AP_Logger_File14logging_failedEv @ 0x7be4e0
CIRCLE: _ZN14AP_Logger_File8io_timerEv @ 0x7be5a0
CIRCLE: _ZN14AP_Logger_File12periodic_1HzEv @ 0x7beb70
CIRCLE: _ZN14AP_Logger_File17periodic_fullrateEv @ 0x7bee20
CIRCLE: _ZNK14AP_Logger_File8WritesOKEv @ 0x7bee70
CIRCLE: _ZNK14AP_Logger_File13StartNewLogOKEv @ 0x7bef00
CIRCLE: _ZN14AP_Logger_File22_WritePrioritisedBlockEPKvtb @ 0x7bf0b0
CIRCLE: _ZN7AP_AHRS6updateEb @ 0x7bf320
CIRCLE: _ZN7AP_AHRS18update_orientationEv @ 0x7bf660
CIRCLE: _ZN17AP_InertialSensor6updateEv @ 0x7bf760
CIRCLE: _ZN7AP_AHRS29update_trim_rotation_matricesEv @ 0x7bfdd0
CIRCLE: _ZN7AP_AHRS10update_DCMEv @ 0x7bfee0
CIRCLE: _ZN7AP_AHRS12update_flagsEv @ 0x7bff80
CIRCLE: _ZN7AP_AHRS11update_SITLEv @ 0x7c0040
CIRCLE: _ZN7AP_AHRS15update_externalEv @ 0x7c00f0
CIRCLE: _ZN7AP_AHRS11update_EKF2Ev @ 0x7c0210
CIRCLE: _ZN7AP_AHRS11update_EKF3Ev @ 0x7c0700
CIRCLE: _ZNK7AP_AHRS14get_gyro_driftEv @ 0xaf5bd0
CIRCLE: _ZN12AP_AHRS_View6updateEv @ 0x7c0c40
CIRCLE: _ZN7AP_AHRS14update_AOA_SSAEv @ 0x7c0ef0
CIRCLE: _ZNK7AP_AHRS16_active_EKF_typeEv @ 0x7c0f40
CIRCLE: _ZN7AP_AHRS12update_stateEv @ 0x7c1470
CIRCLE: _ZNK7AP_AHRS23_get_primary_gyro_indexEv @ 0x7c1710
CIRCLE: _ZNK7AP_AHRS23_get_primary_core_indexEv @ 0x7c17c0
CIRCLE: _ZNK7AP_AHRS14_wind_estimateER7Vector3IfE @ 0x7c1890
CIRCLE: _ZN15AP_AHRS_Backend11get_EAS2TASEv @ 0x7c19c0
CIRCLE: _ZNK7AP_AHRS13_airspeed_EASERfRNS_20AirspeedEstimateTypeE @ 0x7c1a00
CIRCLE: _ZNK7AP_AHRS13_airspeed_TASERf @ 0x7c1f80
CIRCLE: _ZNK7AP_AHRS13_airspeed_TASER7Vector3IfE @ 0x7c2090
CIRCLE: _ZNK7AP_AHRS15_get_quaternionER11QuaternionTIfE @ 0x7c2170
CIRCLE: _ZNK7AP_AHRS23_get_secondary_attitudeER7Vector3IfE @ 0x7c2330
CIRCLE: _ZNK7AP_AHRS25_get_secondary_quaternionER11QuaternionTIfE @ 0x7c2530
CIRCLE: _ZNK7AP_AHRS13_get_locationER8Location @ 0x7c26e0
CIRCLE: _ZNK7AP_AHRS23_get_secondary_positionER8Location @ 0x7c2860
CIRCLE: _ZN7AP_AHRS19_groundspeed_vectorEv @ 0x7c29b0
CIRCLE: _ZN7AP_AHRS12_groundspeedEv @ 0x7c2ae0
CIRCLE: _ZNK7AP_AHRS29_getCorrectedDeltaVelocityNEDER7Vector3IfERf @ 0x7c2bb0
CIRCLE: _ZNK7AP_AHRS17_get_velocity_NEDER7Vector3IfE @ 0x7c2e40
CIRCLE: _ZNK7NavEKF39getVelNEDER7Vector3IfE @ 0x7c3000
CIRCLE: _ZNK12NavEKF3_core9getVelNEDER7Vector3IfE @ 0x7c3330
CIRCLE: _ZNK7NavEKF312getAccelBiasEaR7Vector3IfE @ 0x7c3520
CIRCLE: _ZNK17AP_InertialSensor18get_delta_velocityEhR7Vector3IfERf @ 0x7c35f0
CIRCLE: _ZNK7AP_AHRS43get_rotation_autopilot_body_to_vehicle_bodyEv @ 0xaf5cc0
CIRCLE: _ZNK17AP_InertialSensor14get_delta_timeEv @ 0xaf5d10
CIRCLE: _ZL3MINIffEDTqultfp_fp0_fp_fp0_ERKT_RKT0_.3694 @ 0x7c37a0
CIRCLE: _ZL3MINIffEDTqultfp_fp0_fp_fp0_ERKT_RKT0_.2119 @ 0x7c3830
CIRCLE: _ZNK12NavEKF3_core12getAccelBiasER7Vector3IfE @ 0x7c38c0
CIRCLE: _ZL7radiansf.2107 @ 0x7c3fb0
CIRCLE: _ZN7Vector2IfEmLEf @ 0xaf5e80
CIRCLE: _ZNK7AP_AHRS23_get_secondary_EKF_typeERNS_7EKFTypeE @ 0x7c4000
CIRCLE: _ZNK7NavEKF36getLLHER8Location @ 0x7c41f0
CIRCLE: _ZNK12NavEKF3_core6getLLHER8Location @ 0x7c4290
CIRCLE: _ZNK7AP_AHRS24fallback_active_EKF_typeEv @ 0x7c4860
CIRCLE: _ZNK11AP_AHRS_DCM14get_quaternionER11QuaternionTIfE @ 0x7c48b0
CIRCLE: _ZNK7NavEKF313getQuaternionER11QuaternionTIfE @ 0x7c49b0
CIRCLE: _ZN11QuaternionTIfE6rotateERK7Vector3IfE @ 0xaf5ff0
CIRCLE: _ZN11QuaternionTIfE15from_axis_angleE7Vector3IfE @ 0xaf60a0
CIRCLE: _ZN15AP_ExternalAHRS14get_quaternionER11QuaternionTIfE @ 0x7c4ab0
CIRCLE: _ZNK12NavEKF3_core13getQuaternionER11QuaternionTIfE @ 0x7c4b60
CIRCLE: _ZNK11QuaternionTIdE7tofloatEv @ 0xaf6180
CIRCLE: _ZNK7NavEKF314getEulerAnglesER7Vector3IfE @ 0x7c4d10
CIRCLE: _ZNK7NavEKF312getAirSpdVecER7Vector3IfE @ 0x7c4ef0
CIRCLE: _ZNK12NavEKF3_core12getAirSpdVecER7Vector3IfE @ 0x7c4f90
CIRCLE: _ZNK11QuaternionTIdE7inverseEv @ 0xaf6200
CIRCLE: _ZNK7AP_AHRS25get_active_airspeed_indexEv @ 0x7c5390
CIRCLE: _ZNK7AP_AHRS27_should_use_airspeed_sensorEh @ 0x7c5490
CIRCLE: _ZNK7AP_AHRS27get_wind_estimation_enabledEv @ 0xaf62b0
CIRCLE: _ZNK7NavEKF37getWindER7Vector3IfE @ 0x7c57a0
CIRCLE: _ZNK12NavEKF3_core7getWindER7Vector3IfE @ 0x7c58c0
CIRCLE: _ZN15AP_AHRS_Backend23airspeed_sensor_enabledEh @ 0xaf6370
CIRCLE: _ZNK7AP_AHRS23airspeed_sensor_enabledEh @ 0xaf6450
CIRCLE: _ZNK7NavEKF317getActiveAirspeedEv @ 0x7c5a90
CIRCLE: _ZNK12NavEKF3_core17getActiveAirspeedEv @ 0x7c5b20
CIRCLE: _ZNK7AP_Baro12_get_EAS2TASEv @ 0x7c5b70
CIRCLE: _ZNK7AP_Baro20get_EAS2TAS_extendedEf @ 0x7c5be0
CIRCLE: _ZNK7NavEKF319getPrimaryCoreIndexEv @ 0x7c5eb0
CIRCLE: _ZNK7NavEKF315getFilterFaultsERt @ 0x7c5fc0
CIRCLE: _ZNK16AP_NavEKF_Source14getPosXYSourceEh @ 0xaf6610
CIRCLE: _ZL7degreesf.18358 @ 0x7c61b0
CIRCLE: _ZNK7AP_AHRS9calc_trigERK7Matrix3IfERfS4_S4_S4_S4_S4_ @ 0x7c6200
CIRCLE: _ZNK9AP_Logger15allow_start_ekfEv @ 0x7c65f0
CIRCLE: _ZN7NavEKF312UpdateFilterEv @ 0x7c6cc0
CIRCLE: _ZNK7NavEKF320getRotationBodyToNEDER7Matrix3IfE @ 0x7c7290
CIRCLE: _ZN7AP_AHRS16update_cd_valuesEv @ 0x7c7320
CIRCLE: _ZN7AP_AHRS11update_trigEv @ 0x7c7460
CIRCLE: _ZNK17AP_InertialSensor22get_first_usable_accelEv @ 0xaf6690
CIRCLE: _ZNK7NavEKF311getGyroBiasEaR7Vector3IfE @ 0x7c7540
CIRCLE: _ZN7AP_AHRS32update_notify_from_filter_statusERK17nav_filter_status @ 0x7c7610
CIRCLE: _ZNK12NavEKF3_core11getGyroBiasER7Vector3IfE @ 0x7c76c0
CIRCLE: _ZL7degreesf.2051 @ 0x7c77a0
CIRCLE: _ZN6AP_DAL11start_frameENS_9FrameTypeE @ 0x7c77f0
CIRCLE: _ZNK6AP_DAL8micros64Ev @ 0xaf66e0
CIRCLE: _ZNK12NavEKF3_core21getFramesSincePredictEv @ 0x7c7cd0
CIRCLE: _ZN6AP_DAL22ekf_low_time_remainingENS_7EKFTypeEh @ 0x7c7d30
CIRCLE: _ZN12NavEKF3_core12UpdateFilterEb @ 0x7c7e70
CIRCLE: _ZNK6AP_DAL9get_armedEv @ 0xaf6730
CIRCLE: _ZN7NavEKF321updateCoreErrorScoresEv @ 0x7c80a0
CIRCLE: _ZN7NavEKF324updateCoreRelativeErrorsEv @ 0x7c8160
CIRCLE: _ZNK7NavEKF315coreBetterScoreEhh @ 0x7c8300
CIRCLE: _ZN16AP_NavEKF_Source22align_inactive_sourcesEv @ 0x7c8500
CIRCLE: _ZNK16AP_NavEKF_Source13getPosZSourceEh @ 0x7c87b0
CIRCLE: _ZNK7AP_EnumIN16AP_NavEKF_Source7SourceZEEcvKS1_Ev @ 0xaf6810
CIRCLE: _ZL3MAXI9AP_ParamTIfL11ap_var_type4EEfEDTqugtfp_fp0_fp_fp0_ERKT_RKT0_.4508 @ 0x7c8990
CIRCLE: _ZN18NavEKF_core_common22fill_scratch_variablesEv @ 0x7c8a20
CIRCLE: _ZN12NavEKF3_core23update_sensor_selectionEv @ 0x7c8ac0
CIRCLE: _ZN12NavEKF3_core18controlFilterModesEv @ 0x7c8b30
CIRCLE: _ZN12NavEKF3_core11readIMUDataEb @ 0x7c8c00
CIRCLE: _ZN12NavEKF3_core27UpdateStrapdownEquationsNEDEv @ 0x7c94d0
CIRCLE: _ZN12NavEKF3_core20CovariancePredictionEP7Vector3IdE @ 0x7c99b0
CIRCLE: _ZN12NavEKF3_core25runYawEstimatorPredictionEv @ 0x7d41a0
CIRCLE: _ZN12NavEKF3_core15SelectMagFusionEv @ 0x7d4300
CIRCLE: _ZN12NavEKF3_core18SelectVelPosFusionEv @ 0x7d5030
CIRCLE: _ZN12NavEKF3_core25runYawEstimatorCorrectionEv @ 0x7d59f0
CIRCLE: _ZN12NavEKF3_core18SelectRngBcnFusionEv @ 0x7d5be0
CIRCLE: _ZN12NavEKF3_core16SelectFlowFusionEv @ 0x7d5d10
CIRCLE: _ZN12NavEKF3_core20SelectBodyOdomFusionEv @ 0x7d5ff0
CIRCLE: _ZN12NavEKF3_core15SelectTasFusionEv @ 0x7d62a0
CIRCLE: _ZN12NavEKF3_core20SelectBetaDragFusionEv @ 0x7d63a0
CIRCLE: _ZN12NavEKF3_core18updateFilterStatusEv @ 0x7d6660
CIRCLE: _ZN12NavEKF3_core13moveEKFOriginEv @ 0x7d6fa0
CIRCLE: _ZN12NavEKF3_core21checkUpdateEarthFieldEv @ 0x7d7150
CIRCLE: _ZN12NavEKF3_core16calcOutputStatesEv @ 0x7d7210
CIRCLE: _ZN12NavEKF3_core11readMagDataEv @ 0x7d8560
CIRCLE: _ZN12NavEKF3_core11readGpsDataEv @ 0x7d8a70
CIRCLE: _ZN12NavEKF3_core14readGpsYawDataEv @ 0x7d9400
CIRCLE: _ZN12NavEKF3_core12readBaroDataEv @ 0x7d9530
CIRCLE: _ZN6AP_DAL3insEv @ 0xaf68c0
CIRCLE: _ZNK21AP_DAL_InertialSensor9get_accelEh @ 0xaf6910
CIRCLE: _ZL2sqf.4910 @ 0x7db560
CIRCLE: _ZNK16AP_NavEKF_Source13useVelZSourceENS_7SourceZEh @ 0x7db6d0
CIRCLE: _ZNK12NavEKF3_core26CorrectGPSForAntennaOffsetERNS_12gps_elementsE @ 0x7db800
CIRCLE: _ZNK10AP_DAL_GPS18get_antenna_offsetEh @ 0xaf6be0
CIRCLE: _ZNK7Vector3IdErmERKS0_ @ 0xaf6c50
CIRCLE: _ZNK7Matrix3IdE13mul_transposeERK7Vector3IdE @ 0xaf6d30
CIRCLE: _ZN7Vector3IdEdVEd @ 0xaf6e40
CIRCLE: _ZNK21AP_DAL_InertialSensor16get_loop_delta_tEv @ 0xaf6ed0
CIRCLE: _ZNK14AP_DAL_Compass16get_first_usableEv @ 0xaf72f0
CIRCLE: _ZNK11AP_DAL_Baro15get_last_updateEh @ 0xaf7560
CIRCLE: _ZNK11AP_DAL_Baro12get_altitudeEh @ 0xaf75d0
CIRCLE: _ZN16EKF_obs_buffer_tIN12NavEKF3_core13baro_elementsEE4pushERKS1_ @ 0xaf7640
CIRCLE: _ZNK10AP_DAL_GPS11gps_yaw_degEhRfS0_Rj @ 0xaf76b0
CIRCLE: _ZL3MAXIfdEDTqugtfp_fp0_fp_fp0_ERKT_RKT0_ @ 0x7dc200
CIRCLE: _ZNK10AP_DAL_GPS20last_message_time_msEh @ 0xaf77d0
CIRCLE: _ZNK10AP_DAL_GPS7get_lagEhRf @ 0xaf7840
CIRCLE: _ZL3MINIjjEDTqultfp_fp0_fp_fp0_ERKT_RKT0_.4728 @ 0x7dc400
CIRCLE: _ZNK10AP_DAL_GPS8velocityEh @ 0xaf78f0
CIRCLE: _ZNK10AP_DAL_GPS22have_vertical_velocityEh @ 0xaf7960
CIRCLE: _ZNK10AP_DAL_GPS14speed_accuracyEhRf @ 0xaf79e0
CIRCLE: _ZL3MAXIdfEDTqugtfp_fp0_fp_fp0_ERKT_RKT0_.4723 @ 0x7dc480
CIRCLE: _ZL3MINIdfEDTqultfp_fp0_fp_fp0_ERKT_RKT0_ @ 0x7dc520
CIRCLE: _ZL3MAXId9AP_ParamTIfL11ap_var_type4EEEDTqugtfp_fp0_fp_fp0_ERKT_RKT0_ @ 0x7dc5c0
CIRCLE: _ZNK10AP_DAL_GPS19horizontal_accuracyEhRf @ 0xaf7a90
CIRCLE: _ZNK10AP_DAL_GPS17vertical_accuracyEhRf @ 0xaf7b40
CIRCLE: _ZNK10AP_DAL_GPS8num_satsEh @ 0xaf7bf0
CIRCLE: _ZN12NavEKF3_core18calcGpsGoodToAlignEv @ 0x7dc670
CIRCLE: _ZN12NavEKF3_core20calcGpsGoodForFlightEv @ 0x7dd5d0
CIRCLE: _ZN16EKF_obs_buffer_tIN12NavEKF3_core12gps_elementsEE4pushERKS1_ @ 0xaf7c60
CIRCLE: _ZL3MAXIddEDTqugtfp_fp0_fp_fp0_ERKT_RKT0_.4888 @ 0x7dda90
CIRCLE: _ZL3MINIdfEDTqultfp_fp0_fp_fp0_ERKT_RKT0_.4875 @ 0x7ddb10
CIRCLE: _ZNK10AP_DAL_GPS8get_hdopEh @ 0xaf7cd0
CIRCLE: _ZNK14AP_DAL_Compass9get_countEv @ 0xaf7d40
CIRCLE: _ZNK14AP_DAL_Compass21learn_offsets_enabledEv @ 0xaf7d90
CIRCLE: _ZNK14AP_DAL_Compass16last_update_usecEh @ 0xaf7df0
CIRCLE: _ZNK7Vector3IdEneERKS0_ @ 0xaf7e60
CIRCLE: _ZN12NavEKF3_core12mag_elementsC2Ev @ 0xaf7f30
CIRCLE: _ZNK14AP_DAL_Compass9get_fieldEh @ 0xaf7f90
CIRCLE: _ZNK14AP_DAL_Compass10consistentEv @ 0xaf8000
CIRCLE: _ZN16EKF_obs_buffer_tIN12NavEKF3_core12mag_elementsEE4pushERKS1_ @ 0xaf8060
CIRCLE: _Z8is_equalIddENSt3__19enable_ifIXsr3std17is_floating_pointINS0_11common_typeIJT_T0_EE4typeEEE5valueEbE4typeES3_S4_ @ 0xaf80d0
CIRCLE: _ZN12NavEKF3_core17correctDeltaAngleER7Vector3IdEdh @ 0x7dddf0
CIRCLE: _ZN12NavEKF3_core20correctDeltaVelocityER7Vector3IdEdh @ 0x7ddeb0
CIRCLE: _ZN11QuaternionTIdEC2Ev @ 0xaf8150
CIRCLE: _ZN11QuaternionTIdE15from_axis_angleE7Vector3IdE @ 0xaf81c0
CIRCLE: _ZN11QuaternionTIdEmLERKS0_ @ 0xaf8280
CIRCLE: _ZNK11QuaternionTIdE15rotation_matrixER7Matrix3IdE @ 0xaf8420
CIRCLE: _ZNK21AP_DAL_InertialSensor8get_gyroEh @ 0xaf8610
CIRCLE: _ZNK6AP_DAL20get_takeoff_expectedEv @ 0xaf8720
CIRCLE: _ZN16EKF_IMU_buffer_tIN12NavEKF3_core12imu_elementsEE18get_youngest_indexEv @ 0xaf8790
CIRCLE: _ZN16EKF_IMU_buffer_tIN12NavEKF3_core12imu_elementsEE16get_oldest_indexEv @ 0xaf87f0
CIRCLE: _ZNK11QuaternionTIdEdvERKS0_ @ 0xaf8850
CIRCLE: _ZN11QuaternionTIdEixEh @ 0xaf8a70
CIRCLE: _ZL3MAXIddEDTqugtfp_fp0_fp_fp0_ERKT_RKT0_.4938 @ 0x7ddfd0
CIRCLE: _ZN12NavEKF3_core15output_elementsC2Ev @ 0xaf8ae0
CIRCLE: _ZNK14ekf_imu_buffer16get_oldest_indexEv @ 0xaf8b60
CIRCLE: _ZNK14ekf_imu_buffer18get_youngest_indexEv @ 0xaf8bb0
CIRCLE: _ZN7AP_AHRS20set_takeoff_expectedEb @ 0x7de050
CIRCLE: _ZN11QuaternionTIdE15from_axis_angleERK7Vector3IdEd @ 0xaf8c00
CIRCLE: _ZNK6AP_DAL22get_touchdown_expectedEv @ 0xaf8d20
CIRCLE: _ZNK6AP_DAL11get_EAS2TASEv @ 0xaf8e00
CIRCLE: _ZN7Vector3IdEixEh @ 0xaf8ec0
CIRCLE: _ZNK7Vector3IdEixEh @ 0xaf8f30
CIRCLE: _ZN7Vector2IdEixEh @ 0xaf8fa0
CIRCLE: _ZN15ekf_ring_buffer6recallEPvj @ 0x7e4b30
CIRCLE: _ZNK15ekf_ring_buffer7time_msEh @ 0x7e4c90
CIRCLE: _ZN12NavEKF3_core14readAirSpdDataEv @ 0x7e4d00
CIRCLE: _ZNK12NavEKF3_core11useAirspeedEv @ 0x7e69d0
CIRCLE: _ZNK6AP_DAL23airspeed_sensor_enabledEv @ 0xaf92c0
CIRCLE: _ZN16EKF_obs_buffer_tIN12NavEKF3_core16vel_odm_elementsEE6recallERS1_j @ 0xaf9330
CIRCLE: _ZN16EKF_obs_buffer_tIN12NavEKF3_core18wheel_odm_elementsEE6recallERS1_j @ 0xaf93b0
CIRCLE: _ZN12NavEKF3_core11of_elementsC2Ev @ 0xaf9430
CIRCLE: _ZN16EKF_obs_buffer_tIN12NavEKF3_core11of_elementsEE6recallERS1_j @ 0xaf94c0
CIRCLE: _ZNK7Vector2IdEixEh @ 0xaf9540
CIRCLE: _ZN12NavEKF3_core14readRngBcnDataEv @ 0x7f3900
CIRCLE: _ZN10EKFGSF_yaw11fuseVelDataERK7Vector2IdEd @ 0x7f75b0
CIRCLE: _ZNK12NavEKF3_core13EKFGSF_getYawERdS0_ @ 0x7f79b0
CIRCLE: _ZNK11QuaternionTIdE12to_vector312Ev @ 0xaf9ac0
CIRCLE: _ZN7Matrix3IdE13from_euler312Eddd @ 0xaf9e00
CIRCLE: _ZNK7Matrix3IdE11to_euler312Ev @ 0xafa4a0
CIRCLE: _ZN7Matrix3IdEixEh @ 0xafa590
CIRCLE: _ZNK10EKFGSF_yaw10getYawDataERdS0_Ph @ 0x7f8320
CIRCLE: _ZL7radiansf.4691 @ 0x7f8400
CIRCLE: _ZL2sqf.4689 @ 0x7f8450
CIRCLE: _ZNK10EKFGSF_yaw17getVelInnovLengthERd @ 0x7f84a0
CIRCLE: _ZN10EKFGSF_yaw7correctEhRK7Vector2IdEd @ 0x7f89c0
CIRCLE: _ZNK10EKFGSF_yaw15gaussianDensityEh @ 0x7f9d80
CIRCLE: _ZL3MAXIdfEDTqugtfp_fp0_fp_fp0_ERKT_RKT0_.4194 @ 0x7fa100
CIRCLE: _ZN10EKFGSF_yaw13forceSymmetryEh @ 0x7fa1a0
CIRCLE: _ZN16EKF_obs_buffer_tIN12NavEKF3_core16ext_nav_elementsEE6recallERS1_j @ 0xafa700
CIRCLE: _ZN16EKF_obs_buffer_tIN12NavEKF3_core20ext_nav_vel_elementsEE6recallERS1_j @ 0xafa780
CIRCLE: _ZNK12NavEKF3_core35CalculateVelInnovationsAndVariancesERK7Vector3IdEddRS1_S4_ @ 0x7fa6d0
CIRCLE: _ZN16EKF_obs_buffer_tIN12NavEKF3_core12gps_elementsEE6recallERS1_j @ 0xafa800
CIRCLE: _ZN12NavEKF3_core21selectHeightForFusionEv @ 0x7fad10
CIRCLE: _ZN12NavEKF3_core13FuseVelPosNEDEv @ 0x7fc210
CIRCLE: _ZL3MAXIdfEDTqugtfp_fp0_fp_fp0_ERKT_RKT0_.4863 @ 0x7fe560
CIRCLE: _ZL3MAXI9AP_ParamTIfL11ap_var_type4EEfEDTqugtfp_fp0_fp_fp0_ERKT_RKT0_.4864 @ 0x7fe600
CIRCLE: _ZN12NavEKF3_core15readRangeFinderEv @ 0x7fe690
CIRCLE: _ZN16EKF_obs_buffer_tIN12NavEKF3_core14range_elementsEE6recallERS1_j @ 0xafa880
CIRCLE: _ZN16EKF_obs_buffer_tIN12NavEKF3_core13baro_elementsEE6recallERS1_j @ 0xafa950
CIRCLE: _ZL3MAXIddEDTqugtfp_fp0_fp_fp0_ERKT_RKT0_.4712 @ 0x7ff260
CIRCLE: _ZL3MAXI9AP_ParamTIfL11ap_var_type4EEfEDTqugtfp_fp0_fp_fp0_ERKT_RKT0_.4701 @ 0x7ff430
CIRCLE: _ZN12NavEKF3_core12fuseEulerYawENS_15yawFusionMethodE @ 0x7ff4c0
CIRCLE: _ZN16EKF_obs_buffer_tIN12NavEKF3_core12yaw_elementsEE6recallERS1_j @ 0xafabe0
CIRCLE: _ZN16EKF_obs_buffer_tIN12NavEKF3_core12mag_elementsEE6recallERS1_j @ 0xafac60
CIRCLE: _ZN12NavEKF3_core18controlMagYawResetEv @ 0x801460
CIRCLE: _ZN12NavEKF3_core16FuseMagnetometerEv @ 0x801a70
CIRCLE: _ZN7Matrix3IdEC2Eddddddddd @ 0xaface0
CIRCLE: _ZNK7Matrix3IdEixEh @ 0xafae30
CIRCLE: _ZL3MAXIdfEDTqugtfp_fp0_fp_fp0_ERKT_RKT0_.4699 @ 0x8082b0
CIRCLE: _ZN12NavEKF3_core17MagTableConstrainEv @ 0x808350
CIRCLE: _ZNK11QuaternionTIdE13to_axis_angleER7Vector3IdE @ 0xafaea0
CIRCLE: _ZN10EKFGSF_yaw6updateERK7Vector3IdES3_ddbd @ 0x808ad0
CIRCLE: _ZN10EKFGSF_yaw7predictEh @ 0x809560
CIRCLE: _ZN10EKFGSF_yaw11predictAHRSEh @ 0x80a0b0
CIRCLE: _ZL7radiansf.4192 @ 0x80a630
CIRCLE: _ZL2sqf.4193 @ 0x80a680
CIRCLE: _ZNK10EKFGSF_yaw12updateRotMatERK7Matrix3IdERK7Vector3IdE @ 0x80a6d0
CIRCLE: _ZN12NavEKF3_core21calcTiltErrorVarianceEv @ 0x80afb0
CIRCLE: _ZN12NavEKF3_core23verifyTiltErrorVarianceEv @ 0x80b690
CIRCLE: _ZL3MINIffEDTqultfp_fp0_fp_fp0_ERKT_RKT0_.4930 @ 0x80ba90
CIRCLE: _ZN11QuaternionTIdE6rotateERK7Vector3IdE @ 0xafb460
CIRCLE: _ZN12NavEKF3_core15ConstrainStatesEv @ 0x80bb20
CIRCLE: _ZNK21AP_DAL_InertialSensor9use_accelEh @ 0xafb520
CIRCLE: _ZNK21AP_DAL_InertialSensor8use_gyroEh @ 0xafb5f0
CIRCLE: _ZN12NavEKF3_core19learnInactiveBiasesEv @ 0x80bf60
CIRCLE: _ZN12NavEKF3_core19updateMovementCheckEv @ 0x80c4d0
CIRCLE: _ZN12NavEKF3_core17readDeltaVelocityEhR7Vector3IdERd @ 0x80cd70
CIRCLE: _ZNK21AP_DAL_InertialSensor18get_imu_pos_offsetEh @ 0xafb6c0
CIRCLE: _ZN12NavEKF3_core14readDeltaAngleEhR7Vector3IdERd @ 0x80cec0
CIRCLE: _ZN16EKF_IMU_buffer_tIN12NavEKF3_core12imu_elementsEE21push_youngest_elementES1_ @ 0xafb730
CIRCLE: _ZN12NavEKF3_core14SampleDragDataERKNS_12imu_elementsE @ 0x80cfe0
CIRCLE: _ZN16EKF_IMU_buffer_tIN12NavEKF3_core12imu_elementsEE18get_oldest_elementEv @ 0xafb790
CIRCLE: _ZN12NavEKF3_core22updateTimingStatisticsEv @ 0x80d290
CIRCLE: _ZL3MINIfdEDTqultfp_fp0_fp_fp0_ERKT_RKT0_.4724 @ 0x80d540
CIRCLE: _ZN12NavEKF3_core12imu_elementsC2Ev @ 0xafb810
CIRCLE: _ZN14ekf_imu_buffer18get_oldest_elementEPv @ 0x80d5e0
CIRCLE: _ZN14ekf_imu_buffer21push_youngest_elementEPKv @ 0x80d6a0
CIRCLE: _ZNK21AP_DAL_InertialSensor14get_gyro_countEv @ 0xafb8f0
CIRCLE: _ZNK21AP_DAL_InertialSensor15get_delta_angleEhR7Vector3IfERf @ 0xafb940
CIRCLE: _ZNK21AP_DAL_InertialSensor15get_accel_countEv @ 0xafba40
CIRCLE: _ZNK21AP_DAL_InertialSensor18get_delta_velocityEhR7Vector3IfERf @ 0xafba90
CIRCLE: _ZL7radiansi.4726 @ 0x80d790
CIRCLE: _ZN12NavEKF3_core12detectFlightEv @ 0x80d7f0
CIRCLE: _ZN12NavEKF3_core27setWindMagStateLearningModeEv @ 0x80dcb0
CIRCLE: _ZN12NavEKF3_core28checkAttitudeAlignmentStatusEv @ 0x80e550
CIRCLE: _ZN12NavEKF3_core13setAidingModeEv @ 0x80e660
CIRCLE: _ZN12NavEKF3_core12setYawSourceEv @ 0x80f5d0
CIRCLE: _ZN12NavEKF3_core18checkGyroCalStatusEv @ 0x80f6a0
CIRCLE: _ZL3MINIttEDTqultfp_fp0_fp_fp0_ERKT_RKT0_ @ 0x80fd80
CIRCLE: _ZL7radiansd.4644 @ 0x80fe00
CIRCLE: _ZN12NavEKF3_core19updateStateIndexLimEv @ 0x80fef0
CIRCLE: _ZNK6AP_DAL18get_time_flying_msEv @ 0xafbb80
CIRCLE: _ZN12NavEKF3_core20update_gps_selectionEv @ 0x8100e0
CIRCLE: _ZN12NavEKF3_core20update_mag_selectionEv @ 0x8101e0
CIRCLE: _ZN12NavEKF3_core21update_baro_selectionEv @ 0x810320
CIRCLE: _ZN12NavEKF3_core25update_airspeed_selectionEv @ 0x810400
CIRCLE: _ZNK11AP_DAL_Baro11get_primaryEv @ 0xafbc20
CIRCLE: _Z9fill_nanfPdt @ 0x810510
CIRCLE: _ZNK17AP_InertialSensor20get_last_update_usecEv @ 0xafbce0
CIRCLE: _ZNK17AP_InertialSensor16get_loop_delta_tEv @ 0xafbd30
CIRCLE: _ZNK7AP_AHRS17get_vehicle_classEv @ 0xafbd80
CIRCLE: _ZNK7AP_AHRS20get_takeoff_expectedEv @ 0xafbdd0
CIRCLE: _ZNK7AP_AHRS22get_touchdown_expectedEv @ 0xafbe30
CIRCLE: _ZNK7AP_AHRS8get_trimEv @ 0xafbe90
CIRCLE: _ZN2AP12wheelencoderEv @ 0x810930
CIRCLE: _ZNK7AP_AHRS43get_rotation_vehicle_body_to_autopilot_bodyEv @ 0xafbf40
CIRCLE: _ZN21AP_DAL_InertialSensor11start_frameEv @ 0x810970
CIRCLE: _ZN11AP_DAL_Baro11start_frameEv @ 0x810bf0
CIRCLE: _ZN10AP_DAL_GPS11start_frameEv @ 0x810d60
CIRCLE: _ZN14AP_DAL_Compass11start_frameEv @ 0x811160
CIRCLE: _ZNK9AP_Beacon7enabledEv @ 0x811c10
CIRCLE: _ZNK9AP_Beacon12device_readyEv @ 0x811f50
CIRCLE: _ZNK7AP_EnumIN9AP_Beacon4TypeEEcvKS1_Ev @ 0xafbff0
CIRCLE: _ZNK7Compass24auto_declination_enabledEv @ 0xafc140
CIRCLE: _ZNK7Compass15get_declinationEv @ 0x8120c0
CIRCLE: _ZNK7Compass15get_num_enabledEv @ 0x812120
CIRCLE: _ZNK7Compass16get_first_usableEv @ 0xafc1b0
CIRCLE: _ZNK7Compass21learn_offsets_enabledEv @ 0xafc200
CIRCLE: _ZNK7Compass17have_scale_factorEh @ 0x8121e0
CIRCLE: _ZNK7Compass16last_update_usecEh @ 0xafc270
CIRCLE: _ZNK14typesafe_indexIh14TAG_StateIndexEgeERKh @ 0xafc2f0
CIRCLE: _ZNK7AP_Baro11get_primaryEv @ 0xafc360
CIRCLE: _ZNK7AP_Baro15get_last_updateEh @ 0xafc3b0
CIRCLE: _ZNK17AP_InertialSensor16get_loop_rate_hzEv @ 0xafc420
CIRCLE: _ZNK17AP_InertialSensor15get_delta_angleEhR7Vector3IfERf @ 0x812320
CIRCLE: _ZN21AP_DAL_InertialSensor15update_filteredEh @ 0x8124f0
CIRCLE: _ZNK17AP_InertialSensor18get_imu_pos_offsetEh @ 0xafc470
CIRCLE: _ZNK17AP_InertialSensor10_accel_posEh @ 0xafc4d0
CIRCLE: _ZN17AP_InertialSensor10_accel_posEh @ 0xafc530
CIRCLE: _ZN15AP_WheelEncoder13get_singletonEv @ 0xafc5a0
CIRCLE: _ZN7NavEKF216InitialiseFilterEv @ 0x814f80
CIRCLE: _ZNK6AP_DAL12get_ekf_typeEv @ 0xafed90
CIRCLE: _ZN16AP_AHRS_External6updateEv @ 0x848320
CIRCLE: _ZN16AP_AHRS_External11get_resultsERN15AP_AHRS_Backend9EstimatesE @ 0x848370
CIRCLE: _ZN7AP_AHRS37copy_estimates_from_backend_estimatesERKN15AP_AHRS_Backend9EstimatesE @ 0x8485c0
CIRCLE: _ZN15AP_ExternalAHRS6updateEv @ 0x8488a0
CIRCLE: _ZL7degreesf.10880 @ 0x848bd0
CIRCLE: _ZN11AP_AHRS_SIM6updateEv @ 0xaff950
CIRCLE: _ZN11AP_AHRS_SIM11get_resultsERN15AP_AHRS_Backend9EstimatesE @ 0x848c20
CIRCLE: _ZN11AP_AHRS_DCM6updateEv @ 0x849800
CIRCLE: _ZN11AP_AHRS_DCM11get_resultsERN15AP_AHRS_Backend9EstimatesE @ 0x849b20
CIRCLE: _ZN11AP_AHRS_DCM13matrix_updateEv @ 0x849c40
CIRCLE: _ZN11AP_AHRS_DCM9normalizeEv @ 0x849e90
CIRCLE: _ZN11AP_AHRS_DCM16drift_correctionEf @ 0x84a0b0
CIRCLE: _ZN11AP_AHRS_DCM12check_matrixEv @ 0x84b410
CIRCLE: _ZN11AP_AHRS_DCM15backup_attitudeEv @ 0x84b510
CIRCLE: _ZNK11AP_AHRS_DCM12get_error_rpEv @ 0xaffa10
CIRCLE: _ZNK11AP_AHRS_DCM13get_error_yawEv @ 0xaffa60
CIRCLE: _ZN7Matrix3IfE6is_nanEv @ 0xaffab0
CIRCLE: _ZN11AP_AHRS_DCM20drift_correction_yawEv @ 0x84ba00
CIRCLE: _ZNK6AP_GPS16last_fix_time_msEv @ 0xaffbc0
CIRCLE: _ZL3MAXIfiEDTqugtfp_fp0_fp_fp0_ERKT_RKT0_.2117 @ 0x84bf20
CIRCLE: _ZNK11AP_AHRS_DCM26should_correct_centrifugalEv @ 0x84bfc0
CIRCLE: _ZN11AP_AHRS_DCM10ra_delayedEhRK7Vector3IfE @ 0x84c020
CIRCLE: _ZNK17AP_InertialSensor7healthyEv @ 0xaffc20
CIRCLE: _ZN11AP_AHRS_DCM7_P_gainEf @ 0x84c120
CIRCLE: _ZNK11AP_AHRS_DCM14use_fast_gainsEv @ 0x84c200
CIRCLE: _ZL7radiansi.2118 @ 0x84c290
CIRCLE: _ZNK17AP_InertialSensor19get_gyro_drift_rateEv @ 0xaffca0
CIRCLE: _ZNK17AP_InertialSensor15get_gyro_healthEv @ 0xaffcf0
CIRCLE: _ZNK17AP_InertialSensor16get_accel_healthEv @ 0xaffd50
CIRCLE: _ZNK7Compass16last_update_usecEv @ 0xaffdb0
CIRCLE: _ZN7Compass4readEv @ 0x84c2f0
CIRCLE: _ZN11AP_AHRS_DCM17yaw_error_compassER7Compass @ 0x84c6c0
CIRCLE: _ZNK11AP_AHRS_DCM9_yaw_gainEv @ 0x84c840
CIRCLE: _ZNK7Matrix3IfE5mulXYERK7Vector3IfE @ 0xaffe10
CIRCLE: _ZNK7Vector2IfErmERKS0_ @ 0xaffee0
CIRCLE: _ZN7Compass15_detect_runtimeEv @ 0x84c9f0
CIRCLE: _ZN9AP_Logger13Write_CompassEv @ 0x84cd20
CIRCLE: _ZN19RestrictIDTypeArrayI9AP_ParamTIaL11ap_var_type1EELj3E14typesafe_indexIh12TAG_PriorityEEixERKS5_ @ 0xafff60
CIRCLE: _ZN9AP_Logger22Write_Compass_instanceEmh @ 0x84cdc0
CIRCLE: _ZNK7Compass17get_motor_offsetsEh @ 0xafffe0
CIRCLE: _ZN7Compass15_driver_enabledENS_10DriverTypeE @ 0x84dd70
CIRCLE: _ZN19AP_Compass_DroneCAN5probeEh @ 0x84de10
CIRCLE: _ZN18AP_Compass_Backend25drain_accumulated_samplesEhPK7Vector3IfE @ 0x84ecf0
CIRCLE: _ZN18AP_Compass_Backend22publish_filtered_fieldERK7Vector3IfEh @ 0x84ee70
CIRCLE: _ZN11AP_AHRS_DCM6renormERK7Vector3IfERS1_ @ 0x84ef30
CIRCLE: _ZNK17AP_InertialSensor15get_delta_angleER7Vector3IfERf @ 0xb00800
CIRCLE: _ZNK7Vector3IfEeqERKS0_ @ 0xb00890
CIRCLE: _ZN17AP_InertialSensor21set_board_orientationE8Rotation @ 0xb00960
CIRCLE: _ZN7Compass21set_board_orientationE8Rotation @ 0xb009c0
CIRCLE: _ZNK14AP_Logger_File17recent_open_errorEv @ 0x84f2e0
CIRCLE: _ZNK14AP_Logger_File15io_thread_aliveEv @ 0x84f370
CIRCLE: _ZN14AP_Logger_File16disk_space_availEv @ 0x84f700
CIRCLE: _ZL3MINIjjEDTqultfp_fp0_fp_fp0_ERKT_RKT0_.6378 @ 0x84f7e0
CIRCLE: _ZN13AP_Filesystem17bytes_until_fsyncEi @ 0x84f860
CIRCLE: _ZN13AP_Filesystem9disk_freeEPKc @ 0x84f8e0
CIRCLE: _ZN2AP4rssiEv @ 0x856b20
CIRCLE: _ZNK7AP_RSSI7enabledEv @ 0xb01140
CIRCLE: _ZN7AP_RSSI13get_singletonEv @ 0x857350
CIRCLE: _ZN13AP_CANManager20check_logging_enableEv @ 0x858310
CIRCLE: _ZN7FunctorIvJEE14method_wrapperI13AP_CANManagerXadL_ZNS2_20check_logging_enableEvEEEEvPv @ 0xb01770
CIRCLE: _ZNK13AP_CANManager15CANIface_Params13option_is_setENS0_7OptionsE @ 0xb01820
CIRCLE: _ZN9AP_Logger13Write_MessageEPKc @ 0x862f00
CIRCLE: _ZNK13AP_OADatabase7healthyEv @ 0xb0fa70
CIRCLE: _ZN13AP_OADatabase13get_singletonEv @ 0xb0fcf0
CIRCLE: _ZNK22AP_BattMonitor_Backend13option_is_setEN21AP_BattMonitor_Params7OptionsE @ 0xb13810
CIRCLE: _ZN22AP_BattMonitor_Backend15update_consumedERN14AP_BattMonitor17BattMonitor_StateEj @ 0x87a820
CIRCLE: _ZN22AP_BattMonitor_Backend13calculate_mahEff @ 0xb138a0
CIRCLE: _ZN18AP_Compass_Backend17accumulate_sampleER7Vector3IfEhj @ 0x87cb30
CIRCLE: _ZN18AP_Compass_Backend12rotate_fieldER7Vector3IfEh @ 0x87ccb0
CIRCLE: _ZN18AP_Compass_Backend17publish_raw_fieldERK7Vector3IfEh @ 0x87cda0
CIRCLE: _ZN18AP_Compass_Backend13correct_fieldER7Vector3IfEh @ 0x87ceb0
CIRCLE: _ZN18AP_Compass_Backend8field_okERK7Vector3IfE @ 0x87d2b0
CIRCLE: _ZNK7Compass16get_filter_rangeEv @ 0xb15bc0
CIRCLE: _ZNK16Compass_PerMotor7enabledEv @ 0xb15c20
CIRCLE: _ZN7Compass13_get_priorityE14typesafe_indexIh14TAG_StateIndexE @ 0xb15c90
CIRCLE: _ZN14AP_GPS_Backend15set_alt_amsl_cmERN6AP_GPS9GPS_StateEi @ 0x881980
CIRCLE: _ZN16JitterCorrection31correct_offboard_timestamp_usecEmm @ 0x881b90
CIRCLE: _ZNK14AP_GPS_Backend10option_setEN6AP_GPS13DriverOptionsE @ 0xb18e20
CIRCLE: _ZNK6AP_GPS10option_setENS_13DriverOptionsE @ 0xb18e90
CIRCLE: _ZN6AP_RTC12set_utc_usecEmNS_11source_typeE @ 0x882600
CIRCLE: _ZNK11GCS_MAVLINK14option_enabledENS_6OptionE @ 0xb1b320
CIRCLE: _ZNK16AP_SerialManager9UARTState12get_protocolEv @ 0xb1b3a0
CIRCLE: _ZN2AP8PerfInfo13set_loop_rateEt @ 0x894ca0
CIRCLE: _ZN2AP8PerfInfo5resetEv @ 0x894d60
CIRCLE: _ZN3GCS10send_textvE12MAV_SEVERITYPKcP13__va_list_tagh @ 0x895390
CIRCLE: _ZNK3GCS26min_status_for_gps_healthyEv @ 0xb1bcf0
CIRCLE: _ZL3MINImmEDTqultfp_fp0_fp_fp0_ERKT_RKT0_.6841 @ 0x8958a0
CIRCLE: _ZN11ObjectArrayIN3GCS12statustext_tEE10push_forceERKS1_ @ 0xb1bd40
CIRCLE: _ZN2AP11frsky_telemEv @ 0x895920
CIRCLE: _ZN2AP14spektrum_telemEv @ 0x895960
CIRCLE: _ZN9AP_Notify9send_textEPKc @ 0x8959a0
CIRCLE: _ZN17AP_Spektrum_Telem13get_singletonEv @ 0xb1be80
CIRCLE: _ZN14AP_Frsky_Telem13get_singletonEv @ 0xb1bec0
CIRCLE: _ZNK11ObjectArrayIN3GCS12statustext_tEE5spaceEv @ 0xb1bf00
CIRCLE: _ZN11ObjectArrayIN3GCS12statustext_tEE4pushERKS1_ @ 0xb1bf60
CIRCLE: _ZN6Copter8set_modeEh10ModeReason @ 0x895a40
CIRCLE: _ZNK6Copter29current_mode_requires_missionEv @ 0x895ac0
CIRCLE: _ZNK6Copter17get_wp_distance_mERf @ 0x897390
CIRCLE: _ZNK6Copter18get_wp_bearing_degERf @ 0x897410
CIRCLE: _ZNK6Copter25get_wp_crosstrack_error_mERf @ 0x897490
CIRCLE: _ZN6Copter18fence_checks_asyncEv @ 0x897ea0
CIRCLE: _ZN6AP_HAL15timeout_expiredIjjjEEbT_T0_T1_ @ 0xb1c230
CIRCLE: _ZN8AC_Fence5checkEb @ 0x898050
CIRCLE: _ZN6Copter3gcsEv @ 0xb1c2b0
CIRCLE: _ZNK8AC_Fence23get_auto_disable_fencesEv @ 0x8983b0
CIRCLE: _ZN8AC_Fence19clear_margin_breachEh @ 0x898460
CIRCLE: _ZN8AP_Param15save_io_handlerEv @ 0x899a80
CIRCLE: _ZN7FunctorIvJEE14method_wrapperI8AP_ParamXadL_ZNS2_15save_io_handlerEvEEEEvPv @ 0xb1c490
CIRCLE: _ZN15ObjectBuffer_TSIN8AP_Param10param_saveEE3popERS1_ @ 0xb1c540
CIRCLE: _ZN6Copter18notify_flight_modeEv @ 0x899d20
CIRCLE: _ZN6Copter22update_using_interlockEv @ 0x89b770
CIRCLE: _ZL21failsafe_check_staticv @ 0x89ccf0
CIRCLE: _ZN6Copter8set_modeEN4Mode6NumberE10ModeReason @ 0x8a10b0
CIRCLE: _ZNK15AC_CommandModel11get_rate_tcEv @ 0xb1c920
CIRCLE: _ZN18AC_AttitudeControl15set_yaw_rate_tcEf @ 0xb1c970
CIRCLE: _ZN6Copter16gcs_mode_enabledEN4Mode6NumberE @ 0x8a17a0
CIRCLE: _ZN6Copter18mode_from_mode_numEN4Mode6NumberE @ 0x8a19a0
CIRCLE: _ZN6Copter24get_non_takeoff_throttleEv @ 0x8a1ea0
CIRCLE: _ZN6Copter9exit_modeERP4ModeS2_ @ 0x8a2010
CIRCLE: _ZN7AP_ADSB16set_is_auto_modeEb @ 0xb1c9e0
CIRCLE: _ZNK8AC_Fence10get_actionEv @ 0xb1ca40
CIRCLE: _ZN8AC_Fence21manual_recovery_startEv @ 0x8a2100
CIRCLE: _ZN9AP_Camera16set_is_auto_modeEb @ 0xb1caa0
CIRCLE: _ZN18AC_AttitudeControl22set_roll_pitch_rate_tcEf @ 0xb1cb00
CIRCLE: _ZN4Mode12takeoff_stopEv @ 0xb1cb70
CIRCLE: _ZN4Mode8_TakeOff4stopEv @ 0x8a2260
CIRCLE: _ZNK18AC_AttitudeControl15get_throttle_inEv @ 0xb1cbb0
CIRCLE: _ZN6AC_PID14set_integratorEf @ 0x8a22f0
CIRCLE: _ZL3MAXIifEDTqugtfp_fp0_fp_fp0_ERKT_RKT0_ @ 0x8a23c0
CIRCLE: _Z19inv_sqrt_controllerfff @ 0x8a34e0
CIRCLE: _ZL2sqf.3798 @ 0x8a3720
CIRCLE: _ZNK7Vector2IfE8todoubleEv @ 0xb1cd90
CIRCLE: _ZNK10AP_Vehicle21block_GCS_mode_changeEhPKhh @ 0x8a3930
CIRCLE: _ZN6AC_PID21set_notch_sample_rateEf @ 0x8a47e0
CIRCLE: _ZN6AC_PID12reset_filterEv @ 0xb1d140
CIRCLE: _ZNK12AP_AHRS_View20get_quat_body_to_nedER11QuaternionTIfE @ 0xb1d1a0
CIRCLE: _ZNK18AC_AttitudeControl30thrust_heading_rotation_anglesER11QuaternionTIfERKS1_R7Vector3IfERfS8_ @ 0x8a4c30
CIRCLE: _ZNK12AP_AHRS_View15get_gyro_latestEv @ 0x8a4fc0
CIRCLE: _ZN6AC_PID10update_allEfffbf @ 0x8a5070
CIRCLE: _ZNK6AC_PID16get_filt_T_alphaEf @ 0x8a5680
CIRCLE: _ZNK6AC_PID16get_filt_E_alphaEf @ 0x8a5700
CIRCLE: _ZNK6AC_PID16get_filt_D_alphaEf @ 0x8a5780
CIRCLE: _ZN6AC_PID8update_iEfb @ 0x8a5800
CIRCLE: _ZN11SlewLimiter8modifierEff @ 0x8a5a00
CIRCLE: _ZNK11SlewLimiter13get_slew_rateEv @ 0xb1d460
CIRCLE: _ZNK7AP_AHRS15get_gyro_latestEv @ 0x8a6000
CIRCLE: _ZNK7AP_AHRS22get_primary_gyro_indexEv @ 0xb1d4b0
CIRCLE: _ZNK18AC_AttitudeControl29thrust_vector_rotation_anglesERK11QuaternionTIfES3_RS1_R7Vector3IfERfS8_ @ 0x8a60b0
CIRCLE: _ZNK18AC_AttitudeControl23get_accel_yaw_max_radssEv @ 0xb1d500
CIRCLE: _ZL7radiansf.12163 @ 0x8a64a0
CIRCLE: _ZNK6AC_PID2kPEv @ 0xb1d560
CIRCLE: _ZNK4AC_P2kPEv @ 0xb1d5b0
CIRCLE: _ZL3MINIffEDTqultfp_fp0_fp_fp0_ERKT_RKT0_.12170 @ 0x8a64f0
CIRCLE: _ZL9cd_to_radf.12171 @ 0x8a6580
CIRCLE: _ZNK25HarmonicNotchFilterParams9hasOptionENS_7OptionsE @ 0xb1d8b0
CIRCLE: _ZN17AP_InertialSensor12_gyro_offsetEh @ 0xb1ecf0
CIRCLE: _ZN17AP_InertialSensor12caltemp_gyroEh @ 0xb1ed60
CIRCLE: _ZN22AP_InertialSensor_SITL6updateEv @ 0x8a9240
CIRCLE: _ZN25AP_InertialSensor_Backend10accumulateEv @ 0xb1ee80
CIRCLE: _ZNK25AP_InertialSensor_Backend24get_gyro_backend_rate_hzEv @ 0xb1eff0
CIRCLE: _ZN25AP_InertialSensor_Backend11set_primaryEb @ 0xb1f050
CIRCLE: _ZNK25AP_InertialSensor_Backend21_gyro_raw_sample_rateEh @ 0xb1f0a0
CIRCLE: _ZN22AP_InertialSensor_SITL12timer_updateEv @ 0x8a99c0
CIRCLE: _ZN7FunctorIvJEE14method_wrapperI22AP_InertialSensor_SITLXadL_ZNS2_12timer_updateEvEEEEvPv @ 0xb1f170
CIRCLE: _ZN22AP_InertialSensor_SITL14generate_accelEv @ 0x8a9e90
CIRCLE: _ZN22AP_InertialSensor_SITL13generate_gyroEv @ 0x8aae70
CIRCLE: _ZNK25AP_InertialSensor_Backend20enable_fast_samplingEh @ 0xb1f220
CIRCLE: _ZNK22AP_InertialSensor_SITL10gyro_driftEv @ 0x8ab8d0
CIRCLE: _ZL7radiansd.19050 @ 0x8abad0
CIRCLE: _ZL7radiansf.19051 @ 0x8abb20
CIRCLE: _ZN22AP_InertialSensor_SITL15get_temperatureEv @ 0x8abc00
CIRCLE: _ZNK22AP_InertialSensor_TCal15sitl_apply_gyroEfR7Vector3IfE @ 0x8abda0
CIRCLE: _ZN25AP_InertialSensor_Backend35_notify_new_gyro_sensor_rate_sampleEhRK7Vector3IfE @ 0x8abe80
CIRCLE: _ZN25AP_InertialSensor_Backend24_rotate_and_correct_gyroEhR7Vector3IfE @ 0x8ac080
CIRCLE: _ZN25AP_InertialSensor_Backend27_notify_new_gyro_raw_sampleEhRK7Vector3IfEm @ 0x8ac210
CIRCLE: _ZNK25AP_InertialSensor_Backend15has_been_killedEh @ 0xb1f2b0
CIRCLE: _ZNK25AP_InertialSensor_Backend19_update_sensor_rateERtRjRf @ 0x8ac8b0
CIRCLE: _ZN25AP_InertialSensor_Backend18apply_gyro_filtersEhRK7Vector3IfE @ 0x8aca80
CIRCLE: _ZN25AP_InertialSensor_Backend12log_gyro_rawEhmRK7Vector3IfES3_ @ 0x8aceb0
CIRCLE: _ZN25AP_InertialSensor_Backend14update_primaryEv @ 0x8ad140
CIRCLE: _ZNK17AP_InertialSensor22raw_logging_option_setENS_18RAW_LOGGING_OPTIONE @ 0xb1f330
CIRCLE: _ZNK25AP_InertialSensor_Backend18should_log_imu_rawEv @ 0x8ad220
CIRCLE: _ZNK17AP_InertialSensor12BatchSampler25doing_sensor_rate_loggingEv @ 0xb1f3b0
CIRCLE: _ZNK17AP_InertialSensor12BatchSampler25doing_post_filter_loggingEv @ 0xb1f410
CIRCLE: _ZN17AP_InertialSensor12BatchSampler6sampleEhNS_15IMU_SENSOR_TYPEEmRK7Vector3IfE @ 0x8ad430
CIRCLE: _ZN17AP_InertialSensor12BatchSampler10should_logEhNS_15IMU_SENSOR_TYPEE @ 0x8ad580
CIRCLE: _ZN25AP_InertialSensor_Backend16save_gyro_windowEhRK7Vector3IfEh @ 0x8ad6c0
CIRCLE: _ZN15LowPassFilter2pI7Vector3IfEE5applyERKS1_ @ 0xb1f6f0
CIRCLE: _ZNK17AP_InertialSensor25is_rate_loop_gyro_enabledEh @ 0x8ad980
CIRCLE: _ZN19DigitalBiquadFilterI7Vector3IfEE5applyERKS1_RKNS2_13biquad_paramsE @ 0xb1f950
CIRCLE: _ZNK25AP_InertialSensor_Backend18sensors_convergingEv @ 0x8adbb0
CIRCLE: _ZNK22AP_InertialSensor_TCal12correct_gyroEffR7Vector3IfE @ 0x8adce0
CIRCLE: _ZNK22AP_InertialSensor_TCal14correct_sensorEffPK9AP_ParamVI7Vector3IfEL11ap_var_type5EERS2_ @ 0x8add80
CIRCLE: _ZNK22AP_InertialSensor_TCal15polynomial_evalEfPK9AP_ParamVI7Vector3IfEL11ap_var_type5EE @ 0x8adf90
CIRCLE: _ZNK22AP_InertialSensor_TCal16sitl_apply_accelEfR7Vector3IfE @ 0x8b0f40
CIRCLE: _ZN25AP_InertialSensor_Backend36_notify_new_accel_sensor_rate_sampleEhRK7Vector3IfE @ 0x8b1020
CIRCLE: _ZN25AP_InertialSensor_Backend25_rotate_and_correct_accelEhR7Vector3IfE @ 0x8b1220
CIRCLE: _ZN25AP_InertialSensor_Backend28_notify_new_accel_raw_sampleEhRK7Vector3IfEmb @ 0x8b1440
CIRCLE: _ZN25AP_InertialSensor_Backend20_publish_temperatureEhf @ 0x8b19f0
CIRCLE: _ZN17AP_InertialSensor27calc_vibration_and_clippingEhRK7Vector3IfEf @ 0x8b1a90
CIRCLE: _ZN17AP_InertialSensor19set_accel_peak_holdEhRK7Vector3IfE @ 0x8b1d10
CIRCLE: _ZN25AP_InertialSensor_Backend13log_accel_rawEhmRK7Vector3IfE @ 0x8b1df0
CIRCLE: _ZNK25AP_InertialSensor_Backend14get_clip_limitEv @ 0xb20970
CIRCLE: _ZN13LowPassFilterI7Vector3IfEE5applyERKS1_RKf @ 0xb209c0
CIRCLE: _ZN10DigitalLPFI7Vector3IfEE6_applyERKS1_RKf @ 0xb20a80
CIRCLE: _ZNK22AP_InertialSensor_TCal13correct_accelEffR7Vector3IfE @ 0x8b21d0
CIRCLE: _ZN25AP_InertialSensor_Backend12update_accelEh @ 0x8b2650
CIRCLE: _ZN25AP_InertialSensor_Backend11update_gyroEh @ 0x8b2770
CIRCLE: _ZN25AP_InertialSensor_Backend13_publish_gyroEhRK7Vector3IfE @ 0x8b28d0
CIRCLE: _ZN25AP_InertialSensor_Backend19update_gyro_filtersEh @ 0x8b2a40
CIRCLE: _ZNK25AP_InertialSensor_Backend19_gyro_filter_cutoffEv @ 0xb20d50
CIRCLE: _ZN25AP_InertialSensor_Backend14_publish_accelEhRK7Vector3IfE @ 0x8b2e80
CIRCLE: _ZN25AP_InertialSensor_Backend20update_accel_filtersEh @ 0x8b30b0
CIRCLE: _ZNK25AP_InertialSensor_Backend20_accel_filter_cutoffEv @ 0xb21030
CIRCLE: _ZN11AP_SmartRTL22run_background_cleanupEv @ 0x8b4fc0
CIRCLE: _ZN7FunctorIvJEE14method_wrapperI11AP_SmartRTLXadL_ZNS2_22run_background_cleanupEvEEEEvPv @ 0xb215e0
CIRCLE: _ZN11AP_SmartRTL15routine_cleanupEtt @ 0x8b5290
CIRCLE: _ZN11AP_SmartRTL22detect_simplificationsEv @ 0x8b5460
CIRCLE: _ZN11AP_SmartRTL33remove_points_by_simplify_bitmaskEv @ 0x8b57d0
CIRCLE: _ZN11AP_SmartRTL29restart_pruning_if_new_pointsEv @ 0x8b59b0
CIRCLE: _ZN11AP_SmartRTL12detect_loopsEv @ 0x8b5a20
CIRCLE: _ZN11AP_SmartRTL20segment_segment_distERK7Vector3IfES3_S3_S3_ @ 0x8b6040
CIRCLE: _ZNK7BitmaskILt500EE3getEt @ 0xb21690
CIRCLE: _ZNK7BitmaskILt500EE8validateEt @ 0xb21760
CIRCLE: _ZNK7Vector3IfE19distance_to_segmentERKS0_S2_ @ 0xb217f0
CIRCLE: _ZN7BitmaskILt500EE5clearEt @ 0xb219e0
CIRCLE: _ZNK6AP_HAL6OwnPtrINS_9I2CDeviceEEptEv @ 0xb266d0
CIRCLE: _ZN7AP_Baro6updateEv @ 0x8d4630
CIRCLE: _ZNK7AP_Baro7healthyEv @ 0xb2a740
CIRCLE: _ZN15AP_Baro_Backend14backend_updateEh @ 0x8d4d50
CIRCLE: _ZN7AP_Baro24wind_pressure_correctionEh @ 0x8d4dd0
CIRCLE: _ZNK7AP_Baro15get_last_updateEv @ 0xb2a7a0
CIRCLE: _ZN16DerivativeFilterIfLh7EE6updateEfj @ 0xb2a800
CIRCLE: _ZN7AP_Baro22update_field_elevationEv @ 0x8d5110
CIRCLE: _ZNK7AP_Baro10should_logEv @ 0x8d5390
CIRCLE: _ZN7AP_Baro10Write_BaroEv @ 0x8d5440
CIRCLE: _ZN7AP_Baro19Write_Baro_instanceEmh @ 0x8d54d0
CIRCLE: _ZNK7AP_Baro21get_baro_drift_offsetEv @ 0xb2a8e0
CIRCLE: _ZNK7AP_Baro22get_ground_temperatureEv @ 0x8d56f0
CIRCLE: _ZNK7AP_Baro22get_corrected_pressureEh @ 0xb2a930
CIRCLE: _ZN16FilterWithBufferIfLh7EE5applyEf @ 0xb2aa10
CIRCLE: _ZNK7AP_AHRS20airspeed_vector_trueER7Vector3IfE @ 0x8d5790
CIRCLE: _ZNK7AP_AHRS21get_air_density_ratioEv @ 0x8d5810
CIRCLE: _ZL2sqf.2028 @ 0x8d58d0
CIRCLE: _ZNK7AP_AHRS12get_accel_efEv @ 0xb2e2b0
CIRCLE: _ZNK12NavEKF3_core9getMagXYZER7Vector3IfE @ 0x9019a0
CIRCLE: _ZNK12NavEKF3_core9getMagNEDER7Vector3IfE @ 0x901c20
CIRCLE: _ZNK7Vector2IfEdvEf @ 0xb31c20
CIRCLE: _ZNK7AP_EnumIN13AP_OADatabase11OutputLevelEEcvKS1_Ev @ 0xb33970
CIRCLE: _ZN15AP_Compass_SITL6_timerEv @ 0x9132b0
CIRCLE: _ZN7FunctorIvJEE14method_wrapperI15AP_Compass_SITLXadL_ZNS2_6_timerEvEEEEvPv @ 0xb34230
CIRCLE: _Z10rand_vec3fv @ 0x9137e0
CIRCLE: _ZN7VectorNIN15AP_Compass_SITL16readings_compassELh50EEixEh @ 0xb342e0
CIRCLE: _ZN15AP_Compass_SITL26_setup_eliptical_correcionEh @ 0x913860
CIRCLE: _ZNK18AP_Compass_Backend21get_board_orientationEv @ 0x913a90
CIRCLE: _ZN15AP_Compass_SITL4readEv @ 0x913ae0
CIRCLE: _ZNK14AP_GPS_Backend32supports_mavlink_gps_rtk_messageEv @ 0xb34960
CIRCLE: _ZNK14AP_GPS_Blended7get_lagERf @ 0x914850
CIRCLE: _ZNK14AP_GPS_Blended10is_healthyEv @ 0xb34b20
CIRCLE: _ZN6Copter14failsafe_checkEv @ 0x914f20
CIRCLE: _ZNK12AP_Parachute7enabledEv @ 0xb35060
CIRCLE: _ZN6Copter10read_radioEv @ 0x9158f0
CIRCLE: _ZNK7AP_EnumIN9AP_Motors7PWMTypeEEcvKS1_Ev @ 0xb351d0
CIRCLE: _ZN11RC_Channels10read_inputEv @ 0x9161f0
CIRCLE: _ZN6Copter25set_throttle_and_failsafeEt @ 0x916320
CIRCLE: _ZN6Copter22set_throttle_zero_flagEs @ 0x9164c0
CIRCLE: _ZN6Copter27radio_passthrough_to_motorsEv @ 0x9165e0
CIRCLE: _ZNK11RC_Channels17get_fs_timeout_msEv @ 0xb35220
CIRCLE: _ZL3MAXIfiEDTqugtfp_fp0_fp_fp0_ERKT_RKT0_.1753 @ 0x917340
CIRCLE: _ZNK10RC_Channel22get_control_in_zero_dzEv @ 0x9173e0
CIRCLE: _ZN9AP_Motors21set_radio_passthroughEffff @ 0x917460
CIRCLE: _ZNK10RC_Channel15pwm_to_range_dzEt @ 0x917520
CIRCLE: _ZNK10RC_Channel15pwm_to_angle_dzEt @ 0x9176c0
CIRCLE: _ZNK10RC_Channel20pwm_to_angle_dz_trimEtt @ 0x917750
CIRCLE: _ZN10RC_Channel6updateEv @ 0x9179a0
CIRCLE: _ZN11RC_Channels23rudder_arm_disarm_checkEv @ 0x917b10
CIRCLE: _ZNK10RC_Channel12pwm_to_rangeEv @ 0x917d10
CIRCLE: _ZNK10RC_Channel12pwm_to_angleEv @ 0x917d80
CIRCLE: _ZN12SRV_Channels17enable_aux_servosEv @ 0x917df0
CIRCLE: _ZN20AP_MotorsMulticopter21update_throttle_rangeEv @ 0x918110
CIRCLE: _ZN12SRV_Channels20have_digital_outputsEj @ 0xb353f0
CIRCLE: _ZN6AP_HAL8RCOutput15set_esc_scalingEtt @ 0xb35460
CIRCLE: _ZN10RC_Channel16read_mode_switchEv @ 0x918490
CIRCLE: _ZN10RC_Channel16read_6pos_switchERa @ 0x918510
CIRCLE: _ZN10RC_Channel18debounce_completedEa @ 0x918670
CIRCLE: _ZL7radiansf.12421 @ 0x918da0
CIRCLE: _ZN13AC_PosControl20update_NE_controllerEv @ 0x91b3c0
CIRCLE: _ZNK8AC_WPNav23get_default_speed_NE_msEv @ 0xb35af0
CIRCLE: _ZNK8AC_WPNav23get_default_speed_up_msEv @ 0xb35b50
CIRCLE: _ZNK8AC_WPNav25get_default_speed_down_msEv @ 0xb35bb0
CIRCLE: _ZNK13AC_PosControl8get_dt_sEv @ 0xb35c20
CIRCLE: _ZNK13AC_PosControl22get_pos_estimate_NEU_mEv @ 0xb35da0
CIRCLE: _ZNK13AC_PosControl22get_vel_desired_NEU_msEv @ 0xb35df0
CIRCLE: _ZNK13AC_PosControl23get_vel_estimate_NEU_msEv @ 0xb35f50
CIRCLE: _Z16update_vel_accelRfffff @ 0x91ca70
CIRCLE: _ZNK8AC_WPNav23get_wp_acceleration_mssEv @ 0xb35fa0
CIRCLE: _Z15shape_vel_accelfffRfffffb @ 0x91cbd0
CIRCLE: _Z15sqrt_controllerffff @ 0x91fff0
CIRCLE: _Z11shape_accelfRfff @ 0x9202d0
CIRCLE: _ZNK7AC_P_2D9get_errorEv @ 0xb36300
CIRCLE: _ZNK7AC_P_1D9get_errorEv @ 0xb36350
CIRCLE: _ZNK13AC_PosControl19get_max_speed_up_msEv @ 0xb363a0
CIRCLE: _ZNK13AC_PosControl19get_max_accel_U_mssEv @ 0xb363f0
CIRCLE: _ZN13AC_PosControl23set_max_speed_accel_U_mEfff @ 0x920470
CIRCLE: _ZNK13AC_PosControl19get_max_speed_NE_msEv @ 0xb36440
CIRCLE: _ZNK13AC_PosControl21get_max_speed_down_msEv @ 0xb36490
CIRCLE: _ZNK8AC_WPNav15get_accel_U_mssEv @ 0xb364e0
CIRCLE: _ZN6AC_PID9filt_T_hzEv @ 0xb36540
CIRCLE: _ZL3MINIffEDTqultfp_fp0_fp_fp0_ERKT_RKT0_.12234 @ 0x9253a0
CIRCLE: _ZN6AC_PID9filt_E_hzEv @ 0xb36590
CIRCLE: _ZN13AC_PosControl24set_max_speed_accel_NE_mEff @ 0x925430
CIRCLE: _ZN13AC_PosControl31set_correction_speed_accel_NE_mEff @ 0x925630
CIRCLE: _ZN7AC_P_2D10set_limitsEfff @ 0x9256b0
CIRCLE: _ZL3MINIffEDTqultfp_fp0_fp_fp0_ERKT_RKT0_.20551 @ 0x925850
CIRCLE: _ZNK18AC_AttitudeControl25get_ang_vel_roll_max_radsEv @ 0xb365e0
CIRCLE: _ZNK18AC_AttitudeControl26get_ang_vel_pitch_max_radsEv @ 0xb36640
CIRCLE: _ZNK18AC_AttitudeControl24get_accel_roll_max_radssEv @ 0xb366a0
CIRCLE: _ZNK18AC_AttitudeControl25get_accel_pitch_max_radssEv @ 0xb36700
CIRCLE: _ZN18AC_AttitudeControl18get_bf_feedforwardEv @ 0xb36760
CIRCLE: _ZL9cd_to_radf.1210 @ 0x9258e0
CIRCLE: _ZN13AC_PosControl19handle_ekf_NE_resetEv @ 0x925930
CIRCLE: _ZN13AC_PosControl18init_NE_controllerEv @ 0x925b40
CIRCLE: _ZNK7AP_AHRS16getControlLimitsERfS0_ @ 0x925f10
CIRCLE: _ZN13AC_PosControl17update_offsets_NEEv @ 0x926040
CIRCLE: _ZN7AC_P_2D10update_allER7Vector2IdERKS1_ @ 0x926340
CIRCLE: _ZN9AC_PID_2D10update_allERK7Vector2IfES3_fS3_ @ 0x9264a0
CIRCLE: _ZNK13AC_PosControl22get_lean_angle_max_radEv @ 0x9269e0
CIRCLE: _Z22angle_rad_to_accel_mssf @ 0x926ab0
CIRCLE: _Z14limit_accel_xyRK7Vector2IfERS0_f @ 0x926b10
CIRCLE: _ZNK13AC_PosControl31accel_NE_mss_to_lean_angles_radEffRfS0_ @ 0x926d10
CIRCLE: _ZN13AC_PosControl26calculate_yaw_and_rate_yawEv @ 0x926ea0
CIRCLE: _ZNK18AC_AttitudeControl24get_att_target_euler_radEv @ 0xb367d0
CIRCLE: _ZNK12AP_AHRS_View7cos_yawEv @ 0xb36820
CIRCLE: _ZNK12AP_AHRS_View7sin_yawEv @ 0xb36870
CIRCLE: _Z22accel_mss_to_angle_radf @ 0x9270c0
CIRCLE: _ZN7Vector2IfE12limit_lengthEf @ 0xb368c0
CIRCLE: _ZNK7Vector2IfE10normalizedEv @ 0xb36990
CIRCLE: _ZNK18AC_AttitudeControl18lean_angle_max_radEv @ 0xb369f0
CIRCLE: _ZNK9AC_PID_2D16get_filt_E_alphaEf @ 0x927170
CIRCLE: _ZNK9AC_PID_2D16get_filt_D_alphaEf @ 0x9271f0
CIRCLE: _ZN9AC_PID_2D8update_iEfRK7Vector2IfE @ 0x927270
CIRCLE: _Z15sqrt_controllerRK7Vector2IfEfff @ 0x9273e0
CIRCLE: _Z23update_pos_vel_accel_xyR7Vector2IdERS_IfERKS2_fS5_S5_S5_ @ 0x9274c0
CIRCLE: _ZNK9AC_PID_2D9get_errorEv @ 0xb36a50
CIRCLE: _Z22shape_pos_vel_accel_xyRK7Vector2IdERKS_IfES5_S2_S5_RS3_ffffb @ 0x927670
CIRCLE: _Z18shape_vel_accel_xyRK7Vector2IfES2_S2_RS0_fffb @ 0x927900
CIRCLE: _Z14shape_accel_xyRK7Vector2IfERS0_ff @ 0x927c60
CIRCLE: _Z19update_vel_accel_xyR7Vector2IfERKS0_fS3_S3_ @ 0x927d70
CIRCLE: _ZNK7NavEKF319getEkfControlLimitsERfS0_ @ 0x928000
CIRCLE: _ZNK12NavEKF3_core19getEkfControlLimitsERfS0_ @ 0x928160
CIRCLE: _ZN13AC_PosControl15init_offsets_NEEv @ 0x928760
CIRCLE: _ZNK13AC_PosControl27lean_angles_to_accel_NE_mssERfS0_ @ 0x9288c0
CIRCLE: _ZN9AC_PID_2D12reset_filterEv @ 0xb36aa0
CIRCLE: _ZN9AC_PID_2D2ffEv @ 0xb36af0
CIRCLE: _ZN9AC_PID_2D14set_integratorERK7Vector2IfE @ 0x928990
CIRCLE: _ZN13AC_PosControl17init_ekf_NE_resetEv @ 0x928a20
CIRCLE: _ZN12AP_AHRS_View24getLastPosNorthEastResetER7Vector2IfE @ 0xb36b40
CIRCLE: _ZN7AP_AHRS24getLastPosNorthEastResetER7Vector2IfE @ 0x928a90
CIRCLE: _ZN7NavEKF324getLastPosNorthEastResetER7Vector2IfE @ 0x928ce0
CIRCLE: _ZNK13AC_PosControl32lean_angles_rad_to_accel_NEU_mssERK7Vector3IfE @ 0x928e30
CIRCLE: _ZL3MAXIffEDTqugtfp_fp0_fp_fp0_ERKT_RKT0_.12242 @ 0x929010
CIRCLE: _ZN13AC_PosControl24calculate_overspeed_gainEv @ 0x929090
CIRCLE: _ZNK12AC_PID_Basic9get_errorEv @ 0xb36c10
CIRCLE: _Z20update_pos_vel_accelRdRffffff @ 0x9291a0
CIRCLE: _Z19shape_pos_vel_acceldffdfRfffffffb @ 0x929300
CIRCLE: _Z15get_bearing_radRK7Vector2IfES2_ @ 0x929de0
CIRCLE: _ZN13AC_PosControl20init_pos_terrain_U_mEf @ 0x92a870
CIRCLE: _ZN13AC_PosControl30set_correction_speed_accel_U_mEfff @ 0x92abd0
CIRCLE: _ZN7AC_P_1D10set_limitsEffff @ 0x92af30
CIRCLE: _ZN13AC_PosControl17init_U_controllerEv @ 0x92b1d0
CIRCLE: _ZN13AC_PosControl12init_terrainEv @ 0x92b440
CIRCLE: _ZN13AC_PosControl14init_offsets_UEv @ 0x92b4b0
CIRCLE: _ZN12AC_PID_Basic12reset_filterEv @ 0xb36e60
CIRCLE: _ZN12AC_PID_Basic14set_integratorEf @ 0x92b570
CIRCLE: _ZNK13AC_PosControl24get_measured_accel_U_mssEv @ 0xb36eb0
CIRCLE: _ZN13AC_PosControl16init_ekf_U_resetEv @ 0x92b620
CIRCLE: _ZN12AP_AHRS_View19getLastPosDownResetERf @ 0xb36f20
CIRCLE: _ZN7AP_AHRS19getLastPosDownResetERf @ 0x92b690
CIRCLE: _ZN7NavEKF319getLastPosDownResetERf @ 0x92b8d0
CIRCLE: _ZNK12AP_AHRS_View12get_accel_efEv @ 0xb36ff0
CIRCLE: _ZNK8AC_WPNav26get_default_speed_down_cmsEv @ 0xb37160
CIRCLE: _ZN24AC_AttitudeControl_Multi17get_rate_roll_pidEv @ 0xb37720
CIRCLE: _ZN24AC_AttitudeControl_Multi18get_rate_pitch_pidEv @ 0xb37770
CIRCLE: _ZN24AC_AttitudeControl_Multi16get_rate_yaw_pidEv @ 0xb377c0
CIRCLE: _ZNK24AC_AttitudeControl_Multi16get_rate_yaw_pidEv @ 0xb378b0
CIRCLE: _ZN18AC_AttitudeControl47input_euler_angle_roll_pitch_euler_rate_yaw_radEfff @ 0x92d0e0
CIRCLE: _ZN18AC_AttitudeControl31input_thrust_vector_heading_radERK7Vector3IfEff @ 0x92ef40
CIRCLE: _ZN24AC_AttitudeControl_Multi19rate_controller_runEv @ 0x92f3b0
CIRCLE: _ZN24AC_AttitudeControl_Multi28rate_controller_target_resetEv @ 0x92f440
CIRCLE: _ZN24AC_AttitudeControl_Multi22rate_controller_run_dtERK7Vector3IfEf @ 0x92f4d0
CIRCLE: _ZN24AC_AttitudeControl_Multi29update_althold_lean_angle_maxEf @ 0x92f780
CIRCLE: _ZN24AC_AttitudeControl_Multi16set_throttle_outEfbf @ 0x92f8c0
CIRCLE: _ZNK18AC_AttitudeControl30get_althold_lean_angle_max_radEv @ 0x92f9f0
CIRCLE: _ZN24AC_AttitudeControl_Multi21set_notch_sample_rateEf @ 0x92fd00
CIRCLE: _ZNK24AC_AttitudeControl_Multi19is_throttle_mix_minEv @ 0xb37a60
CIRCLE: _ZN24AC_AttitudeControl_Multi20set_throttle_mix_minEv @ 0xb37af0
CIRCLE: _ZN24AC_AttitudeControl_Multi20set_throttle_mix_maxEf @ 0x92fda0
CIRCLE: _ZN18AC_AttitudeControl16get_roll_trim_cdEv @ 0xb37da0
CIRCLE: _ZL3MAXIffEDTqugtfp_fp0_fp_fp0_ERKT_RKT0_.12164 @ 0x92fe90
CIRCLE: _ZN9AP_Motors26set_throttle_filter_cutoffEf @ 0xb37f00
CIRCLE: _ZN24AC_AttitudeControl_Multi20get_throttle_boostedEf @ 0x92ff10
CIRCLE: _ZN9AP_Motors12set_throttleEf @ 0xb37f70
CIRCLE: _ZL3MAXIffEDTqugtfp_fp0_fp_fp0_ERKT_RKT0_.12079 @ 0x9300b0
CIRCLE: _ZN24AC_AttitudeControl_Multi20get_throttle_avg_maxEf @ 0x930130
CIRCLE: _ZN9AP_Motors20set_throttle_avg_maxEf @ 0xb37fd0
CIRCLE: _ZNK12AP_AHRS_View9cos_pitchEv @ 0xb38050
CIRCLE: _ZNK12AP_AHRS_View8cos_rollEv @ 0xb380a0
CIRCLE: _ZNK20AP_MotorsMulticopter23get_throttle_thrust_maxEv @ 0xb380f0
CIRCLE: _ZN24AC_AttitudeControl_Multi26update_throttle_gain_boostEv @ 0x930230
CIRCLE: _ZN24AC_AttitudeControl_Multi23update_throttle_rpy_mixEv @ 0x9303b0
CIRCLE: _ZN9AP_Motors8set_rollEf @ 0xb38140
CIRCLE: _ZNK6AC_PID6get_ffEv @ 0x9305f0
CIRCLE: _ZN9AP_Motors11set_roll_ffEf @ 0xb381a0
CIRCLE: _ZN9AP_Motors9set_pitchEf @ 0xb38200
CIRCLE: _ZN9AP_Motors12set_pitch_ffEf @ 0xb38260
CIRCLE: _ZN9AP_Motors7set_yawEf @ 0xb382c0
CIRCLE: _ZN9AP_Motors10set_yaw_ffEf @ 0xb38320
CIRCLE: _ZL3MINIffEDTqultfp_fp0_fp_fp0_ERKT_RKT0_.12080 @ 0x930650
CIRCLE: _ZNK9AP_Motors16get_throttle_outEv @ 0xb38380
CIRCLE: _ZNK9AP_Motors22get_throttle_slew_rateEv @ 0xb383d0
CIRCLE: _ZN18AC_AttitudeControl17set_PD_scale_multERK7Vector3IfE @ 0xb38420
CIRCLE: _ZN18AC_AttitudeControl22set_angle_P_scale_multERK7Vector3IfE @ 0xb38490
CIRCLE: _ZNK18AC_AttitudeControl21get_slew_yaw_max_radsEv @ 0x9306e0
CIRCLE: _ZN18AC_AttitudeControl22update_attitude_targetEv @ 0x930730
CIRCLE: _ZNK11QuaternionTIfE8to_eulerER7Vector3IfE @ 0xb38500
CIRCLE: _ZNK18AC_AttitudeControl27attitude_from_thrust_vectorE7Vector3IfEf @ 0x930800
CIRCLE: _ZN18AC_AttitudeControl19input_shaping_angleEfffff @ 0xb38580
CIRCLE: _ZN18AC_AttitudeControl19input_shaping_angleEfffffff @ 0x930a50
CIRCLE: _ZNK18AC_AttitudeControl13ang_vel_limitER7Vector3IfEfff @ 0x930bb0
CIRCLE: _ZN18AC_AttitudeControl21ang_vel_to_euler_rateERK11QuaternionTIfERK7Vector3IfERS5_ @ 0x930db0
CIRCLE: _ZN18AC_AttitudeControl28attitude_controller_run_quatEv @ 0x930f50
CIRCLE: _ZN18AC_AttitudeControl36update_ang_vel_target_from_att_errorERK7Vector3IfE @ 0x9313f0
CIRCLE: _ZNK18AC_AttitudeControl15get_latest_gyroEv @ 0x931800
CIRCLE: _ZN18AC_AttitudeControl21input_shaping_ang_velEfffff @ 0x931870
CIRCLE: _ZNK18AC_AttitudeControl21get_slew_yaw_max_degsEv @ 0x9319f0
CIRCLE: _ZN18AC_AttitudeControl17euler_accel_limitERK11QuaternionTIfERK7Vector3IfE @ 0x931b50
CIRCLE: _ZN18AC_AttitudeControl21euler_rate_to_ang_velERK11QuaternionTIfERK7Vector3IfERS5_ @ 0x931e70
CIRCLE: _ZN18AC_AttitudeControl17get_roll_trim_radEv @ 0xb38630
CIRCLE: _ZL9cd_to_radf @ 0x931fd0
CIRCLE: _ZNK20AP_MotorsMulticopter13arming_checksEmPc @ 0x933020
CIRCLE: _ZNK20AP_MotorsMulticopter18get_throttle_hoverEv @ 0xb38d60
CIRCLE: _ZN15AP_MotorsMatrix24set_frame_class_and_typeEN9AP_Motors17motor_frame_classENS0_16motor_frame_typeE @ 0x933640
CIRCLE: _ZN20AP_MotorsMulticopter6outputEv @ 0x933720
CIRCLE: _ZN15AP_MotorsMatrix14get_motor_maskEv @ 0x933870
CIRCLE: _ZN9AP_Motors8rc_writeEht @ 0x933940
CIRCLE: _ZN20AP_MotorsMulticopter9Log_WriteEv @ 0x933a00
CIRCLE: _ZN15AP_MotorsMatrix24output_armed_stabilizingEv @ 0x933b00
CIRCLE: _ZN20AP_MotorsMulticopter22update_throttle_filterEv @ 0x934840
CIRCLE: _ZN20AP_MotorsMulticopter30get_current_limit_max_throttleEv @ 0x934ed0
CIRCLE: _ZN20AP_MotorsMulticopter21output_boost_throttleEv @ 0x935150
CIRCLE: _ZN20AP_MotorsMulticopter11output_rpytEv @ 0x935230
CIRCLE: _ZL3MAXIffEDTqugtfp_fp0_fp_fp0_ERKT_RKT0_.12661 @ 0x9367a0
CIRCLE: _ZNK20Thrust_Linearization17get_battery_indexEv @ 0xb39160
CIRCLE: _ZN15AP_MotorsMatrix16output_to_motorsEv @ 0x936c60
CIRCLE: _ZNK20AP_MotorsMulticopter18motor_enabled_maskEh @ 0xb39220
CIRCLE: _ZN20AP_MotorsMulticopter22set_actuator_with_slewERff @ 0x936f70
CIRCLE: _ZNK20Thrust_Linearization18thrust_to_actuatorEf @ 0x937130
CIRCLE: _ZN20AP_MotorsMulticopter13output_to_pwmEf @ 0x937210
CIRCLE: _ZNK20Thrust_Linearization35apply_thrust_curve_and_volt_scalingEf @ 0x937330
CIRCLE: _ZNK20Thrust_Linearization12get_spin_minEv @ 0xb392d0
CIRCLE: _ZNK9AP_Motors30motor_mask_to_srv_channel_maskEj @ 0x9374e0
CIRCLE: _ZNK20Thrust_Linearization21get_compensation_gainEv @ 0x9375b0
CIRCLE: _ZNK15AP_MotorsMatrix11boost_ratioEff @ 0x9376c0
CIRCLE: _ZL3MINIffEDTqultfp_fp0_fp_fp0_ERKT_RKT0_.12687 @ 0x937750
CIRCLE: _ZN15AP_MotorsMatrix22check_for_failed_motorEf @ 0x9377e0
CIRCLE: _ZNK20Thrust_Linearization12get_lift_maxEv @ 0xb39380
CIRCLE: _ZN20AP_MotorsMulticopter14get_motor_maskEv @ 0x937ab0
CIRCLE: _ZN9AP_Motors23set_desired_spool_stateENS_17DesiredSpoolStateE @ 0x937b00
CIRCLE: _ZN20Thrust_Linearization33update_lift_max_from_batt_voltageEv @ 0x937b80
CIRCLE: _ZN20AP_MotorsMulticopter12output_logicEv @ 0x937f20
CIRCLE: _ZN20AP_MotorsMulticopter22update_external_limitsEv @ 0x938910
CIRCLE: _ZL3MAXIffEDTqugtfp_fp0_fp_fp0_ERKT_RKT0_.12752 @ 0x938ad0
CIRCLE: _ZN9AP_Motors10has_optionENS_12MotorOptionsE @ 0xb39430
CIRCLE: _ZNK9AP_ParamTIfL11ap_var_type4EEgeERKS1_ @ 0xb394b0
CIRCLE: _ZL3MAXI9AP_ParamTIfL11ap_var_type4EEfEDTqugtfp_fp0_fp_fp0_ERKT_RKT0_.12812 @ 0x938b50
CIRCLE: _ZNK9AP_Motors8get_dt_sEv @ 0xb39520
CIRCLE: _ZNK9AP_Motors13arming_checksEmPc @ 0x938e70
CIRCLE: _ZNK20AP_MotorsMulticopter20check_mot_pwm_paramsEv @ 0x938f30
CIRCLE: _ZN15AP_MotorsMatrix19thrust_compensationEv @ 0x939f50
CIRCLE: _ZNK7FunctorIvJPfhEEcvbEv @ 0xb39680
CIRCLE: _ZN15AP_Baro_Backend17_copy_to_frontendEhff @ 0x942bf0
CIRCLE: _ZN12AP_Baro_SITL6_timerEv @ 0x943e80
CIRCLE: _ZN7FunctorIvJEE14method_wrapperI12AP_Baro_SITLXadL_ZNS2_6_timerEvEEEEvPv @ 0xb3b9a0
CIRCLE: _ZN7VectorNIN12AP_Baro_SITL13readings_baroELh50EEixEh @ 0xb3ba50
CIRCLE: _ZN12AP_Baro_SITL22temperature_adjustmentERfS0_ @ 0x944270
CIRCLE: _ZN12AP_Baro_SITL24wind_pressure_correctionEh @ 0x944460
CIRCLE: _ZL2sqf.2279 @ 0x944670
CIRCLE: _ZN7AP_Baro22_get_air_density_ratioEv @ 0x9446c0
CIRCLE: _ZL2sqf.2258 @ 0x944760
CIRCLE: _ZN12AP_Baro_SITL6updateEv @ 0x944850
CIRCLE: _ZN12AP_Baro_SITL19update_healthy_flagEh @ 0xb3bb60
CIRCLE: _ZN12AP_Baro_SITL7healthyEh @ 0x944900
CIRCLE: _ZNK22AP_BattMonitor_Backend17has_cell_voltagesEv @ 0xb3c270
CIRCLE: _ZNK22AP_BattMonitor_Backend15has_temperatureEv @ 0xb3c2c0
CIRCLE: _ZNK22AP_BattMonitor_Backend15get_temperatureERf @ 0x945110
CIRCLE: _ZNK22AP_BattMonitor_Backend22capacity_remaining_pctERh @ 0x9451d0
CIRCLE: _ZN22AP_BattMonitor_Backend26update_resistance_estimateEv @ 0x945350
CIRCLE: _ZN22AP_BattMonitor_Backend16update_failsafesEv @ 0x9456a0
CIRCLE: _ZNK22AP_BattMonitor_Backend25get_mavlink_fault_bitmaskEv @ 0xb3c370
CIRCLE: _ZL3MINIifEDTqultfp_fp0_fp_fp0_ERKT_RKT0_.18692 @ 0x9459c0
CIRCLE: _ZN21AP_BattMonitor_Analog4readEv @ 0x947660
CIRCLE: _ZNK21AP_BattMonitor_Analog19has_consumed_energyEv @ 0xb3d060
CIRCLE: _ZNK21AP_BattMonitor_Analog11has_currentEv @ 0x947860
CIRCLE: _ZN9AP_Notify19set_flight_mode_strEPKc @ 0x94de70
CIRCLE: _ZN6RGBLed6updateEv @ 0x953ac0
CIRCLE: _ZN10IS31FL319510hw_set_rgbEhhh @ 0x953e50
CIRCLE: _ZN6RGBLed8_set_rgbEhhh @ 0x953ef0
CIRCLE: _ZNK6RGBLed10rgb_sourceEv @ 0x954000
CIRCLE: _ZNK6RGBLed19get_colour_sequenceEv @ 0x954260
CIRCLE: _ZNK6RGBLed14get_brightnessEv @ 0x954650
CIRCLE: _ZN6RGBLed7set_rgbEhhh @ 0x954750
CIRCLE: _ZN10IS31FL31956_timerEv @ 0x954810
CIRCLE: _ZN7FunctorIvJEE14method_wrapperI10IS31FL3195XadL_ZNS2_6_timerEvEEEEvPv @ 0xb40710
CIRCLE: _ZN6LP556210hw_set_rgbEhhh @ 0x954d00
CIRCLE: _ZN6LP55626_timerEv @ 0x954da0
CIRCLE: _ZN7FunctorIvJEE14method_wrapperI6LP5562XadL_ZNS2_6_timerEvEEEEvPv @ 0xb40a80
CIRCLE: _ZN14ToshibaLED_I2C10hw_set_rgbEhhh @ 0x956b20
CIRCLE: _ZN14ToshibaLED_I2C6_timerEv @ 0x956bd0
CIRCLE: _ZN7FunctorIvJEE14method_wrapperI14ToshibaLED_I2CXadL_ZNS2_6_timerEvEEEEvPv @ 0xb41790
CIRCLE: _ZN4Mode4exitEv @ 0xb41ca0
CIRCLE: _ZNK10ModeGuided19has_manual_throttleEv @ 0xb41d40
CIRCLE: _ZNK10ModeGuided12is_autopilotEv @ 0xb41d90
CIRCLE: _ZNK4Mode13logs_attitudeEv @ 0xb41e90
CIRCLE: _ZNK4Mode19crash_check_enabledEv @ 0xb42020
CIRCLE: _ZNK4Mode10is_landingEv @ 0xb421b0
CIRCLE: _ZN4Mode16output_to_motorsEv @ 0x9596d0
CIRCLE: _ZN4Mode7AutoYaw8set_modeENS0_4ModeE @ 0x959ad0
CIRCLE: _ZNK13AC_PosControl23get_pos_estimate_NEU_cmEv @ 0xb422e0
CIRCLE: _ZNK4Mode21is_disarmed_or_landedEv @ 0x959d30
CIRCLE: _ZNK6Copter38get_rangefinder_height_interpolated_cmERi @ 0x959e50
CIRCLE: _ZNK18AP_SurfaceDistance38get_rangefinder_height_interpolated_cmERi @ 0x959ec0
CIRCLE: _ZNK18AP_SurfaceDistance19enabled_and_healthyEv @ 0x959fc0
CIRCLE: _ZNK8AC_WPNav24get_default_speed_up_cmsEv @ 0xb42350
CIRCLE: _ZNK8AC_WPNav16get_accel_U_cmssEv @ 0xb423b0
CIRCLE: _ZN13AC_PosControl24set_max_speed_accel_U_cmEfff @ 0x95a030
CIRCLE: _ZN13AC_PosControl31set_correction_speed_accel_U_cmEfff @ 0x95a0e0
CIRCLE: _ZNK8AC_WPNav24get_wp_acceleration_cmssEv @ 0xb42410
CIRCLE: _ZN13AC_PosControl25set_max_speed_accel_NE_cmEff @ 0x95a190
CIRCLE: _ZN13AC_PosControl32set_correction_speed_accel_NE_cmEff @ 0x95a220
CIRCLE: _ZNK13AC_PosControl18get_pos_error_NE_mEv @ 0xb42520
CIRCLE: _ZNK13AC_PosControl25get_bearing_to_target_radEv @ 0x95a4a0
CIRCLE: _ZN4Mode36get_avoidance_adjusted_climbrate_cmsEf @ 0x95be20
CIRCLE: _ZN4Mode25make_safe_ground_handlingEb @ 0x95c050
CIRCLE: _ZN13AC_PosControl19update_U_controllerEv @ 0x95c3a0
CIRCLE: _ZN13AC_PosControl18handle_ekf_U_resetEv @ 0x95c8b0
CIRCLE: _ZN13AC_PosControl16update_offsets_UEv @ 0x95ca00
CIRCLE: _ZN13AC_PosControl14update_terrainEv @ 0x95ccf0
CIRCLE: _ZN7AC_P_1D10update_allERff @ 0x95cf10
CIRCLE: _ZNK7AP_AHRS16getControlScaleZEv @ 0x95d070
CIRCLE: _ZN12AC_PID_Basic10update_allEfffbb @ 0x95d0f0
CIRCLE: _ZNK6AC_PID4imaxEv @ 0xb42630
CIRCLE: _ZNK12AC_PID_Basic16get_filt_E_alphaEf @ 0x95d710
CIRCLE: _ZNK12AC_PID_Basic16get_filt_D_alphaEf @ 0x95d790
CIRCLE: _ZN12AC_PID_Basic8update_iEfbb @ 0x95d810
CIRCLE: _ZN13AC_PosControl34set_pos_target_U_from_climb_rate_mEf @ 0x95d970
CIRCLE: _ZN13AC_PosControl19input_vel_accel_U_mERffb @ 0x95d9e0
CIRCLE: _ZN18AC_AttitudeControl38reset_rate_controller_I_terms_smoothlyEv @ 0x95dc00
CIRCLE: _ZN18AC_AttitudeControl25reset_yaw_target_and_rateEb @ 0x95dcd0
CIRCLE: _ZN13AC_PosControl28relax_velocity_controller_NEEv @ 0x95de10
CIRCLE: _ZN13AC_PosControl18relax_U_controllerEf @ 0x95dee0
CIRCLE: _ZN6AC_PID16relax_integratorEfff @ 0x95dfc0
CIRCLE: _ZNK13AC_PosControl20get_max_accel_U_cmssEv @ 0xb42710
CIRCLE: _ZN8AC_Avoid17adjust_velocity_zEffRff @ 0x95e0f0
CIRCLE: _ZN8AC_Avoid17adjust_velocity_zEffRfS0_f @ 0x95e200
CIRCLE: _ZL3MINIffEDTqultfp_fp0_fp_fp0_ERKT_RKT0_.8997 @ 0x95e7f0
CIRCLE: _ZNK7AP_AHRS18get_hgt_ctrl_limitERf @ 0x95e900
CIRCLE: _ZNK12AP_Proximity19get_upward_distanceERf @ 0x95ea00
CIRCLE: _ZNK7NavEKF321getHeightControlLimitERf @ 0x95ed00
CIRCLE: _ZNK12NavEKF3_core21getHeightControlLimitERf @ 0x95eda0
CIRCLE: _ZNK4Mode7AutoYaw4modeEv @ 0xb42830
CIRCLE: _ZNK13AC_PosControl23get_vel_desired_NEU_cmsEv @ 0xb428f0
CIRCLE: _ZNK13AC_PosControl17get_thrust_vectorEv @ 0x95f630
CIRCLE: _ZN4Mode7AutoYaw11get_headingEv @ 0x95f6a0
CIRCLE: _ZN18AC_AttitudeControl27input_thrust_vector_headingERK7Vector3IfENS_14HeadingCommandE @ 0x95f870
CIRCLE: _ZNK4Mode31get_pilot_desired_yaw_rate_radsEv @ 0x95f990
CIRCLE: _ZN4Mode7AutoYaw18update_weathervaneEf @ 0x95fa80
CIRCLE: _ZN4Mode7AutoYaw7yaw_radEv @ 0x95fca0
CIRCLE: _ZN4Mode7AutoYaw9rate_radsEv @ 0x95fec0
CIRCLE: _ZNK9AC_Circle9is_activeEv @ 0x960140
CIRCLE: _ZNK9AC_Circle11get_yaw_radEv @ 0xb429d0
CIRCLE: _ZN4Mode7AutoYaw19set_mode_to_defaultEb @ 0x960f70
CIRCLE: _ZNK4Mode7AutoYaw12default_modeEb @ 0x960ff0
CIRCLE: _ZNK15AC_CommandModel8get_rateEv @ 0xb42b30
CIRCLE: _ZL7radiansf.1204 @ 0x9611a0
CIRCLE: _ZNK15AC_CommandModel8get_expoEv @ 0xb42b90
CIRCLE: _Z10input_expoff @ 0x9611f0
CIRCLE: _ZNK13AC_PosControl24get_accel_target_NEU_mssEv @ 0xb42bf0
CIRCLE: _ZN13AC_PosControl24input_pos_vel_accel_NE_mER7Vector2IdERS0_IfERKS3_b @ 0x961660
CIRCLE: _ZNK13AC_PosControl21get_pos_desired_NEU_mEv @ 0xb42c40
CIRCLE: _ZNK13AC_PosControl20get_max_accel_NE_mssEv @ 0xb436e0
CIRCLE: _ZN6Copter27failsafe_terrain_set_statusEb @ 0x967680
CIRCLE: _ZNK13AC_PosControl19get_pos_desired_U_mEv @ 0xb43850
CIRCLE: _ZN10ModeGuided4initEb @ 0x968280
CIRCLE: _ZN10ModeGuided22velaccel_control_startEv @ 0x968310
CIRCLE: _ZN10ModeGuided17pva_control_startEv @ 0x968370
CIRCLE: _ZNK8AC_WPNav24get_default_speed_NE_cmsEv @ 0xb438b0
CIRCLE: _ZNK10ModeGuided11mode_numberEv @ 0xb43910
CIRCLE: _ZNK10ModeGuided5name4Ev @ 0xb439b0
CIRCLE: _ZNK4Mode16has_user_takeoffEb @ 0xb43a60
CIRCLE: _ZNK4Mode13is_taking_offEv @ 0x968690
CIRCLE: _ZNK4Mode6get_wpER8Location @ 0xb43bb0
CIRCLE: _ZNK4Mode18crosstrack_error_mEv @ 0xb43cb0
CIRCLE: _ZNK4Mode13use_pilot_yawEv @ 0xb43e20
CIRCLE: _ZNK4Mode20allows_weathervaningEv @ 0xb43f10
CIRCLE: _ZNK9AC_Circle13get_radius_cmEv @ 0xb43fc0
CIRCLE: _ZNK9AC_Circle12get_radius_mEv @ 0xb44020
CIRCLE: _ZN13AC_PosControl21init_pos_terrain_U_cmEf @ 0x96a640
CIRCLE: _ZN7FunctorIvJEE14method_wrapperI17AP_InertialSensorXadL_ZNS2_6updateEvEEEEvPv @ 0xb44240
CIRCLE: _ZN7FunctorIvJEE14method_wrapperI6CopterXadL_ZNS2_24run_rate_controller_mainEvEEEEvPv @ 0xb442f0
CIRCLE: _ZN7FunctorIvJEE14method_wrapperI6CopterXadL_ZNS2_21run_custom_controllerEvEEEEvPv @ 0xb443a0
CIRCLE: _ZN7FunctorIvJEE14method_wrapperI6CopterXadL_ZNS2_18motors_output_mainEvEEEEvPv @ 0xb44450
CIRCLE: _ZN7FunctorIvJEE14method_wrapperI6CopterXadL_ZNS2_9read_AHRSEvEEEEvPv @ 0xb44500
CIRCLE: _ZN7FunctorIvJEE14method_wrapperI6CopterXadL_ZNS2_12read_inertiaEvEEEEvPv @ 0xb445b0
CIRCLE: _ZN7FunctorIvJEE14method_wrapperI6CopterXadL_ZNS2_15check_ekf_resetEvEEEEvPv @ 0xb44660
CIRCLE: _ZN7FunctorIvJEE14method_wrapperI6CopterXadL_ZNS2_18update_flight_modeEvEEEEvPv @ 0xb44710
CIRCLE: _ZN7FunctorIvJEE14method_wrapperI6CopterXadL_ZNS2_20update_home_from_EKFEvEEEEvPv @ 0xb447c0
CIRCLE: _ZN7FunctorIvJEE14method_wrapperI6CopterXadL_ZNS2_31update_land_and_crash_detectorsEvEEEEvPv @ 0xb44870
CIRCLE: _ZN7FunctorIvJEE14method_wrapperI6CopterXadL_ZNS2_33update_rangefinder_terrain_offsetEvEEEEvPv @ 0xb44920
CIRCLE: _ZN7FunctorIvJEE14method_wrapperI8AP_MountXadL_ZNS2_11update_fastEvEEEEvPv @ 0xb449d0
CIRCLE: _ZN7FunctorIvJEE14method_wrapperI6CopterXadL_ZNS2_23Log_Video_StabilisationEvEEEEvPv @ 0xb44a80
CIRCLE: _ZN7FunctorIvJEE14method_wrapperI6CopterXadL_ZNS2_7rc_loopEvEEEEvPv @ 0xb44b30
CIRCLE: _ZN7FunctorIvJEE14method_wrapperI6CopterXadL_ZNS2_13throttle_loopEvEEEEvPv @ 0xb44be0
CIRCLE: _ZN7FunctorIvJEE14method_wrapperI6CopterXadL_ZNS2_11fence_checkEvEEEEvPv @ 0xb44c90
CIRCLE: _ZN7FunctorIvJEE14method_wrapperI6AP_GPSXadL_ZNS2_6updateEvEEEEvPv @ 0xb44d40
CIRCLE: _ZN7FunctorIvJEE14method_wrapperI14AP_OpticalFlowXadL_ZNS2_6updateEvEEEEvPv @ 0xb44df0
CIRCLE: _ZN7FunctorIvJEE14method_wrapperI6CopterXadL_ZNS2_19update_batt_compassEvEEEEvPv @ 0xb44ea0
CIRCLE: _ZN7FunctorIvJEE14method_wrapperI11RC_ChannelsXadL_ZNS2_12read_aux_allEvEEEEvPv @ 0xb44f50
CIRCLE: _ZN7FunctorIvJEE14method_wrapperI6CopterXadL_ZNS2_17auto_disarm_checkEvEEEEvPv @ 0xb45000
CIRCLE: _ZN7FunctorIvJEE14method_wrapperI18RC_Channels_CopterXadL_ZNS2_13auto_trim_runEvEEEEvPv @ 0xb450b0
CIRCLE: _ZN7FunctorIvJEE14method_wrapperI6CopterXadL_ZNS2_16read_rangefinderEvEEEEvPv @ 0xb45160
CIRCLE: _ZN7FunctorIvJEE14method_wrapperI12AP_ProximityXadL_ZNS2_6updateEvEEEEvPv @ 0xb45210
CIRCLE: _ZN7FunctorIvJEE14method_wrapperI9AP_BeaconXadL_ZNS2_6updateEvEEEEvPv @ 0xb452c0
CIRCLE: _ZN7FunctorIvJEE14method_wrapperI6CopterXadL_ZNS2_15update_altitudeEvEEEEvPv @ 0xb45370
CIRCLE: _ZN7FunctorIvJEE14method_wrapperI6CopterXadL_ZNS2_15run_nav_updatesEvEEEEvPv @ 0xb45420
CIRCLE: _ZN7FunctorIvJEE14method_wrapperI6CopterXadL_ZNS2_21update_throttle_hoverEvEEEEvPv @ 0xb454d0
CIRCLE: _ZN7FunctorIvJEE14method_wrapperI12ModeSmartRTLXadL_ZNS2_13save_positionEvEEEEvPv @ 0xb45580
CIRCLE: _ZN7FunctorIvJEE14method_wrapperI10AC_SprayerXadL_ZNS2_6updateEvEEEEvPv @ 0xb45630
CIRCLE: _ZN7FunctorIvJEE14method_wrapperI6CopterXadL_ZNS2_13three_hz_loopEvEEEEvPv @ 0xb456e0
CIRCLE: _ZN7FunctorIvJEE14method_wrapperI19AP_ServoRelayEventsXadL_ZNS2_13update_eventsEvEEEEvPv @ 0xb45790
CIRCLE: _ZN7FunctorIvJEE14method_wrapperI6CopterXadL_ZNS2_15update_preclandEvEEEEvPv @ 0xb45840
CIRCLE: _ZN7FunctorIvJEE14method_wrapperI6CopterXadL_ZNS2_17loop_rate_loggingEvEEEEvPv @ 0xb458f0
CIRCLE: _ZN7FunctorIvJEE14method_wrapperI6CopterXadL_ZNS2_11one_hz_loopEvEEEEvPv @ 0xb459a0
CIRCLE: _ZN7FunctorIvJEE14method_wrapperI6CopterXadL_ZNS2_9ekf_checkEvEEEEvPv @ 0xb45a50
CIRCLE: _ZN7FunctorIvJEE14method_wrapperI6CopterXadL_ZNS2_15check_vibrationEvEEEEvPv @ 0xb45b00
CIRCLE: _ZN7FunctorIvJEE14method_wrapperI6CopterXadL_ZNS2_15gpsglitch_checkEvEEEEvPv @ 0xb45bb0
CIRCLE: _ZN7FunctorIvJEE14method_wrapperI6CopterXadL_ZNS2_13takeoff_checkEvEEEEvPv @ 0xb45c60
CIRCLE: _ZN7FunctorIvJEE14method_wrapperI6CopterXadL_ZNS2_18landinggear_updateEvEEEEvPv @ 0xb45d10
CIRCLE: _ZN7FunctorIvJEE14method_wrapperI6CopterXadL_ZNS2_14standby_updateEvEEEEvPv @ 0xb45dc0
CIRCLE: _ZN7FunctorIvJEE14method_wrapperI6CopterXadL_ZNS2_18lost_vehicle_checkEvEEEEvPv @ 0xb45e70
CIRCLE: _ZN7FunctorIvJEE14method_wrapperI3GCSXadL_ZNS2_14update_receiveEvEEEEvPv @ 0xb45f20
CIRCLE: _ZN7FunctorIvJEE14method_wrapperI3GCSXadL_ZNS2_11update_sendEvEEEEvPv @ 0xb45fd0
CIRCLE: _ZN7FunctorIvJEE14method_wrapperI8AP_MountXadL_ZNS2_6updateEvEEEEvPv @ 0xb46080
CIRCLE: _ZN7FunctorIvJEE14method_wrapperI9AP_CameraXadL_ZNS2_6updateEvEEEEvPv @ 0xb46130
CIRCLE: _ZN7FunctorIvJEE14method_wrapperI6CopterXadL_ZNS2_19ten_hz_logging_loopEvEEEEvPv @ 0xb461e0
CIRCLE: _ZN7FunctorIvJEE14method_wrapperI6CopterXadL_ZNS2_21twentyfive_hz_loggingEvEEEEvPv @ 0xb46290
CIRCLE: _ZN7FunctorIvJEE14method_wrapperI9AP_LoggerXadL_ZNS2_14periodic_tasksEvEEEEvPv @ 0xb46340
CIRCLE: _ZN7FunctorIvJEE14method_wrapperI17AP_InertialSensorXadL_ZNS2_8periodicEvEEEEvPv @ 0xb463f0
CIRCLE: _ZN7FunctorIvJEE14method_wrapperI12AP_SchedulerXadL_ZNS2_14update_loggingEvEEEEvPv @ 0xb464a0
CIRCLE: _ZN7FunctorIvJEE14method_wrapperI18AP_TempCalibrationXadL_ZNS2_6updateEvEEEEvPv @ 0xb46550
CIRCLE: _ZN7FunctorIvJEE14method_wrapperI6CopterXadL_ZNS2_21avoidance_adsb_updateEvEEEEvPv @ 0xb46600
CIRCLE: _ZN7FunctorIvJEE14method_wrapperI6CopterXadL_ZNS2_14terrain_updateEvEEEEvPv @ 0xb466b0
CIRCLE: _ZN7FunctorIvJEE14method_wrapperI8AP_WinchXadL_ZNS2_6updateEvEEEEvPv @ 0xb46760
CIRCLE: _ZN7FunctorIvJEE14method_wrapperI9AP_ButtonXadL_ZNS2_6updateEvEEEEvPv @ 0xb46810
CIRCLE: _ZN7FunctorIvJEE14method_wrapperI6CopterXadL_ZNS2_43update_dynamic_notch_at_specified_rate_mainEvEEEEvPv @ 0xb468c0
CIRCLE: _ZN6Copter43update_dynamic_notch_at_specified_rate_mainEv @ 0x96ae30
CIRCLE: _ZN10AP_Vehicle38update_dynamic_notch_at_specified_rateEv @ 0x96aea0
CIRCLE: _ZN10AP_Vehicle20update_dynamic_notchERN17AP_InertialSensor13HarmonicNotchE @ 0x96aff0
CIRCLE: _ZN9AP_Button6updateEv @ 0x96c0d0
CIRCLE: _ZN8AP_Winch6updateEv @ 0x96cd50
CIRCLE: _ZNK8AP_Winch7enabledEv @ 0x96cdd0
CIRCLE: _ZN6Copter14terrain_updateEv @ 0x96ce50
CIRCLE: _ZN10AP_Terrain6updateEv @ 0x96cef0
CIRCLE: _ZN11RangeFinder28set_estimated_terrain_heightEf @ 0xb46d80
CIRCLE: _ZN10AP_Terrain16schedule_disk_ioEv @ 0x96d0c0
CIRCLE: _ZN10AP_Terrain19update_mission_dataEv @ 0x96d310
CIRCLE: _ZN10AP_Terrain17update_rally_dataEv @ 0x96d620
CIRCLE: _ZN10AP_Terrain24update_surrounding_tilesERK8Location @ 0x96d7f0
CIRCLE: _ZNK8AP_Rally19last_change_time_msEv @ 0xb46df0
CIRCLE: _ZNK10AP_Mission19last_change_time_msEv @ 0xb46e40
CIRCLE: _ZN10AP_Terrain15check_disk_readEv @ 0x96d970
CIRCLE: _ZN10AP_Terrain16check_disk_writeEv @ 0x96da50
CIRCLE: _ZN10AP_Terrain8io_timerEv @ 0x96ddb0
CIRCLE: _ZN7FunctorIvJEE14method_wrapperI10AP_TerrainXadL_ZNS2_8io_timerEvEEEEvPv @ 0xb46ef0
CIRCLE: _ZN6Copter21avoidance_adsb_updateEv @ 0x96e8d0
CIRCLE: _ZN7AP_ADSB6updateEv @ 0x96e940
CIRCLE: _ZN12AP_Avoidance6updateEv @ 0x96eb20
CIRCLE: _ZN12AP_Avoidance13check_startupEv @ 0x96ebe0
CIRCLE: _ZN7AP_ADSB3LocC2Ev @ 0xb47180
CIRCLE: _ZNK7AP_AHRS19get_vert_pos_rate_DERf @ 0x970420
CIRCLE: _ZN7AP_ADSB6updateERKNS_3LocE @ 0x970550
CIRCLE: _ZNK7NavEKF320getPosDownDerivativeEv @ 0x970c10
CIRCLE: _ZNK12NavEKF3_core20getPosDownDerivativeEv @ 0x970e60
CIRCLE: _ZN18AP_TempCalibration6updateEv @ 0x970f20
CIRCLE: _ZN12AP_Scheduler14update_loggingEv @ 0x971af0
CIRCLE: _ZN12AP_Scheduler11debug_flagsEv @ 0xb471f0
CIRCLE: _ZN12AP_Scheduler21Log_Write_PerformanceEv @ 0x971d60
CIRCLE: _ZN2AP8PerfInfo13has_task_infoEv @ 0xb47250
CIRCLE: _ZNK2AP8PerfInfo20get_num_long_runningEv @ 0x971f70
CIRCLE: _ZNK2AP8PerfInfo13get_num_loopsEv @ 0x971fc0
CIRCLE: _ZNK2AP8PerfInfo12get_max_timeEv @ 0x972010
CIRCLE: _ZN12AP_Scheduler12load_averageEv @ 0x972060
CIRCLE: _ZNK16AP_InternalError5countEv @ 0xb472b0
CIRCLE: _ZN17AP_InertialSensor8periodicEv @ 0x9722a0
CIRCLE: _ZN17AP_InertialSensor12BatchSampler8periodicEv @ 0x972300
CIRCLE: _ZN9AP_Logger14periodic_tasksEv @ 0x972920
CIRCLE: _ZN6Copter21twentyfive_hz_loggingEv @ 0x9729c0
CIRCLE: _ZN6Copter17Log_Write_EKF_POSEv @ 0x972aa0
CIRCLE: _ZNK17AP_InertialSensor9Write_IMUEv @ 0x972af0
CIRCLE: _ZN10AP_GyroFFT18write_log_messagesEv @ 0x972bb0
CIRCLE: _ZL3MAXIhhEDTqugtfp_fp0_fp_fp0_ERKT_RKT0_ @ 0x973230
CIRCLE: _ZNK17AP_InertialSensor18Write_IMU_instanceEmh @ 0x9732b0
CIRCLE: _ZNK17AP_InertialSensor16get_gyro_rate_hzEh @ 0xb47470
CIRCLE: _ZNK17AP_InertialSensor17get_accel_rate_hzEh @ 0xb474f0
CIRCLE: _ZN7AP_AHRS9Log_WriteEv @ 0x973440
CIRCLE: _ZN7NavEKF29Log_WriteEv @ 0x9734d0
CIRCLE: _ZN7NavEKF39Log_WriteEv @ 0x9735e0
CIRCLE: _ZNK7AP_AHRS11Write_AHRS2Ev @ 0x9736f0
CIRCLE: _ZNK7AP_AHRS9Write_POSEv @ 0x9738d0
CIRCLE: _ZN4SITL3SIM18Log_Write_SIMSTATEEv @ 0x973a30
CIRCLE: _ZNK7AP_AHRS22get_secondary_attitudeER7Vector3IfE @ 0xb47570
CIRCLE: _ZNK7AP_AHRS22get_secondary_positionER8Location @ 0xb475f0
CIRCLE: _ZNK7AP_AHRS24get_secondary_quaternionER11QuaternionTIfE @ 0xb47670
CIRCLE: _ZL7degreesf.1917 @ 0x973bc0
CIRCLE: _ZN12NavEKF3_core9Log_WriteEm @ 0x973c10
CIRCLE: _ZNK7AP_EnumIN7NavEKF38LogLevelEEcvKS1_Ev @ 0xb476f0
CIRCLE: _ZNK12NavEKF3_core14Log_Write_XKF4Em @ 0x973d60
CIRCLE: _ZN12NavEKF3_core13Log_Write_GSFEm @ 0x9740b0
CIRCLE: _ZNK12NavEKF3_core14Log_Write_XKF1Em @ 0x974160
CIRCLE: _ZNK12NavEKF3_core14Log_Write_XKF2Em @ 0x974430
CIRCLE: _ZNK12NavEKF3_core14Log_Write_XKF3Em @ 0x9746d0
CIRCLE: _ZNK12NavEKF3_core14Log_Write_XKF5Em @ 0x974930
CIRCLE: _ZNK12NavEKF3_core14Log_Write_XKFSEm @ 0x974b90
CIRCLE: _ZNK12NavEKF3_core20Log_Write_QuaternionEm @ 0x974ca0
CIRCLE: _ZN12NavEKF3_core16Log_Write_BeaconEm @ 0x974d80
CIRCLE: _ZN12NavEKF3_core18Log_Write_BodyOdomEm @ 0x975070
CIRCLE: _ZN12NavEKF3_core25Log_Write_State_VariancesEm @ 0x9751e0
CIRCLE: _ZN12NavEKF3_core16Log_Write_TimingEm @ 0x975500
CIRCLE: _ZNK6AP_DAL12logging_coreEh @ 0x975660
CIRCLE: _ZL3MAXIjjEDTqugtfp_fp0_fp_fp0_ERKT_RKT0_ @ 0x9756b0
CIRCLE: _ZNK16AP_NavEKF_Source21getPosVelYawSourceSetEv @ 0xb47740
CIRCLE: _ZL3MAXIddEDTqugtfp_fp0_fp_fp0_ERKT_RKT0_.4677 @ 0x975730
CIRCLE: _ZL3MINIdiEDTqultfp_fp0_fp_fp0_ERKT_RKT0_.4678 @ 0x9757b0
CIRCLE: _ZNK12NavEKF3_core14getInnovationsER7Vector3IfES2_S2_RfS3_ @ 0x975850
CIRCLE: _ZL7degreesf.4675 @ 0x975a50
CIRCLE: _ZNK12NavEKF3_core26getSynthAirDataInnovationsER7Vector2IfERf @ 0x975aa0
CIRCLE: _ZN10EKFGSF_yaw9Log_WriteEm11LogMessagesS0_h @ 0x975b70
CIRCLE: _ZL7degreesf.19457 @ 0x975ef0
CIRCLE: _ZL3MAXIffEDTqugtfp_fp0_fp_fp0_ERKT_RKT0_.19458 @ 0x975f40
CIRCLE: _ZL3MAXIdfEDTqugtfp_fp0_fp_fp0_ERKT_RKT0_.4676 @ 0x975fc0
CIRCLE: _ZN6Copter19ten_hz_logging_loopEv @ 0x977af0
CIRCLE: _ZNK7AP_AHRS14Write_AttitudeERK7Vector3IfE @ 0x977ea0
CIRCLE: _ZN6Copter18Log_Write_AttitudeEv @ 0x977fb0
CIRCLE: _ZN6Copter14Log_Write_RateEv @ 0x978010
CIRCLE: _ZN6Copter14Log_Write_PIDSEv @ 0x978070
CIRCLE: _ZN9AP_Logger10Write_RCINEv @ 0x978290
CIRCLE: _ZN9AP_Logger11Write_RCOUTEv @ 0x978530
CIRCLE: _ZN13AC_PosControl9write_logEv @ 0x978ae0
CIRCLE: _ZNK17AP_InertialSensor15Write_VibrationEv @ 0x978f60
CIRCLE: _ZN12AP_Proximity3logEv @ 0x979080
CIRCLE: _ZN9AP_Beacon3logEv @ 0x9793b0
CIRCLE: _ZN8AP_Winch9write_logEv @ 0x9794f0
CIRCLE: _ZN8AP_Mount9write_logEv @ 0x979570
CIRCLE: _ZNK12AP_Proximity12distance_maxEv @ 0x9796a0
CIRCLE: _ZNK17AP_InertialSensor20get_accel_clip_countEh @ 0x979bf0
CIRCLE: _ZN13AC_PosControl10Write_PSCNEfffffffff @ 0x979c90
CIRCLE: _ZN13AC_PosControl10Write_PSCEEfffffffff @ 0x979d90
CIRCLE: _ZNK7Vector2IdE7is_zeroEv @ 0xb477e0
CIRCLE: _ZN13AC_PosControl10Write_PSCDEfffffffff @ 0x97a010
CIRCLE: _ZN13AC_PosControl10Write_PSCxE11LogMessagesfffffffff @ 0x97a3a0
CIRCLE: _ZN11RC_Channels12get_radio_inEPth @ 0x97a5e0
CIRCLE: _ZNK11RC_Channels17get_override_maskEv @ 0x97a6d0
CIRCLE: _ZL3MINIhiEDTqultfp_fp0_fp_fp0_ERKT_RKT0_.6934 @ 0x97a790
CIRCLE: _ZN9AP_Logger9Write_PIDEhRK10AP_PIDInfo @ 0x97a810
CIRCLE: _ZN13AC_PosControl14get_vel_NE_pidEv @ 0xb478d0
CIRCLE: _ZNK9AC_PID_2D14get_pid_info_xEv @ 0xb47920
CIRCLE: _ZNK9AC_PID_2D14get_pid_info_yEv @ 0xb47970
CIRCLE: _ZNK18AC_AttitudeControl10Write_RateERK13AC_PosControl @ 0x97a9a0
CIRCLE: _ZNK18AC_AttitudeControl15rate_bf_targetsEv @ 0xb479c0
CIRCLE: _ZNK13AC_PosControl25get_accel_target_NEU_cmssEv @ 0xb47a50
CIRCLE: _ZNK18AC_AttitudeControl22get_last_angle_P_scaleEv @ 0xb47ae0
CIRCLE: _ZNK18AC_AttitudeControl9Write_ANGEv @ 0x97add0
CIRCLE: _ZNK12AP_Scheduler22get_loop_start_time_usEv @ 0xb47b30
CIRCLE: _ZL7degreesf.12066 @ 0x97af00
CIRCLE: _ZNK12AP_Scheduler20get_last_loop_time_sEv @ 0xb47b80
CIRCLE: _ZN9AP_Camera6updateEv @ 0x97af50
CIRCLE: _ZN8AP_Mount6updateEv @ 0x97b010
CIRCLE: _ZN6Copter18lost_vehicle_checkEv @ 0x97b0c0
CIRCLE: _ZN6Copter14standby_updateEv @ 0x97b230
CIRCLE: _ZN6Copter18landinggear_updateEv @ 0x97b380
CIRCLE: _ZN6Copter13takeoff_checkEv @ 0x97b920
CIRCLE: _ZN9AP_Motors17set_spoolup_blockEb @ 0xb47bd0
CIRCLE: _ZN6Copter15gpsglitch_checkEv @ 0x97beb0
CIRCLE: _ZN6Copter15check_vibrationEv @ 0x97bfd0
CIRCLE: _ZNK7AP_AHRS15get_innovationsER7Vector3IfES2_S2_RfS3_ @ 0x97c2f0
CIRCLE: _ZNK7AP_AHRS21is_vibration_affectedEv @ 0x97c460
CIRCLE: _ZNK7NavEKF319isVibrationAffectedEv @ 0x97c530
CIRCLE: _ZNK12NavEKF3_core19isVibrationAffectedEv @ 0xb47c90
CIRCLE: _ZNK7NavEKF314getInnovationsER7Vector3IfES2_S2_RfS3_ @ 0x97c6b0
CIRCLE: _ZN6Copter9ekf_checkEv @ 0x97c860
CIRCLE: _ZN6Copter18ekf_over_thresholdEv @ 0x97cc10
CIRCLE: _ZN6Copter11one_hz_loopEv @ 0x97d1a0
CIRCLE: _ZNK6Copter8ap_valueEv @ 0x97d440
CIRCLE: _ZN6Copter14Log_Write_DataE9LogDataIDj @ 0x97d4f0
CIRCLE: _ZN6Copter15terrain_loggingEv @ 0x97d5b0
CIRCLE: _ZN7AP_ADSB13set_is_flyingEb @ 0xb47cf0
CIRCLE: _ZN16AC_CustomControl21set_notch_sample_rateEf @ 0x97d630
CIRCLE: _ZNK6Copter18get_fast_rate_typeEv @ 0xb47d50
CIRCLE: _ZN6Copter13motors_outputEb @ 0x97e6d0
CIRCLE: _ZNK17AP_InertialSensor24write_notch_log_messagesEv @ 0x97ed40
CIRCLE: _ZN12SRV_Channels8calc_pwmEv @ 0x97f1e0
CIRCLE: _ZN12SRV_Channels13output_ch_allEv @ 0x97f400
CIRCLE: _ZN7Compass11set_voltageEf @ 0xb48310
CIRCLE: _ZN16Compass_PerMotor11set_voltageEf @ 0xb483e0
CIRCLE: _ZN9AP_Motors8set_dt_sEf @ 0xb48880
CIRCLE: _ZN10AP_Terrain16log_terrain_dataEv @ 0x980150
CIRCLE: _ZN6Copter17loop_rate_loggingEv @ 0x980300
CIRCLE: _ZN6Copter15update_preclandEv @ 0x980410
CIRCLE: _ZNK6Copter18rangefinder_alt_okEv @ 0x9804a0
CIRCLE: _ZN11AC_PrecLand6updateEfb @ 0x980500
CIRCLE: _ZNK11AC_PrecLand7enabledEv @ 0xb48a20
CIRCLE: _ZN6Copter13three_hz_loopEv @ 0x982a20
CIRCLE: _ZN6Copter18failsafe_gcs_checkEv @ 0x982aa0
CIRCLE: _ZN6Copter22failsafe_terrain_checkEv @ 0x982c60
CIRCLE: _ZN6Copter25failsafe_deadreckon_checkEv @ 0x982d70
CIRCLE: _ZN6Copter6tuningEv @ 0x983080
CIRCLE: _ZN6Copter17low_alt_avoidanceEv @ 0x9831d0
CIRCLE: _ZN8AC_Avoid30proximity_alt_avoidance_enableEb @ 0xb490a0
CIRCLE: _ZN6Copter6tuningEPK10RC_Channelaff @ 0x9832b0
CIRCLE: _ZN10AC_Sprayer6updateEv @ 0x984290
CIRCLE: _ZN12ModeSmartRTL13save_positionEv @ 0x9846e0
CIRCLE: _ZN11AP_SmartRTL6updateEbb @ 0x9847c0
CIRCLE: _ZN11AP_SmartRTL6updateEbRK7Vector3IfE @ 0x9848c0
CIRCLE: _ZN6Copter21update_throttle_hoverEv @ 0x9849f0
CIRCLE: _ZNK7AP_AHRS14get_velocity_DERfb @ 0x984c60
CIRCLE: _ZN6Copter15run_nav_updatesEv @ 0x9852e0
CIRCLE: _ZN6Copter15update_altitudeEv @ 0x985330
CIRCLE: _ZN6Copter14read_barometerEv @ 0x9853e0
CIRCLE: _ZN6Copter24Log_Write_Control_TuningEv @ 0x985470
CIRCLE: _ZNK9AP_Logger9quiet_nanEv @ 0xb49880
CIRCLE: _ZNK13AC_PosControl19get_pos_target_U_cmEv @ 0xb498e0
CIRCLE: _ZNK13AC_PosControl20get_vel_target_U_cmsEv @ 0xb49940
CIRCLE: _ZNK6Copter15SurfaceTracking27get_target_dist_for_loggingERf @ 0x985720
CIRCLE: _ZNK18AC_AttitudeControl11angle_boostEv @ 0xb499a0
CIRCLE: _ZNK6Copter15SurfaceTracking20get_dist_for_loggingEv @ 0x985820
CIRCLE: _ZNK13AC_PosControl24get_vel_estimate_NEU_cmsEv @ 0xb499f0
CIRCLE: _ZNK13AC_PosControl19get_vel_target_U_msEv @ 0xb49a80
CIRCLE: _ZNK13AC_PosControl18get_pos_target_U_mEv @ 0xb49ad0
CIRCLE: _ZN9AP_Beacon6updateEv @ 0x9858a0
CIRCLE: _ZN12AP_Proximity6updateEv @ 0x985fb0
CIRCLE: _ZNK12AP_Proximity15get_filter_freqEv @ 0xb49b30
CIRCLE: _ZN24AP_Proximity_Boundary_3D15set_filter_freqEf @ 0xb49b90
CIRCLE: _ZN24AP_Proximity_Boundary_3D18check_face_timeoutEv @ 0x986080
CIRCLE: _ZN6Copter16read_rangefinderEv @ 0x9861e0
CIRCLE: _ZN11RangeFinder6updateEv @ 0x986310
CIRCLE: _ZN18AP_SurfaceDistance6updateEv @ 0x986430
CIRCLE: _ZN18AP_SurfaceDistance10data_staleEv @ 0x986820
CIRCLE: _ZN12AP_Proximity19set_rangefinder_altEbbf @ 0x9868b0
CIRCLE: _ZL3MAXIffEDTqugtfp_fp0_fp_fp0_ERKT_RKT0_.13176 @ 0x986960
CIRCLE: _ZNK18AP_SurfaceDistance9Log_WriteEv @ 0x986b60
CIRCLE: _ZNK11RangeFinder8Log_RFNDEv @ 0x986c80
CIRCLE: _ZN18RC_Channels_Copter13auto_trim_runEv @ 0x986dc0
CIRCLE: _ZN6Copter17auto_disarm_checkEv @ 0x9870e0
CIRCLE: _ZN11RC_Channels12read_aux_allEv @ 0x987360
CIRCLE: _ZN10RC_Channel8read_auxEv @ 0x987450
CIRCLE: _ZN6Copter19update_batt_compassEv @ 0x9879e0
CIRCLE: _ZN14AP_BattMonitor4readEv @ 0x987ac0
CIRCLE: _ZN7Compass12set_throttleEf @ 0xb49c50
CIRCLE: _ZN9AP_Logger11Write_PowerEv @ 0x987cf0
CIRCLE: _ZNK22AP_BattMonitor_Backend13Log_Write_BATEhm @ 0x987d40
CIRCLE: _ZNK22AP_BattMonitor_Backend13Log_Write_BCLEhm @ 0x987fe0
CIRCLE: _ZN14AP_BattMonitor15check_failsafesEv @ 0x9881e0
CIRCLE: _ZN14AP_BattMonitor16checkPoweringOffEv @ 0x9884f0
CIRCLE: _ZNK22AP_BattMonitor_Backend23get_state_of_health_pctERh @ 0x988650
CIRCLE: _ZN14AP_OpticalFlow6updateEv @ 0x9886e0
CIRCLE: _ZN6AP_GPS6updateEv @ 0x989c90
CIRCLE: _ZN6AP_GPS15update_instanceEh @ 0x989e10
CIRCLE: _ZN6AP_GPS14update_primaryEv @ 0x98a5b0
CIRCLE: _ZN14AP_GPS_Blended19zero_health_counterEv @ 0xb49d50
CIRCLE: _ZN6AP_GPS9Write_GPSEh @ 0x98bd80
CIRCLE: _ZL3MINIfiEDTqultfp_fp0_fp_fp0_ERKT_RKT0_.3064 @ 0x98c1c0
CIRCLE: _ZNK6AP_GPS26last_message_delta_time_msEh @ 0xb49e00
CIRCLE: _ZNK6AP_GPS10should_logEv @ 0x98c260
CIRCLE: _ZN6AP_GPS16send_blob_updateEh @ 0x98d3e0
CIRCLE: _ZN14AP_GPS_Backend14check_new_itowEjj @ 0x992130
CIRCLE: _ZN12AP_GPS_UBLOX20_request_next_configEv @ 0x996320
CIRCLE: _ZN12AP_GPS_UBLOX21_request_message_rateEhh @ 0x996dc0
CIRCLE: _ZN12AP_GPS_UBLOX13_request_portEv @ 0x996e80
CIRCLE: _ZN12AP_GPS_UBLOX13_send_messageEhhPKvt @ 0x996f10
CIRCLE: _ZN12AP_GPS_UBLOX16_update_checksumEPhtRhS1_ @ 0x997dd0
CIRCLE: _ZN12AP_GPS_UBLOX4readEv @ 0x997f00
CIRCLE: _ZNK12AP_GPS_UBLOX13is_configuredEv @ 0xb4ac80
CIRCLE: _ZNK12AP_GPS_UBLOX7get_lagERf @ 0x9985e0
CIRCLE: _ZNK12AP_GPS_UBLOX10is_healthyEv @ 0x998770
CIRCLE: _ZL3MINIjjEDTqultfp_fp0_fp_fp0_ERKT_RKT0_.3359 @ 0x998bc0
CIRCLE: _ZN12AP_GPS_UBLOXUt_ixEm @ 0xb4ad90
CIRCLE: _ZN12AP_GPS_UBLOX10_parse_gpsEv @ 0x998c40
CIRCLE: _ZN12AP_GPS_UBLOX15_check_new_itowEj @ 0x99c100
CIRCLE: _ZN12AP_GPS_UBLOX23_configure_message_rateEhhh @ 0x99c180
CIRCLE: _ZN6Copter11fence_checkEv @ 0x9a3780
CIRCLE: _ZN6Copter13throttle_loopEv @ 0x9a3ad0
CIRCLE: _ZN6Copter19update_throttle_mixEv @ 0x9a3b40
CIRCLE: _ZN6Copter17update_auto_armedEv @ 0x9a3de0
CIRCLE: _ZN6Copter29update_ground_effect_detectorEv @ 0x9a3fb0
CIRCLE: _ZN6Copter32update_ekf_terrain_height_stableEv @ 0x9a46a0
CIRCLE: _ZN7AP_AHRS22set_terrain_hgt_stableEb @ 0x9a4790
CIRCLE: _ZN7NavEKF219setTerrainHgtStableEb @ 0x9a4890
CIRCLE: _ZN7NavEKF319setTerrainHgtStableEb @ 0x9a4990
CIRCLE: _ZN12NavEKF3_core19setTerrainHgtStableEb @ 0x9a4a90
CIRCLE: _ZN7AP_AHRS22set_touchdown_expectedEb @ 0x9a4b50
CIRCLE: _ZNK13AC_PosControl22get_vel_target_NEU_cmsEv @ 0xb4c5c0
CIRCLE: _ZL7radiansf.996 @ 0x9a4bc0
CIRCLE: _ZNK13AC_PosControl21get_vel_target_NEU_msEv @ 0xb4c650
CIRCLE: _ZL9cd_to_radf.1156 @ 0x9a4c10
CIRCLE: _ZNK6Copter16get_force_flyingEv @ 0x9a4c60
CIRCLE: _ZNK13AC_PosControl23get_vel_U_control_ratioEv @ 0xb4c6a0
CIRCLE: _ZN6Copter7rc_loopEv @ 0x9a4cc0
CIRCLE: _ZN6Copter23Log_Video_StabilisationEv @ 0x9a4d20
CIRCLE: _ZN8AP_Mount11update_fastEv @ 0x9a4ef0
CIRCLE: _ZN6Copter33update_rangefinder_terrain_offsetEv @ 0x9a4fa0
CIRCLE: _ZL3MAXI9AP_ParamTIfL11ap_var_type4EEfEDTqugtfp_fp0_fp_fp0_ERKT_RKT0_.1783 @ 0x9a51d0
CIRCLE: _ZN8AC_WPNav33set_rangefinder_terrain_offset_cmEbbf @ 0xb4c710
CIRCLE: _ZN9AC_Circle33set_rangefinder_terrain_offset_cmEbbf @ 0xb4c820
CIRCLE: _ZN6Copter31update_land_and_crash_detectorsEv @ 0x9a5260
CIRCLE: _ZN6Copter20update_land_detectorEv @ 0x9a5360
CIRCLE: _ZN6Copter15parachute_checkEv @ 0x9a5970
CIRCLE: _ZN6Copter11crash_checkEv @ 0x9a5cc0
CIRCLE: _ZN6Copter17thrust_loss_checkEv @ 0x9a5ff0
CIRCLE: _ZN6Copter19yaw_imbalance_checkEv @ 0x9a6340
CIRCLE: _ZNK6Copter17option_is_enabledENS_12FlightOptionE @ 0xb4c8c0
CIRCLE: _ZL9cd_to_radf.1034 @ 0x9a6640
CIRCLE: _ZL2sqf @ 0x9a6690
CIRCLE: _ZN14AP_LandingGear13get_wow_stateEv @ 0x9a6b90
CIRCLE: _ZN6Copter8Log_LDETEtj @ 0x9a6be0
CIRCLE: _ZN6Copter20update_home_from_EKFEv @ 0x9a6d30
CIRCLE: _ZN6Copter18update_flight_modeEv @ 0x9a6ef0
CIRCLE: _ZN6Copter15SurfaceTracking22invalidate_for_loggingEv @ 0xb4cad0
CIRCLE: _ZN18AC_AttitudeControl21landed_gain_reductionEb @ 0x9a6f90
CIRCLE: _ZN6Copter15check_ekf_resetEv @ 0x9a7280
CIRCLE: _ZN7AP_AHRS20getLastYawResetAngleERf @ 0x9a73f0
CIRCLE: _ZNK7AP_AHRS22get_primary_core_indexEv @ 0xb4cb20
CIRCLE: _ZN7NavEKF320getLastYawResetAngleERf @ 0x9a7720
CIRCLE: _ZN6Copter12read_inertiaEv @ 0x9a7870
CIRCLE: _ZN13AC_PosControl16update_estimatesEb @ 0x9a79e0
CIRCLE: _ZN9AP_Follow16update_estimatesEv @ 0x9a7b90
CIRCLE: _ZN9AP_Follow32clear_dist_and_bearing_to_targetEv @ 0x9a89c0
CIRCLE: _ZN6Copter9read_AHRSEv @ 0x9a8ea0
CIRCLE: _ZN6Copter18motors_output_mainEv @ 0x9a8f00
CIRCLE: _ZN6Copter21run_custom_controllerEv @ 0xb4cbd0
CIRCLE: _ZN16AC_CustomControl6updateEv @ 0x9a8f70
CIRCLE: _ZN16AC_CustomControl14is_safe_to_runEv @ 0x9a9040
CIRCLE: _ZN6Copter24run_rate_controller_mainEv @ 0x9a9280
CIRCLE: _ZN13AC_PosControl8set_dt_sEf @ 0xb4cc30
CIRCLE: _ZN18AC_AttitudeControl8set_dt_sEf @ 0xb4cca0
CIRCLE: _ZN4Mode18get_pilot_speed_dnEv @ 0x9ab490
CIRCLE: _ZN4Mode18update_simple_modeEv @ 0x9ac660
CIRCLE: _ZNK9AC_Loiter17get_angle_max_radEv @ 0x9ac6c0
CIRCLE: _ZNK4Mode33get_pilot_desired_lean_angles_radERfS0_ff @ 0x9ac7c0
CIRCLE: _ZN9AC_Loiter34set_pilot_desired_acceleration_radEff @ 0x9ac8d0
CIRCLE: _ZN4Mode32get_pilot_desired_climb_rate_cmsEv @ 0x9acb10
CIRCLE: _ZN9AC_Loiter11init_targetEv @ 0x9acda0
CIRCLE: _ZN6Copter15SurfaceTracking21update_surface_offsetEv @ 0x9ad290
CIRCLE: _ZL3MINIffEDTqultfp_fp0_fp_fp0_ERKT_RKT0_.12535 @ 0x9adbd0
CIRCLE: _ZNK13AC_PosControl13get_pitch_radEv @ 0xb4ec20
CIRCLE: _ZNK13AC_PosControl12get_roll_radEv @ 0xb4ec70
CIRCLE: _ZN9AC_Loiter19sanity_check_paramsEv @ 0x9add50
CIRCLE: _ZN13AC_PosControl22set_pos_error_max_NE_mEf @ 0xb4ecc0
CIRCLE: _ZN7AC_P_2D13set_error_maxEf @ 0x9ade30
CIRCLE: _ZL3MAXI9AP_ParamTIfL11ap_var_type4EEfEDTqugtfp_fp0_fp_fp0_ERKT_RKT0_.12523 @ 0x9adef0
CIRCLE: _ZL3MINI9AP_ParamTIfL11ap_var_type4EEfEDTqultfp_fp0_fp_fp0_ERKT_RKT0_.12524 @ 0x9adf80
CIRCLE: _ZNK18AC_AttitudeControl8get_dt_sEv @ 0xb4eda0
CIRCLE: _ZNK18AC_AttitudeControl28input_shaping_rate_predictorERK7Vector2IfERS1_f @ 0x9ae230
CIRCLE: _Z26rc_input_to_roll_pitch_radffffRfS_ @ 0x9ae510
CIRCLE: _ZL7radiansf.3803 @ 0x9ae6b0
CIRCLE: _ZL3MINIffEDTqultfp_fp0_fp_fp0_ERKT_RKT0_.3807 @ 0x9ae700
CIRCLE: _ZN6Copter18update_simple_modeEv @ 0x9ae7e0
CIRCLE: _ZNK13AC_PosControl18get_pos_error_U_cmEv @ 0xb50660
CIRCLE: _ZNK13AC_PosControl17get_pos_error_U_mEv @ 0xb506c0
CIRCLE: _ZNK10ModeLoiter11mode_numberEv @ 0xb51e70
CIRCLE: _ZN10ModeLoiter4initEb @ 0x9bda90
CIRCLE: _ZNK10ModeLoiter12requires_GPSEv @ 0xb51ec0
CIRCLE: _ZNK10ModeLoiter19has_manual_throttleEv @ 0xb51f10
CIRCLE: _ZNK10ModeLoiter12is_autopilotEv @ 0xb51fc0
CIRCLE: _ZNK10ModeLoiter5name4Ev @ 0xb52160
CIRCLE: _ZNK10ModeCircle11mode_numberEv @ 0xb53120
CIRCLE: _ZN10ModeCircle3runEv @ 0x9c14b0
CIRCLE: _ZNK10ModeCircle12requires_GPSEv @ 0xb53170
CIRCLE: _ZNK10ModeCircle19has_manual_throttleEv @ 0xb531c0
CIRCLE: _ZNK10ModeCircle14wp_bearing_degEv @ 0x9c19c0
CIRCLE: _ZNK10ModeCircle13wp_distance_mEv @ 0x9c1a20
CIRCLE: _ZNK9AC_Circle25get_distance_to_target_cmEv @ 0xb53360
CIRCLE: _ZNK9AC_Circle24get_distance_to_target_mEv @ 0xb533c0
CIRCLE: _ZNK9AC_Circle25get_bearing_to_target_radEv @ 0xb53410
CIRCLE: _ZL7degreesf.1331 @ 0x9c1a80
CIRCLE: _ZN9AC_Circle18check_param_changeEv @ 0x9c1ad0
CIRCLE: _ZNK9AC_Circle21pilot_control_enabledEv @ 0xb53460
CIRCLE: _ZL3MAXIfiEDTqugtfp_fp0_fp_fp0_ERKT_RKT0_ @ 0x9c1b90
CIRCLE: _ZNK6Copter11being_tunedEa @ 0x9c1ca0
CIRCLE: _ZN9AC_Circle10update_cmsEf @ 0x9c1d60
CIRCLE: _ZN9AC_Circle9update_msEf @ 0x9c1dd0
CIRCLE: _ZN9AC_Circle15calc_velocitiesEb @ 0x9c2280
CIRCLE: _ZL3MINIffEDTqultfp_fp0_fp_fp0_ERKT_RKT0_.12425 @ 0x9c2430
CIRCLE: _ZL3MAXIffEDTqugtfp_fp0_fp_fp0_ERKT_RKT0_.12424 @ 0x9c24c0
CIRCLE: _ZNK14AP_BattMonitor22capacity_remaining_pctERhh @ 0x9e4e00
CIRCLE: _ZNK10GCS_Copter11custom_modeEv @ 0x9e5140
CIRCLE: _ZNK10GCS_Copter10frame_typeEv @ 0x9e51a0
CIRCLE: _ZN10GCS_Copter4chanEh @ 0xb57210
CIRCLE: _ZNK10GCS_Copter43min_loop_time_remaining_for_message_send_usEv @ 0xb57330
CIRCLE: _ZNK10GCS_Copter19vehicle_initialisedEv @ 0x9e52c0
CIRCLE: _ZN10GCS_Copter34update_vehicle_sensor_status_flagsEv @ 0x9e53e0
CIRCLE: _ZNK12AP_Proximity14sensor_presentEv @ 0x9e5770
CIRCLE: _ZNK12AP_Proximity14sensor_enabledEv @ 0x9e57d0
CIRCLE: _ZNK12AP_Proximity13sensor_failedEv @ 0x9e5830
CIRCLE: _ZN18GCS_MAVLINK_Copter14packetReceivedERK16__mavlink_statusRK17__mavlink_message @ 0x9e5ae0
CIRCLE: _ZNK18GCS_MAVLINK_Copter13mission_stateERK10AP_Mission @ 0x9e5bb0
CIRCLE: _ZNK11GCS_MAVLINK16send_rangefinderEv @ 0x9e5c50
CIRCLE: _ZNK18GCS_MAVLINK_Copter26send_nav_controller_outputEv @ 0x9e5d20
CIRCLE: _ZN18GCS_MAVLINK_Copter15send_pid_tuningEv @ 0x9e5ec0
CIRCLE: _ZN11GCS_MAVLINK21send_scaled_pressure3Ev @ 0x9e6110
CIRCLE: _ZNK11GCS_MAVLINK13send_attitudeEv @ 0x9e6170
CIRCLE: _ZN18GCS_MAVLINK_Copter31send_position_target_global_intEv @ 0x9e6430
CIRCLE: _ZNK18GCS_MAVLINK_Copter17send_winch_statusEv @ 0x9e69a0
CIRCLE: _ZNK18GCS_MAVLINK_Copter9base_modeEv @ 0x9e6f50
CIRCLE: _ZNK18GCS_MAVLINK_Copter21vehicle_system_statusEv @ 0x9e7030
CIRCLE: _ZNK11GCS_MAVLINK19persist_streamratesEv @ 0xb575a0
CIRCLE: _ZN18GCS_MAVLINK_Copter25handle_command_int_packetERK23__mavlink_command_int_tRK17__mavlink_message @ 0x9e7220
CIRCLE: _ZN18GCS_MAVLINK_Copter14handle_messageERK17__mavlink_message @ 0x9e7b40
CIRCLE: _ZN18GCS_MAVLINK_Copter16try_send_messageE10ap_message @ 0x9e8500
CIRCLE: _ZN11GCS_MAVLINK24send_global_position_intEv @ 0x9e8720
CIRCLE: _ZNK11GCS_MAVLINK23global_position_int_altEv @ 0x9e88a0
CIRCLE: _ZNK11GCS_MAVLINK32global_position_int_relative_altEv @ 0x9e8900
CIRCLE: _ZNK11GCS_MAVLINK17vfr_hud_climbrateEv @ 0x9e8970
CIRCLE: _ZNK18GCS_MAVLINK_Copter16vfr_hud_airspeedEv @ 0x9e8a30
CIRCLE: _ZNK18GCS_MAVLINK_Copter16vfr_hud_throttleEv @ 0x9e8b30
CIRCLE: _ZNK18GCS_MAVLINK_Copter11vfr_hud_altEv @ 0x9e8bc0
CIRCLE: _ZN11GCS_MAVLINK35convert_COMMAND_LONG_to_COMMAND_INTERK24__mavlink_command_long_tR23__mavlink_command_int_t9MAV_FRAME @ 0x9e90f0
CIRCLE: _ZN11GCS_MAVLINK28command_long_stores_locationE7MAV_CMD @ 0x9e98a0
CIRCLE: _ZL30convert_COMMAND_LONG_loc_paramfb @ 0x9e9980
CIRCLE: _ZL7degreesf.132 @ 0x9e9a30
CIRCLE: _ZL3MINIfiEDTqultfp_fp0_fp_fp0_ERKT_RKT0_ @ 0x9e9a80
CIRCLE: _ZNK11GCS_MAVLINK11vfr_hud_altEv @ 0x9e9b20
CIRCLE: _ZL36mavlink_msg_global_position_int_send17mavlink_channel_tjiiiissst @ 0x9e9b80
CIRCLE: _ZN10AP_Terrain12send_requestE17mavlink_channel_t @ 0x9e9ca0
CIRCLE: _ZN10AP_Terrain11send_reportE17mavlink_channel_t @ 0x9e9df0
CIRCLE: _ZNK18GCS_MAVLINK_Copter9send_windEv @ 0x9e9ea0
CIRCLE: _ZN7AP_ADSB17send_adsb_vehicleE17mavlink_channel_t @ 0x9e9fa0
CIRCLE: _ZNK11GCS_MAVLINK23get_ap_message_intervalE10ap_messageRt @ 0x9ea1b0
CIRCLE: _ZN13AP_OADatabase17send_adsb_vehicleE17mavlink_channel_tt @ 0x9ea2e0
CIRCLE: _ZN11GCS_MAVLINK16try_send_messageE10ap_message @ 0x9ea880
CIRCLE: _ZN11GCS_MAVLINK17queued_param_sendEv @ 0x9eb530
CIRCLE: _ZNK11GCS_MAVLINK14send_heartbeatEv @ 0x9eb7e0
CIRCLE: _ZNK11GCS_MAVLINK8send_rpmEv @ 0x9ebba0
CIRCLE: _ZN11GCS_MAVLINK24try_send_mission_messageE10ap_message @ 0x9ebc80
CIRCLE: _ZN7Compass21send_mag_cal_progressERK11GCS_MAVLINK @ 0x9ebe80
CIRCLE: _ZN7Compass19send_mag_cal_reportERK11GCS_MAVLINK @ 0x9ec0d0
CIRCLE: _ZN11GCS_MAVLINK19send_battery_statusEv @ 0x9ec400
CIRCLE: _ZNK7AP_AHRS22send_ekf_status_reportER11GCS_MAVLINK @ 0x9ec550
CIRCLE: _ZN11GCS_MAVLINK12send_meminfoEv @ 0x9ec650
CIRCLE: _ZNK11GCS_MAVLINK17send_fence_statusEv @ 0x9ec710
CIRCLE: _ZN11GCS_MAVLINK20send_distance_sensorEv @ 0x9ec880
CIRCLE: _ZNK11GCS_MAVLINK16send_system_timeEv @ 0x9ecdc0
CIRCLE: _ZN6AP_GPS20send_mavlink_gps_rawE17mavlink_channel_t @ 0x9ece50
CIRCLE: _ZN6AP_GPS20send_mavlink_gps_rtkE17mavlink_channel_th @ 0x9ed1a0
CIRCLE: _ZN6AP_GPS21send_mavlink_gps2_rawE17mavlink_channel_t @ 0x9ed280
CIRCLE: _ZNK11GCS_MAVLINK19send_local_positionEv @ 0x9ed620
CIRCLE: _ZNK11GCS_MAVLINK34send_gimbal_device_attitude_statusEv @ 0x9ed6f0
CIRCLE: _ZN11GCS_MAVLINK16send_opticalflowEv @ 0x9edab0
CIRCLE: _ZN11GCS_MAVLINK17send_power_statusEv @ 0x9edc20
CIRCLE: _ZNK11GCS_MAVLINK16send_rc_channelsEv @ 0x9edd30
CIRCLE: _ZNK11GCS_MAVLINK20send_rc_channels_rawEv @ 0x9edff0
CIRCLE: _ZN11GCS_MAVLINK12send_raw_imuEv @ 0x9ee170
CIRCLE: _ZN11GCS_MAVLINK15send_scaled_imuEhPFv17mavlink_channel_tjssssssssssE @ 0x9ee580
CIRCLE: _ZL28mavlink_msg_scaled_imu2_send17mavlink_channel_tjssssssssss @ 0x9ee840
CIRCLE: _ZL28mavlink_msg_scaled_imu3_send17mavlink_channel_tjssssssssss @ 0x9ee9b0
CIRCLE: _ZN11GCS_MAVLINK20send_scaled_pressureEv @ 0x9eed60
CIRCLE: _ZN11GCS_MAVLINK21send_scaled_pressure2Ev @ 0x9eedc0
CIRCLE: _ZN11GCS_MAVLINK13send_airspeedEv @ 0x9eee20
CIRCLE: _ZN11GCS_MAVLINK21send_servo_output_rawEv @ 0x9eefe0
CIRCLE: _ZNK11GCS_MAVLINK13send_simstateEv @ 0x9ef400
CIRCLE: _ZN11GCS_MAVLINK15send_sys_statusEv @ 0x9ef520
CIRCLE: _ZN11GCS_MAVLINK10send_ahrs2Ev @ 0x9ef810
CIRCLE: _ZN11GCS_MAVLINK9send_ahrsEv @ 0x9ef8f0
CIRCLE: _ZN11GCS_MAVLINK12send_vfr_hudEv @ 0x9efa70
CIRCLE: _ZNK11GCS_MAVLINK14send_vibrationEv @ 0x9efbb0
CIRCLE: _ZNK11GCS_MAVLINK21send_generator_statusEv @ 0x9efca0
CIRCLE: _ZN12AP_ESC_Telem26send_esc_telemetry_mavlinkEh @ 0x9f0020
CIRCLE: _ZN6AP_EFI19send_mavlink_statusE17mavlink_channel_t @ 0x9f04b0
CIRCLE: _ZN6AP_AIS13get_singletonEv @ 0x9f0c80
CIRCLE: _ZNK11GCS_MAVLINK21battery_remaining_pctEh @ 0x9f1610
CIRCLE: _ZL3MINIhiEDTqultfp_fp0_fp_fp0_ERKT_RKT0_.6782 @ 0x9f1ac0
CIRCLE: _ZL44mavlink_msg_esc_telemetry_1_to_4_send_struct17mavlink_channel_tPK32__mavlink_esc_telemetry_1_to_4_t @ 0x9f1de0
CIRCLE: _ZN12AP_Generator21send_generator_statusERK11GCS_MAVLINK @ 0x9f23e0
CIRCLE: _ZL26mavlink_msg_vibration_send17mavlink_channel_tmfffjjj @ 0x9f2460
CIRCLE: _ZL24mavlink_msg_vfr_hud_send17mavlink_channel_tffstff @ 0x9f2570
CIRCLE: _ZNK7AP_AHRS12get_error_rpEv @ 0x9f2700
CIRCLE: _ZNK7AP_AHRS13get_error_yawEv @ 0x9f2760
CIRCLE: _ZL21mavlink_msg_ahrs_send17mavlink_channel_tfffffff @ 0x9f27c0
CIRCLE: _ZL22mavlink_msg_ahrs2_send17mavlink_channel_tffffii @ 0x9f28e0
CIRCLE: _ZNK9AP_Logger11num_droppedEv @ 0x9f29e0
CIRCLE: _ZNK14AP_BattMonitor11gcs_voltageEv @ 0xb57780
CIRCLE: _ZL27mavlink_msg_sys_status_send17mavlink_channel_tjjjttsatttttt @ 0x9f2a60
CIRCLE: _ZNK14AP_BattMonitor11gcs_voltageEh @ 0x9f2c00
CIRCLE: _ZNK17AP_Logger_Backend11num_droppedEv @ 0xb577d0
CIRCLE: _ZL7radiansf.16475 @ 0x9f3020
CIRCLE: _ZNK4SITL3SIM13simstate_sendE17mavlink_channel_t @ 0x9f33a0
CIRCLE: _ZL25mavlink_msg_simstate_send17mavlink_channel_tfffffffffii @ 0x9f3570
CIRCLE: _ZL33mavlink_msg_servo_output_raw_send17mavlink_channel_tjhtttttttttttttttt @ 0x9f3710
CIRCLE: _ZL33mavlink_msg_scaled_pressure2_send17mavlink_channel_tjffss @ 0x9f3a10
CIRCLE: _ZN11GCS_MAVLINK29send_scaled_pressure_instanceEhPFv17mavlink_channel_tjffssE @ 0x9f3af0
CIRCLE: _ZL32mavlink_msg_scaled_pressure_send17mavlink_channel_tjffss @ 0x9f3ce0
CIRCLE: _ZL24mavlink_msg_raw_imu_send17mavlink_channel_tmssssssssshs @ 0x9f3e40
CIRCLE: _ZNK11GCS_MAVLINK16sending_mavlink1Ev @ 0x9f3fc0
CIRCLE: _ZNK11GCS_MAVLINK13receiver_rssiEv @ 0x9f4020
CIRCLE: _ZL28mavlink_msg_rc_channels_send17mavlink_channel_tjhtttttttttttttttttth @ 0x9f4230
CIRCLE: _ZL29mavlink_msg_power_status_send17mavlink_channel_tttt @ 0x9f44a0
CIRCLE: _ZN8AP_Mount34send_gimbal_device_attitude_statusE17mavlink_channel_t @ 0x9f4f20
CIRCLE: _ZL35mavlink_msg_local_position_ned_send17mavlink_channel_tjffffff @ 0x9f5580
CIRCLE: _ZNK6AP_GPS12gps_yaw_cdegEh @ 0x9f5690
CIRCLE: _ZNK6AP_GPS23have_gps_yaw_configuredEh @ 0xb57970
CIRCLE: _ZL28mavlink_msg_gps_raw_int_send17mavlink_channel_tmhiiitttthijjjjt @ 0x9f5990
CIRCLE: _ZL28mavlink_msg_system_time_send17mavlink_channel_tmj @ 0x9f5b80
CIRCLE: _ZN11GCS_MAVLINK14send_proximityEv @ 0x9f7120
CIRCLE: _ZNK12AP_Proximity12distance_minEv @ 0x9f7500
CIRCLE: _ZL3MINIjjEDTqultfp_fp0_fp_fp0_ERKT_RKT0_.6784 @ 0x9f79c0
CIRCLE: _ZL24mavlink_msg_meminfo_send17mavlink_channel_tttj @ 0x9f7a40
CIRCLE: _ZNK7NavEKF318send_status_reportER11GCS_MAVLINK @ 0x9f7ce0
CIRCLE: _ZNK12NavEKF3_core18send_status_reportER11GCS_MAVLINK @ 0x9f7d70
CIRCLE: _ZL41mavlink_msg_ekf_status_report_send_struct17mavlink_channel_tPK29__mavlink_ekf_status_report_t @ 0x9f8170
CIRCLE: _ZNK14AP_BattMonitor13option_is_setEhN21AP_BattMonitor_Params7OptionsE @ 0x9f8c90
CIRCLE: _ZNK11GCS_MAVLINK19send_battery_statusEh @ 0x9f8d60
CIRCLE: _ZL3MINIftEDTqultfp_fp0_fp_fp0_ERKT_RKT0_ @ 0x9f95f0
CIRCLE: _ZNK14AP_BattMonitor14time_remainingERjh @ 0x9f9690
CIRCLE: _ZNK14AP_BattMonitor24get_mavlink_charge_stateEh @ 0x9f9780
CIRCLE: _ZNK14AP_BattMonitor25get_mavlink_fault_bitmaskEh @ 0x9f98b0
CIRCLE: _ZL31mavlink_msg_battery_status_send17mavlink_channel_thhhsPKtsiiaihS1_hj @ 0x9f9960
CIRCLE: _ZN14typesafe_indexIh12TAG_PriorityErmERKh @ 0xb57bc0
CIRCLE: _ZN11GCS_MAVLINK20send_mission_currentERK10AP_Missiont @ 0x9fa0e0
CIRCLE: _ZNK3GCS32try_send_queued_message_for_typeE16MAV_MISSION_TYPE @ 0x9fa260
CIRCLE: _ZNK3GCS25get_prot_for_mission_typeE16MAV_MISSION_TYPE @ 0x9fa2e0
CIRCLE: _ZN19MissionItemProtocol19queued_request_sendEv @ 0x9fa360
CIRCLE: _ZL32mavlink_msg_mission_request_send17mavlink_channel_thhth @ 0x9fa4e0
CIRCLE: _ZL32mavlink_msg_mission_current_send17mavlink_channel_ttthh @ 0x9fa5b0
CIRCLE: _ZNK11GCS_MAVLINK13system_statusEv @ 0x9faa80
CIRCLE: _ZL26mavlink_msg_heartbeat_send17mavlink_channel_thhhjh @ 0x9fab10
CIRCLE: _ZN11GCS_MAVLINK28send_parameter_async_repliesEv @ 0x9fabf0
CIRCLE: _ZN12ObjectBufferIN11GCS_MAVLINK19pending_param_replyEE4peekERS1_ @ 0xb57cb0
CIRCLE: _ZL21mavlink_msg_wind_send17mavlink_channel_tfff @ 0x9fb6d0
CIRCLE: _ZN10AP_Terrain19send_terrain_reportE17mavlink_channel_tRK8Locationb @ 0x9fb780
CIRCLE: _ZL31mavlink_msg_terrain_report_send17mavlink_channel_tiitfftt @ 0x9fb930
CIRCLE: _ZN10AP_Terrain18send_cache_requestE17mavlink_channel_t @ 0x9fba50
CIRCLE: _ZN10AP_Terrain15request_missingE17mavlink_channel_tRKNS_9grid_infoE @ 0x9fbb50
CIRCLE: _ZN10AP_Terrain15request_missingE17mavlink_channel_tRNS_10grid_cacheE @ 0x9fbbe0
CIRCLE: _ZN11GCS_MAVLINK14handle_messageERK17__mavlink_message @ 0xa02a30
CIRCLE: _ZN11GCS_MAVLINK16handle_heartbeatERK17__mavlink_message @ 0xa035b0
CIRCLE: _ZN11GCS_MAVLINK29handle_common_mission_messageERK17__mavlink_message @ 0xa047d0
CIRCLE: _ZN11GCS_MAVLINK19handle_command_longERK17__mavlink_message @ 0xa04920
CIRCLE: _ZN11GCS_MAVLINK26handle_request_data_streamERK17__mavlink_message @ 0xa05f60
CIRCLE: _ZNK3GCS12sysid_is_gcsEh @ 0xa0b5c0
CIRCLE: _ZN11GCS_MAVLINK16sysid_mygcs_seenEj @ 0xa0b860
CIRCLE: _ZN3GCS16sysid_mygcs_seenEj @ 0xb58770
CIRCLE: _ZL38mavlink_msg_request_data_stream_decodePK17__mavlink_messageP31__mavlink_request_data_stream_t @ 0xa0cad0
